Java HotSpot(TM) 64-Bit Server VM (25.65-b01) for windows-amd64 JRE (1.8.0_65-b17), built on Oct  6 2015 16:39:20 by "java_re" with MS VC++ 10.0 (VS2010)
Memory: 4k page, physical 16685676k(13881888k free), swap 19176044k(15566532k free)
CommandLine flags: -XX:InitialHeapSize=266970816 -XX:MaxHeapSize=5368709120 -XX:MaxNewSize=348966912 -XX:MaxTenuringThreshold=6 -XX:OldPLABSize=16 -XX:+PrintGC -XX:+PrintGCApplicationStoppedTime -XX:+PrintGCCause -XX:+PrintGCDateStamps -XX:+PrintGCDetails -XX:+PrintGCTimeStamps -XX:+PrintTenuringDistribution -XX:+UseCompressedClassPointers -XX:+UseCompressedOops -XX:+UseConcMarkSweepGC -XX:-UseLargePagesIndividualAllocation -XX:+UseParNewGC 
2016-06-27T18:36:43.855+0300: 0.203: [GC (Allocation Failure) 2016-06-27T18:36:43.855+0300: 0.203: [ParNew
Desired survivor size 4456448 bytes, new threshold 1 (max 6)
- age   1:    8607008 bytes,    8607008 total
: 69390K->8429K(78656K), 0.0133385 secs] 69390K->62438K(253440K), 0.0136623 secs] [Times: user=0.03 sys=0.03, real=0.02 secs] 
2016-06-27T18:36:43.871+0300: 0.217: Total time for which application threads were stopped: 0.0181146 seconds, Stopping threads took: 0.0042526 seconds
2016-06-27T18:36:43.950+0300: 0.286: [GC (Allocation Failure) 2016-06-27T18:36:43.950+0300: 0.286: [ParNew
Desired survivor size 4456448 bytes, new threshold 1 (max 6)
- age   1:    8196440 bytes,    8196440 total
: 78137K->8312K(78656K), 0.0127167 secs] 132146K->123706K(253440K), 0.0128390 secs] [Times: user=0.03 sys=0.02, real=0.01 secs] 
2016-06-27T18:36:43.963+0300: 0.299: Total time for which application threads were stopped: 0.0138975 seconds, Stopping threads took: 0.0008852 seconds
2016-06-27T18:36:43.963+0300: 0.300: [GC (CMS Initial Mark) [1 CMS-initial-mark: 115394K(174784K)] 124706K(253440K), 0.0001608 secs] [Times: user=0.00 sys=0.00, real=0.00 secs] 
2016-06-27T18:36:43.963+0300: 0.300: Total time for which application threads were stopped: 0.0003579 seconds, Stopping threads took: 0.0000945 seconds
2016-06-27T18:36:43.963+0300: 0.300: [CMS-concurrent-mark-start]
2016-06-27T18:36:44.008+0300: 0.345: [CMS-concurrent-mark: 0.045/0.045 secs] [Times: user=0.16 sys=0.03, real=0.04 secs] 
2016-06-27T18:36:44.008+0300: 0.345: [CMS-concurrent-preclean-start]
2016-06-27T18:36:44.009+0300: 0.346: [CMS-concurrent-preclean: 0.001/0.001 secs] [Times: user=0.00 sys=0.00, real=0.00 secs] 
2016-06-27T18:36:44.009+0300: 0.346: [CMS-concurrent-abortable-preclean-start]
2016-06-27T18:36:44.045+0300: 0.381: [GC (Allocation Failure) 2016-06-27T18:36:44.045+0300: 0.381: [ParNew
Desired survivor size 4456448 bytes, new threshold 1 (max 6)
- age   1:    8196112 bytes,    8196112 total
: 77703K->8078K(78656K), 0.0114543 secs] 193097K->187478K(258460K), 0.0115685 secs] [Times: user=0.02 sys=0.05, real=0.01 secs] 
2016-06-27T18:36:44.056+0300: 0.393: Total time for which application threads were stopped: 0.0128172 seconds, Stopping threads took: 0.0010550 seconds
2016-06-27T18:36:44.123+0300: 0.459: [GC (Allocation Failure) 2016-06-27T18:36:44.123+0300: 0.459: [ParNew
Desired survivor size 4456448 bytes, new threshold 1 (max 6)
- age   1:    8196024 bytes,    8196024 total
: 77381K->8020K(78656K), 0.0125431 secs] 256780K->251424K(322716K), 0.0126684 secs] [Times: user=0.01 sys=0.05, real=0.01 secs] 
2016-06-27T18:36:44.135+0300: 0.472: Total time for which application threads were stopped: 0.0132804 seconds, Stopping threads took: 0.0004011 seconds
2016-06-27T18:36:44.207+0300: 0.543: [GC (Allocation Failure) 2016-06-27T18:36:44.207+0300: 0.543: [ParNew
Desired survivor size 4456448 bytes, new threshold 1 (max 6)
- age   1:    8196160 bytes,    8196160 total
: 77810K->8008K(78656K), 0.0130460 secs] 321214K->316417K(387976K), 0.0131636 secs] [Times: user=0.03 sys=0.03, real=0.01 secs] 
2016-06-27T18:36:44.220+0300: 0.556: Total time for which application threads were stopped: 0.0141904 seconds, Stopping threads took: 0.0008001 seconds
2016-06-27T18:36:44.291+0300: 0.627: [GC (Allocation Failure) 2016-06-27T18:36:44.291+0300: 0.627: [ParNew
Desired survivor size 4456448 bytes, new threshold 1 (max 6)
- age   1:    8196064 bytes,    8196064 total
: 77960K->8008K(78656K), 0.0136015 secs] 386369K->382421K(454240K), 0.0137867 secs] [Times: user=0.03 sys=0.03, real=0.01 secs] 
2016-06-27T18:36:44.305+0300: 0.641: Total time for which application threads were stopped: 0.0147832 seconds, Stopping threads took: 0.0007133 seconds
2016-06-27T18:36:44.382+0300: 0.718: [GC (Allocation Failure) 2016-06-27T18:36:44.382+0300: 0.718: [ParNew
Desired survivor size 4456448 bytes, new threshold 1 (max 6)
- age   1:    8207328 bytes,    8207328 total
: 77469K->8018K(78656K), 0.0126855 secs] 451883K->444437K(515484K), 0.0128121 secs] [Times: user=0.00 sys=0.00, real=0.01 secs] 
2016-06-27T18:36:44.395+0300: 0.731: Total time for which application threads were stopped: 0.0157180 seconds, Stopping threads took: 0.0026181 seconds
2016-06-27T18:36:44.497+0300: 0.833: [GC (Allocation Failure) 2016-06-27T18:36:44.497+0300: 0.833: [ParNew
Desired survivor size 4456448 bytes, new threshold 1 (max 6)
- age   1:    8196512 bytes,    8196512 total
: 77970K->8008K(78656K), 0.0131619 secs] 514389K->505442K(576728K), 0.0133095 secs] [Times: user=0.00 sys=0.06, real=0.01 secs] 
2016-06-27T18:36:44.510+0300: 0.846: Total time for which application threads were stopped: 0.0139390 seconds, Stopping threads took: 0.0003434 seconds
2016-06-27T18:36:44.511+0300: 0.848: [CMS-concurrent-abortable-preclean: 0.007/0.502 secs] [Times: user=1.63 sys=0.25, real=0.50 secs] 
2016-06-27T18:36:44.517+0300: 0.854: [GC (CMS Final Remark) [YG occupancy: 16310 K (78656 K)]2016-06-27T18:36:44.518+0300: 0.854: [Rescan (parallel) , 0.0006479 secs]2016-06-27T18:36:44.518+0300: 0.855: [weak refs processing, 0.0000308 secs]2016-06-27T18:36:44.518+0300: 0.855: [class unloading, 0.0004507 secs]2016-06-27T18:36:44.519+0300: 0.855: [scrub symbol table, 0.0007954 secs]2016-06-27T18:36:44.525+0300: 0.862: [scrub string table, 0.0001360 secs][1 CMS-remark: 497434K(498072K)] 513745K(576728K), 0.0078594 secs] [Times: user=0.00 sys=0.00, real=0.01 secs] 
2016-06-27T18:36:44.525+0300: 0.862: Total time for which application threads were stopped: 0.0081331 seconds, Stopping threads took: 0.0000637 seconds
2016-06-27T18:36:44.604+0300: 0.940: [CMS-concurrent-sweep-start]
2016-06-27T18:36:44.604+0300: 0.941: [CMS-concurrent-sweep: 0.000/0.000 secs] [Times: user=0.00 sys=0.00, real=0.00 secs] 
2016-06-27T18:36:44.605+0300: 0.941: [CMS-concurrent-reset-start]
2016-06-27T18:36:44.610+0300: 0.947: [CMS-concurrent-reset: 0.006/0.006 secs] [Times: user=0.00 sys=0.00, real=0.00 secs] 
2016-06-27T18:36:44.624+0300: 0.961: [GC (Allocation Failure) 2016-06-27T18:36:44.624+0300: 0.961: [ParNew
Desired survivor size 4456448 bytes, new threshold 1 (max 6)
- age   1:    8206040 bytes,    8206040 total
: 77960K->8015K(78656K), 0.0147177 secs] 575393K->569453K(907712K), 0.0148589 secs] [Times: user=0.03 sys=0.03, real=0.01 secs] 
2016-06-27T18:36:44.639+0300: 0.976: Total time for which application threads were stopped: 0.0155251 seconds, Stopping threads took: 0.0003276 seconds
2016-06-27T18:36:44.712+0300: 1.048: [GC (Allocation Failure) 2016-06-27T18:36:44.712+0300: 1.048: [ParNew
Desired survivor size 4456448 bytes, new threshold 1 (max 6)
- age   1:    8205520 bytes,    8205520 total
: 77612K->8017K(78656K), 0.0143307 secs] 639051K->633470K(907712K), 0.0144650 secs] [Times: user=0.05 sys=0.01, real=0.01 secs] 
2016-06-27T18:36:44.726+0300: 1.063: Total time for which application threads were stopped: 0.0154789 seconds, Stopping threads took: 0.0007206 seconds
2016-06-27T18:36:44.799+0300: 1.136: [GC (Allocation Failure) 2016-06-27T18:36:44.799+0300: 1.136: [ParNew
Desired survivor size 4456448 bytes, new threshold 1 (max 6)
- age   1:    8199272 bytes,    8199272 total
: 77046K->8012K(78656K), 0.0173589 secs] 702499K->696479K(907712K), 0.0175005 secs] [Times: user=0.08 sys=0.03, real=0.02 secs] 
2016-06-27T18:36:44.817+0300: 1.154: Total time for which application threads were stopped: 0.0188014 seconds, Stopping threads took: 0.0010076 seconds
2016-06-27T18:36:44.893+0300: 1.229: [GC (Allocation Failure) 2016-06-27T18:36:44.893+0300: 1.230: [ParNew
Desired survivor size 4456448 bytes, new threshold 1 (max 6)
- age   1:    8200152 bytes,    8200152 total
: 77964K->8014K(78656K), 0.0135378 secs] 766431K->760489K(907712K), 0.0136892 secs] [Times: user=0.03 sys=0.03, real=0.01 secs] 
2016-06-27T18:36:44.907+0300: 1.243: Total time for which application threads were stopped: 0.0149140 seconds, Stopping threads took: 0.0009267 seconds
2016-06-27T18:36:44.977+0300: 1.313: [GC (Allocation Failure) 2016-06-27T18:36:44.977+0300: 1.313: [ParNew
Desired survivor size 4456448 bytes, new threshold 1 (max 6)
- age   1:    8197088 bytes,    8197088 total
: 76996K->8008K(78656K), 0.0154777 secs] 829471K->824491K(907712K), 0.0156184 secs] [Times: user=0.06 sys=0.00, real=0.02 secs] 
2016-06-27T18:36:44.992+0300: 1.329: Total time for which application threads were stopped: 0.0166084 seconds, Stopping threads took: 0.0006680 seconds
2016-06-27T18:36:45.064+0300: 1.400: [GC (Allocation Failure) 2016-06-27T18:36:45.064+0300: 1.400: [ParNew
Desired survivor size 4456448 bytes, new threshold 1 (max 6)
- age   1:    8199400 bytes,    8199400 total
: 77834K->8012K(78656K), 0.0179944 secs] 894318K->889501K(960924K), 0.0181479 secs] [Times: user=0.03 sys=0.03, real=0.02 secs] 
2016-06-27T18:36:45.082+0300: 1.419: Total time for which application threads were stopped: 0.0187749 seconds, Stopping threads took: 0.0002784 seconds
2016-06-27T18:36:45.160+0300: 1.497: [GC (Allocation Failure) 2016-06-27T18:36:45.161+0300: 1.497: [ParNew
Desired survivor size 4456448 bytes, new threshold 1 (max 6)
- age   1:    8200232 bytes,    8200232 total
: 77958K->8012K(78656K), 0.0150397 secs] 959447K->953509K(1025180K), 0.0151907 secs] [Times: user=0.02 sys=0.00, real=0.02 secs] 
2016-06-27T18:36:45.176+0300: 1.512: Total time for which application threads were stopped: 0.0207609 seconds, Stopping threads took: 0.0052341 seconds
2016-06-27T18:36:45.253+0300: 1.589: [GC (Allocation Failure) 2016-06-27T18:36:45.253+0300: 1.589: [ParNew
Desired survivor size 4456448 bytes, new threshold 1 (max 6)
- age   1:    8197880 bytes,    8197880 total
: 77372K->8008K(78656K), 0.0142075 secs] 1022870K->1017514K(1089436K), 0.0143440 secs] [Times: user=0.03 sys=0.03, real=0.01 secs] 
2016-06-27T18:36:45.267+0300: 1.604: Total time for which application threads were stopped: 0.0185863 seconds, Stopping threads took: 0.0038831 seconds
2016-06-27T18:36:45.360+0300: 1.696: [GC (Allocation Failure) 2016-06-27T18:36:45.360+0300: 1.696: [ParNew
Desired survivor size 4456448 bytes, new threshold 1 (max 6)
- age   1:    8200600 bytes,    8200600 total
: 77960K->8010K(78656K), 0.0147964 secs] 1087466K->1082522K(1153692K), 0.0149213 secs] [Times: user=0.05 sys=0.02, real=0.02 secs] 
2016-06-27T18:36:45.375+0300: 1.711: Total time for which application threads were stopped: 0.0201605 seconds, Stopping threads took: 0.0049039 seconds
2016-06-27T18:36:45.447+0300: 1.784: [GC (Allocation Failure) 2016-06-27T18:36:45.447+0300: 1.784: [ParNew
Desired survivor size 4456448 bytes, new threshold 1 (max 6)
- age   1:    8202088 bytes,    8202088 total
: 77062K->8012K(78656K), 0.0146882 secs] 1151575K->1145534K(1216944K), 0.0148225 secs] [Times: user=0.00 sys=0.05, real=0.01 secs] 
2016-06-27T18:36:45.462+0300: 1.799: Total time for which application threads were stopped: 0.0167769 seconds, Stopping threads took: 0.0015969 seconds
2016-06-27T18:36:45.541+0300: 1.877: [GC (Allocation Failure) 2016-06-27T18:36:45.541+0300: 1.877: [ParNew
Desired survivor size 4456448 bytes, new threshold 1 (max 6)
- age   1:    8204120 bytes,    8204120 total
: 77130K->8016K(78656K), 0.0144838 secs] 1214652K->1209549K(1281200K), 0.0146091 secs] [Times: user=0.03 sys=0.02, real=0.01 secs] 
2016-06-27T18:36:45.556+0300: 1.892: Total time for which application threads were stopped: 0.0186804 seconds, Stopping threads took: 0.0037146 seconds
2016-06-27T18:36:45.634+0300: 1.970: [GC (Allocation Failure) 2016-06-27T18:36:45.634+0300: 1.970: [ParNew
Desired survivor size 4456448 bytes, new threshold 1 (max 6)
- age   1:    8199344 bytes,    8199344 total
: 77203K->8014K(78656K), 0.0149123 secs] 1278735K->1274559K(1346460K), 0.0150372 secs] [Times: user=0.02 sys=0.05, real=0.01 secs] 
2016-06-27T18:36:45.649+0300: 1.985: Total time for which application threads were stopped: 0.0209354 seconds, Stopping threads took: 0.0055723 seconds
2016-06-27T18:36:45.731+0300: 2.068: [GC (Allocation Failure) 2016-06-27T18:36:45.731+0300: 2.068: [ParNew
Desired survivor size 4456448 bytes, new threshold 1 (max 6)
- age   1:    8198672 bytes,    8198672 total
: 77966K->8010K(78656K), 0.0144462 secs] 1344511K->1340563K(1412724K), 0.0145792 secs] [Times: user=0.02 sys=0.05, real=0.02 secs] 
2016-06-27T18:36:45.746+0300: 2.082: Total time for which application threads were stopped: 0.0161431 seconds, Stopping threads took: 0.0012103 seconds
2016-06-27T18:36:45.823+0300: 2.160: [GC (Allocation Failure) 2016-06-27T18:36:45.823+0300: 2.160: [ParNew
Desired survivor size 4456448 bytes, new threshold 1 (max 6)
- age   1:    8203280 bytes,    8203280 total
: 77742K->8014K(78656K), 0.0145668 secs] 1410295K->1406575K(1478988K), 0.0146891 secs] [Times: user=0.02 sys=0.05, real=0.02 secs] 
2016-06-27T18:36:45.838+0300: 2.174: Total time for which application threads were stopped: 0.0176502 seconds, Stopping threads took: 0.0026292 seconds
2016-06-27T18:36:45.918+0300: 2.254: [GC (CMS Initial Mark) [1 CMS-initial-mark: 1398560K(1400332K)] 1474841K(1478988K), 0.0063139 secs] [Times: user=0.00 sys=0.00, real=0.01 secs] 
2016-06-27T18:36:45.924+0300: 2.261: Total time for which application threads were stopped: 0.0189143 seconds, Stopping threads took: 0.0122810 seconds
2016-06-27T18:36:45.924+0300: 2.261: [CMS-concurrent-mark-start]
2016-06-27T18:36:45.950+0300: 2.286: [CMS-concurrent-mark: 0.025/0.025 secs] [Times: user=0.13 sys=0.00, real=0.03 secs] 
2016-06-27T18:36:45.950+0300: 2.286: [CMS-concurrent-preclean-start]
2016-06-27T18:36:45.953+0300: 2.289: [CMS-concurrent-preclean: 0.003/0.003 secs] [Times: user=0.00 sys=0.00, real=0.00 secs] 
2016-06-27T18:36:45.953+0300: 2.289: [CMS-concurrent-abortable-preclean-start]
2016-06-27T18:36:45.965+0300: 2.301: [GC (Allocation Failure) 2016-06-27T18:36:45.965+0300: 2.301: [ParNew
Desired survivor size 4456448 bytes, new threshold 1 (max 6)
- age   1:    8247168 bytes,    8247168 total
: 77966K->8058K(78656K), 0.0147776 secs] 1476527K->1471631K(1544248K), 0.0149320 secs] [Times: user=0.02 sys=0.05, real=0.02 secs] 
2016-06-27T18:36:45.980+0300: 2.316: Total time for which application threads were stopped: 0.0156273 seconds, Stopping threads took: 0.0003024 seconds
2016-06-27T18:36:46.056+0300: 2.393: [GC (Allocation Failure) 2016-06-27T18:36:46.056+0300: 2.393: [ParNew
Desired survivor size 4456448 bytes, new threshold 1 (max 6)
- age   1:    8199320 bytes,    8199320 total
: 77279K->8018K(78656K), 0.0144329 secs] 1540851K->1537647K(1610512K), 0.0145941 secs] [Times: user=0.05 sys=0.01, real=0.02 secs] 
2016-06-27T18:36:46.071+0300: 2.407: Total time for which application threads were stopped: 0.0161311 seconds, Stopping threads took: 0.0011367 seconds
2016-06-27T18:36:46.143+0300: 2.480: [GC (Allocation Failure) 2016-06-27T18:36:46.143+0300: 2.480: [ParNew
Desired survivor size 4456448 bytes, new threshold 1 (max 6)
- age   1:    8197264 bytes,    8197264 total
: 76978K->8008K(78656K), 0.0147481 secs] 1606606K->1603645K(1676776K), 0.0149029 secs] [Times: user=0.06 sys=0.00, real=0.02 secs] 
2016-06-27T18:36:46.158+0300: 2.495: Total time for which application threads were stopped: 0.0172670 seconds, Stopping threads took: 0.0019458 seconds
2016-06-27T18:36:46.236+0300: 2.573: [GC (Allocation Failure) 2016-06-27T18:36:46.236+0300: 2.573: [ParNew
Desired survivor size 4456448 bytes, new threshold 1 (max 6)
- age   1:    8198352 bytes,    8198352 total
: 77268K->8010K(78656K), 0.0248202 secs] 1672905K->1669653K(1743040K), 0.0250020 secs] [Times: user=0.06 sys=0.05, real=0.02 secs] 
2016-06-27T18:36:46.261+0300: 2.598: Total time for which application threads were stopped: 0.0272621 seconds, Stopping threads took: 0.0017624 seconds
2016-06-27T18:36:46.340+0300: 2.677: [GC (Allocation Failure) 2016-06-27T18:36:46.340+0300: 2.677: [ParNew
Desired survivor size 4456448 bytes, new threshold 1 (max 6)
- age   1:    8199032 bytes,    8199032 total
: 77215K->8010K(78656K), 0.0148931 secs] 1738857K->1735659K(1809304K), 0.0150688 secs] [Times: user=0.05 sys=0.02, real=0.02 secs] 
2016-06-27T18:36:46.356+0300: 2.692: Total time for which application threads were stopped: 0.0205591 seconds, Stopping threads took: 0.0050190 seconds
2016-06-27T18:36:46.431+0300: 2.767: [GC (Allocation Failure) 2016-06-27T18:36:46.431+0300: 2.767: [ParNew
Desired survivor size 4456448 bytes, new threshold 1 (max 6)
- age   1:    8198128 bytes,    8198128 total
: 76969K->8010K(78656K), 0.0148623 secs] 1804619K->1800667K(1874564K), 0.0150158 secs] [Times: user=0.02 sys=0.05, real=0.02 secs] 
2016-06-27T18:36:46.446+0300: 2.782: Total time for which application threads were stopped: 0.0168312 seconds, Stopping threads took: 0.0013689 seconds
2016-06-27T18:36:46.521+0300: 2.857: [GC (Allocation Failure) 2016-06-27T18:36:46.521+0300: 2.857: [ParNew
Desired survivor size 4456448 bytes, new threshold 1 (max 6)
- age   1:    8199096 bytes,    8199096 total
: 77940K->8012K(78656K), 0.0149966 secs] 1870598K->1867676K(1941832K), 0.0151321 secs] [Times: user=0.05 sys=0.00, real=0.02 secs] 
2016-06-27T18:36:46.536+0300: 2.872: Total time for which application threads were stopped: 0.0159425 seconds, Stopping threads took: 0.0004127 seconds
2016-06-27T18:36:46.629+0300: 2.966: [GC (Allocation Failure) 2016-06-27T18:36:46.629+0300: 2.966: [ParNew2016-06-27T18:36:46.644+0300: 2.980: [CMS-concurrent-abortable-preclean: 0.054/0.691 secs] [Times: user=2.41 sys=0.22, real=0.69 secs] 

Desired survivor size 4456448 bytes, new threshold 1 (max 6)
- age   1:    8197968 bytes,    8197968 total
: 77964K->8010K(78656K), 0.0149097 secs] 1937628K->1932682K(2007092K), 0.0150616 secs] [Times: user=0.02 sys=0.05, real=0.02 secs] 
2016-06-27T18:36:46.644+0300: 2.981: Total time for which application threads were stopped: 0.0166755 seconds, Stopping threads took: 0.0011799 seconds
2016-06-27T18:36:46.646+0300: 2.982: [GC (CMS Final Remark) [YG occupancy: 10181 K (78656 K)]2016-06-27T18:36:46.646+0300: 2.982: [Rescan (parallel) , 0.0018269 secs]2016-06-27T18:36:46.648+0300: 2.984: [weak refs processing, 0.0000218 secs]2016-06-27T18:36:46.648+0300: 2.984: [class unloading, 0.0007796 secs]2016-06-27T18:36:46.649+0300: 2.985: [scrub symbol table, 0.0005944 secs]2016-06-27T18:36:46.649+0300: 2.986: [scrub string table, 0.0001527 secs][1 CMS-remark: 1924672K(1928436K)] 1934853K(2007092K), 0.0035760 secs] [Times: user=0.00 sys=0.00, real=0.00 secs] 
2016-06-27T18:36:46.649+0300: 2.986: Total time for which application threads were stopped: 0.0040721 seconds, Stopping threads took: 0.0000791 seconds
2016-06-27T18:36:46.751+0300: 3.087: [CMS-concurrent-sweep-start]
2016-06-27T18:36:46.752+0300: 3.088: [CMS-concurrent-sweep: 0.001/0.001 secs] [Times: user=0.00 sys=0.00, real=0.00 secs] 
2016-06-27T18:36:46.754+0300: 3.090: [CMS-concurrent-reset-start]
2016-06-27T18:36:46.756+0300: 3.093: [GC (Allocation Failure) 2016-06-27T18:36:46.756+0300: 3.093: [ParNew
Desired survivor size 4456448 bytes, new threshold 1 (max 6)
- age   1:    8200976 bytes,    8200976 total
: 77962K->8012K(78656K), 0.0133462 secs] 1717584K->1714641K(2811364K), 0.0135045 secs] [Times: user=0.00 sys=0.00, real=0.01 secs] 
2016-06-27T18:36:46.770+0300: 3.106: Total time for which application threads were stopped: 0.0150628 seconds, Stopping threads took: 0.0011119 seconds
2016-06-27T18:36:46.775+0300: 3.111: [CMS-concurrent-reset: 0.006/0.021 secs] [Times: user=0.13 sys=0.00, real=0.02 secs] 
2016-06-27T18:36:46.845+0300: 3.182: [GC (Allocation Failure) 2016-06-27T18:36:46.845+0300: 3.182: [ParNew
Desired survivor size 4456448 bytes, new threshold 1 (max 6)
- age   1:    8200192 bytes,    8200192 total
: 77268K->8012K(78656K), 0.0119508 secs] 1783898K->1780651K(2811364K), 0.0121167 secs] [Times: user=0.06 sys=0.00, real=0.01 secs] 
2016-06-27T18:36:46.858+0300: 3.194: Total time for which application threads were stopped: 0.0137722 seconds, Stopping threads took: 0.0011957 seconds
2016-06-27T18:36:46.934+0300: 3.271: [GC (Allocation Failure) 2016-06-27T18:36:46.935+0300: 3.271: [ParNew
Desired survivor size 4456448 bytes, new threshold 1 (max 6)
- age   1:    8204072 bytes,    8204072 total
: 77963K->8016K(78656K), 0.0128331 secs] 1850602K->1847664K(2811364K), 0.0129844 secs] [Times: user=0.06 sys=0.00, real=0.01 secs] 
2016-06-27T18:36:46.948+0300: 3.284: Total time for which application threads were stopped: 0.0139950 seconds, Stopping threads took: 0.0005483 seconds
2016-06-27T18:36:47.025+0300: 3.361: [GC (Allocation Failure) 2016-06-27T18:36:47.025+0300: 3.361: [ParNew
Desired survivor size 4456448 bytes, new threshold 1 (max 6)
- age   1:    8200384 bytes,    8200384 total
: 77115K->8016K(78656K), 0.0116433 secs] 1916763K->1914676K(2811364K), 0.0118105 secs] [Times: user=0.06 sys=0.00, real=0.01 secs] 
2016-06-27T18:36:47.037+0300: 3.373: Total time for which application threads were stopped: 0.0129485 seconds, Stopping threads took: 0.0006312 seconds
2016-06-27T18:36:47.114+0300: 3.450: [GC (Allocation Failure) 2016-06-27T18:36:47.114+0300: 3.450: [ParNew
Desired survivor size 4456448 bytes, new threshold 1 (max 6)
- age   1:    8200568 bytes,    8200568 total
: 77913K->8012K(78656K), 0.0170091 secs] 1984573K->1982681K(2811364K), 0.0171596 secs] [Times: user=0.11 sys=0.02, real=0.02 secs] 
2016-06-27T18:36:47.131+0300: 3.467: Total time for which application threads were stopped: 0.0196328 seconds, Stopping threads took: 0.0020373 seconds
2016-06-27T18:36:47.131+0300: 3.468: [GC (CMS Initial Mark) [1 CMS-initial-mark: 1974669K(2732708K)] 1984790K(2811364K), 0.0003152 secs] [Times: user=0.00 sys=0.00, real=0.00 secs] 
2016-06-27T18:36:47.132+0300: 3.468: Total time for which application threads were stopped: 0.0009019 seconds, Stopping threads took: 0.0001924 seconds
2016-06-27T18:36:47.132+0300: 3.468: [CMS-concurrent-mark-start]
2016-06-27T18:36:47.159+0300: 3.495: [CMS-concurrent-mark: 0.027/0.027 secs] [Times: user=0.06 sys=0.00, real=0.03 secs] 
2016-06-27T18:36:47.159+0300: 3.495: [CMS-concurrent-preclean-start]
2016-06-27T18:36:47.164+0300: 3.501: [CMS-concurrent-preclean: 0.006/0.006 secs] [Times: user=0.06 sys=0.00, real=0.01 secs] 
2016-06-27T18:36:47.164+0300: 3.501: [CMS-concurrent-abortable-preclean-start]
2016-06-27T18:36:47.229+0300: 3.566: [GC (Allocation Failure) 2016-06-27T18:36:47.229+0300: 3.566: [ParNew
Desired survivor size 4456448 bytes, new threshold 1 (max 6)
- age   1:    8274096 bytes,    8274096 total
: 77964K->8085K(78656K), 0.0193210 secs] 2052633K->2047764K(2811364K), 0.0194690 secs] [Times: user=0.06 sys=0.00, real=0.02 secs] 
2016-06-27T18:36:47.249+0300: 3.585: Total time for which application threads were stopped: 0.0204620 seconds, Stopping threads took: 0.0005354 seconds
2016-06-27T18:36:47.332+0300: 3.668: [GC (Allocation Failure) 2016-06-27T18:36:47.338+0300: 3.675: [ParNew
Desired survivor size 4456448 bytes, new threshold 1 (max 6)
- age   1:    8199368 bytes,    8199368 total
: 77331K->8057K(78656K), 0.0205458 secs] 2117010K->2114817K(2811364K), 0.0267780 secs] [Times: user=0.03 sys=0.03, real=0.03 secs] 
2016-06-27T18:36:47.359+0300: 3.695: Total time for which application threads were stopped: 0.0278454 seconds, Stopping threads took: 0.0006009 seconds
2016-06-27T18:36:47.439+0300: 3.775: [GC (Allocation Failure) 2016-06-27T18:36:47.439+0300: 3.775: [ParNew
Desired survivor size 4456448 bytes, new threshold 1 (max 6)
- age   1:    8202976 bytes,    8202976 total
: 77391K->8019K(78656K), 0.0218784 secs] 2184152K->2181788K(2811364K), 0.0220293 secs] [Times: user=0.09 sys=0.03, real=0.02 secs] 
2016-06-27T18:36:47.461+0300: 3.797: Total time for which application threads were stopped: 0.0229770 seconds, Stopping threads took: 0.0004871 seconds
2016-06-27T18:36:47.540+0300: 3.876: [GC (Allocation Failure) 2016-06-27T18:36:47.540+0300: 3.876: [ParNew
Desired survivor size 4456448 bytes, new threshold 1 (max 6)
- age   1:    8200232 bytes,    8200232 total
: 77349K->8012K(78656K), 0.0176814 secs] 2251117K->2248792K(2811364K), 0.0178358 secs] [Times: user=0.05 sys=0.02, real=0.02 secs] 
2016-06-27T18:36:47.558+0300: 3.894: Total time for which application threads were stopped: 0.0193826 seconds, Stopping threads took: 0.0010653 seconds
2016-06-27T18:36:47.648+0300: 3.984: [GC (Allocation Failure) 2016-06-27T18:36:47.648+0300: 3.984: [ParNew
Desired survivor size 4456448 bytes, new threshold 1 (max 6)
- age   1:    8200456 bytes,    8200456 total
: 77728K->8012K(78656K), 0.0179495 secs] 2318509K->2316801K(2811364K), 0.0181077 secs] [Times: user=0.03 sys=0.03, real=0.02 secs] 
2016-06-27T18:36:47.666+0300: 4.002: Total time for which application threads were stopped: 0.0193056 seconds, Stopping threads took: 0.0007480 seconds
2016-06-27T18:36:47.774+0300: 4.110: Total time for which application threads were stopped: 0.0028482 seconds, Stopping threads took: 0.0024872 seconds
2016-06-27T18:36:47.797+0300: 4.133: [GC (Allocation Failure) 2016-06-27T18:36:47.797+0300: 4.133: [ParNew
Desired survivor size 4456448 bytes, new threshold 1 (max 6)
- age   1:    8202272 bytes,    8202272 total
: 77964K->8014K(78656K), 0.0173063 secs] 2386753K->2383811K(2811364K), 0.0174898 secs] [Times: user=0.06 sys=0.00, real=0.02 secs] 
2016-06-27T18:36:47.814+0300: 4.151: Total time for which application threads were stopped: 0.0180329 seconds, Stopping threads took: 0.0000830 seconds
2016-06-27T18:36:47.815+0300: 4.151: [CMS-concurrent-abortable-preclean: 0.069/0.650 secs] [Times: user=2.31 sys=0.13, real=0.65 secs] 
2016-06-27T18:36:47.888+0300: 4.224: [GC (Allocation Failure) 2016-06-27T18:36:47.888+0300: 4.224: [ParNew
Desired survivor size 4456448 bytes, new threshold 1 (max 6)
- age   1:    8198144 bytes,    8198144 total
: 77263K->8012K(78656K), 0.0222308 secs] 2453061K->2450819K(2811364K), 0.0224270 secs] [Times: user=0.05 sys=0.03, real=0.02 secs] 
2016-06-27T18:36:47.911+0300: 4.247: Total time for which application threads were stopped: 0.0243981 seconds, Stopping threads took: 0.0015148 seconds
2016-06-27T18:36:47.988+0300: 4.325: [GC (Allocation Failure) 2016-06-27T18:36:47.989+0300: 4.325: [ParNew
Desired survivor size 4456448 bytes, new threshold 1 (max 6)
- age   1:    8202960 bytes,    8202960 total
: 77747K->8014K(78656K), 0.0186102 secs] 2520555K->2518828K(2811364K), 0.0187689 secs] [Times: user=0.06 sys=0.06, real=0.02 secs] 
2016-06-27T18:36:48.007+0300: 4.344: Total time for which application threads were stopped: 0.0207541 seconds, Stopping threads took: 0.0015374 seconds
2016-06-27T18:36:48.080+0300: 4.416: [GC (Allocation Failure) 2016-06-27T18:36:48.080+0300: 4.416: [ParNew
Desired survivor size 4456448 bytes, new threshold 1 (max 6)
- age   1:    8199256 bytes,    8199256 total
: 77238K->8009K(78656K), 0.0181843 secs] 2588052K->2586835K(2811364K), 0.0183408 secs] [Times: user=0.06 sys=0.00, real=0.02 secs] 
2016-06-27T18:36:48.098+0300: 4.434: Total time for which application threads were stopped: 0.0194159 seconds, Stopping threads took: 0.0006222 seconds
2016-06-27T18:36:48.171+0300: 4.508: [GC (Allocation Failure) 2016-06-27T18:36:48.171+0300: 4.508: [ParNew
Desired survivor size 4456448 bytes, new threshold 1 (max 6)
- age   1:    8198120 bytes,    8198120 total
: 77273K->8008K(78656K), 0.0183990 secs] 2656099K->2654842K(2811364K), 0.0185546 secs] [Times: user=0.06 sys=0.00, real=0.02 secs] 
2016-06-27T18:36:48.190+0300: 4.526: Total time for which application threads were stopped: 0.0195810 seconds, Stopping threads took: 0.0005542 seconds
2016-06-27T18:36:48.277+0300: 4.614: [GC (Allocation Failure) 2016-06-27T18:36:48.277+0300: 4.614: [ParNew
Desired survivor size 4456448 bytes, new threshold 1 (max 6)
- age   1:    8199256 bytes,    8199256 total
: 77583K->8008K(78656K), 0.0188925 secs] 2724417K->2722849K(2811364K), 0.0190712 secs] [Times: user=0.05 sys=0.02, real=0.02 secs] 
2016-06-27T18:36:48.296+0300: 4.633: Total time for which application threads were stopped: 0.0241064 seconds, Stopping threads took: 0.0045507 seconds
2016-06-27T18:36:48.404+0300: 4.740: [GC (Allocation Failure) 2016-06-27T18:36:48.404+0300: 4.740: [ParNew
Desired survivor size 4456448 bytes, new threshold 1 (max 6)
- age   1:    8545456 bytes,    8545456 total
: 77870K->8357K(78656K), 0.0165956 secs] 2792711K->2790206K(2864576K), 0.0167491 secs] [Times: user=0.03 sys=0.03, real=0.02 secs] 
2016-06-27T18:36:48.421+0300: 4.757: Total time for which application threads were stopped: 0.0187655 seconds, Stopping threads took: 0.0015242 seconds
2016-06-27T18:36:48.497+0300: 4.833: [GC (Allocation Failure) 2016-06-27T18:36:48.497+0300: 4.833: [ParNew
Desired survivor size 4456448 bytes, new threshold 1 (max 6)
- age   1:    8201208 bytes,    8201208 total
: 77629K->8260K(78656K), 0.0177601 secs] 2859477K->2858495K(2932848K), 0.0179055 secs] [Times: user=0.05 sys=0.02, real=0.02 secs] 
2016-06-27T18:36:48.515+0300: 4.851: Total time for which application threads were stopped: 0.0201374 seconds, Stopping threads took: 0.0017739 seconds
2016-06-27T18:36:48.589+0300: 4.925: [GC (Allocation Failure) 2016-06-27T18:36:48.589+0300: 4.925: [ParNew
Desired survivor size 4456448 bytes, new threshold 1 (max 6)
- age   1:    8197384 bytes,    8197384 total
: 77852K->8066K(78656K), 0.0168761 secs] 2928087K->2926312K(3000116K), 0.0170292 secs] [Times: user=0.02 sys=0.05, real=0.02 secs] 
2016-06-27T18:36:48.606+0300: 4.942: Total time for which application threads were stopped: 0.0200074 seconds, Stopping threads took: 0.0024966 seconds
2016-06-27T18:36:48.676+0300: 5.013: [GC (Allocation Failure) 2016-06-27T18:36:48.681+0300: 5.018: [ParNew
Desired survivor size 4456448 bytes, new threshold 1 (max 6)
- age   1:    8198312 bytes,    8198312 total
: 77498K->8017K(78656K), 0.0171464 secs] 2995744K->2994268K(3068388K), 0.0223620 secs] [Times: user=0.05 sys=0.02, real=0.02 secs] 
2016-06-27T18:36:48.699+0300: 5.035: Total time for which application threads were stopped: 0.0240269 seconds, Stopping threads took: 0.0011885 seconds
2016-06-27T18:36:48.826+0300: 5.162: [GC (Allocation Failure) 2016-06-27T18:36:48.826+0300: 5.162: [ParNew
Desired survivor size 4456448 bytes, new threshold 1 (max 6)
- age   1:    8201808 bytes,    8201808 total
: 77969K->8014K(78656K), 0.0170963 secs] 3064220K->3062272K(3136660K), 0.0172760 secs] [Times: user=0.05 sys=0.02, real=0.02 secs] 
2016-06-27T18:36:48.843+0300: 5.179: Total time for which application threads were stopped: 0.0194031 seconds, Stopping threads took: 0.0016375 seconds
2016-06-27T18:36:48.918+0300: 5.254: [GC (Allocation Failure) 2016-06-27T18:36:48.918+0300: 5.254: [ParNew
Desired survivor size 4456448 bytes, new threshold 1 (max 6)
- age   1:    8197488 bytes,    8197488 total
: 77219K->8008K(78656K), 0.0173516 secs] 3131478K->3130277K(3204932K), 0.0175129 secs] [Times: user=0.03 sys=0.03, real=0.02 secs] 
2016-06-27T18:36:48.935+0300: 5.272: Total time for which application threads were stopped: 0.0191555 seconds, Stopping threads took: 0.0011530 seconds
2016-06-27T18:36:49.010+0300: 5.346: [GC (Allocation Failure) 2016-06-27T18:36:49.010+0300: 5.346: [ParNew
Desired survivor size 4456448 bytes, new threshold 1 (max 6)
- age   1:    8197072 bytes,    8197072 total
: 77113K->8008K(78656K), 0.0172507 secs] 3199382K->3198283K(3273204K), 0.0174261 secs] [Times: user=0.02 sys=0.05, real=0.02 secs] 
2016-06-27T18:36:49.027+0300: 5.364: Total time for which application threads were stopped: 0.0209315 seconds, Stopping threads took: 0.0030013 seconds
2016-06-27T18:36:49.107+0300: 5.443: [GC (Allocation Failure) 2016-06-27T18:36:49.107+0300: 5.443: [ParNew
Desired survivor size 4456448 bytes, new threshold 1 (max 6)
- age   1:    8200128 bytes,    8200128 total
: 77211K->8012K(78656K), 0.0170951 secs] 3267486K->3266292K(3341476K), 0.0172417 secs] [Times: user=0.06 sys=0.00, real=0.02 secs] 
2016-06-27T18:36:49.124+0300: 5.460: Total time for which application threads were stopped: 0.0210620 seconds, Stopping threads took: 0.0032549 seconds
2016-06-27T18:36:49.200+0300: 5.536: [GC (Allocation Failure) 2016-06-27T18:36:49.200+0300: 5.536: [ParNew
Desired survivor size 4456448 bytes, new threshold 1 (max 6)
- age   1:    8201176 bytes,    8201176 total
: 77926K->8014K(78656K), 0.0177498 secs] 3336207K->3334303K(3409748K), 0.0178909 secs] [Times: user=0.06 sys=0.00, real=0.02 secs] 
2016-06-27T18:36:49.218+0300: 5.554: Total time for which application threads were stopped: 0.0195045 seconds, Stopping threads took: 0.0011098 seconds
2016-06-27T18:36:49.307+0300: 5.643: [GC (Allocation Failure) 2016-06-27T18:36:49.307+0300: 5.643: [ParNew
Desired survivor size 4456448 bytes, new threshold 1 (max 6)
- age   1:    8201240 bytes,    8201240 total
: 77361K->8014K(78656K), 0.0177579 secs] 3403650K->3402314K(3478020K), 0.0179110 secs] [Times: user=0.02 sys=0.05, real=0.02 secs] 
2016-06-27T18:36:49.325+0300: 5.661: Total time for which application threads were stopped: 0.0199988 seconds, Stopping threads took: 0.0015733 seconds
2016-06-27T18:36:49.403+0300: 5.739: [GC (Allocation Failure) 2016-06-27T18:36:49.403+0300: 5.739: [ParNew
Desired survivor size 4456448 bytes, new threshold 1 (max 6)
- age   1:    8200216 bytes,    8200216 total
: 77271K->8011K(78656K), 0.0176715 secs] 3471570K->3470320K(3546292K), 0.0178225 secs] [Times: user=0.06 sys=0.00, real=0.02 secs] 
2016-06-27T18:36:49.421+0300: 5.757: Total time for which application threads were stopped: 0.0208960 seconds, Stopping threads took: 0.0025664 seconds
2016-06-27T18:36:49.500+0300: 5.836: [GC (Allocation Failure) 2016-06-27T18:36:49.500+0300: 5.836: [ParNew
Desired survivor size 4456448 bytes, new threshold 1 (max 6)
- age   1:    8202104 bytes,    8202104 total
: 77376K->8014K(78656K), 0.0177459 secs] 3539685K->3538332K(3614564K), 0.0179025 secs] [Times: user=0.06 sys=0.00, real=0.02 secs] 
2016-06-27T18:36:49.518+0300: 5.854: Total time for which application threads were stopped: 0.0208871 seconds, Stopping threads took: 0.0024680 seconds
2016-06-27T18:36:49.599+0300: 5.936: [GC (Allocation Failure) 2016-06-27T18:36:49.599+0300: 5.936: [ParNew
Desired survivor size 4456448 bytes, new threshold 1 (max 6)
- age   1:    8197584 bytes,    8197584 total
: 77195K->8009K(78656K), 0.0178926 secs] 3607513K->3606338K(3682836K), 0.0180932 secs] [Times: user=0.03 sys=0.03, real=0.02 secs] 
2016-06-27T18:36:49.618+0300: 5.954: Total time for which application threads were stopped: 0.0196499 seconds, Stopping threads took: 0.0010289 seconds
2016-06-27T18:36:49.693+0300: 6.029: [GC (Allocation Failure) 2016-06-27T18:36:49.693+0300: 6.029: [ParNew
Desired survivor size 4456448 bytes, new threshold 1 (max 6)
- age   1:    8199176 bytes,    8199176 total
: 77104K->8010K(78656K), 0.0177562 secs] 3675433K->3674345K(3751108K), 0.0179127 secs] [Times: user=0.02 sys=0.05, real=0.02 secs] 
2016-06-27T18:36:49.711+0300: 6.047: Total time for which application threads were stopped: 0.0201194 seconds, Stopping threads took: 0.0016914 seconds
2016-06-27T18:36:49.829+0300: 6.166: [GC (Allocation Failure) 2016-06-27T18:36:49.829+0300: 6.166: [ParNew
Desired survivor size 4456448 bytes, new threshold 1 (max 6)
- age   1:    8199744 bytes,    8199744 total
: 77962K->8010K(78656K), 0.0177716 secs] 3744297K->3742353K(3819380K), 0.0179209 secs] [Times: user=0.06 sys=0.00, real=0.02 secs] 
2016-06-27T18:36:49.847+0300: 6.184: Total time for which application threads were stopped: 0.0197380 seconds, Stopping threads took: 0.0013061 seconds
2016-06-27T18:36:49.929+0300: 6.266: [GC (Allocation Failure) 2016-06-27T18:36:49.929+0300: 6.266: [ParNew
Desired survivor size 4456448 bytes, new threshold 1 (max 6)
- age   1:    8199544 bytes,    8199544 total
: 77164K->8010K(78656K), 0.0180239 secs] 3811507K->3810361K(3887652K), 0.0181830 secs] [Times: user=0.01 sys=0.05, real=0.02 secs] 
2016-06-27T18:36:49.947+0300: 6.284: Total time for which application threads were stopped: 0.0228295 seconds, Stopping threads took: 0.0040922 seconds
2016-06-27T18:36:50.022+0300: 6.358: [GC (Allocation Failure) 2016-06-27T18:36:50.022+0300: 6.358: [ParNew
Desired survivor size 4456448 bytes, new threshold 1 (max 6)
- age   1:    8198544 bytes,    8198544 total
: 76968K->8008K(78656K), 0.0182677 secs] 3879320K->3878368K(3955924K), 0.0184392 secs] [Times: user=0.05 sys=0.01, real=0.02 secs] 
2016-06-27T18:36:50.040+0300: 6.377: Total time for which application threads were stopped: 0.0209593 seconds, Stopping threads took: 0.0019625 seconds
2016-06-27T18:36:50.117+0300: 6.454: [GC (Allocation Failure) 2016-06-27T18:36:50.117+0300: 6.454: [ParNew
Desired survivor size 4456448 bytes, new threshold 1 (max 6)
- age   1:    8202752 bytes,    8202752 total
: 77620K->8016K(78656K), 0.0183126 secs] 3947980K->3946383K(4024196K), 0.0184653 secs] [Times: user=0.03 sys=0.03, real=0.02 secs] 
2016-06-27T18:36:50.136+0300: 6.472: Total time for which application threads were stopped: 0.0218091 seconds, Stopping threads took: 0.0028114 seconds
2016-06-27T18:36:50.230+0300: 6.567: [GC (Allocation Failure) 2016-06-27T18:36:50.230+0300: 6.567: [ParNew
Desired survivor size 4456448 bytes, new threshold 1 (max 6)
- age   1:    8201448 bytes,    8201448 total
: 77968K->8014K(78656K), 0.0210654 secs] 4016335K->4014392K(4092468K), 0.0212223 secs] [Times: user=0.02 sys=0.05, real=0.02 secs] 
2016-06-27T18:36:50.251+0300: 6.588: Total time for which application threads were stopped: 0.0229159 seconds, Stopping threads took: 0.0011487 seconds
2016-06-27T18:36:50.345+0300: 6.681: [GC (Allocation Failure) 2016-06-27T18:36:50.345+0300: 6.681: [ParNew
Desired survivor size 4456448 bytes, new threshold 1 (max 6)
- age   1:    8199104 bytes,    8199104 total
: 77122K->8009K(78656K), 0.0199980 secs] 4083500K->4082398K(4160740K), 0.0201498 secs] [Times: user=0.08 sys=0.03, real=0.02 secs] 
2016-06-27T18:36:50.365+0300: 6.702: Total time for which application threads were stopped: 0.0241325 seconds, Stopping threads took: 0.0034306 seconds
2016-06-27T18:36:50.442+0300: 6.778: [GC (Allocation Failure) 2016-06-27T18:36:50.442+0300: 6.778: [ParNew
Desired survivor size 4456448 bytes, new threshold 1 (max 6)
- age   1:    8198600 bytes,    8198600 total
: 77058K->8010K(78656K), 0.0189186 secs] 4151447K->4150406K(4229012K), 0.0190768 secs] [Times: user=0.05 sys=0.06, real=0.02 secs] 
2016-06-27T18:36:50.461+0300: 6.797: Total time for which application threads were stopped: 0.0222898 seconds, Stopping threads took: 0.0026472 seconds
2016-06-27T18:36:50.555+0300: 6.892: [GC (Allocation Failure) 2016-06-27T18:36:50.556+0300: 6.892: [ParNew
Desired survivor size 4456448 bytes, new threshold 1 (max 6)
- age   1:    8200528 bytes,    8200528 total
: 77962K->8012K(78656K), 0.0186722 secs] 4220358K->4218415K(4297284K), 0.0188313 secs] [Times: user=0.01 sys=0.05, real=0.02 secs] 
2016-06-27T18:36:50.574+0300: 6.911: Total time for which application threads were stopped: 0.0209166 seconds, Stopping threads took: 0.0015520 seconds
2016-06-27T18:36:50.650+0300: 6.986: [GC (Allocation Failure) 2016-06-27T18:36:50.650+0300: 6.986: [ParNew
Desired survivor size 4456448 bytes, new threshold 1 (max 6)
- age   1:    8201552 bytes,    8201552 total
: 77256K->8014K(78656K), 0.0194955 secs] 4287660K->4286427K(4365556K), 0.0196520 secs] [Times: user=0.00 sys=0.06, real=0.02 secs] 
2016-06-27T18:36:50.669+0300: 7.006: Total time for which application threads were stopped: 0.0214011 seconds, Stopping threads took: 0.0011872 seconds
2016-06-27T18:36:50.745+0300: 7.082: [GC (Allocation Failure) 2016-06-27T18:36:50.746+0300: 7.082: [ParNew
Desired survivor size 4456448 bytes, new threshold 1 (max 6)
- age   1:    8198240 bytes,    8198240 total
: 77076K->8009K(78656K), 0.0190760 secs] 4355489K->4354432K(4433828K), 0.0192256 secs] [Times: user=0.05 sys=0.02, real=0.02 secs] 
2016-06-27T18:36:50.765+0300: 7.101: Total time for which application threads were stopped: 0.0217689 seconds, Stopping threads took: 0.0019775 seconds
2016-06-27T18:36:50.852+0300: 7.188: [GC (Allocation Failure) 2016-06-27T18:36:50.852+0300: 7.188: [ParNew
Desired survivor size 4456448 bytes, new threshold 1 (max 6)
- age   1:    8203136 bytes,    8203136 total
: 77961K->8014K(78656K), 0.0187967 secs] 4424384K->4422444K(4502100K), 0.0189566 secs] [Times: user=0.05 sys=0.02, real=0.02 secs] 
2016-06-27T18:36:50.871+0300: 7.207: Total time for which application threads were stopped: 0.0210496 seconds, Stopping threads took: 0.0015344 seconds
2016-06-27T18:36:50.946+0300: 7.283: [GC (Allocation Failure) 2016-06-27T18:36:50.946+0300: 7.283: [ParNew
Desired survivor size 4456448 bytes, new threshold 1 (max 6)
- age   1:    8197368 bytes,    8197368 total
: 77398K->8009K(78656K), 0.0192838 secs] 4491828K->4490452K(4570372K), 0.0194497 secs] [Times: user=0.05 sys=0.02, real=0.02 secs] 
2016-06-27T18:36:50.966+0300: 7.302: Total time for which application threads were stopped: 0.0215598 seconds, Stopping threads took: 0.0015216 seconds
2016-06-27T18:36:51.043+0300: 7.379: [GC (Allocation Failure) 2016-06-27T18:36:51.048+0300: 7.385: [ParNew
Desired survivor size 4456448 bytes, new threshold 1 (max 6)
- age   1:    8199208 bytes,    8199208 total
: 77243K->8010K(78656K), 0.0191191 secs] 4559686K->4558458K(4638644K), 0.0248591 secs] [Times: user=0.09 sys=0.03, real=0.03 secs] 
2016-06-27T18:36:51.068+0300: 7.404: Total time for which application threads were stopped: 0.0278296 seconds, Stopping threads took: 0.0023923 seconds
2016-06-27T18:36:51.146+0300: 7.482: [GC (Allocation Failure) 2016-06-27T18:36:51.146+0300: 7.482: [ParNew
Desired survivor size 4456448 bytes, new threshold 1 (max 6)
- age   1:    8200072 bytes,    8200072 total
: 77451K->8010K(78656K), 0.0194082 secs] 4627899K->4626466K(4706916K), 0.0195618 secs] [Times: user=0.05 sys=0.01, real=0.02 secs] 
2016-06-27T18:36:51.166+0300: 7.502: Total time for which application threads were stopped: 0.0219400 seconds, Stopping threads took: 0.0018056 seconds
2016-06-27T18:36:51.239+0300: 7.576: [GC (Allocation Failure) 2016-06-27T18:36:51.240+0300: 7.576: [ParNew
Desired survivor size 4456448 bytes, new threshold 1 (max 6)
- age   1:    8198424 bytes,    8198424 total
: 77172K->8010K(78656K), 0.0247920 secs] 4695629K->4694475K(4775188K), 0.0249695 secs] [Times: user=0.03 sys=0.02, real=0.02 secs] 
2016-06-27T18:36:51.265+0300: 7.601: Total time for which application threads were stopped: 0.0265903 seconds, Stopping threads took: 0.0010097 seconds
2016-06-27T18:36:51.362+0300: 7.698: [GC (Allocation Failure) 2016-06-27T18:36:51.362+0300: 7.698: [ParNew
Desired survivor size 4456448 bytes, new threshold 1 (max 6)
- age   1:    8198512 bytes,    8198512 total
: 77961K->8010K(78656K), 0.0201310 secs] 4764426K->4763482K(4844464K), 0.0202879 secs] [Times: user=0.02 sys=0.08, real=0.02 secs] 
2016-06-27T18:36:51.382+0300: 7.718: Total time for which application threads were stopped: 0.0235762 seconds, Stopping threads took: 0.0027049 seconds
2016-06-27T18:36:51.462+0300: 7.799: [GC (Allocation Failure) 2016-06-27T18:36:51.462+0300: 7.799: [ParNew
Desired survivor size 4456448 bytes, new threshold 1 (max 6)
- age   1:    8205720 bytes,    8205720 total
: 77769K->8016K(78656K), 0.0193843 secs] 4833241K->4831495K(4912736K), 0.0195400 secs] [Times: user=0.02 sys=0.05, real=0.02 secs] 
2016-06-27T18:36:51.482+0300: 7.818: Total time for which application threads were stopped: 0.0235240 seconds, Stopping threads took: 0.0034097 seconds
2016-06-27T18:36:51.558+0300: 7.894: [GC (Allocation Failure) 2016-06-27T18:36:51.564+0300: 7.900: [ParNew
Desired survivor size 4456448 bytes, new threshold 1 (max 6)
- age   1:    8202928 bytes,    8202928 total
: 77059K->8017K(78656K), 0.0198055 secs] 4900538K->4898511K(4980004K), 0.0260968 secs] [Times: user=0.06 sys=0.00, real=0.01 secs] 
2016-06-27T18:36:51.570+0300: 7.920: Total time for which application threads were stopped: 0.0290163 seconds, Stopping threads took: 0.0023825 seconds
2016-06-27T18:36:51.660+0300: 7.996: [GC (Allocation Failure) 2016-06-27T18:36:51.660+0300: 7.996: [ParNew: 77379K->77379K(78656K), 0.0000218 secs]2016-06-27T18:36:51.660+0300: 7.996: [CMS (concurrent mode failure): 4890493K->2776152K(4901348K), 0.6769422 secs] 4967873K->2776152K(4980004K), [Metaspace: 4866K->4866K(1056768K)], 0.6776457 secs] [Times: user=0.69 sys=0.00, real=0.68 secs] 
2016-06-27T18:36:52.338+0300: 8.674: Total time for which application threads were stopped: 0.6787140 seconds, Stopping threads took: 0.0005551 seconds
2016-06-27T18:36:52.639+0300: 8.975: [GC (Allocation Failure) 2016-06-27T18:36:52.639+0300: 8.975: [ParNew
Desired survivor size 17432576 bytes, new threshold 1 (max 6)
- age   1:   34849344 bytes,   34849344 total
: 272043K->34038K(306688K), 0.0412131 secs] 3048195K->3030202K(5208832K), 0.0413533 secs] [Times: user=0.13 sys=0.05, real=0.04 secs] 
2016-06-27T18:36:52.680+0300: 9.016: Total time for which application threads were stopped: 0.0425191 seconds, Stopping threads took: 0.0007313 seconds
2016-06-27T18:36:52.725+0300: 9.061: Total time for which application threads were stopped: 0.0018278 seconds, Stopping threads took: 0.0001227 seconds
2016-06-27T18:36:52.726+0300: 9.063: Total time for which application threads were stopped: 0.0008044 seconds, Stopping threads took: 0.0000539 seconds
2016-06-27T18:36:52.733+0300: 9.070: Total time for which application threads were stopped: 0.0006453 seconds, Stopping threads took: 0.0000706 seconds
2016-06-27T18:36:53.275+0300: 9.612: [GC (Allocation Failure) 2016-06-27T18:36:53.281+0300: 9.618: [ParNew
Desired survivor size 17432576 bytes, new threshold 1 (max 6)
- age   1:   33958256 bytes,   33958256 total
: 306027K->33176K(306688K), 0.1409724 secs] 3302191K->3285376K(5208832K), 0.1471208 secs] [Times: user=0.14 sys=0.31, real=0.15 secs] 
2016-06-27T18:36:53.422+0300: 9.759: Total time for which application threads were stopped: 0.1494105 seconds, Stopping threads took: 0.0017885 seconds
2016-06-27T18:36:53.723+0300: 10.059: [GC (Allocation Failure) 2016-06-27T18:36:53.723+0300: 10.059: [ParNew
Desired survivor size 17432576 bytes, new threshold 1 (max 6)
- age   1:   33815240 bytes,   33815240 total
: 304890K->33122K(306688K), 0.0425234 secs] 3557089K->3541502K(5208832K), 0.0426478 secs] [Times: user=0.19 sys=0.00, real=0.04 secs] 
2016-06-27T18:36:53.766+0300: 10.102: Total time for which application threads were stopped: 0.0437439 seconds, Stopping threads took: 0.0006676 seconds
2016-06-27T18:36:54.069+0300: 10.406: [GC (Allocation Failure) 2016-06-27T18:36:54.069+0300: 10.406: [ParNew
Desired survivor size 17432576 bytes, new threshold 1 (max 6)
- age   1:   34845032 bytes,   34845032 total
: 304984K->34043K(306688K), 0.0402641 secs] 3813365K->3797450K(5208832K), 0.0404552 secs] [Times: user=0.13 sys=0.00, real=0.04 secs] 
2016-06-27T18:36:54.110+0300: 10.446: Total time for which application threads were stopped: 0.0414893 seconds, Stopping threads took: 0.0005170 seconds
2016-06-27T18:36:54.443+0300: 10.779: [GC (Allocation Failure) 2016-06-27T18:36:54.443+0300: 10.779: [ParNew
Desired survivor size 17432576 bytes, new threshold 1 (max 6)
- age   1:   34846576 bytes,   34846576 total
: 306409K->34037K(306688K), 0.0404967 secs] 4069816K->4052476K(5208832K), 0.0406490 secs] [Times: user=0.13 sys=0.00, real=0.04 secs] 
2016-06-27T18:36:54.484+0300: 10.820: Total time for which application threads were stopped: 0.0417707 seconds, Stopping threads took: 0.0005547 seconds
2016-06-27T18:36:54.652+0300: 10.988: [GC (CMS Initial Mark) [1 CMS-initial-mark: 4018438K(4902144K)] 4188304K(5208832K), 0.0004760 secs] [Times: user=0.00 sys=0.00, real=0.00 secs] 
2016-06-27T18:36:54.652+0300: 10.989: Total time for which application threads were stopped: 0.0012295 seconds, Stopping threads took: 0.0002947 seconds
2016-06-27T18:36:54.652+0300: 10.989: [CMS-concurrent-mark-start]
2016-06-27T18:36:54.686+0300: 11.023: [CMS-concurrent-mark: 0.034/0.034 secs] [Times: user=0.13 sys=0.00, real=0.03 secs] 
2016-06-27T18:36:54.686+0300: 11.023: [CMS-concurrent-preclean-start]
2016-06-27T18:36:54.696+0300: 11.033: [CMS-concurrent-preclean: 0.010/0.010 secs] [Times: user=0.06 sys=0.00, real=0.01 secs] 
2016-06-27T18:36:54.696+0300: 11.033: [CMS-concurrent-abortable-preclean-start]
2016-06-27T18:36:54.824+0300: 11.161: [GC (Allocation Failure) 2016-06-27T18:36:54.824+0300: 11.161: [ParNew
Desired survivor size 17432576 bytes, new threshold 1 (max 6)
- age   1:   34844520 bytes,   34844520 total
: 306284K->34037K(306688K), 0.0416386 secs] 4324722K->4306508K(5208832K), 0.0417805 secs] [Times: user=0.19 sys=0.00, real=0.04 secs] 
2016-06-27T18:36:54.866+0300: 11.202: Total time for which application threads were stopped: 0.0426820 seconds, Stopping threads took: 0.0004649 seconds
2016-06-27T18:36:55.207+0300: 11.543: [CMS-concurrent-abortable-preclean: 0.061/0.510 secs] [Times: user=2.00 sys=0.00, real=0.51 secs] 
2016-06-27T18:36:55.290+0300: 11.626: [GC (Allocation Failure) 2016-06-27T18:36:55.290+0300: 11.626: [ParNew
Desired survivor size 17432576 bytes, new threshold 1 (max 6)
- age   1:   34848960 bytes,   34848960 total
: 306677K->34048K(306688K), 0.0476676 secs] 4579148K->4565550K(5208832K), 0.0478417 secs] [Times: user=0.14 sys=0.00, real=0.05 secs] 
2016-06-27T18:36:55.338+0300: 11.674: Total time for which application threads were stopped: 0.0675625 seconds, Stopping threads took: 0.0192539 seconds
2016-06-27T18:36:55.349+0300: 11.686: [GC (CMS Final Remark) [YG occupancy: 45680 K (306688 K)]2016-06-27T18:36:55.349+0300: 11.686: [Rescan (parallel) , 0.0041773 secs]2016-06-27T18:36:55.353+0300: 11.690: [weak refs processing, 0.0000227 secs]2016-06-27T18:36:55.353+0300: 11.690: [class unloading, 0.0011825 secs]2016-06-27T18:36:55.355+0300: 11.691: [scrub symbol table, 0.0007334 secs]2016-06-27T18:36:55.355+0300: 11.692: [scrub string table, 0.0001621 secs][1 CMS-remark: 4531502K(4902144K)] 4577182K(5208832K), 0.0064939 secs] [Times: user=0.00 sys=0.00, real=0.01 secs] 
2016-06-27T18:36:55.356+0300: 11.692: Total time for which application threads were stopped: 0.0069845 seconds, Stopping threads took: 0.0000864 seconds
2016-06-27T18:36:55.357+0300: 11.693: [CMS-concurrent-sweep-start]
2016-06-27T18:36:55.359+0300: 11.695: [CMS-concurrent-sweep: 0.002/0.002 secs] [Times: user=0.00 sys=0.00, real=0.00 secs] 
2016-06-27T18:36:55.359+0300: 11.695: [CMS-concurrent-reset-start]
2016-06-27T18:36:55.365+0300: 11.701: [CMS-concurrent-reset: 0.006/0.006 secs] [Times: user=0.06 sys=0.00, real=0.01 secs] 
2016-06-27T18:36:55.491+0300: 11.827: Total time for which application threads were stopped: 0.0021083 seconds, Stopping threads took: 0.0008168 seconds
2016-06-27T18:36:55.495+0300: 11.832: Total time for which application threads were stopped: 0.0004469 seconds, Stopping threads took: 0.0000629 seconds
2016-06-27T18:36:55.679+0300: 12.015: Total time for which application threads were stopped: 0.0006312 seconds, Stopping threads took: 0.0003695 seconds
2016-06-27T18:36:55.714+0300: 12.050: [GC (Allocation Failure) 2016-06-27T18:36:55.714+0300: 12.050: [ParNew
Desired survivor size 17432576 bytes, new threshold 1 (max 6)
- age   1:   34115456 bytes,   34115456 total
: 306688K->33333K(306688K), 0.0415317 secs] 4238097K->4220778K(5208832K), 0.0416655 secs] [Times: user=0.19 sys=0.00, real=0.04 secs] 
2016-06-27T18:36:55.756+0300: 12.092: Total time for which application threads were stopped: 0.0420915 seconds, Stopping threads took: 0.0000663 seconds
2016-06-27T18:36:55.925+0300: 12.262: Total time for which application threads were stopped: 0.0013262 seconds, Stopping threads took: 0.0010982 seconds
2016-06-27T18:36:56.084+0300: 12.420: Total time for which application threads were stopped: 0.0052927 seconds, Stopping threads took: 0.0050485 seconds
2016-06-27T18:36:56.101+0300: 12.438: [GC (Allocation Failure) 2016-06-27T18:36:56.101+0300: 12.438: [ParNew
Desired survivor size 17432576 bytes, new threshold 1 (max 6)
- age   1:   33994856 bytes,   33994856 total
: 305973K->33329K(306688K), 0.0394922 secs] 4493418K->4474057K(5208832K), 0.0396337 secs] [Times: user=0.13 sys=0.00, real=0.04 secs] 
2016-06-27T18:36:56.141+0300: 12.477: Total time for which application threads were stopped: 0.0400306 seconds, Stopping threads took: 0.0000620 seconds
2016-06-27T18:36:56.468+0300: 12.805: [GC (Allocation Failure) 2016-06-27T18:36:56.468+0300: 12.805: [ParNew
Desired survivor size 17432576 bytes, new threshold 1 (max 6)
- age   1:   33821432 bytes,   33821432 total
: 305962K->33203K(306688K), 0.0409244 secs] 4746690K->4727139K(5208832K), 0.0410959 secs] [Times: user=0.19 sys=0.00, real=0.04 secs] 
2016-06-27T18:36:56.509+0300: 12.846: Total time for which application threads were stopped: 0.0470723 seconds, Stopping threads took: 0.0055864 seconds
2016-06-27T18:36:56.811+0300: 13.148: [GC (Allocation Failure) 2016-06-27T18:36:56.811+0300: 13.148: [ParNew: 304871K->304871K(306688K), 0.0000295 secs]2016-06-27T18:36:56.811+0300: 13.148: [CMS: 4693936K->3597773K(4902144K), 0.8805292 secs] 4998807K->3597773K(5208832K), [Metaspace: 6830K->6830K(1056768K)], 0.8807901 secs] [Times: user=0.91 sys=0.00, real=0.88 secs] 
2016-06-27T18:36:57.692+0300: 14.029: Total time for which application threads were stopped: 0.8827252 seconds, Stopping threads took: 0.0014562 seconds
2016-06-27T18:36:58.037+0300: 14.373: [GC (Allocation Failure) 2016-06-27T18:36:58.037+0300: 14.373: [ParNew
Desired survivor size 17432576 bytes, new threshold 1 (max 6)
- age   1:   33821896 bytes,   33821896 total
: 272623K->33056K(306688K), 0.0370007 secs] 3870396K->3856841K(5208832K), 0.0371773 secs] [Times: user=0.13 sys=0.00, real=0.04 secs] 
2016-06-27T18:36:58.074+0300: 14.410: Total time for which application threads were stopped: 0.0390530 seconds, Stopping threads took: 0.0014314 seconds
2016-06-27T18:36:58.387+0300: 14.723: [GC (Allocation Failure) 2016-06-27T18:36:58.387+0300: 14.723: [ParNew
Desired survivor size 17432576 bytes, new threshold 1 (max 6)
- age   1:   34849480 bytes,   34849480 total
: 305675K->34043K(306688K), 0.0404253 secs] 4129460K->4117861K(5208832K), 0.0406165 secs] [Times: user=0.19 sys=0.00, real=0.04 secs] 
2016-06-27T18:36:58.428+0300: 14.764: Total time for which application threads were stopped: 0.0424011 seconds, Stopping threads took: 0.0013343 seconds
2016-06-27T18:36:58.548+0300: 14.884: [GC (CMS Initial Mark) [1 CMS-initial-mark: 4083817K(4902144K)] 4226582K(5208832K), 0.0003969 secs] [Times: user=0.00 sys=0.00, real=0.00 secs] 
2016-06-27T18:36:58.549+0300: 14.885: Total time for which application threads were stopped: 0.0015943 seconds, Stopping threads took: 0.0009071 seconds
2016-06-27T18:36:58.549+0300: 14.885: [CMS-concurrent-mark-start]
2016-06-27T18:36:58.579+0300: 14.915: [CMS-concurrent-mark: 0.030/0.030 secs] [Times: user=0.13 sys=0.00, real=0.03 secs] 
2016-06-27T18:36:58.579+0300: 14.915: [CMS-concurrent-preclean-start]
2016-06-27T18:36:58.588+0300: 14.925: [CMS-concurrent-preclean: 0.010/0.010 secs] [Times: user=0.06 sys=0.00, real=0.01 secs] 
2016-06-27T18:36:58.588+0300: 14.925: [CMS-concurrent-abortable-preclean-start]
2016-06-27T18:36:58.778+0300: 15.115: [GC (Allocation Failure) 2016-06-27T18:36:58.778+0300: 15.115: [ParNew2016-06-27T18:36:58.810+0300: 15.147: [CMS-concurrent-abortable-preclean: 0.020/0.222 secs] [Times: user=0.86 sys=0.02, real=0.22 secs] 

Desired survivor size 17432576 bytes, new threshold 1 (max 6)
- age   1:   34851344 bytes,   34851344 total
: 306683K->34046K(306688K), 0.0400712 secs] 4390501K->4378900K(5208832K), 0.0402530 secs] [Times: user=0.19 sys=0.00, real=0.04 secs] 
2016-06-27T18:36:58.819+0300: 15.155: Total time for which application threads were stopped: 0.0414371 seconds, Stopping threads took: 0.0008801 seconds
2016-06-27T18:36:58.821+0300: 15.157: [GC (CMS Final Remark) [YG occupancy: 37804 K (306688 K)]2016-06-27T18:36:58.821+0300: 15.157: [Rescan (parallel) , 0.0043129 secs]2016-06-27T18:36:58.825+0300: 15.162: [weak refs processing, 0.0000205 secs]2016-06-27T18:36:58.825+0300: 15.162: [class unloading, 0.0013441 secs]2016-06-27T18:36:58.827+0300: 15.163: [scrub symbol table, 0.0007138 secs]2016-06-27T18:36:58.827+0300: 15.164: [scrub string table, 0.0001664 secs][1 CMS-remark: 4344854K(4902144K)] 4382658K(5208832K), 0.0067390 secs] [Times: user=0.00 sys=0.00, real=0.01 secs] 
2016-06-27T18:36:58.828+0300: 15.164: Total time for which application threads were stopped: 0.0070721 seconds, Stopping threads took: 0.0000641 seconds
2016-06-27T18:36:58.828+0300: 15.164: [CMS-concurrent-sweep-start]
2016-06-27T18:36:58.830+0300: 15.166: [CMS-concurrent-sweep: 0.002/0.002 secs] [Times: user=0.00 sys=0.00, real=0.00 secs] 
2016-06-27T18:36:58.830+0300: 15.166: [CMS-concurrent-reset-start]
2016-06-27T18:36:58.836+0300: 15.172: [CMS-concurrent-reset: 0.006/0.006 secs] [Times: user=0.06 sys=0.00, real=0.01 secs] 
2016-06-27T18:36:59.131+0300: 15.467: [GC (Allocation Failure) 2016-06-27T18:36:59.131+0300: 15.467: [ParNew
Desired survivor size 17432576 bytes, new threshold 1 (max 6)
- age   1:   34850248 bytes,   34850248 total
: 306217K->34048K(306688K), 0.0393023 secs] 4321025K->4307894K(5208832K), 0.0395982 secs] [Times: user=0.13 sys=0.00, real=0.04 secs] 
2016-06-27T18:36:59.170+0300: 15.507: Total time for which application threads were stopped: 0.0409107 seconds, Stopping threads took: 0.0008617 seconds
2016-06-27T18:36:59.171+0300: 15.507: [GC (CMS Initial Mark) [1 CMS-initial-mark: 4273846K(4902144K)] 4308894K(5208832K), 0.0003378 secs] [Times: user=0.00 sys=0.00, real=0.00 secs] 
2016-06-27T18:36:59.171+0300: 15.507: Total time for which application threads were stopped: 0.0007373 seconds, Stopping threads took: 0.0000727 seconds
2016-06-27T18:36:59.171+0300: 15.507: [CMS-concurrent-mark-start]
2016-06-27T18:36:59.202+0300: 15.538: [CMS-concurrent-mark: 0.030/0.030 secs] [Times: user=0.09 sys=0.00, real=0.03 secs] 
2016-06-27T18:36:59.202+0300: 15.538: [CMS-concurrent-preclean-start]
2016-06-27T18:36:59.212+0300: 15.548: [CMS-concurrent-preclean: 0.010/0.010 secs] [Times: user=0.06 sys=0.00, real=0.01 secs] 
2016-06-27T18:36:59.212+0300: 15.548: [CMS-concurrent-abortable-preclean-start]
2016-06-27T18:36:59.507+0300: 15.843: [GC (Allocation Failure) 2016-06-27T18:36:59.507+0300: 15.843: [ParNew2016-06-27T18:36:59.547+0300: 15.883: [CMS-concurrent-abortable-preclean: 0.031/0.336 secs] [Times: user=1.28 sys=0.00, real=0.34 secs] 

Desired survivor size 17432576 bytes, new threshold 1 (max 6)
- age   1:   34846304 bytes,   34846304 total
: 306003K->34048K(306688K), 0.0409659 secs] 4579849K->4566930K(5208832K), 0.0410822 secs] [Times: user=0.13 sys=0.00, real=0.04 secs] 
2016-06-27T18:36:59.548+0300: 15.884: Total time for which application threads were stopped: 0.0420624 seconds, Stopping threads took: 0.0006496 seconds
2016-06-27T18:36:59.572+0300: 15.908: [GC (CMS Final Remark) [YG occupancy: 54023 K (306688 K)]2016-06-27T18:36:59.572+0300: 15.908: [Rescan (parallel) , 0.0042500 secs]2016-06-27T18:36:59.576+0300: 15.912: [weak refs processing, 0.0000210 secs]2016-06-27T18:36:59.576+0300: 15.912: [class unloading, 0.0011902 secs]2016-06-27T18:36:59.577+0300: 15.914: [scrub symbol table, 0.0007501 secs]2016-06-27T18:36:59.578+0300: 15.914: [scrub string table, 0.0002224 secs][1 CMS-remark: 4532882K(4902144K)] 4586906K(5208832K), 0.0066419 secs] [Times: user=0.00 sys=0.00, real=0.01 secs] 
2016-06-27T18:36:59.578+0300: 15.915: Total time for which application threads were stopped: 0.0070751 seconds, Stopping threads took: 0.0000975 seconds
2016-06-27T18:36:59.578+0300: 15.915: [CMS-concurrent-sweep-start]
2016-06-27T18:36:59.580+0300: 15.917: [CMS-concurrent-sweep: 0.002/0.002 secs] [Times: user=0.00 sys=0.00, real=0.00 secs] 
2016-06-27T18:36:59.580+0300: 15.917: [CMS-concurrent-reset-start]
2016-06-27T18:36:59.587+0300: 15.923: [CMS-concurrent-reset: 0.006/0.006 secs] [Times: user=0.06 sys=0.00, real=0.01 secs] 
2016-06-27T18:36:59.866+0300: 16.202: [GC (Allocation Failure) 2016-06-27T18:36:59.866+0300: 16.203: [ParNew
Desired survivor size 17432576 bytes, new threshold 1 (max 6)
- age   1:   34850792 bytes,   34850792 total
: 306225K->34048K(306688K), 0.0380668 secs] 4209025K->4195882K(5208832K), 0.0381827 secs] [Times: user=0.11 sys=0.02, real=0.04 secs] 
2016-06-27T18:36:59.904+0300: 16.241: Total time for which application threads were stopped: 0.0392014 seconds, Stopping threads took: 0.0006757 seconds
2016-06-27T18:36:59.905+0300: 16.241: [GC (CMS Initial Mark) [1 CMS-initial-mark: 4161834K(4902144K)] 4196882K(5208832K), 0.0003455 secs] [Times: user=0.00 sys=0.00, real=0.00 secs] 
2016-06-27T18:36:59.905+0300: 16.241: Total time for which application threads were stopped: 0.0006830 seconds, Stopping threads took: 0.0000684 seconds
2016-06-27T18:36:59.905+0300: 16.241: [CMS-concurrent-mark-start]
2016-06-27T18:36:59.935+0300: 16.271: [CMS-concurrent-mark: 0.030/0.030 secs] [Times: user=0.13 sys=0.00, real=0.03 secs] 
2016-06-27T18:36:59.935+0300: 16.272: [CMS-concurrent-preclean-start]
2016-06-27T18:36:59.945+0300: 16.281: [CMS-concurrent-preclean: 0.010/0.010 secs] [Times: user=0.05 sys=0.00, real=0.01 secs] 
2016-06-27T18:36:59.945+0300: 16.281: [CMS-concurrent-abortable-preclean-start]
2016-06-27T18:37:00.145+0300: 16.481: Total time for which application threads were stopped: 0.0009113 seconds, Stopping threads took: 0.0005820 seconds
2016-06-27T18:37:00.254+0300: 16.591: [CMS-concurrent-abortable-preclean: 0.030/0.309 secs] [Times: user=1.16 sys=0.00, real=0.31 secs] 
2016-06-27T18:37:00.312+0300: 16.648: [GC (Allocation Failure) 2016-06-27T18:37:00.312+0300: 16.648: [ParNew
Desired survivor size 17432576 bytes, new threshold 1 (max 6)
- age   1:   34847568 bytes,   34847568 total
: 306688K->34048K(306688K), 0.0385428 secs] 4468522K->4455918K(5208832K), 0.0387096 secs] [Times: user=0.19 sys=0.00, real=0.04 secs] 
2016-06-27T18:37:00.350+0300: 16.687: Total time for which application threads were stopped: 0.0396632 seconds, Stopping threads took: 0.0005564 seconds
2016-06-27T18:37:00.669+0300: 17.006: [GC (Allocation Failure) 2016-06-27T18:37:00.669+0300: 17.006: [ParNew
Desired survivor size 17432576 bytes, new threshold 1 (max 6)
- age   1:   33891376 bytes,   33891376 total
: 306024K->33117K(306688K), 0.0424960 secs] 4727894K->4718020K(5208832K), 0.0426607 secs] [Times: user=0.19 sys=0.00, real=0.04 secs] 
2016-06-27T18:37:00.712+0300: 17.048: Total time for which application threads were stopped: 0.0440159 seconds, Stopping threads took: 0.0010251 seconds
2016-06-27T18:37:01.035+0300: 17.372: [GC (Allocation Failure) 2016-06-27T18:37:01.035+0300: 17.372: [ParNew: 305285K->305285K(306688K), 0.0000197 secs]2016-06-27T18:37:01.035+0300: 17.372: [CMS (concurrent mode failure): 4684903K->3716968K(4902144K), 0.5749612 secs] 4990188K->3716968K(5208832K), [Metaspace: 7531K->7531K(1056768K)], 0.5751066 secs] [Times: user=0.58 sys=0.00, real=0.57 secs] 
2016-06-27T18:37:01.610+0300: 17.947: Total time for which application threads were stopped: 0.5766218 seconds, Stopping threads took: 0.0011427 seconds
2016-06-27T18:37:01.921+0300: 18.258: [GC (Allocation Failure) 2016-06-27T18:37:01.921+0300: 18.258: [ParNew
Desired survivor size 17432576 bytes, new threshold 1 (max 6)
- age   1:   33825480 bytes,   33825480 total
: 272457K->33079K(306688K), 0.0341841 secs] 3989425K->3981060K(5208832K), 0.0343830 secs] [Times: user=0.13 sys=0.00, real=0.04 secs] 
2016-06-27T18:37:01.956+0300: 18.292: Total time for which application threads were stopped: 0.0352434 seconds, Stopping threads took: 0.0005277 seconds
2016-06-27T18:37:02.278+0300: 18.614: Total time for which application threads were stopped: 0.0030222 seconds, Stopping threads took: 0.0017273 seconds
2016-06-27T18:37:02.291+0300: 18.628: Total time for which application threads were stopped: 0.0009233 seconds, Stopping threads took: 0.0000748 seconds
2016-06-27T18:37:02.318+0300: 18.655: [GC (Allocation Failure) 2016-06-27T18:37:02.318+0300: 18.655: [ParNew
Desired survivor size 17432576 bytes, new threshold 1 (max 6)
- age   1:   34069264 bytes,   34069264 total
: 305719K->33287K(306688K), 0.0386758 secs] 4253700K->4242304K(5208832K), 0.0388302 secs] [Times: user=0.13 sys=0.00, real=0.04 secs] 
2016-06-27T18:37:02.357+0300: 18.694: Total time for which application threads were stopped: 0.0393733 seconds, Stopping threads took: 0.0000701 seconds
2016-06-27T18:37:02.668+0300: 19.004: [GC (Allocation Failure) 2016-06-27T18:37:02.668+0300: 19.004: [ParNew
Desired survivor size 17432576 bytes, new threshold 1 (max 6)
- age   1:   33824056 bytes,   33824056 total
: 305147K->33199K(306688K), 0.0389431 secs] 4514163K->4505518K(5208832K), 0.0391116 secs] [Times: user=0.13 sys=0.00, real=0.04 secs] 
2016-06-27T18:37:02.707+0300: 19.043: Total time for which application threads were stopped: 0.0427522 seconds, Stopping threads took: 0.0031582 seconds
2016-06-27T18:37:03.032+0300: 19.369: [GC (Allocation Failure) 2016-06-27T18:37:03.032+0300: 19.369: [ParNew
Desired survivor size 17432576 bytes, new threshold 1 (max 6)
- age   1:   33822440 bytes,   33822440 total
: 304994K->33055K(306688K), 0.0421924 secs] 4777313K->4768409K(5208832K), 0.0423630 secs] [Times: user=0.17 sys=0.00, real=0.04 secs] 
2016-06-27T18:37:03.075+0300: 19.411: Total time for which application threads were stopped: 0.0491135 seconds, Stopping threads took: 0.0062763 seconds
2016-06-27T18:37:03.405+0300: 19.742: [GC (Allocation Failure) 2016-06-27T18:37:03.405+0300: 19.742: [ParNew: 304854K->304854K(306688K), 0.0000265 secs]2016-06-27T18:37:03.405+0300: 19.742: [CMS: 4735353K->3846222K(4902144K), 0.7468154 secs] 5040208K->3846222K(5208832K), [Metaspace: 8126K->8126K(1056768K)], 0.7469860 secs] [Times: user=0.75 sys=0.00, real=0.75 secs] 
2016-06-27T18:37:04.152+0300: 20.489: Total time for which application threads were stopped: 0.7554001 seconds, Stopping threads took: 0.0079398 seconds
2016-06-27T18:37:04.503+0300: 20.839: [GC (Allocation Failure) 2016-06-27T18:37:04.503+0300: 20.839: [ParNew
Desired survivor size 17432576 bytes, new threshold 1 (max 6)
- age   1:   34848152 bytes,   34848152 total
: 272640K->34037K(306688K), 0.0357694 secs] 4118862K->4110271K(5208832K), 0.0359037 secs] [Times: user=0.17 sys=0.00, real=0.04 secs] 
2016-06-27T18:37:04.539+0300: 20.875: Total time for which application threads were stopped: 0.0370721 seconds, Stopping threads took: 0.0007796 seconds
2016-06-27T18:37:04.849+0300: 21.185: [GC (Allocation Failure) 2016-06-27T18:37:04.849+0300: 21.186: [ParNew
Desired survivor size 17432576 bytes, new threshold 1 (max 6)
- age   1:   34848368 bytes,   34848368 total
: 306119K->34044K(306688K), 0.0402735 secs] 4382353K->4374315K(5208832K), 0.0404373 secs] [Times: user=0.13 sys=0.00, real=0.04 secs] 
2016-06-27T18:37:04.889+0300: 21.226: Total time for which application threads were stopped: 0.0417788 seconds, Stopping threads took: 0.0008271 seconds
2016-06-27T18:37:05.207+0300: 21.543: [GC (Allocation Failure) 2016-06-27T18:37:05.207+0300: 21.543: [ParNew
Desired survivor size 17432576 bytes, new threshold 1 (max 6)
- age   1:   34850008 bytes,   34850008 total
: 306676K->34038K(306688K), 0.0541971 secs] 4646947K->4638345K(5208832K), 0.0544109 secs] [Times: user=0.20 sys=0.00, real=0.05 secs] 
2016-06-27T18:37:05.262+0300: 21.598: Total time for which application threads were stopped: 0.0558688 seconds, Stopping threads took: 0.0010507 seconds
2016-06-27T18:37:05.582+0300: 21.918: [GC (Allocation Failure) 2016-06-27T18:37:05.582+0300: 21.919: [ParNew: 306557K->306557K(306688K), 0.0000248 secs]2016-06-27T18:37:05.582+0300: 21.919: [CMS: 4604306K->3838223K(4902144K), 0.6470924 secs] 4910864K->3838223K(5208832K), [Metaspace: 8127K->8127K(1056768K)], 0.6472638 secs] [Times: user=0.66 sys=0.00, real=0.65 secs] 
2016-06-27T18:37:06.229+0300: 22.566: Total time for which application threads were stopped: 0.6489086 seconds, Stopping threads took: 0.0010730 seconds
2016-06-27T18:37:06.602+0300: 22.939: [GC (Allocation Failure) 2016-06-27T18:37:06.602+0300: 22.939: [ParNew
Desired survivor size 17432576 bytes, new threshold 1 (max 6)
- age   1:   34845640 bytes,   34845640 total
: 272640K->34040K(306688K), 0.0368022 secs] 4110863K->4103275K(5208832K), 0.0369510 secs] [Times: user=0.13 sys=0.00, real=0.04 secs] 
2016-06-27T18:37:06.639+0300: 22.976: Total time for which application threads were stopped: 0.0379624 seconds, Stopping threads took: 0.0005504 seconds
2016-06-27T18:37:06.968+0300: 23.305: [GC (Allocation Failure) 2016-06-27T18:37:06.969+0300: 23.305: [ParNew
Desired survivor size 17432576 bytes, new threshold 1 (max 6)
- age   1:   34864408 bytes,   34864408 total
: 306391K->34048K(306688K), 0.0399455 secs] 4375627K->4368350K(5208832K), 0.0401354 secs] [Times: user=0.19 sys=0.00, real=0.04 secs] 
2016-06-27T18:37:07.009+0300: 23.345: Total time for which application threads were stopped: 0.0416749 seconds, Stopping threads took: 0.0010247 seconds
2016-06-27T18:37:07.332+0300: 23.669: [GC (Allocation Failure) 2016-06-27T18:37:07.332+0300: 23.669: [ParNew
Desired survivor size 17432576 bytes, new threshold 1 (max 6)
- age   1:   34849616 bytes,   34849616 total
: 305805K->34042K(306688K), 0.0395029 secs] 4640108K->4632400K(5208832K), 0.0396838 secs] [Times: user=0.17 sys=0.02, real=0.04 secs] 
2016-06-27T18:37:07.372+0300: 23.708: Total time for which application threads were stopped: 0.0419080 seconds, Stopping threads took: 0.0017004 seconds
2016-06-27T18:37:07.638+0300: 23.974: [GC (CMS Initial Mark) [1 CMS-initial-mark: 4598358K(4902144K)] 4862872K(5208832K), 0.0005033 secs] [Times: user=0.00 sys=0.00, real=0.00 secs] 
2016-06-27T18:37:07.638+0300: 23.975: Total time for which application threads were stopped: 0.0020061 seconds, Stopping threads took: 0.0010366 seconds
2016-06-27T18:37:07.638+0300: 23.975: [CMS-concurrent-mark-start]
2016-06-27T18:37:07.669+0300: 24.006: [CMS-concurrent-mark: 0.031/0.031 secs] [Times: user=0.13 sys=0.00, real=0.03 secs] 
2016-06-27T18:37:07.669+0300: 24.006: [CMS-concurrent-preclean-start]
2016-06-27T18:37:07.680+0300: 24.016: [CMS-concurrent-preclean: 0.010/0.010 secs] [Times: user=0.06 sys=0.00, real=0.01 secs] 
2016-06-27T18:37:07.680+0300: 24.016: [CMS-concurrent-abortable-preclean-start]
2016-06-27T18:37:07.703+0300: 24.039: [GC (Allocation Failure) 2016-06-27T18:37:07.703+0300: 24.039: [ParNew: 305977K->305977K(306688K), 0.0000316 secs]2016-06-27T18:37:07.703+0300: 24.039: [CMS2016-06-27T18:37:07.704+0300: 24.040: [CMS-concurrent-abortable-preclean: 0.011/0.024 secs] [Times: user=0.06 sys=0.00, real=0.02 secs] 
 (concurrent mode failure): 4598358K->3846266K(4902144K), 0.6640976 secs] 4904335K->3846266K(5208832K), [Metaspace: 8197K->8197K(1056768K)], 0.6642952 secs] [Times: user=0.67 sys=0.00, real=0.66 secs] 
2016-06-27T18:37:08.367+0300: 24.704: Total time for which application threads were stopped: 0.6662769 seconds, Stopping threads took: 0.0014309 seconds
2016-06-27T18:37:08.682+0300: 25.018: [GC (Allocation Failure) 2016-06-27T18:37:08.682+0300: 25.019: [ParNew
Desired survivor size 17432576 bytes, new threshold 1 (max 6)
- age   1:   34849664 bytes,   34849664 total
: 272026K->34048K(306688K), 0.0390273 secs] 4118293K->4111326K(5208832K), 0.0391783 secs] [Times: user=0.13 sys=0.00, real=0.04 secs] 
2016-06-27T18:37:08.721+0300: 25.058: Total time for which application threads were stopped: 0.0403453 seconds, Stopping threads took: 0.0007176 seconds
2016-06-27T18:37:09.057+0300: 25.393: [GC (Allocation Failure) 2016-06-27T18:37:09.057+0300: 25.394: [ParNew
Desired survivor size 17432576 bytes, new threshold 1 (max 6)
- age   1:   34851088 bytes,   34851088 total
: 305878K->34048K(306688K), 0.0390431 secs] 4383156K->4376363K(5208832K), 0.0392236 secs] [Times: user=0.11 sys=0.01, real=0.04 secs] 
2016-06-27T18:37:09.096+0300: 25.433: Total time for which application threads were stopped: 0.0409714 seconds, Stopping threads took: 0.0011525 seconds
2016-06-27T18:37:09.424+0300: 25.761: [GC (Allocation Failure) 2016-06-27T18:37:09.425+0300: 25.761: [ParNew
Desired survivor size 17432576 bytes, new threshold 1 (max 6)
- age   1:   34852472 bytes,   34852472 total
: 306429K->34048K(306688K), 0.0395230 secs] 4648744K->4642401K(5208832K), 0.0397047 secs] [Times: user=0.17 sys=0.00, real=0.04 secs] 
2016-06-27T18:37:09.464+0300: 25.801: Total time for which application threads were stopped: 0.0432645 seconds, Stopping threads took: 0.0029829 seconds
2016-06-27T18:37:09.792+0300: 26.128: [GC (Allocation Failure) 2016-06-27T18:37:09.792+0300: 26.129: [ParNew: 306177K->306177K(306688K), 0.0000329 secs]2016-06-27T18:37:09.792+0300: 26.129: [CMS: 4608353K->3768285K(4902144K), 0.6892582 secs] 4914530K->3768285K(5208832K), [Metaspace: 8225K->8225K(1056768K)], 0.6894678 secs] [Times: user=0.69 sys=0.03, real=0.68 secs] 
2016-06-27T18:37:10.475+0300: 26.818: Total time for which application threads were stopped: 0.6978370 seconds, Stopping threads took: 0.0077410 seconds
2016-06-27T18:37:10.811+0300: 27.147: [GC (Allocation Failure) 2016-06-27T18:37:10.811+0300: 27.148: [ParNew
Desired survivor size 17432576 bytes, new threshold 1 (max 6)
- age   1:   34846216 bytes,   34846216 total
: 272467K->34035K(306688K), 0.0365550 secs] 4040752K->4034332K(5208832K), 0.0367265 secs] [Times: user=0.13 sys=0.00, real=0.04 secs] 
2016-06-27T18:37:10.848+0300: 27.184: Total time for which application threads were stopped: 0.0419435 seconds, Stopping threads took: 0.0045579 seconds
2016-06-27T18:37:11.169+0300: 27.506: [GC (Allocation Failure) 2016-06-27T18:37:11.169+0300: 27.506: [ParNew
Desired survivor size 17432576 bytes, new threshold 1 (max 6)
- age   1:   34846160 bytes,   34846160 total
: 305797K->34046K(306688K), 0.0392082 secs] 4306093K->4299376K(5208832K), 0.0393788 secs] [Times: user=0.17 sys=0.00, real=0.04 secs] 
2016-06-27T18:37:11.209+0300: 27.545: Total time for which application threads were stopped: 0.0426115 seconds, Stopping threads took: 0.0025501 seconds
2016-06-27T18:37:11.639+0300: 27.975: [GC (Allocation Failure) 2016-06-27T18:37:11.639+0300: 27.975: [ParNew
Desired survivor size 17432576 bytes, new threshold 1 (max 6)
- age   1:   34855672 bytes,   34855672 total
: 306686K->34048K(306688K), 0.0399365 secs] 4572016K->4565412K(5208832K), 0.0400986 secs] [Times: user=0.19 sys=0.00, real=0.04 secs] 
2016-06-27T18:37:11.679+0300: 28.015: Total time for which application threads were stopped: 0.0508430 seconds, Stopping threads took: 0.0102859 seconds
2016-06-27T18:37:12.017+0300: 28.353: [GC (Allocation Failure) 2016-06-27T18:37:12.017+0300: 28.354: [ParNew
Desired survivor size 17432576 bytes, new threshold 1 (max 6)
- age   1:   34853008 bytes,   34853008 total
: 305778K->34048K(306688K), 0.0405587 secs] 4837143K->4830457K(5208832K), 0.0407358 secs] [Times: user=0.19 sys=0.00, real=0.04 secs] 
2016-06-27T18:37:12.058+0300: 28.394: Total time for which application threads were stopped: 0.0466952 seconds, Stopping threads took: 0.0055176 seconds
2016-06-27T18:37:12.386+0300: 28.723: [GC (Allocation Failure) 2016-06-27T18:37:12.387+0300: 28.723: [ParNew: 306157K->306157K(306688K), 0.0000299 secs]2016-06-27T18:37:12.387+0300: 28.723: [CMS: 4796409K->3701281K(4902144K), 0.6208498 secs] 5102567K->3701281K(5208832K), [Metaspace: 8228K->8228K(1056768K)], 0.6210341 secs] [Times: user=0.63 sys=0.00, real=0.62 secs] 
2016-06-27T18:37:13.007+0300: 29.344: Total time for which application threads were stopped: 0.6277949 seconds, Stopping threads took: 0.0062728 seconds
2016-06-27T18:37:13.336+0300: 29.672: [GC (Allocation Failure) 2016-06-27T18:37:13.336+0300: 29.672: [ParNew
Desired survivor size 17432576 bytes, new threshold 1 (max 6)
- age   1:   34852672 bytes,   34852672 total
: 272106K->34045K(306688K), 0.0350095 secs] 3973387K->3967346K(5208832K), 0.0351780 secs] [Times: user=0.13 sys=0.00, real=0.04 secs] 
2016-06-27T18:37:13.371+0300: 29.707: Total time for which application threads were stopped: 0.0364678 seconds, Stopping threads took: 0.0007954 seconds
2016-06-27T18:37:13.694+0300: 30.031: [GC (Allocation Failure) 2016-06-27T18:37:13.694+0300: 30.031: [ParNew
Desired survivor size 17432576 bytes, new threshold 1 (max 6)
- age   1:   34852704 bytes,   34852704 total
: 305688K->34044K(306688K), 0.0391719 secs] 4238990K->4233387K(5208832K), 0.0393605 secs] [Times: user=0.13 sys=0.00, real=0.04 secs] 
2016-06-27T18:37:13.734+0300: 30.070: Total time for which application threads were stopped: 0.0426790 seconds, Stopping threads took: 0.0027840 seconds
2016-06-27T18:37:14.059+0300: 30.395: [GC (Allocation Failure) 2016-06-27T18:37:14.059+0300: 30.395: [ParNew
Desired survivor size 17432576 bytes, new threshold 1 (max 6)
- age   1:   34847688 bytes,   34847688 total
: 306155K->34035K(306688K), 0.0399472 secs] 4505498K->4499418K(5208832K), 0.0401131 secs] [Times: user=0.17 sys=0.00, real=0.04 secs] 
2016-06-27T18:37:14.099+0300: 30.435: Total time for which application threads were stopped: 0.0423258 seconds, Stopping threads took: 0.0016619 seconds
2016-06-27T18:37:14.422+0300: 30.758: [GC (Allocation Failure) 2016-06-27T18:37:14.422+0300: 30.758: [ParNew
Desired survivor size 17432576 bytes, new threshold 1 (max 6)
- age   1:   34844352 bytes,   34844352 total
: 305881K->34048K(306688K), 0.0410587 secs] 4771264K->4765464K(5208832K), 0.0412524 secs] [Times: user=0.17 sys=0.00, real=0.04 secs] 
2016-06-27T18:37:14.463+0300: 30.800: Total time for which application threads were stopped: 0.0424562 seconds, Stopping threads took: 0.0006483 seconds
2016-06-27T18:37:14.782+0300: 31.118: [GC (Allocation Failure) 2016-06-27T18:37:14.782+0300: 31.118: [ParNew: 305819K->305819K(306688K), 0.0000244 secs]2016-06-27T18:37:14.782+0300: 31.118: [CMS: 4731416K->3831307K(4902144K), 0.6008172 secs] 5037235K->3831307K(5208832K), [Metaspace: 8238K->8238K(1056768K)], 0.6009788 secs] [Times: user=0.61 sys=0.00, real=0.60 secs] 
2016-06-27T18:37:15.383+0300: 31.719: Total time for which application threads were stopped: 0.6020403 seconds, Stopping threads took: 0.0005611 seconds
2016-06-27T18:37:15.697+0300: 32.033: [GC (Allocation Failure) 2016-06-27T18:37:15.697+0300: 32.033: [ParNew
Desired survivor size 17432576 bytes, new threshold 1 (max 6)
- age   1:   34846344 bytes,   34846344 total
: 272402K->34041K(306688K), 0.0367821 secs] 4103709K->4098360K(5208832K), 0.0369138 secs] [Times: user=0.13 sys=0.00, real=0.04 secs] 
2016-06-27T18:37:15.734+0300: 32.070: Total time for which application threads were stopped: 0.0385026 seconds, Stopping threads took: 0.0011046 seconds
2016-06-27T18:37:16.060+0300: 32.396: [GC (Allocation Failure) 2016-06-27T18:37:16.060+0300: 32.396: [ParNew
Desired survivor size 17432576 bytes, new threshold 1 (max 6)
- age   1:   34850976 bytes,   34850976 total
: 305963K->34046K(306688K), 0.0409423 secs] 4370282K->4364398K(5208832K), 0.0411237 secs] [Times: user=0.19 sys=0.00, real=0.04 secs] 
2016-06-27T18:37:16.101+0300: 32.438: Total time for which application threads were stopped: 0.0427145 seconds, Stopping threads took: 0.0009956 seconds
2016-06-27T18:37:16.102+0300: 32.438: [GC (CMS Initial Mark) [1 CMS-initial-mark: 4330352K(4902144K)] 4365398K(5208832K), 0.0004602 secs] [Times: user=0.00 sys=0.00, real=0.00 secs] 
2016-06-27T18:37:16.102+0300: 32.439: Total time for which application threads were stopped: 0.0009143 seconds, Stopping threads took: 0.0000761 seconds
2016-06-27T18:37:16.102+0300: 32.439: [CMS-concurrent-mark-start]
2016-06-27T18:37:16.133+0300: 32.470: [CMS-concurrent-mark: 0.031/0.031 secs] [Times: user=0.13 sys=0.00, real=0.03 secs] 
2016-06-27T18:37:16.133+0300: 32.470: [CMS-concurrent-preclean-start]
2016-06-27T18:37:16.145+0300: 32.481: [CMS-concurrent-preclean: 0.011/0.011 secs] [Times: user=0.00 sys=0.00, real=0.01 secs] 
2016-06-27T18:37:16.145+0300: 32.481: [CMS-concurrent-abortable-preclean-start]
2016-06-27T18:37:16.375+0300: 32.712: [CMS-concurrent-abortable-preclean: 0.031/0.231 secs] [Times: user=0.94 sys=0.00, real=0.23 secs] 
2016-06-27T18:37:16.385+0300: 32.721: [GC (CMS Final Remark) [YG occupancy: 251727 K (306688 K)]2016-06-27T18:37:16.385+0300: 32.721: [Rescan (parallel) , 0.0047482 secs]2016-06-27T18:37:16.390+0300: 32.726: [weak refs processing, 0.0000287 secs]2016-06-27T18:37:16.390+0300: 32.726: [class unloading, 0.0013018 secs]2016-06-27T18:37:16.391+0300: 32.728: [scrub symbol table, 0.0007180 secs]2016-06-27T18:37:16.392+0300: 32.728: [scrub string table, 0.0001826 secs][1 CMS-remark: 4330352K(4902144K)] 4582079K(5208832K), 0.0072017 secs] [Times: user=0.00 sys=0.00, real=0.01 secs] 
2016-06-27T18:37:16.392+0300: 32.729: Total time for which application threads were stopped: 0.0081280 seconds, Stopping threads took: 0.0005209 seconds
2016-06-27T18:37:16.392+0300: 32.729: [CMS-concurrent-sweep-start]
2016-06-27T18:37:16.395+0300: 32.731: [CMS-concurrent-sweep: 0.003/0.003 secs] [Times: user=0.00 sys=0.00, real=0.00 secs] 
2016-06-27T18:37:16.395+0300: 32.731: [CMS-concurrent-reset-start]
2016-06-27T18:37:16.401+0300: 32.738: [CMS-concurrent-reset: 0.006/0.006 secs] [Times: user=0.00 sys=0.00, real=0.01 secs] 
2016-06-27T18:37:16.496+0300: 32.832: [GC (Allocation Failure) 2016-06-27T18:37:16.502+0300: 32.838: [ParNew
Desired survivor size 17432576 bytes, new threshold 1 (max 6)
- age   1:   34845064 bytes,   34845064 total
: 306391K->34048K(306688K), 0.0429660 secs] 4186682K->4180375K(5208832K), 0.0490301 secs] [Times: user=0.16 sys=0.00, real=0.05 secs] 
2016-06-27T18:37:16.545+0300: 32.881: Total time for which application threads were stopped: 0.0498897 seconds, Stopping threads took: 0.0003250 seconds
2016-06-27T18:37:16.545+0300: 32.882: [GC (CMS Initial Mark) [1 CMS-initial-mark: 4146327K(4902144K)] 4181375K(5208832K), 0.0004332 secs] [Times: user=0.00 sys=0.00, real=0.00 secs] 
2016-06-27T18:37:16.546+0300: 32.882: Total time for which application threads were stopped: 0.0009109 seconds, Stopping threads took: 0.0001022 seconds
2016-06-27T18:37:16.546+0300: 32.882: [CMS-concurrent-mark-start]
2016-06-27T18:37:16.578+0300: 32.914: [CMS-concurrent-mark: 0.032/0.032 secs] [Times: user=0.13 sys=0.00, real=0.03 secs] 
2016-06-27T18:37:16.578+0300: 32.914: [CMS-concurrent-preclean-start]
2016-06-27T18:37:16.588+0300: 32.924: [CMS-concurrent-preclean: 0.010/0.010 secs] [Times: user=0.06 sys=0.00, real=0.01 secs] 
2016-06-27T18:37:16.588+0300: 32.924: [CMS-concurrent-abortable-preclean-start]
2016-06-27T18:37:16.911+0300: 33.247: [GC (Allocation Failure) 2016-06-27T18:37:16.911+0300: 33.247: [ParNew2016-06-27T18:37:16.944+0300: 33.280: [CMS-concurrent-abortable-preclean: 0.032/0.356 secs] [Times: user=1.30 sys=0.05, real=0.36 secs] 

Desired survivor size 17432576 bytes, new threshold 1 (max 6)
- age   1:   34854440 bytes,   34854440 total
: 305853K->34046K(306688K), 0.0398634 secs] 4452181K->4446406K(5208832K), 0.0400272 secs] [Times: user=0.11 sys=0.00, real=0.04 secs] 
2016-06-27T18:37:16.951+0300: 33.287: Total time for which application threads were stopped: 0.0417489 seconds, Stopping threads took: 0.0011453 seconds
2016-06-27T18:37:17.375+0300: 33.711: [GC (Allocation Failure) 2016-06-27T18:37:17.375+0300: 33.712: [ParNew
Desired survivor size 17432576 bytes, new threshold 1 (max 6)
- age   1:   34845136 bytes,   34845136 total
: 306686K->34032K(306688K), 0.0393126 secs] 4719046K->4713435K(5208832K), 0.0394879 secs] [Times: user=0.19 sys=0.00, real=0.04 secs] 
2016-06-27T18:37:17.414+0300: 33.751: Total time for which application threads were stopped: 0.0410339 seconds, Stopping threads took: 0.0010888 seconds
2016-06-27T18:37:17.449+0300: 33.785: [GC (CMS Final Remark) [YG occupancy: 60643 K (306688 K)]2016-06-27T18:37:17.449+0300: 33.785: [Rescan (parallel) , 0.0043454 secs]2016-06-27T18:37:17.454+0300: 33.790: [weak refs processing, 0.0000274 secs]2016-06-27T18:37:17.454+0300: 33.790: [class unloading, 0.0015597 secs]2016-06-27T18:37:17.455+0300: 33.791: [scrub symbol table, 0.0014224 secs]2016-06-27T18:37:17.457+0300: 33.793: [scrub string table, 0.0003225 secs][1 CMS-remark: 4679402K(4902144K)] 4740046K(5208832K), 0.0079616 secs] [Times: user=0.00 sys=0.00, real=0.01 secs] 
2016-06-27T18:37:17.457+0300: 33.793: Total time for which application threads were stopped: 0.0101705 seconds, Stopping threads took: 0.0017876 seconds
2016-06-27T18:37:17.459+0300: 33.796: [CMS-concurrent-sweep-start]
2016-06-27T18:37:17.462+0300: 33.798: [CMS-concurrent-sweep: 0.003/0.003 secs] [Times: user=0.00 sys=0.00, real=0.00 secs] 
2016-06-27T18:37:17.462+0300: 33.798: [CMS-concurrent-reset-start]
2016-06-27T18:37:17.468+0300: 33.804: [CMS-concurrent-reset: 0.006/0.006 secs] [Times: user=0.00 sys=0.00, real=0.01 secs] 
2016-06-27T18:37:17.764+0300: 34.101: [GC (Allocation Failure) 2016-06-27T18:37:17.764+0300: 34.101: [ParNew
Desired survivor size 17432576 bytes, new threshold 1 (max 6)
- age   1:   34847072 bytes,   34847072 total
: 306156K->34036K(306688K), 0.0396406 secs] 4700521K->4694434K(5208832K), 0.0398168 secs] [Times: user=0.19 sys=0.00, real=0.04 secs] 
2016-06-27T18:37:17.804+0300: 34.141: Total time for which application threads were stopped: 0.0451449 seconds, Stopping threads took: 0.0048158 seconds
2016-06-27T18:37:18.130+0300: 34.466: [GC (Allocation Failure) 2016-06-27T18:37:18.130+0300: 34.466: [ParNew: 306106K->306106K(306688K), 0.0000269 secs]2016-06-27T18:37:18.130+0300: 34.466: [CMS: 4660397K->3956314K(4902144K), 0.7097873 secs] 4966504K->3956314K(5208832K), [Metaspace: 8238K->8238K(1056768K)], 0.7099918 secs] [Times: user=0.69 sys=0.00, real=0.70 secs] 
2016-06-27T18:37:18.832+0300: 35.176: Total time for which application threads were stopped: 0.7150419 seconds, Stopping threads took: 0.0045408 seconds
2016-06-27T18:37:19.188+0300: 35.525: [GC (Allocation Failure) 2016-06-27T18:37:19.188+0300: 35.525: [ParNew
Desired survivor size 17432576 bytes, new threshold 1 (max 6)
- age   1:   34849592 bytes,   34849592 total
: 271776K->34048K(306688K), 0.0354474 secs] 4228090K->4222374K(5208832K), 0.0356163 secs] [Times: user=0.16 sys=0.02, real=0.04 secs] 
2016-06-27T18:37:19.224+0300: 35.560: Total time for which application threads were stopped: 0.0416664 seconds, Stopping threads took: 0.0055394 seconds
2016-06-27T18:37:19.545+0300: 35.881: [GC (Allocation Failure) 2016-06-27T18:37:19.545+0300: 35.881: [ParNew
Desired survivor size 17432576 bytes, new threshold 1 (max 6)
- age   1:   34853400 bytes,   34853400 total
: 306483K->34047K(306688K), 0.0398065 secs] 4494809K->4489411K(5208832K), 0.0399806 secs] [Times: user=0.19 sys=0.00, real=0.04 secs] 
2016-06-27T18:37:19.585+0300: 35.921: Total time for which application threads were stopped: 0.0465344 seconds, Stopping threads took: 0.0060316 seconds
2016-06-27T18:37:19.925+0300: 36.262: [GC (Allocation Failure) 2016-06-27T18:37:19.926+0300: 36.262: [ParNew
Desired survivor size 17432576 bytes, new threshold 1 (max 6)
- age   1:   34855872 bytes,   34855872 total
: 305997K->34048K(306688K), 0.0385548 secs] 4761361K->4755452K(5208832K), 0.0387147 secs] [Times: user=0.14 sys=0.00, real=0.04 secs] 
2016-06-27T18:37:19.964+0300: 36.301: Total time for which application threads were stopped: 0.0448866 seconds, Stopping threads took: 0.0056583 seconds
2016-06-27T18:37:20.291+0300: 36.628: [GC (Allocation Failure) 2016-06-27T18:37:20.291+0300: 36.628: [ParNew: 306502K->306502K(306688K), 0.0000295 secs]2016-06-27T18:37:20.291+0300: 36.628: [CMS: 4721404K->3852310K(4902144K), 0.5864570 secs] 5027906K->3852310K(5208832K), [Metaspace: 8246K->8246K(1056768K)], 0.5866768 secs] [Times: user=0.58 sys=0.00, real=0.59 secs] 
2016-06-27T18:37:20.878+0300: 37.214: Total time for which application threads were stopped: 0.5928098 seconds, Stopping threads took: 0.0055882 seconds
2016-06-27T18:37:21.251+0300: 37.587: [GC (Allocation Failure) 2016-06-27T18:37:21.251+0300: 37.587: [ParNew
Desired survivor size 17432576 bytes, new threshold 1 (max 6)
- age   1:   34848328 bytes,   34848328 total
: 272640K->34047K(306688K), 0.0355885 secs] 4124950K->4119369K(5208832K), 0.0419127 secs] [Times: user=0.17 sys=0.00, real=0.04 secs] 
2016-06-27T18:37:21.293+0300: 37.629: Total time for which application threads were stopped: 0.0432256 seconds, Stopping threads took: 0.0007792 seconds
2016-06-27T18:37:21.659+0300: 37.995: [GC (Allocation Failure) 2016-06-27T18:37:21.659+0300: 37.995: [ParNew
Desired survivor size 17432576 bytes, new threshold 1 (max 6)
- age   1:   34850760 bytes,   34850760 total
: 306687K->34048K(306688K), 0.0391009 secs] 4392009K->4385405K(5208832K), 0.0392856 secs] [Times: user=0.19 sys=0.00, real=0.04 secs] 
2016-06-27T18:37:21.698+0300: 38.034: Total time for which application threads were stopped: 0.0400768 seconds, Stopping threads took: 0.0004529 seconds
2016-06-27T18:37:22.042+0300: 38.379: [GC (Allocation Failure) 2016-06-27T18:37:22.043+0300: 38.379: [ParNew
Desired survivor size 17432576 bytes, new threshold 1 (max 6)
- age   1:   34846728 bytes,   34846728 total
: 305832K->34033K(306688K), 0.0512856 secs] 4657189K->4651430K(5208832K), 0.0514896 secs] [Times: user=0.13 sys=0.00, real=0.05 secs] 
2016-06-27T18:37:22.094+0300: 38.431: Total time for which application threads were stopped: 0.0526900 seconds, Stopping threads took: 0.0008284 seconds
2016-06-27T18:37:22.462+0300: 38.798: [GC (Allocation Failure) 2016-06-27T18:37:22.462+0300: 38.798: [ParNew: 305900K->305900K(306688K), 0.0000210 secs]2016-06-27T18:37:22.462+0300: 38.798: [CMS: 4617397K->3792306K(4902144K), 0.6013791 secs] 4923297K->3792306K(5208832K), [Metaspace: 8246K->8246K(1056768K)], 0.6015660 secs] [Times: user=0.59 sys=0.00, real=0.60 secs] 
2016-06-27T18:37:23.063+0300: 39.400: Total time for which application threads were stopped: 0.6027634 seconds, Stopping threads took: 0.0007685 seconds
2016-06-27T18:37:23.399+0300: 39.736: [GC (Allocation Failure) 2016-06-27T18:37:23.399+0300: 39.736: [ParNew
Desired survivor size 17432576 bytes, new threshold 1 (max 6)
- age   1:   34849752 bytes,   34849752 total
: 272430K->34046K(306688K), 0.0370028 secs] 4064736K->4059364K(5208832K), 0.0371726 secs] [Times: user=0.11 sys=0.00, real=0.04 secs] 
2016-06-27T18:37:23.436+0300: 39.773: Total time for which application threads were stopped: 0.0395721 seconds, Stopping threads took: 0.0019244 seconds
2016-06-27T18:37:23.773+0300: 40.109: [GC (Allocation Failure) 2016-06-27T18:37:23.773+0300: 40.109: [ParNew
Desired survivor size 17432576 bytes, new threshold 1 (max 6)
- age   1:   34853776 bytes,   34853776 total
: 306663K->34048K(306688K), 0.0406456 secs] 4331980K->4326402K(5208832K), 0.0408367 secs] [Times: user=0.11 sys=0.00, real=0.04 secs] 
2016-06-27T18:37:23.814+0300: 40.150: Total time for which application threads were stopped: 0.0426970 seconds, Stopping threads took: 0.0013818 seconds
2016-06-27T18:37:24.168+0300: 40.505: Total time for which application threads were stopped: 0.0010781 seconds, Stopping threads took: 0.0007719 seconds
2016-06-27T18:37:24.226+0300: 40.562: [GC (Allocation Failure) 2016-06-27T18:37:24.226+0300: 40.562: [ParNew
Desired survivor size 17432576 bytes, new threshold 1 (max 6)
- age   1:   34854448 bytes,   34854448 total
: 306688K->34048K(306688K), 0.0396359 secs] 4599042K->4592442K(5208832K), 0.0398116 secs] [Times: user=0.13 sys=0.00, real=0.04 secs] 
2016-06-27T18:37:24.265+0300: 40.602: Total time for which application threads were stopped: 0.0402542 seconds, Stopping threads took: 0.0000898 seconds
2016-06-27T18:37:24.281+0300: 40.618: Total time for which application threads were stopped: 0.0003301 seconds, Stopping threads took: 0.0000825 seconds
2016-06-27T18:37:24.282+0300: 40.619: Total time for which application threads were stopped: 0.0002369 seconds, Stopping threads took: 0.0000445 seconds
2016-06-27T18:37:24.580+0300: 40.916: [GC (Allocation Failure) 2016-06-27T18:37:24.580+0300: 40.916: [ParNew
Desired survivor size 17432576 bytes, new threshold 1 (max 6)
- age   1:   34844904 bytes,   34844904 total
: 305936K->34037K(306688K), 0.0387108 secs] 4864330K->4859470K(5208832K), 0.0389217 secs] [Times: user=0.19 sys=0.00, real=0.04 secs] 
2016-06-27T18:37:24.619+0300: 40.955: Total time for which application threads were stopped: 0.0427197 seconds, Stopping threads took: 0.0033541 seconds
2016-06-27T18:37:24.638+0300: 40.975: Total time for which application threads were stopped: 0.0006513 seconds, Stopping threads took: 0.0003481 seconds
2016-06-27T18:37:24.996+0300: 41.332: [GC (Allocation Failure) 2016-06-27T18:37:24.996+0300: 41.332: [ParNew: 305741K->305741K(306688K), 0.0000355 secs]2016-06-27T18:37:24.996+0300: 41.332: [CMS: 4825433K->3730316K(4902144K), 0.6966164 secs] 5131174K->3730316K(5208832K), [Metaspace: 8349K->8349K(1056768K)], 0.6968414 secs] [Times: user=0.70 sys=0.00, real=0.70 secs] 
2016-06-27T18:37:25.693+0300: 42.029: Total time for which application threads were stopped: 0.7020802 seconds, Stopping threads took: 0.0048295 seconds
2016-06-27T18:37:25.700+0300: 42.036: Total time for which application threads were stopped: 0.0009019 seconds, Stopping threads took: 0.0002164 seconds
2016-06-27T18:37:25.801+0300: 42.138: Total time for which application threads were stopped: 0.0092964 seconds, Stopping threads took: 0.0090128 seconds
2016-06-27T18:37:25.999+0300: 42.335: Total time for which application threads were stopped: 0.0035598 seconds, Stopping threads took: 0.0027224 seconds
2016-06-27T18:37:26.083+0300: 42.420: Total time for which application threads were stopped: 0.0056130 seconds, Stopping threads took: 0.0053320 seconds
2016-06-27T18:37:26.084+0300: 42.420: Total time for which application threads were stopped: 0.0003237 seconds, Stopping threads took: 0.0000740 seconds
2016-06-27T18:37:26.087+0300: 42.424: Total time for which application threads were stopped: 0.0003597 seconds, Stopping threads took: 0.0000761 seconds
2016-06-27T18:37:26.088+0300: 42.425: Total time for which application threads were stopped: 0.0003182 seconds, Stopping threads took: 0.0000556 seconds
2016-06-27T18:37:26.143+0300: 42.479: [GC (Allocation Failure) 2016-06-27T18:37:26.143+0300: 42.479: [ParNew
Desired survivor size 17432576 bytes, new threshold 1 (max 6)
- age   1:   33895584 bytes,   33895584 total
: 272296K->33120K(306688K), 0.0392805 secs] 4002612K->3989448K(5208832K), 0.0394460 secs] [Times: user=0.19 sys=0.00, real=0.04 secs] 
2016-06-27T18:37:26.182+0300: 42.518: Total time for which application threads were stopped: 0.0398625 seconds, Stopping threads took: 0.0000624 seconds
2016-06-27T18:37:26.555+0300: 42.892: [GC (Allocation Failure) 2016-06-27T18:37:26.556+0300: 42.892: [ParNew
Desired survivor size 17432576 bytes, new threshold 1 (max 6)
- age   1:   33868968 bytes,   33868968 total
: 304938K->33104K(306688K), 0.0399771 secs] 4261267K->4253546K(5208832K), 0.0401756 secs] [Times: user=0.13 sys=0.00, real=0.04 secs] 
2016-06-27T18:37:26.596+0300: 42.932: Total time for which application threads were stopped: 0.0493081 seconds, Stopping threads took: 0.0087002 seconds
2016-06-27T18:37:26.810+0300: 43.147: [GC (CMS Initial Mark) [1 CMS-initial-mark: 4220442K(4902144K)] 4426571K(5208832K), 0.0007232 secs] [Times: user=0.00 sys=0.00, real=0.00 secs] 
2016-06-27T18:37:26.811+0300: 43.147: Total time for which application threads were stopped: 0.0098365 seconds, Stopping threads took: 0.0087212 seconds
2016-06-27T18:37:26.811+0300: 43.148: [CMS-concurrent-mark-start]
2016-06-27T18:37:26.843+0300: 43.180: [CMS-concurrent-mark: 0.032/0.032 secs] [Times: user=0.13 sys=0.00, real=0.03 secs] 
2016-06-27T18:37:26.843+0300: 43.180: [CMS-concurrent-preclean-start]
2016-06-27T18:37:26.854+0300: 43.190: [CMS-concurrent-preclean: 0.010/0.010 secs] [Times: user=0.06 sys=0.00, real=0.01 secs] 
2016-06-27T18:37:26.854+0300: 43.190: [CMS-concurrent-abortable-preclean-start]
2016-06-27T18:37:26.950+0300: 43.286: [GC (Allocation Failure) 2016-06-27T18:37:26.950+0300: 43.287: [ParNew2016-06-27T18:37:26.983+0300: 43.319: [CMS-concurrent-abortable-preclean: 0.011/0.129 secs] [Times: user=0.50 sys=0.00, real=0.13 secs] 

Desired survivor size 17432576 bytes, new threshold 1 (max 6)
- age   1:   33833528 bytes,   33833528 total
: 305197K->33077K(306688K), 0.0411087 secs] 4525639K->4518604K(5208832K), 0.0412721 secs] [Times: user=0.19 sys=0.00, real=0.04 secs] 
2016-06-27T18:37:26.992+0300: 43.328: Total time for which application threads were stopped: 0.0470215 seconds, Stopping threads took: 0.0053170 seconds
2016-06-27T18:37:26.992+0300: 43.328: [GC (CMS Final Remark) [YG occupancy: 34077 K (306688 K)]2016-06-27T18:37:26.992+0300: 43.328: [Rescan (parallel) , 0.0042184 secs]2016-06-27T18:37:26.996+0300: 43.333: [weak refs processing, 0.0000346 secs]2016-06-27T18:37:26.996+0300: 43.333: [class unloading, 0.0017444 secs]2016-06-27T18:37:26.998+0300: 43.335: [scrub symbol table, 0.0014844 secs]2016-06-27T18:37:27.000+0300: 43.336: [scrub string table, 0.0003823 secs][1 CMS-remark: 4485527K(4902144K)] 4519604K(5208832K), 0.0081720 secs] [Times: user=0.00 sys=0.00, real=0.01 secs] 
2016-06-27T18:37:27.000+0300: 43.337: Total time for which application threads were stopped: 0.0086656 seconds, Stopping threads took: 0.0000911 seconds
2016-06-27T18:37:27.002+0300: 43.338: [CMS-concurrent-sweep-start]
2016-06-27T18:37:27.004+0300: 43.341: [CMS-concurrent-sweep: 0.002/0.002 secs] [Times: user=0.06 sys=0.00, real=0.00 secs] 
2016-06-27T18:37:27.005+0300: 43.341: [CMS-concurrent-reset-start]
2016-06-27T18:37:27.011+0300: 43.347: [CMS-concurrent-reset: 0.006/0.006 secs] [Times: user=0.00 sys=0.00, real=0.01 secs] 
2016-06-27T18:37:27.236+0300: 43.573: Total time for which application threads were stopped: 0.0067270 seconds, Stopping threads took: 0.0057460 seconds
2016-06-27T18:37:27.415+0300: 43.751: [GC (Allocation Failure) 2016-06-27T18:37:27.415+0300: 43.752: [ParNew
Desired survivor size 17432576 bytes, new threshold 1 (max 6)
- age   1:   33845192 bytes,   33845192 total
: 305717K->33060K(306688K), 0.0388896 secs] 4326173K->4318560K(5208832K), 0.0390615 secs] [Times: user=0.13 sys=0.00, real=0.04 secs] 
2016-06-27T18:37:27.454+0300: 43.791: Total time for which application threads were stopped: 0.0432602 seconds, Stopping threads took: 0.0038202 seconds
2016-06-27T18:37:27.781+0300: 44.117: [GC (Allocation Failure) 2016-06-27T18:37:27.781+0300: 44.117: [ParNew
Desired survivor size 17432576 bytes, new threshold 1 (max 6)
- age   1:   34854120 bytes,   34854120 total
: 305067K->34047K(306688K), 0.0393459 secs] 4590567K->4584613K(5208832K), 0.0395071 secs] [Times: user=0.19 sys=0.00, real=0.04 secs] 
2016-06-27T18:37:27.820+0300: 44.157: Total time for which application threads were stopped: 0.0427877 seconds, Stopping threads took: 0.0028939 seconds
2016-06-27T18:37:28.005+0300: 44.341: Total time for which application threads were stopped: 0.0049894 seconds, Stopping threads took: 0.0040871 seconds
2016-06-27T18:37:28.201+0300: 44.538: [GC (Allocation Failure) 2016-06-27T18:37:28.201+0300: 44.538: [ParNew
Desired survivor size 17432576 bytes, new threshold 1 (max 6)
- age   1:   34863152 bytes,   34863152 total
: 306687K->34048K(306688K), 0.0388528 secs] 4857253K->4850704K(5208832K), 0.0390158 secs] [Times: user=0.19 sys=0.00, real=0.04 secs] 
2016-06-27T18:37:28.240+0300: 44.577: Total time for which application threads were stopped: 0.0484960 seconds, Stopping threads took: 0.0090556 seconds
2016-06-27T18:37:28.565+0300: 44.902: [GC (Allocation Failure) 2016-06-27T18:37:28.566+0300: 44.902: [ParNew: 306598K->306598K(306688K), 0.0000530 secs]2016-06-27T18:37:28.566+0300: 44.902: [CMS: 4816656K->3737534K(4902144K), 0.6314706 secs] 5123255K->3737534K(5208832K), [Metaspace: 8646K->8646K(1056768K)], 0.6317207 secs] [Times: user=0.64 sys=0.00, real=0.63 secs] 
2016-06-27T18:37:29.196+0300: 45.534: Total time for which application threads were stopped: 0.6361808 seconds, Stopping threads took: 0.0040760 seconds
2016-06-27T18:37:29.531+0300: 45.867: [GC (Allocation Failure) 2016-06-27T18:37:29.531+0300: 45.867: [ParNew
Desired survivor size 17432576 bytes, new threshold 1 (max 6)
- age   1:   34850312 bytes,   34850312 total
: 272531K->34048K(306688K), 0.0376652 secs] 4010066K->4004608K(5208832K), 0.0378448 secs] [Times: user=0.19 sys=0.00, real=0.04 secs] 
2016-06-27T18:37:29.569+0300: 45.905: Total time for which application threads were stopped: 0.0388481 seconds, Stopping threads took: 0.0005406 seconds
2016-06-27T18:37:29.906+0300: 46.243: [GC (Allocation Failure) 2016-06-27T18:37:29.906+0300: 46.243: [ParNew
Desired survivor size 17432576 bytes, new threshold 1 (max 6)
- age   1:   34845112 bytes,   34845112 total
: 306299K->34045K(306688K), 0.0404548 secs] 4276859K->4271644K(5208832K), 0.0405853 secs] [Times: user=0.17 sys=0.00, real=0.04 secs] 
2016-06-27T18:37:29.947+0300: 46.283: Total time for which application threads were stopped: 0.0422343 seconds, Stopping threads took: 0.0012227 seconds
2016-06-27T18:37:30.332+0300: 46.668: [GC (Allocation Failure) 2016-06-27T18:37:30.332+0300: 46.668: [ParNew
Desired survivor size 17432576 bytes, new threshold 1 (max 6)
- age   1:   34850584 bytes,   34850584 total
: 306425K->34048K(306688K), 0.0412451 secs] 4544025K->4538679K(5208832K), 0.0414260 secs] [Times: user=0.19 sys=0.00, real=0.04 secs] 
2016-06-27T18:37:30.373+0300: 46.710: Total time for which application threads were stopped: 0.0449088 seconds, Stopping threads took: 0.0029782 seconds
2016-06-27T18:37:30.762+0300: 47.099: [GC (Allocation Failure) 2016-06-27T18:37:30.768+0300: 47.104: [ParNew
Desired survivor size 17432576 bytes, new threshold 1 (max 6)
- age   1:   34860064 bytes,   34860064 total
: 306557K->34048K(306688K), 0.0417900 secs] 4811188K->4805060K(5208832K), 0.0473529 secs] [Times: user=0.17 sys=0.00, real=0.05 secs] 
2016-06-27T18:37:30.810+0300: 47.146: Total time for which application threads were stopped: 0.0521281 seconds, Stopping threads took: 0.0042192 seconds
2016-06-27T18:37:31.193+0300: 47.529: [GC (Allocation Failure) 2016-06-27T18:37:31.193+0300: 47.529: [ParNew: 305909K->305909K(306688K), 0.0000248 secs]2016-06-27T18:37:31.193+0300: 47.529: [CMS: 4771012K->3975833K(4902144K), 0.7066963 secs] 5076922K->3975833K(5208832K), [Metaspace: 8649K->8649K(1056768K)], 0.7068613 secs] [Times: user=0.70 sys=0.00, real=0.71 secs] 
2016-06-27T18:37:31.900+0300: 48.236: Total time for which application threads were stopped: 0.7093097 seconds, Stopping threads took: 0.0019317 seconds
2016-06-27T18:37:32.228+0300: 48.564: [GC (Allocation Failure) 2016-06-27T18:37:32.228+0300: 48.564: [ParNew
Desired survivor size 17432576 bytes, new threshold 1 (max 6)
- age   1:   34855168 bytes,   34855168 total
: 272203K->34048K(306688K), 0.0370357 secs] 4248036K->4242893K(5208832K), 0.0371717 secs] [Times: user=0.13 sys=0.00, real=0.04 secs] 
2016-06-27T18:37:32.265+0300: 48.601: Total time for which application threads were stopped: 0.0385175 seconds, Stopping threads took: 0.0008365 seconds
2016-06-27T18:37:32.597+0300: 48.933: [GC (Allocation Failure) 2016-06-27T18:37:32.597+0300: 48.933: [ParNew
Desired survivor size 17432576 bytes, new threshold 1 (max 6)
- age   1:   34852208 bytes,   34852208 total
: 306136K->34048K(306688K), 0.0402102 secs] 4514982K->4509935K(5208832K), 0.0403573 secs] [Times: user=0.17 sys=0.00, real=0.04 secs] 
2016-06-27T18:37:32.637+0300: 48.974: Total time for which application threads were stopped: 0.0417981 seconds, Stopping threads took: 0.0009477 seconds
2016-06-27T18:37:32.790+0300: 49.126: [GC (CMS Initial Mark) [1 CMS-initial-mark: 4475887K(4902144K)] 4635379K(5208832K), 0.0005923 secs] [Times: user=0.00 sys=0.00, real=0.00 secs] 
2016-06-27T18:37:32.791+0300: 49.127: Total time for which application threads were stopped: 0.0039177 seconds, Stopping threads took: 0.0027870 seconds
2016-06-27T18:37:32.791+0300: 49.127: [CMS-concurrent-mark-start]
2016-06-27T18:37:32.824+0300: 49.160: [CMS-concurrent-mark: 0.033/0.033 secs] [Times: user=0.13 sys=0.00, real=0.03 secs] 
2016-06-27T18:37:32.824+0300: 49.160: [CMS-concurrent-preclean-start]
2016-06-27T18:37:32.834+0300: 49.170: [CMS-concurrent-preclean: 0.010/0.010 secs] [Times: user=0.06 sys=0.00, real=0.01 secs] 
2016-06-27T18:37:32.834+0300: 49.170: [CMS-concurrent-abortable-preclean-start]
2016-06-27T18:37:32.996+0300: 49.332: [GC (Allocation Failure) 2016-06-27T18:37:32.996+0300: 49.332: [ParNew
Desired survivor size 17432576 bytes, new threshold 1 (max 6)
- age   1:   34861056 bytes,   34861056 total
: 306483K->34048K(306688K), 0.0393925 secs] 4782370K->4776976K(5208832K), 0.0395657 secs] [Times: user=0.13 sys=0.00, real=0.04 secs] 
2016-06-27T18:37:33.035+0300: 49.372: Total time for which application threads were stopped: 0.0461413 seconds, Stopping threads took: 0.0060081 seconds
2016-06-27T18:37:33.268+0300: 49.604: [CMS-concurrent-abortable-preclean: 0.054/0.434 secs] [Times: user=1.66 sys=0.00, real=0.43 secs] 
2016-06-27T18:37:33.474+0300: 49.811: [GC (Allocation Failure) 2016-06-27T18:37:33.474+0300: 49.811: [ParNew: 306688K->306688K(306688K), 0.0000359 secs]2016-06-27T18:37:33.474+0300: 49.811: [CMS (concurrent mode failure): 4742928K->3603570K(4902144K), 0.5786540 secs] 5049616K->3603570K(5208832K), [Metaspace: 8654K->8654K(1056768K)], 0.5788798 secs] [Times: user=0.58 sys=0.00, real=0.58 secs] 
2016-06-27T18:37:34.053+0300: 50.390: Total time for which application threads were stopped: 0.5842319 seconds, Stopping threads took: 0.0047615 seconds
2016-06-27T18:37:34.371+0300: 50.707: [GC (Allocation Failure) 2016-06-27T18:37:34.371+0300: 50.707: [ParNew
Desired survivor size 17432576 bytes, new threshold 1 (max 6)
- age   1:   34849640 bytes,   34849640 total
: 271861K->34042K(306688K), 0.0386882 secs] 3875431K->3870624K(5208832K), 0.0388156 secs] [Times: user=0.13 sys=0.00, real=0.04 secs] 
2016-06-27T18:37:34.410+0300: 50.746: Total time for which application threads were stopped: 0.0403034 seconds, Stopping threads took: 0.0009558 seconds
2016-06-27T18:37:34.747+0300: 51.083: [GC (Allocation Failure) 2016-06-27T18:37:34.747+0300: 51.083: [ParNew
Desired survivor size 17432576 bytes, new threshold 1 (max 6)
- age   1:   34855920 bytes,   34855920 total
: 306073K->34048K(306688K), 0.0388092 secs] 4142655K->4137676K(5208832K), 0.0389833 secs] [Times: user=0.14 sys=0.00, real=0.04 secs] 
2016-06-27T18:37:34.786+0300: 51.122: Total time for which application threads were stopped: 0.0424366 seconds, Stopping threads took: 0.0028708 seconds
2016-06-27T18:37:35.138+0300: 51.475: [GC (Allocation Failure) 2016-06-27T18:37:35.138+0300: 51.475: [ParNew
Desired survivor size 17432576 bytes, new threshold 1 (max 6)
- age   1:   34845760 bytes,   34845760 total
: 306608K->34038K(306688K), 0.0390722 secs] 4410237K->4404709K(5208832K), 0.0392339 secs] [Times: user=0.19 sys=0.00, real=0.04 secs] 
2016-06-27T18:37:35.178+0300: 51.514: Total time for which application threads were stopped: 0.0425572 seconds, Stopping threads took: 0.0027246 seconds
2016-06-27T18:37:35.178+0300: 51.515: [GC (CMS Initial Mark) [1 CMS-initial-mark: 4370671K(4902144K)] 4405709K(5208832K), 0.0004670 secs] [Times: user=0.00 sys=0.00, real=0.00 secs] 
2016-06-27T18:37:35.179+0300: 51.515: Total time for which application threads were stopped: 0.0011025 seconds, Stopping threads took: 0.0001052 seconds
2016-06-27T18:37:35.179+0300: 51.515: [CMS-concurrent-mark-start]
2016-06-27T18:37:35.211+0300: 51.547: [CMS-concurrent-mark: 0.032/0.032 secs] [Times: user=0.13 sys=0.00, real=0.03 secs] 
2016-06-27T18:37:35.211+0300: 51.547: [CMS-concurrent-preclean-start]
2016-06-27T18:37:35.221+0300: 51.557: [CMS-concurrent-preclean: 0.010/0.010 secs] [Times: user=0.00 sys=0.00, real=0.01 secs] 
2016-06-27T18:37:35.221+0300: 51.557: [CMS-concurrent-abortable-preclean-start]
2016-06-27T18:37:35.548+0300: 51.884: [GC (Allocation Failure) 2016-06-27T18:37:35.548+0300: 51.884: [ParNew2016-06-27T18:37:35.580+0300: 51.916: [CMS-concurrent-abortable-preclean: 0.031/0.359 secs] [Times: user=1.42 sys=0.00, real=0.36 secs] 

Desired survivor size 17432576 bytes, new threshold 1 (max 6)
- age   1:   34846312 bytes,   34846312 total
: 306631K->34039K(306688K), 0.0381870 secs] 4677302K->4671742K(5208832K), 0.0383508 secs] [Times: user=0.19 sys=0.00, real=0.04 secs] 
2016-06-27T18:37:35.586+0300: 51.923: Total time for which application threads were stopped: 0.0416839 seconds, Stopping threads took: 0.0027725 seconds
2016-06-27T18:37:35.587+0300: 51.924: [GC (CMS Final Remark) [YG occupancy: 35039 K (306688 K)]2016-06-27T18:37:35.587+0300: 51.924: [Rescan (parallel) , 0.0042889 secs]2016-06-27T18:37:35.592+0300: 51.928: [weak refs processing, 0.0000244 secs]2016-06-27T18:37:35.592+0300: 51.928: [class unloading, 0.0018539 secs]2016-06-27T18:37:35.599+0300: 51.935: [scrub symbol table, 0.0015216 secs]2016-06-27T18:37:35.600+0300: 51.937: [scrub string table, 0.0002972 secs][1 CMS-remark: 4637703K(4902144K)] 4672742K(5208832K), 0.0135909 secs] [Times: user=0.00 sys=0.00, real=0.01 secs] 
2016-06-27T18:37:35.601+0300: 51.937: Total time for which application threads were stopped: 0.0141708 seconds, Stopping threads took: 0.0000535 seconds
2016-06-27T18:37:36.009+0300: 52.345: [CMS-concurrent-sweep-start]
2016-06-27T18:37:36.012+0300: 52.348: [GC (Allocation Failure) 2016-06-27T18:37:36.012+0300: 52.348: [ParNew: 306679K->306679K(306688K), 0.0000338 secs]2016-06-27T18:37:36.012+0300: 52.348: [CMS2016-06-27T18:37:36.015+0300: 52.351: [CMS-concurrent-sweep: 0.002/0.006 secs] [Times: user=0.00 sys=0.00, real=0.01 secs] 
 (concurrent mode failure): 4637703K->3693592K(4902144K), 0.6186255 secs] 4944382K->3693592K(5208832K), [Metaspace: 8664K->8664K(1056768K)], 0.6189856 secs] [Times: user=0.63 sys=0.00, real=0.62 secs] 
2016-06-27T18:37:36.631+0300: 52.967: Total time for which application threads were stopped: 0.6220241 seconds, Stopping threads took: 0.0026104 seconds
2016-06-27T18:37:36.942+0300: 53.279: [GC (Allocation Failure) 2016-06-27T18:37:36.942+0300: 53.279: [ParNew
Desired survivor size 17432576 bytes, new threshold 1 (max 6)
- age   1:   34846368 bytes,   34846368 total
: 271859K->34044K(306688K), 0.0351810 secs] 3965452K->3960649K(5208832K), 0.0353379 secs] [Times: user=0.13 sys=0.00, real=0.04 secs] 
2016-06-27T18:37:36.978+0300: 53.314: Total time for which application threads were stopped: 0.0362677 seconds, Stopping threads took: 0.0004743 seconds
2016-06-27T18:37:37.294+0300: 53.630: [GC (Allocation Failure) 2016-06-27T18:37:37.294+0300: 53.631: [ParNew
Desired survivor size 17432576 bytes, new threshold 1 (max 6)
- age   1:   34846080 bytes,   34846080 total
: 306151K->34044K(306688K), 0.0382088 secs] 4232755K->4227682K(5208832K), 0.0383422 secs] [Times: user=0.14 sys=0.00, real=0.04 secs] 
2016-06-27T18:37:37.333+0300: 53.669: Total time for which application threads were stopped: 0.0396624 seconds, Stopping threads took: 0.0008592 seconds
2016-06-27T18:37:37.333+0300: 53.669: [GC (CMS Initial Mark) [1 CMS-initial-mark: 4193637K(4902144K)] 4228926K(5208832K), 0.0003665 secs] [Times: user=0.00 sys=0.00, real=0.00 secs] 
2016-06-27T18:37:37.333+0300: 53.670: Total time for which application threads were stopped: 0.0007176 seconds, Stopping threads took: 0.0000766 seconds
2016-06-27T18:37:37.333+0300: 53.670: [CMS-concurrent-mark-start]
2016-06-27T18:37:37.365+0300: 53.702: [CMS-concurrent-mark: 0.032/0.032 secs] [Times: user=0.13 sys=0.00, real=0.03 secs] 
2016-06-27T18:37:37.366+0300: 53.702: [CMS-concurrent-preclean-start]
2016-06-27T18:37:37.375+0300: 53.712: [CMS-concurrent-preclean: 0.010/0.010 secs] [Times: user=0.00 sys=0.00, real=0.01 secs] 
2016-06-27T18:37:37.376+0300: 53.712: [CMS-concurrent-abortable-preclean-start]
2016-06-27T18:37:37.706+0300: 54.042: [CMS-concurrent-abortable-preclean: 0.031/0.331 secs] [Times: user=1.30 sys=0.00, real=0.33 secs] 
2016-06-27T18:37:37.746+0300: 54.083: [GC (Allocation Failure) 2016-06-27T18:37:37.746+0300: 54.083: [ParNew
Desired survivor size 17432576 bytes, new threshold 1 (max 6)
- age   1:   34847352 bytes,   34847352 total
: 306684K->34036K(306688K), 0.0381207 secs] 4500322K->4494706K(5208832K), 0.0382811 secs] [Times: user=0.13 sys=0.00, real=0.04 secs] 
2016-06-27T18:37:37.785+0300: 54.121: Total time for which application threads were stopped: 0.0391257 seconds, Stopping threads took: 0.0004661 seconds
2016-06-27T18:37:38.112+0300: 54.448: [GC (Allocation Failure) 2016-06-27T18:37:38.118+0300: 54.454: [ParNew
Desired survivor size 17432576 bytes, new threshold 1 (max 6)
- age   1:   34864952 bytes,   34864952 total
: 306668K->34048K(306688K), 0.0403680 secs] 4767338K->4761870K(5208832K), 0.0461657 secs] [Times: user=0.13 sys=0.00, real=0.05 secs] 
2016-06-27T18:37:38.158+0300: 54.495: Total time for which application threads were stopped: 0.0480277 seconds, Stopping threads took: 0.0014844 seconds
2016-06-27T18:37:38.485+0300: 54.821: [GC (Allocation Failure) 2016-06-27T18:37:38.485+0300: 54.821: [ParNew: 306101K->306101K(306688K), 0.0000291 secs]2016-06-27T18:37:38.485+0300: 54.821: [CMS (concurrent mode failure): 4727822K->3828722K(4902144K), 0.5704323 secs] 5033923K->3828722K(5208832K), [Metaspace: 8688K->8688K(1056768K)], 0.5706000 secs] [Times: user=0.58 sys=0.00, real=0.57 secs] 
2016-06-27T18:37:39.055+0300: 55.392: Total time for which application threads were stopped: 0.5719052 seconds, Stopping threads took: 0.0008981 seconds
2016-06-27T18:37:39.380+0300: 55.717: [GC (Allocation Failure) 2016-06-27T18:37:39.380+0300: 55.717: [ParNew
Desired survivor size 17432576 bytes, new threshold 1 (max 6)
- age   1:   34852064 bytes,   34852064 total
: 272509K->34043K(306688K), 0.0361586 secs] 4101232K->4095777K(5208832K), 0.0362950 secs] [Times: user=0.13 sys=0.00, real=0.04 secs] 
2016-06-27T18:37:39.417+0300: 55.753: Total time for which application threads were stopped: 0.0372504 seconds, Stopping threads took: 0.0005534 seconds
2016-06-27T18:37:39.471+0300: 55.808: Total time for which application threads were stopped: 0.0015626 seconds, Stopping threads took: 0.0001150 seconds
2016-06-27T18:37:39.750+0300: 56.086: [GC (Allocation Failure) 2016-06-27T18:37:39.756+0300: 56.092: [ParNew
Desired survivor size 17432576 bytes, new threshold 1 (max 6)
- age   1:   34859776 bytes,   34859776 total
: 305806K->34046K(306688K), 0.0384974 secs] 4367540K->4361831K(5208832K), 0.0445359 secs] [Times: user=0.13 sys=0.00, real=0.04 secs] 
2016-06-27T18:37:39.793+0300: 56.131: Total time for which application threads were stopped: 0.0455011 seconds, Stopping threads took: 0.0005401 seconds
2016-06-27T18:37:40.006+0300: 56.343: Total time for which application threads were stopped: 0.0015947 seconds, Stopping threads took: 0.0003592 seconds
2016-06-27T18:37:40.166+0300: 56.502: [GC (Allocation Failure) 2016-06-27T18:37:40.166+0300: 56.502: [ParNew
Desired survivor size 17432576 bytes, new threshold 1 (max 6)
- age   1:   33862016 bytes,   33862016 total
: 306686K->33082K(306688K), 0.0406152 secs] 4634471K->4627913K(5208832K), 0.0407756 secs] [Times: user=0.13 sys=0.00, real=0.04 secs] 
2016-06-27T18:37:40.207+0300: 56.543: Total time for which application threads were stopped: 0.0415351 seconds, Stopping threads took: 0.0002746 seconds
2016-06-27T18:37:40.527+0300: 56.863: [GC (Allocation Failure) 2016-06-27T18:37:40.527+0300: 56.863: [ParNew
Desired survivor size 17432576 bytes, new threshold 1 (max 6)
- age   1:   33822112 bytes,   33822112 total
: 305440K->33061K(306688K), 0.0387562 secs] 4900272K->4894974K(5208832K), 0.0389059 secs] [Times: user=0.13 sys=0.00, real=0.04 secs] 
2016-06-27T18:37:40.566+0300: 56.902: Total time for which application threads were stopped: 0.0397770 seconds, Stopping threads took: 0.0005397 seconds
2016-06-27T18:37:40.890+0300: 57.226: [GC (Allocation Failure) 2016-06-27T18:37:40.890+0300: 57.227: [ParNew: 305295K->305295K(306688K), 0.0000393 secs]2016-06-27T18:37:40.890+0300: 57.227: [CMS: 4861912K->3916787K(4902144K), 0.5816946 secs] 5167208K->3916787K(5208832K), [Metaspace: 8706K->8706K(1056768K)], 0.5818917 secs] [Times: user=0.58 sys=0.00, real=0.58 secs] 
2016-06-27T18:37:41.472+0300: 57.808: Total time for which application threads were stopped: 0.5834095 seconds, Stopping threads took: 0.0010952 seconds
2016-06-27T18:37:41.813+0300: 58.149: [GC (Allocation Failure) 2016-06-27T18:37:41.813+0300: 58.149: [ParNew
Desired survivor size 17432576 bytes, new threshold 1 (max 6)
- age   1:   34856096 bytes,   34856096 total
: 272640K->34046K(306688K), 0.0358156 secs] 4189427K->4183882K(5208832K), 0.0360038 secs] [Times: user=0.19 sys=0.00, real=0.04 secs] 
2016-06-27T18:37:41.849+0300: 58.185: Total time for which application threads were stopped: 0.0369951 seconds, Stopping threads took: 0.0005521 seconds
2016-06-27T18:37:42.001+0300: 58.337: Total time for which application threads were stopped: 0.0038600 seconds, Stopping threads took: 0.0023316 seconds
2016-06-27T18:37:42.215+0300: 58.552: [GC (Allocation Failure) 2016-06-27T18:37:42.215+0300: 58.552: [ParNew
Desired survivor size 17432576 bytes, new threshold 1 (max 6)
- age   1:   34856640 bytes,   34856640 total
: 306686K->34048K(306688K), 0.0386125 secs] 4456522K->4449933K(5208832K), 0.0387720 secs] [Times: user=0.13 sys=0.00, real=0.04 secs] 
2016-06-27T18:37:42.254+0300: 58.590: Total time for which application threads were stopped: 0.0396748 seconds, Stopping threads took: 0.0004730 seconds
2016-06-27T18:37:42.574+0300: 58.910: [GC (Allocation Failure) 2016-06-27T18:37:42.574+0300: 58.910: [ParNew
Desired survivor size 17432576 bytes, new threshold 1 (max 6)
- age   1:   34859472 bytes,   34859472 total
: 306081K->34048K(306688K), 0.0377503 secs] 4721967K->4716987K(5208832K), 0.0378983 secs] [Times: user=0.13 sys=0.00, real=0.04 secs] 
2016-06-27T18:37:42.612+0300: 58.948: Total time for which application threads were stopped: 0.0418284 seconds, Stopping threads took: 0.0034875 seconds
2016-06-27T18:37:42.924+0300: 59.260: [GC (Allocation Failure) 2016-06-27T18:37:42.924+0300: 59.260: [ParNew: 306325K->306325K(306688K), 0.0000329 secs]2016-06-27T18:37:42.924+0300: 59.260: [CMS: 4682939K->3843837K(4902144K), 0.6627017 secs] 4989264K->3843837K(5208832K), [Metaspace: 8712K->8712K(1056768K)], 0.6629143 secs] [Times: user=0.67 sys=0.00, real=0.66 secs] 
2016-06-27T18:37:43.587+0300: 59.923: Total time for which application threads were stopped: 0.6653314 seconds, Stopping threads took: 0.0019527 seconds
2016-06-27T18:37:43.696+0300: 60.033: Total time for which application threads were stopped: 0.0020994 seconds, Stopping threads took: 0.0007433 seconds
2016-06-27T18:37:43.984+0300: 60.321: [GC (Allocation Failure) 2016-06-27T18:37:43.984+0300: 60.321: [ParNew
Desired survivor size 17432576 bytes, new threshold 1 (max 6)
- age   1:   33866696 bytes,   33866696 total
: 272640K->33103K(306688K), 0.0359666 secs] 4116477K->4109952K(5208832K), 0.0361295 secs] [Times: user=0.16 sys=0.02, real=0.04 secs] 
2016-06-27T18:37:44.021+0300: 60.357: Total time for which application threads were stopped: 0.0372175 seconds, Stopping threads took: 0.0007061 seconds
2016-06-27T18:37:44.367+0300: 60.704: [GC (Allocation Failure) 2016-06-27T18:37:44.368+0300: 60.704: [ParNew
Desired survivor size 17432576 bytes, new threshold 1 (max 6)
- age   1:   33835056 bytes,   33835056 total
: 305212K->33065K(306688K), 0.0383144 secs] 4382061K->4375990K(5208832K), 0.0384812 secs] [Times: user=0.13 sys=0.00, real=0.04 secs] 
2016-06-27T18:37:44.406+0300: 60.742: Total time for which application threads were stopped: 0.0404463 seconds, Stopping threads took: 0.0015626 seconds
2016-06-27T18:37:44.441+0300: 60.777: [GC (CMS Initial Mark) [1 CMS-initial-mark: 4342925K(4902144K)] 4404472K(5208832K), 0.0004242 secs] [Times: user=0.00 sys=0.00, real=0.00 secs] 
2016-06-27T18:37:44.441+0300: 60.778: Total time for which application threads were stopped: 0.0017739 seconds, Stopping threads took: 0.0010067 seconds
2016-06-27T18:37:44.441+0300: 60.778: [CMS-concurrent-mark-start]
2016-06-27T18:37:44.474+0300: 60.810: [CMS-concurrent-mark: 0.032/0.032 secs] [Times: user=0.16 sys=0.00, real=0.03 secs] 
2016-06-27T18:37:44.474+0300: 60.810: [CMS-concurrent-preclean-start]
2016-06-27T18:37:44.484+0300: 60.820: [CMS-concurrent-preclean: 0.010/0.010 secs] [Times: user=0.00 sys=0.00, real=0.01 secs] 
2016-06-27T18:37:44.484+0300: 60.821: [CMS-concurrent-abortable-preclean-start]
2016-06-27T18:37:44.766+0300: 61.102: [GC (Allocation Failure) 2016-06-27T18:37:44.766+0300: 61.102: [ParNew
Desired survivor size 17432576 bytes, new threshold 1 (max 6)
- age   1:   34851176 bytes,   34851176 total
: 305705K->34047K(306688K), 0.0379376 secs] 4648630K->4643025K(5208832K), 0.0380946 secs] [Times: user=0.19 sys=0.00, real=0.04 secs] 
2016-06-27T18:37:44.804+0300: 61.140: Total time for which application threads were stopped: 0.0395683 seconds, Stopping threads took: 0.0010289 seconds
2016-06-27T18:37:45.021+0300: 61.357: Total time for which application threads were stopped: 0.0024445 seconds, Stopping threads took: 0.0010743 seconds
2016-06-27T18:37:45.132+0300: 61.468: [CMS-concurrent-abortable-preclean: 0.076/0.647 secs] [Times: user=2.53 sys=0.02, real=0.65 secs] 
2016-06-27T18:37:45.180+0300: 61.517: [GC (Allocation Failure) 2016-06-27T18:37:45.180+0300: 61.517: [ParNew: 306687K->306687K(306688K), 0.0000364 secs]2016-06-27T18:37:45.180+0300: 61.517: [CMS (concurrent mode failure): 4608977K->3902902K(4902144K), 0.5725454 secs] 4915665K->3902902K(5208832K), [Metaspace: 8720K->8720K(1056768K)], 0.5727391 secs] [Times: user=0.56 sys=0.00, real=0.57 secs] 
2016-06-27T18:37:45.753+0300: 62.089: Total time for which application threads were stopped: 0.5735760 seconds, Stopping threads took: 0.0005209 seconds
2016-06-27T18:37:46.021+0300: 62.357: Total time for which application threads were stopped: 0.0020921 seconds, Stopping threads took: 0.0006864 seconds
2016-06-27T18:37:46.094+0300: 62.430: [GC (Allocation Failure) 2016-06-27T18:37:46.094+0300: 62.430: [ParNew
Desired survivor size 17432576 bytes, new threshold 1 (max 6)
- age   1:   34856360 bytes,   34856360 total
: 271833K->34047K(306688K), 0.0343146 secs] 4174735K->4168979K(5208832K), 0.0344843 secs] [Times: user=0.13 sys=0.00, real=0.03 secs] 
2016-06-27T18:37:46.128+0300: 62.464: Total time for which application threads were stopped: 0.0351425 seconds, Stopping threads took: 0.0002793 seconds
2016-06-27T18:37:46.436+0300: 62.772: [GC (Allocation Failure) 2016-06-27T18:37:46.436+0300: 62.772: [ParNew
Desired survivor size 17432576 bytes, new threshold 1 (max 6)
- age   1:   34856712 bytes,   34856712 total
: 305964K->34048K(306688K), 0.0376344 secs] 4440897K->4436027K(5208832K), 0.0377828 secs] [Times: user=0.17 sys=0.00, real=0.04 secs] 
2016-06-27T18:37:46.474+0300: 62.810: Total time for which application threads were stopped: 0.0389863 seconds, Stopping threads took: 0.0008292 seconds
2016-06-27T18:37:46.789+0300: 63.125: [GC (Allocation Failure) 2016-06-27T18:37:46.795+0300: 63.131: [ParNew
Desired survivor size 17432576 bytes, new threshold 1 (max 6)
- age   1:   34853312 bytes,   34853312 total
: 306021K->34048K(306688K), 0.0377422 secs] 4708001K->4703070K(5208832K), 0.0437033 secs] [Times: user=0.13 sys=0.00, real=0.03 secs] 
2016-06-27T18:37:46.819+0300: 63.169: Total time for which application threads were stopped: 0.0446587 seconds, Stopping threads took: 0.0006603 seconds
2016-06-27T18:37:47.019+0300: 63.355: Total time for which application threads were stopped: 0.0007548 seconds, Stopping threads took: 0.0004238 seconds
2016-06-27T18:37:47.020+0300: 63.356: Total time for which application threads were stopped: 0.0003396 seconds, Stopping threads took: 0.0000325 seconds
2016-06-27T18:37:47.020+0300: 63.356: Total time for which application threads were stopped: 0.0003391 seconds, Stopping threads took: 0.0000381 seconds
2016-06-27T18:37:47.020+0300: 63.357: Total time for which application threads were stopped: 0.0003374 seconds, Stopping threads took: 0.0000453 seconds
2016-06-27T18:37:47.022+0300: 63.359: Total time for which application threads were stopped: 0.0014981 seconds, Stopping threads took: 0.0000539 seconds
2016-06-27T18:37:47.032+0300: 63.368: Total time for which application threads were stopped: 0.0003815 seconds, Stopping threads took: 0.0000804 seconds
2016-06-27T18:37:47.185+0300: 63.521: [GC (Allocation Failure) 2016-06-27T18:37:47.185+0300: 63.521: [ParNew: 306231K->306231K(306688K), 0.0000222 secs]2016-06-27T18:37:47.185+0300: 63.521: [CMS: 4669022K->3888936K(4902144K), 0.5826359 secs] 4975254K->3888936K(5208832K), [Metaspace: 8737K->8737K(1056768K)], 0.5827847 secs] [Times: user=0.58 sys=0.00, real=0.58 secs] 
2016-06-27T18:37:47.768+0300: 64.104: Total time for which application threads were stopped: 0.5834121 seconds, Stopping threads took: 0.0003293 seconds
2016-06-27T18:37:48.023+0300: 64.359: Total time for which application threads were stopped: 0.0018688 seconds, Stopping threads took: 0.0003314 seconds
2016-06-27T18:37:48.132+0300: 64.469: [GC (Allocation Failure) 2016-06-27T18:37:48.133+0300: 64.469: [ParNew
Desired survivor size 17432576 bytes, new threshold 1 (max 6)
- age   1:   34852176 bytes,   34852176 total
: 272640K->34046K(306688K), 0.0350061 secs] 4161576K->4155031K(5208832K), 0.0412447 secs] [Times: user=0.13 sys=0.00, real=0.04 secs] 
2016-06-27T18:37:48.174+0300: 64.510: Total time for which application threads were stopped: 0.0417677 seconds, Stopping threads took: 0.0001694 seconds
2016-06-27T18:37:48.488+0300: 64.825: [GC (Allocation Failure) 2016-06-27T18:37:48.489+0300: 64.825: [ParNew
Desired survivor size 17432576 bytes, new threshold 1 (max 6)
- age   1:   34861976 bytes,   34861976 total
: 306497K->34048K(306688K), 0.0393609 secs] 4427482K->4422071K(5208832K), 0.0395084 secs] [Times: user=0.14 sys=0.00, real=0.04 secs] 
2016-06-27T18:37:48.528+0300: 64.865: Total time for which application threads were stopped: 0.0404552 seconds, Stopping threads took: 0.0005696 seconds
2016-06-27T18:37:48.843+0300: 65.180: [GC (Allocation Failure) 2016-06-27T18:37:48.843+0300: 65.180: [ParNew
Desired survivor size 17432576 bytes, new threshold 1 (max 6)
- age   1:   34858472 bytes,   34858472 total
: 306121K->34048K(306688K), 0.0381874 secs] 4694145K->4689120K(5208832K), 0.0383281 secs] [Times: user=0.19 sys=0.00, real=0.04 secs] 
2016-06-27T18:37:48.882+0300: 65.218: Total time for which application threads were stopped: 0.0393087 seconds, Stopping threads took: 0.0006051 seconds
2016-06-27T18:37:49.023+0300: 65.360: Total time for which application threads were stopped: 0.0026408 seconds, Stopping threads took: 0.0011833 seconds
2016-06-27T18:37:49.251+0300: 65.587: [GC (Allocation Failure) 2016-06-27T18:37:49.251+0300: 65.588: [ParNew: 306688K->306688K(306688K), 0.0000355 secs]2016-06-27T18:37:49.251+0300: 65.588: [CMS: 4655072K->3799987K(4902144K), 0.5673489 secs] 4961760K->3799987K(5208832K), [Metaspace: 8761K->8761K(1056768K)], 0.5675452 secs] [Times: user=0.58 sys=0.00, real=0.57 secs] 
2016-06-27T18:37:49.819+0300: 66.155: Total time for which application threads were stopped: 0.5684921 seconds, Stopping threads took: 0.0005872 seconds
2016-06-27T18:37:50.023+0300: 66.359: Total time for which application threads were stopped: 0.0022371 seconds, Stopping threads took: 0.0004020 seconds
2016-06-27T18:37:50.162+0300: 66.498: [GC (Allocation Failure) 2016-06-27T18:37:50.162+0300: 66.498: [ParNew
Desired survivor size 17432576 bytes, new threshold 1 (max 6)
- age   1:   34861128 bytes,   34861128 total
: 272267K->34048K(306688K), 0.0353948 secs] 4072254K->4066061K(5208832K), 0.0355505 secs] [Times: user=0.13 sys=0.00, real=0.04 secs] 
2016-06-27T18:37:50.198+0300: 66.534: Total time for which application threads were stopped: 0.0360170 seconds, Stopping threads took: 0.0001929 seconds
2016-06-27T18:37:50.514+0300: 66.850: [GC (Allocation Failure) 2016-06-27T18:37:50.514+0300: 66.851: [ParNew
Desired survivor size 17432576 bytes, new threshold 1 (max 6)
- age   1:   34860792 bytes,   34860792 total
: 306331K->34048K(306688K), 0.0392920 secs] 4338344K->4333113K(5208832K), 0.0394627 secs] [Times: user=0.19 sys=0.00, real=0.04 secs] 
2016-06-27T18:37:50.554+0300: 66.890: Total time for which application threads were stopped: 0.0425097 seconds, Stopping threads took: 0.0026694 seconds
2016-06-27T18:37:50.873+0300: 67.210: [GC (Allocation Failure) 2016-06-27T18:37:50.873+0300: 67.210: [ParNew
Desired survivor size 17432576 bytes, new threshold 1 (max 6)
- age   1:   34855440 bytes,   34855440 total
: 305980K->34048K(306688K), 0.0373051 secs] 4605046K->4600163K(5208832K), 0.0374732 secs] [Times: user=0.14 sys=0.00, real=0.04 secs] 
2016-06-27T18:37:50.911+0300: 67.247: Total time for which application threads were stopped: 0.0405014 seconds, Stopping threads took: 0.0026181 seconds
2016-06-27T18:37:51.027+0300: 67.364: Total time for which application threads were stopped: 0.0068506 seconds, Stopping threads took: 0.0048868 seconds
2016-06-27T18:37:51.259+0300: 67.595: [GC (Allocation Failure) 2016-06-27T18:37:51.259+0300: 67.595: [ParNew
Desired survivor size 17432576 bytes, new threshold 1 (max 6)
- age   1:   34847480 bytes,   34847480 total
: 306115K->34039K(306688K), 0.0382691 secs] 4872230K->4867197K(5208832K), 0.0384859 secs] [Times: user=0.13 sys=0.00, real=0.04 secs] 
2016-06-27T18:37:51.297+0300: 67.634: Total time for which application threads were stopped: 0.0423250 seconds, Stopping threads took: 0.0034200 seconds
2016-06-27T18:37:51.624+0300: 67.961: [GC (Allocation Failure) 2016-06-27T18:37:51.624+0300: 67.961: [ParNew: 306218K->306218K(306688K), 0.0000440 secs]2016-06-27T18:37:51.624+0300: 67.961: [CMS: 4833157K->3769040K(4902144K), 0.6611827 secs] 5139375K->3769040K(5208832K), [Metaspace: 8775K->8775K(1056768K)], 0.6614081 secs] [Times: user=0.66 sys=0.00, real=0.66 secs] 
2016-06-27T18:37:52.286+0300: 68.622: Total time for which application threads were stopped: 0.6714396 seconds, Stopping threads took: 0.0095559 seconds
2016-06-27T18:37:52.611+0300: 68.947: [GC (Allocation Failure) 2016-06-27T18:37:52.611+0300: 68.947: [ParNew
Desired survivor size 17432576 bytes, new threshold 1 (max 6)
- age   1:   34844376 bytes,   34844376 total
: 272341K->34041K(306688K), 0.0366825 secs] 4041381K->4036093K(5208832K), 0.0368407 secs] [Times: user=0.19 sys=0.00, real=0.04 secs] 
2016-06-27T18:37:52.648+0300: 68.984: Total time for which application threads were stopped: 0.0386369 seconds, Stopping threads took: 0.0012834 seconds
2016-06-27T18:37:52.653+0300: 68.989: Total time for which application threads were stopped: 0.0018954 seconds, Stopping threads took: 0.0001411 seconds
2016-06-27T18:37:53.011+0300: 69.347: [GC (Allocation Failure) 2016-06-27T18:37:53.011+0300: 69.347: [ParNew
Desired survivor size 17432576 bytes, new threshold 1 (max 6)
- age   1:   34864968 bytes,   34864968 total
: 306681K->34048K(306688K), 0.0394601 secs] 4308733K->4302142K(5208832K), 0.0396252 secs] [Times: user=0.13 sys=0.00, real=0.04 secs] 
2016-06-27T18:37:53.051+0300: 69.387: Total time for which application threads were stopped: 0.0415505 seconds, Stopping threads took: 0.0014583 seconds
2016-06-27T18:37:53.370+0300: 69.707: [GC (Allocation Failure) 2016-06-27T18:37:53.370+0300: 69.707: [ParNew
Desired survivor size 17432576 bytes, new threshold 1 (max 6)
- age   1:   34850672 bytes,   34850672 total
: 306314K->34048K(306688K), 0.0383944 secs] 4574409K->4569201K(5208832K), 0.0385445 secs] [Times: user=0.13 sys=0.00, real=0.04 secs] 
2016-06-27T18:37:53.409+0300: 69.745: Total time for which application threads were stopped: 0.0410039 seconds, Stopping threads took: 0.0019980 seconds
2016-06-27T18:37:53.730+0300: 70.066: [GC (Allocation Failure) 2016-06-27T18:37:53.730+0300: 70.067: [ParNew
Desired survivor size 17432576 bytes, new threshold 1 (max 6)
- age   1:   34850992 bytes,   34850992 total
: 305984K->34045K(306688K), 0.0383751 secs] 4841137K->4836235K(5208832K), 0.0385458 secs] [Times: user=0.13 sys=0.00, real=0.04 secs] 
2016-06-27T18:37:53.769+0300: 70.105: Total time for which application threads were stopped: 0.0411870 seconds, Stopping threads took: 0.0021614 seconds
2016-06-27T18:37:54.096+0300: 70.432: [GC (Allocation Failure) 2016-06-27T18:37:54.096+0300: 70.432: [ParNew: 305705K->305705K(306688K), 0.0000334 secs]2016-06-27T18:37:54.096+0300: 70.432: [CMS: 4802190K->3933078K(4902144K), 0.5847660 secs] 5107895K->3933078K(5208832K), [Metaspace: 8782K->8782K(1056768K)], 0.5849448 secs] [Times: user=0.59 sys=0.00, real=0.59 secs] 
2016-06-27T18:37:54.681+0300: 71.017: Total time for which application threads were stopped: 0.5868602 seconds, Stopping threads took: 0.0014211 seconds
2016-06-27T18:37:54.995+0300: 71.332: Total time for which application threads were stopped: 0.0028448 seconds, Stopping threads took: 0.0013056 seconds
2016-06-27T18:37:55.086+0300: 71.423: [GC (Allocation Failure) 2016-06-27T18:37:55.086+0300: 71.423: [ParNew
Desired survivor size 17432576 bytes, new threshold 1 (max 6)
- age   1:   34861624 bytes,   34861624 total
: 272640K->34048K(306688K), 0.0369733 secs] 4205718K->4199188K(5208832K), 0.0371734 secs] [Times: user=0.11 sys=0.00, real=0.04 secs] 
2016-06-27T18:37:55.124+0300: 71.460: Total time for which application threads were stopped: 0.0377987 seconds, Stopping threads took: 0.0000723 seconds
2016-06-27T18:37:55.549+0300: 71.886: [GC (Allocation Failure) 2016-06-27T18:37:55.550+0300: 71.886: [ParNew
Desired survivor size 17432576 bytes, new threshold 1 (max 6)
- age   1:   34847752 bytes,   34847752 total
: 305921K->34048K(306688K), 0.0431439 secs] 4471062K->4466241K(5208832K), 0.0433488 secs] [Times: user=0.16 sys=0.00, real=0.04 secs] 
2016-06-27T18:37:55.593+0300: 71.929: Total time for which application threads were stopped: 0.0450162 seconds, Stopping threads took: 0.0011799 seconds
2016-06-27T18:37:55.593+0300: 71.930: [GC (CMS Initial Mark) [1 CMS-initial-mark: 4432193K(4902144K)] 4467241K(5208832K), 0.0004050 secs] [Times: user=0.00 sys=0.00, real=0.00 secs] 
2016-06-27T18:37:55.594+0300: 71.930: Total time for which application threads were stopped: 0.0009122 seconds, Stopping threads took: 0.0001116 seconds
2016-06-27T18:37:55.594+0300: 71.930: [CMS-concurrent-mark-start]
2016-06-27T18:37:55.627+0300: 71.963: [CMS-concurrent-mark: 0.033/0.033 secs] [Times: user=0.09 sys=0.00, real=0.03 secs] 
2016-06-27T18:37:55.627+0300: 71.964: [CMS-concurrent-preclean-start]
2016-06-27T18:37:55.637+0300: 71.974: [CMS-concurrent-preclean: 0.010/0.010 secs] [Times: user=0.05 sys=0.00, real=0.01 secs] 
2016-06-27T18:37:55.637+0300: 71.974: [CMS-concurrent-abortable-preclean-start]
2016-06-27T18:37:55.969+0300: 72.306: [CMS-concurrent-abortable-preclean: 0.032/0.332 secs] [Times: user=1.27 sys=0.00, real=0.33 secs] 
2016-06-27T18:37:55.979+0300: 72.316: [GC (Allocation Failure) 2016-06-27T18:37:55.980+0300: 72.316: [ParNew
Desired survivor size 17432576 bytes, new threshold 1 (max 6)
- age   1:   34844560 bytes,   34844560 total
: 306688K->34042K(306688K), 0.0378769 secs] 4738881K->4733272K(5208832K), 0.0380484 secs] [Times: user=0.13 sys=0.00, real=0.04 secs] 
2016-06-27T18:37:56.018+0300: 72.354: Total time for which application threads were stopped: 0.0398150 seconds, Stopping threads took: 0.0013189 seconds
2016-06-27T18:37:56.338+0300: 72.674: [GC (Allocation Failure) 2016-06-27T18:37:56.338+0300: 72.674: [ParNew: 306185K->306185K(306688K), 0.0000334 secs]2016-06-27T18:37:56.338+0300: 72.674: [CMS (concurrent mode failure): 4699229K->3905124K(4902144K), 0.5797997 secs] 5005415K->3905124K(5208832K), [Metaspace: 8799K->8799K(1056768K)], 0.5799831 secs] [Times: user=0.58 sys=0.00, real=0.58 secs] 
2016-06-27T18:37:56.918+0300: 73.254: Total time for which application threads were stopped: 0.5824490 seconds, Stopping threads took: 0.0020352 seconds
2016-06-27T18:37:57.238+0300: 73.575: [GC (Allocation Failure) 2016-06-27T18:37:57.238+0300: 73.575: [ParNew
Desired survivor size 17432576 bytes, new threshold 1 (max 6)
- age   1:   34862040 bytes,   34862040 total
: 272214K->34048K(306688K), 0.0351972 secs] 4177339K->4172219K(5208832K), 0.0353337 secs] [Times: user=0.19 sys=0.00, real=0.04 secs] 
2016-06-27T18:37:57.274+0300: 73.610: Total time for which application threads were stopped: 0.0363066 seconds, Stopping threads took: 0.0004901 seconds
2016-06-27T18:37:57.277+0300: 73.614: Total time for which application threads were stopped: 0.0008908 seconds, Stopping threads took: 0.0000650 seconds
2016-06-27T18:37:57.278+0300: 73.615: Total time for which application threads were stopped: 0.0007749 seconds, Stopping threads took: 0.0000560 seconds
2016-06-27T18:37:57.280+0300: 73.616: Total time for which application threads were stopped: 0.0010114 seconds, Stopping threads took: 0.0000603 seconds
2016-06-27T18:37:57.664+0300: 74.000: [GC (Allocation Failure) 2016-06-27T18:37:57.664+0300: 74.000: [ParNew
Desired survivor size 17432576 bytes, new threshold 1 (max 6)
- age   1:   34859096 bytes,   34859096 total
: 306688K->34048K(306688K), 0.0384188 secs] 4444859K->4438276K(5208832K), 0.0385449 secs] [Times: user=0.13 sys=0.00, real=0.04 secs] 
2016-06-27T18:37:57.702+0300: 74.039: Total time for which application threads were stopped: 0.0393378 seconds, Stopping threads took: 0.0005106 seconds
2016-06-27T18:37:58.050+0300: 74.387: Total time for which application threads were stopped: 0.0029406 seconds, Stopping threads took: 0.0011585 seconds
2016-06-27T18:37:58.121+0300: 74.458: [GC (Allocation Failure) 2016-06-27T18:37:58.121+0300: 74.458: [ParNew
Desired survivor size 17432576 bytes, new threshold 1 (max 6)
- age   1:   34864936 bytes,   34864936 total
: 306688K->34048K(306688K), 0.0403791 secs] 4710916K->4703332K(5208832K), 0.0406391 secs] [Times: user=0.19 sys=0.00, real=0.04 secs] 
2016-06-27T18:37:58.162+0300: 74.499: Total time for which application threads were stopped: 0.0411143 seconds, Stopping threads took: 0.0000847 seconds
2016-06-27T18:37:58.523+0300: 74.859: [GC (Allocation Failure) 2016-06-27T18:37:58.523+0300: 74.859: [ParNew: 306026K->306026K(306688K), 0.0000398 secs]2016-06-27T18:37:58.523+0300: 74.860: [CMS: 4669284K->3784188K(4902144K), 0.6405591 secs] 4975310K->3784188K(5208832K), [Metaspace: 8803K->8803K(1056768K)], 0.6407665 secs] [Times: user=0.64 sys=0.00, real=0.64 secs] 
2016-06-27T18:37:59.164+0300: 75.500: Total time for which application threads were stopped: 0.6444914 seconds, Stopping threads took: 0.0032626 seconds
2016-06-27T18:37:59.169+0300: 75.505: Total time for which application threads were stopped: 0.0020202 seconds, Stopping threads took: 0.0000813 seconds
2016-06-27T18:37:59.570+0300: 75.907: [GC (Allocation Failure) 2016-06-27T18:37:59.570+0300: 75.907: [ParNew
Desired survivor size 17432576 bytes, new threshold 1 (max 6)
- age   1:   34849688 bytes,   34849688 total
: 272120K->34046K(306688K), 0.0350612 secs] 4056308K->4049262K(5208832K), 0.0352139 secs] [Times: user=0.13 sys=0.00, real=0.04 secs] 
2016-06-27T18:37:59.606+0300: 75.942: Total time for which application threads were stopped: 0.0375647 seconds, Stopping threads took: 0.0019749 seconds
2016-06-27T18:37:59.927+0300: 76.263: [GC (Allocation Failure) 2016-06-27T18:37:59.927+0300: 76.263: [ParNew
Desired survivor size 17432576 bytes, new threshold 1 (max 6)
- age   1:   34856552 bytes,   34856552 total
: 306203K->34048K(306688K), 0.0399617 secs] 4321419K->4316303K(5208832K), 0.0401251 secs] [Times: user=0.13 sys=0.00, real=0.04 secs] 
2016-06-27T18:37:59.967+0300: 76.303: Total time for which application threads were stopped: 0.0449939 seconds, Stopping threads took: 0.0042718 seconds
2016-06-27T18:38:00.050+0300: 76.387: Total time for which application threads were stopped: 0.0026921 seconds, Stopping threads took: 0.0011273 seconds
2016-06-27T18:38:00.060+0300: 76.397: Total time for which application threads were stopped: 0.0004495 seconds, Stopping threads took: 0.0001043 seconds
2016-06-27T18:38:00.317+0300: 76.654: [GC (Allocation Failure) 2016-06-27T18:38:00.317+0300: 76.654: [ParNew
Desired survivor size 17432576 bytes, new threshold 1 (max 6)
- age   1:   34852432 bytes,   34852432 total
: 306156K->34048K(306688K), 0.0395901 secs] 4588411K->4583346K(5208832K), 0.0397445 secs] [Times: user=0.13 sys=0.00, real=0.04 secs] 
2016-06-27T18:38:00.357+0300: 76.694: Total time for which application threads were stopped: 0.0447433 seconds, Stopping threads took: 0.0045678 seconds
2016-06-27T18:38:00.685+0300: 77.021: [GC (Allocation Failure) 2016-06-27T18:38:00.685+0300: 77.022: [ParNew
Desired survivor size 17432576 bytes, new threshold 1 (max 6)
- age   1:   34860104 bytes,   34860104 total
: 305920K->34048K(306688K), 0.0390474 secs] 4855219K->4850391K(5208832K), 0.0392095 secs] [Times: user=0.19 sys=0.00, real=0.04 secs] 
2016-06-27T18:38:00.724+0300: 77.061: Total time for which application threads were stopped: 0.0423596 seconds, Stopping threads took: 0.0026720 seconds
2016-06-27T18:38:01.061+0300: 77.397: Total time for which application threads were stopped: 0.0115052 seconds, Stopping threads took: 0.0097176 seconds
2016-06-27T18:38:01.187+0300: 77.523: [GC (Allocation Failure) 2016-06-27T18:38:01.187+0300: 77.523: [ParNew: 306688K->306688K(306688K), 0.0000423 secs]2016-06-27T18:38:01.187+0300: 77.523: [CMS: 4816343K->3840244K(4902144K), 0.7258808 secs] 5123031K->3840244K(5208832K), [Metaspace: 8824K->8824K(1056768K)], 0.7261276 secs] [Times: user=0.74 sys=0.00, real=0.73 secs] 
2016-06-27T18:38:01.913+0300: 78.249: Total time for which application threads were stopped: 0.7291349 seconds, Stopping threads took: 0.0026314 seconds
2016-06-27T18:38:02.052+0300: 78.389: Total time for which application threads were stopped: 0.0021939 seconds, Stopping threads took: 0.0005388 seconds
2016-06-27T18:38:02.290+0300: 78.626: [GC (Allocation Failure) 2016-06-27T18:38:02.290+0300: 78.626: [ParNew
Desired survivor size 17432576 bytes, new threshold 1 (max 6)
- age   1:   34856344 bytes,   34856344 total
: 272119K->34048K(306688K), 0.0359854 secs] 4112363K->4107318K(5208832K), 0.0361518 secs] [Times: user=0.13 sys=0.00, real=0.04 secs] 
2016-06-27T18:38:02.326+0300: 78.663: Total time for which application threads were stopped: 0.0376178 seconds, Stopping threads took: 0.0010721 seconds
2016-06-27T18:38:02.712+0300: 79.048: [GC (Allocation Failure) 2016-06-27T18:38:02.712+0300: 79.048: [ParNew
Desired survivor size 17432576 bytes, new threshold 1 (max 6)
- age   1:   34859712 bytes,   34859712 total
: 306501K->34048K(306688K), 0.0388409 secs] 4379771K->4367361K(5208832K), 0.0390153 secs] [Times: user=0.13 sys=0.00, real=0.04 secs] 
2016-06-27T18:38:02.751+0300: 79.087: Total time for which application threads were stopped: 0.0410463 seconds, Stopping threads took: 0.0015926 seconds
2016-06-27T18:38:03.053+0300: 79.389: Total time for which application threads were stopped: 0.0028016 seconds, Stopping threads took: 0.0011196 seconds
2016-06-27T18:38:03.180+0300: 79.516: [GC (Allocation Failure) 2016-06-27T18:38:03.180+0300: 79.516: [ParNew
Desired survivor size 17432576 bytes, new threshold 1 (max 6)
- age   1:   34861736 bytes,   34861736 total
: 306688K->34048K(306688K), 0.0382793 secs] 4640001K->4632414K(5208832K), 0.0384547 secs] [Times: user=0.13 sys=0.00, real=0.04 secs] 
2016-06-27T18:38:03.219+0300: 79.555: Total time for which application threads were stopped: 0.0417985 seconds, Stopping threads took: 0.0029654 seconds
2016-06-27T18:38:03.585+0300: 79.922: [GC (Allocation Failure) 2016-06-27T18:38:03.585+0300: 79.922: [ParNew: 306109K->306109K(306688K), 0.0000385 secs]2016-06-27T18:38:03.585+0300: 79.922: [CMS: 4598366K->3810289K(4902144K), 0.6572077 secs] 4904475K->3810289K(5208832K), [Metaspace: 8828K->8828K(1056768K)], 0.6574112 secs] [Times: user=0.66 sys=0.00, real=0.66 secs] 
2016-06-27T18:38:04.243+0300: 80.579: Total time for which application threads were stopped: 0.6611964 seconds, Stopping threads took: 0.0033875 seconds
2016-06-27T18:38:04.248+0300: 80.584: Total time for which application threads were stopped: 0.0020669 seconds, Stopping threads took: 0.0000770 seconds
2016-06-27T18:38:04.582+0300: 80.919: [GC (Allocation Failure) 2016-06-27T18:38:04.582+0300: 80.919: [ParNew
Desired survivor size 17432576 bytes, new threshold 1 (max 6)
- age   1:   34852040 bytes,   34852040 total
: 272188K->34048K(306688K), 0.0355193 secs] 4082478K->4077374K(5208832K), 0.0356809 secs] [Times: user=0.19 sys=0.00, real=0.04 secs] 
2016-06-27T18:38:04.618+0300: 80.955: Total time for which application threads were stopped: 0.0370319 seconds, Stopping threads took: 0.0009567 seconds
2016-06-27T18:38:04.952+0300: 81.289: [GC (Allocation Failure) 2016-06-27T18:38:04.952+0300: 81.289: [ParNew
Desired survivor size 17432576 bytes, new threshold 1 (max 6)
- age   1:   34860496 bytes,   34860496 total
: 306163K->34046K(306688K), 0.0393575 secs] 4349490K->4343414K(5208832K), 0.0394947 secs] [Times: user=0.19 sys=0.00, real=0.04 secs] 
2016-06-27T18:38:04.992+0300: 81.328: Total time for which application threads were stopped: 0.0431632 seconds, Stopping threads took: 0.0031758 seconds
2016-06-27T18:38:04.993+0300: 81.329: [GC (CMS Initial Mark) [1 CMS-initial-mark: 4309367K(4902144K)] 4345432K(5208832K), 0.0003751 secs] [Times: user=0.00 sys=0.00, real=0.00 secs] 
2016-06-27T18:38:04.993+0300: 81.330: Total time for which application threads were stopped: 0.0007587 seconds, Stopping threads took: 0.0000757 seconds
2016-06-27T18:38:04.993+0300: 81.330: [CMS-concurrent-mark-start]
2016-06-27T18:38:05.027+0300: 81.363: [CMS-concurrent-mark: 0.034/0.034 secs] [Times: user=0.13 sys=0.00, real=0.03 secs] 
2016-06-27T18:38:05.027+0300: 81.364: [CMS-concurrent-preclean-start]
2016-06-27T18:38:05.037+0300: 81.374: [CMS-concurrent-preclean: 0.010/0.010 secs] [Times: user=0.06 sys=0.00, real=0.01 secs] 
2016-06-27T18:38:05.037+0300: 81.374: [CMS-concurrent-abortable-preclean-start]
2016-06-27T18:38:05.052+0300: 81.389: Total time for which application threads were stopped: 0.0021417 seconds, Stopping threads took: 0.0006603 seconds
2016-06-27T18:38:05.368+0300: 81.704: [GC (Allocation Failure) 2016-06-27T18:38:05.368+0300: 81.704: [ParNew2016-06-27T18:38:05.400+0300: 81.736: [CMS-concurrent-abortable-preclean: 0.043/0.362 secs] [Times: user=1.39 sys=0.00, real=0.36 secs] 

Desired survivor size 17432576 bytes, new threshold 1 (max 6)
- age   1:   34856128 bytes,   34856128 total
: 306183K->34048K(306688K), 0.0384008 secs] 4615550K->4609463K(5208832K), 0.0385650 secs] [Times: user=0.13 sys=0.00, real=0.04 secs] 
2016-06-27T18:38:05.406+0300: 81.743: Total time for which application threads were stopped: 0.0412922 seconds, Stopping threads took: 0.0023440 seconds
2016-06-27T18:38:05.723+0300: 82.060: [GC (Allocation Failure) 2016-06-27T18:38:05.723+0300: 82.060: [ParNew
Desired survivor size 17432576 bytes, new threshold 1 (max 6)
- age   1:   34855408 bytes,   34855408 total
: 305945K->34048K(306688K), 0.0378303 secs] 4881361K->4876508K(5208832K), 0.0379881 secs] [Times: user=0.13 sys=0.00, real=0.04 secs] 
2016-06-27T18:38:05.761+0300: 82.098: Total time for which application threads were stopped: 0.0395991 seconds, Stopping threads took: 0.0011991 seconds
2016-06-27T18:38:06.054+0300: 82.390: Total time for which application threads were stopped: 0.0034811 seconds, Stopping threads took: 0.0019458 seconds
2016-06-27T18:38:06.145+0300: 82.481: [GC (Allocation Failure) 2016-06-27T18:38:06.145+0300: 82.481: [ParNew: 306688K->306688K(306688K), 0.0000368 secs]2016-06-27T18:38:06.145+0300: 82.481: [CMS (concurrent mode failure): 4842460K->3837351K(4902144K), 0.5627901 secs] 5149148K->3837351K(5208832K), [Metaspace: 8834K->8834K(1056768K)], 0.5629822 secs] [Times: user=0.56 sys=0.00, real=0.56 secs] 
2016-06-27T18:38:06.708+0300: 83.044: Total time for which application threads were stopped: 0.5634329 seconds, Stopping threads took: 0.0000962 seconds
2016-06-27T18:38:07.014+0300: 83.350: [GC (Allocation Failure) 2016-06-27T18:38:07.014+0300: 83.351: [ParNew
Desired survivor size 17432576 bytes, new threshold 1 (max 6)
- age   1:   34859824 bytes,   34859824 total
: 271813K->34048K(306688K), 0.0351562 secs] 4109165K->4104417K(5208832K), 0.0353418 secs] [Times: user=0.13 sys=0.00, real=0.04 secs] 
2016-06-27T18:38:07.050+0300: 83.386: Total time for which application threads were stopped: 0.0370447 seconds, Stopping threads took: 0.0012928 seconds
2016-06-27T18:38:07.053+0300: 83.390: Total time for which application threads were stopped: 0.0016229 seconds, Stopping threads took: 0.0000689 seconds
2016-06-27T18:38:07.398+0300: 83.735: [GC (Allocation Failure) 2016-06-27T18:38:07.398+0300: 83.735: [ParNew
Desired survivor size 17432576 bytes, new threshold 1 (max 6)
- age   1:   34860320 bytes,   34860320 total
: 306681K->34048K(306688K), 0.0387767 secs] 4377050K->4370468K(5208832K), 0.0389567 secs] [Times: user=0.13 sys=0.00, real=0.04 secs] 
2016-06-27T18:38:07.437+0300: 83.774: Total time for which application threads were stopped: 0.0404582 seconds, Stopping threads took: 0.0011038 seconds
2016-06-27T18:38:07.768+0300: 84.105: [GC (Allocation Failure) 2016-06-27T18:38:07.768+0300: 84.105: [ParNew
Desired survivor size 17432576 bytes, new threshold 1 (max 6)
- age   1:   34857232 bytes,   34857232 total
: 306271K->34048K(306688K), 0.0398193 secs] 4642691K->4637518K(5208832K), 0.0399857 secs] [Times: user=0.16 sys=0.02, real=0.04 secs] 
2016-06-27T18:38:07.808+0300: 84.145: Total time for which application threads were stopped: 0.0437824 seconds, Stopping threads took: 0.0033147 seconds
2016-06-27T18:38:08.057+0300: 84.394: Total time for which application threads were stopped: 0.0064435 seconds, Stopping threads took: 0.0048145 seconds
2016-06-27T18:38:08.171+0300: 84.508: [GC (Allocation Failure) 2016-06-27T18:38:08.172+0300: 84.508: [ParNew: 305921K->305921K(306688K), 0.0000453 secs]2016-06-27T18:38:08.172+0300: 84.508: [CMS: 4603470K->3733381K(4902144K), 0.6391072 secs] 4909391K->3733381K(5208832K), [Metaspace: 8842K->8842K(1056768K)], 0.6393330 secs] [Times: user=0.64 sys=0.00, real=0.64 secs] 
2016-06-27T18:38:08.811+0300: 85.147: Total time for which application threads were stopped: 0.6521134 seconds, Stopping threads took: 0.0123802 seconds
2016-06-27T18:38:09.172+0300: 85.508: Total time for which application threads were stopped: 0.0021545 seconds, Stopping threads took: 0.0007454 seconds
2016-06-27T18:38:09.195+0300: 85.531: [GC (Allocation Failure) 2016-06-27T18:38:09.195+0300: 85.531: [ParNew
Desired survivor size 17432576 bytes, new threshold 1 (max 6)
- age   1:   34864944 bytes,   34864944 total
: 272640K->34048K(306688K), 0.0362061 secs] 4006021K->3999467K(5208832K), 0.0363433 secs] [Times: user=0.13 sys=0.00, real=0.04 secs] 
2016-06-27T18:38:09.231+0300: 85.567: Total time for which application threads were stopped: 0.0367120 seconds, Stopping threads took: 0.0000975 seconds
2016-06-27T18:38:09.549+0300: 85.886: [GC (Allocation Failure) 2016-06-27T18:38:09.549+0300: 85.886: [ParNew
Desired survivor size 17432576 bytes, new threshold 1 (max 6)
- age   1:   34851664 bytes,   34851664 total
: 305809K->34046K(306688K), 0.0398446 secs] 4271228K->4265521K(5208832K), 0.0399998 secs] [Times: user=0.16 sys=0.00, real=0.04 secs] 
2016-06-27T18:38:09.589+0300: 85.926: Total time for which application threads were stopped: 0.0412601 seconds, Stopping threads took: 0.0007899 seconds
2016-06-27T18:38:09.916+0300: 86.252: [GC (Allocation Failure) 2016-06-27T18:38:09.916+0300: 86.252: [ParNew
Desired survivor size 17432576 bytes, new threshold 1 (max 6)
- age   1:   34858984 bytes,   34858984 total
: 306331K->34046K(306688K), 0.0398488 secs] 4537806K->4532561K(5208832K), 0.0399972 secs] [Times: user=0.13 sys=0.00, real=0.04 secs] 
2016-06-27T18:38:09.956+0300: 86.292: Total time for which application threads were stopped: 0.0412456 seconds, Stopping threads took: 0.0009045 seconds
2016-06-27T18:38:10.054+0300: 86.390: Total time for which application threads were stopped: 0.0024239 seconds, Stopping threads took: 0.0006966 seconds
2016-06-27T18:38:10.065+0300: 86.401: Total time for which application threads were stopped: 0.0006958 seconds, Stopping threads took: 0.0000838 seconds
2016-06-27T18:38:10.334+0300: 86.670: [GC (Allocation Failure) 2016-06-27T18:38:10.334+0300: 86.670: [ParNew
Desired survivor size 17432576 bytes, new threshold 1 (max 6)
- age   1:   34861400 bytes,   34861400 total
: 306686K->34048K(306688K), 0.0405014 secs] 4805201K->4799611K(5208832K), 0.0406708 secs] [Times: user=0.13 sys=0.00, real=0.04 secs] 
2016-06-27T18:38:10.375+0300: 86.711: Total time for which application threads were stopped: 0.0443478 seconds, Stopping threads took: 0.0032562 seconds
2016-06-27T18:38:10.712+0300: 87.048: [GC (Allocation Failure) 2016-06-27T18:38:10.712+0300: 87.048: [ParNew: 306385K->306385K(306688K), 0.0000423 secs]2016-06-27T18:38:10.712+0300: 87.048: [CMS: 4765563K->3866457K(4902144K), 0.6223085 secs] 5071948K->3866457K(5208832K), [Metaspace: 8877K->8877K(1056768K)], 0.6225403 secs] [Times: user=0.63 sys=0.00, real=0.62 secs] 
2016-06-27T18:38:11.334+0300: 87.671: Total time for which application threads were stopped: 0.6253089 seconds, Stopping threads took: 0.0023234 seconds
2016-06-27T18:38:11.393+0300: 87.730: Total time for which application threads were stopped: 0.0018487 seconds, Stopping threads took: 0.0004773 seconds
2016-06-27T18:38:11.703+0300: 88.039: [GC (Allocation Failure) 2016-06-27T18:38:11.703+0300: 88.039: [ParNew
Desired survivor size 17432576 bytes, new threshold 1 (max 6)
- age   1:   34861280 bytes,   34861280 total
: 272640K->34048K(306688K), 0.0361201 secs] 4139097K->4133539K(5208832K), 0.0363455 secs] [Times: user=0.17 sys=0.00, real=0.04 secs] 
2016-06-27T18:38:11.739+0300: 88.076: Total time for which application threads were stopped: 0.0374788 seconds, Stopping threads took: 0.0007437 seconds
2016-06-27T18:38:12.065+0300: 88.401: [GC (Allocation Failure) 2016-06-27T18:38:12.065+0300: 88.401: [ParNew
Desired survivor size 17432576 bytes, new threshold 1 (max 6)
- age   1:   34854304 bytes,   34854304 total
: 305785K->34048K(306688K), 0.0394456 secs] 4405276K->4400590K(5208832K), 0.0396102 secs] [Times: user=0.19 sys=0.00, real=0.04 secs] 
2016-06-27T18:38:12.104+0300: 88.441: Total time for which application threads were stopped: 0.0425413 seconds, Stopping threads took: 0.0025048 seconds
2016-06-27T18:38:12.433+0300: 88.769: [GC (Allocation Failure) 2016-06-27T18:38:12.433+0300: 88.769: [ParNew
Desired survivor size 17432576 bytes, new threshold 1 (max 6)
- age   1:   34856040 bytes,   34856040 total
: 306414K->34048K(306688K), 0.0386903 secs] 4672956K->4667631K(5208832K), 0.0388571 secs] [Times: user=0.13 sys=0.00, real=0.04 secs] 
2016-06-27T18:38:12.472+0300: 88.808: Total time for which application threads were stopped: 0.0419550 seconds, Stopping threads took: 0.0026382 seconds
2016-06-27T18:38:12.832+0300: 89.169: [GC (Allocation Failure) 2016-06-27T18:38:12.832+0300: 89.169: [ParNew: 306405K->306405K(306688K), 0.0000342 secs]2016-06-27T18:38:12.832+0300: 89.169: [CMS: 4633583K->3884511K(4902144K), 0.6314201 secs] 4939988K->3884511K(5208832K), [Metaspace: 8898K->8898K(1056768K)], 0.6316130 secs] [Times: user=0.63 sys=0.02, real=0.63 secs] 
2016-06-27T18:38:13.464+0300: 89.801: Total time for which application threads were stopped: 0.6334891 seconds, Stopping threads took: 0.0014408 seconds
2016-06-27T18:38:13.799+0300: 90.135: [GC (Allocation Failure) 2016-06-27T18:38:13.799+0300: 90.136: [ParNew
Desired survivor size 17432576 bytes, new threshold 1 (max 6)
- age   1:   34842520 bytes,   34842520 total
: 272492K->34039K(306688K), 0.0356771 secs] 4157003K->4151562K(5208832K), 0.0358537 secs] [Times: user=0.19 sys=0.00, real=0.04 secs] 
2016-06-27T18:38:13.835+0300: 90.171: Total time for which application threads were stopped: 0.0368544 seconds, Stopping threads took: 0.0005162 seconds
2016-06-27T18:38:14.169+0300: 90.506: [GC (Allocation Failure) 2016-06-27T18:38:14.169+0300: 90.506: [ParNew
Desired survivor size 17432576 bytes, new threshold 1 (max 6)
- age   1:   34853256 bytes,   34853256 total
: 306476K->34048K(306688K), 0.0394225 secs] 4424000K->4418600K(5208832K), 0.0395768 secs] [Times: user=0.19 sys=0.00, real=0.04 secs] 
2016-06-27T18:38:14.209+0300: 90.546: Total time for which application threads were stopped: 0.0491396 seconds, Stopping threads took: 0.0090697 seconds
2016-06-27T18:38:14.577+0300: 90.913: [GC (Allocation Failure) 2016-06-27T18:38:14.577+0300: 90.913: [ParNew
Desired survivor size 17432576 bytes, new threshold 1 (max 6)
- age   1:   34863032 bytes,   34863032 total
: 306688K->34048K(306688K), 0.0400477 secs] 4691240K->4685671K(5208832K), 0.0402016 secs] [Times: user=0.19 sys=0.00, real=0.04 secs] 
2016-06-27T18:38:14.617+0300: 90.953: Total time for which application threads were stopped: 0.0453275 seconds, Stopping threads took: 0.0046627 seconds
2016-06-27T18:38:14.944+0300: 91.280: [GC (Allocation Failure) 2016-06-27T18:38:14.944+0300: 91.280: [ParNew: 305694K->305694K(306688K), 0.0000428 secs]2016-06-27T18:38:14.944+0300: 91.280: [CMS: 4651623K->3676529K(4902144K), 0.6275541 secs] 4957317K->3676529K(5208832K), [Metaspace: 8905K->8905K(1056768K)], 0.6277722 secs] [Times: user=0.63 sys=0.00, real=0.63 secs] 
2016-06-27T18:38:15.571+0300: 91.908: Total time for which application threads were stopped: 0.6350175 seconds, Stopping threads took: 0.0067980 seconds
2016-06-27T18:38:15.896+0300: 92.232: [GC (Allocation Failure) 2016-06-27T18:38:15.896+0300: 92.232: [ParNew
Desired survivor size 17432576 bytes, new threshold 1 (max 6)
- age   1:   34842824 bytes,   34842824 total
: 272030K->34043K(306688K), 0.0363352 secs] 3948559K->3943584K(5208832K), 0.0364716 secs] [Times: user=0.13 sys=0.00, real=0.04 secs] 
2016-06-27T18:38:15.933+0300: 92.269: Total time for which application threads were stopped: 0.0375639 seconds, Stopping threads took: 0.0007343 seconds
2016-06-27T18:38:16.255+0300: 92.592: [GC (Allocation Failure) 2016-06-27T18:38:16.256+0300: 92.592: [ParNew
Desired survivor size 17432576 bytes, new threshold 1 (max 6)
- age   1:   34842816 bytes,   34842816 total
: 306518K->34037K(306688K), 0.0397462 secs] 4216059K->4211610K(5208832K), 0.0399506 secs] [Times: user=0.13 sys=0.00, real=0.04 secs] 
2016-06-27T18:38:16.295+0300: 92.632: Total time for which application threads were stopped: 0.0414773 seconds, Stopping threads took: 0.0009986 seconds
2016-06-27T18:38:16.296+0300: 92.632: [GC (CMS Initial Mark) [1 CMS-initial-mark: 4177572K(4902144K)] 4212610K(5208832K), 0.0005962 secs] [Times: user=0.00 sys=0.00, real=0.00 secs] 
2016-06-27T18:38:16.297+0300: 92.633: Total time for which application threads were stopped: 0.0011354 seconds, Stopping threads took: 0.0000748 seconds
2016-06-27T18:38:16.297+0300: 92.633: [CMS-concurrent-mark-start]
2016-06-27T18:38:16.331+0300: 92.667: [CMS-concurrent-mark: 0.034/0.034 secs] [Times: user=0.13 sys=0.00, real=0.03 secs] 
2016-06-27T18:38:16.331+0300: 92.667: [CMS-concurrent-preclean-start]
2016-06-27T18:38:16.341+0300: 92.677: [CMS-concurrent-preclean: 0.010/0.010 secs] [Times: user=0.06 sys=0.00, real=0.01 secs] 
2016-06-27T18:38:16.341+0300: 92.678: [CMS-concurrent-abortable-preclean-start]
2016-06-27T18:38:16.683+0300: 93.019: [CMS-concurrent-abortable-preclean: 0.042/0.341 secs] [Times: user=1.34 sys=0.00, real=0.34 secs] 
2016-06-27T18:38:16.723+0300: 93.059: [GC (Allocation Failure) 2016-06-27T18:38:16.729+0300: 93.065: [ParNew
Desired survivor size 17432576 bytes, new threshold 1 (max 6)
- age   1:   34854256 bytes,   34854256 total
: 306677K->34047K(306688K), 0.0398347 secs] 4484250K->4478649K(5208832K), 0.0456940 secs] [Times: user=0.11 sys=0.00, real=0.05 secs] 
2016-06-27T18:38:16.769+0300: 93.105: Total time for which application threads were stopped: 0.0473247 seconds, Stopping threads took: 0.0012184 seconds
2016-06-27T18:38:17.123+0300: 93.460: [GC (Allocation Failure) 2016-06-27T18:38:17.123+0300: 93.460: [ParNew
Desired survivor size 17432576 bytes, new threshold 1 (max 6)
- age   1:   34845704 bytes,   34845704 total
: 306509K->34043K(306688K), 0.0391026 secs] 4751112K->4745687K(5208832K), 0.0392642 secs] [Times: user=0.19 sys=0.00, real=0.04 secs] 
2016-06-27T18:38:17.163+0300: 93.499: Total time for which application threads were stopped: 0.0405087 seconds, Stopping threads took: 0.0008455 seconds
2016-06-27T18:38:17.486+0300: 93.823: [GC (Allocation Failure) 2016-06-27T18:38:17.486+0300: 93.823: [ParNew: 306266K->306266K(306688K), 0.0000278 secs]2016-06-27T18:38:17.486+0300: 93.823: [CMS (concurrent mode failure): 4711643K->3811521K(4902144K), 0.5926691 secs] 5017910K->3811521K(5208832K), [Metaspace: 8906K->8906K(1056768K)], 0.5928380 secs] [Times: user=0.59 sys=0.00, real=0.59 secs] 
2016-06-27T18:38:18.079+0300: 94.415: Total time for which application threads were stopped: 0.5943767 seconds, Stopping threads took: 0.0011333 seconds
2016-06-27T18:38:18.324+0300: 94.661: Total time for which application threads were stopped: 0.0024470 seconds, Stopping threads took: 0.0007599 seconds
2016-06-27T18:38:18.474+0300: 94.810: [GC (Allocation Failure) 2016-06-27T18:38:18.474+0300: 94.810: [ParNew
Desired survivor size 17432576 bytes, new threshold 1 (max 6)
- age   1:   34857064 bytes,   34857064 total
: 272640K->34048K(306688K), 0.0366277 secs] 4084161K->4077581K(5208832K), 0.0367932 secs] [Times: user=0.13 sys=0.00, real=0.04 secs] 
2016-06-27T18:38:18.511+0300: 94.847: Total time for which application threads were stopped: 0.0374860 seconds, Stopping threads took: 0.0003250 seconds
2016-06-27T18:38:18.820+0300: 95.156: [GC (Allocation Failure) 2016-06-27T18:38:18.820+0300: 95.156: [ParNew
Desired survivor size 17432576 bytes, new threshold 1 (max 6)
- age   1:   34846856 bytes,   34846856 total
: 305992K->34037K(306688K), 0.0393656 secs] 4349525K->4344613K(5208832K), 0.0395153 secs] [Times: user=0.13 sys=0.00, real=0.04 secs] 
2016-06-27T18:38:18.860+0300: 95.196: Total time for which application threads were stopped: 0.0414953 seconds, Stopping threads took: 0.0016174 seconds
2016-06-27T18:38:19.056+0300: 95.393: Total time for which application threads were stopped: 0.0021015 seconds, Stopping threads took: 0.0006201 seconds
2016-06-27T18:38:19.226+0300: 95.562: [GC (Allocation Failure) 2016-06-27T18:38:19.226+0300: 95.562: [ParNew
Desired survivor size 17432576 bytes, new threshold 1 (max 6)
- age   1:   34856216 bytes,   34856216 total
: 306624K->34047K(306688K), 0.0388255 secs] 4617200K->4609658K(5208832K), 0.0390111 secs] [Times: user=0.13 sys=0.00, real=0.04 secs] 
2016-06-27T18:38:19.265+0300: 95.601: Total time for which application threads were stopped: 0.0397171 seconds, Stopping threads took: 0.0003340 seconds
2016-06-27T18:38:19.577+0300: 95.913: [GC (Allocation Failure) 2016-06-27T18:38:19.577+0300: 95.913: [ParNew
Desired survivor size 17432576 bytes, new threshold 1 (max 6)
- age   1:   34846936 bytes,   34846936 total
: 306063K->34037K(306688K), 0.0392762 secs] 4881674K->4876690K(5208832K), 0.0394597 secs] [Times: user=0.19 sys=0.00, real=0.04 secs] 
2016-06-27T18:38:19.617+0300: 95.953: Total time for which application threads were stopped: 0.0413007 seconds, Stopping threads took: 0.0014288 seconds
2016-06-27T18:38:19.939+0300: 96.275: [GC (Allocation Failure) 2016-06-27T18:38:19.939+0300: 96.275: [ParNew: 306058K->306058K(306688K), 0.0000402 secs]2016-06-27T18:38:19.939+0300: 96.276: [CMS: 4842652K->3778528K(4902144K), 0.5810300 secs] 5148711K->3778528K(5208832K), [Metaspace: 8906K->8906K(1056768K)], 0.5812789 secs] [Times: user=0.59 sys=0.00, real=0.58 secs] 
2016-06-27T18:38:20.520+0300: 96.857: Total time for which application threads were stopped: 0.5825794 seconds, Stopping threads took: 0.0008840 seconds
2016-06-27T18:38:20.849+0300: 97.185: [GC (Allocation Failure) 2016-06-27T18:38:20.849+0300: 97.185: [ParNew
Desired survivor size 17432576 bytes, new threshold 1 (max 6)
- age   1:   34847328 bytes,   34847328 total
: 272430K->34047K(306688K), 0.0351280 secs] 4050958K->4045587K(5208832K), 0.0353195 secs] [Times: user=0.13 sys=0.00, real=0.04 secs] 
2016-06-27T18:38:20.884+0300: 97.221: Total time for which application threads were stopped: 0.0365619 seconds, Stopping threads took: 0.0007809 seconds
2016-06-27T18:38:21.209+0300: 97.545: [GC (Allocation Failure) 2016-06-27T18:38:21.209+0300: 97.546: [ParNew
Desired survivor size 17432576 bytes, new threshold 1 (max 6)
- age   1:   34842864 bytes,   34842864 total
: 306027K->34038K(306688K), 0.0384615 secs] 4317567K->4312612K(5208832K), 0.0386257 secs] [Times: user=0.13 sys=0.00, real=0.04 secs] 
2016-06-27T18:38:21.248+0300: 97.584: Total time for which application threads were stopped: 0.0403689 seconds, Stopping threads took: 0.0012710 seconds
2016-06-27T18:38:21.568+0300: 97.905: [GC (Allocation Failure) 2016-06-27T18:38:21.568+0300: 97.905: [ParNew
Desired survivor size 17432576 bytes, new threshold 1 (max 6)
- age   1:   34847856 bytes,   34847856 total
: 306369K->34047K(306688K), 0.0396714 secs] 4584943K->4579651K(5208832K), 0.0398270 secs] [Times: user=0.13 sys=0.00, real=0.04 secs] 
2016-06-27T18:38:21.608+0300: 97.945: Total time for which application threads were stopped: 0.0410608 seconds, Stopping threads took: 0.0007531 seconds
2016-06-27T18:38:21.932+0300: 98.268: [GC (Allocation Failure) 2016-06-27T18:38:21.938+0300: 98.274: [ParNew
Desired survivor size 17432576 bytes, new threshold 1 (max 6)
- age   1:   34853384 bytes,   34853384 total
: 306273K->34048K(306688K), 0.0382118 secs] 4851877K->4846686K(5208832K), 0.0445385 secs] [Times: user=0.13 sys=0.00, real=0.03 secs] 
2016-06-27T18:38:21.962+0300: 98.313: Total time for which application threads were stopped: 0.0485469 seconds, Stopping threads took: 0.0034888 seconds
2016-06-27T18:38:22.199+0300: 98.536: Total time for which application threads were stopped: 0.0025467 seconds, Stopping threads took: 0.0010841 seconds
2016-06-27T18:38:22.346+0300: 98.682: [GC (Allocation Failure) 2016-06-27T18:38:22.346+0300: 98.682: [ParNew: 306688K->306688K(306688K), 0.0000398 secs]2016-06-27T18:38:22.346+0300: 98.682: [CMS: 4812638K->3777714K(4902144K), 0.6159061 secs] 5119326K->3777714K(5208832K), [Metaspace: 8911K->8911K(1056768K)], 0.6160973 secs] [Times: user=0.63 sys=0.00, real=0.62 secs] 
2016-06-27T18:38:22.962+0300: 99.298: Total time for which application threads were stopped: 0.6170270 seconds, Stopping threads took: 0.0004862 seconds
2016-06-27T18:38:23.281+0300: 99.618: [GC (Allocation Failure) 2016-06-27T18:38:23.281+0300: 99.618: [ParNew
Desired survivor size 17432576 bytes, new threshold 1 (max 6)
- age   1:   34847200 bytes,   34847200 total
: 272296K->34043K(306688K), 0.0353431 secs] 4050010K->4044769K(5208832K), 0.0410351 secs] [Times: user=0.19 sys=0.00, real=0.04 secs] 
2016-06-27T18:38:23.323+0300: 99.659: Total time for which application threads were stopped: 0.0422193 seconds, Stopping threads took: 0.0008211 seconds
2016-06-27T18:38:23.644+0300: 99.981: [GC (Allocation Failure) 2016-06-27T18:38:23.644+0300: 99.981: [ParNew
Desired survivor size 17432576 bytes, new threshold 1 (max 6)
- age   1:   34843696 bytes,   34843696 total
: 306127K->34039K(306688K), 0.0387087 secs] 4316853K->4311799K(5208832K), 0.0388635 secs] [Times: user=0.19 sys=0.00, real=0.04 secs] 
2016-06-27T18:38:23.683+0300: 100.020: Total time for which application threads were stopped: 0.0398843 seconds, Stopping threads took: 0.0004931 seconds
2016-06-27T18:38:23.684+0300: 100.020: [GC (CMS Initial Mark) [1 CMS-initial-mark: 4277760K(4902144K)] 4312799K(5208832K), 0.0004225 secs] [Times: user=0.00 sys=0.00, real=0.00 secs] 
2016-06-27T18:38:23.684+0300: 100.021: Total time for which application threads were stopped: 0.0009190 seconds, Stopping threads took: 0.0000774 seconds
2016-06-27T18:38:23.684+0300: 100.021: [CMS-concurrent-mark-start]
2016-06-27T18:38:23.718+0300: 100.055: [CMS-concurrent-mark: 0.034/0.034 secs] [Times: user=0.13 sys=0.00, real=0.04 secs] 
2016-06-27T18:38:23.719+0300: 100.055: [CMS-concurrent-preclean-start]
2016-06-27T18:38:23.729+0300: 100.065: [CMS-concurrent-preclean: 0.010/0.010 secs] [Times: user=0.06 sys=0.00, real=0.01 secs] 
2016-06-27T18:38:23.729+0300: 100.065: [CMS-concurrent-abortable-preclean-start]
2016-06-27T18:38:24.038+0300: 100.374: [GC (Allocation Failure) 2016-06-27T18:38:24.038+0300: 100.374: [ParNew2016-06-27T18:38:24.070+0300: 100.406: [CMS-concurrent-abortable-preclean: 0.031/0.341 secs] [Times: user=1.38 sys=0.00, real=0.34 secs] 

Desired survivor size 17432576 bytes, new threshold 1 (max 6)
- age   1:   34849400 bytes,   34849400 total
: 306465K->34048K(306688K), 0.0389567 secs] 4584226K->4578838K(5208832K), 0.0391021 secs] [Times: user=0.13 sys=0.00, real=0.04 secs] 
2016-06-27T18:38:24.077+0300: 100.413: Total time for which application threads were stopped: 0.0413452 seconds, Stopping threads took: 0.0017341 seconds
2016-06-27T18:38:24.077+0300: 100.414: [GC (CMS Final Remark) [YG occupancy: 35048 K (306688 K)]2016-06-27T18:38:24.077+0300: 100.414: [Rescan (parallel) , 0.0042252 secs]2016-06-27T18:38:24.081+0300: 100.418: [weak refs processing, 0.0000197 secs]2016-06-27T18:38:24.081+0300: 100.418: [class unloading, 0.0015592 secs]2016-06-27T18:38:24.083+0300: 100.419: [scrub symbol table, 0.0007540 secs]2016-06-27T18:38:24.084+0300: 100.420: [scrub string table, 0.0001912 secs][1 CMS-remark: 4544790K(4902144K)] 4579838K(5208832K), 0.0069673 secs] [Times: user=0.01 sys=0.00, real=0.01 secs] 
2016-06-27T18:38:24.084+0300: 100.421: Total time for which application threads were stopped: 0.0073732 seconds, Stopping threads took: 0.0000761 seconds
2016-06-27T18:38:24.084+0300: 100.421: [CMS-concurrent-sweep-start]
2016-06-27T18:38:24.088+0300: 100.424: [CMS-concurrent-sweep: 0.003/0.003 secs] [Times: user=0.00 sys=0.00, real=0.00 secs] 
2016-06-27T18:38:24.088+0300: 100.424: [CMS-concurrent-reset-start]
2016-06-27T18:38:24.090+0300: 100.430: [CMS-concurrent-reset: 0.006/0.006 secs] [Times: user=0.00 sys=0.00, real=0.00 secs] 
2016-06-27T18:38:24.407+0300: 100.744: [GC (Allocation Failure) 2016-06-27T18:38:24.407+0300: 100.744: [ParNew
Desired survivor size 17432576 bytes, new threshold 1 (max 6)
- age   1:   34858912 bytes,   34858912 total
: 306330K->34047K(306688K), 0.0386471 secs] 4476069K->4469857K(5208832K), 0.0387810 secs] [Times: user=0.19 sys=0.00, real=0.04 secs] 
2016-06-27T18:38:24.446+0300: 100.782: Total time for which application threads were stopped: 0.0397329 seconds, Stopping threads took: 0.0004871 seconds
2016-06-27T18:38:24.446+0300: 100.783: [GC (CMS Initial Mark) [1 CMS-initial-mark: 4435810K(4902144K)] 4470857K(5208832K), 0.0004306 secs] [Times: user=0.00 sys=0.00, real=0.00 secs] 
2016-06-27T18:38:24.447+0300: 100.783: Total time for which application threads were stopped: 0.0008279 seconds, Stopping threads took: 0.0000774 seconds
2016-06-27T18:38:24.447+0300: 100.783: [CMS-concurrent-mark-start]
2016-06-27T18:38:24.481+0300: 100.818: [CMS-concurrent-mark: 0.034/0.034 secs] [Times: user=0.13 sys=0.00, real=0.03 secs] 
2016-06-27T18:38:24.481+0300: 100.818: [CMS-concurrent-preclean-start]
2016-06-27T18:38:24.491+0300: 100.828: [CMS-concurrent-preclean: 0.010/0.010 secs] [Times: user=0.06 sys=0.00, real=0.01 secs] 
2016-06-27T18:38:24.491+0300: 100.828: [CMS-concurrent-abortable-preclean-start]
2016-06-27T18:38:24.816+0300: 101.152: [GC (Allocation Failure) 2016-06-27T18:38:24.822+0300: 101.158: [ParNew2016-06-27T18:38:24.847+0300: 101.197: [CMS-concurrent-abortable-preclean: 0.032/0.369 secs] [Times: user=1.30 sys=0.01, real=0.36 secs] 

Desired survivor size 17432576 bytes, new threshold 1 (max 6)
- age   1:   34851392 bytes,   34851392 total
: 306687K->34048K(306688K), 0.0387921 secs] 4742497K->4736906K(5208832K), 0.0448430 secs] [Times: user=0.06 sys=0.00, real=0.03 secs] 
2016-06-27T18:38:24.847+0300: 101.197: Total time for which application threads were stopped: 0.0458159 seconds, Stopping threads took: 0.0005474 seconds
2016-06-27T18:38:24.847+0300: 101.198: [GC (CMS Final Remark) [YG occupancy: 35048 K (306688 K)]2016-06-27T18:38:24.847+0300: 101.198: [Rescan (parallel) , 0.0042291 secs]2016-06-27T18:38:24.862+0300: 101.202: [weak refs processing, 0.0000180 secs]2016-06-27T18:38:24.862+0300: 101.202: [class unloading, 0.0013621 secs]2016-06-27T18:38:24.862+0300: 101.203: [scrub symbol table, 0.0007202 secs]2016-06-27T18:38:24.862+0300: 101.204: [scrub string table, 0.0001839 secs][1 CMS-remark: 4702858K(4902144K)] 4737906K(5208832K), 0.0067129 secs] [Times: user=0.06 sys=0.00, real=0.02 secs] 
2016-06-27T18:38:24.862+0300: 101.204: Total time for which application threads were stopped: 0.0070931 seconds, Stopping threads took: 0.0000727 seconds
2016-06-27T18:38:24.862+0300: 101.204: [CMS-concurrent-sweep-start]
2016-06-27T18:38:24.862+0300: 101.208: [CMS-concurrent-sweep: 0.003/0.003 secs] [Times: user=0.00 sys=0.00, real=0.00 secs] 
2016-06-27T18:38:24.862+0300: 101.208: [CMS-concurrent-reset-start]
2016-06-27T18:38:24.862+0300: 101.214: [CMS-concurrent-reset: 0.006/0.006 secs] [Times: user=0.00 sys=0.00, real=0.00 secs] 
2016-06-27T18:38:25.194+0300: 101.530: [GC (Allocation Failure) 2016-06-27T18:38:25.194+0300: 101.530: [ParNew
Desired survivor size 17432576 bytes, new threshold 1 (max 6)
- age   1:   34845120 bytes,   34845120 total
: 306166K->34044K(306688K), 0.0394840 secs] 4423905K->4418821K(5208832K), 0.0396363 secs] [Times: user=0.13 sys=0.00, real=0.04 secs] 
2016-06-27T18:38:25.234+0300: 101.570: Total time for which application threads were stopped: 0.0407841 seconds, Stopping threads took: 0.0007043 seconds
2016-06-27T18:38:25.234+0300: 101.571: [GC (CMS Initial Mark) [1 CMS-initial-mark: 4384777K(4902144K)] 4419821K(5208832K), 0.0004448 secs] [Times: user=0.00 sys=0.00, real=0.00 secs] 
2016-06-27T18:38:25.235+0300: 101.571: Total time for which application threads were stopped: 0.0008976 seconds, Stopping threads took: 0.0000684 seconds
2016-06-27T18:38:25.235+0300: 101.571: [CMS-concurrent-mark-start]
2016-06-27T18:38:25.270+0300: 101.606: [CMS-concurrent-mark: 0.035/0.035 secs] [Times: user=0.13 sys=0.00, real=0.04 secs] 
2016-06-27T18:38:25.270+0300: 101.606: [CMS-concurrent-preclean-start]
2016-06-27T18:38:25.280+0300: 101.616: [CMS-concurrent-preclean: 0.010/0.010 secs] [Times: user=0.06 sys=0.00, real=0.01 secs] 
2016-06-27T18:38:25.280+0300: 101.616: [CMS-concurrent-abortable-preclean-start]
2016-06-27T18:38:25.379+0300: 101.716: Total time for which application threads were stopped: 0.0019043 seconds, Stopping threads took: 0.0004559 seconds
2016-06-27T18:38:25.609+0300: 101.946: [GC (Allocation Failure) 2016-06-27T18:38:25.609+0300: 101.946: [ParNew2016-06-27T18:38:25.611+0300: 101.947: [CMS-concurrent-abortable-preclean: 0.042/0.331 secs] [Times: user=1.30 sys=0.00, real=0.33 secs] 

Desired survivor size 17432576 bytes, new threshold 1 (max 6)
- age   1:   34851504 bytes,   34851504 total
: 306684K->34048K(306688K), 0.0382849 secs] 4691461K->4684857K(5208832K), 0.0384495 secs] [Times: user=0.19 sys=0.00, real=0.04 secs] 
2016-06-27T18:38:25.648+0300: 101.984: Total time for which application threads were stopped: 0.0394900 seconds, Stopping threads took: 0.0006154 seconds
2016-06-27T18:38:25.650+0300: 101.986: [GC (CMS Final Remark) [YG occupancy: 36156 K (306688 K)]2016-06-27T18:38:25.650+0300: 101.986: [Rescan (parallel) , 0.0042359 secs]2016-06-27T18:38:25.654+0300: 101.990: [weak refs processing, 0.0000248 secs]2016-06-27T18:38:25.654+0300: 101.990: [class unloading, 0.0016165 secs]2016-06-27T18:38:25.656+0300: 101.992: [scrub symbol table, 0.0010764 secs]2016-06-27T18:38:25.657+0300: 101.993: [scrub string table, 0.0001997 secs][1 CMS-remark: 4650809K(4902144K)] 4686966K(5208832K), 0.0074100 secs] [Times: user=0.00 sys=0.00, real=0.01 secs] 
2016-06-27T18:38:25.657+0300: 101.993: Total time for which application threads were stopped: 0.0078038 seconds, Stopping threads took: 0.0000714 seconds
2016-06-27T18:38:25.658+0300: 101.994: [CMS-concurrent-sweep-start]
2016-06-27T18:38:25.661+0300: 101.998: [CMS-concurrent-sweep: 0.003/0.003 secs] [Times: user=0.06 sys=0.00, real=0.00 secs] 
2016-06-27T18:38:25.662+0300: 101.998: [CMS-concurrent-reset-start]
2016-06-27T18:38:25.668+0300: 102.004: [CMS-concurrent-reset: 0.006/0.006 secs] [Times: user=0.00 sys=0.00, real=0.01 secs] 
2016-06-27T18:38:25.978+0300: 102.315: [GC (Allocation Failure) 2016-06-27T18:38:25.979+0300: 102.315: [ParNew
Desired survivor size 17432576 bytes, new threshold 1 (max 6)
- age   1:   34848024 bytes,   34848024 total
: 305816K->34041K(306688K), 0.0404232 secs] 4431541K->4426807K(5208832K), 0.0406024 secs] [Times: user=0.11 sys=0.00, real=0.04 secs] 
2016-06-27T18:38:26.019+0300: 102.356: Total time for which application threads were stopped: 0.0417741 seconds, Stopping threads took: 0.0006774 seconds
2016-06-27T18:38:26.374+0300: 102.710: Total time for which application threads were stopped: 0.0046790 seconds, Stopping threads took: 0.0031599 seconds
2016-06-27T18:38:26.455+0300: 102.791: [GC (Allocation Failure) 2016-06-27T18:38:26.455+0300: 102.791: [ParNew
Desired survivor size 17432576 bytes, new threshold 1 (max 6)
- age   1:   34858640 bytes,   34858640 total
: 306681K->34047K(306688K), 0.0388930 secs] 4699447K->4693855K(5208832K), 0.0390782 secs] [Times: user=0.19 sys=0.00, real=0.04 secs] 
2016-06-27T18:38:26.494+0300: 102.830: Total time for which application threads were stopped: 0.0395632 seconds, Stopping threads took: 0.0000890 seconds
2016-06-27T18:38:26.833+0300: 103.169: [GC (Allocation Failure) 2016-06-27T18:38:26.833+0300: 103.169: [ParNew: 305909K->305909K(306688K), 0.0000351 secs]2016-06-27T18:38:26.833+0300: 103.170: [CMS: 4659808K->3804694K(4902144K), 0.6043620 secs] 4965717K->3804694K(5208832K), [Metaspace: 8917K->8917K(1056768K)], 0.6045420 secs] [Times: user=0.59 sys=0.00, real=0.60 secs] 
2016-06-27T18:38:27.437+0300: 103.774: Total time for which application threads were stopped: 0.6114615 seconds, Stopping threads took: 0.0065598 seconds
2016-06-27T18:38:27.471+0300: 103.808: Total time for which application threads were stopped: 0.0011581 seconds, Stopping threads took: 0.0000710 seconds
2016-06-27T18:38:27.800+0300: 104.136: [GC (Allocation Failure) 2016-06-27T18:38:27.800+0300: 104.136: [ParNew
Desired survivor size 17432576 bytes, new threshold 1 (max 6)
- age   1:   34860888 bytes,   34860888 total
: 272626K->34048K(306688K), 0.0371520 secs] 4077321K->4070758K(5208832K), 0.0373013 secs] [Times: user=0.17 sys=0.00, real=0.04 secs] 
2016-06-27T18:38:27.837+0300: 104.174: Total time for which application threads were stopped: 0.0389426 seconds, Stopping threads took: 0.0013043 seconds
2016-06-27T18:38:28.076+0300: 104.412: Total time for which application threads were stopped: 0.0034276 seconds, Stopping threads took: 0.0021943 seconds
2016-06-27T18:38:28.197+0300: 104.533: [GC (Allocation Failure) 2016-06-27T18:38:28.197+0300: 104.534: [ParNew
Desired survivor size 17432576 bytes, new threshold 1 (max 6)
- age   1:   34848544 bytes,   34848544 total
: 306688K->34048K(306688K), 0.0405155 secs] 4343398K->4336805K(5208832K), 0.0408885 secs] [Times: user=0.13 sys=0.00, real=0.04 secs] 
2016-06-27T18:38:28.238+0300: 104.574: Total time for which application threads were stopped: 0.0482659 seconds, Stopping threads took: 0.0069759 seconds
2016-06-27T18:38:28.573+0300: 104.910: [GC (Allocation Failure) 2016-06-27T18:38:28.573+0300: 104.910: [ParNew
Desired survivor size 17432576 bytes, new threshold 1 (max 6)
- age   1:   34849600 bytes,   34849600 total
: 306484K->34043K(306688K), 0.0427026 secs] 4609241K->4603835K(5208832K), 0.0428818 secs] [Times: user=0.17 sys=0.00, real=0.04 secs] 
2016-06-27T18:38:28.616+0300: 104.953: Total time for which application threads were stopped: 0.0489703 seconds, Stopping threads took: 0.0056908 seconds
2016-06-27T18:38:28.958+0300: 105.295: [GC (Allocation Failure) 2016-06-27T18:38:28.959+0300: 105.295: [ParNew
Desired survivor size 17432576 bytes, new threshold 1 (max 6)
- age   1:   34863768 bytes,   34863768 total
: 305938K->34048K(306688K), 0.0431974 secs] 4875730K->4870068K(5208832K), 0.0433633 secs] [Times: user=0.13 sys=0.00, real=0.04 secs] 
2016-06-27T18:38:29.002+0300: 105.338: Total time for which application threads were stopped: 0.0503161 seconds, Stopping threads took: 0.0065192 seconds
2016-06-27T18:38:29.075+0300: 105.412: Total time for which application threads were stopped: 0.0024115 seconds, Stopping threads took: 0.0014074 seconds
2016-06-27T18:38:29.408+0300: 105.744: [GC (Allocation Failure) 2016-06-27T18:38:29.408+0300: 105.744: [ParNew: 306688K->306688K(306688K), 0.0000355 secs]2016-06-27T18:38:29.408+0300: 105.744: [CMS (concurrent mode failure): 4836020K->3681869K(4902144K), 0.6089529 secs] 5142708K->3681869K(5208832K), [Metaspace: 8920K->8920K(1056768K)], 0.6091329 secs] [Times: user=0.61 sys=0.00, real=0.61 secs] 
2016-06-27T18:38:30.017+0300: 106.354: Total time for which application threads were stopped: 0.6140945 seconds, Stopping threads took: 0.0046033 seconds
2016-06-27T18:38:30.075+0300: 106.411: Total time for which application threads were stopped: 0.0015396 seconds, Stopping threads took: 0.0001604 seconds
2016-06-27T18:38:30.085+0300: 106.421: Total time for which application threads were stopped: 0.0005585 seconds, Stopping threads took: 0.0000855 seconds
2016-06-27T18:38:30.353+0300: 106.690: [GC (Allocation Failure) 2016-06-27T18:38:30.353+0300: 106.690: [ParNew
Desired survivor size 17432576 bytes, new threshold 1 (max 6)
- age   1:   34861888 bytes,   34861888 total
: 272549K->34048K(306688K), 0.0345968 secs] 3954419K->3947937K(5208832K), 0.0347426 secs] [Times: user=0.13 sys=0.00, real=0.04 secs] 
2016-06-27T18:38:30.388+0300: 106.724: Total time for which application threads were stopped: 0.0357506 seconds, Stopping threads took: 0.0007180 seconds
2016-06-27T18:38:30.717+0300: 107.054: [GC (Allocation Failure) 2016-06-27T18:38:30.717+0300: 107.054: [ParNew
Desired survivor size 17432576 bytes, new threshold 1 (max 6)
- age   1:   34852904 bytes,   34852904 total
: 306222K->34048K(306688K), 0.0377922 secs] 4220112K->4214989K(5208832K), 0.0379278 secs] [Times: user=0.19 sys=0.00, real=0.04 secs] 
2016-06-27T18:38:30.755+0300: 107.092: Total time for which application threads were stopped: 0.0407764 seconds, Stopping threads took: 0.0024325 seconds
2016-06-27T18:38:31.076+0300: 107.412: Total time for which application threads were stopped: 0.0029046 seconds, Stopping threads took: 0.0012975 seconds
2016-06-27T18:38:31.128+0300: 107.464: [GC (Allocation Failure) 2016-06-27T18:38:31.128+0300: 107.465: [ParNew
Desired survivor size 17432576 bytes, new threshold 1 (max 6)
- age   1:   34862312 bytes,   34862312 total
: 306688K->34047K(306688K), 0.0381596 secs] 4487629K->4481031K(5208832K), 0.0383328 secs] [Times: user=0.19 sys=0.00, real=0.04 secs] 
2016-06-27T18:38:31.167+0300: 107.503: Total time for which application threads were stopped: 0.0387853 seconds, Stopping threads took: 0.0000855 seconds
2016-06-27T18:38:31.483+0300: 107.820: [GC (Allocation Failure) 2016-06-27T18:38:31.483+0300: 107.820: [ParNew
Desired survivor size 17432576 bytes, new threshold 1 (max 6)
- age   1:   34850136 bytes,   34850136 total
: 305847K->34048K(306688K), 0.0384427 secs] 4752831K->4748083K(5208832K), 0.0386069 secs] [Times: user=0.19 sys=0.00, real=0.04 secs] 
2016-06-27T18:38:31.522+0300: 107.858: Total time for which application threads were stopped: 0.0402217 seconds, Stopping threads took: 0.0012274 seconds
2016-06-27T18:38:31.842+0300: 108.178: [GC (Allocation Failure) 2016-06-27T18:38:31.842+0300: 108.178: [ParNew: 306154K->306154K(306688K), 0.0000436 secs]2016-06-27T18:38:31.842+0300: 108.178: [CMS: 4714035K->3874937K(4902144K), 0.5900262 secs] 5020189K->3874937K(5208832K), [Metaspace: 8922K->8922K(1056768K)], 0.5902503 secs] [Times: user=0.58 sys=0.00, real=0.58 secs] 
2016-06-27T18:38:32.425+0300: 108.768: Total time for which application threads were stopped: 0.5934564 seconds, Stopping threads took: 0.0027930 seconds
2016-06-27T18:38:32.755+0300: 109.091: [GC (Allocation Failure) 2016-06-27T18:38:32.755+0300: 109.091: [ParNew
Desired survivor size 17432576 bytes, new threshold 1 (max 6)
- age   1:   34854400 bytes,   34854400 total
: 272389K->34048K(306688K), 0.0347597 secs] 4147327K->4141997K(5208832K), 0.0349257 secs] [Times: user=0.13 sys=0.00, real=0.03 secs] 
2016-06-27T18:38:32.790+0300: 109.126: Total time for which application threads were stopped: 0.0361932 seconds, Stopping threads took: 0.0008147 seconds
2016-06-27T18:38:33.111+0300: 109.447: [GC (Allocation Failure) 2016-06-27T18:38:33.111+0300: 109.447: [ParNew
Desired survivor size 17432576 bytes, new threshold 1 (max 6)
- age   1:   34847624 bytes,   34847624 total
: 306418K->34046K(306688K), 0.0388182 secs] 4414368K->4409036K(5208832K), 0.0389897 secs] [Times: user=0.19 sys=0.00, real=0.04 secs] 
2016-06-27T18:38:33.150+0300: 109.486: Total time for which application threads were stopped: 0.0403496 seconds, Stopping threads took: 0.0008895 seconds
2016-06-27T18:38:33.512+0300: 109.848: [GC (Allocation Failure) 2016-06-27T18:38:33.512+0300: 109.848: [ParNew
Desired survivor size 17432576 bytes, new threshold 1 (max 6)
- age   1:   34846512 bytes,   34846512 total
: 306421K->34040K(306688K), 0.0400101 secs] 4681411K->4676065K(5208832K), 0.0401820 secs] [Times: user=0.19 sys=0.00, real=0.04 secs] 
2016-06-27T18:38:33.552+0300: 109.888: Total time for which application threads were stopped: 0.0415984 seconds, Stopping threads took: 0.0008592 seconds
2016-06-27T18:38:33.839+0300: 110.175: Total time for which application threads were stopped: 0.0050331 seconds, Stopping threads took: 0.0035286 seconds
2016-06-27T18:38:34.008+0300: 110.344: [GC (Allocation Failure) 2016-06-27T18:38:34.008+0300: 110.344: [ParNew: 306680K->306680K(306688K), 0.0000419 secs]2016-06-27T18:38:34.008+0300: 110.344: [CMS: 4642024K->3800980K(4902144K), 0.6037962 secs] 4948705K->3800980K(5208832K), [Metaspace: 8933K->8933K(1056768K)], 0.6040070 secs] [Times: user=0.59 sys=0.00, real=0.60 secs] 
2016-06-27T18:38:34.612+0300: 110.948: Total time for which application threads were stopped: 0.6060213 seconds, Stopping threads took: 0.0015434 seconds
2016-06-27T18:38:35.052+0300: 111.388: [GC (Allocation Failure) 2016-06-27T18:38:35.052+0300: 111.388: [ParNew
Desired survivor size 17432576 bytes, new threshold 1 (max 6)
- age   1:   34844608 bytes,   34844608 total
: 272640K->34045K(306688K), 0.0355672 secs] 4073620K->4067037K(5208832K), 0.0357463 secs] [Times: user=0.13 sys=0.00, real=0.04 secs] 
2016-06-27T18:38:35.088+0300: 111.424: Total time for which application threads were stopped: 0.0368287 seconds, Stopping threads took: 0.0006684 seconds
2016-06-27T18:38:35.149+0300: 111.485: Total time for which application threads were stopped: 0.0052832 seconds, Stopping threads took: 0.0032314 seconds
2016-06-27T18:38:35.423+0300: 111.759: [GC (Allocation Failure) 2016-06-27T18:38:35.423+0300: 111.759: [ParNew
Desired survivor size 17432576 bytes, new threshold 1 (max 6)
- age   1:   34864968 bytes,   34864968 total
: 306292K->34048K(306688K), 0.0387853 secs] 4339284K->4334085K(5208832K), 0.0389512 secs] [Times: user=0.19 sys=0.00, real=0.04 secs] 
2016-06-27T18:38:35.462+0300: 111.798: Total time for which application threads were stopped: 0.0401208 seconds, Stopping threads took: 0.0007103 seconds
2016-06-27T18:38:35.806+0300: 112.143: [GC (CMS Initial Mark) [1 CMS-initial-mark: 4300037K(4902144K)] 4595890K(5208832K), 0.0004944 secs] [Times: user=0.00 sys=0.00, real=0.00 secs] 
2016-06-27T18:38:35.807+0300: 112.143: Total time for which application threads were stopped: 0.0063909 seconds, Stopping threads took: 0.0055193 seconds
2016-06-27T18:38:35.807+0300: 112.143: [CMS-concurrent-mark-start]
2016-06-27T18:38:35.844+0300: 112.180: [CMS-concurrent-mark: 0.037/0.037 secs] [Times: user=0.09 sys=0.00, real=0.04 secs] 
2016-06-27T18:38:35.844+0300: 112.180: [CMS-concurrent-preclean-start]
2016-06-27T18:38:35.854+0300: 112.191: [CMS-concurrent-preclean: 0.010/0.010 secs] [Times: user=0.06 sys=0.00, real=0.01 secs] 
2016-06-27T18:38:35.854+0300: 112.191: [CMS-concurrent-abortable-preclean-start]
2016-06-27T18:38:35.894+0300: 112.231: [GC (Allocation Failure) 2016-06-27T18:38:35.894+0300: 112.231: [ParNew
Desired survivor size 17432576 bytes, new threshold 1 (max 6)
- age   1:   34863472 bytes,   34863472 total
: 306688K->34048K(306688K), 0.0396615 secs] 4606725K->4601145K(5208832K), 0.0398351 secs] [Times: user=0.17 sys=0.00, real=0.04 secs] 
2016-06-27T18:38:35.934+0300: 112.271: Total time for which application threads were stopped: 0.0403180 seconds, Stopping threads took: 0.0000966 seconds
2016-06-27T18:38:36.092+0300: 112.428: Total time for which application threads were stopped: 0.0062720 seconds, Stopping threads took: 0.0041059 seconds
2016-06-27T18:38:36.287+0300: 112.624: [GC (Allocation Failure) 2016-06-27T18:38:36.288+0300: 112.624: [ParNew2016-06-27T18:38:36.319+0300: 112.655: [CMS-concurrent-abortable-preclean: 0.066/0.465 secs] [Times: user=1.73 sys=0.01, real=0.46 secs] 

Desired survivor size 17432576 bytes, new threshold 1 (max 6)
- age   1:   34856088 bytes,   34856088 total
: 305844K->34048K(306688K), 0.0368557 secs] 4872941K->4853197K(5208832K), 0.0370182 secs] [Times: user=0.13 sys=0.00, real=0.04 secs] 
2016-06-27T18:38:36.325+0300: 112.661: Total time for which application threads were stopped: 0.0392339 seconds, Stopping threads took: 0.0018385 seconds
2016-06-27T18:38:36.345+0300: 112.681: [GC (CMS Final Remark) [YG occupancy: 50533 K (306688 K)]2016-06-27T18:38:36.345+0300: 112.682: [Rescan (parallel) , 0.0043073 secs]2016-06-27T18:38:36.349+0300: 112.686: [weak refs processing, 0.0000265 secs]2016-06-27T18:38:36.350+0300: 112.686: [class unloading, 0.0018847 secs]2016-06-27T18:38:36.351+0300: 112.688: [scrub symbol table, 0.0017230 secs]2016-06-27T18:38:36.353+0300: 112.690: [scrub string table, 0.0003815 secs][1 CMS-remark: 4819149K(4902144K)] 4869682K(5208832K), 0.0086437 secs] [Times: user=0.06 sys=0.00, real=0.01 secs] 
2016-06-27T18:38:36.354+0300: 112.690: Total time for which application threads were stopped: 0.0090881 seconds, Stopping threads took: 0.0000872 seconds
2016-06-27T18:38:36.354+0300: 112.690: [CMS-concurrent-sweep-start]
2016-06-27T18:38:36.358+0300: 112.694: [CMS-concurrent-sweep: 0.004/0.004 secs] [Times: user=0.00 sys=0.00, real=0.00 secs] 
2016-06-27T18:38:36.358+0300: 112.694: [CMS-concurrent-reset-start]
2016-06-27T18:38:36.364+0300: 112.701: [CMS-concurrent-reset: 0.006/0.006 secs] [Times: user=0.06 sys=0.00, real=0.01 secs] 
2016-06-27T18:38:36.730+0300: 113.066: [GC (Allocation Failure) 2016-06-27T18:38:36.730+0300: 113.066: [ParNew
Desired survivor size 17432576 bytes, new threshold 1 (max 6)
- age   1:   34855536 bytes,   34855536 total
: 305714K->34048K(306688K), 0.0410292 secs] 4718806K->4712191K(5208832K), 0.0412024 secs] [Times: user=0.19 sys=0.00, real=0.04 secs] 
2016-06-27T18:38:36.771+0300: 113.107: Total time for which application threads were stopped: 0.0456025 seconds, Stopping threads took: 0.0039310 seconds
2016-06-27T18:38:36.771+0300: 113.108: [GC (CMS Initial Mark) [1 CMS-initial-mark: 4678143K(4902144K)] 4713191K(5208832K), 0.0004388 secs] [Times: user=0.00 sys=0.00, real=0.00 secs] 
2016-06-27T18:38:36.772+0300: 113.108: Total time for which application threads were stopped: 0.0009592 seconds, Stopping threads took: 0.0001480 seconds
2016-06-27T18:38:36.772+0300: 113.108: [CMS-concurrent-mark-start]
2016-06-27T18:38:36.817+0300: 113.153: [CMS-concurrent-mark: 0.045/0.045 secs] [Times: user=0.11 sys=0.00, real=0.04 secs] 
2016-06-27T18:38:36.817+0300: 113.153: [CMS-concurrent-preclean-start]
2016-06-27T18:38:36.830+0300: 113.166: [CMS-concurrent-preclean: 0.013/0.013 secs] [Times: user=0.06 sys=0.00, real=0.01 secs] 
2016-06-27T18:38:36.830+0300: 113.166: [CMS-concurrent-abortable-preclean-start]
2016-06-27T18:38:37.069+0300: 113.406: [CMS-concurrent-abortable-preclean: 0.040/0.240 secs] [Times: user=0.99 sys=0.00, real=0.24 secs] 
2016-06-27T18:38:37.092+0300: 113.429: Total time for which application threads were stopped: 0.0058345 seconds, Stopping threads took: 0.0035290 seconds
2016-06-27T18:38:37.279+0300: 113.616: [GC (Allocation Failure) 2016-06-27T18:38:37.280+0300: 113.616: [ParNew: 306688K->306688K(306688K), 0.0000411 secs]2016-06-27T18:38:37.280+0300: 113.616: [CMS (concurrent mode failure): 4678143K->3867059K(4902144K), 0.7350249 secs] 4984831K->3867059K(5208832K), [Metaspace: 8942K->8942K(1056768K)], 0.7352422 secs] [Times: user=0.73 sys=0.00, real=0.74 secs] 
2016-06-27T18:38:38.015+0300: 114.351: Total time for which application threads were stopped: 0.7397946 seconds, Stopping threads took: 0.0041705 seconds
2016-06-27T18:38:38.089+0300: 114.425: Total time for which application threads were stopped: 0.0019210 seconds, Stopping threads took: 0.0004230 seconds
2016-06-27T18:38:38.387+0300: 114.723: [GC (Allocation Failure) 2016-06-27T18:38:38.387+0300: 114.723: [ParNew
Desired survivor size 17432576 bytes, new threshold 1 (max 6)
- age   1:   34860360 bytes,   34860360 total
: 272364K->34048K(306688K), 0.0348136 secs] 4139423K->4134128K(5208832K), 0.0349838 secs] [Times: user=0.13 sys=0.00, real=0.03 secs] 
2016-06-27T18:38:38.422+0300: 114.758: Total time for which application threads were stopped: 0.0382511 seconds, Stopping threads took: 0.0028691 seconds
2016-06-27T18:38:38.753+0300: 115.089: [GC (Allocation Failure) 2016-06-27T18:38:38.753+0300: 115.089: [ParNew
Desired survivor size 17432576 bytes, new threshold 1 (max 6)
- age   1:   34860104 bytes,   34860104 total
: 306345K->34048K(306688K), 0.0386510 secs] 4406425K->4401180K(5208832K), 0.0388233 secs] [Times: user=0.19 sys=0.00, real=0.04 secs] 
2016-06-27T18:38:38.791+0300: 115.128: Total time for which application threads were stopped: 0.0436011 seconds, Stopping threads took: 0.0043638 seconds
2016-06-27T18:38:39.093+0300: 115.430: Total time for which application threads were stopped: 0.0066855 seconds, Stopping threads took: 0.0048261 seconds
2016-06-27T18:38:39.183+0300: 115.520: [GC (Allocation Failure) 2016-06-27T18:38:39.183+0300: 115.520: [ParNew
Desired survivor size 17432576 bytes, new threshold 1 (max 6)
- age   1:   34858568 bytes,   34858568 total
: 306688K->34048K(306688K), 0.0398523 secs] 4673820K->4667231K(5208832K), 0.0400250 secs] [Times: user=0.17 sys=0.00, real=0.04 secs] 
2016-06-27T18:38:39.223+0300: 115.560: Total time for which application threads were stopped: 0.0414158 seconds, Stopping threads took: 0.0010435 seconds
2016-06-27T18:38:39.538+0300: 115.875: [GC (Allocation Failure) 2016-06-27T18:38:39.539+0300: 115.875: [ParNew: 306188K->306188K(306688K), 0.0000325 secs]2016-06-27T18:38:39.539+0300: 115.875: [CMS: 4633183K->3764097K(4902144K), 0.6179824 secs] 4939372K->3764097K(5208832K), [Metaspace: 8948K->8948K(1056768K)], 0.6181761 secs] [Times: user=0.61 sys=0.00, real=0.62 secs] 
2016-06-27T18:38:40.157+0300: 116.493: Total time for which application threads were stopped: 0.6206492 seconds, Stopping threads took: 0.0021053 seconds
2016-06-27T18:38:40.160+0300: 116.496: Total time for which application threads were stopped: 0.0012175 seconds, Stopping threads took: 0.0000821 seconds
2016-06-27T18:38:40.512+0300: 116.848: [GC (Allocation Failure) 2016-06-27T18:38:40.512+0300: 116.848: [ParNew
Desired survivor size 17432576 bytes, new threshold 1 (max 6)
- age   1:   34857616 bytes,   34857616 total
: 272630K->34048K(306688K), 0.0357883 secs] 4036728K->4030166K(5208832K), 0.0359469 secs] [Times: user=0.13 sys=0.00, real=0.04 secs] 
2016-06-27T18:38:40.548+0300: 116.884: Total time for which application threads were stopped: 0.0371764 seconds, Stopping threads took: 0.0008155 seconds
2016-06-27T18:38:40.872+0300: 117.208: [GC (Allocation Failure) 2016-06-27T18:38:40.872+0300: 117.209: [ParNew
Desired survivor size 17432576 bytes, new threshold 1 (max 6)
- age   1:   34856704 bytes,   34856704 total
: 306148K->34048K(306688K), 0.0397672 secs] 4302267K->4297214K(5208832K), 0.0399489 secs] [Times: user=0.19 sys=0.00, real=0.04 secs] 
2016-06-27T18:38:40.912+0300: 117.249: Total time for which application threads were stopped: 0.0415441 seconds, Stopping threads took: 0.0011889 seconds
2016-06-27T18:38:41.090+0300: 117.427: Total time for which application threads were stopped: 0.0027793 seconds, Stopping threads took: 0.0008694 seconds
2016-06-27T18:38:41.253+0300: 117.590: [GC (Allocation Failure) 2016-06-27T18:38:41.253+0300: 117.590: [ParNew
Desired survivor size 17432576 bytes, new threshold 1 (max 6)
- age   1:   34853032 bytes,   34853032 total
: 306277K->34040K(306688K), 0.0398467 secs] 4569444K->4564250K(5208832K), 0.0400002 secs] [Times: user=0.17 sys=0.00, real=0.04 secs] 
2016-06-27T18:38:41.293+0300: 117.630: Total time for which application threads were stopped: 0.0409081 seconds, Stopping threads took: 0.0005042 seconds
2016-06-27T18:38:41.647+0300: 117.983: [GC (Allocation Failure) 2016-06-27T18:38:41.647+0300: 117.983: [ParNew
Desired survivor size 17432576 bytes, new threshold 1 (max 6)
- age   1:   34858408 bytes,   34858408 total
: 306343K->34046K(306688K), 0.0394716 secs] 4836554K->4831307K(5208832K), 0.0396350 secs] [Times: user=0.13 sys=0.00, real=0.04 secs] 
2016-06-27T18:38:41.687+0300: 118.023: Total time for which application threads were stopped: 0.0416330 seconds, Stopping threads took: 0.0015524 seconds
2016-06-27T18:38:41.687+0300: 118.023: [GC (CMS Initial Mark) [1 CMS-initial-mark: 4797261K(4902144K)] 4832307K(5208832K), 0.0003922 secs] [Times: user=0.00 sys=0.00, real=0.00 secs] 
2016-06-27T18:38:41.687+0300: 118.024: Total time for which application threads were stopped: 0.0008823 seconds, Stopping threads took: 0.0001210 seconds
2016-06-27T18:38:41.688+0300: 118.024: [CMS-concurrent-mark-start]
2016-06-27T18:38:41.724+0300: 118.061: [CMS-concurrent-mark: 0.037/0.037 secs] [Times: user=0.17 sys=0.00, real=0.04 secs] 
2016-06-27T18:38:41.725+0300: 118.061: [CMS-concurrent-preclean-start]
2016-06-27T18:38:41.735+0300: 118.071: [CMS-concurrent-preclean: 0.011/0.011 secs] [Times: user=0.00 sys=0.00, real=0.01 secs] 
2016-06-27T18:38:41.735+0300: 118.072: [CMS-concurrent-abortable-preclean-start]
2016-06-27T18:38:41.846+0300: 118.182: [CMS-concurrent-abortable-preclean: 0.011/0.110 secs] [Times: user=0.44 sys=0.00, real=0.11 secs] 
2016-06-27T18:38:41.870+0300: 118.206: [GC (CMS Final Remark) [YG occupancy: 159863 K (306688 K)]2016-06-27T18:38:41.870+0300: 118.206: [Rescan (parallel) , 0.0043351 secs]2016-06-27T18:38:41.874+0300: 118.211: [weak refs processing, 0.0000269 secs]2016-06-27T18:38:41.874+0300: 118.211: [class unloading, 0.0024770 secs]2016-06-27T18:38:41.877+0300: 118.213: [scrub symbol table, 0.0016546 secs]2016-06-27T18:38:41.879+0300: 118.215: [scrub string table, 0.0003323 secs][1 CMS-remark: 4797261K(4902144K)] 4957124K(5208832K), 0.0091454 secs] [Times: user=0.00 sys=0.00, real=0.01 secs] 
2016-06-27T18:38:41.879+0300: 118.216: Total time for which application threads were stopped: 0.0105802 seconds, Stopping threads took: 0.0010388 seconds
2016-06-27T18:38:41.881+0300: 118.218: [CMS-concurrent-sweep-start]
2016-06-27T18:38:41.885+0300: 118.222: [CMS-concurrent-sweep: 0.004/0.004 secs] [Times: user=0.00 sys=0.00, real=0.00 secs] 
2016-06-27T18:38:41.885+0300: 118.222: [CMS-concurrent-reset-start]
2016-06-27T18:38:41.891+0300: 118.228: [CMS-concurrent-reset: 0.006/0.006 secs] [Times: user=0.00 sys=0.00, real=0.01 secs] 
2016-06-27T18:38:42.065+0300: 118.401: [GC (Allocation Failure) 2016-06-27T18:38:42.065+0300: 118.402: [ParNew
Desired survivor size 17432576 bytes, new threshold 1 (max 6)
- age   1:   34859448 bytes,   34859448 total
: 306394K->34048K(306688K), 0.0398544 secs] 4098517K->4093225K(5208832K), 0.0400195 secs] [Times: user=0.17 sys=0.00, real=0.04 secs] 
2016-06-27T18:38:42.105+0300: 118.442: Total time for which application threads were stopped: 0.0430721 seconds, Stopping threads took: 0.0025856 seconds
2016-06-27T18:38:42.476+0300: 118.813: [GC (Allocation Failure) 2016-06-27T18:38:42.477+0300: 118.813: [ParNew
Desired survivor size 17432576 bytes, new threshold 1 (max 6)
- age   1:   34860352 bytes,   34860352 total
: 306688K->34048K(306688K), 0.0407161 secs] 4365865K->4360271K(5208832K), 0.0409582 secs] [Times: user=0.11 sys=0.00, real=0.04 secs] 
2016-06-27T18:38:42.518+0300: 118.854: Total time for which application threads were stopped: 0.0440788 seconds, Stopping threads took: 0.0025005 seconds
2016-06-27T18:38:42.865+0300: 119.201: [GC (Allocation Failure) 2016-06-27T18:38:42.865+0300: 119.201: [ParNew
Desired survivor size 17432576 bytes, new threshold 1 (max 6)
- age   1:   34853880 bytes,   34853880 total
: 306499K->34048K(306688K), 0.0416796 secs] 4632723K->4627319K(5208832K), 0.0418387 secs] [Times: user=0.13 sys=0.00, real=0.04 secs] 
2016-06-27T18:38:42.907+0300: 119.243: Total time for which application threads were stopped: 0.0466579 seconds, Stopping threads took: 0.0043548 seconds
2016-06-27T18:38:43.269+0300: 119.606: [GC (Allocation Failure) 2016-06-27T18:38:43.269+0300: 119.606: [ParNew
Desired survivor size 17432576 bytes, new threshold 1 (max 6)
- age   1:   34855200 bytes,   34855200 total
: 305804K->34047K(306688K), 0.0408055 secs] 4899075K->4893362K(5208832K), 0.0409804 secs] [Times: user=0.19 sys=0.00, real=0.04 secs] 
2016-06-27T18:38:43.310+0300: 119.647: Total time for which application threads were stopped: 0.0475607 seconds, Stopping threads took: 0.0061475 seconds
2016-06-27T18:38:43.411+0300: 119.747: Total time for which application threads were stopped: 0.0122147 seconds, Stopping threads took: 0.0102979 seconds
2016-06-27T18:38:43.696+0300: 120.033: [GC (Allocation Failure) 2016-06-27T18:38:43.696+0300: 120.033: [ParNew: 306687K->306687K(306688K), 0.0000385 secs]2016-06-27T18:38:43.697+0300: 120.033: [CMS: 4859314K->3795341K(4902144K), 0.6693920 secs] 5166002K->3795341K(5208832K), [Metaspace: 8962K->8962K(1056768K)], 0.6695977 secs] [Times: user=0.67 sys=0.00, real=0.67 secs] 
2016-06-27T18:38:44.366+0300: 120.702: Total time for which application threads were stopped: 0.6737519 seconds, Stopping threads took: 0.0037202 seconds
2016-06-27T18:38:44.654+0300: 120.990: Total time for which application threads were stopped: 0.0011816 seconds, Stopping threads took: 0.0007514 seconds
2016-06-27T18:38:44.735+0300: 121.072: [GC (Allocation Failure) 2016-06-27T18:38:44.735+0300: 121.072: [ParNew
Desired survivor size 17432576 bytes, new threshold 1 (max 6)
- age   1:   34856248 bytes,   34856248 total
: 272640K->34047K(306688K), 0.0362600 secs] 4067981K->4061678K(5208832K), 0.0363989 secs] [Times: user=0.17 sys=0.00, real=0.04 secs] 
2016-06-27T18:38:44.772+0300: 121.108: Total time for which application threads were stopped: 0.0369297 seconds, Stopping threads took: 0.0001719 seconds
2016-06-27T18:38:45.095+0300: 121.431: Total time for which application threads were stopped: 0.0026882 seconds, Stopping threads took: 0.0013424 seconds
2016-06-27T18:38:45.160+0300: 121.496: [GC (Allocation Failure) 2016-06-27T18:38:45.160+0300: 121.496: [ParNew
Desired survivor size 17432576 bytes, new threshold 1 (max 6)
- age   1:   34865000 bytes,   34865000 total
: 306453K->34048K(306688K), 0.0395011 secs] 4334084K->4328746K(5208832K), 0.0396585 secs] [Times: user=0.19 sys=0.00, real=0.04 secs] 
2016-06-27T18:38:45.199+0300: 121.536: Total time for which application threads were stopped: 0.0405989 seconds, Stopping threads took: 0.0005525 seconds
2016-06-27T18:38:45.530+0300: 121.866: [GC (Allocation Failure) 2016-06-27T18:38:45.530+0300: 121.866: [ParNew
Desired survivor size 17432576 bytes, new threshold 1 (max 6)
- age   1:   34852304 bytes,   34852304 total
: 306680K->34048K(306688K), 0.0408846 secs] 4601378K->4595796K(5208832K), 0.0410557 secs] [Times: user=0.19 sys=0.00, real=0.04 secs] 
2016-06-27T18:38:45.571+0300: 121.907: Total time for which application threads were stopped: 0.0431969 seconds, Stopping threads took: 0.0016892 seconds
2016-06-27T18:38:45.906+0300: 122.243: [GC (Allocation Failure) 2016-06-27T18:38:45.906+0300: 122.243: [ParNew
Desired survivor size 17432576 bytes, new threshold 1 (max 6)
- age   1:   34854048 bytes,   34854048 total
: 306094K->34047K(306688K), 0.0408842 secs] 4867842K->4862834K(5208832K), 0.0410493 secs] [Times: user=0.19 sys=0.00, real=0.04 secs] 
2016-06-27T18:38:45.947+0300: 122.284: Total time for which application threads were stopped: 0.0433787 seconds, Stopping threads took: 0.0019078 seconds
2016-06-27T18:38:46.102+0300: 122.438: Total time for which application threads were stopped: 0.0021118 seconds, Stopping threads took: 0.0008339 seconds
2016-06-27T18:38:46.343+0300: 122.679: [GC (CMS Initial Mark) [1 CMS-initial-mark: 4828787K(4902144K)] 5135474K(5208832K), 0.0012248 secs] [Times: user=0.00 sys=0.00, real=0.00 secs] 
2016-06-27T18:38:46.345+0300: 122.681: Total time for which application threads were stopped: 0.0036291 seconds, Stopping threads took: 0.0020557 seconds
2016-06-27T18:38:46.345+0300: 122.681: [CMS-concurrent-mark-start]
2016-06-27T18:38:46.358+0300: 122.694: [GC (Allocation Failure) 2016-06-27T18:38:46.358+0300: 122.694: [ParNew: 306687K->306687K(306688K), 0.0000453 secs]2016-06-27T18:38:46.358+0300: 122.694: [CMS2016-06-27T18:38:46.376+0300: 122.712: [CMS-concurrent-mark: 0.030/0.032 secs] [Times: user=0.08 sys=0.00, real=0.03 secs] 
 (concurrent mode failure): 4828787K->3734246K(4902144K), 0.5994491 secs] 5135474K->3734246K(5208832K), [Metaspace: 8962K->8962K(1056768K)], 0.5996625 secs] [Times: user=0.59 sys=0.00, real=0.60 secs] 
2016-06-27T18:38:46.957+0300: 123.294: Total time for which application threads were stopped: 0.6000966 seconds, Stopping threads took: 0.0000693 seconds
2016-06-27T18:38:47.102+0300: 123.438: Total time for which application threads were stopped: 0.0020151 seconds, Stopping threads took: 0.0006299 seconds
2016-06-27T18:38:47.298+0300: 123.634: [GC (Allocation Failure) 2016-06-27T18:38:47.298+0300: 123.634: [ParNew
Desired survivor size 17432576 bytes, new threshold 1 (max 6)
- age   1:   34851560 bytes,   34851560 total
: 272640K->34046K(306688K), 0.0350809 secs] 4006886K->4001305K(5208832K), 0.0352524 secs] [Times: user=0.19 sys=0.00, real=0.03 secs] 
2016-06-27T18:38:47.333+0300: 123.669: Total time for which application threads were stopped: 0.0364319 seconds, Stopping threads took: 0.0007912 seconds
2016-06-27T18:38:47.676+0300: 124.013: [GC (Allocation Failure) 2016-06-27T18:38:47.676+0300: 124.013: [ParNew
Desired survivor size 17432576 bytes, new threshold 1 (max 6)
- age   1:   34846416 bytes,   34846416 total
: 306632K->34044K(306688K), 0.0404775 secs] 4273890K->4268342K(5208832K), 0.0406391 secs] [Times: user=0.11 sys=0.00, real=0.04 secs] 
2016-06-27T18:38:47.718+0300: 124.054: Total time for which application threads were stopped: 0.0419251 seconds, Stopping threads took: 0.0008797 seconds
2016-06-27T18:38:47.718+0300: 124.054: [GC (CMS Initial Mark) [1 CMS-initial-mark: 4234297K(4902144K)] 4269500K(5208832K), 0.0003588 secs] [Times: user=0.00 sys=0.00, real=0.00 secs] 
2016-06-27T18:38:47.718+0300: 124.054: Total time for which application threads were stopped: 0.0007445 seconds, Stopping threads took: 0.0000676 seconds
2016-06-27T18:38:47.718+0300: 124.054: [CMS-concurrent-mark-start]
2016-06-27T18:38:47.754+0300: 124.090: [CMS-concurrent-mark: 0.036/0.036 secs] [Times: user=0.11 sys=0.00, real=0.04 secs] 
2016-06-27T18:38:47.754+0300: 124.090: [CMS-concurrent-preclean-start]
2016-06-27T18:38:47.764+0300: 124.100: [CMS-concurrent-preclean: 0.010/0.010 secs] [Times: user=0.06 sys=0.00, real=0.01 secs] 
2016-06-27T18:38:47.764+0300: 124.100: [CMS-concurrent-abortable-preclean-start]
2016-06-27T18:38:48.086+0300: 124.422: [GC (Allocation Failure) 2016-06-27T18:38:48.086+0300: 124.423: [ParNew2016-06-27T18:38:48.118+0300: 124.455: [CMS-concurrent-abortable-preclean: 0.032/0.354 secs] [Times: user=1.34 sys=0.00, real=0.35 secs] 

Desired survivor size 17432576 bytes, new threshold 1 (max 6)
- age   1:   34860816 bytes,   34860816 total
: 305785K->34046K(306688K), 0.0420230 secs] 4540083K->4534404K(5208832K), 0.0421911 secs] [Times: user=0.11 sys=0.00, real=0.04 secs] 
2016-06-27T18:38:48.128+0300: 124.465: Total time for which application threads were stopped: 0.0459433 seconds, Stopping threads took: 0.0033246 seconds
2016-06-27T18:38:48.129+0300: 124.466: [GC (CMS Final Remark) [YG occupancy: 35046 K (306688 K)]2016-06-27T18:38:48.129+0300: 124.466: [Rescan (parallel) , 0.0046007 secs]2016-06-27T18:38:48.134+0300: 124.470: [weak refs processing, 0.0000282 secs]2016-06-27T18:38:48.134+0300: 124.470: [class unloading, 0.0025197 secs]2016-06-27T18:38:48.136+0300: 124.473: [scrub symbol table, 0.0009096 secs]2016-06-27T18:38:48.137+0300: 124.474: [scrub string table, 0.0001959 secs][1 CMS-remark: 4500358K(4902144K)] 4535404K(5208832K), 0.0085420 secs] [Times: user=0.06 sys=0.00, real=0.01 secs] 
2016-06-27T18:38:48.138+0300: 124.474: Total time for which application threads were stopped: 0.0089854 seconds, Stopping threads took: 0.0000547 seconds
2016-06-27T18:38:48.138+0300: 124.474: [CMS-concurrent-sweep-start]
2016-06-27T18:38:48.142+0300: 124.478: [CMS-concurrent-sweep: 0.004/0.004 secs] [Times: user=0.00 sys=0.00, real=0.00 secs] 
2016-06-27T18:38:48.142+0300: 124.478: [CMS-concurrent-reset-start]
2016-06-27T18:38:48.148+0300: 124.484: [CMS-concurrent-reset: 0.006/0.006 secs] [Times: user=0.06 sys=0.00, real=0.01 secs] 
2016-06-27T18:38:48.487+0300: 124.824: [GC (Allocation Failure) 2016-06-27T18:38:48.487+0300: 124.824: [ParNew
Desired survivor size 17432576 bytes, new threshold 1 (max 6)
- age   1:   34850632 bytes,   34850632 total
: 306088K->34040K(306688K), 0.0394994 secs] 4311378K->4306378K(5208832K), 0.0396632 secs] [Times: user=0.16 sys=0.00, real=0.04 secs] 
2016-06-27T18:38:48.527+0300: 124.863: Total time for which application threads were stopped: 0.0410839 seconds, Stopping threads took: 0.0009579 seconds
2016-06-27T18:38:48.527+0300: 124.864: [GC (CMS Initial Mark) [1 CMS-initial-mark: 4272337K(4902144K)] 4307380K(5208832K), 0.0005081 secs] [Times: user=0.00 sys=0.00, real=0.00 secs] 
2016-06-27T18:38:48.528+0300: 124.864: Total time for which application threads were stopped: 0.0009575 seconds, Stopping threads took: 0.0000842 seconds
2016-06-27T18:38:48.528+0300: 124.864: [CMS-concurrent-mark-start]
2016-06-27T18:38:48.530+0300: 124.866: Total time for which application threads were stopped: 0.0008664 seconds, Stopping threads took: 0.0000676 seconds
2016-06-27T18:38:48.531+0300: 124.867: Total time for which application threads were stopped: 0.0007522 seconds, Stopping threads took: 0.0000402 seconds
2016-06-27T18:38:48.533+0300: 124.870: Total time for which application threads were stopped: 0.0017252 seconds, Stopping threads took: 0.0000825 seconds
2016-06-27T18:38:48.568+0300: 124.904: [CMS-concurrent-mark: 0.036/0.039 secs] [Times: user=0.16 sys=0.00, real=0.04 secs] 
2016-06-27T18:38:48.568+0300: 124.904: [CMS-concurrent-preclean-start]
2016-06-27T18:38:48.577+0300: 124.914: [CMS-concurrent-preclean: 0.010/0.010 secs] [Times: user=0.00 sys=0.00, real=0.01 secs] 
2016-06-27T18:38:48.578+0300: 124.914: [CMS-concurrent-abortable-preclean-start]
2016-06-27T18:38:48.909+0300: 125.245: [CMS-concurrent-abortable-preclean: 0.032/0.332 secs] [Times: user=1.22 sys=0.00, real=0.33 secs] 
2016-06-27T18:38:48.919+0300: 125.256: [GC (Allocation Failure) 2016-06-27T18:38:48.920+0300: 125.256: [ParNew
Desired survivor size 17432576 bytes, new threshold 1 (max 6)
- age   1:   34861512 bytes,   34861512 total
: 305896K->34048K(306688K), 0.0398399 secs] 4578234K->4571440K(5208832K), 0.0400310 secs] [Times: user=0.19 sys=0.00, real=0.04 secs] 
2016-06-27T18:38:48.959+0300: 125.296: Total time for which application threads were stopped: 0.0442088 seconds, Stopping threads took: 0.0037099 seconds
2016-06-27T18:38:49.307+0300: 125.644: Total time for which application threads were stopped: 0.0033507 seconds, Stopping threads took: 0.0016328 seconds
2016-06-27T18:38:49.362+0300: 125.698: [GC (Allocation Failure) 2016-06-27T18:38:49.362+0300: 125.698: [ParNew
Desired survivor size 17432576 bytes, new threshold 1 (max 6)
- age   1:   34857152 bytes,   34857152 total
: 306688K->34048K(306688K), 0.0399900 secs] 4844080K->4838498K(5208832K), 0.0401696 secs] [Times: user=0.16 sys=0.00, real=0.04 secs] 
2016-06-27T18:38:49.402+0300: 125.738: Total time for which application threads were stopped: 0.0406417 seconds, Stopping threads took: 0.0000885 seconds
2016-06-27T18:38:49.724+0300: 126.061: [GC (Allocation Failure) 2016-06-27T18:38:49.724+0300: 126.061: [ParNew: 306027K->306027K(306688K), 0.0000338 secs]2016-06-27T18:38:49.724+0300: 126.061: [CMS (concurrent mode failure): 4804450K->3724328K(4902144K), 0.6533211 secs] 5110478K->3724328K(5208832K), [Metaspace: 8962K->8962K(1056768K)], 0.6535127 secs] [Times: user=0.64 sys=0.00, real=0.65 secs] 
2016-06-27T18:38:50.378+0300: 126.714: Total time for which application threads were stopped: 0.6586044 seconds, Stopping threads took: 0.0047098 seconds
2016-06-27T18:38:50.381+0300: 126.717: Total time for which application threads were stopped: 0.0009751 seconds, Stopping threads took: 0.0000667 seconds
2016-06-27T18:38:50.733+0300: 127.069: [GC (Allocation Failure) 2016-06-27T18:38:50.733+0300: 127.070: [ParNew
Desired survivor size 17432576 bytes, new threshold 1 (max 6)
- age   1:   34858352 bytes,   34858352 total
: 272097K->34048K(306688K), 0.0373270 secs] 3996425K->3990708K(5208832K), 0.0375271 secs] [Times: user=0.17 sys=0.00, real=0.04 secs] 
2016-06-27T18:38:50.771+0300: 127.107: Total time for which application threads were stopped: 0.0392227 seconds, Stopping threads took: 0.0012817 seconds
2016-06-27T18:38:51.088+0300: 127.424: [GC (Allocation Failure) 2016-06-27T18:38:51.088+0300: 127.424: [ParNew
Desired survivor size 17432576 bytes, new threshold 1 (max 6)
- age   1:   34864416 bytes,   34864416 total
: 306507K->34048K(306688K), 0.0378782 secs] 4263168K->4257756K(5208832K), 0.0380450 secs] [Times: user=0.13 sys=0.00, real=0.04 secs] 
2016-06-27T18:38:51.126+0300: 127.462: Total time for which application threads were stopped: 0.0397133 seconds, Stopping threads took: 0.0012355 seconds
2016-06-27T18:38:51.388+0300: 127.725: Total time for which application threads were stopped: 0.0033939 seconds, Stopping threads took: 0.0021721 seconds
2016-06-27T18:38:51.506+0300: 127.842: [GC (Allocation Failure) 2016-06-27T18:38:51.506+0300: 127.842: [ParNew
Desired survivor size 17432576 bytes, new threshold 1 (max 6)
- age   1:   34864640 bytes,   34864640 total
: 306688K->34048K(306688K), 0.0403500 secs] 4530396K->4524821K(5208832K), 0.0405489 secs] [Times: user=0.13 sys=0.00, real=0.04 secs] 
2016-06-27T18:38:51.547+0300: 127.883: Total time for which application threads were stopped: 0.0411887 seconds, Stopping threads took: 0.0003015 seconds
2016-06-27T18:38:51.865+0300: 128.201: [GC (Allocation Failure) 2016-06-27T18:38:51.865+0300: 128.201: [ParNew
Desired survivor size 17432576 bytes, new threshold 1 (max 6)
- age   1:   34848408 bytes,   34848408 total
: 305756K->34047K(306688K), 0.0375844 secs] 4796530K->4790874K(5208832K), 0.0377563 secs] [Times: user=0.13 sys=0.00, real=0.04 secs] 
2016-06-27T18:38:51.903+0300: 128.239: Total time for which application threads were stopped: 0.0412704 seconds, Stopping threads took: 0.0030706 seconds
2016-06-27T18:38:52.127+0300: 128.463: Total time for which application threads were stopped: 0.0049736 seconds, Stopping threads took: 0.0038053 seconds
2016-06-27T18:38:52.272+0300: 128.608: [GC (Allocation Failure) 2016-06-27T18:38:52.272+0300: 128.609: [ParNew: 306687K->306687K(306688K), 0.0000325 secs]2016-06-27T18:38:52.272+0300: 128.609: [CMS: 4756827K->3555375K(4902144K), 0.5545762 secs] 5063514K->3555375K(5208832K), [Metaspace: 8963K->8963K(1056768K)], 0.5547622 secs] [Times: user=0.55 sys=0.00, real=0.55 secs] 
2016-06-27T18:38:52.827+0300: 129.163: Total time for which application threads were stopped: 0.5564245 seconds, Stopping threads took: 0.0013356 seconds
2016-06-27T18:38:53.124+0300: 129.461: Total time for which application threads were stopped: 0.0023470 seconds, Stopping threads took: 0.0014989 seconds
2016-06-27T18:38:53.167+0300: 129.504: [GC (Allocation Failure) 2016-06-27T18:38:53.167+0300: 129.504: [ParNew
Desired survivor size 17432576 bytes, new threshold 1 (max 6)
- age   1:   33843048 bytes,   33843048 total
: 272640K->33061K(306688K), 0.0351515 secs] 3828015K->3821448K(5208832K), 0.0353007 secs] [Times: user=0.13 sys=0.00, real=0.04 secs] 
2016-06-27T18:38:53.203+0300: 129.539: Total time for which application threads were stopped: 0.0357622 seconds, Stopping threads took: 0.0001257 seconds
2016-06-27T18:38:53.509+0300: 129.846: [GC (Allocation Failure) 2016-06-27T18:38:53.510+0300: 129.846: [ParNew
Desired survivor size 17432576 bytes, new threshold 1 (max 6)
- age   1:   34850768 bytes,   34850768 total
: 305122K->34046K(306688K), 0.0384769 secs] 4093509K->4088499K(5208832K), 0.0385941 secs] [Times: user=0.13 sys=0.00, real=0.04 secs] 
2016-06-27T18:38:53.548+0300: 129.884: Total time for which application threads were stopped: 0.0399476 seconds, Stopping threads took: 0.0010657 seconds
2016-06-27T18:38:53.867+0300: 130.203: [GC (Allocation Failure) 2016-06-27T18:38:53.867+0300: 130.203: [ParNew
Desired survivor size 17432576 bytes, new threshold 1 (max 6)
- age   1:   34855160 bytes,   34855160 total
: 306366K->34046K(306688K), 0.0385193 secs] 4360819K->4355540K(5208832K), 0.0386946 secs] [Times: user=0.13 sys=0.00, real=0.04 secs] 
2016-06-27T18:38:53.906+0300: 130.242: Total time for which application threads were stopped: 0.0397719 seconds, Stopping threads took: 0.0007646 seconds
2016-06-27T18:38:54.126+0300: 130.462: Total time for which application threads were stopped: 0.0033558 seconds, Stopping threads took: 0.0015712 seconds
2016-06-27T18:38:54.135+0300: 130.472: Total time for which application threads were stopped: 0.0006432 seconds, Stopping threads took: 0.0000864 seconds
2016-06-27T18:38:54.259+0300: 130.595: [GC (Allocation Failure) 2016-06-27T18:38:54.259+0300: 130.595: [ParNew
Desired survivor size 17432576 bytes, new threshold 1 (max 6)
- age   1:   34848952 bytes,   34848952 total
: 306052K->34047K(306688K), 0.0394109 secs] 4627546K->4621583K(5208832K), 0.0396761 secs] [Times: user=0.13 sys=0.00, real=0.04 secs] 
2016-06-27T18:38:54.298+0300: 130.635: Total time for which application threads were stopped: 0.0408722 seconds, Stopping threads took: 0.0007719 seconds
2016-06-27T18:38:54.622+0300: 130.958: [GC (Allocation Failure) 2016-06-27T18:38:54.622+0300: 130.958: [ParNew
Desired survivor size 17432576 bytes, new threshold 1 (max 6)
- age   1:   34843256 bytes,   34843256 total
: 305990K->34041K(306688K), 0.0379013 secs] 4893526K->4888616K(5208832K), 0.0380732 secs] [Times: user=0.13 sys=0.00, real=0.04 secs] 
2016-06-27T18:38:54.660+0300: 130.997: Total time for which application threads were stopped: 0.0398796 seconds, Stopping threads took: 0.0013899 seconds
2016-06-27T18:38:54.981+0300: 131.317: [GC (Allocation Failure) 2016-06-27T18:38:54.981+0300: 131.318: [ParNew: 305754K->305754K(306688K), 0.0000308 secs]2016-06-27T18:38:54.981+0300: 131.318: [CMS: 4854574K->3790424K(4902144K), 0.5998190 secs] 5160329K->3790424K(5208832K), [Metaspace: 8963K->8963K(1056768K)], 0.5999948 secs] [Times: user=0.59 sys=0.00, real=0.60 secs] 
2016-06-27T18:38:55.581+0300: 131.918: Total time for which application threads were stopped: 0.6021326 seconds, Stopping threads took: 0.0016884 seconds
2016-06-27T18:38:55.900+0300: 132.236: [GC (Allocation Failure) 2016-06-27T18:38:55.900+0300: 132.237: [ParNew
Desired survivor size 17432576 bytes, new threshold 1 (max 6)
- age   1:   34842496 bytes,   34842496 total
: 271878K->34035K(306688K), 0.0346768 secs] 4062303K->4057471K(5208832K), 0.0348453 secs] [Times: user=0.13 sys=0.00, real=0.03 secs] 
2016-06-27T18:38:55.935+0300: 132.271: Total time for which application threads were stopped: 0.0378513 seconds, Stopping threads took: 0.0025197 seconds
2016-06-27T18:38:56.260+0300: 132.596: [GC (Allocation Failure) 2016-06-27T18:38:56.260+0300: 132.596: [ParNew
Desired survivor size 17432576 bytes, new threshold 1 (max 6)
- age   1:   34851136 bytes,   34851136 total
: 305926K->34046K(306688K), 0.0390448 secs] 4329362K->4324512K(5208832K), 0.0392210 secs] [Times: user=0.13 sys=0.00, real=0.04 secs] 
2016-06-27T18:38:56.299+0300: 132.636: Total time for which application threads were stopped: 0.0430160 seconds, Stopping threads took: 0.0032865 seconds
2016-06-27T18:38:56.624+0300: 132.961: [GC (Allocation Failure) 2016-06-27T18:38:56.624+0300: 132.961: [ParNew
Desired survivor size 17432576 bytes, new threshold 1 (max 6)
- age   1:   34864184 bytes,   34864184 total
: 306220K->34048K(306688K), 0.0390277 secs] 4596687K->4591610K(5208832K), 0.0391920 secs] [Times: user=0.19 sys=0.00, real=0.04 secs] 
2016-06-27T18:38:56.663+0300: 133.000: Total time for which application threads were stopped: 0.0429989 seconds, Stopping threads took: 0.0032793 seconds
2016-06-27T18:38:56.984+0300: 133.321: [GC (Allocation Failure) 2016-06-27T18:38:56.985+0300: 133.321: [ParNew
Desired survivor size 17432576 bytes, new threshold 1 (max 6)
- age   1:   34843488 bytes,   34843488 total
: 306171K->34043K(306688K), 0.0376652 secs] 4863733K->4858660K(5208832K), 0.0378337 secs] [Times: user=0.19 sys=0.00, real=0.04 secs] 
2016-06-27T18:38:57.022+0300: 133.359: Total time for which application threads were stopped: 0.0418524 seconds, Stopping threads took: 0.0034751 seconds
2016-06-27T18:38:57.366+0300: 133.703: [GC (Allocation Failure) 2016-06-27T18:38:57.367+0300: 133.703: [ParNew: 306176K->306176K(306688K), 0.0000308 secs]2016-06-27T18:38:57.367+0300: 133.703: [CMS: 4824617K->3895489K(4902144K), 0.6634014 secs] 5130793K->3895489K(5208832K), [Metaspace: 8963K->8963K(1056768K)], 0.6635921 secs] [Times: user=0.64 sys=0.00, real=0.65 secs] 
2016-06-27T18:38:58.015+0300: 134.367: Total time for which application threads were stopped: 0.6660687 seconds, Stopping threads took: 0.0019424 seconds
2016-06-27T18:38:58.400+0300: 134.737: Total time for which application threads were stopped: 0.0032604 seconds, Stopping threads took: 0.0017461 seconds
2016-06-27T18:38:58.501+0300: 134.837: [GC (Allocation Failure) 2016-06-27T18:38:58.501+0300: 134.837: [ParNew
Desired survivor size 17432576 bytes, new threshold 1 (max 6)
- age   1:   34863120 bytes,   34863120 total
: 272640K->34046K(306688K), 0.0363425 secs] 4168129K->4162561K(5208832K), 0.0365204 secs] [Times: user=0.19 sys=0.00, real=0.04 secs] 
2016-06-27T18:38:58.537+0300: 134.874: Total time for which application threads were stopped: 0.0370131 seconds, Stopping threads took: 0.0000915 seconds
2016-06-27T18:38:58.872+0300: 135.208: [GC (Allocation Failure) 2016-06-27T18:38:58.872+0300: 135.208: [ParNew
Desired survivor size 17432576 bytes, new threshold 1 (max 6)
- age   1:   34844616 bytes,   34844616 total
: 306202K->34042K(306688K), 0.0384829 secs] 4434717K->4417592K(5208832K), 0.0386510 secs] [Times: user=0.14 sys=0.00, real=0.04 secs] 
2016-06-27T18:38:58.911+0300: 135.247: Total time for which application threads were stopped: 0.0432589 seconds, Stopping threads took: 0.0042008 seconds
2016-06-27T18:38:59.247+0300: 135.584: [GC (Allocation Failure) 2016-06-27T18:38:59.247+0300: 135.584: [ParNew
Desired survivor size 17432576 bytes, new threshold 1 (max 6)
- age   1:   34848808 bytes,   34848808 total
: 305726K->34039K(306688K), 0.0385043 secs] 4689276K->4686620K(5208832K), 0.0386959 secs] [Times: user=0.16 sys=0.00, real=0.04 secs] 
2016-06-27T18:38:59.286+0300: 135.623: Total time for which application threads were stopped: 0.0394464 seconds, Stopping threads took: 0.0003520 seconds
2016-06-27T18:38:59.632+0300: 135.968: [GC (Allocation Failure) 2016-06-27T18:38:59.632+0300: 135.968: [ParNew: 306454K->306454K(306688K), 0.0000334 secs]2016-06-27T18:38:59.632+0300: 135.968: [CMS: 4652581K->3964501K(4902144K), 0.6481842 secs] 4959035K->3964501K(5208832K), [Metaspace: 8963K->8963K(1056768K)], 0.6484121 secs] [Times: user=0.61 sys=0.00, real=0.63 secs] 
2016-06-27T18:39:00.266+0300: 136.617: Total time for which application threads were stopped: 0.6532608 seconds, Stopping threads took: 0.0044793 seconds
2016-06-27T18:39:00.452+0300: 136.789: Total time for which application threads were stopped: 0.0011927 seconds, Stopping threads took: 0.0004234 seconds
2016-06-27T18:39:00.628+0300: 136.964: [GC (Allocation Failure) 2016-06-27T18:39:00.628+0300: 136.964: [ParNew
Desired survivor size 17432576 bytes, new threshold 1 (max 6)
- age   1:   34856656 bytes,   34856656 total
: 272640K->34047K(306688K), 0.0348046 secs] 4237141K->4229561K(5208832K), 0.0349462 secs] [Times: user=0.17 sys=0.00, real=0.04 secs] 
2016-06-27T18:39:00.663+0300: 136.999: Total time for which application threads were stopped: 0.0355205 seconds, Stopping threads took: 0.0002934 seconds
2016-06-27T18:39:00.985+0300: 137.322: [GC (Allocation Failure) 2016-06-27T18:39:00.985+0300: 137.322: [ParNew
Desired survivor size 17432576 bytes, new threshold 1 (max 6)
- age   1:   34844864 bytes,   34844864 total
: 305912K->34037K(306688K), 0.0380873 secs] 4501426K->4495595K(5208832K), 0.0382853 secs] [Times: user=0.19 sys=0.00, real=0.04 secs] 
2016-06-27T18:39:01.024+0300: 137.360: Total time for which application threads were stopped: 0.0393882 seconds, Stopping threads took: 0.0007082 seconds
2016-06-27T18:39:01.350+0300: 137.687: [GC (Allocation Failure) 2016-06-27T18:39:01.356+0300: 137.693: [ParNew
Desired survivor size 17432576 bytes, new threshold 1 (max 6)
- age   1:   34851920 bytes,   34851920 total
: 306485K->34048K(306688K), 0.0400293 secs] 4768043K->4762637K(5208832K), 0.0460327 secs] [Times: user=0.13 sys=0.00, real=0.04 secs] 
2016-06-27T18:39:01.393+0300: 137.733: Total time for which application threads were stopped: 0.0467751 seconds, Stopping threads took: 0.0004401 seconds
2016-06-27T18:39:01.730+0300: 138.066: [GC (Allocation Failure) 2016-06-27T18:39:01.730+0300: 138.066: [ParNew: 305840K->305840K(306688K), 0.0000342 secs]2016-06-27T18:39:01.730+0300: 138.067: [CMS: 4728589K->3918611K(4902144K), 0.5984864 secs] 5034429K->3918611K(5208832K), [Metaspace: 8965K->8965K(1056768K)], 0.5986725 secs] [Times: user=0.59 sys=0.00, real=0.60 secs] 
2016-06-27T18:39:02.329+0300: 138.665: Total time for which application threads were stopped: 0.5997249 seconds, Stopping threads took: 0.0006103 seconds
2016-06-27T18:39:02.681+0300: 139.018: [GC (Allocation Failure) 2016-06-27T18:39:02.687+0300: 139.024: [ParNew
Desired survivor size 17432576 bytes, new threshold 1 (max 6)
- age   1:   34862368 bytes,   34862368 total
: 272099K->34048K(306688K), 0.0374377 secs] 4190710K->4184675K(5208832K), 0.0436254 secs] [Times: user=0.17 sys=0.00, real=0.04 secs] 
2016-06-27T18:39:02.725+0300: 139.061: Total time for which application threads were stopped: 0.0447921 seconds, Stopping threads took: 0.0007078 seconds
2016-06-27T18:39:03.072+0300: 139.408: [GC (Allocation Failure) 2016-06-27T18:39:03.072+0300: 139.408: [ParNew
Desired survivor size 17432576 bytes, new threshold 1 (max 6)
- age   1:   34858336 bytes,   34858336 total
: 305924K->34048K(306688K), 0.0397885 secs] 4456552K->4450735K(5208832K), 0.0399912 secs] [Times: user=0.13 sys=0.00, real=0.04 secs] 
2016-06-27T18:39:03.112+0300: 139.448: Total time for which application threads were stopped: 0.0415098 seconds, Stopping threads took: 0.0010610 seconds
2016-06-27T18:39:03.453+0300: 139.789: [GC (Allocation Failure) 2016-06-27T18:39:03.453+0300: 139.789: [ParNew
Desired survivor size 17432576 bytes, new threshold 1 (max 6)
- age   1:   34859376 bytes,   34859376 total
: 306347K->34048K(306688K), 0.0397235 secs] 4723035K->4717783K(5208832K), 0.0398801 secs] [Times: user=0.19 sys=0.00, real=0.04 secs] 
2016-06-27T18:39:03.493+0300: 139.829: Total time for which application threads were stopped: 0.0440176 seconds, Stopping threads took: 0.0036470 seconds
2016-06-27T18:39:03.829+0300: 140.165: [GC (Allocation Failure) 2016-06-27T18:39:03.829+0300: 140.165: [ParNew: 306297K->306297K(306688K), 0.0000423 secs]2016-06-27T18:39:03.829+0300: 140.166: [CMS: 4683735K->3829634K(4902144K), 0.6631226 secs] 4990033K->3829634K(5208832K), [Metaspace: 8971K->8971K(1056768K)], 0.6633543 secs] [Times: user=0.69 sys=0.02, real=0.66 secs] 
2016-06-27T18:39:04.492+0300: 140.829: Total time for which application threads were stopped: 0.6707361 seconds, Stopping threads took: 0.0069216 seconds
2016-06-27T18:39:04.814+0300: 141.150: [GC (Allocation Failure) 2016-06-27T18:39:04.814+0300: 141.150: [ParNew
Desired survivor size 17432576 bytes, new threshold 1 (max 6)
- age   1:   34859008 bytes,   34859008 total
: 272121K->34048K(306688K), 0.0370507 secs] 4101756K->4096718K(5208832K), 0.0372560 secs] [Times: user=0.17 sys=0.00, real=0.04 secs] 
2016-06-27T18:39:04.851+0300: 141.187: Total time for which application threads were stopped: 0.0388960 seconds, Stopping threads took: 0.0011273 seconds
2016-06-27T18:39:05.186+0300: 141.522: [GC (Allocation Failure) 2016-06-27T18:39:05.186+0300: 141.523: [ParNew
Desired survivor size 17432576 bytes, new threshold 1 (max 6)
- age   1:   34847304 bytes,   34847304 total
: 306262K->34042K(306688K), 0.0396996 secs] 4368933K->4363760K(5208832K), 0.0398582 secs] [Times: user=0.19 sys=0.00, real=0.04 secs] 
2016-06-27T18:39:05.226+0300: 141.562: Total time for which application threads were stopped: 0.0426598 seconds, Stopping threads took: 0.0022388 seconds
2016-06-27T18:39:05.594+0300: 141.930: [GC (Allocation Failure) 2016-06-27T18:39:05.594+0300: 141.930: [ParNew
Desired survivor size 17432576 bytes, new threshold 1 (max 6)
- age   1:   34847272 bytes,   34847272 total
: 306682K->34041K(306688K), 0.0417438 secs] 4636400K->4630794K(5208832K), 0.0419191 secs] [Times: user=0.19 sys=0.00, real=0.04 secs] 
2016-06-27T18:39:05.636+0300: 141.972: Total time for which application threads were stopped: 0.0477613 seconds, Stopping threads took: 0.0053380 seconds
2016-06-27T18:39:06.011+0300: 142.347: [GC (Allocation Failure) 2016-06-27T18:39:06.011+0300: 142.347: [ParNew: 306681K->306681K(306688K), 0.0000415 secs]2016-06-27T18:39:06.011+0300: 142.347: [CMS: 4596752K->3846698K(4902144K), 0.6327369 secs] 4903434K->3846698K(5208832K), [Metaspace: 8971K->8971K(1056768K)], 0.6329490 secs] [Times: user=0.63 sys=0.02, real=0.63 secs] 
2016-06-27T18:39:06.644+0300: 142.980: Total time for which application threads were stopped: 0.6367354 seconds, Stopping threads took: 0.0032322 seconds
2016-06-27T18:39:06.971+0300: 143.307: [GC (Allocation Failure) 2016-06-27T18:39:06.971+0300: 143.307: [ParNew
Desired survivor size 17432576 bytes, new threshold 1 (max 6)
- age   1:   34844888 bytes,   34844888 total
: 271924K->34039K(306688K), 0.0373184 secs] 4118622K->4113748K(5208832K), 0.0374591 secs] [Times: user=0.19 sys=0.00, real=0.04 secs] 
2016-06-27T18:39:07.008+0300: 143.344: Total time for which application threads were stopped: 0.0384269 seconds, Stopping threads took: 0.0005991 seconds
2016-06-27T18:39:07.375+0300: 143.712: [GC (Allocation Failure) 2016-06-27T18:39:07.381+0300: 143.718: [ParNew
Desired survivor size 17432576 bytes, new threshold 1 (max 6)
- age   1:   34845840 bytes,   34845840 total
: 306423K->34043K(306688K), 0.0412704 secs] 4386133K->4380784K(5208832K), 0.0474042 secs] [Times: user=0.13 sys=0.00, real=0.05 secs] 
2016-06-27T18:39:07.420+0300: 143.759: Total time for which application threads were stopped: 0.0489827 seconds, Stopping threads took: 0.0010674 seconds
2016-06-27T18:39:07.851+0300: 144.188: [GC (Allocation Failure) 2016-06-27T18:39:07.852+0300: 144.188: [ParNew
Desired survivor size 17432576 bytes, new threshold 1 (max 6)
- age   1:   34864968 bytes,   34864968 total
: 306683K->34048K(306688K), 0.0408936 secs] 4653424K->4646853K(5208832K), 0.0410527 secs] [Times: user=0.13 sys=0.00, real=0.04 secs] 
2016-06-27T18:39:07.893+0300: 144.229: Total time for which application threads were stopped: 0.0423523 seconds, Stopping threads took: 0.0009118 seconds
2016-06-27T18:39:08.300+0300: 144.637: [GC (Allocation Failure) 2016-06-27T18:39:08.300+0300: 144.637: [ParNew: 306361K->306361K(306688K), 0.0000269 secs]2016-06-27T18:39:08.300+0300: 144.637: [CMS: 4612805K->3757738K(4902144K), 0.6645330 secs] 4919167K->3757738K(5208832K), [Metaspace: 8973K->8973K(1056768K)], 0.6647015 secs] [Times: user=0.67 sys=0.00, real=0.66 secs] 
2016-06-27T18:39:08.965+0300: 145.302: Total time for which application threads were stopped: 0.6667970 seconds, Stopping threads took: 0.0017234 seconds
2016-06-27T18:39:09.286+0300: 145.622: [GC (Allocation Failure) 2016-06-27T18:39:09.286+0300: 145.622: [ParNew
Desired survivor size 17432576 bytes, new threshold 1 (max 6)
- age   1:   34845504 bytes,   34845504 total
: 272602K->34043K(306688K), 0.0363357 secs] 4030340K->4025793K(5208832K), 0.0364639 secs] [Times: user=0.11 sys=0.00, real=0.04 secs] 
2016-06-27T18:39:09.323+0300: 145.659: Total time for which application threads were stopped: 0.0375451 seconds, Stopping threads took: 0.0007086 seconds
2016-06-27T18:39:09.654+0300: 145.991: [GC (Allocation Failure) 2016-06-27T18:39:09.654+0300: 145.991: [ParNew
Desired survivor size 17432576 bytes, new threshold 1 (max 6)
- age   1:   34856392 bytes,   34856392 total
: 305975K->34048K(306688K), 0.0725126 secs] 4297725K->4292838K(5208832K), 0.0727034 secs] [Times: user=0.17 sys=0.00, real=0.07 secs] 
2016-06-27T18:39:09.727+0300: 146.064: Total time for which application threads were stopped: 0.0751461 seconds, Stopping threads took: 0.0019095 seconds
2016-06-27T18:39:10.101+0300: 146.437: [GC (Allocation Failure) 2016-06-27T18:39:10.101+0300: 146.437: [ParNew
Desired survivor size 17432576 bytes, new threshold 1 (max 6)
- age   1:   34862760 bytes,   34862760 total
: 306688K->34047K(306688K), 0.0417540 secs] 4565478K->4559907K(5208832K), 0.0419242 secs] [Times: user=0.13 sys=0.00, real=0.04 secs] 
2016-06-27T18:39:10.143+0300: 146.479: Total time for which application threads were stopped: 0.0482069 seconds, Stopping threads took: 0.0058285 seconds
2016-06-27T18:39:10.481+0300: 146.817: [GC (Allocation Failure) 2016-06-27T18:39:10.481+0300: 146.817: [ParNew
Desired survivor size 17432576 bytes, new threshold 1 (max 6)
- age   1:   34857304 bytes,   34857304 total
: 306687K->34048K(306688K), 0.0398634 secs] 4832547K->4825999K(5208832K), 0.0412964 secs] [Times: user=0.19 sys=0.00, real=0.04 secs] 
2016-06-27T18:39:10.522+0300: 146.859: Total time for which application threads were stopped: 0.0449413 seconds, Stopping threads took: 0.0031668 seconds
2016-06-27T18:39:10.716+0300: 147.052: Total time for which application threads were stopped: 0.0037394 seconds, Stopping threads took: 0.0027182 seconds
2016-06-27T18:39:10.919+0300: 147.256: [GC (Allocation Failure) 2016-06-27T18:39:10.920+0300: 147.256: [ParNew: 306688K->306688K(306688K), 0.0000364 secs]2016-06-27T18:39:10.920+0300: 147.256: [CMS: 4791951K->3801785K(4902144K), 0.6470154 secs] 5098639K->3801785K(5208832K), [Metaspace: 8979K->8979K(1056768K)], 0.6472523 secs] [Times: user=0.64 sys=0.00, real=0.65 secs] 
2016-06-27T18:39:11.567+0300: 147.903: Total time for which application threads were stopped: 0.6492255 seconds, Stopping threads took: 0.0015678 seconds
2016-06-27T18:39:11.713+0300: 148.050: Total time for which application threads were stopped: 0.0015674 seconds, Stopping threads took: 0.0007860 seconds
2016-06-27T18:39:11.923+0300: 148.260: [GC (Allocation Failure) 2016-06-27T18:39:11.923+0300: 148.260: [ParNew
Desired survivor size 17432576 bytes, new threshold 1 (max 6)
- age   1:   34848120 bytes,   34848120 total
: 272465K->34048K(306688K), 0.0388246 secs] 4074251K->4068845K(5208832K), 0.0389965 secs] [Times: user=0.19 sys=0.00, real=0.04 secs] 
2016-06-27T18:39:11.963+0300: 148.299: Total time for which application threads were stopped: 0.0403462 seconds, Stopping threads took: 0.0009430 seconds
2016-06-27T18:39:12.294+0300: 148.631: [GC (Allocation Failure) 2016-06-27T18:39:12.295+0300: 148.631: [ParNew
Desired survivor size 17432576 bytes, new threshold 1 (max 6)
- age   1:   34848408 bytes,   34848408 total
: 306351K->34042K(306688K), 0.0415441 secs] 4341149K->4334878K(5208832K), 0.0417078 secs] [Times: user=0.17 sys=0.00, real=0.04 secs] 
2016-06-27T18:39:12.336+0300: 148.673: Total time for which application threads were stopped: 0.0431379 seconds, Stopping threads took: 0.0010345 seconds
2016-06-27T18:39:12.682+0300: 149.018: [GC (Allocation Failure) 2016-06-27T18:39:12.682+0300: 149.018: [ParNew
Desired survivor size 17432576 bytes, new threshold 1 (max 6)
- age   1:   34845856 bytes,   34845856 total
: 305877K->34040K(306688K), 0.0398775 secs] 4606713K->4600911K(5208832K), 0.0400460 secs] [Times: user=0.13 sys=0.00, real=0.04 secs] 
2016-06-27T18:39:12.722+0300: 149.058: Total time for which application threads were stopped: 0.0435912 seconds, Stopping threads took: 0.0030688 seconds
2016-06-27T18:39:13.057+0300: 149.394: [GC (Allocation Failure) 2016-06-27T18:39:13.057+0300: 149.394: [ParNew
Desired survivor size 17432576 bytes, new threshold 1 (max 6)
- age   1:   34851328 bytes,   34851328 total
: 305858K->34048K(306688K), 0.0406105 secs] 4872729K->4866951K(5208832K), 0.0408778 secs] [Times: user=0.13 sys=0.00, real=0.04 secs] 
2016-06-27T18:39:13.098+0300: 149.435: Total time for which application threads were stopped: 0.0432363 seconds, Stopping threads took: 0.0016777 seconds
2016-06-27T18:39:13.432+0300: 149.769: [GC (Allocation Failure) 2016-06-27T18:39:13.433+0300: 149.769: [ParNew: 306537K->306537K(306688K), 0.0000342 secs]2016-06-27T18:39:13.433+0300: 149.769: [CMS: 4832903K->3768852K(4902144K), 0.6029426 secs] 5139440K->3768852K(5208832K), [Metaspace: 9000K->9000K(1058816K)], 0.6031303 secs] [Times: user=0.59 sys=0.00, real=0.60 secs] 
2016-06-27T18:39:14.036+0300: 150.372: Total time for which application threads were stopped: 0.6091526 seconds, Stopping threads took: 0.0055321 seconds
2016-06-27T18:39:14.365+0300: 150.702: [GC (Allocation Failure) 2016-06-27T18:39:14.365+0300: 150.702: [ParNew
Desired survivor size 17432576 bytes, new threshold 1 (max 6)
- age   1:   34847784 bytes,   34847784 total
: 272144K->34048K(306688K), 0.0361175 secs] 4040996K->4035911K(5208832K), 0.0362373 secs] [Times: user=0.13 sys=0.00, real=0.04 secs] 
2016-06-27T18:39:14.402+0300: 150.738: Total time for which application threads were stopped: 0.0374706 seconds, Stopping threads took: 0.0008754 seconds
2016-06-27T18:39:14.497+0300: 150.834: Total time for which application threads were stopped: 0.0013244 seconds, Stopping threads took: 0.0004071 seconds
2016-06-27T18:39:14.718+0300: 151.054: Total time for which application threads were stopped: 0.0018329 seconds, Stopping threads took: 0.0006483 seconds
2016-06-27T18:39:14.781+0300: 151.118: [GC (Allocation Failure) 2016-06-27T18:39:14.782+0300: 151.118: [ParNew
Desired survivor size 17432576 bytes, new threshold 1 (max 6)
- age   1:   34854736 bytes,   34854736 total
: 306688K->34047K(306688K), 0.0382190 secs] 4308551K->4299949K(5208832K), 0.0383555 secs] [Times: user=0.19 sys=0.00, real=0.04 secs] 
2016-06-27T18:39:14.820+0300: 151.156: Total time for which application threads were stopped: 0.0388734 seconds, Stopping threads took: 0.0001343 seconds
2016-06-27T18:39:15.154+0300: 151.491: [GC (Allocation Failure) 2016-06-27T18:39:15.154+0300: 151.491: [ParNew
Desired survivor size 17432576 bytes, new threshold 1 (max 6)
- age   1:   34843336 bytes,   34843336 total
: 306302K->34036K(306688K), 0.0391518 secs] 4572205K->4566982K(5208832K), 0.0392895 secs] [Times: user=0.19 sys=0.00, real=0.04 secs] 
2016-06-27T18:39:15.193+0300: 151.530: Total time for which application threads were stopped: 0.0403843 seconds, Stopping threads took: 0.0006560 seconds
2016-06-27T18:39:15.567+0300: 151.903: [GC (Allocation Failure) 2016-06-27T18:39:15.567+0300: 151.903: [ParNew
Desired survivor size 17432576 bytes, new threshold 1 (max 6)
- age   1:   34864808 bytes,   34864808 total
: 306676K->34048K(306688K), 0.0405164 secs] 4839622K->4834060K(5208832K), 0.0406896 secs] [Times: user=0.19 sys=0.00, real=0.04 secs] 
2016-06-27T18:39:15.607+0300: 151.944: Total time for which application threads were stopped: 0.0427304 seconds, Stopping threads took: 0.0015712 seconds
2016-06-27T18:39:15.718+0300: 152.054: Total time for which application threads were stopped: 0.0013659 seconds, Stopping threads took: 0.0004572 seconds
2016-06-27T18:39:15.963+0300: 152.299: [GC (Allocation Failure) 2016-06-27T18:39:15.963+0300: 152.299: [ParNew: 306688K->306688K(306688K), 0.0000235 secs]2016-06-27T18:39:15.963+0300: 152.299: [CMS: 4800012K->3764900K(4902144K), 0.5773548 secs] 5106700K->3764900K(5208832K), [Metaspace: 9006K->9006K(1058816K)], 0.5775327 secs] [Times: user=0.58 sys=0.00, real=0.58 secs] 
2016-06-27T18:39:16.540+0300: 152.877: Total time for which application threads were stopped: 0.5784889 seconds, Stopping threads took: 0.0005132 seconds
2016-06-27T18:39:16.719+0300: 153.055: Total time for which application threads were stopped: 0.0020634 seconds, Stopping threads took: 0.0010909 seconds
2016-06-27T18:39:16.904+0300: 153.240: [GC (Allocation Failure) 2016-06-27T18:39:16.904+0300: 153.240: [ParNew
Desired survivor size 17432576 bytes, new threshold 1 (max 6)
- age   1:   34858448 bytes,   34858448 total
: 272640K->34048K(306688K), 0.0359435 secs] 4037540K->4030961K(5208832K), 0.0360996 secs] [Times: user=0.13 sys=0.00, real=0.04 secs] 
2016-06-27T18:39:16.940+0300: 153.276: Total time for which application threads were stopped: 0.0388875 seconds, Stopping threads took: 0.0023914 seconds
2016-06-27T18:39:17.270+0300: 153.607: [GC (Allocation Failure) 2016-06-27T18:39:17.270+0300: 153.607: [ParNew
Desired survivor size 17432576 bytes, new threshold 1 (max 6)
- age   1:   34849720 bytes,   34849720 total
: 306103K->34041K(306688K), 0.0394639 secs] 4303016K->4298002K(5208832K), 0.0396256 secs] [Times: user=0.13 sys=0.00, real=0.04 secs] 
2016-06-27T18:39:17.310+0300: 153.646: Total time for which application threads were stopped: 0.0425114 seconds, Stopping threads took: 0.0024680 seconds
2016-06-27T18:39:17.505+0300: 153.841: [GC (CMS Initial Mark) [1 CMS-initial-mark: 4263960K(4902144K)] 4444855K(5208832K), 0.0004602 secs] [Times: user=0.00 sys=0.00, real=0.00 secs] 
2016-06-27T18:39:17.505+0300: 153.842: Total time for which application threads were stopped: 0.0023765 seconds, Stopping threads took: 0.0015306 seconds
2016-06-27T18:39:17.505+0300: 153.842: [CMS-concurrent-mark-start]
2016-06-27T18:39:17.543+0300: 153.879: [CMS-concurrent-mark: 0.037/0.037 secs] [Times: user=0.13 sys=0.00, real=0.04 secs] 
2016-06-27T18:39:17.543+0300: 153.879: [CMS-concurrent-preclean-start]
2016-06-27T18:39:17.553+0300: 153.889: [CMS-concurrent-preclean: 0.010/0.010 secs] [Times: user=0.06 sys=0.00, real=0.01 secs] 
2016-06-27T18:39:17.553+0300: 153.889: [CMS-concurrent-abortable-preclean-start]
2016-06-27T18:39:17.680+0300: 154.016: [GC (Allocation Failure) 2016-06-27T18:39:17.686+0300: 154.022: [ParNew
Desired survivor size 17432576 bytes, new threshold 1 (max 6)
- age   1:   34844416 bytes,   34844416 total
: 306671K->34035K(306688K), 0.0385967 secs] 4570632K->4565031K(5208832K), 0.0448066 secs] [Times: user=0.16 sys=0.00, real=0.04 secs] 
2016-06-27T18:39:17.724+0300: 154.061: Total time for which application threads were stopped: 0.0474786 seconds, Stopping threads took: 0.0021644 seconds
2016-06-27T18:39:18.061+0300: 154.397: [CMS-concurrent-abortable-preclean: 0.064/0.508 secs] [Times: user=1.95 sys=0.00, real=0.51 secs] 
2016-06-27T18:39:18.062+0300: 154.399: [GC (Allocation Failure) 2016-06-27T18:39:18.062+0300: 154.399: [ParNew
Desired survivor size 17432576 bytes, new threshold 1 (max 6)
- age   1:   34843680 bytes,   34843680 total
: 305834K->34044K(306688K), 0.0408897 secs] 4836831K->4832071K(5208832K), 0.0410497 secs] [Times: user=0.19 sys=0.00, real=0.04 secs] 
2016-06-27T18:39:18.103+0300: 154.440: Total time for which application threads were stopped: 0.0434193 seconds, Stopping threads took: 0.0018971 seconds
2016-06-27T18:39:18.104+0300: 154.440: [GC (CMS Final Remark) [YG occupancy: 35162 K (306688 K)]2016-06-27T18:39:18.104+0300: 154.441: [Rescan (parallel) , 0.0042137 secs]2016-06-27T18:39:18.108+0300: 154.445: [weak refs processing, 0.0000265 secs]2016-06-27T18:39:18.108+0300: 154.445: [class unloading, 0.0025873 secs]2016-06-27T18:39:18.111+0300: 154.447: [scrub symbol table, 0.0014848 secs]2016-06-27T18:39:18.112+0300: 154.449: [scrub string table, 0.0003203 secs][1 CMS-remark: 4798027K(4902144K)] 4833189K(5208832K), 0.0089358 secs] [Times: user=0.00 sys=0.00, real=0.01 secs] 
2016-06-27T18:39:18.113+0300: 154.450: Total time for which application threads were stopped: 0.0093990 seconds, Stopping threads took: 0.0000513 seconds
2016-06-27T18:39:18.379+0300: 154.716: [CMS-concurrent-sweep-start]
2016-06-27T18:39:18.384+0300: 154.721: [CMS-concurrent-sweep: 0.005/0.005 secs] [Times: user=0.06 sys=0.00, real=0.01 secs] 
2016-06-27T18:39:18.384+0300: 154.721: [CMS-concurrent-reset-start]
2016-06-27T18:39:18.390+0300: 154.727: [CMS-concurrent-reset: 0.006/0.006 secs] [Times: user=0.00 sys=0.00, real=0.01 secs] 
2016-06-27T18:39:18.444+0300: 154.781: [GC (Allocation Failure) 2016-06-27T18:39:18.445+0300: 154.781: [ParNew
Desired survivor size 17432576 bytes, new threshold 1 (max 6)
- age   1:   34863568 bytes,   34863568 total
: 305719K->34048K(306688K), 0.0404437 secs] 4503663K->4499090K(5208832K), 0.0406019 secs] [Times: user=0.13 sys=0.00, real=0.04 secs] 
2016-06-27T18:39:18.485+0300: 154.822: Total time for which application threads were stopped: 0.0437460 seconds, Stopping threads took: 0.0026279 seconds
2016-06-27T18:39:18.829+0300: 155.165: [GC (Allocation Failure) 2016-06-27T18:39:18.829+0300: 155.165: [ParNew
Desired survivor size 17432576 bytes, new threshold 1 (max 6)
- age   1:   34850024 bytes,   34850024 total
: 305918K->34041K(306688K), 0.0399463 secs] 4770960K->4766138K(5208832K), 0.0401195 secs] [Times: user=0.19 sys=0.00, real=0.04 secs] 
2016-06-27T18:39:18.869+0300: 155.205: Total time for which application threads were stopped: 0.0450363 seconds, Stopping threads took: 0.0043984 seconds
2016-06-27T18:39:19.178+0300: 155.514: Total time for which application threads were stopped: 0.0068814 seconds, Stopping threads took: 0.0056241 seconds
2016-06-27T18:39:19.274+0300: 155.610: [GC (Allocation Failure) 2016-06-27T18:39:19.274+0300: 155.611: [ParNew: 306681K->306681K(306688K), 0.0000436 secs]2016-06-27T18:39:19.274+0300: 155.611: [CMS: 4732096K->3756972K(4902144K), 0.6627231 secs] 5038778K->3756972K(5208832K), [Metaspace: 9006K->9006K(1058816K)], 0.6629613 secs] [Times: user=0.66 sys=0.00, real=0.66 secs] 
2016-06-27T18:39:19.937+0300: 156.274: Total time for which application threads were stopped: 0.6667550 seconds, Stopping threads took: 0.0033361 seconds
2016-06-27T18:39:20.267+0300: 156.603: [GC (Allocation Failure) 2016-06-27T18:39:20.267+0300: 156.603: [ParNew
Desired survivor size 17432576 bytes, new threshold 1 (max 6)
- age   1:   34841784 bytes,   34841784 total
: 272392K->34035K(306688K), 0.0385201 secs] 4029364K->4024019K(5208832K), 0.0386976 secs] [Times: user=0.17 sys=0.00, real=0.04 secs] 
2016-06-27T18:39:20.306+0300: 156.642: Total time for which application threads were stopped: 0.0399959 seconds, Stopping threads took: 0.0008048 seconds
2016-06-27T18:39:20.652+0300: 156.989: [GC (Allocation Failure) 2016-06-27T18:39:20.652+0300: 156.989: [ParNew
Desired survivor size 17432576 bytes, new threshold 1 (max 6)
- age   1:   34864960 bytes,   34864960 total
: 306015K->34048K(306688K), 0.0396671 secs] 4295999K->4291094K(5208832K), 0.0398292 secs] [Times: user=0.17 sys=0.00, real=0.04 secs] 
2016-06-27T18:39:20.692+0300: 157.028: Total time for which application threads were stopped: 0.0411386 seconds, Stopping threads took: 0.0008066 seconds
2016-06-27T18:39:21.028+0300: 157.364: [GC (Allocation Failure) 2016-06-27T18:39:21.028+0300: 157.364: [ParNew
Desired survivor size 17432576 bytes, new threshold 1 (max 6)
- age   1:   34845920 bytes,   34845920 total
: 306589K->34042K(306688K), 0.0415368 secs] 4563635K->4558145K(5208832K), 0.0417151 secs] [Times: user=0.19 sys=0.00, real=0.04 secs] 
2016-06-27T18:39:21.070+0300: 157.406: Total time for which application threads were stopped: 0.0436160 seconds, Stopping threads took: 0.0013672 seconds
2016-06-27T18:39:21.409+0300: 157.745: [GC (Allocation Failure) 2016-06-27T18:39:21.415+0300: 157.751: [ParNew
Desired survivor size 17432576 bytes, new threshold 1 (max 6)
- age   1:   34851112 bytes,   34851112 total
: 305992K->34048K(306688K), 0.0390936 secs] 4830095K->4825182K(5208832K), 0.0450825 secs] [Times: user=0.13 sys=0.00, real=0.05 secs] 
2016-06-27T18:39:21.454+0300: 157.791: Total time for which application threads were stopped: 0.0493329 seconds, Stopping threads took: 0.0038066 seconds
2016-06-27T18:39:21.812+0300: 158.149: [GC (Allocation Failure) 2016-06-27T18:39:21.812+0300: 158.149: [ParNew: 306249K->306249K(306688K), 0.0000329 secs]2016-06-27T18:39:21.812+0300: 158.149: [CMS: 4791134K->3787016K(4902144K), 0.5866982 secs] 5097384K->3787016K(5208832K), [Metaspace: 9012K->9012K(1058816K)], 0.5868893 secs] [Times: user=0.59 sys=0.00, real=0.59 secs] 
2016-06-27T18:39:22.399+0300: 158.736: Total time for which application threads were stopped: 0.5882317 seconds, Stopping threads took: 0.0008074 seconds
2016-06-27T18:39:22.767+0300: 159.103: [GC (Allocation Failure) 2016-06-27T18:39:22.767+0300: 159.103: [ParNew
Desired survivor size 17432576 bytes, new threshold 1 (max 6)
- age   1:   34864800 bytes,   34864800 total
: 271915K->34048K(306688K), 0.0347341 secs] 4058932K->4054114K(5208832K), 0.0349120 secs] [Times: user=0.14 sys=0.00, real=0.04 secs] 
2016-06-27T18:39:22.802+0300: 159.138: Total time for which application threads were stopped: 0.0360598 seconds, Stopping threads took: 0.0005649 seconds
2016-06-27T18:39:23.131+0300: 159.467: [GC (Allocation Failure) 2016-06-27T18:39:23.131+0300: 159.467: [ParNew
Desired survivor size 17432576 bytes, new threshold 1 (max 6)
- age   1:   34846424 bytes,   34846424 total
: 305919K->34044K(306688K), 0.0395443 secs] 4325986K->4321162K(5208832K), 0.0396705 secs] [Times: user=0.13 sys=0.00, real=0.04 secs] 
2016-06-27T18:39:23.171+0300: 159.507: Total time for which application threads were stopped: 0.0409355 seconds, Stopping threads took: 0.0007800 seconds
2016-06-27T18:39:23.171+0300: 159.508: [GC (CMS Initial Mark) [1 CMS-initial-mark: 4287118K(4902144K)] 4322162K(5208832K), 0.0004153 secs] [Times: user=0.00 sys=0.00, real=0.00 secs] 
2016-06-27T18:39:23.172+0300: 159.508: Total time for which application threads were stopped: 0.0008335 seconds, Stopping threads took: 0.0000706 seconds
2016-06-27T18:39:23.172+0300: 159.508: [CMS-concurrent-mark-start]
2016-06-27T18:39:23.209+0300: 159.545: [CMS-concurrent-mark: 0.037/0.037 secs] [Times: user=0.19 sys=0.00, real=0.04 secs] 
2016-06-27T18:39:23.209+0300: 159.545: [CMS-concurrent-preclean-start]
2016-06-27T18:39:23.219+0300: 159.555: [CMS-concurrent-preclean: 0.010/0.010 secs] [Times: user=0.00 sys=0.00, real=0.01 secs] 
2016-06-27T18:39:23.219+0300: 159.555: [CMS-concurrent-abortable-preclean-start]
2016-06-27T18:39:23.416+0300: 159.752: Total time for which application threads were stopped: 0.0015400 seconds, Stopping threads took: 0.0004995 seconds
2016-06-27T18:39:23.427+0300: 159.763: Total time for which application threads were stopped: 0.0005008 seconds, Stopping threads took: 0.0000877 seconds
2016-06-27T18:39:23.427+0300: 159.763: [CMS-concurrent-abortable-preclean: 0.031/0.208 secs] [Times: user=0.88 sys=0.00, real=0.21 secs] 
2016-06-27T18:39:23.428+0300: 159.764: [GC (CMS Final Remark) [YG occupancy: 226070 K (306688 K)]2016-06-27T18:39:23.428+0300: 159.764: [Rescan (parallel) , 0.0045977 secs]2016-06-27T18:39:23.432+0300: 159.768: [weak refs processing, 0.0000167 secs]2016-06-27T18:39:23.432+0300: 159.768: [class unloading, 0.0015614 secs]2016-06-27T18:39:23.434+0300: 159.770: [scrub symbol table, 0.0008647 secs]2016-06-27T18:39:23.435+0300: 159.771: [scrub string table, 0.0001963 secs][1 CMS-remark: 4287118K(4902144K)] 4513189K(5208832K), 0.0074643 secs] [Times: user=0.00 sys=0.00, real=0.01 secs] 
2016-06-27T18:39:23.435+0300: 159.771: Total time for which application threads were stopped: 0.0078466 seconds, Stopping threads took: 0.0000398 seconds
2016-06-27T18:39:23.435+0300: 159.771: [CMS-concurrent-sweep-start]
2016-06-27T18:39:23.440+0300: 159.776: [CMS-concurrent-sweep: 0.004/0.004 secs] [Times: user=0.00 sys=0.00, real=0.01 secs] 
2016-06-27T18:39:23.440+0300: 159.776: [CMS-concurrent-reset-start]
2016-06-27T18:39:23.446+0300: 159.782: [CMS-concurrent-reset: 0.006/0.006 secs] [Times: user=0.06 sys=0.00, real=0.01 secs] 
2016-06-27T18:39:23.536+0300: 159.873: [GC (Allocation Failure) 2016-06-27T18:39:23.536+0300: 159.873: [ParNew
Desired survivor size 17432576 bytes, new threshold 1 (max 6)
- age   1:   34854088 bytes,   34854088 total
: 306072K->34048K(306688K), 0.0386292 secs] 4143129K->4138137K(5208832K), 0.0387741 secs] [Times: user=0.13 sys=0.00, real=0.04 secs] 
2016-06-27T18:39:23.575+0300: 159.912: Total time for which application threads were stopped: 0.0394755 seconds, Stopping threads took: 0.0002373 seconds
2016-06-27T18:39:24.021+0300: 160.357: Total time for which application threads were stopped: 0.0019026 seconds, Stopping threads took: 0.0011444 seconds
2016-06-27T18:39:24.054+0300: 160.390: [GC (Allocation Failure) 2016-06-27T18:39:24.054+0300: 160.390: [ParNew
Desired survivor size 17432576 bytes, new threshold 1 (max 6)
- age   1:   34857832 bytes,   34857832 total
: 306688K->34048K(306688K), 0.0390555 secs] 4410777K->4405185K(5208832K), 0.0391868 secs] [Times: user=0.13 sys=0.00, real=0.04 secs] 
2016-06-27T18:39:24.093+0300: 160.429: Total time for which application threads were stopped: 0.0395790 seconds, Stopping threads took: 0.0001022 seconds
2016-06-27T18:39:24.398+0300: 160.734: [GC (Allocation Failure) 2016-06-27T18:39:24.398+0300: 160.734: [ParNew
Desired survivor size 17432576 bytes, new threshold 1 (max 6)
- age   1:   34841936 bytes,   34841936 total
: 305816K->34039K(306688K), 0.0406490 secs] 4676953K->4671216K(5208832K), 0.0407653 secs] [Times: user=0.13 sys=0.00, real=0.04 secs] 
2016-06-27T18:39:24.439+0300: 160.775: Total time for which application threads were stopped: 0.0417699 seconds, Stopping threads took: 0.0006731 seconds
2016-06-27T18:39:24.779+0300: 161.116: [GC (Allocation Failure) 2016-06-27T18:39:24.779+0300: 161.116: [ParNew: 305869K->305869K(306688K), 0.0000329 secs]2016-06-27T18:39:24.779+0300: 161.116: [CMS: 4637177K->3782044K(4902144K), 0.6557301 secs] 4943046K->3782044K(5208832K), [Metaspace: 9012K->9012K(1058816K)], 0.6559247 secs] [Times: user=0.66 sys=0.00, real=0.66 secs] 
2016-06-27T18:39:25.435+0300: 161.772: Total time for which application threads were stopped: 0.6572718 seconds, Stopping threads took: 0.0009674 seconds
2016-06-27T18:39:25.657+0300: 161.993: Total time for which application threads were stopped: 0.0025518 seconds, Stopping threads took: 0.0015823 seconds
2016-06-27T18:39:25.819+0300: 162.156: [GC (Allocation Failure) 2016-06-27T18:39:25.819+0300: 162.156: [ParNew
Desired survivor size 17432576 bytes, new threshold 1 (max 6)
- age   1:   34853328 bytes,   34853328 total
: 272640K->34048K(306688K), 0.0351344 secs] 4054684K->4048106K(5208832K), 0.0353084 secs] [Times: user=0.13 sys=0.00, real=0.04 secs] 
2016-06-27T18:39:25.855+0300: 162.191: Total time for which application threads were stopped: 0.0368210 seconds, Stopping threads took: 0.0011324 seconds
2016-06-27T18:39:26.199+0300: 162.536: [GC (Allocation Failure) 2016-06-27T18:39:26.199+0300: 162.536: [ParNew
Desired survivor size 17432576 bytes, new threshold 1 (max 6)
- age   1:   34848584 bytes,   34848584 total
: 306018K->34043K(306688K), 0.0369292 secs] 4320076K->4315140K(5208832K), 0.0371003 secs] [Times: user=0.13 sys=0.00, real=0.04 secs] 
2016-06-27T18:39:26.236+0300: 162.573: Total time for which application threads were stopped: 0.0398193 seconds, Stopping threads took: 0.0023196 seconds
2016-06-27T18:39:26.563+0300: 162.900: [GC (Allocation Failure) 2016-06-27T18:39:26.563+0300: 162.900: [ParNew
Desired survivor size 17432576 bytes, new threshold 1 (max 6)
- age   1:   34845264 bytes,   34845264 total
: 306105K->34048K(306688K), 0.0433265 secs] 4587202K->4582182K(5208832K), 0.0434916 secs] [Times: user=0.16 sys=0.00, real=0.04 secs] 
2016-06-27T18:39:26.607+0300: 162.943: Total time for which application threads were stopped: 0.0466203 seconds, Stopping threads took: 0.0027169 seconds
2016-06-27T18:39:26.945+0300: 163.281: [GC (Allocation Failure) 2016-06-27T18:39:26.945+0300: 163.282: [ParNew
Desired survivor size 17432576 bytes, new threshold 1 (max 6)
- age   1:   34845016 bytes,   34845016 total
: 306373K->34032K(306688K), 0.0402316 secs] 4854508K->4849199K(5208832K), 0.0403907 secs] [Times: user=0.13 sys=0.00, real=0.04 secs] 
2016-06-27T18:39:26.985+0300: 163.322: Total time for which application threads were stopped: 0.0421081 seconds, Stopping threads took: 0.0012569 seconds
2016-06-27T18:39:27.319+0300: 163.656: [GC (Allocation Failure) 2016-06-27T18:39:27.319+0300: 163.656: [ParNew: 306298K->306298K(306688K), 0.0000334 secs]2016-06-27T18:39:27.320+0300: 163.656: [CMS: 4815166K->3841052K(4902144K), 0.6202417 secs] 5121465K->3841052K(5208832K), [Metaspace: 9013K->9013K(1058816K)], 0.6204290 secs] [Times: user=0.61 sys=0.00, real=0.62 secs] 
2016-06-27T18:39:27.940+0300: 164.276: Total time for which application threads were stopped: 0.6228307 seconds, Stopping threads took: 0.0019326 seconds
2016-06-27T18:39:28.267+0300: 164.604: [GC (Allocation Failure) 2016-06-27T18:39:28.267+0300: 164.604: [ParNew
Desired survivor size 17432576 bytes, new threshold 1 (max 6)
- age   1:   34848176 bytes,   34848176 total
: 272289K->34048K(306688K), 0.0363968 secs] 4113342K->4108112K(5208832K), 0.0365153 secs] [Times: user=0.19 sys=0.00, real=0.04 secs] 
2016-06-27T18:39:28.304+0300: 164.640: Total time for which application threads were stopped: 0.0374869 seconds, Stopping threads took: 0.0006239 seconds
2016-06-27T18:39:28.636+0300: 164.972: [GC (Allocation Failure) 2016-06-27T18:39:28.636+0300: 164.973: [ParNew
Desired survivor size 17432576 bytes, new threshold 1 (max 6)
- age   1:   34864488 bytes,   34864488 total
: 306461K->34048K(306688K), 0.0398899 secs] 4380526K->4375289K(5208832K), 0.0401657 secs] [Times: user=0.13 sys=0.00, real=0.04 secs] 
2016-06-27T18:39:28.676+0300: 165.013: Total time for which application threads were stopped: 0.0416035 seconds, Stopping threads took: 0.0008964 seconds
2016-06-27T18:39:28.835+0300: 165.171: [GC (CMS Initial Mark) [1 CMS-initial-mark: 4341241K(4902144K)] 4510667K(5208832K), 0.0004905 secs] [Times: user=0.00 sys=0.00, real=0.00 secs] 
2016-06-27T18:39:28.835+0300: 165.172: Total time for which application threads were stopped: 0.0011333 seconds, Stopping threads took: 0.0003011 seconds
2016-06-27T18:39:28.835+0300: 165.172: [CMS-concurrent-mark-start]
2016-06-27T18:39:28.873+0300: 165.209: [CMS-concurrent-mark: 0.038/0.038 secs] [Times: user=0.13 sys=0.00, real=0.04 secs] 
2016-06-27T18:39:28.873+0300: 165.209: [CMS-concurrent-preclean-start]
2016-06-27T18:39:28.883+0300: 165.219: [CMS-concurrent-preclean: 0.010/0.010 secs] [Times: user=0.06 sys=0.00, real=0.01 secs] 
2016-06-27T18:39:28.883+0300: 165.219: [CMS-concurrent-abortable-preclean-start]
2016-06-27T18:39:28.929+0300: 165.265: Total time for which application threads were stopped: 0.0015857 seconds, Stopping threads took: 0.0005273 seconds
2016-06-27T18:39:29.059+0300: 165.396: [GC (Allocation Failure) 2016-06-27T18:39:29.059+0300: 165.396: [ParNew
Desired survivor size 17432576 bytes, new threshold 1 (max 6)
- age   1:   34857528 bytes,   34857528 total
: 306688K->34048K(306688K), 0.0383880 secs] 4647929K->4641346K(5208832K), 0.0385706 secs] [Times: user=0.11 sys=0.00, real=0.04 secs] 
2016-06-27T18:39:29.098+0300: 165.435: Total time for which application threads were stopped: 0.0392471 seconds, Stopping threads took: 0.0002053 seconds
2016-06-27T18:39:29.441+0300: 165.777: [CMS-concurrent-abortable-preclean: 0.074/0.558 secs] [Times: user=2.13 sys=0.02, real=0.56 secs] 
2016-06-27T18:39:29.492+0300: 165.828: [GC (Allocation Failure) 2016-06-27T18:39:29.492+0300: 165.828: [ParNew: 306688K->306688K(306688K), 0.0000479 secs]2016-06-27T18:39:29.492+0300: 165.828: [CMS (concurrent mode failure): 4607298K->3888205K(4902144K), 0.5777349 secs] 4913986K->3888205K(5208832K), [Metaspace: 9014K->9014K(1058816K)], 0.5779385 secs] [Times: user=0.58 sys=0.00, real=0.58 secs] 
2016-06-27T18:39:30.070+0300: 166.406: Total time for which application threads were stopped: 0.5788819 seconds, Stopping threads took: 0.0005688 seconds
2016-06-27T18:39:30.200+0300: 166.537: Total time for which application threads were stopped: 0.0010251 seconds, Stopping threads took: 0.0003511 seconds
2016-06-27T18:39:30.426+0300: 166.763: [GC (Allocation Failure) 2016-06-27T18:39:30.427+0300: 166.763: [ParNew
Desired survivor size 17432576 bytes, new threshold 1 (max 6)
- age   1:   34861128 bytes,   34861128 total
: 272640K->34048K(306688K), 0.0365751 secs] 4160845K->4154275K(5208832K), 0.0367500 secs] [Times: user=0.13 sys=0.00, real=0.04 secs] 
2016-06-27T18:39:30.464+0300: 166.800: Total time for which application threads were stopped: 0.0373398 seconds, Stopping threads took: 0.0003207 seconds
2016-06-27T18:39:30.794+0300: 167.130: [GC (Allocation Failure) 2016-06-27T18:39:30.794+0300: 167.130: [ParNew
Desired survivor size 17432576 bytes, new threshold 1 (max 6)
- age   1:   34857024 bytes,   34857024 total
: 306670K->34048K(306688K), 0.0392347 secs] 4426898K->4421327K(5208832K), 0.0393998 secs] [Times: user=0.19 sys=0.00, real=0.04 secs] 
2016-06-27T18:39:30.833+0300: 167.170: Total time for which application threads were stopped: 0.0404091 seconds, Stopping threads took: 0.0006133 seconds
2016-06-27T18:39:30.860+0300: 167.197: Total time for which application threads were stopped: 0.0006239 seconds, Stopping threads took: 0.0000919 seconds
2016-06-27T18:39:31.169+0300: 167.506: [GC (Allocation Failure) 2016-06-27T18:39:31.169+0300: 167.506: [ParNew
Desired survivor size 17432576 bytes, new threshold 1 (max 6)
- age   1:   34860728 bytes,   34860728 total
: 305760K->34048K(306688K), 0.0381814 secs] 4693040K->4687376K(5208832K), 0.0383234 secs] [Times: user=0.14 sys=0.00, real=0.04 secs] 
2016-06-27T18:39:31.208+0300: 167.544: Total time for which application threads were stopped: 0.0390906 seconds, Stopping threads took: 0.0004811 seconds
2016-06-27T18:39:31.538+0300: 167.874: [GC (Allocation Failure) 2016-06-27T18:39:31.538+0300: 167.874: [ParNew: 306416K->306416K(306688K), 0.0000346 secs]2016-06-27T18:39:31.538+0300: 167.874: [CMS: 4653328K->4008268K(4902144K), 0.5999969 secs] 4959745K->4008268K(5208832K), [Metaspace: 9014K->9014K(1058816K)], 0.6001859 secs] [Times: user=0.59 sys=0.00, real=0.60 secs] 
2016-06-27T18:39:32.138+0300: 168.474: Total time for which application threads were stopped: 0.6011956 seconds, Stopping threads took: 0.0006573 seconds
2016-06-27T18:39:32.140+0300: 168.477: Total time for which application threads were stopped: 0.0005803 seconds, Stopping threads took: 0.0000684 seconds
2016-06-27T18:39:32.476+0300: 168.812: [GC (Allocation Failure) 2016-06-27T18:39:32.476+0300: 168.812: [ParNew
Desired survivor size 17432576 bytes, new threshold 1 (max 6)
- age   1:   34858896 bytes,   34858896 total
: 272495K->34048K(306688K), 0.0363972 secs] 4280764K->4275345K(5208832K), 0.0365627 secs] [Times: user=0.13 sys=0.00, real=0.04 secs] 
2016-06-27T18:39:32.513+0300: 168.849: Total time for which application threads were stopped: 0.0373689 seconds, Stopping threads took: 0.0004674 seconds
2016-06-27T18:39:32.848+0300: 169.185: Total time for which application threads were stopped: 0.0026190 seconds, Stopping threads took: 0.0018038 seconds
2016-06-27T18:39:32.889+0300: 169.226: [GC (Allocation Failure) 2016-06-27T18:39:32.889+0300: 169.226: [ParNew
Desired survivor size 17432576 bytes, new threshold 1 (max 6)
- age   1:   34859288 bytes,   34859288 total
: 306225K->34048K(306688K), 0.0377337 secs] 4547522K->4540395K(5208832K), 0.0379030 secs] [Times: user=0.19 sys=0.00, real=0.04 secs] 
2016-06-27T18:39:32.927+0300: 169.264: Total time for which application threads were stopped: 0.0390992 seconds, Stopping threads took: 0.0008361 seconds
2016-06-27T18:39:33.239+0300: 169.575: [GC (Allocation Failure) 2016-06-27T18:39:33.239+0300: 169.575: [ParNew
Desired survivor size 17432576 bytes, new threshold 1 (max 6)
- age   1:   34853800 bytes,   34853800 total
: 306303K->34048K(306688K), 0.0379693 secs] 4812650K->4807440K(5208832K), 0.0381408 secs] [Times: user=0.13 sys=0.00, real=0.04 secs] 
2016-06-27T18:39:33.277+0300: 169.614: Total time for which application threads were stopped: 0.0401717 seconds, Stopping threads took: 0.0016478 seconds
2016-06-27T18:39:33.606+0300: 169.942: [GC (Allocation Failure) 2016-06-27T18:39:33.606+0300: 169.942: [ParNew: 306288K->306288K(306688K), 0.0000462 secs]2016-06-27T18:39:33.606+0300: 169.942: [CMS: 4773392K->3964309K(4902144K), 0.6901413 secs] 5079681K->3964309K(5208832K), [Metaspace: 9014K->9014K(1058816K)], 0.6903825 secs] [Times: user=0.69 sys=0.00, real=0.69 secs] 
2016-06-27T18:39:34.296+0300: 170.633: Total time for which application threads were stopped: 0.6937542 seconds, Stopping threads took: 0.0029324 seconds
2016-06-27T18:39:34.473+0300: 170.810: Total time for which application threads were stopped: 0.0018086 seconds, Stopping threads took: 0.0009669 seconds
2016-06-27T18:39:34.686+0300: 171.023: [GC (Allocation Failure) 2016-06-27T18:39:34.686+0300: 171.023: [ParNew
Desired survivor size 17432576 bytes, new threshold 1 (max 6)
- age   1:   34863296 bytes,   34863296 total
: 272640K->34047K(306688K), 0.0367299 secs] 4236949K->4230379K(5208832K), 0.0368993 secs] [Times: user=0.14 sys=0.00, real=0.04 secs] 
2016-06-27T18:39:34.723+0300: 171.060: Total time for which application threads were stopped: 0.0409890 seconds, Stopping threads took: 0.0037048 seconds
2016-06-27T18:39:34.916+0300: 171.252: Total time for which application threads were stopped: 0.0021460 seconds, Stopping threads took: 0.0012842 seconds
2016-06-27T18:39:35.073+0300: 171.409: [GC (Allocation Failure) 2016-06-27T18:39:35.073+0300: 171.410: [ParNew
Desired survivor size 17432576 bytes, new threshold 1 (max 6)
- age   1:   34860880 bytes,   34860880 total
: 306178K->34048K(306688K), 0.0386805 secs] 4502510K->4488508K(5208832K), 0.0388537 secs] [Times: user=0.13 sys=0.00, real=0.04 secs] 
2016-06-27T18:39:35.118+0300: 171.455: Total time for which application threads were stopped: 0.0468517 seconds, Stopping threads took: 0.0014228 seconds
2016-06-27T18:39:35.443+0300: 171.779: [GC (Allocation Failure) 2016-06-27T18:39:35.443+0300: 171.779: [ParNew
Desired survivor size 17432576 bytes, new threshold 1 (max 6)
- age   1:   34855648 bytes,   34855648 total
: 305863K->34048K(306688K), 0.0383379 secs] 4760323K->4753554K(5208832K), 0.0385124 secs] [Times: user=0.13 sys=0.00, real=0.04 secs] 
2016-06-27T18:39:35.481+0300: 171.818: Total time for which application threads were stopped: 0.0415308 seconds, Stopping threads took: 0.0026138 seconds
2016-06-27T18:39:35.733+0300: 172.069: [GC (CMS Initial Mark) [1 CMS-initial-mark: 4719506K(4902144K)] 4955331K(5208832K), 0.0004559 secs] [Times: user=0.00 sys=0.00, real=0.00 secs] 
2016-06-27T18:39:35.734+0300: 172.070: Total time for which application threads were stopped: 0.0031471 seconds, Stopping threads took: 0.0023427 seconds
2016-06-27T18:39:35.734+0300: 172.070: [CMS-concurrent-mark-start]
2016-06-27T18:39:35.772+0300: 172.108: [CMS-concurrent-mark: 0.038/0.038 secs] [Times: user=0.19 sys=0.00, real=0.04 secs] 
2016-06-27T18:39:35.772+0300: 172.108: [CMS-concurrent-preclean-start]
2016-06-27T18:39:35.782+0300: 172.118: [CMS-concurrent-preclean: 0.010/0.010 secs] [Times: user=0.00 sys=0.00, real=0.01 secs] 
2016-06-27T18:39:35.782+0300: 172.118: [CMS-concurrent-abortable-preclean-start]
2016-06-27T18:39:35.782+0300: 172.118: [CMS-concurrent-abortable-preclean: 0.000/0.000 secs] [Times: user=0.00 sys=0.00, real=0.00 secs] 
2016-06-27T18:39:35.803+0300: 172.139: [GC (CMS Final Remark) [YG occupancy: 281894 K (306688 K)]2016-06-27T18:39:35.803+0300: 172.139: [Rescan (parallel) , 0.0041440 secs]2016-06-27T18:39:35.807+0300: 172.143: [weak refs processing, 0.0000248 secs]2016-06-27T18:39:35.807+0300: 172.143: [class unloading, 0.0024077 secs]2016-06-27T18:39:35.809+0300: 172.145: [scrub symbol table, 0.0008121 secs]2016-06-27T18:39:35.810+0300: 172.146: [scrub string table, 0.0001989 secs][1 CMS-remark: 4719506K(4902144K)] 5001401K(5208832K), 0.0078637 secs] [Times: user=0.00 sys=0.00, real=0.01 secs] 
2016-06-27T18:39:35.810+0300: 172.147: Total time for which application threads were stopped: 0.0119115 seconds, Stopping threads took: 0.0036919 seconds
2016-06-27T18:39:35.826+0300: 172.162: Total time for which application threads were stopped: 0.0008168 seconds, Stopping threads took: 0.0000958 seconds
2016-06-27T18:39:35.835+0300: 172.171: Total time for which application threads were stopped: 0.0004058 seconds, Stopping threads took: 0.0000898 seconds
2016-06-27T18:39:35.857+0300: 172.193: [CMS-concurrent-sweep-start]
2016-06-27T18:39:35.858+0300: 172.194: [GC (Allocation Failure) 2016-06-27T18:39:35.858+0300: 172.194: [ParNew: 306688K->306688K(306688K), 0.0000419 secs]2016-06-27T18:39:35.858+0300: 172.194: [CMS2016-06-27T18:39:35.862+0300: 172.199: [CMS-concurrent-sweep: 0.004/0.005 secs] [Times: user=0.00 sys=0.00, real=0.00 secs] 
 (concurrent mode failure): 4719506K->4083345K(4902144K), 0.6517628 secs] 5026194K->4083345K(5208832K), [Metaspace: 9014K->9014K(1058816K)], 0.6520895 secs] [Times: user=0.66 sys=0.00, real=0.65 secs] 
2016-06-27T18:39:36.510+0300: 172.846: Total time for which application threads were stopped: 0.6525958 seconds, Stopping threads took: 0.0000898 seconds
2016-06-27T18:39:36.843+0300: 173.179: Total time for which application threads were stopped: 0.0011816 seconds, Stopping threads took: 0.0004516 seconds
2016-06-27T18:39:36.883+0300: 173.219: [GC (Allocation Failure) 2016-06-27T18:39:36.883+0300: 173.219: [ParNew
Desired survivor size 17432576 bytes, new threshold 1 (max 6)
- age   1:   33866456 bytes,   33866456 total
: 272386K->33089K(306688K), 0.0347136 secs] 4355731K->4350446K(5208832K), 0.0348658 secs] [Times: user=0.13 sys=0.00, real=0.03 secs] 
2016-06-27T18:39:36.917+0300: 173.254: Total time for which application threads were stopped: 0.0353230 seconds, Stopping threads took: 0.0001377 seconds
2016-06-27T18:39:37.226+0300: 173.563: [GC (Allocation Failure) 2016-06-27T18:39:37.227+0300: 173.563: [ParNew
Desired survivor size 17432576 bytes, new threshold 1 (max 6)
- age   1:   33838776 bytes,   33838776 total
: 305325K->33080K(306688K), 0.0380801 secs] 4622682K->4616519K(5208832K), 0.0382511 secs] [Times: user=0.13 sys=0.00, real=0.04 secs] 
2016-06-27T18:39:37.265+0300: 173.601: Total time for which application threads were stopped: 0.0392950 seconds, Stopping threads took: 0.0006526 seconds
2016-06-27T18:39:37.589+0300: 173.926: [GC (Allocation Failure) 2016-06-27T18:39:37.595+0300: 173.932: [ParNew
Desired survivor size 17432576 bytes, new threshold 1 (max 6)
- age   1:   34858136 bytes,   34858136 total
: 305529K->34048K(306688K), 0.0397787 secs] 4888968K->4883539K(5208832K), 0.0459570 secs] [Times: user=0.17 sys=0.00, real=0.05 secs] 
2016-06-27T18:39:37.635+0300: 173.972: Total time for which application threads were stopped: 0.0469834 seconds, Stopping threads took: 0.0006312 seconds
2016-06-27T18:39:37.827+0300: 174.163: Total time for which application threads were stopped: 0.0010555 seconds, Stopping threads took: 0.0003481 seconds
2016-06-27T18:39:37.977+0300: 174.313: [GC (Allocation Failure) 2016-06-27T18:39:37.977+0300: 174.313: [ParNew: 306455K->306455K(306688K), 0.0000329 secs]2016-06-27T18:39:37.977+0300: 174.313: [CMS: 4849491K->3966387K(4902144K), 0.5888852 secs] 5155947K->3966387K(5208832K), [Metaspace: 9015K->9015K(1058816K)], 0.5890447 secs] [Times: user=0.58 sys=0.00, real=0.59 secs] 
2016-06-27T18:39:38.566+0300: 174.902: Total time for which application threads were stopped: 0.5897307 seconds, Stopping threads took: 0.0003592 seconds
2016-06-27T18:39:38.920+0300: 175.257: Total time for which application threads were stopped: 0.0013950 seconds, Stopping threads took: 0.0005337 seconds
2016-06-27T18:39:38.947+0300: 175.284: [GC (Allocation Failure) 2016-06-27T18:39:38.953+0300: 175.290: [ParNew
Desired survivor size 17432576 bytes, new threshold 1 (max 6)
- age   1:   34860744 bytes,   34860744 total
: 272640K->34048K(306688K), 0.0359914 secs] 4239027K->4233474K(5208832K), 0.0420910 secs] [Times: user=0.13 sys=0.00, real=0.03 secs] 
2016-06-27T18:39:38.978+0300: 175.326: Total time for which application threads were stopped: 0.0424541 seconds, Stopping threads took: 0.0001005 seconds
2016-06-27T18:39:39.307+0300: 175.644: [GC (Allocation Failure) 2016-06-27T18:39:39.307+0300: 175.644: [ParNew
Desired survivor size 17432576 bytes, new threshold 1 (max 6)
- age   1:   34855512 bytes,   34855512 total
: 306492K->34048K(306688K), 0.0380741 secs] 4505918K->4500520K(5208832K), 0.0382024 secs] [Times: user=0.13 sys=0.00, real=0.04 secs] 
2016-06-27T18:39:39.346+0300: 175.682: Total time for which application threads were stopped: 0.0389486 seconds, Stopping threads took: 0.0004165 seconds
2016-06-27T18:39:39.678+0300: 176.015: [GC (Allocation Failure) 2016-06-27T18:39:39.678+0300: 176.015: [ParNew
Desired survivor size 17432576 bytes, new threshold 1 (max 6)
- age   1:   34858032 bytes,   34858032 total
: 306577K->34048K(306688K), 0.0392920 secs] 4773050K->4767566K(5208832K), 0.0394447 secs] [Times: user=0.11 sys=0.02, real=0.04 secs] 
2016-06-27T18:39:39.718+0300: 176.054: Total time for which application threads were stopped: 0.0408846 seconds, Stopping threads took: 0.0010311 seconds
2016-06-27T18:39:39.831+0300: 176.168: Total time for which application threads were stopped: 0.0055471 seconds, Stopping threads took: 0.0043736 seconds
2016-06-27T18:39:39.833+0300: 176.169: Total time for which application threads were stopped: 0.0013249 seconds, Stopping threads took: 0.0000526 seconds
2016-06-27T18:39:39.835+0300: 176.171: Total time for which application threads were stopped: 0.0010482 seconds, Stopping threads took: 0.0000684 seconds
2016-06-27T18:39:40.167+0300: 176.503: [GC (Allocation Failure) 2016-06-27T18:39:40.167+0300: 176.504: [ParNew: 306651K->306651K(306688K), 0.0000466 secs]2016-06-27T18:39:40.167+0300: 176.504: [CMS: 4733518K->3834430K(4902144K), 0.7683123 secs] 5040169K->3834430K(5208832K), [Metaspace: 9019K->9019K(1058816K)], 0.7685603 secs] [Times: user=0.77 sys=0.00, real=0.77 secs] 
2016-06-27T18:39:40.936+0300: 177.272: Total time for which application threads were stopped: 0.7804021 seconds, Stopping threads took: 0.0113499 seconds
2016-06-27T18:39:41.313+0300: 177.649: [GC (Allocation Failure) 2016-06-27T18:39:41.313+0300: 177.649: [ParNew
Desired survivor size 17432576 bytes, new threshold 1 (max 6)
- age   1:   34845760 bytes,   34845760 total
: 272184K->34040K(306688K), 0.0378508 secs] 4106615K->4100483K(5208832K), 0.0380843 secs] [Times: user=0.19 sys=0.00, real=0.04 secs] 
2016-06-27T18:39:41.351+0300: 177.688: Total time for which application threads were stopped: 0.0426859 seconds, Stopping threads took: 0.0040803 seconds
2016-06-27T18:39:41.737+0300: 178.074: [GC (Allocation Failure) 2016-06-27T18:39:41.737+0300: 178.074: [ParNew
Desired survivor size 17432576 bytes, new threshold 1 (max 6)
- age   1:   34842552 bytes,   34842552 total
: 306247K->34032K(306688K), 0.0418900 secs] 4372689K->4366506K(5208832K), 0.0420662 secs] [Times: user=0.17 sys=0.00, real=0.04 secs] 
2016-06-27T18:39:41.779+0300: 178.116: Total time for which application threads were stopped: 0.0471698 seconds, Stopping threads took: 0.0045413 seconds
2016-06-27T18:39:42.216+0300: 178.552: Total time for which application threads were stopped: 0.0115826 seconds, Stopping threads took: 0.0100122 seconds
2016-06-27T18:39:42.289+0300: 178.626: [GC (Allocation Failure) 2016-06-27T18:39:42.290+0300: 178.626: [ParNew
Desired survivor size 17432576 bytes, new threshold 1 (max 6)
- age   1:   34864984 bytes,   34864984 total
: 306672K->34048K(306688K), 0.0403415 secs] 4639146K->4632592K(5208832K), 0.0405241 secs] [Times: user=0.11 sys=0.00, real=0.04 secs] 
2016-06-27T18:39:42.330+0300: 178.666: Total time for which application threads were stopped: 0.0410454 seconds, Stopping threads took: 0.0001022 seconds
2016-06-27T18:39:42.711+0300: 179.048: [GC (Allocation Failure) 2016-06-27T18:39:42.711+0300: 179.048: [ParNew: 306550K->306550K(306688K), 0.0000428 secs]2016-06-27T18:39:42.711+0300: 179.048: [CMS: 4598544K->3893474K(4902144K), 0.6649769 secs] 4905094K->3893474K(5208832K), [Metaspace: 9019K->9019K(1058816K)], 0.6651907 secs] [Times: user=0.63 sys=0.00, real=0.66 secs] 
2016-06-27T18:39:43.376+0300: 179.713: Total time for which application threads were stopped: 0.6697371 seconds, Stopping threads took: 0.0041012 seconds
2016-06-27T18:39:43.379+0300: 179.716: Total time for which application threads were stopped: 0.0008207 seconds, Stopping threads took: 0.0002130 seconds
2016-06-27T18:39:43.730+0300: 180.066: [GC (Allocation Failure) 2016-06-27T18:39:43.730+0300: 180.066: [ParNew
Desired survivor size 17432576 bytes, new threshold 1 (max 6)
- age   1:   34864920 bytes,   34864920 total
: 272640K->34048K(306688K), 0.0364751 secs] 4166114K->4160588K(5208832K), 0.0366444 secs] [Times: user=0.13 sys=0.00, real=0.04 secs] 
2016-06-27T18:39:43.767+0300: 180.103: Total time for which application threads were stopped: 0.0379150 seconds, Stopping threads took: 0.0009019 seconds
2016-06-27T18:39:44.095+0300: 180.432: [GC (Allocation Failure) 2016-06-27T18:39:44.095+0300: 180.432: [ParNew
Desired survivor size 17432576 bytes, new threshold 1 (max 6)
- age   1:   34851312 bytes,   34851312 total
: 306058K->34046K(306688K), 0.0384504 secs] 4432599K->4427646K(5208832K), 0.0386103 secs] [Times: user=0.19 sys=0.00, real=0.04 secs] 
2016-06-27T18:39:44.135+0300: 180.471: Total time for which application threads were stopped: 0.0402436 seconds, Stopping threads took: 0.0012107 seconds
2016-06-27T18:39:44.562+0300: 180.899: [GC (Allocation Failure) 2016-06-27T18:39:44.562+0300: 180.899: [ParNew
Desired survivor size 17432576 bytes, new threshold 1 (max 6)
- age   1:   34858952 bytes,   34858952 total
: 306686K->34046K(306688K), 0.0415257 secs] 4700286K->4692685K(5208832K), 0.0416659 secs] [Times: user=0.19 sys=0.00, real=0.04 secs] 
2016-06-27T18:39:44.604+0300: 180.940: Total time for which application threads were stopped: 0.0468850 seconds, Stopping threads took: 0.0048278 seconds
2016-06-27T18:39:44.992+0300: 181.328: [GC (Allocation Failure) 2016-06-27T18:39:44.992+0300: 181.328: [ParNew: 306487K->306487K(306688K), 0.0001056 secs]2016-06-27T18:39:44.992+0300: 181.328: [CMS: 4658639K->3789509K(4902144K), 0.6214057 secs] 4965126K->3789509K(5208832K), [Metaspace: 9020K->9020K(1058816K)], 0.6217004 secs] [Times: user=0.61 sys=0.00, real=0.62 secs] 
2016-06-27T18:39:45.614+0300: 181.950: Total time for which application threads were stopped: 0.6259525 seconds, Stopping threads took: 0.0036248 seconds
2016-06-27T18:39:46.030+0300: 182.366: [GC (Allocation Failure) 2016-06-27T18:39:46.030+0300: 182.367: [ParNew
Desired survivor size 17432576 bytes, new threshold 1 (max 6)
- age   1:   34859488 bytes,   34859488 total
: 272283K->34048K(306688K), 0.0368882 secs] 4061793K->4056578K(5208832K), 0.0370550 secs] [Times: user=0.11 sys=0.02, real=0.04 secs] 
2016-06-27T18:39:46.067+0300: 182.404: Total time for which application threads were stopped: 0.0409530 seconds, Stopping threads took: 0.0034088 seconds
2016-06-27T18:39:46.395+0300: 182.731: [GC (Allocation Failure) 2016-06-27T18:39:46.395+0300: 182.732: [ParNew
Desired survivor size 17432576 bytes, new threshold 1 (max 6)
- age   1:   34844368 bytes,   34844368 total
: 305810K->34042K(306688K), 0.0396277 secs] 4328341K->4323621K(5208832K), 0.0398728 secs] [Times: user=0.13 sys=0.00, real=0.04 secs] 
2016-06-27T18:39:46.435+0300: 182.771: Total time for which application threads were stopped: 0.0428202 seconds, Stopping threads took: 0.0023316 seconds
2016-06-27T18:39:46.770+0300: 183.106: [GC (Allocation Failure) 2016-06-27T18:39:46.774+0300: 183.110: [ParNew
Desired survivor size 17432576 bytes, new threshold 1 (max 6)
- age   1:   34845080 bytes,   34845080 total
: 306128K->34046K(306688K), 0.0398578 secs] 4595707K->4590657K(5208832K), 0.0439569 secs] [Times: user=0.11 sys=0.00, real=0.04 secs] 
2016-06-27T18:39:46.814+0300: 183.150: Total time for which application threads were stopped: 0.0468688 seconds, Stopping threads took: 0.0022922 seconds
2016-06-27T18:39:47.146+0300: 183.482: [GC (Allocation Failure) 2016-06-27T18:39:47.146+0300: 183.482: [ParNew
Desired survivor size 17432576 bytes, new threshold 1 (max 6)
- age   1:   34852384 bytes,   34852384 total
: 305990K->34048K(306688K), 0.0403569 secs] 4862601K->4857691K(5208832K), 0.0405327 secs] [Times: user=0.13 sys=0.00, real=0.04 secs] 
2016-06-27T18:39:47.186+0300: 183.523: Total time for which application threads were stopped: 0.0426936 seconds, Stopping threads took: 0.0015524 seconds
2016-06-27T18:39:47.481+0300: 183.818: Total time for which application threads were stopped: 0.0025257 seconds, Stopping threads took: 0.0011175 seconds
2016-06-27T18:39:47.661+0300: 183.998: [GC (Allocation Failure) 2016-06-27T18:39:47.661+0300: 183.998: [ParNew: 306688K->306688K(306688K), 0.0000470 secs]2016-06-27T18:39:47.662+0300: 183.998: [CMS: 4823643K->3637531K(4902144K), 0.7674813 secs] 5130331K->3637531K(5208832K), [Metaspace: 9021K->9021K(1058816K)], 0.7677242 secs] [Times: user=0.75 sys=0.00, real=0.76 secs] 
2016-06-27T18:39:48.420+0300: 184.765: Total time for which application threads were stopped: 0.7688631 seconds, Stopping threads took: 0.0006800 seconds
2016-06-27T18:39:48.823+0300: 185.160: Total time for which application threads were stopped: 0.0030800 seconds, Stopping threads took: 0.0020506 seconds
2016-06-27T18:39:48.926+0300: 185.262: [GC (Allocation Failure) 2016-06-27T18:39:48.926+0300: 185.262: [ParNew
Desired survivor size 17432576 bytes, new threshold 1 (max 6)
- age   1:   34852440 bytes,   34852440 total
: 272430K->34048K(306688K), 0.0410753 secs] 3909962K->3903592K(5208832K), 0.0412541 secs] [Times: user=0.19 sys=0.00, real=0.04 secs] 
2016-06-27T18:39:48.967+0300: 185.303: Total time for which application threads were stopped: 0.0433637 seconds, Stopping threads took: 0.0016760 seconds
2016-06-27T18:39:49.339+0300: 185.676: [GC (Allocation Failure) 2016-06-27T18:39:49.339+0300: 185.676: [ParNew
Desired survivor size 17432576 bytes, new threshold 1 (max 6)
- age   1:   34864664 bytes,   34864664 total
: 305690K->34048K(306688K), 0.0400892 secs] 4175235K->4170020K(5208832K), 0.0402538 secs] [Times: user=0.13 sys=0.00, real=0.04 secs] 
2016-06-27T18:39:49.379+0300: 185.716: Total time for which application threads were stopped: 0.0459232 seconds, Stopping threads took: 0.0051986 seconds
2016-06-27T18:39:49.720+0300: 186.056: [GC (Allocation Failure) 2016-06-27T18:39:49.720+0300: 186.056: [ParNew
Desired survivor size 17432576 bytes, new threshold 1 (max 6)
- age   1:   34848368 bytes,   34848368 total
: 305854K->34040K(306688K), 0.0385766 secs] 4441827K->4437064K(5208832K), 0.0387523 secs] [Times: user=0.19 sys=0.00, real=0.04 secs] 
2016-06-27T18:39:49.759+0300: 186.095: Total time for which application threads were stopped: 0.0452971 seconds, Stopping threads took: 0.0060941 seconds
2016-06-27T18:39:50.105+0300: 186.442: [GC (Allocation Failure) 2016-06-27T18:39:50.105+0300: 186.442: [ParNew
Desired survivor size 17432576 bytes, new threshold 1 (max 6)
- age   1:   34853448 bytes,   34853448 total
: 306188K->34048K(306688K), 0.0406289 secs] 4709213K->4704107K(5208832K), 0.0407991 secs] [Times: user=0.16 sys=0.00, real=0.04 secs] 
2016-06-27T18:39:50.146+0300: 186.483: Total time for which application threads were stopped: 0.0485563 seconds, Stopping threads took: 0.0073005 seconds
2016-06-27T18:39:50.159+0300: 186.496: Total time for which application threads were stopped: 0.0012411 seconds, Stopping threads took: 0.0002275 seconds
2016-06-27T18:39:50.504+0300: 186.841: [GC (Allocation Failure) 2016-06-27T18:39:50.504+0300: 186.841: [ParNew: 305986K->305986K(306688K), 0.0000325 secs]2016-06-27T18:39:50.504+0300: 186.841: [CMS: 4670059K->3769541K(4902144K), 0.6079013 secs] 4976045K->3769541K(5208832K), [Metaspace: 9024K->9024K(1058816K)], 0.6081147 secs] [Times: user=0.61 sys=0.00, real=0.61 secs] 
2016-06-27T18:39:51.113+0300: 187.449: Total time for which application threads were stopped: 0.6100382 seconds, Stopping threads took: 0.0014895 seconds
2016-06-27T18:39:51.456+0300: 187.792: Total time for which application threads were stopped: 0.0016803 seconds, Stopping threads took: 0.0009661 seconds
2016-06-27T18:39:51.505+0300: 187.842: [GC (Allocation Failure) 2016-06-27T18:39:51.505+0300: 187.842: [ParNew
Desired survivor size 17432576 bytes, new threshold 1 (max 6)
- age   1:   34857584 bytes,   34857584 total
: 272640K->34048K(306688K), 0.0365448 secs] 4042181K->4036601K(5208832K), 0.0366782 secs] [Times: user=0.13 sys=0.00, real=0.04 secs] 
2016-06-27T18:39:51.542+0300: 187.879: Total time for which application threads were stopped: 0.0371371 seconds, Stopping threads took: 0.0000954 seconds
2016-06-27T18:39:51.551+0300: 187.887: Total time for which application threads were stopped: 0.0002634 seconds, Stopping threads took: 0.0001043 seconds
2016-06-27T18:39:51.870+0300: 188.206: [GC (Allocation Failure) 2016-06-27T18:39:51.870+0300: 188.206: [ParNew
Desired survivor size 17432576 bytes, new threshold 1 (max 6)
- age   1:   34843160 bytes,   34843160 total
: 305760K->34039K(306688K), 0.0381583 secs] 4308313K->4293631K(5208832K), 0.0383007 secs] [Times: user=0.13 sys=0.00, real=0.04 secs] 
2016-06-27T18:39:51.908+0300: 188.244: Total time for which application threads were stopped: 0.0390829 seconds, Stopping threads took: 0.0004687 seconds
2016-06-27T18:39:52.104+0300: 188.440: Total time for which application threads were stopped: 0.0010084 seconds, Stopping threads took: 0.0002921 seconds
2016-06-27T18:39:52.263+0300: 188.599: [GC (Allocation Failure) 2016-06-27T18:39:52.263+0300: 188.600: [ParNew
Desired survivor size 17432576 bytes, new threshold 1 (max 6)
- age   1:   34851720 bytes,   34851720 total
: 306679K->34048K(306688K), 0.0383409 secs] 4566271K->4559668K(5208832K), 0.0384957 secs] [Times: user=0.14 sys=0.00, real=0.04 secs] 
2016-06-27T18:39:52.302+0300: 188.638: Total time for which application threads were stopped: 0.0394349 seconds, Stopping threads took: 0.0006594 seconds
2016-06-27T18:39:52.610+0300: 188.946: [GC (Allocation Failure) 2016-06-27T18:39:52.610+0300: 188.946: [ParNew
Desired survivor size 17432576 bytes, new threshold 1 (max 6)
- age   1:   34846960 bytes,   34846960 total
: 305998K->34041K(306688K), 0.0415009 secs] 4831619K->4826700K(5208832K), 0.0416783 secs] [Times: user=0.19 sys=0.00, real=0.04 secs] 
2016-06-27T18:39:52.652+0300: 188.988: Total time for which application threads were stopped: 0.0430464 seconds, Stopping threads took: 0.0009815 seconds
2016-06-27T18:39:52.988+0300: 189.325: [GC (Allocation Failure) 2016-06-27T18:39:52.988+0300: 189.325: [ParNew: 306478K->306478K(306688K), 0.0000393 secs]2016-06-27T18:39:52.989+0300: 189.325: [CMS: 4792659K->3812691K(4902144K), 0.5800751 secs] 5099137K->3812691K(5208832K), [Metaspace: 9024K->9024K(1058816K)], 0.5802692 secs] [Times: user=0.59 sys=0.00, real=0.58 secs] 
2016-06-27T18:39:53.569+0300: 189.905: Total time for which application threads were stopped: 0.5817977 seconds, Stopping threads took: 0.0011435 seconds
2016-06-27T18:39:53.842+0300: 190.179: Total time for which application threads were stopped: 0.0012483 seconds, Stopping threads took: 0.0004204 seconds
2016-06-27T18:39:53.941+0300: 190.277: [GC (Allocation Failure) 2016-06-27T18:39:53.941+0300: 190.277: [ParNew
Desired survivor size 17432576 bytes, new threshold 1 (max 6)
- age   1:   34863288 bytes,   34863288 total
: 272640K->34046K(306688K), 0.0343932 secs] 4085331K->4078760K(5208832K), 0.0345267 secs] [Times: user=0.17 sys=0.00, real=0.03 secs] 
2016-06-27T18:39:53.975+0300: 190.312: Total time for which application threads were stopped: 0.0349817 seconds, Stopping threads took: 0.0001711 seconds
2016-06-27T18:39:54.104+0300: 190.440: Total time for which application threads were stopped: 0.0007279 seconds, Stopping threads took: 0.0002660 seconds
2016-06-27T18:39:54.302+0300: 190.638: [GC (Allocation Failure) 2016-06-27T18:39:54.302+0300: 190.639: [ParNew
Desired survivor size 17432576 bytes, new threshold 1 (max 6)
- age   1:   34856408 bytes,   34856408 total
: 306067K->34048K(306688K), 0.0386026 secs] 4350781K->4345817K(5208832K), 0.0387241 secs] [Times: user=0.13 sys=0.00, real=0.04 secs] 
2016-06-27T18:39:54.341+0300: 190.677: Total time for which application threads were stopped: 0.0396346 seconds, Stopping threads took: 0.0006552 seconds
2016-06-27T18:39:54.656+0300: 190.992: [GC (Allocation Failure) 2016-06-27T18:39:54.656+0300: 190.993: [ParNew
Desired survivor size 17432576 bytes, new threshold 1 (max 6)
- age   1:   34855080 bytes,   34855080 total
: 306688K->34048K(306688K), 0.0365961 secs] 4618457K->4592860K(5208832K), 0.0367270 secs] [Times: user=0.19 sys=0.00, real=0.04 secs] 
2016-06-27T18:39:54.693+0300: 191.029: Total time for which application threads were stopped: 0.0374856 seconds, Stopping threads took: 0.0004850 seconds
2016-06-27T18:39:55.021+0300: 191.357: [GC (Allocation Failure) 2016-06-27T18:39:55.021+0300: 191.357: [ParNew
Desired survivor size 17432576 bytes, new threshold 1 (max 6)
- age   1:   34855200 bytes,   34855200 total
: 306017K->34048K(306688K), 0.0400802 secs] 4864829K->4859903K(5208832K), 0.0402470 secs] [Times: user=0.13 sys=0.00, real=0.04 secs] 
2016-06-27T18:39:55.061+0300: 191.397: Total time for which application threads were stopped: 0.0416266 seconds, Stopping threads took: 0.0009558 seconds
2016-06-27T18:39:55.105+0300: 191.442: Total time for which application threads were stopped: 0.0017786 seconds, Stopping threads took: 0.0009443 seconds
2016-06-27T18:39:55.399+0300: 191.735: [GC (Allocation Failure) 2016-06-27T18:39:55.399+0300: 191.735: [ParNew: 306148K->306148K(306688K), 0.0000312 secs]2016-06-27T18:39:55.399+0300: 191.735: [CMS: 4825855K->3856751K(4902144K), 0.6332932 secs] 5132004K->3856751K(5208832K), [Metaspace: 9024K->9024K(1058816K)], 0.6334929 secs] [Times: user=0.63 sys=0.00, real=0.63 secs] 
2016-06-27T18:39:56.032+0300: 192.369: Total time for which application threads were stopped: 0.6368539 seconds, Stopping threads took: 0.0029658 seconds
2016-06-27T18:39:56.109+0300: 192.446: Total time for which application threads were stopped: 0.0051618 seconds, Stopping threads took: 0.0042492 seconds
2016-06-27T18:39:56.381+0300: 192.717: [GC (Allocation Failure) 2016-06-27T18:39:56.381+0300: 192.717: [ParNew
Desired survivor size 17432576 bytes, new threshold 1 (max 6)
- age   1:   34848432 bytes,   34848432 total
: 271786K->34047K(306688K), 0.0355808 secs] 4128538K->4122811K(5208832K), 0.0357391 secs] [Times: user=0.13 sys=0.00, real=0.04 secs] 
2016-06-27T18:39:56.417+0300: 192.753: Total time for which application threads were stopped: 0.0389161 seconds, Stopping threads took: 0.0026976 seconds
2016-06-27T18:39:56.754+0300: 193.090: [GC (Allocation Failure) 2016-06-27T18:39:56.754+0300: 193.090: [ParNew
Desired survivor size 17432576 bytes, new threshold 1 (max 6)
- age   1:   34864408 bytes,   34864408 total
: 305919K->34048K(306688K), 0.0400413 secs] 4394683K->4388862K(5208832K), 0.0402051 secs] [Times: user=0.19 sys=0.00, real=0.04 secs] 
2016-06-27T18:39:56.794+0300: 193.130: Total time for which application threads were stopped: 0.0442969 seconds, Stopping threads took: 0.0036577 seconds
2016-06-27T18:39:57.108+0300: 193.445: Total time for which application threads were stopped: 0.0040841 seconds, Stopping threads took: 0.0030419 seconds
2016-06-27T18:39:57.160+0300: 193.496: [GC (Allocation Failure) 2016-06-27T18:39:57.160+0300: 193.496: [ParNew
Desired survivor size 17432576 bytes, new threshold 1 (max 6)
- age   1:   34855688 bytes,   34855688 total
: 306688K->34048K(306688K), 0.0375827 secs] 4661502K->4654918K(5208832K), 0.0377469 secs] [Times: user=0.17 sys=0.00, real=0.04 secs] 
2016-06-27T18:39:57.198+0300: 193.534: Total time for which application threads were stopped: 0.0382165 seconds, Stopping threads took: 0.0000744 seconds
2016-06-27T18:39:57.532+0300: 193.869: [GC (Allocation Failure) 2016-06-27T18:39:57.532+0300: 193.869: [ParNew: 305720K->305720K(306688K), 0.0000342 secs]2016-06-27T18:39:57.532+0300: 193.869: [CMS: 4620870K->3796790K(4902144K), 0.6267232 secs] 4926590K->3796790K(5208832K), [Metaspace: 9024K->9024K(1058816K)], 0.6269032 secs] [Times: user=0.63 sys=0.00, real=0.63 secs] 
2016-06-27T18:39:58.159+0300: 194.496: Total time for which application threads were stopped: 0.6338757 seconds, Stopping threads took: 0.0065568 seconds
2016-06-27T18:39:58.476+0300: 194.812: [GC (Allocation Failure) 2016-06-27T18:39:58.476+0300: 194.812: [ParNew
Desired survivor size 17432576 bytes, new threshold 1 (max 6)
- age   1:   34857696 bytes,   34857696 total
: 271808K->34048K(306688K), 0.0345262 secs] 4068599K->4062851K(5208832K), 0.0346451 secs] [Times: user=0.13 sys=0.00, real=0.03 secs] 
2016-06-27T18:39:58.511+0300: 194.847: Total time for which application threads were stopped: 0.0354855 seconds, Stopping threads took: 0.0005222 seconds
2016-06-27T18:39:58.828+0300: 195.165: [GC (Allocation Failure) 2016-06-27T18:39:58.828+0300: 195.165: [ParNew
Desired survivor size 17432576 bytes, new threshold 1 (max 6)
- age   1:   34841592 bytes,   34841592 total
: 306005K->34040K(306688K), 0.0386035 secs] 4334809K->4329888K(5208832K), 0.0387750 secs] [Times: user=0.19 sys=0.00, real=0.04 secs] 
2016-06-27T18:39:58.867+0300: 195.204: Total time for which application threads were stopped: 0.0398993 seconds, Stopping threads took: 0.0006535 seconds
2016-06-27T18:39:59.189+0300: 195.525: [GC (Allocation Failure) 2016-06-27T18:39:59.189+0300: 195.525: [ParNew
Desired survivor size 17432576 bytes, new threshold 1 (max 6)
- age   1:   34843272 bytes,   34843272 total
: 306680K->34036K(306688K), 0.0386292 secs] 4602528K->4596912K(5208832K), 0.0387788 secs] [Times: user=0.19 sys=0.00, real=0.04 secs] 
2016-06-27T18:39:59.228+0300: 195.564: Total time for which application threads were stopped: 0.0405870 seconds, Stopping threads took: 0.0013061 seconds
2016-06-27T18:39:59.263+0300: 195.599: Total time for which application threads were stopped: 0.0013924 seconds, Stopping threads took: 0.0003964 seconds
2016-06-27T18:39:59.574+0300: 195.911: [GC (Allocation Failure) 2016-06-27T18:39:59.574+0300: 195.911: [ParNew
Desired survivor size 17432576 bytes, new threshold 1 (max 6)
- age   1:   34860736 bytes,   34860736 total
: 306676K->34047K(306688K), 0.0380441 secs] 4869552K->4862999K(5208832K), 0.0382084 secs] [Times: user=0.13 sys=0.00, real=0.04 secs] 
2016-06-27T18:39:59.613+0300: 195.949: Total time for which application threads were stopped: 0.0393049 seconds, Stopping threads took: 0.0006145 seconds
2016-06-27T18:39:59.948+0300: 196.285: [GC (Allocation Failure) 2016-06-27T18:39:59.948+0300: 196.285: [ParNew: 306687K->306687K(306688K), 0.0000389 secs]2016-06-27T18:39:59.949+0300: 196.285: [CMS: 4828951K->3840835K(4902144K), 0.5794567 secs] 5135639K->3840835K(5208832K), [Metaspace: 9024K->9024K(1058816K)], 0.5796461 secs] [Times: user=0.58 sys=0.00, real=0.58 secs] 
2016-06-27T18:40:00.528+0300: 196.864: Total time for which application threads were stopped: 0.5822420 seconds, Stopping threads took: 0.0020929 seconds
2016-06-27T18:40:00.891+0300: 197.227: [GC (Allocation Failure) 2016-06-27T18:40:00.891+0300: 197.227: [ParNew
Desired survivor size 17432576 bytes, new threshold 1 (max 6)
- age   1:   34849648 bytes,   34849648 total
: 272640K->34048K(306688K), 0.0351194 secs] 4113475K->4107895K(5208832K), 0.0352708 secs] [Times: user=0.13 sys=0.00, real=0.04 secs] 
2016-06-27T18:40:00.926+0300: 197.262: Total time for which application threads were stopped: 0.0361770 seconds, Stopping threads took: 0.0004217 seconds
2016-06-27T18:40:01.251+0300: 197.587: [GC (Allocation Failure) 2016-06-27T18:40:01.251+0300: 197.587: [ParNew
Desired survivor size 17432576 bytes, new threshold 1 (max 6)
- age   1:   34849736 bytes,   34849736 total
: 305970K->34048K(306688K), 0.0386390 secs] 4379817K->4374931K(5208832K), 0.0388229 secs] [Times: user=0.19 sys=0.00, real=0.04 secs] 
2016-06-27T18:40:01.290+0300: 197.626: Total time for which application threads were stopped: 0.0406297 seconds, Stopping threads took: 0.0012966 seconds
2016-06-27T18:40:01.636+0300: 197.972: [GC (Allocation Failure) 2016-06-27T18:40:01.636+0300: 197.972: [ParNew
Desired survivor size 17432576 bytes, new threshold 1 (max 6)
- age   1:   34862688 bytes,   34862688 total
: 306688K->34048K(306688K), 0.0403180 secs] 4647571K->4642009K(5208832K), 0.0406614 secs] [Times: user=0.17 sys=0.00, real=0.04 secs] 
2016-06-27T18:40:01.676+0300: 198.013: Total time for which application threads were stopped: 0.0422698 seconds, Stopping threads took: 0.0009434 seconds
2016-06-27T18:40:02.000+0300: 198.336: [GC (Allocation Failure) 2016-06-27T18:40:02.000+0300: 198.336: [ParNew: 306376K->306376K(306688K), 0.0061227 secs]2016-06-27T18:40:02.006+0300: 198.342: [CMS: 4607961K->3843878K(4902144K), 0.5739057 secs] 4914337K->3843878K(5208832K), [Metaspace: 9024K->9024K(1058816K)], 0.5801841 secs] [Times: user=0.56 sys=0.00, real=0.58 secs] 
2016-06-27T18:40:02.580+0300: 198.916: Total time for which application threads were stopped: 0.5818276 seconds, Stopping threads took: 0.0011508 seconds
2016-06-27T18:40:02.902+0300: 199.238: [GC (Allocation Failure) 2016-06-27T18:40:02.902+0300: 199.238: [ParNew
Desired survivor size 17432576 bytes, new threshold 1 (max 6)
- age   1:   34845400 bytes,   34845400 total
: 272506K->34048K(306688K), 0.0399583 secs] 4116385K->4111938K(5208832K), 0.0401371 secs] [Times: user=0.09 sys=0.00, real=0.04 secs] 
2016-06-27T18:40:02.942+0300: 199.278: Total time for which application threads were stopped: 0.0421248 seconds, Stopping threads took: 0.0014083 seconds
2016-06-27T18:40:03.262+0300: 199.599: [GC (Allocation Failure) 2016-06-27T18:40:03.262+0300: 199.599: [ParNew
Desired survivor size 17432576 bytes, new threshold 1 (max 6)
- age   1:   34846536 bytes,   34846536 total
: 306414K->34042K(306688K), 0.0386155 secs] 4384305K->4378965K(5208832K), 0.0387823 secs] [Times: user=0.14 sys=0.00, real=0.04 secs] 
2016-06-27T18:40:03.301+0300: 199.638: Total time for which application threads were stopped: 0.0411356 seconds, Stopping threads took: 0.0017880 seconds
2016-06-27T18:40:03.464+0300: 199.801: Total time for which application threads were stopped: 0.0024564 seconds, Stopping threads took: 0.0011615 seconds
2016-06-27T18:40:03.767+0300: 200.104: [GC (Allocation Failure) 2016-06-27T18:40:03.768+0300: 200.104: [ParNew
Desired survivor size 17432576 bytes, new threshold 1 (max 6)
- age   1:   34855584 bytes,   34855584 total
: 306682K->34048K(306688K), 0.0393891 secs] 4651605K->4645007K(5208832K), 0.0395798 secs] [Times: user=0.14 sys=0.00, real=0.04 secs] 
2016-06-27T18:40:03.807+0300: 200.143: Total time for which application threads were stopped: 0.0406276 seconds, Stopping threads took: 0.0006659 seconds
2016-06-27T18:40:04.124+0300: 200.460: Total time for which application threads were stopped: 0.0118875 seconds, Stopping threads took: 0.0110561 seconds
2016-06-27T18:40:04.185+0300: 200.522: [GC (Allocation Failure) 2016-06-27T18:40:04.185+0300: 200.522: [ParNew: 306526K->306526K(306688K), 0.0000406 secs]2016-06-27T18:40:04.185+0300: 200.522: [CMS: 4610959K->3740870K(4902144K), 0.6747150 secs] 4917486K->3740870K(5208832K), [Metaspace: 9024K->9024K(1058816K)], 0.6750250 secs] [Times: user=0.67 sys=0.00, real=0.67 secs] 
2016-06-27T18:40:04.860+0300: 201.197: Total time for which application threads were stopped: 0.6755096 seconds, Stopping threads took: 0.0000919 seconds
2016-06-27T18:40:05.116+0300: 201.452: Total time for which application threads were stopped: 0.0032284 seconds, Stopping threads took: 0.0026771 seconds
2016-06-27T18:40:05.127+0300: 201.463: Total time for which application threads were stopped: 0.0021922 seconds, Stopping threads took: 0.0018971 seconds
2016-06-27T18:40:05.220+0300: 201.557: [GC (Allocation Failure) 2016-06-27T18:40:05.220+0300: 201.557: [ParNew
Desired survivor size 17432576 bytes, new threshold 1 (max 6)
- age   1:   34845296 bytes,   34845296 total
: 271873K->34035K(306688K), 0.0366756 secs] 4012744K->4007918K(5208832K), 0.0368322 secs] [Times: user=0.19 sys=0.00, real=0.04 secs] 
2016-06-27T18:40:05.257+0300: 201.593: Total time for which application threads were stopped: 0.0378188 seconds, Stopping threads took: 0.0006368 seconds
2016-06-27T18:40:05.591+0300: 201.927: [GC (Allocation Failure) 2016-06-27T18:40:05.591+0300: 201.927: [ParNew
Desired survivor size 17432576 bytes, new threshold 1 (max 6)
- age   1:   34849544 bytes,   34849544 total
: 306313K->34045K(306688K), 0.0411250 secs] 4280196K->4274962K(5208832K), 0.0412845 secs] [Times: user=0.19 sys=0.00, real=0.04 secs] 
2016-06-27T18:40:05.632+0300: 201.969: Total time for which application threads were stopped: 0.0490319 seconds, Stopping threads took: 0.0073557 seconds
2016-06-27T18:40:05.981+0300: 202.317: [GC (Allocation Failure) 2016-06-27T18:40:05.981+0300: 202.317: [ParNew
Desired survivor size 17432576 bytes, new threshold 1 (max 6)
- age   1:   34848904 bytes,   34848904 total
: 306561K->34048K(306688K), 0.0396012 secs] 4547477K->4542000K(5208832K), 0.0397693 secs] [Times: user=0.16 sys=0.00, real=0.04 secs] 
2016-06-27T18:40:06.020+0300: 202.357: Total time for which application threads were stopped: 0.0457795 seconds, Stopping threads took: 0.0055685 seconds
2016-06-27T18:40:06.116+0300: 202.453: Total time for which application threads were stopped: 0.0038754 seconds, Stopping threads took: 0.0030120 seconds
2016-06-27T18:40:06.375+0300: 202.711: [GC (Allocation Failure) 2016-06-27T18:40:06.375+0300: 202.711: [ParNew
Desired survivor size 17432576 bytes, new threshold 1 (max 6)
- age   1:   34854360 bytes,   34854360 total
: 306029K->34048K(306688K), 0.0415637 secs] 4813981K->4809036K(5208832K), 0.0417232 secs] [Times: user=0.19 sys=0.00, real=0.04 secs] 
2016-06-27T18:40:06.417+0300: 202.753: Total time for which application threads were stopped: 0.0480581 seconds, Stopping threads took: 0.0058952 seconds
2016-06-27T18:40:06.749+0300: 203.085: [GC (Allocation Failure) 2016-06-27T18:40:06.749+0300: 203.085: [ParNew: 306577K->306577K(306688K), 0.0000513 secs]2016-06-27T18:40:06.749+0300: 203.085: [CMS: 4774988K->3725961K(4902144K), 0.6060679 secs] 5081565K->3725961K(5208832K), [Metaspace: 9029K->9029K(1058816K)], 0.6062997 secs] [Times: user=0.61 sys=0.00, real=0.61 secs] 
2016-06-27T18:40:07.355+0300: 203.692: Total time for which application threads were stopped: 0.6092056 seconds, Stopping threads took: 0.0024278 seconds
2016-06-27T18:40:07.622+0300: 203.958: Total time for which application threads were stopped: 0.0014622 seconds, Stopping threads took: 0.0005444 seconds
2016-06-27T18:40:07.755+0300: 204.091: [GC (Allocation Failure) 2016-06-27T18:40:07.755+0300: 204.091: [ParNew
Desired survivor size 17432576 bytes, new threshold 1 (max 6)
- age   1:   34861392 bytes,   34861392 total
: 272640K->34048K(306688K), 0.0362736 secs] 3998601K->3992034K(5208832K), 0.0364404 secs] [Times: user=0.13 sys=0.00, real=0.04 secs] 
2016-06-27T18:40:07.791+0300: 204.128: Total time for which application threads were stopped: 0.0369344 seconds, Stopping threads took: 0.0001326 seconds
2016-06-27T18:40:08.115+0300: 204.452: Total time for which application threads were stopped: 0.0023778 seconds, Stopping threads took: 0.0016495 seconds
2016-06-27T18:40:08.150+0300: 204.486: [GC (Allocation Failure) 2016-06-27T18:40:08.150+0300: 204.486: [ParNew
Desired survivor size 17432576 bytes, new threshold 1 (max 6)
- age   1:   34857400 bytes,   34857400 total
: 306552K->34048K(306688K), 0.0394178 secs] 4264538K->4259089K(5208832K), 0.0395751 secs] [Times: user=0.13 sys=0.00, real=0.04 secs] 
2016-06-27T18:40:08.189+0300: 204.526: Total time for which application threads were stopped: 0.0400126 seconds, Stopping threads took: 0.0001711 seconds
2016-06-27T18:40:08.505+0300: 204.842: [GC (Allocation Failure) 2016-06-27T18:40:08.506+0300: 204.842: [ParNew
Desired survivor size 17432576 bytes, new threshold 1 (max 6)
- age   1:   34861032 bytes,   34861032 total
: 305901K->34048K(306688K), 0.0393438 secs] 4530943K->4526138K(5208832K), 0.0394887 secs] [Times: user=0.09 sys=0.00, real=0.04 secs] 
2016-06-27T18:40:08.545+0300: 204.881: Total time for which application threads were stopped: 0.0404189 seconds, Stopping threads took: 0.0006415 seconds
2016-06-27T18:40:08.754+0300: 205.091: [GC (CMS Initial Mark) [1 CMS-initial-mark: 4492090K(4902144K)] 4698329K(5208832K), 0.0063323 secs] [Times: user=0.00 sys=0.00, real=0.01 secs] 
2016-06-27T18:40:08.761+0300: 205.097: Total time for which application threads were stopped: 0.0071778 seconds, Stopping threads took: 0.0004892 seconds
2016-06-27T18:40:08.761+0300: 205.097: [CMS-concurrent-mark-start]
2016-06-27T18:40:08.800+0300: 205.137: [CMS-concurrent-mark: 0.040/0.040 secs] [Times: user=0.11 sys=0.00, real=0.04 secs] 
2016-06-27T18:40:08.800+0300: 205.137: [CMS-concurrent-preclean-start]
2016-06-27T18:40:08.811+0300: 205.147: [CMS-concurrent-preclean: 0.011/0.011 secs] [Times: user=0.05 sys=0.00, real=0.01 secs] 
2016-06-27T18:40:08.811+0300: 205.148: [CMS-concurrent-abortable-preclean-start]
2016-06-27T18:40:08.909+0300: 205.246: [GC (Allocation Failure) 2016-06-27T18:40:08.910+0300: 205.246: [ParNew2016-06-27T18:40:08.941+0300: 205.277: [CMS-concurrent-abortable-preclean: 0.011/0.130 secs] [Times: user=0.49 sys=0.00, real=0.13 secs] 

Desired survivor size 17432576 bytes, new threshold 1 (max 6)
- age   1:   34853992 bytes,   34853992 total
: 306466K->34048K(306688K), 0.0421633 secs] 4798556K->4793187K(5208832K), 0.0423318 secs] [Times: user=0.19 sys=0.00, real=0.04 secs] 
2016-06-27T18:40:08.952+0300: 205.288: Total time for which application threads were stopped: 0.0431041 seconds, Stopping threads took: 0.0003857 seconds
2016-06-27T18:40:08.952+0300: 205.288: [GC (CMS Final Remark) [YG occupancy: 35048 K (306688 K)]2016-06-27T18:40:08.952+0300: 205.288: [Rescan (parallel) , 0.0042868 secs]2016-06-27T18:40:08.957+0300: 205.293: [weak refs processing, 0.0000235 secs]2016-06-27T18:40:08.957+0300: 205.293: [class unloading, 0.0017880 secs]2016-06-27T18:40:08.958+0300: 205.295: [scrub symbol table, 0.0007403 secs]2016-06-27T18:40:08.959+0300: 205.295: [scrub string table, 0.0001890 secs][1 CMS-remark: 4759139K(4902144K)] 4794187K(5208832K), 0.0072611 secs] [Times: user=0.02 sys=0.00, real=0.01 secs] 
2016-06-27T18:40:08.959+0300: 205.296: Total time for which application threads were stopped: 0.0076383 seconds, Stopping threads took: 0.0000731 seconds
2016-06-27T18:40:09.115+0300: 205.451: Total time for which application threads were stopped: 0.0010409 seconds, Stopping threads took: 0.0003571 seconds
2016-06-27T18:40:09.300+0300: 205.636: [CMS-concurrent-sweep-start]
2016-06-27T18:40:09.301+0300: 205.637: [GC (Allocation Failure) 2016-06-27T18:40:09.301+0300: 205.637: [ParNew: 306370K->306370K(306688K), 0.0000308 secs]2016-06-27T18:40:09.301+0300: 205.637: [CMS2016-06-27T18:40:09.305+0300: 205.641: [CMS-concurrent-sweep: 0.005/0.005 secs] [Times: user=0.02 sys=0.00, real=0.01 secs] 
 (concurrent mode failure): 4759139K->3726020K(4902144K), 0.5614841 secs] 5065509K->3726020K(5208832K), [Metaspace: 9029K->9029K(1058816K)], 0.5618206 secs] [Times: user=0.56 sys=0.00, real=0.56 secs] 
2016-06-27T18:40:09.861+0300: 206.199: Total time for which application threads were stopped: 0.5626627 seconds, Stopping threads took: 0.0004939 seconds
2016-06-27T18:40:10.115+0300: 206.452: Total time for which application threads were stopped: 0.0015430 seconds, Stopping threads took: 0.0007569 seconds
2016-06-27T18:40:10.245+0300: 206.581: [GC (Allocation Failure) 2016-06-27T18:40:10.245+0300: 206.581: [ParNew
Desired survivor size 17432576 bytes, new threshold 1 (max 6)
- age   1:   34855928 bytes,   34855928 total
: 272640K->34048K(306688K), 0.0368651 secs] 3998660K->3992081K(5208832K), 0.0370421 secs] [Times: user=0.13 sys=0.00, real=0.04 secs] 
2016-06-27T18:40:10.282+0300: 206.618: Total time for which application threads were stopped: 0.0378769 seconds, Stopping threads took: 0.0004277 seconds
2016-06-27T18:40:10.605+0300: 206.941: [GC (Allocation Failure) 2016-06-27T18:40:10.605+0300: 206.941: [ParNew
Desired survivor size 17432576 bytes, new threshold 1 (max 6)
- age   1:   34856464 bytes,   34856464 total
: 306076K->34048K(306688K), 0.0397479 secs] 4264109K->4258156K(5208832K), 0.0399344 secs] [Times: user=0.13 sys=0.00, real=0.04 secs] 
2016-06-27T18:40:10.645+0300: 206.981: Total time for which application threads were stopped: 0.0410236 seconds, Stopping threads took: 0.0007783 seconds
2016-06-27T18:40:10.974+0300: 207.310: [GC (Allocation Failure) 2016-06-27T18:40:10.974+0300: 207.310: [ParNew
Desired survivor size 17432576 bytes, new threshold 1 (max 6)
- age   1:   34854144 bytes,   34854144 total
: 305914K->34048K(306688K), 0.0446197 secs] 4530022K->4524203K(5208832K), 0.0448032 secs] [Times: user=0.13 sys=0.00, real=0.05 secs] 
2016-06-27T18:40:11.019+0300: 207.355: Total time for which application threads were stopped: 0.0470753 seconds, Stopping threads took: 0.0017970 seconds
2016-06-27T18:40:11.335+0300: 207.672: Total time for which application threads were stopped: 0.0021169 seconds, Stopping threads took: 0.0011726 seconds
2016-06-27T18:40:11.430+0300: 207.767: [GC (Allocation Failure) 2016-06-27T18:40:11.430+0300: 207.767: [ParNew
Desired survivor size 17432576 bytes, new threshold 1 (max 6)
- age   1:   34863640 bytes,   34863640 total
: 306688K->34047K(306688K), 0.0389349 secs] 4796843K->4790251K(5208832K), 0.0391124 secs] [Times: user=0.13 sys=0.00, real=0.04 secs] 
2016-06-27T18:40:11.469+0300: 207.806: Total time for which application threads were stopped: 0.0399014 seconds, Stopping threads took: 0.0004153 seconds
2016-06-27T18:40:11.791+0300: 208.127: [GC (Allocation Failure) 2016-06-27T18:40:11.791+0300: 208.127: [ParNew: 305937K->305937K(306688K), 0.0000359 secs]2016-06-27T18:40:11.791+0300: 208.127: [CMS: 4756204K->3736083K(4902144K), 0.6649311 secs] 5062141K->3736083K(5208832K), [Metaspace: 9029K->9029K(1058816K)], 0.6651560 secs] [Times: user=0.66 sys=0.00, real=0.66 secs] 
2016-06-27T18:40:12.452+0300: 208.792: Total time for which application threads were stopped: 0.6705530 seconds, Stopping threads took: 0.0050027 seconds
2016-06-27T18:40:12.452+0300: 208.797: Total time for which application threads were stopped: 0.0008395 seconds, Stopping threads took: 0.0000800 seconds
2016-06-27T18:40:12.810+0300: 209.146: [GC (Allocation Failure) 2016-06-27T18:40:12.810+0300: 209.146: [ParNew
Desired survivor size 17432576 bytes, new threshold 1 (max 6)
- age   1:   34859720 bytes,   34859720 total
: 272449K->34048K(306688K), 0.0371987 secs] 4008533K->4002157K(5208832K), 0.0373603 secs] [Times: user=0.13 sys=0.00, real=0.04 secs] 
2016-06-27T18:40:12.847+0300: 209.184: Total time for which application threads were stopped: 0.0390350 seconds, Stopping threads took: 0.0012723 seconds
2016-06-27T18:40:13.118+0300: 209.455: Total time for which application threads were stopped: 0.0038544 seconds, Stopping threads took: 0.0029696 seconds
2016-06-27T18:40:13.221+0300: 209.557: [GC (Allocation Failure) 2016-06-27T18:40:13.221+0300: 209.557: [ParNew
Desired survivor size 17432576 bytes, new threshold 1 (max 6)
- age   1:   34859232 bytes,   34859232 total
: 306688K->34048K(306688K), 0.0394562 secs] 4274797K->4268210K(5208832K), 0.0396333 secs] [Times: user=0.17 sys=0.00, real=0.04 secs] 
2016-06-27T18:40:13.261+0300: 209.597: Total time for which application threads were stopped: 0.0404501 seconds, Stopping threads took: 0.0004430 seconds
2016-06-27T18:40:13.590+0300: 209.926: [GC (Allocation Failure) 2016-06-27T18:40:13.590+0300: 209.926: [ParNew
Desired survivor size 17432576 bytes, new threshold 1 (max 6)
- age   1:   34852824 bytes,   34852824 total
: 306217K->34048K(306688K), 0.0390072 secs] 4540379K->4535257K(5208832K), 0.0391757 secs] [Times: user=0.13 sys=0.00, real=0.04 secs] 
2016-06-27T18:40:13.629+0300: 209.965: Total time for which application threads were stopped: 0.0428193 seconds, Stopping threads took: 0.0032399 seconds
2016-06-27T18:40:13.973+0300: 210.310: [GC (Allocation Failure) 2016-06-27T18:40:13.974+0300: 210.310: [ParNew
Desired survivor size 17432576 bytes, new threshold 1 (max 6)
- age   1:   34854768 bytes,   34854768 total
: 306494K->34046K(306688K), 0.0391167 secs] 4807704K->4802295K(5208832K), 0.0392869 secs] [Times: user=0.13 sys=0.00, real=0.04 secs] 
2016-06-27T18:40:14.013+0300: 210.349: Total time for which application threads were stopped: 0.0423194 seconds, Stopping threads took: 0.0026100 seconds
2016-06-27T18:40:14.119+0300: 210.455: Total time for which application threads were stopped: 0.0043445 seconds, Stopping threads took: 0.0034627 seconds
2016-06-27T18:40:14.352+0300: 210.689: [GC (Allocation Failure) 2016-06-27T18:40:14.352+0300: 210.689: [ParNew: 305769K->305769K(306688K), 0.0000453 secs]2016-06-27T18:40:14.353+0300: 210.689: [CMS: 4768248K->3824145K(4902144K), 0.5813461 secs] 5074018K->3824145K(5208832K), [Metaspace: 9030K->9030K(1058816K)], 0.5815505 secs] [Times: user=0.58 sys=0.00, real=0.58 secs] 
2016-06-27T18:40:14.934+0300: 211.270: Total time for which application threads were stopped: 0.5830811 seconds, Stopping threads took: 0.0011089 seconds
2016-06-27T18:40:15.263+0300: 211.600: Total time for which application threads were stopped: 0.0013634 seconds, Stopping threads took: 0.0005611 seconds
2016-06-27T18:40:15.303+0300: 211.640: [GC (Allocation Failure) 2016-06-27T18:40:15.303+0300: 211.640: [ParNew
Desired survivor size 17432576 bytes, new threshold 1 (max 6)
- age   1:   33858488 bytes,   33858488 total
: 272640K->33095K(306688K), 0.0352203 secs] 4096785K->4090252K(5208832K), 0.0353670 secs] [Times: user=0.13 sys=0.00, real=0.04 secs] 
2016-06-27T18:40:15.339+0300: 211.675: Total time for which application threads were stopped: 0.0358028 seconds, Stopping threads took: 0.0000881 seconds
2016-06-27T18:40:15.371+0300: 211.707: Total time for which application threads were stopped: 0.0005029 seconds, Stopping threads took: 0.0002746 seconds
2016-06-27T18:40:15.649+0300: 211.985: [GC (Allocation Failure) 2016-06-27T18:40:15.649+0300: 211.985: [ParNew
Desired survivor size 17432576 bytes, new threshold 1 (max 6)
- age   1:   33831648 bytes,   33831648 total
: 305733K->33056K(306688K), 0.0390744 secs] 4362891K->4357284K(5208832K), 0.0392022 secs] [Times: user=0.13 sys=0.00, real=0.04 secs] 
2016-06-27T18:40:15.688+0300: 212.025: Total time for which application threads were stopped: 0.0398805 seconds, Stopping threads took: 0.0003785 seconds
2016-06-27T18:40:16.011+0300: 212.348: [GC (Allocation Failure) 2016-06-27T18:40:16.011+0300: 212.348: [ParNew
Desired survivor size 17432576 bytes, new threshold 1 (max 6)
- age   1:   34862304 bytes,   34862304 total
: 304991K->34048K(306688K), 0.0377452 secs] 4629219K->4623319K(5208832K), 0.0378885 secs] [Times: user=0.13 sys=0.00, real=0.04 secs] 
2016-06-27T18:40:16.049+0300: 212.386: Total time for which application threads were stopped: 0.0388071 seconds, Stopping threads took: 0.0005547 seconds
2016-06-27T18:40:16.116+0300: 212.452: Total time for which application threads were stopped: 0.0007608 seconds, Stopping threads took: 0.0001240 seconds
2016-06-27T18:40:16.380+0300: 212.716: [GC (Allocation Failure) 2016-06-27T18:40:16.380+0300: 212.716: [ParNew
Desired survivor size 17432576 bytes, new threshold 1 (max 6)
- age   1:   34857232 bytes,   34857232 total
: 306271K->34048K(306688K), 0.0373603 secs] 4895543K->4890368K(5208832K), 0.0375061 secs] [Times: user=0.13 sys=0.00, real=0.04 secs] 
2016-06-27T18:40:16.418+0300: 212.754: Total time for which application threads were stopped: 0.0383713 seconds, Stopping threads took: 0.0005581 seconds
2016-06-27T18:40:16.748+0300: 213.085: [GC (Allocation Failure) 2016-06-27T18:40:16.748+0300: 213.085: [ParNew: 306303K->306303K(306688K), 0.0000316 secs]2016-06-27T18:40:16.749+0300: 213.085: [CMS: 4856320K->3807191K(4902144K), 0.5642459 secs] 5162623K->3807191K(5208832K), [Metaspace: 9031K->9031K(1058816K)], 0.5644204 secs] [Times: user=0.56 sys=0.00, real=0.57 secs] 
2016-06-27T18:40:17.313+0300: 213.649: Total time for which application threads were stopped: 0.5653086 seconds, Stopping threads took: 0.0004721 seconds
2016-06-27T18:40:17.532+0300: 213.868: Total time for which application threads were stopped: 0.0012650 seconds, Stopping threads took: 0.0006000 seconds
2016-06-27T18:40:17.702+0300: 214.038: [GC (Allocation Failure) 2016-06-27T18:40:17.702+0300: 214.038: [ParNew
Desired survivor size 17432576 bytes, new threshold 1 (max 6)
- age   1:   34849896 bytes,   34849896 total
: 272640K->34041K(306688K), 0.0351481 secs] 4079831K->4073244K(5208832K), 0.0352969 secs] [Times: user=0.13 sys=0.00, real=0.04 secs] 
2016-06-27T18:40:17.737+0300: 214.074: Total time for which application threads were stopped: 0.0359101 seconds, Stopping threads took: 0.0002549 seconds
2016-06-27T18:40:18.048+0300: 214.384: [GC (Allocation Failure) 2016-06-27T18:40:18.048+0300: 214.384: [ParNew
Desired survivor size 17432576 bytes, new threshold 1 (max 6)
- age   1:   34847392 bytes,   34847392 total
: 305855K->34048K(306688K), 0.0383046 secs] 4345058K->4340287K(5208832K), 0.0384483 secs] [Times: user=0.19 sys=0.00, real=0.04 secs] 
2016-06-27T18:40:18.086+0300: 214.423: Total time for which application threads were stopped: 0.0391505 seconds, Stopping threads took: 0.0004084 seconds
2016-06-27T18:40:18.116+0300: 214.453: Total time for which application threads were stopped: 0.0006162 seconds, Stopping threads took: 0.0001138 seconds
2016-06-27T18:40:18.426+0300: 214.762: [GC (Allocation Failure) 2016-06-27T18:40:18.426+0300: 214.762: [ParNew
Desired survivor size 17432576 bytes, new threshold 1 (max 6)
- age   1:   34850272 bytes,   34850272 total
: 306061K->34047K(306688K), 0.0388002 secs] 4612300K->4606321K(5208832K), 0.0389328 secs] [Times: user=0.17 sys=0.00, real=0.04 secs] 
2016-06-27T18:40:18.465+0300: 214.801: Total time for which application threads were stopped: 0.0397603 seconds, Stopping threads took: 0.0005530 seconds
2016-06-27T18:40:18.789+0300: 215.126: [GC (Allocation Failure) 2016-06-27T18:40:18.789+0300: 215.126: [ParNew
Desired survivor size 17432576 bytes, new threshold 1 (max 6)
- age   1:   34845352 bytes,   34845352 total
: 306174K->34041K(306688K), 0.0403864 secs] 4878448K->4873351K(5208832K), 0.0405840 secs] [Times: user=0.13 sys=0.00, real=0.04 secs] 
2016-06-27T18:40:18.830+0300: 215.166: Total time for which application threads were stopped: 0.0417138 seconds, Stopping threads took: 0.0007428 seconds
2016-06-27T18:40:19.118+0300: 215.454: Total time for which application threads were stopped: 0.0018038 seconds, Stopping threads took: 0.0008741 seconds
2016-06-27T18:40:19.215+0300: 215.551: [GC (Allocation Failure) 2016-06-27T18:40:19.215+0300: 215.551: [ParNew: 306681K->306681K(306688K), 0.0000342 secs]2016-06-27T18:40:19.215+0300: 215.551: [CMS: 4839310K->3818192K(4902144K), 0.6497862 secs] 5145991K->3818192K(5208832K), [Metaspace: 9032K->9032K(1058816K)], 0.6501009 secs] [Times: user=0.66 sys=0.00, real=0.65 secs] 
2016-06-27T18:40:19.865+0300: 216.201: Total time for which application threads were stopped: 0.6507578 seconds, Stopping threads took: 0.0003118 seconds
2016-06-27T18:40:20.120+0300: 216.456: Total time for which application threads were stopped: 0.0034212 seconds, Stopping threads took: 0.0025762 seconds
2016-06-27T18:40:20.209+0300: 216.545: [GC (Allocation Failure) 2016-06-27T18:40:20.209+0300: 216.545: [ParNew
Desired survivor size 17432576 bytes, new threshold 1 (max 6)
- age   1:   34850872 bytes,   34850872 total
: 272330K->34044K(306688K), 0.0338852 secs] 4090523K->4085249K(5208832K), 0.0340340 secs] [Times: user=0.13 sys=0.00, real=0.03 secs] 
2016-06-27T18:40:20.243+0300: 216.579: Total time for which application threads were stopped: 0.0349257 seconds, Stopping threads took: 0.0005230 seconds
2016-06-27T18:40:20.557+0300: 216.894: [GC (Allocation Failure) 2016-06-27T18:40:20.563+0300: 216.900: [ParNew
Desired survivor size 17432576 bytes, new threshold 1 (max 6)
- age   1:   34861136 bytes,   34861136 total
: 305731K->34048K(306688K), 0.0394267 secs] 4356936K->4351385K(5208832K), 0.0455683 secs] [Times: user=0.19 sys=0.00, real=0.05 secs] 
2016-06-27T18:40:20.603+0300: 216.939: Total time for which application threads were stopped: 0.0489104 seconds, Stopping threads took: 0.0029311 seconds
2016-06-27T18:40:20.938+0300: 217.274: [GC (Allocation Failure) 2016-06-27T18:40:20.938+0300: 217.274: [ParNew
Desired survivor size 17432576 bytes, new threshold 1 (max 6)
- age   1:   34858496 bytes,   34858496 total
: 306433K->34048K(306688K), 0.0406789 secs] 4623770K->4618438K(5208832K), 0.0408320 secs] [Times: user=0.19 sys=0.00, real=0.04 secs] 
2016-06-27T18:40:20.979+0300: 217.315: Total time for which application threads were stopped: 0.0450316 seconds, Stopping threads took: 0.0037518 seconds
2016-06-27T18:40:21.119+0300: 217.456: Total time for which application threads were stopped: 0.0028114 seconds, Stopping threads took: 0.0018287 seconds
2016-06-27T18:40:21.328+0300: 217.664: [GC (Allocation Failure) 2016-06-27T18:40:21.328+0300: 217.664: [ParNew
Desired survivor size 17432576 bytes, new threshold 1 (max 6)
- age   1:   34857432 bytes,   34857432 total
: 306358K->34048K(306688K), 0.0383298 secs] 4890749K->4886486K(5208832K), 0.0384910 secs] [Times: user=0.19 sys=0.00, real=0.04 secs] 
2016-06-27T18:40:21.367+0300: 217.703: Total time for which application threads were stopped: 0.0479683 seconds, Stopping threads took: 0.0090475 seconds
2016-06-27T18:40:21.801+0300: 218.138: [GC (Allocation Failure) 2016-06-27T18:40:21.801+0300: 218.138: [ParNew: 305789K->305789K(306688K), 0.0000355 secs]2016-06-27T18:40:21.801+0300: 218.138: [CMS: 4852438K->3831314K(4902144K), 0.6266920 secs] 5158228K->3831314K(5208832K), [Metaspace: 9033K->9033K(1058816K)], 0.6268874 secs] [Times: user=0.64 sys=0.00, real=0.63 secs] 
2016-06-27T18:40:22.428+0300: 218.764: Total time for which application threads were stopped: 0.6307850 seconds, Stopping threads took: 0.0034657 seconds
2016-06-27T18:40:22.755+0300: 219.091: Total time for which application threads were stopped: 0.0014724 seconds, Stopping threads took: 0.0005679 seconds
2016-06-27T18:40:22.852+0300: 219.188: [GC (Allocation Failure) 2016-06-27T18:40:22.852+0300: 219.188: [ParNew
Desired survivor size 17432576 bytes, new threshold 1 (max 6)
- age   1:   34859704 bytes,   34859704 total
: 272640K->34048K(306688K), 0.0352956 secs] 4103954K->4096381K(5208832K), 0.0354726 secs] [Times: user=0.13 sys=0.00, real=0.04 secs] 
2016-06-27T18:40:22.887+0300: 219.223: Total time for which application threads were stopped: 0.0359999 seconds, Stopping threads took: 0.0001920 seconds
2016-06-27T18:40:23.118+0300: 219.455: Total time for which application threads were stopped: 0.0012372 seconds, Stopping threads took: 0.0005444 seconds
2016-06-27T18:40:23.270+0300: 219.607: [GC (Allocation Failure) 2016-06-27T18:40:23.270+0300: 219.607: [ParNew
Desired survivor size 17432576 bytes, new threshold 1 (max 6)
- age   1:   34857136 bytes,   34857136 total
: 306146K->34048K(306688K), 0.0418011 secs] 4368480K->4362432K(5208832K), 0.0476664 secs] [Times: user=0.13 sys=0.00, real=0.05 secs] 
2016-06-27T18:40:23.318+0300: 219.655: Total time for which application threads were stopped: 0.0482304 seconds, Stopping threads took: 0.0002780 seconds
2016-06-27T18:40:23.694+0300: 220.030: [GC (Allocation Failure) 2016-06-27T18:40:23.694+0300: 220.030: [ParNew
Desired survivor size 17432576 bytes, new threshold 1 (max 6)
- age   1:   34855920 bytes,   34855920 total
: 306163K->34048K(306688K), 0.0394930 secs] 4634548K->4628477K(5208832K), 0.0396705 secs] [Times: user=0.13 sys=0.00, real=0.04 secs] 
2016-06-27T18:40:23.733+0300: 220.070: Total time for which application threads were stopped: 0.0406883 seconds, Stopping threads took: 0.0006342 seconds
2016-06-27T18:40:24.107+0300: 220.444: [GC (Allocation Failure) 2016-06-27T18:40:24.107+0300: 220.444: [ParNew
Desired survivor size 17432576 bytes, new threshold 1 (max 6)
- age   1:   34855024 bytes,   34855024 total
: 306407K->34048K(306688K), 0.0423421 secs] 4900836K->4894520K(5208832K), 0.0425217 secs] [Times: user=0.19 sys=0.00, real=0.04 secs] 
2016-06-27T18:40:24.150+0300: 220.486: Total time for which application threads were stopped: 0.0441314 seconds, Stopping threads took: 0.0012120 seconds
2016-06-27T18:40:24.526+0300: 220.862: Total time for which application threads were stopped: 0.0020929 seconds, Stopping threads took: 0.0009148 seconds
2016-06-27T18:40:24.526+0300: 220.863: Total time for which application threads were stopped: 0.0007548 seconds, Stopping threads took: 0.0000479 seconds
2016-06-27T18:40:24.528+0300: 220.864: Total time for which application threads were stopped: 0.0006633 seconds, Stopping threads took: 0.0000423 seconds
2016-06-27T18:40:24.645+0300: 220.981: [GC (Allocation Failure) 2016-06-27T18:40:24.651+0300: 220.987: [ParNew: 306688K->306688K(306688K), 0.0000398 secs]2016-06-27T18:40:24.651+0300: 220.987: [CMS: 4860472K->3884369K(4902144K), 0.6588969 secs] 5167160K->3884369K(5208832K), [Metaspace: 9033K->9033K(1058816K)], 0.6650838 secs] [Times: user=0.66 sys=0.00, real=0.66 secs] 
2016-06-27T18:40:25.310+0300: 221.646: Total time for which application threads were stopped: 0.6673238 seconds, Stopping threads took: 0.0019629 seconds
2016-06-27T18:40:25.312+0300: 221.649: Total time for which application threads were stopped: 0.0004918 seconds, Stopping threads took: 0.0000667 seconds
2016-06-27T18:40:25.408+0300: 221.744: Total time for which application threads were stopped: 0.0005063 seconds, Stopping threads took: 0.0003045 seconds
2016-06-27T18:40:25.639+0300: 221.976: [GC (Allocation Failure) 2016-06-27T18:40:25.639+0300: 221.976: [ParNew
Desired survivor size 17432576 bytes, new threshold 1 (max 6)
- age   1:   34863104 bytes,   34863104 total
: 272022K->34047K(306688K), 0.0353875 secs] 4156391K->4151433K(5208832K), 0.0355492 secs] [Times: user=0.13 sys=0.00, real=0.04 secs] 
2016-06-27T18:40:25.675+0300: 222.011: Total time for which application threads were stopped: 0.0371918 seconds, Stopping threads took: 0.0012475 seconds
2016-06-27T18:40:25.990+0300: 222.327: [GC (Allocation Failure) 2016-06-27T18:40:25.990+0300: 222.327: [ParNew
Desired survivor size 17432576 bytes, new threshold 1 (max 6)
- age   1:   34853208 bytes,   34853208 total
: 306650K->34048K(306688K), 0.0750606 secs] 4424036K->4409490K(5208832K), 0.0752522 secs] [Times: user=0.22 sys=0.00, real=0.08 secs] 
2016-06-27T18:40:26.066+0300: 222.402: Total time for which application threads were stopped: 0.0761687 seconds, Stopping threads took: 0.0005679 seconds
2016-06-27T18:40:26.144+0300: 222.480: Total time for which application threads were stopped: 0.0015592 seconds, Stopping threads took: 0.0008224 seconds
2016-06-27T18:40:26.467+0300: 222.803: [GC (Allocation Failure) 2016-06-27T18:40:26.467+0300: 222.803: [ParNew
Desired survivor size 17432576 bytes, new threshold 1 (max 6)
- age   1:   34859976 bytes,   34859976 total
: 305862K->34047K(306688K), 0.0403133 secs] 4681305K->4675533K(5208832K), 0.0405536 secs] [Times: user=0.19 sys=0.00, real=0.04 secs] 
2016-06-27T18:40:26.508+0300: 222.844: Total time for which application threads were stopped: 0.0434245 seconds, Stopping threads took: 0.0021917 seconds
2016-06-27T18:40:26.895+0300: 223.232: [GC (Allocation Failure) 2016-06-27T18:40:26.895+0300: 223.232: [ParNew: 306424K->306424K(306688K), 0.0000261 secs]2016-06-27T18:40:26.895+0300: 223.232: [CMS: 4641485K->3900405K(4902144K), 0.7974826 secs] 4947909K->3900405K(5208832K), [Metaspace: 9033K->9033K(1058816K)], 0.7976391 secs] [Times: user=0.80 sys=0.00, real=0.80 secs] 
2016-06-27T18:40:27.693+0300: 224.030: Total time for which application threads were stopped: 0.7992928 seconds, Stopping threads took: 0.0012697 seconds
2016-06-27T18:40:27.789+0300: 224.125: Total time for which application threads were stopped: 0.0010820 seconds, Stopping threads took: 0.0002985 seconds
2016-06-27T18:40:28.072+0300: 224.408: [GC (Allocation Failure) 2016-06-27T18:40:28.072+0300: 224.408: [ParNew
Desired survivor size 17432576 bytes, new threshold 1 (max 6)
- age   1:   34858160 bytes,   34858160 total
: 272640K->34048K(306688K), 0.0352203 secs] 4173045K->4166465K(5208832K), 0.0354038 secs] [Times: user=0.13 sys=0.00, real=0.04 secs] 
2016-06-27T18:40:28.107+0300: 224.444: Total time for which application threads were stopped: 0.0363707 seconds, Stopping threads took: 0.0005786 seconds
2016-06-27T18:40:28.144+0300: 224.480: Total time for which application threads were stopped: 0.0008912 seconds, Stopping threads took: 0.0001373 seconds
2016-06-27T18:40:28.464+0300: 224.800: [GC (Allocation Failure) 2016-06-27T18:40:28.464+0300: 224.801: [ParNew
Desired survivor size 17432576 bytes, new threshold 1 (max 6)
- age   1:   34844712 bytes,   34844712 total
: 306472K->34041K(306688K), 0.0401952 secs] 4438890K->4433503K(5208832K), 0.0403770 secs] [Times: user=0.13 sys=0.01, real=0.04 secs] 
2016-06-27T18:40:28.505+0300: 224.841: Total time for which application threads were stopped: 0.0426859 seconds, Stopping threads took: 0.0019321 seconds
2016-06-27T18:40:28.650+0300: 224.986: [GC (CMS Initial Mark) [1 CMS-initial-mark: 4399461K(4902144K)] 4550581K(5208832K), 0.0004717 secs] [Times: user=0.00 sys=0.00, real=0.00 secs] 
2016-06-27T18:40:28.650+0300: 224.986: Total time for which application threads were stopped: 0.0020395 seconds, Stopping threads took: 0.0012124 seconds
2016-06-27T18:40:28.650+0300: 224.986: [CMS-concurrent-mark-start]
2016-06-27T18:40:28.692+0300: 225.028: [CMS-concurrent-mark: 0.042/0.042 secs] [Times: user=0.13 sys=0.00, real=0.04 secs] 
2016-06-27T18:40:28.692+0300: 225.028: [CMS-concurrent-preclean-start]
2016-06-27T18:40:28.702+0300: 225.038: [CMS-concurrent-preclean: 0.010/0.010 secs] [Times: user=0.06 sys=0.00, real=0.01 secs] 
2016-06-27T18:40:28.702+0300: 225.039: [CMS-concurrent-abortable-preclean-start]
2016-06-27T18:40:28.863+0300: 225.200: [GC (Allocation Failure) 2016-06-27T18:40:28.863+0300: 225.200: [ParNew
Desired survivor size 17432576 bytes, new threshold 1 (max 6)
- age   1:   34847232 bytes,   34847232 total
: 306585K->34039K(306688K), 0.0390560 secs] 4706047K->4700532K(5208832K), 0.0395084 secs] [Times: user=0.13 sys=0.02, real=0.04 secs] 
2016-06-27T18:40:28.903+0300: 225.240: Total time for which application threads were stopped: 0.0408838 seconds, Stopping threads took: 0.0008630 seconds
2016-06-27T18:40:29.147+0300: 225.483: Total time for which application threads were stopped: 0.0036911 seconds, Stopping threads took: 0.0027592 seconds
2016-06-27T18:40:29.258+0300: 225.594: [CMS-concurrent-abortable-preclean: 0.076/0.555 secs] [Times: user=2.13 sys=0.02, real=0.56 secs] 
2016-06-27T18:40:29.304+0300: 225.640: [GC (CMS Final Remark) [YG occupancy: 306679 K (306688 K)]2016-06-27T18:40:29.304+0300: 225.640: [Rescan (parallel) , 0.0049069 secs]2016-06-27T18:40:29.309+0300: 225.645: [weak refs processing, 0.0000620 secs]2016-06-27T18:40:29.309+0300: 225.645: [class unloading, 0.0022897 secs]2016-06-27T18:40:29.311+0300: 225.647: [scrub symbol table, 0.0007766 secs]2016-06-27T18:40:29.312+0300: 225.648: [scrub string table, 0.0001959 secs][1 CMS-remark: 4666492K(4902144K)] 4973172K(5208832K), 0.0085458 secs] [Times: user=0.00 sys=0.00, real=0.01 secs] 
2016-06-27T18:40:29.312+0300: 225.649: Total time for which application threads were stopped: 0.0092245 seconds, Stopping threads took: 0.0003421 seconds
2016-06-27T18:40:29.313+0300: 225.649: [CMS-concurrent-sweep-start]
2016-06-27T18:40:29.313+0300: 225.650: [GC (Allocation Failure) 2016-06-27T18:40:29.313+0300: 225.650: [ParNew: 306679K->306679K(306688K), 0.0000210 secs]2016-06-27T18:40:29.313+0300: 225.650: [CMS2016-06-27T18:40:29.317+0300: 225.653: [CMS-concurrent-sweep: 0.004/0.004 secs] [Times: user=0.00 sys=0.00, real=0.00 secs] 
 (concurrent mode failure): 4666492K->3886402K(4902144K), 0.6169718 secs] 4973172K->3886402K(5208832K), [Metaspace: 9033K->9033K(1058816K)], 0.6172459 secs] [Times: user=0.63 sys=0.00, real=0.62 secs] 
2016-06-27T18:40:29.930+0300: 226.267: Total time for which application threads were stopped: 0.6176090 seconds, Stopping threads took: 0.0000603 seconds
2016-06-27T18:40:30.146+0300: 226.482: Total time for which application threads were stopped: 0.0019433 seconds, Stopping threads took: 0.0004272 seconds
2016-06-27T18:40:30.287+0300: 226.623: [GC (Allocation Failure) 2016-06-27T18:40:30.287+0300: 226.623: [ParNew
Desired survivor size 17432576 bytes, new threshold 1 (max 6)
- age   1:   34851104 bytes,   34851104 total
: 272383K->34048K(306688K), 0.0360953 secs] 4158786K->4154462K(5208832K), 0.0362394 secs] [Times: user=0.13 sys=0.00, real=0.04 secs] 
2016-06-27T18:40:30.323+0300: 226.659: Total time for which application threads were stopped: 0.0369168 seconds, Stopping threads took: 0.0003601 seconds
2016-06-27T18:40:30.655+0300: 226.991: [GC (Allocation Failure) 2016-06-27T18:40:30.655+0300: 226.991: [ParNew
Desired survivor size 17432576 bytes, new threshold 1 (max 6)
- age   1:   34849312 bytes,   34849312 total
: 306492K->34048K(306688K), 0.0393100 secs] 4426907K->4414499K(5208832K), 0.0394763 secs] [Times: user=0.19 sys=0.00, real=0.04 secs] 
2016-06-27T18:40:30.694+0300: 227.031: Total time for which application threads were stopped: 0.0407174 seconds, Stopping threads took: 0.0008472 seconds
2016-06-27T18:40:30.695+0300: 227.031: [GC (CMS Initial Mark) [1 CMS-initial-mark: 4380451K(4902144K)] 4416626K(5208832K), 0.0003815 secs] [Times: user=0.00 sys=0.00, real=0.00 secs] 
2016-06-27T18:40:30.695+0300: 227.032: Total time for which application threads were stopped: 0.0008780 seconds, Stopping threads took: 0.0001330 seconds
2016-06-27T18:40:30.695+0300: 227.032: [CMS-concurrent-mark-start]
2016-06-27T18:40:30.736+0300: 227.072: [CMS-concurrent-mark: 0.040/0.040 secs] [Times: user=0.13 sys=0.00, real=0.04 secs] 
2016-06-27T18:40:30.736+0300: 227.072: [CMS-concurrent-preclean-start]
2016-06-27T18:40:30.746+0300: 227.082: [CMS-concurrent-preclean: 0.010/0.010 secs] [Times: user=0.06 sys=0.00, real=0.01 secs] 
2016-06-27T18:40:30.746+0300: 227.082: [CMS-concurrent-abortable-preclean-start]
2016-06-27T18:40:31.066+0300: 227.403: [GC (Allocation Failure) 2016-06-27T18:40:31.066+0300: 227.403: [ParNew2016-06-27T18:40:31.099+0300: 227.435: [CMS-concurrent-abortable-preclean: 0.032/0.353 secs] [Times: user=1.41 sys=0.00, real=0.35 secs] 

Desired survivor size 17432576 bytes, new threshold 1 (max 6)
- age   1:   34842568 bytes,   34842568 total
: 305882K->34032K(306688K), 0.0397830 secs] 4686334K->4680519K(5208832K), 0.0399622 secs] [Times: user=0.19 sys=0.00, real=0.04 secs] 
2016-06-27T18:40:31.106+0300: 227.443: Total time for which application threads were stopped: 0.0416086 seconds, Stopping threads took: 0.0012393 seconds
2016-06-27T18:40:31.119+0300: 227.456: [GC (CMS Final Remark) [YG occupancy: 44491 K (306688 K)]2016-06-27T18:40:31.119+0300: 227.456: [Rescan (parallel) , 0.0044797 secs]2016-06-27T18:40:31.124+0300: 227.460: [weak refs processing, 0.0000359 secs]2016-06-27T18:40:31.124+0300: 227.460: [class unloading, 0.0027614 secs]2016-06-27T18:40:31.127+0300: 227.463: [scrub symbol table, 0.0018586 secs]2016-06-27T18:40:31.129+0300: 227.465: [scrub string table, 0.0004341 secs][1 CMS-remark: 4646486K(4902144K)] 4690978K(5208832K), 0.0099028 secs] [Times: user=0.00 sys=0.00, real=0.01 secs] 
2016-06-27T18:40:31.129+0300: 227.466: Total time for which application threads were stopped: 0.0103911 seconds, Stopping threads took: 0.0001043 seconds
2016-06-27T18:40:31.147+0300: 227.483: Total time for which application threads were stopped: 0.0021768 seconds, Stopping threads took: 0.0000736 seconds
2016-06-27T18:40:31.474+0300: 227.810: [CMS-concurrent-sweep-start]
2016-06-27T18:40:31.477+0300: 227.814: [GC (Allocation Failure) 2016-06-27T18:40:31.478+0300: 227.814: [ParNew: 305868K->305868K(306688K), 0.0000316 secs]2016-06-27T18:40:31.478+0300: 227.814: [CMS2016-06-27T18:40:31.483+0300: 227.819: [CMS-concurrent-sweep: 0.005/0.009 secs] [Times: user=0.00 sys=0.00, real=0.01 secs] 
 (concurrent mode failure): 4646486K->3947410K(4902144K), 0.6548338 secs] 4952355K->3947410K(5208832K), [Metaspace: 9033K->9033K(1058816K)], 0.6551451 secs] [Times: user=0.66 sys=0.00, real=0.65 secs] 
2016-06-27T18:40:32.132+0300: 228.469: Total time for which application threads were stopped: 0.6584094 seconds, Stopping threads took: 0.0028824 seconds
2016-06-27T18:40:32.146+0300: 228.482: Total time for which application threads were stopped: 0.0014057 seconds, Stopping threads took: 0.0001116 seconds
2016-06-27T18:40:32.485+0300: 228.821: [GC (Allocation Failure) 2016-06-27T18:40:32.485+0300: 228.821: [ParNew
Desired survivor size 17432576 bytes, new threshold 1 (max 6)
- age   1:   34848840 bytes,   34848840 total
: 272597K->34048K(306688K), 0.0352182 secs] 4220008K->4213470K(5208832K), 0.0353952 secs] [Times: user=0.14 sys=0.00, real=0.04 secs] 
2016-06-27T18:40:32.520+0300: 228.856: Total time for which application threads were stopped: 0.0363198 seconds, Stopping threads took: 0.0006150 seconds
2016-06-27T18:40:32.850+0300: 229.187: [GC (Allocation Failure) 2016-06-27T18:40:32.850+0300: 229.187: [ParNew
Desired survivor size 17432576 bytes, new threshold 1 (max 6)
- age   1:   34847392 bytes,   34847392 total
: 305825K->34046K(306688K), 0.0400096 secs] 4485248K->4480503K(5208832K), 0.0401884 secs] [Times: user=0.13 sys=0.00, real=0.04 secs] 
2016-06-27T18:40:32.890+0300: 229.227: Total time for which application threads were stopped: 0.0431054 seconds, Stopping threads took: 0.0025009 seconds
2016-06-27T18:40:32.891+0300: 229.227: [GC (CMS Initial Mark) [1 CMS-initial-mark: 4446457K(4902144K)] 4481503K(5208832K), 0.0004691 secs] [Times: user=0.00 sys=0.00, real=0.00 secs] 
2016-06-27T18:40:32.891+0300: 229.228: Total time for which application threads were stopped: 0.0009601 seconds, Stopping threads took: 0.0001351 seconds
2016-06-27T18:40:32.891+0300: 229.228: [CMS-concurrent-mark-start]
2016-06-27T18:40:32.932+0300: 229.269: [CMS-concurrent-mark: 0.041/0.041 secs] [Times: user=0.19 sys=0.00, real=0.04 secs] 
2016-06-27T18:40:32.932+0300: 229.269: [CMS-concurrent-preclean-start]
2016-06-27T18:40:32.942+0300: 229.279: [CMS-concurrent-preclean: 0.010/0.010 secs] [Times: user=0.06 sys=0.00, real=0.01 secs] 
2016-06-27T18:40:32.942+0300: 229.279: [CMS-concurrent-abortable-preclean-start]
2016-06-27T18:40:33.148+0300: 229.484: Total time for which application threads were stopped: 0.0030928 seconds, Stopping threads took: 0.0014878 seconds
2016-06-27T18:40:33.258+0300: 229.594: [CMS-concurrent-abortable-preclean: 0.032/0.315 secs] [Times: user=1.20 sys=0.00, real=0.32 secs] 
2016-06-27T18:40:33.289+0300: 229.625: [GC (Allocation Failure) 2016-06-27T18:40:33.289+0300: 229.625: [ParNew
Desired survivor size 17432576 bytes, new threshold 1 (max 6)
- age   1:   34855704 bytes,   34855704 total
: 306686K->34048K(306688K), 0.0395700 secs] 4753143K->4745540K(5208832K), 0.0397381 secs] [Times: user=0.13 sys=0.00, real=0.04 secs] 
2016-06-27T18:40:33.329+0300: 229.665: Total time for which application threads were stopped: 0.0425550 seconds, Stopping threads took: 0.0024620 seconds
2016-06-27T18:40:33.655+0300: 229.992: [GC (Allocation Failure) 2016-06-27T18:40:33.655+0300: 229.992: [ParNew: 305966K->305966K(306688K), 0.0000338 secs]2016-06-27T18:40:33.655+0300: 229.992: [CMS (concurrent mode failure): 4711492K->3857400K(4902144K), 0.6476274 secs] 5017458K->3857400K(5208832K), [Metaspace: 9033K->9033K(1058816K)], 0.6478305 secs] [Times: user=0.64 sys=0.00, real=0.64 secs] 
2016-06-27T18:40:34.292+0300: 230.640: Total time for which application threads were stopped: 0.6498268 seconds, Stopping threads took: 0.0016007 seconds
2016-06-27T18:40:34.307+0300: 230.647: Total time for which application threads were stopped: 0.0014425 seconds, Stopping threads took: 0.0000740 seconds
2016-06-27T18:40:34.672+0300: 231.009: [GC (Allocation Failure) 2016-06-27T18:40:34.673+0300: 231.009: [ParNew
Desired survivor size 17432576 bytes, new threshold 1 (max 6)
- age   1:   34846984 bytes,   34846984 total
: 272218K->34045K(306688K), 0.0362009 secs] 4129619K->4123458K(5208832K), 0.0363703 secs] [Times: user=0.19 sys=0.00, real=0.04 secs] 
2016-06-27T18:40:34.709+0300: 231.045: Total time for which application threads were stopped: 0.0373975 seconds, Stopping threads took: 0.0006483 seconds
2016-06-27T18:40:35.031+0300: 231.368: [GC (Allocation Failure) 2016-06-27T18:40:35.037+0300: 231.374: [ParNew
Desired survivor size 17432576 bytes, new threshold 1 (max 6)
- age   1:   34844392 bytes,   34844392 total
: 305873K->34039K(306688K), 0.0403449 secs] 4395285K->4390485K(5208832K), 0.0465421 secs] [Times: user=0.13 sys=0.00, real=0.05 secs] 
2016-06-27T18:40:35.078+0300: 231.414: Total time for which application threads were stopped: 0.0481201 seconds, Stopping threads took: 0.0011893 seconds
2016-06-27T18:40:35.147+0300: 231.483: Total time for which application threads were stopped: 0.0015930 seconds, Stopping threads took: 0.0004076 seconds
2016-06-27T18:40:35.156+0300: 231.493: Total time for which application threads were stopped: 0.0003909 seconds, Stopping threads took: 0.0000962 seconds
2016-06-27T18:40:35.423+0300: 231.760: [GC (Allocation Failure) 2016-06-27T18:40:35.423+0300: 231.760: [ParNew
Desired survivor size 17432576 bytes, new threshold 1 (max 6)
- age   1:   34854144 bytes,   34854144 total
: 305901K->34048K(306688K), 0.0390277 secs] 4662346K->4657526K(5208832K), 0.0391975 secs] [Times: user=0.19 sys=0.00, real=0.04 secs] 
2016-06-27T18:40:35.463+0300: 231.799: Total time for which application threads were stopped: 0.0406143 seconds, Stopping threads took: 0.0009922 seconds
2016-06-27T18:40:35.800+0300: 232.137: [GC (Allocation Failure) 2016-06-27T18:40:35.801+0300: 232.137: [ParNew: 306334K->306334K(306688K), 0.0000445 secs]2016-06-27T18:40:35.801+0300: 232.137: [CMS: 4623478K->3814392K(4902144K), 0.6127859 secs] 4929813K->3814392K(5208832K), [Metaspace: 9033K->9033K(1058816K)], 0.6130156 secs] [Times: user=0.63 sys=0.00, real=0.61 secs] 
2016-06-27T18:40:36.414+0300: 232.750: Total time for which application threads were stopped: 0.6152124 seconds, Stopping threads took: 0.0017363 seconds
2016-06-27T18:40:36.627+0300: 232.963: Total time for which application threads were stopped: 0.0024411 seconds, Stopping threads took: 0.0013257 seconds
2016-06-27T18:40:36.811+0300: 233.147: [GC (Allocation Failure) 2016-06-27T18:40:36.811+0300: 233.147: [ParNew
Desired survivor size 17432576 bytes, new threshold 1 (max 6)
- age   1:   34864960 bytes,   34864960 total
: 272640K->34048K(306688K), 0.0364327 secs] 4087032K->4080740K(5208832K), 0.0366222 secs] [Times: user=0.13 sys=0.00, real=0.04 secs] 
2016-06-27T18:40:36.847+0300: 233.184: Total time for which application threads were stopped: 0.0376015 seconds, Stopping threads took: 0.0006034 seconds
2016-06-27T18:40:37.179+0300: 233.515: [GC (Allocation Failure) 2016-06-27T18:40:37.179+0300: 233.515: [ParNew
Desired survivor size 17432576 bytes, new threshold 1 (max 6)
- age   1:   34853912 bytes,   34853912 total
: 306508K->34048K(306688K), 0.0397334 secs] 4353201K->4347793K(5208832K), 0.0398642 secs] [Times: user=0.13 sys=0.00, real=0.04 secs] 
2016-06-27T18:40:37.219+0300: 233.555: Total time for which application threads were stopped: 0.0442473 seconds, Stopping threads took: 0.0039904 seconds
2016-06-27T18:40:37.561+0300: 233.897: [GC (Allocation Failure) 2016-06-27T18:40:37.561+0300: 233.897: [ParNew
Desired survivor size 17432576 bytes, new threshold 1 (max 6)
- age   1:   34850544 bytes,   34850544 total
: 306099K->34048K(306688K), 0.0398356 secs] 4619844K->4614836K(5208832K), 0.0399998 secs] [Times: user=0.19 sys=0.00, real=0.04 secs] 
2016-06-27T18:40:37.601+0300: 233.937: Total time for which application threads were stopped: 0.0416852 seconds, Stopping threads took: 0.0012488 seconds
2016-06-27T18:40:37.935+0300: 234.271: [GC (Allocation Failure) 2016-06-27T18:40:37.935+0300: 234.271: [ParNew
Desired survivor size 17432576 bytes, new threshold 1 (max 6)
- age   1:   34859768 bytes,   34859768 total
: 306688K->34048K(306688K), 0.0384953 secs] 4887476K->4880922K(5208832K), 0.0386745 secs] [Times: user=0.19 sys=0.00, real=0.04 secs] 
2016-06-27T18:40:37.973+0300: 234.310: Total time for which application threads were stopped: 0.0403240 seconds, Stopping threads took: 0.0012133 seconds
2016-06-27T18:40:38.301+0300: 234.637: Total time for which application threads were stopped: 0.0052037 seconds, Stopping threads took: 0.0033682 seconds
2016-06-27T18:40:38.378+0300: 234.714: [GC (Allocation Failure) 2016-06-27T18:40:38.378+0300: 234.714: [ParNew: 306688K->306688K(306688K), 0.0000475 secs]2016-06-27T18:40:38.378+0300: 234.714: [CMS: 4846874K->3736658K(4902144K), 0.6046729 secs] 5153562K->3736658K(5208832K), [Metaspace: 9033K->9033K(1058816K)], 0.6049111 secs] [Times: user=0.59 sys=0.02, real=0.61 secs] 
2016-06-27T18:40:38.983+0300: 235.319: Total time for which application threads were stopped: 0.6053640 seconds, Stopping threads took: 0.0000813 seconds
2016-06-27T18:40:39.292+0300: 235.628: [GC (Allocation Failure) 2016-06-27T18:40:39.292+0300: 235.628: [ParNew
Desired survivor size 17432576 bytes, new threshold 1 (max 6)
- age   1:   34857552 bytes,   34857552 total
: 272266K->34048K(306688K), 0.0343864 secs] 4008924K->4002790K(5208832K), 0.0345686 secs] [Times: user=0.13 sys=0.00, real=0.03 secs] 
2016-06-27T18:40:39.326+0300: 235.663: Total time for which application threads were stopped: 0.0374369 seconds, Stopping threads took: 0.0024594 seconds
2016-06-27T18:40:39.644+0300: 235.981: [GC (Allocation Failure) 2016-06-27T18:40:39.644+0300: 235.981: [ParNew
Desired survivor size 17432576 bytes, new threshold 1 (max 6)
- age   1:   34854656 bytes,   34854656 total
: 306330K->34048K(306688K), 0.0391496 secs] 4275072K->4269835K(5208832K), 0.0393108 secs] [Times: user=0.19 sys=0.00, real=0.04 secs] 
2016-06-27T18:40:39.684+0300: 236.020: Total time for which application threads were stopped: 0.0415988 seconds, Stopping threads took: 0.0018599 seconds
2016-06-27T18:40:40.029+0300: 236.365: [GC (Allocation Failure) 2016-06-27T18:40:40.029+0300: 236.365: [ParNew
Desired survivor size 17432576 bytes, new threshold 1 (max 6)
- age   1:   34860984 bytes,   34860984 total
: 305737K->34047K(306688K), 0.0399254 secs] 4541525K->4535877K(5208832K), 0.0400892 secs] [Times: user=0.19 sys=0.00, real=0.04 secs] 
2016-06-27T18:40:40.069+0300: 236.405: Total time for which application threads were stopped: 0.0472019 seconds, Stopping threads took: 0.0066830 seconds
2016-06-27T18:40:40.394+0300: 236.730: [GC (Allocation Failure) 2016-06-27T18:40:40.394+0300: 236.730: [ParNew
Desired survivor size 17432576 bytes, new threshold 1 (max 6)
- age   1:   34845312 bytes,   34845312 total
: 306103K->34042K(306688K), 0.0397270 secs] 4807933K->4802919K(5208832K), 0.0398801 secs] [Times: user=0.19 sys=0.00, real=0.04 secs] 
2016-06-27T18:40:40.434+0300: 236.770: Total time for which application threads were stopped: 0.0505034 seconds, Stopping threads took: 0.0101495 seconds
2016-06-27T18:40:40.784+0300: 237.121: [GC (Allocation Failure) 2016-06-27T18:40:40.784+0300: 237.121: [ParNew: 306337K->306337K(306688K), 0.0000342 secs]2016-06-27T18:40:40.784+0300: 237.121: [CMS: 4768876K->3854695K(4902144K), 0.6345890 secs] 5075214K->3854695K(5208832K), [Metaspace: 9033K->9033K(1058816K)], 0.6347857 secs] [Times: user=0.64 sys=0.01, real=0.63 secs] 
2016-06-27T18:40:41.419+0300: 237.755: Total time for which application threads were stopped: 0.6395173 seconds, Stopping threads took: 0.0042547 seconds
2016-06-27T18:40:41.748+0300: 238.084: [GC (Allocation Failure) 2016-06-27T18:40:41.748+0300: 238.084: [ParNew
Desired survivor size 17432576 bytes, new threshold 1 (max 6)
- age   1:   34848720 bytes,   34848720 total
: 272348K->34047K(306688K), 0.0349081 secs] 4127044K->4121755K(5208832K), 0.0350741 secs] [Times: user=0.11 sys=0.00, real=0.04 secs] 
2016-06-27T18:40:41.783+0300: 238.119: Total time for which application threads were stopped: 0.0360354 seconds, Stopping threads took: 0.0004614 seconds
2016-06-27T18:40:42.100+0300: 238.436: [GC (Allocation Failure) 2016-06-27T18:40:42.100+0300: 238.436: [ParNew
Desired survivor size 17432576 bytes, new threshold 1 (max 6)
- age   1:   34862944 bytes,   34862944 total
: 306082K->34047K(306688K), 0.0380741 secs] 4393789K->4388829K(5208832K), 0.0382456 secs] [Times: user=0.13 sys=0.00, real=0.04 secs] 
2016-06-27T18:40:42.138+0300: 238.475: Total time for which application threads were stopped: 0.0394550 seconds, Stopping threads took: 0.0006915 seconds
2016-06-27T18:40:42.451+0300: 238.787: [GC (Allocation Failure) 2016-06-27T18:40:42.451+0300: 238.787: [ParNew
Desired survivor size 17432576 bytes, new threshold 1 (max 6)
- age   1:   34851712 bytes,   34851712 total
: 305959K->34042K(306688K), 0.0394152 secs] 4660741K->4655878K(5208832K), 0.0395858 secs] [Times: user=0.19 sys=0.00, real=0.04 secs] 
2016-06-27T18:40:42.490+0300: 238.827: Total time for which application threads were stopped: 0.0407619 seconds, Stopping threads took: 0.0006334 seconds
2016-06-27T18:40:42.491+0300: 238.827: [GC (CMS Initial Mark) [1 CMS-initial-mark: 4621835K(4902144K)] 4656878K(5208832K), 0.0004456 secs] [Times: user=0.00 sys=0.00, real=0.00 secs] 
2016-06-27T18:40:42.491+0300: 238.828: Total time for which application threads were stopped: 0.0009438 seconds, Stopping threads took: 0.0000753 seconds
2016-06-27T18:40:42.491+0300: 238.828: [CMS-concurrent-mark-start]
2016-06-27T18:40:42.533+0300: 238.869: [CMS-concurrent-mark: 0.041/0.041 secs] [Times: user=0.11 sys=0.00, real=0.04 secs] 
2016-06-27T18:40:42.533+0300: 238.869: [CMS-concurrent-preclean-start]
2016-06-27T18:40:42.543+0300: 238.879: [CMS-concurrent-preclean: 0.010/0.010 secs] [Times: user=0.06 sys=0.00, real=0.01 secs] 
2016-06-27T18:40:42.543+0300: 238.879: [CMS-concurrent-abortable-preclean-start]
2016-06-27T18:40:42.846+0300: 239.183: [GC (Allocation Failure) 2016-06-27T18:40:42.846+0300: 239.183: [ParNew: 306165K->306165K(306688K), 0.0000346 secs]2016-06-27T18:40:42.846+0300: 239.183: [CMS2016-06-27T18:40:42.847+0300: 239.184: [CMS-concurrent-abortable-preclean: 0.032/0.305 secs] [Times: user=1.14 sys=0.00, real=0.30 secs] 
 (concurrent mode failure): 4621835K->3797733K(4902144K), 0.6039908 secs] 4928001K->3797733K(5208832K), [Metaspace: 9033K->9033K(1058816K)], 0.6041807 secs] [Times: user=0.61 sys=0.00, real=0.60 secs] 
2016-06-27T18:40:43.450+0300: 239.787: Total time for which application threads were stopped: 0.6056916 seconds, Stopping threads took: 0.0009524 seconds
2016-06-27T18:40:43.795+0300: 240.132: [GC (Allocation Failure) 2016-06-27T18:40:43.795+0300: 240.132: [ParNew
Desired survivor size 17432576 bytes, new threshold 1 (max 6)
- age   1:   34856704 bytes,   34856704 total
: 272385K->34048K(306688K), 0.0340661 secs] 4070118K->4064822K(5208832K), 0.0342273 secs] [Times: user=0.13 sys=0.00, real=0.03 secs] 
2016-06-27T18:40:43.830+0300: 240.166: Total time for which application threads were stopped: 0.0353439 seconds, Stopping threads took: 0.0005303 seconds
2016-06-27T18:40:44.215+0300: 240.551: [GC (Allocation Failure) 2016-06-27T18:40:44.215+0300: 240.551: [ParNew
Desired survivor size 17432576 bytes, new threshold 1 (max 6)
- age   1:   34851416 bytes,   34851416 total
: 306688K->34039K(306688K), 0.0386587 secs] 4337462K->4331859K(5208832K), 0.0388169 secs] [Times: user=0.13 sys=0.00, real=0.04 secs] 
2016-06-27T18:40:44.254+0300: 240.590: Total time for which application threads were stopped: 0.0414731 seconds, Stopping threads took: 0.0021738 seconds
2016-06-27T18:40:44.569+0300: 240.905: [GC (Allocation Failure) 2016-06-27T18:40:44.569+0300: 240.905: [ParNew
Desired survivor size 17432576 bytes, new threshold 1 (max 6)
- age   1:   34862368 bytes,   34862368 total
: 306500K->34048K(306688K), 0.0386330 secs] 4604320K->4598913K(5208832K), 0.0388054 secs] [Times: user=0.13 sys=0.00, real=0.04 secs] 
2016-06-27T18:40:44.608+0300: 240.944: Total time for which application threads were stopped: 0.0398830 seconds, Stopping threads took: 0.0005530 seconds
2016-06-27T18:40:44.969+0300: 241.305: [GC (Allocation Failure) 2016-06-27T18:40:44.969+0300: 241.305: [ParNew
Desired survivor size 17432576 bytes, new threshold 1 (max 6)
- age   1:   34847024 bytes,   34847024 total
: 306688K->34042K(306688K), 0.0390158 secs] 4871553K->4865962K(5208832K), 0.0391791 secs] [Times: user=0.19 sys=0.00, real=0.04 secs] 
2016-06-27T18:40:45.008+0300: 241.344: Total time for which application threads were stopped: 0.0402542 seconds, Stopping threads took: 0.0005893 seconds
2016-06-27T18:40:45.333+0300: 241.670: [GC (Allocation Failure) 2016-06-27T18:40:45.333+0300: 241.670: [ParNew: 306347K->306347K(306688K), 0.0000329 secs]2016-06-27T18:40:45.333+0300: 241.670: [CMS: 4831919K->3842787K(4902144K), 0.6087724 secs] 5138266K->3842787K(5208832K), [Metaspace: 9033K->9033K(1058816K)], 0.6089648 secs] [Times: user=0.61 sys=0.00, real=0.61 secs] 
2016-06-27T18:40:45.942+0300: 242.279: Total time for which application threads were stopped: 0.6112896 seconds, Stopping threads took: 0.0018265 seconds
2016-06-27T18:40:46.049+0300: 242.385: Total time for which application threads were stopped: 0.0014899 seconds, Stopping threads took: 0.0003024 seconds
2016-06-27T18:40:46.289+0300: 242.625: [GC (Allocation Failure) 2016-06-27T18:40:46.289+0300: 242.625: [ParNew
Desired survivor size 17432576 bytes, new threshold 1 (max 6)
- age   1:   34859440 bytes,   34859440 total
: 272640K->34048K(306688K), 0.0358862 secs] 4115427K->4108855K(5208832K), 0.0360585 secs] [Times: user=0.13 sys=0.00, real=0.04 secs] 
2016-06-27T18:40:46.325+0300: 242.661: Total time for which application threads were stopped: 0.0374578 seconds, Stopping threads took: 0.0009203 seconds
2016-06-27T18:40:46.655+0300: 242.991: [GC (Allocation Failure) 2016-06-27T18:40:46.655+0300: 242.991: [ParNew
Desired survivor size 17432576 bytes, new threshold 1 (max 6)
- age   1:   34851360 bytes,   34851360 total
: 306164K->34048K(306688K), 0.0400045 secs] 4380971K->4375903K(5208832K), 0.0401700 secs] [Times: user=0.17 sys=0.00, real=0.04 secs] 
2016-06-27T18:40:46.695+0300: 243.032: Total time for which application threads were stopped: 0.0438397 seconds, Stopping threads took: 0.0031450 seconds
2016-06-27T18:40:46.841+0300: 243.177: [GC (CMS Initial Mark) [1 CMS-initial-mark: 4341855K(4902144K)] 4493293K(5208832K), 0.0005106 secs] [Times: user=0.00 sys=0.00, real=0.00 secs] 
2016-06-27T18:40:46.842+0300: 243.178: Total time for which application threads were stopped: 0.0018654 seconds, Stopping threads took: 0.0008861 seconds
2016-06-27T18:40:46.842+0300: 243.178: [CMS-concurrent-mark-start]
2016-06-27T18:40:46.883+0300: 243.219: [CMS-concurrent-mark: 0.041/0.041 secs] [Times: user=0.19 sys=0.00, real=0.04 secs] 
2016-06-27T18:40:46.883+0300: 243.219: [CMS-concurrent-preclean-start]
2016-06-27T18:40:46.893+0300: 243.229: [CMS-concurrent-preclean: 0.010/0.010 secs] [Times: user=0.00 sys=0.00, real=0.01 secs] 
2016-06-27T18:40:46.893+0300: 243.229: [CMS-concurrent-abortable-preclean-start]
2016-06-27T18:40:47.043+0300: 243.380: [GC (Allocation Failure) 2016-06-27T18:40:47.043+0300: 243.380: [ParNew
Desired survivor size 17432576 bytes, new threshold 1 (max 6)
- age   1:   34850088 bytes,   34850088 total
: 306372K->34044K(306688K), 0.0383734 secs] 4648228K->4642938K(5208832K), 0.0385257 secs] [Times: user=0.13 sys=0.00, real=0.04 secs] 
2016-06-27T18:40:47.082+0300: 243.418: Total time for which application threads were stopped: 0.0417694 seconds, Stopping threads took: 0.0027314 seconds
2016-06-27T18:40:47.425+0300: 243.761: [CMS-concurrent-abortable-preclean: 0.064/0.532 secs] [Times: user=2.09 sys=0.00, real=0.53 secs] 
2016-06-27T18:40:47.428+0300: 243.764: [GC (Allocation Failure) 2016-06-27T18:40:47.428+0300: 243.764: [ParNew: 306284K->306284K(306688K), 0.0000372 secs]2016-06-27T18:40:47.428+0300: 243.764: [CMS (concurrent mode failure): 4608893K->3799803K(4902144K), 0.6317503 secs] 4915178K->3799803K(5208832K), [Metaspace: 9033K->9033K(1058816K)], 0.6319495 secs] [Times: user=0.63 sys=0.00, real=0.63 secs] 
2016-06-27T18:40:48.060+0300: 244.396: Total time for which application threads were stopped: 0.6332744 seconds, Stopping threads took: 0.0008160 seconds
2016-06-27T18:40:48.380+0300: 244.716: [GC (Allocation Failure) 2016-06-27T18:40:48.380+0300: 244.716: [ParNew
Desired survivor size 17432576 bytes, new threshold 1 (max 6)
- age   1:   34847176 bytes,   34847176 total
: 272120K->34042K(306688K), 0.0358729 secs] 4071923K->4066858K(5208832K), 0.0360282 secs] [Times: user=0.13 sys=0.00, real=0.04 secs] 
2016-06-27T18:40:48.416+0300: 244.752: Total time for which application threads were stopped: 0.0371644 seconds, Stopping threads took: 0.0007052 seconds
2016-06-27T18:40:48.736+0300: 245.073: [GC (Allocation Failure) 2016-06-27T18:40:48.736+0300: 245.073: [ParNew
Desired survivor size 17432576 bytes, new threshold 1 (max 6)
- age   1:   34863104 bytes,   34863104 total
: 306281K->34046K(306688K), 0.0384602 secs] 4339097K->4333990K(5208832K), 0.0385847 secs] [Times: user=0.19 sys=0.00, real=0.04 secs] 
2016-06-27T18:40:48.775+0300: 245.111: Total time for which application threads were stopped: 0.0395627 seconds, Stopping threads took: 0.0005542 seconds
2016-06-27T18:40:48.839+0300: 245.175: [GC (CMS Initial Mark) [1 CMS-initial-mark: 4299943K(4902144K)] 4387907K(5208832K), 0.0006038 secs] [Times: user=0.00 sys=0.00, real=0.00 secs] 
2016-06-27T18:40:48.840+0300: 245.176: Total time for which application threads were stopped: 0.0013309 seconds, Stopping threads took: 0.0003254 seconds
2016-06-27T18:40:48.840+0300: 245.176: [CMS-concurrent-mark-start]
2016-06-27T18:40:48.881+0300: 245.217: [CMS-concurrent-mark: 0.041/0.041 secs] [Times: user=0.19 sys=0.00, real=0.04 secs] 
2016-06-27T18:40:48.881+0300: 245.217: [CMS-concurrent-preclean-start]
2016-06-27T18:40:48.891+0300: 245.227: [CMS-concurrent-preclean: 0.010/0.010 secs] [Times: user=0.00 sys=0.00, real=0.01 secs] 
2016-06-27T18:40:48.891+0300: 245.227: [CMS-concurrent-abortable-preclean-start]
2016-06-27T18:40:49.128+0300: 245.464: [GC (Allocation Failure) 2016-06-27T18:40:49.128+0300: 245.464: [ParNew
Desired survivor size 17432576 bytes, new threshold 1 (max 6)
- age   1:   34845544 bytes,   34845544 total
: 306349K->34042K(306688K), 0.0384205 secs] 4606292K->4601035K(5208832K), 0.0386227 secs] [Times: user=0.17 sys=0.00, real=0.04 secs] 
2016-06-27T18:40:49.167+0300: 245.503: Total time for which application threads were stopped: 0.0397958 seconds, Stopping threads took: 0.0007313 seconds
2016-06-27T18:40:49.192+0300: 245.528: Total time for which application threads were stopped: 0.0009524 seconds, Stopping threads took: 0.0000727 seconds
2016-06-27T18:40:49.314+0300: 245.650: Total time for which application threads were stopped: 0.0011200 seconds, Stopping threads took: 0.0002168 seconds
2016-06-27T18:40:49.531+0300: 245.867: [GC (Allocation Failure) 2016-06-27T18:40:49.531+0300: 245.867: [ParNew2016-06-27T18:40:49.563+0300: 245.899: [CMS-concurrent-abortable-preclean: 0.098/0.672 secs] [Times: user=2.64 sys=0.00, real=0.67 secs] 

Desired survivor size 17432576 bytes, new threshold 1 (max 6)
- age   1:   34853072 bytes,   34853072 total
: 305734K->34048K(306688K), 0.0377379 secs] 4872728K->4867079K(5208832K), 0.0378718 secs] [Times: user=0.19 sys=0.00, real=0.04 secs] 
2016-06-27T18:40:49.569+0300: 245.905: Total time for which application threads were stopped: 0.0386668 seconds, Stopping threads took: 0.0003605 seconds
2016-06-27T18:40:49.570+0300: 245.906: [GC (CMS Final Remark) [YG occupancy: 36159 K (306688 K)]2016-06-27T18:40:49.570+0300: 245.906: [Rescan (parallel) , 0.0042975 secs]2016-06-27T18:40:49.574+0300: 245.910: [weak refs processing, 0.0000171 secs]2016-06-27T18:40:49.574+0300: 245.910: [class unloading, 0.0015656 secs]2016-06-27T18:40:49.575+0300: 245.912: [scrub symbol table, 0.0007428 secs]2016-06-27T18:40:49.576+0300: 245.912: [scrub string table, 0.0001903 secs][1 CMS-remark: 4833031K(4902144K)] 4869191K(5208832K), 0.0070319 secs] [Times: user=0.00 sys=0.00, real=0.01 secs] 
2016-06-27T18:40:49.577+0300: 245.913: Total time for which application threads were stopped: 0.0075297 seconds, Stopping threads took: 0.0000932 seconds
2016-06-27T18:40:49.577+0300: 245.913: [CMS-concurrent-sweep-start]
2016-06-27T18:40:49.582+0300: 245.919: [CMS-concurrent-sweep: 0.006/0.006 secs] [Times: user=0.00 sys=0.00, real=0.01 secs] 
2016-06-27T18:40:49.582+0300: 245.919: [CMS-concurrent-reset-start]
2016-06-27T18:40:49.588+0300: 245.925: [CMS-concurrent-reset: 0.006/0.006 secs] [Times: user=0.06 sys=0.00, real=0.01 secs] 
2016-06-27T18:40:49.905+0300: 246.241: [GC (Allocation Failure) 2016-06-27T18:40:49.905+0300: 246.241: [ParNew
Desired survivor size 17432576 bytes, new threshold 1 (max 6)
- age   1:   34848208 bytes,   34848208 total
: 306143K->34048K(306688K), 0.0386788 secs] 4627105K->4622049K(5208832K), 0.0388639 secs] [Times: user=0.19 sys=0.00, real=0.04 secs] 
2016-06-27T18:40:49.944+0300: 246.280: Total time for which application threads were stopped: 0.0400781 seconds, Stopping threads took: 0.0005953 seconds
2016-06-27T18:40:49.944+0300: 246.281: [GC (CMS Initial Mark) [1 CMS-initial-mark: 4588001K(4902144K)] 4623049K(5208832K), 0.0004328 secs] [Times: user=0.00 sys=0.00, real=0.00 secs] 
2016-06-27T18:40:49.945+0300: 246.281: Total time for which application threads were stopped: 0.0008724 seconds, Stopping threads took: 0.0000689 seconds
2016-06-27T18:40:49.945+0300: 246.281: [CMS-concurrent-mark-start]
2016-06-27T18:40:49.987+0300: 246.323: [CMS-concurrent-mark: 0.042/0.042 secs] [Times: user=0.13 sys=0.00, real=0.04 secs] 
2016-06-27T18:40:49.987+0300: 246.323: [CMS-concurrent-preclean-start]
2016-06-27T18:40:49.997+0300: 246.333: [CMS-concurrent-preclean: 0.010/0.010 secs] [Times: user=0.06 sys=0.00, real=0.01 secs] 
2016-06-27T18:40:49.997+0300: 246.333: [CMS-concurrent-abortable-preclean-start]
2016-06-27T18:40:50.303+0300: 246.640: [GC (Allocation Failure) 2016-06-27T18:40:50.303+0300: 246.640: [ParNew2016-06-27T18:40:50.342+0300: 246.678: [CMS-concurrent-abortable-preclean: 0.042/0.345 secs] [Times: user=1.38 sys=0.00, real=0.35 secs] 

Desired survivor size 17432576 bytes, new threshold 1 (max 6)
- age   1:   34860160 bytes,   34860160 total
: 306329K->34048K(306688K), 0.0388387 secs] 4894331K->4889119K(5208832K), 0.0389867 secs] [Times: user=0.13 sys=0.00, real=0.04 secs] 
2016-06-27T18:40:50.342+0300: 246.679: Total time for which application threads were stopped: 0.0399566 seconds, Stopping threads took: 0.0004785 seconds
2016-06-27T18:40:50.343+0300: 246.679: [GC (CMS Final Remark) [YG occupancy: 36116 K (306688 K)]2016-06-27T18:40:50.343+0300: 246.679: [Rescan (parallel) , 0.0043625 secs]2016-06-27T18:40:50.347+0300: 246.684: [weak refs processing, 0.0000171 secs]2016-06-27T18:40:50.347+0300: 246.684: [class unloading, 0.0019309 secs]2016-06-27T18:40:50.349+0300: 246.686: [scrub symbol table, 0.0007407 secs]2016-06-27T18:40:50.350+0300: 246.686: [scrub string table, 0.0001920 secs][1 CMS-remark: 4855071K(4902144K)] 4891187K(5208832K), 0.0074591 secs] [Times: user=0.02 sys=0.00, real=0.01 secs] 
2016-06-27T18:40:50.350+0300: 246.687: Total time for which application threads were stopped: 0.0079518 seconds, Stopping threads took: 0.0000962 seconds
2016-06-27T18:40:50.350+0300: 246.687: [CMS-concurrent-sweep-start]
2016-06-27T18:40:50.356+0300: 246.693: [CMS-concurrent-sweep: 0.006/0.006 secs] [Times: user=0.00 sys=0.00, real=0.01 secs] 
2016-06-27T18:40:50.356+0300: 246.693: [CMS-concurrent-reset-start]
2016-06-27T18:40:50.362+0300: 246.699: [CMS-concurrent-reset: 0.006/0.006 secs] [Times: user=0.00 sys=0.00, real=0.01 secs] 
2016-06-27T18:40:50.701+0300: 247.038: [GC (Allocation Failure) 2016-06-27T18:40:50.701+0300: 247.038: [ParNew
Desired survivor size 17432576 bytes, new threshold 1 (max 6)
- age   1:   34849944 bytes,   34849944 total
: 306418K->34048K(306688K), 0.0425016 secs] 4353378K->4348059K(5208832K), 0.0426692 secs] [Times: user=0.16 sys=0.00, real=0.04 secs] 
2016-06-27T18:40:50.744+0300: 247.081: Total time for which application threads were stopped: 0.0449790 seconds, Stopping threads took: 0.0016837 seconds
2016-06-27T18:40:50.745+0300: 247.081: [GC (CMS Initial Mark) [1 CMS-initial-mark: 4314011K(4902144K)] 4349059K(5208832K), 0.0004905 secs] [Times: user=0.00 sys=0.00, real=0.00 secs] 
2016-06-27T18:40:50.745+0300: 247.082: Total time for which application threads were stopped: 0.0010452 seconds, Stopping threads took: 0.0000774 seconds
2016-06-27T18:40:50.745+0300: 247.082: [CMS-concurrent-mark-start]
2016-06-27T18:40:50.787+0300: 247.124: [CMS-concurrent-mark: 0.042/0.042 secs] [Times: user=0.19 sys=0.00, real=0.04 secs] 
2016-06-27T18:40:50.787+0300: 247.124: [CMS-concurrent-preclean-start]
2016-06-27T18:40:50.798+0300: 247.134: [CMS-concurrent-preclean: 0.010/0.010 secs] [Times: user=0.00 sys=0.00, real=0.01 secs] 
2016-06-27T18:40:50.798+0300: 247.134: [CMS-concurrent-abortable-preclean-start]
2016-06-27T18:40:51.108+0300: 247.444: [GC (Allocation Failure) 2016-06-27T18:40:51.108+0300: 247.445: [ParNew2016-06-27T18:40:51.140+0300: 247.476: [CMS-concurrent-abortable-preclean: 0.034/0.342 secs] [Times: user=1.36 sys=0.00, real=0.34 secs] 

Desired survivor size 17432576 bytes, new threshold 1 (max 6)
- age   1:   34844984 bytes,   34844984 total
: 306346K->34043K(306688K), 0.0381476 secs] 4620357K->4615091K(5208832K), 0.0383148 secs] [Times: user=0.19 sys=0.00, real=0.04 secs] 
2016-06-27T18:40:51.147+0300: 247.483: Total time for which application threads were stopped: 0.0406105 seconds, Stopping threads took: 0.0016939 seconds
2016-06-27T18:40:51.582+0300: 247.918: Total time for which application threads were stopped: 0.0028871 seconds, Stopping threads took: 0.0019026 seconds
2016-06-27T18:40:51.640+0300: 247.977: [GC (Allocation Failure) 2016-06-27T18:40:51.641+0300: 247.977: [ParNew
Desired survivor size 17432576 bytes, new threshold 1 (max 6)
- age   1:   34864832 bytes,   34864832 total
: 306683K->34048K(306688K), 0.0387074 secs] 4887731K->4882161K(5208832K), 0.0389123 secs] [Times: user=0.17 sys=0.00, real=0.04 secs] 
2016-06-27T18:40:51.679+0300: 248.016: Total time for which application threads were stopped: 0.0394036 seconds, Stopping threads took: 0.0001189 seconds
2016-06-27T18:40:51.719+0300: 248.055: [GC (CMS Final Remark) [YG occupancy: 55514 K (306688 K)]2016-06-27T18:40:51.719+0300: 248.055: [Rescan (parallel) , 0.0051725 secs]2016-06-27T18:40:51.724+0300: 248.060: [weak refs processing, 0.0000265 secs]2016-06-27T18:40:51.724+0300: 248.060: [class unloading, 0.0021088 secs]2016-06-27T18:40:51.726+0300: 248.062: [scrub symbol table, 0.0014215 secs]2016-06-27T18:40:51.728+0300: 248.064: [scrub string table, 0.0003237 secs][1 CMS-remark: 4848113K(4902144K)] 4903628K(5208832K), 0.0093998 secs] [Times: user=0.06 sys=0.00, real=0.01 secs] 
2016-06-27T18:40:51.728+0300: 248.064: Total time for which application threads were stopped: 0.0116318 seconds, Stopping threads took: 0.0019026 seconds
2016-06-27T18:40:51.749+0300: 248.085: [CMS-concurrent-sweep-start]
2016-06-27T18:40:51.754+0300: 248.090: [CMS-concurrent-sweep: 0.006/0.006 secs] [Times: user=0.00 sys=0.00, real=0.00 secs] 
2016-06-27T18:40:51.754+0300: 248.091: [CMS-concurrent-reset-start]
2016-06-27T18:40:51.761+0300: 248.097: [CMS-concurrent-reset: 0.007/0.007 secs] [Times: user=0.06 sys=0.00, real=0.01 secs] 
2016-06-27T18:40:52.023+0300: 248.360: [GC (Allocation Failure) 2016-06-27T18:40:52.024+0300: 248.360: [ParNew
Desired survivor size 17432576 bytes, new threshold 1 (max 6)
- age   1:   34851960 bytes,   34851960 total
: 305737K->34048K(306688K), 0.0386219 secs] 4703789K->4698163K(5208832K), 0.0387955 secs] [Times: user=0.13 sys=0.00, real=0.04 secs] 
2016-06-27T18:40:52.062+0300: 248.399: Total time for which application threads were stopped: 0.0420256 seconds, Stopping threads took: 0.0028285 seconds
2016-06-27T18:40:52.340+0300: 248.676: Total time for which application threads were stopped: 0.0025172 seconds, Stopping threads took: 0.0015934 seconds
2016-06-27T18:40:52.428+0300: 248.764: [GC (Allocation Failure) 2016-06-27T18:40:52.428+0300: 248.764: [ParNew: 306688K->306688K(306688K), 0.0000342 secs]2016-06-27T18:40:52.428+0300: 248.764: [CMS: 4664115K->3898007K(4902144K), 0.6324046 secs] 4970803K->3898007K(5208832K), [Metaspace: 9033K->9033K(1058816K)], 0.6325966 secs] [Times: user=0.63 sys=0.00, real=0.63 secs] 
2016-06-27T18:40:53.060+0300: 249.397: Total time for which application threads were stopped: 0.6339505 seconds, Stopping threads took: 0.0010093 seconds
2016-06-27T18:40:53.339+0300: 249.675: Total time for which application threads were stopped: 0.0016366 seconds, Stopping threads took: 0.0010371 seconds
2016-06-27T18:40:53.404+0300: 249.741: [GC (Allocation Failure) 2016-06-27T18:40:53.404+0300: 249.741: [ParNew
Desired survivor size 17432576 bytes, new threshold 1 (max 6)
- age   1:   34861416 bytes,   34861416 total
: 272640K->34046K(306688K), 0.0357870 secs] 4170647K->4165081K(5208832K), 0.0359520 secs] [Times: user=0.13 sys=0.00, real=0.04 secs] 
2016-06-27T18:40:53.440+0300: 249.777: Total time for which application threads were stopped: 0.0365520 seconds, Stopping threads took: 0.0002335 seconds
2016-06-27T18:40:53.754+0300: 250.091: [GC (Allocation Failure) 2016-06-27T18:40:53.754+0300: 250.091: [ParNew
Desired survivor size 17432576 bytes, new threshold 1 (max 6)
- age   1:   34852840 bytes,   34852840 total
: 305703K->34048K(306688K), 0.0405528 secs] 4436738K->4431135K(5208832K), 0.0407204 secs] [Times: user=0.19 sys=0.00, real=0.04 secs] 
2016-06-27T18:40:53.795+0300: 250.131: Total time for which application threads were stopped: 0.0417395 seconds, Stopping threads took: 0.0006368 seconds
2016-06-27T18:40:54.124+0300: 250.461: [GC (Allocation Failure) 2016-06-27T18:40:54.125+0300: 250.461: [ParNew
Desired survivor size 17432576 bytes, new threshold 1 (max 6)
- age   1:   34858984 bytes,   34858984 total
: 305715K->34046K(306688K), 0.0381361 secs] 4702803K->4697175K(5208832K), 0.0383012 secs] [Times: user=0.19 sys=0.00, real=0.04 secs] 
2016-06-27T18:40:54.163+0300: 250.499: Total time for which application threads were stopped: 0.0422548 seconds, Stopping threads took: 0.0035457 seconds
2016-06-27T18:40:54.359+0300: 250.695: Total time for which application threads were stopped: 0.0050630 seconds, Stopping threads took: 0.0041709 seconds
2016-06-27T18:40:54.546+0300: 250.883: [GC (Allocation Failure) 2016-06-27T18:40:54.546+0300: 250.883: [ParNew: 306686K->306686K(306688K), 0.0000364 secs]2016-06-27T18:40:54.546+0300: 250.883: [CMS: 4663129K->3883063K(4902144K), 0.6496899 secs] 4969815K->3883063K(5208832K), [Metaspace: 9033K->9033K(1058816K)], 0.6498768 secs] [Times: user=0.66 sys=0.00, real=0.65 secs] 
2016-06-27T18:40:55.196+0300: 251.533: Total time for which application threads were stopped: 0.6510589 seconds, Stopping threads took: 0.0008373 seconds
2016-06-27T18:40:55.365+0300: 251.701: Total time for which application threads were stopped: 0.0010093 seconds, Stopping threads took: 0.0005367 seconds
2016-06-27T18:40:55.374+0300: 251.710: Total time for which application threads were stopped: 0.0002746 seconds, Stopping threads took: 0.0000804 seconds
2016-06-27T18:40:55.543+0300: 251.879: [GC (Allocation Failure) 2016-06-27T18:40:55.543+0300: 251.879: [ParNew
Desired survivor size 17432576 bytes, new threshold 1 (max 6)
- age   1:   34858208 bytes,   34858208 total
: 271954K->34048K(306688K), 0.0338788 secs] 4155018K->4150180K(5208832K), 0.0340550 secs] [Times: user=0.13 sys=0.00, real=0.03 secs] 
2016-06-27T18:40:55.577+0300: 251.914: Total time for which application threads were stopped: 0.0348534 seconds, Stopping threads took: 0.0004110 seconds
2016-06-27T18:40:55.901+0300: 252.238: [GC (Allocation Failure) 2016-06-27T18:40:55.901+0300: 252.238: [ParNew
Desired survivor size 17432576 bytes, new threshold 1 (max 6)
- age   1:   34862120 bytes,   34862120 total
: 306688K->34048K(306688K), 0.0388716 secs] 4422820K->4417227K(5208832K), 0.0390799 secs] [Times: user=0.13 sys=0.00, real=0.04 secs] 
2016-06-27T18:40:55.940+0300: 252.277: Total time for which application threads were stopped: 0.0401845 seconds, Stopping threads took: 0.0007026 seconds
2016-06-27T18:40:56.263+0300: 252.600: [GC (Allocation Failure) 2016-06-27T18:40:56.263+0300: 252.600: [ParNew
Desired survivor size 17432576 bytes, new threshold 1 (max 6)
- age   1:   34856528 bytes,   34856528 total
: 306647K->34048K(306688K), 0.0394657 secs] 4689826K->4684277K(5208832K), 0.0396324 secs] [Times: user=0.19 sys=0.00, real=0.04 secs] 
2016-06-27T18:40:56.303+0300: 252.639: Total time for which application threads were stopped: 0.0407931 seconds, Stopping threads took: 0.0007347 seconds
2016-06-27T18:40:56.504+0300: 252.841: Total time for which application threads were stopped: 0.0016683 seconds, Stopping threads took: 0.0007903 seconds
2016-06-27T18:40:56.682+0300: 253.019: [GC (Allocation Failure) 2016-06-27T18:40:56.682+0300: 253.019: [ParNew: 306688K->306688K(306688K), 0.0000359 secs]2016-06-27T18:40:56.682+0300: 253.019: [CMS: 4650229K->3870112K(4902144K), 0.5940311 secs] 4956917K->3870112K(5208832K), [Metaspace: 9041K->9041K(1058816K)], 0.5942326 secs] [Times: user=0.59 sys=0.00, real=0.60 secs] 
2016-06-27T18:40:57.277+0300: 253.613: Total time for which application threads were stopped: 0.5964628 seconds, Stopping threads took: 0.0018881 seconds
2016-06-27T18:40:57.437+0300: 253.774: Total time for which application threads were stopped: 0.0013219 seconds, Stopping threads took: 0.0005594 seconds
2016-06-27T18:40:57.623+0300: 253.959: [GC (Allocation Failure) 2016-06-27T18:40:57.623+0300: 253.959: [ParNew
Desired survivor size 17432576 bytes, new threshold 1 (max 6)
- age   1:   33886880 bytes,   33886880 total
: 272142K->33111K(306688K), 0.0365478 secs] 4142254K->4137235K(5208832K), 0.0366902 secs] [Times: user=0.13 sys=0.00, real=0.04 secs] 
2016-06-27T18:40:57.660+0300: 253.996: Total time for which application threads were stopped: 0.0383097 seconds, Stopping threads took: 0.0013210 seconds
2016-06-27T18:40:57.985+0300: 254.322: [GC (Allocation Failure) 2016-06-27T18:40:57.985+0300: 254.322: [ParNew
Desired survivor size 17432576 bytes, new threshold 1 (max 6)
- age   1:   33833384 bytes,   33833384 total
: 305744K->33079K(306688K), 0.0398052 secs] 4409869K->4404308K(5208832K), 0.0399844 secs] [Times: user=0.17 sys=0.00, real=0.04 secs] 
2016-06-27T18:40:58.025+0300: 254.362: Total time for which application threads were stopped: 0.0421607 seconds, Stopping threads took: 0.0017277 seconds
2016-06-27T18:40:58.345+0300: 254.681: Total time for which application threads were stopped: 0.0060214 seconds, Stopping threads took: 0.0051605 seconds
2016-06-27T18:40:58.445+0300: 254.781: [GC (Allocation Failure) 2016-06-27T18:40:58.445+0300: 254.781: [ParNew
Desired survivor size 17432576 bytes, new threshold 1 (max 6)
- age   1:   34859128 bytes,   34859128 total
: 305719K->34048K(306688K), 0.0402495 secs] 4676948K->4670320K(5208832K), 0.0404193 secs] [Times: user=0.13 sys=0.00, real=0.04 secs] 
2016-06-27T18:40:58.486+0300: 254.822: Total time for which application threads were stopped: 0.0410595 seconds, Stopping threads took: 0.0002793 seconds
2016-06-27T18:40:58.805+0300: 255.141: [GC (Allocation Failure) 2016-06-27T18:40:58.805+0300: 255.142: [ParNew: 305804K->305804K(306688K), 0.0000684 secs]2016-06-27T18:40:58.805+0300: 255.142: [CMS: 4636272K->3857153K(4902144K), 0.6421658 secs] 4942076K->3857153K(5208832K), [Metaspace: 9043K->9043K(1058816K)], 0.6424613 secs] [Times: user=0.64 sys=0.00, real=0.64 secs] 
2016-06-27T18:40:59.447+0300: 255.784: Total time for which application threads were stopped: 0.6468370 seconds, Stopping threads took: 0.0038784 seconds
2016-06-27T18:40:59.450+0300: 255.786: Total time for which application threads were stopped: 0.0005701 seconds, Stopping threads took: 0.0000723 seconds
2016-06-27T18:40:59.813+0300: 256.149: [GC (Allocation Failure) 2016-06-27T18:40:59.813+0300: 256.149: [ParNew
Desired survivor size 17432576 bytes, new threshold 1 (max 6)
- age   1:   34858832 bytes,   34858832 total
: 272600K->34048K(306688K), 0.0385714 secs] 4129754K->4123223K(5208832K), 0.0387391 secs] [Times: user=0.17 sys=0.00, real=0.04 secs] 
2016-06-27T18:40:59.852+0300: 256.188: Total time for which application threads were stopped: 0.0407362 seconds, Stopping threads took: 0.0015845 seconds
2016-06-27T18:41:00.189+0300: 256.525: [GC (Allocation Failure) 2016-06-27T18:41:00.189+0300: 256.525: [ParNew
Desired survivor size 17432576 bytes, new threshold 1 (max 6)
- age   1:   34859920 bytes,   34859920 total
: 306529K->34048K(306688K), 0.0419217 secs] 4395705K->4390273K(5208832K), 0.0421017 secs] [Times: user=0.17 sys=0.00, real=0.04 secs] 
2016-06-27T18:41:00.231+0300: 256.567: Total time for which application threads were stopped: 0.0470180 seconds, Stopping threads took: 0.0044604 seconds
2016-06-27T18:41:00.423+0300: 256.759: Total time for which application threads were stopped: 0.0070670 seconds, Stopping threads took: 0.0057870 seconds
2016-06-27T18:41:00.608+0300: 256.945: [GC (Allocation Failure) 2016-06-27T18:41:00.608+0300: 256.945: [ParNew
Desired survivor size 17432576 bytes, new threshold 1 (max 6)
- age   1:   34862576 bytes,   34862576 total
: 306688K->34048K(306688K), 0.0399977 secs] 4662913K->4656325K(5208832K), 0.0401679 secs] [Times: user=0.19 sys=0.00, real=0.04 secs] 
2016-06-27T18:41:00.649+0300: 256.985: Total time for which application threads were stopped: 0.0436999 seconds, Stopping threads took: 0.0031565 seconds
2016-06-27T18:41:00.974+0300: 257.310: [GC (Allocation Failure) 2016-06-27T18:41:00.974+0300: 257.310: [ParNew: 305689K->305689K(306688K), 0.0000355 secs]2016-06-27T18:41:00.974+0300: 257.310: [CMS: 4622277K->3842197K(4902144K), 0.6689754 secs] 4927966K->3842197K(5208832K), [Metaspace: 9043K->9043K(1058816K)], 0.6691769 secs] [Times: user=0.66 sys=0.00, real=0.67 secs] 
2016-06-27T18:41:01.643+0300: 257.979: Total time for which application threads were stopped: 0.6738845 seconds, Stopping threads took: 0.0043291 seconds
2016-06-27T18:41:01.645+0300: 257.982: Total time for which application threads were stopped: 0.0005974 seconds, Stopping threads took: 0.0001069 seconds
2016-06-27T18:41:01.997+0300: 258.333: [GC (Allocation Failure) 2016-06-27T18:41:01.997+0300: 258.333: [ParNew
Desired survivor size 17432576 bytes, new threshold 1 (max 6)
- age   1:   34856616 bytes,   34856616 total
: 272619K->34048K(306688K), 0.0394456 secs] 4114816K->4109302K(5208832K), 0.0395944 secs] [Times: user=0.14 sys=0.00, real=0.04 secs] 
2016-06-27T18:41:02.037+0300: 258.373: Total time for which application threads were stopped: 0.0412456 seconds, Stopping threads took: 0.0012740 seconds
2016-06-27T18:41:02.370+0300: 258.707: [GC (Allocation Failure) 2016-06-27T18:41:02.370+0300: 258.707: [ParNew
Desired survivor size 17432576 bytes, new threshold 1 (max 6)
- age   1:   34841824 bytes,   34841824 total
: 306584K->34040K(306688K), 0.0397890 secs] 4381838K->4376337K(5208832K), 0.0399211 secs] [Times: user=0.13 sys=0.00, real=0.04 secs] 
2016-06-27T18:41:02.410+0300: 258.747: Total time for which application threads were stopped: 0.0414889 seconds, Stopping threads took: 0.0011739 seconds
2016-06-27T18:41:02.742+0300: 259.078: [GC (Allocation Failure) 2016-06-27T18:41:02.742+0300: 259.079: [ParNew
Desired survivor size 17432576 bytes, new threshold 1 (max 6)
- age   1:   34862640 bytes,   34862640 total
: 306226K->34048K(306688K), 0.0404112 secs] 4648523K->4642406K(5208832K), 0.0405870 secs] [Times: user=0.13 sys=0.00, real=0.04 secs] 
2016-06-27T18:41:02.783+0300: 259.119: Total time for which application threads were stopped: 0.0418344 seconds, Stopping threads took: 0.0007655 seconds
2016-06-27T18:41:03.173+0300: 259.510: [GC (Allocation Failure) 2016-06-27T18:41:03.174+0300: 259.510: [ParNew: 306012K->306012K(306688K), 0.0000428 secs]2016-06-27T18:41:03.174+0300: 259.510: [CMS: 4608358K->3693219K(4902144K), 0.6141356 secs] 4914371K->3693219K(5208832K), [Metaspace: 9043K->9043K(1058816K)], 0.6143447 secs] [Times: user=0.61 sys=0.00, real=0.60 secs] 
2016-06-27T18:41:03.774+0300: 260.124: Total time for which application threads were stopped: 0.6195497 seconds, Stopping threads took: 0.0047354 seconds
2016-06-27T18:41:03.838+0300: 260.174: Total time for which application threads were stopped: 0.0009481 seconds, Stopping threads took: 0.0001924 seconds
2016-06-27T18:41:04.264+0300: 260.600: [GC (Allocation Failure) 2016-06-27T18:41:04.264+0300: 260.600: [ParNew
Desired survivor size 17432576 bytes, new threshold 1 (max 6)
- age   1:   34861416 bytes,   34861416 total
: 272640K->34048K(306688K), 0.0381917 secs] 3965859K->3959299K(5208832K), 0.0383880 secs] [Times: user=0.19 sys=0.00, real=0.04 secs] 
2016-06-27T18:41:04.302+0300: 260.639: Total time for which application threads were stopped: 0.0400357 seconds, Stopping threads took: 0.0011448 seconds
2016-06-27T18:41:04.656+0300: 260.992: Total time for which application threads were stopped: 0.0026288 seconds, Stopping threads took: 0.0016170 seconds
2016-06-27T18:41:04.750+0300: 261.087: [GC (Allocation Failure) 2016-06-27T18:41:04.750+0300: 261.087: [ParNew
Desired survivor size 17432576 bytes, new threshold 1 (max 6)
- age   1:   33852680 bytes,   33852680 total
: 306123K->33075K(306688K), 0.0400447 secs] 4231375K->4225373K(5208832K), 0.0402346 secs] [Times: user=0.19 sys=0.00, real=0.04 secs] 
2016-06-27T18:41:04.791+0300: 261.127: Total time for which application threads were stopped: 0.0410176 seconds, Stopping threads took: 0.0003541 seconds
2016-06-27T18:41:04.921+0300: 261.257: [GC (CMS Initial Mark) [1 CMS-initial-mark: 4192297K(4902144K)] 4315011K(5208832K), 0.0009678 secs] [Times: user=0.00 sys=0.00, real=0.00 secs] 
2016-06-27T18:41:04.922+0300: 261.258: Total time for which application threads were stopped: 0.0018902 seconds, Stopping threads took: 0.0005795 seconds
2016-06-27T18:41:04.922+0300: 261.258: [CMS-concurrent-mark-start]
2016-06-27T18:41:04.979+0300: 261.315: [CMS-concurrent-mark: 0.057/0.057 secs] [Times: user=0.25 sys=0.00, real=0.06 secs] 
2016-06-27T18:41:04.979+0300: 261.315: [CMS-concurrent-preclean-start]
2016-06-27T18:41:04.994+0300: 261.330: [CMS-concurrent-preclean: 0.015/0.015 secs] [Times: user=0.03 sys=0.00, real=0.01 secs] 
2016-06-27T18:41:04.994+0300: 261.330: [CMS-concurrent-abortable-preclean-start]
2016-06-27T18:41:05.243+0300: 261.579: [GC (Allocation Failure) 2016-06-27T18:41:05.243+0300: 261.579: [ParNew
Desired survivor size 17432576 bytes, new threshold 1 (max 6)
- age   1:   33827832 bytes,   33827832 total
: 305063K->33055K(306688K), 0.0401674 secs] 4497361K->4478407K(5208832K), 0.0403595 secs] [Times: user=0.13 sys=0.00, real=0.04 secs] 
2016-06-27T18:41:05.283+0300: 261.620: Total time for which application threads were stopped: 0.0418699 seconds, Stopping threads took: 0.0010580 seconds
2016-06-27T18:41:05.345+0300: 261.682: Total time for which application threads were stopped: 0.0018573 seconds, Stopping threads took: 0.0008527 seconds
2016-06-27T18:41:05.685+0300: 262.021: [CMS-concurrent-abortable-preclean: 0.110/0.691 secs] [Times: user=2.66 sys=0.03, real=0.69 secs] 
2016-06-27T18:41:05.701+0300: 262.037: [GC (CMS Final Remark) [YG occupancy: 289196 K (306688 K)]2016-06-27T18:41:05.706+0300: 262.042: [Rescan (parallel) , 0.0055261 secs]2016-06-27T18:41:05.711+0300: 262.047: [weak refs processing, 0.0000308 secs]2016-06-27T18:41:05.711+0300: 262.047: [class unloading, 0.0021306 secs]2016-06-27T18:41:05.713+0300: 262.050: [scrub symbol table, 0.0008840 secs]2016-06-27T18:41:05.714+0300: 262.050: [scrub string table, 0.0002326 secs][1 CMS-remark: 4445352K(4902144K)] 4734548K(5208832K), 0.0139894 secs] [Times: user=0.06 sys=0.00, real=0.01 secs] 
2016-06-27T18:41:05.715+0300: 262.051: Total time for which application threads were stopped: 0.0157261 seconds, Stopping threads took: 0.0013394 seconds
2016-06-27T18:41:05.722+0300: 262.058: [CMS-concurrent-sweep-start]
2016-06-27T18:41:05.729+0300: 262.065: [CMS-concurrent-sweep: 0.007/0.007 secs] [Times: user=0.06 sys=0.00, real=0.01 secs] 
2016-06-27T18:41:05.729+0300: 262.065: [CMS-concurrent-reset-start]
2016-06-27T18:41:05.736+0300: 262.072: [CMS-concurrent-reset: 0.007/0.007 secs] [Times: user=0.00 sys=0.00, real=0.01 secs] 
2016-06-27T18:41:05.743+0300: 262.079: [GC (Allocation Failure) 2016-06-27T18:41:05.743+0300: 262.079: [ParNew
Desired survivor size 17432576 bytes, new threshold 1 (max 6)
- age   1:   34858952 bytes,   34858952 total
: 305446K->34048K(306688K), 0.0406485 secs] 4240710K->4234357K(5208832K), 0.0408089 secs] [Times: user=0.13 sys=0.00, real=0.04 secs] 
2016-06-27T18:41:05.784+0300: 262.120: Total time for which application threads were stopped: 0.0413396 seconds, Stopping threads took: 0.0001612 seconds
2016-06-27T18:41:06.209+0300: 262.546: [GC (Allocation Failure) 2016-06-27T18:41:06.209+0300: 262.546: [ParNew
Desired survivor size 17432576 bytes, new threshold 1 (max 6)
- age   1:   34840464 bytes,   34840464 total
: 306066K->34041K(306688K), 0.0382610 secs] 4506375K->4500396K(5208832K), 0.0384158 secs] [Times: user=0.13 sys=0.00, real=0.04 secs] 
2016-06-27T18:41:06.248+0300: 262.584: Total time for which application threads were stopped: 0.0430631 seconds, Stopping threads took: 0.0042248 seconds
2016-06-27T18:41:06.365+0300: 262.702: Total time for which application threads were stopped: 0.0031274 seconds, Stopping threads took: 0.0020258 seconds
2016-06-27T18:41:06.375+0300: 262.711: Total time for which application threads were stopped: 0.0004140 seconds, Stopping threads took: 0.0000731 seconds
2016-06-27T18:41:06.593+0300: 262.929: [GC (Allocation Failure) 2016-06-27T18:41:06.593+0300: 262.929: [ParNew
Desired survivor size 17432576 bytes, new threshold 1 (max 6)
- age   1:   34848928 bytes,   34848928 total
: 305834K->34043K(306688K), 0.0394349 secs] 4772189K->4767425K(5208832K), 0.0396046 secs] [Times: user=0.19 sys=0.00, real=0.04 secs] 
2016-06-27T18:41:06.633+0300: 262.969: Total time for which application threads were stopped: 0.0417279 seconds, Stopping threads took: 0.0016649 seconds
2016-06-27T18:41:06.962+0300: 263.298: [GC (Allocation Failure) 2016-06-27T18:41:06.962+0300: 263.298: [ParNew: 305975K->305975K(306688K), 0.0000436 secs]2016-06-27T18:41:06.962+0300: 263.298: [CMS: 4733382K->3878275K(4902144K), 0.7138287 secs] 5039357K->3878275K(5208832K), [Metaspace: 9044K->9044K(1058816K)], 0.7140647 secs] [Times: user=0.70 sys=0.00, real=0.71 secs] 
2016-06-27T18:41:07.676+0300: 264.012: Total time for which application threads were stopped: 0.7156411 seconds, Stopping threads took: 0.0010888 seconds
2016-06-27T18:41:08.002+0300: 264.338: [GC (Allocation Failure) 2016-06-27T18:41:08.002+0300: 264.338: [ParNew
Desired survivor size 17432576 bytes, new threshold 1 (max 6)
- age   1:   34841856 bytes,   34841856 total
: 271873K->34036K(306688K), 0.0343659 secs] 4150149K->4145323K(5208832K), 0.0345408 secs] [Times: user=0.17 sys=0.00, real=0.03 secs] 
2016-06-27T18:41:08.036+0300: 264.373: Total time for which application threads were stopped: 0.0358225 seconds, Stopping threads took: 0.0007796 seconds
2016-06-27T18:41:08.360+0300: 264.697: [GC (Allocation Failure) 2016-06-27T18:41:08.360+0300: 264.697: [ParNew
Desired survivor size 17432576 bytes, new threshold 1 (max 6)
- age   1:   34862640 bytes,   34862640 total
: 306020K->34048K(306688K), 0.0389298 secs] 4417308K->4412414K(5208832K), 0.0390722 secs] [Times: user=0.19 sys=0.00, real=0.04 secs] 
2016-06-27T18:41:08.399+0300: 264.736: Total time for which application threads were stopped: 0.0406892 seconds, Stopping threads took: 0.0011927 seconds
2016-06-27T18:41:08.813+0300: 265.150: Total time for which application threads were stopped: 0.0016306 seconds, Stopping threads took: 0.0007270 seconds
2016-06-27T18:41:08.872+0300: 265.208: [GC (Allocation Failure) 2016-06-27T18:41:08.872+0300: 265.209: [ParNew
Desired survivor size 17432576 bytes, new threshold 1 (max 6)
- age   1:   34861520 bytes,   34861520 total
: 306688K->34048K(306688K), 0.0389225 secs] 4685054K->4679467K(5208832K), 0.0391017 secs] [Times: user=0.17 sys=0.00, real=0.04 secs] 
2016-06-27T18:41:08.911+0300: 265.248: Total time for which application threads were stopped: 0.0395461 seconds, Stopping threads took: 0.0000817 seconds
2016-06-27T18:41:09.261+0300: 265.597: [GC (Allocation Failure) 2016-06-27T18:41:09.261+0300: 265.597: [ParNew: 305852K->305852K(306688K), 0.0000355 secs]2016-06-27T18:41:09.261+0300: 265.598: [CMS: 4645419K->3970333K(4902144K), 0.6363133 secs] 4951271K->3970333K(5208832K), [Metaspace: 9044K->9044K(1058816K)], 0.6365233 secs] [Times: user=0.64 sys=0.00, real=0.64 secs] 
2016-06-27T18:41:09.898+0300: 266.234: Total time for which application threads were stopped: 0.6387108 seconds, Stopping threads took: 0.0017654 seconds
2016-06-27T18:41:09.900+0300: 266.236: Total time for which application threads were stopped: 0.0006539 seconds, Stopping threads took: 0.0000821 seconds
2016-06-27T18:41:10.337+0300: 266.674: [GC (Allocation Failure) 2016-06-27T18:41:10.337+0300: 266.674: [ParNew
Desired survivor size 17432576 bytes, new threshold 1 (max 6)
- age   1:   34850760 bytes,   34850760 total
: 272402K->34043K(306688K), 0.0368052 secs] 4242735K->4235388K(5208832K), 0.0369947 secs] [Times: user=0.11 sys=0.02, real=0.04 secs] 
2016-06-27T18:41:10.374+0300: 266.711: Total time for which application threads were stopped: 0.0446873 seconds, Stopping threads took: 0.0071803 seconds
2016-06-27T18:41:10.377+0300: 266.714: Total time for which application threads were stopped: 0.0010969 seconds, Stopping threads took: 0.0000718 seconds
2016-06-27T18:41:10.826+0300: 267.163: [GC (Allocation Failure) 2016-06-27T18:41:10.826+0300: 267.163: [ParNew
Desired survivor size 17432576 bytes, new threshold 1 (max 6)
- age   1:   34855960 bytes,   34855960 total
: 306177K->34048K(306688K), 0.0379432 secs] 4507523K->4500432K(5208832K), 0.0381036 secs] [Times: user=0.17 sys=0.00, real=0.04 secs] 
2016-06-27T18:41:10.864+0300: 267.201: Total time for which application threads were stopped: 0.0411391 seconds, Stopping threads took: 0.0026151 seconds
2016-06-27T18:41:11.182+0300: 267.518: [GC (Allocation Failure) 2016-06-27T18:41:11.182+0300: 267.518: [ParNew
Desired survivor size 17432576 bytes, new threshold 1 (max 6)
- age   1:   34845232 bytes,   34845232 total
: 306536K->34038K(306688K), 0.0381536 secs] 4772920K->4768464K(5208832K), 0.0384782 secs] [Times: user=0.13 sys=0.00, real=0.04 secs] 
2016-06-27T18:41:11.220+0300: 267.557: Total time for which application threads were stopped: 0.0412485 seconds, Stopping threads took: 0.0021156 seconds
2016-06-27T18:41:11.348+0300: 267.684: Total time for which application threads were stopped: 0.0027750 seconds, Stopping threads took: 0.0018154 seconds
2016-06-27T18:41:11.565+0300: 267.901: [GC (Allocation Failure) 2016-06-27T18:41:11.565+0300: 267.901: [ParNew: 306594K->306594K(306688K), 0.0000329 secs]2016-06-27T18:41:11.565+0300: 267.901: [CMS: 4734426K->3940329K(4902144K), 0.6067799 secs] 5041020K->3940329K(5208832K), [Metaspace: 9044K->9044K(1058816K)], 0.6069814 secs] [Times: user=0.61 sys=0.00, real=0.61 secs] 
2016-06-27T18:41:12.172+0300: 268.508: Total time for which application threads were stopped: 0.6083725 seconds, Stopping threads took: 0.0010204 seconds
2016-06-27T18:41:12.346+0300: 268.682: Total time for which application threads were stopped: 0.0010832 seconds, Stopping threads took: 0.0003922 seconds
2016-06-27T18:41:12.347+0300: 268.683: Total time for which application threads were stopped: 0.0005829 seconds, Stopping threads took: 0.0000470 seconds
2016-06-27T18:41:12.348+0300: 268.684: Total time for which application threads were stopped: 0.0005534 seconds, Stopping threads took: 0.0000440 seconds
2016-06-27T18:41:12.526+0300: 268.863: [GC (Allocation Failure) 2016-06-27T18:41:12.526+0300: 268.863: [ParNew
Desired survivor size 17432576 bytes, new threshold 1 (max 6)
- age   1:   34854048 bytes,   34854048 total
: 272640K->34046K(306688K), 0.0364400 secs] 4212969K->4206389K(5208832K), 0.0365597 secs] [Times: user=0.13 sys=0.00, real=0.04 secs] 
2016-06-27T18:41:12.563+0300: 268.899: Total time for which application threads were stopped: 0.0371414 seconds, Stopping threads took: 0.0002938 seconds
2016-06-27T18:41:12.900+0300: 269.236: [GC (Allocation Failure) 2016-06-27T18:41:12.900+0300: 269.236: [ParNew
Desired survivor size 17432576 bytes, new threshold 1 (max 6)
- age   1:   34848648 bytes,   34848648 total
: 306078K->34044K(306688K), 0.0387780 secs] 4478421K->4473430K(5208832K), 0.0389439 secs] [Times: user=0.13 sys=0.00, real=0.04 secs] 
2016-06-27T18:41:12.939+0300: 269.275: Total time for which application threads were stopped: 0.0401016 seconds, Stopping threads took: 0.0007493 seconds
2016-06-27T18:41:13.258+0300: 269.594: [GC (Allocation Failure) 2016-06-27T18:41:13.258+0300: 269.595: [ParNew
Desired survivor size 17432576 bytes, new threshold 1 (max 6)
- age   1:   34851352 bytes,   34851352 total
: 306066K->34048K(306688K), 0.0386745 secs] 4745452K->4740469K(5208832K), 0.0388289 secs] [Times: user=0.13 sys=0.00, real=0.04 secs] 
2016-06-27T18:41:13.297+0300: 269.633: Total time for which application threads were stopped: 0.0401020 seconds, Stopping threads took: 0.0008185 seconds
2016-06-27T18:41:13.347+0300: 269.683: Total time for which application threads were stopped: 0.0015922 seconds, Stopping threads took: 0.0008044 seconds
2016-06-27T18:41:13.649+0300: 269.985: [GC (Allocation Failure) 2016-06-27T18:41:13.649+0300: 269.985: [ParNew: 306437K->306437K(306688K), 0.0000321 secs]2016-06-27T18:41:13.649+0300: 269.985: [CMS: 4706421K->3807320K(4902144K), 0.5970008 secs] 5012858K->3807320K(5208832K), [Metaspace: 9044K->9044K(1058816K)], 0.5971787 secs] [Times: user=0.58 sys=0.00, real=0.60 secs] 
2016-06-27T18:41:14.246+0300: 270.583: Total time for which application threads were stopped: 0.5984629 seconds, Stopping threads took: 0.0008895 seconds
2016-06-27T18:41:14.585+0300: 270.921: Total time for which application threads were stopped: 0.0014840 seconds, Stopping threads took: 0.0006838 seconds
2016-06-27T18:41:14.623+0300: 270.960: [GC (Allocation Failure) 2016-06-27T18:41:14.623+0300: 270.960: [ParNew
Desired survivor size 17432576 bytes, new threshold 1 (max 6)
- age   1:   34852144 bytes,   34852144 total
: 272640K->34048K(306688K), 0.0346122 secs] 4079960K->4074385K(5208832K), 0.0347910 secs] [Times: user=0.13 sys=0.00, real=0.04 secs] 
2016-06-27T18:41:14.658+0300: 270.995: Total time for which application threads were stopped: 0.0352798 seconds, Stopping threads took: 0.0000924 seconds
2016-06-27T18:41:14.974+0300: 271.311: [GC (Allocation Failure) 2016-06-27T18:41:14.974+0300: 271.311: [ParNew
Desired survivor size 17432576 bytes, new threshold 1 (max 6)
- age   1:   34860976 bytes,   34860976 total
: 306317K->34048K(306688K), 0.0390136 secs] 4346654K->4340574K(5208832K), 0.0391748 secs] [Times: user=0.13 sys=0.00, real=0.04 secs] 
2016-06-27T18:41:15.014+0300: 271.350: Total time for which application threads were stopped: 0.0406032 seconds, Stopping threads took: 0.0009981 seconds
2016-06-27T18:41:15.342+0300: 271.678: [GC (Allocation Failure) 2016-06-27T18:41:15.348+0300: 271.684: [ParNew
Desired survivor size 17432576 bytes, new threshold 1 (max 6)
- age   1:   34855928 bytes,   34855928 total
: 305797K->34048K(306688K), 0.0764881 secs] 4612323K->4606626K(5208832K), 0.0828345 secs] [Times: user=0.28 sys=0.00, real=0.08 secs] 
2016-06-27T18:41:15.417+0300: 271.761: Total time for which application threads were stopped: 0.0844177 seconds, Stopping threads took: 0.0011128 seconds
2016-06-27T18:41:15.704+0300: 272.040: Total time for which application threads were stopped: 0.0052623 seconds, Stopping threads took: 0.0041893 seconds
2016-06-27T18:41:15.855+0300: 272.191: [GC (Allocation Failure) 2016-06-27T18:41:15.855+0300: 272.191: [ParNew
Desired survivor size 17432576 bytes, new threshold 1 (max 6)
- age   1:   34861184 bytes,   34861184 total
: 306688K->34048K(306688K), 0.0397252 secs] 4879266K->4871673K(5208832K), 0.0399044 secs] [Times: user=0.13 sys=0.00, real=0.04 secs] 
2016-06-27T18:41:15.895+0300: 272.231: Total time for which application threads were stopped: 0.0430810 seconds, Stopping threads took: 0.0026339 seconds
2016-06-27T18:41:15.930+0300: 272.266: [GC (CMS Initial Mark) [1 CMS-initial-mark: 4837625K(4902144K)] 4895442K(5208832K), 0.0004362 secs] [Times: user=0.00 sys=0.00, real=0.00 secs] 
2016-06-27T18:41:15.930+0300: 272.266: Total time for which application threads were stopped: 0.0030800 seconds, Stopping threads took: 0.0023179 seconds
2016-06-27T18:41:15.930+0300: 272.266: [CMS-concurrent-mark-start]
2016-06-27T18:41:15.980+0300: 272.316: [CMS-concurrent-mark: 0.049/0.049 secs] [Times: user=0.16 sys=0.00, real=0.05 secs] 
2016-06-27T18:41:15.980+0300: 272.316: [CMS-concurrent-preclean-start]
2016-06-27T18:41:15.992+0300: 272.328: [CMS-concurrent-preclean: 0.012/0.012 secs] [Times: user=0.06 sys=0.00, real=0.01 secs] 
2016-06-27T18:41:15.992+0300: 272.328: [CMS-concurrent-abortable-preclean-start]
2016-06-27T18:41:15.992+0300: 272.328: [CMS-concurrent-abortable-preclean: 0.000/0.000 secs] [Times: user=0.00 sys=0.00, real=0.00 secs] 
2016-06-27T18:41:16.001+0300: 272.337: [GC (CMS Final Remark) [YG occupancy: 96633 K (306688 K)]2016-06-27T18:41:16.001+0300: 272.337: [Rescan (parallel) , 0.0047722 secs]2016-06-27T18:41:16.005+0300: 272.342: [weak refs processing, 0.0000710 secs]2016-06-27T18:41:16.005+0300: 272.342: [class unloading, 0.0028610 secs]2016-06-27T18:41:16.008+0300: 272.345: [scrub symbol table, 0.0008908 secs]2016-06-27T18:41:16.009+0300: 272.346: [scrub string table, 0.0002716 secs][1 CMS-remark: 4837625K(4902144K)] 4934259K(5208832K), 0.0091672 secs] [Times: user=0.06 sys=0.00, real=0.01 secs] 
2016-06-27T18:41:16.010+0300: 272.346: Total time for which application threads were stopped: 0.0108333 seconds, Stopping threads took: 0.0013450 seconds
2016-06-27T18:41:16.107+0300: 272.444: [CMS-concurrent-sweep-start]
2016-06-27T18:41:16.114+0300: 272.451: [CMS-concurrent-sweep: 0.007/0.007 secs] [Times: user=0.06 sys=0.00, real=0.01 secs] 
2016-06-27T18:41:16.115+0300: 272.451: [CMS-concurrent-reset-start]
2016-06-27T18:41:16.122+0300: 272.458: [CMS-concurrent-reset: 0.007/0.007 secs] [Times: user=0.00 sys=0.00, real=0.01 secs] 
2016-06-27T18:41:16.302+0300: 272.639: [GC (Allocation Failure) 2016-06-27T18:41:16.308+0300: 272.645: [ParNew
Desired survivor size 17432576 bytes, new threshold 1 (max 6)
- age   1:   34853560 bytes,   34853560 total
: 305689K->34048K(306688K), 0.0390448 secs] 3958155K->3953569K(5208832K), 0.0451834 secs] [Times: user=0.13 sys=0.00, real=0.03 secs] 
2016-06-27T18:41:16.333+0300: 272.684: Total time for which application threads were stopped: 0.0471053 seconds, Stopping threads took: 0.0015413 seconds
2016-06-27T18:41:16.349+0300: 272.688: Total time for which application threads were stopped: 0.0007942 seconds, Stopping threads took: 0.0000731 seconds
2016-06-27T18:41:16.731+0300: 273.067: [GC (Allocation Failure) 2016-06-27T18:41:16.731+0300: 273.067: [ParNew
Desired survivor size 17432576 bytes, new threshold 1 (max 6)
- age   1:   34859992 bytes,   34859992 total
: 305988K->34047K(306688K), 0.0410227 secs] 4225510K->4218615K(5208832K), 0.0411930 secs] [Times: user=0.17 sys=0.00, real=0.04 secs] 
2016-06-27T18:41:16.772+0300: 273.109: Total time for which application threads were stopped: 0.0427453 seconds, Stopping threads took: 0.0011093 seconds
2016-06-27T18:41:17.149+0300: 273.485: [GC (Allocation Failure) 2016-06-27T18:41:17.149+0300: 273.485: [ParNew
Desired survivor size 17432576 bytes, new threshold 1 (max 6)
- age   1:   34855920 bytes,   34855920 total
: 305943K->34048K(306688K), 0.0389191 secs] 4490511K->4484662K(5208832K), 0.0391120 secs] [Times: user=0.13 sys=0.00, real=0.04 secs] 
2016-06-27T18:41:17.188+0300: 273.525: Total time for which application threads were stopped: 0.0414748 seconds, Stopping threads took: 0.0018872 seconds
2016-06-27T18:41:17.354+0300: 273.691: Total time for which application threads were stopped: 0.0026908 seconds, Stopping threads took: 0.0015678 seconds
2016-06-27T18:41:17.365+0300: 273.701: Total time for which application threads were stopped: 0.0004661 seconds, Stopping threads took: 0.0000830 seconds
2016-06-27T18:41:17.616+0300: 273.952: [GC (Allocation Failure) 2016-06-27T18:41:17.616+0300: 273.952: [ParNew
Desired survivor size 17432576 bytes, new threshold 1 (max 6)
- age   1:   34846168 bytes,   34846168 total
: 305827K->34039K(306688K), 0.0418751 secs] 4756441K->4751698K(5208832K), 0.0420684 secs] [Times: user=0.13 sys=0.00, real=0.04 secs] 
2016-06-27T18:41:17.658+0300: 273.995: Total time for which application threads were stopped: 0.0495908 seconds, Stopping threads took: 0.0069785 seconds
2016-06-27T18:41:18.082+0300: 274.418: [GC (Allocation Failure) 2016-06-27T18:41:18.082+0300: 274.418: [ParNew: 306421K->306421K(306688K), 0.0000436 secs]2016-06-27T18:41:18.082+0300: 274.418: [CMS: 4717659K->3862533K(4902144K), 0.7725952 secs] 5024080K->3862533K(5208832K), [Metaspace: 9044K->9044K(1058816K)], 0.7728197 secs] [Times: user=0.78 sys=0.00, real=0.77 secs] 
2016-06-27T18:41:18.855+0300: 275.191: Total time for which application threads were stopped: 0.7765438 seconds, Stopping threads took: 0.0032066 seconds
2016-06-27T18:41:19.188+0300: 275.525: Total time for which application threads were stopped: 0.0020211 seconds, Stopping threads took: 0.0008673 seconds
2016-06-27T18:41:19.280+0300: 275.616: [GC (Allocation Failure) 2016-06-27T18:41:19.280+0300: 275.616: [ParNew
Desired survivor size 17432576 bytes, new threshold 1 (max 6)
- age   1:   34861544 bytes,   34861544 total
: 272640K->34047K(306688K), 0.0362052 secs] 4135173K->4128604K(5208832K), 0.0363865 secs] [Times: user=0.13 sys=0.00, real=0.04 secs] 
2016-06-27T18:41:19.316+0300: 275.652: Total time for which application threads were stopped: 0.0368548 seconds, Stopping threads took: 0.0000988 seconds
2016-06-27T18:41:19.659+0300: 275.995: [GC (Allocation Failure) 2016-06-27T18:41:19.659+0300: 275.995: [ParNew
Desired survivor size 17432576 bytes, new threshold 1 (max 6)
- age   1:   34853576 bytes,   34853576 total
: 306178K->34048K(306688K), 0.0400802 secs] 4400734K->4395657K(5208832K), 0.0402547 secs] [Times: user=0.19 sys=0.00, real=0.04 secs] 
2016-06-27T18:41:19.699+0300: 276.036: Total time for which application threads were stopped: 0.0455332 seconds, Stopping threads took: 0.0048671 seconds
2016-06-27T18:41:20.039+0300: 276.375: [GC (Allocation Failure) 2016-06-27T18:41:20.039+0300: 276.375: [ParNew
Desired survivor size 17432576 bytes, new threshold 1 (max 6)
- age   1:   34860920 bytes,   34860920 total
: 306298K->34047K(306688K), 0.0402346 secs] 4667907K->4662699K(5208832K), 0.0404168 secs] [Times: user=0.13 sys=0.00, real=0.04 secs] 
2016-06-27T18:41:20.079+0300: 276.415: Total time for which application threads were stopped: 0.0457372 seconds, Stopping threads took: 0.0048659 seconds
2016-06-27T18:41:20.428+0300: 276.765: [GC (Allocation Failure) 2016-06-27T18:41:20.428+0300: 276.765: [ParNew: 306247K->306247K(306688K), 0.0000479 secs]2016-06-27T18:41:20.428+0300: 276.765: [CMS: 4628652K->3834574K(4902144K), 0.6297903 secs] 4934900K->3834574K(5208832K), [Metaspace: 9044K->9044K(1058816K)], 0.6300405 secs] [Times: user=0.63 sys=0.00, real=0.63 secs] 
2016-06-27T18:41:21.058+0300: 277.395: Total time for which application threads were stopped: 0.6424399 seconds, Stopping threads took: 0.0119358 seconds
2016-06-27T18:41:21.387+0300: 277.723: [GC (Allocation Failure) 2016-06-27T18:41:21.387+0300: 277.723: [ParNew
Desired survivor size 17432576 bytes, new threshold 1 (max 6)
- age   1:   34845600 bytes,   34845600 total
: 272215K->34042K(306688K), 0.0361308 secs] 4106789K->4101628K(5208832K), 0.0362762 secs] [Times: user=0.13 sys=0.00, real=0.04 secs] 
2016-06-27T18:41:21.423+0300: 277.760: Total time for which application threads were stopped: 0.0382336 seconds, Stopping threads took: 0.0015849 seconds
2016-06-27T18:41:21.758+0300: 278.094: [GC (Allocation Failure) 2016-06-27T18:41:21.758+0300: 278.094: [ParNew
Desired survivor size 17432576 bytes, new threshold 1 (max 6)
- age   1:   34849216 bytes,   34849216 total
: 306547K->34048K(306688K), 0.0414842 secs] 4374134K->4368666K(5208832K), 0.0416039 secs] [Times: user=0.13 sys=0.00, real=0.04 secs] 
2016-06-27T18:41:21.800+0300: 278.136: Total time for which application threads were stopped: 0.0428877 seconds, Stopping threads took: 0.0008972 seconds
2016-06-27T18:41:22.158+0300: 278.494: [GC (Allocation Failure) 2016-06-27T18:41:22.158+0300: 278.494: [ParNew
Desired survivor size 17432576 bytes, new threshold 1 (max 6)
- age   1:   34861576 bytes,   34861576 total
: 306688K->34048K(306688K), 0.0390098 secs] 4641306K->4634726K(5208832K), 0.0391274 secs] [Times: user=0.19 sys=0.00, real=0.04 secs] 
2016-06-27T18:41:22.197+0300: 278.534: Total time for which application threads were stopped: 0.0399814 seconds, Stopping threads took: 0.0005320 seconds
2016-06-27T18:41:22.534+0300: 278.870: [GC (Allocation Failure) 2016-06-27T18:41:22.534+0300: 278.870: [ParNew: 306644K->306644K(306688K), 0.0000346 secs]2016-06-27T18:41:22.534+0300: 278.870: [CMS: 4600678K->3911613K(4902144K), 0.6428907 secs] 4907323K->3911613K(5208832K), [Metaspace: 9044K->9044K(1058816K)], 0.6430775 secs] [Times: user=0.66 sys=0.00, real=0.64 secs] 
2016-06-27T18:41:23.177+0300: 279.513: Total time for which application threads were stopped: 0.6441920 seconds, Stopping threads took: 0.0006740 seconds
2016-06-27T18:41:23.508+0300: 279.844: [GC (Allocation Failure) 2016-06-27T18:41:23.508+0300: 279.844: [ParNew
Desired survivor size 17432576 bytes, new threshold 1 (max 6)
- age   1:   34846000 bytes,   34846000 total
: 271848K->34041K(306688K), 0.0370049 secs] 4183462K->4178667K(5208832K), 0.0371401 secs] [Times: user=0.13 sys=0.00, real=0.04 secs] 
2016-06-27T18:41:23.545+0300: 279.882: Total time for which application threads were stopped: 0.0384525 seconds, Stopping threads took: 0.0008527 seconds
2016-06-27T18:41:23.871+0300: 280.208: [GC (Allocation Failure) 2016-06-27T18:41:23.871+0300: 280.208: [ParNew
Desired survivor size 17432576 bytes, new threshold 1 (max 6)
- age   1:   34856792 bytes,   34856792 total
: 306183K->34048K(306688K), 0.0399468 secs] 4450809K->4445706K(5208832K), 0.0401153 secs] [Times: user=0.17 sys=0.00, real=0.04 secs] 
2016-06-27T18:41:23.912+0300: 280.248: Total time for which application threads were stopped: 0.0415488 seconds, Stopping threads took: 0.0008763 seconds
2016-06-27T18:41:24.270+0300: 280.607: [GC (Allocation Failure) 2016-06-27T18:41:24.270+0300: 280.607: [ParNew
Desired survivor size 17432576 bytes, new threshold 1 (max 6)
- age   1:   34862664 bytes,   34862664 total
: 306398K->34047K(306688K), 0.0426521 secs] 4718057K->4712795K(5208832K), 0.0428172 secs] [Times: user=0.13 sys=0.00, real=0.04 secs] 
2016-06-27T18:41:24.313+0300: 280.650: Total time for which application threads were stopped: 0.0518411 seconds, Stopping threads took: 0.0084992 seconds
2016-06-27T18:41:24.450+0300: 280.786: [GC (CMS Initial Mark) [1 CMS-initial-mark: 4678748K(4902144K)] 4810600K(5208832K), 0.0006201 secs] [Times: user=0.00 sys=0.00, real=0.00 secs] 
2016-06-27T18:41:24.450+0300: 280.787: Total time for which application threads were stopped: 0.0197854 seconds, Stopping threads took: 0.0186560 seconds
2016-06-27T18:41:24.450+0300: 280.787: [CMS-concurrent-mark-start]
2016-06-27T18:41:24.495+0300: 280.831: [CMS-concurrent-mark: 0.044/0.044 secs] [Times: user=0.19 sys=0.00, real=0.04 secs] 
2016-06-27T18:41:24.495+0300: 280.831: [CMS-concurrent-preclean-start]
2016-06-27T18:41:24.505+0300: 280.841: [CMS-concurrent-preclean: 0.010/0.010 secs] [Times: user=0.06 sys=0.00, real=0.01 secs] 
2016-06-27T18:41:24.505+0300: 280.841: [CMS-concurrent-abortable-preclean-start]
2016-06-27T18:41:24.557+0300: 280.893: Total time for which application threads were stopped: 0.0084812 seconds, Stopping threads took: 0.0072043 seconds
2016-06-27T18:41:24.668+0300: 281.005: [CMS-concurrent-abortable-preclean: 0.022/0.163 secs] [Times: user=0.58 sys=0.00, real=0.16 secs] 
2016-06-27T18:41:24.739+0300: 281.075: [GC (CMS Final Remark) [YG occupancy: 306687 K (306688 K)]2016-06-27T18:41:24.739+0300: 281.075: [Rescan (parallel) , 0.0047624 secs]2016-06-27T18:41:24.744+0300: 281.080: [weak refs processing, 0.0000304 secs]2016-06-27T18:41:24.744+0300: 281.080: [class unloading, 0.0022559 secs]2016-06-27T18:41:24.746+0300: 281.082: [scrub symbol table, 0.0017709 secs]2016-06-27T18:41:24.748+0300: 281.084: [scrub string table, 0.0004264 secs][1 CMS-remark: 4678748K(4902144K)] 4985435K(5208832K), 0.0096047 secs] [Times: user=0.00 sys=0.02, real=0.01 secs] 
2016-06-27T18:41:24.749+0300: 281.085: Total time for which application threads were stopped: 0.0178426 seconds, Stopping threads took: 0.0077726 seconds
2016-06-27T18:41:24.749+0300: 281.085: [CMS-concurrent-sweep-start]
2016-06-27T18:41:24.751+0300: 281.087: [GC (Allocation Failure) 2016-06-27T18:41:24.751+0300: 281.087: [ParNew: 306687K->306687K(306688K), 0.0000453 secs]2016-06-27T18:41:24.751+0300: 281.087: [CMS2016-06-27T18:41:24.757+0300: 281.093: [CMS-concurrent-sweep: 0.006/0.008 secs] [Times: user=0.02 sys=0.00, real=0.01 secs] 
 (concurrent mode failure): 4678748K->3598659K(4902144K), 0.6524697 secs] 4985435K->3598659K(5208832K), [Metaspace: 9044K->9044K(1058816K)], 0.6528691 secs] [Times: user=0.66 sys=0.00, real=0.65 secs] 
2016-06-27T18:41:25.404+0300: 281.740: Total time for which application threads were stopped: 0.6534293 seconds, Stopping threads took: 0.0000830 seconds
2016-06-27T18:41:25.746+0300: 282.082: [GC (Allocation Failure) 2016-06-27T18:41:25.746+0300: 282.082: [ParNew
Desired survivor size 17432576 bytes, new threshold 1 (max 6)
- age   1:   34845016 bytes,   34845016 total
: 272061K->34043K(306688K), 0.0376148 secs] 3870721K->3865714K(5208832K), 0.0377666 secs] [Times: user=0.13 sys=0.00, real=0.04 secs] 
2016-06-27T18:41:25.783+0300: 282.120: Total time for which application threads were stopped: 0.0486559 seconds, Stopping threads took: 0.0103946 seconds
2016-06-27T18:41:26.137+0300: 282.473: [GC (Allocation Failure) 2016-06-27T18:41:26.137+0300: 282.473: [ParNew
Desired survivor size 17432576 bytes, new threshold 1 (max 6)
- age   1:   34846384 bytes,   34846384 total
: 306123K->34048K(306688K), 0.0413242 secs] 4137794K->4132753K(5208832K), 0.0415098 secs] [Times: user=0.17 sys=0.00, real=0.04 secs] 
2016-06-27T18:41:26.178+0300: 282.514: Total time for which application threads were stopped: 0.0461713 seconds, Stopping threads took: 0.0040965 seconds
2016-06-27T18:41:26.511+0300: 282.848: [GC (Allocation Failure) 2016-06-27T18:41:26.511+0300: 282.848: [ParNew
Desired survivor size 17432576 bytes, new threshold 1 (max 6)
- age   1:   34859360 bytes,   34859360 total
: 306041K->34048K(306688K), 0.0396294 secs] 4404747K->4399827K(5208832K), 0.0397997 secs] [Times: user=0.14 sys=0.00, real=0.04 secs] 
2016-06-27T18:41:26.551+0300: 282.888: Total time for which application threads were stopped: 0.0415415 seconds, Stopping threads took: 0.0011692 seconds
2016-06-27T18:41:26.552+0300: 282.888: [GC (CMS Initial Mark) [1 CMS-initial-mark: 4365779K(4902144K)] 4400827K(5208832K), 0.0004584 secs] [Times: user=0.00 sys=0.00, real=0.00 secs] 
2016-06-27T18:41:26.552+0300: 282.889: Total time for which application threads were stopped: 0.0010016 seconds, Stopping threads took: 0.0000701 seconds
2016-06-27T18:41:26.552+0300: 282.889: [CMS-concurrent-mark-start]
2016-06-27T18:41:26.595+0300: 282.932: [CMS-concurrent-mark: 0.043/0.043 secs] [Times: user=0.11 sys=0.00, real=0.04 secs] 
2016-06-27T18:41:26.595+0300: 282.932: [CMS-concurrent-preclean-start]
2016-06-27T18:41:26.605+0300: 282.942: [CMS-concurrent-preclean: 0.010/0.010 secs] [Times: user=0.05 sys=0.00, real=0.01 secs] 
2016-06-27T18:41:26.605+0300: 282.942: [CMS-concurrent-abortable-preclean-start]
2016-06-27T18:41:26.939+0300: 283.275: [GC (Allocation Failure) 2016-06-27T18:41:26.939+0300: 283.275: [ParNew2016-06-27T18:41:26.971+0300: 283.307: [CMS-concurrent-abortable-preclean: 0.042/0.365 secs] [Times: user=1.33 sys=0.00, real=0.37 secs] 

Desired survivor size 17432576 bytes, new threshold 1 (max 6)
- age   1:   34852256 bytes,   34852256 total
: 306243K->34048K(306688K), 0.0406729 secs] 4672023K->4666878K(5208832K), 0.0408500 secs] [Times: user=0.17 sys=0.00, real=0.04 secs] 
2016-06-27T18:41:26.980+0300: 283.316: Total time for which application threads were stopped: 0.0458270 seconds, Stopping threads took: 0.0044211 seconds
2016-06-27T18:41:26.982+0300: 283.318: [GC (CMS Final Remark) [YG occupancy: 35048 K (306688 K)]2016-06-27T18:41:26.982+0300: 283.318: [Rescan (parallel) , 0.0043176 secs]2016-06-27T18:41:26.986+0300: 283.322: [weak refs processing, 0.0000261 secs]2016-06-27T18:41:26.986+0300: 283.322: [class unloading, 0.0023491 secs]2016-06-27T18:41:26.988+0300: 283.325: [scrub symbol table, 0.0019343 secs]2016-06-27T18:41:26.990+0300: 283.327: [scrub string table, 0.0004349 secs][1 CMS-remark: 4632830K(4902144K)] 4667878K(5208832K), 0.0094187 secs] [Times: user=0.02 sys=0.00, real=0.01 secs] 
2016-06-27T18:41:26.991+0300: 283.327: Total time for which application threads were stopped: 0.0100161 seconds, Stopping threads took: 0.0000616 seconds
2016-06-27T18:41:27.411+0300: 283.748: [CMS-concurrent-sweep-start]
2016-06-27T18:41:27.424+0300: 283.760: [GC (Allocation Failure) 2016-06-27T18:41:27.424+0300: 283.760: [ParNew: 306688K->306688K(306688K), 0.0000406 secs]2016-06-27T18:41:27.424+0300: 283.760: [CMS2016-06-27T18:41:27.427+0300: 283.763: [CMS-concurrent-sweep: 0.006/0.015 secs] [Times: user=0.01 sys=0.00, real=0.02 secs] 
 (concurrent mode failure): 4617829K->3868734K(4902144K), 0.6442365 secs] 4924517K->3868734K(5208832K), [Metaspace: 9044K->9044K(1058816K)], 0.6445799 secs] [Times: user=0.66 sys=0.00, real=0.64 secs] 
2016-06-27T18:41:28.068+0300: 284.405: Total time for which application threads were stopped: 0.6533900 seconds, Stopping threads took: 0.0083363 seconds
2016-06-27T18:41:28.391+0300: 284.727: [GC (Allocation Failure) 2016-06-27T18:41:28.391+0300: 284.727: [ParNew
Desired survivor size 17432576 bytes, new threshold 1 (max 6)
- age   1:   34859848 bytes,   34859848 total
: 272264K->34048K(306688K), 0.0375536 secs] 4140999K->4135823K(5208832K), 0.0376751 secs] [Times: user=0.19 sys=0.00, real=0.04 secs] 
2016-06-27T18:41:28.428+0300: 284.765: Total time for which application threads were stopped: 0.0386651 seconds, Stopping threads took: 0.0006479 seconds
2016-06-27T18:41:28.735+0300: 285.072: Total time for which application threads were stopped: 0.0022435 seconds, Stopping threads took: 0.0006530 seconds
2016-06-27T18:41:28.839+0300: 285.176: [GC (Allocation Failure) 2016-06-27T18:41:28.839+0300: 285.176: [ParNew
Desired survivor size 17432576 bytes, new threshold 1 (max 6)
- age   1:   34861968 bytes,   34861968 total
: 306688K->34048K(306688K), 0.0389760 secs] 4408463K->4401879K(5208832K), 0.0391535 secs] [Times: user=0.13 sys=0.00, real=0.04 secs] 
2016-06-27T18:41:28.878+0300: 285.215: Total time for which application threads were stopped: 0.0397462 seconds, Stopping threads took: 0.0001069 seconds
2016-06-27T18:41:28.879+0300: 285.215: [GC (CMS Initial Mark) [1 CMS-initial-mark: 4367831K(4902144K)] 4404002K(5208832K), 0.0003648 secs] [Times: user=0.06 sys=0.00, real=0.00 secs] 
2016-06-27T18:41:28.879+0300: 285.216: Total time for which application threads were stopped: 0.0007548 seconds, Stopping threads took: 0.0001039 seconds
2016-06-27T18:41:28.879+0300: 285.216: [CMS-concurrent-mark-start]
2016-06-27T18:41:28.923+0300: 285.259: [CMS-concurrent-mark: 0.043/0.043 secs] [Times: user=0.13 sys=0.00, real=0.04 secs] 
2016-06-27T18:41:28.923+0300: 285.259: [CMS-concurrent-preclean-start]
2016-06-27T18:41:28.934+0300: 285.270: [CMS-concurrent-preclean: 0.011/0.011 secs] [Times: user=0.06 sys=0.00, real=0.01 secs] 
2016-06-27T18:41:28.934+0300: 285.270: [CMS-concurrent-abortable-preclean-start]
2016-06-27T18:41:29.216+0300: 285.553: [GC (Allocation Failure) 2016-06-27T18:41:29.216+0300: 285.553: [ParNew
Desired survivor size 17432576 bytes, new threshold 1 (max 6)
- age   1:   34856504 bytes,   34856504 total
: 306162K->34048K(306688K), 0.0403543 secs] 4673994K->4668933K(5208832K), 0.0405741 secs] [Times: user=0.19 sys=0.00, real=0.04 secs] 
2016-06-27T18:41:29.257+0300: 285.593: Total time for which application threads were stopped: 0.0423177 seconds, Stopping threads took: 0.0013428 seconds
2016-06-27T18:41:29.377+0300: 285.714: Total time for which application threads were stopped: 0.0050703 seconds, Stopping threads took: 0.0035435 seconds
2016-06-27T18:41:29.598+0300: 285.935: [CMS-concurrent-abortable-preclean: 0.076/0.664 secs] [Times: user=2.55 sys=0.00, real=0.66 secs] 
2016-06-27T18:41:29.651+0300: 285.988: [GC (Allocation Failure) 2016-06-27T18:41:29.652+0300: 285.988: [ParNew: 306114K->306114K(306688K), 0.0000248 secs]2016-06-27T18:41:29.652+0300: 285.988: [CMS (concurrent mode failure): 4634885K->3718790K(4902144K), 0.5694038 secs] 4940999K->3718790K(5208832K), [Metaspace: 9044K->9044K(1058816K)], 0.5695706 secs] [Times: user=0.56 sys=0.00, real=0.57 secs] 
2016-06-27T18:41:30.221+0300: 286.557: Total time for which application threads were stopped: 0.5714262 seconds, Stopping threads took: 0.0015100 seconds
2016-06-27T18:41:30.363+0300: 286.699: Total time for which application threads were stopped: 0.0024710 seconds, Stopping threads took: 0.0004888 seconds
2016-06-27T18:41:30.569+0300: 286.905: [GC (Allocation Failure) 2016-06-27T18:41:30.569+0300: 286.905: [ParNew
Desired survivor size 17432576 bytes, new threshold 1 (max 6)
- age   1:   34859384 bytes,   34859384 total
: 272373K->34048K(306688K), 0.0357455 secs] 3991163K->3984859K(5208832K), 0.0359247 secs] [Times: user=0.13 sys=0.00, real=0.04 secs] 
2016-06-27T18:41:30.605+0300: 286.941: Total time for which application threads were stopped: 0.0371093 seconds, Stopping threads took: 0.0007514 seconds
2016-06-27T18:41:30.934+0300: 287.271: [GC (Allocation Failure) 2016-06-27T18:41:30.934+0300: 287.271: [ParNew
Desired survivor size 17432576 bytes, new threshold 1 (max 6)
- age   1:   34857952 bytes,   34857952 total
: 306241K->34048K(306688K), 0.0387959 secs] 4257053K->4251909K(5208832K), 0.0389555 secs] [Times: user=0.16 sys=0.00, real=0.04 secs] 
2016-06-27T18:41:30.974+0300: 287.310: Total time for which application threads were stopped: 0.0418314 seconds, Stopping threads took: 0.0024710 seconds
2016-06-27T18:41:31.304+0300: 287.640: [GC (Allocation Failure) 2016-06-27T18:41:31.304+0300: 287.640: [ParNew
Desired survivor size 17432576 bytes, new threshold 1 (max 6)
- age   1:   34856360 bytes,   34856360 total
: 306300K->34048K(306688K), 0.0408329 secs] 4524162K->4518953K(5208832K), 0.0410099 secs] [Times: user=0.13 sys=0.00, real=0.04 secs] 
2016-06-27T18:41:31.345+0300: 287.681: Total time for which application threads were stopped: 0.0444846 seconds, Stopping threads took: 0.0030517 seconds
2016-06-27T18:41:31.363+0300: 287.699: Total time for which application threads were stopped: 0.0020433 seconds, Stopping threads took: 0.0000898 seconds
2016-06-27T18:41:31.691+0300: 288.028: [GC (Allocation Failure) 2016-06-27T18:41:31.691+0300: 288.028: [ParNew
Desired survivor size 17432576 bytes, new threshold 1 (max 6)
- age   1:   34858528 bytes,   34858528 total
: 305950K->34048K(306688K), 0.0398369 secs] 4790856K->4784998K(5208832K), 0.0399998 secs] [Times: user=0.19 sys=0.00, real=0.04 secs] 
2016-06-27T18:41:31.731+0300: 288.068: Total time for which application threads were stopped: 0.0436597 seconds, Stopping threads took: 0.0032296 seconds
2016-06-27T18:41:32.073+0300: 288.410: [GC (Allocation Failure) 2016-06-27T18:41:32.073+0300: 288.410: [ParNew: 306540K->306540K(306688K), 0.0000346 secs]2016-06-27T18:41:32.073+0300: 288.410: [CMS: 4750950K->3776848K(4902144K), 0.6453621 secs] 5057490K->3776848K(5208832K), [Metaspace: 9044K->9044K(1058816K)], 0.6455584 secs] [Times: user=0.64 sys=0.00, real=0.65 secs] 
2016-06-27T18:41:32.719+0300: 289.055: Total time for which application threads were stopped: 0.6566769 seconds, Stopping threads took: 0.0106956 seconds
2016-06-27T18:41:33.010+0300: 289.347: Total time for which application threads were stopped: 0.0035547 seconds, Stopping threads took: 0.0020519 seconds
2016-06-27T18:41:33.101+0300: 289.438: [GC (Allocation Failure) 2016-06-27T18:41:33.101+0300: 289.438: [ParNew
Desired survivor size 17432576 bytes, new threshold 1 (max 6)
- age   1:   34858144 bytes,   34858144 total
: 272640K->34048K(306688K), 0.0340669 secs] 4049488K->4042932K(5208832K), 0.0341995 secs] [Times: user=0.13 sys=0.00, real=0.03 secs] 
2016-06-27T18:41:33.135+0300: 289.472: Total time for which application threads were stopped: 0.0346815 seconds, Stopping threads took: 0.0001292 seconds
2016-06-27T18:41:33.371+0300: 289.708: Total time for which application threads were stopped: 0.0033113 seconds, Stopping threads took: 0.0021250 seconds
2016-06-27T18:41:33.484+0300: 289.820: [GC (Allocation Failure) 2016-06-27T18:41:33.484+0300: 289.820: [ParNew
Desired survivor size 17432576 bytes, new threshold 1 (max 6)
- age   1:   34858336 bytes,   34858336 total
: 306413K->34048K(306688K), 0.0401264 secs] 4315297K->4309973K(5208832K), 0.0402718 secs] [Times: user=0.19 sys=0.00, real=0.04 secs] 
2016-06-27T18:41:33.524+0300: 289.860: Total time for which application threads were stopped: 0.0410138 seconds, Stopping threads took: 0.0004020 seconds
2016-06-27T18:41:33.836+0300: 290.173: [GC (Allocation Failure) 2016-06-27T18:41:33.837+0300: 290.173: [ParNew
Desired survivor size 17432576 bytes, new threshold 1 (max 6)
- age   1:   34854608 bytes,   34854608 total
: 306555K->34048K(306688K), 0.0381322 secs] 4582481K->4577018K(5208832K), 0.0383101 secs] [Times: user=0.13 sys=0.00, real=0.04 secs] 
2016-06-27T18:41:33.875+0300: 290.211: Total time for which application threads were stopped: 0.0409385 seconds, Stopping threads took: 0.0022058 seconds
2016-06-27T18:41:34.195+0300: 290.531: [GC (Allocation Failure) 2016-06-27T18:41:34.195+0300: 290.531: [ParNew
Desired survivor size 17432576 bytes, new threshold 1 (max 6)
- age   1:   34856024 bytes,   34856024 total
: 305930K->34048K(306688K), 0.0387348 secs] 4848901K->4844061K(5208832K), 0.0389165 secs] [Times: user=0.13 sys=0.00, real=0.04 secs] 
2016-06-27T18:41:34.234+0300: 290.570: Total time for which application threads were stopped: 0.0404783 seconds, Stopping threads took: 0.0011341 seconds
2016-06-27T18:41:34.375+0300: 290.711: Total time for which application threads were stopped: 0.0035688 seconds, Stopping threads took: 0.0018056 seconds
2016-06-27T18:41:34.591+0300: 290.928: [GC (Allocation Failure) 2016-06-27T18:41:34.591+0300: 290.928: [ParNew: 306688K->306688K(306688K), 0.0000440 secs]2016-06-27T18:41:34.591+0300: 290.928: [CMS: 4810013K->3744893K(4902144K), 0.5842267 secs] 5116701K->3744893K(5208832K), [Metaspace: 9045K->9045K(1058816K)], 0.5844312 secs] [Times: user=0.58 sys=0.00, real=0.59 secs] 
2016-06-27T18:41:35.176+0300: 291.512: Total time for which application threads were stopped: 0.5859126 seconds, Stopping threads took: 0.0010584 seconds
2016-06-27T18:41:35.392+0300: 291.729: Total time for which application threads were stopped: 0.0029371 seconds, Stopping threads took: 0.0005645 seconds
2016-06-27T18:41:35.402+0300: 291.739: Total time for which application threads were stopped: 0.0005521 seconds, Stopping threads took: 0.0000834 seconds
2016-06-27T18:41:35.552+0300: 291.888: [GC (Allocation Failure) 2016-06-27T18:41:35.552+0300: 291.888: [ParNew
Desired survivor size 17432576 bytes, new threshold 1 (max 6)
- age   1:   34855456 bytes,   34855456 total
: 272640K->34048K(306688K), 0.0357690 secs] 4017533K->4009976K(5208832K), 0.0358900 secs] [Times: user=0.13 sys=0.00, real=0.04 secs] 
2016-06-27T18:41:35.588+0300: 291.924: Total time for which application threads were stopped: 0.0366414 seconds, Stopping threads took: 0.0004486 seconds
2016-06-27T18:41:35.905+0300: 292.241: [GC (Allocation Failure) 2016-06-27T18:41:35.905+0300: 292.241: [ParNew
Desired survivor size 17432576 bytes, new threshold 1 (max 6)
- age   1:   34850288 bytes,   34850288 total
: 306382K->34038K(306688K), 0.0392574 secs] 4282311K->4277013K(5208832K), 0.0393891 secs] [Times: user=0.19 sys=0.00, real=0.04 secs] 
2016-06-27T18:41:35.944+0300: 292.281: Total time for which application threads were stopped: 0.0402470 seconds, Stopping threads took: 0.0005359 seconds
2016-06-27T18:41:36.264+0300: 292.601: [GC (Allocation Failure) 2016-06-27T18:41:36.265+0300: 292.601: [ParNew
Desired survivor size 17432576 bytes, new threshold 1 (max 6)
- age   1:   34853168 bytes,   34853168 total
: 306115K->34048K(306688K), 0.0409287 secs] 4549090K->4544059K(5208832K), 0.0410672 secs] [Times: user=0.19 sys=0.00, real=0.04 secs] 
2016-06-27T18:41:36.306+0300: 292.642: Total time for which application threads were stopped: 0.0428702 seconds, Stopping threads took: 0.0014485 seconds
2016-06-27T18:41:36.372+0300: 292.708: Total time for which application threads were stopped: 0.0012937 seconds, Stopping threads took: 0.0001865 seconds
2016-06-27T18:41:36.658+0300: 292.994: [GC (Allocation Failure) 2016-06-27T18:41:36.658+0300: 292.994: [ParNew
Desired survivor size 17432576 bytes, new threshold 1 (max 6)
- age   1:   34860712 bytes,   34860712 total
: 306688K->34048K(306688K), 0.0380702 secs] 4816699K->4810113K(5208832K), 0.0381793 secs] [Times: user=0.19 sys=0.00, real=0.04 secs] 
2016-06-27T18:41:36.696+0300: 293.032: Total time for which application threads were stopped: 0.0392826 seconds, Stopping threads took: 0.0006415 seconds
2016-06-27T18:41:37.013+0300: 293.349: [GC (Allocation Failure) 2016-06-27T18:41:37.013+0300: 293.349: [ParNew: 306663K->306663K(306688K), 0.0000222 secs]2016-06-27T18:41:37.013+0300: 293.349: [CMS: 4776065K->3787932K(4902144K), 0.5760675 secs] 5082728K->3787932K(5208832K), [Metaspace: 9045K->9045K(1058816K)], 0.5762065 secs] [Times: user=0.58 sys=0.00, real=0.58 secs] 
2016-06-27T18:41:37.589+0300: 293.925: Total time for which application threads were stopped: 0.5771974 seconds, Stopping threads took: 0.0006056 seconds
2016-06-27T18:41:37.823+0300: 294.159: Total time for which application threads were stopped: 0.0023316 seconds, Stopping threads took: 0.0009331 seconds
2016-06-27T18:41:38.012+0300: 294.349: [GC (Allocation Failure) 2016-06-27T18:41:38.012+0300: 294.349: [ParNew
Desired survivor size 17432576 bytes, new threshold 1 (max 6)
- age   1:   34856376 bytes,   34856376 total
: 272640K->34048K(306688K), 0.0350561 secs] 4060572K->4054993K(5208832K), 0.0352391 secs] [Times: user=0.13 sys=0.00, real=0.03 secs] 
2016-06-27T18:41:38.047+0300: 294.384: Total time for which application threads were stopped: 0.0359700 seconds, Stopping threads took: 0.0003443 seconds
2016-06-27T18:41:38.378+0300: 294.714: [GC (Allocation Failure) 2016-06-27T18:41:38.378+0300: 294.714: [ParNew
Desired survivor size 17432576 bytes, new threshold 1 (max 6)
- age   1:   34847968 bytes,   34847968 total
: 306307K->34040K(306688K), 0.0393536 secs] 4327253K->4321023K(5208832K), 0.0395195 secs] [Times: user=0.19 sys=0.00, real=0.04 secs] 
2016-06-27T18:41:38.417+0300: 294.753: Total time for which application threads were stopped: 0.0408423 seconds, Stopping threads took: 0.0009203 seconds
2016-06-27T18:41:38.734+0300: 295.070: [GC (Allocation Failure) 2016-06-27T18:41:38.740+0300: 295.076: [ParNew
Desired survivor size 17432576 bytes, new threshold 1 (max 6)
- age   1:   34851216 bytes,   34851216 total
: 306161K->34048K(306688K), 0.0397265 secs] 4593145K->4588065K(5208832K), 0.0458108 secs] [Times: user=0.08 sys=0.00, real=0.05 secs] 
2016-06-27T18:41:38.780+0300: 295.116: Total time for which application threads were stopped: 0.0491084 seconds, Stopping threads took: 0.0028653 seconds
2016-06-27T18:41:38.780+0300: 295.118: [GC (CMS Initial Mark) [1 CMS-initial-mark: 4554017K(4902144K)] 4590065K(5208832K), 0.0005068 secs] [Times: user=0.00 sys=0.00, real=0.00 secs] 
2016-06-27T18:41:38.780+0300: 295.119: Total time for which application threads were stopped: 0.0009661 seconds, Stopping threads took: 0.0000847 seconds
2016-06-27T18:41:38.780+0300: 295.119: [CMS-concurrent-mark-start]
2016-06-27T18:41:38.811+0300: 295.162: [CMS-concurrent-mark: 0.044/0.044 secs] [Times: user=0.13 sys=0.00, real=0.03 secs] 
2016-06-27T18:41:38.811+0300: 295.162: [CMS-concurrent-preclean-start]
2016-06-27T18:41:38.826+0300: 295.172: [CMS-concurrent-preclean: 0.010/0.010 secs] [Times: user=0.06 sys=0.00, real=0.01 secs] 
2016-06-27T18:41:38.826+0300: 295.172: [CMS-concurrent-abortable-preclean-start]
2016-06-27T18:41:39.137+0300: 295.473: [GC (Allocation Failure) 2016-06-27T18:41:39.137+0300: 295.473: [ParNew2016-06-27T18:41:39.169+0300: 295.505: [CMS-concurrent-abortable-preclean: 0.032/0.332 secs] [Times: user=1.34 sys=0.02, real=0.34 secs] 

Desired survivor size 17432576 bytes, new threshold 1 (max 6)
- age   1:   34845600 bytes,   34845600 total
: 306688K->34042K(306688K), 0.0387900 secs] 4860705K->4855098K(5208832K), 0.0389486 secs] [Times: user=0.13 sys=0.00, real=0.04 secs] 
2016-06-27T18:41:39.176+0300: 295.512: Total time for which application threads were stopped: 0.0422723 seconds, Stopping threads took: 0.0028927 seconds
2016-06-27T18:41:39.177+0300: 295.513: [GC (CMS Final Remark) [YG occupancy: 36139 K (306688 K)]2016-06-27T18:41:39.177+0300: 295.513: [Rescan (parallel) , 0.0042218 secs]2016-06-27T18:41:39.181+0300: 295.517: [weak refs processing, 0.0000265 secs]2016-06-27T18:41:39.181+0300: 295.517: [class unloading, 0.0026523 secs]2016-06-27T18:41:39.184+0300: 295.520: [scrub symbol table, 0.0007903 secs]2016-06-27T18:41:39.184+0300: 295.521: [scrub string table, 0.0001984 secs][1 CMS-remark: 4821055K(4902144K)] 4857195K(5208832K), 0.0081528 secs] [Times: user=0.00 sys=0.00, real=0.01 secs] 
2016-06-27T18:41:39.185+0300: 295.521: Total time for which application threads were stopped: 0.0086091 seconds, Stopping threads took: 0.0000791 seconds
2016-06-27T18:41:39.187+0300: 295.524: [CMS-concurrent-sweep-start]
2016-06-27T18:41:39.194+0300: 295.530: [CMS-concurrent-sweep: 0.007/0.007 secs] [Times: user=0.06 sys=0.00, real=0.01 secs] 
2016-06-27T18:41:39.194+0300: 295.530: [CMS-concurrent-reset-start]
2016-06-27T18:41:39.200+0300: 295.536: [CMS-concurrent-reset: 0.006/0.006 secs] [Times: user=0.00 sys=0.00, real=0.01 secs] 
2016-06-27T18:41:39.514+0300: 295.851: [GC (Allocation Failure) 2016-06-27T18:41:39.514+0300: 295.851: [ParNew
Desired survivor size 17432576 bytes, new threshold 1 (max 6)
- age   1:   34846128 bytes,   34846128 total
: 306175K->34037K(306688K), 0.0381297 secs] 4437135K->4432030K(5208832K), 0.0383131 secs] [Times: user=0.17 sys=0.00, real=0.04 secs] 
2016-06-27T18:41:39.553+0300: 295.889: Total time for which application threads were stopped: 0.0413512 seconds, Stopping threads took: 0.0025138 seconds
2016-06-27T18:41:39.876+0300: 296.212: [GC (Allocation Failure) 2016-06-27T18:41:39.876+0300: 296.212: [ParNew
Desired survivor size 17432576 bytes, new threshold 1 (max 6)
- age   1:   34846696 bytes,   34846696 total
: 306221K->34036K(306688K), 0.0378739 secs] 4704214K->4699062K(5208832K), 0.0380326 secs] [Times: user=0.19 sys=0.00, real=0.04 secs] 
2016-06-27T18:41:39.914+0300: 296.251: Total time for which application threads were stopped: 0.0418490 seconds, Stopping threads took: 0.0033143 seconds
2016-06-27T18:41:40.089+0300: 296.425: Total time for which application threads were stopped: 0.0030167 seconds, Stopping threads took: 0.0016956 seconds
2016-06-27T18:41:40.255+0300: 296.592: [GC (Allocation Failure) 2016-06-27T18:41:40.256+0300: 296.592: [ParNew: 306435K->306435K(306688K), 0.0000342 secs]2016-06-27T18:41:40.256+0300: 296.592: [CMS: 4665025K->3962036K(4902144K), 0.7008357 secs] 4971461K->3962036K(5208832K), [Metaspace: 9045K->9045K(1058816K)], 0.7010324 secs] [Times: user=0.69 sys=0.00, real=0.70 secs] 
2016-06-27T18:41:40.957+0300: 297.293: Total time for which application threads were stopped: 0.7073193 seconds, Stopping threads took: 0.0057922 seconds
2016-06-27T18:41:41.352+0300: 297.688: [GC (Allocation Failure) 2016-06-27T18:41:41.352+0300: 297.688: [ParNew
Desired survivor size 17432576 bytes, new threshold 1 (max 6)
- age   1:   34849272 bytes,   34849272 total
: 272640K->34048K(306688K), 0.0363194 secs] 4234676K->4229096K(5208832K), 0.0365401 secs] [Times: user=0.13 sys=0.00, real=0.04 secs] 
2016-06-27T18:41:41.388+0300: 297.725: Total time for which application threads were stopped: 0.0377572 seconds, Stopping threads took: 0.0007172 seconds
2016-06-27T18:41:41.701+0300: 298.038: [GC (Allocation Failure) 2016-06-27T18:41:41.701+0300: 298.038: [ParNew
Desired survivor size 17432576 bytes, new threshold 1 (max 6)
- age   1:   34851208 bytes,   34851208 total
: 306577K->34047K(306688K), 0.0388836 secs] 4501626K->4496133K(5208832K), 0.0390166 secs] [Times: user=0.19 sys=0.00, real=0.04 secs] 
2016-06-27T18:41:41.740+0300: 298.077: Total time for which application threads were stopped: 0.0405613 seconds, Stopping threads took: 0.0012227 seconds
2016-06-27T18:41:42.059+0300: 298.395: [GC (Allocation Failure) 2016-06-27T18:41:42.059+0300: 298.395: [ParNew
Desired survivor size 17432576 bytes, new threshold 1 (max 6)
- age   1:   34848856 bytes,   34848856 total
: 305754K->34048K(306688K), 0.0382203 secs] 4767840K->4763171K(5208832K), 0.0383828 secs] [Times: user=0.13 sys=0.00, real=0.04 secs] 
2016-06-27T18:41:42.098+0300: 298.434: Total time for which application threads were stopped: 0.0397496 seconds, Stopping threads took: 0.0008309 seconds
2016-06-27T18:41:42.428+0300: 298.765: [GC (Allocation Failure) 2016-06-27T18:41:42.428+0300: 298.765: [ParNew: 305803K->305803K(306688K), 0.0000440 secs]2016-06-27T18:41:42.428+0300: 298.765: [CMS: 4729123K->3829067K(4902144K), 0.5954976 secs] 5034927K->3829067K(5208832K), [Metaspace: 9045K->9045K(1058816K)], 0.5956922 secs] [Times: user=0.59 sys=0.00, real=0.60 secs] 
2016-06-27T18:41:43.024+0300: 299.360: Total time for which application threads were stopped: 0.5975473 seconds, Stopping threads took: 0.0013655 seconds
2016-06-27T18:41:43.361+0300: 299.697: Total time for which application threads were stopped: 0.0033943 seconds, Stopping threads took: 0.0023354 seconds
2016-06-27T18:41:43.458+0300: 299.794: [GC (Allocation Failure) 2016-06-27T18:41:43.458+0300: 299.794: [ParNew
Desired survivor size 17432576 bytes, new threshold 1 (max 6)
- age   1:   33853552 bytes,   33853552 total
: 272640K->33066K(306688K), 0.0344955 secs] 4101707K->4096145K(5208832K), 0.0346716 secs] [Times: user=0.13 sys=0.00, real=0.04 secs] 
2016-06-27T18:41:43.493+0300: 299.829: Total time for which application threads were stopped: 0.0351087 seconds, Stopping threads took: 0.0000637 seconds
2016-06-27T18:41:43.803+0300: 300.140: [GC (Allocation Failure) 2016-06-27T18:41:43.804+0300: 300.140: [ParNew
Desired survivor size 17432576 bytes, new threshold 1 (max 6)
- age   1:   33835896 bytes,   33835896 total
: 304736K->33064K(306688K), 0.0383824 secs] 4367816K->4362207K(5208832K), 0.0385535 secs] [Times: user=0.13 sys=0.00, real=0.04 secs] 
2016-06-27T18:41:43.842+0300: 300.179: Total time for which application threads were stopped: 0.0414226 seconds, Stopping threads took: 0.0024535 seconds
2016-06-27T18:41:44.166+0300: 300.503: [GC (Allocation Failure) 2016-06-27T18:41:44.166+0300: 300.503: [ParNew
Desired survivor size 17432576 bytes, new threshold 1 (max 6)
- age   1:   34856408 bytes,   34856408 total
: 305574K->34048K(306688K), 0.0384572 secs] 4634717K->4629241K(5208832K), 0.0386082 secs] [Times: user=0.13 sys=0.00, real=0.04 secs] 
2016-06-27T18:41:44.205+0300: 300.541: Total time for which application threads were stopped: 0.0404065 seconds, Stopping threads took: 0.0013929 seconds
2016-06-27T18:41:44.511+0300: 300.847: [GC (CMS Initial Mark) [1 CMS-initial-mark: 4595193K(4902144K)] 4880969K(5208832K), 0.0005081 secs] [Times: user=0.00 sys=0.00, real=0.00 secs] 
2016-06-27T18:41:44.511+0300: 300.848: Total time for which application threads were stopped: 0.0029581 seconds, Stopping threads took: 0.0020510 seconds
2016-06-27T18:41:44.512+0300: 300.848: [CMS-concurrent-mark-start]
2016-06-27T18:41:44.546+0300: 300.882: [GC (Allocation Failure) 2016-06-27T18:41:44.546+0300: 300.882: [ParNew
Desired survivor size 17432576 bytes, new threshold 1 (max 6)
- age   1:   34855672 bytes,   34855672 total
: 306416K->34048K(306688K), 0.0398933 secs] 4901610K->4896286K(5208832K), 0.0400729 secs] [Times: user=0.19 sys=0.00, real=0.04 secs] 
2016-06-27T18:41:44.586+0300: 300.922: Total time for which application threads were stopped: 0.0407324 seconds, Stopping threads took: 0.0002185 seconds
2016-06-27T18:41:44.596+0300: 300.933: [CMS-concurrent-mark: 0.044/0.085 secs] [Times: user=0.31 sys=0.00, real=0.08 secs] 
2016-06-27T18:41:44.596+0300: 300.933: [CMS-concurrent-preclean-start]
2016-06-27T18:41:44.607+0300: 300.943: [CMS-concurrent-preclean: 0.010/0.010 secs] [Times: user=0.06 sys=0.00, real=0.01 secs] 
2016-06-27T18:41:44.607+0300: 300.943: [CMS-concurrent-abortable-preclean-start]
2016-06-27T18:41:44.607+0300: 300.943: [CMS-concurrent-abortable-preclean: 0.000/0.000 secs] [Times: user=0.00 sys=0.00, real=0.00 secs] 
2016-06-27T18:41:44.621+0300: 300.957: [GC (CMS Final Remark) [YG occupancy: 59662 K (306688 K)]2016-06-27T18:41:44.621+0300: 300.957: [Rescan (parallel) , 0.0041209 secs]2016-06-27T18:41:44.625+0300: 300.962: [weak refs processing, 0.0000261 secs]2016-06-27T18:41:44.625+0300: 300.962: [class unloading, 0.0027348 secs]2016-06-27T18:41:44.628+0300: 300.964: [scrub symbol table, 0.0012128 secs]2016-06-27T18:41:44.629+0300: 300.966: [scrub string table, 0.0003177 secs][1 CMS-remark: 4862238K(4902144K)] 4921900K(5208832K), 0.0087498 secs] [Times: user=0.02 sys=0.02, real=0.01 secs] 
2016-06-27T18:41:44.630+0300: 300.966: Total time for which application threads were stopped: 0.0101619 seconds, Stopping threads took: 0.0010170 seconds
2016-06-27T18:41:44.631+0300: 300.968: [CMS-concurrent-sweep-start]
2016-06-27T18:41:44.638+0300: 300.974: [CMS-concurrent-sweep: 0.007/0.007 secs] [Times: user=0.00 sys=0.00, real=0.01 secs] 
2016-06-27T18:41:44.638+0300: 300.975: [CMS-concurrent-reset-start]
2016-06-27T18:41:44.643+0300: 300.980: [CMS-concurrent-reset: 0.006/0.006 secs] [Times: user=0.00 sys=0.00, real=0.00 secs] 
2016-06-27T18:41:44.929+0300: 301.266: [GC (Allocation Failure) 2016-06-27T18:41:44.930+0300: 301.266: [ParNew
Desired survivor size 17432576 bytes, new threshold 1 (max 6)
- age   1:   34845040 bytes,   34845040 total
: 306602K->34039K(306688K), 0.0381284 secs] 4208708K->4203188K(5208832K), 0.0382815 secs] [Times: user=0.13 sys=0.00, real=0.04 secs] 
2016-06-27T18:41:44.968+0300: 301.304: Total time for which application threads were stopped: 0.0403235 seconds, Stopping threads took: 0.0016084 seconds
2016-06-27T18:41:45.285+0300: 301.622: [GC (Allocation Failure) 2016-06-27T18:41:45.286+0300: 301.622: [ParNew
Desired survivor size 17432576 bytes, new threshold 1 (max 6)
- age   1:   34851216 bytes,   34851216 total
: 306295K->34046K(306688K), 0.0383627 secs] 4475444K->4470227K(5208832K), 0.0385248 secs] [Times: user=0.16 sys=0.00, real=0.04 secs] 
2016-06-27T18:41:45.324+0300: 301.661: Total time for which application threads were stopped: 0.0398805 seconds, Stopping threads took: 0.0008823 seconds
2016-06-27T18:41:45.647+0300: 301.983: [GC (Allocation Failure) 2016-06-27T18:41:45.648+0300: 301.984: [ParNew
Desired survivor size 17432576 bytes, new threshold 1 (max 6)
- age   1:   34844704 bytes,   34844704 total
: 306279K->34041K(306688K), 0.0374172 secs] 4742460K->4737260K(5208832K), 0.0387113 secs] [Times: user=0.13 sys=0.00, real=0.04 secs] 
2016-06-27T18:41:45.685+0300: 302.022: Total time for which application threads were stopped: 0.0405711 seconds, Stopping threads took: 0.0013574 seconds
2016-06-27T18:41:46.006+0300: 302.343: [GC (Allocation Failure) 2016-06-27T18:41:46.006+0300: 302.343: [ParNew: 305970K->305970K(306688K), 0.0000338 secs]2016-06-27T18:41:46.006+0300: 302.343: [CMS: 4703218K->3894161K(4902144K), 0.6920277 secs] 5009188K->3894161K(5208832K), [Metaspace: 9045K->9045K(1058816K)], 0.6922407 secs] [Times: user=0.69 sys=0.00, real=0.69 secs] 
2016-06-27T18:41:46.699+0300: 303.035: Total time for which application threads were stopped: 0.6965100 seconds, Stopping threads took: 0.0037039 seconds
2016-06-27T18:41:47.023+0300: 303.359: [GC (Allocation Failure) 2016-06-27T18:41:47.023+0300: 303.360: [ParNew
Desired survivor size 17432576 bytes, new threshold 1 (max 6)
- age   1:   34853288 bytes,   34853288 total
: 272347K->34048K(306688K), 0.0349736 secs] 4166509K->4161222K(5208832K), 0.0351549 secs] [Times: user=0.13 sys=0.00, real=0.04 secs] 
2016-06-27T18:41:47.059+0300: 303.395: Total time for which application threads were stopped: 0.0378833 seconds, Stopping threads took: 0.0021477 seconds
2016-06-27T18:41:47.379+0300: 303.716: [GC (Allocation Failure) 2016-06-27T18:41:47.385+0300: 303.722: [ParNew
Desired survivor size 17432576 bytes, new threshold 1 (max 6)
- age   1:   34850648 bytes,   34850648 total
: 306092K->34043K(306688K), 0.0387771 secs] 4433266K->4428257K(5208832K), 0.0447596 secs] [Times: user=0.13 sys=0.00, real=0.05 secs] 
2016-06-27T18:41:47.424+0300: 303.761: Total time for which application threads were stopped: 0.0458668 seconds, Stopping threads took: 0.0005820 seconds
2016-06-27T18:41:47.457+0300: 303.794: [GC (CMS Initial Mark) [1 CMS-initial-mark: 4394214K(4902144K)] 4457818K(5208832K), 0.0004957 secs] [Times: user=0.06 sys=0.00, real=0.00 secs] 
2016-06-27T18:41:47.458+0300: 303.794: Total time for which application threads were stopped: 0.0011350 seconds, Stopping threads took: 0.0001779 seconds
2016-06-27T18:41:47.458+0300: 303.794: [CMS-concurrent-mark-start]
2016-06-27T18:41:47.503+0300: 303.840: [CMS-concurrent-mark: 0.046/0.046 secs] [Times: user=0.13 sys=0.00, real=0.05 secs] 
2016-06-27T18:41:47.503+0300: 303.840: [CMS-concurrent-preclean-start]
2016-06-27T18:41:47.515+0300: 303.851: [CMS-concurrent-preclean: 0.011/0.011 secs] [Times: user=0.06 sys=0.00, real=0.01 secs] 
2016-06-27T18:41:47.515+0300: 303.851: [CMS-concurrent-abortable-preclean-start]
2016-06-27T18:41:47.781+0300: 304.117: [GC (Allocation Failure) 2016-06-27T18:41:47.781+0300: 304.117: [ParNew
Desired survivor size 17432576 bytes, new threshold 1 (max 6)
- age   1:   34861512 bytes,   34861512 total
: 306658K->34048K(306688K), 0.0380548 secs] 4700873K->4695325K(5208832K), 0.0382122 secs] [Times: user=0.19 sys=0.00, real=0.04 secs] 
2016-06-27T18:41:47.819+0300: 304.155: Total time for which application threads were stopped: 0.0396966 seconds, Stopping threads took: 0.0009207 seconds
2016-06-27T18:41:48.163+0300: 304.499: [CMS-concurrent-abortable-preclean: 0.087/0.648 secs] [Times: user=2.63 sys=0.00, real=0.65 secs] 
2016-06-27T18:41:48.170+0300: 304.506: [GC (Allocation Failure) 2016-06-27T18:41:48.170+0300: 304.506: [ParNew: 306422K->306422K(306688K), 0.0000338 secs]2016-06-27T18:41:48.170+0300: 304.506: [CMS (concurrent mode failure): 4661277K->3777190K(4902144K), 0.5875406 secs] 4967699K->3777190K(5208832K), [Metaspace: 9045K->9045K(1058816K)], 0.5877271 secs] [Times: user=0.59 sys=0.00, real=0.59 secs] 
2016-06-27T18:41:48.757+0300: 305.094: Total time for which application threads were stopped: 0.5888604 seconds, Stopping threads took: 0.0006047 seconds
2016-06-27T18:41:49.000+0300: 305.337: Total time for which application threads were stopped: 0.0021951 seconds, Stopping threads took: 0.0008040 seconds
2016-06-27T18:41:49.111+0300: 305.447: [GC (Allocation Failure) 2016-06-27T18:41:49.111+0300: 305.447: [ParNew
Desired survivor size 17432576 bytes, new threshold 1 (max 6)
- age   1:   34861360 bytes,   34861360 total
: 271682K->34048K(306688K), 0.0363032 secs] 4048872K->4042263K(5208832K), 0.0364545 secs] [Times: user=0.19 sys=0.00, real=0.04 secs] 
2016-06-27T18:41:49.147+0300: 305.483: Total time for which application threads were stopped: 0.0390448 seconds, Stopping threads took: 0.0020048 seconds
2016-06-27T18:41:49.494+0300: 305.830: [GC (Allocation Failure) 2016-06-27T18:41:49.494+0300: 305.830: [ParNew
Desired survivor size 17432576 bytes, new threshold 1 (max 6)
- age   1:   34840912 bytes,   34840912 total
: 306459K->34043K(306688K), 0.0417053 secs] 4314674K->4309306K(5208832K), 0.0418785 secs] [Times: user=0.13 sys=0.03, real=0.04 secs] 
2016-06-27T18:41:49.536+0300: 305.872: Total time for which application threads were stopped: 0.0432359 seconds, Stopping threads took: 0.0007420 seconds
2016-06-27T18:41:49.870+0300: 306.206: [GC (Allocation Failure) 2016-06-27T18:41:49.870+0300: 306.206: [ParNew
Desired survivor size 17432576 bytes, new threshold 1 (max 6)
- age   1:   34848984 bytes,   34848984 total
: 306306K->34044K(306688K), 0.0395503 secs] 4581569K->4576335K(5208832K), 0.0397556 secs] [Times: user=0.11 sys=0.00, real=0.04 secs] 
2016-06-27T18:41:49.910+0300: 306.246: Total time for which application threads were stopped: 0.0415240 seconds, Stopping threads took: 0.0011512 seconds
2016-06-27T18:41:50.315+0300: 306.651: [GC (Allocation Failure) 2016-06-27T18:41:50.315+0300: 306.651: [ParNew
Desired survivor size 17432576 bytes, new threshold 1 (max 6)
- age   1:   34864904 bytes,   34864904 total
: 306684K->34048K(306688K), 0.0399955 secs] 4848975K->4843419K(5208832K), 0.0401593 secs] [Times: user=0.17 sys=0.00, real=0.04 secs] 
2016-06-27T18:41:50.355+0300: 306.691: Total time for which application threads were stopped: 0.0443580 seconds, Stopping threads took: 0.0036812 seconds
2016-06-27T18:41:50.439+0300: 306.776: Total time for which application threads were stopped: 0.0019095 seconds, Stopping threads took: 0.0007052 seconds
2016-06-27T18:41:50.757+0300: 307.093: [GC (Allocation Failure) 2016-06-27T18:41:50.757+0300: 307.093: [ParNew: 306688K->306688K(306688K), 0.0000488 secs]2016-06-27T18:41:50.757+0300: 307.093: [CMS: 4809371K->3819273K(4902144K), 0.6727401 secs] 5116059K->3819273K(5208832K), [Metaspace: 9047K->9047K(1058816K)], 0.6729731 secs] [Times: user=0.66 sys=0.00, real=0.67 secs] 
2016-06-27T18:41:51.430+0300: 307.766: Total time for which application threads were stopped: 0.6770850 seconds, Stopping threads took: 0.0036671 seconds
2016-06-27T18:41:51.439+0300: 307.775: Total time for which application threads were stopped: 0.0008643 seconds, Stopping threads took: 0.0001629 seconds
2016-06-27T18:41:51.828+0300: 308.164: [GC (Allocation Failure) 2016-06-27T18:41:51.828+0300: 308.164: [ParNew
Desired survivor size 17432576 bytes, new threshold 1 (max 6)
- age   1:   34859176 bytes,   34859176 total
: 271961K->34048K(306688K), 0.0387771 secs] 4091234K->4084333K(5208832K), 0.0389024 secs] [Times: user=0.19 sys=0.00, real=0.04 secs] 
2016-06-27T18:41:51.867+0300: 308.203: Total time for which application threads were stopped: 0.0403193 seconds, Stopping threads took: 0.0010627 seconds
2016-06-27T18:41:52.245+0300: 308.581: [GC (Allocation Failure) 2016-06-27T18:41:52.245+0300: 308.581: [ParNew
Desired survivor size 17432576 bytes, new threshold 1 (max 6)
- age   1:   34855488 bytes,   34855488 total
: 306289K->34048K(306688K), 0.0408517 secs] 4356575K->4350402K(5208832K), 0.0410527 secs] [Times: user=0.14 sys=0.00, real=0.04 secs] 
2016-06-27T18:41:52.286+0300: 308.622: Total time for which application threads were stopped: 0.0424165 seconds, Stopping threads took: 0.0008485 seconds
2016-06-27T18:41:52.440+0300: 308.777: Total time for which application threads were stopped: 0.0022336 seconds, Stopping threads took: 0.0011726 seconds
2016-06-27T18:41:52.738+0300: 309.075: [GC (Allocation Failure) 2016-06-27T18:41:52.738+0300: 309.075: [ParNew
Desired survivor size 17432576 bytes, new threshold 1 (max 6)
- age   1:   34859320 bytes,   34859320 total
: 306688K->34048K(306688K), 0.0437439 secs] 4623042K->4615445K(5208832K), 0.0439556 secs] [Times: user=0.19 sys=0.00, real=0.04 secs] 
2016-06-27T18:41:52.782+0300: 309.119: Total time for which application threads were stopped: 0.0453472 seconds, Stopping threads took: 0.0009524 seconds
2016-06-27T18:41:53.187+0300: 309.523: [GC (Allocation Failure) 2016-06-27T18:41:53.187+0300: 309.524: [ParNew
Desired survivor size 17432576 bytes, new threshold 1 (max 6)
- age   1:   34855856 bytes,   34855856 total
: 305913K->34048K(306688K), 0.0428497 secs] 4887311K->4881493K(5208832K), 0.0430455 secs] [Times: user=0.17 sys=0.00, real=0.04 secs] 
2016-06-27T18:41:53.230+0300: 309.567: Total time for which application threads were stopped: 0.0460036 seconds, Stopping threads took: 0.0024539 seconds
2016-06-27T18:41:53.446+0300: 309.783: Total time for which application threads were stopped: 0.0083021 seconds, Stopping threads took: 0.0072415 seconds
2016-06-27T18:41:53.720+0300: 310.056: [GC (Allocation Failure) 2016-06-27T18:41:53.720+0300: 310.056: [ParNew: 306688K->306688K(306688K), 0.0000509 secs]2016-06-27T18:41:53.720+0300: 310.056: [CMS: 4847445K->3706322K(4902144K), 0.7673997 secs] 5154133K->3706322K(5208832K), [Metaspace: 9047K->9047K(1058816K)], 0.7676528 secs] [Times: user=0.74 sys=0.03, real=0.77 secs] 
2016-06-27T18:41:54.487+0300: 310.824: Total time for which application threads were stopped: 0.7705673 seconds, Stopping threads took: 0.0024821 seconds
2016-06-27T18:41:54.491+0300: 310.828: Total time for which application threads were stopped: 0.0011102 seconds, Stopping threads took: 0.0000778 seconds
2016-06-27T18:41:54.501+0300: 310.837: Total time for which application threads were stopped: 0.0003327 seconds, Stopping threads took: 0.0000800 seconds
2016-06-27T18:41:54.838+0300: 311.175: [GC (Allocation Failure) 2016-06-27T18:41:54.838+0300: 311.175: [ParNew
Desired survivor size 17432576 bytes, new threshold 1 (max 6)
- age   1:   34861184 bytes,   34861184 total
: 272583K->34048K(306688K), 0.0372795 secs] 3978906K->3973387K(5208832K), 0.0374437 secs] [Times: user=0.13 sys=0.00, real=0.04 secs] 
2016-06-27T18:41:54.876+0300: 311.212: Total time for which application threads were stopped: 0.0404925 seconds, Stopping threads took: 0.0026553 seconds
2016-06-27T18:41:55.208+0300: 311.545: [GC (Allocation Failure) 2016-06-27T18:41:55.208+0300: 311.545: [ParNew
Desired survivor size 17432576 bytes, new threshold 1 (max 6)
- age   1:   34855488 bytes,   34855488 total
: 305708K->34048K(306688K), 0.0404839 secs] 4245047K->4240439K(5208832K), 0.0407208 secs] [Times: user=0.13 sys=0.00, real=0.04 secs] 
2016-06-27T18:41:55.249+0300: 311.585: Total time for which application threads were stopped: 0.0431837 seconds, Stopping threads took: 0.0020309 seconds
2016-06-27T18:41:55.441+0300: 311.778: Total time for which application threads were stopped: 0.0029991 seconds, Stopping threads took: 0.0019206 seconds
2016-06-27T18:41:55.607+0300: 311.944: [GC (Allocation Failure) 2016-06-27T18:41:55.608+0300: 311.944: [ParNew
Desired survivor size 17432576 bytes, new threshold 1 (max 6)
- age   1:   34849976 bytes,   34849976 total
: 306563K->34048K(306688K), 0.0406049 secs] 4512955K->4508484K(5208832K), 0.0408478 secs] [Times: user=0.19 sys=0.00, real=0.04 secs] 
2016-06-27T18:41:55.648+0300: 311.985: Total time for which application threads were stopped: 0.0433415 seconds, Stopping threads took: 0.0020690 seconds
2016-06-27T18:41:56.002+0300: 312.338: [GC (Allocation Failure) 2016-06-27T18:41:56.002+0300: 312.338: [ParNew
Desired survivor size 17432576 bytes, new threshold 1 (max 6)
- age   1:   34862560 bytes,   34862560 total
: 306365K->34048K(306688K), 0.0390855 secs] 4780801K->4775529K(5208832K), 0.0392570 secs] [Times: user=0.17 sys=0.00, real=0.04 secs] 
2016-06-27T18:41:56.041+0300: 312.377: Total time for which application threads were stopped: 0.0419409 seconds, Stopping threads took: 0.0022610 seconds
2016-06-27T18:41:56.398+0300: 312.735: [GC (Allocation Failure) 2016-06-27T18:41:56.398+0300: 312.735: [ParNew: 306177K->306177K(306688K), 0.0000381 secs]2016-06-27T18:41:56.398+0300: 312.735: [CMS: 4741481K->3782397K(4902144K), 0.6195159 secs] 5047658K->3782397K(5208832K), [Metaspace: 9047K->9047K(1058816K)], 0.6197122 secs] [Times: user=0.61 sys=0.00, real=0.62 secs] 
2016-06-27T18:41:57.018+0300: 313.355: Total time for which application threads were stopped: 0.6268947 seconds, Stopping threads took: 0.0067385 seconds
2016-06-27T18:41:57.360+0300: 313.697: [GC (Allocation Failure) 2016-06-27T18:41:57.360+0300: 313.697: [ParNew
Desired survivor size 17432576 bytes, new threshold 1 (max 6)
- age   1:   34846032 bytes,   34846032 total
: 272070K->34042K(306688K), 0.0369156 secs] 4054468K->4049452K(5208832K), 0.0370866 secs] [Times: user=0.19 sys=0.00, real=0.04 secs] 
2016-06-27T18:41:57.397+0300: 313.734: Total time for which application threads were stopped: 0.0382982 seconds, Stopping threads took: 0.0006334 seconds
2016-06-27T18:41:57.727+0300: 314.064: [GC (Allocation Failure) 2016-06-27T18:41:57.727+0300: 314.064: [ParNew
Desired survivor size 17432576 bytes, new threshold 1 (max 6)
- age   1:   34846704 bytes,   34846704 total
: 306209K->34048K(306688K), 0.0406447 secs] 4321618K->4316490K(5208832K), 0.0408235 secs] [Times: user=0.13 sys=0.00, real=0.04 secs] 
2016-06-27T18:41:57.769+0300: 314.105: Total time for which application threads were stopped: 0.0445693 seconds, Stopping threads took: 0.0025813 seconds
2016-06-27T18:41:58.103+0300: 314.439: [GC (Allocation Failure) 2016-06-27T18:41:58.103+0300: 314.439: [ParNew
Desired survivor size 17432576 bytes, new threshold 1 (max 6)
- age   1:   34848240 bytes,   34848240 total
: 305804K->34045K(306688K), 0.0405113 secs] 4588246K->4583521K(5208832K), 0.0406639 secs] [Times: user=0.13 sys=0.00, real=0.04 secs] 
2016-06-27T18:41:58.143+0300: 314.480: Total time for which application threads were stopped: 0.0425170 seconds, Stopping threads took: 0.0013450 seconds
2016-06-27T18:41:58.288+0300: 314.624: Total time for which application threads were stopped: 0.0038865 seconds, Stopping threads took: 0.0027147 seconds
2016-06-27T18:41:58.441+0300: 314.777: Total time for which application threads were stopped: 0.0019223 seconds, Stopping threads took: 0.0007800 seconds
2016-06-27T18:41:58.532+0300: 314.868: [GC (Allocation Failure) 2016-06-27T18:41:58.532+0300: 314.868: [ParNew
Desired survivor size 17432576 bytes, new threshold 1 (max 6)
- age   1:   34859816 bytes,   34859816 total
: 306685K->34046K(306688K), 0.0396076 secs] 4856161K->4847615K(5208832K), 0.0398163 secs] [Times: user=0.19 sys=0.00, real=0.04 secs] 
2016-06-27T18:41:58.572+0300: 314.908: Total time for which application threads were stopped: 0.0406917 seconds, Stopping threads took: 0.0003686 seconds
2016-06-27T18:41:58.903+0300: 315.239: [GC (Allocation Failure) 2016-06-27T18:41:58.903+0300: 315.239: [ParNew: 306460K->306460K(306688K), 0.0000440 secs]2016-06-27T18:41:58.903+0300: 315.239: [CMS: 4813568K->3764444K(4902144K), 0.6009857 secs] 5120029K->3764444K(5208832K), [Metaspace: 9047K->9047K(1058816K)], 0.6012093 secs] [Times: user=0.59 sys=0.00, real=0.60 secs] 
2016-06-27T18:41:59.504+0300: 315.841: Total time for which application threads were stopped: 0.6042487 seconds, Stopping threads took: 0.0025608 seconds
2016-06-27T18:41:59.862+0300: 316.199: [GC (Allocation Failure) 2016-06-27T18:41:59.862+0300: 316.199: [ParNew
Desired survivor size 17432576 bytes, new threshold 1 (max 6)
- age   1:   34854200 bytes,   34854200 total
: 272640K->34048K(306688K), 0.0366179 secs] 4037084K->4031506K(5208832K), 0.0367372 secs] [Times: user=0.19 sys=0.00, real=0.04 secs] 
2016-06-27T18:41:59.899+0300: 316.235: Total time for which application threads were stopped: 0.0379415 seconds, Stopping threads took: 0.0008365 seconds
2016-06-27T18:42:00.228+0300: 316.565: [GC (Allocation Failure) 2016-06-27T18:42:00.228+0300: 316.565: [ParNew
Desired survivor size 17432576 bytes, new threshold 1 (max 6)
- age   1:   34849024 bytes,   34849024 total
: 306048K->34047K(306688K), 0.0391984 secs] 4303506K->4298546K(5208832K), 0.0393737 secs] [Times: user=0.13 sys=0.00, real=0.04 secs] 
2016-06-27T18:42:00.268+0300: 316.604: Total time for which application threads were stopped: 0.0404732 seconds, Stopping threads took: 0.0006299 seconds
2016-06-27T18:42:00.371+0300: 316.707: Total time for which application threads were stopped: 0.0054671 seconds, Stopping threads took: 0.0042162 seconds
2016-06-27T18:42:00.443+0300: 316.779: Total time for which application threads were stopped: 0.0034195 seconds, Stopping threads took: 0.0020254 seconds
2016-06-27T18:42:00.646+0300: 316.982: [GC (Allocation Failure) 2016-06-27T18:42:00.646+0300: 316.982: [ParNew
Desired survivor size 17432576 bytes, new threshold 1 (max 6)
- age   1:   34864960 bytes,   34864960 total
: 306687K->34048K(306688K), 0.0398399 secs] 4571186K->4565621K(5208832K), 0.0400118 secs] [Times: user=0.13 sys=0.00, real=0.04 secs] 
2016-06-27T18:42:00.686+0300: 317.023: Total time for which application threads were stopped: 0.0440920 seconds, Stopping threads took: 0.0032425 seconds
2016-06-27T18:42:01.055+0300: 317.391: [GC (Allocation Failure) 2016-06-27T18:42:01.055+0300: 317.392: [ParNew
Desired survivor size 17432576 bytes, new threshold 1 (max 6)
- age   1:   34849368 bytes,   34849368 total
: 306688K->34044K(306688K), 0.0398219 secs] 4838261K->4832669K(5208832K), 0.0403453 secs] [Times: user=0.13 sys=0.00, real=0.04 secs] 
2016-06-27T18:42:01.095+0300: 317.432: Total time for which application threads were stopped: 0.0424892 seconds, Stopping threads took: 0.0015815 seconds
2016-06-27T18:42:01.433+0300: 317.769: [GC (Allocation Failure) 2016-06-27T18:42:01.433+0300: 317.769: [ParNew: 306397K->306397K(306688K), 0.0000351 secs]2016-06-27T18:42:01.433+0300: 317.769: [CMS: 4798625K->3764489K(4902144K), 0.6936900 secs] 5105022K->3764489K(5208832K), [Metaspace: 9047K->9047K(1058816K)], 0.6939120 secs] [Times: user=0.67 sys=0.00, real=0.69 secs] 
2016-06-27T18:42:02.127+0300: 318.463: Total time for which application threads were stopped: 0.6986666 seconds, Stopping threads took: 0.0042654 seconds
2016-06-27T18:42:02.486+0300: 318.823: Total time for which application threads were stopped: 0.0018971 seconds, Stopping threads took: 0.0009892 seconds
2016-06-27T18:42:02.538+0300: 318.874: [GC (Allocation Failure) 2016-06-27T18:42:02.538+0300: 318.874: [ParNew
Desired survivor size 17432576 bytes, new threshold 1 (max 6)
- age   1:   34857016 bytes,   34857016 total
: 272640K->34048K(306688K), 0.0367757 secs] 4037129K->4031555K(5208832K), 0.0369245 secs] [Times: user=0.13 sys=0.00, real=0.04 secs] 
2016-06-27T18:42:02.575+0300: 318.911: Total time for which application threads were stopped: 0.0373667 seconds, Stopping threads took: 0.0000902 seconds
2016-06-27T18:42:02.899+0300: 319.235: [GC (Allocation Failure) 2016-06-27T18:42:02.899+0300: 319.236: [ParNew
Desired survivor size 17432576 bytes, new threshold 1 (max 6)
- age   1:   34844344 bytes,   34844344 total
: 305715K->34038K(306688K), 0.0384119 secs] 4303223K->4297587K(5208832K), 0.0385834 secs] [Times: user=0.13 sys=0.00, real=0.04 secs] 
2016-06-27T18:42:02.938+0300: 319.274: Total time for which application threads were stopped: 0.0413212 seconds, Stopping threads took: 0.0023226 seconds
2016-06-27T18:42:03.278+0300: 319.615: [GC (Allocation Failure) 2016-06-27T18:42:03.278+0300: 319.615: [ParNew
Desired survivor size 17432576 bytes, new threshold 1 (max 6)
- age   1:   34847536 bytes,   34847536 total
: 305870K->34045K(306688K), 0.0405126 secs] 4569418K->4564624K(5208832K), 0.0406870 secs] [Times: user=0.19 sys=0.00, real=0.04 secs] 
2016-06-27T18:42:03.319+0300: 319.655: Total time for which application threads were stopped: 0.0421180 seconds, Stopping threads took: 0.0009579 seconds
2016-06-27T18:42:03.442+0300: 319.779: Total time for which application threads were stopped: 0.0020891 seconds, Stopping threads took: 0.0010862 seconds
2016-06-27T18:42:03.681+0300: 320.017: [GC (Allocation Failure) 2016-06-27T18:42:03.681+0300: 320.017: [ParNew
Desired survivor size 17432576 bytes, new threshold 1 (max 6)
- age   1:   34853336 bytes,   34853336 total
: 305801K->34048K(306688K), 0.0379385 secs] 4836380K->4831661K(5208832K), 0.0380860 secs] [Times: user=0.13 sys=0.00, real=0.04 secs] 
2016-06-27T18:42:03.719+0300: 320.055: Total time for which application threads were stopped: 0.0414277 seconds, Stopping threads took: 0.0029110 seconds
2016-06-27T18:42:04.051+0300: 320.387: [GC (Allocation Failure) 2016-06-27T18:42:04.052+0300: 320.389: [ParNew: 306141K->306141K(306688K), 0.0000569 secs]2016-06-27T18:42:04.052+0300: 320.389: [CMS: 4797613K->3733486K(4902144K), 0.6146582 secs] 5103755K->3733486K(5208832K), [Metaspace: 9047K->9047K(1058816K)], 0.6161058 secs] [Times: user=0.61 sys=0.00, real=0.62 secs] 
2016-06-27T18:42:04.667+0300: 321.004: Total time for which application threads were stopped: 0.6176437 seconds, Stopping threads took: 0.0010229 seconds
2016-06-27T18:42:04.940+0300: 321.277: Total time for which application threads were stopped: 0.0021015 seconds, Stopping threads took: 0.0011230 seconds
2016-06-27T18:42:05.080+0300: 321.416: [GC (Allocation Failure) 2016-06-27T18:42:05.080+0300: 321.416: [ParNew
Desired survivor size 17432576 bytes, new threshold 1 (max 6)
- age   1:   34852944 bytes,   34852944 total
: 272640K->34048K(306688K), 0.0382058 secs] 4006126K->3999548K(5208832K), 0.0383610 secs] [Times: user=0.19 sys=0.00, real=0.04 secs] 
2016-06-27T18:42:05.118+0300: 321.454: Total time for which application threads were stopped: 0.0436071 seconds, Stopping threads took: 0.0048641 seconds
2016-06-27T18:42:05.443+0300: 321.779: Total time for which application threads were stopped: 0.0020574 seconds, Stopping threads took: 0.0009383 seconds
2016-06-27T18:42:05.495+0300: 321.832: [GC (Allocation Failure) 2016-06-27T18:42:05.495+0300: 321.832: [ParNew
Desired survivor size 17432576 bytes, new threshold 1 (max 6)
- age   1:   34852144 bytes,   34852144 total
: 305883K->34048K(306688K), 0.0418118 secs] 4271384K->4265588K(5208832K), 0.0419803 secs] [Times: user=0.19 sys=0.00, real=0.04 secs] 
2016-06-27T18:42:05.537+0300: 321.874: Total time for which application threads were stopped: 0.0432735 seconds, Stopping threads took: 0.0009276 seconds
2016-06-27T18:42:05.939+0300: 322.276: [GC (Allocation Failure) 2016-06-27T18:42:05.944+0300: 322.280: [ParNew
Desired survivor size 17432576 bytes, new threshold 1 (max 6)
- age   1:   34861232 bytes,   34861232 total
: 306231K->34048K(306688K), 0.0417831 secs] 4537772K->4532744K(5208832K), 0.0461067 secs] [Times: user=0.14 sys=0.00, real=0.05 secs] 
2016-06-27T18:42:05.986+0300: 322.322: Total time for which application threads were stopped: 0.0484490 seconds, Stopping threads took: 0.0019343 seconds
2016-06-27T18:42:06.320+0300: 322.656: [GC (Allocation Failure) 2016-06-27T18:42:06.320+0300: 322.656: [ParNew
Desired survivor size 17432576 bytes, new threshold 1 (max 6)
- age   1:   34848984 bytes,   34848984 total
: 306152K->34048K(306688K), 0.0420414 secs] 4804849K->4799797K(5208832K), 0.0422223 secs] [Times: user=0.13 sys=0.00, real=0.04 secs] 
2016-06-27T18:42:06.362+0300: 322.698: Total time for which application threads were stopped: 0.0439770 seconds, Stopping threads took: 0.0013360 seconds
2016-06-27T18:42:06.445+0300: 322.781: Total time for which application threads were stopped: 0.0035568 seconds, Stopping threads took: 0.0026463 seconds
2016-06-27T18:42:06.672+0300: 323.008: [GC (CMS Initial Mark) [1 CMS-initial-mark: 4765749K(4902144K)] 5034013K(5208832K), 0.0010118 secs] [Times: user=0.00 sys=0.00, real=0.00 secs] 
2016-06-27T18:42:06.673+0300: 323.009: Total time for which application threads were stopped: 0.0089970 seconds, Stopping threads took: 0.0075930 seconds
2016-06-27T18:42:06.673+0300: 323.009: [CMS-concurrent-mark-start]
2016-06-27T18:42:06.719+0300: 323.055: [CMS-concurrent-mark: 0.046/0.046 secs] [Times: user=0.17 sys=0.00, real=0.05 secs] 
2016-06-27T18:42:06.719+0300: 323.055: [CMS-concurrent-preclean-start]
2016-06-27T18:42:06.729+0300: 323.066: [CMS-concurrent-preclean: 0.010/0.010 secs] [Times: user=0.06 sys=0.00, real=0.01 secs] 
2016-06-27T18:42:06.729+0300: 323.066: [CMS-concurrent-abortable-preclean-start]
2016-06-27T18:42:06.729+0300: 323.066: [CMS-concurrent-abortable-preclean: 0.000/0.000 secs] [Times: user=0.00 sys=0.00, real=0.00 secs] 
2016-06-27T18:42:06.738+0300: 323.074: [GC (Allocation Failure) 2016-06-27T18:42:06.738+0300: 323.074: [ParNew: 306225K->306225K(306688K), 0.0000299 secs]2016-06-27T18:42:06.738+0300: 323.074: [CMS (concurrent mode failure): 4765749K->3776603K(4902144K), 0.5965808 secs] 5071975K->3776603K(5208832K), [Metaspace: 9048K->9048K(1058816K)], 0.5967617 secs] [Times: user=0.59 sys=0.00, real=0.59 secs] 
2016-06-27T18:42:07.323+0300: 323.671: Total time for which application threads were stopped: 0.5976611 seconds, Stopping threads took: 0.0005140 seconds
2016-06-27T18:42:07.675+0300: 324.011: [GC (Allocation Failure) 2016-06-27T18:42:07.675+0300: 324.012: [ParNew
Desired survivor size 17432576 bytes, new threshold 1 (max 6)
- age   1:   34850000 bytes,   34850000 total
: 272338K->34048K(306688K), 0.0357168 secs] 4048941K->4043663K(5208832K), 0.0358618 secs] [Times: user=0.19 sys=0.00, real=0.04 secs] 
2016-06-27T18:42:07.711+0300: 324.047: Total time for which application threads were stopped: 0.0369806 seconds, Stopping threads took: 0.0006821 seconds
2016-06-27T18:42:08.039+0300: 324.376: [GC (Allocation Failure) 2016-06-27T18:42:08.039+0300: 324.376: [ParNew
Desired survivor size 17432576 bytes, new threshold 1 (max 6)
- age   1:   34847128 bytes,   34847128 total
: 306347K->34033K(306688K), 0.0400447 secs] 4315963K->4310685K(5208832K), 0.0401918 secs] [Times: user=0.13 sys=0.00, real=0.04 secs] 
2016-06-27T18:42:08.080+0300: 324.416: Total time for which application threads were stopped: 0.0414534 seconds, Stopping threads took: 0.0007976 seconds
2016-06-27T18:42:08.416+0300: 324.753: [GC (Allocation Failure) 2016-06-27T18:42:08.416+0300: 324.753: [ParNew
Desired survivor size 17432576 bytes, new threshold 1 (max 6)
- age   1:   34850112 bytes,   34850112 total
: 306617K->34046K(306688K), 0.0395713 secs] 4583270K->4577732K(5208832K), 0.0397261 secs] [Times: user=0.13 sys=0.00, real=0.04 secs] 
2016-06-27T18:42:08.456+0300: 324.793: Total time for which application threads were stopped: 0.0414406 seconds, Stopping threads took: 0.0012180 seconds
2016-06-27T18:42:08.797+0300: 325.134: [GC (Allocation Failure) 2016-06-27T18:42:08.803+0300: 325.139: [ParNew
Desired survivor size 17432576 bytes, new threshold 1 (max 6)
- age   1:   34864368 bytes,   34864368 total
: 306686K->34048K(306688K), 0.0391941 secs] 4850372K->4844807K(5208832K), 0.0443465 secs] [Times: user=0.13 sys=0.00, real=0.05 secs] 
2016-06-27T18:42:08.842+0300: 325.178: Total time for which application threads were stopped: 0.0458240 seconds, Stopping threads took: 0.0010409 seconds
2016-06-27T18:42:09.178+0300: 325.514: [GC (Allocation Failure) 2016-06-27T18:42:09.178+0300: 325.514: [ParNew: 305880K->305880K(306688K), 0.0000556 secs]2016-06-27T18:42:09.178+0300: 325.514: [CMS: 4810759K->3850650K(4902144K), 0.7162419 secs] 5116639K->3850650K(5208832K), [Metaspace: 9049K->9049K(1058816K)], 0.7164814 secs] [Times: user=0.69 sys=0.02, real=0.71 secs] 
2016-06-27T18:42:09.885+0300: 326.231: Total time for which application threads were stopped: 0.7200455 seconds, Stopping threads took: 0.0030475 seconds
2016-06-27T18:42:10.240+0300: 326.576: [GC (Allocation Failure) 2016-06-27T18:42:10.245+0300: 326.581: [ParNew
Desired survivor size 17432576 bytes, new threshold 1 (max 6)
- age   1:   34848704 bytes,   34848704 total
: 272134K->34043K(306688K), 0.0370639 secs] 4122784K->4117705K(5208832K), 0.0419738 secs] [Times: user=0.13 sys=0.00, real=0.04 secs] 
2016-06-27T18:42:10.282+0300: 326.618: Total time for which application threads were stopped: 0.0493804 seconds, Stopping threads took: 0.0067826 seconds
2016-06-27T18:42:10.650+0300: 326.987: [GC (Allocation Failure) 2016-06-27T18:42:10.650+0300: 326.987: [ParNew
Desired survivor size 17432576 bytes, new threshold 1 (max 6)
- age   1:   34846352 bytes,   34846352 total
: 306626K->34043K(306688K), 0.0426927 secs] 4390288K->4384740K(5208832K), 0.0428625 secs] [Times: user=0.16 sys=0.02, real=0.04 secs] 
2016-06-27T18:42:10.693+0300: 327.030: Total time for which application threads were stopped: 0.0486166 seconds, Stopping threads took: 0.0052084 seconds
2016-06-27T18:42:11.023+0300: 327.360: [GC (Allocation Failure) 2016-06-27T18:42:11.023+0300: 327.360: [ParNew
Desired survivor size 17432576 bytes, new threshold 1 (max 6)
- age   1:   34845544 bytes,   34845544 total
: 306119K->34038K(306688K), 0.0393348 secs] 4656816K->4651769K(5208832K), 0.0394960 secs] [Times: user=0.13 sys=0.00, real=0.04 secs] 
2016-06-27T18:42:11.063+0300: 327.399: Total time for which application threads were stopped: 0.0425709 seconds, Stopping threads took: 0.0025099 seconds
2016-06-27T18:42:11.157+0300: 327.493: [GC (CMS Initial Mark) [1 CMS-initial-mark: 4617730K(4902144K)] 4725200K(5208832K), 0.0005089 secs] [Times: user=0.00 sys=0.00, real=0.00 secs] 
2016-06-27T18:42:11.157+0300: 327.494: Total time for which application threads were stopped: 0.0019210 seconds, Stopping threads took: 0.0008724 seconds
2016-06-27T18:42:11.157+0300: 327.494: [CMS-concurrent-mark-start]
2016-06-27T18:42:11.203+0300: 327.539: [CMS-concurrent-mark: 0.046/0.046 secs] [Times: user=0.17 sys=0.00, real=0.05 secs] 
2016-06-27T18:42:11.203+0300: 327.540: [CMS-concurrent-preclean-start]
2016-06-27T18:42:11.213+0300: 327.550: [CMS-concurrent-preclean: 0.010/0.010 secs] [Times: user=0.06 sys=0.00, real=0.01 secs] 
2016-06-27T18:42:11.213+0300: 327.550: [CMS-concurrent-abortable-preclean-start]
2016-06-27T18:42:11.317+0300: 327.653: Total time for which application threads were stopped: 0.0093746 seconds, Stopping threads took: 0.0088918 seconds
2016-06-27T18:42:11.540+0300: 327.876: [CMS-concurrent-abortable-preclean: 0.033/0.326 secs] [Times: user=1.09 sys=0.00, real=0.33 secs] 
2016-06-27T18:42:11.542+0300: 327.878: [GC (Allocation Failure) 2016-06-27T18:42:11.542+0300: 327.879: [ParNew: 306678K->306678K(306688K), 0.0000342 secs]2016-06-27T18:42:11.542+0300: 327.879: [CMS (concurrent mode failure): 4617730K->3927655K(4902144K), 0.6444430 secs] 4924409K->3927655K(5208832K), [Metaspace: 9050K->9050K(1058816K)], 0.6446325 secs] [Times: user=0.64 sys=0.00, real=0.64 secs] 
2016-06-27T18:42:12.179+0300: 328.523: Total time for which application threads were stopped: 0.6522576 seconds, Stopping threads took: 0.0071594 seconds
2016-06-27T18:42:12.590+0300: 328.926: [GC (Allocation Failure) 2016-06-27T18:42:12.590+0300: 328.926: [ParNew
Desired survivor size 17432576 bytes, new threshold 1 (max 6)
- age   1:   34849120 bytes,   34849120 total
: 272640K->34043K(306688K), 0.0337300 secs] 4200295K->4182710K(5208832K), 0.0339104 secs] [Times: user=0.13 sys=0.00, real=0.03 secs] 
2016-06-27T18:42:12.624+0300: 328.960: Total time for which application threads were stopped: 0.0347871 seconds, Stopping threads took: 0.0005038 seconds
2016-06-27T18:42:12.963+0300: 329.300: [GC (Allocation Failure) 2016-06-27T18:42:12.963+0300: 329.300: [ParNew
Desired survivor size 17432576 bytes, new threshold 1 (max 6)
- age   1:   34846912 bytes,   34846912 total
: 306418K->34039K(306688K), 0.0392334 secs] 4455085K->4437742K(5208832K), 0.0394533 secs] [Times: user=0.13 sys=0.00, real=0.04 secs] 
2016-06-27T18:42:13.003+0300: 329.339: Total time for which application threads were stopped: 0.0400746 seconds, Stopping threads took: 0.0001963 seconds
2016-06-27T18:42:13.338+0300: 329.674: Total time for which application threads were stopped: 0.0041196 seconds, Stopping threads took: 0.0030607 seconds
2016-06-27T18:42:13.339+0300: 329.675: Total time for which application threads were stopped: 0.0009186 seconds, Stopping threads took: 0.0000248 seconds
2016-06-27T18:42:13.340+0300: 329.677: Total time for which application threads were stopped: 0.0007959 seconds, Stopping threads took: 0.0000351 seconds
2016-06-27T18:42:13.389+0300: 329.726: [GC (Allocation Failure) 2016-06-27T18:42:13.389+0300: 329.726: [ParNew
Desired survivor size 17432576 bytes, new threshold 1 (max 6)
- age   1:   34849496 bytes,   34849496 total
: 306066K->34045K(306688K), 0.0394545 secs] 4709769K->4701781K(5208832K), 0.0396294 secs] [Times: user=0.17 sys=0.00, real=0.04 secs] 
2016-06-27T18:42:13.429+0300: 329.765: Total time for which application threads were stopped: 0.0403595 seconds, Stopping threads took: 0.0003455 seconds
2016-06-27T18:42:13.741+0300: 330.077: [GC (Allocation Failure) 2016-06-27T18:42:13.741+0300: 330.078: [ParNew: 306177K->306177K(306688K), 0.0000261 secs]2016-06-27T18:42:13.741+0300: 330.078: [CMS: 4667735K->4053671K(4902144K), 0.6235833 secs] 4973912K->4053671K(5208832K), [Metaspace: 9050K->9050K(1058816K)], 0.6237510 secs] [Times: user=0.63 sys=0.00, real=0.62 secs] 
2016-06-27T18:42:14.365+0300: 330.701: Total time for which application threads were stopped: 0.6263973 seconds, Stopping threads took: 0.0022559 seconds
2016-06-27T18:42:14.367+0300: 330.704: Total time for which application threads were stopped: 0.0006222 seconds, Stopping threads took: 0.0000800 seconds
2016-06-27T18:42:14.711+0300: 331.047: [GC (Allocation Failure) 2016-06-27T18:42:14.711+0300: 331.047: [ParNew
Desired survivor size 17432576 bytes, new threshold 1 (max 6)
- age   1:   34857496 bytes,   34857496 total
: 271930K->34048K(306688K), 0.0353559 secs] 4325602K->4317733K(5208832K), 0.0355364 secs] [Times: user=0.13 sys=0.00, real=0.04 secs] 
2016-06-27T18:42:14.747+0300: 331.083: Total time for which application threads were stopped: 0.0366979 seconds, Stopping threads took: 0.0007505 seconds
2016-06-27T18:42:15.007+0300: 331.344: Total time for which application threads were stopped: 0.0015053 seconds, Stopping threads took: 0.0006526 seconds
2016-06-27T18:42:15.108+0300: 331.445: [GC (Allocation Failure) 2016-06-27T18:42:15.108+0300: 331.445: [ParNew
Desired survivor size 17432576 bytes, new threshold 1 (max 6)
- age   1:   34846184 bytes,   34846184 total
: 306688K->34047K(306688K), 0.0401503 secs] 4590373K->4583776K(5208832K), 0.0403000 secs] [Times: user=0.17 sys=0.00, real=0.04 secs] 
2016-06-27T18:42:15.149+0300: 331.485: Total time for which application threads were stopped: 0.0407495 seconds, Stopping threads took: 0.0001471 seconds
2016-06-27T18:42:15.363+0300: 331.699: [GC (CMS Initial Mark) [1 CMS-initial-mark: 4549728K(4902144K)] 4759695K(5208832K), 0.0004255 secs] [Times: user=0.00 sys=0.00, real=0.00 secs] 
2016-06-27T18:42:15.363+0300: 331.700: Total time for which application threads were stopped: 0.0034982 seconds, Stopping threads took: 0.0027383 seconds
2016-06-27T18:42:15.363+0300: 331.700: [CMS-concurrent-mark-start]
2016-06-27T18:42:15.409+0300: 331.745: [CMS-concurrent-mark: 0.046/0.046 secs] [Times: user=0.17 sys=0.00, real=0.05 secs] 
2016-06-27T18:42:15.409+0300: 331.746: [CMS-concurrent-preclean-start]
2016-06-27T18:42:15.419+0300: 331.756: [CMS-concurrent-preclean: 0.010/0.010 secs] [Times: user=0.06 sys=0.00, real=0.01 secs] 
2016-06-27T18:42:15.419+0300: 331.756: [CMS-concurrent-abortable-preclean-start]
2016-06-27T18:42:15.501+0300: 331.837: [GC (Allocation Failure) 2016-06-27T18:42:15.501+0300: 331.837: [ParNew2016-06-27T18:42:15.533+0300: 331.869: [CMS-concurrent-abortable-preclean: 0.010/0.113 secs] [Times: user=0.42 sys=0.00, real=0.11 secs] 

Desired survivor size 17432576 bytes, new threshold 1 (max 6)
- age   1:   34846968 bytes,   34846968 total
: 306337K->34047K(306688K), 0.0380142 secs] 4856066K->4851809K(5208832K), 0.0381617 secs] [Times: user=0.17 sys=0.02, real=0.04 secs] 
2016-06-27T18:42:15.539+0300: 331.875: Total time for which application threads were stopped: 0.0389777 seconds, Stopping threads took: 0.0005341 seconds
2016-06-27T18:42:15.558+0300: 331.895: [GC (CMS Final Remark) [YG occupancy: 43617 K (306688 K)]2016-06-27T18:42:15.558+0300: 331.895: [Rescan (parallel) , 0.0041500 secs]2016-06-27T18:42:15.562+0300: 331.899: [weak refs processing, 0.0000329 secs]2016-06-27T18:42:15.562+0300: 331.899: [class unloading, 0.0019031 secs]2016-06-27T18:42:15.564+0300: 331.901: [scrub symbol table, 0.0009785 secs]2016-06-27T18:42:15.565+0300: 331.902: [scrub string table, 0.0001937 secs][1 CMS-remark: 4817761K(4902144K)] 4861378K(5208832K), 0.0075041 secs] [Times: user=0.00 sys=0.00, real=0.01 secs] 
2016-06-27T18:42:15.566+0300: 331.902: Total time for which application threads were stopped: 0.0078791 seconds, Stopping threads took: 0.0001155 seconds
2016-06-27T18:42:15.819+0300: 332.155: [CMS-concurrent-sweep-start]
2016-06-27T18:42:15.826+0300: 332.162: [CMS-concurrent-sweep: 0.007/0.007 secs] [Times: user=0.00 sys=0.00, real=0.01 secs] 
2016-06-27T18:42:15.826+0300: 332.162: [CMS-concurrent-reset-start]
2016-06-27T18:42:15.833+0300: 332.169: [CMS-concurrent-reset: 0.006/0.006 secs] [Times: user=0.06 sys=0.00, real=0.01 secs] 
2016-06-27T18:42:15.876+0300: 332.213: [GC (Allocation Failure) 2016-06-27T18:42:15.882+0300: 332.218: [ParNew
Desired survivor size 17432576 bytes, new threshold 1 (max 6)
- age   1:   34847880 bytes,   34847880 total
: 306179K->34038K(306688K), 0.0386531 secs] 4523857K->4518749K(5208832K), 0.0445787 secs] [Times: user=0.13 sys=0.00, real=0.05 secs] 
2016-06-27T18:42:15.921+0300: 332.257: Total time for which application threads were stopped: 0.0454024 seconds, Stopping threads took: 0.0005012 seconds
2016-06-27T18:42:16.007+0300: 332.344: Total time for which application threads were stopped: 0.0009130 seconds, Stopping threads took: 0.0003049 seconds
2016-06-27T18:42:16.248+0300: 332.584: [GC (Allocation Failure) 2016-06-27T18:42:16.248+0300: 332.584: [ParNew
Desired survivor size 17432576 bytes, new threshold 1 (max 6)
- age   1:   34848952 bytes,   34848952 total
: 306163K->34046K(306688K), 0.0388173 secs] 4790875K->4785792K(5208832K), 0.0389418 secs] [Times: user=0.17 sys=0.00, real=0.04 secs] 
2016-06-27T18:42:16.287+0300: 332.623: Total time for which application threads were stopped: 0.0396316 seconds, Stopping threads took: 0.0003930 seconds
2016-06-27T18:42:16.638+0300: 332.975: [GC (Allocation Failure) 2016-06-27T18:42:16.638+0300: 332.975: [ParNew: 305919K->305919K(306688K), 0.0000526 secs]2016-06-27T18:42:16.638+0300: 332.975: [CMS: 4751746K->4031672K(4902144K), 0.7001463 secs] 5057665K->4031672K(5208832K), [Metaspace: 9050K->9050K(1058816K)], 0.7003939 secs] [Times: user=0.70 sys=0.00, real=0.70 secs] 
2016-06-27T18:42:17.338+0300: 333.675: Total time for which application threads were stopped: 0.7020733 seconds, Stopping threads took: 0.0012496 seconds
2016-06-27T18:42:17.666+0300: 334.002: [GC (Allocation Failure) 2016-06-27T18:42:17.666+0300: 334.003: [ParNew
Desired survivor size 17432576 bytes, new threshold 1 (max 6)
- age   1:   34862600 bytes,   34862600 total
: 272320K->34047K(306688K), 0.0365961 secs] 4303993K->4297948K(5208832K), 0.0367680 secs] [Times: user=0.13 sys=0.00, real=0.04 secs] 
2016-06-27T18:42:17.703+0300: 334.039: Total time for which application threads were stopped: 0.0380878 seconds, Stopping threads took: 0.0008506 seconds
2016-06-27T18:42:18.028+0300: 334.365: [GC (Allocation Failure) 2016-06-27T18:42:18.029+0300: 334.365: [ParNew
Desired survivor size 17432576 bytes, new threshold 1 (max 6)
- age   1:   34855080 bytes,   34855080 total
: 306515K->34048K(306688K), 0.0388096 secs] 4570416K->4565002K(5208832K), 0.0389897 secs] [Times: user=0.19 sys=0.00, real=0.04 secs] 
2016-06-27T18:42:18.067+0300: 334.404: Total time for which application threads were stopped: 0.0411378 seconds, Stopping threads took: 0.0016811 seconds
2016-06-27T18:42:18.368+0300: 334.704: Total time for which application threads were stopped: 0.0044822 seconds, Stopping threads took: 0.0033853 seconds
2016-06-27T18:42:18.447+0300: 334.783: [GC (Allocation Failure) 2016-06-27T18:42:18.447+0300: 334.783: [ParNew
Desired survivor size 17432576 bytes, new threshold 1 (max 6)
- age   1:   34848848 bytes,   34848848 total
: 306688K->34048K(306688K), 0.0379911 secs] 4837642K->4831044K(5208832K), 0.0381609 secs] [Times: user=0.13 sys=0.00, real=0.04 secs] 
2016-06-27T18:42:18.485+0300: 334.821: Total time for which application threads were stopped: 0.0387215 seconds, Stopping threads took: 0.0001377 seconds
2016-06-27T18:42:18.806+0300: 335.142: [GC (Allocation Failure) 2016-06-27T18:42:18.806+0300: 335.142: [ParNew: 306070K->306070K(306688K), 0.0000376 secs]2016-06-27T18:42:18.806+0300: 335.142: [CMS: 4796996K->4107892K(4902144K), 0.6287862 secs] 5103066K->4107892K(5208832K), [Metaspace: 9050K->9050K(1058816K)], 0.6289906 secs] [Times: user=0.63 sys=0.00, real=0.63 secs] 
2016-06-27T18:42:19.435+0300: 335.771: Total time for which application threads were stopped: 0.6305216 seconds, Stopping threads took: 0.0011380 seconds
2016-06-27T18:42:19.758+0300: 336.094: [GC (Allocation Failure) 2016-06-27T18:42:19.758+0300: 336.094: [ParNew
Desired survivor size 17432576 bytes, new threshold 1 (max 6)
- age   1:   34857088 bytes,   34857088 total
: 272243K->34048K(306688K), 0.0345036 secs] 4380135K->4374952K(5208832K), 0.0346169 secs] [Times: user=0.13 sys=0.00, real=0.03 secs] 
2016-06-27T18:42:19.792+0300: 336.129: Total time for which application threads were stopped: 0.0356245 seconds, Stopping threads took: 0.0006714 seconds
2016-06-27T18:42:19.795+0300: 336.131: Total time for which application threads were stopped: 0.0007014 seconds, Stopping threads took: 0.0000646 seconds
2016-06-27T18:42:20.129+0300: 336.466: [GC (Allocation Failure) 2016-06-27T18:42:20.129+0300: 336.466: [ParNew
Desired survivor size 17432576 bytes, new threshold 1 (max 6)
- age   1:   34861928 bytes,   34861928 total
: 306688K->34048K(306688K), 0.0387643 secs] 4647592K->4642074K(5208832K), 0.0449559 secs] [Times: user=0.13 sys=0.00, real=0.05 secs] 
2016-06-27T18:42:20.174+0300: 336.511: Total time for which application threads were stopped: 0.0460545 seconds, Stopping threads took: 0.0006966 seconds
2016-06-27T18:42:20.514+0300: 336.851: [GC (Allocation Failure) 2016-06-27T18:42:20.515+0300: 336.851: [ParNew: 306518K->306518K(306688K), 0.0000312 secs]2016-06-27T18:42:20.515+0300: 336.851: [CMS: 4608026K->3857900K(4902144K), 0.6212000 secs] 4914545K->3857900K(5208832K), [Metaspace: 9050K->9050K(1058816K)], 0.6213719 secs] [Times: user=0.61 sys=0.00, real=0.62 secs] 
2016-06-27T18:42:21.136+0300: 337.472: Total time for which application threads were stopped: 0.6223367 seconds, Stopping threads took: 0.0005158 seconds
2016-06-27T18:42:21.480+0300: 337.816: [GC (Allocation Failure) 2016-06-27T18:42:21.480+0300: 337.816: [ParNew
Desired survivor size 17432576 bytes, new threshold 1 (max 6)
- age   1:   34842096 bytes,   34842096 total
: 271691K->34043K(306688K), 0.0362523 secs] 4129591K->4123955K(5208832K), 0.0363818 secs] [Times: user=0.13 sys=0.00, real=0.04 secs] 
2016-06-27T18:42:21.516+0300: 337.853: Total time for which application threads were stopped: 0.0373992 seconds, Stopping threads took: 0.0006338 seconds
2016-06-27T18:42:21.882+0300: 338.218: Total time for which application threads were stopped: 0.0012629 seconds, Stopping threads took: 0.0005897 seconds
2016-06-27T18:42:21.938+0300: 338.274: [GC (Allocation Failure) 2016-06-27T18:42:21.938+0300: 338.274: [ParNew
Desired survivor size 17432576 bytes, new threshold 1 (max 6)
- age   1:   34864784 bytes,   34864784 total
: 306683K->34048K(306688K), 0.0403329 secs] 4396595K->4390025K(5208832K), 0.0404839 secs] [Times: user=0.19 sys=0.00, real=0.04 secs] 
2016-06-27T18:42:21.978+0300: 338.314: Total time for which application threads were stopped: 0.0409269 seconds, Stopping threads took: 0.0000937 seconds
2016-06-27T18:42:22.292+0300: 338.628: [GC (Allocation Failure) 2016-06-27T18:42:22.292+0300: 338.628: [ParNew
Desired survivor size 17432576 bytes, new threshold 1 (max 6)
- age   1:   34854504 bytes,   34854504 total
: 306310K->34048K(306688K), 0.0402915 secs] 4662287K->4656081K(5208832K), 0.0404642 secs] [Times: user=0.13 sys=0.00, real=0.04 secs] 
2016-06-27T18:42:22.332+0300: 338.669: Total time for which application threads were stopped: 0.0416480 seconds, Stopping threads took: 0.0007976 seconds
2016-06-27T18:42:22.671+0300: 339.007: [GC (Allocation Failure) 2016-06-27T18:42:22.671+0300: 339.008: [ParNew: 306677K->306677K(306688K), 0.0000338 secs]2016-06-27T18:42:22.671+0300: 339.008: [CMS: 4622033K->3902950K(4902144K), 0.6427628 secs] 4928711K->3902950K(5208832K), [Metaspace: 9050K->9050K(1058816K)], 0.6429381 secs] [Times: user=0.64 sys=0.00, real=0.64 secs] 
2016-06-27T18:42:23.314+0300: 339.650: Total time for which application threads were stopped: 0.6440889 seconds, Stopping threads took: 0.0007548 seconds
2016-06-27T18:42:23.604+0300: 339.941: Total time for which application threads were stopped: 0.0020981 seconds, Stopping threads took: 0.0012398 seconds
2016-06-27T18:42:23.704+0300: 340.040: [GC (Allocation Failure) 2016-06-27T18:42:23.704+0300: 340.040: [ParNew
Desired survivor size 17432576 bytes, new threshold 1 (max 6)
- age   1:   33847288 bytes,   33847288 total
: 272640K->33076K(306688K), 0.0350061 secs] 4175590K->4169038K(5208832K), 0.0351972 secs] [Times: user=0.19 sys=0.00, real=0.04 secs] 
2016-06-27T18:42:23.739+0300: 340.075: Total time for which application threads were stopped: 0.0361637 seconds, Stopping threads took: 0.0005829 seconds
2016-06-27T18:42:24.014+0300: 340.350: Total time for which application threads were stopped: 0.0045425 seconds, Stopping threads took: 0.0038917 seconds
2016-06-27T18:42:24.089+0300: 340.425: [GC (Allocation Failure) 2016-06-27T18:42:24.089+0300: 340.425: [ParNew
Desired survivor size 17432576 bytes, new threshold 1 (max 6)
- age   1:   33840976 bytes,   33840976 total
: 305393K->33074K(306688K), 0.0396431 secs] 4441356K->4436098K(5208832K), 0.0398168 secs] [Times: user=0.13 sys=0.00, real=0.04 secs] 
2016-06-27T18:42:24.129+0300: 340.465: Total time for which application threads were stopped: 0.0404168 seconds, Stopping threads took: 0.0002378 seconds
2016-06-27T18:42:24.458+0300: 340.794: [GC (Allocation Failure) 2016-06-27T18:42:24.458+0300: 340.794: [ParNew
Desired survivor size 17432576 bytes, new threshold 1 (max 6)
- age   1:   33831288 bytes,   33831288 total
: 305432K->33060K(306688K), 0.0402714 secs] 4708456K->4703137K(5208832K), 0.0404232 secs] [Times: user=0.13 sys=0.00, real=0.04 secs] 
2016-06-27T18:42:24.498+0300: 340.835: Total time for which application threads were stopped: 0.0427098 seconds, Stopping threads took: 0.0018860 seconds
2016-06-27T18:42:24.833+0300: 341.169: [GC (Allocation Failure) 2016-06-27T18:42:24.833+0300: 341.169: [ParNew: 305509K->305509K(306688K), 0.0000359 secs]2016-06-27T18:42:24.833+0300: 341.169: [CMS: 4670077K->3935004K(4902144K), 0.6909479 secs] 4975586K->3935004K(5208832K), [Metaspace: 9050K->9050K(1058816K)], 0.6911390 secs] [Times: user=0.67 sys=0.00, real=0.68 secs] 
2016-06-27T18:42:25.513+0300: 341.860: Total time for which application threads were stopped: 0.6931323 seconds, Stopping threads took: 0.0016020 seconds
2016-06-27T18:42:25.835+0300: 342.171: Total time for which application threads were stopped: 0.0030363 seconds, Stopping threads took: 0.0021845 seconds
2016-06-27T18:42:25.844+0300: 342.181: Total time for which application threads were stopped: 0.0008078 seconds, Stopping threads took: 0.0003969 seconds
2016-06-27T18:42:25.913+0300: 342.249: [GC (Allocation Failure) 2016-06-27T18:42:25.913+0300: 342.249: [ParNew
Desired survivor size 17432576 bytes, new threshold 1 (max 6)
- age   1:   34862880 bytes,   34862880 total
: 272640K->34048K(306688K), 0.0352751 secs] 4207644K->4200079K(5208832K), 0.0354123 secs] [Times: user=0.13 sys=0.00, real=0.03 secs] 
2016-06-27T18:42:25.948+0300: 342.285: Total time for which application threads were stopped: 0.0357989 seconds, Stopping threads took: 0.0000825 seconds
2016-06-27T18:42:26.012+0300: 342.349: Total time for which application threads were stopped: 0.0014549 seconds, Stopping threads took: 0.0007475 seconds
2016-06-27T18:42:26.270+0300: 342.606: [GC (Allocation Failure) 2016-06-27T18:42:26.270+0300: 342.606: [ParNew
Desired survivor size 17432576 bytes, new threshold 1 (max 6)
- age   1:   34853032 bytes,   34853032 total
: 306267K->34048K(306688K), 0.0397941 secs] 4472299K->4458132K(5208832K), 0.0399626 secs] [Times: user=0.17 sys=0.00, real=0.04 secs] 
2016-06-27T18:42:26.311+0300: 342.647: Total time for which application threads were stopped: 0.0418507 seconds, Stopping threads took: 0.0010268 seconds
2016-06-27T18:42:26.642+0300: 342.979: [GC (Allocation Failure) 2016-06-27T18:42:26.642+0300: 342.979: [ParNew
Desired survivor size 17432576 bytes, new threshold 1 (max 6)
- age   1:   34861216 bytes,   34861216 total
: 306332K->34047K(306688K), 0.0407148 secs] 4730416K->4720175K(5208832K), 0.0409013 secs] [Times: user=0.19 sys=0.00, real=0.04 secs] 
2016-06-27T18:42:26.683+0300: 343.020: Total time for which application threads were stopped: 0.0442857 seconds, Stopping threads took: 0.0029512 seconds
2016-06-27T18:42:27.013+0300: 343.349: Total time for which application threads were stopped: 0.0013959 seconds, Stopping threads took: 0.0007959 seconds
2016-06-27T18:42:27.063+0300: 343.400: [GC (Allocation Failure) 2016-06-27T18:42:27.063+0300: 343.400: [ParNew: 306687K->306687K(306688K), 0.0000235 secs]2016-06-27T18:42:27.063+0300: 343.400: [CMS: 4686128K->3740314K(4902144K), 0.6180850 secs] 4992815K->3740314K(5208832K), [Metaspace: 9050K->9050K(1058816K)], 0.6182381 secs] [Times: user=0.63 sys=0.00, real=0.62 secs] 
2016-06-27T18:42:27.682+0300: 344.018: Total time for which application threads were stopped: 0.6187102 seconds, Stopping threads took: 0.0000877 seconds
2016-06-27T18:42:28.015+0300: 344.351: [GC (Allocation Failure) 2016-06-27T18:42:28.015+0300: 344.351: [ParNew
Desired survivor size 17432576 bytes, new threshold 1 (max 6)
- age   1:   34856752 bytes,   34856752 total
: 272422K->34048K(306688K), 0.0386484 secs] 4012736K->4008382K(5208832K), 0.0387814 secs] [Times: user=0.19 sys=0.00, real=0.04 secs] 
2016-06-27T18:42:28.054+0300: 344.390: Total time for which application threads were stopped: 0.0397967 seconds, Stopping threads took: 0.0006218 seconds
2016-06-27T18:42:28.382+0300: 344.718: [GC (Allocation Failure) 2016-06-27T18:42:28.382+0300: 344.719: [ParNew
Desired survivor size 17432576 bytes, new threshold 1 (max 6)
- age   1:   34857736 bytes,   34857736 total
: 306506K->34048K(306688K), 0.0400793 secs] 4280840K->4275429K(5208832K), 0.0402384 secs] [Times: user=0.13 sys=0.00, real=0.04 secs] 
2016-06-27T18:42:28.423+0300: 344.759: Total time for which application threads were stopped: 0.0414504 seconds, Stopping threads took: 0.0007890 seconds
2016-06-27T18:42:28.763+0300: 345.100: [GC (Allocation Failure) 2016-06-27T18:42:28.764+0300: 345.100: [ParNew
Desired survivor size 17432576 bytes, new threshold 1 (max 6)
- age   1:   34855160 bytes,   34855160 total
: 306141K->34048K(306688K), 0.0392668 secs] 4547523K->4542475K(5208832K), 0.0394332 secs] [Times: user=0.19 sys=0.00, real=0.04 secs] 
2016-06-27T18:42:28.803+0300: 345.139: Total time for which application threads were stopped: 0.0415582 seconds, Stopping threads took: 0.0016982 seconds
2016-06-27T18:42:29.147+0300: 345.483: [GC (Allocation Failure) 2016-06-27T18:42:29.147+0300: 345.484: [ParNew
Desired survivor size 17432576 bytes, new threshold 1 (max 6)
- age   1:   34854816 bytes,   34854816 total
: 305919K->34048K(306688K), 0.0405587 secs] 4814346K->4809517K(5208832K), 0.0407242 secs] [Times: user=0.09 sys=0.00, real=0.04 secs] 
2016-06-27T18:42:29.188+0300: 345.525: Total time for which application threads were stopped: 0.0427932 seconds, Stopping threads took: 0.0013232 seconds
2016-06-27T18:42:29.585+0300: 345.922: [GC (Allocation Failure) 2016-06-27T18:42:29.585+0300: 345.922: [ParNew: 306192K->306192K(306688K), 0.0000453 secs]2016-06-27T18:42:29.585+0300: 345.922: [CMS: 4775469K->3725364K(4902144K), 0.6594413 secs] 5081661K->3725364K(5208832K), [Metaspace: 9050K->9050K(1058816K)], 0.6596752 secs] [Times: user=0.66 sys=0.00, real=0.66 secs] 
2016-06-27T18:42:30.245+0300: 346.581: Total time for which application threads were stopped: 0.6626551 seconds, Stopping threads took: 0.0025014 seconds
2016-06-27T18:42:30.657+0300: 346.993: [GC (Allocation Failure) 2016-06-27T18:42:30.657+0300: 346.993: [ParNew
Desired survivor size 17432576 bytes, new threshold 1 (max 6)
- age   1:   34854688 bytes,   34854688 total
: 272611K->34047K(306688K), 0.0389927 secs] 3997975K->3991428K(5208832K), 0.0392954 secs] [Times: user=0.19 sys=0.00, real=0.04 secs] 
2016-06-27T18:42:30.696+0300: 347.033: Total time for which application threads were stopped: 0.0413358 seconds, Stopping threads took: 0.0015263 seconds
2016-06-27T18:42:31.022+0300: 347.359: Total time for which application threads were stopped: 0.0084329 seconds, Stopping threads took: 0.0072701 seconds
2016-06-27T18:42:31.134+0300: 347.471: [GC (Allocation Failure) 2016-06-27T18:42:31.135+0300: 347.471: [ParNew
Desired survivor size 17432576 bytes, new threshold 1 (max 6)
- age   1:   34864256 bytes,   34864256 total
: 306308K->34047K(306688K), 0.0401443 secs] 4263689K->4255532K(5208832K), 0.0403291 secs] [Times: user=0.13 sys=0.00, real=0.04 secs] 
2016-06-27T18:42:31.175+0300: 347.511: Total time for which application threads were stopped: 0.0422202 seconds, Stopping threads took: 0.0014147 seconds
2016-06-27T18:42:31.556+0300: 347.892: [GC (Allocation Failure) 2016-06-27T18:42:31.556+0300: 347.892: [ParNew
Desired survivor size 17432576 bytes, new threshold 1 (max 6)
- age   1:   34845584 bytes,   34845584 total
: 305991K->34044K(306688K), 0.0398279 secs] 4527476K->4521585K(5208832K), 0.0399908 secs] [Times: user=0.13 sys=0.00, real=0.04 secs] 
2016-06-27T18:42:31.596+0300: 347.932: Total time for which application threads were stopped: 0.0433133 seconds, Stopping threads took: 0.0027939 seconds
2016-06-27T18:42:31.983+0300: 348.319: [GC (Allocation Failure) 2016-06-27T18:42:31.983+0300: 348.319: [ParNew
Desired survivor size 17432576 bytes, new threshold 1 (max 6)
- age   1:   34849264 bytes,   34849264 total
: 305838K->34048K(306688K), 0.0411468 secs] 4793379K->4787621K(5208832K), 0.0413247 secs] [Times: user=0.19 sys=0.00, real=0.04 secs] 
2016-06-27T18:42:32.025+0300: 348.361: Total time for which application threads were stopped: 0.0537292 seconds, Stopping threads took: 0.0118802 seconds
2016-06-27T18:42:32.028+0300: 348.364: Total time for which application threads were stopped: 0.0012406 seconds, Stopping threads took: 0.0000727 seconds
2016-06-27T18:42:32.461+0300: 348.798: [GC (Allocation Failure) 2016-06-27T18:42:32.461+0300: 348.798: [ParNew: 306688K->306688K(306688K), 0.0000385 secs]2016-06-27T18:42:32.462+0300: 348.798: [CMS: 4753573K->3747104K(4902144K), 0.7129126 secs] 5060261K->3747104K(5208832K), [Metaspace: 9050K->9050K(1058816K)], 0.7131205 secs] [Times: user=0.70 sys=0.00, real=0.71 secs] 
2016-06-27T18:42:33.175+0300: 349.511: Total time for which application threads were stopped: 0.7178568 seconds, Stopping threads took: 0.0043219 seconds
2016-06-27T18:42:33.210+0300: 349.546: Total time for which application threads were stopped: 0.0007240 seconds, Stopping threads took: 0.0001309 seconds
2016-06-27T18:42:33.595+0300: 349.932: [GC (Allocation Failure) 2016-06-27T18:42:33.595+0300: 349.932: [ParNew
Desired survivor size 17432576 bytes, new threshold 1 (max 6)
- age   1:   34854704 bytes,   34854704 total
: 271795K->34048K(306688K), 0.0381647 secs] 4018900K->4012164K(5208832K), 0.0383272 secs] [Times: user=0.19 sys=0.00, real=0.04 secs] 
2016-06-27T18:42:33.634+0300: 349.970: Total time for which application threads were stopped: 0.0400982 seconds, Stopping threads took: 0.0013540 seconds
2016-06-27T18:42:34.035+0300: 350.372: Total time for which application threads were stopped: 0.0021592 seconds, Stopping threads took: 0.0011790 seconds
2016-06-27T18:42:34.123+0300: 350.459: [GC (Allocation Failure) 2016-06-27T18:42:34.123+0300: 350.459: [ParNew
Desired survivor size 17432576 bytes, new threshold 1 (max 6)
- age   1:   34852016 bytes,   34852016 total
: 306688K->34045K(306688K), 0.0392749 secs] 4284804K->4277202K(5208832K), 0.0394541 secs] [Times: user=0.17 sys=0.00, real=0.04 secs] 
2016-06-27T18:42:34.162+0300: 350.499: Total time for which application threads were stopped: 0.0400066 seconds, Stopping threads took: 0.0001741 seconds
2016-06-27T18:42:34.401+0300: 350.737: [GC (CMS Initial Mark) [1 CMS-initial-mark: 4243157K(4902144K)] 4486008K(5208832K), 0.0063126 secs] [Times: user=0.00 sys=0.00, real=0.01 secs] 
2016-06-27T18:42:34.407+0300: 350.743: Total time for which application threads were stopped: 0.0085086 seconds, Stopping threads took: 0.0018577 seconds
2016-06-27T18:42:34.407+0300: 350.743: [CMS-concurrent-mark-start]
2016-06-27T18:42:34.454+0300: 350.791: [CMS-concurrent-mark: 0.047/0.047 secs] [Times: user=0.17 sys=0.00, real=0.05 secs] 
2016-06-27T18:42:34.454+0300: 350.791: [CMS-concurrent-preclean-start]
2016-06-27T18:42:34.464+0300: 350.801: [CMS-concurrent-preclean: 0.010/0.010 secs] [Times: user=0.06 sys=0.00, real=0.01 secs] 
2016-06-27T18:42:34.465+0300: 350.801: [CMS-concurrent-abortable-preclean-start]
2016-06-27T18:42:34.501+0300: 350.838: [GC (Allocation Failure) 2016-06-27T18:42:34.501+0300: 350.838: [ParNew
Desired survivor size 17432576 bytes, new threshold 1 (max 6)
- age   1:   34840392 bytes,   34840392 total
: 305686K->34044K(306688K), 0.0393339 secs] 4548843K->4544241K(5208832K), 0.0394952 secs] [Times: user=0.19 sys=0.00, real=0.04 secs] 
2016-06-27T18:42:34.541+0300: 350.877: Total time for which application threads were stopped: 0.0401093 seconds, Stopping threads took: 0.0002472 seconds
2016-06-27T18:42:34.877+0300: 351.213: [GC (Allocation Failure) 2016-06-27T18:42:34.877+0300: 351.214: [ParNew2016-06-27T18:42:34.909+0300: 351.245: [CMS-concurrent-abortable-preclean: 0.054/0.444 secs] [Times: user=1.75 sys=0.00, real=0.44 secs] 

Desired survivor size 17432576 bytes, new threshold 1 (max 6)
- age   1:   34851360 bytes,   34851360 total
: 306160K->34048K(306688K), 0.0409227 secs] 4816358K->4811272K(5208832K), 0.0410826 secs] [Times: user=0.17 sys=0.00, real=0.04 secs] 
2016-06-27T18:42:34.918+0300: 351.255: Total time for which application threads were stopped: 0.0423194 seconds, Stopping threads took: 0.0008326 seconds
2016-06-27T18:42:34.919+0300: 351.255: [GC (CMS Final Remark) [YG occupancy: 35048 K (306688 K)]2016-06-27T18:42:34.919+0300: 351.255: [Rescan (parallel) , 0.0042000 secs]2016-06-27T18:42:34.923+0300: 351.259: [weak refs processing, 0.0000269 secs]2016-06-27T18:42:34.923+0300: 351.259: [class unloading, 0.0019510 secs]2016-06-27T18:42:34.925+0300: 351.261: [scrub symbol table, 0.0007292 secs]2016-06-27T18:42:34.926+0300: 351.262: [scrub string table, 0.0001907 secs][1 CMS-remark: 4777224K(4902144K)] 4812272K(5208832K), 0.0073424 secs] [Times: user=0.00 sys=0.00, real=0.01 secs] 
2016-06-27T18:42:34.926+0300: 351.262: Total time for which application threads were stopped: 0.0077470 seconds, Stopping threads took: 0.0000800 seconds
2016-06-27T18:42:34.926+0300: 351.262: [CMS-concurrent-sweep-start]
2016-06-27T18:42:34.933+0300: 351.270: [CMS-concurrent-sweep: 0.007/0.007 secs] [Times: user=0.06 sys=0.00, real=0.01 secs] 
2016-06-27T18:42:34.934+0300: 351.270: [CMS-concurrent-reset-start]
2016-06-27T18:42:34.940+0300: 351.276: [CMS-concurrent-reset: 0.006/0.006 secs] [Times: user=0.00 sys=0.00, real=0.01 secs] 
2016-06-27T18:42:35.035+0300: 351.372: Total time for which application threads were stopped: 0.0021515 seconds, Stopping threads took: 0.0015092 seconds
2016-06-27T18:42:35.307+0300: 351.644: [GC (Allocation Failure) 2016-06-27T18:42:35.307+0300: 351.644: [ParNew
Desired survivor size 17432576 bytes, new threshold 1 (max 6)
- age   1:   34852256 bytes,   34852256 total
: 306688K->34048K(306688K), 0.0390448 secs] 4483828K->4476225K(5208832K), 0.0392099 secs] [Times: user=0.13 sys=0.00, real=0.04 secs] 
2016-06-27T18:42:35.347+0300: 351.683: Total time for which application threads were stopped: 0.0403312 seconds, Stopping threads took: 0.0007279 seconds
2016-06-27T18:42:35.727+0300: 352.064: [GC (Allocation Failure) 2016-06-27T18:42:35.734+0300: 352.070: [ParNew
Desired survivor size 17432576 bytes, new threshold 1 (max 6)
- age   1:   34851432 bytes,   34851432 total
: 306484K->34048K(306688K), 0.0392895 secs] 4748661K->4743264K(5208832K), 0.0455875 secs] [Times: user=0.19 sys=0.00, real=0.05 secs] 
2016-06-27T18:42:35.773+0300: 352.109: Total time for which application threads were stopped: 0.0479572 seconds, Stopping threads took: 0.0019433 seconds
2016-06-27T18:42:36.037+0300: 352.374: Total time for which application threads were stopped: 0.0030235 seconds, Stopping threads took: 0.0018624 seconds
2016-06-27T18:42:36.235+0300: 352.571: [GC (Allocation Failure) 2016-06-27T18:42:36.235+0300: 352.572: [ParNew: 306688K->306688K(306688K), 0.0000406 secs]2016-06-27T18:42:36.235+0300: 352.572: [CMS: 4709216K->3749103K(4902144K), 0.5948946 secs] 5015904K->3749103K(5208832K), [Metaspace: 9050K->9050K(1058816K)], 0.5951123 secs] [Times: user=0.59 sys=0.00, real=0.60 secs] 
2016-06-27T18:42:36.830+0300: 353.167: Total time for which application threads were stopped: 0.5984326 seconds, Stopping threads took: 0.0029012 seconds
2016-06-27T18:42:37.036+0300: 353.372: Total time for which application threads were stopped: 0.0014476 seconds, Stopping threads took: 0.0005115 seconds
2016-06-27T18:42:37.255+0300: 353.591: [GC (Allocation Failure) 2016-06-27T18:42:37.255+0300: 353.591: [ParNew
Desired survivor size 17432576 bytes, new threshold 1 (max 6)
- age   1:   34864984 bytes,   34864984 total
: 272091K->34048K(306688K), 0.0359140 secs] 4021194K->4016313K(5208832K), 0.0360692 secs] [Times: user=0.13 sys=0.00, real=0.04 secs] 
2016-06-27T18:42:37.297+0300: 353.634: Total time for which application threads were stopped: 0.0435378 seconds, Stopping threads took: 0.0009135 seconds
2016-06-27T18:42:37.613+0300: 353.949: [GC (Allocation Failure) 2016-06-27T18:42:37.613+0300: 353.949: [ParNew
Desired survivor size 17432576 bytes, new threshold 1 (max 6)
- age   1:   34859576 bytes,   34859576 total
: 306194K->34048K(306688K), 0.0381904 secs] 4288460K->4283371K(5208832K), 0.0383225 secs] [Times: user=0.19 sys=0.00, real=0.04 secs] 
2016-06-27T18:42:37.651+0300: 353.987: Total time for which application threads were stopped: 0.0392950 seconds, Stopping threads took: 0.0006890 seconds
2016-06-27T18:42:37.988+0300: 354.325: [GC (Allocation Failure) 2016-06-27T18:42:37.988+0300: 354.325: [ParNew
Desired survivor size 17432576 bytes, new threshold 1 (max 6)
- age   1:   34856080 bytes,   34856080 total
: 306287K->34048K(306688K), 0.0396491 secs] 4555610K->4550418K(5208832K), 0.0398168 secs] [Times: user=0.19 sys=0.00, real=0.04 secs] 
2016-06-27T18:42:38.028+0300: 354.365: Total time for which application threads were stopped: 0.0409590 seconds, Stopping threads took: 0.0007116 seconds
2016-06-27T18:42:38.036+0300: 354.372: Total time for which application threads were stopped: 0.0009109 seconds, Stopping threads took: 0.0000689 seconds
2016-06-27T18:42:38.045+0300: 354.381: Total time for which application threads were stopped: 0.0004187 seconds, Stopping threads took: 0.0000748 seconds
2016-06-27T18:42:38.373+0300: 354.709: [GC (Allocation Failure) 2016-06-27T18:42:38.373+0300: 354.709: [ParNew
Desired survivor size 17432576 bytes, new threshold 1 (max 6)
- age   1:   34855400 bytes,   34855400 total
: 306114K->34048K(306688K), 0.0386540 secs] 4822484K->4816463K(5208832K), 0.0388173 secs] [Times: user=0.19 sys=0.00, real=0.04 secs] 
2016-06-27T18:42:38.412+0300: 354.748: Total time for which application threads were stopped: 0.0424058 seconds, Stopping threads took: 0.0031441 seconds
2016-06-27T18:42:38.743+0300: 355.079: [GC (Allocation Failure) 2016-06-27T18:42:38.743+0300: 355.079: [ParNew: 306126K->306126K(306688K), 0.0000329 secs]2016-06-27T18:42:38.743+0300: 355.079: [CMS: 4782415K->3748266K(4902144K), 0.6844689 secs] 5088541K->3748266K(5208832K), [Metaspace: 9050K->9050K(1058816K)], 0.6846780 secs] [Times: user=0.69 sys=0.00, real=0.68 secs] 
2016-06-27T18:42:39.428+0300: 355.764: Total time for which application threads were stopped: 0.6865379 seconds, Stopping threads took: 0.0013860 seconds
2016-06-27T18:42:39.634+0300: 355.970: Total time for which application threads were stopped: 0.0041234 seconds, Stopping threads took: 0.0032275 seconds
2016-06-27T18:42:39.842+0300: 356.179: [GC (Allocation Failure) 2016-06-27T18:42:39.842+0300: 356.179: [ParNew
Desired survivor size 17432576 bytes, new threshold 1 (max 6)
- age   1:   34853488 bytes,   34853488 total
: 272640K->34048K(306688K), 0.0352165 secs] 4020906K->4014326K(5208832K), 0.0353833 secs] [Times: user=0.13 sys=0.00, real=0.04 secs] 
2016-06-27T18:42:39.878+0300: 356.214: Total time for which application threads were stopped: 0.0361402 seconds, Stopping threads took: 0.0003763 seconds
2016-06-27T18:42:40.038+0300: 356.374: Total time for which application threads were stopped: 0.0016708 seconds, Stopping threads took: 0.0008579 seconds
2016-06-27T18:42:40.265+0300: 356.602: [GC (Allocation Failure) 2016-06-27T18:42:40.266+0300: 356.602: [ParNew
Desired survivor size 17432576 bytes, new threshold 1 (max 6)
- age   1:   34846688 bytes,   34846688 total
: 305726K->34037K(306688K), 0.0385017 secs] 4286004K->4273354K(5208832K), 0.0386706 secs] [Times: user=0.19 sys=0.00, real=0.04 secs] 
2016-06-27T18:42:40.304+0300: 356.641: Total time for which application threads were stopped: 0.0416373 seconds, Stopping threads took: 0.0025783 seconds
2016-06-27T18:42:40.627+0300: 356.963: [GC (Allocation Failure) 2016-06-27T18:42:40.627+0300: 356.963: [ParNew
Desired survivor size 17432576 bytes, new threshold 1 (max 6)
- age   1:   34848504 bytes,   34848504 total
: 306677K->34047K(306688K), 0.0388567 secs] 4545994K->4540397K(5208832K), 0.0398343 secs] [Times: user=0.19 sys=0.00, real=0.04 secs] 
2016-06-27T18:42:40.667+0300: 357.003: Total time for which application threads were stopped: 0.0425183 seconds, Stopping threads took: 0.0022482 seconds
2016-06-27T18:42:41.006+0300: 357.343: [GC (Allocation Failure) 2016-06-27T18:42:41.006+0300: 357.343: [ParNew
Desired survivor size 17432576 bytes, new threshold 1 (max 6)
- age   1:   34846416 bytes,   34846416 total
: 306599K->34039K(306688K), 0.0388789 secs] 4812949K->4807424K(5208832K), 0.0390538 secs] [Times: user=0.13 sys=0.00, real=0.04 secs] 
2016-06-27T18:42:41.046+0300: 357.382: Total time for which application threads were stopped: 0.0438453 seconds, Stopping threads took: 0.0043599 seconds
2016-06-27T18:42:41.376+0300: 357.712: [GC (Allocation Failure) 2016-06-27T18:42:41.376+0300: 357.712: [ParNew: 305687K->305687K(306688K), 0.0000308 secs]2016-06-27T18:42:41.376+0300: 357.712: [CMS: 4773384K->3792270K(4902144K), 0.5731377 secs] 5079072K->3792270K(5208832K), [Metaspace: 9051K->9051K(1058816K)], 0.5733203 secs] [Times: user=0.58 sys=0.00, real=0.57 secs] 
2016-06-27T18:42:41.949+0300: 358.286: Total time for which application threads were stopped: 0.5756364 seconds, Stopping threads took: 0.0019009 seconds
2016-06-27T18:42:41.952+0300: 358.288: Total time for which application threads were stopped: 0.0007783 seconds, Stopping threads took: 0.0000757 seconds
2016-06-27T18:42:42.041+0300: 358.377: Total time for which application threads were stopped: 0.0008066 seconds, Stopping threads took: 0.0002361 seconds
2016-06-27T18:42:42.299+0300: 358.635: [GC (Allocation Failure) 2016-06-27T18:42:42.299+0300: 358.635: [ParNew
Desired survivor size 17432576 bytes, new threshold 1 (max 6)
- age   1:   34857312 bytes,   34857312 total
: 272324K->34048K(306688K), 0.0351750 secs] 4064595K->4057330K(5208832K), 0.0353080 secs] [Times: user=0.19 sys=0.00, real=0.04 secs] 
2016-06-27T18:42:42.334+0300: 358.671: Total time for which application threads were stopped: 0.0359670 seconds, Stopping threads took: 0.0003567 seconds
2016-06-27T18:42:42.686+0300: 359.022: [GC (Allocation Failure) 2016-06-27T18:42:42.686+0300: 359.022: [ParNew
Desired survivor size 17432576 bytes, new threshold 1 (max 6)
- age   1:   34849344 bytes,   34849344 total
: 306688K->34037K(306688K), 0.0384123 secs] 4329970K->4324365K(5208832K), 0.0385338 secs] [Times: user=0.19 sys=0.00, real=0.04 secs] 
2016-06-27T18:42:42.724+0300: 359.061: Total time for which application threads were stopped: 0.0394118 seconds, Stopping threads took: 0.0005692 seconds
2016-06-27T18:42:43.043+0300: 359.379: Total time for which application threads were stopped: 0.0016135 seconds, Stopping threads took: 0.0006736 seconds
2016-06-27T18:42:43.084+0300: 359.421: [GC (Allocation Failure) 2016-06-27T18:42:43.085+0300: 359.421: [ParNew
Desired survivor size 17432576 bytes, new threshold 1 (max 6)
- age   1:   34864864 bytes,   34864864 total
: 306677K->34048K(306688K), 0.0398527 secs] 4597005K->4590521K(5208832K), 0.0400986 secs] [Times: user=0.13 sys=0.00, real=0.04 secs] 
2016-06-27T18:42:43.125+0300: 359.461: Total time for which application threads were stopped: 0.0405964 seconds, Stopping threads took: 0.0001270 seconds
2016-06-27T18:42:43.442+0300: 359.779: [GC (Allocation Failure) 2016-06-27T18:42:43.442+0300: 359.779: [ParNew
Desired survivor size 17432576 bytes, new threshold 1 (max 6)
- age   1:   34844240 bytes,   34844240 total
: 305815K->34044K(306688K), 0.0380428 secs] 4862289K->4857569K(5208832K), 0.0381810 secs] [Times: user=0.13 sys=0.00, real=0.04 secs] 
2016-06-27T18:42:43.481+0300: 359.817: Total time for which application threads were stopped: 0.0405882 seconds, Stopping threads took: 0.0020014 seconds
2016-06-27T18:42:43.795+0300: 360.131: [GC (Allocation Failure) 2016-06-27T18:42:43.795+0300: 360.131: [ParNew: 306024K->306024K(306688K), 0.0000432 secs]2016-06-27T18:42:43.795+0300: 360.131: [CMS: 4823525K->3774366K(4902144K), 0.5810890 secs] 5129550K->3774366K(5208832K), [Metaspace: 9051K->9051K(1058816K)], 0.5812999 secs] [Times: user=0.58 sys=0.00, real=0.58 secs] 
2016-06-27T18:42:44.376+0300: 360.713: Total time for which application threads were stopped: 0.5828878 seconds, Stopping threads took: 0.0011589 seconds
2016-06-27T18:42:44.698+0300: 361.035: [GC (Allocation Failure) 2016-06-27T18:42:44.698+0300: 361.035: [ParNew
Desired survivor size 17432576 bytes, new threshold 1 (max 6)
- age   1:   34851480 bytes,   34851480 total
: 271861K->34047K(306688K), 0.0354324 secs] 4046227K->4041425K(5208832K), 0.0355376 secs] [Times: user=0.13 sys=0.00, real=0.04 secs] 
2016-06-27T18:42:44.734+0300: 361.070: Total time for which application threads were stopped: 0.0365935 seconds, Stopping threads took: 0.0006406 seconds
2016-06-27T18:42:45.054+0300: 361.390: [GC (Allocation Failure) 2016-06-27T18:42:45.054+0300: 361.390: [ParNew
Desired survivor size 17432576 bytes, new threshold 1 (max 6)
- age   1:   34861496 bytes,   34861496 total
: 305847K->34048K(306688K), 0.0375314 secs] 4313225K->4308503K(5208832K), 0.0376875 secs] [Times: user=0.13 sys=0.00, real=0.04 secs] 
2016-06-27T18:42:45.092+0300: 361.428: Total time for which application threads were stopped: 0.0389999 seconds, Stopping threads took: 0.0008455 seconds
2016-06-27T18:42:45.338+0300: 361.674: [GC (CMS Initial Mark) [1 CMS-initial-mark: 4274455K(4902144K)] 4519952K(5208832K), 0.0005897 secs] [Times: user=0.00 sys=0.00, real=0.00 secs] 
2016-06-27T18:42:45.338+0300: 361.675: Total time for which application threads were stopped: 0.0017162 seconds, Stopping threads took: 0.0006616 seconds
2016-06-27T18:42:45.338+0300: 361.675: [CMS-concurrent-mark-start]
2016-06-27T18:42:45.385+0300: 361.722: [CMS-concurrent-mark: 0.047/0.047 secs] [Times: user=0.19 sys=0.00, real=0.05 secs] 
2016-06-27T18:42:45.385+0300: 361.722: [CMS-concurrent-preclean-start]
2016-06-27T18:42:45.395+0300: 361.732: [CMS-concurrent-preclean: 0.010/0.010 secs] [Times: user=0.06 sys=0.00, real=0.01 secs] 
2016-06-27T18:42:45.395+0300: 361.732: [CMS-concurrent-abortable-preclean-start]
2016-06-27T18:42:45.431+0300: 361.767: [GC (Allocation Failure) 2016-06-27T18:42:45.431+0300: 361.767: [ParNew
Desired survivor size 17432576 bytes, new threshold 1 (max 6)
- age   1:   34855704 bytes,   34855704 total
: 306597K->34048K(306688K), 0.0382297 secs] 4581052K->4576555K(5208832K), 0.0383739 secs] [Times: user=0.13 sys=0.00, real=0.04 secs] 
2016-06-27T18:42:45.469+0300: 361.805: Total time for which application threads were stopped: 0.0400836 seconds, Stopping threads took: 0.0012363 seconds
2016-06-27T18:42:45.805+0300: 362.141: [GC (Allocation Failure) 2016-06-27T18:42:45.805+0300: 362.141: [ParNew2016-06-27T18:42:45.836+0300: 362.172: [CMS-concurrent-abortable-preclean: 0.057/0.441 secs] [Times: user=1.70 sys=0.00, real=0.44 secs] 

Desired survivor size 17432576 bytes, new threshold 1 (max 6)
- age   1:   34843160 bytes,   34843160 total
: 306327K->34039K(306688K), 0.0383935 secs] 4848834K->4843589K(5208832K), 0.0385535 secs] [Times: user=0.13 sys=0.00, real=0.04 secs] 
2016-06-27T18:42:45.843+0300: 362.179: Total time for which application threads were stopped: 0.0420414 seconds, Stopping threads took: 0.0029619 seconds
2016-06-27T18:42:45.844+0300: 362.180: [GC (CMS Final Remark) [YG occupancy: 35039 K (306688 K)]2016-06-27T18:42:45.844+0300: 362.180: [Rescan (parallel) , 0.0042898 secs]2016-06-27T18:42:45.849+0300: 362.185: [weak refs processing, 0.0000248 secs]2016-06-27T18:42:45.849+0300: 362.185: [class unloading, 0.0019061 secs]2016-06-27T18:42:45.850+0300: 362.187: [scrub symbol table, 0.0013283 secs]2016-06-27T18:42:45.852+0300: 362.188: [scrub string table, 0.0002972 secs][1 CMS-remark: 4809549K(4902144K)] 4844589K(5208832K), 0.0081173 secs] [Times: user=0.00 sys=0.02, real=0.01 secs] 
2016-06-27T18:42:45.852+0300: 362.189: Total time for which application threads were stopped: 0.0086703 seconds, Stopping threads took: 0.0000462 seconds
2016-06-27T18:42:46.212+0300: 362.548: [CMS-concurrent-sweep-start]
2016-06-27T18:42:46.215+0300: 362.551: [GC (Allocation Failure) 2016-06-27T18:42:46.215+0300: 362.551: [ParNew: 306679K->306679K(306688K), 0.0000334 secs]2016-06-27T18:42:46.215+0300: 362.551: [CMS2016-06-27T18:42:46.223+0300: 362.560: [CMS-concurrent-sweep: 0.008/0.012 secs] [Times: user=0.02 sys=0.00, real=0.01 secs] 
 (concurrent mode failure): 4809549K->3805418K(4902144K), 0.6779801 secs] 5116229K->3805418K(5208832K), [Metaspace: 9051K->9051K(1058816K)], 0.6783167 secs] [Times: user=0.67 sys=0.00, real=0.68 secs] 
2016-06-27T18:42:46.893+0300: 363.230: Total time for which application threads were stopped: 0.6813440 seconds, Stopping threads took: 0.0025458 seconds
2016-06-27T18:42:47.217+0300: 363.553: [GC (Allocation Failure) 2016-06-27T18:42:47.217+0300: 363.553: [ParNew
Desired survivor size 17432576 bytes, new threshold 1 (max 6)
- age   1:   34854288 bytes,   34854288 total
: 272607K->34048K(306688K), 0.0351840 secs] 4078026K->4072482K(5208832K), 0.0353469 secs] [Times: user=0.13 sys=0.00, real=0.04 secs] 
2016-06-27T18:42:47.252+0300: 363.588: Total time for which application threads were stopped: 0.0370567 seconds, Stopping threads took: 0.0011996 seconds
2016-06-27T18:42:47.572+0300: 363.908: [GC (Allocation Failure) 2016-06-27T18:42:47.572+0300: 363.909: [ParNew
Desired survivor size 17432576 bytes, new threshold 1 (max 6)
- age   1:   34861576 bytes,   34861576 total
: 306254K->34048K(306688K), 0.0387592 secs] 4344688K->4339575K(5208832K), 0.0389106 secs] [Times: user=0.13 sys=0.00, real=0.04 secs] 
2016-06-27T18:42:47.611+0300: 363.947: Total time for which application threads were stopped: 0.0401046 seconds, Stopping threads took: 0.0006778 seconds
2016-06-27T18:42:47.612+0300: 363.948: [GC (CMS Initial Mark) [1 CMS-initial-mark: 4305527K(4902144K)] 4340575K(5208832K), 0.0065611 secs] [Times: user=0.00 sys=0.00, real=0.01 secs] 
2016-06-27T18:42:47.618+0300: 363.955: Total time for which application threads were stopped: 0.0071598 seconds, Stopping threads took: 0.0001142 seconds
2016-06-27T18:42:47.618+0300: 363.955: [CMS-concurrent-mark-start]
2016-06-27T18:42:47.664+0300: 364.001: [CMS-concurrent-mark: 0.047/0.047 secs] [Times: user=0.19 sys=0.00, real=0.05 secs] 
2016-06-27T18:42:47.664+0300: 364.001: [CMS-concurrent-preclean-start]
2016-06-27T18:42:47.674+0300: 364.011: [CMS-concurrent-preclean: 0.010/0.010 secs] [Times: user=0.00 sys=0.00, real=0.01 secs] 
2016-06-27T18:42:47.674+0300: 364.011: [CMS-concurrent-abortable-preclean-start]
2016-06-27T18:42:47.980+0300: 364.316: [GC (Allocation Failure) 2016-06-27T18:42:47.980+0300: 364.316: [ParNew2016-06-27T18:42:48.011+0300: 364.347: [CMS-concurrent-abortable-preclean: 0.032/0.336 secs] [Times: user=1.38 sys=0.00, real=0.34 secs] 

Desired survivor size 17432576 bytes, new threshold 1 (max 6)
- age   1:   34860472 bytes,   34860472 total
: 306094K->34048K(306688K), 0.0380044 secs] 4611622K->4606628K(5208832K), 0.0381237 secs] [Times: user=0.13 sys=0.00, real=0.04 secs] 
2016-06-27T18:42:48.018+0300: 364.354: Total time for which application threads were stopped: 0.0404257 seconds, Stopping threads took: 0.0019039 seconds
2016-06-27T18:42:48.019+0300: 364.355: [GC (CMS Final Remark) [YG occupancy: 37300 K (306688 K)]2016-06-27T18:42:48.019+0300: 364.355: [Rescan (parallel) , 0.0042748 secs]2016-06-27T18:42:48.023+0300: 364.359: [weak refs processing, 0.0000235 secs]2016-06-27T18:42:48.023+0300: 364.359: [class unloading, 0.0021695 secs]2016-06-27T18:42:48.025+0300: 364.362: [scrub symbol table, 0.0011671 secs]2016-06-27T18:42:48.026+0300: 364.363: [scrub string table, 0.0003177 secs][1 CMS-remark: 4572580K(4902144K)] 4609881K(5208832K), 0.0082298 secs] [Times: user=0.06 sys=0.00, real=0.01 secs] 
2016-06-27T18:42:48.027+0300: 364.363: Total time for which application threads were stopped: 0.0086904 seconds, Stopping threads took: 0.0000795 seconds
2016-06-27T18:42:48.028+0300: 364.364: [CMS-concurrent-sweep-start]
2016-06-27T18:42:48.035+0300: 364.371: [CMS-concurrent-sweep: 0.007/0.007 secs] [Times: user=0.00 sys=0.00, real=0.01 secs] 
2016-06-27T18:42:48.035+0300: 364.372: [CMS-concurrent-reset-start]
2016-06-27T18:42:48.041+0300: 364.378: [CMS-concurrent-reset: 0.006/0.006 secs] [Times: user=0.06 sys=0.00, real=0.01 secs] 
2016-06-27T18:42:48.127+0300: 364.464: Total time for which application threads were stopped: 0.0034298 seconds, Stopping threads took: 0.0018043 seconds
2016-06-27T18:42:48.437+0300: 364.773: [GC (Allocation Failure) 2016-06-27T18:42:48.437+0300: 364.773: [ParNew
Desired survivor size 17432576 bytes, new threshold 1 (max 6)
- age   1:   34849224 bytes,   34849224 total
: 306688K->34043K(306688K), 0.0388845 secs] 4174176K->4166578K(5208832K), 0.0390324 secs] [Times: user=0.19 sys=0.00, real=0.04 secs] 
2016-06-27T18:42:48.476+0300: 364.812: Total time for which application threads were stopped: 0.0401418 seconds, Stopping threads took: 0.0007031 seconds
2016-06-27T18:42:48.476+0300: 364.812: [GC (CMS Initial Mark) [1 CMS-initial-mark: 4132535K(4902144K)] 4167677K(5208832K), 0.0003793 secs] [Times: user=0.00 sys=0.00, real=0.00 secs] 
2016-06-27T18:42:48.476+0300: 364.813: Total time for which application threads were stopped: 0.0007835 seconds, Stopping threads took: 0.0001146 seconds
2016-06-27T18:42:48.476+0300: 364.813: [CMS-concurrent-mark-start]
2016-06-27T18:42:48.524+0300: 364.860: [CMS-concurrent-mark: 0.047/0.047 secs] [Times: user=0.19 sys=0.00, real=0.05 secs] 
2016-06-27T18:42:48.524+0300: 364.860: [CMS-concurrent-preclean-start]
2016-06-27T18:42:48.534+0300: 364.870: [CMS-concurrent-preclean: 0.010/0.010 secs] [Times: user=0.00 sys=0.00, real=0.01 secs] 
2016-06-27T18:42:48.534+0300: 364.870: [CMS-concurrent-abortable-preclean-start]
2016-06-27T18:42:48.829+0300: 365.165: [GC (Allocation Failure) 2016-06-27T18:42:48.829+0300: 365.165: [ParNew2016-06-27T18:42:48.866+0300: 365.203: [CMS-concurrent-abortable-preclean: 0.032/0.332 secs] [Times: user=1.38 sys=0.00, real=0.33 secs] 

Desired survivor size 17432576 bytes, new threshold 1 (max 6)
- age   1:   34858320 bytes,   34858320 total
: 306417K->34048K(306688K), 0.0380476 secs] 4438952K->4433637K(5208832K), 0.0382558 secs] [Times: user=0.19 sys=0.00, real=0.04 secs] 
2016-06-27T18:42:48.867+0300: 365.203: Total time for which application threads were stopped: 0.0394353 seconds, Stopping threads took: 0.0007368 seconds
2016-06-27T18:42:48.868+0300: 365.205: [GC (CMS Final Remark) [YG occupancy: 36181 K (306688 K)]2016-06-27T18:42:48.868+0300: 365.205: [Rescan (parallel) , 0.0042633 secs]2016-06-27T18:42:48.872+0300: 365.209: [weak refs processing, 0.0000235 secs]2016-06-27T18:42:48.872+0300: 365.209: [class unloading, 0.0015537 secs]2016-06-27T18:42:48.874+0300: 365.210: [scrub symbol table, 0.0010401 secs]2016-06-27T18:42:48.875+0300: 365.212: [scrub string table, 0.0002057 secs][1 CMS-remark: 4399589K(4902144K)] 4435770K(5208832K), 0.0073471 secs] [Times: user=0.00 sys=0.00, real=0.01 secs] 
2016-06-27T18:42:48.875+0300: 365.212: Total time for which application threads were stopped: 0.0077542 seconds, Stopping threads took: 0.0000547 seconds
2016-06-27T18:42:48.875+0300: 365.212: [CMS-concurrent-sweep-start]
2016-06-27T18:42:48.883+0300: 365.219: [CMS-concurrent-sweep: 0.007/0.007 secs] [Times: user=0.06 sys=0.00, real=0.01 secs] 
2016-06-27T18:42:48.883+0300: 365.219: [CMS-concurrent-reset-start]
2016-06-27T18:42:48.889+0300: 365.225: [CMS-concurrent-reset: 0.006/0.006 secs] [Times: user=0.00 sys=0.00, real=0.01 secs] 
2016-06-27T18:42:49.045+0300: 365.381: Total time for which application threads were stopped: 0.0019591 seconds, Stopping threads took: 0.0006808 seconds
2016-06-27T18:42:49.226+0300: 365.562: [GC (Allocation Failure) 2016-06-27T18:42:49.226+0300: 365.562: [ParNew
Desired survivor size 17432576 bytes, new threshold 1 (max 6)
- age   1:   34853520 bytes,   34853520 total
: 306142K->34048K(306688K), 0.0383260 secs] 4255670K->4249620K(5208832K), 0.0385154 secs] [Times: user=0.13 sys=0.00, real=0.04 secs] 
2016-06-27T18:42:49.264+0300: 365.601: Total time for which application threads were stopped: 0.0394477 seconds, Stopping threads took: 0.0005149 seconds
2016-06-27T18:42:49.265+0300: 365.601: [GC (CMS Initial Mark) [1 CMS-initial-mark: 4215572K(4902144K)] 4250620K(5208832K), 0.0003947 secs] [Times: user=0.00 sys=0.00, real=0.00 secs] 
2016-06-27T18:42:49.265+0300: 365.602: Total time for which application threads were stopped: 0.0008519 seconds, Stopping threads took: 0.0001232 seconds
2016-06-27T18:42:49.265+0300: 365.602: [CMS-concurrent-mark-start]
2016-06-27T18:42:49.313+0300: 365.649: [CMS-concurrent-mark: 0.047/0.047 secs] [Times: user=0.19 sys=0.00, real=0.05 secs] 
2016-06-27T18:42:49.313+0300: 365.649: [CMS-concurrent-preclean-start]
2016-06-27T18:42:49.323+0300: 365.659: [CMS-concurrent-preclean: 0.010/0.010 secs] [Times: user=0.06 sys=0.00, real=0.01 secs] 
2016-06-27T18:42:49.323+0300: 365.659: [CMS-concurrent-abortable-preclean-start]
2016-06-27T18:42:49.630+0300: 365.967: [GC (Allocation Failure) 2016-06-27T18:42:49.630+0300: 365.967: [ParNew2016-06-27T18:42:49.662+0300: 365.999: [CMS-concurrent-abortable-preclean: 0.032/0.340 secs] [Times: user=1.30 sys=0.00, real=0.34 secs] 

Desired survivor size 17432576 bytes, new threshold 1 (max 6)
- age   1:   34862464 bytes,   34862464 total
: 306240K->34046K(306688K), 0.0379500 secs] 4521813K->4516678K(5208832K), 0.0381070 secs] [Times: user=0.13 sys=0.00, real=0.04 secs] 
2016-06-27T18:42:49.669+0300: 366.005: Total time for which application threads were stopped: 0.0405203 seconds, Stopping threads took: 0.0020001 seconds
2016-06-27T18:42:49.669+0300: 366.006: [GC (CMS Final Remark) [YG occupancy: 35046 K (306688 K)]2016-06-27T18:42:49.669+0300: 366.006: [Rescan (parallel) , 0.0043723 secs]2016-06-27T18:42:49.674+0300: 366.010: [weak refs processing, 0.0000180 secs]2016-06-27T18:42:49.674+0300: 366.010: [class unloading, 0.0018650 secs]2016-06-27T18:42:49.676+0300: 366.012: [scrub symbol table, 0.0011320 secs]2016-06-27T18:42:49.677+0300: 366.013: [scrub string table, 0.0003182 secs][1 CMS-remark: 4482631K(4902144K)] 4517678K(5208832K), 0.0079877 secs] [Times: user=0.01 sys=0.00, real=0.01 secs] 
2016-06-27T18:42:49.677+0300: 366.014: Total time for which application threads were stopped: 0.0084004 seconds, Stopping threads took: 0.0000530 seconds
2016-06-27T18:42:49.678+0300: 366.015: [CMS-concurrent-sweep-start]
2016-06-27T18:42:49.681+0300: 366.022: [CMS-concurrent-sweep: 0.007/0.007 secs] [Times: user=0.00 sys=0.00, real=0.00 secs] 
2016-06-27T18:42:49.681+0300: 366.022: [CMS-concurrent-reset-start]
2016-06-27T18:42:49.681+0300: 366.028: [CMS-concurrent-reset: 0.006/0.006 secs] [Times: user=0.00 sys=0.00, real=0.00 secs] 
2016-06-27T18:42:50.000+0300: 366.336: [GC (Allocation Failure) 2016-06-27T18:42:50.000+0300: 366.336: [ParNew
Desired survivor size 17432576 bytes, new threshold 1 (max 6)
- age   1:   34855704 bytes,   34855704 total
: 306020K->34048K(306688K), 0.0396962 secs] 4218572K->4213660K(5208832K), 0.0398403 secs] [Times: user=0.17 sys=0.00, real=0.04 secs] 
2016-06-27T18:42:50.040+0300: 366.376: Total time for which application threads were stopped: 0.0410689 seconds, Stopping threads took: 0.0006744 seconds
2016-06-27T18:42:50.041+0300: 366.377: [GC (CMS Initial Mark) [1 CMS-initial-mark: 4179612K(4902144K)] 4214660K(5208832K), 0.0003926 secs] [Times: user=0.00 sys=0.00, real=0.00 secs] 
2016-06-27T18:42:50.041+0300: 366.377: Total time for which application threads were stopped: 0.0008048 seconds, Stopping threads took: 0.0001035 seconds
2016-06-27T18:42:50.041+0300: 366.377: [CMS-concurrent-mark-start]
2016-06-27T18:42:50.045+0300: 366.381: Total time for which application threads were stopped: 0.0014848 seconds, Stopping threads took: 0.0000565 seconds
2016-06-27T18:42:50.090+0300: 366.426: [CMS-concurrent-mark: 0.047/0.049 secs] [Times: user=0.17 sys=0.00, real=0.05 secs] 
2016-06-27T18:42:50.090+0300: 366.426: [CMS-concurrent-preclean-start]
2016-06-27T18:42:50.100+0300: 366.436: [CMS-concurrent-preclean: 0.010/0.010 secs] [Times: user=0.06 sys=0.00, real=0.01 secs] 
2016-06-27T18:42:50.100+0300: 366.436: [CMS-concurrent-abortable-preclean-start]
2016-06-27T18:42:50.405+0300: 366.742: [GC (Allocation Failure) 2016-06-27T18:42:50.405+0300: 366.742: [ParNew2016-06-27T18:42:50.437+0300: 366.774: [CMS-concurrent-abortable-preclean: 0.033/0.337 secs] [Times: user=1.23 sys=0.02, real=0.34 secs] 

Desired survivor size 17432576 bytes, new threshold 1 (max 6)
- age   1:   34850992 bytes,   34850992 total
: 305984K->34048K(306688K), 0.0391415 secs] 4485596K->4479703K(5208832K), 0.0393078 secs] [Times: user=0.19 sys=0.00, real=0.04 secs] 
2016-06-27T18:42:50.444+0300: 366.781: Total time for which application threads were stopped: 0.0404501 seconds, Stopping threads took: 0.0006825 seconds
2016-06-27T18:42:50.446+0300: 366.782: [GC (CMS Final Remark) [YG occupancy: 36104 K (306688 K)]2016-06-27T18:42:50.452+0300: 366.789: [Rescan (parallel) , 0.0042607 secs]2016-06-27T18:42:50.456+0300: 366.793: [weak refs processing, 0.0000261 secs]2016-06-27T18:42:50.456+0300: 366.793: [class unloading, 0.0024582 secs]2016-06-27T18:42:50.459+0300: 366.795: [scrub symbol table, 0.0007672 secs]2016-06-27T18:42:50.460+0300: 366.796: [scrub string table, 0.0001937 secs][1 CMS-remark: 4445655K(4902144K)] 4481760K(5208832K), 0.0139732 secs] [Times: user=0.02 sys=0.00, real=0.01 secs] 
2016-06-27T18:42:50.460+0300: 366.797: Total time for which application threads were stopped: 0.0144509 seconds, Stopping threads took: 0.0000778 seconds
2016-06-27T18:42:50.795+0300: 367.132: [CMS-concurrent-sweep-start]
2016-06-27T18:42:50.799+0300: 367.136: [GC (Allocation Failure) 2016-06-27T18:42:50.799+0300: 367.136: [ParNew
Desired survivor size 17432576 bytes, new threshold 1 (max 6)
- age   1:   34860008 bytes,   34860008 total
: 306290K->34048K(306688K), 0.0389242 secs] 4751945K->4746744K(5208832K), 0.0391500 secs] [Times: user=0.19 sys=0.00, real=0.04 secs] 
2016-06-27T18:42:50.839+0300: 367.175: Total time for which application threads were stopped: 0.0402542 seconds, Stopping threads took: 0.0006500 seconds
2016-06-27T18:42:50.843+0300: 367.180: [CMS-concurrent-sweep: 0.008/0.048 secs] [Times: user=0.19 sys=0.00, real=0.05 secs] 
2016-06-27T18:42:50.843+0300: 367.180: [CMS-concurrent-reset-start]
2016-06-27T18:42:50.850+0300: 367.186: [CMS-concurrent-reset: 0.006/0.006 secs] [Times: user=0.06 sys=0.00, real=0.01 secs] 
2016-06-27T18:42:51.045+0300: 367.382: Total time for which application threads were stopped: 0.0018244 seconds, Stopping threads took: 0.0005808 seconds
2016-06-27T18:42:51.216+0300: 367.553: [GC (Allocation Failure) 2016-06-27T18:42:51.216+0300: 367.553: [ParNew
Desired survivor size 17432576 bytes, new threshold 1 (max 6)
- age   1:   34850200 bytes,   34850200 total
: 306688K->34048K(306688K), 0.0390979 secs] 4464291K->4457698K(5208832K), 0.0392578 secs] [Times: user=0.19 sys=0.00, real=0.04 secs] 
2016-06-27T18:42:51.256+0300: 367.592: Total time for which application threads were stopped: 0.0400836 seconds, Stopping threads took: 0.0003909 seconds
2016-06-27T18:42:51.256+0300: 367.593: [GC (CMS Initial Mark) [1 CMS-initial-mark: 4423650K(4902144K)] 4458700K(5208832K), 0.0003917 secs] [Times: user=0.00 sys=0.00, real=0.00 secs] 
2016-06-27T18:42:51.256+0300: 367.593: Total time for which application threads were stopped: 0.0008425 seconds, Stopping threads took: 0.0000966 seconds
2016-06-27T18:42:51.256+0300: 367.593: [CMS-concurrent-mark-start]
2016-06-27T18:42:51.306+0300: 367.642: [CMS-concurrent-mark: 0.049/0.049 secs] [Times: user=0.19 sys=0.00, real=0.05 secs] 
2016-06-27T18:42:51.306+0300: 367.642: [CMS-concurrent-preclean-start]
2016-06-27T18:42:51.316+0300: 367.652: [CMS-concurrent-preclean: 0.010/0.010 secs] [Times: user=0.00 sys=0.00, real=0.01 secs] 
2016-06-27T18:42:51.316+0300: 367.652: [CMS-concurrent-abortable-preclean-start]
2016-06-27T18:42:51.611+0300: 367.947: [GC (Allocation Failure) 2016-06-27T18:42:51.611+0300: 367.947: [ParNew2016-06-27T18:42:51.649+0300: 367.985: [CMS-concurrent-abortable-preclean: 0.032/0.333 secs] [Times: user=1.38 sys=0.00, real=0.33 secs] 

Desired survivor size 17432576 bytes, new threshold 1 (max 6)
- age   1:   34861296 bytes,   34861296 total
: 306280K->34048K(306688K), 0.0411433 secs] 4729931K->4724753K(5208832K), 0.0412755 secs] [Times: user=0.19 sys=0.00, real=0.04 secs] 
2016-06-27T18:42:51.652+0300: 367.989: Total time for which application threads were stopped: 0.0423557 seconds, Stopping threads took: 0.0007835 seconds
2016-06-27T18:42:51.659+0300: 367.996: [GC (CMS Final Remark) [YG occupancy: 41548 K (306688 K)]2016-06-27T18:42:51.659+0300: 367.996: [Rescan (parallel) , 0.0043108 secs]2016-06-27T18:42:51.664+0300: 368.000: [weak refs processing, 0.0000163 secs]2016-06-27T18:42:51.664+0300: 368.000: [class unloading, 0.0018304 secs]2016-06-27T18:42:51.665+0300: 368.002: [scrub symbol table, 0.0007535 secs]2016-06-27T18:42:51.665+0300: 368.003: [scrub string table, 0.0001903 secs][1 CMS-remark: 4690705K(4902144K)] 4732253K(5208832K), 0.0073351 secs] [Times: user=0.06 sys=0.00, real=0.01 secs] 
2016-06-27T18:42:51.665+0300: 368.003: Total time for which application threads were stopped: 0.0076858 seconds, Stopping threads took: 0.0000864 seconds
2016-06-27T18:42:51.665+0300: 368.003: [CMS-concurrent-sweep-start]
2016-06-27T18:42:51.665+0300: 368.011: [CMS-concurrent-sweep: 0.008/0.008 secs] [Times: user=0.00 sys=0.00, real=0.00 secs] 
2016-06-27T18:42:51.665+0300: 368.011: [CMS-concurrent-reset-start]
2016-06-27T18:42:51.680+0300: 368.017: [CMS-concurrent-reset: 0.006/0.006 secs] [Times: user=0.06 sys=0.00, real=0.02 secs] 
2016-06-27T18:42:51.986+0300: 368.323: [GC (Allocation Failure) 2016-06-27T18:42:51.986+0300: 368.323: [ParNew
Desired survivor size 17432576 bytes, new threshold 1 (max 6)
- age   1:   34855800 bytes,   34855800 total
: 305808K->34048K(306688K), 0.0391813 secs] 4291414K->4286711K(5208832K), 0.0394293 secs] [Times: user=0.19 sys=0.00, real=0.04 secs] 
2016-06-27T18:42:52.026+0300: 368.362: Total time for which application threads were stopped: 0.0408085 seconds, Stopping threads took: 0.0009199 seconds
2016-06-27T18:42:52.026+0300: 368.363: [GC (CMS Initial Mark) [1 CMS-initial-mark: 4252663K(4902144K)] 4287711K(5208832K), 0.0004046 secs] [Times: user=0.00 sys=0.00, real=0.00 secs] 
2016-06-27T18:42:52.027+0300: 368.363: Total time for which application threads were stopped: 0.0008510 seconds, Stopping threads took: 0.0000774 seconds
2016-06-27T18:42:52.027+0300: 368.363: [CMS-concurrent-mark-start]
2016-06-27T18:42:52.045+0300: 368.382: Total time for which application threads were stopped: 0.0015883 seconds, Stopping threads took: 0.0000676 seconds
2016-06-27T18:42:52.055+0300: 368.391: Total time for which application threads were stopped: 0.0003686 seconds, Stopping threads took: 0.0000718 seconds
2016-06-27T18:42:52.077+0300: 368.414: [CMS-concurrent-mark: 0.049/0.051 secs] [Times: user=0.17 sys=0.00, real=0.05 secs] 
2016-06-27T18:42:52.077+0300: 368.414: [CMS-concurrent-preclean-start]
2016-06-27T18:42:52.088+0300: 368.424: [CMS-concurrent-preclean: 0.010/0.010 secs] [Times: user=0.06 sys=0.00, real=0.01 secs] 
2016-06-27T18:42:52.088+0300: 368.424: [CMS-concurrent-abortable-preclean-start]
2016-06-27T18:42:52.408+0300: 368.744: [GC (Allocation Failure) 2016-06-27T18:42:52.408+0300: 368.744: [ParNew2016-06-27T18:42:52.440+0300: 368.777: [CMS-concurrent-abortable-preclean: 0.032/0.353 secs] [Times: user=1.28 sys=0.00, real=0.35 secs] 

Desired survivor size 17432576 bytes, new threshold 1 (max 6)
- age   1:   34857528 bytes,   34857528 total
: 306340K->34048K(306688K), 0.0392185 secs] 4559004K->4552757K(5208832K), 0.0393904 secs] [Times: user=0.17 sys=0.00, real=0.04 secs] 
2016-06-27T18:42:52.447+0300: 368.784: Total time for which application threads were stopped: 0.0404954 seconds, Stopping threads took: 0.0006120 seconds
2016-06-27T18:42:52.448+0300: 368.784: [GC (CMS Final Remark) [YG occupancy: 35048 K (306688 K)]2016-06-27T18:42:52.448+0300: 368.784: [Rescan (parallel) , 0.0042855 secs]2016-06-27T18:42:52.452+0300: 368.789: [weak refs processing, 0.0000274 secs]2016-06-27T18:42:52.452+0300: 368.789: [class unloading, 0.0020805 secs]2016-06-27T18:42:52.454+0300: 368.791: [scrub symbol table, 0.0007924 secs]2016-06-27T18:42:52.455+0300: 368.792: [scrub string table, 0.0002010 secs][1 CMS-remark: 4518709K(4902144K)] 4553757K(5208832K), 0.0076512 secs] [Times: user=0.00 sys=0.00, real=0.01 secs] 
2016-06-27T18:42:52.455+0300: 368.792: Total time for which application threads were stopped: 0.0080579 seconds, Stopping threads took: 0.0000552 seconds
2016-06-27T18:42:52.456+0300: 368.792: [CMS-concurrent-sweep-start]
2016-06-27T18:42:52.464+0300: 368.800: [CMS-concurrent-sweep: 0.008/0.008 secs] [Times: user=0.06 sys=0.00, real=0.01 secs] 
2016-06-27T18:42:52.464+0300: 368.800: [CMS-concurrent-reset-start]
2016-06-27T18:42:52.470+0300: 368.806: [CMS-concurrent-reset: 0.006/0.006 secs] [Times: user=0.00 sys=0.00, real=0.01 secs] 
2016-06-27T18:42:52.784+0300: 369.120: [GC (Allocation Failure) 2016-06-27T18:42:52.784+0300: 369.120: [ParNew
Desired survivor size 17432576 bytes, new threshold 1 (max 6)
- age   1:   34848904 bytes,   34848904 total
: 306237K->34040K(306688K), 0.0394815 secs] 4254869K->4249716K(5208832K), 0.0396282 secs] [Times: user=0.19 sys=0.00, real=0.04 secs] 
2016-06-27T18:42:52.824+0300: 369.160: Total time for which application threads were stopped: 0.0417267 seconds, Stopping threads took: 0.0016691 seconds
2016-06-27T18:42:52.973+0300: 369.309: [GC (CMS Initial Mark) [1 CMS-initial-mark: 4215676K(4902144K)] 4369159K(5208832K), 0.0004623 secs] [Times: user=0.06 sys=0.00, real=0.00 secs] 
2016-06-27T18:42:52.973+0300: 369.310: Total time for which application threads were stopped: 0.0038352 seconds, Stopping threads took: 0.0029559 seconds
2016-06-27T18:42:52.973+0300: 369.310: [CMS-concurrent-mark-start]
2016-06-27T18:42:53.022+0300: 369.359: [CMS-concurrent-mark: 0.049/0.049 secs] [Times: user=0.17 sys=0.00, real=0.05 secs] 
2016-06-27T18:42:53.022+0300: 369.359: [CMS-concurrent-preclean-start]
2016-06-27T18:42:53.033+0300: 369.369: [CMS-concurrent-preclean: 0.010/0.010 secs] [Times: user=0.00 sys=0.00, real=0.01 secs] 
2016-06-27T18:42:53.033+0300: 369.369: [CMS-concurrent-abortable-preclean-start]
2016-06-27T18:42:53.048+0300: 369.385: Total time for which application threads were stopped: 0.0044840 seconds, Stopping threads took: 0.0027746 seconds
2016-06-27T18:42:53.268+0300: 369.604: [GC (Allocation Failure) 2016-06-27T18:42:53.268+0300: 369.604: [ParNew2016-06-27T18:42:53.300+0300: 369.636: [CMS-concurrent-abortable-preclean: 0.032/0.267 secs] [Times: user=0.98 sys=0.00, real=0.27 secs] 

Desired survivor size 17432576 bytes, new threshold 1 (max 6)
- age   1:   34855480 bytes,   34855480 total
: 306680K->34048K(306688K), 0.0382041 secs] 4522356K->4514758K(5208832K), 0.0383786 secs] [Times: user=0.19 sys=0.00, real=0.04 secs] 
2016-06-27T18:42:53.307+0300: 369.643: Total time for which application threads were stopped: 0.0393087 seconds, Stopping threads took: 0.0005440 seconds
2016-06-27T18:42:53.618+0300: 369.954: [GC (Allocation Failure) 2016-06-27T18:42:53.618+0300: 369.954: [ParNew
Desired survivor size 17432576 bytes, new threshold 1 (max 6)
- age   1:   34845800 bytes,   34845800 total
: 306380K->34037K(306688K), 0.0383311 secs] 4787091K->4781790K(5208832K), 0.0384850 secs] [Times: user=0.13 sys=0.00, real=0.04 secs] 
2016-06-27T18:42:53.657+0300: 369.993: Total time for which application threads were stopped: 0.0400058 seconds, Stopping threads took: 0.0011649 seconds
2016-06-27T18:42:53.986+0300: 370.322: [GC (Allocation Failure) 2016-06-27T18:42:53.986+0300: 370.322: [ParNew: 306492K->306492K(306688K), 0.0000411 secs]2016-06-27T18:42:53.986+0300: 370.322: [CMS (concurrent mode failure): 4747752K->3758607K(4902144K), 0.6254582 secs] 5054245K->3758607K(5208832K), [Metaspace: 9056K->9056K(1058816K)], 0.6256553 secs] [Times: user=0.63 sys=0.00, real=0.63 secs] 
2016-06-27T18:42:54.611+0300: 370.948: Total time for which application threads were stopped: 0.6269759 seconds, Stopping threads took: 0.0009254 seconds
2016-06-27T18:42:54.912+0300: 371.248: Total time for which application threads were stopped: 0.0029504 seconds, Stopping threads took: 0.0012479 seconds
2016-06-27T18:42:54.999+0300: 371.336: [GC (Allocation Failure) 2016-06-27T18:42:54.999+0300: 371.336: [ParNew
Desired survivor size 17432576 bytes, new threshold 1 (max 6)
- age   1:   34850312 bytes,   34850312 total
: 272640K->34046K(306688K), 0.0351784 secs] 4031247K->4024666K(5208832K), 0.0353850 secs] [Times: user=0.13 sys=0.00, real=0.04 secs] 
2016-06-27T18:42:55.035+0300: 371.371: Total time for which application threads were stopped: 0.0359726 seconds, Stopping threads took: 0.0002211 seconds
2016-06-27T18:42:55.047+0300: 371.383: Total time for which application threads were stopped: 0.0019022 seconds, Stopping threads took: 0.0001244 seconds
2016-06-27T18:42:55.356+0300: 371.692: [GC (Allocation Failure) 2016-06-27T18:42:55.356+0300: 371.692: [ParNew
Desired survivor size 17432576 bytes, new threshold 1 (max 6)
- age   1:   34848240 bytes,   34848240 total
: 306597K->34048K(306688K), 0.0392052 secs] 4297217K->4291704K(5208832K), 0.0393652 secs] [Times: user=0.14 sys=0.00, real=0.04 secs] 
2016-06-27T18:42:55.395+0300: 371.731: Total time for which application threads were stopped: 0.0402256 seconds, Stopping threads took: 0.0004478 seconds
2016-06-27T18:42:55.725+0300: 372.061: [GC (Allocation Failure) 2016-06-27T18:42:55.725+0300: 372.061: [ParNew
Desired survivor size 17432576 bytes, new threshold 1 (max 6)
- age   1:   34849328 bytes,   34849328 total
: 306575K->34047K(306688K), 0.0408474 secs] 4564231K->4558738K(5208832K), 0.0409770 secs] [Times: user=0.13 sys=0.00, real=0.04 secs] 
2016-06-27T18:42:55.766+0300: 372.102: Total time for which application threads were stopped: 0.0420820 seconds, Stopping threads took: 0.0006402 seconds
2016-06-27T18:42:56.049+0300: 372.385: Total time for which application threads were stopped: 0.0026716 seconds, Stopping threads took: 0.0007463 seconds
2016-06-27T18:42:56.141+0300: 372.477: [GC (Allocation Failure) 2016-06-27T18:42:56.141+0300: 372.477: [ParNew
Desired survivor size 17432576 bytes, new threshold 1 (max 6)
- age   1:   34851832 bytes,   34851832 total
: 306687K->34048K(306688K), 0.0394725 secs] 4831378K->4824774K(5208832K), 0.0396427 secs] [Times: user=0.19 sys=0.00, real=0.04 secs] 
2016-06-27T18:42:56.181+0300: 372.517: Total time for which application threads were stopped: 0.0402414 seconds, Stopping threads took: 0.0002172 seconds
2016-06-27T18:42:56.500+0300: 372.836: [GC (Allocation Failure) 2016-06-27T18:42:56.500+0300: 372.837: [ParNew: 306624K->306624K(306688K), 0.0000329 secs]2016-06-27T18:42:56.500+0300: 372.837: [CMS: 4790726K->3817612K(4902144K), 0.6053259 secs] 5097351K->3817612K(5208832K), [Metaspace: 9061K->9061K(1058816K)], 0.6055128 secs] [Times: user=0.59 sys=0.00, real=0.61 secs] 
2016-06-27T18:42:57.106+0300: 373.442: Total time for which application threads were stopped: 0.6082297 seconds, Stopping threads took: 0.0023512 seconds
2016-06-27T18:42:57.109+0300: 373.445: Total time for which application threads were stopped: 0.0012962 seconds, Stopping threads took: 0.0000847 seconds
2016-06-27T18:42:57.449+0300: 373.785: [GC (Allocation Failure) 2016-06-27T18:42:57.449+0300: 373.785: [ParNew
Desired survivor size 17432576 bytes, new threshold 1 (max 6)
- age   1:   34850592 bytes,   34850592 total
: 272355K->34048K(306688K), 0.0347127 secs] 4089967K->4083671K(5208832K), 0.0348697 secs] [Times: user=0.13 sys=0.00, real=0.04 secs] 
2016-06-27T18:42:57.484+0300: 373.820: Total time for which application threads were stopped: 0.0360196 seconds, Stopping threads took: 0.0007736 seconds
2016-06-27T18:42:57.803+0300: 374.139: [GC (Allocation Failure) 2016-06-27T18:42:57.803+0300: 374.139: [ParNew
Desired survivor size 17432576 bytes, new threshold 1 (max 6)
- age   1:   34848160 bytes,   34848160 total
: 306061K->34048K(306688K), 0.0388344 secs] 4355685K->4350708K(5208832K), 0.0389952 secs] [Times: user=0.13 sys=0.00, real=0.04 secs] 
2016-06-27T18:42:57.842+0300: 374.178: Total time for which application threads were stopped: 0.0400913 seconds, Stopping threads took: 0.0007582 seconds
2016-06-27T18:42:57.842+0300: 374.178: [GC (CMS Initial Mark) [1 CMS-initial-mark: 4316660K(4902144K)] 4351708K(5208832K), 0.0003759 secs] [Times: user=0.00 sys=0.00, real=0.00 secs] 
2016-06-27T18:42:57.842+0300: 374.179: Total time for which application threads were stopped: 0.0007869 seconds, Stopping threads took: 0.0001056 seconds
2016-06-27T18:42:57.842+0300: 374.179: [CMS-concurrent-mark-start]
2016-06-27T18:42:57.890+0300: 374.226: [CMS-concurrent-mark: 0.048/0.048 secs] [Times: user=0.19 sys=0.00, real=0.05 secs] 
2016-06-27T18:42:57.890+0300: 374.227: [CMS-concurrent-preclean-start]
2016-06-27T18:42:57.900+0300: 374.237: [CMS-concurrent-preclean: 0.010/0.010 secs] [Times: user=0.05 sys=0.00, real=0.01 secs] 
2016-06-27T18:42:57.900+0300: 374.237: [CMS-concurrent-abortable-preclean-start]
2016-06-27T18:42:58.048+0300: 374.385: Total time for which application threads were stopped: 0.0021058 seconds, Stopping threads took: 0.0006492 seconds
2016-06-27T18:42:58.223+0300: 374.559: [GC (Allocation Failure) 2016-06-27T18:42:58.223+0300: 374.559: [ParNew
Desired survivor size 17432576 bytes, new threshold 1 (max 6)
- age   1:   34850800 bytes,   34850800 total
: 306688K->34047K(306688K), 0.0395649 secs] 4623348K->4616747K(5208832K), 0.0397714 secs] [Times: user=0.19 sys=0.00, real=0.04 secs] 
2016-06-27T18:42:58.263+0300: 374.599: Total time for which application threads were stopped: 0.0403128 seconds, Stopping threads took: 0.0002382 seconds
2016-06-27T18:42:58.586+0300: 374.923: [GC (Allocation Failure) 2016-06-27T18:42:58.586+0300: 374.923: [ParNew2016-06-27T18:42:58.618+0300: 374.955: [CMS-concurrent-abortable-preclean: 0.085/0.718 secs] [Times: user=2.81 sys=0.05, real=0.72 secs] 

Desired survivor size 17432576 bytes, new threshold 1 (max 6)
- age   1:   34854224 bytes,   34854224 total
: 306309K->34048K(306688K), 0.0394203 secs] 4889008K->4883785K(5208832K), 0.0395555 secs] [Times: user=0.13 sys=0.00, real=0.04 secs] 
2016-06-27T18:42:58.626+0300: 374.962: Total time for which application threads were stopped: 0.0403663 seconds, Stopping threads took: 0.0004721 seconds
2016-06-27T18:42:58.626+0300: 374.963: [GC (CMS Final Remark) [YG occupancy: 35048 K (306688 K)]2016-06-27T18:42:58.626+0300: 374.963: [Rescan (parallel) , 0.0041880 secs]2016-06-27T18:42:58.630+0300: 374.967: [weak refs processing, 0.0000239 secs]2016-06-27T18:42:58.630+0300: 374.967: [class unloading, 0.0018500 secs]2016-06-27T18:42:58.632+0300: 374.969: [scrub symbol table, 0.0007488 secs]2016-06-27T18:42:58.633+0300: 374.970: [scrub string table, 0.0001912 secs][1 CMS-remark: 4849737K(4902144K)] 4884785K(5208832K), 0.0072389 secs] [Times: user=0.06 sys=0.00, real=0.01 secs] 
2016-06-27T18:42:58.633+0300: 374.970: Total time for which application threads were stopped: 0.0075404 seconds, Stopping threads took: 0.0000697 seconds
2016-06-27T18:42:58.634+0300: 374.970: [CMS-concurrent-sweep-start]
2016-06-27T18:42:58.641+0300: 374.978: [CMS-concurrent-sweep: 0.008/0.008 secs] [Times: user=0.00 sys=0.00, real=0.01 secs] 
2016-06-27T18:42:58.641+0300: 374.978: [CMS-concurrent-reset-start]
2016-06-27T18:42:58.647+0300: 374.984: [CMS-concurrent-reset: 0.006/0.006 secs] [Times: user=0.05 sys=0.00, real=0.01 secs] 
2016-06-27T18:42:58.958+0300: 375.294: [GC (Allocation Failure) 2016-06-27T18:42:58.958+0300: 375.295: [ParNew
Desired survivor size 17432576 bytes, new threshold 1 (max 6)
- age   1:   34863408 bytes,   34863408 total
: 306291K->34048K(306688K), 0.0392044 secs] 4675961K->4670940K(5208832K), 0.0393284 secs] [Times: user=0.13 sys=0.00, real=0.04 secs] 
2016-06-27T18:42:58.998+0300: 375.334: Total time for which application threads were stopped: 0.0401452 seconds, Stopping threads took: 0.0005110 seconds
2016-06-27T18:42:59.146+0300: 375.483: Total time for which application threads were stopped: 0.0019501 seconds, Stopping threads took: 0.0003652 seconds
2016-06-27T18:42:59.359+0300: 375.696: [GC (Allocation Failure) 2016-06-27T18:42:59.359+0300: 375.696: [ParNew: 306688K->306688K(306688K), 0.0000346 secs]2016-06-27T18:42:59.359+0300: 375.696: [CMS: 4636892K->3752788K(4902144K), 0.6168362 secs] 4943580K->3752788K(5208832K), [Metaspace: 9063K->9063K(1058816K)], 0.6170488 secs] [Times: user=0.61 sys=0.00, real=0.62 secs] 
2016-06-27T18:42:59.976+0300: 376.313: Total time for which application threads were stopped: 0.6178241 seconds, Stopping threads took: 0.0004165 seconds
2016-06-27T18:43:00.161+0300: 376.498: Total time for which application threads were stopped: 0.0038138 seconds, Stopping threads took: 0.0020108 seconds
2016-06-27T18:43:00.327+0300: 376.664: [GC (Allocation Failure) 2016-06-27T18:43:00.327+0300: 376.664: [ParNew
Desired survivor size 17432576 bytes, new threshold 1 (max 6)
- age   1:   33924080 bytes,   33924080 total
: 272640K->33153K(306688K), 0.0372371 secs] 4025428K->4020954K(5208832K), 0.0373847 secs] [Times: user=0.17 sys=0.00, real=0.04 secs] 
2016-06-27T18:43:00.365+0300: 376.701: Total time for which application threads were stopped: 0.0437751 seconds, Stopping threads took: 0.0060188 seconds
2016-06-27T18:43:00.683+0300: 377.019: [GC (Allocation Failure) 2016-06-27T18:43:00.683+0300: 377.019: [ParNew
Desired survivor size 17432576 bytes, new threshold 1 (max 6)
- age   1:   33832464 bytes,   33832464 total
: 304961K->33106K(306688K), 0.0405947 secs] 4292762K->4282052K(5208832K), 0.0407700 secs] [Times: user=0.19 sys=0.00, real=0.04 secs] 
2016-06-27T18:43:00.724+0300: 377.060: Total time for which application threads were stopped: 0.0429395 seconds, Stopping threads took: 0.0017743 seconds
2016-06-27T18:43:00.724+0300: 377.061: [GC (CMS Initial Mark) [1 CMS-initial-mark: 4248946K(4902144K)] 4284187K(5208832K), 0.0004140 secs] [Times: user=0.00 sys=0.00, real=0.00 secs] 
2016-06-27T18:43:00.725+0300: 377.061: Total time for which application threads were stopped: 0.0008258 seconds, Stopping threads took: 0.0000706 seconds
2016-06-27T18:43:00.725+0300: 377.061: [CMS-concurrent-mark-start]
2016-06-27T18:43:00.773+0300: 377.110: [CMS-concurrent-mark: 0.048/0.048 secs] [Times: user=0.19 sys=0.00, real=0.05 secs] 
2016-06-27T18:43:00.773+0300: 377.110: [CMS-concurrent-preclean-start]
2016-06-27T18:43:00.783+0300: 377.120: [CMS-concurrent-preclean: 0.010/0.010 secs] [Times: user=0.00 sys=0.00, real=0.01 secs] 
2016-06-27T18:43:00.783+0300: 377.120: [CMS-concurrent-abortable-preclean-start]
2016-06-27T18:43:01.092+0300: 377.428: [GC (Allocation Failure) 2016-06-27T18:43:01.092+0300: 377.428: [ParNew2016-06-27T18:43:01.124+0300: 377.460: [CMS-concurrent-abortable-preclean: 0.032/0.340 secs] [Times: user=1.36 sys=0.00, real=0.34 secs] 

Desired survivor size 17432576 bytes, new threshold 1 (max 6)
- age   1:   34851416 bytes,   34851416 total
: 304889K->34048K(306688K), 0.0385710 secs] 4553836K->4548041K(5208832K), 0.0387451 secs] [Times: user=0.19 sys=0.00, real=0.04 secs] 
2016-06-27T18:43:01.131+0300: 377.467: Total time for which application threads were stopped: 0.0442883 seconds, Stopping threads took: 0.0051130 seconds
2016-06-27T18:43:01.131+0300: 377.467: [GC (CMS Final Remark) [YG occupancy: 35064 K (306688 K)]2016-06-27T18:43:01.131+0300: 377.467: [Rescan (parallel) , 0.0043882 secs]2016-06-27T18:43:01.136+0300: 377.472: [weak refs processing, 0.0000265 secs]2016-06-27T18:43:01.136+0300: 377.472: [class unloading, 0.0027917 secs]2016-06-27T18:43:01.138+0300: 377.475: [scrub symbol table, 0.0012038 secs]2016-06-27T18:43:01.140+0300: 377.476: [scrub string table, 0.0003079 secs][1 CMS-remark: 4513993K(4902144K)] 4549057K(5208832K), 0.0090205 secs] [Times: user=0.00 sys=0.00, real=0.01 secs] 
2016-06-27T18:43:01.140+0300: 377.477: Total time for which application threads were stopped: 0.0094358 seconds, Stopping threads took: 0.0000620 seconds
2016-06-27T18:43:01.140+0300: 377.477: [CMS-concurrent-sweep-start]
2016-06-27T18:43:01.148+0300: 377.485: [CMS-concurrent-sweep: 0.008/0.008 secs] [Times: user=0.06 sys=0.00, real=0.01 secs] 
2016-06-27T18:43:01.148+0300: 377.485: [CMS-concurrent-reset-start]
2016-06-27T18:43:01.155+0300: 377.491: [CMS-concurrent-reset: 0.006/0.006 secs] [Times: user=0.00 sys=0.00, real=0.01 secs] 
2016-06-27T18:43:01.468+0300: 377.805: [GC (Allocation Failure) 2016-06-27T18:43:01.468+0300: 377.805: [ParNew
Desired survivor size 17432576 bytes, new threshold 1 (max 6)
- age   1:   34860072 bytes,   34860072 total
: 306151K->34048K(306688K), 0.0403154 secs] 4300009K->4294949K(5208832K), 0.0404724 secs] [Times: user=0.19 sys=0.00, real=0.04 secs] 
2016-06-27T18:43:01.509+0300: 377.845: Total time for which application threads were stopped: 0.0454738 seconds, Stopping threads took: 0.0045695 seconds
2016-06-27T18:43:01.510+0300: 377.847: [GC (CMS Initial Mark) [1 CMS-initial-mark: 4260901K(4902144K)] 4295965K(5208832K), 0.0004619 secs] [Times: user=0.00 sys=0.00, real=0.00 secs] 
2016-06-27T18:43:01.511+0300: 377.847: Total time for which application threads were stopped: 0.0010315 seconds, Stopping threads took: 0.0001882 seconds
2016-06-27T18:43:01.511+0300: 377.847: [CMS-concurrent-mark-start]
2016-06-27T18:43:01.560+0300: 377.897: [CMS-concurrent-mark: 0.049/0.049 secs] [Times: user=0.19 sys=0.00, real=0.05 secs] 
2016-06-27T18:43:01.560+0300: 377.897: [CMS-concurrent-preclean-start]
2016-06-27T18:43:01.570+0300: 377.907: [CMS-concurrent-preclean: 0.010/0.010 secs] [Times: user=0.06 sys=0.00, real=0.01 secs] 
2016-06-27T18:43:01.570+0300: 377.907: [CMS-concurrent-abortable-preclean-start]
2016-06-27T18:43:01.870+0300: 378.206: [GC (Allocation Failure) 2016-06-27T18:43:01.870+0300: 378.206: [ParNew2016-06-27T18:43:01.903+0300: 378.239: [CMS-concurrent-abortable-preclean: 0.032/0.332 secs] [Times: user=1.25 sys=0.02, real=0.33 secs] 

Desired survivor size 17432576 bytes, new threshold 1 (max 6)
- age   1:   34861448 bytes,   34861448 total
: 306062K->34048K(306688K), 0.0385158 secs] 4566963K->4561049K(5208832K), 0.0386809 secs] [Times: user=0.13 sys=0.00, real=0.04 secs] 
2016-06-27T18:43:01.909+0300: 378.245: Total time for which application threads were stopped: 0.0464715 seconds, Stopping threads took: 0.0073428 seconds
2016-06-27T18:43:02.261+0300: 378.597: [GC (Allocation Failure) 2016-06-27T18:43:02.261+0300: 378.597: [ParNew
Desired survivor size 17432576 bytes, new threshold 1 (max 6)
- age   1:   34856024 bytes,   34856024 total
: 306249K->34048K(306688K), 0.0385616 secs] 4833251K->4828098K(5208832K), 0.0387271 secs] [Times: user=0.13 sys=0.00, real=0.04 secs] 
2016-06-27T18:43:02.299+0300: 378.636: Total time for which application threads were stopped: 0.0435904 seconds, Stopping threads took: 0.0044164 seconds
2016-06-27T18:43:02.630+0300: 378.966: [GC (Allocation Failure) 2016-06-27T18:43:02.630+0300: 378.966: [ParNew: 306298K->306298K(306688K), 0.0000334 secs]2016-06-27T18:43:02.630+0300: 378.966: [CMS (concurrent mode failure): 4794050K->3789855K(4902144K), 0.6087420 secs] 5100349K->3789855K(5208832K), [Metaspace: 9066K->9066K(1058816K)], 0.6089178 secs] [Times: user=0.59 sys=0.00, real=0.61 secs] 
2016-06-27T18:43:03.239+0300: 379.575: Total time for which application threads were stopped: 0.6131084 seconds, Stopping threads took: 0.0037321 seconds
2016-06-27T18:43:03.558+0300: 379.895: [GC (Allocation Failure) 2016-06-27T18:43:03.558+0300: 379.895: [ParNew
Desired survivor size 17432576 bytes, new threshold 1 (max 6)
- age   1:   34846152 bytes,   34846152 total
: 271965K->34040K(306688K), 0.0349295 secs] 4061821K->4056907K(5208832K), 0.0350916 secs] [Times: user=0.13 sys=0.00, real=0.04 secs] 
2016-06-27T18:43:03.594+0300: 379.930: Total time for which application threads were stopped: 0.0360731 seconds, Stopping threads took: 0.0005795 seconds
2016-06-27T18:43:03.956+0300: 380.293: Total time for which application threads were stopped: 0.0020994 seconds, Stopping threads took: 0.0007535 seconds
2016-06-27T18:43:04.013+0300: 380.350: [GC (Allocation Failure) 2016-06-27T18:43:04.014+0300: 380.350: [ParNew
Desired survivor size 17432576 bytes, new threshold 1 (max 6)
- age   1:   34862080 bytes,   34862080 total
: 306680K->34047K(306688K), 0.0384803 secs] 4329547K->4324008K(5208832K), 0.0386300 secs] [Times: user=0.19 sys=0.00, real=0.04 secs] 
2016-06-27T18:43:04.052+0300: 380.389: Total time for which application threads were stopped: 0.0390756 seconds, Stopping threads took: 0.0000996 seconds
2016-06-27T18:43:04.364+0300: 380.701: [GC (Allocation Failure) 2016-06-27T18:43:04.370+0300: 380.707: [ParNew
Desired survivor size 17432576 bytes, new threshold 1 (max 6)
- age   1:   34853848 bytes,   34853848 total
: 305987K->34048K(306688K), 0.0396624 secs] 4595948K->4590055K(5208832K), 0.0456230 secs] [Times: user=0.13 sys=0.00, real=0.05 secs] 
2016-06-27T18:43:04.410+0300: 380.746: Total time for which application threads were stopped: 0.0475693 seconds, Stopping threads took: 0.0016486 seconds
2016-06-27T18:43:04.728+0300: 381.065: [GC (Allocation Failure) 2016-06-27T18:43:04.728+0300: 381.065: [ParNew
Desired survivor size 17432576 bytes, new threshold 1 (max 6)
- age   1:   34853904 bytes,   34853904 total
: 306074K->34047K(306688K), 0.0377880 secs] 4862082K->4857097K(5208832K), 0.0379257 secs] [Times: user=0.13 sys=0.00, real=0.04 secs] 
2016-06-27T18:43:04.766+0300: 381.103: Total time for which application threads were stopped: 0.0388007 seconds, Stopping threads took: 0.0005110 seconds
2016-06-27T18:43:05.050+0300: 381.387: Total time for which application threads were stopped: 0.0015661 seconds, Stopping threads took: 0.0006081 seconds
2016-06-27T18:43:05.051+0300: 381.387: Total time for which application threads were stopped: 0.0008202 seconds, Stopping threads took: 0.0000475 seconds
2016-06-27T18:43:05.053+0300: 381.389: Total time for which application threads were stopped: 0.0009939 seconds, Stopping threads took: 0.0000488 seconds
2016-06-27T18:43:05.063+0300: 381.399: Total time for which application threads were stopped: 0.0004815 seconds, Stopping threads took: 0.0000847 seconds
2016-06-27T18:43:05.200+0300: 381.537: [GC (Allocation Failure) 2016-06-27T18:43:05.201+0300: 381.537: [ParNew: 306262K->306262K(306688K), 0.0000334 secs]2016-06-27T18:43:05.201+0300: 381.537: [CMS: 4823050K->3846930K(4902144K), 0.6089075 secs] 5129313K->3846930K(5208832K), [Metaspace: 9071K->9071K(1058816K)], 0.6091564 secs] [Times: user=0.61 sys=0.00, real=0.61 secs] 
2016-06-27T18:43:05.810+0300: 382.146: Total time for which application threads were stopped: 0.6105891 seconds, Stopping threads took: 0.0009417 seconds
2016-06-27T18:43:06.051+0300: 382.387: Total time for which application threads were stopped: 0.0015943 seconds, Stopping threads took: 0.0005684 seconds
2016-06-27T18:43:06.225+0300: 382.562: [GC (Allocation Failure) 2016-06-27T18:43:06.225+0300: 382.562: [ParNew
Desired survivor size 17432576 bytes, new threshold 1 (max 6)
- age   1:   34863536 bytes,   34863536 total
: 272640K->34046K(306688K), 0.0379466 secs] 4119570K->4112013K(5208832K), 0.0380950 secs] [Times: user=0.13 sys=0.00, real=0.04 secs] 
2016-06-27T18:43:06.263+0300: 382.600: Total time for which application threads were stopped: 0.0387510 seconds, Stopping threads took: 0.0003438 seconds
2016-06-27T18:43:06.627+0300: 382.964: [GC (Allocation Failure) 2016-06-27T18:43:06.627+0300: 382.964: [ParNew
Desired survivor size 17432576 bytes, new threshold 1 (max 6)
- age   1:   34856560 bytes,   34856560 total
: 305846K->34048K(306688K), 0.0378752 secs] 4383812K->4378067K(5208832K), 0.0380056 secs] [Times: user=0.19 sys=0.00, real=0.04 secs] 
2016-06-27T18:43:06.665+0300: 383.002: Total time for which application threads were stopped: 0.0392591 seconds, Stopping threads took: 0.0009515 seconds
2016-06-27T18:43:06.987+0300: 383.323: [GC (Allocation Failure) 2016-06-27T18:43:06.993+0300: 383.329: [ParNew
Desired survivor size 17432576 bytes, new threshold 1 (max 6)
- age   1:   34849112 bytes,   34849112 total
: 305857K->34048K(306688K), 0.0386176 secs] 4649877K->4645113K(5208832K), 0.0446522 secs] [Times: user=0.11 sys=0.02, real=0.05 secs] 
2016-06-27T18:43:07.032+0300: 383.368: Total time for which application threads were stopped: 0.0458676 seconds, Stopping threads took: 0.0008566 seconds
2016-06-27T18:43:07.050+0300: 383.387: Total time for which application threads were stopped: 0.0007185 seconds, Stopping threads took: 0.0000710 seconds
2016-06-27T18:43:07.403+0300: 383.740: [GC (Allocation Failure) 2016-06-27T18:43:07.403+0300: 383.740: [ParNew: 306688K->306688K(306688K), 0.0000239 secs]2016-06-27T18:43:07.403+0300: 383.740: [CMS: 4611065K->3665971K(4902144K), 0.5997356 secs] 4917753K->3665971K(5208832K), [Metaspace: 9071K->9071K(1058816K)], 0.5999097 secs] [Times: user=0.59 sys=0.00, real=0.60 secs] 
2016-06-27T18:43:08.003+0300: 384.340: Total time for which application threads were stopped: 0.6008548 seconds, Stopping threads took: 0.0006359 seconds
2016-06-27T18:43:08.137+0300: 384.474: Total time for which application threads were stopped: 0.0018979 seconds, Stopping threads took: 0.0008600 seconds
2016-06-27T18:43:08.359+0300: 384.696: [GC (Allocation Failure) 2016-06-27T18:43:08.365+0300: 384.702: [ParNew
Desired survivor size 17432576 bytes, new threshold 1 (max 6)
- age   1:   34861152 bytes,   34861152 total
: 272640K->34048K(306688K), 0.0360705 secs] 3938611K->3933040K(5208832K), 0.0421163 secs] [Times: user=0.13 sys=0.00, real=0.04 secs] 
2016-06-27T18:43:08.402+0300: 384.738: Total time for which application threads were stopped: 0.0433479 seconds, Stopping threads took: 0.0008887 seconds
2016-06-27T18:43:08.731+0300: 385.067: [GC (Allocation Failure) 2016-06-27T18:43:08.731+0300: 385.068: [ParNew
Desired survivor size 17432576 bytes, new threshold 1 (max 6)
- age   1:   34859712 bytes,   34859712 total
: 306653K->34048K(306688K), 0.0387857 secs] 4205645K->4200090K(5208832K), 0.0389734 secs] [Times: user=0.13 sys=0.02, real=0.04 secs] 
2016-06-27T18:43:08.770+0300: 385.106: Total time for which application threads were stopped: 0.0426089 seconds, Stopping threads took: 0.0032267 seconds
2016-06-27T18:43:09.055+0300: 385.391: Total time for which application threads were stopped: 0.0045092 seconds, Stopping threads took: 0.0035110 seconds
2016-06-27T18:43:09.135+0300: 385.471: [GC (Allocation Failure) 2016-06-27T18:43:09.135+0300: 385.471: [ParNew
Desired survivor size 17432576 bytes, new threshold 1 (max 6)
- age   1:   34863368 bytes,   34863368 total
: 306688K->34048K(306688K), 0.0382199 secs] 4472730K->4466138K(5208832K), 0.0383875 secs] [Times: user=0.13 sys=0.00, real=0.04 secs] 
2016-06-27T18:43:09.173+0300: 385.510: Total time for which application threads were stopped: 0.0389097 seconds, Stopping threads took: 0.0001591 seconds
2016-06-27T18:43:09.523+0300: 385.859: [GC (Allocation Failure) 2016-06-27T18:43:09.523+0300: 385.859: [ParNew
Desired survivor size 17432576 bytes, new threshold 1 (max 6)
- age   1:   34853016 bytes,   34853016 total
: 306550K->34048K(306688K), 0.0407311 secs] 4738640K->4733190K(5208832K), 0.0409133 secs] [Times: user=0.13 sys=0.00, real=0.04 secs] 
2016-06-27T18:43:09.564+0300: 385.900: Total time for which application threads were stopped: 0.0426726 seconds, Stopping threads took: 0.0013274 seconds
2016-06-27T18:43:09.937+0300: 386.273: [GC (Allocation Failure) 2016-06-27T18:43:09.942+0300: 386.279: [ParNew: 305768K->305768K(306688K), 0.0000680 secs]2016-06-27T18:43:09.943+0300: 386.279: [CMS: 4699142K->3754034K(4902144K), 0.7664242 secs] 5004911K->3754034K(5208832K), [Metaspace: 9072K->9072K(1058816K)], 0.7723408 secs] [Times: user=0.76 sys=0.00, real=0.77 secs] 
2016-06-27T18:43:10.709+0300: 387.045: Total time for which application threads were stopped: 0.7755080 seconds, Stopping threads took: 0.0027772 seconds
2016-06-27T18:43:11.129+0300: 387.466: [GC (Allocation Failure) 2016-06-27T18:43:11.129+0300: 387.466: [ParNew
Desired survivor size 17432576 bytes, new threshold 1 (max 6)
- age   1:   34844088 bytes,   34844088 total
: 271965K->34038K(306688K), 0.0360577 secs] 4026000K->4020085K(5208832K), 0.0362198 secs] [Times: user=0.19 sys=0.00, real=0.04 secs] 
2016-06-27T18:43:11.165+0300: 387.502: Total time for which application threads were stopped: 0.0382310 seconds, Stopping threads took: 0.0014947 seconds
2016-06-27T18:43:11.484+0300: 387.820: [GC (Allocation Failure) 2016-06-27T18:43:11.484+0300: 387.820: [ParNew
Desired survivor size 17432576 bytes, new threshold 1 (max 6)
- age   1:   34841616 bytes,   34841616 total
: 305921K->34045K(306688K), 0.0379022 secs] 4291968K->4287122K(5208832K), 0.0380634 secs] [Times: user=0.19 sys=0.00, real=0.04 secs] 
2016-06-27T18:43:11.522+0300: 387.858: Total time for which application threads were stopped: 0.0397073 seconds, Stopping threads took: 0.0011491 seconds
2016-06-27T18:43:11.851+0300: 388.187: [GC (Allocation Failure) 2016-06-27T18:43:11.851+0300: 388.187: [ParNew
Desired survivor size 17432576 bytes, new threshold 1 (max 6)
- age   1:   34848288 bytes,   34848288 total
: 306308K->34037K(306688K), 0.0387737 secs] 4559385K->4554144K(5208832K), 0.0389302 secs] [Times: user=0.13 sys=0.00, real=0.04 secs] 
2016-06-27T18:43:11.890+0300: 388.226: Total time for which application threads were stopped: 0.0423049 seconds, Stopping threads took: 0.0028131 seconds
2016-06-27T18:43:12.078+0300: 388.415: [GC (CMS Initial Mark) [1 CMS-initial-mark: 4520106K(4902144K)] 4715106K(5208832K), 0.0064041 secs] [Times: user=0.00 sys=0.00, real=0.01 secs] 
2016-06-27T18:43:12.085+0300: 388.421: Total time for which application threads were stopped: 0.0076289 seconds, Stopping threads took: 0.0005739 seconds
2016-06-27T18:43:12.085+0300: 388.421: [CMS-concurrent-mark-start]
2016-06-27T18:43:12.133+0300: 388.470: [CMS-concurrent-mark: 0.048/0.048 secs] [Times: user=0.17 sys=0.02, real=0.05 secs] 
2016-06-27T18:43:12.133+0300: 388.470: [CMS-concurrent-preclean-start]
2016-06-27T18:43:12.133+0300: 388.480: [CMS-concurrent-preclean: 0.010/0.010 secs] [Times: user=0.00 sys=0.00, real=0.00 secs] 
2016-06-27T18:43:12.133+0300: 388.480: [CMS-concurrent-abortable-preclean-start]
2016-06-27T18:43:12.224+0300: 388.561: Total time for which application threads were stopped: 0.0016482 seconds, Stopping threads took: 0.0004336 seconds
2016-06-27T18:43:12.309+0300: 388.646: [GC (Allocation Failure) 2016-06-27T18:43:12.309+0300: 388.646: [ParNew2016-06-27T18:43:12.341+0300: 388.678: [CMS-concurrent-abortable-preclean: 0.021/0.198 secs] [Times: user=0.77 sys=0.00, real=0.21 secs] 

Desired survivor size 17432576 bytes, new threshold 1 (max 6)
- age   1:   34864936 bytes,   34864936 total
: 306677K->34048K(306688K), 0.0381887 secs] 4826784K->4820230K(5208832K), 0.0383439 secs] [Times: user=0.13 sys=0.00, real=0.04 secs] 
2016-06-27T18:43:12.348+0300: 388.684: Total time for which application threads were stopped: 0.0388772 seconds, Stopping threads took: 0.0000907 seconds
2016-06-27T18:43:12.350+0300: 388.686: [GC (CMS Final Remark) [YG occupancy: 35279 K (306688 K)]2016-06-27T18:43:12.350+0300: 388.686: [Rescan (parallel) , 0.0043116 secs]2016-06-27T18:43:12.354+0300: 388.691: [weak refs processing, 0.0000239 secs]2016-06-27T18:43:12.354+0300: 388.691: [class unloading, 0.0024334 secs]2016-06-27T18:43:12.356+0300: 388.693: [scrub symbol table, 0.0010401 secs]2016-06-27T18:43:12.358+0300: 388.694: [scrub string table, 0.0001933 secs][1 CMS-remark: 4786182K(4902144K)] 4821462K(5208832K), 0.0082439 secs] [Times: user=0.00 sys=0.00, real=0.01 secs] 
2016-06-27T18:43:12.358+0300: 388.695: Total time for which application threads were stopped: 0.0085894 seconds, Stopping threads took: 0.0000543 seconds
2016-06-27T18:43:12.358+0300: 388.695: [CMS-concurrent-sweep-start]
2016-06-27T18:43:12.365+0300: 388.703: [CMS-concurrent-sweep: 0.008/0.008 secs] [Times: user=0.06 sys=0.00, real=0.01 secs] 
2016-06-27T18:43:12.366+0300: 388.703: [CMS-concurrent-reset-start]
2016-06-27T18:43:12.372+0300: 388.709: [CMS-concurrent-reset: 0.006/0.006 secs] [Times: user=0.00 sys=0.00, real=0.01 secs] 
2016-06-27T18:43:12.748+0300: 389.084: [GC (Allocation Failure) 2016-06-27T18:43:12.748+0300: 389.084: [ParNew
Desired survivor size 17432576 bytes, new threshold 1 (max 6)
- age   1:   34849560 bytes,   34849560 total
: 306111K->34042K(306688K), 0.0435480 secs] 4342191K->4336180K(5208832K), 0.0437277 secs] [Times: user=0.17 sys=0.00, real=0.04 secs] 
2016-06-27T18:43:12.792+0300: 389.128: Total time for which application threads were stopped: 0.0459104 seconds, Stopping threads took: 0.0016379 seconds
2016-06-27T18:43:12.792+0300: 389.129: [GC (CMS Initial Mark) [1 CMS-initial-mark: 4302137K(4902144K)] 4337180K(5208832K), 0.0005282 secs] [Times: user=0.00 sys=0.00, real=0.00 secs] 
2016-06-27T18:43:12.793+0300: 389.129: Total time for which application threads were stopped: 0.0011311 seconds, Stopping threads took: 0.0000894 seconds
2016-06-27T18:43:12.793+0300: 389.129: [CMS-concurrent-mark-start]
2016-06-27T18:43:12.853+0300: 389.190: [CMS-concurrent-mark: 0.061/0.061 secs] [Times: user=0.24 sys=0.00, real=0.06 secs] 
2016-06-27T18:43:12.853+0300: 389.190: [CMS-concurrent-preclean-start]
2016-06-27T18:43:12.867+0300: 389.203: [CMS-concurrent-preclean: 0.013/0.013 secs] [Times: user=0.06 sys=0.00, real=0.01 secs] 
2016-06-27T18:43:12.867+0300: 389.203: [CMS-concurrent-abortable-preclean-start]
2016-06-27T18:43:13.056+0300: 389.392: Total time for which application threads were stopped: 0.0027019 seconds, Stopping threads took: 0.0007249 seconds
2016-06-27T18:43:13.288+0300: 389.624: [GC (Allocation Failure) 2016-06-27T18:43:13.288+0300: 389.624: [ParNew
Desired survivor size 17432576 bytes, new threshold 1 (max 6)
- age   1:   34855032 bytes,   34855032 total
: 306419K->34048K(306688K), 0.0396406 secs] 4608556K->4601222K(5208832K), 0.0398056 secs] [Times: user=0.13 sys=0.00, real=0.04 secs] 
2016-06-27T18:43:13.328+0300: 389.664: Total time for which application threads were stopped: 0.0407815 seconds, Stopping threads took: 0.0004935 seconds
2016-06-27T18:43:13.677+0300: 390.013: [CMS-concurrent-abortable-preclean: 0.107/0.809 secs] [Times: user=3.22 sys=0.00, real=0.81 secs] 
2016-06-27T18:43:13.701+0300: 390.037: [GC (CMS Final Remark) [YG occupancy: 286450 K (306688 K)]2016-06-27T18:43:13.701+0300: 390.037: [Rescan (parallel) , 0.0050771 secs]2016-06-27T18:43:13.706+0300: 390.042: [weak refs processing, 0.0000222 secs]2016-06-27T18:43:13.706+0300: 390.042: [class unloading, 0.0022666 secs]2016-06-27T18:43:13.708+0300: 390.045: [scrub symbol table, 0.0010653 secs]2016-06-27T18:43:13.709+0300: 390.046: [scrub string table, 0.0002258 secs][1 CMS-remark: 4567174K(4902144K)] 4853625K(5208832K), 0.0089136 secs] [Times: user=0.02 sys=0.00, real=0.01 secs] 
2016-06-27T18:43:13.710+0300: 390.046: Total time for which application threads were stopped: 0.0098373 seconds, Stopping threads took: 0.0005761 seconds
2016-06-27T18:43:13.763+0300: 390.108: [CMS-concurrent-sweep-start]
2016-06-27T18:43:13.763+0300: 390.111: [GC (Allocation Failure) 2016-06-27T18:43:13.763+0300: 390.112: [ParNew
Desired survivor size 17432576 bytes, new threshold 1 (max 6)
- age   1:   34843200 bytes,   34843200 total
: 306688K->34037K(306688K), 0.0409389 secs] 4873862K->4867253K(5208832K), 0.0410856 secs] [Times: user=0.19 sys=0.00, real=0.05 secs] 
2016-06-27T18:43:13.816+0300: 390.153: Total time for which application threads were stopped: 0.0416907 seconds, Stopping threads took: 0.0002194 seconds
2016-06-27T18:43:13.823+0300: 390.160: [CMS-concurrent-sweep: 0.010/0.051 secs] [Times: user=0.25 sys=0.00, real=0.06 secs] 
2016-06-27T18:43:13.824+0300: 390.160: [CMS-concurrent-reset-start]
2016-06-27T18:43:13.831+0300: 390.168: [CMS-concurrent-reset: 0.008/0.008 secs] [Times: user=0.00 sys=0.00, real=0.01 secs] 
2016-06-27T18:43:14.055+0300: 390.392: Total time for which application threads were stopped: 0.0022661 seconds, Stopping threads took: 0.0007364 seconds
2016-06-27T18:43:14.273+0300: 390.609: [GC (Allocation Failure) 2016-06-27T18:43:14.273+0300: 390.609: [ParNew
Desired survivor size 17432576 bytes, new threshold 1 (max 6)
- age   1:   34851584 bytes,   34851584 total
: 306677K->34043K(306688K), 0.0394434 secs] 4689829K->4683224K(5208832K), 0.0395751 secs] [Times: user=0.13 sys=0.00, real=0.04 secs] 
2016-06-27T18:43:14.313+0300: 390.649: Total time for which application threads were stopped: 0.0402008 seconds, Stopping threads took: 0.0003490 seconds
2016-06-27T18:43:14.387+0300: 390.723: [GC (CMS Initial Mark) [1 CMS-initial-mark: 4649180K(4902144K)] 4743440K(5208832K), 0.0003934 secs] [Times: user=0.00 sys=0.00, real=0.00 secs] 
2016-06-27T18:43:14.388+0300: 390.724: Total time for which application threads were stopped: 0.0009062 seconds, Stopping threads took: 0.0002964 seconds
2016-06-27T18:43:14.388+0300: 390.724: [CMS-concurrent-mark-start]
2016-06-27T18:43:14.438+0300: 390.774: [CMS-concurrent-mark: 0.050/0.050 secs] [Times: user=0.19 sys=0.00, real=0.05 secs] 
2016-06-27T18:43:14.438+0300: 390.774: [CMS-concurrent-preclean-start]
2016-06-27T18:43:14.448+0300: 390.784: [CMS-concurrent-preclean: 0.010/0.010 secs] [Times: user=0.06 sys=0.00, real=0.01 secs] 
2016-06-27T18:43:14.448+0300: 390.784: [CMS-concurrent-abortable-preclean-start]
2016-06-27T18:43:14.668+0300: 391.004: [GC (Allocation Failure) 2016-06-27T18:43:14.668+0300: 391.004: [ParNew: 305769K->305769K(306688K), 0.0000231 secs]2016-06-27T18:43:14.668+0300: 391.004: [CMS2016-06-27T18:43:14.668+0300: 391.005: [CMS-concurrent-abortable-preclean: 0.021/0.221 secs] [Times: user=0.88 sys=0.00, real=0.22 secs] 
 (concurrent mode failure): 4649180K->3856080K(4902144K), 0.5970884 secs] 4954950K->3856080K(5208832K), [Metaspace: 9075K->9075K(1058816K)], 0.5972300 secs] [Times: user=0.59 sys=0.00, real=0.60 secs] 
2016-06-27T18:43:15.265+0300: 391.602: Total time for which application threads were stopped: 0.5983115 seconds, Stopping threads took: 0.0007971 seconds
2016-06-27T18:43:15.272+0300: 391.608: Total time for which application threads were stopped: 0.0017294 seconds, Stopping threads took: 0.0001488 seconds
2016-06-27T18:43:15.607+0300: 391.943: [GC (Allocation Failure) 2016-06-27T18:43:15.607+0300: 391.943: [ParNew
Desired survivor size 17432576 bytes, new threshold 1 (max 6)
- age   1:   34849896 bytes,   34849896 total
: 272251K->34048K(306688K), 0.0375472 secs] 4128332K->4122141K(5208832K), 0.0377277 secs] [Times: user=0.13 sys=0.00, real=0.04 secs] 
2016-06-27T18:43:15.645+0300: 391.981: Total time for which application threads were stopped: 0.0401632 seconds, Stopping threads took: 0.0020219 seconds
2016-06-27T18:43:15.973+0300: 392.309: [GC (Allocation Failure) 2016-06-27T18:43:15.973+0300: 392.309: [ParNew
Desired survivor size 17432576 bytes, new threshold 1 (max 6)
- age   1:   34848424 bytes,   34848424 total
: 305949K->34041K(306688K), 0.0388550 secs] 4394042K->4389170K(5208832K), 0.0390085 secs] [Times: user=0.13 sys=0.00, real=0.04 secs] 
2016-06-27T18:43:16.012+0300: 392.349: Total time for which application threads were stopped: 0.0408256 seconds, Stopping threads took: 0.0014006 seconds
2016-06-27T18:43:16.013+0300: 392.350: [GC (CMS Initial Mark) [1 CMS-initial-mark: 4355129K(4902144K)] 4390170K(5208832K), 0.0003947 secs] [Times: user=0.00 sys=0.00, real=0.00 secs] 
2016-06-27T18:43:16.014+0300: 392.350: Total time for which application threads were stopped: 0.0009883 seconds, Stopping threads took: 0.0002485 seconds
2016-06-27T18:43:16.014+0300: 392.350: [CMS-concurrent-mark-start]
2016-06-27T18:43:16.058+0300: 392.394: Total time for which application threads were stopped: 0.0042847 seconds, Stopping threads took: 0.0025959 seconds
2016-06-27T18:43:16.067+0300: 392.403: [CMS-concurrent-mark: 0.049/0.053 secs] [Times: user=0.23 sys=0.00, real=0.05 secs] 
2016-06-27T18:43:16.067+0300: 392.403: [CMS-concurrent-preclean-start]
2016-06-27T18:43:16.077+0300: 392.414: [CMS-concurrent-preclean: 0.010/0.010 secs] [Times: user=0.00 sys=0.00, real=0.01 secs] 
2016-06-27T18:43:16.077+0300: 392.414: [CMS-concurrent-abortable-preclean-start]
2016-06-27T18:43:16.375+0300: 392.711: [GC (Allocation Failure) 2016-06-27T18:43:16.375+0300: 392.711: [ParNew2016-06-27T18:43:16.413+0300: 392.750: [CMS-concurrent-abortable-preclean: 0.031/0.336 secs] [Times: user=1.30 sys=0.00, real=0.34 secs] 

Desired survivor size 17432576 bytes, new threshold 1 (max 6)
- age   1:   34849200 bytes,   34849200 total
: 306096K->34047K(306688K), 0.0387275 secs] 4661225K->4655212K(5208832K), 0.0388853 secs] [Times: user=0.19 sys=0.00, real=0.04 secs] 
2016-06-27T18:43:16.414+0300: 392.750: Total time for which application threads were stopped: 0.0400793 seconds, Stopping threads took: 0.0007655 seconds
2016-06-27T18:43:16.415+0300: 392.751: [GC (CMS Final Remark) [YG occupancy: 35047 K (306688 K)]2016-06-27T18:43:16.415+0300: 392.751: [Rescan (parallel) , 0.0042008 secs]2016-06-27T18:43:16.419+0300: 392.755: [weak refs processing, 0.0000252 secs]2016-06-27T18:43:16.419+0300: 392.755: [class unloading, 0.0026929 secs]2016-06-27T18:43:16.425+0300: 392.761: [scrub symbol table, 0.0013262 secs]2016-06-27T18:43:16.427+0300: 392.763: [scrub string table, 0.0003225 secs][1 CMS-remark: 4621164K(4902144K)] 4656212K(5208832K), 0.0125294 secs] [Times: user=0.01 sys=0.00, real=0.01 secs] 
2016-06-27T18:43:16.427+0300: 392.763: Total time for which application threads were stopped: 0.0129468 seconds, Stopping threads took: 0.0000453 seconds
2016-06-27T18:43:16.427+0300: 392.763: [CMS-concurrent-sweep-start]
2016-06-27T18:43:16.435+0300: 392.771: [CMS-concurrent-sweep: 0.008/0.008 secs] [Times: user=0.00 sys=0.00, real=0.01 secs] 
2016-06-27T18:43:16.435+0300: 392.771: [CMS-concurrent-reset-start]
2016-06-27T18:43:16.441+0300: 392.777: [CMS-concurrent-reset: 0.006/0.006 secs] [Times: user=0.00 sys=0.00, real=0.01 secs] 
2016-06-27T18:43:16.767+0300: 393.104: [GC (Allocation Failure) 2016-06-27T18:43:16.768+0300: 393.104: [ParNew
Desired survivor size 17432576 bytes, new threshold 1 (max 6)
- age   1:   34849880 bytes,   34849880 total
: 306271K->34048K(306688K), 0.0406417 secs] 4417364K->4412177K(5208832K), 0.0408038 secs] [Times: user=0.19 sys=0.00, real=0.04 secs] 
2016-06-27T18:43:16.808+0300: 393.145: Total time for which application threads were stopped: 0.0449405 seconds, Stopping threads took: 0.0036701 seconds
2016-06-27T18:43:16.844+0300: 393.181: [GC (CMS Initial Mark) [1 CMS-initial-mark: 4378129K(4902144K)] 4441061K(5208832K), 0.0004670 secs] [Times: user=0.00 sys=0.00, real=0.00 secs] 
2016-06-27T18:43:16.845+0300: 393.182: Total time for which application threads were stopped: 0.0027695 seconds, Stopping threads took: 0.0018915 seconds
2016-06-27T18:43:16.845+0300: 393.182: [CMS-concurrent-mark-start]
2016-06-27T18:43:16.894+0300: 393.231: [CMS-concurrent-mark: 0.049/0.049 secs] [Times: user=0.17 sys=0.00, real=0.05 secs] 
2016-06-27T18:43:16.894+0300: 393.231: [CMS-concurrent-preclean-start]
2016-06-27T18:43:16.904+0300: 393.241: [CMS-concurrent-preclean: 0.010/0.010 secs] [Times: user=0.06 sys=0.00, real=0.01 secs] 
2016-06-27T18:43:16.904+0300: 393.241: [CMS-concurrent-abortable-preclean-start]
2016-06-27T18:43:17.059+0300: 393.395: Total time for which application threads were stopped: 0.0045896 seconds, Stopping threads took: 0.0028020 seconds
2016-06-27T18:43:17.069+0300: 393.405: Total time for which application threads were stopped: 0.0007762 seconds, Stopping threads took: 0.0000667 seconds
2016-06-27T18:43:17.273+0300: 393.609: [GC (Allocation Failure) 2016-06-27T18:43:17.273+0300: 393.610: [ParNew
Desired survivor size 17432576 bytes, new threshold 1 (max 6)
- age   1:   34853640 bytes,   34853640 total
: 306688K->34048K(306688K), 0.0406276 secs] 4684817K->4677215K(5208832K), 0.0408123 secs] [Times: user=0.13 sys=0.00, real=0.04 secs] 
2016-06-27T18:43:17.314+0300: 393.650: Total time for which application threads were stopped: 0.0414957 seconds, Stopping threads took: 0.0002399 seconds
2016-06-27T18:43:17.664+0300: 394.000: [CMS-concurrent-abortable-preclean: 0.128/0.759 secs] [Times: user=2.97 sys=0.01, real=0.76 secs] 
2016-06-27T18:43:17.686+0300: 394.023: [GC (CMS Final Remark) [YG occupancy: 300073 K (306688 K)]2016-06-27T18:43:17.686+0300: 394.023: [Rescan (parallel) , 0.0048132 secs]2016-06-27T18:43:17.691+0300: 394.028: [weak refs processing, 0.0000398 secs]2016-06-27T18:43:17.691+0300: 394.028: [class unloading, 0.0032284 secs]2016-06-27T18:43:17.699+0300: 394.036: [scrub symbol table, 0.0017487 secs]2016-06-27T18:43:17.701+0300: 394.038: [scrub string table, 0.0004076 secs][1 CMS-remark: 4643167K(4902144K)] 4943240K(5208832K), 0.0155790 secs] [Times: user=0.02 sys=0.00, real=0.02 secs] 
2016-06-27T18:43:17.702+0300: 394.038: Total time for which application threads were stopped: 0.0182566 seconds, Stopping threads took: 0.0023085 seconds
2016-06-27T18:43:17.702+0300: 394.038: [CMS-concurrent-sweep-start]
2016-06-27T18:43:17.711+0300: 394.048: [CMS-concurrent-sweep: 0.009/0.009 secs] [Times: user=0.06 sys=0.00, real=0.01 secs] 
2016-06-27T18:43:17.711+0300: 394.048: [CMS-concurrent-reset-start]
2016-06-27T18:43:17.719+0300: 394.056: [GC (Allocation Failure) 2016-06-27T18:43:17.719+0300: 394.056: [ParNew
Desired survivor size 17432576 bytes, new threshold 1 (max 6)
- age   1:   34851352 bytes,   34851352 total
: 306271K->34048K(306688K), 0.0422065 secs] 4439368K->4434185K(5208832K), 0.0423720 secs] [Times: user=0.19 sys=0.00, real=0.04 secs] 
2016-06-27T18:43:17.762+0300: 394.098: Total time for which application threads were stopped: 0.0434548 seconds, Stopping threads took: 0.0006261 seconds
2016-06-27T18:43:17.762+0300: 394.098: [CMS-concurrent-reset: 0.007/0.050 secs] [Times: user=0.19 sys=0.00, real=0.05 secs] 
2016-06-27T18:43:18.062+0300: 394.399: Total time for which application threads were stopped: 0.0077452 seconds, Stopping threads took: 0.0058978 seconds
2016-06-27T18:43:18.179+0300: 394.516: [GC (Allocation Failure) 2016-06-27T18:43:18.179+0300: 394.516: [ParNew
Desired survivor size 17432576 bytes, new threshold 1 (max 6)
- age   1:   34849704 bytes,   34849704 total
: 306688K->34043K(306688K), 0.0383709 secs] 4706825K->4699217K(5208832K), 0.0385475 secs] [Times: user=0.13 sys=0.00, real=0.04 secs] 
2016-06-27T18:43:18.218+0300: 394.554: Total time for which application threads were stopped: 0.0401743 seconds, Stopping threads took: 0.0012120 seconds
2016-06-27T18:43:18.218+0300: 394.555: [GC (CMS Initial Mark) [1 CMS-initial-mark: 4665174K(4902144K)] 4700229K(5208832K), 0.0004084 secs] [Times: user=0.00 sys=0.00, real=0.00 secs] 
2016-06-27T18:43:18.219+0300: 394.555: Total time for which application threads were stopped: 0.0007916 seconds, Stopping threads took: 0.0000778 seconds
2016-06-27T18:43:18.219+0300: 394.555: [CMS-concurrent-mark-start]
2016-06-27T18:43:18.276+0300: 394.612: [CMS-concurrent-mark: 0.057/0.057 secs] [Times: user=0.25 sys=0.00, real=0.06 secs] 
2016-06-27T18:43:18.276+0300: 394.612: [CMS-concurrent-preclean-start]
2016-06-27T18:43:18.287+0300: 394.624: [CMS-concurrent-preclean: 0.012/0.012 secs] [Times: user=0.05 sys=0.00, real=0.01 secs] 
2016-06-27T18:43:18.287+0300: 394.624: [CMS-concurrent-abortable-preclean-start]
2016-06-27T18:43:18.625+0300: 394.961: [CMS-concurrent-abortable-preclean: 0.038/0.337 secs] [Times: user=1.30 sys=0.00, real=0.34 secs] 
2016-06-27T18:43:18.628+0300: 394.964: [GC (Allocation Failure) 2016-06-27T18:43:18.628+0300: 394.964: [ParNew: 306645K->306645K(306688K), 0.0000402 secs]2016-06-27T18:43:18.628+0300: 394.964: [CMS (concurrent mode failure): 4665174K->3841080K(4902144K), 0.7511056 secs] 4971820K->3841080K(5208832K), [Metaspace: 9076K->9076K(1058816K)], 0.7513092 secs] [Times: user=0.75 sys=0.00, real=0.75 secs] 
2016-06-27T18:43:19.379+0300: 395.716: Total time for which application threads were stopped: 0.7556580 seconds, Stopping threads took: 0.0039109 seconds
2016-06-27T18:43:19.382+0300: 395.719: Total time for which application threads were stopped: 0.0012577 seconds, Stopping threads took: 0.0000663 seconds
2016-06-27T18:43:19.732+0300: 396.068: [GC (Allocation Failure) 2016-06-27T18:43:19.732+0300: 396.068: [ParNew
Desired survivor size 17432576 bytes, new threshold 1 (max 6)
- age   1:   34855544 bytes,   34855544 total
: 272303K->34048K(306688K), 0.0362287 secs] 4113384K->4107140K(5208832K), 0.0363887 secs] [Times: user=0.13 sys=0.00, real=0.04 secs] 
2016-06-27T18:43:19.768+0300: 396.105: Total time for which application threads were stopped: 0.0373826 seconds, Stopping threads took: 0.0006000 seconds
2016-06-27T18:43:20.057+0300: 396.394: Total time for which application threads were stopped: 0.0018487 seconds, Stopping threads took: 0.0007202 seconds
2016-06-27T18:43:20.142+0300: 396.478: [GC (Allocation Failure) 2016-06-27T18:43:20.142+0300: 396.478: [ParNew
Desired survivor size 17432576 bytes, new threshold 1 (max 6)
- age   1:   34853440 bytes,   34853440 total
: 306688K->34046K(306688K), 0.0402256 secs] 4379780K->4373182K(5208832K), 0.0403706 secs] [Times: user=0.19 sys=0.00, real=0.04 secs] 
2016-06-27T18:43:20.182+0300: 396.519: Total time for which application threads were stopped: 0.0408726 seconds, Stopping threads took: 0.0002245 seconds
2016-06-27T18:43:20.182+0300: 396.519: [GC (CMS Initial Mark) [1 CMS-initial-mark: 4339135K(4902144K)] 4374182K(5208832K), 0.0003096 secs] [Times: user=0.00 sys=0.00, real=0.00 secs] 
2016-06-27T18:43:20.183+0300: 396.519: Total time for which application threads were stopped: 0.0005602 seconds, Stopping threads took: 0.0000744 seconds
2016-06-27T18:43:20.183+0300: 396.519: [CMS-concurrent-mark-start]
2016-06-27T18:43:20.232+0300: 396.568: [CMS-concurrent-mark: 0.049/0.049 secs] [Times: user=0.19 sys=0.00, real=0.05 secs] 
2016-06-27T18:43:20.232+0300: 396.569: [CMS-concurrent-preclean-start]
2016-06-27T18:43:20.242+0300: 396.579: [CMS-concurrent-preclean: 0.010/0.010 secs] [Times: user=0.06 sys=0.00, real=0.01 secs] 
2016-06-27T18:43:20.242+0300: 396.579: [CMS-concurrent-abortable-preclean-start]
2016-06-27T18:43:20.512+0300: 396.849: [GC (Allocation Failure) 2016-06-27T18:43:20.512+0300: 396.849: [ParNew
Desired survivor size 17432576 bytes, new threshold 1 (max 6)
- age   1:   34844568 bytes,   34844568 total
: 306470K->34036K(306688K), 0.0377995 secs] 4645606K->4641212K(5208832K), 0.0380009 secs] [Times: user=0.13 sys=0.00, real=0.04 secs] 
2016-06-27T18:43:20.551+0300: 396.887: Total time for which application threads were stopped: 0.0387280 seconds, Stopping threads took: 0.0004469 seconds
2016-06-27T18:43:20.894+0300: 397.230: [CMS-concurrent-abortable-preclean: 0.076/0.651 secs] [Times: user=2.52 sys=0.00, real=0.65 secs] 
2016-06-27T18:43:20.899+0300: 397.236: [GC (Allocation Failure) 2016-06-27T18:43:20.899+0300: 397.236: [ParNew: 306064K->306064K(306688K), 0.0000376 secs]2016-06-27T18:43:20.900+0300: 397.236: [CMS (concurrent mode failure): 4607175K->3723075K(4902144K), 0.5630762 secs] 4913240K->3723075K(5208832K), [Metaspace: 9076K->9076K(1058816K)], 0.5632670 secs] [Times: user=0.56 sys=0.00, real=0.56 secs] 
2016-06-27T18:43:21.463+0300: 397.799: Total time for which application threads were stopped: 0.5641633 seconds, Stopping threads took: 0.0004854 seconds
2016-06-27T18:43:21.708+0300: 398.045: Total time for which application threads were stopped: 0.0020634 seconds, Stopping threads took: 0.0005042 seconds
2016-06-27T18:43:21.833+0300: 398.170: [GC (Allocation Failure) 2016-06-27T18:43:21.833+0300: 398.170: [ParNew
Desired survivor size 17432576 bytes, new threshold 1 (max 6)
- age   1:   34851968 bytes,   34851968 total
: 272640K->34048K(306688K), 0.0480033 secs] 3995715K->3989135K(5208832K), 0.0481932 secs] [Times: user=0.13 sys=0.01, real=0.05 secs] 
2016-06-27T18:43:21.881+0300: 398.218: Total time for which application threads were stopped: 0.0488715 seconds, Stopping threads took: 0.0002805 seconds
2016-06-27T18:43:22.060+0300: 398.396: Total time for which application threads were stopped: 0.0024278 seconds, Stopping threads took: 0.0006547 seconds
2016-06-27T18:43:22.228+0300: 398.564: [GC (Allocation Failure) 2016-06-27T18:43:22.228+0300: 398.565: [ParNew
Desired survivor size 17432576 bytes, new threshold 1 (max 6)
- age   1:   34862360 bytes,   34862360 total
: 306377K->34048K(306688K), 0.0403676 secs] 4261465K->4257447K(5208832K), 0.0404860 secs] [Times: user=0.13 sys=0.00, real=0.04 secs] 
2016-06-27T18:43:22.269+0300: 398.605: Total time for which application threads were stopped: 0.0413448 seconds, Stopping threads took: 0.0005440 seconds
2016-06-27T18:43:22.582+0300: 398.919: [GC (Allocation Failure) 2016-06-27T18:43:22.582+0300: 398.919: [ParNew
Desired survivor size 17432576 bytes, new threshold 1 (max 6)
- age   1:   34853824 bytes,   34853824 total
: 306391K->34048K(306688K), 0.0375498 secs] 4529791K->4516498K(5208832K), 0.0376729 secs] [Times: user=0.17 sys=0.00, real=0.04 secs] 
2016-06-27T18:43:22.620+0300: 398.957: Total time for which application threads were stopped: 0.0386287 seconds, Stopping threads took: 0.0006813 seconds
2016-06-27T18:43:22.938+0300: 399.274: [GC (Allocation Failure) 2016-06-27T18:43:22.938+0300: 399.274: [ParNew
Desired survivor size 17432576 bytes, new threshold 1 (max 6)
- age   1:   34859520 bytes,   34859520 total
: 306133K->34047K(306688K), 0.0375767 secs] 4788583K->4783541K(5208832K), 0.0377204 secs] [Times: user=0.19 sys=0.00, real=0.04 secs] 
2016-06-27T18:43:22.976+0300: 399.312: Total time for which application threads were stopped: 0.0388935 seconds, Stopping threads took: 0.0007813 seconds
2016-06-27T18:43:23.059+0300: 399.396: Total time for which application threads were stopped: 0.0020331 seconds, Stopping threads took: 0.0002023 seconds
2016-06-27T18:43:23.317+0300: 399.653: [GC (Allocation Failure) 2016-06-27T18:43:23.317+0300: 399.653: [ParNew: 306550K->306550K(306688K), 0.0000239 secs]2016-06-27T18:43:23.317+0300: 399.653: [CMS: 4749493K->3828347K(4902144K), 0.6376545 secs] 5056044K->3828347K(5208832K), [Metaspace: 9077K->9077K(1058816K)], 0.6378084 secs] [Times: user=0.61 sys=0.02, real=0.64 secs] 
2016-06-27T18:43:23.954+0300: 400.291: Total time for which application threads were stopped: 0.6388724 seconds, Stopping threads took: 0.0007612 seconds
2016-06-27T18:43:24.060+0300: 400.396: Total time for which application threads were stopped: 0.0018128 seconds, Stopping threads took: 0.0001963 seconds
2016-06-27T18:43:24.348+0300: 400.685: [GC (Allocation Failure) 2016-06-27T18:43:24.348+0300: 400.685: [ParNew
Desired survivor size 17432576 bytes, new threshold 1 (max 6)
- age   1:   34850256 bytes,   34850256 total
: 272310K->34048K(306688K), 0.0384196 secs] 4100657K->4094407K(5208832K), 0.0385873 secs] [Times: user=0.13 sys=0.00, real=0.04 secs] 
2016-06-27T18:43:24.387+0300: 400.723: Total time for which application threads were stopped: 0.0394956 seconds, Stopping threads took: 0.0005333 seconds
2016-06-27T18:43:24.761+0300: 401.097: [GC (Allocation Failure) 2016-06-27T18:43:24.761+0300: 401.097: [ParNew
Desired survivor size 17432576 bytes, new threshold 1 (max 6)
- age   1:   34861336 bytes,   34861336 total
: 306117K->34048K(306688K), 0.0400879 secs] 4366476K->4360462K(5208832K), 0.0402645 secs] [Times: user=0.13 sys=0.00, real=0.04 secs] 
2016-06-27T18:43:24.801+0300: 401.137: Total time for which application threads were stopped: 0.0448212 seconds, Stopping threads took: 0.0040371 seconds
2016-06-27T18:43:24.801+0300: 401.138: [GC (CMS Initial Mark) [1 CMS-initial-mark: 4326414K(4902144K)] 4361462K(5208832K), 0.0071239 secs] [Times: user=0.00 sys=0.00, real=0.01 secs] 
2016-06-27T18:43:24.814+0300: 401.150: Total time for which application threads were stopped: 0.0126868 seconds, Stopping threads took: 0.0000787 seconds
2016-06-27T18:43:24.816+0300: 401.152: [CMS-concurrent-mark-start]
2016-06-27T18:43:24.878+0300: 401.214: [CMS-concurrent-mark: 0.062/0.062 secs] [Times: user=0.20 sys=0.00, real=0.06 secs] 
2016-06-27T18:43:24.878+0300: 401.214: [CMS-concurrent-preclean-start]
2016-06-27T18:43:24.924+0300: 401.261: [CMS-concurrent-preclean: 0.047/0.047 secs] [Times: user=0.16 sys=0.00, real=0.05 secs] 
2016-06-27T18:43:24.925+0300: 401.261: [CMS-concurrent-abortable-preclean-start]
2016-06-27T18:43:25.062+0300: 401.399: Total time for which application threads were stopped: 0.0046362 seconds, Stopping threads took: 0.0029102 seconds
2016-06-27T18:43:25.282+0300: 401.619: [GC (Allocation Failure) 2016-06-27T18:43:25.283+0300: 401.619: [ParNew2016-06-27T18:43:25.314+0300: 401.651: [CMS-concurrent-abortable-preclean: 0.042/0.390 secs] [Times: user=1.53 sys=0.00, real=0.39 secs] 

Desired survivor size 17432576 bytes, new threshold 1 (max 6)
- age   1:   34863488 bytes,   34863488 total
: 306688K->34048K(306688K), 0.0387433 secs] 4633102K->4625516K(5208832K), 0.0389033 secs] [Times: user=0.17 sys=0.00, real=0.04 secs] 
2016-06-27T18:43:25.322+0300: 401.658: Total time for which application threads were stopped: 0.0406310 seconds, Stopping threads took: 0.0013736 seconds
2016-06-27T18:43:25.638+0300: 401.975: [GC (Allocation Failure) 2016-06-27T18:43:25.638+0300: 401.975: [ParNew
Desired survivor size 17432576 bytes, new threshold 1 (max 6)
- age   1:   34857896 bytes,   34857896 total
: 306088K->34048K(306688K), 0.0383234 secs] 4897557K->4892567K(5208832K), 0.0384812 secs] [Times: user=0.14 sys=0.00, real=0.04 secs] 
2016-06-27T18:43:25.677+0300: 402.013: Total time for which application threads were stopped: 0.0410155 seconds, Stopping threads took: 0.0021511 seconds
2016-06-27T18:43:26.007+0300: 402.343: [GC (Allocation Failure) 2016-06-27T18:43:26.007+0300: 402.344: [ParNew: 305987K->305987K(306688K), 0.0000368 secs]2016-06-27T18:43:26.007+0300: 402.344: [CMS (concurrent mode failure): 4858519K->3719390K(4902144K), 0.6927158 secs] 5164507K->3719390K(5208832K), [Metaspace: 9077K->9077K(1058816K)], 0.6929651 secs] [Times: user=0.69 sys=0.00, real=0.69 secs] 
2016-06-27T18:43:26.700+0300: 403.037: Total time for which application threads were stopped: 0.6968371 seconds, Stopping threads took: 0.0034550 seconds
2016-06-27T18:43:26.858+0300: 403.194: Total time for which application threads were stopped: 0.0034867 seconds, Stopping threads took: 0.0020095 seconds
2016-06-27T18:43:27.072+0300: 403.408: [GC (Allocation Failure) 2016-06-27T18:43:27.072+0300: 403.408: [ParNew
Desired survivor size 17432576 bytes, new threshold 1 (max 6)
- age   1:   34860200 bytes,   34860200 total
: 272640K->34048K(306688K), 0.0354632 secs] 3992030K->3986465K(5208832K), 0.0356403 secs] [Times: user=0.13 sys=0.00, real=0.04 secs] 
2016-06-27T18:43:27.108+0300: 403.444: Total time for which application threads were stopped: 0.0377978 seconds, Stopping threads took: 0.0017495 seconds
2016-06-27T18:43:27.431+0300: 403.768: [GC (Allocation Failure) 2016-06-27T18:43:27.431+0300: 403.768: [ParNew
Desired survivor size 17432576 bytes, new threshold 1 (max 6)
- age   1:   34855016 bytes,   34855016 total
: 306105K->34048K(306688K), 0.0385086 secs] 4258522K->4252513K(5208832K), 0.0386809 secs] [Times: user=0.13 sys=0.00, real=0.04 secs] 
2016-06-27T18:43:27.470+0300: 403.807: Total time for which application threads were stopped: 0.0431696 seconds, Stopping threads took: 0.0040824 seconds
2016-06-27T18:43:27.686+0300: 404.022: Total time for which application threads were stopped: 0.0027674 seconds, Stopping threads took: 0.0019783 seconds
2016-06-27T18:43:27.686+0300: 404.023: Total time for which application threads were stopped: 0.0006218 seconds, Stopping threads took: 0.0000406 seconds
2016-06-27T18:43:27.688+0300: 404.025: Total time for which application threads were stopped: 0.0013475 seconds, Stopping threads took: 0.0000479 seconds
2016-06-27T18:43:27.842+0300: 404.178: [GC (Allocation Failure) 2016-06-27T18:43:27.842+0300: 404.178: [ParNew
Desired survivor size 17432576 bytes, new threshold 1 (max 6)
- age   1:   34862568 bytes,   34862568 total
: 306688K->34048K(306688K), 0.0389773 secs] 4525153K->4518560K(5208832K), 0.0391449 secs] [Times: user=0.19 sys=0.00, real=0.04 secs] 
2016-06-27T18:43:27.881+0300: 404.217: Total time for which application threads were stopped: 0.0414880 seconds, Stopping threads took: 0.0019291 seconds
2016-06-27T18:43:28.197+0300: 404.533: [GC (Allocation Failure) 2016-06-27T18:43:28.202+0300: 404.538: [ParNew
Desired survivor size 17432576 bytes, new threshold 1 (max 6)
- age   1:   34855072 bytes,   34855072 total
: 306139K->34048K(306688K), 0.0382032 secs] 4790651K->4785609K(5208832K), 0.0430053 secs] [Times: user=0.19 sys=0.00, real=0.04 secs] 
2016-06-27T18:43:28.240+0300: 404.577: Total time for which application threads were stopped: 0.0446989 seconds, Stopping threads took: 0.0012988 seconds
2016-06-27T18:43:28.296+0300: 404.633: Total time for which application threads were stopped: 0.0007416 seconds, Stopping threads took: 0.0002895 seconds
2016-06-27T18:43:28.597+0300: 404.933: [GC (Allocation Failure) 2016-06-27T18:43:28.597+0300: 404.933: [ParNew: 306613K->306613K(306688K), 0.0000252 secs]2016-06-27T18:43:28.597+0300: 404.933: [CMS: 4751561K->3642441K(4902144K), 0.5572871 secs] 5058174K->3642441K(5208832K), [Metaspace: 9077K->9077K(1058816K)], 0.5574539 secs] [Times: user=0.56 sys=0.00, real=0.56 secs] 
2016-06-27T18:43:29.154+0300: 405.491: Total time for which application threads were stopped: 0.5599954 seconds, Stopping threads took: 0.0022353 seconds
2016-06-27T18:43:29.478+0300: 405.814: [GC (Allocation Failure) 2016-06-27T18:43:29.478+0300: 405.815: [ParNew
Desired survivor size 17432576 bytes, new threshold 1 (max 6)
- age   1:   34855008 bytes,   34855008 total
: 272134K->34048K(306688K), 0.0350009 secs] 3914576K->3909506K(5208832K), 0.0351434 secs] [Times: user=0.13 sys=0.00, real=0.04 secs] 
2016-06-27T18:43:29.513+0300: 405.850: Total time for which application threads were stopped: 0.0360962 seconds, Stopping threads took: 0.0006573 seconds
2016-06-27T18:43:29.828+0300: 406.164: [GC (Allocation Failure) 2016-06-27T18:43:29.828+0300: 406.164: [ParNew
Desired survivor size 17432576 bytes, new threshold 1 (max 6)
- age   1:   34855096 bytes,   34855096 total
: 305910K->34047K(306688K), 0.0390744 secs] 4181369K->4176552K(5208832K), 0.0391800 secs] [Times: user=0.19 sys=0.00, real=0.04 secs] 
2016-06-27T18:43:29.867+0300: 406.203: Total time for which application threads were stopped: 0.0401991 seconds, Stopping threads took: 0.0007287 seconds
2016-06-27T18:43:30.060+0300: 406.397: Total time for which application threads were stopped: 0.0018748 seconds, Stopping threads took: 0.0003588 seconds
2016-06-27T18:43:30.208+0300: 406.545: [GC (Allocation Failure) 2016-06-27T18:43:30.208+0300: 406.545: [ParNew
Desired survivor size 17432576 bytes, new threshold 1 (max 6)
- age   1:   34853224 bytes,   34853224 total
: 305891K->34047K(306688K), 0.0394605 secs] 4448395K->4442597K(5208832K), 0.0396333 secs] [Times: user=0.13 sys=0.00, real=0.04 secs] 
2016-06-27T18:43:30.248+0300: 406.584: Total time for which application threads were stopped: 0.0406430 seconds, Stopping threads took: 0.0005996 seconds
2016-06-27T18:43:30.566+0300: 406.902: [GC (Allocation Failure) 2016-06-27T18:43:30.566+0300: 406.902: [ParNew
Desired survivor size 17432576 bytes, new threshold 1 (max 6)
- age   1:   34861864 bytes,   34861864 total
: 305953K->34048K(306688K), 0.0381959 secs] 4714503K->4709640K(5208832K), 0.0383580 secs] [Times: user=0.19 sys=0.00, real=0.04 secs] 
2016-06-27T18:43:30.604+0300: 406.941: Total time for which application threads were stopped: 0.0394793 seconds, Stopping threads took: 0.0006483 seconds
2016-06-27T18:43:30.929+0300: 407.265: [GC (Allocation Failure) 2016-06-27T18:43:30.929+0300: 407.265: [ParNew: 306091K->306091K(306688K), 0.0000351 secs]2016-06-27T18:43:30.929+0300: 407.265: [CMS: 4675592K->3821492K(4902144K), 0.5808384 secs] 4981683K->3821492K(5208832K), [Metaspace: 9077K->9077K(1058816K)], 0.5810317 secs] [Times: user=0.58 sys=0.00, real=0.58 secs] 
2016-06-27T18:43:31.510+0300: 407.846: Total time for which application threads were stopped: 0.5830896 seconds, Stopping threads took: 0.0015913 seconds
2016-06-27T18:43:31.726+0300: 408.062: Total time for which application threads were stopped: 0.0027190 seconds, Stopping threads took: 0.0013031 seconds
2016-06-27T18:43:31.916+0300: 408.252: [GC (Allocation Failure) 2016-06-27T18:43:31.916+0300: 408.252: [ParNew
Desired survivor size 17432576 bytes, new threshold 1 (max 6)
- age   1:   34856608 bytes,   34856608 total
: 272640K->34048K(306688K), 0.0350659 secs] 4094132K->4087553K(5208832K), 0.0352075 secs] [Times: user=0.13 sys=0.00, real=0.04 secs] 
2016-06-27T18:43:31.951+0300: 408.287: Total time for which application threads were stopped: 0.0358725 seconds, Stopping threads took: 0.0003242 seconds
2016-06-27T18:43:32.061+0300: 408.397: Total time for which application threads were stopped: 0.0015224 seconds, Stopping threads took: 0.0002780 seconds
2016-06-27T18:43:32.289+0300: 408.626: [GC (Allocation Failure) 2016-06-27T18:43:32.289+0300: 408.626: [ParNew
Desired survivor size 17432576 bytes, new threshold 1 (max 6)
- age   1:   34848888 bytes,   34848888 total
: 306688K->34040K(306688K), 0.0389841 secs] 4360193K->4353588K(5208832K), 0.0391543 secs] [Times: user=0.13 sys=0.00, real=0.04 secs] 
2016-06-27T18:43:32.328+0300: 408.665: Total time for which application threads were stopped: 0.0406725 seconds, Stopping threads took: 0.0011140 seconds
2016-06-27T18:43:32.342+0300: 408.679: [GC (CMS Initial Mark) [1 CMS-initial-mark: 4319548K(4902144K)] 4365133K(5208832K), 0.0003763 secs] [Times: user=0.00 sys=0.00, real=0.00 secs] 
2016-06-27T18:43:32.343+0300: 408.679: Total time for which application threads were stopped: 0.0007587 seconds, Stopping threads took: 0.0001193 seconds
2016-06-27T18:43:32.343+0300: 408.679: [CMS-concurrent-mark-start]
2016-06-27T18:43:32.393+0300: 408.729: [CMS-concurrent-mark: 0.050/0.050 secs] [Times: user=0.17 sys=0.00, real=0.05 secs] 
2016-06-27T18:43:32.393+0300: 408.729: [CMS-concurrent-preclean-start]
2016-06-27T18:43:32.403+0300: 408.739: [CMS-concurrent-preclean: 0.010/0.010 secs] [Times: user=0.06 sys=0.00, real=0.01 secs] 
2016-06-27T18:43:32.403+0300: 408.740: [CMS-concurrent-abortable-preclean-start]
2016-06-27T18:43:32.734+0300: 409.070: [GC (Allocation Failure) 2016-06-27T18:43:32.734+0300: 409.070: [ParNew2016-06-27T18:43:32.766+0300: 409.102: [CMS-concurrent-abortable-preclean: 0.033/0.362 secs] [Times: user=1.41 sys=0.00, real=0.36 secs] 

Desired survivor size 17432576 bytes, new threshold 1 (max 6)
- age   1:   34849216 bytes,   34849216 total
: 306319K->34048K(306688K), 0.0394357 secs] 4625868K->4616630K(5208832K), 0.0396149 secs] [Times: user=0.19 sys=0.00, real=0.04 secs] 
2016-06-27T18:43:32.774+0300: 409.110: Total time for which application threads were stopped: 0.0433017 seconds, Stopping threads took: 0.0032095 seconds
2016-06-27T18:43:32.774+0300: 409.110: [GC (CMS Final Remark) [YG occupancy: 35048 K (306688 K)]2016-06-27T18:43:32.774+0300: 409.110: [Rescan (parallel) , 0.0048530 secs]2016-06-27T18:43:32.779+0300: 409.115: [weak refs processing, 0.0000304 secs]2016-06-27T18:43:32.779+0300: 409.115: [class unloading, 0.0030616 secs]2016-06-27T18:43:32.782+0300: 409.118: [scrub symbol table, 0.0015537 secs]2016-06-27T18:43:32.784+0300: 409.120: [scrub string table, 0.0003712 secs][1 CMS-remark: 4582582K(4902144K)] 4617630K(5208832K), 0.0102179 secs] [Times: user=0.00 sys=0.00, real=0.01 secs] 
2016-06-27T18:43:32.784+0300: 409.121: Total time for which application threads were stopped: 0.0106785 seconds, Stopping threads took: 0.0000757 seconds
2016-06-27T18:43:32.785+0300: 409.121: [CMS-concurrent-sweep-start]
2016-06-27T18:43:32.794+0300: 409.131: [CMS-concurrent-sweep: 0.009/0.009 secs] [Times: user=0.06 sys=0.00, real=0.01 secs] 
2016-06-27T18:43:32.795+0300: 409.131: [CMS-concurrent-reset-start]
2016-06-27T18:43:32.802+0300: 409.138: [CMS-concurrent-reset: 0.007/0.007 secs] [Times: user=0.06 sys=0.00, real=0.01 secs] 
2016-06-27T18:43:33.065+0300: 409.402: Total time for which application threads were stopped: 0.0055758 seconds, Stopping threads took: 0.0035384 seconds
2016-06-27T18:43:33.206+0300: 409.542: [GC (Allocation Failure) 2016-06-27T18:43:33.206+0300: 409.542: [ParNew
Desired survivor size 17432576 bytes, new threshold 1 (max 6)
- age   1:   34853472 bytes,   34853472 total
: 306688K->34048K(306688K), 0.0394853 secs] 4334192K->4326587K(5208832K), 0.0396534 secs] [Times: user=0.17 sys=0.00, real=0.04 secs] 
2016-06-27T18:43:33.245+0300: 409.582: Total time for which application threads were stopped: 0.0406387 seconds, Stopping threads took: 0.0005384 seconds
2016-06-27T18:43:33.246+0300: 409.582: [GC (CMS Initial Mark) [1 CMS-initial-mark: 4292539K(4902144K)] 4326686K(5208832K), 0.0004093 secs] [Times: user=0.00 sys=0.00, real=0.00 secs] 
2016-06-27T18:43:33.246+0300: 409.583: Total time for which application threads were stopped: 0.0007659 seconds, Stopping threads took: 0.0000440 seconds
2016-06-27T18:43:33.246+0300: 409.583: [CMS-concurrent-mark-start]
2016-06-27T18:43:33.303+0300: 409.640: [CMS-concurrent-mark: 0.057/0.057 secs] [Times: user=0.25 sys=0.00, real=0.06 secs] 
2016-06-27T18:43:33.303+0300: 409.640: [CMS-concurrent-preclean-start]
2016-06-27T18:43:33.315+0300: 409.652: [CMS-concurrent-preclean: 0.012/0.012 secs] [Times: user=0.00 sys=0.00, real=0.01 secs] 
2016-06-27T18:43:33.315+0300: 409.652: [CMS-concurrent-abortable-preclean-start]
2016-06-27T18:43:33.646+0300: 409.982: [GC (Allocation Failure) 2016-06-27T18:43:33.646+0300: 409.982: [ParNew2016-06-27T18:43:33.679+0300: 410.015: [CMS-concurrent-abortable-preclean: 0.037/0.363 secs] [Times: user=1.44 sys=0.00, real=0.36 secs] 

Desired survivor size 17432576 bytes, new threshold 1 (max 6)
- age   1:   34845832 bytes,   34845832 total
: 306640K->34044K(306688K), 0.0409535 secs] 4599179K->4593623K(5208832K), 0.0411177 secs] [Times: user=0.13 sys=0.00, real=0.04 secs] 
2016-06-27T18:43:33.687+0300: 410.024: Total time for which application threads were stopped: 0.0507365 seconds, Stopping threads took: 0.0091552 seconds
2016-06-27T18:43:33.690+0300: 410.026: [GC (CMS Final Remark) [YG occupancy: 35044 K (306688 K)]2016-06-27T18:43:33.690+0300: 410.026: [Rescan (parallel) , 0.0049390 secs]2016-06-27T18:43:33.695+0300: 410.031: [weak refs processing, 0.0000295 secs]2016-06-27T18:43:33.695+0300: 410.031: [class unloading, 0.0029145 secs]2016-06-27T18:43:33.698+0300: 410.034: [scrub symbol table, 0.0014793 secs]2016-06-27T18:43:33.699+0300: 410.035: [scrub string table, 0.0003652 secs][1 CMS-remark: 4559578K(4902144K)] 4594623K(5208832K), 0.0100922 secs] [Times: user=0.06 sys=0.00, real=0.01 secs] 
2016-06-27T18:43:33.700+0300: 410.036: Total time for which application threads were stopped: 0.0106328 seconds, Stopping threads took: 0.0001411 seconds
2016-06-27T18:43:34.066+0300: 410.402: Total time for which application threads were stopped: 0.0056463 seconds, Stopping threads took: 0.0032164 seconds
2016-06-27T18:43:34.067+0300: 410.403: [CMS-concurrent-sweep-start]
2016-06-27T18:43:34.076+0300: 410.412: [CMS-concurrent-sweep: 0.009/0.009 secs] [Times: user=0.05 sys=0.00, real=0.01 secs] 
2016-06-27T18:43:34.076+0300: 410.413: [CMS-concurrent-reset-start]
2016-06-27T18:43:34.083+0300: 410.420: [CMS-concurrent-reset: 0.007/0.007 secs] [Times: user=0.06 sys=0.00, real=0.01 secs] 
2016-06-27T18:43:34.100+0300: 410.436: [GC (Allocation Failure) 2016-06-27T18:43:34.100+0300: 410.437: [ParNew
Desired survivor size 17432576 bytes, new threshold 1 (max 6)
- age   1:   34848016 bytes,   34848016 total
: 305969K->34045K(306688K), 0.0398108 secs] 4419488K->4412596K(5208832K), 0.0399810 secs] [Times: user=0.11 sys=0.00, real=0.04 secs] 
2016-06-27T18:43:34.140+0300: 410.477: Total time for which application threads were stopped: 0.0486166 seconds, Stopping threads took: 0.0081823 seconds
2016-06-27T18:43:34.141+0300: 410.477: [GC (CMS Initial Mark) [1 CMS-initial-mark: 4378550K(4902144K)] 4413596K(5208832K), 0.0004306 secs] [Times: user=0.00 sys=0.00, real=0.00 secs] 
2016-06-27T18:43:34.141+0300: 410.477: Total time for which application threads were stopped: 0.0009203 seconds, Stopping threads took: 0.0000817 seconds
2016-06-27T18:43:34.141+0300: 410.478: [CMS-concurrent-mark-start]
2016-06-27T18:43:34.199+0300: 410.535: [CMS-concurrent-mark: 0.057/0.057 secs] [Times: user=0.25 sys=0.00, real=0.06 secs] 
2016-06-27T18:43:34.199+0300: 410.535: [CMS-concurrent-preclean-start]
2016-06-27T18:43:34.211+0300: 410.547: [CMS-concurrent-preclean: 0.012/0.012 secs] [Times: user=0.05 sys=0.00, real=0.01 secs] 
2016-06-27T18:43:34.211+0300: 410.547: [CMS-concurrent-abortable-preclean-start]
2016-06-27T18:43:34.577+0300: 410.913: [GC (Allocation Failure) 2016-06-27T18:43:34.577+0300: 410.914: [ParNew
Desired survivor size 17432576 bytes, new threshold 1 (max 6)
- age   1:   34851000 bytes,   34851000 total
: 305790K->34046K(306688K), 0.0392933 secs] 4684341K->4678631K(5208832K), 0.0394627 secs] [Times: user=0.19 sys=0.00, real=0.04 secs] 
2016-06-27T18:43:34.623+0300: 410.959: Total time for which application threads were stopped: 0.0536997 seconds, Stopping threads took: 0.0075366 seconds
2016-06-27T18:43:34.973+0300: 411.309: [CMS-concurrent-abortable-preclean: 0.099/0.762 secs] [Times: user=2.97 sys=0.00, real=0.76 secs] 
2016-06-27T18:43:34.989+0300: 411.326: [GC (CMS Final Remark) [YG occupancy: 288202 K (306688 K)]2016-06-27T18:43:34.990+0300: 411.326: [Rescan (parallel) , 0.0048008 secs]2016-06-27T18:43:34.994+0300: 411.331: [weak refs processing, 0.0000312 secs]2016-06-27T18:43:34.995+0300: 411.331: [class unloading, 0.0031176 secs]2016-06-27T18:43:34.998+0300: 411.334: [scrub symbol table, 0.0014151 secs]2016-06-27T18:43:34.999+0300: 411.336: [scrub string table, 0.0003601 secs][1 CMS-remark: 4644584K(4902144K)] 4932787K(5208832K), 0.0101298 secs] [Times: user=0.00 sys=0.00, real=0.01 secs] 
2016-06-27T18:43:35.000+0300: 411.336: Total time for which application threads were stopped: 0.0129763 seconds, Stopping threads took: 0.0023435 seconds
2016-06-27T18:43:35.000+0300: 411.336: [CMS-concurrent-sweep-start]
2016-06-27T18:43:35.009+0300: 411.346: [CMS-concurrent-sweep: 0.009/0.009 secs] [Times: user=0.06 sys=0.00, real=0.01 secs] 
2016-06-27T18:43:35.009+0300: 411.346: [CMS-concurrent-reset-start]
2016-06-27T18:43:35.016+0300: 411.353: [CMS-concurrent-reset: 0.007/0.007 secs] [Times: user=0.00 sys=0.00, real=0.01 secs] 
2016-06-27T18:43:35.031+0300: 411.367: [GC (Allocation Failure) 2016-06-27T18:43:35.031+0300: 411.367: [ParNew
Desired survivor size 17432576 bytes, new threshold 1 (max 6)
- age   1:   34852000 bytes,   34852000 total
: 306653K->34048K(306688K), 0.0407473 secs] 4411164K->4405597K(5208832K), 0.0409650 secs] [Times: user=0.19 sys=0.00, real=0.04 secs] 
2016-06-27T18:43:35.072+0300: 411.408: Total time for which application threads were stopped: 0.0416168 seconds, Stopping threads took: 0.0001035 seconds
2016-06-27T18:43:35.072+0300: 411.409: [GC (CMS Initial Mark) [1 CMS-initial-mark: 4371549K(4902144K)] 4406597K(5208832K), 0.0004760 secs] [Times: user=0.00 sys=0.00, real=0.00 secs] 
2016-06-27T18:43:35.073+0300: 411.409: Total time for which application threads were stopped: 0.0010456 seconds, Stopping threads took: 0.0001343 seconds
2016-06-27T18:43:35.073+0300: 411.409: [CMS-concurrent-mark-start]
2016-06-27T18:43:35.130+0300: 411.467: [CMS-concurrent-mark: 0.057/0.057 secs] [Times: user=0.25 sys=0.00, real=0.06 secs] 
2016-06-27T18:43:35.130+0300: 411.467: [CMS-concurrent-preclean-start]
2016-06-27T18:43:35.143+0300: 411.480: [CMS-concurrent-preclean: 0.013/0.013 secs] [Times: user=0.00 sys=0.00, real=0.01 secs] 
2016-06-27T18:43:35.143+0300: 411.480: [CMS-concurrent-abortable-preclean-start]
2016-06-27T18:43:35.324+0300: 411.660: Total time for which application threads were stopped: 0.0049001 seconds, Stopping threads took: 0.0027297 seconds
2016-06-27T18:43:35.573+0300: 411.909: [GC (Allocation Failure) 2016-06-27T18:43:35.573+0300: 411.909: [ParNew
Desired survivor size 17432576 bytes, new threshold 1 (max 6)
- age   1:   34851520 bytes,   34851520 total
: 306688K->34048K(306688K), 0.0424408 secs] 4678237K->4670636K(5208832K), 0.0426611 secs] [Times: user=0.19 sys=0.00, real=0.04 secs] 
2016-06-27T18:43:35.616+0300: 411.952: Total time for which application threads were stopped: 0.0451415 seconds, Stopping threads took: 0.0020053 seconds
2016-06-27T18:43:35.970+0300: 412.306: [CMS-concurrent-abortable-preclean: 0.121/0.826 secs] [Times: user=3.22 sys=0.00, real=0.83 secs] 
2016-06-27T18:43:36.005+0300: 412.342: [GC (CMS Final Remark) [YG occupancy: 303758 K (306688 K)]2016-06-27T18:43:36.006+0300: 412.342: [Rescan (parallel) , 0.0043330 secs]2016-06-27T18:43:36.010+0300: 412.346: [weak refs processing, 0.0000269 secs]2016-06-27T18:43:36.010+0300: 412.346: [class unloading, 0.0027340 secs]2016-06-27T18:43:36.013+0300: 412.349: [scrub symbol table, 0.0012787 secs]2016-06-27T18:43:36.014+0300: 412.350: [scrub string table, 0.0003195 secs][1 CMS-remark: 4636588K(4902144K)] 4940347K(5208832K), 0.0090423 secs] [Times: user=0.00 sys=0.00, real=0.01 secs] 
2016-06-27T18:43:36.015+0300: 412.351: Total time for which application threads were stopped: 0.0156432 seconds, Stopping threads took: 0.0061672 seconds
2016-06-27T18:43:36.015+0300: 412.351: [CMS-concurrent-sweep-start]
2016-06-27T18:43:36.018+0300: 412.354: [GC (Allocation Failure) 2016-06-27T18:43:36.018+0300: 412.354: [ParNew: 306003K->306003K(306688K), 0.0000346 secs]2016-06-27T18:43:36.018+0300: 412.354: [CMS2016-06-27T18:43:36.024+0300: 412.361: [CMS-concurrent-sweep: 0.008/0.010 secs] [Times: user=0.02 sys=0.00, real=0.01 secs] 
 (concurrent mode failure): 4636588K->3722486K(4902144K), 0.6790108 secs] 4942592K->3722486K(5208832K), [Metaspace: 9085K->9085K(1058816K)], 0.6793469 secs] [Times: user=0.69 sys=0.00, real=0.68 secs] 
2016-06-27T18:43:36.697+0300: 413.033: Total time for which application threads were stopped: 0.6798071 seconds, Stopping threads took: 0.0000770 seconds
2016-06-27T18:43:37.019+0300: 413.355: [GC (Allocation Failure) 2016-06-27T18:43:37.019+0300: 413.355: [ParNew
Desired survivor size 17432576 bytes, new threshold 1 (max 6)
- age   1:   34864984 bytes,   34864984 total
: 271883K->34048K(306688K), 0.0353538 secs] 3994370K->3989728K(5208832K), 0.0354893 secs] [Times: user=0.19 sys=0.00, real=0.03 secs] 
2016-06-27T18:43:37.054+0300: 413.391: Total time for which application threads were stopped: 0.0362429 seconds, Stopping threads took: 0.0004486 seconds
2016-06-27T18:43:37.375+0300: 413.711: [GC (Allocation Failure) 2016-06-27T18:43:37.375+0300: 413.711: [ParNew
Desired survivor size 17432576 bytes, new threshold 1 (max 6)
- age   1:   34849224 bytes,   34849224 total
: 306066K->34048K(306688K), 0.0388357 secs] 4261747K->4256784K(5208832K), 0.0389627 secs] [Times: user=0.19 sys=0.00, real=0.04 secs] 
2016-06-27T18:43:37.414+0300: 413.750: Total time for which application threads were stopped: 0.0398899 seconds, Stopping threads took: 0.0006103 seconds
2016-06-27T18:43:37.414+0300: 413.751: [GC (CMS Initial Mark) [1 CMS-initial-mark: 4222736K(4902144K)] 4257787K(5208832K), 0.0003631 secs] [Times: user=0.00 sys=0.00, real=0.00 secs] 
2016-06-27T18:43:37.415+0300: 413.751: Total time for which application threads were stopped: 0.0006697 seconds, Stopping threads took: 0.0000667 seconds
2016-06-27T18:43:37.415+0300: 413.751: [CMS-concurrent-mark-start]
2016-06-27T18:43:37.465+0300: 413.801: [CMS-concurrent-mark: 0.050/0.050 secs] [Times: user=0.19 sys=0.00, real=0.05 secs] 
2016-06-27T18:43:37.465+0300: 413.801: [CMS-concurrent-preclean-start]
2016-06-27T18:43:37.475+0300: 413.812: [CMS-concurrent-preclean: 0.010/0.010 secs] [Times: user=0.06 sys=0.00, real=0.01 secs] 
2016-06-27T18:43:37.475+0300: 413.812: [CMS-concurrent-abortable-preclean-start]
2016-06-27T18:43:37.758+0300: 414.095: Total time for which application threads were stopped: 0.0017893 seconds, Stopping threads took: 0.0004708 seconds
2016-06-27T18:43:37.801+0300: 414.137: [GC (Allocation Failure) 2016-06-27T18:43:37.801+0300: 414.138: [ParNew
Desired survivor size 17432576 bytes, new threshold 1 (max 6)
- age   1:   34860888 bytes,   34860888 total
: 306087K->34048K(306688K), 0.0373235 secs] 4528824K->4522829K(5208832K), 0.0374527 secs] [Times: user=0.17 sys=0.00, real=0.04 secs] 
2016-06-27T18:43:37.838+0300: 414.175: Total time for which application threads were stopped: 0.0378812 seconds, Stopping threads took: 0.0001022 seconds
2016-06-27T18:43:38.070+0300: 414.406: Total time for which application threads were stopped: 0.0016007 seconds, Stopping threads took: 0.0003284 seconds
2016-06-27T18:43:38.081+0300: 414.417: [CMS-concurrent-abortable-preclean: 0.087/0.605 secs] [Times: user=2.36 sys=0.00, real=0.61 secs] 
2016-06-27T18:43:38.213+0300: 414.550: [GC (Allocation Failure) 2016-06-27T18:43:38.213+0300: 414.550: [ParNew
Desired survivor size 17432576 bytes, new threshold 1 (max 6)
- age   1:   34848688 bytes,   34848688 total
: 306688K->34041K(306688K), 0.0367920 secs] 4795469K->4788875K(5208832K), 0.0369143 secs] [Times: user=0.13 sys=0.00, real=0.04 secs] 
2016-06-27T18:43:38.250+0300: 414.587: Total time for which application threads were stopped: 0.0374766 seconds, Stopping threads took: 0.0003049 seconds
2016-06-27T18:43:38.566+0300: 414.902: [GC (Allocation Failure) 2016-06-27T18:43:38.566+0300: 414.902: [ParNew: 306156K->306156K(306688K), 0.0000235 secs]2016-06-27T18:43:38.566+0300: 414.902: [CMS (concurrent mode failure): 4754833K->3780691K(4902144K), 0.5828745 secs] 5060989K->3780691K(5208832K), [Metaspace: 9085K->9085K(1058816K)], 0.5830255 secs] [Times: user=0.59 sys=0.00, real=0.58 secs] 
2016-06-27T18:43:39.149+0300: 415.485: Total time for which application threads were stopped: 0.5840360 seconds, Stopping threads took: 0.0007360 seconds
2016-06-27T18:43:39.152+0300: 415.489: Total time for which application threads were stopped: 0.0018021 seconds, Stopping threads took: 0.0000774 seconds
2016-06-27T18:43:39.491+0300: 415.827: [GC (Allocation Failure) 2016-06-27T18:43:39.491+0300: 415.827: [ParNew
Desired survivor size 17432576 bytes, new threshold 1 (max 6)
- age   1:   34864816 bytes,   34864816 total
: 272271K->34048K(306688K), 0.0351130 secs] 4052963K->4046760K(5208832K), 0.0352627 secs] [Times: user=0.13 sys=0.00, real=0.04 secs] 
2016-06-27T18:43:39.526+0300: 415.862: Total time for which application threads were stopped: 0.0365867 seconds, Stopping threads took: 0.0010170 seconds
2016-06-27T18:43:39.863+0300: 416.200: [GC (Allocation Failure) 2016-06-27T18:43:39.863+0300: 416.200: [ParNew
Desired survivor size 17432576 bytes, new threshold 1 (max 6)
- age   1:   34851768 bytes,   34851768 total
: 306187K->34048K(306688K), 0.0383666 secs] 4318899K->4313821K(5208832K), 0.0385158 secs] [Times: user=0.19 sys=0.00, real=0.04 secs] 
2016-06-27T18:43:39.902+0300: 416.238: Total time for which application threads were stopped: 0.0401114 seconds, Stopping threads took: 0.0012068 seconds
2016-06-27T18:43:40.083+0300: 416.419: Total time for which application threads were stopped: 0.0043835 seconds, Stopping threads took: 0.0020138 seconds
2016-06-27T18:43:40.093+0300: 416.429: Total time for which application threads were stopped: 0.0006128 seconds, Stopping threads took: 0.0000731 seconds
2016-06-27T18:43:40.266+0300: 416.602: [GC (Allocation Failure) 2016-06-27T18:43:40.266+0300: 416.602: [ParNew
Desired survivor size 17432576 bytes, new threshold 1 (max 6)
- age   1:   34852704 bytes,   34852704 total
: 306428K->34046K(306688K), 0.0393369 secs] 4586201K->4581861K(5208832K), 0.0394503 secs] [Times: user=0.19 sys=0.00, real=0.04 secs] 
2016-06-27T18:43:40.306+0300: 416.642: Total time for which application threads were stopped: 0.0420803 seconds, Stopping threads took: 0.0022576 seconds
2016-06-27T18:43:40.624+0300: 416.960: [GC (Allocation Failure) 2016-06-27T18:43:40.629+0300: 416.965: [ParNew
Desired survivor size 17432576 bytes, new threshold 1 (max 6)
- age   1:   34854240 bytes,   34854240 total
: 305932K->34048K(306688K), 0.0399566 secs] 4853747K->4848912K(5208832K), 0.0446972 secs] [Times: user=0.19 sys=0.00, real=0.04 secs] 
2016-06-27T18:43:40.669+0300: 417.005: Total time for which application threads were stopped: 0.0467170 seconds, Stopping threads took: 0.0016170 seconds
2016-06-27T18:43:41.003+0300: 417.340: [GC (Allocation Failure) 2016-06-27T18:43:41.003+0300: 417.340: [ParNew: 306275K->306275K(306688K), 0.0000355 secs]2016-06-27T18:43:41.003+0300: 417.340: [CMS: 4814864K->3780745K(4902144K), 0.5893372 secs] 5121140K->3780745K(5208832K), [Metaspace: 9085K->9085K(1058816K)], 0.5895267 secs] [Times: user=0.59 sys=0.00, real=0.59 secs] 
2016-06-27T18:43:41.593+0300: 417.929: Total time for which application threads were stopped: 0.5925036 seconds, Stopping threads took: 0.0025484 seconds
2016-06-27T18:43:41.917+0300: 418.253: [GC (Allocation Failure) 2016-06-27T18:43:41.917+0300: 418.253: [ParNew
Desired survivor size 17432576 bytes, new threshold 1 (max 6)
- age   1:   34849976 bytes,   34849976 total
: 272256K->34046K(306688K), 0.0345489 secs] 4053001K->4047803K(5208832K), 0.0347161 secs] [Times: user=0.13 sys=0.00, real=0.03 secs] 
2016-06-27T18:43:41.952+0300: 418.288: Total time for which application threads were stopped: 0.0357921 seconds, Stopping threads took: 0.0006128 seconds
2016-06-27T18:43:42.271+0300: 418.608: [GC (Allocation Failure) 2016-06-27T18:43:42.271+0300: 418.608: [ParNew
Desired survivor size 17432576 bytes, new threshold 1 (max 6)
- age   1:   34849936 bytes,   34849936 total
: 306604K->34042K(306688K), 0.0395662 secs] 4320361K->4314836K(5208832K), 0.0397492 secs] [Times: user=0.13 sys=0.00, real=0.04 secs] 
2016-06-27T18:43:42.311+0300: 418.648: Total time for which application threads were stopped: 0.0412537 seconds, Stopping threads took: 0.0010105 seconds
2016-06-27T18:43:42.312+0300: 418.648: [GC (CMS Initial Mark) [1 CMS-initial-mark: 4280793K(4902144K)] 4315836K(5208832K), 0.0065021 secs] [Times: user=0.00 sys=0.00, real=0.01 secs] 
2016-06-27T18:43:42.318+0300: 418.655: Total time for which application threads were stopped: 0.0070187 seconds, Stopping threads took: 0.0000676 seconds
2016-06-27T18:43:42.318+0300: 418.655: [CMS-concurrent-mark-start]
2016-06-27T18:43:42.368+0300: 418.704: [CMS-concurrent-mark: 0.050/0.050 secs] [Times: user=0.19 sys=0.00, real=0.05 secs] 
2016-06-27T18:43:42.368+0300: 418.704: [CMS-concurrent-preclean-start]
2016-06-27T18:43:42.382+0300: 418.718: [CMS-concurrent-preclean: 0.014/0.014 secs] [Times: user=0.06 sys=0.00, real=0.01 secs] 
2016-06-27T18:43:42.382+0300: 418.718: [CMS-concurrent-abortable-preclean-start]
2016-06-27T18:43:42.663+0300: 418.999: [GC (Allocation Failure) 2016-06-27T18:43:42.663+0300: 418.999: [ParNew
Desired survivor size 17432576 bytes, new threshold 1 (max 6)
- age   1:   34847208 bytes,   34847208 total
: 306069K->34041K(306688K), 0.0391411 secs] 4586863K->4581871K(5208832K), 0.0393083 secs] [Times: user=0.13 sys=0.00, real=0.04 secs] 
2016-06-27T18:43:42.702+0300: 419.039: Total time for which application threads were stopped: 0.0418849 seconds, Stopping threads took: 0.0020267 seconds
2016-06-27T18:43:43.034+0300: 419.371: [GC (Allocation Failure) 2016-06-27T18:43:43.034+0300: 419.371: [ParNew2016-06-27T18:43:43.066+0300: 419.403: [CMS-concurrent-abortable-preclean: 0.074/0.684 secs] [Times: user=2.67 sys=0.02, real=0.68 secs] 

Desired survivor size 17432576 bytes, new threshold 1 (max 6)
- age   1:   34845040 bytes,   34845040 total
: 306097K->34046K(306688K), 0.0396859 secs] 4853927K->4848910K(5208832K), 0.0398356 secs] [Times: user=0.17 sys=0.00, real=0.04 secs] 
2016-06-27T18:43:43.074+0300: 419.411: Total time for which application threads were stopped: 0.0425183 seconds, Stopping threads took: 0.0021520 seconds
2016-06-27T18:43:43.075+0300: 419.412: [GC (CMS Final Remark) [YG occupancy: 35046 K (306688 K)]2016-06-27T18:43:43.075+0300: 419.412: [Rescan (parallel) , 0.0042915 secs]2016-06-27T18:43:43.080+0300: 419.416: [weak refs processing, 0.0000252 secs]2016-06-27T18:43:43.080+0300: 419.416: [class unloading, 0.0022610 secs]2016-06-27T18:43:43.082+0300: 419.419: [scrub symbol table, 0.0016341 secs]2016-06-27T18:43:43.084+0300: 419.420: [scrub string table, 0.0003293 secs][1 CMS-remark: 4814864K(4902144K)] 4849910K(5208832K), 0.0089281 secs] [Times: user=0.01 sys=0.00, real=0.01 secs] 
2016-06-27T18:43:43.084+0300: 419.421: Total time for which application threads were stopped: 0.0096175 seconds, Stopping threads took: 0.0001835 seconds
2016-06-27T18:43:43.432+0300: 419.768: Total time for which application threads were stopped: 0.0046157 seconds, Stopping threads took: 0.0029311 seconds
2016-06-27T18:43:43.480+0300: 419.816: [CMS-concurrent-sweep-start]
2016-06-27T18:43:43.482+0300: 419.819: [GC (Allocation Failure) 2016-06-27T18:43:43.482+0300: 419.819: [ParNew: 306686K->306686K(306688K), 0.0000402 secs]2016-06-27T18:43:43.482+0300: 419.819: [CMS2016-06-27T18:43:43.491+0300: 419.827: [CMS-concurrent-sweep: 0.009/0.011 secs] [Times: user=0.02 sys=0.00, real=0.01 secs] 
 (concurrent mode failure): 4814864K->3705796K(4902144K), 0.6723928 secs] 5121550K->3705796K(5208832K), [Metaspace: 9085K->9085K(1058816K)], 0.6728017 secs] [Times: user=0.67 sys=0.00, real=0.67 secs] 
2016-06-27T18:43:44.155+0300: 420.491: Total time for which application threads were stopped: 0.6739020 seconds, Stopping threads took: 0.0000881 seconds
2016-06-27T18:43:44.477+0300: 420.814: [GC (Allocation Failure) 2016-06-27T18:43:44.477+0300: 420.814: [ParNew
Desired survivor size 17432576 bytes, new threshold 1 (max 6)
- age   1:   34852128 bytes,   34852128 total
: 271880K->34048K(306688K), 0.0351391 secs] 3977677K->3972856K(5208832K), 0.0352704 secs] [Times: user=0.13 sys=0.00, real=0.04 secs] 
2016-06-27T18:43:44.513+0300: 420.849: Total time for which application threads were stopped: 0.0376054 seconds, Stopping threads took: 0.0019856 seconds
2016-06-27T18:43:44.858+0300: 421.195: [GC (Allocation Failure) 2016-06-27T18:43:44.858+0300: 421.195: [ParNew
Desired survivor size 17432576 bytes, new threshold 1 (max 6)
- age   1:   34847288 bytes,   34847288 total
: 306172K->34042K(306688K), 0.0396534 secs] 4244981K->4239889K(5208832K), 0.0398138 secs] [Times: user=0.19 sys=0.00, real=0.04 secs] 
2016-06-27T18:43:44.898+0300: 421.234: Total time for which application threads were stopped: 0.0422249 seconds, Stopping threads took: 0.0019227 seconds
2016-06-27T18:43:44.899+0300: 421.235: [GC (CMS Initial Mark) [1 CMS-initial-mark: 4205847K(4902144K)] 4240889K(5208832K), 0.0004247 secs] [Times: user=0.00 sys=0.00, real=0.00 secs] 
2016-06-27T18:43:44.899+0300: 421.235: Total time for which application threads were stopped: 0.0008634 seconds, Stopping threads took: 0.0000586 seconds
2016-06-27T18:43:44.899+0300: 421.235: [CMS-concurrent-mark-start]
2016-06-27T18:43:44.949+0300: 421.285: [CMS-concurrent-mark: 0.050/0.050 secs] [Times: user=0.19 sys=0.00, real=0.05 secs] 
2016-06-27T18:43:44.949+0300: 421.285: [CMS-concurrent-preclean-start]
2016-06-27T18:43:44.959+0300: 421.295: [CMS-concurrent-preclean: 0.010/0.010 secs] [Times: user=0.06 sys=0.00, real=0.01 secs] 
2016-06-27T18:43:44.959+0300: 421.296: [CMS-concurrent-abortable-preclean-start]
2016-06-27T18:43:45.257+0300: 421.593: [GC (Allocation Failure) 2016-06-27T18:43:45.257+0300: 421.593: [ParNew2016-06-27T18:43:45.294+0300: 421.631: [CMS-concurrent-abortable-preclean: 0.032/0.335 secs] [Times: user=1.30 sys=0.02, real=0.33 secs] 

Desired survivor size 17432576 bytes, new threshold 1 (max 6)
- age   1:   34847376 bytes,   34847376 total
: 306471K->34046K(306688K), 0.0380240 secs] 4512318K->4506930K(5208832K), 0.0381797 secs] [Times: user=0.13 sys=0.00, real=0.04 secs] 
2016-06-27T18:43:45.295+0300: 421.631: Total time for which application threads were stopped: 0.0407302 seconds, Stopping threads took: 0.0020617 seconds
2016-06-27T18:43:45.296+0300: 421.632: [GC (CMS Final Remark) [YG occupancy: 35046 K (306688 K)]2016-06-27T18:43:45.296+0300: 421.632: [Rescan (parallel) , 0.0042543 secs]2016-06-27T18:43:45.300+0300: 421.636: [weak refs processing, 0.0000244 secs]2016-06-27T18:43:45.300+0300: 421.636: [class unloading, 0.0023132 secs]2016-06-27T18:43:45.302+0300: 421.638: [scrub symbol table, 0.0011808 secs]2016-06-27T18:43:45.303+0300: 421.640: [scrub string table, 0.0003212 secs][1 CMS-remark: 4472883K(4902144K)] 4507930K(5208832K), 0.0083743 secs] [Times: user=0.02 sys=0.00, real=0.01 secs] 
2016-06-27T18:43:45.304+0300: 421.640: Total time for which application threads were stopped: 0.0088217 seconds, Stopping threads took: 0.0000736 seconds
2016-06-27T18:43:45.305+0300: 421.642: [CMS-concurrent-sweep-start]
2016-06-27T18:43:45.314+0300: 421.650: [CMS-concurrent-sweep: 0.008/0.008 secs] [Times: user=0.00 sys=0.00, real=0.01 secs] 
2016-06-27T18:43:45.314+0300: 421.650: [CMS-concurrent-reset-start]
2016-06-27T18:43:45.320+0300: 421.656: [CMS-concurrent-reset: 0.006/0.006 secs] [Times: user=0.06 sys=0.00, real=0.01 secs] 
2016-06-27T18:43:45.626+0300: 421.962: [GC (Allocation Failure) 2016-06-27T18:43:45.626+0300: 421.962: [ParNew
Desired survivor size 17432576 bytes, new threshold 1 (max 6)
- age   1:   34844576 bytes,   34844576 total
: 306403K->34046K(306688K), 0.0375446 secs] 4254217K->4248893K(5208832K), 0.0376982 secs] [Times: user=0.19 sys=0.00, real=0.04 secs] 
2016-06-27T18:43:45.664+0300: 422.000: Total time for which application threads were stopped: 0.0388071 seconds, Stopping threads took: 0.0006051 seconds
2016-06-27T18:43:45.664+0300: 422.000: [GC (CMS Initial Mark) [1 CMS-initial-mark: 4214847K(4902144K)] 4249893K(5208832K), 0.0004375 secs] [Times: user=0.00 sys=0.00, real=0.00 secs] 
2016-06-27T18:43:45.665+0300: 422.001: Total time for which application threads were stopped: 0.0009507 seconds, Stopping threads took: 0.0001116 seconds
2016-06-27T18:43:45.665+0300: 422.001: [CMS-concurrent-mark-start]
2016-06-27T18:43:45.714+0300: 422.051: [CMS-concurrent-mark: 0.050/0.050 secs] [Times: user=0.19 sys=0.00, real=0.05 secs] 
2016-06-27T18:43:45.715+0300: 422.051: [CMS-concurrent-preclean-start]
2016-06-27T18:43:45.725+0300: 422.061: [CMS-concurrent-preclean: 0.010/0.010 secs] [Times: user=0.06 sys=0.00, real=0.01 secs] 
2016-06-27T18:43:45.725+0300: 422.061: [CMS-concurrent-abortable-preclean-start]
2016-06-27T18:43:46.038+0300: 422.375: [GC (Allocation Failure) 2016-06-27T18:43:46.038+0300: 422.375: [ParNew2016-06-27T18:43:46.070+0300: 422.406: [CMS-concurrent-abortable-preclean: 0.032/0.345 secs] [Times: user=1.33 sys=0.01, real=0.35 secs] 

Desired survivor size 17432576 bytes, new threshold 1 (max 6)
- age   1:   34847512 bytes,   34847512 total
: 306686K->34048K(306688K), 0.0382421 secs] 4521533K->4515926K(5208832K), 0.0383969 secs] [Times: user=0.11 sys=0.01, real=0.04 secs] 
2016-06-27T18:43:46.077+0300: 422.413: Total time for which application threads were stopped: 0.0398240 seconds, Stopping threads took: 0.0009160 seconds
2016-06-27T18:43:46.077+0300: 422.413: [GC (CMS Final Remark) [YG occupancy: 36123 K (306688 K)]2016-06-27T18:43:46.077+0300: 422.413: [Rescan (parallel) , 0.0042872 secs]2016-06-27T18:43:46.082+0300: 422.418: [weak refs processing, 0.0000265 secs]2016-06-27T18:43:46.082+0300: 422.418: [class unloading, 0.0022392 secs]2016-06-27T18:43:46.084+0300: 422.420: [scrub symbol table, 0.0008057 secs]2016-06-27T18:43:46.085+0300: 422.421: [scrub string table, 0.0001937 secs][1 CMS-remark: 4481878K(4902144K)] 4518002K(5208832K), 0.0077991 secs] [Times: user=0.01 sys=0.00, real=0.01 secs] 
2016-06-27T18:43:46.085+0300: 422.421: Total time for which application threads were stopped: 0.0082730 seconds, Stopping threads took: 0.0001411 seconds
2016-06-27T18:43:46.085+0300: 422.421: [CMS-concurrent-sweep-start]
2016-06-27T18:43:46.093+0300: 422.430: [CMS-concurrent-sweep: 0.008/0.008 secs] [Times: user=0.00 sys=0.00, real=0.01 secs] 
2016-06-27T18:43:46.093+0300: 422.430: [CMS-concurrent-reset-start]
2016-06-27T18:43:46.099+0300: 422.436: [CMS-concurrent-reset: 0.006/0.006 secs] [Times: user=0.06 sys=0.00, real=0.01 secs] 
2016-06-27T18:43:46.404+0300: 422.740: [GC (Allocation Failure) 2016-06-27T18:43:46.404+0300: 422.740: [ParNew
Desired survivor size 17432576 bytes, new threshold 1 (max 6)
- age   1:   34850784 bytes,   34850784 total
: 306039K->34048K(306688K), 0.0391770 secs] 4382859K->4377902K(5208832K), 0.0393006 secs] [Times: user=0.19 sys=0.00, real=0.04 secs] 
2016-06-27T18:43:46.443+0300: 422.780: Total time for which application threads were stopped: 0.0401927 seconds, Stopping threads took: 0.0005068 seconds
2016-06-27T18:43:46.443+0300: 422.780: [GC (CMS Initial Mark) [1 CMS-initial-mark: 4343854K(4902144K)] 4378902K(5208832K), 0.0004037 secs] [Times: user=0.00 sys=0.00, real=0.00 secs] 
2016-06-27T18:43:46.444+0300: 422.780: Total time for which application threads were stopped: 0.0008130 seconds, Stopping threads took: 0.0001043 seconds
2016-06-27T18:43:46.444+0300: 422.780: [CMS-concurrent-mark-start]
2016-06-27T18:43:46.495+0300: 422.832: [CMS-concurrent-mark: 0.051/0.051 secs] [Times: user=0.19 sys=0.00, real=0.05 secs] 
2016-06-27T18:43:46.495+0300: 422.832: [CMS-concurrent-preclean-start]
2016-06-27T18:43:46.506+0300: 422.842: [CMS-concurrent-preclean: 0.010/0.010 secs] [Times: user=0.06 sys=0.00, real=0.01 secs] 
2016-06-27T18:43:46.506+0300: 422.842: [CMS-concurrent-abortable-preclean-start]
2016-06-27T18:43:46.825+0300: 423.161: [GC (Allocation Failure) 2016-06-27T18:43:46.825+0300: 423.162: [ParNew2016-06-27T18:43:46.857+0300: 423.193: [CMS-concurrent-abortable-preclean: 0.043/0.351 secs] [Times: user=1.33 sys=0.00, real=0.35 secs] 

Desired survivor size 17432576 bytes, new threshold 1 (max 6)
- age   1:   34851456 bytes,   34851456 total
: 306688K->34048K(306688K), 0.0394319 secs] 4650542K->4644940K(5208832K), 0.0456996 secs] [Times: user=0.17 sys=0.00, real=0.05 secs] 
2016-06-27T18:43:46.871+0300: 423.207: Total time for which application threads were stopped: 0.0467674 seconds, Stopping threads took: 0.0005850 seconds
2016-06-27T18:43:46.871+0300: 423.208: [GC (CMS Final Remark) [YG occupancy: 35160 K (306688 K)]2016-06-27T18:43:46.871+0300: 423.208: [Rescan (parallel) , 0.0043146 secs]2016-06-27T18:43:46.875+0300: 423.212: [weak refs processing, 0.0000261 secs]2016-06-27T18:43:46.875+0300: 423.212: [class unloading, 0.0016388 secs]2016-06-27T18:43:46.877+0300: 423.214: [scrub symbol table, 0.0007394 secs]2016-06-27T18:43:46.878+0300: 423.214: [scrub string table, 0.0001963 secs][1 CMS-remark: 4610892K(4902144K)] 4646053K(5208832K), 0.0071529 secs] [Times: user=0.00 sys=0.00, real=0.01 secs] 
2016-06-27T18:43:46.878+0300: 423.215: Total time for which application threads were stopped: 0.0075622 seconds, Stopping threads took: 0.0000766 seconds
2016-06-27T18:43:46.878+0300: 423.215: [CMS-concurrent-sweep-start]
2016-06-27T18:43:46.878+0300: 423.223: [CMS-concurrent-sweep: 0.008/0.008 secs] [Times: user=0.00 sys=0.00, real=0.00 secs] 
2016-06-27T18:43:46.878+0300: 423.223: [CMS-concurrent-reset-start]
2016-06-27T18:43:46.878+0300: 423.229: [CMS-concurrent-reset: 0.006/0.006 secs] [Times: user=0.00 sys=0.00, real=0.00 secs] 
2016-06-27T18:43:47.202+0300: 423.538: [GC (Allocation Failure) 2016-06-27T18:43:47.202+0300: 423.538: [ParNew
Desired survivor size 17432576 bytes, new threshold 1 (max 6)
- age   1:   34846064 bytes,   34846064 total
: 306515K->34042K(306688K), 0.0377567 secs] 4317329K->4311894K(5208832K), 0.0379090 secs] [Times: user=0.19 sys=0.00, real=0.04 secs] 
2016-06-27T18:43:47.240+0300: 423.576: Total time for which application threads were stopped: 0.0390547 seconds, Stopping threads took: 0.0006971 seconds
2016-06-27T18:43:47.589+0300: 423.926: [GC (Allocation Failure) 2016-06-27T18:43:47.589+0300: 423.926: [ParNew
Desired survivor size 17432576 bytes, new threshold 1 (max 6)
- age   1:   34843400 bytes,   34843400 total
: 306682K->34038K(306688K), 0.0385603 secs] 4584534K->4578922K(5208832K), 0.0387010 secs] [Times: user=0.13 sys=0.00, real=0.04 secs] 
2016-06-27T18:43:47.628+0300: 423.965: Total time for which application threads were stopped: 0.0398300 seconds, Stopping threads took: 0.0006513 seconds
2016-06-27T18:43:47.958+0300: 424.294: [GC (Allocation Failure) 2016-06-27T18:43:47.958+0300: 424.294: [ParNew
Desired survivor size 17432576 bytes, new threshold 1 (max 6)
- age   1:   34864904 bytes,   34864904 total
: 305767K->34048K(306688K), 0.0396162 secs] 4850651K->4844994K(5208832K), 0.0397731 secs] [Times: user=0.13 sys=0.00, real=0.04 secs] 
2016-06-27T18:43:47.998+0300: 424.334: Total time for which application threads were stopped: 0.0411429 seconds, Stopping threads took: 0.0008215 seconds
2016-06-27T18:43:48.202+0300: 424.538: [GC (CMS Initial Mark) [1 CMS-initial-mark: 4810946K(4902144K)] 5020415K(5208832K), 0.0064897 secs] [Times: user=0.00 sys=0.00, real=0.01 secs] 
2016-06-27T18:43:48.208+0300: 424.545: Total time for which application threads were stopped: 0.0075588 seconds, Stopping threads took: 0.0006321 seconds
2016-06-27T18:43:48.208+0300: 424.545: [CMS-concurrent-mark-start]
2016-06-27T18:43:48.257+0300: 424.593: [CMS-concurrent-mark: 0.048/0.048 secs] [Times: user=0.19 sys=0.00, real=0.05 secs] 
2016-06-27T18:43:48.257+0300: 424.593: [CMS-concurrent-preclean-start]
2016-06-27T18:43:48.267+0300: 424.603: [CMS-concurrent-preclean: 0.010/0.010 secs] [Times: user=0.00 sys=0.00, real=0.01 secs] 
2016-06-27T18:43:48.267+0300: 424.603: [CMS-concurrent-abortable-preclean-start]
2016-06-27T18:43:48.267+0300: 424.603: [CMS-concurrent-abortable-preclean: 0.000/0.000 secs] [Times: user=0.00 sys=0.00, real=0.00 secs] 
2016-06-27T18:43:48.388+0300: 424.724: [GC (Allocation Failure) 2016-06-27T18:43:48.388+0300: 424.725: [ParNew: 306688K->306688K(306688K), 0.0000222 secs]2016-06-27T18:43:48.388+0300: 424.725: [CMS (concurrent mode failure): 4810946K->3790796K(4902144K), 0.5730508 secs] 5117634K->3790796K(5208832K), [Metaspace: 9085K->9085K(1058816K)], 0.5731920 secs] [Times: user=0.58 sys=0.00, real=0.57 secs] 
2016-06-27T18:43:48.961+0300: 425.298: Total time for which application threads were stopped: 0.5737890 seconds, Stopping threads took: 0.0002634 seconds
2016-06-27T18:43:49.282+0300: 425.618: [GC (Allocation Failure) 2016-06-27T18:43:49.282+0300: 425.618: [ParNew
Desired survivor size 17432576 bytes, new threshold 1 (max 6)
- age   1:   34849808 bytes,   34849808 total
: 272252K->34048K(306688K), 0.0349911 secs] 4063048K->4057856K(5208832K), 0.0351451 secs] [Times: user=0.17 sys=0.00, real=0.03 secs] 
2016-06-27T18:43:49.318+0300: 425.654: Total time for which application threads were stopped: 0.0365426 seconds, Stopping threads took: 0.0006864 seconds
2016-06-27T18:43:49.661+0300: 425.998: [GC (Allocation Failure) 2016-06-27T18:43:49.661+0300: 425.998: [ParNew
Desired survivor size 17432576 bytes, new threshold 1 (max 6)
- age   1:   34853240 bytes,   34853240 total
: 306688K->34048K(306688K), 0.0382964 secs] 4330496K->4324892K(5208832K), 0.0384551 secs] [Times: user=0.13 sys=0.00, real=0.04 secs] 
2016-06-27T18:43:49.700+0300: 426.036: Total time for which application threads were stopped: 0.0396427 seconds, Stopping threads took: 0.0007300 seconds
2016-06-27T18:43:50.067+0300: 426.403: [GC (Allocation Failure) 2016-06-27T18:43:50.067+0300: 426.404: [ParNew
Desired survivor size 17432576 bytes, new threshold 1 (max 6)
- age   1:   34847152 bytes,   34847152 total
: 306688K->34045K(306688K), 0.0386848 secs] 4597532K->4591929K(5208832K), 0.0388520 secs] [Times: user=0.11 sys=0.00, real=0.04 secs] 
2016-06-27T18:43:50.106+0300: 426.442: Total time for which application threads were stopped: 0.0434617 seconds, Stopping threads took: 0.0041632 seconds
2016-06-27T18:43:50.440+0300: 426.776: [GC (Allocation Failure) 2016-06-27T18:43:50.440+0300: 426.776: [ParNew
Desired survivor size 17432576 bytes, new threshold 1 (max 6)
- age   1:   34848096 bytes,   34848096 total
: 306287K->34047K(306688K), 0.0383649 secs] 4864172K->4858966K(5208832K), 0.0385180 secs] [Times: user=0.17 sys=0.00, real=0.04 secs] 
2016-06-27T18:43:50.479+0300: 426.815: Total time for which application threads were stopped: 0.0405536 seconds, Stopping threads took: 0.0015853 seconds
2016-06-27T18:43:50.679+0300: 427.015: Total time for which application threads were stopped: 0.0056296 seconds, Stopping threads took: 0.0040165 seconds
2016-06-27T18:43:50.846+0300: 427.183: [GC (Allocation Failure) 2016-06-27T18:43:50.846+0300: 427.183: [ParNew: 306687K->306687K(306688K), 0.0000415 secs]2016-06-27T18:43:50.846+0300: 427.183: [CMS: 4824918K->3714996K(4902144K), 0.6700403 secs] 5131606K->3714996K(5208832K), [Metaspace: 9085K->9085K(1058816K)], 0.6702652 secs] [Times: user=0.67 sys=0.00, real=0.67 secs] 
2016-06-27T18:43:51.517+0300: 427.853: Total time for which application threads were stopped: 0.6728513 seconds, Stopping threads took: 0.0020391 seconds
2016-06-27T18:43:51.835+0300: 428.171: [GC (Allocation Failure) 2016-06-27T18:43:51.835+0300: 428.172: [ParNew
Desired survivor size 17432576 bytes, new threshold 1 (max 6)
- age   1:   34846896 bytes,   34846896 total
: 271932K->34046K(306688K), 0.0353302 secs] 3986929K->3982055K(5208832K), 0.0355235 secs] [Times: user=0.11 sys=0.02, real=0.04 secs] 
2016-06-27T18:43:51.871+0300: 428.207: Total time for which application threads were stopped: 0.0387823 seconds, Stopping threads took: 0.0028918 seconds
2016-06-27T18:43:52.198+0300: 428.535: [GC (Allocation Failure) 2016-06-27T18:43:52.198+0300: 428.535: [ParNew
Desired survivor size 17432576 bytes, new threshold 1 (max 6)
- age   1:   34847584 bytes,   34847584 total
: 306262K->34038K(306688K), 0.0387280 secs] 4254270K->4249079K(5208832K), 0.0388973 secs] [Times: user=0.13 sys=0.00, real=0.04 secs] 
2016-06-27T18:43:52.237+0300: 428.574: Total time for which application threads were stopped: 0.0417472 seconds, Stopping threads took: 0.0023658 seconds
2016-06-27T18:43:52.560+0300: 428.896: [GC (Allocation Failure) 2016-06-27T18:43:52.560+0300: 428.896: [ParNew
Desired survivor size 17432576 bytes, new threshold 1 (max 6)
- age   1:   34858760 bytes,   34858760 total
: 305809K->34048K(306688K), 0.0389888 secs] 4520851K->4515169K(5208832K), 0.0391565 secs] [Times: user=0.19 sys=0.00, real=0.04 secs] 
2016-06-27T18:43:52.599+0300: 428.936: Total time for which application threads were stopped: 0.0403701 seconds, Stopping threads took: 0.0007193 seconds
2016-06-27T18:43:52.896+0300: 429.232: Total time for which application threads were stopped: 0.0041572 seconds, Stopping threads took: 0.0027203 seconds
2016-06-27T18:43:52.981+0300: 429.318: [GC (Allocation Failure) 2016-06-27T18:43:52.982+0300: 429.318: [ParNew
Desired survivor size 17432576 bytes, new threshold 1 (max 6)
- age   1:   34859912 bytes,   34859912 total
: 306688K->34048K(306688K), 0.0391530 secs] 4787809K->4781260K(5208832K), 0.0393331 secs] [Times: user=0.19 sys=0.00, real=0.04 secs] 
2016-06-27T18:43:53.021+0300: 429.357: Total time for which application threads were stopped: 0.0398950 seconds, Stopping threads took: 0.0000949 seconds
2016-06-27T18:43:53.104+0300: 429.440: Total time for which application threads were stopped: 0.0031835 seconds, Stopping threads took: 0.0020113 seconds
2016-06-27T18:43:53.405+0300: 429.741: [GC (Allocation Failure) 2016-06-27T18:43:53.405+0300: 429.741: [ParNew: 306688K->306688K(306688K), 0.0000423 secs]2016-06-27T18:43:53.405+0300: 429.741: [CMS: 4747212K->3742037K(4902144K), 0.5695988 secs] 5053900K->3742037K(5208832K), [Metaspace: 9085K->9085K(1058816K)], 0.5698105 secs] [Times: user=0.58 sys=0.00, real=0.57 secs] 
2016-06-27T18:43:53.975+0300: 430.311: Total time for which application threads were stopped: 0.5706658 seconds, Stopping threads took: 0.0004666 seconds
2016-06-27T18:43:54.103+0300: 430.439: Total time for which application threads were stopped: 0.0013531 seconds, Stopping threads took: 0.0003947 seconds
2016-06-27T18:43:54.317+0300: 430.653: [GC (Allocation Failure) 2016-06-27T18:43:54.317+0300: 430.653: [ParNew
Desired survivor size 17432576 bytes, new threshold 1 (max 6)
- age   1:   34858392 bytes,   34858392 total
: 272419K->34048K(306688K), 0.0344510 secs] 4014456K->4008121K(5208832K), 0.0345865 secs] [Times: user=0.19 sys=0.00, real=0.03 secs] 
2016-06-27T18:43:54.351+0300: 430.688: Total time for which application threads were stopped: 0.0352900 seconds, Stopping threads took: 0.0003866 seconds
2016-06-27T18:43:54.665+0300: 431.001: [GC (Allocation Failure) 2016-06-27T18:43:54.665+0300: 431.002: [ParNew
Desired survivor size 17432576 bytes, new threshold 1 (max 6)
- age   1:   34858280 bytes,   34858280 total
: 306476K->34048K(306688K), 0.0381134 secs] 4280550K->4275167K(5208832K), 0.0382742 secs] [Times: user=0.13 sys=0.00, real=0.04 secs] 
2016-06-27T18:43:54.704+0300: 431.040: Total time for which application threads were stopped: 0.0392651 seconds, Stopping threads took: 0.0005692 seconds
2016-06-27T18:43:55.028+0300: 431.365: [GC (Allocation Failure) 2016-06-27T18:43:55.029+0300: 431.365: [ParNew
Desired survivor size 17432576 bytes, new threshold 1 (max 6)
- age   1:   34856448 bytes,   34856448 total
: 306128K->34048K(306688K), 0.0393921 secs] 4547247K->4542215K(5208832K), 0.0395546 secs] [Times: user=0.19 sys=0.00, real=0.04 secs] 
2016-06-27T18:43:55.068+0300: 431.405: Total time for which application threads were stopped: 0.0406323 seconds, Stopping threads took: 0.0006291 seconds
2016-06-27T18:43:55.103+0300: 431.439: Total time for which application threads were stopped: 0.0009481 seconds, Stopping threads took: 0.0001535 seconds
2016-06-27T18:43:55.433+0300: 431.769: [GC (Allocation Failure) 2016-06-27T18:43:55.433+0300: 431.769: [ParNew
Desired survivor size 17432576 bytes, new threshold 1 (max 6)
- age   1:   34859344 bytes,   34859344 total
: 306688K->34048K(306688K), 0.0382413 secs] 4814855K->4808258K(5208832K), 0.0383837 secs] [Times: user=0.13 sys=0.00, real=0.04 secs] 
2016-06-27T18:43:55.471+0300: 431.808: Total time for which application threads were stopped: 0.0391667 seconds, Stopping threads took: 0.0004610 seconds
2016-06-27T18:43:55.790+0300: 432.127: [GC (Allocation Failure) 2016-06-27T18:43:55.790+0300: 432.127: [ParNew: 306223K->306223K(306688K), 0.0000239 secs]2016-06-27T18:43:55.790+0300: 432.127: [CMS: 4774210K->3755093K(4902144K), 0.5868517 secs] 5080434K->3755093K(5208832K), [Metaspace: 9085K->9085K(1058816K)], 0.5869958 secs] [Times: user=0.58 sys=0.00, real=0.59 secs] 
2016-06-27T18:43:56.377+0300: 432.714: Total time for which application threads were stopped: 0.5879585 seconds, Stopping threads took: 0.0006111 seconds
2016-06-27T18:43:56.687+0300: 433.023: Total time for which application threads were stopped: 0.0018543 seconds, Stopping threads took: 0.0008921 seconds
2016-06-27T18:43:56.771+0300: 433.108: [GC (Allocation Failure) 2016-06-27T18:43:56.771+0300: 433.108: [ParNew
Desired survivor size 17432576 bytes, new threshold 1 (max 6)
- age   1:   34856304 bytes,   34856304 total
: 272640K->34048K(306688K), 0.0359982 secs] 4027733K->4021153K(5208832K), 0.0362467 secs] [Times: user=0.13 sys=0.00, real=0.04 secs] 
2016-06-27T18:43:56.808+0300: 433.144: Total time for which application threads were stopped: 0.0367415 seconds, Stopping threads took: 0.0000966 seconds
2016-06-27T18:43:57.106+0300: 433.442: Total time for which application threads were stopped: 0.0025172 seconds, Stopping threads took: 0.0016597 seconds
2016-06-27T18:43:57.156+0300: 433.492: [GC (Allocation Failure) 2016-06-27T18:43:57.156+0300: 433.492: [ParNew
Desired survivor size 17432576 bytes, new threshold 1 (max 6)
- age   1:   34857424 bytes,   34857424 total
: 306688K->34048K(306688K), 0.0387818 secs] 4293793K->4288196K(5208832K), 0.0389439 secs] [Times: user=0.19 sys=0.00, real=0.04 secs] 
2016-06-27T18:43:57.194+0300: 433.531: Total time for which application threads were stopped: 0.0419482 seconds, Stopping threads took: 0.0002224 seconds
2016-06-27T18:43:57.501+0300: 433.838: [GC (Allocation Failure) 2016-06-27T18:43:57.501+0300: 433.838: [ParNew
Desired survivor size 17432576 bytes, new threshold 1 (max 6)
- age   1:   34839136 bytes,   34839136 total
: 306623K->34040K(306688K), 0.0401794 secs] 4560771K->4556234K(5208832K), 0.0403680 secs] [Times: user=0.19 sys=0.00, real=0.04 secs] 
2016-06-27T18:43:57.542+0300: 433.878: Total time for which application threads were stopped: 0.0414170 seconds, Stopping threads took: 0.0007018 seconds
2016-06-27T18:43:57.857+0300: 434.193: [GC (Allocation Failure) 2016-06-27T18:43:57.857+0300: 434.193: [ParNew
Desired survivor size 17432576 bytes, new threshold 1 (max 6)
- age   1:   34845968 bytes,   34845968 total
: 305987K->34037K(306688K), 0.0384662 secs] 4828181K->4823256K(5208832K), 0.0386039 secs] [Times: user=0.17 sys=0.00, real=0.04 secs] 
2016-06-27T18:43:57.895+0300: 434.232: Total time for which application threads were stopped: 0.0399853 seconds, Stopping threads took: 0.0009780 seconds
2016-06-27T18:43:58.106+0300: 434.442: Total time for which application threads were stopped: 0.0016880 seconds, Stopping threads took: 0.0006470 seconds
2016-06-27T18:43:58.255+0300: 434.592: [GC (Allocation Failure) 2016-06-27T18:43:58.255+0300: 434.592: [ParNew: 306377K->306377K(306688K), 0.0000325 secs]2016-06-27T18:43:58.255+0300: 434.592: [CMS: 4789219K->3709091K(4902144K), 0.6385393 secs] 5095597K->3709091K(5208832K), [Metaspace: 9095K->9095K(1058816K)], 0.6387283 secs] [Times: user=0.63 sys=0.00, real=0.64 secs] 
2016-06-27T18:43:58.894+0300: 435.230: Total time for which application threads were stopped: 0.6396319 seconds, Stopping threads took: 0.0005448 seconds
2016-06-27T18:43:59.107+0300: 435.443: Total time for which application threads were stopped: 0.0024945 seconds, Stopping threads took: 0.0015729 seconds
2016-06-27T18:43:59.116+0300: 435.452: Total time for which application threads were stopped: 0.0004200 seconds, Stopping threads took: 0.0000817 seconds
2016-06-27T18:43:59.270+0300: 435.606: [GC (Allocation Failure) 2016-06-27T18:43:59.270+0300: 435.606: [ParNew
Desired survivor size 17432576 bytes, new threshold 1 (max 6)
- age   1:   34853512 bytes,   34853512 total
: 272640K->34046K(306688K), 0.0359568 secs] 3981731K->3975153K(5208832K), 0.0361184 secs] [Times: user=0.19 sys=0.00, real=0.04 secs] 
2016-06-27T18:43:59.306+0300: 435.642: Total time for which application threads were stopped: 0.0373646 seconds, Stopping threads took: 0.0008934 seconds
2016-06-27T18:43:59.617+0300: 435.953: [GC (Allocation Failure) 2016-06-27T18:43:59.617+0300: 435.953: [ParNew
Desired survivor size 17432576 bytes, new threshold 1 (max 6)
- age   1:   34846128 bytes,   34846128 total
: 306665K->34048K(306688K), 0.0404176 secs] 4247772K->4243194K(5208832K), 0.0405857 secs] [Times: user=0.13 sys=0.00, real=0.04 secs] 
2016-06-27T18:43:59.657+0300: 435.994: Total time for which application threads were stopped: 0.0423664 seconds, Stopping threads took: 0.0013719 seconds
2016-06-27T18:43:59.992+0300: 436.329: [GC (Allocation Failure) 2016-06-27T18:43:59.992+0300: 436.329: [ParNew
Desired survivor size 17432576 bytes, new threshold 1 (max 6)
- age   1:   34847920 bytes,   34847920 total
: 306043K->34045K(306688K), 0.0394413 secs] 4515190K->4510224K(5208832K), 0.0396504 secs] [Times: user=0.13 sys=0.00, real=0.04 secs] 
2016-06-27T18:44:00.032+0300: 436.368: Total time for which application threads were stopped: 0.0431623 seconds, Stopping threads took: 0.0030787 seconds
2016-06-27T18:44:00.110+0300: 436.446: Total time for which application threads were stopped: 0.0049668 seconds, Stopping threads took: 0.0035786 seconds
2016-06-27T18:44:00.403+0300: 436.740: [GC (Allocation Failure) 2016-06-27T18:44:00.403+0300: 436.740: [ParNew
Desired survivor size 17432576 bytes, new threshold 1 (max 6)
- age   1:   34849496 bytes,   34849496 total
: 306685K->34046K(306688K), 0.0384773 secs] 4782864K->4777259K(5208832K), 0.0386625 secs] [Times: user=0.13 sys=0.01, real=0.04 secs] 
2016-06-27T18:44:00.442+0300: 436.778: Total time for which application threads were stopped: 0.0442092 seconds, Stopping threads took: 0.0051246 seconds
2016-06-27T18:44:00.443+0300: 436.779: [GC (CMS Initial Mark) [1 CMS-initial-mark: 4743213K(4902144K)] 4778406K(5208832K), 0.0004525 secs] [Times: user=0.00 sys=0.00, real=0.00 secs] 
2016-06-27T18:44:00.443+0300: 436.779: Total time for which application threads were stopped: 0.0008750 seconds, Stopping threads took: 0.0000971 seconds
2016-06-27T18:44:00.443+0300: 436.779: [CMS-concurrent-mark-start]
2016-06-27T18:44:00.493+0300: 436.830: [CMS-concurrent-mark: 0.050/0.050 secs] [Times: user=0.19 sys=0.00, real=0.05 secs] 
2016-06-27T18:44:00.493+0300: 436.830: [CMS-concurrent-preclean-start]
2016-06-27T18:44:00.503+0300: 436.840: [CMS-concurrent-preclean: 0.010/0.010 secs] [Times: user=0.00 sys=0.00, real=0.01 secs] 
2016-06-27T18:44:00.504+0300: 436.840: [CMS-concurrent-abortable-preclean-start]
2016-06-27T18:44:00.614+0300: 436.951: [CMS-concurrent-abortable-preclean: 0.010/0.111 secs] [Times: user=0.50 sys=0.00, real=0.11 secs] 
2016-06-27T18:44:00.634+0300: 436.970: [GC (CMS Final Remark) [YG occupancy: 182854 K (306688 K)]2016-06-27T18:44:00.634+0300: 436.970: [Rescan (parallel) , 0.0042304 secs]2016-06-27T18:44:00.638+0300: 436.974: [weak refs processing, 0.0000257 secs]2016-06-27T18:44:00.638+0300: 436.974: [class unloading, 0.0028995 secs]2016-06-27T18:44:00.641+0300: 436.977: [scrub symbol table, 0.0016144 secs]2016-06-27T18:44:00.642+0300: 436.979: [scrub string table, 0.0003297 secs][1 CMS-remark: 4743213K(4902144K)] 4926067K(5208832K), 0.0094144 secs] [Times: user=0.00 sys=0.00, real=0.01 secs] 
2016-06-27T18:44:00.643+0300: 436.980: Total time for which application threads were stopped: 0.0109899 seconds, Stopping threads took: 0.0012329 seconds
2016-06-27T18:44:00.643+0300: 436.980: [CMS-concurrent-sweep-start]
2016-06-27T18:44:00.652+0300: 436.989: [CMS-concurrent-sweep: 0.009/0.009 secs] [Times: user=0.06 sys=0.00, real=0.01 secs] 
2016-06-27T18:44:00.652+0300: 436.989: [CMS-concurrent-reset-start]
2016-06-27T18:44:00.658+0300: 436.995: [CMS-concurrent-reset: 0.006/0.006 secs] [Times: user=0.00 sys=0.00, real=0.01 secs] 
2016-06-27T18:44:00.789+0300: 437.126: [GC (Allocation Failure) 2016-06-27T18:44:00.789+0300: 437.126: [ParNew
Desired survivor size 17432576 bytes, new threshold 1 (max 6)
- age   1:   34862168 bytes,   34862168 total
: 306265K->34048K(306688K), 0.0381023 secs] 4029338K->4024290K(5208832K), 0.0382528 secs] [Times: user=0.13 sys=0.00, real=0.04 secs] 
2016-06-27T18:44:00.828+0300: 437.164: Total time for which application threads were stopped: 0.0395751 seconds, Stopping threads took: 0.0009028 seconds
2016-06-27T18:44:01.112+0300: 437.448: Total time for which application threads were stopped: 0.0066141 seconds, Stopping threads took: 0.0049150 seconds
2016-06-27T18:44:01.221+0300: 437.558: [GC (Allocation Failure) 2016-06-27T18:44:01.221+0300: 437.558: [ParNew
Desired survivor size 17432576 bytes, new threshold 1 (max 6)
- age   1:   34863184 bytes,   34863184 total
: 306688K->34048K(306688K), 0.0376451 secs] 4296930K->4290341K(5208832K), 0.0378162 secs] [Times: user=0.17 sys=0.00, real=0.04 secs] 
2016-06-27T18:44:01.259+0300: 437.595: Total time for which application threads were stopped: 0.0391791 seconds, Stopping threads took: 0.0010041 seconds
2016-06-27T18:44:01.259+0300: 437.596: [GC (CMS Initial Mark) [1 CMS-initial-mark: 4256293K(4902144K)] 4291476K(5208832K), 0.0003567 secs] [Times: user=0.00 sys=0.00, real=0.00 secs] 
2016-06-27T18:44:01.260+0300: 437.596: Total time for which application threads were stopped: 0.0007026 seconds, Stopping threads took: 0.0000740 seconds
2016-06-27T18:44:01.260+0300: 437.596: [CMS-concurrent-mark-start]
2016-06-27T18:44:01.311+0300: 437.647: [CMS-concurrent-mark: 0.051/0.051 secs] [Times: user=0.19 sys=0.00, real=0.05 secs] 
2016-06-27T18:44:01.311+0300: 437.647: [CMS-concurrent-preclean-start]
2016-06-27T18:44:01.321+0300: 437.657: [CMS-concurrent-preclean: 0.010/0.010 secs] [Times: user=0.06 sys=0.00, real=0.01 secs] 
2016-06-27T18:44:01.321+0300: 437.658: [CMS-concurrent-abortable-preclean-start]
2016-06-27T18:44:01.592+0300: 437.929: [GC (Allocation Failure) 2016-06-27T18:44:01.592+0300: 437.929: [ParNew
Desired survivor size 17432576 bytes, new threshold 1 (max 6)
- age   1:   34855696 bytes,   34855696 total
: 305942K->34048K(306688K), 0.0366042 secs] 4562235K->4557397K(5208832K), 0.0367556 secs] [Times: user=0.13 sys=0.00, real=0.04 secs] 
2016-06-27T18:44:01.629+0300: 437.965: Total time for which application threads were stopped: 0.0421368 seconds, Stopping threads took: 0.0050053 seconds
2016-06-27T18:44:01.972+0300: 438.308: [CMS-concurrent-abortable-preclean: 0.075/0.651 secs] [Times: user=2.50 sys=0.00, real=0.65 secs] 
2016-06-27T18:44:01.980+0300: 438.317: [GC (Allocation Failure) 2016-06-27T18:44:01.980+0300: 438.317: [ParNew
Desired survivor size 17432576 bytes, new threshold 1 (max 6)
- age   1:   34852536 bytes,   34852536 total
: 306432K->34048K(306688K), 0.0390769 secs] 4829782K->4824441K(5208832K), 0.0392360 secs] [Times: user=0.13 sys=0.00, real=0.04 secs] 
2016-06-27T18:44:02.019+0300: 438.356: Total time for which application threads were stopped: 0.0430391 seconds, Stopping threads took: 0.0033708 seconds
2016-06-27T18:44:02.188+0300: 438.524: Total time for which application threads were stopped: 0.0066449 seconds, Stopping threads took: 0.0049005 seconds
2016-06-27T18:44:02.394+0300: 438.730: [GC (Allocation Failure) 2016-06-27T18:44:02.394+0300: 438.730: [ParNew: 306688K->306688K(306688K), 0.0000338 secs]2016-06-27T18:44:02.394+0300: 438.730: [CMS (concurrent mode failure): 4790393K->3635254K(4902144K), 0.5661579 secs] 5097081K->3635254K(5208832K), [Metaspace: 9098K->9098K(1058816K)], 0.5663508 secs] [Times: user=0.58 sys=0.00, real=0.57 secs] 
2016-06-27T18:44:02.960+0300: 439.297: Total time for which application threads were stopped: 0.5672660 seconds, Stopping threads took: 0.0005658 seconds
2016-06-27T18:44:03.183+0300: 439.520: Total time for which application threads were stopped: 0.0020091 seconds, Stopping threads took: 0.0008643 seconds
2016-06-27T18:44:03.308+0300: 439.644: [GC (Allocation Failure) 2016-06-27T18:44:03.308+0300: 439.644: [ParNew
Desired survivor size 17432576 bytes, new threshold 1 (max 6)
- age   1:   34014464 bytes,   34014464 total
: 271888K->33236K(306688K), 0.0370327 secs] 3907143K->3902503K(5208832K), 0.0371589 secs] [Times: user=0.13 sys=0.00, real=0.04 secs] 
2016-06-27T18:44:03.345+0300: 439.681: Total time for which application threads were stopped: 0.0377589 seconds, Stopping threads took: 0.0002964 seconds
2016-06-27T18:44:03.660+0300: 439.996: [GC (Allocation Failure) 2016-06-27T18:44:03.660+0300: 439.996: [ParNew
Desired survivor size 17432576 bytes, new threshold 1 (max 6)
- age   1:   33832080 bytes,   33832080 total
: 305790K->33172K(306688K), 0.0388178 secs] 4175056K->4168564K(5208832K), 0.0389606 secs] [Times: user=0.17 sys=0.00, real=0.04 secs] 
2016-06-27T18:44:03.699+0300: 440.035: Total time for which application threads were stopped: 0.0402115 seconds, Stopping threads took: 0.0009083 seconds
2016-06-27T18:44:04.027+0300: 440.363: [GC (Allocation Failure) 2016-06-27T18:44:04.027+0300: 440.363: [ParNew
Desired survivor size 17432576 bytes, new threshold 1 (max 6)
- age   1:   33830072 bytes,   33830072 total
: 305385K->33066K(306688K), 0.0395435 secs] 4440778K->4435503K(5208832K), 0.0397081 secs] [Times: user=0.13 sys=0.00, real=0.04 secs] 
2016-06-27T18:44:04.066+0300: 440.403: Total time for which application threads were stopped: 0.0418477 seconds, Stopping threads took: 0.0016991 seconds
2016-06-27T18:44:04.070+0300: 440.407: [GC (CMS Initial Mark) [1 CMS-initial-mark: 4402437K(4902144K)] 4438645K(5208832K), 0.0004593 secs] [Times: user=0.00 sys=0.00, real=0.00 secs] 
2016-06-27T18:44:04.070+0300: 440.407: Total time for which application threads were stopped: 0.0009280 seconds, Stopping threads took: 0.0000966 seconds
2016-06-27T18:44:04.070+0300: 440.407: [CMS-concurrent-mark-start]
2016-06-27T18:44:04.109+0300: 440.446: Total time for which application threads were stopped: 0.0022114 seconds, Stopping threads took: 0.0003725 seconds
2016-06-27T18:44:04.123+0300: 440.460: [CMS-concurrent-mark: 0.051/0.053 secs] [Times: user=0.17 sys=0.00, real=0.05 secs] 
2016-06-27T18:44:04.124+0300: 440.460: [CMS-concurrent-preclean-start]
2016-06-27T18:44:04.134+0300: 440.470: [CMS-concurrent-preclean: 0.010/0.010 secs] [Times: user=0.06 sys=0.00, real=0.01 secs] 
2016-06-27T18:44:04.134+0300: 440.470: [CMS-concurrent-abortable-preclean-start]
2016-06-27T18:44:04.425+0300: 440.761: [GC (Allocation Failure) 2016-06-27T18:44:04.425+0300: 440.761: [ParNew
Desired survivor size 17432576 bytes, new threshold 1 (max 6)
- age   1:   34851528 bytes,   34851528 total
: 305191K->34047K(306688K), 0.0380668 secs] 4707628K->4701525K(5208832K), 0.0382049 secs] [Times: user=0.19 sys=0.00, real=0.04 secs] 
2016-06-27T18:44:04.463+0300: 440.799: Total time for which application threads were stopped: 0.0392745 seconds, Stopping threads took: 0.0006736 seconds
2016-06-27T18:44:04.791+0300: 441.128: [GC (Allocation Failure) 2016-06-27T18:44:04.791+0300: 441.128: [ParNew: 306311K->306311K(306688K), 0.0000274 secs]2016-06-27T18:44:04.791+0300: 441.128: [CMS2016-06-27T18:44:04.792+0300: 441.128: [CMS-concurrent-abortable-preclean: 0.074/0.658 secs] [Times: user=2.63 sys=0.00, real=0.66 secs] 
 (concurrent mode failure): 4667478K->3858312K(4902144K), 0.6146146 secs] 4973789K->3858312K(5208832K), [Metaspace: 9098K->9098K(1058816K)], 0.6147929 secs] [Times: user=0.61 sys=0.00, real=0.62 secs] 
2016-06-27T18:44:05.406+0300: 441.743: Total time for which application threads were stopped: 0.6163038 seconds, Stopping threads took: 0.0010358 seconds
2016-06-27T18:44:05.727+0300: 442.063: [GC (Allocation Failure) 2016-06-27T18:44:05.727+0300: 442.063: [ParNew
Desired survivor size 17432576 bytes, new threshold 1 (max 6)
- age   1:   34852760 bytes,   34852760 total
: 272046K->34048K(306688K), 0.0346105 secs] 4130358K->4125371K(5208832K), 0.0347311 secs] [Times: user=0.13 sys=0.00, real=0.04 secs] 
2016-06-27T18:44:05.762+0300: 442.098: Total time for which application threads were stopped: 0.0356724 seconds, Stopping threads took: 0.0005808 seconds
2016-06-27T18:44:05.765+0300: 442.101: Total time for which application threads were stopped: 0.0012278 seconds, Stopping threads took: 0.0000663 seconds
2016-06-27T18:44:06.110+0300: 442.447: Total time for which application threads were stopped: 0.0028388 seconds, Stopping threads took: 0.0008814 seconds
2016-06-27T18:44:06.196+0300: 442.532: [GC (Allocation Failure) 2016-06-27T18:44:06.196+0300: 442.532: [ParNew
Desired survivor size 17432576 bytes, new threshold 1 (max 6)
- age   1:   34860424 bytes,   34860424 total
: 306688K->34048K(306688K), 0.0407294 secs] 4398011K->4390448K(5208832K), 0.0409068 secs] [Times: user=0.13 sys=0.00, real=0.04 secs] 
2016-06-27T18:44:06.237+0300: 442.573: Total time for which application threads were stopped: 0.0413679 seconds, Stopping threads took: 0.0000740 seconds
2016-06-27T18:44:06.237+0300: 442.574: [GC (CMS Initial Mark) [1 CMS-initial-mark: 4356400K(4902144K)] 4392548K(5208832K), 0.0004691 secs] [Times: user=0.00 sys=0.00, real=0.00 secs] 
2016-06-27T18:44:06.238+0300: 442.574: Total time for which application threads were stopped: 0.0009225 seconds, Stopping threads took: 0.0001304 seconds
2016-06-27T18:44:06.238+0300: 442.574: [CMS-concurrent-mark-start]
2016-06-27T18:44:06.289+0300: 442.625: [CMS-concurrent-mark: 0.051/0.051 secs] [Times: user=0.25 sys=0.00, real=0.05 secs] 
2016-06-27T18:44:06.289+0300: 442.625: [CMS-concurrent-preclean-start]
2016-06-27T18:44:06.299+0300: 442.635: [CMS-concurrent-preclean: 0.010/0.010 secs] [Times: user=0.00 sys=0.00, real=0.01 secs] 
2016-06-27T18:44:06.299+0300: 442.636: [CMS-concurrent-abortable-preclean-start]
2016-06-27T18:44:06.668+0300: 443.004: [CMS-concurrent-abortable-preclean: 0.069/0.369 secs] [Times: user=1.45 sys=0.02, real=0.37 secs] 
2016-06-27T18:44:06.685+0300: 443.021: [GC (CMS Final Remark) [YG occupancy: 302900 K (306688 K)]2016-06-27T18:44:06.685+0300: 443.021: [Rescan (parallel) , 0.0048073 secs]2016-06-27T18:44:06.690+0300: 443.026: [weak refs processing, 0.0000346 secs]2016-06-27T18:44:06.690+0300: 443.026: [class unloading, 0.0025313 secs]2016-06-27T18:44:06.692+0300: 443.029: [scrub symbol table, 0.0018265 secs]2016-06-27T18:44:06.694+0300: 443.030: [scrub string table, 0.0002827 secs][1 CMS-remark: 4356400K(4902144K)] 4659300K(5208832K), 0.0098254 secs] [Times: user=0.02 sys=0.00, real=0.01 secs] 
2016-06-27T18:44:06.695+0300: 443.031: Total time for which application threads were stopped: 0.0124178 seconds, Stopping threads took: 0.0021853 seconds
2016-06-27T18:44:06.695+0300: 443.031: [CMS-concurrent-sweep-start]
2016-06-27T18:44:06.701+0300: 443.037: [GC (Allocation Failure) 2016-06-27T18:44:06.701+0300: 443.038: [ParNew
Desired survivor size 17432576 bytes, new threshold 1 (max 6)
- age   1:   34853160 bytes,   34853160 total
: 305900K->34048K(306688K), 0.0424550 secs] 4662300K->4656497K(5208832K), 0.0426290 secs] [Times: user=0.19 sys=0.00, real=0.04 secs] 
2016-06-27T18:44:06.744+0300: 443.080: Total time for which application threads were stopped: 0.0430494 seconds, Stopping threads took: 0.0000885 seconds
2016-06-27T18:44:06.748+0300: 443.084: [CMS-concurrent-sweep: 0.010/0.053 secs] [Times: user=0.19 sys=0.00, real=0.05 secs] 
2016-06-27T18:44:06.748+0300: 443.084: [CMS-concurrent-reset-start]
2016-06-27T18:44:06.755+0300: 443.091: [CMS-concurrent-reset: 0.007/0.007 secs] [Times: user=0.06 sys=0.00, real=0.01 secs] 
2016-06-27T18:44:07.111+0300: 443.447: Total time for which application threads were stopped: 0.0024971 seconds, Stopping threads took: 0.0007612 seconds
2016-06-27T18:44:07.187+0300: 443.524: [GC (Allocation Failure) 2016-06-27T18:44:07.188+0300: 443.524: [ParNew
Desired survivor size 17432576 bytes, new threshold 1 (max 6)
- age   1:   34854968 bytes,   34854968 total
: 306688K->34046K(306688K), 0.0394678 secs] 4448071K->4440472K(5208832K), 0.0396628 secs] [Times: user=0.19 sys=0.00, real=0.04 secs] 
2016-06-27T18:44:07.227+0300: 443.564: Total time for which application threads were stopped: 0.0401567 seconds, Stopping threads took: 0.0000872 seconds
2016-06-27T18:44:07.228+0300: 443.564: [GC (CMS Initial Mark) [1 CMS-initial-mark: 4406426K(4902144K)] 4441596K(5208832K), 0.0003896 secs] [Times: user=0.00 sys=0.00, real=0.00 secs] 
2016-06-27T18:44:07.228+0300: 443.565: Total time for which application threads were stopped: 0.0007877 seconds, Stopping threads took: 0.0000919 seconds
2016-06-27T18:44:07.228+0300: 443.565: [CMS-concurrent-mark-start]
2016-06-27T18:44:07.288+0300: 443.624: [CMS-concurrent-mark: 0.060/0.060 secs] [Times: user=0.25 sys=0.00, real=0.06 secs] 
2016-06-27T18:44:07.288+0300: 443.624: [CMS-concurrent-preclean-start]
2016-06-27T18:44:07.301+0300: 443.637: [CMS-concurrent-preclean: 0.013/0.013 secs] [Times: user=0.00 sys=0.00, real=0.01 secs] 
2016-06-27T18:44:07.301+0300: 443.637: [CMS-concurrent-abortable-preclean-start]
2016-06-27T18:44:07.625+0300: 443.962: [GC (Allocation Failure) 2016-06-27T18:44:07.625+0300: 443.962: [ParNew2016-06-27T18:44:07.657+0300: 443.994: [CMS-concurrent-abortable-preclean: 0.038/0.356 secs] [Times: user=1.42 sys=0.00, real=0.36 secs] 

Desired survivor size 17432576 bytes, new threshold 1 (max 6)
- age   1:   34857672 bytes,   34857672 total
: 305746K->34047K(306688K), 0.0406652 secs] 4712172K->4706534K(5208832K), 0.0408756 secs] [Times: user=0.19 sys=0.00, real=0.04 secs] 
2016-06-27T18:44:07.666+0300: 444.003: Total time for which application threads were stopped: 0.0451727 seconds, Stopping threads took: 0.0038194 seconds
2016-06-27T18:44:07.667+0300: 444.003: [GC (CMS Final Remark) [YG occupancy: 35063 K (306688 K)]2016-06-27T18:44:07.667+0300: 444.003: [Rescan (parallel) , 0.0053910 secs]2016-06-27T18:44:07.672+0300: 444.009: [weak refs processing, 0.0000312 secs]2016-06-27T18:44:07.672+0300: 444.009: [class unloading, 0.0032686 secs]2016-06-27T18:44:07.676+0300: 444.012: [scrub symbol table, 0.0017957 secs]2016-06-27T18:44:07.677+0300: 444.014: [scrub string table, 0.0005021 secs][1 CMS-remark: 4672486K(4902144K)] 4707550K(5208832K), 0.0113525 secs] [Times: user=0.02 sys=0.00, real=0.01 secs] 
2016-06-27T18:44:07.678+0300: 444.015: Total time for which application threads were stopped: 0.0118336 seconds, Stopping threads took: 0.0000693 seconds
2016-06-27T18:44:07.679+0300: 444.015: [CMS-concurrent-sweep-start]
2016-06-27T18:44:07.690+0300: 444.026: [CMS-concurrent-sweep: 0.011/0.011 secs] [Times: user=0.00 sys=0.00, real=0.01 secs] 
2016-06-27T18:44:07.690+0300: 444.026: [CMS-concurrent-reset-start]
2016-06-27T18:44:07.697+0300: 444.034: [CMS-concurrent-reset: 0.008/0.008 secs] [Times: user=0.06 sys=0.00, real=0.01 secs] 
2016-06-27T18:44:08.131+0300: 444.467: Total time for which application threads were stopped: 0.0085368 seconds, Stopping threads took: 0.0068378 seconds
2016-06-27T18:44:08.194+0300: 444.530: [GC (Allocation Failure) 2016-06-27T18:44:08.194+0300: 444.530: [ParNew
Desired survivor size 17432576 bytes, new threshold 1 (max 6)
- age   1:   34860768 bytes,   34860768 total
: 306687K->34048K(306688K), 0.0401221 secs] 4395093K->4387504K(5208832K), 0.0402906 secs] [Times: user=0.13 sys=0.00, real=0.04 secs] 
2016-06-27T18:44:08.235+0300: 444.571: Total time for which application threads were stopped: 0.0408816 seconds, Stopping threads took: 0.0000804 seconds
2016-06-27T18:44:08.235+0300: 444.571: [GC (CMS Initial Mark) [1 CMS-initial-mark: 4353456K(4902144K)] 4388504K(5208832K), 0.0004144 secs] [Times: user=0.00 sys=0.00, real=0.00 secs] 
2016-06-27T18:44:08.235+0300: 444.572: Total time for which application threads were stopped: 0.0008562 seconds, Stopping threads took: 0.0000975 seconds
2016-06-27T18:44:08.235+0300: 444.572: [CMS-concurrent-mark-start]
2016-06-27T18:44:08.289+0300: 444.625: [CMS-concurrent-mark: 0.054/0.054 secs] [Times: user=0.25 sys=0.00, real=0.05 secs] 
2016-06-27T18:44:08.289+0300: 444.626: [CMS-concurrent-preclean-start]
2016-06-27T18:44:08.300+0300: 444.636: [CMS-concurrent-preclean: 0.010/0.010 secs] [Times: user=0.00 sys=0.00, real=0.01 secs] 
2016-06-27T18:44:08.300+0300: 444.636: [CMS-concurrent-abortable-preclean-start]
2016-06-27T18:44:08.580+0300: 444.917: [GC (Allocation Failure) 2016-06-27T18:44:08.580+0300: 444.917: [ParNew
Desired survivor size 17432576 bytes, new threshold 1 (max 6)
- age   1:   34855096 bytes,   34855096 total
: 305904K->34048K(306688K), 0.0416608 secs] 4659361K->4654554K(5208832K), 0.0418340 secs] [Times: user=0.17 sys=0.00, real=0.04 secs] 
2016-06-27T18:44:08.622+0300: 444.959: Total time for which application threads were stopped: 0.0454845 seconds, Stopping threads took: 0.0032134 seconds
2016-06-27T18:44:08.966+0300: 445.302: [CMS-concurrent-abortable-preclean: 0.077/0.666 secs] [Times: user=2.63 sys=0.00, real=0.67 secs] 
2016-06-27T18:44:08.974+0300: 445.311: [GC (Allocation Failure) 2016-06-27T18:44:08.974+0300: 445.311: [ParNew
Desired survivor size 17432576 bytes, new threshold 1 (max 6)
- age   1:   34859248 bytes,   34859248 total
: 306259K->34048K(306688K), 0.0400674 secs] 4926765K->4921595K(5208832K), 0.0402303 secs] [Times: user=0.13 sys=0.00, real=0.04 secs] 
2016-06-27T18:44:09.015+0300: 445.351: Total time for which application threads were stopped: 0.0446510 seconds, Stopping threads took: 0.0039815 seconds
2016-06-27T18:44:09.120+0300: 445.457: Total time for which application threads were stopped: 0.0076345 seconds, Stopping threads took: 0.0061518 seconds
2016-06-27T18:44:09.130+0300: 445.467: Total time for which application threads were stopped: 0.0007009 seconds, Stopping threads took: 0.0000770 seconds
2016-06-27T18:44:09.376+0300: 445.712: [GC (Allocation Failure) 2016-06-27T18:44:09.376+0300: 445.712: [ParNew: 305925K->305925K(306688K), 0.0000376 secs]2016-06-27T18:44:09.376+0300: 445.712: [CMS (concurrent mode failure): 4887547K->3838429K(4902144K), 0.6693120 secs] 5193473K->3838429K(5208832K), [Metaspace: 9098K->9098K(1058816K)], 0.6695087 secs] [Times: user=0.67 sys=0.00, real=0.67 secs] 
2016-06-27T18:44:10.045+0300: 446.382: Total time for which application threads were stopped: 0.6741778 seconds, Stopping threads took: 0.0042282 seconds
2016-06-27T18:44:10.115+0300: 446.451: Total time for which application threads were stopped: 0.0020130 seconds, Stopping threads took: 0.0003674 seconds
2016-06-27T18:44:10.406+0300: 446.742: [GC (Allocation Failure) 2016-06-27T18:44:10.406+0300: 446.742: [ParNew
Desired survivor size 17432576 bytes, new threshold 1 (max 6)
- age   1:   34847864 bytes,   34847864 total
: 272311K->34041K(306688K), 0.0386689 secs] 4110740K->4104482K(5208832K), 0.0388289 secs] [Times: user=0.17 sys=0.00, real=0.04 secs] 
2016-06-27T18:44:10.445+0300: 446.781: Total time for which application threads were stopped: 0.0418182 seconds, Stopping threads took: 0.0025569 seconds
2016-06-27T18:44:10.775+0300: 447.111: [GC (Allocation Failure) 2016-06-27T18:44:10.775+0300: 447.111: [ParNew
Desired survivor size 17432576 bytes, new threshold 1 (max 6)
- age   1:   34859648 bytes,   34859648 total
: 305736K->34048K(306688K), 0.0387592 secs] 4376177K->4370540K(5208832K), 0.0389362 secs] [Times: user=0.13 sys=0.00, real=0.04 secs] 
2016-06-27T18:44:10.814+0300: 447.150: Total time for which application threads were stopped: 0.0406485 seconds, Stopping threads took: 0.0012509 seconds
2016-06-27T18:44:11.119+0300: 447.455: Total time for which application threads were stopped: 0.0051840 seconds, Stopping threads took: 0.0034170 seconds
2016-06-27T18:44:11.278+0300: 447.615: [GC (Allocation Failure) 2016-06-27T18:44:11.278+0300: 447.615: [ParNew
Desired survivor size 17432576 bytes, new threshold 1 (max 6)
- age   1:   34865024 bytes,   34865024 total
: 306688K->34048K(306688K), 0.0419563 secs] 4643180K->4634596K(5208832K), 0.0421586 secs] [Times: user=0.19 sys=0.00, real=0.04 secs] 
2016-06-27T18:44:11.320+0300: 447.657: Total time for which application threads were stopped: 0.0442644 seconds, Stopping threads took: 0.0017008 seconds
2016-06-27T18:44:11.704+0300: 448.040: [GC (Allocation Failure) 2016-06-27T18:44:11.704+0300: 448.040: [ParNew: 306085K->306085K(306688K), 0.0000428 secs]2016-06-27T18:44:11.704+0300: 448.040: [CMS: 4600548K->3820470K(4902144K), 0.7116519 secs] 4906634K->3820470K(5208832K), [Metaspace: 9098K->9098K(1058816K)], 0.7118734 secs] [Times: user=0.72 sys=0.00, real=0.71 secs] 
2016-06-27T18:44:12.416+0300: 448.752: Total time for which application threads were stopped: 0.7163561 seconds, Stopping threads took: 0.0040422 seconds
2016-06-27T18:44:12.431+0300: 448.767: Total time for which application threads were stopped: 0.0014951 seconds, Stopping threads took: 0.0000757 seconds
2016-06-27T18:44:12.859+0300: 449.196: [GC (Allocation Failure) 2016-06-27T18:44:12.859+0300: 449.196: [ParNew
Desired survivor size 17432576 bytes, new threshold 1 (max 6)
- age   1:   34857656 bytes,   34857656 total
: 272144K->34046K(306688K), 0.0369870 secs] 4092615K->4085544K(5208832K), 0.0371396 secs] [Times: user=0.17 sys=0.00, real=0.04 secs] 
2016-06-27T18:44:12.897+0300: 449.233: Total time for which application threads were stopped: 0.0385979 seconds, Stopping threads took: 0.0010328 seconds
2016-06-27T18:44:13.120+0300: 449.456: Total time for which application threads were stopped: 0.0047307 seconds, Stopping threads took: 0.0027520 seconds
2016-06-27T18:44:13.288+0300: 449.624: [GC (Allocation Failure) 2016-06-27T18:44:13.294+0300: 449.630: [ParNew
Desired survivor size 17432576 bytes, new threshold 1 (max 6)
- age   1:   34860312 bytes,   34860312 total
: 306686K->34048K(306688K), 0.0389935 secs] 4358184K->4351593K(5208832K), 0.0448922 secs] [Times: user=0.14 sys=0.00, real=0.04 secs] 
2016-06-27T18:44:13.333+0300: 449.669: Total time for which application threads were stopped: 0.0466246 seconds, Stopping threads took: 0.0014057 seconds
2016-06-27T18:44:13.657+0300: 449.994: [GC (Allocation Failure) 2016-06-27T18:44:13.658+0300: 449.994: [ParNew
Desired survivor size 17432576 bytes, new threshold 1 (max 6)
- age   1:   34855728 bytes,   34855728 total
: 306234K->34048K(306688K), 0.0414953 secs] 4623779K->4618640K(5208832K), 0.0416599 secs] [Times: user=0.19 sys=0.00, real=0.04 secs] 
2016-06-27T18:44:13.699+0300: 450.036: Total time for which application threads were stopped: 0.0427513 seconds, Stopping threads took: 0.0007493 seconds
2016-06-27T18:44:14.043+0300: 450.379: [GC (Allocation Failure) 2016-06-27T18:44:14.043+0300: 450.379: [ParNew
Desired survivor size 17432576 bytes, new threshold 1 (max 6)
- age   1:   34861160 bytes,   34861160 total
: 306375K->34048K(306688K), 0.0408654 secs] 4890968K->4885689K(5208832K), 0.0410458 secs] [Times: user=0.17 sys=0.00, real=0.04 secs] 
2016-06-27T18:44:14.084+0300: 450.420: Total time for which application threads were stopped: 0.0436284 seconds, Stopping threads took: 0.0021669 seconds
2016-06-27T18:44:14.118+0300: 450.455: Total time for which application threads were stopped: 0.0025492 seconds, Stopping threads took: 0.0010251 seconds
2016-06-27T18:44:14.430+0300: 450.767: [GC (Allocation Failure) 2016-06-27T18:44:14.430+0300: 450.767: [ParNew: 306547K->306547K(306688K), 0.0000261 secs]2016-06-27T18:44:14.430+0300: 450.767: [CMS: 4851641K->3757487K(4902144K), 0.6007522 secs] 5158189K->3757487K(5208832K), [Metaspace: 9098K->9098K(1058816K)], 0.6009035 secs] [Times: user=0.59 sys=0.00, real=0.60 secs] 
2016-06-27T18:44:15.031+0300: 451.368: Total time for which application threads were stopped: 0.6020210 seconds, Stopping threads took: 0.0007073 seconds
2016-06-27T18:44:15.118+0300: 451.455: Total time for which application threads were stopped: 0.0023162 seconds, Stopping threads took: 0.0006462 seconds
2016-06-27T18:44:15.377+0300: 451.714: [GC (Allocation Failure) 2016-06-27T18:44:15.377+0300: 451.714: [ParNew
Desired survivor size 17432576 bytes, new threshold 1 (max 6)
- age   1:   34842648 bytes,   34842648 total
: 271791K->34043K(306688K), 0.0366166 secs] 4029279K->4023542K(5208832K), 0.0367560 secs] [Times: user=0.19 sys=0.00, real=0.04 secs] 
2016-06-27T18:44:15.414+0300: 451.750: Total time for which application threads were stopped: 0.0398283 seconds, Stopping threads took: 0.0026951 seconds
2016-06-27T18:44:15.764+0300: 452.100: [GC (Allocation Failure) 2016-06-27T18:44:15.764+0300: 452.100: [ParNew
Desired survivor size 17432576 bytes, new threshold 1 (max 6)
- age   1:   34864088 bytes,   34864088 total
: 306296K->34048K(306688K), 0.0771642 secs] 4295795K->4290593K(5208832K), 0.0773293 secs] [Times: user=0.31 sys=0.00, real=0.08 secs] 
2016-06-27T18:44:15.841+0300: 452.178: Total time for which application threads were stopped: 0.0790438 seconds, Stopping threads took: 0.0011649 seconds
2016-06-27T18:44:16.121+0300: 452.457: Total time for which application threads were stopped: 0.0049364 seconds, Stopping threads took: 0.0028935 seconds
2016-06-27T18:44:16.257+0300: 452.594: [GC (Allocation Failure) 2016-06-27T18:44:16.257+0300: 452.594: [ParNew
Desired survivor size 17432576 bytes, new threshold 1 (max 6)
- age   1:   34858096 bytes,   34858096 total
: 306532K->34048K(306688K), 0.0400503 secs] 4563077K->4556651K(5208832K), 0.0402431 secs] [Times: user=0.13 sys=0.00, real=0.04 secs] 
2016-06-27T18:44:16.298+0300: 452.634: Total time for which application threads were stopped: 0.0430101 seconds, Stopping threads took: 0.0021400 seconds
2016-06-27T18:44:16.298+0300: 452.635: [GC (CMS Initial Mark) [1 CMS-initial-mark: 4522603K(4902144K)] 4558748K(5208832K), 0.0004388 secs] [Times: user=0.00 sys=0.00, real=0.00 secs] 
2016-06-27T18:44:16.299+0300: 452.635: Total time for which application threads were stopped: 0.0009088 seconds, Stopping threads took: 0.0000919 seconds
2016-06-27T18:44:16.299+0300: 452.635: [CMS-concurrent-mark-start]
2016-06-27T18:44:16.358+0300: 452.694: [CMS-concurrent-mark: 0.059/0.059 secs] [Times: user=0.25 sys=0.00, real=0.06 secs] 
2016-06-27T18:44:16.358+0300: 452.695: [CMS-concurrent-preclean-start]
2016-06-27T18:44:16.370+0300: 452.706: [CMS-concurrent-preclean: 0.012/0.012 secs] [Times: user=0.06 sys=0.00, real=0.01 secs] 
2016-06-27T18:44:16.370+0300: 452.706: [CMS-concurrent-abortable-preclean-start]
2016-06-27T18:44:16.714+0300: 453.050: [GC (Allocation Failure) 2016-06-27T18:44:16.714+0300: 453.050: [ParNew
Desired survivor size 17432576 bytes, new threshold 1 (max 6)
- age   1:   34856048 bytes,   34856048 total
: 306006K->34048K(306688K), 0.0391248 secs] 4828609K->4822710K(5208832K), 0.0392946 secs] [Times: user=0.13 sys=0.00, real=0.04 secs] 
2016-06-27T18:44:16.753+0300: 453.089: Total time for which application threads were stopped: 0.0430485 seconds, Stopping threads took: 0.0033083 seconds
2016-06-27T18:44:16.876+0300: 453.212: [CMS-concurrent-abortable-preclean: 0.063/0.506 secs] [Times: user=1.97 sys=0.00, real=0.51 secs] 
2016-06-27T18:44:16.918+0300: 453.254: [GC (CMS Final Remark) [YG occupancy: 143457 K (306688 K)]2016-06-27T18:44:16.918+0300: 453.254: [Rescan (parallel) , 0.0048124 secs]2016-06-27T18:44:16.922+0300: 453.259: [weak refs processing, 0.0000308 secs]2016-06-27T18:44:16.922+0300: 453.259: [class unloading, 0.0031561 secs]2016-06-27T18:44:16.926+0300: 453.262: [scrub symbol table, 0.0013065 secs]2016-06-27T18:44:16.927+0300: 453.263: [scrub string table, 0.0003498 secs][1 CMS-remark: 4788662K(4902144K)] 4932120K(5208832K), 0.0099973 secs] [Times: user=0.02 sys=0.00, real=0.01 secs] 
2016-06-27T18:44:16.928+0300: 453.264: Total time for which application threads were stopped: 0.0166110 seconds, Stopping threads took: 0.0061941 seconds
2016-06-27T18:44:16.950+0300: 453.286: [CMS-concurrent-sweep-start]
2016-06-27T18:44:16.960+0300: 453.297: [CMS-concurrent-sweep: 0.011/0.011 secs] [Times: user=0.06 sys=0.00, real=0.01 secs] 
2016-06-27T18:44:16.960+0300: 453.297: [CMS-concurrent-reset-start]
2016-06-27T18:44:16.967+0300: 453.304: [CMS-concurrent-reset: 0.007/0.007 secs] [Times: user=0.00 sys=0.00, real=0.01 secs] 
2016-06-27T18:44:17.121+0300: 453.457: Total time for which application threads were stopped: 0.0038579 seconds, Stopping threads took: 0.0020177 seconds
2016-06-27T18:44:17.251+0300: 453.588: [GC (Allocation Failure) 2016-06-27T18:44:17.251+0300: 453.588: [ParNew
Desired survivor size 17432576 bytes, new threshold 1 (max 6)
- age   1:   34862584 bytes,   34862584 total
: 306688K->34048K(306688K), 0.0410989 secs] 4330216K->4324627K(5208832K), 0.0412849 secs] [Times: user=0.19 sys=0.00, real=0.04 secs] 
2016-06-27T18:44:17.293+0300: 453.629: Total time for which application threads were stopped: 0.0420376 seconds, Stopping threads took: 0.0003156 seconds
2016-06-27T18:44:17.293+0300: 453.629: [GC (CMS Initial Mark) [1 CMS-initial-mark: 4290579K(4902144K)] 4325629K(5208832K), 0.0004319 secs] [Times: user=0.00 sys=0.00, real=0.00 secs] 
2016-06-27T18:44:17.294+0300: 453.630: Total time for which application threads were stopped: 0.0008861 seconds, Stopping threads took: 0.0001091 seconds
2016-06-27T18:44:17.294+0300: 453.630: [CMS-concurrent-mark-start]
2016-06-27T18:44:17.386+0300: 453.722: [CMS-concurrent-mark: 0.092/0.092 secs] [Times: user=0.36 sys=0.00, real=0.09 secs] 
2016-06-27T18:44:17.386+0300: 453.722: [CMS-concurrent-preclean-start]
2016-06-27T18:44:17.396+0300: 453.732: [CMS-concurrent-preclean: 0.010/0.010 secs] [Times: user=0.06 sys=0.00, real=0.01 secs] 
2016-06-27T18:44:17.396+0300: 453.732: [CMS-concurrent-abortable-preclean-start]
2016-06-27T18:44:17.674+0300: 454.010: [GC (Allocation Failure) 2016-06-27T18:44:17.674+0300: 454.010: [ParNew
Desired survivor size 17432576 bytes, new threshold 1 (max 6)
- age   1:   34854168 bytes,   34854168 total
: 305874K->34048K(306688K), 0.0376823 secs] 4596454K->4591676K(5208832K), 0.0378389 secs] [Times: user=0.19 sys=0.00, real=0.04 secs] 
2016-06-27T18:44:17.712+0300: 454.048: Total time for which application threads were stopped: 0.0421719 seconds, Stopping threads took: 0.0039344 seconds
2016-06-27T18:44:17.956+0300: 454.292: [CMS-concurrent-abortable-preclean: 0.076/0.560 secs] [Times: user=2.13 sys=0.00, real=0.56 secs] 
2016-06-27T18:44:17.993+0300: 454.329: [GC (CMS Final Remark) [YG occupancy: 247994 K (306688 K)]2016-06-27T18:44:17.993+0300: 454.329: [Rescan (parallel) , 0.0041662 secs]2016-06-27T18:44:17.997+0300: 454.333: [weak refs processing, 0.0000265 secs]2016-06-27T18:44:17.997+0300: 454.333: [class unloading, 0.0031497 secs]2016-06-27T18:44:18.000+0300: 454.336: [scrub symbol table, 0.0018543 secs]2016-06-27T18:44:18.002+0300: 454.338: [scrub string table, 0.0004105 secs][1 CMS-remark: 4557628K(4902144K)] 4805622K(5208832K), 0.0099652 secs] [Times: user=0.00 sys=0.00, real=0.01 secs] 
2016-06-27T18:44:18.003+0300: 454.339: Total time for which application threads were stopped: 0.0137247 seconds, Stopping threads took: 0.0034016 seconds
2016-06-27T18:44:18.003+0300: 454.339: [CMS-concurrent-sweep-start]
2016-06-27T18:44:18.012+0300: 454.348: [CMS-concurrent-sweep: 0.009/0.009 secs] [Times: user=0.06 sys=0.00, real=0.01 secs] 
2016-06-27T18:44:18.012+0300: 454.349: [CMS-concurrent-reset-start]
2016-06-27T18:44:18.019+0300: 454.355: [CMS-concurrent-reset: 0.006/0.006 secs] [Times: user=0.00 sys=0.00, real=0.01 secs] 
2016-06-27T18:44:18.082+0300: 454.418: [GC (Allocation Failure) 2016-06-27T18:44:18.082+0300: 454.418: [ParNew
Desired survivor size 17432576 bytes, new threshold 1 (max 6)
- age   1:   34857656 bytes,   34857656 total
: 306574K->34048K(306688K), 0.0401174 secs] 4294089K->4288613K(5208832K), 0.0403077 secs] [Times: user=0.19 sys=0.00, real=0.04 secs] 
2016-06-27T18:44:18.122+0300: 454.458: Total time for which application threads were stopped: 0.0413503 seconds, Stopping threads took: 0.0005859 seconds
2016-06-27T18:44:18.123+0300: 454.459: [GC (CMS Initial Mark) [1 CMS-initial-mark: 4254565K(4902144K)] 4289613K(5208832K), 0.0004080 secs] [Times: user=0.00 sys=0.00, real=0.00 secs] 
2016-06-27T18:44:18.123+0300: 454.459: Total time for which application threads were stopped: 0.0008878 seconds, Stopping threads took: 0.0001116 seconds
2016-06-27T18:44:18.123+0300: 454.459: [CMS-concurrent-mark-start]
2016-06-27T18:44:18.173+0300: 454.509: [CMS-concurrent-mark: 0.050/0.050 secs] [Times: user=0.19 sys=0.00, real=0.05 secs] 
2016-06-27T18:44:18.173+0300: 454.509: [CMS-concurrent-preclean-start]
2016-06-27T18:44:18.183+0300: 454.520: [CMS-concurrent-preclean: 0.010/0.010 secs] [Times: user=0.06 sys=0.00, real=0.01 secs] 
2016-06-27T18:44:18.183+0300: 454.520: [CMS-concurrent-abortable-preclean-start]
2016-06-27T18:44:18.295+0300: 454.631: Total time for which application threads were stopped: 0.0031424 seconds, Stopping threads took: 0.0017046 seconds
2016-06-27T18:44:18.517+0300: 454.853: [CMS-concurrent-abortable-preclean: 0.033/0.333 secs] [Times: user=1.27 sys=0.00, real=0.33 secs] 
2016-06-27T18:44:18.532+0300: 454.868: [GC (Allocation Failure) 2016-06-27T18:44:18.532+0300: 454.868: [ParNew
Desired survivor size 17432576 bytes, new threshold 1 (max 6)
- age   1:   34861560 bytes,   34861560 total
: 306688K->34048K(306688K), 0.0392788 secs] 4561253K->4554660K(5208832K), 0.0394404 secs] [Times: user=0.17 sys=0.00, real=0.04 secs] 
2016-06-27T18:44:18.571+0300: 454.908: Total time for which application threads were stopped: 0.0434390 seconds, Stopping threads took: 0.0034978 seconds
2016-06-27T18:44:18.956+0300: 455.292: [GC (Allocation Failure) 2016-06-27T18:44:18.956+0300: 455.293: [ParNew
Desired survivor size 17432576 bytes, new threshold 1 (max 6)
- age   1:   34854560 bytes,   34854560 total
: 306305K->34048K(306688K), 0.0412165 secs] 4826918K->4821708K(5208832K), 0.0414059 secs] [Times: user=0.19 sys=0.00, real=0.04 secs] 
2016-06-27T18:44:18.998+0300: 455.334: Total time for which application threads were stopped: 0.0520596 seconds, Stopping threads took: 0.0102115 seconds
2016-06-27T18:44:19.125+0300: 455.461: Total time for which application threads were stopped: 0.0062801 seconds, Stopping threads took: 0.0036872 seconds
2016-06-27T18:44:19.137+0300: 455.474: Total time for which application threads were stopped: 0.0009297 seconds, Stopping threads took: 0.0000860 seconds
2016-06-27T18:44:19.452+0300: 455.788: [GC (Allocation Failure) 2016-06-27T18:44:19.452+0300: 455.788: [ParNew: 305875K->305875K(306688K), 0.0000398 secs]2016-06-27T18:44:19.452+0300: 455.788: [CMS (concurrent mode failure): 4787660K->3690481K(4902144K), 0.8258048 secs] 5093536K->3690481K(5208832K), [Metaspace: 9098K->9098K(1058816K)], 0.8260131 secs] [Times: user=0.83 sys=0.00, real=0.83 secs] 
2016-06-27T18:44:20.278+0300: 456.614: Total time for which application threads were stopped: 0.8332862 seconds, Stopping threads took: 0.0068515 seconds
2016-06-27T18:44:20.281+0300: 456.617: Total time for which application threads were stopped: 0.0015169 seconds, Stopping threads took: 0.0000821 seconds
2016-06-27T18:44:20.675+0300: 457.012: [GC (Allocation Failure) 2016-06-27T18:44:20.675+0300: 457.012: [ParNew
Desired survivor size 17432576 bytes, new threshold 1 (max 6)
- age   1:   34857104 bytes,   34857104 total
: 271730K->34048K(306688K), 0.0347187 secs] 3962211K->3955550K(5208832K), 0.0348440 secs] [Times: user=0.19 sys=0.00, real=0.04 secs] 
2016-06-27T18:44:20.710+0300: 457.047: Total time for which application threads were stopped: 0.0360786 seconds, Stopping threads took: 0.0009156 seconds
2016-06-27T18:44:21.044+0300: 457.381: [GC (Allocation Failure) 2016-06-27T18:44:21.045+0300: 457.381: [ParNew
Desired survivor size 17432576 bytes, new threshold 1 (max 6)
- age   1:   34859032 bytes,   34859032 total
: 305952K->34048K(306688K), 0.0387780 secs] 4227454K->4222598K(5208832K), 0.0389285 secs] [Times: user=0.17 sys=0.00, real=0.04 secs] 
2016-06-27T18:44:21.083+0300: 457.420: Total time for which application threads were stopped: 0.0405151 seconds, Stopping threads took: 0.0011799 seconds
2016-06-27T18:44:21.290+0300: 457.627: Total time for which application threads were stopped: 0.0027092 seconds, Stopping threads took: 0.0013360 seconds
2016-06-27T18:44:21.463+0300: 457.799: [GC (Allocation Failure) 2016-06-27T18:44:21.469+0300: 457.805: [ParNew
Desired survivor size 17432576 bytes, new threshold 1 (max 6)
- age   1:   34863560 bytes,   34863560 total
: 306688K->34048K(306688K), 0.0387733 secs] 4495238K->4489651K(5208832K), 0.0448776 secs] [Times: user=0.13 sys=0.00, real=0.03 secs] 
2016-06-27T18:44:21.495+0300: 457.844: Total time for which application threads were stopped: 0.0456025 seconds, Stopping threads took: 0.0003853 seconds
2016-06-27T18:44:21.826+0300: 458.163: [GC (Allocation Failure) 2016-06-27T18:44:21.826+0300: 458.163: [ParNew
Desired survivor size 17432576 bytes, new threshold 1 (max 6)
- age   1:   34853688 bytes,   34853688 total
: 305822K->34048K(306688K), 0.0378218 secs] 4761426K->4755700K(5208832K), 0.0379911 secs] [Times: user=0.19 sys=0.00, real=0.04 secs] 
2016-06-27T18:44:21.864+0300: 458.201: Total time for which application threads were stopped: 0.0391009 seconds, Stopping threads took: 0.0007142 seconds
2016-06-27T18:44:22.125+0300: 458.461: Total time for which application threads were stopped: 0.0020267 seconds, Stopping threads took: 0.0006817 seconds
2016-06-27T18:44:22.228+0300: 458.565: [GC (Allocation Failure) 2016-06-27T18:44:22.228+0300: 458.565: [ParNew: 306688K->306688K(306688K), 0.0000282 secs]2016-06-27T18:44:22.228+0300: 458.565: [CMS: 4721652K->3776475K(4902144K), 0.5768694 secs] 5028340K->3776475K(5208832K), [Metaspace: 9098K->9098K(1058816K)], 0.5770233 secs] [Times: user=0.58 sys=0.00, real=0.58 secs] 
2016-06-27T18:44:22.806+0300: 459.142: Total time for which application threads were stopped: 0.5783311 seconds, Stopping threads took: 0.0009840 seconds
2016-06-27T18:44:23.125+0300: 459.462: Total time for which application threads were stopped: 0.0027584 seconds, Stopping threads took: 0.0016559 seconds
2016-06-27T18:44:23.166+0300: 459.503: [GC (Allocation Failure) 2016-06-27T18:44:23.166+0300: 459.503: [ParNew
Desired survivor size 17432576 bytes, new threshold 1 (max 6)
- age   1:   34860536 bytes,   34860536 total
: 272640K->34048K(306688K), 0.0350890 secs] 4049115K->4043544K(5208832K), 0.0352066 secs] [Times: user=0.13 sys=0.00, real=0.04 secs] 
2016-06-27T18:44:23.202+0300: 459.538: Total time for which application threads were stopped: 0.0356685 seconds, Stopping threads took: 0.0001642 seconds
2016-06-27T18:44:23.508+0300: 459.844: [GC (Allocation Failure) 2016-06-27T18:44:23.508+0300: 459.844: [ParNew
Desired survivor size 17432576 bytes, new threshold 1 (max 6)
- age   1:   34855584 bytes,   34855584 total
: 306008K->34048K(306688K), 0.0387900 secs] 4315504K->4310595K(5208832K), 0.0389127 secs] [Times: user=0.13 sys=0.00, real=0.04 secs] 
2016-06-27T18:44:23.547+0300: 459.883: Total time for which application threads were stopped: 0.0398860 seconds, Stopping threads took: 0.0006393 seconds
2016-06-27T18:44:23.864+0300: 460.201: [GC (Allocation Failure) 2016-06-27T18:44:23.870+0300: 460.206: [ParNew
Desired survivor size 17432576 bytes, new threshold 1 (max 6)
- age   1:   34852712 bytes,   34852712 total
: 306249K->34048K(306688K), 0.0385154 secs] 4582796K->4577639K(5208832K), 0.0444641 secs] [Times: user=0.13 sys=0.00, real=0.04 secs] 
2016-06-27T18:44:23.909+0300: 460.245: Total time for which application threads were stopped: 0.0454143 seconds, Stopping threads took: 0.0005478 seconds
2016-06-27T18:44:24.125+0300: 460.461: Total time for which application threads were stopped: 0.0015464 seconds, Stopping threads took: 0.0005209 seconds
2016-06-27T18:44:24.298+0300: 460.634: [GC (Allocation Failure) 2016-06-27T18:44:24.298+0300: 460.634: [ParNew
Desired survivor size 17432576 bytes, new threshold 1 (max 6)
- age   1:   34859544 bytes,   34859544 total
: 306688K->34048K(306688K), 0.0391299 secs] 4850279K->4843680K(5208832K), 0.0392565 secs] [Times: user=0.19 sys=0.00, real=0.04 secs] 
2016-06-27T18:44:24.337+0300: 460.673: Total time for which application threads were stopped: 0.0398133 seconds, Stopping threads took: 0.0002117 seconds
2016-06-27T18:44:24.646+0300: 460.983: [GC (Allocation Failure) 2016-06-27T18:44:24.646+0300: 460.983: [ParNew: 306651K->306651K(306688K), 0.0000274 secs]2016-06-27T18:44:24.646+0300: 460.983: [CMS: 4809632K->3911480K(4902144K), 0.6905108 secs] 5116284K->3911480K(5208832K), [Metaspace: 9098K->9098K(1058816K)], 0.6906725 secs] [Times: user=0.66 sys=0.00, real=0.69 secs] 
2016-06-27T18:44:25.337+0300: 461.674: Total time for which application threads were stopped: 0.6917151 seconds, Stopping threads took: 0.0007244 seconds
2016-06-27T18:44:25.341+0300: 461.677: Total time for which application threads were stopped: 0.0021567 seconds, Stopping threads took: 0.0001240 seconds
2016-06-27T18:44:25.694+0300: 462.030: [GC (Allocation Failure) 2016-06-27T18:44:25.694+0300: 462.030: [ParNew
Desired survivor size 17432576 bytes, new threshold 1 (max 6)
- age   1:   34858408 bytes,   34858408 total
: 272475K->34048K(306688K), 0.0359063 secs] 4183955K->4177555K(5208832K), 0.0360825 secs] [Times: user=0.13 sys=0.00, real=0.04 secs] 
2016-06-27T18:44:25.730+0300: 462.066: Total time for which application threads were stopped: 0.0435964 seconds, Stopping threads took: 0.0071140 seconds
2016-06-27T18:44:26.060+0300: 462.396: [GC (Allocation Failure) 2016-06-27T18:44:26.060+0300: 462.396: [ParNew
Desired survivor size 17432576 bytes, new threshold 1 (max 6)
- age   1:   34857200 bytes,   34857200 total
: 306150K->34048K(306688K), 0.0390641 secs] 4449657K->4444605K(5208832K), 0.0392326 secs] [Times: user=0.17 sys=0.00, real=0.04 secs] 
2016-06-27T18:44:26.099+0300: 462.435: Total time for which application threads were stopped: 0.0415612 seconds, Stopping threads took: 0.0019086 seconds
2016-06-27T18:44:26.336+0300: 462.672: Total time for which application threads were stopped: 0.0041735 seconds, Stopping threads took: 0.0023397 seconds
2016-06-27T18:44:26.469+0300: 462.805: [GC (Allocation Failure) 2016-06-27T18:44:26.469+0300: 462.806: [ParNew
Desired survivor size 17432576 bytes, new threshold 1 (max 6)
- age   1:   34859416 bytes,   34859416 total
: 306688K->34048K(306688K), 0.0396230 secs] 4717245K->4711653K(5208832K), 0.0397898 secs] [Times: user=0.19 sys=0.00, real=0.04 secs] 
2016-06-27T18:44:26.509+0300: 462.845: Total time for which application threads were stopped: 0.0410493 seconds, Stopping threads took: 0.0008895 seconds
2016-06-27T18:44:26.826+0300: 463.163: [GC (Allocation Failure) 2016-06-27T18:44:26.826+0300: 463.163: [ParNew: 305762K->305762K(306688K), 0.0000364 secs]2016-06-27T18:44:26.826+0300: 463.163: [CMS: 4677605K->3807473K(4902144K), 0.6657017 secs] 4983367K->3807473K(5208832K), [Metaspace: 9098K->9098K(1058816K)], 0.6658861 secs] [Times: user=0.67 sys=0.00, real=0.67 secs] 
2016-06-27T18:44:27.492+0300: 463.829: Total time for which application threads were stopped: 0.6703392 seconds, Stopping threads took: 0.0040888 seconds
2016-06-27T18:44:27.496+0300: 463.832: Total time for which application threads were stopped: 0.0017046 seconds, Stopping threads took: 0.0000778 seconds
2016-06-27T18:44:27.845+0300: 464.182: [GC (Allocation Failure) 2016-06-27T18:44:27.845+0300: 464.182: [ParNew
Desired survivor size 17432576 bytes, new threshold 1 (max 6)
- age   1:   34863192 bytes,   34863192 total
: 272640K->34048K(306688K), 0.0351442 secs] 4080113K->4073542K(5208832K), 0.0352592 secs] [Times: user=0.19 sys=0.00, real=0.04 secs] 
2016-06-27T18:44:27.880+0300: 464.217: Total time for which application threads were stopped: 0.0361342 seconds, Stopping threads took: 0.0006047 seconds
2016-06-27T18:44:28.127+0300: 464.463: Total time for which application threads were stopped: 0.0019510 seconds, Stopping threads took: 0.0006376 seconds
2016-06-27T18:44:28.237+0300: 464.574: [GC (Allocation Failure) 2016-06-27T18:44:28.237+0300: 464.574: [ParNew
Desired survivor size 17432576 bytes, new threshold 1 (max 6)
- age   1:   34856792 bytes,   34856792 total
: 306688K->34048K(306688K), 0.0389349 secs] 4346182K->4339596K(5208832K), 0.0390594 secs] [Times: user=0.19 sys=0.00, real=0.04 secs] 
2016-06-27T18:44:28.277+0300: 464.613: Total time for which application threads were stopped: 0.0397535 seconds, Stopping threads took: 0.0004153 seconds
2016-06-27T18:44:28.590+0300: 464.926: [GC (Allocation Failure) 2016-06-27T18:44:28.590+0300: 464.926: [ParNew
Desired survivor size 17432576 bytes, new threshold 1 (max 6)
- age   1:   34857832 bytes,   34857832 total
: 305705K->34048K(306688K), 0.0397881 secs] 4611254K->4606640K(5208832K), 0.0399579 secs] [Times: user=0.14 sys=0.03, real=0.04 secs] 
2016-06-27T18:44:28.630+0300: 464.966: Total time for which application threads were stopped: 0.0411019 seconds, Stopping threads took: 0.0007296 seconds
2016-06-27T18:44:28.960+0300: 465.297: [GC (Allocation Failure) 2016-06-27T18:44:28.961+0300: 465.297: [ParNew
Desired survivor size 17432576 bytes, new threshold 1 (max 6)
- age   1:   34854816 bytes,   34854816 total
: 306043K->34048K(306688K), 0.0394986 secs] 4878635K->4873686K(5208832K), 0.0396371 secs] [Times: user=0.13 sys=0.00, real=0.04 secs] 
2016-06-27T18:44:29.000+0300: 465.337: Total time for which application threads were stopped: 0.0414953 seconds, Stopping threads took: 0.0013822 seconds
2016-06-27T18:44:29.128+0300: 465.464: Total time for which application threads were stopped: 0.0018312 seconds, Stopping threads took: 0.0002686 seconds
2016-06-27T18:44:29.137+0300: 465.474: Total time for which application threads were stopped: 0.0006287 seconds, Stopping threads took: 0.0000945 seconds
2016-06-27T18:44:29.338+0300: 465.675: [GC (Allocation Failure) 2016-06-27T18:44:29.338+0300: 465.675: [ParNew: 306188K->306188K(306688K), 0.0000351 secs]2016-06-27T18:44:29.338+0300: 465.675: [CMS: 4839638K->3971491K(4902144K), 0.6207330 secs] 5145826K->3971491K(5208832K), [Metaspace: 9098K->9098K(1058816K)], 0.6209105 secs] [Times: user=0.63 sys=0.00, real=0.62 secs] 
2016-06-27T18:44:29.960+0300: 466.296: Total time for which application threads were stopped: 0.6218595 seconds, Stopping threads took: 0.0005885 seconds
2016-06-27T18:44:30.127+0300: 466.464: Total time for which application threads were stopped: 0.0015789 seconds, Stopping threads took: 0.0003242 seconds
2016-06-27T18:44:30.318+0300: 466.654: [GC (Allocation Failure) 2016-06-27T18:44:30.318+0300: 466.654: [ParNew
Desired survivor size 17432576 bytes, new threshold 1 (max 6)
- age   1:   34857152 bytes,   34857152 total
: 272640K->34048K(306688K), 0.0352605 secs] 4244131K->4237553K(5208832K), 0.0354008 secs] [Times: user=0.13 sys=0.00, real=0.03 secs] 
2016-06-27T18:44:30.353+0300: 466.690: Total time for which application threads were stopped: 0.0360803 seconds, Stopping threads took: 0.0003892 seconds
2016-06-27T18:44:30.713+0300: 467.049: [GC (Allocation Failure) 2016-06-27T18:44:30.713+0300: 467.049: [ParNew
Desired survivor size 17432576 bytes, new threshold 1 (max 6)
- age   1:   34859704 bytes,   34859704 total
: 306618K->34048K(306688K), 0.0426260 secs] 4510123K->4504613K(5208832K), 0.0427941 secs] [Times: user=0.19 sys=0.00, real=0.04 secs] 
2016-06-27T18:44:30.756+0300: 467.092: Total time for which application threads were stopped: 0.0438106 seconds, Stopping threads took: 0.0006188 seconds
2016-06-27T18:44:31.087+0300: 467.423: [GC (Allocation Failure) 2016-06-27T18:44:31.087+0300: 467.423: [ParNew
Desired survivor size 17432576 bytes, new threshold 1 (max 6)
- age   1:   34856776 bytes,   34856776 total
: 306329K->34048K(306688K), 0.0387459 secs] 4776894K->4771662K(5208832K), 0.0389033 secs] [Times: user=0.13 sys=0.00, real=0.04 secs] 
2016-06-27T18:44:31.126+0300: 467.462: Total time for which application threads were stopped: 0.0414384 seconds, Stopping threads took: 0.0020904 seconds
2016-06-27T18:44:31.127+0300: 467.463: [GC (CMS Initial Mark) [1 CMS-initial-mark: 4737614K(4902144K)] 4772662K(5208832K), 0.0004212 secs] [Times: user=0.00 sys=0.00, real=0.00 secs] 
2016-06-27T18:44:31.127+0300: 467.463: Total time for which application threads were stopped: 0.0008917 seconds, Stopping threads took: 0.0001103 seconds
2016-06-27T18:44:31.127+0300: 467.463: [CMS-concurrent-mark-start]
2016-06-27T18:44:31.179+0300: 467.515: [CMS-concurrent-mark: 0.051/0.051 secs] [Times: user=0.22 sys=0.00, real=0.05 secs] 
2016-06-27T18:44:31.179+0300: 467.515: [CMS-concurrent-preclean-start]
2016-06-27T18:44:31.189+0300: 467.525: [CMS-concurrent-preclean: 0.010/0.010 secs] [Times: user=0.00 sys=0.00, real=0.01 secs] 
2016-06-27T18:44:31.189+0300: 467.525: [CMS-concurrent-abortable-preclean-start]
2016-06-27T18:44:31.420+0300: 467.757: [CMS-concurrent-abortable-preclean: 0.032/0.231 secs] [Times: user=0.94 sys=0.00, real=0.23 secs] 
2016-06-27T18:44:31.432+0300: 467.768: [GC (CMS Final Remark) [YG occupancy: 258887 K (306688 K)]2016-06-27T18:44:31.432+0300: 467.768: [Rescan (parallel) , 0.0043912 secs]2016-06-27T18:44:31.437+0300: 467.773: [weak refs processing, 0.0000257 secs]2016-06-27T18:44:31.437+0300: 467.773: [class unloading, 0.0021562 secs]2016-06-27T18:44:31.439+0300: 467.775: [scrub symbol table, 0.0007578 secs]2016-06-27T18:44:31.440+0300: 467.776: [scrub string table, 0.0001993 secs][1 CMS-remark: 4737614K(4902144K)] 4996501K(5208832K), 0.0081862 secs] [Times: user=0.00 sys=0.00, real=0.01 secs] 
2016-06-27T18:44:31.440+0300: 467.777: Total time for which application threads were stopped: 0.0099956 seconds, Stopping threads took: 0.0014450 seconds
2016-06-27T18:44:31.443+0300: 467.780: Total time for which application threads were stopped: 0.0016255 seconds, Stopping threads took: 0.0000706 seconds
2016-06-27T18:44:31.529+0300: 467.866: [CMS-concurrent-sweep-start]
2016-06-27T18:44:31.530+0300: 467.867: [GC (Allocation Failure) 2016-06-27T18:44:31.530+0300: 467.867: [ParNew: 306688K->306688K(306688K), 0.0000274 secs]2016-06-27T18:44:31.530+0300: 467.867: [CMS2016-06-27T18:44:31.537+0300: 467.873: [CMS-concurrent-sweep: 0.007/0.007 secs] [Times: user=0.02 sys=0.00, real=0.01 secs] 
 (concurrent mode failure): 4737614K->3791473K(4902144K), 0.5869171 secs] 5044302K->3791473K(5208832K), [Metaspace: 9098K->9098K(1058816K)], 0.5872306 secs] [Times: user=0.59 sys=0.00, real=0.59 secs] 
2016-06-27T18:44:32.118+0300: 468.454: Total time for which application threads were stopped: 0.5877100 seconds, Stopping threads took: 0.0001847 seconds
2016-06-27T18:44:32.128+0300: 468.465: Total time for which application threads were stopped: 0.0015387 seconds, Stopping threads took: 0.0000851 seconds
2016-06-27T18:44:32.452+0300: 468.788: [GC (Allocation Failure) 2016-06-27T18:44:32.452+0300: 468.788: [ParNew
Desired survivor size 17432576 bytes, new threshold 1 (max 6)
- age   1:   34861512 bytes,   34861512 total
: 272216K->34048K(306688K), 0.0366803 secs] 4063689K->4057553K(5208832K), 0.0368557 secs] [Times: user=0.13 sys=0.00, real=0.04 secs] 
2016-06-27T18:44:32.489+0300: 468.825: Total time for which application threads were stopped: 0.0377892 seconds, Stopping threads took: 0.0005239 seconds
2016-06-27T18:44:32.810+0300: 469.147: [GC (Allocation Failure) 2016-06-27T18:44:32.810+0300: 469.147: [ParNew
Desired survivor size 17432576 bytes, new threshold 1 (max 6)
- age   1:   34852552 bytes,   34852552 total
: 306188K->34048K(306688K), 0.0388263 secs] 4329693K->4324605K(5208832K), 0.0389815 secs] [Times: user=0.19 sys=0.00, real=0.04 secs] 
2016-06-27T18:44:32.849+0300: 469.186: Total time for which application threads were stopped: 0.0412605 seconds, Stopping threads took: 0.0018612 seconds
2016-06-27T18:44:32.850+0300: 469.186: [GC (CMS Initial Mark) [1 CMS-initial-mark: 4290557K(4902144K)] 4325605K(5208832K), 0.0003934 secs] [Times: user=0.00 sys=0.00, real=0.00 secs] 
2016-06-27T18:44:32.850+0300: 469.187: Total time for which application threads were stopped: 0.0008194 seconds, Stopping threads took: 0.0000718 seconds
2016-06-27T18:44:32.850+0300: 469.187: [CMS-concurrent-mark-start]
2016-06-27T18:44:32.901+0300: 469.237: [CMS-concurrent-mark: 0.050/0.050 secs] [Times: user=0.19 sys=0.00, real=0.05 secs] 
2016-06-27T18:44:32.901+0300: 469.237: [CMS-concurrent-preclean-start]
2016-06-27T18:44:32.911+0300: 469.247: [CMS-concurrent-preclean: 0.010/0.010 secs] [Times: user=0.05 sys=0.00, real=0.01 secs] 
2016-06-27T18:44:32.911+0300: 469.247: [CMS-concurrent-abortable-preclean-start]
2016-06-27T18:44:33.130+0300: 469.466: Total time for which application threads were stopped: 0.0029902 seconds, Stopping threads took: 0.0014262 seconds
2016-06-27T18:44:33.269+0300: 469.605: [GC (Allocation Failure) 2016-06-27T18:44:33.269+0300: 469.605: [ParNew
Desired survivor size 17432576 bytes, new threshold 1 (max 6)
- age   1:   34860720 bytes,   34860720 total
: 306688K->34046K(306688K), 0.0386082 secs] 4597245K->4589646K(5208832K), 0.0387878 secs] [Times: user=0.19 sys=0.00, real=0.04 secs] 
2016-06-27T18:44:33.308+0300: 469.644: Total time for which application threads were stopped: 0.0409342 seconds, Stopping threads took: 0.0017906 seconds
2016-06-27T18:44:33.635+0300: 469.971: [GC (Allocation Failure) 2016-06-27T18:44:33.635+0300: 469.971: [ParNew2016-06-27T18:44:33.667+0300: 470.003: [CMS-concurrent-abortable-preclean: 0.097/0.756 secs] [Times: user=2.88 sys=0.02, real=0.76 secs] 

Desired survivor size 17432576 bytes, new threshold 1 (max 6)
- age   1:   34854120 bytes,   34854120 total
: 306658K->34048K(306688K), 0.0413589 secs] 4862258K->4857699K(5208832K), 0.0415124 secs] [Times: user=0.16 sys=0.00, real=0.04 secs] 
2016-06-27T18:44:33.677+0300: 470.013: Total time for which application threads were stopped: 0.0439030 seconds, Stopping threads took: 0.0020019 seconds
2016-06-27T18:44:33.678+0300: 470.015: [GC (CMS Final Remark) [YG occupancy: 35064 K (306688 K)]2016-06-27T18:44:33.678+0300: 470.015: [Rescan (parallel) , 0.0042167 secs]2016-06-27T18:44:33.683+0300: 470.019: [weak refs processing, 0.0000248 secs]2016-06-27T18:44:33.683+0300: 470.019: [class unloading, 0.0027909 secs]2016-06-27T18:44:33.689+0300: 470.025: [scrub symbol table, 0.0013159 secs]2016-06-27T18:44:33.691+0300: 470.027: [scrub string table, 0.0003306 secs][1 CMS-remark: 4823651K(4902144K)] 4858715K(5208832K), 0.0127090 secs] [Times: user=0.00 sys=0.00, real=0.01 secs] 
2016-06-27T18:44:33.691+0300: 470.027: Total time for which application threads were stopped: 0.0131196 seconds, Stopping threads took: 0.0000659 seconds
2016-06-27T18:44:34.029+0300: 470.365: [CMS-concurrent-sweep-start]
2016-06-27T18:44:34.038+0300: 470.374: [CMS-concurrent-sweep: 0.009/0.009 secs] [Times: user=0.06 sys=0.00, real=0.01 secs] 
2016-06-27T18:44:34.038+0300: 470.374: [CMS-concurrent-reset-start]
2016-06-27T18:44:34.044+0300: 470.380: [CMS-concurrent-reset: 0.006/0.006 secs] [Times: user=0.00 sys=0.00, real=0.01 secs] 
2016-06-27T18:44:34.052+0300: 470.389: [GC (Allocation Failure) 2016-06-27T18:44:34.053+0300: 470.389: [ParNew
Desired survivor size 17432576 bytes, new threshold 1 (max 6)
- age   1:   34861656 bytes,   34861656 total
: 306483K->34047K(306688K), 0.0388682 secs] 4635029K->4629638K(5208832K), 0.0390286 secs] [Times: user=0.13 sys=0.00, real=0.04 secs] 
2016-06-27T18:44:34.092+0300: 470.428: Total time for which application threads were stopped: 0.0424246 seconds, Stopping threads took: 0.0029478 seconds
2016-06-27T18:44:34.092+0300: 470.428: [GC (CMS Initial Mark) [1 CMS-initial-mark: 4595590K(4902144K)] 4630640K(5208832K), 0.0003917 secs] [Times: user=0.00 sys=0.00, real=0.00 secs] 
2016-06-27T18:44:34.092+0300: 470.429: Total time for which application threads were stopped: 0.0008288 seconds, Stopping threads took: 0.0000804 seconds
2016-06-27T18:44:34.092+0300: 470.429: [CMS-concurrent-mark-start]
2016-06-27T18:44:34.129+0300: 470.465: Total time for which application threads were stopped: 0.0016640 seconds, Stopping threads took: 0.0000971 seconds
2016-06-27T18:44:34.145+0300: 470.482: [CMS-concurrent-mark: 0.051/0.053 secs] [Times: user=0.23 sys=0.00, real=0.05 secs] 
2016-06-27T18:44:34.145+0300: 470.482: [CMS-concurrent-preclean-start]
2016-06-27T18:44:34.155+0300: 470.492: [CMS-concurrent-preclean: 0.010/0.010 secs] [Times: user=0.00 sys=0.00, real=0.01 secs] 
2016-06-27T18:44:34.155+0300: 470.492: [CMS-concurrent-abortable-preclean-start]
2016-06-27T18:44:34.452+0300: 470.788: [GC (Allocation Failure) 2016-06-27T18:44:34.458+0300: 470.795: [ParNew
Desired survivor size 17432576 bytes, new threshold 1 (max 6)
- age   1:   34862080 bytes,   34862080 total
: 306313K->34048K(306688K), 0.0379415 secs] 4901903K->4895689K(5208832K), 0.0442083 secs] [Times: user=0.06 sys=0.00, real=0.03 secs] 
2016-06-27T18:44:34.483+0300: 470.833: Total time for which application threads were stopped: 0.0471177 seconds, Stopping threads took: 0.0025501 seconds
2016-06-27T18:44:34.499+0300: 470.844: [CMS-concurrent-abortable-preclean: 0.043/0.353 secs] [Times: user=1.27 sys=0.02, real=0.34 secs] 
2016-06-27T18:44:34.529+0300: 470.866: [GC (CMS Final Remark) [YG occupancy: 59557 K (306688 K)]2016-06-27T18:44:34.529+0300: 470.866: [Rescan (parallel) , 0.0041384 secs]2016-06-27T18:44:34.534+0300: 470.870: [weak refs processing, 0.0000184 secs]2016-06-27T18:44:34.534+0300: 470.870: [class unloading, 0.0024197 secs]2016-06-27T18:44:34.534+0300: 470.873: [scrub symbol table, 0.0015969 secs]2016-06-27T18:44:34.534+0300: 470.874: [scrub string table, 0.0003165 secs][1 CMS-remark: 4861641K(4902144K)] 4921199K(5208832K), 0.0087712 secs] [Times: user=0.00 sys=0.00, real=0.00 secs] 
2016-06-27T18:44:34.534+0300: 470.875: Total time for which application threads were stopped: 0.0094944 seconds, Stopping threads took: 0.0004294 seconds
2016-06-27T18:44:34.534+0300: 470.875: [CMS-concurrent-sweep-start]
2016-06-27T18:44:34.534+0300: 470.884: [CMS-concurrent-sweep: 0.009/0.009 secs] [Times: user=0.00 sys=0.00, real=0.00 secs] 
2016-06-27T18:44:34.534+0300: 470.884: [CMS-concurrent-reset-start]
2016-06-27T18:44:34.549+0300: 470.890: [CMS-concurrent-reset: 0.006/0.006 secs] [Times: user=0.06 sys=0.00, real=0.02 secs] 
2016-06-27T18:44:34.838+0300: 471.175: [GC (Allocation Failure) 2016-06-27T18:44:34.838+0300: 471.175: [ParNew
Desired survivor size 17432576 bytes, new threshold 1 (max 6)
- age   1:   34853568 bytes,   34853568 total
: 306179K->34048K(306688K), 0.0396679 secs] 4447688K->4442613K(5208832K), 0.0398215 secs] [Times: user=0.13 sys=0.00, real=0.04 secs] 
2016-06-27T18:44:34.878+0300: 471.214: Total time for which application threads were stopped: 0.0431148 seconds, Stopping threads took: 0.0028465 seconds
2016-06-27T18:44:34.879+0300: 471.215: [GC (CMS Initial Mark) [1 CMS-initial-mark: 4408565K(4902144K)] 4443613K(5208832K), 0.0003597 secs] [Times: user=0.00 sys=0.00, real=0.00 secs] 
2016-06-27T18:44:34.879+0300: 471.215: Total time for which application threads were stopped: 0.0007048 seconds, Stopping threads took: 0.0001065 seconds
2016-06-27T18:44:34.879+0300: 471.215: [CMS-concurrent-mark-start]
2016-06-27T18:44:34.931+0300: 471.267: [CMS-concurrent-mark: 0.052/0.052 secs] [Times: user=0.20 sys=0.00, real=0.05 secs] 
2016-06-27T18:44:34.931+0300: 471.267: [CMS-concurrent-preclean-start]
2016-06-27T18:44:34.941+0300: 471.277: [CMS-concurrent-preclean: 0.010/0.010 secs] [Times: user=0.00 sys=0.00, real=0.01 secs] 
2016-06-27T18:44:34.941+0300: 471.278: [CMS-concurrent-abortable-preclean-start]
2016-06-27T18:44:35.130+0300: 471.466: Total time for which application threads were stopped: 0.0023645 seconds, Stopping threads took: 0.0007223 seconds
2016-06-27T18:44:35.241+0300: 471.577: [CMS-concurrent-abortable-preclean: 0.032/0.299 secs] [Times: user=1.17 sys=0.02, real=0.30 secs] 
2016-06-27T18:44:35.281+0300: 471.617: [GC (Allocation Failure) 2016-06-27T18:44:35.281+0300: 471.617: [ParNew
Desired survivor size 17432576 bytes, new threshold 1 (max 6)
- age   1:   34860448 bytes,   34860448 total
: 306688K->34048K(306688K), 0.0384773 secs] 4715253K->4707657K(5208832K), 0.0386249 secs] [Times: user=0.19 sys=0.00, real=0.04 secs] 
2016-06-27T18:44:35.319+0300: 471.656: Total time for which application threads were stopped: 0.0406939 seconds, Stopping threads took: 0.0017341 seconds
2016-06-27T18:44:35.633+0300: 471.970: [GC (Allocation Failure) 2016-06-27T18:44:35.634+0300: 471.970: [ParNew: 306283K->306283K(306688K), 0.0000483 secs]2016-06-27T18:44:35.634+0300: 471.970: [CMS (concurrent mode failure): 4673609K->3849477K(4902144K), 0.6859465 secs] 4979892K->3849477K(5208832K), [Metaspace: 9099K->9099K(1058816K)], 0.6861663 secs] [Times: user=0.69 sys=0.00, real=0.69 secs] 
2016-06-27T18:44:36.320+0300: 472.656: Total time for which application threads were stopped: 0.6879774 seconds, Stopping threads took: 0.0014489 seconds
2016-06-27T18:44:36.325+0300: 472.661: Total time for which application threads were stopped: 0.0014519 seconds, Stopping threads took: 0.0001082 seconds
2016-06-27T18:44:36.671+0300: 473.008: [GC (Allocation Failure) 2016-06-27T18:44:36.671+0300: 473.008: [ParNew
Desired survivor size 17432576 bytes, new threshold 1 (max 6)
- age   1:   34863776 bytes,   34863776 total
: 271734K->34048K(306688K), 0.0357160 secs] 4121211K->4114548K(5208832K), 0.0358507 secs] [Times: user=0.13 sys=0.00, real=0.04 secs] 
2016-06-27T18:44:36.707+0300: 473.044: Total time for which application threads were stopped: 0.0366812 seconds, Stopping threads took: 0.0005530 seconds
2016-06-27T18:44:37.032+0300: 473.368: [GC (Allocation Failure) 2016-06-27T18:44:37.032+0300: 473.368: [ParNew
Desired survivor size 17432576 bytes, new threshold 1 (max 6)
- age   1:   34853528 bytes,   34853528 total
: 306098K->34048K(306688K), 0.0386591 secs] 4386599K->4381603K(5208832K), 0.0388541 secs] [Times: user=0.19 sys=0.00, real=0.04 secs] 
2016-06-27T18:44:37.071+0300: 473.407: Total time for which application threads were stopped: 0.0397556 seconds, Stopping threads took: 0.0005123 seconds
2016-06-27T18:44:37.130+0300: 473.466: Total time for which application threads were stopped: 0.0015644 seconds, Stopping threads took: 0.0001711 seconds
2016-06-27T18:44:37.389+0300: 473.725: [GC (Allocation Failure) 2016-06-27T18:44:37.389+0300: 473.725: [ParNew
Desired survivor size 17432576 bytes, new threshold 1 (max 6)
- age   1:   34854928 bytes,   34854928 total
: 306418K->34048K(306688K), 0.0398275 secs] 4653974K->4648646K(5208832K), 0.0399878 secs] [Times: user=0.19 sys=0.00, real=0.04 secs] 
2016-06-27T18:44:37.429+0300: 473.765: Total time for which application threads were stopped: 0.0408885 seconds, Stopping threads took: 0.0004157 seconds
2016-06-27T18:44:37.756+0300: 474.092: [GC (Allocation Failure) 2016-06-27T18:44:37.756+0300: 474.092: [ParNew: 306321K->306321K(306688K), 0.0000218 secs]2016-06-27T18:44:37.756+0300: 474.092: [CMS: 4614598K->3865476K(4902144K), 0.5990232 secs] 4920920K->3865476K(5208832K), [Metaspace: 9099K->9099K(1058816K)], 0.5991788 secs] [Times: user=0.59 sys=0.00, real=0.60 secs] 
2016-06-27T18:44:38.355+0300: 474.692: Total time for which application threads were stopped: 0.6000273 seconds, Stopping threads took: 0.0005234 seconds
2016-06-27T18:44:38.576+0300: 474.913: Total time for which application threads were stopped: 0.0016093 seconds, Stopping threads took: 0.0004465 seconds
2016-06-27T18:44:38.757+0300: 475.094: [GC (Allocation Failure) 2016-06-27T18:44:38.763+0300: 475.100: [ParNew
Desired survivor size 17432576 bytes, new threshold 1 (max 6)
- age   1:   34851680 bytes,   34851680 total
: 272640K->34047K(306688K), 0.0377760 secs] 4138116K->4131537K(5208832K), 0.0437986 secs] [Times: user=0.13 sys=0.00, real=0.04 secs] 
2016-06-27T18:44:38.801+0300: 475.137: Total time for which application threads were stopped: 0.0444902 seconds, Stopping threads took: 0.0004178 seconds
2016-06-27T18:44:39.126+0300: 475.462: [GC (Allocation Failure) 2016-06-27T18:44:39.126+0300: 475.462: [ParNew
Desired survivor size 17432576 bytes, new threshold 1 (max 6)
- age   1:   34848528 bytes,   34848528 total
: 306687K->34048K(306688K), 0.0391295 secs] 4404177K->4399575K(5208832K), 0.0392912 secs] [Times: user=0.19 sys=0.00, real=0.04 secs] 
2016-06-27T18:44:39.165+0300: 475.502: Total time for which application threads were stopped: 0.0408034 seconds, Stopping threads took: 0.0011038 seconds
2016-06-27T18:44:39.168+0300: 475.505: Total time for which application threads were stopped: 0.0017269 seconds, Stopping threads took: 0.0000650 seconds
2016-06-27T18:44:39.178+0300: 475.515: Total time for which application threads were stopped: 0.0006013 seconds, Stopping threads took: 0.0000727 seconds
2016-06-27T18:44:39.513+0300: 475.849: [GC (Allocation Failure) 2016-06-27T18:44:39.513+0300: 475.849: [ParNew
Desired survivor size 17432576 bytes, new threshold 1 (max 6)
- age   1:   34848912 bytes,   34848912 total
: 306112K->34048K(306688K), 0.0396568 secs] 4671640K->4665609K(5208832K), 0.0398005 secs] [Times: user=0.19 sys=0.00, real=0.04 secs] 
2016-06-27T18:44:39.552+0300: 475.889: Total time for which application threads were stopped: 0.0406810 seconds, Stopping threads took: 0.0005286 seconds
2016-06-27T18:44:39.878+0300: 476.214: [GC (Allocation Failure) 2016-06-27T18:44:39.878+0300: 476.214: [ParNew: 305829K->305829K(306688K), 0.0000316 secs]2016-06-27T18:44:39.878+0300: 476.214: [CMS: 4631561K->4002488K(4902144K), 0.6212090 secs] 4937391K->4002488K(5208832K), [Metaspace: 9099K->9099K(1058816K)], 0.6213724 secs] [Times: user=0.63 sys=0.00, real=0.62 secs] 
2016-06-27T18:44:40.499+0300: 476.835: Total time for which application threads were stopped: 0.6222974 seconds, Stopping threads took: 0.0006261 seconds
2016-06-27T18:44:40.789+0300: 477.126: Total time for which application threads were stopped: 0.0020955 seconds, Stopping threads took: 0.0006680 seconds
2016-06-27T18:44:40.876+0300: 477.212: [GC (Allocation Failure) 2016-06-27T18:44:40.876+0300: 477.212: [ParNew
Desired survivor size 17432576 bytes, new threshold 1 (max 6)
- age   1:   34858856 bytes,   34858856 total
: 272640K->34048K(306688K), 0.0364289 secs] 4275128K->4269554K(5208832K), 0.0366166 secs] [Times: user=0.17 sys=0.00, real=0.04 secs] 
2016-06-27T18:44:40.913+0300: 477.249: Total time for which application threads were stopped: 0.0370592 seconds, Stopping threads took: 0.0000894 seconds
2016-06-27T18:44:40.917+0300: 477.253: [GC (CMS Initial Mark) [1 CMS-initial-mark: 4235506K(4902144K)] 4273917K(5208832K), 0.0004982 secs] [Times: user=0.00 sys=0.00, real=0.00 secs] 
2016-06-27T18:44:40.917+0300: 477.253: Total time for which application threads were stopped: 0.0009605 seconds, Stopping threads took: 0.0001522 seconds
2016-06-27T18:44:40.917+0300: 477.253: [CMS-concurrent-mark-start]
2016-06-27T18:44:40.969+0300: 477.306: [CMS-concurrent-mark: 0.052/0.052 secs] [Times: user=0.16 sys=0.00, real=0.05 secs] 
2016-06-27T18:44:40.969+0300: 477.306: [CMS-concurrent-preclean-start]
2016-06-27T18:44:40.979+0300: 477.316: [CMS-concurrent-preclean: 0.010/0.010 secs] [Times: user=0.06 sys=0.00, real=0.01 secs] 
2016-06-27T18:44:40.980+0300: 477.316: [CMS-concurrent-abortable-preclean-start]
2016-06-27T18:44:41.250+0300: 477.586: [GC (Allocation Failure) 2016-06-27T18:44:41.250+0300: 477.587: [ParNew
Desired survivor size 17432576 bytes, new threshold 1 (max 6)
- age   1:   34847848 bytes,   34847848 total
: 306594K->34039K(306688K), 0.0394212 secs] 4542100K->4537592K(5208832K), 0.0395999 secs] [Times: user=0.19 sys=0.00, real=0.04 secs] 
2016-06-27T18:44:41.290+0300: 477.626: Total time for which application threads were stopped: 0.0408277 seconds, Stopping threads took: 0.0007676 seconds
2016-06-27T18:44:41.633+0300: 477.969: [CMS-concurrent-abortable-preclean: 0.074/0.653 secs] [Times: user=2.58 sys=0.00, real=0.65 secs] 
2016-06-27T18:44:41.636+0300: 477.972: [GC (Allocation Failure) 2016-06-27T18:44:41.636+0300: 477.973: [ParNew
Desired survivor size 17432576 bytes, new threshold 1 (max 6)
- age   1:   34845952 bytes,   34845952 total
: 306393K->34033K(306688K), 0.0376160 secs] 4809946K->4804620K(5208832K), 0.0378017 secs] [Times: user=0.13 sys=0.00, real=0.04 secs] 
2016-06-27T18:44:41.674+0300: 478.010: Total time for which application threads were stopped: 0.0470604 seconds, Stopping threads took: 0.0088477 seconds
2016-06-27T18:44:41.675+0300: 478.011: [GC (CMS Final Remark) [YG occupancy: 35033 K (306688 K)]2016-06-27T18:44:41.675+0300: 478.011: [Rescan (parallel) , 0.0042590 secs]2016-06-27T18:44:41.679+0300: 478.016: [weak refs processing, 0.0000248 secs]2016-06-27T18:44:41.679+0300: 478.016: [class unloading, 0.0023641 secs]2016-06-27T18:44:41.682+0300: 478.018: [scrub symbol table, 0.0011825 secs]2016-06-27T18:44:41.683+0300: 478.019: [scrub string table, 0.0003498 secs][1 CMS-remark: 4770587K(4902144K)] 4805620K(5208832K), 0.0084782 secs] [Times: user=0.06 sys=0.00, real=0.01 secs] 
2016-06-27T18:44:41.684+0300: 478.020: Total time for which application threads were stopped: 0.0088995 seconds, Stopping threads took: 0.0000530 seconds
2016-06-27T18:44:41.684+0300: 478.020: [CMS-concurrent-sweep-start]
2016-06-27T18:44:41.693+0300: 478.029: [CMS-concurrent-sweep: 0.009/0.009 secs] [Times: user=0.06 sys=0.00, real=0.01 secs] 
2016-06-27T18:44:41.693+0300: 478.029: [CMS-concurrent-reset-start]
2016-06-27T18:44:41.699+0300: 478.035: [CMS-concurrent-reset: 0.006/0.006 secs] [Times: user=0.00 sys=0.00, real=0.01 secs] 
2016-06-27T18:44:42.026+0300: 478.363: [GC (Allocation Failure) 2016-06-27T18:44:42.027+0300: 478.363: [ParNew
Desired survivor size 17432576 bytes, new threshold 1 (max 6)
- age   1:   34864744 bytes,   34864744 total
: 306031K->34048K(306688K), 0.0383841 secs] 4761576K->4755669K(5208832K), 0.0385475 secs] [Times: user=0.13 sys=0.00, real=0.04 secs] 
2016-06-27T18:44:42.065+0300: 478.402: Total time for which application threads were stopped: 0.0414055 seconds, Stopping threads took: 0.0024214 seconds
2016-06-27T18:44:42.065+0300: 478.402: [GC (CMS Initial Mark) [1 CMS-initial-mark: 4721621K(4902144K)] 4756669K(5208832K), 0.0004614 secs] [Times: user=0.00 sys=0.00, real=0.00 secs] 
2016-06-27T18:44:42.066+0300: 478.403: Total time for which application threads were stopped: 0.0009126 seconds, Stopping threads took: 0.0000714 seconds
2016-06-27T18:44:42.066+0300: 478.403: [CMS-concurrent-mark-start]
2016-06-27T18:44:42.117+0300: 478.454: [CMS-concurrent-mark: 0.051/0.051 secs] [Times: user=0.23 sys=0.00, real=0.05 secs] 
2016-06-27T18:44:42.117+0300: 478.454: [CMS-concurrent-preclean-start]
2016-06-27T18:44:42.127+0300: 478.464: [CMS-concurrent-preclean: 0.010/0.010 secs] [Times: user=0.00 sys=0.00, real=0.01 secs] 
2016-06-27T18:44:42.128+0300: 478.464: [CMS-concurrent-abortable-preclean-start]
2016-06-27T18:44:42.349+0300: 478.685: [CMS-concurrent-abortable-preclean: 0.021/0.221 secs] [Times: user=0.94 sys=0.00, real=0.22 secs] 
2016-06-27T18:44:42.417+0300: 478.753: [GC (Allocation Failure) 2016-06-27T18:44:42.417+0300: 478.753: [ParNew: 306554K->306554K(306688K), 0.0000342 secs]2016-06-27T18:44:42.417+0300: 478.753: [CMS (concurrent mode failure): 4721621K->3927481K(4902144K), 0.7029196 secs] 5028175K->3927481K(5208832K), [Metaspace: 9099K->9099K(1058816K)], 0.7031313 secs] [Times: user=0.70 sys=0.00, real=0.70 secs] 
2016-06-27T18:44:43.120+0300: 479.456: Total time for which application threads were stopped: 0.7055005 seconds, Stopping threads took: 0.0019095 seconds
2016-06-27T18:44:43.187+0300: 479.523: Total time for which application threads were stopped: 0.0019736 seconds, Stopping threads took: 0.0004110 seconds
2016-06-27T18:44:43.462+0300: 479.798: [GC (Allocation Failure) 2016-06-27T18:44:43.462+0300: 479.798: [ParNew
Desired survivor size 17432576 bytes, new threshold 1 (max 6)
- age   1:   34853584 bytes,   34853584 total
: 272531K->34048K(306688K), 0.0364079 secs] 4200013K->4193541K(5208832K), 0.0365482 secs] [Times: user=0.13 sys=0.00, real=0.04 secs] 
2016-06-27T18:44:43.499+0300: 479.835: Total time for which application threads were stopped: 0.0377097 seconds, Stopping threads took: 0.0007638 seconds
2016-06-27T18:44:43.827+0300: 480.164: [GC (Allocation Failure) 2016-06-27T18:44:43.828+0300: 480.164: [ParNew
Desired survivor size 17432576 bytes, new threshold 1 (max 6)
- age   1:   34850640 bytes,   34850640 total
: 305784K->34047K(306688K), 0.0388468 secs] 4465278K->4460582K(5208832K), 0.0389781 secs] [Times: user=0.19 sys=0.00, real=0.04 secs] 
2016-06-27T18:44:43.867+0300: 480.203: Total time for which application threads were stopped: 0.0413525 seconds, Stopping threads took: 0.0019865 seconds
2016-06-27T18:44:44.160+0300: 480.496: Total time for which application threads were stopped: 0.0018047 seconds, Stopping threads took: 0.0004858 seconds
2016-06-27T18:44:44.277+0300: 480.613: [GC (Allocation Failure) 2016-06-27T18:44:44.277+0300: 480.614: [ParNew
Desired survivor size 17432576 bytes, new threshold 1 (max 6)
- age   1:   34851408 bytes,   34851408 total
: 306687K->34048K(306688K), 0.0396671 secs] 4733222K->4726620K(5208832K), 0.0398121 secs] [Times: user=0.13 sys=0.00, real=0.04 secs] 
2016-06-27T18:44:44.317+0300: 480.653: Total time for which application threads were stopped: 0.0404381 seconds, Stopping threads took: 0.0002617 seconds
2016-06-27T18:44:44.624+0300: 480.961: [GC (Allocation Failure) 2016-06-27T18:44:44.630+0300: 480.967: [ParNew: 306175K->306175K(306688K), 0.0000402 secs]2016-06-27T18:44:44.630+0300: 480.967: [CMS: 4692572K->3838470K(4902144K), 0.5914272 secs] 4998747K->3838470K(5208832K), [Metaspace: 9099K->9099K(1058816K)], 0.5972929 secs] [Times: user=0.58 sys=0.00, real=0.60 secs] 
2016-06-27T18:44:45.222+0300: 481.558: Total time for which application threads were stopped: 0.5984484 seconds, Stopping threads took: 0.0007976 seconds
2016-06-27T18:44:45.225+0300: 481.561: Total time for which application threads were stopped: 0.0018056 seconds, Stopping threads took: 0.0001133 seconds
2016-06-27T18:44:45.573+0300: 481.909: [GC (Allocation Failure) 2016-06-27T18:44:45.573+0300: 481.909: [ParNew
Desired survivor size 17432576 bytes, new threshold 1 (max 6)
- age   1:   34852952 bytes,   34852952 total
: 272009K->34048K(306688K), 0.0347726 secs] 4110480K->4103531K(5208832K), 0.0349009 secs] [Times: user=0.13 sys=0.00, real=0.04 secs] 
2016-06-27T18:44:45.608+0300: 481.944: Total time for which application threads were stopped: 0.0360957 seconds, Stopping threads took: 0.0009173 seconds
2016-06-27T18:44:45.923+0300: 482.260: [GC (Allocation Failure) 2016-06-27T18:44:45.923+0300: 482.260: [ParNew
Desired survivor size 17432576 bytes, new threshold 1 (max 6)
- age   1:   34851848 bytes,   34851848 total
: 306297K->34044K(306688K), 0.0395610 secs] 4375780K->4370566K(5208832K), 0.0397240 secs] [Times: user=0.17 sys=0.00, real=0.04 secs] 
2016-06-27T18:44:45.963+0300: 482.300: Total time for which application threads were stopped: 0.0421385 seconds, Stopping threads took: 0.0020078 seconds
2016-06-27T18:44:46.168+0300: 482.504: Total time for which application threads were stopped: 0.0021250 seconds, Stopping threads took: 0.0006996 seconds
2016-06-27T18:44:46.331+0300: 482.667: [GC (Allocation Failure) 2016-06-27T18:44:46.331+0300: 482.667: [ParNew
Desired survivor size 17432576 bytes, new threshold 1 (max 6)
- age   1:   34856136 bytes,   34856136 total
: 306684K->34048K(306688K), 0.0378380 secs] 4643206K->4637607K(5208832K), 0.0379637 secs] [Times: user=0.19 sys=0.00, real=0.04 secs] 
2016-06-27T18:44:46.369+0300: 482.705: Total time for which application threads were stopped: 0.0386326 seconds, Stopping threads took: 0.0003357 seconds
2016-06-27T18:44:46.683+0300: 483.020: [GC (Allocation Failure) 2016-06-27T18:44:46.683+0300: 483.020: [ParNew: 306583K->306583K(306688K), 0.0000342 secs]2016-06-27T18:44:46.683+0300: 483.020: [CMS: 4603559K->3823476K(4902144K), 0.5814598 secs] 4910143K->3823476K(5208832K), [Metaspace: 9099K->9099K(1058816K)], 0.5816424 secs] [Times: user=0.58 sys=0.00, real=0.58 secs] 
2016-06-27T18:44:47.265+0300: 483.601: Total time for which application threads were stopped: 0.5827877 seconds, Stopping threads took: 0.0007818 seconds
2016-06-27T18:44:47.298+0300: 483.635: Total time for which application threads were stopped: 0.0012000 seconds, Stopping threads took: 0.0001599 seconds
2016-06-27T18:44:47.614+0300: 483.950: [GC (Allocation Failure) 2016-06-27T18:44:47.620+0300: 483.956: [ParNew
Desired survivor size 17432576 bytes, new threshold 1 (max 6)
- age   1:   34856808 bytes,   34856808 total
: 272335K->34047K(306688K), 0.0360384 secs] 4095811K->4090550K(5208832K), 0.0419469 secs] [Times: user=0.13 sys=0.00, real=0.04 secs] 
2016-06-27T18:44:47.656+0300: 483.992: Total time for which application threads were stopped: 0.0428403 seconds, Stopping threads took: 0.0006175 seconds
2016-06-27T18:44:47.986+0300: 484.323: [GC (Allocation Failure) 2016-06-27T18:44:47.986+0300: 484.323: [ParNew
Desired survivor size 17432576 bytes, new threshold 1 (max 6)
- age   1:   34859672 bytes,   34859672 total
: 306202K->34048K(306688K), 0.0431867 secs] 4362706K->4356591K(5208832K), 0.0433466 secs] [Times: user=0.17 sys=0.00, real=0.04 secs] 
2016-06-27T18:44:48.030+0300: 484.366: Total time for which application threads were stopped: 0.0444671 seconds, Stopping threads took: 0.0006813 seconds
2016-06-27T18:44:48.161+0300: 484.497: Total time for which application threads were stopped: 0.0015169 seconds, Stopping threads took: 0.0004606 seconds
2016-06-27T18:44:48.382+0300: 484.718: [GC (Allocation Failure) 2016-06-27T18:44:48.382+0300: 484.718: [ParNew
Desired survivor size 17432576 bytes, new threshold 1 (max 6)
- age   1:   34855016 bytes,   34855016 total
: 306688K->34048K(306688K), 0.0407529 secs] 4629231K->4621640K(5208832K), 0.0409013 secs] [Times: user=0.13 sys=0.00, real=0.04 secs] 
2016-06-27T18:44:48.423+0300: 484.759: Total time for which application threads were stopped: 0.0416980 seconds, Stopping threads took: 0.0004349 seconds
2016-06-27T18:44:48.733+0300: 485.070: [GC (Allocation Failure) 2016-06-27T18:44:48.734+0300: 485.070: [ParNew
Desired survivor size 17432576 bytes, new threshold 1 (max 6)
- age   1:   34859640 bytes,   34859640 total
: 305996K->34048K(306688K), 0.0411262 secs] 4893589K->4888684K(5208832K), 0.0412956 secs] [Times: user=0.19 sys=0.00, real=0.04 secs] 
2016-06-27T18:44:48.775+0300: 485.111: Total time for which application threads were stopped: 0.0428839 seconds, Stopping threads took: 0.0011872 seconds
2016-06-27T18:44:49.102+0300: 485.438: [GC (Allocation Failure) 2016-06-27T18:44:49.102+0300: 485.438: [ParNew: 305852K->305852K(306688K), 0.0000453 secs]2016-06-27T18:44:49.102+0300: 485.438: [CMS: 4854636K->3790471K(4902144K), 0.6870960 secs] 5160488K->3790471K(5208832K), [Metaspace: 9099K->9099K(1058816K)], 0.6873368 secs] [Times: user=0.69 sys=0.00, real=0.69 secs] 
2016-06-27T18:44:49.789+0300: 486.125: Total time for which application threads were stopped: 0.6895400 seconds, Stopping threads took: 0.0017311 seconds
2016-06-27T18:44:50.098+0300: 486.434: Total time for which application threads were stopped: 0.0051554 seconds, Stopping threads took: 0.0036500 seconds
2016-06-27T18:44:50.185+0300: 486.522: [GC (Allocation Failure) 2016-06-27T18:44:50.185+0300: 486.522: [ParNew
Desired survivor size 17432576 bytes, new threshold 1 (max 6)
- age   1:   33852272 bytes,   33852272 total
: 272640K->33082K(306688K), 0.0367885 secs] 4063111K->4056566K(5208832K), 0.0369275 secs] [Times: user=0.13 sys=0.00, real=0.04 secs] 
2016-06-27T18:44:50.223+0300: 486.559: Total time for which application threads were stopped: 0.0380878 seconds, Stopping threads took: 0.0007813 seconds
2016-06-27T18:44:50.533+0300: 486.869: [GC (Allocation Failure) 2016-06-27T18:44:50.533+0300: 486.869: [ParNew
Desired survivor size 17432576 bytes, new threshold 1 (max 6)
- age   1:   33830160 bytes,   33830160 total
: 304864K->33068K(306688K), 0.0393780 secs] 4328348K->4322616K(5208832K), 0.0395478 secs] [Times: user=0.19 sys=0.00, real=0.04 secs] 
2016-06-27T18:44:50.572+0300: 486.909: Total time for which application threads were stopped: 0.0406751 seconds, Stopping threads took: 0.0006718 seconds
2016-06-27T18:44:50.890+0300: 487.226: [GC (Allocation Failure) 2016-06-27T18:44:50.890+0300: 487.226: [ParNew
Desired survivor size 17432576 bytes, new threshold 1 (max 6)
- age   1:   34857408 bytes,   34857408 total
: 305208K->34048K(306688K), 0.0381771 secs] 4594756K->4589638K(5208832K), 0.0383362 secs] [Times: user=0.19 sys=0.00, real=0.04 secs] 
2016-06-27T18:44:50.928+0300: 487.265: Total time for which application threads were stopped: 0.0395572 seconds, Stopping threads took: 0.0007668 seconds
2016-06-27T18:44:51.250+0300: 487.586: [GC (Allocation Failure) 2016-06-27T18:44:51.250+0300: 487.586: [ParNew
Desired survivor size 17432576 bytes, new threshold 1 (max 6)
- age   1:   34848360 bytes,   34848360 total
: 306291K->34046K(306688K), 0.0387716 secs] 4861881K->4856683K(5208832K), 0.0389213 secs] [Times: user=0.19 sys=0.00, real=0.04 secs] 
2016-06-27T18:44:51.289+0300: 487.625: Total time for which application threads were stopped: 0.0415748 seconds, Stopping threads took: 0.0021981 seconds
2016-06-27T18:44:51.458+0300: 487.795: Total time for which application threads were stopped: 0.0018966 seconds, Stopping threads took: 0.0006890 seconds
2016-06-27T18:44:51.672+0300: 488.008: [GC (Allocation Failure) 2016-06-27T18:44:51.672+0300: 488.008: [ParNew: 306686K->306686K(306688K), 0.0000231 secs]2016-06-27T18:44:51.672+0300: 488.008: [CMS: 4822636K->3757467K(4902144K), 0.5853703 secs] 5129323K->3757467K(5208832K), [Metaspace: 9099K->9099K(1058816K)], 0.5855131 secs] [Times: user=0.58 sys=0.00, real=0.59 secs] 
2016-06-27T18:44:52.257+0300: 488.593: Total time for which application threads were stopped: 0.5872178 seconds, Stopping threads took: 0.0014412 seconds
2016-06-27T18:44:52.259+0300: 488.596: Total time for which application threads were stopped: 0.0012287 seconds, Stopping threads took: 0.0002044 seconds
2016-06-27T18:44:52.269+0300: 488.606: Total time for which application threads were stopped: 0.0005641 seconds, Stopping threads took: 0.0001540 seconds
2016-06-27T18:44:52.584+0300: 488.921: [GC (Allocation Failure) 2016-06-27T18:44:52.584+0300: 488.921: [ParNew
Desired survivor size 17432576 bytes, new threshold 1 (max 6)
- age   1:   34848480 bytes,   34848480 total
: 271685K->34041K(306688K), 0.0345626 secs] 4029153K->4023520K(5208832K), 0.0346888 secs] [Times: user=0.13 sys=0.00, real=0.03 secs] 
2016-06-27T18:44:52.619+0300: 488.955: Total time for which application threads were stopped: 0.0354457 seconds, Stopping threads took: 0.0004773 seconds
2016-06-27T18:44:52.932+0300: 489.268: [GC (Allocation Failure) 2016-06-27T18:44:52.932+0300: 489.268: [ParNew
Desired survivor size 17432576 bytes, new threshold 1 (max 6)
- age   1:   34845352 bytes,   34845352 total
: 306258K->34039K(306688K), 0.0386783 secs] 4295737K->4290554K(5208832K), 0.0388246 secs] [Times: user=0.13 sys=0.00, real=0.04 secs] 
2016-06-27T18:44:52.971+0300: 489.307: Total time for which application threads were stopped: 0.0396923 seconds, Stopping threads took: 0.0004854 seconds
2016-06-27T18:44:53.162+0300: 489.498: Total time for which application threads were stopped: 0.0014305 seconds, Stopping threads took: 0.0004182 seconds
2016-06-27T18:44:53.352+0300: 489.688: [GC (Allocation Failure) 2016-06-27T18:44:53.358+0300: 489.695: [ParNew
Desired survivor size 17432576 bytes, new threshold 1 (max 6)
- age   1:   34853352 bytes,   34853352 total
: 306679K->34048K(306688K), 0.0386048 secs] 4563194K->4556596K(5208832K), 0.0448306 secs] [Times: user=0.19 sys=0.00, real=0.05 secs] 
2016-06-27T18:44:53.397+0300: 489.733: Total time for which application threads were stopped: 0.0454665 seconds, Stopping threads took: 0.0003768 seconds
2016-06-27T18:44:53.706+0300: 490.042: [GC (Allocation Failure) 2016-06-27T18:44:53.706+0300: 490.042: [ParNew
Desired survivor size 17432576 bytes, new threshold 1 (max 6)
- age   1:   34850368 bytes,   34850368 total
: 305916K->34043K(306688K), 0.0382092 secs] 4828465K->4823631K(5208832K), 0.0383371 secs] [Times: user=0.19 sys=0.00, real=0.04 secs] 
2016-06-27T18:44:53.744+0300: 490.081: Total time for which application threads were stopped: 0.0391637 seconds, Stopping threads took: 0.0005495 seconds
2016-06-27T18:44:54.062+0300: 490.399: [GC (Allocation Failure) 2016-06-27T18:44:54.062+0300: 490.399: [ParNew: 306095K->306095K(306688K), 0.0000222 secs]2016-06-27T18:44:54.062+0300: 490.399: [CMS: 4789588K->3755466K(4902144K), 0.5786501 secs] 5095683K->3755466K(5208832K), [Metaspace: 9099K->9099K(1058816K)], 0.5787878 secs] [Times: user=0.58 sys=0.00, real=0.58 secs] 
2016-06-27T18:44:54.641+0300: 490.977: Total time for which application threads were stopped: 0.5797582 seconds, Stopping threads took: 0.0006475 seconds
2016-06-27T18:44:54.964+0300: 491.300: [GC (Allocation Failure) 2016-06-27T18:44:54.969+0300: 491.306: [ParNew
Desired survivor size 17432576 bytes, new threshold 1 (max 6)
- age   1:   34845640 bytes,   34845640 total
: 272212K->34042K(306688K), 0.0358571 secs] 4027679K->4022520K(5208832K), 0.0417305 secs] [Times: user=0.17 sys=0.00, real=0.04 secs] 
2016-06-27T18:44:55.005+0300: 491.341: Total time for which application threads were stopped: 0.0426628 seconds, Stopping threads took: 0.0005966 seconds
2016-06-27T18:44:55.327+0300: 491.664: [GC (Allocation Failure) 2016-06-27T18:44:55.327+0300: 491.664: [ParNew
Desired survivor size 17432576 bytes, new threshold 1 (max 6)
- age   1:   34846440 bytes,   34846440 total
: 306042K->34037K(306688K), 0.0397907 secs] 4294521K->4289547K(5208832K), 0.0399626 secs] [Times: user=0.19 sys=0.00, real=0.04 secs] 
2016-06-27T18:44:55.367+0300: 491.704: Total time for which application threads were stopped: 0.0414410 seconds, Stopping threads took: 0.0009960 seconds
2016-06-27T18:44:55.368+0300: 491.704: [GC (CMS Initial Mark) [1 CMS-initial-mark: 4255510K(4902144K)] 4290547K(5208832K), 0.0004123 secs] [Times: user=0.00 sys=0.00, real=0.00 secs] 
2016-06-27T18:44:55.368+0300: 491.705: Total time for which application threads were stopped: 0.0008981 seconds, Stopping threads took: 0.0000872 seconds
2016-06-27T18:44:55.368+0300: 491.705: [CMS-concurrent-mark-start]
2016-06-27T18:44:55.419+0300: 491.756: [CMS-concurrent-mark: 0.051/0.051 secs] [Times: user=0.19 sys=0.00, real=0.05 secs] 
2016-06-27T18:44:55.419+0300: 491.756: [CMS-concurrent-preclean-start]
2016-06-27T18:44:55.429+0300: 491.766: [CMS-concurrent-preclean: 0.010/0.010 secs] [Times: user=0.06 sys=0.00, real=0.01 secs] 
2016-06-27T18:44:55.429+0300: 491.766: [CMS-concurrent-abortable-preclean-start]
2016-06-27T18:44:55.584+0300: 491.920: Total time for which application threads were stopped: 0.0048389 seconds, Stopping threads took: 0.0030590 seconds
2016-06-27T18:44:55.768+0300: 492.105: [GC (Allocation Failure) 2016-06-27T18:44:55.768+0300: 492.105: [ParNew2016-06-27T18:44:55.807+0300: 492.143: [CMS-concurrent-abortable-preclean: 0.042/0.377 secs] [Times: user=1.42 sys=0.00, real=0.38 secs] 

Desired survivor size 17432576 bytes, new threshold 1 (max 6)
- age   1:   34854568 bytes,   34854568 total
: 306677K->34048K(306688K), 0.0388015 secs] 4562187K->4555591K(5208832K), 0.0389520 secs] [Times: user=0.17 sys=0.00, real=0.04 secs] 
2016-06-27T18:44:55.807+0300: 492.144: Total time for which application threads were stopped: 0.0438461 seconds, Stopping threads took: 0.0044758 seconds
2016-06-27T18:44:55.808+0300: 492.144: [GC (CMS Final Remark) [YG occupancy: 35191 K (306688 K)]2016-06-27T18:44:55.808+0300: 492.144: [Rescan (parallel) , 0.0042133 secs]2016-06-27T18:44:55.812+0300: 492.149: [weak refs processing, 0.0000312 secs]2016-06-27T18:44:55.812+0300: 492.149: [class unloading, 0.0023508 secs]2016-06-27T18:44:55.815+0300: 492.151: [scrub symbol table, 0.0017093 secs]2016-06-27T18:44:55.816+0300: 492.153: [scrub string table, 0.0002553 secs][1 CMS-remark: 4521543K(4902144K)] 4556734K(5208832K), 0.0088499 secs] [Times: user=0.00 sys=0.00, real=0.01 secs] 
2016-06-27T18:44:55.817+0300: 492.153: Total time for which application threads were stopped: 0.0092527 seconds, Stopping threads took: 0.0000522 seconds
2016-06-27T18:44:55.817+0300: 492.154: [CMS-concurrent-sweep-start]
2016-06-27T18:44:55.826+0300: 492.162: [CMS-concurrent-sweep: 0.009/0.009 secs] [Times: user=0.00 sys=0.00, real=0.01 secs] 
2016-06-27T18:44:55.826+0300: 492.162: [CMS-concurrent-reset-start]
2016-06-27T18:44:55.832+0300: 492.168: [CMS-concurrent-reset: 0.006/0.006 secs] [Times: user=0.00 sys=0.00, real=0.01 secs] 
2016-06-27T18:44:56.168+0300: 492.505: Total time for which application threads were stopped: 0.0068065 seconds, Stopping threads took: 0.0048479 seconds
2016-06-27T18:44:56.275+0300: 492.611: [GC (Allocation Failure) 2016-06-27T18:44:56.275+0300: 492.611: [ParNew
Desired survivor size 17432576 bytes, new threshold 1 (max 6)
- age   1:   34864992 bytes,   34864992 total
: 306688K->34048K(306688K), 0.0389123 secs] 4378171K->4369719K(5208832K), 0.0390876 secs] [Times: user=0.13 sys=0.00, real=0.04 secs] 
2016-06-27T18:44:56.314+0300: 492.651: Total time for which application threads were stopped: 0.0406297 seconds, Stopping threads took: 0.0011209 seconds
2016-06-27T18:44:56.315+0300: 492.651: [GC (CMS Initial Mark) [1 CMS-initial-mark: 4335671K(4902144K)] 4370827K(5208832K), 0.0004345 secs] [Times: user=0.00 sys=0.00, real=0.00 secs] 
2016-06-27T18:44:56.315+0300: 492.651: Total time for which application threads were stopped: 0.0008138 seconds, Stopping threads took: 0.0000586 seconds
2016-06-27T18:44:56.315+0300: 492.651: [CMS-concurrent-mark-start]
2016-06-27T18:44:56.374+0300: 492.710: [CMS-concurrent-mark: 0.059/0.059 secs] [Times: user=0.25 sys=0.00, real=0.06 secs] 
2016-06-27T18:44:56.374+0300: 492.711: [CMS-concurrent-preclean-start]
2016-06-27T18:44:56.386+0300: 492.722: [CMS-concurrent-preclean: 0.012/0.012 secs] [Times: user=0.06 sys=0.00, real=0.01 secs] 
2016-06-27T18:44:56.386+0300: 492.722: [CMS-concurrent-abortable-preclean-start]
2016-06-27T18:44:56.717+0300: 493.053: [GC (Allocation Failure) 2016-06-27T18:44:56.717+0300: 493.054: [ParNew2016-06-27T18:44:56.749+0300: 493.085: [CMS-concurrent-abortable-preclean: 0.037/0.363 secs] [Times: user=1.42 sys=0.02, real=0.36 secs] 

Desired survivor size 17432576 bytes, new threshold 1 (max 6)
- age   1:   34856792 bytes,   34856792 total
: 306031K->34048K(306688K), 0.0395251 secs] 4641703K->4635775K(5208832K), 0.0397047 secs] [Times: user=0.19 sys=0.00, real=0.04 secs] 
2016-06-27T18:44:56.757+0300: 493.093: Total time for which application threads were stopped: 0.0428073 seconds, Stopping threads took: 0.0026570 seconds
2016-06-27T18:44:57.136+0300: 493.473: [GC (Allocation Failure) 2016-06-27T18:44:57.137+0300: 493.473: [ParNew
Desired survivor size 17432576 bytes, new threshold 1 (max 6)
- age   1:   34858912 bytes,   34858912 total
: 305991K->34048K(306688K), 0.0410578 secs] 4907719K->4901818K(5208832K), 0.0412443 secs] [Times: user=0.19 sys=0.00, real=0.04 secs] 
2016-06-27T18:44:57.178+0300: 493.514: Total time for which application threads were stopped: 0.0449995 seconds, Stopping threads took: 0.0032805 seconds
2016-06-27T18:44:57.524+0300: 493.861: Total time for which application threads were stopped: 0.0074814 seconds, Stopping threads took: 0.0056194 seconds
2016-06-27T18:44:57.622+0300: 493.959: [GC (Allocation Failure) 2016-06-27T18:44:57.622+0300: 493.959: [ParNew: 306688K->306688K(306688K), 0.0000466 secs]2016-06-27T18:44:57.623+0300: 493.959: [CMS (concurrent mode failure): 4867770K->3621460K(4902144K), 0.7309477 secs] 5174458K->3621460K(5208832K), [Metaspace: 9099K->9099K(1058816K)], 0.7312085 secs] [Times: user=0.74 sys=0.00, real=0.73 secs] 
2016-06-27T18:44:58.354+0300: 494.690: Total time for which application threads were stopped: 0.7317110 seconds, Stopping threads took: 0.0001146 seconds
2016-06-27T18:44:58.357+0300: 494.694: Total time for which application threads were stopped: 0.0017863 seconds, Stopping threads took: 0.0000723 seconds
2016-06-27T18:44:58.743+0300: 495.080: [GC (Allocation Failure) 2016-06-27T18:44:58.743+0300: 495.080: [ParNew
Desired survivor size 17432576 bytes, new threshold 1 (max 6)
- age   1:   34857248 bytes,   34857248 total
: 272393K->34048K(306688K), 0.0366282 secs] 3893853K->3887529K(5208832K), 0.0367962 secs] [Times: user=0.13 sys=0.00, real=0.04 secs] 
2016-06-27T18:44:58.780+0300: 495.117: Total time for which application threads were stopped: 0.0385954 seconds, Stopping threads took: 0.0013582 seconds
2016-06-27T18:44:59.156+0300: 495.492: [GC (Allocation Failure) 2016-06-27T18:44:59.156+0300: 495.492: [ParNew
Desired survivor size 17432576 bytes, new threshold 1 (max 6)
- age   1:   34854232 bytes,   34854232 total
: 306381K->34048K(306688K), 0.0393309 secs] 4159863K->4154577K(5208832K), 0.0395238 secs] [Times: user=0.19 sys=0.00, real=0.04 secs] 
2016-06-27T18:44:59.195+0300: 495.531: Total time for which application threads were stopped: 0.0424648 seconds, Stopping threads took: 0.0022837 seconds
2016-06-27T18:44:59.378+0300: 495.714: Total time for which application threads were stopped: 0.0026489 seconds, Stopping threads took: 0.0006817 seconds
2016-06-27T18:44:59.664+0300: 496.000: [GC (Allocation Failure) 2016-06-27T18:44:59.664+0300: 496.000: [ParNew
Desired survivor size 17432576 bytes, new threshold 1 (max 6)
- age   1:   34860312 bytes,   34860312 total
: 306688K->34047K(306688K), 0.0438290 secs] 4427217K->4420631K(5208832K), 0.0440351 secs] [Times: user=0.14 sys=0.00, real=0.04 secs] 
2016-06-27T18:44:59.708+0300: 496.044: Total time for which application threads were stopped: 0.0454678 seconds, Stopping threads took: 0.0009400 seconds
2016-06-27T18:45:00.102+0300: 496.439: [GC (Allocation Failure) 2016-06-27T18:45:00.103+0300: 496.439: [ParNew
Desired survivor size 17432576 bytes, new threshold 1 (max 6)
- age   1:   34851648 bytes,   34851648 total
: 305725K->34048K(306688K), 0.0398471 secs] 4692309K->4685677K(5208832K), 0.0400259 secs] [Times: user=0.13 sys=0.00, real=0.04 secs] 
2016-06-27T18:45:00.143+0300: 496.479: Total time for which application threads were stopped: 0.0490815 seconds, Stopping threads took: 0.0085539 seconds
2016-06-27T18:45:00.173+0300: 496.509: Total time for which application threads were stopped: 0.0021836 seconds, Stopping threads took: 0.0000761 seconds
2016-06-27T18:45:00.594+0300: 496.930: [GC (Allocation Failure) 2016-06-27T18:45:00.594+0300: 496.931: [ParNew: 306604K->306604K(306688K), 0.0000355 secs]2016-06-27T18:45:00.594+0300: 496.931: [CMS: 4651629K->3691463K(4902144K), 0.5814346 secs] 4958233K->3691463K(5208832K), [Metaspace: 9099K->9099K(1058816K)], 0.5816279 secs] [Times: user=0.58 sys=0.00, real=0.58 secs] 
2016-06-27T18:45:01.176+0300: 497.512: Total time for which application threads were stopped: 0.5853887 seconds, Stopping threads took: 0.0033139 seconds
2016-06-27T18:45:01.513+0300: 497.850: [GC (Allocation Failure) 2016-06-27T18:45:01.513+0300: 497.850: [ParNew
Desired survivor size 17432576 bytes, new threshold 1 (max 6)
- age   1:   34845168 bytes,   34845168 total
: 272226K->34036K(306688K), 0.0405989 secs] 3963690K->3959512K(5208832K), 0.0407627 secs] [Times: user=0.14 sys=0.00, real=0.04 secs] 
2016-06-27T18:45:01.554+0300: 497.890: Total time for which application threads were stopped: 0.0424408 seconds, Stopping threads took: 0.0012086 seconds
2016-06-27T18:45:01.881+0300: 498.218: [GC (Allocation Failure) 2016-06-27T18:45:01.881+0300: 498.218: [ParNew
Desired survivor size 17432576 bytes, new threshold 1 (max 6)
- age   1:   34849080 bytes,   34849080 total
: 306296K->34048K(306688K), 0.0402140 secs] 4231772K->4226555K(5208832K), 0.0403432 secs] [Times: user=0.13 sys=0.00, real=0.04 secs] 
2016-06-27T18:45:01.921+0300: 498.258: Total time for which application threads were stopped: 0.0414820 seconds, Stopping threads took: 0.0007839 seconds
2016-06-27T18:45:01.922+0300: 498.258: [GC (CMS Initial Mark) [1 CMS-initial-mark: 4192507K(4902144K)] 4227555K(5208832K), 0.0003819 secs] [Times: user=0.00 sys=0.00, real=0.00 secs] 
2016-06-27T18:45:01.922+0300: 498.259: Total time for which application threads were stopped: 0.0007078 seconds, Stopping threads took: 0.0000565 seconds
2016-06-27T18:45:01.922+0300: 498.259: [CMS-concurrent-mark-start]
2016-06-27T18:45:01.972+0300: 498.310: [CMS-concurrent-mark: 0.052/0.052 secs] [Times: user=0.19 sys=0.00, real=0.05 secs] 
2016-06-27T18:45:01.972+0300: 498.310: [CMS-concurrent-preclean-start]
2016-06-27T18:45:01.984+0300: 498.321: [CMS-concurrent-preclean: 0.010/0.010 secs] [Times: user=0.05 sys=0.02, real=0.01 secs] 
2016-06-27T18:45:01.984+0300: 498.321: [CMS-concurrent-abortable-preclean-start]
2016-06-27T18:45:02.137+0300: 498.473: Total time for which application threads were stopped: 0.0021994 seconds, Stopping threads took: 0.0006509 seconds
2016-06-27T18:45:02.174+0300: 498.510: Total time for which application threads were stopped: 0.0022264 seconds, Stopping threads took: 0.0003802 seconds
2016-06-27T18:45:02.412+0300: 498.749: [GC (Allocation Failure) 2016-06-27T18:45:02.412+0300: 498.749: [ParNew
Desired survivor size 17432576 bytes, new threshold 1 (max 6)
- age   1:   34864520 bytes,   34864520 total
: 306688K->34047K(306688K), 0.0393087 secs] 4499195K->4490625K(5208832K), 0.0394798 secs] [Times: user=0.13 sys=0.00, real=0.04 secs] 
2016-06-27T18:45:02.452+0300: 498.788: Total time for which application threads were stopped: 0.0416518 seconds, Stopping threads took: 0.0017055 seconds
2016-06-27T18:45:02.803+0300: 499.139: [CMS-concurrent-abortable-preclean: 0.123/0.818 secs] [Times: user=3.11 sys=0.02, real=0.82 secs] 
2016-06-27T18:45:02.827+0300: 499.163: [GC (CMS Final Remark) [YG occupancy: 286277 K (306688 K)]2016-06-27T18:45:02.833+0300: 499.169: [Rescan (parallel) , 0.0048547 secs]2016-06-27T18:45:02.837+0300: 499.174: [weak refs processing, 0.0000299 secs]2016-06-27T18:45:02.838+0300: 499.174: [class unloading, 0.0017889 secs]2016-06-27T18:45:02.839+0300: 499.176: [scrub symbol table, 0.0008579 secs]2016-06-27T18:45:02.840+0300: 499.177: [scrub string table, 0.0002198 secs][1 CMS-remark: 4456578K(4902144K)] 4742855K(5208832K), 0.0135686 secs] [Times: user=0.00 sys=0.00, real=0.01 secs] 
2016-06-27T18:45:02.841+0300: 499.177: Total time for which application threads were stopped: 0.0157608 seconds, Stopping threads took: 0.0018346 seconds
2016-06-27T18:45:02.841+0300: 499.177: [CMS-concurrent-sweep-start]
2016-06-27T18:45:02.846+0300: 499.187: [CMS-concurrent-sweep: 0.010/0.010 secs] [Times: user=0.00 sys=0.00, real=0.00 secs] 
2016-06-27T18:45:02.846+0300: 499.187: [CMS-concurrent-reset-start]
2016-06-27T18:45:02.858+0300: 499.195: [CMS-concurrent-reset: 0.007/0.007 secs] [Times: user=0.05 sys=0.01, real=0.01 secs] 
2016-06-27T18:45:02.871+0300: 499.208: [GC (Allocation Failure) 2016-06-27T18:45:02.871+0300: 499.208: [ParNew
Desired survivor size 17432576 bytes, new threshold 1 (max 6)
- age   1:   34850568 bytes,   34850568 total
: 305918K->34048K(306688K), 0.0407585 secs] 4312435K->4306620K(5208832K), 0.0409107 secs] [Times: user=0.17 sys=0.00, real=0.04 secs] 
2016-06-27T18:45:02.913+0300: 499.249: Total time for which application threads were stopped: 0.0414063 seconds, Stopping threads took: 0.0000945 seconds
2016-06-27T18:45:02.913+0300: 499.250: [GC (CMS Initial Mark) [1 CMS-initial-mark: 4272572K(4902144K)] 4307620K(5208832K), 0.0004212 secs] [Times: user=0.00 sys=0.00, real=0.00 secs] 
2016-06-27T18:45:02.914+0300: 499.250: Total time for which application threads were stopped: 0.0007989 seconds, Stopping threads took: 0.0000808 seconds
2016-06-27T18:45:02.914+0300: 499.250: [CMS-concurrent-mark-start]
2016-06-27T18:45:02.973+0300: 499.310: [CMS-concurrent-mark: 0.059/0.059 secs] [Times: user=0.25 sys=0.00, real=0.06 secs] 
2016-06-27T18:45:02.974+0300: 499.310: [CMS-concurrent-preclean-start]
2016-06-27T18:45:02.991+0300: 499.332: [CMS-concurrent-preclean: 0.022/0.022 secs] [Times: user=0.06 sys=0.00, real=0.02 secs] 
2016-06-27T18:45:02.991+0300: 499.332: [CMS-concurrent-abortable-preclean-start]
2016-06-27T18:45:03.176+0300: 499.512: Total time for which application threads were stopped: 0.0036252 seconds, Stopping threads took: 0.0020258 seconds
2016-06-27T18:45:03.187+0300: 499.524: Total time for which application threads were stopped: 0.0007330 seconds, Stopping threads took: 0.0000770 seconds
2016-06-27T18:45:03.377+0300: 499.713: [GC (Allocation Failure) 2016-06-27T18:45:03.377+0300: 499.714: [ParNew2016-06-27T18:45:03.409+0300: 499.745: [CMS-concurrent-abortable-preclean: 0.049/0.414 secs] [Times: user=1.61 sys=0.02, real=0.42 secs] 

Desired survivor size 17432576 bytes, new threshold 1 (max 6)
- age   1:   34848144 bytes,   34848144 total
: 306688K->34036K(306688K), 0.0385577 secs] 4579260K->4572645K(5208832K), 0.0387438 secs] [Times: user=0.19 sys=0.00, real=0.04 secs] 
2016-06-27T18:45:03.416+0300: 499.752: Total time for which application threads were stopped: 0.0395837 seconds, Stopping threads took: 0.0004319 seconds
2016-06-27T18:45:03.416+0300: 499.753: [GC (CMS Final Remark) [YG occupancy: 35036 K (306688 K)]2016-06-27T18:45:03.416+0300: 499.753: [Rescan (parallel) , 0.0048783 secs]2016-06-27T18:45:03.421+0300: 499.758: [weak refs processing, 0.0000329 secs]2016-06-27T18:45:03.421+0300: 499.758: [class unloading, 0.0022824 secs]2016-06-27T18:45:03.423+0300: 499.760: [scrub symbol table, 0.0008361 secs]2016-06-27T18:45:03.424+0300: 499.761: [scrub string table, 0.0002322 secs][1 CMS-remark: 4538609K(4902144K)] 4573645K(5208832K), 0.0085689 secs] [Times: user=0.00 sys=0.00, real=0.01 secs] 
2016-06-27T18:45:03.425+0300: 499.761: Total time for which application threads were stopped: 0.0089465 seconds, Stopping threads took: 0.0000586 seconds
2016-06-27T18:45:03.425+0300: 499.761: [CMS-concurrent-sweep-start]
2016-06-27T18:45:03.435+0300: 499.772: [CMS-concurrent-sweep: 0.010/0.010 secs] [Times: user=0.06 sys=0.00, real=0.01 secs] 
2016-06-27T18:45:03.435+0300: 499.772: [CMS-concurrent-reset-start]
2016-06-27T18:45:03.443+0300: 499.779: [CMS-concurrent-reset: 0.007/0.007 secs] [Times: user=0.06 sys=0.00, real=0.01 secs] 
2016-06-27T18:45:03.809+0300: 500.145: [GC (Allocation Failure) 2016-06-27T18:45:03.809+0300: 500.145: [ParNew
Desired survivor size 17432576 bytes, new threshold 1 (max 6)
- age   1:   34848328 bytes,   34848328 total
: 306067K->34048K(306688K), 0.0405369 secs] 4244555K->4238570K(5208832K), 0.0407148 secs] [Times: user=0.17 sys=0.00, real=0.04 secs] 
2016-06-27T18:45:03.850+0300: 500.186: Total time for which application threads were stopped: 0.0423506 seconds, Stopping threads took: 0.0011752 seconds
2016-06-27T18:45:03.884+0300: 500.220: [GC (CMS Initial Mark) [1 CMS-initial-mark: 4204522K(4902144K)] 4261950K(5208832K), 0.0004576 secs] [Times: user=0.00 sys=0.00, real=0.00 secs] 
2016-06-27T18:45:03.884+0300: 500.221: Total time for which application threads were stopped: 0.0029367 seconds, Stopping threads took: 0.0020865 seconds
2016-06-27T18:45:03.884+0300: 500.221: [CMS-concurrent-mark-start]
2016-06-27T18:45:03.949+0300: 500.285: [CMS-concurrent-mark: 0.065/0.065 secs] [Times: user=0.24 sys=0.00, real=0.06 secs] 
2016-06-27T18:45:03.949+0300: 500.286: [CMS-concurrent-preclean-start]
2016-06-27T18:45:03.962+0300: 500.298: [CMS-concurrent-preclean: 0.013/0.013 secs] [Times: user=0.06 sys=0.00, real=0.01 secs] 
2016-06-27T18:45:03.962+0300: 500.298: [CMS-concurrent-abortable-preclean-start]
2016-06-27T18:45:04.177+0300: 500.514: Total time for which application threads were stopped: 0.0046879 seconds, Stopping threads took: 0.0025535 seconds
2016-06-27T18:45:04.340+0300: 500.676: [GC (Allocation Failure) 2016-06-27T18:45:04.340+0300: 500.676: [ParNew
Desired survivor size 17432576 bytes, new threshold 1 (max 6)
- age   1:   34853056 bytes,   34853056 total
: 306688K->34047K(306688K), 0.0427971 secs] 4511210K->4504605K(5208832K), 0.0430237 secs] [Times: user=0.19 sys=0.00, real=0.04 secs] 
2016-06-27T18:45:04.383+0300: 500.719: Total time for which application threads were stopped: 0.0490776 seconds, Stopping threads took: 0.0055634 seconds
2016-06-27T18:45:04.743+0300: 501.079: [CMS-concurrent-abortable-preclean: 0.113/0.781 secs] [Times: user=2.98 sys=0.00, real=0.78 secs] 
2016-06-27T18:45:04.755+0300: 501.091: [GC (CMS Final Remark) [YG occupancy: 257837 K (306688 K)]2016-06-27T18:45:04.755+0300: 501.092: [Rescan (parallel) , 0.0050745 secs]2016-06-27T18:45:04.760+0300: 501.097: [weak refs processing, 0.0000419 secs]2016-06-27T18:45:04.760+0300: 501.097: [class unloading, 0.0033177 secs]2016-06-27T18:45:04.764+0300: 501.100: [scrub symbol table, 0.0018872 secs]2016-06-27T18:45:04.766+0300: 501.102: [scrub string table, 0.0004875 secs][1 CMS-remark: 4470558K(4902144K)] 4728395K(5208832K), 0.0112118 secs] [Times: user=0.00 sys=0.00, real=0.01 secs] 
2016-06-27T18:45:04.766+0300: 501.103: Total time for which application threads were stopped: 0.0146656 seconds, Stopping threads took: 0.0030286 seconds
2016-06-27T18:45:04.767+0300: 501.103: [CMS-concurrent-sweep-start]
2016-06-27T18:45:04.778+0300: 501.114: [CMS-concurrent-sweep: 0.011/0.011 secs] [Times: user=0.06 sys=0.00, real=0.01 secs] 
2016-06-27T18:45:04.778+0300: 501.114: [CMS-concurrent-reset-start]
2016-06-27T18:45:04.786+0300: 501.122: [CMS-concurrent-reset: 0.008/0.008 secs] [Times: user=0.06 sys=0.00, real=0.01 secs] 
2016-06-27T18:45:04.843+0300: 501.180: [GC (Allocation Failure) 2016-06-27T18:45:04.843+0300: 501.180: [ParNew
Desired survivor size 17432576 bytes, new threshold 1 (max 6)
- age   1:   34844024 bytes,   34844024 total
: 306388K->34035K(306688K), 0.0417177 secs] 4236873K->4231559K(5208832K), 0.0419033 secs] [Times: user=0.19 sys=0.00, real=0.04 secs] 
2016-06-27T18:45:04.885+0300: 501.222: Total time for which application threads were stopped: 0.0483147 seconds, Stopping threads took: 0.0059350 seconds
2016-06-27T18:45:05.230+0300: 501.567: Total time for which application threads were stopped: 0.0052499 seconds, Stopping threads took: 0.0032596 seconds
2016-06-27T18:45:05.343+0300: 501.679: [GC (Allocation Failure) 2016-06-27T18:45:05.343+0300: 501.679: [ParNew
Desired survivor size 17432576 bytes, new threshold 1 (max 6)
- age   1:   34856112 bytes,   34856112 total
: 306409K->34048K(306688K), 0.0384927 secs] 4503933K->4498602K(5208832K), 0.0386783 secs] [Times: user=0.19 sys=0.00, real=0.04 secs] 
2016-06-27T18:45:05.381+0300: 501.718: Total time for which application threads were stopped: 0.0429322 seconds, Stopping threads took: 0.0038955 seconds
2016-06-27T18:45:05.712+0300: 502.049: [GC (Allocation Failure) 2016-06-27T18:45:05.712+0300: 502.049: [ParNew
Desired survivor size 17432576 bytes, new threshold 1 (max 6)
- age   1:   34845296 bytes,   34845296 total
: 305803K->34036K(306688K), 0.0378769 secs] 4770357K->4764630K(5208832K), 0.0380399 secs] [Times: user=0.13 sys=0.00, real=0.04 secs] 
2016-06-27T18:45:05.751+0300: 502.087: Total time for which application threads were stopped: 0.0392005 seconds, Stopping threads took: 0.0007852 seconds
2016-06-27T18:45:06.072+0300: 502.408: [GC (Allocation Failure) 2016-06-27T18:45:06.072+0300: 502.409: [ParNew: 305821K->305821K(306688K), 0.0000355 secs]2016-06-27T18:45:06.072+0300: 502.409: [CMS: 4730593K->3831477K(4902144K), 0.7030218 secs] 5036415K->3831477K(5208832K), [Metaspace: 9099K->9099K(1058816K)], 0.7032100 secs] [Times: user=0.70 sys=0.00, real=0.70 secs] 
2016-06-27T18:45:06.775+0300: 503.112: Total time for which application threads were stopped: 0.7062070 seconds, Stopping threads took: 0.0025963 seconds
2016-06-27T18:45:07.097+0300: 503.434: [GC (Allocation Failure) 2016-06-27T18:45:07.097+0300: 503.434: [ParNew
Desired survivor size 17432576 bytes, new threshold 1 (max 6)
- age   1:   34847688 bytes,   34847688 total
: 272062K->34038K(306688K), 0.0338976 secs] 4103540K->4098527K(5208832K), 0.0340259 secs] [Times: user=0.19 sys=0.00, real=0.03 secs] 
2016-06-27T18:45:07.131+0300: 503.468: Total time for which application threads were stopped: 0.0349659 seconds, Stopping threads took: 0.0005410 seconds
2016-06-27T18:45:07.457+0300: 503.794: [GC (Allocation Failure) 2016-06-27T18:45:07.457+0300: 503.794: [ParNew
Desired survivor size 17432576 bytes, new threshold 1 (max 6)
- age   1:   34850536 bytes,   34850536 total
: 305841K->34046K(306688K), 0.0392189 secs] 4370330K->4365569K(5208832K), 0.0394289 secs] [Times: user=0.19 sys=0.00, real=0.04 secs] 
2016-06-27T18:45:07.497+0300: 503.833: Total time for which application threads were stopped: 0.0414269 seconds, Stopping threads took: 0.0015139 seconds
2016-06-27T18:45:07.497+0300: 503.834: [GC (CMS Initial Mark) [1 CMS-initial-mark: 4331523K(4902144K)] 4366569K(5208832K), 0.0004029 secs] [Times: user=0.00 sys=0.00, real=0.00 secs] 
2016-06-27T18:45:07.498+0300: 503.834: Total time for which application threads were stopped: 0.0008810 seconds, Stopping threads took: 0.0000748 seconds
2016-06-27T18:45:07.498+0300: 503.834: [CMS-concurrent-mark-start]
2016-06-27T18:45:07.550+0300: 503.887: [CMS-concurrent-mark: 0.053/0.053 secs] [Times: user=0.19 sys=0.00, real=0.05 secs] 
2016-06-27T18:45:07.550+0300: 503.887: [CMS-concurrent-preclean-start]
2016-06-27T18:45:07.560+0300: 503.897: [CMS-concurrent-preclean: 0.010/0.010 secs] [Times: user=0.06 sys=0.00, real=0.01 secs] 
2016-06-27T18:45:07.561+0300: 503.897: [CMS-concurrent-abortable-preclean-start]
2016-06-27T18:45:07.737+0300: 504.073: Total time for which application threads were stopped: 0.0096227 seconds, Stopping threads took: 0.0073711 seconds
2016-06-27T18:45:07.941+0300: 504.277: [GC (Allocation Failure) 2016-06-27T18:45:07.941+0300: 504.277: [ParNew2016-06-27T18:45:07.973+0300: 504.309: [CMS-concurrent-abortable-preclean: 0.043/0.412 secs] [Times: user=1.51 sys=0.01, real=0.41 secs] 

Desired survivor size 17432576 bytes, new threshold 1 (max 6)
- age   1:   34852336 bytes,   34852336 total
: 306686K->34048K(306688K), 0.0385719 secs] 4638209K->4631609K(5208832K), 0.0387288 secs] [Times: user=0.17 sys=0.00, real=0.04 secs] 
2016-06-27T18:45:07.980+0300: 504.316: Total time for which application threads were stopped: 0.0396765 seconds, Stopping threads took: 0.0005033 seconds
2016-06-27T18:45:07.980+0300: 504.317: [GC (CMS Final Remark) [YG occupancy: 35153 K (306688 K)]2016-06-27T18:45:07.986+0300: 504.323: [Rescan (parallel) , 0.0042556 secs]2016-06-27T18:45:07.991+0300: 504.327: [weak refs processing, 0.0000274 secs]2016-06-27T18:45:07.991+0300: 504.327: [class unloading, 0.0016738 secs]2016-06-27T18:45:07.992+0300: 504.329: [scrub symbol table, 0.0011709 secs]2016-06-27T18:45:07.994+0300: 504.330: [scrub string table, 0.0003182 secs][1 CMS-remark: 4597561K(4902144K)] 4632715K(5208832K), 0.0137213 secs] [Times: user=0.06 sys=0.00, real=0.01 secs] 
2016-06-27T18:45:07.994+0300: 504.330: Total time for which application threads were stopped: 0.0141040 seconds, Stopping threads took: 0.0000505 seconds
2016-06-27T18:45:08.177+0300: 504.513: Total time for which application threads were stopped: 0.0030325 seconds, Stopping threads took: 0.0012205 seconds
2016-06-27T18:45:08.355+0300: 504.692: [CMS-concurrent-sweep-start]
2016-06-27T18:45:08.357+0300: 504.694: [GC (Allocation Failure) 2016-06-27T18:45:08.357+0300: 504.694: [ParNew: 306151K->306151K(306688K), 0.0000428 secs]2016-06-27T18:45:08.357+0300: 504.694: [CMS2016-06-27T18:45:08.364+0300: 504.700: [CMS-concurrent-sweep: 0.006/0.008 secs] [Times: user=0.01 sys=0.00, real=0.01 secs] 
 (concurrent mode failure): 4597561K->3787493K(4902144K), 0.5912091 secs] 4903713K->3787493K(5208832K), [Metaspace: 9099K->9099K(1058816K)], 0.5915610 secs] [Times: user=0.59 sys=0.00, real=0.59 secs] 
2016-06-27T18:45:08.949+0300: 505.285: Total time for which application threads were stopped: 0.5927730 seconds, Stopping threads took: 0.0008125 seconds
2016-06-27T18:45:09.176+0300: 505.512: Total time for which application threads were stopped: 0.0021331 seconds, Stopping threads took: 0.0005042 seconds
2016-06-27T18:45:09.289+0300: 505.626: [GC (Allocation Failure) 2016-06-27T18:45:09.289+0300: 505.626: [ParNew
Desired survivor size 17432576 bytes, new threshold 1 (max 6)
- age   1:   34864904 bytes,   34864904 total
: 272070K->34048K(306688K), 0.0340699 secs] 4059564K->4054749K(5208832K), 0.0342209 secs] [Times: user=0.13 sys=0.00, real=0.03 secs] 
2016-06-27T18:45:09.323+0300: 505.660: Total time for which application threads were stopped: 0.0348641 seconds, Stopping threads took: 0.0002908 seconds
2016-06-27T18:45:09.650+0300: 505.986: [GC (Allocation Failure) 2016-06-27T18:45:09.656+0300: 505.992: [ParNew
Desired survivor size 17432576 bytes, new threshold 1 (max 6)
- age   1:   34851800 bytes,   34851800 total
: 306655K->34048K(306688K), 0.0391385 secs] 4327356K->4322809K(5208832K), 0.0451624 secs] [Times: user=0.13 sys=0.00, real=0.03 secs] 
2016-06-27T18:45:09.681+0300: 506.032: Total time for which application threads were stopped: 0.0462081 seconds, Stopping threads took: 0.0007433 seconds
2016-06-27T18:45:09.681+0300: 506.032: [GC (CMS Initial Mark) [1 CMS-initial-mark: 4288761K(4902144K)] 4323809K(5208832K), 0.0003323 secs] [Times: user=0.00 sys=0.00, real=0.00 secs] 
2016-06-27T18:45:09.681+0300: 506.032: Total time for which application threads were stopped: 0.0006496 seconds, Stopping threads took: 0.0000971 seconds
2016-06-27T18:45:09.681+0300: 506.032: [CMS-concurrent-mark-start]
2016-06-27T18:45:09.748+0300: 506.084: [CMS-concurrent-mark: 0.052/0.052 secs] [Times: user=0.22 sys=0.00, real=0.07 secs] 
2016-06-27T18:45:09.748+0300: 506.085: [CMS-concurrent-preclean-start]
2016-06-27T18:45:09.758+0300: 506.095: [CMS-concurrent-preclean: 0.010/0.010 secs] [Times: user=0.06 sys=0.00, real=0.01 secs] 
2016-06-27T18:45:09.758+0300: 506.095: [CMS-concurrent-abortable-preclean-start]
2016-06-27T18:45:10.054+0300: 506.391: [GC (Allocation Failure) 2016-06-27T18:45:10.054+0300: 506.391: [ParNew2016-06-27T18:45:10.092+0300: 506.429: [CMS-concurrent-abortable-preclean: 0.032/0.334 secs] [Times: user=1.28 sys=0.02, real=0.34 secs] 

Desired survivor size 17432576 bytes, new threshold 1 (max 6)
- age   1:   34857520 bytes,   34857520 total
: 306189K->34046K(306688K), 0.0387917 secs] 4594950K->4589848K(5208832K), 0.0389234 secs] [Times: user=0.13 sys=0.00, real=0.04 secs] 
2016-06-27T18:45:10.093+0300: 506.430: Total time for which application threads were stopped: 0.0398227 seconds, Stopping threads took: 0.0005076 seconds
2016-06-27T18:45:10.093+0300: 506.430: [GC (CMS Final Remark) [YG occupancy: 35046 K (306688 K)]2016-06-27T18:45:10.093+0300: 506.430: [Rescan (parallel) , 0.0042056 secs]2016-06-27T18:45:10.098+0300: 506.434: [weak refs processing, 0.0000167 secs]2016-06-27T18:45:10.098+0300: 506.434: [class unloading, 0.0019082 secs]2016-06-27T18:45:10.100+0300: 506.436: [scrub symbol table, 0.0007326 secs]2016-06-27T18:45:10.100+0300: 506.437: [scrub string table, 0.0001950 secs][1 CMS-remark: 4555801K(4902144K)] 4590848K(5208832K), 0.0072765 secs] [Times: user=0.01 sys=0.00, real=0.01 secs] 
2016-06-27T18:45:10.101+0300: 506.437: Total time for which application threads were stopped: 0.0076020 seconds, Stopping threads took: 0.0000718 seconds
2016-06-27T18:45:10.101+0300: 506.437: [CMS-concurrent-sweep-start]
2016-06-27T18:45:10.106+0300: 506.446: [CMS-concurrent-sweep: 0.009/0.009 secs] [Times: user=0.00 sys=0.00, real=0.00 secs] 
2016-06-27T18:45:10.106+0300: 506.446: [CMS-concurrent-reset-start]
2016-06-27T18:45:10.106+0300: 506.452: [CMS-concurrent-reset: 0.006/0.006 secs] [Times: user=0.00 sys=0.00, real=0.00 secs] 
2016-06-27T18:45:10.176+0300: 506.513: Total time for which application threads were stopped: 0.0018740 seconds, Stopping threads took: 0.0003088 seconds
2016-06-27T18:45:10.440+0300: 506.776: [GC (Allocation Failure) 2016-06-27T18:45:10.440+0300: 506.776: [ParNew
Desired survivor size 17432576 bytes, new threshold 1 (max 6)
- age   1:   34852664 bytes,   34852664 total
: 305989K->34048K(306688K), 0.0389114 secs] 4381543K->4376646K(5208832K), 0.0390564 secs] [Times: user=0.19 sys=0.00, real=0.04 secs] 
2016-06-27T18:45:10.479+0300: 506.815: Total time for which application threads were stopped: 0.0399297 seconds, Stopping threads took: 0.0005273 seconds
2016-06-27T18:45:10.479+0300: 506.816: [GC (CMS Initial Mark) [1 CMS-initial-mark: 4342598K(4902144K)] 4377648K(5208832K), 0.0003614 secs] [Times: user=0.00 sys=0.00, real=0.00 secs] 
2016-06-27T18:45:10.480+0300: 506.816: Total time for which application threads were stopped: 0.0006783 seconds, Stopping threads took: 0.0000718 seconds
2016-06-27T18:45:10.480+0300: 506.816: [CMS-concurrent-mark-start]
2016-06-27T18:45:10.532+0300: 506.868: [CMS-concurrent-mark: 0.052/0.052 secs] [Times: user=0.19 sys=0.00, real=0.05 secs] 
2016-06-27T18:45:10.532+0300: 506.868: [CMS-concurrent-preclean-start]
2016-06-27T18:45:10.542+0300: 506.878: [CMS-concurrent-preclean: 0.010/0.010 secs] [Times: user=0.05 sys=0.00, real=0.01 secs] 
2016-06-27T18:45:10.542+0300: 506.878: [CMS-concurrent-abortable-preclean-start]
2016-06-27T18:45:10.840+0300: 507.177: [GC (Allocation Failure) 2016-06-27T18:45:10.841+0300: 507.177: [ParNew2016-06-27T18:45:10.877+0300: 507.214: [CMS-concurrent-abortable-preclean: 0.032/0.336 secs] [Times: user=1.31 sys=0.00, real=0.34 secs] 

Desired survivor size 17432576 bytes, new threshold 1 (max 6)
- age   1:   34862824 bytes,   34862824 total
: 306401K->34048K(306688K), 0.0374279 secs] 4649000K->4643703K(5208832K), 0.0375596 secs] [Times: user=0.13 sys=0.00, real=0.04 secs] 
2016-06-27T18:45:10.878+0300: 507.215: Total time for which application threads were stopped: 0.0386347 seconds, Stopping threads took: 0.0007531 seconds
2016-06-27T18:45:10.878+0300: 507.215: [GC (CMS Final Remark) [YG occupancy: 35048 K (306688 K)]2016-06-27T18:45:10.878+0300: 507.215: [Rescan (parallel) , 0.0042552 secs]2016-06-27T18:45:10.883+0300: 507.219: [weak refs processing, 0.0000257 secs]2016-06-27T18:45:10.883+0300: 507.219: [class unloading, 0.0018539 secs]2016-06-27T18:45:10.885+0300: 507.221: [scrub symbol table, 0.0007505 secs]2016-06-27T18:45:10.885+0300: 507.222: [scrub string table, 0.0002100 secs][1 CMS-remark: 4609655K(4902144K)] 4644703K(5208832K), 0.0073415 secs] [Times: user=0.06 sys=0.00, real=0.01 secs] 
2016-06-27T18:45:10.886+0300: 507.222: Total time for which application threads were stopped: 0.0077256 seconds, Stopping threads took: 0.0000791 seconds
2016-06-27T18:45:10.886+0300: 507.222: [CMS-concurrent-sweep-start]
2016-06-27T18:45:10.895+0300: 507.232: [CMS-concurrent-sweep: 0.009/0.009 secs] [Times: user=0.06 sys=0.00, real=0.01 secs] 
2016-06-27T18:45:10.895+0300: 507.232: [CMS-concurrent-reset-start]
2016-06-27T18:45:10.901+0300: 507.238: [CMS-concurrent-reset: 0.006/0.006 secs] [Times: user=0.00 sys=0.00, real=0.01 secs] 
2016-06-27T18:45:11.178+0300: 507.514: Total time for which application threads were stopped: 0.0025454 seconds, Stopping threads took: 0.0010182 seconds
2016-06-27T18:45:11.240+0300: 507.576: [GC (Allocation Failure) 2016-06-27T18:45:11.240+0300: 507.577: [ParNew
Desired survivor size 17432576 bytes, new threshold 1 (max 6)
- age   1:   34848664 bytes,   34848664 total
: 306688K->34048K(306688K), 0.0397911 secs] 4346258K->4339668K(5208832K), 0.0399301 secs] [Times: user=0.13 sys=0.00, real=0.04 secs] 
2016-06-27T18:45:11.280+0300: 507.616: Total time for which application threads were stopped: 0.0404527 seconds, Stopping threads took: 0.0001185 seconds
2016-06-27T18:45:11.281+0300: 507.617: [GC (CMS Initial Mark) [1 CMS-initial-mark: 4305620K(4902144K)] 4340668K(5208832K), 0.0003485 secs] [Times: user=0.00 sys=0.00, real=0.00 secs] 
2016-06-27T18:45:11.281+0300: 507.617: Total time for which application threads were stopped: 0.0007347 seconds, Stopping threads took: 0.0000761 seconds
2016-06-27T18:45:11.281+0300: 507.617: [CMS-concurrent-mark-start]
2016-06-27T18:45:11.374+0300: 507.710: [CMS-concurrent-mark: 0.093/0.093 secs] [Times: user=0.31 sys=0.00, real=0.09 secs] 
2016-06-27T18:45:11.374+0300: 507.710: [CMS-concurrent-preclean-start]
2016-06-27T18:45:11.385+0300: 507.722: [CMS-concurrent-preclean: 0.012/0.012 secs] [Times: user=0.06 sys=0.00, real=0.01 secs] 
2016-06-27T18:45:11.386+0300: 507.722: [CMS-concurrent-abortable-preclean-start]
2016-06-27T18:45:11.744+0300: 508.081: [GC (Allocation Failure) 2016-06-27T18:45:11.744+0300: 508.081: [ParNew
Desired survivor size 17432576 bytes, new threshold 1 (max 6)
- age   1:   34862336 bytes,   34862336 total
: 306301K->34048K(306688K), 0.0401768 secs] 4611921K->4605719K(5208832K), 0.0403500 secs] [Times: user=0.13 sys=0.00, real=0.04 secs] 
2016-06-27T18:45:11.785+0300: 508.121: Total time for which application threads were stopped: 0.0431071 seconds, Stopping threads took: 0.0023290 seconds
2016-06-27T18:45:12.135+0300: 508.471: [CMS-concurrent-abortable-preclean: 0.100/0.749 secs] [Times: user=2.91 sys=0.00, real=0.75 secs] 
2016-06-27T18:45:12.165+0300: 508.501: [GC (CMS Final Remark) [YG occupancy: 299705 K (306688 K)]2016-06-27T18:45:12.165+0300: 508.501: [Rescan (parallel) , 0.0048214 secs]2016-06-27T18:45:12.170+0300: 508.506: [weak refs processing, 0.0000304 secs]2016-06-27T18:45:12.170+0300: 508.506: [class unloading, 0.0034187 secs]2016-06-27T18:45:12.173+0300: 508.510: [scrub symbol table, 0.0016815 secs]2016-06-27T18:45:12.175+0300: 508.512: [scrub string table, 0.0003618 secs][1 CMS-remark: 4571671K(4902144K)] 4871376K(5208832K), 0.0106781 secs] [Times: user=0.00 sys=0.00, real=0.01 secs] 
2016-06-27T18:45:12.176+0300: 508.512: Total time for which application threads were stopped: 0.0132924 seconds, Stopping threads took: 0.0021939 seconds
2016-06-27T18:45:12.176+0300: 508.512: [CMS-concurrent-sweep-start]
2016-06-27T18:45:12.187+0300: 508.523: [CMS-concurrent-sweep: 0.011/0.011 secs] [Times: user=0.05 sys=0.00, real=0.01 secs] 
2016-06-27T18:45:12.187+0300: 508.523: [CMS-concurrent-reset-start]
2016-06-27T18:45:12.190+0300: 508.527: [GC (Allocation Failure) 2016-06-27T18:45:12.190+0300: 508.527: [ParNew
Desired survivor size 17432576 bytes, new threshold 1 (max 6)
- age   1:   34855240 bytes,   34855240 total
: 306174K->34048K(306688K), 0.0396243 secs] 4367720K->4362642K(5208832K), 0.0397902 secs] [Times: user=0.19 sys=0.00, real=0.04 secs] 
2016-06-27T18:45:12.230+0300: 508.566: Total time for which application threads were stopped: 0.0403406 seconds, Stopping threads took: 0.0000731 seconds
2016-06-27T18:45:12.234+0300: 508.570: [CMS-concurrent-reset: 0.007/0.047 secs] [Times: user=0.19 sys=0.00, real=0.05 secs] 
2016-06-27T18:45:12.607+0300: 508.943: [GC (Allocation Failure) 2016-06-27T18:45:12.607+0300: 508.943: [ParNew
Desired survivor size 17432576 bytes, new threshold 1 (max 6)
- age   1:   34848056 bytes,   34848056 total
: 305960K->34048K(306688K), 0.0414855 secs] 4634555K->4628684K(5208832K), 0.0416719 secs] [Times: user=0.16 sys=0.00, real=0.04 secs] 
2016-06-27T18:45:12.648+0300: 508.985: Total time for which application threads were stopped: 0.0430789 seconds, Stopping threads took: 0.0008408 seconds
2016-06-27T18:45:12.649+0300: 508.985: [GC (CMS Initial Mark) [1 CMS-initial-mark: 4594636K(4902144K)] 4629684K(5208832K), 0.0005063 secs] [Times: user=0.00 sys=0.00, real=0.00 secs] 
2016-06-27T18:45:12.650+0300: 508.986: Total time for which application threads were stopped: 0.0011153 seconds, Stopping threads took: 0.0001381 seconds
2016-06-27T18:45:12.650+0300: 508.986: [CMS-concurrent-mark-start]
2016-06-27T18:45:12.655+0300: 508.991: Total time for which application threads were stopped: 0.0022828 seconds, Stopping threads took: 0.0001236 seconds
2016-06-27T18:45:12.717+0300: 509.053: [CMS-concurrent-mark: 0.065/0.068 secs] [Times: user=0.22 sys=0.02, real=0.07 secs] 
2016-06-27T18:45:12.717+0300: 509.054: [CMS-concurrent-preclean-start]
2016-06-27T18:45:12.730+0300: 509.066: [CMS-concurrent-preclean: 0.013/0.013 secs] [Times: user=0.06 sys=0.00, real=0.01 secs] 
2016-06-27T18:45:12.730+0300: 509.066: [CMS-concurrent-abortable-preclean-start]
2016-06-27T18:45:13.113+0300: 509.449: [GC (Allocation Failure) 2016-06-27T18:45:13.113+0300: 509.449: [ParNew
Desired survivor size 17432576 bytes, new threshold 1 (max 6)
- age   1:   34861376 bytes,   34861376 total
: 306251K->34048K(306688K), 0.0410800 secs] 4900888K->4894734K(5208832K), 0.0412357 secs] [Times: user=0.17 sys=0.00, real=0.04 secs] 
2016-06-27T18:45:13.154+0300: 509.491: Total time for which application threads were stopped: 0.0476103 seconds, Stopping threads took: 0.0058909 seconds
2016-06-27T18:45:13.209+0300: 509.545: Total time for which application threads were stopped: 0.0106246 seconds, Stopping threads took: 0.0088764 seconds
2016-06-27T18:45:13.209+0300: 509.545: [CMS-concurrent-abortable-preclean: 0.084/0.479 secs] [Times: user=1.81 sys=0.00, real=0.48 secs] 
2016-06-27T18:45:13.517+0300: 509.853: [GC (Allocation Failure) 2016-06-27T18:45:13.517+0300: 509.853: [ParNew: 306688K->306688K(306688K), 0.0000316 secs]2016-06-27T18:45:13.517+0300: 509.853: [CMS (concurrent mode failure): 4860686K->3870496K(4902144K), 0.7150492 secs] 5167374K->3870496K(5208832K), [Metaspace: 9099K->9099K(1058816K)], 0.7152391 secs] [Times: user=0.72 sys=0.00, real=0.72 secs] 
2016-06-27T18:45:14.232+0300: 510.568: Total time for which application threads were stopped: 0.7165276 seconds, Stopping threads took: 0.0008758 seconds
2016-06-27T18:45:14.566+0300: 510.902: Total time for which application threads were stopped: 0.0023444 seconds, Stopping threads took: 0.0007039 seconds
2016-06-27T18:45:14.615+0300: 510.951: [GC (Allocation Failure) 2016-06-27T18:45:14.615+0300: 510.951: [ParNew
Desired survivor size 17432576 bytes, new threshold 1 (max 6)
- age   1:   34862152 bytes,   34862152 total
: 272640K->34048K(306688K), 0.0358481 secs] 4143136K->4137594K(5208832K), 0.0359751 secs] [Times: user=0.13 sys=0.00, real=0.04 secs] 
2016-06-27T18:45:14.651+0300: 510.987: Total time for which application threads were stopped: 0.0363660 seconds, Stopping threads took: 0.0000919 seconds
2016-06-27T18:45:14.661+0300: 510.998: Total time for which application threads were stopped: 0.0002780 seconds, Stopping threads took: 0.0001039 seconds
2016-06-27T18:45:14.974+0300: 511.311: [GC (Allocation Failure) 2016-06-27T18:45:14.974+0300: 511.311: [ParNew
Desired survivor size 17432576 bytes, new threshold 1 (max 6)
- age   1:   34853104 bytes,   34853104 total
: 306688K->34048K(306688K), 0.0379629 secs] 4410234K->4404641K(5208832K), 0.0381361 secs] [Times: user=0.13 sys=0.00, real=0.04 secs] 
2016-06-27T18:45:15.012+0300: 511.349: Total time for which application threads were stopped: 0.0389982 seconds, Stopping threads took: 0.0004696 seconds
2016-06-27T18:45:15.179+0300: 511.516: Total time for which application threads were stopped: 0.0019073 seconds, Stopping threads took: 0.0004452 seconds
2016-06-27T18:45:15.371+0300: 511.707: [GC (Allocation Failure) 2016-06-27T18:45:15.371+0300: 511.707: [ParNew
Desired survivor size 17432576 bytes, new threshold 1 (max 6)
- age   1:   34859808 bytes,   34859808 total
: 306688K->34047K(306688K), 0.0418631 secs] 4677281K->4670681K(5208832K), 0.0419901 secs] [Times: user=0.19 sys=0.00, real=0.04 secs] 
2016-06-27T18:45:15.413+0300: 511.749: Total time for which application threads were stopped: 0.0428073 seconds, Stopping threads took: 0.0005205 seconds
2016-06-27T18:45:15.738+0300: 512.075: [GC (Allocation Failure) 2016-06-27T18:45:15.739+0300: 512.075: [ParNew: 306495K->306495K(306688K), 0.0000368 secs]2016-06-27T18:45:15.739+0300: 512.075: [CMS: 4636634K->3857499K(4902144K), 0.5907438 secs] 4943129K->3857499K(5208832K), [Metaspace: 9099K->9099K(1058816K)], 0.5909302 secs] [Times: user=0.59 sys=0.00, real=0.59 secs] 
2016-06-27T18:45:16.329+0300: 512.666: Total time for which application threads were stopped: 0.5918860 seconds, Stopping threads took: 0.0005842 seconds
2016-06-27T18:45:16.332+0300: 512.669: Total time for which application threads were stopped: 0.0013612 seconds, Stopping threads took: 0.0000787 seconds
2016-06-27T18:45:16.676+0300: 513.013: [GC (Allocation Failure) 2016-06-27T18:45:16.676+0300: 513.013: [ParNew
Desired survivor size 17432576 bytes, new threshold 1 (max 6)
- age   1:   34858608 bytes,   34858608 total
: 272633K->34048K(306688K), 0.0357682 secs] 4130132K->4123570K(5208832K), 0.0358965 secs] [Times: user=0.19 sys=0.00, real=0.04 secs] 
2016-06-27T18:45:16.712+0300: 513.049: Total time for which application threads were stopped: 0.0368728 seconds, Stopping threads took: 0.0007052 seconds
2016-06-27T18:45:17.042+0300: 513.379: [GC (Allocation Failure) 2016-06-27T18:45:17.049+0300: 513.385: [ParNew
Desired survivor size 17432576 bytes, new threshold 1 (max 6)
- age   1:   34856056 bytes,   34856056 total
: 306473K->34048K(306688K), 0.0395991 secs] 4395995K->4390619K(5208832K), 0.0455961 secs] [Times: user=0.19 sys=0.00, real=0.05 secs] 
2016-06-27T18:45:17.088+0300: 513.424: Total time for which application threads were stopped: 0.0466289 seconds, Stopping threads took: 0.0006470 seconds
2016-06-27T18:45:17.180+0300: 513.516: Total time for which application threads were stopped: 0.0018304 seconds, Stopping threads took: 0.0003139 seconds
2016-06-27T18:45:17.419+0300: 513.755: [GC (Allocation Failure) 2016-06-27T18:45:17.419+0300: 513.755: [ParNew
Desired survivor size 17432576 bytes, new threshold 1 (max 6)
- age   1:   34859672 bytes,   34859672 total
: 306206K->34048K(306688K), 0.0401200 secs] 4662778K->4657664K(5208832K), 0.0402919 secs] [Times: user=0.19 sys=0.00, real=0.04 secs] 
2016-06-27T18:45:17.459+0300: 513.796: Total time for which application threads were stopped: 0.0412306 seconds, Stopping threads took: 0.0005115 seconds
2016-06-27T18:45:17.893+0300: 514.230: [GC (Allocation Failure) 2016-06-27T18:45:17.893+0300: 514.230: [ParNew: 306619K->306619K(306688K), 0.0000432 secs]2016-06-27T18:45:17.893+0300: 514.230: [CMS: 4623616K->3708484K(4902144K), 0.6065918 secs] 4930236K->3708484K(5208832K), [Metaspace: 9102K->9102K(1058816K)], 0.6067958 secs] [Times: user=0.61 sys=0.00, real=0.61 secs] 
2016-06-27T18:45:18.500+0300: 514.836: Total time for which application threads were stopped: 0.6088130 seconds, Stopping threads took: 0.0015819 seconds
2016-06-27T18:45:18.861+0300: 515.197: Total time for which application threads were stopped: 0.0026395 seconds, Stopping threads took: 0.0009537 seconds
2016-06-27T18:45:18.959+0300: 515.295: [GC (Allocation Failure) 2016-06-27T18:45:18.959+0300: 515.295: [ParNew
Desired survivor size 17432576 bytes, new threshold 1 (max 6)
- age   1:   33848056 bytes,   33848056 total
: 272640K->33072K(306688K), 0.0349757 secs] 3981124K->3973568K(5208832K), 0.0351446 secs] [Times: user=0.13 sys=0.00, real=0.03 secs] 
2016-06-27T18:45:18.994+0300: 515.331: Total time for which application threads were stopped: 0.0356069 seconds, Stopping threads took: 0.0000962 seconds
2016-06-27T18:45:19.183+0300: 515.520: Total time for which application threads were stopped: 0.0033618 seconds, Stopping threads took: 0.0016691 seconds
2016-06-27T18:45:19.362+0300: 515.698: [GC (Allocation Failure) 2016-06-27T18:45:19.362+0300: 515.698: [ParNew
Desired survivor size 17432576 bytes, new threshold 1 (max 6)
- age   1:   33829680 bytes,   33829680 total
: 305184K->33051K(306688K), 0.0381318 secs] 4245680K->4241609K(5208832K), 0.0383071 secs] [Times: user=0.19 sys=0.00, real=0.04 secs] 
2016-06-27T18:45:19.400+0300: 515.737: Total time for which application threads were stopped: 0.0405972 seconds, Stopping threads took: 0.0018915 seconds
2016-06-27T18:45:19.726+0300: 516.062: [GC (Allocation Failure) 2016-06-27T18:45:19.726+0300: 516.062: [ParNew
Desired survivor size 17432576 bytes, new threshold 1 (max 6)
- age   1:   34855872 bytes,   34855872 total
: 304749K->34048K(306688K), 0.0407931 secs] 4513307K->4507646K(5208832K), 0.0409518 secs] [Times: user=0.13 sys=0.00, real=0.04 secs] 
2016-06-27T18:45:19.767+0300: 516.103: Total time for which application threads were stopped: 0.0514669 seconds, Stopping threads took: 0.0101192 seconds
2016-06-27T18:45:20.091+0300: 516.427: [GC (Allocation Failure) 2016-06-27T18:45:20.091+0300: 516.428: [ParNew
Desired survivor size 17432576 bytes, new threshold 1 (max 6)
- age   1:   34858136 bytes,   34858136 total
: 306264K->34048K(306688K), 0.0382669 secs] 4779862K->4774689K(5208832K), 0.0384320 secs] [Times: user=0.13 sys=0.00, real=0.04 secs] 
2016-06-27T18:45:20.130+0300: 516.466: Total time for which application threads were stopped: 0.0465006 seconds, Stopping threads took: 0.0076328 seconds
2016-06-27T18:45:20.356+0300: 516.692: Total time for which application threads were stopped: 0.0061621 seconds, Stopping threads took: 0.0044078 seconds
2016-06-27T18:45:20.518+0300: 516.854: [GC (Allocation Failure) 2016-06-27T18:45:20.518+0300: 516.855: [ParNew: 306688K->306688K(306688K), 0.0000364 secs]2016-06-27T18:45:20.518+0300: 516.855: [CMS: 4740641K->3735488K(4902144K), 0.8593090 secs] 5047329K->3735488K(5208832K), [Metaspace: 9109K->9109K(1058816K)], 0.8595515 secs] [Times: user=0.86 sys=0.00, real=0.86 secs] 
2016-06-27T18:45:21.378+0300: 517.714: Total time for which application threads were stopped: 0.8622371 seconds, Stopping threads took: 0.0022794 seconds
2016-06-27T18:45:21.805+0300: 518.142: [GC (Allocation Failure) 2016-06-27T18:45:21.805+0300: 518.142: [ParNew
Desired survivor size 17432576 bytes, new threshold 1 (max 6)
- age   1:   34858936 bytes,   34858936 total
: 271700K->34048K(306688K), 0.0392856 secs] 4007189K->3999622K(5208832K), 0.0394584 secs] [Times: user=0.13 sys=0.00, real=0.04 secs] 
2016-06-27T18:45:21.845+0300: 518.181: Total time for which application threads were stopped: 0.0433894 seconds, Stopping threads took: 0.0034324 seconds
2016-06-27T18:45:22.188+0300: 518.524: Total time for which application threads were stopped: 0.0069900 seconds, Stopping threads took: 0.0054924 seconds
2016-06-27T18:45:22.327+0300: 518.663: [GC (Allocation Failure) 2016-06-27T18:45:22.327+0300: 518.663: [ParNew
Desired survivor size 17432576 bytes, new threshold 1 (max 6)
- age   1:   34863688 bytes,   34863688 total
: 306688K->34048K(306688K), 0.0374672 secs] 4272262K->4264668K(5208832K), 0.0376366 secs] [Times: user=0.19 sys=0.00, real=0.04 secs] 
2016-06-27T18:45:22.365+0300: 518.701: Total time for which application threads were stopped: 0.0382323 seconds, Stopping threads took: 0.0002241 seconds
2016-06-27T18:45:22.683+0300: 519.019: [GC (Allocation Failure) 2016-06-27T18:45:22.683+0300: 519.019: [ParNew
Desired survivor size 17432576 bytes, new threshold 1 (max 6)
- age   1:   34853112 bytes,   34853112 total
: 306527K->34048K(306688K), 0.0386005 secs] 4537147K->4532721K(5208832K), 0.0387690 secs] [Times: user=0.13 sys=0.00, real=0.04 secs] 
2016-06-27T18:45:22.722+0300: 519.058: Total time for which application threads were stopped: 0.0432863 seconds, Stopping threads took: 0.0041226 seconds
2016-06-27T18:45:23.046+0300: 519.383: [GC (Allocation Failure) 2016-06-27T18:45:23.046+0300: 519.383: [ParNew
Desired survivor size 17432576 bytes, new threshold 1 (max 6)
- age   1:   34852968 bytes,   34852968 total
: 305911K->34048K(306688K), 0.0389452 secs] 4804585K->4799761K(5208832K), 0.0391146 secs] [Times: user=0.19 sys=0.00, real=0.04 secs] 
2016-06-27T18:45:23.086+0300: 519.422: Total time for which application threads were stopped: 0.0452347 seconds, Stopping threads took: 0.0057015 seconds
2016-06-27T18:45:23.325+0300: 519.661: Total time for which application threads were stopped: 0.0031557 seconds, Stopping threads took: 0.0016837 seconds
2016-06-27T18:45:23.468+0300: 519.804: [GC (Allocation Failure) 2016-06-27T18:45:23.468+0300: 519.804: [ParNew: 306688K->306688K(306688K), 0.0000269 secs]2016-06-27T18:45:23.468+0300: 519.804: [CMS: 4765713K->3686486K(4902144K), 0.5831277 secs] 5072401K->3686486K(5208832K), [Metaspace: 9109K->9109K(1058816K)], 0.5832816 secs] [Times: user=0.58 sys=0.00, real=0.58 secs] 
2016-06-27T18:45:24.051+0300: 520.388: Total time for which application threads were stopped: 0.5854186 seconds, Stopping threads took: 0.0017966 seconds
2016-06-27T18:45:24.364+0300: 520.701: [GC (Allocation Failure) 2016-06-27T18:45:24.364+0300: 520.701: [ParNew
Desired survivor size 17432576 bytes, new threshold 1 (max 6)
- age   1:   34858224 bytes,   34858224 total
: 271805K->34048K(306688K), 0.0361847 secs] 3958292K->3953552K(5208832K), 0.0363002 secs] [Times: user=0.13 sys=0.00, real=0.04 secs] 
2016-06-27T18:45:24.401+0300: 520.737: Total time for which application threads were stopped: 0.0376879 seconds, Stopping threads took: 0.0010948 seconds
2016-06-27T18:45:24.718+0300: 521.054: [GC (Allocation Failure) 2016-06-27T18:45:24.718+0300: 521.054: [ParNew
Desired survivor size 17432576 bytes, new threshold 1 (max 6)
- age   1:   34856072 bytes,   34856072 total
: 306596K->34048K(306688K), 0.0384504 secs] 4226101K->4221602K(5208832K), 0.0385838 secs] [Times: user=0.19 sys=0.00, real=0.04 secs] 
2016-06-27T18:45:24.757+0300: 521.093: Total time for which application threads were stopped: 0.0394319 seconds, Stopping threads took: 0.0004696 seconds
2016-06-27T18:45:25.077+0300: 521.413: [GC (Allocation Failure) 2016-06-27T18:45:25.083+0300: 521.419: [ParNew
Desired survivor size 17432576 bytes, new threshold 1 (max 6)
- age   1:   34846904 bytes,   34846904 total
: 306014K->34039K(306688K), 0.0389670 secs] 4493569K->4488639K(5208832K), 0.0449272 secs] [Times: user=0.13 sys=0.00, real=0.04 secs] 
2016-06-27T18:45:25.121+0300: 521.458: Total time for which application threads were stopped: 0.0460785 seconds, Stopping threads took: 0.0006962 seconds
2016-06-27T18:45:25.447+0300: 521.784: [GC (Allocation Failure) 2016-06-27T18:45:25.448+0300: 521.784: [ParNew
Desired survivor size 17432576 bytes, new threshold 1 (max 6)
- age   1:   34861408 bytes,   34861408 total
: 305776K->34048K(306688K), 0.0379488 secs] 4760375K->4754722K(5208832K), 0.0381104 secs] [Times: user=0.13 sys=0.00, real=0.04 secs] 
2016-06-27T18:45:25.486+0300: 521.822: Total time for which application threads were stopped: 0.0402341 seconds, Stopping threads took: 0.0016366 seconds
2016-06-27T18:45:25.801+0300: 522.137: [GC (Allocation Failure) 2016-06-27T18:45:25.801+0300: 522.137: [ParNew: 306176K->306176K(306688K), 0.0000312 secs]2016-06-27T18:45:25.801+0300: 522.137: [CMS: 4720674K->3776487K(4902144K), 0.5883301 secs] 5026851K->3776487K(5208832K), [Metaspace: 9109K->9109K(1058816K)], 0.5885144 secs] [Times: user=0.59 sys=0.00, real=0.59 secs] 
2016-06-27T18:45:26.389+0300: 522.726: Total time for which application threads were stopped: 0.5901985 seconds, Stopping threads took: 0.0011739 seconds
2016-06-27T18:45:26.739+0300: 523.075: [GC (Allocation Failure) 2016-06-27T18:45:26.739+0300: 523.075: [ParNew
Desired survivor size 17432576 bytes, new threshold 1 (max 6)
- age   1:   34861808 bytes,   34861808 total
: 272640K->34048K(306688K), 0.0393964 secs] 4049127K->4043581K(5208832K), 0.0455965 secs] [Times: user=0.13 sys=0.00, real=0.04 secs] 
2016-06-27T18:45:26.784+0300: 523.121: Total time for which application threads were stopped: 0.0477078 seconds, Stopping threads took: 0.0015669 seconds
2016-06-27T18:45:27.108+0300: 523.444: [GC (Allocation Failure) 2016-06-27T18:45:27.108+0300: 523.444: [ParNew
Desired survivor size 17432576 bytes, new threshold 1 (max 6)
- age   1:   34853752 bytes,   34853752 total
: 305888K->34048K(306688K), 0.0387378 secs] 4315421K->4310637K(5208832K), 0.0388550 secs] [Times: user=0.19 sys=0.00, real=0.04 secs] 
2016-06-27T18:45:27.147+0300: 523.483: Total time for which application threads were stopped: 0.0396940 seconds, Stopping threads took: 0.0004563 seconds
2016-06-27T18:45:27.147+0300: 523.484: [GC (CMS Initial Mark) [1 CMS-initial-mark: 4276589K(4902144K)] 4311637K(5208832K), 0.0004230 secs] [Times: user=0.00 sys=0.00, real=0.00 secs] 
2016-06-27T18:45:27.147+0300: 523.484: Total time for which application threads were stopped: 0.0008202 seconds, Stopping threads took: 0.0000770 seconds
2016-06-27T18:45:27.147+0300: 523.484: [CMS-concurrent-mark-start]
2016-06-27T18:45:27.199+0300: 523.535: [CMS-concurrent-mark: 0.051/0.051 secs] [Times: user=0.19 sys=0.00, real=0.05 secs] 
2016-06-27T18:45:27.199+0300: 523.535: [CMS-concurrent-preclean-start]
2016-06-27T18:45:27.209+0300: 523.545: [CMS-concurrent-preclean: 0.010/0.010 secs] [Times: user=0.06 sys=0.00, real=0.01 secs] 
2016-06-27T18:45:27.209+0300: 523.545: [CMS-concurrent-abortable-preclean-start]
2016-06-27T18:45:27.350+0300: 523.687: Total time for which application threads were stopped: 0.0012808 seconds, Stopping threads took: 0.0002857 seconds
2016-06-27T18:45:27.560+0300: 523.896: [GC (Allocation Failure) 2016-06-27T18:45:27.560+0300: 523.896: [ParNew2016-06-27T18:45:27.591+0300: 523.927: [CMS-concurrent-abortable-preclean: 0.042/0.382 secs] [Times: user=1.49 sys=0.02, real=0.38 secs] 

Desired survivor size 17432576 bytes, new threshold 1 (max 6)
- age   1:   34856728 bytes,   34856728 total
: 306688K->34048K(306688K), 0.0380022 secs] 4583277K->4575679K(5208832K), 0.0381455 secs] [Times: user=0.13 sys=0.00, real=0.04 secs] 
2016-06-27T18:45:27.598+0300: 523.934: Total time for which application threads were stopped: 0.0387634 seconds, Stopping threads took: 0.0003066 seconds
2016-06-27T18:45:27.599+0300: 523.935: [GC (CMS Final Remark) [YG occupancy: 35222 K (306688 K)]2016-06-27T18:45:27.599+0300: 523.935: [Rescan (parallel) , 0.0042282 secs]2016-06-27T18:45:27.603+0300: 523.939: [weak refs processing, 0.0000171 secs]2016-06-27T18:45:27.603+0300: 523.939: [class unloading, 0.0015413 secs]2016-06-27T18:45:27.604+0300: 523.941: [scrub symbol table, 0.0007715 secs]2016-06-27T18:45:27.605+0300: 523.942: [scrub string table, 0.0002078 secs][1 CMS-remark: 4541631K(4902144K)] 4576853K(5208832K), 0.0070071 secs] [Times: user=0.00 sys=0.00, real=0.01 secs] 
2016-06-27T18:45:27.606+0300: 523.942: Total time for which application threads were stopped: 0.0073334 seconds, Stopping threads took: 0.0000586 seconds
2016-06-27T18:45:27.606+0300: 523.942: [CMS-concurrent-sweep-start]
2016-06-27T18:45:27.614+0300: 523.951: [CMS-concurrent-sweep: 0.009/0.009 secs] [Times: user=0.06 sys=0.00, real=0.01 secs] 
2016-06-27T18:45:27.614+0300: 523.951: [CMS-concurrent-reset-start]
2016-06-27T18:45:27.621+0300: 523.957: [CMS-concurrent-reset: 0.006/0.006 secs] [Times: user=0.00 sys=0.00, real=0.01 secs] 
2016-06-27T18:45:27.945+0300: 524.282: [GC (Allocation Failure) 2016-06-27T18:45:27.945+0300: 524.282: [ParNew
Desired survivor size 17432576 bytes, new threshold 1 (max 6)
- age   1:   34860688 bytes,   34860688 total
: 306004K->34048K(306688K), 0.0383255 secs] 4352514K->4347623K(5208832K), 0.0384932 secs] [Times: user=0.13 sys=0.00, real=0.04 secs] 
2016-06-27T18:45:27.984+0300: 524.320: Total time for which application threads were stopped: 0.0400806 seconds, Stopping threads took: 0.0011213 seconds
2016-06-27T18:45:27.984+0300: 524.321: [GC (CMS Initial Mark) [1 CMS-initial-mark: 4313575K(4902144K)] 4348623K(5208832K), 0.0003990 secs] [Times: user=0.00 sys=0.00, real=0.00 secs] 
2016-06-27T18:45:27.984+0300: 524.321: Total time for which application threads were stopped: 0.0008361 seconds, Stopping threads took: 0.0000770 seconds
2016-06-27T18:45:27.984+0300: 524.321: [CMS-concurrent-mark-start]
2016-06-27T18:45:28.036+0300: 524.372: [CMS-concurrent-mark: 0.051/0.051 secs] [Times: user=0.25 sys=0.00, real=0.05 secs] 
2016-06-27T18:45:28.036+0300: 524.372: [CMS-concurrent-preclean-start]
2016-06-27T18:45:28.046+0300: 524.382: [CMS-concurrent-preclean: 0.010/0.010 secs] [Times: user=0.00 sys=0.00, real=0.01 secs] 
2016-06-27T18:45:28.046+0300: 524.383: [CMS-concurrent-abortable-preclean-start]
2016-06-27T18:45:28.184+0300: 524.521: Total time for which application threads were stopped: 0.0018641 seconds, Stopping threads took: 0.0005743 seconds
2016-06-27T18:45:28.196+0300: 524.532: Total time for which application threads were stopped: 0.0007129 seconds, Stopping threads took: 0.0000783 seconds
2016-06-27T18:45:28.386+0300: 524.722: [GC (Allocation Failure) 2016-06-27T18:45:28.386+0300: 524.722: [ParNew2016-06-27T18:45:28.418+0300: 524.754: [CMS-concurrent-abortable-preclean: 0.054/0.371 secs] [Times: user=1.48 sys=0.00, real=0.37 secs] 

Desired survivor size 17432576 bytes, new threshold 1 (max 6)
- age   1:   34853920 bytes,   34853920 total
: 306688K->34048K(306688K), 0.0379496 secs] 4620263K->4613674K(5208832K), 0.0381485 secs] [Times: user=0.13 sys=0.00, real=0.04 secs] 
2016-06-27T18:45:28.424+0300: 524.760: Total time for which application threads were stopped: 0.0389268 seconds, Stopping threads took: 0.0003952 seconds
2016-06-27T18:45:28.424+0300: 524.761: [GC (CMS Final Remark) [YG occupancy: 34179 K (306688 K)]2016-06-27T18:45:28.424+0300: 524.761: [Rescan (parallel) , 0.0042453 secs]2016-06-27T18:45:28.429+0300: 524.765: [weak refs processing, 0.0000274 secs]2016-06-27T18:45:28.429+0300: 524.765: [class unloading, 0.0027083 secs]2016-06-27T18:45:28.431+0300: 524.768: [scrub symbol table, 0.0012488 secs]2016-06-27T18:45:28.433+0300: 524.769: [scrub string table, 0.0003267 secs][1 CMS-remark: 4579626K(4902144K)] 4613806K(5208832K), 0.0088700 secs] [Times: user=0.06 sys=0.00, real=0.01 secs] 
2016-06-27T18:45:28.433+0300: 524.770: Total time for which application threads were stopped: 0.0092668 seconds, Stopping threads took: 0.0000825 seconds
2016-06-27T18:45:28.433+0300: 524.770: [CMS-concurrent-sweep-start]
2016-06-27T18:45:28.442+0300: 524.779: [CMS-concurrent-sweep: 0.009/0.009 secs] [Times: user=0.06 sys=0.00, real=0.01 secs] 
2016-06-27T18:45:28.442+0300: 524.779: [CMS-concurrent-reset-start]
2016-06-27T18:45:28.448+0300: 524.785: [CMS-concurrent-reset: 0.006/0.006 secs] [Times: user=0.00 sys=0.00, real=0.01 secs] 
2016-06-27T18:45:28.763+0300: 525.100: [GC (Allocation Failure) 2016-06-27T18:45:28.763+0300: 525.100: [ParNew
Desired survivor size 17432576 bytes, new threshold 1 (max 6)
- age   1:   34856704 bytes,   34856704 total
: 306468K->34047K(306688K), 0.0398351 secs] 4269981K->4265608K(5208832K), 0.0399904 secs] [Times: user=0.16 sys=0.00, real=0.04 secs] 
2016-06-27T18:45:28.803+0300: 525.140: Total time for which application threads were stopped: 0.0416172 seconds, Stopping threads took: 0.0012261 seconds
2016-06-27T18:45:28.814+0300: 525.150: [GC (CMS Initial Mark) [1 CMS-initial-mark: 4231560K(4902144K)] 4275088K(5208832K), 0.0004306 secs] [Times: user=0.00 sys=0.00, real=0.00 secs] 
2016-06-27T18:45:28.815+0300: 525.151: Total time for which application threads were stopped: 0.0009118 seconds, Stopping threads took: 0.0001172 seconds
2016-06-27T18:45:28.815+0300: 525.151: [CMS-concurrent-mark-start]
2016-06-27T18:45:28.866+0300: 525.202: [CMS-concurrent-mark: 0.051/0.051 secs] [Times: user=0.23 sys=0.00, real=0.05 secs] 
2016-06-27T18:45:28.866+0300: 525.202: [CMS-concurrent-preclean-start]
2016-06-27T18:45:28.876+0300: 525.212: [CMS-concurrent-preclean: 0.010/0.010 secs] [Times: user=0.00 sys=0.00, real=0.01 secs] 
2016-06-27T18:45:28.876+0300: 525.212: [CMS-concurrent-abortable-preclean-start]
2016-06-27T18:45:29.171+0300: 525.507: [GC (Allocation Failure) 2016-06-27T18:45:29.171+0300: 525.507: [ParNew2016-06-27T18:45:29.209+0300: 525.545: [CMS-concurrent-abortable-preclean: 0.032/0.333 secs] [Times: user=1.38 sys=0.00, real=0.33 secs] 

Desired survivor size 17432576 bytes, new threshold 1 (max 6)
- age   1:   34858944 bytes,   34858944 total
: 306117K->34048K(306688K), 0.0385051 secs] 4537678K->4532653K(5208832K), 0.0386595 secs] [Times: user=0.19 sys=0.00, real=0.04 secs] 
2016-06-27T18:45:29.209+0300: 525.546: Total time for which application threads were stopped: 0.0427646 seconds, Stopping threads took: 0.0037244 seconds
2016-06-27T18:45:29.212+0300: 525.549: Total time for which application threads were stopped: 0.0016422 seconds, Stopping threads took: 0.0001061 seconds
2016-06-27T18:45:29.541+0300: 525.877: [GC (Allocation Failure) 2016-06-27T18:45:29.541+0300: 525.877: [ParNew
Desired survivor size 17432576 bytes, new threshold 1 (max 6)
- age   1:   34858552 bytes,   34858552 total
: 306187K->34048K(306688K), 0.0382190 secs] 4804792K->4798701K(5208832K), 0.0383824 secs] [Times: user=0.13 sys=0.00, real=0.04 secs] 
2016-06-27T18:45:29.579+0300: 525.916: Total time for which application threads were stopped: 0.0396530 seconds, Stopping threads took: 0.0008656 seconds
2016-06-27T18:45:29.612+0300: 525.948: [GC (CMS Final Remark) [YG occupancy: 62472 K (306688 K)]2016-06-27T18:45:29.612+0300: 525.948: [Rescan (parallel) , 0.0044057 secs]2016-06-27T18:45:29.616+0300: 525.952: [weak refs processing, 0.0000192 secs]2016-06-27T18:45:29.616+0300: 525.952: [class unloading, 0.0023932 secs]2016-06-27T18:45:29.619+0300: 525.955: [scrub symbol table, 0.0012107 secs]2016-06-27T18:45:29.620+0300: 525.956: [scrub string table, 0.0003152 secs][1 CMS-remark: 4764653K(4902144K)] 4827126K(5208832K), 0.0086549 secs] [Times: user=0.06 sys=0.00, real=0.01 secs] 
2016-06-27T18:45:29.620+0300: 525.957: Total time for which application threads were stopped: 0.0092951 seconds, Stopping threads took: 0.0003391 seconds
2016-06-27T18:45:29.932+0300: 526.268: [CMS-concurrent-sweep-start]
2016-06-27T18:45:29.935+0300: 526.272: [GC (Allocation Failure) 2016-06-27T18:45:29.935+0300: 526.272: [ParNew: 306472K->306472K(306688K), 0.0000368 secs]2016-06-27T18:45:29.935+0300: 526.272: [CMS2016-06-27T18:45:29.942+0300: 526.279: [CMS-concurrent-sweep: 0.009/0.011 secs] [Times: user=0.02 sys=0.00, real=0.01 secs] 
 (concurrent mode failure): 4764612K->3941505K(4902144K), 0.7105114 secs] 5071085K->3941505K(5208832K), [Metaspace: 9109K->9109K(1058816K)], 0.7108283 secs] [Times: user=0.72 sys=0.00, real=0.71 secs] 
2016-06-27T18:45:30.646+0300: 526.982: Total time for which application threads were stopped: 0.7121591 seconds, Stopping threads took: 0.0009571 seconds
2016-06-27T18:45:30.668+0300: 527.005: Total time for which application threads were stopped: 0.0012440 seconds, Stopping threads took: 0.0000701 seconds
2016-06-27T18:45:30.988+0300: 527.325: [GC (Allocation Failure) 2016-06-27T18:45:30.988+0300: 527.325: [ParNew
Desired survivor size 17432576 bytes, new threshold 1 (max 6)
- age   1:   34860560 bytes,   34860560 total
: 272298K->34048K(306688K), 0.0352909 secs] 4213804K->4207586K(5208832K), 0.0354521 secs] [Times: user=0.17 sys=0.00, real=0.04 secs] 
2016-06-27T18:45:31.024+0300: 527.360: Total time for which application threads were stopped: 0.0366089 seconds, Stopping threads took: 0.0007497 seconds
2016-06-27T18:45:31.346+0300: 527.682: [GC (Allocation Failure) 2016-06-27T18:45:31.346+0300: 527.682: [ParNew
Desired survivor size 17432576 bytes, new threshold 1 (max 6)
- age   1:   34857352 bytes,   34857352 total
: 306150K->34048K(306688K), 0.0404937 secs] 4479688K->4474638K(5208832K), 0.0406648 secs] [Times: user=0.19 sys=0.00, real=0.04 secs] 
2016-06-27T18:45:31.387+0300: 527.723: Total time for which application threads were stopped: 0.0432196 seconds, Stopping threads took: 0.0021443 seconds
2016-06-27T18:45:31.387+0300: 527.724: [GC (CMS Initial Mark) [1 CMS-initial-mark: 4440590K(4902144K)] 4475638K(5208832K), 0.0003669 secs] [Times: user=0.00 sys=0.00, real=0.00 secs] 
2016-06-27T18:45:31.388+0300: 527.724: Total time for which application threads were stopped: 0.0007753 seconds, Stopping threads took: 0.0000727 seconds
2016-06-27T18:45:31.388+0300: 527.724: [CMS-concurrent-mark-start]
2016-06-27T18:45:31.438+0300: 527.775: [CMS-concurrent-mark: 0.051/0.051 secs] [Times: user=0.19 sys=0.00, real=0.05 secs] 
2016-06-27T18:45:31.439+0300: 527.775: [CMS-concurrent-preclean-start]
2016-06-27T18:45:31.449+0300: 527.785: [CMS-concurrent-preclean: 0.010/0.010 secs] [Times: user=0.06 sys=0.00, real=0.01 secs] 
2016-06-27T18:45:31.449+0300: 527.785: [CMS-concurrent-abortable-preclean-start]
2016-06-27T18:45:31.744+0300: 528.080: [GC (Allocation Failure) 2016-06-27T18:45:31.744+0300: 528.080: [ParNew2016-06-27T18:45:31.784+0300: 528.120: [CMS-concurrent-abortable-preclean: 0.032/0.335 secs] [Times: user=1.25 sys=0.00, real=0.34 secs] 

Desired survivor size 17432576 bytes, new threshold 1 (max 6)
- age   1:   34861896 bytes,   34861896 total
: 306348K->34048K(306688K), 0.0397210 secs] 4746938K->4741685K(5208832K), 0.0398728 secs] [Times: user=0.09 sys=0.00, real=0.04 secs] 
2016-06-27T18:45:31.784+0300: 528.120: Total time for which application threads were stopped: 0.0411506 seconds, Stopping threads took: 0.0008553 seconds
2016-06-27T18:45:31.785+0300: 528.121: [GC (CMS Final Remark) [YG occupancy: 35048 K (306688 K)]2016-06-27T18:45:31.785+0300: 528.121: [Rescan (parallel) , 0.0042248 secs]2016-06-27T18:45:31.789+0300: 528.125: [weak refs processing, 0.0000269 secs]2016-06-27T18:45:31.789+0300: 528.125: [class unloading, 0.0020048 secs]2016-06-27T18:45:31.791+0300: 528.127: [scrub symbol table, 0.0007445 secs]2016-06-27T18:45:31.792+0300: 528.128: [scrub string table, 0.0001971 secs][1 CMS-remark: 4707637K(4902144K)] 4742685K(5208832K), 0.0074485 secs] [Times: user=0.06 sys=0.00, real=0.01 secs] 
2016-06-27T18:45:31.792+0300: 528.128: Total time for which application threads were stopped: 0.0078983 seconds, Stopping threads took: 0.0000800 seconds
2016-06-27T18:45:31.792+0300: 528.128: [CMS-concurrent-sweep-start]
2016-06-27T18:45:31.801+0300: 528.137: [CMS-concurrent-sweep: 0.009/0.009 secs] [Times: user=0.00 sys=0.00, real=0.01 secs] 
2016-06-27T18:45:31.801+0300: 528.137: [CMS-concurrent-reset-start]
2016-06-27T18:45:31.807+0300: 528.143: [CMS-concurrent-reset: 0.006/0.006 secs] [Times: user=0.06 sys=0.00, real=0.01 secs] 
2016-06-27T18:45:32.123+0300: 528.459: [GC (Allocation Failure) 2016-06-27T18:45:32.123+0300: 528.460: [ParNew
Desired survivor size 17432576 bytes, new threshold 1 (max 6)
- age   1:   34851112 bytes,   34851112 total
: 306419K->34043K(306688K), 0.0396624 secs] 4353930K->4348605K(5208832K), 0.0398009 secs] [Times: user=0.19 sys=0.00, real=0.04 secs] 
2016-06-27T18:45:32.163+0300: 528.499: Total time for which application threads were stopped: 0.0408367 seconds, Stopping threads took: 0.0006838 seconds
2016-06-27T18:45:32.223+0300: 528.560: [GC (CMS Initial Mark) [1 CMS-initial-mark: 4314561K(4902144K)] 4401430K(5208832K), 0.0004311 secs] [Times: user=0.00 sys=0.00, real=0.00 secs] 
2016-06-27T18:45:32.224+0300: 528.560: Total time for which application threads were stopped: 0.0009815 seconds, Stopping threads took: 0.0002224 seconds
2016-06-27T18:45:32.224+0300: 528.560: [CMS-concurrent-mark-start]
2016-06-27T18:45:32.276+0300: 528.612: [CMS-concurrent-mark: 0.052/0.052 secs] [Times: user=0.19 sys=0.00, real=0.05 secs] 
2016-06-27T18:45:32.276+0300: 528.612: [CMS-concurrent-preclean-start]
2016-06-27T18:45:32.286+0300: 528.623: [CMS-concurrent-preclean: 0.010/0.010 secs] [Times: user=0.06 sys=0.00, real=0.01 secs] 
2016-06-27T18:45:32.286+0300: 528.623: [CMS-concurrent-abortable-preclean-start]
2016-06-27T18:45:32.546+0300: 528.882: [GC (Allocation Failure) 2016-06-27T18:45:32.546+0300: 528.882: [ParNew
Desired survivor size 17432576 bytes, new threshold 1 (max 6)
- age   1:   34848248 bytes,   34848248 total
: 306683K->34045K(306688K), 0.0396175 secs] 4621245K->4615644K(5208832K), 0.0397364 secs] [Times: user=0.19 sys=0.00, real=0.04 secs] 
2016-06-27T18:45:32.586+0300: 528.922: Total time for which application threads were stopped: 0.0405100 seconds, Stopping threads took: 0.0004880 seconds
2016-06-27T18:45:32.929+0300: 529.265: [CMS-concurrent-abortable-preclean: 0.075/0.642 secs] [Times: user=2.50 sys=0.00, real=0.64 secs] 
2016-06-27T18:45:32.940+0300: 529.277: [GC (Allocation Failure) 2016-06-27T18:45:32.940+0300: 529.277: [ParNew
Desired survivor size 17432576 bytes, new threshold 1 (max 6)
- age   1:   34848328 bytes,   34848328 total
: 306350K->34040K(306688K), 0.0391064 secs] 4887948K->4882673K(5208832K), 0.0393433 secs] [Times: user=0.19 sys=0.00, real=0.04 secs] 
2016-06-27T18:45:32.979+0300: 529.316: Total time for which application threads were stopped: 0.0404484 seconds, Stopping threads took: 0.0006509 seconds
2016-06-27T18:45:33.299+0300: 529.635: [GC (Allocation Failure) 2016-06-27T18:45:33.299+0300: 529.635: [ParNew: 306368K->306368K(306688K), 0.0000239 secs]2016-06-27T18:45:33.299+0300: 529.635: [CMS (concurrent mode failure): 4848632K->3649476K(4902144K), 0.6018179 secs] 5155001K->3649476K(5208832K), [Metaspace: 9109K->9109K(1058816K)], 0.6019864 secs] [Times: user=0.61 sys=0.00, real=0.60 secs] 
2016-06-27T18:45:33.900+0300: 530.237: Total time for which application threads were stopped: 0.6035670 seconds, Stopping threads took: 0.0011504 seconds
2016-06-27T18:45:34.222+0300: 530.559: [GC (Allocation Failure) 2016-06-27T18:45:34.222+0300: 530.559: [ParNew
Desired survivor size 17432576 bytes, new threshold 1 (max 6)
- age   1:   34851184 bytes,   34851184 total
: 271971K->34047K(306688K), 0.0350232 secs] 3921448K->3916535K(5208832K), 0.0351566 secs] [Times: user=0.19 sys=0.00, real=0.04 secs] 
2016-06-27T18:45:34.258+0300: 530.594: Total time for which application threads were stopped: 0.0361496 seconds, Stopping threads took: 0.0005756 seconds
2016-06-27T18:45:34.579+0300: 530.915: [GC (Allocation Failure) 2016-06-27T18:45:34.579+0300: 530.915: [ParNew
Desired survivor size 17432576 bytes, new threshold 1 (max 6)
- age   1:   34846280 bytes,   34846280 total
: 305936K->34048K(306688K), 0.0391034 secs] 4188424K->4183573K(5208832K), 0.0392296 secs] [Times: user=0.19 sys=0.00, real=0.04 secs] 
2016-06-27T18:45:34.618+0300: 530.954: Total time for which application threads were stopped: 0.0404647 seconds, Stopping threads took: 0.0008344 seconds
2016-06-27T18:45:34.618+0300: 530.955: [GC (CMS Initial Mark) [1 CMS-initial-mark: 4149525K(4902144K)] 4184573K(5208832K), 0.0003819 secs] [Times: user=0.00 sys=0.00, real=0.00 secs] 
2016-06-27T18:45:34.619+0300: 530.955: Total time for which application threads were stopped: 0.0007946 seconds, Stopping threads took: 0.0001159 seconds
2016-06-27T18:45:34.619+0300: 530.955: [CMS-concurrent-mark-start]
2016-06-27T18:45:34.670+0300: 531.007: [CMS-concurrent-mark: 0.052/0.052 secs] [Times: user=0.19 sys=0.00, real=0.05 secs] 
2016-06-27T18:45:34.670+0300: 531.007: [CMS-concurrent-preclean-start]
2016-06-27T18:45:34.680+0300: 531.017: [CMS-concurrent-preclean: 0.010/0.010 secs] [Times: user=0.06 sys=0.00, real=0.01 secs] 
2016-06-27T18:45:34.680+0300: 531.017: [CMS-concurrent-abortable-preclean-start]
2016-06-27T18:45:35.023+0300: 531.359: [GC (Allocation Failure) 2016-06-27T18:45:35.023+0300: 531.359: [ParNew
Desired survivor size 17432576 bytes, new threshold 1 (max 6)
- age   1:   34846848 bytes,   34846848 total
: 306688K->34048K(306688K), 0.0385368 secs] 4456213K->4450606K(5208832K), 0.0387087 secs] [Times: user=0.13 sys=0.00, real=0.04 secs] 
2016-06-27T18:45:35.062+0300: 531.398: Total time for which application threads were stopped: 0.0399694 seconds, Stopping threads took: 0.0008078 seconds
2016-06-27T18:45:35.390+0300: 531.727: [GC (Allocation Failure) 2016-06-27T18:45:35.390+0300: 531.727: [ParNew2016-06-27T18:45:35.422+0300: 531.758: [CMS-concurrent-abortable-preclean: 0.085/0.742 secs] [Times: user=2.84 sys=0.02, real=0.74 secs] 

Desired survivor size 17432576 bytes, new threshold 1 (max 6)
- age   1:   34845264 bytes,   34845264 total
: 305808K->34037K(306688K), 0.0379979 secs] 4722367K->4717630K(5208832K), 0.0381707 secs] [Times: user=0.19 sys=0.00, real=0.04 secs] 
2016-06-27T18:45:35.428+0300: 531.765: Total time for which application threads were stopped: 0.0392240 seconds, Stopping threads took: 0.0006890 seconds
2016-06-27T18:45:35.657+0300: 531.993: [GC (CMS Final Remark) [YG occupancy: 214477 K (306688 K)]2016-06-27T18:45:35.657+0300: 531.993: [Rescan (parallel) , 0.0042825 secs]2016-06-27T18:45:35.661+0300: 531.998: [weak refs processing, 0.0000231 secs]2016-06-27T18:45:35.661+0300: 531.998: [class unloading, 0.0023555 secs]2016-06-27T18:45:35.664+0300: 532.000: [scrub symbol table, 0.0013411 secs]2016-06-27T18:45:35.665+0300: 532.001: [scrub string table, 0.0003314 secs][1 CMS-remark: 4683592K(4902144K)] 4898070K(5208832K), 0.0086792 secs] [Times: user=0.06 sys=0.00, real=0.01 secs] 
2016-06-27T18:45:35.666+0300: 532.002: Total time for which application threads were stopped: 0.0113713 seconds, Stopping threads took: 0.0022661 seconds
2016-06-27T18:45:35.666+0300: 532.002: [CMS-concurrent-sweep-start]
2016-06-27T18:45:35.675+0300: 532.011: [CMS-concurrent-sweep: 0.009/0.009 secs] [Times: user=0.00 sys=0.00, real=0.01 secs] 
2016-06-27T18:45:35.675+0300: 532.011: [CMS-concurrent-reset-start]
2016-06-27T18:45:35.681+0300: 532.017: [CMS-concurrent-reset: 0.006/0.006 secs] [Times: user=0.06 sys=0.00, real=0.01 secs] 
2016-06-27T18:45:35.786+0300: 532.122: [GC (Allocation Failure) 2016-06-27T18:45:35.786+0300: 532.122: [ParNew
Desired survivor size 17432576 bytes, new threshold 1 (max 6)
- age   1:   34846808 bytes,   34846808 total
: 306397K->34043K(306688K), 0.0395858 secs] 4479922K->4474599K(5208832K), 0.0397569 secs] [Times: user=0.19 sys=0.00, real=0.04 secs] 
2016-06-27T18:45:35.826+0300: 532.162: Total time for which application threads were stopped: 0.0449803 seconds, Stopping threads took: 0.0047495 seconds
2016-06-27T18:45:35.826+0300: 532.162: [GC (CMS Initial Mark) [1 CMS-initial-mark: 4440556K(4902144K)] 4475599K(5208832K), 0.0004076 secs] [Times: user=0.00 sys=0.00, real=0.00 secs] 
2016-06-27T18:45:35.827+0300: 532.163: Total time for which application threads were stopped: 0.0008754 seconds, Stopping threads took: 0.0000663 seconds
2016-06-27T18:45:35.827+0300: 532.163: [CMS-concurrent-mark-start]
2016-06-27T18:45:35.878+0300: 532.214: [CMS-concurrent-mark: 0.052/0.052 secs] [Times: user=0.16 sys=0.00, real=0.05 secs] 
2016-06-27T18:45:35.878+0300: 532.215: [CMS-concurrent-preclean-start]
2016-06-27T18:45:35.888+0300: 532.225: [CMS-concurrent-preclean: 0.010/0.010 secs] [Times: user=0.06 sys=0.00, real=0.01 secs] 
2016-06-27T18:45:35.888+0300: 532.225: [CMS-concurrent-abortable-preclean-start]
2016-06-27T18:45:36.217+0300: 532.553: [GC (Allocation Failure) 2016-06-27T18:45:36.217+0300: 532.553: [ParNew2016-06-27T18:45:36.248+0300: 532.584: [CMS-concurrent-abortable-preclean: 0.032/0.360 secs] [Times: user=1.44 sys=0.00, real=0.36 secs] 

Desired survivor size 17432576 bytes, new threshold 1 (max 6)
- age   1:   34850616 bytes,   34850616 total
: 306683K->34048K(306688K), 0.0380069 secs] 4747239K->4741638K(5208832K), 0.0381536 secs] [Times: user=0.14 sys=0.00, real=0.04 secs] 
2016-06-27T18:45:36.255+0300: 532.591: Total time for which application threads were stopped: 0.0468316 seconds, Stopping threads took: 0.0082037 seconds
2016-06-27T18:45:36.255+0300: 532.592: [GC (CMS Final Remark) [YG occupancy: 35181 K (306688 K)]2016-06-27T18:45:36.255+0300: 532.592: [Rescan (parallel) , 0.0042706 secs]2016-06-27T18:45:36.260+0300: 532.596: [weak refs processing, 0.0000265 secs]2016-06-27T18:45:36.260+0300: 532.596: [class unloading, 0.0024103 secs]2016-06-27T18:45:36.262+0300: 532.598: [scrub symbol table, 0.0014352 secs]2016-06-27T18:45:36.264+0300: 532.600: [scrub string table, 0.0003293 secs][1 CMS-remark: 4707590K(4902144K)] 4742771K(5208832K), 0.0088944 secs] [Times: user=0.00 sys=0.00, real=0.01 secs] 
2016-06-27T18:45:36.264+0300: 532.601: Total time for which application threads were stopped: 0.0093395 seconds, Stopping threads took: 0.0000458 seconds
2016-06-27T18:45:36.588+0300: 532.925: [CMS-concurrent-sweep-start]
2016-06-27T18:45:36.595+0300: 532.932: [GC (Allocation Failure) 2016-06-27T18:45:36.596+0300: 532.932: [ParNew: 306433K->306433K(306688K), 0.0000329 secs]2016-06-27T18:45:36.596+0300: 532.932: [CMS2016-06-27T18:45:36.605+0300: 532.942: [CMS-concurrent-sweep: 0.009/0.017 secs] [Times: user=0.02 sys=0.00, real=0.02 secs] 
 (concurrent mode failure): 4707590K->3688478K(4902144K), 0.6775529 secs] 5014023K->3688478K(5208832K), [Metaspace: 9109K->9109K(1058816K)], 0.6779617 secs] [Times: user=0.69 sys=0.00, real=0.68 secs] 
2016-06-27T18:45:37.273+0300: 533.610: Total time for which application threads were stopped: 0.6847815 seconds, Stopping threads took: 0.0063498 seconds
2016-06-27T18:45:37.592+0300: 533.928: [GC (Allocation Failure) 2016-06-27T18:45:37.592+0300: 533.928: [ParNew
Desired survivor size 17432576 bytes, new threshold 1 (max 6)
- age   1:   34845048 bytes,   34845048 total
: 271959K->34040K(306688K), 0.0360235 secs] 3960438K->3955531K(5208832K), 0.0361629 secs] [Times: user=0.13 sys=0.00, real=0.04 secs] 
2016-06-27T18:45:37.628+0300: 533.964: Total time for which application threads were stopped: 0.0378850 seconds, Stopping threads took: 0.0012932 seconds
2016-06-27T18:45:37.809+0300: 534.145: Total time for which application threads were stopped: 0.0030611 seconds, Stopping threads took: 0.0019304 seconds
2016-06-27T18:45:37.976+0300: 534.313: [GC (Allocation Failure) 2016-06-27T18:45:37.976+0300: 534.313: [ParNew
Desired survivor size 17432576 bytes, new threshold 1 (max 6)
- age   1:   34853128 bytes,   34853128 total
: 306071K->34043K(306688K), 0.0380946 secs] 4227562K->4222566K(5208832K), 0.0382340 secs] [Times: user=0.09 sys=0.00, real=0.04 secs] 
2016-06-27T18:45:38.014+0300: 534.351: Total time for which application threads were stopped: 0.0390974 seconds, Stopping threads took: 0.0004148 seconds
2016-06-27T18:45:38.015+0300: 534.351: [GC (CMS Initial Mark) [1 CMS-initial-mark: 4188522K(4902144K)] 4223566K(5208832K), 0.0004050 secs] [Times: user=0.00 sys=0.00, real=0.00 secs] 
2016-06-27T18:45:38.015+0300: 534.352: Total time for which application threads were stopped: 0.0008553 seconds, Stopping threads took: 0.0000949 seconds
2016-06-27T18:45:38.015+0300: 534.352: [CMS-concurrent-mark-start]
2016-06-27T18:45:38.068+0300: 534.404: [CMS-concurrent-mark: 0.052/0.052 secs] [Times: user=0.25 sys=0.00, real=0.05 secs] 
2016-06-27T18:45:38.068+0300: 534.404: [CMS-concurrent-preclean-start]
2016-06-27T18:45:38.079+0300: 534.415: [CMS-concurrent-preclean: 0.010/0.010 secs] [Times: user=0.00 sys=0.00, real=0.01 secs] 
2016-06-27T18:45:38.079+0300: 534.415: [CMS-concurrent-abortable-preclean-start]
2016-06-27T18:45:38.210+0300: 534.546: Total time for which application threads were stopped: 0.0019360 seconds, Stopping threads took: 0.0006526 seconds
2016-06-27T18:45:38.457+0300: 534.793: [GC (Allocation Failure) 2016-06-27T18:45:38.457+0300: 534.794: [ParNew
Desired survivor size 17432576 bytes, new threshold 1 (max 6)
- age   1:   34855168 bytes,   34855168 total
: 306683K->34048K(306688K), 0.0382699 secs] 4495206K->4487613K(5208832K), 0.0384354 secs] [Times: user=0.17 sys=0.00, real=0.04 secs] 
2016-06-27T18:45:38.496+0300: 534.832: Total time for which application threads were stopped: 0.0395520 seconds, Stopping threads took: 0.0007244 seconds
2016-06-27T18:45:38.828+0300: 535.164: [GC (Allocation Failure) 2016-06-27T18:45:38.828+0300: 535.164: [ParNew2016-06-27T18:45:38.860+0300: 535.196: [CMS-concurrent-abortable-preclean: 0.098/0.781 secs] [Times: user=2.97 sys=0.02, real=0.78 secs] 

Desired survivor size 17432576 bytes, new threshold 1 (max 6)
- age   1:   34842680 bytes,   34842680 total
: 306386K->34037K(306688K), 0.0386570 secs] 4759952K->4754647K(5208832K), 0.0388212 secs] [Times: user=0.19 sys=0.00, real=0.04 secs] 
2016-06-27T18:45:38.867+0300: 535.203: Total time for which application threads were stopped: 0.0401499 seconds, Stopping threads took: 0.0009212 seconds
2016-06-27T18:45:39.198+0300: 535.534: [GC (Allocation Failure) 2016-06-27T18:45:39.198+0300: 535.535: [ParNew: 306326K->306326K(306688K), 0.0000235 secs]2016-06-27T18:45:39.198+0300: 535.535: [CMS (concurrent mode failure): 4720609K->3761485K(4902144K), 0.5711084 secs] 5026935K->3761485K(5208832K), [Metaspace: 9109K->9109K(1058816K)], 0.5712530 secs] [Times: user=0.56 sys=0.00, real=0.57 secs] 
2016-06-27T18:45:39.769+0300: 536.106: Total time for which application threads were stopped: 0.5722434 seconds, Stopping threads took: 0.0006821 seconds
2016-06-27T18:45:40.092+0300: 536.428: [GC (Allocation Failure) 2016-06-27T18:45:40.098+0300: 536.434: [ParNew
Desired survivor size 17432576 bytes, new threshold 1 (max 6)
- age   1:   34864880 bytes,   34864880 total
: 272434K->34048K(306688K), 0.0361560 secs] 4033919K->4028782K(5208832K), 0.0419858 secs] [Times: user=0.17 sys=0.00, real=0.04 secs] 
2016-06-27T18:45:40.134+0300: 536.470: Total time for which application threads were stopped: 0.0430400 seconds, Stopping threads took: 0.0006274 seconds
2016-06-27T18:45:40.453+0300: 536.790: [GC (Allocation Failure) 2016-06-27T18:45:40.453+0300: 536.790: [ParNew
Desired survivor size 17432576 bytes, new threshold 1 (max 6)
- age   1:   34852464 bytes,   34852464 total
: 305909K->34048K(306688K), 0.0380121 secs] 4300643K->4295839K(5208832K), 0.0381921 secs] [Times: user=0.19 sys=0.00, real=0.04 secs] 
2016-06-27T18:45:40.492+0300: 536.828: Total time for which application threads were stopped: 0.0395452 seconds, Stopping threads took: 0.0008643 seconds
2016-06-27T18:45:40.492+0300: 536.829: [GC (CMS Initial Mark) [1 CMS-initial-mark: 4261791K(4902144K)] 4296839K(5208832K), 0.0003939 secs] [Times: user=0.00 sys=0.00, real=0.00 secs] 
2016-06-27T18:45:40.492+0300: 536.829: Total time for which application threads were stopped: 0.0008031 seconds, Stopping threads took: 0.0000753 seconds
2016-06-27T18:45:40.492+0300: 536.829: [CMS-concurrent-mark-start]
2016-06-27T18:45:40.545+0300: 536.881: [CMS-concurrent-mark: 0.052/0.052 secs] [Times: user=0.17 sys=0.00, real=0.05 secs] 
2016-06-27T18:45:40.545+0300: 536.881: [CMS-concurrent-preclean-start]
2016-06-27T18:45:40.555+0300: 536.891: [CMS-concurrent-preclean: 0.010/0.010 secs] [Times: user=0.06 sys=0.00, real=0.01 secs] 
2016-06-27T18:45:40.555+0300: 536.891: [CMS-concurrent-abortable-preclean-start]
2016-06-27T18:45:40.714+0300: 537.050: Total time for which application threads were stopped: 0.0035440 seconds, Stopping threads took: 0.0019501 seconds
2016-06-27T18:45:40.896+0300: 537.233: [GC (Allocation Failure) 2016-06-27T18:45:40.896+0300: 537.233: [ParNew2016-06-27T18:45:40.936+0300: 537.272: [CMS-concurrent-abortable-preclean: 0.043/0.381 secs] [Times: user=1.42 sys=0.00, real=0.38 secs] 

Desired survivor size 17432576 bytes, new threshold 1 (max 6)
- age   1:   34852032 bytes,   34852032 total
: 306688K->34046K(306688K), 0.0397547 secs] 4568479K->4561880K(5208832K), 0.0398984 secs] [Times: user=0.13 sys=0.00, real=0.04 secs] 
2016-06-27T18:45:40.936+0300: 537.272: Total time for which application threads were stopped: 0.0410279 seconds, Stopping threads took: 0.0007317 seconds
2016-06-27T18:45:40.936+0300: 537.273: [GC (CMS Final Remark) [YG occupancy: 35048 K (306688 K)]2016-06-27T18:45:40.936+0300: 537.273: [Rescan (parallel) , 0.0042171 secs]2016-06-27T18:45:40.941+0300: 537.277: [weak refs processing, 0.0000252 secs]2016-06-27T18:45:40.941+0300: 537.277: [class unloading, 0.0020241 secs]2016-06-27T18:45:40.943+0300: 537.279: [scrub symbol table, 0.0011252 secs]2016-06-27T18:45:40.944+0300: 537.280: [scrub string table, 0.0003062 secs][1 CMS-remark: 4527834K(4902144K)] 4562882K(5208832K), 0.0079719 secs] [Times: user=0.02 sys=0.00, real=0.01 secs] 
2016-06-27T18:45:40.944+0300: 537.281: Total time for which application threads were stopped: 0.0084094 seconds, Stopping threads took: 0.0000791 seconds
2016-06-27T18:45:40.948+0300: 537.284: [CMS-concurrent-sweep-start]
2016-06-27T18:45:40.957+0300: 537.293: [CMS-concurrent-sweep: 0.009/0.009 secs] [Times: user=0.00 sys=0.00, real=0.01 secs] 
2016-06-27T18:45:40.957+0300: 537.293: [CMS-concurrent-reset-start]
2016-06-27T18:45:40.963+0300: 537.300: [CMS-concurrent-reset: 0.006/0.006 secs] [Times: user=0.06 sys=0.00, real=0.01 secs] 
2016-06-27T18:45:41.211+0300: 537.548: Total time for which application threads were stopped: 0.0021537 seconds, Stopping threads took: 0.0006885 seconds
2016-06-27T18:45:41.303+0300: 537.639: [GC (Allocation Failure) 2016-06-27T18:45:41.303+0300: 537.639: [ParNew
Desired survivor size 17432576 bytes, new threshold 1 (max 6)
- age   1:   34851088 bytes,   34851088 total
: 306686K->34048K(306688K), 0.0375493 secs] 4309234K->4302635K(5208832K), 0.0376811 secs] [Times: user=0.13 sys=0.00, real=0.04 secs] 
2016-06-27T18:45:41.341+0300: 537.677: Total time for which application threads were stopped: 0.0380916 seconds, Stopping threads took: 0.0001445 seconds
2016-06-27T18:45:41.341+0300: 537.677: [GC (CMS Initial Mark) [1 CMS-initial-mark: 4268587K(4902144K)] 4303735K(5208832K), 0.0003515 secs] [Times: user=0.00 sys=0.00, real=0.00 secs] 
2016-06-27T18:45:41.341+0300: 537.678: Total time for which application threads were stopped: 0.0006535 seconds, Stopping threads took: 0.0000697 seconds
2016-06-27T18:45:41.342+0300: 537.678: [CMS-concurrent-mark-start]
2016-06-27T18:45:41.393+0300: 537.730: [CMS-concurrent-mark: 0.052/0.052 secs] [Times: user=0.19 sys=0.00, real=0.05 secs] 
2016-06-27T18:45:41.393+0300: 537.730: [CMS-concurrent-preclean-start]
2016-06-27T18:45:41.403+0300: 537.740: [CMS-concurrent-preclean: 0.010/0.010 secs] [Times: user=0.06 sys=0.00, real=0.01 secs] 
2016-06-27T18:45:41.403+0300: 537.740: [CMS-concurrent-abortable-preclean-start]
2016-06-27T18:45:41.696+0300: 538.033: [GC (Allocation Failure) 2016-06-27T18:45:41.702+0300: 538.039: [ParNew2016-06-27T18:45:41.736+0300: 538.072: [CMS-concurrent-abortable-preclean: 0.032/0.333 secs] [Times: user=1.28 sys=0.00, real=0.33 secs] 

Desired survivor size 17432576 bytes, new threshold 1 (max 6)
- age   1:   34864248 bytes,   34864248 total
: 306363K->34048K(306688K), 0.0405224 secs] 4574950K->4569696K(5208832K), 0.0464762 secs] [Times: user=0.19 sys=0.00, real=0.05 secs] 
2016-06-27T18:45:41.743+0300: 538.079: Total time for which application threads were stopped: 0.0473927 seconds, Stopping threads took: 0.0005773 seconds
2016-06-27T18:45:41.743+0300: 538.080: [GC (CMS Final Remark) [YG occupancy: 35074 K (306688 K)]2016-06-27T18:45:41.743+0300: 538.080: [Rescan (parallel) , 0.0042402 secs]2016-06-27T18:45:41.747+0300: 538.084: [weak refs processing, 0.0000252 secs]2016-06-27T18:45:41.747+0300: 538.084: [class unloading, 0.0019445 secs]2016-06-27T18:45:41.749+0300: 538.086: [scrub symbol table, 0.0007403 secs]2016-06-27T18:45:41.750+0300: 538.087: [scrub string table, 0.0001946 secs][1 CMS-remark: 4535648K(4902144K)] 4570722K(5208832K), 0.0073809 secs] [Times: user=0.00 sys=0.00, real=0.01 secs] 
2016-06-27T18:45:41.751+0300: 538.087: Total time for which application threads were stopped: 0.0076666 seconds, Stopping threads took: 0.0000547 seconds
2016-06-27T18:45:41.751+0300: 538.087: [CMS-concurrent-sweep-start]
2016-06-27T18:45:41.753+0300: 538.096: [CMS-concurrent-sweep: 0.009/0.009 secs] [Times: user=0.00 sys=0.00, real=0.00 secs] 
2016-06-27T18:45:41.753+0300: 538.096: [CMS-concurrent-reset-start]
2016-06-27T18:45:41.753+0300: 538.102: [CMS-concurrent-reset: 0.006/0.006 secs] [Times: user=0.00 sys=0.00, real=0.00 secs] 
2016-06-27T18:45:42.074+0300: 538.410: [GC (Allocation Failure) 2016-06-27T18:45:42.074+0300: 538.410: [ParNew
Desired survivor size 17432576 bytes, new threshold 1 (max 6)
- age   1:   34854336 bytes,   34854336 total
: 305875K->34048K(306688K), 0.0382178 secs] 4406460K->4401696K(5208832K), 0.0383602 secs] [Times: user=0.13 sys=0.00, real=0.04 secs] 
2016-06-27T18:45:42.112+0300: 538.449: Total time for which application threads were stopped: 0.0397954 seconds, Stopping threads took: 0.0011175 seconds
2016-06-27T18:45:42.113+0300: 538.449: [GC (CMS Initial Mark) [1 CMS-initial-mark: 4367648K(4902144K)] 4402696K(5208832K), 0.0003524 secs] [Times: user=0.00 sys=0.00, real=0.00 secs] 
2016-06-27T18:45:42.113+0300: 538.449: Total time for which application threads were stopped: 0.0006470 seconds, Stopping threads took: 0.0000723 seconds
2016-06-27T18:45:42.113+0300: 538.449: [CMS-concurrent-mark-start]
2016-06-27T18:45:42.164+0300: 538.501: [CMS-concurrent-mark: 0.051/0.051 secs] [Times: user=0.25 sys=0.00, real=0.05 secs] 
2016-06-27T18:45:42.165+0300: 538.501: [CMS-concurrent-preclean-start]
2016-06-27T18:45:42.175+0300: 538.511: [CMS-concurrent-preclean: 0.010/0.010 secs] [Times: user=0.00 sys=0.00, real=0.01 secs] 
2016-06-27T18:45:42.175+0300: 538.511: [CMS-concurrent-abortable-preclean-start]
2016-06-27T18:45:42.212+0300: 538.548: Total time for which application threads were stopped: 0.0020344 seconds, Stopping threads took: 0.0003233 seconds
2016-06-27T18:45:42.474+0300: 538.810: [GC (Allocation Failure) 2016-06-27T18:45:42.474+0300: 538.810: [ParNew
Desired survivor size 17432576 bytes, new threshold 1 (max 6)
- age   1:   34855128 bytes,   34855128 total
: 306304K->34048K(306688K), 0.0382332 secs] 4673953K->4668738K(5208832K), 0.0383773 secs] [Times: user=0.13 sys=0.00, real=0.04 secs] 
2016-06-27T18:45:42.513+0300: 538.849: Total time for which application threads were stopped: 0.0400443 seconds, Stopping threads took: 0.0009293 seconds
2016-06-27T18:45:42.846+0300: 539.183: [GC (Allocation Failure) 2016-06-27T18:45:42.847+0300: 539.183: [ParNew: 306241K->306241K(306688K), 0.0000316 secs]2016-06-27T18:45:42.847+0300: 539.183: [CMS2016-06-27T18:45:42.847+0300: 539.184: [CMS-concurrent-abortable-preclean: 0.086/0.673 secs] [Times: user=2.63 sys=0.00, real=0.67 secs] 
 (concurrent mode failure): 4634690K->3735482K(4902144K), 0.6326278 secs] 4940932K->3735482K(5208832K), [Metaspace: 9109K->9109K(1058816K)], 0.6328031 secs] [Times: user=0.64 sys=0.00, real=0.63 secs] 
2016-06-27T18:45:43.479+0300: 539.816: Total time for which application threads were stopped: 0.6349076 seconds, Stopping threads took: 0.0016499 seconds
2016-06-27T18:45:43.742+0300: 540.079: Total time for which application threads were stopped: 0.0017192 seconds, Stopping threads took: 0.0003639 seconds
2016-06-27T18:45:43.879+0300: 540.215: [GC (Allocation Failure) 2016-06-27T18:45:43.879+0300: 540.215: [ParNew
Desired survivor size 17432576 bytes, new threshold 1 (max 6)
- age   1:   34853816 bytes,   34853816 total
: 272640K->34047K(306688K), 0.0354726 secs] 4008122K->4001542K(5208832K), 0.0356052 secs] [Times: user=0.19 sys=0.00, real=0.04 secs] 
2016-06-27T18:45:43.914+0300: 540.251: Total time for which application threads were stopped: 0.0360483 seconds, Stopping threads took: 0.0001651 seconds
2016-06-27T18:45:44.212+0300: 540.548: Total time for which application threads were stopped: 0.0019595 seconds, Stopping threads took: 0.0003969 seconds
2016-06-27T18:45:44.253+0300: 540.589: [GC (Allocation Failure) 2016-06-27T18:45:44.253+0300: 540.589: [ParNew
Desired survivor size 17432576 bytes, new threshold 1 (max 6)
- age   1:   34847472 bytes,   34847472 total
: 305823K->34046K(306688K), 0.0389183 secs] 4273317K->4267580K(5208832K), 0.0390709 secs] [Times: user=0.17 sys=0.02, real=0.04 secs] 
2016-06-27T18:45:44.292+0300: 540.628: Total time for which application threads were stopped: 0.0395576 seconds, Stopping threads took: 0.0001244 seconds
2016-06-27T18:45:44.292+0300: 540.629: [GC (CMS Initial Mark) [1 CMS-initial-mark: 4233533K(4902144K)] 4269700K(5208832K), 0.0003207 secs] [Times: user=0.00 sys=0.00, real=0.00 secs] 
2016-06-27T18:45:44.293+0300: 540.629: Total time for which application threads were stopped: 0.0006269 seconds, Stopping threads took: 0.0001180 seconds
2016-06-27T18:45:44.293+0300: 540.629: [CMS-concurrent-mark-start]
2016-06-27T18:45:44.344+0300: 540.681: [CMS-concurrent-mark: 0.052/0.052 secs] [Times: user=0.19 sys=0.00, real=0.05 secs] 
2016-06-27T18:45:44.344+0300: 540.681: [CMS-concurrent-preclean-start]
2016-06-27T18:45:44.354+0300: 540.691: [CMS-concurrent-preclean: 0.010/0.010 secs] [Times: user=0.06 sys=0.00, real=0.01 secs] 
2016-06-27T18:45:44.354+0300: 540.691: [CMS-concurrent-abortable-preclean-start]
2016-06-27T18:45:44.628+0300: 540.965: [GC (Allocation Failure) 2016-06-27T18:45:44.628+0300: 540.965: [ParNew
Desired survivor size 17432576 bytes, new threshold 1 (max 6)
- age   1:   34849968 bytes,   34849968 total
: 306121K->34048K(306688K), 0.0412635 secs] 4539654K->4534618K(5208832K), 0.0413987 secs] [Times: user=0.19 sys=0.00, real=0.04 secs] 
2016-06-27T18:45:44.670+0300: 541.006: Total time for which application threads were stopped: 0.0425713 seconds, Stopping threads took: 0.0008010 seconds
2016-06-27T18:45:45.013+0300: 541.349: [CMS-concurrent-abortable-preclean: 0.076/0.659 secs] [Times: user=2.56 sys=0.00, real=0.66 secs] 
2016-06-27T18:45:45.025+0300: 541.361: [GC (Allocation Failure) 2016-06-27T18:45:45.025+0300: 541.361: [ParNew
Desired survivor size 17432576 bytes, new threshold 1 (max 6)
- age   1:   34862424 bytes,   34862424 total
: 306456K->34048K(306688K), 0.0396889 secs] 4807026K->4801696K(5208832K), 0.0398463 secs] [Times: user=0.13 sys=0.00, real=0.04 secs] 
2016-06-27T18:45:45.065+0300: 541.401: Total time for which application threads were stopped: 0.0415077 seconds, Stopping threads took: 0.0012500 seconds
2016-06-27T18:45:45.213+0300: 541.549: Total time for which application threads were stopped: 0.0020532 seconds, Stopping threads took: 0.0004790 seconds
2016-06-27T18:45:45.423+0300: 541.759: [GC (Allocation Failure) 2016-06-27T18:45:45.423+0300: 541.759: [ParNew: 306653K->306653K(306688K), 0.0000359 secs]2016-06-27T18:45:45.423+0300: 541.759: [CMS (concurrent mode failure): 4767648K->3929498K(4902144K), 0.6422586 secs] 5074302K->3929498K(5208832K), [Metaspace: 9109K->9109K(1058816K)], 0.6424574 secs] [Times: user=0.64 sys=0.00, real=0.64 secs] 
2016-06-27T18:45:46.065+0300: 542.402: Total time for which application threads were stopped: 0.6449631 seconds, Stopping threads took: 0.0020908 seconds
2016-06-27T18:45:46.382+0300: 542.719: [GC (Allocation Failure) 2016-06-27T18:45:46.382+0300: 542.719: [ParNew
Desired survivor size 17432576 bytes, new threshold 1 (max 6)
- age   1:   34850736 bytes,   34850736 total
: 272370K->34048K(306688K), 0.0349210 secs] 4201868K->4196558K(5208832K), 0.0350501 secs] [Times: user=0.13 sys=0.00, real=0.04 secs] 
2016-06-27T18:45:46.418+0300: 542.754: Total time for which application threads were stopped: 0.0361928 seconds, Stopping threads took: 0.0007330 seconds
2016-06-27T18:45:46.737+0300: 543.073: [GC (Allocation Failure) 2016-06-27T18:45:46.737+0300: 543.073: [ParNew
Desired survivor size 17432576 bytes, new threshold 1 (max 6)
- age   1:   34849792 bytes,   34849792 total
: 306131K->34048K(306688K), 0.0392638 secs] 4468641K->4463595K(5208832K), 0.0394096 secs] [Times: user=0.19 sys=0.00, real=0.04 secs] 
2016-06-27T18:45:46.777+0300: 543.113: Total time for which application threads were stopped: 0.0404629 seconds, Stopping threads took: 0.0005825 seconds
2016-06-27T18:45:47.154+0300: 543.491: Total time for which application threads were stopped: 0.0019715 seconds, Stopping threads took: 0.0016191 seconds
2016-06-27T18:45:47.208+0300: 543.544: [GC (Allocation Failure) 2016-06-27T18:45:47.208+0300: 543.544: [ParNew
Desired survivor size 17432576 bytes, new threshold 1 (max 6)
- age   1:   33863136 bytes,   33863136 total
: 306688K->33091K(306688K), 0.0380339 secs] 4736235K->4730675K(5208832K), 0.0382041 secs] [Times: user=0.13 sys=0.00, real=0.04 secs] 
2016-06-27T18:45:47.246+0300: 543.582: Total time for which application threads were stopped: 0.0386565 seconds, Stopping threads took: 0.0000847 seconds
2016-06-27T18:45:47.552+0300: 543.889: [GC (Allocation Failure) 2016-06-27T18:45:47.558+0300: 543.895: [ParNew: 304943K->304943K(306688K), 0.0000513 secs]2016-06-27T18:45:47.558+0300: 543.895: [CMS: 4697583K->3947495K(4902144K), 0.6023956 secs] 5002527K->3947495K(5208832K), [Metaspace: 9109K->9109K(1058816K)], 0.6085252 secs] [Times: user=0.61 sys=0.00, real=0.61 secs] 
2016-06-27T18:45:48.161+0300: 544.497: Total time for which application threads were stopped: 0.6097269 seconds, Stopping threads took: 0.0008947 seconds
2016-06-27T18:45:48.232+0300: 544.569: Total time for which application threads were stopped: 0.0009836 seconds, Stopping threads took: 0.0001416 seconds
2016-06-27T18:45:48.516+0300: 544.852: [GC (Allocation Failure) 2016-06-27T18:45:48.516+0300: 544.852: [ParNew
Desired survivor size 17432576 bytes, new threshold 1 (max 6)
- age   1:   33853680 bytes,   33853680 total
: 272282K->33075K(306688K), 0.0348320 secs] 4219777K->4212582K(5208832K), 0.0349787 secs] [Times: user=0.13 sys=0.00, real=0.04 secs] 
2016-06-27T18:45:48.551+0300: 544.887: Total time for which application threads were stopped: 0.0358007 seconds, Stopping threads took: 0.0004820 seconds
2016-06-27T18:45:48.865+0300: 545.201: [GC (Allocation Failure) 2016-06-27T18:45:48.865+0300: 545.201: [ParNew
Desired survivor size 17432576 bytes, new threshold 1 (max 6)
- age   1:   33829888 bytes,   33829888 total
: 305120K->33060K(306688K), 0.0391103 secs] 4484627K->4479635K(5208832K), 0.0392629 secs] [Times: user=0.13 sys=0.00, real=0.04 secs] 
2016-06-27T18:45:48.904+0300: 545.240: Total time for which application threads were stopped: 0.0404270 seconds, Stopping threads took: 0.0007373 seconds
2016-06-27T18:45:49.227+0300: 545.563: [GC (Allocation Failure) 2016-06-27T18:45:49.227+0300: 545.563: [ParNew
Desired survivor size 17432576 bytes, new threshold 1 (max 6)
- age   1:   34851712 bytes,   34851712 total
: 305481K->34048K(306688K), 0.0388212 secs] 4752056K->4746665K(5208832K), 0.0390038 secs] [Times: user=0.13 sys=0.00, real=0.04 secs] 
2016-06-27T18:45:49.266+0300: 545.602: Total time for which application threads were stopped: 0.0405472 seconds, Stopping threads took: 0.0010948 seconds
2016-06-27T18:45:49.418+0300: 545.755: Total time for which application threads were stopped: 0.0019912 seconds, Stopping threads took: 0.0006791 seconds
2016-06-27T18:45:49.658+0300: 545.994: [GC (CMS Initial Mark) [1 CMS-initial-mark: 4712617K(4902144K)] 5019305K(5208832K), 0.0008908 secs] [Times: user=0.00 sys=0.00, real=0.00 secs] 
2016-06-27T18:45:49.659+0300: 545.995: Total time for which application threads were stopped: 0.0015537 seconds, Stopping threads took: 0.0003374 seconds
2016-06-27T18:45:49.659+0300: 545.995: [CMS-concurrent-mark-start]
2016-06-27T18:45:49.660+0300: 545.996: [GC (Allocation Failure) 2016-06-27T18:45:49.660+0300: 545.997: [ParNew: 306688K->306688K(306688K), 0.0000364 secs]2016-06-27T18:45:49.660+0300: 545.997: [CMS2016-06-27T18:45:49.700+0300: 546.036: [CMS-concurrent-mark: 0.040/0.041 secs] [Times: user=0.05 sys=0.00, real=0.04 secs] 
 (concurrent mode failure): 4712617K->3797484K(4902144K), 0.6736236 secs] 5019305K->3797484K(5208832K), [Metaspace: 9109K->9109K(1058816K)], 0.6738028 secs] [Times: user=0.69 sys=0.00, real=0.67 secs] 
2016-06-27T18:45:50.334+0300: 546.670: Total time for which application threads were stopped: 0.6742018 seconds, Stopping threads took: 0.0000603 seconds
2016-06-27T18:45:50.644+0300: 546.981: [GC (Allocation Failure) 2016-06-27T18:45:50.644+0300: 546.981: [ParNew
Desired survivor size 17432576 bytes, new threshold 1 (max 6)
- age   1:   34848136 bytes,   34848136 total
: 272067K->34036K(306688K), 0.0357014 secs] 4069552K->4064533K(5208832K), 0.0358208 secs] [Times: user=0.19 sys=0.00, real=0.04 secs] 
2016-06-27T18:45:50.680+0300: 547.017: Total time for which application threads were stopped: 0.0366594 seconds, Stopping threads took: 0.0005414 seconds
2016-06-27T18:45:50.997+0300: 547.333: [GC (Allocation Failure) 2016-06-27T18:45:50.997+0300: 547.333: [ParNew
Desired survivor size 17432576 bytes, new threshold 1 (max 6)
- age   1:   34850936 bytes,   34850936 total
: 305677K->34048K(306688K), 0.0376870 secs] 4336174K->4330579K(5208832K), 0.0379359 secs] [Times: user=0.13 sys=0.00, real=0.04 secs] 
2016-06-27T18:45:51.035+0300: 547.371: Total time for which application threads were stopped: 0.0390448 seconds, Stopping threads took: 0.0007420 seconds
2016-06-27T18:45:51.284+0300: 547.621: Total time for which application threads were stopped: 0.0042958 seconds, Stopping threads took: 0.0030646 seconds
2016-06-27T18:45:51.465+0300: 547.802: [GC (Allocation Failure) 2016-06-27T18:45:51.465+0300: 547.802: [ParNew
Desired survivor size 17432576 bytes, new threshold 1 (max 6)
- age   1:   34855080 bytes,   34855080 total
: 306688K->34048K(306688K), 0.0411391 secs] 4603219K->4596616K(5208832K), 0.0413183 secs] [Times: user=0.19 sys=0.00, real=0.04 secs] 
2016-06-27T18:45:51.507+0300: 547.843: Total time for which application threads were stopped: 0.0423874 seconds, Stopping threads took: 0.0006616 seconds
2016-06-27T18:45:51.877+0300: 548.214: [GC (Allocation Failure) 2016-06-27T18:45:51.878+0300: 548.214: [ParNew
Desired survivor size 17432576 bytes, new threshold 1 (max 6)
- age   1:   34852928 bytes,   34852928 total
: 306054K->34046K(306688K), 0.0389054 secs] 4868622K->4861654K(5208832K), 0.0390889 secs] [Times: user=0.19 sys=0.00, real=0.04 secs] 
2016-06-27T18:45:51.917+0300: 548.253: Total time for which application threads were stopped: 0.0424571 seconds, Stopping threads took: 0.0029132 seconds
2016-06-27T18:45:52.246+0300: 548.582: Total time for which application threads were stopped: 0.0059957 seconds, Stopping threads took: 0.0047555 seconds
2016-06-27T18:45:52.359+0300: 548.695: [GC (Allocation Failure) 2016-06-27T18:45:52.359+0300: 548.695: [ParNew: 306686K->306686K(306688K), 0.0000398 secs]2016-06-27T18:45:52.359+0300: 548.695: [CMS: 4827608K->3596474K(4902144K), 0.6861881 secs] 5134294K->3596474K(5208832K), [Metaspace: 9109K->9109K(1058816K)], 0.6863899 secs] [Times: user=0.69 sys=0.00, real=0.69 secs] 
2016-06-27T18:45:53.045+0300: 549.382: Total time for which application threads were stopped: 0.6872042 seconds, Stopping threads took: 0.0004555 seconds
2016-06-27T18:45:53.272+0300: 549.609: Total time for which application threads were stopped: 0.0033139 seconds, Stopping threads took: 0.0017808 seconds
2016-06-27T18:45:53.393+0300: 549.729: [GC (Allocation Failure) 2016-06-27T18:45:53.399+0300: 549.735: [ParNew
Desired survivor size 17432576 bytes, new threshold 1 (max 6)
- age   1:   34849472 bytes,   34849472 total
: 272397K->34045K(306688K), 0.0357053 secs] 3868872K->3864531K(5208832K), 0.0419221 secs] [Times: user=0.13 sys=0.00, real=0.04 secs] 
2016-06-27T18:45:53.435+0300: 549.771: Total time for which application threads were stopped: 0.0427218 seconds, Stopping threads took: 0.0004576 seconds
2016-06-27T18:45:53.744+0300: 550.081: [GC (Allocation Failure) 2016-06-27T18:45:53.744+0300: 550.081: [ParNew
Desired survivor size 17432576 bytes, new threshold 1 (max 6)
- age   1:   34852056 bytes,   34852056 total
: 305708K->34048K(306688K), 0.0381840 secs] 4136195K->4126569K(5208832K), 0.0383067 secs] [Times: user=0.13 sys=0.00, real=0.04 secs] 
2016-06-27T18:45:53.782+0300: 550.119: Total time for which application threads were stopped: 0.0391642 seconds, Stopping threads took: 0.0005209 seconds
2016-06-27T18:45:54.096+0300: 550.432: [GC (Allocation Failure) 2016-06-27T18:45:54.096+0300: 550.432: [ParNew
Desired survivor size 17432576 bytes, new threshold 1 (max 6)
- age   1:   34850752 bytes,   34850752 total
: 306118K->34048K(306688K), 0.0421637 secs] 4398639K->4393608K(5208832K), 0.0422916 secs] [Times: user=0.19 sys=0.00, real=0.04 secs] 
2016-06-27T18:45:54.138+0300: 550.475: Total time for which application threads were stopped: 0.0430049 seconds, Stopping threads took: 0.0004242 seconds
2016-06-27T18:45:54.392+0300: 550.729: Total time for which application threads were stopped: 0.0014827 seconds, Stopping threads took: 0.0004311 seconds
2016-06-27T18:45:54.525+0300: 550.861: [GC (Allocation Failure) 2016-06-27T18:45:54.525+0300: 550.861: [ParNew
Desired survivor size 17432576 bytes, new threshold 1 (max 6)
- age   1:   34855160 bytes,   34855160 total
: 306688K->34048K(306688K), 0.0379188 secs] 4666248K->4659644K(5208832K), 0.0380553 secs] [Times: user=0.13 sys=0.00, real=0.04 secs] 
2016-06-27T18:45:54.563+0300: 550.899: Total time for which application threads were stopped: 0.0387002 seconds, Stopping threads took: 0.0003019 seconds
2016-06-27T18:45:54.880+0300: 551.216: [GC (Allocation Failure) 2016-06-27T18:45:54.886+0300: 551.222: [ParNew: 305709K->305709K(306688K), 0.0000282 secs]2016-06-27T18:45:54.886+0300: 551.222: [CMS: 4625596K->3699482K(4902144K), 0.6091906 secs] 4931306K->3699482K(5208832K), [Metaspace: 9109K->9109K(1058816K)], 0.6151851 secs] [Times: user=0.61 sys=0.00, real=0.61 secs] 
2016-06-27T18:45:55.495+0300: 551.831: Total time for which application threads were stopped: 0.6160737 seconds, Stopping threads took: 0.0006154 seconds
2016-06-27T18:45:55.497+0300: 551.834: Total time for which application threads were stopped: 0.0007604 seconds, Stopping threads took: 0.0000646 seconds
2016-06-27T18:45:55.857+0300: 552.193: [GC (Allocation Failure) 2016-06-27T18:45:55.857+0300: 552.193: [ParNew
Desired survivor size 17432576 bytes, new threshold 1 (max 6)
- age   1:   34855272 bytes,   34855272 total
: 272640K->34046K(306688K), 0.0353379 secs] 3972122K->3965542K(5208832K), 0.0355137 secs] [Times: user=0.13 sys=0.00, real=0.03 secs] 
2016-06-27T18:45:55.892+0300: 552.228: Total time for which application threads were stopped: 0.0374882 seconds, Stopping threads took: 0.0015378 seconds
2016-06-27T18:45:56.217+0300: 552.554: [GC (Allocation Failure) 2016-06-27T18:45:56.217+0300: 552.554: [ParNew
Desired survivor size 17432576 bytes, new threshold 1 (max 6)
- age   1:   34842880 bytes,   34842880 total
: 306270K->34038K(306688K), 0.0387066 secs] 4237766K->4232575K(5208832K), 0.0388875 secs] [Times: user=0.19 sys=0.00, real=0.04 secs] 
2016-06-27T18:45:56.256+0300: 552.593: Total time for which application threads were stopped: 0.0416668 seconds, Stopping threads took: 0.0023534 seconds
2016-06-27T18:45:56.566+0300: 552.903: [GC (Allocation Failure) 2016-06-27T18:45:56.566+0300: 552.903: [ParNew
Desired survivor size 17432576 bytes, new threshold 1 (max 6)
- age   1:   34864224 bytes,   34864224 total
: 305685K->34048K(306688K), 0.0388819 secs] 4504223K->4498793K(5208832K), 0.0390466 secs] [Times: user=0.19 sys=0.00, real=0.04 secs] 
2016-06-27T18:45:56.605+0300: 552.942: Total time for which application threads were stopped: 0.0434634 seconds, Stopping threads took: 0.0039592 seconds
2016-06-27T18:45:56.914+0300: 553.251: [GC (Allocation Failure) 2016-06-27T18:45:56.914+0300: 553.251: [ParNew
Desired survivor size 17432576 bytes, new threshold 1 (max 6)
- age   1:   34852632 bytes,   34852632 total
: 305858K->34048K(306688K), 0.0379355 secs] 4770604K->4765851K(5208832K), 0.0380997 secs] [Times: user=0.13 sys=0.00, real=0.04 secs] 
2016-06-27T18:45:56.952+0300: 553.289: Total time for which application threads were stopped: 0.0407910 seconds, Stopping threads took: 0.0021904 seconds
2016-06-27T18:45:57.273+0300: 553.609: [GC (Allocation Failure) 2016-06-27T18:45:57.277+0300: 553.614: [ParNew: 305779K->305779K(306688K), 0.0000513 secs]2016-06-27T18:45:57.277+0300: 553.614: [CMS: 4731803K->3847492K(4902144K), 0.6317310 secs] 5037582K->3847492K(5208832K), [Metaspace: 9109K->9109K(1058816K)], 0.6361341 secs] [Times: user=0.63 sys=0.00, real=0.64 secs] 
2016-06-27T18:45:57.909+0300: 554.245: Total time for which application threads were stopped: 0.6390871 seconds, Stopping threads took: 0.0024590 seconds
2016-06-27T18:45:58.274+0300: 554.611: Total time for which application threads were stopped: 0.0019001 seconds, Stopping threads took: 0.0006475 seconds
2016-06-27T18:45:58.350+0300: 554.686: [GC (Allocation Failure) 2016-06-27T18:45:58.350+0300: 554.687: [ParNew
Desired survivor size 17432576 bytes, new threshold 1 (max 6)
- age   1:   34856552 bytes,   34856552 total
: 272640K->34046K(306688K), 0.0346096 secs] 4120132K->4113551K(5208832K), 0.0349278 secs] [Times: user=0.13 sys=0.00, real=0.04 secs] 
2016-06-27T18:45:58.385+0300: 554.721: Total time for which application threads were stopped: 0.0354218 seconds, Stopping threads took: 0.0000919 seconds
2016-06-27T18:45:58.694+0300: 555.030: [GC (Allocation Failure) 2016-06-27T18:45:58.694+0300: 555.030: [ParNew
Desired survivor size 17432576 bytes, new threshold 1 (max 6)
- age   1:   34844984 bytes,   34844984 total
: 305917K->34039K(306688K), 0.0382952 secs] 4385422K->4379584K(5208832K), 0.0384342 secs] [Times: user=0.13 sys=0.00, real=0.04 secs] 
2016-06-27T18:45:58.732+0300: 555.069: Total time for which application threads were stopped: 0.0403107 seconds, Stopping threads took: 0.0014592 seconds
2016-06-27T18:45:59.051+0300: 555.387: [GC (Allocation Failure) 2016-06-27T18:45:59.051+0300: 555.387: [ParNew
Desired survivor size 17432576 bytes, new threshold 1 (max 6)
- age   1:   34842688 bytes,   34842688 total
: 306241K->34038K(306688K), 0.0396927 secs] 4651786K->4646614K(5208832K), 0.0398369 secs] [Times: user=0.19 sys=0.00, real=0.04 secs] 
2016-06-27T18:45:59.091+0300: 555.427: Total time for which application threads were stopped: 0.0418511 seconds, Stopping threads took: 0.0015853 seconds
2016-06-27T18:45:59.248+0300: 555.584: Total time for which application threads were stopped: 0.0023645 seconds, Stopping threads took: 0.0013976 seconds
2016-06-27T18:45:59.437+0300: 555.774: [GC (Allocation Failure) 2016-06-27T18:45:59.437+0300: 555.774: [ParNew: 306611K->306611K(306688K), 0.0000308 secs]2016-06-27T18:45:59.437+0300: 555.774: [CMS: 4612576K->3953495K(4902144K), 0.6120863 secs] 4919187K->3953495K(5208832K), [Metaspace: 9109K->9109K(1058816K)], 0.6122749 secs] [Times: user=0.61 sys=0.00, real=0.61 secs] 
2016-06-27T18:46:00.050+0300: 556.386: Total time for which application threads were stopped: 0.6143759 seconds, Stopping threads took: 0.0016820 seconds
2016-06-27T18:46:00.246+0300: 556.583: Total time for which application threads were stopped: 0.0009956 seconds, Stopping threads took: 0.0003627 seconds
2016-06-27T18:46:00.255+0300: 556.591: Total time for which application threads were stopped: 0.0003327 seconds, Stopping threads took: 0.0000966 seconds
2016-06-27T18:46:00.418+0300: 556.754: [GC (Allocation Failure) 2016-06-27T18:46:00.418+0300: 556.754: [ParNew
Desired survivor size 17432576 bytes, new threshold 1 (max 6)
- age   1:   34857192 bytes,   34857192 total
: 272640K->34047K(306688K), 0.0339515 secs] 4226135K->4219555K(5208832K), 0.0340819 secs] [Times: user=0.13 sys=0.00, real=0.03 secs] 
2016-06-27T18:46:00.452+0300: 556.788: Total time for which application threads were stopped: 0.0345091 seconds, Stopping threads took: 0.0001865 seconds
2016-06-27T18:46:00.763+0300: 557.099: [GC (Allocation Failure) 2016-06-27T18:46:00.763+0300: 557.099: [ParNew
Desired survivor size 17432576 bytes, new threshold 1 (max 6)
- age   1:   34846568 bytes,   34846568 total
: 305791K->34037K(306688K), 0.0380086 secs] 4491299K->4486588K(5208832K), 0.0381895 secs] [Times: user=0.14 sys=0.00, real=0.04 secs] 
2016-06-27T18:46:00.801+0300: 557.138: Total time for which application threads were stopped: 0.0392069 seconds, Stopping threads took: 0.0006603 seconds
2016-06-27T18:46:01.118+0300: 557.454: [GC (Allocation Failure) 2016-06-27T18:46:01.118+0300: 557.454: [ParNew
Desired survivor size 17432576 bytes, new threshold 1 (max 6)
- age   1:   34851288 bytes,   34851288 total
: 306346K->34047K(306688K), 0.0383033 secs] 4758898K->4753631K(5208832K), 0.0384034 secs] [Times: user=0.13 sys=0.00, real=0.04 secs] 
2016-06-27T18:46:01.157+0300: 557.493: Total time for which application threads were stopped: 0.0396474 seconds, Stopping threads took: 0.0009353 seconds
2016-06-27T18:46:01.247+0300: 557.583: Total time for which application threads were stopped: 0.0013001 seconds, Stopping threads took: 0.0002365 seconds
2016-06-27T18:46:01.499+0300: 557.835: [GC (Allocation Failure) 2016-06-27T18:46:01.499+0300: 557.835: [ParNew: 306238K->306238K(306688K), 0.0001321 secs]2016-06-27T18:46:01.499+0300: 557.835: [CMS: 4719584K->3835487K(4902144K), 0.5980117 secs] 5025822K->3835487K(5208832K), [Metaspace: 9109K->9109K(1058816K)], 0.5982979 secs] [Times: user=0.59 sys=0.00, real=0.60 secs] 
2016-06-27T18:46:02.097+0300: 558.433: Total time for which application threads were stopped: 0.5998425 seconds, Stopping threads took: 0.0011033 seconds
2016-06-27T18:46:02.247+0300: 558.584: Total time for which application threads were stopped: 0.0015066 seconds, Stopping threads took: 0.0003212 seconds
2016-06-27T18:46:02.443+0300: 558.780: [GC (Allocation Failure) 2016-06-27T18:46:02.443+0300: 558.780: [ParNew
Desired survivor size 17432576 bytes, new threshold 1 (max 6)
- age   1:   34849400 bytes,   34849400 total
: 272640K->34042K(306688K), 0.0349329 secs] 4108127K->4101541K(5208832K), 0.0350677 secs] [Times: user=0.13 sys=0.00, real=0.03 secs] 
2016-06-27T18:46:02.478+0300: 558.815: Total time for which application threads were stopped: 0.0356429 seconds, Stopping threads took: 0.0002733 seconds
2016-06-27T18:46:02.790+0300: 559.126: [GC (Allocation Failure) 2016-06-27T18:46:02.790+0300: 559.126: [ParNew
Desired survivor size 17432576 bytes, new threshold 1 (max 6)
- age   1:   34848584 bytes,   34848584 total
: 306214K->34041K(306688K), 0.0390808 secs] 4373713K->4368578K(5208832K), 0.0392570 secs] [Times: user=0.13 sys=0.00, real=0.04 secs] 
2016-06-27T18:46:02.829+0300: 559.165: Total time for which application threads were stopped: 0.0406990 seconds, Stopping threads took: 0.0010046 seconds
2016-06-27T18:46:03.139+0300: 559.475: [GC (Allocation Failure) 2016-06-27T18:46:03.139+0300: 559.475: [ParNew
Desired survivor size 17432576 bytes, new threshold 1 (max 6)
- age   1:   34862816 bytes,   34862816 total
: 305755K->34047K(306688K), 0.0389837 secs] 4640293K->4634771K(5208832K), 0.0391731 secs] [Times: user=0.19 sys=0.00, real=0.04 secs] 
2016-06-27T18:46:03.184+0300: 559.521: Total time for which application threads were stopped: 0.0467691 seconds, Stopping threads took: 0.0009165 seconds
2016-06-27T18:46:03.249+0300: 559.585: Total time for which application threads were stopped: 0.0027986 seconds, Stopping threads took: 0.0015494 seconds
2016-06-27T18:46:03.572+0300: 559.908: [GC (CMS Initial Mark) [1 CMS-initial-mark: 4600723K(4902144K)] 4907411K(5208832K), 0.0009182 secs] [Times: user=0.00 sys=0.00, real=0.00 secs] 
2016-06-27T18:46:03.573+0300: 559.909: Total time for which application threads were stopped: 0.0047273 seconds, Stopping threads took: 0.0034670 seconds
2016-06-27T18:46:03.573+0300: 559.909: [CMS-concurrent-mark-start]
2016-06-27T18:46:03.574+0300: 559.910: [GC (Allocation Failure) 2016-06-27T18:46:03.574+0300: 559.910: [ParNew: 306687K->306687K(306688K), 0.0000334 secs]2016-06-27T18:46:03.574+0300: 559.910: [CMS2016-06-27T18:46:03.621+0300: 559.957: [CMS-concurrent-mark: 0.047/0.048 secs] [Times: user=0.05 sys=0.00, real=0.05 secs] 
 (concurrent mode failure): 4600723K->3819483K(4902144K), 0.6808634 secs] 4907411K->3819483K(5208832K), [Metaspace: 9109K->9109K(1058816K)], 0.6810361 secs] [Times: user=0.69 sys=0.00, real=0.68 secs] 
2016-06-27T18:46:04.255+0300: 560.591: Total time for which application threads were stopped: 0.6814463 seconds, Stopping threads took: 0.0000470 seconds
2016-06-27T18:46:04.565+0300: 560.902: [GC (Allocation Failure) 2016-06-27T18:46:04.565+0300: 560.902: [ParNew
Desired survivor size 17432576 bytes, new threshold 1 (max 6)
- age   1:   34849152 bytes,   34849152 total
: 272233K->34042K(306688K), 0.0353093 secs] 4091717K->4086537K(5208832K), 0.0354547 secs] [Times: user=0.19 sys=0.00, real=0.04 secs] 
2016-06-27T18:46:04.601+0300: 560.937: Total time for which application threads were stopped: 0.0363707 seconds, Stopping threads took: 0.0006090 seconds
2016-06-27T18:46:04.911+0300: 561.248: [GC (Allocation Failure) 2016-06-27T18:46:04.911+0300: 561.248: [ParNew
Desired survivor size 17432576 bytes, new threshold 1 (max 6)
- age   1:   34852480 bytes,   34852480 total
: 306653K->34048K(306688K), 0.0395751 secs] 4359149K->4353580K(5208832K), 0.0397107 secs] [Times: user=0.13 sys=0.00, real=0.04 secs] 
2016-06-27T18:46:04.951+0300: 561.288: Total time for which application threads were stopped: 0.0407657 seconds, Stopping threads took: 0.0007266 seconds
2016-06-27T18:46:05.269+0300: 561.605: [GC (Allocation Failure) 2016-06-27T18:46:05.269+0300: 561.605: [ParNew
Desired survivor size 17432576 bytes, new threshold 1 (max 6)
- age   1:   34850488 bytes,   34850488 total
: 305784K->34048K(306688K), 0.0385244 secs] 4625316K->4619619K(5208832K), 0.0386505 secs] [Times: user=0.19 sys=0.00, real=0.04 secs] 
2016-06-27T18:46:05.307+0300: 561.644: Total time for which application threads were stopped: 0.0395495 seconds, Stopping threads took: 0.0005568 seconds
2016-06-27T18:46:05.560+0300: 561.897: Total time for which application threads were stopped: 0.0015447 seconds, Stopping threads took: 0.0005525 seconds
2016-06-27T18:46:05.720+0300: 562.057: [GC (Allocation Failure) 2016-06-27T18:46:05.720+0300: 562.057: [ParNew
Desired survivor size 17432576 bytes, new threshold 1 (max 6)
- age   1:   34863992 bytes,   34863992 total
: 306688K->34048K(306688K), 0.0388323 secs] 4892259K->4885701K(5208832K), 0.0390098 secs] [Times: user=0.19 sys=0.00, real=0.04 secs] 
2016-06-27T18:46:05.759+0300: 562.096: Total time for which application threads were stopped: 0.0397034 seconds, Stopping threads took: 0.0003417 seconds
2016-06-27T18:46:06.095+0300: 562.431: [GC (Allocation Failure) 2016-06-27T18:46:06.095+0300: 562.431: [ParNew: 305988K->305988K(306688K), 0.0000321 secs]2016-06-27T18:46:06.095+0300: 562.432: [CMS: 4851653K->3711479K(4902144K), 0.5915401 secs] 5157642K->3711479K(5208832K), [Metaspace: 9109K->9109K(1058816K)], 0.5917162 secs] [Times: user=0.59 sys=0.00, real=0.59 secs] 
2016-06-27T18:46:06.687+0300: 563.023: Total time for which application threads were stopped: 0.5932490 seconds, Stopping threads took: 0.0011564 seconds
2016-06-27T18:46:06.689+0300: 563.026: Total time for which application threads were stopped: 0.0008125 seconds, Stopping threads took: 0.0000787 seconds
2016-06-27T18:46:07.038+0300: 563.375: [GC (Allocation Failure) 2016-06-27T18:46:07.038+0300: 563.375: [ParNew
Desired survivor size 17432576 bytes, new threshold 1 (max 6)
- age   1:   34858568 bytes,   34858568 total
: 272640K->34048K(306688K), 0.0363181 secs] 3984119K->3977554K(5208832K), 0.0364541 secs] [Times: user=0.13 sys=0.00, real=0.04 secs] 
2016-06-27T18:46:07.075+0300: 563.411: Total time for which application threads were stopped: 0.0373295 seconds, Stopping threads took: 0.0005547 seconds
2016-06-27T18:46:07.249+0300: 563.585: Total time for which application threads were stopped: 0.0015614 seconds, Stopping threads took: 0.0008459 seconds
2016-06-27T18:46:07.420+0300: 563.757: [GC (Allocation Failure) 2016-06-27T18:46:07.420+0300: 563.757: [ParNew
Desired survivor size 17432576 bytes, new threshold 1 (max 6)
- age   1:   34857128 bytes,   34857128 total
: 306688K->34048K(306688K), 0.0374805 secs] 4250194K->4243605K(5208832K), 0.0376092 secs] [Times: user=0.19 sys=0.00, real=0.04 secs] 
2016-06-27T18:46:07.458+0300: 563.794: Total time for which application threads were stopped: 0.0393083 seconds, Stopping threads took: 0.0013540 seconds
2016-06-27T18:46:07.771+0300: 564.107: [GC (Allocation Failure) 2016-06-27T18:46:07.771+0300: 564.107: [ParNew
Desired survivor size 17432576 bytes, new threshold 1 (max 6)
- age   1:   34855584 bytes,   34855584 total
: 305788K->34048K(306688K), 0.0386039 secs] 4515346K->4510649K(5208832K), 0.0387451 secs] [Times: user=0.13 sys=0.00, real=0.04 secs] 
2016-06-27T18:46:07.810+0300: 564.146: Total time for which application threads were stopped: 0.0404766 seconds, Stopping threads took: 0.0014087 seconds
2016-06-27T18:46:08.140+0300: 564.476: [GC (Allocation Failure) 2016-06-27T18:46:08.140+0300: 564.476: [ParNew
Desired survivor size 17432576 bytes, new threshold 1 (max 6)
- age   1:   34860080 bytes,   34860080 total
: 306200K->34048K(306688K), 0.0380095 secs] 4782801K->4777696K(5208832K), 0.0381617 secs] [Times: user=0.17 sys=0.00, real=0.04 secs] 
2016-06-27T18:46:08.178+0300: 564.514: Total time for which application threads were stopped: 0.0399327 seconds, Stopping threads took: 0.0013398 seconds
2016-06-27T18:46:08.248+0300: 564.585: Total time for which application threads were stopped: 0.0014822 seconds, Stopping threads took: 0.0006274 seconds
2016-06-27T18:46:08.544+0300: 564.880: [GC (CMS Initial Mark) [1 CMS-initial-mark: 4743648K(4902144K)] 5050336K(5208832K), 0.0069254 secs] [Times: user=0.00 sys=0.00, real=0.01 secs] 
2016-06-27T18:46:08.550+0300: 564.887: Total time for which application threads were stopped: 0.0079441 seconds, Stopping threads took: 0.0006872 seconds
2016-06-27T18:46:08.550+0300: 564.887: [CMS-concurrent-mark-start]
2016-06-27T18:46:08.551+0300: 564.887: [GC (Allocation Failure) 2016-06-27T18:46:08.551+0300: 564.887: [ParNew: 306688K->306688K(306688K), 0.0000214 secs]2016-06-27T18:46:08.551+0300: 564.887: [CMS2016-06-27T18:46:08.582+0300: 564.919: [CMS-concurrent-mark: 0.031/0.032 secs] [Times: user=0.03 sys=0.00, real=0.03 secs] 
 (concurrent mode failure): 4743648K->3649474K(4902144K), 0.5954398 secs] 5050336K->3649474K(5208832K), [Metaspace: 9109K->9109K(1058816K)], 0.5955686 secs] [Times: user=0.61 sys=0.00, real=0.59 secs] 
2016-06-27T18:46:09.146+0300: 565.483: Total time for which application threads were stopped: 0.5958367 seconds, Stopping threads took: 0.0000500 seconds
2016-06-27T18:46:09.250+0300: 565.586: Total time for which application threads were stopped: 0.0022050 seconds, Stopping threads took: 0.0004691 seconds
2016-06-27T18:46:09.483+0300: 565.820: [GC (Allocation Failure) 2016-06-27T18:46:09.483+0300: 565.820: [ParNew
Desired survivor size 17432576 bytes, new threshold 1 (max 6)
- age   1:   34852136 bytes,   34852136 total
: 271806K->34048K(306688K), 0.0338035 secs] 3921281K->3915534K(5208832K), 0.0339857 secs] [Times: user=0.13 sys=0.00, real=0.03 secs] 
2016-06-27T18:46:09.517+0300: 565.854: Total time for which application threads were stopped: 0.0362198 seconds, Stopping threads took: 0.0019103 seconds
2016-06-27T18:46:09.857+0300: 566.193: [GC (Allocation Failure) 2016-06-27T18:46:09.857+0300: 566.193: [ParNew
Desired survivor size 17432576 bytes, new threshold 1 (max 6)
- age   1:   34855544 bytes,   34855544 total
: 306216K->34046K(306688K), 0.0391372 secs] 4187703K->4182586K(5208832K), 0.0392972 secs] [Times: user=0.16 sys=0.00, real=0.04 secs] 
2016-06-27T18:46:09.896+0300: 566.232: Total time for which application threads were stopped: 0.0420542 seconds, Stopping threads took: 0.0023358 seconds
2016-06-27T18:46:09.896+0300: 566.233: [GC (CMS Initial Mark) [1 CMS-initial-mark: 4148540K(4902144K)] 4183586K(5208832K), 0.0003588 secs] [Times: user=0.00 sys=0.00, real=0.00 secs] 
2016-06-27T18:46:09.897+0300: 566.233: Total time for which application threads were stopped: 0.0007270 seconds, Stopping threads took: 0.0001099 seconds
2016-06-27T18:46:09.897+0300: 566.233: [CMS-concurrent-mark-start]
2016-06-27T18:46:09.949+0300: 566.285: [CMS-concurrent-mark: 0.052/0.052 secs] [Times: user=0.16 sys=0.00, real=0.05 secs] 
2016-06-27T18:46:09.949+0300: 566.285: [CMS-concurrent-preclean-start]
2016-06-27T18:46:09.959+0300: 566.296: [CMS-concurrent-preclean: 0.010/0.010 secs] [Times: user=0.06 sys=0.00, real=0.01 secs] 
2016-06-27T18:46:09.959+0300: 566.296: [CMS-concurrent-abortable-preclean-start]
2016-06-27T18:46:10.191+0300: 566.527: [CMS-concurrent-abortable-preclean: 0.032/0.231 secs] [Times: user=0.88 sys=0.00, real=0.23 secs] 
2016-06-27T18:46:10.204+0300: 566.540: [GC (CMS Final Remark) [YG occupancy: 262267 K (306688 K)]2016-06-27T18:46:10.204+0300: 566.540: [Rescan (parallel) , 0.0041790 secs]2016-06-27T18:46:10.208+0300: 566.544: [weak refs processing, 0.0000252 secs]2016-06-27T18:46:10.208+0300: 566.544: [class unloading, 0.0029825 secs]2016-06-27T18:46:10.215+0300: 566.552: [scrub symbol table, 0.0037616 secs]2016-06-27T18:46:10.219+0300: 566.555: [scrub string table, 0.0002831 secs][1 CMS-remark: 4148540K(4902144K)] 4410807K(5208832K), 0.0156013 secs] [Times: user=0.06 sys=0.00, real=0.02 secs] 
2016-06-27T18:46:10.219+0300: 566.556: Total time for which application threads were stopped: 0.0177079 seconds, Stopping threads took: 0.0017324 seconds
2016-06-27T18:46:10.219+0300: 566.556: [CMS-concurrent-sweep-start]
2016-06-27T18:46:10.225+0300: 566.565: [CMS-concurrent-sweep: 0.009/0.009 secs] [Times: user=0.06 sys=0.00, real=0.01 secs] 
2016-06-27T18:46:10.225+0300: 566.565: [CMS-concurrent-reset-start]
2016-06-27T18:46:10.234+0300: 566.571: [CMS-concurrent-reset: 0.006/0.006 secs] [Times: user=0.00 sys=0.00, real=0.01 secs] 
2016-06-27T18:46:10.279+0300: 566.617: [GC (Allocation Failure) 2016-06-27T18:46:10.279+0300: 566.617: [ParNew
Desired survivor size 17432576 bytes, new threshold 1 (max 6)
- age   1:   34862392 bytes,   34862392 total
: 306473K->34047K(306688K), 0.0374048 secs] 3989922K->3984551K(5208832K), 0.0375438 secs] [Times: user=0.19 sys=0.00, real=0.04 secs] 
2016-06-27T18:46:10.318+0300: 566.655: Total time for which application threads were stopped: 0.0390333 seconds, Stopping threads took: 0.0011547 seconds
2016-06-27T18:46:10.639+0300: 566.975: [GC (Allocation Failure) 2016-06-27T18:46:10.639+0300: 566.976: [ParNew
Desired survivor size 17432576 bytes, new threshold 1 (max 6)
- age   1:   34848224 bytes,   34848224 total
: 306252K->34043K(306688K), 0.0381989 secs] 4256756K->4251599K(5208832K), 0.0383516 secs] [Times: user=0.19 sys=0.00, real=0.04 secs] 
2016-06-27T18:46:10.677+0300: 567.014: Total time for which application threads were stopped: 0.0397565 seconds, Stopping threads took: 0.0010076 seconds
2016-06-27T18:46:10.678+0300: 567.014: [GC (CMS Initial Mark) [1 CMS-initial-mark: 4217555K(4902144K)] 4252599K(5208832K), 0.0004088 secs] [Times: user=0.00 sys=0.00, real=0.00 secs] 
2016-06-27T18:46:10.678+0300: 567.015: Total time for which application threads were stopped: 0.0008373 seconds, Stopping threads took: 0.0000565 seconds
2016-06-27T18:46:10.678+0300: 567.015: [CMS-concurrent-mark-start]
2016-06-27T18:46:10.730+0300: 567.066: [CMS-concurrent-mark: 0.051/0.051 secs] [Times: user=0.19 sys=0.00, real=0.05 secs] 
2016-06-27T18:46:10.730+0300: 567.066: [CMS-concurrent-preclean-start]
2016-06-27T18:46:10.740+0300: 567.076: [CMS-concurrent-preclean: 0.010/0.010 secs] [Times: user=0.06 sys=0.00, real=0.01 secs] 
2016-06-27T18:46:10.740+0300: 567.076: [CMS-concurrent-abortable-preclean-start]
2016-06-27T18:46:11.036+0300: 567.372: [GC (Allocation Failure) 2016-06-27T18:46:11.036+0300: 567.372: [ParNew2016-06-27T18:46:11.073+0300: 567.410: [CMS-concurrent-abortable-preclean: 0.032/0.333 secs] [Times: user=1.20 sys=0.00, real=0.33 secs] 

Desired survivor size 17432576 bytes, new threshold 1 (max 6)
- age   1:   34848408 bytes,   34848408 total
: 306179K->34034K(306688K), 0.0382220 secs] 4523735K->4518624K(5208832K), 0.0383666 secs] [Times: user=0.13 sys=0.00, real=0.04 secs] 
2016-06-27T18:46:11.074+0300: 567.411: Total time for which application threads were stopped: 0.0397560 seconds, Stopping threads took: 0.0009139 seconds
2016-06-27T18:46:11.075+0300: 567.411: [GC (CMS Final Remark) [YG occupancy: 35034 K (306688 K)]2016-06-27T18:46:11.075+0300: 567.412: [Rescan (parallel) , 0.0042124 secs]2016-06-27T18:46:11.079+0300: 567.416: [weak refs processing, 0.0000261 secs]2016-06-27T18:46:11.079+0300: 567.416: [class unloading, 0.0021220 secs]2016-06-27T18:46:11.082+0300: 567.418: [scrub symbol table, 0.0014040 secs]2016-06-27T18:46:11.083+0300: 567.419: [scrub string table, 0.0003190 secs][1 CMS-remark: 4484590K(4902144K)] 4519624K(5208832K), 0.0084004 secs] [Times: user=0.02 sys=0.00, real=0.01 secs] 
2016-06-27T18:46:11.084+0300: 567.420: Total time for which application threads were stopped: 0.0088755 seconds, Stopping threads took: 0.0000535 seconds
2016-06-27T18:46:11.084+0300: 567.420: [CMS-concurrent-sweep-start]
2016-06-27T18:46:11.093+0300: 567.429: [CMS-concurrent-sweep: 0.009/0.009 secs] [Times: user=0.00 sys=0.00, real=0.01 secs] 
2016-06-27T18:46:11.093+0300: 567.429: [CMS-concurrent-reset-start]
2016-06-27T18:46:11.099+0300: 567.435: [CMS-concurrent-reset: 0.006/0.006 secs] [Times: user=0.06 sys=0.00, real=0.01 secs] 
2016-06-27T18:46:11.407+0300: 567.743: [GC (Allocation Failure) 2016-06-27T18:46:11.407+0300: 567.743: [ParNew
Desired survivor size 17432576 bytes, new threshold 1 (max 6)
- age   1:   34860864 bytes,   34860864 total
: 306301K->34048K(306688K), 0.0407918 secs] 4235800K->4230607K(5208832K), 0.0409547 secs] [Times: user=0.19 sys=0.00, real=0.04 secs] 
2016-06-27T18:46:11.448+0300: 567.784: Total time for which application threads were stopped: 0.0428103 seconds, Stopping threads took: 0.0013668 seconds
2016-06-27T18:46:11.448+0300: 567.784: [GC (CMS Initial Mark) [1 CMS-initial-mark: 4196559K(4902144K)] 4231607K(5208832K), 0.0004597 secs] [Times: user=0.00 sys=0.00, real=0.00 secs] 
2016-06-27T18:46:11.449+0300: 567.785: Total time for which application threads were stopped: 0.0010187 seconds, Stopping threads took: 0.0001163 seconds
2016-06-27T18:46:11.449+0300: 567.785: [CMS-concurrent-mark-start]
2016-06-27T18:46:11.476+0300: 567.812: Total time for which application threads were stopped: 0.0015207 seconds, Stopping threads took: 0.0000932 seconds
2016-06-27T18:46:11.501+0300: 567.838: [CMS-concurrent-mark: 0.051/0.053 secs] [Times: user=0.17 sys=0.00, real=0.05 secs] 
2016-06-27T18:46:11.501+0300: 567.838: [CMS-concurrent-preclean-start]
2016-06-27T18:46:11.511+0300: 567.848: [CMS-concurrent-preclean: 0.010/0.010 secs] [Times: user=0.06 sys=0.00, real=0.01 secs] 
2016-06-27T18:46:11.512+0300: 567.848: [CMS-concurrent-abortable-preclean-start]
2016-06-27T18:46:11.816+0300: 568.153: [GC (Allocation Failure) 2016-06-27T18:46:11.817+0300: 568.153: [ParNew2016-06-27T18:46:11.848+0300: 568.185: [CMS-concurrent-abortable-preclean: 0.032/0.337 secs] [Times: user=1.38 sys=0.00, real=0.34 secs] 

Desired survivor size 17432576 bytes, new threshold 1 (max 6)
- age   1:   34851576 bytes,   34851576 total
: 306260K->34048K(306688K), 0.0381250 secs] 4502820K->4496655K(5208832K), 0.0382785 secs] [Times: user=0.19 sys=0.00, real=0.04 secs] 
2016-06-27T18:46:11.855+0300: 568.191: Total time for which application threads were stopped: 0.0418922 seconds, Stopping threads took: 0.0030736 seconds
2016-06-27T18:46:11.856+0300: 568.192: [GC (CMS Final Remark) [YG occupancy: 36185 K (306688 K)]2016-06-27T18:46:11.856+0300: 568.192: [Rescan (parallel) , 0.0042932 secs]2016-06-27T18:46:11.860+0300: 568.197: [weak refs processing, 0.0000257 secs]2016-06-27T18:46:11.860+0300: 568.197: [class unloading, 0.0023363 secs]2016-06-27T18:46:11.869+0300: 568.205: [scrub symbol table, 0.0012992 secs]2016-06-27T18:46:11.870+0300: 568.206: [scrub string table, 0.0003306 secs][1 CMS-remark: 4462607K(4902144K)] 4498793K(5208832K), 0.0144462 secs] [Times: user=0.00 sys=0.00, real=0.01 secs] 
2016-06-27T18:46:11.870+0300: 568.207: Total time for which application threads were stopped: 0.0149469 seconds, Stopping threads took: 0.0000547 seconds
2016-06-27T18:46:11.871+0300: 568.208: [CMS-concurrent-sweep-start]
2016-06-27T18:46:11.878+0300: 568.216: [CMS-concurrent-sweep: 0.009/0.009 secs] [Times: user=0.00 sys=0.00, real=0.01 secs] 
2016-06-27T18:46:11.878+0300: 568.216: [CMS-concurrent-reset-start]
2016-06-27T18:46:11.878+0300: 568.223: [CMS-concurrent-reset: 0.006/0.006 secs] [Times: user=0.00 sys=0.00, real=0.00 secs] 
2016-06-27T18:46:12.205+0300: 568.541: [GC (Allocation Failure) 2016-06-27T18:46:12.205+0300: 568.541: [ParNew
Desired survivor size 17432576 bytes, new threshold 1 (max 6)
- age   1:   34850552 bytes,   34850552 total
: 306432K->34048K(306688K), 0.0386287 secs] 4332946K->4327600K(5208832K), 0.0387835 secs] [Times: user=0.19 sys=0.00, real=0.04 secs] 
2016-06-27T18:46:12.244+0300: 568.580: Total time for which application threads were stopped: 0.0400045 seconds, Stopping threads took: 0.0007056 seconds
2016-06-27T18:46:12.244+0300: 568.581: [GC (CMS Initial Mark) [1 CMS-initial-mark: 4293552K(4902144K)] 4328600K(5208832K), 0.0004631 secs] [Times: user=0.00 sys=0.00, real=0.00 secs] 
2016-06-27T18:46:12.245+0300: 568.581: Total time for which application threads were stopped: 0.0010405 seconds, Stopping threads took: 0.0001116 seconds
2016-06-27T18:46:12.245+0300: 568.581: [CMS-concurrent-mark-start]
2016-06-27T18:46:12.250+0300: 568.587: Total time for which application threads were stopped: 0.0014497 seconds, Stopping threads took: 0.0000547 seconds
2016-06-27T18:46:12.260+0300: 568.597: Total time for which application threads were stopped: 0.0005371 seconds, Stopping threads took: 0.0001176 seconds
2016-06-27T18:46:12.299+0300: 568.635: [CMS-concurrent-mark: 0.052/0.054 secs] [Times: user=0.17 sys=0.00, real=0.05 secs] 
2016-06-27T18:46:12.299+0300: 568.636: [CMS-concurrent-preclean-start]
2016-06-27T18:46:12.309+0300: 568.646: [CMS-concurrent-preclean: 0.010/0.010 secs] [Times: user=0.06 sys=0.00, real=0.01 secs] 
2016-06-27T18:46:12.309+0300: 568.646: [CMS-concurrent-abortable-preclean-start]
2016-06-27T18:46:12.627+0300: 568.964: [GC (Allocation Failure) 2016-06-27T18:46:12.627+0300: 568.964: [ParNew2016-06-27T18:46:12.659+0300: 568.995: [CMS-concurrent-abortable-preclean: 0.032/0.350 secs] [Times: user=1.34 sys=0.02, real=0.35 secs] 

Desired survivor size 17432576 bytes, new threshold 1 (max 6)
- age   1:   34847152 bytes,   34847152 total
: 306688K->34042K(306688K), 0.0377743 secs] 4600240K->4592632K(5208832K), 0.0379364 secs] [Times: user=0.19 sys=0.00, real=0.04 secs] 
2016-06-27T18:46:12.665+0300: 569.002: Total time for which application threads were stopped: 0.0416980 seconds, Stopping threads took: 0.0032681 seconds
2016-06-27T18:46:13.034+0300: 569.371: [GC (Allocation Failure) 2016-06-27T18:46:13.034+0300: 569.371: [ParNew
Desired survivor size 17432576 bytes, new threshold 1 (max 6)
- age   1:   34863784 bytes,   34863784 total
: 306682K->34046K(306688K), 0.0388648 secs] 4865272K->4859702K(5208832K), 0.0390312 secs] [Times: user=0.19 sys=0.00, real=0.04 secs] 
2016-06-27T18:46:13.073+0300: 569.410: Total time for which application threads were stopped: 0.0421398 seconds, Stopping threads took: 0.0026656 seconds
2016-06-27T18:46:13.382+0300: 569.719: Total time for which application threads were stopped: 0.0081840 seconds, Stopping threads took: 0.0068425 seconds
2016-06-27T18:46:13.456+0300: 569.793: [GC (Allocation Failure) 2016-06-27T18:46:13.457+0300: 569.793: [ParNew: 306686K->306686K(306688K), 0.0001839 secs]2016-06-27T18:46:13.457+0300: 569.793: [CMS (concurrent mode failure): 4825655K->3657480K(4902144K), 0.6572038 secs] 5132342K->3657480K(5208832K), [Metaspace: 9109K->9109K(1058816K)], 0.6577388 secs] [Times: user=0.67 sys=0.00, real=0.66 secs] 
2016-06-27T18:46:14.114+0300: 570.451: Total time for which application threads were stopped: 0.6582032 seconds, Stopping threads took: 0.0000830 seconds
2016-06-27T18:46:14.251+0300: 570.588: Total time for which application threads were stopped: 0.0012043 seconds, Stopping threads took: 0.0002335 seconds
2016-06-27T18:46:14.448+0300: 570.784: [GC (Allocation Failure) 2016-06-27T18:46:14.448+0300: 570.784: [ParNew
Desired survivor size 17432576 bytes, new threshold 1 (max 6)
- age   1:   34856856 bytes,   34856856 total
: 272640K->34048K(306688K), 0.0351485 secs] 3930120K->3924612K(5208832K), 0.0352793 secs] [Times: user=0.13 sys=0.00, real=0.04 secs] 
2016-06-27T18:46:14.483+0300: 570.819: Total time for which application threads were stopped: 0.0360226 seconds, Stopping threads took: 0.0004259 seconds
2016-06-27T18:46:14.798+0300: 571.134: [GC (Allocation Failure) 2016-06-27T18:46:14.798+0300: 571.134: [ParNew
Desired survivor size 17432576 bytes, new threshold 1 (max 6)
- age   1:   34851288 bytes,   34851288 total
: 306579K->34048K(306688K), 0.0384106 secs] 4197143K->4191657K(5208832K), 0.0385714 secs] [Times: user=0.17 sys=0.00, real=0.04 secs] 
2016-06-27T18:46:14.836+0300: 571.173: Total time for which application threads were stopped: 0.0396966 seconds, Stopping threads took: 0.0006941 seconds
2016-06-27T18:46:15.164+0300: 571.500: [GC (Allocation Failure) 2016-06-27T18:46:15.164+0300: 571.500: [ParNew
Desired survivor size 17432576 bytes, new threshold 1 (max 6)
- age   1:   34855416 bytes,   34855416 total
: 306466K->34048K(306688K), 0.0447292 secs] 4464076K->4458696K(5208832K), 0.0448964 secs] [Times: user=0.16 sys=0.00, real=0.04 secs] 
2016-06-27T18:46:15.209+0300: 571.545: Total time for which application threads were stopped: 0.0515507 seconds, Stopping threads took: 0.0062014 seconds
2016-06-27T18:46:15.558+0300: 571.894: Total time for which application threads were stopped: 0.0050728 seconds, Stopping threads took: 0.0036842 seconds
2016-06-27T18:46:15.628+0300: 571.965: [GC (Allocation Failure) 2016-06-27T18:46:15.628+0300: 571.965: [ParNew
Desired survivor size 17432576 bytes, new threshold 1 (max 6)
- age   1:   34864184 bytes,   34864184 total
: 306688K->34047K(306688K), 0.0382045 secs] 4731336K->4724744K(5208832K), 0.0383884 secs] [Times: user=0.19 sys=0.00, real=0.04 secs] 
2016-06-27T18:46:15.667+0300: 572.003: Total time for which application threads were stopped: 0.0388960 seconds, Stopping threads took: 0.0001048 seconds
2016-06-27T18:46:15.988+0300: 572.325: [GC (Allocation Failure) 2016-06-27T18:46:15.988+0300: 572.325: [ParNew: 306119K->306119K(306688K), 0.0000368 secs]2016-06-27T18:46:15.988+0300: 572.325: [CMS: 4690697K->3760484K(4902144K), 0.6166977 secs] 4996816K->3760484K(5208832K), [Metaspace: 9109K->9109K(1058816K)], 0.6168931 secs] [Times: user=0.63 sys=0.00, real=0.62 secs] 
2016-06-27T18:46:16.606+0300: 572.942: Total time for which application threads were stopped: 0.6193136 seconds, Stopping threads took: 0.0020378 seconds
2016-06-27T18:46:16.608+0300: 572.945: Total time for which application threads were stopped: 0.0009892 seconds, Stopping threads took: 0.0000778 seconds
2016-06-27T18:46:16.962+0300: 573.298: [GC (Allocation Failure) 2016-06-27T18:46:16.962+0300: 573.298: [ParNew
Desired survivor size 17432576 bytes, new threshold 1 (max 6)
- age   1:   34854816 bytes,   34854816 total
: 272640K->34048K(306688K), 0.0359401 secs] 4033124K->4026559K(5208832K), 0.0360829 secs] [Times: user=0.08 sys=0.02, real=0.04 secs] 
2016-06-27T18:46:16.998+0300: 573.334: Total time for which application threads were stopped: 0.0368886 seconds, Stopping threads took: 0.0004636 seconds
2016-06-27T18:46:17.262+0300: 573.599: Total time for which application threads were stopped: 0.0012355 seconds, Stopping threads took: 0.0004208 seconds
2016-06-27T18:46:17.350+0300: 573.686: [GC (Allocation Failure) 2016-06-27T18:46:17.350+0300: 573.687: [ParNew
Desired survivor size 17432576 bytes, new threshold 1 (max 6)
- age   1:   34860184 bytes,   34860184 total
: 306688K->34048K(306688K), 0.0383845 secs] 4299199K->4292603K(5208832K), 0.0385150 secs] [Times: user=0.13 sys=0.00, real=0.04 secs] 
2016-06-27T18:46:17.389+0300: 573.725: Total time for which application threads were stopped: 0.0389550 seconds, Stopping threads took: 0.0001963 seconds
2016-06-27T18:46:17.703+0300: 574.040: [GC (Allocation Failure) 2016-06-27T18:46:17.703+0300: 574.040: [ParNew
Desired survivor size 17432576 bytes, new threshold 1 (max 6)
- age   1:   34854400 bytes,   34854400 total
: 305965K->34048K(306688K), 0.0382840 secs] 4564520K->4559651K(5208832K), 0.0384098 secs] [Times: user=0.17 sys=0.00, real=0.04 secs] 
2016-06-27T18:46:17.742+0300: 574.078: Total time for which application threads were stopped: 0.0393271 seconds, Stopping threads took: 0.0005577 seconds
2016-06-27T18:46:18.073+0300: 574.409: [GC (Allocation Failure) 2016-06-27T18:46:18.073+0300: 574.409: [ParNew
Desired survivor size 17432576 bytes, new threshold 1 (max 6)
- age   1:   34857560 bytes,   34857560 total
: 306212K->34048K(306688K), 0.0373496 secs] 4831816K->4826692K(5208832K), 0.0375074 secs] [Times: user=0.13 sys=0.00, real=0.04 secs] 
2016-06-27T18:46:18.110+0300: 574.447: Total time for which application threads were stopped: 0.0390838 seconds, Stopping threads took: 0.0011363 seconds
2016-06-27T18:46:18.336+0300: 574.672: Total time for which application threads were stopped: 0.0025552 seconds, Stopping threads took: 0.0013852 seconds
2016-06-27T18:46:18.488+0300: 574.824: [GC (Allocation Failure) 2016-06-27T18:46:18.488+0300: 574.824: [ParNew: 306688K->306688K(306688K), 0.0000265 secs]2016-06-27T18:46:18.488+0300: 574.824: [CMS: 4792644K->3877501K(4902144K), 0.6247752 secs] 5099332K->3877501K(5208832K), [Metaspace: 9109K->9109K(1058816K)], 0.6249506 secs] [Times: user=0.63 sys=0.00, real=0.62 secs] 
2016-06-27T18:46:19.107+0300: 575.449: Total time for which application threads were stopped: 0.6257096 seconds, Stopping threads took: 0.0004230 seconds
2016-06-27T18:46:19.311+0300: 575.647: Total time for which application threads were stopped: 0.0015507 seconds, Stopping threads took: 0.0006265 seconds
2016-06-27T18:46:19.504+0300: 575.840: [GC (Allocation Failure) 2016-06-27T18:46:19.504+0300: 575.840: [ParNew
Desired survivor size 17432576 bytes, new threshold 1 (max 6)
- age   1:   34865000 bytes,   34865000 total
: 272640K->34048K(306688K), 0.0347538 secs] 4150141K->4144616K(5208832K), 0.0349081 secs] [Times: user=0.19 sys=0.00, real=0.04 secs] 
2016-06-27T18:46:19.539+0300: 575.875: Total time for which application threads were stopped: 0.0358781 seconds, Stopping threads took: 0.0006064 seconds
2016-06-27T18:46:19.858+0300: 576.194: [GC (Allocation Failure) 2016-06-27T18:46:19.858+0300: 576.194: [ParNew
Desired survivor size 17432576 bytes, new threshold 1 (max 6)
- age   1:   34854368 bytes,   34854368 total
: 306427K->34048K(306688K), 0.0388982 secs] 4416995K->4408672K(5208832K), 0.0390273 secs] [Times: user=0.19 sys=0.00, real=0.04 secs] 
2016-06-27T18:46:19.897+0300: 576.233: Total time for which application threads were stopped: 0.0418909 seconds, Stopping threads took: 0.0025291 seconds
2016-06-27T18:46:20.227+0300: 576.563: [GC (Allocation Failure) 2016-06-27T18:46:20.227+0300: 576.563: [ParNew
Desired survivor size 17432576 bytes, new threshold 1 (max 6)
- age   1:   34853240 bytes,   34853240 total
: 305994K->34048K(306688K), 0.0385193 secs] 4680619K->4675713K(5208832K), 0.0386873 secs] [Times: user=0.13 sys=0.00, real=0.04 secs] 
2016-06-27T18:46:20.266+0300: 576.602: Total time for which application threads were stopped: 0.0419238 seconds, Stopping threads took: 0.0027733 seconds
2016-06-27T18:46:20.588+0300: 576.924: [GC (Allocation Failure) 2016-06-27T18:46:20.594+0300: 576.930: [ParNew: 306493K->306493K(306688K), 0.0000505 secs]2016-06-27T18:46:20.594+0300: 576.930: [CMS: 4641665K->3895482K(4902144K), 0.6772600 secs] 4948159K->3895482K(5208832K), [Metaspace: 9109K->9109K(1058816K)], 0.6833925 secs] [Times: user=0.69 sys=0.00, real=0.68 secs] 
2016-06-27T18:46:21.271+0300: 577.608: Total time for which application threads were stopped: 0.6864135 seconds, Stopping threads took: 0.0026185 seconds
2016-06-27T18:46:21.606+0300: 577.942: [GC (Allocation Failure) 2016-06-27T18:46:21.606+0300: 577.942: [ParNew
Desired survivor size 17432576 bytes, new threshold 1 (max 6)
- age   1:   34848848 bytes,   34848848 total
: 272151K->34037K(306688K), 0.0357203 secs] 4167633K->4162531K(5208832K), 0.0358520 secs] [Times: user=0.13 sys=0.00, real=0.04 secs] 
2016-06-27T18:46:21.641+0300: 577.978: Total time for which application threads were stopped: 0.0366795 seconds, Stopping threads took: 0.0004127 seconds
2016-06-27T18:46:21.970+0300: 578.306: [GC (Allocation Failure) 2016-06-27T18:46:21.970+0300: 578.306: [ParNew
Desired survivor size 17432576 bytes, new threshold 1 (max 6)
- age   1:   34846256 bytes,   34846256 total
: 306197K->34041K(306688K), 0.0398488 secs] 4434691K->4429571K(5208832K), 0.0400071 secs] [Times: user=0.14 sys=0.00, real=0.04 secs] 
2016-06-27T18:46:22.010+0300: 578.346: Total time for which application threads were stopped: 0.0410142 seconds, Stopping threads took: 0.0004700 seconds
2016-06-27T18:46:22.353+0300: 578.689: Total time for which application threads were stopped: 0.0018064 seconds, Stopping threads took: 0.0006278 seconds
2016-06-27T18:46:22.425+0300: 578.762: [GC (Allocation Failure) 2016-06-27T18:46:22.425+0300: 578.762: [ParNew
Desired survivor size 17432576 bytes, new threshold 1 (max 6)
- age   1:   34864968 bytes,   34864968 total
: 306681K->34048K(306688K), 0.0381489 secs] 4702211K->4696656K(5208832K), 0.0382990 secs] [Times: user=0.19 sys=0.00, real=0.04 secs] 
2016-06-27T18:46:22.464+0300: 578.800: Total time for which application threads were stopped: 0.0387788 seconds, Stopping threads took: 0.0000877 seconds
2016-06-27T18:46:22.773+0300: 579.109: [GC (Allocation Failure) 2016-06-27T18:46:22.773+0300: 579.109: [ParNew: 305849K->305849K(306688K), 0.0000312 secs]2016-06-27T18:46:22.773+0300: 579.109: [CMS: 4662608K->3837471K(4902144K), 0.5951691 secs] 4968458K->3837471K(5208832K), [Metaspace: 9109K->9109K(1058816K)], 0.5953402 secs] [Times: user=0.59 sys=0.00, real=0.60 secs] 
2016-06-27T18:46:23.368+0300: 579.705: Total time for which application threads were stopped: 0.5961861 seconds, Stopping threads took: 0.0004858 seconds
2016-06-27T18:46:23.371+0300: 579.707: Total time for which application threads were stopped: 0.0008848 seconds, Stopping threads took: 0.0000825 seconds
2016-06-27T18:46:23.720+0300: 580.057: [GC (Allocation Failure) 2016-06-27T18:46:23.720+0300: 580.057: [ParNew
Desired survivor size 17432576 bytes, new threshold 1 (max 6)
- age   1:   34858776 bytes,   34858776 total
: 272571K->34048K(306688K), 0.0349937 secs] 4110043K->4103541K(5208832K), 0.0352135 secs] [Times: user=0.19 sys=0.00, real=0.04 secs] 
2016-06-27T18:46:23.756+0300: 580.092: Total time for which application threads were stopped: 0.0362411 seconds, Stopping threads took: 0.0006834 seconds
2016-06-27T18:46:24.083+0300: 580.419: [GC (Allocation Failure) 2016-06-27T18:46:24.083+0300: 580.419: [ParNew
Desired survivor size 17432576 bytes, new threshold 1 (max 6)
- age   1:   34855392 bytes,   34855392 total
: 306240K->34048K(306688K), 0.0380993 secs] 4375734K->4370591K(5208832K), 0.0382870 secs] [Times: user=0.13 sys=0.00, real=0.04 secs] 
2016-06-27T18:46:24.121+0300: 580.458: Total time for which application threads were stopped: 0.0393190 seconds, Stopping threads took: 0.0006334 seconds
2016-06-27T18:46:24.267+0300: 580.603: Total time for which application threads were stopped: 0.0009793 seconds, Stopping threads took: 0.0002155 seconds
2016-06-27T18:46:24.276+0300: 580.612: Total time for which application threads were stopped: 0.0004054 seconds, Stopping threads took: 0.0000834 seconds
2016-06-27T18:46:24.456+0300: 580.792: [GC (Allocation Failure) 2016-06-27T18:46:24.456+0300: 580.792: [ParNew
Desired survivor size 17432576 bytes, new threshold 1 (max 6)
- age   1:   34850728 bytes,   34850728 total
: 306176K->34048K(306688K), 0.0379834 secs] 4642719K->4636635K(5208832K), 0.0381164 secs] [Times: user=0.19 sys=0.00, real=0.04 secs] 
2016-06-27T18:46:24.494+0300: 580.830: Total time for which application threads were stopped: 0.0398159 seconds, Stopping threads took: 0.0013403 seconds
2016-06-27T18:46:24.809+0300: 581.146: [GC (Allocation Failure) 2016-06-27T18:46:24.809+0300: 581.146: [ParNew: 305925K->305925K(306688K), 0.0000411 secs]2016-06-27T18:46:24.810+0300: 581.146: [CMS: 4602587K->3868473K(4902144K), 0.6184412 secs] 4908513K->3868473K(5208832K), [Metaspace: 9109K->9109K(1058816K)], 0.6186379 secs] [Times: user=0.63 sys=0.00, real=0.62 secs] 
2016-06-27T18:46:25.428+0300: 581.764: Total time for which application threads were stopped: 0.6213561 seconds, Stopping threads took: 0.0022824 seconds
2016-06-27T18:46:25.667+0300: 582.003: Total time for which application threads were stopped: 0.0019099 seconds, Stopping threads took: 0.0008356 seconds
2016-06-27T18:46:25.823+0300: 582.159: [GC (Allocation Failure) 2016-06-27T18:46:25.823+0300: 582.159: [ParNew
Desired survivor size 17432576 bytes, new threshold 1 (max 6)
- age   1:   34864984 bytes,   34864984 total
: 272640K->34048K(306688K), 0.0361453 secs] 4141113K->4134545K(5208832K), 0.0363173 secs] [Times: user=0.13 sys=0.00, real=0.04 secs] 
2016-06-27T18:46:25.859+0300: 582.195: Total time for which application threads were stopped: 0.0371144 seconds, Stopping threads took: 0.0004499 seconds
2016-06-27T18:46:26.181+0300: 582.518: [GC (Allocation Failure) 2016-06-27T18:46:26.182+0300: 582.518: [ParNew
Desired survivor size 17432576 bytes, new threshold 1 (max 6)
- age   1:   34856576 bytes,   34856576 total
: 306222K->34048K(306688K), 0.0393605 secs] 4406720K->4401604K(5208832K), 0.0395520 secs] [Times: user=0.13 sys=0.00, real=0.04 secs] 
2016-06-27T18:46:26.221+0300: 582.558: Total time for which application threads were stopped: 0.0422775 seconds, Stopping threads took: 0.0023089 seconds
2016-06-27T18:46:26.549+0300: 582.885: [GC (Allocation Failure) 2016-06-27T18:46:26.549+0300: 582.885: [ParNew
Desired survivor size 17432576 bytes, new threshold 1 (max 6)
- age   1:   34859512 bytes,   34859512 total
: 306316K->34048K(306688K), 0.0399241 secs] 4673873K->4668651K(5208832K), 0.0400913 secs] [Times: user=0.16 sys=0.00, real=0.04 secs] 
2016-06-27T18:46:26.589+0300: 582.925: Total time for which application threads were stopped: 0.0502554 seconds, Stopping threads took: 0.0097287 seconds
2016-06-27T18:46:26.971+0300: 583.308: [GC (Allocation Failure) 2016-06-27T18:46:26.971+0300: 583.308: [ParNew: 305884K->305884K(306688K), 0.0000411 secs]2016-06-27T18:46:26.972+0300: 583.308: [CMS: 4634603K->3749473K(4902144K), 0.7619560 secs] 4940488K->3749473K(5208832K), [Metaspace: 9109K->9109K(1058816K)], 0.7621831 secs] [Times: user=0.76 sys=0.00, real=0.76 secs] 
2016-06-27T18:46:27.734+0300: 584.070: Total time for which application threads were stopped: 0.7651207 seconds, Stopping threads took: 0.0024436 seconds
2016-06-27T18:46:28.117+0300: 584.453: [GC (Allocation Failure) 2016-06-27T18:46:28.117+0300: 584.454: [ParNew
Desired survivor size 17432576 bytes, new threshold 1 (max 6)
- age   1:   34847264 bytes,   34847264 total
: 271764K->34042K(306688K), 0.0367505 secs] 4021237K->4015527K(5208832K), 0.0369156 secs] [Times: user=0.13 sys=0.00, real=0.04 secs] 
2016-06-27T18:46:28.154+0300: 584.490: Total time for which application threads were stopped: 0.0406404 seconds, Stopping threads took: 0.0031976 seconds
2016-06-27T18:46:28.546+0300: 584.883: [GC (Allocation Failure) 2016-06-27T18:46:28.547+0300: 584.883: [ParNew
Desired survivor size 17432576 bytes, new threshold 1 (max 6)
- age   1:   34863440 bytes,   34863440 total
: 306512K->34048K(306688K), 0.0417592 secs] 4287997K->4281593K(5208832K), 0.0419413 secs] [Times: user=0.19 sys=0.00, real=0.04 secs] 
2016-06-27T18:46:28.588+0300: 584.925: Total time for which application threads were stopped: 0.0522936 seconds, Stopping threads took: 0.0098100 seconds
2016-06-27T18:46:29.004+0300: 585.340: Total time for which application threads were stopped: 0.0101919 seconds, Stopping threads took: 0.0090150 seconds
2016-06-27T18:46:29.077+0300: 585.414: [GC (Allocation Failure) 2016-06-27T18:46:29.077+0300: 585.414: [ParNew
Desired survivor size 17432576 bytes, new threshold 1 (max 6)
- age   1:   34863968 bytes,   34863968 total
: 306688K->34048K(306688K), 0.0410634 secs] 4554233K->4547678K(5208832K), 0.0412627 secs] [Times: user=0.19 sys=0.00, real=0.04 secs] 
2016-06-27T18:46:29.118+0300: 585.455: Total time for which application threads were stopped: 0.0417908 seconds, Stopping threads took: 0.0000877 seconds
2016-06-27T18:46:29.513+0300: 585.850: [GC (Allocation Failure) 2016-06-27T18:46:29.513+0300: 585.850: [ParNew
Desired survivor size 17432576 bytes, new threshold 1 (max 6)
- age   1:   34852072 bytes,   34852072 total
: 305906K->34048K(306688K), 0.0408927 secs] 4819536K->4813733K(5208832K), 0.0410805 secs] [Times: user=0.19 sys=0.00, real=0.04 secs] 
2016-06-27T18:46:29.555+0300: 585.891: Total time for which application threads were stopped: 0.0543001 seconds, Stopping threads took: 0.0127509 seconds
2016-06-27T18:46:29.952+0300: 586.288: [GC (Allocation Failure) 2016-06-27T18:46:29.952+0300: 586.289: [ParNew: 305875K->305875K(306688K), 0.0000543 secs]2016-06-27T18:46:29.952+0300: 586.289: [CMS: 4779685K->3909482K(4902144K), 0.6469842 secs] 5085561K->3909482K(5208832K), [Metaspace: 9109K->9109K(1058816K)], 0.6472288 secs] [Times: user=0.66 sys=0.00, real=0.65 secs] 
2016-06-27T18:46:30.600+0300: 586.936: Total time for which application threads were stopped: 0.6519197 seconds, Stopping threads took: 0.0041713 seconds
2016-06-27T18:46:30.956+0300: 587.292: [GC (Allocation Failure) 2016-06-27T18:46:30.956+0300: 587.292: [ParNew
Desired survivor size 17432576 bytes, new threshold 1 (max 6)
- age   1:   34859168 bytes,   34859168 total
: 272314K->34047K(306688K), 0.0352332 secs] 4181797K->4176571K(5208832K), 0.0353982 secs] [Times: user=0.17 sys=0.00, real=0.03 secs] 
2016-06-27T18:46:30.991+0300: 587.328: Total time for which application threads were stopped: 0.0365482 seconds, Stopping threads took: 0.0007001 seconds
2016-06-27T18:46:31.271+0300: 587.607: Total time for which application threads were stopped: 0.0027875 seconds, Stopping threads took: 0.0018188 seconds
2016-06-27T18:46:31.352+0300: 587.689: [GC (Allocation Failure) 2016-06-27T18:46:31.352+0300: 587.689: [ParNew
Desired survivor size 17432576 bytes, new threshold 1 (max 6)
- age   1:   34861176 bytes,   34861176 total
: 306687K->34048K(306688K), 0.0384628 secs] 4449211K->4441652K(5208832K), 0.0386056 secs] [Times: user=0.13 sys=0.00, real=0.04 secs] 
2016-06-27T18:46:31.391+0300: 587.727: Total time for which application threads were stopped: 0.0394969 seconds, Stopping threads took: 0.0005243 seconds
2016-06-27T18:46:31.780+0300: 588.116: [GC (Allocation Failure) 2016-06-27T18:46:31.780+0300: 588.117: [ParNew
Desired survivor size 17432576 bytes, new threshold 1 (max 6)
- age   1:   34852848 bytes,   34852848 total
: 305987K->34048K(306688K), 0.0428629 secs] 4713592K->4707714K(5208832K), 0.0430421 secs] [Times: user=0.16 sys=0.00, real=0.04 secs] 
2016-06-27T18:46:31.823+0300: 588.160: Total time for which application threads were stopped: 0.0492435 seconds, Stopping threads took: 0.0055903 seconds
2016-06-27T18:46:32.196+0300: 588.533: [GC (Allocation Failure) 2016-06-27T18:46:32.196+0300: 588.533: [ParNew: 305782K->305782K(306688K), 0.0000372 secs]2016-06-27T18:46:32.196+0300: 588.533: [CMS: 4673666K->3848492K(4902144K), 0.6241525 secs] 4979449K->3848492K(5208832K), [Metaspace: 9109K->9109K(1058816K)], 0.6243518 secs] [Times: user=0.63 sys=0.00, real=0.63 secs] 
2016-06-27T18:46:32.821+0300: 589.157: Total time for which application threads were stopped: 0.6260158 seconds, Stopping threads took: 0.0011855 seconds
2016-06-27T18:46:33.210+0300: 589.546: [GC (Allocation Failure) 2016-06-27T18:46:33.210+0300: 589.546: [ParNew
Desired survivor size 17432576 bytes, new threshold 1 (max 6)
- age   1:   34847104 bytes,   34847104 total
: 272587K->34037K(306688K), 0.0358122 secs] 4121080K->4115542K(5208832K), 0.0359632 secs] [Times: user=0.13 sys=0.00, real=0.04 secs] 
2016-06-27T18:46:33.246+0300: 589.582: Total time for which application threads were stopped: 0.0369108 seconds, Stopping threads took: 0.0005731 seconds
2016-06-27T18:46:33.566+0300: 589.903: [GC (Allocation Failure) 2016-06-27T18:46:33.566+0300: 589.903: [ParNew
Desired survivor size 17432576 bytes, new threshold 1 (max 6)
- age   1:   34847960 bytes,   34847960 total
: 305930K->34048K(306688K), 0.0395529 secs] 4387434K->4382588K(5208832K), 0.0396936 secs] [Times: user=0.19 sys=0.00, real=0.04 secs] 
2016-06-27T18:46:33.606+0300: 589.942: Total time for which application threads were stopped: 0.0410672 seconds, Stopping threads took: 0.0009353 seconds
2016-06-27T18:46:33.808+0300: 590.145: [GC (CMS Initial Mark) [1 CMS-initial-mark: 4348540K(4902144K)] 4557676K(5208832K), 0.0004798 secs] [Times: user=0.00 sys=0.00, real=0.00 secs] 
2016-06-27T18:46:33.809+0300: 590.145: Total time for which application threads were stopped: 0.0019206 seconds, Stopping threads took: 0.0008442 seconds
2016-06-27T18:46:33.809+0300: 590.145: [CMS-concurrent-mark-start]
2016-06-27T18:46:33.861+0300: 590.197: [CMS-concurrent-mark: 0.052/0.052 secs] [Times: user=0.19 sys=0.00, real=0.05 secs] 
2016-06-27T18:46:33.861+0300: 590.197: [CMS-concurrent-preclean-start]
2016-06-27T18:46:33.871+0300: 590.207: [CMS-concurrent-preclean: 0.010/0.010 secs] [Times: user=0.06 sys=0.00, real=0.01 secs] 
2016-06-27T18:46:33.871+0300: 590.207: [CMS-concurrent-abortable-preclean-start]
2016-06-27T18:46:33.943+0300: 590.280: [GC (Allocation Failure) 2016-06-27T18:46:33.943+0300: 590.280: [ParNew2016-06-27T18:46:33.981+0300: 590.318: [CMS-concurrent-abortable-preclean: 0.010/0.110 secs] [Times: user=0.44 sys=0.00, real=0.11 secs] 

Desired survivor size 17432576 bytes, new threshold 1 (max 6)
- age   1:   34846776 bytes,   34846776 total
: 306250K->34039K(306688K), 0.0379257 secs] 4654791K->4649613K(5208832K), 0.0380334 secs] [Times: user=0.13 sys=0.00, real=0.04 secs] 
2016-06-27T18:46:33.981+0300: 590.318: Total time for which application threads were stopped: 0.0386805 seconds, Stopping threads took: 0.0002716 seconds
2016-06-27T18:46:33.982+0300: 590.318: [GC (CMS Final Remark) [YG occupancy: 35039 K (306688 K)]2016-06-27T18:46:33.982+0300: 590.318: [Rescan (parallel) , 0.0042338 secs]2016-06-27T18:46:33.986+0300: 590.323: [weak refs processing, 0.0000244 secs]2016-06-27T18:46:33.986+0300: 590.323: [class unloading, 0.0023217 secs]2016-06-27T18:46:33.988+0300: 590.325: [scrub symbol table, 0.0011153 secs]2016-06-27T18:46:33.990+0300: 590.326: [scrub string table, 0.0003130 secs][1 CMS-remark: 4615574K(4902144K)] 4650613K(5208832K), 0.0082798 secs] [Times: user=0.01 sys=0.00, real=0.01 secs] 
2016-06-27T18:46:33.990+0300: 590.327: Total time for which application threads were stopped: 0.0088242 seconds, Stopping threads took: 0.0000710 seconds
2016-06-27T18:46:33.990+0300: 590.327: [CMS-concurrent-sweep-start]
2016-06-27T18:46:33.999+0300: 590.336: [CMS-concurrent-sweep: 0.009/0.009 secs] [Times: user=0.00 sys=0.00, real=0.01 secs] 
2016-06-27T18:46:34.000+0300: 590.336: [CMS-concurrent-reset-start]
2016-06-27T18:46:34.006+0300: 590.342: [CMS-concurrent-reset: 0.006/0.006 secs] [Times: user=0.06 sys=0.00, real=0.01 secs] 
2016-06-27T18:46:34.315+0300: 590.651: [GC (Allocation Failure) 2016-06-27T18:46:34.315+0300: 590.651: [ParNew
Desired survivor size 17432576 bytes, new threshold 1 (max 6)
- age   1:   34843656 bytes,   34843656 total
: 306089K->34037K(306688K), 0.0389396 secs] 4246573K->4241556K(5208832K), 0.0391137 secs] [Times: user=0.19 sys=0.00, real=0.04 secs] 
2016-06-27T18:46:34.354+0300: 590.690: Total time for which application threads were stopped: 0.0401957 seconds, Stopping threads took: 0.0005641 seconds
2016-06-27T18:46:34.690+0300: 591.026: [GC (CMS Initial Mark) [1 CMS-initial-mark: 4207518K(4902144K)] 4494815K(5208832K), 0.0006393 secs] [Times: user=0.00 sys=0.00, real=0.00 secs] 
2016-06-27T18:46:34.690+0300: 591.027: Total time for which application threads were stopped: 0.0022418 seconds, Stopping threads took: 0.0010165 seconds
2016-06-27T18:46:34.690+0300: 591.027: [CMS-concurrent-mark-start]
2016-06-27T18:46:34.727+0300: 591.064: [GC (Allocation Failure) 2016-06-27T18:46:34.727+0300: 591.064: [ParNew
Desired survivor size 17432576 bytes, new threshold 1 (max 6)
- age   1:   34851272 bytes,   34851272 total
: 305789K->34048K(306688K), 0.0391830 secs] 4513307K->4508597K(5208832K), 0.0393583 secs] [Times: user=0.13 sys=0.00, real=0.04 secs] 
2016-06-27T18:46:34.767+0300: 591.103: Total time for which application threads were stopped: 0.0403013 seconds, Stopping threads took: 0.0002955 seconds
2016-06-27T18:46:34.791+0300: 591.127: [CMS-concurrent-mark: 0.060/0.100 secs] [Times: user=0.44 sys=0.00, real=0.10 secs] 
2016-06-27T18:46:34.791+0300: 591.127: [CMS-concurrent-preclean-start]
2016-06-27T18:46:34.803+0300: 591.139: [CMS-concurrent-preclean: 0.012/0.012 secs] [Times: user=0.06 sys=0.00, real=0.01 secs] 
2016-06-27T18:46:34.803+0300: 591.140: [CMS-concurrent-abortable-preclean-start]
2016-06-27T18:46:34.935+0300: 591.271: Total time for which application threads were stopped: 0.0050737 seconds, Stopping threads took: 0.0035833 seconds
2016-06-27T18:46:35.159+0300: 591.495: [CMS-concurrent-abortable-preclean: 0.050/0.356 secs] [Times: user=1.25 sys=0.00, real=0.36 secs] 
2016-06-27T18:46:35.179+0300: 591.515: [GC (CMS Final Remark) [YG occupancy: 284339 K (306688 K)]2016-06-27T18:46:35.179+0300: 591.515: [Rescan (parallel) , 0.0054701 secs]2016-06-27T18:46:35.184+0300: 591.521: [weak refs processing, 0.0000312 secs]2016-06-27T18:46:35.184+0300: 591.521: [class unloading, 0.0029782 secs]2016-06-27T18:46:35.187+0300: 591.524: [scrub symbol table, 0.0013912 secs]2016-06-27T18:46:35.189+0300: 591.525: [scrub string table, 0.0003575 secs][1 CMS-remark: 4474549K(4902144K)] 4758889K(5208832K), 0.0106110 secs] [Times: user=0.00 sys=0.00, real=0.01 secs] 
2016-06-27T18:46:35.190+0300: 591.526: Total time for which application threads were stopped: 0.0160174 seconds, Stopping threads took: 0.0047825 seconds
2016-06-27T18:46:35.190+0300: 591.526: [CMS-concurrent-sweep-start]
2016-06-27T18:46:35.200+0300: 591.536: [CMS-concurrent-sweep: 0.010/0.010 secs] [Times: user=0.06 sys=0.00, real=0.01 secs] 
2016-06-27T18:46:35.200+0300: 591.536: [CMS-concurrent-reset-start]
2016-06-27T18:46:35.207+0300: 591.544: [CMS-concurrent-reset: 0.007/0.007 secs] [Times: user=0.00 sys=0.00, real=0.01 secs] 
2016-06-27T18:46:35.228+0300: 591.564: [GC (Allocation Failure) 2016-06-27T18:46:35.228+0300: 591.564: [ParNew
Desired survivor size 17432576 bytes, new threshold 1 (max 6)
- age   1:   34864400 bytes,   34864400 total
: 306229K->34048K(306688K), 0.0413944 secs] 4345719K->4338658K(5208832K), 0.0415830 secs] [Times: user=0.13 sys=0.00, real=0.04 secs] 
2016-06-27T18:46:35.269+0300: 591.606: Total time for which application threads were stopped: 0.0428916 seconds, Stopping threads took: 0.0006368 seconds
2016-06-27T18:46:35.271+0300: 591.608: [GC (CMS Initial Mark) [1 CMS-initial-mark: 4304610K(4902144K)] 4339658K(5208832K), 0.0006068 secs] [Times: user=0.00 sys=0.00, real=0.00 secs] 
2016-06-27T18:46:35.272+0300: 591.609: Total time for which application threads were stopped: 0.0013916 seconds, Stopping threads took: 0.0001766 seconds
2016-06-27T18:46:35.272+0300: 591.609: [CMS-concurrent-mark-start]
2016-06-27T18:46:35.337+0300: 591.673: [CMS-concurrent-mark: 0.065/0.065 secs] [Times: user=0.25 sys=0.00, real=0.06 secs] 
2016-06-27T18:46:35.337+0300: 591.674: [CMS-concurrent-preclean-start]
2016-06-27T18:46:35.350+0300: 591.686: [CMS-concurrent-preclean: 0.013/0.013 secs] [Times: user=0.06 sys=0.00, real=0.01 secs] 
2016-06-27T18:46:35.350+0300: 591.686: [CMS-concurrent-abortable-preclean-start]
2016-06-27T18:46:35.406+0300: 591.743: Total time for which application threads were stopped: 0.0044878 seconds, Stopping threads took: 0.0028931 seconds
2016-06-27T18:46:35.743+0300: 592.079: [GC (Allocation Failure) 2016-06-27T18:46:35.743+0300: 592.079: [ParNew2016-06-27T18:46:35.775+0300: 592.111: [CMS-concurrent-abortable-preclean: 0.055/0.425 secs] [Times: user=1.64 sys=0.00, real=0.43 secs] 

Desired survivor size 17432576 bytes, new threshold 1 (max 6)
- age   1:   34859800 bytes,   34859800 total
: 306055K->34048K(306688K), 0.0408316 secs] 4610666K->4603712K(5208832K), 0.0410279 secs] [Times: user=0.13 sys=0.00, real=0.04 secs] 
2016-06-27T18:46:35.784+0300: 592.120: Total time for which application threads were stopped: 0.0438718 seconds, Stopping threads took: 0.0021819 seconds
2016-06-27T18:46:36.288+0300: 592.624: [GC (Allocation Failure) 2016-06-27T18:46:36.288+0300: 592.624: [ParNew
Desired survivor size 17432576 bytes, new threshold 1 (max 6)
- age   1:   34850648 bytes,   34850648 total
: 306688K->34043K(306688K), 0.0408513 secs] 4876352K->4869755K(5208832K), 0.0410339 secs] [Times: user=0.13 sys=0.00, real=0.04 secs] 
2016-06-27T18:46:36.329+0300: 592.665: Total time for which application threads were stopped: 0.0491448 seconds, Stopping threads took: 0.0076285 seconds
2016-06-27T18:46:36.344+0300: 592.680: [GC (CMS Final Remark) [YG occupancy: 44554 K (306688 K)]2016-06-27T18:46:36.344+0300: 592.680: [Rescan (parallel) , 0.0045331 secs]2016-06-27T18:46:36.349+0300: 592.685: [weak refs processing, 0.0000269 secs]2016-06-27T18:46:36.349+0300: 592.685: [class unloading, 0.0022995 secs]2016-06-27T18:46:36.351+0300: 592.687: [scrub symbol table, 0.0012543 secs]2016-06-27T18:46:36.352+0300: 592.689: [scrub string table, 0.0003254 secs][1 CMS-remark: 4835712K(4902144K)] 4880267K(5208832K), 0.0087836 secs] [Times: user=0.06 sys=0.00, real=0.01 secs] 
2016-06-27T18:46:36.353+0300: 592.689: Total time for which application threads were stopped: 0.0093306 seconds, Stopping threads took: 0.0000877 seconds
2016-06-27T18:46:36.356+0300: 592.692: [CMS-concurrent-sweep-start]
2016-06-27T18:46:36.365+0300: 592.701: [CMS-concurrent-sweep: 0.009/0.009 secs] [Times: user=0.06 sys=0.00, real=0.01 secs] 
2016-06-27T18:46:36.365+0300: 592.701: [CMS-concurrent-reset-start]
2016-06-27T18:46:36.371+0300: 592.708: [CMS-concurrent-reset: 0.006/0.006 secs] [Times: user=0.00 sys=0.00, real=0.01 secs] 
2016-06-27T18:46:36.656+0300: 592.993: Total time for which application threads were stopped: 0.0059388 seconds, Stopping threads took: 0.0048338 seconds
2016-06-27T18:46:36.728+0300: 593.064: [GC (Allocation Failure) 2016-06-27T18:46:36.728+0300: 593.064: [ParNew
Desired survivor size 17432576 bytes, new threshold 1 (max 6)
- age   1:   34863584 bytes,   34863584 total
: 306683K->34048K(306688K), 0.0387104 secs] 4841273K->4834700K(5208832K), 0.0388746 secs] [Times: user=0.13 sys=0.00, real=0.04 secs] 
2016-06-27T18:46:36.767+0300: 593.103: Total time for which application threads were stopped: 0.0393681 seconds, Stopping threads took: 0.0000736 seconds
2016-06-27T18:46:37.098+0300: 593.434: [GC (Allocation Failure) 2016-06-27T18:46:37.098+0300: 593.435: [ParNew: 306509K->306509K(306688K), 0.0000325 secs]2016-06-27T18:46:37.098+0300: 593.435: [CMS: 4800652K->3843489K(4902144K), 0.6984678 secs] 5107161K->3843489K(5208832K), [Metaspace: 9109K->9109K(1058816K)], 0.6986692 secs] [Times: user=0.69 sys=0.00, real=0.70 secs] 
2016-06-27T18:46:37.797+0300: 594.133: Total time for which application threads were stopped: 0.7009169 seconds, Stopping threads took: 0.0018205 seconds
2016-06-27T18:46:38.116+0300: 594.453: [GC (Allocation Failure) 2016-06-27T18:46:38.116+0300: 594.453: [ParNew
Desired survivor size 17432576 bytes, new threshold 1 (max 6)
- age   1:   34847984 bytes,   34847984 total
: 272482K->34043K(306688K), 0.0347251 secs] 4115971K->4111545K(5208832K), 0.0348611 secs] [Times: user=0.13 sys=0.00, real=0.04 secs] 
2016-06-27T18:46:38.151+0300: 594.488: Total time for which application threads were stopped: 0.0366034 seconds, Stopping threads took: 0.0012659 seconds
2016-06-27T18:46:38.472+0300: 594.808: [GC (Allocation Failure) 2016-06-27T18:46:38.472+0300: 594.808: [ParNew
Desired survivor size 17432576 bytes, new threshold 1 (max 6)
- age   1:   34848256 bytes,   34848256 total
: 306170K->34042K(306688K), 0.0385205 secs] 4383671K->4378578K(5208832K), 0.0386471 secs] [Times: user=0.19 sys=0.00, real=0.04 secs] 
2016-06-27T18:46:38.511+0300: 594.847: Total time for which application threads were stopped: 0.0396243 seconds, Stopping threads took: 0.0006034 seconds
2016-06-27T18:46:38.838+0300: 595.175: [GC (Allocation Failure) 2016-06-27T18:46:38.838+0300: 595.175: [ParNew
Desired survivor size 17432576 bytes, new threshold 1 (max 6)
- age   1:   34848232 bytes,   34848232 total
: 306558K->34048K(306688K), 0.0391565 secs] 4651094K->4646619K(5208832K), 0.0392698 secs] [Times: user=0.13 sys=0.00, real=0.04 secs] 
2016-06-27T18:46:38.877+0300: 595.214: Total time for which application threads were stopped: 0.0403689 seconds, Stopping threads took: 0.0007296 seconds
2016-06-27T18:46:39.082+0300: 595.418: Total time for which application threads were stopped: 0.0020784 seconds, Stopping threads took: 0.0008622 seconds
2016-06-27T18:46:39.273+0300: 595.609: [GC (Allocation Failure) 2016-06-27T18:46:39.273+0300: 595.609: [ParNew: 306688K->306688K(306688K), 0.0000218 secs]2016-06-27T18:46:39.273+0300: 595.609: [CMS: 4612571K->3832489K(4902144K), 0.5962066 secs] 4919259K->3832489K(5208832K), [Metaspace: 9109K->9109K(1058816K)], 0.5964025 secs] [Times: user=0.59 sys=0.00, real=0.60 secs] 
2016-06-27T18:46:39.869+0300: 596.206: Total time for which application threads were stopped: 0.5977941 seconds, Stopping threads took: 0.0009994 seconds
2016-06-27T18:46:40.203+0300: 596.540: [GC (Allocation Failure) 2016-06-27T18:46:40.203+0300: 596.540: [ParNew
Desired survivor size 17432576 bytes, new threshold 1 (max 6)
- age   1:   34847056 bytes,   34847056 total
: 272027K->34039K(306688K), 0.0347961 secs] 4104516K->4099540K(5208832K), 0.0350052 secs] [Times: user=0.13 sys=0.00, real=0.03 secs] 
2016-06-27T18:46:40.238+0300: 596.575: Total time for which application threads were stopped: 0.0361513 seconds, Stopping threads took: 0.0006269 seconds
2016-06-27T18:46:40.558+0300: 596.894: [GC (Allocation Failure) 2016-06-27T18:46:40.558+0300: 596.894: [ParNew
Desired survivor size 17432576 bytes, new threshold 1 (max 6)
- age   1:   34843656 bytes,   34843656 total
: 306542K->34045K(306688K), 0.0374976 secs] 4372043K->4367582K(5208832K), 0.0376366 secs] [Times: user=0.13 sys=0.00, real=0.04 secs] 
2016-06-27T18:46:40.596+0300: 596.932: Total time for which application threads were stopped: 0.0392373 seconds, Stopping threads took: 0.0010909 seconds
2016-06-27T18:46:40.667+0300: 597.004: [GC (CMS Initial Mark) [1 CMS-initial-mark: 4333536K(4902144K)] 4428719K(5208832K), 0.0005418 secs] [Times: user=0.00 sys=0.00, real=0.00 secs] 
2016-06-27T18:46:40.668+0300: 597.004: Total time for which application threads were stopped: 0.0028845 seconds, Stopping threads took: 0.0006539 seconds
2016-06-27T18:46:40.668+0300: 597.004: [CMS-concurrent-mark-start]
2016-06-27T18:46:40.720+0300: 597.056: [CMS-concurrent-mark: 0.052/0.052 secs] [Times: user=0.19 sys=0.00, real=0.05 secs] 
2016-06-27T18:46:40.720+0300: 597.056: [CMS-concurrent-preclean-start]
2016-06-27T18:46:40.730+0300: 597.066: [CMS-concurrent-preclean: 0.010/0.010 secs] [Times: user=0.06 sys=0.00, real=0.01 secs] 
2016-06-27T18:46:40.730+0300: 597.066: [CMS-concurrent-abortable-preclean-start]
2016-06-27T18:46:40.743+0300: 597.079: Total time for which application threads were stopped: 0.0011636 seconds, Stopping threads took: 0.0003785 seconds
2016-06-27T18:46:41.035+0300: 597.371: [GC (Allocation Failure) 2016-06-27T18:46:41.035+0300: 597.371: [ParNew
Desired survivor size 17432576 bytes, new threshold 1 (max 6)
- age   1:   34849864 bytes,   34849864 total
: 306377K->34039K(306688K), 0.0419311 secs] 4639914K->4633607K(5208832K), 0.0420919 secs] [Times: user=0.17 sys=0.00, real=0.04 secs] 
2016-06-27T18:46:41.077+0300: 597.413: Total time for which application threads were stopped: 0.0448738 seconds, Stopping threads took: 0.0021840 seconds
2016-06-27T18:46:41.276+0300: 597.612: Total time for which application threads were stopped: 0.0032262 seconds, Stopping threads took: 0.0021130 seconds
2016-06-27T18:46:41.389+0300: 597.725: [CMS-concurrent-abortable-preclean: 0.096/0.659 secs] [Times: user=2.55 sys=0.00, real=0.66 secs] 
2016-06-27T18:46:41.584+0300: 597.921: [GC (CMS Final Remark) [YG occupancy: 306679 K (306688 K)]2016-06-27T18:46:41.585+0300: 597.921: [Rescan (parallel) , 0.0054458 secs]2016-06-27T18:46:41.590+0300: 597.927: [weak refs processing, 0.0000304 secs]2016-06-27T18:46:41.590+0300: 597.927: [class unloading, 0.0019317 secs]2016-06-27T18:46:41.592+0300: 597.929: [scrub symbol table, 0.0008797 secs]2016-06-27T18:46:41.593+0300: 597.929: [scrub string table, 0.0002130 secs][1 CMS-remark: 4599567K(4902144K)] 4906247K(5208832K), 0.0088054 secs] [Times: user=0.00 sys=0.00, real=0.01 secs] 
2016-06-27T18:46:41.593+0300: 597.930: Total time for which application threads were stopped: 0.0098792 seconds, Stopping threads took: 0.0007390 seconds
2016-06-27T18:46:41.593+0300: 597.930: [CMS-concurrent-sweep-start]
2016-06-27T18:46:41.594+0300: 597.930: [GC (Allocation Failure) 2016-06-27T18:46:41.594+0300: 597.930: [ParNew: 306679K->306679K(306688K), 0.0000830 secs]2016-06-27T18:46:41.594+0300: 597.931: [CMS2016-06-27T18:46:41.600+0300: 597.937: [CMS-concurrent-sweep: 0.006/0.007 secs] [Times: user=0.01 sys=0.00, real=0.01 secs] 
 (concurrent mode failure): 4599567K->3803482K(4902144K), 0.6221939 secs] 4906247K->3803482K(5208832K), [Metaspace: 9109K->9109K(1058816K)], 0.6225454 secs] [Times: user=0.63 sys=0.00, real=0.62 secs] 
2016-06-27T18:46:42.217+0300: 598.553: Total time for which application threads were stopped: 0.6228435 seconds, Stopping threads took: 0.0000535 seconds
2016-06-27T18:46:42.275+0300: 598.612: Total time for which application threads were stopped: 0.0016328 seconds, Stopping threads took: 0.0002369 seconds
2016-06-27T18:46:42.287+0300: 598.623: Total time for which application threads were stopped: 0.0004717 seconds, Stopping threads took: 0.0000907 seconds
2016-06-27T18:46:42.588+0300: 598.925: [GC (Allocation Failure) 2016-06-27T18:46:42.589+0300: 598.925: [ParNew
Desired survivor size 17432576 bytes, new threshold 1 (max 6)
- age   1:   34849840 bytes,   34849840 total
: 271971K->34048K(306688K), 0.0357053 secs] 4075454K->4070542K(5208832K), 0.0358789 secs] [Times: user=0.11 sys=0.02, real=0.04 secs] 
2016-06-27T18:46:42.624+0300: 598.961: Total time for which application threads were stopped: 0.0369117 seconds, Stopping threads took: 0.0006505 seconds
2016-06-27T18:46:42.948+0300: 599.285: [GC (Allocation Failure) 2016-06-27T18:46:42.949+0300: 599.285: [ParNew
Desired survivor size 17432576 bytes, new threshold 1 (max 6)
- age   1:   34842688 bytes,   34842688 total
: 306617K->34047K(306688K), 0.0381934 secs] 4343112K->4338580K(5208832K), 0.0383901 secs] [Times: user=0.13 sys=0.00, real=0.04 secs] 
2016-06-27T18:46:42.987+0300: 599.323: Total time for which application threads were stopped: 0.0411031 seconds, Stopping threads took: 0.0023106 seconds
2016-06-27T18:46:42.988+0300: 599.324: [GC (CMS Initial Mark) [1 CMS-initial-mark: 4304532K(4902144K)] 4339580K(5208832K), 0.0004691 secs] [Times: user=0.00 sys=0.00, real=0.00 secs] 
2016-06-27T18:46:42.988+0300: 599.325: Total time for which application threads were stopped: 0.0010914 seconds, Stopping threads took: 0.0001865 seconds
2016-06-27T18:46:42.988+0300: 599.325: [CMS-concurrent-mark-start]
2016-06-27T18:46:43.040+0300: 599.376: [CMS-concurrent-mark: 0.052/0.052 secs] [Times: user=0.25 sys=0.00, real=0.05 secs] 
2016-06-27T18:46:43.040+0300: 599.376: [CMS-concurrent-preclean-start]
2016-06-27T18:46:43.050+0300: 599.386: [CMS-concurrent-preclean: 0.010/0.010 secs] [Times: user=0.00 sys=0.00, real=0.01 secs] 
2016-06-27T18:46:43.050+0300: 599.386: [CMS-concurrent-abortable-preclean-start]
2016-06-27T18:46:43.279+0300: 599.615: Total time for which application threads were stopped: 0.0042359 seconds, Stopping threads took: 0.0025903 seconds
2016-06-27T18:46:43.382+0300: 599.719: [GC (Allocation Failure) 2016-06-27T18:46:43.382+0300: 599.719: [ParNew2016-06-27T18:46:43.414+0300: 599.750: [CMS-concurrent-abortable-preclean: 0.031/0.364 secs] [Times: user=1.45 sys=0.00, real=0.36 secs] 

Desired survivor size 17432576 bytes, new threshold 1 (max 6)
- age   1:   34855472 bytes,   34855472 total
: 306687K->34044K(306688K), 0.0377606 secs] 4611220K->4604605K(5208832K), 0.0379573 secs] [Times: user=0.13 sys=0.00, real=0.04 secs] 
2016-06-27T18:46:43.420+0300: 599.757: Total time for which application threads were stopped: 0.0390273 seconds, Stopping threads took: 0.0006954 seconds
2016-06-27T18:46:43.422+0300: 599.758: [GC (CMS Final Remark) [YG occupancy: 36263 K (306688 K)]2016-06-27T18:46:43.422+0300: 599.758: [Rescan (parallel) , 0.0041705 secs]2016-06-27T18:46:43.426+0300: 599.762: [weak refs processing, 0.0000282 secs]2016-06-27T18:46:43.426+0300: 599.762: [class unloading, 0.0027438 secs]2016-06-27T18:46:43.429+0300: 599.765: [scrub symbol table, 0.0012235 secs]2016-06-27T18:46:43.430+0300: 599.766: [scrub string table, 0.0002805 secs][1 CMS-remark: 4570561K(4902144K)] 4606824K(5208832K), 0.0087802 secs] [Times: user=0.02 sys=0.00, real=0.01 secs] 
2016-06-27T18:46:43.430+0300: 599.767: Total time for which application threads were stopped: 0.0102209 seconds, Stopping threads took: 0.0010721 seconds
2016-06-27T18:46:43.507+0300: 599.843: [CMS-concurrent-sweep-start]
2016-06-27T18:46:43.516+0300: 599.852: [CMS-concurrent-sweep: 0.009/0.009 secs] [Times: user=0.00 sys=0.00, real=0.01 secs] 
2016-06-27T18:46:43.516+0300: 599.852: [CMS-concurrent-reset-start]
2016-06-27T18:46:43.522+0300: 599.858: [CMS-concurrent-reset: 0.006/0.006 secs] [Times: user=0.06 sys=0.00, real=0.01 secs] 
2016-06-27T18:46:43.744+0300: 600.080: [GC (Allocation Failure) 2016-06-27T18:46:43.744+0300: 600.080: [ParNew
Desired survivor size 17432576 bytes, new threshold 1 (max 6)
- age   1:   34848008 bytes,   34848008 total
: 305822K->34048K(306688K), 0.0376687 secs] 4486328K->4481597K(5208832K), 0.0378342 secs] [Times: user=0.13 sys=0.00, real=0.04 secs] 
2016-06-27T18:46:43.782+0300: 600.118: Total time for which application threads were stopped: 0.0415287 seconds, Stopping threads took: 0.0032998 seconds
2016-06-27T18:46:43.782+0300: 600.119: [GC (CMS Initial Mark) [1 CMS-initial-mark: 4447549K(4902144K)] 4482597K(5208832K), 0.0003733 secs] [Times: user=0.00 sys=0.00, real=0.00 secs] 
2016-06-27T18:46:43.783+0300: 600.119: Total time for which application threads were stopped: 0.0007493 seconds, Stopping threads took: 0.0000736 seconds
2016-06-27T18:46:43.783+0300: 600.119: [CMS-concurrent-mark-start]
2016-06-27T18:46:43.835+0300: 600.171: [CMS-concurrent-mark: 0.052/0.052 secs] [Times: user=0.25 sys=0.00, real=0.05 secs] 
2016-06-27T18:46:43.835+0300: 600.171: [CMS-concurrent-preclean-start]
2016-06-27T18:46:43.845+0300: 600.181: [CMS-concurrent-preclean: 0.010/0.010 secs] [Times: user=0.00 sys=0.00, real=0.01 secs] 
2016-06-27T18:46:43.845+0300: 600.181: [CMS-concurrent-abortable-preclean-start]
2016-06-27T18:46:44.156+0300: 600.493: [GC (Allocation Failure) 2016-06-27T18:46:44.157+0300: 600.493: [ParNew2016-06-27T18:46:44.189+0300: 600.525: [CMS-concurrent-abortable-preclean: 0.031/0.344 secs] [Times: user=1.33 sys=0.02, real=0.34 secs] 

Desired survivor size 17432576 bytes, new threshold 1 (max 6)
- age   1:   34848920 bytes,   34848920 total
: 306501K->34039K(306688K), 0.0413533 secs] 4754051K->4748622K(5208832K), 0.0415214 secs] [Times: user=0.19 sys=0.00, real=0.04 secs] 
2016-06-27T18:46:44.199+0300: 600.535: Total time for which application threads were stopped: 0.0459583 seconds, Stopping threads took: 0.0040157 seconds
2016-06-27T18:46:44.200+0300: 600.536: [GC (CMS Final Remark) [YG occupancy: 35039 K (306688 K)]2016-06-27T18:46:44.200+0300: 600.536: [Rescan (parallel) , 0.0042192 secs]2016-06-27T18:46:44.205+0300: 600.541: [weak refs processing, 0.0000239 secs]2016-06-27T18:46:44.205+0300: 600.541: [class unloading, 0.0025963 secs]2016-06-27T18:46:44.207+0300: 600.543: [scrub symbol table, 0.0013108 secs]2016-06-27T18:46:44.209+0300: 600.545: [scrub string table, 0.0003515 secs][1 CMS-remark: 4714583K(4902144K)] 4749622K(5208832K), 0.0088328 secs] [Times: user=0.01 sys=0.00, real=0.01 secs] 
2016-06-27T18:46:44.209+0300: 600.545: Total time for which application threads were stopped: 0.0094884 seconds, Stopping threads took: 0.0002994 seconds
2016-06-27T18:46:44.279+0300: 600.615: Total time for which application threads were stopped: 0.0047778 seconds, Stopping threads took: 0.0026758 seconds
2016-06-27T18:46:44.550+0300: 600.886: [CMS-concurrent-sweep-start]
2016-06-27T18:46:44.552+0300: 600.889: [GC (Allocation Failure) 2016-06-27T18:46:44.552+0300: 600.889: [ParNew: 306404K->306404K(306688K), 0.0000316 secs]2016-06-27T18:46:44.552+0300: 600.889: [CMS2016-06-27T18:46:44.561+0300: 600.897: [CMS-concurrent-sweep: 0.011/0.011 secs] [Times: user=0.02 sys=0.01, real=0.01 secs] 
 (concurrent mode failure): 4714583K->3949502K(4902144K), 0.7176391 secs] 5020987K->3949502K(5208832K), [Metaspace: 9109K->9109K(1058816K)], 0.7179547 secs] [Times: user=0.72 sys=0.00, real=0.72 secs] 
2016-06-27T18:46:45.270+0300: 601.607: Total time for which application threads were stopped: 0.7205270 seconds, Stopping threads took: 0.0021887 seconds
2016-06-27T18:46:45.276+0300: 601.612: Total time for which application threads were stopped: 0.0013698 seconds, Stopping threads took: 0.0000830 seconds
2016-06-27T18:46:45.604+0300: 601.941: [GC (Allocation Failure) 2016-06-27T18:46:45.604+0300: 601.941: [ParNew
Desired survivor size 17432576 bytes, new threshold 1 (max 6)
- age   1:   34849800 bytes,   34849800 total
: 272298K->34047K(306688K), 0.0353546 secs] 4221800K->4215562K(5208832K), 0.0355218 secs] [Times: user=0.13 sys=0.00, real=0.04 secs] 
2016-06-27T18:46:45.640+0300: 601.976: Total time for which application threads were stopped: 0.0362651 seconds, Stopping threads took: 0.0004631 seconds
2016-06-27T18:46:45.957+0300: 602.293: [GC (Allocation Failure) 2016-06-27T18:46:45.957+0300: 602.293: [ParNew
Desired survivor size 17432576 bytes, new threshold 1 (max 6)
- age   1:   34846112 bytes,   34846112 total
: 306005K->34040K(306688K), 0.0400468 secs] 4487519K->4482591K(5208832K), 0.0401666 secs] [Times: user=0.19 sys=0.00, real=0.04 secs] 
2016-06-27T18:46:45.997+0300: 602.333: Total time for which application threads were stopped: 0.0410433 seconds, Stopping threads took: 0.0005808 seconds
2016-06-27T18:46:45.997+0300: 602.334: [GC (CMS Initial Mark) [1 CMS-initial-mark: 4448550K(4902144K)] 4483591K(5208832K), 0.0003336 secs] [Times: user=0.00 sys=0.00, real=0.00 secs] 
2016-06-27T18:46:45.998+0300: 602.334: Total time for which application threads were stopped: 0.0006252 seconds, Stopping threads took: 0.0000706 seconds
2016-06-27T18:46:45.998+0300: 602.334: [CMS-concurrent-mark-start]
2016-06-27T18:46:46.051+0300: 602.387: [CMS-concurrent-mark: 0.053/0.053 secs] [Times: user=0.19 sys=0.00, real=0.05 secs] 
2016-06-27T18:46:46.051+0300: 602.388: [CMS-concurrent-preclean-start]
2016-06-27T18:46:46.061+0300: 602.398: [CMS-concurrent-preclean: 0.010/0.010 secs] [Times: user=0.06 sys=0.00, real=0.01 secs] 
2016-06-27T18:46:46.061+0300: 602.398: [CMS-concurrent-abortable-preclean-start]
2016-06-27T18:46:46.277+0300: 602.613: Total time for which application threads were stopped: 0.0024517 seconds, Stopping threads took: 0.0008801 seconds
2016-06-27T18:46:46.414+0300: 602.751: [GC (Allocation Failure) 2016-06-27T18:46:46.414+0300: 602.751: [ParNew
Desired survivor size 17432576 bytes, new threshold 1 (max 6)
- age   1:   34854384 bytes,   34854384 total
: 306680K->34048K(306688K), 0.0378444 secs] 4755231K->4748630K(5208832K), 0.0379838 secs] [Times: user=0.13 sys=0.00, real=0.04 secs] 
2016-06-27T18:46:46.453+0300: 602.789: Total time for which application threads were stopped: 0.0398801 seconds, Stopping threads took: 0.0016212 seconds
2016-06-27T18:46:46.686+0300: 603.022: [CMS-concurrent-abortable-preclean: 0.076/0.624 secs] [Times: user=2.48 sys=0.00, real=0.63 secs] 
2016-06-27T18:46:46.693+0300: 603.029: [GC (CMS Final Remark) [YG occupancy: 238318 K (306688 K)]2016-06-27T18:46:46.693+0300: 603.029: [Rescan (parallel) , 0.0041457 secs]2016-06-27T18:46:46.697+0300: 603.034: [weak refs processing, 0.0000265 secs]2016-06-27T18:46:46.697+0300: 603.034: [class unloading, 0.0019138 secs]2016-06-27T18:46:46.699+0300: 603.036: [scrub symbol table, 0.0007360 secs]2016-06-27T18:46:46.700+0300: 603.036: [scrub string table, 0.0001946 secs][1 CMS-remark: 4714582K(4902144K)] 4952900K(5208832K), 0.0072748 secs] [Times: user=0.00 sys=0.00, real=0.01 secs] 
2016-06-27T18:46:46.700+0300: 603.037: Total time for which application threads were stopped: 0.0089983 seconds, Stopping threads took: 0.0014587 seconds
2016-06-27T18:46:46.711+0300: 603.047: [CMS-concurrent-sweep-start]
2016-06-27T18:46:46.719+0300: 603.056: [CMS-concurrent-sweep: 0.009/0.009 secs] [Times: user=0.00 sys=0.00, real=0.01 secs] 
2016-06-27T18:46:46.719+0300: 603.056: [CMS-concurrent-reset-start]
2016-06-27T18:46:46.726+0300: 603.062: [CMS-concurrent-reset: 0.006/0.006 secs] [Times: user=0.06 sys=0.00, real=0.01 secs] 
2016-06-27T18:46:46.789+0300: 603.126: [GC (Allocation Failure) 2016-06-27T18:46:46.789+0300: 603.126: [ParNew
Desired survivor size 17432576 bytes, new threshold 1 (max 6)
- age   1:   34849840 bytes,   34849840 total
: 305834K->34044K(306688K), 0.0372513 secs] 4570353K->4556606K(5208832K), 0.0374198 secs] [Times: user=0.13 sys=0.00, real=0.04 secs] 
2016-06-27T18:46:46.827+0300: 603.163: Total time for which application threads were stopped: 0.0382293 seconds, Stopping threads took: 0.0003477 seconds
2016-06-27T18:46:47.010+0300: 603.347: [GC (CMS Initial Mark) [1 CMS-initial-mark: 4522561K(4902144K)] 4702543K(5208832K), 0.0004097 secs] [Times: user=0.00 sys=0.00, real=0.00 secs] 
2016-06-27T18:46:47.011+0300: 603.347: Total time for which application threads were stopped: 0.0011863 seconds, Stopping threads took: 0.0004730 seconds
2016-06-27T18:46:47.011+0300: 603.347: [CMS-concurrent-mark-start]
2016-06-27T18:46:47.063+0300: 603.400: [CMS-concurrent-mark: 0.052/0.052 secs] [Times: user=0.19 sys=0.00, real=0.05 secs] 
2016-06-27T18:46:47.063+0300: 603.400: [CMS-concurrent-preclean-start]
2016-06-27T18:46:47.073+0300: 603.410: [CMS-concurrent-preclean: 0.010/0.010 secs] [Times: user=0.06 sys=0.00, real=0.01 secs] 
2016-06-27T18:46:47.073+0300: 603.410: [CMS-concurrent-abortable-preclean-start]
2016-06-27T18:46:47.201+0300: 603.537: [GC (Allocation Failure) 2016-06-27T18:46:47.201+0300: 603.537: [ParNew
Desired survivor size 17432576 bytes, new threshold 1 (max 6)
- age   1:   34849240 bytes,   34849240 total
: 306684K->34048K(306688K), 0.0388990 secs] 4829246K->4824645K(5208832K), 0.0390564 secs] [Times: user=0.19 sys=0.00, real=0.04 secs] 
2016-06-27T18:46:47.240+0300: 603.576: Total time for which application threads were stopped: 0.0396915 seconds, Stopping threads took: 0.0003041 seconds
2016-06-27T18:46:47.279+0300: 603.615: Total time for which application threads were stopped: 0.0021524 seconds, Stopping threads took: 0.0001621 seconds
2016-06-27T18:46:47.390+0300: 603.726: [CMS-concurrent-abortable-preclean: 0.053/0.316 secs] [Times: user=1.23 sys=0.00, real=0.32 secs] 
2016-06-27T18:46:47.577+0300: 603.914: [GC (Allocation Failure) 2016-06-27T18:46:47.577+0300: 603.914: [ParNew: 306052K->306052K(306688K), 0.0000248 secs]2016-06-27T18:46:47.577+0300: 603.914: [CMS (concurrent mode failure): 4790597K->4020516K(4902144K), 0.6200385 secs] 5096650K->4020516K(5208832K), [Metaspace: 9110K->9110K(1058816K)], 0.6202015 secs] [Times: user=0.63 sys=0.00, real=0.62 secs] 
2016-06-27T18:46:48.197+0300: 604.534: Total time for which application threads were stopped: 0.6210320 seconds, Stopping threads took: 0.0004610 seconds
2016-06-27T18:46:48.276+0300: 604.613: Total time for which application threads were stopped: 0.0013903 seconds, Stopping threads took: 0.0002096 seconds
2016-06-27T18:46:48.535+0300: 604.871: [GC (Allocation Failure) 2016-06-27T18:46:48.535+0300: 604.871: [ParNew
Desired survivor size 17432576 bytes, new threshold 1 (max 6)
- age   1:   34865008 bytes,   34865008 total
: 272314K->34048K(306688K), 0.0356236 secs] 4292830K->4285905K(5208832K), 0.0357485 secs] [Times: user=0.17 sys=0.02, real=0.04 secs] 
2016-06-27T18:46:48.571+0300: 604.907: Total time for which application threads were stopped: 0.0366889 seconds, Stopping threads took: 0.0006034 seconds
2016-06-27T18:46:48.890+0300: 605.226: [GC (Allocation Failure) 2016-06-27T18:46:48.890+0300: 605.226: [ParNew
Desired survivor size 17432576 bytes, new threshold 1 (max 6)
- age   1:   34858504 bytes,   34858504 total
: 306291K->34048K(306688K), 0.0402046 secs] 4558148K->4552960K(5208832K), 0.0403218 secs] [Times: user=0.19 sys=0.00, real=0.04 secs] 
2016-06-27T18:46:48.930+0300: 605.267: Total time for which application threads were stopped: 0.0413127 seconds, Stopping threads took: 0.0006825 seconds
2016-06-27T18:46:49.265+0300: 605.601: [GC (Allocation Failure) 2016-06-27T18:46:49.265+0300: 605.602: [ParNew
Desired survivor size 17432576 bytes, new threshold 1 (max 6)
- age   1:   34856128 bytes,   34856128 total
: 306049K->34048K(306688K), 0.0394019 secs] 4824962K->4820007K(5208832K), 0.0396491 secs] [Times: user=0.19 sys=0.00, real=0.04 secs] 
2016-06-27T18:46:49.305+0300: 605.641: Total time for which application threads were stopped: 0.0409518 seconds, Stopping threads took: 0.0008515 seconds
2016-06-27T18:46:49.305+0300: 605.642: [GC (CMS Initial Mark) [1 CMS-initial-mark: 4785959K(4902144K)] 4821007K(5208832K), 0.0003810 secs] [Times: user=0.00 sys=0.00, real=0.00 secs] 
2016-06-27T18:46:49.306+0300: 605.642: Total time for which application threads were stopped: 0.0008352 seconds, Stopping threads took: 0.0000748 seconds
2016-06-27T18:46:49.306+0300: 605.642: [CMS-concurrent-mark-start]
2016-06-27T18:46:49.358+0300: 605.694: [CMS-concurrent-mark: 0.052/0.052 secs] [Times: user=0.19 sys=0.00, real=0.05 secs] 
2016-06-27T18:46:49.358+0300: 605.694: [CMS-concurrent-preclean-start]
2016-06-27T18:46:49.368+0300: 605.704: [CMS-concurrent-preclean: 0.010/0.010 secs] [Times: user=0.06 sys=0.00, real=0.01 secs] 
2016-06-27T18:46:49.368+0300: 605.704: [CMS-concurrent-abortable-preclean-start]
2016-06-27T18:46:49.479+0300: 605.815: [CMS-concurrent-abortable-preclean: 0.011/0.111 secs] [Times: user=0.44 sys=0.00, real=0.11 secs] 
2016-06-27T18:46:49.577+0300: 605.913: Total time for which application threads were stopped: 0.0018077 seconds, Stopping threads took: 0.0003391 seconds
2016-06-27T18:46:49.706+0300: 606.042: [GC (Allocation Failure) 2016-06-27T18:46:49.706+0300: 606.042: [ParNew: 306688K->306688K(306688K), 0.0000299 secs]2016-06-27T18:46:49.706+0300: 606.042: [CMS (concurrent mode failure): 4785959K->3915506K(4902144K), 0.6236937 secs] 5092647K->3915506K(5208832K), [Metaspace: 9110K->9110K(1058816K)], 0.6238827 secs] [Times: user=0.63 sys=0.00, real=0.62 secs] 
2016-06-27T18:46:50.330+0300: 606.666: Total time for which application threads were stopped: 0.6244228 seconds, Stopping threads took: 0.0002228 seconds
2016-06-27T18:46:50.334+0300: 606.670: Total time for which application threads were stopped: 0.0020006 seconds, Stopping threads took: 0.0000718 seconds
2016-06-27T18:46:50.658+0300: 606.994: [GC (Allocation Failure) 2016-06-27T18:46:50.664+0300: 607.000: [ParNew
Desired survivor size 17432576 bytes, new threshold 1 (max 6)
- age   1:   34854968 bytes,   34854968 total
: 272185K->34048K(306688K), 0.0347495 secs] 4187691K->4181573K(5208832K), 0.0410531 secs] [Times: user=0.13 sys=0.00, real=0.04 secs] 
2016-06-27T18:46:50.699+0300: 607.035: Total time for which application threads were stopped: 0.0432269 seconds, Stopping threads took: 0.0018013 seconds
2016-06-27T18:46:51.027+0300: 607.363: [GC (Allocation Failure) 2016-06-27T18:46:51.027+0300: 607.363: [ParNew
Desired survivor size 17432576 bytes, new threshold 1 (max 6)
- age   1:   34858856 bytes,   34858856 total
: 306072K->34048K(306688K), 0.0394096 secs] 4453597K->4448619K(5208832K), 0.0395786 secs] [Times: user=0.13 sys=0.00, real=0.04 secs] 
2016-06-27T18:46:51.066+0300: 607.403: Total time for which application threads were stopped: 0.0415261 seconds, Stopping threads took: 0.0015083 seconds
2016-06-27T18:46:51.303+0300: 607.639: Total time for which application threads were stopped: 0.0035410 seconds, Stopping threads took: 0.0018487 seconds
2016-06-27T18:46:51.434+0300: 607.771: [GC (Allocation Failure) 2016-06-27T18:46:51.434+0300: 607.771: [ParNew
Desired survivor size 17432576 bytes, new threshold 1 (max 6)
- age   1:   34862968 bytes,   34862968 total
: 306688K->34048K(306688K), 0.0380933 secs] 4721259K->4713668K(5208832K), 0.0382280 secs] [Times: user=0.13 sys=0.00, real=0.04 secs] 
2016-06-27T18:46:51.473+0300: 607.809: Total time for which application threads were stopped: 0.0404086 seconds, Stopping threads took: 0.0018487 seconds
2016-06-27T18:46:51.790+0300: 608.126: [GC (Allocation Failure) 2016-06-27T18:46:51.790+0300: 608.126: [ParNew: 305752K->305752K(306688K), 0.0000368 secs]2016-06-27T18:46:51.790+0300: 608.126: [CMS: 4679620K->3990494K(4902144K), 0.7213485 secs] 4985372K->3990494K(5208832K), [Metaspace: 9110K->9110K(1058816K)], 0.7215380 secs] [Times: user=0.72 sys=0.00, real=0.72 secs] 
2016-06-27T18:46:52.512+0300: 608.848: Total time for which application threads were stopped: 0.7255892 seconds, Stopping threads took: 0.0036804 seconds
2016-06-27T18:46:52.515+0300: 608.851: Total time for which application threads were stopped: 0.0017354 seconds, Stopping threads took: 0.0000731 seconds
2016-06-27T18:46:52.859+0300: 609.195: [GC (Allocation Failure) 2016-06-27T18:46:52.859+0300: 609.195: [ParNew
Desired survivor size 17432576 bytes, new threshold 1 (max 6)
- age   1:   34864080 bytes,   34864080 total
: 272264K->34048K(306688K), 0.0360615 secs] 4262759K->4257053K(5208832K), 0.0361932 secs] [Times: user=0.13 sys=0.00, real=0.04 secs] 
2016-06-27T18:46:52.895+0300: 609.231: Total time for which application threads were stopped: 0.0374146 seconds, Stopping threads took: 0.0008318 seconds
2016-06-27T18:46:53.212+0300: 609.549: [GC (Allocation Failure) 2016-06-27T18:46:53.212+0300: 609.549: [ParNew
Desired survivor size 17432576 bytes, new threshold 1 (max 6)
- age   1:   34854536 bytes,   34854536 total
: 306253K->34046K(306688K), 0.0396320 secs] 4529259K->4524106K(5208832K), 0.0397659 secs] [Times: user=0.13 sys=0.00, real=0.04 secs] 
2016-06-27T18:46:53.252+0300: 609.588: Total time for which application threads were stopped: 0.0407405 seconds, Stopping threads took: 0.0006701 seconds
2016-06-27T18:46:53.579+0300: 609.915: [GC (Allocation Failure) 2016-06-27T18:46:53.579+0300: 609.915: [ParNew
Desired survivor size 17432576 bytes, new threshold 1 (max 6)
- age   1:   34848048 bytes,   34848048 total
: 306201K->34048K(306688K), 0.0394729 secs] 4796261K->4791149K(5208832K), 0.0396461 secs] [Times: user=0.16 sys=0.00, real=0.04 secs] 
2016-06-27T18:46:53.618+0300: 609.955: Total time for which application threads were stopped: 0.0419683 seconds, Stopping threads took: 0.0018872 seconds
2016-06-27T18:46:53.958+0300: 610.294: [GC (Allocation Failure) 2016-06-27T18:46:53.958+0300: 610.294: [ParNew: 305797K->305797K(306688K), 0.0000359 secs]2016-06-27T18:46:53.958+0300: 610.294: [CMS: 4757101K->3977489K(4902144K), 0.6231429 secs] 5062898K->3977489K(5208832K), [Metaspace: 9110K->9110K(1058816K)], 0.6233246 secs] [Times: user=0.61 sys=0.00, real=0.62 secs] 
2016-06-27T18:46:54.581+0300: 610.918: Total time for which application threads were stopped: 0.6319209 seconds, Stopping threads took: 0.0081472 seconds
2016-06-27T18:46:54.904+0300: 611.241: [GC (Allocation Failure) 2016-06-27T18:46:54.905+0300: 611.241: [ParNew
Desired survivor size 17432576 bytes, new threshold 1 (max 6)
- age   1:   34851560 bytes,   34851560 total
: 272335K->34048K(306688K), 0.0344976 secs] 4249825K->4244549K(5208832K), 0.0346242 secs] [Times: user=0.13 sys=0.00, real=0.03 secs] 
2016-06-27T18:46:54.939+0300: 611.275: Total time for which application threads were stopped: 0.0354786 seconds, Stopping threads took: 0.0004991 seconds
2016-06-27T18:46:55.256+0300: 611.592: [GC (Allocation Failure) 2016-06-27T18:46:55.256+0300: 611.592: [ParNew
Desired survivor size 17432576 bytes, new threshold 1 (max 6)
- age   1:   34842744 bytes,   34842744 total
: 305862K->34034K(306688K), 0.0393626 secs] 4516363K->4511573K(5208832K), 0.0394947 secs] [Times: user=0.13 sys=0.00, real=0.04 secs] 
2016-06-27T18:46:55.295+0300: 611.632: Total time for which application threads were stopped: 0.0406622 seconds, Stopping threads took: 0.0007236 seconds
2016-06-27T18:46:55.621+0300: 611.958: [GC (Allocation Failure) 2016-06-27T18:46:55.622+0300: 611.958: [ParNew
Desired survivor size 17432576 bytes, new threshold 1 (max 6)
- age   1:   34847952 bytes,   34847952 total
: 306302K->34048K(306688K), 0.0477219 secs] 4783841K->4778616K(5208832K), 0.0478840 secs] [Times: user=0.16 sys=0.00, real=0.05 secs] 
2016-06-27T18:46:55.669+0300: 612.006: Total time for which application threads were stopped: 0.0491914 seconds, Stopping threads took: 0.0007830 seconds
2016-06-27T18:46:56.042+0300: 612.379: Total time for which application threads were stopped: 0.0018693 seconds, Stopping threads took: 0.0014010 seconds
2016-06-27T18:46:56.116+0300: 612.452: [GC (Allocation Failure) 2016-06-27T18:46:56.116+0300: 612.452: [ParNew: 306688K->306688K(306688K), 0.0000419 secs]2016-06-27T18:46:56.116+0300: 612.452: [CMS: 4744568K->3935501K(4902144K), 0.6144700 secs] 5051256K->3935501K(5208832K), [Metaspace: 9110K->9110K(1058816K)], 0.6146783 secs] [Times: user=0.61 sys=0.00, real=0.61 secs] 
2016-06-27T18:46:56.730+0300: 613.067: Total time for which application threads were stopped: 0.6151859 seconds, Stopping threads took: 0.0000915 seconds
2016-06-27T18:46:57.047+0300: 613.383: [GC (Allocation Failure) 2016-06-27T18:46:57.047+0300: 613.383: [ParNew
Desired survivor size 17432576 bytes, new threshold 1 (max 6)
- age   1:   34864080 bytes,   34864080 total
: 272101K->34048K(306688K), 0.0357566 secs] 4207602K->4202562K(5208832K), 0.0359007 secs] [Times: user=0.17 sys=0.00, real=0.04 secs] 
2016-06-27T18:46:57.083+0300: 613.419: Total time for which application threads were stopped: 0.0376011 seconds, Stopping threads took: 0.0013693 seconds
2016-06-27T18:46:57.303+0300: 613.639: Total time for which application threads were stopped: 0.0012633 seconds, Stopping threads took: 0.0004974 seconds
2016-06-27T18:46:57.451+0300: 613.787: [GC (Allocation Failure) 2016-06-27T18:46:57.451+0300: 613.788: [ParNew
Desired survivor size 17432576 bytes, new threshold 1 (max 6)
- age   1:   34862544 bytes,   34862544 total
: 306688K->34048K(306688K), 0.0380758 secs] 4475202K->4468617K(5208832K), 0.0382413 secs] [Times: user=0.19 sys=0.00, real=0.04 secs] 
2016-06-27T18:46:57.489+0300: 613.826: Total time for which application threads were stopped: 0.0409094 seconds, Stopping threads took: 0.0023046 seconds
2016-06-27T18:46:57.801+0300: 614.137: [GC (Allocation Failure) 2016-06-27T18:46:57.801+0300: 614.137: [ParNew
Desired survivor size 17432576 bytes, new threshold 1 (max 6)
- age   1:   34858568 bytes,   34858568 total
: 305903K->34048K(306688K), 0.0397270 secs] 4740472K->4735669K(5208832K), 0.0398856 secs] [Times: user=0.19 sys=0.00, real=0.04 secs] 
2016-06-27T18:46:57.841+0300: 614.177: Total time for which application threads were stopped: 0.0426264 seconds, Stopping threads took: 0.0023525 seconds
2016-06-27T18:46:58.168+0300: 614.505: [GC (Allocation Failure) 2016-06-27T18:46:58.169+0300: 614.505: [ParNew: 306383K->306383K(306688K), 0.0000351 secs]2016-06-27T18:46:58.169+0300: 614.505: [CMS: 4701621K->3847492K(4902144K), 0.7187476 secs] 5008004K->3847492K(5208832K), [Metaspace: 9110K->9110K(1058816K)], 0.7189695 secs] [Times: user=0.72 sys=0.00, real=0.72 secs] 
2016-06-27T18:46:58.888+0300: 615.224: Total time for which application threads were stopped: 0.7224925 seconds, Stopping threads took: 0.0030718 seconds
2016-06-27T18:46:59.053+0300: 615.389: Total time for which application threads were stopped: 0.0026147 seconds, Stopping threads took: 0.0017799 seconds
2016-06-27T18:46:59.254+0300: 615.591: [GC (Allocation Failure) 2016-06-27T18:46:59.254+0300: 615.591: [ParNew
Desired survivor size 17432576 bytes, new threshold 1 (max 6)
- age   1:   34860640 bytes,   34860640 total
: 272640K->34048K(306688K), 0.0370199 secs] 4120132K->4113567K(5208832K), 0.0371790 secs] [Times: user=0.19 sys=0.00, real=0.04 secs] 
2016-06-27T18:46:59.291+0300: 615.628: Total time for which application threads were stopped: 0.0385783 seconds, Stopping threads took: 0.0010212 seconds
2016-06-27T18:46:59.489+0300: 615.826: Total time for which application threads were stopped: 0.0015904 seconds, Stopping threads took: 0.0008344 seconds
2016-06-27T18:46:59.634+0300: 615.970: [GC (Allocation Failure) 2016-06-27T18:46:59.634+0300: 615.970: [ParNew
Desired survivor size 17432576 bytes, new threshold 1 (max 6)
- age   1:   33874448 bytes,   33874448 total
: 306372K->33096K(306688K), 0.0379325 secs] 4385892K->4381662K(5208832K), 0.0380912 secs] [Times: user=0.13 sys=0.00, real=0.04 secs] 
2016-06-27T18:46:59.672+0300: 616.008: Total time for which application threads were stopped: 0.0412421 seconds, Stopping threads took: 0.0027716 seconds
2016-06-27T18:46:59.990+0300: 616.326: [GC (Allocation Failure) 2016-06-27T18:46:59.990+0300: 616.327: [ParNew
Desired survivor size 17432576 bytes, new threshold 1 (max 6)
- age   1:   33828368 bytes,   33828368 total
: 305569K->33071K(306688K), 0.0366376 secs] 4654135K->4622683K(5208832K), 0.0368069 secs] [Times: user=0.13 sys=0.00, real=0.04 secs] 
2016-06-27T18:47:00.027+0300: 616.363: Total time for which application threads were stopped: 0.0385171 seconds, Stopping threads took: 0.0012804 seconds
2016-06-27T18:47:00.306+0300: 616.642: Total time for which application threads were stopped: 0.0035970 seconds, Stopping threads took: 0.0027233 seconds
2016-06-27T18:47:00.392+0300: 616.728: [GC (Allocation Failure) 2016-06-27T18:47:00.392+0300: 616.728: [ParNew
Desired survivor size 17432576 bytes, new threshold 1 (max 6)
- age   1:   34859968 bytes,   34859968 total
: 305711K->34046K(306688K), 0.0381404 secs] 4895323K->4887704K(5208832K), 0.0384102 secs] [Times: user=0.19 sys=0.00, real=0.04 secs] 
2016-06-27T18:47:00.431+0300: 616.767: Total time for which application threads were stopped: 0.0396940 seconds, Stopping threads took: 0.0007108 seconds
2016-06-27T18:47:00.738+0300: 617.075: [GC (Allocation Failure) 2016-06-27T18:47:00.738+0300: 617.075: [ParNew: 306296K->306296K(306688K), 0.0000351 secs]2016-06-27T18:47:00.738+0300: 617.075: [CMS: 4853657K->3799497K(4902144K), 0.6401567 secs] 5159954K->3799497K(5208832K), [Metaspace: 9110K->9110K(1058816K)], 0.6403594 secs] [Times: user=0.64 sys=0.00, real=0.64 secs] 
2016-06-27T18:47:01.379+0300: 617.715: Total time for which application threads were stopped: 0.6417552 seconds, Stopping threads took: 0.0009994 seconds
2016-06-27T18:47:01.381+0300: 617.718: Total time for which application threads were stopped: 0.0009631 seconds, Stopping threads took: 0.0001112 seconds
2016-06-27T18:47:01.723+0300: 618.060: [GC (Allocation Failure) 2016-06-27T18:47:01.723+0300: 618.060: [ParNew
Desired survivor size 17432576 bytes, new threshold 1 (max 6)
- age   1:   34858720 bytes,   34858720 total
: 271700K->34048K(306688K), 0.0358888 secs] 4071198K->4064569K(5208832K), 0.0360444 secs] [Times: user=0.13 sys=0.00, real=0.04 secs] 
2016-06-27T18:47:01.759+0300: 618.096: Total time for which application threads were stopped: 0.0369510 seconds, Stopping threads took: 0.0005286 seconds
2016-06-27T18:47:02.070+0300: 618.406: [GC (Allocation Failure) 2016-06-27T18:47:02.070+0300: 618.406: [ParNew
Desired survivor size 17432576 bytes, new threshold 1 (max 6)
- age   1:   34852888 bytes,   34852888 total
: 306051K->34048K(306688K), 0.0392369 secs] 4336573K->4331619K(5208832K), 0.0396153 secs] [Times: user=0.13 sys=0.00, real=0.04 secs] 
2016-06-27T18:47:02.109+0300: 618.446: Total time for which application threads were stopped: 0.0406220 seconds, Stopping threads took: 0.0006167 seconds
2016-06-27T18:47:02.304+0300: 618.640: Total time for which application threads were stopped: 0.0012988 seconds, Stopping threads took: 0.0003682 seconds
2016-06-27T18:47:02.441+0300: 618.778: [GC (Allocation Failure) 2016-06-27T18:47:02.441+0300: 618.778: [ParNew
Desired survivor size 17432576 bytes, new threshold 1 (max 6)
- age   1:   34853592 bytes,   34853592 total
: 306450K->34046K(306688K), 0.0388485 secs] 4604022K->4598662K(5208832K), 0.0390290 secs] [Times: user=0.17 sys=0.00, real=0.04 secs] 
2016-06-27T18:47:02.480+0300: 618.817: Total time for which application threads were stopped: 0.0397231 seconds, Stopping threads took: 0.0002857 seconds
2016-06-27T18:47:02.815+0300: 619.151: [GC (Allocation Failure) 2016-06-27T18:47:02.815+0300: 619.151: [ParNew
Desired survivor size 17432576 bytes, new threshold 1 (max 6)
- age   1:   34858200 bytes,   34858200 total
: 306577K->34046K(306688K), 0.0388982 secs] 4871193K->4865708K(5208832K), 0.0390718 secs] [Times: user=0.19 sys=0.00, real=0.04 secs] 
2016-06-27T18:47:02.854+0300: 619.190: Total time for which application threads were stopped: 0.0404475 seconds, Stopping threads took: 0.0009502 seconds
2016-06-27T18:47:03.180+0300: 619.516: [GC (Allocation Failure) 2016-06-27T18:47:03.180+0300: 619.516: [ParNew: 306121K->306121K(306688K), 0.0000368 secs]2016-06-27T18:47:03.180+0300: 619.516: [CMS: 4831662K->3752491K(4902144K), 0.6288294 secs] 5137784K->3752491K(5208832K), [Metaspace: 9110K->9110K(1058816K)], 0.6290385 secs] [Times: user=0.63 sys=0.00, real=0.63 secs] 
2016-06-27T18:47:03.809+0300: 620.145: Total time for which application threads were stopped: 0.6314402 seconds, Stopping threads took: 0.0019373 seconds
2016-06-27T18:47:04.151+0300: 620.487: [GC (Allocation Failure) 2016-06-27T18:47:04.151+0300: 620.487: [ParNew
Desired survivor size 17432576 bytes, new threshold 1 (max 6)
- age   1:   34850456 bytes,   34850456 total
: 272640K->34048K(306688K), 0.0362279 secs] 4025131K->4019551K(5208832K), 0.0364233 secs] [Times: user=0.13 sys=0.00, real=0.04 secs] 
2016-06-27T18:47:04.187+0300: 620.524: Total time for which application threads were stopped: 0.0385163 seconds, Stopping threads took: 0.0016507 seconds
2016-06-27T18:47:04.505+0300: 620.841: [GC (Allocation Failure) 2016-06-27T18:47:04.505+0300: 620.842: [ParNew
Desired survivor size 17432576 bytes, new threshold 1 (max 6)
- age   1:   34849160 bytes,   34849160 total
: 306688K->34048K(306688K), 0.0389525 secs] 4292191K->4286588K(5208832K), 0.0391077 secs] [Times: user=0.13 sys=0.00, real=0.04 secs] 
2016-06-27T18:47:04.545+0300: 620.881: Total time for which application threads were stopped: 0.0405318 seconds, Stopping threads took: 0.0009537 seconds
2016-06-27T18:47:04.888+0300: 621.225: [GC (Allocation Failure) 2016-06-27T18:47:04.888+0300: 621.225: [ParNew
Desired survivor size 17432576 bytes, new threshold 1 (max 6)
- age   1:   34845088 bytes,   34845088 total
: 306641K->34041K(306688K), 0.0387408 secs] 4559181K->4554617K(5208832K), 0.0389392 secs] [Times: user=0.19 sys=0.00, real=0.04 secs] 
2016-06-27T18:47:04.927+0300: 621.264: Total time for which application threads were stopped: 0.0414376 seconds, Stopping threads took: 0.0019783 seconds
2016-06-27T18:47:05.286+0300: 621.622: [GC (Allocation Failure) 2016-06-27T18:47:05.286+0300: 621.622: [ParNew
Desired survivor size 17432576 bytes, new threshold 1 (max 6)
- age   1:   34847072 bytes,   34847072 total
: 306681K->34048K(306688K), 0.0392463 secs] 4827257K->4821656K(5208832K), 0.0394169 secs] [Times: user=0.19 sys=0.00, real=0.04 secs] 
2016-06-27T18:47:05.325+0300: 621.661: Total time for which application threads were stopped: 0.0427479 seconds, Stopping threads took: 0.0028965 seconds
2016-06-27T18:47:05.327+0300: 621.663: [GC (CMS Initial Mark) [1 CMS-initial-mark: 4787608K(4902144K)] 4826000K(5208832K), 0.0004110 secs] [Times: user=0.00 sys=0.00, real=0.00 secs] 
2016-06-27T18:47:05.328+0300: 621.664: Total time for which application threads were stopped: 0.0008630 seconds, Stopping threads took: 0.0000838 seconds
2016-06-27T18:47:05.328+0300: 621.664: [CMS-concurrent-mark-start]
2016-06-27T18:47:05.379+0300: 621.715: [CMS-concurrent-mark: 0.052/0.052 secs] [Times: user=0.19 sys=0.00, real=0.05 secs] 
2016-06-27T18:47:05.379+0300: 621.716: [CMS-concurrent-preclean-start]
2016-06-27T18:47:05.389+0300: 621.726: [CMS-concurrent-preclean: 0.010/0.010 secs] [Times: user=0.06 sys=0.00, real=0.01 secs] 
2016-06-27T18:47:05.389+0300: 621.726: [CMS-concurrent-abortable-preclean-start]
2016-06-27T18:47:05.500+0300: 621.836: [CMS-concurrent-abortable-preclean: 0.010/0.110 secs] [Times: user=0.44 sys=0.00, real=0.11 secs] 
2016-06-27T18:47:05.530+0300: 621.866: [GC (CMS Final Remark) [YG occupancy: 191317 K (306688 K)]2016-06-27T18:47:05.530+0300: 621.866: [Rescan (parallel) , 0.0041555 secs]2016-06-27T18:47:05.534+0300: 621.871: [weak refs processing, 0.0000316 secs]2016-06-27T18:47:05.534+0300: 621.871: [class unloading, 0.0023713 secs]2016-06-27T18:47:05.537+0300: 621.873: [scrub symbol table, 0.0017371 secs]2016-06-27T18:47:05.539+0300: 621.875: [scrub string table, 0.0003853 secs][1 CMS-remark: 4787608K(4902144K)] 4978926K(5208832K), 0.0090205 secs] [Times: user=0.02 sys=0.00, real=0.01 secs] 
2016-06-27T18:47:05.539+0300: 621.876: Total time for which application threads were stopped: 0.0131730 seconds, Stopping threads took: 0.0037172 seconds
2016-06-27T18:47:05.540+0300: 621.876: [CMS-concurrent-sweep-start]
2016-06-27T18:47:05.549+0300: 621.885: [CMS-concurrent-sweep: 0.009/0.009 secs] [Times: user=0.00 sys=0.00, real=0.01 secs] 
2016-06-27T18:47:05.549+0300: 621.885: [CMS-concurrent-reset-start]
2016-06-27T18:47:05.555+0300: 621.891: [CMS-concurrent-reset: 0.006/0.006 secs] [Times: user=0.06 sys=0.00, real=0.01 secs] 
2016-06-27T18:47:05.689+0300: 622.025: [GC (Allocation Failure) 2016-06-27T18:47:05.689+0300: 622.025: [ParNew
Desired survivor size 17432576 bytes, new threshold 1 (max 6)
- age   1:   34847920 bytes,   34847920 total
: 305712K->34048K(306688K), 0.0413033 secs] 4103186K->4097557K(5208832K), 0.0414585 secs] [Times: user=0.19 sys=0.00, real=0.04 secs] 
2016-06-27T18:47:05.730+0300: 622.067: Total time for which application threads were stopped: 0.0436143 seconds, Stopping threads took: 0.0016867 seconds
2016-06-27T18:47:06.054+0300: 622.391: [GC (Allocation Failure) 2016-06-27T18:47:06.054+0300: 622.391: [ParNew
Desired survivor size 17432576 bytes, new threshold 1 (max 6)
- age   1:   34850312 bytes,   34850312 total
: 305777K->34046K(306688K), 0.0387284 secs] 4369286K->4364590K(5208832K), 0.0388990 secs] [Times: user=0.13 sys=0.00, real=0.04 secs] 
2016-06-27T18:47:06.093+0300: 622.430: Total time for which application threads were stopped: 0.0437383 seconds, Stopping threads took: 0.0043253 seconds
2016-06-27T18:47:06.134+0300: 622.470: [GC (CMS Initial Mark) [1 CMS-initial-mark: 4330544K(4902144K)] 4394191K(5208832K), 0.0004529 secs] [Times: user=0.00 sys=0.00, real=0.00 secs] 
2016-06-27T18:47:06.134+0300: 622.470: Total time for which application threads were stopped: 0.0065696 seconds, Stopping threads took: 0.0056874 seconds
2016-06-27T18:47:06.134+0300: 622.470: [CMS-concurrent-mark-start]
2016-06-27T18:47:06.186+0300: 622.522: [CMS-concurrent-mark: 0.052/0.052 secs] [Times: user=0.19 sys=0.00, real=0.05 secs] 
2016-06-27T18:47:06.186+0300: 622.522: [CMS-concurrent-preclean-start]
2016-06-27T18:47:06.196+0300: 622.532: [CMS-concurrent-preclean: 0.010/0.010 secs] [Times: user=0.06 sys=0.00, real=0.01 secs] 
2016-06-27T18:47:06.196+0300: 622.533: [CMS-concurrent-abortable-preclean-start]
2016-06-27T18:47:06.450+0300: 622.786: [GC (Allocation Failure) 2016-06-27T18:47:06.450+0300: 622.786: [ParNew
Desired survivor size 17432576 bytes, new threshold 1 (max 6)
- age   1:   34844968 bytes,   34844968 total
: 305692K->34041K(306688K), 0.0378701 secs] 4636236K->4630622K(5208832K), 0.0380381 secs] [Times: user=0.13 sys=0.00, real=0.04 secs] 
2016-06-27T18:47:06.488+0300: 622.824: Total time for which application threads were stopped: 0.0416668 seconds, Stopping threads took: 0.0030633 seconds
2016-06-27T18:47:06.732+0300: 623.068: [CMS-concurrent-abortable-preclean: 0.087/0.536 secs] [Times: user=2.05 sys=0.00, real=0.54 secs] 
2016-06-27T18:47:06.752+0300: 623.088: [GC (CMS Final Remark) [YG occupancy: 230919 K (306688 K)]2016-06-27T18:47:06.752+0300: 623.088: [Rescan (parallel) , 0.0042291 secs]2016-06-27T18:47:06.756+0300: 623.092: [weak refs processing, 0.0000308 secs]2016-06-27T18:47:06.756+0300: 623.093: [class unloading, 0.0023876 secs]2016-06-27T18:47:06.759+0300: 623.095: [scrub symbol table, 0.0021776 secs]2016-06-27T18:47:06.761+0300: 623.097: [scrub string table, 0.0004589 secs][1 CMS-remark: 4596581K(4902144K)] 4827500K(5208832K), 0.0096410 secs] [Times: user=0.06 sys=0.00, real=0.01 secs] 
2016-06-27T18:47:06.762+0300: 623.098: Total time for which application threads were stopped: 0.0136554 seconds, Stopping threads took: 0.0035290 seconds
2016-06-27T18:47:06.762+0300: 623.098: [CMS-concurrent-sweep-start]
2016-06-27T18:47:06.771+0300: 623.107: [CMS-concurrent-sweep: 0.009/0.009 secs] [Times: user=0.06 sys=0.00, real=0.01 secs] 
2016-06-27T18:47:06.771+0300: 623.107: [CMS-concurrent-reset-start]
2016-06-27T18:47:06.778+0300: 623.114: [CMS-concurrent-reset: 0.006/0.006 secs] [Times: user=0.00 sys=0.00, real=0.01 secs] 
2016-06-27T18:47:06.859+0300: 623.195: [GC (Allocation Failure) 2016-06-27T18:47:06.859+0300: 623.196: [ParNew
Desired survivor size 17432576 bytes, new threshold 1 (max 6)
- age   1:   34850520 bytes,   34850520 total
: 306469K->34043K(306688K), 0.0384106 secs] 4347977K->4342584K(5208832K), 0.0386001 secs] [Times: user=0.19 sys=0.00, real=0.04 secs] 
2016-06-27T18:47:06.898+0300: 623.234: Total time for which application threads were stopped: 0.0398749 seconds, Stopping threads took: 0.0007129 seconds
2016-06-27T18:47:07.018+0300: 623.354: Total time for which application threads were stopped: 0.0035611 seconds, Stopping threads took: 0.0022986 seconds
2016-06-27T18:47:07.249+0300: 623.586: [GC (Allocation Failure) 2016-06-27T18:47:07.249+0300: 623.586: [ParNew
Desired survivor size 17432576 bytes, new threshold 1 (max 6)
- age   1:   34864072 bytes,   34864072 total
: 306109K->34048K(306688K), 0.0387121 secs] 4614649K->4608740K(5208832K), 0.0388674 secs] [Times: user=0.19 sys=0.00, real=0.04 secs] 
2016-06-27T18:47:07.288+0300: 623.625: Total time for which application threads were stopped: 0.0403445 seconds, Stopping threads took: 0.0009404 seconds
2016-06-27T18:47:07.309+0300: 623.645: Total time for which application threads were stopped: 0.0013223 seconds, Stopping threads took: 0.0001022 seconds
2016-06-27T18:47:07.697+0300: 624.034: [GC (Allocation Failure) 2016-06-27T18:47:07.698+0300: 624.034: [ParNew
Desired survivor size 17432576 bytes, new threshold 1 (max 6)
- age   1:   34854192 bytes,   34854192 total
: 306688K->34048K(306688K), 0.0386326 secs] 4881380K->4874791K(5208832K), 0.0388131 secs] [Times: user=0.13 sys=0.00, real=0.04 secs] 
2016-06-27T18:47:07.736+0300: 624.073: Total time for which application threads were stopped: 0.0408418 seconds, Stopping threads took: 0.0016054 seconds
2016-06-27T18:47:08.064+0300: 624.400: [GC (Allocation Failure) 2016-06-27T18:47:08.064+0300: 624.400: [ParNew: 306365K->306365K(306688K), 0.0000398 secs]2016-06-27T18:47:08.064+0300: 624.400: [CMS: 4840743K->3791487K(4902144K), 0.7532960 secs] 5147109K->3791487K(5208832K), [Metaspace: 9110K->9110K(1058816K)], 0.7535201 secs] [Times: user=0.77 sys=0.00, real=0.75 secs] 
2016-06-27T18:47:08.818+0300: 625.154: Total time for which application threads were stopped: 0.7560698 seconds, Stopping threads took: 0.0020908 seconds
2016-06-27T18:47:08.916+0300: 625.252: Total time for which application threads were stopped: 0.0012205 seconds, Stopping threads took: 0.0002579 seconds
2016-06-27T18:47:09.192+0300: 625.529: [GC (Allocation Failure) 2016-06-27T18:47:09.192+0300: 625.529: [ParNew
Desired survivor size 17432576 bytes, new threshold 1 (max 6)
- age   1:   34862592 bytes,   34862592 total
: 272640K->34048K(306688K), 0.0354235 secs] 4064127K->4057557K(5208832K), 0.0355603 secs] [Times: user=0.13 sys=0.00, real=0.04 secs] 
2016-06-27T18:47:09.228+0300: 625.564: Total time for which application threads were stopped: 0.0363455 seconds, Stopping threads took: 0.0004191 seconds
2016-06-27T18:47:09.309+0300: 625.645: Total time for which application threads were stopped: 0.0008485 seconds, Stopping threads took: 0.0002172 seconds
2016-06-27T18:47:09.318+0300: 625.654: Total time for which application threads were stopped: 0.0003041 seconds, Stopping threads took: 0.0000783 seconds
2016-06-27T18:47:09.567+0300: 625.903: [GC (Allocation Failure) 2016-06-27T18:47:09.567+0300: 625.903: [ParNew
Desired survivor size 17432576 bytes, new threshold 1 (max 6)
- age   1:   34857680 bytes,   34857680 total
: 306193K->34048K(306688K), 0.0392176 secs] 4329703K->4324612K(5208832K), 0.0393797 secs] [Times: user=0.17 sys=0.00, real=0.04 secs] 
2016-06-27T18:47:09.606+0300: 625.942: Total time for which application threads were stopped: 0.0401448 seconds, Stopping threads took: 0.0003896 seconds
2016-06-27T18:47:09.927+0300: 626.263: [GC (Allocation Failure) 2016-06-27T18:47:09.927+0300: 626.263: [ParNew
Desired survivor size 17432576 bytes, new threshold 1 (max 6)
- age   1:   34858520 bytes,   34858520 total
: 306678K->34048K(306688K), 0.0385462 secs] 4597243K->4591658K(5208832K), 0.0387066 secs] [Times: user=0.13 sys=0.00, real=0.04 secs] 
2016-06-27T18:47:09.965+0300: 626.302: Total time for which application threads were stopped: 0.0399498 seconds, Stopping threads took: 0.0008557 seconds
2016-06-27T18:47:10.287+0300: 626.624: [GC (Allocation Failure) 2016-06-27T18:47:10.287+0300: 626.624: [ParNew
Desired survivor size 17432576 bytes, new threshold 1 (max 6)
- age   1:   34856400 bytes,   34856400 total
: 306592K->34048K(306688K), 0.0387844 secs] 4864203K->4858703K(5208832K), 0.0389478 secs] [Times: user=0.13 sys=0.00, real=0.04 secs] 
2016-06-27T18:47:10.326+0300: 626.663: Total time for which application threads were stopped: 0.0404253 seconds, Stopping threads took: 0.0010670 seconds
2016-06-27T18:47:10.652+0300: 626.988: [GC (Allocation Failure) 2016-06-27T18:47:10.652+0300: 626.988: [ParNew: 306319K->306319K(306688K), 0.0000466 secs]2016-06-27T18:47:10.652+0300: 626.988: [CMS: 4824655K->3730484K(4902144K), 0.6920029 secs] 5130975K->3730484K(5208832K), [Metaspace: 9110K->9110K(1058816K)], 0.6922266 secs] [Times: user=0.61 sys=0.08, real=0.69 secs] 
2016-06-27T18:47:11.344+0300: 627.681: Total time for which application threads were stopped: 0.6935835 seconds, Stopping threads took: 0.0009139 seconds
2016-06-27T18:47:11.658+0300: 627.994: [GC (Allocation Failure) 2016-06-27T18:47:11.658+0300: 627.994: [ParNew
Desired survivor size 17432576 bytes, new threshold 1 (max 6)
- age   1:   34842872 bytes,   34842872 total
: 271833K->34040K(306688K), 0.0364909 secs] 4002317K->3997536K(5208832K), 0.0366312 secs] [Times: user=0.19 sys=0.00, real=0.04 secs] 
2016-06-27T18:47:11.695+0300: 628.031: Total time for which application threads were stopped: 0.0376242 seconds, Stopping threads took: 0.0005684 seconds
2016-06-27T18:47:12.013+0300: 628.350: [GC (Allocation Failure) 2016-06-27T18:47:12.013+0300: 628.350: [ParNew
Desired survivor size 17432576 bytes, new threshold 1 (max 6)
- age   1:   34843136 bytes,   34843136 total
: 306166K->34036K(306688K), 0.0398929 secs] 4269662K->4264563K(5208832K), 0.0400041 secs] [Times: user=0.19 sys=0.00, real=0.04 secs] 
2016-06-27T18:47:12.053+0300: 628.390: Total time for which application threads were stopped: 0.0411365 seconds, Stopping threads took: 0.0007638 seconds
2016-06-27T18:47:12.397+0300: 628.733: Total time for which application threads were stopped: 0.0012988 seconds, Stopping threads took: 0.0005679 seconds
2016-06-27T18:47:12.479+0300: 628.816: [GC (Allocation Failure) 2016-06-27T18:47:12.479+0300: 628.816: [ParNew
Desired survivor size 17432576 bytes, new threshold 1 (max 6)
- age   1:   34864344 bytes,   34864344 total
: 306676K->34047K(306688K), 0.0411258 secs] 4537203K->4530655K(5208832K), 0.0412477 secs] [Times: user=0.19 sys=0.00, real=0.04 secs] 
2016-06-27T18:47:12.521+0300: 628.857: Total time for which application threads were stopped: 0.0416848 seconds, Stopping threads took: 0.0000992 seconds
2016-06-27T18:47:12.825+0300: 629.162: [GC (Allocation Failure) 2016-06-27T18:47:12.825+0300: 629.162: [ParNew
Desired survivor size 17432576 bytes, new threshold 1 (max 6)
- age   1:   34857160 bytes,   34857160 total
: 305711K->34048K(306688K), 0.0372106 secs] 4802319K->4796706K(5208832K), 0.0373471 secs] [Times: user=0.13 sys=0.00, real=0.04 secs] 
2016-06-27T18:47:12.863+0300: 629.199: Total time for which application threads were stopped: 0.0382084 seconds, Stopping threads took: 0.0005705 seconds
2016-06-27T18:47:13.257+0300: 629.593: [GC (Allocation Failure) 2016-06-27T18:47:13.257+0300: 629.593: [ParNew: 306518K->306518K(306688K), 0.0000483 secs]2016-06-27T18:47:13.257+0300: 629.593: [CMS: 4762658K->3803490K(4902144K), 0.6527703 secs] 5069177K->3803490K(5208832K), [Metaspace: 9110K->9110K(1058816K)], 0.6530214 secs] [Times: user=0.64 sys=0.00, real=0.65 secs] 
2016-06-27T18:47:13.910+0300: 630.246: Total time for which application threads were stopped: 0.6544031 seconds, Stopping threads took: 0.0009113 seconds
2016-06-27T18:47:14.157+0300: 630.494: Total time for which application threads were stopped: 0.0040413 seconds, Stopping threads took: 0.0030141 seconds
2016-06-27T18:47:14.350+0300: 630.686: [GC (Allocation Failure) 2016-06-27T18:47:14.350+0300: 630.687: [ParNew
Desired survivor size 17432576 bytes, new threshold 1 (max 6)
- age   1:   34858280 bytes,   34858280 total
: 272640K->34048K(306688K), 0.0369177 secs] 4076130K->4068561K(5208832K), 0.0371071 secs] [Times: user=0.13 sys=0.00, real=0.04 secs] 
2016-06-27T18:47:14.387+0300: 630.724: Total time for which application threads were stopped: 0.0408175 seconds, Stopping threads took: 0.0032433 seconds
2016-06-27T18:47:14.794+0300: 631.130: [GC (Allocation Failure) 2016-06-27T18:47:14.794+0300: 631.131: [ParNew
Desired survivor size 17432576 bytes, new threshold 1 (max 6)
- age   1:   34852088 bytes,   34852088 total
: 305981K->34048K(306688K), 0.0401131 secs] 4340495K->4334608K(5208832K), 0.0402868 secs] [Times: user=0.19 sys=0.00, real=0.04 secs] 
2016-06-27T18:47:14.834+0300: 631.171: Total time for which application threads were stopped: 0.0446339 seconds, Stopping threads took: 0.0039413 seconds
2016-06-27T18:47:15.173+0300: 631.509: [GC (Allocation Failure) 2016-06-27T18:47:15.173+0300: 631.509: [ParNew
Desired survivor size 17432576 bytes, new threshold 1 (max 6)
- age   1:   34855408 bytes,   34855408 total
: 306060K->34045K(306688K), 0.0426145 secs] 4606621K->4601646K(5208832K), 0.0427817 secs] [Times: user=0.19 sys=0.00, real=0.04 secs] 
2016-06-27T18:47:15.216+0300: 631.552: Total time for which application threads were stopped: 0.0476860 seconds, Stopping threads took: 0.0043865 seconds
2016-06-27T18:47:15.547+0300: 631.884: [GC (Allocation Failure) 2016-06-27T18:47:15.547+0300: 631.884: [ParNew
Desired survivor size 17432576 bytes, new threshold 1 (max 6)
- age   1:   34849488 bytes,   34849488 total
: 306292K->34038K(306688K), 0.0503199 secs] 4873893K->4868683K(5208832K), 0.0504743 secs] [Times: user=0.17 sys=0.00, real=0.05 secs] 
2016-06-27T18:47:15.598+0300: 631.934: Total time for which application threads were stopped: 0.0594029 seconds, Stopping threads took: 0.0084770 seconds
2016-06-27T18:47:15.933+0300: 632.269: [GC (Allocation Failure) 2016-06-27T18:47:15.933+0300: 632.269: [ParNew: 306381K->306381K(306688K), 0.0000325 secs]2016-06-27T18:47:15.933+0300: 632.269: [CMS: 4834645K->3860494K(4902144K), 0.6963179 secs] 5141027K->3860494K(5208832K), [Metaspace: 9110K->9110K(1058816K)], 0.6964920 secs] [Times: user=0.69 sys=0.00, real=0.70 secs] 
2016-06-27T18:47:16.629+0300: 632.966: Total time for which application threads were stopped: 0.7028683 seconds, Stopping threads took: 0.0059149 seconds
2016-06-27T18:47:16.949+0300: 633.286: [GC (Allocation Failure) 2016-06-27T18:47:16.949+0300: 633.286: [ParNew
Desired survivor size 17432576 bytes, new threshold 1 (max 6)
- age   1:   34852304 bytes,   34852304 total
: 272507K->34048K(306688K), 0.0351699 secs] 4133002K->4127554K(5208832K), 0.0352922 secs] [Times: user=0.13 sys=0.00, real=0.04 secs] 
2016-06-27T18:47:16.984+0300: 633.321: Total time for which application threads were stopped: 0.0360795 seconds, Stopping threads took: 0.0004328 seconds
2016-06-27T18:47:17.330+0300: 633.667: [GC (Allocation Failure) 2016-06-27T18:47:17.330+0300: 633.667: [ParNew
Desired survivor size 17432576 bytes, new threshold 1 (max 6)
- age   1:   34864200 bytes,   34864200 total
: 306688K->34048K(306688K), 0.0385304 secs] 4400194K->4394636K(5208832K), 0.0386561 secs] [Times: user=0.19 sys=0.00, real=0.04 secs] 
2016-06-27T18:47:17.369+0300: 633.705: Total time for which application threads were stopped: 0.0396846 seconds, Stopping threads took: 0.0006338 seconds
2016-06-27T18:47:17.688+0300: 634.024: [GC (Allocation Failure) 2016-06-27T18:47:17.688+0300: 634.024: [ParNew
Desired survivor size 17432576 bytes, new threshold 1 (max 6)
- age   1:   34850456 bytes,   34850456 total
: 305794K->34048K(306688K), 0.0385039 secs] 4666382K->4661691K(5208832K), 0.0386249 secs] [Times: user=0.19 sys=0.00, real=0.04 secs] 
2016-06-27T18:47:17.727+0300: 634.063: Total time for which application threads were stopped: 0.0397907 seconds, Stopping threads took: 0.0007924 seconds
2016-06-27T18:47:18.131+0300: 634.468: [GC (Allocation Failure) 2016-06-27T18:47:18.131+0300: 634.468: [ParNew: 306077K->306077K(306688K), 0.0000299 secs]2016-06-27T18:47:18.131+0300: 634.468: [CMS: 4627643K->3757485K(4902144K), 0.6074039 secs] 4933720K->3757485K(5208832K), [Metaspace: 9110K->9110K(1058816K)], 0.6075762 secs] [Times: user=0.59 sys=0.00, real=0.61 secs] 
2016-06-27T18:47:18.739+0300: 635.075: Total time for which application threads were stopped: 0.6087194 seconds, Stopping threads took: 0.0006787 seconds
2016-06-27T18:47:19.112+0300: 635.449: Total time for which application threads were stopped: 0.0028597 seconds, Stopping threads took: 0.0014155 seconds
2016-06-27T18:47:19.212+0300: 635.548: [GC (Allocation Failure) 2016-06-27T18:47:19.212+0300: 635.548: [ParNew
Desired survivor size 17432576 bytes, new threshold 1 (max 6)
- age   1:   34856320 bytes,   34856320 total
: 272640K->34048K(306688K), 0.0372307 secs] 4030125K->4022545K(5208832K), 0.0374373 secs] [Times: user=0.13 sys=0.00, real=0.04 secs] 
2016-06-27T18:47:19.249+0300: 635.585: Total time for which application threads were stopped: 0.0410150 seconds, Stopping threads took: 0.0029508 seconds
2016-06-27T18:47:19.352+0300: 635.688: Total time for which application threads were stopped: 0.0022101 seconds, Stopping threads took: 0.0010567 seconds
2016-06-27T18:47:19.710+0300: 636.047: [GC (Allocation Failure) 2016-06-27T18:47:19.711+0300: 636.047: [ParNew
Desired survivor size 17432576 bytes, new threshold 1 (max 6)
- age   1:   34853392 bytes,   34853392 total
: 306688K->34048K(306688K), 0.0386540 secs] 4295185K->4288594K(5208832K), 0.0388173 secs] [Times: user=0.13 sys=0.00, real=0.04 secs] 
2016-06-27T18:47:19.749+0300: 636.086: Total time for which application threads were stopped: 0.0417361 seconds, Stopping threads took: 0.0024201 seconds
2016-06-27T18:47:19.877+0300: 636.213: [GC (CMS Initial Mark) [1 CMS-initial-mark: 4254546K(4902144K)] 4399506K(5208832K), 0.0004700 secs] [Times: user=0.00 sys=0.00, real=0.00 secs] 
2016-06-27T18:47:19.877+0300: 636.214: Total time for which application threads were stopped: 0.0018744 seconds, Stopping threads took: 0.0011453 seconds
2016-06-27T18:47:19.877+0300: 636.214: [CMS-concurrent-mark-start]
2016-06-27T18:47:19.930+0300: 636.266: [CMS-concurrent-mark: 0.053/0.053 secs] [Times: user=0.25 sys=0.00, real=0.05 secs] 
2016-06-27T18:47:19.930+0300: 636.266: [CMS-concurrent-preclean-start]
2016-06-27T18:47:19.941+0300: 636.277: [CMS-concurrent-preclean: 0.010/0.010 secs] [Times: user=0.00 sys=0.00, real=0.01 secs] 
2016-06-27T18:47:19.941+0300: 636.277: [CMS-concurrent-abortable-preclean-start]
2016-06-27T18:47:20.090+0300: 636.426: [GC (Allocation Failure) 2016-06-27T18:47:20.090+0300: 636.427: [ParNew
Desired survivor size 17432576 bytes, new threshold 1 (max 6)
- age   1:   34844800 bytes,   34844800 total
: 305866K->34046K(306688K), 0.0388485 secs] 4560412K->4555632K(5208832K), 0.0390046 secs] [Times: user=0.13 sys=0.00, real=0.04 secs] 
2016-06-27T18:47:20.129+0300: 636.466: Total time for which application threads were stopped: 0.0399575 seconds, Stopping threads took: 0.0006372 seconds
2016-06-27T18:47:20.353+0300: 636.690: Total time for which application threads were stopped: 0.0041453 seconds, Stopping threads took: 0.0031753 seconds
2016-06-27T18:47:20.464+0300: 636.800: [CMS-concurrent-abortable-preclean: 0.067/0.523 secs] [Times: user=2.08 sys=0.00, real=0.52 secs] 
2016-06-27T18:47:20.523+0300: 636.859: [GC (CMS Final Remark) [YG occupancy: 306686 K (306688 K)]2016-06-27T18:47:20.523+0300: 636.859: [Rescan (parallel) , 0.0049347 secs]2016-06-27T18:47:20.528+0300: 636.864: [weak refs processing, 0.0000325 secs]2016-06-27T18:47:20.528+0300: 636.864: [class unloading, 0.0021601 secs]2016-06-27T18:47:20.535+0300: 636.871: [scrub symbol table, 0.0009656 secs]2016-06-27T18:47:20.536+0300: 636.872: [scrub string table, 0.0002006 secs][1 CMS-remark: 4521586K(4902144K)] 4828272K(5208832K), 0.0131179 secs] [Times: user=0.02 sys=0.00, real=0.01 secs] 
2016-06-27T18:47:20.536+0300: 636.872: Total time for which application threads were stopped: 0.0158429 seconds, Stopping threads took: 0.0024218 seconds
2016-06-27T18:47:20.536+0300: 636.872: [CMS-concurrent-sweep-start]
2016-06-27T18:47:20.536+0300: 636.873: [GC (Allocation Failure) 2016-06-27T18:47:20.536+0300: 636.873: [ParNew
Desired survivor size 17432576 bytes, new threshold 1 (max 6)
- age   1:   34856232 bytes,   34856232 total
: 306686K->34048K(306688K), 0.0390897 secs] 4828272K->4821664K(5208832K), 0.0392570 secs] [Times: user=0.13 sys=0.00, real=0.04 secs] 
2016-06-27T18:47:20.576+0300: 636.912: Total time for which application threads were stopped: 0.0396654 seconds, Stopping threads took: 0.0000342 seconds
2016-06-27T18:47:20.585+0300: 636.921: [CMS-concurrent-sweep: 0.049/0.049 secs] [Times: user=0.19 sys=0.00, real=0.05 secs] 
2016-06-27T18:47:20.585+0300: 636.921: [CMS-concurrent-reset-start]
2016-06-27T18:47:20.591+0300: 636.927: [CMS-concurrent-reset: 0.006/0.006 secs] [Times: user=0.00 sys=0.00, real=0.01 secs] 
2016-06-27T18:47:20.941+0300: 637.277: [GC (Allocation Failure) 2016-06-27T18:47:20.941+0300: 637.277: [ParNew
Desired survivor size 17432576 bytes, new threshold 1 (max 6)
- age   1:   34848944 bytes,   34848944 total
: 306240K->34037K(306688K), 0.0401713 secs] 4508772K->4503610K(5208832K), 0.0403539 secs] [Times: user=0.17 sys=0.00, real=0.04 secs] 
2016-06-27T18:47:20.982+0300: 637.318: Total time for which application threads were stopped: 0.0419093 seconds, Stopping threads took: 0.0011252 seconds
2016-06-27T18:47:20.982+0300: 637.318: [GC (CMS Initial Mark) [1 CMS-initial-mark: 4469573K(4902144K)] 4506768K(5208832K), 0.0004071 secs] [Times: user=0.00 sys=0.00, real=0.00 secs] 
2016-06-27T18:47:20.983+0300: 637.319: Total time for which application threads were stopped: 0.0008801 seconds, Stopping threads took: 0.0001638 seconds
2016-06-27T18:47:20.983+0300: 637.319: [CMS-concurrent-mark-start]
2016-06-27T18:47:21.045+0300: 637.381: [CMS-concurrent-mark: 0.062/0.062 secs] [Times: user=0.25 sys=0.00, real=0.06 secs] 
2016-06-27T18:47:21.045+0300: 637.381: [CMS-concurrent-preclean-start]
2016-06-27T18:47:21.057+0300: 637.393: [CMS-concurrent-preclean: 0.012/0.012 secs] [Times: user=0.06 sys=0.00, real=0.01 secs] 
2016-06-27T18:47:21.057+0300: 637.393: [CMS-concurrent-abortable-preclean-start]
2016-06-27T18:47:21.354+0300: 637.691: Total time for which application threads were stopped: 0.0040871 seconds, Stopping threads took: 0.0015691 seconds
2016-06-27T18:47:21.433+0300: 637.769: [GC (Allocation Failure) 2016-06-27T18:47:21.433+0300: 637.770: [ParNew2016-06-27T18:47:21.473+0300: 637.809: [CMS-concurrent-abortable-preclean: 0.052/0.416 secs] [Times: user=1.61 sys=0.00, real=0.42 secs] 

Desired survivor size 17432576 bytes, new threshold 1 (max 6)
- age   1:   34843080 bytes,   34843080 total
: 305986K->34048K(306688K), 0.0401114 secs] 4775560K->4768656K(5208832K), 0.0402628 secs] [Times: user=0.14 sys=0.00, real=0.04 secs] 
2016-06-27T18:47:21.473+0300: 637.810: Total time for which application threads were stopped: 0.0430751 seconds, Stopping threads took: 0.0024128 seconds
2016-06-27T18:47:21.895+0300: 638.232: [GC (Allocation Failure) 2016-06-27T18:47:21.896+0300: 638.232: [ParNew: 305817K->305817K(306688K), 0.0000393 secs]2016-06-27T18:47:21.896+0300: 638.232: [CMS (concurrent mode failure): 4734608K->3654478K(4902144K), 0.7805252 secs] 5040425K->3654478K(5208832K), [Metaspace: 9110K->9110K(1058816K)], 0.7807613 secs] [Times: user=0.77 sys=0.00, real=0.78 secs] 
2016-06-27T18:47:22.676+0300: 639.013: Total time for which application threads were stopped: 0.7828209 seconds, Stopping threads took: 0.0015930 seconds
2016-06-27T18:47:22.744+0300: 639.080: Total time for which application threads were stopped: 0.0021926 seconds, Stopping threads took: 0.0003678 seconds
2016-06-27T18:47:23.035+0300: 639.371: [GC (Allocation Failure) 2016-06-27T18:47:23.035+0300: 639.372: [ParNew
Desired survivor size 17432576 bytes, new threshold 1 (max 6)
- age   1:   34854240 bytes,   34854240 total
: 272640K->34048K(306688K), 0.0353200 secs] 3927118K->3921538K(5208832K), 0.0354859 secs] [Times: user=0.19 sys=0.00, real=0.03 secs] 
2016-06-27T18:47:23.071+0300: 639.407: Total time for which application threads were stopped: 0.0388819 seconds, Stopping threads took: 0.0030111 seconds
2016-06-27T18:47:23.353+0300: 639.689: Total time for which application threads were stopped: 0.0033023 seconds, Stopping threads took: 0.0018881 seconds
2016-06-27T18:47:23.432+0300: 639.769: [GC (Allocation Failure) 2016-06-27T18:47:23.433+0300: 639.769: [ParNew
Desired survivor size 17432576 bytes, new threshold 1 (max 6)
- age   1:   34856064 bytes,   34856064 total
: 306688K->34048K(306688K), 0.0389957 secs] 4194178K->4187578K(5208832K), 0.0391565 secs] [Times: user=0.13 sys=0.00, real=0.04 secs] 
2016-06-27T18:47:23.472+0300: 639.808: Total time for which application threads were stopped: 0.0399433 seconds, Stopping threads took: 0.0004178 seconds
2016-06-27T18:47:23.790+0300: 640.127: [GC (Allocation Failure) 2016-06-27T18:47:23.790+0300: 640.127: [ParNew
Desired survivor size 17432576 bytes, new threshold 1 (max 6)
- age   1:   34844800 bytes,   34844800 total
: 306216K->34037K(306688K), 0.0401264 secs] 4459747K->4454610K(5208832K), 0.0402838 secs] [Times: user=0.13 sys=0.00, real=0.04 secs] 
2016-06-27T18:47:23.830+0300: 640.167: Total time for which application threads were stopped: 0.0434343 seconds, Stopping threads took: 0.0027485 seconds
2016-06-27T18:47:24.179+0300: 640.515: [GC (Allocation Failure) 2016-06-27T18:47:24.179+0300: 640.515: [ParNew
Desired survivor size 17432576 bytes, new threshold 1 (max 6)
- age   1:   34849784 bytes,   34849784 total
: 305881K->34048K(306688K), 0.0394246 secs] 4726453K->4721652K(5208832K), 0.0395798 secs] [Times: user=0.13 sys=0.00, real=0.04 secs] 
2016-06-27T18:47:24.219+0300: 640.555: Total time for which application threads were stopped: 0.0518300 seconds, Stopping threads took: 0.0118268 seconds
2016-06-27T18:47:24.358+0300: 640.695: Total time for which application threads were stopped: 0.0083491 seconds, Stopping threads took: 0.0067963 seconds
2016-06-27T18:47:24.574+0300: 640.911: [GC (Allocation Failure) 2016-06-27T18:47:24.574+0300: 640.911: [ParNew: 306010K->306010K(306688K), 0.0057340 secs]2016-06-27T18:47:24.580+0300: 640.917: [CMS: 4687604K->3773491K(4902144K), 0.5806310 secs] 4993614K->3773491K(5208832K), [Metaspace: 9110K->9110K(1058816K)], 0.5865220 secs] [Times: user=0.58 sys=0.01, real=0.59 secs] 
2016-06-27T18:47:25.161+0300: 641.497: Total time for which application threads were stopped: 0.5896567 seconds, Stopping threads took: 0.0027366 seconds
2016-06-27T18:47:25.518+0300: 641.854: Total time for which application threads were stopped: 0.0033053 seconds, Stopping threads took: 0.0017538 seconds
2016-06-27T18:47:25.551+0300: 641.888: [GC (Allocation Failure) 2016-06-27T18:47:25.551+0300: 641.888: [ParNew
Desired survivor size 17432576 bytes, new threshold 1 (max 6)
- age   1:   34859128 bytes,   34859128 total
: 272640K->34048K(306688K), 0.0345887 secs] 4046131K->4040551K(5208832K), 0.0347473 secs] [Times: user=0.13 sys=0.00, real=0.03 secs] 
2016-06-27T18:47:25.586+0300: 641.923: Total time for which application threads were stopped: 0.0354200 seconds, Stopping threads took: 0.0003019 seconds
2016-06-27T18:47:25.619+0300: 641.956: Total time for which application threads were stopped: 0.0006299 seconds, Stopping threads took: 0.0002690 seconds
2016-06-27T18:47:25.899+0300: 642.235: [GC (Allocation Failure) 2016-06-27T18:47:25.899+0300: 642.235: [ParNew
Desired survivor size 17432576 bytes, new threshold 1 (max 6)
- age   1:   34846976 bytes,   34846976 total
: 306688K->34048K(306688K), 0.0388319 secs] 4313191K->4307595K(5208832K), 0.0390021 secs] [Times: user=0.13 sys=0.00, real=0.04 secs] 
2016-06-27T18:47:25.938+0300: 642.274: Total time for which application threads were stopped: 0.0399271 seconds, Stopping threads took: 0.0005495 seconds
2016-06-27T18:47:26.273+0300: 642.610: [GC (Allocation Failure) 2016-06-27T18:47:26.273+0300: 642.610: [ParNew
Desired survivor size 17432576 bytes, new threshold 1 (max 6)
- age   1:   34848984 bytes,   34848984 total
: 306351K->34040K(306688K), 0.0389991 secs] 4579898K->4574621K(5208832K), 0.0391804 secs] [Times: user=0.13 sys=0.00, real=0.04 secs] 
2016-06-27T18:47:26.312+0300: 642.649: Total time for which application threads were stopped: 0.0408530 seconds, Stopping threads took: 0.0012620 seconds
2016-06-27T18:47:26.353+0300: 642.689: Total time for which application threads were stopped: 0.0017842 seconds, Stopping threads took: 0.0003648 seconds
2016-06-27T18:47:26.644+0300: 642.980: [GC (Allocation Failure) 2016-06-27T18:47:26.644+0300: 642.980: [ParNew
Desired survivor size 17432576 bytes, new threshold 1 (max 6)
- age   1:   34848456 bytes,   34848456 total
: 306358K->34048K(306688K), 0.0378478 secs] 4846938K->4841663K(5208832K), 0.0380133 secs] [Times: user=0.19 sys=0.00, real=0.04 secs] 
2016-06-27T18:47:26.682+0300: 643.018: Total time for which application threads were stopped: 0.0401375 seconds, Stopping threads took: 0.0017311 seconds
2016-06-27T18:47:27.005+0300: 643.341: [GC (Allocation Failure) 2016-06-27T18:47:27.005+0300: 643.342: [ParNew: 306549K->306549K(306688K), 0.0000334 secs]2016-06-27T18:47:27.005+0300: 643.342: [CMS: 4807615K->3863498K(4902144K), 0.6074116 secs] 5114165K->3863498K(5208832K), [Metaspace: 9110K->9110K(1058816K)], 0.6076117 secs] [Times: user=0.59 sys=0.00, real=0.61 secs] 
2016-06-27T18:47:27.613+0300: 643.949: Total time for which application threads were stopped: 0.6088746 seconds, Stopping threads took: 0.0008348 seconds
2016-06-27T18:47:27.727+0300: 644.064: Total time for which application threads were stopped: 0.0013249 seconds, Stopping threads took: 0.0002172 seconds
2016-06-27T18:47:27.996+0300: 644.333: [GC (Allocation Failure) 2016-06-27T18:47:27.997+0300: 644.333: [ParNew
Desired survivor size 17432576 bytes, new threshold 1 (max 6)
- age   1:   34854160 bytes,   34854160 total
: 272640K->34047K(306688K), 0.0346451 secs] 4136138K->4128561K(5208832K), 0.0347820 secs] [Times: user=0.11 sys=0.02, real=0.03 secs] 
2016-06-27T18:47:28.031+0300: 644.368: Total time for which application threads were stopped: 0.0355069 seconds, Stopping threads took: 0.0004105 seconds
2016-06-27T18:47:28.353+0300: 644.690: Total time for which application threads were stopped: 0.0019745 seconds, Stopping threads took: 0.0004679 seconds
2016-06-27T18:47:28.385+0300: 644.722: [GC (Allocation Failure) 2016-06-27T18:47:28.385+0300: 644.722: [ParNew
Desired survivor size 17432576 bytes, new threshold 1 (max 6)
- age   1:   34865000 bytes,   34865000 total
: 306687K->34048K(306688K), 0.0383281 secs] 4401201K->4395318K(5208832K), 0.0384718 secs] [Times: user=0.13 sys=0.00, real=0.04 secs] 
2016-06-27T18:47:28.424+0300: 644.760: Total time for which application threads were stopped: 0.0388802 seconds, Stopping threads took: 0.0001022 seconds
2016-06-27T18:47:28.733+0300: 645.069: [GC (Allocation Failure) 2016-06-27T18:47:28.733+0300: 645.069: [ParNew
Desired survivor size 17432576 bytes, new threshold 1 (max 6)
- age   1:   34847024 bytes,   34847024 total
: 306110K->34048K(306688K), 0.0376041 secs] 4667381K->4662372K(5208832K), 0.0377747 secs] [Times: user=0.19 sys=0.00, real=0.04 secs] 
2016-06-27T18:47:28.771+0300: 645.107: Total time for which application threads were stopped: 0.0386621 seconds, Stopping threads took: 0.0004589 seconds
2016-06-27T18:47:29.094+0300: 645.430: [GC (Allocation Failure) 2016-06-27T18:47:29.094+0300: 645.430: [ParNew: 306520K->306520K(306688K), 0.0000248 secs]2016-06-27T18:47:29.094+0300: 645.430: [CMS: 4628324K->3878865K(4902144K), 0.6156102 secs] 4934845K->3878865K(5208832K), [Metaspace: 9110K->9110K(1058816K)], 0.6157859 secs] [Times: user=0.61 sys=0.00, real=0.62 secs] 
2016-06-27T18:47:29.710+0300: 646.046: Total time for which application threads were stopped: 0.6168042 seconds, Stopping threads took: 0.0005021 seconds
2016-06-27T18:47:29.975+0300: 646.311: Total time for which application threads were stopped: 0.0030586 seconds, Stopping threads took: 0.0016490 seconds
2016-06-27T18:47:30.093+0300: 646.429: [GC (Allocation Failure) 2016-06-27T18:47:30.093+0300: 646.429: [ParNew
Desired survivor size 17432576 bytes, new threshold 1 (max 6)
- age   1:   34864952 bytes,   34864952 total
: 272640K->34048K(306688K), 0.0354436 secs] 4151505K->4143963K(5208832K), 0.0356104 secs] [Times: user=0.13 sys=0.00, real=0.04 secs] 
2016-06-27T18:47:30.129+0300: 646.465: Total time for which application threads were stopped: 0.0362360 seconds, Stopping threads took: 0.0002403 seconds
2016-06-27T18:47:30.355+0300: 646.692: Total time for which application threads were stopped: 0.0030748 seconds, Stopping threads took: 0.0014664 seconds
2016-06-27T18:47:30.475+0300: 646.811: [GC (Allocation Failure) 2016-06-27T18:47:30.475+0300: 646.812: [ParNew
Desired survivor size 17432576 bytes, new threshold 1 (max 6)
- age   1:   34861184 bytes,   34861184 total
: 306644K->34048K(306688K), 0.0387622 secs] 4416560K->4412025K(5208832K), 0.0389213 secs] [Times: user=0.13 sys=0.00, real=0.04 secs] 
2016-06-27T18:47:30.514+0300: 646.850: Total time for which application threads were stopped: 0.0402855 seconds, Stopping threads took: 0.0010033 seconds
2016-06-27T18:47:30.829+0300: 647.165: [GC (Allocation Failure) 2016-06-27T18:47:30.829+0300: 647.165: [ParNew
Desired survivor size 17432576 bytes, new threshold 1 (max 6)
- age   1:   34855712 bytes,   34855712 total
: 305796K->34048K(306688K), 0.0390932 secs] 4683774K->4672075K(5208832K), 0.0392612 secs] [Times: user=0.19 sys=0.00, real=0.04 secs] 
2016-06-27T18:47:30.868+0300: 647.204: Total time for which application threads were stopped: 0.0415081 seconds, Stopping threads took: 0.0018483 seconds
2016-06-27T18:47:31.201+0300: 647.537: [GC (Allocation Failure) 2016-06-27T18:47:31.201+0300: 647.537: [ParNew: 305961K->305961K(306688K), 0.0000346 secs]2016-06-27T18:47:31.201+0300: 647.537: [CMS: 4638027K->3834502K(4902144K), 0.6810361 secs] 4943989K->3834502K(5208832K), [Metaspace: 9110K->9110K(1058816K)], 0.6812166 secs] [Times: user=0.67 sys=0.00, real=0.68 secs] 
2016-06-27T18:47:31.882+0300: 648.219: Total time for which application threads were stopped: 0.6849269 seconds, Stopping threads took: 0.0033216 seconds
2016-06-27T18:47:32.188+0300: 648.524: Total time for which application threads were stopped: 0.0017329 seconds, Stopping threads took: 0.0004259 seconds
2016-06-27T18:47:32.266+0300: 648.603: [GC (Allocation Failure) 2016-06-27T18:47:32.266+0300: 648.603: [ParNew
Desired survivor size 17432576 bytes, new threshold 1 (max 6)
- age   1:   34860664 bytes,   34860664 total
: 272640K->34048K(306688K), 0.0349265 secs] 4107142K->4099576K(5208832K), 0.0350540 secs] [Times: user=0.11 sys=0.02, real=0.04 secs] 
2016-06-27T18:47:32.301+0300: 648.638: Total time for which application threads were stopped: 0.0355873 seconds, Stopping threads took: 0.0002322 seconds
2016-06-27T18:47:32.356+0300: 648.692: Total time for which application threads were stopped: 0.0020570 seconds, Stopping threads took: 0.0002720 seconds
2016-06-27T18:47:32.618+0300: 648.954: [GC (Allocation Failure) 2016-06-27T18:47:32.618+0300: 648.954: [ParNew
Desired survivor size 17432576 bytes, new threshold 1 (max 6)
- age   1:   34850440 bytes,   34850440 total
: 306136K->34048K(306688K), 0.0390316 secs] 4371665K->4357628K(5208832K), 0.0391885 secs] [Times: user=0.13 sys=0.00, real=0.04 secs] 
2016-06-27T18:47:32.657+0300: 648.993: Total time for which application threads were stopped: 0.0399707 seconds, Stopping threads took: 0.0005153 seconds
2016-06-27T18:47:32.981+0300: 649.317: [GC (Allocation Failure) 2016-06-27T18:47:32.981+0300: 649.318: [ParNew
Desired survivor size 17432576 bytes, new threshold 1 (max 6)
- age   1:   34853064 bytes,   34853064 total
: 306568K->34044K(306688K), 0.0387741 secs] 4630149K->4624662K(5208832K), 0.0389285 secs] [Times: user=0.14 sys=0.00, real=0.04 secs] 
2016-06-27T18:47:33.020+0300: 649.357: Total time for which application threads were stopped: 0.0398959 seconds, Stopping threads took: 0.0005996 seconds
2016-06-27T18:47:33.161+0300: 649.497: [GC (CMS Initial Mark) [1 CMS-initial-mark: 4590617K(4902144K)] 4730479K(5208832K), 0.0008527 secs] [Times: user=0.00 sys=0.00, real=0.00 secs] 
2016-06-27T18:47:33.162+0300: 649.498: Total time for which application threads were stopped: 0.0023731 seconds, Stopping threads took: 0.0011081 seconds
2016-06-27T18:47:33.162+0300: 649.498: [CMS-concurrent-mark-start]
2016-06-27T18:47:33.214+0300: 649.550: [CMS-concurrent-mark: 0.052/0.052 secs] [Times: user=0.19 sys=0.00, real=0.05 secs] 
2016-06-27T18:47:33.214+0300: 649.550: [CMS-concurrent-preclean-start]
2016-06-27T18:47:33.224+0300: 649.561: [CMS-concurrent-preclean: 0.010/0.010 secs] [Times: user=0.06 sys=0.00, real=0.01 secs] 
2016-06-27T18:47:33.224+0300: 649.561: [CMS-concurrent-abortable-preclean-start]
2016-06-27T18:47:33.357+0300: 649.693: Total time for which application threads were stopped: 0.0024278 seconds, Stopping threads took: 0.0009284 seconds
2016-06-27T18:47:33.418+0300: 649.754: [GC (Allocation Failure) 2016-06-27T18:47:33.418+0300: 649.754: [ParNew
Desired survivor size 17432576 bytes, new threshold 1 (max 6)
- age   1:   34862432 bytes,   34862432 total
: 306684K->34048K(306688K), 0.0374561 secs] 4897302K->4889707K(5208832K), 0.0375878 secs] [Times: user=0.13 sys=0.00, real=0.04 secs] 
2016-06-27T18:47:33.456+0300: 649.792: Total time for which application threads were stopped: 0.0379483 seconds, Stopping threads took: 0.0000958 seconds
2016-06-27T18:47:33.578+0300: 649.914: [CMS-concurrent-abortable-preclean: 0.053/0.353 secs] [Times: user=1.36 sys=0.00, real=0.35 secs] 
2016-06-27T18:47:33.592+0300: 649.928: [GC (CMS Final Remark) [YG occupancy: 149283 K (306688 K)]2016-06-27T18:47:33.598+0300: 649.934: [Rescan (parallel) , 0.0041033 secs]2016-06-27T18:47:33.602+0300: 649.938: [weak refs processing, 0.0000184 secs]2016-06-27T18:47:33.602+0300: 649.938: [class unloading, 0.0018919 secs]2016-06-27T18:47:33.604+0300: 649.940: [scrub symbol table, 0.0007326 secs]2016-06-27T18:47:33.604+0300: 649.941: [scrub string table, 0.0001937 secs][1 CMS-remark: 4855659K(4902144K)] 5004942K(5208832K), 0.0131594 secs] [Times: user=0.06 sys=0.00, real=0.01 secs] 
2016-06-27T18:47:33.605+0300: 649.941: Total time for which application threads were stopped: 0.0137273 seconds, Stopping threads took: 0.0003220 seconds
2016-06-27T18:47:33.605+0300: 649.941: [CMS-concurrent-sweep-start]
2016-06-27T18:47:33.608+0300: 649.950: [CMS-concurrent-sweep: 0.009/0.009 secs] [Times: user=0.00 sys=0.00, real=0.00 secs] 
2016-06-27T18:47:33.608+0300: 649.950: [CMS-concurrent-reset-start]
2016-06-27T18:47:33.620+0300: 649.956: [CMS-concurrent-reset: 0.006/0.006 secs] [Times: user=0.05 sys=0.02, real=0.01 secs] 
2016-06-27T18:47:33.799+0300: 650.136: [GC (Allocation Failure) 2016-06-27T18:47:33.799+0300: 650.136: [ParNew
Desired survivor size 17432576 bytes, new threshold 1 (max 6)
- age   1:   34859472 bytes,   34859472 total
: 306011K->34048K(306688K), 0.0396418 secs] 4420521K->4416620K(5208832K), 0.0397624 secs] [Times: user=0.19 sys=0.00, real=0.04 secs] 
2016-06-27T18:47:33.839+0300: 650.175: Total time for which application threads were stopped: 0.0404215 seconds, Stopping threads took: 0.0003823 seconds
2016-06-27T18:47:33.839+0300: 650.176: [GC (CMS Initial Mark) [1 CMS-initial-mark: 4382572K(4902144K)] 4417622K(5208832K), 0.0003297 secs] [Times: user=0.00 sys=0.00, real=0.00 secs] 
2016-06-27T18:47:33.840+0300: 650.176: Total time for which application threads were stopped: 0.0005962 seconds, Stopping threads took: 0.0000697 seconds
2016-06-27T18:47:33.840+0300: 650.176: [CMS-concurrent-mark-start]
2016-06-27T18:47:33.891+0300: 650.228: [CMS-concurrent-mark: 0.051/0.051 secs] [Times: user=0.17 sys=0.00, real=0.05 secs] 
2016-06-27T18:47:33.891+0300: 650.228: [CMS-concurrent-preclean-start]
2016-06-27T18:47:33.901+0300: 650.238: [CMS-concurrent-preclean: 0.010/0.010 secs] [Times: user=0.05 sys=0.00, real=0.01 secs] 
2016-06-27T18:47:33.901+0300: 650.238: [CMS-concurrent-abortable-preclean-start]
2016-06-27T18:47:34.202+0300: 650.538: [GC (Allocation Failure) 2016-06-27T18:47:34.202+0300: 650.538: [ParNew2016-06-27T18:47:34.233+0300: 650.570: [CMS-concurrent-abortable-preclean: 0.031/0.332 secs] [Times: user=1.23 sys=0.00, real=0.33 secs] 

Desired survivor size 17432576 bytes, new threshold 1 (max 6)
- age   1:   34852896 bytes,   34852896 total
: 305980K->34048K(306688K), 0.0391539 secs] 4688552K->4681667K(5208832K), 0.0393241 secs] [Times: user=0.19 sys=0.00, real=0.04 secs] 
2016-06-27T18:47:34.241+0300: 650.577: Total time for which application threads were stopped: 0.0404775 seconds, Stopping threads took: 0.0007433 seconds
2016-06-27T18:47:34.241+0300: 650.578: [GC (CMS Final Remark) [YG occupancy: 35064 K (306688 K)]2016-06-27T18:47:34.241+0300: 650.578: [Rescan (parallel) , 0.0046037 secs]2016-06-27T18:47:34.246+0300: 650.583: [weak refs processing, 0.0000180 secs]2016-06-27T18:47:34.246+0300: 650.583: [class unloading, 0.0019300 secs]2016-06-27T18:47:34.248+0300: 650.585: [scrub symbol table, 0.0007497 secs]2016-06-27T18:47:34.249+0300: 650.585: [scrub string table, 0.0001929 secs][1 CMS-remark: 4647619K(4902144K)] 4682684K(5208832K), 0.0077341 secs] [Times: user=0.00 sys=0.00, real=0.01 secs] 
2016-06-27T18:47:34.249+0300: 650.586: Total time for which application threads were stopped: 0.0080857 seconds, Stopping threads took: 0.0000727 seconds
2016-06-27T18:47:34.283+0300: 650.619: [CMS-concurrent-sweep-start]
2016-06-27T18:47:34.292+0300: 650.628: [CMS-concurrent-sweep: 0.009/0.009 secs] [Times: user=0.06 sys=0.00, real=0.01 secs] 
2016-06-27T18:47:34.292+0300: 650.628: [CMS-concurrent-reset-start]
2016-06-27T18:47:34.298+0300: 650.635: [CMS-concurrent-reset: 0.006/0.006 secs] [Times: user=0.00 sys=0.00, real=0.01 secs] 
2016-06-27T18:47:34.357+0300: 650.693: Total time for which application threads were stopped: 0.0015152 seconds, Stopping threads took: 0.0002369 seconds
2016-06-27T18:47:34.599+0300: 650.935: [GC (Allocation Failure) 2016-06-27T18:47:34.599+0300: 650.936: [ParNew
Desired survivor size 17432576 bytes, new threshold 1 (max 6)
- age   1:   34863304 bytes,   34863304 total
: 306166K->34047K(306688K), 0.0389375 secs] 4338686K->4331617K(5208832K), 0.0390675 secs] [Times: user=0.13 sys=0.00, real=0.04 secs] 
2016-06-27T18:47:34.638+0300: 650.975: Total time for which application threads were stopped: 0.0398715 seconds, Stopping threads took: 0.0004572 seconds
2016-06-27T18:47:34.671+0300: 651.008: [GC (CMS Initial Mark) [1 CMS-initial-mark: 4297570K(4902144K)] 4359287K(5208832K), 0.0003862 secs] [Times: user=0.00 sys=0.00, real=0.00 secs] 
2016-06-27T18:47:34.672+0300: 651.008: Total time for which application threads were stopped: 0.0007770 seconds, Stopping threads took: 0.0001604 seconds
2016-06-27T18:47:34.672+0300: 651.008: [CMS-concurrent-mark-start]
2016-06-27T18:47:34.724+0300: 651.060: [CMS-concurrent-mark: 0.052/0.052 secs] [Times: user=0.25 sys=0.00, real=0.05 secs] 
2016-06-27T18:47:34.724+0300: 651.060: [CMS-concurrent-preclean-start]
2016-06-27T18:47:34.734+0300: 651.070: [CMS-concurrent-preclean: 0.010/0.010 secs] [Times: user=0.00 sys=0.00, real=0.01 secs] 
2016-06-27T18:47:34.734+0300: 651.070: [CMS-concurrent-abortable-preclean-start]
2016-06-27T18:47:34.988+0300: 651.324: [GC (Allocation Failure) 2016-06-27T18:47:34.994+0300: 651.330: [ParNew
Desired survivor size 17432576 bytes, new threshold 1 (max 6)
- age   1:   34852792 bytes,   34852792 total
: 306348K->34048K(306688K), 0.0382567 secs] 4603918K->4598673K(5208832K), 0.0443200 secs] [Times: user=0.06 sys=0.00, real=0.03 secs] 
2016-06-27T18:47:35.018+0300: 651.369: Total time for which application threads were stopped: 0.0451406 seconds, Stopping threads took: 0.0005414 seconds
2016-06-27T18:47:35.358+0300: 651.694: Total time for which application threads were stopped: 0.0023512 seconds, Stopping threads took: 0.0004935 seconds
2016-06-27T18:47:35.358+0300: 651.694: [CMS-concurrent-abortable-preclean: 0.076/0.624 secs] [Times: user=2.31 sys=0.05, real=0.62 secs] 
2016-06-27T18:47:35.368+0300: 651.704: Total time for which application threads were stopped: 0.0006629 seconds, Stopping threads took: 0.0000954 seconds
2016-06-27T18:47:35.415+0300: 651.751: [GC (Allocation Failure) 2016-06-27T18:47:35.415+0300: 651.751: [ParNew
Desired survivor size 17432576 bytes, new threshold 1 (max 6)
- age   1:   34859896 bytes,   34859896 total
: 306688K->34047K(306688K), 0.0382960 secs] 4871313K->4864713K(5208832K), 0.0384440 secs] [Times: user=0.13 sys=0.00, real=0.04 secs] 
2016-06-27T18:47:35.453+0300: 651.790: Total time for which application threads were stopped: 0.0388485 seconds, Stopping threads took: 0.0000787 seconds
2016-06-27T18:47:35.759+0300: 652.096: [GC (Allocation Failure) 2016-06-27T18:47:35.759+0300: 652.096: [ParNew: 306141K->306141K(306688K), 0.0000239 secs]2016-06-27T18:47:35.759+0300: 652.096: [CMS (concurrent mode failure): 4830666K->4007518K(4902144K), 0.6171583 secs] 5136807K->4007518K(5208832K), [Metaspace: 9110K->9110K(1058816K)], 0.6173208 secs] [Times: user=0.61 sys=0.00, real=0.62 secs] 
2016-06-27T18:47:36.377+0300: 652.713: Total time for which application threads were stopped: 0.6183668 seconds, Stopping threads took: 0.0007544 seconds
2016-06-27T18:47:36.380+0300: 652.717: Total time for which application threads were stopped: 0.0016204 seconds, Stopping threads took: 0.0000949 seconds
2016-06-27T18:47:36.729+0300: 653.066: [GC (Allocation Failure) 2016-06-27T18:47:36.729+0300: 653.066: [ParNew
Desired survivor size 17432576 bytes, new threshold 1 (max 6)
- age   1:   34864264 bytes,   34864264 total
: 271685K->34048K(306688K), 0.0351904 secs] 4279203K->4272590K(5208832K), 0.0353516 secs] [Times: user=0.13 sys=0.00, real=0.04 secs] 
2016-06-27T18:47:36.765+0300: 653.101: Total time for which application threads were stopped: 0.0363626 seconds, Stopping threads took: 0.0006000 seconds
2016-06-27T18:47:37.081+0300: 653.418: [GC (Allocation Failure) 2016-06-27T18:47:37.081+0300: 653.418: [ParNew
Desired survivor size 17432576 bytes, new threshold 1 (max 6)
- age   1:   34854456 bytes,   34854456 total
: 306321K->34048K(306688K), 0.0387134 secs] 4544863K->4539646K(5208832K), 0.0388789 secs] [Times: user=0.19 sys=0.00, real=0.04 secs] 
2016-06-27T18:47:37.120+0300: 653.457: Total time for which application threads were stopped: 0.0403915 seconds, Stopping threads took: 0.0011038 seconds
2016-06-27T18:47:37.361+0300: 653.697: Total time for which application threads were stopped: 0.0043544 seconds, Stopping threads took: 0.0028097 seconds
2016-06-27T18:47:37.476+0300: 653.812: [GC (Allocation Failure) 2016-06-27T18:47:37.476+0300: 653.813: [ParNew
Desired survivor size 17432576 bytes, new threshold 1 (max 6)
- age   1:   34850464 bytes,   34850464 total
: 306166K->34048K(306688K), 0.0383662 secs] 4811764K->4806690K(5208832K), 0.0385406 secs] [Times: user=0.13 sys=0.00, real=0.04 secs] 
2016-06-27T18:47:37.515+0300: 653.851: Total time for which application threads were stopped: 0.0395756 seconds, Stopping threads took: 0.0006415 seconds
2016-06-27T18:47:37.861+0300: 654.197: [GC (Allocation Failure) 2016-06-27T18:47:37.861+0300: 654.197: [ParNew: 306640K->306640K(306688K), 0.0000355 secs]2016-06-27T18:47:37.861+0300: 654.197: [CMS: 4772642K->3918510K(4902144K), 0.7076850 secs] 5079282K->3918510K(5208832K), [Metaspace: 9110K->9110K(1058816K)], 0.7078980 secs] [Times: user=0.72 sys=0.00, real=0.71 secs] 
2016-06-27T18:47:38.569+0300: 654.905: Total time for which application threads were stopped: 0.7103155 seconds, Stopping threads took: 0.0019980 seconds
2016-06-27T18:47:38.710+0300: 655.046: Total time for which application threads were stopped: 0.0018928 seconds, Stopping threads took: 0.0002870 seconds
2016-06-27T18:47:38.929+0300: 655.266: [GC (Allocation Failure) 2016-06-27T18:47:38.930+0300: 655.266: [ParNew
Desired survivor size 17432576 bytes, new threshold 1 (max 6)
- age   1:   34863224 bytes,   34863224 total
: 272640K->34048K(306688K), 0.0355462 secs] 4191150K->4184578K(5208832K), 0.0356826 secs] [Times: user=0.13 sys=0.00, real=0.04 secs] 
2016-06-27T18:47:38.965+0300: 655.302: Total time for which application threads were stopped: 0.0363280 seconds, Stopping threads took: 0.0003845 seconds
2016-06-27T18:47:39.295+0300: 655.631: [GC (Allocation Failure) 2016-06-27T18:47:39.295+0300: 655.631: [ParNew
Desired survivor size 17432576 bytes, new threshold 1 (max 6)
- age   1:   34857568 bytes,   34857568 total
: 306328K->34048K(306688K), 0.0391128 secs] 4456859K->4451633K(5208832K), 0.0392501 secs] [Times: user=0.19 sys=0.00, real=0.04 secs] 
2016-06-27T18:47:39.334+0300: 655.670: Total time for which application threads were stopped: 0.0401576 seconds, Stopping threads took: 0.0005072 seconds
2016-06-27T18:47:39.359+0300: 655.695: Total time for which application threads were stopped: 0.0012864 seconds, Stopping threads took: 0.0000676 seconds
2016-06-27T18:47:39.677+0300: 656.013: [GC (Allocation Failure) 2016-06-27T18:47:39.677+0300: 656.013: [ParNew
Desired survivor size 17432576 bytes, new threshold 1 (max 6)
- age   1:   34857640 bytes,   34857640 total
: 305816K->34048K(306688K), 0.0378560 secs] 4723401K->4716679K(5208832K), 0.0380014 secs] [Times: user=0.13 sys=0.00, real=0.04 secs] 
2016-06-27T18:47:39.715+0300: 656.051: Total time for which application threads were stopped: 0.0391051 seconds, Stopping threads took: 0.0007685 seconds
2016-06-27T18:47:40.028+0300: 656.364: [GC (Allocation Failure) 2016-06-27T18:47:40.028+0300: 656.364: [ParNew: 306103K->306103K(306688K), 0.0000359 secs]2016-06-27T18:47:40.028+0300: 656.364: [CMS: 4682631K->3978516K(4902144K), 0.6178369 secs] 4988734K->3978516K(5208832K), [Metaspace: 9110K->9110K(1058816K)], 0.6180208 secs] [Times: user=0.63 sys=0.00, real=0.62 secs] 
2016-06-27T18:47:40.646+0300: 656.982: Total time for which application threads were stopped: 0.6189223 seconds, Stopping threads took: 0.0005008 seconds
2016-06-27T18:47:40.931+0300: 657.267: Total time for which application threads were stopped: 0.0021177 seconds, Stopping threads took: 0.0004751 seconds
2016-06-27T18:47:41.030+0300: 657.366: [GC (Allocation Failure) 2016-06-27T18:47:41.030+0300: 657.366: [ParNew
Desired survivor size 17432576 bytes, new threshold 1 (max 6)
- age   1:   34862784 bytes,   34862784 total
: 272640K->34048K(306688K), 0.0370661 secs] 4251156K->4244587K(5208832K), 0.0372474 secs] [Times: user=0.17 sys=0.00, real=0.04 secs] 
2016-06-27T18:47:41.068+0300: 657.405: Total time for which application threads were stopped: 0.0385894 seconds, Stopping threads took: 0.0000996 seconds
2016-06-27T18:47:41.362+0300: 657.698: Total time for which application threads were stopped: 0.0038463 seconds, Stopping threads took: 0.0021353 seconds
2016-06-27T18:47:41.419+0300: 657.755: [GC (Allocation Failure) 2016-06-27T18:47:41.419+0300: 657.755: [ParNew
Desired survivor size 17432576 bytes, new threshold 1 (max 6)
- age   1:   34858688 bytes,   34858688 total
: 305723K->34048K(306688K), 0.0405720 secs] 4516263K->4510644K(5208832K), 0.0407354 secs] [Times: user=0.19 sys=0.00, real=0.04 secs] 
2016-06-27T18:47:41.459+0300: 657.796: Total time for which application threads were stopped: 0.0412396 seconds, Stopping threads took: 0.0001120 seconds
2016-06-27T18:47:41.493+0300: 657.830: [GC (CMS Initial Mark) [1 CMS-initial-mark: 4476596K(4902144K)] 4536152K(5208832K), 0.0004097 secs] [Times: user=0.00 sys=0.00, real=0.00 secs] 
2016-06-27T18:47:41.494+0300: 657.830: Total time for which application threads were stopped: 0.0027716 seconds, Stopping threads took: 0.0020763 seconds
2016-06-27T18:47:41.494+0300: 657.830: [CMS-concurrent-mark-start]
2016-06-27T18:47:41.546+0300: 657.882: [CMS-concurrent-mark: 0.052/0.052 secs] [Times: user=0.19 sys=0.00, real=0.05 secs] 
2016-06-27T18:47:41.546+0300: 657.882: [CMS-concurrent-preclean-start]
2016-06-27T18:47:41.556+0300: 657.892: [CMS-concurrent-preclean: 0.010/0.010 secs] [Times: user=0.06 sys=0.00, real=0.01 secs] 
2016-06-27T18:47:41.556+0300: 657.892: [CMS-concurrent-abortable-preclean-start]
2016-06-27T18:47:41.797+0300: 658.133: [GC (Allocation Failure) 2016-06-27T18:47:41.797+0300: 658.134: [ParNew
Desired survivor size 17432576 bytes, new threshold 1 (max 6)
- age   1:   34855080 bytes,   34855080 total
: 305732K->34048K(306688K), 0.0382652 secs] 4782328K->4777691K(5208832K), 0.0384021 secs] [Times: user=0.19 sys=0.00, real=0.04 secs] 
2016-06-27T18:47:41.836+0300: 658.172: Total time for which application threads were stopped: 0.0404501 seconds, Stopping threads took: 0.0016683 seconds
2016-06-27T18:47:42.068+0300: 658.404: [CMS-concurrent-abortable-preclean: 0.065/0.512 secs] [Times: user=2.06 sys=0.00, real=0.51 secs] 
2016-06-27T18:47:42.174+0300: 658.510: [GC (Allocation Failure) 2016-06-27T18:47:42.174+0300: 658.510: [ParNew: 305928K->305928K(306688K), 0.0000342 secs]2016-06-27T18:47:42.174+0300: 658.510: [CMS (concurrent mode failure): 4743643K->3874506K(4902144K), 0.6036611 secs] 5049572K->3874506K(5208832K), [Metaspace: 9110K->9110K(1058816K)], 0.6038621 secs] [Times: user=0.61 sys=0.00, real=0.60 secs] 
2016-06-27T18:47:42.778+0300: 659.114: Total time for which application threads were stopped: 0.6068000 seconds, Stopping threads took: 0.0025185 seconds
2016-06-27T18:47:42.905+0300: 659.241: Total time for which application threads were stopped: 0.0018214 seconds, Stopping threads took: 0.0002485 seconds
2016-06-27T18:47:43.142+0300: 659.478: [GC (Allocation Failure) 2016-06-27T18:47:43.142+0300: 659.479: [ParNew
Desired survivor size 17432576 bytes, new threshold 1 (max 6)
- age   1:   34859208 bytes,   34859208 total
: 272640K->34048K(306688K), 0.0356052 secs] 4147146K->4141577K(5208832K), 0.0357493 secs] [Times: user=0.19 sys=0.00, real=0.04 secs] 
2016-06-27T18:47:43.178+0300: 659.514: Total time for which application threads were stopped: 0.0365012 seconds, Stopping threads took: 0.0004311 seconds
2016-06-27T18:47:43.423+0300: 659.759: Total time for which application threads were stopped: 0.0018154 seconds, Stopping threads took: 0.0006539 seconds
2016-06-27T18:47:43.518+0300: 659.855: [GC (Allocation Failure) 2016-06-27T18:47:43.518+0300: 659.855: [ParNew
Desired survivor size 17432576 bytes, new threshold 1 (max 6)
- age   1:   34861664 bytes,   34861664 total
: 306688K->34048K(306688K), 0.0370811 secs] 4414217K->4398850K(5208832K), 0.0372243 secs] [Times: user=0.19 sys=0.00, real=0.04 secs] 
2016-06-27T18:47:43.555+0300: 659.892: Total time for which application threads were stopped: 0.0377683 seconds, Stopping threads took: 0.0002048 seconds
2016-06-27T18:47:43.870+0300: 660.207: [GC (Allocation Failure) 2016-06-27T18:47:43.871+0300: 660.207: [ParNew
Desired survivor size 17432576 bytes, new threshold 1 (max 6)
- age   1:   34850488 bytes,   34850488 total
: 306616K->34048K(306688K), 0.0370614 secs] 4671419K->4656898K(5208832K), 0.0372431 secs] [Times: user=0.13 sys=0.00, real=0.04 secs] 
2016-06-27T18:47:43.908+0300: 660.244: Total time for which application threads were stopped: 0.0388109 seconds, Stopping threads took: 0.0011722 seconds
2016-06-27T18:47:44.230+0300: 660.567: [GC (Allocation Failure) 2016-06-27T18:47:44.230+0300: 660.567: [ParNew: 306412K->306412K(306688K), 0.0000334 secs]2016-06-27T18:47:44.230+0300: 660.567: [CMS: 4622850K->3922702K(4902144K), 0.7054184 secs] 4929262K->3922702K(5208832K), [Metaspace: 9110K->9110K(1058816K)], 0.7056211 secs] [Times: user=0.70 sys=0.00, real=0.71 secs] 
2016-06-27T18:47:44.936+0300: 661.272: Total time for which application threads were stopped: 0.7079099 seconds, Stopping threads took: 0.0018701 seconds
2016-06-27T18:47:45.261+0300: 661.597: [GC (Allocation Failure) 2016-06-27T18:47:45.261+0300: 661.598: [ParNew
Desired survivor size 17432576 bytes, new threshold 1 (max 6)
- age   1:   34845112 bytes,   34845112 total
: 272477K->34045K(306688K), 0.0357027 secs] 4195179K->4189759K(5208832K), 0.0358639 secs] [Times: user=0.13 sys=0.00, real=0.04 secs] 
2016-06-27T18:47:45.297+0300: 661.633: Total time for which application threads were stopped: 0.0392283 seconds, Stopping threads took: 0.0028850 seconds
2016-06-27T18:47:45.616+0300: 661.953: [GC (Allocation Failure) 2016-06-27T18:47:45.616+0300: 661.953: [ParNew
Desired survivor size 17432576 bytes, new threshold 1 (max 6)
- age   1:   34861184 bytes,   34861184 total
: 306555K->34048K(306688K), 0.0381639 secs] 4462269K->4456809K(5208832K), 0.0383260 secs] [Times: user=0.13 sys=0.00, real=0.04 secs] 
2016-06-27T18:47:45.655+0300: 661.991: Total time for which application threads were stopped: 0.0397026 seconds, Stopping threads took: 0.0008921 seconds
2016-06-27T18:47:46.004+0300: 662.340: [GC (Allocation Failure) 2016-06-27T18:47:46.010+0300: 662.346: [ParNew
Desired survivor size 17432576 bytes, new threshold 1 (max 6)
- age   1:   34858112 bytes,   34858112 total
: 306654K->34048K(306688K), 0.0385659 secs] 4729415K->4723861K(5208832K), 0.0444641 secs] [Times: user=0.13 sys=0.00, real=0.05 secs] 
2016-06-27T18:47:46.049+0300: 662.385: Total time for which application threads were stopped: 0.0461281 seconds, Stopping threads took: 0.0012449 seconds
2016-06-27T18:47:46.370+0300: 662.706: [GC (Allocation Failure) 2016-06-27T18:47:46.370+0300: 662.706: [ParNew: 306040K->306040K(306688K), 0.0000351 secs]2016-06-27T18:47:46.370+0300: 662.706: [CMS: 4689813K->4015705K(4902144K), 0.6329118 secs] 4995854K->4015705K(5208832K), [Metaspace: 9110K->9110K(1058816K)], 0.6331012 secs] [Times: user=0.63 sys=0.00, real=0.63 secs] 
2016-06-27T18:47:47.003+0300: 663.339: Total time for which application threads were stopped: 0.6353793 seconds, Stopping threads took: 0.0017867 seconds
2016-06-27T18:47:47.320+0300: 663.656: [GC (Allocation Failure) 2016-06-27T18:47:47.320+0300: 663.656: [ParNew
Desired survivor size 17432576 bytes, new threshold 1 (max 6)
- age   1:   34845216 bytes,   34845216 total
: 272051K->34041K(306688K), 0.0362373 secs] 4287756K->4282757K(5208832K), 0.0363848 secs] [Times: user=0.13 sys=0.00, real=0.04 secs] 
2016-06-27T18:47:47.356+0300: 663.692: Total time for which application threads were stopped: 0.0373586 seconds, Stopping threads took: 0.0005350 seconds
2016-06-27T18:47:47.674+0300: 664.011: [GC (Allocation Failure) 2016-06-27T18:47:47.674+0300: 664.011: [ParNew
Desired survivor size 17432576 bytes, new threshold 1 (max 6)
- age   1:   34849136 bytes,   34849136 total
: 306570K->34047K(306688K), 0.0383674 secs] 4555287K->4549796K(5208832K), 0.0384910 secs] [Times: user=0.19 sys=0.00, real=0.04 secs] 
2016-06-27T18:47:47.713+0300: 664.049: Total time for which application threads were stopped: 0.0395922 seconds, Stopping threads took: 0.0007043 seconds
2016-06-27T18:47:48.058+0300: 664.394: [GC (Allocation Failure) 2016-06-27T18:47:48.064+0300: 664.400: [ParNew
Desired survivor size 17432576 bytes, new threshold 1 (max 6)
- age   1:   34864936 bytes,   34864936 total
: 306657K->34048K(306688K), 0.0385116 secs] 4822406K->4817060K(5208832K), 0.0444769 secs] [Times: user=0.19 sys=0.00, real=0.04 secs] 
2016-06-27T18:47:48.102+0300: 664.439: Total time for which application threads were stopped: 0.0455456 seconds, Stopping threads took: 0.0005825 seconds
2016-06-27T18:47:48.361+0300: 664.698: Total time for which application threads were stopped: 0.0013467 seconds, Stopping threads took: 0.0004661 seconds
2016-06-27T18:47:48.421+0300: 664.758: [GC (Allocation Failure) 2016-06-27T18:47:48.421+0300: 664.758: [ParNew: 306206K->306206K(306688K), 0.0000227 secs]2016-06-27T18:47:48.421+0300: 664.758: [CMS: 4783012K->3867498K(4902144K), 0.5900788 secs] 5089219K->3867498K(5208832K), [Metaspace: 9110K->9110K(1058816K)], 0.5902306 secs] [Times: user=0.59 sys=0.00, real=0.59 secs] 
2016-06-27T18:47:49.012+0300: 665.348: Total time for which application threads were stopped: 0.5909644 seconds, Stopping threads took: 0.0002874 seconds
2016-06-27T18:47:49.396+0300: 665.732: [GC (Allocation Failure) 2016-06-27T18:47:49.396+0300: 665.732: [ParNew
Desired survivor size 17432576 bytes, new threshold 1 (max 6)
- age   1:   34850272 bytes,   34850272 total
: 272640K->34043K(306688K), 0.0363254 secs] 4140138K->4134553K(5208832K), 0.0422886 secs] [Times: user=0.13 sys=0.00, real=0.04 secs] 
2016-06-27T18:47:49.438+0300: 665.775: Total time for which application threads were stopped: 0.0431773 seconds, Stopping threads took: 0.0005448 seconds
2016-06-27T18:47:49.767+0300: 666.103: [GC (Allocation Failure) 2016-06-27T18:47:49.767+0300: 666.103: [ParNew
Desired survivor size 17432576 bytes, new threshold 1 (max 6)
- age   1:   34846600 bytes,   34846600 total
: 306174K->34036K(306688K), 0.0387053 secs] 4406684K->4401583K(5208832K), 0.0388297 secs] [Times: user=0.19 sys=0.00, real=0.04 secs] 
2016-06-27T18:47:49.806+0300: 666.142: Total time for which application threads were stopped: 0.0398356 seconds, Stopping threads took: 0.0006346 seconds
2016-06-27T18:47:50.140+0300: 666.477: [GC (Allocation Failure) 2016-06-27T18:47:50.140+0300: 666.477: [ParNew
Desired survivor size 17432576 bytes, new threshold 1 (max 6)
- age   1:   34852224 bytes,   34852224 total
: 306572K->34046K(306688K), 0.0398441 secs] 4674119K->4668628K(5208832K), 0.0400096 secs] [Times: user=0.19 sys=0.00, real=0.04 secs] 
2016-06-27T18:47:50.180+0300: 666.517: Total time for which application threads were stopped: 0.0413324 seconds, Stopping threads took: 0.0007783 seconds
2016-06-27T18:47:50.530+0300: 666.866: Total time for which application threads were stopped: 0.0047820 seconds, Stopping threads took: 0.0037013 seconds
2016-06-27T18:47:50.567+0300: 666.903: [GC (Allocation Failure) 2016-06-27T18:47:50.567+0300: 666.903: [ParNew: 306686K->306686K(306688K), 0.0000368 secs]2016-06-27T18:47:50.567+0300: 666.903: [CMS: 4634581K->3794491K(4902144K), 0.6859131 secs] 4941268K->3794491K(5208832K), [Metaspace: 9110K->9110K(1058816K)], 0.6861338 secs] [Times: user=0.67 sys=0.02, real=0.69 secs] 
2016-06-27T18:47:51.253+0300: 667.589: Total time for which application threads were stopped: 0.6867791 seconds, Stopping threads took: 0.0000915 seconds
2016-06-27T18:47:51.645+0300: 667.982: [GC (Allocation Failure) 2016-06-27T18:47:51.645+0300: 667.982: [ParNew
Desired survivor size 17432576 bytes, new threshold 1 (max 6)
- age   1:   34848184 bytes,   34848184 total
: 272640K->34034K(306688K), 0.0345848 secs] 4067131K->4061537K(5208832K), 0.0347401 secs] [Times: user=0.13 sys=0.00, real=0.04 secs] 
2016-06-27T18:47:51.680+0300: 668.016: Total time for which application threads were stopped: 0.0375703 seconds, Stopping threads took: 0.0023987 seconds
2016-06-27T18:47:52.001+0300: 668.337: [GC (Allocation Failure) 2016-06-27T18:47:52.001+0300: 668.337: [ParNew
Desired survivor size 17432576 bytes, new threshold 1 (max 6)
- age   1:   34850512 bytes,   34850512 total
: 306189K->34048K(306688K), 0.0393284 secs] 4333692K->4328586K(5208832K), 0.0394695 secs] [Times: user=0.19 sys=0.00, real=0.04 secs] 
2016-06-27T18:47:52.041+0300: 668.377: Total time for which application threads were stopped: 0.0423446 seconds, Stopping threads took: 0.0024795 seconds
2016-06-27T18:47:52.074+0300: 668.410: [GC (CMS Initial Mark) [1 CMS-initial-mark: 4294538K(4902144K)] 4357305K(5208832K), 0.0004234 secs] [Times: user=0.00 sys=0.00, real=0.00 secs] 
2016-06-27T18:47:52.074+0300: 668.411: Total time for which application threads were stopped: 0.0011624 seconds, Stopping threads took: 0.0004657 seconds
2016-06-27T18:47:52.074+0300: 668.411: [CMS-concurrent-mark-start]
2016-06-27T18:47:52.126+0300: 668.462: [CMS-concurrent-mark: 0.052/0.052 secs] [Times: user=0.19 sys=0.00, real=0.05 secs] 
2016-06-27T18:47:52.126+0300: 668.462: [CMS-concurrent-preclean-start]
2016-06-27T18:47:52.136+0300: 668.472: [CMS-concurrent-preclean: 0.010/0.010 secs] [Times: user=0.06 sys=0.00, real=0.01 secs] 
2016-06-27T18:47:52.136+0300: 668.472: [CMS-concurrent-abortable-preclean-start]
2016-06-27T18:47:52.178+0300: 668.515: Total time for which application threads were stopped: 0.0007514 seconds, Stopping threads took: 0.0003644 seconds
2016-06-27T18:47:52.410+0300: 668.746: Total time for which application threads were stopped: 0.0016439 seconds, Stopping threads took: 0.0007266 seconds
2016-06-27T18:47:52.469+0300: 668.806: [GC (Allocation Failure) 2016-06-27T18:47:52.469+0300: 668.806: [ParNew
Desired survivor size 17432576 bytes, new threshold 1 (max 6)
- age   1:   34864936 bytes,   34864936 total
: 306688K->34048K(306688K), 0.0394644 secs] 4601226K->4595653K(5208832K), 0.0396376 secs] [Times: user=0.17 sys=0.00, real=0.04 secs] 
2016-06-27T18:47:52.509+0300: 668.845: Total time for which application threads were stopped: 0.0401127 seconds, Stopping threads took: 0.0000898 seconds
2016-06-27T18:47:52.830+0300: 669.166: [GC (Allocation Failure) 2016-06-27T18:47:52.830+0300: 669.166: [ParNew2016-06-27T18:47:52.862+0300: 669.198: [CMS-concurrent-abortable-preclean: 0.086/0.726 secs] [Times: user=2.75 sys=0.00, real=0.73 secs] 

Desired survivor size 17432576 bytes, new threshold 1 (max 6)
- age   1:   34852288 bytes,   34852288 total
: 306065K->34048K(306688K), 0.0392488 secs] 4867670K->4862715K(5208832K), 0.0394156 secs] [Times: user=0.19 sys=0.00, real=0.04 secs] 
2016-06-27T18:47:52.869+0300: 669.205: Total time for which application threads were stopped: 0.0406575 seconds, Stopping threads took: 0.0008596 seconds
2016-06-27T18:47:52.870+0300: 669.206: [GC (CMS Final Remark) [YG occupancy: 35064 K (306688 K)]2016-06-27T18:47:52.870+0300: 669.206: [Rescan (parallel) , 0.0041953 secs]2016-06-27T18:47:52.874+0300: 669.210: [weak refs processing, 0.0000175 secs]2016-06-27T18:47:52.874+0300: 669.210: [class unloading, 0.0015725 secs]2016-06-27T18:47:52.876+0300: 669.212: [scrub symbol table, 0.0008275 secs]2016-06-27T18:47:52.876+0300: 669.213: [scrub string table, 0.0002031 secs][1 CMS-remark: 4828667K(4902144K)] 4863731K(5208832K), 0.0070700 secs] [Times: user=0.00 sys=0.00, real=0.01 secs] 
2016-06-27T18:47:52.877+0300: 669.213: Total time for which application threads were stopped: 0.0074591 seconds, Stopping threads took: 0.0000697 seconds
2016-06-27T18:47:52.892+0300: 669.228: [CMS-concurrent-sweep-start]
2016-06-27T18:47:52.900+0300: 669.237: [CMS-concurrent-sweep: 0.009/0.009 secs] [Times: user=0.05 sys=0.00, real=0.01 secs] 
2016-06-27T18:47:52.900+0300: 669.237: [CMS-concurrent-reset-start]
2016-06-27T18:47:52.907+0300: 669.243: [CMS-concurrent-reset: 0.006/0.006 secs] [Times: user=0.00 sys=0.00, real=0.01 secs] 
2016-06-27T18:47:53.208+0300: 669.545: [GC (Allocation Failure) 2016-06-27T18:47:53.208+0300: 669.545: [ParNew
Desired survivor size 17432576 bytes, new threshold 1 (max 6)
- age   1:   34859544 bytes,   34859544 total
: 305866K->34046K(306688K), 0.0384153 secs] 4579458K->4573685K(5208832K), 0.0385415 secs] [Times: user=0.13 sys=0.00, real=0.04 secs] 
2016-06-27T18:47:53.247+0300: 669.583: Total time for which application threads were stopped: 0.0403017 seconds, Stopping threads took: 0.0014356 seconds
2016-06-27T18:47:53.369+0300: 669.705: Total time for which application threads were stopped: 0.0016362 seconds, Stopping threads took: 0.0007540 seconds
2016-06-27T18:47:53.591+0300: 669.927: [GC (Allocation Failure) 2016-06-27T18:47:53.597+0300: 669.933: [ParNew
Desired survivor size 17432576 bytes, new threshold 1 (max 6)
- age   1:   34855576 bytes,   34855576 total
: 306368K->34048K(306688K), 0.0383709 secs] 4846006K->4841738K(5208832K), 0.0443700 secs] [Times: user=0.19 sys=0.00, real=0.04 secs] 
2016-06-27T18:47:53.635+0300: 669.972: Total time for which application threads were stopped: 0.0455845 seconds, Stopping threads took: 0.0008438 seconds
2016-06-27T18:47:53.970+0300: 670.307: [GC (Allocation Failure) 2016-06-27T18:47:53.970+0300: 670.307: [ParNew: 306688K->306688K(306688K), 0.0000235 secs]2016-06-27T18:47:53.970+0300: 670.307: [CMS: 4807690K->3713486K(4902144K), 0.5858437 secs] 5114378K->3713486K(5208832K), [Metaspace: 9110K->9110K(1058816K)], 0.5859861 secs] [Times: user=0.58 sys=0.00, real=0.59 secs] 
2016-06-27T18:47:54.556+0300: 670.893: Total time for which application threads were stopped: 0.5869808 seconds, Stopping threads took: 0.0006765 seconds
2016-06-27T18:47:54.872+0300: 671.209: [GC (Allocation Failure) 2016-06-27T18:47:54.872+0300: 671.209: [ParNew
Desired survivor size 17432576 bytes, new threshold 1 (max 6)
- age   1:   34843856 bytes,   34843856 total
: 272534K->34048K(306688K), 0.0364832 secs] 3986020K->3980546K(5208832K), 0.0366081 secs] [Times: user=0.13 sys=0.00, real=0.04 secs] 
2016-06-27T18:47:54.909+0300: 671.245: Total time for which application threads were stopped: 0.0374629 seconds, Stopping threads took: 0.0005260 seconds
2016-06-27T18:47:55.232+0300: 671.568: [GC (Allocation Failure) 2016-06-27T18:47:55.238+0300: 671.574: [ParNew
Desired survivor size 17432576 bytes, new threshold 1 (max 6)
- age   1:   34851592 bytes,   34851592 total
: 306491K->34044K(306688K), 0.0414359 secs] 4252990K->4247573K(5208832K), 0.0474778 secs] [Times: user=0.19 sys=0.00, real=0.05 secs] 
2016-06-27T18:47:55.279+0300: 671.616: Total time for which application threads were stopped: 0.0486162 seconds, Stopping threads took: 0.0007569 seconds
2016-06-27T18:47:55.572+0300: 671.908: Total time for which application threads were stopped: 0.0020493 seconds, Stopping threads took: 0.0011970 seconds
2016-06-27T18:47:55.670+0300: 672.007: [GC (Allocation Failure) 2016-06-27T18:47:55.671+0300: 672.007: [ParNew
Desired survivor size 17432576 bytes, new threshold 1 (max 6)
- age   1:   34863320 bytes,   34863320 total
: 306684K->34046K(306688K), 0.0391885 secs] 4520213K->4513646K(5208832K), 0.0393835 secs] [Times: user=0.19 sys=0.00, real=0.04 secs] 
2016-06-27T18:47:55.710+0300: 672.046: Total time for which application threads were stopped: 0.0399523 seconds, Stopping threads took: 0.0001895 seconds
2016-06-27T18:47:56.044+0300: 672.380: [GC (Allocation Failure) 2016-06-27T18:47:56.044+0300: 672.380: [ParNew
Desired survivor size 17432576 bytes, new threshold 1 (max 6)
- age   1:   34855264 bytes,   34855264 total
: 306581K->34048K(306688K), 0.0375532 secs] 4786181K->4780705K(5208832K), 0.0377691 secs] [Times: user=0.13 sys=0.00, real=0.04 secs] 
2016-06-27T18:47:56.082+0300: 672.418: Total time for which application threads were stopped: 0.0401931 seconds, Stopping threads took: 0.0020267 seconds
2016-06-27T18:47:56.365+0300: 672.702: Total time for which application threads were stopped: 0.0020074 seconds, Stopping threads took: 0.0010507 seconds
2016-06-27T18:47:56.492+0300: 672.829: [GC (Allocation Failure) 2016-06-27T18:47:56.492+0300: 672.829: [ParNew: 306688K->306688K(306688K), 0.0000411 secs]2016-06-27T18:47:56.492+0300: 672.829: [CMS: 4746657K->3726487K(4902144K), 0.6327796 secs] 5053345K->3726487K(5208832K), [Metaspace: 9110K->9110K(1058816K)], 0.6329849 secs] [Times: user=0.63 sys=0.00, real=0.63 secs] 
2016-06-27T18:47:57.125+0300: 673.462: Total time for which application threads were stopped: 0.6336653 seconds, Stopping threads took: 0.0003096 seconds
2016-06-27T18:47:57.365+0300: 673.702: Total time for which application threads were stopped: 0.0020976 seconds, Stopping threads took: 0.0012650 seconds
2016-06-27T18:47:57.522+0300: 673.858: [GC (Allocation Failure) 2016-06-27T18:47:57.522+0300: 673.858: [ParNew
Desired survivor size 17432576 bytes, new threshold 1 (max 6)
- age   1:   34860320 bytes,   34860320 total
: 271643K->34048K(306688K), 0.0361753 secs] 3998130K->3993554K(5208832K), 0.0363485 secs] [Times: user=0.13 sys=0.00, real=0.04 secs] 
2016-06-27T18:47:57.558+0300: 673.894: Total time for which application threads were stopped: 0.0386313 seconds, Stopping threads took: 0.0018924 seconds
2016-06-27T18:47:57.946+0300: 674.283: [GC (Allocation Failure) 2016-06-27T18:47:57.946+0300: 674.283: [ParNew
Desired survivor size 17432576 bytes, new threshold 1 (max 6)
- age   1:   34856184 bytes,   34856184 total
: 306611K->34048K(306688K), 0.0400079 secs] 4266118K->4259605K(5208832K), 0.0401811 secs] [Times: user=0.13 sys=0.00, real=0.04 secs] 
2016-06-27T18:47:57.986+0300: 674.323: Total time for which application threads were stopped: 0.0426508 seconds, Stopping threads took: 0.0020318 seconds
2016-06-27T18:47:58.356+0300: 674.692: [GC (Allocation Failure) 2016-06-27T18:47:58.356+0300: 674.692: [ParNew
Desired survivor size 17432576 bytes, new threshold 1 (max 6)
- age   1:   34852872 bytes,   34852872 total
: 305833K->34048K(306688K), 0.0398642 secs] 4531390K->4525649K(5208832K), 0.0400468 secs] [Times: user=0.19 sys=0.00, real=0.04 secs] 
2016-06-27T18:47:58.396+0300: 674.733: Total time for which application threads were stopped: 0.0420453 seconds, Stopping threads took: 0.0015113 seconds
2016-06-27T18:47:58.593+0300: 674.929: Total time for which application threads were stopped: 0.0045673 seconds, Stopping threads took: 0.0035461 seconds
2016-06-27T18:47:58.843+0300: 675.179: [GC (Allocation Failure) 2016-06-27T18:47:58.843+0300: 675.179: [ParNew
Desired survivor size 17432576 bytes, new threshold 1 (max 6)
- age   1:   34860792 bytes,   34860792 total
: 306688K->34046K(306688K), 0.0395627 secs] 4798289K->4791689K(5208832K), 0.0397483 secs] [Times: user=0.19 sys=0.00, real=0.04 secs] 
2016-06-27T18:47:58.882+0300: 675.219: Total time for which application threads were stopped: 0.0427278 seconds, Stopping threads took: 0.0025587 seconds
2016-06-27T18:47:59.120+0300: 675.456: [GC (CMS Initial Mark) [1 CMS-initial-mark: 4757643K(4902144K)] 4955828K(5208832K), 0.0009383 secs] [Times: user=0.00 sys=0.00, real=0.00 secs] 
2016-06-27T18:47:59.121+0300: 675.457: Total time for which application threads were stopped: 0.0027195 seconds, Stopping threads took: 0.0014053 seconds
2016-06-27T18:47:59.121+0300: 675.457: [CMS-concurrent-mark-start]
2016-06-27T18:47:59.180+0300: 675.517: [CMS-concurrent-mark: 0.060/0.060 secs] [Times: user=0.25 sys=0.00, real=0.06 secs] 
2016-06-27T18:47:59.180+0300: 675.517: [CMS-concurrent-preclean-start]
2016-06-27T18:47:59.192+0300: 675.529: [CMS-concurrent-preclean: 0.012/0.012 secs] [Times: user=0.06 sys=0.00, real=0.01 secs] 
2016-06-27T18:47:59.192+0300: 675.529: [CMS-concurrent-abortable-preclean-start]
2016-06-27T18:47:59.192+0300: 675.529: [CMS-concurrent-abortable-preclean: 0.000/0.000 secs] [Times: user=0.00 sys=0.00, real=0.00 secs] 
2016-06-27T18:47:59.218+0300: 675.555: [GC (CMS Final Remark) [YG occupancy: 253152 K (306688 K)]2016-06-27T18:47:59.218+0300: 675.555: [Rescan (parallel) , 0.0052516 secs]2016-06-27T18:47:59.223+0300: 675.560: [weak refs processing, 0.0000393 secs]2016-06-27T18:47:59.224+0300: 675.560: [class unloading, 0.0031540 secs]2016-06-27T18:47:59.227+0300: 675.563: [scrub symbol table, 0.0018239 secs]2016-06-27T18:47:59.229+0300: 675.565: [scrub string table, 0.0004657 secs][1 CMS-remark: 4757643K(4902144K)] 5010795K(5208832K), 0.0110985 secs] [Times: user=0.06 sys=0.00, real=0.01 secs] 
2016-06-27T18:47:59.229+0300: 675.566: Total time for which application threads were stopped: 0.0138107 seconds, Stopping threads took: 0.0023217 seconds
2016-06-27T18:47:59.249+0300: 675.585: [CMS-concurrent-sweep-start]
2016-06-27T18:47:59.259+0300: 675.596: [CMS-concurrent-sweep: 0.011/0.011 secs] [Times: user=0.06 sys=0.00, real=0.01 secs] 
2016-06-27T18:47:59.259+0300: 675.596: [CMS-concurrent-reset-start]
2016-06-27T18:47:59.266+0300: 675.603: [CMS-concurrent-reset: 0.007/0.007 secs] [Times: user=0.00 sys=0.00, real=0.01 secs] 
2016-06-27T18:47:59.309+0300: 675.645: [GC (Allocation Failure) 2016-06-27T18:47:59.315+0300: 675.651: [ParNew
Desired survivor size 17432576 bytes, new threshold 1 (max 6)
- age   1:   34858624 bytes,   34858624 total
: 306014K->34048K(306688K), 0.0391449 secs] 4012462K->4006551K(5208832K), 0.0452954 secs] [Times: user=0.13 sys=0.00, real=0.03 secs] 
2016-06-27T18:47:59.340+0300: 675.691: Total time for which application threads were stopped: 0.0463026 seconds, Stopping threads took: 0.0005859 seconds
2016-06-27T18:47:59.389+0300: 675.728: Total time for which application threads were stopped: 0.0014861 seconds, Stopping threads took: 0.0008151 seconds
2016-06-27T18:47:59.735+0300: 676.071: [GC (Allocation Failure) 2016-06-27T18:47:59.735+0300: 676.071: [ParNew
Desired survivor size 17432576 bytes, new threshold 1 (max 6)
- age   1:   34855352 bytes,   34855352 total
: 306605K->34048K(306688K), 0.0402572 secs] 4279109K->4272599K(5208832K), 0.0404454 secs] [Times: user=0.19 sys=0.00, real=0.04 secs] 
2016-06-27T18:47:59.776+0300: 676.112: Total time for which application threads were stopped: 0.0434822 seconds, Stopping threads took: 0.0025326 seconds
2016-06-27T18:48:00.174+0300: 676.511: [GC (Allocation Failure) 2016-06-27T18:48:00.175+0300: 676.511: [ParNew
Desired survivor size 17432576 bytes, new threshold 1 (max 6)
- age   1:   34857960 bytes,   34857960 total
: 306110K->34048K(306688K), 0.0407901 secs] 4544662K->4538641K(5208832K), 0.0409864 secs] [Times: user=0.19 sys=0.00, real=0.04 secs] 
2016-06-27T18:48:00.216+0300: 676.552: Total time for which application threads were stopped: 0.0465630 seconds, Stopping threads took: 0.0050348 seconds
2016-06-27T18:48:00.397+0300: 676.733: Total time for which application threads were stopped: 0.0063498 seconds, Stopping threads took: 0.0051763 seconds
2016-06-27T18:48:00.659+0300: 676.995: [GC (Allocation Failure) 2016-06-27T18:48:00.659+0300: 676.995: [ParNew
Desired survivor size 17432576 bytes, new threshold 1 (max 6)
- age   1:   34851768 bytes,   34851768 total
: 306072K->34048K(306688K), 0.0407315 secs] 4810666K->4804686K(5208832K), 0.0409496 secs] [Times: user=0.19 sys=0.00, real=0.04 secs] 
2016-06-27T18:48:00.700+0300: 677.036: Total time for which application threads were stopped: 0.0461713 seconds, Stopping threads took: 0.0046631 seconds
2016-06-27T18:48:00.987+0300: 677.324: [GC (CMS Initial Mark) [1 CMS-initial-mark: 4770638K(4902144K)] 4980064K(5208832K), 0.0004884 secs] [Times: user=0.00 sys=0.00, real=0.00 secs] 
2016-06-27T18:48:00.988+0300: 677.324: Total time for which application threads were stopped: 0.0033845 seconds, Stopping threads took: 0.0025026 seconds
2016-06-27T18:48:00.988+0300: 677.324: [CMS-concurrent-mark-start]
2016-06-27T18:48:01.040+0300: 677.376: [CMS-concurrent-mark: 0.052/0.052 secs] [Times: user=0.22 sys=0.00, real=0.05 secs] 
2016-06-27T18:48:01.040+0300: 677.376: [CMS-concurrent-preclean-start]
2016-06-27T18:48:01.050+0300: 677.387: [CMS-concurrent-preclean: 0.010/0.010 secs] [Times: user=0.00 sys=0.00, real=0.01 secs] 
2016-06-27T18:48:01.050+0300: 677.387: [CMS-concurrent-abortable-preclean-start]
2016-06-27T18:48:01.050+0300: 677.387: [CMS-concurrent-abortable-preclean: 0.000/0.000 secs] [Times: user=0.00 sys=0.00, real=0.00 secs] 
2016-06-27T18:48:01.076+0300: 677.412: [GC (CMS Final Remark) [YG occupancy: 263569 K (306688 K)]2016-06-27T18:48:01.076+0300: 677.412: [Rescan (parallel) , 0.0042047 secs]2016-06-27T18:48:01.080+0300: 677.417: [weak refs processing, 0.0000316 secs]2016-06-27T18:48:01.080+0300: 677.417: [class unloading, 0.0031591 secs]2016-06-27T18:48:01.083+0300: 677.420: [scrub symbol table, 0.0018552 secs]2016-06-27T18:48:01.085+0300: 677.422: [scrub string table, 0.0004174 secs][1 CMS-remark: 4770638K(4902144K)] 5034208K(5208832K), 0.0100400 secs] [Times: user=0.01 sys=0.00, real=0.01 secs] 
2016-06-27T18:48:01.086+0300: 677.422: Total time for which application threads were stopped: 0.0167106 seconds, Stopping threads took: 0.0062117 seconds
2016-06-27T18:48:01.086+0300: 677.422: [CMS-concurrent-sweep-start]
2016-06-27T18:48:01.095+0300: 677.432: [CMS-concurrent-sweep: 0.009/0.009 secs] [Times: user=0.00 sys=0.00, real=0.01 secs] 
2016-06-27T18:48:01.095+0300: 677.432: [CMS-concurrent-reset-start]
2016-06-27T18:48:01.101+0300: 677.438: [CMS-concurrent-reset: 0.006/0.006 secs] [Times: user=0.06 sys=0.00, real=0.01 secs] 
2016-06-27T18:48:01.149+0300: 677.485: [GC (Allocation Failure) 2016-06-27T18:48:01.149+0300: 677.485: [ParNew
Desired survivor size 17432576 bytes, new threshold 1 (max 6)
- age   1:   34860112 bytes,   34860112 total
: 305748K->34048K(306688K), 0.0395593 secs] 4012197K->4006550K(5208832K), 0.0397248 secs] [Times: user=0.13 sys=0.00, real=0.04 secs] 
2016-06-27T18:48:01.189+0300: 677.525: Total time for which application threads were stopped: 0.0456564 seconds, Stopping threads took: 0.0054274 seconds
2016-06-27T18:48:01.395+0300: 677.731: Total time for which application threads were stopped: 0.0043463 seconds, Stopping threads took: 0.0032519 seconds
2016-06-27T18:48:01.566+0300: 677.902: [GC (Allocation Failure) 2016-06-27T18:48:01.566+0300: 677.903: [ParNew
Desired survivor size 17432576 bytes, new threshold 1 (max 6)
- age   1:   34851944 bytes,   34851944 total
: 306061K->34048K(306688K), 0.0411006 secs] 4278563K->4273597K(5208832K), 0.0412644 secs] [Times: user=0.16 sys=0.00, real=0.04 secs] 
2016-06-27T18:48:01.607+0300: 677.944: Total time for which application threads were stopped: 0.0433406 seconds, Stopping threads took: 0.0015460 seconds
2016-06-27T18:48:01.932+0300: 678.268: [GC (Allocation Failure) 2016-06-27T18:48:01.932+0300: 678.268: [ParNew
Desired survivor size 17432576 bytes, new threshold 1 (max 6)
- age   1:   34861952 bytes,   34861952 total
: 305944K->34048K(306688K), 0.0378406 secs] 4545494K->4540642K(5208832K), 0.0380014 secs] [Times: user=0.13 sys=0.00, real=0.04 secs] 
2016-06-27T18:48:01.970+0300: 678.306: Total time for which application threads were stopped: 0.0411887 seconds, Stopping threads took: 0.0026964 seconds
2016-06-27T18:48:02.325+0300: 678.661: [GC (Allocation Failure) 2016-06-27T18:48:02.325+0300: 678.661: [ParNew
Desired survivor size 17432576 bytes, new threshold 1 (max 6)
- age   1:   34845000 bytes,   34845000 total
: 306688K->34042K(306688K), 0.0384299 secs] 4813282K->4807686K(5208832K), 0.0385894 secs] [Times: user=0.13 sys=0.00, real=0.04 secs] 
2016-06-27T18:48:02.363+0300: 678.700: Total time for which application threads were stopped: 0.0411596 seconds, Stopping threads took: 0.0021169 seconds
2016-06-27T18:48:02.392+0300: 678.729: Total time for which application threads were stopped: 0.0010811 seconds, Stopping threads took: 0.0000795 seconds
2016-06-27T18:48:02.401+0300: 678.737: Total time for which application threads were stopped: 0.0004251 seconds, Stopping threads took: 0.0000757 seconds
2016-06-27T18:48:02.731+0300: 679.068: [GC (Allocation Failure) 2016-06-27T18:48:02.732+0300: 679.068: [ParNew: 306682K->306682K(306688K), 0.0000329 secs]2016-06-27T18:48:02.732+0300: 679.068: [CMS: 4773643K->3872496K(4902144K), 0.6928882 secs] 5080326K->3872496K(5208832K), [Metaspace: 9114K->9114K(1058816K)], 0.6931050 secs] [Times: user=0.69 sys=0.00, real=0.69 secs] 
2016-06-27T18:48:03.425+0300: 679.761: Total time for which application threads were stopped: 0.6967234 seconds, Stopping threads took: 0.0031612 seconds
2016-06-27T18:48:03.766+0300: 680.103: [GC (Allocation Failure) 2016-06-27T18:48:03.766+0300: 680.103: [ParNew
Desired survivor size 17432576 bytes, new threshold 1 (max 6)
- age   1:   34854288 bytes,   34854288 total
: 272371K->34047K(306688K), 0.0341084 secs] 4144867K->4139556K(5208832K), 0.0342431 secs] [Times: user=0.13 sys=0.00, real=0.04 secs] 
2016-06-27T18:48:03.801+0300: 680.137: Total time for which application threads were stopped: 0.0350766 seconds, Stopping threads took: 0.0004935 seconds
2016-06-27T18:48:04.171+0300: 680.507: [GC (Allocation Failure) 2016-06-27T18:48:04.171+0300: 680.507: [ParNew
Desired survivor size 17432576 bytes, new threshold 1 (max 6)
- age   1:   34854552 bytes,   34854552 total
: 306288K->34048K(306688K), 0.0401632 secs] 4411796K->4406598K(5208832K), 0.0403077 secs] [Times: user=0.19 sys=0.00, real=0.04 secs] 
2016-06-27T18:48:04.211+0300: 680.547: Total time for which application threads were stopped: 0.0413713 seconds, Stopping threads took: 0.0006423 seconds
2016-06-27T18:48:04.594+0300: 680.931: [GC (Allocation Failure) 2016-06-27T18:48:04.600+0300: 680.937: [ParNew
Desired survivor size 17432576 bytes, new threshold 1 (max 6)
- age   1:   34847464 bytes,   34847464 total
: 305871K->34037K(306688K), 0.0408021 secs] 4678422K->4672630K(5208832K), 0.0466468 secs] [Times: user=0.13 sys=0.00, real=0.05 secs] 
2016-06-27T18:48:04.641+0300: 680.978: Total time for which application threads were stopped: 0.0480059 seconds, Stopping threads took: 0.0007959 seconds
2016-06-27T18:48:04.905+0300: 681.241: Total time for which application threads were stopped: 0.0014976 seconds, Stopping threads took: 0.0005256 seconds
2016-06-27T18:48:05.085+0300: 681.421: [GC (Allocation Failure) 2016-06-27T18:48:05.085+0300: 681.422: [ParNew: 306677K->306677K(306688K), 0.0000312 secs]2016-06-27T18:48:05.085+0300: 681.422: [CMS: 4638593K->3692482K(4902144K), 0.6264200 secs] 4945270K->3692482K(5208832K), [Metaspace: 9114K->9114K(1058816K)], 0.6268019 secs] [Times: user=0.63 sys=0.00, real=0.63 secs] 
2016-06-27T18:48:05.712+0300: 682.048: Total time for which application threads were stopped: 0.6274677 seconds, Stopping threads took: 0.0002677 seconds
2016-06-27T18:48:06.031+0300: 682.368: [GC (Allocation Failure) 2016-06-27T18:48:06.031+0300: 682.368: [ParNew
Desired survivor size 17432576 bytes, new threshold 1 (max 6)
- age   1:   34844008 bytes,   34844008 total
: 271823K->34040K(306688K), 0.0345981 secs] 3964306K->3959534K(5208832K), 0.0347302 secs] [Times: user=0.13 sys=0.00, real=0.04 secs] 
2016-06-27T18:48:06.066+0300: 682.403: Total time for which application threads were stopped: 0.0357955 seconds, Stopping threads took: 0.0006513 seconds
2016-06-27T18:48:06.385+0300: 682.721: [GC (Allocation Failure) 2016-06-27T18:48:06.385+0300: 682.721: [ParNew
Desired survivor size 17432576 bytes, new threshold 1 (max 6)
- age   1:   34844504 bytes,   34844504 total
: 306171K->34035K(306688K), 0.0377191 secs] 4231665K->4226561K(5208832K), 0.0378521 secs] [Times: user=0.13 sys=0.00, real=0.04 secs] 
2016-06-27T18:48:06.423+0300: 682.759: Total time for which application threads were stopped: 0.0388079 seconds, Stopping threads took: 0.0005294 seconds
2016-06-27T18:48:06.741+0300: 683.078: [GC (Allocation Failure) 2016-06-27T18:48:06.741+0300: 683.078: [ParNew
Desired survivor size 17432576 bytes, new threshold 1 (max 6)
- age   1:   34846168 bytes,   34846168 total
: 305941K->34048K(306688K), 0.0397565 secs] 4498466K->4493604K(5208832K), 0.0398912 secs] [Times: user=0.13 sys=0.00, real=0.04 secs] 
2016-06-27T18:48:06.781+0300: 683.118: Total time for which application threads were stopped: 0.0409009 seconds, Stopping threads took: 0.0005962 seconds
2016-06-27T18:48:07.104+0300: 683.440: [GC (Allocation Failure) 2016-06-27T18:48:07.110+0300: 683.446: [ParNew
Desired survivor size 17432576 bytes, new threshold 1 (max 6)
- age   1:   34846592 bytes,   34846592 total
: 305943K->34043K(306688K), 0.0396089 secs] 4765500K->4760633K(5208832K), 0.0454588 secs] [Times: user=0.19 sys=0.00, real=0.05 secs] 
2016-06-27T18:48:07.150+0300: 683.486: Total time for which application threads were stopped: 0.0464976 seconds, Stopping threads took: 0.0005247 seconds
2016-06-27T18:48:07.382+0300: 683.718: [GC (CMS Initial Mark) [1 CMS-initial-mark: 4726589K(4902144K)] 4960032K(5208832K), 0.0006423 secs] [Times: user=0.00 sys=0.00, real=0.00 secs] 
2016-06-27T18:48:07.383+0300: 683.719: Total time for which application threads were stopped: 0.0015550 seconds, Stopping threads took: 0.0004217 seconds
2016-06-27T18:48:07.383+0300: 683.719: [CMS-concurrent-mark-start]
2016-06-27T18:48:07.435+0300: 683.772: [CMS-concurrent-mark: 0.053/0.053 secs] [Times: user=0.19 sys=0.00, real=0.05 secs] 
2016-06-27T18:48:07.435+0300: 683.772: [CMS-concurrent-preclean-start]
2016-06-27T18:48:07.446+0300: 683.782: [CMS-concurrent-preclean: 0.010/0.010 secs] [Times: user=0.06 sys=0.00, real=0.01 secs] 
2016-06-27T18:48:07.446+0300: 683.782: [CMS-concurrent-abortable-preclean-start]
2016-06-27T18:48:07.446+0300: 683.782: [CMS-concurrent-abortable-preclean: 0.000/0.000 secs] [Times: user=0.00 sys=0.00, real=0.00 secs] 
2016-06-27T18:48:07.450+0300: 683.787: [GC (CMS Final Remark) [YG occupancy: 274447 K (306688 K)]2016-06-27T18:48:07.450+0300: 683.787: [Rescan (parallel) , 0.0042128 secs]2016-06-27T18:48:07.454+0300: 683.791: [weak refs processing, 0.0000287 secs]2016-06-27T18:48:07.454+0300: 683.791: [class unloading, 0.0020852 secs]2016-06-27T18:48:07.457+0300: 683.793: [scrub symbol table, 0.0011038 secs]2016-06-27T18:48:07.458+0300: 683.794: [scrub string table, 0.0001954 secs][1 CMS-remark: 4726589K(4902144K)] 5001037K(5208832K), 0.0078889 secs] [Times: user=0.01 sys=0.00, real=0.01 secs] 
2016-06-27T18:48:07.458+0300: 683.795: Total time for which application threads were stopped: 0.0085249 seconds, Stopping threads took: 0.0001685 seconds
2016-06-27T18:48:07.458+0300: 683.795: [CMS-concurrent-sweep-start]
2016-06-27T18:48:07.467+0300: 683.804: [CMS-concurrent-sweep: 0.009/0.009 secs] [Times: user=0.00 sys=0.00, real=0.01 secs] 
2016-06-27T18:48:07.467+0300: 683.804: [CMS-concurrent-reset-start]
2016-06-27T18:48:07.473+0300: 683.810: [CMS-concurrent-reset: 0.006/0.006 secs] [Times: user=0.06 sys=0.00, real=0.01 secs] 
2016-06-27T18:48:07.505+0300: 683.842: [GC (Allocation Failure) 2016-06-27T18:48:07.505+0300: 683.842: [ParNew
Desired survivor size 17432576 bytes, new threshold 1 (max 6)
- age   1:   34847624 bytes,   34847624 total
: 306401K->34048K(306688K), 0.0387271 secs] 4012854K->4007533K(5208832K), 0.0388836 secs] [Times: user=0.13 sys=0.00, real=0.04 secs] 
2016-06-27T18:48:07.544+0300: 683.881: Total time for which application threads were stopped: 0.0396012 seconds, Stopping threads took: 0.0001458 seconds
2016-06-27T18:48:07.883+0300: 684.219: [GC (Allocation Failure) 2016-06-27T18:48:07.883+0300: 684.219: [ParNew
Desired survivor size 17432576 bytes, new threshold 1 (max 6)
- age   1:   34847152 bytes,   34847152 total
: 306098K->34045K(306688K), 0.0377456 secs] 4279583K->4274565K(5208832K), 0.0378782 secs] [Times: user=0.13 sys=0.00, real=0.04 secs] 
2016-06-27T18:48:07.921+0300: 684.257: Total time for which application threads were stopped: 0.0389512 seconds, Stopping threads took: 0.0006021 seconds
2016-06-27T18:48:07.921+0300: 684.258: [GC (CMS Initial Mark) [1 CMS-initial-mark: 4240519K(4902144K)] 4275565K(5208832K), 0.0004392 secs] [Times: user=0.00 sys=0.00, real=0.00 secs] 
2016-06-27T18:48:07.922+0300: 684.258: Total time for which application threads were stopped: 0.0008562 seconds, Stopping threads took: 0.0000676 seconds
2016-06-27T18:48:07.922+0300: 684.258: [CMS-concurrent-mark-start]
2016-06-27T18:48:07.974+0300: 684.310: [CMS-concurrent-mark: 0.052/0.052 secs] [Times: user=0.25 sys=0.00, real=0.05 secs] 
2016-06-27T18:48:07.974+0300: 684.310: [CMS-concurrent-preclean-start]
2016-06-27T18:48:07.984+0300: 684.321: [CMS-concurrent-preclean: 0.010/0.010 secs] [Times: user=0.00 sys=0.00, real=0.01 secs] 
2016-06-27T18:48:07.984+0300: 684.321: [CMS-concurrent-abortable-preclean-start]
2016-06-27T18:48:08.287+0300: 684.624: [GC (Allocation Failure) 2016-06-27T18:48:08.287+0300: 684.624: [ParNew
Desired survivor size 17432576 bytes, new threshold 1 (max 6)
- age   1:   34849160 bytes,   34849160 total
: 306308K->34045K(306688K), 0.0382721 secs] 4546828K->4541599K(5208832K), 0.0384436 secs] [Times: user=0.13 sys=0.00, real=0.04 secs] 
2016-06-27T18:48:08.326+0300: 684.662: Total time for which application threads were stopped: 0.0404745 seconds, Stopping threads took: 0.0014369 seconds
2016-06-27T18:48:08.669+0300: 685.005: [CMS-concurrent-abortable-preclean: 0.097/0.684 secs] [Times: user=2.66 sys=0.03, real=0.68 secs] 
2016-06-27T18:48:08.680+0300: 685.016: [GC (Allocation Failure) 2016-06-27T18:48:08.680+0300: 685.016: [ParNew
Desired survivor size 17432576 bytes, new threshold 1 (max 6)
- age   1:   34848632 bytes,   34848632 total
: 306528K->34047K(306688K), 0.0387788 secs] 4814082K->4808638K(5208832K), 0.0389503 secs] [Times: user=0.13 sys=0.00, real=0.04 secs] 
2016-06-27T18:48:08.725+0300: 685.062: Total time for which application threads were stopped: 0.0466477 seconds, Stopping threads took: 0.0009100 seconds
2016-06-27T18:48:08.767+0300: 685.103: Total time for which application threads were stopped: 0.0081468 seconds, Stopping threads took: 0.0067967 seconds
2016-06-27T18:48:09.096+0300: 685.432: [GC (Allocation Failure) 2016-06-27T18:48:09.096+0300: 685.432: [ParNew: 305748K->305748K(306688K), 0.0000329 secs]2016-06-27T18:48:09.096+0300: 685.432: [CMS (concurrent mode failure): 4774590K->3814489K(4902144K), 0.7025266 secs] 5080339K->3814489K(5208832K), [Metaspace: 9114K->9114K(1058816K)], 0.7027323 secs] [Times: user=0.69 sys=0.00, real=0.69 secs] 
2016-06-27T18:48:09.783+0300: 686.135: Total time for which application threads were stopped: 0.7066928 seconds, Stopping threads took: 0.0033468 seconds
2016-06-27T18:48:10.127+0300: 686.463: [GC (Allocation Failure) 2016-06-27T18:48:10.131+0300: 686.467: [ParNew
Desired survivor size 17432576 bytes, new threshold 1 (max 6)
- age   1:   34850352 bytes,   34850352 total
: 272127K->34047K(306688K), 0.0367548 secs] 4086616K->4081548K(5208832K), 0.0410950 secs] [Times: user=0.13 sys=0.00, real=0.04 secs] 
2016-06-27T18:48:10.168+0300: 686.504: Total time for which application threads were stopped: 0.0421210 seconds, Stopping threads took: 0.0005829 seconds
2016-06-27T18:48:10.502+0300: 686.839: [GC (Allocation Failure) 2016-06-27T18:48:10.502+0300: 686.839: [ParNew
Desired survivor size 17432576 bytes, new threshold 1 (max 6)
- age   1:   34852888 bytes,   34852888 total
: 306293K->34048K(306688K), 0.0388815 secs] 4353794K->4348588K(5208832K), 0.0390286 secs] [Times: user=0.19 sys=0.00, real=0.04 secs] 
2016-06-27T18:48:10.541+0300: 686.878: Total time for which application threads were stopped: 0.0401379 seconds, Stopping threads took: 0.0006522 seconds
2016-06-27T18:48:10.542+0300: 686.878: [GC (CMS Initial Mark) [1 CMS-initial-mark: 4314540K(4902144K)] 4349588K(5208832K), 0.0004409 secs] [Times: user=0.00 sys=0.00, real=0.00 secs] 
2016-06-27T18:48:10.542+0300: 686.879: Total time for which application threads were stopped: 0.0009122 seconds, Stopping threads took: 0.0001091 seconds
2016-06-27T18:48:10.542+0300: 686.879: [CMS-concurrent-mark-start]
2016-06-27T18:48:10.597+0300: 686.933: [CMS-concurrent-mark: 0.054/0.054 secs] [Times: user=0.17 sys=0.00, real=0.05 secs] 
2016-06-27T18:48:10.597+0300: 686.933: [CMS-concurrent-preclean-start]
2016-06-27T18:48:10.608+0300: 686.944: [CMS-concurrent-preclean: 0.011/0.011 secs] [Times: user=0.06 sys=0.00, real=0.01 secs] 
2016-06-27T18:48:10.608+0300: 686.944: [CMS-concurrent-abortable-preclean-start]
2016-06-27T18:48:10.889+0300: 687.225: [GC (Allocation Failure) 2016-06-27T18:48:10.889+0300: 687.225: [ParNew
Desired survivor size 17432576 bytes, new threshold 1 (max 6)
- age   1:   34847192 bytes,   34847192 total
: 305776K->34044K(306688K), 0.0387754 secs] 4620317K->4615624K(5208832K), 0.0389046 secs] [Times: user=0.19 sys=0.00, real=0.04 secs] 
2016-06-27T18:48:10.928+0300: 687.264: Total time for which application threads were stopped: 0.0400421 seconds, Stopping threads took: 0.0006757 seconds
2016-06-27T18:48:11.281+0300: 687.617: [GC (Allocation Failure) 2016-06-27T18:48:11.281+0300: 687.617: [ParNew2016-06-27T18:48:11.312+0300: 687.648: [CMS-concurrent-abortable-preclean: 0.086/0.704 secs] [Times: user=2.81 sys=0.00, real=0.70 secs] 

Desired survivor size 17432576 bytes, new threshold 1 (max 6)
- age   1:   34851608 bytes,   34851608 total
: 305941K->34047K(306688K), 0.0378213 secs] 4887522K->4882661K(5208832K), 0.0379565 secs] [Times: user=0.19 sys=0.00, real=0.04 secs] 
2016-06-27T18:48:11.319+0300: 687.655: Total time for which application threads were stopped: 0.0397321 seconds, Stopping threads took: 0.0011765 seconds
2016-06-27T18:48:11.347+0300: 687.683: [GC (CMS Final Remark) [YG occupancy: 56533 K (306688 K)]2016-06-27T18:48:11.347+0300: 687.683: [Rescan (parallel) , 0.0043535 secs]2016-06-27T18:48:11.351+0300: 687.687: [weak refs processing, 0.0000192 secs]2016-06-27T18:48:11.351+0300: 687.688: [class unloading, 0.0019244 secs]2016-06-27T18:48:11.353+0300: 687.689: [scrub symbol table, 0.0007668 secs]2016-06-27T18:48:11.354+0300: 687.690: [scrub string table, 0.0002010 secs][1 CMS-remark: 4848614K(4902144K)] 4905147K(5208832K), 0.0075836 secs] [Times: user=0.06 sys=0.00, real=0.01 secs] 
2016-06-27T18:48:11.354+0300: 687.691: Total time for which application threads were stopped: 0.0081421 seconds, Stopping threads took: 0.0000898 seconds
2016-06-27T18:48:11.354+0300: 687.691: [CMS-concurrent-sweep-start]
2016-06-27T18:48:11.364+0300: 687.700: [CMS-concurrent-sweep: 0.009/0.009 secs] [Times: user=0.06 sys=0.00, real=0.01 secs] 
2016-06-27T18:48:11.364+0300: 687.700: [CMS-concurrent-reset-start]
2016-06-27T18:48:11.370+0300: 687.706: [CMS-concurrent-reset: 0.006/0.006 secs] [Times: user=0.00 sys=0.00, real=0.01 secs] 
2016-06-27T18:48:11.670+0300: 688.006: [GC (Allocation Failure) 2016-06-27T18:48:11.676+0300: 688.012: [ParNew
Desired survivor size 17432576 bytes, new threshold 1 (max 6)
- age   1:   34846576 bytes,   34846576 total
: 306288K->34042K(306688K), 0.0382524 secs] 4644834K->4639626K(5208832K), 0.0441446 secs] [Times: user=0.19 sys=0.00, real=0.04 secs] 
2016-06-27T18:48:11.714+0300: 688.050: Total time for which application threads were stopped: 0.0451911 seconds, Stopping threads took: 0.0005359 seconds
2016-06-27T18:48:11.714+0300: 688.051: [GC (CMS Initial Mark) [1 CMS-initial-mark: 4605583K(4902144K)] 4640626K(5208832K), 0.0004345 secs] [Times: user=0.00 sys=0.00, real=0.00 secs] 
2016-06-27T18:48:11.714+0300: 688.051: Total time for which application threads were stopped: 0.0008592 seconds, Stopping threads took: 0.0000671 seconds
2016-06-27T18:48:11.714+0300: 688.051: [CMS-concurrent-mark-start]
2016-06-27T18:48:11.767+0300: 688.103: [CMS-concurrent-mark: 0.052/0.052 secs] [Times: user=0.17 sys=0.02, real=0.05 secs] 
2016-06-27T18:48:11.767+0300: 688.103: [CMS-concurrent-preclean-start]
2016-06-27T18:48:11.777+0300: 688.113: [CMS-concurrent-preclean: 0.010/0.010 secs] [Times: user=0.06 sys=0.00, real=0.01 secs] 
2016-06-27T18:48:11.777+0300: 688.113: [CMS-concurrent-abortable-preclean-start]
2016-06-27T18:48:12.076+0300: 688.412: [GC (Allocation Failure) 2016-06-27T18:48:12.076+0300: 688.412: [ParNew: 306580K->306580K(306688K), 0.0000222 secs]2016-06-27T18:48:12.076+0300: 688.412: [CMS2016-06-27T18:48:12.077+0300: 688.413: [CMS-concurrent-abortable-preclean: 0.032/0.300 secs] [Times: user=1.17 sys=0.02, real=0.30 secs] 
 (concurrent mode failure): 4605583K->3781487K(4902144K), 0.5874666 secs] 4912164K->3781487K(5208832K), [Metaspace: 9114K->9114K(1058816K)], 0.5876095 secs] [Times: user=0.59 sys=0.00, real=0.59 secs] 
2016-06-27T18:48:12.663+0300: 689.000: Total time for which application threads were stopped: 0.5885747 seconds, Stopping threads took: 0.0004999 seconds
2016-06-27T18:48:13.020+0300: 689.356: [GC (Allocation Failure) 2016-06-27T18:48:13.020+0300: 689.356: [ParNew
Desired survivor size 17432576 bytes, new threshold 1 (max 6)
- age   1:   34861008 bytes,   34861008 total
: 272342K->34046K(306688K), 0.0350749 secs] 4053829K->4048637K(5208832K), 0.0352473 secs] [Times: user=0.14 sys=0.00, real=0.04 secs] 
2016-06-27T18:48:13.055+0300: 689.392: Total time for which application threads were stopped: 0.0364255 seconds, Stopping threads took: 0.0005790 seconds
2016-06-27T18:48:13.387+0300: 689.724: [GC (Allocation Failure) 2016-06-27T18:48:13.393+0300: 689.729: [ParNew
Desired survivor size 17432576 bytes, new threshold 1 (max 6)
- age   1:   34855624 bytes,   34855624 total
: 306544K->34048K(306688K), 0.0394391 secs] 4321135K->4315690K(5208832K), 0.0449995 secs] [Times: user=0.19 sys=0.00, real=0.05 secs] 
2016-06-27T18:48:13.433+0300: 689.769: Total time for which application threads were stopped: 0.0472109 seconds, Stopping threads took: 0.0016892 seconds
2016-06-27T18:48:13.848+0300: 690.184: Total time for which application threads were stopped: 0.0013903 seconds, Stopping threads took: 0.0007826 seconds
2016-06-27T18:48:13.901+0300: 690.237: [GC (Allocation Failure) 2016-06-27T18:48:13.901+0300: 690.237: [ParNew
Desired survivor size 17432576 bytes, new threshold 1 (max 6)
- age   1:   34855216 bytes,   34855216 total
: 306688K->34048K(306688K), 0.0386899 secs] 4588330K->4582735K(5208832K), 0.0388148 secs] [Times: user=0.13 sys=0.00, real=0.04 secs] 
2016-06-27T18:48:13.940+0300: 690.276: Total time for which application threads were stopped: 0.0392116 seconds, Stopping threads took: 0.0001031 seconds
2016-06-27T18:48:14.257+0300: 690.594: [GC (Allocation Failure) 2016-06-27T18:48:14.257+0300: 690.594: [ParNew
Desired survivor size 17432576 bytes, new threshold 1 (max 6)
- age   1:   34846488 bytes,   34846488 total
: 305959K->34048K(306688K), 0.0448857 secs] 4854647K->4848775K(5208832K), 0.0450538 secs] [Times: user=0.19 sys=0.00, real=0.05 secs] 
2016-06-27T18:48:14.302+0300: 690.639: Total time for which application threads were stopped: 0.0471921 seconds, Stopping threads took: 0.0017726 seconds
2016-06-27T18:48:14.627+0300: 690.963: [GC (Allocation Failure) 2016-06-27T18:48:14.627+0300: 690.963: [ParNew: 306240K->306240K(306688K), 0.0000227 secs]2016-06-27T18:48:14.627+0300: 690.963: [CMS: 4814727K->3900493K(4902144K), 0.6572042 secs] 5120967K->3900493K(5208832K), [Metaspace: 9115K->9115K(1058816K)], 0.6573732 secs] [Times: user=0.66 sys=0.00, real=0.66 secs] 
2016-06-27T18:48:15.285+0300: 691.621: Total time for which application threads were stopped: 0.6585779 seconds, Stopping threads took: 0.0008352 seconds
2016-06-27T18:48:15.624+0300: 691.960: [GC (Allocation Failure) 2016-06-27T18:48:15.624+0300: 691.960: [ParNew
Desired survivor size 17432576 bytes, new threshold 1 (max 6)
- age   1:   34850392 bytes,   34850392 total
: 272511K->34047K(306688K), 0.0353662 secs] 4173005K->4167553K(5208832K), 0.0355274 secs] [Times: user=0.11 sys=0.00, real=0.03 secs] 
2016-06-27T18:48:15.659+0300: 691.996: Total time for which application threads were stopped: 0.0398920 seconds, Stopping threads took: 0.0039276 seconds
2016-06-27T18:48:16.008+0300: 692.344: [GC (Allocation Failure) 2016-06-27T18:48:16.008+0300: 692.344: [ParNew
Desired survivor size 17432576 bytes, new threshold 1 (max 6)
- age   1:   34845544 bytes,   34845544 total
: 306315K->34041K(306688K), 0.0387181 secs] 4439821K->4434584K(5208832K), 0.0388725 secs] [Times: user=0.13 sys=0.00, real=0.04 secs] 
2016-06-27T18:48:16.047+0300: 692.383: Total time for which application threads were stopped: 0.0406917 seconds, Stopping threads took: 0.0013852 seconds
2016-06-27T18:48:16.381+0300: 692.718: [GC (Allocation Failure) 2016-06-27T18:48:16.381+0300: 692.718: [ParNew
Desired survivor size 17432576 bytes, new threshold 1 (max 6)
- age   1:   34849472 bytes,   34849472 total
: 306665K->34037K(306688K), 0.0381930 secs] 4707207K->4701612K(5208832K), 0.0383238 secs] [Times: user=0.13 sys=0.00, real=0.04 secs] 
2016-06-27T18:48:16.420+0300: 692.756: Total time for which application threads were stopped: 0.0424520 seconds, Stopping threads took: 0.0036090 seconds
2016-06-27T18:48:16.488+0300: 692.825: Total time for which application threads were stopped: 0.0022358 seconds, Stopping threads took: 0.0012924 seconds
2016-06-27T18:48:16.764+0300: 693.100: [GC (Allocation Failure) 2016-06-27T18:48:16.764+0300: 693.101: [ParNew: 306030K->306030K(306688K), 0.0000291 secs]2016-06-27T18:48:16.764+0300: 693.101: [CMS: 4667575K->3827488K(4902144K), 0.6296021 secs] 4973605K->3827488K(5208832K), [Metaspace: 9115K->9115K(1058816K)], 0.6297933 secs] [Times: user=0.63 sys=0.00, real=0.63 secs] 
2016-06-27T18:48:17.394+0300: 693.730: Total time for which application threads were stopped: 0.6356372 seconds, Stopping threads took: 0.0054436 seconds
2016-06-27T18:48:17.726+0300: 694.062: Total time for which application threads were stopped: 0.0013672 seconds, Stopping threads took: 0.0006483 seconds
2016-06-27T18:48:17.773+0300: 694.109: [GC (Allocation Failure) 2016-06-27T18:48:17.773+0300: 694.109: [ParNew
Desired survivor size 17432576 bytes, new threshold 1 (max 6)
- age   1:   33918384 bytes,   33918384 total
: 272640K->33142K(306688K), 0.0363250 secs] 4100128K->4094642K(5208832K), 0.0364494 secs] [Times: user=0.13 sys=0.00, real=0.04 secs] 
2016-06-27T18:48:17.809+0300: 694.146: Total time for which application threads were stopped: 0.0368655 seconds, Stopping threads took: 0.0000945 seconds
2016-06-27T18:48:18.129+0300: 694.465: [GC (Allocation Failure) 2016-06-27T18:48:18.129+0300: 694.465: [ParNew
Desired survivor size 17432576 bytes, new threshold 1 (max 6)
- age   1:   33833720 bytes,   33833720 total
: 305703K->33100K(306688K), 0.0394789 secs] 4367204K->4361745K(5208832K), 0.0396530 secs] [Times: user=0.19 sys=0.00, real=0.04 secs] 
2016-06-27T18:48:18.169+0300: 694.505: Total time for which application threads were stopped: 0.0409047 seconds, Stopping threads took: 0.0008592 seconds
2016-06-27T18:48:18.417+0300: 694.753: Total time for which application threads were stopped: 0.0015785 seconds, Stopping threads took: 0.0008314 seconds
2016-06-27T18:48:18.533+0300: 694.869: [GC (Allocation Failure) 2016-06-27T18:48:18.533+0300: 694.869: [ParNew
Desired survivor size 17432576 bytes, new threshold 1 (max 6)
- age   1:   34859408 bytes,   34859408 total
: 305740K->34048K(306688K), 0.0368878 secs] 4634385K->4627745K(5208832K), 0.0370498 secs] [Times: user=0.19 sys=0.00, real=0.04 secs] 
2016-06-27T18:48:18.570+0300: 694.907: Total time for which application threads were stopped: 0.0376622 seconds, Stopping threads took: 0.0002506 seconds
2016-06-27T18:48:18.882+0300: 695.219: [GC (Allocation Failure) 2016-06-27T18:48:18.882+0300: 695.219: [ParNew
Desired survivor size 17432576 bytes, new threshold 1 (max 6)
- age   1:   34859112 bytes,   34859112 total
: 306227K->34048K(306688K), 0.0395161 secs] 4899925K->4894794K(5208832K), 0.0396885 secs] [Times: user=0.13 sys=0.00, real=0.04 secs] 
2016-06-27T18:48:18.922+0300: 695.258: Total time for which application threads were stopped: 0.0428890 seconds, Stopping threads took: 0.0027674 seconds
2016-06-27T18:48:19.262+0300: 695.599: [GC (Allocation Failure) 2016-06-27T18:48:19.262+0300: 695.599: [ParNew: 306192K->306192K(306688K), 0.0000342 secs]2016-06-27T18:48:19.262+0300: 695.599: [CMS: 4860746K->3766494K(4902144K), 0.5881817 secs] 5166938K->3766494K(5208832K), [Metaspace: 9115K->9115K(1058816K)], 0.5883681 secs] [Times: user=0.59 sys=0.00, real=0.59 secs] 
2016-06-27T18:48:19.851+0300: 696.187: Total time for which application threads were stopped: 0.5905680 seconds, Stopping threads took: 0.0017987 seconds
2016-06-27T18:48:20.139+0300: 696.475: Total time for which application threads were stopped: 0.0014326 seconds, Stopping threads took: 0.0004824 seconds
2016-06-27T18:48:20.231+0300: 696.568: [GC (Allocation Failure) 2016-06-27T18:48:20.231+0300: 696.568: [ParNew
Desired survivor size 17432576 bytes, new threshold 1 (max 6)
- age   1:   34861352 bytes,   34861352 total
: 272640K->34048K(306688K), 0.0355201 secs] 4039134K->4032570K(5208832K), 0.0356484 secs] [Times: user=0.13 sys=0.00, real=0.04 secs] 
2016-06-27T18:48:20.267+0300: 696.603: Total time for which application threads were stopped: 0.0362005 seconds, Stopping threads took: 0.0002754 seconds
2016-06-27T18:48:20.417+0300: 696.754: Total time for which application threads were stopped: 0.0009823 seconds, Stopping threads took: 0.0004033 seconds
2016-06-27T18:48:20.597+0300: 696.933: [GC (Allocation Failure) 2016-06-27T18:48:20.597+0300: 696.933: [ParNew
Desired survivor size 17432576 bytes, new threshold 1 (max 6)
- age   1:   34857712 bytes,   34857712 total
: 306295K->34048K(306688K), 0.0375292 secs] 4304818K->4290621K(5208832K), 0.0376674 secs] [Times: user=0.19 sys=0.00, real=0.04 secs] 
2016-06-27T18:48:20.634+0300: 696.971: Total time for which application threads were stopped: 0.0385761 seconds, Stopping threads took: 0.0005478 seconds
2016-06-27T18:48:20.952+0300: 697.288: [GC (Allocation Failure) 2016-06-27T18:48:20.952+0300: 697.288: [ParNew
Desired survivor size 17432576 bytes, new threshold 1 (max 6)
- age   1:   34852176 bytes,   34852176 total
: 306565K->34048K(306688K), 0.0421766 secs] 4563138K->4551667K(5208832K), 0.0423365 secs] [Times: user=0.16 sys=0.00, real=0.04 secs] 
2016-06-27T18:48:20.994+0300: 697.331: Total time for which application threads were stopped: 0.0447485 seconds, Stopping threads took: 0.0020215 seconds
2016-06-27T18:48:21.321+0300: 697.658: [GC (Allocation Failure) 2016-06-27T18:48:21.321+0300: 697.658: [ParNew
Desired survivor size 17432576 bytes, new threshold 1 (max 6)
- age   1:   34853256 bytes,   34853256 total
: 306440K->34046K(306688K), 0.0389944 secs] 4824060K->4818704K(5208832K), 0.0391312 secs] [Times: user=0.13 sys=0.00, real=0.04 secs] 
2016-06-27T18:48:21.361+0300: 697.697: Total time for which application threads were stopped: 0.0414679 seconds, Stopping threads took: 0.0019783 seconds
2016-06-27T18:48:21.551+0300: 697.888: Total time for which application threads were stopped: 0.0012359 seconds, Stopping threads took: 0.0006043 seconds
2016-06-27T18:48:21.721+0300: 698.058: [GC (Allocation Failure) 2016-06-27T18:48:21.721+0300: 698.058: [ParNew: 306686K->306686K(306688K), 0.0000329 secs]2016-06-27T18:48:21.721+0300: 698.058: [CMS: 4784658K->3690491K(4902144K), 0.6287361 secs] 5091344K->3690491K(5208832K), [Metaspace: 9115K->9115K(1058816K)], 0.6289384 secs] [Times: user=0.64 sys=0.00, real=0.63 secs] 
2016-06-27T18:48:22.350+0300: 698.687: Total time for which application threads were stopped: 0.6299870 seconds, Stopping threads took: 0.0006612 seconds
2016-06-27T18:48:22.551+0300: 698.887: Total time for which application threads were stopped: 0.0017991 seconds, Stopping threads took: 0.0010516 seconds
2016-06-27T18:48:22.699+0300: 699.035: [GC (Allocation Failure) 2016-06-27T18:48:22.699+0300: 699.035: [ParNew
Desired survivor size 17432576 bytes, new threshold 1 (max 6)
- age   1:   33900648 bytes,   33900648 total
: 272091K->33126K(306688K), 0.0369147 secs] 3962583K->3958630K(5208832K), 0.0370438 secs] [Times: user=0.13 sys=0.00, real=0.04 secs] 
2016-06-27T18:48:22.736+0300: 699.072: Total time for which application threads were stopped: 0.0377366 seconds, Stopping threads took: 0.0004054 seconds
2016-06-27T18:48:22.745+0300: 699.081: Total time for which application threads were stopped: 0.0003417 seconds, Stopping threads took: 0.0000821 seconds
2016-06-27T18:48:23.069+0300: 699.405: [GC (Allocation Failure) 2016-06-27T18:48:23.069+0300: 699.405: [ParNew
Desired survivor size 17432576 bytes, new threshold 1 (max 6)
- age   1:   33825648 bytes,   33825648 total
: 304791K->33088K(306688K), 0.0380300 secs] 4230294K->4215690K(5208832K), 0.0381985 secs] [Times: user=0.13 sys=0.00, real=0.04 secs] 
2016-06-27T18:48:23.107+0300: 699.443: Total time for which application threads were stopped: 0.0396504 seconds, Stopping threads took: 0.0010482 seconds
2016-06-27T18:48:23.421+0300: 699.757: Total time for which application threads were stopped: 0.0029410 seconds, Stopping threads took: 0.0020733 seconds
2016-06-27T18:48:23.472+0300: 699.808: [GC (Allocation Failure) 2016-06-27T18:48:23.472+0300: 699.808: [ParNew
Desired survivor size 17432576 bytes, new threshold 1 (max 6)
- age   1:   34856936 bytes,   34856936 total
: 305728K->34048K(306688K), 0.0378876 secs] 4488330K->4480697K(5208832K), 0.0380672 secs] [Times: user=0.16 sys=0.00, real=0.04 secs] 
2016-06-27T18:48:23.510+0300: 699.847: Total time for which application threads were stopped: 0.0385385 seconds, Stopping threads took: 0.0000872 seconds
2016-06-27T18:48:23.819+0300: 700.156: [GC (Allocation Failure) 2016-06-27T18:48:23.820+0300: 700.156: [ParNew
Desired survivor size 17432576 bytes, new threshold 1 (max 6)
- age   1:   34850312 bytes,   34850312 total
: 306688K->34046K(306688K), 0.0389084 secs] 4753337K->4748739K(5208832K), 0.0391432 secs] [Times: user=0.13 sys=0.00, real=0.04 secs] 
2016-06-27T18:48:23.859+0300: 700.195: Total time for which application threads were stopped: 0.0412485 seconds, Stopping threads took: 0.0017530 seconds
2016-06-27T18:48:24.202+0300: 700.538: [GC (Allocation Failure) 2016-06-27T18:48:24.202+0300: 700.538: [ParNew: 306679K->306679K(306688K), 0.0000364 secs]2016-06-27T18:48:24.202+0300: 700.538: [CMS: 4714692K->3853500K(4902144K), 0.6555099 secs] 5021372K->3853500K(5208832K), [Metaspace: 9115K->9115K(1058816K)], 0.6557049 secs] [Times: user=0.64 sys=0.00, real=0.66 secs] 
2016-06-27T18:48:24.857+0300: 701.194: Total time for which application threads were stopped: 0.6587622 seconds, Stopping threads took: 0.0026108 seconds
2016-06-27T18:48:25.098+0300: 701.435: Total time for which application threads were stopped: 0.0014955 seconds, Stopping threads took: 0.0005457 seconds
2016-06-27T18:48:25.226+0300: 701.562: [GC (Allocation Failure) 2016-06-27T18:48:25.226+0300: 701.562: [ParNew
Desired survivor size 17432576 bytes, new threshold 1 (max 6)
- age   1:   34860832 bytes,   34860832 total
: 272640K->34048K(306688K), 0.0347888 secs] 4126140K->4119571K(5208832K), 0.0349706 secs] [Times: user=0.13 sys=0.00, real=0.03 secs] 
2016-06-27T18:48:25.261+0300: 701.597: Total time for which application threads were stopped: 0.0357027 seconds, Stopping threads took: 0.0003575 seconds
2016-06-27T18:48:25.420+0300: 701.756: Total time for which application threads were stopped: 0.0011213 seconds, Stopping threads took: 0.0003434 seconds
2016-06-27T18:48:25.592+0300: 701.928: [GC (Allocation Failure) 2016-06-27T18:48:25.592+0300: 701.928: [ParNew
Desired survivor size 17432576 bytes, new threshold 1 (max 6)
- age   1:   34860600 bytes,   34860600 total
: 305968K->34048K(306688K), 0.0378688 secs] 4391491K->4386623K(5208832K), 0.0380146 secs] [Times: user=0.17 sys=0.00, real=0.04 secs] 
2016-06-27T18:48:25.630+0300: 701.966: Total time for which application threads were stopped: 0.0388755 seconds, Stopping threads took: 0.0005461 seconds
2016-06-27T18:48:25.953+0300: 702.289: [GC (Allocation Failure) 2016-06-27T18:48:25.953+0300: 702.289: [ParNew
Desired survivor size 17432576 bytes, new threshold 1 (max 6)
- age   1:   34851296 bytes,   34851296 total
: 306230K->34048K(306688K), 0.0426235 secs] 4658806K->4647673K(5208832K), 0.0427937 secs] [Times: user=0.16 sys=0.00, real=0.04 secs] 
2016-06-27T18:48:25.995+0300: 702.332: Total time for which application threads were stopped: 0.0446219 seconds, Stopping threads took: 0.0014284 seconds
2016-06-27T18:48:26.318+0300: 702.654: [GC (Allocation Failure) 2016-06-27T18:48:26.318+0300: 702.654: [ParNew: 306553K->306553K(306688K), 0.0000364 secs]2016-06-27T18:48:26.318+0300: 702.654: [CMS: 4613625K->4005518K(4902144K), 0.6277726 secs] 4920179K->4005518K(5208832K), [Metaspace: 9115K->9115K(1058816K)], 0.6279587 secs] [Times: user=0.63 sys=0.00, real=0.63 secs] 
2016-06-27T18:48:26.946+0300: 703.282: Total time for which application threads were stopped: 0.6293691 seconds, Stopping threads took: 0.0010157 seconds
2016-06-27T18:48:27.268+0300: 703.604: [GC (Allocation Failure) 2016-06-27T18:48:27.268+0300: 703.604: [ParNew
Desired survivor size 17432576 bytes, new threshold 1 (max 6)
- age   1:   34847664 bytes,   34847664 total
: 272253K->34048K(306688K), 0.0378141 secs] 4277771K->4272578K(5208832K), 0.0380091 secs] [Times: user=0.17 sys=0.00, real=0.04 secs] 
2016-06-27T18:48:27.306+0300: 703.642: Total time for which application threads were stopped: 0.0391791 seconds, Stopping threads took: 0.0007339 seconds
2016-06-27T18:48:27.309+0300: 703.645: Total time for which application threads were stopped: 0.0012453 seconds, Stopping threads took: 0.0002767 seconds
2016-06-27T18:48:27.421+0300: 703.757: Total time for which application threads were stopped: 0.0012881 seconds, Stopping threads took: 0.0003464 seconds
2016-06-27T18:48:27.656+0300: 703.992: [GC (Allocation Failure) 2016-06-27T18:48:27.656+0300: 703.992: [ParNew
Desired survivor size 17432576 bytes, new threshold 1 (max 6)
- age   1:   34863096 bytes,   34863096 total
: 306159K->34048K(306688K), 0.0393545 secs] 4544690K->4537635K(5208832K), 0.0395076 secs] [Times: user=0.19 sys=0.00, real=0.04 secs] 
2016-06-27T18:48:27.695+0300: 704.032: Total time for which application threads were stopped: 0.0405882 seconds, Stopping threads took: 0.0006894 seconds
2016-06-27T18:48:28.025+0300: 704.362: [GC (Allocation Failure) 2016-06-27T18:48:28.025+0300: 704.362: [ParNew
Desired survivor size 17432576 bytes, new threshold 1 (max 6)
- age   1:   34846120 bytes,   34846120 total
: 306434K->34048K(306688K), 0.0380561 secs] 4810022K->4804687K(5208832K), 0.0382105 secs] [Times: user=0.13 sys=0.00, real=0.04 secs] 
2016-06-27T18:48:28.064+0300: 704.400: Total time for which application threads were stopped: 0.0394349 seconds, Stopping threads took: 0.0007381 seconds
2016-06-27T18:48:28.387+0300: 704.724: [GC (Allocation Failure) 2016-06-27T18:48:28.387+0300: 704.724: [ParNew: 306667K->306667K(306688K), 0.0000393 secs]2016-06-27T18:48:28.387+0300: 704.724: [CMS: 4770639K->3991511K(4902144K), 0.6091834 secs] 5077307K->3991511K(5208832K), [Metaspace: 9115K->9115K(1058816K)], 0.6093921 secs] [Times: user=0.61 sys=0.00, real=0.61 secs] 
2016-06-27T18:48:28.997+0300: 705.333: Total time for which application threads were stopped: 0.6110206 seconds, Stopping threads took: 0.0011684 seconds
2016-06-27T18:48:29.314+0300: 705.651: [GC (Allocation Failure) 2016-06-27T18:48:29.315+0300: 705.651: [ParNew
Desired survivor size 17432576 bytes, new threshold 1 (max 6)
- age   1:   34842144 bytes,   34842144 total
: 272086K->34032K(306688K), 0.0354162 secs] 4263598K->4258556K(5208832K), 0.0355796 secs] [Times: user=0.19 sys=0.00, real=0.04 secs] 
2016-06-27T18:48:29.350+0300: 705.686: Total time for which application threads were stopped: 0.0367184 seconds, Stopping threads took: 0.0006590 seconds
2016-06-27T18:48:29.686+0300: 706.023: [GC (Allocation Failure) 2016-06-27T18:48:29.686+0300: 706.023: [ParNew
Desired survivor size 17432576 bytes, new threshold 1 (max 6)
- age   1:   34861912 bytes,   34861912 total
: 306672K->34047K(306688K), 0.0390320 secs] 4531196K->4525637K(5208832K), 0.0392159 secs] [Times: user=0.19 sys=0.00, real=0.04 secs] 
2016-06-27T18:48:29.726+0300: 706.062: Total time for which application threads were stopped: 0.0420607 seconds, Stopping threads took: 0.0023273 seconds
2016-06-27T18:48:30.051+0300: 706.387: [GC (Allocation Failure) 2016-06-27T18:48:30.057+0300: 706.394: [ParNew
Desired survivor size 17432576 bytes, new threshold 1 (max 6)
- age   1:   34850352 bytes,   34850352 total
: 306300K->34048K(306688K), 0.0376562 secs] 4797891K->4792693K(5208832K), 0.0439098 secs] [Times: user=0.06 sys=0.00, real=0.03 secs] 
2016-06-27T18:48:30.080+0300: 706.431: Total time for which application threads were stopped: 0.0469984 seconds, Stopping threads took: 0.0025693 seconds
2016-06-27T18:48:30.468+0300: 706.805: Total time for which application threads were stopped: 0.0033019 seconds, Stopping threads took: 0.0022024 seconds
2016-06-27T18:48:30.543+0300: 706.879: [GC (Allocation Failure) 2016-06-27T18:48:30.543+0300: 706.879: [ParNew: 306688K->306688K(306688K), 0.0000338 secs]2016-06-27T18:48:30.543+0300: 706.879: [CMS: 4758645K->3874501K(4902144K), 0.6938068 secs] 5065333K->3874501K(5208832K), [Metaspace: 9115K->9115K(1058816K)], 0.6940009 secs] [Times: user=0.69 sys=0.00, real=0.69 secs] 
2016-06-27T18:48:31.237+0300: 707.573: Total time for which application threads were stopped: 0.6944619 seconds, Stopping threads took: 0.0000975 seconds
2016-06-27T18:48:31.421+0300: 707.758: Total time for which application threads were stopped: 0.0009426 seconds, Stopping threads took: 0.0003887 seconds
2016-06-27T18:48:31.580+0300: 707.916: [GC (Allocation Failure) 2016-06-27T18:48:31.580+0300: 707.916: [ParNew
Desired survivor size 17432576 bytes, new threshold 1 (max 6)
- age   1:   34860872 bytes,   34860872 total
: 272640K->34048K(306688K), 0.0353623 secs] 4147141K->4142589K(5208832K), 0.0354927 secs] [Times: user=0.19 sys=0.00, real=0.04 secs] 
2016-06-27T18:48:31.615+0300: 707.952: Total time for which application threads were stopped: 0.0360868 seconds, Stopping threads took: 0.0003336 seconds
2016-06-27T18:48:31.928+0300: 708.264: [GC (Allocation Failure) 2016-06-27T18:48:31.928+0300: 708.264: [ParNew
Desired survivor size 17432576 bytes, new threshold 1 (max 6)
- age   1:   34847400 bytes,   34847400 total
: 306134K->34041K(306688K), 0.0379441 secs] 4414676K->4398630K(5208832K), 0.0380741 secs] [Times: user=0.13 sys=0.00, real=0.04 secs] 
2016-06-27T18:48:31.966+0300: 708.302: Total time for which application threads were stopped: 0.0388135 seconds, Stopping threads took: 0.0004602 seconds
2016-06-27T18:48:32.297+0300: 708.633: [GC (Allocation Failure) 2016-06-27T18:48:32.297+0300: 708.633: [ParNew
Desired survivor size 17432576 bytes, new threshold 1 (max 6)
- age   1:   34848440 bytes,   34848440 total
: 306598K->34041K(306688K), 0.0398753 secs] 4671187K->4665664K(5208832K), 0.0400909 secs] [Times: user=0.19 sys=0.00, real=0.04 secs] 
2016-06-27T18:48:32.337+0300: 708.673: Total time for which application threads were stopped: 0.0408915 seconds, Stopping threads took: 0.0003922 seconds
2016-06-27T18:48:32.421+0300: 708.758: Total time for which application threads were stopped: 0.0007971 seconds, Stopping threads took: 0.0002322 seconds
2016-06-27T18:48:32.668+0300: 709.005: [GC (Allocation Failure) 2016-06-27T18:48:32.668+0300: 709.005: [ParNew: 306202K->306202K(306688K), 0.0000222 secs]2016-06-27T18:48:32.668+0300: 709.005: [CMS: 4631622K->3937504K(4902144K), 0.5875047 secs] 4937824K->3937504K(5208832K), [Metaspace: 9115K->9115K(1058816K)], 0.5876497 secs] [Times: user=0.59 sys=0.00, real=0.59 secs] 
2016-06-27T18:48:33.256+0300: 709.592: Total time for which application threads were stopped: 0.5884396 seconds, Stopping threads took: 0.0004815 seconds
2016-06-27T18:48:33.578+0300: 709.914: Total time for which application threads were stopped: 0.0012381 seconds, Stopping threads took: 0.0005684 seconds
2016-06-27T18:48:33.639+0300: 709.975: [GC (Allocation Failure) 2016-06-27T18:48:33.639+0300: 709.975: [ParNew
Desired survivor size 17432576 bytes, new threshold 1 (max 6)
- age   1:   34855464 bytes,   34855464 total
: 272640K->34047K(306688K), 0.0362309 secs] 4210144K->4203566K(5208832K), 0.0418733 secs] [Times: user=0.13 sys=0.00, real=0.04 secs] 
2016-06-27T18:48:33.680+0300: 710.017: Total time for which application threads were stopped: 0.0422775 seconds, Stopping threads took: 0.0000937 seconds
2016-06-27T18:48:33.988+0300: 710.324: [GC (Allocation Failure) 2016-06-27T18:48:33.988+0300: 710.324: [ParNew
Desired survivor size 17432576 bytes, new threshold 1 (max 6)
- age   1:   34846600 bytes,   34846600 total
: 305872K->34046K(306688K), 0.0377687 secs] 4475390K->4469606K(5208832K), 0.0378910 secs] [Times: user=0.19 sys=0.00, real=0.04 secs] 
2016-06-27T18:48:34.026+0300: 710.362: Total time for which application threads were stopped: 0.0388118 seconds, Stopping threads took: 0.0006098 seconds
2016-06-27T18:48:34.359+0300: 710.696: [GC (Allocation Failure) 2016-06-27T18:48:34.359+0300: 710.696: [ParNew
Desired survivor size 17432576 bytes, new threshold 1 (max 6)
- age   1:   34851560 bytes,   34851560 total
: 306551K->34047K(306688K), 0.0379141 secs] 4742111K->4736641K(5208832K), 0.0380745 secs] [Times: user=0.19 sys=0.00, real=0.04 secs] 
2016-06-27T18:48:34.397+0300: 710.734: Total time for which application threads were stopped: 0.0389503 seconds, Stopping threads took: 0.0004995 seconds
2016-06-27T18:48:34.422+0300: 710.758: Total time for which application threads were stopped: 0.0006111 seconds, Stopping threads took: 0.0000813 seconds
2016-06-27T18:48:34.730+0300: 711.066: [GC (Allocation Failure) 2016-06-27T18:48:34.730+0300: 711.066: [ParNew: 305863K->305863K(306688K), 0.0000239 secs]2016-06-27T18:48:34.730+0300: 711.066: [CMS: 4702593K->3817496K(4902144K), 0.5727036 secs] 5008456K->3817496K(5208832K), [Metaspace: 9115K->9115K(1058816K)], 0.5728546 secs] [Times: user=0.58 sys=0.00, real=0.57 secs] 
2016-06-27T18:48:35.302+0300: 711.639: Total time for which application threads were stopped: 0.5747238 seconds, Stopping threads took: 0.0014947 seconds
2016-06-27T18:48:35.624+0300: 711.960: [GC (Allocation Failure) 2016-06-27T18:48:35.624+0300: 711.960: [ParNew
Desired survivor size 17432576 bytes, new threshold 1 (max 6)
- age   1:   34857888 bytes,   34857888 total
: 271805K->34048K(306688K), 0.0351301 secs] 4089302K->4083693K(5208832K), 0.0352815 secs] [Times: user=0.13 sys=0.00, real=0.03 secs] 
2016-06-27T18:48:35.659+0300: 711.996: Total time for which application threads were stopped: 0.0372893 seconds, Stopping threads took: 0.0016182 seconds
2016-06-27T18:48:35.978+0300: 712.315: [GC (Allocation Failure) 2016-06-27T18:48:35.978+0300: 712.315: [ParNew
Desired survivor size 17432576 bytes, new threshold 1 (max 6)
- age   1:   34857704 bytes,   34857704 total
: 306395K->34048K(306688K), 0.0373877 secs] 4356041K->4350744K(5208832K), 0.0375275 secs] [Times: user=0.13 sys=0.00, real=0.04 secs] 
2016-06-27T18:48:36.016+0300: 712.353: Total time for which application threads were stopped: 0.0404488 seconds, Stopping threads took: 0.0024975 seconds
2016-06-27T18:48:36.349+0300: 712.685: [GC (Allocation Failure) 2016-06-27T18:48:36.349+0300: 712.685: [ParNew
Desired survivor size 17432576 bytes, new threshold 1 (max 6)
- age   1:   34850064 bytes,   34850064 total
: 306528K->34040K(306688K), 0.0385659 secs] 4623225K->4617781K(5208832K), 0.0387451 secs] [Times: user=0.13 sys=0.00, real=0.04 secs] 
2016-06-27T18:48:36.387+0300: 712.724: Total time for which application threads were stopped: 0.0412148 seconds, Stopping threads took: 0.0019741 seconds
2016-06-27T18:48:36.493+0300: 712.829: [GC (CMS Initial Mark) [1 CMS-initial-mark: 4583741K(4902144K)] 4701285K(5208832K), 0.0004854 secs] [Times: user=0.00 sys=0.00, real=0.00 secs] 
2016-06-27T18:48:36.493+0300: 712.830: Total time for which application threads were stopped: 0.0068198 seconds, Stopping threads took: 0.0058879 seconds
2016-06-27T18:48:36.493+0300: 712.830: [CMS-concurrent-mark-start]
2016-06-27T18:48:36.494+0300: 712.830: Total time for which application threads were stopped: 0.0004525 seconds, Stopping threads took: 0.0000475 seconds
2016-06-27T18:48:36.546+0300: 712.883: [CMS-concurrent-mark: 0.053/0.053 secs] [Times: user=0.14 sys=0.00, real=0.05 secs] 
2016-06-27T18:48:36.546+0300: 712.883: [CMS-concurrent-preclean-start]
2016-06-27T18:48:36.557+0300: 712.893: [CMS-concurrent-preclean: 0.011/0.011 secs] [Times: user=0.06 sys=0.00, real=0.01 secs] 
2016-06-27T18:48:36.557+0300: 712.893: [CMS-concurrent-abortable-preclean-start]
2016-06-27T18:48:36.768+0300: 713.104: [GC (Allocation Failure) 2016-06-27T18:48:36.768+0300: 713.104: [ParNew2016-06-27T18:48:36.800+0300: 713.136: [CMS-concurrent-abortable-preclean: 0.021/0.242 secs] [Times: user=0.94 sys=0.00, real=0.24 secs] 

Desired survivor size 17432576 bytes, new threshold 1 (max 6)
- age   1:   34849416 bytes,   34849416 total
: 306680K->34048K(306688K), 0.0398895 secs] 4890421K->4884826K(5208832K), 0.0400503 secs] [Times: user=0.19 sys=0.00, real=0.04 secs] 
2016-06-27T18:48:36.808+0300: 713.144: Total time for which application threads were stopped: 0.0442592 seconds, Stopping threads took: 0.0037232 seconds
2016-06-27T18:48:36.809+0300: 713.145: [GC (CMS Final Remark) [YG occupancy: 35048 K (306688 K)]2016-06-27T18:48:36.809+0300: 713.145: [Rescan (parallel) , 0.0042667 secs]2016-06-27T18:48:36.813+0300: 713.149: [weak refs processing, 0.0000261 secs]2016-06-27T18:48:36.813+0300: 713.149: [class unloading, 0.0023376 secs]2016-06-27T18:48:36.815+0300: 713.151: [scrub symbol table, 0.0018064 secs]2016-06-27T18:48:36.817+0300: 713.153: [scrub string table, 0.0004375 secs][1 CMS-remark: 4850778K(4902144K)] 4885826K(5208832K), 0.0091890 secs] [Times: user=0.02 sys=0.00, real=0.01 secs] 
2016-06-27T18:48:36.818+0300: 713.154: Total time for which application threads were stopped: 0.0096868 seconds, Stopping threads took: 0.0000479 seconds
2016-06-27T18:48:36.818+0300: 713.154: [CMS-concurrent-sweep-start]
2016-06-27T18:48:36.827+0300: 713.164: [CMS-concurrent-sweep: 0.009/0.009 secs] [Times: user=0.00 sys=0.00, real=0.01 secs] 
2016-06-27T18:48:36.828+0300: 713.164: [CMS-concurrent-reset-start]
2016-06-27T18:48:36.834+0300: 713.170: [CMS-concurrent-reset: 0.006/0.006 secs] [Times: user=0.06 sys=0.00, real=0.01 secs] 
2016-06-27T18:48:37.142+0300: 713.479: [GC (Allocation Failure) 2016-06-27T18:48:37.143+0300: 713.479: [ParNew
Desired survivor size 17432576 bytes, new threshold 1 (max 6)
- age   1:   34844032 bytes,   34844032 total
: 306201K->34033K(306688K), 0.0381194 secs] 4345719K->4340587K(5208832K), 0.0382785 secs] [Times: user=0.19 sys=0.00, real=0.04 secs] 
2016-06-27T18:48:37.181+0300: 713.517: Total time for which application threads were stopped: 0.0422484 seconds, Stopping threads took: 0.0034405 seconds
2016-06-27T18:48:37.181+0300: 713.518: [GC (CMS Initial Mark) [1 CMS-initial-mark: 4306553K(4902144K)] 4341587K(5208832K), 0.0004507 secs] [Times: user=0.00 sys=0.00, real=0.00 secs] 
2016-06-27T18:48:37.182+0300: 713.518: Total time for which application threads were stopped: 0.0009939 seconds, Stopping threads took: 0.0000736 seconds
2016-06-27T18:48:37.182+0300: 713.518: [CMS-concurrent-mark-start]
2016-06-27T18:48:37.233+0300: 713.570: [CMS-concurrent-mark: 0.051/0.051 secs] [Times: user=0.19 sys=0.00, real=0.05 secs] 
2016-06-27T18:48:37.233+0300: 713.570: [CMS-concurrent-preclean-start]
2016-06-27T18:48:37.243+0300: 713.580: [CMS-concurrent-preclean: 0.010/0.010 secs] [Times: user=0.06 sys=0.00, real=0.01 secs] 
2016-06-27T18:48:37.243+0300: 713.580: [CMS-concurrent-abortable-preclean-start]
2016-06-27T18:48:37.540+0300: 713.876: [GC (Allocation Failure) 2016-06-27T18:48:37.540+0300: 713.877: [ParNew2016-06-27T18:48:37.580+0300: 713.917: [CMS-concurrent-abortable-preclean: 0.031/0.337 secs] [Times: user=1.19 sys=0.00, real=0.34 secs] 

Desired survivor size 17432576 bytes, new threshold 1 (max 6)
- age   1:   34848424 bytes,   34848424 total
: 306334K->34048K(306688K), 0.0401713 secs] 4612888K->4607632K(5208832K), 0.0403419 secs] [Times: user=0.13 sys=0.00, real=0.04 secs] 
2016-06-27T18:48:37.581+0300: 713.917: Total time for which application threads were stopped: 0.0456294 seconds, Stopping threads took: 0.0047440 seconds
2016-06-27T18:48:37.582+0300: 713.918: [GC (CMS Final Remark) [YG occupancy: 35048 K (306688 K)]2016-06-27T18:48:37.582+0300: 713.918: [Rescan (parallel) , 0.0042975 secs]2016-06-27T18:48:37.586+0300: 713.923: [weak refs processing, 0.0000269 secs]2016-06-27T18:48:37.586+0300: 713.923: [class unloading, 0.0024706 secs]2016-06-27T18:48:37.589+0300: 713.925: [scrub symbol table, 0.0009952 secs]2016-06-27T18:48:37.595+0300: 713.931: [scrub string table, 0.0004413 secs][1 CMS-remark: 4573584K(4902144K)] 4608632K(5208832K), 0.0137615 secs] [Times: user=0.06 sys=0.00, real=0.01 secs] 
2016-06-27T18:48:37.596+0300: 713.932: Total time for which application threads were stopped: 0.0145030 seconds, Stopping threads took: 0.0002365 seconds
2016-06-27T18:48:37.939+0300: 714.275: [CMS-concurrent-sweep-start]
2016-06-27T18:48:37.941+0300: 714.277: [GC (Allocation Failure) 2016-06-27T18:48:37.941+0300: 714.277: [ParNew
Desired survivor size 17432576 bytes, new threshold 1 (max 6)
- age   1:   34859168 bytes,   34859168 total
: 306688K->34046K(306688K), 0.0745902 secs] 4880272K->4874714K(5208832K), 0.0747570 secs] [Times: user=0.28 sys=0.00, real=0.08 secs] 
2016-06-27T18:48:38.016+0300: 714.352: Total time for which application threads were stopped: 0.0760990 seconds, Stopping threads took: 0.0008108 seconds
2016-06-27T18:48:38.026+0300: 714.362: [CMS-concurrent-sweep: 0.010/0.087 secs] [Times: user=0.34 sys=0.00, real=0.09 secs] 
2016-06-27T18:48:38.026+0300: 714.362: [CMS-concurrent-reset-start]
2016-06-27T18:48:38.033+0300: 714.369: [CMS-concurrent-reset: 0.007/0.007 secs] [Times: user=0.00 sys=0.00, real=0.01 secs] 
2016-06-27T18:48:38.400+0300: 714.736: [GC (Allocation Failure) 2016-06-27T18:48:38.400+0300: 714.736: [ParNew
Desired survivor size 17432576 bytes, new threshold 1 (max 6)
- age   1:   34848032 bytes,   34848032 total
: 306319K->34048K(306688K), 0.0393151 secs] 4652922K->4646697K(5208832K), 0.0394973 secs] [Times: user=0.13 sys=0.00, real=0.04 secs] 
2016-06-27T18:48:38.439+0300: 714.776: Total time for which application threads were stopped: 0.0439205 seconds, Stopping threads took: 0.0037959 seconds
2016-06-27T18:48:38.440+0300: 714.776: [GC (CMS Initial Mark) [1 CMS-initial-mark: 4612649K(4902144K)] 4647697K(5208832K), 0.0005128 secs] [Times: user=0.00 sys=0.00, real=0.00 secs] 
2016-06-27T18:48:38.440+0300: 714.777: Total time for which application threads were stopped: 0.0011812 seconds, Stopping threads took: 0.0001287 seconds
2016-06-27T18:48:38.440+0300: 714.777: [CMS-concurrent-mark-start]
2016-06-27T18:48:38.500+0300: 714.836: [CMS-concurrent-mark: 0.060/0.060 secs] [Times: user=0.23 sys=0.00, real=0.06 secs] 
2016-06-27T18:48:38.500+0300: 714.837: [CMS-concurrent-preclean-start]
2016-06-27T18:48:38.512+0300: 714.848: [CMS-concurrent-preclean: 0.012/0.012 secs] [Times: user=0.06 sys=0.00, real=0.01 secs] 
2016-06-27T18:48:38.512+0300: 714.848: [CMS-concurrent-abortable-preclean-start]
2016-06-27T18:48:38.917+0300: 715.253: [GC (Allocation Failure) 2016-06-27T18:48:38.917+0300: 715.253: [ParNew
Desired survivor size 17432576 bytes, new threshold 1 (max 6)
- age   1:   34849792 bytes,   34849792 total
: 306688K->34041K(306688K), 0.0404925 secs] 4919337K->4912725K(5208832K), 0.0406708 secs] [Times: user=0.13 sys=0.00, real=0.04 secs] 
2016-06-27T18:48:38.957+0300: 715.294: Total time for which application threads were stopped: 0.0457188 seconds, Stopping threads took: 0.0044904 seconds
2016-06-27T18:48:38.958+0300: 715.294: [CMS-concurrent-abortable-preclean: 0.061/0.446 secs] [Times: user=1.74 sys=0.00, real=0.45 secs] 
2016-06-27T18:48:39.328+0300: 715.664: [GC (Allocation Failure) 2016-06-27T18:48:39.328+0300: 715.664: [ParNew: 306347K->306347K(306688K), 0.0000440 secs]2016-06-27T18:48:39.328+0300: 715.664: [CMS (concurrent mode failure): 4878684K->3934481K(4902144K), 0.7875798 secs] 5185031K->3934481K(5208832K), [Metaspace: 9115K->9115K(1058816K)], 0.7877919 secs] [Times: user=0.80 sys=0.00, real=0.79 secs] 
2016-06-27T18:48:40.115+0300: 716.452: Total time for which application threads were stopped: 0.7898382 seconds, Stopping threads took: 0.0014771 seconds
2016-06-27T18:48:40.479+0300: 716.816: [GC (Allocation Failure) 2016-06-27T18:48:40.479+0300: 716.816: [ParNew
Desired survivor size 17432576 bytes, new threshold 1 (max 6)
- age   1:   34847200 bytes,   34847200 total
: 271901K->34041K(306688K), 0.0361248 secs] 4206382K->4200534K(5208832K), 0.0362741 secs] [Times: user=0.13 sys=0.00, real=0.04 secs] 
2016-06-27T18:48:40.516+0300: 716.852: Total time for which application threads were stopped: 0.0375211 seconds, Stopping threads took: 0.0007608 seconds
2016-06-27T18:48:40.789+0300: 717.125: Total time for which application threads were stopped: 0.0037899 seconds, Stopping threads took: 0.0023401 seconds
2016-06-27T18:48:40.929+0300: 717.265: [GC (Allocation Failure) 2016-06-27T18:48:40.929+0300: 717.265: [ParNew
Desired survivor size 17432576 bytes, new threshold 1 (max 6)
- age   1:   34861632 bytes,   34861632 total
: 306681K->34046K(306688K), 0.0400413 secs] 4473174K->4465668K(5208832K), 0.0463684 secs] [Times: user=0.13 sys=0.00, real=0.05 secs] 
2016-06-27T18:48:40.975+0300: 717.312: Total time for which application threads were stopped: 0.0472922 seconds, Stopping threads took: 0.0003289 seconds
2016-06-27T18:48:41.429+0300: 717.766: [GC (Allocation Failure) 2016-06-27T18:48:41.430+0300: 717.766: [ParNew
Desired survivor size 17432576 bytes, new threshold 1 (max 6)
- age   1:   34848240 bytes,   34848240 total
: 306686K->34043K(306688K), 0.0402748 secs] 4738308K->4732713K(5208832K), 0.0404591 secs] [Times: user=0.13 sys=0.00, real=0.04 secs] 
2016-06-27T18:48:41.470+0300: 717.806: Total time for which application threads were stopped: 0.0420162 seconds, Stopping threads took: 0.0011611 seconds
2016-06-27T18:48:41.558+0300: 717.894: Total time for which application threads were stopped: 0.0023594 seconds, Stopping threads took: 0.0012090 seconds
2016-06-27T18:48:41.826+0300: 718.163: [GC (Allocation Failure) 2016-06-27T18:48:41.826+0300: 718.163: [ParNew: 306683K->306683K(306688K), 0.0000304 secs]2016-06-27T18:48:41.826+0300: 718.163: [CMS: 4698670K->3814493K(4902144K), 0.5910311 secs] 5005353K->3814493K(5208832K), [Metaspace: 9115K->9115K(1058816K)], 0.5912129 secs] [Times: user=0.59 sys=0.00, real=0.59 secs] 
2016-06-27T18:48:42.417+0300: 718.754: Total time for which application threads were stopped: 0.5933439 seconds, Stopping threads took: 0.0017773 seconds
2016-06-27T18:48:42.749+0300: 719.085: [GC (Allocation Failure) 2016-06-27T18:48:42.749+0300: 719.085: [ParNew
Desired survivor size 17432576 bytes, new threshold 1 (max 6)
- age   1:   34858336 bytes,   34858336 total
: 271919K->34048K(306688K), 0.0359473 secs] 4086412K->4081581K(5208832K), 0.0360769 secs] [Times: user=0.13 sys=0.00, real=0.04 secs] 
2016-06-27T18:48:42.785+0300: 719.122: Total time for which application threads were stopped: 0.0370310 seconds, Stopping threads took: 0.0006308 seconds
2016-06-27T18:48:43.102+0300: 719.439: [GC (Allocation Failure) 2016-06-27T18:48:43.102+0300: 719.439: [ParNew
Desired survivor size 17432576 bytes, new threshold 1 (max 6)
- age   1:   34858456 bytes,   34858456 total
: 306253K->34048K(306688K), 0.0379954 secs] 4353787K->4348629K(5208832K), 0.0381609 secs] [Times: user=0.13 sys=0.00, real=0.04 secs] 
2016-06-27T18:48:43.141+0300: 719.477: Total time for which application threads were stopped: 0.0391278 seconds, Stopping threads took: 0.0005611 seconds
2016-06-27T18:48:43.481+0300: 719.818: [GC (Allocation Failure) 2016-06-27T18:48:43.481+0300: 719.818: [ParNew
Desired survivor size 17432576 bytes, new threshold 1 (max 6)
- age   1:   34856616 bytes,   34856616 total
: 306553K->34048K(306688K), 0.0382657 secs] 4621135K->4615677K(5208832K), 0.0384525 secs] [Times: user=0.13 sys=0.00, real=0.04 secs] 
2016-06-27T18:48:43.520+0300: 719.856: Total time for which application threads were stopped: 0.0442934 seconds, Stopping threads took: 0.0053316 seconds
2016-06-27T18:48:43.860+0300: 720.197: [GC (Allocation Failure) 2016-06-27T18:48:43.860+0300: 720.197: [ParNew
Desired survivor size 17432576 bytes, new threshold 1 (max 6)
- age   1:   34856280 bytes,   34856280 total
: 306572K->34048K(306688K), 0.0398210 secs] 4888202K->4882723K(5208832K), 0.0399827 secs] [Times: user=0.19 sys=0.00, real=0.04 secs] 
2016-06-27T18:48:43.900+0300: 720.237: Total time for which application threads were stopped: 0.0452646 seconds, Stopping threads took: 0.0048056 seconds
2016-06-27T18:48:44.289+0300: 720.625: [GC (Allocation Failure) 2016-06-27T18:48:44.289+0300: 720.626: [ParNew: 305865K->305865K(306688K), 0.0000372 secs]2016-06-27T18:48:44.289+0300: 720.626: [CMS: 4848675K->3798494K(4902144K), 0.6175055 secs] 5154541K->3798494K(5208832K), [Metaspace: 9115K->9115K(1058816K)], 0.6176843 secs] [Times: user=0.61 sys=0.00, real=0.62 secs] 
2016-06-27T18:48:44.907+0300: 721.243: Total time for which application threads were stopped: 0.6208203 seconds, Stopping threads took: 0.0026994 seconds
2016-06-27T18:48:45.272+0300: 721.609: [GC (Allocation Failure) 2016-06-27T18:48:45.272+0300: 721.609: [ParNew
Desired survivor size 17432576 bytes, new threshold 1 (max 6)
- age   1:   34850168 bytes,   34850168 total
: 272032K->34048K(306688K), 0.0370409 secs] 4070527K->4064554K(5208832K), 0.0372252 secs] [Times: user=0.13 sys=0.00, real=0.04 secs] 
2016-06-27T18:48:45.309+0300: 721.646: Total time for which application threads were stopped: 0.0385193 seconds, Stopping threads took: 0.0007488 seconds
2016-06-27T18:48:45.681+0300: 722.017: [GC (Allocation Failure) 2016-06-27T18:48:45.681+0300: 722.017: [ParNew
Desired survivor size 17432576 bytes, new threshold 1 (max 6)
- age   1:   34850648 bytes,   34850648 total
: 306040K->34048K(306688K), 0.0399147 secs] 4336547K->4330591K(5208832K), 0.0400905 secs] [Times: user=0.13 sys=0.00, real=0.04 secs] 
2016-06-27T18:48:45.721+0300: 722.057: Total time for which application threads were stopped: 0.0463586 seconds, Stopping threads took: 0.0056792 seconds
2016-06-27T18:48:46.085+0300: 722.422: [GC (Allocation Failure) 2016-06-27T18:48:46.085+0300: 722.422: [ParNew
Desired survivor size 17432576 bytes, new threshold 1 (max 6)
- age   1:   34851656 bytes,   34851656 total
: 306474K->34048K(306688K), 0.0405245 secs] 4603017K->4597628K(5208832K), 0.0406952 secs] [Times: user=0.13 sys=0.00, real=0.04 secs] 
2016-06-27T18:48:46.126+0300: 722.462: Total time for which application threads were stopped: 0.0426790 seconds, Stopping threads took: 0.0013894 seconds
2016-06-27T18:48:46.243+0300: 722.579: [GC (CMS Initial Mark) [1 CMS-initial-mark: 4563580K(4902144K)] 4683232K(5208832K), 0.0006120 secs] [Times: user=0.00 sys=0.00, real=0.00 secs] 
2016-06-27T18:48:46.244+0300: 722.580: Total time for which application threads were stopped: 0.0037616 seconds, Stopping threads took: 0.0025646 seconds
2016-06-27T18:48:46.244+0300: 722.580: [CMS-concurrent-mark-start]
2016-06-27T18:48:46.308+0300: 722.645: [CMS-concurrent-mark: 0.065/0.065 secs] [Times: user=0.23 sys=0.00, real=0.06 secs] 
2016-06-27T18:48:46.308+0300: 722.645: [CMS-concurrent-preclean-start]
2016-06-27T18:48:46.321+0300: 722.658: [CMS-concurrent-preclean: 0.013/0.013 secs] [Times: user=0.06 sys=0.00, real=0.01 secs] 
2016-06-27T18:48:46.321+0300: 722.658: [CMS-concurrent-abortable-preclean-start]
2016-06-27T18:48:46.546+0300: 722.882: [GC (Allocation Failure) 2016-06-27T18:48:46.546+0300: 722.882: [ParNew2016-06-27T18:48:46.556+0300: 722.914: [CMS-concurrent-abortable-preclean: 0.026/0.235 secs] [Times: user=0.98 sys=0.00, real=0.26 secs] 

Desired survivor size 17432576 bytes, new threshold 1 (max 6)
- age   1:   34858576 bytes,   34858576 total
: 306601K->34048K(306688K), 0.0429476 secs] 4870181K->4863702K(5208832K), 0.0431332 secs] [Times: user=0.19 sys=0.00, real=0.04 secs] 
2016-06-27T18:48:46.589+0300: 722.926: Total time for which application threads were stopped: 0.0514763 seconds, Stopping threads took: 0.0076721 seconds
2016-06-27T18:48:47.076+0300: 723.413: Total time for which application threads were stopped: 0.0063515 seconds, Stopping threads took: 0.0049167 seconds
2016-06-27T18:48:47.257+0300: 723.593: [GC (Allocation Failure) 2016-06-27T18:48:47.257+0300: 723.594: [ParNew: 306688K->306688K(306688K), 0.0000312 secs]2016-06-27T18:48:47.257+0300: 723.594: [CMS (concurrent mode failure): 4829654K->3749486K(4902144K), 0.7010166 secs] 5136342K->3749486K(5208832K), [Metaspace: 9115K->9115K(1058816K)], 0.7012176 secs] [Times: user=0.70 sys=0.00, real=0.70 secs] 
2016-06-27T18:48:47.958+0300: 724.295: Total time for which application threads were stopped: 0.7038228 seconds, Stopping threads took: 0.0022542 seconds
2016-06-27T18:48:48.280+0300: 724.616: [GC (Allocation Failure) 2016-06-27T18:48:48.280+0300: 724.616: [ParNew
Desired survivor size 17432576 bytes, new threshold 1 (max 6)
- age   1:   34860272 bytes,   34860272 total
: 272348K->34048K(306688K), 0.0341563 secs] 4021835K->4016589K(5208832K), 0.0343141 secs] [Times: user=0.11 sys=0.02, real=0.03 secs] 
2016-06-27T18:48:48.314+0300: 724.650: Total time for which application threads were stopped: 0.0379150 seconds, Stopping threads took: 0.0031813 seconds
2016-06-27T18:48:48.467+0300: 724.804: Total time for which application threads were stopped: 0.0033485 seconds, Stopping threads took: 0.0024043 seconds
2016-06-27T18:48:48.689+0300: 725.025: [GC (Allocation Failure) 2016-06-27T18:48:48.689+0300: 725.025: [ParNew
Desired survivor size 17432576 bytes, new threshold 1 (max 6)
- age   1:   34864320 bytes,   34864320 total
: 306688K->34048K(306688K), 0.0420560 secs] 4289229K->4282644K(5208832K), 0.0422322 secs] [Times: user=0.17 sys=0.00, real=0.04 secs] 
2016-06-27T18:48:48.731+0300: 725.068: Total time for which application threads were stopped: 0.0516495 seconds, Stopping threads took: 0.0090333 seconds
2016-06-27T18:48:49.068+0300: 725.405: [GC (Allocation Failure) 2016-06-27T18:48:49.068+0300: 725.405: [ParNew
Desired survivor size 17432576 bytes, new threshold 1 (max 6)
- age   1:   34855392 bytes,   34855392 total
: 306045K->34048K(306688K), 0.0396051 secs] 4554642K->4549695K(5208832K), 0.0397667 secs] [Times: user=0.13 sys=0.00, real=0.04 secs] 
2016-06-27T18:48:49.108+0300: 725.444: Total time for which application threads were stopped: 0.0429386 seconds, Stopping threads took: 0.0027635 seconds
2016-06-27T18:48:49.428+0300: 725.764: [GC (Allocation Failure) 2016-06-27T18:48:49.428+0300: 725.764: [ParNew
Desired survivor size 17432576 bytes, new threshold 1 (max 6)
- age   1:   34854176 bytes,   34854176 total
: 305974K->34048K(306688K), 0.0377379 secs] 4821622K->4816737K(5208832K), 0.0379334 secs] [Times: user=0.13 sys=0.00, real=0.04 secs] 
2016-06-27T18:48:49.466+0300: 725.802: Total time for which application threads were stopped: 0.0397449 seconds, Stopping threads took: 0.0013796 seconds
2016-06-27T18:48:49.789+0300: 726.126: [GC (Allocation Failure) 2016-06-27T18:48:49.795+0300: 726.131: [ParNew: 305971K->305971K(306688K), 0.0000466 secs]2016-06-27T18:48:49.795+0300: 726.132: [CMS: 4782689K->3808492K(4902144K), 0.5789747 secs] 5088660K->3808492K(5208832K), [Metaspace: 9115K->9115K(1058816K)], 0.5848357 secs] [Times: user=0.58 sys=0.00, real=0.59 secs] 
2016-06-27T18:48:50.374+0300: 726.711: Total time for which application threads were stopped: 0.5861529 seconds, Stopping threads took: 0.0008865 seconds
2016-06-27T18:48:50.721+0300: 727.058: Total time for which application threads were stopped: 0.0015554 seconds, Stopping threads took: 0.0007172 seconds
2016-06-27T18:48:50.777+0300: 727.113: [GC (Allocation Failure) 2016-06-27T18:48:50.777+0300: 727.113: [ParNew
Desired survivor size 17432576 bytes, new threshold 1 (max 6)
- age   1:   33864712 bytes,   33864712 total
: 272640K->33085K(306688K), 0.0358032 secs] 4081132K->4075588K(5208832K), 0.0359315 secs] [Times: user=0.13 sys=0.00, real=0.04 secs] 
2016-06-27T18:48:50.813+0300: 727.149: Total time for which application threads were stopped: 0.0363861 seconds, Stopping threads took: 0.0000928 seconds
2016-06-27T18:48:51.132+0300: 727.468: [GC (Allocation Failure) 2016-06-27T18:48:51.132+0300: 727.468: [ParNew
Desired survivor size 17432576 bytes, new threshold 1 (max 6)
- age   1:   33832272 bytes,   33832272 total
: 305322K->33078K(306688K), 0.0376913 secs] 4347826K->4342662K(5208832K), 0.0378474 secs] [Times: user=0.13 sys=0.00, real=0.04 secs] 
2016-06-27T18:48:51.170+0300: 727.506: Total time for which application threads were stopped: 0.0391265 seconds, Stopping threads took: 0.0007800 seconds
2016-06-27T18:48:51.467+0300: 727.804: Total time for which application threads were stopped: 0.0024316 seconds, Stopping threads took: 0.0017029 seconds
2016-06-27T18:48:51.533+0300: 727.870: [GC (Allocation Failure) 2016-06-27T18:48:51.534+0300: 727.870: [ParNew
Desired survivor size 17432576 bytes, new threshold 1 (max 6)
- age   1:   34857616 bytes,   34857616 total
: 305718K->34048K(306688K), 0.0425225 secs] 4615302K->4608683K(5208832K), 0.0426624 secs] [Times: user=0.19 sys=0.00, real=0.04 secs] 
2016-06-27T18:48:51.577+0300: 727.913: Total time for which application threads were stopped: 0.0430669 seconds, Stopping threads took: 0.0001339 seconds
2016-06-27T18:48:51.925+0300: 728.262: [GC (Allocation Failure) 2016-06-27T18:48:51.925+0300: 728.262: [ParNew
Desired survivor size 17432576 bytes, new threshold 1 (max 6)
- age   1:   34854376 bytes,   34854376 total
: 306315K->34047K(306688K), 0.0408855 secs] 4880951K->4875729K(5208832K), 0.0410527 secs] [Times: user=0.19 sys=0.00, real=0.04 secs] 
2016-06-27T18:48:51.966+0300: 728.303: Total time for which application threads were stopped: 0.0424468 seconds, Stopping threads took: 0.0009836 seconds
2016-06-27T18:48:52.364+0300: 728.700: [GC (Allocation Failure) 2016-06-27T18:48:52.364+0300: 728.700: [ParNew: 305974K->305974K(306688K), 0.0000355 secs]2016-06-27T18:48:52.364+0300: 728.700: [CMS: 4841682K->3761494K(4902144K), 0.6162409 secs] 5147656K->3761494K(5208832K), [Metaspace: 9115K->9115K(1058816K)], 0.6164394 secs] [Times: user=0.61 sys=0.00, real=0.62 secs] 
2016-06-27T18:48:52.981+0300: 729.317: Total time for which application threads were stopped: 0.6191567 seconds, Stopping threads took: 0.0022790 seconds
2016-06-27T18:48:53.251+0300: 729.588: Total time for which application threads were stopped: 0.0016679 seconds, Stopping threads took: 0.0006911 seconds
2016-06-27T18:48:53.439+0300: 729.775: [GC (Allocation Failure) 2016-06-27T18:48:53.439+0300: 729.775: [ParNew
Desired survivor size 17432576 bytes, new threshold 1 (max 6)
- age   1:   34861208 bytes,   34861208 total
: 272640K->34046K(306688K), 0.0339511 secs] 4034134K->4026564K(5208832K), 0.0341709 secs] [Times: user=0.13 sys=0.00, real=0.03 secs] 
2016-06-27T18:48:53.473+0300: 729.809: Total time for which application threads were stopped: 0.0348744 seconds, Stopping threads took: 0.0003592 seconds
2016-06-27T18:48:53.501+0300: 729.838: Total time for which application threads were stopped: 0.0008331 seconds, Stopping threads took: 0.0001377 seconds
2016-06-27T18:48:53.796+0300: 730.132: [GC (Allocation Failure) 2016-06-27T18:48:53.796+0300: 730.132: [ParNew
Desired survivor size 17432576 bytes, new threshold 1 (max 6)
- age   1:   34857136 bytes,   34857136 total
: 305930K->34048K(306688K), 0.0375827 secs] 4298447K->4293619K(5208832K), 0.0377597 secs] [Times: user=0.19 sys=0.00, real=0.04 secs] 
2016-06-27T18:48:53.834+0300: 730.170: Total time for which application threads were stopped: 0.0399087 seconds, Stopping threads took: 0.0017671 seconds
2016-06-27T18:48:54.172+0300: 730.509: [GC (Allocation Failure) 2016-06-27T18:48:54.172+0300: 730.509: [ParNew
Desired survivor size 17432576 bytes, new threshold 1 (max 6)
- age   1:   34853744 bytes,   34853744 total
: 306230K->34048K(306688K), 0.0403565 secs] 4565802K->4560663K(5208832K), 0.0405322 secs] [Times: user=0.19 sys=0.00, real=0.04 secs] 
2016-06-27T18:48:54.213+0300: 730.549: Total time for which application threads were stopped: 0.0425991 seconds, Stopping threads took: 0.0016315 seconds
2016-06-27T18:48:54.476+0300: 730.812: Total time for which application threads were stopped: 0.0037167 seconds, Stopping threads took: 0.0027973 seconds
2016-06-27T18:48:54.589+0300: 730.926: [GC (Allocation Failure) 2016-06-27T18:48:54.590+0300: 730.926: [ParNew
Desired survivor size 17432576 bytes, new threshold 1 (max 6)
- age   1:   34860088 bytes,   34860088 total
: 306688K->34047K(306688K), 0.0389657 secs] 4833303K->4826706K(5208832K), 0.0391689 secs] [Times: user=0.13 sys=0.00, real=0.04 secs] 
2016-06-27T18:48:54.629+0300: 730.965: Total time for which application threads were stopped: 0.0398523 seconds, Stopping threads took: 0.0003079 seconds
2016-06-27T18:48:54.983+0300: 731.319: [GC (Allocation Failure) 2016-06-27T18:48:54.983+0300: 731.319: [ParNew: 306260K->306260K(306688K), 0.0000475 secs]2016-06-27T18:48:54.983+0300: 731.319: [CMS: 4792658K->3743492K(4902144K), 0.8432241 secs] 5098918K->3743492K(5208832K), [Metaspace: 9115K->9115K(1058816K)], 0.8434588 secs] [Times: user=0.84 sys=0.00, real=0.84 secs] 
2016-06-27T18:48:55.827+0300: 732.163: Total time for which application threads were stopped: 0.8449094 seconds, Stopping threads took: 0.0010153 seconds
2016-06-27T18:48:55.829+0300: 732.166: Total time for which application threads were stopped: 0.0011021 seconds, Stopping threads took: 0.0000813 seconds
2016-06-27T18:48:55.841+0300: 732.178: Total time for which application threads were stopped: 0.0005940 seconds, Stopping threads took: 0.0002403 seconds
2016-06-27T18:48:56.282+0300: 732.619: [GC (Allocation Failure) 2016-06-27T18:48:56.282+0300: 732.619: [ParNew
Desired survivor size 17432576 bytes, new threshold 1 (max 6)
- age   1:   34858816 bytes,   34858816 total
: 271982K->34048K(306688K), 0.0382674 secs] 4015474K->4008559K(5208832K), 0.0384487 secs] [Times: user=0.19 sys=0.00, real=0.04 secs] 
2016-06-27T18:48:56.321+0300: 732.657: Total time for which application threads were stopped: 0.0443178 seconds, Stopping threads took: 0.0053884 seconds
2016-06-27T18:48:56.509+0300: 732.845: Total time for which application threads were stopped: 0.0066141 seconds, Stopping threads took: 0.0057242 seconds
2016-06-27T18:48:56.754+0300: 733.091: [GC (Allocation Failure) 2016-06-27T18:48:56.754+0300: 733.091: [ParNew
Desired survivor size 17432576 bytes, new threshold 1 (max 6)
- age   1:   34859608 bytes,   34859608 total
: 306688K->34048K(306688K), 0.0394323 secs] 4281199K->4274609K(5208832K), 0.0395901 secs] [Times: user=0.19 sys=0.00, real=0.04 secs] 
2016-06-27T18:48:56.794+0300: 733.130: Total time for which application threads were stopped: 0.0426046 seconds, Stopping threads took: 0.0026570 seconds
2016-06-27T18:48:57.089+0300: 733.426: [GC (CMS Initial Mark) [1 CMS-initial-mark: 4240561K(4902144K)] 4509765K(5208832K), 0.0005431 secs] [Times: user=0.00 sys=0.00, real=0.00 secs] 
2016-06-27T18:48:57.090+0300: 733.426: Total time for which application threads were stopped: 0.0071974 seconds, Stopping threads took: 0.0063036 seconds
2016-06-27T18:48:57.090+0300: 733.426: [CMS-concurrent-mark-start]
2016-06-27T18:48:57.143+0300: 733.479: [CMS-concurrent-mark: 0.053/0.053 secs] [Times: user=0.19 sys=0.00, real=0.05 secs] 
2016-06-27T18:48:57.143+0300: 733.479: [CMS-concurrent-preclean-start]
2016-06-27T18:48:57.153+0300: 733.489: [GC (Allocation Failure) 2016-06-27T18:48:57.153+0300: 733.489: [ParNew
Desired survivor size 17432576 bytes, new threshold 1 (max 6)
- age   1:   34857144 bytes,   34857144 total
: 306140K->34048K(306688K), 0.0388999 secs] 4546701K->4541657K(5208832K), 0.0390671 secs] [Times: user=0.17 sys=0.00, real=0.04 secs] 
2016-06-27T18:48:57.192+0300: 733.529: Total time for which application threads were stopped: 0.0406939 seconds, Stopping threads took: 0.0012334 seconds
2016-06-27T18:48:57.194+0300: 733.531: [CMS-concurrent-preclean: 0.010/0.051 secs] [Times: user=0.24 sys=0.00, real=0.05 secs] 
2016-06-27T18:48:57.194+0300: 733.531: [CMS-concurrent-abortable-preclean-start]
2016-06-27T18:48:57.506+0300: 733.842: Total time for which application threads were stopped: 0.0030718 seconds, Stopping threads took: 0.0022332 seconds
2016-06-27T18:48:57.506+0300: 733.842: [CMS-concurrent-abortable-preclean: 0.044/0.311 secs] [Times: user=1.19 sys=0.03, real=0.31 secs] 
2016-06-27T18:48:57.583+0300: 733.919: [GC (CMS Final Remark) [YG occupancy: 306688 K (306688 K)]2016-06-27T18:48:57.583+0300: 733.919: [Rescan (parallel) , 0.0045597 secs]2016-06-27T18:48:57.587+0300: 733.924: [weak refs processing, 0.0000355 secs]2016-06-27T18:48:57.587+0300: 733.924: [class unloading, 0.0028426 secs]2016-06-27T18:48:57.590+0300: 733.927: [scrub symbol table, 0.0012329 secs]2016-06-27T18:48:57.592+0300: 733.928: [scrub string table, 0.0003139 secs][1 CMS-remark: 4507609K(4902144K)] 4814297K(5208832K), 0.0093096 secs] [Times: user=0.00 sys=0.00, real=0.01 secs] 
2016-06-27T18:48:57.592+0300: 733.928: Total time for which application threads were stopped: 0.0097026 seconds, Stopping threads took: 0.0000748 seconds
2016-06-27T18:48:57.592+0300: 733.929: [CMS-concurrent-sweep-start]
2016-06-27T18:48:57.592+0300: 733.929: [GC (Allocation Failure) 2016-06-27T18:48:57.593+0300: 733.929: [ParNew
Desired survivor size 17432576 bytes, new threshold 1 (max 6)
- age   1:   34854920 bytes,   34854920 total
: 306688K->34048K(306688K), 0.0378205 secs] 4814297K->4808705K(5208832K), 0.0379642 secs] [Times: user=0.19 sys=0.00, real=0.04 secs] 
2016-06-27T18:48:57.630+0300: 733.967: Total time for which application threads were stopped: 0.0382926 seconds, Stopping threads took: 0.0000411 seconds
2016-06-27T18:48:57.640+0300: 733.976: [CMS-concurrent-sweep: 0.048/0.048 secs] [Times: user=0.19 sys=0.00, real=0.05 secs] 
2016-06-27T18:48:57.640+0300: 733.976: [CMS-concurrent-reset-start]
2016-06-27T18:48:57.646+0300: 733.983: [CMS-concurrent-reset: 0.006/0.006 secs] [Times: user=0.06 sys=0.00, real=0.01 secs] 
2016-06-27T18:48:57.942+0300: 734.279: [GC (Allocation Failure) 2016-06-27T18:48:57.942+0300: 734.279: [ParNew
Desired survivor size 17432576 bytes, new threshold 1 (max 6)
- age   1:   34861536 bytes,   34861536 total
: 306513K->34048K(306688K), 0.0390260 secs] 4421045K->4416629K(5208832K), 0.0391701 secs] [Times: user=0.13 sys=0.00, real=0.04 secs] 
2016-06-27T18:48:57.981+0300: 734.318: Total time for which application threads were stopped: 0.0404433 seconds, Stopping threads took: 0.0008801 seconds
2016-06-27T18:48:57.982+0300: 734.318: [GC (CMS Initial Mark) [1 CMS-initial-mark: 4382581K(4902144K)] 4417631K(5208832K), 0.0003999 secs] [Times: user=0.00 sys=0.00, real=0.00 secs] 
2016-06-27T18:48:57.982+0300: 734.319: Total time for which application threads were stopped: 0.0007659 seconds, Stopping threads took: 0.0000718 seconds
2016-06-27T18:48:57.982+0300: 734.319: [CMS-concurrent-mark-start]
2016-06-27T18:48:58.036+0300: 734.372: [CMS-concurrent-mark: 0.053/0.053 secs] [Times: user=0.17 sys=0.00, real=0.05 secs] 
2016-06-27T18:48:58.036+0300: 734.372: [CMS-concurrent-preclean-start]
2016-06-27T18:48:58.046+0300: 734.383: [CMS-concurrent-preclean: 0.010/0.010 secs] [Times: user=0.05 sys=0.00, real=0.01 secs] 
2016-06-27T18:48:58.046+0300: 734.383: [CMS-concurrent-abortable-preclean-start]
2016-06-27T18:48:58.366+0300: 734.702: [GC (Allocation Failure) 2016-06-27T18:48:58.366+0300: 734.702: [ParNew2016-06-27T18:48:58.398+0300: 734.734: [CMS-concurrent-abortable-preclean: 0.033/0.351 secs] [Times: user=1.39 sys=0.00, real=0.35 secs] 

Desired survivor size 17432576 bytes, new threshold 1 (max 6)
- age   1:   34852760 bytes,   34852760 total
: 306468K->34048K(306688K), 0.0387664 secs] 4689050K->4683676K(5208832K), 0.0389251 secs] [Times: user=0.13 sys=0.00, real=0.04 secs] 
2016-06-27T18:48:58.405+0300: 734.741: Total time for which application threads were stopped: 0.0408923 seconds, Stopping threads took: 0.0015532 seconds
2016-06-27T18:48:58.405+0300: 734.741: [GC (CMS Final Remark) [YG occupancy: 35050 K (306688 K)]2016-06-27T18:48:58.405+0300: 734.741: [Rescan (parallel) , 0.0042590 secs]2016-06-27T18:48:58.409+0300: 734.746: [weak refs processing, 0.0000252 secs]2016-06-27T18:48:58.409+0300: 734.746: [class unloading, 0.0021331 secs]2016-06-27T18:48:58.413+0300: 734.749: [scrub symbol table, 0.0007800 secs]2016-06-27T18:48:58.413+0300: 734.750: [scrub string table, 0.0001967 secs][1 CMS-remark: 4649628K(4902144K)] 4684679K(5208832K), 0.0085287 secs] [Times: user=0.02 sys=0.00, real=0.01 secs] 
2016-06-27T18:48:58.414+0300: 734.750: Total time for which application threads were stopped: 0.0089380 seconds, Stopping threads took: 0.0000736 seconds
2016-06-27T18:48:58.414+0300: 734.750: [CMS-concurrent-sweep-start]
2016-06-27T18:48:58.423+0300: 734.759: [CMS-concurrent-sweep: 0.009/0.009 secs] [Times: user=0.00 sys=0.00, real=0.01 secs] 
2016-06-27T18:48:58.423+0300: 734.760: [CMS-concurrent-reset-start]
2016-06-27T18:48:58.429+0300: 734.766: [CMS-concurrent-reset: 0.006/0.006 secs] [Times: user=0.06 sys=0.00, real=0.01 secs] 
2016-06-27T18:48:58.505+0300: 734.841: Total time for which application threads were stopped: 0.0017760 seconds, Stopping threads took: 0.0001818 seconds
2016-06-27T18:48:58.755+0300: 735.092: [GC (Allocation Failure) 2016-06-27T18:48:58.755+0300: 735.092: [ParNew
Desired survivor size 17432576 bytes, new threshold 1 (max 6)
- age   1:   34855640 bytes,   34855640 total
: 306688K->34046K(306688K), 0.0396641 secs] 4339204K->4332602K(5208832K), 0.0398381 secs] [Times: user=0.13 sys=0.00, real=0.04 secs] 
2016-06-27T18:48:58.795+0300: 735.132: Total time for which application threads were stopped: 0.0408705 seconds, Stopping threads took: 0.0006594 seconds
2016-06-27T18:48:58.837+0300: 735.174: [GC (CMS Initial Mark) [1 CMS-initial-mark: 4298555K(4902144K)] 4368458K(5208832K), 0.0004033 secs] [Times: user=0.00 sys=0.00, real=0.00 secs] 
2016-06-27T18:48:58.838+0300: 735.174: Total time for which application threads were stopped: 0.0008592 seconds, Stopping threads took: 0.0001749 seconds
2016-06-27T18:48:58.838+0300: 735.174: [CMS-concurrent-mark-start]
2016-06-27T18:48:58.891+0300: 735.228: [CMS-concurrent-mark: 0.053/0.053 secs] [Times: user=0.19 sys=0.00, real=0.05 secs] 
2016-06-27T18:48:58.891+0300: 735.228: [CMS-concurrent-preclean-start]
2016-06-27T18:48:58.901+0300: 735.238: [CMS-concurrent-preclean: 0.010/0.010 secs] [Times: user=0.06 sys=0.00, real=0.01 secs] 
2016-06-27T18:48:58.901+0300: 735.238: [CMS-concurrent-abortable-preclean-start]
2016-06-27T18:48:59.165+0300: 735.501: [GC (Allocation Failure) 2016-06-27T18:48:59.165+0300: 735.501: [ParNew
Desired survivor size 17432576 bytes, new threshold 1 (max 6)
- age   1:   34857256 bytes,   34857256 total
: 305876K->34047K(306688K), 0.0379398 secs] 4604431K->4599663K(5208832K), 0.0381600 secs] [Times: user=0.13 sys=0.00, real=0.04 secs] 
2016-06-27T18:48:59.203+0300: 735.539: Total time for which application threads were stopped: 0.0396021 seconds, Stopping threads took: 0.0010559 seconds
2016-06-27T18:48:59.506+0300: 735.842: Total time for which application threads were stopped: 0.0026929 seconds, Stopping threads took: 0.0007920 seconds
2016-06-27T18:48:59.506+0300: 735.842: [CMS-concurrent-abortable-preclean: 0.077/0.604 secs] [Times: user=2.36 sys=0.00, real=0.61 secs] 
2016-06-27T18:48:59.580+0300: 735.917: [GC (Allocation Failure) 2016-06-27T18:48:59.580+0300: 735.917: [ParNew
Desired survivor size 17432576 bytes, new threshold 1 (max 6)
- age   1:   34857696 bytes,   34857696 total
: 306687K->34048K(306688K), 0.0376366 secs] 4872303K->4865711K(5208832K), 0.0377807 secs] [Times: user=0.19 sys=0.00, real=0.04 secs] 
2016-06-27T18:48:59.618+0300: 735.955: Total time for which application threads were stopped: 0.0383957 seconds, Stopping threads took: 0.0002634 seconds
2016-06-27T18:48:59.932+0300: 736.268: [GC (Allocation Failure) 2016-06-27T18:48:59.932+0300: 736.268: [ParNew: 305776K->305776K(306688K), 0.0000338 secs]2016-06-27T18:48:59.932+0300: 736.268: [CMS (concurrent mode failure): 4831663K->4039521K(4902144K), 0.6368962 secs] 5137439K->4039521K(5208832K), [Metaspace: 9115K->9115K(1058816K)], 0.6370698 secs] [Times: user=0.64 sys=0.00, real=0.64 secs] 
2016-06-27T18:49:00.569+0300: 736.905: Total time for which application threads were stopped: 0.6401558 seconds, Stopping threads took: 0.0027293 seconds
2016-06-27T18:49:00.588+0300: 736.924: Total time for which application threads were stopped: 0.0018881 seconds, Stopping threads took: 0.0001014 seconds
2016-06-27T18:49:00.922+0300: 737.258: [GC (Allocation Failure) 2016-06-27T18:49:00.922+0300: 737.258: [ParNew
Desired survivor size 17432576 bytes, new threshold 1 (max 6)
- age   1:   34861776 bytes,   34861776 total
: 272193K->34048K(306688K), 0.0348196 secs] 4311714K->4305591K(5208832K), 0.0349389 secs] [Times: user=0.13 sys=0.00, real=0.03 secs] 
2016-06-27T18:49:00.957+0300: 737.293: Total time for which application threads were stopped: 0.0357810 seconds, Stopping threads took: 0.0005149 seconds
2016-06-27T18:49:01.286+0300: 737.622: [GC (Allocation Failure) 2016-06-27T18:49:01.286+0300: 737.622: [ParNew
Desired survivor size 17432576 bytes, new threshold 1 (max 6)
- age   1:   34852984 bytes,   34852984 total
: 306214K->34048K(306688K), 0.0414230 secs] 4577758K->4572642K(5208832K), 0.0415851 secs] [Times: user=0.13 sys=0.00, real=0.04 secs] 
2016-06-27T18:49:01.328+0300: 737.664: Total time for which application threads were stopped: 0.0429074 seconds, Stopping threads took: 0.0008083 seconds
2016-06-27T18:49:01.506+0300: 737.843: Total time for which application threads were stopped: 0.0024368 seconds, Stopping threads took: 0.0008078 seconds
2016-06-27T18:49:01.663+0300: 738.000: [GC (Allocation Failure) 2016-06-27T18:49:01.663+0300: 738.000: [ParNew
Desired survivor size 17432576 bytes, new threshold 1 (max 6)
- age   1:   34848400 bytes,   34848400 total
: 306530K->34047K(306688K), 0.0381271 secs] 4845125K->4840684K(5208832K), 0.0382785 secs] [Times: user=0.13 sys=0.00, real=0.04 secs] 
2016-06-27T18:49:01.701+0300: 738.038: Total time for which application threads were stopped: 0.0404929 seconds, Stopping threads took: 0.0018013 seconds
2016-06-27T18:49:02.037+0300: 738.374: [GC (Allocation Failure) 2016-06-27T18:49:02.038+0300: 738.374: [ParNew: 306443K->306443K(306688K), 0.0000359 secs]2016-06-27T18:49:02.038+0300: 738.374: [CMS: 4806636K->4042519K(4902144K), 0.6562061 secs] 5113080K->4042519K(5208832K), [Metaspace: 9115K->9115K(1058816K)], 0.6564195 secs] [Times: user=0.66 sys=0.00, real=0.66 secs] 
2016-06-27T18:49:02.694+0300: 739.030: Total time for which application threads were stopped: 0.6574976 seconds, Stopping threads took: 0.0006723 seconds
2016-06-27T18:49:02.972+0300: 739.309: Total time for which application threads were stopped: 0.0030334 seconds, Stopping threads took: 0.0013946 seconds
2016-06-27T18:49:03.085+0300: 739.421: [GC (Allocation Failure) 2016-06-27T18:49:03.085+0300: 739.421: [ParNew
Desired survivor size 17432576 bytes, new threshold 1 (max 6)
- age   1:   34864952 bytes,   34864952 total
: 272640K->34048K(306688K), 0.0357489 secs] 4315159K->4307599K(5208832K), 0.0359255 secs] [Times: user=0.13 sys=0.00, real=0.04 secs] 
2016-06-27T18:49:03.121+0300: 739.457: Total time for which application threads were stopped: 0.0365093 seconds, Stopping threads took: 0.0002121 seconds
2016-06-27T18:49:03.429+0300: 739.765: [GC (Allocation Failure) 2016-06-27T18:49:03.435+0300: 739.771: [ParNew
Desired survivor size 17432576 bytes, new threshold 1 (max 6)
- age   1:   34853680 bytes,   34853680 total
: 306045K->34048K(306688K), 0.0391240 secs] 4579597K->4574656K(5208832K), 0.0452728 secs] [Times: user=0.13 sys=0.00, real=0.03 secs] 
2016-06-27T18:49:03.459+0300: 739.811: Total time for which application threads were stopped: 0.0472990 seconds, Stopping threads took: 0.0016867 seconds
2016-06-27T18:49:03.505+0300: 739.842: Total time for which application threads were stopped: 0.0014835 seconds, Stopping threads took: 0.0000684 seconds
2016-06-27T18:49:03.822+0300: 740.158: [GC (Allocation Failure) 2016-06-27T18:49:03.822+0300: 740.159: [ParNew
Desired survivor size 17432576 bytes, new threshold 1 (max 6)
- age   1:   34858768 bytes,   34858768 total
: 306520K->34048K(306688K), 0.0378808 secs] 4847129K->4840697K(5208832K), 0.0380185 secs] [Times: user=0.13 sys=0.00, real=0.04 secs] 
2016-06-27T18:49:03.860+0300: 740.197: Total time for which application threads were stopped: 0.0411844 seconds, Stopping threads took: 0.0028105 seconds
2016-06-27T18:49:04.190+0300: 740.527: [GC (Allocation Failure) 2016-06-27T18:49:04.190+0300: 740.527: [ParNew: 306162K->306162K(306688K), 0.0000466 secs]2016-06-27T18:49:04.190+0300: 740.527: [CMS: 4806649K->3952513K(4902144K), 0.6445110 secs] 5112811K->3952513K(5208832K), [Metaspace: 9115K->9115K(1058816K)], 0.6447219 secs] [Times: user=0.66 sys=0.00, real=0.64 secs] 
2016-06-27T18:49:04.835+0300: 741.172: Total time for which application threads were stopped: 0.6474268 seconds, Stopping threads took: 0.0023085 seconds
2016-06-27T18:49:05.075+0300: 741.412: Total time for which application threads were stopped: 0.0025719 seconds, Stopping threads took: 0.0006513 seconds
2016-06-27T18:49:05.209+0300: 741.545: [GC (Allocation Failure) 2016-06-27T18:49:05.209+0300: 741.546: [ParNew
Desired survivor size 17432576 bytes, new threshold 1 (max 6)
- age   1:   34861472 bytes,   34861472 total
: 272640K->34048K(306688K), 0.0350095 secs] 4225153K->4218588K(5208832K), 0.0351630 secs] [Times: user=0.13 sys=0.00, real=0.03 secs] 
2016-06-27T18:49:05.244+0300: 741.581: Total time for which application threads were stopped: 0.0358340 seconds, Stopping threads took: 0.0003366 seconds
2016-06-27T18:49:05.508+0300: 741.845: Total time for which application threads were stopped: 0.0022824 seconds, Stopping threads took: 0.0009507 seconds
2016-06-27T18:49:05.518+0300: 741.855: Total time for which application threads were stopped: 0.0006582 seconds, Stopping threads took: 0.0002870 seconds
2016-06-27T18:49:05.580+0300: 741.917: [GC (Allocation Failure) 2016-06-27T18:49:05.580+0300: 741.917: [ParNew
Desired survivor size 17432576 bytes, new threshold 1 (max 6)
- age   1:   34853624 bytes,   34853624 total
: 306557K->34048K(306688K), 0.0395396 secs] 4491097K->4485637K(5208832K), 0.0396859 secs] [Times: user=0.19 sys=0.00, real=0.04 secs] 
2016-06-27T18:49:05.621+0300: 741.957: Total time for which application threads were stopped: 0.0401319 seconds, Stopping threads took: 0.0000915 seconds
2016-06-27T18:49:05.932+0300: 742.269: [GC (Allocation Failure) 2016-06-27T18:49:05.932+0300: 742.269: [ParNew
Desired survivor size 17432576 bytes, new threshold 1 (max 6)
- age   1:   34855760 bytes,   34855760 total
: 306273K->34047K(306688K), 0.0387314 secs] 4757863K->4752678K(5208832K), 0.0388960 secs] [Times: user=0.13 sys=0.00, real=0.04 secs] 
2016-06-27T18:49:05.971+0300: 742.308: Total time for which application threads were stopped: 0.0399934 seconds, Stopping threads took: 0.0007018 seconds
2016-06-27T18:49:06.311+0300: 742.647: [GC (Allocation Failure) 2016-06-27T18:49:06.311+0300: 742.647: [ParNew: 306248K->306248K(306688K), 0.0000449 secs]2016-06-27T18:49:06.311+0300: 742.647: [CMS: 4718630K->4119528K(4902144K), 0.6365301 secs] 5024878K->4119528K(5208832K), [Metaspace: 9115K->9115K(1058816K)], 0.6367376 secs] [Times: user=0.64 sys=0.00, real=0.64 secs] 
2016-06-27T18:49:06.948+0300: 743.284: Total time for which application threads were stopped: 0.6381009 seconds, Stopping threads took: 0.0009759 seconds
2016-06-27T18:49:07.237+0300: 743.574: Total time for which application threads were stopped: 0.0019103 seconds, Stopping threads took: 0.0004268 seconds
2016-06-27T18:49:07.326+0300: 743.663: [GC (Allocation Failure) 2016-06-27T18:49:07.333+0300: 743.669: [ParNew
Desired survivor size 17432576 bytes, new threshold 1 (max 6)
- age   1:   33851136 bytes,   33851136 total
: 272640K->33086K(306688K), 0.0374762 secs] 4392168K->4385626K(5208832K), 0.0435703 secs] [Times: user=0.13 sys=0.00, real=0.04 secs] 
2016-06-27T18:49:07.369+0300: 743.707: Total time for which application threads were stopped: 0.0441784 seconds, Stopping threads took: 0.0001873 seconds
2016-06-27T18:49:07.509+0300: 743.846: Total time for which application threads were stopped: 0.0019189 seconds, Stopping threads took: 0.0002707 seconds
2016-06-27T18:49:07.697+0300: 744.034: [GC (Allocation Failure) 2016-06-27T18:49:07.697+0300: 744.034: [ParNew
Desired survivor size 17432576 bytes, new threshold 1 (max 6)
- age   1:   33835688 bytes,   33835688 total
: 305535K->33066K(306688K), 0.0392570 secs] 4658075K->4653674K(5208832K), 0.0394075 secs] [Times: user=0.13 sys=0.00, real=0.04 secs] 
2016-06-27T18:49:07.737+0300: 744.073: Total time for which application threads were stopped: 0.0400776 seconds, Stopping threads took: 0.0003665 seconds
2016-06-27T18:49:08.063+0300: 744.399: [GC (Allocation Failure) 2016-06-27T18:49:08.063+0300: 744.399: [ParNew: 305548K->305548K(306688K), 0.0000449 secs]2016-06-27T18:49:08.063+0300: 744.400: [CMS: 4620608K->3975519K(4902144K), 0.6277521 secs] 4926156K->3975519K(5208832K), [Metaspace: 9115K->9115K(1058816K)], 0.6279471 secs] [Times: user=0.63 sys=0.00, real=0.63 secs] 
2016-06-27T18:49:08.691+0300: 745.027: Total time for which application threads were stopped: 0.6296616 seconds, Stopping threads took: 0.0013484 seconds
2016-06-27T18:49:08.769+0300: 745.105: Total time for which application threads were stopped: 0.0015896 seconds, Stopping threads took: 0.0001651 seconds
2016-06-27T18:49:09.056+0300: 745.393: [GC (Allocation Failure) 2016-06-27T18:49:09.056+0300: 745.393: [ParNew
Desired survivor size 17432576 bytes, new threshold 1 (max 6)
- age   1:   34852048 bytes,   34852048 total
: 272640K->34048K(306688K), 0.0370216 secs] 4248159K->4241593K(5208832K), 0.0372294 secs] [Times: user=0.09 sys=0.00, real=0.04 secs] 
2016-06-27T18:49:09.093+0300: 745.430: Total time for which application threads were stopped: 0.0380108 seconds, Stopping threads took: 0.0004251 seconds
2016-06-27T18:49:09.408+0300: 745.744: [GC (Allocation Failure) 2016-06-27T18:49:09.408+0300: 745.745: [ParNew
Desired survivor size 17432576 bytes, new threshold 1 (max 6)
- age   1:   34854232 bytes,   34854232 total
: 306391K->34047K(306688K), 0.0390350 secs] 4513936K->4508633K(5208832K), 0.0391949 secs] [Times: user=0.19 sys=0.00, real=0.04 secs] 
2016-06-27T18:49:09.447+0300: 745.784: Total time for which application threads were stopped: 0.0408705 seconds, Stopping threads took: 0.0012479 seconds
2016-06-27T18:49:09.448+0300: 745.784: [GC (CMS Initial Mark) [1 CMS-initial-mark: 4474586K(4902144K)] 4509633K(5208832K), 0.0003567 secs] [Times: user=0.00 sys=0.00, real=0.00 secs] 
2016-06-27T18:49:09.448+0300: 745.785: Total time for which application threads were stopped: 0.0006706 seconds, Stopping threads took: 0.0000530 seconds
2016-06-27T18:49:09.448+0300: 745.785: [CMS-concurrent-mark-start]
2016-06-27T18:49:09.500+0300: 745.836: [CMS-concurrent-mark: 0.052/0.052 secs] [Times: user=0.19 sys=0.00, real=0.05 secs] 
2016-06-27T18:49:09.500+0300: 745.836: [CMS-concurrent-preclean-start]
2016-06-27T18:49:09.510+0300: 745.846: [CMS-concurrent-preclean: 0.010/0.010 secs] [Times: user=0.06 sys=0.00, real=0.01 secs] 
2016-06-27T18:49:09.511+0300: 745.848: Total time for which application threads were stopped: 0.0015626 seconds, Stopping threads took: 0.0002835 seconds
2016-06-27T18:49:09.511+0300: 745.848: [CMS-concurrent-abortable-preclean-start]
2016-06-27T18:49:09.799+0300: 746.135: [GC (Allocation Failure) 2016-06-27T18:49:09.799+0300: 746.135: [ParNew
Desired survivor size 17432576 bytes, new threshold 1 (max 6)
- age   1:   34859800 bytes,   34859800 total
: 305937K->34046K(306688K), 0.0396307 secs] 4780524K->4773676K(5208832K), 0.0398206 secs] [Times: user=0.19 sys=0.00, real=0.04 secs] 
2016-06-27T18:49:09.839+0300: 746.175: Total time for which application threads were stopped: 0.0414944 seconds, Stopping threads took: 0.0012316 seconds
2016-06-27T18:49:10.071+0300: 746.407: [CMS-concurrent-abortable-preclean: 0.064/0.559 secs] [Times: user=2.17 sys=0.00, real=0.56 secs] 
2016-06-27T18:49:10.093+0300: 746.429: [GC (CMS Final Remark) [YG occupancy: 228955 K (306688 K)]2016-06-27T18:49:10.093+0300: 746.429: [Rescan (parallel) , 0.0041619 secs]2016-06-27T18:49:10.097+0300: 746.434: [weak refs processing, 0.0000261 secs]2016-06-27T18:49:10.097+0300: 746.434: [class unloading, 0.0030038 secs]2016-06-27T18:49:10.106+0300: 746.442: [scrub symbol table, 0.0009964 secs]2016-06-27T18:49:10.107+0300: 746.443: [scrub string table, 0.0003160 secs][1 CMS-remark: 4739630K(4902144K)] 4968585K(5208832K), 0.0145467 secs] [Times: user=0.01 sys=0.00, real=0.02 secs] 
2016-06-27T18:49:10.108+0300: 746.444: Total time for which application threads were stopped: 0.0172131 seconds, Stopping threads took: 0.0022670 seconds
2016-06-27T18:49:10.110+0300: 746.446: [CMS-concurrent-sweep-start]
2016-06-27T18:49:10.119+0300: 746.455: [CMS-concurrent-sweep: 0.009/0.009 secs] [Times: user=0.06 sys=0.00, real=0.01 secs] 
2016-06-27T18:49:10.119+0300: 746.455: [CMS-concurrent-reset-start]
2016-06-27T18:49:10.125+0300: 746.461: [CMS-concurrent-reset: 0.006/0.006 secs] [Times: user=0.00 sys=0.00, real=0.01 secs] 
2016-06-27T18:49:10.206+0300: 746.542: [GC (Allocation Failure) 2016-06-27T18:49:10.206+0300: 746.542: [ParNew
Desired survivor size 17432576 bytes, new threshold 1 (max 6)
- age   1:   34851096 bytes,   34851096 total
: 306670K->34041K(306688K), 0.0390414 secs] 4626213K->4620633K(5208832K), 0.0391941 secs] [Times: user=0.19 sys=0.00, real=0.04 secs] 
2016-06-27T18:49:10.245+0300: 746.582: Total time for which application threads were stopped: 0.0422031 seconds, Stopping threads took: 0.0025505 seconds
2016-06-27T18:49:10.278+0300: 746.615: [GC (CMS Initial Mark) [1 CMS-initial-mark: 4586592K(4902144K)] 4645988K(5208832K), 0.0004807 secs] [Times: user=0.00 sys=0.00, real=0.00 secs] 
2016-06-27T18:49:10.279+0300: 746.615: Total time for which application threads were stopped: 0.0017991 seconds, Stopping threads took: 0.0009233 seconds
2016-06-27T18:49:10.279+0300: 746.615: [CMS-concurrent-mark-start]
2016-06-27T18:49:10.329+0300: 746.666: [CMS-concurrent-mark: 0.051/0.051 secs] [Times: user=0.19 sys=0.00, real=0.05 secs] 
2016-06-27T18:49:10.330+0300: 746.666: [CMS-concurrent-preclean-start]
2016-06-27T18:49:10.340+0300: 746.676: [CMS-concurrent-preclean: 0.010/0.010 secs] [Times: user=0.06 sys=0.00, real=0.01 secs] 
2016-06-27T18:49:10.340+0300: 746.676: [CMS-concurrent-abortable-preclean-start]
2016-06-27T18:49:10.517+0300: 746.853: Total time for which application threads were stopped: 0.0072958 seconds, Stopping threads took: 0.0055514 seconds
2016-06-27T18:49:10.672+0300: 747.008: [GC (Allocation Failure) 2016-06-27T18:49:10.672+0300: 747.009: [ParNew
Desired survivor size 17432576 bytes, new threshold 1 (max 6)
- age   1:   34863952 bytes,   34863952 total
: 306681K->34048K(306688K), 0.0381198 secs] 4893273K->4886695K(5208832K), 0.0382930 secs] [Times: user=0.19 sys=0.00, real=0.04 secs] 
2016-06-27T18:49:10.711+0300: 747.047: Total time for which application threads were stopped: 0.0413572 seconds, Stopping threads took: 0.0026724 seconds
2016-06-27T18:49:10.833+0300: 747.169: [CMS-concurrent-abortable-preclean: 0.065/0.493 secs] [Times: user=1.97 sys=0.00, real=0.49 secs] 
2016-06-27T18:49:10.863+0300: 747.199: [GC (CMS Final Remark) [YG occupancy: 155253 K (306688 K)]2016-06-27T18:49:10.863+0300: 747.199: [Rescan (parallel) , 0.0041089 secs]2016-06-27T18:49:10.867+0300: 747.203: [weak refs processing, 0.0000624 secs]2016-06-27T18:49:10.867+0300: 747.203: [class unloading, 0.0024192 secs]2016-06-27T18:49:10.869+0300: 747.206: [scrub symbol table, 0.0013886 secs]2016-06-27T18:49:10.871+0300: 747.207: [scrub string table, 0.0003430 secs][1 CMS-remark: 4852647K(4902144K)] 5007901K(5208832K), 0.0087092 secs] [Times: user=0.06 sys=0.00, real=0.01 secs] 
2016-06-27T18:49:10.871+0300: 747.208: Total time for which application threads were stopped: 0.0118080 seconds, Stopping threads took: 0.0027639 seconds
2016-06-27T18:49:10.871+0300: 747.208: [CMS-concurrent-sweep-start]
2016-06-27T18:49:10.881+0300: 747.217: [CMS-concurrent-sweep: 0.009/0.009 secs] [Times: user=0.06 sys=0.00, real=0.01 secs] 
2016-06-27T18:49:10.881+0300: 747.217: [CMS-concurrent-reset-start]
2016-06-27T18:49:10.887+0300: 747.223: [CMS-concurrent-reset: 0.006/0.006 secs] [Times: user=0.00 sys=0.00, real=0.01 secs] 
2016-06-27T18:49:11.073+0300: 747.409: [GC (Allocation Failure) 2016-06-27T18:49:11.073+0300: 747.409: [ParNew
Desired survivor size 17432576 bytes, new threshold 1 (max 6)
- age   1:   34858248 bytes,   34858248 total
: 306154K->34048K(306688K), 0.0433517 secs] 4528376K->4523331K(5208832K), 0.0435100 secs] [Times: user=0.19 sys=0.00, real=0.04 secs] 
2016-06-27T18:49:11.116+0300: 747.453: Total time for which application threads were stopped: 0.0503259 seconds, Stopping threads took: 0.0063601 seconds
2016-06-27T18:49:11.202+0300: 747.539: [GC (CMS Initial Mark) [1 CMS-initial-mark: 4489283K(4902144K)] 4593724K(5208832K), 0.0004084 secs] [Times: user=0.00 sys=0.00, real=0.00 secs] 
2016-06-27T18:49:11.203+0300: 747.539: Total time for which application threads were stopped: 0.0032104 seconds, Stopping threads took: 0.0025227 seconds
2016-06-27T18:49:11.203+0300: 747.539: [CMS-concurrent-mark-start]
2016-06-27T18:49:11.254+0300: 747.591: [CMS-concurrent-mark: 0.051/0.051 secs] [Times: user=0.19 sys=0.00, real=0.05 secs] 
2016-06-27T18:49:11.254+0300: 747.591: [CMS-concurrent-preclean-start]
2016-06-27T18:49:11.264+0300: 747.601: [CMS-concurrent-preclean: 0.010/0.010 secs] [Times: user=0.02 sys=0.02, real=0.01 secs] 
2016-06-27T18:49:11.265+0300: 747.601: [CMS-concurrent-abortable-preclean-start]
2016-06-27T18:49:11.474+0300: 747.810: [GC (Allocation Failure) 2016-06-27T18:49:11.480+0300: 747.816: [ParNew2016-06-27T18:49:11.512+0300: 747.848: [CMS-concurrent-abortable-preclean: 0.021/0.247 secs] [Times: user=0.95 sys=0.00, real=0.25 secs] 

Desired survivor size 17432576 bytes, new threshold 1 (max 6)
- age   1:   34855328 bytes,   34855328 total
: 306575K->34048K(306688K), 0.0376520 secs] 4795858K->4791375K(5208832K), 0.0437345 secs] [Times: user=0.13 sys=0.00, real=0.04 secs] 
2016-06-27T18:49:11.518+0300: 747.854: Total time for which application threads were stopped: 0.0448802 seconds, Stopping threads took: 0.0007497 seconds
2016-06-27T18:49:11.519+0300: 747.855: [GC (CMS Final Remark) [YG occupancy: 36212 K (306688 K)]2016-06-27T18:49:11.519+0300: 747.855: [Rescan (parallel) , 0.0042530 secs]2016-06-27T18:49:11.523+0300: 747.859: [weak refs processing, 0.0000248 secs]2016-06-27T18:49:11.523+0300: 747.859: [class unloading, 0.0024813 secs]2016-06-27T18:49:11.526+0300: 747.862: [scrub symbol table, 0.0010790 secs]2016-06-27T18:49:11.527+0300: 747.863: [scrub string table, 0.0002305 secs][1 CMS-remark: 4757327K(4902144K)] 4793540K(5208832K), 0.0083807 secs] [Times: user=0.06 sys=0.00, real=0.01 secs] 
2016-06-27T18:49:11.527+0300: 747.864: Total time for which application threads were stopped: 0.0087759 seconds, Stopping threads took: 0.0000689 seconds
2016-06-27T18:49:11.763+0300: 748.099: [CMS-concurrent-sweep-start]
2016-06-27T18:49:11.772+0300: 748.108: [CMS-concurrent-sweep: 0.009/0.009 secs] [Times: user=0.06 sys=0.00, real=0.01 secs] 
2016-06-27T18:49:11.772+0300: 748.108: [CMS-concurrent-reset-start]
2016-06-27T18:49:11.778+0300: 748.114: [CMS-concurrent-reset: 0.006/0.006 secs] [Times: user=0.00 sys=0.00, real=0.01 secs] 
2016-06-27T18:49:11.806+0300: 748.142: Total time for which application threads were stopped: 0.0024466 seconds, Stopping threads took: 0.0008309 seconds
2016-06-27T18:49:11.883+0300: 748.220: [GC (Allocation Failure) 2016-06-27T18:49:11.883+0300: 748.220: [ParNew
Desired survivor size 17432576 bytes, new threshold 1 (max 6)
- age   1:   34855856 bytes,   34855856 total
: 306083K->34048K(306688K), 0.0366196 secs] 4493278K->4477305K(5208832K), 0.0367838 secs] [Times: user=0.13 sys=0.00, real=0.04 secs] 
2016-06-27T18:49:11.920+0300: 748.257: Total time for which application threads were stopped: 0.0374582 seconds, Stopping threads took: 0.0003049 seconds
2016-06-27T18:49:11.921+0300: 748.257: [GC (CMS Initial Mark) [1 CMS-initial-mark: 4443257K(4902144K)] 4478311K(5208832K), 0.0003789 secs] [Times: user=0.00 sys=0.00, real=0.00 secs] 
2016-06-27T18:49:11.921+0300: 748.258: Total time for which application threads were stopped: 0.0007386 seconds, Stopping threads took: 0.0000693 seconds
2016-06-27T18:49:11.921+0300: 748.258: [CMS-concurrent-mark-start]
2016-06-27T18:49:11.973+0300: 748.309: [CMS-concurrent-mark: 0.052/0.052 secs] [Times: user=0.19 sys=0.00, real=0.05 secs] 
2016-06-27T18:49:11.973+0300: 748.309: [CMS-concurrent-preclean-start]
2016-06-27T18:49:11.983+0300: 748.320: [CMS-concurrent-preclean: 0.010/0.010 secs] [Times: user=0.06 sys=0.00, real=0.01 secs] 
2016-06-27T18:49:11.983+0300: 748.320: [CMS-concurrent-abortable-preclean-start]
2016-06-27T18:49:12.272+0300: 748.608: [GC (Allocation Failure) 2016-06-27T18:49:12.272+0300: 748.608: [ParNew
Desired survivor size 17432576 bytes, new threshold 1 (max 6)
- age   1:   34855040 bytes,   34855040 total
: 306658K->34048K(306688K), 0.0385372 secs] 4749916K->4744348K(5208832K), 0.0386942 secs] [Times: user=0.13 sys=0.00, real=0.04 secs] 
2016-06-27T18:49:12.311+0300: 748.647: Total time for which application threads were stopped: 0.0418845 seconds, Stopping threads took: 0.0027857 seconds
2016-06-27T18:49:12.517+0300: 748.853: Total time for which application threads were stopped: 0.0034760 seconds, Stopping threads took: 0.0013309 seconds
2016-06-27T18:49:12.517+0300: 748.853: [CMS-concurrent-abortable-preclean: 0.064/0.533 secs] [Times: user=2.03 sys=0.00, real=0.53 secs] 
2016-06-27T18:49:12.684+0300: 749.020: [GC (Allocation Failure) 2016-06-27T18:49:12.684+0300: 749.020: [ParNew: 306688K->306688K(306688K), 0.0000398 secs]2016-06-27T18:49:12.684+0300: 749.020: [CMS (concurrent mode failure): 4710300K->3895181K(4902144K), 0.6500385 secs] 5016988K->3895181K(5208832K), [Metaspace: 9057K->9057K(1058816K)], 0.6502365 secs] [Times: user=0.66 sys=0.00, real=0.65 secs] 
2016-06-27T18:49:13.334+0300: 749.671: Total time for which application threads were stopped: 0.6510516 seconds, Stopping threads took: 0.0004666 seconds
2016-06-27T18:49:13.516+0300: 749.852: Total time for which application threads were stopped: 0.0021216 seconds, Stopping threads took: 0.0008027 seconds
2016-06-27T18:49:13.680+0300: 750.017: [GC (Allocation Failure) 2016-06-27T18:49:13.681+0300: 750.017: [ParNew
Desired survivor size 17432576 bytes, new threshold 1 (max 6)
- age   1:   34854344 bytes,   34854344 total
: 272234K->34047K(306688K), 0.0357562 secs] 4167415K->4162265K(5208832K), 0.0359076 secs] [Times: user=0.13 sys=0.00, real=0.04 secs] 
2016-06-27T18:49:13.716+0300: 750.053: Total time for which application threads were stopped: 0.0380989 seconds, Stopping threads took: 0.0018513 seconds
2016-06-27T18:49:14.043+0300: 750.379: [GC (Allocation Failure) 2016-06-27T18:49:14.043+0300: 750.379: [ParNew
Desired survivor size 17432576 bytes, new threshold 1 (max 6)
- age   1:   34849800 bytes,   34849800 total
: 306601K->34046K(306688K), 0.0421445 secs] 4434819K->4429307K(5208832K), 0.0423262 secs] [Times: user=0.17 sys=0.00, real=0.04 secs] 
2016-06-27T18:49:14.085+0300: 750.422: Total time for which application threads were stopped: 0.0435959 seconds, Stopping threads took: 0.0008472 seconds
2016-06-27T18:49:14.407+0300: 750.743: [GC (Allocation Failure) 2016-06-27T18:49:14.407+0300: 750.743: [ParNew
Desired survivor size 17432576 bytes, new threshold 1 (max 6)
- age   1:   34853816 bytes,   34853816 total
: 306197K->34042K(306688K), 0.0384953 secs] 4701458K->4696339K(5208832K), 0.0386638 secs] [Times: user=0.19 sys=0.00, real=0.04 secs] 
2016-06-27T18:49:14.445+0300: 750.782: Total time for which application threads were stopped: 0.0402957 seconds, Stopping threads took: 0.0012086 seconds
2016-06-27T18:49:14.516+0300: 750.853: Total time for which application threads were stopped: 0.0019664 seconds, Stopping threads took: 0.0002724 seconds
2016-06-27T18:49:14.779+0300: 751.116: [GC (Allocation Failure) 2016-06-27T18:49:14.779+0300: 751.116: [ParNew: 306387K->306387K(306688K), 0.0000372 secs]2016-06-27T18:49:14.779+0300: 751.116: [CMS: 4662296K->3958185K(4902144K), 0.6342593 secs] 4968683K->3958185K(5208832K), [Metaspace: 9057K->9057K(1058816K)], 0.6344492 secs] [Times: user=0.64 sys=0.00, real=0.63 secs] 
2016-06-27T18:49:15.414+0300: 751.750: Total time for which application threads were stopped: 0.6354999 seconds, Stopping threads took: 0.0006368 seconds
2016-06-27T18:49:15.517+0300: 751.853: Total time for which application threads were stopped: 0.0013984 seconds, Stopping threads took: 0.0002767 seconds
2016-06-27T18:49:15.526+0300: 751.862: Total time for which application threads were stopped: 0.0004029 seconds, Stopping threads took: 0.0000902 seconds
2016-06-27T18:49:15.757+0300: 752.094: [GC (Allocation Failure) 2016-06-27T18:49:15.757+0300: 752.094: [ParNew
Desired survivor size 17432576 bytes, new threshold 1 (max 6)
- age   1:   34851576 bytes,   34851576 total
: 272555K->34045K(306688K), 0.0354239 secs] 4230741K->4224242K(5208832K), 0.0416159 secs] [Times: user=0.13 sys=0.00, real=0.04 secs] 
2016-06-27T18:49:15.799+0300: 752.135: Total time for which application threads were stopped: 0.0423707 seconds, Stopping threads took: 0.0004559 seconds
2016-06-27T18:49:16.152+0300: 752.488: [GC (Allocation Failure) 2016-06-27T18:49:16.152+0300: 752.488: [ParNew
Desired survivor size 17432576 bytes, new threshold 1 (max 6)
- age   1:   34861632 bytes,   34861632 total
: 306274K->34048K(306688K), 0.0392240 secs] 4496471K->4490301K(5208832K), 0.0393861 secs] [Times: user=0.13 sys=0.00, real=0.04 secs] 
2016-06-27T18:49:16.191+0300: 752.528: Total time for which application threads were stopped: 0.0405532 seconds, Stopping threads took: 0.0007557 seconds
2016-06-27T18:49:16.382+0300: 752.719: [GC (CMS Initial Mark) [1 CMS-initial-mark: 4456253K(4902144K)] 4654637K(5208832K), 0.0004371 secs] [Times: user=0.00 sys=0.00, real=0.00 secs] 
2016-06-27T18:49:16.383+0300: 752.719: Total time for which application threads were stopped: 0.0011649 seconds, Stopping threads took: 0.0003952 seconds
2016-06-27T18:49:16.383+0300: 752.719: [CMS-concurrent-mark-start]
2016-06-27T18:49:16.433+0300: 752.770: [CMS-concurrent-mark: 0.050/0.050 secs] [Times: user=0.19 sys=0.00, real=0.05 secs] 
2016-06-27T18:49:16.433+0300: 752.770: [CMS-concurrent-preclean-start]
2016-06-27T18:49:16.443+0300: 752.780: [CMS-concurrent-preclean: 0.010/0.010 secs] [Times: user=0.06 sys=0.00, real=0.01 secs] 
2016-06-27T18:49:16.444+0300: 752.780: [CMS-concurrent-abortable-preclean-start]
2016-06-27T18:49:16.518+0300: 752.854: Total time for which application threads were stopped: 0.0025950 seconds, Stopping threads took: 0.0011115 seconds
2016-06-27T18:49:16.586+0300: 752.923: [GC (Allocation Failure) 2016-06-27T18:49:16.586+0300: 752.923: [ParNew
Desired survivor size 17432576 bytes, new threshold 1 (max 6)
- age   1:   34861752 bytes,   34861752 total
: 306688K->34048K(306688K), 0.0381609 secs] 4762941K->4755360K(5208832K), 0.0383328 secs] [Times: user=0.13 sys=0.00, real=0.04 secs] 
2016-06-27T18:49:16.624+0300: 752.961: Total time for which application threads were stopped: 0.0387523 seconds, Stopping threads took: 0.0000864 seconds
2016-06-27T18:49:16.857+0300: 753.193: [CMS-concurrent-abortable-preclean: 0.054/0.413 secs] [Times: user=1.59 sys=0.00, real=0.41 secs] 
2016-06-27T18:49:16.864+0300: 753.200: [GC (CMS Final Remark) [YG occupancy: 238194 K (306688 K)]2016-06-27T18:49:16.864+0300: 753.200: [Rescan (parallel) , 0.0041688 secs]2016-06-27T18:49:16.868+0300: 753.205: [weak refs processing, 0.0000184 secs]2016-06-27T18:49:16.868+0300: 753.205: [class unloading, 0.0019014 secs]2016-06-27T18:49:16.870+0300: 753.207: [scrub symbol table, 0.0007274 secs]2016-06-27T18:49:16.871+0300: 753.207: [scrub string table, 0.0001779 secs][1 CMS-remark: 4721312K(4902144K)] 4959506K(5208832K), 0.0072415 secs] [Times: user=0.00 sys=0.00, real=0.01 secs] 
2016-06-27T18:49:16.872+0300: 753.208: Total time for which application threads were stopped: 0.0080070 seconds, Stopping threads took: 0.0005042 seconds
2016-06-27T18:49:16.872+0300: 753.208: [CMS-concurrent-sweep-start]
2016-06-27T18:49:16.880+0300: 753.216: [CMS-concurrent-sweep: 0.009/0.009 secs] [Times: user=0.06 sys=0.00, real=0.01 secs] 
2016-06-27T18:49:16.880+0300: 753.217: [CMS-concurrent-reset-start]
2016-06-27T18:49:16.886+0300: 753.223: [CMS-concurrent-reset: 0.006/0.006 secs] [Times: user=0.00 sys=0.00, real=0.01 secs] 
2016-06-27T18:49:16.954+0300: 753.290: [GC (Allocation Failure) 2016-06-27T18:49:16.954+0300: 753.290: [ParNew
Desired survivor size 17432576 bytes, new threshold 1 (max 6)
- age   1:   34850176 bytes,   34850176 total
: 305874K->34048K(306688K), 0.0377901 secs] 4442068K->4436300K(5208832K), 0.0379197 secs] [Times: user=0.19 sys=0.00, real=0.04 secs] 
2016-06-27T18:49:16.992+0300: 753.328: Total time for which application threads were stopped: 0.0384123 seconds, Stopping threads took: 0.0002202 seconds
2016-06-27T18:49:16.992+0300: 753.328: [GC (CMS Initial Mark) [1 CMS-initial-mark: 4402252K(4902144K)] 4437300K(5208832K), 0.0003100 secs] [Times: user=0.00 sys=0.00, real=0.00 secs] 
2016-06-27T18:49:16.993+0300: 753.329: Total time for which application threads were stopped: 0.0005962 seconds, Stopping threads took: 0.0000958 seconds
2016-06-27T18:49:16.993+0300: 753.329: [CMS-concurrent-mark-start]
2016-06-27T18:49:17.044+0300: 753.380: [CMS-concurrent-mark: 0.051/0.051 secs] [Times: user=0.14 sys=0.00, real=0.05 secs] 
2016-06-27T18:49:17.044+0300: 753.380: [CMS-concurrent-preclean-start]
2016-06-27T18:49:17.054+0300: 753.391: [CMS-concurrent-preclean: 0.010/0.010 secs] [Times: user=0.06 sys=0.00, real=0.01 secs] 
2016-06-27T18:49:17.054+0300: 753.391: [CMS-concurrent-abortable-preclean-start]
2016-06-27T18:49:17.357+0300: 753.693: [GC (Allocation Failure) 2016-06-27T18:49:17.363+0300: 753.699: [ParNew2016-06-27T18:49:17.386+0300: 753.737: [CMS-concurrent-abortable-preclean: 0.032/0.346 secs] [Times: user=1.27 sys=0.00, real=0.33 secs] 

Desired survivor size 17432576 bytes, new threshold 1 (max 6)
- age   1:   34854088 bytes,   34854088 total
: 306688K->34044K(306688K), 0.0403017 secs] 4708940K->4703338K(5208832K), 0.0460413 secs] [Times: user=0.19 sys=0.00, real=0.04 secs] 
2016-06-27T18:49:17.402+0300: 753.740: Total time for which application threads were stopped: 0.0470753 seconds, Stopping threads took: 0.0004905 seconds
2016-06-27T18:49:17.516+0300: 753.854: Total time for which application threads were stopped: 0.0016798 seconds, Stopping threads took: 0.0003485 seconds
2016-06-27T18:49:17.749+0300: 754.086: [GC (Allocation Failure) 2016-06-27T18:49:17.749+0300: 754.086: [ParNew: 306684K->306684K(306688K), 0.0000244 secs]2016-06-27T18:49:17.749+0300: 754.086: [CMS (concurrent mode failure): 4669293K->3814171K(4902144K), 0.6009138 secs] 4975978K->3814171K(5208832K), [Metaspace: 9057K->9057K(1058816K)], 0.6010968 secs] [Times: user=0.61 sys=0.00, real=0.60 secs] 
2016-06-27T18:49:18.350+0300: 754.687: Total time for which application threads were stopped: 0.6017666 seconds, Stopping threads took: 0.0003733 seconds
2016-06-27T18:49:18.518+0300: 754.855: Total time for which application threads were stopped: 0.0024646 seconds, Stopping threads took: 0.0007582 seconds
2016-06-27T18:49:18.699+0300: 755.036: [GC (Allocation Failure) 2016-06-27T18:49:18.699+0300: 755.036: [ParNew
Desired survivor size 17432576 bytes, new threshold 1 (max 6)
- age   1:   34853544 bytes,   34853544 total
: 272158K->34046K(306688K), 0.0347854 secs] 4086329K->4080246K(5208832K), 0.0349552 secs] [Times: user=0.13 sys=0.00, real=0.04 secs] 
2016-06-27T18:49:18.734+0300: 755.071: Total time for which application threads were stopped: 0.0370438 seconds, Stopping threads took: 0.0017110 seconds
2016-06-27T18:49:19.074+0300: 755.410: [GC (Allocation Failure) 2016-06-27T18:49:19.074+0300: 755.410: [ParNew
Desired survivor size 17432576 bytes, new threshold 1 (max 6)
- age   1:   34862616 bytes,   34862616 total
: 305781K->34048K(306688K), 0.0392108 secs] 4351981K->4346288K(5208832K), 0.0393673 secs] [Times: user=0.13 sys=0.00, real=0.04 secs] 
2016-06-27T18:49:19.113+0300: 755.449: Total time for which application threads were stopped: 0.0422818 seconds, Stopping threads took: 0.0025069 seconds
2016-06-27T18:49:19.441+0300: 755.777: [GC (Allocation Failure) 2016-06-27T18:49:19.441+0300: 755.777: [ParNew
Desired survivor size 17432576 bytes, new threshold 1 (max 6)
- age   1:   34851296 bytes,   34851296 total
: 306270K->34048K(306688K), 0.0426641 secs] 4618510K->4613344K(5208832K), 0.0428257 secs] [Times: user=0.19 sys=0.00, real=0.04 secs] 
2016-06-27T18:49:19.484+0300: 755.820: Total time for which application threads were stopped: 0.0471976 seconds, Stopping threads took: 0.0039109 seconds
2016-06-27T18:49:19.520+0300: 755.856: Total time for which application threads were stopped: 0.0036274 seconds, Stopping threads took: 0.0016781 seconds
2016-06-27T18:49:19.817+0300: 756.154: [GC (Allocation Failure) 2016-06-27T18:49:19.817+0300: 756.154: [ParNew
Desired survivor size 17432576 bytes, new threshold 1 (max 6)
- age   1:   34859088 bytes,   34859088 total
: 305881K->34048K(306688K), 0.0378436 secs] 4885177K->4879384K(5208832K), 0.0380176 secs] [Times: user=0.13 sys=0.00, real=0.04 secs] 
2016-06-27T18:49:19.855+0300: 756.192: Total time for which application threads were stopped: 0.0411066 seconds, Stopping threads took: 0.0026754 seconds
2016-06-27T18:49:20.193+0300: 756.530: [GC (Allocation Failure) 2016-06-27T18:49:20.193+0300: 756.530: [ParNew: 306391K->306391K(306688K), 0.0000334 secs]2016-06-27T18:49:20.193+0300: 756.530: [CMS: 4845336K->3736145K(4902144K), 0.6561749 secs] 5151727K->3736145K(5208832K), [Metaspace: 9057K->9057K(1058816K)], 0.6563665 secs] [Times: user=0.66 sys=0.00, real=0.66 secs] 
2016-06-27T18:49:20.850+0300: 757.186: Total time for which application threads were stopped: 0.6638517 seconds, Stopping threads took: 0.0070717 seconds
2016-06-27T18:49:20.972+0300: 757.308: Total time for which application threads were stopped: 0.0014399 seconds, Stopping threads took: 0.0002271 seconds
2016-06-27T18:49:21.237+0300: 757.573: [GC (Allocation Failure) 2016-06-27T18:49:21.237+0300: 757.573: [ParNew
Desired survivor size 17432576 bytes, new threshold 1 (max 6)
- age   1:   34854784 bytes,   34854784 total
: 272640K->34048K(306688K), 0.0342782 secs] 4008785K->4003205K(5208832K), 0.0344450 secs] [Times: user=0.19 sys=0.00, real=0.03 secs] 
2016-06-27T18:49:21.271+0300: 757.608: Total time for which application threads were stopped: 0.0355069 seconds, Stopping threads took: 0.0006714 seconds
2016-06-27T18:49:21.519+0300: 757.855: Total time for which application threads were stopped: 0.0023166 seconds, Stopping threads took: 0.0011081 seconds
2016-06-27T18:49:21.618+0300: 757.954: [GC (Allocation Failure) 2016-06-27T18:49:21.618+0300: 757.954: [ParNew
Desired survivor size 17432576 bytes, new threshold 1 (max 6)
- age   1:   34846224 bytes,   34846224 total
: 305977K->34048K(306688K), 0.0342863 secs] 4275134K->4227241K(5208832K), 0.0344262 secs] [Times: user=0.13 sys=0.00, real=0.03 secs] 
2016-06-27T18:49:21.653+0300: 757.989: Total time for which application threads were stopped: 0.0350159 seconds, Stopping threads took: 0.0002228 seconds
2016-06-27T18:49:21.967+0300: 758.303: [GC (Allocation Failure) 2016-06-27T18:49:21.973+0300: 758.309: [ParNew
Desired survivor size 17432576 bytes, new threshold 1 (max 6)
- age   1:   34845520 bytes,   34845520 total
: 306605K->34039K(306688K), 0.0410270 secs] 4499798K->4494265K(5208832K), 0.0470544 secs] [Times: user=0.14 sys=0.00, real=0.05 secs] 
2016-06-27T18:49:22.014+0300: 758.351: Total time for which application threads were stopped: 0.0480530 seconds, Stopping threads took: 0.0006261 seconds
2016-06-27T18:49:22.340+0300: 758.676: [GC (Allocation Failure) 2016-06-27T18:49:22.340+0300: 758.676: [ParNew
Desired survivor size 17432576 bytes, new threshold 1 (max 6)
- age   1:   34846680 bytes,   34846680 total
: 306628K->34044K(306688K), 0.0389880 secs] 4766854K->4761302K(5208832K), 0.0391021 secs] [Times: user=0.13 sys=0.00, real=0.04 secs] 
2016-06-27T18:49:22.379+0300: 758.715: Total time for which application threads were stopped: 0.0404330 seconds, Stopping threads took: 0.0009947 seconds
2016-06-27T18:49:22.518+0300: 758.855: Total time for which application threads were stopped: 0.0014040 seconds, Stopping threads took: 0.0003917 seconds
2016-06-27T18:49:22.739+0300: 759.075: [GC (Allocation Failure) 2016-06-27T18:49:22.739+0300: 759.075: [ParNew: 306684K->306684K(306688K), 0.0000299 secs]2016-06-27T18:49:22.739+0300: 759.075: [CMS: 4727257K->3825148K(4902144K), 0.5949882 secs] 5033942K->3825148K(5208832K), [Metaspace: 9057K->9057K(1058816K)], 0.5951563 secs] [Times: user=0.59 sys=0.00, real=0.60 secs] 
2016-06-27T18:49:23.334+0300: 759.670: Total time for which application threads were stopped: 0.5966001 seconds, Stopping threads took: 0.0010811 seconds
2016-06-27T18:49:23.519+0300: 759.855: Total time for which application threads were stopped: 0.0015109 seconds, Stopping threads took: 0.0003327 seconds
2016-06-27T18:49:23.666+0300: 760.003: [GC (Allocation Failure) 2016-06-27T18:49:23.666+0300: 760.003: [ParNew
Desired survivor size 17432576 bytes, new threshold 1 (max 6)
- age   1:   34850072 bytes,   34850072 total
: 272354K->34048K(306688K), 0.0364186 secs] 4097503K->4093208K(5208832K), 0.0365508 secs] [Times: user=0.13 sys=0.00, real=0.04 secs] 
2016-06-27T18:49:23.703+0300: 760.039: Total time for which application threads were stopped: 0.0371948 seconds, Stopping threads took: 0.0003627 seconds
2016-06-27T18:49:24.038+0300: 760.375: [GC (Allocation Failure) 2016-06-27T18:49:24.039+0300: 760.375: [ParNew
Desired survivor size 17432576 bytes, new threshold 1 (max 6)
- age   1:   34851288 bytes,   34851288 total
: 306115K->34048K(306688K), 0.0395640 secs] 4365275K->4359247K(5208832K), 0.0396953 secs] [Times: user=0.13 sys=0.00, real=0.04 secs] 
2016-06-27T18:49:24.078+0300: 760.415: Total time for which application threads were stopped: 0.0408504 seconds, Stopping threads took: 0.0007877 seconds
2016-06-27T18:49:24.395+0300: 760.732: [GC (Allocation Failure) 2016-06-27T18:49:24.402+0300: 760.738: [ParNew
Desired survivor size 17432576 bytes, new threshold 1 (max 6)
- age   1:   34846144 bytes,   34846144 total
: 306657K->34042K(306688K), 0.0380741 secs] 4631857K->4626280K(5208832K), 0.0440899 secs] [Times: user=0.13 sys=0.00, real=0.03 secs] 
2016-06-27T18:49:24.426+0300: 760.776: Total time for which application threads were stopped: 0.0452095 seconds, Stopping threads took: 0.0007933 seconds
2016-06-27T18:49:24.426+0300: 760.777: [GC (CMS Initial Mark) [1 CMS-initial-mark: 4592237K(4902144K)] 4628280K(5208832K), 0.0003733 secs] [Times: user=0.00 sys=0.00, real=0.00 secs] 
2016-06-27T18:49:24.426+0300: 760.777: Total time for which application threads were stopped: 0.0007617 seconds, Stopping threads took: 0.0001210 seconds
2016-06-27T18:49:24.426+0300: 760.777: [CMS-concurrent-mark-start]
2016-06-27T18:49:24.491+0300: 760.828: [CMS-concurrent-mark: 0.051/0.051 secs] [Times: user=0.25 sys=0.00, real=0.06 secs] 
2016-06-27T18:49:24.491+0300: 760.828: [CMS-concurrent-preclean-start]
2016-06-27T18:49:24.501+0300: 760.838: [CMS-concurrent-preclean: 0.010/0.010 secs] [Times: user=0.00 sys=0.00, real=0.01 secs] 
2016-06-27T18:49:24.501+0300: 760.838: [CMS-concurrent-abortable-preclean-start]
2016-06-27T18:49:24.528+0300: 760.868: Total time for which application threads were stopped: 0.0016460 seconds, Stopping threads took: 0.0004063 seconds
2016-06-27T18:49:24.807+0300: 761.143: [GC (Allocation Failure) 2016-06-27T18:49:24.807+0300: 761.143: [ParNew
Desired survivor size 17432576 bytes, new threshold 1 (max 6)
- age   1:   34851744 bytes,   34851744 total
: 305992K->34045K(306688K), 0.0377935 secs] 4898230K->4891316K(5208832K), 0.0379244 secs] [Times: user=0.13 sys=0.00, real=0.04 secs] 
2016-06-27T18:49:24.845+0300: 761.181: Total time for which application threads were stopped: 0.0398694 seconds, Stopping threads took: 0.0016392 seconds
2016-06-27T18:49:24.967+0300: 761.303: [CMS-concurrent-abortable-preclean: 0.063/0.465 secs] [Times: user=1.88 sys=0.00, real=0.47 secs] 
2016-06-27T18:49:24.994+0300: 761.330: [GC (CMS Final Remark) [YG occupancy: 155360 K (306688 K)]2016-06-27T18:49:24.994+0300: 761.330: [Rescan (parallel) , 0.0042239 secs]2016-06-27T18:49:24.998+0300: 761.335: [weak refs processing, 0.0000274 secs]2016-06-27T18:49:24.998+0300: 761.335: [class unloading, 0.0020048 secs]2016-06-27T18:49:25.000+0300: 761.337: [scrub symbol table, 0.0009438 secs]2016-06-27T18:49:25.001+0300: 761.338: [scrub string table, 0.0001796 secs][1 CMS-remark: 4857270K(4902144K)] 5012631K(5208832K), 0.0076661 secs] [Times: user=0.00 sys=0.00, real=0.01 secs] 
2016-06-27T18:49:25.001+0300: 761.338: Total time for which application threads were stopped: 0.0084817 seconds, Stopping threads took: 0.0004418 seconds
2016-06-27T18:49:25.002+0300: 761.338: [CMS-concurrent-sweep-start]
2016-06-27T18:49:25.010+0300: 761.347: [CMS-concurrent-sweep: 0.009/0.009 secs] [Times: user=0.06 sys=0.00, real=0.01 secs] 
2016-06-27T18:49:25.010+0300: 761.347: [CMS-concurrent-reset-start]
2016-06-27T18:49:25.011+0300: 761.353: [CMS-concurrent-reset: 0.006/0.006 secs] [Times: user=0.00 sys=0.00, real=0.00 secs] 
2016-06-27T18:49:25.197+0300: 761.534: [GC (Allocation Failure) 2016-06-27T18:49:25.197+0300: 761.534: [ParNew
Desired survivor size 17432576 bytes, new threshold 1 (max 6)
- age   1:   34848200 bytes,   34848200 total
: 305705K->34042K(306688K), 0.0403145 secs] 4337864K->4332239K(5208832K), 0.0405262 secs] [Times: user=0.13 sys=0.00, real=0.04 secs] 
2016-06-27T18:49:25.238+0300: 761.575: Total time for which application threads were stopped: 0.0413845 seconds, Stopping threads took: 0.0003725 seconds
2016-06-27T18:49:25.239+0300: 761.575: [GC (CMS Initial Mark) [1 CMS-initial-mark: 4298196K(4902144K)] 4333239K(5208832K), 0.0004153 secs] [Times: user=0.06 sys=0.00, real=0.00 secs] 
2016-06-27T18:49:25.239+0300: 761.575: Total time for which application threads were stopped: 0.0009340 seconds, Stopping threads took: 0.0001232 seconds
2016-06-27T18:49:25.239+0300: 761.576: [CMS-concurrent-mark-start]
2016-06-27T18:49:25.290+0300: 761.626: [CMS-concurrent-mark: 0.050/0.050 secs] [Times: user=0.19 sys=0.00, real=0.05 secs] 
2016-06-27T18:49:25.290+0300: 761.626: [CMS-concurrent-preclean-start]
2016-06-27T18:49:25.300+0300: 761.636: [CMS-concurrent-preclean: 0.010/0.010 secs] [Times: user=0.00 sys=0.00, real=0.01 secs] 
2016-06-27T18:49:25.300+0300: 761.636: [CMS-concurrent-abortable-preclean-start]
2016-06-27T18:49:25.533+0300: 761.870: Total time for which application threads were stopped: 0.0023521 seconds, Stopping threads took: 0.0009699 seconds
2016-06-27T18:49:25.657+0300: 761.993: [GC (Allocation Failure) 2016-06-27T18:49:25.657+0300: 761.993: [ParNew
Desired survivor size 17432576 bytes, new threshold 1 (max 6)
- age   1:   34851504 bytes,   34851504 total
: 306682K->34047K(306688K), 0.0383371 secs] 4604879K->4598282K(5208832K), 0.0385240 secs] [Times: user=0.19 sys=0.00, real=0.04 secs] 
2016-06-27T18:49:25.695+0300: 762.032: Total time for which application threads were stopped: 0.0399339 seconds, Stopping threads took: 0.0010354 seconds
2016-06-27T18:49:25.696+0300: 762.032: Total time for which application threads were stopped: 0.0003062 seconds, Stopping threads took: 0.0000470 seconds
2016-06-27T18:49:26.019+0300: 762.355: [GC (Allocation Failure) 2016-06-27T18:49:26.019+0300: 762.355: [ParNew2016-06-27T18:49:26.051+0300: 762.387: [CMS-concurrent-abortable-preclean: 0.096/0.751 secs] [Times: user=2.94 sys=0.00, real=0.75 secs] 

Desired survivor size 17432576 bytes, new threshold 1 (max 6)
- age   1:   34847696 bytes,   34847696 total
: 305821K->34042K(306688K), 0.0414226 secs] 4870056K->4865314K(5208832K), 0.0415855 secs] [Times: user=0.13 sys=0.00, real=0.04 secs] 
2016-06-27T18:49:26.061+0300: 762.397: Total time for which application threads were stopped: 0.0463150 seconds, Stopping threads took: 0.0043313 seconds
2016-06-27T18:49:26.063+0300: 762.399: [GC (CMS Final Remark) [YG occupancy: 35042 K (306688 K)]2016-06-27T18:49:26.063+0300: 762.399: [Rescan (parallel) , 0.0043411 secs]2016-06-27T18:49:26.067+0300: 762.403: [weak refs processing, 0.0000368 secs]2016-06-27T18:49:26.067+0300: 762.403: [class unloading, 0.0030030 secs]2016-06-27T18:49:26.070+0300: 762.406: [scrub symbol table, 0.0014716 secs]2016-06-27T18:49:26.072+0300: 762.408: [scrub string table, 0.0002891 secs][1 CMS-remark: 4831272K(4902144K)] 4866314K(5208832K), 0.0095059 secs] [Times: user=0.00 sys=0.02, real=0.01 secs] 
2016-06-27T18:49:26.072+0300: 762.408: Total time for which application threads were stopped: 0.0099669 seconds, Stopping threads took: 0.0000992 seconds
2016-06-27T18:49:26.073+0300: 762.409: [CMS-concurrent-sweep-start]
2016-06-27T18:49:26.082+0300: 762.418: [CMS-concurrent-sweep: 0.009/0.009 secs] [Times: user=0.00 sys=0.00, real=0.01 secs] 
2016-06-27T18:49:26.082+0300: 762.418: [CMS-concurrent-reset-start]
2016-06-27T18:49:26.088+0300: 762.424: [CMS-concurrent-reset: 0.006/0.006 secs] [Times: user=0.06 sys=0.00, real=0.01 secs] 
2016-06-27T18:49:26.408+0300: 762.744: [GC (Allocation Failure) 2016-06-27T18:49:26.408+0300: 762.744: [ParNew
Desired survivor size 17432576 bytes, new threshold 1 (max 6)
- age   1:   34844520 bytes,   34844520 total
: 306400K->34039K(306688K), 0.0394892 secs] 4642604K->4637276K(5208832K), 0.0396448 secs] [Times: user=0.19 sys=0.00, real=0.04 secs] 
2016-06-27T18:49:26.447+0300: 762.784: Total time for which application threads were stopped: 0.0459600 seconds, Stopping threads took: 0.0059068 seconds
2016-06-27T18:49:26.590+0300: 762.926: Total time for which application threads were stopped: 0.0036214 seconds, Stopping threads took: 0.0021631 seconds
2016-06-27T18:49:26.812+0300: 763.148: [GC (Allocation Failure) 2016-06-27T18:49:26.812+0300: 763.149: [ParNew
Desired survivor size 17432576 bytes, new threshold 1 (max 6)
- age   1:   34861832 bytes,   34861832 total
: 306679K->34048K(306688K), 0.0380493 secs] 4909916K->4903316K(5208832K), 0.0382126 secs] [Times: user=0.17 sys=0.00, real=0.04 secs] 
2016-06-27T18:49:26.850+0300: 763.187: Total time for which application threads were stopped: 0.0411711 seconds, Stopping threads took: 0.0025817 seconds
2016-06-27T18:49:27.185+0300: 763.522: [GC (Allocation Failure) 2016-06-27T18:49:27.185+0300: 763.522: [ParNew: 306269K->306269K(306688K), 0.0000316 secs]2016-06-27T18:49:27.185+0300: 763.522: [CMS: 4869268K->3654131K(4902144K), 0.9033463 secs] 5175537K->3654131K(5208832K), [Metaspace: 9057K->9057K(1058816K)], 0.9035704 secs] [Times: user=0.91 sys=0.00, real=0.90 secs] 
2016-06-27T18:49:28.089+0300: 764.425: Total time for which application threads were stopped: 0.9076232 seconds, Stopping threads took: 0.0036325 seconds
2016-06-27T18:49:28.093+0300: 764.429: Total time for which application threads were stopped: 0.0022118 seconds, Stopping threads took: 0.0000851 seconds
2016-06-27T18:49:28.519+0300: 764.856: [GC (Allocation Failure) 2016-06-27T18:49:28.519+0300: 764.856: [ParNew
Desired survivor size 17432576 bytes, new threshold 1 (max 6)
- age   1:   34849376 bytes,   34849376 total
: 271871K->34048K(306688K), 0.0381998 secs] 3926003K->3918191K(5208832K), 0.0383914 secs] [Times: user=0.19 sys=0.00, real=0.04 secs] 
2016-06-27T18:49:28.558+0300: 764.894: Total time for which application threads were stopped: 0.0413495 seconds, Stopping threads took: 0.0024727 seconds
2016-06-27T18:49:28.577+0300: 764.914: Total time for which application threads were stopped: 0.0020527 seconds, Stopping threads took: 0.0003588 seconds
2016-06-27T18:49:29.005+0300: 765.342: [GC (Allocation Failure) 2016-06-27T18:49:29.006+0300: 765.342: [ParNew
Desired survivor size 17432576 bytes, new threshold 1 (max 6)
- age   1:   34853808 bytes,   34853808 total
: 306277K->34048K(306688K), 0.0382558 secs] 4190420K->4184226K(5208832K), 0.0384299 secs] [Times: user=0.13 sys=0.00, real=0.04 secs] 
2016-06-27T18:49:29.044+0300: 765.380: Total time for which application threads were stopped: 0.0431221 seconds, Stopping threads took: 0.0042744 seconds
2016-06-27T18:49:29.405+0300: 765.741: [GC (Allocation Failure) 2016-06-27T18:49:29.405+0300: 765.741: [ParNew
Desired survivor size 17432576 bytes, new threshold 1 (max 6)
- age   1:   34848392 bytes,   34848392 total
: 306561K->34036K(306688K), 0.0400952 secs] 4456739K->4450251K(5208832K), 0.0402701 secs] [Times: user=0.19 sys=0.00, real=0.04 secs] 
2016-06-27T18:49:29.445+0300: 765.781: Total time for which application threads were stopped: 0.0475701 seconds, Stopping threads took: 0.0068647 seconds
2016-06-27T18:49:29.560+0300: 765.897: Total time for which application threads were stopped: 0.0068690 seconds, Stopping threads took: 0.0051862 seconds
2016-06-27T18:49:29.800+0300: 766.136: [GC (Allocation Failure) 2016-06-27T18:49:29.800+0300: 766.136: [ParNew
Desired survivor size 17432576 bytes, new threshold 1 (max 6)
- age   1:   34852992 bytes,   34852992 total
: 306676K->34048K(306688K), 0.0378213 secs] 4722891K->4716300K(5208832K), 0.0379881 secs] [Times: user=0.17 sys=0.00, real=0.04 secs] 
2016-06-27T18:49:29.838+0300: 766.174: Total time for which application threads were stopped: 0.0393138 seconds, Stopping threads took: 0.0009605 seconds
2016-06-27T18:49:30.100+0300: 766.436: [GC (CMS Initial Mark) [1 CMS-initial-mark: 4682252K(4902144K)] 4936295K(5208832K), 0.0004503 secs] [Times: user=0.00 sys=0.00, real=0.00 secs] 
2016-06-27T18:49:30.100+0300: 766.437: Total time for which application threads were stopped: 0.0039648 seconds, Stopping threads took: 0.0031548 seconds
2016-06-27T18:49:30.100+0300: 766.437: [CMS-concurrent-mark-start]
2016-06-27T18:49:30.152+0300: 766.489: [CMS-concurrent-mark: 0.052/0.052 secs] [Times: user=0.19 sys=0.00, real=0.05 secs] 
2016-06-27T18:49:30.152+0300: 766.489: [CMS-concurrent-preclean-start]
2016-06-27T18:49:30.163+0300: 766.499: [CMS-concurrent-preclean: 0.010/0.010 secs] [Times: user=0.06 sys=0.00, real=0.01 secs] 
2016-06-27T18:49:30.163+0300: 766.499: [CMS-concurrent-abortable-preclean-start]
2016-06-27T18:49:30.163+0300: 766.499: [CMS-concurrent-abortable-preclean: 0.000/0.000 secs] [Times: user=0.00 sys=0.00, real=0.00 secs] 
2016-06-27T18:49:30.223+0300: 766.559: [GC (Allocation Failure) 2016-06-27T18:49:30.223+0300: 766.559: [ParNew: 306688K->306688K(306688K), 0.0000351 secs]2016-06-27T18:49:30.223+0300: 766.559: [CMS (concurrent mode failure): 4682252K->3618129K(4902144K), 0.5771157 secs] 4988940K->3618129K(5208832K), [Metaspace: 9057K->9057K(1058816K)], 0.5772957 secs] [Times: user=0.58 sys=0.00, real=0.58 secs] 
2016-06-27T18:49:30.800+0300: 767.136: Total time for which application threads were stopped: 0.5831734 seconds, Stopping threads took: 0.0055505 seconds
2016-06-27T18:49:30.803+0300: 767.139: Total time for which application threads were stopped: 0.0012765 seconds, Stopping threads took: 0.0000701 seconds
2016-06-27T18:49:31.115+0300: 767.451: [GC (Allocation Failure) 2016-06-27T18:49:31.115+0300: 767.451: [ParNew
Desired survivor size 17432576 bytes, new threshold 1 (max 6)
- age   1:   34847384 bytes,   34847384 total
: 272114K->34048K(306688K), 0.0403855 secs] 3890244K->3884189K(5208832K), 0.0405669 secs] [Times: user=0.09 sys=0.00, real=0.04 secs] 
2016-06-27T18:49:31.155+0300: 767.492: Total time for which application threads were stopped: 0.0420534 seconds, Stopping threads took: 0.0010478 seconds
2016-06-27T18:49:31.490+0300: 767.826: [GC (Allocation Failure) 2016-06-27T18:49:31.490+0300: 767.826: [ParNew
Desired survivor size 17432576 bytes, new threshold 1 (max 6)
- age   1:   34845096 bytes,   34845096 total
: 306171K->34047K(306688K), 0.0404236 secs] 4156313K->4151222K(5208832K), 0.0405827 secs] [Times: user=0.13 sys=0.00, real=0.04 secs] 
2016-06-27T18:49:31.531+0300: 767.867: Total time for which application threads were stopped: 0.0427295 seconds, Stopping threads took: 0.0017696 seconds
2016-06-27T18:49:31.555+0300: 767.892: Total time for which application threads were stopped: 0.0013103 seconds, Stopping threads took: 0.0000778 seconds
2016-06-27T18:49:31.867+0300: 768.204: [GC (Allocation Failure) 2016-06-27T18:49:31.867+0300: 768.204: [ParNew
Desired survivor size 17432576 bytes, new threshold 1 (max 6)
- age   1:   34852472 bytes,   34852472 total
: 306015K->34041K(306688K), 0.0372029 secs] 4423190K->4417248K(5208832K), 0.0373945 secs] [Times: user=0.13 sys=0.00, real=0.04 secs] 
2016-06-27T18:49:31.905+0300: 768.241: Total time for which application threads were stopped: 0.0385069 seconds, Stopping threads took: 0.0005718 seconds
2016-06-27T18:49:32.329+0300: 768.665: [GC (Allocation Failure) 2016-06-27T18:49:32.329+0300: 768.665: [ParNew
Desired survivor size 17432576 bytes, new threshold 1 (max 6)
- age   1:   34860992 bytes,   34860992 total
: 306681K->34046K(306688K), 0.0404210 secs] 4689888K->4683617K(5208832K), 0.0406759 secs] [Times: user=0.19 sys=0.00, real=0.04 secs] 
2016-06-27T18:49:32.369+0300: 768.706: Total time for which application threads were stopped: 0.0448113 seconds, Stopping threads took: 0.0036500 seconds
2016-06-27T18:49:32.559+0300: 768.895: Total time for which application threads were stopped: 0.0039575 seconds, Stopping threads took: 0.0026134 seconds
2016-06-27T18:49:32.806+0300: 769.142: [GC (Allocation Failure) 2016-06-27T18:49:32.806+0300: 769.142: [ParNew: 306686K->306686K(306688K), 0.0000376 secs]2016-06-27T18:49:32.806+0300: 769.142: [CMS: 4649570K->3688135K(4902144K), 0.6032903 secs] 4956257K->3688135K(5208832K), [Metaspace: 9057K->9057K(1058816K)], 0.6034853 secs] [Times: user=0.59 sys=0.00, real=0.60 secs] 
2016-06-27T18:49:33.409+0300: 769.746: Total time for which application threads were stopped: 0.6045514 seconds, Stopping threads took: 0.0006830 seconds
2016-06-27T18:49:33.556+0300: 769.893: Total time for which application threads were stopped: 0.0015353 seconds, Stopping threads took: 0.0003254 seconds
2016-06-27T18:49:33.794+0300: 770.131: [GC (Allocation Failure) 2016-06-27T18:49:33.794+0300: 770.131: [ParNew
Desired survivor size 17432576 bytes, new threshold 1 (max 6)
- age   1:   34858944 bytes,   34858944 total
: 272265K->34048K(306688K), 0.0347610 secs] 3960400K->3955205K(5208832K), 0.0348902 secs] [Times: user=0.13 sys=0.00, real=0.04 secs] 
2016-06-27T18:49:33.829+0300: 770.165: Total time for which application threads were stopped: 0.0356069 seconds, Stopping threads took: 0.0004525 seconds
2016-06-27T18:49:34.147+0300: 770.483: [GC (Allocation Failure) 2016-06-27T18:49:34.147+0300: 770.483: [ParNew
Desired survivor size 17432576 bytes, new threshold 1 (max 6)
- age   1:   34855360 bytes,   34855360 total
: 305908K->34048K(306688K), 0.0382610 secs] 4227066K->4222254K(5208832K), 0.0383957 secs] [Times: user=0.13 sys=0.00, real=0.04 secs] 
2016-06-27T18:49:34.185+0300: 770.522: Total time for which application threads were stopped: 0.0393780 seconds, Stopping threads took: 0.0005902 seconds
2016-06-27T18:49:34.518+0300: 770.855: [GC (Allocation Failure) 2016-06-27T18:49:34.519+0300: 770.855: [ParNew
Desired survivor size 17432576 bytes, new threshold 1 (max 6)
- age   1:   34854832 bytes,   34854832 total
: 306579K->34048K(306688K), 0.0388212 secs] 4494786K->4489298K(5208832K), 0.0389756 secs] [Times: user=0.19 sys=0.00, real=0.04 secs] 
2016-06-27T18:49:34.558+0300: 770.894: Total time for which application threads were stopped: 0.0402166 seconds, Stopping threads took: 0.0009088 seconds
2016-06-27T18:49:34.879+0300: 771.215: [GC (Allocation Failure) 2016-06-27T18:49:34.879+0300: 771.215: [ParNew
Desired survivor size 17432576 bytes, new threshold 1 (max 6)
- age   1:   34846464 bytes,   34846464 total
: 306387K->34038K(306688K), 0.0384902 secs] 4761638K->4756332K(5208832K), 0.0386801 secs] [Times: user=0.17 sys=0.00, real=0.04 secs] 
2016-06-27T18:49:34.918+0300: 771.254: Total time for which application threads were stopped: 0.0395388 seconds, Stopping threads took: 0.0005363 seconds
2016-06-27T18:49:35.248+0300: 771.585: [GC (Allocation Failure) 2016-06-27T18:49:35.248+0300: 771.585: [ParNew: 306379K->306379K(306688K), 0.0000423 secs]2016-06-27T18:49:35.248+0300: 771.585: [CMS: 4722294K->3763143K(4902144K), 0.6965561 secs] 5028674K->3763143K(5208832K), [Metaspace: 9057K->9057K(1058816K)], 0.6967747 secs] [Times: user=0.69 sys=0.00, real=0.69 secs] 
2016-06-27T18:49:35.941+0300: 772.282: Total time for which application threads were stopped: 0.6986880 seconds, Stopping threads took: 0.0014527 seconds
2016-06-27T18:49:36.317+0300: 772.653: Total time for which application threads were stopped: 0.0030680 seconds, Stopping threads took: 0.0016460 seconds
2016-06-27T18:49:36.368+0300: 772.704: [GC (Allocation Failure) 2016-06-27T18:49:36.368+0300: 772.705: [ParNew
Desired survivor size 17432576 bytes, new threshold 1 (max 6)
- age   1:   34857576 bytes,   34857576 total
: 272640K->34047K(306688K), 0.0350655 secs] 4035783K->4029248K(5208832K), 0.0352225 secs] [Times: user=0.13 sys=0.00, real=0.04 secs] 
2016-06-27T18:49:36.403+0300: 772.740: Total time for which application threads were stopped: 0.0356937 seconds, Stopping threads took: 0.0000855 seconds
2016-06-27T18:49:36.566+0300: 772.902: Total time for which application threads were stopped: 0.0041217 seconds, Stopping threads took: 0.0030415 seconds
2016-06-27T18:49:36.576+0300: 772.912: Total time for which application threads were stopped: 0.0006103 seconds, Stopping threads took: 0.0003691 seconds
2016-06-27T18:49:36.748+0300: 773.084: [GC (Allocation Failure) 2016-06-27T18:49:36.748+0300: 773.084: [ParNew
Desired survivor size 17432576 bytes, new threshold 1 (max 6)
- age   1:   34854496 bytes,   34854496 total
: 306687K->34047K(306688K), 0.0376186 secs] 4301888K->4272293K(5208832K), 0.0377662 secs] [Times: user=0.13 sys=0.00, real=0.04 secs] 
2016-06-27T18:49:36.785+0300: 773.122: Total time for which application threads were stopped: 0.0389987 seconds, Stopping threads took: 0.0009143 seconds
2016-06-27T18:49:37.104+0300: 773.441: [GC (Allocation Failure) 2016-06-27T18:49:37.104+0300: 773.441: [ParNew
Desired survivor size 17432576 bytes, new threshold 1 (max 6)
- age   1:   34849632 bytes,   34849632 total
: 305752K->34047K(306688K), 0.0382815 secs] 4543997K->4529333K(5208832K), 0.0384744 secs] [Times: user=0.11 sys=0.02, real=0.04 secs] 
2016-06-27T18:49:37.143+0300: 773.479: Total time for which application threads were stopped: 0.0395148 seconds, Stopping threads took: 0.0006932 seconds
2016-06-27T18:49:37.479+0300: 773.816: [GC (Allocation Failure) 2016-06-27T18:49:37.479+0300: 773.816: [ParNew
Desired survivor size 17432576 bytes, new threshold 1 (max 6)
- age   1:   34858344 bytes,   34858344 total
: 306187K->34048K(306688K), 0.0378654 secs] 4801474K->4796373K(5208832K), 0.0380266 secs] [Times: user=0.13 sys=0.00, real=0.04 secs] 
2016-06-27T18:49:37.517+0300: 773.854: Total time for which application threads were stopped: 0.0391907 seconds, Stopping threads took: 0.0007646 seconds
2016-06-27T18:49:37.564+0300: 773.900: Total time for which application threads were stopped: 0.0015477 seconds, Stopping threads took: 0.0001484 seconds
2016-06-27T18:49:37.854+0300: 774.191: [GC (Allocation Failure) 2016-06-27T18:49:37.861+0300: 774.197: [ParNew: 305792K->305792K(306688K), 0.0000355 secs]2016-06-27T18:49:37.861+0300: 774.197: [CMS: 4762325K->3701135K(4902144K), 0.5638003 secs] 5068118K->3701135K(5208832K), [Metaspace: 9057K->9057K(1058816K)], 0.5698276 secs] [Times: user=0.56 sys=0.00, real=0.57 secs] 
2016-06-27T18:49:38.424+0300: 774.761: Total time for which application threads were stopped: 0.5706573 seconds, Stopping threads took: 0.0004644 seconds
2016-06-27T18:49:38.565+0300: 774.901: Total time for which application threads were stopped: 0.0015712 seconds, Stopping threads took: 0.0004200 seconds
2016-06-27T18:49:38.772+0300: 775.108: [GC (Allocation Failure) 2016-06-27T18:49:38.772+0300: 775.108: [ParNew
Desired survivor size 17432576 bytes, new threshold 1 (max 6)
- age   1:   34849120 bytes,   34849120 total
: 272461K->34039K(306688K), 0.0360017 secs] 3973597K->3967187K(5208832K), 0.0361603 secs] [Times: user=0.13 sys=0.00, real=0.04 secs] 
2016-06-27T18:49:38.808+0300: 775.144: Total time for which application threads were stopped: 0.0369626 seconds, Stopping threads took: 0.0004041 seconds
2016-06-27T18:49:39.139+0300: 775.476: [GC (Allocation Failure) 2016-06-27T18:49:39.140+0300: 775.476: [ParNew
Desired survivor size 17432576 bytes, new threshold 1 (max 6)
- age   1:   34861104 bytes,   34861104 total
: 305700K->34048K(306688K), 0.0387318 secs] 4238848K->4234245K(5208832K), 0.0389097 secs] [Times: user=0.19 sys=0.00, real=0.04 secs] 
2016-06-27T18:49:39.178+0300: 775.515: Total time for which application threads were stopped: 0.0402016 seconds, Stopping threads took: 0.0008596 seconds
2016-06-27T18:49:39.179+0300: 775.516: [GC (CMS Initial Mark) [1 CMS-initial-mark: 4200197K(4902144K)] 4235245K(5208832K), 0.0003973 secs] [Times: user=0.00 sys=0.00, real=0.00 secs] 
2016-06-27T18:49:39.180+0300: 775.516: Total time for which application threads were stopped: 0.0008472 seconds, Stopping threads took: 0.0000744 seconds
2016-06-27T18:49:39.180+0300: 775.516: [CMS-concurrent-mark-start]
2016-06-27T18:49:39.230+0300: 775.566: [CMS-concurrent-mark: 0.050/0.050 secs] [Times: user=0.17 sys=0.00, real=0.05 secs] 
2016-06-27T18:49:39.230+0300: 775.566: [CMS-concurrent-preclean-start]
2016-06-27T18:49:39.240+0300: 775.576: [CMS-concurrent-preclean: 0.010/0.010 secs] [Times: user=0.05 sys=0.00, real=0.01 secs] 
2016-06-27T18:49:39.240+0300: 775.577: [CMS-concurrent-abortable-preclean-start]
2016-06-27T18:49:39.549+0300: 775.885: [GC (Allocation Failure) 2016-06-27T18:49:39.549+0300: 775.885: [ParNew2016-06-27T18:49:39.581+0300: 775.917: [CMS-concurrent-abortable-preclean: 0.032/0.340 secs] [Times: user=1.30 sys=0.00, real=0.34 secs] 

Desired survivor size 17432576 bytes, new threshold 1 (max 6)
- age   1:   34858984 bytes,   34858984 total
: 306515K->34048K(306688K), 0.0393164 secs] 4506713K->4501295K(5208832K), 0.0394819 secs] [Times: user=0.19 sys=0.00, real=0.04 secs] 
2016-06-27T18:49:39.588+0300: 775.925: Total time for which application threads were stopped: 0.0439962 seconds, Stopping threads took: 0.0040764 seconds
2016-06-27T18:49:39.589+0300: 775.925: [GC (CMS Final Remark) [YG occupancy: 35048 K (306688 K)]2016-06-27T18:49:39.589+0300: 775.925: [Rescan (parallel) , 0.0042252 secs]2016-06-27T18:49:39.593+0300: 775.929: [weak refs processing, 0.0000227 secs]2016-06-27T18:49:39.593+0300: 775.929: [class unloading, 0.0028426 secs]2016-06-27T18:49:39.596+0300: 775.932: [scrub symbol table, 0.0012000 secs]2016-06-27T18:49:39.603+0300: 775.940: [scrub string table, 0.0002053 secs][1 CMS-remark: 4467247K(4902144K)] 4502295K(5208832K), 0.0148636 secs] [Times: user=0.00 sys=0.00, real=0.01 secs] 
2016-06-27T18:49:39.603+0300: 775.940: Total time for which application threads were stopped: 0.0153002 seconds, Stopping threads took: 0.0000723 seconds
2016-06-27T18:49:39.604+0300: 775.940: [CMS-concurrent-sweep-start]
2016-06-27T18:49:39.612+0300: 775.949: [CMS-concurrent-sweep: 0.009/0.009 secs] [Times: user=0.00 sys=0.00, real=0.01 secs] 
2016-06-27T18:49:39.612+0300: 775.949: [CMS-concurrent-reset-start]
2016-06-27T18:49:39.618+0300: 775.955: [CMS-concurrent-reset: 0.006/0.006 secs] [Times: user=0.06 sys=0.00, real=0.01 secs] 
2016-06-27T18:49:39.923+0300: 776.259: [GC (Allocation Failure) 2016-06-27T18:49:39.923+0300: 776.259: [ParNew
Desired survivor size 17432576 bytes, new threshold 1 (max 6)
- age   1:   34848000 bytes,   34848000 total
: 305888K->34041K(306688K), 0.0383764 secs] 4398054K->4393255K(5208832K), 0.0385505 secs] [Times: user=0.19 sys=0.00, real=0.04 secs] 
2016-06-27T18:49:39.961+0300: 776.298: Total time for which application threads were stopped: 0.0394862 seconds, Stopping threads took: 0.0004653 seconds
2016-06-27T18:49:40.190+0300: 776.526: [GC (CMS Initial Mark) [1 CMS-initial-mark: 4359214K(4902144K)] 4580747K(5208832K), 0.0004952 secs] [Times: user=0.00 sys=0.00, real=0.00 secs] 
2016-06-27T18:49:40.191+0300: 776.527: Total time for which application threads were stopped: 0.0040371 seconds, Stopping threads took: 0.0031013 seconds
2016-06-27T18:49:40.191+0300: 776.527: [CMS-concurrent-mark-start]
2016-06-27T18:49:40.241+0300: 776.578: [CMS-concurrent-mark: 0.051/0.051 secs] [Times: user=0.22 sys=0.00, real=0.05 secs] 
2016-06-27T18:49:40.241+0300: 776.578: [CMS-concurrent-preclean-start]
2016-06-27T18:49:40.252+0300: 776.589: [CMS-concurrent-preclean: 0.011/0.011 secs] [Times: user=0.00 sys=0.00, real=0.01 secs] 
2016-06-27T18:49:40.252+0300: 776.589: [CMS-concurrent-abortable-preclean-start]
2016-06-27T18:49:40.401+0300: 776.737: [GC (Allocation Failure) 2016-06-27T18:49:40.401+0300: 776.737: [ParNew
Desired survivor size 17432576 bytes, new threshold 1 (max 6)
- age   1:   34849080 bytes,   34849080 total
: 306681K->34048K(306688K), 0.0409492 secs] 4665895K->4660295K(5208832K), 0.0411138 secs] [Times: user=0.14 sys=0.00, real=0.04 secs] 
2016-06-27T18:49:40.442+0300: 776.779: Total time for which application threads were stopped: 0.0429835 seconds, Stopping threads took: 0.0011517 seconds
2016-06-27T18:49:40.770+0300: 777.106: [GC (Allocation Failure) 2016-06-27T18:49:40.770+0300: 777.106: [ParNew: 306311K->306311K(306688K), 0.0000325 secs]2016-06-27T18:49:40.770+0300: 777.107: [CMS2016-06-27T18:49:40.771+0300: 777.107: [CMS-concurrent-abortable-preclean: 0.065/0.518 secs] [Times: user=1.99 sys=0.00, real=0.52 secs] 
 (concurrent mode failure): 4626247K->3757137K(4902144K), 0.5836892 secs] 4932559K->3757137K(5208832K), [Metaspace: 9057K->9057K(1058816K)], 0.5838645 secs] [Times: user=0.58 sys=0.00, real=0.58 secs] 
2016-06-27T18:49:41.354+0300: 777.690: Total time for which application threads were stopped: 0.5898666 seconds, Stopping threads took: 0.0056296 seconds
2016-06-27T18:49:41.687+0300: 778.023: [GC (Allocation Failure) 2016-06-27T18:49:41.687+0300: 778.023: [ParNew
Desired survivor size 17432576 bytes, new threshold 1 (max 6)
- age   1:   34846432 bytes,   34846432 total
: 272526K->34040K(306688K), 0.0352986 secs] 4029663K->4024189K(5208832K), 0.0355167 secs] [Times: user=0.13 sys=0.00, real=0.03 secs] 
2016-06-27T18:49:41.722+0300: 778.059: Total time for which application threads were stopped: 0.0369720 seconds, Stopping threads took: 0.0010422 seconds
2016-06-27T18:49:42.052+0300: 778.388: [GC (Allocation Failure) 2016-06-27T18:49:42.052+0300: 778.388: [ParNew
Desired survivor size 17432576 bytes, new threshold 1 (max 6)
- age   1:   34845568 bytes,   34845568 total
: 306229K->34045K(306688K), 0.0385321 secs] 4296378K->4291227K(5208832K), 0.0386942 secs] [Times: user=0.13 sys=0.00, real=0.04 secs] 
2016-06-27T18:49:42.091+0300: 778.427: Total time for which application threads were stopped: 0.0423019 seconds, Stopping threads took: 0.0031719 seconds
2016-06-27T18:49:42.091+0300: 778.427: [GC (CMS Initial Mark) [1 CMS-initial-mark: 4257182K(4902144K)] 4292227K(5208832K), 0.0004088 secs] [Times: user=0.00 sys=0.00, real=0.00 secs] 
2016-06-27T18:49:42.092+0300: 778.428: Total time for which application threads were stopped: 0.0008698 seconds, Stopping threads took: 0.0000800 seconds
2016-06-27T18:49:42.092+0300: 778.428: [CMS-concurrent-mark-start]
2016-06-27T18:49:42.142+0300: 778.479: [CMS-concurrent-mark: 0.051/0.051 secs] [Times: user=0.19 sys=0.00, real=0.05 secs] 
2016-06-27T18:49:42.142+0300: 778.479: [CMS-concurrent-preclean-start]
2016-06-27T18:49:42.152+0300: 778.489: [CMS-concurrent-preclean: 0.010/0.010 secs] [Times: user=0.06 sys=0.00, real=0.01 secs] 
2016-06-27T18:49:42.152+0300: 778.489: [CMS-concurrent-abortable-preclean-start]
2016-06-27T18:49:42.466+0300: 778.803: [GC (Allocation Failure) 2016-06-27T18:49:42.466+0300: 778.803: [ParNew2016-06-27T18:49:42.498+0300: 778.835: [CMS-concurrent-abortable-preclean: 0.032/0.346 secs] [Times: user=1.31 sys=0.00, real=0.35 secs] 

Desired survivor size 17432576 bytes, new threshold 1 (max 6)
- age   1:   34851632 bytes,   34851632 total
: 305746K->34043K(306688K), 0.0402175 secs] 4562929K->4557258K(5208832K), 0.0403945 secs] [Times: user=0.19 sys=0.00, real=0.04 secs] 
2016-06-27T18:49:42.507+0300: 778.843: Total time for which application threads were stopped: 0.0439145 seconds, Stopping threads took: 0.0030539 seconds
2016-06-27T18:49:42.508+0300: 778.845: [GC (CMS Final Remark) [YG occupancy: 35043 K (306688 K)]2016-06-27T18:49:42.508+0300: 778.845: [Rescan (parallel) , 0.0042269 secs]2016-06-27T18:49:42.513+0300: 778.849: [weak refs processing, 0.0000304 secs]2016-06-27T18:49:42.513+0300: 778.849: [class unloading, 0.0023371 secs]2016-06-27T18:49:42.515+0300: 778.852: [scrub symbol table, 0.0017504 secs]2016-06-27T18:49:42.517+0300: 778.853: [scrub string table, 0.0003507 secs][1 CMS-remark: 4523214K(4902144K)] 4558258K(5208832K), 0.0090244 secs] [Times: user=0.00 sys=0.00, real=0.01 secs] 
2016-06-27T18:49:42.517+0300: 778.854: Total time for which application threads were stopped: 0.0094892 seconds, Stopping threads took: 0.0000629 seconds
2016-06-27T18:49:42.518+0300: 778.854: [CMS-concurrent-sweep-start]
2016-06-27T18:49:42.526+0300: 778.863: [CMS-concurrent-sweep: 0.009/0.009 secs] [Times: user=0.06 sys=0.00, real=0.01 secs] 
2016-06-27T18:49:42.526+0300: 778.863: [CMS-concurrent-reset-start]
2016-06-27T18:49:42.532+0300: 778.869: [CMS-concurrent-reset: 0.006/0.006 secs] [Times: user=0.00 sys=0.00, real=0.01 secs] 
2016-06-27T18:49:42.842+0300: 779.178: [GC (Allocation Failure) 2016-06-27T18:49:42.842+0300: 779.178: [ParNew
Desired survivor size 17432576 bytes, new threshold 1 (max 6)
- age   1:   34844560 bytes,   34844560 total
: 306374K->34033K(306688K), 0.0388379 secs] 4439536K->4434233K(5208832K), 0.0390089 secs] [Times: user=0.19 sys=0.00, real=0.04 secs] 
2016-06-27T18:49:42.881+0300: 779.217: Total time for which application threads were stopped: 0.0415364 seconds, Stopping threads took: 0.0020596 seconds
2016-06-27T18:49:42.881+0300: 779.217: [GC (CMS Initial Mark) [1 CMS-initial-mark: 4400200K(4902144K)] 4435233K(5208832K), 0.0003943 secs] [Times: user=0.00 sys=0.00, real=0.00 secs] 
2016-06-27T18:49:42.882+0300: 779.218: Total time for which application threads were stopped: 0.0008305 seconds, Stopping threads took: 0.0000599 seconds
2016-06-27T18:49:42.882+0300: 779.218: [CMS-concurrent-mark-start]
2016-06-27T18:49:42.932+0300: 779.268: [CMS-concurrent-mark: 0.050/0.050 secs] [Times: user=0.19 sys=0.00, real=0.05 secs] 
2016-06-27T18:49:42.932+0300: 779.268: [CMS-concurrent-preclean-start]
2016-06-27T18:49:42.942+0300: 779.278: [CMS-concurrent-preclean: 0.010/0.010 secs] [Times: user=0.00 sys=0.00, real=0.01 secs] 
2016-06-27T18:49:42.942+0300: 779.278: [CMS-concurrent-abortable-preclean-start]
2016-06-27T18:49:43.231+0300: 779.568: [GC (Allocation Failure) 2016-06-27T18:49:43.231+0300: 779.568: [ParNew
Desired survivor size 17432576 bytes, new threshold 1 (max 6)
- age   1:   34846240 bytes,   34846240 total
: 306387K->34043K(306688K), 0.0389337 secs] 4706587K->4701275K(5208832K), 0.0390940 secs] [Times: user=0.19 sys=0.00, real=0.04 secs] 
2016-06-27T18:49:43.271+0300: 779.607: Total time for which application threads were stopped: 0.0428946 seconds, Stopping threads took: 0.0033058 seconds
2016-06-27T18:49:43.614+0300: 779.950: [CMS-concurrent-abortable-preclean: 0.074/0.671 secs] [Times: user=2.61 sys=0.00, real=0.67 secs] 
2016-06-27T18:49:43.643+0300: 779.980: [GC (Allocation Failure) 2016-06-27T18:49:43.643+0300: 779.980: [ParNew: 306683K->306683K(306688K), 0.0000372 secs]2016-06-27T18:49:43.643+0300: 779.980: [CMS (concurrent mode failure): 4667231K->3753134K(4902144K), 0.6838215 secs] 4973915K->3753134K(5208832K), [Metaspace: 9057K->9057K(1058816K)], 0.6840212 secs] [Times: user=0.69 sys=0.00, real=0.68 secs] 
2016-06-27T18:49:44.327+0300: 780.664: Total time for which application threads were stopped: 0.6861004 seconds, Stopping threads took: 0.0016653 seconds
2016-06-27T18:49:44.644+0300: 780.980: [GC (Allocation Failure) 2016-06-27T18:49:44.644+0300: 780.980: [ParNew
Desired survivor size 17432576 bytes, new threshold 1 (max 6)
- age   1:   34853288 bytes,   34853288 total
: 272212K->34048K(306688K), 0.0360196 secs] 4025346K->4020194K(5208832K), 0.0361719 secs] [Times: user=0.19 sys=0.00, real=0.04 secs] 
2016-06-27T18:49:44.680+0300: 781.016: Total time for which application threads were stopped: 0.0371499 seconds, Stopping threads took: 0.0006351 seconds
2016-06-27T18:49:45.001+0300: 781.337: [GC (Allocation Failure) 2016-06-27T18:49:45.001+0300: 781.337: [ParNew
Desired survivor size 17432576 bytes, new threshold 1 (max 6)
- age   1:   34843168 bytes,   34843168 total
: 306399K->34034K(306688K), 0.0383272 secs] 4292545K->4287220K(5208832K), 0.0384726 secs] [Times: user=0.19 sys=0.00, real=0.04 secs] 
2016-06-27T18:49:45.039+0300: 781.375: Total time for which application threads were stopped: 0.0397376 seconds, Stopping threads took: 0.0008780 seconds
2016-06-27T18:49:45.356+0300: 781.692: [GC (Allocation Failure) 2016-06-27T18:49:45.356+0300: 781.693: [ParNew
Desired survivor size 17432576 bytes, new threshold 1 (max 6)
- age   1:   34842088 bytes,   34842088 total
: 305973K->34042K(306688K), 0.0392219 secs] 4559159K->4554258K(5208832K), 0.0393814 secs] [Times: user=0.19 sys=0.00, real=0.04 secs] 
2016-06-27T18:49:45.396+0300: 781.732: Total time for which application threads were stopped: 0.0409736 seconds, Stopping threads took: 0.0010713 seconds
2016-06-27T18:49:45.649+0300: 781.985: Total time for which application threads were stopped: 0.0020391 seconds, Stopping threads took: 0.0007296 seconds
2016-06-27T18:49:45.792+0300: 782.128: [GC (Allocation Failure) 2016-06-27T18:49:45.792+0300: 782.128: [ParNew
Desired survivor size 17432576 bytes, new threshold 1 (max 6)
- age   1:   34860544 bytes,   34860544 total
: 306682K->34048K(306688K), 0.0390021 secs] 4826898K->4819295K(5208832K), 0.0391719 secs] [Times: user=0.13 sys=0.00, real=0.04 secs] 
2016-06-27T18:49:45.831+0300: 782.167: Total time for which application threads were stopped: 0.0398758 seconds, Stopping threads took: 0.0002775 seconds
2016-06-27T18:49:46.155+0300: 782.491: [GC (Allocation Failure) 2016-06-27T18:49:46.155+0300: 782.491: [ParNew: 306574K->306574K(306688K), 0.0000359 secs]2016-06-27T18:49:46.155+0300: 782.491: [CMS: 4785247K->3736135K(4902144K), 0.5829309 secs] 5091821K->3736135K(5208832K), [Metaspace: 9057K->9057K(1058816K)], 0.5831358 secs] [Times: user=0.58 sys=0.00, real=0.58 secs] 
2016-06-27T18:49:46.737+0300: 783.074: Total time for which application threads were stopped: 0.5847780 seconds, Stopping threads took: 0.0012150 seconds
2016-06-27T18:49:47.059+0300: 783.396: Total time for which application threads were stopped: 0.0030676 seconds, Stopping threads took: 0.0013907 seconds
2016-06-27T18:49:47.132+0300: 783.468: [GC (Allocation Failure) 2016-06-27T18:49:47.132+0300: 783.469: [ParNew
Desired survivor size 17432576 bytes, new threshold 1 (max 6)
- age   1:   34862176 bytes,   34862176 total
: 272640K->34048K(306688K), 0.0362869 secs] 4008775K->4002204K(5208832K), 0.0364669 secs] [Times: user=0.13 sys=0.00, real=0.04 secs] 
2016-06-27T18:49:47.169+0300: 783.505: Total time for which application threads were stopped: 0.0369455 seconds, Stopping threads took: 0.0000791 seconds
2016-06-27T18:49:47.474+0300: 783.810: [GC (Allocation Failure) 2016-06-27T18:49:47.474+0300: 783.811: [ParNew
Desired survivor size 17432576 bytes, new threshold 1 (max 6)
- age   1:   34854664 bytes,   34854664 total
: 306367K->34048K(306688K), 0.0382511 secs] 4274524K->4269257K(5208832K), 0.0383987 secs] [Times: user=0.13 sys=0.00, real=0.04 secs] 
2016-06-27T18:49:47.513+0300: 783.849: Total time for which application threads were stopped: 0.0395140 seconds, Stopping threads took: 0.0007578 seconds
2016-06-27T18:49:47.610+0300: 783.946: Total time for which application threads were stopped: 0.0021866 seconds, Stopping threads took: 0.0005979 seconds
2016-06-27T18:49:47.863+0300: 784.199: [GC (Allocation Failure) 2016-06-27T18:49:47.863+0300: 784.199: [ParNew
Desired survivor size 17432576 bytes, new threshold 1 (max 6)
- age   1:   34860936 bytes,   34860936 total
: 306325K->34048K(306688K), 0.0378821 secs] 4541534K->4534301K(5208832K), 0.0380232 secs] [Times: user=0.17 sys=0.00, real=0.04 secs] 
2016-06-27T18:49:47.901+0300: 784.237: Total time for which application threads were stopped: 0.0388870 seconds, Stopping threads took: 0.0004961 seconds
2016-06-27T18:49:48.241+0300: 784.577: [GC (Allocation Failure) 2016-06-27T18:49:48.247+0300: 784.583: [ParNew
Desired survivor size 17432576 bytes, new threshold 1 (max 6)
- age   1:   34851832 bytes,   34851832 total
: 306034K->34048K(306688K), 0.0375305 secs] 4806288K->4801350K(5208832K), 0.0434984 secs] [Times: user=0.11 sys=0.02, real=0.04 secs] 
2016-06-27T18:49:48.284+0300: 784.621: Total time for which application threads were stopped: 0.0455277 seconds, Stopping threads took: 0.0016525 seconds
2016-06-27T18:49:48.610+0300: 784.946: [GC (Allocation Failure) 2016-06-27T18:49:48.610+0300: 784.946: [ParNew: 306507K->306507K(306688K), 0.0000466 secs]2016-06-27T18:49:48.610+0300: 784.947: [CMS: 4767302K->3823147K(4902144K), 0.5824674 secs] 5073810K->3823147K(5208832K), [Metaspace: 9057K->9057K(1058816K)], 0.5826889 secs] [Times: user=0.59 sys=0.00, real=0.58 secs] 
2016-06-27T18:49:49.193+0300: 785.529: Total time for which application threads were stopped: 0.5842361 seconds, Stopping threads took: 0.0011303 seconds
2016-06-27T18:49:49.529+0300: 785.866: [GC (Allocation Failure) 2016-06-27T18:49:49.529+0300: 785.866: [ParNew
Desired survivor size 17432576 bytes, new threshold 1 (max 6)
- age   1:   34849600 bytes,   34849600 total
: 272361K->34036K(306688K), 0.0358524 secs] 4095508K->4090195K(5208832K), 0.0360346 secs] [Times: user=0.13 sys=0.00, real=0.04 secs] 
2016-06-27T18:49:49.565+0300: 785.902: Total time for which application threads were stopped: 0.0373445 seconds, Stopping threads took: 0.0008476 seconds
2016-06-27T18:49:49.892+0300: 786.228: Total time for which application threads were stopped: 0.0025048 seconds, Stopping threads took: 0.0009216 seconds
2016-06-27T18:49:49.956+0300: 786.292: [GC (Allocation Failure) 2016-06-27T18:49:49.956+0300: 786.292: [ParNew
Desired survivor size 17432576 bytes, new threshold 1 (max 6)
- age   1:   34864296 bytes,   34864296 total
: 306676K->34048K(306688K), 0.0387763 secs] 4362835K->4356266K(5208832K), 0.0389473 secs] [Times: user=0.17 sys=0.00, real=0.04 secs] 
2016-06-27T18:49:49.995+0300: 786.331: Total time for which application threads were stopped: 0.0394216 seconds, Stopping threads took: 0.0000966 seconds
2016-06-27T18:49:50.323+0300: 786.659: [GC (Allocation Failure) 2016-06-27T18:49:50.323+0300: 786.659: [ParNew
Desired survivor size 17432576 bytes, new threshold 1 (max 6)
- age   1:   34854000 bytes,   34854000 total
: 306625K->34048K(306688K), 0.0390350 secs] 4628844K->4623314K(5208832K), 0.0391958 secs] [Times: user=0.13 sys=0.00, real=0.04 secs] 
2016-06-27T18:49:50.362+0300: 786.698: Total time for which application threads were stopped: 0.0414731 seconds, Stopping threads took: 0.0018787 seconds
2016-06-27T18:49:50.591+0300: 786.928: Total time for which application threads were stopped: 0.0039798 seconds, Stopping threads took: 0.0024479 seconds
2016-06-27T18:49:50.729+0300: 787.066: [GC (Allocation Failure) 2016-06-27T18:49:50.729+0300: 787.066: [ParNew
Desired survivor size 17432576 bytes, new threshold 1 (max 6)
- age   1:   34860736 bytes,   34860736 total
: 306688K->34048K(306688K), 0.0375066 secs] 4895954K->4889358K(5208832K), 0.0376721 secs] [Times: user=0.13 sys=0.00, real=0.04 secs] 
2016-06-27T18:49:50.767+0300: 787.103: Total time for which application threads were stopped: 0.0385676 seconds, Stopping threads took: 0.0005448 seconds
2016-06-27T18:49:51.093+0300: 787.430: [GC (Allocation Failure) 2016-06-27T18:49:51.093+0300: 787.430: [ParNew: 306136K->306136K(306688K), 0.0000475 secs]2016-06-27T18:49:51.093+0300: 787.430: [CMS: 4855310K->3716140K(4902144K), 0.6758850 secs] 5161447K->3716140K(5208832K), [Metaspace: 9057K->9057K(1058816K)], 0.6761006 secs] [Times: user=0.67 sys=0.00, real=0.68 secs] 
2016-06-27T18:49:51.770+0300: 788.106: Total time for which application threads were stopped: 0.6808698 seconds, Stopping threads took: 0.0043933 seconds
2016-06-27T18:49:51.773+0300: 788.109: Total time for which application threads were stopped: 0.0017880 seconds, Stopping threads took: 0.0000616 seconds
2016-06-27T18:49:52.132+0300: 788.468: [GC (Allocation Failure) 2016-06-27T18:49:52.132+0300: 788.468: [ParNew
Desired survivor size 17432576 bytes, new threshold 1 (max 6)
- age   1:   34854440 bytes,   34854440 total
: 272640K->34048K(306688K), 0.0349813 secs] 3988780K->3982210K(5208832K), 0.0351399 secs] [Times: user=0.13 sys=0.00, real=0.04 secs] 
2016-06-27T18:49:52.167+0300: 788.503: Total time for which application threads were stopped: 0.0364631 seconds, Stopping threads took: 0.0008874 seconds
2016-06-27T18:49:52.483+0300: 788.819: [GC (Allocation Failure) 2016-06-27T18:49:52.483+0300: 788.819: [ParNew
Desired survivor size 17432576 bytes, new threshold 1 (max 6)
- age   1:   34856056 bytes,   34856056 total
: 306042K->34048K(306688K), 0.0391911 secs] 4254205K->4249254K(5208832K), 0.0393301 secs] [Times: user=0.19 sys=0.00, real=0.04 secs] 
2016-06-27T18:49:52.522+0300: 788.859: Total time for which application threads were stopped: 0.0413585 seconds, Stopping threads took: 0.0016653 seconds
2016-06-27T18:49:52.522+0300: 788.859: [GC (CMS Initial Mark) [1 CMS-initial-mark: 4215206K(4902144K)] 4250254K(5208832K), 0.0003485 secs] [Times: user=0.00 sys=0.00, real=0.00 secs] 
2016-06-27T18:49:52.523+0300: 788.859: Total time for which application threads were stopped: 0.0006659 seconds, Stopping threads took: 0.0000736 seconds
2016-06-27T18:49:52.523+0300: 788.859: [CMS-concurrent-mark-start]
2016-06-27T18:49:52.573+0300: 788.910: [CMS-concurrent-mark: 0.050/0.050 secs] [Times: user=0.19 sys=0.00, real=0.05 secs] 
2016-06-27T18:49:52.573+0300: 788.910: [CMS-concurrent-preclean-start]
2016-06-27T18:49:52.583+0300: 788.920: [CMS-concurrent-preclean: 0.010/0.010 secs] [Times: user=0.06 sys=0.00, real=0.01 secs] 
2016-06-27T18:49:52.583+0300: 788.920: [CMS-concurrent-abortable-preclean-start]
2016-06-27T18:49:52.596+0300: 788.932: Total time for which application threads were stopped: 0.0021357 seconds, Stopping threads took: 0.0003652 seconds
2016-06-27T18:49:52.879+0300: 789.215: [GC (Allocation Failure) 2016-06-27T18:49:52.879+0300: 789.215: [ParNew
Desired survivor size 17432576 bytes, new threshold 1 (max 6)
- age   1:   34862048 bytes,   34862048 total
: 305744K->34048K(306688K), 0.0383358 secs] 4520951K->4515298K(5208832K), 0.0384756 secs] [Times: user=0.19 sys=0.00, real=0.04 secs] 
2016-06-27T18:49:52.917+0300: 789.254: Total time for which application threads were stopped: 0.0395208 seconds, Stopping threads took: 0.0005936 seconds
2016-06-27T18:49:53.261+0300: 789.598: [CMS-concurrent-abortable-preclean: 0.090/0.678 secs] [Times: user=2.53 sys=0.00, real=0.68 secs] 
2016-06-27T18:49:53.278+0300: 789.614: [GC (CMS Final Remark) [YG occupancy: 291454 K (306688 K)]2016-06-27T18:49:53.278+0300: 789.614: [Rescan (parallel) , 0.0041718 secs]2016-06-27T18:49:53.282+0300: 789.619: [weak refs processing, 0.0000261 secs]2016-06-27T18:49:53.282+0300: 789.619: [class unloading, 0.0024941 secs]2016-06-27T18:49:53.285+0300: 789.621: [scrub symbol table, 0.0012671 secs]2016-06-27T18:49:53.286+0300: 789.623: [scrub string table, 0.0001950 secs][1 CMS-remark: 4481250K(4902144K)] 4772705K(5208832K), 0.0084688 secs] [Times: user=0.02 sys=0.00, real=0.01 secs] 
2016-06-27T18:49:53.286+0300: 789.623: Total time for which application threads were stopped: 0.0108038 seconds, Stopping threads took: 0.0019732 seconds
2016-06-27T18:49:53.286+0300: 789.623: [CMS-concurrent-sweep-start]
2016-06-27T18:49:53.295+0300: 789.632: [CMS-concurrent-sweep: 0.009/0.009 secs] [Times: user=0.00 sys=0.00, real=0.01 secs] 
2016-06-27T18:49:53.295+0300: 789.632: [CMS-concurrent-reset-start]
2016-06-27T18:49:53.301+0300: 789.638: [CMS-concurrent-reset: 0.006/0.006 secs] [Times: user=0.06 sys=0.00, real=0.01 secs] 
2016-06-27T18:49:53.310+0300: 789.646: [GC (Allocation Failure) 2016-06-27T18:49:53.310+0300: 789.646: [ParNew
Desired survivor size 17432576 bytes, new threshold 1 (max 6)
- age   1:   34856968 bytes,   34856968 total
: 306256K->34048K(306688K), 0.0380484 secs] 4367419K->4361263K(5208832K), 0.0381797 secs] [Times: user=0.13 sys=0.00, real=0.04 secs] 
2016-06-27T18:49:53.348+0300: 789.684: Total time for which application threads were stopped: 0.0385894 seconds, Stopping threads took: 0.0001026 seconds
2016-06-27T18:49:53.348+0300: 789.684: [GC (CMS Initial Mark) [1 CMS-initial-mark: 4327215K(4902144K)] 4362263K(5208832K), 0.0003502 secs] [Times: user=0.06 sys=0.00, real=0.00 secs] 
2016-06-27T18:49:53.349+0300: 789.685: Total time for which application threads were stopped: 0.0006419 seconds, Stopping threads took: 0.0000680 seconds
2016-06-27T18:49:53.349+0300: 789.685: [CMS-concurrent-mark-start]
2016-06-27T18:49:53.399+0300: 789.735: [CMS-concurrent-mark: 0.050/0.050 secs] [Times: user=0.19 sys=0.00, real=0.05 secs] 
2016-06-27T18:49:53.399+0300: 789.735: [CMS-concurrent-preclean-start]
2016-06-27T18:49:53.409+0300: 789.745: [CMS-concurrent-preclean: 0.010/0.010 secs] [Times: user=0.00 sys=0.00, real=0.01 secs] 
2016-06-27T18:49:53.409+0300: 789.745: [CMS-concurrent-abortable-preclean-start]
2016-06-27T18:49:53.591+0300: 789.927: Total time for which application threads were stopped: 0.0020707 seconds, Stopping threads took: 0.0004666 seconds
2016-06-27T18:49:53.601+0300: 789.937: Total time for which application threads were stopped: 0.0007873 seconds, Stopping threads took: 0.0001912 seconds
2016-06-27T18:49:53.742+0300: 790.078: [GC (Allocation Failure) 2016-06-27T18:49:53.742+0300: 790.078: [ParNew
Desired survivor size 17432576 bytes, new threshold 1 (max 6)
- age   1:   33844408 bytes,   33844408 total
: 306688K->33071K(306688K), 0.0376571 secs] 4633903K->4626331K(5208832K), 0.0377940 secs] [Times: user=0.13 sys=0.00, real=0.04 secs] 
2016-06-27T18:49:53.780+0300: 790.116: Total time for which application threads were stopped: 0.0385009 seconds, Stopping threads took: 0.0003177 seconds
2016-06-27T18:49:54.117+0300: 790.453: [GC (Allocation Failure) 2016-06-27T18:49:54.117+0300: 790.453: [ParNew2016-06-27T18:49:54.149+0300: 790.485: [CMS-concurrent-abortable-preclean: 0.086/0.740 secs] [Times: user=2.91 sys=0.00, real=0.74 secs] 

Desired survivor size 17432576 bytes, new threshold 1 (max 6)
- age   1:   33832112 bytes,   33832112 total
: 305249K->33060K(306688K), 0.0382520 secs] 4898509K->4893377K(5208832K), 0.0384085 secs] [Times: user=0.13 sys=0.00, real=0.04 secs] 
2016-06-27T18:49:54.156+0300: 790.492: Total time for which application threads were stopped: 0.0402949 seconds, Stopping threads took: 0.0015092 seconds
2016-06-27T18:49:54.156+0300: 790.492: [GC (CMS Final Remark) [YG occupancy: 34077 K (306688 K)]2016-06-27T18:49:54.156+0300: 790.492: [Rescan (parallel) , 0.0043185 secs]2016-06-27T18:49:54.161+0300: 790.497: [weak refs processing, 0.0000304 secs]2016-06-27T18:49:54.161+0300: 790.497: [class unloading, 0.0020994 secs]2016-06-27T18:49:54.163+0300: 790.499: [scrub symbol table, 0.0007428 secs]2016-06-27T18:49:54.163+0300: 790.500: [scrub string table, 0.0001847 secs][1 CMS-remark: 4860316K(4902144K)] 4894393K(5208832K), 0.0076294 secs] [Times: user=0.02 sys=0.00, real=0.01 secs] 
2016-06-27T18:49:54.164+0300: 790.500: Total time for which application threads were stopped: 0.0080083 seconds, Stopping threads took: 0.0000500 seconds
2016-06-27T18:49:54.164+0300: 790.500: [CMS-concurrent-sweep-start]
2016-06-27T18:49:54.173+0300: 790.509: [CMS-concurrent-sweep: 0.009/0.009 secs] [Times: user=0.00 sys=0.00, real=0.01 secs] 
2016-06-27T18:49:54.173+0300: 790.509: [CMS-concurrent-reset-start]
2016-06-27T18:49:54.179+0300: 790.515: [CMS-concurrent-reset: 0.006/0.006 secs] [Times: user=0.06 sys=0.00, real=0.01 secs] 
2016-06-27T18:49:54.492+0300: 790.829: [GC (Allocation Failure) 2016-06-27T18:49:54.498+0300: 790.834: [ParNew
Desired survivor size 17432576 bytes, new threshold 1 (max 6)
- age   1:   34856928 bytes,   34856928 total
: 304898K->34048K(306688K), 0.0407927 secs] 4505109K->4500307K(5208832K), 0.0468376 secs] [Times: user=0.19 sys=0.00, real=0.05 secs] 
2016-06-27T18:49:54.539+0300: 790.875: Total time for which application threads were stopped: 0.0501643 seconds, Stopping threads took: 0.0029718 seconds
2016-06-27T18:49:54.539+0300: 790.876: [GC (CMS Initial Mark) [1 CMS-initial-mark: 4466259K(4902144K)] 4501307K(5208832K), 0.0003682 secs] [Times: user=0.00 sys=0.00, real=0.00 secs] 
2016-06-27T18:49:54.540+0300: 790.876: Total time for which application threads were stopped: 0.0006757 seconds, Stopping threads took: 0.0000706 seconds
2016-06-27T18:49:54.540+0300: 790.876: [CMS-concurrent-mark-start]
2016-06-27T18:49:54.588+0300: 790.924: [CMS-concurrent-mark: 0.048/0.048 secs] [Times: user=0.19 sys=0.00, real=0.05 secs] 
2016-06-27T18:49:54.588+0300: 790.924: [CMS-concurrent-preclean-start]
2016-06-27T18:49:54.593+0300: 790.930: Total time for which application threads were stopped: 0.0016751 seconds, Stopping threads took: 0.0003780 seconds
2016-06-27T18:49:54.600+0300: 790.936: [CMS-concurrent-preclean: 0.010/0.012 secs] [Times: user=0.05 sys=0.00, real=0.01 secs] 
2016-06-27T18:49:54.600+0300: 790.936: [CMS-concurrent-abortable-preclean-start]
2016-06-27T18:49:54.899+0300: 791.236: [GC (Allocation Failure) 2016-06-27T18:49:54.900+0300: 791.236: [ParNew2016-06-27T18:49:54.932+0300: 791.268: [CMS-concurrent-abortable-preclean: 0.032/0.331 secs] [Times: user=1.31 sys=0.00, real=0.33 secs] 

Desired survivor size 17432576 bytes, new threshold 1 (max 6)
- age   1:   34858568 bytes,   34858568 total
: 305917K->34048K(306688K), 0.0385659 secs] 4772176K->4766357K(5208832K), 0.0386865 secs] [Times: user=0.13 sys=0.00, real=0.04 secs] 
2016-06-27T18:49:54.938+0300: 791.274: Total time for which application threads were stopped: 0.0409158 seconds, Stopping threads took: 0.0019206 seconds
2016-06-27T18:49:54.938+0300: 791.275: [GC (CMS Final Remark) [YG occupancy: 35048 K (306688 K)]2016-06-27T18:49:54.939+0300: 791.275: [Rescan (parallel) , 0.0042492 secs]2016-06-27T18:49:54.943+0300: 791.279: [weak refs processing, 0.0000188 secs]2016-06-27T18:49:54.943+0300: 791.279: [class unloading, 0.0020985 secs]2016-06-27T18:49:54.945+0300: 791.281: [scrub symbol table, 0.0007565 secs]2016-06-27T18:49:54.946+0300: 791.282: [scrub string table, 0.0001826 secs][1 CMS-remark: 4732309K(4902144K)] 4767357K(5208832K), 0.0075528 secs] [Times: user=0.06 sys=0.00, real=0.01 secs] 
2016-06-27T18:49:54.946+0300: 791.282: Total time for which application threads were stopped: 0.0078847 seconds, Stopping threads took: 0.0000693 seconds
2016-06-27T18:49:54.946+0300: 791.282: [CMS-concurrent-sweep-start]
2016-06-27T18:49:54.955+0300: 791.291: [CMS-concurrent-sweep: 0.009/0.009 secs] [Times: user=0.00 sys=0.00, real=0.01 secs] 
2016-06-27T18:49:54.955+0300: 791.291: [CMS-concurrent-reset-start]
2016-06-27T18:49:54.961+0300: 791.298: [CMS-concurrent-reset: 0.006/0.006 secs] [Times: user=0.06 sys=0.00, real=0.01 secs] 
2016-06-27T18:49:55.290+0300: 791.627: [GC (Allocation Failure) 2016-06-27T18:49:55.290+0300: 791.627: [ParNew
Desired survivor size 17432576 bytes, new threshold 1 (max 6)
- age   1:   34849904 bytes,   34849904 total
: 306278K->34048K(306688K), 0.0382041 secs] 4377452K->4372267K(5208832K), 0.0383858 secs] [Times: user=0.13 sys=0.00, real=0.04 secs] 
2016-06-27T18:49:55.328+0300: 791.665: Total time for which application threads were stopped: 0.0397680 seconds, Stopping threads took: 0.0009092 seconds
2016-06-27T18:49:55.329+0300: 791.665: [GC (CMS Initial Mark) [1 CMS-initial-mark: 4338219K(4902144K)] 4373267K(5208832K), 0.0004217 secs] [Times: user=0.00 sys=0.00, real=0.00 secs] 
2016-06-27T18:49:55.329+0300: 791.666: Total time for which application threads were stopped: 0.0008797 seconds, Stopping threads took: 0.0000766 seconds
2016-06-27T18:49:55.329+0300: 791.666: [CMS-concurrent-mark-start]
2016-06-27T18:49:55.377+0300: 791.713: [CMS-concurrent-mark: 0.047/0.047 secs] [Times: user=0.17 sys=0.00, real=0.05 secs] 
2016-06-27T18:49:55.377+0300: 791.713: [CMS-concurrent-preclean-start]
2016-06-27T18:49:55.387+0300: 791.723: [CMS-concurrent-preclean: 0.010/0.010 secs] [Times: user=0.06 sys=0.00, real=0.01 secs] 
2016-06-27T18:49:55.387+0300: 791.723: [CMS-concurrent-abortable-preclean-start]
2016-06-27T18:49:55.593+0300: 791.929: Total time for which application threads were stopped: 0.0035427 seconds, Stopping threads took: 0.0019813 seconds
2016-06-27T18:49:55.704+0300: 792.040: [CMS-concurrent-abortable-preclean: 0.033/0.317 secs] [Times: user=1.25 sys=0.00, real=0.32 secs] 
2016-06-27T18:49:55.758+0300: 792.095: [GC (Allocation Failure) 2016-06-27T18:49:55.759+0300: 792.095: [ParNew
Desired survivor size 17432576 bytes, new threshold 1 (max 6)
- age   1:   34859856 bytes,   34859856 total
: 306688K->34048K(306688K), 0.0383589 secs] 4644907K->4638305K(5208832K), 0.0385163 secs] [Times: user=0.13 sys=0.00, real=0.04 secs] 
2016-06-27T18:49:55.797+0300: 792.133: Total time for which application threads were stopped: 0.0407358 seconds, Stopping threads took: 0.0018774 seconds
2016-06-27T18:49:56.128+0300: 792.465: [GC (Allocation Failure) 2016-06-27T18:49:56.128+0300: 792.465: [ParNew
Desired survivor size 17432576 bytes, new threshold 1 (max 6)
- age   1:   34841896 bytes,   34841896 total
: 306604K->34040K(306688K), 0.0388879 secs] 4910862K->4906344K(5208832K), 0.0390487 secs] [Times: user=0.17 sys=0.00, real=0.04 secs] 
2016-06-27T18:49:56.168+0300: 792.504: Total time for which application threads were stopped: 0.0415620 seconds, Stopping threads took: 0.0020656 seconds
2016-06-27T18:49:56.495+0300: 792.831: [GC (Allocation Failure) 2016-06-27T18:49:56.495+0300: 792.832: [ParNew: 306627K->306627K(306688K), 0.0000338 secs]2016-06-27T18:49:56.495+0300: 792.832: [CMS (concurrent mode failure): 4872303K->3765141K(4902144K), 0.6727867 secs] 5178930K->3765141K(5208832K), [Metaspace: 9057K->9057K(1058816K)], 0.6729851 secs] [Times: user=0.67 sys=0.00, real=0.67 secs] 
2016-06-27T18:49:57.168+0300: 793.505: Total time for which application threads were stopped: 0.6752897 seconds, Stopping threads took: 0.0019022 seconds
2016-06-27T18:49:57.336+0300: 793.672: Total time for which application threads were stopped: 0.0026168 seconds, Stopping threads took: 0.0007433 seconds
2016-06-27T18:49:57.555+0300: 793.891: [GC (Allocation Failure) 2016-06-27T18:49:57.555+0300: 793.892: [ParNew
Desired survivor size 17432576 bytes, new threshold 1 (max 6)
- age   1:   34857976 bytes,   34857976 total
: 272640K->34048K(306688K), 0.0347298 secs] 4037781K->4031202K(5208832K), 0.0348940 secs] [Times: user=0.13 sys=0.00, real=0.03 secs] 
2016-06-27T18:49:57.590+0300: 793.926: Total time for which application threads were stopped: 0.0368920 seconds, Stopping threads took: 0.0016294 seconds
2016-06-27T18:49:57.915+0300: 794.252: [GC (Allocation Failure) 2016-06-27T18:49:57.916+0300: 794.252: [ParNew
Desired survivor size 17432576 bytes, new threshold 1 (max 6)
- age   1:   34847808 bytes,   34847808 total
: 305839K->34047K(306688K), 0.0385791 secs] 4302993K->4297242K(5208832K), 0.0387348 secs] [Times: user=0.13 sys=0.00, real=0.04 secs] 
2016-06-27T18:49:57.954+0300: 794.291: Total time for which application threads were stopped: 0.0408021 seconds, Stopping threads took: 0.0016751 seconds
2016-06-27T18:49:58.289+0300: 794.625: [GC (Allocation Failure) 2016-06-27T18:49:58.289+0300: 794.625: [ParNew
Desired survivor size 17432576 bytes, new threshold 1 (max 6)
- age   1:   34853600 bytes,   34853600 total
: 305923K->34048K(306688K), 0.0390025 secs] 4569118K->4564277K(5208832K), 0.0391701 secs] [Times: user=0.13 sys=0.00, real=0.04 secs] 
2016-06-27T18:49:58.328+0300: 794.664: Total time for which application threads were stopped: 0.0428723 seconds, Stopping threads took: 0.0032784 seconds
2016-06-27T18:49:58.594+0300: 794.931: Total time for which application threads were stopped: 0.0042864 seconds, Stopping threads took: 0.0028747 seconds
2016-06-27T18:49:58.718+0300: 795.054: [GC (Allocation Failure) 2016-06-27T18:49:58.718+0300: 795.054: [ParNew
Desired survivor size 17432576 bytes, new threshold 1 (max 6)
- age   1:   34851504 bytes,   34851504 total
: 306688K->34048K(306688K), 0.0387121 secs] 4836917K->4830316K(5208832K), 0.0388875 secs] [Times: user=0.19 sys=0.00, real=0.04 secs] 
2016-06-27T18:49:58.757+0300: 795.093: Total time for which application threads were stopped: 0.0396051 seconds, Stopping threads took: 0.0003502 seconds
2016-06-27T18:49:59.094+0300: 795.430: [GC (Allocation Failure) 2016-06-27T18:49:59.094+0300: 795.430: [ParNew: 306294K->306294K(306688K), 0.0000287 secs]2016-06-27T18:49:59.094+0300: 795.430: [CMS: 4796268K->3747143K(4902144K), 0.7215611 secs] 5102563K->3747143K(5208832K), [Metaspace: 9057K->9057K(1058816K)], 0.7217484 secs] [Times: user=0.72 sys=0.00, real=0.72 secs] 
2016-06-27T18:49:59.815+0300: 796.152: Total time for which application threads were stopped: 0.7266788 seconds, Stopping threads took: 0.0045400 seconds
2016-06-27T18:49:59.818+0300: 796.155: Total time for which application threads were stopped: 0.0014429 seconds, Stopping threads took: 0.0000676 seconds
2016-06-27T18:50:00.164+0300: 796.500: [GC (Allocation Failure) 2016-06-27T18:50:00.164+0300: 796.500: [ParNew
Desired survivor size 17432576 bytes, new threshold 1 (max 6)
- age   1:   34855016 bytes,   34855016 total
: 272640K->34048K(306688K), 0.0352652 secs] 4019783K->4013202K(5208832K), 0.0354602 secs] [Times: user=0.13 sys=0.00, real=0.03 secs] 
2016-06-27T18:50:00.199+0300: 796.536: Total time for which application threads were stopped: 0.0414423 seconds, Stopping threads took: 0.0055424 seconds
2016-06-27T18:50:00.522+0300: 796.858: [GC (Allocation Failure) 2016-06-27T18:50:00.522+0300: 796.858: [ParNew
Desired survivor size 17432576 bytes, new threshold 1 (max 6)
- age   1:   34846592 bytes,   34846592 total
: 305839K->34037K(306688K), 0.0397351 secs] 4284994K->4280233K(5208832K), 0.0398813 secs] [Times: user=0.13 sys=0.00, real=0.04 secs] 
2016-06-27T18:50:00.562+0300: 796.898: Total time for which application threads were stopped: 0.0436404 seconds, Stopping threads took: 0.0033554 seconds
2016-06-27T18:50:00.592+0300: 796.929: Total time for which application threads were stopped: 0.0018359 seconds, Stopping threads took: 0.0000667 seconds
2016-06-27T18:50:00.911+0300: 797.247: [GC (Allocation Failure) 2016-06-27T18:50:00.917+0300: 797.253: [ParNew
Desired survivor size 17432576 bytes, new threshold 1 (max 6)
- age   1:   34847072 bytes,   34847072 total
: 305935K->34047K(306688K), 0.0395875 secs] 4552131K->4546276K(5208832K), 0.0457038 secs] [Times: user=0.13 sys=0.00, real=0.05 secs] 
2016-06-27T18:50:00.956+0300: 797.293: Total time for which application threads were stopped: 0.0490554 seconds, Stopping threads took: 0.0029816 seconds
2016-06-27T18:50:01.293+0300: 797.629: [GC (Allocation Failure) 2016-06-27T18:50:01.293+0300: 797.629: [ParNew
Desired survivor size 17432576 bytes, new threshold 1 (max 6)
- age   1:   34850352 bytes,   34850352 total
: 305867K->34048K(306688K), 0.0382614 secs] 4818096K->4813311K(5208832K), 0.0384243 secs] [Times: user=0.13 sys=0.00, real=0.04 secs] 
2016-06-27T18:50:01.331+0300: 797.668: Total time for which application threads were stopped: 0.0419071 seconds, Stopping threads took: 0.0030411 seconds
2016-06-27T18:50:01.594+0300: 797.931: Total time for which application threads were stopped: 0.0038241 seconds, Stopping threads took: 0.0023303 seconds
2016-06-27T18:50:01.745+0300: 798.081: [GC (Allocation Failure) 2016-06-27T18:50:01.745+0300: 798.081: [ParNew: 306688K->306688K(306688K), 0.0000312 secs]2016-06-27T18:50:01.745+0300: 798.082: [CMS: 4779263K->3639131K(4902144K), 0.5817861 secs] 5085951K->3639131K(5208832K), [Metaspace: 9057K->9057K(1058816K)], 0.5819969 secs] [Times: user=0.58 sys=0.00, real=0.58 secs] 
2016-06-27T18:50:02.327+0300: 798.664: Total time for which application threads were stopped: 0.5840386 seconds, Stopping threads took: 0.0016832 seconds
2016-06-27T18:50:02.593+0300: 798.929: Total time for which application threads were stopped: 0.0017731 seconds, Stopping threads took: 0.0003528 seconds
2016-06-27T18:50:02.688+0300: 799.024: [GC (Allocation Failure) 2016-06-27T18:50:02.688+0300: 799.024: [ParNew
Desired survivor size 17432576 bytes, new threshold 1 (max 6)
- age   1:   34849032 bytes,   34849032 total
: 271956K->34048K(306688K), 0.0356728 secs] 3911088K->3906191K(5208832K), 0.0358203 secs] [Times: user=0.17 sys=0.00, real=0.04 secs] 
2016-06-27T18:50:02.724+0300: 799.060: Total time for which application threads were stopped: 0.0365469 seconds, Stopping threads took: 0.0003768 seconds
2016-06-27T18:50:03.052+0300: 799.389: [GC (Allocation Failure) 2016-06-27T18:50:03.053+0300: 799.389: [ParNew
Desired survivor size 17432576 bytes, new threshold 1 (max 6)
- age   1:   34844872 bytes,   34844872 total
: 306225K->34040K(306688K), 0.0399677 secs] 4178368K->4173219K(5208832K), 0.0401721 secs] [Times: user=0.13 sys=0.00, real=0.04 secs] 
2016-06-27T18:50:03.093+0300: 799.429: Total time for which application threads were stopped: 0.0411656 seconds, Stopping threads took: 0.0004482 seconds
2016-06-27T18:50:03.416+0300: 799.752: [GC (Allocation Failure) 2016-06-27T18:50:03.422+0300: 799.758: [ParNew
Desired survivor size 17432576 bytes, new threshold 1 (max 6)
- age   1:   34845384 bytes,   34845384 total
: 305700K->34036K(306688K), 0.0393198 secs] 4444879K->4439246K(5208832K), 0.0453083 secs] [Times: user=0.19 sys=0.00, real=0.05 secs] 
2016-06-27T18:50:03.461+0300: 799.798: Total time for which application threads were stopped: 0.0464676 seconds, Stopping threads took: 0.0008378 seconds
2016-06-27T18:50:03.607+0300: 799.944: Total time for which application threads were stopped: 0.0018813 seconds, Stopping threads took: 0.0003708 seconds
2016-06-27T18:50:03.824+0300: 800.161: [GC (Allocation Failure) 2016-06-27T18:50:03.824+0300: 800.161: [ParNew
Desired survivor size 17432576 bytes, new threshold 1 (max 6)
- age   1:   34861088 bytes,   34861088 total
: 306676K->34048K(306688K), 0.0381515 secs] 4711886K->4705289K(5208832K), 0.0382926 secs] [Times: user=0.13 sys=0.00, real=0.04 secs] 
2016-06-27T18:50:03.862+0300: 800.199: Total time for which application threads were stopped: 0.0390632 seconds, Stopping threads took: 0.0004105 seconds
2016-06-27T18:50:04.206+0300: 800.542: [GC (Allocation Failure) 2016-06-27T18:50:04.206+0300: 800.542: [ParNew: 306500K->306500K(306688K), 0.0000364 secs]2016-06-27T18:50:04.206+0300: 800.542: [CMS: 4671241K->3696138K(4902144K), 0.8104388 secs] 4977742K->3696138K(5208832K), [Metaspace: 9057K->9057K(1058816K)], 0.8106672 secs] [Times: user=0.78 sys=0.00, real=0.81 secs] 
2016-06-27T18:50:05.017+0300: 801.353: Total time for which application threads were stopped: 0.8116965 seconds, Stopping threads took: 0.0005636 seconds
2016-06-27T18:50:05.021+0300: 801.358: Total time for which application threads were stopped: 0.0024804 seconds, Stopping threads took: 0.0000689 seconds
2016-06-27T18:50:05.383+0300: 801.719: Total time for which application threads were stopped: 0.0048081 seconds, Stopping threads took: 0.0039229 seconds
2016-06-27T18:50:05.496+0300: 801.832: [GC (Allocation Failure) 2016-06-27T18:50:05.496+0300: 801.832: [ParNew
Desired survivor size 17432576 bytes, new threshold 1 (max 6)
- age   1:   34853160 bytes,   34853160 total
: 272640K->34048K(306688K), 0.0379997 secs] 3968778K->3961198K(5208832K), 0.0381857 secs] [Times: user=0.13 sys=0.00, real=0.04 secs] 
2016-06-27T18:50:05.534+0300: 801.871: Total time for which application threads were stopped: 0.0451522 seconds, Stopping threads took: 0.0064841 seconds
2016-06-27T18:50:05.599+0300: 801.936: Total time for which application threads were stopped: 0.0067437 seconds, Stopping threads took: 0.0044579 seconds
2016-06-27T18:50:05.976+0300: 802.312: [GC (Allocation Failure) 2016-06-27T18:50:05.976+0300: 802.312: [ParNew
Desired survivor size 17432576 bytes, new threshold 1 (max 6)
- age   1:   34855992 bytes,   34855992 total
: 306513K->34046K(306688K), 0.0390551 secs] 4233663K->4227513K(5208832K), 0.0392082 secs] [Times: user=0.13 sys=0.00, real=0.04 secs] 
2016-06-27T18:50:06.015+0300: 802.351: Total time for which application threads were stopped: 0.0495275 seconds, Stopping threads took: 0.0099164 seconds
2016-06-27T18:50:06.076+0300: 802.413: [GC (CMS Initial Mark) [1 CMS-initial-mark: 4193466K(4902144K)] 4264487K(5208832K), 0.0006274 secs] [Times: user=0.00 sys=0.00, real=0.00 secs] 
2016-06-27T18:50:06.077+0300: 802.413: Total time for which application threads were stopped: 0.0104604 seconds, Stopping threads took: 0.0095003 seconds
2016-06-27T18:50:06.077+0300: 802.413: [CMS-concurrent-mark-start]
2016-06-27T18:50:06.131+0300: 802.467: [CMS-concurrent-mark: 0.054/0.054 secs] [Times: user=0.25 sys=0.00, real=0.05 secs] 
2016-06-27T18:50:06.131+0300: 802.467: [CMS-concurrent-preclean-start]
2016-06-27T18:50:06.141+0300: 802.477: [CMS-concurrent-preclean: 0.010/0.010 secs] [Times: user=0.00 sys=0.00, real=0.01 secs] 
2016-06-27T18:50:06.141+0300: 802.477: [CMS-concurrent-abortable-preclean-start]
2016-06-27T18:50:06.412+0300: 802.749: [GC (Allocation Failure) 2016-06-27T18:50:06.412+0300: 802.749: [ParNew
Desired survivor size 17432576 bytes, new threshold 1 (max 6)
- age   1:   34857032 bytes,   34857032 total
: 306686K->34048K(306688K), 0.0388255 secs] 4500153K->4490556K(5208832K), 0.0389833 secs] [Times: user=0.13 sys=0.00, real=0.04 secs] 
2016-06-27T18:50:06.451+0300: 802.788: Total time for which application threads were stopped: 0.0449888 seconds, Stopping threads took: 0.0056172 seconds
2016-06-27T18:50:06.597+0300: 802.934: Total time for which application threads were stopped: 0.0040037 seconds, Stopping threads took: 0.0023551 seconds
2016-06-27T18:50:06.819+0300: 803.155: [CMS-concurrent-abortable-preclean: 0.087/0.677 secs] [Times: user=2.66 sys=0.03, real=0.68 secs] 
2016-06-27T18:50:06.824+0300: 803.160: [GC (Allocation Failure) 2016-06-27T18:50:06.824+0300: 803.160: [ParNew
Desired survivor size 17432576 bytes, new threshold 1 (max 6)
- age   1:   34861720 bytes,   34861720 total
: 306688K->34048K(306688K), 0.0381793 secs] 4763196K->4756601K(5208832K), 0.0383272 secs] [Times: user=0.13 sys=0.00, real=0.04 secs] 
2016-06-27T18:50:06.862+0300: 803.199: Total time for which application threads were stopped: 0.0438004 seconds, Stopping threads took: 0.0051122 seconds
2016-06-27T18:50:06.864+0300: 803.200: [GC (CMS Final Remark) [YG occupancy: 36188 K (306688 K)]2016-06-27T18:50:06.864+0300: 803.200: [Rescan (parallel) , 0.0042599 secs]2016-06-27T18:50:06.868+0300: 803.204: [weak refs processing, 0.0000248 secs]2016-06-27T18:50:06.868+0300: 803.204: [class unloading, 0.0028037 secs]2016-06-27T18:50:06.871+0300: 803.207: [scrub symbol table, 0.0013954 secs]2016-06-27T18:50:06.872+0300: 803.209: [scrub string table, 0.0003019 secs][1 CMS-remark: 4722553K(4902144K)] 4758742K(5208832K), 0.0151971 secs] [Times: user=0.06 sys=0.00, real=0.01 secs] 
2016-06-27T18:50:06.879+0300: 803.215: Total time for which application threads were stopped: 0.0156021 seconds, Stopping threads took: 0.0000616 seconds
2016-06-27T18:50:06.881+0300: 803.217: [CMS-concurrent-sweep-start]
2016-06-27T18:50:06.891+0300: 803.227: [CMS-concurrent-sweep: 0.009/0.009 secs] [Times: user=0.00 sys=0.00, real=0.01 secs] 
2016-06-27T18:50:06.891+0300: 803.227: [CMS-concurrent-reset-start]
2016-06-27T18:50:06.897+0300: 803.233: [CMS-concurrent-reset: 0.006/0.006 secs] [Times: user=0.06 sys=0.00, real=0.01 secs] 
2016-06-27T18:50:07.218+0300: 803.555: [GC (Allocation Failure) 2016-06-27T18:50:07.218+0300: 803.555: [ParNew
Desired survivor size 17432576 bytes, new threshold 1 (max 6)
- age   1:   34851960 bytes,   34851960 total
: 306189K->34048K(306688K), 0.0389332 secs] 4563434K->4558359K(5208832K), 0.0391077 secs] [Times: user=0.19 sys=0.00, real=0.04 secs] 
2016-06-27T18:50:07.258+0300: 803.594: Total time for which application threads were stopped: 0.0415355 seconds, Stopping threads took: 0.0019741 seconds
2016-06-27T18:50:07.258+0300: 803.594: [GC (CMS Initial Mark) [1 CMS-initial-mark: 4524311K(4902144K)] 4559359K(5208832K), 0.0003755 secs] [Times: user=0.00 sys=0.00, real=0.00 secs] 
2016-06-27T18:50:07.258+0300: 803.595: Total time for which application threads were stopped: 0.0007514 seconds, Stopping threads took: 0.0000744 seconds
2016-06-27T18:50:07.258+0300: 803.595: [CMS-concurrent-mark-start]
2016-06-27T18:50:07.310+0300: 803.646: [CMS-concurrent-mark: 0.052/0.052 secs] [Times: user=0.19 sys=0.00, real=0.05 secs] 
2016-06-27T18:50:07.310+0300: 803.647: [CMS-concurrent-preclean-start]
2016-06-27T18:50:07.320+0300: 803.657: [CMS-concurrent-preclean: 0.010/0.010 secs] [Times: user=0.06 sys=0.00, real=0.01 secs] 
2016-06-27T18:50:07.320+0300: 803.657: [CMS-concurrent-abortable-preclean-start]
2016-06-27T18:50:07.601+0300: 803.938: Total time for which application threads were stopped: 0.0071294 seconds, Stopping threads took: 0.0050006 seconds
2016-06-27T18:50:07.744+0300: 804.081: [GC (Allocation Failure) 2016-06-27T18:50:07.744+0300: 804.081: [ParNew
Desired survivor size 17432576 bytes, new threshold 1 (max 6)
- age   1:   34854760 bytes,   34854760 total
: 306489K->34046K(306688K), 0.0395704 secs] 4830800K->4824406K(5208832K), 0.0397526 secs] [Times: user=0.13 sys=0.00, real=0.04 secs] 
2016-06-27T18:50:07.784+0300: 804.121: Total time for which application threads were stopped: 0.0407354 seconds, Stopping threads took: 0.0005765 seconds
2016-06-27T18:50:07.912+0300: 804.249: [CMS-concurrent-abortable-preclean: 0.089/0.592 secs] [Times: user=2.28 sys=0.00, real=0.59 secs] 
2016-06-27T18:50:07.943+0300: 804.279: [GC (CMS Final Remark) [YG occupancy: 139228 K (306688 K)]2016-06-27T18:50:07.943+0300: 804.279: [Rescan (parallel) , 0.0049749 secs]2016-06-27T18:50:07.948+0300: 804.284: [weak refs processing, 0.0000295 secs]2016-06-27T18:50:07.948+0300: 804.284: [class unloading, 0.0032147 secs]2016-06-27T18:50:07.951+0300: 804.288: [scrub symbol table, 0.0014617 secs]2016-06-27T18:50:07.953+0300: 804.289: [scrub string table, 0.0003674 secs][1 CMS-remark: 4790359K(4902144K)] 4929588K(5208832K), 0.0104142 secs] [Times: user=0.00 sys=0.00, real=0.01 secs] 
2016-06-27T18:50:07.953+0300: 804.290: Total time for which application threads were stopped: 0.0128142 seconds, Stopping threads took: 0.0020202 seconds
2016-06-27T18:50:07.953+0300: 804.290: [CMS-concurrent-sweep-start]
2016-06-27T18:50:07.965+0300: 804.301: [CMS-concurrent-sweep: 0.011/0.011 secs] [Times: user=0.06 sys=0.00, real=0.01 secs] 
2016-06-27T18:50:07.965+0300: 804.301: [CMS-concurrent-reset-start]
2016-06-27T18:50:07.973+0300: 804.309: [CMS-concurrent-reset: 0.008/0.008 secs] [Times: user=0.00 sys=0.00, real=0.01 secs] 
2016-06-27T18:50:08.228+0300: 804.565: [GC (Allocation Failure) 2016-06-27T18:50:08.229+0300: 804.565: [ParNew
Desired survivor size 17432576 bytes, new threshold 1 (max 6)
- age   1:   34857936 bytes,   34857936 total
: 306391K->34046K(306688K), 0.0406490 secs] 4350616K->4346321K(5208832K), 0.0408350 secs] [Times: user=0.13 sys=0.00, real=0.04 secs] 
2016-06-27T18:50:08.269+0300: 804.606: Total time for which application threads were stopped: 0.0438363 seconds, Stopping threads took: 0.0025090 seconds
2016-06-27T18:50:08.270+0300: 804.606: [GC (CMS Initial Mark) [1 CMS-initial-mark: 4312274K(4902144K)] 4347321K(5208832K), 0.0004375 secs] [Times: user=0.06 sys=0.00, real=0.00 secs] 
2016-06-27T18:50:08.270+0300: 804.607: Total time for which application threads were stopped: 0.0009460 seconds, Stopping threads took: 0.0001433 seconds
2016-06-27T18:50:08.270+0300: 804.607: [CMS-concurrent-mark-start]
2016-06-27T18:50:08.334+0300: 804.670: [CMS-concurrent-mark: 0.064/0.064 secs] [Times: user=0.20 sys=0.02, real=0.06 secs] 
2016-06-27T18:50:08.334+0300: 804.670: [CMS-concurrent-preclean-start]
2016-06-27T18:50:08.347+0300: 804.683: [CMS-concurrent-preclean: 0.013/0.013 secs] [Times: user=0.00 sys=0.00, real=0.01 secs] 
2016-06-27T18:50:08.347+0300: 804.683: [CMS-concurrent-abortable-preclean-start]
2016-06-27T18:50:08.600+0300: 804.936: Total time for which application threads were stopped: 0.0051549 seconds, Stopping threads took: 0.0027323 seconds
2016-06-27T18:50:08.755+0300: 805.091: [GC (Allocation Failure) 2016-06-27T18:50:08.755+0300: 805.091: [ParNew
Desired survivor size 17432576 bytes, new threshold 1 (max 6)
- age   1:   34854856 bytes,   34854856 total
: 306526K->34048K(306688K), 0.0391270 secs] 4618800K->4611371K(5208832K), 0.0393091 secs] [Times: user=0.13 sys=0.00, real=0.04 secs] 
2016-06-27T18:50:08.794+0300: 805.131: Total time for which application threads were stopped: 0.0402487 seconds, Stopping threads took: 0.0005098 seconds
2016-06-27T18:50:09.145+0300: 805.481: [CMS-concurrent-abortable-preclean: 0.117/0.798 secs] [Times: user=3.05 sys=0.01, real=0.80 secs] 
2016-06-27T18:50:09.160+0300: 805.496: [GC (CMS Final Remark) [YG occupancy: 274857 K (306688 K)]2016-06-27T18:50:09.160+0300: 805.496: [Rescan (parallel) , 0.0041444 secs]2016-06-27T18:50:09.164+0300: 805.501: [weak refs processing, 0.0000252 secs]2016-06-27T18:50:09.164+0300: 805.501: [class unloading, 0.0028135 secs]2016-06-27T18:50:09.167+0300: 805.503: [scrub symbol table, 0.0013009 secs]2016-06-27T18:50:09.168+0300: 805.505: [scrub string table, 0.0003455 secs][1 CMS-remark: 4577323K(4902144K)] 4852181K(5208832K), 0.0092112 secs] [Times: user=0.06 sys=0.00, real=0.01 secs] 
2016-06-27T18:50:09.169+0300: 805.505: Total time for which application threads were stopped: 0.0120090 seconds, Stopping threads took: 0.0024316 seconds
2016-06-27T18:50:09.169+0300: 805.505: [CMS-concurrent-sweep-start]
2016-06-27T18:50:09.178+0300: 805.515: [CMS-concurrent-sweep: 0.009/0.009 secs] [Times: user=0.06 sys=0.00, real=0.01 secs] 
2016-06-27T18:50:09.178+0300: 805.515: [CMS-concurrent-reset-start]
2016-06-27T18:50:09.185+0300: 805.521: [CMS-concurrent-reset: 0.006/0.006 secs] [Times: user=0.00 sys=0.00, real=0.01 secs] 
2016-06-27T18:50:09.217+0300: 805.553: [GC (Allocation Failure) 2016-06-27T18:50:09.217+0300: 805.553: [ParNew
Desired survivor size 17432576 bytes, new threshold 1 (max 6)
- age   1:   34858704 bytes,   34858704 total
: 306387K->34047K(306688K), 0.0392103 secs] 4296614K->4291322K(5208832K), 0.0393605 secs] [Times: user=0.19 sys=0.00, real=0.04 secs] 
2016-06-27T18:50:09.256+0300: 805.592: Total time for which application threads were stopped: 0.0438846 seconds, Stopping threads took: 0.0041333 seconds
2016-06-27T18:50:09.256+0300: 805.593: [GC (CMS Initial Mark) [1 CMS-initial-mark: 4257274K(4902144K)] 4292322K(5208832K), 0.0003875 secs] [Times: user=0.00 sys=0.00, real=0.00 secs] 
2016-06-27T18:50:09.257+0300: 805.593: Total time for which application threads were stopped: 0.0007830 seconds, Stopping threads took: 0.0000774 seconds
2016-06-27T18:50:09.257+0300: 805.593: [CMS-concurrent-mark-start]
2016-06-27T18:50:09.308+0300: 805.645: [CMS-concurrent-mark: 0.052/0.052 secs] [Times: user=0.19 sys=0.00, real=0.05 secs] 
2016-06-27T18:50:09.309+0300: 805.645: [CMS-concurrent-preclean-start]
2016-06-27T18:50:09.319+0300: 805.655: [CMS-concurrent-preclean: 0.010/0.010 secs] [Times: user=0.06 sys=0.00, real=0.01 secs] 
2016-06-27T18:50:09.319+0300: 805.655: [CMS-concurrent-abortable-preclean-start]
2016-06-27T18:50:09.599+0300: 805.936: Total time for which application threads were stopped: 0.0037843 seconds, Stopping threads took: 0.0017098 seconds
2016-06-27T18:50:09.656+0300: 805.993: [GC (Allocation Failure) 2016-06-27T18:50:09.657+0300: 805.993: [ParNew
Desired survivor size 17432576 bytes, new threshold 1 (max 6)
- age   1:   33839360 bytes,   33839360 total
: 305979K->33061K(306688K), 0.0382699 secs] 4563253K->4556380K(5208832K), 0.0384307 secs] [Times: user=0.19 sys=0.00, real=0.04 secs] 
2016-06-27T18:50:09.695+0300: 806.031: Total time for which application threads were stopped: 0.0388567 seconds, Stopping threads took: 0.0000791 seconds
2016-06-27T18:50:10.026+0300: 806.362: [GC (Allocation Failure) 2016-06-27T18:50:10.026+0300: 806.363: [ParNew2016-06-27T18:50:10.059+0300: 806.395: [CMS-concurrent-abortable-preclean: 0.088/0.740 secs] [Times: user=2.78 sys=0.00, real=0.74 secs] 

Desired survivor size 17432576 bytes, new threshold 1 (max 6)
- age   1:   34853088 bytes,   34853088 total
: 305097K->34048K(306688K), 0.0441750 secs] 4828416K->4823417K(5208832K), 0.0443354 secs] [Times: user=0.16 sys=0.00, real=0.04 secs] 
2016-06-27T18:50:10.070+0300: 806.407: Total time for which application threads were stopped: 0.0544832 seconds, Stopping threads took: 0.0097013 seconds
2016-06-27T18:50:10.071+0300: 806.407: [GC (CMS Final Remark) [YG occupancy: 35052 K (306688 K)]2016-06-27T18:50:10.071+0300: 806.407: [Rescan (parallel) , 0.0042624 secs]2016-06-27T18:50:10.075+0300: 806.412: [weak refs processing, 0.0000265 secs]2016-06-27T18:50:10.075+0300: 806.412: [class unloading, 0.0028204 secs]2016-06-27T18:50:10.078+0300: 806.415: [scrub symbol table, 0.0018885 secs]2016-06-27T18:50:10.080+0300: 806.417: [scrub string table, 0.0003729 secs][1 CMS-remark: 4789369K(4902144K)] 4824421K(5208832K), 0.0098386 secs] [Times: user=0.00 sys=0.00, real=0.01 secs] 
2016-06-27T18:50:10.081+0300: 806.417: Total time for which application threads were stopped: 0.0103052 seconds, Stopping threads took: 0.0000975 seconds
2016-06-27T18:50:10.081+0300: 806.417: [CMS-concurrent-sweep-start]
2016-06-27T18:50:10.090+0300: 806.427: [CMS-concurrent-sweep: 0.009/0.009 secs] [Times: user=0.06 sys=0.00, real=0.01 secs] 
2016-06-27T18:50:10.090+0300: 806.427: [CMS-concurrent-reset-start]
2016-06-27T18:50:10.097+0300: 806.433: [CMS-concurrent-reset: 0.006/0.006 secs] [Times: user=0.00 sys=0.00, real=0.01 secs] 
2016-06-27T18:50:10.424+0300: 806.760: [GC (Allocation Failure) 2016-06-27T18:50:10.424+0300: 806.760: [ParNew
Desired survivor size 17432576 bytes, new threshold 1 (max 6)
- age   1:   34853632 bytes,   34853632 total
: 306539K->34047K(306688K), 0.0417151 secs] 4541806K->4536354K(5208832K), 0.0418729 secs] [Times: user=0.19 sys=0.00, real=0.04 secs] 
2016-06-27T18:50:10.466+0300: 806.802: Total time for which application threads were stopped: 0.0512941 seconds, Stopping threads took: 0.0090064 seconds
2016-06-27T18:50:10.466+0300: 806.803: [GC (CMS Initial Mark) [1 CMS-initial-mark: 4502306K(4902144K)] 4538480K(5208832K), 0.0003857 secs] [Times: user=0.00 sys=0.00, real=0.00 secs] 
2016-06-27T18:50:10.467+0300: 806.803: Total time for which application threads were stopped: 0.0008125 seconds, Stopping threads took: 0.0000817 seconds
2016-06-27T18:50:10.467+0300: 806.803: [CMS-concurrent-mark-start]
2016-06-27T18:50:10.518+0300: 806.855: [CMS-concurrent-mark: 0.052/0.052 secs] [Times: user=0.19 sys=0.00, real=0.05 secs] 
2016-06-27T18:50:10.519+0300: 806.855: [CMS-concurrent-preclean-start]
2016-06-27T18:50:10.529+0300: 806.865: [CMS-concurrent-preclean: 0.010/0.010 secs] [Times: user=0.06 sys=0.00, real=0.01 secs] 
2016-06-27T18:50:10.529+0300: 806.865: [CMS-concurrent-abortable-preclean-start]
2016-06-27T18:50:10.606+0300: 806.943: Total time for which application threads were stopped: 0.0102864 seconds, Stopping threads took: 0.0086232 seconds
2016-06-27T18:50:10.830+0300: 807.167: [GC (Allocation Failure) 2016-06-27T18:50:10.830+0300: 807.167: [ParNew
Desired survivor size 17432576 bytes, new threshold 1 (max 6)
- age   1:   34849552 bytes,   34849552 total
: 306263K->34046K(306688K), 0.0397603 secs] 4808570K->4802393K(5208832K), 0.0399339 secs] [Times: user=0.17 sys=0.00, real=0.04 secs] 
2016-06-27T18:50:10.870+0300: 807.207: Total time for which application threads were stopped: 0.0422907 seconds, Stopping threads took: 0.0019120 seconds
2016-06-27T18:50:11.103+0300: 807.439: [CMS-concurrent-abortable-preclean: 0.065/0.574 secs] [Times: user=2.17 sys=0.03, real=0.57 secs] 
2016-06-27T18:50:11.131+0300: 807.467: [GC (CMS Final Remark) [YG occupancy: 228828 K (306688 K)]2016-06-27T18:50:11.131+0300: 807.467: [Rescan (parallel) , 0.0042629 secs]2016-06-27T18:50:11.135+0300: 807.472: [weak refs processing, 0.0000291 secs]2016-06-27T18:50:11.135+0300: 807.472: [class unloading, 0.0029902 secs]2016-06-27T18:50:11.138+0300: 807.475: [scrub symbol table, 0.0014314 secs]2016-06-27T18:50:11.140+0300: 807.476: [scrub string table, 0.0002968 secs][1 CMS-remark: 4768347K(4902144K)] 4997176K(5208832K), 0.0093725 secs] [Times: user=0.00 sys=0.00, real=0.01 secs] 
2016-06-27T18:50:11.140+0300: 807.477: Total time for which application threads were stopped: 0.0132936 seconds, Stopping threads took: 0.0034905 seconds
2016-06-27T18:50:11.245+0300: 807.582: [CMS-concurrent-sweep-start]
2016-06-27T18:50:11.247+0300: 807.583: [GC (Allocation Failure) 2016-06-27T18:50:11.247+0300: 807.583: [ParNew: 306686K->306686K(306688K), 0.0000389 secs]2016-06-27T18:50:11.247+0300: 807.583: [CMS2016-06-27T18:50:11.257+0300: 807.593: [CMS-concurrent-sweep: 0.009/0.011 secs] [Times: user=0.01 sys=0.00, real=0.01 secs] 
 (concurrent mode failure): 4768347K->3615135K(4902144K), 0.6955943 secs] 5075033K->3615135K(5208832K), [Metaspace: 9057K->9057K(1058816K)], 0.6959912 secs] [Times: user=0.70 sys=0.00, real=0.70 secs] 
2016-06-27T18:50:11.943+0300: 808.279: Total time for which application threads were stopped: 0.6969799 seconds, Stopping threads took: 0.0005286 seconds
2016-06-27T18:50:12.266+0300: 808.602: [GC (Allocation Failure) 2016-06-27T18:50:12.266+0300: 808.602: [ParNew
Desired survivor size 17432576 bytes, new threshold 1 (max 6)
- age   1:   34841520 bytes,   34841520 total
: 271788K->34042K(306688K), 0.0356565 secs] 3886924K->3882189K(5208832K), 0.0358113 secs] [Times: user=0.13 sys=0.00, real=0.04 secs] 
2016-06-27T18:50:12.301+0300: 808.638: Total time for which application threads were stopped: 0.0377905 seconds, Stopping threads took: 0.0015272 seconds
2016-06-27T18:50:12.645+0300: 808.982: [GC (Allocation Failure) 2016-06-27T18:50:12.651+0300: 808.988: [ParNew
Desired survivor size 17432576 bytes, new threshold 1 (max 6)
- age   1:   34846736 bytes,   34846736 total
: 306682K->34035K(306688K), 0.0383691 secs] 4154829K->4149211K(5208832K), 0.0442939 secs] [Times: user=0.13 sys=0.00, real=0.05 secs] 
2016-06-27T18:50:12.690+0300: 809.026: Total time for which application threads were stopped: 0.0465318 seconds, Stopping threads took: 0.0018210 seconds
2016-06-27T18:50:12.901+0300: 809.237: [GC (CMS Initial Mark) [1 CMS-initial-mark: 4115176K(4902144K)] 4328416K(5208832K), 0.0004478 secs] [Times: user=0.00 sys=0.00, real=0.00 secs] 
2016-06-27T18:50:12.901+0300: 809.238: Total time for which application threads were stopped: 0.0014724 seconds, Stopping threads took: 0.0007159 seconds
2016-06-27T18:50:12.901+0300: 809.238: [CMS-concurrent-mark-start]
2016-06-27T18:50:12.953+0300: 809.289: [CMS-concurrent-mark: 0.052/0.052 secs] [Times: user=0.19 sys=0.00, real=0.05 secs] 
2016-06-27T18:50:12.953+0300: 809.290: [CMS-concurrent-preclean-start]
2016-06-27T18:50:12.963+0300: 809.300: [CMS-concurrent-preclean: 0.010/0.010 secs] [Times: user=0.06 sys=0.00, real=0.01 secs] 
2016-06-27T18:50:12.963+0300: 809.300: [CMS-concurrent-abortable-preclean-start]
2016-06-27T18:50:13.082+0300: 809.418: [GC (Allocation Failure) 2016-06-27T18:50:13.082+0300: 809.418: [ParNew
Desired survivor size 17432576 bytes, new threshold 1 (max 6)
- age   1:   34853272 bytes,   34853272 total
: 306675K->34046K(306688K), 0.0382126 secs] 4421851K->4416262K(5208832K), 0.0383786 secs] [Times: user=0.19 sys=0.00, real=0.04 secs] 
2016-06-27T18:50:13.121+0300: 809.457: Total time for which application threads were stopped: 0.0393271 seconds, Stopping threads took: 0.0005855 seconds
2016-06-27T18:50:13.455+0300: 809.792: [GC (Allocation Failure) 2016-06-27T18:50:13.456+0300: 809.792: [ParNew2016-06-27T18:50:13.487+0300: 809.823: [CMS-concurrent-abortable-preclean: 0.054/0.524 secs] [Times: user=2.02 sys=0.02, real=0.52 secs] 

Desired survivor size 17432576 bytes, new threshold 1 (max 6)
- age   1:   34850816 bytes,   34850816 total
: 306067K->34048K(306688K), 0.0376858 secs] 4688282K->4683303K(5208832K), 0.0378384 secs] [Times: user=0.17 sys=0.00, real=0.04 secs] 
2016-06-27T18:50:13.493+0300: 809.830: Total time for which application threads were stopped: 0.0398959 seconds, Stopping threads took: 0.0016512 seconds
2016-06-27T18:50:13.526+0300: 809.862: [GC (CMS Final Remark) [YG occupancy: 60535 K (306688 K)]2016-06-27T18:50:13.526+0300: 809.863: [Rescan (parallel) , 0.0042663 secs]2016-06-27T18:50:13.530+0300: 809.867: [weak refs processing, 0.0000222 secs]2016-06-27T18:50:13.530+0300: 809.867: [class unloading, 0.0021605 secs]2016-06-27T18:50:13.533+0300: 809.869: [scrub symbol table, 0.0012996 secs]2016-06-27T18:50:13.534+0300: 809.870: [scrub string table, 0.0002754 secs][1 CMS-remark: 4649255K(4902144K)] 4709790K(5208832K), 0.0083243 secs] [Times: user=0.00 sys=0.00, real=0.01 secs] 
2016-06-27T18:50:13.534+0300: 809.871: Total time for which application threads were stopped: 0.0093490 seconds, Stopping threads took: 0.0006325 seconds
2016-06-27T18:50:13.534+0300: 809.871: [CMS-concurrent-sweep-start]
2016-06-27T18:50:13.543+0300: 809.880: [CMS-concurrent-sweep: 0.009/0.009 secs] [Times: user=0.06 sys=0.00, real=0.01 secs] 
2016-06-27T18:50:13.543+0300: 809.880: [CMS-concurrent-reset-start]
2016-06-27T18:50:13.549+0300: 809.886: [CMS-concurrent-reset: 0.006/0.006 secs] [Times: user=0.00 sys=0.00, real=0.01 secs] 
2016-06-27T18:50:13.919+0300: 810.255: [GC (Allocation Failure) 2016-06-27T18:50:13.919+0300: 810.255: [ParNew
Desired survivor size 17432576 bytes, new threshold 1 (max 6)
- age   1:   34848176 bytes,   34848176 total
: 306493K->34042K(306688K), 0.0430293 secs] 4400672K->4395259K(5208832K), 0.0432140 secs] [Times: user=0.19 sys=0.00, real=0.04 secs] 
2016-06-27T18:50:13.962+0300: 810.298: Total time for which application threads were stopped: 0.0472165 seconds, Stopping threads took: 0.0034713 seconds
2016-06-27T18:50:13.963+0300: 810.299: [GC (CMS Initial Mark) [1 CMS-initial-mark: 4361217K(4902144K)] 4396259K(5208832K), 0.0004666 secs] [Times: user=0.00 sys=0.00, real=0.00 secs] 
2016-06-27T18:50:13.963+0300: 810.300: Total time for which application threads were stopped: 0.0010507 seconds, Stopping threads took: 0.0001244 seconds
2016-06-27T18:50:13.963+0300: 810.300: [CMS-concurrent-mark-start]
2016-06-27T18:50:14.026+0300: 810.363: [CMS-concurrent-mark: 0.063/0.063 secs] [Times: user=0.25 sys=0.00, real=0.06 secs] 
2016-06-27T18:50:14.026+0300: 810.363: [CMS-concurrent-preclean-start]
2016-06-27T18:50:14.039+0300: 810.375: [CMS-concurrent-preclean: 0.013/0.013 secs] [Times: user=0.06 sys=0.00, real=0.01 secs] 
2016-06-27T18:50:14.039+0300: 810.375: [CMS-concurrent-abortable-preclean-start]
2016-06-27T18:50:14.392+0300: 810.728: [GC (Allocation Failure) 2016-06-27T18:50:14.397+0300: 810.734: [ParNew
Desired survivor size 17432576 bytes, new threshold 1 (max 6)
- age   1:   34842408 bytes,   34842408 total
: 305951K->34039K(306688K), 0.0397047 secs] 4667168K->4661292K(5208832K), 0.0451937 secs] [Times: user=0.13 sys=0.00, real=0.05 secs] 
2016-06-27T18:50:14.437+0300: 810.773: Total time for which application threads were stopped: 0.0478267 seconds, Stopping threads took: 0.0021823 seconds
2016-06-27T18:50:14.779+0300: 811.115: [CMS-concurrent-abortable-preclean: 0.093/0.739 secs] [Times: user=2.84 sys=0.02, real=0.74 secs] 
2016-06-27T18:50:14.805+0300: 811.141: [GC (CMS Final Remark) [YG occupancy: 284513 K (306688 K)]2016-06-27T18:50:14.805+0300: 811.141: [Rescan (parallel) , 0.0050592 secs]2016-06-27T18:50:14.810+0300: 811.146: [weak refs processing, 0.0000287 secs]2016-06-27T18:50:14.810+0300: 811.146: [class unloading, 0.0019407 secs]2016-06-27T18:50:14.812+0300: 811.148: [scrub symbol table, 0.0009177 secs]2016-06-27T18:50:14.813+0300: 811.149: [scrub string table, 0.0003413 secs][1 CMS-remark: 4627252K(4902144K)] 4911765K(5208832K), 0.0086429 secs] [Times: user=0.00 sys=0.00, real=0.01 secs] 
2016-06-27T18:50:14.813+0300: 811.150: Total time for which application threads were stopped: 0.0101914 seconds, Stopping threads took: 0.0010195 seconds
2016-06-27T18:50:14.813+0300: 811.150: [CMS-concurrent-sweep-start]
2016-06-27T18:50:14.824+0300: 811.161: [CMS-concurrent-sweep: 0.011/0.011 secs] [Times: user=0.06 sys=0.00, real=0.01 secs] 
2016-06-27T18:50:14.824+0300: 811.161: [CMS-concurrent-reset-start]
2016-06-27T18:50:14.832+0300: 811.168: [CMS-concurrent-reset: 0.008/0.008 secs] [Times: user=0.00 sys=0.00, real=0.01 secs] 
2016-06-27T18:50:14.852+0300: 811.189: [GC (Allocation Failure) 2016-06-27T18:50:14.852+0300: 811.189: [ParNew
Desired survivor size 17432576 bytes, new threshold 1 (max 6)
- age   1:   34842416 bytes,   34842416 total
: 306174K->34040K(306688K), 0.0399010 secs] 4228331K->4222227K(5208832K), 0.0400562 secs] [Times: user=0.13 sys=0.00, real=0.04 secs] 
2016-06-27T18:50:14.892+0300: 811.229: Total time for which application threads were stopped: 0.0415137 seconds, Stopping threads took: 0.0010020 seconds
2016-06-27T18:50:14.893+0300: 811.229: [GC (CMS Initial Mark) [1 CMS-initial-mark: 4188186K(4902144K)] 4223227K(5208832K), 0.0004828 secs] [Times: user=0.00 sys=0.00, real=0.00 secs] 
2016-06-27T18:50:14.893+0300: 811.230: Total time for which application threads were stopped: 0.0011076 seconds, Stopping threads took: 0.0001420 seconds
2016-06-27T18:50:14.893+0300: 811.230: [CMS-concurrent-mark-start]
2016-06-27T18:50:14.957+0300: 811.293: [CMS-concurrent-mark: 0.064/0.064 secs] [Times: user=0.25 sys=0.00, real=0.06 secs] 
2016-06-27T18:50:14.957+0300: 811.294: [CMS-concurrent-preclean-start]
2016-06-27T18:50:14.969+0300: 811.306: [CMS-concurrent-preclean: 0.012/0.012 secs] [Times: user=0.06 sys=0.00, real=0.01 secs] 
2016-06-27T18:50:14.969+0300: 811.306: [CMS-concurrent-abortable-preclean-start]
2016-06-27T18:50:15.414+0300: 811.750: [GC (Allocation Failure) 2016-06-27T18:50:15.414+0300: 811.750: [ParNew2016-06-27T18:50:15.446+0300: 811.782: [CMS-concurrent-abortable-preclean: 0.047/0.476 secs] [Times: user=1.91 sys=0.00, real=0.48 secs] 

Desired survivor size 17432576 bytes, new threshold 1 (max 6)
- age   1:   34842456 bytes,   34842456 total
: 306680K->34032K(306688K), 0.0385753 secs] 4494867K->4488247K(5208832K), 0.0387322 secs] [Times: user=0.13 sys=0.00, real=0.04 secs] 
2016-06-27T18:50:15.453+0300: 811.789: Total time for which application threads were stopped: 0.0416514 seconds, Stopping threads took: 0.0025304 seconds
2016-06-27T18:50:15.453+0300: 811.789: [GC (CMS Final Remark) [YG occupancy: 35032 K (306688 K)]2016-06-27T18:50:15.453+0300: 811.789: [Rescan (parallel) , 0.0042051 secs]2016-06-27T18:50:15.457+0300: 811.794: [weak refs processing, 0.0000261 secs]2016-06-27T18:50:15.457+0300: 811.794: [class unloading, 0.0017316 secs]2016-06-27T18:50:15.459+0300: 811.795: [scrub symbol table, 0.0007599 secs]2016-06-27T18:50:15.460+0300: 811.796: [scrub string table, 0.0001805 secs][1 CMS-remark: 4454214K(4902144K)] 4489247K(5208832K), 0.0071718 secs] [Times: user=0.01 sys=0.00, real=0.01 secs] 
2016-06-27T18:50:15.460+0300: 811.797: Total time for which application threads were stopped: 0.0075113 seconds, Stopping threads took: 0.0000744 seconds
2016-06-27T18:50:15.460+0300: 811.797: [CMS-concurrent-sweep-start]
2016-06-27T18:50:15.469+0300: 811.805: [CMS-concurrent-sweep: 0.009/0.009 secs] [Times: user=0.00 sys=0.00, real=0.01 secs] 
2016-06-27T18:50:15.469+0300: 811.805: [CMS-concurrent-reset-start]
2016-06-27T18:50:15.475+0300: 811.811: [CMS-concurrent-reset: 0.006/0.006 secs] [Times: user=0.06 sys=0.00, real=0.01 secs] 
2016-06-27T18:50:15.784+0300: 812.120: [GC (Allocation Failure) 2016-06-27T18:50:15.784+0300: 812.120: [ParNew
Desired survivor size 17432576 bytes, new threshold 1 (max 6)
- age   1:   34845336 bytes,   34845336 total
: 305870K->34038K(306688K), 0.0382686 secs] 4340028K->4335226K(5208832K), 0.0384594 secs] [Times: user=0.19 sys=0.00, real=0.04 secs] 
2016-06-27T18:50:15.822+0300: 812.159: Total time for which application threads were stopped: 0.0398356 seconds, Stopping threads took: 0.0010264 seconds
2016-06-27T18:50:15.823+0300: 812.159: [GC (CMS Initial Mark) [1 CMS-initial-mark: 4301187K(4902144K)] 4336226K(5208832K), 0.0003832 secs] [Times: user=0.00 sys=0.00, real=0.00 secs] 
2016-06-27T18:50:15.823+0300: 812.160: Total time for which application threads were stopped: 0.0008181 seconds, Stopping threads took: 0.0000744 seconds
2016-06-27T18:50:15.823+0300: 812.160: [CMS-concurrent-mark-start]
2016-06-27T18:50:15.875+0300: 812.212: [CMS-concurrent-mark: 0.052/0.052 secs] [Times: user=0.19 sys=0.00, real=0.05 secs] 
2016-06-27T18:50:15.875+0300: 812.212: [CMS-concurrent-preclean-start]
2016-06-27T18:50:15.886+0300: 812.222: [CMS-concurrent-preclean: 0.010/0.010 secs] [Times: user=0.06 sys=0.00, real=0.01 secs] 
2016-06-27T18:50:15.886+0300: 812.222: [CMS-concurrent-abortable-preclean-start]
2016-06-27T18:50:16.184+0300: 812.520: [GC (Allocation Failure) 2016-06-27T18:50:16.184+0300: 812.520: [ParNew2016-06-27T18:50:16.222+0300: 812.558: [CMS-concurrent-abortable-preclean: 0.032/0.336 secs] [Times: user=1.31 sys=0.00, real=0.34 secs] 

Desired survivor size 17432576 bytes, new threshold 1 (max 6)
- age   1:   34855152 bytes,   34855152 total
: 306091K->34048K(306688K), 0.0388939 secs] 4607278K->4602270K(5208832K), 0.0390543 secs] [Times: user=0.13 sys=0.00, real=0.04 secs] 
2016-06-27T18:50:16.223+0300: 812.559: Total time for which application threads were stopped: 0.0418994 seconds, Stopping threads took: 0.0024167 seconds
2016-06-27T18:50:16.223+0300: 812.560: [GC (CMS Final Remark) [YG occupancy: 35048 K (306688 K)]2016-06-27T18:50:16.223+0300: 812.560: [Rescan (parallel) , 0.0042954 secs]2016-06-27T18:50:16.228+0300: 812.564: [weak refs processing, 0.0000252 secs]2016-06-27T18:50:16.228+0300: 812.564: [class unloading, 0.0024624 secs]2016-06-27T18:50:16.230+0300: 812.567: [scrub symbol table, 0.0011371 secs]2016-06-27T18:50:16.231+0300: 812.568: [scrub string table, 0.0002698 secs][1 CMS-remark: 4568222K(4902144K)] 4603270K(5208832K), 0.0084885 secs] [Times: user=0.00 sys=0.00, real=0.01 secs] 
2016-06-27T18:50:16.232+0300: 812.568: Total time for which application threads were stopped: 0.0089127 seconds, Stopping threads took: 0.0000778 seconds
2016-06-27T18:50:16.232+0300: 812.568: [CMS-concurrent-sweep-start]
2016-06-27T18:50:16.241+0300: 812.577: [CMS-concurrent-sweep: 0.009/0.009 secs] [Times: user=0.06 sys=0.00, real=0.01 secs] 
2016-06-27T18:50:16.241+0300: 812.577: [CMS-concurrent-reset-start]
2016-06-27T18:50:16.247+0300: 812.583: [CMS-concurrent-reset: 0.006/0.006 secs] [Times: user=0.00 sys=0.00, real=0.01 secs] 
2016-06-27T18:50:16.394+0300: 812.731: Total time for which application threads were stopped: 0.0016931 seconds, Stopping threads took: 0.0004704 seconds
2016-06-27T18:50:16.594+0300: 812.930: [GC (Allocation Failure) 2016-06-27T18:50:16.594+0300: 812.930: [ParNew
Desired survivor size 17432576 bytes, new threshold 1 (max 6)
- age   1:   34854120 bytes,   34854120 total
: 306311K->34048K(306688K), 0.0463287 secs] 4454475K->4448255K(5208832K), 0.0464946 secs] [Times: user=0.14 sys=0.00, real=0.05 secs] 
2016-06-27T18:50:16.640+0300: 812.976: Total time for which application threads were stopped: 0.0552033 seconds, Stopping threads took: 0.0083076 seconds
2016-06-27T18:50:16.641+0300: 812.977: [GC (CMS Initial Mark) [1 CMS-initial-mark: 4414207K(4902144K)] 4449255K(5208832K), 0.0003964 secs] [Times: user=0.00 sys=0.00, real=0.00 secs] 
2016-06-27T18:50:16.641+0300: 812.977: Total time for which application threads were stopped: 0.0008968 seconds, Stopping threads took: 0.0001026 seconds
2016-06-27T18:50:16.641+0300: 812.977: [CMS-concurrent-mark-start]
2016-06-27T18:50:16.694+0300: 813.030: [CMS-concurrent-mark: 0.052/0.052 secs] [Times: user=0.24 sys=0.00, real=0.05 secs] 
2016-06-27T18:50:16.694+0300: 813.030: [CMS-concurrent-preclean-start]
2016-06-27T18:50:16.704+0300: 813.040: [CMS-concurrent-preclean: 0.010/0.010 secs] [Times: user=0.00 sys=0.00, real=0.01 secs] 
2016-06-27T18:50:16.704+0300: 813.040: [CMS-concurrent-abortable-preclean-start]
2016-06-27T18:50:17.013+0300: 813.350: [GC (Allocation Failure) 2016-06-27T18:50:17.013+0300: 813.350: [ParNew2016-06-27T18:50:17.045+0300: 813.382: [CMS-concurrent-abortable-preclean: 0.033/0.341 secs] [Times: user=1.38 sys=0.00, real=0.34 secs] 

Desired survivor size 17432576 bytes, new threshold 1 (max 6)
- age   1:   34846288 bytes,   34846288 total
: 306606K->34045K(306688K), 0.0397979 secs] 4720814K->4715294K(5208832K), 0.0399840 secs] [Times: user=0.19 sys=0.00, real=0.04 secs] 
2016-06-27T18:50:17.053+0300: 813.390: Total time for which application threads were stopped: 0.0471857 seconds, Stopping threads took: 0.0067642 seconds
2016-06-27T18:50:17.056+0300: 813.393: Total time for which application threads were stopped: 0.0016071 seconds, Stopping threads took: 0.0000637 seconds
2016-06-27T18:50:17.274+0300: 813.611: [GC (CMS Final Remark) [YG occupancy: 201407 K (306688 K)]2016-06-27T18:50:17.275+0300: 813.611: [Rescan (parallel) , 0.0048338 secs]2016-06-27T18:50:17.279+0300: 813.616: [weak refs processing, 0.0000269 secs]2016-06-27T18:50:17.279+0300: 813.616: [class unloading, 0.0025458 secs]2016-06-27T18:50:17.282+0300: 813.618: [scrub symbol table, 0.0014673 secs]2016-06-27T18:50:17.284+0300: 813.620: [scrub string table, 0.0003327 secs][1 CMS-remark: 4681248K(4902144K)] 4882655K(5208832K), 0.0095636 secs] [Times: user=0.00 sys=0.00, real=0.01 secs] 
2016-06-27T18:50:17.284+0300: 813.620: Total time for which application threads were stopped: 0.0146164 seconds, Stopping threads took: 0.0046683 seconds
2016-06-27T18:50:17.285+0300: 813.621: [CMS-concurrent-sweep-start]
2016-06-27T18:50:17.294+0300: 813.630: [CMS-concurrent-sweep: 0.009/0.009 secs] [Times: user=0.06 sys=0.00, real=0.01 secs] 
2016-06-27T18:50:17.294+0300: 813.630: [CMS-concurrent-reset-start]
2016-06-27T18:50:17.301+0300: 813.637: [CMS-concurrent-reset: 0.006/0.006 secs] [Times: user=0.00 sys=0.00, real=0.01 secs] 
2016-06-27T18:50:17.424+0300: 813.760: [GC (Allocation Failure) 2016-06-27T18:50:17.424+0300: 813.760: [ParNew
Desired survivor size 17432576 bytes, new threshold 1 (max 6)
- age   1:   34849528 bytes,   34849528 total
: 306332K->34039K(306688K), 0.0398163 secs] 4297489K->4291229K(5208832K), 0.0399874 secs] [Times: user=0.19 sys=0.00, real=0.04 secs] 
2016-06-27T18:50:17.464+0300: 813.800: Total time for which application threads were stopped: 0.0487060 seconds, Stopping threads took: 0.0082914 seconds
2016-06-27T18:50:17.464+0300: 813.801: [GC (CMS Initial Mark) [1 CMS-initial-mark: 4257190K(4902144K)] 4292229K(5208832K), 0.0004285 secs] [Times: user=0.00 sys=0.00, real=0.00 secs] 
2016-06-27T18:50:17.465+0300: 813.801: Total time for which application threads were stopped: 0.0008878 seconds, Stopping threads took: 0.0001009 seconds
2016-06-27T18:50:17.465+0300: 813.801: [CMS-concurrent-mark-start]
2016-06-27T18:50:17.517+0300: 813.853: [CMS-concurrent-mark: 0.052/0.052 secs] [Times: user=0.19 sys=0.00, real=0.05 secs] 
2016-06-27T18:50:17.517+0300: 813.854: [CMS-concurrent-preclean-start]
2016-06-27T18:50:17.527+0300: 813.864: [CMS-concurrent-preclean: 0.010/0.010 secs] [Times: user=0.06 sys=0.00, real=0.01 secs] 
2016-06-27T18:50:17.527+0300: 813.864: [CMS-concurrent-abortable-preclean-start]
2016-06-27T18:50:17.642+0300: 813.979: Total time for which application threads were stopped: 0.0142058 seconds, Stopping threads took: 0.0124576 seconds
2016-06-27T18:50:17.875+0300: 814.211: [GC (Allocation Failure) 2016-06-27T18:50:17.875+0300: 814.211: [ParNew
Desired survivor size 17432576 bytes, new threshold 1 (max 6)
- age   1:   34852928 bytes,   34852928 total
: 306115K->34048K(306688K), 0.0403376 secs] 4563305K->4558276K(5208832K), 0.0405002 secs] [Times: user=0.19 sys=0.00, real=0.04 secs] 
2016-06-27T18:50:17.915+0300: 814.252: Total time for which application threads were stopped: 0.0499949 seconds, Stopping threads took: 0.0090599 seconds
2016-06-27T18:50:18.259+0300: 814.595: [CMS-concurrent-abortable-preclean: 0.087/0.732 secs] [Times: user=2.77 sys=0.01, real=0.73 secs] 
2016-06-27T18:50:18.281+0300: 814.617: [GC (CMS Final Remark) [YG occupancy: 295188 K (306688 K)]2016-06-27T18:50:18.281+0300: 814.618: [Rescan (parallel) , 0.0050271 secs]2016-06-27T18:50:18.286+0300: 814.623: [weak refs processing, 0.0000334 secs]2016-06-27T18:50:18.286+0300: 814.623: [class unloading, 0.0032972 secs]2016-06-27T18:50:18.290+0300: 814.626: [scrub symbol table, 0.0019189 secs]2016-06-27T18:50:18.292+0300: 814.628: [scrub string table, 0.0004294 secs][1 CMS-remark: 4524228K(4902144K)] 4819416K(5208832K), 0.0110715 secs] [Times: user=0.06 sys=0.00, real=0.01 secs] 
2016-06-27T18:50:18.292+0300: 814.629: Total time for which application threads were stopped: 0.0192111 seconds, Stopping threads took: 0.0076901 seconds
2016-06-27T18:50:18.293+0300: 814.630: [CMS-concurrent-sweep-start]
2016-06-27T18:50:18.303+0300: 814.640: [CMS-concurrent-sweep: 0.010/0.010 secs] [Times: user=0.06 sys=0.00, real=0.01 secs] 
2016-06-27T18:50:18.303+0300: 814.640: [CMS-concurrent-reset-start]
2016-06-27T18:50:18.310+0300: 814.647: [CMS-concurrent-reset: 0.007/0.007 secs] [Times: user=0.00 sys=0.00, real=0.01 secs] 
2016-06-27T18:50:18.313+0300: 814.650: [GC (Allocation Failure) 2016-06-27T18:50:18.314+0300: 814.650: [ParNew
Desired survivor size 17432576 bytes, new threshold 1 (max 6)
- age   1:   34859984 bytes,   34859984 total
: 306540K->34048K(306688K), 0.0424156 secs] 4395707K->4390521K(5208832K), 0.0426025 secs] [Times: user=0.19 sys=0.00, real=0.04 secs] 
2016-06-27T18:50:18.356+0300: 814.693: Total time for which application threads were stopped: 0.0432564 seconds, Stopping threads took: 0.0001103 seconds
2016-06-27T18:50:18.357+0300: 814.693: [GC (CMS Initial Mark) [1 CMS-initial-mark: 4356473K(4902144K)] 4391521K(5208832K), 0.0004679 secs] [Times: user=0.00 sys=0.00, real=0.00 secs] 
2016-06-27T18:50:18.357+0300: 814.694: Total time for which application threads were stopped: 0.0010076 seconds, Stopping threads took: 0.0001014 seconds
2016-06-27T18:50:18.357+0300: 814.694: [CMS-concurrent-mark-start]
2016-06-27T18:50:18.420+0300: 814.757: [CMS-concurrent-mark: 0.063/0.063 secs] [Times: user=0.25 sys=0.00, real=0.06 secs] 
2016-06-27T18:50:18.421+0300: 814.757: [CMS-concurrent-preclean-start]
2016-06-27T18:50:18.433+0300: 814.770: [CMS-concurrent-preclean: 0.013/0.013 secs] [Times: user=0.06 sys=0.00, real=0.01 secs] 
2016-06-27T18:50:18.433+0300: 814.770: [CMS-concurrent-abortable-preclean-start]
2016-06-27T18:50:18.652+0300: 814.988: Total time for which application threads were stopped: 0.0131555 seconds, Stopping threads took: 0.0113136 seconds
2016-06-27T18:50:18.663+0300: 814.999: Total time for which application threads were stopped: 0.0005902 seconds, Stopping threads took: 0.0000808 seconds
2016-06-27T18:50:18.921+0300: 815.258: [GC (Allocation Failure) 2016-06-27T18:50:18.921+0300: 815.258: [ParNew
Desired survivor size 17432576 bytes, new threshold 1 (max 6)
- age   1:   34860560 bytes,   34860560 total
: 306688K->34048K(306688K), 0.0403351 secs] 4663161K->4654578K(5208832K), 0.0405254 secs] [Times: user=0.19 sys=0.00, real=0.04 secs] 
2016-06-27T18:50:18.962+0300: 815.298: Total time for which application threads were stopped: 0.0478177 seconds, Stopping threads took: 0.0068523 seconds
2016-06-27T18:50:19.316+0300: 815.652: [CMS-concurrent-abortable-preclean: 0.126/0.882 secs] [Times: user=3.30 sys=0.02, real=0.88 secs] 
2016-06-27T18:50:19.354+0300: 815.690: [GC (CMS Final Remark) [YG occupancy: 288465 K (306688 K)]2016-06-27T18:50:19.354+0300: 815.690: [Rescan (parallel) , 0.0050921 secs]2016-06-27T18:50:19.359+0300: 815.695: [weak refs processing, 0.0000381 secs]2016-06-27T18:50:19.359+0300: 815.695: [class unloading, 0.0034187 secs]2016-06-27T18:50:19.362+0300: 815.699: [scrub symbol table, 0.0018124 secs]2016-06-27T18:50:19.364+0300: 815.700: [scrub string table, 0.0004084 secs][1 CMS-remark: 4620530K(4902144K)] 4908996K(5208832K), 0.0111455 secs] [Times: user=0.01 sys=0.00, real=0.01 secs] 
2016-06-27T18:50:19.365+0300: 815.701: Total time for which application threads were stopped: 0.0243763 seconds, Stopping threads took: 0.0127916 seconds
2016-06-27T18:50:19.365+0300: 815.701: [CMS-concurrent-sweep-start]
2016-06-27T18:50:19.377+0300: 815.713: [CMS-concurrent-sweep: 0.011/0.011 secs] [Times: user=0.00 sys=0.00, real=0.01 secs] 
2016-06-27T18:50:19.377+0300: 815.713: [CMS-concurrent-reset-start]
2016-06-27T18:50:19.384+0300: 815.720: [CMS-concurrent-reset: 0.008/0.008 secs] [Times: user=0.06 sys=0.00, real=0.01 secs] 
2016-06-27T18:50:19.406+0300: 815.743: [GC (Allocation Failure) 2016-06-27T18:50:19.406+0300: 815.743: [ParNew
Desired survivor size 17432576 bytes, new threshold 1 (max 6)
- age   1:   34856600 bytes,   34856600 total
: 305793K->34048K(306688K), 0.0425217 secs] 4324005K->4318315K(5208832K), 0.0426983 secs] [Times: user=0.19 sys=0.00, real=0.04 secs] 
2016-06-27T18:50:19.449+0300: 815.785: Total time for which application threads were stopped: 0.0525510 seconds, Stopping threads took: 0.0094016 seconds
2016-06-27T18:50:19.450+0300: 815.786: [GC (CMS Initial Mark) [1 CMS-initial-mark: 4284267K(4902144K)] 4319315K(5208832K), 0.0004430 secs] [Times: user=0.00 sys=0.00, real=0.00 secs] 
2016-06-27T18:50:19.450+0300: 815.786: Total time for which application threads were stopped: 0.0008844 seconds, Stopping threads took: 0.0000847 seconds
2016-06-27T18:50:19.450+0300: 815.786: [CMS-concurrent-mark-start]
2016-06-27T18:50:19.514+0300: 815.850: [CMS-concurrent-mark: 0.064/0.064 secs] [Times: user=0.25 sys=0.00, real=0.06 secs] 
2016-06-27T18:50:19.514+0300: 815.850: [CMS-concurrent-preclean-start]
2016-06-27T18:50:19.526+0300: 815.863: [CMS-concurrent-preclean: 0.013/0.013 secs] [Times: user=0.05 sys=0.00, real=0.01 secs] 
2016-06-27T18:50:19.527+0300: 815.863: [CMS-concurrent-abortable-preclean-start]
2016-06-27T18:50:19.650+0300: 815.987: Total time for which application threads were stopped: 0.0115728 seconds, Stopping threads took: 0.0097834 seconds
2016-06-27T18:50:19.944+0300: 816.280: [GC (Allocation Failure) 2016-06-27T18:50:19.944+0300: 816.280: [ParNew
Desired survivor size 17432576 bytes, new threshold 1 (max 6)
- age   1:   34848896 bytes,   34848896 total
: 306327K->34048K(306688K), 0.0391150 secs] 4590595K->4585362K(5208832K), 0.0392741 secs] [Times: user=0.13 sys=0.00, real=0.04 secs] 
2016-06-27T18:50:19.983+0300: 816.320: Total time for which application threads were stopped: 0.0423622 seconds, Stopping threads took: 0.0027011 seconds
2016-06-27T18:50:20.317+0300: 816.654: [GC (Allocation Failure) 2016-06-27T18:50:20.317+0300: 816.654: [ParNew2016-06-27T18:50:20.349+0300: 816.685: [CMS-concurrent-abortable-preclean: 0.091/0.823 secs] [Times: user=3.05 sys=0.01, real=0.82 secs] 

Desired survivor size 17432576 bytes, new threshold 1 (max 6)
- age   1:   34864128 bytes,   34864128 total
: 306008K->34048K(306688K), 0.0381968 secs] 4857323K->4852406K(5208832K), 0.0383709 secs] [Times: user=0.13 sys=0.00, real=0.04 secs] 
2016-06-27T18:50:20.356+0300: 816.692: Total time for which application threads were stopped: 0.0407178 seconds, Stopping threads took: 0.0019458 seconds
2016-06-27T18:50:20.356+0300: 816.692: [GC (CMS Final Remark) [YG occupancy: 35048 K (306688 K)]2016-06-27T18:50:20.356+0300: 816.693: [Rescan (parallel) , 0.0043052 secs]2016-06-27T18:50:20.361+0300: 816.697: [weak refs processing, 0.0000248 secs]2016-06-27T18:50:20.361+0300: 816.697: [class unloading, 0.0032100 secs]2016-06-27T18:50:20.364+0300: 816.700: [scrub symbol table, 0.0012038 secs]2016-06-27T18:50:20.365+0300: 816.701: [scrub string table, 0.0002947 secs][1 CMS-remark: 4818358K(4902144K)] 4853406K(5208832K), 0.0093648 secs] [Times: user=0.02 sys=0.00, real=0.01 secs] 
2016-06-27T18:50:20.366+0300: 816.702: Total time for which application threads were stopped: 0.0097633 seconds, Stopping threads took: 0.0000458 seconds
2016-06-27T18:50:20.366+0300: 816.702: [CMS-concurrent-sweep-start]
2016-06-27T18:50:20.375+0300: 816.711: [CMS-concurrent-sweep: 0.009/0.009 secs] [Times: user=0.00 sys=0.00, real=0.01 secs] 
2016-06-27T18:50:20.375+0300: 816.711: [CMS-concurrent-reset-start]
2016-06-27T18:50:20.381+0300: 816.718: [CMS-concurrent-reset: 0.006/0.006 secs] [Times: user=0.06 sys=0.00, real=0.01 secs] 
2016-06-27T18:50:20.635+0300: 816.972: Total time for which application threads were stopped: 0.0041534 seconds, Stopping threads took: 0.0024552 seconds
2016-06-27T18:50:20.768+0300: 817.104: [GC (Allocation Failure) 2016-06-27T18:50:20.768+0300: 817.104: [ParNew
Desired survivor size 17432576 bytes, new threshold 1 (max 6)
- age   1:   34858624 bytes,   34858624 total
: 306688K->34048K(306688K), 0.0393664 secs] 4616940K->4610369K(5208832K), 0.0395268 secs] [Times: user=0.17 sys=0.00, real=0.04 secs] 
2016-06-27T18:50:20.808+0300: 817.144: Total time for which application threads were stopped: 0.0406622 seconds, Stopping threads took: 0.0007818 seconds
2016-06-27T18:50:20.808+0300: 817.144: [GC (CMS Initial Mark) [1 CMS-initial-mark: 4576321K(4902144K)] 4611472K(5208832K), 0.0003584 secs] [Times: user=0.00 sys=0.00, real=0.00 secs] 
2016-06-27T18:50:20.809+0300: 817.145: Total time for which application threads were stopped: 0.0006842 seconds, Stopping threads took: 0.0000718 seconds
2016-06-27T18:50:20.809+0300: 817.145: [CMS-concurrent-mark-start]
2016-06-27T18:50:20.860+0300: 817.197: [CMS-concurrent-mark: 0.052/0.052 secs] [Times: user=0.17 sys=0.00, real=0.05 secs] 
2016-06-27T18:50:20.861+0300: 817.197: [CMS-concurrent-preclean-start]
2016-06-27T18:50:20.871+0300: 817.207: [CMS-concurrent-preclean: 0.010/0.010 secs] [Times: user=0.06 sys=0.00, real=0.01 secs] 
2016-06-27T18:50:20.871+0300: 817.207: [CMS-concurrent-abortable-preclean-start]
2016-06-27T18:50:21.158+0300: 817.494: [GC (Allocation Failure) 2016-06-27T18:50:21.158+0300: 817.494: [ParNew
Desired survivor size 17432576 bytes, new threshold 1 (max 6)
- age   1:   34860776 bytes,   34860776 total
: 306658K->34048K(306688K), 0.0386685 secs] 4882979K->4878414K(5208832K), 0.0388246 secs] [Times: user=0.19 sys=0.00, real=0.04 secs] 
2016-06-27T18:50:21.196+0300: 817.533: Total time for which application threads were stopped: 0.0466631 seconds, Stopping threads took: 0.0074044 seconds
2016-06-27T18:50:21.319+0300: 817.656: [CMS-concurrent-abortable-preclean: 0.055/0.449 secs] [Times: user=1.78 sys=0.00, real=0.45 secs] 
2016-06-27T18:50:21.339+0300: 817.675: [GC (CMS Final Remark) [YG occupancy: 143988 K (306688 K)]2016-06-27T18:50:21.339+0300: 817.676: [Rescan (parallel) , 0.0041863 secs]2016-06-27T18:50:21.343+0300: 817.680: [weak refs processing, 0.0000304 secs]2016-06-27T18:50:21.343+0300: 817.680: [class unloading, 0.0028157 secs]2016-06-27T18:50:21.346+0300: 817.683: [scrub symbol table, 0.0012770 secs]2016-06-27T18:50:21.347+0300: 817.684: [scrub string table, 0.0003139 secs][1 CMS-remark: 4844366K(4902144K)] 4988354K(5208832K), 0.0089602 secs] [Times: user=0.00 sys=0.00, real=0.01 secs] 
2016-06-27T18:50:21.348+0300: 817.685: Total time for which application threads were stopped: 0.0146938 seconds, Stopping threads took: 0.0053641 seconds
2016-06-27T18:50:21.562+0300: 817.898: [CMS-concurrent-sweep-start]
2016-06-27T18:50:21.571+0300: 817.907: [GC (Allocation Failure) 2016-06-27T18:50:21.571+0300: 817.908: [ParNew: 306688K->306688K(306688K), 0.0000372 secs]2016-06-27T18:50:21.571+0300: 817.908: [CMS2016-06-27T18:50:21.580+0300: 817.916: [CMS-concurrent-sweep: 0.009/0.018 secs] [Times: user=0.01 sys=0.00, real=0.02 secs] 
 (concurrent mode failure): 4844366K->3690135K(4902144K), 0.7264748 secs] 5151054K->3690135K(5208832K), [Metaspace: 9057K->9057K(1058816K)], 0.7268550 secs] [Times: user=0.72 sys=0.00, real=0.73 secs] 
2016-06-27T18:50:22.298+0300: 818.634: Total time for which application threads were stopped: 0.7350104 seconds, Stopping threads took: 0.0077628 seconds
2016-06-27T18:50:22.529+0300: 818.865: Total time for which application threads were stopped: 0.0022238 seconds, Stopping threads took: 0.0006077 seconds
2016-06-27T18:50:22.630+0300: 818.967: Total time for which application threads were stopped: 0.0019501 seconds, Stopping threads took: 0.0004088 seconds
2016-06-27T18:50:22.689+0300: 819.025: [GC (Allocation Failure) 2016-06-27T18:50:22.689+0300: 819.025: [ParNew
Desired survivor size 17432576 bytes, new threshold 1 (max 6)
- age   1:   33858536 bytes,   33858536 total
: 272640K->33086K(306688K), 0.0350082 secs] 3962775K->3955233K(5208832K), 0.0351797 secs] [Times: user=0.19 sys=0.00, real=0.04 secs] 
2016-06-27T18:50:22.724+0300: 819.060: Total time for which application threads were stopped: 0.0356082 seconds, Stopping threads took: 0.0000834 seconds
2016-06-27T18:50:23.041+0300: 819.377: [GC (Allocation Failure) 2016-06-27T18:50:23.041+0300: 819.377: [ParNew
Desired survivor size 17432576 bytes, new threshold 1 (max 6)
- age   1:   33825088 bytes,   33825088 total
: 305226K->33059K(306688K), 0.0385659 secs] 4227373K->4222286K(5208832K), 0.0388019 secs] [Times: user=0.13 sys=0.00, real=0.04 secs] 
2016-06-27T18:50:23.080+0300: 819.416: Total time for which application threads were stopped: 0.0402217 seconds, Stopping threads took: 0.0010482 seconds
2016-06-27T18:50:23.080+0300: 819.416: [GC (CMS Initial Mark) [1 CMS-initial-mark: 4189226K(4902144K)] 4223302K(5208832K), 0.0003400 secs] [Times: user=0.00 sys=0.00, real=0.00 secs] 
2016-06-27T18:50:23.080+0300: 819.417: Total time for which application threads were stopped: 0.0006808 seconds, Stopping threads took: 0.0000770 seconds
2016-06-27T18:50:23.080+0300: 819.417: [CMS-concurrent-mark-start]
2016-06-27T18:50:23.132+0300: 819.469: [CMS-concurrent-mark: 0.052/0.052 secs] [Times: user=0.25 sys=0.00, real=0.05 secs] 
2016-06-27T18:50:23.132+0300: 819.469: [CMS-concurrent-preclean-start]
2016-06-27T18:50:23.143+0300: 819.479: [CMS-concurrent-preclean: 0.010/0.010 secs] [Times: user=0.00 sys=0.00, real=0.01 secs] 
2016-06-27T18:50:23.143+0300: 819.479: [CMS-concurrent-abortable-preclean-start]
2016-06-27T18:50:23.446+0300: 819.782: [GC (Allocation Failure) 2016-06-27T18:50:23.446+0300: 819.782: [ParNew2016-06-27T18:50:23.478+0300: 819.814: [CMS-concurrent-abortable-preclean: 0.032/0.335 secs] [Times: user=1.36 sys=0.00, real=0.34 secs] 

Desired survivor size 17432576 bytes, new threshold 1 (max 6)
- age   1:   34857160 bytes,   34857160 total
: 304790K->34047K(306688K), 0.0371178 secs] 4494017K->4488315K(5208832K), 0.0372773 secs] [Times: user=0.13 sys=0.00, real=0.04 secs] 
2016-06-27T18:50:23.483+0300: 819.820: Total time for which application threads were stopped: 0.0384307 seconds, Stopping threads took: 0.0007732 seconds
2016-06-27T18:50:23.483+0300: 819.820: [GC (CMS Final Remark) [YG occupancy: 36154 K (306688 K)]2016-06-27T18:50:23.483+0300: 819.820: [Rescan (parallel) , 0.0043445 secs]2016-06-27T18:50:23.488+0300: 819.824: [weak refs processing, 0.0000239 secs]2016-06-27T18:50:23.488+0300: 819.824: [class unloading, 0.0026151 secs]2016-06-27T18:50:23.490+0300: 819.827: [scrub symbol table, 0.0013428 secs]2016-06-27T18:50:23.492+0300: 819.828: [scrub string table, 0.0002754 secs][1 CMS-remark: 4454268K(4902144K)] 4490422K(5208832K), 0.0088790 secs] [Times: user=0.02 sys=0.00, real=0.01 secs] 
2016-06-27T18:50:23.492+0300: 819.829: Total time for which application threads were stopped: 0.0093011 seconds, Stopping threads took: 0.0001031 seconds
2016-06-27T18:50:23.492+0300: 819.829: [CMS-concurrent-sweep-start]
2016-06-27T18:50:23.501+0300: 819.838: [CMS-concurrent-sweep: 0.009/0.009 secs] [Times: user=0.00 sys=0.00, real=0.01 secs] 
2016-06-27T18:50:23.501+0300: 819.838: [CMS-concurrent-reset-start]
2016-06-27T18:50:23.507+0300: 819.844: [CMS-concurrent-reset: 0.006/0.006 secs] [Times: user=0.06 sys=0.00, real=0.01 secs] 
2016-06-27T18:50:23.652+0300: 819.988: Total time for which application threads were stopped: 0.0025984 seconds, Stopping threads took: 0.0009917 seconds
2016-06-27T18:50:23.860+0300: 820.196: [GC (Allocation Failure) 2016-06-27T18:50:23.860+0300: 820.196: [ParNew
Desired survivor size 17432576 bytes, new threshold 1 (max 6)
- age   1:   34851288 bytes,   34851288 total
: 306687K->34046K(306688K), 0.0386086 secs] 4340847K->4334249K(5208832K), 0.0387425 secs] [Times: user=0.19 sys=0.00, real=0.04 secs] 
2016-06-27T18:50:23.899+0300: 820.235: Total time for which application threads were stopped: 0.0404920 seconds, Stopping threads took: 0.0014087 seconds
2016-06-27T18:50:23.933+0300: 820.269: [GC (CMS Initial Mark) [1 CMS-initial-mark: 4300203K(4902144K)] 4363096K(5208832K), 0.0003806 secs] [Times: user=0.00 sys=0.00, real=0.00 secs] 
2016-06-27T18:50:23.933+0300: 820.270: Total time for which application threads were stopped: 0.0010225 seconds, Stopping threads took: 0.0003964 seconds
2016-06-27T18:50:23.933+0300: 820.270: [CMS-concurrent-mark-start]
2016-06-27T18:50:23.985+0300: 820.322: [CMS-concurrent-mark: 0.052/0.052 secs] [Times: user=0.19 sys=0.00, real=0.05 secs] 
2016-06-27T18:50:23.985+0300: 820.322: [CMS-concurrent-preclean-start]
2016-06-27T18:50:23.996+0300: 820.332: [CMS-concurrent-preclean: 0.010/0.010 secs] [Times: user=0.06 sys=0.00, real=0.01 secs] 
2016-06-27T18:50:23.996+0300: 820.332: [CMS-concurrent-abortable-preclean-start]
2016-06-27T18:50:24.247+0300: 820.584: [GC (Allocation Failure) 2016-06-27T18:50:24.247+0300: 820.584: [ParNew
Desired survivor size 17432576 bytes, new threshold 1 (max 6)
- age   1:   34858728 bytes,   34858728 total
: 306565K->34048K(306688K), 0.0366632 secs] 4606768K->4591309K(5208832K), 0.0368228 secs] [Times: user=0.13 sys=0.00, real=0.04 secs] 
2016-06-27T18:50:24.285+0300: 820.621: Total time for which application threads were stopped: 0.0399519 seconds, Stopping threads took: 0.0027827 seconds
2016-06-27T18:50:24.628+0300: 820.964: [CMS-concurrent-abortable-preclean: 0.076/0.632 secs] [Times: user=2.44 sys=0.00, real=0.63 secs] 
2016-06-27T18:50:24.634+0300: 820.970: Total time for which application threads were stopped: 0.0027956 seconds, Stopping threads took: 0.0012363 seconds
2016-06-27T18:50:24.679+0300: 821.016: [GC (Allocation Failure) 2016-06-27T18:50:24.679+0300: 821.016: [ParNew
Desired survivor size 17432576 bytes, new threshold 1 (max 6)
- age   1:   33835896 bytes,   33835896 total
: 306688K->33059K(306688K), 0.0375626 secs] 4863949K->4857366K(5208832K), 0.0376913 secs] [Times: user=0.13 sys=0.00, real=0.04 secs] 
2016-06-27T18:50:24.717+0300: 821.053: Total time for which application threads were stopped: 0.0381532 seconds, Stopping threads took: 0.0001676 seconds
2016-06-27T18:50:25.024+0300: 821.361: [GC (Allocation Failure) 2016-06-27T18:50:25.024+0300: 821.361: [ParNew: 305017K->305017K(306688K), 0.0000248 secs]2016-06-27T18:50:25.024+0300: 821.361: [CMS (concurrent mode failure): 4824306K->3875154K(4902144K), 0.6218950 secs] 5129323K->3875154K(5208832K), [Metaspace: 9057K->9057K(1058816K)], 0.6220596 secs] [Times: user=0.63 sys=0.00, real=0.62 secs] 
2016-06-27T18:50:25.646+0300: 821.983: Total time for which application threads were stopped: 0.6235068 seconds, Stopping threads took: 0.0011410 seconds
2016-06-27T18:50:25.709+0300: 822.045: Total time for which application threads were stopped: 0.0019492 seconds, Stopping threads took: 0.0003806 seconds
2016-06-27T18:50:26.006+0300: 822.343: [GC (Allocation Failure) 2016-06-27T18:50:26.012+0300: 822.348: [ParNew
Desired survivor size 17432576 bytes, new threshold 1 (max 6)
- age   1:   34858616 bytes,   34858616 total
: 272598K->34048K(306688K), 0.0342243 secs] 4147753K->4141229K(5208832K), 0.0400866 secs] [Times: user=0.13 sys=0.00, real=0.03 secs] 
2016-06-27T18:50:26.037+0300: 822.383: Total time for which application threads were stopped: 0.0424597 seconds, Stopping threads took: 0.0019689 seconds
2016-06-27T18:50:26.368+0300: 822.704: [GC (Allocation Failure) 2016-06-27T18:50:26.368+0300: 822.705: [ParNew
Desired survivor size 17432576 bytes, new threshold 1 (max 6)
- age   1:   34858968 bytes,   34858968 total
: 306038K->34048K(306688K), 0.0390816 secs] 4413220K->4408276K(5208832K), 0.0392390 secs] [Times: user=0.13 sys=0.00, real=0.04 secs] 
2016-06-27T18:50:26.408+0300: 822.744: Total time for which application threads were stopped: 0.0408354 seconds, Stopping threads took: 0.0011889 seconds
2016-06-27T18:50:26.646+0300: 822.982: Total time for which application threads were stopped: 0.0026532 seconds, Stopping threads took: 0.0008921 seconds
2016-06-27T18:50:26.796+0300: 823.133: [GC (Allocation Failure) 2016-06-27T18:50:26.797+0300: 823.133: [ParNew
Desired survivor size 17432576 bytes, new threshold 1 (max 6)
- age   1:   33830520 bytes,   33830520 total
: 306688K->33052K(306688K), 0.0381600 secs] 4680916K->4674325K(5208832K), 0.0383555 secs] [Times: user=0.19 sys=0.00, real=0.04 secs] 
2016-06-27T18:50:26.835+0300: 823.171: Total time for which application threads were stopped: 0.0392574 seconds, Stopping threads took: 0.0005303 seconds
2016-06-27T18:50:27.154+0300: 823.490: [GC (Allocation Failure) 2016-06-27T18:50:27.154+0300: 823.490: [ParNew: 305194K->305194K(306688K), 0.0000351 secs]2016-06-27T18:50:27.154+0300: 823.490: [CMS: 4641273K->3936156K(4902144K), 0.7157860 secs] 4946468K->3936156K(5208832K), [Metaspace: 9057K->9057K(1058816K)], 0.7159849 secs] [Times: user=0.72 sys=0.00, real=0.72 secs] 
2016-06-27T18:50:27.870+0300: 824.206: Total time for which application threads were stopped: 0.7179585 seconds, Stopping threads took: 0.0015780 seconds
2016-06-27T18:50:27.912+0300: 824.249: Total time for which application threads were stopped: 0.0031929 seconds, Stopping threads took: 0.0015763 seconds
2016-06-27T18:50:28.244+0300: 824.581: [GC (Allocation Failure) 2016-06-27T18:50:28.244+0300: 824.581: [ParNew
Desired survivor size 17432576 bytes, new threshold 1 (max 6)
- age   1:   34861376 bytes,   34861376 total
: 272323K->34048K(306688K), 0.0354795 secs] 4208479K->4203225K(5208832K), 0.0356364 secs] [Times: user=0.13 sys=0.00, real=0.04 secs] 
2016-06-27T18:50:28.280+0300: 824.617: Total time for which application threads were stopped: 0.0453416 seconds, Stopping threads took: 0.0093006 seconds
2016-06-27T18:50:28.643+0300: 824.980: [GC (Allocation Failure) 2016-06-27T18:50:28.644+0300: 824.980: [ParNew
Desired survivor size 17432576 bytes, new threshold 1 (max 6)
- age   1:   34860080 bytes,   34860080 total
: 306334K->34048K(306688K), 0.0411506 secs] 4475511K->4469274K(5208832K), 0.0413375 secs] [Times: user=0.16 sys=0.00, real=0.04 secs] 
2016-06-27T18:50:28.685+0300: 825.021: Total time for which application threads were stopped: 0.0525506 seconds, Stopping threads took: 0.0107966 seconds
2016-06-27T18:50:28.686+0300: 825.023: [GC (CMS Initial Mark) [1 CMS-initial-mark: 4435226K(4902144K)] 4471333K(5208832K), 0.0004503 secs] [Times: user=0.00 sys=0.00, real=0.00 secs] 
2016-06-27T18:50:28.687+0300: 825.023: Total time for which application threads were stopped: 0.0008925 seconds, Stopping threads took: 0.0001159 seconds
2016-06-27T18:50:28.687+0300: 825.023: [CMS-concurrent-mark-start]
2016-06-27T18:50:28.740+0300: 825.076: [CMS-concurrent-mark: 0.053/0.053 secs] [Times: user=0.22 sys=0.00, real=0.05 secs] 
2016-06-27T18:50:28.740+0300: 825.076: [CMS-concurrent-preclean-start]
2016-06-27T18:50:28.750+0300: 825.086: [CMS-concurrent-preclean: 0.010/0.010 secs] [Times: user=0.00 sys=0.00, real=0.01 secs] 
2016-06-27T18:50:28.750+0300: 825.087: [CMS-concurrent-abortable-preclean-start]
2016-06-27T18:50:29.062+0300: 825.398: Total time for which application threads were stopped: 0.0132663 seconds, Stopping threads took: 0.0109347 seconds
2016-06-27T18:50:29.077+0300: 825.413: Total time for which application threads were stopped: 0.0034058 seconds, Stopping threads took: 0.0000808 seconds
2016-06-27T18:50:29.128+0300: 825.465: [GC (Allocation Failure) 2016-06-27T18:50:29.128+0300: 825.465: [ParNew
Desired survivor size 17432576 bytes, new threshold 1 (max 6)
- age   1:   34856024 bytes,   34856024 total
: 306024K->34048K(306688K), 0.0450572 secs] 4741250K->4734324K(5208832K), 0.0452424 secs] [Times: user=0.19 sys=0.00, real=0.05 secs] 
2016-06-27T18:50:29.174+0300: 825.510: Total time for which application threads were stopped: 0.0548787 seconds, Stopping threads took: 0.0091351 seconds
2016-06-27T18:50:29.528+0300: 825.865: [CMS-concurrent-abortable-preclean: 0.110/0.778 secs] [Times: user=3.02 sys=0.02, real=0.78 secs] 
2016-06-27T18:50:29.551+0300: 825.887: [GC (CMS Final Remark) [YG occupancy: 282711 K (306688 K)]2016-06-27T18:50:29.551+0300: 825.887: [Rescan (parallel) , 0.0050814 secs]2016-06-27T18:50:29.556+0300: 825.892: [weak refs processing, 0.0000308 secs]2016-06-27T18:50:29.556+0300: 825.892: [class unloading, 0.0032899 secs]2016-06-27T18:50:29.559+0300: 825.896: [scrub symbol table, 0.0013646 secs]2016-06-27T18:50:29.561+0300: 825.897: [scrub string table, 0.0003537 secs][1 CMS-remark: 4700276K(4902144K)] 4982988K(5208832K), 0.0104951 secs] [Times: user=0.06 sys=0.00, real=0.01 secs] 
2016-06-27T18:50:29.561+0300: 825.898: Total time for which application threads were stopped: 0.0177305 seconds, Stopping threads took: 0.0067869 seconds
2016-06-27T18:50:29.561+0300: 825.898: [CMS-concurrent-sweep-start]
2016-06-27T18:50:29.572+0300: 825.909: [CMS-concurrent-sweep: 0.011/0.011 secs] [Times: user=0.06 sys=0.00, real=0.01 secs] 
2016-06-27T18:50:29.572+0300: 825.909: [CMS-concurrent-reset-start]
2016-06-27T18:50:29.580+0300: 825.917: [CMS-concurrent-reset: 0.008/0.008 secs] [Times: user=0.00 sys=0.00, real=0.01 secs] 
2016-06-27T18:50:29.613+0300: 825.950: [GC (Allocation Failure) 2016-06-27T18:50:29.613+0300: 825.950: [ParNew
Desired survivor size 17432576 bytes, new threshold 1 (max 6)
- age   1:   34846744 bytes,   34846744 total
: 306409K->34048K(306688K), 0.0416505 secs] 4451574K->4445257K(5208832K), 0.0418255 secs] [Times: user=0.19 sys=0.00, real=0.04 secs] 
2016-06-27T18:50:29.655+0300: 825.992: Total time for which application threads were stopped: 0.0523500 seconds, Stopping threads took: 0.0100199 seconds
2016-06-27T18:50:29.759+0300: 826.095: Total time for which application threads were stopped: 0.0047247 seconds, Stopping threads took: 0.0026643 seconds
2016-06-27T18:50:30.127+0300: 826.463: [GC (Allocation Failure) 2016-06-27T18:50:30.127+0300: 826.463: [ParNew
Desired survivor size 17432576 bytes, new threshold 1 (max 6)
- age   1:   34856512 bytes,   34856512 total
: 306688K->34048K(306688K), 0.0418755 secs] 4717897K->4711290K(5208832K), 0.0420684 secs] [Times: user=0.17 sys=0.00, real=0.04 secs] 
2016-06-27T18:50:30.169+0300: 826.506: Total time for which application threads were stopped: 0.0476095 seconds, Stopping threads took: 0.0050686 seconds
2016-06-27T18:50:30.611+0300: 826.948: [GC (Allocation Failure) 2016-06-27T18:50:30.612+0300: 826.948: [ParNew: 305910K->305910K(306688K), 0.0000470 secs]2016-06-27T18:50:30.612+0300: 826.948: [CMS: 4677242K->3941154K(4902144K), 0.6313282 secs] 4983153K->3941154K(5208832K), [Metaspace: 9057K->9057K(1058816K)], 0.6319008 secs] [Times: user=0.64 sys=0.00, real=0.63 secs] 
2016-06-27T18:50:31.243+0300: 827.580: Total time for which application threads were stopped: 0.6410611 seconds, Stopping threads took: 0.0087738 seconds
2016-06-27T18:50:31.246+0300: 827.583: Total time for which application threads were stopped: 0.0012885 seconds, Stopping threads took: 0.0000693 seconds
2016-06-27T18:50:31.585+0300: 827.922: [GC (Allocation Failure) 2016-06-27T18:50:31.585+0300: 827.922: [ParNew
Desired survivor size 17432576 bytes, new threshold 1 (max 6)
- age   1:   34853424 bytes,   34853424 total
: 272640K->34047K(306688K), 0.0347645 secs] 4213794K->4208217K(5208832K), 0.0349103 secs] [Times: user=0.13 sys=0.00, real=0.03 secs] 
2016-06-27T18:50:31.620+0300: 827.957: Total time for which application threads were stopped: 0.0358195 seconds, Stopping threads took: 0.0006291 seconds
2016-06-27T18:50:31.958+0300: 828.294: [GC (Allocation Failure) 2016-06-27T18:50:31.958+0300: 828.295: [ParNew
Desired survivor size 17432576 bytes, new threshold 1 (max 6)
- age   1:   34848368 bytes,   34848368 total
: 306660K->34045K(306688K), 0.0391479 secs] 4480830K->4476255K(5208832K), 0.0393301 secs] [Times: user=0.13 sys=0.00, real=0.04 secs] 
2016-06-27T18:50:31.998+0300: 828.334: Total time for which application threads were stopped: 0.0404604 seconds, Stopping threads took: 0.0007125 seconds
2016-06-27T18:50:32.090+0300: 828.426: [GC (CMS Initial Mark) [1 CMS-initial-mark: 4442209K(4902144K)] 4553701K(5208832K), 0.0003952 secs] [Times: user=0.00 sys=0.00, real=0.00 secs] 
2016-06-27T18:50:32.090+0300: 828.426: Total time for which application threads were stopped: 0.0014121 seconds, Stopping threads took: 0.0007014 seconds
2016-06-27T18:50:32.090+0300: 828.426: [CMS-concurrent-mark-start]
2016-06-27T18:50:32.141+0300: 828.478: [CMS-concurrent-mark: 0.051/0.051 secs] [Times: user=0.19 sys=0.00, real=0.05 secs] 
2016-06-27T18:50:32.141+0300: 828.478: [CMS-concurrent-preclean-start]
2016-06-27T18:50:32.152+0300: 828.488: [CMS-concurrent-preclean: 0.010/0.010 secs] [Times: user=0.06 sys=0.00, real=0.01 secs] 
2016-06-27T18:50:32.152+0300: 828.488: [CMS-concurrent-abortable-preclean-start]
2016-06-27T18:50:32.355+0300: 828.691: [GC (Allocation Failure) 2016-06-27T18:50:32.355+0300: 828.691: [ParNew2016-06-27T18:50:32.387+0300: 828.723: [CMS-concurrent-abortable-preclean: 0.031/0.235 secs] [Times: user=0.92 sys=0.00, real=0.24 secs] 

Desired survivor size 17432576 bytes, new threshold 1 (max 6)
- age   1:   34849320 bytes,   34849320 total
: 305887K->34048K(306688K), 0.0397821 secs] 4748096K->4744293K(5208832K), 0.0399412 secs] [Times: user=0.13 sys=0.00, real=0.04 secs] 
2016-06-27T18:50:32.395+0300: 828.731: Total time for which application threads were stopped: 0.0408654 seconds, Stopping threads took: 0.0005179 seconds
2016-06-27T18:50:32.395+0300: 828.732: [GC (CMS Final Remark) [YG occupancy: 35048 K (306688 K)]2016-06-27T18:50:32.395+0300: 828.732: [Rescan (parallel) , 0.0042068 secs]2016-06-27T18:50:32.399+0300: 828.736: [weak refs processing, 0.0000197 secs]2016-06-27T18:50:32.399+0300: 828.736: [class unloading, 0.0021669 secs]2016-06-27T18:50:32.402+0300: 828.738: [scrub symbol table, 0.0008010 secs]2016-06-27T18:50:32.402+0300: 828.739: [scrub string table, 0.0001903 secs][1 CMS-remark: 4710245K(4902144K)] 4745293K(5208832K), 0.0076332 secs] [Times: user=0.00 sys=0.00, real=0.01 secs] 
2016-06-27T18:50:32.403+0300: 828.739: Total time for which application threads were stopped: 0.0079557 seconds, Stopping threads took: 0.0000530 seconds
2016-06-27T18:50:32.403+0300: 828.739: [CMS-concurrent-sweep-start]
2016-06-27T18:50:32.410+0300: 828.747: [CMS-concurrent-sweep: 0.008/0.008 secs] [Times: user=0.00 sys=0.00, real=0.01 secs] 
2016-06-27T18:50:32.410+0300: 828.747: [CMS-concurrent-reset-start]
2016-06-27T18:50:32.416+0300: 828.752: [CMS-concurrent-reset: 0.005/0.005 secs] [Times: user=0.06 sys=0.00, real=0.01 secs] 
2016-06-27T18:50:32.626+0300: 828.962: Total time for which application threads were stopped: 0.0016460 seconds, Stopping threads took: 0.0004289 seconds
2016-06-27T18:50:32.765+0300: 829.101: [GC (Allocation Failure) 2016-06-27T18:50:32.765+0300: 829.101: [ParNew
Desired survivor size 17432576 bytes, new threshold 1 (max 6)
- age   1:   34853640 bytes,   34853640 total
: 306688K->34048K(306688K), 0.0398129 secs] 4341840K->4335236K(5208832K), 0.0399848 secs] [Times: user=0.17 sys=0.00, real=0.04 secs] 
2016-06-27T18:50:32.805+0300: 829.141: Total time for which application threads were stopped: 0.0414217 seconds, Stopping threads took: 0.0009742 seconds
2016-06-27T18:50:33.096+0300: 829.432: [GC (CMS Initial Mark) [1 CMS-initial-mark: 4301188K(4902144K)] 4563833K(5208832K), 0.0005568 secs] [Times: user=0.00 sys=0.00, real=0.00 secs] 
2016-06-27T18:50:33.096+0300: 829.433: Total time for which application threads were stopped: 0.0033537 seconds, Stopping threads took: 0.0024090 seconds
2016-06-27T18:50:33.096+0300: 829.433: [CMS-concurrent-mark-start]
2016-06-27T18:50:33.148+0300: 829.485: [CMS-concurrent-mark: 0.052/0.052 secs] [Times: user=0.25 sys=0.00, real=0.05 secs] 
2016-06-27T18:50:33.148+0300: 829.485: [CMS-concurrent-preclean-start]
2016-06-27T18:50:33.158+0300: 829.495: [CMS-concurrent-preclean: 0.010/0.010 secs] [Times: user=0.00 sys=0.00, real=0.01 secs] 
2016-06-27T18:50:33.159+0300: 829.495: [CMS-concurrent-abortable-preclean-start]
2016-06-27T18:50:33.195+0300: 829.531: [GC (Allocation Failure) 2016-06-27T18:50:33.195+0300: 829.531: [ParNew
Desired survivor size 17432576 bytes, new threshold 1 (max 6)
- age   1:   34854528 bytes,   34854528 total
: 306688K->34048K(306688K), 0.0389148 secs] 4607876K->4602280K(5208832K), 0.0391004 secs] [Times: user=0.13 sys=0.00, real=0.04 secs] 
2016-06-27T18:50:33.234+0300: 829.570: Total time for which application threads were stopped: 0.0400674 seconds, Stopping threads took: 0.0005761 seconds
2016-06-27T18:50:33.557+0300: 829.894: [GC (Allocation Failure) 2016-06-27T18:50:33.557+0300: 829.894: [ParNew2016-06-27T18:50:33.589+0300: 829.925: [CMS-concurrent-abortable-preclean: 0.054/0.430 secs] [Times: user=1.75 sys=0.00, real=0.43 secs] 

Desired survivor size 17432576 bytes, new threshold 1 (max 6)
- age   1:   34848632 bytes,   34848632 total
: 306571K->34037K(306688K), 0.0383897 secs] 4874804K->4870311K(5208832K), 0.0385595 secs] [Times: user=0.13 sys=0.00, real=0.04 secs] 
2016-06-27T18:50:33.596+0300: 829.932: Total time for which application threads were stopped: 0.0399232 seconds, Stopping threads took: 0.0009973 seconds
2016-06-27T18:50:33.667+0300: 830.003: Total time for which application threads were stopped: 0.0024432 seconds, Stopping threads took: 0.0004101 seconds
2016-06-27T18:50:34.041+0300: 830.377: [GC (Allocation Failure) 2016-06-27T18:50:34.041+0300: 830.377: [ParNew: 306490K->306490K(306688K), 0.0000364 secs]2016-06-27T18:50:34.041+0300: 830.377: [CMS (concurrent mode failure): 4836273K->3756141K(4902144K), 0.6062402 secs] 5142764K->3756141K(5208832K), [Metaspace: 9057K->9057K(1058816K)], 0.6064451 secs] [Times: user=0.61 sys=0.00, real=0.61 secs] 
2016-06-27T18:50:34.648+0300: 830.984: Total time for which application threads were stopped: 0.6085231 seconds, Stopping threads took: 0.0016666 seconds
2016-06-27T18:50:34.651+0300: 830.987: Total time for which application threads were stopped: 0.0014574 seconds, Stopping threads took: 0.0000783 seconds
2016-06-27T18:50:35.037+0300: 831.373: [GC (Allocation Failure) 2016-06-27T18:50:35.037+0300: 831.373: [ParNew
Desired survivor size 17432576 bytes, new threshold 1 (max 6)
- age   1:   34848656 bytes,   34848656 total
: 272586K->34048K(306688K), 0.0384560 secs] 4028728K->4022201K(5208832K), 0.0386035 secs] [Times: user=0.13 sys=0.00, real=0.04 secs] 
2016-06-27T18:50:35.075+0300: 831.412: Total time for which application threads were stopped: 0.0396820 seconds, Stopping threads took: 0.0006667 seconds
2016-06-27T18:50:35.456+0300: 831.792: [GC (Allocation Failure) 2016-06-27T18:50:35.456+0300: 831.792: [ParNew
Desired survivor size 17432576 bytes, new threshold 1 (max 6)
- age   1:   34848808 bytes,   34848808 total
: 306541K->34048K(306688K), 0.0385193 secs] 4294694K->4289236K(5208832K), 0.0386809 secs] [Times: user=0.19 sys=0.00, real=0.04 secs] 
2016-06-27T18:50:35.495+0300: 831.831: Total time for which application threads were stopped: 0.0397637 seconds, Stopping threads took: 0.0006890 seconds
2016-06-27T18:50:35.495+0300: 831.831: [GC (CMS Initial Mark) [1 CMS-initial-mark: 4255188K(4902144K)] 4290236K(5208832K), 0.0003438 secs] [Times: user=0.00 sys=0.00, real=0.00 secs] 
2016-06-27T18:50:35.495+0300: 831.832: Total time for which application threads were stopped: 0.0006462 seconds, Stopping threads took: 0.0000718 seconds
2016-06-27T18:50:35.495+0300: 831.832: [CMS-concurrent-mark-start]
2016-06-27T18:50:35.546+0300: 831.882: [CMS-concurrent-mark: 0.050/0.050 secs] [Times: user=0.19 sys=0.00, real=0.05 secs] 
2016-06-27T18:50:35.546+0300: 831.882: [CMS-concurrent-preclean-start]
2016-06-27T18:50:35.556+0300: 831.892: [CMS-concurrent-preclean: 0.010/0.010 secs] [Times: user=0.06 sys=0.00, real=0.01 secs] 
2016-06-27T18:50:35.556+0300: 831.892: [CMS-concurrent-abortable-preclean-start]
2016-06-27T18:50:35.629+0300: 831.965: Total time for which application threads were stopped: 0.0024500 seconds, Stopping threads took: 0.0005705 seconds
2016-06-27T18:50:35.875+0300: 832.211: [GC (Allocation Failure) 2016-06-27T18:50:35.875+0300: 832.211: [ParNew
Desired survivor size 17432576 bytes, new threshold 1 (max 6)
- age   1:   34849488 bytes,   34849488 total
: 305866K->34047K(306688K), 0.0390418 secs] 4561054K->4556273K(5208832K), 0.0392292 secs] [Times: user=0.19 sys=0.00, real=0.04 secs] 
2016-06-27T18:50:35.915+0300: 832.251: Total time for which application threads were stopped: 0.0403252 seconds, Stopping threads took: 0.0006736 seconds
2016-06-27T18:50:36.245+0300: 832.581: [GC (Allocation Failure) 2016-06-27T18:50:36.245+0300: 832.581: [ParNew2016-06-27T18:50:36.277+0300: 832.613: [CMS-concurrent-abortable-preclean: 0.095/0.721 secs] [Times: user=2.81 sys=0.00, real=0.72 secs] 

Desired survivor size 17432576 bytes, new threshold 1 (max 6)
- age   1:   34848040 bytes,   34848040 total
: 306525K->34040K(306688K), 0.0385778 secs] 4828750K->4824304K(5208832K), 0.0387634 secs] [Times: user=0.13 sys=0.00, real=0.04 secs] 
2016-06-27T18:50:36.284+0300: 832.620: Total time for which application threads were stopped: 0.0426158 seconds, Stopping threads took: 0.0033969 seconds
2016-06-27T18:50:36.619+0300: 832.955: [GC (Allocation Failure) 2016-06-27T18:50:36.619+0300: 832.955: [ParNew: 306123K->306123K(306688K), 0.0000351 secs]2016-06-27T18:50:36.619+0300: 832.955: [CMS (concurrent mode failure): 4790264K->3861145K(4902144K), 0.7113769 secs] 5096387K->3861145K(5208832K), [Metaspace: 9057K->9057K(1058816K)], 0.7115946 secs] [Times: user=0.70 sys=0.00, real=0.71 secs] 
2016-06-27T18:50:37.330+0300: 833.666: Total time for which application threads were stopped: 0.7134583 seconds, Stopping threads took: 0.0013899 seconds
2016-06-27T18:50:37.662+0300: 833.998: [GC (Allocation Failure) 2016-06-27T18:50:37.662+0300: 833.998: [ParNew
Desired survivor size 17432576 bytes, new threshold 1 (max 6)
- age   1:   34844512 bytes,   34844512 total
: 271865K->34039K(306688K), 0.0362574 secs] 4133011K->4128197K(5208832K), 0.0364186 secs] [Times: user=0.13 sys=0.00, real=0.04 secs] 
2016-06-27T18:50:37.698+0300: 834.035: Total time for which application threads were stopped: 0.0384106 seconds, Stopping threads took: 0.0014938 seconds
2016-06-27T18:50:38.017+0300: 834.354: [GC (Allocation Failure) 2016-06-27T18:50:38.017+0300: 834.354: [ParNew
Desired survivor size 17432576 bytes, new threshold 1 (max 6)
- age   1:   34847352 bytes,   34847352 total
: 306006K->34043K(306688K), 0.0387177 secs] 4400164K->4395232K(5208832K), 0.0388977 secs] [Times: user=0.19 sys=0.00, real=0.04 secs] 
2016-06-27T18:50:38.056+0300: 834.393: Total time for which application threads were stopped: 0.0401366 seconds, Stopping threads took: 0.0006860 seconds
2016-06-27T18:50:38.381+0300: 834.717: [GC (Allocation Failure) 2016-06-27T18:50:38.381+0300: 834.717: [ParNew
Desired survivor size 17432576 bytes, new threshold 1 (max 6)
- age   1:   34861912 bytes,   34861912 total
: 306502K->34048K(306688K), 0.0390602 secs] 4667692K->4662508K(5208832K), 0.0391731 secs] [Times: user=0.13 sys=0.00, real=0.04 secs] 
2016-06-27T18:50:38.420+0300: 834.756: Total time for which application threads were stopped: 0.0413794 seconds, Stopping threads took: 0.0018171 seconds
2016-06-27T18:50:38.808+0300: 835.144: [GC (Allocation Failure) 2016-06-27T18:50:38.808+0300: 835.144: [ParNew: 306688K->306688K(306688K), 0.0000449 secs]2016-06-27T18:50:38.808+0300: 835.144: [CMS: 4628460K->3879141K(4902144K), 0.5922320 secs] 4935148K->3879141K(5208832K), [Metaspace: 9057K->9057K(1058816K)], 0.5924595 secs] [Times: user=0.59 sys=0.00, real=0.59 secs] 
2016-06-27T18:50:39.400+0300: 835.737: Total time for which application threads were stopped: 0.5936437 seconds, Stopping threads took: 0.0006564 seconds
2016-06-27T18:50:39.735+0300: 836.071: [GC (Allocation Failure) 2016-06-27T18:50:39.741+0300: 836.077: [ParNew
Desired survivor size 17432576 bytes, new threshold 1 (max 6)
- age   1:   34848624 bytes,   34848624 total
: 272429K->34048K(306688K), 0.0353063 secs] 4151571K->4146201K(5208832K), 0.0411634 secs] [Times: user=0.13 sys=0.00, real=0.04 secs] 
2016-06-27T18:50:39.776+0300: 836.113: Total time for which application threads were stopped: 0.0423335 seconds, Stopping threads took: 0.0008622 seconds
2016-06-27T18:50:40.092+0300: 836.429: [GC (Allocation Failure) 2016-06-27T18:50:40.093+0300: 836.429: [ParNew
Desired survivor size 17432576 bytes, new threshold 1 (max 6)
- age   1:   34864552 bytes,   34864552 total
: 306196K->34048K(306688K), 0.0394143 secs] 4418350K->4413265K(5208832K), 0.0395550 secs] [Times: user=0.19 sys=0.00, real=0.04 secs] 
2016-06-27T18:50:40.132+0300: 836.468: Total time for which application threads were stopped: 0.0404771 seconds, Stopping threads took: 0.0005222 seconds
2016-06-27T18:50:40.449+0300: 836.785: [GC (Allocation Failure) 2016-06-27T18:50:40.449+0300: 836.785: [ParNew
Desired survivor size 17432576 bytes, new threshold 1 (max 6)
- age   1:   34851528 bytes,   34851528 total
: 306240K->34044K(306688K), 0.0391051 secs] 4685458K->4680316K(5208832K), 0.0392399 secs] [Times: user=0.13 sys=0.00, real=0.04 secs] 
2016-06-27T18:50:40.488+0300: 836.824: Total time for which application threads were stopped: 0.0416253 seconds, Stopping threads took: 0.0019334 seconds
2016-06-27T18:50:40.811+0300: 837.148: [GC (Allocation Failure) 2016-06-27T18:50:40.811+0300: 837.148: [ParNew: 306493K->306493K(306688K), 0.0000304 secs]2016-06-27T18:50:40.811+0300: 837.148: [CMS: 4646272K->3732132K(4902144K), 0.5776323 secs] 4952766K->3732132K(5208832K), [Metaspace: 9057K->9057K(1058816K)], 0.5778034 secs] [Times: user=0.58 sys=0.00, real=0.58 secs] 
2016-06-27T18:50:41.389+0300: 837.726: Total time for which application threads were stopped: 0.5792356 seconds, Stopping threads took: 0.0009554 seconds
2016-06-27T18:50:41.512+0300: 837.849: Total time for which application threads were stopped: 0.0011816 seconds, Stopping threads took: 0.0004063 seconds
2016-06-27T18:50:41.809+0300: 838.146: [GC (Allocation Failure) 2016-06-27T18:50:41.809+0300: 838.146: [ParNew
Desired survivor size 17432576 bytes, new threshold 1 (max 6)
- age   1:   34855736 bytes,   34855736 total
: 272640K->34046K(306688K), 0.0344647 secs] 4004772K->3998230K(5208832K), 0.0346336 secs] [Times: user=0.13 sys=0.00, real=0.04 secs] 
2016-06-27T18:50:41.844+0300: 838.180: Total time for which application threads were stopped: 0.0355218 seconds, Stopping threads took: 0.0005166 seconds
2016-06-27T18:50:42.158+0300: 838.494: [GC (Allocation Failure) 2016-06-27T18:50:42.158+0300: 838.494: [ParNew
Desired survivor size 17432576 bytes, new threshold 1 (max 6)
- age   1:   34858160 bytes,   34858160 total
: 306003K->34047K(306688K), 0.0387981 secs] 4270187K->4265274K(5208832K), 0.0389687 secs] [Times: user=0.19 sys=0.00, real=0.04 secs] 
2016-06-27T18:50:42.197+0300: 838.533: Total time for which application threads were stopped: 0.0403240 seconds, Stopping threads took: 0.0009494 seconds
2016-06-27T18:50:42.510+0300: 838.847: [GC (Allocation Failure) 2016-06-27T18:50:42.510+0300: 838.847: [ParNew
Desired survivor size 17432576 bytes, new threshold 1 (max 6)
- age   1:   34848928 bytes,   34848928 total
: 306382K->34048K(306688K), 0.0388447 secs] 4537609K->4532320K(5208832K), 0.0390123 secs] [Times: user=0.13 sys=0.00, real=0.04 secs] 
2016-06-27T18:50:42.550+0300: 838.886: Total time for which application threads were stopped: 0.0428206 seconds, Stopping threads took: 0.0033712 seconds
2016-06-27T18:50:42.872+0300: 839.209: [GC (Allocation Failure) 2016-06-27T18:50:42.878+0300: 839.215: [ParNew
Desired survivor size 17432576 bytes, new threshold 1 (max 6)
- age   1:   34845648 bytes,   34845648 total
: 306296K->34034K(306688K), 0.0753266 secs] 4804569K->4799341K(5208832K), 0.0811457 secs] [Times: user=0.28 sys=0.00, real=0.08 secs] 
2016-06-27T18:50:42.954+0300: 839.290: Total time for which application threads were stopped: 0.0831702 seconds, Stopping threads took: 0.0015481 seconds
2016-06-27T18:50:43.386+0300: 839.722: [GC (Allocation Failure) 2016-06-27T18:50:43.386+0300: 839.722: [ParNew: 306674K->306674K(306688K), 0.0000364 secs]2016-06-27T18:50:43.386+0300: 839.722: [CMS: 4765307K->3700129K(4902144K), 0.7498936 secs] 5071981K->3700129K(5208832K), [Metaspace: 9057K->9057K(1058816K)], 0.7501139 secs] [Times: user=0.75 sys=0.00, real=0.75 secs] 
2016-06-27T18:50:44.136+0300: 840.472: Total time for which application threads were stopped: 0.7607766 seconds, Stopping threads took: 0.0101414 seconds
2016-06-27T18:50:44.523+0300: 840.860: [GC (Allocation Failure) 2016-06-27T18:50:44.523+0300: 840.860: [ParNew
Desired survivor size 17432576 bytes, new threshold 1 (max 6)
- age   1:   34859464 bytes,   34859464 total
: 272215K->34048K(306688K), 0.0362668 secs] 3972345K->3966189K(5208832K), 0.0364285 secs] [Times: user=0.13 sys=0.00, real=0.04 secs] 
2016-06-27T18:50:44.560+0300: 840.896: Total time for which application threads were stopped: 0.0379329 seconds, Stopping threads took: 0.0010324 seconds
2016-06-27T18:50:44.881+0300: 841.217: [GC (Allocation Failure) 2016-06-27T18:50:44.881+0300: 841.217: [ParNew
Desired survivor size 17432576 bytes, new threshold 1 (max 6)
- age   1:   34845648 bytes,   34845648 total
: 306102K->34039K(306688K), 0.0394503 secs] 4238244K->4233227K(5208832K), 0.0396059 secs] [Times: user=0.13 sys=0.00, real=0.04 secs] 
2016-06-27T18:50:44.920+0300: 841.257: Total time for which application threads were stopped: 0.0436314 seconds, Stopping threads took: 0.0035213 seconds
2016-06-27T18:50:45.267+0300: 841.604: [GC (Allocation Failure) 2016-06-27T18:50:45.268+0300: 841.604: [ParNew
Desired survivor size 17432576 bytes, new threshold 1 (max 6)
- age   1:   34846288 bytes,   34846288 total
: 306092K->34039K(306688K), 0.0420876 secs] 4505280K->4500258K(5208832K), 0.0422565 secs] [Times: user=0.17 sys=0.00, real=0.04 secs] 
2016-06-27T18:50:45.310+0300: 841.646: Total time for which application threads were stopped: 0.0457287 seconds, Stopping threads took: 0.0029333 seconds
2016-06-27T18:50:45.702+0300: 842.038: [GC (Allocation Failure) 2016-06-27T18:50:45.702+0300: 842.038: [ParNew
Desired survivor size 17432576 bytes, new threshold 1 (max 6)
- age   1:   34845224 bytes,   34845224 total
: 306679K->34044K(306688K), 0.0392450 secs] 4772898K->4767297K(5208832K), 0.0394126 secs] [Times: user=0.19 sys=0.00, real=0.04 secs] 
2016-06-27T18:50:45.741+0300: 842.077: Total time for which application threads were stopped: 0.0421432 seconds, Stopping threads took: 0.0022918 seconds
2016-06-27T18:50:46.081+0300: 842.417: [GC (Allocation Failure) 2016-06-27T18:50:46.081+0300: 842.417: [ParNew: 306050K->306050K(306688K), 0.0000308 secs]2016-06-27T18:50:46.081+0300: 842.417: [CMS: 4733252K->3759133K(4902144K), 0.5742919 secs] 5039303K->3759133K(5208832K), [Metaspace: 9057K->9057K(1058816K)], 0.5744660 secs] [Times: user=0.58 sys=0.00, real=0.57 secs] 
2016-06-27T18:50:46.655+0300: 842.991: Total time for which application threads were stopped: 0.5784282 seconds, Stopping threads took: 0.0035153 seconds
2016-06-27T18:50:46.977+0300: 843.313: [GC (Allocation Failure) 2016-06-27T18:50:46.977+0300: 843.313: [ParNew
Desired survivor size 17432576 bytes, new threshold 1 (max 6)
- age   1:   34849824 bytes,   34849824 total
: 272109K->34048K(306688K), 0.0358870 secs] 4031242K->4026194K(5208832K), 0.0360932 secs] [Times: user=0.13 sys=0.00, real=0.04 secs] 
2016-06-27T18:50:47.013+0300: 843.349: Total time for which application threads were stopped: 0.0379287 seconds, Stopping threads took: 0.0013390 seconds
2016-06-27T18:50:47.378+0300: 843.714: Total time for which application threads were stopped: 0.0025445 seconds, Stopping threads took: 0.0015802 seconds
2016-06-27T18:50:47.429+0300: 843.766: [GC (Allocation Failure) 2016-06-27T18:50:47.429+0300: 843.766: [ParNew
Desired survivor size 17432576 bytes, new threshold 1 (max 6)
- age   1:   34856488 bytes,   34856488 total
: 306688K->34047K(306688K), 0.0390936 secs] 4298834K->4293254K(5208832K), 0.0393433 secs] [Times: user=0.13 sys=0.00, real=0.04 secs] 
2016-06-27T18:50:47.469+0300: 843.805: Total time for which application threads were stopped: 0.0397949 seconds, Stopping threads took: 0.0000860 seconds
2016-06-27T18:50:47.631+0300: 843.968: Total time for which application threads were stopped: 0.0011478 seconds, Stopping threads took: 0.0004631 seconds
2016-06-27T18:50:47.797+0300: 844.133: [GC (Allocation Failure) 2016-06-27T18:50:47.797+0300: 844.134: [ParNew
Desired survivor size 17432576 bytes, new threshold 1 (max 6)
- age   1:   34849056 bytes,   34849056 total
: 306614K->34046K(306688K), 0.0397317 secs] 4565820K->4561293K(5208832K), 0.0398959 secs] [Times: user=0.19 sys=0.00, real=0.04 secs] 
2016-06-27T18:50:47.837+0300: 844.173: Total time for which application threads were stopped: 0.0407525 seconds, Stopping threads took: 0.0004888 seconds
2016-06-27T18:50:48.166+0300: 844.502: [GC (Allocation Failure) 2016-06-27T18:50:48.166+0300: 844.502: [ParNew
Desired survivor size 17432576 bytes, new threshold 1 (max 6)
- age   1:   34857296 bytes,   34857296 total
: 305886K->34048K(306688K), 0.0388836 secs] 4833132K->4827438K(5208832K), 0.0390444 secs] [Times: user=0.13 sys=0.00, real=0.04 secs] 
2016-06-27T18:50:48.205+0300: 844.541: Total time for which application threads were stopped: 0.0407349 seconds, Stopping threads took: 0.0012984 seconds
2016-06-27T18:50:48.481+0300: 844.817: [GC (CMS Initial Mark) [1 CMS-initial-mark: 4793390K(4902144K)] 5060627K(5208832K), 0.0004837 secs] [Times: user=0.00 sys=0.00, real=0.00 secs] 
2016-06-27T18:50:48.481+0300: 844.818: Total time for which application threads were stopped: 0.0031262 seconds, Stopping threads took: 0.0022892 seconds
2016-06-27T18:50:48.481+0300: 844.818: [CMS-concurrent-mark-start]
2016-06-27T18:50:48.532+0300: 844.868: [CMS-concurrent-mark: 0.050/0.050 secs] [Times: user=0.19 sys=0.00, real=0.05 secs] 
2016-06-27T18:50:48.532+0300: 844.868: [CMS-concurrent-preclean-start]
2016-06-27T18:50:48.542+0300: 844.878: [CMS-concurrent-preclean: 0.010/0.010 secs] [Times: user=0.06 sys=0.00, real=0.01 secs] 
2016-06-27T18:50:48.542+0300: 844.878: [CMS-concurrent-abortable-preclean-start]
2016-06-27T18:50:48.542+0300: 844.878: [CMS-concurrent-abortable-preclean: 0.000/0.000 secs] [Times: user=0.00 sys=0.00, real=0.00 secs] 
2016-06-27T18:50:48.545+0300: 844.881: [GC (Allocation Failure) 2016-06-27T18:50:48.545+0300: 844.882: [ParNew: 306118K->306118K(306688K), 0.0000346 secs]2016-06-27T18:50:48.545+0300: 844.882: [CMS (concurrent mode failure): 4793390K->3849167K(4902144K), 0.6306597 secs] 5099508K->3849167K(5208832K), [Metaspace: 9057K->9057K(1058816K)], 0.6308445 secs] [Times: user=0.63 sys=0.00, real=0.63 secs] 
2016-06-27T18:50:49.176+0300: 845.512: Total time for which application threads were stopped: 0.6314312 seconds, Stopping threads took: 0.0001976 seconds
2016-06-27T18:50:49.475+0300: 845.812: Total time for which application threads were stopped: 0.0014181 seconds, Stopping threads took: 0.0005119 seconds
2016-06-27T18:50:49.484+0300: 845.820: Total time for which application threads were stopped: 0.0004135 seconds, Stopping threads took: 0.0000770 seconds
2016-06-27T18:50:49.558+0300: 845.895: [GC (Allocation Failure) 2016-06-27T18:50:49.558+0300: 845.895: [ParNew
Desired survivor size 17432576 bytes, new threshold 1 (max 6)
- age   1:   34858640 bytes,   34858640 total
: 272640K->34048K(306688K), 0.0356322 secs] 4121807K->4114239K(5208832K), 0.0357788 secs] [Times: user=0.13 sys=0.00, real=0.04 secs] 
2016-06-27T18:50:49.594+0300: 845.931: Total time for which application threads were stopped: 0.0361808 seconds, Stopping threads took: 0.0000701 seconds
2016-06-27T18:50:49.632+0300: 845.968: Total time for which application threads were stopped: 0.0013270 seconds, Stopping threads took: 0.0001467 seconds
2016-06-27T18:50:49.904+0300: 846.241: [GC (Allocation Failure) 2016-06-27T18:50:49.910+0300: 846.247: [ParNew
Desired survivor size 17432576 bytes, new threshold 1 (max 6)
- age   1:   34854592 bytes,   34854592 total
: 306362K->34048K(306688K), 0.0387566 secs] 4386553K->4381289K(5208832K), 0.0450102 secs] [Times: user=0.17 sys=0.00, real=0.04 secs] 
2016-06-27T18:50:49.949+0300: 846.286: Total time for which application threads were stopped: 0.0457641 seconds, Stopping threads took: 0.0004157 seconds
2016-06-27T18:50:50.329+0300: 846.665: [GC (Allocation Failure) 2016-06-27T18:50:50.329+0300: 846.665: [ParNew
Desired survivor size 17432576 bytes, new threshold 1 (max 6)
- age   1:   34851760 bytes,   34851760 total
: 306428K->34047K(306688K), 0.0386373 secs] 4653669K->4648332K(5208832K), 0.0387895 secs] [Times: user=0.19 sys=0.00, real=0.04 secs] 
2016-06-27T18:50:50.367+0300: 846.704: Total time for which application threads were stopped: 0.0396808 seconds, Stopping threads took: 0.0005004 seconds
2016-06-27T18:50:50.641+0300: 846.977: Total time for which application threads were stopped: 0.0018894 seconds, Stopping threads took: 0.0007266 seconds
2016-06-27T18:50:50.792+0300: 847.128: [GC (Allocation Failure) 2016-06-27T18:50:50.792+0300: 847.128: [ParNew: 306687K->306687K(306688K), 0.0000351 secs]2016-06-27T18:50:50.792+0300: 847.128: [CMS: 4614284K->3939174K(4902144K), 0.8046783 secs] 4920972K->3939174K(5208832K), [Metaspace: 9057K->9057K(1058816K)], 0.8049173 secs] [Times: user=0.80 sys=0.00, real=0.80 secs] 
2016-06-27T18:50:51.597+0300: 847.933: Total time for which application threads were stopped: 0.8056230 seconds, Stopping threads took: 0.0003177 seconds
2016-06-27T18:50:51.651+0300: 847.988: Total time for which application threads were stopped: 0.0031715 seconds, Stopping threads took: 0.0009520 seconds
2016-06-27T18:50:52.015+0300: 848.352: [GC (Allocation Failure) 2016-06-27T18:50:52.016+0300: 848.352: [ParNew
Desired survivor size 17432576 bytes, new threshold 1 (max 6)
- age   1:   34859672 bytes,   34859672 total
: 272582K->34048K(306688K), 0.0428193 secs] 4211756K->4205236K(5208832K), 0.0429793 secs] [Times: user=0.16 sys=0.02, real=0.04 secs] 
2016-06-27T18:50:52.058+0300: 848.395: Total time for which application threads were stopped: 0.0460361 seconds, Stopping threads took: 0.0026117 seconds
2016-06-27T18:50:52.443+0300: 848.779: [GC (Allocation Failure) 2016-06-27T18:50:52.443+0300: 848.779: [ParNew
Desired survivor size 17432576 bytes, new threshold 1 (max 6)
- age   1:   34855440 bytes,   34855440 total
: 306629K->34048K(306688K), 0.0390803 secs] 4477818K->4472286K(5208832K), 0.0392437 secs] [Times: user=0.13 sys=0.00, real=0.04 secs] 
2016-06-27T18:50:52.482+0300: 848.818: Total time for which application threads were stopped: 0.0415513 seconds, Stopping threads took: 0.0018830 seconds
2016-06-27T18:50:52.483+0300: 848.819: [GC (CMS Initial Mark) [1 CMS-initial-mark: 4438238K(4902144K)] 4473286K(5208832K), 0.0003828 secs] [Times: user=0.00 sys=0.00, real=0.00 secs] 
2016-06-27T18:50:52.483+0300: 848.819: Total time for which application threads were stopped: 0.0007813 seconds, Stopping threads took: 0.0000744 seconds
2016-06-27T18:50:52.483+0300: 848.819: [CMS-concurrent-mark-start]
2016-06-27T18:50:52.535+0300: 848.871: [CMS-concurrent-mark: 0.052/0.052 secs] [Times: user=0.19 sys=0.00, real=0.05 secs] 
2016-06-27T18:50:52.535+0300: 848.871: [CMS-concurrent-preclean-start]
2016-06-27T18:50:52.545+0300: 848.881: [CMS-concurrent-preclean: 0.010/0.010 secs] [Times: user=0.06 sys=0.00, real=0.01 secs] 
2016-06-27T18:50:52.545+0300: 848.881: [CMS-concurrent-abortable-preclean-start]
2016-06-27T18:50:52.643+0300: 848.980: Total time for which application threads were stopped: 0.0041277 seconds, Stopping threads took: 0.0020767 seconds
2016-06-27T18:50:52.892+0300: 849.228: [GC (Allocation Failure) 2016-06-27T18:50:52.892+0300: 849.228: [ParNew
Desired survivor size 17432576 bytes, new threshold 1 (max 6)
- age   1:   34861728 bytes,   34861728 total
: 306688K->34048K(306688K), 0.0423078 secs] 4744926K->4737337K(5208832K), 0.0425529 secs] [Times: user=0.19 sys=0.00, real=0.04 secs] 
2016-06-27T18:50:52.934+0300: 849.271: Total time for which application threads were stopped: 0.0437050 seconds, Stopping threads took: 0.0007501 seconds
2016-06-27T18:50:53.168+0300: 849.504: [CMS-concurrent-abortable-preclean: 0.077/0.623 secs] [Times: user=2.45 sys=0.00, real=0.62 secs] 
2016-06-27T18:50:53.188+0300: 849.524: [GC (CMS Final Remark) [YG occupancy: 232804 K (306688 K)]2016-06-27T18:50:53.188+0300: 849.524: [Rescan (parallel) , 0.0041902 secs]2016-06-27T18:50:53.192+0300: 849.529: [weak refs processing, 0.0000248 secs]2016-06-27T18:50:53.192+0300: 849.529: [class unloading, 0.0021969 secs]2016-06-27T18:50:53.199+0300: 849.535: [scrub symbol table, 0.0011752 secs]2016-06-27T18:50:53.200+0300: 849.536: [scrub string table, 0.0002331 secs][1 CMS-remark: 4703289K(4902144K)] 4936094K(5208832K), 0.0123336 secs] [Times: user=0.06 sys=0.00, real=0.01 secs] 
2016-06-27T18:50:53.200+0300: 849.537: Total time for which application threads were stopped: 0.0154242 seconds, Stopping threads took: 0.0027460 seconds
2016-06-27T18:50:53.201+0300: 849.537: [CMS-concurrent-sweep-start]
2016-06-27T18:50:53.209+0300: 849.545: [CMS-concurrent-sweep: 0.009/0.009 secs] [Times: user=0.06 sys=0.00, real=0.01 secs] 
2016-06-27T18:50:53.209+0300: 849.546: [CMS-concurrent-reset-start]
2016-06-27T18:50:53.215+0300: 849.552: [CMS-concurrent-reset: 0.006/0.006 secs] [Times: user=0.00 sys=0.00, real=0.01 secs] 
2016-06-27T18:50:53.291+0300: 849.628: [GC (Allocation Failure) 2016-06-27T18:50:53.291+0300: 849.628: [ParNew
Desired survivor size 17432576 bytes, new threshold 1 (max 6)
- age   1:   34855208 bytes,   34855208 total
: 306194K->34048K(306688K), 0.0379295 secs] 4589397K->4584311K(5208832K), 0.0380672 secs] [Times: user=0.13 sys=0.00, real=0.04 secs] 
2016-06-27T18:50:53.330+0300: 849.666: Total time for which application threads were stopped: 0.0386394 seconds, Stopping threads took: 0.0001959 seconds
2016-06-27T18:50:53.394+0300: 849.730: [GC (CMS Initial Mark) [1 CMS-initial-mark: 4550263K(4902144K)] 4637499K(5208832K), 0.0004029 secs] [Times: user=0.00 sys=0.00, real=0.00 secs] 
2016-06-27T18:50:53.395+0300: 849.731: Total time for which application threads were stopped: 0.0010161 seconds, Stopping threads took: 0.0003088 seconds
2016-06-27T18:50:53.395+0300: 849.731: [CMS-concurrent-mark-start]
2016-06-27T18:50:53.446+0300: 849.783: [CMS-concurrent-mark: 0.052/0.052 secs] [Times: user=0.23 sys=0.00, real=0.05 secs] 
2016-06-27T18:50:53.446+0300: 849.783: [CMS-concurrent-preclean-start]
2016-06-27T18:50:53.457+0300: 849.793: [CMS-concurrent-preclean: 0.010/0.010 secs] [Times: user=0.00 sys=0.00, real=0.01 secs] 
2016-06-27T18:50:53.457+0300: 849.793: [CMS-concurrent-abortable-preclean-start]
2016-06-27T18:50:53.642+0300: 849.978: Total time for which application threads were stopped: 0.0024214 seconds, Stopping threads took: 0.0006988 seconds
2016-06-27T18:50:53.729+0300: 850.066: [GC (Allocation Failure) 2016-06-27T18:50:53.729+0300: 850.066: [ParNew2016-06-27T18:50:53.761+0300: 850.097: [CMS-concurrent-abortable-preclean: 0.032/0.304 secs] [Times: user=1.23 sys=0.00, real=0.30 secs] 

Desired survivor size 17432576 bytes, new threshold 1 (max 6)
- age   1:   34859040 bytes,   34859040 total
: 306131K->34048K(306688K), 0.0384979 secs] 4856395K->4849353K(5208832K), 0.0386377 secs] [Times: user=0.13 sys=0.00, real=0.04 secs] 
2016-06-27T18:50:53.768+0300: 850.104: Total time for which application threads were stopped: 0.0393476 seconds, Stopping threads took: 0.0004165 seconds
2016-06-27T18:50:54.093+0300: 850.430: [GC (Allocation Failure) 2016-06-27T18:50:54.093+0300: 850.430: [ParNew: 306688K->306688K(306688K), 0.0000389 secs]2016-06-27T18:50:54.093+0300: 850.430: [CMS (concurrent mode failure): 4815305K->4022178K(4902144K), 0.6325038 secs] 5121993K->4022178K(5208832K), [Metaspace: 9057K->9057K(1058816K)], 0.6327069 secs] [Times: user=0.64 sys=0.00, real=0.63 secs] 
2016-06-27T18:50:54.726+0300: 851.062: Total time for which application threads were stopped: 0.6352502 seconds, Stopping threads took: 0.0021716 seconds
2016-06-27T18:50:54.729+0300: 851.066: Total time for which application threads were stopped: 0.0016319 seconds, Stopping threads took: 0.0000774 seconds
2016-06-27T18:50:55.080+0300: 851.416: [GC (Allocation Failure) 2016-06-27T18:50:55.080+0300: 851.416: [ParNew
Desired survivor size 17432576 bytes, new threshold 1 (max 6)
- age   1:   34857152 bytes,   34857152 total
: 272091K->34048K(306688K), 0.0372085 secs] 4294270K->4288250K(5208832K), 0.0373778 secs] [Times: user=0.17 sys=0.00, real=0.04 secs] 
2016-06-27T18:50:55.117+0300: 851.454: Total time for which application threads were stopped: 0.0384333 seconds, Stopping threads took: 0.0006402 seconds
2016-06-27T18:50:55.435+0300: 851.771: [GC (Allocation Failure) 2016-06-27T18:50:55.435+0300: 851.771: [ParNew
Desired survivor size 17432576 bytes, new threshold 1 (max 6)
- age   1:   34858472 bytes,   34858472 total
: 305770K->34048K(306688K), 0.0386801 secs] 4559972K->4555298K(5208832K), 0.0388511 secs] [Times: user=0.17 sys=0.00, real=0.04 secs] 
2016-06-27T18:50:55.474+0300: 851.810: Total time for which application threads were stopped: 0.0405078 seconds, Stopping threads took: 0.0012338 seconds
2016-06-27T18:50:55.643+0300: 851.979: Total time for which application threads were stopped: 0.0023192 seconds, Stopping threads took: 0.0003605 seconds
2016-06-27T18:50:55.810+0300: 852.146: [GC (Allocation Failure) 2016-06-27T18:50:55.810+0300: 852.146: [ParNew
Desired survivor size 17432576 bytes, new threshold 1 (max 6)
- age   1:   34852144 bytes,   34852144 total
: 306231K->34048K(306688K), 0.0371272 secs] 4827481K->4810345K(5208832K), 0.0372936 secs] [Times: user=0.13 sys=0.00, real=0.04 secs] 
2016-06-27T18:50:55.847+0300: 852.184: Total time for which application threads were stopped: 0.0381344 seconds, Stopping threads took: 0.0003532 seconds
2016-06-27T18:50:56.179+0300: 852.516: [GC (Allocation Failure) 2016-06-27T18:50:56.179+0300: 852.516: [ParNew: 306062K->306062K(306688K), 0.0000359 secs]2016-06-27T18:50:56.179+0300: 852.516: [CMS: 4776297K->3934171K(4902144K), 0.6380321 secs] 5082360K->3934171K(5208832K), [Metaspace: 9057K->9057K(1058816K)], 0.6382258 secs] [Times: user=0.63 sys=0.00, real=0.64 secs] 
2016-06-27T18:50:56.818+0300: 853.154: Total time for which application threads were stopped: 0.6392342 seconds, Stopping threads took: 0.0005675 seconds
2016-06-27T18:50:57.107+0300: 853.443: Total time for which application threads were stopped: 0.0050647 seconds, Stopping threads took: 0.0030941 seconds
2016-06-27T18:50:57.215+0300: 853.551: [GC (Allocation Failure) 2016-06-27T18:50:57.215+0300: 853.551: [ParNew
Desired survivor size 17432576 bytes, new threshold 1 (max 6)
- age   1:   34862720 bytes,   34862720 total
: 272640K->34048K(306688K), 0.0357399 secs] 4206811K->4199238K(5208832K), 0.0359020 secs] [Times: user=0.13 sys=0.00, real=0.04 secs] 
2016-06-27T18:50:57.251+0300: 853.587: Total time for which application threads were stopped: 0.0367103 seconds, Stopping threads took: 0.0004328 seconds
2016-06-27T18:50:57.560+0300: 853.896: [GC (Allocation Failure) 2016-06-27T18:50:57.560+0300: 853.896: [ParNew
Desired survivor size 17432576 bytes, new threshold 1 (max 6)
- age   1:   34860928 bytes,   34860928 total
: 306177K->34048K(306688K), 0.0388417 secs] 4471368K->4466299K(5208832K), 0.0389922 secs] [Times: user=0.19 sys=0.00, real=0.04 secs] 
2016-06-27T18:50:57.599+0300: 853.935: Total time for which application threads were stopped: 0.0422125 seconds, Stopping threads took: 0.0028289 seconds
2016-06-27T18:50:57.645+0300: 853.982: Total time for which application threads were stopped: 0.0039951 seconds, Stopping threads took: 0.0021960 seconds
2016-06-27T18:50:57.955+0300: 854.292: [GC (Allocation Failure) 2016-06-27T18:50:57.955+0300: 854.292: [ParNew
Desired survivor size 17432576 bytes, new threshold 1 (max 6)
- age   1:   34850272 bytes,   34850272 total
: 306688K->34048K(306688K), 0.0448006 secs] 4738939K->4732351K(5208832K), 0.0449670 secs] [Times: user=0.19 sys=0.00, real=0.05 secs] 
2016-06-27T18:50:58.000+0300: 854.337: Total time for which application threads were stopped: 0.0474752 seconds, Stopping threads took: 0.0021280 seconds
2016-06-27T18:50:58.324+0300: 854.661: [GC (Allocation Failure) 2016-06-27T18:50:58.324+0300: 854.661: [ParNew: 305743K->305743K(306688K), 0.0000372 secs]2016-06-27T18:50:58.324+0300: 854.661: [CMS: 4698303K->3934174K(4902144K), 0.6353828 secs] 5004046K->3934174K(5208832K), [Metaspace: 9057K->9057K(1058816K)], 0.6355645 secs] [Times: user=0.63 sys=0.00, real=0.64 secs] 
2016-06-27T18:50:58.960+0300: 855.296: Total time for which application threads were stopped: 0.6376237 seconds, Stopping threads took: 0.0016721 seconds
2016-06-27T18:50:59.284+0300: 855.620: Total time for which application threads were stopped: 0.0021725 seconds, Stopping threads took: 0.0005016 seconds
2016-06-27T18:50:59.363+0300: 855.699: [GC (Allocation Failure) 2016-06-27T18:50:59.363+0300: 855.699: [ParNew
Desired survivor size 17432576 bytes, new threshold 1 (max 6)
- age   1:   34860984 bytes,   34860984 total
: 272640K->34048K(306688K), 0.0352439 secs] 4206814K->4201254K(5208832K), 0.0353845 secs] [Times: user=0.19 sys=0.00, real=0.04 secs] 
2016-06-27T18:50:59.398+0300: 855.734: Total time for which application threads were stopped: 0.0359786 seconds, Stopping threads took: 0.0002989 seconds
2016-06-27T18:50:59.707+0300: 856.043: [GC (Allocation Failure) 2016-06-27T18:50:59.707+0300: 856.043: [ParNew
Desired survivor size 17432576 bytes, new threshold 1 (max 6)
- age   1:   34858312 bytes,   34858312 total
: 306471K->34048K(306688K), 0.0394276 secs] 4473678K->4468304K(5208832K), 0.0395905 secs] [Times: user=0.19 sys=0.00, real=0.04 secs] 
2016-06-27T18:50:59.746+0300: 856.083: Total time for which application threads were stopped: 0.0409047 seconds, Stopping threads took: 0.0008643 seconds
2016-06-27T18:51:00.087+0300: 856.424: [GC (Allocation Failure) 2016-06-27T18:51:00.087+0300: 856.424: [ParNew
Desired survivor size 17432576 bytes, new threshold 1 (max 6)
- age   1:   34857928 bytes,   34857928 total
: 306588K->34048K(306688K), 0.0402752 secs] 4740845K->4735349K(5208832K), 0.0404390 secs] [Times: user=0.13 sys=0.00, real=0.04 secs] 
2016-06-27T18:51:00.128+0300: 856.464: Total time for which application threads were stopped: 0.0478160 seconds, Stopping threads took: 0.0069588 seconds
2016-06-27T18:51:00.455+0300: 856.791: [GC (Allocation Failure) 2016-06-27T18:51:00.455+0300: 856.791: [ParNew: 305757K->305757K(306688K), 0.0000325 secs]2016-06-27T18:51:00.455+0300: 856.791: [CMS: 4701301K->3757166K(4902144K), 0.6151487 secs] 5007059K->3757166K(5208832K), [Metaspace: 9057K->9057K(1058816K)], 0.6153232 secs] [Times: user=0.63 sys=0.00, real=0.62 secs] 
2016-06-27T18:51:01.070+0300: 857.407: Total time for which application threads were stopped: 0.6186247 seconds, Stopping threads took: 0.0028905 seconds
2016-06-27T18:51:01.388+0300: 857.725: [GC (Allocation Failure) 2016-06-27T18:51:01.389+0300: 857.725: [ParNew
Desired survivor size 17432576 bytes, new threshold 1 (max 6)
- age   1:   34851192 bytes,   34851192 total
: 272366K->34048K(306688K), 0.0354842 secs] 4029532K->4024225K(5208832K), 0.0356061 secs] [Times: user=0.13 sys=0.00, real=0.04 secs] 
2016-06-27T18:51:01.424+0300: 857.760: Total time for which application threads were stopped: 0.0365585 seconds, Stopping threads took: 0.0006162 seconds
2016-06-27T18:51:01.746+0300: 858.082: [GC (Allocation Failure) 2016-06-27T18:51:01.746+0300: 858.082: [ParNew
Desired survivor size 17432576 bytes, new threshold 1 (max 6)
- age   1:   34846528 bytes,   34846528 total
: 306241K->34044K(306688K), 0.0385530 secs] 4296419K->4291260K(5208832K), 0.0387151 secs] [Times: user=0.13 sys=0.00, real=0.04 secs] 
2016-06-27T18:51:01.785+0300: 858.121: Total time for which application threads were stopped: 0.0401371 seconds, Stopping threads took: 0.0009267 seconds
2016-06-27T18:51:01.785+0300: 858.122: [GC (CMS Initial Mark) [1 CMS-initial-mark: 4257215K(4902144K)] 4292260K(5208832K), 0.0004003 secs] [Times: user=0.00 sys=0.00, real=0.00 secs] 
2016-06-27T18:51:01.785+0300: 858.122: Total time for which application threads were stopped: 0.0008681 seconds, Stopping threads took: 0.0000949 seconds
2016-06-27T18:51:01.786+0300: 858.122: [CMS-concurrent-mark-start]
2016-06-27T18:51:01.836+0300: 858.172: [CMS-concurrent-mark: 0.050/0.050 secs] [Times: user=0.19 sys=0.00, real=0.05 secs] 
2016-06-27T18:51:01.836+0300: 858.172: [CMS-concurrent-preclean-start]
2016-06-27T18:51:01.846+0300: 858.182: [CMS-concurrent-preclean: 0.010/0.010 secs] [Times: user=0.00 sys=0.00, real=0.01 secs] 
2016-06-27T18:51:01.846+0300: 858.182: [CMS-concurrent-abortable-preclean-start]
2016-06-27T18:51:02.182+0300: 858.519: [GC (Allocation Failure) 2016-06-27T18:51:02.188+0300: 858.524: [ParNew
Desired survivor size 17432576 bytes, new threshold 1 (max 6)
- age   1:   34862872 bytes,   34862872 total
: 306684K->34046K(306688K), 0.0385804 secs] 4563900K->4558320K(5208832K), 0.0440394 secs] [Times: user=0.19 sys=0.00, real=0.04 secs] 
2016-06-27T18:51:02.226+0300: 858.563: Total time for which application threads were stopped: 0.0450354 seconds, Stopping threads took: 0.0005833 seconds
2016-06-27T18:51:02.555+0300: 858.891: [GC (Allocation Failure) 2016-06-27T18:51:02.555+0300: 858.891: [ParNew2016-06-27T18:51:02.587+0300: 858.923: [CMS-concurrent-abortable-preclean: 0.075/0.741 secs] [Times: user=2.92 sys=0.00, real=0.74 secs] 

Desired survivor size 17432576 bytes, new threshold 1 (max 6)
- age   1:   34847208 bytes,   34847208 total
: 306201K->34042K(306688K), 0.0396743 secs] 4830474K->4825367K(5208832K), 0.0398193 secs] [Times: user=0.13 sys=0.00, real=0.04 secs] 
2016-06-27T18:51:02.595+0300: 858.931: Total time for which application threads were stopped: 0.0407165 seconds, Stopping threads took: 0.0005222 seconds
2016-06-27T18:51:02.595+0300: 858.931: [GC (CMS Final Remark) [YG occupancy: 35042 K (306688 K)]2016-06-27T18:51:02.595+0300: 858.931: [Rescan (parallel) , 0.0042624 secs]2016-06-27T18:51:02.600+0300: 858.936: [weak refs processing, 0.0000171 secs]2016-06-27T18:51:02.600+0300: 858.936: [class unloading, 0.0020497 secs]2016-06-27T18:51:02.602+0300: 858.938: [scrub symbol table, 0.0007694 secs]2016-06-27T18:51:02.602+0300: 858.939: [scrub string table, 0.0001835 secs][1 CMS-remark: 4791325K(4902144K)] 4826367K(5208832K), 0.0075045 secs] [Times: user=0.06 sys=0.00, real=0.01 secs] 
2016-06-27T18:51:02.603+0300: 858.939: Total time for which application threads were stopped: 0.0078812 seconds, Stopping threads took: 0.0000731 seconds
2016-06-27T18:51:02.603+0300: 858.939: [CMS-concurrent-sweep-start]
2016-06-27T18:51:02.611+0300: 858.948: [CMS-concurrent-sweep: 0.009/0.009 secs] [Times: user=0.00 sys=0.00, real=0.01 secs] 
2016-06-27T18:51:02.611+0300: 858.948: [CMS-concurrent-reset-start]
2016-06-27T18:51:02.617+0300: 858.954: [CMS-concurrent-reset: 0.006/0.006 secs] [Times: user=0.06 sys=0.00, real=0.01 secs] 
2016-06-27T18:51:02.929+0300: 859.266: [GC (Allocation Failure) 2016-06-27T18:51:02.929+0300: 859.266: [ParNew
Desired survivor size 17432576 bytes, new threshold 1 (max 6)
- age   1:   34841024 bytes,   34841024 total
: 306180K->34033K(306688K), 0.0384119 secs] 4557433K->4552320K(5208832K), 0.0386245 secs] [Times: user=0.11 sys=0.01, real=0.04 secs] 
2016-06-27T18:51:02.968+0300: 859.304: Total time for which application threads were stopped: 0.0405117 seconds, Stopping threads took: 0.0013625 seconds
2016-06-27T18:51:02.968+0300: 859.305: [GC (CMS Initial Mark) [1 CMS-initial-mark: 4518287K(4902144K)] 4553320K(5208832K), 0.0004174 secs] [Times: user=0.00 sys=0.00, real=0.00 secs] 
2016-06-27T18:51:02.969+0300: 859.305: Total time for which application threads were stopped: 0.0008074 seconds, Stopping threads took: 0.0000761 seconds
2016-06-27T18:51:02.969+0300: 859.305: [CMS-concurrent-mark-start]
2016-06-27T18:51:03.020+0300: 859.356: [CMS-concurrent-mark: 0.051/0.051 secs] [Times: user=0.20 sys=0.00, real=0.05 secs] 
2016-06-27T18:51:03.020+0300: 859.357: [CMS-concurrent-preclean-start]
2016-06-27T18:51:03.030+0300: 859.367: [CMS-concurrent-preclean: 0.010/0.010 secs] [Times: user=0.00 sys=0.00, real=0.01 secs] 
2016-06-27T18:51:03.030+0300: 859.367: [CMS-concurrent-abortable-preclean-start]
2016-06-27T18:51:03.359+0300: 859.696: [GC (Allocation Failure) 2016-06-27T18:51:03.360+0300: 859.696: [ParNew2016-06-27T18:51:03.391+0300: 859.728: [CMS-concurrent-abortable-preclean: 0.031/0.361 secs] [Times: user=1.39 sys=0.00, real=0.36 secs] 

Desired survivor size 17432576 bytes, new threshold 1 (max 6)
- age   1:   34863248 bytes,   34863248 total
: 306673K->34046K(306688K), 0.0379757 secs] 4824960K->4819386K(5208832K), 0.0381297 secs] [Times: user=0.19 sys=0.00, real=0.04 secs] 
2016-06-27T18:51:03.398+0300: 859.734: Total time for which application threads were stopped: 0.0391911 seconds, Stopping threads took: 0.0006026 seconds
2016-06-27T18:51:03.738+0300: 860.074: [GC (Allocation Failure) 2016-06-27T18:51:03.738+0300: 860.074: [ParNew: 306650K->306650K(306688K), 0.0000475 secs]2016-06-27T18:51:03.738+0300: 860.074: [CMS (concurrent mode failure): 4785340K->3721156K(4902144K), 0.6338428 secs] 5091991K->3721156K(5208832K), [Metaspace: 9057K->9057K(1058816K)], 0.6340459 secs] [Times: user=0.64 sys=0.00, real=0.63 secs] 
2016-06-27T18:51:04.372+0300: 860.708: Total time for which application threads were stopped: 0.6373269 seconds, Stopping threads took: 0.0028379 seconds
2016-06-27T18:51:04.703+0300: 861.039: [GC (Allocation Failure) 2016-06-27T18:51:04.703+0300: 861.039: [ParNew
Desired survivor size 17432576 bytes, new threshold 1 (max 6)
- age   1:   34854160 bytes,   34854160 total
: 272218K->34048K(306688K), 0.0389636 secs] 3993375K->3988228K(5208832K), 0.0391193 secs] [Times: user=0.16 sys=0.00, real=0.04 secs] 
2016-06-27T18:51:04.742+0300: 861.078: Total time for which application threads were stopped: 0.0400875 seconds, Stopping threads took: 0.0006098 seconds
2016-06-27T18:51:05.060+0300: 861.396: [GC (Allocation Failure) 2016-06-27T18:51:05.060+0300: 861.396: [ParNew
Desired survivor size 17432576 bytes, new threshold 1 (max 6)
- age   1:   34845880 bytes,   34845880 total
: 305919K->34047K(306688K), 0.0411335 secs] 4260100K->4255269K(5208832K), 0.0412858 secs] [Times: user=0.17 sys=0.00, real=0.04 secs] 
2016-06-27T18:51:05.101+0300: 861.438: Total time for which application threads were stopped: 0.0436109 seconds, Stopping threads took: 0.0018470 seconds
2016-06-27T18:51:05.429+0300: 861.765: [GC (Allocation Failure) 2016-06-27T18:51:05.429+0300: 861.765: [ParNew
Desired survivor size 17432576 bytes, new threshold 1 (max 6)
- age   1:   34848776 bytes,   34848776 total
: 306329K->34046K(306688K), 0.0395448 secs] 4527551K->4522302K(5208832K), 0.0396743 secs] [Times: user=0.13 sys=0.00, real=0.04 secs] 
2016-06-27T18:51:05.469+0300: 861.805: Total time for which application threads were stopped: 0.0406019 seconds, Stopping threads took: 0.0005205 seconds
2016-06-27T18:51:05.730+0300: 862.066: Total time for which application threads were stopped: 0.0008857 seconds, Stopping threads took: 0.0005226 seconds
2016-06-27T18:51:05.851+0300: 862.188: [GC (Allocation Failure) 2016-06-27T18:51:05.851+0300: 862.188: [ParNew
Desired survivor size 17432576 bytes, new threshold 1 (max 6)
- age   1:   33910824 bytes,   33910824 total
: 306686K->33133K(306688K), 0.0388695 secs] 4794942K->4788424K(5208832K), 0.0390106 secs] [Times: user=0.13 sys=0.00, real=0.04 secs] 
2016-06-27T18:51:05.890+0300: 862.227: Total time for which application threads were stopped: 0.0397830 seconds, Stopping threads took: 0.0004054 seconds
2016-06-27T18:51:06.225+0300: 862.561: [GC (Allocation Failure) 2016-06-27T18:51:06.225+0300: 862.561: [ParNew: 305415K->305415K(306688K), 0.0000449 secs]2016-06-27T18:51:06.225+0300: 862.561: [CMS: 4755290K->3795156K(4902144K), 0.6191665 secs] 5060706K->3795156K(5208832K), [Metaspace: 9057K->9057K(1058816K)], 0.6193872 secs] [Times: user=0.61 sys=0.00, real=0.62 secs] 
2016-06-27T18:51:06.844+0300: 863.180: Total time for which application threads were stopped: 0.6210828 seconds, Stopping threads took: 0.0012851 seconds
2016-06-27T18:51:07.133+0300: 863.470: Total time for which application threads were stopped: 0.0018056 seconds, Stopping threads took: 0.0004862 seconds
2016-06-27T18:51:07.229+0300: 863.566: [GC (Allocation Failure) 2016-06-27T18:51:07.229+0300: 863.566: [ParNew
Desired survivor size 17432576 bytes, new threshold 1 (max 6)
- age   1:   33830224 bytes,   33830224 total
: 272640K->33095K(306688K), 0.0343261 secs] 4067796K->4061263K(5208832K), 0.0344749 secs] [Times: user=0.13 sys=0.00, real=0.03 secs] 
2016-06-27T18:51:07.264+0300: 863.600: Total time for which application threads were stopped: 0.0350587 seconds, Stopping threads took: 0.0001886 seconds
2016-06-27T18:51:07.570+0300: 863.906: [GC (Allocation Failure) 2016-06-27T18:51:07.570+0300: 863.906: [ParNew
Desired survivor size 17432576 bytes, new threshold 1 (max 6)
- age   1:   34845200 bytes,   34845200 total
: 305059K->34041K(306688K), 0.0390128 secs] 4333228K->4328252K(5208832K), 0.0391667 secs] [Times: user=0.13 sys=0.00, real=0.04 secs] 
2016-06-27T18:51:07.609+0300: 863.945: Total time for which application threads were stopped: 0.0401982 seconds, Stopping threads took: 0.0006415 seconds
2016-06-27T18:51:07.646+0300: 863.983: Total time for which application threads were stopped: 0.0017521 seconds, Stopping threads took: 0.0001262 seconds
2016-06-27T18:51:07.958+0300: 864.294: [GC (Allocation Failure) 2016-06-27T18:51:07.964+0300: 864.300: [ParNew
Desired survivor size 17432576 bytes, new threshold 1 (max 6)
- age   1:   34851320 bytes,   34851320 total
: 306588K->34048K(306688K), 0.0385432 secs] 4600799K->4594290K(5208832K), 0.0445646 secs] [Times: user=0.06 sys=0.00, real=0.03 secs] 
2016-06-27T18:51:07.988+0300: 864.339: Total time for which application threads were stopped: 0.0454408 seconds, Stopping threads took: 0.0005072 seconds
2016-06-27T18:51:08.328+0300: 864.664: [GC (Allocation Failure) 2016-06-27T18:51:08.328+0300: 864.664: [ParNew
Desired survivor size 17432576 bytes, new threshold 1 (max 6)
- age   1:   34850832 bytes,   34850832 total
: 306184K->34048K(306688K), 0.0397569 secs] 4866426K->4861327K(5208832K), 0.0399250 secs] [Times: user=0.19 sys=0.00, real=0.04 secs] 
2016-06-27T18:51:08.368+0300: 864.704: Total time for which application threads were stopped: 0.0417425 seconds, Stopping threads took: 0.0014057 seconds
2016-06-27T18:51:08.648+0300: 864.984: Total time for which application threads were stopped: 0.0023478 seconds, Stopping threads took: 0.0008301 seconds
2016-06-27T18:51:08.732+0300: 865.069: [GC (Allocation Failure) 2016-06-27T18:51:08.733+0300: 865.069: [ParNew: 306688K->306688K(306688K), 0.0000304 secs]2016-06-27T18:51:08.733+0300: 865.069: [CMS: 4827279K->3777159K(4902144K), 0.5808803 secs] 5133967K->3777159K(5208832K), [Metaspace: 9057K->9057K(1058816K)], 0.5810724 secs] [Times: user=0.58 sys=0.00, real=0.58 secs] 
2016-06-27T18:51:09.314+0300: 865.650: Total time for which application threads were stopped: 0.5815300 seconds, Stopping threads took: 0.0001253 seconds
2016-06-27T18:51:09.634+0300: 865.971: [GC (Allocation Failure) 2016-06-27T18:51:09.634+0300: 865.971: [ParNew
Desired survivor size 17432576 bytes, new threshold 1 (max 6)
- age   1:   34849888 bytes,   34849888 total
: 271762K->34042K(306688K), 0.0359657 secs] 4048921K->4044213K(5208832K), 0.0361415 secs] [Times: user=0.13 sys=0.00, real=0.04 secs] 
2016-06-27T18:51:09.670+0300: 866.007: Total time for which application threads were stopped: 0.0372658 seconds, Stopping threads took: 0.0007129 seconds
2016-06-27T18:51:09.673+0300: 866.010: Total time for which application threads were stopped: 0.0015383 seconds, Stopping threads took: 0.0000701 seconds
2016-06-27T18:51:10.018+0300: 866.354: [GC (Allocation Failure) 2016-06-27T18:51:10.018+0300: 866.354: [ParNew
Desired survivor size 17432576 bytes, new threshold 1 (max 6)
- age   1:   34849824 bytes,   34849824 total
: 306485K->34048K(306688K), 0.0417314 secs] 4316656K->4310255K(5208832K), 0.0419212 secs] [Times: user=0.19 sys=0.00, real=0.04 secs] 
2016-06-27T18:51:10.060+0300: 866.396: Total time for which application threads were stopped: 0.0430943 seconds, Stopping threads took: 0.0007924 seconds
2016-06-27T18:51:10.060+0300: 866.396: [GC (CMS Initial Mark) [1 CMS-initial-mark: 4276207K(4902144K)] 4312383K(5208832K), 0.0003780 secs] [Times: user=0.00 sys=0.00, real=0.00 secs] 
2016-06-27T18:51:10.060+0300: 866.397: Total time for which application threads were stopped: 0.0007954 seconds, Stopping threads took: 0.0000937 seconds
2016-06-27T18:51:10.060+0300: 866.397: [CMS-concurrent-mark-start]
2016-06-27T18:51:10.110+0300: 866.447: [CMS-concurrent-mark: 0.050/0.050 secs] [Times: user=0.19 sys=0.00, real=0.05 secs] 
2016-06-27T18:51:10.110+0300: 866.447: [CMS-concurrent-preclean-start]
2016-06-27T18:51:10.121+0300: 866.457: [CMS-concurrent-preclean: 0.010/0.010 secs] [Times: user=0.06 sys=0.00, real=0.01 secs] 
2016-06-27T18:51:10.121+0300: 866.457: [CMS-concurrent-abortable-preclean-start]
2016-06-27T18:51:10.407+0300: 866.743: [GC (Allocation Failure) 2016-06-27T18:51:10.407+0300: 866.743: [ParNew
Desired survivor size 17432576 bytes, new threshold 1 (max 6)
- age   1:   34846592 bytes,   34846592 total
: 306436K->34048K(306688K), 0.0396833 secs] 4582644K->4577291K(5208832K), 0.0398488 secs] [Times: user=0.19 sys=0.00, real=0.04 secs] 
2016-06-27T18:51:10.447+0300: 866.783: Total time for which application threads were stopped: 0.0432615 seconds, Stopping threads took: 0.0030235 seconds
2016-06-27T18:51:10.649+0300: 866.985: Total time for which application threads were stopped: 0.0020711 seconds, Stopping threads took: 0.0007805 seconds
2016-06-27T18:51:10.761+0300: 867.097: [CMS-concurrent-abortable-preclean: 0.076/0.640 secs] [Times: user=2.47 sys=0.02, real=0.64 secs] 
2016-06-27T18:51:10.834+0300: 867.170: [GC (Allocation Failure) 2016-06-27T18:51:10.834+0300: 867.170: [ParNew
Desired survivor size 17432576 bytes, new threshold 1 (max 6)
- age   1:   34852744 bytes,   34852744 total
: 306688K->34048K(306688K), 0.0385855 secs] 4849931K->4843326K(5208832K), 0.0387472 secs] [Times: user=0.13 sys=0.00, real=0.04 secs] 
2016-06-27T18:51:10.873+0300: 867.209: Total time for which application threads were stopped: 0.0429617 seconds, Stopping threads took: 0.0038104 seconds
2016-06-27T18:51:11.199+0300: 867.536: [GC (Allocation Failure) 2016-06-27T18:51:11.199+0300: 867.536: [ParNew: 306125K->306125K(306688K), 0.0000299 secs]2016-06-27T18:51:11.199+0300: 867.536: [CMS (concurrent mode failure): 4809278K->3970177K(4902144K), 0.6829302 secs] 5115404K->3970177K(5208832K), [Metaspace: 9057K->9057K(1058816K)], 0.6831038 secs] [Times: user=0.67 sys=0.00, real=0.68 secs] 
2016-06-27T18:51:11.883+0300: 868.219: Total time for which application threads were stopped: 0.6878919 seconds, Stopping threads took: 0.0044202 seconds
2016-06-27T18:51:11.886+0300: 868.223: Total time for which application threads were stopped: 0.0018180 seconds, Stopping threads took: 0.0000766 seconds
2016-06-27T18:51:12.241+0300: 868.578: [GC (Allocation Failure) 2016-06-27T18:51:12.241+0300: 868.578: [ParNew
Desired survivor size 17432576 bytes, new threshold 1 (max 6)
- age   1:   34854144 bytes,   34854144 total
: 271884K->34048K(306688K), 0.0345476 secs] 4242061K->4235238K(5208832K), 0.0347050 secs] [Times: user=0.13 sys=0.00, real=0.04 secs] 
2016-06-27T18:51:12.277+0300: 868.613: Total time for which application threads were stopped: 0.0367659 seconds, Stopping threads took: 0.0016349 seconds
2016-06-27T18:51:12.599+0300: 868.936: [GC (Allocation Failure) 2016-06-27T18:51:12.600+0300: 868.936: [ParNew
Desired survivor size 17432576 bytes, new threshold 1 (max 6)
- age   1:   34853320 bytes,   34853320 total
: 306581K->34048K(306688K), 0.0397039 secs] 4507772K->4502279K(5208832K), 0.0398629 secs] [Times: user=0.13 sys=0.00, real=0.04 secs] 
2016-06-27T18:51:12.639+0300: 868.976: Total time for which application threads were stopped: 0.0425251 seconds, Stopping threads took: 0.0022306 seconds
2016-06-27T18:51:12.665+0300: 869.001: Total time for which application threads were stopped: 0.0020532 seconds, Stopping threads took: 0.0001304 seconds
2016-06-27T18:51:12.967+0300: 869.303: [GC (Allocation Failure) 2016-06-27T18:51:12.967+0300: 869.303: [ParNew
Desired survivor size 17432576 bytes, new threshold 1 (max 6)
- age   1:   34848104 bytes,   34848104 total
: 305917K->34048K(306688K), 0.0383029 secs] 4774148K->4768319K(5208832K), 0.0384577 secs] [Times: user=0.19 sys=0.00, real=0.04 secs] 
2016-06-27T18:51:13.005+0300: 869.341: Total time for which application threads were stopped: 0.0427920 seconds, Stopping threads took: 0.0036748 seconds
2016-06-27T18:51:13.341+0300: 869.678: [GC (Allocation Failure) 2016-06-27T18:51:13.341+0300: 869.678: [ParNew: 306213K->306213K(306688K), 0.0000304 secs]2016-06-27T18:51:13.341+0300: 869.678: [CMS: 4734271K->3835163K(4902144K), 0.5935192 secs] 5040484K->3835163K(5208832K), [Metaspace: 9057K->9057K(1058816K)], 0.5936929 secs] [Times: user=0.59 sys=0.00, real=0.59 secs] 
2016-06-27T18:51:13.935+0300: 870.271: Total time for which application threads were stopped: 0.5966304 seconds, Stopping threads took: 0.0025052 seconds
2016-06-27T18:51:14.139+0300: 870.475: Total time for which application threads were stopped: 0.0017029 seconds, Stopping threads took: 0.0003678 seconds
2016-06-27T18:51:14.326+0300: 870.662: [GC (Allocation Failure) 2016-06-27T18:51:14.326+0300: 870.662: [ParNew
Desired survivor size 17432576 bytes, new threshold 1 (max 6)
- age   1:   34853920 bytes,   34853920 total
: 272640K->34048K(306688K), 0.0354243 secs] 4107803K->4101224K(5208832K), 0.0355950 secs] [Times: user=0.13 sys=0.00, real=0.04 secs] 
2016-06-27T18:51:14.362+0300: 870.698: Total time for which application threads were stopped: 0.0361873 seconds, Stopping threads took: 0.0002391 seconds
2016-06-27T18:51:14.666+0300: 871.003: Total time for which application threads were stopped: 0.0020211 seconds, Stopping threads took: 0.0004610 seconds
2016-06-27T18:51:14.705+0300: 871.041: [GC (Allocation Failure) 2016-06-27T18:51:14.705+0300: 871.041: [ParNew
Desired survivor size 17432576 bytes, new threshold 1 (max 6)
- age   1:   34855272 bytes,   34855272 total
: 306300K->34048K(306688K), 0.0388798 secs] 4373476K->4367264K(5208832K), 0.0389910 secs] [Times: user=0.19 sys=0.00, real=0.04 secs] 
2016-06-27T18:51:14.744+0300: 871.080: Total time for which application threads were stopped: 0.0394622 seconds, Stopping threads took: 0.0001112 seconds
2016-06-27T18:51:15.052+0300: 871.388: [GC (Allocation Failure) 2016-06-27T18:51:15.052+0300: 871.388: [ParNew
Desired survivor size 17432576 bytes, new threshold 1 (max 6)
- age   1:   34864104 bytes,   34864104 total
: 306275K->34047K(306688K), 0.0393433 secs] 4639492K->4634527K(5208832K), 0.0394721 secs] [Times: user=0.13 sys=0.00, real=0.04 secs] 
2016-06-27T18:51:15.091+0300: 871.428: Total time for which application threads were stopped: 0.0401469 seconds, Stopping threads took: 0.0004029 seconds
2016-06-27T18:51:15.422+0300: 871.758: [GC (Allocation Failure) 2016-06-27T18:51:15.422+0300: 871.758: [ParNew: 305995K->305995K(306688K), 0.0000342 secs]2016-06-27T18:51:15.422+0300: 871.758: [CMS: 4600480K->3806161K(4902144K), 0.5871498 secs] 4906475K->3806161K(5208832K), [Metaspace: 9057K->9057K(1058816K)], 0.5873289 secs] [Times: user=0.59 sys=0.00, real=0.59 secs] 
2016-06-27T18:51:16.009+0300: 872.346: Total time for which application threads were stopped: 0.5886119 seconds, Stopping threads took: 0.0009006 seconds
2016-06-27T18:51:16.293+0300: 872.629: Total time for which application threads were stopped: 0.0016657 seconds, Stopping threads took: 0.0005029 seconds
2016-06-27T18:51:16.303+0300: 872.639: Total time for which application threads were stopped: 0.0004144 seconds, Stopping threads took: 0.0000984 seconds
2016-06-27T18:51:16.389+0300: 872.726: [GC (Allocation Failure) 2016-06-27T18:51:16.390+0300: 872.726: [ParNew
Desired survivor size 17432576 bytes, new threshold 1 (max 6)
- age   1:   34859736 bytes,   34859736 total
: 272640K->34048K(306688K), 0.0342910 secs] 4078801K->4071237K(5208832K), 0.0344523 secs] [Times: user=0.13 sys=0.00, real=0.04 secs] 
2016-06-27T18:51:16.424+0300: 872.760: Total time for which application threads were stopped: 0.0348833 seconds, Stopping threads took: 0.0001009 seconds
2016-06-27T18:51:16.668+0300: 873.004: Total time for which application threads were stopped: 0.0018928 seconds, Stopping threads took: 0.0003990 seconds
2016-06-27T18:51:16.759+0300: 873.095: [GC (Allocation Failure) 2016-06-27T18:51:16.759+0300: 873.095: [ParNew
Desired survivor size 17432576 bytes, new threshold 1 (max 6)
- age   1:   34856840 bytes,   34856840 total
: 306213K->34048K(306688K), 0.0393673 secs] 4343402K->4338283K(5208832K), 0.0395157 secs] [Times: user=0.13 sys=0.00, real=0.04 secs] 
2016-06-27T18:51:16.798+0300: 873.135: Total time for which application threads were stopped: 0.0400562 seconds, Stopping threads took: 0.0002087 seconds
2016-06-27T18:51:17.113+0300: 873.450: [GC (Allocation Failure) 2016-06-27T18:51:17.114+0300: 873.450: [ParNew
Desired survivor size 17432576 bytes, new threshold 1 (max 6)
- age   1:   34859240 bytes,   34859240 total
: 305761K->34048K(306688K), 0.0422488 secs] 4609997K->4604330K(5208832K), 0.0424169 secs] [Times: user=0.13 sys=0.01, real=0.04 secs] 
2016-06-27T18:51:17.156+0300: 873.493: Total time for which application threads were stopped: 0.0434706 seconds, Stopping threads took: 0.0006351 seconds
2016-06-27T18:51:17.484+0300: 873.821: [GC (Allocation Failure) 2016-06-27T18:51:17.485+0300: 873.821: [ParNew
Desired survivor size 17432576 bytes, new threshold 1 (max 6)
- age   1:   34855128 bytes,   34855128 total
: 306210K->34048K(306688K), 0.0391227 secs] 4876493K->4871375K(5208832K), 0.0392805 secs] [Times: user=0.19 sys=0.00, real=0.04 secs] 
2016-06-27T18:51:17.524+0300: 873.860: Total time for which application threads were stopped: 0.0409411 seconds, Stopping threads took: 0.0012577 seconds
2016-06-27T18:51:17.669+0300: 874.006: Total time for which application threads were stopped: 0.0027169 seconds, Stopping threads took: 0.0010063 seconds
2016-06-27T18:51:17.866+0300: 874.203: [GC (Allocation Failure) 2016-06-27T18:51:17.866+0300: 874.203: [ParNew: 306688K->306688K(306688K), 0.0000304 secs]2016-06-27T18:51:17.866+0300: 874.203: [CMS: 4837327K->3864171K(4902144K), 0.6521006 secs] 5144015K->3864171K(5208832K), [Metaspace: 9057K->9057K(1058816K)], 0.6522725 secs] [Times: user=0.64 sys=0.00, real=0.65 secs] 
2016-06-27T18:51:18.519+0300: 874.855: Total time for which application threads were stopped: 0.6543467 seconds, Stopping threads took: 0.0016751 seconds
2016-06-27T18:51:18.670+0300: 875.006: Total time for which application threads were stopped: 0.0024928 seconds, Stopping threads took: 0.0008198 seconds
2016-06-27T18:51:18.872+0300: 875.208: [GC (Allocation Failure) 2016-06-27T18:51:18.872+0300: 875.208: [ParNew
Desired survivor size 17432576 bytes, new threshold 1 (max 6)
- age   1:   34858552 bytes,   34858552 total
: 272425K->34048K(306688K), 0.0352314 secs] 4136597K->4129256K(5208832K), 0.0353871 secs] [Times: user=0.13 sys=0.00, real=0.04 secs] 
2016-06-27T18:51:18.907+0300: 875.243: Total time for which application threads were stopped: 0.0374989 seconds, Stopping threads took: 0.0017299 seconds
2016-06-27T18:51:19.259+0300: 875.596: [GC (Allocation Failure) 2016-06-27T18:51:19.259+0300: 875.596: [ParNew
Desired survivor size 17432576 bytes, new threshold 1 (max 6)
- age   1:   34845096 bytes,   34845096 total
: 306460K->34048K(306688K), 0.0394858 secs] 4401668K->4396303K(5208832K), 0.0396406 secs] [Times: user=0.13 sys=0.00, real=0.04 secs] 
2016-06-27T18:51:19.299+0300: 875.635: Total time for which application threads were stopped: 0.0416078 seconds, Stopping threads took: 0.0015383 seconds
2016-06-27T18:51:19.626+0300: 875.963: [GC (Allocation Failure) 2016-06-27T18:51:19.633+0300: 875.969: [ParNew
Desired survivor size 17432576 bytes, new threshold 1 (max 6)
- age   1:   34844088 bytes,   34844088 total
: 306268K->34041K(306688K), 0.0386048 secs] 4668524K->4663328K(5208832K), 0.0448203 secs] [Times: user=0.13 sys=0.00, real=0.05 secs] 
2016-06-27T18:51:19.671+0300: 876.008: Total time for which application threads were stopped: 0.0484866 seconds, Stopping threads took: 0.0032468 seconds
2016-06-27T18:51:19.672+0300: 876.008: [GC (CMS Initial Mark) [1 CMS-initial-mark: 4629287K(4902144K)] 4664328K(5208832K), 0.0003973 secs] [Times: user=0.00 sys=0.00, real=0.00 secs] 
2016-06-27T18:51:19.672+0300: 876.009: Total time for which application threads were stopped: 0.0008823 seconds, Stopping threads took: 0.0001112 seconds
2016-06-27T18:51:19.672+0300: 876.009: [CMS-concurrent-mark-start]
2016-06-27T18:51:19.723+0300: 876.059: [CMS-concurrent-mark: 0.050/0.050 secs] [Times: user=0.19 sys=0.00, real=0.05 secs] 
2016-06-27T18:51:19.723+0300: 876.059: [CMS-concurrent-preclean-start]
2016-06-27T18:51:19.733+0300: 876.069: [CMS-concurrent-preclean: 0.010/0.010 secs] [Times: user=0.06 sys=0.00, real=0.01 secs] 
2016-06-27T18:51:19.733+0300: 876.069: [CMS-concurrent-abortable-preclean-start]
2016-06-27T18:51:20.029+0300: 876.366: [GC (Allocation Failure) 2016-06-27T18:51:20.029+0300: 876.366: [ParNew: 305948K->305948K(306688K), 0.0000248 secs]2016-06-27T18:51:20.029+0300: 876.366: [CMS2016-06-27T18:51:20.030+0300: 876.366: [CMS-concurrent-abortable-preclean: 0.031/0.297 secs] [Times: user=1.16 sys=0.00, real=0.30 secs] 
 (concurrent mode failure): 4629287K->3939158K(4902144K), 0.6104210 secs] 4935235K->3939158K(5208832K), [Metaspace: 9057K->9057K(1058816K)], 0.6105673 secs] [Times: user=0.61 sys=0.00, real=0.61 secs] 
2016-06-27T18:51:20.640+0300: 876.976: Total time for which application threads were stopped: 0.6125199 seconds, Stopping threads took: 0.0015438 seconds
2016-06-27T18:51:20.982+0300: 877.319: Total time for which application threads were stopped: 0.0026382 seconds, Stopping threads took: 0.0011063 seconds
2016-06-27T18:51:21.039+0300: 877.375: [GC (Allocation Failure) 2016-06-27T18:51:21.039+0300: 877.375: [ParNew
Desired survivor size 17432576 bytes, new threshold 1 (max 6)
- age   1:   34863000 bytes,   34863000 total
: 272640K->34048K(306688K), 0.0359375 secs] 4211798K->4205245K(5208832K), 0.0361099 secs] [Times: user=0.13 sys=0.00, real=0.04 secs] 
2016-06-27T18:51:21.075+0300: 877.412: Total time for which application threads were stopped: 0.0365957 seconds, Stopping threads took: 0.0000774 seconds
2016-06-27T18:51:21.398+0300: 877.735: [GC (Allocation Failure) 2016-06-27T18:51:21.398+0300: 877.735: [ParNew
Desired survivor size 17432576 bytes, new threshold 1 (max 6)
- age   1:   34856176 bytes,   34856176 total
: 305750K->34048K(306688K), 0.0395815 secs] 4476948K->4471290K(5208832K), 0.0397334 secs] [Times: user=0.13 sys=0.00, real=0.04 secs] 
2016-06-27T18:51:21.438+0300: 877.774: Total time for which application threads were stopped: 0.0425016 seconds, Stopping threads took: 0.0023696 seconds
2016-06-27T18:51:21.633+0300: 877.970: Total time for which application threads were stopped: 0.0021909 seconds, Stopping threads took: 0.0008237 seconds
2016-06-27T18:51:21.671+0300: 878.008: Total time for which application threads were stopped: 0.0031249 seconds, Stopping threads took: 0.0017256 seconds
2016-06-27T18:51:21.802+0300: 878.138: [GC (Allocation Failure) 2016-06-27T18:51:21.802+0300: 878.138: [ParNew
Desired survivor size 17432576 bytes, new threshold 1 (max 6)
- age   1:   33854680 bytes,   33854680 total
: 306688K->33077K(306688K), 0.0378876 secs] 4743930K->4735363K(5208832K), 0.0380304 secs] [Times: user=0.13 sys=0.00, real=0.04 secs] 
2016-06-27T18:51:21.840+0300: 878.177: Total time for which application threads were stopped: 0.0385560 seconds, Stopping threads took: 0.0002852 seconds
2016-06-27T18:51:22.156+0300: 878.492: [GC (Allocation Failure) 2016-06-27T18:51:22.156+0300: 878.492: [ParNew: 305337K->305337K(306688K), 0.0000376 secs]2016-06-27T18:51:22.156+0300: 878.492: [CMS: 4702286K->3847170K(4902144K), 0.5863201 secs] 5007624K->3847170K(5208832K), [Metaspace: 9057K->9057K(1058816K)], 0.5865100 secs] [Times: user=0.59 sys=0.00, real=0.59 secs] 
2016-06-27T18:51:22.742+0300: 879.079: Total time for which application threads were stopped: 0.5877339 seconds, Stopping threads took: 0.0008587 seconds
2016-06-27T18:51:22.745+0300: 879.081: Total time for which application threads were stopped: 0.0012740 seconds, Stopping threads took: 0.0002104 seconds
2016-06-27T18:51:23.091+0300: 879.427: [GC (Allocation Failure) 2016-06-27T18:51:23.091+0300: 879.427: [ParNew
Desired survivor size 17432576 bytes, new threshold 1 (max 6)
- age   1:   33843808 bytes,   33843808 total
: 271999K->33074K(306688K), 0.0342782 secs] 4119170K->4112257K(5208832K), 0.0344108 secs] [Times: user=0.13 sys=0.00, real=0.03 secs] 
2016-06-27T18:51:23.125+0300: 879.462: Total time for which application threads were stopped: 0.0353679 seconds, Stopping threads took: 0.0005910 seconds
2016-06-27T18:51:23.443+0300: 879.779: [GC (Allocation Failure) 2016-06-27T18:51:23.443+0300: 879.779: [ParNew
Desired survivor size 17432576 bytes, new threshold 1 (max 6)
- age   1:   33834296 bytes,   33834296 total
: 305250K->33075K(306688K), 0.0391334 secs] 4384433K->4379316K(5208832K), 0.0393220 secs] [Times: user=0.13 sys=0.00, real=0.04 secs] 
2016-06-27T18:51:23.482+0300: 879.819: Total time for which application threads were stopped: 0.0403744 seconds, Stopping threads took: 0.0005923 seconds
2016-06-27T18:51:23.754+0300: 880.091: Total time for which application threads were stopped: 0.0025847 seconds, Stopping threads took: 0.0011538 seconds
2016-06-27T18:51:23.856+0300: 880.192: [GC (Allocation Failure) 2016-06-27T18:51:23.856+0300: 880.192: [ParNew
Desired survivor size 17432576 bytes, new threshold 1 (max 6)
- age   1:   34863136 bytes,   34863136 total
: 305715K->34048K(306688K), 0.0386501 secs] 4651956K->4646339K(5208832K), 0.0388485 secs] [Times: user=0.13 sys=0.00, real=0.04 secs] 
2016-06-27T18:51:23.895+0300: 880.231: Total time for which application threads were stopped: 0.0394156 seconds, Stopping threads took: 0.0001818 seconds
2016-06-27T18:51:24.222+0300: 880.559: [GC (Allocation Failure) 2016-06-27T18:51:24.222+0300: 880.559: [ParNew: 305914K->305914K(306688K), 0.0000372 secs]2016-06-27T18:51:24.223+0300: 880.559: [CMS: 4612291K->3817162K(4902144K), 0.6385205 secs] 4918206K->3817162K(5208832K), [Metaspace: 9057K->9057K(1058816K)], 0.6387262 secs] [Times: user=0.64 sys=0.00, real=0.64 secs] 
2016-06-27T18:51:24.861+0300: 881.198: Total time for which application threads were stopped: 0.6398894 seconds, Stopping threads took: 0.0007865 seconds
2016-06-27T18:51:24.864+0300: 881.201: Total time for which application threads were stopped: 0.0012034 seconds, Stopping threads took: 0.0001283 seconds
2016-06-27T18:51:25.215+0300: 881.552: [GC (Allocation Failure) 2016-06-27T18:51:25.215+0300: 881.552: [ParNew
Desired survivor size 17432576 bytes, new threshold 1 (max 6)
- age   1:   34860112 bytes,   34860112 total
: 272640K->34048K(306688K), 0.0353619 secs] 4089802K->4083231K(5208832K), 0.0355274 secs] [Times: user=0.13 sys=0.00, real=0.04 secs] 
2016-06-27T18:51:25.251+0300: 881.587: Total time for which application threads were stopped: 0.0367830 seconds, Stopping threads took: 0.0008365 seconds
2016-06-27T18:51:25.567+0300: 881.903: [GC (Allocation Failure) 2016-06-27T18:51:25.567+0300: 881.903: [ParNew
Desired survivor size 17432576 bytes, new threshold 1 (max 6)
- age   1:   34859256 bytes,   34859256 total
: 306349K->34048K(306688K), 0.0393057 secs] 4355532K->4350281K(5208832K), 0.0394943 secs] [Times: user=0.14 sys=0.00, real=0.04 secs] 
2016-06-27T18:51:25.613+0300: 881.949: Total time for which application threads were stopped: 0.0483570 seconds, Stopping threads took: 0.0022465 seconds
2016-06-27T18:51:25.800+0300: 882.136: Total time for which application threads were stopped: 0.0033207 seconds, Stopping threads took: 0.0017277 seconds
2016-06-27T18:51:25.982+0300: 882.319: [GC (Allocation Failure) 2016-06-27T18:51:25.983+0300: 882.319: [ParNew
Desired survivor size 17432576 bytes, new threshold 1 (max 6)
- age   1:   34858912 bytes,   34858912 total
: 306688K->34048K(306688K), 0.0393557 secs] 4622921K->4617336K(5208832K), 0.0395396 secs] [Times: user=0.19 sys=0.00, real=0.04 secs] 
2016-06-27T18:51:26.022+0300: 882.358: Total time for which application threads were stopped: 0.0446330 seconds, Stopping threads took: 0.0047029 seconds
2016-06-27T18:51:26.395+0300: 882.731: [GC (Allocation Failure) 2016-06-27T18:51:26.395+0300: 882.731: [ParNew
Desired survivor size 17432576 bytes, new threshold 1 (max 6)
- age   1:   34850480 bytes,   34850480 total
: 305933K->34048K(306688K), 0.0414838 secs] 4889221K->4883385K(5208832K), 0.0416424 secs] [Times: user=0.19 sys=0.00, real=0.04 secs] 
2016-06-27T18:51:26.436+0300: 882.772: Total time for which application threads were stopped: 0.0442785 seconds, Stopping threads took: 0.0022422 seconds
2016-06-27T18:51:26.755+0300: 883.091: [GC (Allocation Failure) 2016-06-27T18:51:26.755+0300: 883.091: [ParNew: 306675K->306675K(306688K), 0.0000355 secs]2016-06-27T18:51:26.755+0300: 883.091: [CMS: 4849337K->3831165K(4902144K), 0.6137712 secs] 5156013K->3831165K(5208832K), [Metaspace: 9057K->9057K(1058816K)], 0.6139598 secs] [Times: user=0.61 sys=0.00, real=0.61 secs] 
2016-06-27T18:51:27.369+0300: 883.705: Total time for which application threads were stopped: 0.6161768 seconds, Stopping threads took: 0.0018227 seconds
2016-06-27T18:51:27.685+0300: 884.022: [GC (Allocation Failure) 2016-06-27T18:51:27.685+0300: 884.022: [ParNew
Desired survivor size 17432576 bytes, new threshold 1 (max 6)
- age   1:   34845640 bytes,   34845640 total
: 272048K->34044K(306688K), 0.0347371 secs] 4103214K->4098222K(5208832K), 0.0348893 secs] [Times: user=0.13 sys=0.00, real=0.04 secs] 
2016-06-27T18:51:27.720+0300: 884.057: Total time for which application threads were stopped: 0.0361274 seconds, Stopping threads took: 0.0008861 seconds
2016-06-27T18:51:27.912+0300: 884.248: Total time for which application threads were stopped: 0.0011269 seconds, Stopping threads took: 0.0007138 seconds
2016-06-27T18:51:28.115+0300: 884.451: [GC (Allocation Failure) 2016-06-27T18:51:28.115+0300: 884.451: [ParNew
Desired survivor size 17432576 bytes, new threshold 1 (max 6)
- age   1:   34855424 bytes,   34855424 total
: 306684K->34048K(306688K), 0.0418652 secs] 4370862K->4365257K(5208832K), 0.0420350 secs] [Times: user=0.13 sys=0.00, real=0.04 secs] 
2016-06-27T18:51:28.157+0300: 884.493: Total time for which application threads were stopped: 0.0428843 seconds, Stopping threads took: 0.0004486 seconds
2016-06-27T18:51:28.157+0300: 884.494: [GC (CMS Initial Mark) [1 CMS-initial-mark: 4331209K(4902144K)] 4366391K(5208832K), 0.0003742 secs] [Times: user=0.00 sys=0.00, real=0.00 secs] 
2016-06-27T18:51:28.158+0300: 884.494: Total time for which application threads were stopped: 0.0007296 seconds, Stopping threads took: 0.0000783 seconds
2016-06-27T18:51:28.158+0300: 884.494: [CMS-concurrent-mark-start]
2016-06-27T18:51:28.208+0300: 884.544: [CMS-concurrent-mark: 0.050/0.050 secs] [Times: user=0.25 sys=0.00, real=0.05 secs] 
2016-06-27T18:51:28.208+0300: 884.545: [CMS-concurrent-preclean-start]
2016-06-27T18:51:28.218+0300: 884.555: [CMS-concurrent-preclean: 0.010/0.010 secs] [Times: user=0.00 sys=0.00, real=0.01 secs] 
2016-06-27T18:51:28.218+0300: 884.555: [CMS-concurrent-abortable-preclean-start]
2016-06-27T18:51:28.491+0300: 884.827: [GC (Allocation Failure) 2016-06-27T18:51:28.491+0300: 884.827: [ParNew
Desired survivor size 17432576 bytes, new threshold 1 (max 6)
- age   1:   34844848 bytes,   34844848 total
: 305782K->34036K(306688K), 0.0380091 secs] 4636991K->4632287K(5208832K), 0.0381416 secs] [Times: user=0.13 sys=0.00, real=0.04 secs] 
2016-06-27T18:51:28.529+0300: 884.865: Total time for which application threads were stopped: 0.0391770 seconds, Stopping threads took: 0.0006757 seconds
2016-06-27T18:51:28.674+0300: 885.010: Total time for which application threads were stopped: 0.0019518 seconds, Stopping threads took: 0.0004760 seconds
2016-06-27T18:51:28.895+0300: 885.231: [GC (Allocation Failure) 2016-06-27T18:51:28.895+0300: 885.231: [ParNew: 306010K->306010K(306688K), 0.0000440 secs]2016-06-27T18:51:28.895+0300: 885.231: [CMS2016-06-27T18:51:28.895+0300: 885.231: [CMS-concurrent-abortable-preclean: 0.085/0.677 secs] [Times: user=2.70 sys=0.00, real=0.68 secs] 
 (concurrent mode failure): 4598250K->3922174K(4902144K), 0.5973382 secs] 4904261K->3922174K(5208832K), [Metaspace: 9057K->9057K(1058816K)], 0.5975469 secs] [Times: user=0.61 sys=0.00, real=0.60 secs] 
2016-06-27T18:51:29.492+0300: 885.829: Total time for which application threads were stopped: 0.5991574 seconds, Stopping threads took: 0.0012334 seconds
2016-06-27T18:51:29.674+0300: 886.011: Total time for which application threads were stopped: 0.0022418 seconds, Stopping threads took: 0.0005029 seconds
2016-06-27T18:51:29.832+0300: 886.168: [GC (Allocation Failure) 2016-06-27T18:51:29.832+0300: 886.168: [ParNew
Desired survivor size 17432576 bytes, new threshold 1 (max 6)
- age   1:   34857976 bytes,   34857976 total
: 271800K->34048K(306688K), 0.0351374 secs] 4193975K->4188234K(5208832K), 0.0353144 secs] [Times: user=0.17 sys=0.00, real=0.04 secs] 
2016-06-27T18:51:29.867+0300: 886.203: Total time for which application threads were stopped: 0.0359927 seconds, Stopping threads took: 0.0002985 seconds
2016-06-27T18:51:30.190+0300: 886.526: [GC (Allocation Failure) 2016-06-27T18:51:30.196+0300: 886.532: [ParNew
Desired survivor size 17432576 bytes, new threshold 1 (max 6)
- age   1:   34850600 bytes,   34850600 total
: 306161K->34047K(306688K), 0.0391039 secs] 4460347K->4455280K(5208832K), 0.0453121 secs] [Times: user=0.13 sys=0.00, real=0.04 secs] 
2016-06-27T18:51:30.235+0300: 886.572: Total time for which application threads were stopped: 0.0473918 seconds, Stopping threads took: 0.0017089 seconds
2016-06-27T18:51:30.236+0300: 886.572: [GC (CMS Initial Mark) [1 CMS-initial-mark: 4421232K(4902144K)] 4456280K(5208832K), 0.0003490 secs] [Times: user=0.00 sys=0.00, real=0.00 secs] 
2016-06-27T18:51:30.236+0300: 886.572: Total time for which application threads were stopped: 0.0007001 seconds, Stopping threads took: 0.0000727 seconds
2016-06-27T18:51:30.236+0300: 886.572: [CMS-concurrent-mark-start]
2016-06-27T18:51:30.287+0300: 886.623: [CMS-concurrent-mark: 0.051/0.051 secs] [Times: user=0.22 sys=0.02, real=0.05 secs] 
2016-06-27T18:51:30.287+0300: 886.623: [CMS-concurrent-preclean-start]
2016-06-27T18:51:30.297+0300: 886.633: [CMS-concurrent-preclean: 0.010/0.010 secs] [Times: user=0.00 sys=0.00, real=0.01 secs] 
2016-06-27T18:51:30.297+0300: 886.633: [CMS-concurrent-abortable-preclean-start]
2016-06-27T18:51:30.592+0300: 886.928: [GC (Allocation Failure) 2016-06-27T18:51:30.592+0300: 886.928: [ParNew2016-06-27T18:51:30.629+0300: 886.965: [CMS-concurrent-abortable-preclean: 0.032/0.332 secs] [Times: user=1.31 sys=0.00, real=0.33 secs] 

Desired survivor size 17432576 bytes, new threshold 1 (max 6)
- age   1:   34846264 bytes,   34846264 total
: 306379K->34034K(306688K), 0.0379411 secs] 4727611K->4722303K(5208832K), 0.0380835 secs] [Times: user=0.14 sys=0.00, real=0.04 secs] 
2016-06-27T18:51:30.630+0300: 886.966: Total time for which application threads were stopped: 0.0401495 seconds, Stopping threads took: 0.0016897 seconds
2016-06-27T18:51:30.676+0300: 887.012: Total time for which application threads were stopped: 0.0033049 seconds, Stopping threads took: 0.0012445 seconds
2016-06-27T18:51:31.062+0300: 887.398: [GC (Allocation Failure) 2016-06-27T18:51:31.062+0300: 887.399: [ParNew: 305712K->305712K(306688K), 0.0000351 secs]2016-06-27T18:51:31.062+0300: 887.399: [CMS (concurrent mode failure): 4688268K->3877174K(4902144K), 0.7189054 secs] 4993981K->3877174K(5208832K), [Metaspace: 9057K->9057K(1058816K)], 0.7191072 secs] [Times: user=0.72 sys=0.00, real=0.72 secs] 
2016-06-27T18:51:31.781+0300: 888.118: Total time for which application threads were stopped: 0.7259176 seconds, Stopping threads took: 0.0064028 seconds
2016-06-27T18:51:31.784+0300: 888.121: Total time for which application threads were stopped: 0.0018351 seconds, Stopping threads took: 0.0000821 seconds
2016-06-27T18:51:32.163+0300: 888.499: [GC (Allocation Failure) 2016-06-27T18:51:32.163+0300: 888.499: [ParNew
Desired survivor size 17432576 bytes, new threshold 1 (max 6)
- age   1:   34850568 bytes,   34850568 total
: 271646K->34046K(306688K), 0.0370657 secs] 4148820K->4141232K(5208832K), 0.0372239 secs] [Times: user=0.13 sys=0.00, real=0.04 secs] 
2016-06-27T18:51:32.200+0300: 888.536: Total time for which application threads were stopped: 0.0383414 seconds, Stopping threads took: 0.0007548 seconds
2016-06-27T18:51:32.558+0300: 888.895: [GC (Allocation Failure) 2016-06-27T18:51:32.558+0300: 888.895: [ParNew
Desired survivor size 17432576 bytes, new threshold 1 (max 6)
- age   1:   34847144 bytes,   34847144 total
: 306199K->34048K(306688K), 0.0387472 secs] 4413385K->4408273K(5208832K), 0.0388879 secs] [Times: user=0.13 sys=0.00, real=0.04 secs] 
2016-06-27T18:51:32.597+0300: 888.934: Total time for which application threads were stopped: 0.0401435 seconds, Stopping threads took: 0.0008861 seconds
2016-06-27T18:51:32.674+0300: 889.011: Total time for which application threads were stopped: 0.0015674 seconds, Stopping threads took: 0.0004105 seconds
2016-06-27T18:51:32.930+0300: 889.266: [GC (Allocation Failure) 2016-06-27T18:51:32.930+0300: 889.266: [ParNew
Desired survivor size 17432576 bytes, new threshold 1 (max 6)
- age   1:   34848496 bytes,   34848496 total
: 306017K->34046K(306688K), 0.0383294 secs] 4680242K->4675305K(5208832K), 0.0385680 secs] [Times: user=0.13 sys=0.00, real=0.04 secs] 
2016-06-27T18:51:32.968+0300: 889.305: Total time for which application threads were stopped: 0.0396658 seconds, Stopping threads took: 0.0006633 seconds
2016-06-27T18:51:32.969+0300: 889.305: [GC (CMS Initial Mark) [1 CMS-initial-mark: 4641259K(4902144K)] 4676305K(5208832K), 0.0003977 secs] [Times: user=0.00 sys=0.00, real=0.00 secs] 
2016-06-27T18:51:32.969+0300: 889.306: Total time for which application threads were stopped: 0.0009845 seconds, Stopping threads took: 0.0000787 seconds
2016-06-27T18:51:32.969+0300: 889.306: [CMS-concurrent-mark-start]
2016-06-27T18:51:33.020+0300: 889.356: [CMS-concurrent-mark: 0.050/0.050 secs] [Times: user=0.19 sys=0.00, real=0.05 secs] 
2016-06-27T18:51:33.020+0300: 889.356: [CMS-concurrent-preclean-start]
2016-06-27T18:51:33.030+0300: 889.366: [CMS-concurrent-preclean: 0.010/0.010 secs] [Times: user=0.06 sys=0.00, real=0.01 secs] 
2016-06-27T18:51:33.030+0300: 889.366: [CMS-concurrent-abortable-preclean-start]
2016-06-27T18:51:33.329+0300: 889.665: [GC (Allocation Failure) 2016-06-27T18:51:33.329+0300: 889.665: [ParNew: 306266K->306266K(306688K), 0.0000329 secs]2016-06-27T18:51:33.329+0300: 889.666: [CMS2016-06-27T18:51:33.330+0300: 889.666: [CMS-concurrent-abortable-preclean: 0.032/0.300 secs] [Times: user=1.19 sys=0.00, real=0.30 secs] 
 (concurrent mode failure): 4641259K->3817166K(4902144K), 0.5994919 secs] 4947525K->3817166K(5208832K), [Metaspace: 9057K->9057K(1058816K)], 0.5996826 secs] [Times: user=0.61 sys=0.00, real=0.60 secs] 
2016-06-27T18:51:33.929+0300: 890.265: Total time for which application threads were stopped: 0.6015536 seconds, Stopping threads took: 0.0014373 seconds
2016-06-27T18:51:34.250+0300: 890.586: [GC (Allocation Failure) 2016-06-27T18:51:34.250+0300: 890.587: [ParNew
Desired survivor size 17432576 bytes, new threshold 1 (max 6)
- age   1:   34847408 bytes,   34847408 total
: 272436K->34039K(306688K), 0.0349086 secs] 4089603K->4084217K(5208832K), 0.0350604 secs] [Times: user=0.13 sys=0.00, real=0.04 secs] 
2016-06-27T18:51:34.285+0300: 890.622: Total time for which application threads were stopped: 0.0359183 seconds, Stopping threads took: 0.0005260 seconds
2016-06-27T18:51:34.601+0300: 890.937: [GC (Allocation Failure) 2016-06-27T18:51:34.601+0300: 890.937: [ParNew
Desired survivor size 17432576 bytes, new threshold 1 (max 6)
- age   1:   34849592 bytes,   34849592 total
: 306335K->34046K(306688K), 0.0383542 secs] 4356514K->4351258K(5208832K), 0.0384744 secs] [Times: user=0.13 sys=0.00, real=0.04 secs] 
2016-06-27T18:51:34.640+0300: 890.976: Total time for which application threads were stopped: 0.0394571 seconds, Stopping threads took: 0.0005786 seconds
2016-06-27T18:51:35.002+0300: 891.339: Total time for which application threads were stopped: 0.0016922 seconds, Stopping threads took: 0.0005252 seconds
2016-06-27T18:51:35.057+0300: 891.393: [GC (Allocation Failure) 2016-06-27T18:51:35.057+0300: 891.393: [ParNew
Desired survivor size 17432576 bytes, new threshold 1 (max 6)
- age   1:   34855384 bytes,   34855384 total
: 306686K->34048K(306688K), 0.0380176 secs] 4623898K->4618299K(5208832K), 0.0381506 secs] [Times: user=0.13 sys=0.00, real=0.04 secs] 
2016-06-27T18:51:35.095+0300: 891.431: Total time for which application threads were stopped: 0.0385150 seconds, Stopping threads took: 0.0001014 seconds
2016-06-27T18:51:35.455+0300: 891.792: [GC (Allocation Failure) 2016-06-27T18:51:35.461+0300: 891.797: [ParNew
Desired survivor size 17432576 bytes, new threshold 1 (max 6)
- age   1:   34846424 bytes,   34846424 total
: 306555K->34036K(306688K), 0.0394618 secs] 4890807K->4884327K(5208832K), 0.0453108 secs] [Times: user=0.13 sys=0.00, real=0.05 secs] 
2016-06-27T18:51:35.501+0300: 891.837: Total time for which application threads were stopped: 0.0472904 seconds, Stopping threads took: 0.0015780 seconds
2016-06-27T18:51:35.675+0300: 892.012: Total time for which application threads were stopped: 0.0017081 seconds, Stopping threads took: 0.0005093 seconds
2016-06-27T18:51:35.908+0300: 892.245: [GC (CMS Initial Mark) [1 CMS-initial-mark: 4850290K(4902144K)] 5156967K(5208832K), 0.0011748 secs] [Times: user=0.00 sys=0.00, real=0.00 secs] 
2016-06-27T18:51:35.909+0300: 892.246: Total time for which application threads were stopped: 0.0022247 seconds, Stopping threads took: 0.0006881 seconds
2016-06-27T18:51:35.909+0300: 892.246: [CMS-concurrent-mark-start]
2016-06-27T18:51:35.911+0300: 892.247: [GC (Allocation Failure) 2016-06-27T18:51:35.911+0300: 892.247: [ParNew: 306676K->306676K(306688K), 0.0000316 secs]2016-06-27T18:51:35.911+0300: 892.247: [CMS2016-06-27T18:51:35.946+0300: 892.282: [CMS-concurrent-mark: 0.034/0.036 secs] [Times: user=0.05 sys=0.00, real=0.04 secs] 
 (concurrent mode failure): 4850290K->3649151K(4902144K), 0.6112960 secs] 5156967K->3649151K(5208832K), [Metaspace: 9057K->9057K(1058816K)], 0.6115115 secs] [Times: user=0.61 sys=0.00, real=0.61 secs] 
2016-06-27T18:51:36.522+0300: 892.859: Total time for which application threads were stopped: 0.6119156 seconds, Stopping threads took: 0.0000445 seconds
2016-06-27T18:51:36.677+0300: 893.014: Total time for which application threads were stopped: 0.0027567 seconds, Stopping threads took: 0.0011260 seconds
2016-06-27T18:51:36.939+0300: 893.275: [GC (Allocation Failure) 2016-06-27T18:51:36.939+0300: 893.275: [ParNew
Desired survivor size 17432576 bytes, new threshold 1 (max 6)
- age   1:   34848176 bytes,   34848176 total
: 272640K->34047K(306688K), 0.0363639 secs] 3921791K->3916210K(5208832K), 0.0365294 secs] [Times: user=0.17 sys=0.00, real=0.04 secs] 
2016-06-27T18:51:36.975+0300: 893.312: Total time for which application threads were stopped: 0.0389238 seconds, Stopping threads took: 0.0020155 seconds
2016-06-27T18:51:37.298+0300: 893.635: [GC (Allocation Failure) 2016-06-27T18:51:37.298+0300: 893.635: [ParNew
Desired survivor size 17432576 bytes, new threshold 1 (max 6)
- age   1:   34848952 bytes,   34848952 total
: 306229K->34046K(306688K), 0.0397385 secs] 4188392K->4183244K(5208832K), 0.0399014 secs] [Times: user=0.19 sys=0.00, real=0.04 secs] 
2016-06-27T18:51:37.338+0300: 893.675: Total time for which application threads were stopped: 0.0425007 seconds, Stopping threads took: 0.0022182 seconds
2016-06-27T18:51:37.422+0300: 893.758: [GC (CMS Initial Mark) [1 CMS-initial-mark: 4149197K(4902144K)] 4248968K(5208832K), 0.0064234 secs] [Times: user=0.00 sys=0.00, real=0.01 secs] 
2016-06-27T18:51:37.428+0300: 893.764: Total time for which application threads were stopped: 0.0086390 seconds, Stopping threads took: 0.0018500 seconds
2016-06-27T18:51:37.428+0300: 893.764: [CMS-concurrent-mark-start]
2016-06-27T18:51:37.478+0300: 893.814: [CMS-concurrent-mark: 0.050/0.050 secs] [Times: user=0.17 sys=0.01, real=0.05 secs] 
2016-06-27T18:51:37.478+0300: 893.815: [CMS-concurrent-preclean-start]
2016-06-27T18:51:37.478+0300: 893.825: [CMS-concurrent-preclean: 0.010/0.010 secs] [Times: user=0.00 sys=0.00, real=0.00 secs] 
2016-06-27T18:51:37.478+0300: 893.825: [CMS-concurrent-abortable-preclean-start]
2016-06-27T18:51:37.678+0300: 894.014: Total time for which application threads were stopped: 0.0032553 seconds, Stopping threads took: 0.0013741 seconds
2016-06-27T18:51:37.742+0300: 894.079: [GC (Allocation Failure) 2016-06-27T18:51:37.743+0300: 894.079: [ParNew
Desired survivor size 17432576 bytes, new threshold 1 (max 6)
- age   1:   34855768 bytes,   34855768 total
: 306686K->34047K(306688K), 0.0391021 secs] 4455884K->4448282K(5208832K), 0.0392753 secs] [Times: user=0.13 sys=0.00, real=0.04 secs] 
2016-06-27T18:51:37.782+0300: 894.118: Total time for which application threads were stopped: 0.0402397 seconds, Stopping threads took: 0.0006124 seconds
2016-06-27T18:51:38.124+0300: 894.461: [CMS-concurrent-abortable-preclean: 0.074/0.636 secs] [Times: user=2.44 sys=0.00, real=0.65 secs] 
2016-06-27T18:51:38.127+0300: 894.463: [GC (Allocation Failure) 2016-06-27T18:51:38.127+0300: 894.463: [ParNew
Desired survivor size 17432576 bytes, new threshold 1 (max 6)
- age   1:   34857024 bytes,   34857024 total
: 306368K->34046K(306688K), 0.0385659 secs] 4720602K->4715596K(5208832K), 0.0387267 secs] [Times: user=0.19 sys=0.00, real=0.04 secs] 
2016-06-27T18:51:38.165+0300: 894.502: Total time for which application threads were stopped: 0.0397911 seconds, Stopping threads took: 0.0006877 seconds
2016-06-27T18:51:38.542+0300: 894.878: [GC (Allocation Failure) 2016-06-27T18:51:38.542+0300: 894.878: [ParNew: 305804K->305804K(306688K), 0.0000428 secs]2016-06-27T18:51:38.542+0300: 894.879: [CMS (concurrent mode failure): 4681549K->3676151K(4902144K), 0.7839601 secs] 4987354K->3676151K(5208832K), [Metaspace: 9057K->9057K(1058816K)], 0.7841983 secs] [Times: user=0.78 sys=0.00, real=0.78 secs] 
2016-06-27T18:51:39.326+0300: 895.663: Total time for which application threads were stopped: 0.7883479 seconds, Stopping threads took: 0.0036740 seconds
2016-06-27T18:51:39.582+0300: 895.919: Total time for which application threads were stopped: 0.0039460 seconds, Stopping threads took: 0.0015421 seconds
2016-06-27T18:51:39.822+0300: 896.158: [GC (Allocation Failure) 2016-06-27T18:51:39.822+0300: 896.158: [ParNew
Desired survivor size 17432576 bytes, new threshold 1 (max 6)
- age   1:   34859896 bytes,   34859896 total
: 272640K->34048K(306688K), 0.0372910 secs] 3948791K->3942227K(5208832K), 0.0374621 secs] [Times: user=0.13 sys=0.00, real=0.04 secs] 
2016-06-27T18:51:39.859+0300: 896.196: Total time for which application threads were stopped: 0.0386895 seconds, Stopping threads took: 0.0008155 seconds
2016-06-27T18:51:40.248+0300: 896.585: [GC (Allocation Failure) 2016-06-27T18:51:40.248+0300: 896.585: [ParNew
Desired survivor size 17432576 bytes, new threshold 1 (max 6)
- age   1:   34852640 bytes,   34852640 total
: 305736K->34048K(306688K), 0.0391932 secs] 4213915K->4209276K(5208832K), 0.0393515 secs] [Times: user=0.19 sys=0.00, real=0.04 secs] 
2016-06-27T18:51:40.288+0300: 896.624: Total time for which application threads were stopped: 0.0426196 seconds, Stopping threads took: 0.0026480 seconds
2016-06-27T18:51:40.288+0300: 896.625: [GC (CMS Initial Mark) [1 CMS-initial-mark: 4175228K(4902144K)] 4210292K(5208832K), 0.0004268 secs] [Times: user=0.00 sys=0.00, real=0.00 secs] 
2016-06-27T18:51:40.289+0300: 896.625: Total time for which application threads were stopped: 0.0008660 seconds, Stopping threads took: 0.0000795 seconds
2016-06-27T18:51:40.289+0300: 896.625: [CMS-concurrent-mark-start]
2016-06-27T18:51:40.340+0300: 896.677: [CMS-concurrent-mark: 0.051/0.051 secs] [Times: user=0.19 sys=0.00, real=0.05 secs] 
2016-06-27T18:51:40.340+0300: 896.677: [CMS-concurrent-preclean-start]
2016-06-27T18:51:40.350+0300: 896.687: [CMS-concurrent-preclean: 0.010/0.010 secs] [Times: user=0.06 sys=0.00, real=0.01 secs] 
2016-06-27T18:51:40.350+0300: 896.687: [CMS-concurrent-abortable-preclean-start]
2016-06-27T18:51:40.658+0300: 896.994: [GC (Allocation Failure) 2016-06-27T18:51:40.658+0300: 896.994: [ParNew2016-06-27T18:51:40.690+0300: 897.026: [CMS-concurrent-abortable-preclean: 0.032/0.339 secs] [Times: user=1.31 sys=0.00, real=0.34 secs] 

Desired survivor size 17432576 bytes, new threshold 1 (max 6)
- age   1:   34848320 bytes,   34848320 total
: 306069K->34046K(306688K), 0.0400853 secs] 4481298K->4476324K(5208832K), 0.0403312 secs] [Times: user=0.19 sys=0.00, real=0.04 secs] 
2016-06-27T18:51:40.698+0300: 897.035: Total time for which application threads were stopped: 0.0428638 seconds, Stopping threads took: 0.0019668 seconds
2016-06-27T18:51:41.028+0300: 897.365: [GC (Allocation Failure) 2016-06-27T18:51:41.029+0300: 897.365: [ParNew
Desired survivor size 17432576 bytes, new threshold 1 (max 6)
- age   1:   34857184 bytes,   34857184 total
: 306668K->34048K(306688K), 0.0382622 secs] 4748946K->4744360K(5208832K), 0.0384205 secs] [Times: user=0.17 sys=0.00, real=0.04 secs] 
2016-06-27T18:51:41.067+0300: 897.404: Total time for which application threads were stopped: 0.0441027 seconds, Stopping threads took: 0.0052396 seconds
2016-06-27T18:51:41.416+0300: 897.752: [GC (Allocation Failure) 2016-06-27T18:51:41.416+0300: 897.752: [ParNew: 306254K->306254K(306688K), 0.0000338 secs]2016-06-27T18:51:41.416+0300: 897.752: [CMS (concurrent mode failure): 4710312K->3811163K(4902144K), 0.5956485 secs] 5016567K->3811163K(5208832K), [Metaspace: 9057K->9057K(1058816K)], 0.5958324 secs] [Times: user=0.59 sys=0.00, real=0.60 secs] 
2016-06-27T18:51:42.012+0300: 898.348: Total time for which application threads were stopped: 0.5990018 seconds, Stopping threads took: 0.0027443 seconds
2016-06-27T18:51:42.355+0300: 898.692: [GC (Allocation Failure) 2016-06-27T18:51:42.356+0300: 898.692: [ParNew
Desired survivor size 17432576 bytes, new threshold 1 (max 6)
- age   1:   34857920 bytes,   34857920 total
: 272215K->34047K(306688K), 0.0352417 secs] 4083378K->4078235K(5208832K), 0.0353871 secs] [Times: user=0.13 sys=0.00, real=0.04 secs] 
2016-06-27T18:51:42.391+0300: 898.727: Total time for which application threads were stopped: 0.0363895 seconds, Stopping threads took: 0.0006197 seconds
2016-06-27T18:51:42.723+0300: 899.059: [GC (Allocation Failure) 2016-06-27T18:51:42.723+0300: 899.059: [ParNew
Desired survivor size 17432576 bytes, new threshold 1 (max 6)
- age   1:   34861072 bytes,   34861072 total
: 306170K->34048K(306688K), 0.0381378 secs] 4350357K->4345281K(5208832K), 0.0382922 secs] [Times: user=0.17 sys=0.00, real=0.04 secs] 
2016-06-27T18:51:42.761+0300: 899.097: Total time for which application threads were stopped: 0.0392655 seconds, Stopping threads took: 0.0005752 seconds
2016-06-27T18:51:43.150+0300: 899.487: [GC (Allocation Failure) 2016-06-27T18:51:43.150+0300: 899.487: [ParNew
Desired survivor size 17432576 bytes, new threshold 1 (max 6)
- age   1:   34857496 bytes,   34857496 total
: 306369K->34048K(306688K), 0.0429921 secs] 4617602K->4612334K(5208832K), 0.0431606 secs] [Times: user=0.19 sys=0.00, real=0.04 secs] 
2016-06-27T18:51:43.194+0300: 899.530: Total time for which application threads were stopped: 0.0461794 seconds, Stopping threads took: 0.0025317 seconds
2016-06-27T18:51:43.567+0300: 899.903: [GC (Allocation Failure) 2016-06-27T18:51:43.567+0300: 899.903: [ParNew
Desired survivor size 17432576 bytes, new threshold 1 (max 6)
- age   1:   34844080 bytes,   34844080 total
: 306281K->34041K(306688K), 0.0408046 secs] 4884567K->4878374K(5208832K), 0.0411831 secs] [Times: user=0.19 sys=0.00, real=0.04 secs] 
2016-06-27T18:51:43.608+0300: 899.945: Total time for which application threads were stopped: 0.0446860 seconds, Stopping threads took: 0.0026895 seconds
2016-06-27T18:51:43.995+0300: 900.331: [GC (Allocation Failure) 2016-06-27T18:51:43.995+0300: 900.331: [ParNew: 306199K->306199K(306688K), 0.0000402 secs]2016-06-27T18:51:43.995+0300: 900.331: [CMS: 4844332K->3749158K(4902144K), 0.6988873 secs] 5150532K->3749158K(5208832K), [Metaspace: 9057K->9057K(1058816K)], 0.6991135 secs] [Times: user=0.70 sys=0.00, real=0.70 secs] 
2016-06-27T18:51:44.694+0300: 901.031: Total time for which application threads were stopped: 0.7018347 seconds, Stopping threads took: 0.0021631 seconds
2016-06-27T18:51:45.055+0300: 901.392: [GC (Allocation Failure) 2016-06-27T18:51:45.055+0300: 901.392: [ParNew
Desired survivor size 17432576 bytes, new threshold 1 (max 6)
- age   1:   34860320 bytes,   34860320 total
: 272640K->34046K(306688K), 0.0354966 secs] 4021798K->4016246K(5208832K), 0.0356441 secs] [Times: user=0.13 sys=0.00, real=0.04 secs] 
2016-06-27T18:51:45.091+0300: 901.427: Total time for which application threads were stopped: 0.0367672 seconds, Stopping threads took: 0.0006646 seconds
2016-06-27T18:51:45.425+0300: 901.761: [GC (Allocation Failure) 2016-06-27T18:51:45.425+0300: 901.761: [ParNew
Desired survivor size 17432576 bytes, new threshold 1 (max 6)
- age   1:   34846048 bytes,   34846048 total
: 305879K->34040K(306688K), 0.0387724 secs] 4288079K->4283291K(5208832K), 0.0389230 secs] [Times: user=0.19 sys=0.00, real=0.04 secs] 
2016-06-27T18:51:45.464+0300: 901.800: Total time for which application threads were stopped: 0.0429908 seconds, Stopping threads took: 0.0035675 seconds
2016-06-27T18:51:45.786+0300: 902.123: [GC (Allocation Failure) 2016-06-27T18:51:45.786+0300: 902.123: [ParNew
Desired survivor size 17432576 bytes, new threshold 1 (max 6)
- age   1:   34849408 bytes,   34849408 total
: 306083K->34047K(306688K), 0.0385607 secs] 4555334K->4550332K(5208832K), 0.0387327 secs] [Times: user=0.13 sys=0.00, real=0.04 secs] 
2016-06-27T18:51:45.825+0300: 902.161: Total time for which application threads were stopped: 0.0443597 seconds, Stopping threads took: 0.0051109 seconds
2016-06-27T18:51:46.068+0300: 902.404: [GC (CMS Initial Mark) [1 CMS-initial-mark: 4516284K(4902144K)] 4743694K(5208832K), 0.0006017 secs] [Times: user=0.00 sys=0.00, real=0.00 secs] 
2016-06-27T18:51:46.069+0300: 902.405: Total time for which application threads were stopped: 0.0043877 seconds, Stopping threads took: 0.0032677 seconds
2016-06-27T18:51:46.069+0300: 902.405: [CMS-concurrent-mark-start]
2016-06-27T18:51:46.120+0300: 902.457: [CMS-concurrent-mark: 0.052/0.052 secs] [Times: user=0.19 sys=0.00, real=0.05 secs] 
2016-06-27T18:51:46.120+0300: 902.457: [CMS-concurrent-preclean-start]
2016-06-27T18:51:46.131+0300: 902.467: [CMS-concurrent-preclean: 0.010/0.010 secs] [Times: user=0.06 sys=0.00, real=0.01 secs] 
2016-06-27T18:51:46.131+0300: 902.467: [CMS-concurrent-abortable-preclean-start]
2016-06-27T18:51:46.205+0300: 902.541: [GC (Allocation Failure) 2016-06-27T18:51:46.205+0300: 902.541: [ParNew2016-06-27T18:51:46.243+0300: 902.579: [CMS-concurrent-abortable-preclean: 0.011/0.112 secs] [Times: user=0.44 sys=0.00, real=0.11 secs] 

Desired survivor size 17432576 bytes, new threshold 1 (max 6)
- age   1:   34848960 bytes,   34848960 total
: 305759K->34048K(306688K), 0.0385684 secs] 4822043K->4818369K(5208832K), 0.0387151 secs] [Times: user=0.19 sys=0.00, real=0.04 secs] 
2016-06-27T18:51:46.244+0300: 902.580: Total time for which application threads were stopped: 0.0413413 seconds, Stopping threads took: 0.0021092 seconds
2016-06-27T18:51:46.258+0300: 902.594: [GC (CMS Final Remark) [YG occupancy: 43506 K (306688 K)]2016-06-27T18:51:46.258+0300: 902.594: [Rescan (parallel) , 0.0043582 secs]2016-06-27T18:51:46.262+0300: 902.599: [weak refs processing, 0.0000265 secs]2016-06-27T18:51:46.262+0300: 902.599: [class unloading, 0.0024376 secs]2016-06-27T18:51:46.265+0300: 902.601: [scrub symbol table, 0.0011970 secs]2016-06-27T18:51:46.266+0300: 902.602: [scrub string table, 0.0003019 secs][1 CMS-remark: 4784321K(4902144K)] 4827827K(5208832K), 0.0086296 secs] [Times: user=0.00 sys=0.00, real=0.01 secs] 
2016-06-27T18:51:46.266+0300: 902.603: Total time for which application threads were stopped: 0.0092048 seconds, Stopping threads took: 0.0000898 seconds
2016-06-27T18:51:46.657+0300: 902.994: [CMS-concurrent-sweep-start]
2016-06-27T18:51:46.661+0300: 902.998: [GC (Allocation Failure) 2016-06-27T18:51:46.661+0300: 902.998: [ParNew: 306688K->306688K(306688K), 0.0000329 secs]2016-06-27T18:51:46.661+0300: 902.998: [CMS2016-06-27T18:51:46.669+0300: 903.006: [CMS-concurrent-sweep: 0.008/0.012 secs] [Times: user=0.02 sys=0.00, real=0.01 secs] 
 (concurrent mode failure): 4784321K->3839163K(4902144K), 0.6622262 secs] 5091009K->3839163K(5208832K), [Metaspace: 9057K->9057K(1058816K)], 0.6625572 secs] [Times: user=0.66 sys=0.00, real=0.66 secs] 
2016-06-27T18:51:47.324+0300: 903.660: Total time for which application threads were stopped: 0.6660246 seconds, Stopping threads took: 0.0030838 seconds
2016-06-27T18:51:47.657+0300: 903.993: Total time for which application threads were stopped: 0.0014604 seconds, Stopping threads took: 0.0009169 seconds
2016-06-27T18:51:47.680+0300: 904.016: Total time for which application threads were stopped: 0.0014664 seconds, Stopping threads took: 0.0000753 seconds
2016-06-27T18:51:47.752+0300: 904.089: [GC (Allocation Failure) 2016-06-27T18:51:47.752+0300: 904.089: [ParNew
Desired survivor size 17432576 bytes, new threshold 1 (max 6)
- age   1:   34864808 bytes,   34864808 total
: 272640K->34048K(306688K), 0.0340404 secs] 4111803K->4103272K(5208832K), 0.0341867 secs] [Times: user=0.19 sys=0.00, real=0.03 secs] 
2016-06-27T18:51:47.787+0300: 904.123: Total time for which application threads were stopped: 0.0345348 seconds, Stopping threads took: 0.0000842 seconds
2016-06-27T18:51:48.108+0300: 904.444: [GC (Allocation Failure) 2016-06-27T18:51:48.108+0300: 904.444: [ParNew
Desired survivor size 17432576 bytes, new threshold 1 (max 6)
- age   1:   34846904 bytes,   34846904 total
: 305712K->34048K(306688K), 0.0394233 secs] 4374937K->4370325K(5208832K), 0.0395901 secs] [Times: user=0.19 sys=0.00, real=0.04 secs] 
2016-06-27T18:51:48.147+0300: 904.483: Total time for which application threads were stopped: 0.0406960 seconds, Stopping threads took: 0.0007116 seconds
2016-06-27T18:51:48.148+0300: 904.484: [GC (CMS Initial Mark) [1 CMS-initial-mark: 4336277K(4902144K)] 4371325K(5208832K), 0.0003481 secs] [Times: user=0.00 sys=0.00, real=0.00 secs] 
2016-06-27T18:51:48.148+0300: 904.484: Total time for which application threads were stopped: 0.0007232 seconds, Stopping threads took: 0.0000766 seconds
2016-06-27T18:51:48.148+0300: 904.484: [CMS-concurrent-mark-start]
2016-06-27T18:51:48.199+0300: 904.535: [CMS-concurrent-mark: 0.051/0.051 secs] [Times: user=0.16 sys=0.03, real=0.05 secs] 
2016-06-27T18:51:48.199+0300: 904.535: [CMS-concurrent-preclean-start]
2016-06-27T18:51:48.209+0300: 904.545: [CMS-concurrent-preclean: 0.010/0.010 secs] [Times: user=0.06 sys=0.00, real=0.01 secs] 
2016-06-27T18:51:48.209+0300: 904.545: [CMS-concurrent-abortable-preclean-start]
2016-06-27T18:51:48.512+0300: 904.848: [GC (Allocation Failure) 2016-06-27T18:51:48.512+0300: 904.848: [ParNew2016-06-27T18:51:48.544+0300: 904.880: [CMS-concurrent-abortable-preclean: 0.031/0.335 secs] [Times: user=1.30 sys=0.02, real=0.33 secs] 

Desired survivor size 17432576 bytes, new threshold 1 (max 6)
- age   1:   34843760 bytes,   34843760 total
: 306460K->34041K(306688K), 0.0388370 secs] 4642738K->4637351K(5208832K), 0.0390055 secs] [Times: user=0.13 sys=0.00, real=0.04 secs] 
2016-06-27T18:51:48.551+0300: 904.887: Total time for which application threads were stopped: 0.0400712 seconds, Stopping threads took: 0.0006731 seconds
2016-06-27T18:51:48.551+0300: 904.888: [GC (CMS Final Remark) [YG occupancy: 36183 K (306688 K)]2016-06-27T18:51:48.551+0300: 904.888: [Rescan (parallel) , 0.0042197 secs]2016-06-27T18:51:48.556+0300: 904.892: [weak refs processing, 0.0000248 secs]2016-06-27T18:51:48.556+0300: 904.892: [class unloading, 0.0022636 secs]2016-06-27T18:51:48.558+0300: 904.895: [scrub symbol table, 0.0007839 secs]2016-06-27T18:51:48.559+0300: 904.895: [scrub string table, 0.0001818 secs][1 CMS-remark: 4603310K(4902144K)] 4639494K(5208832K), 0.0077226 secs] [Times: user=0.00 sys=0.00, real=0.01 secs] 
2016-06-27T18:51:48.559+0300: 904.896: Total time for which application threads were stopped: 0.0081738 seconds, Stopping threads took: 0.0001326 seconds
2016-06-27T18:51:48.559+0300: 904.896: [CMS-concurrent-sweep-start]
2016-06-27T18:51:48.564+0300: 904.904: [CMS-concurrent-sweep: 0.009/0.009 secs] [Times: user=0.00 sys=0.00, real=0.00 secs] 
2016-06-27T18:51:48.564+0300: 904.905: [CMS-concurrent-reset-start]
2016-06-27T18:51:48.574+0300: 904.910: [CMS-concurrent-reset: 0.006/0.006 secs] [Times: user=0.05 sys=0.01, real=0.01 secs] 
2016-06-27T18:51:48.681+0300: 905.018: Total time for which application threads were stopped: 0.0017611 seconds, Stopping threads took: 0.0003387 seconds
2016-06-27T18:51:48.911+0300: 905.247: [GC (Allocation Failure) 2016-06-27T18:51:48.911+0300: 905.247: [ParNew
Desired survivor size 17432576 bytes, new threshold 1 (max 6)
- age   1:   34858712 bytes,   34858712 total
: 306404K->34048K(306688K), 0.0451509 secs] 4429586K->4422262K(5208832K), 0.0453267 secs] [Times: user=0.09 sys=0.00, real=0.05 secs] 
2016-06-27T18:51:48.956+0300: 905.293: Total time for which application threads were stopped: 0.0492846 seconds, Stopping threads took: 0.0035453 seconds
2016-06-27T18:51:48.957+0300: 905.293: [GC (CMS Initial Mark) [1 CMS-initial-mark: 4388214K(4902144K)] 4423262K(5208832K), 0.0004003 secs] [Times: user=0.00 sys=0.00, real=0.00 secs] 
2016-06-27T18:51:48.957+0300: 905.294: Total time for which application threads were stopped: 0.0007749 seconds, Stopping threads took: 0.0001014 seconds
2016-06-27T18:51:48.957+0300: 905.294: [CMS-concurrent-mark-start]
2016-06-27T18:51:49.009+0300: 905.346: [CMS-concurrent-mark: 0.052/0.052 secs] [Times: user=0.25 sys=0.00, real=0.05 secs] 
2016-06-27T18:51:49.009+0300: 905.346: [CMS-concurrent-preclean-start]
2016-06-27T18:51:49.020+0300: 905.356: [CMS-concurrent-preclean: 0.010/0.010 secs] [Times: user=0.00 sys=0.00, real=0.01 secs] 
2016-06-27T18:51:49.020+0300: 905.356: [CMS-concurrent-abortable-preclean-start]
2016-06-27T18:51:49.314+0300: 905.650: [GC (Allocation Failure) 2016-06-27T18:51:49.314+0300: 905.650: [ParNew2016-06-27T18:51:49.352+0300: 905.689: [CMS-concurrent-abortable-preclean: 0.032/0.332 secs] [Times: user=1.38 sys=0.00, real=0.33 secs] 

Desired survivor size 17432576 bytes, new threshold 1 (max 6)
- age   1:   34850248 bytes,   34850248 total
: 306493K->34047K(306688K), 0.0387895 secs] 4694708K->4689307K(5208832K), 0.0449473 secs] [Times: user=0.19 sys=0.00, real=0.05 secs] 
2016-06-27T18:51:49.359+0300: 905.695: Total time for which application threads were stopped: 0.0465104 seconds, Stopping threads took: 0.0011816 seconds
2016-06-27T18:51:49.682+0300: 906.019: Total time for which application threads were stopped: 0.0024684 seconds, Stopping threads took: 0.0009143 seconds
2016-06-27T18:51:49.730+0300: 906.066: [GC (Allocation Failure) 2016-06-27T18:51:49.730+0300: 906.066: [ParNew: 306687K->306687K(306688K), 0.0000248 secs]2016-06-27T18:51:49.730+0300: 906.066: [CMS (concurrent mode failure): 4655259K->3755159K(4902144K), 0.5669953 secs] 4961947K->3755159K(5208832K), [Metaspace: 9057K->9057K(1058816K)], 0.5671411 secs] [Times: user=0.53 sys=0.00, real=0.57 secs] 
2016-06-27T18:51:50.297+0300: 906.633: Total time for which application threads were stopped: 0.5675281 seconds, Stopping threads took: 0.0000907 seconds
2016-06-27T18:51:50.634+0300: 906.970: [GC (Allocation Failure) 2016-06-27T18:51:50.634+0300: 906.970: [ParNew
Desired survivor size 17432576 bytes, new threshold 1 (max 6)
- age   1:   34846440 bytes,   34846440 total
: 272288K->34043K(306688K), 0.0355244 secs] 4027447K->4023214K(5208832K), 0.0409509 secs] [Times: user=0.13 sys=0.00, real=0.04 secs] 
2016-06-27T18:51:50.674+0300: 907.011: Total time for which application threads were stopped: 0.0418225 seconds, Stopping threads took: 0.0005589 seconds
2016-06-27T18:51:50.682+0300: 907.018: Total time for which application threads were stopped: 0.0013522 seconds, Stopping threads took: 0.0000787 seconds
2016-06-27T18:51:51.030+0300: 907.367: [GC (Allocation Failure) 2016-06-27T18:51:51.031+0300: 907.367: [ParNew
Desired survivor size 17432576 bytes, new threshold 1 (max 6)
- age   1:   34850360 bytes,   34850360 total
: 306375K->34046K(306688K), 0.0390346 secs] 4295546K->4289249K(5208832K), 0.0392245 secs] [Times: user=0.19 sys=0.00, real=0.04 secs] 
2016-06-27T18:51:51.070+0300: 907.406: Total time for which application threads were stopped: 0.0403423 seconds, Stopping threads took: 0.0008019 seconds
2016-06-27T18:51:51.383+0300: 907.719: [GC (Allocation Failure) 2016-06-27T18:51:51.383+0300: 907.719: [ParNew
Desired survivor size 17432576 bytes, new threshold 1 (max 6)
- age   1:   34854912 bytes,   34854912 total
: 306095K->34048K(306688K), 0.0387673 secs] 4561298K->4556289K(5208832K), 0.0389465 secs] [Times: user=0.13 sys=0.00, real=0.04 secs] 
2016-06-27T18:51:51.421+0300: 907.758: Total time for which application threads were stopped: 0.0397518 seconds, Stopping threads took: 0.0004371 seconds
2016-06-27T18:51:51.683+0300: 908.019: Total time for which application threads were stopped: 0.0017444 seconds, Stopping threads took: 0.0006021 seconds
2016-06-27T18:51:51.763+0300: 908.100: [GC (Allocation Failure) 2016-06-27T18:51:51.764+0300: 908.100: [ParNew
Desired survivor size 17432576 bytes, new threshold 1 (max 6)
- age   1:   33988880 bytes,   33988880 total
: 305980K->33208K(306688K), 0.0374907 secs] 4828221K->4812491K(5208832K), 0.0376601 secs] [Times: user=0.13 sys=0.00, real=0.04 secs] 
2016-06-27T18:51:51.801+0300: 908.137: Total time for which application threads were stopped: 0.0383281 seconds, Stopping threads took: 0.0002797 seconds
2016-06-27T18:51:52.134+0300: 908.471: [GC (Allocation Failure) 2016-06-27T18:51:52.134+0300: 908.471: [ParNew: 304956K->304956K(306688K), 0.0000359 secs]2016-06-27T18:51:52.135+0300: 908.471: [CMS: 4779282K->3739163K(4902144K), 0.6727422 secs] 5084238K->3739163K(5208832K), [Metaspace: 9057K->9057K(1058816K)], 0.6729582 secs] [Times: user=0.67 sys=0.00, real=0.67 secs] 
2016-06-27T18:51:52.807+0300: 909.144: Total time for which application threads were stopped: 0.6739512 seconds, Stopping threads took: 0.0005555 seconds
2016-06-27T18:51:53.114+0300: 909.450: Total time for which application threads were stopped: 0.0030577 seconds, Stopping threads took: 0.0011004 seconds
2016-06-27T18:51:53.204+0300: 909.540: [GC (Allocation Failure) 2016-06-27T18:51:53.204+0300: 909.540: [ParNew
Desired survivor size 17432576 bytes, new threshold 1 (max 6)
- age   1:   33824040 bytes,   33824040 total
: 272640K->33153K(306688K), 0.0341568 secs] 4011803K->4005328K(5208832K), 0.0343338 secs] [Times: user=0.13 sys=0.00, real=0.03 secs] 
2016-06-27T18:51:53.238+0300: 909.575: Total time for which application threads were stopped: 0.0350869 seconds, Stopping threads took: 0.0003866 seconds
2016-06-27T18:51:53.549+0300: 909.885: [GC (Allocation Failure) 2016-06-27T18:51:53.549+0300: 909.885: [ParNew
Desired survivor size 17432576 bytes, new threshold 1 (max 6)
- age   1:   34846488 bytes,   34846488 total
: 304804K->34046K(306688K), 0.0387925 secs] 4276979K->4272255K(5208832K), 0.0389362 secs] [Times: user=0.17 sys=0.00, real=0.04 secs] 
2016-06-27T18:51:53.588+0300: 909.924: Total time for which application threads were stopped: 0.0422210 seconds, Stopping threads took: 0.0029478 seconds
2016-06-27T18:51:53.685+0300: 910.021: Total time for which application threads were stopped: 0.0033152 seconds, Stopping threads took: 0.0016123 seconds
2016-06-27T18:51:53.957+0300: 910.294: [GC (Allocation Failure) 2016-06-27T18:51:53.957+0300: 910.294: [ParNew
Desired survivor size 17432576 bytes, new threshold 1 (max 6)
- age   1:   34852856 bytes,   34852856 total
: 306517K->34048K(306688K), 0.0414106 secs] 4544726K->4538289K(5208832K), 0.0416022 secs] [Times: user=0.17 sys=0.00, real=0.04 secs] 
2016-06-27T18:51:53.999+0300: 910.335: Total time for which application threads were stopped: 0.0425302 seconds, Stopping threads took: 0.0005234 seconds
2016-06-27T18:51:54.321+0300: 910.658: [GC (Allocation Failure) 2016-06-27T18:51:54.322+0300: 910.658: [ParNew
Desired survivor size 17432576 bytes, new threshold 1 (max 6)
- age   1:   34863568 bytes,   34863568 total
: 306617K->34048K(306688K), 0.0381134 secs] 4810858K->4805382K(5208832K), 0.0382481 secs] [Times: user=0.13 sys=0.00, real=0.04 secs] 
2016-06-27T18:51:54.360+0300: 910.696: Total time for which application threads were stopped: 0.0406101 seconds, Stopping threads took: 0.0020519 seconds
2016-06-27T18:51:54.681+0300: 911.017: [GC (Allocation Failure) 2016-06-27T18:51:54.681+0300: 911.018: [ParNew: 306121K->306121K(306688K), 0.0000364 secs]2016-06-27T18:51:54.681+0300: 911.018: [CMS: 4771334K->3797170K(4902144K), 0.5796585 secs] 5077456K->3797170K(5208832K), [Metaspace: 9057K->9057K(1058816K)], 0.5798535 secs] [Times: user=0.56 sys=0.00, real=0.58 secs] 
2016-06-27T18:51:55.261+0300: 911.597: Total time for which application threads were stopped: 0.5812939 seconds, Stopping threads took: 0.0010460 seconds
2016-06-27T18:51:55.587+0300: 911.923: [GC (Allocation Failure) 2016-06-27T18:51:55.587+0300: 911.923: [ParNew
Desired survivor size 17432576 bytes, new threshold 1 (max 6)
- age   1:   34850808 bytes,   34850808 total
: 271970K->34043K(306688K), 0.0349723 secs] 4069141K->4064226K(5208832K), 0.0351429 secs] [Times: user=0.13 sys=0.00, real=0.04 secs] 
2016-06-27T18:51:55.622+0300: 911.958: Total time for which application threads were stopped: 0.0369930 seconds, Stopping threads took: 0.0013997 seconds
2016-06-27T18:51:55.941+0300: 912.277: [GC (Allocation Failure) 2016-06-27T18:51:55.941+0300: 912.277: [ParNew
Desired survivor size 17432576 bytes, new threshold 1 (max 6)
- age   1:   34843512 bytes,   34843512 total
: 306306K->34045K(306688K), 0.0388836 secs] 4336489K->4331265K(5208832K), 0.0390337 secs] [Times: user=0.19 sys=0.00, real=0.04 secs] 
2016-06-27T18:51:55.980+0300: 912.316: Total time for which application threads were stopped: 0.0401495 seconds, Stopping threads took: 0.0006624 seconds
2016-06-27T18:51:56.300+0300: 912.637: [GC (Allocation Failure) 2016-06-27T18:51:56.300+0300: 912.637: [ParNew
Desired survivor size 17432576 bytes, new threshold 1 (max 6)
- age   1:   34840728 bytes,   34840728 total
: 306183K->34038K(306688K), 0.0382259 secs] 4603403K->4598288K(5208832K), 0.0383987 secs] [Times: user=0.19 sys=0.00, real=0.04 secs] 
2016-06-27T18:51:56.339+0300: 912.675: Total time for which application threads were stopped: 0.0398193 seconds, Stopping threads took: 0.0009374 seconds
2016-06-27T18:51:56.398+0300: 912.735: Total time for which application threads were stopped: 0.0024753 seconds, Stopping threads took: 0.0012684 seconds
2016-06-27T18:51:56.689+0300: 913.026: Total time for which application threads were stopped: 0.0063019 seconds, Stopping threads took: 0.0048778 seconds
2016-06-27T18:51:56.725+0300: 913.062: [GC (Allocation Failure) 2016-06-27T18:51:56.725+0300: 913.062: [ParNew
Desired survivor size 17432576 bytes, new threshold 1 (max 6)
- age   1:   33876712 bytes,   33876712 total
: 305750K->33095K(306688K), 0.0376734 secs] 4870001K->4862373K(5208832K), 0.0378303 secs] [Times: user=0.13 sys=0.00, real=0.04 secs] 
2016-06-27T18:51:56.763+0300: 913.099: Total time for which application threads were stopped: 0.0396093 seconds, Stopping threads took: 0.0013116 seconds
2016-06-27T18:51:57.094+0300: 913.431: [GC (Allocation Failure) 2016-06-27T18:51:57.094+0300: 913.431: [ParNew: 305398K->305398K(306688K), 0.0000312 secs]2016-06-27T18:51:57.094+0300: 913.431: [CMS: 4829278K->3839168K(4902144K), 0.5998673 secs] 5134676K->3839168K(5208832K), [Metaspace: 9057K->9057K(1058816K)], 0.6000371 secs] [Times: user=0.61 sys=0.00, real=0.60 secs] 
2016-06-27T18:51:57.694+0300: 914.031: Total time for which application threads were stopped: 0.6015703 seconds, Stopping threads took: 0.0010747 seconds
2016-06-27T18:51:58.049+0300: 914.385: [GC (Allocation Failure) 2016-06-27T18:51:58.049+0300: 914.385: [ParNew
Desired survivor size 17432576 bytes, new threshold 1 (max 6)
- age   1:   33826496 bytes,   33826496 total
: 272640K->33067K(306688K), 0.0351275 secs] 4111808K->4106248K(5208832K), 0.0352704 secs] [Times: user=0.19 sys=0.00, real=0.04 secs] 
2016-06-27T18:51:58.084+0300: 914.420: Total time for which application threads were stopped: 0.0360466 seconds, Stopping threads took: 0.0004666 seconds
2016-06-27T18:51:58.213+0300: 914.549: Total time for which application threads were stopped: 0.0017718 seconds, Stopping threads took: 0.0003383 seconds
2016-06-27T18:51:58.222+0300: 914.559: Total time for which application threads were stopped: 0.0004982 seconds, Stopping threads took: 0.0001099 seconds
2016-06-27T18:51:58.439+0300: 914.775: [GC (Allocation Failure) 2016-06-27T18:51:58.439+0300: 914.775: [ParNew
Desired survivor size 17432576 bytes, new threshold 1 (max 6)
- age   1:   34864088 bytes,   34864088 total
: 305707K->34048K(306688K), 0.0403650 secs] 4378888K->4371298K(5208832K), 0.0405190 secs] [Times: user=0.17 sys=0.00, real=0.04 secs] 
2016-06-27T18:51:58.479+0300: 914.816: Total time for which application threads were stopped: 0.0413721 seconds, Stopping threads took: 0.0004738 seconds
2016-06-27T18:51:58.685+0300: 915.022: Total time for which application threads were stopped: 0.0019890 seconds, Stopping threads took: 0.0004747 seconds
2016-06-27T18:51:58.827+0300: 915.163: [GC (Allocation Failure) 2016-06-27T18:51:58.827+0300: 915.163: [ParNew
Desired survivor size 17432576 bytes, new threshold 1 (max 6)
- age   1:   34862496 bytes,   34862496 total
: 306688K->34048K(306688K), 0.0380215 secs] 4643938K->4638359K(5208832K), 0.0381463 secs] [Times: user=0.19 sys=0.00, real=0.04 secs] 
2016-06-27T18:51:58.865+0300: 915.201: Total time for which application threads were stopped: 0.0402714 seconds, Stopping threads took: 0.0018150 seconds
2016-06-27T18:51:59.184+0300: 915.520: [GC (Allocation Failure) 2016-06-27T18:51:59.184+0300: 915.520: [ParNew: 305922K->305922K(306688K), 0.0000334 secs]2016-06-27T18:51:59.184+0300: 915.520: [CMS: 4604311K->3809169K(4902144K), 0.6553234 secs] 4910234K->3809169K(5208832K), [Metaspace: 9057K->9057K(1058816K)], 0.6555043 secs] [Times: user=0.66 sys=0.00, real=0.65 secs] 
2016-06-27T18:51:59.839+0300: 916.176: Total time for which application threads were stopped: 0.6577568 seconds, Stopping threads took: 0.0018804 seconds
2016-06-27T18:51:59.873+0300: 916.210: Total time for which application threads were stopped: 0.0016285 seconds, Stopping threads took: 0.0001646 seconds
2016-06-27T18:52:00.182+0300: 916.518: [GC (Allocation Failure) 2016-06-27T18:52:00.182+0300: 916.518: [ParNew
Desired survivor size 17432576 bytes, new threshold 1 (max 6)
- age   1:   34862112 bytes,   34862112 total
: 272306K->34048K(306688K), 0.0355496 secs] 4081475K->4076245K(5208832K), 0.0357164 secs] [Times: user=0.13 sys=0.00, real=0.04 secs] 
2016-06-27T18:52:00.218+0300: 916.554: Total time for which application threads were stopped: 0.0378256 seconds, Stopping threads took: 0.0016995 seconds
2016-06-27T18:52:00.564+0300: 916.900: [GC (Allocation Failure) 2016-06-27T18:52:00.564+0300: 916.900: [ParNew
Desired survivor size 17432576 bytes, new threshold 1 (max 6)
- age   1:   34853376 bytes,   34853376 total
: 306365K->34048K(306688K), 0.0397364 secs] 4348563K->4342296K(5208832K), 0.0398963 secs] [Times: user=0.19 sys=0.00, real=0.04 secs] 
2016-06-27T18:52:00.604+0300: 916.940: Total time for which application threads were stopped: 0.0487201 seconds, Stopping threads took: 0.0083559 seconds
2016-06-27T18:52:00.688+0300: 917.025: Total time for which application threads were stopped: 0.0047508 seconds, Stopping threads took: 0.0028345 seconds
2016-06-27T18:52:00.952+0300: 917.289: [GC (Allocation Failure) 2016-06-27T18:52:00.952+0300: 917.289: [ParNew
Desired survivor size 17432576 bytes, new threshold 1 (max 6)
- age   1:   34861080 bytes,   34861080 total
: 306688K->34048K(306688K), 0.0387878 secs] 4614936K->4608335K(5208832K), 0.0389610 secs] [Times: user=0.19 sys=0.00, real=0.04 secs] 
2016-06-27T18:52:00.991+0300: 917.328: Total time for which application threads were stopped: 0.0406657 seconds, Stopping threads took: 0.0013172 seconds
2016-06-27T18:52:01.308+0300: 917.644: [GC (Allocation Failure) 2016-06-27T18:52:01.308+0300: 917.644: [ParNew
Desired survivor size 17432576 bytes, new threshold 1 (max 6)
- age   1:   34850896 bytes,   34850896 total
: 305985K->34048K(306688K), 0.0385163 secs] 4880272K->4875389K(5208832K), 0.0386822 secs] [Times: user=0.13 sys=0.00, real=0.04 secs] 
2016-06-27T18:52:01.346+0300: 917.683: Total time for which application threads were stopped: 0.0410317 seconds, Stopping threads took: 0.0019266 seconds
2016-06-27T18:52:01.584+0300: 917.920: [GC (CMS Initial Mark) [1 CMS-initial-mark: 4841341K(4902144K)] 5082640K(5208832K), 0.0004764 secs] [Times: user=0.00 sys=0.00, real=0.00 secs] 
2016-06-27T18:52:01.584+0300: 917.920: Total time for which application threads were stopped: 0.0020053 seconds, Stopping threads took: 0.0011324 seconds
2016-06-27T18:52:01.584+0300: 917.920: [CMS-concurrent-mark-start]
2016-06-27T18:52:01.634+0300: 917.970: [CMS-concurrent-mark: 0.050/0.050 secs] [Times: user=0.19 sys=0.00, real=0.05 secs] 
2016-06-27T18:52:01.634+0300: 917.970: [CMS-concurrent-preclean-start]
2016-06-27T18:52:01.644+0300: 917.981: [CMS-concurrent-preclean: 0.010/0.010 secs] [Times: user=0.00 sys=0.00, real=0.01 secs] 
2016-06-27T18:52:01.644+0300: 917.981: [CMS-concurrent-abortable-preclean-start]
2016-06-27T18:52:01.644+0300: 917.981: [CMS-concurrent-abortable-preclean: 0.000/0.000 secs] [Times: user=0.00 sys=0.00, real=0.00 secs] 
2016-06-27T18:52:01.686+0300: 918.022: Total time for which application threads were stopped: 0.0018274 seconds, Stopping threads took: 0.0004140 seconds
2016-06-27T18:52:01.736+0300: 918.072: [GC (Allocation Failure) 2016-06-27T18:52:01.736+0300: 918.072: [ParNew: 306688K->306688K(306688K), 0.0000308 secs]2016-06-27T18:52:01.736+0300: 918.072: [CMS (concurrent mode failure): 4841341K->3778267K(4902144K), 0.6110308 secs] 5148029K->3778267K(5208832K), [Metaspace: 9057K->9057K(1058816K)], 0.6112036 secs] [Times: user=0.61 sys=0.00, real=0.61 secs] 
2016-06-27T18:52:02.347+0300: 918.683: Total time for which application threads were stopped: 0.6119618 seconds, Stopping threads took: 0.0004041 seconds
2016-06-27T18:52:02.653+0300: 918.989: [GC (Allocation Failure) 2016-06-27T18:52:02.653+0300: 918.989: [ParNew
Desired survivor size 17432576 bytes, new threshold 1 (max 6)
- age   1:   34861128 bytes,   34861128 total
: 271841K->34048K(306688K), 0.0364639 secs] 4050109K->4044643K(5208832K), 0.0365828 secs] [Times: user=0.13 sys=0.00, real=0.04 secs] 
2016-06-27T18:52:02.689+0300: 919.026: Total time for which application threads were stopped: 0.0374813 seconds, Stopping threads took: 0.0006150 seconds
2016-06-27T18:52:02.692+0300: 919.029: Total time for which application threads were stopped: 0.0013971 seconds, Stopping threads took: 0.0000684 seconds
2016-06-27T18:52:03.035+0300: 919.371: [GC (Allocation Failure) 2016-06-27T18:52:03.035+0300: 919.372: [ParNew
Desired survivor size 17432576 bytes, new threshold 1 (max 6)
- age   1:   34845552 bytes,   34845552 total
: 306609K->34048K(306688K), 0.0384042 secs] 4317204K->4310695K(5208832K), 0.0385505 secs] [Times: user=0.19 sys=0.00, real=0.04 secs] 
2016-06-27T18:52:03.074+0300: 919.410: Total time for which application threads were stopped: 0.0395148 seconds, Stopping threads took: 0.0005914 seconds
2016-06-27T18:52:03.408+0300: 919.745: [GC (Allocation Failure) 2016-06-27T18:52:03.408+0300: 919.745: [ParNew
Desired survivor size 17432576 bytes, new threshold 1 (max 6)
- age   1:   34853592 bytes,   34853592 total
: 306003K->34047K(306688K), 0.0388883 secs] 4582650K->4577727K(5208832K), 0.0390572 secs] [Times: user=0.19 sys=0.00, real=0.04 secs] 
2016-06-27T18:52:03.447+0300: 919.784: Total time for which application threads were stopped: 0.0402983 seconds, Stopping threads took: 0.0007903 seconds
2016-06-27T18:52:03.769+0300: 920.105: [GC (Allocation Failure) 2016-06-27T18:52:03.775+0300: 920.111: [ParNew
Desired survivor size 17432576 bytes, new threshold 1 (max 6)
- age   1:   34845000 bytes,   34845000 total
: 305996K->34041K(306688K), 0.0384098 secs] 4849675K->4844760K(5208832K), 0.0444944 secs] [Times: user=0.13 sys=0.00, real=0.04 secs] 
2016-06-27T18:52:03.813+0300: 920.150: Total time for which application threads were stopped: 0.0464103 seconds, Stopping threads took: 0.0015177 seconds
2016-06-27T18:52:04.140+0300: 920.476: [GC (Allocation Failure) 2016-06-27T18:52:04.140+0300: 920.476: [ParNew: 306330K->306330K(306688K), 0.0000282 secs]2016-06-27T18:52:04.140+0300: 920.476: [CMS: 4810719K->3866166K(4902144K), 0.5859998 secs] 5117049K->3866166K(5208832K), [Metaspace: 9057K->9057K(1058816K)], 0.5861704 secs] [Times: user=0.59 sys=0.00, real=0.58 secs] 
2016-06-27T18:52:04.725+0300: 921.062: Total time for which application threads were stopped: 0.5876946 seconds, Stopping threads took: 0.0010884 seconds
2016-06-27T18:52:05.053+0300: 921.389: [GC (Allocation Failure) 2016-06-27T18:52:05.053+0300: 921.390: [ParNew
Desired survivor size 17432576 bytes, new threshold 1 (max 6)
- age   1:   34844840 bytes,   34844840 total
: 271906K->34043K(306688K), 0.0349069 secs] 4138073K->4133222K(5208832K), 0.0350831 secs] [Times: user=0.13 sys=0.00, real=0.04 secs] 
2016-06-27T18:52:05.088+0300: 921.425: Total time for which application threads were stopped: 0.0364182 seconds, Stopping threads took: 0.0008425 seconds
2016-06-27T18:52:05.421+0300: 921.758: [GC (Allocation Failure) 2016-06-27T18:52:05.422+0300: 921.758: [ParNew
Desired survivor size 17432576 bytes, new threshold 1 (max 6)
- age   1:   34862400 bytes,   34862400 total
: 306527K->34048K(306688K), 0.0393754 secs] 4405705K->4400351K(5208832K), 0.0395366 secs] [Times: user=0.19 sys=0.00, real=0.04 secs] 
2016-06-27T18:52:05.461+0300: 921.798: Total time for which application threads were stopped: 0.0414371 seconds, Stopping threads took: 0.0014074 seconds
2016-06-27T18:52:05.787+0300: 922.123: [GC (Allocation Failure) 2016-06-27T18:52:05.793+0300: 922.129: [ParNew
Desired survivor size 17432576 bytes, new threshold 1 (max 6)
- age   1:   34851144 bytes,   34851144 total
: 306535K->34041K(306688K), 0.0378821 secs] 4672839K->4667400K(5208832K), 0.0438021 secs] [Times: user=0.13 sys=0.00, real=0.04 secs] 
2016-06-27T18:52:05.831+0300: 922.167: Total time for which application threads were stopped: 0.0461922 seconds, Stopping threads took: 0.0018817 seconds
2016-06-27T18:52:06.047+0300: 922.384: Total time for which application threads were stopped: 0.0026677 seconds, Stopping threads took: 0.0011577 seconds
2016-06-27T18:52:06.264+0300: 922.600: [GC (Allocation Failure) 2016-06-27T18:52:06.264+0300: 922.600: [ParNew: 306681K->306681K(306688K), 0.0000312 secs]2016-06-27T18:52:06.264+0300: 922.600: [CMS: 4633359K->3734158K(4902144K), 0.6329541 secs] 4940040K->3734158K(5208832K), [Metaspace: 9062K->9062K(1058816K)], 0.6331273 secs] [Times: user=0.64 sys=0.00, real=0.63 secs] 
2016-06-27T18:52:06.897+0300: 923.234: Total time for which application threads were stopped: 0.6353041 seconds, Stopping threads took: 0.0018381 seconds
2016-06-27T18:52:07.231+0300: 923.568: [GC (Allocation Failure) 2016-06-27T18:52:07.231+0300: 923.568: [ParNew
Desired survivor size 17432576 bytes, new threshold 1 (max 6)
- age   1:   34856720 bytes,   34856720 total
: 272012K->34048K(306688K), 0.0351643 secs] 4006170K->4000253K(5208832K), 0.0353131 secs] [Times: user=0.13 sys=0.00, real=0.04 secs] 
2016-06-27T18:52:07.267+0300: 923.603: Total time for which application threads were stopped: 0.0363481 seconds, Stopping threads took: 0.0006359 seconds
2016-06-27T18:52:07.592+0300: 923.928: [GC (Allocation Failure) 2016-06-27T18:52:07.592+0300: 923.928: [ParNew
Desired survivor size 17432576 bytes, new threshold 1 (max 6)
- age   1:   34849360 bytes,   34849360 total
: 305968K->34048K(306688K), 0.0389431 secs] 4272174K->4267298K(5208832K), 0.0390966 secs] [Times: user=0.19 sys=0.00, real=0.04 secs] 
2016-06-27T18:52:07.631+0300: 923.967: Total time for which application threads were stopped: 0.0409706 seconds, Stopping threads took: 0.0014553 seconds
2016-06-27T18:52:07.772+0300: 924.109: Total time for which application threads were stopped: 0.0019219 seconds, Stopping threads took: 0.0007899 seconds
2016-06-27T18:52:08.013+0300: 924.350: [GC (Allocation Failure) 2016-06-27T18:52:08.013+0300: 924.350: [ParNew
Desired survivor size 17432576 bytes, new threshold 1 (max 6)
- age   1:   34857184 bytes,   34857184 total
: 306688K->34048K(306688K), 0.0382541 secs] 4539938K->4533335K(5208832K), 0.0384333 secs] [Times: user=0.17 sys=0.00, real=0.04 secs] 
2016-06-27T18:52:08.052+0300: 924.388: Total time for which application threads were stopped: 0.0400066 seconds, Stopping threads took: 0.0011850 seconds
2016-06-27T18:52:08.375+0300: 924.711: [GC (Allocation Failure) 2016-06-27T18:52:08.375+0300: 924.711: [ParNew
Desired survivor size 17432576 bytes, new threshold 1 (max 6)
- age   1:   34847960 bytes,   34847960 total
: 306077K->34038K(306688K), 0.0378286 secs] 4805364K->4800368K(5208832K), 0.0380206 secs] [Times: user=0.19 sys=0.00, real=0.04 secs] 
2016-06-27T18:52:08.413+0300: 924.749: Total time for which application threads were stopped: 0.0400250 seconds, Stopping threads took: 0.0015969 seconds
2016-06-27T18:52:08.735+0300: 925.072: [GC (Allocation Failure) 2016-06-27T18:52:08.735+0300: 925.072: [ParNew: 306195K->306195K(306688K), 0.0000355 secs]2016-06-27T18:52:08.735+0300: 925.072: [CMS: 4766330K->3822157K(4902144K), 0.6111112 secs] 5072525K->3822157K(5208832K), [Metaspace: 9062K->9062K(1058816K)], 0.6113122 secs] [Times: user=0.61 sys=0.00, real=0.61 secs] 
2016-06-27T18:52:09.347+0300: 925.683: Total time for which application threads were stopped: 0.6149811 seconds, Stopping threads took: 0.0032626 seconds
2016-06-27T18:52:09.671+0300: 926.007: [GC (Allocation Failure) 2016-06-27T18:52:09.671+0300: 926.007: [ParNew
Desired survivor size 17432576 bytes, new threshold 1 (max 6)
- age   1:   34853080 bytes,   34853080 total
: 272307K->34048K(306688K), 0.0352999 secs] 4094464K->4089217K(5208832K), 0.0354153 secs] [Times: user=0.13 sys=0.00, real=0.04 secs] 
2016-06-27T18:52:09.706+0300: 926.042: Total time for which application threads were stopped: 0.0363746 seconds, Stopping threads took: 0.0006329 seconds
2016-06-27T18:52:10.062+0300: 926.399: Total time for which application threads were stopped: 0.0020267 seconds, Stopping threads took: 0.0006778 seconds
2016-06-27T18:52:10.109+0300: 926.446: [GC (Allocation Failure) 2016-06-27T18:52:10.109+0300: 926.446: [ParNew
Desired survivor size 17432576 bytes, new threshold 1 (max 6)
- age   1:   34858672 bytes,   34858672 total
: 306688K->34048K(306688K), 0.0378855 secs] 4361857K->4356264K(5208832K), 0.0380112 secs] [Times: user=0.17 sys=0.02, real=0.04 secs] 
2016-06-27T18:52:10.148+0300: 926.484: Total time for which application threads were stopped: 0.0383777 seconds, Stopping threads took: 0.0000966 seconds
2016-06-27T18:52:10.466+0300: 926.802: [GC (Allocation Failure) 2016-06-27T18:52:10.466+0300: 926.803: [ParNew
Desired survivor size 17432576 bytes, new threshold 1 (max 6)
- age   1:   34857840 bytes,   34857840 total
: 306201K->34048K(306688K), 0.0387262 secs] 4628418K->4622424K(5208832K), 0.0388909 secs] [Times: user=0.16 sys=0.00, real=0.04 secs] 
2016-06-27T18:52:10.505+0300: 926.841: Total time for which application threads were stopped: 0.0400118 seconds, Stopping threads took: 0.0007386 seconds
2016-06-27T18:52:10.774+0300: 927.111: Total time for which application threads were stopped: 0.0025873 seconds, Stopping threads took: 0.0015644 seconds
2016-06-27T18:52:10.870+0300: 927.206: [GC (CMS Initial Mark) [1 CMS-initial-mark: 4588376K(4902144K)] 4895064K(5208832K), 0.0008480 secs] [Times: user=0.00 sys=0.00, real=0.00 secs] 
2016-06-27T18:52:10.871+0300: 927.207: Total time for which application threads were stopped: 0.0012547 seconds, Stopping threads took: 0.0001625 seconds
2016-06-27T18:52:10.871+0300: 927.207: [CMS-concurrent-mark-start]
2016-06-27T18:52:10.873+0300: 927.209: [GC (Allocation Failure) 2016-06-27T18:52:10.873+0300: 927.209: [ParNew
Desired survivor size 17432576 bytes, new threshold 1 (max 6)
- age   1:   34861624 bytes,   34861624 total
: 306688K->34048K(306688K), 0.0375682 secs] 4895064K->4888471K(5208832K), 0.0377165 secs] [Times: user=0.13 sys=0.00, real=0.04 secs] 
2016-06-27T18:52:10.911+0300: 927.247: Total time for which application threads were stopped: 0.0380108 seconds, Stopping threads took: 0.0000530 seconds
2016-06-27T18:52:10.959+0300: 927.296: [CMS-concurrent-mark: 0.050/0.089 secs] [Times: user=0.36 sys=0.00, real=0.09 secs] 
2016-06-27T18:52:10.959+0300: 927.296: [CMS-concurrent-preclean-start]
2016-06-27T18:52:10.970+0300: 927.306: [CMS-concurrent-preclean: 0.010/0.010 secs] [Times: user=0.00 sys=0.00, real=0.01 secs] 
2016-06-27T18:52:10.970+0300: 927.306: [CMS-concurrent-abortable-preclean-start]
2016-06-27T18:52:10.970+0300: 927.306: [CMS-concurrent-abortable-preclean: 0.000/0.000 secs] [Times: user=0.00 sys=0.00, real=0.00 secs] 
2016-06-27T18:52:10.976+0300: 927.312: [GC (CMS Final Remark) [YG occupancy: 80042 K (306688 K)]2016-06-27T18:52:10.976+0300: 927.312: [Rescan (parallel) , 0.0040764 secs]2016-06-27T18:52:10.980+0300: 927.316: [weak refs processing, 0.0000244 secs]2016-06-27T18:52:10.980+0300: 927.316: [class unloading, 0.0022469 secs]2016-06-27T18:52:10.982+0300: 927.319: [scrub symbol table, 0.0007313 secs]2016-06-27T18:52:10.983+0300: 927.319: [scrub string table, 0.0001775 secs][1 CMS-remark: 4854423K(4902144K)] 4934465K(5208832K), 0.0075246 secs] [Times: user=0.00 sys=0.00, real=0.01 secs] 
2016-06-27T18:52:10.984+0300: 927.320: Total time for which application threads were stopped: 0.0080313 seconds, Stopping threads took: 0.0002168 seconds
2016-06-27T18:52:11.014+0300: 927.350: [CMS-concurrent-sweep-start]
2016-06-27T18:52:11.023+0300: 927.360: [CMS-concurrent-sweep: 0.009/0.009 secs] [Times: user=0.06 sys=0.00, real=0.01 secs] 
2016-06-27T18:52:11.023+0300: 927.360: [CMS-concurrent-reset-start]
2016-06-27T18:52:11.029+0300: 927.366: [CMS-concurrent-reset: 0.006/0.006 secs] [Times: user=0.00 sys=0.00, real=0.01 secs] 
2016-06-27T18:52:11.252+0300: 927.588: [GC (Allocation Failure) 2016-06-27T18:52:11.252+0300: 927.588: [ParNew
Desired survivor size 17432576 bytes, new threshold 1 (max 6)
- age   1:   34851184 bytes,   34851184 total
: 306657K->34048K(306688K), 0.0388545 secs] 4064808K->4060263K(5208832K), 0.0390491 secs] [Times: user=0.17 sys=0.00, real=0.04 secs] 
2016-06-27T18:52:11.291+0300: 927.627: Total time for which application threads were stopped: 0.0405754 seconds, Stopping threads took: 0.0011337 seconds
2016-06-27T18:52:11.621+0300: 927.957: [GC (Allocation Failure) 2016-06-27T18:52:11.621+0300: 927.957: [ParNew
Desired survivor size 17432576 bytes, new threshold 1 (max 6)
- age   1:   34854688 bytes,   34854688 total
: 306402K->34045K(306688K), 0.0379124 secs] 4332618K->4327301K(5208832K), 0.0380672 secs] [Times: user=0.13 sys=0.00, real=0.04 secs] 
2016-06-27T18:52:11.659+0300: 927.995: Total time for which application threads were stopped: 0.0408940 seconds, Stopping threads took: 0.0024158 seconds
2016-06-27T18:52:11.802+0300: 928.139: Total time for which application threads were stopped: 0.0028854 seconds, Stopping threads took: 0.0015639 seconds
2016-06-27T18:52:12.014+0300: 928.351: [GC (Allocation Failure) 2016-06-27T18:52:12.014+0300: 928.351: [ParNew
Desired survivor size 17432576 bytes, new threshold 1 (max 6)
- age   1:   34854624 bytes,   34854624 total
: 306685K->34046K(306688K), 0.0373205 secs] 4599941K->4593352K(5208832K), 0.0374843 secs] [Times: user=0.19 sys=0.00, real=0.04 secs] 
2016-06-27T18:52:12.052+0300: 928.388: Total time for which application threads were stopped: 0.0394079 seconds, Stopping threads took: 0.0015233 seconds
2016-06-27T18:52:12.262+0300: 928.598: Total time for which application threads were stopped: 0.0026344 seconds, Stopping threads took: 0.0019621 seconds
2016-06-27T18:52:12.417+0300: 928.753: [GC (Allocation Failure) 2016-06-27T18:52:12.417+0300: 928.754: [ParNew
Desired survivor size 17432576 bytes, new threshold 1 (max 6)
- age   1:   34859752 bytes,   34859752 total
: 306686K->34046K(306688K), 0.0385522 secs] 4865992K->4861395K(5208832K), 0.0387155 secs] [Times: user=0.13 sys=0.00, real=0.04 secs] 
2016-06-27T18:52:12.456+0300: 928.792: Total time for which application threads were stopped: 0.0394768 seconds, Stopping threads took: 0.0004118 seconds
2016-06-27T18:52:12.774+0300: 929.110: [GC (Allocation Failure) 2016-06-27T18:52:12.774+0300: 929.110: [ParNew: 306069K->306069K(306688K), 0.0000364 secs]2016-06-27T18:52:12.774+0300: 929.110: [CMS: 4827348K->3868171K(4902144K), 0.6616373 secs] 5133418K->3868171K(5208832K), [Metaspace: 9062K->9062K(1058816K)], 0.6618191 secs] [Times: user=0.66 sys=0.00, real=0.66 secs] 
2016-06-27T18:52:13.435+0300: 929.772: Total time for which application threads were stopped: 0.6650705 seconds, Stopping threads took: 0.0028824 seconds
2016-06-27T18:52:13.763+0300: 930.099: [GC (Allocation Failure) 2016-06-27T18:52:13.763+0300: 930.099: [ParNew
Desired survivor size 17432576 bytes, new threshold 1 (max 6)
- age   1:   34863400 bytes,   34863400 total
: 272262K->34048K(306688K), 0.0357720 secs] 4140434K->4135243K(5208832K), 0.0359195 secs] [Times: user=0.13 sys=0.00, real=0.04 secs] 
2016-06-27T18:52:13.799+0300: 930.135: Total time for which application threads were stopped: 0.0367603 seconds, Stopping threads took: 0.0005448 seconds
2016-06-27T18:52:14.115+0300: 930.451: [GC (Allocation Failure) 2016-06-27T18:52:14.115+0300: 930.451: [ParNew
Desired survivor size 17432576 bytes, new threshold 1 (max 6)
- age   1:   34850840 bytes,   34850840 total
: 306436K->34045K(306688K), 0.0381579 secs] 4407631K->4402292K(5208832K), 0.0383183 secs] [Times: user=0.13 sys=0.00, real=0.04 secs] 
2016-06-27T18:52:14.153+0300: 930.489: Total time for which application threads were stopped: 0.0395704 seconds, Stopping threads took: 0.0008113 seconds
2016-06-27T18:52:14.283+0300: 930.620: Total time for which application threads were stopped: 0.0017495 seconds, Stopping threads took: 0.0005927 seconds
2016-06-27T18:52:14.536+0300: 930.873: [GC (Allocation Failure) 2016-06-27T18:52:14.537+0300: 930.873: [ParNew
Desired survivor size 17432576 bytes, new threshold 1 (max 6)
- age   1:   34854704 bytes,   34854704 total
: 306685K->34048K(306688K), 0.0384470 secs] 4674932K->4668332K(5208832K), 0.0386168 secs] [Times: user=0.13 sys=0.00, real=0.04 secs] 
2016-06-27T18:52:14.576+0300: 930.912: Total time for which application threads were stopped: 0.0394952 seconds, Stopping threads took: 0.0004969 seconds
2016-06-27T18:52:14.777+0300: 931.113: Total time for which application threads were stopped: 0.0028448 seconds, Stopping threads took: 0.0018038 seconds
2016-06-27T18:52:14.926+0300: 931.263: [GC (CMS Initial Mark) [1 CMS-initial-mark: 4634284K(4902144K)] 4940835K(5208832K), 0.0017200 secs] [Times: user=0.00 sys=0.02, real=0.00 secs] 
2016-06-27T18:52:14.928+0300: 931.265: Total time for which application threads were stopped: 0.0076003 seconds, Stopping threads took: 0.0055304 seconds
2016-06-27T18:52:14.928+0300: 931.265: [CMS-concurrent-mark-start]
2016-06-27T18:52:14.929+0300: 931.265: [GC (Allocation Failure) 2016-06-27T18:52:14.929+0300: 931.265: [ParNew: 306685K->306685K(306688K), 0.0061629 secs]2016-06-27T18:52:14.935+0300: 931.271: [CMS2016-06-27T18:52:14.973+0300: 931.309: [CMS-concurrent-mark: 0.038/0.045 secs] [Times: user=0.03 sys=0.00, real=0.05 secs] 
 (concurrent mode failure): 4634284K->3690160K(4902144K), 0.6180978 secs] 4940969K->3690160K(5208832K), [Metaspace: 9062K->9062K(1058816K)], 0.6244130 secs] [Times: user=0.63 sys=0.00, real=0.62 secs] 
2016-06-27T18:52:15.553+0300: 931.890: Total time for which application threads were stopped: 0.6248257 seconds, Stopping threads took: 0.0000402 seconds
2016-06-27T18:52:15.776+0300: 932.112: Total time for which application threads were stopped: 0.0014904 seconds, Stopping threads took: 0.0004259 seconds
2016-06-27T18:52:15.889+0300: 932.225: [GC (Allocation Failure) 2016-06-27T18:52:15.889+0300: 932.225: [ParNew
Desired survivor size 17432576 bytes, new threshold 1 (max 6)
- age   1:   34847224 bytes,   34847224 total
: 272326K->34046K(306688K), 0.0348667 secs] 3962487K->3956218K(5208832K), 0.0349971 secs] [Times: user=0.13 sys=0.00, real=0.04 secs] 
2016-06-27T18:52:15.924+0300: 932.260: Total time for which application threads were stopped: 0.0355817 seconds, Stopping threads took: 0.0003186 seconds
2016-06-27T18:52:16.248+0300: 932.584: [GC (Allocation Failure) 2016-06-27T18:52:16.248+0300: 932.584: [ParNew
Desired survivor size 17432576 bytes, new threshold 1 (max 6)
- age   1:   34844872 bytes,   34844872 total
: 305716K->34040K(306688K), 0.0387335 secs] 4227888K->4222246K(5208832K), 0.0388875 secs] [Times: user=0.19 sys=0.00, real=0.04 secs] 
2016-06-27T18:52:16.287+0300: 932.623: Total time for which application threads were stopped: 0.0400665 seconds, Stopping threads took: 0.0008044 seconds
2016-06-27T18:52:16.616+0300: 932.953: [GC (Allocation Failure) 2016-06-27T18:52:16.616+0300: 932.953: [ParNew
Desired survivor size 17432576 bytes, new threshold 1 (max 6)
- age   1:   34844288 bytes,   34844288 total
: 306299K->34043K(306688K), 0.0379381 secs] 4494504K->4489280K(5208832K), 0.0381002 secs] [Times: user=0.13 sys=0.00, real=0.04 secs] 
2016-06-27T18:52:16.654+0300: 932.991: Total time for which application threads were stopped: 0.0391120 seconds, Stopping threads took: 0.0006740 seconds
2016-06-27T18:52:16.776+0300: 933.112: Total time for which application threads were stopped: 0.0015259 seconds, Stopping threads took: 0.0003802 seconds
2016-06-27T18:52:17.030+0300: 933.367: [GC (Allocation Failure) 2016-06-27T18:52:17.031+0300: 933.367: [ParNew
Desired survivor size 17432576 bytes, new threshold 1 (max 6)
- age   1:   34849608 bytes,   34849608 total
: 306189K->34048K(306688K), 0.0397864 secs] 4761426K->4755316K(5208832K), 0.0399553 secs] [Times: user=0.19 sys=0.00, real=0.04 secs] 
2016-06-27T18:52:17.070+0300: 933.407: Total time for which application threads were stopped: 0.0416826 seconds, Stopping threads took: 0.0012885 seconds
2016-06-27T18:52:17.452+0300: 933.789: [GC (Allocation Failure) 2016-06-27T18:52:17.459+0300: 933.795: [ParNew: 306053K->306053K(306688K), 0.0000445 secs]2016-06-27T18:52:17.459+0300: 933.795: [CMS: 4721268K->3821164K(4902144K), 0.6178104 secs] 5027321K->3821164K(5208832K), [Metaspace: 9062K->9062K(1058816K)], 0.6241517 secs] [Times: user=0.61 sys=0.00, real=0.63 secs] 
2016-06-27T18:52:18.077+0300: 934.413: Total time for which application threads were stopped: 0.6258298 seconds, Stopping threads took: 0.0012158 seconds
2016-06-27T18:52:18.262+0300: 934.598: Total time for which application threads were stopped: 0.0015733 seconds, Stopping threads took: 0.0003990 seconds
2016-06-27T18:52:18.574+0300: 934.911: [GC (Allocation Failure) 2016-06-27T18:52:18.574+0300: 934.911: [ParNew
Desired survivor size 17432576 bytes, new threshold 1 (max 6)
- age   1:   34854192 bytes,   34854192 total
: 272640K->34047K(306688K), 0.0357724 secs] 4093804K->4087226K(5208832K), 0.0359525 secs] [Times: user=0.13 sys=0.00, real=0.04 secs] 
2016-06-27T18:52:18.610+0300: 934.947: Total time for which application threads were stopped: 0.0371867 seconds, Stopping threads took: 0.0008352 seconds
2016-06-27T18:52:18.858+0300: 935.194: Total time for which application threads were stopped: 0.0036804 seconds, Stopping threads took: 0.0025086 seconds
2016-06-27T18:52:18.979+0300: 935.315: [GC (Allocation Failure) 2016-06-27T18:52:18.979+0300: 935.315: [ParNew
Desired survivor size 17432576 bytes, new threshold 1 (max 6)
- age   1:   34859176 bytes,   34859176 total
: 306687K->34048K(306688K), 0.0386061 secs] 4359866K->4342264K(5208832K), 0.0387835 secs] [Times: user=0.13 sys=0.00, real=0.04 secs] 
2016-06-27T18:52:19.018+0300: 935.354: Total time for which application threads were stopped: 0.0405066 seconds, Stopping threads took: 0.0013240 seconds
2016-06-27T18:52:19.358+0300: 935.695: [GC (Allocation Failure) 2016-06-27T18:52:19.358+0300: 935.695: [ParNew
Desired survivor size 17432576 bytes, new threshold 1 (max 6)
- age   1:   34856104 bytes,   34856104 total
: 306360K->34048K(306688K), 0.0396910 secs] 4614577K->4608440K(5208832K), 0.0398467 secs] [Times: user=0.19 sys=0.00, real=0.04 secs] 
2016-06-27T18:52:19.398+0300: 935.735: Total time for which application threads were stopped: 0.0441130 seconds, Stopping threads took: 0.0038686 seconds
2016-06-27T18:52:19.725+0300: 936.061: [GC (Allocation Failure) 2016-06-27T18:52:19.725+0300: 936.061: [ParNew
Desired survivor size 17432576 bytes, new threshold 1 (max 6)
- age   1:   34853792 bytes,   34853792 total
: 306192K->34048K(306688K), 0.0397471 secs] 4880585K->4875487K(5208832K), 0.0399074 secs] [Times: user=0.13 sys=0.00, real=0.04 secs] 
2016-06-27T18:52:19.765+0300: 936.101: Total time for which application threads were stopped: 0.0443230 seconds, Stopping threads took: 0.0039806 seconds
2016-06-27T18:52:20.157+0300: 936.493: [GC (Allocation Failure) 2016-06-27T18:52:20.157+0300: 936.493: [ParNew: 306384K->306384K(306688K), 0.0000411 secs]2016-06-27T18:52:20.157+0300: 936.493: [CMS: 4841439K->3880177K(4902144K), 0.8574217 secs] 5147823K->3880177K(5208832K), [Metaspace: 9062K->9062K(1058816K)], 0.8576668 secs] [Times: user=0.86 sys=0.00, real=0.86 secs] 
2016-06-27T18:52:21.014+0300: 937.351: Total time for which application threads were stopped: 0.8618813 seconds, Stopping threads took: 0.0036988 seconds
2016-06-27T18:52:21.466+0300: 937.802: [GC (Allocation Failure) 2016-06-27T18:52:21.466+0300: 937.802: [ParNew
Desired survivor size 17432576 bytes, new threshold 1 (max 6)
- age   1:   34860344 bytes,   34860344 total
: 271950K->34046K(306688K), 0.0388943 secs] 4152127K->4145242K(5208832K), 0.0391081 secs] [Times: user=0.14 sys=0.00, real=0.04 secs] 
2016-06-27T18:52:21.505+0300: 937.841: Total time for which application threads were stopped: 0.0418272 seconds, Stopping threads took: 0.0021511 seconds
2016-06-27T18:52:21.781+0300: 938.117: Total time for which application threads were stopped: 0.0038258 seconds, Stopping threads took: 0.0027943 seconds
2016-06-27T18:52:21.955+0300: 938.291: [GC (Allocation Failure) 2016-06-27T18:52:21.955+0300: 938.291: [ParNew
Desired survivor size 17432576 bytes, new threshold 1 (max 6)
- age   1:   34860464 bytes,   34860464 total
: 306686K->34048K(306688K), 0.0393605 secs] 4417882K->4409341K(5208832K), 0.0395289 secs] [Times: user=0.19 sys=0.00, real=0.04 secs] 
2016-06-27T18:52:21.994+0300: 938.331: Total time for which application threads were stopped: 0.0417352 seconds, Stopping threads took: 0.0018436 seconds
2016-06-27T18:52:22.318+0300: 938.655: [GC (Allocation Failure) 2016-06-27T18:52:22.318+0300: 938.655: [ParNew
Desired survivor size 17432576 bytes, new threshold 1 (max 6)
- age   1:   34845728 bytes,   34845728 total
: 306110K->34043K(306688K), 0.0408312 secs] 4681403K->4676382K(5208832K), 0.0409941 secs] [Times: user=0.13 sys=0.00, real=0.04 secs] 
2016-06-27T18:52:22.359+0300: 938.696: Total time for which application threads were stopped: 0.0460627 seconds, Stopping threads took: 0.0046794 seconds
2016-06-27T18:52:22.686+0300: 939.022: [GC (Allocation Failure) 2016-06-27T18:52:22.686+0300: 939.022: [ParNew: 306184K->306184K(306688K), 0.0000334 secs]2016-06-27T18:52:22.686+0300: 939.022: [CMS: 4642339K->3788160K(4902144K), 0.5878460 secs] 4948523K->3788160K(5208832K), [Metaspace: 9062K->9062K(1058816K)], 0.5880329 secs] [Times: user=0.59 sys=0.00, real=0.59 secs] 
2016-06-27T18:52:23.274+0300: 939.610: Total time for which application threads were stopped: 0.5898457 seconds, Stopping threads took: 0.0014006 seconds
2016-06-27T18:52:23.601+0300: 939.938: [GC (Allocation Failure) 2016-06-27T18:52:23.602+0300: 939.938: [ParNew
Desired survivor size 17432576 bytes, new threshold 1 (max 6)
- age   1:   34840240 bytes,   34840240 total
: 272527K->34032K(306688K), 0.0351904 secs] 4060688K->4056205K(5208832K), 0.0353640 secs] [Times: user=0.13 sys=0.00, real=0.04 secs] 
2016-06-27T18:52:23.637+0300: 939.973: Total time for which application threads were stopped: 0.0363455 seconds, Stopping threads took: 0.0005393 seconds
2016-06-27T18:52:23.959+0300: 940.295: [GC (Allocation Failure) 2016-06-27T18:52:23.959+0300: 940.295: [ParNew
Desired survivor size 17432576 bytes, new threshold 1 (max 6)
- age   1:   34847936 bytes,   34847936 total
: 305894K->34044K(306688K), 0.0383153 secs] 4328066K->4323244K(5208832K), 0.0384380 secs] [Times: user=0.13 sys=0.00, real=0.04 secs] 
2016-06-27T18:52:23.998+0300: 940.334: Total time for which application threads were stopped: 0.0393810 seconds, Stopping threads took: 0.0005953 seconds
2016-06-27T18:52:23.998+0300: 940.334: [GC (CMS Initial Mark) [1 CMS-initial-mark: 4289199K(4902144K)] 4324244K(5208832K), 0.0003627 secs] [Times: user=0.00 sys=0.00, real=0.00 secs] 
2016-06-27T18:52:23.998+0300: 940.335: Total time for which application threads were stopped: 0.0007339 seconds, Stopping threads took: 0.0000958 seconds
2016-06-27T18:52:23.998+0300: 940.335: [CMS-concurrent-mark-start]
2016-06-27T18:52:24.049+0300: 940.385: [CMS-concurrent-mark: 0.051/0.051 secs] [Times: user=0.19 sys=0.00, real=0.05 secs] 
2016-06-27T18:52:24.049+0300: 940.385: [CMS-concurrent-preclean-start]
2016-06-27T18:52:24.059+0300: 940.395: [CMS-concurrent-preclean: 0.010/0.010 secs] [Times: user=0.06 sys=0.00, real=0.01 secs] 
2016-06-27T18:52:24.059+0300: 940.396: [CMS-concurrent-abortable-preclean-start]
2016-06-27T18:52:24.194+0300: 940.530: Total time for which application threads were stopped: 0.0014480 seconds, Stopping threads took: 0.0002882 seconds
2016-06-27T18:52:24.408+0300: 940.745: [GC (Allocation Failure) 2016-06-27T18:52:24.408+0300: 940.745: [ParNew2016-06-27T18:52:24.440+0300: 940.777: [CMS-concurrent-abortable-preclean: 0.043/0.381 secs] [Times: user=1.45 sys=0.00, real=0.38 secs] 

Desired survivor size 17432576 bytes, new threshold 1 (max 6)
- age   1:   34852016 bytes,   34852016 total
: 306684K->34048K(306688K), 0.0385706 secs] 4595884K->4589282K(5208832K), 0.0387079 secs] [Times: user=0.19 sys=0.00, real=0.04 secs] 
2016-06-27T18:52:24.447+0300: 940.784: Total time for which application threads were stopped: 0.0393925 seconds, Stopping threads took: 0.0003426 seconds
2016-06-27T18:52:24.447+0300: 940.784: [GC (CMS Final Remark) [YG occupancy: 35196 K (306688 K)]2016-06-27T18:52:24.447+0300: 940.784: [Rescan (parallel) , 0.0042710 secs]2016-06-27T18:52:24.452+0300: 940.788: [weak refs processing, 0.0000239 secs]2016-06-27T18:52:24.452+0300: 940.788: [class unloading, 0.0015631 secs]2016-06-27T18:52:24.453+0300: 940.790: [scrub symbol table, 0.0007360 secs]2016-06-27T18:52:24.454+0300: 940.791: [scrub string table, 0.0001758 secs][1 CMS-remark: 4555234K(4902144K)] 4590430K(5208832K), 0.0070165 secs] [Times: user=0.00 sys=0.00, real=0.01 secs] 
2016-06-27T18:52:24.455+0300: 940.791: Total time for which application threads were stopped: 0.0073552 seconds, Stopping threads took: 0.0000778 seconds
2016-06-27T18:52:24.455+0300: 940.791: [CMS-concurrent-sweep-start]
2016-06-27T18:52:24.461+0300: 940.800: [CMS-concurrent-sweep: 0.009/0.009 secs] [Times: user=0.06 sys=0.00, real=0.01 secs] 
2016-06-27T18:52:24.461+0300: 940.800: [CMS-concurrent-reset-start]
2016-06-27T18:52:24.469+0300: 940.806: [CMS-concurrent-reset: 0.006/0.006 secs] [Times: user=0.00 sys=0.00, real=0.01 secs] 
2016-06-27T18:52:24.780+0300: 941.116: Total time for which application threads were stopped: 0.0018522 seconds, Stopping threads took: 0.0005940 seconds
2016-06-27T18:52:24.871+0300: 941.208: [GC (Allocation Failure) 2016-06-27T18:52:24.871+0300: 941.208: [ParNew
Desired survivor size 17432576 bytes, new threshold 1 (max 6)
- age   1:   34855792 bytes,   34855792 total
: 306688K->34048K(306688K), 0.0394699 secs] 4471869K->4464270K(5208832K), 0.0396581 secs] [Times: user=0.14 sys=0.02, real=0.04 secs] 
2016-06-27T18:52:24.911+0300: 941.247: Total time for which application threads were stopped: 0.0415731 seconds, Stopping threads took: 0.0015661 seconds
2016-06-27T18:52:24.911+0300: 941.248: [GC (CMS Initial Mark) [1 CMS-initial-mark: 4430222K(4902144K)] 4465385K(5208832K), 0.0004067 secs] [Times: user=0.00 sys=0.00, real=0.00 secs] 
2016-06-27T18:52:24.912+0300: 941.248: Total time for which application threads were stopped: 0.0008258 seconds, Stopping threads took: 0.0000877 seconds
2016-06-27T18:52:24.912+0300: 941.248: [CMS-concurrent-mark-start]
2016-06-27T18:52:24.970+0300: 941.307: [CMS-concurrent-mark: 0.059/0.059 secs] [Times: user=0.17 sys=0.00, real=0.06 secs] 
2016-06-27T18:52:24.970+0300: 941.307: [CMS-concurrent-preclean-start]
2016-06-27T18:52:24.982+0300: 941.319: [CMS-concurrent-preclean: 0.012/0.012 secs] [Times: user=0.03 sys=0.03, real=0.01 secs] 
2016-06-27T18:52:24.982+0300: 941.319: [CMS-concurrent-abortable-preclean-start]
2016-06-27T18:52:25.317+0300: 941.653: [GC (Allocation Failure) 2016-06-27T18:52:25.317+0300: 941.654: [ParNew2016-06-27T18:52:25.350+0300: 941.686: [CMS-concurrent-abortable-preclean: 0.038/0.367 secs] [Times: user=1.42 sys=0.00, real=0.37 secs] 

Desired survivor size 17432576 bytes, new threshold 1 (max 6)
- age   1:   34847432 bytes,   34847432 total
: 305759K->34046K(306688K), 0.0446330 secs] 4735982K->4730313K(5208832K), 0.0448071 secs] [Times: user=0.11 sys=0.00, real=0.05 secs] 
2016-06-27T18:52:25.362+0300: 941.698: Total time for which application threads were stopped: 0.0474833 seconds, Stopping threads took: 0.0022242 seconds
2016-06-27T18:52:25.362+0300: 941.699: [GC (CMS Final Remark) [YG occupancy: 35046 K (306688 K)]2016-06-27T18:52:25.362+0300: 941.699: [Rescan (parallel) , 0.0049296 secs]2016-06-27T18:52:25.367+0300: 941.704: [weak refs processing, 0.0000287 secs]2016-06-27T18:52:25.367+0300: 941.704: [class unloading, 0.0026468 secs]2016-06-27T18:52:25.370+0300: 941.707: [scrub symbol table, 0.0008955 secs]2016-06-27T18:52:25.371+0300: 941.707: [scrub string table, 0.0002070 secs][1 CMS-remark: 4696267K(4902144K)] 4731313K(5208832K), 0.0090043 secs] [Times: user=0.06 sys=0.00, real=0.01 secs] 
2016-06-27T18:52:25.371+0300: 941.708: Total time for which application threads were stopped: 0.0094486 seconds, Stopping threads took: 0.0000919 seconds
2016-06-27T18:52:25.748+0300: 942.084: [CMS-concurrent-sweep-start]
2016-06-27T18:52:25.758+0300: 942.094: [CMS-concurrent-sweep: 0.010/0.010 secs] [Times: user=0.06 sys=0.00, real=0.01 secs] 
2016-06-27T18:52:25.758+0300: 942.094: [CMS-concurrent-reset-start]
2016-06-27T18:52:25.765+0300: 942.101: [CMS-concurrent-reset: 0.007/0.007 secs] [Times: user=0.00 sys=0.00, real=0.01 secs] 
2016-06-27T18:52:25.768+0300: 942.104: [GC (Allocation Failure) 2016-06-27T18:52:25.768+0300: 942.104: [ParNew
Desired survivor size 17432576 bytes, new threshold 1 (max 6)
- age   1:   34850112 bytes,   34850112 total
: 306090K->34048K(306688K), 0.0392822 secs] 4477282K->4471273K(5208832K), 0.0394396 secs] [Times: user=0.19 sys=0.00, real=0.04 secs] 
2016-06-27T18:52:25.808+0300: 942.144: Total time for which application threads were stopped: 0.0410599 seconds, Stopping threads took: 0.0011902 seconds
2016-06-27T18:52:25.808+0300: 942.144: [GC (CMS Initial Mark) [1 CMS-initial-mark: 4437225K(4902144K)] 4472284K(5208832K), 0.0003986 secs] [Times: user=0.00 sys=0.00, real=0.00 secs] 
2016-06-27T18:52:25.808+0300: 942.145: Total time for which application threads were stopped: 0.0007830 seconds, Stopping threads took: 0.0000808 seconds
2016-06-27T18:52:25.808+0300: 942.145: [CMS-concurrent-mark-start]
2016-06-27T18:52:25.867+0300: 942.203: [CMS-concurrent-mark: 0.059/0.059 secs] [Times: user=0.25 sys=0.00, real=0.06 secs] 
2016-06-27T18:52:25.867+0300: 942.203: [CMS-concurrent-preclean-start]
2016-06-27T18:52:25.879+0300: 942.215: [CMS-concurrent-preclean: 0.012/0.012 secs] [Times: user=0.00 sys=0.00, real=0.01 secs] 
2016-06-27T18:52:25.879+0300: 942.215: [CMS-concurrent-abortable-preclean-start]
2016-06-27T18:52:26.227+0300: 942.563: [GC (Allocation Failure) 2016-06-27T18:52:26.227+0300: 942.563: [ParNew
Desired survivor size 17432576 bytes, new threshold 1 (max 6)
- age   1:   34849928 bytes,   34849928 total
: 306688K->34041K(306688K), 0.0396594 secs] 4743913K->4738302K(5208832K), 0.0398570 secs] [Times: user=0.13 sys=0.00, real=0.04 secs] 
2016-06-27T18:52:26.267+0300: 942.603: Total time for which application threads were stopped: 0.0412045 seconds, Stopping threads took: 0.0008870 seconds
2016-06-27T18:52:26.272+0300: 942.608: Total time for which application threads were stopped: 0.0024714 seconds, Stopping threads took: 0.0000727 seconds
2016-06-27T18:52:26.287+0300: 942.624: Total time for which application threads were stopped: 0.0009562 seconds, Stopping threads took: 0.0000842 seconds
2016-06-27T18:52:26.626+0300: 942.962: [CMS-concurrent-abortable-preclean: 0.102/0.747 secs] [Times: user=2.84 sys=0.03, real=0.75 secs] 
2016-06-27T18:52:26.729+0300: 943.066: [GC (Allocation Failure) 2016-06-27T18:52:26.729+0300: 943.066: [ParNew: 306291K->306291K(306688K), 0.0000488 secs]2016-06-27T18:52:26.729+0300: 943.066: [CMS (concurrent mode failure): 4704260K->3803160K(4902144K), 0.9016322 secs] 5010551K->3803160K(5208832K), [Metaspace: 9062K->9062K(1058816K)], 0.9018905 secs] [Times: user=0.89 sys=0.00, real=0.90 secs] 
2016-06-27T18:52:27.631+0300: 943.968: Total time for which application threads were stopped: 0.9071032 seconds, Stopping threads took: 0.0047012 seconds
2016-06-27T18:52:27.635+0300: 943.972: Total time for which application threads were stopped: 0.0025138 seconds, Stopping threads took: 0.0000740 seconds
2016-06-27T18:52:27.802+0300: 944.138: Total time for which application threads were stopped: 0.0046918 seconds, Stopping threads took: 0.0027006 seconds
2016-06-27T18:52:28.077+0300: 944.413: [GC (Allocation Failure) 2016-06-27T18:52:28.077+0300: 944.413: [ParNew
Desired survivor size 17432576 bytes, new threshold 1 (max 6)
- age   1:   34855160 bytes,   34855160 total
: 272640K->34048K(306688K), 0.0356488 secs] 4075800K->4068222K(5208832K), 0.0358186 secs] [Times: user=0.13 sys=0.00, real=0.04 secs] 
2016-06-27T18:52:28.113+0300: 944.449: Total time for which application threads were stopped: 0.0399827 seconds, Stopping threads took: 0.0037655 seconds
2016-06-27T18:52:28.450+0300: 944.786: [GC (Allocation Failure) 2016-06-27T18:52:28.450+0300: 944.786: [ParNew
Desired survivor size 17432576 bytes, new threshold 1 (max 6)
- age   1:   34851064 bytes,   34851064 total
: 306230K->34046K(306688K), 0.0393750 secs] 4340404K->4335262K(5208832K), 0.0395315 secs] [Times: user=0.17 sys=0.00, real=0.04 secs] 
2016-06-27T18:52:28.489+0300: 944.826: Total time for which application threads were stopped: 0.0449046 seconds, Stopping threads took: 0.0049557 seconds
2016-06-27T18:52:28.808+0300: 945.145: Total time for which application threads were stopped: 0.0110951 seconds, Stopping threads took: 0.0091805 seconds
2016-06-27T18:52:28.879+0300: 945.215: [GC (Allocation Failure) 2016-06-27T18:52:28.879+0300: 945.216: [ParNew
Desired survivor size 17432576 bytes, new threshold 1 (max 6)
- age   1:   34851768 bytes,   34851768 total
: 306686K->34048K(306688K), 0.0384885 secs] 4607902K->4600300K(5208832K), 0.0386728 secs] [Times: user=0.14 sys=0.00, real=0.04 secs] 
2016-06-27T18:52:28.918+0300: 945.254: Total time for which application threads were stopped: 0.0391843 seconds, Stopping threads took: 0.0000907 seconds
2016-06-27T18:52:29.229+0300: 945.565: [GC (Allocation Failure) 2016-06-27T18:52:29.229+0300: 945.565: [ParNew
Desired survivor size 17432576 bytes, new threshold 1 (max 6)
- age   1:   34863016 bytes,   34863016 total
: 306209K->34048K(306688K), 0.0396059 secs] 4872461K->4867533K(5208832K), 0.0397565 secs] [Times: user=0.13 sys=0.00, real=0.04 secs] 
2016-06-27T18:52:29.269+0300: 945.605: Total time for which application threads were stopped: 0.0439325 seconds, Stopping threads took: 0.0037544 seconds
2016-06-27T18:52:29.618+0300: 945.954: [GC (Allocation Failure) 2016-06-27T18:52:29.618+0300: 945.954: [ParNew: 306508K->306508K(306688K), 0.0000368 secs]2016-06-27T18:52:29.618+0300: 945.955: [CMS: 4833485K->3709156K(4902144K), 0.6893356 secs] 5139993K->3709156K(5208832K), [Metaspace: 9062K->9062K(1058816K)], 0.6895319 secs] [Times: user=0.69 sys=0.00, real=0.69 secs] 
2016-06-27T18:52:30.307+0300: 946.644: Total time for which application threads were stopped: 0.6973353 seconds, Stopping threads took: 0.0074147 seconds
2016-06-27T18:52:30.576+0300: 946.912: Total time for which application threads were stopped: 0.0020386 seconds, Stopping threads took: 0.0008224 seconds
2016-06-27T18:52:30.694+0300: 947.031: [GC (Allocation Failure) 2016-06-27T18:52:30.694+0300: 947.031: [ParNew
Desired survivor size 17432576 bytes, new threshold 1 (max 6)
- age   1:   34857712 bytes,   34857712 total
: 272640K->34048K(306688K), 0.0352952 secs] 3981796K->3975228K(5208832K), 0.0354209 secs] [Times: user=0.13 sys=0.00, real=0.04 secs] 
2016-06-27T18:52:30.730+0300: 947.066: Total time for which application threads were stopped: 0.0359302 seconds, Stopping threads took: 0.0002527 seconds
2016-06-27T18:52:30.800+0300: 947.136: Total time for which application threads were stopped: 0.0015353 seconds, Stopping threads took: 0.0002617 seconds
2016-06-27T18:52:31.055+0300: 947.391: [GC (Allocation Failure) 2016-06-27T18:52:31.055+0300: 947.391: [ParNew
Desired survivor size 17432576 bytes, new threshold 1 (max 6)
- age   1:   34851056 bytes,   34851056 total
: 306392K->34048K(306688K), 0.0380454 secs] 4247573K->4231274K(5208832K), 0.0381998 secs] [Times: user=0.13 sys=0.00, real=0.04 secs] 
2016-06-27T18:52:31.093+0300: 947.429: Total time for which application threads were stopped: 0.0394982 seconds, Stopping threads took: 0.0009199 seconds
2016-06-27T18:52:31.428+0300: 947.764: [GC (Allocation Failure) 2016-06-27T18:52:31.428+0300: 947.764: [ParNew
Desired survivor size 17432576 bytes, new threshold 1 (max 6)
- age   1:   34857528 bytes,   34857528 total
: 305921K->34048K(306688K), 0.0382468 secs] 4503147K->4498314K(5208832K), 0.0384128 secs] [Times: user=0.13 sys=0.00, real=0.04 secs] 
2016-06-27T18:52:31.466+0300: 947.802: Total time for which application threads were stopped: 0.0401161 seconds, Stopping threads took: 0.0012753 seconds
2016-06-27T18:52:31.531+0300: 947.867: [GC (CMS Initial Mark) [1 CMS-initial-mark: 4464266K(4902144K)] 4549453K(5208832K), 0.0004927 secs] [Times: user=0.00 sys=0.00, real=0.00 secs] 
2016-06-27T18:52:31.531+0300: 947.868: Total time for which application threads were stopped: 0.0014741 seconds, Stopping threads took: 0.0006385 seconds
2016-06-27T18:52:31.532+0300: 947.868: [CMS-concurrent-mark-start]
2016-06-27T18:52:31.583+0300: 947.920: [CMS-concurrent-mark: 0.052/0.052 secs] [Times: user=0.23 sys=0.00, real=0.05 secs] 
2016-06-27T18:52:31.584+0300: 947.920: [CMS-concurrent-preclean-start]
2016-06-27T18:52:31.594+0300: 947.930: [CMS-concurrent-preclean: 0.010/0.010 secs] [Times: user=0.00 sys=0.00, real=0.01 secs] 
2016-06-27T18:52:31.594+0300: 947.930: [CMS-concurrent-abortable-preclean-start]
2016-06-27T18:52:31.802+0300: 948.139: Total time for which application threads were stopped: 0.0033186 seconds, Stopping threads took: 0.0017735 seconds
2016-06-27T18:52:31.867+0300: 948.203: [GC (Allocation Failure) 2016-06-27T18:52:31.867+0300: 948.203: [ParNew
Desired survivor size 17432576 bytes, new threshold 1 (max 6)
- age   1:   34858976 bytes,   34858976 total
: 305832K->34048K(306688K), 0.0380711 secs] 4770099K->4763359K(5208832K), 0.0382250 secs] [Times: user=0.13 sys=0.00, real=0.04 secs] 
2016-06-27T18:52:31.905+0300: 948.242: Total time for which application threads were stopped: 0.0393669 seconds, Stopping threads took: 0.0005671 seconds
2016-06-27T18:52:32.139+0300: 948.475: [CMS-concurrent-abortable-preclean: 0.065/0.545 secs] [Times: user=2.13 sys=0.00, real=0.54 secs] 
2016-06-27T18:52:32.149+0300: 948.485: [GC (CMS Final Remark) [YG occupancy: 236864 K (306688 K)]2016-06-27T18:52:32.149+0300: 948.485: [Rescan (parallel) , 0.0041778 secs]2016-06-27T18:52:32.153+0300: 948.490: [weak refs processing, 0.0000261 secs]2016-06-27T18:52:32.153+0300: 948.490: [class unloading, 0.0023671 secs]2016-06-27T18:52:32.156+0300: 948.492: [scrub symbol table, 0.0008284 secs]2016-06-27T18:52:32.157+0300: 948.493: [scrub string table, 0.0001830 secs][1 CMS-remark: 4729311K(4902144K)] 4966175K(5208832K), 0.0079001 secs] [Times: user=0.00 sys=0.00, real=0.01 secs] 
2016-06-27T18:52:32.157+0300: 948.493: Total time for which application threads were stopped: 0.0091116 seconds, Stopping threads took: 0.0008947 seconds
2016-06-27T18:52:32.157+0300: 948.494: [CMS-concurrent-sweep-start]
2016-06-27T18:52:32.166+0300: 948.503: [CMS-concurrent-sweep: 0.009/0.009 secs] [Times: user=0.06 sys=0.00, real=0.01 secs] 
2016-06-27T18:52:32.166+0300: 948.503: [CMS-concurrent-reset-start]
2016-06-27T18:52:32.173+0300: 948.509: [CMS-concurrent-reset: 0.006/0.006 secs] [Times: user=0.00 sys=0.00, real=0.01 secs] 
2016-06-27T18:52:32.248+0300: 948.584: [GC (Allocation Failure) 2016-06-27T18:52:32.248+0300: 948.584: [ParNew
Desired survivor size 17432576 bytes, new threshold 1 (max 6)
- age   1:   34854160 bytes,   34854160 total
: 306483K->34048K(306688K), 0.0378718 secs] 4387657K->4371283K(5208832K), 0.0380069 secs] [Times: user=0.19 sys=0.00, real=0.04 secs] 
2016-06-27T18:52:32.286+0300: 948.622: Total time for which application threads were stopped: 0.0393057 seconds, Stopping threads took: 0.0009986 seconds
2016-06-27T18:52:32.506+0300: 948.842: [GC (CMS Initial Mark) [1 CMS-initial-mark: 4337235K(4902144K)] 4539658K(5208832K), 0.0005149 secs] [Times: user=0.00 sys=0.00, real=0.00 secs] 
2016-06-27T18:52:32.507+0300: 948.843: Total time for which application threads were stopped: 0.0015327 seconds, Stopping threads took: 0.0006855 seconds
2016-06-27T18:52:32.507+0300: 948.843: [CMS-concurrent-mark-start]
2016-06-27T18:52:32.561+0300: 948.897: [CMS-concurrent-mark: 0.054/0.054 secs] [Times: user=0.19 sys=0.00, real=0.05 secs] 
2016-06-27T18:52:32.561+0300: 948.898: [CMS-concurrent-preclean-start]
2016-06-27T18:52:32.571+0300: 948.908: [CMS-concurrent-preclean: 0.010/0.010 secs] [Times: user=0.06 sys=0.00, real=0.01 secs] 
2016-06-27T18:52:32.571+0300: 948.908: [CMS-concurrent-abortable-preclean-start]
2016-06-27T18:52:32.672+0300: 949.009: [GC (Allocation Failure) 2016-06-27T18:52:32.672+0300: 949.009: [ParNew2016-06-27T18:52:32.704+0300: 949.040: [CMS-concurrent-abortable-preclean: 0.011/0.132 secs] [Times: user=0.50 sys=0.00, real=0.13 secs] 

Desired survivor size 17432576 bytes, new threshold 1 (max 6)
- age   1:   34852584 bytes,   34852584 total
: 305948K->34047K(306688K), 0.0374527 secs] 4643184K->4638326K(5208832K), 0.0376041 secs] [Times: user=0.19 sys=0.00, real=0.04 secs] 
2016-06-27T18:52:32.710+0300: 949.046: Total time for which application threads were stopped: 0.0396500 seconds, Stopping threads took: 0.0016636 seconds
2016-06-27T18:52:32.711+0300: 949.047: [GC (CMS Final Remark) [YG occupancy: 35064 K (306688 K)]2016-06-27T18:52:32.711+0300: 949.047: [Rescan (parallel) , 0.0042248 secs]2016-06-27T18:52:32.715+0300: 949.051: [weak refs processing, 0.0000393 secs]2016-06-27T18:52:32.715+0300: 949.051: [class unloading, 0.0028743 secs]2016-06-27T18:52:32.718+0300: 949.054: [scrub symbol table, 0.0018748 secs]2016-06-27T18:52:32.720+0300: 949.056: [scrub string table, 0.0003272 secs][1 CMS-remark: 4604279K(4902144K)] 4639343K(5208832K), 0.0096958 secs] [Times: user=0.00 sys=0.00, real=0.01 secs] 
2016-06-27T18:52:32.720+0300: 949.057: Total time for which application threads were stopped: 0.0100550 seconds, Stopping threads took: 0.0000466 seconds
2016-06-27T18:52:32.721+0300: 949.057: [CMS-concurrent-sweep-start]
2016-06-27T18:52:32.730+0300: 949.066: [CMS-concurrent-sweep: 0.009/0.009 secs] [Times: user=0.06 sys=0.00, real=0.01 secs] 
2016-06-27T18:52:32.730+0300: 949.066: [CMS-concurrent-reset-start]
2016-06-27T18:52:32.736+0300: 949.072: [CMS-concurrent-reset: 0.006/0.006 secs] [Times: user=0.00 sys=0.00, real=0.01 secs] 
2016-06-27T18:52:32.805+0300: 949.141: Total time for which application threads were stopped: 0.0048030 seconds, Stopping threads took: 0.0030915 seconds
2016-06-27T18:52:33.060+0300: 949.397: [GC (Allocation Failure) 2016-06-27T18:52:33.060+0300: 949.397: [ParNew
Desired survivor size 17432576 bytes, new threshold 1 (max 6)
- age   1:   34856784 bytes,   34856784 total
: 305855K->34048K(306688K), 0.0359696 secs] 4337031K->4311270K(5208832K), 0.0361381 secs] [Times: user=0.13 sys=0.00, real=0.04 secs] 
2016-06-27T18:52:33.096+0300: 949.433: Total time for which application threads were stopped: 0.0375724 seconds, Stopping threads took: 0.0010289 seconds
2016-06-27T18:52:33.129+0300: 949.465: [GC (CMS Initial Mark) [1 CMS-initial-mark: 4277222K(4902144K)] 4337953K(5208832K), 0.0004105 secs] [Times: user=0.00 sys=0.00, real=0.00 secs] 
2016-06-27T18:52:33.129+0300: 949.466: Total time for which application threads were stopped: 0.0013604 seconds, Stopping threads took: 0.0006128 seconds
2016-06-27T18:52:33.129+0300: 949.466: [CMS-concurrent-mark-start]
2016-06-27T18:52:33.181+0300: 949.518: [CMS-concurrent-mark: 0.052/0.052 secs] [Times: user=0.23 sys=0.00, real=0.05 secs] 
2016-06-27T18:52:33.181+0300: 949.518: [CMS-concurrent-preclean-start]
2016-06-27T18:52:33.191+0300: 949.528: [CMS-concurrent-preclean: 0.010/0.010 secs] [Times: user=0.00 sys=0.00, real=0.01 secs] 
2016-06-27T18:52:33.192+0300: 949.528: [CMS-concurrent-abortable-preclean-start]
2016-06-27T18:52:33.478+0300: 949.814: [GC (Allocation Failure) 2016-06-27T18:52:33.478+0300: 949.814: [ParNew
Desired survivor size 17432576 bytes, new threshold 1 (max 6)
- age   1:   34857424 bytes,   34857424 total
: 306372K->34048K(306688K), 0.0399245 secs] 4583595K->4577313K(5208832K), 0.0400887 secs] [Times: user=0.13 sys=0.00, real=0.04 secs] 
2016-06-27T18:52:33.518+0300: 949.855: Total time for which application threads were stopped: 0.0427736 seconds, Stopping threads took: 0.0022892 seconds
2016-06-27T18:52:33.805+0300: 950.142: Total time for which application threads were stopped: 0.0053953 seconds, Stopping threads took: 0.0037591 seconds
2016-06-27T18:52:33.805+0300: 950.142: [CMS-concurrent-abortable-preclean: 0.076/0.614 secs] [Times: user=2.36 sys=0.02, real=0.61 secs] 
2016-06-27T18:52:33.894+0300: 950.230: [GC (Allocation Failure) 2016-06-27T18:52:33.894+0300: 950.230: [ParNew
Desired survivor size 17432576 bytes, new threshold 1 (max 6)
- age   1:   34859592 bytes,   34859592 total
: 306688K->34048K(306688K), 0.0384855 secs] 4849953K->4842365K(5208832K), 0.0386437 secs] [Times: user=0.19 sys=0.00, real=0.04 secs] 
2016-06-27T18:52:33.932+0300: 950.269: Total time for which application threads were stopped: 0.0394887 seconds, Stopping threads took: 0.0004965 seconds
2016-06-27T18:52:34.254+0300: 950.590: [GC (Allocation Failure) 2016-06-27T18:52:34.254+0300: 950.590: [ParNew: 305954K->305954K(306688K), 0.0000398 secs]2016-06-27T18:52:34.254+0300: 950.590: [CMS (concurrent mode failure): 4808317K->3916175K(4902144K), 0.6652014 secs] 5114271K->3916175K(5208832K), [Metaspace: 9062K->9062K(1058816K)], 0.6654079 secs] [Times: user=0.66 sys=0.02, real=0.66 secs] 
2016-06-27T18:52:34.919+0300: 951.255: Total time for which application threads were stopped: 0.6745786 seconds, Stopping threads took: 0.0087874 seconds
2016-06-27T18:52:34.941+0300: 951.277: Total time for which application threads were stopped: 0.0013300 seconds, Stopping threads took: 0.0000830 seconds
2016-06-27T18:52:35.277+0300: 951.613: [GC (Allocation Failure) 2016-06-27T18:52:35.277+0300: 951.614: [ParNew
Desired survivor size 17432576 bytes, new threshold 1 (max 6)
- age   1:   34856736 bytes,   34856736 total
: 272404K->34048K(306688K), 0.0348162 secs] 4188579K->4182254K(5208832K), 0.0349535 secs] [Times: user=0.13 sys=0.00, real=0.04 secs] 
2016-06-27T18:52:35.312+0300: 951.649: Total time for which application threads were stopped: 0.0358084 seconds, Stopping threads took: 0.0005260 seconds
2016-06-27T18:52:35.640+0300: 951.976: [GC (Allocation Failure) 2016-06-27T18:52:35.640+0300: 951.976: [ParNew
Desired survivor size 17432576 bytes, new threshold 1 (max 6)
- age   1:   34854424 bytes,   34854424 total
: 306037K->34048K(306688K), 0.0390521 secs] 4454243K->4449297K(5208832K), 0.0392009 secs] [Times: user=0.19 sys=0.00, real=0.04 secs] 
2016-06-27T18:52:35.679+0300: 952.016: Total time for which application threads were stopped: 0.0408756 seconds, Stopping threads took: 0.0013206 seconds
2016-06-27T18:52:35.803+0300: 952.139: Total time for which application threads were stopped: 0.0021088 seconds, Stopping threads took: 0.0004490 seconds
2016-06-27T18:52:35.812+0300: 952.149: Total time for which application threads were stopped: 0.0007984 seconds, Stopping threads took: 0.0000825 seconds
2016-06-27T18:52:36.013+0300: 952.349: [GC (Allocation Failure) 2016-06-27T18:52:36.013+0300: 952.349: [ParNew
Desired survivor size 17432576 bytes, new threshold 1 (max 6)
- age   1:   34844784 bytes,   34844784 total
: 305759K->34038K(306688K), 0.0386570 secs] 4721008K->4716330K(5208832K), 0.0388045 secs] [Times: user=0.17 sys=0.00, real=0.04 secs] 
2016-06-27T18:52:36.051+0300: 952.388: Total time for which application threads were stopped: 0.0398121 seconds, Stopping threads took: 0.0006188 seconds
2016-06-27T18:52:36.386+0300: 952.722: [GC (Allocation Failure) 2016-06-27T18:52:36.386+0300: 952.722: [ParNew: 306507K->306507K(306688K), 0.0000368 secs]2016-06-27T18:52:36.386+0300: 952.722: [CMS: 4682292K->3903171K(4902144K), 0.6218659 secs] 4988800K->3903171K(5208832K), [Metaspace: 9062K->9062K(1058816K)], 0.6220874 secs] [Times: user=0.63 sys=0.00, real=0.62 secs] 
2016-06-27T18:52:37.008+0300: 953.344: Total time for which application threads were stopped: 0.6235029 seconds, Stopping threads took: 0.0010037 seconds
2016-06-27T18:52:37.256+0300: 953.592: Total time for which application threads were stopped: 0.0017423 seconds, Stopping threads took: 0.0005136 seconds
2016-06-27T18:52:37.406+0300: 953.742: [GC (Allocation Failure) 2016-06-27T18:52:37.406+0300: 953.742: [ParNew
Desired survivor size 17432576 bytes, new threshold 1 (max 6)
- age   1:   34856072 bytes,   34856072 total
: 272640K->34048K(306688K), 0.0359405 secs] 4175811K->4169249K(5208832K), 0.0360825 secs] [Times: user=0.13 sys=0.00, real=0.04 secs] 
2016-06-27T18:52:37.442+0300: 953.778: Total time for which application threads were stopped: 0.0366106 seconds, Stopping threads took: 0.0001638 seconds
2016-06-27T18:52:37.750+0300: 954.087: [GC (Allocation Failure) 2016-06-27T18:52:37.750+0300: 954.087: [ParNew
Desired survivor size 17432576 bytes, new threshold 1 (max 6)
- age   1:   34855672 bytes,   34855672 total
: 306688K->34046K(306688K), 0.0376349 secs] 4441889K->4437292K(5208832K), 0.0377691 secs] [Times: user=0.19 sys=0.00, real=0.04 secs] 
2016-06-27T18:52:37.788+0300: 954.124: Total time for which application threads were stopped: 0.0387036 seconds, Stopping threads took: 0.0006051 seconds
2016-06-27T18:52:37.788+0300: 954.125: [GC (CMS Initial Mark) [1 CMS-initial-mark: 4403246K(4902144K)] 4438294K(5208832K), 0.0003331 secs] [Times: user=0.00 sys=0.00, real=0.00 secs] 
2016-06-27T18:52:37.789+0300: 954.125: Total time for which application threads were stopped: 0.0005974 seconds, Stopping threads took: 0.0000667 seconds
2016-06-27T18:52:37.789+0300: 954.125: [CMS-concurrent-mark-start]
2016-06-27T18:52:37.804+0300: 954.140: Total time for which application threads were stopped: 0.0016708 seconds, Stopping threads took: 0.0000577 seconds
2016-06-27T18:52:37.841+0300: 954.177: [CMS-concurrent-mark: 0.051/0.052 secs] [Times: user=0.19 sys=0.00, real=0.05 secs] 
2016-06-27T18:52:37.841+0300: 954.177: [CMS-concurrent-preclean-start]
2016-06-27T18:52:37.851+0300: 954.187: [CMS-concurrent-preclean: 0.010/0.010 secs] [Times: user=0.06 sys=0.00, real=0.01 secs] 
2016-06-27T18:52:37.851+0300: 954.187: [CMS-concurrent-abortable-preclean-start]
2016-06-27T18:52:38.163+0300: 954.500: [GC (Allocation Failure) 2016-06-27T18:52:38.163+0300: 954.500: [ParNew2016-06-27T18:52:38.195+0300: 954.532: [CMS-concurrent-abortable-preclean: 0.032/0.344 secs] [Times: user=1.33 sys=0.03, real=0.34 secs] 

Desired survivor size 17432576 bytes, new threshold 1 (max 6)
- age   1:   34852704 bytes,   34852704 total
: 306255K->34047K(306688K), 0.0412815 secs] 4709501K->4703349K(5208832K), 0.0414269 secs] [Times: user=0.13 sys=0.00, real=0.04 secs] 
2016-06-27T18:52:38.205+0300: 954.541: Total time for which application threads were stopped: 0.0431375 seconds, Stopping threads took: 0.0013933 seconds
2016-06-27T18:52:38.539+0300: 954.875: [GC (Allocation Failure) 2016-06-27T18:52:38.539+0300: 954.875: [ParNew: 306398K->306398K(306688K), 0.0000415 secs]2016-06-27T18:52:38.539+0300: 954.875: [CMS (concurrent mode failure): 4669301K->3755158K(4902144K), 0.6111861 secs] 4975699K->3755158K(5208832K), [Metaspace: 9062K->9062K(1058816K)], 0.6114008 secs] [Times: user=0.61 sys=0.00, real=0.61 secs] 
2016-06-27T18:52:39.150+0300: 955.487: Total time for which application threads were stopped: 0.6140612 seconds, Stopping threads took: 0.0022439 seconds
2016-06-27T18:52:39.341+0300: 955.677: Total time for which application threads were stopped: 0.0036077 seconds, Stopping threads took: 0.0019009 seconds
2016-06-27T18:52:39.538+0300: 955.875: [GC (Allocation Failure) 2016-06-27T18:52:39.538+0300: 955.875: [ParNew
Desired survivor size 17432576 bytes, new threshold 1 (max 6)
- age   1:   34863640 bytes,   34863640 total
: 272640K->34048K(306688K), 0.0388751 secs] 4027798K->4022227K(5208832K), 0.0390119 secs] [Times: user=0.11 sys=0.00, real=0.04 secs] 
2016-06-27T18:52:39.577+0300: 955.914: Total time for which application threads were stopped: 0.0398424 seconds, Stopping threads took: 0.0004909 seconds
2016-06-27T18:52:39.807+0300: 956.143: Total time for which application threads were stopped: 0.0030714 seconds, Stopping threads took: 0.0013138 seconds
2016-06-27T18:52:40.001+0300: 956.338: [GC (Allocation Failure) 2016-06-27T18:52:40.001+0300: 956.338: [ParNew
Desired survivor size 17432576 bytes, new threshold 1 (max 6)
- age   1:   34853144 bytes,   34853144 total
: 306321K->34048K(306688K), 0.0391406 secs] 4294500K->4278280K(5208832K), 0.0393857 secs] [Times: user=0.19 sys=0.00, real=0.04 secs] 
2016-06-27T18:52:40.041+0300: 956.377: Total time for which application threads were stopped: 0.0406250 seconds, Stopping threads took: 0.0008643 seconds
2016-06-27T18:52:40.397+0300: 956.734: [GC (Allocation Failure) 2016-06-27T18:52:40.397+0300: 956.734: [ParNew
Desired survivor size 17432576 bytes, new threshold 1 (max 6)
- age   1:   34853224 bytes,   34853224 total
: 306485K->34047K(306688K), 0.0405699 secs] 4550717K->4545331K(5208832K), 0.0407225 secs] [Times: user=0.13 sys=0.00, real=0.04 secs] 
2016-06-27T18:52:40.438+0300: 956.774: Total time for which application threads were stopped: 0.0482612 seconds, Stopping threads took: 0.0071076 seconds
2016-06-27T18:52:40.765+0300: 957.101: [GC (Allocation Failure) 2016-06-27T18:52:40.765+0300: 957.101: [ParNew
Desired survivor size 17432576 bytes, new threshold 1 (max 6)
- age   1:   34855048 bytes,   34855048 total
: 306515K->34045K(306688K), 0.0399545 secs] 4817799K->4812369K(5208832K), 0.0401174 secs] [Times: user=0.19 sys=0.00, real=0.04 secs] 
2016-06-27T18:52:40.808+0300: 957.144: Total time for which application threads were stopped: 0.0489587 seconds, Stopping threads took: 0.0058841 seconds
2016-06-27T18:52:41.136+0300: 957.472: [GC (Allocation Failure) 2016-06-27T18:52:41.136+0300: 957.472: [ParNew: 306333K->306333K(306688K), 0.0000359 secs]2016-06-27T18:52:41.136+0300: 957.472: [CMS: 4778323K->3785158K(4902144K), 0.6785579 secs] 5084656K->3785158K(5208832K), [Metaspace: 9062K->9062K(1058816K)], 0.6787670 secs] [Times: user=0.67 sys=0.00, real=0.68 secs] 
2016-06-27T18:52:41.814+0300: 958.151: Total time for which application threads were stopped: 0.6839609 seconds, Stopping threads took: 0.0047401 seconds
2016-06-27T18:52:42.148+0300: 958.485: [GC (Allocation Failure) 2016-06-27T18:52:42.149+0300: 958.485: [ParNew
Desired survivor size 17432576 bytes, new threshold 1 (max 6)
- age   1:   34856144 bytes,   34856144 total
: 272329K->34047K(306688K), 0.0361676 secs] 4057488K->4052220K(5208832K), 0.0363455 secs] [Times: user=0.13 sys=0.00, real=0.04 secs] 
2016-06-27T18:52:42.185+0300: 958.521: Total time for which application threads were stopped: 0.0380835 seconds, Stopping threads took: 0.0012398 seconds
2016-06-27T18:52:42.521+0300: 958.858: [GC (Allocation Failure) 2016-06-27T18:52:42.521+0300: 958.858: [ParNew
Desired survivor size 17432576 bytes, new threshold 1 (max 6)
- age   1:   34850240 bytes,   34850240 total
: 305745K->34038K(306688K), 0.0401413 secs] 4323919K->4318259K(5208832K), 0.0403111 secs] [Times: user=0.13 sys=0.00, real=0.04 secs] 
2016-06-27T18:52:42.562+0300: 958.898: Total time for which application threads were stopped: 0.0433958 seconds, Stopping threads took: 0.0025569 seconds
2016-06-27T18:52:42.562+0300: 958.899: [GC (CMS Initial Mark) [1 CMS-initial-mark: 4284220K(4902144K)] 4319259K(5208832K), 0.0004460 secs] [Times: user=0.00 sys=0.00, real=0.00 secs] 
2016-06-27T18:52:42.563+0300: 958.899: Total time for which application threads were stopped: 0.0010178 seconds, Stopping threads took: 0.0001176 seconds
2016-06-27T18:52:42.563+0300: 958.899: [CMS-concurrent-mark-start]
2016-06-27T18:52:42.614+0300: 958.950: [CMS-concurrent-mark: 0.051/0.051 secs] [Times: user=0.25 sys=0.00, real=0.05 secs] 
2016-06-27T18:52:42.614+0300: 958.951: [CMS-concurrent-preclean-start]
2016-06-27T18:52:42.624+0300: 958.961: [CMS-concurrent-preclean: 0.010/0.010 secs] [Times: user=0.00 sys=0.00, real=0.01 secs] 
2016-06-27T18:52:42.624+0300: 958.961: [CMS-concurrent-abortable-preclean-start]
2016-06-27T18:52:42.685+0300: 959.021: Total time for which application threads were stopped: 0.0036945 seconds, Stopping threads took: 0.0020502 seconds
2016-06-27T18:52:42.809+0300: 959.145: Total time for which application threads were stopped: 0.0025770 seconds, Stopping threads took: 0.0009413 seconds
2016-06-27T18:52:42.998+0300: 959.334: [GC (Allocation Failure) 2016-06-27T18:52:42.998+0300: 959.334: [ParNew2016-06-27T18:52:43.030+0300: 959.366: [CMS-concurrent-abortable-preclean: 0.053/0.406 secs] [Times: user=1.48 sys=0.00, real=0.41 secs] 

Desired survivor size 17432576 bytes, new threshold 1 (max 6)
- age   1:   34856544 bytes,   34856544 total
: 306678K->34048K(306688K), 0.0394152 secs] 4590899K->4582307K(5208832K), 0.0395721 secs] [Times: user=0.19 sys=0.00, real=0.04 secs] 
2016-06-27T18:52:43.038+0300: 959.374: Total time for which application threads were stopped: 0.0420765 seconds, Stopping threads took: 0.0020104 seconds
2016-06-27T18:52:43.414+0300: 959.750: [GC (Allocation Failure) 2016-06-27T18:52:43.414+0300: 959.750: [ParNew
Desired survivor size 17432576 bytes, new threshold 1 (max 6)
- age   1:   34857912 bytes,   34857912 total
: 306688K->34047K(306688K), 0.0402675 secs] 4854947K->4849372K(5208832K), 0.0404403 secs] [Times: user=0.13 sys=0.00, real=0.04 secs] 
2016-06-27T18:52:43.455+0300: 959.791: Total time for which application threads were stopped: 0.0419490 seconds, Stopping threads took: 0.0010995 seconds
2016-06-27T18:52:43.785+0300: 960.121: [GC (Allocation Failure) 2016-06-27T18:52:43.785+0300: 960.121: [ParNew: 306671K->306671K(306688K), 0.0000308 secs]2016-06-27T18:52:43.785+0300: 960.121: [CMS (concurrent mode failure): 4815324K->3721152K(4902144K), 0.6115457 secs] 5121995K->3721152K(5208832K), [Metaspace: 9062K->9062K(1058816K)], 0.6117420 secs] [Times: user=0.63 sys=0.00, real=0.61 secs] 
2016-06-27T18:52:44.397+0300: 960.733: Total time for which application threads were stopped: 0.6133252 seconds, Stopping threads took: 0.0011453 seconds
2016-06-27T18:52:44.432+0300: 960.768: Total time for which application threads were stopped: 0.0013210 seconds, Stopping threads took: 0.0002202 seconds
2016-06-27T18:52:44.794+0300: 961.130: [GC (Allocation Failure) 2016-06-27T18:52:44.794+0300: 961.130: [ParNew
Desired survivor size 17432576 bytes, new threshold 1 (max 6)
- age   1:   34853672 bytes,   34853672 total
: 272640K->34048K(306688K), 0.0374052 secs] 3993792K->3987247K(5208832K), 0.0375835 secs] [Times: user=0.13 sys=0.00, real=0.04 secs] 
2016-06-27T18:52:44.832+0300: 961.168: Total time for which application threads were stopped: 0.0391240 seconds, Stopping threads took: 0.0011123 seconds
2016-06-27T18:52:45.167+0300: 961.504: [GC (Allocation Failure) 2016-06-27T18:52:45.167+0300: 961.504: [ParNew
Desired survivor size 17432576 bytes, new threshold 1 (max 6)
- age   1:   34856664 bytes,   34856664 total
: 306544K->34046K(306688K), 0.0401978 secs] 4259743K->4253283K(5208832K), 0.0403761 secs] [Times: user=0.14 sys=0.00, real=0.04 secs] 
2016-06-27T18:52:45.208+0300: 961.544: Total time for which application threads were stopped: 0.0417741 seconds, Stopping threads took: 0.0009567 seconds
2016-06-27T18:52:45.531+0300: 961.867: [GC (Allocation Failure) 2016-06-27T18:52:45.531+0300: 961.867: [ParNew
Desired survivor size 17432576 bytes, new threshold 1 (max 6)
- age   1:   34858112 bytes,   34858112 total
: 306514K->34048K(306688K), 0.0391552 secs] 4525751K->4520330K(5208832K), 0.0393262 secs] [Times: user=0.19 sys=0.00, real=0.04 secs] 
2016-06-27T18:52:45.570+0300: 961.907: Total time for which application threads were stopped: 0.0409877 seconds, Stopping threads took: 0.0012338 seconds
2016-06-27T18:52:45.825+0300: 962.162: Total time for which application threads were stopped: 0.0018928 seconds, Stopping threads took: 0.0005645 seconds
2016-06-27T18:52:45.963+0300: 962.299: [GC (Allocation Failure) 2016-06-27T18:52:45.963+0300: 962.300: [ParNew
Desired survivor size 17432576 bytes, new threshold 1 (max 6)
- age   1:   34856376 bytes,   34856376 total
: 306688K->34048K(306688K), 0.0398347 secs] 4792970K->4785385K(5208832K), 0.0400126 secs] [Times: user=0.13 sys=0.00, real=0.04 secs] 
2016-06-27T18:52:46.003+0300: 962.340: Total time for which application threads were stopped: 0.0408055 seconds, Stopping threads took: 0.0004110 seconds
2016-06-27T18:52:46.322+0300: 962.658: [GC (Allocation Failure) 2016-06-27T18:52:46.322+0300: 962.659: [ParNew: 306407K->306407K(306688K), 0.0000316 secs]2016-06-27T18:52:46.322+0300: 962.659: [CMS: 4751337K->3777158K(4902144K), 0.6435227 secs] 5057744K->3777158K(5208832K), [Metaspace: 9062K->9062K(1058816K)], 0.6437224 secs] [Times: user=0.64 sys=0.00, real=0.64 secs] 
2016-06-27T18:52:46.966+0300: 963.302: Total time for which application threads were stopped: 0.6450717 seconds, Stopping threads took: 0.0010259 seconds
2016-06-27T18:52:46.969+0300: 963.305: Total time for which application threads were stopped: 0.0013356 seconds, Stopping threads took: 0.0000864 seconds
2016-06-27T18:52:47.333+0300: 963.670: [GC (Allocation Failure) 2016-06-27T18:52:47.333+0300: 963.670: [ParNew
Desired survivor size 17432576 bytes, new threshold 1 (max 6)
- age   1:   34855928 bytes,   34855928 total
: 272640K->34048K(306688K), 0.0367081 secs] 4049798K->4043237K(5208832K), 0.0368796 secs] [Times: user=0.13 sys=0.00, real=0.04 secs] 
2016-06-27T18:52:47.370+0300: 963.707: Total time for which application threads were stopped: 0.0386373 seconds, Stopping threads took: 0.0013061 seconds
2016-06-27T18:52:47.687+0300: 964.023: [GC (Allocation Failure) 2016-06-27T18:52:47.687+0300: 964.024: [ParNew
Desired survivor size 17432576 bytes, new threshold 1 (max 6)
- age   1:   34857704 bytes,   34857704 total
: 305861K->34048K(306688K), 0.0415154 secs] 4315050K->4310281K(5208832K), 0.0416706 secs] [Times: user=0.17 sys=0.00, real=0.04 secs] 
2016-06-27T18:52:47.729+0300: 964.065: Total time for which application threads were stopped: 0.0430485 seconds, Stopping threads took: 0.0009622 seconds
2016-06-27T18:52:47.828+0300: 964.164: Total time for which application threads were stopped: 0.0036244 seconds, Stopping threads took: 0.0022580 seconds
2016-06-27T18:52:48.077+0300: 964.413: [GC (Allocation Failure) 2016-06-27T18:52:48.077+0300: 964.414: [ParNew
Desired survivor size 17432576 bytes, new threshold 1 (max 6)
- age   1:   34848360 bytes,   34848360 total
: 306688K->34040K(306688K), 0.0397509 secs] 4582921K->4577320K(5208832K), 0.0399553 secs] [Times: user=0.19 sys=0.00, real=0.04 secs] 
2016-06-27T18:52:48.117+0300: 964.453: Total time for which application threads were stopped: 0.0457505 seconds, Stopping threads took: 0.0053525 seconds
2016-06-27T18:52:48.479+0300: 964.816: [GC (Allocation Failure) 2016-06-27T18:52:48.480+0300: 964.816: [ParNew
Desired survivor size 17432576 bytes, new threshold 1 (max 6)
- age   1:   34863816 bytes,   34863816 total
: 306491K->34048K(306688K), 0.0394148 secs] 4849771K->4844368K(5208832K), 0.0395952 secs] [Times: user=0.13 sys=0.00, real=0.04 secs] 
2016-06-27T18:52:48.519+0300: 964.855: Total time for which application threads were stopped: 0.0424319 seconds, Stopping threads took: 0.0023256 seconds
2016-06-27T18:52:48.874+0300: 965.211: [GC (Allocation Failure) 2016-06-27T18:52:48.874+0300: 965.211: [ParNew: 306491K->306491K(306688K), 0.0000346 secs]2016-06-27T18:52:48.874+0300: 965.211: [CMS: 4810320K->3731154K(4902144K), 0.6513514 secs] 5116811K->3731154K(5208832K), [Metaspace: 9062K->9062K(1058816K)], 0.6515489 secs] [Times: user=0.66 sys=0.00, real=0.65 secs] 
2016-06-27T18:52:49.526+0300: 965.862: Total time for which application threads were stopped: 0.6555496 seconds, Stopping threads took: 0.0035833 seconds
2016-06-27T18:52:49.860+0300: 966.197: [GC (Allocation Failure) 2016-06-27T18:52:49.860+0300: 966.197: [ParNew
Desired survivor size 17432576 bytes, new threshold 1 (max 6)
- age   1:   34850544 bytes,   34850544 total
: 271902K->34043K(306688K), 0.0358182 secs] 4003056K->3998209K(5208832K), 0.0360359 secs] [Times: user=0.17 sys=0.00, real=0.04 secs] 
2016-06-27T18:52:49.897+0300: 966.233: Total time for which application threads were stopped: 0.0372765 seconds, Stopping threads took: 0.0007463 seconds
2016-06-27T18:52:50.216+0300: 966.552: [GC (Allocation Failure) 2016-06-27T18:52:50.222+0300: 966.558: [ParNew
Desired survivor size 17432576 bytes, new threshold 1 (max 6)
- age   1:   34848008 bytes,   34848008 total
: 305885K->34045K(306688K), 0.0394460 secs] 4270051K->4265248K(5208832K), 0.0453780 secs] [Times: user=0.13 sys=0.00, real=0.03 secs] 
2016-06-27T18:52:50.246+0300: 966.598: Total time for which application threads were stopped: 0.0464890 seconds, Stopping threads took: 0.0006795 seconds
2016-06-27T18:52:50.294+0300: 966.631: Total time for which application threads were stopped: 0.0004529 seconds, Stopping threads took: 0.0001014 seconds
2016-06-27T18:52:50.675+0300: 967.011: [GC (Allocation Failure) 2016-06-27T18:52:50.675+0300: 967.011: [ParNew
Desired survivor size 17432576 bytes, new threshold 1 (max 6)
- age   1:   34847536 bytes,   34847536 total
: 306685K->34040K(306688K), 0.0400113 secs] 4537888K->4532277K(5208832K), 0.0401354 secs] [Times: user=0.17 sys=0.00, real=0.04 secs] 
2016-06-27T18:52:50.715+0300: 967.051: Total time for which application threads were stopped: 0.0411626 seconds, Stopping threads took: 0.0006543 seconds
2016-06-27T18:52:51.050+0300: 967.387: [GC (Allocation Failure) 2016-06-27T18:52:51.050+0300: 967.387: [ParNew
Desired survivor size 17432576 bytes, new threshold 1 (max 6)
- age   1:   34846240 bytes,   34846240 total
: 306518K->34046K(306688K), 0.0400699 secs] 4804755K->4799317K(5208832K), 0.0402239 secs] [Times: user=0.19 sys=0.00, real=0.04 secs] 
2016-06-27T18:52:51.091+0300: 967.427: Total time for which application threads were stopped: 0.0423438 seconds, Stopping threads took: 0.0017671 seconds
2016-06-27T18:52:51.411+0300: 967.747: [GC (Allocation Failure) 2016-06-27T18:52:51.416+0300: 967.753: [ParNew: 306670K->306670K(306688K), 0.0000440 secs]2016-06-27T18:52:51.416+0300: 967.753: [CMS: 4765271K->3792137K(4902144K), 0.6115350 secs] 5071942K->3792137K(5208832K), [Metaspace: 9062K->9062K(1058816K)], 0.6173712 secs] [Times: user=0.61 sys=0.00, real=0.62 secs] 
2016-06-27T18:52:52.028+0300: 968.364: Total time for which application threads were stopped: 0.6195916 seconds, Stopping threads took: 0.0018535 seconds
2016-06-27T18:52:52.366+0300: 968.703: [GC (Allocation Failure) 2016-06-27T18:52:52.367+0300: 968.703: [ParNew
Desired survivor size 17432576 bytes, new threshold 1 (max 6)
- age   1:   34852960 bytes,   34852960 total
: 272163K->34048K(306688K), 0.0364225 secs] 4064300K->4059197K(5208832K), 0.0366068 secs] [Times: user=0.11 sys=0.00, real=0.04 secs] 
2016-06-27T18:52:52.403+0300: 968.739: Total time for which application threads were stopped: 0.0380497 seconds, Stopping threads took: 0.0009703 seconds
2016-06-27T18:52:52.799+0300: 969.135: [GC (Allocation Failure) 2016-06-27T18:52:52.799+0300: 969.135: [ParNew
Desired survivor size 17432576 bytes, new threshold 1 (max 6)
- age   1:   34848872 bytes,   34848872 total
: 306688K->34048K(306688K), 0.0403518 secs] 4331837K->4326237K(5208832K), 0.0405173 secs] [Times: user=0.19 sys=0.00, real=0.04 secs] 
2016-06-27T18:52:52.839+0300: 969.176: Total time for which application threads were stopped: 0.0427962 seconds, Stopping threads took: 0.0018517 seconds
2016-06-27T18:52:53.173+0300: 969.509: [GC (Allocation Failure) 2016-06-27T18:52:53.177+0300: 969.514: [ParNew
Desired survivor size 17432576 bytes, new threshold 1 (max 6)
- age   1:   34845592 bytes,   34845592 total
: 306452K->34040K(306688K), 0.0396517 secs] 4598641K->4593265K(5208832K), 0.0444226 secs] [Times: user=0.13 sys=0.02, real=0.04 secs] 
2016-06-27T18:52:53.217+0300: 969.554: Total time for which application threads were stopped: 0.0480808 seconds, Stopping threads took: 0.0031971 seconds
2016-06-27T18:52:53.547+0300: 969.883: [GC (Allocation Failure) 2016-06-27T18:52:53.547+0300: 969.883: [ParNew
Desired survivor size 17432576 bytes, new threshold 1 (max 6)
- age   1:   34864360 bytes,   34864360 total
: 306168K->34048K(306688K), 0.0401281 secs] 4865393K->4860406K(5208832K), 0.0402795 secs] [Times: user=0.19 sys=0.00, real=0.04 secs] 
2016-06-27T18:52:53.587+0300: 969.923: Total time for which application threads were stopped: 0.0427475 seconds, Stopping threads took: 0.0020489 seconds
2016-06-27T18:52:53.929+0300: 970.266: [GC (Allocation Failure) 2016-06-27T18:52:53.929+0300: 970.266: [ParNew: 306425K->306425K(306688K), 0.0000500 secs]2016-06-27T18:52:53.929+0300: 970.266: [CMS: 4826358K->3837142K(4902144K), 0.6448869 secs] 5132783K->3837142K(5208832K), [Metaspace: 9062K->9062K(1058816K)], 0.6451393 secs] [Times: user=0.64 sys=0.00, real=0.65 secs] 
2016-06-27T18:52:54.575+0300: 970.911: Total time for which application threads were stopped: 0.6474011 seconds, Stopping threads took: 0.0017055 seconds
2016-06-27T18:52:54.913+0300: 971.249: [GC (Allocation Failure) 2016-06-27T18:52:54.913+0300: 971.249: [ParNew
Desired survivor size 17432576 bytes, new threshold 1 (max 6)
- age   1:   34846768 bytes,   34846768 total
: 271992K->34042K(306688K), 0.0350356 secs] 4109135K->4104197K(5208832K), 0.0352054 secs] [Times: user=0.13 sys=0.00, real=0.03 secs] 
2016-06-27T18:52:54.948+0300: 971.284: Total time for which application threads were stopped: 0.0375348 seconds, Stopping threads took: 0.0018650 seconds
2016-06-27T18:52:55.268+0300: 971.604: [GC (Allocation Failure) 2016-06-27T18:52:55.268+0300: 971.604: [ParNew
Desired survivor size 17432576 bytes, new threshold 1 (max 6)
- age   1:   34847008 bytes,   34847008 total
: 306514K->34041K(306688K), 0.0391787 secs] 4376669K->4371229K(5208832K), 0.0393356 secs] [Times: user=0.19 sys=0.00, real=0.04 secs] 
2016-06-27T18:52:55.307+0300: 971.644: Total time for which application threads were stopped: 0.0430798 seconds, Stopping threads took: 0.0031946 seconds
2016-06-27T18:52:55.637+0300: 971.973: [GC (Allocation Failure) 2016-06-27T18:52:55.637+0300: 971.973: [ParNew
Desired survivor size 17432576 bytes, new threshold 1 (max 6)
- age   1:   34851680 bytes,   34851680 total
: 306268K->34046K(306688K), 0.0382952 secs] 4643456K->4638270K(5208832K), 0.0384615 secs] [Times: user=0.13 sys=0.00, real=0.04 secs] 
2016-06-27T18:52:55.675+0300: 972.012: Total time for which application threads were stopped: 0.0444354 seconds, Stopping threads took: 0.0053799 seconds
2016-06-27T18:52:55.747+0300: 972.083: [GC (CMS Initial Mark) [1 CMS-initial-mark: 4604223K(4902144K)] 4695347K(5208832K), 0.0005016 secs] [Times: user=0.00 sys=0.00, real=0.00 secs] 
2016-06-27T18:52:55.748+0300: 972.084: Total time for which application threads were stopped: 0.0058311 seconds, Stopping threads took: 0.0048047 seconds
2016-06-27T18:52:55.748+0300: 972.084: [CMS-concurrent-mark-start]
2016-06-27T18:52:55.798+0300: 972.135: [CMS-concurrent-mark: 0.051/0.051 secs] [Times: user=0.19 sys=0.00, real=0.05 secs] 
2016-06-27T18:52:55.798+0300: 972.135: [CMS-concurrent-preclean-start]
2016-06-27T18:52:55.808+0300: 972.145: [CMS-concurrent-preclean: 0.010/0.010 secs] [Times: user=0.06 sys=0.00, real=0.01 secs] 
2016-06-27T18:52:55.808+0300: 972.145: [CMS-concurrent-abortable-preclean-start]
2016-06-27T18:52:56.029+0300: 972.365: [CMS-concurrent-abortable-preclean: 0.021/0.221 secs] [Times: user=0.88 sys=0.00, real=0.22 secs] 
2016-06-27T18:52:56.033+0300: 972.369: [GC (Allocation Failure) 2016-06-27T18:52:56.033+0300: 972.369: [ParNew: 306254K->306254K(306688K), 0.0000449 secs]2016-06-27T18:52:56.033+0300: 972.369: [CMS (concurrent mode failure): 4604223K->3810140K(4902144K), 0.6372165 secs] 4910478K->3810140K(5208832K), [Metaspace: 9062K->9062K(1058816K)], 0.6374167 secs] [Times: user=0.64 sys=0.00, real=0.64 secs] 
2016-06-27T18:52:56.670+0300: 973.007: Total time for which application threads were stopped: 0.6410128 seconds, Stopping threads took: 0.0030440 seconds
2016-06-27T18:52:56.938+0300: 973.275: Total time for which application threads were stopped: 0.0017731 seconds, Stopping threads took: 0.0004379 seconds
2016-06-27T18:52:57.008+0300: 973.344: [GC (Allocation Failure) 2016-06-27T18:52:57.008+0300: 973.344: [ParNew
Desired survivor size 17432576 bytes, new threshold 1 (max 6)
- age   1:   34858552 bytes,   34858552 total
: 272486K->34048K(306688K), 0.0347448 secs] 4082627K->4076209K(5208832K), 0.0348906 secs] [Times: user=0.13 sys=0.00, real=0.04 secs] 
2016-06-27T18:52:57.043+0300: 973.379: Total time for which application threads were stopped: 0.0356668 seconds, Stopping threads took: 0.0002369 seconds
2016-06-27T18:52:57.378+0300: 973.715: [GC (Allocation Failure) 2016-06-27T18:52:57.378+0300: 973.715: [ParNew
Desired survivor size 17432576 bytes, new threshold 1 (max 6)
- age   1:   34859424 bytes,   34859424 total
: 306425K->34048K(306688K), 0.0410262 secs] 4348586K->4343343K(5208832K), 0.0411446 secs] [Times: user=0.19 sys=0.00, real=0.04 secs] 
2016-06-27T18:52:57.419+0300: 973.756: Total time for which application threads were stopped: 0.0423027 seconds, Stopping threads took: 0.0006667 seconds
2016-06-27T18:52:57.755+0300: 974.091: [GC (Allocation Failure) 2016-06-27T18:52:57.755+0300: 974.091: [ParNew
Desired survivor size 17432576 bytes, new threshold 1 (max 6)
- age   1:   34857320 bytes,   34857320 total
: 306242K->34048K(306688K), 0.0384149 secs] 4615537K->4610394K(5208832K), 0.0385364 secs] [Times: user=0.13 sys=0.00, real=0.04 secs] 
2016-06-27T18:52:57.793+0300: 974.130: Total time for which application threads were stopped: 0.0396277 seconds, Stopping threads took: 0.0006629 seconds
2016-06-27T18:52:58.198+0300: 974.535: Total time for which application threads were stopped: 0.0011106 seconds, Stopping threads took: 0.0005055 seconds
2016-06-27T18:52:58.239+0300: 974.576: [GC (Allocation Failure) 2016-06-27T18:52:58.240+0300: 974.576: [ParNew
Desired survivor size 17432576 bytes, new threshold 1 (max 6)
- age   1:   34854048 bytes,   34854048 total
: 306688K->34048K(306688K), 0.0380364 secs] 4883034K->4877440K(5208832K), 0.0381600 secs] [Times: user=0.13 sys=0.00, real=0.04 secs] 
2016-06-27T18:52:58.278+0300: 974.614: Total time for which application threads were stopped: 0.0385915 seconds, Stopping threads took: 0.0001407 seconds
2016-06-27T18:52:58.594+0300: 974.931: [GC (Allocation Failure) 2016-06-27T18:52:58.594+0300: 974.931: [ParNew: 306052K->306052K(306688K), 0.0000252 secs]2016-06-27T18:52:58.594+0300: 974.931: [CMS: 4843392K->3823156K(4902144K), 0.5871455 secs] 5149444K->3823156K(5208832K), [Metaspace: 9062K->9062K(1058816K)], 0.5873033 secs] [Times: user=0.59 sys=0.00, real=0.59 secs] 
2016-06-27T18:52:59.182+0300: 975.518: Total time for which application threads were stopped: 0.5882621 seconds, Stopping threads took: 0.0006710 seconds
2016-06-27T18:52:59.184+0300: 975.520: Total time for which application threads were stopped: 0.0007176 seconds, Stopping threads took: 0.0002057 seconds
2016-06-27T18:52:59.524+0300: 975.861: [GC (Allocation Failure) 2016-06-27T18:52:59.524+0300: 975.861: [ParNew
Desired survivor size 17432576 bytes, new threshold 1 (max 6)
- age   1:   34851072 bytes,   34851072 total
: 272568K->34047K(306688K), 0.0357874 secs] 4095725K->4089216K(5208832K), 0.0359491 secs] [Times: user=0.13 sys=0.00, real=0.04 secs] 
2016-06-27T18:52:59.560+0300: 975.897: Total time for which application threads were stopped: 0.0372893 seconds, Stopping threads took: 0.0009631 seconds
2016-06-27T18:52:59.836+0300: 976.172: Total time for which application threads were stopped: 0.0012158 seconds, Stopping threads took: 0.0005688 seconds
2016-06-27T18:52:59.909+0300: 976.245: [GC (Allocation Failure) 2016-06-27T18:52:59.909+0300: 976.245: [ParNew
Desired survivor size 17432576 bytes, new threshold 1 (max 6)
- age   1:   34854384 bytes,   34854384 total
: 306687K->34048K(306688K), 0.0379274 secs] 4361856K->4355254K(5208832K), 0.0381002 secs] [Times: user=0.19 sys=0.00, real=0.04 secs] 
2016-06-27T18:52:59.947+0300: 976.284: Total time for which application threads were stopped: 0.0386929 seconds, Stopping threads took: 0.0002275 seconds
2016-06-27T18:53:00.308+0300: 976.644: [GC (Allocation Failure) 2016-06-27T18:53:00.308+0300: 976.644: [ParNew
Desired survivor size 17432576 bytes, new threshold 1 (max 6)
- age   1:   34854008 bytes,   34854008 total
: 306680K->34046K(306688K), 0.0401798 secs] 4627886K->4622349K(5208832K), 0.0403663 secs] [Times: user=0.13 sys=0.00, real=0.04 secs] 
2016-06-27T18:53:00.348+0300: 976.685: Total time for which application threads were stopped: 0.0417921 seconds, Stopping threads took: 0.0009904 seconds
2016-06-27T18:53:00.723+0300: 977.059: [GC (Allocation Failure) 2016-06-27T18:53:00.723+0300: 977.059: [ParNew
Desired survivor size 17432576 bytes, new threshold 1 (max 6)
- age   1:   34857088 bytes,   34857088 total
: 306101K->34046K(306688K), 0.0427094 secs] 4894405K->4888393K(5208832K), 0.0428929 secs] [Times: user=0.19 sys=0.00, real=0.04 secs] 
2016-06-27T18:53:00.766+0300: 977.102: Total time for which application threads were stopped: 0.0456397 seconds, Stopping threads took: 0.0022033 seconds
2016-06-27T18:53:00.837+0300: 977.173: Total time for which application threads were stopped: 0.0017358 seconds, Stopping threads took: 0.0007403 seconds
2016-06-27T18:53:01.144+0300: 977.481: [GC (Allocation Failure) 2016-06-27T18:53:01.144+0300: 977.481: [ParNew: 306659K->306659K(306688K), 0.0000406 secs]2016-06-27T18:53:01.144+0300: 977.481: [CMS: 4854347K->3700151K(4902144K), 0.7349792 secs] 5161007K->3700151K(5208832K), [Metaspace: 9062K->9062K(1058816K)], 0.7352110 secs] [Times: user=0.75 sys=0.00, real=0.74 secs] 
2016-06-27T18:53:01.880+0300: 978.216: Total time for which application threads were stopped: 0.7391167 seconds, Stopping threads took: 0.0034152 seconds
2016-06-27T18:53:02.208+0300: 978.544: [GC (Allocation Failure) 2016-06-27T18:53:02.208+0300: 978.544: [ParNew
Desired survivor size 17432576 bytes, new threshold 1 (max 6)
- age   1:   34845464 bytes,   34845464 total
: 272168K->34039K(306688K), 0.0356381 secs] 3972320K->3967203K(5208832K), 0.0357951 secs] [Times: user=0.13 sys=0.00, real=0.04 secs] 
2016-06-27T18:53:02.244+0300: 978.580: Total time for which application threads were stopped: 0.0425875 seconds, Stopping threads took: 0.0063413 seconds
2016-06-27T18:53:02.593+0300: 978.929: [GC (Allocation Failure) 2016-06-27T18:53:02.593+0300: 978.929: [ParNew
Desired survivor size 17432576 bytes, new threshold 1 (max 6)
- age   1:   34849904 bytes,   34849904 total
: 306199K->34046K(306688K), 0.0401345 secs] 4239362K->4234242K(5208832K), 0.0403706 secs] [Times: user=0.19 sys=0.00, real=0.04 secs] 
2016-06-27T18:53:02.633+0300: 978.970: Total time for which application threads were stopped: 0.0463753 seconds, Stopping threads took: 0.0054954 seconds
2016-06-27T18:53:02.964+0300: 979.300: [GC (Allocation Failure) 2016-06-27T18:53:02.964+0300: 979.300: [ParNew
Desired survivor size 17432576 bytes, new threshold 1 (max 6)
- age   1:   34853440 bytes,   34853440 total
: 306215K->34048K(306688K), 0.0397445 secs] 4506411K->4501280K(5208832K), 0.0398972 secs] [Times: user=0.13 sys=0.00, real=0.04 secs] 
2016-06-27T18:53:03.004+0300: 979.340: Total time for which application threads were stopped: 0.0471450 seconds, Stopping threads took: 0.0067381 seconds
2016-06-27T18:53:03.411+0300: 979.747: Total time for which application threads were stopped: 0.0120162 seconds, Stopping threads took: 0.0106199 seconds
2016-06-27T18:53:03.520+0300: 979.856: [GC (Allocation Failure) 2016-06-27T18:53:03.520+0300: 979.856: [ParNew
Desired survivor size 17432576 bytes, new threshold 1 (max 6)
- age   1:   34864920 bytes,   34864920 total
: 306688K->34048K(306688K), 0.0388811 secs] 4773920K->4767365K(5208832K), 0.0390731 secs] [Times: user=0.19 sys=0.00, real=0.04 secs] 
2016-06-27T18:53:03.559+0300: 979.895: Total time for which application threads were stopped: 0.0395811 seconds, Stopping threads took: 0.0000915 seconds
2016-06-27T18:53:03.957+0300: 980.293: [GC (Allocation Failure) 2016-06-27T18:53:03.957+0300: 980.293: [ParNew: 306379K->306379K(306688K), 0.0000411 secs]2016-06-27T18:53:03.957+0300: 980.293: [CMS: 4733317K->3773154K(4902144K), 0.7434018 secs] 5039696K->3773154K(5208832K), [Metaspace: 9062K->9062K(1058816K)], 0.7436375 secs] [Times: user=0.75 sys=0.00, real=0.74 secs] 
2016-06-27T18:53:04.701+0300: 981.037: Total time for which application threads were stopped: 0.7553334 seconds, Stopping threads took: 0.0112392 seconds
2016-06-27T18:53:04.839+0300: 981.175: Total time for which application threads were stopped: 0.0011187 seconds, Stopping threads took: 0.0003344 seconds
2016-06-27T18:53:05.135+0300: 981.472: [GC (Allocation Failure) 2016-06-27T18:53:05.135+0300: 981.472: [ParNew
Desired survivor size 17432576 bytes, new threshold 1 (max 6)
- age   1:   34862968 bytes,   34862968 total
: 272427K->34048K(306688K), 0.0371555 secs] 4045582K->4038234K(5208832K), 0.0373471 secs] [Times: user=0.11 sys=0.00, real=0.04 secs] 
2016-06-27T18:53:05.173+0300: 981.509: Total time for which application threads were stopped: 0.0385817 seconds, Stopping threads took: 0.0008468 seconds
2016-06-27T18:53:05.513+0300: 981.849: [GC (Allocation Failure) 2016-06-27T18:53:05.513+0300: 981.849: [ParNew
Desired survivor size 17432576 bytes, new threshold 1 (max 6)
- age   1:   34852720 bytes,   34852720 total
: 306284K->34048K(306688K), 0.0418922 secs] 4310470K->4305290K(5208832K), 0.0421201 secs] [Times: user=0.19 sys=0.00, real=0.04 secs] 
2016-06-27T18:53:05.555+0300: 981.891: Total time for which application threads were stopped: 0.0441262 seconds, Stopping threads took: 0.0014279 seconds
2016-06-27T18:53:05.840+0300: 982.177: Total time for which application threads were stopped: 0.0027263 seconds, Stopping threads took: 0.0018860 seconds
2016-06-27T18:53:05.943+0300: 982.280: [GC (Allocation Failure) 2016-06-27T18:53:05.944+0300: 982.280: [ParNew
Desired survivor size 17432576 bytes, new threshold 1 (max 6)
- age   1:   34861088 bytes,   34861088 total
: 306688K->34047K(306688K), 0.0397265 secs] 4577930K->4571331K(5208832K), 0.0399096 secs] [Times: user=0.13 sys=0.00, real=0.04 secs] 
2016-06-27T18:53:05.983+0300: 982.320: Total time for which application threads were stopped: 0.0404749 seconds, Stopping threads took: 0.0001873 seconds
2016-06-27T18:53:06.306+0300: 982.642: [GC (Allocation Failure) 2016-06-27T18:53:06.306+0300: 982.642: [ParNew
Desired survivor size 17432576 bytes, new threshold 1 (max 6)
- age   1:   34857240 bytes,   34857240 total
: 306088K->34048K(306688K), 0.0383478 secs] 4843372K->4838379K(5208832K), 0.0385988 secs] [Times: user=0.13 sys=0.00, real=0.04 secs] 
2016-06-27T18:53:06.345+0300: 982.681: Total time for which application threads were stopped: 0.0406366 seconds, Stopping threads took: 0.0016396 seconds
2016-06-27T18:53:06.687+0300: 983.023: [GC (Allocation Failure) 2016-06-27T18:53:06.687+0300: 983.023: [ParNew: 306201K->306201K(306688K), 0.0000342 secs]2016-06-27T18:53:06.687+0300: 983.023: [CMS: 4804331K->3680153K(4902144K), 0.6014240 secs] 5110533K->3680153K(5208832K), [Metaspace: 9062K->9062K(1058816K)], 0.6016186 secs] [Times: user=0.61 sys=0.00, real=0.60 secs] 
2016-06-27T18:53:07.288+0300: 983.625: Total time for which application threads were stopped: 0.6028699 seconds, Stopping threads took: 0.0008172 seconds
2016-06-27T18:53:07.602+0300: 983.939: Total time for which application threads were stopped: 0.0014579 seconds, Stopping threads took: 0.0005564 seconds
2016-06-27T18:53:07.692+0300: 984.028: [GC (Allocation Failure) 2016-06-27T18:53:07.692+0300: 984.028: [ParNew
Desired survivor size 17432576 bytes, new threshold 1 (max 6)
- age   1:   34859680 bytes,   34859680 total
: 272640K->34048K(306688K), 0.0351438 secs] 3952793K->3946226K(5208832K), 0.0352811 secs] [Times: user=0.19 sys=0.00, real=0.04 secs] 
2016-06-27T18:53:07.727+0300: 984.063: Total time for which application threads were stopped: 0.0357814 seconds, Stopping threads took: 0.0002057 seconds
2016-06-27T18:53:07.839+0300: 984.176: Total time for which application threads were stopped: 0.0006975 seconds, Stopping threads took: 0.0002728 seconds
2016-06-27T18:53:07.848+0300: 984.184: Total time for which application threads were stopped: 0.0002545 seconds, Stopping threads took: 0.0000911 seconds
2016-06-27T18:53:08.057+0300: 984.393: [GC (Allocation Failure) 2016-06-27T18:53:08.057+0300: 984.393: [ParNew
Desired survivor size 17432576 bytes, new threshold 1 (max 6)
- age   1:   34857024 bytes,   34857024 total
: 306132K->34048K(306688K), 0.0392869 secs] 4218311K->4214276K(5208832K), 0.0395401 secs] [Times: user=0.13 sys=0.00, real=0.04 secs] 
2016-06-27T18:53:08.097+0300: 984.433: Total time for which application threads were stopped: 0.0405677 seconds, Stopping threads took: 0.0007108 seconds
2016-06-27T18:53:08.441+0300: 984.778: [GC (Allocation Failure) 2016-06-27T18:53:08.441+0300: 984.778: [ParNew
Desired survivor size 17432576 bytes, new threshold 1 (max 6)
- age   1:   34852808 bytes,   34852808 total
: 306573K->34048K(306688K), 0.0408149 secs] 4486802K->4481321K(5208832K), 0.0409860 secs] [Times: user=0.17 sys=0.00, real=0.04 secs] 
2016-06-27T18:53:08.482+0300: 984.819: Total time for which application threads were stopped: 0.0434480 seconds, Stopping threads took: 0.0020621 seconds
2016-06-27T18:53:08.573+0300: 984.909: [GC (CMS Initial Mark) [1 CMS-initial-mark: 4447273K(4902144K)] 4551841K(5208832K), 0.0062882 secs] [Times: user=0.00 sys=0.00, real=0.01 secs] 
2016-06-27T18:53:08.579+0300: 984.915: Total time for which application threads were stopped: 0.0080416 seconds, Stopping threads took: 0.0013890 seconds
2016-06-27T18:53:08.579+0300: 984.916: [CMS-concurrent-mark-start]
2016-06-27T18:53:08.629+0300: 984.966: [CMS-concurrent-mark: 0.050/0.050 secs] [Times: user=0.23 sys=0.00, real=0.05 secs] 
2016-06-27T18:53:08.629+0300: 984.966: [CMS-concurrent-preclean-start]
2016-06-27T18:53:08.640+0300: 984.976: [CMS-concurrent-preclean: 0.010/0.010 secs] [Times: user=0.00 sys=0.00, real=0.01 secs] 
2016-06-27T18:53:08.640+0300: 984.977: [CMS-concurrent-abortable-preclean-start]
2016-06-27T18:53:08.841+0300: 985.177: Total time for which application threads were stopped: 0.0016952 seconds, Stopping threads took: 0.0008716 seconds
2016-06-27T18:53:08.881+0300: 985.218: [GC (Allocation Failure) 2016-06-27T18:53:08.882+0300: 985.218: [ParNew
Desired survivor size 17432576 bytes, new threshold 1 (max 6)
- age   1:   34858368 bytes,   34858368 total
: 306688K->34046K(306688K), 0.0388391 secs] 4753961K->4746359K(5208832K), 0.0390393 secs] [Times: user=0.13 sys=0.00, real=0.04 secs] 
2016-06-27T18:53:08.921+0300: 985.257: Total time for which application threads were stopped: 0.0394246 seconds, Stopping threads took: 0.0001018 seconds
2016-06-27T18:53:09.153+0300: 985.490: [CMS-concurrent-abortable-preclean: 0.065/0.513 secs] [Times: user=2.02 sys=0.00, real=0.51 secs] 
2016-06-27T18:53:09.168+0300: 985.504: [GC (CMS Final Remark) [YG occupancy: 234868 K (306688 K)]2016-06-27T18:53:09.168+0300: 985.504: [Rescan (parallel) , 0.0041521 secs]2016-06-27T18:53:09.172+0300: 985.509: [weak refs processing, 0.0000329 secs]2016-06-27T18:53:09.172+0300: 985.509: [class unloading, 0.0028619 secs]2016-06-27T18:53:09.175+0300: 985.512: [scrub symbol table, 0.0016512 secs]2016-06-27T18:53:09.177+0300: 985.513: [scrub string table, 0.0003391 secs][1 CMS-remark: 4712313K(4902144K)] 4947182K(5208832K), 0.0093853 secs] [Times: user=0.01 sys=0.00, real=0.01 secs] 
2016-06-27T18:53:09.177+0300: 985.514: Total time for which application threads were stopped: 0.0113196 seconds, Stopping threads took: 0.0015981 seconds
2016-06-27T18:53:09.180+0300: 985.516: [CMS-concurrent-sweep-start]
2016-06-27T18:53:09.189+0300: 985.525: [CMS-concurrent-sweep: 0.009/0.009 secs] [Times: user=0.00 sys=0.00, real=0.01 secs] 
2016-06-27T18:53:09.189+0300: 985.525: [CMS-concurrent-reset-start]
2016-06-27T18:53:09.195+0300: 985.531: [CMS-concurrent-reset: 0.006/0.006 secs] [Times: user=0.05 sys=0.00, real=0.01 secs] 
2016-06-27T18:53:09.272+0300: 985.608: [GC (Allocation Failure) 2016-06-27T18:53:09.272+0300: 985.608: [ParNew
Desired survivor size 17432576 bytes, new threshold 1 (max 6)
- age   1:   34858024 bytes,   34858024 total
: 306665K->34048K(306688K), 0.0401260 secs] 4313834K->4309271K(5208832K), 0.0402910 secs] [Times: user=0.13 sys=0.00, real=0.04 secs] 
2016-06-27T18:53:09.312+0300: 985.649: Total time for which application threads were stopped: 0.0425529 seconds, Stopping threads took: 0.0018483 seconds
2016-06-27T18:53:09.673+0300: 986.009: [GC (Allocation Failure) 2016-06-27T18:53:09.673+0300: 986.009: [ParNew
Desired survivor size 17432576 bytes, new threshold 1 (max 6)
- age   1:   34856256 bytes,   34856256 total
: 305966K->34048K(306688K), 0.0393463 secs] 4581190K->4575317K(5208832K), 0.0395136 secs] [Times: user=0.19 sys=0.00, real=0.04 secs] 
2016-06-27T18:53:09.713+0300: 986.049: Total time for which application threads were stopped: 0.0429361 seconds, Stopping threads took: 0.0030184 seconds
2016-06-27T18:53:09.843+0300: 986.180: Total time for which application threads were stopped: 0.0041482 seconds, Stopping threads took: 0.0031971 seconds
2016-06-27T18:53:10.083+0300: 986.419: [GC (Allocation Failure) 2016-06-27T18:53:10.083+0300: 986.419: [ParNew
Desired survivor size 17432576 bytes, new threshold 1 (max 6)
- age   1:   34861544 bytes,   34861544 total
: 306688K->34048K(306688K), 0.0404245 secs] 4847957K->4841359K(5208832K), 0.0406160 secs] [Times: user=0.09 sys=0.00, real=0.04 secs] 
2016-06-27T18:53:10.124+0300: 986.460: Total time for which application threads were stopped: 0.0464095 seconds, Stopping threads took: 0.0053799 seconds
2016-06-27T18:53:10.485+0300: 986.822: [GC (Allocation Failure) 2016-06-27T18:53:10.485+0300: 986.822: [ParNew: 306330K->306330K(306688K), 0.0000351 secs]2016-06-27T18:53:10.485+0300: 986.822: [CMS: 4807311K->3848170K(4902144K), 0.7144111 secs] 5113642K->3848170K(5208832K), [Metaspace: 9062K->9062K(1058816K)], 0.7146233 secs] [Times: user=0.72 sys=0.00, real=0.72 secs] 
2016-06-27T18:53:11.200+0300: 987.536: Total time for which application threads were stopped: 0.7216227 seconds, Stopping threads took: 0.0063293 seconds
2016-06-27T18:53:11.235+0300: 987.572: Total time for which application threads were stopped: 0.0010088 seconds, Stopping threads took: 0.0004358 seconds
2016-06-27T18:53:11.570+0300: 987.906: [GC (Allocation Failure) 2016-06-27T18:53:11.570+0300: 987.906: [ParNew
Desired survivor size 17432576 bytes, new threshold 1 (max 6)
- age   1:   34865048 bytes,   34865048 total
: 272597K->34048K(306688K), 0.0365871 secs] 4120768K->4114589K(5208832K), 0.0368180 secs] [Times: user=0.13 sys=0.00, real=0.04 secs] 
2016-06-27T18:53:11.607+0300: 987.943: Total time for which application threads were stopped: 0.0388473 seconds, Stopping threads took: 0.0016251 seconds
2016-06-27T18:53:11.927+0300: 988.264: [GC (Allocation Failure) 2016-06-27T18:53:11.927+0300: 988.264: [ParNew
Desired survivor size 17432576 bytes, new threshold 1 (max 6)
- age   1:   34855464 bytes,   34855464 total
: 306171K->34046K(306688K), 0.0406644 secs] 4386712K->4381644K(5208832K), 0.0408585 secs] [Times: user=0.13 sys=0.00, real=0.04 secs] 
2016-06-27T18:53:11.968+0300: 988.305: Total time for which application threads were stopped: 0.0432530 seconds, Stopping threads took: 0.0019386 seconds
2016-06-27T18:53:12.293+0300: 988.629: [GC (Allocation Failure) 2016-06-27T18:53:12.293+0300: 988.629: [ParNew
Desired survivor size 17432576 bytes, new threshold 1 (max 6)
- age   1:   34858992 bytes,   34858992 total
: 306448K->34048K(306688K), 0.0392471 secs] 4654045K->4648738K(5208832K), 0.0395644 secs] [Times: user=0.13 sys=0.00, real=0.04 secs] 
2016-06-27T18:53:12.333+0300: 988.669: Total time for which application threads were stopped: 0.0421026 seconds, Stopping threads took: 0.0019484 seconds
2016-06-27T18:53:12.683+0300: 989.020: [GC (Allocation Failure) 2016-06-27T18:53:12.683+0300: 989.020: [ParNew: 306513K->306513K(306688K), 0.0000385 secs]2016-06-27T18:53:12.683+0300: 989.020: [CMS: 4614690K->3910172K(4902144K), 0.6534011 secs] 4921204K->3910172K(5208832K), [Metaspace: 9062K->9062K(1058816K)], 0.6535983 secs] [Times: user=0.66 sys=0.00, real=0.65 secs] 
2016-06-27T18:53:13.337+0300: 989.674: Total time for which application threads were stopped: 0.6554834 seconds, Stopping threads took: 0.0014177 seconds
2016-06-27T18:53:13.452+0300: 989.788: Total time for which application threads were stopped: 0.0009361 seconds, Stopping threads took: 0.0002617 seconds
2016-06-27T18:53:13.755+0300: 990.092: [GC (Allocation Failure) 2016-06-27T18:53:13.755+0300: 990.092: [ParNew
Desired survivor size 17432576 bytes, new threshold 1 (max 6)
- age   1:   34856272 bytes,   34856272 total
: 272640K->34048K(306688K), 0.0354333 secs] 4182812K->4176232K(5208832K), 0.0355697 secs] [Times: user=0.09 sys=0.00, real=0.04 secs] 
2016-06-27T18:53:13.791+0300: 990.127: Total time for which application threads were stopped: 0.0363634 seconds, Stopping threads took: 0.0005290 seconds
2016-06-27T18:53:14.027+0300: 990.363: Total time for which application threads were stopped: 0.0011320 seconds, Stopping threads took: 0.0005530 seconds
2016-06-27T18:53:14.150+0300: 990.486: [GC (Allocation Failure) 2016-06-27T18:53:14.150+0300: 990.486: [ParNew
Desired survivor size 17432576 bytes, new threshold 1 (max 6)
- age   1:   34850400 bytes,   34850400 total
: 306487K->34048K(306688K), 0.0367783 secs] 4448672K->4420271K(5208832K), 0.0369489 secs] [Times: user=0.13 sys=0.00, real=0.04 secs] 
2016-06-27T18:53:14.187+0300: 990.523: Total time for which application threads were stopped: 0.0376156 seconds, Stopping threads took: 0.0003113 seconds
2016-06-27T18:53:14.507+0300: 990.843: [GC (Allocation Failure) 2016-06-27T18:53:14.513+0300: 990.849: [ParNew
Desired survivor size 17432576 bytes, new threshold 1 (max 6)
- age   1:   34840640 bytes,   34840640 total
: 306347K->34035K(306688K), 0.0388622 secs] 4692570K->4677293K(5208832K), 0.0449135 secs] [Times: user=0.19 sys=0.00, real=0.05 secs] 
2016-06-27T18:53:14.552+0300: 990.888: Total time for which application threads were stopped: 0.0469868 seconds, Stopping threads took: 0.0017076 seconds
2016-06-27T18:53:14.844+0300: 991.180: Total time for which application threads were stopped: 0.0024654 seconds, Stopping threads took: 0.0018423 seconds
2016-06-27T18:53:14.925+0300: 991.261: [GC (Allocation Failure) 2016-06-27T18:53:14.925+0300: 991.261: [ParNew: 306675K->306675K(306688K), 0.0000813 secs]2016-06-27T18:53:14.925+0300: 991.261: [CMS: 4643258K->4031189K(4902144K), 0.6580844 secs] 4949933K->4031189K(5208832K), [Metaspace: 9062K->9062K(1058816K)], 0.6583427 secs] [Times: user=0.67 sys=0.00, real=0.66 secs] 
2016-06-27T18:53:15.583+0300: 991.919: Total time for which application threads were stopped: 0.6590068 seconds, Stopping threads took: 0.0002831 seconds
2016-06-27T18:53:15.843+0300: 992.179: Total time for which application threads were stopped: 0.0010708 seconds, Stopping threads took: 0.0005773 seconds
2016-06-27T18:53:15.921+0300: 992.257: [GC (Allocation Failure) 2016-06-27T18:53:15.927+0300: 992.263: [ParNew
Desired survivor size 17432576 bytes, new threshold 1 (max 6)
- age   1:   34855208 bytes,   34855208 total
: 272266K->34046K(306688K), 0.0361376 secs] 4303456K->4298248K(5208832K), 0.0422437 secs] [Times: user=0.06 sys=0.00, real=0.03 secs] 
2016-06-27T18:53:15.951+0300: 992.300: Total time for which application threads were stopped: 0.0428309 seconds, Stopping threads took: 0.0002703 seconds
2016-06-27T18:53:16.284+0300: 992.621: [GC (Allocation Failure) 2016-06-27T18:53:16.284+0300: 992.621: [ParNew
Desired survivor size 17432576 bytes, new threshold 1 (max 6)
- age   1:   34860496 bytes,   34860496 total
: 306622K->34048K(306688K), 0.0425777 secs] 4570824K->4566378K(5208832K), 0.0427175 secs] [Times: user=0.17 sys=0.00, real=0.04 secs] 
2016-06-27T18:53:16.327+0300: 992.663: Total time for which application threads were stopped: 0.0438739 seconds, Stopping threads took: 0.0007676 seconds
2016-06-27T18:53:16.652+0300: 992.989: [GC (Allocation Failure) 2016-06-27T18:53:16.652+0300: 992.989: [ParNew
Desired survivor size 17432576 bytes, new threshold 1 (max 6)
- age   1:   34854408 bytes,   34854408 total
: 305998K->34048K(306688K), 0.0396158 secs] 4838328K->4833425K(5208832K), 0.0397654 secs] [Times: user=0.19 sys=0.00, real=0.04 secs] 
2016-06-27T18:53:16.692+0300: 993.029: Total time for which application threads were stopped: 0.0407709 seconds, Stopping threads took: 0.0005936 seconds
2016-06-27T18:53:16.859+0300: 993.195: Total time for which application threads were stopped: 0.0023799 seconds, Stopping threads took: 0.0015062 seconds
2016-06-27T18:53:17.070+0300: 993.406: [GC (Allocation Failure) 2016-06-27T18:53:17.070+0300: 993.406: [ParNew: 306688K->306688K(306688K), 0.0000334 secs]2016-06-27T18:53:17.070+0300: 993.406: [CMS: 4799377K->4005191K(4902144K), 0.6960220 secs] 5106065K->4005191K(5208832K), [Metaspace: 9062K->9062K(1058816K)], 0.6962063 secs] [Times: user=0.69 sys=0.00, real=0.70 secs] 
2016-06-27T18:53:17.766+0300: 994.102: Total time for which application threads were stopped: 0.6973559 seconds, Stopping threads took: 0.0007920 seconds
2016-06-27T18:53:17.977+0300: 994.314: Total time for which application threads were stopped: 0.0015691 seconds, Stopping threads took: 0.0008023 seconds
2016-06-27T18:53:18.120+0300: 994.457: [GC (Allocation Failure) 2016-06-27T18:53:18.120+0300: 994.457: [ParNew
Desired survivor size 17432576 bytes, new threshold 1 (max 6)
- age   1:   33950448 bytes,   33950448 total
: 272217K->33181K(306688K), 0.0356441 secs] 4277409K->4273384K(5208832K), 0.0358015 secs] [Times: user=0.13 sys=0.00, real=0.04 secs] 
2016-06-27T18:53:18.156+0300: 994.492: Total time for which application threads were stopped: 0.0365379 seconds, Stopping threads took: 0.0003828 seconds
2016-06-27T18:53:18.478+0300: 994.815: [GC (Allocation Failure) 2016-06-27T18:53:18.478+0300: 994.815: [ParNew
Desired survivor size 17432576 bytes, new threshold 1 (max 6)
- age   1:   33834568 bytes,   33834568 total
: 305500K->33125K(306688K), 0.0391017 secs] 4545704K->4534432K(5208832K), 0.0392715 secs] [Times: user=0.13 sys=0.00, real=0.04 secs] 
2016-06-27T18:53:18.518+0300: 994.854: Total time for which application threads were stopped: 0.0406443 seconds, Stopping threads took: 0.0009849 seconds
2016-06-27T18:53:18.844+0300: 995.181: Total time for which application threads were stopped: 0.0018389 seconds, Stopping threads took: 0.0011752 seconds
2016-06-27T18:53:18.900+0300: 995.237: [GC (Allocation Failure) 2016-06-27T18:53:18.901+0300: 995.237: [ParNew
Desired survivor size 17432576 bytes, new threshold 1 (max 6)
- age   1:   34861744 bytes,   34861744 total
: 305765K->34048K(306688K), 0.0394541 secs] 4807072K->4801716K(5208832K), 0.0397163 secs] [Times: user=0.13 sys=0.00, real=0.04 secs] 
2016-06-27T18:53:18.940+0300: 995.277: Total time for which application threads were stopped: 0.0401888 seconds, Stopping threads took: 0.0000988 seconds
2016-06-27T18:53:19.247+0300: 995.584: [GC (Allocation Failure) 2016-06-27T18:53:19.247+0300: 995.584: [ParNew: 306063K->306063K(306688K), 0.0000329 secs]2016-06-27T18:53:19.247+0300: 995.584: [CMS: 4767668K->3978457K(4902144K), 0.6266240 secs] 5073731K->3978457K(5208832K), [Metaspace: 9062K->9062K(1058816K)], 0.6267955 secs] [Times: user=0.63 sys=0.00, real=0.63 secs] 
2016-06-27T18:53:19.874+0300: 996.211: Total time for which application threads were stopped: 0.6294700 seconds, Stopping threads took: 0.0022721 seconds
2016-06-27T18:53:20.200+0300: 996.536: [GC (Allocation Failure) 2016-06-27T18:53:20.200+0300: 996.536: [ParNew
Desired survivor size 17432576 bytes, new threshold 1 (max 6)
- age   1:   34852672 bytes,   34852672 total
: 272273K->34048K(306688K), 0.0360979 secs] 4250730K->4245528K(5208832K), 0.0417155 secs] [Times: user=0.13 sys=0.00, real=0.04 secs] 
2016-06-27T18:53:20.241+0300: 996.578: Total time for which application threads were stopped: 0.0426123 seconds, Stopping threads took: 0.0005483 seconds
2016-06-27T18:53:20.565+0300: 996.901: [GC (Allocation Failure) 2016-06-27T18:53:20.565+0300: 996.901: [ParNew
Desired survivor size 17432576 bytes, new threshold 1 (max 6)
- age   1:   34857872 bytes,   34857872 total
: 306515K->34047K(306688K), 0.0382263 secs] 4517995K->4512569K(5208832K), 0.0383854 secs] [Times: user=0.19 sys=0.00, real=0.04 secs] 
2016-06-27T18:53:20.603+0300: 996.940: Total time for which application threads were stopped: 0.0394964 seconds, Stopping threads took: 0.0006885 seconds
2016-06-27T18:53:20.652+0300: 996.988: [GC (CMS Initial Mark) [1 CMS-initial-mark: 4478522K(4902144K)] 4553582K(5208832K), 0.0004272 secs] [Times: user=0.00 sys=0.00, real=0.00 secs] 
2016-06-27T18:53:20.652+0300: 996.988: Total time for which application threads were stopped: 0.0008677 seconds, Stopping threads took: 0.0001428 seconds
2016-06-27T18:53:20.652+0300: 996.988: [CMS-concurrent-mark-start]
2016-06-27T18:53:20.703+0300: 997.039: [CMS-concurrent-mark: 0.051/0.051 secs] [Times: user=0.19 sys=0.00, real=0.05 secs] 
2016-06-27T18:53:20.703+0300: 997.039: [CMS-concurrent-preclean-start]
2016-06-27T18:53:20.713+0300: 997.049: [CMS-concurrent-preclean: 0.010/0.010 secs] [Times: user=0.06 sys=0.00, real=0.01 secs] 
2016-06-27T18:53:20.713+0300: 997.049: [CMS-concurrent-abortable-preclean-start]
2016-06-27T18:53:20.944+0300: 997.280: [GC (Allocation Failure) 2016-06-27T18:53:20.944+0300: 997.280: [ParNew
Desired survivor size 17432576 bytes, new threshold 1 (max 6)
- age   1:   34850936 bytes,   34850936 total
: 305772K->34040K(306688K), 0.0383405 secs] 4784294K->4778606K(5208832K), 0.0384868 secs] [Times: user=0.13 sys=0.00, real=0.04 secs] 
2016-06-27T18:53:20.983+0300: 997.319: Total time for which application threads were stopped: 0.0393763 seconds, Stopping threads took: 0.0004555 seconds
2016-06-27T18:53:21.213+0300: 997.549: [CMS-concurrent-abortable-preclean: 0.061/0.500 secs] [Times: user=2.00 sys=0.00, real=0.50 secs] 
2016-06-27T18:53:21.236+0300: 997.572: [GC (CMS Final Remark) [YG occupancy: 241901 K (306688 K)]2016-06-27T18:53:21.236+0300: 997.572: [Rescan (parallel) , 0.0041863 secs]2016-06-27T18:53:21.240+0300: 997.576: [weak refs processing, 0.0000278 secs]2016-06-27T18:53:21.240+0300: 997.577: [class unloading, 0.0017551 secs]2016-06-27T18:53:21.242+0300: 997.578: [scrub symbol table, 0.0007540 secs]2016-06-27T18:53:21.243+0300: 997.579: [scrub string table, 0.0001783 secs][1 CMS-remark: 4744566K(4902144K)] 4986467K(5208832K), 0.0071756 secs] [Times: user=0.06 sys=0.00, real=0.01 secs] 
2016-06-27T18:53:21.243+0300: 997.579: Total time for which application threads were stopped: 0.0085073 seconds, Stopping threads took: 0.0008485 seconds
2016-06-27T18:53:21.361+0300: 997.697: [CMS-concurrent-sweep-start]
2016-06-27T18:53:21.361+0300: 997.698: [GC (Allocation Failure) 2016-06-27T18:53:21.361+0300: 997.698: [ParNew: 306680K->306680K(306688K), 0.0000338 secs]2016-06-27T18:53:21.361+0300: 997.698: [CMS2016-06-27T18:53:21.369+0300: 997.706: [CMS-concurrent-sweep: 0.007/0.009 secs] [Times: user=0.02 sys=0.00, real=0.01 secs] 
 (concurrent mode failure): 4744566K->3890447K(4902144K), 0.6152732 secs] 5051246K->3890447K(5208832K), [Metaspace: 9062K->9062K(1058816K)], 0.6155901 secs] [Times: user=0.63 sys=0.00, real=0.62 secs] 
2016-06-27T18:53:21.977+0300: 998.313: Total time for which application threads were stopped: 0.6161430 seconds, Stopping threads took: 0.0001591 seconds
2016-06-27T18:53:22.298+0300: 998.635: [GC (Allocation Failure) 2016-06-27T18:53:22.298+0300: 998.635: [ParNew
Desired survivor size 17432576 bytes, new threshold 1 (max 6)
- age   1:   34844112 bytes,   34844112 total
: 271938K->34044K(306688K), 0.0353247 secs] 4162386K->4157503K(5208832K), 0.0354530 secs] [Times: user=0.19 sys=0.00, real=0.04 secs] 
2016-06-27T18:53:22.334+0300: 998.670: Total time for which application threads were stopped: 0.0363091 seconds, Stopping threads took: 0.0005684 seconds
2016-06-27T18:53:22.674+0300: 999.011: [GC (Allocation Failure) 2016-06-27T18:53:22.674+0300: 999.011: [ParNew
Desired survivor size 17432576 bytes, new threshold 1 (max 6)
- age   1:   34849920 bytes,   34849920 total
: 306199K->34048K(306688K), 0.0385945 secs] 4429658K->4424537K(5208832K), 0.0387617 secs] [Times: user=0.19 sys=0.00, real=0.04 secs] 
2016-06-27T18:53:22.713+0300: 999.050: Total time for which application threads were stopped: 0.0401691 seconds, Stopping threads took: 0.0009588 seconds
2016-06-27T18:53:22.714+0300: 999.050: [GC (CMS Initial Mark) [1 CMS-initial-mark: 4390489K(4902144K)] 4425537K(5208832K), 0.0004217 secs] [Times: user=0.00 sys=0.00, real=0.00 secs] 
2016-06-27T18:53:22.714+0300: 999.050: Total time for which application threads were stopped: 0.0008917 seconds, Stopping threads took: 0.0000821 seconds
2016-06-27T18:53:22.714+0300: 999.050: [CMS-concurrent-mark-start]
2016-06-27T18:53:22.765+0300: 999.101: [CMS-concurrent-mark: 0.051/0.051 secs] [Times: user=0.19 sys=0.00, real=0.05 secs] 
2016-06-27T18:53:22.765+0300: 999.101: [CMS-concurrent-preclean-start]
2016-06-27T18:53:22.775+0300: 999.112: [CMS-concurrent-preclean: 0.010/0.010 secs] [Times: user=0.06 sys=0.00, real=0.01 secs] 
2016-06-27T18:53:22.775+0300: 999.112: [CMS-concurrent-abortable-preclean-start]
2016-06-27T18:53:23.068+0300: 999.404: [GC (Allocation Failure) 2016-06-27T18:53:23.068+0300: 999.405: [ParNew
Desired survivor size 17432576 bytes, new threshold 1 (max 6)
- age   1:   34850392 bytes,   34850392 total
: 306182K->34048K(306688K), 0.0395632 secs] 4696672K->4691574K(5208832K), 0.0397334 secs] [Times: user=0.13 sys=0.00, real=0.05 secs] 
2016-06-27T18:53:23.114+0300: 999.450: Total time for which application threads were stopped: 0.0473024 seconds, Stopping threads took: 0.0009417 seconds
2016-06-27T18:53:23.456+0300: 999.792: [CMS-concurrent-abortable-preclean: 0.085/0.681 secs] [Times: user=2.58 sys=0.00, real=0.68 secs] 
2016-06-27T18:53:23.465+0300: 999.801: [GC (CMS Final Remark) [YG occupancy: 305395 K (306688 K)]2016-06-27T18:53:23.465+0300: 999.801: [Rescan (parallel) , 0.0041833 secs]2016-06-27T18:53:23.470+0300: 999.806: [weak refs processing, 0.0000274 secs]2016-06-27T18:53:23.470+0300: 999.806: [class unloading, 0.0022315 secs]2016-06-27T18:53:23.472+0300: 999.808: [scrub symbol table, 0.0007830 secs]2016-06-27T18:53:23.472+0300: 999.809: [scrub string table, 0.0002754 secs][1 CMS-remark: 4657526K(4902144K)] 4962922K(5208832K), 0.0078321 secs] [Times: user=0.00 sys=0.00, real=0.01 secs] 
2016-06-27T18:53:23.473+0300: 999.809: Total time for which application threads were stopped: 0.0097565 seconds, Stopping threads took: 0.0015079 seconds
2016-06-27T18:53:23.474+0300: 999.811: [CMS-concurrent-sweep-start]
2016-06-27T18:53:23.482+0300: 999.818: [CMS-concurrent-sweep: 0.008/0.008 secs] [Times: user=0.00 sys=0.00, real=0.01 secs] 
2016-06-27T18:53:23.482+0300: 999.818: [CMS-concurrent-reset-start]
2016-06-27T18:53:23.484+0300: 999.821: [GC (Allocation Failure) 2016-06-27T18:53:23.484+0300: 999.821: [ParNew
Desired survivor size 17432576 bytes, new threshold 1 (max 6)
- age   1:   34851448 bytes,   34851448 total
: 306688K->34048K(306688K), 0.0387900 secs] 4469148K->4463548K(5208832K), 0.0389473 secs] [Times: user=0.19 sys=0.00, real=0.04 secs] 
2016-06-27T18:53:23.523+0300: 999.860: Total time for which application threads were stopped: 0.0394964 seconds, Stopping threads took: 0.0000847 seconds
2016-06-27T18:53:23.527+0300: 999.864: [CMS-concurrent-reset: 0.006/0.045 secs] [Times: user=0.19 sys=0.00, real=0.04 secs] 
2016-06-27T18:53:23.843+0300: 1000.179: [GC (Allocation Failure) 2016-06-27T18:53:23.843+0300: 1000.179: [ParNew
Desired survivor size 17432576 bytes, new threshold 1 (max 6)
- age   1:   34843656 bytes,   34843656 total
: 306319K->34034K(306688K), 0.0382289 secs] 4735819K->4730572K(5208832K), 0.0383820 secs] [Times: user=0.19 sys=0.00, real=0.04 secs] 
2016-06-27T18:53:23.881+0300: 1000.218: Total time for which application threads were stopped: 0.0398484 seconds, Stopping threads took: 0.0009943 seconds
2016-06-27T18:53:23.882+0300: 1000.218: [GC (CMS Initial Mark) [1 CMS-initial-mark: 4696538K(4902144K)] 4731572K(5208832K), 0.0004332 secs] [Times: user=0.00 sys=0.00, real=0.00 secs] 
2016-06-27T18:53:23.882+0300: 1000.219: Total time for which application threads were stopped: 0.0009344 seconds, Stopping threads took: 0.0000791 seconds
2016-06-27T18:53:23.882+0300: 1000.219: [CMS-concurrent-mark-start]
2016-06-27T18:53:23.935+0300: 1000.271: [CMS-concurrent-mark: 0.052/0.052 secs] [Times: user=0.19 sys=0.00, real=0.05 secs] 
2016-06-27T18:53:23.935+0300: 1000.271: [CMS-concurrent-preclean-start]
2016-06-27T18:53:23.945+0300: 1000.281: [CMS-concurrent-preclean: 0.010/0.010 secs] [Times: user=0.06 sys=0.00, real=0.01 secs] 
2016-06-27T18:53:23.945+0300: 1000.281: [CMS-concurrent-abortable-preclean-start]
2016-06-27T18:53:24.166+0300: 1000.502: [CMS-concurrent-abortable-preclean: 0.021/0.221 secs] [Times: user=0.88 sys=0.00, real=0.22 secs] 
2016-06-27T18:53:24.275+0300: 1000.612: [GC (Allocation Failure) 2016-06-27T18:53:24.275+0300: 1000.612: [ParNew: 306674K->306674K(306688K), 0.0000231 secs]2016-06-27T18:53:24.275+0300: 1000.612: [CMS (concurrent mode failure): 4696538K->3767427K(4902144K), 0.6660751 secs] 5003212K->3767427K(5208832K), [Metaspace: 9062K->9062K(1058816K)], 0.6662269 secs] [Times: user=0.66 sys=0.00, real=0.67 secs] 
2016-06-27T18:53:24.942+0300: 1001.278: Total time for which application threads were stopped: 0.6692376 seconds, Stopping threads took: 0.0025822 seconds
2016-06-27T18:53:25.269+0300: 1001.605: [GC (Allocation Failure) 2016-06-27T18:53:25.269+0300: 1001.605: [ParNew
Desired survivor size 17432576 bytes, new threshold 1 (max 6)
- age   1:   34864960 bytes,   34864960 total
: 272105K->34048K(306688K), 0.0347743 secs] 4039532K->4034610K(5208832K), 0.0349111 secs] [Times: user=0.19 sys=0.00, real=0.03 secs] 
2016-06-27T18:53:25.304+0300: 1001.640: Total time for which application threads were stopped: 0.0371024 seconds, Stopping threads took: 0.0017910 seconds
2016-06-27T18:53:25.640+0300: 1001.977: [GC (Allocation Failure) 2016-06-27T18:53:25.640+0300: 1001.977: [ParNew
Desired survivor size 17432576 bytes, new threshold 1 (max 6)
- age   1:   34854752 bytes,   34854752 total
: 306392K->34048K(306688K), 0.0387352 secs] 4306955K->4301670K(5208832K), 0.0388982 secs] [Times: user=0.19 sys=0.00, real=0.04 secs] 
2016-06-27T18:53:25.679+0300: 1002.016: Total time for which application threads were stopped: 0.0419230 seconds, Stopping threads took: 0.0025522 seconds
2016-06-27T18:53:26.056+0300: 1002.392: [GC (Allocation Failure) 2016-06-27T18:53:26.056+0300: 1002.392: [ParNew
Desired survivor size 17432576 bytes, new threshold 1 (max 6)
- age   1:   34848208 bytes,   34848208 total
: 306688K->34048K(306688K), 0.0385830 secs] 4574310K->4568711K(5208832K), 0.0387528 secs] [Times: user=0.13 sys=0.00, real=0.04 secs] 
2016-06-27T18:53:26.095+0300: 1002.431: Total time for which application threads were stopped: 0.0408962 seconds, Stopping threads took: 0.0017004 seconds
2016-06-27T18:53:26.419+0300: 1002.755: [GC (Allocation Failure) 2016-06-27T18:53:26.419+0300: 1002.755: [ParNew
Desired survivor size 17432576 bytes, new threshold 1 (max 6)
- age   1:   34851672 bytes,   34851672 total
: 306548K->34048K(306688K), 0.0396944 secs] 4841212K->4835746K(5208832K), 0.0399031 secs] [Times: user=0.19 sys=0.00, real=0.04 secs] 
2016-06-27T18:53:26.459+0300: 1002.795: Total time for which application threads were stopped: 0.0430408 seconds, Stopping threads took: 0.0026822 seconds
2016-06-27T18:53:26.531+0300: 1002.867: Total time for which application threads were stopped: 0.0006761 seconds, Stopping threads took: 0.0003267 seconds
2016-06-27T18:53:26.818+0300: 1003.154: [GC (Allocation Failure) 2016-06-27T18:53:26.818+0300: 1003.154: [ParNew: 306688K->306688K(306688K), 0.0000338 secs]2016-06-27T18:53:26.818+0300: 1003.154: [CMS: 4801698K->3646148K(4902144K), 0.5717858 secs] 5108386K->3646148K(5208832K), [Metaspace: 9062K->9062K(1058816K)], 0.5719676 secs] [Times: user=0.56 sys=0.00, real=0.57 secs] 
2016-06-27T18:53:27.390+0300: 1003.726: Total time for which application threads were stopped: 0.5732022 seconds, Stopping threads took: 0.0008669 seconds
2016-06-27T18:53:27.504+0300: 1003.841: Total time for which application threads were stopped: 0.0013877 seconds, Stopping threads took: 0.0002921 seconds
2016-06-27T18:53:27.745+0300: 1004.081: [GC (Allocation Failure) 2016-06-27T18:53:27.751+0300: 1004.087: [ParNew
Desired survivor size 17432576 bytes, new threshold 1 (max 6)
- age   1:   34853488 bytes,   34853488 total
: 271688K->34048K(306688K), 0.0372684 secs] 3917837K->3912232K(5208832K), 0.0432855 secs] [Times: user=0.13 sys=0.00, real=0.03 secs] 
2016-06-27T18:53:27.774+0300: 1004.124: Total time for which application threads were stopped: 0.0441104 seconds, Stopping threads took: 0.0004525 seconds
2016-06-27T18:53:28.041+0300: 1004.378: Total time for which application threads were stopped: 0.0018949 seconds, Stopping threads took: 0.0004405 seconds
2016-06-27T18:53:28.143+0300: 1004.480: [GC (Allocation Failure) 2016-06-27T18:53:28.144+0300: 1004.480: [ParNew
Desired survivor size 17432576 bytes, new threshold 1 (max 6)
- age   1:   33859264 bytes,   33859264 total
: 306199K->33089K(306688K), 0.0386848 secs] 4184384K->4179310K(5208832K), 0.0388169 secs] [Times: user=0.19 sys=0.00, real=0.04 secs] 
2016-06-27T18:53:28.182+0300: 1004.519: Total time for which application threads were stopped: 0.0394905 seconds, Stopping threads took: 0.0003468 seconds
2016-06-27T18:53:28.501+0300: 1004.838: [GC (Allocation Failure) 2016-06-27T18:53:28.502+0300: 1004.838: [ParNew
Desired survivor size 17432576 bytes, new threshold 1 (max 6)
- age   1:   33829024 bytes,   33829024 total
: 305714K->33072K(306688K), 0.0385672 secs] 4451935K->4445345K(5208832K), 0.0387275 secs] [Times: user=0.19 sys=0.00, real=0.04 secs] 
2016-06-27T18:53:28.540+0300: 1004.876: Total time for which application threads were stopped: 0.0397518 seconds, Stopping threads took: 0.0006539 seconds
2016-06-27T18:53:28.848+0300: 1005.184: Total time for which application threads were stopped: 0.0020450 seconds, Stopping threads took: 0.0006218 seconds
2016-06-27T18:53:28.897+0300: 1005.233: [GC (Allocation Failure) 2016-06-27T18:53:28.897+0300: 1005.233: [ParNew
Desired survivor size 17432576 bytes, new threshold 1 (max 6)
- age   1:   34858504 bytes,   34858504 total
: 305712K->34048K(306688K), 0.0398206 secs] 4717985K->4710367K(5208832K), 0.0399947 secs] [Times: user=0.11 sys=0.00, real=0.04 secs] 
2016-06-27T18:53:28.937+0300: 1005.274: Total time for which application threads were stopped: 0.0404980 seconds, Stopping threads took: 0.0001103 seconds
2016-06-27T18:53:29.263+0300: 1005.599: [GC (Allocation Failure) 2016-06-27T18:53:29.263+0300: 1005.599: [ParNew: 305836K->305836K(306688K), 0.0000346 secs]2016-06-27T18:53:29.263+0300: 1005.599: [CMS: 4676319K->3747159K(4902144K), 0.5785193 secs] 4982156K->3747159K(5208832K), [Metaspace: 9062K->9062K(1058816K)], 0.5787023 secs] [Times: user=0.58 sys=0.00, real=0.58 secs] 
2016-06-27T18:53:29.841+0300: 1006.178: Total time for which application threads were stopped: 0.5806430 seconds, Stopping threads took: 0.0015699 seconds
2016-06-27T18:53:29.848+0300: 1006.184: Total time for which application threads were stopped: 0.0011435 seconds, Stopping threads took: 0.0000671 seconds
2016-06-27T18:53:30.196+0300: 1006.532: [GC (Allocation Failure) 2016-06-27T18:53:30.196+0300: 1006.532: [ParNew
Desired survivor size 17432576 bytes, new threshold 1 (max 6)
- age   1:   34858384 bytes,   34858384 total
: 272576K->34047K(306688K), 0.0363233 secs] 4019736K->4013230K(5208832K), 0.0364999 secs] [Times: user=0.13 sys=0.00, real=0.04 secs] 
2016-06-27T18:53:30.232+0300: 1006.569: Total time for which application threads were stopped: 0.0380629 seconds, Stopping threads took: 0.0011632 seconds
2016-06-27T18:53:30.545+0300: 1006.881: [GC (Allocation Failure) 2016-06-27T18:53:30.545+0300: 1006.881: [ParNew
Desired survivor size 17432576 bytes, new threshold 1 (max 6)
- age   1:   34854840 bytes,   34854840 total
: 306233K->34048K(306688K), 0.0390470 secs] 4285415K->4280279K(5208832K), 0.0392014 secs] [Times: user=0.19 sys=0.00, real=0.04 secs] 
2016-06-27T18:53:30.584+0300: 1006.920: Total time for which application threads were stopped: 0.0413687 seconds, Stopping threads took: 0.0017474 seconds
2016-06-27T18:53:30.851+0300: 1007.187: Total time for which application threads were stopped: 0.0043869 seconds, Stopping threads took: 0.0029760 seconds
2016-06-27T18:53:30.946+0300: 1007.283: [GC (Allocation Failure) 2016-06-27T18:53:30.952+0300: 1007.289: [ParNew
Desired survivor size 17432576 bytes, new threshold 1 (max 6)
- age   1:   34857568 bytes,   34857568 total
: 306688K->34048K(306688K), 0.0387690 secs] 4552919K->4546321K(5208832K), 0.0448130 secs] [Times: user=0.19 sys=0.00, real=0.04 secs] 
2016-06-27T18:53:30.991+0300: 1007.328: Total time for which application threads were stopped: 0.0454344 seconds, Stopping threads took: 0.0002215 seconds
2016-06-27T18:53:31.314+0300: 1007.650: [GC (Allocation Failure) 2016-06-27T18:53:31.314+0300: 1007.650: [ParNew
Desired survivor size 17432576 bytes, new threshold 1 (max 6)
- age   1:   34846448 bytes,   34846448 total
: 306445K->34039K(306688K), 0.0396342 secs] 4818718K->4813356K(5208832K), 0.0398416 secs] [Times: user=0.19 sys=0.00, real=0.04 secs] 
2016-06-27T18:53:31.354+0300: 1007.690: Total time for which application threads were stopped: 0.0433778 seconds, Stopping threads took: 0.0031026 seconds
2016-06-27T18:53:31.669+0300: 1008.006: [GC (Allocation Failure) 2016-06-27T18:53:31.669+0300: 1008.006: [ParNew: 306103K->306103K(306688K), 0.0000316 secs]2016-06-27T18:53:31.669+0300: 1008.006: [CMS: 4779317K->3790161K(4902144K), 0.6556737 secs] 5085420K->3790161K(5208832K), [Metaspace: 9062K->9062K(1058816K)], 0.6558601 secs] [Times: user=0.66 sys=0.00, real=0.65 secs] 
2016-06-27T18:53:32.322+0300: 1008.662: Total time for which application threads were stopped: 0.6582045 seconds, Stopping threads took: 0.0019326 seconds
2016-06-27T18:53:32.650+0300: 1008.987: Total time for which application threads were stopped: 0.0021494 seconds, Stopping threads took: 0.0005072 seconds
2016-06-27T18:53:32.709+0300: 1009.045: [GC (Allocation Failure) 2016-06-27T18:53:32.709+0300: 1009.046: [ParNew
Desired survivor size 17432576 bytes, new threshold 1 (max 6)
- age   1:   34860144 bytes,   34860144 total
: 272640K->34047K(306688K), 0.0362228 secs] 4062801K->4056223K(5208832K), 0.0363938 secs] [Times: user=0.13 sys=0.00, real=0.04 secs] 
2016-06-27T18:53:32.745+0300: 1009.082: Total time for which application threads were stopped: 0.0368809 seconds, Stopping threads took: 0.0000937 seconds
2016-06-27T18:53:32.850+0300: 1009.186: Total time for which application threads were stopped: 0.0017966 seconds, Stopping threads took: 0.0004268 seconds
2016-06-27T18:53:33.072+0300: 1009.408: [GC (Allocation Failure) 2016-06-27T18:53:33.072+0300: 1009.408: [ParNew
Desired survivor size 17432576 bytes, new threshold 1 (max 6)
- age   1:   34845016 bytes,   34845016 total
: 306662K->34040K(306688K), 0.0387365 secs] 4328838K->4323259K(5208832K), 0.0388738 secs] [Times: user=0.13 sys=0.00, real=0.04 secs] 
2016-06-27T18:53:33.111+0300: 1009.447: Total time for which application threads were stopped: 0.0397971 seconds, Stopping threads took: 0.0005748 seconds
2016-06-27T18:53:33.428+0300: 1009.764: [GC (Allocation Failure) 2016-06-27T18:53:33.428+0300: 1009.764: [ParNew
Desired survivor size 17432576 bytes, new threshold 1 (max 6)
- age   1:   34847176 bytes,   34847176 total
: 306386K->34046K(306688K), 0.0366085 secs] 4595606K->4580296K(5208832K), 0.0367535 secs] [Times: user=0.13 sys=0.00, real=0.04 secs] 
2016-06-27T18:53:33.464+0300: 1009.801: Total time for which application threads were stopped: 0.0378085 seconds, Stopping threads took: 0.0006586 seconds
2016-06-27T18:53:33.784+0300: 1010.121: [GC (Allocation Failure) 2016-06-27T18:53:33.785+0300: 1010.121: [ParNew
Desired survivor size 17432576 bytes, new threshold 1 (max 6)
- age   1:   34845560 bytes,   34845560 total
: 306242K->34045K(306688K), 0.0402773 secs] 4852491K->4847329K(5208832K), 0.0404198 secs] [Times: user=0.19 sys=0.00, real=0.04 secs] 
2016-06-27T18:53:33.825+0300: 1010.161: Total time for which application threads were stopped: 0.0417553 seconds, Stopping threads took: 0.0009323 seconds
2016-06-27T18:53:33.849+0300: 1010.185: Total time for which application threads were stopped: 0.0010473 seconds, Stopping threads took: 0.0000659 seconds
2016-06-27T18:53:34.194+0300: 1010.531: [GC (Allocation Failure) 2016-06-27T18:53:34.194+0300: 1010.531: [ParNew: 306685K->306685K(306688K), 0.0000321 secs]2016-06-27T18:53:34.194+0300: 1010.531: [CMS: 4813283K->3772162K(4902144K), 0.5903785 secs] 5119969K->3772162K(5208832K), [Metaspace: 9062K->9062K(1058816K)], 0.5950639 secs] [Times: user=0.58 sys=0.00, real=0.60 secs] 
2016-06-27T18:53:34.790+0300: 1011.126: Total time for which application threads were stopped: 0.5959073 seconds, Stopping threads took: 0.0004871 seconds
2016-06-27T18:53:34.849+0300: 1011.186: Total time for which application threads were stopped: 0.0012180 seconds, Stopping threads took: 0.0001916 seconds
2016-06-27T18:53:35.123+0300: 1011.459: [GC (Allocation Failure) 2016-06-27T18:53:35.123+0300: 1011.460: [ParNew
Desired survivor size 17432576 bytes, new threshold 1 (max 6)
- age   1:   34849792 bytes,   34849792 total
: 272640K->34043K(306688K), 0.0358840 secs] 4044802K->4038217K(5208832K), 0.0360059 secs] [Times: user=0.13 sys=0.00, real=0.04 secs] 
2016-06-27T18:53:35.159+0300: 1011.496: Total time for which application threads were stopped: 0.0368937 seconds, Stopping threads took: 0.0005607 seconds
2016-06-27T18:53:35.475+0300: 1011.812: [GC (Allocation Failure) 2016-06-27T18:53:35.476+0300: 1011.812: [ParNew
Desired survivor size 17432576 bytes, new threshold 1 (max 6)
- age   1:   34850712 bytes,   34850712 total
: 306484K->34047K(306688K), 0.0382729 secs] 4310658K->4305257K(5208832K), 0.0383965 secs] [Times: user=0.13 sys=0.00, real=0.04 secs] 
2016-06-27T18:53:35.514+0300: 1011.850: Total time for which application threads were stopped: 0.0391231 seconds, Stopping threads took: 0.0004418 seconds
2016-06-27T18:53:35.836+0300: 1012.172: [GC (Allocation Failure) 2016-06-27T18:53:35.836+0300: 1012.172: [ParNew
Desired survivor size 17432576 bytes, new threshold 1 (max 6)
- age   1:   34849232 bytes,   34849232 total
: 306637K->34041K(306688K), 0.0393061 secs] 4577846K->4573288K(5208832K), 0.0394652 secs] [Times: user=0.13 sys=0.00, real=0.04 secs] 
2016-06-27T18:53:35.875+0300: 1012.212: Total time for which application threads were stopped: 0.0405596 seconds, Stopping threads took: 0.0006783 seconds
2016-06-27T18:53:35.876+0300: 1012.212: [GC (CMS Initial Mark) [1 CMS-initial-mark: 4539247K(4902144K)] 4574288K(5208832K), 0.0003537 secs] [Times: user=0.00 sys=0.00, real=0.00 secs] 
2016-06-27T18:53:35.876+0300: 1012.213: Total time for which application threads were stopped: 0.0006988 seconds, Stopping threads took: 0.0001043 seconds
2016-06-27T18:53:35.876+0300: 1012.213: [CMS-concurrent-mark-start]
2016-06-27T18:53:35.927+0300: 1012.263: [CMS-concurrent-mark: 0.051/0.051 secs] [Times: user=0.23 sys=0.02, real=0.05 secs] 
2016-06-27T18:53:35.927+0300: 1012.263: [CMS-concurrent-preclean-start]
2016-06-27T18:53:35.937+0300: 1012.273: [CMS-concurrent-preclean: 0.010/0.010 secs] [Times: user=0.00 sys=0.00, real=0.01 secs] 
2016-06-27T18:53:35.937+0300: 1012.273: [CMS-concurrent-abortable-preclean-start]
2016-06-27T18:53:36.180+0300: 1012.516: Total time for which application threads were stopped: 0.0017991 seconds, Stopping threads took: 0.0006278 seconds
2016-06-27T18:53:36.189+0300: 1012.525: Total time for which application threads were stopped: 0.0003639 seconds, Stopping threads took: 0.0000791 seconds
2016-06-27T18:53:36.281+0300: 1012.618: [GC (Allocation Failure) 2016-06-27T18:53:36.281+0300: 1012.618: [ParNew2016-06-27T18:53:36.313+0300: 1012.649: [CMS-concurrent-abortable-preclean: 0.043/0.376 secs] [Times: user=1.50 sys=0.00, real=0.38 secs] 

Desired survivor size 17432576 bytes, new threshold 1 (max 6)
- age   1:   34850208 bytes,   34850208 total
: 306681K->34048K(306688K), 0.0379817 secs] 4845928K->4838330K(5208832K), 0.0381164 secs] [Times: user=0.19 sys=0.00, real=0.04 secs] 
2016-06-27T18:53:36.320+0300: 1012.656: Total time for which application threads were stopped: 0.0385864 seconds, Stopping threads took: 0.0001591 seconds
2016-06-27T18:53:36.626+0300: 1012.963: [GC (Allocation Failure) 2016-06-27T18:53:36.626+0300: 1012.963: [ParNew: 305846K->305846K(306688K), 0.0000227 secs]2016-06-27T18:53:36.626+0300: 1012.963: [CMS (concurrent mode failure): 4804282K->3815166K(4902144K), 0.5907267 secs] 5110129K->3815166K(5208832K), [Metaspace: 9062K->9062K(1058816K)], 0.5908695 secs] [Times: user=0.59 sys=0.00, real=0.59 secs] 
2016-06-27T18:53:37.217+0300: 1013.554: Total time for which application threads were stopped: 0.5916547 seconds, Stopping threads took: 0.0005132 seconds
2016-06-27T18:53:37.220+0300: 1013.556: Total time for which application threads were stopped: 0.0012727 seconds, Stopping threads took: 0.0000590 seconds
2016-06-27T18:53:37.562+0300: 1013.899: [GC (Allocation Failure) 2016-06-27T18:53:37.562+0300: 1013.899: [ParNew
Desired survivor size 17432576 bytes, new threshold 1 (max 6)
- age   1:   34849432 bytes,   34849432 total
: 272540K->34048K(306688K), 0.0346781 secs] 4087707K->4081226K(5208832K), 0.0348517 secs] [Times: user=0.13 sys=0.00, real=0.03 secs] 
2016-06-27T18:53:37.597+0300: 1013.934: Total time for which application threads were stopped: 0.0359709 seconds, Stopping threads took: 0.0007086 seconds
2016-06-27T18:53:37.872+0300: 1014.209: Total time for which application threads were stopped: 0.0025232 seconds, Stopping threads took: 0.0010448 seconds
2016-06-27T18:53:37.949+0300: 1014.285: [GC (Allocation Failure) 2016-06-27T18:53:37.949+0300: 1014.285: [ParNew
Desired survivor size 17432576 bytes, new threshold 1 (max 6)
- age   1:   34853600 bytes,   34853600 total
: 306688K->34048K(306688K), 0.0385128 secs] 4353866K->4347263K(5208832K), 0.0387151 secs] [Times: user=0.13 sys=0.00, real=0.04 secs] 
2016-06-27T18:53:37.988+0300: 1014.324: Total time for which application threads were stopped: 0.0393686 seconds, Stopping threads took: 0.0002942 seconds
2016-06-27T18:53:38.301+0300: 1014.638: [GC (Allocation Failure) 2016-06-27T18:53:38.301+0300: 1014.638: [ParNew
Desired survivor size 17432576 bytes, new threshold 1 (max 6)
- age   1:   34848544 bytes,   34848544 total
: 306147K->34044K(306688K), 0.0389803 secs] 4619362K->4614299K(5208832K), 0.0391920 secs] [Times: user=0.19 sys=0.00, real=0.04 secs] 
2016-06-27T18:53:38.340+0300: 1014.677: Total time for which application threads were stopped: 0.0405793 seconds, Stopping threads took: 0.0009917 seconds
2016-06-27T18:53:38.685+0300: 1015.022: [GC (Allocation Failure) 2016-06-27T18:53:38.685+0300: 1015.022: [ParNew
Desired survivor size 17432576 bytes, new threshold 1 (max 6)
- age   1:   34844848 bytes,   34844848 total
: 306185K->34040K(306688K), 0.0756371 secs] 4886440K->4881330K(5208832K), 0.0758120 secs] [Times: user=0.31 sys=0.00, real=0.08 secs] 
2016-06-27T18:53:38.761+0300: 1015.097: Total time for which application threads were stopped: 0.0774486 seconds, Stopping threads took: 0.0012141 seconds
2016-06-27T18:53:38.878+0300: 1015.215: Total time for which application threads were stopped: 0.0072753 seconds, Stopping threads took: 0.0055471 seconds
2016-06-27T18:53:39.156+0300: 1015.493: [GC (Allocation Failure) 2016-06-27T18:53:39.156+0300: 1015.493: [ParNew: 305904K->305904K(306688K), 0.0000423 secs]2016-06-27T18:53:39.156+0300: 1015.493: [CMS: 4847290K->3887170K(4902144K), 0.7694054 secs] 5153194K->3887170K(5208832K), [Metaspace: 9062K->9062K(1058816K)], 0.7696111 secs] [Times: user=0.77 sys=0.00, real=0.76 secs] 
2016-06-27T18:53:39.918+0300: 1016.262: Total time for which application threads were stopped: 0.7717382 seconds, Stopping threads took: 0.0016713 seconds
2016-06-27T18:53:40.298+0300: 1016.635: [GC (Allocation Failure) 2016-06-27T18:53:40.298+0300: 1016.635: [ParNew
Desired survivor size 17432576 bytes, new threshold 1 (max 6)
- age   1:   34850208 bytes,   34850208 total
: 271830K->34043K(306688K), 0.0370635 secs] 4159000K->4153226K(5208832K), 0.0372513 secs] [Times: user=0.19 sys=0.00, real=0.04 secs] 
2016-06-27T18:53:40.336+0300: 1016.672: Total time for which application threads were stopped: 0.0386976 seconds, Stopping threads took: 0.0009293 seconds
2016-06-27T18:53:40.714+0300: 1017.051: [GC (Allocation Failure) 2016-06-27T18:53:40.714+0300: 1017.051: [ParNew
Desired survivor size 17432576 bytes, new threshold 1 (max 6)
- age   1:   34844608 bytes,   34844608 total
: 306563K->34032K(306688K), 0.0404022 secs] 4425745K->4420251K(5208832K), 0.0417331 secs] [Times: user=0.17 sys=0.00, real=0.04 secs] 
2016-06-27T18:53:40.756+0300: 1017.092: Total time for which application threads were stopped: 0.0457646 seconds, Stopping threads took: 0.0034897 seconds
2016-06-27T18:53:41.124+0300: 1017.461: [GC (Allocation Failure) 2016-06-27T18:53:41.124+0300: 1017.461: [ParNew
Desired survivor size 17432576 bytes, new threshold 1 (max 6)
- age   1:   34850848 bytes,   34850848 total
: 306621K->34048K(306688K), 0.0400297 secs] 4692840K->4687299K(5208832K), 0.0402123 secs] [Times: user=0.19 sys=0.00, real=0.04 secs] 
2016-06-27T18:53:41.165+0300: 1017.501: Total time for which application threads were stopped: 0.0437144 seconds, Stopping threads took: 0.0029427 seconds
2016-06-27T18:53:41.165+0300: 1017.502: [GC (CMS Initial Mark) [1 CMS-initial-mark: 4653251K(4902144K)] 4688299K(5208832K), 0.0004875 secs] [Times: user=0.00 sys=0.00, real=0.00 secs] 
2016-06-27T18:53:41.166+0300: 1017.502: Total time for which application threads were stopped: 0.0009772 seconds, Stopping threads took: 0.0000872 seconds
2016-06-27T18:53:41.166+0300: 1017.502: [CMS-concurrent-mark-start]
2016-06-27T18:53:41.202+0300: 1017.538: Total time for which application threads were stopped: 0.0031159 seconds, Stopping threads took: 0.0014181 seconds
2016-06-27T18:53:41.226+0300: 1017.563: [CMS-concurrent-mark: 0.058/0.061 secs] [Times: user=0.20 sys=0.00, real=0.06 secs] 
2016-06-27T18:53:41.227+0300: 1017.563: [CMS-concurrent-preclean-start]
2016-06-27T18:53:41.238+0300: 1017.575: [CMS-concurrent-preclean: 0.012/0.012 secs] [Times: user=0.00 sys=0.00, real=0.01 secs] 
2016-06-27T18:53:41.238+0300: 1017.575: [CMS-concurrent-abortable-preclean-start]
2016-06-27T18:53:41.488+0300: 1017.824: [CMS-concurrent-abortable-preclean: 0.050/0.249 secs] [Times: user=0.95 sys=0.00, real=0.25 secs] 
2016-06-27T18:53:41.605+0300: 1017.941: [GC (Allocation Failure) 2016-06-27T18:53:41.605+0300: 1017.942: [ParNew: 306155K->306155K(306688K), 0.0000492 secs]2016-06-27T18:53:41.605+0300: 1017.942: [CMS (concurrent mode failure): 4653251K->3767156K(4902144K), 0.6489753 secs] 4959406K->3767156K(5208832K), [Metaspace: 9062K->9062K(1058816K)], 0.6491994 secs] [Times: user=0.64 sys=0.00, real=0.65 secs] 
2016-06-27T18:53:42.255+0300: 1018.591: Total time for which application threads were stopped: 0.6508604 seconds, Stopping threads took: 0.0010867 seconds
2016-06-27T18:53:42.579+0300: 1018.915: [GC (Allocation Failure) 2016-06-27T18:53:42.579+0300: 1018.915: [ParNew
Desired survivor size 17432576 bytes, new threshold 1 (max 6)
- age   1:   34846336 bytes,   34846336 total
: 272111K->34048K(306688K), 0.0341777 secs] 4039268K->4034216K(5208832K), 0.0343210 secs] [Times: user=0.13 sys=0.00, real=0.03 secs] 
2016-06-27T18:53:42.613+0300: 1018.949: Total time for which application threads were stopped: 0.0353054 seconds, Stopping threads took: 0.0005786 seconds
2016-06-27T18:53:42.935+0300: 1019.271: [GC (Allocation Failure) 2016-06-27T18:53:42.935+0300: 1019.271: [ParNew
Desired survivor size 17432576 bytes, new threshold 1 (max 6)
- age   1:   34845552 bytes,   34845552 total
: 306587K->34037K(306688K), 0.0382071 secs] 4306756K->4302239K(5208832K), 0.0383965 secs] [Times: user=0.13 sys=0.00, real=0.04 secs] 
2016-06-27T18:53:42.974+0300: 1019.310: Total time for which application threads were stopped: 0.0396466 seconds, Stopping threads took: 0.0006996 seconds
2016-06-27T18:53:43.294+0300: 1019.631: [GC (Allocation Failure) 2016-06-27T18:53:43.294+0300: 1019.631: [ParNew
Desired survivor size 17432576 bytes, new threshold 1 (max 6)
- age   1:   34844296 bytes,   34844296 total
: 306677K->34043K(306688K), 0.0389409 secs] 4574879K->4570278K(5208832K), 0.0390577 secs] [Times: user=0.19 sys=0.00, real=0.04 secs] 
2016-06-27T18:53:43.333+0300: 1019.670: Total time for which application threads were stopped: 0.0410860 seconds, Stopping threads took: 0.0015481 seconds
2016-06-27T18:53:43.753+0300: 1020.089: [GC (Allocation Failure) 2016-06-27T18:53:43.753+0300: 1020.089: [ParNew
Desired survivor size 17432576 bytes, new threshold 1 (max 6)
- age   1:   34849488 bytes,   34849488 total
: 305764K->34048K(306688K), 0.0386390 secs] 4841998K->4836313K(5208832K), 0.0387942 secs] [Times: user=0.19 sys=0.00, real=0.04 secs] 
2016-06-27T18:53:43.792+0300: 1020.128: Total time for which application threads were stopped: 0.0422018 seconds, Stopping threads took: 0.0024295 seconds
2016-06-27T18:53:43.793+0300: 1020.129: [GC (CMS Initial Mark) [1 CMS-initial-mark: 4802265K(4902144K)] 4837313K(5208832K), 0.0005431 secs] [Times: user=0.00 sys=0.00, real=0.00 secs] 
2016-06-27T18:53:43.793+0300: 1020.130: Total time for which application threads were stopped: 0.0012274 seconds, Stopping threads took: 0.0000795 seconds
2016-06-27T18:53:43.793+0300: 1020.130: [CMS-concurrent-mark-start]
2016-06-27T18:53:43.851+0300: 1020.188: [CMS-concurrent-mark: 0.058/0.058 secs] [Times: user=0.24 sys=0.00, real=0.06 secs] 
2016-06-27T18:53:43.852+0300: 1020.188: [CMS-concurrent-preclean-start]
2016-06-27T18:53:43.863+0300: 1020.200: [CMS-concurrent-preclean: 0.012/0.012 secs] [Times: user=0.00 sys=0.00, real=0.01 secs] 
2016-06-27T18:53:43.863+0300: 1020.200: [CMS-concurrent-abortable-preclean-start]
2016-06-27T18:53:43.976+0300: 1020.312: [CMS-concurrent-abortable-preclean: 0.012/0.112 secs] [Times: user=0.42 sys=0.00, real=0.11 secs] 
2016-06-27T18:53:43.994+0300: 1020.331: [GC (CMS Final Remark) [YG occupancy: 145776 K (306688 K)]2016-06-27T18:53:43.994+0300: 1020.331: [Rescan (parallel) , 0.0049129 secs]2016-06-27T18:53:44.000+0300: 1020.336: [weak refs processing, 0.0000265 secs]2016-06-27T18:53:44.000+0300: 1020.336: [class unloading, 0.0027340 secs]2016-06-27T18:53:44.002+0300: 1020.339: [scrub symbol table, 0.0012205 secs]2016-06-27T18:53:44.003+0300: 1020.340: [scrub string table, 0.0003417 secs][1 CMS-remark: 4802265K(4902144K)] 4948041K(5208832K), 0.0095850 secs] [Times: user=0.00 sys=0.00, real=0.01 secs] 
2016-06-27T18:53:44.004+0300: 1020.340: Total time for which application threads were stopped: 0.0116981 seconds, Stopping threads took: 0.0015139 seconds
2016-06-27T18:53:44.309+0300: 1020.645: [CMS-concurrent-sweep-start]
2016-06-27T18:53:44.311+0300: 1020.647: [GC (Allocation Failure) 2016-06-27T18:53:44.311+0300: 1020.647: [ParNew: 306688K->306688K(306688K), 0.0000316 secs]2016-06-27T18:53:44.311+0300: 1020.647: [CMS2016-06-27T18:53:44.318+0300: 1020.654: [CMS-concurrent-sweep: 0.006/0.009 secs] [Times: user=0.02 sys=0.00, real=0.01 secs] 
 (concurrent mode failure): 4802265K->3797155K(4902144K), 0.6791596 secs] 5108953K->3797155K(5208832K), [Metaspace: 9062K->9062K(1058816K)], 0.6794953 secs] [Times: user=0.69 sys=0.00, real=0.68 secs] 
2016-06-27T18:53:44.990+0300: 1021.327: Total time for which application threads were stopped: 0.6813269 seconds, Stopping threads took: 0.0013189 seconds
2016-06-27T18:53:45.337+0300: 1021.673: [GC (Allocation Failure) 2016-06-27T18:53:45.337+0300: 1021.673: [ParNew
Desired survivor size 17432576 bytes, new threshold 1 (max 6)
- age   1:   34847640 bytes,   34847640 total
: 272640K->34047K(306688K), 0.0350381 secs] 4069795K->4064214K(5208832K), 0.0352208 secs] [Times: user=0.13 sys=0.00, real=0.04 secs] 
2016-06-27T18:53:45.372+0300: 1021.708: Total time for which application threads were stopped: 0.0368155 seconds, Stopping threads took: 0.0011735 seconds
2016-06-27T18:53:45.682+0300: 1022.019: [GC (Allocation Failure) 2016-06-27T18:53:45.683+0300: 1022.019: [ParNew
Desired survivor size 17432576 bytes, new threshold 1 (max 6)
- age   1:   34852024 bytes,   34852024 total
: 305852K->34046K(306688K), 0.0384038 secs] 4336019K->4331247K(5208832K), 0.0385693 secs] [Times: user=0.13 sys=0.00, real=0.04 secs] 
2016-06-27T18:53:45.721+0300: 1022.058: Total time for which application threads were stopped: 0.0396726 seconds, Stopping threads took: 0.0006522 seconds
2016-06-27T18:53:46.034+0300: 1022.370: [GC (Allocation Failure) 2016-06-27T18:53:46.034+0300: 1022.371: [ParNew
Desired survivor size 17432576 bytes, new threshold 1 (max 6)
- age   1:   34850696 bytes,   34850696 total
: 305831K->34048K(306688K), 0.0389546 secs] 4603033K->4598288K(5208832K), 0.0391047 secs] [Times: user=0.19 sys=0.00, real=0.04 secs] 
2016-06-27T18:53:46.073+0300: 1022.410: Total time for which application threads were stopped: 0.0412781 seconds, Stopping threads took: 0.0016909 seconds
2016-06-27T18:53:46.448+0300: 1022.784: [GC (Allocation Failure) 2016-06-27T18:53:46.448+0300: 1022.785: [ParNew
Desired survivor size 17432576 bytes, new threshold 1 (max 6)
- age   1:   34844392 bytes,   34844392 total
: 306688K->34033K(306688K), 0.0389781 secs] 4870928K->4865312K(5208832K), 0.0391526 secs] [Times: user=0.13 sys=0.00, real=0.04 secs] 
2016-06-27T18:53:46.488+0300: 1022.824: Total time for which application threads were stopped: 0.0430229 seconds, Stopping threads took: 0.0034105 seconds
2016-06-27T18:53:46.812+0300: 1023.148: [GC (Allocation Failure) 2016-06-27T18:53:46.812+0300: 1023.148: [ParNew: 305919K->305919K(306688K), 0.0000329 secs]2016-06-27T18:53:46.812+0300: 1023.148: [CMS: 4831278K->3857160K(4902144K), 0.7044549 secs] 5137197K->3857160K(5208832K), [Metaspace: 9062K->9062K(1058816K)], 0.7046533 secs] [Times: user=0.70 sys=0.00, real=0.70 secs] 
2016-06-27T18:53:47.516+0300: 1023.853: Total time for which application threads were stopped: 0.7109719 seconds, Stopping threads took: 0.0058396 seconds
2016-06-27T18:53:47.853+0300: 1024.189: [GC (Allocation Failure) 2016-06-27T18:53:47.853+0300: 1024.189: [ParNew
Desired survivor size 17432576 bytes, new threshold 1 (max 6)
- age   1:   34848104 bytes,   34848104 total
: 272136K->34048K(306688K), 0.0361501 secs] 4129297K->4124220K(5208832K), 0.0363292 secs] [Times: user=0.13 sys=0.00, real=0.04 secs] 
2016-06-27T18:53:47.889+0300: 1024.226: Total time for which application threads were stopped: 0.0376054 seconds, Stopping threads took: 0.0007762 seconds
2016-06-27T18:53:48.080+0300: 1024.417: Total time for which application threads were stopped: 0.0015301 seconds, Stopping threads took: 0.0004225 seconds
2016-06-27T18:53:48.273+0300: 1024.610: [GC (Allocation Failure) 2016-06-27T18:53:48.273+0300: 1024.610: [ParNew
Desired survivor size 17432576 bytes, new threshold 1 (max 6)
- age   1:   33976928 bytes,   33976928 total
: 306688K->33197K(306688K), 0.0386377 secs] 4396860K->4390404K(5208832K), 0.0387703 secs] [Times: user=0.13 sys=0.00, real=0.04 secs] 
2016-06-27T18:53:48.312+0300: 1024.649: Total time for which application threads were stopped: 0.0393416 seconds, Stopping threads took: 0.0002827 seconds
2016-06-27T18:53:48.645+0300: 1024.982: [GC (Allocation Failure) 2016-06-27T18:53:48.651+0300: 1024.988: [ParNew
Desired survivor size 17432576 bytes, new threshold 1 (max 6)
- age   1:   33820768 bytes,   33820768 total
: 305439K->33143K(306688K), 0.0386830 secs] 4662646K->4657572K(5208832K), 0.0446942 secs] [Times: user=0.13 sys=0.00, real=0.03 secs] 
2016-06-27T18:53:48.677+0300: 1025.027: Total time for which application threads were stopped: 0.0460840 seconds, Stopping threads took: 0.0010088 seconds
2016-06-27T18:53:48.888+0300: 1025.224: Total time for which application threads were stopped: 0.0019805 seconds, Stopping threads took: 0.0007155 seconds
2016-06-27T18:53:49.078+0300: 1025.414: [GC (CMS Initial Mark) [1 CMS-initial-mark: 4624429K(4902144K)] 4930212K(5208832K), 0.0009845 secs] [Times: user=0.00 sys=0.00, real=0.00 secs] 
2016-06-27T18:53:49.079+0300: 1025.415: Total time for which application threads were stopped: 0.0019642 seconds, Stopping threads took: 0.0006723 seconds
2016-06-27T18:53:49.079+0300: 1025.415: [CMS-concurrent-mark-start]
2016-06-27T18:53:49.094+0300: 1025.430: [GC (Allocation Failure) 2016-06-27T18:53:49.094+0300: 1025.430: [ParNew: 305783K->305783K(306688K), 0.0000210 secs]2016-06-27T18:53:49.094+0300: 1025.430: [CMS2016-06-27T18:53:49.115+0300: 1025.451: [CMS-concurrent-mark: 0.036/0.036 secs] [Times: user=0.09 sys=0.00, real=0.04 secs] 
 (concurrent mode failure): 4624429K->3813157K(4902144K), 0.6134159 secs] 4930212K->3813157K(5208832K), [Metaspace: 9062K->9062K(1058816K)], 0.6135566 secs] [Times: user=0.61 sys=0.00, real=0.61 secs] 
2016-06-27T18:53:49.707+0300: 1026.043: Total time for which application threads were stopped: 0.6138538 seconds, Stopping threads took: 0.0000697 seconds
2016-06-27T18:53:49.889+0300: 1026.225: Total time for which application threads were stopped: 0.0018513 seconds, Stopping threads took: 0.0004383 seconds
2016-06-27T18:53:50.049+0300: 1026.385: [GC (Allocation Failure) 2016-06-27T18:53:50.049+0300: 1026.385: [ParNew
Desired survivor size 17432576 bytes, new threshold 1 (max 6)
- age   1:   34849672 bytes,   34849672 total
: 272092K->34048K(306688K), 0.0350091 secs] 4085249K->4081217K(5208832K), 0.0351305 secs] [Times: user=0.19 sys=0.00, real=0.04 secs] 
2016-06-27T18:53:50.084+0300: 1026.421: Total time for which application threads were stopped: 0.0356997 seconds, Stopping threads took: 0.0003118 seconds
2016-06-27T18:53:50.406+0300: 1026.742: [GC (Allocation Failure) 2016-06-27T18:53:50.406+0300: 1026.742: [ParNew
Desired survivor size 17432576 bytes, new threshold 1 (max 6)
- age   1:   34849968 bytes,   34849968 total
: 306688K->34043K(306688K), 0.0384359 secs] 4353857K->4336247K(5208832K), 0.0385595 secs] [Times: user=0.19 sys=0.00, real=0.04 secs] 
2016-06-27T18:53:50.444+0300: 1026.781: Total time for which application threads were stopped: 0.0393634 seconds, Stopping threads took: 0.0004341 seconds
2016-06-27T18:53:50.444+0300: 1026.781: [GC (CMS Initial Mark) [1 CMS-initial-mark: 4302204K(4902144K)] 4337247K(5208832K), 0.0003182 secs] [Times: user=0.00 sys=0.00, real=0.00 secs] 
2016-06-27T18:53:50.445+0300: 1026.781: Total time for which application threads were stopped: 0.0005837 seconds, Stopping threads took: 0.0000761 seconds
2016-06-27T18:53:50.445+0300: 1026.781: [CMS-concurrent-mark-start]
2016-06-27T18:53:50.495+0300: 1026.831: [CMS-concurrent-mark: 0.050/0.050 secs] [Times: user=0.19 sys=0.00, real=0.05 secs] 
2016-06-27T18:53:50.495+0300: 1026.831: [CMS-concurrent-preclean-start]
2016-06-27T18:53:50.505+0300: 1026.842: [CMS-concurrent-preclean: 0.010/0.010 secs] [Times: user=0.06 sys=0.00, real=0.01 secs] 
2016-06-27T18:53:50.505+0300: 1026.842: [CMS-concurrent-abortable-preclean-start]
2016-06-27T18:53:50.810+0300: 1027.146: [GC (Allocation Failure) 2016-06-27T18:53:50.810+0300: 1027.146: [ParNew2016-06-27T18:53:50.841+0300: 1027.177: [CMS-concurrent-abortable-preclean: 0.031/0.336 secs] [Times: user=1.30 sys=0.00, real=0.34 secs] 

Desired survivor size 17432576 bytes, new threshold 1 (max 6)
- age   1:   34844848 bytes,   34844848 total
: 305869K->34041K(306688K), 0.0375664 secs] 4608073K->4602281K(5208832K), 0.0376917 secs] [Times: user=0.13 sys=0.00, real=0.04 secs] 
2016-06-27T18:53:50.847+0300: 1027.184: Total time for which application threads were stopped: 0.0384949 seconds, Stopping threads took: 0.0005329 seconds
2016-06-27T18:53:50.870+0300: 1027.206: [GC (CMS Final Remark) [YG occupancy: 52444 K (306688 K)]2016-06-27T18:53:50.870+0300: 1027.206: [Rescan (parallel) , 0.0041748 secs]2016-06-27T18:53:50.874+0300: 1027.210: [weak refs processing, 0.0000167 secs]2016-06-27T18:53:50.874+0300: 1027.211: [class unloading, 0.0018954 secs]2016-06-27T18:53:50.876+0300: 1027.212: [scrub symbol table, 0.0007368 secs]2016-06-27T18:53:50.877+0300: 1027.213: [scrub string table, 0.0001770 secs][1 CMS-remark: 4568239K(4902144K)] 4620684K(5208832K), 0.0072543 secs] [Times: user=0.00 sys=0.00, real=0.01 secs] 
2016-06-27T18:53:50.877+0300: 1027.214: Total time for which application threads were stopped: 0.0076105 seconds, Stopping threads took: 0.0000996 seconds
2016-06-27T18:53:50.889+0300: 1027.226: Total time for which application threads were stopped: 0.0017222 seconds, Stopping threads took: 0.0000693 seconds
2016-06-27T18:53:51.181+0300: 1027.517: [CMS-concurrent-sweep-start]
2016-06-27T18:53:51.183+0300: 1027.519: [GC (Allocation Failure) 2016-06-27T18:53:51.189+0300: 1027.525: [ParNew
Desired survivor size 17432576 bytes, new threshold 1 (max 6)
- age   1:   34856840 bytes,   34856840 total
: 305742K->34048K(306688K), 0.0394186 secs] 4873981K->4867318K(5208832K), 0.0456568 secs] [Times: user=0.19 sys=0.00, real=0.04 secs] 
2016-06-27T18:53:51.228+0300: 1027.565: Total time for which application threads were stopped: 0.0472485 seconds, Stopping threads took: 0.0012197 seconds
2016-06-27T18:53:51.236+0300: 1027.573: [CMS-concurrent-sweep: 0.008/0.055 secs] [Times: user=0.19 sys=0.00, real=0.06 secs] 
2016-06-27T18:53:51.236+0300: 1027.573: [CMS-concurrent-reset-start]
2016-06-27T18:53:51.243+0300: 1027.579: [CMS-concurrent-reset: 0.006/0.006 secs] [Times: user=0.06 sys=0.00, real=0.01 secs] 
2016-06-27T18:53:51.645+0300: 1027.981: [GC (Allocation Failure) 2016-06-27T18:53:51.645+0300: 1027.982: [ParNew
Desired survivor size 17432576 bytes, new threshold 1 (max 6)
- age   1:   34860400 bytes,   34860400 total
: 306576K->34046K(306688K), 0.0393553 secs] 4641763K->4636364K(5208832K), 0.0395174 secs] [Times: user=0.13 sys=0.00, real=0.04 secs] 
2016-06-27T18:53:51.685+0300: 1028.021: Total time for which application threads were stopped: 0.0405882 seconds, Stopping threads took: 0.0006428 seconds
2016-06-27T18:53:51.828+0300: 1028.165: [GC (CMS Initial Mark) [1 CMS-initial-mark: 4602318K(4902144K)] 4743789K(5208832K), 0.0005217 secs] [Times: user=0.00 sys=0.00, real=0.00 secs] 
2016-06-27T18:53:51.829+0300: 1028.165: Total time for which application threads were stopped: 0.0012329 seconds, Stopping threads took: 0.0003464 seconds
2016-06-27T18:53:51.829+0300: 1028.165: [CMS-concurrent-mark-start]
2016-06-27T18:53:51.879+0300: 1028.216: [CMS-concurrent-mark: 0.051/0.051 secs] [Times: user=0.24 sys=0.02, real=0.05 secs] 
2016-06-27T18:53:51.879+0300: 1028.216: [CMS-concurrent-preclean-start]
2016-06-27T18:53:51.890+0300: 1028.226: Total time for which application threads were stopped: 0.0014468 seconds, Stopping threads took: 0.0002643 seconds
2016-06-27T18:53:51.891+0300: 1028.227: [CMS-concurrent-preclean: 0.010/0.011 secs] [Times: user=0.00 sys=0.00, real=0.01 secs] 
2016-06-27T18:53:51.891+0300: 1028.228: [CMS-concurrent-abortable-preclean-start]
2016-06-27T18:53:52.081+0300: 1028.417: [GC (Allocation Failure) 2016-06-27T18:53:52.081+0300: 1028.417: [ParNew: 306686K->306686K(306688K), 0.0000376 secs]2016-06-27T18:53:52.081+0300: 1028.417: [CMS2016-06-27T18:53:52.082+0300: 1028.418: [CMS-concurrent-abortable-preclean: 0.021/0.190 secs] [Times: user=0.73 sys=0.00, real=0.19 secs] 
 (concurrent mode failure): 4602318K->3851151K(4902144K), 0.6231027 secs] 4909004K->3851151K(5208832K), [Metaspace: 9062K->9062K(1058816K)], 0.6233024 secs] [Times: user=0.63 sys=0.00, real=0.62 secs] 
2016-06-27T18:53:52.704+0300: 1029.040: Total time for which application threads were stopped: 0.6239815 seconds, Stopping threads took: 0.0003242 seconds
2016-06-27T18:53:52.892+0300: 1029.229: Total time for which application threads were stopped: 0.0037702 seconds, Stopping threads took: 0.0021293 seconds
2016-06-27T18:53:52.902+0300: 1029.238: Total time for which application threads were stopped: 0.0004007 seconds, Stopping threads took: 0.0000851 seconds
2016-06-27T18:53:53.060+0300: 1029.396: [GC (Allocation Failure) 2016-06-27T18:53:53.060+0300: 1029.396: [ParNew
Desired survivor size 17432576 bytes, new threshold 1 (max 6)
- age   1:   34860136 bytes,   34860136 total
: 272148K->34048K(306688K), 0.0354466 secs] 4123300K->4118225K(5208832K), 0.0356206 secs] [Times: user=0.13 sys=0.00, real=0.04 secs] 
2016-06-27T18:53:53.095+0300: 1029.432: Total time for which application threads were stopped: 0.0377255 seconds, Stopping threads took: 0.0017358 seconds
2016-06-27T18:53:53.427+0300: 1029.763: [GC (Allocation Failure) 2016-06-27T18:53:53.427+0300: 1029.763: [ParNew
Desired survivor size 17432576 bytes, new threshold 1 (max 6)
- age   1:   34853888 bytes,   34853888 total
: 306643K->34048K(306688K), 0.0398518 secs] 4390821K->4384273K(5208832K), 0.0400207 secs] [Times: user=0.13 sys=0.00, real=0.04 secs] 
2016-06-27T18:53:53.467+0300: 1029.803: Total time for which application threads were stopped: 0.0416364 seconds, Stopping threads took: 0.0012385 seconds
2016-06-27T18:53:53.468+0300: 1029.804: [GC (CMS Initial Mark) [1 CMS-initial-mark: 4350225K(4902144K)] 4385290K(5208832K), 0.0003969 secs] [Times: user=0.00 sys=0.00, real=0.00 secs] 
2016-06-27T18:53:53.468+0300: 1029.805: Total time for which application threads were stopped: 0.0007860 seconds, Stopping threads took: 0.0000714 seconds
2016-06-27T18:53:53.468+0300: 1029.805: [CMS-concurrent-mark-start]
2016-06-27T18:53:53.518+0300: 1029.855: [CMS-concurrent-mark: 0.050/0.050 secs] [Times: user=0.19 sys=0.00, real=0.05 secs] 
2016-06-27T18:53:53.519+0300: 1029.855: [CMS-concurrent-preclean-start]
2016-06-27T18:53:53.529+0300: 1029.865: [CMS-concurrent-preclean: 0.010/0.010 secs] [Times: user=0.06 sys=0.00, real=0.01 secs] 
2016-06-27T18:53:53.529+0300: 1029.865: [CMS-concurrent-abortable-preclean-start]
2016-06-27T18:53:53.831+0300: 1030.167: [GC (Allocation Failure) 2016-06-27T18:53:53.831+0300: 1030.167: [ParNew2016-06-27T18:53:53.863+0300: 1030.199: [CMS-concurrent-abortable-preclean: 0.032/0.334 secs] [Times: user=1.30 sys=0.02, real=0.33 secs] 

Desired survivor size 17432576 bytes, new threshold 1 (max 6)
- age   1:   34858192 bytes,   34858192 total
: 305912K->34047K(306688K), 0.0406545 secs] 4656138K->4650316K(5208832K), 0.0408239 secs] [Times: user=0.19 sys=0.00, real=0.04 secs] 
2016-06-27T18:53:53.872+0300: 1030.208: Total time for which application threads were stopped: 0.0433500 seconds, Stopping threads took: 0.0021216 seconds
2016-06-27T18:53:53.873+0300: 1030.209: [GC (CMS Final Remark) [YG occupancy: 36064 K (306688 K)]2016-06-27T18:53:53.873+0300: 1030.209: [Rescan (parallel) , 0.0041795 secs]2016-06-27T18:53:53.877+0300: 1030.213: [weak refs processing, 0.0000175 secs]2016-06-27T18:53:53.877+0300: 1030.213: [class unloading, 0.0024770 secs]2016-06-27T18:53:53.879+0300: 1030.216: [scrub symbol table, 0.0013873 secs]2016-06-27T18:53:53.881+0300: 1030.217: [scrub string table, 0.0003100 secs][1 CMS-remark: 4616269K(4902144K)] 4652333K(5208832K), 0.0087100 secs] [Times: user=0.02 sys=0.00, real=0.01 secs] 
2016-06-27T18:53:53.881+0300: 1030.218: Total time for which application threads were stopped: 0.0091116 seconds, Stopping threads took: 0.0000573 seconds
2016-06-27T18:53:53.882+0300: 1030.218: [CMS-concurrent-sweep-start]
2016-06-27T18:53:53.890+0300: 1030.227: Total time for which application threads were stopped: 0.0017902 seconds, Stopping threads took: 0.0002468 seconds
2016-06-27T18:53:53.892+0300: 1030.229: [CMS-concurrent-sweep: 0.009/0.010 secs] [Times: user=0.00 sys=0.00, real=0.01 secs] 
2016-06-27T18:53:53.892+0300: 1030.229: [CMS-concurrent-reset-start]
2016-06-27T18:53:53.898+0300: 1030.235: [CMS-concurrent-reset: 0.006/0.006 secs] [Times: user=0.05 sys=0.00, real=0.01 secs] 
2016-06-27T18:53:54.216+0300: 1030.553: [GC (Allocation Failure) 2016-06-27T18:53:54.216+0300: 1030.553: [ParNew
Desired survivor size 17432576 bytes, new threshold 1 (max 6)
- age   1:   34861496 bytes,   34861496 total
: 306687K->34048K(306688K), 0.0391979 secs] 4457855K->4451270K(5208832K), 0.0393566 secs] [Times: user=0.19 sys=0.00, real=0.04 secs] 
2016-06-27T18:53:54.256+0300: 1030.592: Total time for which application threads were stopped: 0.0420709 seconds, Stopping threads took: 0.0021148 seconds
2016-06-27T18:53:54.257+0300: 1030.593: [GC (CMS Initial Mark) [1 CMS-initial-mark: 4417222K(4902144K)] 4452270K(5208832K), 0.0003909 secs] [Times: user=0.00 sys=0.00, real=0.00 secs] 
2016-06-27T18:53:54.258+0300: 1030.594: Total time for which application threads were stopped: 0.0008296 seconds, Stopping threads took: 0.0001159 seconds
2016-06-27T18:53:54.258+0300: 1030.594: [CMS-concurrent-mark-start]
2016-06-27T18:53:54.308+0300: 1030.644: [CMS-concurrent-mark: 0.050/0.050 secs] [Times: user=0.19 sys=0.00, real=0.05 secs] 
2016-06-27T18:53:54.308+0300: 1030.644: [CMS-concurrent-preclean-start]
2016-06-27T18:53:54.318+0300: 1030.654: [CMS-concurrent-preclean: 0.010/0.010 secs] [Times: user=0.05 sys=0.00, real=0.01 secs] 
2016-06-27T18:53:54.318+0300: 1030.654: [CMS-concurrent-abortable-preclean-start]
2016-06-27T18:53:54.618+0300: 1030.955: [GC (Allocation Failure) 2016-06-27T18:53:54.618+0300: 1030.955: [ParNew2016-06-27T18:53:54.650+0300: 1030.987: [CMS-concurrent-abortable-preclean: 0.032/0.332 secs] [Times: user=1.27 sys=0.00, real=0.33 secs] 

Desired survivor size 17432576 bytes, new threshold 1 (max 6)
- age   1:   34856464 bytes,   34856464 total
: 306104K->34048K(306688K), 0.0383683 secs] 4723326K->4718318K(5208832K), 0.0385308 secs] [Times: user=0.13 sys=0.00, real=0.04 secs] 
2016-06-27T18:53:54.657+0300: 1030.993: Total time for which application threads were stopped: 0.0404056 seconds, Stopping threads took: 0.0014489 seconds
2016-06-27T18:53:54.892+0300: 1031.228: Total time for which application threads were stopped: 0.0030582 seconds, Stopping threads took: 0.0014698 seconds
2016-06-27T18:53:55.008+0300: 1031.344: [GC (Allocation Failure) 2016-06-27T18:53:55.008+0300: 1031.344: [ParNew: 306022K->306022K(306688K), 0.0000402 secs]2016-06-27T18:53:55.008+0300: 1031.344: [CMS (concurrent mode failure): 4684270K->3785149K(4902144K), 0.6557579 secs] 4990292K->3785149K(5208832K), [Metaspace: 9062K->9062K(1058816K)], 0.6560055 secs] [Times: user=0.66 sys=0.00, real=0.66 secs] 
2016-06-27T18:53:55.664+0300: 1032.000: Total time for which application threads were stopped: 0.6566598 seconds, Stopping threads took: 0.0002557 seconds
2016-06-27T18:53:56.004+0300: 1032.341: Total time for which application threads were stopped: 0.0025321 seconds, Stopping threads took: 0.0008502 seconds
2016-06-27T18:53:56.038+0300: 1032.374: [GC (Allocation Failure) 2016-06-27T18:53:56.038+0300: 1032.374: [ParNew
Desired survivor size 17432576 bytes, new threshold 1 (max 6)
- age   1:   33857792 bytes,   33857792 total
: 272640K->33080K(306688K), 0.0378632 secs] 4057789K->4052242K(5208832K), 0.0380334 secs] [Times: user=0.13 sys=0.00, real=0.04 secs] 
2016-06-27T18:53:56.076+0300: 1032.412: Total time for which application threads were stopped: 0.0384983 seconds, Stopping threads took: 0.0000787 seconds
2016-06-27T18:53:56.398+0300: 1032.734: [GC (Allocation Failure) 2016-06-27T18:53:56.398+0300: 1032.734: [ParNew
Desired survivor size 17432576 bytes, new threshold 1 (max 6)
- age   1:   33827936 bytes,   33827936 total
: 304998K->33072K(306688K), 0.0393155 secs] 4324160K->4318305K(5208832K), 0.0397222 secs] [Times: user=0.13 sys=0.00, real=0.04 secs] 
2016-06-27T18:53:56.438+0300: 1032.774: Total time for which application threads were stopped: 0.0427261 seconds, Stopping threads took: 0.0025681 seconds
2016-06-27T18:53:56.757+0300: 1033.094: [GC (Allocation Failure) 2016-06-27T18:53:56.757+0300: 1033.094: [ParNew
Desired survivor size 17432576 bytes, new threshold 1 (max 6)
- age   1:   34863040 bytes,   34863040 total
: 305157K->34048K(306688K), 0.0386262 secs] 4590390K->4585322K(5208832K), 0.0387528 secs] [Times: user=0.13 sys=0.00, real=0.04 secs] 
2016-06-27T18:53:56.796+0300: 1033.132: Total time for which application threads were stopped: 0.0397659 seconds, Stopping threads took: 0.0007274 seconds
2016-06-27T18:53:56.891+0300: 1033.227: Total time for which application threads were stopped: 0.0015584 seconds, Stopping threads took: 0.0002532 seconds
2016-06-27T18:53:57.138+0300: 1033.474: [GC (Allocation Failure) 2016-06-27T18:53:57.138+0300: 1033.474: [ParNew
Desired survivor size 17432576 bytes, new threshold 1 (max 6)
- age   1:   34854784 bytes,   34854784 total
: 306203K->34048K(306688K), 0.0379180 secs] 4857478K->4852374K(5208832K), 0.0381870 secs] [Times: user=0.13 sys=0.00, real=0.04 secs] 
2016-06-27T18:53:57.176+0300: 1033.512: Total time for which application threads were stopped: 0.0394255 seconds, Stopping threads took: 0.0008177 seconds
2016-06-27T18:53:57.507+0300: 1033.843: [GC (Allocation Failure) 2016-06-27T18:53:57.507+0300: 1033.844: [ParNew: 305950K->305950K(306688K), 0.0000308 secs]2016-06-27T18:53:57.507+0300: 1033.844: [CMS: 4818326K->3769147K(4902144K), 0.5759315 secs] 5124277K->3769147K(5208832K), [Metaspace: 9062K->9062K(1058816K)], 0.5761090 secs] [Times: user=0.58 sys=0.00, real=0.58 secs] 
2016-06-27T18:53:58.083+0300: 1034.420: Total time for which application threads were stopped: 0.5782430 seconds, Stopping threads took: 0.0016730 seconds
2016-06-27T18:53:58.344+0300: 1034.681: Total time for which application threads were stopped: 0.0020797 seconds, Stopping threads took: 0.0007073 seconds
2016-06-27T18:53:58.493+0300: 1034.830: [GC (Allocation Failure) 2016-06-27T18:53:58.494+0300: 1034.830: [ParNew
Desired survivor size 17432576 bytes, new threshold 1 (max 6)
- age   1:   34855240 bytes,   34855240 total
: 272640K->34048K(306688K), 0.0349672 secs] 4041787K->4036226K(5208832K), 0.0351173 secs] [Times: user=0.13 sys=0.00, real=0.04 secs] 
2016-06-27T18:53:58.529+0300: 1034.865: Total time for which application threads were stopped: 0.0357510 seconds, Stopping threads took: 0.0003434 seconds
2016-06-27T18:53:58.841+0300: 1035.178: [GC (Allocation Failure) 2016-06-27T18:53:58.847+0300: 1035.184: [ParNew
Desired survivor size 17432576 bytes, new threshold 1 (max 6)
- age   1:   34858008 bytes,   34858008 total
: 305894K->34047K(306688K), 0.0381767 secs] 4308072K->4302264K(5208832K), 0.0441844 secs] [Times: user=0.19 sys=0.00, real=0.04 secs] 
2016-06-27T18:53:58.886+0300: 1035.222: Total time for which application threads were stopped: 0.0452018 seconds, Stopping threads took: 0.0006547 seconds
2016-06-27T18:53:58.892+0300: 1035.229: Total time for which application threads were stopped: 0.0014698 seconds, Stopping threads took: 0.0003823 seconds
2016-06-27T18:53:59.232+0300: 1035.569: [GC (Allocation Failure) 2016-06-27T18:53:59.232+0300: 1035.569: [ParNew
Desired survivor size 17432576 bytes, new threshold 1 (max 6)
- age   1:   34859160 bytes,   34859160 total
: 306490K->34048K(306688K), 0.0393570 secs] 4574706K->4568311K(5208832K), 0.0395302 secs] [Times: user=0.19 sys=0.00, real=0.04 secs] 
2016-06-27T18:53:59.272+0300: 1035.608: Total time for which application threads were stopped: 0.0406597 seconds, Stopping threads took: 0.0007505 seconds
2016-06-27T18:53:59.596+0300: 1035.933: [GC (Allocation Failure) 2016-06-27T18:53:59.596+0300: 1035.933: [ParNew
Desired survivor size 17432576 bytes, new threshold 1 (max 6)
- age   1:   34852968 bytes,   34852968 total
: 306277K->34048K(306688K), 0.0383597 secs] 4840540K->4835361K(5208832K), 0.0385265 secs] [Times: user=0.19 sys=0.00, real=0.04 secs] 
2016-06-27T18:53:59.635+0300: 1035.971: Total time for which application threads were stopped: 0.0409731 seconds, Stopping threads took: 0.0019655 seconds
2016-06-27T18:53:59.894+0300: 1036.231: Total time for which application threads were stopped: 0.0023662 seconds, Stopping threads took: 0.0011435 seconds
2016-06-27T18:53:59.981+0300: 1036.317: [GC (Allocation Failure) 2016-06-27T18:53:59.981+0300: 1036.317: [ParNew: 306688K->306688K(306688K), 0.0000257 secs]2016-06-27T18:53:59.981+0300: 1036.317: [CMS: 4801313K->3810151K(4902144K), 0.6247838 secs] 5108001K->3810151K(5208832K), [Metaspace: 9062K->9062K(1058816K)], 0.6249570 secs] [Times: user=0.63 sys=0.00, real=0.63 secs] 
2016-06-27T18:54:00.606+0300: 1036.942: Total time for which application threads were stopped: 0.6256485 seconds, Stopping threads took: 0.0003259 seconds
2016-06-27T18:54:00.952+0300: 1037.288: Total time for which application threads were stopped: 0.0022007 seconds, Stopping threads took: 0.0009276 seconds
2016-06-27T18:54:00.992+0300: 1037.329: [GC (Allocation Failure) 2016-06-27T18:54:00.992+0300: 1037.329: [ParNew
Desired survivor size 17432576 bytes, new threshold 1 (max 6)
- age   1:   34855608 bytes,   34855608 total
: 271976K->34046K(306688K), 0.0352977 secs] 4082127K->4076213K(5208832K), 0.0354671 secs] [Times: user=0.13 sys=0.00, real=0.04 secs] 
2016-06-27T18:54:01.028+0300: 1037.364: Total time for which application threads were stopped: 0.0360530 seconds, Stopping threads took: 0.0002224 seconds
2016-06-27T18:54:01.347+0300: 1037.684: [GC (Allocation Failure) 2016-06-27T18:54:01.348+0300: 1037.684: [ParNew
Desired survivor size 17432576 bytes, new threshold 1 (max 6)
- age   1:   34847104 bytes,   34847104 total
: 305728K->34047K(306688K), 0.0394793 secs] 4347895K->4342256K(5208832K), 0.0396444 secs] [Times: user=0.17 sys=0.00, real=0.04 secs] 
2016-06-27T18:54:01.387+0300: 1037.724: Total time for which application threads were stopped: 0.0447061 seconds, Stopping threads took: 0.0046862 seconds
2016-06-27T18:54:01.714+0300: 1038.050: [GC (Allocation Failure) 2016-06-27T18:54:01.714+0300: 1038.050: [ParNew
Desired survivor size 17432576 bytes, new threshold 1 (max 6)
- age   1:   34848664 bytes,   34848664 total
: 306334K->34048K(306688K), 0.0385975 secs] 4614542K->4609290K(5208832K), 0.0387656 secs] [Times: user=0.13 sys=0.00, real=0.04 secs] 
2016-06-27T18:54:01.753+0300: 1038.089: Total time for which application threads were stopped: 0.0433714 seconds, Stopping threads took: 0.0041906 seconds
2016-06-27T18:54:01.895+0300: 1038.232: Total time for which application threads were stopped: 0.0023572 seconds, Stopping threads took: 0.0012821 seconds
2016-06-27T18:54:02.107+0300: 1038.443: [GC (Allocation Failure) 2016-06-27T18:54:02.107+0300: 1038.443: [ParNew
Desired survivor size 17432576 bytes, new threshold 1 (max 6)
- age   1:   34849264 bytes,   34849264 total
: 306688K->34039K(306688K), 0.0376652 secs] 4881930K->4876317K(5208832K), 0.0378333 secs] [Times: user=0.13 sys=0.00, real=0.04 secs] 
2016-06-27T18:54:02.144+0300: 1038.481: Total time for which application threads were stopped: 0.0412122 seconds, Stopping threads took: 0.0029782 seconds
2016-06-27T18:54:02.484+0300: 1038.820: [GC (Allocation Failure) 2016-06-27T18:54:02.484+0300: 1038.820: [ParNew: 306314K->306314K(306688K), 0.0000470 secs]2016-06-27T18:54:02.484+0300: 1038.820: [CMS: 4842277K->3733143K(4902144K), 0.6472095 secs] 5148592K->3733143K(5208832K), [Metaspace: 9062K->9062K(1058816K)], 0.6474204 secs] [Times: user=0.66 sys=0.00, real=0.65 secs] 
2016-06-27T18:54:03.131+0300: 1039.468: Total time for which application threads were stopped: 0.6557395 seconds, Stopping threads took: 0.0079373 seconds
2016-06-27T18:54:03.442+0300: 1039.779: [GC (Allocation Failure) 2016-06-27T18:54:03.442+0300: 1039.779: [ParNew
Desired survivor size 17432576 bytes, new threshold 1 (max 6)
- age   1:   34847984 bytes,   34847984 total
: 272203K->34048K(306688K), 0.0352990 secs] 4005347K->4000203K(5208832K), 0.0354252 secs] [Times: user=0.13 sys=0.00, real=0.04 secs] 
2016-06-27T18:54:03.478+0300: 1039.814: Total time for which application threads were stopped: 0.0363754 seconds, Stopping threads took: 0.0006299 seconds
2016-06-27T18:54:03.800+0300: 1040.136: [GC (Allocation Failure) 2016-06-27T18:54:03.800+0300: 1040.136: [ParNew
Desired survivor size 17432576 bytes, new threshold 1 (max 6)
- age   1:   34845008 bytes,   34845008 total
: 306359K->34039K(306688K), 0.0383969 secs] 4272515K->4267231K(5208832K), 0.0385193 secs] [Times: user=0.19 sys=0.00, real=0.04 secs] 
2016-06-27T18:54:03.838+0300: 1040.174: Total time for which application threads were stopped: 0.0402350 seconds, Stopping threads took: 0.0012992 seconds
2016-06-27T18:54:04.162+0300: 1040.498: [GC (Allocation Failure) 2016-06-27T18:54:04.162+0300: 1040.498: [ParNew
Desired survivor size 17432576 bytes, new threshold 1 (max 6)
- age   1:   34844456 bytes,   34844456 total
: 306101K->34043K(306688K), 0.0390927 secs] 4539293K->4534267K(5208832K), 0.0392433 secs] [Times: user=0.13 sys=0.00, real=0.04 secs] 
2016-06-27T18:54:04.202+0300: 1040.538: Total time for which application threads were stopped: 0.0405955 seconds, Stopping threads took: 0.0009225 seconds
2016-06-27T18:54:04.333+0300: 1040.669: Total time for which application threads were stopped: 0.0032647 seconds, Stopping threads took: 0.0020164 seconds
2016-06-27T18:54:04.342+0300: 1040.678: Total time for which application threads were stopped: 0.0005607 seconds, Stopping threads took: 0.0000847 seconds
2016-06-27T18:54:04.551+0300: 1040.887: [GC (CMS Initial Mark) [1 CMS-initial-mark: 4500224K(4902144K)] 4806907K(5208832K), 0.0008917 secs] [Times: user=0.00 sys=0.00, real=0.00 secs] 
2016-06-27T18:54:04.552+0300: 1040.888: Total time for which application threads were stopped: 0.0026048 seconds, Stopping threads took: 0.0012971 seconds
2016-06-27T18:54:04.552+0300: 1040.888: [CMS-concurrent-mark-start]
2016-06-27T18:54:04.589+0300: 1040.926: [GC (Allocation Failure) 2016-06-27T18:54:04.589+0300: 1040.926: [ParNew
Desired survivor size 17432576 bytes, new threshold 1 (max 6)
- age   1:   34854032 bytes,   34854032 total
: 306683K->34048K(306688K), 0.0400182 secs] 4806907K->4800302K(5208832K), 0.0401764 secs] [Times: user=0.13 sys=0.00, real=0.04 secs] 
2016-06-27T18:54:04.629+0300: 1040.966: Total time for which application threads were stopped: 0.0406494 seconds, Stopping threads took: 0.0000774 seconds
2016-06-27T18:54:04.640+0300: 1040.977: [CMS-concurrent-mark: 0.048/0.089 secs] [Times: user=0.31 sys=0.00, real=0.09 secs] 
2016-06-27T18:54:04.641+0300: 1040.977: [CMS-concurrent-preclean-start]
2016-06-27T18:54:04.651+0300: 1040.987: [CMS-concurrent-preclean: 0.010/0.010 secs] [Times: user=0.06 sys=0.00, real=0.01 secs] 
2016-06-27T18:54:04.651+0300: 1040.987: [CMS-concurrent-abortable-preclean-start]
2016-06-27T18:54:04.761+0300: 1041.098: [CMS-concurrent-abortable-preclean: 0.010/0.110 secs] [Times: user=0.44 sys=0.00, real=0.11 secs] 
2016-06-27T18:54:04.783+0300: 1041.120: [GC (CMS Final Remark) [YG occupancy: 157505 K (306688 K)]2016-06-27T18:54:04.783+0300: 1041.120: [Rescan (parallel) , 0.0041936 secs]2016-06-27T18:54:04.787+0300: 1041.124: [weak refs processing, 0.0000257 secs]2016-06-27T18:54:04.787+0300: 1041.124: [class unloading, 0.0018975 secs]2016-06-27T18:54:04.789+0300: 1041.126: [scrub symbol table, 0.0018701 secs]2016-06-27T18:54:04.791+0300: 1041.128: [scrub string table, 0.0003498 secs][1 CMS-remark: 4766254K(4902144K)] 4923760K(5208832K), 0.0086822 secs] [Times: user=0.06 sys=0.00, real=0.01 secs] 
2016-06-27T18:54:04.792+0300: 1041.128: Total time for which application threads were stopped: 0.0094319 seconds, Stopping threads took: 0.0003648 seconds
2016-06-27T18:54:04.896+0300: 1041.232: Total time for which application threads were stopped: 0.0021601 seconds, Stopping threads took: 0.0005333 seconds
2016-06-27T18:54:04.984+0300: 1041.321: [CMS-concurrent-sweep-start]
2016-06-27T18:54:04.985+0300: 1041.321: [GC (Allocation Failure) 2016-06-27T18:54:04.985+0300: 1041.321: [ParNew: 305852K->305852K(306688K), 0.0000346 secs]2016-06-27T18:54:04.985+0300: 1041.321: [CMS2016-06-27T18:54:04.991+0300: 1041.327: [CMS-concurrent-sweep: 0.005/0.007 secs] [Times: user=0.02 sys=0.00, real=0.01 secs] 
 (concurrent mode failure): 4766254K->3790142K(4902144K), 0.5822732 secs] 5072107K->3790142K(5208832K), [Metaspace: 9062K->9062K(1058816K)], 0.5826051 secs] [Times: user=0.59 sys=0.00, real=0.58 secs] 
2016-06-27T18:54:05.568+0300: 1041.904: Total time for which application threads were stopped: 0.5832654 seconds, Stopping threads took: 0.0002733 seconds
2016-06-27T18:54:05.897+0300: 1042.233: Total time for which application threads were stopped: 0.0021109 seconds, Stopping threads took: 0.0007912 seconds
2016-06-27T18:54:05.968+0300: 1042.304: [GC (Allocation Failure) 2016-06-27T18:54:05.968+0300: 1042.304: [ParNew
Desired survivor size 17432576 bytes, new threshold 1 (max 6)
- age   1:   34863648 bytes,   34863648 total
: 272640K->34048K(306688K), 0.0361406 secs] 4062782K->4056361K(5208832K), 0.0362634 secs] [Times: user=0.13 sys=0.00, real=0.04 secs] 
2016-06-27T18:54:06.004+0300: 1042.340: Total time for which application threads were stopped: 0.0366979 seconds, Stopping threads took: 0.0000937 seconds
2016-06-27T18:54:06.311+0300: 1042.647: [GC (Allocation Failure) 2016-06-27T18:54:06.311+0300: 1042.647: [ParNew
Desired survivor size 17432576 bytes, new threshold 1 (max 6)
- age   1:   34857808 bytes,   34857808 total
: 305741K->34048K(306688K), 0.0378803 secs] 4328055K->4323417K(5208832K), 0.0380253 secs] [Times: user=0.17 sys=0.00, real=0.04 secs] 
2016-06-27T18:54:06.349+0300: 1042.685: Total time for which application threads were stopped: 0.0388973 seconds, Stopping threads took: 0.0004986 seconds
2016-06-27T18:54:06.668+0300: 1043.005: [GC (Allocation Failure) 2016-06-27T18:54:06.669+0300: 1043.005: [ParNew
Desired survivor size 17432576 bytes, new threshold 1 (max 6)
- age   1:   34856032 bytes,   34856032 total
: 306017K->34048K(306688K), 0.0379967 secs] 4595386K->4590462K(5208832K), 0.0381382 secs] [Times: user=0.13 sys=0.00, real=0.04 secs] 
2016-06-27T18:54:06.707+0300: 1043.043: Total time for which application threads were stopped: 0.0390722 seconds, Stopping threads took: 0.0005444 seconds
2016-06-27T18:54:06.944+0300: 1043.280: Total time for which application threads were stopped: 0.0019869 seconds, Stopping threads took: 0.0007433 seconds
2016-06-27T18:54:07.093+0300: 1043.429: [GC (Allocation Failure) 2016-06-27T18:54:07.093+0300: 1043.429: [ParNew
Desired survivor size 17432576 bytes, new threshold 1 (max 6)
- age   1:   34853616 bytes,   34853616 total
: 306688K->34048K(306688K), 0.0399925 secs] 4863102K->4857512K(5208832K), 0.0401281 secs] [Times: user=0.19 sys=0.00, real=0.04 secs] 
2016-06-27T18:54:07.133+0300: 1043.470: Total time for which application threads were stopped: 0.0408384 seconds, Stopping threads took: 0.0003849 seconds
2016-06-27T18:54:07.448+0300: 1043.784: [GC (Allocation Failure) 2016-06-27T18:54:07.448+0300: 1043.784: [ParNew: 305944K->305944K(306688K), 0.0000321 secs]2016-06-27T18:54:07.448+0300: 1043.785: [CMS: 4823464K->3818144K(4902144K), 0.6220823 secs] 5129408K->3818144K(5208832K), [Metaspace: 9062K->9062K(1058816K)], 0.6222508 secs] [Times: user=0.63 sys=0.00, real=0.62 secs] 
2016-06-27T18:54:08.070+0300: 1044.407: Total time for which application threads were stopped: 0.6242894 seconds, Stopping threads took: 0.0016734 seconds
2016-06-27T18:54:08.073+0300: 1044.409: Total time for which application threads were stopped: 0.0011273 seconds, Stopping threads took: 0.0000684 seconds
2016-06-27T18:54:08.428+0300: 1044.765: [GC (Allocation Failure) 2016-06-27T18:54:08.428+0300: 1044.765: [ParNew
Desired survivor size 17432576 bytes, new threshold 1 (max 6)
- age   1:   34861872 bytes,   34861872 total
: 272640K->34046K(306688K), 0.0373180 secs] 4090784K->4084211K(5208832K), 0.0436716 secs] [Times: user=0.13 sys=0.00, real=0.04 secs] 
2016-06-27T18:54:08.472+0300: 1044.808: Total time for which application threads were stopped: 0.0471147 seconds, Stopping threads took: 0.0030257 seconds
2016-06-27T18:54:08.801+0300: 1045.137: [GC (Allocation Failure) 2016-06-27T18:54:08.801+0300: 1045.137: [ParNew
Desired survivor size 17432576 bytes, new threshold 1 (max 6)
- age   1:   34859136 bytes,   34859136 total
: 306151K->34048K(306688K), 0.0380116 secs] 4356316K->4351265K(5208832K), 0.0381917 secs] [Times: user=0.19 sys=0.00, real=0.04 secs] 
2016-06-27T18:54:08.839+0300: 1045.175: Total time for which application threads were stopped: 0.0403624 seconds, Stopping threads took: 0.0017418 seconds
2016-06-27T18:54:08.899+0300: 1045.236: Total time for which application threads were stopped: 0.0038656 seconds, Stopping threads took: 0.0024227 seconds
2016-06-27T18:54:09.191+0300: 1045.527: [GC (CMS Initial Mark) [1 CMS-initial-mark: 4317217K(4902144K)] 4623905K(5208832K), 0.0008921 secs] [Times: user=0.06 sys=0.00, real=0.00 secs] 
2016-06-27T18:54:09.192+0300: 1045.528: Total time for which application threads were stopped: 0.0029726 seconds, Stopping threads took: 0.0017559 seconds
2016-06-27T18:54:09.192+0300: 1045.528: [CMS-concurrent-mark-start]
2016-06-27T18:54:09.227+0300: 1045.563: [GC (Allocation Failure) 2016-06-27T18:54:09.227+0300: 1045.563: [ParNew
Desired survivor size 17432576 bytes, new threshold 1 (max 6)
- age   1:   34855784 bytes,   34855784 total
: 306688K->34048K(306688K), 0.0384410 secs] 4623905K->4618321K(5208832K), 0.0386163 secs] [Times: user=0.13 sys=0.00, real=0.04 secs] 
2016-06-27T18:54:09.265+0300: 1045.602: Total time for which application threads were stopped: 0.0390598 seconds, Stopping threads took: 0.0000778 seconds
2016-06-27T18:54:09.281+0300: 1045.618: [CMS-concurrent-mark: 0.051/0.090 secs] [Times: user=0.31 sys=0.00, real=0.09 secs] 
2016-06-27T18:54:09.281+0300: 1045.618: [CMS-concurrent-preclean-start]
2016-06-27T18:54:09.292+0300: 1045.628: [CMS-concurrent-preclean: 0.010/0.010 secs] [Times: user=0.06 sys=0.00, real=0.01 secs] 
2016-06-27T18:54:09.292+0300: 1045.628: [CMS-concurrent-abortable-preclean-start]
2016-06-27T18:54:09.591+0300: 1045.927: [GC (Allocation Failure) 2016-06-27T18:54:09.591+0300: 1045.927: [ParNew2016-06-27T18:54:09.629+0300: 1045.965: [CMS-concurrent-abortable-preclean: 0.032/0.337 secs] [Times: user=1.30 sys=0.00, real=0.34 secs] 

Desired survivor size 17432576 bytes, new threshold 1 (max 6)
- age   1:   34856800 bytes,   34856800 total
: 306361K->34048K(306688K), 0.0378393 secs] 4890634K->4885363K(5208832K), 0.0380095 secs] [Times: user=0.13 sys=0.00, real=0.04 secs] 
2016-06-27T18:54:09.629+0300: 1045.965: Total time for which application threads were stopped: 0.0405117 seconds, Stopping threads took: 0.0021216 seconds
2016-06-27T18:54:09.812+0300: 1046.148: [GC (CMS Final Remark) [YG occupancy: 177958 K (306688 K)]2016-06-27T18:54:09.812+0300: 1046.148: [Rescan (parallel) , 0.0042667 secs]2016-06-27T18:54:09.817+0300: 1046.153: [weak refs processing, 0.0000265 secs]2016-06-27T18:54:09.817+0300: 1046.153: [class unloading, 0.0026921 secs]2016-06-27T18:54:09.819+0300: 1046.155: [scrub symbol table, 0.0012774 secs]2016-06-27T18:54:09.820+0300: 1046.157: [scrub string table, 0.0002254 secs][1 CMS-remark: 4851315K(4902144K)] 5029273K(5208832K), 0.0088246 secs] [Times: user=0.02 sys=0.00, real=0.01 secs] 
2016-06-27T18:54:09.821+0300: 1046.157: Total time for which application threads were stopped: 0.0106918 seconds, Stopping threads took: 0.0015126 seconds
2016-06-27T18:54:09.900+0300: 1046.236: Total time for which application threads were stopped: 0.0038626 seconds, Stopping threads took: 0.0017872 seconds
2016-06-27T18:54:10.000+0300: 1046.337: [CMS-concurrent-sweep-start]
2016-06-27T18:54:10.003+0300: 1046.339: [GC (Allocation Failure) 2016-06-27T18:54:10.003+0300: 1046.340: [ParNew: 306570K->306570K(306688K), 0.0000368 secs]2016-06-27T18:54:10.003+0300: 1046.340: [CMS2016-06-27T18:54:10.010+0300: 1046.346: [CMS-concurrent-sweep: 0.007/0.009 secs] [Times: user=0.02 sys=0.00, real=0.01 secs] 
 (concurrent mode failure): 4851315K->3815145K(4902144K), 0.6585133 secs] 5157886K->3815145K(5208832K), [Metaspace: 9062K->9062K(1058816K)], 0.6588567 secs] [Times: user=0.67 sys=0.00, real=0.66 secs] 
2016-06-27T18:54:10.662+0300: 1046.998: Total time for which application threads were stopped: 0.6603727 seconds, Stopping threads took: 0.0011654 seconds
2016-06-27T18:54:11.000+0300: 1047.336: [GC (Allocation Failure) 2016-06-27T18:54:11.000+0300: 1047.336: [ParNew
Desired survivor size 17432576 bytes, new threshold 1 (max 6)
- age   1:   34849944 bytes,   34849944 total
: 272365K->34048K(306688K), 0.0374706 secs] 4087511K->4082233K(5208832K), 0.0376460 secs] [Times: user=0.17 sys=0.00, real=0.04 secs] 
2016-06-27T18:54:11.037+0300: 1047.374: Total time for which application threads were stopped: 0.0393190 seconds, Stopping threads took: 0.0012428 seconds
2016-06-27T18:54:11.163+0300: 1047.500: Total time for which application threads were stopped: 0.0021143 seconds, Stopping threads took: 0.0005512 seconds
2016-06-27T18:54:11.394+0300: 1047.730: [GC (Allocation Failure) 2016-06-27T18:54:11.394+0300: 1047.730: [ParNew
Desired survivor size 17432576 bytes, new threshold 1 (max 6)
- age   1:   34862224 bytes,   34862224 total
: 306688K->34048K(306688K), 0.0388101 secs] 4354873K->4348280K(5208832K), 0.0389815 secs] [Times: user=0.19 sys=0.00, real=0.04 secs] 
2016-06-27T18:54:11.433+0300: 1047.769: Total time for which application threads were stopped: 0.0403158 seconds, Stopping threads took: 0.0009468 seconds
2016-06-27T18:54:11.759+0300: 1048.096: [GC (Allocation Failure) 2016-06-27T18:54:11.759+0300: 1048.096: [ParNew
Desired survivor size 17432576 bytes, new threshold 1 (max 6)
- age   1:   34857600 bytes,   34857600 total
: 306316K->34048K(306688K), 0.0400618 secs] 4620549K->4614325K(5208832K), 0.0402046 secs] [Times: user=0.13 sys=0.00, real=0.04 secs] 
2016-06-27T18:54:11.800+0300: 1048.136: Total time for which application threads were stopped: 0.0421881 seconds, Stopping threads took: 0.0015943 seconds
2016-06-27T18:54:12.005+0300: 1048.341: Total time for which application threads were stopped: 0.0027293 seconds, Stopping threads took: 0.0012671 seconds
2016-06-27T18:54:12.135+0300: 1048.472: [GC (CMS Initial Mark) [1 CMS-initial-mark: 4580277K(4902144K)] 4886955K(5208832K), 0.0071376 secs] [Times: user=0.00 sys=0.00, real=0.01 secs] 
2016-06-27T18:54:12.142+0300: 1048.479: Total time for which application threads were stopped: 0.0082572 seconds, Stopping threads took: 0.0005102 seconds
2016-06-27T18:54:12.142+0300: 1048.479: [CMS-concurrent-mark-start]
2016-06-27T18:54:12.143+0300: 1048.479: [GC (Allocation Failure) 2016-06-27T18:54:12.143+0300: 1048.479: [ParNew
Desired survivor size 17432576 bytes, new threshold 1 (max 6)
- age   1:   34859648 bytes,   34859648 total
: 306688K->34048K(306688K), 0.0379723 secs] 4886965K->4872373K(5208832K), 0.0381031 secs] [Times: user=0.13 sys=0.00, real=0.03 secs] 
2016-06-27T18:54:12.168+0300: 1048.517: Total time for which application threads were stopped: 0.0384936 seconds, Stopping threads took: 0.0001163 seconds
2016-06-27T18:54:12.231+0300: 1048.567: [CMS-concurrent-mark: 0.050/0.088 secs] [Times: user=0.34 sys=0.02, real=0.09 secs] 
2016-06-27T18:54:12.231+0300: 1048.568: [CMS-concurrent-preclean-start]
2016-06-27T18:54:12.241+0300: 1048.578: [CMS-concurrent-preclean: 0.010/0.010 secs] [Times: user=0.06 sys=0.00, real=0.01 secs] 
2016-06-27T18:54:12.241+0300: 1048.578: [CMS-concurrent-abortable-preclean-start]
2016-06-27T18:54:12.241+0300: 1048.578: [CMS-concurrent-abortable-preclean: 0.000/0.000 secs] [Times: user=0.00 sys=0.00, real=0.00 secs] 
2016-06-27T18:54:12.274+0300: 1048.610: [GC (CMS Final Remark) [YG occupancy: 102413 K (306688 K)]2016-06-27T18:54:12.274+0300: 1048.610: [Rescan (parallel) , 0.0042162 secs]2016-06-27T18:54:12.278+0300: 1048.614: [weak refs processing, 0.0000184 secs]2016-06-27T18:54:12.278+0300: 1048.614: [class unloading, 0.0020095 secs]2016-06-27T18:54:12.280+0300: 1048.616: [scrub symbol table, 0.0007343 secs]2016-06-27T18:54:12.281+0300: 1048.617: [scrub string table, 0.0002096 secs][1 CMS-remark: 4838325K(4902144K)] 4940739K(5208832K), 0.0074673 secs] [Times: user=0.00 sys=0.00, real=0.01 secs] 
2016-06-27T18:54:12.281+0300: 1048.618: Total time for which application threads were stopped: 0.0083957 seconds, Stopping threads took: 0.0005825 seconds
2016-06-27T18:54:12.293+0300: 1048.629: [CMS-concurrent-sweep-start]
2016-06-27T18:54:12.302+0300: 1048.638: [CMS-concurrent-sweep: 0.009/0.009 secs] [Times: user=0.06 sys=0.00, real=0.01 secs] 
2016-06-27T18:54:12.302+0300: 1048.638: [CMS-concurrent-reset-start]
2016-06-27T18:54:12.308+0300: 1048.644: [CMS-concurrent-reset: 0.006/0.006 secs] [Times: user=0.00 sys=0.00, real=0.01 secs] 
2016-06-27T18:54:12.529+0300: 1048.865: [GC (Allocation Failure) 2016-06-27T18:54:12.529+0300: 1048.865: [ParNew
Desired survivor size 17432576 bytes, new threshold 1 (max 6)
- age   1:   34847648 bytes,   34847648 total
: 306688K->34042K(306688K), 0.0403915 secs] 4049814K->4044214K(5208832K), 0.0405468 secs] [Times: user=0.19 sys=0.00, real=0.04 secs] 
2016-06-27T18:54:12.569+0300: 1048.906: Total time for which application threads were stopped: 0.0423904 seconds, Stopping threads took: 0.0014904 seconds
2016-06-27T18:54:12.917+0300: 1049.253: [GC (Allocation Failure) 2016-06-27T18:54:12.917+0300: 1049.254: [ParNew
Desired survivor size 17432576 bytes, new threshold 1 (max 6)
- age   1:   34844416 bytes,   34844416 total
: 306473K->34042K(306688K), 0.0398309 secs] 4316646K->4311248K(5208832K), 0.0399549 secs] [Times: user=0.13 sys=0.00, real=0.04 secs] 
2016-06-27T18:54:12.957+0300: 1049.294: Total time for which application threads were stopped: 0.0418062 seconds, Stopping threads took: 0.0014198 seconds
2016-06-27T18:54:13.301+0300: 1049.638: Total time for which application threads were stopped: 0.0021327 seconds, Stopping threads took: 0.0006458 seconds
2016-06-27T18:54:13.355+0300: 1049.692: [GC (Allocation Failure) 2016-06-27T18:54:13.355+0300: 1049.692: [ParNew
Desired survivor size 17432576 bytes, new threshold 1 (max 6)
- age   1:   34855792 bytes,   34855792 total
: 306682K->34048K(306688K), 0.0385877 secs] 4583888K->4577324K(5208832K), 0.0387284 secs] [Times: user=0.13 sys=0.00, real=0.04 secs] 
2016-06-27T18:54:13.394+0300: 1049.731: Total time for which application threads were stopped: 0.0391342 seconds, Stopping threads took: 0.0000919 seconds
2016-06-27T18:54:13.715+0300: 1050.052: [GC (Allocation Failure) 2016-06-27T18:54:13.715+0300: 1050.052: [ParNew
Desired survivor size 17432576 bytes, new threshold 1 (max 6)
- age   1:   34851880 bytes,   34851880 total
: 305954K->34048K(306688K), 0.0404026 secs] 4849230K->4843366K(5208832K), 0.0405694 secs] [Times: user=0.19 sys=0.00, real=0.04 secs] 
2016-06-27T18:54:13.756+0300: 1050.092: Total time for which application threads were stopped: 0.0414671 seconds, Stopping threads took: 0.0005247 seconds
2016-06-27T18:54:14.004+0300: 1050.341: Total time for which application threads were stopped: 0.0019946 seconds, Stopping threads took: 0.0006227 seconds
2016-06-27T18:54:14.014+0300: 1050.350: Total time for which application threads were stopped: 0.0004204 seconds, Stopping threads took: 0.0000817 seconds
2016-06-27T18:54:14.113+0300: 1050.450: [GC (CMS Initial Mark) [1 CMS-initial-mark: 4809318K(4902144K)] 5116006K(5208832K), 0.0009015 secs] [Times: user=0.06 sys=0.00, real=0.00 secs] 
2016-06-27T18:54:14.114+0300: 1050.451: Total time for which application threads were stopped: 0.0013766 seconds, Stopping threads took: 0.0001933 seconds
2016-06-27T18:54:14.114+0300: 1050.451: [CMS-concurrent-mark-start]
2016-06-27T18:54:14.116+0300: 1050.453: [GC (Allocation Failure) 2016-06-27T18:54:14.117+0300: 1050.453: [ParNew: 306688K->306688K(306688K), 0.0000265 secs]2016-06-27T18:54:14.117+0300: 1050.453: [CMS2016-06-27T18:54:14.145+0300: 1050.482: [CMS-concurrent-mark: 0.030/0.031 secs] [Times: user=0.03 sys=0.00, real=0.03 secs] 
 (concurrent mode failure): 4809318K->3708138K(4902144K), 0.5963097 secs] 5116006K->3708138K(5208832K), [Metaspace: 9062K->9062K(1058816K)], 0.5964688 secs] [Times: user=0.59 sys=0.00, real=0.60 secs] 
2016-06-27T18:54:14.713+0300: 1051.050: Total time for which application threads were stopped: 0.5967818 seconds, Stopping threads took: 0.0000599 seconds
2016-06-27T18:54:15.006+0300: 1051.342: Total time for which application threads were stopped: 0.0021960 seconds, Stopping threads took: 0.0007591 seconds
2016-06-27T18:54:15.059+0300: 1051.395: [GC (Allocation Failure) 2016-06-27T18:54:15.059+0300: 1051.395: [ParNew
Desired survivor size 17432576 bytes, new threshold 1 (max 6)
- age   1:   34864128 bytes,   34864128 total
: 271691K->34048K(306688K), 0.0355813 secs] 3979830K->3974201K(5208832K), 0.0357019 secs] [Times: user=0.13 sys=0.00, real=0.04 secs] 
2016-06-27T18:54:15.095+0300: 1051.431: Total time for which application threads were stopped: 0.0361697 seconds, Stopping threads took: 0.0002117 seconds
2016-06-27T18:54:15.404+0300: 1051.741: [GC (Allocation Failure) 2016-06-27T18:54:15.404+0300: 1051.741: [ParNew
Desired survivor size 17432576 bytes, new threshold 1 (max 6)
- age   1:   34854736 bytes,   34854736 total
: 306036K->34048K(306688K), 0.0382225 secs] 4246189K->4241257K(5208832K), 0.0383760 secs] [Times: user=0.19 sys=0.00, real=0.04 secs] 
2016-06-27T18:54:15.443+0300: 1051.779: Total time for which application threads were stopped: 0.0411643 seconds, Stopping threads took: 0.0023936 seconds
2016-06-27T18:54:15.777+0300: 1052.113: [GC (Allocation Failure) 2016-06-27T18:54:15.777+0300: 1052.114: [ParNew
Desired survivor size 17432576 bytes, new threshold 1 (max 6)
- age   1:   34852224 bytes,   34852224 total
: 305814K->34048K(306688K), 0.0382306 secs] 4513023K->4508300K(5208832K), 0.0383833 secs] [Times: user=0.13 sys=0.00, real=0.04 secs] 
2016-06-27T18:54:15.816+0300: 1052.152: Total time for which application threads were stopped: 0.0429001 seconds, Stopping threads took: 0.0040777 seconds
2016-06-27T18:54:16.008+0300: 1052.345: Total time for which application threads were stopped: 0.0050493 seconds, Stopping threads took: 0.0035247 seconds
2016-06-27T18:54:16.168+0300: 1052.504: [GC (Allocation Failure) 2016-06-27T18:54:16.168+0300: 1052.504: [ParNew
Desired survivor size 17432576 bytes, new threshold 1 (max 6)
- age   1:   34850512 bytes,   34850512 total
: 306046K->34048K(306688K), 0.0378316 secs] 4780298K->4774339K(5208832K), 0.0379864 secs] [Times: user=0.13 sys=0.00, real=0.04 secs] 
2016-06-27T18:54:16.206+0300: 1052.542: Total time for which application threads were stopped: 0.0411356 seconds, Stopping threads took: 0.0027460 seconds
2016-06-27T18:54:16.527+0300: 1052.864: [GC (Allocation Failure) 2016-06-27T18:54:16.527+0300: 1052.864: [ParNew: 306226K->306226K(306688K), 0.0000436 secs]2016-06-27T18:54:16.527+0300: 1052.864: [CMS: 4740291K->3751138K(4902144K), 0.6805995 secs] 5046517K->3751138K(5208832K), [Metaspace: 9062K->9062K(1058816K)], 0.6808351 secs] [Times: user=0.67 sys=0.00, real=0.68 secs] 
2016-06-27T18:54:17.208+0300: 1053.544: Total time for which application threads were stopped: 0.6848778 seconds, Stopping threads took: 0.0035675 seconds
2016-06-27T18:54:17.527+0300: 1053.863: [GC (Allocation Failure) 2016-06-27T18:54:17.527+0300: 1053.863: [ParNew
Desired survivor size 17432576 bytes, new threshold 1 (max 6)
- age   1:   34850488 bytes,   34850488 total
: 272072K->34048K(306688K), 0.0346815 secs] 4023211K->4018198K(5208832K), 0.0348290 secs] [Times: user=0.13 sys=0.00, real=0.04 secs] 
2016-06-27T18:54:17.562+0300: 1053.898: Total time for which application threads were stopped: 0.0362685 seconds, Stopping threads took: 0.0009464 seconds
2016-06-27T18:54:17.884+0300: 1054.220: [GC (Allocation Failure) 2016-06-27T18:54:17.884+0300: 1054.220: [ParNew
Desired survivor size 17432576 bytes, new threshold 1 (max 6)
- age   1:   34846416 bytes,   34846416 total
: 306354K->34042K(306688K), 0.0379372 secs] 4290505K->4285230K(5208832K), 0.0380565 secs] [Times: user=0.13 sys=0.00, real=0.04 secs] 
2016-06-27T18:54:17.922+0300: 1054.258: Total time for which application threads were stopped: 0.0397701 seconds, Stopping threads took: 0.0012090 seconds
2016-06-27T18:54:18.325+0300: 1054.661: Total time for which application threads were stopped: 0.0050711 seconds, Stopping threads took: 0.0036483 seconds
2016-06-27T18:54:18.374+0300: 1054.710: [GC (Allocation Failure) 2016-06-27T18:54:18.374+0300: 1054.711: [ParNew
Desired survivor size 17432576 bytes, new threshold 1 (max 6)
- age   1:   34862312 bytes,   34862312 total
: 306682K->34048K(306688K), 0.0400024 secs] 4557870K->4552306K(5208832K), 0.0401773 secs] [Times: user=0.19 sys=0.00, real=0.04 secs] 
2016-06-27T18:54:18.415+0300: 1054.751: Total time for which application threads were stopped: 0.0406686 seconds, Stopping threads took: 0.0000928 seconds
2016-06-27T18:54:18.721+0300: 1055.057: [GC (Allocation Failure) 2016-06-27T18:54:18.721+0300: 1055.057: [ParNew
Desired survivor size 17432576 bytes, new threshold 1 (max 6)
- age   1:   34857176 bytes,   34857176 total
: 305987K->34048K(306688K), 0.0380287 secs] 4824245K->4818353K(5208832K), 0.0382062 secs] [Times: user=0.19 sys=0.00, real=0.04 secs] 
2016-06-27T18:54:18.759+0300: 1055.095: Total time for which application threads were stopped: 0.0395546 seconds, Stopping threads took: 0.0009678 seconds
2016-06-27T18:54:19.009+0300: 1055.345: Total time for which application threads were stopped: 0.0044519 seconds, Stopping threads took: 0.0031544 seconds
2016-06-27T18:54:19.229+0300: 1055.565: [GC (CMS Initial Mark) [1 CMS-initial-mark: 4784305K(4902144K)] 5090993K(5208832K), 0.0010657 secs] [Times: user=0.00 sys=0.00, real=0.00 secs] 
2016-06-27T18:54:19.230+0300: 1055.566: Total time for which application threads were stopped: 0.0053491 seconds, Stopping threads took: 0.0037552 seconds
2016-06-27T18:54:19.230+0300: 1055.566: [CMS-concurrent-mark-start]
2016-06-27T18:54:19.230+0300: 1055.566: [GC (Allocation Failure) 2016-06-27T18:54:19.230+0300: 1055.566: [ParNew: 306688K->306688K(306688K), 0.0000385 secs]2016-06-27T18:54:19.230+0300: 1055.567: [CMS2016-06-27T18:54:19.273+0300: 1055.610: [CMS-concurrent-mark: 0.042/0.044 secs] [Times: user=0.05 sys=0.00, real=0.04 secs] 
 (concurrent mode failure): 4784305K->3642130K(4902144K), 0.6288709 secs] 5090993K->3642130K(5208832K), [Metaspace: 9062K->9062K(1058816K)], 0.6290560 secs] [Times: user=0.63 sys=0.00, real=0.63 secs] 
2016-06-27T18:54:19.859+0300: 1056.196: Total time for which application threads were stopped: 0.6294414 seconds, Stopping threads took: 0.0000590 seconds
2016-06-27T18:54:20.007+0300: 1056.343: Total time for which application threads were stopped: 0.0019967 seconds, Stopping threads took: 0.0003126 seconds
2016-06-27T18:54:20.267+0300: 1056.604: [GC (Allocation Failure) 2016-06-27T18:54:20.273+0300: 1056.610: [ParNew
Desired survivor size 17432576 bytes, new threshold 1 (max 6)
- age   1:   34849184 bytes,   34849184 total
: 272238K->34048K(306688K), 0.0440287 secs] 3914369K->3909205K(5208832K), 0.0503546 secs] [Times: user=0.11 sys=0.00, real=0.05 secs] 
2016-06-27T18:54:20.318+0300: 1056.654: Total time for which application threads were stopped: 0.0529744 seconds, Stopping threads took: 0.0021900 seconds
2016-06-27T18:54:20.679+0300: 1057.015: [GC (Allocation Failure) 2016-06-27T18:54:20.679+0300: 1057.015: [ParNew
Desired survivor size 17432576 bytes, new threshold 1 (max 6)
- age   1:   34858864 bytes,   34858864 total
: 306558K->34048K(306688K), 0.0391304 secs] 4181716K->4176244K(5208832K), 0.0392677 secs] [Times: user=0.13 sys=0.00, real=0.04 secs] 
2016-06-27T18:54:20.718+0300: 1057.054: Total time for which application threads were stopped: 0.0412049 seconds, Stopping threads took: 0.0015759 seconds
2016-06-27T18:54:21.008+0300: 1057.344: Total time for which application threads were stopped: 0.0035286 seconds, Stopping threads took: 0.0015417 seconds
2016-06-27T18:54:21.108+0300: 1057.444: [GC (Allocation Failure) 2016-06-27T18:54:21.108+0300: 1057.445: [ParNew
Desired survivor size 17432576 bytes, new threshold 1 (max 6)
- age   1:   34857408 bytes,   34857408 total
: 306688K->34048K(306688K), 0.0384478 secs] 4448884K->4442293K(5208832K), 0.0385843 secs] [Times: user=0.19 sys=0.00, real=0.04 secs] 
2016-06-27T18:54:21.146+0300: 1057.483: Total time for which application threads were stopped: 0.0389845 seconds, Stopping threads took: 0.0001313 seconds
2016-06-27T18:54:21.147+0300: 1057.483: [GC (CMS Initial Mark) [1 CMS-initial-mark: 4408245K(4902144K)] 4443295K(5208832K), 0.0003537 secs] [Times: user=0.00 sys=0.00, real=0.00 secs] 
2016-06-27T18:54:21.147+0300: 1057.484: Total time for which application threads were stopped: 0.0006128 seconds, Stopping threads took: 0.0000761 seconds
2016-06-27T18:54:21.147+0300: 1057.484: [CMS-concurrent-mark-start]
2016-06-27T18:54:21.199+0300: 1057.535: [CMS-concurrent-mark: 0.051/0.051 secs] [Times: user=0.19 sys=0.00, real=0.05 secs] 
2016-06-27T18:54:21.199+0300: 1057.535: [CMS-concurrent-preclean-start]
2016-06-27T18:54:21.209+0300: 1057.545: [CMS-concurrent-preclean: 0.010/0.010 secs] [Times: user=0.06 sys=0.00, real=0.01 secs] 
2016-06-27T18:54:21.209+0300: 1057.545: [CMS-concurrent-abortable-preclean-start]
2016-06-27T18:54:21.497+0300: 1057.833: [GC (Allocation Failure) 2016-06-27T18:54:21.497+0300: 1057.833: [ParNew
Desired survivor size 17432576 bytes, new threshold 1 (max 6)
- age   1:   34856200 bytes,   34856200 total
: 305774K->34048K(306688K), 0.0382263 secs] 4714020K->4709339K(5208832K), 0.0383798 secs] [Times: user=0.13 sys=0.00, real=0.04 secs] 
2016-06-27T18:54:21.535+0300: 1057.872: Total time for which application threads were stopped: 0.0395632 seconds, Stopping threads took: 0.0008202 seconds
2016-06-27T18:54:21.871+0300: 1058.207: [GC (Allocation Failure) 2016-06-27T18:54:21.877+0300: 1058.213: [ParNew: 306256K->306256K(306688K), 0.0000368 secs]2016-06-27T18:54:21.877+0300: 1058.213: [CMS2016-06-27T18:54:21.877+0300: 1058.214: [CMS-concurrent-abortable-preclean: 0.076/0.668 secs] [Times: user=2.53 sys=0.00, real=0.67 secs] 
 (concurrent mode failure): 4675291K->3836145K(4902144K), 0.6562335 secs] 4981548K->3836145K(5208832K), [Metaspace: 9062K->9062K(1058816K)], 0.6623284 secs] [Times: user=0.61 sys=0.00, real=0.66 secs] 
2016-06-27T18:54:22.533+0300: 1058.870: Total time for which application threads were stopped: 0.6634061 seconds, Stopping threads took: 0.0007595 seconds
2016-06-27T18:54:22.813+0300: 1059.149: Total time for which application threads were stopped: 0.0046507 seconds, Stopping threads took: 0.0026917 seconds
2016-06-27T18:54:22.992+0300: 1059.329: [GC (Allocation Failure) 2016-06-27T18:54:22.992+0300: 1059.329: [ParNew
Desired survivor size 17432576 bytes, new threshold 1 (max 6)
- age   1:   34861008 bytes,   34861008 total
: 272640K->34048K(306688K), 0.0375583 secs] 4108785K->4101221K(5208832K), 0.0377550 secs] [Times: user=0.13 sys=0.00, real=0.04 secs] 
2016-06-27T18:54:23.030+0300: 1059.367: Total time for which application threads were stopped: 0.0389550 seconds, Stopping threads took: 0.0007531 seconds
2016-06-27T18:54:23.034+0300: 1059.370: Total time for which application threads were stopped: 0.0020288 seconds, Stopping threads took: 0.0000701 seconds
2016-06-27T18:54:23.429+0300: 1059.765: [GC (Allocation Failure) 2016-06-27T18:54:23.429+0300: 1059.765: [ParNew
Desired survivor size 17432576 bytes, new threshold 1 (max 6)
- age   1:   34855392 bytes,   34855392 total
: 306669K->34048K(306688K), 0.0767597 secs] 4373842K->4367274K(5208832K), 0.0769667 secs] [Times: user=0.27 sys=0.00, real=0.08 secs] 
2016-06-27T18:54:23.506+0300: 1059.842: Total time for which application threads were stopped: 0.0785494 seconds, Stopping threads took: 0.0011290 seconds
2016-06-27T18:54:23.506+0300: 1059.843: [GC (CMS Initial Mark) [1 CMS-initial-mark: 4333226K(4902144K)] 4368276K(5208832K), 0.0003674 secs] [Times: user=0.00 sys=0.00, real=0.00 secs] 
2016-06-27T18:54:23.507+0300: 1059.843: Total time for which application threads were stopped: 0.0008318 seconds, Stopping threads took: 0.0000795 seconds
2016-06-27T18:54:23.507+0300: 1059.843: [CMS-concurrent-mark-start]
2016-06-27T18:54:23.557+0300: 1059.893: [CMS-concurrent-mark: 0.050/0.050 secs] [Times: user=0.19 sys=0.00, real=0.05 secs] 
2016-06-27T18:54:23.557+0300: 1059.893: [CMS-concurrent-preclean-start]
2016-06-27T18:54:23.567+0300: 1059.903: [CMS-concurrent-preclean: 0.010/0.010 secs] [Times: user=0.00 sys=0.00, real=0.01 secs] 
2016-06-27T18:54:23.567+0300: 1059.903: [CMS-concurrent-abortable-preclean-start]
2016-06-27T18:54:23.878+0300: 1060.215: [GC (Allocation Failure) 2016-06-27T18:54:23.878+0300: 1060.215: [ParNew2016-06-27T18:54:23.910+0300: 1060.247: [CMS-concurrent-abortable-preclean: 0.032/0.344 secs] [Times: user=1.38 sys=0.00, real=0.34 secs] 

Desired survivor size 17432576 bytes, new threshold 1 (max 6)
- age   1:   34858128 bytes,   34858128 total
: 306288K->34048K(306688K), 0.0428976 secs] 4639515K->4634323K(5208832K), 0.0430686 secs] [Times: user=0.17 sys=0.01, real=0.04 secs] 
2016-06-27T18:54:23.921+0300: 1060.258: Total time for which application threads were stopped: 0.0468303 seconds, Stopping threads took: 0.0031398 seconds
2016-06-27T18:54:23.922+0300: 1060.258: [GC (CMS Final Remark) [YG occupancy: 37263 K (306688 K)]2016-06-27T18:54:23.928+0300: 1060.264: [Rescan (parallel) , 0.0042402 secs]2016-06-27T18:54:23.932+0300: 1060.269: [weak refs processing, 0.0000278 secs]2016-06-27T18:54:23.932+0300: 1060.269: [class unloading, 0.0027614 secs]2016-06-27T18:54:23.935+0300: 1060.271: [scrub symbol table, 0.0012783 secs]2016-06-27T18:54:23.936+0300: 1060.273: [scrub string table, 0.0001976 secs][1 CMS-remark: 4600275K(4902144K)] 4637538K(5208832K), 0.0148571 secs] [Times: user=0.00 sys=0.00, real=0.01 secs] 
2016-06-27T18:54:23.936+0300: 1060.273: Total time for which application threads were stopped: 0.0152437 seconds, Stopping threads took: 0.0000573 seconds
2016-06-27T18:54:23.936+0300: 1060.274: [CMS-concurrent-sweep-start]
2016-06-27T18:54:23.947+0300: 1060.283: [CMS-concurrent-sweep: 0.009/0.009 secs] [Times: user=0.03 sys=0.02, real=0.01 secs] 
2016-06-27T18:54:23.947+0300: 1060.283: [CMS-concurrent-reset-start]
2016-06-27T18:54:23.953+0300: 1060.289: [CMS-concurrent-reset: 0.006/0.006 secs] [Times: user=0.00 sys=0.00, real=0.01 secs] 
2016-06-27T18:54:24.029+0300: 1060.365: Total time for which application threads were stopped: 0.0030919 seconds, Stopping threads took: 0.0009421 seconds
2016-06-27T18:54:24.314+0300: 1060.651: [GC (Allocation Failure) 2016-06-27T18:54:24.315+0300: 1060.651: [ParNew
Desired survivor size 17432576 bytes, new threshold 1 (max 6)
- age   1:   34859712 bytes,   34859712 total
: 306688K->34048K(306688K), 0.0409231 secs] 4306853K->4300273K(5208832K), 0.0411138 secs] [Times: user=0.17 sys=0.00, real=0.04 secs] 
2016-06-27T18:54:24.356+0300: 1060.692: Total time for which application threads were stopped: 0.0515276 seconds, Stopping threads took: 0.0100212 seconds
2016-06-27T18:54:24.356+0300: 1060.693: [GC (CMS Initial Mark) [1 CMS-initial-mark: 4266225K(4902144K)] 4302517K(5208832K), 0.0003857 secs] [Times: user=0.00 sys=0.00, real=0.00 secs] 
2016-06-27T18:54:24.356+0300: 1060.693: Total time for which application threads were stopped: 0.0008399 seconds, Stopping threads took: 0.0001279 seconds
2016-06-27T18:54:24.357+0300: 1060.693: [CMS-concurrent-mark-start]
2016-06-27T18:54:24.408+0300: 1060.745: [CMS-concurrent-mark: 0.052/0.052 secs] [Times: user=0.19 sys=0.00, real=0.05 secs] 
2016-06-27T18:54:24.408+0300: 1060.745: [CMS-concurrent-preclean-start]
2016-06-27T18:54:24.418+0300: 1060.755: [CMS-concurrent-preclean: 0.010/0.010 secs] [Times: user=0.06 sys=0.00, real=0.01 secs] 
2016-06-27T18:54:24.419+0300: 1060.755: [CMS-concurrent-abortable-preclean-start]
2016-06-27T18:54:24.708+0300: 1061.044: [GC (Allocation Failure) 2016-06-27T18:54:24.708+0300: 1061.044: [ParNew
Desired survivor size 17432576 bytes, new threshold 1 (max 6)
- age   1:   34849968 bytes,   34849968 total
: 306170K->34048K(306688K), 0.0392672 secs] 4572396K->4567321K(5208832K), 0.0394361 secs] [Times: user=0.13 sys=0.00, real=0.04 secs] 
2016-06-27T18:54:24.747+0300: 1061.084: Total time for which application threads were stopped: 0.0460866 seconds, Stopping threads took: 0.0062121 seconds
2016-06-27T18:54:25.034+0300: 1061.370: Total time for which application threads were stopped: 0.0075297 seconds, Stopping threads took: 0.0056592 seconds
2016-06-27T18:54:25.045+0300: 1061.381: Total time for which application threads were stopped: 0.0006941 seconds, Stopping threads took: 0.0000825 seconds
2016-06-27T18:54:25.045+0300: 1061.381: [CMS-concurrent-abortable-preclean: 0.113/0.626 secs] [Times: user=2.39 sys=0.00, real=0.63 secs] 
2016-06-27T18:54:25.214+0300: 1061.551: [GC (Allocation Failure) 2016-06-27T18:54:25.228+0300: 1061.568: [ParNew
Desired survivor size 17432576 bytes, new threshold 1 (max 6)
- age   1:   34858192 bytes,   34858192 total
: 306688K->34048K(306688K), 0.0395037 secs] 4839961K->4832357K(5208832K), 0.0567313 secs] [Times: user=0.13 sys=0.00, real=0.05 secs] 
2016-06-27T18:54:25.259+0300: 1061.607: Total time for which application threads were stopped: 0.0629704 seconds, Stopping threads took: 0.0058191 seconds
2016-06-27T18:54:25.682+0300: 1062.018: [GC (Allocation Failure) 2016-06-27T18:54:25.682+0300: 1062.018: [ParNew: 306158K->306158K(306688K), 0.0000470 secs]2016-06-27T18:54:25.682+0300: 1062.018: [CMS (concurrent mode failure): 4798309K->3883152K(4902144K), 0.9405573 secs] 5104468K->3883152K(5208832K), [Metaspace: 9062K->9062K(1058816K)], 0.9407848 secs] [Times: user=0.94 sys=0.00, real=0.94 secs] 
2016-06-27T18:54:26.623+0300: 1062.959: Total time for which application threads were stopped: 0.9431951 seconds, Stopping threads took: 0.0019762 seconds
2016-06-27T18:54:26.626+0300: 1062.963: Total time for which application threads were stopped: 0.0019698 seconds, Stopping threads took: 0.0000612 seconds
2016-06-27T18:54:26.980+0300: 1063.317: [GC (Allocation Failure) 2016-06-27T18:54:26.980+0300: 1063.317: [ParNew
Desired survivor size 17432576 bytes, new threshold 1 (max 6)
- age   1:   34859640 bytes,   34859640 total
: 272640K->34048K(306688K), 0.0343458 secs] 4155792K->4149222K(5208832K), 0.0345203 secs] [Times: user=0.13 sys=0.00, real=0.04 secs] 
2016-06-27T18:54:27.015+0300: 1063.351: Total time for which application threads were stopped: 0.0372401 seconds, Stopping threads took: 0.0023196 seconds
2016-06-27T18:54:27.029+0300: 1063.366: Total time for which application threads were stopped: 0.0015049 seconds, Stopping threads took: 0.0000693 seconds
2016-06-27T18:54:27.382+0300: 1063.719: [GC (Allocation Failure) 2016-06-27T18:54:27.382+0300: 1063.719: [ParNew
Desired survivor size 17432576 bytes, new threshold 1 (max 6)
- age   1:   34857352 bytes,   34857352 total
: 306453K->34048K(306688K), 0.0390448 secs] 4421627K->4415278K(5208832K), 0.0392339 secs] [Times: user=0.13 sys=0.00, real=0.04 secs] 
2016-06-27T18:54:27.422+0300: 1063.758: Total time for which application threads were stopped: 0.0431161 seconds, Stopping threads took: 0.0034704 seconds
2016-06-27T18:54:27.746+0300: 1064.082: [GC (Allocation Failure) 2016-06-27T18:54:27.746+0300: 1064.082: [ParNew
Desired survivor size 17432576 bytes, new threshold 1 (max 6)
- age   1:   34861544 bytes,   34861544 total
: 306146K->34048K(306688K), 0.0380540 secs] 4687376K->4682322K(5208832K), 0.0382182 secs] [Times: user=0.13 sys=0.00, real=0.04 secs] 
2016-06-27T18:54:27.784+0300: 1064.121: Total time for which application threads were stopped: 0.0406712 seconds, Stopping threads took: 0.0020527 seconds
2016-06-27T18:54:28.031+0300: 1064.368: Total time for which application threads were stopped: 0.0026711 seconds, Stopping threads took: 0.0008314 seconds
2016-06-27T18:54:28.160+0300: 1064.496: [GC (Allocation Failure) 2016-06-27T18:54:28.160+0300: 1064.497: [ParNew: 306688K->306688K(306688K), 0.0000488 secs]2016-06-27T18:54:28.160+0300: 1064.497: [CMS: 4648274K->3733142K(4902144K), 0.5775451 secs] 4954962K->3733142K(5208832K), [Metaspace: 9062K->9062K(1058816K)], 0.5777790 secs] [Times: user=0.56 sys=0.02, real=0.58 secs] 
2016-06-27T18:54:28.738+0300: 1065.074: Total time for which application threads were stopped: 0.5786617 seconds, Stopping threads took: 0.0005205 seconds
2016-06-27T18:54:29.031+0300: 1065.368: Total time for which application threads were stopped: 0.0020904 seconds, Stopping threads took: 0.0007356 seconds
2016-06-27T18:54:29.089+0300: 1065.426: [GC (Allocation Failure) 2016-06-27T18:54:29.090+0300: 1065.426: [ParNew
Desired survivor size 17432576 bytes, new threshold 1 (max 6)
- age   1:   34857880 bytes,   34857880 total
: 272381K->34048K(306688K), 0.0353709 secs] 4005523K->4000221K(5208832K), 0.0354983 secs] [Times: user=0.13 sys=0.00, real=0.04 secs] 
2016-06-27T18:54:29.125+0300: 1065.461: Total time for which application threads were stopped: 0.0358947 seconds, Stopping threads took: 0.0001420 seconds
2016-06-27T18:54:29.447+0300: 1065.784: [GC (Allocation Failure) 2016-06-27T18:54:29.447+0300: 1065.784: [ParNew
Desired survivor size 17432576 bytes, new threshold 1 (max 6)
- age   1:   34853792 bytes,   34853792 total
: 306257K->34048K(306688K), 0.0381463 secs] 4272431K->4267268K(5208832K), 0.0383512 secs] [Times: user=0.13 sys=0.00, real=0.04 secs] 
2016-06-27T18:54:29.486+0300: 1065.822: Total time for which application threads were stopped: 0.0397103 seconds, Stopping threads took: 0.0009776 seconds
2016-06-27T18:54:29.810+0300: 1066.146: [GC (Allocation Failure) 2016-06-27T18:54:29.810+0300: 1066.146: [ParNew
Desired survivor size 17432576 bytes, new threshold 1 (max 6)
- age   1:   34854872 bytes,   34854872 total
: 306148K->34047K(306688K), 0.0377572 secs] 4539368K->4534309K(5208832K), 0.0378936 secs] [Times: user=0.13 sys=0.00, real=0.04 secs] 
2016-06-27T18:54:29.848+0300: 1066.184: Total time for which application threads were stopped: 0.0392026 seconds, Stopping threads took: 0.0009126 seconds
2016-06-27T18:54:30.033+0300: 1066.369: Total time for which application threads were stopped: 0.0021524 seconds, Stopping threads took: 0.0007197 seconds
2016-06-27T18:54:30.185+0300: 1066.522: [GC (Allocation Failure) 2016-06-27T18:54:30.185+0300: 1066.522: [ParNew
Desired survivor size 17432576 bytes, new threshold 1 (max 6)
- age   1:   34849568 bytes,   34849568 total
: 306459K->34047K(306688K), 0.0378953 secs] 4806721K->4802353K(5208832K), 0.0380364 secs] [Times: user=0.17 sys=0.00, real=0.04 secs] 
2016-06-27T18:54:30.223+0300: 1066.560: Total time for which application threads were stopped: 0.0392292 seconds, Stopping threads took: 0.0008078 seconds
2016-06-27T18:54:30.558+0300: 1066.894: [GC (Allocation Failure) 2016-06-27T18:54:30.558+0300: 1066.894: [ParNew: 306196K->306196K(306688K), 0.0000257 secs]2016-06-27T18:54:30.558+0300: 1066.894: [CMS: 4768306K->3779143K(4902144K), 0.5846428 secs] 5074502K->3779143K(5208832K), [Metaspace: 9062K->9062K(1058816K)], 0.5847947 secs] [Times: user=0.58 sys=0.00, real=0.58 secs] 
2016-06-27T18:54:31.142+0300: 1067.479: Total time for which application threads were stopped: 0.5863868 seconds, Stopping threads took: 0.0011829 seconds
2016-06-27T18:54:31.474+0300: 1067.810: [GC (Allocation Failure) 2016-06-27T18:54:31.474+0300: 1067.810: [ParNew
Desired survivor size 17432576 bytes, new threshold 1 (max 6)
- age   1:   34851272 bytes,   34851272 total
: 272299K->34048K(306688K), 0.0351096 secs] 4051442K->4046203K(5208832K), 0.0352430 secs] [Times: user=0.13 sys=0.00, real=0.04 secs] 
2016-06-27T18:54:31.509+0300: 1067.845: Total time for which application threads were stopped: 0.0362480 seconds, Stopping threads took: 0.0005350 seconds
2016-06-27T18:54:31.829+0300: 1068.166: [GC (Allocation Failure) 2016-06-27T18:54:31.829+0300: 1068.166: [ParNew
Desired survivor size 17432576 bytes, new threshold 1 (max 6)
- age   1:   34843600 bytes,   34843600 total
: 306049K->34034K(306688K), 0.0390778 secs] 4318204K->4313227K(5208832K), 0.0392984 secs] [Times: user=0.19 sys=0.00, real=0.04 secs] 
2016-06-27T18:54:31.869+0300: 1068.205: Total time for which application threads were stopped: 0.0405327 seconds, Stopping threads took: 0.0007694 seconds
2016-06-27T18:54:32.190+0300: 1068.526: [GC (Allocation Failure) 2016-06-27T18:54:32.190+0300: 1068.527: [ParNew
Desired survivor size 17432576 bytes, new threshold 1 (max 6)
- age   1:   34842616 bytes,   34842616 total
: 305727K->34035K(306688K), 0.0380514 secs] 4584920K->4580259K(5208832K), 0.0382096 secs] [Times: user=0.19 sys=0.00, real=0.04 secs] 
2016-06-27T18:54:32.228+0300: 1068.565: Total time for which application threads were stopped: 0.0403808 seconds, Stopping threads took: 0.0016507 seconds
2016-06-27T18:54:32.231+0300: 1068.567: Total time for which application threads were stopped: 0.0013035 seconds, Stopping threads took: 0.0000637 seconds
2016-06-27T18:54:32.597+0300: 1068.934: [GC (Allocation Failure) 2016-06-27T18:54:32.597+0300: 1068.934: [ParNew
Desired survivor size 17432576 bytes, new threshold 1 (max 6)
- age   1:   34863272 bytes,   34863272 total
: 306675K->34046K(306688K), 0.0399570 secs] 4852899K->4846333K(5208832K), 0.0401183 secs] [Times: user=0.17 sys=0.00, real=0.04 secs] 
2016-06-27T18:54:32.638+0300: 1068.974: Total time for which application threads were stopped: 0.0472490 seconds, Stopping threads took: 0.0066329 seconds
2016-06-27T18:54:32.960+0300: 1069.296: [GC (Allocation Failure) 2016-06-27T18:54:32.960+0300: 1069.296: [ParNew: 306112K->306112K(306688K), 0.0000458 secs]2016-06-27T18:54:32.960+0300: 1069.296: [CMS: 4812286K->3898149K(4902144K), 0.7103865 secs] 5118399K->3898149K(5208832K), [Metaspace: 9062K->9062K(1058816K)], 0.7106268 secs] [Times: user=0.70 sys=0.00, real=0.71 secs] 
2016-06-27T18:54:33.671+0300: 1070.007: Total time for which application threads were stopped: 0.7135939 seconds, Stopping threads took: 0.0024432 seconds
2016-06-27T18:54:33.992+0300: 1070.329: [GC (Allocation Failure) 2016-06-27T18:54:33.992+0300: 1070.329: [ParNew
Desired survivor size 17432576 bytes, new threshold 1 (max 6)
- age   1:   34850016 bytes,   34850016 total
: 271813K->34041K(306688K), 0.0347187 secs] 4169963K->4165202K(5208832K), 0.0348508 secs] [Times: user=0.13 sys=0.00, real=0.03 secs] 
2016-06-27T18:54:34.027+0300: 1070.364: Total time for which application threads were stopped: 0.0382250 seconds, Stopping threads took: 0.0028892 seconds
2016-06-27T18:54:34.361+0300: 1070.697: [GC (Allocation Failure) 2016-06-27T18:54:34.361+0300: 1070.697: [ParNew
Desired survivor size 17432576 bytes, new threshold 1 (max 6)
- age   1:   34849224 bytes,   34849224 total
: 306442K->34043K(306688K), 0.0391941 secs] 4437604K->4432242K(5208832K), 0.0393609 secs] [Times: user=0.19 sys=0.00, real=0.04 secs] 
2016-06-27T18:54:34.400+0300: 1070.736: Total time for which application threads were stopped: 0.0406969 seconds, Stopping threads took: 0.0007933 seconds
2016-06-27T18:54:34.723+0300: 1071.059: [GC (Allocation Failure) 2016-06-27T18:54:34.723+0300: 1071.059: [ParNew
Desired survivor size 17432576 bytes, new threshold 1 (max 6)
- age   1:   34851192 bytes,   34851192 total
: 306511K->34048K(306688K), 0.0371520 secs] 4704709K->4699284K(5208832K), 0.0372744 secs] [Times: user=0.19 sys=0.00, real=0.04 secs] 
2016-06-27T18:54:34.760+0300: 1071.096: Total time for which application threads were stopped: 0.0386116 seconds, Stopping threads took: 0.0008455 seconds
2016-06-27T18:54:34.761+0300: 1071.097: [GC (CMS Initial Mark) [1 CMS-initial-mark: 4665236K(4902144K)] 4700284K(5208832K), 0.0004251 secs] [Times: user=0.00 sys=0.00, real=0.00 secs] 
2016-06-27T18:54:34.761+0300: 1071.097: Total time for which application threads were stopped: 0.0008793 seconds, Stopping threads took: 0.0001031 seconds
2016-06-27T18:54:34.761+0300: 1071.097: [CMS-concurrent-mark-start]
2016-06-27T18:54:34.811+0300: 1071.147: [CMS-concurrent-mark: 0.050/0.050 secs] [Times: user=0.19 sys=0.00, real=0.05 secs] 
2016-06-27T18:54:34.811+0300: 1071.147: [CMS-concurrent-preclean-start]
2016-06-27T18:54:34.821+0300: 1071.157: [CMS-concurrent-preclean: 0.010/0.010 secs] [Times: user=0.06 sys=0.00, real=0.01 secs] 
2016-06-27T18:54:34.821+0300: 1071.158: [CMS-concurrent-abortable-preclean-start]
2016-06-27T18:54:34.844+0300: 1071.181: Total time for which application threads were stopped: 0.0014211 seconds, Stopping threads took: 0.0003233 seconds
2016-06-27T18:54:35.066+0300: 1071.402: [CMS-concurrent-abortable-preclean: 0.032/0.244 secs] [Times: user=0.84 sys=0.00, real=0.24 secs] 
2016-06-27T18:54:35.177+0300: 1071.514: [GC (Allocation Failure) 2016-06-27T18:54:35.183+0300: 1071.520: [ParNew: 306688K->306688K(306688K), 0.0000393 secs]2016-06-27T18:54:35.183+0300: 1071.520: [CMS (concurrent mode failure): 4665236K->3930150K(4902144K), 0.5973365 secs] 4971924K->3930150K(5208832K), [Metaspace: 9062K->9062K(1058816K)], 0.6035939 secs] [Times: user=0.59 sys=0.00, real=0.60 secs] 
2016-06-27T18:54:35.781+0300: 1072.117: Total time for which application threads were stopped: 0.6051938 seconds, Stopping threads took: 0.0011222 seconds
2016-06-27T18:54:36.034+0300: 1072.370: Total time for which application threads were stopped: 0.0020292 seconds, Stopping threads took: 0.0006701 seconds
2016-06-27T18:54:36.182+0300: 1072.518: [GC (Allocation Failure) 2016-06-27T18:54:36.182+0300: 1072.518: [ParNew
Desired survivor size 17432576 bytes, new threshold 1 (max 6)
- age   1:   34856560 bytes,   34856560 total
: 272640K->34048K(306688K), 0.0341700 secs] 4202790K->4196212K(5208832K), 0.0343479 secs] [Times: user=0.13 sys=0.00, real=0.03 secs] 
2016-06-27T18:54:36.216+0300: 1072.553: Total time for which application threads were stopped: 0.0350074 seconds, Stopping threads took: 0.0002369 seconds
2016-06-27T18:54:36.542+0300: 1072.878: [GC (Allocation Failure) 2016-06-27T18:54:36.542+0300: 1072.878: [ParNew
Desired survivor size 17432576 bytes, new threshold 1 (max 6)
- age   1:   34845328 bytes,   34845328 total
: 305964K->34038K(306688K), 0.0387395 secs] 4468128K->4463245K(5208832K), 0.0389178 secs] [Times: user=0.13 sys=0.00, real=0.04 secs] 
2016-06-27T18:54:36.581+0300: 1072.917: Total time for which application threads were stopped: 0.0403949 seconds, Stopping threads took: 0.0010845 seconds
2016-06-27T18:54:36.912+0300: 1073.249: [GC (Allocation Failure) 2016-06-27T18:54:36.912+0300: 1073.249: [ParNew
Desired survivor size 17432576 bytes, new threshold 1 (max 6)
- age   1:   34846840 bytes,   34846840 total
: 306197K->34046K(306688K), 0.0405485 secs] 4735404K->4730286K(5208832K), 0.0468157 secs] [Times: user=0.13 sys=0.00, real=0.05 secs] 
2016-06-27T18:54:36.959+0300: 1073.296: Total time for which application threads were stopped: 0.0483840 seconds, Stopping threads took: 0.0011512 seconds
2016-06-27T18:54:37.295+0300: 1073.632: Total time for which application threads were stopped: 0.0023884 seconds, Stopping threads took: 0.0008938 seconds
2016-06-27T18:54:37.342+0300: 1073.678: [GC (Allocation Failure) 2016-06-27T18:54:37.342+0300: 1073.678: [ParNew: 306686K->306686K(306688K), 0.0000231 secs]2016-06-27T18:54:37.342+0300: 1073.678: [CMS: 4696239K->3827144K(4902144K), 0.6188141 secs] 5002926K->3827144K(5208832K), [Metaspace: 9062K->9062K(1058816K)], 0.6189822 secs] [Times: user=0.63 sys=0.00, real=0.62 secs] 
2016-06-27T18:54:37.961+0300: 1074.297: Total time for which application threads were stopped: 0.6193312 seconds, Stopping threads took: 0.0000860 seconds
2016-06-27T18:54:38.034+0300: 1074.370: Total time for which application threads were stopped: 0.0013048 seconds, Stopping threads took: 0.0001587 seconds
2016-06-27T18:54:38.044+0300: 1074.380: Total time for which application threads were stopped: 0.0002968 seconds, Stopping threads took: 0.0001061 seconds
2016-06-27T18:54:38.289+0300: 1074.626: [GC (Allocation Failure) 2016-06-27T18:54:38.296+0300: 1074.632: [ParNew
Desired survivor size 17432576 bytes, new threshold 1 (max 6)
- age   1:   34863864 bytes,   34863864 total
: 272561K->34048K(306688K), 0.0352473 secs] 4099705K->4093251K(5208832K), 0.0412490 secs] [Times: user=0.13 sys=0.00, real=0.04 secs] 
2016-06-27T18:54:38.331+0300: 1074.667: Total time for which application threads were stopped: 0.0418939 seconds, Stopping threads took: 0.0003845 seconds
2016-06-27T18:54:38.646+0300: 1074.982: [GC (Allocation Failure) 2016-06-27T18:54:38.646+0300: 1074.982: [ParNew
Desired survivor size 17432576 bytes, new threshold 1 (max 6)
- age   1:   34850808 bytes,   34850808 total
: 305738K->34042K(306688K), 0.0381806 secs] 4364941K->4359298K(5208832K), 0.0383131 secs] [Times: user=0.13 sys=0.00, real=0.04 secs] 
2016-06-27T18:54:38.684+0300: 1075.021: Total time for which application threads were stopped: 0.0399331 seconds, Stopping threads took: 0.0012419 seconds
2016-06-27T18:54:39.025+0300: 1075.362: [GC (Allocation Failure) 2016-06-27T18:54:39.025+0300: 1075.362: [ParNew
Desired survivor size 17432576 bytes, new threshold 1 (max 6)
- age   1:   34853544 bytes,   34853544 total
: 306682K->34048K(306688K), 0.0384175 secs] 4631938K->4626340K(5208832K), 0.0385967 secs] [Times: user=0.13 sys=0.00, real=0.04 secs] 
2016-06-27T18:54:39.064+0300: 1075.401: Total time for which application threads were stopped: 0.0394900 seconds, Stopping threads took: 0.0004499 seconds
2016-06-27T18:54:39.382+0300: 1075.718: [GC (Allocation Failure) 2016-06-27T18:54:39.382+0300: 1075.718: [ParNew
Desired survivor size 17432576 bytes, new threshold 1 (max 6)
- age   1:   34849960 bytes,   34849960 total
: 306277K->34045K(306688K), 0.0386232 secs] 4898570K->4893378K(5208832K), 0.0387887 secs] [Times: user=0.13 sys=0.00, real=0.04 secs] 
2016-06-27T18:54:39.421+0300: 1075.757: Total time for which application threads were stopped: 0.0401260 seconds, Stopping threads took: 0.0008771 seconds
2016-06-27T18:54:39.740+0300: 1076.077: [GC (Allocation Failure) 2016-06-27T18:54:39.746+0300: 1076.083: [ParNew: 306376K->306376K(306688K), 0.0000389 secs]2016-06-27T18:54:39.746+0300: 1076.083: [CMS: 4859333K->3810142K(4902144K), 0.6909979 secs] 5165709K->3810142K(5208832K), [Metaspace: 9062K->9062K(1058816K)], 0.6972340 secs] [Times: user=0.69 sys=0.00, real=0.70 secs] 
2016-06-27T18:54:40.437+0300: 1076.774: Total time for which application threads were stopped: 0.7004230 seconds, Stopping threads took: 0.0027242 seconds
2016-06-27T18:54:40.766+0300: 1077.102: [GC (Allocation Failure) 2016-06-27T18:54:40.766+0300: 1077.102: [ParNew
Desired survivor size 17432576 bytes, new threshold 1 (max 6)
- age   1:   34853160 bytes,   34853160 total
: 272241K->34048K(306688K), 0.0350210 secs] 4082383K->4077203K(5208832K), 0.0351459 secs] [Times: user=0.13 sys=0.00, real=0.04 secs] 
2016-06-27T18:54:40.801+0300: 1077.137: Total time for which application threads were stopped: 0.0362647 seconds, Stopping threads took: 0.0007133 seconds
2016-06-27T18:54:41.140+0300: 1077.477: [GC (Allocation Failure) 2016-06-27T18:54:41.140+0300: 1077.477: [ParNew
Desired survivor size 17432576 bytes, new threshold 1 (max 6)
- age   1:   34851704 bytes,   34851704 total
: 306372K->34048K(306688K), 0.0410026 secs] 4349527K->4344243K(5208832K), 0.0411553 secs] [Times: user=0.19 sys=0.00, real=0.04 secs] 
2016-06-27T18:54:41.181+0300: 1077.518: Total time for which application threads were stopped: 0.0437807 seconds, Stopping threads took: 0.0020899 seconds
2016-06-27T18:54:41.504+0300: 1077.841: [GC (Allocation Failure) 2016-06-27T18:54:41.504+0300: 1077.841: [ParNew
Desired survivor size 17432576 bytes, new threshold 1 (max 6)
- age   1:   34861632 bytes,   34861632 total
: 306646K->34048K(306688K), 0.0391291 secs] 4616841K->4611500K(5208832K), 0.0392907 secs] [Times: user=0.19 sys=0.00, real=0.04 secs] 
2016-06-27T18:54:41.544+0300: 1077.880: Total time for which application threads were stopped: 0.0412024 seconds, Stopping threads took: 0.0013185 seconds
2016-06-27T18:54:41.816+0300: 1078.153: Total time for which application threads were stopped: 0.0062309 seconds, Stopping threads took: 0.0048389 seconds
2016-06-27T18:54:41.909+0300: 1078.245: [GC (Allocation Failure) 2016-06-27T18:54:41.909+0300: 1078.246: [ParNew
Desired survivor size 17432576 bytes, new threshold 1 (max 6)
- age   1:   34847184 bytes,   34847184 total
: 306688K->34042K(306688K), 0.0394537 secs] 4884140K->4878546K(5208832K), 0.0396166 secs] [Times: user=0.19 sys=0.00, real=0.04 secs] 
2016-06-27T18:54:41.949+0300: 1078.285: Total time for which application threads were stopped: 0.0409346 seconds, Stopping threads took: 0.0007540 seconds
2016-06-27T18:54:42.363+0300: 1078.700: [GC (Allocation Failure) 2016-06-27T18:54:42.363+0300: 1078.700: [ParNew: 306682K->306682K(306688K), 0.0000346 secs]2016-06-27T18:54:42.363+0300: 1078.700: [CMS: 4844504K->3705133K(4902144K), 0.5798771 secs] 5151186K->3705133K(5208832K), [Metaspace: 9062K->9062K(1058816K)], 0.5800610 secs] [Times: user=0.59 sys=0.00, real=0.58 secs] 
2016-06-27T18:54:42.943+0300: 1079.280: Total time for which application threads were stopped: 0.5836823 seconds, Stopping threads took: 0.0032386 seconds
2016-06-27T18:54:43.055+0300: 1079.391: Total time for which application threads were stopped: 0.0010067 seconds, Stopping threads took: 0.0003391 seconds
2016-06-27T18:54:43.296+0300: 1079.633: [GC (Allocation Failure) 2016-06-27T18:54:43.296+0300: 1079.633: [ParNew
Desired survivor size 17432576 bytes, new threshold 1 (max 6)
- age   1:   34864512 bytes,   34864512 total
: 272640K->34048K(306688K), 0.0359867 secs] 3977773K->3970245K(5208832K), 0.0361368 secs] [Times: user=0.13 sys=0.00, real=0.04 secs] 
2016-06-27T18:54:43.333+0300: 1079.669: Total time for which application threads were stopped: 0.0369951 seconds, Stopping threads took: 0.0004550 seconds
2016-06-27T18:54:43.648+0300: 1079.984: [GC (Allocation Failure) 2016-06-27T18:54:43.648+0300: 1079.985: [ParNew
Desired survivor size 17432576 bytes, new threshold 1 (max 6)
- age   1:   34854072 bytes,   34854072 total
: 306492K->34048K(306688K), 0.0380189 secs] 4242689K->4237303K(5208832K), 0.0381840 secs] [Times: user=0.13 sys=0.00, real=0.04 secs] 
2016-06-27T18:54:43.686+0300: 1080.023: Total time for which application threads were stopped: 0.0395110 seconds, Stopping threads took: 0.0009601 seconds
2016-06-27T18:54:44.022+0300: 1080.358: [GC (Allocation Failure) 2016-06-27T18:54:44.028+0300: 1080.364: [ParNew
Desired survivor size 17432576 bytes, new threshold 1 (max 6)
- age   1:   34851704 bytes,   34851704 total
: 306108K->34048K(306688K), 0.0387930 secs] 4509363K->4504343K(5208832K), 0.0447878 secs] [Times: user=0.13 sys=0.00, real=0.04 secs] 
2016-06-27T18:54:44.067+0300: 1080.403: Total time for which application threads were stopped: 0.0468927 seconds, Stopping threads took: 0.0017654 seconds
2016-06-27T18:54:44.389+0300: 1080.725: [GC (Allocation Failure) 2016-06-27T18:54:44.389+0300: 1080.725: [ParNew
Desired survivor size 17432576 bytes, new threshold 1 (max 6)
- age   1:   34845368 bytes,   34845368 total
: 306388K->34035K(306688K), 0.0387031 secs] 4776684K->4771370K(5208832K), 0.0388357 secs] [Times: user=0.19 sys=0.00, real=0.04 secs] 
2016-06-27T18:54:44.428+0300: 1080.764: Total time for which application threads were stopped: 0.0396235 seconds, Stopping threads took: 0.0004773 seconds
2016-06-27T18:54:44.747+0300: 1081.084: [GC (Allocation Failure) 2016-06-27T18:54:44.747+0300: 1081.084: [ParNew: 306217K->306217K(306688K), 0.0000222 secs]2016-06-27T18:54:44.747+0300: 1081.084: [CMS: 4737334K->3853144K(4902144K), 0.5976431 secs] 5043552K->3853144K(5208832K), [Metaspace: 9062K->9062K(1058816K)], 0.5977774 secs] [Times: user=0.59 sys=0.00, real=0.60 secs] 
2016-06-27T18:54:45.345+0300: 1081.682: Total time for which application threads were stopped: 0.5986464 seconds, Stopping threads took: 0.0005376 seconds
2016-06-27T18:54:45.691+0300: 1082.028: Total time for which application threads were stopped: 0.0016191 seconds, Stopping threads took: 0.0008044 seconds
2016-06-27T18:54:45.738+0300: 1082.074: [GC (Allocation Failure) 2016-06-27T18:54:45.738+0300: 1082.074: [ParNew
Desired survivor size 17432576 bytes, new threshold 1 (max 6)
- age   1:   34860712 bytes,   34860712 total
: 272640K->34048K(306688K), 0.0345121 secs] 4125784K->4120246K(5208832K), 0.0346845 secs] [Times: user=0.19 sys=0.00, real=0.04 secs] 
2016-06-27T18:54:45.773+0300: 1082.109: Total time for which application threads were stopped: 0.0351626 seconds, Stopping threads took: 0.0000872 seconds
2016-06-27T18:54:46.063+0300: 1082.399: Total time for which application threads were stopped: 0.0015917 seconds, Stopping threads took: 0.0007668 seconds
2016-06-27T18:54:46.112+0300: 1082.449: [GC (Allocation Failure) 2016-06-27T18:54:46.112+0300: 1082.449: [ParNew
Desired survivor size 17432576 bytes, new threshold 1 (max 6)
- age   1:   33837024 bytes,   33837024 total
: 306390K->33060K(306688K), 0.0399160 secs] 4392589K->4386303K(5208832K), 0.0400802 secs] [Times: user=0.19 sys=0.00, real=0.04 secs] 
2016-06-27T18:54:46.152+0300: 1082.489: Total time for which application threads were stopped: 0.0405810 seconds, Stopping threads took: 0.0001407 seconds
2016-06-27T18:54:46.281+0300: 1082.617: [GC (CMS Initial Mark) [1 CMS-initial-mark: 4353243K(4902144K)] 4496272K(5208832K), 0.0003986 secs] [Times: user=0.00 sys=0.00, real=0.00 secs] 
2016-06-27T18:54:46.281+0300: 1082.617: Total time for which application threads were stopped: 0.0014361 seconds, Stopping threads took: 0.0007873 seconds
2016-06-27T18:54:46.281+0300: 1082.617: [CMS-concurrent-mark-start]
2016-06-27T18:54:46.331+0300: 1082.667: [CMS-concurrent-mark: 0.050/0.050 secs] [Times: user=0.19 sys=0.00, real=0.05 secs] 
2016-06-27T18:54:46.331+0300: 1082.668: [CMS-concurrent-preclean-start]
2016-06-27T18:54:46.344+0300: 1082.680: [CMS-concurrent-preclean: 0.013/0.013 secs] [Times: user=0.06 sys=0.00, real=0.01 secs] 
2016-06-27T18:54:46.344+0300: 1082.680: [CMS-concurrent-abortable-preclean-start]
2016-06-27T18:54:46.498+0300: 1082.835: [GC (Allocation Failure) 2016-06-27T18:54:46.498+0300: 1082.835: [ParNew
Desired survivor size 17432576 bytes, new threshold 1 (max 6)
- age   1:   34857392 bytes,   34857392 total
: 305700K->34048K(306688K), 0.0389456 secs] 4658943K->4655341K(5208832K), 0.0391120 secs] [Times: user=0.19 sys=0.00, real=0.04 secs] 
2016-06-27T18:54:46.537+0300: 1082.874: Total time for which application threads were stopped: 0.0408025 seconds, Stopping threads took: 0.0013279 seconds
2016-06-27T18:54:46.871+0300: 1083.207: [GC (Allocation Failure) 2016-06-27T18:54:46.871+0300: 1083.207: [ParNew: 306410K->306410K(306688K), 0.0000355 secs]2016-06-27T18:54:46.871+0300: 1083.207: [CMS2016-06-27T18:54:46.872+0300: 1083.208: [CMS-concurrent-abortable-preclean: 0.065/0.527 secs] [Times: user=2.11 sys=0.00, real=0.53 secs] 
 (concurrent mode failure): 4621293K->3842146K(4902144K), 0.6465719 secs] 4927703K->3842146K(5208832K), [Metaspace: 9062K->9062K(1058816K)], 0.6467605 secs] [Times: user=0.63 sys=0.00, real=0.65 secs] 
2016-06-27T18:54:47.517+0300: 1083.854: Total time for which application threads were stopped: 0.6503776 seconds, Stopping threads took: 0.0031800 seconds
2016-06-27T18:54:47.671+0300: 1084.007: Total time for which application threads were stopped: 0.0011966 seconds, Stopping threads took: 0.0005598 seconds
2016-06-27T18:54:47.874+0300: 1084.210: [GC (Allocation Failure) 2016-06-27T18:54:47.874+0300: 1084.210: [ParNew
Desired survivor size 17432576 bytes, new threshold 1 (max 6)
- age   1:   34863280 bytes,   34863280 total
: 272640K->34048K(306688K), 0.0353127 secs] 4114786K->4107220K(5208832K), 0.0354461 secs] [Times: user=0.13 sys=0.00, real=0.03 secs] 
2016-06-27T18:54:47.909+0300: 1084.246: Total time for which application threads were stopped: 0.0363771 seconds, Stopping threads took: 0.0005872 seconds
2016-06-27T18:54:48.062+0300: 1084.399: Total time for which application threads were stopped: 0.0010986 seconds, Stopping threads took: 0.0003272 seconds
2016-06-27T18:54:48.240+0300: 1084.577: [GC (Allocation Failure) 2016-06-27T18:54:48.240+0300: 1084.577: [ParNew
Desired survivor size 17432576 bytes, new threshold 1 (max 6)
- age   1:   34853784 bytes,   34853784 total
: 306148K->34048K(306688K), 0.0388905 secs] 4379320K->4374280K(5208832K), 0.0390350 secs] [Times: user=0.13 sys=0.00, real=0.04 secs] 
2016-06-27T18:54:48.280+0300: 1084.616: Total time for which application threads were stopped: 0.0405391 seconds, Stopping threads took: 0.0011418 seconds
2016-06-27T18:54:48.595+0300: 1084.931: [GC (Allocation Failure) 2016-06-27T18:54:48.595+0300: 1084.931: [ParNew
Desired survivor size 17432576 bytes, new threshold 1 (max 6)
- age   1:   34854736 bytes,   34854736 total
: 305801K->34048K(306688K), 0.0383833 secs] 4646034K->4637320K(5208832K), 0.0385620 secs] [Times: user=0.19 sys=0.00, real=0.04 secs] 
2016-06-27T18:54:48.634+0300: 1084.970: Total time for which application threads were stopped: 0.0404591 seconds, Stopping threads took: 0.0015045 seconds
2016-06-27T18:54:48.959+0300: 1085.296: [GC (Allocation Failure) 2016-06-27T18:54:48.960+0300: 1085.296: [ParNew: 306502K->306502K(306688K), 0.0000342 secs]2016-06-27T18:54:48.960+0300: 1085.296: [CMS: 4603272K->3917157K(4902144K), 0.6259393 secs] 4909775K->3917157K(5208832K), [Metaspace: 9062K->9062K(1058816K)], 0.6261347 secs] [Times: user=0.63 sys=0.00, real=0.63 secs] 
2016-06-27T18:54:49.586+0300: 1085.922: Total time for which application threads were stopped: 0.6278535 seconds, Stopping threads took: 0.0013441 seconds
2016-06-27T18:54:49.883+0300: 1086.220: Total time for which application threads were stopped: 0.0011102 seconds, Stopping threads took: 0.0005333 seconds
2016-06-27T18:54:49.953+0300: 1086.289: [GC (Allocation Failure) 2016-06-27T18:54:49.959+0300: 1086.295: [ParNew
Desired survivor size 17432576 bytes, new threshold 1 (max 6)
- age   1:   33863824 bytes,   33863824 total
: 272640K->33094K(306688K), 0.0361569 secs] 4189797K->4183263K(5208832K), 0.0421817 secs] [Times: user=0.13 sys=0.00, real=0.04 secs] 
2016-06-27T18:54:49.995+0300: 1086.332: Total time for which application threads were stopped: 0.0425781 seconds, Stopping threads took: 0.0000949 seconds
2016-06-27T18:54:50.333+0300: 1086.669: [GC (Allocation Failure) 2016-06-27T18:54:50.333+0300: 1086.669: [ParNew
Desired survivor size 17432576 bytes, new threshold 1 (max 6)
- age   1:   34846544 bytes,   34846544 total
: 305073K->34046K(306688K), 0.0482505 secs] 4455242K->4450308K(5208832K), 0.0484207 secs] [Times: user=0.16 sys=0.00, real=0.05 secs] 
2016-06-27T18:54:50.381+0300: 1086.718: Total time for which application threads were stopped: 0.0540063 seconds, Stopping threads took: 0.0052050 seconds
2016-06-27T18:54:50.710+0300: 1087.046: [GC (Allocation Failure) 2016-06-27T18:54:50.710+0300: 1087.046: [ParNew
Desired survivor size 17432576 bytes, new threshold 1 (max 6)
- age   1:   34861080 bytes,   34861080 total
: 306686K->34047K(306688K), 0.0389118 secs] 4722948K->4717344K(5208832K), 0.0390431 secs] [Times: user=0.13 sys=0.00, real=0.04 secs] 
2016-06-27T18:54:50.749+0300: 1087.085: Total time for which application threads were stopped: 0.0422018 seconds, Stopping threads took: 0.0028046 seconds
2016-06-27T18:54:51.081+0300: 1087.418: [GC (Allocation Failure) 2016-06-27T18:54:51.081+0300: 1087.418: [ParNew: 306159K->306159K(306688K), 0.0000415 secs]2016-06-27T18:54:51.081+0300: 1087.418: [CMS: 4683296K->3829165K(4902144K), 0.6265123 secs] 4989456K->3829165K(5208832K), [Metaspace: 9062K->9062K(1058816K)], 0.6267099 secs] [Times: user=0.64 sys=0.00, real=0.63 secs] 
2016-06-27T18:54:51.708+0300: 1088.045: Total time for which application threads were stopped: 0.6307363 seconds, Stopping threads took: 0.0036013 seconds
2016-06-27T18:54:52.025+0300: 1088.362: [GC (Allocation Failure) 2016-06-27T18:54:52.025+0300: 1088.362: [ParNew
Desired survivor size 17432576 bytes, new threshold 1 (max 6)
- age   1:   34846080 bytes,   34846080 total
: 272562K->34042K(306688K), 0.0356937 secs] 4101728K->4096220K(5208832K), 0.0358199 secs] [Times: user=0.13 sys=0.00, real=0.04 secs] 
2016-06-27T18:54:52.061+0300: 1088.398: Total time for which application threads were stopped: 0.0366679 seconds, Stopping threads took: 0.0005234 seconds
2016-06-27T18:54:52.380+0300: 1088.717: [GC (Allocation Failure) 2016-06-27T18:54:52.380+0300: 1088.717: [ParNew
Desired survivor size 17432576 bytes, new threshold 1 (max 6)
- age   1:   34864424 bytes,   34864424 total
: 305874K->34048K(306688K), 0.0391291 secs] 4368052K->4362273K(5208832K), 0.0392873 secs] [Times: user=0.13 sys=0.00, real=0.04 secs] 
2016-06-27T18:54:52.419+0300: 1088.756: Total time for which application threads were stopped: 0.0404048 seconds, Stopping threads took: 0.0006539 seconds
2016-06-27T18:54:52.802+0300: 1089.138: [GC (Allocation Failure) 2016-06-27T18:54:52.802+0300: 1089.138: [ParNew
Desired survivor size 17432576 bytes, new threshold 1 (max 6)
- age   1:   34857760 bytes,   34857760 total
: 306688K->34048K(306688K), 0.0392865 secs] 4634913K->4628360K(5208832K), 0.0395435 secs] [Times: user=0.13 sys=0.00, real=0.04 secs] 
2016-06-27T18:54:52.841+0300: 1089.178: Total time for which application threads were stopped: 0.0425195 seconds, Stopping threads took: 0.0025035 seconds
2016-06-27T18:54:53.168+0300: 1089.504: [GC (Allocation Failure) 2016-06-27T18:54:53.168+0300: 1089.504: [ParNew
Desired survivor size 17432576 bytes, new threshold 1 (max 6)
- age   1:   34847528 bytes,   34847528 total
: 306391K->34041K(306688K), 0.0387331 secs] 4900703K->4895398K(5208832K), 0.0448631 secs] [Times: user=0.13 sys=0.00, real=0.05 secs] 
2016-06-27T18:54:53.213+0300: 1089.549: Total time for which application threads were stopped: 0.0476403 seconds, Stopping threads took: 0.0022978 seconds
2016-06-27T18:54:53.540+0300: 1089.876: [GC (Allocation Failure) 2016-06-27T18:54:53.540+0300: 1089.876: [ParNew: 305764K->305764K(306688K), 0.0000329 secs]2016-06-27T18:54:53.540+0300: 1089.876: [CMS: 4861357K->3887149K(4902144K), 0.6504165 secs] 5167121K->3887149K(5208832K), [Metaspace: 9062K->9062K(1058816K)], 0.6505996 secs] [Times: user=0.64 sys=0.00, real=0.65 secs] 
2016-06-27T18:54:54.190+0300: 1090.526: Total time for which application threads were stopped: 0.6588871 seconds, Stopping threads took: 0.0078098 seconds
2016-06-27T18:54:54.513+0300: 1090.849: [GC (Allocation Failure) 2016-06-27T18:54:54.513+0300: 1090.849: [ParNew
Desired survivor size 17432576 bytes, new threshold 1 (max 6)
- age   1:   34847048 bytes,   34847048 total
: 272525K->34041K(306688K), 0.0366170 secs] 4159675K->4154203K(5208832K), 0.0367689 secs] [Times: user=0.13 sys=0.00, real=0.04 secs] 
2016-06-27T18:54:54.550+0300: 1090.886: Total time for which application threads were stopped: 0.0387891 seconds, Stopping threads took: 0.0015832 seconds
2016-06-27T18:54:54.868+0300: 1091.205: [GC (Allocation Failure) 2016-06-27T18:54:54.868+0300: 1091.205: [ParNew
Desired survivor size 17432576 bytes, new threshold 1 (max 6)
- age   1:   34863424 bytes,   34863424 total
: 306045K->34046K(306688K), 0.0384688 secs] 4426207K->4421280K(5208832K), 0.0386505 secs] [Times: user=0.13 sys=0.00, real=0.04 secs] 
2016-06-27T18:54:54.907+0300: 1091.244: Total time for which application threads were stopped: 0.0400913 seconds, Stopping threads took: 0.0009199 seconds
2016-06-27T18:54:54.940+0300: 1091.276: [GC (CMS Initial Mark) [1 CMS-initial-mark: 4387234K(4902144K)] 4450984K(5208832K), 0.0004533 secs] [Times: user=0.00 sys=0.00, real=0.00 secs] 
2016-06-27T18:54:54.940+0300: 1091.277: Total time for which application threads were stopped: 0.0009973 seconds, Stopping threads took: 0.0001702 seconds
2016-06-27T18:54:54.940+0300: 1091.277: [CMS-concurrent-mark-start]
2016-06-27T18:54:54.990+0300: 1091.327: [CMS-concurrent-mark: 0.050/0.050 secs] [Times: user=0.25 sys=0.00, real=0.05 secs] 
2016-06-27T18:54:54.991+0300: 1091.327: [CMS-concurrent-preclean-start]
2016-06-27T18:54:55.001+0300: 1091.337: [CMS-concurrent-preclean: 0.010/0.010 secs] [Times: user=0.00 sys=0.00, real=0.01 secs] 
2016-06-27T18:54:55.001+0300: 1091.337: [CMS-concurrent-abortable-preclean-start]
2016-06-27T18:54:55.250+0300: 1091.586: [GC (Allocation Failure) 2016-06-27T18:54:55.250+0300: 1091.586: [ParNew
Desired survivor size 17432576 bytes, new threshold 1 (max 6)
- age   1:   34853152 bytes,   34853152 total
: 306406K->34042K(306688K), 0.0382477 secs] 4693640K->4688331K(5208832K), 0.0383991 secs] [Times: user=0.17 sys=0.02, real=0.04 secs] 
2016-06-27T18:54:55.288+0300: 1091.625: Total time for which application threads were stopped: 0.0413366 seconds, Stopping threads took: 0.0023354 seconds
2016-06-27T18:54:55.459+0300: 1091.795: Total time for which application threads were stopped: 0.0036175 seconds, Stopping threads took: 0.0022969 seconds
2016-06-27T18:54:55.569+0300: 1091.906: [CMS-concurrent-abortable-preclean: 0.075/0.569 secs] [Times: user=2.20 sys=0.03, real=0.57 secs] 
2016-06-27T18:54:55.651+0300: 1091.987: [GC (CMS Final Remark) [YG occupancy: 306682 K (306688 K)]2016-06-27T18:54:55.651+0300: 1091.987: [Rescan (parallel) , 0.0046495 secs]2016-06-27T18:54:55.656+0300: 1091.992: [weak refs processing, 0.0000269 secs]2016-06-27T18:54:55.656+0300: 1091.992: [class unloading, 0.0023837 secs]2016-06-27T18:54:55.658+0300: 1091.994: [scrub symbol table, 0.0013552 secs]2016-06-27T18:54:55.660+0300: 1091.996: [scrub string table, 0.0002955 secs][1 CMS-remark: 4654288K(4902144K)] 4960971K(5208832K), 0.0090611 secs] [Times: user=0.00 sys=0.00, real=0.01 secs] 
2016-06-27T18:54:55.660+0300: 1091.996: Total time for which application threads were stopped: 0.0116442 seconds, Stopping threads took: 0.0020703 seconds
2016-06-27T18:54:55.660+0300: 1091.996: [CMS-concurrent-sweep-start]
2016-06-27T18:54:55.662+0300: 1091.998: [GC (Allocation Failure) 2016-06-27T18:54:55.662+0300: 1091.998: [ParNew: 306682K->306682K(306688K), 0.0000376 secs]2016-06-27T18:54:55.662+0300: 1091.998: [CMS2016-06-27T18:54:55.671+0300: 1092.007: [CMS-concurrent-sweep: 0.009/0.011 secs] [Times: user=0.06 sys=0.00, real=0.01 secs] 
 (concurrent mode failure): 4654288K->3771159K(4902144K), 0.6105852 secs] 4960971K->3771159K(5208832K), [Metaspace: 9062K->9062K(1058816K)], 0.6109526 secs] [Times: user=0.61 sys=0.00, real=0.61 secs] 
2016-06-27T18:54:56.273+0300: 1092.609: Total time for which application threads were stopped: 0.6115962 seconds, Stopping threads took: 0.0000842 seconds
2016-06-27T18:54:56.681+0300: 1093.017: [GC (Allocation Failure) 2016-06-27T18:54:56.681+0300: 1093.018: [ParNew
Desired survivor size 17432576 bytes, new threshold 1 (max 6)
- age   1:   34859000 bytes,   34859000 total
: 272640K->34047K(306688K), 0.0351151 secs] 4043799K->4038256K(5208832K), 0.0352652 secs] [Times: user=0.13 sys=0.00, real=0.04 secs] 
2016-06-27T18:54:56.716+0300: 1093.053: Total time for which application threads were stopped: 0.0363592 seconds, Stopping threads took: 0.0006894 seconds
2016-06-27T18:54:56.719+0300: 1093.055: Total time for which application threads were stopped: 0.0007664 seconds, Stopping threads took: 0.0000663 seconds
2016-06-27T18:54:57.038+0300: 1093.374: [GC (Allocation Failure) 2016-06-27T18:54:57.038+0300: 1093.374: [ParNew
Desired survivor size 17432576 bytes, new threshold 1 (max 6)
- age   1:   34859528 bytes,   34859528 total
: 305860K->34048K(306688K), 0.0405763 secs] 4310070K->4303307K(5208832K), 0.0406986 secs] [Times: user=0.13 sys=0.00, real=0.04 secs] 
2016-06-27T18:54:57.079+0300: 1093.415: Total time for which application threads were stopped: 0.0415945 seconds, Stopping threads took: 0.0004794 seconds
2016-06-27T18:54:57.392+0300: 1093.729: [GC (Allocation Failure) 2016-06-27T18:54:57.393+0300: 1093.729: [ParNew
Desired survivor size 17432576 bytes, new threshold 1 (max 6)
- age   1:   34842912 bytes,   34842912 total
: 305738K->34042K(306688K), 0.0388969 secs] 4574997K->4570350K(5208832K), 0.0390252 secs] [Times: user=0.19 sys=0.00, real=0.04 secs] 
2016-06-27T18:54:57.432+0300: 1093.768: Total time for which application threads were stopped: 0.0400190 seconds, Stopping threads took: 0.0006654 seconds
2016-06-27T18:54:57.760+0300: 1094.096: [GC (Allocation Failure) 2016-06-27T18:54:57.765+0300: 1094.101: [ParNew
Desired survivor size 17432576 bytes, new threshold 1 (max 6)
- age   1:   34848864 bytes,   34848864 total
: 306186K->34045K(306688K), 0.0387425 secs] 4842494K->4837382K(5208832K), 0.0442712 secs] [Times: user=0.13 sys=0.00, real=0.04 secs] 
2016-06-27T18:54:57.801+0300: 1094.140: Total time for which application threads were stopped: 0.0452091 seconds, Stopping threads took: 0.0005816 seconds
2016-06-27T18:54:58.151+0300: 1094.487: [GC (Allocation Failure) 2016-06-27T18:54:58.151+0300: 1094.487: [ParNew: 306223K->306223K(306688K), 0.0000329 secs]2016-06-27T18:54:58.151+0300: 1094.487: [CMS: 4803337K->3829161K(4902144K), 0.5874427 secs] 5109561K->3829161K(5208832K), [Metaspace: 9062K->9062K(1058816K)], 0.5876351 secs] [Times: user=0.58 sys=0.00, real=0.59 secs] 
2016-06-27T18:54:58.738+0300: 1095.075: Total time for which application threads were stopped: 0.5887872 seconds, Stopping threads took: 0.0006483 seconds
2016-06-27T18:54:58.900+0300: 1095.236: Total time for which application threads were stopped: 0.0012034 seconds, Stopping threads took: 0.0003836 seconds
2016-06-27T18:54:58.908+0300: 1095.245: Total time for which application threads were stopped: 0.0004294 seconds, Stopping threads took: 0.0000872 seconds
2016-06-27T18:54:59.107+0300: 1095.444: [GC (Allocation Failure) 2016-06-27T18:54:59.107+0300: 1095.444: [ParNew
Desired survivor size 17432576 bytes, new threshold 1 (max 6)
- age   1:   34857224 bytes,   34857224 total
: 272640K->34047K(306688K), 0.0358545 secs] 4101801K->4094277K(5208832K), 0.0360342 secs] [Times: user=0.13 sys=0.00, real=0.04 secs] 
2016-06-27T18:54:59.143+0300: 1095.480: Total time for which application threads were stopped: 0.0368035 seconds, Stopping threads took: 0.0002942 seconds
2016-06-27T18:54:59.466+0300: 1095.802: [GC (Allocation Failure) 2016-06-27T18:54:59.466+0300: 1095.802: [ParNew
Desired survivor size 17432576 bytes, new threshold 1 (max 6)
- age   1:   34847368 bytes,   34847368 total
: 306670K->34038K(306688K), 0.0397736 secs] 4366900K->4361312K(5208832K), 0.0399429 secs] [Times: user=0.19 sys=0.00, real=0.04 secs] 
2016-06-27T18:54:59.506+0300: 1095.842: Total time for which application threads were stopped: 0.0416287 seconds, Stopping threads took: 0.0012081 seconds
2016-06-27T18:54:59.854+0300: 1096.191: [GC (Allocation Failure) 2016-06-27T18:54:59.854+0300: 1096.191: [ParNew
Desired survivor size 17432576 bytes, new threshold 1 (max 6)
- age   1:   34853160 bytes,   34853160 total
: 306678K->34048K(306688K), 0.0378560 secs] 4633952K->4628356K(5208832K), 0.0380245 secs] [Times: user=0.13 sys=0.00, real=0.04 secs] 
2016-06-27T18:54:59.892+0300: 1096.229: Total time for which application threads were stopped: 0.0413957 seconds, Stopping threads took: 0.0029145 seconds
2016-06-27T18:55:00.233+0300: 1096.569: [GC (Allocation Failure) 2016-06-27T18:55:00.233+0300: 1096.569: [ParNew
Desired survivor size 17432576 bytes, new threshold 1 (max 6)
- age   1:   34851016 bytes,   34851016 total
: 306456K->34048K(306688K), 0.0381476 secs] 4900764K->4895396K(5208832K), 0.0383041 secs] [Times: user=0.19 sys=0.00, real=0.04 secs] 
2016-06-27T18:55:00.271+0300: 1096.608: Total time for which application threads were stopped: 0.0476287 seconds, Stopping threads took: 0.0088383 seconds
2016-06-27T18:55:00.613+0300: 1096.949: [GC (Allocation Failure) 2016-06-27T18:55:00.613+0300: 1096.949: [ParNew: 306688K->306688K(306688K), 0.0000334 secs]2016-06-27T18:55:00.613+0300: 1096.949: [CMS: 4861348K->3707154K(4902144K), 0.6466844 secs] 5168036K->3707154K(5208832K), [Metaspace: 9062K->9062K(1058816K)], 0.6468879 secs] [Times: user=0.66 sys=0.00, real=0.65 secs] 
2016-06-27T18:55:01.260+0300: 1097.596: Total time for which application threads were stopped: 0.6543488 seconds, Stopping threads took: 0.0069678 seconds
2016-06-27T18:55:01.584+0300: 1097.920: [GC (Allocation Failure) 2016-06-27T18:55:01.584+0300: 1097.920: [ParNew
Desired survivor size 17432576 bytes, new threshold 1 (max 6)
- age   1:   34845056 bytes,   34845056 total
: 271821K->34043K(306688K), 0.0361137 secs] 3978975K->3974209K(5208832K), 0.0362788 secs] [Times: user=0.13 sys=0.00, real=0.04 secs] 
2016-06-27T18:55:01.620+0300: 1097.956: Total time for which application threads were stopped: 0.0377841 seconds, Stopping threads took: 0.0009973 seconds
2016-06-27T18:55:01.941+0300: 1098.277: [GC (Allocation Failure) 2016-06-27T18:55:01.941+0300: 1098.277: [ParNew
Desired survivor size 17432576 bytes, new threshold 1 (max 6)
- age   1:   34845936 bytes,   34845936 total
: 305939K->34037K(306688K), 0.0408889 secs] 4246106K->4241235K(5208832K), 0.0410535 secs] [Times: user=0.19 sys=0.00, real=0.04 secs] 
2016-06-27T18:55:01.982+0300: 1098.318: Total time for which application threads were stopped: 0.0422771 seconds, Stopping threads took: 0.0007206 seconds
2016-06-27T18:55:02.260+0300: 1098.596: Total time for which application threads were stopped: 0.0028721 seconds, Stopping threads took: 0.0018137 seconds
2016-06-27T18:55:02.421+0300: 1098.757: [GC (Allocation Failure) 2016-06-27T18:55:02.421+0300: 1098.757: [ParNew
Desired survivor size 17432576 bytes, new threshold 1 (max 6)
- age   1:   34854824 bytes,   34854824 total
: 306025K->34048K(306688K), 0.0411699 secs] 4513224K->4506280K(5208832K), 0.0413388 secs] [Times: user=0.19 sys=0.00, real=0.04 secs] 
2016-06-27T18:55:02.462+0300: 1098.798: Total time for which application threads were stopped: 0.0436464 seconds, Stopping threads took: 0.0017132 seconds
2016-06-27T18:55:02.844+0300: 1099.181: [GC (Allocation Failure) 2016-06-27T18:55:02.847+0300: 1099.183: [ParNew
Desired survivor size 17432576 bytes, new threshold 1 (max 6)
- age   1:   34845936 bytes,   34845936 total
: 306023K->34044K(306688K), 0.0404523 secs] 4778255K->4772318K(5208832K), 0.0430460 secs] [Times: user=0.19 sys=0.00, real=0.04 secs] 
2016-06-27T18:55:02.888+0300: 1099.224: Total time for which application threads were stopped: 0.0475954 seconds, Stopping threads took: 0.0039644 seconds
2016-06-27T18:55:03.320+0300: 1099.657: Total time for which application threads were stopped: 0.0057810 seconds, Stopping threads took: 0.0041611 seconds
2016-06-27T18:55:03.403+0300: 1099.740: [GC (Allocation Failure) 2016-06-27T18:55:03.403+0300: 1099.740: [ParNew: 306684K->306684K(306688K), 0.0000415 secs]2016-06-27T18:55:03.404+0300: 1099.740: [CMS: 4738274K->3748161K(4902144K), 0.6287413 secs] 5044958K->3748161K(5208832K), [Metaspace: 9062K->9062K(1058816K)], 0.6289577 secs] [Times: user=0.63 sys=0.00, real=0.63 secs] 
2016-06-27T18:55:04.032+0300: 1100.369: Total time for which application threads were stopped: 0.6294307 seconds, Stopping threads took: 0.0000949 seconds
2016-06-27T18:55:04.074+0300: 1100.410: Total time for which application threads were stopped: 0.0009032 seconds, Stopping threads took: 0.0002036 seconds
2016-06-27T18:55:04.402+0300: 1100.738: [GC (Allocation Failure) 2016-06-27T18:55:04.408+0300: 1100.744: [ParNew
Desired survivor size 17432576 bytes, new threshold 1 (max 6)
- age   1:   34858992 bytes,   34858992 total
: 272640K->34046K(306688K), 0.0360401 secs] 4020801K->4014244K(5208832K), 0.0420577 secs] [Times: user=0.19 sys=0.00, real=0.04 secs] 
2016-06-27T18:55:04.444+0300: 1100.780: Total time for which application threads were stopped: 0.0432397 seconds, Stopping threads took: 0.0007582 seconds
2016-06-27T18:55:04.811+0300: 1101.148: [GC (Allocation Failure) 2016-06-27T18:55:04.811+0300: 1101.148: [ParNew
Desired survivor size 17432576 bytes, new threshold 1 (max 6)
- age   1:   34851152 bytes,   34851152 total
: 306592K->34039K(306688K), 0.0427855 secs] 4286791K->4281282K(5208832K), 0.0429194 secs] [Times: user=0.19 sys=0.00, real=0.04 secs] 
2016-06-27T18:55:04.854+0300: 1101.191: Total time for which application threads were stopped: 0.0438166 seconds, Stopping threads took: 0.0005679 seconds
2016-06-27T18:55:05.075+0300: 1101.412: Total time for which application threads were stopped: 0.0016148 seconds, Stopping threads took: 0.0008780 seconds
2016-06-27T18:55:05.242+0300: 1101.578: [GC (Allocation Failure) 2016-06-27T18:55:05.242+0300: 1101.578: [ParNew
Desired survivor size 17432576 bytes, new threshold 1 (max 6)
- age   1:   34850936 bytes,   34850936 total
: 306633K->34048K(306688K), 0.0397535 secs] 4553876K->4549329K(5208832K), 0.0399228 secs] [Times: user=0.13 sys=0.00, real=0.04 secs] 
2016-06-27T18:55:05.282+0300: 1101.618: Total time for which application threads were stopped: 0.0406853 seconds, Stopping threads took: 0.0003310 seconds
2016-06-27T18:55:05.660+0300: 1101.996: [GC (Allocation Failure) 2016-06-27T18:55:05.660+0300: 1101.996: [ParNew
Desired survivor size 17432576 bytes, new threshold 1 (max 6)
- age   1:   34848080 bytes,   34848080 total
: 305979K->34042K(306688K), 0.0399113 secs] 4821260K->4815362K(5208832K), 0.0400879 secs] [Times: user=0.19 sys=0.00, real=0.04 secs] 
2016-06-27T18:55:05.700+0300: 1102.037: Total time for which application threads were stopped: 0.0414902 seconds, Stopping threads took: 0.0008929 seconds
2016-06-27T18:55:06.077+0300: 1102.413: Total time for which application threads were stopped: 0.0024949 seconds, Stopping threads took: 0.0012295 seconds
2016-06-27T18:55:06.204+0300: 1102.540: [GC (Allocation Failure) 2016-06-27T18:55:06.204+0300: 1102.541: [ParNew: 306682K->306682K(306688K), 0.0000513 secs]2016-06-27T18:55:06.204+0300: 1102.541: [CMS: 4781319K->3745160K(4902144K), 0.7487039 secs] 5088002K->3745160K(5208832K), [Metaspace: 9062K->9062K(1058816K)], 0.7489511 secs] [Times: user=0.75 sys=0.00, real=0.75 secs] 
2016-06-27T18:55:06.953+0300: 1103.289: Total time for which application threads were stopped: 0.7495147 seconds, Stopping threads took: 0.0001112 seconds
2016-06-27T18:55:07.075+0300: 1103.411: Total time for which application threads were stopped: 0.0008023 seconds, Stopping threads took: 0.0003558 seconds
2016-06-27T18:55:07.290+0300: 1103.626: [GC (Allocation Failure) 2016-06-27T18:55:07.290+0300: 1103.626: [ParNew
Desired survivor size 17432576 bytes, new threshold 1 (max 6)
- age   1:   34851080 bytes,   34851080 total
: 272530K->34047K(306688K), 0.0362168 secs] 4017690K->4013219K(5208832K), 0.0363797 secs] [Times: user=0.13 sys=0.00, real=0.04 secs] 
2016-06-27T18:55:07.326+0300: 1103.663: Total time for which application threads were stopped: 0.0373406 seconds, Stopping threads took: 0.0006483 seconds
2016-06-27T18:55:07.654+0300: 1103.991: [GC (Allocation Failure) 2016-06-27T18:55:07.660+0300: 1103.996: [ParNew
Desired survivor size 17432576 bytes, new threshold 1 (max 6)
- age   1:   34863736 bytes,   34863736 total
: 305742K->34048K(306688K), 0.0375318 secs] 4284915K->4273369K(5208832K), 0.0434890 secs] [Times: user=0.13 sys=0.00, real=0.03 secs] 
2016-06-27T18:55:07.684+0300: 1104.034: Total time for which application threads were stopped: 0.0445731 seconds, Stopping threads took: 0.0007933 seconds
2016-06-27T18:55:08.020+0300: 1104.356: [GC (Allocation Failure) 2016-06-27T18:55:08.020+0300: 1104.356: [ParNew
Desired survivor size 17432576 bytes, new threshold 1 (max 6)
- age   1:   34853888 bytes,   34853888 total
: 305995K->34048K(306688K), 0.0388725 secs] 4545316K->4540424K(5208832K), 0.0390106 secs] [Times: user=0.19 sys=0.00, real=0.04 secs] 
2016-06-27T18:55:08.059+0300: 1104.395: Total time for which application threads were stopped: 0.0399998 seconds, Stopping threads took: 0.0006359 seconds
2016-06-27T18:55:08.310+0300: 1104.646: Total time for which application threads were stopped: 0.0014587 seconds, Stopping threads took: 0.0006582 seconds
2016-06-27T18:55:08.451+0300: 1104.787: [GC (Allocation Failure) 2016-06-27T18:55:08.451+0300: 1104.787: [ParNew
Desired survivor size 17432576 bytes, new threshold 1 (max 6)
- age   1:   34855112 bytes,   34855112 total
: 306688K->34048K(306688K), 0.0384910 secs] 4813064K->4806476K(5208832K), 0.0386129 secs] [Times: user=0.19 sys=0.00, real=0.04 secs] 
2016-06-27T18:55:08.490+0300: 1104.826: Total time for which application threads were stopped: 0.0390829 seconds, Stopping threads took: 0.0002113 seconds
2016-06-27T18:55:08.708+0300: 1105.044: [GC (CMS Initial Mark) [1 CMS-initial-mark: 4772428K(4902144K)] 4988953K(5208832K), 0.0004713 secs] [Times: user=0.00 sys=0.00, real=0.00 secs] 
2016-06-27T18:55:08.708+0300: 1105.045: Total time for which application threads were stopped: 0.0013565 seconds, Stopping threads took: 0.0005611 seconds
2016-06-27T18:55:08.708+0300: 1105.045: [CMS-concurrent-mark-start]
2016-06-27T18:55:08.759+0300: 1105.096: [CMS-concurrent-mark: 0.051/0.051 secs] [Times: user=0.19 sys=0.00, real=0.05 secs] 
2016-06-27T18:55:08.760+0300: 1105.096: [CMS-concurrent-preclean-start]
2016-06-27T18:55:08.770+0300: 1105.106: [CMS-concurrent-preclean: 0.010/0.010 secs] [Times: user=0.00 sys=0.00, real=0.01 secs] 
2016-06-27T18:55:08.770+0300: 1105.106: [CMS-concurrent-abortable-preclean-start]
2016-06-27T18:55:08.770+0300: 1105.106: [CMS-concurrent-abortable-preclean: 0.000/0.000 secs] [Times: user=0.00 sys=0.00, real=0.00 secs] 
2016-06-27T18:55:08.786+0300: 1105.122: [GC (CMS Final Remark) [YG occupancy: 267071 K (306688 K)]2016-06-27T18:55:08.786+0300: 1105.122: [Rescan (parallel) , 0.0046871 secs]2016-06-27T18:55:08.791+0300: 1105.127: [weak refs processing, 0.0000329 secs]2016-06-27T18:55:08.791+0300: 1105.127: [class unloading, 0.0028768 secs]2016-06-27T18:55:08.794+0300: 1105.130: [scrub symbol table, 0.0016448 secs]2016-06-27T18:55:08.795+0300: 1105.132: [scrub string table, 0.0002959 secs][1 CMS-remark: 4772428K(4902144K)] 5039500K(5208832K), 0.0098497 secs] [Times: user=0.00 sys=0.00, real=0.01 secs] 
2016-06-27T18:55:08.796+0300: 1105.132: Total time for which application threads were stopped: 0.0106798 seconds, Stopping threads took: 0.0005611 seconds
2016-06-27T18:55:08.798+0300: 1105.134: [CMS-concurrent-sweep-start]
2016-06-27T18:55:08.807+0300: 1105.144: [CMS-concurrent-sweep: 0.009/0.009 secs] [Times: user=0.06 sys=0.00, real=0.01 secs] 
2016-06-27T18:55:08.807+0300: 1105.144: [CMS-concurrent-reset-start]
2016-06-27T18:55:08.813+0300: 1105.150: [CMS-concurrent-reset: 0.006/0.006 secs] [Times: user=0.00 sys=0.00, real=0.01 secs] 
2016-06-27T18:55:08.848+0300: 1105.184: [GC (Allocation Failure) 2016-06-27T18:55:08.848+0300: 1105.184: [ParNew
Desired survivor size 17432576 bytes, new threshold 1 (max 6)
- age   1:   34859968 bytes,   34859968 total
: 306510K->34047K(306688K), 0.0373432 secs] 3944648K->3930230K(5208832K), 0.0375049 secs] [Times: user=0.14 sys=0.00, real=0.04 secs] 
2016-06-27T18:55:08.885+0300: 1105.222: Total time for which application threads were stopped: 0.0381271 seconds, Stopping threads took: 0.0002292 seconds
2016-06-27T18:55:09.098+0300: 1105.434: Total time for which application threads were stopped: 0.0016837 seconds, Stopping threads took: 0.0008305 seconds
2016-06-27T18:55:09.238+0300: 1105.574: [GC (Allocation Failure) 2016-06-27T18:55:09.238+0300: 1105.574: [ParNew
Desired survivor size 17432576 bytes, new threshold 1 (max 6)
- age   1:   34845352 bytes,   34845352 total
: 306144K->34041K(306688K), 0.0368116 secs] 4202327K->4184274K(5208832K), 0.0369788 secs] [Times: user=0.17 sys=0.00, real=0.04 secs] 
2016-06-27T18:55:09.275+0300: 1105.611: Total time for which application threads were stopped: 0.0401610 seconds, Stopping threads took: 0.0027823 seconds
2016-06-27T18:55:09.606+0300: 1105.943: [GC (Allocation Failure) 2016-06-27T18:55:09.606+0300: 1105.943: [ParNew
Desired survivor size 17432576 bytes, new threshold 1 (max 6)
- age   1:   34855560 bytes,   34855560 total
: 306437K->34047K(306688K), 0.0392052 secs] 4456670K->4451324K(5208832K), 0.0393656 secs] [Times: user=0.16 sys=0.02, real=0.04 secs] 
2016-06-27T18:55:09.645+0300: 1105.982: Total time for which application threads were stopped: 0.0469954 seconds, Stopping threads took: 0.0071662 seconds
2016-06-27T18:55:09.975+0300: 1106.311: [GC (Allocation Failure) 2016-06-27T18:55:09.975+0300: 1106.312: [ParNew
Desired survivor size 17432576 bytes, new threshold 1 (max 6)
- age   1:   34854160 bytes,   34854160 total
: 306171K->34046K(306688K), 0.0381476 secs] 4723448K->4718368K(5208832K), 0.0383071 secs] [Times: user=0.13 sys=0.00, real=0.04 secs] 
2016-06-27T18:55:10.014+0300: 1106.350: Total time for which application threads were stopped: 0.0412400 seconds, Stopping threads took: 0.0025039 seconds
2016-06-27T18:55:10.077+0300: 1106.413: Total time for which application threads were stopped: 0.0015768 seconds, Stopping threads took: 0.0006329 seconds
2016-06-27T18:55:10.377+0300: 1106.713: [GC (Allocation Failure) 2016-06-27T18:55:10.377+0300: 1106.713: [ParNew: 306598K->306598K(306688K), 0.0000338 secs]2016-06-27T18:55:10.377+0300: 1106.713: [CMS: 4684322K->3807161K(4902144K), 0.6174294 secs] 4990921K->3807161K(5208832K), [Metaspace: 9062K->9062K(1058816K)], 0.6176086 secs] [Times: user=0.63 sys=0.00, real=0.62 secs] 
2016-06-27T18:55:10.994+0300: 1107.331: Total time for which application threads were stopped: 0.6202109 seconds, Stopping threads took: 0.0021853 seconds
2016-06-27T18:55:11.344+0300: 1107.681: Total time for which application threads were stopped: 0.0023226 seconds, Stopping threads took: 0.0013103 seconds
2016-06-27T18:55:11.386+0300: 1107.722: [GC (Allocation Failure) 2016-06-27T18:55:11.386+0300: 1107.722: [ParNew
Desired survivor size 17432576 bytes, new threshold 1 (max 6)
- age   1:   34857168 bytes,   34857168 total
: 272640K->34046K(306688K), 0.0338031 secs] 4079801K->4074247K(5208832K), 0.0339365 secs] [Times: user=0.13 sys=0.00, real=0.03 secs] 
2016-06-27T18:55:11.419+0300: 1107.756: Total time for which application threads were stopped: 0.0343864 seconds, Stopping threads took: 0.0000907 seconds
2016-06-27T18:55:11.430+0300: 1107.767: Total time for which application threads were stopped: 0.0003169 seconds, Stopping threads took: 0.0001069 seconds
2016-06-27T18:55:11.731+0300: 1108.067: [GC (Allocation Failure) 2016-06-27T18:55:11.731+0300: 1108.067: [ParNew
Desired survivor size 17432576 bytes, new threshold 1 (max 6)
- age   1:   34857176 bytes,   34857176 total
: 306633K->34048K(306688K), 0.0382618 secs] 4346834K->4341292K(5208832K), 0.0383880 secs] [Times: user=0.13 sys=0.00, real=0.04 secs] 
2016-06-27T18:55:11.769+0300: 1108.106: Total time for which application threads were stopped: 0.0417168 seconds, Stopping threads took: 0.0030017 seconds
2016-06-27T18:55:12.078+0300: 1108.414: Total time for which application threads were stopped: 0.0015618 seconds, Stopping threads took: 0.0006932 seconds
2016-06-27T18:55:12.130+0300: 1108.466: [GC (Allocation Failure) 2016-06-27T18:55:12.130+0300: 1108.466: [ParNew
Desired survivor size 17432576 bytes, new threshold 1 (max 6)
- age   1:   34856792 bytes,   34856792 total
: 306688K->34048K(306688K), 0.0380813 secs] 4613932K->4607346K(5208832K), 0.0382498 secs] [Times: user=0.13 sys=0.00, real=0.04 secs] 
2016-06-27T18:55:12.168+0300: 1108.505: Total time for which application threads were stopped: 0.0387096 seconds, Stopping threads took: 0.0000919 seconds
2016-06-27T18:55:12.492+0300: 1108.828: [GC (Allocation Failure) 2016-06-27T18:55:12.492+0300: 1108.828: [ParNew
Desired survivor size 17432576 bytes, new threshold 1 (max 6)
- age   1:   34851608 bytes,   34851608 total
: 306630K->34048K(306688K), 0.0385834 secs] 4879929K->4875393K(5208832K), 0.0387476 secs] [Times: user=0.13 sys=0.00, real=0.04 secs] 
2016-06-27T18:55:12.531+0300: 1108.867: Total time for which application threads were stopped: 0.0412746 seconds, Stopping threads took: 0.0021297 seconds
2016-06-27T18:55:12.855+0300: 1109.192: [GC (Allocation Failure) 2016-06-27T18:55:12.855+0300: 1109.192: [ParNew: 305997K->305997K(306688K), 0.0000406 secs]2016-06-27T18:55:12.855+0300: 1109.192: [CMS: 4841345K->3792161K(4902144K), 0.6498071 secs] 5147342K->3792161K(5208832K), [Metaspace: 9062K->9062K(1058816K)], 0.6500184 secs] [Times: user=0.66 sys=0.00, real=0.65 secs] 
2016-06-27T18:55:13.505+0300: 1109.842: Total time for which application threads were stopped: 0.6519775 seconds, Stopping threads took: 0.0015584 seconds
2016-06-27T18:55:13.780+0300: 1110.116: Total time for which application threads were stopped: 0.0014899 seconds, Stopping threads took: 0.0006060 seconds
2016-06-27T18:55:13.879+0300: 1110.216: [GC (Allocation Failure) 2016-06-27T18:55:13.879+0300: 1110.216: [ParNew
Desired survivor size 17432576 bytes, new threshold 1 (max 6)
- age   1:   34864968 bytes,   34864968 total
: 272640K->34048K(306688K), 0.0357297 secs] 4064801K->4059237K(5208832K), 0.0358387 secs] [Times: user=0.13 sys=0.00, real=0.04 secs] 
2016-06-27T18:55:13.915+0300: 1110.252: Total time for which application threads were stopped: 0.0364109 seconds, Stopping threads took: 0.0002592 seconds
2016-06-27T18:55:14.226+0300: 1110.563: [GC (Allocation Failure) 2016-06-27T18:55:14.226+0300: 1110.563: [ParNew
Desired survivor size 17432576 bytes, new threshold 1 (max 6)
- age   1:   34851752 bytes,   34851752 total
: 306270K->34048K(306688K), 0.0385928 secs] 4331460K->4326292K(5208832K), 0.0387126 secs] [Times: user=0.13 sys=0.00, real=0.04 secs] 
2016-06-27T18:55:14.265+0300: 1110.602: Total time for which application threads were stopped: 0.0402641 seconds, Stopping threads took: 0.0012205 seconds
2016-06-27T18:55:14.585+0300: 1110.922: [GC (Allocation Failure) 2016-06-27T18:55:14.585+0300: 1110.922: [ParNew
Desired survivor size 17432576 bytes, new threshold 1 (max 6)
- age   1:   34851944 bytes,   34851944 total
: 306619K->34046K(306688K), 0.0414059 secs] 4598863K->4593340K(5208832K), 0.0415539 secs] [Times: user=0.13 sys=0.00, real=0.04 secs] 
2016-06-27T18:55:14.627+0300: 1110.963: Total time for which application threads were stopped: 0.0424246 seconds, Stopping threads took: 0.0004490 seconds
2016-06-27T18:55:14.954+0300: 1111.290: [GC (Allocation Failure) 2016-06-27T18:55:14.954+0300: 1111.290: [ParNew
Desired survivor size 17432576 bytes, new threshold 1 (max 6)
- age   1:   34860192 bytes,   34860192 total
: 306521K->34048K(306688K), 0.0387857 secs] 4865815K->4860383K(5208832K), 0.0389140 secs] [Times: user=0.19 sys=0.00, real=0.04 secs] 
2016-06-27T18:55:14.993+0300: 1111.329: Total time for which application threads were stopped: 0.0402701 seconds, Stopping threads took: 0.0009182 seconds
2016-06-27T18:55:15.329+0300: 1111.665: [GC (Allocation Failure) 2016-06-27T18:55:15.329+0300: 1111.665: [ParNew: 306477K->306477K(306688K), 0.0000364 secs]2016-06-27T18:55:15.329+0300: 1111.665: [CMS: 4826335K->3732163K(4902144K), 0.5826786 secs] 5132813K->3732163K(5208832K), [Metaspace: 9062K->9062K(1058816K)], 0.5828745 secs] [Times: user=0.59 sys=0.00, real=0.58 secs] 
2016-06-27T18:55:15.912+0300: 1112.248: Total time for which application threads were stopped: 0.5841083 seconds, Stopping threads took: 0.0008185 seconds
2016-06-27T18:55:16.226+0300: 1112.563: [GC (Allocation Failure) 2016-06-27T18:55:16.226+0300: 1112.563: [ParNew
Desired survivor size 17432576 bytes, new threshold 1 (max 6)
- age   1:   34844000 bytes,   34844000 total
: 272314K->34048K(306688K), 0.0340105 secs] 4004477K->3999223K(5208832K), 0.0341482 secs] [Times: user=0.13 sys=0.00, real=0.03 secs] 
2016-06-27T18:55:16.261+0300: 1112.597: Total time for which application threads were stopped: 0.0352618 seconds, Stopping threads took: 0.0006949 seconds
2016-06-27T18:55:16.579+0300: 1112.916: [GC (Allocation Failure) 2016-06-27T18:55:16.580+0300: 1112.916: [ParNew
Desired survivor size 17432576 bytes, new threshold 1 (max 6)
- age   1:   34846872 bytes,   34846872 total
: 306054K->34046K(306688K), 0.0392724 secs] 4271230K->4266254K(5208832K), 0.0394156 secs] [Times: user=0.19 sys=0.00, real=0.04 secs] 
2016-06-27T18:55:16.619+0300: 1112.955: Total time for which application threads were stopped: 0.0407413 seconds, Stopping threads took: 0.0008339 seconds
2016-06-27T18:55:16.798+0300: 1113.134: [GC (CMS Initial Mark) [1 CMS-initial-mark: 4232208K(4902144K)] 4416537K(5208832K), 0.0006154 secs] [Times: user=0.00 sys=0.00, real=0.00 secs] 
2016-06-27T18:55:16.799+0300: 1113.135: Total time for which application threads were stopped: 0.0015148 seconds, Stopping threads took: 0.0004401 seconds
2016-06-27T18:55:16.799+0300: 1113.135: [CMS-concurrent-mark-start]
2016-06-27T18:55:16.848+0300: 1113.185: [CMS-concurrent-mark: 0.050/0.050 secs] [Times: user=0.19 sys=0.00, real=0.05 secs] 
2016-06-27T18:55:16.849+0300: 1113.185: [CMS-concurrent-preclean-start]
2016-06-27T18:55:16.859+0300: 1113.195: [CMS-concurrent-preclean: 0.010/0.010 secs] [Times: user=0.00 sys=0.00, real=0.01 secs] 
2016-06-27T18:55:16.859+0300: 1113.195: [CMS-concurrent-abortable-preclean-start]
2016-06-27T18:55:16.961+0300: 1113.298: [GC (Allocation Failure) 2016-06-27T18:55:16.962+0300: 1113.298: [ParNew2016-06-27T18:55:16.993+0300: 1113.329: [CMS-concurrent-abortable-preclean: 0.010/0.134 secs] [Times: user=0.56 sys=0.00, real=0.13 secs] 

Desired survivor size 17432576 bytes, new threshold 1 (max 6)
- age   1:   34847408 bytes,   34847408 total
: 305824K->34048K(306688K), 0.0382562 secs] 4538032K->4532290K(5208832K), 0.0384162 secs] [Times: user=0.13 sys=0.00, real=0.04 secs] 
2016-06-27T18:55:17.000+0300: 1113.336: Total time for which application threads were stopped: 0.0395837 seconds, Stopping threads took: 0.0006458 seconds
2016-06-27T18:55:17.347+0300: 1113.683: [GC (Allocation Failure) 2016-06-27T18:55:17.347+0300: 1113.683: [ParNew
Desired survivor size 17432576 bytes, new threshold 1 (max 6)
- age   1:   34863560 bytes,   34863560 total
: 306688K->34048K(306688K), 0.0375126 secs] 4804930K->4799361K(5208832K), 0.0376550 secs] [Times: user=0.17 sys=0.00, real=0.04 secs] 
2016-06-27T18:55:17.384+0300: 1113.721: Total time for which application threads were stopped: 0.0385975 seconds, Stopping threads took: 0.0004627 seconds
2016-06-27T18:55:17.395+0300: 1113.731: [GC (CMS Final Remark) [YG occupancy: 42688 K (306688 K)]2016-06-27T18:55:17.395+0300: 1113.731: [Rescan (parallel) , 0.0044160 secs]2016-06-27T18:55:17.400+0300: 1113.736: [weak refs processing, 0.0000265 secs]2016-06-27T18:55:17.400+0300: 1113.736: [class unloading, 0.0022602 secs]2016-06-27T18:55:17.402+0300: 1113.738: [scrub symbol table, 0.0011568 secs]2016-06-27T18:55:17.403+0300: 1113.739: [scrub string table, 0.0002989 secs][1 CMS-remark: 4765313K(4902144K)] 4808002K(5208832K), 0.0084954 secs] [Times: user=0.06 sys=0.00, real=0.01 secs] 
2016-06-27T18:55:17.403+0300: 1113.740: Total time for which application threads were stopped: 0.0090184 seconds, Stopping threads took: 0.0000881 seconds
2016-06-27T18:55:17.749+0300: 1114.086: [CMS-concurrent-sweep-start]
2016-06-27T18:55:17.753+0300: 1114.089: [GC (Allocation Failure) 2016-06-27T18:55:17.753+0300: 1114.089: [ParNew: 306688K->306688K(306688K), 0.0000304 secs]2016-06-27T18:55:17.753+0300: 1114.089: [CMS2016-06-27T18:55:17.758+0300: 1114.094: [CMS-concurrent-sweep: 0.007/0.008 secs] [Times: user=0.02 sys=0.00, real=0.01 secs] 
 (concurrent mode failure): 4765309K->3791163K(4902144K), 0.5871215 secs] 5071997K->3791163K(5208832K), [Metaspace: 9062K->9062K(1058816K)], 0.5874534 secs] [Times: user=0.59 sys=0.00, real=0.59 secs] 
2016-06-27T18:55:18.340+0300: 1114.677: Total time for which application threads were stopped: 0.5886166 seconds, Stopping threads took: 0.0008207 seconds
2016-06-27T18:55:18.655+0300: 1114.991: [GC (Allocation Failure) 2016-06-27T18:55:18.655+0300: 1114.991: [ParNew
Desired survivor size 17432576 bytes, new threshold 1 (max 6)
- age   1:   34859640 bytes,   34859640 total
: 272072K->34048K(306688K), 0.0358742 secs] 4063236K->4058256K(5208832K), 0.0360423 secs] [Times: user=0.13 sys=0.00, real=0.04 secs] 
2016-06-27T18:55:18.691+0300: 1115.027: Total time for which application threads were stopped: 0.0372419 seconds, Stopping threads took: 0.0007617 seconds
2016-06-27T18:55:19.046+0300: 1115.383: [GC (Allocation Failure) 2016-06-27T18:55:19.046+0300: 1115.383: [ParNew
Desired survivor size 17432576 bytes, new threshold 1 (max 6)
- age   1:   34855704 bytes,   34855704 total
: 306461K->34048K(306688K), 0.0563182 secs] 4330670K->4325309K(5208832K), 0.0564850 secs] [Times: user=0.20 sys=0.00, real=0.06 secs] 
2016-06-27T18:55:19.103+0300: 1115.439: Total time for which application threads were stopped: 0.0645604 seconds, Stopping threads took: 0.0076058 seconds
2016-06-27T18:55:19.104+0300: 1115.440: [GC (CMS Initial Mark) [1 CMS-initial-mark: 4291261K(4902144K)] 4326309K(5208832K), 0.0008382 secs] [Times: user=0.00 sys=0.00, real=0.00 secs] 
2016-06-27T18:55:19.105+0300: 1115.441: Total time for which application threads were stopped: 0.0013728 seconds, Stopping threads took: 0.0000616 seconds
2016-06-27T18:55:19.105+0300: 1115.441: [CMS-concurrent-mark-start]
2016-06-27T18:55:19.155+0300: 1115.491: [CMS-concurrent-mark: 0.050/0.050 secs] [Times: user=0.19 sys=0.00, real=0.05 secs] 
2016-06-27T18:55:19.155+0300: 1115.491: [CMS-concurrent-preclean-start]
2016-06-27T18:55:19.165+0300: 1115.501: [CMS-concurrent-preclean: 0.010/0.010 secs] [Times: user=0.06 sys=0.00, real=0.01 secs] 
2016-06-27T18:55:19.165+0300: 1115.501: [CMS-concurrent-abortable-preclean-start]
2016-06-27T18:55:19.486+0300: 1115.823: [GC (Allocation Failure) 2016-06-27T18:55:19.486+0300: 1115.823: [ParNew2016-06-27T18:55:19.518+0300: 1115.854: [CMS-concurrent-abortable-preclean: 0.032/0.353 secs] [Times: user=1.38 sys=0.00, real=0.35 secs] 

Desired survivor size 17432576 bytes, new threshold 1 (max 6)
- age   1:   34846504 bytes,   34846504 total
: 306688K->34039K(306688K), 0.0389452 secs] 4597949K->4592345K(5208832K), 0.0391150 secs] [Times: user=0.19 sys=0.00, real=0.04 secs] 
2016-06-27T18:55:19.525+0300: 1115.862: Total time for which application threads were stopped: 0.0434510 seconds, Stopping threads took: 0.0038698 seconds
2016-06-27T18:55:19.871+0300: 1116.207: [GC (Allocation Failure) 2016-06-27T18:55:19.871+0300: 1116.207: [ParNew
Desired survivor size 17432576 bytes, new threshold 1 (max 6)
- age   1:   34859968 bytes,   34859968 total
: 306679K->34048K(306688K), 0.0395114 secs] 4864985K->4859391K(5208832K), 0.0396812 secs] [Times: user=0.13 sys=0.00, real=0.04 secs] 
2016-06-27T18:55:19.911+0300: 1116.247: Total time for which application threads were stopped: 0.0469252 seconds, Stopping threads took: 0.0067676 seconds
2016-06-27T18:55:20.255+0300: 1116.591: [GC (Allocation Failure) 2016-06-27T18:55:20.255+0300: 1116.592: [ParNew: 306566K->306566K(306688K), 0.0000376 secs]2016-06-27T18:55:20.255+0300: 1116.592: [CMS (concurrent mode failure): 4825343K->3761161K(4902144K), 0.6400553 secs] 5131910K->3761161K(5208832K), [Metaspace: 9062K->9062K(1058816K)], 0.6402362 secs] [Times: user=0.64 sys=0.00, real=0.64 secs] 
2016-06-27T18:55:20.895+0300: 1117.232: Total time for which application threads were stopped: 0.6450452 seconds, Stopping threads took: 0.0043963 seconds
2016-06-27T18:55:21.225+0300: 1117.562: [GC (Allocation Failure) 2016-06-27T18:55:21.226+0300: 1117.562: [ParNew
Desired survivor size 17432576 bytes, new threshold 1 (max 6)
- age   1:   34848672 bytes,   34848672 total
: 271999K->34048K(306688K), 0.0353657 secs] 4033160K->4028221K(5208832K), 0.0355706 secs] [Times: user=0.13 sys=0.00, real=0.04 secs] 
2016-06-27T18:55:21.261+0300: 1117.597: Total time for which application threads were stopped: 0.0366735 seconds, Stopping threads took: 0.0006590 seconds
2016-06-27T18:55:21.576+0300: 1117.912: [GC (Allocation Failure) 2016-06-27T18:55:21.576+0300: 1117.912: [ParNew
Desired survivor size 17432576 bytes, new threshold 1 (max 6)
- age   1:   34844544 bytes,   34844544 total
: 306108K->34042K(306688K), 0.0384624 secs] 4300281K->4295251K(5208832K), 0.0385915 secs] [Times: user=0.16 sys=0.00, real=0.04 secs] 
2016-06-27T18:55:21.614+0300: 1117.951: Total time for which application threads were stopped: 0.0394447 seconds, Stopping threads took: 0.0004931 seconds
2016-06-27T18:55:21.938+0300: 1118.274: [GC (Allocation Failure) 2016-06-27T18:55:21.938+0300: 1118.274: [ParNew
Desired survivor size 17432576 bytes, new threshold 1 (max 6)
- age   1:   34849256 bytes,   34849256 total
: 306233K->34048K(306688K), 0.0379158 secs] 4567441K->4562288K(5208832K), 0.0380527 secs] [Times: user=0.19 sys=0.00, real=0.04 secs] 
2016-06-27T18:55:21.976+0300: 1118.312: Total time for which application threads were stopped: 0.0390825 seconds, Stopping threads took: 0.0005444 seconds
2016-06-27T18:55:22.309+0300: 1118.646: [GC (Allocation Failure) 2016-06-27T18:55:22.310+0300: 1118.646: [ParNew
Desired survivor size 17432576 bytes, new threshold 1 (max 6)
- age   1:   34862584 bytes,   34862584 total
: 306553K->34047K(306688K), 0.0376870 secs] 4834793K->4829363K(5208832K), 0.0379590 secs] [Times: user=0.13 sys=0.00, real=0.04 secs] 
2016-06-27T18:55:22.347+0300: 1118.684: Total time for which application threads were stopped: 0.0391030 seconds, Stopping threads took: 0.0006334 seconds
2016-06-27T18:55:22.678+0300: 1119.015: [GC (Allocation Failure) 2016-06-27T18:55:22.679+0300: 1119.015: [ParNew: 306387K->306387K(306688K), 0.0000351 secs]2016-06-27T18:55:22.679+0300: 1119.015: [CMS: 4795316K->3791164K(4902144K), 0.6019150 secs] 5101703K->3791164K(5208832K), [Metaspace: 9062K->9062K(1058816K)], 0.6021112 secs] [Times: user=0.59 sys=0.00, real=0.60 secs] 
2016-06-27T18:55:23.281+0300: 1119.617: Total time for which application threads were stopped: 0.6032231 seconds, Stopping threads took: 0.0006115 seconds
2016-06-27T18:55:23.600+0300: 1119.936: [GC (Allocation Failure) 2016-06-27T18:55:23.600+0300: 1119.936: [ParNew
Desired survivor size 17432576 bytes, new threshold 1 (max 6)
- age   1:   34855112 bytes,   34855112 total
: 271856K->34048K(306688K), 0.0358947 secs] 4063021K->4057253K(5208832K), 0.0360106 secs] [Times: user=0.13 sys=0.00, real=0.04 secs] 
2016-06-27T18:55:23.636+0300: 1119.972: Total time for which application threads were stopped: 0.0369942 seconds, Stopping threads took: 0.0005534 seconds
2016-06-27T18:55:23.955+0300: 1120.292: [GC (Allocation Failure) 2016-06-27T18:55:23.962+0300: 1120.298: [ParNew
Desired survivor size 17432576 bytes, new threshold 1 (max 6)
- age   1:   34843248 bytes,   34843248 total
: 306299K->34039K(306688K), 0.0392236 secs] 4329504K->4324288K(5208832K), 0.0453720 secs] [Times: user=0.06 sys=0.00, real=0.03 secs] 
2016-06-27T18:55:23.988+0300: 1120.337: Total time for which application threads were stopped: 0.0464505 seconds, Stopping threads took: 0.0005542 seconds
2016-06-27T18:55:23.988+0300: 1120.338: [GC (CMS Initial Mark) [1 CMS-initial-mark: 4290249K(4902144K)] 4325288K(5208832K), 0.0004358 secs] [Times: user=0.00 sys=0.00, real=0.00 secs] 
2016-06-27T18:55:23.988+0300: 1120.338: Total time for which application threads were stopped: 0.0008942 seconds, Stopping threads took: 0.0000693 seconds
2016-06-27T18:55:23.988+0300: 1120.338: [CMS-concurrent-mark-start]
2016-06-27T18:55:24.054+0300: 1120.391: [CMS-concurrent-mark: 0.053/0.053 secs] [Times: user=0.28 sys=0.03, real=0.07 secs] 
2016-06-27T18:55:24.054+0300: 1120.391: [CMS-concurrent-preclean-start]
2016-06-27T18:55:24.065+0300: 1120.401: [CMS-concurrent-preclean: 0.010/0.010 secs] [Times: user=0.00 sys=0.00, real=0.01 secs] 
2016-06-27T18:55:24.065+0300: 1120.401: [CMS-concurrent-abortable-preclean-start]
2016-06-27T18:55:24.380+0300: 1120.717: [GC (Allocation Failure) 2016-06-27T18:55:24.380+0300: 1120.717: [ParNew2016-06-27T18:55:24.412+0300: 1120.748: [CMS-concurrent-abortable-preclean: 0.031/0.347 secs] [Times: user=1.38 sys=0.03, real=0.35 secs] 

Desired survivor size 17432576 bytes, new threshold 1 (max 6)
- age   1:   34851336 bytes,   34851336 total
: 306679K->34048K(306688K), 0.0392330 secs] 4596928K->4591327K(5208832K), 0.0393660 secs] [Times: user=0.13 sys=0.00, real=0.04 secs] 
2016-06-27T18:55:24.420+0300: 1120.756: Total time for which application threads were stopped: 0.0402735 seconds, Stopping threads took: 0.0005059 seconds
2016-06-27T18:55:24.813+0300: 1121.150: [GC (Allocation Failure) 2016-06-27T18:55:24.814+0300: 1121.150: [ParNew
Desired survivor size 17432576 bytes, new threshold 1 (max 6)
- age   1:   34853632 bytes,   34853632 total
: 306688K->34048K(306688K), 0.0407473 secs] 4863967K->4858365K(5208832K), 0.0409193 secs] [Times: user=0.19 sys=0.00, real=0.04 secs] 
2016-06-27T18:55:24.855+0300: 1121.191: Total time for which application threads were stopped: 0.0422377 seconds, Stopping threads took: 0.0009092 seconds
2016-06-27T18:55:24.929+0300: 1121.265: [GC (CMS Final Remark) [YG occupancy: 97424 K (306688 K)]2016-06-27T18:55:24.929+0300: 1121.265: [Rescan (parallel) , 0.0043484 secs]2016-06-27T18:55:24.933+0300: 1121.269: [weak refs processing, 0.0000257 secs]2016-06-27T18:55:24.933+0300: 1121.269: [class unloading, 0.0016986 secs]2016-06-27T18:55:24.935+0300: 1121.271: [scrub symbol table, 0.0010892 secs]2016-06-27T18:55:24.936+0300: 1121.272: [scrub string table, 0.0001800 secs][1 CMS-remark: 4824317K(4902144K)] 4921742K(5208832K), 0.0076110 secs] [Times: user=0.00 sys=0.00, real=0.01 secs] 
2016-06-27T18:55:24.936+0300: 1121.272: Total time for which application threads were stopped: 0.0081896 seconds, Stopping threads took: 0.0002797 seconds
2016-06-27T18:55:24.968+0300: 1121.304: [CMS-concurrent-sweep-start]
2016-06-27T18:55:24.976+0300: 1121.313: [CMS-concurrent-sweep: 0.009/0.009 secs] [Times: user=0.06 sys=0.00, real=0.01 secs] 
2016-06-27T18:55:24.976+0300: 1121.313: [CMS-concurrent-reset-start]
2016-06-27T18:55:24.982+0300: 1121.319: [CMS-concurrent-reset: 0.006/0.006 secs] [Times: user=0.00 sys=0.00, real=0.01 secs] 
2016-06-27T18:55:25.192+0300: 1121.529: [GC (Allocation Failure) 2016-06-27T18:55:25.192+0300: 1121.529: [ParNew
Desired survivor size 17432576 bytes, new threshold 1 (max 6)
- age   1:   34845840 bytes,   34845840 total
: 305705K->34044K(306688K), 0.0373787 secs] 4709925K->4704305K(5208832K), 0.0375314 secs] [Times: user=0.13 sys=0.00, real=0.04 secs] 
2016-06-27T18:55:25.230+0300: 1121.566: Total time for which application threads were stopped: 0.0385599 seconds, Stopping threads took: 0.0005902 seconds
2016-06-27T18:55:25.555+0300: 1121.891: [GC (Allocation Failure) 2016-06-27T18:55:25.561+0300: 1121.897: [ParNew: 306657K->306657K(306688K), 0.0000449 secs]2016-06-27T18:55:25.561+0300: 1121.897: [CMS: 4670260K->3831160K(4902144K), 0.6323909 secs] 4976918K->3831160K(5208832K), [Metaspace: 9062K->9062K(1058816K)], 0.6384093 secs] [Times: user=0.64 sys=0.00, real=0.64 secs] 
2016-06-27T18:55:26.194+0300: 1122.530: Total time for which application threads were stopped: 0.6394113 seconds, Stopping threads took: 0.0006586 seconds
2016-06-27T18:55:26.516+0300: 1122.852: [GC (Allocation Failure) 2016-06-27T18:55:26.516+0300: 1122.852: [ParNew
Desired survivor size 17432576 bytes, new threshold 1 (max 6)
- age   1:   34850960 bytes,   34850960 total
: 272288K->34046K(306688K), 0.0352960 secs] 4103449K->4098218K(5208832K), 0.0354534 secs] [Times: user=0.17 sys=0.00, real=0.04 secs] 
2016-06-27T18:55:26.552+0300: 1122.888: Total time for which application threads were stopped: 0.0366269 seconds, Stopping threads took: 0.0007505 seconds
2016-06-27T18:55:26.834+0300: 1123.170: Total time for which application threads were stopped: 0.0060487 seconds, Stopping threads took: 0.0048445 seconds
2016-06-27T18:55:26.950+0300: 1123.286: [GC (Allocation Failure) 2016-06-27T18:55:26.950+0300: 1123.286: [ParNew
Desired survivor size 17432576 bytes, new threshold 1 (max 6)
- age   1:   33928784 bytes,   33928784 total
: 306686K->33148K(306688K), 0.0388370 secs] 4370858K->4364358K(5208832K), 0.0390021 secs] [Times: user=0.14 sys=0.00, real=0.04 secs] 
2016-06-27T18:55:26.989+0300: 1123.326: Total time for which application threads were stopped: 0.0420799 seconds, Stopping threads took: 0.0026036 seconds
2016-06-27T18:55:27.354+0300: 1123.691: Total time for which application threads were stopped: 0.0032425 seconds, Stopping threads took: 0.0024385 seconds
2016-06-27T18:55:27.381+0300: 1123.717: [GC (Allocation Failure) 2016-06-27T18:55:27.382+0300: 1123.718: [ParNew
Desired survivor size 17432576 bytes, new threshold 1 (max 6)
- age   1:   33833512 bytes,   33833512 total
: 305788K->33108K(306688K), 0.0391398 secs] 4636998K->4631482K(5208832K), 0.0400370 secs] [Times: user=0.13 sys=0.00, real=0.04 secs] 
2016-06-27T18:55:27.421+0300: 1123.757: Total time for which application threads were stopped: 0.0404527 seconds, Stopping threads took: 0.0000706 seconds
2016-06-27T18:55:27.731+0300: 1124.068: [GC (Allocation Failure) 2016-06-27T18:55:27.731+0300: 1124.068: [ParNew: 304765K->304765K(306688K), 0.0000436 secs]2016-06-27T18:55:27.731+0300: 1124.068: [CMS: 4598374K->3727154K(4902144K), 0.5894989 secs] 4903139K->3727154K(5208832K), [Metaspace: 9062K->9062K(1058816K)], 0.5929423 secs] [Times: user=0.59 sys=0.00, real=0.59 secs] 
2016-06-27T18:55:28.324+0300: 1124.661: Total time for which application threads were stopped: 0.5950648 seconds, Stopping threads took: 0.0016999 seconds
2016-06-27T18:55:28.326+0300: 1124.663: Total time for which application threads were stopped: 0.0006689 seconds, Stopping threads took: 0.0000714 seconds
2016-06-27T18:55:28.681+0300: 1125.017: [GC (Allocation Failure) 2016-06-27T18:55:28.681+0300: 1125.017: [ParNew
Desired survivor size 17432576 bytes, new threshold 1 (max 6)
- age   1:   34850608 bytes,   34850608 total
: 272384K->34046K(306688K), 0.0359354 secs] 3999539K->3993213K(5208832K), 0.0361569 secs] [Times: user=0.13 sys=0.00, real=0.04 secs] 
2016-06-27T18:55:28.717+0300: 1125.054: Total time for which application threads were stopped: 0.0375669 seconds, Stopping threads took: 0.0010332 seconds
2016-06-27T18:55:29.043+0300: 1125.379: [GC (Allocation Failure) 2016-06-27T18:55:29.043+0300: 1125.379: [ParNew
Desired survivor size 17432576 bytes, new threshold 1 (max 6)
- age   1:   34851744 bytes,   34851744 total
: 306187K->34048K(306688K), 0.0396363 secs] 4265353K->4260251K(5208832K), 0.0397984 secs] [Times: user=0.13 sys=0.00, real=0.04 secs] 
2016-06-27T18:55:29.082+0300: 1125.419: Total time for which application threads were stopped: 0.0409364 seconds, Stopping threads took: 0.0007159 seconds
2016-06-27T18:55:29.292+0300: 1125.628: Total time for which application threads were stopped: 0.0022277 seconds, Stopping threads took: 0.0013676 seconds
2016-06-27T18:55:29.444+0300: 1125.780: [GC (Allocation Failure) 2016-06-27T18:55:29.444+0300: 1125.780: [ParNew
Desired survivor size 17432576 bytes, new threshold 1 (max 6)
- age   1:   34855080 bytes,   34855080 total
: 306688K->34048K(306688K), 0.0402076 secs] 4532891K->4527288K(5208832K), 0.0403740 secs] [Times: user=0.13 sys=0.00, real=0.04 secs] 
2016-06-27T18:55:29.484+0300: 1125.821: Total time for which application threads were stopped: 0.0412302 seconds, Stopping threads took: 0.0004845 seconds
2016-06-27T18:55:29.797+0300: 1126.134: [GC (Allocation Failure) 2016-06-27T18:55:29.797+0300: 1126.134: [ParNew
Desired survivor size 17432576 bytes, new threshold 1 (max 6)
- age   1:   34846392 bytes,   34846392 total
: 305924K->34037K(306688K), 0.0377106 secs] 4799165K->4793317K(5208832K), 0.0378778 secs] [Times: user=0.17 sys=0.00, real=0.04 secs] 
2016-06-27T18:55:29.835+0300: 1126.172: Total time for which application threads were stopped: 0.0396243 seconds, Stopping threads took: 0.0013702 seconds
2016-06-27T18:55:30.089+0300: 1126.425: Total time for which application threads were stopped: 0.0030736 seconds, Stopping threads took: 0.0022234 seconds
2016-06-27T18:55:30.207+0300: 1126.544: [GC (Allocation Failure) 2016-06-27T18:55:30.207+0300: 1126.544: [ParNew: 306677K->306677K(306688K), 0.0000364 secs]2016-06-27T18:55:30.207+0300: 1126.544: [CMS: 4759279K->3738162K(4902144K), 0.5891336 secs] 5065957K->3738162K(5208832K), [Metaspace: 9062K->9062K(1058816K)], 0.5893167 secs] [Times: user=0.58 sys=0.02, real=0.59 secs] 
2016-06-27T18:55:30.797+0300: 1127.133: Total time for which application threads were stopped: 0.5899402 seconds, Stopping threads took: 0.0002852 seconds
2016-06-27T18:55:31.087+0300: 1127.424: Total time for which application threads were stopped: 0.0015314 seconds, Stopping threads took: 0.0006239 seconds
2016-06-27T18:55:31.147+0300: 1127.484: [GC (Allocation Failure) 2016-06-27T18:55:31.147+0300: 1127.484: [ParNew
Desired survivor size 17432576 bytes, new threshold 1 (max 6)
- age   1:   34857336 bytes,   34857336 total
: 272598K->34047K(306688K), 0.0367312 secs] 4010761K->4005239K(5208832K), 0.0368933 secs] [Times: user=0.13 sys=0.00, real=0.04 secs] 
2016-06-27T18:55:31.190+0300: 1127.527: Total time for which application threads were stopped: 0.0437221 seconds, Stopping threads took: 0.0003028 seconds
2016-06-27T18:55:31.502+0300: 1127.838: [GC (Allocation Failure) 2016-06-27T18:55:31.502+0300: 1127.838: [ParNew
Desired survivor size 17432576 bytes, new threshold 1 (max 6)
- age   1:   34846096 bytes,   34846096 total
: 305755K->34047K(306688K), 0.0390029 secs] 4276947K->4272285K(5208832K), 0.0391355 secs] [Times: user=0.19 sys=0.00, real=0.04 secs] 
2016-06-27T18:55:31.541+0300: 1127.877: Total time for which application threads were stopped: 0.0400481 seconds, Stopping threads took: 0.0006304 seconds
2016-06-27T18:55:31.872+0300: 1128.209: [GC (Allocation Failure) 2016-06-27T18:55:31.872+0300: 1128.209: [ParNew
Desired survivor size 17432576 bytes, new threshold 1 (max 6)
- age   1:   34855744 bytes,   34855744 total
: 306275K->34047K(306688K), 0.0417489 secs] 4544513K->4539320K(5208832K), 0.0419161 secs] [Times: user=0.17 sys=0.00, real=0.04 secs] 
2016-06-27T18:55:31.914+0300: 1128.251: Total time for which application threads were stopped: 0.0444269 seconds, Stopping threads took: 0.0020579 seconds
2016-06-27T18:55:32.088+0300: 1128.425: Total time for which application threads were stopped: 0.0016071 seconds, Stopping threads took: 0.0007138 seconds
2016-06-27T18:55:32.255+0300: 1128.591: [GC (Allocation Failure) 2016-06-27T18:55:32.255+0300: 1128.592: [ParNew
Desired survivor size 17432576 bytes, new threshold 1 (max 6)
- age   1:   34854528 bytes,   34854528 total
: 306687K->34046K(306688K), 0.0394840 secs] 4811960K->4807367K(5208832K), 0.0396427 secs] [Times: user=0.13 sys=0.00, real=0.04 secs] 
2016-06-27T18:55:32.295+0300: 1128.631: Total time for which application threads were stopped: 0.0405643 seconds, Stopping threads took: 0.0005029 seconds
2016-06-27T18:55:32.485+0300: 1128.822: [GC (CMS Initial Mark) [1 CMS-initial-mark: 4773321K(4902144K)] 4974378K(5208832K), 0.0005662 secs] [Times: user=0.00 sys=0.00, real=0.00 secs] 
2016-06-27T18:55:32.486+0300: 1128.822: Total time for which application threads were stopped: 0.0013642 seconds, Stopping threads took: 0.0004242 seconds
2016-06-27T18:55:32.486+0300: 1128.822: [CMS-concurrent-mark-start]
2016-06-27T18:55:32.536+0300: 1128.872: [CMS-concurrent-mark: 0.050/0.050 secs] [Times: user=0.25 sys=0.00, real=0.05 secs] 
2016-06-27T18:55:32.536+0300: 1128.872: [CMS-concurrent-preclean-start]
2016-06-27T18:55:32.546+0300: 1128.883: [CMS-concurrent-preclean: 0.010/0.010 secs] [Times: user=0.00 sys=0.00, real=0.01 secs] 
2016-06-27T18:55:32.546+0300: 1128.883: [CMS-concurrent-abortable-preclean-start]
2016-06-27T18:55:32.546+0300: 1128.883: [CMS-concurrent-abortable-preclean: 0.000/0.000 secs] [Times: user=0.00 sys=0.00, real=0.00 secs] 
2016-06-27T18:55:32.557+0300: 1128.894: [GC (CMS Final Remark) [YG occupancy: 249048 K (306688 K)]2016-06-27T18:55:32.563+0300: 1128.900: [Rescan (parallel) , 0.0041654 secs]2016-06-27T18:55:32.568+0300: 1128.904: [weak refs processing, 0.0000214 secs]2016-06-27T18:55:32.568+0300: 1128.904: [class unloading, 0.0020104 secs]2016-06-27T18:55:32.570+0300: 1128.906: [scrub symbol table, 0.0010768 secs]2016-06-27T18:55:32.571+0300: 1128.907: [scrub string table, 0.0001920 secs][1 CMS-remark: 4773321K(4902144K)] 5022369K(5208832K), 0.0137251 secs] [Times: user=0.06 sys=0.00, real=0.01 secs] 
2016-06-27T18:55:32.571+0300: 1128.908: Total time for which application threads were stopped: 0.0146660 seconds, Stopping threads took: 0.0005542 seconds
2016-06-27T18:55:32.594+0300: 1128.941: [CMS-concurrent-sweep-start]
2016-06-27T18:55:32.610+0300: 1128.950: [CMS-concurrent-sweep: 0.009/0.009 secs] [Times: user=0.06 sys=0.00, real=0.02 secs] 
2016-06-27T18:55:32.610+0300: 1128.950: [CMS-concurrent-reset-start]
2016-06-27T18:55:32.620+0300: 1128.956: [CMS-concurrent-reset: 0.006/0.006 secs] [Times: user=0.05 sys=0.01, real=0.01 secs] 
2016-06-27T18:55:32.645+0300: 1128.981: [GC (Allocation Failure) 2016-06-27T18:55:32.645+0300: 1128.981: [ParNew
Desired survivor size 17432576 bytes, new threshold 1 (max 6)
- age   1:   34856472 bytes,   34856472 total
: 306518K->34046K(306688K), 0.0391941 secs] 4044645K->4039231K(5208832K), 0.0393429 secs] [Times: user=0.19 sys=0.00, real=0.04 secs] 
2016-06-27T18:55:32.685+0300: 1129.021: Total time for which application threads were stopped: 0.0399938 seconds, Stopping threads took: 0.0002382 seconds
2016-06-27T18:55:33.025+0300: 1129.361: [GC (Allocation Failure) 2016-06-27T18:55:33.025+0300: 1129.361: [ParNew
Desired survivor size 17432576 bytes, new threshold 1 (max 6)
- age   1:   34857552 bytes,   34857552 total
: 306210K->34048K(306688K), 0.0378868 secs] 4311395K->4306277K(5208832K), 0.0380544 secs] [Times: user=0.13 sys=0.00, real=0.04 secs] 
2016-06-27T18:55:33.063+0300: 1129.399: Total time for which application threads were stopped: 0.0395768 seconds, Stopping threads took: 0.0010653 seconds
2016-06-27T18:55:33.415+0300: 1129.751: Total time for which application threads were stopped: 0.0043069 seconds, Stopping threads took: 0.0033520 seconds
2016-06-27T18:55:33.454+0300: 1129.790: [GC (Allocation Failure) 2016-06-27T18:55:33.454+0300: 1129.790: [ParNew
Desired survivor size 17432576 bytes, new threshold 1 (max 6)
- age   1:   34856784 bytes,   34856784 total
: 306688K->34048K(306688K), 0.0385167 secs] 4578917K->4573321K(5208832K), 0.0386792 secs] [Times: user=0.19 sys=0.00, real=0.04 secs] 
2016-06-27T18:55:33.493+0300: 1129.829: Total time for which application threads were stopped: 0.0391719 seconds, Stopping threads took: 0.0000975 seconds
2016-06-27T18:55:33.509+0300: 1129.845: Total time for which application threads were stopped: 0.0003165 seconds, Stopping threads took: 0.0000697 seconds
2016-06-27T18:55:33.802+0300: 1130.139: [GC (Allocation Failure) 2016-06-27T18:55:33.802+0300: 1130.139: [ParNew
Desired survivor size 17432576 bytes, new threshold 1 (max 6)
- age   1:   34847176 bytes,   34847176 total
: 305916K->34039K(306688K), 0.0382233 secs] 4845189K->4839354K(5208832K), 0.0383863 secs] [Times: user=0.13 sys=0.00, real=0.04 secs] 
2016-06-27T18:55:33.841+0300: 1130.177: Total time for which application threads were stopped: 0.0395114 seconds, Stopping threads took: 0.0007445 seconds
2016-06-27T18:55:34.097+0300: 1130.433: Total time for which application threads were stopped: 0.0093887 seconds, Stopping threads took: 0.0085441 seconds
2016-06-27T18:55:34.213+0300: 1130.549: [GC (Allocation Failure) 2016-06-27T18:55:34.213+0300: 1130.549: [ParNew: 306679K->306679K(306688K), 0.0000308 secs]2016-06-27T18:55:34.213+0300: 1130.549: [CMS: 4805314K->3800166K(4902144K), 0.6436224 secs] 5111994K->3800166K(5208832K), [Metaspace: 9062K->9062K(1058816K)], 0.6437939 secs] [Times: user=0.64 sys=0.00, real=0.64 secs] 
2016-06-27T18:55:34.857+0300: 1131.193: Total time for which application threads were stopped: 0.6468217 seconds, Stopping threads took: 0.0026955 seconds
2016-06-27T18:55:35.114+0300: 1131.451: Total time for which application threads were stopped: 0.0010914 seconds, Stopping threads took: 0.0004768 seconds
2016-06-27T18:55:35.216+0300: 1131.552: [GC (Allocation Failure) 2016-06-27T18:55:35.216+0300: 1131.552: [ParNew
Desired survivor size 17432576 bytes, new threshold 1 (max 6)
- age   1:   34851752 bytes,   34851752 total
: 272443K->34048K(306688K), 0.0358969 secs] 4072610K->4068226K(5208832K), 0.0360235 secs] [Times: user=0.13 sys=0.00, real=0.04 secs] 
2016-06-27T18:55:35.252+0300: 1131.589: Total time for which application threads were stopped: 0.0365520 seconds, Stopping threads took: 0.0002258 seconds
2016-06-27T18:55:35.567+0300: 1131.903: [GC (Allocation Failure) 2016-06-27T18:55:35.567+0300: 1131.903: [ParNew
Desired survivor size 17432576 bytes, new threshold 1 (max 6)
- age   1:   34845224 bytes,   34845224 total
: 305858K->34048K(306688K), 0.0395439 secs] 4340036K->4334264K(5208832K), 0.0397094 secs] [Times: user=0.14 sys=0.00, real=0.04 secs] 
2016-06-27T18:55:35.607+0300: 1131.943: Total time for which application threads were stopped: 0.0430276 seconds, Stopping threads took: 0.0029363 seconds
2016-06-27T18:55:35.929+0300: 1132.265: [GC (Allocation Failure) 2016-06-27T18:55:35.929+0300: 1132.265: [ParNew
Desired survivor size 17432576 bytes, new threshold 1 (max 6)
- age   1:   34846120 bytes,   34846120 total
: 306097K->34043K(306688K), 0.0764479 secs] 4606313K->4601291K(5208832K), 0.0766177 secs] [Times: user=0.28 sys=0.00, real=0.08 secs] 
2016-06-27T18:55:36.005+0300: 1132.342: Total time for which application threads were stopped: 0.0789732 seconds, Stopping threads took: 0.0019343 seconds
2016-06-27T18:55:36.101+0300: 1132.437: Total time for which application threads were stopped: 0.0076619 seconds, Stopping threads took: 0.0066483 seconds
2016-06-27T18:55:36.433+0300: 1132.769: [GC (Allocation Failure) 2016-06-27T18:55:36.433+0300: 1132.769: [ParNew
Desired survivor size 17432576 bytes, new threshold 1 (max 6)
- age   1:   34849672 bytes,   34849672 total
: 306263K->34046K(306688K), 0.0405771 secs] 4873511K->4867329K(5208832K), 0.0407627 secs] [Times: user=0.19 sys=0.00, real=0.04 secs] 
2016-06-27T18:55:36.474+0300: 1132.810: Total time for which application threads were stopped: 0.0478733 seconds, Stopping threads took: 0.0066026 seconds
2016-06-27T18:55:36.891+0300: 1133.227: [GC (Allocation Failure) 2016-06-27T18:55:36.891+0300: 1133.227: [ParNew: 305840K->305840K(306688K), 0.0000359 secs]2016-06-27T18:55:36.891+0300: 1133.228: [CMS: 4833283K->3842171K(4902144K), 0.8502782 secs] 5139123K->3842171K(5208832K), [Metaspace: 9062K->9062K(1058816K)], 0.8504788 secs] [Times: user=0.86 sys=0.00, real=0.85 secs] 
2016-06-27T18:55:37.742+0300: 1134.078: Total time for which application threads were stopped: 0.8563090 seconds, Stopping threads took: 0.0053367 seconds
2016-06-27T18:55:38.066+0300: 1134.402: [GC (Allocation Failure) 2016-06-27T18:55:38.066+0300: 1134.402: [ParNew
Desired survivor size 17432576 bytes, new threshold 1 (max 6)
- age   1:   34840704 bytes,   34840704 total
: 272406K->34031K(306688K), 0.0366170 secs] 4114578K->4109215K(5208832K), 0.0368116 secs] [Times: user=0.19 sys=0.00, real=0.04 secs] 
2016-06-27T18:55:38.103+0300: 1134.439: Total time for which application threads were stopped: 0.0400652 seconds, Stopping threads took: 0.0027502 seconds
2016-06-27T18:55:38.425+0300: 1134.761: [GC (Allocation Failure) 2016-06-27T18:55:38.425+0300: 1134.761: [ParNew
Desired survivor size 17432576 bytes, new threshold 1 (max 6)
- age   1:   34846312 bytes,   34846312 total
: 306126K->34045K(306688K), 0.0378957 secs] 4381309K->4376256K(5208832K), 0.0380334 secs] [Times: user=0.19 sys=0.00, real=0.04 secs] 
2016-06-27T18:55:38.463+0300: 1134.799: Total time for which application threads were stopped: 0.0394139 seconds, Stopping threads took: 0.0009464 seconds
2016-06-27T18:55:38.866+0300: 1135.203: Total time for which application threads were stopped: 0.0028939 seconds, Stopping threads took: 0.0019403 seconds
2016-06-27T18:55:38.926+0300: 1135.262: [GC (Allocation Failure) 2016-06-27T18:55:38.932+0300: 1135.269: [ParNew
Desired survivor size 17432576 bytes, new threshold 1 (max 6)
- age   1:   34861072 bytes,   34861072 total
: 306685K->34048K(306688K), 0.0377366 secs] 4648896K->4642293K(5208832K), 0.0439171 secs] [Times: user=0.06 sys=0.00, real=0.03 secs] 
2016-06-27T18:55:38.956+0300: 1135.306: Total time for which application threads were stopped: 0.0443820 seconds, Stopping threads took: 0.0000864 seconds
2016-06-27T18:55:39.287+0300: 1135.624: [GC (Allocation Failure) 2016-06-27T18:55:39.287+0300: 1135.624: [ParNew: 305863K->305863K(306688K), 0.0000329 secs]2016-06-27T18:55:39.287+0300: 1135.624: [CMS: 4608245K->3829168K(4902144K), 0.6024542 secs] 4914108K->3829168K(5208832K), [Metaspace: 9062K->9062K(1058816K)], 0.6026441 secs] [Times: user=0.59 sys=0.00, real=0.60 secs] 
2016-06-27T18:55:39.890+0300: 1136.226: Total time for which application threads were stopped: 0.6039425 seconds, Stopping threads took: 0.0009028 seconds
2016-06-27T18:55:40.228+0300: 1136.564: [GC (Allocation Failure) 2016-06-27T18:55:40.228+0300: 1136.564: [ParNew
Desired survivor size 17432576 bytes, new threshold 1 (max 6)
- age   1:   34844848 bytes,   34844848 total
: 272569K->34040K(306688K), 0.0359238 secs] 4101737K->4096220K(5208832K), 0.0360945 secs] [Times: user=0.13 sys=0.00, real=0.04 secs] 
2016-06-27T18:55:40.264+0300: 1136.601: Total time for which application threads were stopped: 0.0383807 seconds, Stopping threads took: 0.0018564 seconds
2016-06-27T18:55:40.599+0300: 1136.935: [GC (Allocation Failure) 2016-06-27T18:55:40.599+0300: 1136.935: [ParNew
Desired survivor size 17432576 bytes, new threshold 1 (max 6)
- age   1:   34852944 bytes,   34852944 total
: 306621K->34046K(306688K), 0.0400986 secs] 4368801K->4363258K(5208832K), 0.0402632 secs] [Times: user=0.13 sys=0.00, real=0.04 secs] 
2016-06-27T18:55:40.639+0300: 1136.976: Total time for which application threads were stopped: 0.0429463 seconds, Stopping threads took: 0.0022507 seconds
2016-06-27T18:55:40.974+0300: 1137.310: [GC (Allocation Failure) 2016-06-27T18:55:40.974+0300: 1137.310: [ParNew
Desired survivor size 17432576 bytes, new threshold 1 (max 6)
- age   1:   34863256 bytes,   34863256 total
: 305701K->34048K(306688K), 0.0417570 secs] 4634912K->4629484K(5208832K), 0.0419174 secs] [Times: user=0.11 sys=0.00, real=0.04 secs] 
2016-06-27T18:55:41.016+0300: 1137.352: Total time for which application threads were stopped: 0.0480363 seconds, Stopping threads took: 0.0056818 seconds
2016-06-27T18:55:41.147+0300: 1137.483: [GC (CMS Initial Mark) [1 CMS-initial-mark: 4595436K(4902144K)] 4743682K(5208832K), 0.0004922 secs] [Times: user=0.00 sys=0.00, real=0.00 secs] 
2016-06-27T18:55:41.147+0300: 1137.484: Total time for which application threads were stopped: 0.0034221 seconds, Stopping threads took: 0.0025163 seconds
2016-06-27T18:55:41.147+0300: 1137.484: [CMS-concurrent-mark-start]
2016-06-27T18:55:41.198+0300: 1137.534: [CMS-concurrent-mark: 0.050/0.050 secs] [Times: user=0.17 sys=0.00, real=0.05 secs] 
2016-06-27T18:55:41.198+0300: 1137.534: [CMS-concurrent-preclean-start]
2016-06-27T18:55:41.208+0300: 1137.544: [CMS-concurrent-preclean: 0.010/0.010 secs] [Times: user=0.06 sys=0.00, real=0.01 secs] 
2016-06-27T18:55:41.208+0300: 1137.544: [CMS-concurrent-abortable-preclean-start]
2016-06-27T18:55:41.359+0300: 1137.696: [GC (Allocation Failure) 2016-06-27T18:55:41.359+0300: 1137.696: [ParNew
Desired survivor size 17432576 bytes, new threshold 1 (max 6)
- age   1:   34853184 bytes,   34853184 total
: 306013K->34048K(306688K), 0.0377824 secs] 4901450K->4895573K(5208832K), 0.0379483 secs] [Times: user=0.19 sys=0.00, real=0.04 secs] 
2016-06-27T18:55:41.397+0300: 1137.734: Total time for which application threads were stopped: 0.0412999 seconds, Stopping threads took: 0.0028978 seconds
2016-06-27T18:55:41.408+0300: 1137.745: [CMS-concurrent-abortable-preclean: 0.032/0.201 secs] [Times: user=0.74 sys=0.00, real=0.20 secs] 
2016-06-27T18:55:41.431+0300: 1137.767: [GC (CMS Final Remark) [YG occupancy: 58869 K (306688 K)]2016-06-27T18:55:41.431+0300: 1137.767: [Rescan (parallel) , 0.0040956 secs]2016-06-27T18:55:41.435+0300: 1137.771: [weak refs processing, 0.0000244 secs]2016-06-27T18:55:41.435+0300: 1137.771: [class unloading, 0.0022157 secs]2016-06-27T18:55:41.437+0300: 1137.773: [scrub symbol table, 0.0013634 secs]2016-06-27T18:55:41.438+0300: 1137.775: [scrub string table, 0.0002972 secs][1 CMS-remark: 4861525K(4902144K)] 4920395K(5208832K), 0.0083170 secs] [Times: user=0.00 sys=0.00, real=0.01 secs] 
2016-06-27T18:55:41.439+0300: 1137.775: Total time for which application threads were stopped: 0.0092459 seconds, Stopping threads took: 0.0005341 seconds
2016-06-27T18:55:41.619+0300: 1137.955: [CMS-concurrent-sweep-start]
2016-06-27T18:55:41.628+0300: 1137.964: [CMS-concurrent-sweep: 0.009/0.009 secs] [Times: user=0.00 sys=0.00, real=0.01 secs] 
2016-06-27T18:55:41.628+0300: 1137.964: [CMS-concurrent-reset-start]
2016-06-27T18:55:41.634+0300: 1137.970: [CMS-concurrent-reset: 0.006/0.006 secs] [Times: user=0.06 sys=0.00, real=0.01 secs] 
2016-06-27T18:55:41.736+0300: 1138.072: [GC (Allocation Failure) 2016-06-27T18:55:41.736+0300: 1138.072: [ParNew
Desired survivor size 17432576 bytes, new threshold 1 (max 6)
- age   1:   34842912 bytes,   34842912 total
: 305826K->34038K(306688K), 0.0411335 secs] 4176060K->4171311K(5208832K), 0.0413011 secs] [Times: user=0.17 sys=0.00, real=0.04 secs] 
2016-06-27T18:55:41.777+0300: 1138.114: Total time for which application threads were stopped: 0.0459972 seconds, Stopping threads took: 0.0042252 seconds
2016-06-27T18:55:42.096+0300: 1138.432: Total time for which application threads were stopped: 0.0032258 seconds, Stopping threads took: 0.0021242 seconds
2016-06-27T18:55:42.176+0300: 1138.513: [GC (Allocation Failure) 2016-06-27T18:55:42.177+0300: 1138.513: [ParNew
Desired survivor size 17432576 bytes, new threshold 1 (max 6)
- age   1:   34852832 bytes,   34852832 total
: 306678K->34048K(306688K), 0.0376930 secs] 4443951K->4437350K(5208832K), 0.0378654 secs] [Times: user=0.14 sys=0.00, real=0.04 secs] 
2016-06-27T18:55:42.214+0300: 1138.551: Total time for which application threads were stopped: 0.0383508 seconds, Stopping threads took: 0.0000791 seconds
2016-06-27T18:55:42.537+0300: 1138.874: [GC (Allocation Failure) 2016-06-27T18:55:42.537+0300: 1138.874: [ParNew
Desired survivor size 17432576 bytes, new threshold 1 (max 6)
- age   1:   34845528 bytes,   34845528 total
: 306281K->34042K(306688K), 0.0383499 secs] 4709584K->4704385K(5208832K), 0.0385154 secs] [Times: user=0.13 sys=0.00, real=0.04 secs] 
2016-06-27T18:55:42.576+0300: 1138.912: Total time for which application threads were stopped: 0.0402320 seconds, Stopping threads took: 0.0013129 seconds
2016-06-27T18:55:42.914+0300: 1139.250: [GC (Allocation Failure) 2016-06-27T18:55:42.914+0300: 1139.250: [ParNew: 306629K->306629K(306688K), 0.0000316 secs]2016-06-27T18:55:42.914+0300: 1139.250: [CMS: 4670342K->3832163K(4902144K), 0.6756237 secs] 4976972K->3832163K(5208832K), [Metaspace: 9062K->9062K(1058816K)], 0.6758183 secs] [Times: user=0.67 sys=0.00, real=0.68 secs] 
2016-06-27T18:55:43.590+0300: 1139.926: Total time for which application threads were stopped: 0.6784783 seconds, Stopping threads took: 0.0022584 seconds
2016-06-27T18:55:43.921+0300: 1140.257: [GC (Allocation Failure) 2016-06-27T18:55:43.921+0300: 1140.257: [ParNew
Desired survivor size 17432576 bytes, new threshold 1 (max 6)
- age   1:   34849312 bytes,   34849312 total
: 271988K->34048K(306688K), 0.0350600 secs] 4104151K->4099223K(5208832K), 0.0351938 secs] [Times: user=0.13 sys=0.00, real=0.04 secs] 
2016-06-27T18:55:43.956+0300: 1140.292: Total time for which application threads were stopped: 0.0361411 seconds, Stopping threads took: 0.0005311 seconds
2016-06-27T18:55:44.274+0300: 1140.610: [GC (Allocation Failure) 2016-06-27T18:55:44.274+0300: 1140.610: [ParNew
Desired survivor size 17432576 bytes, new threshold 1 (max 6)
- age   1:   34852784 bytes,   34852784 total
: 305893K->34047K(306688K), 0.0386929 secs] 4371068K->4366259K(5208832K), 0.0388165 secs] [Times: user=0.13 sys=0.00, real=0.04 secs] 
2016-06-27T18:55:44.312+0300: 1140.649: Total time for which application threads were stopped: 0.0396855 seconds, Stopping threads took: 0.0005145 seconds
2016-06-27T18:55:44.670+0300: 1141.006: Total time for which application threads were stopped: 0.0010867 seconds, Stopping threads took: 0.0004559 seconds
2016-06-27T18:55:44.721+0300: 1141.057: [GC (Allocation Failure) 2016-06-27T18:55:44.721+0300: 1141.057: [ParNew
Desired survivor size 17432576 bytes, new threshold 1 (max 6)
- age   1:   34855616 bytes,   34855616 total
: 306687K->34048K(306688K), 0.0384662 secs] 4638899K->4633300K(5208832K), 0.0386706 secs] [Times: user=0.19 sys=0.00, real=0.04 secs] 
2016-06-27T18:55:44.759+0300: 1141.096: Total time for which application threads were stopped: 0.0390551 seconds, Stopping threads took: 0.0000907 seconds
2016-06-27T18:55:45.066+0300: 1141.402: [GC (Allocation Failure) 2016-06-27T18:55:45.066+0300: 1141.402: [ParNew: 306217K->306217K(306688K), 0.0000304 secs]2016-06-27T18:55:45.066+0300: 1141.402: [CMS: 4599252K->3655150K(4902144K), 0.5569672 secs] 4905470K->3655150K(5208832K), [Metaspace: 9062K->9062K(1058816K)], 0.5571562 secs] [Times: user=0.56 sys=0.00, real=0.56 secs] 
2016-06-27T18:55:45.623+0300: 1141.959: Total time for which application threads were stopped: 0.5580787 seconds, Stopping threads took: 0.0006038 seconds
2016-06-27T18:55:45.945+0300: 1142.282: [GC (Allocation Failure) 2016-06-27T18:55:45.945+0300: 1142.282: [ParNew
Desired survivor size 17432576 bytes, new threshold 1 (max 6)
- age   1:   34845088 bytes,   34845088 total
: 272455K->34047K(306688K), 0.0355441 secs] 3927606K->3922209K(5208832K), 0.0357776 secs] [Times: user=0.13 sys=0.00, real=0.04 secs] 
2016-06-27T18:55:45.981+0300: 1142.318: Total time for which application threads were stopped: 0.0366786 seconds, Stopping threads took: 0.0005294 seconds
2016-06-27T18:55:46.306+0300: 1142.643: [GC (Allocation Failure) 2016-06-27T18:55:46.306+0300: 1142.643: [ParNew
Desired survivor size 17432576 bytes, new threshold 1 (max 6)
- age   1:   34864512 bytes,   34864512 total
: 305945K->34048K(306688K), 0.0389071 secs] 4194107K->4188377K(5208832K), 0.0390705 secs] [Times: user=0.13 sys=0.00, real=0.04 secs] 
2016-06-27T18:55:46.345+0300: 1142.682: Total time for which application threads were stopped: 0.0405690 seconds, Stopping threads took: 0.0010657 seconds
2016-06-27T18:55:46.441+0300: 1142.777: [GC (CMS Initial Mark) [1 CMS-initial-mark: 4154329K(4902144K)] 4269812K(5208832K), 0.0004644 secs] [Times: user=0.00 sys=0.00, real=0.00 secs] 
2016-06-27T18:55:46.441+0300: 1142.777: Total time for which application threads were stopped: 0.0010713 seconds, Stopping threads took: 0.0002237 seconds
2016-06-27T18:55:46.441+0300: 1142.777: [CMS-concurrent-mark-start]
2016-06-27T18:55:46.491+0300: 1142.828: [CMS-concurrent-mark: 0.050/0.050 secs] [Times: user=0.25 sys=0.00, real=0.05 secs] 
2016-06-27T18:55:46.491+0300: 1142.828: [CMS-concurrent-preclean-start]
2016-06-27T18:55:46.501+0300: 1142.838: [CMS-concurrent-preclean: 0.010/0.010 secs] [Times: user=0.00 sys=0.00, real=0.01 secs] 
2016-06-27T18:55:46.501+0300: 1142.838: [CMS-concurrent-abortable-preclean-start]
2016-06-27T18:55:46.689+0300: 1143.025: [GC (Allocation Failure) 2016-06-27T18:55:46.689+0300: 1143.025: [ParNew2016-06-27T18:55:46.726+0300: 1143.062: [CMS-concurrent-abortable-preclean: 0.021/0.225 secs] [Times: user=0.92 sys=0.02, real=0.23 secs] 

Desired survivor size 17432576 bytes, new threshold 1 (max 6)
- age   1:   34859128 bytes,   34859128 total
: 306258K->34048K(306688K), 0.0377414 secs] 4460588K->4454470K(5208832K), 0.0378974 secs] [Times: user=0.17 sys=0.02, real=0.04 secs] 
2016-06-27T18:55:46.727+0300: 1143.063: Total time for which application threads were stopped: 0.0389837 seconds, Stopping threads took: 0.0006351 seconds
2016-06-27T18:55:46.727+0300: 1143.063: [GC (CMS Final Remark) [YG occupancy: 35048 K (306688 K)]2016-06-27T18:55:46.727+0300: 1143.063: [Rescan (parallel) , 0.0042406 secs]2016-06-27T18:55:46.731+0300: 1143.068: [weak refs processing, 0.0000180 secs]2016-06-27T18:55:46.731+0300: 1143.068: [class unloading, 0.0015447 secs]2016-06-27T18:55:46.733+0300: 1143.069: [scrub symbol table, 0.0009267 secs]2016-06-27T18:55:46.734+0300: 1143.070: [scrub string table, 0.0001775 secs][1 CMS-remark: 4420422K(4902144K)] 4455470K(5208832K), 0.0071448 secs] [Times: user=0.00 sys=0.00, real=0.01 secs] 
2016-06-27T18:55:46.734+0300: 1143.071: Total time for which application threads were stopped: 0.0075930 seconds, Stopping threads took: 0.0000714 seconds
2016-06-27T18:55:46.752+0300: 1143.088: [CMS-concurrent-sweep-start]
2016-06-27T18:55:46.761+0300: 1143.097: [CMS-concurrent-sweep: 0.009/0.009 secs] [Times: user=0.06 sys=0.00, real=0.01 secs] 
2016-06-27T18:55:46.761+0300: 1143.097: [CMS-concurrent-reset-start]
2016-06-27T18:55:46.767+0300: 1143.103: [CMS-concurrent-reset: 0.006/0.006 secs] [Times: user=0.00 sys=0.00, real=0.01 secs] 
2016-06-27T18:55:47.051+0300: 1143.387: [GC (Allocation Failure) 2016-06-27T18:55:47.051+0300: 1143.387: [ParNew
Desired survivor size 17432576 bytes, new threshold 1 (max 6)
- age   1:   34847304 bytes,   34847304 total
: 306373K->34042K(306688K), 0.0387425 secs] 4260606K->4255321K(5208832K), 0.0388892 secs] [Times: user=0.17 sys=0.00, real=0.04 secs] 
2016-06-27T18:55:47.090+0300: 1143.426: Total time for which application threads were stopped: 0.0400302 seconds, Stopping threads took: 0.0006855 seconds
2016-06-27T18:55:47.450+0300: 1143.786: Total time for which application threads were stopped: 0.0017320 seconds, Stopping threads took: 0.0008733 seconds
2016-06-27T18:55:47.509+0300: 1143.846: [GC (Allocation Failure) 2016-06-27T18:55:47.509+0300: 1143.846: [ParNew
Desired survivor size 17432576 bytes, new threshold 1 (max 6)
- age   1:   33872496 bytes,   33872496 total
: 306682K->33091K(306688K), 0.0385847 secs] 4527961K->4522403K(5208832K), 0.0387288 secs] [Times: user=0.13 sys=0.00, real=0.04 secs] 
2016-06-27T18:55:47.548+0300: 1143.884: Total time for which application threads were stopped: 0.0391911 seconds, Stopping threads took: 0.0001142 seconds
2016-06-27T18:55:47.879+0300: 1144.216: [GC (Allocation Failure) 2016-06-27T18:55:47.879+0300: 1144.216: [ParNew
Desired survivor size 17432576 bytes, new threshold 1 (max 6)
- age   1:   33826920 bytes,   33826920 total
: 304832K->33067K(306688K), 0.0413110 secs] 4794144K->4788463K(5208832K), 0.0414799 secs] [Times: user=0.17 sys=0.00, real=0.04 secs] 
2016-06-27T18:55:47.921+0300: 1144.257: Total time for which application threads were stopped: 0.0425255 seconds, Stopping threads took: 0.0006659 seconds
2016-06-27T18:55:48.097+0300: 1144.434: Total time for which application threads were stopped: 0.0025185 seconds, Stopping threads took: 0.0019856 seconds
2016-06-27T18:55:48.276+0300: 1144.612: [GC (Allocation Failure) 2016-06-27T18:55:48.276+0300: 1144.612: [ParNew: 305707K->305707K(306688K), 0.0000244 secs]2016-06-27T18:55:48.276+0300: 1144.612: [CMS: 4755396K->3720153K(4902144K), 0.6421931 secs] 5061103K->3720153K(5208832K), [Metaspace: 9062K->9062K(1058816K)], 0.6423531 secs] [Times: user=0.64 sys=0.00, real=0.64 secs] 
2016-06-27T18:55:48.918+0300: 1145.255: Total time for which application threads were stopped: 0.6429843 seconds, Stopping threads took: 0.0003656 seconds
2016-06-27T18:55:49.097+0300: 1145.434: Total time for which application threads were stopped: 0.0019971 seconds, Stopping threads took: 0.0012517 seconds
2016-06-27T18:55:49.269+0300: 1145.605: [GC (Allocation Failure) 2016-06-27T18:55:49.269+0300: 1145.605: [ParNew
Desired survivor size 17432576 bytes, new threshold 1 (max 6)
- age   1:   34858608 bytes,   34858608 total
: 271848K->34048K(306688K), 0.0336209 secs] 3992002K->3987221K(5208832K), 0.0337757 secs] [Times: user=0.19 sys=0.00, real=0.03 secs] 
2016-06-27T18:55:49.303+0300: 1145.639: Total time for which application threads were stopped: 0.0346939 seconds, Stopping threads took: 0.0005585 seconds
2016-06-27T18:55:49.629+0300: 1145.965: [GC (Allocation Failure) 2016-06-27T18:55:49.629+0300: 1145.965: [ParNew
Desired survivor size 17432576 bytes, new threshold 1 (max 6)
- age   1:   34856928 bytes,   34856928 total
: 306688K->34048K(306688K), 0.0383114 secs] 4259861K->4253271K(5208832K), 0.0384701 secs] [Times: user=0.17 sys=0.00, real=0.04 secs] 
2016-06-27T18:55:49.667+0300: 1146.004: Total time for which application threads were stopped: 0.0403423 seconds, Stopping threads took: 0.0014882 seconds
2016-06-27T18:55:50.000+0300: 1146.336: [GC (Allocation Failure) 2016-06-27T18:55:50.000+0300: 1146.336: [ParNew
Desired survivor size 17432576 bytes, new threshold 1 (max 6)
- age   1:   34859568 bytes,   34859568 total
: 306586K->34048K(306688K), 0.0387002 secs] 4525809K->4520316K(5208832K), 0.0388669 secs] [Times: user=0.19 sys=0.00, real=0.04 secs] 
2016-06-27T18:55:50.039+0300: 1146.375: Total time for which application threads were stopped: 0.0424319 seconds, Stopping threads took: 0.0031569 seconds
2016-06-27T18:55:50.099+0300: 1146.436: Total time for which application threads were stopped: 0.0033396 seconds, Stopping threads took: 0.0024278 seconds
2016-06-27T18:55:50.108+0300: 1146.445: Total time for which application threads were stopped: 0.0004063 seconds, Stopping threads took: 0.0000800 seconds
2016-06-27T18:55:50.389+0300: 1146.725: [GC (Allocation Failure) 2016-06-27T18:55:50.389+0300: 1146.725: [ParNew
Desired survivor size 17432576 bytes, new threshold 1 (max 6)
- age   1:   34854896 bytes,   34854896 total
: 306299K->34048K(306688K), 0.0385299 secs] 4792567K->4787365K(5208832K), 0.0387014 secs] [Times: user=0.19 sys=0.00, real=0.04 secs] 
2016-06-27T18:55:50.428+0300: 1146.764: Total time for which application threads were stopped: 0.0418597 seconds, Stopping threads took: 0.0027195 seconds
2016-06-27T18:55:50.770+0300: 1147.106: [GC (Allocation Failure) 2016-06-27T18:55:50.770+0300: 1147.106: [ParNew: 306058K->306058K(306688K), 0.0000346 secs]2016-06-27T18:55:50.770+0300: 1147.106: [CMS: 4753317K->3855164K(4902144K), 0.6185982 secs] 5059376K->3855164K(5208832K), [Metaspace: 9062K->9062K(1058816K)], 0.6187889 secs] [Times: user=0.63 sys=0.00, real=0.62 secs] 
2016-06-27T18:55:51.389+0300: 1147.725: Total time for which application threads were stopped: 0.6223564 seconds, Stopping threads took: 0.0030898 seconds
2016-06-27T18:55:51.686+0300: 1148.022: Total time for which application threads were stopped: 0.0026442 seconds, Stopping threads took: 0.0017123 seconds
2016-06-27T18:55:51.810+0300: 1148.147: [GC (Allocation Failure) 2016-06-27T18:55:51.810+0300: 1148.147: [ParNew
Desired survivor size 17432576 bytes, new threshold 1 (max 6)
- age   1:   34850992 bytes,   34850992 total
: 272640K->34048K(306688K), 0.0355719 secs] 4127804K->4121224K(5208832K), 0.0357108 secs] [Times: user=0.13 sys=0.00, real=0.04 secs] 
2016-06-27T18:55:51.846+0300: 1148.183: Total time for which application threads were stopped: 0.0361620 seconds, Stopping threads took: 0.0000949 seconds
2016-06-27T18:55:52.098+0300: 1148.435: Total time for which application threads were stopped: 0.0009652 seconds, Stopping threads took: 0.0004024 seconds
2016-06-27T18:55:52.178+0300: 1148.514: [GC (Allocation Failure) 2016-06-27T18:55:52.178+0300: 1148.514: [ParNew
Desired survivor size 17432576 bytes, new threshold 1 (max 6)
- age   1:   34854248 bytes,   34854248 total
: 306370K->34048K(306688K), 0.0397222 secs] 4393547K->4388262K(5208832K), 0.0398783 secs] [Times: user=0.13 sys=0.00, real=0.04 secs] 
2016-06-27T18:55:52.218+0300: 1148.554: Total time for which application threads were stopped: 0.0404766 seconds, Stopping threads took: 0.0002557 seconds
2016-06-27T18:55:52.529+0300: 1148.865: [GC (Allocation Failure) 2016-06-27T18:55:52.529+0300: 1148.865: [ParNew
Desired survivor size 17432576 bytes, new threshold 1 (max 6)
- age   1:   34847256 bytes,   34847256 total
: 306438K->34046K(306688K), 0.0387801 secs] 4660652K->4650302K(5208832K), 0.0388982 secs] [Times: user=0.19 sys=0.00, real=0.04 secs] 
2016-06-27T18:55:52.568+0300: 1148.904: Total time for which application threads were stopped: 0.0399237 seconds, Stopping threads took: 0.0007099 seconds
2016-06-27T18:55:52.900+0300: 1149.236: [GC (Allocation Failure) 2016-06-27T18:55:52.900+0300: 1149.236: [ParNew: 306441K->306441K(306688K), 0.0000415 secs]2016-06-27T18:55:52.900+0300: 1149.236: [CMS: 4616256K->3872171K(4902144K), 0.5884113 secs] 4922698K->3872171K(5208832K), [Metaspace: 9062K->9062K(1058816K)], 0.5886205 secs] [Times: user=0.58 sys=0.00, real=0.59 secs] 
2016-06-27T18:55:53.489+0300: 1149.825: Total time for which application threads were stopped: 0.5899372 seconds, Stopping threads took: 0.0008955 seconds
2016-06-27T18:55:53.790+0300: 1150.126: Total time for which application threads were stopped: 0.0012162 seconds, Stopping threads took: 0.0004383 seconds
2016-06-27T18:55:53.871+0300: 1150.208: [GC (Allocation Failure) 2016-06-27T18:55:53.871+0300: 1150.208: [ParNew
Desired survivor size 17432576 bytes, new threshold 1 (max 6)
- age   1:   34852480 bytes,   34852480 total
: 272640K->34040K(306688K), 0.0356920 secs] 4144811K->4138223K(5208832K), 0.0358302 secs] [Times: user=0.13 sys=0.00, real=0.04 secs] 
2016-06-27T18:55:53.907+0300: 1150.244: Total time for which application threads were stopped: 0.0363587 seconds, Stopping threads took: 0.0002553 seconds
2016-06-27T18:55:54.099+0300: 1150.435: Total time for which application threads were stopped: 0.0007638 seconds, Stopping threads took: 0.0003062 seconds
2016-06-27T18:55:54.238+0300: 1150.575: [GC (Allocation Failure) 2016-06-27T18:55:54.238+0300: 1150.575: [ParNew
Desired survivor size 17432576 bytes, new threshold 1 (max 6)
- age   1:   34847696 bytes,   34847696 total
: 306370K->34043K(306688K), 0.0384812 secs] 4410553K->4406267K(5208832K), 0.0386155 secs] [Times: user=0.17 sys=0.00, real=0.04 secs] 
2016-06-27T18:55:54.277+0300: 1150.613: Total time for which application threads were stopped: 0.0391706 seconds, Stopping threads took: 0.0002827 seconds
2016-06-27T18:55:54.590+0300: 1150.926: [GC (Allocation Failure) 2016-06-27T18:55:54.595+0300: 1150.932: [ParNew
Desired survivor size 17432576 bytes, new threshold 1 (max 6)
- age   1:   34849512 bytes,   34849512 total
: 306078K->34047K(306688K), 0.0384987 secs] 4678302K->4669304K(5208832K), 0.0444979 secs] [Times: user=0.19 sys=0.00, real=0.04 secs] 
2016-06-27T18:55:54.634+0300: 1150.970: Total time for which application threads were stopped: 0.0451971 seconds, Stopping threads took: 0.0004285 seconds
2016-06-27T18:55:54.964+0300: 1151.301: [GC (Allocation Failure) 2016-06-27T18:55:54.964+0300: 1151.301: [ParNew: 305992K->305992K(306688K), 0.0000239 secs]2016-06-27T18:55:54.964+0300: 1151.301: [CMS: 4635257K->3933177K(4902144K), 0.6092638 secs] 4941249K->3933177K(5208832K), [Metaspace: 9062K->9062K(1058816K)], 0.6094079 secs] [Times: user=0.61 sys=0.00, real=0.61 secs] 
2016-06-27T18:55:55.574+0300: 1151.910: Total time for which application threads were stopped: 0.6103278 seconds, Stopping threads took: 0.0005949 seconds
2016-06-27T18:55:55.899+0300: 1152.235: Total time for which application threads were stopped: 0.0035153 seconds, Stopping threads took: 0.0025304 seconds
2016-06-27T18:55:55.965+0300: 1152.302: [GC (Allocation Failure) 2016-06-27T18:55:55.965+0300: 1152.302: [ParNew
Desired survivor size 17432576 bytes, new threshold 1 (max 6)
- age   1:   34854120 bytes,   34854120 total
: 272640K->34048K(306688K), 0.0355398 secs] 4205817K->4198238K(5208832K), 0.0357233 secs] [Times: user=0.13 sys=0.00, real=0.04 secs] 
2016-06-27T18:55:56.001+0300: 1152.337: Total time for which application threads were stopped: 0.0362334 seconds, Stopping threads took: 0.0000894 seconds
2016-06-27T18:55:56.106+0300: 1152.442: Total time for which application threads were stopped: 0.0070495 seconds, Stopping threads took: 0.0062395 seconds
2016-06-27T18:55:56.328+0300: 1152.665: [GC (Allocation Failure) 2016-06-27T18:55:56.329+0300: 1152.665: [ParNew
Desired survivor size 17432576 bytes, new threshold 1 (max 6)
- age   1:   33952448 bytes,   33952448 total
: 305998K->33169K(306688K), 0.0394208 secs] 4470188K->4465400K(5208832K), 0.0395790 secs] [Times: user=0.19 sys=0.00, real=0.04 secs] 
2016-06-27T18:55:56.368+0300: 1152.705: Total time for which application threads were stopped: 0.0431033 seconds, Stopping threads took: 0.0031565 seconds
2016-06-27T18:55:56.709+0300: 1153.046: [GC (Allocation Failure) 2016-06-27T18:55:56.709+0300: 1153.046: [ParNew
Desired survivor size 17432576 bytes, new threshold 1 (max 6)
- age   1:   33833992 bytes,   33833992 total
: 305597K->33126K(306688K), 0.0391261 secs] 4737828K->4723550K(5208832K), 0.0392788 secs] [Times: user=0.09 sys=0.00, real=0.04 secs] 
2016-06-27T18:55:56.749+0300: 1153.085: Total time for which application threads were stopped: 0.0485328 seconds, Stopping threads took: 0.0088430 seconds
2016-06-27T18:55:57.073+0300: 1153.409: [GC (Allocation Failure) 2016-06-27T18:55:57.073+0300: 1153.410: [ParNew: 305633K->305633K(306688K), 0.0000338 secs]2016-06-27T18:55:57.073+0300: 1153.410: [CMS: 4690423K->3904176K(4902144K), 0.7076927 secs] 4996057K->3904176K(5208832K), [Metaspace: 9062K->9062K(1058816K)], 0.7078890 secs] [Times: user=0.70 sys=0.00, real=0.71 secs] 
2016-06-27T18:55:57.781+0300: 1154.117: Total time for which application threads were stopped: 0.7123567 seconds, Stopping threads took: 0.0040580 seconds
2016-06-27T18:55:58.107+0300: 1154.443: [GC (Allocation Failure) 2016-06-27T18:55:58.107+0300: 1154.443: [ParNew
Desired survivor size 17432576 bytes, new threshold 1 (max 6)
- age   1:   34846336 bytes,   34846336 total
: 271743K->34042K(306688K), 0.0364759 secs] 4175920K->4170230K(5208832K), 0.0366337 secs] [Times: user=0.13 sys=0.00, real=0.04 secs] 
2016-06-27T18:55:58.144+0300: 1154.480: Total time for which application threads were stopped: 0.0401606 seconds, Stopping threads took: 0.0030539 seconds
2016-06-27T18:55:58.460+0300: 1154.796: [GC (Allocation Failure) 2016-06-27T18:55:58.460+0300: 1154.797: [ParNew
Desired survivor size 17432576 bytes, new threshold 1 (max 6)
- age   1:   34850096 bytes,   34850096 total
: 306392K->34048K(306688K), 0.0380270 secs] 4442581K->4437269K(5208832K), 0.0381989 secs] [Times: user=0.13 sys=0.00, real=0.04 secs] 
2016-06-27T18:55:58.498+0300: 1154.835: Total time for which application threads were stopped: 0.0395580 seconds, Stopping threads took: 0.0009079 seconds
2016-06-27T18:55:58.821+0300: 1155.158: [GC (Allocation Failure) 2016-06-27T18:55:58.821+0300: 1155.158: [ParNew
Desired survivor size 17432576 bytes, new threshold 1 (max 6)
- age   1:   34851912 bytes,   34851912 total
: 306127K->34041K(306688K), 0.0385941 secs] 4709348K->4704301K(5208832K), 0.0387575 secs] [Times: user=0.13 sys=0.00, real=0.04 secs] 
2016-06-27T18:55:58.860+0300: 1155.196: Total time for which application threads were stopped: 0.0415124 seconds, Stopping threads took: 0.0022383 seconds
2016-06-27T18:55:58.969+0300: 1155.306: Total time for which application threads were stopped: 0.0025133 seconds, Stopping threads took: 0.0013976 seconds
2016-06-27T18:55:59.103+0300: 1155.439: Total time for which application threads were stopped: 0.0024714 seconds, Stopping threads took: 0.0016982 seconds
2016-06-27T18:55:59.244+0300: 1155.580: [GC (Allocation Failure) 2016-06-27T18:55:59.244+0300: 1155.580: [ParNew: 306681K->306681K(306688K), 0.0000325 secs]2016-06-27T18:55:59.244+0300: 1155.581: [CMS: 4670260K->3769162K(4902144K), 0.5780801 secs] 4976941K->3769162K(5208832K), [Metaspace: 9062K->9062K(1058816K)], 0.5782811 secs] [Times: user=0.58 sys=0.00, real=0.58 secs] 
2016-06-27T18:55:59.822+0300: 1156.159: Total time for which application threads were stopped: 0.5797821 seconds, Stopping threads took: 0.0010473 seconds
2016-06-27T18:56:00.103+0300: 1156.439: Total time for which application threads were stopped: 0.0016187 seconds, Stopping threads took: 0.0004584 seconds
2016-06-27T18:56:00.225+0300: 1156.561: [GC (Allocation Failure) 2016-06-27T18:56:00.225+0300: 1156.561: [ParNew
Desired survivor size 17432576 bytes, new threshold 1 (max 6)
- age   1:   34853840 bytes,   34853840 total
: 272640K->34048K(306688K), 0.0359332 secs] 4041802K->4035223K(5208832K), 0.0361073 secs] [Times: user=0.11 sys=0.00, real=0.04 secs] 
2016-06-27T18:56:00.261+0300: 1156.597: Total time for which application threads were stopped: 0.0376742 seconds, Stopping threads took: 0.0012115 seconds
2016-06-27T18:56:00.576+0300: 1156.913: [GC (Allocation Failure) 2016-06-27T18:56:00.582+0300: 1156.919: [ParNew
Desired survivor size 17432576 bytes, new threshold 1 (max 6)
- age   1:   34861536 bytes,   34861536 total
: 306400K->34048K(306688K), 0.0401230 secs] 4307575K->4302283K(5208832K), 0.0461649 secs] [Times: user=0.19 sys=0.00, real=0.05 secs] 
2016-06-27T18:56:00.622+0300: 1156.959: Total time for which application threads were stopped: 0.0473118 seconds, Stopping threads took: 0.0007950 seconds
2016-06-27T18:56:00.940+0300: 1157.277: [GC (Allocation Failure) 2016-06-27T18:56:00.940+0300: 1157.277: [ParNew
Desired survivor size 17432576 bytes, new threshold 1 (max 6)
- age   1:   34855784 bytes,   34855784 total
: 306475K->34048K(306688K), 0.0389435 secs] 4574710K->4569336K(5208832K), 0.0390782 secs] [Times: user=0.17 sys=0.00, real=0.04 secs] 
2016-06-27T18:56:00.979+0300: 1157.316: Total time for which application threads were stopped: 0.0398048 seconds, Stopping threads took: 0.0004388 seconds
2016-06-27T18:56:01.102+0300: 1157.439: Total time for which application threads were stopped: 0.0016003 seconds, Stopping threads took: 0.0010191 seconds
2016-06-27T18:56:01.111+0300: 1157.448: Total time for which application threads were stopped: 0.0004046 seconds, Stopping threads took: 0.0001026 seconds
2016-06-27T18:56:01.314+0300: 1157.651: [GC (Allocation Failure) 2016-06-27T18:56:01.315+0300: 1157.651: [ParNew
Desired survivor size 17432576 bytes, new threshold 1 (max 6)
- age   1:   34846456 bytes,   34846456 total
: 306169K->34039K(306688K), 0.0386116 secs] 4841457K->4837372K(5208832K), 0.0387609 secs] [Times: user=0.19 sys=0.00, real=0.04 secs] 
2016-06-27T18:56:01.353+0300: 1157.690: Total time for which application threads were stopped: 0.0399215 seconds, Stopping threads took: 0.0007540 seconds
2016-06-27T18:56:01.386+0300: 1157.722: [GC (CMS Initial Mark) [1 CMS-initial-mark: 4803332K(4902144K)] 4858916K(5208832K), 0.0005029 secs] [Times: user=0.00 sys=0.00, real=0.00 secs] 
2016-06-27T18:56:01.386+0300: 1157.723: Total time for which application threads were stopped: 0.0012496 seconds, Stopping threads took: 0.0003943 seconds
2016-06-27T18:56:01.386+0300: 1157.723: [CMS-concurrent-mark-start]
2016-06-27T18:56:01.438+0300: 1157.774: [CMS-concurrent-mark: 0.051/0.051 secs] [Times: user=0.19 sys=0.00, real=0.05 secs] 
2016-06-27T18:56:01.438+0300: 1157.774: [CMS-concurrent-preclean-start]
2016-06-27T18:56:01.448+0300: 1157.784: [CMS-concurrent-preclean: 0.010/0.010 secs] [Times: user=0.06 sys=0.00, real=0.01 secs] 
2016-06-27T18:56:01.448+0300: 1157.784: [CMS-concurrent-abortable-preclean-start]
2016-06-27T18:56:01.558+0300: 1157.894: [CMS-concurrent-abortable-preclean: 0.010/0.110 secs] [Times: user=0.44 sys=0.00, real=0.11 secs] 
2016-06-27T18:56:01.573+0300: 1157.909: [GC (CMS Final Remark) [YG occupancy: 196402 K (306688 K)]2016-06-27T18:56:01.573+0300: 1157.909: [Rescan (parallel) , 0.0042214 secs]2016-06-27T18:56:01.577+0300: 1157.914: [weak refs processing, 0.0000637 secs]2016-06-27T18:56:01.577+0300: 1157.914: [class unloading, 0.0023713 secs]2016-06-27T18:56:01.580+0300: 1157.916: [scrub symbol table, 0.0011406 secs]2016-06-27T18:56:01.581+0300: 1157.917: [scrub string table, 0.0001920 secs][1 CMS-remark: 4803332K(4902144K)] 4999735K(5208832K), 0.0082905 secs] [Times: user=0.00 sys=0.00, real=0.01 secs] 
2016-06-27T18:56:01.581+0300: 1157.918: Total time for which application threads were stopped: 0.0093117 seconds, Stopping threads took: 0.0007120 seconds
2016-06-27T18:56:01.604+0300: 1157.940: [CMS-concurrent-sweep-start]
2016-06-27T18:56:01.613+0300: 1157.949: [CMS-concurrent-sweep: 0.009/0.009 secs] [Times: user=0.00 sys=0.00, real=0.01 secs] 
2016-06-27T18:56:01.613+0300: 1157.949: [CMS-concurrent-reset-start]
2016-06-27T18:56:01.619+0300: 1157.955: [CMS-concurrent-reset: 0.006/0.006 secs] [Times: user=0.06 sys=0.00, real=0.01 secs] 
2016-06-27T18:56:01.714+0300: 1158.051: [GC (Allocation Failure) 2016-06-27T18:56:01.720+0300: 1158.056: [ParNew
Desired survivor size 17432576 bytes, new threshold 1 (max 6)
- age   1:   34858728 bytes,   34858728 total
: 305724K->34048K(306688K), 0.0389200 secs] 4058859K->4053228K(5208832K), 0.0450910 secs] [Times: user=0.19 sys=0.00, real=0.05 secs] 
2016-06-27T18:56:01.759+0300: 1158.096: Total time for which application threads were stopped: 0.0458625 seconds, Stopping threads took: 0.0003400 seconds
2016-06-27T18:56:02.097+0300: 1158.434: [GC (Allocation Failure) 2016-06-27T18:56:02.098+0300: 1158.434: [ParNew
Desired survivor size 17432576 bytes, new threshold 1 (max 6)
- age   1:   34855776 bytes,   34855776 total
: 306470K->34048K(306688K), 0.0388216 secs] 4325651K->4320277K(5208832K), 0.0389884 secs] [Times: user=0.19 sys=0.00, real=0.04 secs] 
2016-06-27T18:56:02.137+0300: 1158.473: Total time for which application threads were stopped: 0.0401478 seconds, Stopping threads took: 0.0007133 seconds
2016-06-27T18:56:02.496+0300: 1158.833: [GC (Allocation Failure) 2016-06-27T18:56:02.496+0300: 1158.833: [ParNew
Desired survivor size 17432576 bytes, new threshold 1 (max 6)
- age   1:   34848632 bytes,   34848632 total
: 306688K->34039K(306688K), 0.0389563 secs] 4592917K->4587311K(5208832K), 0.0391539 secs] [Times: user=0.13 sys=0.00, real=0.04 secs] 
2016-06-27T18:56:02.535+0300: 1158.872: Total time for which application threads were stopped: 0.0411981 seconds, Stopping threads took: 0.0016247 seconds
2016-06-27T18:56:02.855+0300: 1159.191: [GC (Allocation Failure) 2016-06-27T18:56:02.855+0300: 1159.191: [ParNew
Desired survivor size 17432576 bytes, new threshold 1 (max 6)
- age   1:   34847744 bytes,   34847744 total
: 305766K->34041K(306688K), 0.0377495 secs] 4859038K->4853349K(5208832K), 0.0379308 secs] [Times: user=0.13 sys=0.00, real=0.04 secs] 
2016-06-27T18:56:02.893+0300: 1159.229: Total time for which application threads were stopped: 0.0394036 seconds, Stopping threads took: 0.0010157 seconds
2016-06-27T18:56:03.215+0300: 1159.551: [GC (Allocation Failure) 2016-06-27T18:56:03.215+0300: 1159.552: [ParNew: 306404K->306404K(306688K), 0.0000355 secs]2016-06-27T18:56:03.215+0300: 1159.552: [CMS: 4819307K->3875166K(4902144K), 0.6517901 secs] 5125712K->3875166K(5208832K), [Metaspace: 9062K->9062K(1058816K)], 0.6519817 secs] [Times: user=0.66 sys=0.00, real=0.65 secs] 
2016-06-27T18:56:03.867+0300: 1160.204: Total time for which application threads were stopped: 0.6550844 seconds, Stopping threads took: 0.0026202 seconds
2016-06-27T18:56:04.187+0300: 1160.523: [GC (Allocation Failure) 2016-06-27T18:56:04.187+0300: 1160.523: [ParNew
Desired survivor size 17432576 bytes, new threshold 1 (max 6)
- age   1:   34847368 bytes,   34847368 total
: 272282K->34047K(306688K), 0.0357185 secs] 4147449K->4142225K(5208832K), 0.0359302 secs] [Times: user=0.13 sys=0.00, real=0.04 secs] 
2016-06-27T18:56:04.223+0300: 1160.559: Total time for which application threads were stopped: 0.0370802 seconds, Stopping threads took: 0.0006757 seconds
2016-06-27T18:56:04.559+0300: 1160.895: [GC (Allocation Failure) 2016-06-27T18:56:04.559+0300: 1160.895: [ParNew
Desired survivor size 17432576 bytes, new threshold 1 (max 6)
- age   1:   34854192 bytes,   34854192 total
: 306687K->34046K(306688K), 0.0391329 secs] 4414865K->4409258K(5208832K), 0.0392719 secs] [Times: user=0.13 sys=0.00, real=0.04 secs] 
2016-06-27T18:56:04.598+0300: 1160.934: Total time for which application threads were stopped: 0.0402812 seconds, Stopping threads took: 0.0006128 seconds
2016-06-27T18:56:04.918+0300: 1161.255: [GC (Allocation Failure) 2016-06-27T18:56:04.919+0300: 1161.255: [ParNew
Desired survivor size 17432576 bytes, new threshold 1 (max 6)
- age   1:   34848056 bytes,   34848056 total
: 306556K->34048K(306688K), 0.0380501 secs] 4681769K->4676301K(5208832K), 0.0382960 secs] [Times: user=0.13 sys=0.00, real=0.04 secs] 
2016-06-27T18:56:04.957+0300: 1161.293: Total time for which application threads were stopped: 0.0393823 seconds, Stopping threads took: 0.0006086 seconds
2016-06-27T18:56:05.347+0300: 1161.683: [GC (Allocation Failure) 2016-06-27T18:56:05.347+0300: 1161.683: [ParNew: 306430K->306430K(306688K), 0.0000389 secs]2016-06-27T18:56:05.347+0300: 1161.684: [CMS: 4642253K->3893149K(4902144K), 0.6687094 secs] 4948684K->3893149K(5208832K), [Metaspace: 9062K->9062K(1058816K)], 0.6689023 secs] [Times: user=0.67 sys=0.00, real=0.67 secs] 
2016-06-27T18:56:06.016+0300: 1162.352: Total time for which application threads were stopped: 0.6704128 seconds, Stopping threads took: 0.0009605 seconds
2016-06-27T18:56:06.424+0300: 1162.761: [GC (Allocation Failure) 2016-06-27T18:56:06.424+0300: 1162.761: [ParNew
Desired survivor size 17432576 bytes, new threshold 1 (max 6)
- age   1:   34850688 bytes,   34850688 total
: 271990K->34048K(306688K), 0.0378786 secs] 4165140K->4159209K(5208832K), 0.0380591 secs] [Times: user=0.17 sys=0.00, real=0.04 secs] 
2016-06-27T18:56:06.462+0300: 1162.799: Total time for which application threads were stopped: 0.0403796 seconds, Stopping threads took: 0.0017145 seconds
2016-06-27T18:56:06.925+0300: 1163.261: [GC (Allocation Failure) 2016-06-27T18:56:06.925+0300: 1163.262: [ParNew
Desired survivor size 17432576 bytes, new threshold 1 (max 6)
- age   1:   34851144 bytes,   34851144 total
: 306688K->34048K(306688K), 0.0403877 secs] 4431849K->4425248K(5208832K), 0.0405493 secs] [Times: user=0.17 sys=0.00, real=0.04 secs] 
2016-06-27T18:56:06.966+0300: 1163.302: Total time for which application threads were stopped: 0.0422989 seconds, Stopping threads took: 0.0012637 seconds
2016-06-27T18:56:07.185+0300: 1163.521: Total time for which application threads were stopped: 0.0014403 seconds, Stopping threads took: 0.0004593 seconds
2016-06-27T18:56:07.431+0300: 1163.767: [GC (Allocation Failure) 2016-06-27T18:56:07.431+0300: 1163.767: [ParNew
Desired survivor size 17432576 bytes, new threshold 1 (max 6)
- age   1:   34853592 bytes,   34853592 total
: 306688K->34048K(306688K), 0.0450068 secs] 4697888K->4690288K(5208832K), 0.0451684 secs] [Times: user=0.19 sys=0.00, real=0.05 secs] 
2016-06-27T18:56:07.476+0300: 1163.813: Total time for which application threads were stopped: 0.0462294 seconds, Stopping threads took: 0.0006180 seconds
2016-06-27T18:56:07.834+0300: 1164.170: [GC (CMS Initial Mark) [1 CMS-initial-mark: 4656240K(4902144K)] 4938637K(5208832K), 0.0006890 secs] [Times: user=0.00 sys=0.00, real=0.00 secs] 
2016-06-27T18:56:07.835+0300: 1164.171: Total time for which application threads were stopped: 0.0020399 seconds, Stopping threads took: 0.0009759 seconds
2016-06-27T18:56:07.835+0300: 1164.171: [CMS-concurrent-mark-start]
2016-06-27T18:56:07.886+0300: 1164.222: [GC (Allocation Failure) 2016-06-27T18:56:07.886+0300: 1164.223: [ParNew: 306047K->306047K(306688K), 0.0000287 secs]2016-06-27T18:56:07.886+0300: 1164.223: [CMS2016-06-27T18:56:07.893+0300: 1164.230: [CMS-concurrent-mark: 0.058/0.059 secs] [Times: user=0.19 sys=0.00, real=0.06 secs] 
 (concurrent mode failure): 4656240K->3710134K(4902144K), 0.6469683 secs] 4962287K->3710134K(5208832K), [Metaspace: 9062K->9062K(1058816K)], 0.6471475 secs] [Times: user=0.64 sys=0.00, real=0.65 secs] 
2016-06-27T18:56:08.533+0300: 1164.870: Total time for which application threads were stopped: 0.6476859 seconds, Stopping threads took: 0.0001159 seconds
2016-06-27T18:56:08.855+0300: 1165.192: [GC (Allocation Failure) 2016-06-27T18:56:08.861+0300: 1165.197: [ParNew
Desired survivor size 17432576 bytes, new threshold 1 (max 6)
- age   1:   34841760 bytes,   34841760 total
: 271779K->34036K(306688K), 0.0349133 secs] 3981914K->3977182K(5208832K), 0.0407435 secs] [Times: user=0.13 sys=0.00, real=0.03 secs] 
2016-06-27T18:56:08.882+0300: 1165.232: Total time for which application threads were stopped: 0.0430387 seconds, Stopping threads took: 0.0018107 seconds
2016-06-27T18:56:08.898+0300: 1165.246: Total time for which application threads were stopped: 0.0012855 seconds, Stopping threads took: 0.0002031 seconds
2016-06-27T18:56:09.138+0300: 1165.474: Total time for which application threads were stopped: 0.0040234 seconds, Stopping threads took: 0.0028944 seconds
2016-06-27T18:56:09.335+0300: 1165.671: [GC (Allocation Failure) 2016-06-27T18:56:09.335+0300: 1165.671: [ParNew
Desired survivor size 17432576 bytes, new threshold 1 (max 6)
- age   1:   33861928 bytes,   33861928 total
: 306676K->33082K(306688K), 0.0378880 secs] 4249822K->4242258K(5208832K), 0.0380493 secs] [Times: user=0.13 sys=0.00, real=0.04 secs] 
2016-06-27T18:56:09.373+0300: 1165.709: Total time for which application threads were stopped: 0.0396376 seconds, Stopping threads took: 0.0011743 seconds
2016-06-27T18:56:09.696+0300: 1166.032: [GC (Allocation Failure) 2016-06-27T18:56:09.696+0300: 1166.032: [ParNew
Desired survivor size 17432576 bytes, new threshold 1 (max 6)
- age   1:   33820792 bytes,   33820792 total
: 304885K->33058K(306688K), 0.0391881 secs] 4514060K->4509314K(5208832K), 0.0394024 secs] [Times: user=0.13 sys=0.00, real=0.04 secs] 
2016-06-27T18:56:09.735+0300: 1166.072: Total time for which application threads were stopped: 0.0412421 seconds, Stopping threads took: 0.0014014 seconds
2016-06-27T18:56:10.059+0300: 1166.396: [GC (Allocation Failure) 2016-06-27T18:56:10.059+0300: 1166.396: [ParNew
Desired survivor size 17432576 bytes, new threshold 1 (max 6)
- age   1:   34850184 bytes,   34850184 total
: 305385K->34048K(306688K), 0.0388571 secs] 4781641K->4776335K(5208832K), 0.0390132 secs] [Times: user=0.17 sys=0.00, real=0.04 secs] 
2016-06-27T18:56:10.098+0300: 1166.435: Total time for which application threads were stopped: 0.0425366 seconds, Stopping threads took: 0.0030428 seconds
2016-06-27T18:56:10.135+0300: 1166.471: Total time for which application threads were stopped: 0.0014681 seconds, Stopping threads took: 0.0004820 seconds
2016-06-27T18:56:10.476+0300: 1166.812: [GC (Allocation Failure) 2016-06-27T18:56:10.476+0300: 1166.812: [ParNew: 306688K->306688K(306688K), 0.0000338 secs]2016-06-27T18:56:10.476+0300: 1166.812: [CMS: 4742287K->3932154K(4902144K), 0.7099447 secs] 5048975K->3932154K(5208832K), [Metaspace: 9062K->9062K(1058816K)], 0.7101367 secs] [Times: user=0.70 sys=0.00, real=0.71 secs] 
2016-06-27T18:56:11.186+0300: 1167.522: Total time for which application threads were stopped: 0.7150218 seconds, Stopping threads took: 0.0044600 seconds
2016-06-27T18:56:11.541+0300: 1167.878: [GC (Allocation Failure) 2016-06-27T18:56:11.542+0300: 1167.878: [ParNew
Desired survivor size 17432576 bytes, new threshold 1 (max 6)
- age   1:   34857736 bytes,   34857736 total
: 271820K->34046K(306688K), 0.0357104 secs] 4203974K->4198228K(5208832K), 0.0358836 secs] [Times: user=0.13 sys=0.00, real=0.04 secs] 
2016-06-27T18:56:11.577+0300: 1167.914: Total time for which application threads were stopped: 0.0399416 seconds, Stopping threads took: 0.0036180 seconds
2016-06-27T18:56:11.897+0300: 1168.233: [GC (Allocation Failure) 2016-06-27T18:56:11.897+0300: 1168.233: [ParNew
Desired survivor size 17432576 bytes, new threshold 1 (max 6)
- age   1:   34849520 bytes,   34849520 total
: 306068K->34038K(306688K), 0.0402089 secs] 4470249K->4465266K(5208832K), 0.0403590 secs] [Times: user=0.13 sys=0.00, real=0.04 secs] 
2016-06-27T18:56:11.937+0300: 1168.274: Total time for which application threads were stopped: 0.0454622 seconds, Stopping threads took: 0.0046375 seconds
2016-06-27T18:56:12.279+0300: 1168.616: [GC (Allocation Failure) 2016-06-27T18:56:12.279+0300: 1168.616: [ParNew
Desired survivor size 17432576 bytes, new threshold 1 (max 6)
- age   1:   34852512 bytes,   34852512 total
: 306056K->34048K(306688K), 0.0382554 secs] 4737284K->4732312K(5208832K), 0.0384196 secs] [Times: user=0.19 sys=0.00, real=0.04 secs] 
2016-06-27T18:56:12.318+0300: 1168.654: Total time for which application threads were stopped: 0.0412742 seconds, Stopping threads took: 0.0023743 seconds
2016-06-27T18:56:12.681+0300: 1169.017: [GC (Allocation Failure) 2016-06-27T18:56:12.681+0300: 1169.017: [ParNew: 306688K->306688K(306688K), 0.0000500 secs]2016-06-27T18:56:12.681+0300: 1169.017: [CMS: 4698264K->3829147K(4902144K), 0.5947145 secs] 5004952K->3829147K(5208832K), [Metaspace: 9062K->9062K(1058816K)], 0.5949339 secs] [Times: user=0.59 sys=0.00, real=0.60 secs] 
2016-06-27T18:56:13.276+0300: 1169.612: Total time for which application threads were stopped: 0.5967801 seconds, Stopping threads took: 0.0014181 seconds
2016-06-27T18:56:13.622+0300: 1169.959: [GC (Allocation Failure) 2016-06-27T18:56:13.622+0300: 1169.959: [ParNew
Desired survivor size 17432576 bytes, new threshold 1 (max 6)
- age   1:   34856984 bytes,   34856984 total
: 272349K->34048K(306688K), 0.0366889 secs] 4101497K->4096212K(5208832K), 0.0368099 secs] [Times: user=0.13 sys=0.00, real=0.04 secs] 
2016-06-27T18:56:13.659+0300: 1169.995: Total time for which application threads were stopped: 0.0376139 seconds, Stopping threads took: 0.0004875 seconds
2016-06-27T18:56:13.976+0300: 1170.312: [GC (Allocation Failure) 2016-06-27T18:56:13.976+0300: 1170.313: [ParNew
Desired survivor size 17432576 bytes, new threshold 1 (max 6)
- age   1:   34851408 bytes,   34851408 total
: 306428K->34048K(306688K), 0.0385915 secs] 4368592K->4363262K(5208832K), 0.0387900 secs] [Times: user=0.13 sys=0.00, real=0.04 secs] 
2016-06-27T18:56:14.015+0300: 1170.351: Total time for which application threads were stopped: 0.0397650 seconds, Stopping threads took: 0.0005594 seconds
2016-06-27T18:56:14.350+0300: 1170.686: [GC (Allocation Failure) 2016-06-27T18:56:14.350+0300: 1170.686: [ParNew
Desired survivor size 17432576 bytes, new threshold 1 (max 6)
- age   1:   34850824 bytes,   34850824 total
: 306073K->34048K(306688K), 0.0380317 secs] 4635287K->4630302K(5208832K), 0.0381724 secs] [Times: user=0.13 sys=0.00, real=0.04 secs] 
2016-06-27T18:56:14.388+0300: 1170.724: Total time for which application threads were stopped: 0.0391227 seconds, Stopping threads took: 0.0004918 seconds
2016-06-27T18:56:14.709+0300: 1171.045: [GC (Allocation Failure) 2016-06-27T18:56:14.709+0300: 1171.045: [ParNew: 306227K->306227K(306688K), 0.0000222 secs]2016-06-27T18:56:14.709+0300: 1171.045: [CMS: 4596254K->3862152K(4902144K), 0.5938370 secs] 4902481K->3862152K(5208832K), [Metaspace: 9062K->9062K(1058816K)], 0.5939773 secs] [Times: user=0.59 sys=0.00, real=0.59 secs] 
2016-06-27T18:56:15.303+0300: 1171.639: Total time for which application threads were stopped: 0.5948740 seconds, Stopping threads took: 0.0005324 seconds
2016-06-27T18:56:15.621+0300: 1171.957: [GC (Allocation Failure) 2016-06-27T18:56:15.621+0300: 1171.957: [ParNew
Desired survivor size 17432576 bytes, new threshold 1 (max 6)
- age   1:   34856016 bytes,   34856016 total
: 271656K->34048K(306688K), 0.0342183 secs] 4133809K->4129260K(5208832K), 0.0343381 secs] [Times: user=0.13 sys=0.00, real=0.03 secs] 
2016-06-27T18:56:15.655+0300: 1171.991: Total time for which application threads were stopped: 0.0352815 seconds, Stopping threads took: 0.0005624 seconds
2016-06-27T18:56:15.792+0300: 1172.128: Total time for which application threads were stopped: 0.0014951 seconds, Stopping threads took: 0.0003426 seconds
2016-06-27T18:56:15.994+0300: 1172.331: [GC (Allocation Failure) 2016-06-27T18:56:15.995+0300: 1172.331: [ParNew
Desired survivor size 17432576 bytes, new threshold 1 (max 6)
- age   1:   34849176 bytes,   34849176 total
: 306590K->34047K(306688K), 0.0390791 secs] 4401802K->4395309K(5208832K), 0.0392634 secs] [Times: user=0.13 sys=0.00, real=0.04 secs] 
2016-06-27T18:56:16.034+0300: 1172.370: Total time for which application threads were stopped: 0.0404125 seconds, Stopping threads took: 0.0006205 seconds
2016-06-27T18:56:16.351+0300: 1172.687: [GC (Allocation Failure) 2016-06-27T18:56:16.351+0300: 1172.687: [ParNew
Desired survivor size 17432576 bytes, new threshold 1 (max 6)
- age   1:   34863768 bytes,   34863768 total
: 306054K->34048K(306688K), 0.0384029 secs] 4667316K->4662352K(5208832K), 0.0385873 secs] [Times: user=0.13 sys=0.00, real=0.04 secs] 
2016-06-27T18:56:16.389+0300: 1172.726: Total time for which application threads were stopped: 0.0409235 seconds, Stopping threads took: 0.0018086 seconds
2016-06-27T18:56:16.723+0300: 1173.060: [GC (Allocation Failure) 2016-06-27T18:56:16.729+0300: 1173.066: [ParNew: 306678K->306678K(306688K), 0.0000547 secs]2016-06-27T18:56:16.729+0300: 1173.066: [CMS: 4628304K->3820151K(4902144K), 0.6430895 secs] 4934982K->3820151K(5208832K), [Metaspace: 9062K->9062K(1058816K)], 0.6492088 secs] [Times: user=0.64 sys=0.00, real=0.65 secs] 
2016-06-27T18:56:17.372+0300: 1173.709: Total time for which application threads were stopped: 0.6520985 seconds, Stopping threads took: 0.0023324 seconds
2016-06-27T18:56:17.721+0300: 1174.057: [GC (Allocation Failure) 2016-06-27T18:56:17.721+0300: 1174.057: [ParNew
Desired survivor size 17432576 bytes, new threshold 1 (max 6)
- age   1:   34845672 bytes,   34845672 total
: 271964K->34043K(306688K), 0.0348675 secs] 4092115K->4087206K(5208832K), 0.0349920 secs] [Times: user=0.19 sys=0.00, real=0.04 secs] 
2016-06-27T18:56:17.756+0300: 1174.092: Total time for which application threads were stopped: 0.0361808 seconds, Stopping threads took: 0.0005735 seconds
2016-06-27T18:56:18.107+0300: 1174.443: [GC (Allocation Failure) 2016-06-27T18:56:18.107+0300: 1174.443: [ParNew
Desired survivor size 17432576 bytes, new threshold 1 (max 6)
- age   1:   34848760 bytes,   34848760 total
: 306683K->34048K(306688K), 0.0403646 secs] 4359846K->4354243K(5208832K), 0.0405339 secs] [Times: user=0.19 sys=0.00, real=0.04 secs] 
2016-06-27T18:56:18.147+0300: 1174.484: Total time for which application threads were stopped: 0.0422330 seconds, Stopping threads took: 0.0010858 seconds
2016-06-27T18:56:18.470+0300: 1174.807: [GC (Allocation Failure) 2016-06-27T18:56:18.470+0300: 1174.807: [ParNew
Desired survivor size 17432576 bytes, new threshold 1 (max 6)
- age   1:   34845624 bytes,   34845624 total
: 305860K->34040K(306688K), 0.0391945 secs] 4626056K->4621272K(5208832K), 0.0393707 secs] [Times: user=0.19 sys=0.00, real=0.04 secs] 
2016-06-27T18:56:18.510+0300: 1174.846: Total time for which application threads were stopped: 0.0422125 seconds, Stopping threads took: 0.0022422 seconds
2016-06-27T18:56:18.511+0300: 1174.847: [GC (CMS Initial Mark) [1 CMS-initial-mark: 4587232K(4902144K)] 4623272K(5208832K), 0.0004726 secs] [Times: user=0.00 sys=0.00, real=0.00 secs] 
2016-06-27T18:56:18.511+0300: 1174.848: Total time for which application threads were stopped: 0.0010507 seconds, Stopping threads took: 0.0000693 seconds
2016-06-27T18:56:18.511+0300: 1174.848: [CMS-concurrent-mark-start]
2016-06-27T18:56:18.561+0300: 1174.897: [CMS-concurrent-mark: 0.050/0.050 secs] [Times: user=0.19 sys=0.00, real=0.05 secs] 
2016-06-27T18:56:18.561+0300: 1174.897: [CMS-concurrent-preclean-start]
2016-06-27T18:56:18.571+0300: 1174.907: [CMS-concurrent-preclean: 0.010/0.010 secs] [Times: user=0.06 sys=0.00, real=0.01 secs] 
2016-06-27T18:56:18.571+0300: 1174.908: [CMS-concurrent-abortable-preclean-start]
2016-06-27T18:56:18.620+0300: 1174.957: Total time for which application threads were stopped: 0.0018697 seconds, Stopping threads took: 0.0005551 seconds
2016-06-27T18:56:18.921+0300: 1175.257: [GC (Allocation Failure) 2016-06-27T18:56:18.921+0300: 1175.257: [ParNew2016-06-27T18:56:18.953+0300: 1175.289: [CMS-concurrent-abortable-preclean: 0.042/0.382 secs] [Times: user=1.48 sys=0.00, real=0.38 secs] 

Desired survivor size 17432576 bytes, new threshold 1 (max 6)
- age   1:   34863416 bytes,   34863416 total
: 306680K->34048K(306688K), 0.0373116 secs] 4893912K->4888335K(5208832K), 0.0374754 secs] [Times: user=0.19 sys=0.00, real=0.04 secs] 
2016-06-27T18:56:18.959+0300: 1175.295: Total time for which application threads were stopped: 0.0403770 seconds, Stopping threads took: 0.0024158 seconds
2016-06-27T18:56:19.361+0300: 1175.697: [GC (Allocation Failure) 2016-06-27T18:56:19.361+0300: 1175.697: [ParNew: 306688K->306688K(306688K), 0.0000321 secs]2016-06-27T18:56:19.361+0300: 1175.698: [CMS (concurrent mode failure): 4854287K->3835172K(4902144K), 0.6102735 secs] 5160975K->3835172K(5208832K), [Metaspace: 9062K->9062K(1058816K)], 0.6104552 secs] [Times: user=0.61 sys=0.00, real=0.61 secs] 
2016-06-27T18:56:19.972+0300: 1176.308: Total time for which application threads were stopped: 0.6183527 seconds, Stopping threads took: 0.0075254 seconds
2016-06-27T18:56:20.303+0300: 1176.639: [GC (Allocation Failure) 2016-06-27T18:56:20.303+0300: 1176.639: [ParNew
Desired survivor size 17432576 bytes, new threshold 1 (max 6)
- age   1:   34857312 bytes,   34857312 total
: 272160K->34048K(306688K), 0.0354628 secs] 4107333K->4101267K(5208832K), 0.0356044 secs] [Times: user=0.13 sys=0.00, real=0.04 secs] 
2016-06-27T18:56:20.339+0300: 1176.675: Total time for which application threads were stopped: 0.0365944 seconds, Stopping threads took: 0.0006984 seconds
2016-06-27T18:56:20.665+0300: 1177.001: [GC (Allocation Failure) 2016-06-27T18:56:20.665+0300: 1177.001: [ParNew
Desired survivor size 17432576 bytes, new threshold 1 (max 6)
- age   1:   34848808 bytes,   34848808 total
: 306075K->34040K(306688K), 0.0400400 secs] 4373294K->4368304K(5208832K), 0.0402568 secs] [Times: user=0.13 sys=0.00, real=0.04 secs] 
2016-06-27T18:56:20.705+0300: 1177.042: Total time for which application threads were stopped: 0.0412058 seconds, Stopping threads took: 0.0005876 seconds
2016-06-27T18:56:21.027+0300: 1177.363: [GC (Allocation Failure) 2016-06-27T18:56:21.027+0300: 1177.363: [ParNew
Desired survivor size 17432576 bytes, new threshold 1 (max 6)
- age   1:   34850912 bytes,   34850912 total
: 306220K->34048K(306688K), 0.0377525 secs] 4640484K->4635347K(5208832K), 0.0379543 secs] [Times: user=0.13 sys=0.00, real=0.04 secs] 
2016-06-27T18:56:21.065+0300: 1177.401: Total time for which application threads were stopped: 0.0393168 seconds, Stopping threads took: 0.0009301 seconds
2016-06-27T18:56:21.143+0300: 1177.479: Total time for which application threads were stopped: 0.0008527 seconds, Stopping threads took: 0.0002125 seconds
2016-06-27T18:56:21.406+0300: 1177.742: [GC (Allocation Failure) 2016-06-27T18:56:21.406+0300: 1177.742: [ParNew: 306116K->306116K(306688K), 0.0000308 secs]2016-06-27T18:56:21.406+0300: 1177.742: [CMS: 4601299K->3732165K(4902144K), 0.5748192 secs] 4907416K->3732165K(5208832K), [Metaspace: 9062K->9062K(1058816K)], 0.5749937 secs] [Times: user=0.58 sys=0.00, real=0.58 secs] 
2016-06-27T18:56:21.981+0300: 1178.317: Total time for which application threads were stopped: 0.5782935 seconds, Stopping threads took: 0.0028670 seconds
2016-06-27T18:56:22.342+0300: 1178.678: Total time for which application threads were stopped: 0.0014476 seconds, Stopping threads took: 0.0005474 seconds
2016-06-27T18:56:22.382+0300: 1178.718: [GC (Allocation Failure) 2016-06-27T18:56:22.382+0300: 1178.718: [ParNew
Desired survivor size 17432576 bytes, new threshold 1 (max 6)
- age   1:   34860064 bytes,   34860064 total
: 272640K->34048K(306688K), 0.0348838 secs] 4004805K->3999231K(5208832K), 0.0350506 secs] [Times: user=0.13 sys=0.00, real=0.04 secs] 
2016-06-27T18:56:22.417+0300: 1178.753: Total time for which application threads were stopped: 0.0355441 seconds, Stopping threads took: 0.0000791 seconds
2016-06-27T18:56:22.727+0300: 1179.064: [GC (Allocation Failure) 2016-06-27T18:56:22.727+0300: 1179.064: [ParNew
Desired survivor size 17432576 bytes, new threshold 1 (max 6)
- age   1:   34846864 bytes,   34846864 total
: 306660K->34040K(306688K), 0.0380728 secs] 4271843K->4266265K(5208832K), 0.0443730 secs] [Times: user=0.13 sys=0.00, real=0.05 secs] 
2016-06-27T18:56:22.772+0300: 1179.108: Total time for which application threads were stopped: 0.0459994 seconds, Stopping threads took: 0.0011979 seconds
2016-06-27T18:56:23.103+0300: 1179.440: [GC (Allocation Failure) 2016-06-27T18:56:23.103+0300: 1179.440: [ParNew
Desired survivor size 17432576 bytes, new threshold 1 (max 6)
- age   1:   34846232 bytes,   34846232 total
: 306243K->34040K(306688K), 0.0389965 secs] 4538468K->4533298K(5208832K), 0.0391796 secs] [Times: user=0.13 sys=0.00, real=0.04 secs] 
2016-06-27T18:56:23.143+0300: 1179.479: Total time for which application threads were stopped: 0.0412498 seconds, Stopping threads took: 0.0016555 seconds
2016-06-27T18:56:23.433+0300: 1179.769: Total time for which application threads were stopped: 0.0036761 seconds, Stopping threads took: 0.0028619 seconds
2016-06-27T18:56:23.521+0300: 1179.857: [GC (Allocation Failure) 2016-06-27T18:56:23.521+0300: 1179.857: [ParNew
Desired survivor size 17432576 bytes, new threshold 1 (max 6)
- age   1:   34857256 bytes,   34857256 total
: 306680K->34048K(306688K), 0.0394840 secs] 4805938K->4799337K(5208832K), 0.0396590 secs] [Times: user=0.13 sys=0.00, real=0.04 secs] 
2016-06-27T18:56:23.561+0300: 1179.897: Total time for which application threads were stopped: 0.0401589 seconds, Stopping threads took: 0.0001403 seconds
2016-06-27T18:56:23.871+0300: 1180.208: [GC (Allocation Failure) 2016-06-27T18:56:23.871+0300: 1180.208: [ParNew: 306079K->306079K(306688K), 0.0000436 secs]2016-06-27T18:56:23.871+0300: 1180.208: [CMS: 4765289K->3671162K(4902144K), 0.6239960 secs] 5071369K->3671162K(5208832K), [Metaspace: 9062K->9062K(1058816K)], 0.6242633 secs] [Times: user=0.63 sys=0.00, real=0.62 secs] 
2016-06-27T18:56:24.495+0300: 1180.832: Total time for which application threads were stopped: 0.6285809 seconds, Stopping threads took: 0.0039511 seconds
2016-06-27T18:56:24.497+0300: 1180.834: Total time for which application threads were stopped: 0.0005825 seconds, Stopping threads took: 0.0000697 seconds
2016-06-27T18:56:24.506+0300: 1180.842: Total time for which application threads were stopped: 0.0002882 seconds, Stopping threads took: 0.0000911 seconds
2016-06-27T18:56:24.839+0300: 1181.176: [GC (Allocation Failure) 2016-06-27T18:56:24.840+0300: 1181.176: [ParNew
Desired survivor size 17432576 bytes, new threshold 1 (max 6)
- age   1:   34856136 bytes,   34856136 total
: 272380K->34047K(306688K), 0.0347692 secs] 3943543K->3937236K(5208832K), 0.0349496 secs] [Times: user=0.13 sys=0.00, real=0.04 secs] 
2016-06-27T18:56:24.874+0300: 1181.211: Total time for which application threads were stopped: 0.0363626 seconds, Stopping threads took: 0.0010520 seconds
2016-06-27T18:56:25.143+0300: 1181.480: Total time for which application threads were stopped: 0.0013894 seconds, Stopping threads took: 0.0008057 seconds
2016-06-27T18:56:25.224+0300: 1181.561: [GC (Allocation Failure) 2016-06-27T18:56:25.224+0300: 1181.561: [ParNew
Desired survivor size 17432576 bytes, new threshold 1 (max 6)
- age   1:   33841152 bytes,   33841152 total
: 306687K->33067K(306688K), 0.0383927 secs] 4209876K->4203299K(5208832K), 0.0385582 secs] [Times: user=0.13 sys=0.00, real=0.04 secs] 
2016-06-27T18:56:25.263+0300: 1181.599: Total time for which application threads were stopped: 0.0390949 seconds, Stopping threads took: 0.0002006 seconds
2016-06-27T18:56:25.570+0300: 1181.906: [GC (Allocation Failure) 2016-06-27T18:56:25.570+0300: 1181.906: [ParNew
Desired survivor size 17432576 bytes, new threshold 1 (max 6)
- age   1:   34852472 bytes,   34852472 total
: 305024K->34048K(306688K), 0.0410822 secs] 4475255K->4470336K(5208832K), 0.0413140 secs] [Times: user=0.13 sys=0.00, real=0.04 secs] 
2016-06-27T18:56:25.611+0300: 1181.948: Total time for which application threads were stopped: 0.0426401 seconds, Stopping threads took: 0.0009396 seconds
2016-06-27T18:56:25.963+0300: 1182.299: [GC (Allocation Failure) 2016-06-27T18:56:25.963+0300: 1182.299: [ParNew
Desired survivor size 17432576 bytes, new threshold 1 (max 6)
- age   1:   34855424 bytes,   34855424 total
: 306396K->34047K(306688K), 0.0386044 secs] 4742685K->4737377K(5208832K), 0.0387613 secs] [Times: user=0.13 sys=0.00, real=0.04 secs] 
2016-06-27T18:56:26.001+0300: 1182.338: Total time for which application threads were stopped: 0.0404309 seconds, Stopping threads took: 0.0012659 seconds
2016-06-27T18:56:26.144+0300: 1182.481: Total time for which application threads were stopped: 0.0024081 seconds, Stopping threads took: 0.0015387 seconds
2016-06-27T18:56:26.338+0300: 1182.674: [GC (Allocation Failure) 2016-06-27T18:56:26.338+0300: 1182.674: [ParNew: 306301K->306301K(306688K), 0.0000325 secs]2016-06-27T18:56:26.338+0300: 1182.674: [CMS: 4703329K->3670163K(4902144K), 0.6304989 secs] 5009631K->3670163K(5208832K), [Metaspace: 9062K->9062K(1058816K)], 0.6307483 secs] [Times: user=0.63 sys=0.00, real=0.63 secs] 
2016-06-27T18:56:26.969+0300: 1183.305: Total time for which application threads were stopped: 0.6319530 seconds, Stopping threads took: 0.0007625 seconds
2016-06-27T18:56:27.143+0300: 1183.480: Total time for which application threads were stopped: 0.0009079 seconds, Stopping threads took: 0.0003297 seconds
2016-06-27T18:56:27.317+0300: 1183.653: [GC (Allocation Failure) 2016-06-27T18:56:27.317+0300: 1183.653: [ParNew
Desired survivor size 17432576 bytes, new threshold 1 (max 6)
- age   1:   34860704 bytes,   34860704 total
: 272640K->34047K(306688K), 0.0362061 secs] 3942803K->3936253K(5208832K), 0.0363523 secs] [Times: user=0.19 sys=0.00, real=0.04 secs] 
2016-06-27T18:56:27.353+0300: 1183.690: Total time for which application threads were stopped: 0.0371461 seconds, Stopping threads took: 0.0003143 seconds
2016-06-27T18:56:27.688+0300: 1184.024: [GC (Allocation Failure) 2016-06-27T18:56:27.688+0300: 1184.024: [ParNew
Desired survivor size 17432576 bytes, new threshold 1 (max 6)
- age   1:   34853760 bytes,   34853760 total
: 306133K->34048K(306688K), 0.0381639 secs] 4208339K->4202301K(5208832K), 0.0383298 secs] [Times: user=0.19 sys=0.00, real=0.04 secs] 
2016-06-27T18:56:27.727+0300: 1184.063: Total time for which application threads were stopped: 0.0420140 seconds, Stopping threads took: 0.0030834 seconds
2016-06-27T18:56:28.060+0300: 1184.397: [GC (Allocation Failure) 2016-06-27T18:56:28.060+0300: 1184.397: [ParNew
Desired survivor size 17432576 bytes, new threshold 1 (max 6)
- age   1:   34850528 bytes,   34850528 total
: 305884K->34047K(306688K), 0.0390885 secs] 4474138K->4468341K(5208832K), 0.0392531 secs] [Times: user=0.19 sys=0.00, real=0.04 secs] 
2016-06-27T18:56:28.100+0300: 1184.436: Total time for which application threads were stopped: 0.0409479 seconds, Stopping threads took: 0.0012958 seconds
2016-06-27T18:56:28.144+0300: 1184.480: Total time for which application threads were stopped: 0.0007219 seconds, Stopping threads took: 0.0001364 seconds
2016-06-27T18:56:28.433+0300: 1184.769: [GC (Allocation Failure) 2016-06-27T18:56:28.438+0300: 1184.775: [ParNew
Desired survivor size 17432576 bytes, new threshold 1 (max 6)
- age   1:   34857000 bytes,   34857000 total
: 306134K->34048K(306688K), 0.0380848 secs] 4740428K->4734379K(5208832K), 0.0435433 secs] [Times: user=0.19 sys=0.00, real=0.04 secs] 
2016-06-27T18:56:28.476+0300: 1184.813: Total time for which application threads were stopped: 0.0445201 seconds, Stopping threads took: 0.0005795 seconds
2016-06-27T18:56:28.795+0300: 1185.131: [GC (Allocation Failure) 2016-06-27T18:56:28.795+0300: 1185.131: [ParNew: 306300K->306300K(306688K), 0.0000304 secs]2016-06-27T18:56:28.795+0300: 1185.131: [CMS: 4700331K->3681164K(4902144K), 0.5684476 secs] 5006632K->3681164K(5208832K), [Metaspace: 9062K->9062K(1058816K)], 0.5686203 secs] [Times: user=0.56 sys=0.00, real=0.57 secs] 
2016-06-27T18:56:29.363+0300: 1185.700: Total time for which application threads were stopped: 0.5711114 seconds, Stopping threads took: 0.0020527 seconds
2016-06-27T18:56:29.524+0300: 1185.861: Total time for which application threads were stopped: 0.0027738 seconds, Stopping threads took: 0.0016341 seconds
2016-06-27T18:56:29.759+0300: 1186.095: [GC (Allocation Failure) 2016-06-27T18:56:29.759+0300: 1186.096: [ParNew
Desired survivor size 17432576 bytes, new threshold 1 (max 6)
- age   1:   34857744 bytes,   34857744 total
: 272640K->34048K(306688K), 0.0347311 secs] 3953804K->3947230K(5208832K), 0.0348987 secs] [Times: user=0.13 sys=0.00, real=0.03 secs] 
2016-06-27T18:56:29.794+0300: 1186.130: Total time for which application threads were stopped: 0.0368420 seconds, Stopping threads took: 0.0015562 seconds
2016-06-27T18:56:30.125+0300: 1186.462: [GC (Allocation Failure) 2016-06-27T18:56:30.125+0300: 1186.462: [ParNew
Desired survivor size 17432576 bytes, new threshold 1 (max 6)
- age   1:   34839176 bytes,   34839176 total
: 305928K->34040K(306688K), 0.0388802 secs] 4219110K->4213263K(5208832K), 0.0390397 secs] [Times: user=0.19 sys=0.00, real=0.04 secs] 
2016-06-27T18:56:30.164+0300: 1186.501: Total time for which application threads were stopped: 0.0402200 seconds, Stopping threads took: 0.0007890 seconds
2016-06-27T18:56:30.167+0300: 1186.503: Total time for which application threads were stopped: 0.0009541 seconds, Stopping threads took: 0.0000718 seconds
2016-06-27T18:56:30.508+0300: 1186.844: [GC (Allocation Failure) 2016-06-27T18:56:30.514+0300: 1186.850: [ParNew
Desired survivor size 17432576 bytes, new threshold 1 (max 6)
- age   1:   34856888 bytes,   34856888 total
: 306454K->34046K(306688K), 0.0384761 secs] 4485677K->4479295K(5208832K), 0.0445436 secs] [Times: user=0.19 sys=0.00, real=0.05 secs] 
2016-06-27T18:56:30.553+0300: 1186.889: Total time for which application threads were stopped: 0.0475077 seconds, Stopping threads took: 0.0025655 seconds
2016-06-27T18:56:30.891+0300: 1187.227: [GC (Allocation Failure) 2016-06-27T18:56:30.891+0300: 1187.227: [ParNew
Desired survivor size 17432576 bytes, new threshold 1 (max 6)
- age   1:   34845648 bytes,   34845648 total
: 306207K->34043K(306688K), 0.0377589 secs] 4751456K->4746335K(5208832K), 0.0379642 secs] [Times: user=0.19 sys=0.00, real=0.04 secs] 
2016-06-27T18:56:30.929+0300: 1187.265: Total time for which application threads were stopped: 0.0412823 seconds, Stopping threads took: 0.0028820 seconds
2016-06-27T18:56:31.162+0300: 1187.499: Total time for which application threads were stopped: 0.0030154 seconds, Stopping threads took: 0.0020720 seconds
2016-06-27T18:56:31.269+0300: 1187.605: [GC (Allocation Failure) 2016-06-27T18:56:31.269+0300: 1187.605: [ParNew: 306114K->306114K(306688K), 0.0000398 secs]2016-06-27T18:56:31.269+0300: 1187.605: [CMS: 4712292K->3767178K(4902144K), 0.6532425 secs] 5018406K->3767178K(5208832K), [Metaspace: 9062K->9062K(1058816K)], 0.6534366 secs] [Times: user=0.66 sys=0.00, real=0.65 secs] 
2016-06-27T18:56:31.922+0300: 1188.259: Total time for which application threads were stopped: 0.6549920 seconds, Stopping threads took: 0.0011743 seconds
2016-06-27T18:56:32.161+0300: 1188.497: Total time for which application threads were stopped: 0.0014224 seconds, Stopping threads took: 0.0005324 seconds
2016-06-27T18:56:32.278+0300: 1188.615: [GC (Allocation Failure) 2016-06-27T18:56:32.278+0300: 1188.615: [ParNew
Desired survivor size 17432576 bytes, new threshold 1 (max 6)
- age   1:   34857872 bytes,   34857872 total
: 272640K->34048K(306688K), 0.0350052 secs] 4039818K->4032239K(5208832K), 0.0351639 secs] [Times: user=0.13 sys=0.00, real=0.03 secs] 
2016-06-27T18:56:32.313+0300: 1188.650: Total time for which application threads were stopped: 0.0357754 seconds, Stopping threads took: 0.0002335 seconds
2016-06-27T18:56:32.627+0300: 1188.963: [GC (Allocation Failure) 2016-06-27T18:56:32.627+0300: 1188.963: [ParNew
Desired survivor size 17432576 bytes, new threshold 1 (max 6)
- age   1:   34854904 bytes,   34854904 total
: 305962K->34047K(306688K), 0.0388370 secs] 4304154K->4299382K(5208832K), 0.0389739 secs] [Times: user=0.19 sys=0.00, real=0.04 secs] 
2016-06-27T18:56:32.666+0300: 1189.002: Total time for which application threads were stopped: 0.0398266 seconds, Stopping threads took: 0.0005294 seconds
2016-06-27T18:56:33.034+0300: 1189.370: [GC (Allocation Failure) 2016-06-27T18:56:33.034+0300: 1189.370: [ParNew
Desired survivor size 17432576 bytes, new threshold 1 (max 6)
- age   1:   34855776 bytes,   34855776 total
: 306340K->34047K(306688K), 0.0386309 secs] 4571674K->4566429K(5208832K), 0.0387925 secs] [Times: user=0.19 sys=0.00, real=0.04 secs] 
2016-06-27T18:56:33.073+0300: 1189.409: Total time for which application threads were stopped: 0.0404591 seconds, Stopping threads took: 0.0012402 seconds
2016-06-27T18:56:33.164+0300: 1189.500: Total time for which application threads were stopped: 0.0031847 seconds, Stopping threads took: 0.0022593 seconds
2016-06-27T18:56:33.413+0300: 1189.749: [GC (Allocation Failure) 2016-06-27T18:56:33.413+0300: 1189.749: [ParNew
Desired survivor size 17432576 bytes, new threshold 1 (max 6)
- age   1:   34855568 bytes,   34855568 total
: 306188K->34048K(306688K), 0.0373385 secs] 4838570K->4833478K(5208832K), 0.0375061 secs] [Times: user=0.13 sys=0.00, real=0.04 secs] 
2016-06-27T18:56:33.450+0300: 1189.786: Total time for which application threads were stopped: 0.0410505 seconds, Stopping threads took: 0.0031249 seconds
2016-06-27T18:56:33.773+0300: 1190.109: [GC (Allocation Failure) 2016-06-27T18:56:33.773+0300: 1190.109: [ParNew: 306266K->306266K(306688K), 0.0000329 secs]2016-06-27T18:56:33.773+0300: 1190.109: [CMS: 4799430K->3795176K(4902144K), 0.5948557 secs] 5105696K->3795176K(5208832K), [Metaspace: 9062K->9062K(1058816K)], 0.5950417 secs] [Times: user=0.59 sys=0.00, real=0.60 secs] 
2016-06-27T18:56:34.368+0300: 1190.704: Total time for which application threads were stopped: 0.5983115 seconds, Stopping threads took: 0.0028426 seconds
2016-06-27T18:56:34.543+0300: 1190.880: Total time for which application threads were stopped: 0.0014934 seconds, Stopping threads took: 0.0005038 seconds
2016-06-27T18:56:34.762+0300: 1191.098: [GC (Allocation Failure) 2016-06-27T18:56:34.762+0300: 1191.098: [ParNew
Desired survivor size 17432576 bytes, new threshold 1 (max 6)
- age   1:   34861016 bytes,   34861016 total
: 272640K->34048K(306688K), 0.0356801 secs] 4067816K->4062240K(5208832K), 0.0358481 secs] [Times: user=0.13 sys=0.00, real=0.03 secs] 
2016-06-27T18:56:34.797+0300: 1191.134: Total time for which application threads were stopped: 0.0367184 seconds, Stopping threads took: 0.0004957 seconds
2016-06-27T18:56:35.112+0300: 1191.448: [GC (Allocation Failure) 2016-06-27T18:56:35.112+0300: 1191.448: [ParNew
Desired survivor size 17432576 bytes, new threshold 1 (max 6)
- age   1:   34842312 bytes,   34842312 total
: 306047K->34042K(306688K), 0.0394019 secs] 4334240K->4329284K(5208832K), 0.0395529 secs] [Times: user=0.19 sys=0.00, real=0.04 secs] 
2016-06-27T18:56:35.152+0300: 1191.488: Total time for which application threads were stopped: 0.0412738 seconds, Stopping threads took: 0.0013672 seconds
2016-06-27T18:56:35.475+0300: 1191.812: [GC (Allocation Failure) 2016-06-27T18:56:35.481+0300: 1191.818: [ParNew
Desired survivor size 17432576 bytes, new threshold 1 (max 6)
- age   1:   34850456 bytes,   34850456 total
: 306066K->34040K(306688K), 0.0388896 secs] 4601308K->4596311K(5208832K), 0.0448528 secs] [Times: user=0.14 sys=0.00, real=0.05 secs] 
2016-06-27T18:56:35.521+0300: 1191.857: Total time for which application threads were stopped: 0.0457500 seconds, Stopping threads took: 0.0005974 seconds
2016-06-27T18:56:35.561+0300: 1191.897: Total time for which application threads were stopped: 0.0003579 seconds, Stopping threads took: 0.0001330 seconds
2016-06-27T18:56:35.880+0300: 1192.217: [GC (Allocation Failure) 2016-06-27T18:56:35.881+0300: 1192.217: [ParNew
Desired survivor size 17432576 bytes, new threshold 1 (max 6)
- age   1:   34861456 bytes,   34861456 total
: 305681K->34048K(306688K), 0.0390773 secs] 4867952K->4862379K(5208832K), 0.0392381 secs] [Times: user=0.13 sys=0.00, real=0.04 secs] 
2016-06-27T18:56:35.920+0300: 1192.256: Total time for which application threads were stopped: 0.0403748 seconds, Stopping threads took: 0.0007180 seconds
2016-06-27T18:56:36.164+0300: 1192.500: Total time for which application threads were stopped: 0.0022037 seconds, Stopping threads took: 0.0013813 seconds
2016-06-27T18:56:36.268+0300: 1192.604: [GC (Allocation Failure) 2016-06-27T18:56:36.268+0300: 1192.604: [ParNew: 306688K->306688K(306688K), 0.0000295 secs]2016-06-27T18:56:36.268+0300: 1192.604: [CMS: 4828331K->3853184K(4902144K), 0.6164163 secs] 5135019K->3853184K(5208832K), [Metaspace: 9062K->9062K(1058816K)], 0.6166079 secs] [Times: user=0.63 sys=0.00, real=0.62 secs] 
2016-06-27T18:56:36.884+0300: 1193.220: Total time for which application threads were stopped: 0.6177095 seconds, Stopping threads took: 0.0006808 seconds
2016-06-27T18:56:37.229+0300: 1193.566: Total time for which application threads were stopped: 0.0021545 seconds, Stopping threads took: 0.0013039 seconds
2016-06-27T18:56:37.260+0300: 1193.596: [GC (Allocation Failure) 2016-06-27T18:56:37.260+0300: 1193.596: [ParNew
Desired survivor size 17432576 bytes, new threshold 1 (max 6)
- age   1:   34855432 bytes,   34855432 total
: 272640K->34048K(306688K), 0.0362869 secs] 4125824K->4120245K(5208832K), 0.0364712 secs] [Times: user=0.13 sys=0.00, real=0.04 secs] 
2016-06-27T18:56:37.296+0300: 1193.633: Total time for which application threads were stopped: 0.0369327 seconds, Stopping threads took: 0.0000817 seconds
2016-06-27T18:56:37.603+0300: 1193.939: [GC (Allocation Failure) 2016-06-27T18:56:37.603+0300: 1193.939: [ParNew
Desired survivor size 17432576 bytes, new threshold 1 (max 6)
- age   1:   34861440 bytes,   34861440 total
: 306395K->34048K(306688K), 0.0382302 secs] 4392592K->4386383K(5208832K), 0.0383773 secs] [Times: user=0.13 sys=0.00, real=0.04 secs] 
2016-06-27T18:56:37.641+0300: 1193.977: Total time for which application threads were stopped: 0.0396654 seconds, Stopping threads took: 0.0009443 seconds
2016-06-27T18:56:38.069+0300: 1194.405: [GC (Allocation Failure) 2016-06-27T18:56:38.069+0300: 1194.405: [ParNew
Desired survivor size 17432576 bytes, new threshold 1 (max 6)
- age   1:   34855160 bytes,   34855160 total
: 306664K->34048K(306688K), 0.0394485 secs] 4658999K->4652436K(5208832K), 0.0396337 secs] [Times: user=0.13 sys=0.00, real=0.04 secs] 
2016-06-27T18:56:38.109+0300: 1194.445: Total time for which application threads were stopped: 0.0411027 seconds, Stopping threads took: 0.0010208 seconds
2016-06-27T18:56:38.164+0300: 1194.501: Total time for which application threads were stopped: 0.0019809 seconds, Stopping threads took: 0.0009849 seconds
2016-06-27T18:56:38.490+0300: 1194.826: [GC (Allocation Failure) 2016-06-27T18:56:38.490+0300: 1194.826: [ParNew: 305689K->305689K(306688K), 0.0000381 secs]2016-06-27T18:56:38.490+0300: 1194.826: [CMS: 4618388K->3868188K(4902144K), 0.7631625 secs] 4924078K->3868188K(5208832K), [Metaspace: 9062K->9062K(1058816K)], 0.7633746 secs] [Times: user=0.75 sys=0.00, real=0.75 secs] 
2016-06-27T18:56:39.243+0300: 1195.589: Total time for which application threads were stopped: 0.7662403 seconds, Stopping threads took: 0.0024103 seconds
2016-06-27T18:56:39.572+0300: 1195.908: [GC (Allocation Failure) 2016-06-27T18:56:39.572+0300: 1195.909: [ParNew
Desired survivor size 17432576 bytes, new threshold 1 (max 6)
- age   1:   34841904 bytes,   34841904 total
: 271725K->34039K(306688K), 0.0358845 secs] 4139914K->4135239K(5208832K), 0.0360487 secs] [Times: user=0.13 sys=0.00, real=0.04 secs] 
2016-06-27T18:56:39.608+0300: 1195.945: Total time for which application threads were stopped: 0.0372410 seconds, Stopping threads took: 0.0007326 seconds
2016-06-27T18:56:39.925+0300: 1196.261: [GC (Allocation Failure) 2016-06-27T18:56:39.925+0300: 1196.261: [ParNew
Desired survivor size 17432576 bytes, new threshold 1 (max 6)
- age   1:   34851552 bytes,   34851552 total
: 305685K->34048K(306688K), 0.0390226 secs] 4406885K->4401277K(5208832K), 0.0392150 secs] [Times: user=0.19 sys=0.00, real=0.04 secs] 
2016-06-27T18:56:39.964+0300: 1196.300: Total time for which application threads were stopped: 0.0405006 seconds, Stopping threads took: 0.0007920 seconds
2016-06-27T18:56:40.293+0300: 1196.629: [GC (Allocation Failure) 2016-06-27T18:56:40.293+0300: 1196.629: [ParNew
Desired survivor size 17432576 bytes, new threshold 1 (max 6)
- age   1:   34846992 bytes,   34846992 total
: 306192K->34048K(306688K), 0.0382618 secs] 4673422K->4668315K(5208832K), 0.0384196 secs] [Times: user=0.13 sys=0.00, real=0.04 secs] 
2016-06-27T18:56:40.331+0300: 1196.668: Total time for which application threads were stopped: 0.0420055 seconds, Stopping threads took: 0.0030603 seconds
2016-06-27T18:56:40.577+0300: 1196.913: Total time for which application threads were stopped: 0.0034901 seconds, Stopping threads took: 0.0022918 seconds
2016-06-27T18:56:40.760+0300: 1197.097: [GC (Allocation Failure) 2016-06-27T18:56:40.760+0300: 1197.097: [ParNew: 306688K->306688K(306688K), 0.0000389 secs]2016-06-27T18:56:40.760+0300: 1197.097: [CMS: 4634267K->3839184K(4902144K), 0.6444717 secs] 4940955K->3839184K(5208832K), [Metaspace: 9062K->9062K(1058816K)], 0.6446671 secs] [Times: user=0.64 sys=0.00, real=0.64 secs] 
2016-06-27T18:56:41.405+0300: 1197.742: Total time for which application threads were stopped: 0.6471137 seconds, Stopping threads took: 0.0019835 seconds
2016-06-27T18:56:41.844+0300: 1198.180: [GC (Allocation Failure) 2016-06-27T18:56:41.844+0300: 1198.180: [ParNew
Desired survivor size 17432576 bytes, new threshold 1 (max 6)
- age   1:   34850576 bytes,   34850576 total
: 272640K->34046K(306688K), 0.0365550 secs] 4111824K->4105242K(5208832K), 0.0367419 secs] [Times: user=0.17 sys=0.00, real=0.04 secs] 
2016-06-27T18:56:41.880+0300: 1198.217: Total time for which application threads were stopped: 0.0378825 seconds, Stopping threads took: 0.0007505 seconds
2016-06-27T18:56:42.254+0300: 1198.591: [GC (Allocation Failure) 2016-06-27T18:56:42.254+0300: 1198.591: [ParNew
Desired survivor size 17432576 bytes, new threshold 1 (max 6)
- age   1:   34848064 bytes,   34848064 total
: 305932K->34041K(306688K), 0.0407709 secs] 4377129K->4371274K(5208832K), 0.0409004 secs] [Times: user=0.13 sys=0.00, real=0.04 secs] 
2016-06-27T18:56:42.295+0300: 1198.632: Total time for which application threads were stopped: 0.0422116 seconds, Stopping threads took: 0.0009528 seconds
2016-06-27T18:56:42.699+0300: 1199.036: [GC (Allocation Failure) 2016-06-27T18:56:42.699+0300: 1199.036: [ParNew
Desired survivor size 17432576 bytes, new threshold 1 (max 6)
- age   1:   34847152 bytes,   34847152 total
: 305868K->34039K(306688K), 0.0426820 secs] 4643102K->4637307K(5208832K), 0.0428454 secs] [Times: user=0.19 sys=0.00, real=0.04 secs] 
2016-06-27T18:56:42.742+0300: 1199.079: Total time for which application threads were stopped: 0.0469030 seconds, Stopping threads took: 0.0035530 seconds
2016-06-27T18:56:42.915+0300: 1199.251: Total time for which application threads were stopped: 0.0018355 seconds, Stopping threads took: 0.0009135 seconds
2016-06-27T18:56:43.250+0300: 1199.586: [GC (Allocation Failure) 2016-06-27T18:56:43.250+0300: 1199.586: [ParNew: 306679K->306679K(306688K), 0.0000278 secs]2016-06-27T18:56:43.250+0300: 1199.586: [CMS: 4603268K->3777178K(4902144K), 0.6407678 secs] 4909947K->3777178K(5208832K), [Metaspace: 9062K->9062K(1058816K)], 0.6409500 secs] [Times: user=0.64 sys=0.00, real=0.64 secs] 
2016-06-27T18:56:43.891+0300: 1200.227: Total time for which application threads were stopped: 0.6426332 seconds, Stopping threads took: 0.0013291 seconds
2016-06-27T18:56:44.216+0300: 1200.552: [GC (Allocation Failure) 2016-06-27T18:56:44.216+0300: 1200.552: [ParNew
Desired survivor size 17432576 bytes, new threshold 1 (max 6)
- age   1:   34861240 bytes,   34861240 total
: 272402K->34048K(306688K), 0.0367475 secs] 4049580K->4044240K(5208832K), 0.0369203 secs] [Times: user=0.11 sys=0.00, real=0.04 secs] 
2016-06-27T18:56:44.253+0300: 1200.589: Total time for which application threads were stopped: 0.0391868 seconds, Stopping threads took: 0.0018068 seconds
2016-06-27T18:56:44.583+0300: 1200.919: [GC (Allocation Failure) 2016-06-27T18:56:44.583+0300: 1200.919: [ParNew
Desired survivor size 17432576 bytes, new threshold 1 (max 6)
- age   1:   34854848 bytes,   34854848 total
: 306350K->34048K(306688K), 0.0390974 secs] 4316542K->4311292K(5208832K), 0.0392552 secs] [Times: user=0.13 sys=0.00, real=0.04 secs] 
2016-06-27T18:56:44.622+0300: 1200.958: Total time for which application threads were stopped: 0.0415086 seconds, Stopping threads took: 0.0018056 seconds
2016-06-27T18:56:44.950+0300: 1201.286: [GC (Allocation Failure) 2016-06-27T18:56:44.950+0300: 1201.286: [ParNew
Desired survivor size 17432576 bytes, new threshold 1 (max 6)
- age   1:   34846464 bytes,   34846464 total
: 306277K->34038K(306688K), 0.0395456 secs] 4583521K->4578324K(5208832K), 0.0397064 secs] [Times: user=0.19 sys=0.00, real=0.04 secs] 
2016-06-27T18:56:44.989+0300: 1201.326: Total time for which application threads were stopped: 0.0415872 seconds, Stopping threads took: 0.0014061 seconds
2016-06-27T18:56:45.326+0300: 1201.663: [GC (Allocation Failure) 2016-06-27T18:56:45.326+0300: 1201.663: [ParNew
Desired survivor size 17432576 bytes, new threshold 1 (max 6)
- age   1:   34850040 bytes,   34850040 total
: 306248K->34047K(306688K), 0.0383277 secs] 4850534K->4845366K(5208832K), 0.0385347 secs] [Times: user=0.19 sys=0.00, real=0.04 secs] 
2016-06-27T18:56:45.365+0300: 1201.701: Total time for which application threads were stopped: 0.0422197 seconds, Stopping threads took: 0.0031946 seconds
2016-06-27T18:56:45.611+0300: 1201.948: [GC (CMS Initial Mark) [1 CMS-initial-mark: 4811318K(4902144K)] 5053619K(5208832K), 0.0005324 secs] [Times: user=0.00 sys=0.00, real=0.00 secs] 
2016-06-27T18:56:45.612+0300: 1201.948: Total time for which application threads were stopped: 0.0032288 seconds, Stopping threads took: 0.0022349 seconds
2016-06-27T18:56:45.612+0300: 1201.948: [CMS-concurrent-mark-start]
2016-06-27T18:56:45.663+0300: 1201.999: [CMS-concurrent-mark: 0.051/0.051 secs] [Times: user=0.25 sys=0.00, real=0.05 secs] 
2016-06-27T18:56:45.663+0300: 1202.000: [CMS-concurrent-preclean-start]
2016-06-27T18:56:45.673+0300: 1202.010: [CMS-concurrent-preclean: 0.010/0.010 secs] [Times: user=0.00 sys=0.00, real=0.01 secs] 
2016-06-27T18:56:45.673+0300: 1202.010: [CMS-concurrent-abortable-preclean-start]
2016-06-27T18:56:45.673+0300: 1202.010: [CMS-concurrent-abortable-preclean: 0.000/0.000 secs] [Times: user=0.00 sys=0.00, real=0.00 secs] 
2016-06-27T18:56:45.689+0300: 1202.026: [GC (CMS Final Remark) [YG occupancy: 295370 K (306688 K)]2016-06-27T18:56:45.690+0300: 1202.026: [Rescan (parallel) , 0.0044574 secs]2016-06-27T18:56:45.694+0300: 1202.031: [weak refs processing, 0.0000205 secs]2016-06-27T18:56:45.694+0300: 1202.031: [class unloading, 0.0017260 secs]2016-06-27T18:56:45.696+0300: 1202.032: [scrub symbol table, 0.0008711 secs]2016-06-27T18:56:45.697+0300: 1202.033: [scrub string table, 0.0002160 secs][1 CMS-remark: 4811318K(4902144K)] 5106688K(5208832K), 0.0076067 secs] [Times: user=0.06 sys=0.00, real=0.01 secs] 
2016-06-27T18:56:45.697+0300: 1202.034: Total time for which application threads were stopped: 0.0086006 seconds, Stopping threads took: 0.0005401 seconds
2016-06-27T18:56:45.697+0300: 1202.034: [CMS-concurrent-sweep-start]
2016-06-27T18:56:45.706+0300: 1202.043: [CMS-concurrent-sweep: 0.009/0.009 secs] [Times: user=0.00 sys=0.00, real=0.01 secs] 
2016-06-27T18:56:45.707+0300: 1202.043: [CMS-concurrent-reset-start]
2016-06-27T18:56:45.713+0300: 1202.049: [CMS-concurrent-reset: 0.006/0.006 secs] [Times: user=0.06 sys=0.00, real=0.01 secs] 
2016-06-27T18:56:45.714+0300: 1202.051: [GC (Allocation Failure) 2016-06-27T18:56:45.714+0300: 1202.051: [ParNew
Desired survivor size 17432576 bytes, new threshold 1 (max 6)
- age   1:   34862344 bytes,   34862344 total
: 305890K->34048K(306688K), 0.0395054 secs] 4097045K->4091251K(5208832K), 0.0396474 secs] [Times: user=0.13 sys=0.00, real=0.04 secs] 
2016-06-27T18:56:45.754+0300: 1202.090: Total time for which application threads were stopped: 0.0404026 seconds, Stopping threads took: 0.0003220 seconds
2016-06-27T18:56:46.122+0300: 1202.458: [GC (Allocation Failure) 2016-06-27T18:56:46.122+0300: 1202.458: [ParNew
Desired survivor size 17432576 bytes, new threshold 1 (max 6)
- age   1:   34859176 bytes,   34859176 total
: 306423K->34048K(306688K), 0.0594914 secs] 4363626K->4358316K(5208832K), 0.0596509 secs] [Times: user=0.22 sys=0.00, real=0.06 secs] 
2016-06-27T18:56:46.182+0300: 1202.518: Total time for which application threads were stopped: 0.0686616 seconds, Stopping threads took: 0.0084590 seconds
2016-06-27T18:56:46.517+0300: 1202.853: [GC (Allocation Failure) 2016-06-27T18:56:46.517+0300: 1202.853: [ParNew
Desired survivor size 17432576 bytes, new threshold 1 (max 6)
- age   1:   34857936 bytes,   34857936 total
: 305946K->34048K(306688K), 0.0389717 secs] 4630214K->4624390K(5208832K), 0.0391240 secs] [Times: user=0.19 sys=0.00, real=0.04 secs] 
2016-06-27T18:56:46.556+0300: 1202.892: Total time for which application threads were stopped: 0.0435147 seconds, Stopping threads took: 0.0038515 seconds
2016-06-27T18:56:46.889+0300: 1203.225: [GC (Allocation Failure) 2016-06-27T18:56:46.889+0300: 1203.225: [ParNew
Desired survivor size 17432576 bytes, new threshold 1 (max 6)
- age   1:   34849832 bytes,   34849832 total
: 306380K->34048K(306688K), 0.0393429 secs] 4896722K->4891434K(5208832K), 0.0395123 secs] [Times: user=0.19 sys=0.00, real=0.04 secs] 
2016-06-27T18:56:46.928+0300: 1203.265: Total time for which application threads were stopped: 0.0436780 seconds, Stopping threads took: 0.0036115 seconds
2016-06-27T18:56:47.224+0300: 1203.561: Total time for which application threads were stopped: 0.0059786 seconds, Stopping threads took: 0.0046281 seconds
2016-06-27T18:56:47.323+0300: 1203.659: [GC (Allocation Failure) 2016-06-27T18:56:47.323+0300: 1203.659: [ParNew: 306688K->306688K(306688K), 0.0000372 secs]2016-06-27T18:56:47.323+0300: 1203.659: [CMS: 4857386K->3732168K(4902144K), 0.6880967 secs] 5164074K->3732168K(5208832K), [Metaspace: 9062K->9062K(1058816K)], 0.6883127 secs] [Times: user=0.69 sys=0.00, real=0.69 secs] 
2016-06-27T18:56:48.011+0300: 1204.347: Total time for which application threads were stopped: 0.6927641 seconds, Stopping threads took: 0.0039575 seconds
2016-06-27T18:56:48.427+0300: 1204.763: Total time for which application threads were stopped: 0.0009626 seconds, Stopping threads took: 0.0004011 seconds
2016-06-27T18:56:48.450+0300: 1204.787: [GC (Allocation Failure) 2016-06-27T18:56:48.450+0300: 1204.787: [ParNew
Desired survivor size 17432576 bytes, new threshold 1 (max 6)
- age   1:   34856080 bytes,   34856080 total
: 272640K->34048K(306688K), 0.0342478 secs] 4004808K->3999228K(5208832K), 0.0343779 secs] [Times: user=0.13 sys=0.00, real=0.03 secs] 
2016-06-27T18:56:48.485+0300: 1204.821: Total time for which application threads were stopped: 0.0347456 seconds, Stopping threads took: 0.0001061 seconds
2016-06-27T18:56:48.793+0300: 1205.129: [GC (Allocation Failure) 2016-06-27T18:56:48.793+0300: 1205.129: [ParNew
Desired survivor size 17432576 bytes, new threshold 1 (max 6)
- age   1:   34844872 bytes,   34844872 total
: 306394K->34047K(306688K), 0.0400802 secs] 4271574K->4266266K(5208832K), 0.0402581 secs] [Times: user=0.17 sys=0.00, real=0.04 secs] 
2016-06-27T18:56:48.833+0300: 1205.170: Total time for which application threads were stopped: 0.0412571 seconds, Stopping threads took: 0.0007052 seconds
2016-06-27T18:56:49.164+0300: 1205.500: [GC (Allocation Failure) 2016-06-27T18:56:49.164+0300: 1205.501: [ParNew
Desired survivor size 17432576 bytes, new threshold 1 (max 6)
- age   1:   34851240 bytes,   34851240 total
: 306209K->34045K(306688K), 0.0392189 secs] 4538428K->4533297K(5208832K), 0.0393763 secs] [Times: user=0.13 sys=0.00, real=0.04 secs] 
2016-06-27T18:56:49.203+0300: 1205.540: Total time for which application threads were stopped: 0.0403868 seconds, Stopping threads took: 0.0006201 seconds
2016-06-27T18:56:49.220+0300: 1205.556: Total time for which application threads were stopped: 0.0009177 seconds, Stopping threads took: 0.0000607 seconds
2016-06-27T18:56:49.546+0300: 1205.883: [GC (Allocation Failure) 2016-06-27T18:56:49.547+0300: 1205.883: [ParNew
Desired survivor size 17432576 bytes, new threshold 1 (max 6)
- age   1:   34850736 bytes,   34850736 total
: 306335K->34046K(306688K), 0.0378466 secs] 4805588K->4799336K(5208832K), 0.0379774 secs] [Times: user=0.19 sys=0.00, real=0.04 secs] 
2016-06-27T18:56:49.585+0300: 1205.921: Total time for which application threads were stopped: 0.0390102 seconds, Stopping threads took: 0.0006736 seconds
2016-06-27T18:56:49.917+0300: 1206.254: [GC (Allocation Failure) 2016-06-27T18:56:49.917+0300: 1206.254: [ParNew: 306133K->306133K(306688K), 0.0000227 secs]2016-06-27T18:56:49.917+0300: 1206.254: [CMS: 4765290K->3746167K(4902144K), 0.5748735 secs] 5071423K->3746167K(5208832K), [Metaspace: 9062K->9062K(1058816K)], 0.5750219 secs] [Times: user=0.58 sys=0.00, real=0.58 secs] 
2016-06-27T18:56:50.492+0300: 1206.829: Total time for which application threads were stopped: 0.5758306 seconds, Stopping threads took: 0.0005089 seconds
2016-06-27T18:56:50.810+0300: 1207.147: [GC (Allocation Failure) 2016-06-27T18:56:50.810+0300: 1207.147: [ParNew
Desired survivor size 17432576 bytes, new threshold 1 (max 6)
- age   1:   34848832 bytes,   34848832 total
: 272253K->34041K(306688K), 0.0347533 secs] 4018421K->4013221K(5208832K), 0.0348735 secs] [Times: user=0.13 sys=0.00, real=0.04 secs] 
2016-06-27T18:56:50.846+0300: 1207.182: Total time for which application threads were stopped: 0.0358417 seconds, Stopping threads took: 0.0006406 seconds
2016-06-27T18:56:51.190+0300: 1207.526: [GC (Allocation Failure) 2016-06-27T18:56:51.190+0300: 1207.526: [ParNew
Desired survivor size 17432576 bytes, new threshold 1 (max 6)
- age   1:   34861232 bytes,   34861232 total
: 306219K->34048K(306688K), 0.0382862 secs] 4285398K->4280374K(5208832K), 0.0384487 secs] [Times: user=0.19 sys=0.00, real=0.04 secs] 
2016-06-27T18:56:51.228+0300: 1207.565: Total time for which application threads were stopped: 0.0408572 seconds, Stopping threads took: 0.0018316 seconds
2016-06-27T18:56:51.552+0300: 1207.888: [GC (Allocation Failure) 2016-06-27T18:56:51.552+0300: 1207.888: [ParNew
Desired survivor size 17432576 bytes, new threshold 1 (max 6)
- age   1:   34850104 bytes,   34850104 total
: 306324K->34048K(306688K), 0.0384081 secs] 4552651K->4547429K(5208832K), 0.0385620 secs] [Times: user=0.13 sys=0.00, real=0.04 secs] 
2016-06-27T18:56:51.591+0300: 1207.927: Total time for which application threads were stopped: 0.0408123 seconds, Stopping threads took: 0.0010080 seconds
2016-06-27T18:56:51.935+0300: 1208.271: Total time for which application threads were stopped: 0.0023790 seconds, Stopping threads took: 0.0015665 seconds
2016-06-27T18:56:52.007+0300: 1208.344: [GC (Allocation Failure) 2016-06-27T18:56:52.007+0300: 1208.344: [ParNew
Desired survivor size 17432576 bytes, new threshold 1 (max 6)
- age   1:   34856040 bytes,   34856040 total
: 306688K->34048K(306688K), 0.0397714 secs] 4820069K->4814469K(5208832K), 0.0399288 secs] [Times: user=0.13 sys=0.00, real=0.04 secs] 
2016-06-27T18:56:52.047+0300: 1208.384: Total time for which application threads were stopped: 0.0403368 seconds, Stopping threads took: 0.0000898 seconds
2016-06-27T18:56:52.224+0300: 1208.561: Total time for which application threads were stopped: 0.0015165 seconds, Stopping threads took: 0.0007886 seconds
2016-06-27T18:56:52.234+0300: 1208.570: Total time for which application threads were stopped: 0.0003331 seconds, Stopping threads took: 0.0001569 seconds
2016-06-27T18:56:52.391+0300: 1208.727: [GC (Allocation Failure) 2016-06-27T18:56:52.391+0300: 1208.727: [ParNew: 306688K->306688K(306688K), 0.0000325 secs]2016-06-27T18:56:52.391+0300: 1208.728: [CMS: 4780421K->3762170K(4902144K), 0.5868136 secs] 5087109K->3762170K(5208832K), [Metaspace: 9062K->9062K(1058816K)], 0.5869924 secs] [Times: user=0.59 sys=0.00, real=0.59 secs] 
2016-06-27T18:56:52.978+0300: 1209.314: Total time for which application threads were stopped: 0.5878404 seconds, Stopping threads took: 0.0004974 seconds
2016-06-27T18:56:53.226+0300: 1209.562: Total time for which application threads were stopped: 0.0022366 seconds, Stopping threads took: 0.0013839 seconds
2016-06-27T18:56:53.338+0300: 1209.675: [GC (Allocation Failure) 2016-06-27T18:56:53.338+0300: 1209.675: [ParNew
Desired survivor size 17432576 bytes, new threshold 1 (max 6)
- age   1:   34848808 bytes,   34848808 total
: 272170K->34047K(306688K), 0.0358999 secs] 4034340K->4028229K(5208832K), 0.0360521 secs] [Times: user=0.13 sys=0.00, real=0.04 secs] 
2016-06-27T18:56:53.374+0300: 1209.711: Total time for which application threads were stopped: 0.0379954 seconds, Stopping threads took: 0.0016153 seconds
2016-06-27T18:56:53.691+0300: 1210.027: [GC (Allocation Failure) 2016-06-27T18:56:53.691+0300: 1210.027: [ParNew
Desired survivor size 17432576 bytes, new threshold 1 (max 6)
- age   1:   34846552 bytes,   34846552 total
: 306661K->34041K(306688K), 0.0377478 secs] 4300844K->4296259K(5208832K), 0.0379000 secs] [Times: user=0.19 sys=0.00, real=0.04 secs] 
2016-06-27T18:56:53.728+0300: 1210.065: Total time for which application threads were stopped: 0.0401700 seconds, Stopping threads took: 0.0018928 seconds
2016-06-27T18:56:53.729+0300: 1210.066: [GC (CMS Initial Mark) [1 CMS-initial-mark: 4262217K(4902144K)] 4298259K(5208832K), 0.0003836 secs] [Times: user=0.00 sys=0.00, real=0.00 secs] 
2016-06-27T18:56:53.730+0300: 1210.066: Total time for which application threads were stopped: 0.0008254 seconds, Stopping threads took: 0.0001146 seconds
2016-06-27T18:56:53.730+0300: 1210.066: [CMS-concurrent-mark-start]
2016-06-27T18:56:53.781+0300: 1210.117: [CMS-concurrent-mark: 0.051/0.051 secs] [Times: user=0.19 sys=0.00, real=0.05 secs] 
2016-06-27T18:56:53.781+0300: 1210.117: [CMS-concurrent-preclean-start]
2016-06-27T18:56:53.791+0300: 1210.127: [CMS-concurrent-preclean: 0.010/0.010 secs] [Times: user=0.06 sys=0.00, real=0.01 secs] 
2016-06-27T18:56:53.791+0300: 1210.127: [CMS-concurrent-abortable-preclean-start]
2016-06-27T18:56:54.086+0300: 1210.423: [GC (Allocation Failure) 2016-06-27T18:56:54.086+0300: 1210.423: [ParNew2016-06-27T18:56:54.125+0300: 1210.462: [CMS-concurrent-abortable-preclean: 0.031/0.335 secs] [Times: user=1.25 sys=0.00, real=0.33 secs] 

Desired survivor size 17432576 bytes, new threshold 1 (max 6)
- age   1:   34845928 bytes,   34845928 total
: 306358K->34038K(306688K), 0.0396611 secs] 4568576K->4563288K(5208832K), 0.0398270 secs] [Times: user=0.13 sys=0.00, real=0.04 secs] 
2016-06-27T18:56:54.126+0300: 1210.462: Total time for which application threads were stopped: 0.0417365 seconds, Stopping threads took: 0.0014925 seconds
2016-06-27T18:56:54.129+0300: 1210.465: [GC (CMS Final Remark) [YG occupancy: 35038 K (306688 K)]2016-06-27T18:56:54.129+0300: 1210.465: [Rescan (parallel) , 0.0042248 secs]2016-06-27T18:56:54.133+0300: 1210.470: [weak refs processing, 0.0000338 secs]2016-06-27T18:56:54.133+0300: 1210.470: [class unloading, 0.0029042 secs]2016-06-27T18:56:54.136+0300: 1210.473: [scrub symbol table, 0.0011290 secs]2016-06-27T18:56:54.137+0300: 1210.474: [scrub string table, 0.0002698 secs][1 CMS-remark: 4529250K(4902144K)] 4564288K(5208832K), 0.0089025 secs] [Times: user=0.06 sys=0.00, real=0.01 secs] 
2016-06-27T18:56:54.138+0300: 1210.474: Total time for which application threads were stopped: 0.0094815 seconds, Stopping threads took: 0.0001929 seconds
2016-06-27T18:56:54.138+0300: 1210.474: [CMS-concurrent-sweep-start]
2016-06-27T18:56:54.147+0300: 1210.483: [CMS-concurrent-sweep: 0.009/0.009 secs] [Times: user=0.06 sys=0.00, real=0.01 secs] 
2016-06-27T18:56:54.147+0300: 1210.483: [CMS-concurrent-reset-start]
2016-06-27T18:56:54.153+0300: 1210.489: [CMS-concurrent-reset: 0.006/0.006 secs] [Times: user=0.00 sys=0.00, real=0.01 secs] 
2016-06-27T18:56:54.227+0300: 1210.563: Total time for which application threads were stopped: 0.0025989 seconds, Stopping threads took: 0.0017329 seconds
2016-06-27T18:56:54.476+0300: 1210.812: [GC (Allocation Failure) 2016-06-27T18:56:54.476+0300: 1210.813: [ParNew
Desired survivor size 17432576 bytes, new threshold 1 (max 6)
- age   1:   34851432 bytes,   34851432 total
: 305815K->34048K(306688K), 0.0386125 secs] 4385002K->4380267K(5208832K), 0.0387605 secs] [Times: user=0.13 sys=0.00, real=0.04 secs] 
2016-06-27T18:56:54.515+0300: 1210.851: Total time for which application threads were stopped: 0.0400802 seconds, Stopping threads took: 0.0008985 seconds
2016-06-27T18:56:54.857+0300: 1211.193: [GC (Allocation Failure) 2016-06-27T18:56:54.857+0300: 1211.193: [ParNew
Desired survivor size 17432576 bytes, new threshold 1 (max 6)
- age   1:   34848720 bytes,   34848720 total
: 306687K->34041K(306688K), 0.0386074 secs] 4652907K->4647301K(5208832K), 0.0387767 secs] [Times: user=0.17 sys=0.00, real=0.04 secs] 
2016-06-27T18:56:54.895+0300: 1211.232: Total time for which application threads were stopped: 0.0424956 seconds, Stopping threads took: 0.0033028 seconds
2016-06-27T18:56:55.229+0300: 1211.565: Total time for which application threads were stopped: 0.0043531 seconds, Stopping threads took: 0.0033986 seconds
2016-06-27T18:56:55.269+0300: 1211.605: [GC (Allocation Failure) 2016-06-27T18:56:55.269+0300: 1211.605: [ParNew: 306227K->306227K(306688K), 0.0000398 secs]2016-06-27T18:56:55.269+0300: 1211.605: [CMS: 4613260K->3847176K(4902144K), 0.7154174 secs] 4919488K->3847176K(5208832K), [Metaspace: 9062K->9062K(1058816K)], 0.7156265 secs] [Times: user=0.72 sys=0.00, real=0.71 secs] 
2016-06-27T18:56:55.984+0300: 1212.321: Total time for which application threads were stopped: 0.7160995 seconds, Stopping threads took: 0.0000825 seconds
2016-06-27T18:56:56.328+0300: 1212.665: Total time for which application threads were stopped: 0.0032172 seconds, Stopping threads took: 0.0023016 seconds
2016-06-27T18:56:56.356+0300: 1212.692: [GC (Allocation Failure) 2016-06-27T18:56:56.356+0300: 1212.692: [ParNew
Desired survivor size 17432576 bytes, new threshold 1 (max 6)
- age   1:   34853224 bytes,   34853224 total
: 272640K->34048K(306688K), 0.0337744 secs] 4119816K->4114241K(5208832K), 0.0340109 secs] [Times: user=0.13 sys=0.00, real=0.03 secs] 
2016-06-27T18:56:56.390+0300: 1212.726: Total time for which application threads were stopped: 0.0345617 seconds, Stopping threads took: 0.0001711 seconds
2016-06-27T18:56:56.699+0300: 1213.036: [GC (Allocation Failure) 2016-06-27T18:56:56.699+0300: 1213.036: [ParNew
Desired survivor size 17432576 bytes, new threshold 1 (max 6)
- age   1:   34851024 bytes,   34851024 total
: 306064K->34044K(306688K), 0.0382776 secs] 4386258K->4380275K(5208832K), 0.0384371 secs] [Times: user=0.13 sys=0.00, real=0.04 secs] 
2016-06-27T18:56:56.738+0300: 1213.074: Total time for which application threads were stopped: 0.0409291 seconds, Stopping threads took: 0.0020968 seconds
2016-06-27T18:56:57.074+0300: 1213.411: [GC (Allocation Failure) 2016-06-27T18:56:57.074+0300: 1213.411: [ParNew
Desired survivor size 17432576 bytes, new threshold 1 (max 6)
- age   1:   34852824 bytes,   34852824 total
: 306551K->34048K(306688K), 0.0423660 secs] 4652782K->4647316K(5208832K), 0.0425255 secs] [Times: user=0.17 sys=0.00, real=0.04 secs] 
2016-06-27T18:56:57.117+0300: 1213.454: Total time for which application threads were stopped: 0.0452202 seconds, Stopping threads took: 0.0021815 seconds
2016-06-27T18:56:57.228+0300: 1213.564: Total time for which application threads were stopped: 0.0028131 seconds, Stopping threads took: 0.0020818 seconds
2016-06-27T18:56:57.459+0300: 1213.795: [GC (Allocation Failure) 2016-06-27T18:56:57.459+0300: 1213.795: [ParNew: 305906K->305906K(306688K), 0.0000269 secs]2016-06-27T18:56:57.459+0300: 1213.795: [CMS: 4613268K->3774177K(4902144K), 0.5708270 secs] 4919174K->3774177K(5208832K), [Metaspace: 9062K->9062K(1058816K)], 0.5709998 secs] [Times: user=0.56 sys=0.00, real=0.57 secs] 
2016-06-27T18:56:58.030+0300: 1214.366: Total time for which application threads were stopped: 0.5720531 seconds, Stopping threads took: 0.0006257 seconds
2016-06-27T18:56:58.227+0300: 1214.563: Total time for which application threads were stopped: 0.0013822 seconds, Stopping threads took: 0.0004435 seconds
2016-06-27T18:56:58.397+0300: 1214.733: [GC (Allocation Failure) 2016-06-27T18:56:58.397+0300: 1214.733: [ParNew
Desired survivor size 17432576 bytes, new threshold 1 (max 6)
- age   1:   34849576 bytes,   34849576 total
: 272640K->34048K(306688K), 0.0342577 secs] 4046817K->4040237K(5208832K), 0.0343924 secs] [Times: user=0.13 sys=0.00, real=0.03 secs] 
2016-06-27T18:56:58.431+0300: 1214.768: Total time for which application threads were stopped: 0.0350574 seconds, Stopping threads took: 0.0002989 seconds
2016-06-27T18:56:58.747+0300: 1215.083: [GC (Allocation Failure) 2016-06-27T18:56:58.747+0300: 1215.083: [ParNew
Desired survivor size 17432576 bytes, new threshold 1 (max 6)
- age   1:   34862928 bytes,   34862928 total
: 305782K->34048K(306688K), 0.0382165 secs] 4311972K->4306299K(5208832K), 0.0383520 secs] [Times: user=0.13 sys=0.00, real=0.04 secs] 
2016-06-27T18:56:58.785+0300: 1215.121: Total time for which application threads were stopped: 0.0396466 seconds, Stopping threads took: 0.0008442 seconds
2016-06-27T18:56:59.116+0300: 1215.453: [GC (Allocation Failure) 2016-06-27T18:56:59.116+0300: 1215.453: [ParNew
Desired survivor size 17432576 bytes, new threshold 1 (max 6)
- age   1:   34852536 bytes,   34852536 total
: 306135K->34048K(306688K), 0.0382225 secs] 4578386K->4573350K(5208832K), 0.0383845 secs] [Times: user=0.13 sys=0.00, real=0.04 secs] 
2016-06-27T18:56:59.155+0300: 1215.491: Total time for which application threads were stopped: 0.0397834 seconds, Stopping threads took: 0.0009712 seconds
2016-06-27T18:56:59.226+0300: 1215.563: Total time for which application threads were stopped: 0.0010182 seconds, Stopping threads took: 0.0003691 seconds
2016-06-27T18:56:59.502+0300: 1215.838: [GC (Allocation Failure) 2016-06-27T18:56:59.502+0300: 1215.839: [ParNew
Desired survivor size 17432576 bytes, new threshold 1 (max 6)
- age   1:   34849648 bytes,   34849648 total
: 306688K->34037K(306688K), 0.0398899 secs] 4845990K->4839379K(5208832K), 0.0400592 secs] [Times: user=0.19 sys=0.00, real=0.04 secs] 
2016-06-27T18:56:59.542+0300: 1215.879: Total time for which application threads were stopped: 0.0409030 seconds, Stopping threads took: 0.0004456 seconds
2016-06-27T18:56:59.861+0300: 1216.198: [GC (Allocation Failure) 2016-06-27T18:56:59.861+0300: 1216.198: [ParNew: 306074K->306074K(306688K), 0.0000248 secs]2016-06-27T18:56:59.861+0300: 1216.198: [CMS: 4805342K->3711172K(4902144K), 0.5761248 secs] 5111416K->3711172K(5208832K), [Metaspace: 9062K->9062K(1058816K)], 0.5763040 secs] [Times: user=0.58 sys=0.00, real=0.58 secs] 
2016-06-27T18:57:00.438+0300: 1216.774: Total time for which application threads were stopped: 0.5773120 seconds, Stopping threads took: 0.0006111 seconds
2016-06-27T18:57:00.755+0300: 1217.092: [GC (Allocation Failure) 2016-06-27T18:57:00.756+0300: 1217.092: [ParNew
Desired survivor size 17432576 bytes, new threshold 1 (max 6)
- age   1:   34850472 bytes,   34850472 total
: 272350K->34048K(306688K), 0.0354081 secs] 3983523K->3978232K(5208832K), 0.0355432 secs] [Times: user=0.13 sys=0.00, real=0.04 secs] 
2016-06-27T18:57:00.791+0300: 1217.127: Total time for which application threads were stopped: 0.0364849 seconds, Stopping threads took: 0.0005166 seconds
2016-06-27T18:57:01.106+0300: 1217.443: [GC (Allocation Failure) 2016-06-27T18:57:01.106+0300: 1217.443: [ParNew
Desired survivor size 17432576 bytes, new threshold 1 (max 6)
- age   1:   34844328 bytes,   34844328 total
: 305892K->34033K(306688K), 0.0391530 secs] 4250077K->4245255K(5208832K), 0.0393386 secs] [Times: user=0.17 sys=0.00, real=0.04 secs] 
2016-06-27T18:57:01.146+0300: 1217.482: Total time for which application threads were stopped: 0.0408731 seconds, Stopping threads took: 0.0010341 seconds
2016-06-27T18:57:01.545+0300: 1217.881: Total time for which application threads were stopped: 0.0028401 seconds, Stopping threads took: 0.0019052 seconds
2016-06-27T18:57:01.593+0300: 1217.930: [GC (Allocation Failure) 2016-06-27T18:57:01.593+0300: 1217.930: [ParNew
Desired survivor size 17432576 bytes, new threshold 1 (max 6)
- age   1:   34858536 bytes,   34858536 total
: 306673K->34048K(306688K), 0.0384979 secs] 4517895K->4511339K(5208832K), 0.0386621 secs] [Times: user=0.19 sys=0.00, real=0.04 secs] 
2016-06-27T18:57:01.632+0300: 1217.968: Total time for which application threads were stopped: 0.0391376 seconds, Stopping threads took: 0.0000898 seconds
2016-06-27T18:57:01.943+0300: 1218.280: [GC (Allocation Failure) 2016-06-27T18:57:01.943+0300: 1218.280: [ParNew
Desired survivor size 17432576 bytes, new threshold 1 (max 6)
- age   1:   34855080 bytes,   34855080 total
: 306295K->34047K(306688K), 0.0379355 secs] 4783586K->4777385K(5208832K), 0.0381104 secs] [Times: user=0.13 sys=0.00, real=0.04 secs] 
2016-06-27T18:57:01.982+0300: 1218.318: Total time for which application threads were stopped: 0.0411416 seconds, Stopping threads took: 0.0025920 seconds
2016-06-27T18:57:02.121+0300: 1218.457: [GC (CMS Initial Mark) [1 CMS-initial-mark: 4743337K(4902144K)] 4895393K(5208832K), 0.0004204 secs] [Times: user=0.00 sys=0.00, real=0.00 secs] 
2016-06-27T18:57:02.121+0300: 1218.458: Total time for which application threads were stopped: 0.0029187 seconds, Stopping threads took: 0.0021652 seconds
2016-06-27T18:57:02.121+0300: 1218.458: [CMS-concurrent-mark-start]
2016-06-27T18:57:02.171+0300: 1218.508: [CMS-concurrent-mark: 0.050/0.050 secs] [Times: user=0.19 sys=0.00, real=0.05 secs] 
2016-06-27T18:57:02.171+0300: 1218.508: [CMS-concurrent-preclean-start]
2016-06-27T18:57:02.182+0300: 1218.518: [CMS-concurrent-preclean: 0.010/0.010 secs] [Times: user=0.06 sys=0.00, real=0.01 secs] 
2016-06-27T18:57:02.182+0300: 1218.518: [CMS-concurrent-abortable-preclean-start]
2016-06-27T18:57:02.182+0300: 1218.518: [CMS-concurrent-abortable-preclean: 0.000/0.000 secs] [Times: user=0.00 sys=0.00, real=0.00 secs] 
2016-06-27T18:57:02.189+0300: 1218.526: [GC (CMS Final Remark) [YG occupancy: 194154 K (306688 K)]2016-06-27T18:57:02.189+0300: 1218.526: [Rescan (parallel) , 0.0042915 secs]2016-06-27T18:57:02.194+0300: 1218.530: [weak refs processing, 0.0000282 secs]2016-06-27T18:57:02.194+0300: 1218.530: [class unloading, 0.0028456 secs]2016-06-27T18:57:02.197+0300: 1218.533: [scrub symbol table, 0.0012274 secs]2016-06-27T18:57:02.203+0300: 1218.539: [scrub string table, 0.0002519 secs][1 CMS-remark: 4743337K(4902144K)] 4937491K(5208832K), 0.0140921 secs] [Times: user=0.06 sys=0.00, real=0.02 secs] 
2016-06-27T18:57:02.204+0300: 1218.540: Total time for which application threads were stopped: 0.0150675 seconds, Stopping threads took: 0.0006205 seconds
2016-06-27T18:57:02.204+0300: 1218.540: [CMS-concurrent-sweep-start]
2016-06-27T18:57:02.213+0300: 1218.549: [CMS-concurrent-sweep: 0.009/0.009 secs] [Times: user=0.06 sys=0.00, real=0.01 secs] 
2016-06-27T18:57:02.213+0300: 1218.549: [CMS-concurrent-reset-start]
2016-06-27T18:57:02.219+0300: 1218.555: [CMS-concurrent-reset: 0.006/0.006 secs] [Times: user=0.00 sys=0.00, real=0.01 secs] 
2016-06-27T18:57:02.228+0300: 1218.564: Total time for which application threads were stopped: 0.0009716 seconds, Stopping threads took: 0.0000881 seconds
2016-06-27T18:57:02.375+0300: 1218.711: [GC (Allocation Failure) 2016-06-27T18:57:02.375+0300: 1218.711: [ParNew
Desired survivor size 17432576 bytes, new threshold 1 (max 6)
- age   1:   34856216 bytes,   34856216 total
: 306687K->34047K(306688K), 0.0399600 secs] 3999827K->3992230K(5208832K), 0.0401238 secs] [Times: user=0.17 sys=0.00, real=0.04 secs] 
2016-06-27T18:57:02.415+0300: 1218.751: Total time for which application threads were stopped: 0.0426119 seconds, Stopping threads took: 0.0020874 seconds
2016-06-27T18:57:02.745+0300: 1219.082: [GC (Allocation Failure) 2016-06-27T18:57:02.745+0300: 1219.082: [ParNew
Desired survivor size 17432576 bytes, new threshold 1 (max 6)
- age   1:   34862840 bytes,   34862840 total
: 306515K->34048K(306688K), 0.0379710 secs] 4264698K->4259278K(5208832K), 0.0381211 secs] [Times: user=0.13 sys=0.00, real=0.04 secs] 
2016-06-27T18:57:02.784+0300: 1219.120: Total time for which application threads were stopped: 0.0403488 seconds, Stopping threads took: 0.0018304 seconds
2016-06-27T18:57:03.101+0300: 1219.437: [GC (Allocation Failure) 2016-06-27T18:57:03.101+0300: 1219.438: [ParNew
Desired survivor size 17432576 bytes, new threshold 1 (max 6)
- age   1:   34854400 bytes,   34854400 total
: 306241K->34048K(306688K), 0.0380227 secs] 4531472K->4526329K(5208832K), 0.0381806 secs] [Times: user=0.13 sys=0.00, real=0.04 secs] 
2016-06-27T18:57:03.139+0300: 1219.476: Total time for which application threads were stopped: 0.0414996 seconds, Stopping threads took: 0.0029012 seconds
2016-06-27T18:57:03.406+0300: 1219.743: Total time for which application threads were stopped: 0.0024509 seconds, Stopping threads took: 0.0015648 seconds
2016-06-27T18:57:03.533+0300: 1219.870: [GC (Allocation Failure) 2016-06-27T18:57:03.534+0300: 1219.870: [ParNew
Desired survivor size 17432576 bytes, new threshold 1 (max 6)
- age   1:   34864496 bytes,   34864496 total
: 306688K->34048K(306688K), 0.0388267 secs] 4798969K->4792374K(5208832K), 0.0390106 secs] [Times: user=0.19 sys=0.00, real=0.04 secs] 
2016-06-27T18:57:03.572+0300: 1219.909: Total time for which application threads were stopped: 0.0402085 seconds, Stopping threads took: 0.0008245 seconds
2016-06-27T18:57:03.664+0300: 1220.000: Total time for which application threads were stopped: 0.0031698 seconds, Stopping threads took: 0.0029157 seconds
2016-06-27T18:57:03.898+0300: 1220.235: [GC (Allocation Failure) 2016-06-27T18:57:03.898+0300: 1220.235: [ParNew: 305977K->305977K(306688K), 0.0000488 secs]2016-06-27T18:57:03.898+0300: 1220.235: [CMS: 4758326K->3739169K(4902144K), 0.6614308 secs] 5064303K->3739169K(5208832K), [Metaspace: 9062K->9062K(1058816K)], 0.6616591 secs] [Times: user=0.66 sys=0.00, real=0.66 secs] 
2016-06-27T18:57:04.560+0300: 1220.896: Total time for which application threads were stopped: 0.6640031 seconds, Stopping threads took: 0.0019608 seconds
2016-06-27T18:57:04.562+0300: 1220.898: Total time for which application threads were stopped: 0.0008352 seconds, Stopping threads took: 0.0000701 seconds
2016-06-27T18:57:04.904+0300: 1221.240: [GC (Allocation Failure) 2016-06-27T18:57:04.904+0300: 1221.240: [ParNew
Desired survivor size 17432576 bytes, new threshold 1 (max 6)
- age   1:   34858208 bytes,   34858208 total
: 272621K->34048K(306688K), 0.0358721 secs] 4011790K->4005243K(5208832K), 0.0360277 secs] [Times: user=0.13 sys=0.00, real=0.04 secs] 
2016-06-27T18:57:04.940+0300: 1221.276: Total time for which application threads were stopped: 0.0369938 seconds, Stopping threads took: 0.0005863 seconds
2016-06-27T18:57:05.229+0300: 1221.566: Total time for which application threads were stopped: 0.0011508 seconds, Stopping threads took: 0.0005688 seconds
2016-06-27T18:57:05.296+0300: 1221.632: [GC (Allocation Failure) 2016-06-27T18:57:05.296+0300: 1221.632: [ParNew
Desired survivor size 17432576 bytes, new threshold 1 (max 6)
- age   1:   34856744 bytes,   34856744 total
: 306688K->34048K(306688K), 0.0400041 secs] 4277883K->4271297K(5208832K), 0.0401499 secs] [Times: user=0.19 sys=0.00, real=0.04 secs] 
2016-06-27T18:57:05.336+0300: 1221.673: Total time for which application threads were stopped: 0.0405622 seconds, Stopping threads took: 0.0000971 seconds
2016-06-27T18:57:05.656+0300: 1221.992: [GC (Allocation Failure) 2016-06-27T18:57:05.656+0300: 1221.992: [ParNew
Desired survivor size 17432576 bytes, new threshold 1 (max 6)
- age   1:   34854568 bytes,   34854568 total
: 306147K->34048K(306688K), 0.0399044 secs] 4543397K->4538342K(5208832K), 0.0400310 secs] [Times: user=0.19 sys=0.00, real=0.04 secs] 
2016-06-27T18:57:05.696+0300: 1222.032: Total time for which application threads were stopped: 0.0410249 seconds, Stopping threads took: 0.0007317 seconds
2016-06-27T18:57:06.023+0300: 1222.359: [GC (Allocation Failure) 2016-06-27T18:57:06.029+0300: 1222.365: [ParNew
Desired survivor size 17432576 bytes, new threshold 1 (max 6)
- age   1:   34850296 bytes,   34850296 total
: 305992K->34047K(306688K), 0.0386801 secs] 4810286K->4805392K(5208832K), 0.0445825 secs] [Times: user=0.19 sys=0.00, real=0.04 secs] 
2016-06-27T18:57:06.067+0300: 1222.404: Total time for which application threads were stopped: 0.0467901 seconds, Stopping threads took: 0.0018278 seconds
2016-06-27T18:57:06.231+0300: 1222.567: Total time for which application threads were stopped: 0.0019621 seconds, Stopping threads took: 0.0010593 seconds
2016-06-27T18:57:06.410+0300: 1222.746: [GC (Allocation Failure) 2016-06-27T18:57:06.410+0300: 1222.746: [ParNew: 306551K->306551K(306688K), 0.0000342 secs]2016-06-27T18:57:06.410+0300: 1222.746: [CMS: 4771344K->3768159K(4902144K), 0.5837636 secs] 5077895K->3768159K(5208832K), [Metaspace: 9062K->9062K(1058816K)], 0.5839364 secs] [Times: user=0.59 sys=0.00, real=0.58 secs] 
2016-06-27T18:57:06.994+0300: 1223.330: Total time for which application threads were stopped: 0.5859921 seconds, Stopping threads took: 0.0016482 seconds
2016-06-27T18:57:07.230+0300: 1223.567: Total time for which application threads were stopped: 0.0014036 seconds, Stopping threads took: 0.0004995 seconds
2016-06-27T18:57:07.345+0300: 1223.681: [GC (Allocation Failure) 2016-06-27T18:57:07.345+0300: 1223.681: [ParNew
Desired survivor size 17432576 bytes, new threshold 1 (max 6)
- age   1:   34862552 bytes,   34862552 total
: 272640K->34048K(306688K), 0.0350591 secs] 4040799K->4034237K(5208832K), 0.0352190 secs] [Times: user=0.19 sys=0.00, real=0.04 secs] 
2016-06-27T18:57:07.380+0300: 1223.717: Total time for which application threads were stopped: 0.0357883 seconds, Stopping threads took: 0.0002053 seconds
2016-06-27T18:57:07.692+0300: 1224.029: [GC (Allocation Failure) 2016-06-27T18:57:07.698+0300: 1224.035: [ParNew
Desired survivor size 17432576 bytes, new threshold 1 (max 6)
- age   1:   34845912 bytes,   34845912 total
: 305936K->34042K(306688K), 0.0384436 secs] 4306125K->4300286K(5208832K), 0.0444063 secs] [Times: user=0.06 sys=0.00, real=0.03 secs] 
2016-06-27T18:57:07.722+0300: 1224.073: Total time for which application threads were stopped: 0.0452381 seconds, Stopping threads took: 0.0005474 seconds
2016-06-27T18:57:08.084+0300: 1224.420: [GC (Allocation Failure) 2016-06-27T18:57:08.084+0300: 1224.420: [ParNew
Desired survivor size 17432576 bytes, new threshold 1 (max 6)
- age   1:   34846264 bytes,   34846264 total
: 305746K->34040K(306688K), 0.0382528 secs] 4571989K->4566316K(5208832K), 0.0384029 secs] [Times: user=0.13 sys=0.00, real=0.04 secs] 
2016-06-27T18:57:08.122+0300: 1224.459: Total time for which application threads were stopped: 0.0403813 seconds, Stopping threads took: 0.0016007 seconds
2016-06-27T18:57:08.413+0300: 1224.749: Total time for which application threads were stopped: 0.0017718 seconds, Stopping threads took: 0.0008570 seconds
2016-06-27T18:57:08.497+0300: 1224.833: [GC (Allocation Failure) 2016-06-27T18:57:08.497+0300: 1224.833: [ParNew
Desired survivor size 17432576 bytes, new threshold 1 (max 6)
- age   1:   34861920 bytes,   34861920 total
: 306680K->34048K(306688K), 0.0393194 secs] 4838956K->4832385K(5208832K), 0.0394464 secs] [Times: user=0.19 sys=0.00, real=0.04 secs] 
2016-06-27T18:57:08.537+0300: 1224.873: Total time for which application threads were stopped: 0.0398830 seconds, Stopping threads took: 0.0001569 seconds
2016-06-27T18:57:08.860+0300: 1225.197: [GC (Allocation Failure) 2016-06-27T18:57:08.860+0300: 1225.197: [ParNew: 306635K->306635K(306688K), 0.0000346 secs]2016-06-27T18:57:08.860+0300: 1225.197: [CMS: 4798337K->3719153K(4902144K), 0.5774352 secs] 5104972K->3719153K(5208832K), [Metaspace: 9062K->9062K(1058816K)], 0.5776203 secs] [Times: user=0.58 sys=0.00, real=0.58 secs] 
2016-06-27T18:57:09.438+0300: 1225.774: Total time for which application threads were stopped: 0.5787913 seconds, Stopping threads took: 0.0008061 seconds
2016-06-27T18:57:09.440+0300: 1225.776: Total time for which application threads were stopped: 0.0005645 seconds, Stopping threads took: 0.0000770 seconds
2016-06-27T18:57:09.795+0300: 1226.132: [GC (Allocation Failure) 2016-06-27T18:57:09.795+0300: 1226.132: [ParNew
Desired survivor size 17432576 bytes, new threshold 1 (max 6)
- age   1:   34861792 bytes,   34861792 total
: 272458K->34048K(306688K), 0.0359379 secs] 3991611K->3985221K(5208832K), 0.0361107 secs] [Times: user=0.13 sys=0.00, real=0.04 secs] 
2016-06-27T18:57:09.831+0300: 1226.168: Total time for which application threads were stopped: 0.0377242 seconds, Stopping threads took: 0.0012222 seconds
2016-06-27T18:57:10.151+0300: 1226.487: [GC (Allocation Failure) 2016-06-27T18:57:10.151+0300: 1226.487: [ParNew
Desired survivor size 17432576 bytes, new threshold 1 (max 6)
- age   1:   34858560 bytes,   34858560 total
: 306213K->34048K(306688K), 0.0408581 secs] 4257387K->4252275K(5208832K), 0.0410180 secs] [Times: user=0.13 sys=0.00, real=0.04 secs] 
2016-06-27T18:57:10.192+0300: 1226.528: Total time for which application threads were stopped: 0.0448156 seconds, Stopping threads took: 0.0033823 seconds
2016-06-27T18:57:10.235+0300: 1226.571: Total time for which application threads were stopped: 0.0035611 seconds, Stopping threads took: 0.0026091 seconds
2016-06-27T18:57:10.522+0300: 1226.859: [GC (Allocation Failure) 2016-06-27T18:57:10.522+0300: 1226.859: [ParNew
Desired survivor size 17432576 bytes, new threshold 1 (max 6)
- age   1:   34855992 bytes,   34855992 total
: 306224K->34048K(306688K), 0.0386304 secs] 4524452K->4519324K(5208832K), 0.0411711 secs] [Times: user=0.13 sys=0.00, real=0.04 secs] 
2016-06-27T18:57:10.564+0300: 1226.900: Total time for which application threads were stopped: 0.0458826 seconds, Stopping threads took: 0.0043013 seconds
2016-06-27T18:57:10.775+0300: 1227.111: [GC (CMS Initial Mark) [1 CMS-initial-mark: 4485276K(4902144K)] 4683207K(5208832K), 0.0004696 secs] [Times: user=0.00 sys=0.00, real=0.00 secs] 
2016-06-27T18:57:10.776+0300: 1227.112: Total time for which application threads were stopped: 0.0065812 seconds, Stopping threads took: 0.0057319 seconds
2016-06-27T18:57:10.776+0300: 1227.112: [CMS-concurrent-mark-start]
2016-06-27T18:57:10.826+0300: 1227.163: [CMS-concurrent-mark: 0.051/0.051 secs] [Times: user=0.19 sys=0.00, real=0.05 secs] 
2016-06-27T18:57:10.826+0300: 1227.163: [CMS-concurrent-preclean-start]
2016-06-27T18:57:10.837+0300: 1227.173: [CMS-concurrent-preclean: 0.010/0.010 secs] [Times: user=0.06 sys=0.00, real=0.01 secs] 
2016-06-27T18:57:10.837+0300: 1227.173: [CMS-concurrent-abortable-preclean-start]
2016-06-27T18:57:10.930+0300: 1227.267: [GC (Allocation Failure) 2016-06-27T18:57:10.931+0300: 1227.267: [ParNew2016-06-27T18:57:10.962+0300: 1227.299: [CMS-concurrent-abortable-preclean: 0.011/0.126 secs] [Times: user=0.50 sys=0.00, real=0.13 secs] 

Desired survivor size 17432576 bytes, new threshold 1 (max 6)
- age   1:   34841664 bytes,   34841664 total
: 306113K->34039K(306688K), 0.0395046 secs] 4791390K->4786361K(5208832K), 0.0396705 secs] [Times: user=0.13 sys=0.00, real=0.04 secs] 
2016-06-27T18:57:10.970+0300: 1227.307: Total time for which application threads were stopped: 0.0428565 seconds, Stopping threads took: 0.0027417 seconds
2016-06-27T18:57:10.971+0300: 1227.308: [GC (CMS Final Remark) [YG occupancy: 35039 K (306688 K)]2016-06-27T18:57:10.972+0300: 1227.308: [Rescan (parallel) , 0.0041970 secs]2016-06-27T18:57:10.976+0300: 1227.312: [weak refs processing, 0.0000261 secs]2016-06-27T18:57:10.976+0300: 1227.312: [class unloading, 0.0028734 secs]2016-06-27T18:57:10.979+0300: 1227.315: [scrub symbol table, 0.0013039 secs]2016-06-27T18:57:10.980+0300: 1227.316: [scrub string table, 0.0003036 secs][1 CMS-remark: 4752321K(4902144K)] 4787361K(5208832K), 0.0090192 secs] [Times: user=0.06 sys=0.00, real=0.01 secs] 
2016-06-27T18:57:10.981+0300: 1227.317: Total time for which application threads were stopped: 0.0095170 seconds, Stopping threads took: 0.0001069 seconds
2016-06-27T18:57:11.151+0300: 1227.488: [CMS-concurrent-sweep-start]
2016-06-27T18:57:11.160+0300: 1227.497: [CMS-concurrent-sweep: 0.009/0.009 secs] [Times: user=0.00 sys=0.00, real=0.01 secs] 
2016-06-27T18:57:11.160+0300: 1227.497: [CMS-concurrent-reset-start]
2016-06-27T18:57:11.166+0300: 1227.503: [CMS-concurrent-reset: 0.006/0.006 secs] [Times: user=0.06 sys=0.00, real=0.01 secs] 
2016-06-27T18:57:11.235+0300: 1227.571: Total time for which application threads were stopped: 0.0028486 seconds, Stopping threads took: 0.0017936 seconds
2016-06-27T18:57:11.400+0300: 1227.736: [GC (Allocation Failure) 2016-06-27T18:57:11.400+0300: 1227.736: [ParNew
Desired survivor size 17432576 bytes, new threshold 1 (max 6)
- age   1:   34851112 bytes,   34851112 total
: 306679K->34048K(306688K), 0.0385719 secs] 4158842K->4152241K(5208832K), 0.0387356 secs] [Times: user=0.11 sys=0.00, real=0.04 secs] 
2016-06-27T18:57:11.438+0300: 1227.775: Total time for which application threads were stopped: 0.0430370 seconds, Stopping threads took: 0.0039537 seconds
2016-06-27T18:57:11.836+0300: 1228.172: [GC (Allocation Failure) 2016-06-27T18:57:11.836+0300: 1228.173: [ParNew
Desired survivor size 17432576 bytes, new threshold 1 (max 6)
- age   1:   34849408 bytes,   34849408 total
: 305987K->34048K(306688K), 0.0389084 secs] 4424180K->4418278K(5208832K), 0.0390940 secs] [Times: user=0.13 sys=0.00, real=0.04 secs] 
2016-06-27T18:57:11.875+0300: 1228.212: Total time for which application threads were stopped: 0.0471592 seconds, Stopping threads took: 0.0076452 seconds
2016-06-27T18:57:12.245+0300: 1228.581: Total time for which application threads were stopped: 0.0118807 seconds, Stopping threads took: 0.0109240 seconds
2016-06-27T18:57:12.315+0300: 1228.651: [GC (Allocation Failure) 2016-06-27T18:57:12.315+0300: 1228.651: [ParNew
Desired survivor size 17432576 bytes, new threshold 1 (max 6)
- age   1:   34854416 bytes,   34854416 total
: 306688K->34048K(306688K), 0.0383448 secs] 4690918K->4683315K(5208832K), 0.0385205 secs] [Times: user=0.19 sys=0.00, real=0.04 secs] 
2016-06-27T18:57:12.353+0300: 1228.690: Total time for which application threads were stopped: 0.0389892 seconds, Stopping threads took: 0.0000894 seconds
2016-06-27T18:57:12.718+0300: 1229.054: [GC (Allocation Failure) 2016-06-27T18:57:12.718+0300: 1229.054: [ParNew: 306255K->306255K(306688K), 0.0000372 secs]2016-06-27T18:57:12.718+0300: 1229.054: [CMS: 4649267K->3750156K(4902144K), 0.7571253 secs] 4955523K->3750156K(5208832K), [Metaspace: 9062K->9062K(1058816K)], 0.7573318 secs] [Times: user=0.76 sys=0.00, real=0.76 secs] 
2016-06-27T18:57:13.475+0300: 1229.812: Total time for which application threads were stopped: 0.7610832 seconds, Stopping threads took: 0.0032934 seconds
2016-06-27T18:57:13.477+0300: 1229.814: Total time for which application threads were stopped: 0.0005846 seconds, Stopping threads took: 0.0000684 seconds
2016-06-27T18:57:13.486+0300: 1229.822: Total time for which application threads were stopped: 0.0002852 seconds, Stopping threads took: 0.0000838 seconds
2016-06-27T18:57:13.847+0300: 1230.183: [GC (Allocation Failure) 2016-06-27T18:57:13.847+0300: 1230.183: [ParNew
Desired survivor size 17432576 bytes, new threshold 1 (max 6)
- age   1:   34853016 bytes,   34853016 total
: 272089K->34048K(306688K), 0.0351536 secs] 4022245K->4016216K(5208832K), 0.0353136 secs] [Times: user=0.19 sys=0.00, real=0.04 secs] 
2016-06-27T18:57:13.882+0300: 1230.219: Total time for which application threads were stopped: 0.0362625 seconds, Stopping threads took: 0.0005495 seconds
2016-06-27T18:57:14.199+0300: 1230.536: [GC (Allocation Failure) 2016-06-27T18:57:14.200+0300: 1230.536: [ParNew
Desired survivor size 17432576 bytes, new threshold 1 (max 6)
- age   1:   34845072 bytes,   34845072 total
: 305826K->34045K(306688K), 0.0387121 secs] 4287994K->4283252K(5208832K), 0.0388862 secs] [Times: user=0.13 sys=0.00, real=0.04 secs] 
2016-06-27T18:57:14.238+0300: 1230.575: Total time for which application threads were stopped: 0.0400678 seconds, Stopping threads took: 0.0007373 seconds
2016-06-27T18:57:14.417+0300: 1230.754: Total time for which application threads were stopped: 0.0021827 seconds, Stopping threads took: 0.0014527 seconds
2016-06-27T18:57:14.608+0300: 1230.944: [GC (Allocation Failure) 2016-06-27T18:57:14.608+0300: 1230.945: [ParNew
Desired survivor size 17432576 bytes, new threshold 1 (max 6)
- age   1:   34859128 bytes,   34859128 total
: 306685K->34048K(306688K), 0.0388699 secs] 4555892K->4550286K(5208832K), 0.0390474 secs] [Times: user=0.19 sys=0.00, real=0.04 secs] 
2016-06-27T18:57:14.647+0300: 1230.984: Total time for which application threads were stopped: 0.0398895 seconds, Stopping threads took: 0.0004640 seconds
2016-06-27T18:57:15.073+0300: 1231.409: [GC (Allocation Failure) 2016-06-27T18:57:15.073+0300: 1231.409: [ParNew
Desired survivor size 17432576 bytes, new threshold 1 (max 6)
- age   1:   34844304 bytes,   34844304 total
: 305738K->34039K(306688K), 0.0411908 secs] 4821976K->4815319K(5208832K), 0.0413961 secs] [Times: user=0.13 sys=0.02, real=0.04 secs] 
2016-06-27T18:57:15.114+0300: 1231.451: Total time for which application threads were stopped: 0.0445988 seconds, Stopping threads took: 0.0028071 seconds
2016-06-27T18:57:15.237+0300: 1231.574: Total time for which application threads were stopped: 0.0026831 seconds, Stopping threads took: 0.0013103 seconds
2016-06-27T18:57:15.577+0300: 1231.913: [GC (Allocation Failure) 2016-06-27T18:57:15.582+0300: 1231.919: [ParNew: 306273K->306273K(306688K), 0.0000573 secs]2016-06-27T18:57:15.582+0300: 1231.919: [CMS: 4781280K->3835162K(4902144K), 0.6548483 secs] 5087554K->3835162K(5208832K), [Metaspace: 9062K->9062K(1058816K)], 0.6604613 secs] [Times: user=0.66 sys=0.00, real=0.66 secs] 
2016-06-27T18:57:16.237+0300: 1232.574: Total time for which application threads were stopped: 0.6619324 seconds, Stopping threads took: 0.0010537 seconds
2016-06-27T18:57:16.239+0300: 1232.576: Total time for which application threads were stopped: 0.0006021 seconds, Stopping threads took: 0.0000748 seconds
2016-06-27T18:57:16.583+0300: 1232.919: [GC (Allocation Failure) 2016-06-27T18:57:16.583+0300: 1232.919: [ParNew
Desired survivor size 17432576 bytes, new threshold 1 (max 6)
- age   1:   34853856 bytes,   34853856 total
: 271655K->34048K(306688K), 0.0347076 secs] 4106818K->4101222K(5208832K), 0.0350065 secs] [Times: user=0.13 sys=0.00, real=0.04 secs] 
2016-06-27T18:57:16.618+0300: 1232.954: Total time for which application threads were stopped: 0.0367616 seconds, Stopping threads took: 0.0013082 seconds
2016-06-27T18:57:16.954+0300: 1233.290: [GC (Allocation Failure) 2016-06-27T18:57:16.954+0300: 1233.290: [ParNew
Desired survivor size 17432576 bytes, new threshold 1 (max 6)
- age   1:   34843016 bytes,   34843016 total
: 306309K->34035K(306688K), 0.0380394 secs] 4373484K->4368251K(5208832K), 0.0381972 secs] [Times: user=0.19 sys=0.00, real=0.04 secs] 
2016-06-27T18:57:16.992+0300: 1233.328: Total time for which application threads were stopped: 0.0395931 seconds, Stopping threads took: 0.0009614 seconds
2016-06-27T18:57:17.238+0300: 1233.575: Total time for which application threads were stopped: 0.0023534 seconds, Stopping threads took: 0.0014010 seconds
2016-06-27T18:57:17.341+0300: 1233.677: [GC (Allocation Failure) 2016-06-27T18:57:17.341+0300: 1233.677: [ParNew
Desired survivor size 17432576 bytes, new threshold 1 (max 6)
- age   1:   34850936 bytes,   34850936 total
: 306153K->34042K(306688K), 0.0404574 secs] 4640370K->4635289K(5208832K), 0.0405985 secs] [Times: user=0.19 sys=0.00, real=0.04 secs] 
2016-06-27T18:57:17.382+0300: 1233.718: Total time for which application threads were stopped: 0.0413939 seconds, Stopping threads took: 0.0003994 seconds
2016-06-27T18:57:17.742+0300: 1234.079: [GC (Allocation Failure) 2016-06-27T18:57:17.742+0300: 1234.079: [ParNew: 306625K->306625K(306688K), 0.0000355 secs]2016-06-27T18:57:17.742+0300: 1234.079: [CMS: 4601246K->3822160K(4902144K), 0.5952427 secs] 4907871K->3822160K(5208832K), [Metaspace: 9062K->9062K(1058816K)], 0.5954313 secs] [Times: user=0.59 sys=0.00, real=0.60 secs] 
2016-06-27T18:57:18.338+0300: 1234.674: Total time for which application threads were stopped: 0.5980537 seconds, Stopping threads took: 0.0022507 seconds
2016-06-27T18:57:18.433+0300: 1234.769: Total time for which application threads were stopped: 0.0008181 seconds, Stopping threads took: 0.0002827 seconds
2016-06-27T18:57:18.682+0300: 1235.019: [GC (Allocation Failure) 2016-06-27T18:57:18.683+0300: 1235.019: [ParNew
Desired survivor size 17432576 bytes, new threshold 1 (max 6)
- age   1:   34854216 bytes,   34854216 total
: 272640K->34048K(306688K), 0.0344159 secs] 4094800K->4088221K(5208832K), 0.0345801 secs] [Times: user=0.13 sys=0.00, real=0.04 secs] 
2016-06-27T18:57:18.718+0300: 1235.054: Total time for which application threads were stopped: 0.0365974 seconds, Stopping threads took: 0.0016418 seconds
2016-06-27T18:57:19.059+0300: 1235.395: [GC (Allocation Failure) 2016-06-27T18:57:19.059+0300: 1235.395: [ParNew
Desired survivor size 17432576 bytes, new threshold 1 (max 6)
- age   1:   34845416 bytes,   34845416 total
: 306231K->34045K(306688K), 0.0396303 secs] 4360405K->4355259K(5208832K), 0.0397855 secs] [Times: user=0.17 sys=0.00, real=0.04 secs] 
2016-06-27T18:57:19.098+0300: 1235.435: Total time for which application threads were stopped: 0.0463791 seconds, Stopping threads took: 0.0061941 seconds
2016-06-27T18:57:19.243+0300: 1235.579: Total time for which application threads were stopped: 0.0054453 seconds, Stopping threads took: 0.0046024 seconds
2016-06-27T18:57:19.471+0300: 1235.808: [GC (Allocation Failure) 2016-06-27T18:57:19.471+0300: 1235.808: [ParNew
Desired survivor size 17432576 bytes, new threshold 1 (max 6)
- age   1:   34026960 bytes,   34026960 total
: 306685K->33241K(306688K), 0.0387776 secs] 4627899K->4620486K(5208832K), 0.0389875 secs] [Times: user=0.17 sys=0.02, real=0.04 secs] 
2016-06-27T18:57:19.510+0300: 1235.847: Total time for which application threads were stopped: 0.0434236 seconds, Stopping threads took: 0.0040661 seconds
2016-06-27T18:57:19.845+0300: 1236.182: [GC (Allocation Failure) 2016-06-27T18:57:19.845+0300: 1236.182: [ParNew
Desired survivor size 17432576 bytes, new threshold 1 (max 6)
- age   1:   33834792 bytes,   33834792 total
: 305428K->33179K(306688K), 0.0389610 secs] 4892673K->4887709K(5208832K), 0.0391158 secs] [Times: user=0.19 sys=0.00, real=0.04 secs] 
2016-06-27T18:57:19.884+0300: 1236.221: Total time for which application threads were stopped: 0.0499513 seconds, Stopping threads took: 0.0104305 seconds
2016-06-27T18:57:19.958+0300: 1236.294: [GC (CMS Initial Mark) [1 CMS-initial-mark: 4854529K(4902144K)] 4945680K(5208832K), 0.0004050 secs] [Times: user=0.00 sys=0.00, real=0.00 secs] 
2016-06-27T18:57:19.958+0300: 1236.295: Total time for which application threads were stopped: 0.0044831 seconds, Stopping threads took: 0.0037360 seconds
2016-06-27T18:57:19.958+0300: 1236.295: [CMS-concurrent-mark-start]
2016-06-27T18:57:20.009+0300: 1236.345: [CMS-concurrent-mark: 0.051/0.051 secs] [Times: user=0.19 sys=0.00, real=0.05 secs] 
2016-06-27T18:57:20.009+0300: 1236.346: [CMS-concurrent-preclean-start]
2016-06-27T18:57:20.019+0300: 1236.356: [CMS-concurrent-preclean: 0.010/0.010 secs] [Times: user=0.00 sys=0.00, real=0.01 secs] 
2016-06-27T18:57:20.019+0300: 1236.356: [CMS-concurrent-abortable-preclean-start]
2016-06-27T18:57:20.019+0300: 1236.356: [CMS-concurrent-abortable-preclean: 0.000/0.000 secs] [Times: user=0.00 sys=0.00, real=0.00 secs] 
2016-06-27T18:57:20.053+0300: 1236.390: [GC (CMS Final Remark) [YG occupancy: 154275 K (306688 K)]2016-06-27T18:57:20.053+0300: 1236.390: [Rescan (parallel) , 0.0041136 secs]2016-06-27T18:57:20.057+0300: 1236.394: [weak refs processing, 0.0000316 secs]2016-06-27T18:57:20.057+0300: 1236.394: [class unloading, 0.0029940 secs]2016-06-27T18:57:20.060+0300: 1236.397: [scrub symbol table, 0.0016405 secs]2016-06-27T18:57:20.062+0300: 1236.399: [scrub string table, 0.0003524 secs][1 CMS-remark: 4854529K(4902144K)] 5008804K(5208832K), 0.0094687 secs] [Times: user=0.00 sys=0.00, real=0.01 secs] 
2016-06-27T18:57:20.063+0300: 1236.399: Total time for which application threads were stopped: 0.0141254 seconds, Stopping threads took: 0.0042650 seconds
2016-06-27T18:57:20.242+0300: 1236.578: Total time for which application threads were stopped: 0.0030458 seconds, Stopping threads took: 0.0020976 seconds
2016-06-27T18:57:20.285+0300: 1236.621: [CMS-concurrent-sweep-start]
2016-06-27T18:57:20.288+0300: 1236.625: [GC (Allocation Failure) 2016-06-27T18:57:20.288+0300: 1236.625: [ParNew: 305819K->305819K(306688K), 0.0000445 secs]2016-06-27T18:57:20.288+0300: 1236.625: [CMS2016-06-27T18:57:20.298+0300: 1236.634: [CMS-concurrent-sweep: 0.009/0.013 secs] [Times: user=0.02 sys=0.00, real=0.01 secs] 
 (concurrent mode failure): 4854529K->3713157K(4902144K), 0.6719908 secs] 5160349K->3713157K(5208832K), [Metaspace: 9062K->9062K(1058816K)], 0.6724313 secs] [Times: user=0.67 sys=0.00, real=0.67 secs] 
2016-06-27T18:57:20.961+0300: 1237.297: Total time for which application threads were stopped: 0.6756054 seconds, Stopping threads took: 0.0027421 seconds
2016-06-27T18:57:21.252+0300: 1237.589: Total time for which application threads were stopped: 0.0015015 seconds, Stopping threads took: 0.0007809 seconds
2016-06-27T18:57:21.304+0300: 1237.640: [GC (Allocation Failure) 2016-06-27T18:57:21.304+0300: 1237.640: [ParNew
Desired survivor size 17432576 bytes, new threshold 1 (max 6)
- age   1:   33824680 bytes,   33824680 total
: 272450K->33055K(306688K), 0.0350574 secs] 3985607K->3980224K(5208832K), 0.0352173 secs] [Times: user=0.13 sys=0.00, real=0.04 secs] 
2016-06-27T18:57:21.339+0300: 1237.676: Total time for which application threads were stopped: 0.0357793 seconds, Stopping threads took: 0.0001317 seconds
2016-06-27T18:57:21.661+0300: 1237.998: [GC (Allocation Failure) 2016-06-27T18:57:21.662+0300: 1237.998: [ParNew
Desired survivor size 17432576 bytes, new threshold 1 (max 6)
- age   1:   34859288 bytes,   34859288 total
: 305062K->34048K(306688K), 0.0390008 secs] 4252231K->4247280K(5208832K), 0.0391979 secs] [Times: user=0.13 sys=0.00, real=0.04 secs] 
2016-06-27T18:57:21.701+0300: 1238.037: Total time for which application threads were stopped: 0.0405703 seconds, Stopping threads took: 0.0010067 seconds
2016-06-27T18:57:22.038+0300: 1238.374: [GC (Allocation Failure) 2016-06-27T18:57:22.038+0300: 1238.375: [ParNew
Desired survivor size 17432576 bytes, new threshold 1 (max 6)
- age   1:   34854168 bytes,   34854168 total
: 306420K->34047K(306688K), 0.0386685 secs] 4519652K->4514332K(5208832K), 0.0388336 secs] [Times: user=0.13 sys=0.00, real=0.04 secs] 
2016-06-27T18:57:22.077+0300: 1238.413: Total time for which application threads were stopped: 0.0400229 seconds, Stopping threads took: 0.0007527 seconds
2016-06-27T18:57:22.240+0300: 1238.576: Total time for which application threads were stopped: 0.0011812 seconds, Stopping threads took: 0.0003528 seconds
2016-06-27T18:57:22.426+0300: 1238.762: [GC (Allocation Failure) 2016-06-27T18:57:22.426+0300: 1238.762: [ParNew
Desired survivor size 17432576 bytes, new threshold 1 (max 6)
- age   1:   34849288 bytes,   34849288 total
: 306155K->34046K(306688K), 0.0381297 secs] 4786440K->4782375K(5208832K), 0.0382721 secs] [Times: user=0.19 sys=0.00, real=0.04 secs] 
2016-06-27T18:57:22.464+0300: 1238.800: Total time for which application threads were stopped: 0.0390508 seconds, Stopping threads took: 0.0004747 seconds
2016-06-27T18:57:22.799+0300: 1239.135: [GC (Allocation Failure) 2016-06-27T18:57:22.805+0300: 1239.142: [ParNew: 306218K->306218K(306688K), 0.0000346 secs]2016-06-27T18:57:22.805+0300: 1239.142: [CMS: 4748328K->3804158K(4902144K), 0.5802791 secs] 5054547K->3804158K(5208832K), [Metaspace: 9062K->9062K(1058816K)], 0.5865882 secs] [Times: user=0.58 sys=0.00, real=0.59 secs] 
2016-06-27T18:57:23.385+0300: 1239.722: Total time for which application threads were stopped: 0.5874940 seconds, Stopping threads took: 0.0004790 seconds
2016-06-27T18:57:23.708+0300: 1240.044: Total time for which application threads were stopped: 0.0012902 seconds, Stopping threads took: 0.0006312 seconds
2016-06-27T18:57:23.777+0300: 1240.113: [GC (Allocation Failure) 2016-06-27T18:57:23.777+0300: 1240.114: [ParNew
Desired survivor size 17432576 bytes, new threshold 1 (max 6)
- age   1:   34852984 bytes,   34852984 total
: 272640K->34048K(306688K), 0.0370229 secs] 4076798K->4070246K(5208832K), 0.0371816 secs] [Times: user=0.13 sys=0.00, real=0.04 secs] 
2016-06-27T18:57:23.814+0300: 1240.151: Total time for which application threads were stopped: 0.0376421 seconds, Stopping threads took: 0.0000907 seconds
2016-06-27T18:57:24.119+0300: 1240.456: [GC (Allocation Failure) 2016-06-27T18:57:24.119+0300: 1240.456: [ParNew
Desired survivor size 17432576 bytes, new threshold 1 (max 6)
- age   1:   34849016 bytes,   34849016 total
: 306671K->34044K(306688K), 0.0380369 secs] 4342870K->4338281K(5208832K), 0.0381532 secs] [Times: user=0.13 sys=0.00, real=0.04 secs] 
2016-06-27T18:57:24.157+0300: 1240.494: Total time for which application threads were stopped: 0.0389593 seconds, Stopping threads took: 0.0005500 seconds
2016-06-27T18:57:24.485+0300: 1240.821: [GC (Allocation Failure) 2016-06-27T18:57:24.491+0300: 1240.827: [ParNew
Desired survivor size 17432576 bytes, new threshold 1 (max 6)
- age   1:   34854672 bytes,   34854672 total
: 306164K->34048K(306688K), 0.0385552 secs] 4610401K->4605322K(5208832K), 0.0446197 secs] [Times: user=0.13 sys=0.02, real=0.04 secs] 
2016-06-27T18:57:24.529+0300: 1240.866: Total time for which application threads were stopped: 0.0458698 seconds, Stopping threads took: 0.0008502 seconds
2016-06-27T18:57:24.856+0300: 1241.192: [GC (Allocation Failure) 2016-06-27T18:57:24.856+0300: 1241.192: [ParNew
Desired survivor size 17432576 bytes, new threshold 1 (max 6)
- age   1:   34859968 bytes,   34859968 total
: 305884K->34048K(306688K), 0.0391355 secs] 4877159K->4871367K(5208832K), 0.0393126 secs] [Times: user=0.13 sys=0.02, real=0.04 secs] 
2016-06-27T18:57:24.896+0300: 1241.232: Total time for which application threads were stopped: 0.0416001 seconds, Stopping threads took: 0.0018214 seconds
2016-06-27T18:57:25.232+0300: 1241.568: [GC (Allocation Failure) 2016-06-27T18:57:25.232+0300: 1241.568: [ParNew: 306349K->306349K(306688K), 0.0000308 secs]2016-06-27T18:57:25.232+0300: 1241.568: [CMS: 4837319K->3773155K(4902144K), 0.5940222 secs] 5143669K->3773155K(5208832K), [Metaspace: 9062K->9062K(1058816K)], 0.5942048 secs] [Times: user=0.58 sys=0.02, real=0.59 secs] 
2016-06-27T18:57:25.826+0300: 1242.162: Total time for which application threads were stopped: 0.6047926 seconds, Stopping threads took: 0.0101179 seconds
2016-06-27T18:57:26.103+0300: 1242.440: Total time for which application threads were stopped: 0.0022875 seconds, Stopping threads took: 0.0019163 seconds
2016-06-27T18:57:26.215+0300: 1242.552: [GC (Allocation Failure) 2016-06-27T18:57:26.215+0300: 1242.552: [ParNew
Desired survivor size 17432576 bytes, new threshold 1 (max 6)
- age   1:   34863008 bytes,   34863008 total
: 272640K->34048K(306688K), 0.0354235 secs] 4045795K->4040231K(5208832K), 0.0355851 secs] [Times: user=0.13 sys=0.00, real=0.04 secs] 
2016-06-27T18:57:26.251+0300: 1242.587: Total time for which application threads were stopped: 0.0378970 seconds, Stopping threads took: 0.0019659 seconds
2016-06-27T18:57:26.262+0300: 1242.598: Total time for which application threads were stopped: 0.0007843 seconds, Stopping threads took: 0.0000770 seconds
2016-06-27T18:57:26.573+0300: 1242.909: [GC (Allocation Failure) 2016-06-27T18:57:26.573+0300: 1242.909: [ParNew
Desired survivor size 17432576 bytes, new threshold 1 (max 6)
- age   1:   34850544 bytes,   34850544 total
: 306561K->34044K(306688K), 0.0382725 secs] 4312744K->4307277K(5208832K), 0.0384350 secs] [Times: user=0.13 sys=0.00, real=0.04 secs] 
2016-06-27T18:57:26.611+0300: 1242.948: Total time for which application threads were stopped: 0.0447630 seconds, Stopping threads took: 0.0059388 seconds
2016-06-27T18:57:26.936+0300: 1243.273: [GC (Allocation Failure) 2016-06-27T18:57:26.936+0300: 1243.273: [ParNew
Desired survivor size 17432576 bytes, new threshold 1 (max 6)
- age   1:   34841688 bytes,   34841688 total
: 306058K->34036K(306688K), 0.0390123 secs] 4579290K->4574305K(5208832K), 0.0391766 secs] [Times: user=0.19 sys=0.00, real=0.04 secs] 
2016-06-27T18:57:26.976+0300: 1243.312: Total time for which application threads were stopped: 0.0421393 seconds, Stopping threads took: 0.0025595 seconds
2016-06-27T18:57:27.252+0300: 1243.589: Total time for which application threads were stopped: 0.0033772 seconds, Stopping threads took: 0.0024984 seconds
2016-06-27T18:57:27.353+0300: 1243.690: [GC (Allocation Failure) 2016-06-27T18:57:27.353+0300: 1243.690: [ParNew
Desired survivor size 17432576 bytes, new threshold 1 (max 6)
- age   1:   34856904 bytes,   34856904 total
: 306676K->34048K(306688K), 0.0391629 secs] 4846945K->4840348K(5208832K), 0.0393284 secs] [Times: user=0.13 sys=0.00, real=0.04 secs] 
2016-06-27T18:57:27.393+0300: 1243.729: Total time for which application threads were stopped: 0.0403441 seconds, Stopping threads took: 0.0006680 seconds
2016-06-27T18:57:27.706+0300: 1244.042: [GC (Allocation Failure) 2016-06-27T18:57:27.706+0300: 1244.042: [ParNew: 305772K->305772K(306688K), 0.0000488 secs]2016-06-27T18:57:27.706+0300: 1244.042: [CMS: 4806300K->3727171K(4902144K), 0.6691097 secs] 5112072K->3727171K(5208832K), [Metaspace: 9062K->9062K(1058816K)], 0.6693086 secs] [Times: user=0.67 sys=0.00, real=0.67 secs] 
2016-06-27T18:57:28.375+0300: 1244.711: Total time for which application threads were stopped: 0.6733905 seconds, Stopping threads took: 0.0037197 seconds
2016-06-27T18:57:28.377+0300: 1244.713: Total time for which application threads were stopped: 0.0006355 seconds, Stopping threads took: 0.0000714 seconds
2016-06-27T18:57:28.719+0300: 1245.056: [GC (Allocation Failure) 2016-06-27T18:57:28.720+0300: 1245.056: [ParNew
Desired survivor size 17432576 bytes, new threshold 1 (max 6)
- age   1:   34850512 bytes,   34850512 total
: 272065K->34036K(306688K), 0.0354012 secs] 3999237K->3993220K(5208832K), 0.0355505 secs] [Times: user=0.17 sys=0.00, real=0.04 secs] 
2016-06-27T18:57:28.755+0300: 1245.091: Total time for which application threads were stopped: 0.0365816 seconds, Stopping threads took: 0.0006445 seconds
2016-06-27T18:57:29.073+0300: 1245.409: [GC (Allocation Failure) 2016-06-27T18:57:29.073+0300: 1245.409: [ParNew
Desired survivor size 17432576 bytes, new threshold 1 (max 6)
- age   1:   34842496 bytes,   34842496 total
: 306301K->34034K(306688K), 0.0397885 secs] 4265485K->4260255K(5208832K), 0.0399271 secs] [Times: user=0.13 sys=0.00, real=0.04 secs] 
2016-06-27T18:57:29.113+0300: 1245.449: Total time for which application threads were stopped: 0.0408679 seconds, Stopping threads took: 0.0006214 seconds
2016-06-27T18:57:29.304+0300: 1245.640: Total time for which application threads were stopped: 0.0014630 seconds, Stopping threads took: 0.0006021 seconds
2016-06-27T18:57:29.470+0300: 1245.806: [GC (Allocation Failure) 2016-06-27T18:57:29.470+0300: 1245.806: [ParNew
Desired survivor size 17432576 bytes, new threshold 1 (max 6)
- age   1:   34858520 bytes,   34858520 total
: 306674K->34048K(306688K), 0.0381215 secs] 4532895K->4527298K(5208832K), 0.0382605 secs] [Times: user=0.19 sys=0.00, real=0.04 secs] 
2016-06-27T18:57:29.508+0300: 1245.844: Total time for which application threads were stopped: 0.0390329 seconds, Stopping threads took: 0.0004306 seconds
2016-06-27T18:57:29.822+0300: 1246.158: [GC (Allocation Failure) 2016-06-27T18:57:29.822+0300: 1246.158: [ParNew
Desired survivor size 17432576 bytes, new threshold 1 (max 6)
- age   1:   34848720 bytes,   34848720 total
: 305875K->34038K(306688K), 0.0380082 secs] 4799125K->4793330K(5208832K), 0.0382336 secs] [Times: user=0.13 sys=0.00, real=0.04 secs] 
2016-06-27T18:57:29.860+0300: 1246.196: Total time for which application threads were stopped: 0.0395384 seconds, Stopping threads took: 0.0009973 seconds
2016-06-27T18:57:30.012+0300: 1246.349: [GC (CMS Initial Mark) [1 CMS-initial-mark: 4759292K(4902144K)] 4922653K(5208832K), 0.0004294 secs] [Times: user=0.00 sys=0.00, real=0.00 secs] 
2016-06-27T18:57:30.013+0300: 1246.349: Total time for which application threads were stopped: 0.0025835 seconds, Stopping threads took: 0.0018941 seconds
2016-06-27T18:57:30.013+0300: 1246.349: [CMS-concurrent-mark-start]
2016-06-27T18:57:30.063+0300: 1246.399: [CMS-concurrent-mark: 0.050/0.050 secs] [Times: user=0.19 sys=0.00, real=0.05 secs] 
2016-06-27T18:57:30.063+0300: 1246.399: [CMS-concurrent-preclean-start]
2016-06-27T18:57:30.073+0300: 1246.409: [CMS-concurrent-preclean: 0.010/0.010 secs] [Times: user=0.06 sys=0.00, real=0.01 secs] 
2016-06-27T18:57:30.073+0300: 1246.409: [CMS-concurrent-abortable-preclean-start]
2016-06-27T18:57:30.073+0300: 1246.409: [CMS-concurrent-abortable-preclean: 0.000/0.000 secs] [Times: user=0.00 sys=0.00, real=0.00 secs] 
2016-06-27T18:57:30.088+0300: 1246.424: [GC (CMS Final Remark) [YG occupancy: 212342 K (306688 K)]2016-06-27T18:57:30.088+0300: 1246.424: [Rescan (parallel) , 0.0041145 secs]2016-06-27T18:57:30.092+0300: 1246.428: [weak refs processing, 0.0000231 secs]2016-06-27T18:57:30.092+0300: 1246.428: [class unloading, 0.0021177 secs]2016-06-27T18:57:30.094+0300: 1246.430: [scrub symbol table, 0.0010974 secs]2016-06-27T18:57:30.095+0300: 1246.432: [scrub string table, 0.0001835 secs][1 CMS-remark: 4759292K(4902144K)] 4971634K(5208832K), 0.0078038 secs] [Times: user=0.00 sys=0.00, real=0.01 secs] 
2016-06-27T18:57:30.096+0300: 1246.432: Total time for which application threads were stopped: 0.0086078 seconds, Stopping threads took: 0.0005397 seconds
2016-06-27T18:57:30.229+0300: 1246.565: [CMS-concurrent-sweep-start]
2016-06-27T18:57:30.231+0300: 1246.567: [GC (Allocation Failure) 2016-06-27T18:57:30.231+0300: 1246.567: [ParNew: 306678K->306678K(306688K), 0.0000351 secs]2016-06-27T18:57:30.231+0300: 1246.567: [CMS2016-06-27T18:57:30.238+0300: 1246.574: [CMS-concurrent-sweep: 0.007/0.009 secs] [Times: user=0.00 sys=0.00, real=0.01 secs] 
 (concurrent mode failure): 4759288K->3800177K(4902144K), 0.5900869 secs] 5065966K->3800177K(5208832K), [Metaspace: 9062K->9062K(1058816K)], 0.5904068 secs] [Times: user=0.59 sys=0.00, real=0.59 secs] 
2016-06-27T18:57:30.821+0300: 1247.158: Total time for which application threads were stopped: 0.5911432 seconds, Stopping threads took: 0.0003665 seconds
2016-06-27T18:57:31.136+0300: 1247.472: [GC (Allocation Failure) 2016-06-27T18:57:31.136+0300: 1247.472: [ParNew
Desired survivor size 17432576 bytes, new threshold 1 (max 6)
- age   1:   34842336 bytes,   34842336 total
: 271782K->34041K(306688K), 0.0352913 secs] 4071959K->4067230K(5208832K), 0.0354474 secs] [Times: user=0.13 sys=0.00, real=0.04 secs] 
2016-06-27T18:57:31.172+0300: 1247.508: Total time for which application threads were stopped: 0.0366256 seconds, Stopping threads took: 0.0007262 seconds
2016-06-27T18:57:31.493+0300: 1247.829: [GC (Allocation Failure) 2016-06-27T18:57:31.493+0300: 1247.829: [ParNew
Desired survivor size 17432576 bytes, new threshold 1 (max 6)
- age   1:   34850744 bytes,   34850744 total
: 306400K->34048K(306688K), 0.0381083 secs] 4339589K->4334267K(5208832K), 0.0382588 secs] [Times: user=0.13 sys=0.00, real=0.04 secs] 
2016-06-27T18:57:31.531+0300: 1247.867: Total time for which application threads were stopped: 0.0394592 seconds, Stopping threads took: 0.0008574 seconds
2016-06-27T18:57:31.874+0300: 1248.210: [GC (Allocation Failure) 2016-06-27T18:57:31.874+0300: 1248.210: [ParNew
Desired survivor size 17432576 bytes, new threshold 1 (max 6)
- age   1:   34850600 bytes,   34850600 total
: 306469K->34048K(306688K), 0.0386022 secs] 4606688K->4601304K(5208832K), 0.0388096 secs] [Times: user=0.17 sys=0.00, real=0.04 secs] 
2016-06-27T18:57:31.913+0300: 1248.249: Total time for which application threads were stopped: 0.0401662 seconds, Stopping threads took: 0.0008891 seconds
2016-06-27T18:57:32.196+0300: 1248.532: Total time for which application threads were stopped: 0.0017542 seconds, Stopping threads took: 0.0010028 seconds
2016-06-27T18:57:32.263+0300: 1248.599: [GC (Allocation Failure) 2016-06-27T18:57:32.263+0300: 1248.599: [ParNew
Desired survivor size 17432576 bytes, new threshold 1 (max 6)
- age   1:   34005936 bytes,   34005936 total
: 306688K->33222K(306688K), 0.0376413 secs] 4873944K->4867516K(5208832K), 0.0377901 secs] [Times: user=0.13 sys=0.00, real=0.04 secs] 
2016-06-27T18:57:32.301+0300: 1248.637: Total time for which application threads were stopped: 0.0383653 seconds, Stopping threads took: 0.0001403 seconds
2016-06-27T18:57:32.635+0300: 1248.972: [GC (Allocation Failure) 2016-06-27T18:57:32.636+0300: 1248.972: [ParNew: 305450K->305450K(306688K), 0.0000244 secs]2016-06-27T18:57:32.636+0300: 1248.972: [CMS: 4834294K->3799178K(4902144K), 0.5770242 secs] 5139744K->3799178K(5208832K), [Metaspace: 9062K->9062K(1058816K)], 0.5771923 secs] [Times: user=0.58 sys=0.00, real=0.58 secs] 
2016-06-27T18:57:33.212+0300: 1249.549: Total time for which application threads were stopped: 0.5786642 seconds, Stopping threads took: 0.0010105 seconds
2016-06-27T18:57:33.530+0300: 1249.866: [GC (Allocation Failure) 2016-06-27T18:57:33.530+0300: 1249.867: [ParNew
Desired survivor size 17432576 bytes, new threshold 1 (max 6)
- age   1:   33818720 bytes,   33818720 total
: 272144K->33165K(306688K), 0.0350202 secs] 4071323K->4066355K(5208832K), 0.0351622 secs] [Times: user=0.13 sys=0.00, real=0.04 secs] 
2016-06-27T18:57:33.565+0300: 1249.902: Total time for which application threads were stopped: 0.0364503 seconds, Stopping threads took: 0.0008570 seconds
2016-06-27T18:57:33.695+0300: 1250.031: Total time for which application threads were stopped: 0.0017594 seconds, Stopping threads took: 0.0005850 seconds
2016-06-27T18:57:33.926+0300: 1250.263: [GC (Allocation Failure) 2016-06-27T18:57:33.926+0300: 1250.263: [ParNew
Desired survivor size 17432576 bytes, new threshold 1 (max 6)
- age   1:   34847792 bytes,   34847792 total
: 305805K->34046K(306688K), 0.0388781 secs] 4338995K->4332266K(5208832K), 0.0390714 secs] [Times: user=0.13 sys=0.00, real=0.04 secs] 
2016-06-27T18:57:33.965+0300: 1250.302: Total time for which application threads were stopped: 0.0400263 seconds, Stopping threads took: 0.0004713 seconds
2016-06-27T18:57:34.253+0300: 1250.590: Total time for which application threads were stopped: 0.0018406 seconds, Stopping threads took: 0.0007313 seconds
2016-06-27T18:57:34.355+0300: 1250.692: [GC (Allocation Failure) 2016-06-27T18:57:34.355+0300: 1250.692: [ParNew
Desired survivor size 17432576 bytes, new threshold 1 (max 6)
- age   1:   34854712 bytes,   34854712 total
: 306686K->34048K(306688K), 0.0384679 secs] 4604906K->4598305K(5208832K), 0.0386813 secs] [Times: user=0.13 sys=0.00, real=0.04 secs] 
2016-06-27T18:57:34.394+0300: 1250.730: Total time for which application threads were stopped: 0.0392275 seconds, Stopping threads took: 0.0001535 seconds
2016-06-27T18:57:34.729+0300: 1251.065: [GC (Allocation Failure) 2016-06-27T18:57:34.729+0300: 1251.065: [ParNew
Desired survivor size 17432576 bytes, new threshold 1 (max 6)
- age   1:   34853224 bytes,   34853224 total
: 306375K->34046K(306688K), 0.0390205 secs] 4870633K->4865344K(5208832K), 0.0391864 secs] [Times: user=0.13 sys=0.00, real=0.04 secs] 
2016-06-27T18:57:34.768+0300: 1251.104: Total time for which application threads were stopped: 0.0405301 seconds, Stopping threads took: 0.0009725 seconds
2016-06-27T18:57:35.091+0300: 1251.427: [GC (Allocation Failure) 2016-06-27T18:57:35.097+0300: 1251.433: [ParNew: 306370K->306370K(306688K), 0.0000543 secs]2016-06-27T18:57:35.097+0300: 1251.433: [CMS: 4831298K->3827178K(4902144K), 0.6740170 secs] 5137669K->3827178K(5208832K), [Metaspace: 9062K->9062K(1058816K)], 0.6800551 secs] [Times: user=0.69 sys=0.00, real=0.68 secs] 
2016-06-27T18:57:35.771+0300: 1252.107: Total time for which application threads were stopped: 0.6826202 seconds, Stopping threads took: 0.0021464 seconds
2016-06-27T18:57:36.083+0300: 1252.420: Total time for which application threads were stopped: 0.0040294 seconds, Stopping threads took: 0.0030291 seconds
2016-06-27T18:57:36.161+0300: 1252.497: [GC (Allocation Failure) 2016-06-27T18:57:36.161+0300: 1252.497: [ParNew
Desired survivor size 17432576 bytes, new threshold 1 (max 6)
- age   1:   34852632 bytes,   34852632 total
: 272640K->34048K(306688K), 0.0352374 secs] 4099818K->4093240K(5208832K), 0.0354222 secs] [Times: user=0.19 sys=0.00, real=0.04 secs] 
2016-06-27T18:57:36.196+0300: 1252.532: Total time for which application threads were stopped: 0.0358986 seconds, Stopping threads took: 0.0000966 seconds
2016-06-27T18:57:36.253+0300: 1252.589: Total time for which application threads were stopped: 0.0012624 seconds, Stopping threads took: 0.0005632 seconds
2016-06-27T18:57:36.521+0300: 1252.857: [GC (Allocation Failure) 2016-06-27T18:57:36.527+0300: 1252.863: [ParNew
Desired survivor size 17432576 bytes, new threshold 1 (max 6)
- age   1:   34838760 bytes,   34838760 total
: 306515K->34036K(306688K), 0.0379997 secs] 4365708K->4340266K(5208832K), 0.0440326 secs] [Times: user=0.13 sys=0.00, real=0.04 secs] 
2016-06-27T18:57:36.565+0300: 1252.901: Total time for which application threads were stopped: 0.0449833 seconds, Stopping threads took: 0.0006038 seconds
2016-06-27T18:57:36.901+0300: 1253.237: [GC (Allocation Failure) 2016-06-27T18:57:36.901+0300: 1253.237: [ParNew
Desired survivor size 17432576 bytes, new threshold 1 (max 6)
- age   1:   34850456 bytes,   34850456 total
: 306575K->34048K(306688K), 0.0387553 secs] 4612805K->4607303K(5208832K), 0.0389473 secs] [Times: user=0.13 sys=0.00, real=0.04 secs] 
2016-06-27T18:57:36.940+0300: 1253.276: Total time for which application threads were stopped: 0.0401131 seconds, Stopping threads took: 0.0007890 seconds
2016-06-27T18:57:37.254+0300: 1253.590: Total time for which application threads were stopped: 0.0020078 seconds, Stopping threads took: 0.0011880 seconds
2016-06-27T18:57:37.262+0300: 1253.599: Total time for which application threads were stopped: 0.0002857 seconds, Stopping threads took: 0.0000800 seconds
2016-06-27T18:57:37.306+0300: 1253.643: [GC (Allocation Failure) 2016-06-27T18:57:37.306+0300: 1253.643: [ParNew
Desired survivor size 17432576 bytes, new threshold 1 (max 6)
- age   1:   34850696 bytes,   34850696 total
: 306688K->34047K(306688K), 0.0383525 secs] 4879943K->4873346K(5208832K), 0.0384885 secs] [Times: user=0.13 sys=0.00, real=0.04 secs] 
2016-06-27T18:57:37.346+0300: 1253.682: Total time for which application threads were stopped: 0.0388096 seconds, Stopping threads took: 0.0000834 seconds
2016-06-27T18:57:37.472+0300: 1253.809: [GC (CMS Initial Mark) [1 CMS-initial-mark: 4839298K(4902144K)] 4988322K(5208832K), 0.0003862 secs] [Times: user=0.00 sys=0.00, real=0.00 secs] 
2016-06-27T18:57:37.473+0300: 1253.809: Total time for which application threads were stopped: 0.0009075 seconds, Stopping threads took: 0.0003169 seconds
2016-06-27T18:57:37.473+0300: 1253.809: [CMS-concurrent-mark-start]
2016-06-27T18:57:37.523+0300: 1253.860: [CMS-concurrent-mark: 0.050/0.050 secs] [Times: user=0.23 sys=0.00, real=0.05 secs] 
2016-06-27T18:57:37.523+0300: 1253.860: [CMS-concurrent-preclean-start]
2016-06-27T18:57:37.533+0300: 1253.870: [CMS-concurrent-preclean: 0.010/0.010 secs] [Times: user=0.00 sys=0.00, real=0.01 secs] 
2016-06-27T18:57:37.533+0300: 1253.870: [CMS-concurrent-abortable-preclean-start]
2016-06-27T18:57:37.533+0300: 1253.870: [CMS-concurrent-abortable-preclean: 0.000/0.000 secs] [Times: user=0.00 sys=0.00, real=0.00 secs] 
2016-06-27T18:57:37.544+0300: 1253.880: [GC (CMS Final Remark) [YG occupancy: 192581 K (306688 K)]2016-06-27T18:57:37.544+0300: 1253.880: [Rescan (parallel) , 0.0041098 secs]2016-06-27T18:57:37.548+0300: 1253.884: [weak refs processing, 0.0000257 secs]2016-06-27T18:57:37.548+0300: 1253.884: [class unloading, 0.0020416 secs]2016-06-27T18:57:37.550+0300: 1253.886: [scrub symbol table, 0.0007279 secs]2016-06-27T18:57:37.551+0300: 1253.887: [scrub string table, 0.0001818 secs][1 CMS-remark: 4839298K(4902144K)] 5031880K(5208832K), 0.0073672 secs] [Times: user=0.00 sys=0.00, real=0.01 secs] 
2016-06-27T18:57:37.551+0300: 1253.888: Total time for which application threads were stopped: 0.0080313 seconds, Stopping threads took: 0.0002972 seconds
2016-06-27T18:57:37.551+0300: 1253.888: [CMS-concurrent-sweep-start]
2016-06-27T18:57:37.560+0300: 1253.897: [CMS-concurrent-sweep: 0.009/0.009 secs] [Times: user=0.00 sys=0.00, real=0.01 secs] 
2016-06-27T18:57:37.560+0300: 1253.897: [CMS-concurrent-reset-start]
2016-06-27T18:57:37.566+0300: 1253.903: [CMS-concurrent-reset: 0.006/0.006 secs] [Times: user=0.00 sys=0.00, real=0.01 secs] 
2016-06-27T18:57:37.694+0300: 1254.030: [GC (Allocation Failure) 2016-06-27T18:57:37.694+0300: 1254.030: [ParNew
Desired survivor size 17432576 bytes, new threshold 1 (max 6)
- age   1:   34850384 bytes,   34850384 total
: 305721K->34048K(306688K), 0.0376314 secs] 4144883K->4139247K(5208832K), 0.0377726 secs] [Times: user=0.13 sys=0.00, real=0.04 secs] 
2016-06-27T18:57:37.732+0300: 1254.068: Total time for which application threads were stopped: 0.0385997 seconds, Stopping threads took: 0.0004738 seconds
2016-06-27T18:57:38.049+0300: 1254.385: [GC (Allocation Failure) 2016-06-27T18:57:38.055+0300: 1254.391: [ParNew
Desired survivor size 17432576 bytes, new threshold 1 (max 6)
- age   1:   34842984 bytes,   34842984 total
: 306230K->34041K(306688K), 0.0374056 secs] 4411429K->4400276K(5208832K), 0.0434672 secs] [Times: user=0.13 sys=0.00, real=0.04 secs] 
2016-06-27T18:57:38.093+0300: 1254.429: Total time for which application threads were stopped: 0.0448053 seconds, Stopping threads took: 0.0010430 seconds
2016-06-27T18:57:38.253+0300: 1254.590: Total time for which application threads were stopped: 0.0007989 seconds, Stopping threads took: 0.0002395 seconds
2016-06-27T18:57:38.457+0300: 1254.794: [GC (Allocation Failure) 2016-06-27T18:57:38.457+0300: 1254.794: [ParNew
Desired survivor size 17432576 bytes, new threshold 1 (max 6)
- age   1:   34854720 bytes,   34854720 total
: 306681K->34048K(306688K), 0.0381280 secs] 4672916K->4666313K(5208832K), 0.0382832 secs] [Times: user=0.17 sys=0.00, real=0.04 secs] 
2016-06-27T18:57:38.495+0300: 1254.832: Total time for which application threads were stopped: 0.0390782 seconds, Stopping threads took: 0.0004298 seconds
2016-06-27T18:57:38.834+0300: 1255.170: [GC (Allocation Failure) 2016-06-27T18:57:38.834+0300: 1255.170: [ParNew: 306648K->306648K(306688K), 0.0000376 secs]2016-06-27T18:57:38.834+0300: 1255.170: [CMS: 4632265K->3876186K(4902144K), 0.5890746 secs] 4938914K->3876186K(5208832K), [Metaspace: 9062K->9062K(1058816K)], 0.5892572 secs] [Times: user=0.58 sys=0.00, real=0.59 secs] 
2016-06-27T18:57:39.423+0300: 1255.759: Total time for which application threads were stopped: 0.5904872 seconds, Stopping threads took: 0.0008562 seconds
2016-06-27T18:57:39.425+0300: 1255.761: Total time for which application threads were stopped: 0.0005808 seconds, Stopping threads took: 0.0000731 seconds
2016-06-27T18:57:39.774+0300: 1256.111: [GC (Allocation Failure) 2016-06-27T18:57:39.774+0300: 1256.111: [ParNew
Desired survivor size 17432576 bytes, new threshold 1 (max 6)
- age   1:   34855256 bytes,   34855256 total
: 272607K->34048K(306688K), 0.0355492 secs] 4148793K->4142262K(5208832K), 0.0357074 secs] [Times: user=0.13 sys=0.00, real=0.04 secs] 
2016-06-27T18:57:39.810+0300: 1256.147: Total time for which application threads were stopped: 0.0365875 seconds, Stopping threads took: 0.0005234 seconds
2016-06-27T18:57:40.124+0300: 1256.460: [GC (Allocation Failure) 2016-06-27T18:57:40.124+0300: 1256.460: [ParNew
Desired survivor size 17432576 bytes, new threshold 1 (max 6)
- age   1:   34860712 bytes,   34860712 total
: 306455K->34046K(306688K), 0.0404257 secs] 4414669K->4409308K(5208832K), 0.0405451 secs] [Times: user=0.19 sys=0.00, real=0.04 secs] 
2016-06-27T18:57:40.165+0300: 1256.501: Total time for which application threads were stopped: 0.0413435 seconds, Stopping threads took: 0.0005068 seconds
2016-06-27T18:57:40.374+0300: 1256.710: Total time for which application threads were stopped: 0.0010306 seconds, Stopping threads took: 0.0004174 seconds
2016-06-27T18:57:40.523+0300: 1256.860: [GC (Allocation Failure) 2016-06-27T18:57:40.523+0300: 1256.860: [ParNew
Desired survivor size 17432576 bytes, new threshold 1 (max 6)
- age   1:   34854072 bytes,   34854072 total
: 306686K->34048K(306688K), 0.0380557 secs] 4681948K->4675365K(5208832K), 0.0382002 secs] [Times: user=0.13 sys=0.00, real=0.04 secs] 
2016-06-27T18:57:40.561+0300: 1256.898: Total time for which application threads were stopped: 0.0388152 seconds, Stopping threads took: 0.0003383 seconds
2016-06-27T18:57:40.893+0300: 1257.229: [GC (Allocation Failure) 2016-06-27T18:57:40.893+0300: 1257.229: [ParNew: 306680K->306680K(306688K), 0.0000325 secs]2016-06-27T18:57:40.893+0300: 1257.229: [CMS: 4641317K->3907190K(4902144K), 0.6411625 secs] 4947998K->3907190K(5208832K), [Metaspace: 9062K->9062K(1058816K)], 0.6413532 secs] [Times: user=0.64 sys=0.00, real=0.64 secs] 
2016-06-27T18:57:41.534+0300: 1257.870: Total time for which application threads were stopped: 0.6428744 seconds, Stopping threads took: 0.0011337 seconds
2016-06-27T18:57:41.536+0300: 1257.872: Total time for which application threads were stopped: 0.0006847 seconds, Stopping threads took: 0.0001330 seconds
2016-06-27T18:57:41.888+0300: 1258.224: [GC (Allocation Failure) 2016-06-27T18:57:41.888+0300: 1258.224: [ParNew
Desired survivor size 17432576 bytes, new threshold 1 (max 6)
- age   1:   34862792 bytes,   34862792 total
: 272193K->34047K(306688K), 0.0353084 secs] 4179384K->4173309K(5208832K), 0.0354662 secs] [Times: user=0.13 sys=0.00, real=0.04 secs] 
2016-06-27T18:57:41.923+0300: 1258.260: Total time for which application threads were stopped: 0.0383520 seconds, Stopping threads took: 0.0024718 seconds
2016-06-27T18:57:42.241+0300: 1258.577: [GC (Allocation Failure) 2016-06-27T18:57:42.241+0300: 1258.577: [ParNew
Desired survivor size 17432576 bytes, new threshold 1 (max 6)
- age   1:   34860256 bytes,   34860256 total
: 305987K->34048K(306688K), 0.0393087 secs] 4445249K->4440363K(5208832K), 0.0394849 secs] [Times: user=0.13 sys=0.00, real=0.04 secs] 
2016-06-27T18:57:42.280+0300: 1258.616: Total time for which application threads were stopped: 0.0432534 seconds, Stopping threads took: 0.0033233 seconds
2016-06-27T18:57:42.601+0300: 1258.937: [GC (Allocation Failure) 2016-06-27T18:57:42.601+0300: 1258.937: [ParNew
Desired survivor size 17432576 bytes, new threshold 1 (max 6)
- age   1:   34855648 bytes,   34855648 total
: 306318K->34048K(306688K), 0.0391098 secs] 4712634K->4707411K(5208832K), 0.0392706 secs] [Times: user=0.13 sys=0.00, real=0.04 secs] 
2016-06-27T18:57:42.640+0300: 1258.977: Total time for which application threads were stopped: 0.0426739 seconds, Stopping threads took: 0.0029598 seconds
2016-06-27T18:57:42.981+0300: 1259.317: [GC (Allocation Failure) 2016-06-27T18:57:42.981+0300: 1259.317: [ParNew: 305725K->305725K(306688K), 0.0000376 secs]2016-06-27T18:57:42.981+0300: 1259.317: [CMS: 4673363K->3969238K(4902144K), 0.6601337 secs] 4979088K->3969238K(5208832K), [Metaspace: 9062K->9062K(1058816K)], 0.6603210 secs] [Times: user=0.66 sys=0.00, real=0.66 secs] 
2016-06-27T18:57:43.641+0300: 1259.977: Total time for which application threads were stopped: 0.6649551 seconds, Stopping threads took: 0.0041863 seconds
2016-06-27T18:57:43.970+0300: 1260.306: [GC (Allocation Failure) 2016-06-27T18:57:43.976+0300: 1260.312: [ParNew
Desired survivor size 17432576 bytes, new threshold 1 (max 6)
- age   1:   34851208 bytes,   34851208 total
: 271834K->34048K(306688K), 0.0343039 secs] 4241072K->4234299K(5208832K), 0.0401837 secs] [Times: user=0.13 sys=0.00, real=0.04 secs] 
2016-06-27T18:57:44.011+0300: 1260.347: Total time for which application threads were stopped: 0.0412943 seconds, Stopping threads took: 0.0005867 seconds
2016-06-27T18:57:44.366+0300: 1260.703: [GC (Allocation Failure) 2016-06-27T18:57:44.366+0300: 1260.703: [ParNew
Desired survivor size 17432576 bytes, new threshold 1 (max 6)
- age   1:   34856960 bytes,   34856960 total
: 306688K->34048K(306688K), 0.0380587 secs] 4506939K->4499337K(5208832K), 0.0381964 secs] [Times: user=0.13 sys=0.00, real=0.04 secs] 
2016-06-27T18:57:44.404+0300: 1260.741: Total time for which application threads were stopped: 0.0392416 seconds, Stopping threads took: 0.0006158 seconds
2016-06-27T18:57:44.454+0300: 1260.791: [GC (CMS Initial Mark) [1 CMS-initial-mark: 4465289K(4902144K)] 4542694K(5208832K), 0.0004700 secs] [Times: user=0.00 sys=0.00, real=0.00 secs] 
2016-06-27T18:57:44.455+0300: 1260.792: Total time for which application threads were stopped: 0.0010033 seconds, Stopping threads took: 0.0001826 seconds
2016-06-27T18:57:44.455+0300: 1260.792: [CMS-concurrent-mark-start]
2016-06-27T18:57:44.506+0300: 1260.842: [CMS-concurrent-mark: 0.051/0.051 secs] [Times: user=0.25 sys=0.00, real=0.05 secs] 
2016-06-27T18:57:44.506+0300: 1260.842: [CMS-concurrent-preclean-start]
2016-06-27T18:57:44.516+0300: 1260.852: [CMS-concurrent-preclean: 0.010/0.010 secs] [Times: user=0.00 sys=0.00, real=0.01 secs] 
2016-06-27T18:57:44.516+0300: 1260.852: [CMS-concurrent-abortable-preclean-start]
2016-06-27T18:57:44.758+0300: 1261.094: [GC (Allocation Failure) 2016-06-27T18:57:44.758+0300: 1261.094: [ParNew
Desired survivor size 17432576 bytes, new threshold 1 (max 6)
- age   1:   34855240 bytes,   34855240 total
: 306623K->34048K(306688K), 0.0385663 secs] 4771912K->4764386K(5208832K), 0.0387292 secs] [Times: user=0.13 sys=0.00, real=0.04 secs] 
2016-06-27T18:57:44.796+0300: 1261.133: Total time for which application threads were stopped: 0.0395127 seconds, Stopping threads took: 0.0003721 seconds
2016-06-27T18:57:45.029+0300: 1261.365: [CMS-concurrent-abortable-preclean: 0.065/0.513 secs] [Times: user=2.05 sys=0.00, real=0.51 secs] 
2016-06-27T18:57:45.055+0300: 1261.391: [GC (CMS Final Remark) [YG occupancy: 242771 K (306688 K)]2016-06-27T18:57:45.055+0300: 1261.391: [Rescan (parallel) , 0.0042569 secs]2016-06-27T18:57:45.059+0300: 1261.396: [weak refs processing, 0.0000265 secs]2016-06-27T18:57:45.059+0300: 1261.396: [class unloading, 0.0018402 secs]2016-06-27T18:57:45.061+0300: 1261.398: [scrub symbol table, 0.0009447 secs]2016-06-27T18:57:45.062+0300: 1261.398: [scrub string table, 0.0001847 secs][1 CMS-remark: 4730338K(4902144K)] 4973109K(5208832K), 0.0075152 secs] [Times: user=0.00 sys=0.00, real=0.01 secs] 
2016-06-27T18:57:45.062+0300: 1261.399: Total time for which application threads were stopped: 0.0084124 seconds, Stopping threads took: 0.0004815 seconds
2016-06-27T18:57:45.073+0300: 1261.410: [CMS-concurrent-sweep-start]
2016-06-27T18:57:45.082+0300: 1261.419: [CMS-concurrent-sweep: 0.009/0.009 secs] [Times: user=0.00 sys=0.00, real=0.01 secs] 
2016-06-27T18:57:45.082+0300: 1261.419: [CMS-concurrent-reset-start]
2016-06-27T18:57:45.088+0300: 1261.425: [CMS-concurrent-reset: 0.006/0.006 secs] [Times: user=0.06 sys=0.00, real=0.01 secs] 
2016-06-27T18:57:45.145+0300: 1261.482: [GC (Allocation Failure) 2016-06-27T18:57:45.145+0300: 1261.482: [ParNew: 305997K->305997K(306688K), 0.0000261 secs]2016-06-27T18:57:45.145+0300: 1261.482: [CMS: 4715330K->4901354K(4902144K), 0.6692098 secs] 5021328K->5013408K(5208832K), [Metaspace: 9062K->9062K(1058816K)], 0.6693813 secs] [Times: user=0.66 sys=0.00, real=0.67 secs] 
2016-06-27T18:57:45.815+0300: 1262.151: Total time for which application threads were stopped: 0.6700976 seconds, Stopping threads took: 0.0002545 seconds
2016-06-27T18:57:45.954+0300: 1262.291: [GC (CMS Initial Mark) [1 CMS-initial-mark: 4901354K(4902144K)] 5133702K(5208832K), 0.0010101 secs] [Times: user=0.00 sys=0.00, real=0.00 secs] 
2016-06-27T18:57:45.955+0300: 1262.292: Total time for which application threads were stopped: 0.0018594 seconds, Stopping threads took: 0.0004734 seconds
2016-06-27T18:57:45.955+0300: 1262.292: [CMS-concurrent-mark-start]
2016-06-27T18:57:46.006+0300: 1262.343: [CMS-concurrent-mark: 0.051/0.051 secs] [Times: user=0.25 sys=0.00, real=0.05 secs] 
2016-06-27T18:57:46.006+0300: 1262.343: [CMS-concurrent-preclean-start]
2016-06-27T18:57:46.039+0300: 1262.375: [CMS-concurrent-preclean: 0.032/0.032 secs] [Times: user=0.13 sys=0.00, real=0.03 secs] 
2016-06-27T18:57:46.039+0300: 1262.375: [CMS-concurrent-abortable-preclean-start]
2016-06-27T18:57:46.039+0300: 1262.375: [CMS-concurrent-abortable-preclean: 0.000/0.000 secs] [Times: user=0.00 sys=0.00, real=0.00 secs] 
2016-06-27T18:57:46.053+0300: 1262.389: [GC (CMS Final Remark) [YG occupancy: 297640 K (306688 K)]2016-06-27T18:57:46.053+0300: 1262.389: [Rescan (parallel) , 0.0046405 secs]2016-06-27T18:57:46.057+0300: 1262.394: [weak refs processing, 0.0000231 secs]2016-06-27T18:57:46.057+0300: 1262.394: [class unloading, 0.0017983 secs]2016-06-27T18:57:46.059+0300: 1262.395: [scrub symbol table, 0.0011675 secs]2016-06-27T18:57:46.060+0300: 1262.397: [scrub string table, 0.0001989 secs][1 CMS-remark: 4901354K(4902144K)] 5198994K(5208832K), 0.0081117 secs] [Times: user=0.00 sys=0.00, real=0.01 secs] 
2016-06-27T18:57:46.061+0300: 1262.397: Total time for which application threads were stopped: 0.0088208 seconds, Stopping threads took: 0.0002527 seconds
2016-06-27T18:57:46.061+0300: 1262.397: [CMS-concurrent-sweep-start]
2016-06-27T18:57:46.070+0300: 1262.406: [CMS-concurrent-sweep: 0.009/0.009 secs] [Times: user=0.06 sys=0.00, real=0.01 secs] 
2016-06-27T18:57:46.070+0300: 1262.406: [CMS-concurrent-reset-start]
2016-06-27T18:57:46.076+0300: 1262.412: [CMS-concurrent-reset: 0.006/0.006 secs] [Times: user=0.00 sys=0.00, real=0.01 secs] 
2016-06-27T18:57:46.078+0300: 1262.415: [GC (Allocation Failure) 2016-06-27T18:57:46.078+0300: 1262.415: [ParNew (promotion failed): 306660K->306687K(306688K), 0.1006160 secs]2016-06-27T18:57:46.166+0300: 1262.515: [CMS: 4901727K->4753342K(4902144K), 0.6919315 secs] 4952980K->4753342K(5208832K), [Metaspace: 9062K->9062K(1058816K)], 0.7926762 secs] [Times: user=1.08 sys=0.00, real=0.79 secs] 
2016-06-27T18:57:46.871+0300: 1263.208: Total time for which application threads were stopped: 0.7932762 seconds, Stopping threads took: 0.0000800 seconds
2016-06-27T18:57:47.061+0300: 1263.397: [GC (CMS Initial Mark) [1 CMS-initial-mark: 4753342K(4902144K)] 4915255K(5208832K), 0.0007176 secs] [Times: user=0.00 sys=0.00, real=0.00 secs] 
2016-06-27T18:57:47.062+0300: 1263.398: Total time for which application threads were stopped: 0.0016670 seconds, Stopping threads took: 0.0004383 seconds
2016-06-27T18:57:47.062+0300: 1263.398: [CMS-concurrent-mark-start]
2016-06-27T18:57:47.113+0300: 1263.449: [CMS-concurrent-mark: 0.051/0.051 secs] [Times: user=0.19 sys=0.00, real=0.05 secs] 
2016-06-27T18:57:47.113+0300: 1263.449: [CMS-concurrent-preclean-start]
2016-06-27T18:57:47.123+0300: 1263.459: [CMS-concurrent-preclean: 0.010/0.010 secs] [Times: user=0.06 sys=0.00, real=0.01 secs] 
2016-06-27T18:57:47.123+0300: 1263.459: [CMS-concurrent-abortable-preclean-start]
2016-06-27T18:57:47.123+0300: 1263.459: [CMS-concurrent-abortable-preclean: 0.000/0.000 secs] [Times: user=0.00 sys=0.00, real=0.00 secs] 
2016-06-27T18:57:47.127+0300: 1263.464: [GC (CMS Final Remark) [YG occupancy: 201885 K (306688 K)]2016-06-27T18:57:47.127+0300: 1263.464: [Rescan (parallel) , 0.0042663 secs]2016-06-27T18:57:47.131+0300: 1263.468: [weak refs processing, 0.0000325 secs]2016-06-27T18:57:47.131+0300: 1263.468: [class unloading, 0.0020091 secs]2016-06-27T18:57:47.134+0300: 1263.470: [scrub symbol table, 0.0010986 secs]2016-06-27T18:57:47.135+0300: 1263.471: [scrub string table, 0.0001826 secs][1 CMS-remark: 4753342K(4902144K)] 4955227K(5208832K), 0.0078496 secs] [Times: user=0.06 sys=0.00, real=0.01 secs] 
2016-06-27T18:57:47.135+0300: 1263.472: Total time for which application threads were stopped: 0.0084894 seconds, Stopping threads took: 0.0001942 seconds
2016-06-27T18:57:47.224+0300: 1263.561: [CMS-concurrent-sweep-start]
2016-06-27T18:57:47.225+0300: 1263.561: [GC (Allocation Failure) 2016-06-27T18:57:47.225+0300: 1263.561: [ParNew: 272331K->272331K(306688K), 0.0000214 secs]2016-06-27T18:57:47.225+0300: 1263.561: [CMS2016-06-27T18:57:47.231+0300: 1263.567: [CMS-concurrent-sweep: 0.006/0.007 secs] [Times: user=0.00 sys=0.00, real=0.01 secs] 
 (concurrent mode failure): 4753342K->4525325K(4902144K), 0.6718698 secs] 5025673K->4525325K(5208832K), [Metaspace: 9062K->9062K(1058816K)], 0.6720631 secs] [Times: user=0.67 sys=0.00, real=0.67 secs] 
2016-06-27T18:57:47.897+0300: 1264.233: Total time for which application threads were stopped: 0.6726336 seconds, Stopping threads took: 0.0001360 seconds
2016-06-27T18:57:48.226+0300: 1264.563: [GC (Allocation Failure) 2016-06-27T18:57:48.232+0300: 1264.569: [ParNew
Desired survivor size 17432576 bytes, new threshold 1 (max 6)
- age   1:   34841152 bytes,   34841152 total
: 272131K->34045K(306688K), 0.0348042 secs] 4797456K->4792382K(5208832K), 0.0407482 secs] [Times: user=0.13 sys=0.00, real=0.03 secs] 
2016-06-27T18:57:48.256+0300: 1264.604: Total time for which application threads were stopped: 0.0417369 seconds, Stopping threads took: 0.0005311 seconds
2016-06-27T18:57:48.550+0300: 1264.887: [GC (CMS Initial Mark) [1 CMS-initial-mark: 4758337K(4902144K)] 5025574K(5208832K), 0.0006124 secs] [Times: user=0.00 sys=0.00, real=0.00 secs] 
2016-06-27T18:57:48.551+0300: 1264.887: Total time for which application threads were stopped: 0.0020331 seconds, Stopping threads took: 0.0008540 seconds
2016-06-27T18:57:48.551+0300: 1264.887: [CMS-concurrent-mark-start]
2016-06-27T18:57:48.639+0300: 1264.976: [CMS-concurrent-mark: 0.088/0.088 secs] [Times: user=0.38 sys=0.00, real=0.09 secs] 
2016-06-27T18:57:48.639+0300: 1264.976: [CMS-concurrent-preclean-start]
2016-06-27T18:57:48.651+0300: 1264.988: [CMS-concurrent-preclean: 0.012/0.012 secs] [Times: user=0.05 sys=0.00, real=0.01 secs] 
2016-06-27T18:57:48.651+0300: 1264.988: [CMS-concurrent-abortable-preclean-start]
2016-06-27T18:57:48.651+0300: 1264.988: [CMS-concurrent-abortable-preclean: 0.000/0.000 secs] [Times: user=0.00 sys=0.00, real=0.00 secs] 
2016-06-27T18:57:48.656+0300: 1264.993: [GC (Allocation Failure) 2016-06-27T18:57:48.656+0300: 1264.993: [ParNew: 306449K->306449K(306688K), 0.0000398 secs]2016-06-27T18:57:48.657+0300: 1264.993: [CMS (concurrent mode failure): 4758337K->4504312K(4902144K), 0.8682410 secs] 5064787K->4504312K(5208832K), [Metaspace: 9062K->9062K(1058816K)], 0.8684587 secs] [Times: user=0.88 sys=0.00, real=0.87 secs] 
2016-06-27T18:57:49.525+0300: 1265.861: Total time for which application threads were stopped: 0.8696445 seconds, Stopping threads took: 0.0005431 seconds
2016-06-27T18:57:49.907+0300: 1266.243: [GC (Allocation Failure) 2016-06-27T18:57:49.913+0300: 1266.249: [ParNew
Desired survivor size 17432576 bytes, new threshold 1 (max 6)
- age   1:   34847232 bytes,   34847232 total
: 271787K->34046K(306688K), 0.0365332 secs] 4776099K->4770370K(5208832K), 0.0422292 secs] [Times: user=0.13 sys=0.00, real=0.04 secs] 
2016-06-27T18:57:49.949+0300: 1266.286: Total time for which application threads were stopped: 0.0434890 seconds, Stopping threads took: 0.0007300 seconds
2016-06-27T18:57:50.332+0300: 1266.669: [GC (Allocation Failure) 2016-06-27T18:57:50.332+0300: 1266.669: [ParNew: 305788K->305788K(306688K), 0.0000265 secs]2016-06-27T18:57:50.332+0300: 1266.669: [CMS: 4736324K->4556313K(4902144K), 0.7033071 secs] 5042112K->4556313K(5208832K), [Metaspace: 9062K->9062K(1058816K)], 0.7034529 secs] [Times: user=0.70 sys=0.00, real=0.70 secs] 
2016-06-27T18:57:51.036+0300: 1267.372: Total time for which application threads were stopped: 0.7046067 seconds, Stopping threads took: 0.0006419 seconds
2016-06-27T18:57:51.036+0300: 1267.373: [GC (CMS Initial Mark) [1 CMS-initial-mark: 4556313K(4902144K)] 4557313K(5208832K), 0.0004546 secs] [Times: user=0.00 sys=0.00, real=0.00 secs] 
2016-06-27T18:57:51.037+0300: 1267.373: Total time for which application threads were stopped: 0.0009079 seconds, Stopping threads took: 0.0001283 seconds
2016-06-27T18:57:51.037+0300: 1267.373: [CMS-concurrent-mark-start]
2016-06-27T18:57:51.096+0300: 1267.432: [CMS-concurrent-mark: 0.059/0.059 secs] [Times: user=0.19 sys=0.00, real=0.06 secs] 
2016-06-27T18:57:51.096+0300: 1267.432: [CMS-concurrent-preclean-start]
2016-06-27T18:57:51.108+0300: 1267.444: [CMS-concurrent-preclean: 0.012/0.012 secs] [Times: user=0.06 sys=0.00, real=0.01 secs] 
2016-06-27T18:57:51.108+0300: 1267.444: [CMS-concurrent-abortable-preclean-start]
2016-06-27T18:57:51.450+0300: 1267.786: [GC (Allocation Failure) 2016-06-27T18:57:51.456+0300: 1267.792: [ParNew
Desired survivor size 17432576 bytes, new threshold 1 (max 6)
- age   1:   34851960 bytes,   34851960 total
: 272545K->34048K(306688K), 0.0368664 secs] 4828858K->4823373K(5208832K), 0.0428642 secs] [Times: user=0.17 sys=0.00, real=0.04 secs] 
2016-06-27T18:57:51.492+0300: 1267.829: Total time for which application threads were stopped: 0.0444320 seconds, Stopping threads took: 0.0009049 seconds
2016-06-27T18:57:51.619+0300: 1267.955: [CMS-concurrent-abortable-preclean: 0.072/0.511 secs] [Times: user=2.05 sys=0.00, real=0.51 secs] 
2016-06-27T18:57:51.628+0300: 1267.965: [GC (CMS Final Remark) [YG occupancy: 124090 K (306688 K)]2016-06-27T18:57:51.628+0300: 1267.965: [Rescan (parallel) , 0.0050185 secs]2016-06-27T18:57:51.628+0300: 1267.970: [weak refs processing, 0.0000218 secs]2016-06-27T18:57:51.628+0300: 1267.970: [class unloading, 0.0018573 secs]2016-06-27T18:57:51.628+0300: 1267.972: [scrub symbol table, 0.0007869 secs]2016-06-27T18:57:51.628+0300: 1267.973: [scrub string table, 0.0002023 secs][1 CMS-remark: 4789325K(4902144K)] 4913415K(5208832K), 0.0081562 secs] [Times: user=0.00 sys=0.00, real=0.00 secs] 
2016-06-27T18:57:51.628+0300: 1267.973: Total time for which application threads were stopped: 0.0092566 seconds, Stopping threads took: 0.0005564 seconds
2016-06-27T18:57:51.628+0300: 1267.973: [CMS-concurrent-sweep-start]
2016-06-27T18:57:51.643+0300: 1267.983: [CMS-concurrent-sweep: 0.010/0.010 secs] [Times: user=0.06 sys=0.00, real=0.01 secs] 
2016-06-27T18:57:51.643+0300: 1267.983: [CMS-concurrent-reset-start]
2016-06-27T18:57:51.643+0300: 1267.990: [CMS-concurrent-reset: 0.007/0.007 secs] [Times: user=0.00 sys=0.00, real=0.00 secs] 
2016-06-27T18:57:51.904+0300: 1268.241: [GC (Allocation Failure) 2016-06-27T18:57:51.905+0300: 1268.241: [ParNew: 306554K->306554K(306688K), 0.0000295 secs]2016-06-27T18:57:51.905+0300: 1268.241: [CMS: 4789325K->4505310K(4902144K), 0.6733768 secs] 5095879K->4505310K(5208832K), [Metaspace: 9062K->9062K(1058816K)], 0.6735475 secs] [Times: user=0.67 sys=0.00, real=0.67 secs] 
2016-06-27T18:57:52.578+0300: 1268.915: Total time for which application threads were stopped: 0.6747749 seconds, Stopping threads took: 0.0006436 seconds
2016-06-27T18:57:52.927+0300: 1269.263: [GC (Allocation Failure) 2016-06-27T18:57:52.927+0300: 1269.263: [ParNew
Desired survivor size 17432576 bytes, new threshold 1 (max 6)
- age   1:   34845280 bytes,   34845280 total
: 272640K->34048K(306688K), 0.0343851 secs] 4777950K->4772369K(5208832K), 0.0345707 secs] [Times: user=0.13 sys=0.00, real=0.04 secs] 
2016-06-27T18:57:52.967+0300: 1269.304: Total time for which application threads were stopped: 0.0418644 seconds, Stopping threads took: 0.0005688 seconds
2016-06-27T18:57:53.285+0300: 1269.622: [GC (Allocation Failure) 2016-06-27T18:57:53.285+0300: 1269.622: [ParNew: 306394K->306394K(306688K), 0.0000321 secs]2016-06-27T18:57:53.285+0300: 1269.622: [CMS: 4738321K->4650321K(4902144K), 0.6808758 secs] 5044716K->4650321K(5208832K), [Metaspace: 9062K->9062K(1058816K)], 0.6810366 secs] [Times: user=0.69 sys=0.00, real=0.68 secs] 
2016-06-27T18:57:53.966+0300: 1270.303: Total time for which application threads were stopped: 0.6830837 seconds, Stopping threads took: 0.0015990 seconds
2016-06-27T18:57:54.082+0300: 1270.418: [GC (CMS Initial Mark) [1 CMS-initial-mark: 4650321K(4902144K)] 4753122K(5208832K), 0.0005316 secs] [Times: user=0.00 sys=0.00, real=0.00 secs] 
2016-06-27T18:57:54.082+0300: 1270.419: Total time for which application threads were stopped: 0.0016845 seconds, Stopping threads took: 0.0006646 seconds
2016-06-27T18:57:54.082+0300: 1270.419: [CMS-concurrent-mark-start]
2016-06-27T18:57:54.134+0300: 1270.470: [CMS-concurrent-mark: 0.051/0.051 secs] [Times: user=0.23 sys=0.00, real=0.05 secs] 
2016-06-27T18:57:54.134+0300: 1270.470: [CMS-concurrent-preclean-start]
2016-06-27T18:57:54.144+0300: 1270.480: [CMS-concurrent-preclean: 0.010/0.010 secs] [Times: user=0.00 sys=0.00, real=0.01 secs] 
2016-06-27T18:57:54.144+0300: 1270.480: [CMS-concurrent-abortable-preclean-start]
2016-06-27T18:57:54.318+0300: 1270.654: [GC (Allocation Failure) 2016-06-27T18:57:54.318+0300: 1270.654: [ParNew: 271949K->271949K(306688K), 0.0000312 secs]2016-06-27T18:57:54.318+0300: 1270.654: [CMS2016-06-27T18:57:54.319+0300: 1270.655: [CMS-concurrent-abortable-preclean: 0.020/0.175 secs] [Times: user=0.70 sys=0.00, real=0.17 secs] 
 (concurrent mode failure): 4650321K->4632318K(4902144K), 0.7842672 secs] 4922271K->4632318K(5208832K), [Metaspace: 9062K->9062K(1058816K)], 0.7844720 secs] [Times: user=0.78 sys=0.00, real=0.78 secs] 
2016-06-27T18:57:55.103+0300: 1271.439: Total time for which application threads were stopped: 0.7861450 seconds, Stopping threads took: 0.0010212 seconds
2016-06-27T18:57:55.443+0300: 1271.779: [GC (Allocation Failure) 2016-06-27T18:57:55.443+0300: 1271.779: [ParNew
Desired survivor size 17432576 bytes, new threshold 1 (max 6)
- age   1:   34853592 bytes,   34853592 total
: 272099K->34047K(306688K), 0.0355257 secs] 4904417K->4899377K(5208832K), 0.0356736 secs] [Times: user=0.13 sys=0.00, real=0.03 secs] 
2016-06-27T18:57:55.478+0300: 1271.815: Total time for which application threads were stopped: 0.0409398 seconds, Stopping threads took: 0.0046666 seconds
2016-06-27T18:57:55.479+0300: 1271.815: [GC (CMS Initial Mark) [1 CMS-initial-mark: 4865330K(4902144K)] 4900377K(5208832K), 0.0005435 secs] [Times: user=0.00 sys=0.00, real=0.00 secs] 
2016-06-27T18:57:55.480+0300: 1271.816: Total time for which application threads were stopped: 0.0011927 seconds, Stopping threads took: 0.0000701 seconds
2016-06-27T18:57:55.480+0300: 1271.816: [CMS-concurrent-mark-start]
2016-06-27T18:57:55.529+0300: 1271.866: [CMS-concurrent-mark: 0.050/0.050 secs] [Times: user=0.19 sys=0.00, real=0.05 secs] 
2016-06-27T18:57:55.529+0300: 1271.866: [CMS-concurrent-preclean-start]
2016-06-27T18:57:55.539+0300: 1271.876: [CMS-concurrent-preclean: 0.010/0.010 secs] [Times: user=0.06 sys=0.00, real=0.01 secs] 
2016-06-27T18:57:55.539+0300: 1271.876: [CMS-concurrent-abortable-preclean-start]
2016-06-27T18:57:55.539+0300: 1271.876: [CMS-concurrent-abortable-preclean: 0.000/0.000 secs] [Times: user=0.00 sys=0.00, real=0.00 secs] 
2016-06-27T18:57:55.543+0300: 1271.880: [GC (CMS Final Remark) [YG occupancy: 68917 K (306688 K)]2016-06-27T18:57:55.543+0300: 1271.880: [Rescan (parallel) , 0.0042214 secs]2016-06-27T18:57:55.547+0300: 1271.884: [weak refs processing, 0.0000312 secs]2016-06-27T18:57:55.548+0300: 1271.884: [class unloading, 0.0025138 secs]2016-06-27T18:57:55.550+0300: 1271.887: [scrub symbol table, 0.0017983 secs]2016-06-27T18:57:55.552+0300: 1271.888: [scrub string table, 0.0003819 secs][1 CMS-remark: 4865330K(4902144K)] 4934248K(5208832K), 0.0092904 secs] [Times: user=0.01 sys=0.00, real=0.01 secs] 
2016-06-27T18:57:55.553+0300: 1271.889: Total time for which application threads were stopped: 0.0105207 seconds, Stopping threads took: 0.0006629 seconds
2016-06-27T18:57:55.555+0300: 1271.891: [CMS-concurrent-sweep-start]
2016-06-27T18:57:55.563+0300: 1271.900: [CMS-concurrent-sweep: 0.009/0.009 secs] [Times: user=0.00 sys=0.00, real=0.01 secs] 
2016-06-27T18:57:55.563+0300: 1271.900: [CMS-concurrent-reset-start]
2016-06-27T18:57:55.569+0300: 1271.906: [CMS-concurrent-reset: 0.006/0.006 secs] [Times: user=0.06 sys=0.00, real=0.01 secs] 
2016-06-27T18:57:55.848+0300: 1272.184: [GC (Allocation Failure) 2016-06-27T18:57:55.848+0300: 1272.184: [ParNew: 305788K->305788K(306688K), 0.0000342 secs]2016-06-27T18:57:55.848+0300: 1272.185: [CMS: 4655300K->4536314K(4902144K), 0.4847582 secs] 4961089K->4536314K(5208832K), [Metaspace: 9062K->9062K(1058816K)], 0.4849352 secs] [Times: user=0.50 sys=0.00, real=0.48 secs] 
2016-06-27T18:57:56.333+0300: 1272.669: Total time for which application threads were stopped: 0.4870615 seconds, Stopping threads took: 0.0015567 seconds
2016-06-27T18:57:56.674+0300: 1273.010: [GC (Allocation Failure) 2016-06-27T18:57:56.674+0300: 1273.010: [ParNew
Desired survivor size 17432576 bytes, new threshold 1 (max 6)
- age   1:   34848504 bytes,   34848504 total
: 272640K->34048K(306688K), 0.0356116 secs] 4808954K->4803373K(5208832K), 0.0357532 secs] [Times: user=0.19 sys=0.00, real=0.04 secs] 
2016-06-27T18:57:56.710+0300: 1273.046: Total time for which application threads were stopped: 0.0370391 seconds, Stopping threads took: 0.0008006 seconds
2016-06-27T18:57:57.044+0300: 1273.381: [GC (Allocation Failure) 2016-06-27T18:57:57.044+0300: 1273.381: [ParNew: 306608K->306608K(306688K), 0.0000402 secs]2016-06-27T18:57:57.044+0300: 1273.381: [CMS: 4769325K->4545315K(4902144K), 0.4630124 secs] 5075934K->4545315K(5208832K), [Metaspace: 9062K->9062K(1058816K)], 0.4632070 secs] [Times: user=0.47 sys=0.00, real=0.46 secs] 
2016-06-27T18:57:57.508+0300: 1273.844: Total time for which application threads were stopped: 0.4646477 seconds, Stopping threads took: 0.0009216 seconds
2016-06-27T18:57:57.830+0300: 1274.166: [GC (Allocation Failure) 2016-06-27T18:57:57.830+0300: 1274.166: [ParNew
Desired survivor size 17432576 bytes, new threshold 1 (max 6)
- age   1:   34846816 bytes,   34846816 total
: 272597K->34047K(306688K), 0.0339545 secs] 4817913K->4813375K(5208832K), 0.0340764 secs] [Times: user=0.14 sys=0.03, real=0.03 secs] 
2016-06-27T18:57:57.864+0300: 1274.200: Total time for which application threads were stopped: 0.0354376 seconds, Stopping threads took: 0.0008309 seconds
2016-06-27T18:57:57.953+0300: 1274.290: [GC (CMS Initial Mark) [1 CMS-initial-mark: 4779327K(4902144K)] 4888690K(5208832K), 0.0006753 secs] [Times: user=0.00 sys=0.00, real=0.00 secs] 
2016-06-27T18:57:57.954+0300: 1274.290: Total time for which application threads were stopped: 0.0013578 seconds, Stopping threads took: 0.0002442 seconds
2016-06-27T18:57:57.954+0300: 1274.290: [CMS-concurrent-mark-start]
2016-06-27T18:57:58.005+0300: 1274.341: [CMS-concurrent-mark: 0.051/0.051 secs] [Times: user=0.25 sys=0.00, real=0.05 secs] 
2016-06-27T18:57:58.005+0300: 1274.341: [CMS-concurrent-preclean-start]
2016-06-27T18:57:58.015+0300: 1274.351: [CMS-concurrent-preclean: 0.010/0.010 secs] [Times: user=0.00 sys=0.00, real=0.01 secs] 
2016-06-27T18:57:58.015+0300: 1274.351: [CMS-concurrent-abortable-preclean-start]
2016-06-27T18:57:58.015+0300: 1274.351: [CMS-concurrent-abortable-preclean: 0.000/0.000 secs] [Times: user=0.00 sys=0.00, real=0.00 secs] 
2016-06-27T18:57:58.017+0300: 1274.353: [GC (CMS Final Remark) [YG occupancy: 148302 K (306688 K)]2016-06-27T18:57:58.017+0300: 1274.353: [Rescan (parallel) , 0.0041743 secs]2016-06-27T18:57:58.021+0300: 1274.357: [weak refs processing, 0.0000175 secs]2016-06-27T18:57:58.021+0300: 1274.357: [class unloading, 0.0016768 secs]2016-06-27T18:57:58.023+0300: 1274.359: [scrub symbol table, 0.0007266 secs]2016-06-27T18:57:58.023+0300: 1274.360: [scrub string table, 0.0001788 secs][1 CMS-remark: 4779327K(4902144K)] 4927630K(5208832K), 0.0070161 secs] [Times: user=0.06 sys=0.00, real=0.01 secs] 
2016-06-27T18:57:58.024+0300: 1274.360: Total time for which application threads were stopped: 0.0075366 seconds, Stopping threads took: 0.0001185 seconds
2016-06-27T18:57:58.265+0300: 1274.601: [CMS-concurrent-sweep-start]
2016-06-27T18:57:58.268+0300: 1274.604: [GC (Allocation Failure) 2016-06-27T18:57:58.268+0300: 1274.604: [ParNew: 306687K->306687K(306688K), 0.0000346 secs]2016-06-27T18:57:58.268+0300: 1274.604: [CMS2016-06-27T18:57:58.272+0300: 1274.609: [CMS-concurrent-sweep: 0.006/0.008 secs] [Times: user=0.02 sys=0.00, real=0.01 secs] 
 (concurrent mode failure): 4779327K->4406291K(4902144K), 0.6604305 secs] 5086015K->4406291K(5208832K), [Metaspace: 9062K->9062K(1058816K)], 0.6606858 secs] [Times: user=0.67 sys=0.00, real=0.66 secs] 
2016-06-27T18:57:58.928+0300: 1275.265: Total time for which application threads were stopped: 0.6616660 seconds, Stopping threads took: 0.0005106 seconds
2016-06-27T18:57:59.242+0300: 1275.579: [GC (Allocation Failure) 2016-06-27T18:57:59.242+0300: 1275.579: [ParNew
Desired survivor size 17432576 bytes, new threshold 1 (max 6)
- age   1:   34843136 bytes,   34843136 total
: 272203K->34038K(306688K), 0.0352409 secs] 4678495K->4673341K(5208832K), 0.0353615 secs] [Times: user=0.13 sys=0.00, real=0.04 secs] 
2016-06-27T18:57:59.278+0300: 1275.614: Total time for which application threads were stopped: 0.0362296 seconds, Stopping threads took: 0.0005025 seconds
2016-06-27T18:57:59.412+0300: 1275.748: [GC (CMS Initial Mark) [1 CMS-initial-mark: 4639303K(4902144K)] 4781794K(5208832K), 0.0005102 secs] [Times: user=0.00 sys=0.00, real=0.00 secs] 
2016-06-27T18:57:59.412+0300: 1275.749: Total time for which application threads were stopped: 0.0011654 seconds, Stopping threads took: 0.0003079 seconds
2016-06-27T18:57:59.412+0300: 1275.749: [CMS-concurrent-mark-start]
2016-06-27T18:57:59.463+0300: 1275.799: [CMS-concurrent-mark: 0.051/0.051 secs] [Times: user=0.19 sys=0.00, real=0.05 secs] 
2016-06-27T18:57:59.463+0300: 1275.800: [CMS-concurrent-preclean-start]
2016-06-27T18:57:59.473+0300: 1275.810: [CMS-concurrent-preclean: 0.010/0.010 secs] [Times: user=0.00 sys=0.00, real=0.01 secs] 
2016-06-27T18:57:59.473+0300: 1275.810: [CMS-concurrent-abortable-preclean-start]
2016-06-27T18:57:59.584+0300: 1275.920: [CMS-concurrent-abortable-preclean: 0.010/0.110 secs] [Times: user=0.50 sys=0.00, real=0.11 secs] 
2016-06-27T18:57:59.656+0300: 1275.993: [GC (Allocation Failure) 2016-06-27T18:57:59.656+0300: 1275.993: [ParNew: 306678K->306678K(306688K), 0.0000222 secs]2016-06-27T18:57:59.656+0300: 1275.993: [CMS (concurrent mode failure): 4639303K->4249265K(4902144K), 0.6435048 secs] 4945981K->4249265K(5208832K), [Metaspace: 9062K->9062K(1058816K)], 0.6436497 secs] [Times: user=0.64 sys=0.00, real=0.64 secs] 
2016-06-27T18:58:00.300+0300: 1276.636: Total time for which application threads were stopped: 0.6443545 seconds, Stopping threads took: 0.0003780 seconds
2016-06-27T18:58:00.619+0300: 1276.955: [GC (Allocation Failure) 2016-06-27T18:58:00.619+0300: 1276.955: [ParNew
Desired survivor size 17432576 bytes, new threshold 1 (max 6)
- age   1:   34854896 bytes,   34854896 total
: 272356K->34047K(306688K), 0.0356484 secs] 4521622K->4516325K(5208832K), 0.0357947 secs] [Times: user=0.13 sys=0.00, real=0.04 secs] 
2016-06-27T18:58:00.655+0300: 1276.991: Total time for which application threads were stopped: 0.0369057 seconds, Stopping threads took: 0.0007215 seconds
2016-06-27T18:58:00.970+0300: 1277.306: [GC (Allocation Failure) 2016-06-27T18:58:00.970+0300: 1277.306: [ParNew
Desired survivor size 17432576 bytes, new threshold 1 (max 6)
- age   1:   34844960 bytes,   34844960 total
: 306096K->34035K(306688K), 0.0395987 secs] 4788373K->4783354K(5208832K), 0.0397565 secs] [Times: user=0.19 sys=0.00, real=0.04 secs] 
2016-06-27T18:58:01.009+0300: 1277.346: Total time for which application threads were stopped: 0.0409778 seconds, Stopping threads took: 0.0006774 seconds
2016-06-27T18:58:01.350+0300: 1277.686: [GC (Allocation Failure) 2016-06-27T18:58:01.350+0300: 1277.687: [ParNew: 305979K->305979K(306688K), 0.0000334 secs]2016-06-27T18:58:01.350+0300: 1277.687: [CMS: 4749319K->4075247K(4902144K), 0.7269303 secs] 5055298K->4075247K(5208832K), [Metaspace: 9062K->9062K(1058816K)], 0.7271326 secs] [Times: user=0.72 sys=0.00, real=0.73 secs] 
2016-06-27T18:58:02.077+0300: 1278.414: Total time for which application threads were stopped: 0.7306188 seconds, Stopping threads took: 0.0029641 seconds
2016-06-27T18:58:02.396+0300: 1278.732: [GC (Allocation Failure) 2016-06-27T18:58:02.396+0300: 1278.732: [ParNew
Desired survivor size 17432576 bytes, new threshold 1 (max 6)
- age   1:   34844488 bytes,   34844488 total
: 272063K->34037K(306688K), 0.0357280 secs] 4347310K->4342296K(5208832K), 0.0358704 secs] [Times: user=0.13 sys=0.00, real=0.04 secs] 
2016-06-27T18:58:02.432+0300: 1278.768: Total time for which application threads were stopped: 0.0381853 seconds, Stopping threads took: 0.0017624 seconds
2016-06-27T18:58:02.792+0300: 1279.129: [GC (Allocation Failure) 2016-06-27T18:58:02.792+0300: 1279.129: [ParNew
Desired survivor size 17432576 bytes, new threshold 1 (max 6)
- age   1:   34847696 bytes,   34847696 total
: 306677K->34042K(306688K), 0.0379556 secs] 4614936K->4609332K(5208832K), 0.0381044 secs] [Times: user=0.11 sys=0.01, real=0.04 secs] 
2016-06-27T18:58:02.831+0300: 1279.167: Total time for which application threads were stopped: 0.0410724 seconds, Stopping threads took: 0.0024877 seconds
2016-06-27T18:58:03.150+0300: 1279.487: [GC (Allocation Failure) 2016-06-27T18:58:03.150+0300: 1279.487: [ParNew
Desired survivor size 17432576 bytes, new threshold 1 (max 6)
- age   1:   34842456 bytes,   34842456 total
: 306660K->34030K(306688K), 0.0389191 secs] 4881950K->4877355K(5208832K), 0.0391158 secs] [Times: user=0.13 sys=0.00, real=0.04 secs] 
2016-06-27T18:58:03.190+0300: 1279.526: Total time for which application threads were stopped: 0.0407965 seconds, Stopping threads took: 0.0011166 seconds
2016-06-27T18:58:03.509+0300: 1279.845: [GC (Allocation Failure) 2016-06-27T18:58:03.509+0300: 1279.845: [ParNew: 306040K->306040K(306688K), 0.0000222 secs]2016-06-27T18:58:03.509+0300: 1279.845: [CMS: 4843325K->3734186K(4902144K), 0.5657829 secs] 5149365K->3734186K(5208832K), [Metaspace: 9062K->9062K(1058816K)], 0.5659231 secs] [Times: user=0.56 sys=0.00, real=0.57 secs] 
2016-06-27T18:58:04.075+0300: 1280.411: Total time for which application threads were stopped: 0.5687645 seconds, Stopping threads took: 0.0023423 seconds
2016-06-27T18:58:04.394+0300: 1280.731: [GC (Allocation Failure) 2016-06-27T18:58:04.400+0300: 1280.736: [ParNew
Desired survivor size 17432576 bytes, new threshold 1 (max 6)
- age   1:   34843680 bytes,   34843680 total
: 272370K->34046K(306688K), 0.0357540 secs] 4006557K->4002245K(5208832K), 0.0415368 secs] [Times: user=0.06 sys=0.00, real=0.03 secs] 
2016-06-27T18:58:04.421+0300: 1280.772: Total time for which application threads were stopped: 0.0425512 seconds, Stopping threads took: 0.0005743 seconds
2016-06-27T18:58:04.808+0300: 1281.144: [GC (Allocation Failure) 2016-06-27T18:58:04.808+0300: 1281.144: [ParNew
Desired survivor size 17432576 bytes, new threshold 1 (max 6)
- age   1:   34850384 bytes,   34850384 total
: 306686K->34046K(306688K), 0.0382460 secs] 4274885K->4269275K(5208832K), 0.0383704 secs] [Times: user=0.13 sys=0.00, real=0.04 secs] 
2016-06-27T18:58:04.847+0300: 1281.183: Total time for which application threads were stopped: 0.0392980 seconds, Stopping threads took: 0.0005645 seconds
2016-06-27T18:58:05.183+0300: 1281.519: [GC (Allocation Failure) 2016-06-27T18:58:05.183+0300: 1281.519: [ParNew
Desired survivor size 17432576 bytes, new threshold 1 (max 6)
- age   1:   34850512 bytes,   34850512 total
: 306393K->34043K(306688K), 0.0391158 secs] 4541622K->4536310K(5208832K), 0.0392467 secs] [Times: user=0.13 sys=0.00, real=0.04 secs] 
2016-06-27T18:58:05.222+0300: 1281.559: Total time for which application threads were stopped: 0.0400943 seconds, Stopping threads took: 0.0004785 seconds
2016-06-27T18:58:05.537+0300: 1281.873: [GC (Allocation Failure) 2016-06-27T18:58:05.537+0300: 1281.873: [ParNew
Desired survivor size 17432576 bytes, new threshold 1 (max 6)
- age   1:   34848264 bytes,   34848264 total
: 306165K->34048K(306688K), 0.0746650 secs] 4808431K->4803351K(5208832K), 0.0747886 secs] [Times: user=0.22 sys=0.00, real=0.08 secs] 
2016-06-27T18:58:05.612+0300: 1281.948: Total time for which application threads were stopped: 0.0756482 seconds, Stopping threads took: 0.0004815 seconds
2016-06-27T18:58:05.980+0300: 1282.317: [GC (Allocation Failure) 2016-06-27T18:58:05.981+0300: 1282.317: [ParNew: 305840K->305840K(306688K), 0.0000577 secs]2016-06-27T18:58:05.981+0300: 1282.317: [CMS: 4769303K->3734165K(4902144K), 0.6074839 secs] 5075144K->3734165K(5208832K), [Metaspace: 9062K->9062K(1058816K)], 0.6077978 secs] [Times: user=0.61 sys=0.00, real=0.61 secs] 
2016-06-27T18:58:06.588+0300: 1282.925: Total time for which application threads were stopped: 0.6096521 seconds, Stopping threads took: 0.0012680 seconds
2016-06-27T18:58:06.964+0300: 1283.300: [GC (Allocation Failure) 2016-06-27T18:58:06.964+0300: 1283.300: [ParNew
Desired survivor size 17432576 bytes, new threshold 1 (max 6)
- age   1:   34847392 bytes,   34847392 total
: 271886K->34047K(306688K), 0.0366034 secs] 4006052K->4000226K(5208832K), 0.0367492 secs] [Times: user=0.13 sys=0.00, real=0.04 secs] 
2016-06-27T18:58:07.000+0300: 1283.337: Total time for which application threads were stopped: 0.0383747 seconds, Stopping threads took: 0.0010234 seconds
2016-06-27T18:58:07.368+0300: 1283.704: [GC (Allocation Failure) 2016-06-27T18:58:07.374+0300: 1283.710: [ParNew
Desired survivor size 17432576 bytes, new threshold 1 (max 6)
- age   1:   34851976 bytes,   34851976 total
: 305910K->34046K(306688K), 0.0387173 secs] 4272089K->4267259K(5208832K), 0.0448922 secs] [Times: user=0.17 sys=0.00, real=0.04 secs] 
2016-06-27T18:58:07.412+0300: 1283.749: Total time for which application threads were stopped: 0.0467071 seconds, Stopping threads took: 0.0012462 seconds
2016-06-27T18:58:07.646+0300: 1283.983: [GC (CMS Initial Mark) [1 CMS-initial-mark: 4233213K(4902144K)] 4464693K(5208832K), 0.0006500 secs] [Times: user=0.00 sys=0.00, real=0.00 secs] 
2016-06-27T18:58:07.647+0300: 1283.983: Total time for which application threads were stopped: 0.0017153 seconds, Stopping threads took: 0.0005123 seconds
2016-06-27T18:58:07.647+0300: 1283.983: [CMS-concurrent-mark-start]
2016-06-27T18:58:07.696+0300: 1284.033: [CMS-concurrent-mark: 0.050/0.050 secs] [Times: user=0.19 sys=0.00, real=0.05 secs] 
2016-06-27T18:58:07.697+0300: 1284.033: [CMS-concurrent-preclean-start]
2016-06-27T18:58:07.707+0300: 1284.043: [CMS-concurrent-preclean: 0.010/0.010 secs] [Times: user=0.00 sys=0.00, real=0.01 secs] 
2016-06-27T18:58:07.707+0300: 1284.043: [CMS-concurrent-abortable-preclean-start]
2016-06-27T18:58:07.758+0300: 1284.094: [GC (Allocation Failure) 2016-06-27T18:58:07.758+0300: 1284.094: [ParNew
Desired survivor size 17432576 bytes, new threshold 1 (max 6)
- age   1:   34843512 bytes,   34843512 total
: 306099K->34034K(306688K), 0.0399185 secs] 4539313K->4534285K(5208832K), 0.0400468 secs] [Times: user=0.13 sys=0.00, real=0.04 secs] 
2016-06-27T18:58:07.798+0300: 1284.134: Total time for which application threads were stopped: 0.0413811 seconds, Stopping threads took: 0.0008104 seconds
2016-06-27T18:58:08.140+0300: 1284.476: [CMS-concurrent-abortable-preclean: 0.052/0.433 secs] [Times: user=1.72 sys=0.00, real=0.43 secs] 
2016-06-27T18:58:08.201+0300: 1284.537: [GC (Allocation Failure) 2016-06-27T18:58:08.201+0300: 1284.537: [ParNew
Desired survivor size 17432576 bytes, new threshold 1 (max 6)
- age   1:   34848184 bytes,   34848184 total
: 306674K->34048K(306688K), 0.0385483 secs] 4806925K->4801329K(5208832K), 0.0387151 secs] [Times: user=0.19 sys=0.00, real=0.04 secs] 
2016-06-27T18:58:08.240+0300: 1284.576: Total time for which application threads were stopped: 0.0424417 seconds, Stopping threads took: 0.0032408 seconds
2016-06-27T18:58:08.260+0300: 1284.597: [GC (CMS Final Remark) [YG occupancy: 50621 K (306688 K)]2016-06-27T18:58:08.260+0300: 1284.597: [Rescan (parallel) , 0.0042761 secs]2016-06-27T18:58:08.264+0300: 1284.601: [weak refs processing, 0.0000261 secs]2016-06-27T18:58:08.265+0300: 1284.601: [class unloading, 0.0016841 secs]2016-06-27T18:58:08.266+0300: 1284.603: [scrub symbol table, 0.0010418 secs]2016-06-27T18:58:08.267+0300: 1284.604: [scrub string table, 0.0001890 secs][1 CMS-remark: 4767281K(4902144K)] 4817902K(5208832K), 0.0075156 secs] [Times: user=0.00 sys=0.00, real=0.01 secs] 
2016-06-27T18:58:08.268+0300: 1284.604: Total time for which application threads were stopped: 0.0080532 seconds, Stopping threads took: 0.0000979 seconds
2016-06-27T18:58:08.268+0300: 1284.604: [CMS-concurrent-sweep-start]
2016-06-27T18:58:08.277+0300: 1284.613: [CMS-concurrent-sweep: 0.009/0.009 secs] [Times: user=0.06 sys=0.00, real=0.01 secs] 
2016-06-27T18:58:08.277+0300: 1284.613: [CMS-concurrent-reset-start]
2016-06-27T18:58:08.283+0300: 1284.619: [CMS-concurrent-reset: 0.006/0.006 secs] [Times: user=0.00 sys=0.00, real=0.01 secs] 
2016-06-27T18:58:08.581+0300: 1284.917: [GC (Allocation Failure) 2016-06-27T18:58:08.581+0300: 1284.917: [ParNew
Desired survivor size 17432576 bytes, new threshold 1 (max 6)
- age   1:   34848312 bytes,   34848312 total
: 306293K->34045K(306688K), 0.0385513 secs] 4518499K->4513289K(5208832K), 0.0387245 secs] [Times: user=0.19 sys=0.00, real=0.04 secs] 
2016-06-27T18:58:08.620+0300: 1284.956: Total time for which application threads were stopped: 0.0407674 seconds, Stopping threads took: 0.0015002 seconds
2016-06-27T18:58:09.029+0300: 1285.366: [GC (Allocation Failure) 2016-06-27T18:58:09.029+0300: 1285.366: [ParNew
Desired survivor size 17432576 bytes, new threshold 1 (max 6)
- age   1:   34847368 bytes,   34847368 total
: 305793K->34039K(306688K), 0.0391770 secs] 4785037K->4779317K(5208832K), 0.0393592 secs] [Times: user=0.19 sys=0.00, real=0.04 secs] 
2016-06-27T18:58:09.068+0300: 1285.405: Total time for which application threads were stopped: 0.0424109 seconds, Stopping threads took: 0.0024847 seconds
2016-06-27T18:58:09.478+0300: 1285.814: [GC (Allocation Failure) 2016-06-27T18:58:09.478+0300: 1285.814: [ParNew: 306679K->306679K(306688K), 0.0000359 secs]2016-06-27T18:58:09.478+0300: 1285.814: [CMS: 4745278K->3906181K(4902144K), 0.8049191 secs] 5051957K->3906181K(5208832K), [Metaspace: 9062K->9062K(1058816K)], 0.8051354 secs] [Times: user=0.80 sys=0.00, real=0.81 secs] 
2016-06-27T18:58:10.283+0300: 1286.619: Total time for which application threads were stopped: 0.8078891 seconds, Stopping threads took: 0.0022105 seconds
2016-06-27T18:58:10.620+0300: 1286.957: [GC (Allocation Failure) 2016-06-27T18:58:10.620+0300: 1286.957: [ParNew
Desired survivor size 17432576 bytes, new threshold 1 (max 6)
- age   1:   34850320 bytes,   34850320 total
: 272389K->34046K(306688K), 0.0345288 secs] 4178571K->4173239K(5208832K), 0.0347016 secs] [Times: user=0.11 sys=0.00, real=0.04 secs] 
2016-06-27T18:58:10.655+0300: 1286.991: Total time for which application threads were stopped: 0.0364302 seconds, Stopping threads took: 0.0012449 seconds
2016-06-27T18:58:10.972+0300: 1287.309: [GC (Allocation Failure) 2016-06-27T18:58:10.972+0300: 1287.309: [ParNew
Desired survivor size 17432576 bytes, new threshold 1 (max 6)
- age   1:   34851168 bytes,   34851168 total
: 305736K->34048K(306688K), 0.0390307 secs] 4444929K->4440280K(5208832K), 0.0391898 secs] [Times: user=0.19 sys=0.00, real=0.04 secs] 
2016-06-27T18:58:11.012+0300: 1287.348: Total time for which application threads were stopped: 0.0406199 seconds, Stopping threads took: 0.0009195 seconds
2016-06-27T18:58:11.333+0300: 1287.669: [GC (Allocation Failure) 2016-06-27T18:58:11.333+0300: 1287.669: [ParNew
Desired survivor size 17432576 bytes, new threshold 1 (max 6)
- age   1:   34849832 bytes,   34849832 total
: 305726K->34042K(306688K), 0.0386967 secs] 4711959K->4707313K(5208832K), 0.0388584 secs] [Times: user=0.13 sys=0.00, real=0.04 secs] 
2016-06-27T18:58:11.372+0300: 1287.708: Total time for which application threads were stopped: 0.0404826 seconds, Stopping threads took: 0.0010931 seconds
2016-06-27T18:58:11.633+0300: 1287.969: Total time for which application threads were stopped: 0.0024928 seconds, Stopping threads took: 0.0012564 seconds
2016-06-27T18:58:11.836+0300: 1288.172: [GC (Allocation Failure) 2016-06-27T18:58:11.836+0300: 1288.172: [ParNew: 306682K->306682K(306688K), 0.0000389 secs]2016-06-27T18:58:11.836+0300: 1288.172: [CMS: 4673270K->3594143K(4902144K), 0.5811066 secs] 4979953K->3594143K(5208832K), [Metaspace: 9062K->9062K(1058816K)], 0.5813225 secs] [Times: user=0.58 sys=0.00, real=0.58 secs] 
2016-06-27T18:58:12.417+0300: 1288.753: Total time for which application threads were stopped: 0.5893727 seconds, Stopping threads took: 0.0076469 seconds
2016-06-27T18:58:12.810+0300: 1289.146: [GC (Allocation Failure) 2016-06-27T18:58:12.810+0300: 1289.146: [ParNew
Desired survivor size 17432576 bytes, new threshold 1 (max 6)
- age   1:   34853952 bytes,   34853952 total
: 272553K->34048K(306688K), 0.0368672 secs] 3866697K->3861212K(5208832K), 0.0370481 secs] [Times: user=0.13 sys=0.00, real=0.04 secs] 
2016-06-27T18:58:12.847+0300: 1289.183: Total time for which application threads were stopped: 0.0385971 seconds, Stopping threads took: 0.0010803 seconds
2016-06-27T18:58:13.215+0300: 1289.551: [GC (Allocation Failure) 2016-06-27T18:58:13.215+0300: 1289.552: [ParNew
Desired survivor size 17432576 bytes, new threshold 1 (max 6)
- age   1:   34847936 bytes,   34847936 total
: 306426K->34045K(306688K), 0.0393981 secs] 4133590K->4128249K(5208832K), 0.0395520 secs] [Times: user=0.14 sys=0.00, real=0.04 secs] 
2016-06-27T18:58:13.255+0300: 1289.591: Total time for which application threads were stopped: 0.0420410 seconds, Stopping threads took: 0.0020485 seconds
2016-06-27T18:58:13.607+0300: 1289.943: [GC (Allocation Failure) 2016-06-27T18:58:13.612+0300: 1289.948: [ParNew
Desired survivor size 17432576 bytes, new threshold 1 (max 6)
- age   1:   34845216 bytes,   34845216 total
: 306160K->34040K(306688K), 0.0386997 secs] 4400364K->4395279K(5208832K), 0.0437910 secs] [Times: user=0.17 sys=0.00, real=0.04 secs] 
2016-06-27T18:58:13.649+0300: 1289.987: Total time for which application threads were stopped: 0.0460986 seconds, Stopping threads took: 0.0018385 seconds
2016-06-27T18:58:13.979+0300: 1290.315: [GC (Allocation Failure) 2016-06-27T18:58:13.979+0300: 1290.315: [ParNew
Desired survivor size 17432576 bytes, new threshold 1 (max 6)
- age   1:   34850384 bytes,   34850384 total
: 305921K->34048K(306688K), 0.0384945 secs] 4667160K->4662322K(5208832K), 0.0386689 secs] [Times: user=0.13 sys=0.00, real=0.04 secs] 
2016-06-27T18:58:14.018+0300: 1290.354: Total time for which application threads were stopped: 0.0400746 seconds, Stopping threads took: 0.0009148 seconds
2016-06-27T18:58:14.340+0300: 1290.676: [GC (Allocation Failure) 2016-06-27T18:58:14.340+0300: 1290.676: [ParNew: 306173K->306173K(306688K), 0.0000526 secs]2016-06-27T18:58:14.340+0300: 1290.677: [CMS: 4628274K->3624157K(4902144K), 0.5535135 secs] 4934447K->3624157K(5208832K), [Metaspace: 9062K->9062K(1058816K)], 0.5537388 secs] [Times: user=0.55 sys=0.00, real=0.55 secs] 
2016-06-27T18:58:14.894+0300: 1291.230: Total time for which application threads were stopped: 0.5558912 seconds, Stopping threads took: 0.0016567 seconds
2016-06-27T18:58:15.220+0300: 1291.556: [GC (Allocation Failure) 2016-06-27T18:58:15.226+0300: 1291.562: [ParNew
Desired survivor size 17432576 bytes, new threshold 1 (max 6)
- age   1:   34846432 bytes,   34846432 total
: 271737K->34040K(306688K), 0.0366949 secs] 3895895K->3891210K(5208832K), 0.0426320 secs] [Times: user=0.13 sys=0.00, real=0.04 secs] 
2016-06-27T18:58:15.263+0300: 1291.599: Total time for which application threads were stopped: 0.0437644 seconds, Stopping threads took: 0.0007266 seconds
2016-06-27T18:58:15.588+0300: 1291.925: [GC (Allocation Failure) 2016-06-27T18:58:15.588+0300: 1291.925: [ParNew
Desired survivor size 17432576 bytes, new threshold 1 (max 6)
- age   1:   34846600 bytes,   34846600 total
: 305956K->34045K(306688K), 0.0396880 secs] 4163125K->4158250K(5208832K), 0.0398604 secs] [Times: user=0.13 sys=0.00, real=0.04 secs] 
2016-06-27T18:58:15.628+0300: 1291.965: Total time for which application threads were stopped: 0.0411502 seconds, Stopping threads took: 0.0007471 seconds
2016-06-27T18:58:15.961+0300: 1292.297: [GC (Allocation Failure) 2016-06-27T18:58:15.961+0300: 1292.297: [ParNew
Desired survivor size 17432576 bytes, new threshold 1 (max 6)
- age   1:   34844360 bytes,   34844360 total
: 305835K->34037K(306688K), 0.0395332 secs] 4430040K->4425275K(5208832K), 0.0396987 secs] [Times: user=0.13 sys=0.00, real=0.04 secs] 
2016-06-27T18:58:16.001+0300: 1292.337: Total time for which application threads were stopped: 0.0410907 seconds, Stopping threads took: 0.0008108 seconds
2016-06-27T18:58:16.393+0300: 1292.730: [GC (Allocation Failure) 2016-06-27T18:58:16.393+0300: 1292.730: [ParNew
Desired survivor size 17432576 bytes, new threshold 1 (max 6)
- age   1:   34847528 bytes,   34847528 total
: 306677K->34035K(306688K), 0.0406567 secs] 4697915K->4692305K(5208832K), 0.0408299 secs] [Times: user=0.19 sys=0.00, real=0.04 secs] 
2016-06-27T18:58:16.435+0300: 1292.771: Total time for which application threads were stopped: 0.0436639 seconds, Stopping threads took: 0.0022105 seconds
2016-06-27T18:58:16.545+0300: 1292.881: [GC (CMS Initial Mark) [1 CMS-initial-mark: 4658269K(4902144K)] 4771016K(5208832K), 0.0005679 secs] [Times: user=0.00 sys=0.00, real=0.00 secs] 
2016-06-27T18:58:16.546+0300: 1292.882: Total time for which application threads were stopped: 0.0039772 seconds, Stopping threads took: 0.0028435 seconds
2016-06-27T18:58:16.546+0300: 1292.882: [CMS-concurrent-mark-start]
2016-06-27T18:58:16.596+0300: 1292.933: Total time for which application threads were stopped: 0.0037309 seconds, Stopping threads took: 0.0022328 seconds
2016-06-27T18:58:16.607+0300: 1292.943: [CMS-concurrent-mark: 0.057/0.061 secs] [Times: user=0.25 sys=0.00, real=0.06 secs] 
2016-06-27T18:58:16.607+0300: 1292.943: [CMS-concurrent-preclean-start]
2016-06-27T18:58:16.619+0300: 1292.955: [CMS-concurrent-preclean: 0.012/0.012 secs] [Times: user=0.05 sys=0.00, real=0.01 secs] 
2016-06-27T18:58:16.619+0300: 1292.955: [CMS-concurrent-abortable-preclean-start]
2016-06-27T18:58:16.843+0300: 1293.179: [CMS-concurrent-abortable-preclean: 0.024/0.224 secs] [Times: user=0.81 sys=0.00, real=0.22 secs] 
2016-06-27T18:58:16.991+0300: 1293.328: [GC (CMS Final Remark) [YG occupancy: 306675 K (306688 K)]2016-06-27T18:58:16.991+0300: 1293.328: [Rescan (parallel) , 0.0059106 secs]2016-06-27T18:58:16.997+0300: 1293.334: [weak refs processing, 0.0000389 secs]2016-06-27T18:58:16.997+0300: 1293.334: [class unloading, 0.0024406 secs]2016-06-27T18:58:17.000+0300: 1293.336: [scrub symbol table, 0.0018770 secs]2016-06-27T18:58:17.002+0300: 1293.338: [scrub string table, 0.0003485 secs][1 CMS-remark: 4658269K(4902144K)] 4964945K(5208832K), 0.0109830 secs] [Times: user=0.00 sys=0.00, real=0.01 secs] 
2016-06-27T18:58:17.002+0300: 1293.339: Total time for which application threads were stopped: 0.0164561 seconds, Stopping threads took: 0.0051147 seconds
2016-06-27T18:58:17.003+0300: 1293.339: [CMS-concurrent-sweep-start]
2016-06-27T18:58:17.004+0300: 1293.340: [GC (Allocation Failure) 2016-06-27T18:58:17.004+0300: 1293.340: [ParNew: 306675K->306675K(306688K), 0.0000364 secs]2016-06-27T18:58:17.004+0300: 1293.341: [CMS2016-06-27T18:58:17.013+0300: 1293.350: [CMS-concurrent-sweep: 0.009/0.011 secs] [Times: user=0.02 sys=0.00, real=0.01 secs] 
 (concurrent mode failure): 4658269K->3591142K(4902144K), 0.7331531 secs] 4964945K->3591142K(5208832K), [Metaspace: 9062K->9062K(1058816K)], 0.7336073 secs] [Times: user=0.74 sys=0.00, real=0.73 secs] 
2016-06-27T18:58:17.738+0300: 1294.074: Total time for which application threads were stopped: 0.7340948 seconds, Stopping threads took: 0.0000689 seconds
2016-06-27T18:58:18.118+0300: 1294.454: [GC (Allocation Failure) 2016-06-27T18:58:18.118+0300: 1294.455: [ParNew
Desired survivor size 17432576 bytes, new threshold 1 (max 6)
- age   1:   34845032 bytes,   34845032 total
: 272059K->34045K(306688K), 0.0359845 secs] 3863202K->3858199K(5208832K), 0.0361282 secs] [Times: user=0.13 sys=0.00, real=0.04 secs] 
2016-06-27T18:58:18.154+0300: 1294.491: Total time for which application threads were stopped: 0.0426581 seconds, Stopping threads took: 0.0061433 seconds
2016-06-27T18:58:18.481+0300: 1294.817: [GC (Allocation Failure) 2016-06-27T18:58:18.481+0300: 1294.817: [ParNew
Desired survivor size 17432576 bytes, new threshold 1 (max 6)
- age   1:   34849056 bytes,   34849056 total
: 305788K->34048K(306688K), 0.0382131 secs] 4129942K->4125233K(5208832K), 0.0383610 secs] [Times: user=0.13 sys=0.00, real=0.04 secs] 
2016-06-27T18:58:18.520+0300: 1294.856: Total time for which application threads were stopped: 0.0438979 seconds, Stopping threads took: 0.0049484 seconds
2016-06-27T18:58:18.845+0300: 1295.181: [GC (Allocation Failure) 2016-06-27T18:58:18.848+0300: 1295.184: [ParNew
Desired survivor size 17432576 bytes, new threshold 1 (max 6)
- age   1:   34849400 bytes,   34849400 total
: 306193K->34046K(306688K), 0.0377080 secs] 4397379K->4392268K(5208832K), 0.0405694 secs] [Times: user=0.19 sys=0.00, real=0.04 secs] 
2016-06-27T18:58:18.886+0300: 1295.222: Total time for which application threads were stopped: 0.0443426 seconds, Stopping threads took: 0.0033143 seconds
2016-06-27T18:58:18.965+0300: 1295.302: Total time for which application threads were stopped: 0.0059102 seconds, Stopping threads took: 0.0038190 seconds
2016-06-27T18:58:19.291+0300: 1295.627: [GC (Allocation Failure) 2016-06-27T18:58:19.291+0300: 1295.627: [ParNew
Desired survivor size 17432576 bytes, new threshold 1 (max 6)
- age   1:   34864912 bytes,   34864912 total
: 306686K->34048K(306688K), 0.0384453 secs] 4664908K->4658360K(5208832K), 0.0386099 secs] [Times: user=0.13 sys=0.00, real=0.04 secs] 
2016-06-27T18:58:19.329+0300: 1295.666: Total time for which application threads were stopped: 0.0468829 seconds, Stopping threads took: 0.0078765 seconds
2016-06-27T18:58:19.679+0300: 1296.015: [GC (Allocation Failure) 2016-06-27T18:58:19.679+0300: 1296.015: [ParNew: 306058K->306058K(306688K), 0.0000351 secs]2016-06-27T18:58:19.679+0300: 1296.015: [CMS: 4624312K->3740160K(4902144K), 0.5770374 secs] 4930371K->3740160K(5208832K), [Metaspace: 9062K->9062K(1058816K)], 0.5772205 secs] [Times: user=0.56 sys=0.00, real=0.58 secs] 
2016-06-27T18:58:20.256+0300: 1296.592: Total time for which application threads were stopped: 0.5859977 seconds, Stopping threads took: 0.0084107 seconds
2016-06-27T18:58:20.582+0300: 1296.919: [GC (Allocation Failure) 2016-06-27T18:58:20.582+0300: 1296.919: [ParNew
Desired survivor size 17432576 bytes, new threshold 1 (max 6)
- age   1:   34855896 bytes,   34855896 total
: 272024K->34048K(306688K), 0.0347144 secs] 4012185K->4007232K(5208832K), 0.0348803 secs] [Times: user=0.19 sys=0.00, real=0.04 secs] 
2016-06-27T18:58:20.618+0300: 1296.954: Total time for which application threads were stopped: 0.0360722 seconds, Stopping threads took: 0.0007445 seconds
2016-06-27T18:58:20.938+0300: 1297.275: [GC (Allocation Failure) 2016-06-27T18:58:20.938+0300: 1297.275: [ParNew
Desired survivor size 17432576 bytes, new threshold 1 (max 6)
- age   1:   34847312 bytes,   34847312 total
: 306116K->34040K(306688K), 0.0444923 secs] 4279301K->4274271K(5208832K), 0.0446595 secs] [Times: user=0.14 sys=0.00, real=0.05 secs] 
2016-06-27T18:58:20.983+0300: 1297.320: Total time for which application threads were stopped: 0.0460032 seconds, Stopping threads took: 0.0009058 seconds
2016-06-27T18:58:21.298+0300: 1297.635: [GC (Allocation Failure) 2016-06-27T18:58:21.304+0300: 1297.641: [ParNew
Desired survivor size 17432576 bytes, new threshold 1 (max 6)
- age   1:   34851336 bytes,   34851336 total
: 306181K->34048K(306688K), 0.0386334 secs] 4546413K->4541313K(5208832K), 0.0447523 secs] [Times: user=0.13 sys=0.00, real=0.04 secs] 
2016-06-27T18:58:21.343+0300: 1297.679: Total time for which application threads were stopped: 0.0461037 seconds, Stopping threads took: 0.0009378 seconds
2016-06-27T18:58:21.523+0300: 1297.859: [GC (CMS Initial Mark) [1 CMS-initial-mark: 4507265K(4902144K)] 4697081K(5208832K), 0.0004969 secs] [Times: user=0.00 sys=0.00, real=0.00 secs] 
2016-06-27T18:58:21.524+0300: 1297.860: Total time for which application threads were stopped: 0.0011782 seconds, Stopping threads took: 0.0003550 seconds
2016-06-27T18:58:21.524+0300: 1297.860: [CMS-concurrent-mark-start]
2016-06-27T18:58:21.573+0300: 1297.910: [CMS-concurrent-mark: 0.050/0.050 secs] [Times: user=0.19 sys=0.00, real=0.05 secs] 
2016-06-27T18:58:21.573+0300: 1297.910: [CMS-concurrent-preclean-start]
2016-06-27T18:58:21.584+0300: 1297.920: [CMS-concurrent-preclean: 0.010/0.010 secs] [Times: user=0.06 sys=0.00, real=0.01 secs] 
2016-06-27T18:58:21.584+0300: 1297.920: [CMS-concurrent-abortable-preclean-start]
2016-06-27T18:58:21.740+0300: 1298.076: [GC (Allocation Failure) 2016-06-27T18:58:21.740+0300: 1298.076: [ParNew
Desired survivor size 17432576 bytes, new threshold 1 (max 6)
- age   1:   34863280 bytes,   34863280 total
: 306688K->34048K(306688K), 0.0388135 secs] 4813953K->4807411K(5208832K), 0.0389469 secs] [Times: user=0.13 sys=0.00, real=0.04 secs] 
2016-06-27T18:58:21.779+0300: 1298.115: Total time for which application threads were stopped: 0.0395867 seconds, Stopping threads took: 0.0003464 seconds
2016-06-27T18:58:21.781+0300: 1298.117: Total time for which application threads were stopped: 0.0012068 seconds, Stopping threads took: 0.0000654 seconds
2016-06-27T18:58:21.902+0300: 1298.238: [CMS-concurrent-abortable-preclean: 0.043/0.318 secs] [Times: user=1.22 sys=0.00, real=0.32 secs] 
2016-06-27T18:58:22.136+0300: 1298.472: [GC (Allocation Failure) 2016-06-27T18:58:22.136+0300: 1298.472: [ParNew: 306486K->306486K(306688K), 0.0000428 secs]2016-06-27T18:58:22.136+0300: 1298.472: [CMS (concurrent mode failure): 4773363K->3678161K(4902144K), 0.5585658 secs] 5079849K->3678161K(5208832K), [Metaspace: 9062K->9062K(1058816K)], 0.5587775 secs] [Times: user=0.56 sys=0.00, real=0.56 secs] 
2016-06-27T18:58:22.695+0300: 1299.031: Total time for which application threads were stopped: 0.5598222 seconds, Stopping threads took: 0.0006428 seconds
2016-06-27T18:58:23.010+0300: 1299.346: Total time for which application threads were stopped: 0.0019317 seconds, Stopping threads took: 0.0004850 seconds
2016-06-27T18:58:23.072+0300: 1299.409: [GC (Allocation Failure) 2016-06-27T18:58:23.072+0300: 1299.409: [ParNew
Desired survivor size 17432576 bytes, new threshold 1 (max 6)
- age   1:   34856232 bytes,   34856232 total
: 272640K->34048K(306688K), 0.0344151 secs] 3950801K->3944221K(5208832K), 0.0345635 secs] [Times: user=0.13 sys=0.00, real=0.04 secs] 
2016-06-27T18:58:23.107+0300: 1299.443: Total time for which application threads were stopped: 0.0349359 seconds, Stopping threads took: 0.0000855 seconds
2016-06-27T18:58:23.331+0300: 1299.667: Total time for which application threads were stopped: 0.0020562 seconds, Stopping threads took: 0.0005936 seconds
2016-06-27T18:58:23.341+0300: 1299.677: Total time for which application threads were stopped: 0.0004033 seconds, Stopping threads took: 0.0000911 seconds
2016-06-27T18:58:23.425+0300: 1299.775: [GC (Allocation Failure) 2016-06-27T18:58:23.425+0300: 1299.775: [ParNew
Desired survivor size 17432576 bytes, new threshold 1 (max 6)
- age   1:   34853288 bytes,   34853288 total
: 306436K->34048K(306688K), 0.0386600 secs] 4216609K->4212264K(5208832K), 0.0388242 secs] [Times: user=0.25 sys=0.00, real=0.05 secs] 
2016-06-27T18:58:23.478+0300: 1299.814: Total time for which application threads were stopped: 0.0394575 seconds, Stopping threads took: 0.0002476 seconds
2016-06-27T18:58:23.787+0300: 1300.124: [GC (Allocation Failure) 2016-06-27T18:58:23.787+0300: 1300.124: [ParNew
Desired survivor size 17432576 bytes, new threshold 1 (max 6)
- age   1:   34842904 bytes,   34842904 total
: 306120K->34037K(306688K), 0.0359880 secs] 4484336K->4456290K(5208832K), 0.0361163 secs] [Times: user=0.13 sys=0.00, real=0.04 secs] 
2016-06-27T18:58:23.823+0300: 1300.160: Total time for which application threads were stopped: 0.0372290 seconds, Stopping threads took: 0.0008292 seconds
2016-06-27T18:58:24.222+0300: 1300.558: [GC (Allocation Failure) 2016-06-27T18:58:24.222+0300: 1300.559: [ParNew
Desired survivor size 17432576 bytes, new threshold 1 (max 6)
- age   1:   34848392 bytes,   34848392 total
: 306194K->34043K(306688K), 0.0391766 secs] 4728447K->4722325K(5208832K), 0.0393523 secs] [Times: user=0.19 sys=0.00, real=0.04 secs] 
2016-06-27T18:58:24.262+0300: 1300.598: Total time for which application threads were stopped: 0.0413914 seconds, Stopping threads took: 0.0015896 seconds
2016-06-27T18:58:24.333+0300: 1300.669: Total time for which application threads were stopped: 0.0029192 seconds, Stopping threads took: 0.0012316 seconds
2016-06-27T18:58:24.646+0300: 1300.982: [GC (Allocation Failure) 2016-06-27T18:58:24.646+0300: 1300.983: [ParNew: 306046K->306046K(306688K), 0.0000355 secs]2016-06-27T18:58:24.646+0300: 1300.983: [CMS: 4688282K->3841183K(4902144K), 0.7767760 secs] 4994328K->3841183K(5208832K), [Metaspace: 9062K->9062K(1058816K)], 0.7769787 secs] [Times: user=0.76 sys=0.00, real=0.78 secs] 
2016-06-27T18:58:25.423+0300: 1301.760: Total time for which application threads were stopped: 0.7804730 seconds, Stopping threads took: 0.0030312 seconds
2016-06-27T18:58:25.755+0300: 1302.091: Total time for which application threads were stopped: 0.0069199 seconds, Stopping threads took: 0.0054381 seconds
2016-06-27T18:58:25.883+0300: 1302.219: [GC (Allocation Failure) 2016-06-27T18:58:25.883+0300: 1302.220: [ParNew
Desired survivor size 17432576 bytes, new threshold 1 (max 6)
- age   1:   34857608 bytes,   34857608 total
: 272640K->34046K(306688K), 0.0362022 secs] 4113823K->4107245K(5208832K), 0.0363788 secs] [Times: user=0.13 sys=0.00, real=0.04 secs] 
2016-06-27T18:58:25.919+0300: 1302.256: Total time for which application threads were stopped: 0.0405767 seconds, Stopping threads took: 0.0037599 seconds
2016-06-27T18:58:26.254+0300: 1302.590: [GC (Allocation Failure) 2016-06-27T18:58:26.254+0300: 1302.590: [ParNew
Desired survivor size 17432576 bytes, new threshold 1 (max 6)
- age   1:   34848136 bytes,   34848136 total
: 305962K->34038K(306688K), 0.0386745 secs] 4379162K->4373277K(5208832K), 0.0388447 secs] [Times: user=0.19 sys=0.00, real=0.04 secs] 
2016-06-27T18:58:26.293+0300: 1302.629: Total time for which application threads were stopped: 0.0426611 seconds, Stopping threads took: 0.0033780 seconds
2016-06-27T18:58:26.334+0300: 1302.670: Total time for which application threads were stopped: 0.0026468 seconds, Stopping threads took: 0.0012184 seconds
2016-06-27T18:58:26.638+0300: 1302.975: [GC (Allocation Failure) 2016-06-27T18:58:26.638+0300: 1302.975: [ParNew
Desired survivor size 17432576 bytes, new threshold 1 (max 6)
- age   1:   34852928 bytes,   34852928 total
: 306678K->34048K(306688K), 0.0412875 secs] 4645917K->4639321K(5208832K), 0.0414564 secs] [Times: user=0.17 sys=0.00, real=0.04 secs] 
2016-06-27T18:58:26.680+0300: 1303.016: Total time for which application threads were stopped: 0.0444803 seconds, Stopping threads took: 0.0026258 seconds
2016-06-27T18:58:27.010+0300: 1303.347: [GC (Allocation Failure) 2016-06-27T18:58:27.010+0300: 1303.347: [ParNew: 306202K->306202K(306688K), 0.0001339 secs]2016-06-27T18:58:27.011+0300: 1303.347: [CMS: 4605273K->3796182K(4902144K), 0.5937801 secs] 4911476K->3796182K(5208832K), [Metaspace: 9062K->9062K(1058816K)], 0.5940855 secs] [Times: user=0.59 sys=0.00, real=0.60 secs] 
2016-06-27T18:58:27.605+0300: 1303.941: Total time for which application threads were stopped: 0.5981191 seconds, Stopping threads took: 0.0036141 seconds
2016-06-27T18:58:27.775+0300: 1304.112: Total time for which application threads were stopped: 0.0015823 seconds, Stopping threads took: 0.0003661 seconds
2016-06-27T18:58:27.975+0300: 1304.311: [GC (Allocation Failure) 2016-06-27T18:58:27.975+0300: 1304.311: [ParNew
Desired survivor size 17432576 bytes, new threshold 1 (max 6)
- age   1:   34853968 bytes,   34853968 total
: 272640K->34048K(306688K), 0.0365093 secs] 4068822K->4063241K(5208832K), 0.0366572 secs] [Times: user=0.13 sys=0.00, real=0.04 secs] 
2016-06-27T18:58:28.012+0300: 1304.348: Total time for which application threads were stopped: 0.0373766 seconds, Stopping threads took: 0.0003725 seconds
2016-06-27T18:58:28.326+0300: 1304.662: [GC (Allocation Failure) 2016-06-27T18:58:28.326+0300: 1304.662: [ParNew
Desired survivor size 17432576 bytes, new threshold 1 (max 6)
- age   1:   34847816 bytes,   34847816 total
: 306121K->34045K(306688K), 0.0385890 secs] 4335314K->4329276K(5208832K), 0.0387626 secs] [Times: user=0.19 sys=0.00, real=0.04 secs] 
2016-06-27T18:58:28.365+0300: 1304.701: Total time for which application threads were stopped: 0.0395828 seconds, Stopping threads took: 0.0004024 seconds
2016-06-27T18:58:28.368+0300: 1304.704: Total time for which application threads were stopped: 0.0014373 seconds, Stopping threads took: 0.0000676 seconds
2016-06-27T18:58:28.743+0300: 1305.080: [GC (Allocation Failure) 2016-06-27T18:58:28.743+0300: 1305.080: [ParNew
Desired survivor size 17432576 bytes, new threshold 1 (max 6)
- age   1:   34852816 bytes,   34852816 total
: 306685K->34048K(306688K), 0.0395786 secs] 4601916K->4594313K(5208832K), 0.0397381 secs] [Times: user=0.13 sys=0.00, real=0.04 secs] 
2016-06-27T18:58:28.783+0300: 1305.119: Total time for which application threads were stopped: 0.0415646 seconds, Stopping threads took: 0.0013920 seconds
2016-06-27T18:58:29.175+0300: 1305.511: [GC (Allocation Failure) 2016-06-27T18:58:29.175+0300: 1305.511: [ParNew
Desired survivor size 17432576 bytes, new threshold 1 (max 6)
- age   1:   34845528 bytes,   34845528 total
: 306332K->34035K(306688K), 0.0391663 secs] 4866597K->4861339K(5208832K), 0.0393356 secs] [Times: user=0.19 sys=0.00, real=0.04 secs] 
2016-06-27T18:58:29.214+0300: 1305.551: Total time for which application threads were stopped: 0.0424776 seconds, Stopping threads took: 0.0026741 seconds
2016-06-27T18:58:29.214+0300: 1305.551: [GC (CMS Initial Mark) [1 CMS-initial-mark: 4827304K(4902144K)] 4862339K(5208832K), 0.0005448 secs] [Times: user=0.00 sys=0.00, real=0.00 secs] 
2016-06-27T18:58:29.215+0300: 1305.552: Total time for which application threads were stopped: 0.0010157 seconds, Stopping threads took: 0.0000847 seconds
2016-06-27T18:58:29.215+0300: 1305.552: [CMS-concurrent-mark-start]
2016-06-27T18:58:29.273+0300: 1305.609: [CMS-concurrent-mark: 0.058/0.058 secs] [Times: user=0.25 sys=0.00, real=0.06 secs] 
2016-06-27T18:58:29.273+0300: 1305.609: [CMS-concurrent-preclean-start]
2016-06-27T18:58:29.285+0300: 1305.621: [CMS-concurrent-preclean: 0.012/0.012 secs] [Times: user=0.00 sys=0.00, real=0.01 secs] 
2016-06-27T18:58:29.285+0300: 1305.621: [CMS-concurrent-abortable-preclean-start]
2016-06-27T18:58:29.341+0300: 1305.677: Total time for which application threads were stopped: 0.0041341 seconds, Stopping threads took: 0.0022922 seconds
2016-06-27T18:58:29.341+0300: 1305.677: [CMS-concurrent-abortable-preclean: 0.012/0.056 secs] [Times: user=0.25 sys=0.00, real=0.06 secs] 
2016-06-27T18:58:29.622+0300: 1305.958: [GC (Allocation Failure) 2016-06-27T18:58:29.622+0300: 1305.958: [ParNew: 306544K->306544K(306688K), 0.0000338 secs]2016-06-27T18:58:29.622+0300: 1305.958: [CMS (concurrent mode failure): 4827304K->3988199K(4902144K), 0.6717723 secs] 5133848K->3988199K(5208832K), [Metaspace: 9062K->9062K(1058816K)], 0.6719767 secs] [Times: user=0.67 sys=0.00, real=0.67 secs] 
2016-06-27T18:58:30.294+0300: 1306.630: Total time for which application threads were stopped: 0.6736309 seconds, Stopping threads took: 0.0011897 seconds
2016-06-27T18:58:30.338+0300: 1306.674: Total time for which application threads were stopped: 0.0011902 seconds, Stopping threads took: 0.0000813 seconds
2016-06-27T18:58:30.622+0300: 1306.959: [GC (Allocation Failure) 2016-06-27T18:58:30.622+0300: 1306.959: [ParNew
Desired survivor size 17432576 bytes, new threshold 1 (max 6)
- age   1:   34852240 bytes,   34852240 total
: 272640K->34045K(306688K), 0.0354573 secs] 4260839K->4255256K(5208832K), 0.0355808 secs] [Times: user=0.13 sys=0.00, real=0.04 secs] 
2016-06-27T18:58:30.658+0300: 1306.995: Total time for which application threads were stopped: 0.0363412 seconds, Stopping threads took: 0.0004123 seconds
2016-06-27T18:58:31.004+0300: 1307.340: [GC (Allocation Failure) 2016-06-27T18:58:31.004+0300: 1307.340: [ParNew
Desired survivor size 17432576 bytes, new threshold 1 (max 6)
- age   1:   34851536 bytes,   34851536 total
: 306527K->34048K(306688K), 0.0389747 secs] 4527738K->4522298K(5208832K), 0.0391244 secs] [Times: user=0.17 sys=0.00, real=0.04 secs] 
2016-06-27T18:58:31.043+0300: 1307.379: Total time for which application threads were stopped: 0.0403479 seconds, Stopping threads took: 0.0008104 seconds
2016-06-27T18:58:31.339+0300: 1307.676: Total time for which application threads were stopped: 0.0018941 seconds, Stopping threads took: 0.0005932 seconds
2016-06-27T18:58:31.447+0300: 1307.783: [GC (Allocation Failure) 2016-06-27T18:58:31.447+0300: 1307.783: [ParNew
Desired survivor size 17432576 bytes, new threshold 1 (max 6)
- age   1:   34854280 bytes,   34854280 total
: 306688K->34048K(306688K), 0.0381835 secs] 4794938K->4788340K(5208832K), 0.0442314 secs] [Times: user=0.13 sys=0.00, real=0.04 secs] 
2016-06-27T18:58:31.491+0300: 1307.827: Total time for which application threads were stopped: 0.0447006 seconds, Stopping threads took: 0.0000941 seconds
2016-06-27T18:58:31.800+0300: 1308.136: [GC (Allocation Failure) 2016-06-27T18:58:31.800+0300: 1308.136: [ParNew: 305890K->305890K(306688K), 0.0000334 secs]2016-06-27T18:58:31.800+0300: 1308.136: [CMS: 4754292K->3870184K(4902144K), 0.6437289 secs] 5060182K->3870184K(5208832K), [Metaspace: 9062K->9062K(1058816K)], 0.6439341 secs] [Times: user=0.66 sys=0.00, real=0.64 secs] 
2016-06-27T18:58:32.444+0300: 1308.780: Total time for which application threads were stopped: 0.6449049 seconds, Stopping threads took: 0.0005799 seconds
2016-06-27T18:58:32.447+0300: 1308.784: Total time for which application threads were stopped: 0.0020621 seconds, Stopping threads took: 0.0001189 seconds
2016-06-27T18:58:32.800+0300: 1309.137: [GC (Allocation Failure) 2016-06-27T18:58:32.800+0300: 1309.137: [ParNew
Desired survivor size 17432576 bytes, new threshold 1 (max 6)
- age   1:   34852832 bytes,   34852832 total
: 272269K->34048K(306688K), 0.0356163 secs] 4142453K->4136257K(5208832K), 0.0357823 secs] [Times: user=0.19 sys=0.00, real=0.04 secs] 
2016-06-27T18:58:32.836+0300: 1309.172: Total time for which application threads were stopped: 0.0375309 seconds, Stopping threads took: 0.0013552 seconds
2016-06-27T18:58:33.158+0300: 1309.495: [GC (Allocation Failure) 2016-06-27T18:58:33.158+0300: 1309.495: [ParNew
Desired survivor size 17432576 bytes, new threshold 1 (max 6)
- age   1:   34864184 bytes,   34864184 total
: 306116K->34048K(306688K), 0.0405463 secs] 4408325K->4403301K(5208832K), 0.0407247 secs] [Times: user=0.17 sys=0.00, real=0.04 secs] 
2016-06-27T18:58:33.199+0300: 1309.536: Total time for which application threads were stopped: 0.0446133 seconds, Stopping threads took: 0.0034785 seconds
2016-06-27T18:58:33.388+0300: 1309.724: Total time for which application threads were stopped: 0.0040986 seconds, Stopping threads took: 0.0025048 seconds
2016-06-27T18:58:33.567+0300: 1309.903: [GC (Allocation Failure) 2016-06-27T18:58:33.567+0300: 1309.903: [ParNew
Desired survivor size 17432576 bytes, new threshold 1 (max 6)
- age   1:   34860064 bytes,   34860064 total
: 306688K->34048K(306688K), 0.0472023 secs] 4675941K->4670352K(5208832K), 0.0473713 secs] [Times: user=0.14 sys=0.00, real=0.05 secs] 
2016-06-27T18:58:33.614+0300: 1309.951: Total time for which application threads were stopped: 0.0484464 seconds, Stopping threads took: 0.0007082 seconds
2016-06-27T18:58:33.783+0300: 1310.120: Total time for which application threads were stopped: 0.0013617 seconds, Stopping threads took: 0.0007604 seconds
2016-06-27T18:58:33.956+0300: 1310.292: [GC (Allocation Failure) 2016-06-27T18:58:33.956+0300: 1310.292: [ParNew: 306291K->306291K(306688K), 0.0000355 secs]2016-06-27T18:58:33.956+0300: 1310.292: [CMS: 4636304K->3843186K(4902144K), 0.6428526 secs] 4942596K->3843186K(5208832K), [Metaspace: 9062K->9062K(1058816K)], 0.6430348 secs] [Times: user=0.66 sys=0.00, real=0.64 secs] 
2016-06-27T18:58:34.599+0300: 1310.935: Total time for which application threads were stopped: 0.6504486 seconds, Stopping threads took: 0.0070687 seconds
2016-06-27T18:58:34.786+0300: 1311.122: Total time for which application threads were stopped: 0.0015571 seconds, Stopping threads took: 0.0003460 seconds
2016-06-27T18:58:34.937+0300: 1311.273: [GC (Allocation Failure) 2016-06-27T18:58:34.937+0300: 1311.273: [ParNew
Desired survivor size 17432576 bytes, new threshold 1 (max 6)
- age   1:   34860136 bytes,   34860136 total
: 272640K->34048K(306688K), 0.0357968 secs] 4115826K->4110261K(5208832K), 0.0359354 secs] [Times: user=0.13 sys=0.00, real=0.04 secs] 
2016-06-27T18:58:34.973+0300: 1311.309: Total time for which application threads were stopped: 0.0365294 seconds, Stopping threads took: 0.0003331 seconds
2016-06-27T18:58:35.291+0300: 1311.627: [GC (Allocation Failure) 2016-06-27T18:58:35.291+0300: 1311.627: [ParNew
Desired survivor size 17432576 bytes, new threshold 1 (max 6)
- age   1:   34852720 bytes,   34852720 total
: 306559K->34048K(306688K), 0.0377957 secs] 4382773K->4375309K(5208832K), 0.0379607 secs] [Times: user=0.13 sys=0.00, real=0.04 secs] 
2016-06-27T18:58:35.329+0300: 1311.665: Total time for which application threads were stopped: 0.0388853 seconds, Stopping threads took: 0.0006496 seconds
2016-06-27T18:58:35.384+0300: 1311.720: Total time for which application threads were stopped: 0.0020275 seconds, Stopping threads took: 0.0002472 seconds
2016-06-27T18:58:35.694+0300: 1312.030: [GC (Allocation Failure) 2016-06-27T18:58:35.694+0300: 1312.030: [ParNew
Desired survivor size 17432576 bytes, new threshold 1 (max 6)
- age   1:   34859536 bytes,   34859536 total
: 305905K->34047K(306688K), 0.0391689 secs] 4647167K->4639351K(5208832K), 0.0392980 secs] [Times: user=0.13 sys=0.00, real=0.04 secs] 
2016-06-27T18:58:35.733+0300: 1312.069: Total time for which application threads were stopped: 0.0407093 seconds, Stopping threads took: 0.0010054 seconds
2016-06-27T18:58:36.046+0300: 1312.382: [GC (Allocation Failure) 2016-06-27T18:58:36.046+0300: 1312.382: [ParNew: 305744K->305744K(306688K), 0.0000475 secs]2016-06-27T18:58:36.046+0300: 1312.382: [CMS: 4605304K->3751179K(4902144K), 0.5682936 secs] 4911048K->3751179K(5208832K), [Metaspace: 9062K->9062K(1058816K)], 0.5685169 secs] [Times: user=0.58 sys=0.00, real=0.57 secs] 
2016-06-27T18:58:36.614+0300: 1312.951: Total time for which application threads were stopped: 0.5699324 seconds, Stopping threads took: 0.0009058 seconds
2016-06-27T18:58:36.775+0300: 1313.112: Total time for which application threads were stopped: 0.0016084 seconds, Stopping threads took: 0.0002784 seconds
2016-06-27T18:58:36.982+0300: 1313.319: [GC (Allocation Failure) 2016-06-27T18:58:36.982+0300: 1313.319: [ParNew
Desired survivor size 17432576 bytes, new threshold 1 (max 6)
- age   1:   34860224 bytes,   34860224 total
: 272640K->34048K(306688K), 0.0353118 secs] 4023819K->4017247K(5208832K), 0.0354611 secs] [Times: user=0.13 sys=0.00, real=0.04 secs] 
2016-06-27T18:58:37.018+0300: 1313.354: Total time for which application threads were stopped: 0.0360637 seconds, Stopping threads took: 0.0003421 seconds
2016-06-27T18:58:37.331+0300: 1313.668: [GC (Allocation Failure) 2016-06-27T18:58:37.331+0300: 1313.668: [ParNew
Desired survivor size 17432576 bytes, new threshold 1 (max 6)
- age   1:   34859264 bytes,   34859264 total
: 306624K->34048K(306688K), 0.0382237 secs] 4289823K->4283298K(5208832K), 0.0383610 secs] [Times: user=0.17 sys=0.00, real=0.04 secs] 
2016-06-27T18:58:37.370+0300: 1313.706: Total time for which application threads were stopped: 0.0402389 seconds, Stopping threads took: 0.0014763 seconds
2016-06-27T18:58:37.420+0300: 1313.757: Total time for which application threads were stopped: 0.0014399 seconds, Stopping threads took: 0.0003383 seconds
2016-06-27T18:58:37.726+0300: 1314.062: [GC (Allocation Failure) 2016-06-27T18:58:37.726+0300: 1314.062: [ParNew
Desired survivor size 17432576 bytes, new threshold 1 (max 6)
- age   1:   34855240 bytes,   34855240 total
: 306660K->34048K(306688K), 0.0395674 secs] 4555910K->4550353K(5208832K), 0.0396966 secs] [Times: user=0.13 sys=0.00, real=0.04 secs] 
2016-06-27T18:58:37.766+0300: 1314.102: Total time for which application threads were stopped: 0.0404664 seconds, Stopping threads took: 0.0004922 seconds
2016-06-27T18:58:38.087+0300: 1314.423: [GC (Allocation Failure) 2016-06-27T18:58:38.087+0300: 1314.423: [ParNew
Desired survivor size 17432576 bytes, new threshold 1 (max 6)
- age   1:   34858328 bytes,   34858328 total
: 306264K->34048K(306688K), 0.0376195 secs] 4822569K->4816391K(5208832K), 0.0377555 secs] [Times: user=0.13 sys=0.00, real=0.04 secs] 
2016-06-27T18:58:38.125+0300: 1314.461: Total time for which application threads were stopped: 0.0385342 seconds, Stopping threads took: 0.0004319 seconds
2016-06-27T18:58:38.380+0300: 1314.716: Total time for which application threads were stopped: 0.0016229 seconds, Stopping threads took: 0.0004392 seconds
2016-06-27T18:58:38.495+0300: 1314.831: [GC (Allocation Failure) 2016-06-27T18:58:38.495+0300: 1314.831: [ParNew: 306688K->306688K(306688K), 0.0000244 secs]2016-06-27T18:58:38.495+0300: 1314.831: [CMS: 4782343K->3837192K(4902144K), 0.5779086 secs] 5089031K->3837192K(5208832K), [Metaspace: 9062K->9062K(1058816K)], 0.5780604 secs] [Times: user=0.58 sys=0.00, real=0.58 secs] 
2016-06-27T18:58:39.073+0300: 1315.409: Total time for which application threads were stopped: 0.5785308 seconds, Stopping threads took: 0.0001830 seconds
2016-06-27T18:58:39.391+0300: 1315.727: Total time for which application threads were stopped: 0.0019574 seconds, Stopping threads took: 0.0005786 seconds
2016-06-27T18:58:39.427+0300: 1315.764: [GC (Allocation Failure) 2016-06-27T18:58:39.427+0300: 1315.764: [ParNew
Desired survivor size 17432576 bytes, new threshold 1 (max 6)
- age   1:   34860144 bytes,   34860144 total
: 272640K->34048K(306688K), 0.0341473 secs] 4109832K->4104265K(5208832K), 0.0343171 secs] [Times: user=0.13 sys=0.00, real=0.03 secs] 
2016-06-27T18:58:39.461+0300: 1315.798: Total time for which application threads were stopped: 0.0347700 seconds, Stopping threads took: 0.0000847 seconds
2016-06-27T18:58:39.772+0300: 1316.108: [GC (Allocation Failure) 2016-06-27T18:58:39.772+0300: 1316.108: [ParNew
Desired survivor size 17432576 bytes, new threshold 1 (max 6)
- age   1:   34853288 bytes,   34853288 total
: 306617K->34048K(306688K), 0.0388019 secs] 4376834K->4372314K(5208832K), 0.0390513 secs] [Times: user=0.13 sys=0.00, real=0.04 secs] 
2016-06-27T18:58:39.811+0300: 1316.147: Total time for which application threads were stopped: 0.0413837 seconds, Stopping threads took: 0.0019505 seconds
2016-06-27T18:58:40.131+0300: 1316.467: [GC (Allocation Failure) 2016-06-27T18:58:40.131+0300: 1316.467: [ParNew
Desired survivor size 17432576 bytes, new threshold 1 (max 6)
- age   1:   34853488 bytes,   34853488 total
: 306116K->34047K(306688K), 0.0384102 secs] 4644382K->4639353K(5208832K), 0.0385834 secs] [Times: user=0.13 sys=0.00, real=0.04 secs] 
2016-06-27T18:58:40.169+0300: 1316.506: Total time for which application threads were stopped: 0.0427103 seconds, Stopping threads took: 0.0037078 seconds
2016-06-27T18:58:40.301+0300: 1316.637: [GC (CMS Initial Mark) [1 CMS-initial-mark: 4605306K(4902144K)] 4749507K(5208832K), 0.0004516 secs] [Times: user=0.06 sys=0.00, real=0.00 secs] 
2016-06-27T18:58:40.301+0300: 1316.638: Total time for which application threads were stopped: 0.0033344 seconds, Stopping threads took: 0.0025048 seconds
2016-06-27T18:58:40.301+0300: 1316.638: [CMS-concurrent-mark-start]
2016-06-27T18:58:40.351+0300: 1316.688: [CMS-concurrent-mark: 0.050/0.050 secs] [Times: user=0.16 sys=0.00, real=0.05 secs] 
2016-06-27T18:58:40.352+0300: 1316.688: [CMS-concurrent-preclean-start]
2016-06-27T18:58:40.362+0300: 1316.698: [CMS-concurrent-preclean: 0.010/0.010 secs] [Times: user=0.00 sys=0.00, real=0.01 secs] 
2016-06-27T18:58:40.362+0300: 1316.698: [CMS-concurrent-abortable-preclean-start]
2016-06-27T18:58:40.393+0300: 1316.730: Total time for which application threads were stopped: 0.0135058 seconds, Stopping threads took: 0.0116690 seconds
2016-06-27T18:58:40.576+0300: 1316.912: [GC (Allocation Failure) 2016-06-27T18:58:40.576+0300: 1316.912: [ParNew: 306687K->306687K(306688K), 0.0000321 secs]2016-06-27T18:58:40.576+0300: 1316.912: [CMS2016-06-27T18:58:40.577+0300: 1316.913: [CMS-concurrent-abortable-preclean: 0.034/0.215 secs] [Times: user=0.81 sys=0.02, real=0.21 secs] 
 (concurrent mode failure): 4605306K->3826189K(4902144K), 0.6840977 secs] 4911993K->3826189K(5208832K), [Metaspace: 9062K->9062K(1058816K)], 0.6842940 secs] [Times: user=0.69 sys=0.00, real=0.68 secs] 
2016-06-27T18:58:41.260+0300: 1317.597: Total time for which application threads were stopped: 0.6906994 seconds, Stopping threads took: 0.0060184 seconds
2016-06-27T18:58:41.410+0300: 1317.746: Total time for which application threads were stopped: 0.0024804 seconds, Stopping threads took: 0.0005983 seconds
2016-06-27T18:58:41.625+0300: 1317.961: [GC (Allocation Failure) 2016-06-27T18:58:41.625+0300: 1317.962: [ParNew
Desired survivor size 17432576 bytes, new threshold 1 (max 6)
- age   1:   33854608 bytes,   33854608 total
: 272640K->33073K(306688K), 0.0352289 secs] 4098829K->4092274K(5208832K), 0.0354012 secs] [Times: user=0.13 sys=0.00, real=0.04 secs] 
2016-06-27T18:58:41.661+0300: 1317.997: Total time for which application threads were stopped: 0.0366671 seconds, Stopping threads took: 0.0008643 seconds
2016-06-27T18:58:41.973+0300: 1318.309: [GC (Allocation Failure) 2016-06-27T18:58:41.979+0300: 1318.315: [ParNew
Desired survivor size 17432576 bytes, new threshold 1 (max 6)
- age   1:   33823112 bytes,   33823112 total
: 305129K->33055K(306688K), 0.0403890 secs] 4364330K->4359329K(5208832K), 0.0461135 secs] [Times: user=0.09 sys=0.00, real=0.04 secs] 
2016-06-27T18:58:42.017+0300: 1318.355: Total time for which application threads were stopped: 0.0482035 seconds, Stopping threads took: 0.0017961 seconds
2016-06-27T18:58:42.017+0300: 1318.356: [GC (CMS Initial Mark) [1 CMS-initial-mark: 4326274K(4902144K)] 4361438K(5208832K), 0.0003468 secs] [Times: user=0.00 sys=0.00, real=0.00 secs] 
2016-06-27T18:58:42.017+0300: 1318.356: Total time for which application threads were stopped: 0.0006774 seconds, Stopping threads took: 0.0000975 seconds
2016-06-27T18:58:42.017+0300: 1318.356: [CMS-concurrent-mark-start]
2016-06-27T18:58:42.070+0300: 1318.406: [CMS-concurrent-mark: 0.050/0.050 secs] [Times: user=0.22 sys=0.02, real=0.05 secs] 
2016-06-27T18:58:42.070+0300: 1318.406: [CMS-concurrent-preclean-start]
2016-06-27T18:58:42.080+0300: 1318.416: [CMS-concurrent-preclean: 0.010/0.010 secs] [Times: user=0.00 sys=0.00, real=0.01 secs] 
2016-06-27T18:58:42.080+0300: 1318.416: [CMS-concurrent-abortable-preclean-start]
2016-06-27T18:58:42.378+0300: 1318.714: [GC (Allocation Failure) 2016-06-27T18:58:42.378+0300: 1318.714: [ParNew
Desired survivor size 17432576 bytes, new threshold 1 (max 6)
- age   1:   34861168 bytes,   34861168 total
: 305302K->34048K(306688K), 0.0401443 secs] 4631577K->4626360K(5208832K), 0.0403047 secs] [Times: user=0.17 sys=0.00, real=0.04 secs] 
2016-06-27T18:58:42.418+0300: 1318.755: Total time for which application threads were stopped: 0.0429895 seconds, Stopping threads took: 0.0020151 seconds
2016-06-27T18:58:42.757+0300: 1319.093: [GC (Allocation Failure) 2016-06-27T18:58:42.757+0300: 1319.094: [ParNew2016-06-27T18:58:42.789+0300: 1319.125: [CMS-concurrent-abortable-preclean: 0.086/0.709 secs] [Times: user=2.75 sys=0.02, real=0.71 secs] 

Desired survivor size 17432576 bytes, new threshold 1 (max 6)
- age   1:   34845400 bytes,   34845400 total
: 305959K->34048K(306688K), 0.0379513 secs] 4898271K->4893412K(5208832K), 0.0380805 secs] [Times: user=0.13 sys=0.00, real=0.04 secs] 
2016-06-27T18:58:42.795+0300: 1319.132: Total time for which application threads were stopped: 0.0392715 seconds, Stopping threads took: 0.0008100 seconds
2016-06-27T18:58:42.798+0300: 1319.134: [GC (CMS Final Remark) [YG occupancy: 35197 K (306688 K)]2016-06-27T18:58:42.798+0300: 1319.135: [Rescan (parallel) , 0.0042428 secs]2016-06-27T18:58:42.803+0300: 1319.139: [weak refs processing, 0.0000265 secs]2016-06-27T18:58:42.803+0300: 1319.139: [class unloading, 0.0023829 secs]2016-06-27T18:58:42.805+0300: 1319.141: [scrub symbol table, 0.0008001 secs]2016-06-27T18:58:42.806+0300: 1319.142: [scrub string table, 0.0003058 secs][1 CMS-remark: 4859364K(4902144K)] 4894561K(5208832K), 0.0080604 secs] [Times: user=0.06 sys=0.00, real=0.01 secs] 
2016-06-27T18:58:42.806+0300: 1319.143: Total time for which application threads were stopped: 0.0085338 seconds, Stopping threads took: 0.0000552 seconds
2016-06-27T18:58:42.806+0300: 1319.143: [CMS-concurrent-sweep-start]
2016-06-27T18:58:42.815+0300: 1319.151: [CMS-concurrent-sweep: 0.009/0.009 secs] [Times: user=0.00 sys=0.00, real=0.01 secs] 
2016-06-27T18:58:42.815+0300: 1319.152: [CMS-concurrent-reset-start]
2016-06-27T18:58:42.821+0300: 1319.157: [CMS-concurrent-reset: 0.006/0.006 secs] [Times: user=0.06 sys=0.00, real=0.01 secs] 
2016-06-27T18:58:43.123+0300: 1319.460: [GC (Allocation Failure) 2016-06-27T18:58:43.123+0300: 1319.460: [ParNew
Desired survivor size 17432576 bytes, new threshold 1 (max 6)
- age   1:   34843416 bytes,   34843416 total
: 306234K->34041K(306688K), 0.0381130 secs] 4670501K->4665339K(5208832K), 0.0382302 secs] [Times: user=0.19 sys=0.00, real=0.04 secs] 
2016-06-27T18:58:43.162+0300: 1319.498: Total time for which application threads were stopped: 0.0391586 seconds, Stopping threads took: 0.0005448 seconds
2016-06-27T18:58:43.526+0300: 1319.862: Total time for which application threads were stopped: 0.0017110 seconds, Stopping threads took: 0.0005936 seconds
2016-06-27T18:58:43.587+0300: 1319.924: [GC (Allocation Failure) 2016-06-27T18:58:43.588+0300: 1319.924: [ParNew: 306681K->306681K(306688K), 0.0000231 secs]2016-06-27T18:58:43.588+0300: 1319.924: [CMS: 4631298K->3927176K(4902144K), 0.6022288 secs] 4937979K->3927176K(5208832K), [Metaspace: 9062K->9062K(1058816K)], 0.6023790 secs] [Times: user=0.59 sys=0.00, real=0.60 secs] 
2016-06-27T18:58:44.190+0300: 1320.527: Total time for which application threads were stopped: 0.6027643 seconds, Stopping threads took: 0.0000932 seconds
2016-06-27T18:58:44.381+0300: 1320.717: Total time for which application threads were stopped: 0.0010897 seconds, Stopping threads took: 0.0002540 seconds
2016-06-27T18:58:44.391+0300: 1320.727: Total time for which application threads were stopped: 0.0003511 seconds, Stopping threads took: 0.0000718 seconds
2016-06-27T18:58:44.537+0300: 1320.873: [GC (Allocation Failure) 2016-06-27T18:58:44.543+0300: 1320.879: [ParNew
Desired survivor size 17432576 bytes, new threshold 1 (max 6)
- age   1:   34864856 bytes,   34864856 total
: 272640K->34048K(306688K), 0.0344275 secs] 4199816K->4194298K(5208832K), 0.0404454 secs] [Times: user=0.06 sys=0.00, real=0.03 secs] 
2016-06-27T18:58:44.563+0300: 1320.914: Total time for which application threads were stopped: 0.0409817 seconds, Stopping threads took: 0.0002750 seconds
2016-06-27T18:58:44.887+0300: 1321.223: [GC (Allocation Failure) 2016-06-27T18:58:44.887+0300: 1321.223: [ParNew
Desired survivor size 17432576 bytes, new threshold 1 (max 6)
- age   1:   34856520 bytes,   34856520 total
: 305727K->34048K(306688K), 0.0375305 secs] 4465978K->4453350K(5208832K), 0.0376438 secs] [Times: user=0.13 sys=0.00, real=0.04 secs] 
2016-06-27T18:58:44.925+0300: 1321.261: Total time for which application threads were stopped: 0.0385299 seconds, Stopping threads took: 0.0005940 seconds
2016-06-27T18:58:44.930+0300: 1321.267: [GC (CMS Initial Mark) [1 CMS-initial-mark: 4419302K(4902144K)] 4458748K(5208832K), 0.0003588 secs] [Times: user=0.00 sys=0.00, real=0.00 secs] 
2016-06-27T18:58:44.931+0300: 1321.267: Total time for which application threads were stopped: 0.0006783 seconds, Stopping threads took: 0.0001056 seconds
2016-06-27T18:58:44.931+0300: 1321.267: [CMS-concurrent-mark-start]
2016-06-27T18:58:44.980+0300: 1321.317: [CMS-concurrent-mark: 0.049/0.049 secs] [Times: user=0.19 sys=0.00, real=0.05 secs] 
2016-06-27T18:58:44.980+0300: 1321.317: [CMS-concurrent-preclean-start]
2016-06-27T18:58:44.990+0300: 1321.327: [CMS-concurrent-preclean: 0.010/0.010 secs] [Times: user=0.06 sys=0.00, real=0.01 secs] 
2016-06-27T18:58:44.990+0300: 1321.327: [CMS-concurrent-abortable-preclean-start]
2016-06-27T18:58:45.284+0300: 1321.620: [GC (Allocation Failure) 2016-06-27T18:58:45.284+0300: 1321.620: [ParNew2016-06-27T18:58:45.322+0300: 1321.658: [CMS-concurrent-abortable-preclean: 0.032/0.332 secs] [Times: user=1.30 sys=0.01, real=0.33 secs] 

Desired survivor size 17432576 bytes, new threshold 1 (max 6)
- age   1:   34854104 bytes,   34854104 total
: 305817K->34048K(306688K), 0.0386454 secs] 4725120K->4719392K(5208832K), 0.0387613 secs] [Times: user=0.19 sys=0.00, real=0.04 secs] 
2016-06-27T18:58:45.322+0300: 1321.659: Total time for which application threads were stopped: 0.0407858 seconds, Stopping threads took: 0.0017286 seconds
2016-06-27T18:58:45.382+0300: 1321.718: Total time for which application threads were stopped: 0.0020694 seconds, Stopping threads took: 0.0004691 seconds
2016-06-27T18:58:45.671+0300: 1322.008: [GC (Allocation Failure) 2016-06-27T18:58:45.671+0300: 1322.008: [ParNew: 305885K->305885K(306688K), 0.0000269 secs]2016-06-27T18:58:45.671+0300: 1322.008: [CMS (concurrent mode failure): 4685344K->3971179K(4902144K), 0.6064186 secs] 4991230K->3971179K(5208832K), [Metaspace: 9062K->9062K(1058816K)], 0.6065730 secs] [Times: user=0.61 sys=0.00, real=0.61 secs] 
2016-06-27T18:58:46.278+0300: 1322.614: Total time for which application threads were stopped: 0.6076241 seconds, Stopping threads took: 0.0007762 seconds
2016-06-27T18:58:46.412+0300: 1322.748: Total time for which application threads were stopped: 0.0023038 seconds, Stopping threads took: 0.0004726 seconds
2016-06-27T18:58:46.637+0300: 1322.973: [GC (Allocation Failure) 2016-06-27T18:58:46.637+0300: 1322.973: [ParNew
Desired survivor size 17432576 bytes, new threshold 1 (max 6)
- age   1:   34856696 bytes,   34856696 total
: 271744K->34047K(306688K), 0.0345416 secs] 4242924K->4236257K(5208832K), 0.0346858 secs] [Times: user=0.13 sys=0.00, real=0.03 secs] 
2016-06-27T18:58:46.672+0300: 1323.008: Total time for which application threads were stopped: 0.0357061 seconds, Stopping threads took: 0.0006753 seconds
2016-06-27T18:58:46.992+0300: 1323.328: [GC (Allocation Failure) 2016-06-27T18:58:46.992+0300: 1323.328: [ParNew
Desired survivor size 17432576 bytes, new threshold 1 (max 6)
- age   1:   34853184 bytes,   34853184 total
: 306124K->34048K(306688K), 0.0386664 secs] 4508335K->4503301K(5208832K), 0.0388203 secs] [Times: user=0.13 sys=0.00, real=0.04 secs] 
2016-06-27T18:58:47.031+0300: 1323.367: Total time for which application threads were stopped: 0.0421594 seconds, Stopping threads took: 0.0030133 seconds
2016-06-27T18:58:47.363+0300: 1323.699: [GC (Allocation Failure) 2016-06-27T18:58:47.363+0300: 1323.700: [ParNew
Desired survivor size 17432576 bytes, new threshold 1 (max 6)
- age   1:   34853272 bytes,   34853272 total
: 305997K->34046K(306688K), 0.0416458 secs] 4775250K->4770348K(5208832K), 0.0418049 secs] [Times: user=0.16 sys=0.00, real=0.04 secs] 
2016-06-27T18:58:47.405+0300: 1323.741: Total time for which application threads were stopped: 0.0450619 seconds, Stopping threads took: 0.0028473 seconds
2016-06-27T18:58:47.734+0300: 1324.070: [GC (Allocation Failure) 2016-06-27T18:58:47.734+0300: 1324.070: [ParNew: 306436K->306436K(306688K), 0.0000398 secs]2016-06-27T18:58:47.734+0300: 1324.070: [CMS: 4736301K->3807158K(4902144K), 0.6801552 secs] 5042737K->3807158K(5208832K), [Metaspace: 9062K->9062K(1058816K)], 0.6803703 secs] [Times: user=0.69 sys=0.00, real=0.68 secs] 
2016-06-27T18:58:48.414+0300: 1324.751: Total time for which application threads were stopped: 0.6834498 seconds, Stopping threads took: 0.0026344 seconds
2016-06-27T18:58:48.743+0300: 1325.080: [GC (Allocation Failure) 2016-06-27T18:58:48.743+0300: 1325.080: [ParNew
Desired survivor size 17432576 bytes, new threshold 1 (max 6)
- age   1:   34845264 bytes,   34845264 total
: 271869K->34036K(306688K), 0.0347375 secs] 4079027K->4074206K(5208832K), 0.0348876 secs] [Times: user=0.13 sys=0.00, real=0.04 secs] 
2016-06-27T18:58:48.778+0300: 1325.115: Total time for which application threads were stopped: 0.0360260 seconds, Stopping threads took: 0.0006770 seconds
2016-06-27T18:58:49.098+0300: 1325.434: [GC (Allocation Failure) 2016-06-27T18:58:49.098+0300: 1325.435: [ParNew
Desired survivor size 17432576 bytes, new threshold 1 (max 6)
- age   1:   34848096 bytes,   34848096 total
: 306406K->34045K(306688K), 0.0384367 secs] 4346576K->4341247K(5208832K), 0.0386103 secs] [Times: user=0.14 sys=0.00, real=0.04 secs] 
2016-06-27T18:58:49.137+0300: 1325.473: Total time for which application threads were stopped: 0.0404133 seconds, Stopping threads took: 0.0013043 seconds
2016-06-27T18:58:49.137+0300: 1325.474: [GC (CMS Initial Mark) [1 CMS-initial-mark: 4307202K(4902144K)] 4342277K(5208832K), 0.0004597 secs] [Times: user=0.00 sys=0.00, real=0.00 secs] 
2016-06-27T18:58:49.138+0300: 1325.474: Total time for which application threads were stopped: 0.0010084 seconds, Stopping threads took: 0.0001065 seconds
2016-06-27T18:58:49.138+0300: 1325.475: [CMS-concurrent-mark-start]
2016-06-27T18:58:49.187+0300: 1325.524: [CMS-concurrent-mark: 0.049/0.049 secs] [Times: user=0.19 sys=0.00, real=0.05 secs] 
2016-06-27T18:58:49.187+0300: 1325.524: [CMS-concurrent-preclean-start]
2016-06-27T18:58:49.197+0300: 1325.534: [CMS-concurrent-preclean: 0.010/0.010 secs] [Times: user=0.06 sys=0.00, real=0.01 secs] 
2016-06-27T18:58:49.197+0300: 1325.534: [CMS-concurrent-abortable-preclean-start]
2016-06-27T18:58:49.517+0300: 1325.853: [GC (Allocation Failure) 2016-06-27T18:58:49.517+0300: 1325.853: [ParNew2016-06-27T18:58:49.549+0300: 1325.885: [CMS-concurrent-abortable-preclean: 0.032/0.351 secs] [Times: user=1.30 sys=0.00, real=0.35 secs] 

Desired survivor size 17432576 bytes, new threshold 1 (max 6)
- age   1:   34860976 bytes,   34860976 total
: 306504K->34046K(306688K), 0.0392390 secs] 4613706K->4608321K(5208832K), 0.0394199 secs] [Times: user=0.19 sys=0.00, real=0.04 secs] 
2016-06-27T18:58:49.556+0300: 1325.893: Total time for which application threads were stopped: 0.0411686 seconds, Stopping threads took: 0.0012505 seconds
2016-06-27T18:58:49.924+0300: 1326.260: [GC (Allocation Failure) 2016-06-27T18:58:49.924+0300: 1326.260: [ParNew
Desired survivor size 17432576 bytes, new threshold 1 (max 6)
- age   1:   34852928 bytes,   34852928 total
: 306686K->34040K(306688K), 0.0376537 secs] 4880961K->4875368K(5208832K), 0.0378265 secs] [Times: user=0.19 sys=0.00, real=0.04 secs] 
2016-06-27T18:58:49.961+0300: 1326.298: Total time for which application threads were stopped: 0.0400986 seconds, Stopping threads took: 0.0018718 seconds
2016-06-27T18:58:50.279+0300: 1326.615: [GC (Allocation Failure) 2016-06-27T18:58:50.279+0300: 1326.615: [ParNew: 306214K->306214K(306688K), 0.0000547 secs]2016-06-27T18:58:50.279+0300: 1326.615: [CMS (concurrent mode failure): 4841327K->3792155K(4902144K), 0.5811818 secs] 5147541K->3792155K(5208832K), [Metaspace: 9062K->9062K(1058816K)], 0.5814213 secs] [Times: user=0.59 sys=0.00, real=0.58 secs] 
2016-06-27T18:58:50.860+0300: 1327.196: Total time for which application threads were stopped: 0.5831234 seconds, Stopping threads took: 0.0012287 seconds
2016-06-27T18:58:51.170+0300: 1327.507: [GC (Allocation Failure) 2016-06-27T18:58:51.170+0300: 1327.507: [ParNew
Desired survivor size 17432576 bytes, new threshold 1 (max 6)
- age   1:   34850120 bytes,   34850120 total
: 272242K->34046K(306688K), 0.0352024 secs] 4064397K->4059215K(5208832K), 0.0353653 secs] [Times: user=0.13 sys=0.00, real=0.03 secs] 
2016-06-27T18:58:51.206+0300: 1327.542: Total time for which application threads were stopped: 0.0367727 seconds, Stopping threads took: 0.0009327 seconds
2016-06-27T18:58:51.519+0300: 1327.855: [GC (Allocation Failure) 2016-06-27T18:58:51.519+0300: 1327.855: [ParNew
Desired survivor size 17432576 bytes, new threshold 1 (max 6)
- age   1:   34843304 bytes,   34843304 total
: 305782K->34034K(306688K), 0.0379676 secs] 4330951K->4326240K(5208832K), 0.0381155 secs] [Times: user=0.19 sys=0.00, real=0.04 secs] 
2016-06-27T18:58:51.557+0300: 1327.894: Total time for which application threads were stopped: 0.0395054 seconds, Stopping threads took: 0.0008733 seconds
2016-06-27T18:58:51.979+0300: 1328.316: Total time for which application threads were stopped: 0.0018761 seconds, Stopping threads took: 0.0007463 seconds
2016-06-27T18:58:52.023+0300: 1328.359: [GC (Allocation Failure) 2016-06-27T18:58:52.023+0300: 1328.359: [ParNew
Desired survivor size 17432576 bytes, new threshold 1 (max 6)
- age   1:   34864024 bytes,   34864024 total
: 306674K->34048K(306688K), 0.0371683 secs] 4598880K->4592341K(5208832K), 0.0372923 secs] [Times: user=0.13 sys=0.00, real=0.04 secs] 
2016-06-27T18:58:52.060+0300: 1328.396: Total time for which application threads were stopped: 0.0376849 seconds, Stopping threads took: 0.0001018 seconds
2016-06-27T18:58:52.368+0300: 1328.705: [GC (Allocation Failure) 2016-06-27T18:58:52.368+0300: 1328.705: [ParNew
Desired survivor size 17432576 bytes, new threshold 1 (max 6)
- age   1:   34853984 bytes,   34853984 total
: 306340K->34048K(306688K), 0.0387596 secs] 4864633K->4859390K(5208832K), 0.0388943 secs] [Times: user=0.13 sys=0.00, real=0.04 secs] 
2016-06-27T18:58:52.407+0300: 1328.744: Total time for which application threads were stopped: 0.0404121 seconds, Stopping threads took: 0.0012094 seconds
2016-06-27T18:58:52.409+0300: 1328.746: Total time for which application threads were stopped: 0.0006560 seconds, Stopping threads took: 0.0000620 seconds
2016-06-27T18:58:52.757+0300: 1329.094: [GC (Allocation Failure) 2016-06-27T18:58:52.757+0300: 1329.094: [ParNew: 306688K->306688K(306688K), 0.0000244 secs]2016-06-27T18:58:52.757+0300: 1329.094: [CMS: 4825342K->3805174K(4902144K), 0.5747277 secs] 5132030K->3805174K(5208832K), [Metaspace: 9062K->9062K(1058816K)], 0.5749030 secs] [Times: user=0.56 sys=0.00, real=0.58 secs] 
2016-06-27T18:58:53.332+0300: 1329.668: Total time for which application threads were stopped: 0.5760064 seconds, Stopping threads took: 0.0007142 seconds
2016-06-27T18:58:53.406+0300: 1329.743: Total time for which application threads were stopped: 0.0017038 seconds, Stopping threads took: 0.0002818 seconds
2016-06-27T18:58:53.668+0300: 1330.005: [GC (Allocation Failure) 2016-06-27T18:58:53.668+0300: 1330.005: [ParNew
Desired survivor size 17432576 bytes, new threshold 1 (max 6)
- age   1:   34861400 bytes,   34861400 total
: 272640K->34047K(306688K), 0.0353110 secs] 4077814K->4071244K(5208832K), 0.0354684 secs] [Times: user=0.13 sys=0.00, real=0.04 secs] 
2016-06-27T18:58:53.704+0300: 1330.040: Total time for which application threads were stopped: 0.0363117 seconds, Stopping threads took: 0.0005530 seconds
2016-06-27T18:58:54.038+0300: 1330.374: [GC (Allocation Failure) 2016-06-27T18:58:54.038+0300: 1330.374: [ParNew
Desired survivor size 17432576 bytes, new threshold 1 (max 6)
- age   1:   34853624 bytes,   34853624 total
: 306502K->34048K(306688K), 0.0384427 secs] 4343698K->4338294K(5208832K), 0.0386074 secs] [Times: user=0.13 sys=0.00, real=0.04 secs] 
2016-06-27T18:58:54.076+0300: 1330.413: Total time for which application threads were stopped: 0.0396145 seconds, Stopping threads took: 0.0006064 seconds
2016-06-27T18:58:54.405+0300: 1330.741: Total time for which application threads were stopped: 0.0022542 seconds, Stopping threads took: 0.0007715 seconds
2016-06-27T18:58:54.450+0300: 1330.787: [GC (Allocation Failure) 2016-06-27T18:58:54.450+0300: 1330.787: [ParNew
Desired survivor size 17432576 bytes, new threshold 1 (max 6)
- age   1:   34859000 bytes,   34859000 total
: 306688K->34047K(306688K), 0.0383615 secs] 4610934K->4605705K(5208832K), 0.0385197 secs] [Times: user=0.13 sys=0.00, real=0.04 secs] 
2016-06-27T18:58:54.489+0300: 1330.825: Total time for which application threads were stopped: 0.0390290 seconds, Stopping threads took: 0.0001078 seconds
2016-06-27T18:58:54.796+0300: 1331.133: [GC (Allocation Failure) 2016-06-27T18:58:54.796+0300: 1331.133: [ParNew
Desired survivor size 17432576 bytes, new threshold 1 (max 6)
- age   1:   34856312 bytes,   34856312 total
: 305939K->34048K(306688K), 0.0380052 secs] 4877597K->4872751K(5208832K), 0.0381416 secs] [Times: user=0.19 sys=0.00, real=0.04 secs] 
2016-06-27T18:58:54.835+0300: 1331.171: Total time for which application threads were stopped: 0.0392835 seconds, Stopping threads took: 0.0007475 seconds
2016-06-27T18:58:55.174+0300: 1331.510: [GC (Allocation Failure) 2016-06-27T18:58:55.174+0300: 1331.510: [ParNew: 306289K->306289K(306688K), 0.0000364 secs]2016-06-27T18:58:55.174+0300: 1331.510: [CMS: 4838703K->3894483K(4902144K), 0.7015875 secs] 5144992K->3894483K(5208832K), [Metaspace: 9062K->9062K(1058816K)], 0.7018043 secs] [Times: user=0.70 sys=0.00, real=0.70 secs] 
2016-06-27T18:58:55.876+0300: 1332.212: Total time for which application threads were stopped: 0.7036505 seconds, Stopping threads took: 0.0013907 seconds
2016-06-27T18:58:56.217+0300: 1332.553: [GC (Allocation Failure) 2016-06-27T18:58:56.217+0300: 1332.553: [ParNew
Desired survivor size 17432576 bytes, new threshold 1 (max 6)
- age   1:   34856760 bytes,   34856760 total
: 272543K->34048K(306688K), 0.0364815 secs] 4167027K->4161552K(5208832K), 0.0366945 secs] [Times: user=0.13 sys=0.00, real=0.04 secs] 
2016-06-27T18:58:56.254+0300: 1332.590: Total time for which application threads were stopped: 0.0468157 seconds, Stopping threads took: 0.0096227 seconds
2016-06-27T18:58:56.586+0300: 1332.922: [GC (Allocation Failure) 2016-06-27T18:58:56.586+0300: 1332.922: [ParNew
Desired survivor size 17432576 bytes, new threshold 1 (max 6)
- age   1:   34855864 bytes,   34855864 total
: 306641K->34048K(306688K), 0.0398835 secs] 4434145K->4428598K(5208832K), 0.0400473 secs] [Times: user=0.13 sys=0.00, real=0.04 secs] 
2016-06-27T18:58:56.626+0300: 1332.963: Total time for which application threads were stopped: 0.0453989 seconds, Stopping threads took: 0.0048731 seconds
2016-06-27T18:58:56.969+0300: 1333.306: [GC (Allocation Failure) 2016-06-27T18:58:56.970+0300: 1333.306: [ParNew
Desired survivor size 17432576 bytes, new threshold 1 (max 6)
- age   1:   34847336 bytes,   34847336 total
: 306202K->34039K(306688K), 0.0389221 secs] 4700753K->4695631K(5208832K), 0.0390825 secs] [Times: user=0.19 sys=0.00, real=0.04 secs] 
2016-06-27T18:58:57.009+0300: 1333.345: Total time for which application threads were stopped: 0.0426290 seconds, Stopping threads took: 0.0030573 seconds
2016-06-27T18:58:57.366+0300: 1333.702: [GC (Allocation Failure) 2016-06-27T18:58:57.366+0300: 1333.702: [ParNew: 306679K->306679K(306688K), 0.0000483 secs]2016-06-27T18:58:57.366+0300: 1333.702: [CMS: 4661592K->3806477K(4902144K), 0.6561018 secs] 4968271K->3806477K(5208832K), [Metaspace: 9062K->9062K(1058816K)], 0.6563207 secs] [Times: user=0.64 sys=0.00, real=0.66 secs] 
2016-06-27T18:58:58.023+0300: 1334.359: Total time for which application threads were stopped: 0.6597501 seconds, Stopping threads took: 0.0028644 seconds
2016-06-27T18:58:58.344+0300: 1334.681: [GC (Allocation Failure) 2016-06-27T18:58:58.345+0300: 1334.681: [ParNew
Desired survivor size 17432576 bytes, new threshold 1 (max 6)
- age   1:   34845416 bytes,   34845416 total
: 272016K->34048K(306688K), 0.0366337 secs] 4078494K->4073537K(5208832K), 0.0367530 secs] [Times: user=0.19 sys=0.00, real=0.04 secs] 
2016-06-27T18:58:58.381+0300: 1334.718: Total time for which application threads were stopped: 0.0379950 seconds, Stopping threads took: 0.0008955 seconds
2016-06-27T18:58:58.705+0300: 1335.041: [GC (Allocation Failure) 2016-06-27T18:58:58.705+0300: 1335.041: [ParNew
Desired survivor size 17432576 bytes, new threshold 1 (max 6)
- age   1:   34855360 bytes,   34855360 total
: 306089K->34042K(306688K), 0.0400601 secs] 4345579K->4340564K(5208832K), 0.0402513 secs] [Times: user=0.19 sys=0.00, real=0.04 secs] 
2016-06-27T18:58:58.745+0300: 1335.082: Total time for which application threads were stopped: 0.0427496 seconds, Stopping threads took: 0.0019326 seconds
2016-06-27T18:58:58.793+0300: 1335.129: [GC (CMS Initial Mark) [1 CMS-initial-mark: 4306521K(4902144K)] 4379663K(5208832K), 0.0005192 secs] [Times: user=0.00 sys=0.00, real=0.00 secs] 
2016-06-27T18:58:58.794+0300: 1335.130: Total time for which application threads were stopped: 0.0017059 seconds, Stopping threads took: 0.0007129 seconds
2016-06-27T18:58:58.794+0300: 1335.130: [CMS-concurrent-mark-start]
2016-06-27T18:58:58.844+0300: 1335.180: [CMS-concurrent-mark: 0.050/0.050 secs] [Times: user=0.17 sys=0.00, real=0.05 secs] 
2016-06-27T18:58:58.844+0300: 1335.180: [CMS-concurrent-preclean-start]
2016-06-27T18:58:58.854+0300: 1335.190: [CMS-concurrent-preclean: 0.010/0.010 secs] [Times: user=0.06 sys=0.00, real=0.01 secs] 
2016-06-27T18:58:58.854+0300: 1335.190: [CMS-concurrent-abortable-preclean-start]
2016-06-27T18:58:59.108+0300: 1335.444: [GC (Allocation Failure) 2016-06-27T18:58:59.108+0300: 1335.444: [ParNew
Desired survivor size 17432576 bytes, new threshold 1 (max 6)
- age   1:   34847768 bytes,   34847768 total
: 306426K->34041K(306688K), 0.0408705 secs] 4612948K->4608605K(5208832K), 0.0413165 secs] [Times: user=0.19 sys=0.00, real=0.04 secs] 
2016-06-27T18:58:59.149+0300: 1335.486: Total time for which application threads were stopped: 0.0444820 seconds, Stopping threads took: 0.0024851 seconds
2016-06-27T18:58:59.492+0300: 1335.828: [CMS-concurrent-abortable-preclean: 0.075/0.637 secs] [Times: user=2.52 sys=0.00, real=0.64 secs] 
2016-06-27T18:58:59.494+0300: 1335.830: [GC (Allocation Failure) 2016-06-27T18:58:59.494+0300: 1335.831: [ParNew
Desired survivor size 17432576 bytes, new threshold 1 (max 6)
- age   1:   34843408 bytes,   34843408 total
: 306524K->34039K(306688K), 0.0403962 secs] 4881087K->4875637K(5208832K), 0.0405451 secs] [Times: user=0.13 sys=0.00, real=0.04 secs] 
2016-06-27T18:58:59.535+0300: 1335.871: Total time for which application threads were stopped: 0.0420059 seconds, Stopping threads took: 0.0009319 seconds
2016-06-27T18:58:59.864+0300: 1336.200: [GC (Allocation Failure) 2016-06-27T18:58:59.864+0300: 1336.200: [ParNew: 306365K->306365K(306688K), 0.0000231 secs]2016-06-27T18:58:59.864+0300: 1336.200: [CMS (concurrent mode failure): 4841598K->3792473K(4902144K), 0.6338184 secs] 5147963K->3792473K(5208832K), [Metaspace: 9062K->9062K(1058816K)], 0.6339706 secs] [Times: user=0.63 sys=0.00, real=0.63 secs] 
2016-06-27T18:59:00.498+0300: 1336.834: Total time for which application threads were stopped: 0.6351706 seconds, Stopping threads took: 0.0007056 seconds
2016-06-27T18:59:00.881+0300: 1337.218: [GC (Allocation Failure) 2016-06-27T18:59:00.882+0300: 1337.218: [ParNew
Desired survivor size 17432576 bytes, new threshold 1 (max 6)
- age   1:   34859752 bytes,   34859752 total
: 272640K->34048K(306688K), 0.0357673 secs] 4065113K->4058602K(5208832K), 0.0359508 secs] [Times: user=0.13 sys=0.00, real=0.04 secs] 
2016-06-27T18:59:00.917+0300: 1337.254: Total time for which application threads were stopped: 0.0371136 seconds, Stopping threads took: 0.0006637 seconds
2016-06-27T18:59:01.244+0300: 1337.581: [GC (Allocation Failure) 2016-06-27T18:59:01.244+0300: 1337.581: [ParNew
Desired survivor size 17432576 bytes, new threshold 1 (max 6)
- age   1:   34863904 bytes,   34863904 total
: 305813K->34048K(306688K), 0.0398501 secs] 4330368K->4324716K(5208832K), 0.0400019 secs] [Times: user=0.13 sys=0.00, real=0.04 secs] 
2016-06-27T18:59:01.284+0300: 1337.621: Total time for which application threads were stopped: 0.0415693 seconds, Stopping threads took: 0.0010140 seconds
2016-06-27T18:59:01.406+0300: 1337.742: Total time for which application threads were stopped: 0.0011944 seconds, Stopping threads took: 0.0003113 seconds
2016-06-27T18:59:01.708+0300: 1338.044: [GC (Allocation Failure) 2016-06-27T18:59:01.708+0300: 1338.044: [ParNew
Desired survivor size 17432576 bytes, new threshold 1 (max 6)
- age   1:   34851056 bytes,   34851056 total
: 306688K->34044K(306688K), 0.0421667 secs] 4597356K->4590767K(5208832K), 0.0423622 secs] [Times: user=0.13 sys=0.00, real=0.04 secs] 
2016-06-27T18:59:01.750+0300: 1338.087: Total time for which application threads were stopped: 0.0443251 seconds, Stopping threads took: 0.0015135 seconds
2016-06-27T18:59:02.072+0300: 1338.409: [GC (Allocation Failure) 2016-06-27T18:59:02.073+0300: 1338.409: [ParNew
Desired survivor size 17432576 bytes, new threshold 1 (max 6)
- age   1:   34849320 bytes,   34849320 total
: 306310K->34046K(306688K), 0.0389555 secs] 4863033K->4857806K(5208832K), 0.0391308 secs] [Times: user=0.13 sys=0.00, real=0.04 secs] 
2016-06-27T18:59:02.112+0300: 1338.448: Total time for which application threads were stopped: 0.0410381 seconds, Stopping threads took: 0.0014848 seconds
2016-06-27T18:59:02.408+0300: 1338.744: Total time for which application threads were stopped: 0.0028285 seconds, Stopping threads took: 0.0010272 seconds
2016-06-27T18:59:02.508+0300: 1338.844: [GC (Allocation Failure) 2016-06-27T18:59:02.508+0300: 1338.844: [ParNew: 306686K->306686K(306688K), 0.0000329 secs]2016-06-27T18:59:02.508+0300: 1338.844: [CMS: 4823760K->3758168K(4902144K), 0.6861723 secs] 5130446K->3758168K(5208832K), [Metaspace: 9062K->9062K(1058816K)], 0.6863874 secs] [Times: user=0.69 sys=0.00, real=0.69 secs] 
2016-06-27T18:59:03.194+0300: 1339.531: Total time for which application threads were stopped: 0.6871738 seconds, Stopping threads took: 0.0004268 seconds
2016-06-27T18:59:03.407+0300: 1339.744: Total time for which application threads were stopped: 0.0018684 seconds, Stopping threads took: 0.0005902 seconds
2016-06-27T18:59:03.544+0300: 1339.881: [GC (Allocation Failure) 2016-06-27T18:59:03.544+0300: 1339.881: [ParNew
Desired survivor size 17432576 bytes, new threshold 1 (max 6)
- age   1:   34852328 bytes,   34852328 total
: 272640K->34048K(306688K), 0.0347837 secs] 4030808K->4026229K(5208832K), 0.0349244 secs] [Times: user=0.13 sys=0.00, real=0.04 secs] 
2016-06-27T18:59:03.579+0300: 1339.916: Total time for which application threads were stopped: 0.0386095 seconds, Stopping threads took: 0.0033537 seconds
2016-06-27T18:59:03.908+0300: 1340.245: [GC (Allocation Failure) 2016-06-27T18:59:03.909+0300: 1340.245: [ParNew
Desired survivor size 17432576 bytes, new threshold 1 (max 6)
- age   1:   34856336 bytes,   34856336 total
: 306238K->34048K(306688K), 0.0427445 secs] 4298420K->4289327K(5208832K), 0.0429622 secs] [Times: user=0.19 sys=0.00, real=0.04 secs] 
2016-06-27T18:59:03.952+0300: 1340.288: Total time for which application threads were stopped: 0.0482924 seconds, Stopping threads took: 0.0049146 seconds
2016-06-27T18:59:03.952+0300: 1340.288: [GC (CMS Initial Mark) [1 CMS-initial-mark: 4255279K(4902144K)] 4290329K(5208832K), 0.0003883 secs] [Times: user=0.00 sys=0.00, real=0.00 secs] 
2016-06-27T18:59:03.952+0300: 1340.289: Total time for which application threads were stopped: 0.0008331 seconds, Stopping threads took: 0.0000975 seconds
2016-06-27T18:59:03.952+0300: 1340.289: [CMS-concurrent-mark-start]
2016-06-27T18:59:04.002+0300: 1340.338: [CMS-concurrent-mark: 0.050/0.050 secs] [Times: user=0.19 sys=0.00, real=0.05 secs] 
2016-06-27T18:59:04.002+0300: 1340.338: [CMS-concurrent-preclean-start]
2016-06-27T18:59:04.012+0300: 1340.348: [CMS-concurrent-preclean: 0.010/0.010 secs] [Times: user=0.06 sys=0.00, real=0.01 secs] 
2016-06-27T18:59:04.012+0300: 1340.349: [CMS-concurrent-abortable-preclean-start]
2016-06-27T18:59:04.330+0300: 1340.666: [GC (Allocation Failure) 2016-06-27T18:59:04.330+0300: 1340.666: [ParNew2016-06-27T18:59:04.362+0300: 1340.698: [CMS-concurrent-abortable-preclean: 0.032/0.350 secs] [Times: user=1.36 sys=0.00, real=0.35 secs] 

Desired survivor size 17432576 bytes, new threshold 1 (max 6)
- age   1:   34854784 bytes,   34854784 total
: 306089K->34047K(306688K), 0.0397372 secs] 4561369K->4555382K(5208832K), 0.0399121 secs] [Times: user=0.17 sys=0.00, real=0.04 secs] 
2016-06-27T18:59:04.370+0300: 1340.706: Total time for which application threads were stopped: 0.0488574 seconds, Stopping threads took: 0.0085475 seconds
2016-06-27T18:59:04.409+0300: 1340.746: Total time for which application threads were stopped: 0.0040751 seconds, Stopping threads took: 0.0022178 seconds
2016-06-27T18:59:04.420+0300: 1340.756: Total time for which application threads were stopped: 0.0006402 seconds, Stopping threads took: 0.0000795 seconds
2016-06-27T18:59:04.713+0300: 1341.050: [GC (Allocation Failure) 2016-06-27T18:59:04.714+0300: 1341.050: [ParNew
Desired survivor size 17432576 bytes, new threshold 1 (max 6)
- age   1:   34853000 bytes,   34853000 total
: 306154K->34047K(306688K), 0.0391278 secs] 4827489K->4820428K(5208832K), 0.0393421 secs] [Times: user=0.13 sys=0.00, real=0.04 secs] 
2016-06-27T18:59:04.753+0300: 1341.089: Total time for which application threads were stopped: 0.0421441 seconds, Stopping threads took: 0.0024192 seconds
2016-06-27T18:59:05.088+0300: 1341.425: [GC (Allocation Failure) 2016-06-27T18:59:05.088+0300: 1341.425: [ParNew: 306675K->306675K(306688K), 0.0000364 secs]2016-06-27T18:59:05.088+0300: 1341.425: [CMS (concurrent mode failure): 4786380K->3815179K(4902144K), 0.6372341 secs] 5093056K->3815179K(5208832K), [Metaspace: 9062K->9062K(1058816K)], 0.6374513 secs] [Times: user=0.64 sys=0.00, real=0.64 secs] 
2016-06-27T18:59:05.726+0300: 1342.062: Total time for which application threads were stopped: 0.6398137 seconds, Stopping threads took: 0.0020215 seconds
2016-06-27T18:59:05.930+0300: 1342.266: Total time for which application threads were stopped: 0.0019531 seconds, Stopping threads took: 0.0004011 seconds
2016-06-27T18:59:06.095+0300: 1342.431: [GC (Allocation Failure) 2016-06-27T18:59:06.095+0300: 1342.431: [ParNew
Desired survivor size 17432576 bytes, new threshold 1 (max 6)
- age   1:   34863000 bytes,   34863000 total
: 272640K->34048K(306688K), 0.0367415 secs] 4087819K->4082256K(5208832K), 0.0368724 secs] [Times: user=0.19 sys=0.00, real=0.04 secs] 
2016-06-27T18:59:06.132+0300: 1342.468: Total time for which application threads were stopped: 0.0376550 seconds, Stopping threads took: 0.0004717 seconds
2016-06-27T18:59:06.456+0300: 1342.793: [GC (Allocation Failure) 2016-06-27T18:59:06.456+0300: 1342.793: [ParNew
Desired survivor size 17432576 bytes, new threshold 1 (max 6)
- age   1:   34852320 bytes,   34852320 total
: 306178K->34048K(306688K), 0.0401384 secs] 4354386K->4349308K(5208832K), 0.0402718 secs] [Times: user=0.16 sys=0.02, real=0.04 secs] 
2016-06-27T18:59:06.497+0300: 1342.833: Total time for which application threads were stopped: 0.0415505 seconds, Stopping threads took: 0.0009297 seconds
2016-06-27T18:59:06.827+0300: 1343.163: [GC (Allocation Failure) 2016-06-27T18:59:06.827+0300: 1343.163: [ParNew
Desired survivor size 17432576 bytes, new threshold 1 (max 6)
- age   1:   34856416 bytes,   34856416 total
: 306046K->34046K(306688K), 0.0397774 secs] 4621307K->4616345K(5208832K), 0.0399515 secs] [Times: user=0.16 sys=0.00, real=0.04 secs] 
2016-06-27T18:59:06.867+0300: 1343.203: Total time for which application threads were stopped: 0.0416356 seconds, Stopping threads took: 0.0012304 seconds
2016-06-27T18:59:07.198+0300: 1343.534: [GC (Allocation Failure) 2016-06-27T18:59:07.198+0300: 1343.534: [ParNew
Desired survivor size 17432576 bytes, new threshold 1 (max 6)
- age   1:   34859624 bytes,   34859624 total
: 306353K->34048K(306688K), 0.0395024 secs] 4888652K->4882455K(5208832K), 0.0396876 secs] [Times: user=0.13 sys=0.00, real=0.04 secs] 
2016-06-27T18:59:07.237+0300: 1343.574: Total time for which application threads were stopped: 0.0408525 seconds, Stopping threads took: 0.0006984 seconds
2016-06-27T18:59:07.408+0300: 1343.745: Total time for which application threads were stopped: 0.0018924 seconds, Stopping threads took: 0.0003511 seconds
2016-06-27T18:59:07.594+0300: 1343.930: [GC (Allocation Failure) 2016-06-27T18:59:07.594+0300: 1343.930: [ParNew: 306688K->306688K(306688K), 0.0000312 secs]2016-06-27T18:59:07.594+0300: 1343.930: [CMS: 4848407K->3753172K(4902144K), 0.6036760 secs] 5155095K->3753172K(5208832K), [Metaspace: 9062K->9062K(1058816K)], 0.6038728 secs] [Times: user=0.61 sys=0.00, real=0.60 secs] 
2016-06-27T18:59:08.198+0300: 1344.534: Total time for which application threads were stopped: 0.6046797 seconds, Stopping threads took: 0.0003952 seconds
2016-06-27T18:59:08.409+0300: 1344.745: Total time for which application threads were stopped: 0.0018530 seconds, Stopping threads took: 0.0004512 seconds
2016-06-27T18:59:08.557+0300: 1344.894: [GC (Allocation Failure) 2016-06-27T18:59:08.557+0300: 1344.894: [ParNew
Desired survivor size 17432576 bytes, new threshold 1 (max 6)
- age   1:   34860560 bytes,   34860560 total
: 272640K->34048K(306688K), 0.0368724 secs] 4025812K->4019256K(5208832K), 0.0369964 secs] [Times: user=0.09 sys=0.00, real=0.04 secs] 
2016-06-27T18:59:08.594+0300: 1344.931: Total time for which application threads were stopped: 0.0375784 seconds, Stopping threads took: 0.0003075 seconds
2016-06-27T18:59:08.915+0300: 1345.252: [GC (Allocation Failure) 2016-06-27T18:59:08.915+0300: 1345.252: [ParNew
Desired survivor size 17432576 bytes, new threshold 1 (max 6)
- age   1:   34849976 bytes,   34849976 total
: 305747K->34048K(306688K), 0.0397201 secs] 4290955K->4286307K(5208832K), 0.0398976 secs] [Times: user=0.13 sys=0.00, real=0.04 secs] 
2016-06-27T18:59:08.955+0300: 1345.292: Total time for which application threads were stopped: 0.0409128 seconds, Stopping threads took: 0.0006239 seconds
2016-06-27T18:59:08.956+0300: 1345.292: [GC (CMS Initial Mark) [1 CMS-initial-mark: 4252259K(4902144K)] 4287307K(5208832K), 0.0003387 secs] [Times: user=0.00 sys=0.00, real=0.00 secs] 
2016-06-27T18:59:08.956+0300: 1345.292: Total time for which application threads were stopped: 0.0006488 seconds, Stopping threads took: 0.0000723 seconds
2016-06-27T18:59:08.956+0300: 1345.292: [CMS-concurrent-mark-start]
2016-06-27T18:59:09.006+0300: 1345.342: [CMS-concurrent-mark: 0.050/0.050 secs] [Times: user=0.25 sys=0.00, real=0.05 secs] 
2016-06-27T18:59:09.006+0300: 1345.342: [CMS-concurrent-preclean-start]
2016-06-27T18:59:09.016+0300: 1345.352: [CMS-concurrent-preclean: 0.010/0.010 secs] [Times: user=0.00 sys=0.00, real=0.01 secs] 
2016-06-27T18:59:09.016+0300: 1345.352: [CMS-concurrent-abortable-preclean-start]
2016-06-27T18:59:09.314+0300: 1345.650: [GC (Allocation Failure) 2016-06-27T18:59:09.314+0300: 1345.650: [ParNew
Desired survivor size 17432576 bytes, new threshold 1 (max 6)
- age   1:   34857864 bytes,   34857864 total
: 306520K->34044K(306688K), 0.0400361 secs] 4558779K->4553342K(5208832K), 0.0401696 secs] [Times: user=0.19 sys=0.00, real=0.04 secs] 
2016-06-27T18:59:09.354+0300: 1345.691: Total time for which application threads were stopped: 0.0425063 seconds, Stopping threads took: 0.0020279 seconds
2016-06-27T18:59:09.408+0300: 1345.745: Total time for which application threads were stopped: 0.0014284 seconds, Stopping threads took: 0.0002027 seconds
2016-06-27T18:59:09.714+0300: 1346.050: [GC (Allocation Failure) 2016-06-27T18:59:09.714+0300: 1346.050: [ParNew2016-06-27T18:59:09.746+0300: 1346.082: [CMS-concurrent-abortable-preclean: 0.097/0.730 secs] [Times: user=2.89 sys=0.01, real=0.73 secs] 

Desired survivor size 17432576 bytes, new threshold 1 (max 6)
- age   1:   34860776 bytes,   34860776 total
: 306499K->34048K(306688K), 0.0385975 secs] 4825797K->4820392K(5208832K), 0.0387335 secs] [Times: user=0.13 sys=0.00, real=0.04 secs] 
2016-06-27T18:59:09.753+0300: 1346.089: Total time for which application threads were stopped: 0.0400203 seconds, Stopping threads took: 0.0008506 seconds
2016-06-27T18:59:09.757+0300: 1346.093: [GC (CMS Final Remark) [YG occupancy: 37406 K (306688 K)]2016-06-27T18:59:09.757+0300: 1346.093: [Rescan (parallel) , 0.0042184 secs]2016-06-27T18:59:09.761+0300: 1346.098: [weak refs processing, 0.0000158 secs]2016-06-27T18:59:09.761+0300: 1346.098: [class unloading, 0.0019967 secs]2016-06-27T18:59:09.763+0300: 1346.100: [scrub symbol table, 0.0008429 secs]2016-06-27T18:59:09.764+0300: 1346.101: [scrub string table, 0.0002258 secs][1 CMS-remark: 4786344K(4902144K)] 4823751K(5208832K), 0.0075601 secs] [Times: user=0.00 sys=0.00, real=0.01 secs] 
2016-06-27T18:59:09.765+0300: 1346.101: Total time for which application threads were stopped: 0.0079796 seconds, Stopping threads took: 0.0001116 seconds
2016-06-27T18:59:10.104+0300: 1346.440: [CMS-concurrent-sweep-start]
2016-06-27T18:59:10.111+0300: 1346.448: [GC (Allocation Failure) 2016-06-27T18:59:10.112+0300: 1346.448: [ParNew: 306309K->306309K(306688K), 0.0000329 secs]2016-06-27T18:59:10.112+0300: 1346.448: [CMS2016-06-27T18:59:10.118+0300: 1346.454: [CMS-concurrent-sweep: 0.007/0.014 secs] [Times: user=0.01 sys=0.00, real=0.01 secs] 
 (concurrent mode failure): 4786308K->3827178K(4902144K), 0.6996673 secs] 5092618K->3827178K(5208832K), [Metaspace: 9062K->9062K(1058816K)], 0.7000479 secs] [Times: user=0.69 sys=0.00, real=0.70 secs] 
2016-06-27T18:59:10.808+0300: 1347.148: Total time for which application threads were stopped: 0.7058208 seconds, Stopping threads took: 0.0052773 seconds
2016-06-27T18:59:11.161+0300: 1347.497: [GC (Allocation Failure) 2016-06-27T18:59:11.161+0300: 1347.497: [ParNew
Desired survivor size 17432576 bytes, new threshold 1 (max 6)
- age   1:   34855344 bytes,   34855344 total
: 271920K->34048K(306688K), 0.0368925 secs] 4099099K->4094271K(5208832K), 0.0370648 secs] [Times: user=0.13 sys=0.00, real=0.04 secs] 
2016-06-27T18:59:11.198+0300: 1347.534: Total time for which application threads were stopped: 0.0386121 seconds, Stopping threads took: 0.0010687 seconds
2016-06-27T18:59:11.532+0300: 1347.869: [GC (Allocation Failure) 2016-06-27T18:59:11.533+0300: 1347.869: [ParNew
Desired survivor size 17432576 bytes, new threshold 1 (max 6)
- age   1:   34857392 bytes,   34857392 total
: 306545K->34048K(306688K), 0.0399224 secs] 4366768K->4361316K(5208832K), 0.0400905 secs] [Times: user=0.19 sys=0.00, real=0.04 secs] 
2016-06-27T18:59:11.573+0300: 1347.909: Total time for which application threads were stopped: 0.0428095 seconds, Stopping threads took: 0.0022426 seconds
2016-06-27T18:59:11.956+0300: 1348.293: Total time for which application threads were stopped: 0.0025441 seconds, Stopping threads took: 0.0009772 seconds
2016-06-27T18:59:12.009+0300: 1348.346: [GC (Allocation Failure) 2016-06-27T18:59:12.010+0300: 1348.346: [ParNew
Desired survivor size 17432576 bytes, new threshold 1 (max 6)
- age   1:   33845448 bytes,   33845448 total
: 306688K->33069K(306688K), 0.0409582 secs] 4633956K->4627381K(5208832K), 0.0411519 secs] [Times: user=0.13 sys=0.00, real=0.04 secs] 
2016-06-27T18:59:12.051+0300: 1348.387: Total time for which application threads were stopped: 0.0416245 seconds, Stopping threads took: 0.0000804 seconds
2016-06-27T18:59:12.365+0300: 1348.702: [GC (Allocation Failure) 2016-06-27T18:59:12.366+0300: 1348.702: [ParNew
Desired survivor size 17432576 bytes, new threshold 1 (max 6)
- age   1:   33829680 bytes,   33829680 total
: 304965K->33061K(306688K), 0.0390401 secs] 4899277K->4893427K(5208832K), 0.0394434 secs] [Times: user=0.13 sys=0.00, real=0.04 secs] 
2016-06-27T18:59:12.405+0300: 1348.741: Total time for which application threads were stopped: 0.0408833 seconds, Stopping threads took: 0.0009554 seconds
2016-06-27T18:59:12.410+0300: 1348.746: Total time for which application threads were stopped: 0.0012363 seconds, Stopping threads took: 0.0000629 seconds
