Java HotSpot(TM) 64-Bit Server VM (25.65-b01) for windows-amd64 JRE (1.8.0_65-b17), built on Oct  6 2015 16:39:20 by "java_re" with MS VC++ 10.0 (VS2010)
Memory: 4k page, physical 16685676k(12883696k free), swap 19700332k(14424364k free)
CommandLine flags: -XX:InitialHeapSize=266970816 -XX:MaxHeapSize=5368709120 -XX:+PrintGC -XX:+PrintGCApplicationStoppedTime -XX:+PrintGCCause -XX:+PrintGCDateStamps -XX:+PrintGCDetails -XX:+PrintGCTimeStamps -XX:+PrintTenuringDistribution -XX:+UseCompressedClassPointers -XX:+UseCompressedOops -XX:-UseLargePagesIndividualAllocation -XX:+UseParallelGC 
2016-06-26T20:48:40.357+0300: 0.228: [GC (Allocation Failure) 
Desired survivor size 11010048 bytes, new threshold 7 (max 15)
[PSYoungGen: 63661K->10528K(76288K)] 63661K->44536K(251392K), 0.0101799 secs] [Times: user=0.00 sys=0.02, real=0.01 secs] 
2016-06-26T20:48:40.368+0300: 0.238: Total time for which application threads were stopped: 0.0164690 seconds, Stopping threads took: 0.0060274 seconds
2016-06-26T20:48:40.451+0300: 0.322: [GC (Allocation Failure) 
Desired survivor size 11010048 bytes, new threshold 7 (max 15)
[PSYoungGen: 76054K->10496K(141824K)] 110062K->100512K(316928K), 0.0142477 secs] [Times: user=0.00 sys=0.06, real=0.01 secs] 
2016-06-26T20:48:40.465+0300: 0.336: Total time for which application threads were stopped: 0.0148452 seconds, Stopping threads took: 0.0003571 seconds
2016-06-26T20:48:40.619+0300: 0.489: [GC (Allocation Failure) 
Desired survivor size 11010048 bytes, new threshold 7 (max 15)
[PSYoungGen: 140927K->10464K(141824K)] 230943K->212481K(345600K), 0.0249540 secs] [Times: user=0.03 sys=0.09, real=0.03 secs] 
2016-06-26T20:48:40.644+0300: 0.514: [Full GC (Ergonomics) [PSYoungGen: 10464K->10393K(141824K)] [ParOldGen: 202017K->202002K(417280K)] 212481K->212396K(559104K), [Metaspace: 2782K->2782K(1056768K)], 0.0396384 secs] [Times: user=0.09 sys=0.00, real=0.04 secs] 
2016-06-26T20:48:40.684+0300: 0.554: Total time for which application threads were stopped: 0.0664780 seconds, Stopping threads took: 0.0014386 seconds
2016-06-26T20:48:40.817+0300: 0.687: [GC (Allocation Failure) 
Desired survivor size 11010048 bytes, new threshold 7 (max 15)
[PSYoungGen: 141465K->10464K(221184K)] 343468K->320467K(638464K), 0.0237831 secs] [Times: user=0.00 sys=0.06, real=0.02 secs] 
2016-06-26T20:48:40.840+0300: 0.711: [Full GC (Ergonomics) [PSYoungGen: 10464K->0K(221184K)] [ParOldGen: 310003K->320399K(588800K)] 320467K->320399K(809984K), [Metaspace: 2782K->2782K(1056768K)], 0.0092852 secs] [Times: user=0.02 sys=0.00, real=0.01 secs] 
2016-06-26T20:48:40.850+0300: 0.720: Total time for which application threads were stopped: 0.0338215 seconds, Stopping threads took: 0.0003802 seconds
2016-06-26T20:48:41.079+0300: 0.950: [GC (Allocation Failure) 
Desired survivor size 11010048 bytes, new threshold 6 (max 15)
[PSYoungGen: 210432K->10128K(272896K)] 530831K->518529K(861696K), 0.0395114 secs] [Times: user=0.06 sys=0.06, real=0.04 secs] 
2016-06-26T20:48:41.119+0300: 0.989: [Full GC (Ergonomics) [PSYoungGen: 10128K->0K(272896K)] [ParOldGen: 508401K->518406K(871936K)] 518529K->518406K(1144832K), [Metaspace: 2784K->2784K(1056768K)], 0.0079924 secs] [Times: user=0.06 sys=0.00, real=0.01 secs] 
2016-06-26T20:48:41.127+0300: 0.997: Total time for which application threads were stopped: 0.0492602 seconds, Stopping threads took: 0.0013475 seconds
2016-06-26T20:48:41.376+0300: 1.246: [GC (Allocation Failure) 
Desired survivor size 11010048 bytes, new threshold 5 (max 15)
[PSYoungGen: 262144K->10128K(358912K)] 780550K->730535K(1230848K), 0.0486174 secs] [Times: user=0.08 sys=0.11, real=0.05 secs] 
2016-06-26T20:48:41.424+0300: 1.294: [Full GC (Ergonomics) [PSYoungGen: 10128K->0K(358912K)] [ParOldGen: 720407K->730413K(1148416K)] 730535K->730413K(1507328K), [Metaspace: 2785K->2785K(1056768K)], 0.0096774 secs] [Times: user=0.00 sys=0.00, real=0.01 secs] 
2016-06-26T20:48:41.434+0300: 1.304: Total time for which application threads were stopped: 0.0612315 seconds, Stopping threads took: 0.0023615 seconds
2016-06-26T20:48:41.818+0300: 1.688: [GC (Allocation Failure) 
Desired survivor size 11010048 bytes, new threshold 4 (max 15)
[PSYoungGen: 347162K->10128K(358912K)] 1077575K->1010543K(1507328K), 0.0567574 secs] [Times: user=0.13 sys=0.13, real=0.06 secs] 
2016-06-26T20:48:41.875+0300: 1.745: [Full GC (Ergonomics) [PSYoungGen: 10128K->0K(358912K)] [ParOldGen: 1000415K->1010418K(1512448K)] 1010543K->1010418K(1871360K), [Metaspace: 2786K->2786K(1056768K)], 0.0792097 secs] [Times: user=0.23 sys=0.01, real=0.08 secs] 
2016-06-26T20:48:41.954+0300: 1.825: Total time for which application threads were stopped: 0.1383876 seconds, Stopping threads took: 0.0018351 seconds
2016-06-26T20:48:42.324+0300: 2.195: [GC (Allocation Failure) 
Desired survivor size 11010048 bytes, new threshold 3 (max 15)
[PSYoungGen: 348160K->10128K(579072K)] 1358578K->1288548K(2091520K), 0.0570131 secs] [Times: user=0.14 sys=0.09, real=0.06 secs] 
2016-06-26T20:48:42.381+0300: 2.252: [Full GC (Ergonomics) [PSYoungGen: 10128K->0K(579072K)] [ParOldGen: 1278420K->1288423K(1867264K)] 1288548K->1288423K(2446336K), [Metaspace: 2786K->2786K(1056768K)], 0.1523856 secs] [Times: user=0.53 sys=0.00, real=0.15 secs] 
2016-06-26T20:48:42.534+0300: 2.404: Total time for which application threads were stopped: 0.2108254 seconds, Stopping threads took: 0.0008904 seconds
2016-06-26T20:48:43.158+0300: 3.028: [GC (Allocation Failure) 
Desired survivor size 11010048 bytes, new threshold 3 (max 15)
[PSYoungGen: 568832K->10128K(614912K)] 1857255K->1734555K(2482176K), 0.1231041 secs] [Times: user=0.14 sys=0.19, real=0.12 secs] 
2016-06-26T20:48:43.281+0300: 3.152: [Full GC (Ergonomics) [PSYoungGen: 10128K->0K(614912K)] [ParOldGen: 1724426K->1734430K(2446336K)] 1734555K->1734430K(3061248K), [Metaspace: 2786K->2786K(1056768K)], 0.2905016 secs] [Times: user=0.31 sys=0.02, real=0.29 secs] 
2016-06-26T20:48:43.572+0300: 3.442: Total time for which application threads were stopped: 0.4184262 seconds, Stopping threads took: 0.0041286 seconds
2016-06-26T20:48:44.233+0300: 4.104: Total time for which application threads were stopped: 0.0063079 seconds, Stopping threads took: 0.0059363 seconds
2016-06-26T20:48:44.315+0300: 4.186: [GC (Allocation Failure) 
Desired survivor size 11010048 bytes, new threshold 4 (max 15)
[PSYoungGen: 604160K->10128K(755712K)] 2338590K->2228562K(3202048K), 0.1126420 secs] [Times: user=0.14 sys=0.26, real=0.11 secs] 
2016-06-26T20:48:44.429+0300: 4.299: [Full GC (Ergonomics) [PSYoungGen: 10128K->0K(755712K)] [ParOldGen: 2218434K->2228438K(3078144K)] 2228562K->2228438K(3833856K), [Metaspace: 2786K->2786K(1056768K)], 0.3630715 secs] [Times: user=0.53 sys=0.03, real=0.36 secs] 
2016-06-26T20:48:44.792+0300: 4.662: Total time for which application threads were stopped: 0.4827660 seconds, Stopping threads took: 0.0063939 seconds
2016-06-26T20:48:45.668+0300: 5.539: [GC (Allocation Failure) 
Desired survivor size 11010048 bytes, new threshold 5 (max 15)
[PSYoungGen: 744960K->10160K(755712K)] 2973398K->2856603K(3833856K), 0.1298196 secs] [Times: user=0.22 sys=0.27, real=0.13 secs] 
2016-06-26T20:48:45.799+0300: 5.669: [Full GC (Ergonomics) [PSYoungGen: 10160K->0K(755712K)] [ParOldGen: 2846443K->2856454K(3495424K)] 2856603K->2856454K(4251136K), [Metaspace: 2797K->2797K(1056768K)], 0.4431216 secs] [Times: user=1.50 sys=0.00, real=0.44 secs] 
2016-06-26T20:48:46.242+0300: 6.112: Total time for which application threads were stopped: 0.5774854 seconds, Stopping threads took: 0.0038160 seconds
2016-06-26T20:48:47.164+0300: 7.034: [Full GC (Ergonomics) [PSYoungGen: 743488K->0K(755712K)] [ParOldGen: 2856454K->3258530K(3495424K)] 3599943K->3258530K(4251136K), [Metaspace: 3260K->3260K(1056768K)], 0.3617390 secs] [Times: user=1.08 sys=0.23, real=0.36 secs] 
2016-06-26T20:48:47.526+0300: 7.396: Total time for which application threads were stopped: 0.3657619 seconds, Stopping threads took: 0.0034678 seconds
2016-06-26T20:48:47.623+0300: 7.493: Total time for which application threads were stopped: 0.0007753 seconds, Stopping threads took: 0.0004738 seconds
2016-06-26T20:48:47.623+0300: 7.494: Total time for which application threads were stopped: 0.0002626 seconds, Stopping threads took: 0.0000381 seconds
2016-06-26T20:48:47.623+0300: 7.494: Total time for which application threads were stopped: 0.0002352 seconds, Stopping threads took: 0.0000329 seconds
2016-06-26T20:48:47.624+0300: 7.494: Total time for which application threads were stopped: 0.0002369 seconds, Stopping threads took: 0.0000329 seconds
2016-06-26T20:48:48.378+0300: 8.248: [Full GC (Ergonomics) [PSYoungGen: 744960K->0K(755712K)] [ParOldGen: 3258530K->2796528K(3495424K)] 4003490K->2796528K(4251136K), [Metaspace: 3266K->3266K(1056768K)], 0.3250685 secs] [Times: user=1.25 sys=0.00, real=0.33 secs] 
2016-06-26T20:48:48.703+0300: 8.574: Total time for which application threads were stopped: 0.3287455 seconds, Stopping threads took: 0.0031522 seconds
2016-06-26T20:48:48.799+0300: 8.669: Total time for which application threads were stopped: 0.0021177 seconds, Stopping threads took: 0.0006265 seconds
2016-06-26T20:48:48.801+0300: 8.672: Total time for which application threads were stopped: 0.0010999 seconds, Stopping threads took: 0.0003712 seconds
2016-06-26T20:48:49.690+0300: 9.560: [GC (Allocation Failure) 
Desired survivor size 11010048 bytes, new threshold 6 (max 15)
[PSYoungGen: 743423K->10608K(876032K)] 3539952K->3413149K(4371456K), 0.0886121 secs] [Times: user=0.19 sys=0.09, real=0.09 secs] 
2016-06-26T20:48:49.778+0300: 9.649: [Full GC (Ergonomics) [PSYoungGen: 10608K->0K(876032K)] [ParOldGen: 3402541K->3053011K(3495424K)] 3413149K->3053011K(4371456K), [Metaspace: 5288K->5288K(1056768K)], 0.4113109 secs] [Times: user=1.09 sys=0.02, real=0.41 secs] 
2016-06-26T20:48:50.193+0300: 10.063: Total time for which application threads were stopped: 0.5063160 seconds, Stopping threads took: 0.0030915 seconds
2016-06-26T20:48:50.265+0300: 10.135: Total time for which application threads were stopped: 0.0037240 seconds, Stopping threads took: 0.0033601 seconds
2016-06-26T20:48:51.139+0300: 11.010: Total time for which application threads were stopped: 0.0074963 seconds, Stopping threads took: 0.0065991 seconds
2016-06-26T20:48:51.238+0300: 11.108: [Full GC (Ergonomics) [PSYoungGen: 865236K->64001K(876032K)] [ParOldGen: 3053011K->3495111K(3495424K)] 3918247K->3559112K(4371456K), [Metaspace: 6432K->6432K(1056768K)], 0.4442694 secs] [Times: user=1.34 sys=0.01, real=0.44 secs] 
2016-06-26T20:48:51.682+0300: 11.553: Total time for which application threads were stopped: 0.4461588 seconds, Stopping threads took: 0.0013262 seconds
2016-06-26T20:48:52.495+0300: 12.366: Total time for which application threads were stopped: 0.0047782 seconds, Stopping threads took: 0.0044001 seconds
2016-06-26T20:48:52.496+0300: 12.367: Total time for which application threads were stopped: 0.0004063 seconds, Stopping threads took: 0.0000543 seconds
2016-06-26T20:48:52.497+0300: 12.367: Total time for which application threads were stopped: 0.0003819 seconds, Stopping threads took: 0.0000543 seconds
2016-06-26T20:48:52.658+0300: 12.528: [Full GC (Ergonomics) [PSYoungGen: 864531K->584016K(876032K)] [ParOldGen: 3495111K->3495105K(3495424K)] 4359642K->4079122K(4371456K), [Metaspace: 6455K->6455K(1056768K)], 0.5128707 secs] [Times: user=1.47 sys=0.03, real=0.51 secs] 
2016-06-26T20:48:53.171+0300: 13.041: Total time for which application threads were stopped: 0.5157766 seconds, Stopping threads took: 0.0023782 seconds
2016-06-26T20:48:53.525+0300: 13.395: [Full GC (Ergonomics) [PSYoungGen: 863387K->426013K(876032K)] [ParOldGen: 3495105K->3495105K(3495424K)] 4358493K->3921119K(4371456K), [Metaspace: 6455K->6455K(1056768K)], 0.4927714 secs] [Times: user=1.53 sys=0.00, real=0.49 secs] 
2016-06-26T20:48:54.018+0300: 13.888: Total time for which application threads were stopped: 0.4989266 seconds, Stopping threads took: 0.0056224 seconds
2016-06-26T20:48:54.559+0300: 14.429: [Full GC (Ergonomics) [PSYoungGen: 864170K->734328K(876032K)] [ParOldGen: 3495105K->3495102K(3495424K)] 4359276K->4229430K(4371456K), [Metaspace: 6811K->6811K(1056768K)], 0.4034489 secs] [Times: user=1.30 sys=0.02, real=0.40 secs] 
2016-06-26T20:48:54.963+0300: 14.833: Total time for which application threads were stopped: 0.4095075 seconds, Stopping threads took: 0.0055150 seconds
2016-06-26T20:48:54.963+0300: 14.833: Total time for which application threads were stopped: 0.0004401 seconds, Stopping threads took: 0.0001916 seconds
2016-06-26T20:48:55.127+0300: 14.997: [Full GC (Ergonomics) [PSYoungGen: 864301K->558324K(876032K)] [ParOldGen: 3495102K->3495103K(3495424K)] 4359403K->4053427K(4371456K), [Metaspace: 6811K->6811K(1056768K)], 0.4560256 secs] [Times: user=1.70 sys=0.00, real=0.46 secs] 
2016-06-26T20:48:55.583+0300: 15.454: Total time for which application threads were stopped: 0.4569575 seconds, Stopping threads took: 0.0005273 seconds
2016-06-26T20:48:55.976+0300: 15.846: [Full GC (Ergonomics) [PSYoungGen: 864625K->546322K(876032K)] [ParOldGen: 3495103K->3495105K(3495424K)] 4359728K->4041427K(4371456K), [Metaspace: 6811K->6811K(1056768K)], 0.4595961 secs] [Times: user=1.81 sys=0.00, real=0.46 secs] 
2016-06-26T20:48:56.435+0300: 16.306: Total time for which application threads were stopped: 0.4617275 seconds, Stopping threads took: 0.0016405 seconds
2016-06-26T20:48:56.824+0300: 16.695: [Full GC (Ergonomics) [PSYoungGen: 864218K->36000K(876032K)] [ParOldGen: 3495105K->3495420K(3495424K)] 4359323K->3531421K(4371456K), [Metaspace: 6829K->6829K(1056768K)], 0.3995975 secs] [Times: user=1.50 sys=0.00, real=0.40 secs] 
2016-06-26T20:48:57.224+0300: 17.094: Total time for which application threads were stopped: 0.4019107 seconds, Stopping threads took: 0.0017974 seconds
2016-06-26T20:48:57.818+0300: 17.689: Total time for which application threads were stopped: 0.0023222 seconds, Stopping threads took: 0.0019552 seconds
2016-06-26T20:48:58.297+0300: 18.168: [Full GC (Ergonomics) [PSYoungGen: 864103K->78001K(876032K)] [ParOldGen: 3495420K->3493516K(3495424K)] 4359523K->3571518K(4371456K), [Metaspace: 7360K->7360K(1056768K)], 0.4197883 secs] [Times: user=1.56 sys=0.00, real=0.42 secs] 
2016-06-26T20:48:58.717+0300: 18.588: Total time for which application threads were stopped: 0.4219578 seconds, Stopping threads took: 0.0016345 seconds
2016-06-26T20:48:59.721+0300: 19.592: Total time for which application threads were stopped: 0.0039733 seconds, Stopping threads took: 0.0036513 seconds
2016-06-26T20:48:59.747+0300: 19.618: [Full GC (Ergonomics) [PSYoungGen: 864841K->264019K(876032K)] [ParOldGen: 3493516K->3493585K(3495424K)] 4358358K->3757604K(4371456K), [Metaspace: 7596K->7596K(1056768K)], 0.4736672 secs] [Times: user=1.53 sys=0.00, real=0.47 secs] 
2016-06-26T20:49:00.221+0300: 20.092: Total time for which application threads were stopped: 0.4744883 seconds, Stopping threads took: 0.0003203 seconds
2016-06-26T20:49:00.996+0300: 20.867: [Full GC (Ergonomics) [PSYoungGen: 863597K->424013K(876032K)] [ParOldGen: 3493585K->3493593K(3495424K)] 4357182K->3917607K(4371456K), [Metaspace: 7597K->7597K(1056768K)], 0.4823789 secs] [Times: user=1.44 sys=0.00, real=0.48 secs] 
2016-06-26T20:49:01.479+0300: 21.350: Total time for which application threads were stopped: 0.4866016 seconds, Stopping threads took: 0.0036791 seconds
2016-06-26T20:49:01.632+0300: 21.503: Total time for which application threads were stopped: 0.0024556 seconds, Stopping threads took: 0.0020870 seconds
2016-06-26T20:49:02.120+0300: 21.990: [Full GC (Ergonomics) [PSYoungGen: 865280K->462018K(876032K)] [ParOldGen: 3493593K->3493589K(3495424K)] 4358873K->3955607K(4371456K), [Metaspace: 7631K->7631K(1056768K)], 0.4851459 secs] [Times: user=1.44 sys=0.00, real=0.49 secs] 
2016-06-26T20:49:02.605+0300: 22.476: Total time for which application threads were stopped: 0.4900746 seconds, Stopping threads took: 0.0044117 seconds
2016-06-26T20:49:03.138+0300: 23.008: [Full GC (Ergonomics) [PSYoungGen: 864437K->0K(876032K)] [ParOldGen: 3493589K->3477619K(3495424K)] 4358026K->3477619K(4371456K), [Metaspace: 7697K->7697K(1056768K)], 0.4289581 secs] [Times: user=1.34 sys=0.00, real=0.43 secs] 
2016-06-26T20:49:03.567+0300: 23.437: Total time for which application threads were stopped: 0.4322951 seconds, Stopping threads took: 0.0027900 seconds
2016-06-26T20:49:03.607+0300: 23.477: Total time for which application threads were stopped: 0.0048252 seconds, Stopping threads took: 0.0044754 seconds
2016-06-26T20:49:03.607+0300: 23.478: Total time for which application threads were stopped: 0.0003336 seconds, Stopping threads took: 0.0000342 seconds
2016-06-26T20:49:04.113+0300: 23.983: Total time for which application threads were stopped: 0.0051015 seconds, Stopping threads took: 0.0047478 seconds
2016-06-26T20:49:04.115+0300: 23.985: Total time for which application threads were stopped: 0.0006650 seconds, Stopping threads took: 0.0003280 seconds
2016-06-26T20:49:04.154+0300: 24.025: Total time for which application threads were stopped: 0.0055394 seconds, Stopping threads took: 0.0051926 seconds
2016-06-26T20:49:04.155+0300: 24.025: Total time for which application threads were stopped: 0.0003652 seconds, Stopping threads took: 0.0000492 seconds
2016-06-26T20:49:04.155+0300: 24.026: Total time for which application threads were stopped: 0.0003562 seconds, Stopping threads took: 0.0000483 seconds
2016-06-26T20:49:04.156+0300: 24.026: Total time for which application threads were stopped: 0.0003156 seconds, Stopping threads took: 0.0000385 seconds
2016-06-26T20:49:04.158+0300: 24.028: Total time for which application threads were stopped: 0.0003485 seconds, Stopping threads took: 0.0000517 seconds
2016-06-26T20:49:04.159+0300: 24.030: Total time for which application threads were stopped: 0.0004336 seconds, Stopping threads took: 0.0000753 seconds
2016-06-26T20:49:04.162+0300: 24.033: Total time for which application threads were stopped: 0.0004131 seconds, Stopping threads took: 0.0000650 seconds
2016-06-26T20:49:04.604+0300: 24.474: Total time for which application threads were stopped: 0.0049899 seconds, Stopping threads took: 0.0046212 seconds
2016-06-26T20:49:04.604+0300: 24.475: Total time for which application threads were stopped: 0.0003956 seconds, Stopping threads took: 0.0000530 seconds
2016-06-26T20:49:04.611+0300: 24.481: Total time for which application threads were stopped: 0.0019608 seconds, Stopping threads took: 0.0016093 seconds
2016-06-26T20:49:04.611+0300: 24.482: Total time for which application threads were stopped: 0.0003721 seconds, Stopping threads took: 0.0000432 seconds
2016-06-26T20:49:04.713+0300: 24.583: Total time for which application threads were stopped: 0.0009708 seconds, Stopping threads took: 0.0005803 seconds
2016-06-26T20:49:04.718+0300: 24.588: Total time for which application threads were stopped: 0.0004315 seconds, Stopping threads took: 0.0000860 seconds
2016-06-26T20:49:04.720+0300: 24.590: Total time for which application threads were stopped: 0.0015306 seconds, Stopping threads took: 0.0011799 seconds
2016-06-26T20:49:04.720+0300: 24.590: Total time for which application threads were stopped: 0.0002989 seconds, Stopping threads took: 0.0000376 seconds
2016-06-26T20:49:04.720+0300: 24.590: Total time for which application threads were stopped: 0.0002386 seconds, Stopping threads took: 0.0000291 seconds
2016-06-26T20:49:04.721+0300: 24.591: Total time for which application threads were stopped: 0.0002348 seconds, Stopping threads took: 0.0000265 seconds
2016-06-26T20:49:04.721+0300: 24.591: Total time for which application threads were stopped: 0.0002297 seconds, Stopping threads took: 0.0000252 seconds
2016-06-26T20:49:04.721+0300: 24.591: Total time for which application threads were stopped: 0.0003165 seconds, Stopping threads took: 0.0000393 seconds
2016-06-26T20:49:04.722+0300: 24.592: Total time for which application threads were stopped: 0.0003464 seconds, Stopping threads took: 0.0000393 seconds
2016-06-26T20:49:04.832+0300: 24.702: Total time for which application threads were stopped: 0.0004375 seconds, Stopping threads took: 0.0000684 seconds
2016-06-26T20:49:04.832+0300: 24.703: Total time for which application threads were stopped: 0.0004033 seconds, Stopping threads took: 0.0000393 seconds
2016-06-26T20:49:04.840+0300: 24.710: Total time for which application threads were stopped: 0.0012868 seconds, Stopping threads took: 0.0001984 seconds
2016-06-26T20:49:04.846+0300: 24.717: Total time for which application threads were stopped: 0.0004328 seconds, Stopping threads took: 0.0000808 seconds
2016-06-26T20:49:04.847+0300: 24.717: Total time for which application threads were stopped: 0.0003828 seconds, Stopping threads took: 0.0000483 seconds
2016-06-26T20:49:04.847+0300: 24.718: [Full GC (Ergonomics) [PSYoungGen: 864254K->0K(876032K)] [ParOldGen: 3477619K->3459738K(3495424K)] 4341873K->3459738K(4371456K), [Metaspace: 8067K->8067K(1056768K)], 0.4181303 secs] [Times: user=1.42 sys=0.00, real=0.42 secs] 
2016-06-26T20:49:05.265+0300: 25.136: Total time for which application threads were stopped: 0.4186375 seconds, Stopping threads took: 0.0000402 seconds
2016-06-26T20:49:05.356+0300: 25.227: Total time for which application threads were stopped: 0.0006539 seconds, Stopping threads took: 0.0003947 seconds
2016-06-26T20:49:05.357+0300: 25.227: Total time for which application threads were stopped: 0.0003126 seconds, Stopping threads took: 0.0000364 seconds
2016-06-26T20:49:05.357+0300: 25.228: Total time for which application threads were stopped: 0.0002365 seconds, Stopping threads took: 0.0000342 seconds
2016-06-26T20:49:05.357+0300: 25.228: Total time for which application threads were stopped: 0.0002335 seconds, Stopping threads took: 0.0000308 seconds
2016-06-26T20:49:05.360+0300: 25.231: Total time for which application threads were stopped: 0.0003331 seconds, Stopping threads took: 0.0000633 seconds
2016-06-26T20:49:05.425+0300: 25.295: Total time for which application threads were stopped: 0.0005957 seconds, Stopping threads took: 0.0003421 seconds
2016-06-26T20:49:05.429+0300: 25.300: Total time for which application threads were stopped: 0.0008908 seconds, Stopping threads took: 0.0001796 seconds
2016-06-26T20:49:06.211+0300: 26.081: [Full GC (Ergonomics) [PSYoungGen: 864058K->186004K(876032K)] [ParOldGen: 3459738K->3493817K(3495424K)] 4323797K->3679822K(4371456K), [Metaspace: 8134K->8134K(1056768K)], 0.4298502 secs] [Times: user=1.70 sys=0.00, real=0.43 secs] 
2016-06-26T20:49:06.641+0300: 26.511: Total time for which application threads were stopped: 0.4329421 seconds, Stopping threads took: 0.0025031 seconds
2016-06-26T20:49:07.145+0300: 27.015: Total time for which application threads were stopped: 0.0025693 seconds, Stopping threads took: 0.0022525 seconds
2016-06-26T20:49:07.492+0300: 27.362: [Full GC (Ergonomics) [PSYoungGen: 863599K->244056K(876032K)] [ParOldGen: 3493817K->3493815K(3495424K)] 4357416K->3737871K(4371456K), [Metaspace: 8181K->8181K(1056768K)], 0.4261903 secs] [Times: user=1.61 sys=0.00, real=0.43 secs] 
2016-06-26T20:49:07.918+0300: 27.788: Total time for which application threads were stopped: 0.4278864 seconds, Stopping threads took: 0.0011799 seconds
2016-06-26T20:49:08.721+0300: 28.592: [Full GC (Ergonomics) [PSYoungGen: 864688K->218006K(876032K)] [ParOldGen: 3493815K->3493864K(3495424K)] 4358503K->3711871K(4371456K), [Metaspace: 8184K->8184K(1056768K)], 0.4589619 secs] [Times: user=1.42 sys=0.00, real=0.46 secs] 
2016-06-26T20:49:09.181+0300: 29.051: Total time for which application threads were stopped: 0.4620598 seconds, Stopping threads took: 0.0025467 seconds
2016-06-26T20:49:10.029+0300: 29.899: [Full GC (Ergonomics) [PSYoungGen: 863967K->188005K(876032K)] [ParOldGen: 3493864K->3493865K(3495424K)] 4357831K->3681870K(4371456K), [Metaspace: 8190K->8190K(1056768K)], 0.4673379 secs] [Times: user=1.31 sys=0.02, real=0.47 secs] 
2016-06-26T20:49:10.496+0300: 30.367: Total time for which application threads were stopped: 0.4704487 seconds, Stopping threads took: 0.0025471 seconds
2016-06-26T20:49:11.384+0300: 31.255: [Full GC (Ergonomics) [PSYoungGen: 863650K->128004K(876032K)] [ParOldGen: 3493865K->3493867K(3495424K)] 4357516K->3621871K(4371456K), [Metaspace: 8198K->8198K(1056768K)], 0.4315552 secs] [Times: user=1.42 sys=0.00, real=0.43 secs] 
2016-06-26T20:49:11.816+0300: 31.686: Total time for which application threads were stopped: 0.4374393 seconds, Stopping threads took: 0.0052597 seconds
2016-06-26T20:49:12.771+0300: 32.642: [Full GC (Ergonomics) [PSYoungGen: 864152K->398011K(876032K)] [ParOldGen: 3493867K->3493864K(3495424K)] 4358019K->3891876K(4371456K), [Metaspace: 8198K->8198K(1056768K)], 0.4647737 secs] [Times: user=1.47 sys=0.00, real=0.47 secs] 
2016-06-26T20:49:13.236+0300: 33.107: Total time for which application threads were stopped: 0.4703708 seconds, Stopping threads took: 0.0049813 seconds
2016-06-26T20:49:13.258+0300: 33.129: Total time for which application threads were stopped: 0.0004619 seconds, Stopping threads took: 0.0000800 seconds
2016-06-26T20:49:13.260+0300: 33.130: Total time for which application threads were stopped: 0.0004204 seconds, Stopping threads took: 0.0000547 seconds
2016-06-26T20:49:13.261+0300: 33.131: Total time for which application threads were stopped: 0.0004366 seconds, Stopping threads took: 0.0000633 seconds
2016-06-26T20:49:13.268+0300: 33.139: Total time for which application threads were stopped: 0.0058567 seconds, Stopping threads took: 0.0054650 seconds
2016-06-26T20:49:13.945+0300: 33.816: [Full GC (Ergonomics) [PSYoungGen: 865280K->254008K(876032K)] [ParOldGen: 3493864K->3493901K(3495424K)] 4359144K->3747910K(4371456K), [Metaspace: 8223K->8223K(1056768K)], 0.4520146 secs] [Times: user=1.42 sys=0.00, real=0.45 secs] 
2016-06-26T20:49:14.397+0300: 34.268: Total time for which application threads were stopped: 0.4623241 seconds, Stopping threads took: 0.0097775 seconds
2016-06-26T20:49:15.028+0300: 34.899: Total time for which application threads were stopped: 0.0038485 seconds, Stopping threads took: 0.0034738 seconds
2016-06-26T20:49:15.306+0300: 35.176: [Full GC (Ergonomics) [PSYoungGen: 864539K->284014K(876032K)] [ParOldGen: 3493901K->3493905K(3495424K)] 4358441K->3777920K(4371456K), [Metaspace: 8239K->8239K(1056768K)], 0.4545339 secs] [Times: user=1.39 sys=0.00, real=0.45 secs] 
2016-06-26T20:49:15.760+0300: 35.631: Total time for which application threads were stopped: 0.4565191 seconds, Stopping threads took: 0.0014442 seconds
2016-06-26T20:49:16.432+0300: 36.303: [Full GC (Ergonomics) [PSYoungGen: 865121K->106002K(876032K)] [ParOldGen: 3493905K->3493911K(3495424K)] 4359027K->3599913K(4371456K), [Metaspace: 8248K->8248K(1056768K)], 0.4134706 secs] [Times: user=1.53 sys=0.02, real=0.41 secs] 
2016-06-26T20:49:16.846+0300: 36.716: Total time for which application threads were stopped: 0.4171856 seconds, Stopping threads took: 0.0031912 seconds
2016-06-26T20:49:16.861+0300: 36.732: Total time for which application threads were stopped: 0.0004631 seconds, Stopping threads took: 0.0000860 seconds
2016-06-26T20:49:16.866+0300: 36.736: Total time for which application threads were stopped: 0.0004396 seconds, Stopping threads took: 0.0000616 seconds
2016-06-26T20:49:17.779+0300: 37.649: [Full GC (Ergonomics) [PSYoungGen: 864278K->220005K(876032K)] [ParOldGen: 3493911K->3493944K(3495424K)] 4358189K->3713950K(4371456K), [Metaspace: 8354K->8354K(1056768K)], 0.4599455 secs] [Times: user=1.55 sys=0.02, real=0.46 secs] 
2016-06-26T20:49:18.239+0300: 38.109: Total time for which application threads were stopped: 0.4629279 seconds, Stopping threads took: 0.0024265 seconds
2016-06-26T20:49:18.242+0300: 38.113: Total time for which application threads were stopped: 0.0003648 seconds, Stopping threads took: 0.0000637 seconds
2016-06-26T20:49:19.114+0300: 38.984: [Full GC (Ergonomics) [PSYoungGen: 865280K->234008K(876032K)] [ParOldGen: 3493944K->3493965K(3495424K)] 4359224K->3727974K(4371456K), [Metaspace: 8488K->8488K(1056768K)], 0.4290620 secs] [Times: user=1.58 sys=0.03, real=0.43 secs] 
2016-06-26T20:49:19.543+0300: 39.413: Total time for which application threads were stopped: 0.4333433 seconds, Stopping threads took: 0.0036316 seconds
2016-06-26T20:49:20.335+0300: 40.206: [Full GC (Ergonomics) [PSYoungGen: 864400K->274008K(876032K)] [ParOldGen: 3493965K->3493976K(3495424K)] 4358366K->3767985K(4371456K), [Metaspace: 8506K->8506K(1056768K)], 0.4401720 secs] [Times: user=1.48 sys=0.01, real=0.44 secs] 
2016-06-26T20:49:20.776+0300: 40.646: Total time for which application threads were stopped: 0.4467908 seconds, Stopping threads took: 0.0060513 seconds
2016-06-26T20:49:21.538+0300: 41.408: [Full GC (Ergonomics) [PSYoungGen: 863458K->336010K(876032K)] [ParOldGen: 3493976K->3493985K(3495424K)] 4357434K->3829996K(4371456K), [Metaspace: 8512K->8512K(1056768K)], 0.4595341 secs] [Times: user=1.44 sys=0.00, real=0.46 secs] 
2016-06-26T20:49:21.997+0300: 41.868: Total time for which application threads were stopped: 0.4659805 seconds, Stopping threads took: 0.0058820 seconds
2016-06-26T20:49:22.203+0300: 42.074: Total time for which application threads were stopped: 0.0014378 seconds, Stopping threads took: 0.0010764 seconds
2016-06-26T20:49:22.205+0300: 42.076: Total time for which application threads were stopped: 0.0004268 seconds, Stopping threads took: 0.0000612 seconds
2016-06-26T20:49:22.692+0300: 42.563: [Full GC (Ergonomics) [PSYoungGen: 863767K->282016K(876032K)] [ParOldGen: 3493985K->3494008K(3495424K)] 4357753K->3776024K(4371456K), [Metaspace: 8514K->8514K(1056768K)], 0.4525274 secs] [Times: user=1.36 sys=0.00, real=0.45 secs] 
2016-06-26T20:49:23.145+0300: 43.015: Total time for which application threads were stopped: 0.4574728 seconds, Stopping threads took: 0.0044100 seconds
2016-06-26T20:49:23.617+0300: 43.488: Total time for which application threads were stopped: 0.0032172 seconds, Stopping threads took: 0.0028388 seconds
2016-06-26T20:49:24.045+0300: 43.916: [Full GC (Ergonomics) [PSYoungGen: 865280K->0K(876032K)] [ParOldGen: 3494008K->3414028K(3495424K)] 4359288K->3414028K(4371456K), [Metaspace: 8522K->8522K(1056768K)], 0.4174157 secs] [Times: user=1.22 sys=0.00, real=0.42 secs] 
2016-06-26T20:49:24.463+0300: 44.333: Total time for which application threads were stopped: 0.4204576 seconds, Stopping threads took: 0.0025202 seconds
2016-06-26T20:49:24.761+0300: 44.631: Total time for which application threads were stopped: 0.0029277 seconds, Stopping threads took: 0.0025454 seconds
2016-06-26T20:49:25.057+0300: 44.928: Total time for which application threads were stopped: 0.0024616 seconds, Stopping threads took: 0.0020827 seconds
2016-06-26T20:49:25.058+0300: 44.928: Total time for which application threads were stopped: 0.0005260 seconds, Stopping threads took: 0.0001659 seconds
2016-06-26T20:49:25.364+0300: 45.234: Total time for which application threads were stopped: 0.0020566 seconds, Stopping threads took: 0.0016854 seconds
2016-06-26T20:49:25.364+0300: 45.234: Total time for which application threads were stopped: 0.0003712 seconds, Stopping threads took: 0.0000346 seconds
2016-06-26T20:49:25.364+0300: 45.235: Total time for which application threads were stopped: 0.0003853 seconds, Stopping threads took: 0.0000351 seconds
2016-06-26T20:49:25.625+0300: 45.495: [Full GC (Ergonomics) [PSYoungGen: 864895K->0K(876032K)] [ParOldGen: 3414028K->3492063K(3495424K)] 4278923K->3492063K(4371456K), [Metaspace: 8529K->8529K(1056768K)], 0.4191558 secs] [Times: user=1.22 sys=0.00, real=0.42 secs] 
2016-06-26T20:49:26.045+0300: 45.915: Total time for which application threads were stopped: 0.4213783 seconds, Stopping threads took: 0.0016982 seconds
2016-06-26T20:49:26.310+0300: 46.180: Total time for which application threads were stopped: 0.0028807 seconds, Stopping threads took: 0.0019035 seconds
2016-06-26T20:49:26.558+0300: 46.429: Total time for which application threads were stopped: 0.0028259 seconds, Stopping threads took: 0.0019172 seconds
2016-06-26T20:49:26.610+0300: 46.480: Total time for which application threads were stopped: 0.0006744 seconds, Stopping threads took: 0.0003088 seconds
2016-06-26T20:49:27.175+0300: 47.046: Total time for which application threads were stopped: 0.0033695 seconds, Stopping threads took: 0.0029765 seconds
2016-06-26T20:49:27.176+0300: 47.047: Total time for which application threads were stopped: 0.0004024 seconds, Stopping threads took: 0.0000368 seconds
2016-06-26T20:49:27.177+0300: 47.047: Total time for which application threads were stopped: 0.0003866 seconds, Stopping threads took: 0.0000364 seconds
2016-06-26T20:49:27.177+0300: 47.047: Total time for which application threads were stopped: 0.0003716 seconds, Stopping threads took: 0.0000342 seconds
2016-06-26T20:49:27.177+0300: 47.048: Total time for which application threads were stopped: 0.0003631 seconds, Stopping threads took: 0.0000359 seconds
2016-06-26T20:49:27.179+0300: 47.049: Total time for which application threads were stopped: 0.0009866 seconds, Stopping threads took: 0.0000445 seconds
2016-06-26T20:49:27.325+0300: 47.196: [Full GC (Ergonomics) [PSYoungGen: 864176K->38001K(876032K)] [ParOldGen: 3492063K->3494096K(3495424K)] 4356240K->3532098K(4371456K), [Metaspace: 8650K->8650K(1056768K)], 0.4179699 secs] [Times: user=1.47 sys=0.00, real=0.42 secs] 
2016-06-26T20:49:27.744+0300: 47.614: Total time for which application threads were stopped: 0.4192200 seconds, Stopping threads took: 0.0006778 seconds
2016-06-26T20:49:28.176+0300: 48.046: Total time for which application threads were stopped: 0.0027135 seconds, Stopping threads took: 0.0017145 seconds
2016-06-26T20:49:28.793+0300: 48.663: [Full GC (Ergonomics) [PSYoungGen: 863477K->194004K(876032K)] [ParOldGen: 3494096K->3494111K(3495424K)] 4357574K->3688115K(4371456K), [Metaspace: 8672K->8672K(1056768K)], 0.4331816 secs] [Times: user=1.42 sys=0.00, real=0.43 secs] 
2016-06-26T20:49:29.226+0300: 49.097: Total time for which application threads were stopped: 0.4398594 seconds, Stopping threads took: 0.0061039 seconds
2016-06-26T20:49:29.238+0300: 49.109: Total time for which application threads were stopped: 0.0007886 seconds, Stopping threads took: 0.0000667 seconds
2016-06-26T20:49:30.040+0300: 49.910: [Full GC (Ergonomics) [PSYoungGen: 863930K->306007K(876032K)] [ParOldGen: 3494111K->3494117K(3495424K)] 4358042K->3800125K(4371456K), [Metaspace: 8693K->8693K(1056768K)], 0.4660250 secs] [Times: user=1.38 sys=0.02, real=0.47 secs] 
2016-06-26T20:49:30.506+0300: 50.377: Total time for which application threads were stopped: 0.4698299 seconds, Stopping threads took: 0.0031202 seconds
2016-06-26T20:49:30.510+0300: 50.380: Total time for which application threads were stopped: 0.0007672 seconds, Stopping threads took: 0.0000706 seconds
2016-06-26T20:49:31.181+0300: 51.051: Total time for which application threads were stopped: 0.0063776 seconds, Stopping threads took: 0.0053718 seconds
2016-06-26T20:49:31.434+0300: 51.304: [Full GC (Ergonomics) [PSYoungGen: 865104K->0K(876032K)] [ParOldGen: 3494117K->3412130K(3495424K)] 4359222K->3412130K(4371456K), [Metaspace: 8698K->8698K(1056768K)], 0.4166605 secs] [Times: user=1.36 sys=0.00, real=0.42 secs] 
2016-06-26T20:49:31.851+0300: 51.721: Total time for which application threads were stopped: 0.4187213 seconds, Stopping threads took: 0.0014061 seconds
2016-06-26T20:49:32.178+0300: 52.048: Total time for which application threads were stopped: 0.0021477 seconds, Stopping threads took: 0.0012269 seconds
2016-06-26T20:49:32.841+0300: 52.711: [Full GC (Ergonomics) [PSYoungGen: 864813K->48001K(876032K)] [ParOldGen: 3412130K->3494140K(3495424K)] 4276944K->3542141K(4371456K), [Metaspace: 8707K->8707K(1056768K)], 0.4290325 secs] [Times: user=1.42 sys=0.00, real=0.43 secs] 
2016-06-26T20:49:33.270+0300: 53.141: Total time for which application threads were stopped: 0.4329481 seconds, Stopping threads took: 0.0033481 seconds
2016-06-26T20:49:33.277+0300: 53.147: Total time for which application threads were stopped: 0.0009738 seconds, Stopping threads took: 0.0000599 seconds
2016-06-26T20:49:34.185+0300: 54.055: Total time for which application threads were stopped: 0.0073146 seconds, Stopping threads took: 0.0063913 seconds
2016-06-26T20:49:34.502+0300: 54.372: [Full GC (Ergonomics) [PSYoungGen: 864881K->0K(876032K)] [ParOldGen: 3494140K->3408148K(3495424K)] 4359021K->3408148K(4371456K), [Metaspace: 8720K->8720K(1056768K)], 0.4138516 secs] [Times: user=1.27 sys=0.00, real=0.41 secs] 
2016-06-26T20:49:34.915+0300: 54.786: Total time for which application threads were stopped: 0.4160853 seconds, Stopping threads took: 0.0016644 seconds
2016-06-26T20:49:35.181+0300: 55.051: Total time for which application threads were stopped: 0.0023726 seconds, Stopping threads took: 0.0013835 seconds
2016-06-26T20:49:35.871+0300: 55.741: [Full GC (Ergonomics) [PSYoungGen: 863736K->284006K(876032K)] [ParOldGen: 3408148K->3494155K(3495424K)] 4271885K->3778162K(4371456K), [Metaspace: 8728K->8728K(1056768K)], 0.4619841 secs] [Times: user=1.39 sys=0.00, real=0.46 secs] 
2016-06-26T20:49:36.333+0300: 56.203: Total time for which application threads were stopped: 0.4661832 seconds, Stopping threads took: 0.0036329 seconds
2016-06-26T20:49:36.337+0300: 56.207: Total time for which application threads were stopped: 0.0010674 seconds, Stopping threads took: 0.0001163 seconds
2016-06-26T20:49:36.345+0300: 56.216: Total time for which application threads were stopped: 0.0004991 seconds, Stopping threads took: 0.0001339 seconds
2016-06-26T20:49:37.097+0300: 56.967: [Full GC (Ergonomics) [PSYoungGen: 863733K->8000K(876032K)] [ParOldGen: 3494155K->3494166K(3495424K)] 4357889K->3502166K(4371456K), [Metaspace: 8735K->8735K(1056768K)], 0.4165565 secs] [Times: user=1.38 sys=0.00, real=0.42 secs] 
2016-06-26T20:49:37.513+0300: 57.384: Total time for which application threads were stopped: 0.4255617 seconds, Stopping threads took: 0.0084688 seconds
2016-06-26T20:49:37.517+0300: 57.387: Total time for which application threads were stopped: 0.0009823 seconds, Stopping threads took: 0.0000616 seconds
2016-06-26T20:49:38.186+0300: 58.056: Total time for which application threads were stopped: 0.0044917 seconds, Stopping threads took: 0.0035739 seconds
2016-06-26T20:49:38.747+0300: 58.617: [Full GC (Ergonomics) [PSYoungGen: 863316K->0K(876032K)] [ParOldGen: 3494166K->3352180K(3495424K)] 4357483K->3352180K(4371456K), [Metaspace: 8749K->8749K(1056768K)], 0.3900416 secs] [Times: user=1.42 sys=0.00, real=0.39 secs] 
2016-06-26T20:49:39.136+0300: 59.007: Total time for which application threads were stopped: 0.3936441 seconds, Stopping threads took: 0.0030436 seconds
2016-06-26T20:49:39.182+0300: 59.053: Total time for which application threads were stopped: 0.0009866 seconds, Stopping threads took: 0.0002506 seconds
2016-06-26T20:49:40.116+0300: 59.986: [Full GC (Ergonomics) [PSYoungGen: 864396K->72001K(876032K)] [ParOldGen: 3352180K->3494189K(3495424K)] 4216576K->3566191K(4371456K), [Metaspace: 8755K->8755K(1056768K)], 0.4107717 secs] [Times: user=1.53 sys=0.00, real=0.41 secs] 
2016-06-26T20:49:40.526+0300: 60.397: Total time for which application threads were stopped: 0.4141707 seconds, Stopping threads took: 0.0028516 seconds
2016-06-26T20:49:40.530+0300: 60.400: Total time for which application threads were stopped: 0.0007860 seconds, Stopping threads took: 0.0000706 seconds
2016-06-26T20:49:41.185+0300: 61.055: Total time for which application threads were stopped: 0.0020010 seconds, Stopping threads took: 0.0010127 seconds
2016-06-26T20:49:41.690+0300: 61.561: [Full GC (Ergonomics) [PSYoungGen: 864124K->154003K(876032K)] [ParOldGen: 3494189K->3494202K(3495424K)] 4358313K->3648205K(4371456K), [Metaspace: 8772K->8772K(1056768K)], 0.4129424 secs] [Times: user=1.56 sys=0.00, real=0.41 secs] 
2016-06-26T20:49:42.104+0300: 61.974: Total time for which application threads were stopped: 0.4147305 seconds, Stopping threads took: 0.0012398 seconds
2016-06-26T20:49:42.185+0300: 62.055: Total time for which application threads were stopped: 0.0014489 seconds, Stopping threads took: 0.0004131 seconds
2016-06-26T20:49:42.929+0300: 62.800: [Full GC (Ergonomics) [PSYoungGen: 864567K->190004K(876032K)] [ParOldGen: 3494202K->3494209K(3495424K)] 4358769K->3684214K(4371456K), [Metaspace: 8783K->8783K(1056768K)], 0.4402631 secs] [Times: user=1.36 sys=0.00, real=0.44 secs] 
2016-06-26T20:49:43.370+0300: 63.240: Total time for which application threads were stopped: 0.4432576 seconds, Stopping threads took: 0.0023867 seconds
2016-06-26T20:49:43.373+0300: 63.243: Total time for which application threads were stopped: 0.0012402 seconds, Stopping threads took: 0.0000663 seconds
2016-06-26T20:49:43.374+0300: 63.245: Total time for which application threads were stopped: 0.0011837 seconds, Stopping threads took: 0.0000316 seconds
2016-06-26T20:49:43.376+0300: 63.246: Total time for which application threads were stopped: 0.0009293 seconds, Stopping threads took: 0.0000633 seconds
2016-06-26T20:49:44.190+0300: 64.060: Total time for which application threads were stopped: 0.0052328 seconds, Stopping threads took: 0.0043172 seconds
2016-06-26T20:49:44.433+0300: 64.303: [Full GC (Ergonomics) [PSYoungGen: 864496K->0K(876032K)] [ParOldGen: 3494209K->3292218K(3495424K)] 4358705K->3292218K(4371456K), [Metaspace: 8800K->8800K(1056768K)], 0.4032454 secs] [Times: user=1.30 sys=0.00, real=0.40 secs] 
2016-06-26T20:49:44.836+0300: 64.706: Total time for which application threads were stopped: 0.4053563 seconds, Stopping threads took: 0.0015686 seconds
2016-06-26T20:49:45.189+0300: 65.059: Total time for which application threads were stopped: 0.0036483 seconds, Stopping threads took: 0.0026745 seconds
2016-06-26T20:49:45.820+0300: 65.691: [Full GC (Ergonomics) [PSYoungGen: 864813K->0K(876032K)] [ParOldGen: 3292218K->3424227K(3495424K)] 4157031K->3424227K(4371456K), [Metaspace: 8801K->8801K(1056768K)], 0.4152188 secs] [Times: user=1.34 sys=0.00, real=0.41 secs] 
2016-06-26T20:49:46.235+0300: 66.106: Total time for which application threads were stopped: 0.4199620 seconds, Stopping threads took: 0.0041897 seconds
2016-06-26T20:49:46.243+0300: 66.114: Total time for which application threads were stopped: 0.0010003 seconds, Stopping threads took: 0.0000748 seconds
2016-06-26T20:49:46.908+0300: 66.779: Total time for which application threads were stopped: 0.0061997 seconds, Stopping threads took: 0.0058131 seconds
2016-06-26T20:49:47.190+0300: 67.061: Total time for which application threads were stopped: 0.0037668 seconds, Stopping threads took: 0.0027524 seconds
2016-06-26T20:49:47.435+0300: 67.305: [Full GC (Ergonomics) [PSYoungGen: 865246K->60000K(876032K)] [ParOldGen: 3424227K->3494238K(3495424K)] 4289474K->3554239K(4371456K), [Metaspace: 8821K->8821K(1056768K)], 0.4378276 secs] [Times: user=1.38 sys=0.02, real=0.44 secs] 
2016-06-26T20:49:47.873+0300: 67.743: Total time for which application threads were stopped: 0.4415333 seconds, Stopping threads took: 0.0031428 seconds
2016-06-26T20:49:48.191+0300: 68.062: Total time for which application threads were stopped: 0.0036855 seconds, Stopping threads took: 0.0026861 seconds
2016-06-26T20:49:48.856+0300: 68.727: [Full GC (Ergonomics) [PSYoungGen: 864958K->160004K(876032K)] [ParOldGen: 3494238K->3494245K(3495424K)] 4359196K->3654250K(4371456K), [Metaspace: 8825K->8825K(1056768K)], 0.4338958 secs] [Times: user=1.44 sys=0.00, real=0.43 secs] 
2016-06-26T20:49:49.291+0300: 69.161: Total time for which application threads were stopped: 0.4406283 seconds, Stopping threads took: 0.0061813 seconds
2016-06-26T20:49:49.433+0300: 69.304: Total time for which application threads were stopped: 0.0016828 seconds, Stopping threads took: 0.0008634 seconds
2016-06-26T20:49:50.212+0300: 70.083: [Full GC (Ergonomics) [PSYoungGen: 863799K->126137K(876032K)] [ParOldGen: 3494245K->3494269K(3495424K)] 4358045K->3620406K(4371456K), [Metaspace: 8834K->8834K(1056768K)], 0.4196327 secs] [Times: user=1.47 sys=0.00, real=0.42 secs] 
2016-06-26T20:49:50.632+0300: 70.503: Total time for which application threads were stopped: 0.4233148 seconds, Stopping threads took: 0.0030996 seconds
2016-06-26T20:49:51.414+0300: 71.284: Total time for which application threads were stopped: 0.0030231 seconds, Stopping threads took: 0.0019116 seconds
2016-06-26T20:49:51.737+0300: 71.608: [Full GC (Ergonomics) [PSYoungGen: 865183K->98184K(876032K)] [ParOldGen: 3494269K->3494258K(3495424K)] 4359452K->3592442K(4371456K), [Metaspace: 8838K->8838K(1056768K)], 0.4070079 secs] [Times: user=1.56 sys=0.00, real=0.41 secs] 
2016-06-26T20:49:52.145+0300: 72.015: Total time for which application threads were stopped: 0.4081253 seconds, Stopping threads took: 0.0005961 seconds
2016-06-26T20:49:52.979+0300: 72.849: [Full GC (Ergonomics) [PSYoungGen: 864981K->98002K(876032K)] [ParOldGen: 3494258K->3494256K(3495424K)] 4359240K->3592259K(4371456K), [Metaspace: 8838K->8838K(1056768K)], 0.4014133 secs] [Times: user=1.52 sys=0.00, real=0.40 secs] 
2016-06-26T20:49:53.381+0300: 73.251: Total time for which application threads were stopped: 0.4050509 seconds, Stopping threads took: 0.0031646 seconds
2016-06-26T20:49:53.384+0300: 73.254: Total time for which application threads were stopped: 0.0007561 seconds, Stopping threads took: 0.0000723 seconds
2016-06-26T20:49:54.435+0300: 74.306: [Full GC (Ergonomics) [PSYoungGen: 865191K->186003K(876032K)] [ParOldGen: 3494256K->3494264K(3495424K)] 4359448K->3680268K(4371456K), [Metaspace: 8845K->8845K(1056768K)], 0.4407725 secs] [Times: user=1.42 sys=0.00, real=0.44 secs] 
2016-06-26T20:49:54.876+0300: 74.747: Total time for which application threads were stopped: 0.4444529 seconds, Stopping threads took: 0.0031078 seconds
2016-06-26T20:49:55.195+0300: 75.065: Total time for which application threads were stopped: 0.0024137 seconds, Stopping threads took: 0.0014057 seconds
2016-06-26T20:49:55.840+0300: 75.710: [Full GC (Ergonomics) [PSYoungGen: 863780K->126003K(876032K)] [ParOldGen: 3494264K->3494271K(3495424K)] 4358044K->3620275K(4371456K), [Metaspace: 8852K->8852K(1056768K)], 0.4327505 secs] [Times: user=1.48 sys=0.00, real=0.43 secs] 
2016-06-26T20:49:56.273+0300: 76.143: Total time for which application threads were stopped: 0.4359348 seconds, Stopping threads took: 0.0025899 seconds
2016-06-26T20:49:56.616+0300: 76.486: Total time for which application threads were stopped: 0.0031279 seconds, Stopping threads took: 0.0020947 seconds
2016-06-26T20:49:57.365+0300: 77.236: [Full GC (Ergonomics) [PSYoungGen: 863945K->218029K(876032K)] [ParOldGen: 3494271K->3494289K(3495424K)] 4358217K->3712319K(4371456K), [Metaspace: 8871K->8871K(1056768K)], 0.4425216 secs] [Times: user=1.36 sys=0.00, real=0.44 secs] 
2016-06-26T20:49:57.808+0300: 77.679: Total time for which application threads were stopped: 0.4471753 seconds, Stopping threads took: 0.0041675 seconds
2016-06-26T20:49:58.199+0300: 78.070: Total time for which application threads were stopped: 0.0045541 seconds, Stopping threads took: 0.0034469 seconds
2016-06-26T20:49:58.770+0300: 78.641: [Full GC (Ergonomics) [PSYoungGen: 865280K->40002K(876032K)] [ParOldGen: 3494289K->3494290K(3495424K)] 4359569K->3534293K(4371456K), [Metaspace: 8881K->8881K(1056768K)], 0.4414512 secs] [Times: user=1.25 sys=0.00, real=0.44 secs] 
2016-06-26T20:49:59.212+0300: 79.082: Total time for which application threads were stopped: 0.4476992 seconds, Stopping threads took: 0.0058080 seconds
2016-06-26T20:49:59.215+0300: 79.085: Total time for which application threads were stopped: 0.0007398 seconds, Stopping threads took: 0.0000941 seconds
2016-06-26T20:50:00.234+0300: 80.104: Total time for which application threads were stopped: 0.0191807 seconds, Stopping threads took: 0.0188159 seconds
2016-06-26T20:50:00.402+0300: 80.273: [Full GC (Ergonomics) [PSYoungGen: 863466K->68000K(876032K)] [ParOldGen: 3494290K->3494300K(3495424K)] 4357756K->3562301K(4371456K), [Metaspace: 8882K->8882K(1056768K)], 0.4345420 secs] [Times: user=1.39 sys=0.00, real=0.43 secs] 
2016-06-26T20:50:00.837+0300: 80.707: Total time for which application threads were stopped: 0.4377806 seconds, Stopping threads took: 0.0026852 seconds
2016-06-26T20:50:01.642+0300: 81.513: Total time for which application threads were stopped: 0.0073313 seconds, Stopping threads took: 0.0061882 seconds
2016-06-26T20:50:01.650+0300: 81.520: Total time for which application threads were stopped: 0.0004525 seconds, Stopping threads took: 0.0000727 seconds
2016-06-26T20:50:01.962+0300: 81.833: [Full GC (Ergonomics) [PSYoungGen: 863934K->308020K(876032K)] [ParOldGen: 3494300K->3494298K(3495424K)] 4358235K->3802319K(4371456K), [Metaspace: 8883K->8883K(1056768K)], 0.4439863 secs] [Times: user=1.56 sys=0.03, real=0.44 secs] 
2016-06-26T20:50:02.406+0300: 82.277: Total time for which application threads were stopped: 0.4473729 seconds, Stopping threads took: 0.0027789 seconds
2016-06-26T20:50:03.090+0300: 82.961: Total time for which application threads were stopped: 0.0041299 seconds, Stopping threads took: 0.0031676 seconds
2016-06-26T20:50:03.222+0300: 83.093: Total time for which application threads were stopped: 0.0026446 seconds, Stopping threads took: 0.0016687 seconds
2016-06-26T20:50:03.270+0300: 83.140: [Full GC (Ergonomics) [PSYoungGen: 864866K->400020K(876032K)] [ParOldGen: 3494298K->3494305K(3495424K)] 4359165K->3894325K(4371456K), [Metaspace: 8889K->8889K(1056768K)], 0.4410705 secs] [Times: user=1.59 sys=0.00, real=0.44 secs] 
2016-06-26T20:50:03.711+0300: 83.581: Total time for which application threads were stopped: 0.4424711 seconds, Stopping threads took: 0.0008938 seconds
2016-06-26T20:50:04.222+0300: 84.092: Total time for which application threads were stopped: 0.0021716 seconds, Stopping threads took: 0.0015190 seconds
2016-06-26T20:50:04.409+0300: 84.280: [Full GC (Ergonomics) [PSYoungGen: 865280K->254006K(876032K)] [ParOldGen: 3494305K->3494324K(3495424K)] 4359585K->3748331K(4371456K), [Metaspace: 8894K->8894K(1056768K)], 0.4220485 secs] [Times: user=1.61 sys=0.00, real=0.42 secs] 
2016-06-26T20:50:04.832+0300: 84.702: Total time for which application threads were stopped: 0.4229923 seconds, Stopping threads took: 0.0004679 seconds
2016-06-26T20:50:05.114+0300: 84.985: Total time for which application threads were stopped: 0.0010195 seconds, Stopping threads took: 0.0006432 seconds
2016-06-26T20:50:05.783+0300: 85.654: [Full GC (Ergonomics) [PSYoungGen: 865280K->102003K(876032K)] [ParOldGen: 3494324K->3494359K(3495424K)] 4359604K->3596362K(4371456K), [Metaspace: 8895K->8895K(1056768K)], 0.4355162 secs] [Times: user=1.36 sys=0.02, real=0.44 secs] 
2016-06-26T20:50:06.219+0300: 86.089: Total time for which application threads were stopped: 0.4384349 seconds, Stopping threads took: 0.0024535 seconds
2016-06-26T20:50:06.831+0300: 86.701: Total time for which application threads were stopped: 0.0040037 seconds, Stopping threads took: 0.0036975 seconds
2016-06-26T20:50:07.378+0300: 87.249: [Full GC (Ergonomics) [PSYoungGen: 864862K->106003K(876032K)] [ParOldGen: 3494359K->3494370K(3495424K)] 4359221K->3600374K(4371456K), [Metaspace: 8895K->8895K(1056768K)], 0.4313705 secs] [Times: user=1.36 sys=0.00, real=0.43 secs] 
2016-06-26T20:50:07.810+0300: 87.680: Total time for which application threads were stopped: 0.4329669 seconds, Stopping threads took: 0.0011470 seconds
2016-06-26T20:50:08.807+0300: 88.677: Total time for which application threads were stopped: 0.0053025 seconds, Stopping threads took: 0.0041277 seconds
2016-06-26T20:50:08.862+0300: 88.732: [Full GC (Ergonomics) [PSYoungGen: 864337K->158003K(876032K)] [ParOldGen: 3494370K->3494388K(3495424K)] 4358708K->3652392K(4371456K), [Metaspace: 8898K->8898K(1056768K)], 0.4428085 secs] [Times: user=1.31 sys=0.00, real=0.44 secs] 
2016-06-26T20:50:09.304+0300: 89.175: Total time for which application threads were stopped: 0.4463260 seconds, Stopping threads took: 0.0029542 seconds
2016-06-26T20:50:10.231+0300: 90.101: Total time for which application threads were stopped: 0.0074356 seconds, Stopping threads took: 0.0064341 seconds
2016-06-26T20:50:10.300+0300: 90.170: [Full GC (Ergonomics) [PSYoungGen: 864012K->278015K(876032K)] [ParOldGen: 3494388K->3494387K(3495424K)] 4358401K->3772403K(4371456K), [Metaspace: 8902K->8902K(1056768K)], 0.4591445 secs] [Times: user=1.30 sys=0.00, real=0.46 secs] 
2016-06-26T20:50:10.759+0300: 90.630: Total time for which application threads were stopped: 0.4618789 seconds, Stopping threads took: 0.0021652 seconds
2016-06-26T20:50:11.228+0300: 91.098: Total time for which application threads were stopped: 0.0062438 seconds, Stopping threads took: 0.0051853 seconds
2016-06-26T20:50:11.668+0300: 91.538: [Full GC (Ergonomics) [PSYoungGen: 864045K->250006K(876032K)] [ParOldGen: 3494387K->3494396K(3495424K)] 4358432K->3744402K(4371456K), [Metaspace: 8902K->8902K(1056768K)], 0.4436651 secs] [Times: user=1.48 sys=0.00, real=0.44 secs] 
2016-06-26T20:50:12.111+0300: 91.982: Total time for which application threads were stopped: 0.4469940 seconds, Stopping threads took: 0.0028187 seconds
2016-06-26T20:50:12.223+0300: 92.094: Total time for which application threads were stopped: 0.0016503 seconds, Stopping threads took: 0.0009990 seconds
2016-06-26T20:50:13.026+0300: 92.896: [Full GC (Ergonomics) [PSYoungGen: 863801K->340027K(876032K)] [ParOldGen: 3494396K->3494395K(3495424K)] 4358198K->3834422K(4371456K), [Metaspace: 8904K->8904K(1056768K)], 0.4380256 secs] [Times: user=1.66 sys=0.00, real=0.44 secs] 
2016-06-26T20:50:13.464+0300: 93.334: Total time for which application threads were stopped: 0.4421611 seconds, Stopping threads took: 0.0036051 seconds
2016-06-26T20:50:13.515+0300: 93.386: Total time for which application threads were stopped: 0.0015186 seconds, Stopping threads took: 0.0006479 seconds
2016-06-26T20:50:14.212+0300: 94.082: [Full GC (Ergonomics) [PSYoungGen: 865280K->404010K(876032K)] [ParOldGen: 3494395K->3494421K(3495424K)] 4359675K->3898432K(4371456K), [Metaspace: 8907K->8907K(1056768K)], 0.4419917 secs] [Times: user=1.67 sys=0.00, real=0.44 secs] 
2016-06-26T20:50:14.654+0300: 94.524: Total time for which application threads were stopped: 0.4440325 seconds, Stopping threads took: 0.0015263 seconds
2016-06-26T20:50:14.881+0300: 94.751: Total time for which application threads were stopped: 0.0011816 seconds, Stopping threads took: 0.0004888 seconds
2016-06-26T20:50:15.448+0300: 95.319: [Full GC (Ergonomics) [PSYoungGen: 865280K->164005K(876032K)] [ParOldGen: 3494421K->3494438K(3495424K)] 4359701K->3658444K(4371456K), [Metaspace: 8907K->8907K(1056768K)], 0.4153737 secs] [Times: user=1.61 sys=0.00, real=0.42 secs] 
2016-06-26T20:50:15.864+0300: 95.734: Total time for which application threads were stopped: 0.4171364 seconds, Stopping threads took: 0.0013270 seconds
2016-06-26T20:50:16.884+0300: 96.755: [Full GC (Ergonomics) [PSYoungGen: 865156K->132002K(876032K)] [ParOldGen: 3494438K->3494444K(3495424K)] 4359595K->3626446K(4371456K), [Metaspace: 8918K->8918K(1056768K)], 0.4356466 secs] [Times: user=1.38 sys=0.00, real=0.44 secs] 
2016-06-26T20:50:17.320+0300: 97.191: Total time for which application threads were stopped: 0.4376527 seconds, Stopping threads took: 0.0014831 seconds
2016-06-26T20:50:17.324+0300: 97.194: Total time for which application threads were stopped: 0.0010392 seconds, Stopping threads took: 0.0000641 seconds
2016-06-26T20:50:17.331+0300: 97.202: Total time for which application threads were stopped: 0.0004153 seconds, Stopping threads took: 0.0000804 seconds
2016-06-26T20:50:18.228+0300: 98.098: Total time for which application threads were stopped: 0.0050515 seconds, Stopping threads took: 0.0039109 seconds
2016-06-26T20:50:18.333+0300: 98.204: [Full GC (Ergonomics) [PSYoungGen: 864025K->70001K(876032K)] [ParOldGen: 3494444K->3494455K(3495424K)] 4358470K->3564457K(4371456K), [Metaspace: 8924K->8924K(1056768K)], 0.4764461 secs] [Times: user=1.45 sys=0.00, real=0.48 secs] 
2016-06-26T20:50:18.810+0300: 98.680: Total time for which application threads were stopped: 0.4799233 seconds, Stopping threads took: 0.0028871 seconds
2016-06-26T20:50:19.711+0300: 99.582: Total time for which application threads were stopped: 0.0127488 seconds, Stopping threads took: 0.0117045 seconds
2016-06-26T20:50:20.186+0300: 100.057: [Full GC (Ergonomics) [PSYoungGen: 863743K->0K(876032K)] [ParOldGen: 3494455K->3474467K(3495424K)] 4358198K->3474467K(4371456K), [Metaspace: 8927K->8927K(1056768K)], 0.5497631 secs] [Times: user=0.99 sys=0.00, real=0.55 secs] 
2016-06-26T20:50:20.736+0300: 100.607: Total time for which application threads were stopped: 0.5575139 seconds, Stopping threads took: 0.0072569 seconds
2016-06-26T20:50:21.236+0300: 101.107: Total time for which application threads were stopped: 0.0133578 seconds, Stopping threads took: 0.0125273 seconds
2016-06-26T20:50:21.964+0300: 101.835: [Full GC (Ergonomics) [PSYoungGen: 864052K->262004K(876032K)] [ParOldGen: 3474467K->3494473K(3495424K)] 4338519K->3756477K(4371456K), [Metaspace: 8927K->8927K(1056768K)], 0.5867548 secs] [Times: user=1.17 sys=0.00, real=0.59 secs] 
2016-06-26T20:50:22.551+0300: 102.421: Total time for which application threads were stopped: 0.6038331 seconds, Stopping threads took: 0.0164882 seconds
2016-06-26T20:50:22.556+0300: 102.426: Total time for which application threads were stopped: 0.0010405 seconds, Stopping threads took: 0.0000637 seconds
2016-06-26T20:50:23.238+0300: 103.108: Total time for which application threads were stopped: 0.0144975 seconds, Stopping threads took: 0.0135049 seconds
2016-06-26T20:50:23.561+0300: 103.431: [Full GC (Ergonomics) [PSYoungGen: 864273K->40000K(876032K)] [ParOldGen: 3494473K->3494482K(3495424K)] 4358747K->3534482K(4371456K), [Metaspace: 8935K->8935K(1056768K)], 0.4910633 secs] [Times: user=1.22 sys=0.00, real=0.49 secs] 
2016-06-26T20:50:24.052+0300: 103.922: Total time for which application threads were stopped: 0.5006624 seconds, Stopping threads took: 0.0092027 seconds
2016-06-26T20:50:24.465+0300: 104.335: Total time for which application threads were stopped: 0.0062006 seconds, Stopping threads took: 0.0053893 seconds
2016-06-26T20:50:25.199+0300: 105.069: [Full GC (Ergonomics) [PSYoungGen: 864137K->42000K(876032K)] [ParOldGen: 3494482K->3494489K(3495424K)] 4358620K->3536489K(4371456K), [Metaspace: 8938K->8938K(1056768K)], 0.4369574 secs] [Times: user=1.36 sys=0.00, real=0.44 secs] 
2016-06-26T20:50:25.635+0300: 105.506: Total time for which application threads were stopped: 0.4491848 seconds, Stopping threads took: 0.0117134 seconds
2016-06-26T20:50:25.638+0300: 105.509: Total time for which application threads were stopped: 0.0009451 seconds, Stopping threads took: 0.0000654 seconds
2016-06-26T20:50:26.234+0300: 106.104: Total time for which application threads were stopped: 0.0096222 seconds, Stopping threads took: 0.0085933 seconds
2016-06-26T20:50:26.899+0300: 106.770: [Full GC (Ergonomics) [PSYoungGen: 864483K->190001K(876032K)] [ParOldGen: 3494489K->3494499K(3495424K)] 4358972K->3684501K(4371456K), [Metaspace: 8944K->8944K(1056768K)], 0.5038917 secs] [Times: user=1.34 sys=0.00, real=0.50 secs] 
2016-06-26T20:50:27.403+0300: 107.274: Total time for which application threads were stopped: 0.5147045 seconds, Stopping threads took: 0.0103454 seconds
2016-06-26T20:50:27.406+0300: 107.277: Total time for which application threads were stopped: 0.0009229 seconds, Stopping threads took: 0.0000582 seconds
2016-06-26T20:50:28.238+0300: 108.108: Total time for which application threads were stopped: 0.0132389 seconds, Stopping threads took: 0.0123306 seconds
2016-06-26T20:50:28.245+0300: 108.115: Total time for which application threads were stopped: 0.0004880 seconds, Stopping threads took: 0.0001428 seconds
2016-06-26T20:50:28.509+0300: 108.379: [Full GC (Ergonomics) [PSYoungGen: 863345K->0K(876032K)] [ParOldGen: 3494499K->3470507K(3495424K)] 4357844K->3470507K(4371456K), [Metaspace: 8947K->8947K(1056768K)], 0.4368594 secs] [Times: user=1.26 sys=0.00, real=0.44 secs] 
2016-06-26T20:50:28.946+0300: 108.816: Total time for which application threads were stopped: 0.4399629 seconds, Stopping threads took: 0.0026852 seconds
2016-06-26T20:50:29.231+0300: 109.101: Total time for which application threads were stopped: 0.0063635 seconds, Stopping threads took: 0.0056681 seconds
2016-06-26T20:50:30.137+0300: 110.007: [Full GC (Ergonomics) [PSYoungGen: 864663K->194004K(876032K)] [ParOldGen: 3470507K->3494514K(3495424K)] 4335171K->3688518K(4371456K), [Metaspace: 8947K->8947K(1056768K)], 0.4581156 secs] [Times: user=1.41 sys=0.00, real=0.46 secs] 
2016-06-26T20:50:30.596+0300: 110.466: Total time for which application threads were stopped: 0.4794726 seconds, Stopping threads took: 0.0207446 seconds
2016-06-26T20:50:30.598+0300: 110.469: Total time for which application threads were stopped: 0.0010961 seconds, Stopping threads took: 0.0000659 seconds
2016-06-26T20:50:31.518+0300: 111.388: [Full GC (Ergonomics) [PSYoungGen: 863591K->96002K(876032K)] [ParOldGen: 3494514K->3494523K(3495424K)] 4358106K->3590525K(4371456K), [Metaspace: 8947K->8947K(1056768K)], 0.4183057 secs] [Times: user=1.56 sys=0.00, real=0.42 secs] 
2016-06-26T20:50:31.936+0300: 111.807: Total time for which application threads were stopped: 0.4250681 seconds, Stopping threads took: 0.0061916 seconds
2016-06-26T20:50:32.229+0300: 112.099: Total time for which application threads were stopped: 0.0036898 seconds, Stopping threads took: 0.0022563 seconds
2016-06-26T20:50:32.230+0300: 112.101: Total time for which application threads were stopped: 0.0012795 seconds, Stopping threads took: 0.0000586 seconds
2016-06-26T20:50:32.232+0300: 112.102: Total time for which application threads were stopped: 0.0010229 seconds, Stopping threads took: 0.0000500 seconds
2016-06-26T20:50:33.066+0300: 112.937: [Full GC (Ergonomics) [PSYoungGen: 863284K->276005K(876032K)] [ParOldGen: 3494523K->3494531K(3495424K)] 4357807K->3770536K(4371456K), [Metaspace: 8948K->8948K(1056768K)], 0.4493102 secs] [Times: user=1.41 sys=0.00, real=0.45 secs] 
2016-06-26T20:50:33.516+0300: 113.386: Total time for which application threads were stopped: 0.4557690 seconds, Stopping threads took: 0.0059495 seconds
2016-06-26T20:50:33.647+0300: 113.517: Total time for which application threads were stopped: 0.0011833 seconds, Stopping threads took: 0.0003780 seconds
2016-06-26T20:50:34.230+0300: 114.100: Total time for which application threads were stopped: 0.0038801 seconds, Stopping threads took: 0.0028490 seconds
2016-06-26T20:50:34.439+0300: 114.310: [Full GC (Ergonomics) [PSYoungGen: 864513K->308008K(876032K)] [ParOldGen: 3494531K->3494538K(3495424K)] 4359045K->3802546K(4371456K), [Metaspace: 8949K->8949K(1056768K)], 0.4458184 secs] [Times: user=1.41 sys=0.00, real=0.45 secs] 
2016-06-26T20:50:34.885+0300: 114.755: Total time for which application threads were stopped: 0.4486310 seconds, Stopping threads took: 0.0022657 seconds
2016-06-26T20:50:35.228+0300: 115.099: Total time for which application threads were stopped: 0.0021045 seconds, Stopping threads took: 0.0010448 seconds
2016-06-26T20:50:35.658+0300: 115.528: [Full GC (Ergonomics) [PSYoungGen: 864345K->222005K(876032K)] [ParOldGen: 3494538K->3494531K(3495424K)] 4358883K->3716536K(4371456K), [Metaspace: 8949K->8949K(1056768K)], 0.4721422 secs] [Times: user=1.28 sys=0.00, real=0.47 secs] 
2016-06-26T20:50:36.130+0300: 116.000: Total time for which application threads were stopped: 0.4772608 seconds, Stopping threads took: 0.0045729 seconds
2016-06-26T20:50:36.341+0300: 116.211: Total time for which application threads were stopped: 0.0064576 seconds, Stopping threads took: 0.0053123 seconds
2016-06-26T20:50:37.139+0300: 117.009: [Full GC (Ergonomics) [PSYoungGen: 864825K->100184K(876032K)] [ParOldGen: 3494531K->3494543K(3495424K)] 4359357K->3594728K(4371456K), [Metaspace: 8951K->8951K(1056768K)], 0.4383772 secs] [Times: user=1.31 sys=0.00, real=0.44 secs] 
2016-06-26T20:50:37.577+0300: 117.448: Total time for which application threads were stopped: 0.4437810 seconds, Stopping threads took: 0.0048265 seconds
2016-06-26T20:50:38.231+0300: 118.101: Total time for which application threads were stopped: 0.0036637 seconds, Stopping threads took: 0.0026489 seconds
2016-06-26T20:50:38.710+0300: 118.580: [Full GC (Ergonomics) [PSYoungGen: 864846K->280005K(876032K)] [ParOldGen: 3494543K->3494551K(3495424K)] 4359390K->3774556K(4371456K), [Metaspace: 8957K->8957K(1056768K)], 0.4547243 secs] [Times: user=1.44 sys=0.00, real=0.45 secs] 
2016-06-26T20:50:39.165+0300: 119.035: Total time for which application threads were stopped: 0.4630952 seconds, Stopping threads took: 0.0078111 seconds
2016-06-26T20:50:39.231+0300: 119.101: Total time for which application threads were stopped: 0.0036560 seconds, Stopping threads took: 0.0026801 seconds
2016-06-26T20:50:39.988+0300: 119.858: [Full GC (Ergonomics) [PSYoungGen: 863304K->282014K(876032K)] [ParOldGen: 3494551K->3494550K(3495424K)] 4357855K->3776565K(4371456K), [Metaspace: 8957K->8957K(1056768K)], 0.4603304 secs] [Times: user=1.36 sys=0.00, real=0.46 secs] 
2016-06-26T20:50:40.448+0300: 120.319: Total time for which application threads were stopped: 0.4657723 seconds, Stopping threads took: 0.0048671 seconds
2016-06-26T20:50:40.676+0300: 120.546: Total time for which application threads were stopped: 0.0056292 seconds, Stopping threads took: 0.0045750 seconds
2016-06-26T20:50:41.386+0300: 121.256: [Full GC (Ergonomics) [PSYoungGen: 865280K->222005K(876032K)] [ParOldGen: 3494550K->3494571K(3495424K)] 4359830K->3716577K(4371456K), [Metaspace: 8957K->8957K(1056768K)], 0.4406502 secs] [Times: user=1.52 sys=0.00, real=0.44 secs] 
2016-06-26T20:50:41.826+0300: 121.697: Total time for which application threads were stopped: 0.4459612 seconds, Stopping threads took: 0.0048038 seconds
2016-06-26T20:50:42.459+0300: 122.330: Total time for which application threads were stopped: 0.0026412 seconds, Stopping threads took: 0.0023132 seconds
2016-06-26T20:50:42.843+0300: 122.713: [Full GC (Ergonomics) [PSYoungGen: 863894K->74000K(876032K)] [ParOldGen: 3494571K->3494580K(3495424K)] 4358465K->3568580K(4371456K), [Metaspace: 8962K->8962K(1056768K)], 0.4030961 secs] [Times: user=1.56 sys=0.00, real=0.40 secs] 
2016-06-26T20:50:43.246+0300: 123.116: Total time for which application threads were stopped: 0.4049350 seconds, Stopping threads took: 0.0014485 seconds
2016-06-26T20:50:43.249+0300: 123.119: Total time for which application threads were stopped: 0.0005286 seconds, Stopping threads took: 0.0000594 seconds
2016-06-26T20:50:44.235+0300: 124.105: Total time for which application threads were stopped: 0.0059850 seconds, Stopping threads took: 0.0048975 seconds
2016-06-26T20:50:44.341+0300: 124.212: [Full GC (Ergonomics) [PSYoungGen: 864219K->158002K(876032K)] [ParOldGen: 3494580K->3494587K(3495424K)] 4358799K->3652590K(4371456K), [Metaspace: 8965K->8965K(1056768K)], 0.4159955 secs] [Times: user=1.55 sys=0.02, real=0.42 secs] 
2016-06-26T20:50:44.758+0300: 124.628: Total time for which application threads were stopped: 0.4180422 seconds, Stopping threads took: 0.0015148 seconds
2016-06-26T20:50:45.231+0300: 125.102: Total time for which application threads were stopped: 0.0018975 seconds, Stopping threads took: 0.0010191 seconds
2016-06-26T20:50:45.742+0300: 125.612: [Full GC (Ergonomics) [PSYoungGen: 863430K->220004K(876032K)] [ParOldGen: 3494587K->3494587K(3495424K)] 4358018K->3714591K(4371456K), [Metaspace: 8968K->8968K(1056768K)], 0.4230364 secs] [Times: user=1.58 sys=0.00, real=0.42 secs] 
2016-06-26T20:50:46.165+0300: 126.036: Total time for which application threads were stopped: 0.4251485 seconds, Stopping threads took: 0.0015827 seconds
2016-06-26T20:50:46.655+0300: 126.525: Total time for which application threads were stopped: 0.0033006 seconds, Stopping threads took: 0.0023162 seconds
2016-06-26T20:50:47.227+0300: 127.097: [Full GC (Ergonomics) [PSYoungGen: 865280K->0K(876032K)] [ParOldGen: 3494587K->3474609K(3495424K)] 4359867K->3474609K(4371456K), [Metaspace: 8972K->8972K(1056768K)], 0.4285715 secs] [Times: user=1.27 sys=0.01, real=0.43 secs] 
2016-06-26T20:50:47.656+0300: 127.526: Total time for which application threads were stopped: 0.4328959 seconds, Stopping threads took: 0.0038707 seconds
2016-06-26T20:50:48.889+0300: 128.760: [Full GC (Ergonomics) [PSYoungGen: 863292K->468007K(876032K)] [ParOldGen: 3474609K->3494614K(3495424K)] 4337901K->3962622K(4371456K), [Metaspace: 8972K->8972K(1056768K)], 0.4721332 secs] [Times: user=1.53 sys=0.00, real=0.47 secs] 
2016-06-26T20:50:49.361+0300: 129.232: Total time for which application threads were stopped: 0.4757845 seconds, Stopping threads took: 0.0030701 seconds
2016-06-26T20:50:49.364+0300: 129.235: Total time for which application threads were stopped: 0.0008626 seconds, Stopping threads took: 0.0000573 seconds
2016-06-26T20:50:49.894+0300: 129.764: [Full GC (Ergonomics) [PSYoungGen: 864528K->466020K(876032K)] [ParOldGen: 3494614K->3494611K(3495424K)] 4359142K->3960632K(4371456K), [Metaspace: 8972K->8972K(1056768K)], 0.4726109 secs] [Times: user=1.47 sys=0.00, real=0.47 secs] 
2016-06-26T20:50:50.367+0300: 130.237: Total time for which application threads were stopped: 0.4755236 seconds, Stopping threads took: 0.0023530 seconds
2016-06-26T20:50:50.816+0300: 130.687: Total time for which application threads were stopped: 0.0064922 seconds, Stopping threads took: 0.0053615 seconds
2016-06-26T20:50:50.937+0300: 130.808: [Full GC (Ergonomics) [PSYoungGen: 863495K->344040K(876032K)] [ParOldGen: 3494611K->3494621K(3495424K)] 4358106K->3838662K(4371456K), [Metaspace: 8972K->8972K(1056768K)], 0.4622976 secs] [Times: user=1.44 sys=0.02, real=0.46 secs] 
2016-06-26T20:50:51.399+0300: 131.270: Total time for which application threads were stopped: 0.4683040 seconds, Stopping threads took: 0.0054650 seconds
2016-06-26T20:50:52.218+0300: 132.088: [Full GC (Ergonomics) [PSYoungGen: 864141K->192005K(876032K)] [ParOldGen: 3494621K->3494638K(3495424K)] 4358763K->3686643K(4371456K), [Metaspace: 8975K->8975K(1056768K)], 0.4392667 secs] [Times: user=1.34 sys=0.00, real=0.44 secs] 
2016-06-26T20:50:52.657+0300: 132.528: Total time for which application threads were stopped: 0.4475200 seconds, Stopping threads took: 0.0077324 seconds
2016-06-26T20:50:52.859+0300: 132.729: Total time for which application threads were stopped: 0.0014386 seconds, Stopping threads took: 0.0004319 seconds
2016-06-26T20:50:53.233+0300: 133.103: Total time for which application threads were stopped: 0.0023726 seconds, Stopping threads took: 0.0015293 seconds
2016-06-26T20:50:53.714+0300: 133.585: [Full GC (Ergonomics) [PSYoungGen: 863566K->8000K(876032K)] [ParOldGen: 3494638K->3494649K(3495424K)] 4358204K->3502649K(4371456K), [Metaspace: 8976K->8976K(1056768K)], 0.4014723 secs] [Times: user=1.52 sys=0.00, real=0.40 secs] 
2016-06-26T20:50:54.116+0300: 133.986: Total time for which application threads were stopped: 0.4046122 seconds, Stopping threads took: 0.0025984 seconds
2016-06-26T20:50:54.232+0300: 134.103: Total time for which application threads were stopped: 0.0012094 seconds, Stopping threads took: 0.0003631 seconds
2016-06-26T20:50:55.236+0300: 135.106: Total time for which application threads were stopped: 0.0046003 seconds, Stopping threads took: 0.0035512 seconds
2016-06-26T20:50:55.243+0300: 135.113: Total time for which application threads were stopped: 0.0004640 seconds, Stopping threads took: 0.0000731 seconds
2016-06-26T20:50:55.328+0300: 135.198: [Full GC (Ergonomics) [PSYoungGen: 865168K->160002K(876032K)] [ParOldGen: 3494649K->3494658K(3495424K)] 4359817K->3654660K(4371456K), [Metaspace: 8977K->8977K(1056768K)], 0.4156302 secs] [Times: user=1.58 sys=0.00, real=0.41 secs] 
2016-06-26T20:50:55.743+0300: 135.614: Total time for which application threads were stopped: 0.4177749 seconds, Stopping threads took: 0.0015896 seconds
2016-06-26T20:50:56.233+0300: 136.104: Total time for which application threads were stopped: 0.0020985 seconds, Stopping threads took: 0.0011812 seconds
2016-06-26T20:50:56.795+0300: 136.665: [Full GC (Ergonomics) [PSYoungGen: 863415K->310005K(876032K)] [ParOldGen: 3494658K->3494657K(3495424K)] 4358073K->3804663K(4371456K), [Metaspace: 8977K->8977K(1056768K)], 0.4309381 secs] [Times: user=1.63 sys=0.00, real=0.43 secs] 
2016-06-26T20:50:57.226+0300: 137.096: Total time for which application threads were stopped: 0.4347370 seconds, Stopping threads took: 0.0032660 seconds
2016-06-26T20:50:57.232+0300: 137.103: Total time for which application threads were stopped: 0.0009310 seconds, Stopping threads took: 0.0000620 seconds
2016-06-26T20:50:58.079+0300: 137.950: [Full GC (Ergonomics) [PSYoungGen: 865280K->462029K(876032K)] [ParOldGen: 3494657K->3494654K(3495424K)] 4359937K->3956683K(4371456K), [Metaspace: 8977K->8977K(1056768K)], 0.4872636 secs] [Times: user=1.44 sys=0.00, real=0.49 secs] 
2016-06-26T20:50:58.566+0300: 138.437: Total time for which application threads were stopped: 0.4940415 seconds, Stopping threads took: 0.0062386 seconds
2016-06-26T20:50:58.705+0300: 138.575: Total time for which application threads were stopped: 0.0021588 seconds, Stopping threads took: 0.0011628 seconds
2016-06-26T20:50:59.148+0300: 139.018: [Full GC (Ergonomics) [PSYoungGen: 864043K->434019K(876032K)] [ParOldGen: 3494654K->3494671K(3495424K)] 4358697K->3928691K(4371456K), [Metaspace: 8977K->8977K(1056768K)], 0.4735111 secs] [Times: user=1.45 sys=0.00, real=0.47 secs] 
2016-06-26T20:50:59.622+0300: 139.492: Total time for which application threads were stopped: 0.4771859 seconds, Stopping threads took: 0.0031031 seconds
2016-06-26T20:51:00.009+0300: 139.880: Total time for which application threads were stopped: 0.0052601 seconds, Stopping threads took: 0.0041320 seconds
2016-06-26T20:51:00.241+0300: 140.111: Total time for which application threads were stopped: 0.0084795 seconds, Stopping threads took: 0.0074690 seconds
2016-06-26T20:51:00.254+0300: 140.124: [Full GC (Ergonomics) [PSYoungGen: 863979K->284016K(876032K)] [ParOldGen: 3494671K->3494680K(3495424K)] 4358651K->3778697K(4371456K), [Metaspace: 8977K->8977K(1056768K)], 0.4565713 secs] [Times: user=1.39 sys=0.00, real=0.46 secs] 
2016-06-26T20:51:00.711+0300: 140.581: Total time for which application threads were stopped: 0.4572102 seconds, Stopping threads took: 0.0000774 seconds
2016-06-26T20:51:01.236+0300: 141.107: Total time for which application threads were stopped: 0.0039857 seconds, Stopping threads took: 0.0031001 seconds
2016-06-26T20:51:01.580+0300: 141.450: [Full GC (Ergonomics) [PSYoungGen: 865217K->102002K(876032K)] [ParOldGen: 3494680K->3494701K(3495424K)] 4359898K->3596703K(4371456K), [Metaspace: 8977K->8977K(1056768K)], 0.4487858 secs] [Times: user=1.20 sys=0.00, real=0.45 secs] 
2016-06-26T20:51:02.028+0300: 141.899: Total time for which application threads were stopped: 0.4535777 seconds, Stopping threads took: 0.0042201 seconds
2016-06-26T20:51:02.236+0300: 142.106: Total time for which application threads were stopped: 0.0032463 seconds, Stopping threads took: 0.0023979 seconds
2016-06-26T20:51:03.206+0300: 143.076: [Full GC (Ergonomics) [PSYoungGen: 864195K->40000K(876032K)] [ParOldGen: 3494701K->3494711K(3495424K)] 4358897K->3534711K(4371456K), [Metaspace: 8977K->8977K(1056768K)], 0.4128377 secs] [Times: user=1.39 sys=0.00, real=0.41 secs] 
2016-06-26T20:51:03.619+0300: 143.489: Total time for which application threads were stopped: 0.4213565 seconds, Stopping threads took: 0.0079672 seconds
2016-06-26T20:51:03.655+0300: 143.525: Total time for which application threads were stopped: 0.0009216 seconds, Stopping threads took: 0.0002690 seconds
2016-06-26T20:51:04.235+0300: 144.106: Total time for which application threads were stopped: 0.0022717 seconds, Stopping threads took: 0.0012962 seconds
2016-06-26T20:51:04.797+0300: 144.668: [Full GC (Ergonomics) [PSYoungGen: 865025K->220003K(876032K)] [ParOldGen: 3494711K->3494720K(3495424K)] 4359736K->3714723K(4371456K), [Metaspace: 8977K->8977K(1056768K)], 0.4261912 secs] [Times: user=1.59 sys=0.00, real=0.43 secs] 
2016-06-26T20:51:05.224+0300: 145.094: Total time for which application threads were stopped: 0.4281015 seconds, Stopping threads took: 0.0013758 seconds
2016-06-26T20:51:05.656+0300: 145.527: Total time for which application threads were stopped: 0.0030385 seconds, Stopping threads took: 0.0019758 seconds
2016-06-26T20:51:06.287+0300: 146.158: [Full GC (Ergonomics) [PSYoungGen: 864914K->280007K(876032K)] [ParOldGen: 3494720K->3494730K(3495424K)] 4359635K->3774738K(4371456K), [Metaspace: 8977K->8977K(1056768K)], 0.4271585 secs] [Times: user=1.63 sys=0.00, real=0.43 secs] 
2016-06-26T20:51:06.715+0300: 146.585: Total time for which application threads were stopped: 0.4287939 seconds, Stopping threads took: 0.0011979 seconds
2016-06-26T20:51:07.258+0300: 147.128: Total time for which application threads were stopped: 0.0027118 seconds, Stopping threads took: 0.0023966 seconds
2016-06-26T20:51:07.613+0300: 147.484: [Full GC (Ergonomics) [PSYoungGen: 864880K->166001K(876032K)] [ParOldGen: 3494730K->3494740K(3495424K)] 4359611K->3660741K(4371456K), [Metaspace: 8977K->8977K(1056768K)], 0.4129185 secs] [Times: user=1.59 sys=0.00, real=0.41 secs] 
2016-06-26T20:51:08.027+0300: 147.897: Total time for which application threads were stopped: 0.4149832 seconds, Stopping threads took: 0.0016593 seconds
2016-06-26T20:51:08.357+0300: 148.227: Total time for which application threads were stopped: 0.0018586 seconds, Stopping threads took: 0.0011068 seconds
2016-06-26T20:51:09.022+0300: 148.892: [Full GC (Ergonomics) [PSYoungGen: 863347K->162003K(876032K)] [ParOldGen: 3494740K->3494746K(3495424K)] 4358087K->3656749K(4371456K), [Metaspace: 8978K->8978K(1056768K)], 0.4500154 secs] [Times: user=1.38 sys=0.00, real=0.45 secs] 
2016-06-26T20:51:09.472+0300: 149.342: Total time for which application threads were stopped: 0.4566940 seconds, Stopping threads took: 0.0061941 seconds
2016-06-26T20:51:09.475+0300: 149.346: Total time for which application threads were stopped: 0.0008908 seconds, Stopping threads took: 0.0000612 seconds
2016-06-26T20:51:10.242+0300: 150.112: Total time for which application threads were stopped: 0.0072718 seconds, Stopping threads took: 0.0062467 seconds
2016-06-26T20:51:10.580+0300: 150.451: [Full GC (Ergonomics) [PSYoungGen: 864268K->0K(876032K)] [ParOldGen: 3494746K->3444767K(3495424K)] 4359015K->3444767K(4371456K), [Metaspace: 8979K->8979K(1056768K)], 0.4146509 secs] [Times: user=1.30 sys=0.00, real=0.41 secs] 
2016-06-26T20:51:10.995+0300: 150.866: Total time for which application threads were stopped: 0.4187752 seconds, Stopping threads took: 0.0037052 seconds
2016-06-26T20:51:11.237+0300: 151.107: Total time for which application threads were stopped: 0.0021045 seconds, Stopping threads took: 0.0013210 seconds
2016-06-26T20:51:12.163+0300: 152.034: [Full GC (Ergonomics) [PSYoungGen: 863994K->138002K(876032K)] [ParOldGen: 3444767K->3494763K(3495424K)] 4308761K->3632766K(4371456K), [Metaspace: 8981K->8981K(1056768K)], 0.4421576 secs] [Times: user=1.31 sys=0.00, real=0.44 secs] 
2016-06-26T20:51:12.606+0300: 152.476: Total time for which application threads were stopped: 0.4487743 seconds, Stopping threads took: 0.0060735 seconds
2016-06-26T20:51:12.609+0300: 152.480: Total time for which application threads were stopped: 0.0008468 seconds, Stopping threads took: 0.0001223 seconds
2016-06-26T20:51:13.243+0300: 153.114: Total time for which application threads were stopped: 0.0080390 seconds, Stopping threads took: 0.0069968 seconds
2016-06-26T20:51:13.762+0300: 153.632: [Full GC (Ergonomics) [PSYoungGen: 865018K->98001K(876032K)] [ParOldGen: 3494763K->3494774K(3495424K)] 4359782K->3592775K(4371456K), [Metaspace: 8981K->8981K(1056768K)], 0.4604399 secs] [Times: user=1.34 sys=0.00, real=0.46 secs] 
2016-06-26T20:51:14.222+0300: 154.093: Total time for which application threads were stopped: 0.4666827 seconds, Stopping threads took: 0.0058041 seconds
2016-06-26T20:51:14.236+0300: 154.107: Total time for which application threads were stopped: 0.0009370 seconds, Stopping threads took: 0.0001800 seconds
2016-06-26T20:51:15.242+0300: 155.112: Total time for which application threads were stopped: 0.0061150 seconds, Stopping threads took: 0.0051631 seconds
2016-06-26T20:51:15.284+0300: 155.154: [Full GC (Ergonomics) [PSYoungGen: 863694K->126002K(876032K)] [ParOldGen: 3494774K->3494780K(3495424K)] 4358468K->3620782K(4371456K), [Metaspace: 8982K->8982K(1056768K)], 0.4290706 secs] [Times: user=1.39 sys=0.00, real=0.43 secs] 
2016-06-26T20:51:15.713+0300: 155.584: Total time for which application threads were stopped: 0.4326552 seconds, Stopping threads took: 0.0030308 seconds
2016-06-26T20:51:16.239+0300: 156.110: Total time for which application threads were stopped: 0.0032874 seconds, Stopping threads took: 0.0022991 seconds
2016-06-26T20:51:16.757+0300: 156.627: [Full GC (Ergonomics) [PSYoungGen: 863687K->338007K(876032K)] [ParOldGen: 3494780K->3494780K(3495424K)] 4358468K->3832787K(4371456K), [Metaspace: 8982K->8982K(1056768K)], 0.4336473 secs] [Times: user=1.64 sys=0.00, real=0.43 secs] 
2016-06-26T20:51:17.191+0300: 157.061: Total time for which application threads were stopped: 0.4354584 seconds, Stopping threads took: 0.0012748 seconds
2016-06-26T20:51:17.237+0300: 157.108: Total time for which application threads were stopped: 0.0010734 seconds, Stopping threads took: 0.0001698 seconds
2016-06-26T20:51:17.245+0300: 157.115: Total time for which application threads were stopped: 0.0004738 seconds, Stopping threads took: 0.0000753 seconds
2016-06-26T20:51:17.951+0300: 157.821: [Full GC (Ergonomics) [PSYoungGen: 863837K->222005K(876032K)] [ParOldGen: 3494780K->3494797K(3495424K)] 4358617K->3716802K(4371456K), [Metaspace: 8984K->8984K(1056768K)], 0.4204751 secs] [Times: user=1.66 sys=0.00, real=0.42 secs] 
2016-06-26T20:51:18.371+0300: 158.242: Total time for which application threads were stopped: 0.4237351 seconds, Stopping threads took: 0.0027233 seconds
2016-06-26T20:51:18.651+0300: 158.522: Total time for which application threads were stopped: 0.0031557 seconds, Stopping threads took: 0.0018470 seconds
2016-06-26T20:51:19.427+0300: 159.298: Total time for which application threads were stopped: 0.0050181 seconds, Stopping threads took: 0.0038818 seconds
2016-06-26T20:51:19.429+0300: 159.299: Total time for which application threads were stopped: 0.0008720 seconds, Stopping threads took: 0.0000547 seconds
2016-06-26T20:51:19.533+0300: 159.404: [Full GC (Ergonomics) [PSYoungGen: 864024K->0K(876032K)] [ParOldGen: 3494797K->3382807K(3495424K)] 4358822K->3382807K(4371456K), [Metaspace: 8984K->8984K(1056768K)], 0.3882253 secs] [Times: user=1.47 sys=0.00, real=0.39 secs] 
2016-06-26T20:51:19.922+0300: 159.792: Total time for which application threads were stopped: 0.3886675 seconds, Stopping threads took: 0.0000680 seconds
2016-06-26T20:51:20.239+0300: 160.110: Total time for which application threads were stopped: 0.0018706 seconds, Stopping threads took: 0.0011611 seconds
2016-06-26T20:51:21.068+0300: 160.939: [Full GC (Ergonomics) [PSYoungGen: 865056K->230004K(876032K)] [ParOldGen: 3382807K->3494798K(3495424K)] 4247864K->3724803K(4371456K), [Metaspace: 8988K->8988K(1056768K)], 0.4593758 secs] [Times: user=1.36 sys=0.00, real=0.46 secs] 
2016-06-26T20:51:21.528+0300: 161.398: Total time for which application threads were stopped: 0.4677848 seconds, Stopping threads took: 0.0078740 seconds
2016-06-26T20:51:21.532+0300: 161.402: Total time for which application threads were stopped: 0.0011949 seconds, Stopping threads took: 0.0000821 seconds
2016-06-26T20:51:22.247+0300: 162.118: Total time for which application threads were stopped: 0.0091424 seconds, Stopping threads took: 0.0081857 seconds
2016-06-26T20:51:22.588+0300: 162.459: [Full GC (Ergonomics) [PSYoungGen: 863417K->158003K(876032K)] [ParOldGen: 3494798K->3494808K(3495424K)] 4358216K->3652812K(4371456K), [Metaspace: 8988K->8988K(1056768K)], 0.4475281 secs] [Times: user=1.55 sys=0.00, real=0.45 secs] 
2016-06-26T20:51:23.036+0300: 162.906: Total time for which application threads were stopped: 0.4527280 seconds, Stopping threads took: 0.0047979 seconds
2016-06-26T20:51:23.240+0300: 163.111: Total time for which application threads were stopped: 0.0019232 seconds, Stopping threads took: 0.0012513 seconds
2016-06-26T20:51:24.004+0300: 163.874: [Full GC (Ergonomics) [PSYoungGen: 864199K->402007K(876032K)] [ParOldGen: 3494808K->3494816K(3495424K)] 4359007K->3896824K(4371456K), [Metaspace: 8988K->8988K(1056768K)], 0.4697093 secs] [Times: user=1.41 sys=0.00, real=0.47 secs] 
2016-06-26T20:51:24.474+0300: 164.344: Total time for which application threads were stopped: 0.4764405 seconds, Stopping threads took: 0.0062365 seconds
2016-06-26T20:51:24.477+0300: 164.347: Total time for which application threads were stopped: 0.0009853 seconds, Stopping threads took: 0.0000620 seconds
2016-06-26T20:51:25.141+0300: 165.011: [Full GC (Ergonomics) [PSYoungGen: 865280K->74001K(876032K)] [ParOldGen: 3494816K->3494824K(3495424K)] 4360096K->3568826K(4371456K), [Metaspace: 8988K->8988K(1056768K)], 0.4414789 secs] [Times: user=1.22 sys=0.00, real=0.44 secs] 
2016-06-26T20:51:25.583+0300: 165.453: Total time for which application threads were stopped: 0.4469418 seconds, Stopping threads took: 0.0049129 seconds
2016-06-26T20:51:25.586+0300: 165.456: Total time for which application threads were stopped: 0.0009635 seconds, Stopping threads took: 0.0000663 seconds
2016-06-26T20:51:26.245+0300: 166.115: Total time for which application threads were stopped: 0.0059110 seconds, Stopping threads took: 0.0050583 seconds
2016-06-26T20:51:26.816+0300: 166.687: [Full GC (Ergonomics) [PSYoungGen: 863557K->252001K(876032K)] [ParOldGen: 3494824K->3494836K(3495424K)] 4358381K->3746838K(4371456K), [Metaspace: 8988K->8988K(1056768K)], 0.4421662 secs] [Times: user=1.48 sys=0.00, real=0.44 secs] 
2016-06-26T20:51:27.259+0300: 167.129: Total time for which application threads were stopped: 0.4481106 seconds, Stopping threads took: 0.0054971 seconds
2016-06-26T20:51:27.261+0300: 167.131: Total time for which application threads were stopped: 0.0006000 seconds, Stopping threads took: 0.0000624 seconds
2016-06-26T20:51:28.099+0300: 167.970: [Full GC (Ergonomics) [PSYoungGen: 863803K->308006K(876032K)] [ParOldGen: 3494836K->3494841K(3495424K)] 4358640K->3802848K(4371456K), [Metaspace: 8991K->8991K(1058816K)], 0.4395468 secs] [Times: user=1.59 sys=0.00, real=0.44 secs] 
2016-06-26T20:51:28.539+0300: 168.409: Total time for which application threads were stopped: 0.4430929 seconds, Stopping threads took: 0.0030214 seconds
2016-06-26T20:51:28.573+0300: 168.443: Total time for which application threads were stopped: 0.0008130 seconds, Stopping threads took: 0.0001971 seconds
2016-06-26T20:51:28.580+0300: 168.450: Total time for which application threads were stopped: 0.0003520 seconds, Stopping threads took: 0.0000748 seconds
2016-06-26T20:51:29.245+0300: 169.115: Total time for which application threads were stopped: 0.0048718 seconds, Stopping threads took: 0.0039579 seconds
2016-06-26T20:51:29.495+0300: 169.365: [Full GC (Ergonomics) [PSYoungGen: 865280K->70001K(876032K)] [ParOldGen: 3494841K->3494852K(3495424K)] 4360121K->3564854K(4371456K), [Metaspace: 8991K->8991K(1058816K)], 0.4163376 secs] [Times: user=1.52 sys=0.00, real=0.42 secs] 
2016-06-26T20:51:29.911+0300: 169.782: Total time for which application threads were stopped: 0.4182077 seconds, Stopping threads took: 0.0015041 seconds
2016-06-26T20:51:30.241+0300: 170.112: Total time for which application threads were stopped: 0.0017534 seconds, Stopping threads took: 0.0010200 seconds
2016-06-26T20:51:30.979+0300: 170.849: [Full GC (Ergonomics) [PSYoungGen: 864344K->102002K(876032K)] [ParOldGen: 3494852K->3494860K(3495424K)] 4359197K->3596863K(4371456K), [Metaspace: 8991K->8991K(1058816K)], 0.4112122 secs] [Times: user=1.63 sys=0.00, real=0.41 secs] 
2016-06-26T20:51:31.390+0300: 171.261: Total time for which application threads were stopped: 0.4152103 seconds, Stopping threads took: 0.0034794 seconds
2016-06-26T20:51:31.392+0300: 171.263: Total time for which application threads were stopped: 0.0006543 seconds, Stopping threads took: 0.0000689 seconds
2016-06-26T20:51:32.244+0300: 172.114: Total time for which application threads were stopped: 0.0034101 seconds, Stopping threads took: 0.0024851 seconds
2016-06-26T20:51:32.612+0300: 172.482: [Full GC (Ergonomics) [PSYoungGen: 864113K->0K(876032K)] [ParOldGen: 3494860K->3442870K(3495424K)] 4358974K->3442870K(4371456K), [Metaspace: 8991K->8991K(1058816K)], 0.4236385 secs] [Times: user=1.30 sys=0.00, real=0.42 secs] 
2016-06-26T20:51:33.036+0300: 172.906: Total time for which application threads were stopped: 0.4258448 seconds, Stopping threads took: 0.0017949 seconds
2016-06-26T20:51:33.246+0300: 173.116: Total time for which application threads were stopped: 0.0053666 seconds, Stopping threads took: 0.0046657 seconds
2016-06-26T20:51:34.201+0300: 174.071: [Full GC (Ergonomics) [PSYoungGen: 864510K->136003K(876032K)] [ParOldGen: 3442870K->3494877K(3495424K)] 4307381K->3630880K(4371456K), [Metaspace: 8992K->8992K(1058816K)], 0.4465920 secs] [Times: user=1.30 sys=0.00, real=0.45 secs] 
2016-06-26T20:51:34.647+0300: 174.518: Total time for which application threads were stopped: 0.4529991 seconds, Stopping threads took: 0.0058302 seconds
2016-06-26T20:51:34.652+0300: 174.522: Total time for which application threads were stopped: 0.0010379 seconds, Stopping threads took: 0.0000684 seconds
2016-06-26T20:51:35.652+0300: 175.522: [Full GC (Ergonomics) [PSYoungGen: 863451K->336007K(876032K)] [ParOldGen: 3494877K->3494885K(3495424K)] 4358329K->3830893K(4371456K), [Metaspace: 8992K->8992K(1058816K)], 0.4580356 secs] [Times: user=1.45 sys=0.00, real=0.46 secs] 
2016-06-26T20:51:36.110+0300: 175.980: Total time for which application threads were stopped: 0.4621197 seconds, Stopping threads took: 0.0035294 seconds
2016-06-26T20:51:36.243+0300: 176.113: Total time for which application threads were stopped: 0.0017641 seconds, Stopping threads took: 0.0007197 seconds
2016-06-26T20:51:36.915+0300: 176.785: [Full GC (Ergonomics) [PSYoungGen: 863564K->310008K(876032K)] [ParOldGen: 3494885K->3494893K(3495424K)] 4358450K->3804901K(4371456K), [Metaspace: 8993K->8993K(1058816K)], 0.4656354 secs] [Times: user=1.36 sys=0.00, real=0.47 secs] 
2016-06-26T20:51:37.380+0300: 177.251: Total time for which application threads were stopped: 0.4735560 seconds, Stopping threads took: 0.0073856 seconds
2016-06-26T20:51:37.532+0300: 177.402: Total time for which application threads were stopped: 0.0026031 seconds, Stopping threads took: 0.0015203 seconds
2016-06-26T20:51:38.248+0300: 178.119: Total time for which application threads were stopped: 0.0059170 seconds, Stopping threads took: 0.0048984 seconds
2016-06-26T20:51:38.262+0300: 178.132: [Full GC (Ergonomics) [PSYoungGen: 864438K->220005K(876032K)] [ParOldGen: 3494893K->3494903K(3495424K)] 4359331K->3714908K(4371456K), [Metaspace: 8994K->8994K(1058816K)], 0.4345039 secs] [Times: user=1.53 sys=0.00, real=0.43 secs] 
2016-06-26T20:51:38.696+0300: 178.567: Total time for which application threads were stopped: 0.4352549 seconds, Stopping threads took: 0.0001638 seconds
2016-06-26T20:51:38.697+0300: 178.567: Total time for which application threads were stopped: 0.0003468 seconds, Stopping threads took: 0.0000919 seconds
2016-06-26T20:51:39.244+0300: 179.115: Total time for which application threads were stopped: 0.0018428 seconds, Stopping threads took: 0.0008972 seconds
2016-06-26T20:51:39.251+0300: 179.122: Total time for which application threads were stopped: 0.0004110 seconds, Stopping threads took: 0.0000629 seconds
2016-06-26T20:51:39.622+0300: 179.492: [Full GC (Ergonomics) [PSYoungGen: 864533K->190004K(876032K)] [ParOldGen: 3494903K->3494913K(3495424K)] 4359436K->3684918K(4371456K), [Metaspace: 8994K->8994K(1058816K)], 0.4197751 secs] [Times: user=1.61 sys=0.00, real=0.42 secs] 
2016-06-26T20:51:40.041+0300: 179.912: Total time for which application threads were stopped: 0.4214446 seconds, Stopping threads took: 0.0011320 seconds
2016-06-26T20:51:40.244+0300: 180.115: Total time for which application threads were stopped: 0.0018094 seconds, Stopping threads took: 0.0005880 seconds
2016-06-26T20:51:40.245+0300: 180.116: Total time for which application threads were stopped: 0.0012740 seconds, Stopping threads took: 0.0000470 seconds
2016-06-26T20:51:40.247+0300: 180.117: Total time for which application threads were stopped: 0.0006907 seconds, Stopping threads took: 0.0000547 seconds
2016-06-26T20:51:41.086+0300: 180.957: [Full GC (Ergonomics) [PSYoungGen: 864308K->280007K(876032K)] [ParOldGen: 3494913K->3494921K(3495424K)] 4359222K->3774929K(4371456K), [Metaspace: 8994K->8994K(1058816K)], 0.4265333 secs] [Times: user=1.63 sys=0.00, real=0.43 secs] 
2016-06-26T20:51:41.513+0300: 181.383: Total time for which application threads were stopped: 0.4295440 seconds, Stopping threads took: 0.0025031 seconds
2016-06-26T20:51:41.675+0300: 181.546: Total time for which application threads were stopped: 0.0009674 seconds, Stopping threads took: 0.0003259 seconds
2016-06-26T20:51:42.246+0300: 182.116: Total time for which application threads were stopped: 0.0030915 seconds, Stopping threads took: 0.0020857 seconds
2016-06-26T20:51:42.401+0300: 182.271: [Full GC (Ergonomics) [PSYoungGen: 863516K->220005K(876032K)] [ParOldGen: 3494921K->3494930K(3495424K)] 4358438K->3714936K(4371456K), [Metaspace: 8994K->8994K(1058816K)], 0.4217812 secs] [Times: user=1.61 sys=0.03, real=0.42 secs] 
2016-06-26T20:51:42.823+0300: 182.693: Total time for which application threads were stopped: 0.4234140 seconds, Stopping threads took: 0.0011495 seconds
2016-06-26T20:51:43.245+0300: 183.115: Total time for which application threads were stopped: 0.0016559 seconds, Stopping threads took: 0.0007206 seconds
2016-06-26T20:51:43.763+0300: 183.634: [Full GC (Ergonomics) [PSYoungGen: 863509K->310008K(876032K)] [ParOldGen: 3494930K->3494938K(3495424K)] 4358440K->3804946K(4371456K), [Metaspace: 8994K->8994K(1058816K)], 0.4699603 secs] [Times: user=1.41 sys=0.00, real=0.47 secs] 
2016-06-26T20:51:44.233+0300: 184.104: Total time for which application threads were stopped: 0.4762956 seconds, Stopping threads took: 0.0057866 seconds
2016-06-26T20:51:44.244+0300: 184.115: Total time for which application threads were stopped: 0.0010221 seconds, Stopping threads took: 0.0000851 seconds
2016-06-26T20:51:45.065+0300: 184.936: [Full GC (Ergonomics) [PSYoungGen: 863849K->312008K(876032K)] [ParOldGen: 3494938K->3494947K(3495424K)] 4358787K->3806955K(4371456K), [Metaspace: 8995K->8995K(1058816K)], 0.4573975 secs] [Times: user=1.39 sys=0.00, real=0.46 secs] 
2016-06-26T20:51:45.523+0300: 185.393: Total time for which application threads were stopped: 0.4647245 seconds, Stopping threads took: 0.0067706 seconds
2016-06-26T20:51:45.669+0300: 185.539: Total time for which application threads were stopped: 0.0021772 seconds, Stopping threads took: 0.0010028 seconds
2016-06-26T20:51:46.391+0300: 186.262: [Full GC (Ergonomics) [PSYoungGen: 865280K->134003K(876032K)] [ParOldGen: 3494947K->3494961K(3495424K)] 4360227K->3628965K(4371456K), [Metaspace: 8995K->8995K(1058816K)], 0.4319089 secs] [Times: user=1.31 sys=0.00, real=0.43 secs] 
2016-06-26T20:51:46.824+0300: 186.694: Total time for which application threads were stopped: 0.4377973 seconds, Stopping threads took: 0.0053606 seconds
2016-06-26T20:51:47.519+0300: 187.389: Total time for which application threads were stopped: 0.0075391 seconds, Stopping threads took: 0.0066894 seconds
2016-06-26T20:51:48.012+0300: 187.883: [Full GC (Ergonomics) [PSYoungGen: 863478K->14023K(876032K)] [ParOldGen: 3494961K->3494973K(3495424K)] 4358439K->3508997K(4371456K), [Metaspace: 8995K->8995K(1058816K)], 0.4323130 secs] [Times: user=1.31 sys=0.00, real=0.43 secs] 
2016-06-26T20:51:48.445+0300: 188.315: Total time for which application threads were stopped: 0.4385645 seconds, Stopping threads took: 0.0057883 seconds
2016-06-26T20:51:49.452+0300: 189.322: Total time for which application threads were stopped: 0.0066137 seconds, Stopping threads took: 0.0062476 seconds
2016-06-26T20:51:49.622+0300: 189.492: [Full GC (Ergonomics) [PSYoungGen: 863388K->368006K(876032K)] [ParOldGen: 3494973K->3494976K(3495424K)] 4358361K->3862983K(4371456K), [Metaspace: 8996K->8996K(1058816K)], 0.4604882 secs] [Times: user=1.55 sys=0.00, real=0.46 secs] 
2016-06-26T20:51:50.082+0300: 189.953: Total time for which application threads were stopped: 0.4673927 seconds, Stopping threads took: 0.0063780 seconds
2016-06-26T20:51:50.775+0300: 190.646: [Full GC (Ergonomics) [PSYoungGen: 864546K->344008K(876032K)] [ParOldGen: 3494976K->3494974K(3495424K)] 4359522K->3838982K(4371456K), [Metaspace: 8996K->8996K(1058816K)], 0.4336349 secs] [Times: user=1.64 sys=0.00, real=0.43 secs] 
2016-06-26T20:51:51.209+0300: 191.080: Total time for which application threads were stopped: 0.4372482 seconds, Stopping threads took: 0.0030885 seconds
2016-06-26T20:51:51.967+0300: 191.838: [Full GC (Ergonomics) [PSYoungGen: 865200K->314008K(876032K)] [ParOldGen: 3494974K->3494973K(3495424K)] 4360174K->3808981K(4371456K), [Metaspace: 8996K->8996K(1058816K)], 0.4291403 secs] [Times: user=1.59 sys=0.00, real=0.43 secs] 
2016-06-26T20:51:52.397+0300: 192.267: Total time for which application threads were stopped: 0.4328314 seconds, Stopping threads took: 0.0031249 seconds
2016-06-26T20:51:52.411+0300: 192.282: Total time for which application threads were stopped: 0.0003404 seconds, Stopping threads took: 0.0000723 seconds
2016-06-26T20:51:52.622+0300: 192.492: Total time for which application threads were stopped: 0.0013937 seconds, Stopping threads took: 0.0010212 seconds
2016-06-26T20:51:53.275+0300: 193.145: [Full GC (Ergonomics) [PSYoungGen: 864880K->310008K(876032K)] [ParOldGen: 3494973K->3495002K(3495424K)] 4359854K->3805010K(4371456K), [Metaspace: 9008K->9008K(1058816K)], 0.4300084 secs] [Times: user=1.66 sys=0.00, real=0.43 secs] 
2016-06-26T20:51:53.705+0300: 193.575: Total time for which application threads were stopped: 0.4324922 seconds, Stopping threads took: 0.0019920 seconds
2016-06-26T20:51:54.515+0300: 194.385: Total time for which application threads were stopped: 0.0029914 seconds, Stopping threads took: 0.0026840 seconds
2016-06-26T20:51:54.672+0300: 194.543: [Full GC (Ergonomics) [PSYoungGen: 864065K->72016K(876032K)] [ParOldGen: 3495002K->3495015K(3495424K)] 4359068K->3567031K(4371456K), [Metaspace: 9047K->9047K(1058816K)], 0.4216538 secs] [Times: user=1.47 sys=0.00, real=0.42 secs] 
2016-06-26T20:51:55.094+0300: 194.965: Total time for which application threads were stopped: 0.4221220 seconds, Stopping threads took: 0.0000573 seconds
2016-06-26T20:51:56.169+0300: 196.039: [Full GC (Ergonomics) [PSYoungGen: 865130K->162002K(876032K)] [ParOldGen: 3495015K->3495037K(3495424K)] 4360146K->3657039K(4371456K), [Metaspace: 9049K->9049K(1058816K)], 0.4435907 secs] [Times: user=1.44 sys=0.00, real=0.44 secs] 
2016-06-26T20:51:56.613+0300: 196.483: Total time for which application threads were stopped: 0.4477043 seconds, Stopping threads took: 0.0035572 seconds
2016-06-26T20:51:57.544+0300: 197.415: [Full GC (Ergonomics) [PSYoungGen: 865036K->132003K(876032K)] [ParOldGen: 3495037K->3495045K(3495424K)] 4360073K->3627048K(4371456K), [Metaspace: 9049K->9049K(1058816K)], 0.4388155 secs] [Times: user=1.44 sys=0.00, real=0.44 secs] 
2016-06-26T20:51:57.983+0300: 197.853: Total time for which application threads were stopped: 0.4429552 seconds, Stopping threads took: 0.0035983 seconds
2016-06-26T20:51:58.023+0300: 197.894: Total time for which application threads were stopped: 0.0024411 seconds, Stopping threads took: 0.0021776 seconds
2016-06-26T20:51:59.093+0300: 198.964: [Full GC (Ergonomics) [PSYoungGen: 864406K->280040K(876032K)] [ParOldGen: 3495045K->3495074K(3495424K)] 4359451K->3775115K(4371456K), [Metaspace: 9234K->9234K(1058816K)], 0.4429047 secs] [Times: user=1.45 sys=0.00, real=0.44 secs] 
2016-06-26T20:51:59.536+0300: 199.407: Total time for which application threads were stopped: 0.4569788 seconds, Stopping threads took: 0.0135357 seconds
2016-06-26T20:52:00.506+0300: 200.377: [Full GC (Ergonomics) [PSYoungGen: 864099K->370009K(876032K)] [ParOldGen: 3495074K->3495153K(3495424K)] 4359173K->3865163K(4371456K), [Metaspace: 9453K->9453K(1058816K)], 0.4909538 secs] [Times: user=1.33 sys=0.00, real=0.49 secs] 
2016-06-26T20:52:00.998+0300: 200.868: Total time for which application threads were stopped: 0.4985135 seconds, Stopping threads took: 0.0070614 seconds
2016-06-26T20:52:00.998+0300: 200.869: Total time for which application threads were stopped: 0.0006458 seconds, Stopping threads took: 0.0003319 seconds
2016-06-26T20:52:01.001+0300: 200.871: Total time for which application threads were stopped: 0.0004144 seconds, Stopping threads took: 0.0000659 seconds
2016-06-26T20:52:01.652+0300: 201.522: [Full GC (Ergonomics) [PSYoungGen: 865102K->286007K(876032K)] [ParOldGen: 3495153K->3495162K(3495424K)] 4360256K->3781169K(4371456K), [Metaspace: 9463K->9463K(1058816K)], 0.4501719 secs] [Times: user=1.52 sys=0.00, real=0.45 secs] 
2016-06-26T20:52:02.103+0300: 201.973: Total time for which application threads were stopped: 0.4573808 seconds, Stopping threads took: 0.0067043 seconds
2016-06-26T20:52:02.930+0300: 202.800: [Full GC (Ergonomics) [PSYoungGen: 863460K->312007K(876032K)] [ParOldGen: 3495162K->3495171K(3495424K)] 4358622K->3807178K(4371456K), [Metaspace: 9463K->9463K(1058816K)], 0.4306726 secs] [Times: user=1.61 sys=0.00, real=0.43 secs] 
2016-06-26T20:52:03.360+0300: 203.231: Total time for which application threads were stopped: 0.4342777 seconds, Stopping threads took: 0.0031163 seconds
2016-06-26T20:52:04.238+0300: 204.109: [Full GC (Ergonomics) [PSYoungGen: 864166K->282007K(876032K)] [ParOldGen: 3495171K->3495179K(3495424K)] 4359337K->3777187K(4371456K), [Metaspace: 9463K->9463K(1058816K)], 0.4262664 secs] [Times: user=1.53 sys=0.00, real=0.43 secs] 
2016-06-26T20:52:04.665+0300: 204.535: Total time for which application threads were stopped: 0.4293939 seconds, Stopping threads took: 0.0026160 seconds
2016-06-26T20:52:05.527+0300: 205.397: [Full GC (Ergonomics) [PSYoungGen: 863681K->132003K(876032K)] [ParOldGen: 3495179K->3495190K(3495424K)] 4358861K->3627193K(4371456K), [Metaspace: 9463K->9463K(1058816K)], 0.4102978 secs] [Times: user=1.63 sys=0.00, real=0.41 secs] 
2016-06-26T20:52:05.937+0300: 205.808: Total time for which application threads were stopped: 0.4127975 seconds, Stopping threads took: 0.0019655 seconds
2016-06-26T20:52:06.954+0300: 206.825: [Full GC (Ergonomics) [PSYoungGen: 865160K->192004K(876032K)] [ParOldGen: 3495190K->3495198K(3495424K)] 4360350K->3687203K(4371456K), [Metaspace: 9463K->9463K(1058816K)], 0.4608341 secs] [Times: user=1.31 sys=0.00, real=0.46 secs] 
2016-06-26T20:52:07.416+0300: 207.286: Total time for which application threads were stopped: 0.4643448 seconds, Stopping threads took: 0.0029530 seconds
2016-06-26T20:52:08.431+0300: 208.301: [Full GC (Ergonomics) [PSYoungGen: 863643K->310007K(876032K)] [ParOldGen: 3495198K->3495206K(3495424K)] 4358842K->3805214K(4371456K), [Metaspace: 9463K->9463K(1058816K)], 0.4489535 secs] [Times: user=1.45 sys=0.00, real=0.45 secs] 
2016-06-26T20:52:08.880+0300: 208.750: Total time for which application threads were stopped: 0.4538779 seconds, Stopping threads took: 0.0044018 seconds
2016-06-26T20:52:09.745+0300: 209.616: [Full GC (Ergonomics) [PSYoungGen: 864012K->372009K(876032K)] [ParOldGen: 3495206K->3495214K(3495424K)] 4359219K->3867223K(4371456K), [Metaspace: 9463K->9463K(1058816K)], 0.4610749 secs] [Times: user=1.55 sys=0.00, real=0.46 secs] 
2016-06-26T20:52:10.206+0300: 210.077: Total time for which application threads were stopped: 0.4675402 seconds, Stopping threads took: 0.0059149 seconds
2016-06-26T20:52:10.894+0300: 210.764: [Full GC (Ergonomics) [PSYoungGen: 863299K->224005K(876032K)] [ParOldGen: 3495214K->3495224K(3495424K)] 4358513K->3719230K(4371456K), [Metaspace: 9463K->9463K(1058816K)], 0.4527310 secs] [Times: user=1.38 sys=0.00, real=0.45 secs] 
2016-06-26T20:52:11.347+0300: 211.217: Total time for which application threads were stopped: 0.4609843 seconds, Stopping threads took: 0.0077089 seconds
2016-06-26T20:52:12.277+0300: 212.148: [Full GC (Ergonomics) [PSYoungGen: 864547K->222005K(876032K)] [ParOldGen: 3495224K->3495233K(3495424K)] 4359772K->3717239K(4371456K), [Metaspace: 9463K->9463K(1058816K)], 0.4447236 secs] [Times: user=1.53 sys=0.00, real=0.44 secs] 
2016-06-26T20:52:12.723+0300: 212.593: Total time for which application threads were stopped: 0.4516186 seconds, Stopping threads took: 0.0063840 seconds
2016-06-26T20:52:13.711+0300: 213.582: [Full GC (Ergonomics) [PSYoungGen: 863280K->70001K(876032K)] [ParOldGen: 3495233K->3495243K(3495424K)] 4358513K->3565245K(4371456K), [Metaspace: 9463K->9463K(1058816K)], 0.4076216 secs] [Times: user=1.50 sys=0.00, real=0.41 secs] 
2016-06-26T20:52:14.119+0300: 213.989: Total time for which application threads were stopped: 0.4098419 seconds, Stopping threads took: 0.0017038 seconds
2016-06-26T20:52:15.253+0300: 215.124: [Full GC (Ergonomics) [PSYoungGen: 865079K->252004K(876032K)] [ParOldGen: 3495243K->3495252K(3495424K)] 4360322K->3747256K(4371456K), [Metaspace: 9463K->9463K(1058816K)], 0.4275759 secs] [Times: user=1.56 sys=0.00, real=0.43 secs] 
2016-06-26T20:52:15.681+0300: 215.551: Total time for which application threads were stopped: 0.4306401 seconds, Stopping threads took: 0.0025334 seconds
2016-06-26T20:52:16.580+0300: 216.451: [Full GC (Ergonomics) [PSYoungGen: 864762K->282007K(876032K)] [ParOldGen: 3495252K->3495258K(3495424K)] 4360014K->3777266K(4371456K), [Metaspace: 9464K->9464K(1058816K)], 0.4285108 secs] [Times: user=1.63 sys=0.00, real=0.43 secs] 
2016-06-26T20:52:17.009+0300: 216.879: Total time for which application threads were stopped: 0.4315728 seconds, Stopping threads took: 0.0025138 seconds
2016-06-26T20:52:17.907+0300: 217.778: [Full GC (Ergonomics) [PSYoungGen: 864600K->402010K(876032K)] [ParOldGen: 3495258K->3495267K(3495424K)] 4359859K->3897277K(4371456K), [Metaspace: 9464K->9464K(1058816K)], 0.4809544 secs] [Times: user=1.34 sys=0.01, real=0.48 secs] 
2016-06-26T20:52:18.389+0300: 218.259: Total time for which application threads were stopped: 0.4848084 seconds, Stopping threads took: 0.0032673 seconds
2016-06-26T20:52:19.058+0300: 218.929: [Full GC (Ergonomics) [PSYoungGen: 863351K->314007K(876032K)] [ParOldGen: 3495267K->3495276K(3495424K)] 4358618K->3809284K(4371456K), [Metaspace: 9465K->9465K(1058816K)], 0.4522032 secs] [Times: user=1.42 sys=0.00, real=0.45 secs] 
2016-06-26T20:52:19.510+0300: 219.381: Total time for which application threads were stopped: 0.4578675 seconds, Stopping threads took: 0.0050677 seconds
2016-06-26T20:52:20.293+0300: 220.164: [Full GC (Ergonomics) [PSYoungGen: 864843K->134003K(876032K)] [ParOldGen: 3495276K->3495269K(3495424K)] 4360119K->3629272K(4371456K), [Metaspace: 9465K->9465K(1058816K)], 0.4375856 secs] [Times: user=1.36 sys=0.00, real=0.44 secs] 
2016-06-26T20:52:20.731+0300: 220.601: Total time for which application threads were stopped: 0.4421025 seconds, Stopping threads took: 0.0039447 seconds
2016-06-26T20:52:21.847+0300: 221.717: [Full GC (Ergonomics) [PSYoungGen: 865271K->132002K(876032K)] [ParOldGen: 3495269K->3495278K(3495424K)] 4360540K->3627280K(4371456K), [Metaspace: 9465K->9465K(1058816K)], 0.4455605 secs] [Times: user=1.30 sys=0.00, real=0.45 secs] 
2016-06-26T20:52:22.293+0300: 222.163: Total time for which application threads were stopped: 0.4509147 seconds, Stopping threads took: 0.0048158 seconds
2016-06-26T20:52:22.309+0300: 222.179: Total time for which application threads were stopped: 0.0005333 seconds, Stopping threads took: 0.0001954 seconds
2016-06-26T20:52:23.382+0300: 223.252: [Full GC (Ergonomics) [PSYoungGen: 863693K->250005K(876032K)] [ParOldGen: 3495278K->3495285K(3495424K)] 4358972K->3745290K(4371456K), [Metaspace: 9465K->9465K(1058816K)], 0.4436309 secs] [Times: user=1.55 sys=0.00, real=0.44 secs] 
2016-06-26T20:52:23.825+0300: 223.696: Total time for which application threads were stopped: 0.4494414 seconds, Stopping threads took: 0.0052828 seconds
2016-06-26T20:52:24.686+0300: 224.556: [Full GC (Ergonomics) [PSYoungGen: 863867K->222005K(876032K)] [ParOldGen: 3495285K->3495293K(3495424K)] 4359152K->3717298K(4371456K), [Metaspace: 9465K->9465K(1058816K)], 0.4213860 secs] [Times: user=1.64 sys=0.00, real=0.42 secs] 
2016-06-26T20:52:25.107+0300: 224.978: Total time for which application threads were stopped: 0.4246845 seconds, Stopping threads took: 0.0027827 seconds
2016-06-26T20:52:26.091+0300: 225.961: [Full GC (Ergonomics) [PSYoungGen: 864035K->280008K(876032K)] [ParOldGen: 3495293K->3495301K(3495424K)] 4359329K->3775309K(4371456K), [Metaspace: 9465K->9465K(1058816K)], 0.4270503 secs] [Times: user=1.70 sys=0.00, real=0.43 secs] 
2016-06-26T20:52:26.518+0300: 226.388: Total time for which application threads were stopped: 0.4302389 seconds, Stopping threads took: 0.0026865 seconds
2016-06-26T20:52:27.382+0300: 227.253: [Full GC (Ergonomics) [PSYoungGen: 864019K->192004K(876032K)] [ParOldGen: 3495301K->3495311K(3495424K)] 4359320K->3687316K(4371456K), [Metaspace: 9465K->9465K(1058816K)], 0.4407203 secs] [Times: user=1.58 sys=0.00, real=0.44 secs] 
2016-06-26T20:52:27.823+0300: 227.694: Total time for which application threads were stopped: 0.4438819 seconds, Stopping threads took: 0.0026562 seconds
2016-06-26T20:52:28.773+0300: 228.644: [Full GC (Ergonomics) [PSYoungGen: 865056K->192005K(876032K)] [ParOldGen: 3495311K->3495320K(3495424K)] 4360368K->3687325K(4371456K), [Metaspace: 9465K->9465K(1058816K)], 0.4599036 secs] [Times: user=1.39 sys=0.00, real=0.46 secs] 
2016-06-26T20:52:29.234+0300: 229.104: Total time for which application threads were stopped: 0.4643024 seconds, Stopping threads took: 0.0038412 seconds
2016-06-26T20:52:30.268+0300: 230.138: [Full GC (Ergonomics) [PSYoungGen: 863464K->160003K(876032K)] [ParOldGen: 3495320K->3495329K(3495424K)] 4358784K->3655333K(4371456K), [Metaspace: 9465K->9465K(1058816K)], 0.4568625 secs] [Times: user=1.34 sys=0.00, real=0.46 secs] 
2016-06-26T20:52:30.725+0300: 230.595: Total time for which application threads were stopped: 0.4627004 seconds, Stopping threads took: 0.0052952 seconds
2016-06-26T20:52:31.728+0300: 231.599: Total time for which application threads were stopped: 0.0032694 seconds, Stopping threads took: 0.0029350 seconds
2016-06-26T20:52:31.761+0300: 231.631: [Full GC (Ergonomics) [PSYoungGen: 863369K->280006K(876032K)] [ParOldGen: 3495329K->3495337K(3495424K)] 4358699K->3775344K(4371456K), [Metaspace: 9465K->9465K(1058816K)], 0.4616215 secs] [Times: user=1.47 sys=0.00, real=0.46 secs] 
2016-06-26T20:52:32.222+0300: 232.093: Total time for which application threads were stopped: 0.4638684 seconds, Stopping threads took: 0.0016704 seconds
2016-06-26T20:52:33.059+0300: 232.929: [Full GC (Ergonomics) [PSYoungGen: 863369K->252006K(876032K)] [ParOldGen: 3495337K->3495346K(3495424K)] 4358707K->3747352K(4371456K), [Metaspace: 9465K->9465K(1058816K)], 0.4566761 secs] [Times: user=1.47 sys=0.00, real=0.46 secs] 
2016-06-26T20:52:33.515+0300: 233.386: Total time for which application threads were stopped: 0.4611361 seconds, Stopping threads took: 0.0039323 seconds
2016-06-26T20:52:34.451+0300: 234.321: [Full GC (Ergonomics) [PSYoungGen: 864622K->372009K(876032K)] [ParOldGen: 3495346K->3495353K(3495424K)] 4359968K->3867363K(4371456K), [Metaspace: 9465K->9465K(1058816K)], 0.4652522 secs] [Times: user=1.49 sys=0.00, real=0.46 secs] 
2016-06-26T20:52:34.916+0300: 234.786: Total time for which application threads were stopped: 0.4713895 seconds, Stopping threads took: 0.0056202 seconds
2016-06-26T20:52:35.627+0300: 235.497: [Full GC (Ergonomics) [PSYoungGen: 863792K->254006K(876032K)] [ParOldGen: 3495353K->3495363K(3495424K)] 4359145K->3749370K(4371456K), [Metaspace: 9465K->9465K(1058816K)], 0.4232998 secs] [Times: user=1.64 sys=0.00, real=0.42 secs] 
2016-06-26T20:52:36.051+0300: 235.921: Total time for which application threads were stopped: 0.4271081 seconds, Stopping threads took: 0.0032934 seconds
2016-06-26T20:52:36.951+0300: 236.821: [Full GC (Ergonomics) [PSYoungGen: 864395K->162003K(876032K)] [ParOldGen: 3495363K->3495373K(3495424K)] 4359758K->3657377K(4371456K), [Metaspace: 9465K->9465K(1058816K)], 0.4143310 secs] [Times: user=1.63 sys=0.00, real=0.41 secs] 
2016-06-26T20:52:37.365+0300: 237.236: Total time for which application threads were stopped: 0.4176518 seconds, Stopping threads took: 0.0028046 seconds
2016-06-26T20:52:38.398+0300: 238.269: [Full GC (Ergonomics) [PSYoungGen: 865248K->72001K(876032K)] [ParOldGen: 3495373K->3495383K(3495424K)] 4360621K->3567384K(4371456K), [Metaspace: 9465K->9465K(1058816K)], 0.4045985 secs] [Times: user=1.52 sys=0.00, real=0.40 secs] 
2016-06-26T20:52:38.803+0300: 238.673: Total time for which application threads were stopped: 0.4071464 seconds, Stopping threads took: 0.0020425 seconds
2016-06-26T20:52:39.988+0300: 239.859: [Full GC (Ergonomics) [PSYoungGen: 863466K->430008K(876032K)] [ParOldGen: 3495383K->3495391K(3495424K)] 4358850K->3925399K(4371456K), [Metaspace: 9465K->9465K(1058816K)], 0.4895806 secs] [Times: user=1.38 sys=0.00, real=0.49 secs] 
2016-06-26T20:52:40.478+0300: 240.349: Total time for which application threads were stopped: 0.4953937 seconds, Stopping threads took: 0.0052572 seconds
2016-06-26T20:52:41.121+0300: 240.992: [Full GC (Ergonomics) [PSYoungGen: 864852K->436019K(876032K)] [ParOldGen: 3495391K->3495388K(3495424K)] 4360243K->3931407K(4371456K), [Metaspace: 9465K->9465K(1058816K)], 0.4705795 secs] [Times: user=1.55 sys=0.00, real=0.47 secs] 
2016-06-26T20:52:41.592+0300: 241.462: Total time for which application threads were stopped: 0.4755750 seconds, Stopping threads took: 0.0044668 seconds
2016-06-26T20:52:42.210+0300: 242.080: [Full GC (Ergonomics) [PSYoungGen: 863313K->284016K(876032K)] [ParOldGen: 3495388K->3495397K(3495424K)] 4358701K->3779414K(4371456K), [Metaspace: 9465K->9465K(1058816K)], 0.4491891 secs] [Times: user=1.50 sys=0.00, real=0.45 secs] 
2016-06-26T20:52:42.659+0300: 242.529: Total time for which application threads were stopped: 0.4538270 seconds, Stopping threads took: 0.0041085 seconds
2016-06-26T20:52:43.538+0300: 243.409: [Full GC (Ergonomics) [PSYoungGen: 864371K->282007K(876032K)] [ParOldGen: 3495397K->3495415K(3495424K)] 4359768K->3777422K(4371456K), [Metaspace: 9465K->9465K(1058816K)], 0.4746452 secs] [Times: user=1.38 sys=0.00, real=0.47 secs] 
2016-06-26T20:52:44.013+0300: 243.884: Total time for which application threads were stopped: 0.4815514 seconds, Stopping threads took: 0.0063789 seconds
2016-06-26T20:52:44.885+0300: 244.755: [Full GC (Ergonomics) [PSYoungGen: 863876K->194005K(876032K)] [ParOldGen: 3495415K->3493425K(3495424K)] 4359292K->3687430K(4371456K), [Metaspace: 9465K->9465K(1058816K)], 0.4400668 secs] [Times: user=1.58 sys=0.00, real=0.44 secs] 
2016-06-26T20:52:45.325+0300: 245.195: Total time for which application threads were stopped: 0.4456751 seconds, Stopping threads took: 0.0050172 seconds
2016-06-26T20:52:46.302+0300: 246.173: [Full GC (Ergonomics) [PSYoungGen: 865238K->42001K(876032K)] [ParOldGen: 3493425K->3493435K(3495424K)] 4358663K->3535436K(4371456K), [Metaspace: 9465K->9465K(1058816K)], 0.4044052 secs] [Times: user=1.50 sys=0.00, real=0.40 secs] 
2016-06-26T20:52:46.707+0300: 246.577: Total time for which application threads were stopped: 0.4076357 seconds, Stopping threads took: 0.0026989 seconds
2016-06-26T20:52:47.947+0300: 247.817: [Full GC (Ergonomics) [PSYoungGen: 863370K->220003K(876032K)] [ParOldGen: 3493435K->3493445K(3495424K)] 4356805K->3713448K(4371456K), [Metaspace: 9465K->9465K(1058816K)], 0.4358583 secs] [Times: user=1.63 sys=0.00, real=0.43 secs] 
2016-06-26T20:52:48.383+0300: 248.253: Total time for which application threads were stopped: 0.4397431 seconds, Stopping threads took: 0.0033819 seconds
2016-06-26T20:52:49.342+0300: 249.212: [Full GC (Ergonomics) [PSYoungGen: 864543K->230004K(876032K)] [ParOldGen: 3493445K->3493452K(3495424K)] 4357988K->3723457K(4371456K), [Metaspace: 9465K->9465K(1058816K)], 0.4260535 secs] [Times: user=1.63 sys=0.00, real=0.43 secs] 
2016-06-26T20:52:49.768+0300: 249.639: Total time for which application threads were stopped: 0.4300118 seconds, Stopping threads took: 0.0034388 seconds
2016-06-26T20:52:50.704+0300: 250.574: [Full GC (Ergonomics) [PSYoungGen: 864333K->380007K(876032K)] [ParOldGen: 3493452K->3493452K(3495424K)] 4357786K->3873459K(4371456K), [Metaspace: 9465K->9465K(1058816K)], 0.4500842 secs] [Times: user=1.56 sys=0.00, real=0.45 secs] 
2016-06-26T20:52:51.154+0300: 251.024: Total time for which application threads were stopped: 0.4508698 seconds, Stopping threads took: 0.0002835 seconds
2016-06-26T20:52:51.882+0300: 251.753: [Full GC (Ergonomics) [PSYoungGen: 864506K->320006K(876032K)] [ParOldGen: 3493452K->3493451K(3495424K)] 4357958K->3813458K(4371456K), [Metaspace: 9465K->9465K(1058816K)], 0.4420533 secs] [Times: user=1.55 sys=0.00, real=0.44 secs] 
2016-06-26T20:52:52.324+0300: 252.195: Total time for which application threads were stopped: 0.4507732 seconds, Stopping threads took: 0.0081819 seconds
2016-06-26T20:52:53.138+0300: 253.009: [Full GC (Ergonomics) [PSYoungGen: 864623K->318006K(876032K)] [ParOldGen: 3493451K->3493452K(3495424K)] 4358074K->3811458K(4371456K), [Metaspace: 9465K->9465K(1058816K)], 0.4752414 secs] [Times: user=1.50 sys=0.00, real=0.48 secs] 
2016-06-26T20:52:53.614+0300: 253.484: Total time for which application threads were stopped: 0.4873222 seconds, Stopping threads took: 0.0115445 seconds
2016-06-26T20:52:54.446+0300: 254.316: [Full GC (Ergonomics) [PSYoungGen: 863885K->186004K(876032K)] [ParOldGen: 3493452K->3493487K(3495424K)] 4357337K->3679491K(4371456K), [Metaspace: 9465K->9465K(1058816K)], 0.4459582 secs] [Times: user=1.33 sys=0.00, real=0.45 secs] 
2016-06-26T20:52:54.892+0300: 254.762: Total time for which application threads were stopped: 0.4500688 seconds, Stopping threads took: 0.0035940 seconds
2016-06-26T20:52:55.872+0300: 255.742: [Full GC (Ergonomics) [PSYoungGen: 864572K->154004K(876032K)] [ParOldGen: 3493487K->3493495K(3495424K)] 4358059K->3647499K(4371456K), [Metaspace: 9465K->9465K(1058816K)], 0.4489886 secs] [Times: user=1.36 sys=0.00, real=0.45 secs] 
2016-06-26T20:52:56.321+0300: 256.191: Total time for which application threads were stopped: 0.4550172 seconds, Stopping threads took: 0.0055052 seconds
2016-06-26T20:52:57.408+0300: 257.278: [Full GC (Ergonomics) [PSYoungGen: 864351K->246005K(876032K)] [ParOldGen: 3493495K->3493504K(3495424K)] 4357847K->3739510K(4371456K), [Metaspace: 9465K->9465K(1058816K)], 0.4513685 secs] [Times: user=1.39 sys=0.00, real=0.45 secs] 
2016-06-26T20:52:57.860+0300: 257.730: Total time for which application threads were stopped: 0.4545198 seconds, Stopping threads took: 0.0024958 seconds
2016-06-26T20:52:58.769+0300: 258.640: [Full GC (Ergonomics) [PSYoungGen: 865280K->340008K(876032K)] [ParOldGen: 3493504K->3493511K(3495424K)] 4358784K->3833520K(4371456K), [Metaspace: 9465K->9465K(1058816K)], 0.4460711 secs] [Times: user=1.53 sys=0.00, real=0.45 secs] 
2016-06-26T20:52:59.215+0300: 259.086: Total time for which application threads were stopped: 0.4518286 seconds, Stopping threads took: 0.0052298 seconds
2016-06-26T20:52:59.986+0300: 259.856: [Full GC (Ergonomics) [PSYoungGen: 864198K->192004K(876032K)] [ParOldGen: 3493511K->3493522K(3495424K)] 4357710K->3685526K(4371456K), [Metaspace: 9465K->9465K(1058816K)], 0.4305126 secs] [Times: user=1.48 sys=0.00, real=0.43 secs] 
2016-06-26T20:53:00.416+0300: 260.287: Total time for which application threads were stopped: 0.4377823 seconds, Stopping threads took: 0.0067274 seconds
2016-06-26T20:53:01.421+0300: 261.292: [Full GC (Ergonomics) [PSYoungGen: 865028K->130003K(876032K)] [ParOldGen: 3493522K->3493531K(3495424K)] 4358550K->3623534K(4371456K), [Metaspace: 9465K->9465K(1058816K)], 0.4151662 secs] [Times: user=1.56 sys=0.00, real=0.41 secs] 
2016-06-26T20:53:01.836+0300: 261.707: Total time for which application threads were stopped: 0.4197973 seconds, Stopping threads took: 0.0040837 seconds
2016-06-26T20:53:02.941+0300: 262.812: [Full GC (Ergonomics) [PSYoungGen: 864378K->100001K(876032K)] [ParOldGen: 3493531K->3493541K(3495424K)] 4357909K->3593542K(4371456K), [Metaspace: 9465K->9465K(1058816K)], 0.4484728 secs] [Times: user=1.36 sys=0.00, real=0.45 secs] 
2016-06-26T20:53:03.390+0300: 263.260: Total time for which application threads were stopped: 0.4554153 seconds, Stopping threads took: 0.0064144 seconds
2016-06-26T20:53:04.522+0300: 264.393: [Full GC (Ergonomics) [PSYoungGen: 864423K->370007K(876032K)] [ParOldGen: 3493541K->3493548K(3495424K)] 4357964K->3863556K(4371456K), [Metaspace: 9465K->9465K(1058816K)], 0.5160913 secs] [Times: user=1.39 sys=0.00, real=0.52 secs] 
2016-06-26T20:53:05.038+0300: 264.909: Total time for which application threads were stopped: 0.5196768 seconds, Stopping threads took: 0.0030573 seconds
2016-06-26T20:53:05.772+0300: 265.642: [Full GC (Ergonomics) [PSYoungGen: 864439K->434011K(876032K)] [ParOldGen: 3493548K->3493554K(3495424K)] 4357987K->3927566K(4371456K), [Metaspace: 9465K->9465K(1058816K)], 0.5021571 secs] [Times: user=1.50 sys=0.00, real=0.50 secs] 
2016-06-26T20:53:06.274+0300: 266.145: Total time for which application threads were stopped: 0.5084154 seconds, Stopping threads took: 0.0057177 seconds
2016-06-26T20:53:06.914+0300: 266.784: [Full GC (Ergonomics) [PSYoungGen: 863466K->134003K(876032K)] [ParOldGen: 3493554K->3493566K(3495424K)] 4357020K->3627569K(4371456K), [Metaspace: 9466K->9466K(1058816K)], 0.4434868 secs] [Times: user=1.36 sys=0.00, real=0.44 secs] 
2016-06-26T20:53:07.357+0300: 267.228: Total time for which application threads were stopped: 0.4533652 seconds, Stopping threads took: 0.0093477 seconds
2016-06-26T20:53:08.464+0300: 268.334: [Full GC (Ergonomics) [PSYoungGen: 864044K->280006K(876032K)] [ParOldGen: 3493566K->3493575K(3495424K)] 4357610K->3773581K(4371456K), [Metaspace: 9466K->9466K(1058816K)], 0.4877370 secs] [Times: user=1.47 sys=0.00, real=0.49 secs] 
2016-06-26T20:53:08.952+0300: 268.822: Total time for which application threads were stopped: 0.4952261 seconds, Stopping threads took: 0.0069519 seconds
2016-06-26T20:53:09.799+0300: 269.669: [Full GC (Ergonomics) [PSYoungGen: 863822K->162003K(876032K)] [ParOldGen: 3493575K->3493584K(3495424K)] 4357397K->3655587K(4371456K), [Metaspace: 9466K->9466K(1058816K)], 0.4546657 secs] [Times: user=1.34 sys=0.02, real=0.45 secs] 
2016-06-26T20:53:10.253+0300: 270.124: Total time for which application threads were stopped: 0.4624220 seconds, Stopping threads took: 0.0072573 seconds
2016-06-26T20:53:11.265+0300: 271.135: Total time for which application threads were stopped: 0.0111160 seconds, Stopping threads took: 0.0107795 seconds
2016-06-26T20:53:11.307+0300: 271.177: [Full GC (Ergonomics) [PSYoungGen: 864117K->280005K(876032K)] [ParOldGen: 3493584K->3493594K(3495424K)] 4357701K->3773600K(4371456K), [Metaspace: 9466K->9466K(1058816K)], 0.4429813 secs] [Times: user=1.67 sys=0.00, real=0.44 secs] 
2016-06-26T20:53:11.750+0300: 271.620: Total time for which application threads were stopped: 0.4452487 seconds, Stopping threads took: 0.0017029 seconds
2016-06-26T20:53:12.641+0300: 272.511: Total time for which application threads were stopped: 0.0052400 seconds, Stopping threads took: 0.0039396 seconds
2016-06-26T20:53:12.812+0300: 272.683: [Full GC (Ergonomics) [PSYoungGen: 865280K->162014K(876032K)] [ParOldGen: 3493594K->3493592K(3495424K)] 4358874K->3655607K(4371456K), [Metaspace: 9466K->9466K(1058816K)], 0.4245734 secs] [Times: user=1.48 sys=0.00, real=0.42 secs] 
2016-06-26T20:53:13.237+0300: 273.107: Total time for which application threads were stopped: 0.4250138 seconds, Stopping threads took: 0.0000778 seconds
2016-06-26T20:53:14.166+0300: 274.036: [Full GC (Ergonomics) [PSYoungGen: 864176K->432008K(876032K)] [ParOldGen: 3493592K->3493610K(3495424K)] 4357769K->3925619K(4371456K), [Metaspace: 9466K->9466K(1058816K)], 0.4540161 secs] [Times: user=1.66 sys=0.00, real=0.45 secs] 
2016-06-26T20:53:14.620+0300: 274.491: Total time for which application threads were stopped: 0.4591851 seconds, Stopping threads took: 0.0046259 seconds
2016-06-26T20:53:15.204+0300: 275.075: [Full GC (Ergonomics) [PSYoungGen: 864197K->106002K(876032K)] [ParOldGen: 3493610K->3493619K(3495424K)] 4357808K->3599622K(4371456K), [Metaspace: 9466K->9466K(1058816K)], 0.4392295 secs] [Times: user=1.34 sys=0.00, real=0.44 secs] 
2016-06-26T20:53:15.644+0300: 275.514: Total time for which application threads were stopped: 0.4446697 seconds, Stopping threads took: 0.0049060 seconds
2016-06-26T20:53:16.766+0300: 276.636: [Full GC (Ergonomics) [PSYoungGen: 864063K->220004K(876032K)] [ParOldGen: 3493619K->3493628K(3495424K)] 4357683K->3713632K(4371456K), [Metaspace: 9466K->9466K(1058816K)], 0.4477394 secs] [Times: user=1.38 sys=0.00, real=0.45 secs] 
2016-06-26T20:53:17.214+0300: 277.084: Total time for which application threads were stopped: 0.4538129 seconds, Stopping threads took: 0.0055569 seconds
2016-06-26T20:53:18.199+0300: 278.070: [Full GC (Ergonomics) [PSYoungGen: 864335K->190005K(876032K)] [ParOldGen: 3493628K->3493635K(3495424K)] 4357963K->3683641K(4371456K), [Metaspace: 9468K->9468K(1058816K)], 0.4468806 secs] [Times: user=1.47 sys=0.00, real=0.45 secs] 
2016-06-26T20:53:18.646+0300: 278.517: Total time for which application threads were stopped: 0.4538967 seconds, Stopping threads took: 0.0064238 seconds
2016-06-26T20:53:19.612+0300: 279.483: [Full GC (Ergonomics) [PSYoungGen: 863518K->220005K(876032K)] [ParOldGen: 3493635K->3493644K(3495424K)] 4357154K->3713649K(4371456K), [Metaspace: 9468K->9468K(1058816K)], 0.4600815 secs] [Times: user=1.27 sys=0.00, real=0.46 secs] 
2016-06-26T20:53:20.072+0300: 279.943: Total time for which application threads were stopped: 0.4663081 seconds, Stopping threads took: 0.0056801 seconds
2016-06-26T20:53:21.027+0300: 280.898: [Full GC (Ergonomics) [PSYoungGen: 864805K->312008K(876032K)] [ParOldGen: 3493644K->3493650K(3495424K)] 4358450K->3805659K(4371456K), [Metaspace: 9468K->9468K(1058816K)], 0.4598480 secs] [Times: user=1.50 sys=0.00, real=0.46 secs] 
2016-06-26T20:53:21.487+0300: 281.358: Total time for which application threads were stopped: 0.4666006 seconds, Stopping threads took: 0.0062117 seconds
2016-06-26T20:53:22.378+0300: 282.249: [Full GC (Ergonomics) [PSYoungGen: 863805K->162004K(876032K)] [ParOldGen: 3493650K->3493659K(3495424K)] 4357455K->3655664K(4371456K), [Metaspace: 9468K->9468K(1058816K)], 0.4254342 secs] [Times: user=1.55 sys=0.00, real=0.43 secs] 
2016-06-26T20:53:22.804+0300: 282.674: Total time for which application threads were stopped: 0.4302872 seconds, Stopping threads took: 0.0042753 seconds
2016-06-26T20:53:23.865+0300: 283.735: [Full GC (Ergonomics) [PSYoungGen: 863331K->190004K(876032K)] [ParOldGen: 3493659K->3493669K(3495424K)] 4356991K->3683674K(4371456K), [Metaspace: 9468K->9468K(1058816K)], 0.4224073 secs] [Times: user=1.58 sys=0.00, real=0.42 secs] 
2016-06-26T20:53:24.287+0300: 284.158: Total time for which application threads were stopped: 0.4250198 seconds, Stopping threads took: 0.0020831 seconds
2016-06-26T20:53:25.265+0300: 285.135: [Full GC (Ergonomics) [PSYoungGen: 863432K->130003K(876032K)] [ParOldGen: 3493669K->3493678K(3495424K)] 4357102K->3623681K(4371456K), [Metaspace: 9468K->9468K(1058816K)], 0.4120277 secs] [Times: user=1.53 sys=0.00, real=0.41 secs] 
2016-06-26T20:53:25.677+0300: 285.547: Total time for which application threads were stopped: 0.4159758 seconds, Stopping threads took: 0.0033892 seconds
2016-06-26T20:53:26.679+0300: 286.550: Total time for which application threads were stopped: 0.0024988 seconds, Stopping threads took: 0.0021592 seconds
2016-06-26T20:53:26.787+0300: 286.657: [Full GC (Ergonomics) [PSYoungGen: 863487K->220004K(876032K)] [ParOldGen: 3493678K->3493688K(3495424K)] 4357165K->3713692K(4371456K), [Metaspace: 9468K->9468K(1058816K)], 0.4436809 secs] [Times: user=1.44 sys=0.00, real=0.44 secs] 
2016-06-26T20:53:27.231+0300: 287.101: Total time for which application threads were stopped: 0.4459415 seconds, Stopping threads took: 0.0017491 seconds
2016-06-26T20:53:28.202+0300: 288.072: [Full GC (Ergonomics) [PSYoungGen: 863562K->310016K(876032K)] [ParOldGen: 3493688K->3493685K(3495424K)] 4357250K->3803702K(4371456K), [Metaspace: 9468K->9468K(1058816K)], 0.4681214 secs] [Times: user=1.33 sys=0.00, real=0.47 secs] 
2016-06-26T20:53:28.670+0300: 288.540: Total time for which application threads were stopped: 0.4739229 seconds, Stopping threads took: 0.0052405 seconds
2016-06-26T20:53:29.482+0300: 289.352: [Full GC (Ergonomics) [PSYoungGen: 864946K->374009K(876032K)] [ParOldGen: 3493685K->3493702K(3495424K)] 4358632K->3867712K(4371456K), [Metaspace: 9468K->9468K(1058816K)], 0.4674735 secs] [Times: user=1.50 sys=0.00, real=0.47 secs] 
2016-06-26T20:53:29.949+0300: 289.819: Total time for which application threads were stopped: 0.4734162 seconds, Stopping threads took: 0.0053816 seconds
2016-06-26T20:53:30.659+0300: 290.530: [Full GC (Ergonomics) [PSYoungGen: 863856K->434019K(876032K)] [ParOldGen: 3493702K->3493702K(3495424K)] 4357559K->3927722K(4371456K), [Metaspace: 9468K->9468K(1058816K)], 0.4849008 secs] [Times: user=1.38 sys=0.00, real=0.49 secs] 
2016-06-26T20:53:31.144+0300: 291.015: Total time for which application threads were stopped: 0.4914696 seconds, Stopping threads took: 0.0060522 seconds
2016-06-26T20:53:31.795+0300: 291.665: [Full GC (Ergonomics) [PSYoungGen: 864890K->316017K(876032K)] [ParOldGen: 3493702K->3493711K(3495424K)] 4358592K->3809729K(4371456K), [Metaspace: 9468K->9468K(1058816K)], 0.4621466 secs] [Times: user=1.48 sys=0.00, real=0.46 secs] 
2016-06-26T20:53:32.257+0300: 292.128: Total time for which application threads were stopped: 0.4703520 seconds, Stopping threads took: 0.0076768 seconds
2016-06-26T20:53:33.101+0300: 292.971: [Full GC (Ergonomics) [PSYoungGen: 865279K->224005K(876032K)] [ParOldGen: 3493711K->3493730K(3495424K)] 4358990K->3717736K(4371456K), [Metaspace: 9468K->9468K(1058816K)], 0.4285800 secs] [Times: user=1.55 sys=0.00, real=0.43 secs] 
2016-06-26T20:53:33.529+0300: 293.400: Total time for which application threads were stopped: 0.4331765 seconds, Stopping threads took: 0.0040892 seconds
2016-06-26T20:53:34.456+0300: 294.326: [Full GC (Ergonomics) [PSYoungGen: 864416K->252005K(876032K)] [ParOldGen: 3493730K->3493739K(3495424K)] 4358147K->3745745K(4371456K), [Metaspace: 9468K->9468K(1058816K)], 0.4252148 secs] [Times: user=1.64 sys=0.00, real=0.42 secs] 
2016-06-26T20:53:34.881+0300: 294.751: Total time for which application threads were stopped: 0.4279959 seconds, Stopping threads took: 0.0023376 seconds
2016-06-26T20:53:35.803+0300: 295.674: [Full GC (Ergonomics) [PSYoungGen: 864204K->192004K(876032K)] [ParOldGen: 3493739K->3493748K(3495424K)] 4357944K->3685753K(4371456K), [Metaspace: 9468K->9468K(1058816K)], 0.4220006 secs] [Times: user=1.59 sys=0.00, real=0.42 secs] 
2016-06-26T20:53:36.225+0300: 296.096: Total time for which application threads were stopped: 0.4257763 seconds, Stopping threads took: 0.0032621 seconds
2016-06-26T20:53:37.238+0300: 297.109: [Full GC (Ergonomics) [PSYoungGen: 865191K->342008K(876032K)] [ParOldGen: 3493748K->3493755K(3495424K)] 4358940K->3835764K(4371456K), [Metaspace: 9468K->9468K(1058816K)], 0.4616642 secs] [Times: user=1.38 sys=0.00, real=0.46 secs] 
2016-06-26T20:53:37.700+0300: 297.570: Total time for which application threads were stopped: 0.4671506 seconds, Stopping threads took: 0.0049462 seconds
2016-06-26T20:53:38.455+0300: 298.326: [Full GC (Ergonomics) [PSYoungGen: 864094K->374009K(876032K)] [ParOldGen: 3493755K->3493764K(3495424K)] 4357850K->3867773K(4371456K), [Metaspace: 9468K->9468K(1058816K)], 0.4666490 secs] [Times: user=1.52 sys=0.00, real=0.47 secs] 
2016-06-26T20:53:38.922+0300: 298.793: Total time for which application threads were stopped: 0.4721306 seconds, Stopping threads took: 0.0048932 seconds
2016-06-26T20:53:39.671+0300: 299.542: [Full GC (Ergonomics) [PSYoungGen: 863842K->314008K(876032K)] [ParOldGen: 3493764K->3493773K(3495424K)] 4357606K->3807781K(4371456K), [Metaspace: 9468K->9468K(1058816K)], 0.4542650 secs] [Times: user=1.45 sys=0.00, real=0.45 secs] 
2016-06-26T20:53:40.126+0300: 299.996: Total time for which application threads were stopped: 0.4605729 seconds, Stopping threads took: 0.0057772 seconds
2016-06-26T20:53:40.943+0300: 300.814: [Full GC (Ergonomics) [PSYoungGen: 864653K->164004K(876032K)] [ParOldGen: 3493773K->3493782K(3495424K)] 4358426K->3657787K(4371456K), [Metaspace: 9468K->9468K(1058816K)], 0.4534409 secs] [Times: user=1.33 sys=0.00, real=0.45 secs] 
2016-06-26T20:53:41.397+0300: 301.267: Total time for which application threads were stopped: 0.4642473 seconds, Stopping threads took: 0.0102406 seconds
2016-06-26T20:53:42.483+0300: 302.353: [Full GC (Ergonomics) [PSYoungGen: 863312K->190003K(876032K)] [ParOldGen: 3493782K->3493793K(3495424K)] 4357095K->3683796K(4371456K), [Metaspace: 9468K->9468K(1058816K)], 0.4465364 secs] [Times: user=1.44 sys=0.00, real=0.45 secs] 
2016-06-26T20:53:42.929+0300: 302.800: Total time for which application threads were stopped: 0.4512286 seconds, Stopping threads took: 0.0041897 seconds
2016-06-26T20:53:43.917+0300: 303.788: [Full GC (Ergonomics) [PSYoungGen: 863407K->250006K(876032K)] [ParOldGen: 3493793K->3493800K(3495424K)] 4357200K->3743806K(4371456K), [Metaspace: 9468K->9468K(1058816K)], 0.4377353 secs] [Times: user=1.63 sys=0.00, real=0.44 secs] 
2016-06-26T20:53:44.355+0300: 304.226: Total time for which application threads were stopped: 0.4419583 seconds, Stopping threads took: 0.0037065 seconds
2016-06-26T20:53:45.269+0300: 305.139: [Full GC (Ergonomics) [PSYoungGen: 864220K->312007K(876032K)] [ParOldGen: 3493800K->3493808K(3495424K)] 4358021K->3805816K(4371456K), [Metaspace: 9468K->9468K(1058816K)], 0.4347400 secs] [Times: user=1.61 sys=0.00, real=0.43 secs] 
2016-06-26T20:53:45.704+0300: 305.574: Total time for which application threads were stopped: 0.4378567 seconds, Stopping threads took: 0.0026023 seconds
2016-06-26T20:53:46.533+0300: 306.404: [Full GC (Ergonomics) [PSYoungGen: 865236K->284008K(876032K)] [ParOldGen: 3493808K->3493816K(3495424K)] 4359045K->3777824K(4371456K), [Metaspace: 9471K->9471K(1058816K)], 0.4348435 secs] [Times: user=1.58 sys=0.00, real=0.43 secs] 
2016-06-26T20:53:46.968+0300: 306.839: Total time for which application threads were stopped: 0.4390375 seconds, Stopping threads took: 0.0036753 seconds
2016-06-26T20:53:47.819+0300: 307.689: [Full GC (Ergonomics) [PSYoungGen: 863487K->312008K(876032K)] [ParOldGen: 3493816K->3493826K(3495424K)] 4357304K->3805834K(4371456K), [Metaspace: 9471K->9471K(1058816K)], 0.4574600 secs] [Times: user=1.48 sys=0.00, real=0.46 secs] 
2016-06-26T20:53:48.276+0300: 308.146: Total time for which application threads were stopped: 0.4608846 seconds, Stopping threads took: 0.0028991 seconds
2016-06-26T20:53:49.114+0300: 308.984: [Full GC (Ergonomics) [PSYoungGen: 865158K->254006K(876032K)] [ParOldGen: 3493826K->3493835K(3495424K)] 4358984K->3747842K(4371456K), [Metaspace: 9471K->9471K(1058816K)], 0.4618751 secs] [Times: user=1.47 sys=0.00, real=0.46 secs] 
2016-06-26T20:53:49.575+0300: 309.446: Total time for which application threads were stopped: 0.4680598 seconds, Stopping threads took: 0.0056326 seconds
2016-06-26T20:53:50.490+0300: 310.360: [Full GC (Ergonomics) [PSYoungGen: 864016K->0K(876032K)] [ParOldGen: 3493835K->3475845K(3495424K)] 4357852K->3475845K(4371456K), [Metaspace: 9471K->9471K(1058816K)], 0.4209113 secs] [Times: user=1.39 sys=0.00, real=0.42 secs] 
2016-06-26T20:53:50.911+0300: 310.781: Total time for which application threads were stopped: 0.4264148 seconds, Stopping threads took: 0.0049531 seconds
2016-06-26T20:53:52.210+0300: 312.080: [Full GC (Ergonomics) [PSYoungGen: 865218K->204001K(876032K)] [ParOldGen: 3475845K->3493856K(3495424K)] 4341064K->3697858K(4371456K), [Metaspace: 9471K->9471K(1058816K)], 0.4597565 secs] [Times: user=1.33 sys=0.00, real=0.46 secs] 
2016-06-26T20:53:52.670+0300: 312.540: Total time for which application threads were stopped: 0.4628672 seconds, Stopping threads took: 0.0025595 seconds
2016-06-26T20:53:53.683+0300: 313.553: [Full GC (Ergonomics) [PSYoungGen: 864582K->250006K(876032K)] [ParOldGen: 3493856K->3493861K(3495424K)] 4358439K->3743868K(4371456K), [Metaspace: 9471K->9471K(1058816K)], 0.4436788 secs] [Times: user=1.58 sys=0.00, real=0.44 secs] 
2016-06-26T20:53:54.127+0300: 313.997: Total time for which application threads were stopped: 0.4527357 seconds, Stopping threads took: 0.0084620 seconds
2016-06-26T20:53:55.026+0300: 314.896: [Full GC (Ergonomics) [PSYoungGen: 864835K->342008K(876032K)] [ParOldGen: 3493861K->3493869K(3495424K)] 4358696K->3835878K(4371456K), [Metaspace: 9471K->9471K(1058816K)], 0.4396644 secs] [Times: user=1.70 sys=0.00, real=0.44 secs] 
2016-06-26T20:53:55.465+0300: 315.336: Total time for which application threads were stopped: 0.4459650 seconds, Stopping threads took: 0.0057768 seconds
2016-06-26T20:53:56.253+0300: 316.123: [Full GC (Ergonomics) [PSYoungGen: 864744K->284007K(876032K)] [ParOldGen: 3493869K->3493879K(3495424K)] 4358614K->3777886K(4371456K), [Metaspace: 9471K->9471K(1058816K)], 0.4297522 secs] [Times: user=1.63 sys=0.00, real=0.43 secs] 
2016-06-26T20:53:56.683+0300: 316.553: Total time for which application threads were stopped: 0.4328583 seconds, Stopping threads took: 0.0025984 seconds
2016-06-26T20:53:57.550+0300: 317.420: [Full GC (Ergonomics) [PSYoungGen: 863934K->132003K(876032K)] [ParOldGen: 3493879K->3493888K(3495424K)] 4357813K->3625892K(4371456K), [Metaspace: 9471K->9471K(1058816K)], 0.4148968 secs] [Times: user=1.59 sys=0.00, real=0.41 secs] 
2016-06-26T20:53:57.965+0300: 317.835: Total time for which application threads were stopped: 0.4180525 seconds, Stopping threads took: 0.0026382 seconds
2016-06-26T20:53:59.063+0300: 318.933: [Full GC (Ergonomics) [PSYoungGen: 863446K->160002K(876032K)] [ParOldGen: 3493888K->3493898K(3495424K)] 4357335K->3653901K(4371456K), [Metaspace: 9471K->9471K(1058816K)], 0.4487940 secs] [Times: user=1.44 sys=0.00, real=0.45 secs] 
2016-06-26T20:53:59.512+0300: 319.382: Total time for which application threads were stopped: 0.4556600 seconds, Stopping threads took: 0.0063430 seconds
2016-06-26T20:54:00.575+0300: 320.445: [Full GC (Ergonomics) [PSYoungGen: 863778K->100002K(876032K)] [ParOldGen: 3493898K->3493907K(3495424K)] 4357677K->3593909K(4371456K), [Metaspace: 9471K->9471K(1058816K)], 0.4466005 secs] [Times: user=1.33 sys=0.00, real=0.45 secs] 
2016-06-26T20:54:01.022+0300: 320.892: Total time for which application threads were stopped: 0.4522618 seconds, Stopping threads took: 0.0051028 seconds
2016-06-26T20:54:02.162+0300: 322.032: [Full GC (Ergonomics) [PSYoungGen: 863836K->280005K(876032K)] [ParOldGen: 3493907K->3493915K(3495424K)] 4357744K->3773921K(4371456K), [Metaspace: 9471K->9471K(1058816K)], 0.4640505 secs] [Times: user=1.33 sys=0.00, real=0.46 secs] 
2016-06-26T20:54:02.626+0300: 322.497: Total time for which application threads were stopped: 0.4682125 seconds, Stopping threads took: 0.0036209 seconds
2016-06-26T20:54:03.484+0300: 323.355: [Full GC (Ergonomics) [PSYoungGen: 863820K->372009K(876032K)] [ParOldGen: 3493915K->3493922K(3495424K)] 4357736K->3865931K(4371456K), [Metaspace: 9471K->9471K(1058816K)], 0.4705907 secs] [Times: user=1.47 sys=0.00, real=0.47 secs] 
2016-06-26T20:54:03.955+0300: 323.825: Total time for which application threads were stopped: 0.4745939 seconds, Stopping threads took: 0.0034597 seconds
2016-06-26T20:54:04.695+0300: 324.566: [Full GC (Ergonomics) [PSYoungGen: 864462K->224006K(876032K)] [ParOldGen: 3493922K->3493932K(3495424K)] 4358384K->3717938K(4371456K), [Metaspace: 9471K->9471K(1058816K)], 0.4499743 secs] [Times: user=1.47 sys=0.00, real=0.45 secs] 
2016-06-26T20:54:05.145+0300: 325.016: Total time for which application threads were stopped: 0.4555415 seconds, Stopping threads took: 0.0050570 seconds
2016-06-26T20:54:05.412+0300: 325.282: Total time for which application threads were stopped: 0.0016507 seconds, Stopping threads took: 0.0013155 seconds
2016-06-26T20:54:06.135+0300: 326.005: [Full GC (Ergonomics) [PSYoungGen: 863967K->100002K(876032K)] [ParOldGen: 3493932K->3493945K(3495424K)] 4357899K->3593948K(4371456K), [Metaspace: 9472K->9472K(1058816K)], 0.4205059 secs] [Times: user=1.52 sys=0.02, real=0.42 secs] 
2016-06-26T20:54:06.555+0300: 326.426: Total time for which application threads were stopped: 0.4260646 seconds, Stopping threads took: 0.0050399 seconds
2016-06-26T20:54:07.655+0300: 327.526: [Full GC (Ergonomics) [PSYoungGen: 863510K->250004K(876032K)] [ParOldGen: 3493945K->3493952K(3495424K)] 4357456K->3743957K(4371456K), [Metaspace: 9473K->9473K(1058816K)], 0.4374603 secs] [Times: user=1.63 sys=0.00, real=0.44 secs] 
2016-06-26T20:54:08.093+0300: 327.963: Total time for which application threads were stopped: 0.4416628 seconds, Stopping threads took: 0.0036676 seconds
2016-06-26T20:54:08.093+0300: 327.964: Total time for which application threads were stopped: 0.0003682 seconds, Stopping threads took: 0.0001249 seconds
2016-06-26T20:54:09.004+0300: 328.874: [Full GC (Ergonomics) [PSYoungGen: 864818K->372009K(876032K)] [ParOldGen: 3493952K->3493951K(3495424K)] 4358770K->3865960K(4371456K), [Metaspace: 9473K->9473K(1058816K)], 0.4380804 secs] [Times: user=1.63 sys=0.00, real=0.44 secs] 
2016-06-26T20:54:09.442+0300: 329.312: Total time for which application threads were stopped: 0.4413310 seconds, Stopping threads took: 0.0027289 seconds
2016-06-26T20:54:10.169+0300: 330.039: [Full GC (Ergonomics) [PSYoungGen: 864377K->284007K(876032K)] [ParOldGen: 3493951K->3493951K(3495424K)] 4358328K->3777959K(4371456K), [Metaspace: 9473K->9473K(1058816K)], 0.4541653 secs] [Times: user=1.53 sys=0.00, real=0.45 secs] 
2016-06-26T20:54:10.623+0300: 330.493: Total time for which application threads were stopped: 0.4576015 seconds, Stopping threads took: 0.0028879 seconds
2016-06-26T20:54:11.465+0300: 331.335: [Full GC (Ergonomics) [PSYoungGen: 863689K->222005K(876032K)] [ParOldGen: 3493951K->3493975K(3495424K)] 4357640K->3715981K(4371456K), [Metaspace: 9473K->9473K(1058816K)], 0.4497703 secs] [Times: user=1.45 sys=0.00, real=0.45 secs] 
2016-06-26T20:54:11.915+0300: 331.785: Total time for which application threads were stopped: 0.4550296 seconds, Stopping threads took: 0.0047273 seconds
2016-06-26T20:54:12.047+0300: 331.917: Total time for which application threads were stopped: 0.0034974 seconds, Stopping threads took: 0.0031578 seconds
2016-06-26T20:54:12.048+0300: 331.918: Total time for which application threads were stopped: 0.0003661 seconds, Stopping threads took: 0.0000440 seconds
2016-06-26T20:54:12.048+0300: 331.919: Total time for which application threads were stopped: 0.0003212 seconds, Stopping threads took: 0.0000385 seconds
2016-06-26T20:54:12.049+0300: 331.920: Total time for which application threads were stopped: 0.0004691 seconds, Stopping threads took: 0.0000547 seconds
2016-06-26T20:54:12.052+0300: 331.923: Total time for which application threads were stopped: 0.0004204 seconds, Stopping threads took: 0.0000706 seconds
2016-06-26T20:54:12.892+0300: 332.762: [Full GC (Ergonomics) [PSYoungGen: 863403K->250006K(876032K)] [ParOldGen: 3493975K->3494006K(3495424K)] 4357379K->3744012K(4371456K), [Metaspace: 9524K->9524K(1058816K)], 0.4633599 secs] [Times: user=1.39 sys=0.00, real=0.46 secs] 
2016-06-26T20:54:13.355+0300: 333.226: Total time for which application threads were stopped: 0.4787849 seconds, Stopping threads took: 0.0148828 seconds
2016-06-26T20:54:13.512+0300: 333.383: Total time for which application threads were stopped: 0.0019172 seconds, Stopping threads took: 0.0015819 seconds
2016-06-26T20:54:14.273+0300: 334.144: [Full GC (Ergonomics) [PSYoungGen: 864330K->164004K(876032K)] [ParOldGen: 3494006K->3494009K(3495424K)] 4358336K->3658013K(4371456K), [Metaspace: 9527K->9527K(1058816K)], 0.4537945 secs] [Times: user=1.33 sys=0.00, real=0.45 secs] 
2016-06-26T20:54:14.727+0300: 334.598: Total time for which application threads were stopped: 0.4709430 seconds, Stopping threads took: 0.0165301 seconds
2016-06-26T20:54:14.968+0300: 334.839: Total time for which application threads were stopped: 0.0036261 seconds, Stopping threads took: 0.0032887 seconds
2016-06-26T20:54:15.761+0300: 335.631: [Full GC (Ergonomics) [PSYoungGen: 863817K->160003K(876032K)] [ParOldGen: 3494009K->3494017K(3495424K)] 4357826K->3654020K(4371456K), [Metaspace: 9527K->9527K(1058816K)], 0.4500047 secs] [Times: user=1.39 sys=0.01, real=0.45 secs] 
2016-06-26T20:54:16.210+0300: 336.081: Total time for which application threads were stopped: 0.4586168 seconds, Stopping threads took: 0.0080728 seconds
2016-06-26T20:54:17.244+0300: 337.114: [Full GC (Ergonomics) [PSYoungGen: 863841K->250005K(876032K)] [ParOldGen: 3494017K->3494026K(3495424K)] 4357858K->3744032K(4371456K), [Metaspace: 9527K->9527K(1058816K)], 0.4429753 secs] [Times: user=1.70 sys=0.00, real=0.44 secs] 
2016-06-26T20:54:17.687+0300: 337.557: Total time for which application threads were stopped: 0.4490219 seconds, Stopping threads took: 0.0054697 seconds
2016-06-26T20:54:17.697+0300: 337.567: Total time for which application threads were stopped: 0.0004858 seconds, Stopping threads took: 0.0001343 seconds
2016-06-26T20:54:18.595+0300: 338.465: [Full GC (Ergonomics) [PSYoungGen: 864720K->402010K(876032K)] [ParOldGen: 3494026K->3494032K(3495424K)] 4358747K->3896042K(4371456K), [Metaspace: 9527K->9527K(1058816K)], 0.4460501 secs] [Times: user=1.61 sys=0.02, real=0.45 secs] 
2016-06-26T20:54:19.041+0300: 338.911: Total time for which application threads were stopped: 0.4504362 seconds, Stopping threads took: 0.0038771 seconds
2016-06-26T20:54:19.744+0300: 339.614: [Full GC (Ergonomics) [PSYoungGen: 863844K->344008K(876032K)] [ParOldGen: 3494032K->3494043K(3495424K)] 4357877K->3838051K(4371456K), [Metaspace: 9528K->9528K(1058816K)], 0.4485793 secs] [Times: user=1.69 sys=0.00, real=0.45 secs] 
2016-06-26T20:54:20.193+0300: 340.063: Total time for which application threads were stopped: 0.4529405 seconds, Stopping threads took: 0.0038322 seconds
2016-06-26T20:54:20.193+0300: 340.064: Total time for which application threads were stopped: 0.0004533 seconds, Stopping threads took: 0.0001976 seconds
2016-06-26T20:54:20.935+0300: 340.806: [Full GC (Ergonomics) [PSYoungGen: 864006K->194005K(876032K)] [ParOldGen: 3494043K->3494050K(3495424K)] 4358049K->3688056K(4371456K), [Metaspace: 9528K->9528K(1058816K)], 0.4525312 secs] [Times: user=1.44 sys=0.02, real=0.45 secs] 
2016-06-26T20:54:21.388+0300: 341.258: Total time for which application threads were stopped: 0.4558776 seconds, Stopping threads took: 0.0027904 seconds
2016-06-26T20:54:22.365+0300: 342.235: [Full GC (Ergonomics) [PSYoungGen: 863341K->220005K(876032K)] [ParOldGen: 3494050K->3494061K(3495424K)] 4357392K->3714067K(4371456K), [Metaspace: 9533K->9533K(1058816K)], 0.4636443 secs] [Times: user=1.45 sys=0.00, real=0.46 secs] 
2016-06-26T20:54:22.829+0300: 342.699: Total time for which application threads were stopped: 0.4707100 seconds, Stopping threads took: 0.0064944 seconds
2016-06-26T20:54:22.829+0300: 342.700: Total time for which application threads were stopped: 0.0005119 seconds, Stopping threads took: 0.0001646 seconds
2016-06-26T20:54:23.802+0300: 343.673: [Full GC (Ergonomics) [PSYoungGen: 865143K->162003K(876032K)] [ParOldGen: 3494061K->3494061K(3495424K)] 4359205K->3656064K(4371456K), [Metaspace: 9533K->9533K(1058816K)], 0.4495094 secs] [Times: user=1.39 sys=0.03, real=0.45 secs] 
2016-06-26T20:54:24.252+0300: 344.122: Total time for which application threads were stopped: 0.4569908 seconds, Stopping threads took: 0.0069233 seconds
2016-06-26T20:54:25.262+0300: 345.133: Total time for which application threads were stopped: 0.0101611 seconds, Stopping threads took: 0.0097715 seconds
2016-06-26T20:54:25.326+0300: 345.197: [Full GC (Ergonomics) [PSYoungGen: 865247K->282006K(876032K)] [ParOldGen: 3494061K->3494078K(3495424K)] 4359308K->3776084K(4371456K), [Metaspace: 9536K->9536K(1058816K)], 0.4684785 secs] [Times: user=1.49 sys=0.02, real=0.47 secs] 
2016-06-26T20:54:25.795+0300: 345.665: Total time for which application threads were stopped: 0.4735073 seconds, Stopping threads took: 0.0044750 seconds
2016-06-26T20:54:25.796+0300: 345.666: Total time for which application threads were stopped: 0.0007715 seconds, Stopping threads took: 0.0004375 seconds
2016-06-26T20:54:26.638+0300: 346.509: [Full GC (Ergonomics) [PSYoungGen: 865272K->344008K(876032K)] [ParOldGen: 3494078K->3494076K(3495424K)] 4359350K->3838085K(4371456K), [Metaspace: 9536K->9536K(1058816K)], 0.4624669 secs] [Times: user=1.45 sys=0.00, real=0.46 secs] 
2016-06-26T20:54:27.101+0300: 346.971: Total time for which application threads were stopped: 0.4690023 seconds, Stopping threads took: 0.0059778 seconds
2016-06-26T20:54:27.879+0300: 347.749: [Full GC (Ergonomics) [PSYoungGen: 864466K->284006K(876032K)] [ParOldGen: 3494076K->3494056K(3495424K)] 4358542K->3778063K(4371456K), [Metaspace: 9536K->9536K(1058816K)], 0.4392239 secs] [Times: user=1.56 sys=0.00, real=0.44 secs] 
2016-06-26T20:54:28.318+0300: 348.188: Total time for which application threads were stopped: 0.4431194 seconds, Stopping threads took: 0.0033776 seconds
2016-06-26T20:54:29.189+0300: 349.060: [Full GC (Ergonomics) [PSYoungGen: 863998K->192005K(876032K)] [ParOldGen: 3494056K->3494085K(3495424K)] 4358055K->3686090K(4371456K), [Metaspace: 9537K->9537K(1058816K)], 0.4517461 secs] [Times: user=1.44 sys=0.00, real=0.45 secs] 
2016-06-26T20:54:29.641+0300: 349.511: Total time for which application threads were stopped: 0.4570417 seconds, Stopping threads took: 0.0047598 seconds
2016-06-26T20:54:29.779+0300: 349.649: Total time for which application threads were stopped: 0.0012398 seconds, Stopping threads took: 0.0008985 seconds
2016-06-26T20:54:30.641+0300: 350.512: [Full GC (Ergonomics) [PSYoungGen: 865127K->102002K(876032K)] [ParOldGen: 3494085K->3494093K(3495424K)] 4359213K->3596095K(4371456K), [Metaspace: 9537K->9537K(1058816K)], 0.4293109 secs] [Times: user=1.31 sys=0.01, real=0.43 secs] 
2016-06-26T20:54:31.071+0300: 350.941: Total time for which application threads were stopped: 0.4404902 seconds, Stopping threads took: 0.0106362 seconds
2016-06-26T20:54:32.076+0300: 351.946: Total time for which application threads were stopped: 0.0048517 seconds, Stopping threads took: 0.0044981 seconds
2016-06-26T20:54:32.198+0300: 352.068: [Full GC (Ergonomics) [PSYoungGen: 865266K->72000K(876032K)] [ParOldGen: 3494093K->3494105K(3495424K)] 4359359K->3566106K(4371456K), [Metaspace: 9538K->9538K(1058816K)], 0.4859849 secs] [Times: user=1.33 sys=0.00, real=0.49 secs] 
2016-06-26T20:54:32.684+0300: 352.554: Total time for which application threads were stopped: 0.4938880 seconds, Stopping threads took: 0.0073450 seconds
2016-06-26T20:54:32.685+0300: 352.555: Total time for which application threads were stopped: 0.0004948 seconds, Stopping threads took: 0.0001356 seconds
2016-06-26T20:54:33.883+0300: 353.754: [Full GC (Ergonomics) [PSYoungGen: 863857K->310014K(876032K)] [ParOldGen: 3494105K->3494102K(3495424K)] 4357963K->3804117K(4371456K), [Metaspace: 9538K->9538K(1058816K)], 0.4653485 secs] [Times: user=1.42 sys=0.01, real=0.47 secs] 
2016-06-26T20:54:34.349+0300: 354.220: Total time for which application threads were stopped: 0.4727490 seconds, Stopping threads took: 0.0068767 seconds
2016-06-26T20:54:35.148+0300: 355.019: [Full GC (Ergonomics) [PSYoungGen: 865280K->434011K(876032K)] [ParOldGen: 3494102K->3494118K(3495424K)] 4359382K->3928129K(4371456K), [Metaspace: 9541K->9541K(1058816K)], 0.4870874 secs] [Times: user=1.45 sys=0.00, real=0.49 secs] 
2016-06-26T20:54:35.636+0300: 355.506: Total time for which application threads were stopped: 0.4952736 seconds, Stopping threads took: 0.0076302 seconds
2016-06-26T20:54:35.636+0300: 355.507: Total time for which application threads were stopped: 0.0004734 seconds, Stopping threads took: 0.0001411 seconds
2016-06-26T20:54:36.278+0300: 356.149: [Full GC (Ergonomics) [PSYoungGen: 863428K->254006K(876032K)] [ParOldGen: 3494118K->3494127K(3495424K)] 4357547K->3748133K(4371456K), [Metaspace: 9541K->9541K(1058816K)], 0.4688022 secs] [Times: user=1.34 sys=0.02, real=0.47 secs] 
2016-06-26T20:54:36.747+0300: 356.618: Total time for which application threads were stopped: 0.4763665 seconds, Stopping threads took: 0.0070452 seconds
2016-06-26T20:54:37.664+0300: 357.535: [Full GC (Ergonomics) [PSYoungGen: 864962K->252006K(876032K)] [ParOldGen: 3494127K->3494137K(3495424K)] 4359089K->3746144K(4371456K), [Metaspace: 9542K->9542K(1058816K)], 0.4631495 secs] [Times: user=1.44 sys=0.00, real=0.46 secs] 
2016-06-26T20:54:38.127+0300: 357.998: Total time for which application threads were stopped: 0.4720575 seconds, Stopping threads took: 0.0083722 seconds
2016-06-26T20:54:38.128+0300: 357.998: Total time for which application threads were stopped: 0.0004798 seconds, Stopping threads took: 0.0001360 seconds
2016-06-26T20:54:39.033+0300: 358.903: [Full GC (Ergonomics) [PSYoungGen: 864620K->252006K(876032K)] [ParOldGen: 3494137K->3494145K(3495424K)] 4358757K->3746151K(4371456K), [Metaspace: 9542K->9542K(1058816K)], 0.4338517 secs] [Times: user=1.58 sys=0.06, real=0.43 secs] 
2016-06-26T20:54:39.467+0300: 359.337: Total time for which application threads were stopped: 0.4396101 seconds, Stopping threads took: 0.0052204 seconds
2016-06-26T20:54:40.370+0300: 360.240: [Full GC (Ergonomics) [PSYoungGen: 864557K->12000K(876032K)] [ParOldGen: 3494145K->3494157K(3495424K)] 4358702K->3506157K(4371456K), [Metaspace: 9547K->9547K(1058816K)], 0.4146047 secs] [Times: user=1.55 sys=0.00, real=0.41 secs] 
2016-06-26T20:54:40.784+0300: 360.654: Total time for which application threads were stopped: 0.4192811 seconds, Stopping threads took: 0.0041730 seconds
2016-06-26T20:54:40.784+0300: 360.655: Total time for which application threads were stopped: 0.0003451 seconds, Stopping threads took: 0.0001159 seconds
2016-06-26T20:54:42.050+0300: 361.920: [Full GC (Ergonomics) [PSYoungGen: 863307K->310005K(876032K)] [ParOldGen: 3494157K->3494164K(3495424K)] 4357464K->3804170K(4371456K), [Metaspace: 9548K->9548K(1058816K)], 0.4324832 secs] [Times: user=1.61 sys=0.03, real=0.43 secs] 
2016-06-26T20:54:42.482+0300: 362.353: Total time for which application threads were stopped: 0.4354811 seconds, Stopping threads took: 0.0024744 seconds
2016-06-26T20:54:43.300+0300: 363.170: [Full GC (Ergonomics) [PSYoungGen: 863851K->372009K(876032K)] [ParOldGen: 3494164K->3494171K(3495424K)] 4358016K->3866181K(4371456K), [Metaspace: 9549K->9549K(1058816K)], 0.4790095 secs] [Times: user=1.52 sys=0.00, real=0.48 secs] 
2016-06-26T20:54:43.779+0300: 363.649: Total time for which application threads were stopped: 0.4836876 seconds, Stopping threads took: 0.0041559 seconds
2016-06-26T20:54:43.962+0300: 363.832: Total time for which application threads were stopped: 0.0029833 seconds, Stopping threads took: 0.0026502 seconds
2016-06-26T20:54:44.507+0300: 364.377: [Full GC (Ergonomics) [PSYoungGen: 864560K->404019K(876032K)] [ParOldGen: 3494171K->3494169K(3495424K)] 4358732K->3898189K(4371456K), [Metaspace: 9549K->9549K(1058816K)], 0.4715328 secs] [Times: user=1.45 sys=0.03, real=0.47 secs] 
2016-06-26T20:54:44.978+0300: 364.849: Total time for which application threads were stopped: 0.4784903 seconds, Stopping threads took: 0.0064422 seconds
2016-06-26T20:54:45.656+0300: 365.526: [Full GC (Ergonomics) [PSYoungGen: 863463K->314019K(876032K)] [ParOldGen: 3494169K->3494179K(3495424K)] 4357632K->3808198K(4371456K), [Metaspace: 9549K->9549K(1058816K)], 0.4715097 secs] [Times: user=1.36 sys=0.00, real=0.47 secs] 
2016-06-26T20:54:46.127+0300: 365.998: Total time for which application threads were stopped: 0.4786498 seconds, Stopping threads took: 0.0066013 seconds
2016-06-26T20:54:46.129+0300: 366.000: Total time for which application threads were stopped: 0.0009746 seconds, Stopping threads took: 0.0006214 seconds
2016-06-26T20:54:46.945+0300: 366.815: [Full GC (Ergonomics) [PSYoungGen: 863527K->132003K(876032K)] [ParOldGen: 3494179K->3494198K(3495424K)] 4357706K->3626202K(4371456K), [Metaspace: 9549K->9549K(1058816K)], 0.4473130 secs] [Times: user=1.36 sys=0.05, real=0.45 secs] 
2016-06-26T20:54:47.392+0300: 367.263: Total time for which application threads were stopped: 0.4561449 seconds, Stopping threads took: 0.0083286 seconds
2016-06-26T20:54:48.484+0300: 368.354: [Full GC (Ergonomics) [PSYoungGen: 863564K->190003K(876032K)] [ParOldGen: 3494198K->3494210K(3495424K)] 4357763K->3684213K(4371456K), [Metaspace: 9551K->9551K(1058816K)], 0.4550933 secs] [Times: user=1.39 sys=0.00, real=0.45 secs] 
2016-06-26T20:54:48.939+0300: 368.809: Total time for which application threads were stopped: 0.4616942 seconds, Stopping threads took: 0.0060787 seconds
2016-06-26T20:54:48.939+0300: 368.810: Total time for which application threads were stopped: 0.0003990 seconds, Stopping threads took: 0.0001672 seconds
2016-06-26T20:54:49.935+0300: 369.805: [Full GC (Ergonomics) [PSYoungGen: 863839K->130011K(876032K)] [ParOldGen: 3494210K->3494208K(3495424K)] 4358049K->3624219K(4371456K), [Metaspace: 9551K->9551K(1058816K)], 0.4207168 secs] [Times: user=1.58 sys=0.03, real=0.42 secs] 
2016-06-26T20:54:50.356+0300: 370.226: Total time for which application threads were stopped: 0.4242158 seconds, Stopping threads took: 0.0030115 seconds
2016-06-26T20:54:51.359+0300: 371.230: Total time for which application threads were stopped: 0.0037441 seconds, Stopping threads took: 0.0033969 seconds
2016-06-26T20:54:51.444+0300: 371.314: [Full GC (Ergonomics) [PSYoungGen: 863681K->460010K(876032K)] [ParOldGen: 3494208K->3494225K(3495424K)] 4357889K->3954235K(4371456K), [Metaspace: 9552K->9552K(1058816K)], 0.4565093 secs] [Times: user=1.73 sys=0.00, real=0.46 secs] 
2016-06-26T20:54:51.900+0300: 371.771: Total time for which application threads were stopped: 0.4587151 seconds, Stopping threads took: 0.0016828 seconds
2016-06-26T20:54:51.901+0300: 371.771: Total time for which application threads were stopped: 0.0003515 seconds, Stopping threads took: 0.0001279 seconds
2016-06-26T20:54:52.485+0300: 372.356: [Full GC (Ergonomics) [PSYoungGen: 864200K->316008K(876032K)] [ParOldGen: 3494225K->3494224K(3495424K)] 4358426K->3810232K(4371456K), [Metaspace: 9552K->9552K(1058816K)], 0.4307363 secs] [Times: user=1.64 sys=0.00, real=0.43 secs] 
2016-06-26T20:54:52.916+0300: 372.786: Total time for which application threads were stopped: 0.4334010 seconds, Stopping threads took: 0.0022088 seconds
2016-06-26T20:54:53.727+0300: 373.597: [Full GC (Ergonomics) [PSYoungGen: 865267K->284007K(876032K)] [ParOldGen: 3494224K->3494224K(3495424K)] 4359491K->3778232K(4371456K), [Metaspace: 9552K->9552K(1058816K)], 0.4484604 secs] [Times: user=1.50 sys=0.00, real=0.45 secs] 
2016-06-26T20:54:54.175+0300: 374.046: Total time for which application threads were stopped: 0.4509673 seconds, Stopping threads took: 0.0020044 seconds
2016-06-26T20:54:55.094+0300: 374.964: [Full GC (Ergonomics) [PSYoungGen: 863773K->222005K(876032K)] [ParOldGen: 3494224K->3494250K(3495424K)] 4357997K->3716256K(4371456K), [Metaspace: 9552K->9552K(1058816K)], 0.4552199 secs] [Times: user=1.41 sys=0.03, real=0.45 secs] 
2016-06-26T20:54:55.549+0300: 375.419: Total time for which application threads were stopped: 0.4615308 seconds, Stopping threads took: 0.0057648 seconds
2016-06-26T20:54:56.510+0300: 376.380: [Full GC (Ergonomics) [PSYoungGen: 865252K->102002K(876032K)] [ParOldGen: 3494250K->3494262K(3495424K)] 4359503K->3596264K(4371456K), [Metaspace: 9554K->9554K(1058816K)], 0.4484514 secs] [Times: user=1.41 sys=0.00, real=0.45 secs] 
2016-06-26T20:54:56.958+0300: 376.829: Total time for which application threads were stopped: 0.4550839 seconds, Stopping threads took: 0.0060821 seconds
2016-06-26T20:54:56.959+0300: 376.829: Total time for which application threads were stopped: 0.0005384 seconds, Stopping threads took: 0.0001954 seconds
2016-06-26T20:54:58.079+0300: 377.950: [Full GC (Ergonomics) [PSYoungGen: 863329K->190003K(876032K)] [ParOldGen: 3494262K->3494270K(3495424K)] 4357592K->3684273K(4371456K), [Metaspace: 9554K->9554K(1058816K)], 0.4626115 secs] [Times: user=1.25 sys=0.00, real=0.46 secs] 
2016-06-26T20:54:58.542+0300: 378.413: Total time for which application threads were stopped: 0.4727593 seconds, Stopping threads took: 0.0095957 seconds
2016-06-26T20:54:59.545+0300: 379.415: [Full GC (Ergonomics) [PSYoungGen: 863962K->490011K(876032K)] [ParOldGen: 3494270K->3494277K(3495424K)] 4358232K->3984289K(4371456K), [Metaspace: 9557K->9557K(1058816K)], 0.4838026 secs] [Times: user=1.55 sys=0.00, real=0.48 secs] 
2016-06-26T20:55:00.029+0300: 379.899: Total time for which application threads were stopped: 0.4910317 seconds, Stopping threads took: 0.0065876 seconds
2016-06-26T20:55:00.030+0300: 379.900: Total time for which application threads were stopped: 0.0005264 seconds, Stopping threads took: 0.0001877 seconds
2016-06-26T20:55:00.592+0300: 380.462: [Full GC (Ergonomics) [PSYoungGen: 863774K->406019K(876032K)] [ParOldGen: 3494277K->3494275K(3495424K)] 4358051K->3900294K(4371456K), [Metaspace: 9557K->9557K(1058816K)], 0.4531184 secs] [Times: user=1.69 sys=0.01, real=0.45 secs] 
2016-06-26T20:55:01.044+0300: 380.915: Total time for which application threads were stopped: 0.4587883 seconds, Stopping threads took: 0.0051579 seconds
2016-06-26T20:55:01.458+0300: 381.329: Total time for which application threads were stopped: 0.0031984 seconds, Stopping threads took: 0.0017243 seconds
2016-06-26T20:55:01.720+0300: 381.591: [Full GC (Ergonomics) [PSYoungGen: 863522K->254008K(876032K)] [ParOldGen: 3494275K->3494285K(3495424K)] 4357798K->3748293K(4371456K), [Metaspace: 9567K->9567K(1058816K)], 0.4364040 secs] [Times: user=1.61 sys=0.00, real=0.44 secs] 
2016-06-26T20:55:02.157+0300: 382.027: Total time for which application threads were stopped: 0.4422889 seconds, Stopping threads took: 0.0053636 seconds
2016-06-26T20:55:02.487+0300: 382.357: Total time for which application threads were stopped: 0.0027558 seconds, Stopping threads took: 0.0024316 seconds
2016-06-26T20:55:03.064+0300: 382.935: [Full GC (Ergonomics) [PSYoungGen: 864178K->102002K(876032K)] [ParOldGen: 3494285K->3494304K(3495424K)] 4358464K->3596307K(4371456K), [Metaspace: 9568K->9568K(1058816K)], 0.4142057 secs] [Times: user=1.47 sys=0.03, real=0.42 secs] 
2016-06-26T20:55:03.479+0300: 383.349: Total time for which application threads were stopped: 0.4204538 seconds, Stopping threads took: 0.0057639 seconds
2016-06-26T20:55:04.481+0300: 384.351: Total time for which application threads were stopped: 0.0025634 seconds, Stopping threads took: 0.0022345 seconds
2016-06-26T20:55:04.611+0300: 384.482: [Full GC (Ergonomics) [PSYoungGen: 863336K->160002K(876032K)] [ParOldGen: 3494304K->3494315K(3495424K)] 4357640K->3654318K(4371456K), [Metaspace: 9584K->9584K(1058816K)], 0.4431746 secs] [Times: user=1.38 sys=0.00, real=0.44 secs] 
2016-06-26T20:55:05.055+0300: 384.925: Total time for which application threads were stopped: 0.4460950 seconds, Stopping threads took: 0.0023859 seconds
2016-06-26T20:55:05.896+0300: 385.766: Total time for which application threads were stopped: 0.0083957 seconds, Stopping threads took: 0.0080476 seconds
2016-06-26T20:55:06.085+0300: 385.956: [Full GC (Ergonomics) [PSYoungGen: 863902K->220014K(876032K)] [ParOldGen: 3494315K->3494312K(3495424K)] 4358217K->3714326K(4371456K), [Metaspace: 9584K->9584K(1058816K)], 0.4537449 secs] [Times: user=1.36 sys=0.03, real=0.45 secs] 
2016-06-26T20:55:06.539+0300: 386.410: Total time for which application threads were stopped: 0.4560273 seconds, Stopping threads took: 0.0017902 seconds
2016-06-26T20:55:07.490+0300: 387.360: [Full GC (Ergonomics) [PSYoungGen: 865254K->252017K(876032K)] [ParOldGen: 3494312K->3494320K(3495424K)] 4359566K->3746337K(4371456K), [Metaspace: 9585K->9585K(1058816K)], 0.4686016 secs] [Times: user=1.31 sys=0.00, real=0.47 secs] 
2016-06-26T20:55:07.958+0300: 387.829: Total time for which application threads were stopped: 0.4753445 seconds, Stopping threads took: 0.0061723 seconds
2016-06-26T20:55:07.960+0300: 387.830: Total time for which application threads were stopped: 0.0014493 seconds, Stopping threads took: 0.0001330 seconds
2016-06-26T20:55:08.868+0300: 388.739: [Full GC (Ergonomics) [PSYoungGen: 864610K->192004K(876032K)] [ParOldGen: 3494320K->3494338K(3495424K)] 4358931K->3686343K(4371456K), [Metaspace: 9585K->9585K(1058816K)], 0.4559431 secs] [Times: user=1.41 sys=0.03, real=0.46 secs] 
2016-06-26T20:55:09.324+0300: 389.195: Total time for which application threads were stopped: 0.4655717 seconds, Stopping threads took: 0.0090787 seconds
2016-06-26T20:55:10.330+0300: 390.201: [Full GC (Ergonomics) [PSYoungGen: 863543K->310008K(876032K)] [ParOldGen: 3494338K->3494348K(3495424K)] 4357882K->3804356K(4371456K), [Metaspace: 9585K->9585K(1058816K)], 0.4651765 secs] [Times: user=1.44 sys=0.00, real=0.47 secs] 
2016-06-26T20:55:10.796+0300: 390.666: Total time for which application threads were stopped: 0.4738566 seconds, Stopping threads took: 0.0081686 seconds
2016-06-26T20:55:10.796+0300: 390.667: Total time for which application threads were stopped: 0.0003922 seconds, Stopping threads took: 0.0001279 seconds
2016-06-26T20:55:11.602+0300: 391.472: [Full GC (Ergonomics) [PSYoungGen: 865132K->74001K(876032K)] [ParOldGen: 3494348K->3494350K(3495424K)] 4359481K->3568352K(4371456K), [Metaspace: 9585K->9585K(1058816K)], 0.4134484 secs] [Times: user=1.59 sys=0.00, real=0.41 secs] 
2016-06-26T20:55:12.015+0300: 391.886: Total time for which application threads were stopped: 0.4173725 seconds, Stopping threads took: 0.0033943 seconds
2016-06-26T20:55:13.189+0300: 393.060: [Full GC (Ergonomics) [PSYoungGen: 863323K->280022K(876032K)] [ParOldGen: 3494350K->3494347K(3495424K)] 4357673K->3774370K(4371456K), [Metaspace: 9591K->9591K(1058816K)], 0.4324285 secs] [Times: user=1.59 sys=0.01, real=0.43 secs] 
2016-06-26T20:55:13.622+0300: 393.492: Total time for which application threads were stopped: 0.4356192 seconds, Stopping threads took: 0.0027011 seconds
2016-06-26T20:55:14.497+0300: 394.367: [Full GC (Ergonomics) [PSYoungGen: 864218K->342008K(876032K)] [ParOldGen: 3494347K->3494372K(3495424K)] 4358566K->3836381K(4371456K), [Metaspace: 9603K->9603K(1058816K)], 0.4482761 secs] [Times: user=1.69 sys=0.00, real=0.45 secs] 
2016-06-26T20:55:14.945+0300: 394.816: Total time for which application threads were stopped: 0.4527558 seconds, Stopping threads took: 0.0039537 seconds
2016-06-26T20:55:14.946+0300: 394.816: Total time for which application threads were stopped: 0.0003678 seconds, Stopping threads took: 0.0001321 seconds
2016-06-26T20:55:15.708+0300: 395.579: [Full GC (Ergonomics) [PSYoungGen: 864865K->314007K(876032K)] [ParOldGen: 3494372K->3494380K(3495424K)] 4359238K->3808388K(4371456K), [Metaspace: 9603K->9603K(1058816K)], 0.4589610 secs] [Times: user=1.48 sys=0.00, real=0.46 secs] 
2016-06-26T20:55:16.168+0300: 396.038: Total time for which application threads were stopped: 0.4650863 seconds, Stopping threads took: 0.0056104 seconds
2016-06-26T20:55:17.004+0300: 396.874: [Full GC (Ergonomics) [PSYoungGen: 863389K->222006K(876032K)] [ParOldGen: 3494380K->3494391K(3495424K)] 4357769K->3716397K(4371456K), [Metaspace: 9604K->9604K(1058816K)], 0.5030188 secs] [Times: user=1.38 sys=0.00, real=0.50 secs] 
2016-06-26T20:55:17.507+0300: 397.378: Total time for which application threads were stopped: 0.5086485 seconds, Stopping threads took: 0.0050981 seconds
2016-06-26T20:55:17.508+0300: 397.378: Total time for which application threads were stopped: 0.0005453 seconds, Stopping threads took: 0.0001950 seconds
2016-06-26T20:55:18.488+0300: 398.359: [Full GC (Ergonomics) [PSYoungGen: 864867K->132003K(876032K)] [ParOldGen: 3494391K->3494399K(3495424K)] 4359258K->3626402K(4371456K), [Metaspace: 9604K->9604K(1058816K)], 0.4611061 secs] [Times: user=1.31 sys=0.03, real=0.46 secs] 
2016-06-26T20:55:18.950+0300: 398.820: Total time for which application threads were stopped: 0.4681629 seconds, Stopping threads took: 0.0065350 seconds
2016-06-26T20:55:20.108+0300: 399.979: [Full GC (Ergonomics) [PSYoungGen: 863437K->280005K(876032K)] [ParOldGen: 3494399K->3494410K(3495424K)] 4357836K->3774415K(4371456K), [Metaspace: 9604K->9604K(1058816K)], 0.4748505 secs] [Times: user=1.45 sys=0.00, real=0.47 secs] 
2016-06-26T20:55:20.584+0300: 400.454: Total time for which application threads were stopped: 0.4858361 seconds, Stopping threads took: 0.0104181 seconds
2016-06-26T20:55:20.599+0300: 400.470: Total time for which application threads were stopped: 0.0006641 seconds, Stopping threads took: 0.0003400 seconds
2016-06-26T20:55:21.460+0300: 401.331: [Full GC (Ergonomics) [PSYoungGen: 863696K->312007K(876032K)] [ParOldGen: 3494410K->3494415K(3495424K)] 4358106K->3806423K(4371456K), [Metaspace: 9604K->9604K(1058816K)], 0.4670223 secs] [Times: user=1.48 sys=0.00, real=0.47 secs] 
2016-06-26T20:55:21.927+0300: 401.798: Total time for which application threads were stopped: 0.4799990 seconds, Stopping threads took: 0.0123913 seconds
2016-06-26T20:55:22.739+0300: 402.609: [Full GC (Ergonomics) [PSYoungGen: 865278K->164004K(876032K)] [ParOldGen: 3494415K->3494426K(3495424K)] 4359694K->3658431K(4371456K), [Metaspace: 9605K->9605K(1058816K)], 0.4331577 secs] [Times: user=1.61 sys=0.00, real=0.43 secs] 
2016-06-26T20:55:23.172+0300: 403.043: Total time for which application threads were stopped: 0.4408362 seconds, Stopping threads took: 0.0071795 seconds
2016-06-26T20:55:23.173+0300: 403.043: Total time for which application threads were stopped: 0.0004794 seconds, Stopping threads took: 0.0001334 seconds
2016-06-26T20:55:24.249+0300: 404.119: [Full GC (Ergonomics) [PSYoungGen: 863545K->250006K(876032K)] [ParOldGen: 3494426K->3494434K(3495424K)] 4357971K->3744440K(4371456K), [Metaspace: 9605K->9605K(1058816K)], 0.4367333 secs] [Times: user=1.64 sys=0.02, real=0.44 secs] 
2016-06-26T20:55:24.686+0300: 404.556: Total time for which application threads were stopped: 0.4396969 seconds, Stopping threads took: 0.0024800 seconds
2016-06-26T20:55:25.588+0300: 405.458: [Full GC (Ergonomics) [PSYoungGen: 864260K->342008K(876032K)] [ParOldGen: 3494434K->3494443K(3495424K)] 4358694K->3836452K(4371456K), [Metaspace: 9605K->9605K(1058816K)], 0.4688941 secs] [Times: user=1.63 sys=0.00, real=0.47 secs] 
2016-06-26T20:55:26.057+0300: 405.927: Total time for which application threads were stopped: 0.4751063 seconds, Stopping threads took: 0.0057049 seconds
2016-06-26T20:55:26.057+0300: 405.928: Total time for which application threads were stopped: 0.0003550 seconds, Stopping threads took: 0.0001292 seconds
2016-06-26T20:55:26.860+0300: 406.730: [Full GC (Ergonomics) [PSYoungGen: 864212K->288005K(876032K)] [ParOldGen: 3494443K->3494452K(3495424K)] 4358656K->3782458K(4371456K), [Metaspace: 9605K->9605K(1058816K)], 0.4697234 secs] [Times: user=1.63 sys=0.02, real=0.47 secs] 
2016-06-26T20:55:27.330+0300: 407.200: Total time for which application threads were stopped: 0.4756139 seconds, Stopping threads took: 0.0053846 seconds
2016-06-26T20:55:28.192+0300: 408.062: [Full GC (Ergonomics) [PSYoungGen: 864179K->50000K(876032K)] [ParOldGen: 3494452K->3494453K(3495424K)] 4358631K->3544453K(4371456K), [Metaspace: 9605K->9605K(1058816K)], 0.4268771 secs] [Times: user=1.45 sys=0.00, real=0.43 secs] 
2016-06-26T20:55:28.619+0300: 408.489: Total time for which application threads were stopped: 0.4344804 seconds, Stopping threads took: 0.0070456 seconds
2016-06-26T20:55:29.816+0300: 409.686: [Full GC (Ergonomics) [PSYoungGen: 863558K->286006K(876032K)] [ParOldGen: 3494453K->3494451K(3495424K)] 4358012K->3780457K(4371456K), [Metaspace: 9605K->9605K(1058816K)], 0.4751695 secs] [Times: user=1.51 sys=0.00, real=0.47 secs] 
2016-06-26T20:55:30.291+0300: 410.161: Total time for which application threads were stopped: 0.4760920 seconds, Stopping threads took: 0.0004071 seconds
2016-06-26T20:55:31.223+0300: 411.093: [Full GC (Ergonomics) [PSYoungGen: 865280K->348035K(876032K)] [ParOldGen: 3494451K->3494449K(3495424K)] 4359731K->3842485K(4371456K), [Metaspace: 9605K->9605K(1058816K)], 0.4586878 secs] [Times: user=1.51 sys=0.00, real=0.46 secs] 
2016-06-26T20:55:31.682+0300: 411.552: Total time for which application threads were stopped: 0.4595683 seconds, Stopping threads took: 0.0004144 seconds
2016-06-26T20:55:32.474+0300: 412.344: Total time for which application threads were stopped: 0.0049882 seconds, Stopping threads took: 0.0047145 seconds
2016-06-26T20:55:32.578+0300: 412.448: [Full GC (Ergonomics) [PSYoungGen: 865280K->0K(876032K)] [ParOldGen: 3494449K->3482478K(3495424K)] 4359729K->3482478K(4371456K), [Metaspace: 9605K->9605K(1058816K)], 0.4354174 secs] [Times: user=1.36 sys=0.00, real=0.43 secs] 
2016-06-26T20:55:33.013+0300: 412.884: Total time for which application threads were stopped: 0.4358433 seconds, Stopping threads took: 0.0000663 seconds
2016-06-26T20:55:34.183+0300: 414.053: [Full GC (Ergonomics) [PSYoungGen: 864952K->200002K(876032K)] [ParOldGen: 3482478K->3494496K(3495424K)] 4347430K->3694498K(4371456K), [Metaspace: 9605K->9605K(1058816K)], 0.4664424 secs] [Times: user=1.38 sys=0.00, real=0.47 secs] 
2016-06-26T20:55:34.650+0300: 414.520: Total time for which application threads were stopped: 0.4739986 seconds, Stopping threads took: 0.0070204 seconds
2016-06-26T20:55:35.544+0300: 415.414: [Full GC (Ergonomics) [PSYoungGen: 864460K->276007K(876032K)] [ParOldGen: 3494496K->3494503K(3495424K)] 4358956K->3770510K(4371456K), [Metaspace: 9619K->9619K(1058816K)], 0.4699637 secs] [Times: user=1.41 sys=0.00, real=0.47 secs] 
2016-06-26T20:55:36.014+0300: 415.884: Total time for which application threads were stopped: 0.4765620 seconds, Stopping threads took: 0.0060877 seconds
2016-06-26T20:55:36.138+0300: 416.008: Total time for which application threads were stopped: 0.0058345 seconds, Stopping threads took: 0.0054928 seconds
2016-06-26T20:55:36.887+0300: 416.758: [Full GC (Ergonomics) [PSYoungGen: 864905K->38000K(876032K)] [ParOldGen: 3494503K->3494512K(3495424K)] 4359408K->3532513K(4371456K), [Metaspace: 9619K->9619K(1058816K)], 0.4300242 secs] [Times: user=1.36 sys=0.02, real=0.43 secs] 
2016-06-26T20:55:37.318+0300: 417.188: Total time for which application threads were stopped: 0.4388839 seconds, Stopping threads took: 0.0083375 seconds
2016-06-26T20:55:38.632+0300: 418.502: [Full GC (Ergonomics) [PSYoungGen: 865201K->428006K(876032K)] [ParOldGen: 3494512K->3494523K(3495424K)] 4359714K->3922530K(4371456K), [Metaspace: 9620K->9620K(1058816K)], 0.4606498 secs] [Times: user=1.66 sys=0.00, real=0.46 secs] 
2016-06-26T20:55:39.092+0300: 418.962: Total time for which application threads were stopped: 0.4656303 seconds, Stopping threads took: 0.0044733 seconds
2016-06-26T20:55:39.124+0300: 418.995: Total time for which application threads were stopped: 0.0005226 seconds, Stopping threads took: 0.0002262 seconds
2016-06-26T20:55:39.670+0300: 419.540: [Full GC (Ergonomics) [PSYoungGen: 865280K->556020K(876032K)] [ParOldGen: 3494523K->3494520K(3495424K)] 4359803K->4050541K(4371456K), [Metaspace: 9620K->9620K(1058816K)], 0.4525282 secs] [Times: user=1.76 sys=0.00, real=0.45 secs] 
2016-06-26T20:55:40.122+0300: 419.993: Total time for which application threads were stopped: 0.4545865 seconds, Stopping threads took: 0.0015806 seconds
2016-06-26T20:55:40.573+0300: 420.444: [Full GC (Ergonomics) [PSYoungGen: 864608K->226016K(876032K)] [ParOldGen: 3494520K->3494527K(3495424K)] 4359129K->3720543K(4371456K), [Metaspace: 9620K->9620K(1058816K)], 0.4196267 secs] [Times: user=1.59 sys=0.02, real=0.42 secs] 
2016-06-26T20:55:40.993+0300: 420.863: Total time for which application threads were stopped: 0.4217645 seconds, Stopping threads took: 0.0016208 seconds
2016-06-26T20:55:41.909+0300: 421.779: [Full GC (Ergonomics) [PSYoungGen: 864775K->160003K(876032K)] [ParOldGen: 3494527K->3494548K(3495424K)] 4359302K->3654552K(4371456K), [Metaspace: 9622K->9622K(1058816K)], 0.4366704 secs] [Times: user=1.38 sys=0.00, real=0.44 secs] 
2016-06-26T20:55:42.346+0300: 422.216: Total time for which application threads were stopped: 0.4406446 seconds, Stopping threads took: 0.0034807 seconds
2016-06-26T20:55:42.346+0300: 422.216: Total time for which application threads were stopped: 0.0004683 seconds, Stopping threads took: 0.0001505 seconds
2016-06-26T20:55:43.438+0300: 423.309: [Full GC (Ergonomics) [PSYoungGen: 865065K->340006K(876032K)] [ParOldGen: 3494548K->3494556K(3495424K)] 4359614K->3834563K(4371456K), [Metaspace: 9623K->9623K(1058816K)], 0.4620384 secs] [Times: user=1.44 sys=0.02, real=0.46 secs] 
2016-06-26T20:55:43.901+0300: 423.771: Total time for which application threads were stopped: 0.4697507 seconds, Stopping threads took: 0.0071820 seconds
2016-06-26T20:55:44.625+0300: 424.496: [Full GC (Ergonomics) [PSYoungGen: 864331K->314007K(876032K)] [ParOldGen: 3494556K->3494565K(3495424K)] 4358887K->3808573K(4371456K), [Metaspace: 9623K->9623K(1058816K)], 0.4673063 secs] [Times: user=1.34 sys=0.00, real=0.47 secs] 
2016-06-26T20:55:45.093+0300: 424.963: Total time for which application threads were stopped: 0.4731091 seconds, Stopping threads took: 0.0052524 seconds
2016-06-26T20:55:45.094+0300: 424.964: Total time for which application threads were stopped: 0.0006736 seconds, Stopping threads took: 0.0003301 seconds
2016-06-26T20:55:45.910+0300: 425.781: [Full GC (Ergonomics) [PSYoungGen: 864190K->192004K(876032K)] [ParOldGen: 3494565K->3494573K(3495424K)] 4358755K->3686578K(4371456K), [Metaspace: 9623K->9623K(1058816K)], 0.4539395 secs] [Times: user=1.36 sys=0.00, real=0.45 secs] 
2016-06-26T20:55:46.365+0300: 426.235: Total time for which application threads were stopped: 0.4611613 seconds, Stopping threads took: 0.0066996 seconds
2016-06-26T20:55:47.491+0300: 427.362: [Full GC (Ergonomics) [PSYoungGen: 864303K->370008K(876032K)] [ParOldGen: 3494573K->3494582K(3495424K)] 4358876K->3864591K(4371456K), [Metaspace: 9626K->9626K(1058816K)], 0.4685606 secs] [Times: user=1.45 sys=0.00, real=0.47 secs] 
2016-06-26T20:55:47.960+0300: 427.831: Total time for which application threads were stopped: 0.4735894 seconds, Stopping threads took: 0.0045413 seconds
2016-06-26T20:55:47.961+0300: 427.831: Total time for which application threads were stopped: 0.0003879 seconds, Stopping threads took: 0.0001244 seconds
2016-06-26T20:55:48.658+0300: 428.528: [Full GC (Ergonomics) [PSYoungGen: 863763K->254006K(876032K)] [ParOldGen: 3494582K->3494588K(3495424K)] 4358346K->3748594K(4371456K), [Metaspace: 9626K->9626K(1058816K)], 0.4517675 secs] [Times: user=1.47 sys=0.03, real=0.45 secs] 
2016-06-26T20:55:49.110+0300: 428.980: Total time for which application threads were stopped: 0.4560761 seconds, Stopping threads took: 0.0038023 seconds
2016-06-26T20:55:49.980+0300: 429.850: [Full GC (Ergonomics) [PSYoungGen: 864185K->192004K(876032K)] [ParOldGen: 3494588K->3494590K(3495424K)] 4358774K->3686595K(4371456K), [Metaspace: 9626K->9626K(1058816K)], 0.4265902 secs] [Times: user=1.63 sys=0.00, real=0.43 secs] 
2016-06-26T20:55:50.406+0300: 430.277: Total time for which application threads were stopped: 0.4318542 seconds, Stopping threads took: 0.0047606 seconds
2016-06-26T20:55:50.406+0300: 430.277: Total time for which application threads were stopped: 0.0003588 seconds, Stopping threads took: 0.0001304 seconds
2016-06-26T20:55:51.428+0300: 431.298: [Full GC (Ergonomics) [PSYoungGen: 863883K->160003K(876032K)] [ParOldGen: 3494590K->3494610K(3495424K)] 4358474K->3654614K(4371456K), [Metaspace: 9628K->9628K(1058816K)], 0.4192042 secs] [Times: user=1.53 sys=0.00, real=0.42 secs] 
2016-06-26T20:55:51.847+0300: 431.717: Total time for which application threads were stopped: 0.4218342 seconds, Stopping threads took: 0.0021045 seconds
2016-06-26T20:55:52.872+0300: 432.743: [Full GC (Ergonomics) [PSYoungGen: 863650K->190004K(876032K)] [ParOldGen: 3494610K->3494617K(3495424K)] 4358261K->3684621K(4371456K), [Metaspace: 9628K->9628K(1058816K)], 0.4514480 secs] [Times: user=1.50 sys=0.00, real=0.45 secs] 
2016-06-26T20:55:53.324+0300: 433.194: Total time for which application threads were stopped: 0.4561744 seconds, Stopping threads took: 0.0041350 seconds
2016-06-26T20:55:54.348+0300: 434.218: Total time for which application threads were stopped: 0.0101029 seconds, Stopping threads took: 0.0097591 seconds
2016-06-26T20:55:54.379+0300: 434.250: [Full GC (Ergonomics) [PSYoungGen: 863565K->160004K(876032K)] [ParOldGen: 3494617K->3494627K(3495424K)] 4358183K->3654631K(4371456K), [Metaspace: 9629K->9629K(1058816K)], 0.4625785 secs] [Times: user=1.42 sys=0.02, real=0.47 secs] 
2016-06-26T20:55:54.848+0300: 434.718: Total time for which application threads were stopped: 0.4686307 seconds, Stopping threads took: 0.0000894 seconds
2016-06-26T20:55:54.849+0300: 434.719: Total time for which application threads were stopped: 0.0005885 seconds, Stopping threads took: 0.0002429 seconds
2016-06-26T20:55:55.985+0300: 435.856: [Full GC (Ergonomics) [PSYoungGen: 863567K->460010K(876032K)] [ParOldGen: 3494627K->3494633K(3495424K)] 4358194K->3954644K(4371456K), [Metaspace: 9629K->9629K(1058816K)], 0.5281166 secs] [Times: user=1.49 sys=0.02, real=0.53 secs] 
2016-06-26T20:55:56.513+0300: 436.384: Total time for which application threads were stopped: 0.5436990 seconds, Stopping threads took: 0.0150919 seconds
2016-06-26T20:55:57.137+0300: 437.008: [Full GC (Ergonomics) [PSYoungGen: 864577K->286008K(876032K)] [ParOldGen: 3494633K->3494643K(3495424K)] 4359211K->3780651K(4371456K), [Metaspace: 9634K->9634K(1058816K)], 0.4786083 secs] [Times: user=1.42 sys=0.00, real=0.48 secs] 
2016-06-26T20:55:57.616+0300: 437.486: Total time for which application threads were stopped: 0.4832762 seconds, Stopping threads took: 0.0041444 seconds
2016-06-26T20:55:57.617+0300: 437.487: Total time for which application threads were stopped: 0.0005264 seconds, Stopping threads took: 0.0001912 seconds
2016-06-26T20:55:58.477+0300: 438.347: [Full GC (Ergonomics) [PSYoungGen: 863404K->282007K(876032K)] [ParOldGen: 3494643K->3494651K(3495424K)] 4358047K->3776658K(4371456K), [Metaspace: 9634K->9634K(1058816K)], 0.4624041 secs] [Times: user=1.45 sys=0.03, real=0.46 secs] 
2016-06-26T20:55:58.939+0300: 438.809: Total time for which application threads were stopped: 0.4676886 seconds, Stopping threads took: 0.0047756 seconds
2016-06-26T20:55:59.797+0300: 439.667: [Full GC (Ergonomics) [PSYoungGen: 863493K->12000K(876032K)] [ParOldGen: 3494651K->3494664K(3495424K)] 4358144K->3506664K(4371456K), [Metaspace: 9636K->9636K(1058816K)], 0.4354460 secs] [Times: user=1.33 sys=0.00, real=0.44 secs] 
2016-06-26T20:56:00.232+0300: 440.103: Total time for which application threads were stopped: 0.4410098 seconds, Stopping threads took: 0.0050720 seconds
2016-06-26T20:56:00.233+0300: 440.103: Total time for which application threads were stopped: 0.0004328 seconds, Stopping threads took: 0.0001257 seconds
2016-06-26T20:56:01.537+0300: 441.408: [Full GC (Ergonomics) [PSYoungGen: 863457K->370005K(876032K)] [ParOldGen: 3494664K->3494671K(3495424K)] 4358121K->3864677K(4371456K), [Metaspace: 9636K->9636K(1058816K)], 0.4463025 secs] [Times: user=1.66 sys=0.00, real=0.45 secs] 
2016-06-26T20:56:01.984+0300: 441.854: Total time for which application threads were stopped: 0.4533656 seconds, Stopping threads took: 0.0065812 seconds
2016-06-26T20:56:02.704+0300: 442.574: [Full GC (Ergonomics) [PSYoungGen: 863976K->194005K(876032K)] [ParOldGen: 3494671K->3494679K(3495424K)] 4358647K->3688684K(4371456K), [Metaspace: 9640K->9640K(1058816K)], 0.4273912 secs] [Times: user=1.55 sys=0.00, real=0.43 secs] 
2016-06-26T20:56:03.131+0300: 443.002: Total time for which application threads were stopped: 0.4310468 seconds, Stopping threads took: 0.0031770 seconds
2016-06-26T20:56:03.132+0300: 443.002: Total time for which application threads were stopped: 0.0003528 seconds, Stopping threads took: 0.0001309 seconds
2016-06-26T20:56:04.094+0300: 443.965: [Full GC (Ergonomics) [PSYoungGen: 864079K->340009K(876032K)] [ParOldGen: 3494679K->3494685K(3495424K)] 4358759K->3834694K(4371456K), [Metaspace: 9640K->9640K(1058816K)], 0.4860226 secs] [Times: user=1.31 sys=0.06, real=0.49 secs] 
2016-06-26T20:56:04.580+0300: 444.451: Total time for which application threads were stopped: 0.4902255 seconds, Stopping threads took: 0.0036868 seconds
2016-06-26T20:56:05.429+0300: 445.299: [Full GC (Ergonomics) [PSYoungGen: 863790K->282007K(876032K)] [ParOldGen: 3494685K->3494696K(3495424K)] 4358476K->3776704K(4371456K), [Metaspace: 9642K->9642K(1058816K)], 0.4691182 secs] [Times: user=1.42 sys=0.00, real=0.47 secs] 
2016-06-26T20:56:05.897+0300: 445.768: Total time for which application threads were stopped: 0.4739212 seconds, Stopping threads took: 0.0042988 seconds
2016-06-26T20:56:05.898+0300: 445.768: Total time for which application threads were stopped: 0.0004443 seconds, Stopping threads took: 0.0001514 seconds
2016-06-26T20:56:06.872+0300: 446.742: [Full GC (Ergonomics) [PSYoungGen: 864292K->192004K(876032K)] [ParOldGen: 3494696K->3494705K(3495424K)] 4358988K->3686709K(4371456K), [Metaspace: 9642K->9642K(1058816K)], 0.4668299 secs] [Times: user=1.38 sys=0.00, real=0.47 secs] 
2016-06-26T20:56:07.339+0300: 447.209: Total time for which application threads were stopped: 0.4745610 seconds, Stopping threads took: 0.0070546 seconds
2016-06-26T20:56:08.364+0300: 448.234: [Full GC (Ergonomics) [PSYoungGen: 863413K->190004K(876032K)] [ParOldGen: 3494705K->3494715K(3495424K)] 4358118K->3684720K(4371456K), [Metaspace: 9643K->9643K(1058816K)], 0.4815685 secs] [Times: user=1.48 sys=0.00, real=0.48 secs] 
2016-06-26T20:56:08.845+0300: 448.716: Total time for which application threads were stopped: 0.4908119 seconds, Stopping threads took: 0.0087070 seconds
2016-06-26T20:56:08.882+0300: 448.753: Total time for which application threads were stopped: 0.0038771 seconds, Stopping threads took: 0.0035341 seconds
2016-06-26T20:56:09.838+0300: 449.708: [Full GC (Ergonomics) [PSYoungGen: 865280K->342009K(876032K)] [ParOldGen: 3494715K->3494721K(3495424K)] 4359995K->3836730K(4371456K), [Metaspace: 9643K->9643K(1058816K)], 0.4747611 secs] [Times: user=1.61 sys=0.03, real=0.47 secs] 
2016-06-26T20:56:10.313+0300: 450.183: Total time for which application threads were stopped: 0.4809779 seconds, Stopping threads took: 0.0056968 seconds
2016-06-26T20:56:11.090+0300: 450.960: [Full GC (Ergonomics) [PSYoungGen: 863666K->410008K(876032K)] [ParOldGen: 3494721K->3494732K(3495424K)] 4358387K->3904741K(4371456K), [Metaspace: 9644K->9644K(1058816K)], 0.4955216 secs] [Times: user=1.73 sys=0.00, real=0.50 secs] 
2016-06-26T20:56:11.585+0300: 451.456: Total time for which application threads were stopped: 0.5022708 seconds, Stopping threads took: 0.0061202 seconds
2016-06-26T20:56:12.372+0300: 452.242: Total time for which application threads were stopped: 0.0091971 seconds, Stopping threads took: 0.0089384 seconds
2016-06-26T20:56:12.466+0300: 452.336: [Full GC (Ergonomics) [PSYoungGen: 865280K->110003K(876032K)] [ParOldGen: 3494732K->3494731K(3495424K)] 4360012K->3604734K(4371456K), [Metaspace: 9644K->9644K(1058816K)], 0.4283743 secs] [Times: user=1.61 sys=0.00, real=0.43 secs] 
2016-06-26T20:56:12.894+0300: 452.764: Total time for which application threads were stopped: 0.4288067 seconds, Stopping threads took: 0.0000624 seconds
2016-06-26T20:56:13.952+0300: 453.822: [Full GC (Ergonomics) [PSYoungGen: 864760K->218005K(876032K)] [ParOldGen: 3494731K->3494748K(3495424K)] 4359491K->3712754K(4371456K), [Metaspace: 9644K->9644K(1058816K)], 0.4499619 secs] [Times: user=1.34 sys=0.00, real=0.45 secs] 
2016-06-26T20:56:14.402+0300: 454.273: Total time for which application threads were stopped: 0.4563921 seconds, Stopping threads took: 0.0059363 seconds
2016-06-26T20:56:15.308+0300: 455.178: [Full GC (Ergonomics) [PSYoungGen: 864461K->250007K(876032K)] [ParOldGen: 3494748K->3494758K(3495424K)] 4359210K->3744765K(4371456K), [Metaspace: 9645K->9645K(1058816K)], 0.4459274 secs] [Times: user=1.61 sys=0.00, real=0.45 secs] 
2016-06-26T20:56:15.754+0300: 455.624: Total time for which application threads were stopped: 0.4509840 seconds, Stopping threads took: 0.0045588 seconds
2016-06-26T20:56:15.754+0300: 455.625: Total time for which application threads were stopped: 0.0004422 seconds, Stopping threads took: 0.0001946 seconds
2016-06-26T20:56:16.650+0300: 456.520: [Full GC (Ergonomics) [PSYoungGen: 863633K->190004K(876032K)] [ParOldGen: 3494758K->3494766K(3495424K)] 4358391K->3684771K(4371456K), [Metaspace: 9645K->9645K(1058816K)], 0.4619204 secs] [Times: user=1.53 sys=0.05, real=0.46 secs] 
2016-06-26T20:56:17.111+0300: 456.982: Total time for which application threads were stopped: 0.4669479 seconds, Stopping threads took: 0.0045135 seconds
2016-06-26T20:56:18.208+0300: 458.079: [Full GC (Ergonomics) [PSYoungGen: 865161K->160003K(876032K)] [ParOldGen: 3494766K->3494777K(3495424K)] 4359927K->3654781K(4371456K), [Metaspace: 9645K->9645K(1058816K)], 0.4403611 secs] [Times: user=1.44 sys=0.00, real=0.44 secs] 
2016-06-26T20:56:18.648+0300: 458.519: Total time for which application threads were stopped: 0.4442360 seconds, Stopping threads took: 0.0033443 seconds
2016-06-26T20:56:18.649+0300: 458.520: Total time for which application threads were stopped: 0.0005093 seconds, Stopping threads took: 0.0001698 seconds
2016-06-26T20:56:19.631+0300: 459.502: [Full GC (Ergonomics) [PSYoungGen: 864343K->310017K(876032K)] [ParOldGen: 3494777K->3494774K(3495424K)] 4359120K->3804791K(4371456K), [Metaspace: 9645K->9645K(1058816K)], 0.4488671 secs] [Times: user=1.53 sys=0.01, real=0.45 secs] 
2016-06-26T20:56:20.080+0300: 459.951: Total time for which application threads were stopped: 0.4532347 seconds, Stopping threads took: 0.0038472 seconds
2016-06-26T20:56:20.879+0300: 460.749: [Full GC (Ergonomics) [PSYoungGen: 865232K->254006K(876032K)] [ParOldGen: 3494774K->3494793K(3495424K)] 4360006K->3748800K(4371456K), [Metaspace: 9645K->9645K(1058816K)], 0.4629271 secs] [Times: user=1.38 sys=0.00, real=0.46 secs] 
2016-06-26T20:56:21.342+0300: 461.212: Total time for which application threads were stopped: 0.4691379 seconds, Stopping threads took: 0.0057169 seconds
2016-06-26T20:56:21.342+0300: 461.213: Total time for which application threads were stopped: 0.0005187 seconds, Stopping threads took: 0.0001899 seconds
2016-06-26T20:56:22.287+0300: 462.157: [Full GC (Ergonomics) [PSYoungGen: 863480K->130003K(876032K)] [ParOldGen: 3494793K->3494801K(3495424K)] 4358273K->3624805K(4371456K), [Metaspace: 9645K->9645K(1058816K)], 0.4409474 secs] [Times: user=1.44 sys=0.05, real=0.44 secs] 
2016-06-26T20:56:22.728+0300: 462.598: Total time for which application threads were stopped: 0.4478275 seconds, Stopping threads took: 0.0063596 seconds
2016-06-26T20:56:23.806+0300: 463.677: [Full GC (Ergonomics) [PSYoungGen: 863691K->250005K(876032K)] [ParOldGen: 3494801K->3494812K(3495424K)] 4358493K->3744817K(4371456K), [Metaspace: 9645K->9645K(1058816K)], 0.4360636 secs] [Times: user=1.56 sys=0.00, real=0.44 secs] 
2016-06-26T20:56:24.242+0300: 464.113: Total time for which application threads were stopped: 0.4391978 seconds, Stopping threads took: 0.0026412 seconds
2016-06-26T20:56:24.243+0300: 464.113: Total time for which application threads were stopped: 0.0003802 seconds, Stopping threads took: 0.0001339 seconds
2016-06-26T20:56:25.118+0300: 464.988: [Full GC (Ergonomics) [PSYoungGen: 864030K->282007K(876032K)] [ParOldGen: 3494812K->3494812K(3495424K)] 4358843K->3776819K(4371456K), [Metaspace: 9645K->9645K(1058816K)], 0.4486139 secs] [Times: user=1.63 sys=0.00, real=0.45 secs] 
2016-06-26T20:56:25.566+0300: 465.437: Total time for which application threads were stopped: 0.4521126 seconds, Stopping threads took: 0.0030111 seconds
2016-06-26T20:56:26.456+0300: 466.326: [Full GC (Ergonomics) [PSYoungGen: 864575K->132003K(876032K)] [ParOldGen: 3494812K->3494812K(3495424K)] 4359387K->3626815K(4371456K), [Metaspace: 9645K->9645K(1058816K)], 0.4174200 secs] [Times: user=1.50 sys=0.06, real=0.42 secs] 
2016-06-26T20:56:26.873+0300: 466.744: Total time for which application threads were stopped: 0.4208468 seconds, Stopping threads took: 0.0029085 seconds
2016-06-26T20:56:27.964+0300: 467.834: [Full GC (Ergonomics) [PSYoungGen: 863600K->310006K(876032K)] [ParOldGen: 3494812K->3494838K(3495424K)] 4358413K->3804845K(4371456K), [Metaspace: 9649K->9649K(1058816K)], 0.4732314 secs] [Times: user=1.66 sys=0.00, real=0.47 secs] 
2016-06-26T20:56:28.437+0300: 468.307: Total time for which application threads were stopped: 0.4763905 seconds, Stopping threads took: 0.0026066 seconds
2016-06-26T20:56:28.437+0300: 468.308: Total time for which application threads were stopped: 0.0005299 seconds, Stopping threads took: 0.0001719 seconds
2016-06-26T20:56:29.225+0300: 469.096: [Full GC (Ergonomics) [PSYoungGen: 864894K->374009K(876032K)] [ParOldGen: 3494838K->3494838K(3495424K)] 4359732K->3868847K(4371456K), [Metaspace: 9649K->9649K(1058816K)], 0.4746448 secs] [Times: user=1.49 sys=0.00, real=0.48 secs] 
2016-06-26T20:56:29.700+0300: 469.571: Total time for which application threads were stopped: 0.4809022 seconds, Stopping threads took: 0.0057395 seconds
2016-06-26T20:56:30.423+0300: 470.294: [Full GC (Ergonomics) [PSYoungGen: 864250K->314008K(876032K)] [ParOldGen: 3494838K->3494837K(3495424K)] 4359088K->3808845K(4371456K), [Metaspace: 9649K->9649K(1058816K)], 0.4574621 secs] [Times: user=1.47 sys=0.03, real=0.46 secs] 
2016-06-26T20:56:30.881+0300: 470.752: Total time for which application threads were stopped: 0.4657030 seconds, Stopping threads took: 0.0077132 seconds
2016-06-26T20:56:31.151+0300: 471.021: Total time for which application threads were stopped: 0.0042449 seconds, Stopping threads took: 0.0028174 seconds
2016-06-26T20:56:31.811+0300: 471.682: [Full GC (Ergonomics) [PSYoungGen: 865280K->222006K(876032K)] [ParOldGen: 3494837K->3494863K(3495424K)] 4360117K->3716870K(4371456K), [Metaspace: 9649K->9649K(1058816K)], 0.4878730 secs] [Times: user=1.36 sys=0.00, real=0.49 secs] 
2016-06-26T20:56:32.299+0300: 472.170: Total time for which application threads were stopped: 0.4929514 seconds, Stopping threads took: 0.0045579 seconds
2016-06-26T20:56:33.169+0300: 473.039: Total time for which application threads were stopped: 0.0071517 seconds, Stopping threads took: 0.0068194 seconds
2016-06-26T20:56:33.388+0300: 473.259: [Full GC (Ergonomics) [PSYoungGen: 863858K->0K(876032K)] [ParOldGen: 3494863K->3446874K(3495424K)] 4358721K->3446874K(4371456K), [Metaspace: 9649K->9649K(1058816K)], 0.4269661 secs] [Times: user=1.38 sys=0.02, real=0.43 secs] 
2016-06-26T20:56:33.815+0300: 473.686: Total time for which application threads were stopped: 0.4303172 seconds, Stopping threads took: 0.0029547 seconds
2016-06-26T20:56:34.982+0300: 474.852: [Full GC (Ergonomics) [PSYoungGen: 865069K->114000K(876032K)] [ParOldGen: 3446874K->3494884K(3495424K)] 4311944K->3608885K(4371456K), [Metaspace: 9652K->9652K(1058816K)], 0.4324580 secs] [Times: user=1.45 sys=0.00, real=0.43 secs] 
2016-06-26T20:56:35.414+0300: 475.285: Total time for which application threads were stopped: 0.4351484 seconds, Stopping threads took: 0.0021558 seconds
2016-06-26T20:56:35.415+0300: 475.286: Total time for which application threads were stopped: 0.0012513 seconds, Stopping threads took: 0.0001501 seconds
2016-06-26T20:56:36.435+0300: 476.305: [Full GC (Ergonomics) [PSYoungGen: 864444K->220013K(876032K)] [ParOldGen: 3494884K->3494880K(3495424K)] 4359329K->3714894K(4371456K), [Metaspace: 9652K->9652K(1058816K)], 0.4375582 secs] [Times: user=1.59 sys=0.03, real=0.44 secs] 
2016-06-26T20:56:36.872+0300: 476.743: Total time for which application threads were stopped: 0.4427089 seconds, Stopping threads took: 0.0046422 seconds
2016-06-26T20:56:37.832+0300: 477.703: [Full GC (Ergonomics) [PSYoungGen: 864933K->200004K(876032K)] [ParOldGen: 3494880K->3494900K(3495424K)] 4359814K->3694904K(4371456K), [Metaspace: 9652K->9652K(1058816K)], 0.4323626 secs] [Times: user=1.53 sys=0.00, real=0.43 secs] 
2016-06-26T20:56:38.264+0300: 478.135: Total time for which application threads were stopped: 0.4412946 seconds, Stopping threads took: 0.0084132 seconds
2016-06-26T20:56:38.265+0300: 478.136: Total time for which application threads were stopped: 0.0004862 seconds, Stopping threads took: 0.0001484 seconds
2016-06-26T20:56:39.244+0300: 479.115: [Full GC (Ergonomics) [PSYoungGen: 864963K->290006K(876032K)] [ParOldGen: 3494900K->3494899K(3495424K)] 4359864K->3784906K(4371456K), [Metaspace: 9652K->9652K(1058816K)], 0.4568630 secs] [Times: user=1.66 sys=0.00, real=0.46 secs] 
2016-06-26T20:56:39.701+0300: 479.572: Total time for which application threads were stopped: 0.4577888 seconds, Stopping threads took: 0.0003896 seconds
2016-06-26T20:56:40.571+0300: 480.441: [Full GC (Ergonomics) [PSYoungGen: 864990K->230004K(876032K)] [ParOldGen: 3494899K->3494900K(3495424K)] 4359889K->3724904K(4371456K), [Metaspace: 9652K->9652K(1058816K)], 0.4412660 secs] [Times: user=1.58 sys=0.00, real=0.44 secs] 
2016-06-26T20:56:41.012+0300: 480.883: Total time for which application threads were stopped: 0.4508544 seconds, Stopping threads took: 0.0090569 seconds
2016-06-26T20:56:41.961+0300: 481.831: [Full GC (Ergonomics) [PSYoungGen: 863610K->256031K(876032K)] [ParOldGen: 3494900K->3494900K(3495424K)] 4358510K->3750931K(4371456K), [Metaspace: 9652K->9652K(1058816K)], 0.3600262 secs] [Times: user=1.20 sys=0.00, real=0.36 secs] 
2016-06-26T20:56:42.321+0300: 482.191: Total time for which application threads were stopped: 0.3647193 seconds, Stopping threads took: 0.0041778 seconds
2016-06-26T20:56:43.198+0300: 483.068: [Full GC (Ergonomics) [PSYoungGen: 864705K->300009K(876032K)] [ParOldGen: 3494900K->3494924K(3495424K)] 4359605K->3794933K(4371456K), [Metaspace: 9654K->9654K(1058816K)], 0.4520771 secs] [Times: user=1.58 sys=0.00, real=0.45 secs] 
2016-06-26T20:56:43.650+0300: 483.521: Total time for which application threads were stopped: 0.4580694 seconds, Stopping threads took: 0.0052666 seconds
2016-06-26T20:56:44.488+0300: 484.358: [Full GC (Ergonomics) [PSYoungGen: 864510K->166003K(876032K)] [ParOldGen: 3494924K->3494927K(3495424K)] 4359435K->3660931K(4371456K), [Metaspace: 9654K->9654K(1058816K)], 0.4187598 secs] [Times: user=1.44 sys=0.01, real=0.42 secs] 
2016-06-26T20:56:44.907+0300: 484.777: Total time for which application threads were stopped: 0.4237236 seconds, Stopping threads took: 0.0044352 seconds
2016-06-26T20:56:44.908+0300: 484.778: Total time for which application threads were stopped: 0.0005521 seconds, Stopping threads took: 0.0001706 seconds
2016-06-26T20:56:44.908+0300: 484.779: Total time for which application threads were stopped: 0.0008805 seconds, Stopping threads took: 0.0003686 seconds
2016-06-26T20:56:45.978+0300: 485.849: Total time for which application threads were stopped: 0.0008254 seconds, Stopping threads took: 0.0005226 seconds
2016-06-26T20:56:45.979+0300: 485.849: [Full GC (Ergonomics) [PSYoungGen: 865280K->74001K(876032K)] [ParOldGen: 3494927K->3494929K(3495424K)] 4360207K->3568931K(4371456K), [Metaspace: 9654K->9654K(1058816K)], 0.4236346 secs] [Times: user=1.50 sys=0.00, real=0.42 secs] 
2016-06-26T20:56:46.403+0300: 486.273: Total time for which application threads were stopped: 0.4241598 seconds, Stopping threads took: 0.0000462 seconds
2016-06-26T20:56:47.541+0300: 487.412: [Full GC (Ergonomics) [PSYoungGen: 865048K->244044K(876032K)] [ParOldGen: 3494929K->3494927K(3495424K)] 4359977K->3738972K(4371456K), [Metaspace: 9661K->9661K(1058816K)], 0.4273026 secs] [Times: user=1.64 sys=0.00, real=0.43 secs] 
2016-06-26T20:56:47.972+0300: 487.843: Total time for which application threads were stopped: 0.4391110 seconds, Stopping threads took: 0.0080694 seconds
2016-06-26T20:56:48.858+0300: 488.729: [Full GC (Ergonomics) [PSYoungGen: 863596K->284005K(876032K)] [ParOldGen: 3494927K->3494968K(3495424K)] 4358524K->3778973K(4371456K), [Metaspace: 9661K->9661K(1058816K)], 0.4417565 secs] [Times: user=1.53 sys=0.00, real=0.44 secs] 
2016-06-26T20:56:49.300+0300: 489.171: Total time for which application threads were stopped: 0.4473964 seconds, Stopping threads took: 0.0051336 seconds
2016-06-26T20:56:50.142+0300: 490.012: [Full GC (Ergonomics) [PSYoungGen: 865114K->436009K(876032K)] [ParOldGen: 3494968K->3494967K(3495424K)] 4360082K->3930976K(4371456K), [Metaspace: 9661K->9661K(1058816K)], 0.4596885 secs] [Times: user=1.59 sys=0.00, real=0.46 secs] 
2016-06-26T20:56:50.602+0300: 490.472: Total time for which application threads were stopped: 0.4656919 seconds, Stopping threads took: 0.0054731 seconds
2016-06-26T20:56:51.247+0300: 491.117: [Full GC (Ergonomics) [PSYoungGen: 863736K->436036K(876032K)] [ParOldGen: 3494967K->3494966K(3495424K)] 4358703K->3931002K(4371456K), [Metaspace: 9661K->9661K(1058816K)], 0.4550044 secs] [Times: user=1.63 sys=0.00, real=0.45 secs] 
2016-06-26T20:56:51.702+0300: 491.572: Total time for which application threads were stopped: 0.4614179 seconds, Stopping threads took: 0.0059063 seconds
2016-06-26T20:56:52.376+0300: 492.247: [Full GC (Ergonomics) [PSYoungGen: 865280K->226005K(876032K)] [ParOldGen: 3494966K->3494993K(3495424K)] 4360246K->3720998K(4371456K), [Metaspace: 9661K->9661K(1058816K)], 0.4293999 secs] [Times: user=1.50 sys=0.00, real=0.43 secs] 
2016-06-26T20:56:52.806+0300: 492.677: Total time for which application threads were stopped: 0.4302201 seconds, Stopping threads took: 0.0003045 seconds
2016-06-26T20:56:53.790+0300: 493.660: [Full GC (Ergonomics) [PSYoungGen: 865280K->104002K(876032K)] [ParOldGen: 3494993K->3494994K(3495424K)] 4360273K->3598996K(4371456K), [Metaspace: 9661K->9661K(1058816K)], 0.4085979 secs] [Times: user=1.56 sys=0.00, real=0.41 secs] 
2016-06-26T20:56:54.199+0300: 494.069: Total time for which application threads were stopped: 0.4094370 seconds, Stopping threads took: 0.0003785 seconds
2016-06-26T20:56:55.180+0300: 495.051: Total time for which application threads were stopped: 0.0047517 seconds, Stopping threads took: 0.0044386 seconds
2016-06-26T20:56:55.181+0300: 495.051: Total time for which application threads were stopped: 0.0004110 seconds, Stopping threads took: 0.0000907 seconds
2016-06-26T20:56:55.181+0300: 495.052: Total time for which application threads were stopped: 0.0003246 seconds, Stopping threads took: 0.0000462 seconds
2016-06-26T20:56:55.182+0300: 495.052: Total time for which application threads were stopped: 0.0003100 seconds, Stopping threads took: 0.0000423 seconds
Heap
 PSYoungGen      total 876032K, used 801224K [0x0000000755580000, 0x000000078e380000, 0x00000007c0000000)
  eden space 865280K, 92% used [0x0000000755580000,0x00000007863f23d0,0x000000078a280000)
  from space 10752K, 0% used [0x000000078d900000,0x000000078d900000,0x000000078e380000)
  to   space 10752K, 0% used [0x000000078ce80000,0x000000078ce80000,0x000000078d900000)
 ParOldGen       total 3495424K, used 3494994K [0x0000000680000000, 0x0000000755580000, 0x0000000755580000)
  object space 3495424K, 99% used [0x0000000680000000,0x0000000755514840,0x0000000755580000)
 Metaspace       used 9662K, capacity 10062K, committed 10240K, reserved 1058816K
  class space    used 1122K, capacity 1198K, committed 1280K, reserved 1048576K
