Java HotSpot(TM) 64-Bit Server VM (25.65-b01) for windows-amd64 JRE (1.8.0_65-b17), built on Oct  6 2015 16:39:20 by "java_re" with MS VC++ 10.0 (VS2010)
Memory: 4k page, physical 16685676k(12976980k free), swap 19700332k(14453292k free)
CommandLine flags: -XX:InitialHeapSize=266970816 -XX:MaxHeapSize=5368709120 -XX:+PrintGC -XX:+PrintGCApplicationStoppedTime -XX:+PrintGCCause -XX:+PrintGCDateStamps -XX:+PrintGCDetails -XX:+PrintGCTimeStamps -XX:+PrintTenuringDistribution -XX:+UseCompressedClassPointers -XX:+UseCompressedOops -XX:+UseG1GC -XX:-UseLargePagesIndividualAllocation 
2016-06-26T19:42:51.091+0300: 0.328: [GC pause (G1 Humongous Allocation) (young) (initial-mark)
Desired survivor size 1048576 bytes, new threshold 15 (max 15)
, 0.0012547 secs]
   [Parallel Time: 0.9 ms, GC Workers: 4]
      [GC Worker Start (ms): Min: 328.1, Avg: 328.1, Max: 328.1, Diff: 0.0]
      [Ext Root Scanning (ms): Min: 0.4, Avg: 0.4, Max: 0.4, Diff: 0.0, Sum: 1.5]
      [Update RS (ms): Min: 0.0, Avg: 0.0, Max: 0.0, Diff: 0.0, Sum: 0.0]
         [Processed Buffers: Min: 0, Avg: 0.0, Max: 0, Diff: 0, Sum: 0]
      [Scan RS (ms): Min: 0.0, Avg: 0.0, Max: 0.0, Diff: 0.0, Sum: 0.0]
      [Code Root Scanning (ms): Min: 0.0, Avg: 0.0, Max: 0.0, Diff: 0.0, Sum: 0.0]
      [Object Copy (ms): Min: 0.4, Avg: 0.5, Max: 0.5, Diff: 0.0, Sum: 1.8]
      [Termination (ms): Min: 0.0, Avg: 0.0, Max: 0.0, Diff: 0.0, Sum: 0.0]
         [Termination Attempts: Min: 1, Avg: 2.0, Max: 3, Diff: 2, Sum: 8]
      [GC Worker Other (ms): Min: 0.0, Avg: 0.0, Max: 0.0, Diff: 0.0, Sum: 0.1]
      [GC Worker Total (ms): Min: 0.8, Avg: 0.9, Max: 0.9, Diff: 0.0, Sum: 3.4]
      [GC Worker End (ms): Min: 329.0, Avg: 329.0, Max: 329.0, Diff: 0.0]
   [Code Root Fixup: 0.0 ms]
   [Code Root Purge: 0.0 ms]
   [Clear CT: 0.0 ms]
   [Other: 0.3 ms]
      [Choose CSet: 0.0 ms]
      [Ref Proc: 0.1 ms]
      [Ref Enq: 0.0 ms]
      [Redirty Cards: 0.0 ms]
      [Humongous Register: 0.0 ms]
      [Humongous Reclaim: 0.0 ms]
      [Free CSet: 0.0 ms]
   [Eden: 6144.0K(14.0M)->0.0B(18.0M) Survivors: 0.0B->1024.0K Heap: 116.9M(256.0M)->111.8M(256.0M)]
 [Times: user=0.06 sys=0.00, real=0.00 secs] 
2016-06-26T19:42:51.093+0300: 0.330: [GC concurrent-root-region-scan-start]
2016-06-26T19:42:51.093+0300: 0.330: Total time for which application threads were stopped: 0.0095546 seconds, Stopping threads took: 0.0077405 seconds
2016-06-26T19:42:51.094+0300: 0.330: [GC concurrent-root-region-scan-end, 0.0006419 secs]
2016-06-26T19:42:51.094+0300: 0.330: [GC concurrent-mark-start]
2016-06-26T19:42:51.096+0300: 0.333: [GC concurrent-mark-end, 0.0002164 secs]
2016-06-26T19:42:51.114+0300: 0.351: [GC remark 2016-06-26T19:42:51.114+0300: 0.351: [Finalize Marking, 0.0001394 secs] 2016-06-26T19:42:51.114+0300: 0.351: [GC ref-proc, 0.0000654 secs] 2016-06-26T19:42:51.114+0300: 0.351: [Unloading, 0.0005555 secs], 0.0015708 secs]
 [Times: user=0.00 sys=0.00, real=0.00 secs] 
2016-06-26T19:42:51.116+0300: 0.352: Total time for which application threads were stopped: 0.0021460 seconds, Stopping threads took: 0.0004319 seconds
2016-06-26T19:42:51.116+0300: 0.353: [GC cleanup 124M->124M(256M), 0.0002596 secs]
 [Times: user=0.00 sys=0.00, real=0.00 secs] 
2016-06-26T19:42:51.116+0300: 0.353: Total time for which application threads were stopped: 0.0004221 seconds, Stopping threads took: 0.0000590 seconds
2016-06-26T19:42:51.285+0300: 0.522: [GC pause (G1 Evacuation Pause) (young)
Desired survivor size 1572864 bytes, new threshold 15 (max 15)
- age   1:     403800 bytes,     403800 total
, 0.0010892 secs]
   [Parallel Time: 0.8 ms, GC Workers: 4]
      [GC Worker Start (ms): Min: 521.7, Avg: 521.7, Max: 521.7, Diff: 0.0]
      [Ext Root Scanning (ms): Min: 0.3, Avg: 0.3, Max: 0.3, Diff: 0.1, Sum: 1.1]
      [Update RS (ms): Min: 0.0, Avg: 0.0, Max: 0.0, Diff: 0.0, Sum: 0.0]
         [Processed Buffers: Min: 0, Avg: 0.0, Max: 0, Diff: 0, Sum: 0]
      [Scan RS (ms): Min: 0.0, Avg: 0.0, Max: 0.0, Diff: 0.0, Sum: 0.0]
      [Code Root Scanning (ms): Min: 0.0, Avg: 0.0, Max: 0.0, Diff: 0.0, Sum: 0.0]
      [Object Copy (ms): Min: 0.4, Avg: 0.4, Max: 0.4, Diff: 0.1, Sum: 1.7]
      [Termination (ms): Min: 0.0, Avg: 0.0, Max: 0.0, Diff: 0.0, Sum: 0.0]
         [Termination Attempts: Min: 1, Avg: 2.3, Max: 4, Diff: 3, Sum: 9]
      [GC Worker Other (ms): Min: 0.0, Avg: 0.0, Max: 0.0, Diff: 0.0, Sum: 0.1]
      [GC Worker Total (ms): Min: 0.7, Avg: 0.7, Max: 0.7, Diff: 0.0, Sum: 2.9]
      [GC Worker End (ms): Min: 522.4, Avg: 522.4, Max: 522.4, Diff: 0.0]
   [Code Root Fixup: 0.0 ms]
   [Code Root Purge: 0.0 ms]
   [Clear CT: 0.0 ms]
   [Other: 0.3 ms]
      [Choose CSet: 0.0 ms]
      [Ref Proc: 0.0 ms]
      [Ref Enq: 0.0 ms]
      [Redirty Cards: 0.0 ms]
      [Humongous Register: 0.0 ms]
      [Humongous Reclaim: 0.0 ms]
      [Free CSet: 0.0 ms]
   [Eden: 9216.0K(18.0M)->0.0B(12.0M) Survivors: 1024.0K->1024.0K Heap: 255.6M(262.0M)->246.6M(263.0M)]
 [Times: user=0.00 sys=0.00, real=0.00 secs] 
2016-06-26T19:42:51.286+0300: 0.523: Total time for which application threads were stopped: 0.0032386 seconds, Stopping threads took: 0.0016679 seconds
2016-06-26T19:42:51.287+0300: 0.523: [GC pause (G1 Humongous Allocation) (young) (initial-mark)
Desired survivor size 1048576 bytes, new threshold 15 (max 15)
- age   1:       3632 bytes,       3632 total
- age   2:     402328 bytes,     405960 total
, 0.0010841 secs]
   [Parallel Time: 0.8 ms, GC Workers: 4]
      [GC Worker Start (ms): Min: 523.3, Avg: 523.3, Max: 523.3, Diff: 0.0]
      [Ext Root Scanning (ms): Min: 0.2, Avg: 0.2, Max: 0.3, Diff: 0.0, Sum: 1.0]
      [Update RS (ms): Min: 0.0, Avg: 0.0, Max: 0.0, Diff: 0.0, Sum: 0.0]
         [Processed Buffers: Min: 0, Avg: 0.0, Max: 0, Diff: 0, Sum: 0]
      [Scan RS (ms): Min: 0.0, Avg: 0.0, Max: 0.0, Diff: 0.0, Sum: 0.0]
      [Code Root Scanning (ms): Min: 0.0, Avg: 0.0, Max: 0.0, Diff: 0.0, Sum: 0.0]
      [Object Copy (ms): Min: 0.5, Avg: 0.5, Max: 0.5, Diff: 0.0, Sum: 1.9]
      [Termination (ms): Min: 0.0, Avg: 0.0, Max: 0.0, Diff: 0.0, Sum: 0.1]
         [Termination Attempts: Min: 1, Avg: 1.8, Max: 2, Diff: 1, Sum: 7]
      [GC Worker Other (ms): Min: 0.0, Avg: 0.0, Max: 0.0, Diff: 0.0, Sum: 0.0]
      [GC Worker Total (ms): Min: 0.8, Avg: 0.8, Max: 0.8, Diff: 0.0, Sum: 3.0]
      [GC Worker End (ms): Min: 524.1, Avg: 524.1, Max: 524.1, Diff: 0.0]
   [Code Root Fixup: 0.0 ms]
   [Code Root Purge: 0.0 ms]
   [Clear CT: 0.0 ms]
   [Other: 0.3 ms]
      [Choose CSet: 0.0 ms]
      [Ref Proc: 0.0 ms]
      [Ref Enq: 0.0 ms]
      [Redirty Cards: 0.0 ms]
      [Humongous Register: 0.0 ms]
      [Humongous Reclaim: 0.0 ms]
      [Free CSet: 0.0 ms]
   [Eden: 1024.0K(12.0M)->0.0B(12.0M) Survivors: 1024.0K->1024.0K Heap: 247.0M(263.0M)->246.6M(263.0M)]
 [Times: user=0.00 sys=0.00, real=0.00 secs] 
2016-06-26T19:42:51.288+0300: 0.524: [GC concurrent-root-region-scan-start]
2016-06-26T19:42:51.288+0300: 0.525: Total time for which application threads were stopped: 0.0014630 seconds, Stopping threads took: 0.0000278 seconds
2016-06-26T19:42:51.288+0300: 0.525: [GC concurrent-root-region-scan-end, 0.0006047 secs]
2016-06-26T19:42:51.288+0300: 0.525: [GC concurrent-mark-start]
2016-06-26T19:42:51.290+0300: 0.527: [GC concurrent-mark-end, 0.0002228 secs]
2016-06-26T19:42:51.320+0300: 0.557: [GC remark 2016-06-26T19:42:51.320+0300: 0.557: [Finalize Marking, 0.0001822 secs] 2016-06-26T19:42:51.321+0300: 0.557: [GC ref-proc, 0.0000616 secs] 2016-06-26T19:42:51.321+0300: 0.557: [Unloading, 0.0006210 secs], 0.0023393 secs]
 [Times: user=0.00 sys=0.00, real=0.00 secs] 
2016-06-26T19:42:51.323+0300: 0.560: Total time for which application threads were stopped: 0.0027973 seconds, Stopping threads took: 0.0002468 seconds
2016-06-26T19:42:51.324+0300: 0.561: [GC pause (G1 Evacuation Pause) (young)
Desired survivor size 1048576 bytes, new threshold 15 (max 15)
- age   1:        240 bytes,        240 total
- age   2:       3632 bytes,       3872 total
- age   3:     402328 bytes,     406200 total
, 0.0009618 secs]
   [Parallel Time: 0.7 ms, GC Workers: 4]
      [GC Worker Start (ms): Min: 561.2, Avg: 561.2, Max: 561.2, Diff: 0.0]
      [Ext Root Scanning (ms): Min: 0.2, Avg: 0.3, Max: 0.3, Diff: 0.1, Sum: 1.0]
      [Update RS (ms): Min: 0.0, Avg: 0.0, Max: 0.0, Diff: 0.0, Sum: 0.0]
         [Processed Buffers: Min: 0, Avg: 0.0, Max: 0, Diff: 0, Sum: 0]
      [Scan RS (ms): Min: 0.0, Avg: 0.0, Max: 0.0, Diff: 0.0, Sum: 0.0]
      [Code Root Scanning (ms): Min: 0.0, Avg: 0.0, Max: 0.0, Diff: 0.0, Sum: 0.0]
      [Object Copy (ms): Min: 0.4, Avg: 0.4, Max: 0.4, Diff: 0.1, Sum: 1.7]
      [Termination (ms): Min: 0.0, Avg: 0.0, Max: 0.0, Diff: 0.0, Sum: 0.0]
         [Termination Attempts: Min: 1, Avg: 1.3, Max: 2, Diff: 1, Sum: 5]
      [GC Worker Other (ms): Min: 0.0, Avg: 0.0, Max: 0.0, Diff: 0.0, Sum: 0.0]
      [GC Worker Total (ms): Min: 0.7, Avg: 0.7, Max: 0.7, Diff: 0.0, Sum: 2.8]
      [GC Worker End (ms): Min: 561.9, Avg: 561.9, Max: 561.9, Diff: 0.0]
   [Code Root Fixup: 0.0 ms]
   [Code Root Purge: 0.0 ms]
   [Clear CT: 0.0 ms]
   [Other: 0.2 ms]
      [Choose CSet: 0.0 ms]
      [Ref Proc: 0.0 ms]
      [Ref Enq: 0.0 ms]
      [Redirty Cards: 0.0 ms]
      [Humongous Register: 0.0 ms]
      [Humongous Reclaim: 0.0 ms]
      [Free CSet: 0.0 ms]
   [Eden: 2048.0K(12.0M)->0.0B(13.0M) Survivors: 1024.0K->1024.0K Heap: 277.9M(285.0M)->275.9M(286.0M)]
 [Times: user=0.00 sys=0.00, real=0.00 secs] 
2016-06-26T19:42:51.326+0300: 0.562: Total time for which application threads were stopped: 0.0022837 seconds, Stopping threads took: 0.0010298 seconds
2016-06-26T19:42:51.327+0300: 0.563: [GC pause (G1 Evacuation Pause) (young)
Desired survivor size 1048576 bytes, new threshold 15 (max 15)
- age   1:       1184 bytes,       1184 total
- age   2:        184 bytes,       1368 total
- age   3:       3576 bytes,       4944 total
- age   4:     402328 bytes,     407272 total
, 0.0009507 secs]
   [Parallel Time: 0.7 ms, GC Workers: 4]
      [GC Worker Start (ms): Min: 563.4, Avg: 563.4, Max: 563.4, Diff: 0.0]
      [Ext Root Scanning (ms): Min: 0.3, Avg: 0.3, Max: 0.3, Diff: 0.1, Sum: 1.1]
      [Update RS (ms): Min: 0.0, Avg: 0.0, Max: 0.0, Diff: 0.0, Sum: 0.0]
         [Processed Buffers: Min: 0, Avg: 0.0, Max: 0, Diff: 0, Sum: 0]
      [Scan RS (ms): Min: 0.0, Avg: 0.0, Max: 0.0, Diff: 0.0, Sum: 0.0]
      [Code Root Scanning (ms): Min: 0.0, Avg: 0.0, Max: 0.0, Diff: 0.0, Sum: 0.0]
      [Object Copy (ms): Min: 0.4, Avg: 0.4, Max: 0.4, Diff: 0.1, Sum: 1.7]
      [Termination (ms): Min: 0.0, Avg: 0.0, Max: 0.0, Diff: 0.0, Sum: 0.0]
         [Termination Attempts: Min: 1, Avg: 2.0, Max: 3, Diff: 2, Sum: 8]
      [GC Worker Other (ms): Min: 0.0, Avg: 0.0, Max: 0.0, Diff: 0.0, Sum: 0.0]
      [GC Worker Total (ms): Min: 0.7, Avg: 0.7, Max: 0.7, Diff: 0.0, Sum: 2.9]
      [GC Worker End (ms): Min: 564.2, Avg: 564.2, Max: 564.2, Diff: 0.0]
   [Code Root Fixup: 0.0 ms]
   [Code Root Purge: 0.0 ms]
   [Clear CT: 0.0 ms]
   [Other: 0.2 ms]
      [Choose CSet: 0.0 ms]
      [Ref Proc: 0.0 ms]
      [Ref Enq: 0.0 ms]
      [Redirty Cards: 0.0 ms]
      [Humongous Register: 0.0 ms]
      [Humongous Reclaim: 0.0 ms]
      [Free CSet: 0.0 ms]
   [Eden: 1024.0K(13.0M)->0.0B(13.0M) Survivors: 1024.0K->1024.0K Heap: 280.8M(288.0M)->279.8M(289.0M)]
 [Times: user=0.00 sys=0.00, real=0.00 secs] 
2016-06-26T19:42:51.328+0300: 0.565: Total time for which application threads were stopped: 0.0020626 seconds, Stopping threads took: 0.0007749 seconds
2016-06-26T19:42:51.329+0300: 0.566: [GC pause (G1 Evacuation Pause) (young)
Desired survivor size 1048576 bytes, new threshold 15 (max 15)
- age   1:        560 bytes,        560 total
- age   2:       1184 bytes,       1744 total
- age   3:        184 bytes,       1928 total
- age   4:       3576 bytes,       5504 total
- age   5:     402328 bytes,     407832 total
, 0.0009609 secs]
   [Parallel Time: 0.7 ms, GC Workers: 4]
      [GC Worker Start (ms): Min: 566.2, Avg: 566.2, Max: 566.3, Diff: 0.0]
      [Ext Root Scanning (ms): Min: 0.3, Avg: 0.3, Max: 0.3, Diff: 0.0, Sum: 1.1]
      [Update RS (ms): Min: 0.0, Avg: 0.0, Max: 0.0, Diff: 0.0, Sum: 0.0]
         [Processed Buffers: Min: 0, Avg: 0.0, Max: 0, Diff: 0, Sum: 0]
      [Scan RS (ms): Min: 0.0, Avg: 0.0, Max: 0.0, Diff: 0.0, Sum: 0.0]
      [Code Root Scanning (ms): Min: 0.0, Avg: 0.0, Max: 0.0, Diff: 0.0, Sum: 0.0]
      [Object Copy (ms): Min: 0.4, Avg: 0.4, Max: 0.5, Diff: 0.1, Sum: 1.7]
      [Termination (ms): Min: 0.0, Avg: 0.0, Max: 0.0, Diff: 0.0, Sum: 0.0]
         [Termination Attempts: Min: 1, Avg: 1.3, Max: 2, Diff: 1, Sum: 5]
      [GC Worker Other (ms): Min: 0.0, Avg: 0.0, Max: 0.0, Diff: 0.0, Sum: 0.0]
      [GC Worker Total (ms): Min: 0.7, Avg: 0.7, Max: 0.7, Diff: 0.0, Sum: 2.9]
      [GC Worker End (ms): Min: 567.0, Avg: 567.0, Max: 567.0, Diff: 0.0]
   [Code Root Fixup: 0.0 ms]
   [Code Root Purge: 0.0 ms]
   [Clear CT: 0.0 ms]
   [Other: 0.2 ms]
      [Choose CSet: 0.0 ms]
      [Ref Proc: 0.0 ms]
      [Ref Enq: 0.0 ms]
      [Redirty Cards: 0.0 ms]
      [Humongous Register: 0.0 ms]
      [Humongous Reclaim: 0.0 ms]
      [Free CSet: 0.0 ms]
   [Eden: 2048.0K(13.0M)->0.0B(13.0M) Survivors: 1024.0K->1024.0K Heap: 287.6M(295.0M)->285.6M(296.0M)]
 [Times: user=0.00 sys=0.00, real=0.00 secs] 
2016-06-26T19:42:51.331+0300: 0.567: Total time for which application threads were stopped: 0.0023243 seconds, Stopping threads took: 0.0010418 seconds
2016-06-26T19:42:51.343+0300: 0.579: [GC pause (G1 Evacuation Pause) (young)
Desired survivor size 1048576 bytes, new threshold 15 (max 15)
- age   1:        880 bytes,        880 total
- age   2:        560 bytes,       1440 total
- age   3:       1184 bytes,       2624 total
- age   4:        184 bytes,       2808 total
- age   5:       3576 bytes,       6384 total
- age   6:     402328 bytes,     408712 total
, 0.0012192 secs]
   [Parallel Time: 0.9 ms, GC Workers: 4]
      [GC Worker Start (ms): Min: 579.5, Avg: 579.6, Max: 579.6, Diff: 0.0]
      [Ext Root Scanning (ms): Min: 0.3, Avg: 0.4, Max: 0.5, Diff: 0.2, Sum: 1.4]
      [Update RS (ms): Min: 0.0, Avg: 0.0, Max: 0.0, Diff: 0.0, Sum: 0.0]
         [Processed Buffers: Min: 0, Avg: 0.0, Max: 0, Diff: 0, Sum: 0]
      [Scan RS (ms): Min: 0.0, Avg: 0.0, Max: 0.0, Diff: 0.0, Sum: 0.0]
      [Code Root Scanning (ms): Min: 0.0, Avg: 0.0, Max: 0.0, Diff: 0.0, Sum: 0.0]
      [Object Copy (ms): Min: 0.4, Avg: 0.5, Max: 0.6, Diff: 0.2, Sum: 2.1]
      [Termination (ms): Min: 0.0, Avg: 0.0, Max: 0.0, Diff: 0.0, Sum: 0.0]
         [Termination Attempts: Min: 1, Avg: 1.0, Max: 1, Diff: 0, Sum: 4]
      [GC Worker Other (ms): Min: 0.0, Avg: 0.0, Max: 0.0, Diff: 0.0, Sum: 0.0]
      [GC Worker Total (ms): Min: 0.9, Avg: 0.9, Max: 0.9, Diff: 0.0, Sum: 3.6]
      [GC Worker End (ms): Min: 580.4, Avg: 580.4, Max: 580.4, Diff: 0.0]
   [Code Root Fixup: 0.0 ms]
   [Code Root Purge: 0.0 ms]
   [Clear CT: 0.0 ms]
   [Other: 0.3 ms]
      [Choose CSet: 0.0 ms]
      [Ref Proc: 0.0 ms]
      [Ref Enq: 0.0 ms]
      [Redirty Cards: 0.0 ms]
      [Humongous Register: 0.0 ms]
      [Humongous Reclaim: 0.0 ms]
      [Free CSet: 0.0 ms]
   [Eden: 3072.0K(13.0M)->0.0B(14.0M) Survivors: 1024.0K->1024.0K Heap: 296.5M(304.0M)->293.6M(305.0M)]
 [Times: user=0.00 sys=0.00, real=0.00 secs] 
2016-06-26T19:42:51.344+0300: 0.581: Total time for which application threads were stopped: 0.0017380 seconds, Stopping threads took: 0.0000855 seconds
2016-06-26T19:42:51.365+0300: 0.601: [GC cleanup 311M->311M(321M), 0.0002955 secs]
 [Times: user=0.00 sys=0.00, real=0.00 secs] 
2016-06-26T19:42:51.365+0300: 0.602: Total time for which application threads were stopped: 0.0008271 seconds, Stopping threads took: 0.0002955 seconds
2016-06-26T19:42:51.414+0300: 0.651: [GC pause (G1 Evacuation Pause) (young)
Desired survivor size 1048576 bytes, new threshold 15 (max 15)
- age   1:       1352 bytes,       1352 total
- age   2:        880 bytes,       2232 total
- age   3:        560 bytes,       2792 total
- age   4:       1184 bytes,       3976 total
- age   5:        184 bytes,       4160 total
- age   6:       3576 bytes,       7736 total
- age   7:     402328 bytes,     410064 total
, 0.0010704 secs]
   [Parallel Time: 0.8 ms, GC Workers: 4]
      [GC Worker Start (ms): Min: 650.6, Avg: 650.7, Max: 650.7, Diff: 0.0]
      [Ext Root Scanning (ms): Min: 0.3, Avg: 0.3, Max: 0.3, Diff: 0.0, Sum: 1.3]
      [Update RS (ms): Min: 0.0, Avg: 0.0, Max: 0.0, Diff: 0.0, Sum: 0.0]
         [Processed Buffers: Min: 0, Avg: 0.0, Max: 0, Diff: 0, Sum: 0]
      [Scan RS (ms): Min: 0.0, Avg: 0.0, Max: 0.0, Diff: 0.0, Sum: 0.0]
      [Code Root Scanning (ms): Min: 0.0, Avg: 0.0, Max: 0.0, Diff: 0.0, Sum: 0.0]
      [Object Copy (ms): Min: 0.4, Avg: 0.4, Max: 0.4, Diff: 0.0, Sum: 1.7]
      [Termination (ms): Min: 0.0, Avg: 0.0, Max: 0.0, Diff: 0.0, Sum: 0.0]
         [Termination Attempts: Min: 1, Avg: 1.0, Max: 1, Diff: 0, Sum: 4]
      [GC Worker Other (ms): Min: 0.0, Avg: 0.0, Max: 0.0, Diff: 0.0, Sum: 0.0]
      [GC Worker Total (ms): Min: 0.8, Avg: 0.8, Max: 0.8, Diff: 0.0, Sum: 3.1]
      [GC Worker End (ms): Min: 651.4, Avg: 651.4, Max: 651.4, Diff: 0.0]
   [Code Root Fixup: 0.0 ms]
   [Code Root Purge: 0.0 ms]
   [Clear CT: 0.0 ms]
   [Other: 0.2 ms]
      [Choose CSet: 0.0 ms]
      [Ref Proc: 0.0 ms]
      [Ref Enq: 0.0 ms]
      [Redirty Cards: 0.0 ms]
      [Humongous Register: 0.1 ms]
      [Humongous Reclaim: 0.0 ms]
      [Free CSet: 0.0 ms]
   [Eden: 4096.0K(14.0M)->0.0B(17.0M) Survivors: 1024.0K->1024.0K Heap: 350.3M(359.0M)->346.2M(360.0M)]
 [Times: user=0.00 sys=0.00, real=0.00 secs] 
2016-06-26T19:42:51.415+0300: 0.652: Total time for which application threads were stopped: 0.0020164 seconds, Stopping threads took: 0.0005465 seconds
2016-06-26T19:42:51.466+0300: 0.703: [GC pause (G1 Humongous Allocation) (young) (initial-mark)
Desired survivor size 1572864 bytes, new threshold 15 (max 15)
- age   1:       2264 bytes,       2264 total
- age   2:       1296 bytes,       3560 total
- age   3:        880 bytes,       4440 total
- age   4:        560 bytes,       5000 total
- age   5:       1128 bytes,       6128 total
- age   6:        184 bytes,       6312 total
- age   7:       3576 bytes,       9888 total
- age   8:     402328 bytes,     412216 total
, 0.0011316 secs]
   [Parallel Time: 0.7 ms, GC Workers: 4]
      [GC Worker Start (ms): Min: 703.5, Avg: 703.5, Max: 703.5, Diff: 0.0]
      [Ext Root Scanning (ms): Min: 0.3, Avg: 0.3, Max: 0.3, Diff: 0.0, Sum: 1.1]
      [Update RS (ms): Min: 0.0, Avg: 0.0, Max: 0.0, Diff: 0.0, Sum: 0.0]
         [Processed Buffers: Min: 0, Avg: 0.0, Max: 0, Diff: 0, Sum: 0]
      [Scan RS (ms): Min: 0.0, Avg: 0.0, Max: 0.0, Diff: 0.0, Sum: 0.0]
      [Code Root Scanning (ms): Min: 0.0, Avg: 0.0, Max: 0.0, Diff: 0.0, Sum: 0.0]
      [Object Copy (ms): Min: 0.4, Avg: 0.4, Max: 0.4, Diff: 0.0, Sum: 1.7]
      [Termination (ms): Min: 0.0, Avg: 0.0, Max: 0.0, Diff: 0.0, Sum: 0.0]
         [Termination Attempts: Min: 1, Avg: 1.5, Max: 3, Diff: 2, Sum: 6]
      [GC Worker Other (ms): Min: 0.0, Avg: 0.0, Max: 0.0, Diff: 0.0, Sum: 0.0]
      [GC Worker Total (ms): Min: 0.7, Avg: 0.7, Max: 0.7, Diff: 0.0, Sum: 2.9]
      [GC Worker End (ms): Min: 704.2, Avg: 704.2, Max: 704.2, Diff: 0.0]
   [Code Root Fixup: 0.0 ms]
   [Code Root Purge: 0.0 ms]
   [Clear CT: 0.0 ms]
   [Other: 0.4 ms]
      [Choose CSet: 0.0 ms]
      [Ref Proc: 0.0 ms]
      [Ref Enq: 0.0 ms]
      [Redirty Cards: 0.0 ms]
      [Humongous Register: 0.1 ms]
      [Humongous Reclaim: 0.0 ms]
      [Free CSet: 0.0 ms]
   [Eden: 1024.0K(17.0M)->0.0B(17.0M) Survivors: 1024.0K->1024.0K Heap: 347.2M(360.0M)->346.2M(360.0M)]
 [Times: user=0.01 sys=0.00, real=0.00 secs] 
2016-06-26T19:42:51.468+0300: 0.705: 2016-06-26T19:42:51.468+0300[GC concurrent-root-region-scan-start]
: 0.705: Total time for which application threads were stopped: 0.0015396 seconds, Stopping threads took: 0.0000757 seconds
2016-06-26T19:42:51.468+0300: 0.705: [GC concurrent-root-region-scan-end, 0.0006081 secs]
2016-06-26T19:42:51.468+0300: 0.705: [GC concurrent-mark-start]
2016-06-26T19:42:51.471+0300: 0.707: [GC concurrent-mark-end, 0.0002532 secs]
2016-06-26T19:42:51.503+0300: 0.739: [GC remark 2016-06-26T19:42:51.503+0300: 0.739: [Finalize Marking, 0.0000911 secs] 2016-06-26T19:42:51.503+0300: 0.739: [GC ref-proc, 0.0000560 secs] 2016-06-26T19:42:51.503+0300: 0.739: [Unloading, 0.0005619 secs], 0.0031847 secs]
 [Times: user=0.00 sys=0.00, real=0.00 secs] 
2016-06-26T19:42:51.506+0300: 0.742: Total time for which application threads were stopped: 0.0039135 seconds, Stopping threads took: 0.0004067 seconds
2016-06-26T19:42:51.539+0300: 0.775: Total time for which application threads were stopped: 0.0005307 seconds, Stopping threads took: 0.0003190 seconds
2016-06-26T19:42:51.573+0300: 0.809: [GC cleanup 419M->419M(432M), 0.0003096 secs]
 [Times: user=0.00 sys=0.00, real=0.00 secs] 
2016-06-26T19:42:51.573+0300: 0.809: Total time for which application threads were stopped: 0.0014134 seconds, Stopping threads took: 0.0008981 seconds
2016-06-26T19:42:51.801+0300: 1.038: [GC pause (G1 Humongous Allocation) (young) (initial-mark)
Desired survivor size 1572864 bytes, new threshold 15 (max 15)
- age   1:        368 bytes,        368 total
- age   2:       2264 bytes,       2632 total
- age   3:       1240 bytes,       3872 total
- age   4:        880 bytes,       4752 total
- age   5:        560 bytes,       5312 total
- age   6:       1128 bytes,       6440 total
- age   7:        184 bytes,       6624 total
- age   8:       3576 bytes,      10200 total
- age   9:     402328 bytes,     412528 total
, 0.0013223 secs]
   [Parallel Time: 0.9 ms, GC Workers: 4]
      [GC Worker Start (ms): Min: 1038.1, Avg: 1038.1, Max: 1038.1, Diff: 0.0]
      [Ext Root Scanning (ms): Min: 0.3, Avg: 0.3, Max: 0.3, Diff: 0.0, Sum: 1.3]
      [Update RS (ms): Min: 0.0, Avg: 0.0, Max: 0.0, Diff: 0.0, Sum: 0.0]
         [Processed Buffers: Min: 0, Avg: 0.0, Max: 0, Diff: 0, Sum: 0]
      [Scan RS (ms): Min: 0.0, Avg: 0.0, Max: 0.0, Diff: 0.0, Sum: 0.0]
      [Code Root Scanning (ms): Min: 0.0, Avg: 0.0, Max: 0.0, Diff: 0.0, Sum: 0.0]
      [Object Copy (ms): Min: 0.5, Avg: 0.5, Max: 0.5, Diff: 0.0, Sum: 1.9]
      [Termination (ms): Min: 0.0, Avg: 0.0, Max: 0.0, Diff: 0.0, Sum: 0.0]
         [Termination Attempts: Min: 1, Avg: 1.5, Max: 3, Diff: 2, Sum: 6]
      [GC Worker Other (ms): Min: 0.0, Avg: 0.0, Max: 0.0, Diff: 0.0, Sum: 0.0]
      [GC Worker Total (ms): Min: 0.8, Avg: 0.8, Max: 0.8, Diff: 0.0, Sum: 3.3]
      [GC Worker End (ms): Min: 1038.9, Avg: 1038.9, Max: 1038.9, Diff: 0.0]
   [Code Root Fixup: 0.0 ms]
   [Code Root Purge: 0.0 ms]
   [Clear CT: 0.0 ms]
   [Other: 0.4 ms]
      [Choose CSet: 0.0 ms]
      [Ref Proc: 0.0 ms]
      [Ref Enq: 0.0 ms]
      [Redirty Cards: 0.0 ms]
      [Humongous Register: 0.1 ms]
      [Humongous Reclaim: 0.1 ms]
      [Free CSet: 0.0 ms]
   [Eden: 5120.0K(17.0M)->0.0B(28.0M) Survivors: 1024.0K->1024.0K Heap: 583.6M(598.0M)->578.6M(599.0M)]
 [Times: user=0.00 sys=0.00, real=0.00 secs] 
2016-06-26T19:42:51.803+0300: 1.039: [GC concurrent-root-region-scan-start]
2016-06-26T19:42:51.803+0300: 1.039: Total time for which application threads were stopped: 0.0022448 seconds, Stopping threads took: 0.0005299 seconds
2016-06-26T19:42:51.804+0300: 1.040: [GC concurrent-root-region-scan-end, 0.0006744 secs]
2016-06-26T19:42:51.804+0300: 1.040: [GC concurrent-mark-start]
2016-06-26T19:42:51.804+0300: 1.040: [GC concurrent-mark-end, 0.0003584 secs]
2016-06-26T19:42:51.833+0300: 1.069: [GC remark 2016-06-26T19:42:51.833+0300: 1.069: [Finalize Marking, 0.0001065 secs] 2016-06-26T19:42:51.833+0300: 1.069: [GC ref-proc, 0.0000671 secs] 2016-06-26T19:42:51.833+0300: 1.069: [Unloading, 0.0005987 secs], 0.0040529 secs]
 [Times: user=0.00 sys=0.00, real=0.00 secs] 
2016-06-26T19:42:51.837+0300: 1.073: Total time for which application threads were stopped: 0.0061732 seconds, Stopping threads took: 0.0018911 seconds
2016-06-26T19:42:51.838+0300: 1.075: [GC cleanup 598M->598M(617M), 0.0005089 secs]
 [Times: user=0.00 sys=0.00, real=0.00 secs] 
2016-06-26T19:42:51.839+0300: 1.075: Total time for which application threads were stopped: 0.0012038 seconds, Stopping threads took: 0.0003674 seconds
2016-06-26T19:42:51.906+0300: 1.143: [GC pause (G1 Evacuation Pause) (young)
Desired survivor size 2097152 bytes, new threshold 15 (max 15)
- age   1:       2472 bytes,       2472 total
- age   2:        312 bytes,       2784 total
- age   3:       1648 bytes,       4432 total
- age   4:       1240 bytes,       5672 total
- age   5:        880 bytes,       6552 total
- age   6:        560 bytes,       7112 total
- age   7:       1072 bytes,       8184 total
- age   8:        128 bytes,       8312 total
- age   9:       3464 bytes,      11776 total
- age  10:     402328 bytes,     414104 total
, 0.0011187 secs]
   [Parallel Time: 0.8 ms, GC Workers: 4]
      [GC Worker Start (ms): Min: 1143.2, Avg: 1143.2, Max: 1143.2, Diff: 0.0]
      [Ext Root Scanning (ms): Min: 0.3, Avg: 0.3, Max: 0.3, Diff: 0.0, Sum: 1.1]
      [Update RS (ms): Min: 0.0, Avg: 0.0, Max: 0.0, Diff: 0.0, Sum: 0.0]
         [Processed Buffers: Min: 0, Avg: 0.0, Max: 0, Diff: 0, Sum: 0]
      [Scan RS (ms): Min: 0.0, Avg: 0.0, Max: 0.0, Diff: 0.0, Sum: 0.0]
      [Code Root Scanning (ms): Min: 0.0, Avg: 0.0, Max: 0.0, Diff: 0.0, Sum: 0.0]
      [Object Copy (ms): Min: 0.4, Avg: 0.4, Max: 0.5, Diff: 0.0, Sum: 1.8]
      [Termination (ms): Min: 0.0, Avg: 0.0, Max: 0.0, Diff: 0.0, Sum: 0.0]
         [Termination Attempts: Min: 1, Avg: 1.0, Max: 1, Diff: 0, Sum: 4]
      [GC Worker Other (ms): Min: 0.0, Avg: 0.0, Max: 0.0, Diff: 0.0, Sum: 0.0]
      [GC Worker Total (ms): Min: 0.7, Avg: 0.7, Max: 0.7, Diff: 0.0, Sum: 3.0]
      [GC Worker End (ms): Min: 1143.9, Avg: 1143.9, Max: 1143.9, Diff: 0.0]
   [Code Root Fixup: 0.0 ms]
   [Code Root Purge: 0.0 ms]
   [Clear CT: 0.0 ms]
   [Other: 0.3 ms]
      [Choose CSet: 0.0 ms]
      [Ref Proc: 0.0 ms]
      [Ref Enq: 0.0 ms]
      [Redirty Cards: 0.0 ms]
      [Humongous Register: 0.1 ms]
      [Humongous Reclaim: 0.0 ms]
      [Free CSet: 0.0 ms]
   [Eden: 6144.0K(28.0M)->0.0B(32.0M) Survivors: 1024.0K->1024.0K Heap: 643.2M(659.0M)->637.2M(660.0M)]
 [Times: user=0.00 sys=0.00, real=0.00 secs] 
2016-06-26T19:42:51.908+0300: 1.144: Total time for which application threads were stopped: 0.0022093 seconds, Stopping threads took: 0.0006633 seconds
2016-06-26T19:42:51.908+0300: 1.145: [GC pause (G1 Humongous Allocation) (young) (initial-mark)
Desired survivor size 2621440 bytes, new threshold 15 (max 15)
- age   1:       1440 bytes,       1440 total
- age   2:       1688 bytes,       3128 total
- age   3:        312 bytes,       3440 total
- age   4:       1592 bytes,       5032 total
- age   5:       1240 bytes,       6272 total
- age   6:        880 bytes,       7152 total
- age   7:        560 bytes,       7712 total
- age   8:        904 bytes,       8616 total
- age   9:         72 bytes,       8688 total
- age  10:       3464 bytes,      12152 total
- age  11:     402328 bytes,     414480 total
, 0.0011902 secs]
   [Parallel Time: 0.8 ms, GC Workers: 4]
      [GC Worker Start (ms): Min: 1144.8, Avg: 1144.8, Max: 1144.8, Diff: 0.0]
      [Ext Root Scanning (ms): Min: 0.3, Avg: 0.3, Max: 0.3, Diff: 0.0, Sum: 1.1]
      [Update RS (ms): Min: 0.0, Avg: 0.0, Max: 0.0, Diff: 0.0, Sum: 0.0]
         [Processed Buffers: Min: 0, Avg: 0.0, Max: 0, Diff: 0, Sum: 0]
      [Scan RS (ms): Min: 0.0, Avg: 0.0, Max: 0.0, Diff: 0.0, Sum: 0.0]
      [Code Root Scanning (ms): Min: 0.0, Avg: 0.0, Max: 0.0, Diff: 0.0, Sum: 0.0]
      [Object Copy (ms): Min: 0.4, Avg: 0.4, Max: 0.5, Diff: 0.0, Sum: 1.8]
      [Termination (ms): Min: 0.0, Avg: 0.0, Max: 0.0, Diff: 0.0, Sum: 0.0]
         [Termination Attempts: Min: 1, Avg: 1.3, Max: 2, Diff: 1, Sum: 5]
      [GC Worker Other (ms): Min: 0.0, Avg: 0.0, Max: 0.0, Diff: 0.0, Sum: 0.0]
      [GC Worker Total (ms): Min: 0.7, Avg: 0.7, Max: 0.8, Diff: 0.0, Sum: 3.0]
      [GC Worker End (ms): Min: 1145.6, Avg: 1145.6, Max: 1145.6, Diff: 0.0]
   [Code Root Fixup: 0.0 ms]
   [Code Root Purge: 0.0 ms]
   [Clear CT: 0.0 ms]
   [Other: 0.4 ms]
      [Choose CSet: 0.0 ms]
      [Ref Proc: 0.0 ms]
      [Ref Enq: 0.0 ms]
      [Redirty Cards: 0.0 ms]
      [Humongous Register: 0.1 ms]
      [Humongous Reclaim: 0.0 ms]
      [Free CSet: 0.0 ms]
   [Eden: 1024.0K(32.0M)->0.0B(32.0M) Survivors: 1024.0K->1024.0K Heap: 637.9M(660.0M)->637.2M(660.0M)]
 [Times: user=0.00 sys=0.00, real=0.00 secs] 
2016-06-26T19:42:51.909+0300: 1.146: 2016-06-26T19:42:51.909+0300[GC concurrent-root-region-scan-start]
: 1.146: Total time for which application threads were stopped: 0.0015746 seconds, Stopping threads took: 0.0000500 seconds
2016-06-26T19:42:51.910+0300: 1.147: [GC concurrent-root-region-scan-end, 0.0007180 secs]
2016-06-26T19:42:51.910+0300: 1.147: [GC concurrent-mark-start]
2016-06-26T19:42:51.911+0300: 1.147: [GC concurrent-mark-end, 0.0003699 secs]
2016-06-26T19:42:51.943+0300: 1.179: [GC remark 2016-06-26T19:42:51.943+0300: 1.180: [Finalize Marking, 0.0005294 secs] 2016-06-26T19:42:51.943+0300: 1.180: [GC ref-proc, 0.0000714 secs] 2016-06-26T19:42:51.944+0300: 1.180: [Unloading, 0.0006056 secs], 0.0047979 secs]
 [Times: user=0.00 sys=0.00, real=0.00 secs] 
2016-06-26T19:42:51.948+0300: 1.184: Total time for which application threads were stopped: 0.0056750 seconds, Stopping threads took: 0.0006560 seconds
2016-06-26T19:42:52.044+0300: 1.281: [GC cleanup 736M->736M(754M), 0.0003896 secs]
 [Times: user=0.00 sys=0.00, real=0.00 secs] 
2016-06-26T19:42:52.045+0300: 1.281: Total time for which application threads were stopped: 0.0014160 seconds, Stopping threads took: 0.0008292 seconds
2016-06-26T19:42:52.142+0300: 1.379: [GC pause (G1 Evacuation Pause) (young)
Desired survivor size 2621440 bytes, new threshold 15 (max 15)
- age   1:        256 bytes,        256 total
- age   2:       1440 bytes,       1696 total
- age   3:       1688 bytes,       3384 total
- age   4:        312 bytes,       3696 total
- age   5:       1536 bytes,       5232 total
- age   6:       1240 bytes,       6472 total
- age   7:        880 bytes,       7352 total
- age   8:        560 bytes,       7912 total
- age   9:        848 bytes,       8760 total
- age  10:         72 bytes,       8832 total
- age  11:       3464 bytes,      12296 total
- age  12:     402328 bytes,     414624 total
, 0.0013454 secs]
   [Parallel Time: 0.8 ms, GC Workers: 4]
      [GC Worker Start (ms): Min: 1379.5, Avg: 1379.5, Max: 1379.5, Diff: 0.0]
      [Ext Root Scanning (ms): Min: 0.3, Avg: 0.3, Max: 0.3, Diff: 0.0, Sum: 1.2]
      [Update RS (ms): Min: 0.0, Avg: 0.0, Max: 0.0, Diff: 0.0, Sum: 0.0]
         [Processed Buffers: Min: 0, Avg: 0.0, Max: 0, Diff: 0, Sum: 0]
      [Scan RS (ms): Min: 0.0, Avg: 0.0, Max: 0.0, Diff: 0.0, Sum: 0.0]
      [Code Root Scanning (ms): Min: 0.0, Avg: 0.0, Max: 0.0, Diff: 0.0, Sum: 0.0]
      [Object Copy (ms): Min: 0.4, Avg: 0.4, Max: 0.5, Diff: 0.1, Sum: 1.8]
      [Termination (ms): Min: 0.0, Avg: 0.0, Max: 0.0, Diff: 0.0, Sum: 0.0]
         [Termination Attempts: Min: 1, Avg: 1.5, Max: 2, Diff: 1, Sum: 6]
      [GC Worker Other (ms): Min: 0.0, Avg: 0.0, Max: 0.0, Diff: 0.0, Sum: 0.0]
      [GC Worker Total (ms): Min: 0.7, Avg: 0.8, Max: 0.8, Diff: 0.0, Sum: 3.0]
      [GC Worker End (ms): Min: 1380.2, Avg: 1380.2, Max: 1380.2, Diff: 0.0]
   [Code Root Fixup: 0.0 ms]
   [Code Root Purge: 0.0 ms]
   [Clear CT: 0.0 ms]
   [Other: 0.5 ms]
      [Choose CSet: 0.0 ms]
      [Ref Proc: 0.0 ms]
      [Ref Enq: 0.0 ms]
      [Redirty Cards: 0.0 ms]
      [Humongous Register: 0.2 ms]
      [Humongous Reclaim: 0.1 ms]
      [Free CSet: 0.0 ms]
   [Eden: 7168.0K(32.0M)->0.0B(40.0M) Survivors: 1024.0K->1024.0K Heap: 800.5M(820.0M)->735.0M(821.0M)]
 [Times: user=0.00 sys=0.00, real=0.00 secs] 
2016-06-26T19:42:52.144+0300: 1.381: Total time for which application threads were stopped: 0.0024765 seconds, Stopping threads took: 0.0007270 seconds
2016-06-26T19:42:52.144+0300: 1.381: [GC pause (G1 Humongous Allocation) (young) (initial-mark)
Desired survivor size 3145728 bytes, new threshold 15 (max 15)
- age   1:       4512 bytes,       4512 total
- age   2:        200 bytes,       4712 total
- age   3:        672 bytes,       5384 total
- age   4:       1304 bytes,       6688 total
- age   5:        256 bytes,       6944 total
- age   6:       1312 bytes,       8256 total
- age   7:       1240 bytes,       9496 total
- age   8:        880 bytes,      10376 total
- age   9:        504 bytes,      10880 total
- age  10:        792 bytes,      11672 total
- age  11:         72 bytes,      11744 total
- age  12:       3432 bytes,      15176 total
- age  13:     402160 bytes,     417336 total
, 0.0011542 secs]
   [Parallel Time: 0.8 ms, GC Workers: 4]
      [GC Worker Start (ms): Min: 1381.3, Avg: 1381.3, Max: 1381.3, Diff: 0.0]
      [Ext Root Scanning (ms): Min: 0.3, Avg: 0.3, Max: 0.3, Diff: 0.0, Sum: 1.1]
      [Update RS (ms): Min: 0.0, Avg: 0.0, Max: 0.0, Diff: 0.0, Sum: 0.0]
         [Processed Buffers: Min: 0, Avg: 0.0, Max: 0, Diff: 0, Sum: 0]
      [Scan RS (ms): Min: 0.0, Avg: 0.0, Max: 0.0, Diff: 0.0, Sum: 0.0]
      [Code Root Scanning (ms): Min: 0.0, Avg: 0.0, Max: 0.0, Diff: 0.0, Sum: 0.0]
      [Object Copy (ms): Min: 0.4, Avg: 0.4, Max: 0.4, Diff: 0.0, Sum: 1.8]
      [Termination (ms): Min: 0.0, Avg: 0.0, Max: 0.0, Diff: 0.0, Sum: 0.0]
         [Termination Attempts: Min: 1, Avg: 1.5, Max: 2, Diff: 1, Sum: 6]
      [GC Worker Other (ms): Min: 0.0, Avg: 0.0, Max: 0.0, Diff: 0.0, Sum: 0.0]
      [GC Worker Total (ms): Min: 0.7, Avg: 0.7, Max: 0.7, Diff: 0.0, Sum: 2.9]
      [GC Worker End (ms): Min: 1382.0, Avg: 1382.0, Max: 1382.0, Diff: 0.0]
   [Code Root Fixup: 0.0 ms]
   [Code Root Purge: 0.0 ms]
   [Clear CT: 0.0 ms]
   [Other: 0.4 ms]
      [Choose CSet: 0.0 ms]
      [Ref Proc: 0.0 ms]
      [Ref Enq: 0.0 ms]
      [Redirty Cards: 0.0 ms]
      [Humongous Register: 0.1 ms]
      [Humongous Reclaim: 0.0 ms]
      [Free CSet: 0.0 ms]
   [Eden: 1024.0K(40.0M)->0.0B(40.0M) Survivors: 1024.0K->1024.0K Heap: 735.3M(821.0M)->734.9M(821.0M)]
 [Times: user=0.00 sys=0.00, real=0.00 secs] 
2016-06-26T19:42:52.146+03002016-06-26T19:42:52.146+0300: : 1.3821.382: : [GC concurrent-root-region-scan-start]
Total time for which application threads were stopped: 0.0015840 seconds, Stopping threads took: 0.0000423 seconds
2016-06-26T19:42:52.146+0300: 1.383: [GC concurrent-root-region-scan-end, 0.0007830 secs]
2016-06-26T19:42:52.146+0300: 1.383: [GC concurrent-mark-start]
2016-06-26T19:42:52.148+0300: 1.385: [GC concurrent-mark-end, 0.0004580 secs]
2016-06-26T19:42:52.178+0300: 1.415: [GC remark 2016-06-26T19:42:52.178+0300: 1.415: [Finalize Marking, 0.0001043 secs] 2016-06-26T19:42:52.178+0300: 1.415: [GC ref-proc, 0.0000637 secs] 2016-06-26T19:42:52.178+0300: 1.415: [Unloading, 0.0005932 secs], 0.0048825 secs]
 [Times: user=0.00 sys=0.00, real=0.01 secs] 
2016-06-26T19:42:52.183+0300: 1.420: Total time for which application threads were stopped: 0.0053286 seconds, Stopping threads took: 0.0002309 seconds
2016-06-26T19:42:52.185+0300: 1.422: [GC cleanup 762M->762M(821M), 0.0003956 secs]
 [Times: user=0.00 sys=0.00, real=0.00 secs] 
2016-06-26T19:42:52.186+0300: 1.422: Total time for which application threads were stopped: 0.0006385 seconds, Stopping threads took: 0.0000599 seconds
2016-06-26T19:42:52.442+0300: 1.679: [GC pause (G1 Evacuation Pause) (young)
Desired survivor size 3145728 bytes, new threshold 15 (max 15)
- age   1:        128 bytes,        128 total
- age   2:       7688 bytes,       7816 total
- age   3:        200 bytes,       8016 total
- age   4:        672 bytes,       8688 total
- age   5:       1304 bytes,       9992 total
- age   6:        256 bytes,      10248 total
- age   7:       1312 bytes,      11560 total
- age   8:       1240 bytes,      12800 total
- age   9:        880 bytes,      13680 total
- age  10:        448 bytes,      14128 total
- age  11:        792 bytes,      14920 total
- age  12:         72 bytes,      14992 total
- age  13:       3432 bytes,      18424 total
- age  14:     402160 bytes,     420584 total
, 0.0013180 secs]
   [Parallel Time: 0.9 ms, GC Workers: 4]
      [GC Worker Start (ms): Min: 1679.2, Avg: 1679.2, Max: 1679.2, Diff: 0.0]
      [Ext Root Scanning (ms): Min: 0.4, Avg: 0.4, Max: 0.4, Diff: 0.0, Sum: 1.4]
      [Update RS (ms): Min: 0.0, Avg: 0.0, Max: 0.0, Diff: 0.0, Sum: 0.0]
         [Processed Buffers: Min: 0, Avg: 0.0, Max: 0, Diff: 0, Sum: 0]
      [Scan RS (ms): Min: 0.0, Avg: 0.0, Max: 0.0, Diff: 0.0, Sum: 0.0]
      [Code Root Scanning (ms): Min: 0.0, Avg: 0.0, Max: 0.0, Diff: 0.0, Sum: 0.0]
      [Object Copy (ms): Min: 0.4, Avg: 0.5, Max: 0.5, Diff: 0.0, Sum: 1.8]
      [Termination (ms): Min: 0.0, Avg: 0.0, Max: 0.0, Diff: 0.0, Sum: 0.0]
         [Termination Attempts: Min: 1, Avg: 1.0, Max: 1, Diff: 0, Sum: 4]
      [GC Worker Other (ms): Min: 0.0, Avg: 0.0, Max: 0.0, Diff: 0.0, Sum: 0.0]
      [GC Worker Total (ms): Min: 0.8, Avg: 0.8, Max: 0.8, Diff: 0.0, Sum: 3.3]
      [GC Worker End (ms): Min: 1680.0, Avg: 1680.0, Max: 1680.0, Diff: 0.0]
   [Code Root Fixup: 0.0 ms]
   [Code Root Purge: 0.0 ms]
   [Clear CT: 0.0 ms]
   [Other: 0.4 ms]
      [Choose CSet: 0.0 ms]
      [Ref Proc: 0.0 ms]
      [Ref Enq: 0.0 ms]
      [Redirty Cards: 0.0 ms]
      [Humongous Register: 0.1 ms]
      [Humongous Reclaim: 0.1 ms]
      [Free CSet: 0.0 ms]
   [Eden: 14.0M(40.0M)->0.0B(48.0M) Survivors: 1024.0K->1024.0K Heap: 959.8M(983.0M)->887.2M(984.0M)]
 [Times: user=0.00 sys=0.00, real=0.00 secs] 
2016-06-26T19:42:52.444+0300: 1.680: Total time for which application threads were stopped: 0.0023808 seconds, Stopping threads took: 0.0007073 seconds
2016-06-26T19:42:52.444+0300: 1.681: [GC pause (G1 Humongous Allocation) (young) (initial-mark)
Desired survivor size 3670016 bytes, new threshold 15 (max 15)
- age   1:       5912 bytes,       5912 total
- age   2:         72 bytes,       5984 total
- age   3:       6472 bytes,      12456 total
- age   4:        200 bytes,      12656 total
- age   5:        456 bytes,      13112 total
- age   6:       1176 bytes,      14288 total
- age   7:        240 bytes,      14528 total
- age   8:       1312 bytes,      15840 total
- age   9:       1160 bytes,      17000 total
- age  10:        432 bytes,      17432 total
- age  11:        280 bytes,      17712 total
- age  12:        792 bytes,      18504 total
- age  13:         72 bytes,      18576 total
- age  14:       3416 bytes,      21992 total
- age  15:     402088 bytes,     424080 total
, 0.0011662 secs]
   [Parallel Time: 0.8 ms, GC Workers: 4]
      [GC Worker Start (ms): Min: 1680.8, Avg: 1680.8, Max: 1680.8, Diff: 0.0]
      [Ext Root Scanning (ms): Min: 0.3, Avg: 0.3, Max: 0.3, Diff: 0.0, Sum: 1.2]
      [Update RS (ms): Min: 0.0, Avg: 0.0, Max: 0.0, Diff: 0.0, Sum: 0.0]
         [Processed Buffers: Min: 0, Avg: 0.0, Max: 0, Diff: 0, Sum: 0]
      [Scan RS (ms): Min: 0.0, Avg: 0.0, Max: 0.0, Diff: 0.0, Sum: 0.0]
      [Code Root Scanning (ms): Min: 0.0, Avg: 0.0, Max: 0.0, Diff: 0.0, Sum: 0.0]
      [Object Copy (ms): Min: 0.5, Avg: 0.5, Max: 0.5, Diff: 0.0, Sum: 1.9]
      [Termination (ms): Min: 0.0, Avg: 0.0, Max: 0.0, Diff: 0.0, Sum: 0.0]
         [Termination Attempts: Min: 1, Avg: 2.0, Max: 4, Diff: 3, Sum: 8]
      [GC Worker Other (ms): Min: 0.0, Avg: 0.0, Max: 0.0, Diff: 0.0, Sum: 0.0]
      [GC Worker Total (ms): Min: 0.8, Avg: 0.8, Max: 0.8, Diff: 0.0, Sum: 3.2]
      [GC Worker End (ms): Min: 1681.6, Avg: 1681.6, Max: 1681.6, Diff: 0.0]
   [Code Root Fixup: 0.0 ms]
   [Code Root Purge: 0.0 ms]
   [Clear CT: 0.0 ms]
   [Other: 0.3 ms]
      [Choose CSet: 0.0 ms]
      [Ref Proc: 0.0 ms]
      [Ref Enq: 0.0 ms]
      [Redirty Cards: 0.0 ms]
      [Humongous Register: 0.1 ms]
      [Humongous Reclaim: 0.0 ms]
      [Free CSet: 0.0 ms]
   [Eden: 1024.0K(48.0M)->0.0B(48.0M) Survivors: 1024.0K->1024.0K Heap: 887.6M(984.0M)->887.5M(984.0M)]
 [Times: user=0.00 sys=0.00, real=0.00 secs] 
2016-06-26T19:42:52.445+0300: 1.682: 2016-06-26T19:42:52.445+0300: [GC concurrent-root-region-scan-start]
1.682: Total time for which application threads were stopped: 0.0015088 seconds, Stopping threads took: 0.0000453 seconds
2016-06-26T19:42:52.446+0300: 1.682: [GC concurrent-root-region-scan-end, 0.0002382 secs]
2016-06-26T19:42:52.446+0300: 1.682: [GC concurrent-mark-start]
2016-06-26T19:42:52.449+0300: 1.685: [GC concurrent-mark-end, 0.0018783 secs]
2016-06-26T19:42:52.773+0300: 2.009: [GC pause (G1 Evacuation Pause) (young)
Desired survivor size 3670016 bytes, new threshold 15 (max 15)
- age   1:        128 bytes,        128 total
- age   2:       5912 bytes,       6040 total
- age   3:         72 bytes,       6112 total
- age   4:       6472 bytes,      12584 total
- age   5:        200 bytes,      12784 total
- age   6:        456 bytes,      13240 total
- age   7:       1176 bytes,      14416 total
- age   8:        240 bytes,      14656 total
- age   9:       1312 bytes,      15968 total
- age  10:       1104 bytes,      17072 total
- age  11:        432 bytes,      17504 total
- age  12:        280 bytes,      17784 total
- age  13:        792 bytes,      18576 total
- age  14:         72 bytes,      18648 total
- age  15:       3416 bytes,      22064 total
, 0.0010289 secs]
   [Parallel Time: 0.4 ms, GC Workers: 4]
      [GC Worker Start (ms): Min: 2009.6, Avg: 2009.6, Max: 2009.6, Diff: 0.0]
      [Ext Root Scanning (ms): Min: 0.3, Avg: 0.3, Max: 0.3, Diff: 0.0, Sum: 1.1]
      [Update RS (ms): Min: 0.0, Avg: 0.0, Max: 0.1, Diff: 0.0, Sum: 0.2]
         [Processed Buffers: Min: 1, Avg: 1.5, Max: 3, Diff: 2, Sum: 6]
      [Scan RS (ms): Min: 0.0, Avg: 0.0, Max: 0.0, Diff: 0.0, Sum: 0.0]
      [Code Root Scanning (ms): Min: 0.0, Avg: 0.0, Max: 0.0, Diff: 0.0, Sum: 0.0]
      [Object Copy (ms): Min: 0.1, Avg: 0.1, Max: 0.1, Diff: 0.0, Sum: 0.3]
      [Termination (ms): Min: 0.0, Avg: 0.0, Max: 0.0, Diff: 0.0, Sum: 0.0]
         [Termination Attempts: Min: 1, Avg: 1.0, Max: 1, Diff: 0, Sum: 4]
      [GC Worker Other (ms): Min: 0.0, Avg: 0.0, Max: 0.0, Diff: 0.0, Sum: 0.0]
      [GC Worker Total (ms): Min: 0.4, Avg: 0.4, Max: 0.4, Diff: 0.0, Sum: 1.6]
      [GC Worker End (ms): Min: 2010.0, Avg: 2010.0, Max: 2010.0, Diff: 0.0]
   [Code Root Fixup: 0.0 ms]
   [Code Root Purge: 0.0 ms]
   [Clear CT: 0.0 ms]
   [Other: 0.6 ms]
      [Choose CSet: 0.0 ms]
      [Ref Proc: 0.0 ms]
      [Ref Enq: 0.0 ms]
      [Redirty Cards: 0.0 ms]
      [Humongous Register: 0.2 ms]
      [Humongous Reclaim: 0.2 ms]
      [Free CSet: 0.0 ms]
   [Eden: 16.0M(48.0M)->0.0B(56.0M) Survivors: 1024.0K->1024.0K Heap: 1120.3M(1148.0M)->1045.6M(1149.0M)]
 [Times: user=0.00 sys=0.00, real=0.01 secs] 
2016-06-26T19:42:52.779+0300: 2.015: Total time for which application threads were stopped: 0.0069109 seconds, Stopping threads took: 0.0006864 seconds
2016-06-26T19:42:53.058+0300: 2.294: [GC pause (G1 Evacuation Pause) (young)
Desired survivor size 4194304 bytes, new threshold 15 (max 15)
- age   1:       4248 bytes,       4248 total
- age   2:         72 bytes,       4320 total
- age   3:       4024 bytes,       8344 total
- age   4:         72 bytes,       8416 total
- age   5:       6120 bytes,      14536 total
- age   6:        144 bytes,      14680 total
- age   7:        440 bytes,      15120 total
- age   8:       1080 bytes,      16200 total
- age   9:        240 bytes,      16440 total
- age  10:       1200 bytes,      17640 total
- age  11:       1048 bytes,      18688 total
- age  12:        432 bytes,      19120 total
- age  13:        280 bytes,      19400 total
- age  14:        792 bytes,      20192 total
- age  15:         72 bytes,      20264 total
, 0.0008245 secs]
   [Parallel Time: 0.4 ms, GC Workers: 4]
      [GC Worker Start (ms): Min: 2294.2, Avg: 2294.2, Max: 2294.2, Diff: 0.0]
      [Ext Root Scanning (ms): Min: 0.3, Avg: 0.3, Max: 0.3, Diff: 0.0, Sum: 1.2]
      [Update RS (ms): Min: 0.0, Avg: 0.0, Max: 0.1, Diff: 0.0, Sum: 0.1]
         [Processed Buffers: Min: 1, Avg: 1.8, Max: 3, Diff: 2, Sum: 7]
      [Scan RS (ms): Min: 0.0, Avg: 0.0, Max: 0.0, Diff: 0.0, Sum: 0.0]
      [Code Root Scanning (ms): Min: 0.0, Avg: 0.0, Max: 0.0, Diff: 0.0, Sum: 0.0]
      [Object Copy (ms): Min: 0.0, Avg: 0.1, Max: 0.1, Diff: 0.0, Sum: 0.2]
      [Termination (ms): Min: 0.0, Avg: 0.0, Max: 0.0, Diff: 0.0, Sum: 0.0]
         [Termination Attempts: Min: 1, Avg: 1.0, Max: 1, Diff: 0, Sum: 4]
      [GC Worker Other (ms): Min: 0.0, Avg: 0.0, Max: 0.0, Diff: 0.0, Sum: 0.0]
      [GC Worker Total (ms): Min: 0.4, Avg: 0.4, Max: 0.4, Diff: 0.0, Sum: 1.6]
      [GC Worker End (ms): Min: 2294.6, Avg: 2294.6, Max: 2294.6, Diff: 0.0]
   [Code Root Fixup: 0.0 ms]
   [Code Root Purge: 0.0 ms]
   [Clear CT: 0.0 ms]
   [Other: 0.4 ms]
      [Choose CSet: 0.0 ms]
      [Ref Proc: 0.1 ms]
      [Ref Enq: 0.0 ms]
      [Redirty Cards: 0.0 ms]
      [Humongous Register: 0.1 ms]
      [Humongous Reclaim: 0.0 ms]
      [Free CSet: 0.0 ms]
   [Eden: 15.0M(56.0M)->0.0B(63.0M) Survivors: 1024.0K->1024.0K Heap: 1261.8M(1293.0M)->1246.8M(1294.0M)]
 [Times: user=0.00 sys=0.00, real=0.00 secs] 
2016-06-26T19:42:53.059+0300: 2.295: Total time for which application threads were stopped: 0.0020964 seconds, Stopping threads took: 0.0008369 seconds
2016-06-26T19:42:53.284+0300: 2.521: [GC pause (G1 Evacuation Pause) (young)
Desired survivor size 4194304 bytes, new threshold 15 (max 15)
- age   1:       4984 bytes,       4984 total
- age   2:       3072 bytes,       8056 total
- age   3:         72 bytes,       8128 total
- age   4:       3968 bytes,      12096 total
- age   5:         16 bytes,      12112 total
- age   6:       6064 bytes,      18176 total
- age   7:        144 bytes,      18320 total
- age   8:        440 bytes,      18760 total
- age   9:       1080 bytes,      19840 total
- age  10:        240 bytes,      20080 total
- age  11:       1200 bytes,      21280 total
- age  12:        488 bytes,      21768 total
- age  13:        432 bytes,      22200 total
- age  14:        280 bytes,      22480 total
- age  15:        792 bytes,      23272 total
, 0.0009981 secs]
   [Parallel Time: 0.5 ms, GC Workers: 4]
      [GC Worker Start (ms): Min: 2521.3, Avg: 2521.3, Max: 2521.3, Diff: 0.0]
      [Ext Root Scanning (ms): Min: 0.4, Avg: 0.4, Max: 0.4, Diff: 0.0, Sum: 1.5]
      [Update RS (ms): Min: 0.0, Avg: 0.0, Max: 0.1, Diff: 0.1, Sum: 0.2]
         [Processed Buffers: Min: 1, Avg: 1.5, Max: 2, Diff: 1, Sum: 6]
      [Scan RS (ms): Min: 0.0, Avg: 0.0, Max: 0.0, Diff: 0.0, Sum: 0.0]
      [Code Root Scanning (ms): Min: 0.0, Avg: 0.0, Max: 0.0, Diff: 0.0, Sum: 0.0]
      [Object Copy (ms): Min: 0.0, Avg: 0.1, Max: 0.1, Diff: 0.1, Sum: 0.3]
      [Termination (ms): Min: 0.0, Avg: 0.0, Max: 0.0, Diff: 0.0, Sum: 0.1]
         [Termination Attempts: Min: 1, Avg: 1.0, Max: 1, Diff: 0, Sum: 4]
      [GC Worker Other (ms): Min: 0.0, Avg: 0.0, Max: 0.0, Diff: 0.0, Sum: 0.0]
      [GC Worker Total (ms): Min: 0.5, Avg: 0.5, Max: 0.5, Diff: 0.0, Sum: 2.1]
      [GC Worker End (ms): Min: 2521.8, Avg: 2521.8, Max: 2521.8, Diff: 0.0]
   [Code Root Fixup: 0.0 ms]
   [Code Root Purge: 0.0 ms]
   [Clear CT: 0.0 ms]
   [Other: 0.4 ms]
      [Choose CSet: 0.0 ms]
      [Ref Proc: 0.0 ms]
      [Ref Enq: 0.0 ms]
      [Redirty Cards: 0.0 ms]
      [Humongous Register: 0.2 ms]
      [Humongous Reclaim: 0.0 ms]
      [Free CSet: 0.0 ms]
   [Eden: 12.0M(63.0M)->0.0B(71.0M) Survivors: 1024.0K->1024.0K Heap: 1418.9M(1454.0M)->1406.9M(1455.0M)]
 [Times: user=0.00 sys=0.00, real=0.00 secs] 
2016-06-26T19:42:53.286+0300: 2.522: Total time for which application threads were stopped: 0.0020292 seconds, Stopping threads took: 0.0005961 seconds
2016-06-26T19:42:53.507+0300: 2.744: [GC pause (G1 Evacuation Pause) (young)
Desired survivor size 4718592 bytes, new threshold 15 (max 15)
- age   1:       3960 bytes,       3960 total
- age   2:       4536 bytes,       8496 total
- age   3:       2456 bytes,      10952 total
- age   4:         72 bytes,      11024 total
- age   5:       3576 bytes,      14600 total
- age   6:         16 bytes,      14616 total
- age   7:       6064 bytes,      20680 total
- age   8:        144 bytes,      20824 total
- age   9:        440 bytes,      21264 total
- age  10:       1080 bytes,      22344 total
- age  11:        240 bytes,      22584 total
- age  12:        808 bytes,      23392 total
- age  13:        488 bytes,      23880 total
- age  14:        432 bytes,      24312 total
- age  15:        280 bytes,      24592 total
, 0.0011277 secs]
   [Parallel Time: 0.5 ms, GC Workers: 4]
      [GC Worker Start (ms): Min: 2744.0, Avg: 2744.0, Max: 2744.0, Diff: 0.0]
      [Ext Root Scanning (ms): Min: 0.3, Avg: 0.3, Max: 0.3, Diff: 0.0, Sum: 1.3]
      [Update RS (ms): Min: 0.0, Avg: 0.0, Max: 0.1, Diff: 0.1, Sum: 0.2]
         [Processed Buffers: Min: 1, Avg: 1.5, Max: 2, Diff: 1, Sum: 6]
      [Scan RS (ms): Min: 0.0, Avg: 0.0, Max: 0.0, Diff: 0.0, Sum: 0.0]
      [Code Root Scanning (ms): Min: 0.0, Avg: 0.0, Max: 0.0, Diff: 0.0, Sum: 0.0]
      [Object Copy (ms): Min: 0.0, Avg: 0.1, Max: 0.1, Diff: 0.0, Sum: 0.3]
      [Termination (ms): Min: 0.0, Avg: 0.0, Max: 0.0, Diff: 0.0, Sum: 0.0]
         [Termination Attempts: Min: 1, Avg: 1.0, Max: 1, Diff: 0, Sum: 4]
      [GC Worker Other (ms): Min: 0.0, Avg: 0.0, Max: 0.0, Diff: 0.0, Sum: 0.0]
      [GC Worker Total (ms): Min: 0.4, Avg: 0.4, Max: 0.4, Diff: 0.0, Sum: 1.8]
      [GC Worker End (ms): Min: 2744.4, Avg: 2744.4, Max: 2744.4, Diff: 0.0]
   [Code Root Fixup: 0.0 ms]
   [Code Root Purge: 0.0 ms]
   [Clear CT: 0.0 ms]
   [Other: 0.6 ms]
      [Choose CSet: 0.0 ms]
      [Ref Proc: 0.0 ms]
      [Ref Enq: 0.0 ms]
      [Redirty Cards: 0.0 ms]
      [Humongous Register: 0.3 ms]
      [Humongous Reclaim: 0.1 ms]
      [Free CSet: 0.0 ms]
   [Eden: 13.0M(71.0M)->0.0B(80.0M) Survivors: 1024.0K->1024.0K Heap: 1580.1M(1619.0M)->1537.8M(1620.0M)]
 [Times: user=0.00 sys=0.00, real=0.00 secs] 
2016-06-26T19:42:53.508+0300: 2.745: Total time for which application threads were stopped: 0.0025377 seconds, Stopping threads took: 0.0009250 seconds
2016-06-26T19:42:53.837+0300: 3.074: [GC pause (G1 Evacuation Pause) (young)
Desired survivor size 5767168 bytes, new threshold 15 (max 15)
- age   1:       3760 bytes,       3760 total
- age   2:       3960 bytes,       7720 total
- age   3:       3288 bytes,      11008 total
- age   4:       2408 bytes,      13416 total
- age   5:         72 bytes,      13488 total
- age   6:       3312 bytes,      16800 total
- age   7:         16 bytes,      16816 total
- age   8:       6024 bytes,      22840 total
- age   9:        144 bytes,      22984 total
- age  10:        440 bytes,      23424 total
- age  11:       1080 bytes,      24504 total
- age  12:         72 bytes,      24576 total
- age  13:        696 bytes,      25272 total
- age  14:        432 bytes,      25704 total
- age  15:        432 bytes,      26136 total
, 0.0013659 secs]
   [Parallel Time: 0.6 ms, GC Workers: 4]
      [GC Worker Start (ms): Min: 3074.3, Avg: 3074.3, Max: 3074.3, Diff: 0.0]
      [Ext Root Scanning (ms): Min: 0.3, Avg: 0.3, Max: 0.4, Diff: 0.1, Sum: 1.4]
      [Update RS (ms): Min: 0.0, Avg: 0.0, Max: 0.1, Diff: 0.0, Sum: 0.2]
         [Processed Buffers: Min: 1, Avg: 1.8, Max: 3, Diff: 2, Sum: 7]
      [Scan RS (ms): Min: 0.0, Avg: 0.0, Max: 0.0, Diff: 0.0, Sum: 0.0]
      [Code Root Scanning (ms): Min: 0.0, Avg: 0.0, Max: 0.0, Diff: 0.0, Sum: 0.0]
      [Object Copy (ms): Min: 0.0, Avg: 0.1, Max: 0.1, Diff: 0.0, Sum: 0.3]
      [Termination (ms): Min: 0.0, Avg: 0.0, Max: 0.0, Diff: 0.0, Sum: 0.0]
         [Termination Attempts: Min: 1, Avg: 1.0, Max: 1, Diff: 0, Sum: 4]
      [GC Worker Other (ms): Min: 0.0, Avg: 0.1, Max: 0.1, Diff: 0.1, Sum: 0.4]
      [GC Worker Total (ms): Min: 0.5, Avg: 0.6, Max: 0.6, Diff: 0.0, Sum: 2.2]
      [GC Worker End (ms): Min: 3074.8, Avg: 3074.8, Max: 3074.8, Diff: 0.0]
   [Code Root Fixup: 0.0 ms]
   [Code Root Purge: 0.0 ms]
   [Clear CT: 0.0 ms]
   [Other: 0.8 ms]
      [Choose CSet: 0.0 ms]
      [Ref Proc: 0.1 ms]
      [Ref Enq: 0.0 ms]
      [Redirty Cards: 0.1 ms]
      [Humongous Register: 0.3 ms]
      [Humongous Reclaim: 0.1 ms]
      [Free CSet: 0.0 ms]
   [Eden: 16.0M(80.0M)->0.0B(88.0M) Survivors: 1024.0K->1024.0K Heap: 1749.1M(1792.0M)->1703.8M(1793.0M)]
 [Times: user=0.00 sys=0.00, real=0.00 secs] 
2016-06-26T19:42:53.839+0300: 3.075: Total time for which application threads were stopped: 0.0024085 seconds, Stopping threads took: 0.0005367 seconds
2016-06-26T19:42:54.160+0300: 3.397: [GC pause (G1 Evacuation Pause) (young)
Desired survivor size 6291456 bytes, new threshold 15 (max 15)
- age   1:       4376 bytes,       4376 total
- age   2:       2248 bytes,       6624 total
- age   3:       2264 bytes,       8888 total
- age   4:       2808 bytes,      11696 total
- age   5:       2344 bytes,      14040 total
- age   6:         16 bytes,      14056 total
- age   7:       3040 bytes,      17096 total
- age   8:         16 bytes,      17112 total
- age   9:       6024 bytes,      23136 total
- age  10:        144 bytes,      23280 total
- age  11:        440 bytes,      23720 total
- age  12:       1080 bytes,      24800 total
- age  13:         72 bytes,      24872 total
- age  14:        696 bytes,      25568 total
- age  15:        432 bytes,      26000 total
, 0.0012958 secs]
   [Parallel Time: 0.5 ms, GC Workers: 4]
      [GC Worker Start (ms): Min: 3397.0, Avg: 3397.1, Max: 3397.1, Diff: 0.0]
      [Ext Root Scanning (ms): Min: 0.3, Avg: 0.3, Max: 0.3, Diff: 0.0, Sum: 1.4]
      [Update RS (ms): Min: 0.0, Avg: 0.0, Max: 0.1, Diff: 0.0, Sum: 0.2]
         [Processed Buffers: Min: 1, Avg: 2.3, Max: 3, Diff: 2, Sum: 9]
      [Scan RS (ms): Min: 0.0, Avg: 0.0, Max: 0.0, Diff: 0.0, Sum: 0.0]
      [Code Root Scanning (ms): Min: 0.0, Avg: 0.0, Max: 0.0, Diff: 0.0, Sum: 0.0]
      [Object Copy (ms): Min: 0.1, Avg: 0.1, Max: 0.1, Diff: 0.0, Sum: 0.3]
      [Termination (ms): Min: 0.0, Avg: 0.0, Max: 0.0, Diff: 0.0, Sum: 0.0]
         [Termination Attempts: Min: 1, Avg: 1.0, Max: 1, Diff: 0, Sum: 4]
      [GC Worker Other (ms): Min: 0.0, Avg: 0.0, Max: 0.0, Diff: 0.0, Sum: 0.0]
      [GC Worker Total (ms): Min: 0.5, Avg: 0.5, Max: 0.5, Diff: 0.0, Sum: 1.9]
      [GC Worker End (ms): Min: 3397.5, Avg: 3397.5, Max: 3397.5, Diff: 0.0]
   [Code Root Fixup: 0.0 ms]
   [Code Root Purge: 0.0 ms]
   [Clear CT: 0.0 ms]
   [Other: 0.8 ms]
      [Choose CSet: 0.0 ms]
      [Ref Proc: 0.0 ms]
      [Ref Enq: 0.0 ms]
      [Redirty Cards: 0.0 ms]
      [Humongous Register: 0.4 ms]
      [Humongous Reclaim: 0.1 ms]
      [Free CSet: 0.0 ms]
   [Eden: 19.0M(88.0M)->0.0B(98.0M) Survivors: 1024.0K->1024.0K Heap: 1943.5M(1991.0M)->1895.2M(1992.0M)]
 [Times: user=0.00 sys=0.00, real=0.01 secs] 
2016-06-26T19:42:54.167+0300: 3.404: Total time for which application threads were stopped: 0.0093143 seconds, Stopping threads took: 0.0014459 seconds
2016-06-26T19:42:54.445+0300: 3.682: [GC pause (G1 Evacuation Pause) (young)
Desired survivor size 6815744 bytes, new threshold 15 (max 15)
- age   1:       5848 bytes,       5848 total
- age   2:       2456 bytes,       8304 total
- age   3:       2144 bytes,      10448 total
- age   4:       2264 bytes,      12712 total
- age   5:       2592 bytes,      15304 total
- age   6:       2240 bytes,      17544 total
- age   8:       3040 bytes,      20584 total
- age   9:         16 bytes,      20600 total
- age  10:       6024 bytes,      26624 total
- age  11:        144 bytes,      26768 total
- age  12:        440 bytes,      27208 total
- age  13:       1080 bytes,      28288 total
- age  14:         72 bytes,      28360 total
- age  15:        696 bytes,      29056 total
, 0.0019339 secs]
   [Parallel Time: 1.1 ms, GC Workers: 4]
      [GC Worker Start (ms): Min: 3682.1, Avg: 3682.6, Max: 3683.1, Diff: 1.1]
      [Ext Root Scanning (ms): Min: 0.0, Avg: 0.3, Max: 0.7, Diff: 0.7, Sum: 1.1]
      [Update RS (ms): Min: 0.0, Avg: 0.1, Max: 0.3, Diff: 0.3, Sum: 0.5]
         [Processed Buffers: Min: 0, Avg: 4.0, Max: 9, Diff: 9, Sum: 16]
      [Scan RS (ms): Min: 0.0, Avg: 0.0, Max: 0.0, Diff: 0.0, Sum: 0.0]
      [Code Root Scanning (ms): Min: 0.0, Avg: 0.0, Max: 0.0, Diff: 0.0, Sum: 0.0]
      [Object Copy (ms): Min: 0.0, Avg: 0.1, Max: 0.2, Diff: 0.1, Sum: 0.3]
      [Termination (ms): Min: 0.0, Avg: 0.0, Max: 0.1, Diff: 0.1, Sum: 0.1]
         [Termination Attempts: Min: 1, Avg: 1.0, Max: 1, Diff: 0, Sum: 4]
      [GC Worker Other (ms): Min: 0.0, Avg: 0.0, Max: 0.0, Diff: 0.0, Sum: 0.0]
      [GC Worker Total (ms): Min: 0.0, Avg: 0.5, Max: 1.1, Diff: 1.1, Sum: 2.0]
      [GC Worker End (ms): Min: 3683.1, Avg: 3683.1, Max: 3683.1, Diff: 0.0]
   [Code Root Fixup: 0.0 ms]
   [Code Root Purge: 0.0 ms]
   [Clear CT: 0.0 ms]
   [Other: 0.8 ms]
      [Choose CSet: 0.0 ms]
      [Ref Proc: 0.1 ms]
      [Ref Enq: 0.0 ms]
      [Redirty Cards: 0.0 ms]
      [Humongous Register: 0.4 ms]
      [Humongous Reclaim: 0.1 ms]
      [Free CSet: 0.0 ms]
   [Eden: 18.0M(98.0M)->0.0B(107.0M) Survivors: 1024.0K->1024.0K Heap: 2118.3M(2170.0M)->2100.3M(2171.0M)]
 [Times: user=0.00 sys=0.00, real=0.00 secs] 
2016-06-26T19:42:54.447+0300: 3.684: Total time for which application threads were stopped: 0.0032536 seconds, Stopping threads took: 0.0007552 seconds
2016-06-26T19:42:54.716+0300: 3.953: [GC pause (G1 Evacuation Pause) (young)
Desired survivor size 7340032 bytes, new threshold 15 (max 15)
- age   1:       4464 bytes,       4464 total
- age   2:       4728 bytes,       9192 total
- age   3:       2400 bytes,      11592 total
- age   4:       2144 bytes,      13736 total
- age   5:       2264 bytes,      16000 total
- age   6:       2424 bytes,      18424 total
- age   7:       2240 bytes,      20664 total
- age   9:       3040 bytes,      23704 total
- age  10:         16 bytes,      23720 total
- age  11:       6024 bytes,      29744 total
- age  12:        144 bytes,      29888 total
- age  13:        440 bytes,      30328 total
- age  14:       1080 bytes,      31408 total
- age  15:         72 bytes,      31480 total
, 0.0016007 secs]
   [Parallel Time: 0.7 ms, GC Workers: 4]
      [GC Worker Start (ms): Min: 3953.4, Avg: 3953.4, Max: 3953.4, Diff: 0.0]
      [Ext Root Scanning (ms): Min: 0.3, Avg: 0.4, Max: 0.4, Diff: 0.0, Sum: 1.4]
      [Update RS (ms): Min: 0.0, Avg: 0.1, Max: 0.2, Diff: 0.2, Sum: 0.3]
         [Processed Buffers: Min: 1, Avg: 2.3, Max: 4, Diff: 3, Sum: 9]
      [Scan RS (ms): Min: 0.0, Avg: 0.0, Max: 0.0, Diff: 0.0, Sum: 0.0]
      [Code Root Scanning (ms): Min: 0.0, Avg: 0.0, Max: 0.0, Diff: 0.0, Sum: 0.0]
      [Object Copy (ms): Min: 0.1, Avg: 0.1, Max: 0.2, Diff: 0.1, Sum: 0.4]
      [Termination (ms): Min: 0.0, Avg: 0.1, Max: 0.1, Diff: 0.1, Sum: 0.3]
         [Termination Attempts: Min: 1, Avg: 1.3, Max: 2, Diff: 1, Sum: 5]
      [GC Worker Other (ms): Min: 0.0, Avg: 0.0, Max: 0.0, Diff: 0.0, Sum: 0.0]
      [GC Worker Total (ms): Min: 0.6, Avg: 0.6, Max: 0.6, Diff: 0.0, Sum: 2.5]
      [GC Worker End (ms): Min: 3954.0, Avg: 3954.0, Max: 3954.1, Diff: 0.0]
   [Code Root Fixup: 0.0 ms]
   [Code Root Purge: 0.0 ms]
   [Clear CT: 0.0 ms]
   [Other: 0.9 ms]
      [Choose CSet: 0.0 ms]
      [Ref Proc: 0.1 ms]
      [Ref Enq: 0.0 ms]
      [Redirty Cards: 0.0 ms]
      [Humongous Register: 0.4 ms]
      [Humongous Reclaim: 0.2 ms]
      [Free CSet: 0.0 ms]
   [Eden: 17.0M(107.0M)->0.0B(117.0M) Survivors: 1024.0K->1024.0K Heap: 2304.8M(2361.0M)->2258.5M(2362.0M)]
 [Times: user=0.06 sys=0.00, real=0.00 secs] 
2016-06-26T19:42:54.718+0300: 3.955: Total time for which application threads were stopped: 0.0038314 seconds, Stopping threads took: 0.0016443 seconds
2016-06-26T19:42:54.863+0300: 4.100: Total time for which application threads were stopped: 0.0010892 seconds, Stopping threads took: 0.0007296 seconds
2016-06-26T19:42:55.245+0300: 4.481: [GC pause (G1 Evacuation Pause) (young)
Desired survivor size 7864320 bytes, new threshold 15 (max 15)
- age   1:       4360 bytes,       4360 total
- age   2:       4352 bytes,       8712 total
- age   3:       3536 bytes,      12248 total
- age   4:       2352 bytes,      14600 total
- age   5:       2088 bytes,      16688 total
- age   6:       1992 bytes,      18680 total
- age   7:       2392 bytes,      21072 total
- age   8:       2200 bytes,      23272 total
- age  10:       3040 bytes,      26312 total
- age  11:         16 bytes,      26328 total
- age  12:       6024 bytes,      32352 total
- age  13:        144 bytes,      32496 total
- age  14:        440 bytes,      32936 total
- age  15:       1080 bytes,      34016 total
, 0.0016268 secs]
   [Parallel Time: 0.6 ms, GC Workers: 4]
      [GC Worker Start (ms): Min: 4481.8, Avg: 4481.9, Max: 4481.9, Diff: 0.0]
      [Ext Root Scanning (ms): Min: 0.3, Avg: 0.4, Max: 0.4, Diff: 0.0, Sum: 1.4]
      [Update RS (ms): Min: 0.0, Avg: 0.1, Max: 0.1, Diff: 0.1, Sum: 0.2]
         [Processed Buffers: Min: 1, Avg: 3.8, Max: 7, Diff: 6, Sum: 15]
      [Scan RS (ms): Min: 0.0, Avg: 0.0, Max: 0.0, Diff: 0.0, Sum: 0.0]
      [Code Root Scanning (ms): Min: 0.0, Avg: 0.0, Max: 0.0, Diff: 0.0, Sum: 0.0]
      [Object Copy (ms): Min: 0.1, Avg: 0.1, Max: 0.1, Diff: 0.1, Sum: 0.4]
      [Termination (ms): Min: 0.0, Avg: 0.0, Max: 0.0, Diff: 0.0, Sum: 0.0]
         [Termination Attempts: Min: 1, Avg: 1.0, Max: 1, Diff: 0, Sum: 4]
      [GC Worker Other (ms): Min: 0.0, Avg: 0.0, Max: 0.0, Diff: 0.0, Sum: 0.0]
      [GC Worker Total (ms): Min: 0.5, Avg: 0.5, Max: 0.5, Diff: 0.0, Sum: 2.1]
      [GC Worker End (ms): Min: 4482.4, Avg: 4482.4, Max: 4482.4, Diff: 0.0]
   [Code Root Fixup: 0.0 ms]
   [Code Root Purge: 0.0 ms]
   [Clear CT: 0.0 ms]
   [Other: 1.0 ms]
      [Choose CSet: 0.0 ms]
      [Ref Proc: 0.0 ms]
      [Ref Enq: 0.0 ms]
      [Redirty Cards: 0.0 ms]
      [Humongous Register: 0.5 ms]
      [Humongous Reclaim: 0.3 ms]
      [Free CSet: 0.0 ms]
   [Eden: 22.0M(117.0M)->0.0B(131.0M) Survivors: 1024.0K->1024.0K Heap: 2583.3M(2646.0M)->2444.1M(2647.0M)]
 [Times: user=0.00 sys=0.00, real=0.00 secs] 
2016-06-26T19:42:55.247+0300: 4.483: Total time for which application threads were stopped: 0.0075130 seconds, Stopping threads took: 0.0052601 seconds
2016-06-26T19:42:55.737+0300: 4.973: [GC pause (G1 Evacuation Pause) (young)
Desired survivor size 8912896 bytes, new threshold 15 (max 15)
- age   1:       7368 bytes,       7368 total
- age   2:       2456 bytes,       9824 total
- age   3:       2152 bytes,      11976 total
- age   4:       3160 bytes,      15136 total
- age   5:       2104 bytes,      17240 total
- age   6:       1992 bytes,      19232 total
- age   7:       1888 bytes,      21120 total
- age   8:       2080 bytes,      23200 total
- age   9:       2176 bytes,      25376 total
- age  11:       3040 bytes,      28416 total
- age  12:         16 bytes,      28432 total
- age  13:       6024 bytes,      34456 total
- age  14:        144 bytes,      34600 total
- age  15:        440 bytes,      35040 total
, 0.0018813 secs]
   [Parallel Time: 0.8 ms, GC Workers: 4]
      [GC Worker Start (ms): Min: 4973.7, Avg: 4973.9, Max: 4974.5, Diff: 0.8]
      [Ext Root Scanning (ms): Min: 0.0, Avg: 0.4, Max: 0.6, Diff: 0.6, Sum: 1.5]
      [Update RS (ms): Min: 0.0, Avg: 0.1, Max: 0.1, Diff: 0.1, Sum: 0.3]
         [Processed Buffers: Min: 0, Avg: 2.8, Max: 7, Diff: 7, Sum: 11]
      [Scan RS (ms): Min: 0.0, Avg: 0.0, Max: 0.0, Diff: 0.0, Sum: 0.0]
      [Code Root Scanning (ms): Min: 0.0, Avg: 0.0, Max: 0.0, Diff: 0.0, Sum: 0.0]
      [Object Copy (ms): Min: 0.0, Avg: 0.1, Max: 0.1, Diff: 0.1, Sum: 0.4]
      [Termination (ms): Min: 0.0, Avg: 0.0, Max: 0.1, Diff: 0.1, Sum: 0.2]
         [Termination Attempts: Min: 1, Avg: 1.0, Max: 1, Diff: 0, Sum: 4]
      [GC Worker Other (ms): Min: 0.0, Avg: 0.0, Max: 0.0, Diff: 0.0, Sum: 0.0]
      [GC Worker Total (ms): Min: 0.0, Avg: 0.6, Max: 0.8, Diff: 0.8, Sum: 2.5]
      [GC Worker End (ms): Min: 4974.5, Avg: 4974.5, Max: 4974.6, Diff: 0.0]
   [Code Root Fixup: 0.0 ms]
   [Code Root Purge: 0.0 ms]
   [Clear CT: 0.0 ms]
   [Other: 1.0 ms]
      [Choose CSet: 0.0 ms]
      [Ref Proc: 0.1 ms]
      [Ref Enq: 0.0 ms]
      [Redirty Cards: 0.0 ms]
      [Humongous Register: 0.5 ms]
      [Humongous Reclaim: 0.2 ms]
      [Free CSet: 0.0 ms]
   [Eden: 29.0M(131.0M)->0.0B(143.0M) Survivors: 1024.0K->1024.0K Heap: 2828.6M(2897.0M)->2770.3M(2898.0M)]
 [Times: user=0.00 sys=0.00, real=0.00 secs] 
2016-06-26T19:42:55.739+0300: 4.975: Total time for which application threads were stopped: 0.0138338 seconds, Stopping threads took: 0.0112700 seconds
2016-06-26T19:42:56.207+0300: 5.444: [GC pause (G1 Evacuation Pause) (young)
Desired survivor size 9437184 bytes, new threshold 15 (max 15)
- age   1:       8136 bytes,       8136 total
- age   2:       5560 bytes,      13696 total
- age   3:       2328 bytes,      16024 total
- age   4:       2152 bytes,      18176 total
- age   5:       2720 bytes,      20896 total
- age   6:       1912 bytes,      22808 total
- age   7:       1952 bytes,      24760 total
- age   8:       1888 bytes,      26648 total
- age   9:       2080 bytes,      28728 total
- age  10:       2176 bytes,      30904 total
- age  12:       3040 bytes,      33944 total
- age  13:         16 bytes,      33960 total
- age  14:       6024 bytes,      39984 total
- age  15:        144 bytes,      40128 total
, 0.0018475 secs]
   [Parallel Time: 0.6 ms, GC Workers: 4]
      [GC Worker Start (ms): Min: 5444.3, Avg: 5444.3, Max: 5444.3, Diff: 0.0]
      [Ext Root Scanning (ms): Min: 0.3, Avg: 0.4, Max: 0.4, Diff: 0.0, Sum: 1.4]
      [Update RS (ms): Min: 0.0, Avg: 0.1, Max: 0.1, Diff: 0.1, Sum: 0.3]
         [Processed Buffers: Min: 1, Avg: 1.8, Max: 4, Diff: 3, Sum: 7]
      [Scan RS (ms): Min: 0.0, Avg: 0.0, Max: 0.0, Diff: 0.0, Sum: 0.0]
      [Code Root Scanning (ms): Min: 0.0, Avg: 0.0, Max: 0.0, Diff: 0.0, Sum: 0.0]
      [Object Copy (ms): Min: 0.1, Avg: 0.1, Max: 0.2, Diff: 0.1, Sum: 0.5]
      [Termination (ms): Min: 0.0, Avg: 0.0, Max: 0.0, Diff: 0.0, Sum: 0.0]
         [Termination Attempts: Min: 1, Avg: 1.0, Max: 1, Diff: 0, Sum: 4]
      [GC Worker Other (ms): Min: 0.0, Avg: 0.0, Max: 0.0, Diff: 0.0, Sum: 0.1]
      [GC Worker Total (ms): Min: 0.6, Avg: 0.6, Max: 0.6, Diff: 0.0, Sum: 2.4]
      [GC Worker End (ms): Min: 5444.9, Avg: 5444.9, Max: 5444.9, Diff: 0.0]
   [Code Root Fixup: 0.0 ms]
   [Code Root Purge: 0.0 ms]
   [Clear CT: 0.0 ms]
   [Other: 1.2 ms]
      [Choose CSet: 0.0 ms]
      [Ref Proc: 0.0 ms]
      [Ref Enq: 0.0 ms]
      [Redirty Cards: 0.0 ms]
      [Humongous Register: 0.7 ms]
      [Humongous Reclaim: 0.3 ms]
      [Free CSet: 0.0 ms]
   [Eden: 26.0M(143.0M)->0.0B(156.0M) Survivors: 1024.0K->1024.0K Heap: 3083.4M(3158.0M)->2998.8M(3159.0M)]
 [Times: user=0.00 sys=0.00, real=0.00 secs] 
2016-06-26T19:42:56.209+0300: 5.446: Total time for which application threads were stopped: 0.0057746 seconds, Stopping threads took: 0.0033293 seconds
2016-06-26T19:42:56.683+0300: 5.919: [GC pause (G1 Evacuation Pause) (young)
Desired survivor size 10485760 bytes, new threshold 15 (max 15)
- age   1:       7944 bytes,       7944 total
- age   2:       6128 bytes,      14072 total
- age   3:       4512 bytes,      18584 total
- age   4:       2184 bytes,      20768 total
- age   5:       2152 bytes,      22920 total
- age   6:       2432 bytes,      25352 total
- age   7:       1864 bytes,      27216 total
- age   8:       1896 bytes,      29112 total
- age   9:       1776 bytes,      30888 total
- age  10:       2080 bytes,      32968 total
- age  11:       2176 bytes,      35144 total
- age  13:       3040 bytes,      38184 total
- age  14:         16 bytes,      38200 total
- age  15:       6024 bytes,      44224 total
, 0.0018145 secs]
   [Parallel Time: 0.7 ms, GC Workers: 4]
      [GC Worker Start (ms): Min: 5920.2, Avg: 5920.2, Max: 5920.2, Diff: 0.0]
      [Ext Root Scanning (ms): Min: 0.3, Avg: 0.3, Max: 0.3, Diff: 0.0, Sum: 1.4]
      [Update RS (ms): Min: 0.1, Avg: 0.1, Max: 0.1, Diff: 0.0, Sum: 0.3]
         [Processed Buffers: Min: 1, Avg: 3.3, Max: 6, Diff: 5, Sum: 13]
      [Scan RS (ms): Min: 0.0, Avg: 0.0, Max: 0.0, Diff: 0.0, Sum: 0.0]
      [Code Root Scanning (ms): Min: 0.0, Avg: 0.0, Max: 0.0, Diff: 0.0, Sum: 0.0]
      [Object Copy (ms): Min: 0.2, Avg: 0.2, Max: 0.2, Diff: 0.0, Sum: 0.8]
      [Termination (ms): Min: 0.0, Avg: 0.0, Max: 0.0, Diff: 0.0, Sum: 0.0]
         [Termination Attempts: Min: 1, Avg: 1.0, Max: 1, Diff: 0, Sum: 4]
      [GC Worker Other (ms): Min: 0.0, Avg: 0.0, Max: 0.0, Diff: 0.0, Sum: 0.1]
      [GC Worker Total (ms): Min: 0.6, Avg: 0.6, Max: 0.6, Diff: 0.0, Sum: 2.5]
      [GC Worker End (ms): Min: 5920.8, Avg: 5920.8, Max: 5920.9, Diff: 0.0]
   [Code Root Fixup: 0.0 ms]
   [Code Root Purge: 0.0 ms]
   [Clear CT: 0.0 ms]
   [Other: 1.1 ms]
      [Choose CSet: 0.0 ms]
      [Ref Proc: 0.1 ms]
      [Ref Enq: 0.0 ms]
      [Redirty Cards: 0.0 ms]
      [Humongous Register: 0.6 ms]
      [Humongous Reclaim: 0.2 ms]
      [Free CSet: 0.0 ms]
   [Eden: 27.0M(156.0M)->0.0B(170.0M) Survivors: 1024.0K->1024.0K Heap: 3346.1M(3427.0M)->3289.8M(3428.0M)]
 [Times: user=0.00 sys=0.00, real=0.00 secs] 
2016-06-26T19:42:56.685+0300: 5.922: Total time for which application threads were stopped: 0.0073924 seconds, Stopping threads took: 0.0048440 seconds
2016-06-26T19:42:57.066+0300: 6.302: [GC pause (G1 Evacuation Pause) (young)
Desired survivor size 11534336 bytes, new threshold 15 (max 15)
- age   1:       9064 bytes,       9064 total
- age   2:       5704 bytes,      14768 total
- age   3:       4784 bytes,      19552 total
- age   4:       4512 bytes,      24064 total
- age   5:       2128 bytes,      26192 total
- age   6:       1984 bytes,      28176 total
- age   7:       2376 bytes,      30552 total
- age   8:       1864 bytes,      32416 total
- age   9:       1768 bytes,      34184 total
- age  10:       1720 bytes,      35904 total
- age  11:       1920 bytes,      37824 total
- age  12:       2072 bytes,      39896 total
- age  14:       2928 bytes,      42824 total
- age  15:         16 bytes,      42840 total
, 0.0018898 secs]
   [Parallel Time: 0.7 ms, GC Workers: 4]
      [GC Worker Start (ms): Min: 6303.1, Avg: 6303.2, Max: 6303.2, Diff: 0.0]
      [Ext Root Scanning (ms): Min: 0.4, Avg: 0.4, Max: 0.4, Diff: 0.0, Sum: 1.4]
      [Update RS (ms): Min: 0.1, Avg: 0.1, Max: 0.1, Diff: 0.0, Sum: 0.4]
         [Processed Buffers: Min: 1, Avg: 3.0, Max: 7, Diff: 6, Sum: 12]
      [Scan RS (ms): Min: 0.0, Avg: 0.0, Max: 0.0, Diff: 0.0, Sum: 0.0]
      [Code Root Scanning (ms): Min: 0.0, Avg: 0.0, Max: 0.0, Diff: 0.0, Sum: 0.0]
      [Object Copy (ms): Min: 0.2, Avg: 0.2, Max: 0.2, Diff: 0.0, Sum: 0.8]
      [Termination (ms): Min: 0.0, Avg: 0.0, Max: 0.0, Diff: 0.0, Sum: 0.0]
         [Termination Attempts: Min: 1, Avg: 1.0, Max: 1, Diff: 0, Sum: 4]
      [GC Worker Other (ms): Min: 0.0, Avg: 0.0, Max: 0.0, Diff: 0.0, Sum: 0.1]
      [GC Worker Total (ms): Min: 0.7, Avg: 0.7, Max: 0.7, Diff: 0.0, Sum: 2.7]
      [GC Worker End (ms): Min: 6303.8, Avg: 6303.8, Max: 6303.8, Diff: 0.0]
   [Code Root Fixup: 0.0 ms]
   [Code Root Purge: 0.0 ms]
   [Clear CT: 0.0 ms]
   [Other: 1.2 ms]
      [Choose CSet: 0.0 ms]
      [Ref Proc: 0.0 ms]
      [Ref Enq: 0.0 ms]
      [Redirty Cards: 0.0 ms]
      [Humongous Register: 0.7 ms]
      [Humongous Reclaim: 0.3 ms]
      [Free CSet: 0.0 ms]
   [Eden: 24.0M(170.0M)->0.0B(182.0M) Survivors: 1024.0K->1024.0K Heap: 3589.2M(3676.0M)->3536.0M(3677.0M)]
 [Times: user=0.00 sys=0.00, real=0.00 secs] 
2016-06-26T19:42:57.068+0300: 6.305: Total time for which application threads were stopped: 0.0044553 seconds, Stopping threads took: 0.0019698 seconds
2016-06-26T19:42:57.576+0300: 6.813: [GC remark 2016-06-26T19:42:57.576+0300: 6.813: [Finalize Marking, 0.0001514 secs] 2016-06-26T19:42:57.576+0300: 6.813: [GC ref-proc, 0.0000637 secs] 2016-06-26T19:42:57.576+0300: 6.813: [Unloading, 0.0008664 secs], 0.0058332 secs]
 [Times: user=0.02 sys=0.00, real=0.01 secs] 
2016-06-26T19:42:57.582+0300: 6.819: Total time for which application threads were stopped: 0.0115445 seconds, Stopping threads took: 0.0052867 seconds
2016-06-26T19:42:57.588+0300: 6.825: [GC cleanup 3891M->3891M(3985M), 0.0017106 secs]
 [Times: user=0.00 sys=0.00, real=0.00 secs] 
2016-06-26T19:42:57.590+0300: 6.827: Total time for which application threads were stopped: 0.0034905 seconds, Stopping threads took: 0.0013193 seconds
2016-06-26T19:42:58.219+0300: 7.456: [GC pause (G1 Evacuation Pause) (young)
Desired survivor size 12058624 bytes, new threshold 15 (max 15)
- age   1:       7912 bytes,       7912 total
- age   2:       8152 bytes,      16064 total
- age   3:       4960 bytes,      21024 total
- age   4:       4752 bytes,      25776 total
- age   5:       4456 bytes,      30232 total
- age   6:       2112 bytes,      32344 total
- age   7:       1984 bytes,      34328 total
- age   8:       2344 bytes,      36672 total
- age   9:       1832 bytes,      38504 total
- age  10:       1768 bytes,      40272 total
- age  11:       1720 bytes,      41992 total
- age  12:       1864 bytes,      43856 total
- age  13:       1960 bytes,      45816 total
- age  15:       2648 bytes,      48464 total
, 0.0027310 secs]
   [Parallel Time: 0.8 ms, GC Workers: 4]
      [GC Worker Start (ms): Min: 7457.2, Avg: 7457.2, Max: 7457.2, Diff: 0.0]
      [Ext Root Scanning (ms): Min: 0.4, Avg: 0.4, Max: 0.4, Diff: 0.0, Sum: 1.6]
      [Update RS (ms): Min: 0.1, Avg: 0.1, Max: 0.1, Diff: 0.0, Sum: 0.4]
         [Processed Buffers: Min: 1, Avg: 3.8, Max: 9, Diff: 8, Sum: 15]
      [Scan RS (ms): Min: 0.0, Avg: 0.0, Max: 0.0, Diff: 0.0, Sum: 0.0]
      [Code Root Scanning (ms): Min: 0.0, Avg: 0.0, Max: 0.0, Diff: 0.0, Sum: 0.0]
      [Object Copy (ms): Min: 0.2, Avg: 0.2, Max: 0.2, Diff: 0.0, Sum: 0.9]
      [Termination (ms): Min: 0.0, Avg: 0.0, Max: 0.0, Diff: 0.0, Sum: 0.0]
         [Termination Attempts: Min: 1, Avg: 1.0, Max: 1, Diff: 0, Sum: 4]
      [GC Worker Other (ms): Min: 0.0, Avg: 0.0, Max: 0.0, Diff: 0.0, Sum: 0.1]
      [GC Worker Total (ms): Min: 0.7, Avg: 0.7, Max: 0.7, Diff: 0.0, Sum: 2.9]
      [GC Worker End (ms): Min: 7457.9, Avg: 7457.9, Max: 7457.9, Diff: 0.0]
   [Code Root Fixup: 0.0 ms]
   [Code Root Purge: 0.0 ms]
   [Clear CT: 0.0 ms]
   [Other: 1.9 ms]
      [Choose CSet: 0.0 ms]
      [Ref Proc: 0.0 ms]
      [Ref Enq: 0.0 ms]
      [Redirty Cards: 0.0 ms]
      [Humongous Register: 1.0 ms]
      [Humongous Reclaim: 0.6 ms]
      [Free CSet: 0.0 ms]
   [Eden: 27.0M(182.0M)->0.0B(215.0M) Survivors: 1024.0K->1024.0K Heap: 4234.8M(4337.0M)->4002.8M(4338.0M)]
 [Times: user=0.00 sys=0.00, real=0.00 secs] 
2016-06-26T19:42:58.222+0300: 7.459: Total time for which application threads were stopped: 0.0056433 seconds, Stopping threads took: 0.0022879 seconds
2016-06-26T19:42:58.223+0300: 7.459: [GC pause (G1 Humongous Allocation) (young) (initial-mark)
Desired survivor size 14155776 bytes, new threshold 15 (max 15)
- age   1:      15896 bytes,      15896 total
- age   2:       4472 bytes,      20368 total
- age   3:       5704 bytes,      26072 total
- age   4:       4336 bytes,      30408 total
- age   5:       4520 bytes,      34928 total
- age   6:       4200 bytes,      39128 total
- age   7:       2040 bytes,      41168 total
- age   8:       1984 bytes,      43152 total
- age   9:       2240 bytes,      45392 total
- age  10:       1648 bytes,      47040 total
- age  11:       1600 bytes,      48640 total
- age  12:       1656 bytes,      50296 total
- age  13:       1648 bytes,      51944 total
- age  14:       1864 bytes,      53808 total
, 0.0023354 secs]
   [Parallel Time: 0.7 ms, GC Workers: 4]
      [GC Worker Start (ms): Min: 7460.5, Avg: 7460.5, Max: 7460.7, Diff: 0.2]
      [Ext Root Scanning (ms): Min: 0.2, Avg: 0.3, Max: 0.4, Diff: 0.2, Sum: 1.4]
      [Update RS (ms): Min: 0.1, Avg: 0.1, Max: 0.1, Diff: 0.0, Sum: 0.4]
         [Processed Buffers: Min: 1, Avg: 1.8, Max: 2, Diff: 1, Sum: 7]
      [Scan RS (ms): Min: 0.0, Avg: 0.0, Max: 0.0, Diff: 0.0, Sum: 0.0]
      [Code Root Scanning (ms): Min: 0.0, Avg: 0.0, Max: 0.0, Diff: 0.0, Sum: 0.0]
      [Object Copy (ms): Min: 0.1, Avg: 0.2, Max: 0.2, Diff: 0.0, Sum: 0.6]
      [Termination (ms): Min: 0.0, Avg: 0.0, Max: 0.0, Diff: 0.0, Sum: 0.0]
         [Termination Attempts: Min: 1, Avg: 1.0, Max: 1, Diff: 0, Sum: 4]
      [GC Worker Other (ms): Min: 0.0, Avg: 0.0, Max: 0.0, Diff: 0.0, Sum: 0.0]
      [GC Worker Total (ms): Min: 0.5, Avg: 0.6, Max: 0.7, Diff: 0.2, Sum: 2.5]
      [GC Worker End (ms): Min: 7461.2, Avg: 7461.2, Max: 7461.2, Diff: 0.0]
   [Code Root Fixup: 0.0 ms]
   [Code Root Purge: 0.0 ms]
   [Clear CT: 0.0 ms]
   [Other: 1.6 ms]
      [Choose CSet: 0.0 ms]
      [Ref Proc: 0.1 ms]
      [Ref Enq: 0.0 ms]
      [Redirty Cards: 0.0 ms]
      [Humongous Register: 0.8 ms]
      [Humongous Reclaim: 0.3 ms]
      [Free CSet: 0.0 ms]
   [Eden: 1024.0K(215.0M)->0.0B(215.0M) Survivors: 1024.0K->1024.0K Heap: 4003.3M(4338.0M)->3973.5M(4338.0M)]
 [Times: user=0.00 sys=0.00, real=0.00 secs] 
2016-06-26T19:42:58.225+0300: 7.462: [GC concurrent-root-region-scan-start]
2016-06-26T19:42:58.225+0300: 7.462: Total time for which application threads were stopped: 0.0030120 seconds, Stopping threads took: 0.0000624 seconds
2016-06-26T19:42:58.226+0300: 7.463: [GC concurrent-root-region-scan-end, 0.0010247 secs]
2016-06-26T19:42:58.226+0300: 7.463: [GC concurrent-mark-start]
2016-06-26T19:42:58.230+0300: 7.467: [GC concurrent-mark-end, 0.0035589 secs]
2016-06-26T19:42:58.996+0300: 8.233: Total time for which application threads were stopped: 0.0078179 seconds, Stopping threads took: 0.0074822 seconds
2016-06-26T19:42:59.022+0300: 8.259: [GC remark 2016-06-26T19:42:59.022+0300: 8.259: [Finalize Marking, 0.0001548 secs] 2016-06-26T19:42:59.022+0300: 8.259: [GC ref-proc, 0.0000676 secs] 2016-06-26T19:42:59.022+0300: 8.259: [Unloading, 0.0008181 secs], 0.0223761 secs]
 [Times: user=0.06 sys=0.00, real=0.02 secs] 
2016-06-26T19:42:59.044+0300: 8.281: Total time for which application threads were stopped: 0.0252307 seconds, Stopping threads took: 0.0024269 seconds
2016-06-26T19:42:59.665+0300: 8.901: [GC cleanup 4915M->4857M(5042M), 0.0021798 secs]
 [Times: user=0.00 sys=0.00, real=0.00 secs] 
2016-06-26T19:42:59.667+0300: 8.904: Total time for which application threads were stopped: 0.0087921 seconds, Stopping threads took: 0.0061488 seconds
2016-06-26T19:42:59.667+0300: 8.904: [GC concurrent-cleanup-start]
2016-06-26T19:42:59.667+0300: 8.904: [GC concurrent-cleanup-end, 0.0000830 secs]
2016-06-26T19:42:59.918+0300: 9.154: [GC pause (G1 Humongous Allocation) (young)
Desired survivor size 14155776 bytes, new threshold 15 (max 15)
- age   1:        152 bytes,        152 total
- age   2:      15656 bytes,      15808 total
- age   3:       4424 bytes,      20232 total
- age   4:       5704 bytes,      25936 total
- age   5:       4320 bytes,      30256 total
- age   6:       4480 bytes,      34736 total
- age   7:       4200 bytes,      38936 total
- age   8:       2040 bytes,      40976 total
- age   9:       1984 bytes,      42960 total
- age  10:       2240 bytes,      45200 total
- age  11:       1648 bytes,      46848 total
- age  12:       1600 bytes,      48448 total
- age  13:       1656 bytes,      50104 total
- age  14:       1648 bytes,      51752 total
- age  15:       1864 bytes,      53616 total
, 0.0045160 secs]
   [Parallel Time: 0.7 ms, GC Workers: 4]
      [GC Worker Start (ms): Min: 9155.2, Avg: 9155.2, Max: 9155.2, Diff: 0.0]
      [Ext Root Scanning (ms): Min: 0.3, Avg: 0.3, Max: 0.3, Diff: 0.0, Sum: 1.3]
      [Update RS (ms): Min: 0.1, Avg: 0.1, Max: 0.1, Diff: 0.0, Sum: 0.4]
         [Processed Buffers: Min: 1, Avg: 3.3, Max: 8, Diff: 7, Sum: 13]
      [Scan RS (ms): Min: 0.0, Avg: 0.0, Max: 0.0, Diff: 0.0, Sum: 0.0]
      [Code Root Scanning (ms): Min: 0.0, Avg: 0.0, Max: 0.0, Diff: 0.0, Sum: 0.0]
      [Object Copy (ms): Min: 0.1, Avg: 0.2, Max: 0.2, Diff: 0.0, Sum: 0.6]
      [Termination (ms): Min: 0.0, Avg: 0.0, Max: 0.0, Diff: 0.0, Sum: 0.0]
         [Termination Attempts: Min: 1, Avg: 1.0, Max: 1, Diff: 0, Sum: 4]
      [GC Worker Other (ms): Min: 0.0, Avg: 0.0, Max: 0.0, Diff: 0.0, Sum: 0.1]
      [GC Worker Total (ms): Min: 0.6, Avg: 0.6, Max: 0.6, Diff: 0.0, Sum: 2.5]
      [GC Worker End (ms): Min: 9155.8, Avg: 9155.8, Max: 9155.8, Diff: 0.0]
   [Code Root Fixup: 0.0 ms]
   [Code Root Purge: 0.0 ms]
   [Clear CT: 0.0 ms]
   [Other: 3.8 ms]
      [Choose CSet: 0.0 ms]
      [Ref Proc: 0.1 ms]
      [Ref Enq: 0.0 ms]
      [Redirty Cards: 0.1 ms]
      [Humongous Register: 1.1 ms]
      [Humongous Reclaim: 2.3 ms]
      [Free CSet: 0.0 ms]
   [Eden: 34.0M(215.0M)->0.0B(788.0M) Survivors: 1024.0K->1024.0K Heap: 4991.4M(5120.0M)->3727.4M(5120.0M)]
 [Times: user=0.02 sys=0.00, real=0.00 secs] 
2016-06-26T19:42:59.922+0300: 9.159: Total time for which application threads were stopped: 0.0114060 seconds, Stopping threads took: 0.0060231 seconds
2016-06-26T19:42:59.925+0300: 9.162: [GC pause (G1 Humongous Allocation) (young) (initial-mark)
Desired survivor size 51904512 bytes, new threshold 15 (max 15)
- age   1:      18288 bytes,      18288 total
- age   2:         40 bytes,      18328 total
- age   3:       8264 bytes,      26592 total
- age   4:       3864 bytes,      30456 total
- age   5:       4544 bytes,      35000 total
- age   6:       3312 bytes,      38312 total
- age   7:       3280 bytes,      41592 total
- age   8:       2392 bytes,      43984 total
- age   9:       1488 bytes,      45472 total
- age  10:       1152 bytes,      46624 total
- age  11:       1504 bytes,      48128 total
- age  12:        888 bytes,      49016 total
- age  13:       1168 bytes,      50184 total
- age  14:        664 bytes,      50848 total
- age  15:       1056 bytes,      51904 total
, 0.0028405 secs]
   [Parallel Time: 0.7 ms, GC Workers: 4]
      [GC Worker Start (ms): Min: 9163.1, Avg: 9163.1, Max: 9163.1, Diff: 0.0]
      [Ext Root Scanning (ms): Min: 0.3, Avg: 0.4, Max: 0.4, Diff: 0.0, Sum: 1.4]
      [Update RS (ms): Min: 0.1, Avg: 0.1, Max: 0.1, Diff: 0.1, Sum: 0.4]
         [Processed Buffers: Min: 1, Avg: 1.5, Max: 2, Diff: 1, Sum: 6]
      [Scan RS (ms): Min: 0.0, Avg: 0.0, Max: 0.0, Diff: 0.0, Sum: 0.0]
      [Code Root Scanning (ms): Min: 0.0, Avg: 0.0, Max: 0.0, Diff: 0.0, Sum: 0.0]
      [Object Copy (ms): Min: 0.1, Avg: 0.2, Max: 0.2, Diff: 0.1, Sum: 0.6]
      [Termination (ms): Min: 0.0, Avg: 0.0, Max: 0.0, Diff: 0.0, Sum: 0.0]
         [Termination Attempts: Min: 1, Avg: 1.0, Max: 1, Diff: 0, Sum: 4]
      [GC Worker Other (ms): Min: 0.0, Avg: 0.0, Max: 0.0, Diff: 0.0, Sum: 0.1]
      [GC Worker Total (ms): Min: 0.6, Avg: 0.6, Max: 0.6, Diff: 0.0, Sum: 2.6]
      [GC Worker End (ms): Min: 9163.7, Avg: 9163.7, Max: 9163.7, Diff: 0.0]
   [Code Root Fixup: 0.0 ms]
   [Code Root Purge: 0.0 ms]
   [Clear CT: 0.0 ms]
   [Other: 2.1 ms]
      [Choose CSet: 0.0 ms]
      [Ref Proc: 0.0 ms]
      [Ref Enq: 0.0 ms]
      [Redirty Cards: 0.0 ms]
      [Humongous Register: 1.0 ms]
      [Humongous Reclaim: 0.4 ms]
      [Free CSet: 0.0 ms]
   [Eden: 1024.0K(788.0M)->0.0B(787.0M) Survivors: 1024.0K->1024.0K Heap: 3729.8M(5120.0M)->3729.3M(5120.0M)]
 [Times: user=0.00 sys=0.00, real=0.00 secs] 
2016-06-26T19:42:59.928+0300: 9.165: [GC concurrent-root-region-scan-start]
2016-06-26T19:42:59.928+0300: 9.165: Total time for which application threads were stopped: 0.0035341 seconds, Stopping threads took: 0.0000731 seconds
2016-06-26T19:42:59.929+0300: 9.166: [GC concurrent-root-region-scan-end, 0.0009507 secs]
2016-06-26T19:42:59.929+0300: 9.166: [GC concurrent-mark-start]
2016-06-26T19:42:59.933+0300: 9.170: [GC concurrent-mark-end, 0.0037445 secs]
2016-06-26T19:43:00.953+0300: 10.189: Total time for which application threads were stopped: 0.0010713 seconds, Stopping threads took: 0.0007240 seconds
2016-06-26T19:43:01.726+0300: 10.962: [GC pause (G1 Humongous Allocation) (young)
Desired survivor size 51904512 bytes, new threshold 15 (max 15)
- age   1:         72 bytes,         72 total
- age   2:      18120 bytes,      18192 total
- age   3:         40 bytes,      18232 total
- age   4:       8264 bytes,      26496 total
- age   5:       3864 bytes,      30360 total
- age   6:       4544 bytes,      34904 total
- age   7:       3312 bytes,      38216 total
- age   8:       3280 bytes,      41496 total
- age   9:       2392 bytes,      43888 total
- age  10:       1488 bytes,      45376 total
- age  11:       1152 bytes,      46528 total
- age  12:       1504 bytes,      48032 total
- age  13:        888 bytes,      48920 total
- age  14:       1168 bytes,      50088 total
- age  15:        664 bytes,      50752 total
, 0.0039083 secs]
   [Parallel Time: 0.8 ms, GC Workers: 4]
      [GC Worker Start (ms): Min: 10963.7, Avg: 10963.7, Max: 10963.7, Diff: 0.0]
      [Ext Root Scanning (ms): Min: 0.4, Avg: 0.4, Max: 0.4, Diff: 0.0, Sum: 1.6]
      [Update RS (ms): Min: 0.1, Avg: 0.1, Max: 0.2, Diff: 0.1, Sum: 0.6]
         [Processed Buffers: Min: 2, Avg: 2.5, Max: 4, Diff: 2, Sum: 10]
      [Scan RS (ms): Min: 0.0, Avg: 0.0, Max: 0.0, Diff: 0.0, Sum: 0.0]
      [Code Root Scanning (ms): Min: 0.0, Avg: 0.0, Max: 0.0, Diff: 0.0, Sum: 0.0]
      [Object Copy (ms): Min: 0.1, Avg: 0.2, Max: 0.2, Diff: 0.1, Sum: 0.6]
      [Termination (ms): Min: 0.0, Avg: 0.0, Max: 0.0, Diff: 0.0, Sum: 0.0]
         [Termination Attempts: Min: 1, Avg: 1.0, Max: 1, Diff: 0, Sum: 4]
      [GC Worker Other (ms): Min: 0.0, Avg: 0.0, Max: 0.0, Diff: 0.0, Sum: 0.1]
      [GC Worker Total (ms): Min: 0.7, Avg: 0.7, Max: 0.7, Diff: 0.0, Sum: 3.0]
      [GC Worker End (ms): Min: 10964.5, Avg: 10964.5, Max: 10964.5, Diff: 0.0]
   [Code Root Fixup: 0.0 ms]
   [Code Root Purge: 0.0 ms]
   [Clear CT: 0.0 ms]
   [Other: 3.1 ms]
      [Choose CSet: 0.0 ms]
      [Ref Proc: 0.0 ms]
      [Ref Enq: 0.0 ms]
      [Redirty Cards: 0.0 ms]
      [Humongous Register: 1.4 ms]
      [Humongous Reclaim: 1.4 ms]
      [Free CSet: 0.1 ms]
   [Eden: 30.0M(787.0M)->0.0B(255.0M) Survivors: 1024.0K->1024.0K Heap: 4975.6M(5120.0M)->4330.9M(5120.0M)]
 [Times: user=0.00 sys=0.00, real=0.00 secs] 
2016-06-26T19:43:01.730+0300: 10.966: Total time for which application threads were stopped: 0.0070815 seconds, Stopping threads took: 0.0021323 seconds
2016-06-26T19:43:02.624+0300: 11.860: [GC pause (G1 Humongous Allocation) (young)
Desired survivor size 16777216 bytes, new threshold 15 (max 15)
- age   1:      18376 bytes,      18376 total
- age   3:      13320 bytes,      31696 total
- age   4:         16 bytes,      31712 total
- age   5:       6680 bytes,      38392 total
- age   6:       3552 bytes,      41944 total
- age   7:       4176 bytes,      46120 total
- age   8:       3240 bytes,      49360 total
- age   9:       3096 bytes,      52456 total
- age  10:       2288 bytes,      54744 total
- age  11:       1488 bytes,      56232 total
- age  12:       1104 bytes,      57336 total
- age  13:       1448 bytes,      58784 total
- age  14:        888 bytes,      59672 total
- age  15:       1056 bytes,      60728 total
, 0.0028285 secs]
   [Parallel Time: 0.7 ms, GC Workers: 4]
      [GC Worker Start (ms): Min: 11861.2, Avg: 11861.2, Max: 11861.2, Diff: 0.0]
      [Ext Root Scanning (ms): Min: 0.3, Avg: 0.3, Max: 0.3, Diff: 0.0, Sum: 1.3]
      [Update RS (ms): Min: 0.1, Avg: 0.1, Max: 0.2, Diff: 0.1, Sum: 0.6]
         [Processed Buffers: Min: 2, Avg: 2.8, Max: 3, Diff: 1, Sum: 11]
      [Scan RS (ms): Min: 0.0, Avg: 0.0, Max: 0.0, Diff: 0.0, Sum: 0.0]
      [Code Root Scanning (ms): Min: 0.0, Avg: 0.0, Max: 0.0, Diff: 0.0, Sum: 0.0]
      [Object Copy (ms): Min: 0.1, Avg: 0.2, Max: 0.2, Diff: 0.1, Sum: 0.7]
      [Termination (ms): Min: 0.0, Avg: 0.0, Max: 0.0, Diff: 0.0, Sum: 0.0]
         [Termination Attempts: Min: 1, Avg: 1.0, Max: 1, Diff: 0, Sum: 4]
      [GC Worker Other (ms): Min: 0.0, Avg: 0.0, Max: 0.0, Diff: 0.0, Sum: 0.0]
      [GC Worker Total (ms): Min: 0.7, Avg: 0.7, Max: 0.7, Diff: 0.0, Sum: 2.7]
      [GC Worker End (ms): Min: 11861.8, Avg: 11861.8, Max: 11861.8, Diff: 0.0]
   [Code Root Fixup: 0.0 ms]
   [Code Root Purge: 0.0 ms]
   [Clear CT: 0.0 ms]
   [Other: 2.1 ms]
      [Choose CSet: 0.0 ms]
      [Ref Proc: 0.0 ms]
      [Ref Enq: 0.0 ms]
      [Redirty Cards: 0.0 ms]
      [Humongous Register: 1.1 ms]
      [Humongous Reclaim: 0.7 ms]
      [Free CSet: 0.0 ms]
   [Eden: 30.0M(255.0M)->0.0B(255.0M) Survivors: 1024.0K->1024.0K Heap: 4975.7M(5120.0M)->4711.8M(5120.0M)]
 [Times: user=0.00 sys=0.00, real=0.00 secs] 
2016-06-26T19:43:02.627+0300: 11.863: Total time for which application threads were stopped: 0.0077431 seconds, Stopping threads took: 0.0040341 seconds
2016-06-26T19:43:02.982+0300: 12.219: [GC pause (G1 Humongous Allocation) (young)
Desired survivor size 16777216 bytes, new threshold 15 (max 15)
- age   1:      13936 bytes,      13936 total
- age   2:      16248 bytes,      30184 total
- age   4:      13160 bytes,      43344 total
- age   5:         16 bytes,      43360 total
- age   6:       6560 bytes,      49920 total
- age   7:       3552 bytes,      53472 total
- age   8:       4072 bytes,      57544 total
- age   9:       2984 bytes,      60528 total
- age  10:       2864 bytes,      63392 total
- age  11:       1968 bytes,      65360 total
- age  12:       1352 bytes,      66712 total
- age  13:        928 bytes,      67640 total
- age  14:       1264 bytes,      68904 total
- age  15:        864 bytes,      69768 total
, 0.0025240 secs]
   [Parallel Time: 0.7 ms, GC Workers: 4]
      [GC Worker Start (ms): Min: 12219.6, Avg: 12219.6, Max: 12219.6, Diff: 0.0]
      [Ext Root Scanning (ms): Min: 0.3, Avg: 0.3, Max: 0.3, Diff: 0.0, Sum: 1.3]
      [Update RS (ms): Min: 0.1, Avg: 0.1, Max: 0.2, Diff: 0.1, Sum: 0.6]
         [Processed Buffers: Min: 1, Avg: 1.5, Max: 2, Diff: 1, Sum: 6]
      [Scan RS (ms): Min: 0.0, Avg: 0.0, Max: 0.0, Diff: 0.0, Sum: 0.0]
      [Code Root Scanning (ms): Min: 0.0, Avg: 0.0, Max: 0.0, Diff: 0.0, Sum: 0.0]
      [Object Copy (ms): Min: 0.1, Avg: 0.2, Max: 0.2, Diff: 0.1, Sum: 0.7]
      [Termination (ms): Min: 0.0, Avg: 0.0, Max: 0.0, Diff: 0.0, Sum: 0.0]
         [Termination Attempts: Min: 1, Avg: 1.0, Max: 1, Diff: 0, Sum: 4]
      [GC Worker Other (ms): Min: 0.0, Avg: 0.0, Max: 0.0, Diff: 0.0, Sum: 0.1]
      [GC Worker Total (ms): Min: 0.7, Avg: 0.7, Max: 0.7, Diff: 0.0, Sum: 2.7]
      [GC Worker End (ms): Min: 12220.3, Avg: 12220.3, Max: 12220.3, Diff: 0.0]
   [Code Root Fixup: 0.0 ms]
   [Code Root Purge: 0.0 ms]
   [Clear CT: 0.0 ms]
   [Other: 1.8 ms]
      [Choose CSet: 0.0 ms]
      [Ref Proc: 0.0 ms]
      [Ref Enq: 0.0 ms]
      [Redirty Cards: 0.0 ms]
      [Humongous Register: 1.0 ms]
      [Humongous Reclaim: 0.6 ms]
      [Free CSet: 0.0 ms]
   [Eden: 19.0M(255.0M)->0.0B(255.0M) Survivors: 1024.0K->1024.0K Heap: 4974.5M(5120.0M)->4780.2M(5120.0M)]
 [Times: user=0.02 sys=0.00, real=0.00 secs] 
2016-06-26T19:43:02.985+0300: 12.221: Total time for which application threads were stopped: 0.0035769 seconds, Stopping threads took: 0.0001373 seconds
2016-06-26T19:43:03.071+0300: 12.308: [GC remark 2016-06-26T19:43:03.072+0300: 12.308: [Finalize Marking, 0.0001548 secs] 2016-06-26T19:43:03.072+0300: 12.308: [GC ref-proc, 0.0000706 secs] 2016-06-26T19:43:03.072+0300: 12.308: [Unloading, 0.0008976 secs], 0.0222594 secs]
 [Times: user=0.11 sys=0.00, real=0.02 secs] 
2016-06-26T19:43:03.094+0300: 12.330: Total time for which application threads were stopped: 0.0231955 seconds, Stopping threads took: 0.0005158 seconds
2016-06-26T19:43:03.097+0300: 12.334: [GC cleanup 4864M->4672M(5120M), 0.0029833 secs]
 [Times: user=0.00 sys=0.00, real=0.00 secs] 
2016-06-26T19:43:03.108+0300: 12.344: Total time for which application threads were stopped: 0.0127672 seconds, Stopping threads took: 0.0022559 seconds
2016-06-26T19:43:03.108+0300: 12.344: [GC concurrent-cleanup-start]
2016-06-26T19:43:03.108+0300: 12.345: [GC concurrent-cleanup-end, 0.0002840 secs]
2016-06-26T19:43:03.512+0300: 12.748: [GC pause (G1 Humongous Allocation) (young)
Desired survivor size 16777216 bytes, new threshold 15 (max 15)
- age   1:       5488 bytes,       5488 total
- age   2:      12872 bytes,      18360 total
- age   3:      13520 bytes,      31880 total
- age   5:      13048 bytes,      44928 total
- age   6:         16 bytes,      44944 total
- age   7:       6560 bytes,      51504 total
- age   8:       3552 bytes,      55056 total
- age   9:       3952 bytes,      59008 total
- age  10:       2880 bytes,      61888 total
- age  11:       2688 bytes,      64576 total
- age  12:       1896 bytes,      66472 total
- age  13:       1352 bytes,      67824 total
- age  14:        880 bytes,      68704 total
- age  15:       1192 bytes,      69896 total
, 0.0033750 secs]
   [Parallel Time: 0.7 ms, GC Workers: 4]
      [GC Worker Start (ms): Min: 12749.6, Avg: 12749.6, Max: 12749.6, Diff: 0.0]
      [Ext Root Scanning (ms): Min: 0.3, Avg: 0.3, Max: 0.3, Diff: 0.0, Sum: 1.3]
      [Update RS (ms): Min: 0.1, Avg: 0.1, Max: 0.2, Diff: 0.1, Sum: 0.5]
         [Processed Buffers: Min: 1, Avg: 1.5, Max: 2, Diff: 1, Sum: 6]
      [Scan RS (ms): Min: 0.0, Avg: 0.0, Max: 0.0, Diff: 0.0, Sum: 0.0]
      [Code Root Scanning (ms): Min: 0.0, Avg: 0.0, Max: 0.0, Diff: 0.0, Sum: 0.0]
      [Object Copy (ms): Min: 0.1, Avg: 0.2, Max: 0.2, Diff: 0.1, Sum: 0.7]
      [Termination (ms): Min: 0.0, Avg: 0.0, Max: 0.0, Diff: 0.0, Sum: 0.0]
         [Termination Attempts: Min: 1, Avg: 1.0, Max: 1, Diff: 0, Sum: 4]
      [GC Worker Other (ms): Min: 0.0, Avg: 0.0, Max: 0.0, Diff: 0.0, Sum: 0.0]
      [GC Worker Total (ms): Min: 0.6, Avg: 0.6, Max: 0.6, Diff: 0.0, Sum: 2.5]
      [GC Worker End (ms): Min: 12750.2, Avg: 12750.2, Max: 12750.2, Diff: 0.0]
   [Code Root Fixup: 0.0 ms]
   [Code Root Purge: 0.0 ms]
   [Clear CT: 0.0 ms]
   [Other: 2.7 ms]
      [Choose CSet: 0.0 ms]
      [Ref Proc: 0.0 ms]
      [Ref Enq: 0.0 ms]
      [Redirty Cards: 0.0 ms]
      [Humongous Register: 1.2 ms]
      [Humongous Reclaim: 1.2 ms]
      [Free CSet: 0.0 ms]
   [Eden: 15.0M(255.0M)->0.0B(255.0M) Survivors: 1024.0K->1024.0K Heap: 4972.9M(5120.0M)->4463.8M(5120.0M)]
 [Times: user=0.01 sys=0.00, real=0.00 secs] 
2016-06-26T19:43:03.515+0300: 12.752: Total time for which application threads were stopped: 0.0078282 seconds, Stopping threads took: 0.0033934 seconds
2016-06-26T19:43:03.522+0300: 12.758: [GC pause (G1 Humongous Allocation) (young) (initial-mark)
Desired survivor size 16777216 bytes, new threshold 15 (max 15)
- age   1:       5832 bytes,       5832 total
- age   2:       5376 bytes,      11208 total
- age   3:      12872 bytes,      24080 total
- age   4:      11720 bytes,      35800 total
- age   6:      11104 bytes,      46904 total
- age   7:         16 bytes,      46920 total
- age   8:       5568 bytes,      52488 total
- age   9:       3056 bytes,      55544 total
- age  10:       3488 bytes,      59032 total
- age  11:       2416 bytes,      61448 total
- age  12:       1936 bytes,      63384 total
- age  13:       1552 bytes,      64936 total
- age  14:       1208 bytes,      66144 total
- age  15:        568 bytes,      66712 total
, 0.0027883 secs]
   [Parallel Time: 0.7 ms, GC Workers: 4]
      [GC Worker Start (ms): Min: 12759.7, Avg: 12759.7, Max: 12759.7, Diff: 0.0]
      [Ext Root Scanning (ms): Min: 0.3, Avg: 0.3, Max: 0.4, Diff: 0.0, Sum: 1.4]
      [Update RS (ms): Min: 0.1, Avg: 0.1, Max: 0.2, Diff: 0.1, Sum: 0.5]
         [Processed Buffers: Min: 1, Avg: 1.5, Max: 2, Diff: 1, Sum: 6]
      [Scan RS (ms): Min: 0.0, Avg: 0.0, Max: 0.0, Diff: 0.0, Sum: 0.0]
      [Code Root Scanning (ms): Min: 0.0, Avg: 0.0, Max: 0.0, Diff: 0.0, Sum: 0.0]
      [Object Copy (ms): Min: 0.1, Avg: 0.2, Max: 0.2, Diff: 0.1, Sum: 0.7]
      [Termination (ms): Min: 0.0, Avg: 0.0, Max: 0.0, Diff: 0.0, Sum: 0.0]
         [Termination Attempts: Min: 1, Avg: 1.0, Max: 1, Diff: 0, Sum: 4]
      [GC Worker Other (ms): Min: 0.0, Avg: 0.0, Max: 0.0, Diff: 0.0, Sum: 0.0]
      [GC Worker Total (ms): Min: 0.7, Avg: 0.7, Max: 0.7, Diff: 0.0, Sum: 2.7]
      [GC Worker End (ms): Min: 12760.4, Avg: 12760.4, Max: 12760.4, Diff: 0.0]
   [Code Root Fixup: 0.0 ms]
   [Code Root Purge: 0.0 ms]
   [Clear CT: 0.0 ms]
   [Other: 2.1 ms]
      [Choose CSet: 0.0 ms]
      [Ref Proc: 0.1 ms]
      [Ref Enq: 0.0 ms]
      [Redirty Cards: 0.0 ms]
      [Humongous Register: 1.0 ms]
      [Humongous Reclaim: 0.4 ms]
      [Free CSet: 0.0 ms]
   [Eden: 1024.0K(255.0M)->0.0B(255.0M) Survivors: 1024.0K->1024.0K Heap: 4466.7M(5120.0M)->4436.4M(5120.0M)]
 [Times: user=0.00 sys=0.00, real=0.00 secs] 
2016-06-26T19:43:03.525+0300: 12.761: [GC concurrent-root-region-scan-start]
2016-06-26T19:43:03.525+0300: 12.761: Total time for which application threads were stopped: 0.0034867 seconds, Stopping threads took: 0.0000795 seconds
2016-06-26T19:43:03.526+0300: 12.763: [GC concurrent-root-region-scan-end, 0.0011299 secs]
2016-06-26T19:43:03.526+0300: 12.763: [GC concurrent-mark-start]
2016-06-26T19:43:03.531+0300: 12.767: [GC concurrent-mark-end, 0.0045913 secs]
2016-06-26T19:43:04.259+0300: 13.496: [GC pause (G1 Humongous Allocation) (young)
Desired survivor size 16777216 bytes, new threshold 15 (max 15)
- age   1:        144 bytes,        144 total
- age   2:       5616 bytes,       5760 total
- age   3:       5376 bytes,      11136 total
- age   4:      12872 bytes,      24008 total
- age   5:      11720 bytes,      35728 total
- age   7:      10864 bytes,      46592 total
- age   8:         16 bytes,      46608 total
- age   9:       5456 bytes,      52064 total
- age  10:       3056 bytes,      55120 total
- age  11:       3488 bytes,      58608 total
- age  12:       2416 bytes,      61024 total
- age  13:       1936 bytes,      62960 total
- age  14:       1552 bytes,      64512 total
- age  15:       1208 bytes,      65720 total
, 0.0029846 secs]
   [Parallel Time: 0.7 ms, GC Workers: 4]
      [GC Worker Start (ms): Min: 13497.1, Avg: 13497.1, Max: 13497.1, Diff: 0.0]
      [Ext Root Scanning (ms): Min: 0.3, Avg: 0.3, Max: 0.3, Diff: 0.0, Sum: 1.3]
      [Update RS (ms): Min: 0.1, Avg: 0.1, Max: 0.2, Diff: 0.1, Sum: 0.5]
         [Processed Buffers: Min: 1, Avg: 1.8, Max: 3, Diff: 2, Sum: 7]
      [Scan RS (ms): Min: 0.0, Avg: 0.0, Max: 0.0, Diff: 0.0, Sum: 0.0]
      [Code Root Scanning (ms): Min: 0.0, Avg: 0.0, Max: 0.0, Diff: 0.0, Sum: 0.0]
      [Object Copy (ms): Min: 0.1, Avg: 0.2, Max: 0.2, Diff: 0.1, Sum: 0.7]
      [Termination (ms): Min: 0.0, Avg: 0.0, Max: 0.0, Diff: 0.0, Sum: 0.0]
         [Termination Attempts: Min: 1, Avg: 1.0, Max: 1, Diff: 0, Sum: 4]
      [GC Worker Other (ms): Min: 0.0, Avg: 0.0, Max: 0.0, Diff: 0.0, Sum: 0.0]
      [GC Worker Total (ms): Min: 0.7, Avg: 0.7, Max: 0.7, Diff: 0.0, Sum: 2.6]
      [GC Worker End (ms): Min: 13497.7, Avg: 13497.7, Max: 13497.7, Diff: 0.0]
   [Code Root Fixup: 0.0 ms]
   [Code Root Purge: 0.0 ms]
   [Clear CT: 0.0 ms]
   [Other: 2.3 ms]
      [Choose CSet: 0.0 ms]
      [Ref Proc: 0.0 ms]
      [Ref Enq: 0.0 ms]
      [Redirty Cards: 0.0 ms]
      [Humongous Register: 1.2 ms]
      [Humongous Reclaim: 0.8 ms]
      [Free CSet: 0.0 ms]
   [Eden: 23.0M(255.0M)->0.0B(255.0M) Survivors: 1024.0K->1024.0K Heap: 4976.0M(5120.0M)->4661.1M(5120.0M)]
 [Times: user=0.00 sys=0.00, real=0.00 secs] 
2016-06-26T19:43:04.263+0300: 13.499: Total time for which application threads were stopped: 0.0088405 seconds, Stopping threads took: 0.0048308 seconds
2016-06-26T19:43:04.267+0300: 13.503: [GC remark 2016-06-26T19:43:04.267+0300: 13.503: [Finalize Marking, 0.0001386 secs] 2016-06-26T19:43:04.267+0300: 13.503: [GC ref-proc, 0.0000641 secs] 2016-06-26T19:43:04.267+0300: 13.503: [Unloading, 0.0007933 secs], 0.0224202 secs]
 [Times: user=0.06 sys=0.00, real=0.02 secs] 
2016-06-26T19:43:04.289+0300: 13.526: Total time for which application threads were stopped: 0.0229056 seconds, Stopping threads took: 0.0000612 seconds
2016-06-26T19:43:04.553+0300: 13.789: [GC cleanup 4831M->4573M(5120M), 0.0022486 secs]
 [Times: user=0.00 sys=0.00, real=0.00 secs] 
2016-06-26T19:43:04.555+0300: 13.792: Total time for which application threads were stopped: 0.0069797 seconds, Stopping threads took: 0.0043108 seconds
2016-06-26T19:43:04.555+0300: 13.792: [GC concurrent-cleanup-start]
2016-06-26T19:43:04.555+0300: 13.792: [GC concurrent-cleanup-end, 0.0003785 secs]
2016-06-26T19:43:05.125+0300: 14.362: [GC pause (G1 Humongous Allocation) (young)
Desired survivor size 16777216 bytes, new threshold 15 (max 15)
- age   1:       9536 bytes,       9536 total
- age   2:         88 bytes,       9624 total
- age   3:       3272 bytes,      12896 total
- age   4:       5232 bytes,      18128 total
- age   5:      12872 bytes,      31000 total
- age   6:      10088 bytes,      41088 total
- age   8:       8848 bytes,      49936 total
- age   9:         16 bytes,      49952 total
- age  10:       4960 bytes,      54912 total
- age  11:       2912 bytes,      57824 total
- age  12:       3464 bytes,      61288 total
- age  13:       2360 bytes,      63648 total
- age  14:       1936 bytes,      65584 total
- age  15:       1552 bytes,      67136 total
, 0.0041435 secs]
   [Parallel Time: 0.7 ms, GC Workers: 4]
      [GC Worker Start (ms): Min: 14363.0, Avg: 14363.0, Max: 14363.0, Diff: 0.0]
      [Ext Root Scanning (ms): Min: 0.3, Avg: 0.3, Max: 0.3, Diff: 0.0, Sum: 1.3]
      [Update RS (ms): Min: 0.1, Avg: 0.1, Max: 0.1, Diff: 0.0, Sum: 0.5]
         [Processed Buffers: Min: 1, Avg: 1.5, Max: 2, Diff: 1, Sum: 6]
      [Scan RS (ms): Min: 0.0, Avg: 0.0, Max: 0.0, Diff: 0.0, Sum: 0.0]
      [Code Root Scanning (ms): Min: 0.0, Avg: 0.0, Max: 0.0, Diff: 0.0, Sum: 0.0]
      [Object Copy (ms): Min: 0.1, Avg: 0.2, Max: 0.2, Diff: 0.0, Sum: 0.6]
      [Termination (ms): Min: 0.0, Avg: 0.0, Max: 0.0, Diff: 0.0, Sum: 0.0]
         [Termination Attempts: Min: 1, Avg: 1.0, Max: 1, Diff: 0, Sum: 4]
      [GC Worker Other (ms): Min: 0.0, Avg: 0.0, Max: 0.0, Diff: 0.0, Sum: 0.1]
      [GC Worker Total (ms): Min: 0.6, Avg: 0.6, Max: 0.6, Diff: 0.0, Sum: 2.5]
      [GC Worker End (ms): Min: 14363.6, Avg: 14363.6, Max: 14363.6, Diff: 0.0]
   [Code Root Fixup: 0.0 ms]
   [Code Root Purge: 0.0 ms]
   [Clear CT: 0.0 ms]
   [Other: 3.5 ms]
      [Choose CSet: 0.0 ms]
      [Ref Proc: 0.0 ms]
      [Ref Enq: 0.0 ms]
      [Redirty Cards: 0.0 ms]
      [Humongous Register: 1.0 ms]
      [Humongous Reclaim: 2.2 ms]
      [Free CSet: 0.0 ms]
   [Eden: 26.0M(255.0M)->0.0B(687.0M) Survivors: 1024.0K->1024.0K Heap: 4977.1M(5120.0M)->3827.1M(5120.0M)]
 [Times: user=0.00 sys=0.00, real=0.01 secs] 
2016-06-26T19:43:05.130+0300: 14.366: Total time for which application threads were stopped: 0.0099656 seconds, Stopping threads took: 0.0048962 seconds
2016-06-26T19:43:05.140+0300: 14.377: [GC pause (G1 Humongous Allocation) (young) (initial-mark)
Desired survivor size 45088768 bytes, new threshold 15 (max 15)
- age   1:      10496 bytes,      10496 total
- age   2:       4992 bytes,      15488 total
- age   3:         88 bytes,      15576 total
- age   4:       2008 bytes,      17584 total
- age   5:       4912 bytes,      22496 total
- age   6:      11576 bytes,      34072 total
- age   7:       8104 bytes,      42176 total
- age   9:       5584 bytes,      47760 total
- age  11:       3936 bytes,      51696 total
- age  12:       1776 bytes,      53472 total
- age  13:       2168 bytes,      55640 total
- age  14:       1784 bytes,      57424 total
- age  15:       1600 bytes,      59024 total
, 0.0026074 secs]
   [Parallel Time: 0.7 ms, GC Workers: 4]
      [GC Worker Start (ms): Min: 14378.0, Avg: 14378.0, Max: 14378.0, Diff: 0.0]
      [Ext Root Scanning (ms): Min: 0.3, Avg: 0.3, Max: 0.4, Diff: 0.0, Sum: 1.4]
      [Update RS (ms): Min: 0.1, Avg: 0.1, Max: 0.2, Diff: 0.1, Sum: 0.5]
         [Processed Buffers: Min: 1, Avg: 1.5, Max: 2, Diff: 1, Sum: 6]
      [Scan RS (ms): Min: 0.0, Avg: 0.0, Max: 0.0, Diff: 0.0, Sum: 0.0]
      [Code Root Scanning (ms): Min: 0.0, Avg: 0.0, Max: 0.0, Diff: 0.0, Sum: 0.0]
      [Object Copy (ms): Min: 0.1, Avg: 0.2, Max: 0.2, Diff: 0.1, Sum: 0.7]
      [Termination (ms): Min: 0.0, Avg: 0.0, Max: 0.0, Diff: 0.0, Sum: 0.0]
         [Termination Attempts: Min: 1, Avg: 1.0, Max: 1, Diff: 0, Sum: 4]
      [GC Worker Other (ms): Min: 0.0, Avg: 0.0, Max: 0.0, Diff: 0.0, Sum: 0.0]
      [GC Worker Total (ms): Min: 0.6, Avg: 0.7, Max: 0.7, Diff: 0.0, Sum: 2.6]
      [GC Worker End (ms): Min: 14378.7, Avg: 14378.7, Max: 14378.7, Diff: 0.0]
   [Code Root Fixup: 0.0 ms]
   [Code Root Purge: 0.0 ms]
   [Clear CT: 0.0 ms]
   [Other: 1.9 ms]
      [Choose CSet: 0.0 ms]
      [Ref Proc: 0.1 ms]
      [Ref Enq: 0.0 ms]
      [Redirty Cards: 0.0 ms]
      [Humongous Register: 0.9 ms]
      [Humongous Reclaim: 0.3 ms]
      [Free CSet: 0.0 ms]
   [Eden: 1024.0K(687.0M)->0.0B(685.0M) Survivors: 1024.0K->1024.0K Heap: 3829.5M(5120.0M)->3829.0M(5120.0M)]
 [Times: user=0.00 sys=0.00, real=0.00 secs] 
2016-06-26T19:43:05.143+0300: 14.380: [GC concurrent-root-region-scan-start]
2016-06-26T19:43:05.143+0300: 14.380: Total time for which application threads were stopped: 0.0032857 seconds, Stopping threads took: 0.0000706 seconds
2016-06-26T19:43:05.144+0300: 14.381: [GC concurrent-root-region-scan-end, 0.0010093 secs]
2016-06-26T19:43:05.144+0300: 14.381: [GC concurrent-mark-start]
2016-06-26T19:43:05.148+0300: 14.385: [GC concurrent-mark-end, 0.0037394 secs]
2016-06-26T19:43:05.170+0300: 14.406: [GC remark 2016-06-26T19:43:05.170+0300: 14.406: [Finalize Marking, 0.0001480 secs] 2016-06-26T19:43:05.170+0300: 14.407: [GC ref-proc, 0.0000641 secs] 2016-06-26T19:43:05.170+0300: 14.407: [Unloading, 0.0007890 secs], 0.0198735 secs]
 [Times: user=0.08 sys=0.00, real=0.02 secs] 
2016-06-26T19:43:05.190+0300: 14.426: Total time for which application threads were stopped: 0.0211513 seconds, Stopping threads took: 0.0008519 seconds
2016-06-26T19:43:05.497+0300: 14.733: [GC cleanup 4129M->3750M(5120M), 0.0026775 secs]
 [Times: user=0.06 sys=0.00, real=0.00 secs] 
2016-06-26T19:43:05.500+0300: 14.736: Total time for which application threads were stopped: 0.0060308 seconds, Stopping threads took: 0.0028892 seconds
2016-06-26T19:43:05.500+0300: 14.736: [GC concurrent-cleanup-start]
2016-06-26T19:43:05.500+0300: 14.737: [GC concurrent-cleanup-end, 0.0006017 secs]
2016-06-26T19:43:07.300+0300: 16.537: [GC pause (G1 Humongous Allocation) (young)
Desired survivor size 45088768 bytes, new threshold 15 (max 15)
- age   1:         72 bytes,         72 total
- age   2:      10328 bytes,      10400 total
- age   3:       4992 bytes,      15392 total
- age   4:         88 bytes,      15480 total
- age   5:       2008 bytes,      17488 total
- age   6:       4912 bytes,      22400 total
- age   7:      11576 bytes,      33976 total
- age   8:       8104 bytes,      42080 total
- age  10:       5584 bytes,      47664 total
- age  12:       3936 bytes,      51600 total
- age  13:       1776 bytes,      53376 total
- age  14:       2168 bytes,      55544 total
- age  15:       1784 bytes,      57328 total
, 0.0045430 secs]
   [Parallel Time: 0.6 ms, GC Workers: 4]
      [GC Worker Start (ms): Min: 16537.9, Avg: 16537.9, Max: 16537.9, Diff: 0.0]
      [Ext Root Scanning (ms): Min: 0.3, Avg: 0.3, Max: 0.3, Diff: 0.0, Sum: 1.3]
      [Update RS (ms): Min: 0.1, Avg: 0.1, Max: 0.1, Diff: 0.0, Sum: 0.4]
         [Processed Buffers: Min: 1, Avg: 2.3, Max: 5, Diff: 4, Sum: 9]
      [Scan RS (ms): Min: 0.0, Avg: 0.0, Max: 0.0, Diff: 0.0, Sum: 0.0]
      [Code Root Scanning (ms): Min: 0.0, Avg: 0.0, Max: 0.0, Diff: 0.0, Sum: 0.0]
      [Object Copy (ms): Min: 0.1, Avg: 0.2, Max: 0.2, Diff: 0.0, Sum: 0.6]
      [Termination (ms): Min: 0.0, Avg: 0.0, Max: 0.0, Diff: 0.0, Sum: 0.0]
         [Termination Attempts: Min: 1, Avg: 1.8, Max: 2, Diff: 1, Sum: 7]
      [GC Worker Other (ms): Min: 0.0, Avg: 0.0, Max: 0.0, Diff: 0.0, Sum: 0.0]
      [GC Worker Total (ms): Min: 0.6, Avg: 0.6, Max: 0.6, Diff: 0.0, Sum: 2.4]
      [GC Worker End (ms): Min: 16538.5, Avg: 16538.5, Max: 16538.5, Diff: 0.0]
   [Code Root Fixup: 0.0 ms]
   [Code Root Purge: 0.0 ms]
   [Clear CT: 0.0 ms]
   [Other: 3.9 ms]
      [Choose CSet: 0.0 ms]
      [Ref Proc: 0.0 ms]
      [Ref Enq: 0.0 ms]
      [Redirty Cards: 0.0 ms]
      [Humongous Register: 1.0 ms]
      [Humongous Reclaim: 2.6 ms]
      [Free CSet: 0.0 ms]
   [Eden: 31.0M(685.0M)->0.0B(1127.0M) Survivors: 1024.0K->1024.0K Heap: 4977.2M(5120.0M)->3397.4M(5120.0M)]
 [Times: user=0.00 sys=0.00, real=0.01 secs] 
2016-06-26T19:43:07.305+0300: 16.542: Total time for which application threads were stopped: 0.0117126 seconds, Stopping threads took: 0.0061428 seconds
2016-06-26T19:43:07.310+0300: 16.546: [GC pause (G1 Humongous Allocation) (young) (initial-mark)
Desired survivor size 73924608 bytes, new threshold 15 (max 15)
- age   1:      19616 bytes,      19616 total
- age   3:       5592 bytes,      25208 total
- age   4:       2456 bytes,      27664 total
- age   6:        568 bytes,      28232 total
- age   7:       2472 bytes,      30704 total
- age   8:      10552 bytes,      41256 total
- age   9:       4840 bytes,      46096 total
- age  11:       2432 bytes,      48528 total
- age  13:       2832 bytes,      51360 total
- age  14:       1368 bytes,      52728 total
- age  15:       1968 bytes,      54696 total
, 0.0025291 secs]
   [Parallel Time: 0.6 ms, GC Workers: 4]
      [GC Worker Start (ms): Min: 16547.4, Avg: 16547.4, Max: 16547.5, Diff: 0.0]
      [Ext Root Scanning (ms): Min: 0.3, Avg: 0.3, Max: 0.3, Diff: 0.0, Sum: 1.4]
      [Update RS (ms): Min: 0.1, Avg: 0.1, Max: 0.1, Diff: 0.0, Sum: 0.4]
         [Processed Buffers: Min: 1, Avg: 1.5, Max: 2, Diff: 1, Sum: 6]
      [Scan RS (ms): Min: 0.0, Avg: 0.0, Max: 0.0, Diff: 0.0, Sum: 0.0]
      [Code Root Scanning (ms): Min: 0.0, Avg: 0.0, Max: 0.0, Diff: 0.0, Sum: 0.0]
      [Object Copy (ms): Min: 0.1, Avg: 0.2, Max: 0.2, Diff: 0.0, Sum: 0.7]
      [Termination (ms): Min: 0.0, Avg: 0.0, Max: 0.0, Diff: 0.0, Sum: 0.0]
         [Termination Attempts: Min: 1, Avg: 1.0, Max: 1, Diff: 0, Sum: 4]
      [GC Worker Other (ms): Min: 0.0, Avg: 0.0, Max: 0.0, Diff: 0.0, Sum: 0.0]
      [GC Worker Total (ms): Min: 0.6, Avg: 0.6, Max: 0.6, Diff: 0.0, Sum: 2.5]
      [GC Worker End (ms): Min: 16548.1, Avg: 16548.1, Max: 16548.1, Diff: 0.0]
   [Code Root Fixup: 0.0 ms]
   [Code Root Purge: 0.0 ms]
   [Clear CT: 0.0 ms]
   [Other: 1.9 ms]
      [Choose CSet: 0.0 ms]
      [Ref Proc: 0.1 ms]
      [Ref Enq: 0.0 ms]
      [Redirty Cards: 0.0 ms]
      [Humongous Register: 0.8 ms]
      [Humongous Reclaim: 0.3 ms]
      [Free CSet: 0.0 ms]
   [Eden: 1024.0K(1127.0M)->0.0B(1125.0M) Survivors: 1024.0K->1024.0K Heap: 3399.8M(5120.0M)->3399.3M(5120.0M)]
 [Times: user=0.02 sys=0.00, real=0.00 secs] 
2016-06-26T19:43:07.312+0300: 16.549: [GC concurrent-root-region-scan-start]
2016-06-26T19:43:07.312+0300: 16.549: Total time for which application threads were stopped: 0.0034093 seconds, Stopping threads took: 0.0002887 seconds
2016-06-26T19:43:07.313+0300: 16.550: [GC concurrent-root-region-scan-end, 0.0009524 secs]
2016-06-26T19:43:07.313+0300: 16.550: [GC concurrent-mark-start]
2016-06-26T19:43:08.315+0300: 17.551: [GC concurrent-mark-end, 0.0036620 secs]
2016-06-26T19:43:09.399+0300: 18.636: [GC pause (G1 Humongous Allocation) (young)
Desired survivor size 73924608 bytes, new threshold 15 (max 15)
- age   1:         72 bytes,         72 total
- age   2:      19504 bytes,      19576 total
- age   4:       5592 bytes,      25168 total
- age   5:       2456 bytes,      27624 total
- age   7:        568 bytes,      28192 total
- age   8:       2472 bytes,      30664 total
- age   9:      10552 bytes,      41216 total
- age  10:       4840 bytes,      46056 total
- age  12:       2432 bytes,      48488 total
- age  14:       2832 bytes,      51320 total
- age  15:       1368 bytes,      52688 total
, 0.0044609 secs]
   [Parallel Time: 0.7 ms, GC Workers: 4]
      [GC Worker Start (ms): Min: 18636.8, Avg: 18636.8, Max: 18636.8, Diff: 0.0]
      [Ext Root Scanning (ms): Min: 0.4, Avg: 0.4, Max: 0.4, Diff: 0.0, Sum: 1.6]
      [Update RS (ms): Min: 0.1, Avg: 0.1, Max: 0.1, Diff: 0.0, Sum: 0.4]
         [Processed Buffers: Min: 1, Avg: 2.0, Max: 5, Diff: 4, Sum: 8]
      [Scan RS (ms): Min: 0.0, Avg: 0.0, Max: 0.0, Diff: 0.0, Sum: 0.0]
      [Code Root Scanning (ms): Min: 0.0, Avg: 0.0, Max: 0.0, Diff: 0.0, Sum: 0.0]
      [Object Copy (ms): Min: 0.1, Avg: 0.1, Max: 0.2, Diff: 0.0, Sum: 0.6]
      [Termination (ms): Min: 0.0, Avg: 0.0, Max: 0.0, Diff: 0.0, Sum: 0.0]
         [Termination Attempts: Min: 1, Avg: 1.0, Max: 1, Diff: 0, Sum: 4]
      [GC Worker Other (ms): Min: 0.0, Avg: 0.0, Max: 0.0, Diff: 0.0, Sum: 0.0]
      [GC Worker Total (ms): Min: 0.7, Avg: 0.7, Max: 0.7, Diff: 0.0, Sum: 2.7]
      [GC Worker End (ms): Min: 18637.5, Avg: 18637.5, Max: 18637.5, Diff: 0.0]
   [Code Root Fixup: 0.0 ms]
   [Code Root Purge: 0.0 ms]
   [Clear CT: 0.0 ms]
   [Other: 3.7 ms]
      [Choose CSet: 0.0 ms]
      [Ref Proc: 0.0 ms]
      [Ref Enq: 0.0 ms]
      [Redirty Cards: 0.0 ms]
      [Humongous Register: 1.0 ms]
      [Humongous Reclaim: 2.4 ms]
      [Free CSet: 0.0 ms]
   [Eden: 30.0M(1125.0M)->0.0B(891.0M) Survivors: 1024.0K->1024.0K Heap: 4975.7M(5120.0M)->3627.9M(5120.0M)]
 [Times: user=0.00 sys=0.00, real=0.01 secs] 
2016-06-26T19:43:09.404+0300: 18.640: Total time for which application threads were stopped: 0.0114829 seconds, Stopping threads took: 0.0060962 seconds
2016-06-26T19:43:10.406+0300: 19.642: Total time for which application threads were stopped: 0.0021105 seconds, Stopping threads took: 0.0016469 seconds
2016-06-26T19:43:11.230+0300: 20.467: [GC pause (G1 Humongous Allocation) (young)
Desired survivor size 58720256 bytes, new threshold 15 (max 15)
- age   1:      17560 bytes,      17560 total
- age   2:         16 bytes,      17576 total
- age   3:      10592 bytes,      28168 total
- age   5:       3992 bytes,      32160 total
- age   6:       1656 bytes,      33816 total
- age   8:        352 bytes,      34168 total
- age   9:       1344 bytes,      35512 total
- age  10:       9936 bytes,      45448 total
- age  11:       3552 bytes,      49000 total
- age  13:       2312 bytes,      51312 total
- age  15:       2832 bytes,      54144 total
, 0.0035641 secs]
   [Parallel Time: 0.7 ms, GC Workers: 4]
      [GC Worker Start (ms): Min: 20467.8, Avg: 20467.8, Max: 20467.8, Diff: 0.0]
      [Ext Root Scanning (ms): Min: 0.3, Avg: 0.3, Max: 0.3, Diff: 0.0, Sum: 1.3]
      [Update RS (ms): Min: 0.1, Avg: 0.1, Max: 0.1, Diff: 0.0, Sum: 0.4]
         [Processed Buffers: Min: 1, Avg: 3.5, Max: 10, Diff: 9, Sum: 14]
      [Scan RS (ms): Min: 0.0, Avg: 0.0, Max: 0.0, Diff: 0.0, Sum: 0.0]
      [Code Root Scanning (ms): Min: 0.0, Avg: 0.0, Max: 0.0, Diff: 0.0, Sum: 0.0]
      [Object Copy (ms): Min: 0.2, Avg: 0.2, Max: 0.2, Diff: 0.0, Sum: 0.7]
      [Termination (ms): Min: 0.0, Avg: 0.0, Max: 0.0, Diff: 0.0, Sum: 0.1]
         [Termination Attempts: Min: 1, Avg: 1.0, Max: 1, Diff: 0, Sum: 4]
      [GC Worker Other (ms): Min: 0.0, Avg: 0.0, Max: 0.0, Diff: 0.0, Sum: 0.1]
      [GC Worker Total (ms): Min: 0.6, Avg: 0.6, Max: 0.7, Diff: 0.0, Sum: 2.6]
      [GC Worker End (ms): Min: 20468.5, Avg: 20468.5, Max: 20468.5, Diff: 0.0]
   [Code Root Fixup: 0.0 ms]
   [Code Root Purge: 0.0 ms]
   [Clear CT: 0.0 ms]
   [Other: 2.9 ms]
      [Choose CSet: 0.0 ms]
      [Ref Proc: 0.0 ms]
      [Ref Enq: 0.0 ms]
      [Redirty Cards: 0.0 ms]
      [Humongous Register: 1.0 ms]
      [Humongous Reclaim: 1.5 ms]
      [Free CSet: 0.0 ms]
   [Eden: 29.0M(891.0M)->0.0B(439.0M) Survivors: 1024.0K->1024.0K Heap: 4976.8M(5120.0M)->4069.3M(5120.0M)]
 [Times: user=0.02 sys=0.00, real=0.00 secs] 
2016-06-26T19:43:11.234+0300: 20.470: Total time for which application threads were stopped: 0.0123729 seconds, Stopping threads took: 0.0078308 seconds
2016-06-26T19:43:11.428+0300: 20.665: [GC remark 2016-06-26T19:43:11.428+0300: 20.665: [Finalize Marking, 0.0001437 secs] 2016-06-26T19:43:11.428+0300: 20.665: [GC ref-proc, 0.0000612 secs] 2016-06-26T19:43:11.428+0300: 20.665: [Unloading, 0.0009148 secs], 0.0128690 secs]
 [Times: user=0.06 sys=0.00, real=0.01 secs] 
2016-06-26T19:43:11.441+0300: 20.678: Total time for which application threads were stopped: 0.0179931 seconds, Stopping threads took: 0.0047038 seconds
2016-06-26T19:43:11.622+0300: 20.859: [GC cleanup 4383M->4266M(5120M), 0.0023906 secs]
 [Times: user=0.06 sys=0.00, real=0.00 secs] 
2016-06-26T19:43:11.624+0300: 20.861: Total time for which application threads were stopped: 0.0043060 seconds, Stopping threads took: 0.0015032 seconds
2016-06-26T19:43:11.624+0300: 20.861: [GC concurrent-cleanup-start]
2016-06-26T19:43:11.625+0300: 20.861: [GC concurrent-cleanup-end, 0.0001753 secs]
2016-06-26T19:43:12.688+0300: 21.925: [GC pause (G1 Humongous Allocation) (young)
Desired survivor size 28835840 bytes, new threshold 15 (max 15)
- age   1:      20920 bytes,      20920 total
- age   2:      10776 bytes,      31696 total
- age   4:       7392 bytes,      39088 total
- age   6:       3904 bytes,      42992 total
- age   7:       1656 bytes,      44648 total
- age   9:        352 bytes,      45000 total
- age  10:       1152 bytes,      46152 total
- age  11:       6432 bytes,      52584 total
- age  12:       3088 bytes,      55672 total
- age  14:       2312 bytes,      57984 total
, 0.0033695 secs]
   [Parallel Time: 0.6 ms, GC Workers: 4]
      [GC Worker Start (ms): Min: 21925.9, Avg: 21925.9, Max: 21925.9, Diff: 0.0]
      [Ext Root Scanning (ms): Min: 0.3, Avg: 0.3, Max: 0.3, Diff: 0.0, Sum: 1.3]
      [Update RS (ms): Min: 0.1, Avg: 0.1, Max: 0.1, Diff: 0.0, Sum: 0.4]
         [Processed Buffers: Min: 1, Avg: 2.5, Max: 7, Diff: 6, Sum: 10]
      [Scan RS (ms): Min: 0.0, Avg: 0.0, Max: 0.0, Diff: 0.0, Sum: 0.0]
      [Code Root Scanning (ms): Min: 0.0, Avg: 0.0, Max: 0.0, Diff: 0.0, Sum: 0.0]
      [Object Copy (ms): Min: 0.2, Avg: 0.2, Max: 0.2, Diff: 0.0, Sum: 0.6]
      [Termination (ms): Min: 0.0, Avg: 0.0, Max: 0.0, Diff: 0.0, Sum: 0.0]
         [Termination Attempts: Min: 1, Avg: 1.0, Max: 1, Diff: 0, Sum: 4]
      [GC Worker Other (ms): Min: 0.0, Avg: 0.0, Max: 0.0, Diff: 0.0, Sum: 0.0]
      [GC Worker Total (ms): Min: 0.6, Avg: 0.6, Max: 0.6, Diff: 0.0, Sum: 2.4]
      [GC Worker End (ms): Min: 21926.5, Avg: 21926.5, Max: 21926.5, Diff: 0.0]
   [Code Root Fixup: 0.0 ms]
   [Code Root Purge: 0.0 ms]
   [Clear CT: 0.0 ms]
   [Other: 2.7 ms]
      [Choose CSet: 0.0 ms]
      [Ref Proc: 0.1 ms]
      [Ref Enq: 0.0 ms]
      [Redirty Cards: 0.0 ms]
      [Humongous Register: 1.0 ms]
      [Humongous Reclaim: 1.4 ms]
      [Free CSet: 0.0 ms]
   [Eden: 30.0M(439.0M)->0.0B(395.0M) Survivors: 1024.0K->1024.0K Heap: 4977.7M(5120.0M)->4112.3M(5120.0M)]
 [Times: user=0.00 sys=0.00, real=0.00 secs] 
2016-06-26T19:43:12.692+0300: 21.928: Total time for which application threads were stopped: 0.0043206 seconds, Stopping threads took: 0.0000813 seconds
2016-06-26T19:43:12.697+0300: 21.934: [GC pause (G1 Humongous Allocation) (young) (initial-mark)
Desired survivor size 26214400 bytes, new threshold 15 (max 15)
- age   1:      15464 bytes,      15464 total
- age   2:      14888 bytes,      30352 total
- age   3:       9264 bytes,      39616 total
- age   5:       5392 bytes,      45008 total
- age   7:       3392 bytes,      48400 total
- age   8:       1488 bytes,      49888 total
- age  10:        352 bytes,      50240 total
- age  11:        744 bytes,      50984 total
- age  12:       5144 bytes,      56128 total
- age  13:       2152 bytes,      58280 total
- age  15:       2240 bytes,      60520 total
, 0.0026010 secs]
   [Parallel Time: 0.7 ms, GC Workers: 4]
      [GC Worker Start (ms): Min: 21934.9, Avg: 21934.9, Max: 21934.9, Diff: 0.0]
      [Ext Root Scanning (ms): Min: 0.3, Avg: 0.3, Max: 0.4, Diff: 0.0, Sum: 1.4]
      [Update RS (ms): Min: 0.1, Avg: 0.1, Max: 0.1, Diff: 0.0, Sum: 0.4]
         [Processed Buffers: Min: 1, Avg: 1.3, Max: 2, Diff: 1, Sum: 5]
      [Scan RS (ms): Min: 0.0, Avg: 0.0, Max: 0.0, Diff: 0.0, Sum: 0.0]
      [Code Root Scanning (ms): Min: 0.0, Avg: 0.0, Max: 0.0, Diff: 0.0, Sum: 0.0]
      [Object Copy (ms): Min: 0.2, Avg: 0.2, Max: 0.2, Diff: 0.0, Sum: 0.7]
      [Termination (ms): Min: 0.0, Avg: 0.0, Max: 0.0, Diff: 0.0, Sum: 0.0]
         [Termination Attempts: Min: 1, Avg: 1.0, Max: 1, Diff: 0, Sum: 4]
      [GC Worker Other (ms): Min: 0.0, Avg: 0.0, Max: 0.0, Diff: 0.0, Sum: 0.0]
      [GC Worker Total (ms): Min: 0.6, Avg: 0.6, Max: 0.6, Diff: 0.0, Sum: 2.5]
      [GC Worker End (ms): Min: 21935.5, Avg: 21935.5, Max: 21935.5, Diff: 0.0]
   [Code Root Fixup: 0.0 ms]
   [Code Root Purge: 0.0 ms]
   [Clear CT: 0.1 ms]
   [Other: 1.9 ms]
      [Choose CSet: 0.0 ms]
      [Ref Proc: 0.0 ms]
      [Ref Enq: 0.0 ms]
      [Redirty Cards: 0.0 ms]
      [Humongous Register: 0.9 ms]
      [Humongous Reclaim: 0.3 ms]
      [Free CSet: 0.0 ms]
   [Eden: 1024.0K(395.0M)->0.0B(391.0M) Survivors: 1024.0K->1024.0K Heap: 4117.2M(5120.0M)->4116.2M(5120.0M)]
 [Times: user=0.00 sys=0.00, real=0.00 secs] 
2016-06-26T19:43:12.700+0300: 21.936: [GC concurrent-root-region-scan-start]
2016-06-26T19:43:12.700+0300: 21.937: Total time for which application threads were stopped: 0.0033002 seconds, Stopping threads took: 0.0000774 seconds
2016-06-26T19:43:12.701+0300: 21.938: [GC concurrent-root-region-scan-end, 0.0011243 secs]
2016-06-26T19:43:12.701+0300: 21.938: [GC concurrent-mark-start]
2016-06-26T19:43:12.705+0300: 21.942: [GC concurrent-mark-end, 0.0038728 secs]
2016-06-26T19:43:12.729+0300: 21.965: [GC remark 2016-06-26T19:43:12.729+0300: 21.965: [Finalize Marking, 0.0001377 secs] 2016-06-26T19:43:12.729+0300: 21.965: [GC ref-proc, 0.0000706 secs] 2016-06-26T19:43:12.729+0300: 21.966: [Unloading, 0.0008121 secs], 0.0221324 secs]
 [Times: user=0.13 sys=0.00, real=0.02 secs] 
2016-06-26T19:43:12.751+0300: 21.987: Total time for which application threads were stopped: 0.0248583 seconds, Stopping threads took: 0.0023239 seconds
2016-06-26T19:43:12.753+0300: 21.989: [GC cleanup 4144M->3888M(5120M), 0.0022679 secs]
 [Times: user=0.00 sys=0.00, real=0.00 secs] 
2016-06-26T19:43:12.755+0300: 21.991: Total time for which application threads were stopped: 0.0027353 seconds, Stopping threads took: 0.0000483 seconds
2016-06-26T19:43:12.755+0300: 21.992: [GC concurrent-cleanup-start]
2016-06-26T19:43:12.755+0300: 21.992: [GC concurrent-cleanup-end, 0.0003716 secs]
2016-06-26T19:43:14.241+0300: 23.477: [GC pause (G1 Humongous Allocation) (young)
Desired survivor size 25690112 bytes, new threshold 15 (max 15)
- age   1:         88 bytes,         88 total
- age   2:      15352 bytes,      15440 total
- age   3:      14888 bytes,      30328 total
- age   4:       9264 bytes,      39592 total
- age   6:       5392 bytes,      44984 total
- age   8:       3392 bytes,      48376 total
- age   9:       1488 bytes,      49864 total
- age  11:        352 bytes,      50216 total
- age  12:        744 bytes,      50960 total
- age  13:       5144 bytes,      56104 total
- age  14:       2152 bytes,      58256 total
, 0.0049787 secs]
   [Parallel Time: 1.3 ms, GC Workers: 4]
      [GC Worker Start (ms): Min: 23478.8, Avg: 23479.4, Max: 23479.9, Diff: 1.1]
      [Ext Root Scanning (ms): Min: 0.0, Avg: 0.3, Max: 0.7, Diff: 0.7, Sum: 1.1]
      [Update RS (ms): Min: 0.0, Avg: 0.1, Max: 0.2, Diff: 0.2, Sum: 0.3]
         [Processed Buffers: Min: 0, Avg: 2.8, Max: 5, Diff: 5, Sum: 11]
      [Scan RS (ms): Min: 0.0, Avg: 0.0, Max: 0.0, Diff: 0.0, Sum: 0.0]
      [Code Root Scanning (ms): Min: 0.0, Avg: 0.0, Max: 0.0, Diff: 0.0, Sum: 0.0]
      [Object Copy (ms): Min: 0.0, Avg: 0.1, Max: 0.2, Diff: 0.2, Sum: 0.6]
      [Termination (ms): Min: 0.0, Avg: 0.0, Max: 0.1, Diff: 0.1, Sum: 0.2]
         [Termination Attempts: Min: 1, Avg: 1.0, Max: 1, Diff: 0, Sum: 4]
      [GC Worker Other (ms): Min: 0.0, Avg: 0.0, Max: 0.0, Diff: 0.0, Sum: 0.1]
      [GC Worker Total (ms): Min: 0.0, Avg: 0.6, Max: 1.2, Diff: 1.2, Sum: 2.3]
      [GC Worker End (ms): Min: 23480.0, Avg: 23480.0, Max: 23480.0, Diff: 0.0]
   [Code Root Fixup: 0.0 ms]
   [Code Root Purge: 0.0 ms]
   [Clear CT: 0.0 ms]
   [Other: 3.6 ms]
      [Choose CSet: 0.0 ms]
      [Ref Proc: 0.1 ms]
      [Ref Enq: 0.0 ms]
      [Redirty Cards: 0.0 ms]
      [Humongous Register: 1.2 ms]
      [Humongous Reclaim: 2.0 ms]
      [Free CSet: 0.0 ms]
   [Eden: 33.0M(391.0M)->0.0B(835.0M) Survivors: 1024.0K->1024.0K Heap: 4977.3M(5120.0M)->3682.6M(5120.0M)]
 [Times: user=0.00 sys=0.00, real=0.01 secs] 
2016-06-26T19:43:14.246+0300: 23.482: Total time for which application threads were stopped: 0.0071119 seconds, Stopping threads took: 0.0002574 seconds
2016-06-26T19:43:14.261+0300: 23.498: [GC pause (G1 Humongous Allocation) (young) (initial-mark)
Desired survivor size 55050240 bytes, new threshold 15 (max 15)
- age   1:      18528 bytes,      18528 total
- age   2:         16 bytes,      18544 total
- age   3:       8952 bytes,      27496 total
- age   4:      10968 bytes,      38464 total
- age   5:       7792 bytes,      46256 total
- age   7:       3456 bytes,      49712 total
- age   9:       1320 bytes,      51032 total
- age  10:        856 bytes,      51888 total
- age  12:        184 bytes,      52072 total
- age  13:        416 bytes,      52488 total
- age  14:       2784 bytes,      55272 total
- age  15:       1544 bytes,      56816 total
, 0.0031227 secs]
   [Parallel Time: 1.2 ms, GC Workers: 4]
      [GC Worker Start (ms): Min: 23499.1, Avg: 23499.4, Max: 23499.7, Diff: 0.6]
      [Ext Root Scanning (ms): Min: 0.0, Avg: 0.4, Max: 0.9, Diff: 0.9, Sum: 1.6]
      [Update RS (ms): Min: 0.0, Avg: 0.1, Max: 0.1, Diff: 0.1, Sum: 0.3]
         [Processed Buffers: Min: 0, Avg: 1.0, Max: 2, Diff: 2, Sum: 4]
      [Scan RS (ms): Min: 0.0, Avg: 0.0, Max: 0.0, Diff: 0.0, Sum: 0.0]
      [Code Root Scanning (ms): Min: 0.0, Avg: 0.0, Max: 0.0, Diff: 0.0, Sum: 0.0]
      [Object Copy (ms): Min: 0.1, Avg: 0.2, Max: 0.2, Diff: 0.0, Sum: 0.6]
      [Termination (ms): Min: 0.0, Avg: 0.2, Max: 0.3, Diff: 0.3, Sum: 0.9]
         [Termination Attempts: Min: 1, Avg: 1.0, Max: 1, Diff: 0, Sum: 4]
      [GC Worker Other (ms): Min: 0.0, Avg: 0.0, Max: 0.0, Diff: 0.0, Sum: 0.0]
      [GC Worker Total (ms): Min: 0.6, Avg: 0.9, Max: 1.2, Diff: 0.6, Sum: 3.4]
      [GC Worker End (ms): Min: 23500.1, Avg: 23500.2, Max: 23500.3, Diff: 0.1]
   [Code Root Fixup: 0.0 ms]
   [Code Root Purge: 0.0 ms]
   [Clear CT: 0.0 ms]
   [Other: 1.9 ms]
      [Choose CSet: 0.0 ms]
      [Ref Proc: 0.1 ms]
      [Ref Enq: 0.0 ms]
      [Redirty Cards: 0.0 ms]
      [Humongous Register: 0.9 ms]
      [Humongous Reclaim: 0.3 ms]
      [Free CSet: 0.0 ms]
   [Eden: 1024.0K(835.0M)->0.0B(831.0M) Survivors: 1024.0K->1024.0K Heap: 3687.0M(5120.0M)->3686.5M(5120.0M)]
 [Times: user=0.01 sys=0.00, real=0.00 secs] 
2016-06-26T19:43:14.265+0300: 23.501: [GC concurrent-root-region-scan-start]
2016-06-26T19:43:14.265+0300: 23.501: Total time for which application threads were stopped: 0.0037941 seconds, Stopping threads took: 0.0000740 seconds
2016-06-26T19:43:14.266+0300: 23.502: [GC concurrent-root-region-scan-end, 0.0010995 secs]
2016-06-26T19:43:14.266+0300: 23.502: [GC concurrent-mark-start]
2016-06-26T19:43:14.270+0300: 23.506: [GC concurrent-mark-end, 0.0037172 secs]
2016-06-26T19:43:14.310+0300: 23.546: [GC remark 2016-06-26T19:43:14.310+0300: 23.546: [Finalize Marking, 0.0001458 secs] 2016-06-26T19:43:14.310+0300: 23.546: [GC ref-proc, 0.0000680 secs] 2016-06-26T19:43:14.310+0300: 23.547: [Unloading, 0.0007942 secs], 0.0202511 secs]
 [Times: user=0.13 sys=0.00, real=0.02 secs] 
2016-06-26T19:43:14.330+0300: 23.567: Total time for which application threads were stopped: 0.0219378 seconds, Stopping threads took: 0.0012612 seconds
2016-06-26T19:43:14.331+0300: 23.568: [GC cleanup 3708M->3500M(5120M), 0.0023705 secs]
 [Times: user=0.00 sys=0.00, real=0.00 secs] 
2016-06-26T19:43:14.334+0300: 23.570: Total time for which application threads were stopped: 0.0028687 seconds, Stopping threads took: 0.0000748 seconds
2016-06-26T19:43:14.334+0300: 23.570: [GC concurrent-cleanup-start]
2016-06-26T19:43:14.334+0300: 23.571: [GC concurrent-cleanup-end, 0.0003058 secs]
2016-06-26T19:43:16.335+0300: 25.572: Total time for which application threads were stopped: 0.0013377 seconds, Stopping threads took: 0.0010140 seconds
2016-06-26T19:43:16.392+0300: 25.629: [GC pause (G1 Humongous Allocation) (young)
Desired survivor size 54525952 bytes, new threshold 15 (max 15)
- age   1:         72 bytes,         72 total
- age   2:      18472 bytes,      18544 total
- age   3:         16 bytes,      18560 total
- age   4:       8952 bytes,      27512 total
- age   5:      10968 bytes,      38480 total
- age   6:       7792 bytes,      46272 total
- age   8:       3456 bytes,      49728 total
- age  10:       1320 bytes,      51048 total
- age  11:        856 bytes,      51904 total
- age  13:        184 bytes,      52088 total
- age  14:        416 bytes,      52504 total
- age  15:       2784 bytes,      55288 total
, 0.0038668 secs]
   [Parallel Time: 0.6 ms, GC Workers: 4]
      [GC Worker Start (ms): Min: 25629.9, Avg: 25630.0, Max: 25630.0, Diff: 0.0]
      [Ext Root Scanning (ms): Min: 0.3, Avg: 0.3, Max: 0.3, Diff: 0.0, Sum: 1.3]
      [Update RS (ms): Min: 0.0, Avg: 0.1, Max: 0.1, Diff: 0.1, Sum: 0.2]
         [Processed Buffers: Min: 1, Avg: 3.5, Max: 11, Diff: 10, Sum: 14]
      [Scan RS (ms): Min: 0.0, Avg: 0.0, Max: 0.0, Diff: 0.0, Sum: 0.0]
      [Code Root Scanning (ms): Min: 0.0, Avg: 0.0, Max: 0.0, Diff: 0.0, Sum: 0.0]
      [Object Copy (ms): Min: 0.1, Avg: 0.2, Max: 0.2, Diff: 0.1, Sum: 0.6]
      [Termination (ms): Min: 0.0, Avg: 0.0, Max: 0.0, Diff: 0.0, Sum: 0.0]
         [Termination Attempts: Min: 1, Avg: 1.0, Max: 1, Diff: 0, Sum: 4]
      [GC Worker Other (ms): Min: 0.0, Avg: 0.0, Max: 0.0, Diff: 0.0, Sum: 0.1]
      [GC Worker Total (ms): Min: 0.5, Avg: 0.5, Max: 0.6, Diff: 0.0, Sum: 2.2]
      [GC Worker End (ms): Min: 25630.5, Avg: 25630.5, Max: 25630.5, Diff: 0.0]
   [Code Root Fixup: 0.0 ms]
   [Code Root Purge: 0.0 ms]
   [Clear CT: 0.1 ms]
   [Other: 3.2 ms]
      [Choose CSet: 0.0 ms]
      [Ref Proc: 0.0 ms]
      [Ref Enq: 0.0 ms]
      [Redirty Cards: 0.0 ms]
      [Humongous Register: 0.8 ms]
      [Humongous Reclaim: 2.1 ms]
      [Free CSet: 0.0 ms]
   [Eden: 40.0M(831.0M)->0.0B(960.0M) Survivors: 1024.0K->1024.0K Heap: 4976.5M(5120.0M)->3559.5M(5120.0M)]
 [Times: user=0.00 sys=0.00, real=0.00 secs] 
2016-06-26T19:43:16.397+0300: 25.633: Total time for which application threads were stopped: 0.0051147 seconds, Stopping threads took: 0.0003015 seconds
2016-06-26T19:43:16.401+0300: 25.638: [GC pause (G1 Humongous Allocation) (young) (initial-mark)
Desired survivor size 63438848 bytes, new threshold 15 (max 15)
- age   1:      21136 bytes,      21136 total
- age   2:         16 bytes,      21152 total
- age   3:      14776 bytes,      35928 total
- age   4:         16 bytes,      35944 total
- age   5:       5864 bytes,      41808 total
- age   6:       3768 bytes,      45576 total
- age   7:       4136 bytes,      49712 total
- age   9:       1648 bytes,      51360 total
- age  11:       1008 bytes,      52368 total
- age  12:        696 bytes,      53064 total
- age  14:        104 bytes,      53168 total
- age  15:        344 bytes,      53512 total
, 0.0027558 secs]
   [Parallel Time: 0.6 ms, GC Workers: 4]
      [GC Worker Start (ms): Min: 25639.1, Avg: 25639.1, Max: 25639.1, Diff: 0.0]
      [Ext Root Scanning (ms): Min: 0.3, Avg: 0.3, Max: 0.3, Diff: 0.0, Sum: 1.4]
      [Update RS (ms): Min: 0.0, Avg: 0.1, Max: 0.1, Diff: 0.0, Sum: 0.2]
         [Processed Buffers: Min: 1, Avg: 1.5, Max: 2, Diff: 1, Sum: 6]
      [Scan RS (ms): Min: 0.0, Avg: 0.0, Max: 0.0, Diff: 0.0, Sum: 0.0]
      [Code Root Scanning (ms): Min: 0.0, Avg: 0.0, Max: 0.0, Diff: 0.0, Sum: 0.0]
      [Object Copy (ms): Min: 0.1, Avg: 0.2, Max: 0.2, Diff: 0.0, Sum: 0.7]
      [Termination (ms): Min: 0.0, Avg: 0.0, Max: 0.0, Diff: 0.0, Sum: 0.0]
         [Termination Attempts: Min: 1, Avg: 1.0, Max: 1, Diff: 0, Sum: 4]
      [GC Worker Other (ms): Min: 0.0, Avg: 0.0, Max: 0.0, Diff: 0.0, Sum: 0.0]
      [GC Worker Total (ms): Min: 0.5, Avg: 0.6, Max: 0.6, Diff: 0.0, Sum: 2.3]
      [GC Worker End (ms): Min: 25639.7, Avg: 25639.7, Max: 25639.7, Diff: 0.0]
   [Code Root Fixup: 0.0 ms]
   [Code Root Purge: 0.0 ms]
   [Clear CT: 0.0 ms]
   [Other: 2.1 ms]
      [Choose CSet: 0.0 ms]
      [Ref Proc: 0.0 ms]
      [Ref Enq: 0.0 ms]
      [Redirty Cards: 0.0 ms]
      [Humongous Register: 1.1 ms]
      [Humongous Reclaim: 0.3 ms]
      [Free CSet: 0.0 ms]
   [Eden: 1024.0K(960.0M)->0.0B(957.0M) Survivors: 1024.0K->1024.0K Heap: 3563.9M(5120.0M)->3563.4M(5120.0M)]
 [Times: user=0.00 sys=0.00, real=0.00 secs] 
2016-06-26T19:43:16.404+0300: 25.641: [GC concurrent-root-region-scan-start]
2016-06-26T19:43:16.404+0300: 25.641: Total time for which application threads were stopped: 0.0034683 seconds, Stopping threads took: 0.0000693 seconds
2016-06-26T19:43:16.405+0300: 25.642: [GC concurrent-root-region-scan-end, 0.0009182 secs]
2016-06-26T19:43:16.405+0300: 25.642: [GC concurrent-mark-start]
2016-06-26T19:43:16.409+0300: 25.645: [GC concurrent-mark-end, 0.0036663 secs]
2016-06-26T19:43:17.186+0300: 26.423: [GC remark 2016-06-26T19:43:17.186+0300: 26.423: [Finalize Marking, 0.0001711 secs] 2016-06-26T19:43:17.186+0300: 26.423: [GC ref-proc, 0.0000744 secs] 2016-06-26T19:43:17.187+0300: 26.423: [Unloading, 0.0008104 secs], 0.0203739 secs]
 [Times: user=0.06 sys=0.00, real=0.02 secs] 
2016-06-26T19:43:17.207+0300: 26.443: Total time for which application threads were stopped: 0.0276551 seconds, Stopping threads took: 0.0068664 seconds
2016-06-26T19:43:18.178+0300: 27.415: [GC cleanup 4862M->4755M(5120M), 0.0022118 secs]
 [Times: user=0.00 sys=0.00, real=0.00 secs] 
2016-06-26T19:43:18.181+0300: 27.417: Total time for which application threads were stopped: 0.0029500 seconds, Stopping threads took: 0.0003297 seconds
2016-06-26T19:43:18.181+0300: 27.417: [GC concurrent-cleanup-start]
2016-06-26T19:43:18.181+0300: 27.417: [GC concurrent-cleanup-end, 0.0001629 secs]
2016-06-26T19:43:18.497+0300: 27.734: [GC pause (G1 Humongous Allocation) (young)
Desired survivor size 62914560 bytes, new threshold 15 (max 15)
- age   1:        128 bytes,        128 total
- age   2:      21080 bytes,      21208 total
- age   3:         16 bytes,      21224 total
- age   4:      14776 bytes,      36000 total
- age   5:         16 bytes,      36016 total
- age   6:       5864 bytes,      41880 total
- age   7:       3768 bytes,      45648 total
- age   8:       4136 bytes,      49784 total
- age  10:       1648 bytes,      51432 total
- age  12:       1008 bytes,      52440 total
- age  13:        696 bytes,      53136 total
- age  15:        104 bytes,      53240 total
, 0.0038147 secs]
   [Parallel Time: 0.6 ms, GC Workers: 4]
      [GC Worker Start (ms): Min: 27735.0, Avg: 27735.0, Max: 27735.0, Diff: 0.0]
      [Ext Root Scanning (ms): Min: 0.3, Avg: 0.3, Max: 0.3, Diff: 0.0, Sum: 1.3]
      [Update RS (ms): Min: 0.0, Avg: 0.0, Max: 0.1, Diff: 0.0, Sum: 0.2]
         [Processed Buffers: Min: 1, Avg: 4.0, Max: 13, Diff: 12, Sum: 16]
      [Scan RS (ms): Min: 0.0, Avg: 0.0, Max: 0.0, Diff: 0.0, Sum: 0.0]
      [Code Root Scanning (ms): Min: 0.0, Avg: 0.0, Max: 0.0, Diff: 0.0, Sum: 0.0]
      [Object Copy (ms): Min: 0.1, Avg: 0.2, Max: 0.2, Diff: 0.0, Sum: 0.6]
      [Termination (ms): Min: 0.0, Avg: 0.0, Max: 0.0, Diff: 0.0, Sum: 0.0]
         [Termination Attempts: Min: 1, Avg: 1.0, Max: 1, Diff: 0, Sum: 4]
      [GC Worker Other (ms): Min: 0.0, Avg: 0.0, Max: 0.0, Diff: 0.0, Sum: 0.1]
      [GC Worker Total (ms): Min: 0.5, Avg: 0.6, Max: 0.6, Diff: 0.0, Sum: 2.2]
      [GC Worker End (ms): Min: 27735.5, Avg: 27735.5, Max: 27735.5, Diff: 0.0]
   [Code Root Fixup: 0.0 ms]
   [Code Root Purge: 0.0 ms]
   [Clear CT: 0.0 ms]
   [Other: 3.2 ms]
      [Choose CSet: 0.0 ms]
      [Ref Proc: 0.0 ms]
      [Ref Enq: 0.0 ms]
      [Redirty Cards: 0.0 ms]
      [Humongous Register: 0.9 ms]
      [Humongous Reclaim: 2.0 ms]
      [Free CSet: 0.0 ms]
   [Eden: 53.0M(957.0M)->0.0B(881.0M) Survivors: 1024.0K->1024.0K Heap: 4977.8M(5120.0M)->3637.7M(5120.0M)]
 [Times: user=0.01 sys=0.00, real=0.00 secs] 
2016-06-26T19:43:18.501+0300: 27.738: Total time for which application threads were stopped: 0.0052790 seconds, Stopping threads took: 0.0005089 seconds
2016-06-26T19:43:18.502+0300: 27.739: [GC pause (G1 Humongous Allocation) (young) (initial-mark)
Desired survivor size 58195968 bytes, new threshold 15 (max 15)
- age   1:      24704 bytes,      24704 total
- age   2:         72 bytes,      24776 total
- age   3:      13488 bytes,      38264 total
- age   4:         16 bytes,      38280 total
- age   5:       7392 bytes,      45672 total
- age   7:       3104 bytes,      48776 total
- age   8:       2576 bytes,      51352 total
- age   9:       2456 bytes,      53808 total
- age  11:        624 bytes,      54432 total
- age  13:        600 bytes,      55032 total
- age  14:        552 bytes,      55584 total
, 0.0024667 secs]
   [Parallel Time: 0.6 ms, GC Workers: 4]
      [GC Worker Start (ms): Min: 27739.8, Avg: 27739.8, Max: 27739.8, Diff: 0.0]
      [Ext Root Scanning (ms): Min: 0.3, Avg: 0.3, Max: 0.4, Diff: 0.0, Sum: 1.4]
      [Update RS (ms): Min: 0.0, Avg: 0.0, Max: 0.1, Diff: 0.0, Sum: 0.2]
         [Processed Buffers: Min: 1, Avg: 1.5, Max: 2, Diff: 1, Sum: 6]
      [Scan RS (ms): Min: 0.0, Avg: 0.0, Max: 0.0, Diff: 0.0, Sum: 0.0]
      [Code Root Scanning (ms): Min: 0.0, Avg: 0.0, Max: 0.0, Diff: 0.0, Sum: 0.0]
      [Object Copy (ms): Min: 0.1, Avg: 0.2, Max: 0.2, Diff: 0.0, Sum: 0.7]
      [Termination (ms): Min: 0.0, Avg: 0.0, Max: 0.0, Diff: 0.0, Sum: 0.0]
         [Termination Attempts: Min: 1, Avg: 1.0, Max: 1, Diff: 0, Sum: 4]
      [GC Worker Other (ms): Min: 0.0, Avg: 0.0, Max: 0.0, Diff: 0.0, Sum: 0.0]
      [GC Worker Total (ms): Min: 0.5, Avg: 0.6, Max: 0.6, Diff: 0.0, Sum: 2.2]
      [GC Worker End (ms): Min: 27740.3, Avg: 27740.3, Max: 27740.4, Diff: 0.0]
   [Code Root Fixup: 0.0 ms]
   [Code Root Purge: 0.0 ms]
   [Clear CT: 0.0 ms]
   [Other: 1.8 ms]
      [Choose CSet: 0.0 ms]
      [Ref Proc: 0.0 ms]
      [Ref Enq: 0.0 ms]
      [Redirty Cards: 0.0 ms]
      [Humongous Register: 0.7 ms]
      [Humongous Reclaim: 0.5 ms]
      [Free CSet: 0.0 ms]
   [Eden: 1024.0K(881.0M)->0.0B(909.0M) Survivors: 1024.0K->1024.0K Heap: 3640.1M(5120.0M)->3610.3M(5120.0M)]
 [Times: user=0.00 sys=0.00, real=0.00 secs] 
2016-06-26T19:43:18.505+03002016-06-26T19:43:18.505+0300: : 27.741: 27.741: [GC concurrent-root-region-scan-start]
Total time for which application threads were stopped: 0.0033913 seconds, Stopping threads took: 0.0003280 seconds
2016-06-26T19:43:18.506+0300: 27.743: [GC concurrent-root-region-scan-end, 0.0010597 secs]
2016-06-26T19:43:18.506+0300: 27.743: [GC concurrent-mark-start]
2016-06-26T19:43:18.509+0300: 27.746: [GC concurrent-mark-end, 0.0033396 secs]
2016-06-26T19:43:18.685+0300: 27.921: [GC remark 2016-06-26T19:43:18.685+0300: 27.921: [Finalize Marking, 0.0001557 secs] 2016-06-26T19:43:18.685+0300: 27.922: [GC ref-proc, 0.0000671 secs] 2016-06-26T19:43:18.685+0300: 27.922: [Unloading, 0.0008305 secs], 0.0204483 secs]
 [Times: user=0.13 sys=0.00, real=0.02 secs] 
2016-06-26T19:43:18.705+0300: 27.942: Total time for which application threads were stopped: 0.0231241 seconds, Stopping threads took: 0.0022918 seconds
2016-06-26T19:43:18.706+0300: 27.943: [GC cleanup 3781M->3709M(5120M), 0.0023709 secs]
 [Times: user=0.00 sys=0.00, real=0.00 secs] 
2016-06-26T19:43:18.708+0300: 27.945: Total time for which application threads were stopped: 0.0028773 seconds, Stopping threads took: 0.0000770 seconds
2016-06-26T19:43:18.708+0300: 27.945: [GC concurrent-cleanup-start]
2016-06-26T19:43:18.708+0300: 27.945: [GC concurrent-cleanup-end, 0.0001125 secs]
2016-06-26T19:43:20.693+0300: 29.930: [GC pause (G1 Humongous Allocation) (young)
Desired survivor size 59768832 bytes, new threshold 15 (max 15)
- age   1:         80 bytes,         80 total
- age   2:      24432 bytes,      24512 total
- age   3:         72 bytes,      24584 total
- age   4:      13416 bytes,      38000 total
- age   5:         16 bytes,      38016 total
- age   6:       7392 bytes,      45408 total
- age   8:       3104 bytes,      48512 total
- age   9:       2576 bytes,      51088 total
- age  10:       2456 bytes,      53544 total
- age  12:        624 bytes,      54168 total
- age  14:        600 bytes,      54768 total
- age  15:        552 bytes,      55320 total
, 0.0035863 secs]
   [Parallel Time: 0.6 ms, GC Workers: 4]
      [GC Worker Start (ms): Min: 29930.6, Avg: 29930.6, Max: 29930.7, Diff: 0.0]
      [Ext Root Scanning (ms): Min: 0.3, Avg: 0.3, Max: 0.3, Diff: 0.0, Sum: 1.3]
      [Update RS (ms): Min: 0.0, Avg: 0.0, Max: 0.0, Diff: 0.0, Sum: 0.1]
         [Processed Buffers: Min: 1, Avg: 3.8, Max: 7, Diff: 6, Sum: 15]
      [Scan RS (ms): Min: 0.0, Avg: 0.0, Max: 0.0, Diff: 0.0, Sum: 0.0]
      [Code Root Scanning (ms): Min: 0.0, Avg: 0.0, Max: 0.0, Diff: 0.0, Sum: 0.0]
      [Object Copy (ms): Min: 0.2, Avg: 0.2, Max: 0.2, Diff: 0.0, Sum: 0.6]
      [Termination (ms): Min: 0.0, Avg: 0.0, Max: 0.0, Diff: 0.0, Sum: 0.0]
         [Termination Attempts: Min: 1, Avg: 1.0, Max: 1, Diff: 0, Sum: 4]
      [GC Worker Other (ms): Min: 0.0, Avg: 0.0, Max: 0.0, Diff: 0.0, Sum: 0.0]
      [GC Worker Total (ms): Min: 0.5, Avg: 0.5, Max: 0.5, Diff: 0.0, Sum: 2.1]
      [GC Worker End (ms): Min: 29931.2, Avg: 29931.2, Max: 29931.2, Diff: 0.0]
   [Code Root Fixup: 0.0 ms]
   [Code Root Purge: 0.0 ms]
   [Clear CT: 0.0 ms]
   [Other: 3.0 ms]
      [Choose CSet: 0.0 ms]
      [Ref Proc: 0.1 ms]
      [Ref Enq: 0.0 ms]
      [Redirty Cards: 0.0 ms]
      [Humongous Register: 0.8 ms]
      [Humongous Reclaim: 1.9 ms]
      [Free CSet: 0.0 ms]
   [Eden: 30.0M(909.0M)->0.0B(925.0M) Survivors: 1024.0K->1024.0K Heap: 4975.3M(5120.0M)->3594.7M(5120.0M)]
 [Times: user=0.00 sys=0.00, real=0.00 secs] 
2016-06-26T19:43:20.697+0300: 29.934: Total time for which application threads were stopped: 0.0105819 seconds, Stopping threads took: 0.0060068 seconds
2016-06-26T19:43:20.700+0300: 29.937: [GC pause (G1 Humongous Allocation) (young) (initial-mark)
Desired survivor size 60817408 bytes, new threshold 15 (max 15)
- age   1:      18600 bytes,      18600 total
- age   3:      19352 bytes,      37952 total
- age   4:         16 bytes,      37968 total
- age   5:       6488 bytes,      44456 total
- age   6:         16 bytes,      44472 total
- age   7:       5952 bytes,      50424 total
- age   9:       2216 bytes,      52640 total
- age  10:       1520 bytes,      54160 total
- age  11:        520 bytes,      54680 total
- age  13:        360 bytes,      55040 total
- age  15:        520 bytes,      55560 total
, 0.0025629 secs]
   [Parallel Time: 0.8 ms, GC Workers: 4]
      [GC Worker Start (ms): Min: 29938.1, Avg: 29938.2, Max: 29938.5, Diff: 0.4]
      [Ext Root Scanning (ms): Min: 0.0, Avg: 0.4, Max: 0.7, Diff: 0.7, Sum: 1.6]
      [Update RS (ms): Min: 0.0, Avg: 0.0, Max: 0.1, Diff: 0.1, Sum: 0.1]
         [Processed Buffers: Min: 0, Avg: 1.5, Max: 2, Diff: 2, Sum: 6]
      [Scan RS (ms): Min: 0.0, Avg: 0.0, Max: 0.0, Diff: 0.0, Sum: 0.0]
      [Code Root Scanning (ms): Min: 0.0, Avg: 0.0, Max: 0.0, Diff: 0.0, Sum: 0.0]
      [Object Copy (ms): Min: 0.0, Avg: 0.2, Max: 0.2, Diff: 0.2, Sum: 0.6]
      [Termination (ms): Min: 0.0, Avg: 0.1, Max: 0.1, Diff: 0.1, Sum: 0.2]
         [Termination Attempts: Min: 1, Avg: 1.3, Max: 2, Diff: 1, Sum: 5]
      [GC Worker Other (ms): Min: 0.0, Avg: 0.0, Max: 0.0, Diff: 0.0, Sum: 0.0]
      [GC Worker Total (ms): Min: 0.3, Avg: 0.6, Max: 0.8, Diff: 0.4, Sum: 2.6]
      [GC Worker End (ms): Min: 29938.8, Avg: 29938.8, Max: 29938.8, Diff: 0.0]
   [Code Root Fixup: 0.0 ms]
   [Code Root Purge: 0.0 ms]
   [Clear CT: 0.0 ms]
   [Other: 1.7 ms]
      [Choose CSet: 0.0 ms]
      [Ref Proc: 0.1 ms]
      [Ref Enq: 0.0 ms]
      [Redirty Cards: 0.0 ms]
      [Humongous Register: 0.7 ms]
      [Humongous Reclaim: 0.3 ms]
      [Free CSet: 0.0 ms]
   [Eden: 1024.0K(925.0M)->0.0B(921.0M) Survivors: 1024.0K->1024.0K Heap: 3599.1M(5120.0M)->3598.6M(5120.0M)]
 [Times: user=0.02 sys=0.00, real=0.00 secs] 
2016-06-26T19:43:20.703+0300: 29.940: [GC concurrent-root-region-scan-start]
2016-06-26T19:43:20.703+0300: 29.940: Total time for which application threads were stopped: 0.0032314 seconds, Stopping threads took: 0.0000646 seconds
2016-06-26T19:43:20.704+0300: 29.941: [GC concurrent-root-region-scan-end, 0.0009849 secs]
2016-06-26T19:43:20.704+0300: 29.941: [GC concurrent-mark-start]
2016-06-26T19:43:20.708+0300: 29.945: [GC concurrent-mark-end, 0.0036368 secs]
2016-06-26T19:43:20.740+0300: 29.977: [GC remark 2016-06-26T19:43:20.740+0300: 29.977: [Finalize Marking, 0.0001463 secs] 2016-06-26T19:43:20.740+0300: 29.977: [GC ref-proc, 0.0000697 secs] 2016-06-26T19:43:20.740+0300: 29.977: [Unloading, 0.0008279 secs], 0.0206570 secs]
 [Times: user=0.06 sys=0.00, real=0.02 secs] 
2016-06-26T19:43:20.761+0300: 29.997: Total time for which application threads were stopped: 0.0222530 seconds, Stopping threads took: 0.0011696 seconds
2016-06-26T19:43:20.761+0300: 29.998: [GC cleanup 3628M->3599M(5120M), 0.0022234 secs]
 [Times: user=0.02 sys=0.03, real=0.00 secs] 
2016-06-26T19:43:20.764+0300: 30.000: Total time for which application threads were stopped: 0.0026643 seconds, Stopping threads took: 0.0000496 seconds
2016-06-26T19:43:20.764+0300: 30.000: [GC concurrent-cleanup-start]
2016-06-26T19:43:20.764+0300: 30.000: [GC concurrent-cleanup-end, 0.0000522 secs]
2016-06-26T19:43:21.776+0300: 31.013: Total time for which application threads were stopped: 0.0123558 seconds, Stopping threads took: 0.0120175 seconds
2016-06-26T19:43:22.630+0300: 31.866: [GC pause (G1 Humongous Allocation) (young)
Desired survivor size 60817408 bytes, new threshold 15 (max 15)
- age   1:        152 bytes,        152 total
- age   2:      18544 bytes,      18696 total
- age   4:      19296 bytes,      37992 total
- age   5:         16 bytes,      38008 total
- age   6:       6488 bytes,      44496 total
- age   7:         16 bytes,      44512 total
- age   8:       5952 bytes,      50464 total
- age  10:       2216 bytes,      52680 total
- age  11:       1520 bytes,      54200 total
- age  12:        520 bytes,      54720 total
- age  14:        360 bytes,      55080 total
, 0.0037762 secs]
   [Parallel Time: 0.7 ms, GC Workers: 4]
      [GC Worker Start (ms): Min: 31867.4, Avg: 31867.5, Max: 31867.8, Diff: 0.4]
      [Ext Root Scanning (ms): Min: 0.0, Avg: 0.3, Max: 0.4, Diff: 0.4, Sum: 1.2]
      [Update RS (ms): Min: 0.0, Avg: 0.0, Max: 0.1, Diff: 0.1, Sum: 0.2]
         [Processed Buffers: Min: 1, Avg: 4.8, Max: 9, Diff: 8, Sum: 19]
      [Scan RS (ms): Min: 0.0, Avg: 0.0, Max: 0.0, Diff: 0.0, Sum: 0.0]
      [Code Root Scanning (ms): Min: 0.0, Avg: 0.0, Max: 0.0, Diff: 0.0, Sum: 0.0]
      [Object Copy (ms): Min: 0.1, Avg: 0.1, Max: 0.2, Diff: 0.1, Sum: 0.6]
      [Termination (ms): Min: 0.0, Avg: 0.0, Max: 0.0, Diff: 0.0, Sum: 0.0]
         [Termination Attempts: Min: 1, Avg: 1.3, Max: 2, Diff: 1, Sum: 5]
      [GC Worker Other (ms): Min: 0.0, Avg: 0.0, Max: 0.0, Diff: 0.0, Sum: 0.1]
      [GC Worker Total (ms): Min: 0.2, Avg: 0.5, Max: 0.6, Diff: 0.4, Sum: 2.1]
      [GC Worker End (ms): Min: 31868.0, Avg: 31868.0, Max: 31868.0, Diff: 0.0]
   [Code Root Fixup: 0.0 ms]
   [Code Root Purge: 0.0 ms]
   [Clear CT: 0.0 ms]
   [Other: 3.1 ms]
      [Choose CSet: 0.0 ms]
      [Ref Proc: 0.1 ms]
      [Ref Enq: 0.0 ms]
      [Redirty Cards: 0.0 ms]
      [Humongous Register: 0.8 ms]
      [Humongous Reclaim: 1.9 ms]
      [Free CSet: 0.1 ms]
   [Eden: 62.0M(921.0M)->0.0B(853.0M) Survivors: 1024.0K->1024.0K Heap: 4976.5M(5120.0M)->3665.0M(5120.0M)]
 [Times: user=0.00 sys=0.00, real=0.00 secs] 
2016-06-26T19:43:22.634+0300: 31.870: Total time for which application threads were stopped: 0.0090111 seconds, Stopping threads took: 0.0043005 seconds
2016-06-26T19:43:22.652+0300: 31.888: [GC pause (G1 Humongous Allocation) (young) (initial-mark)
Desired survivor size 56098816 bytes, new threshold 15 (max 15)
- age   1:      23456 bytes,      23456 total
- age   3:      10832 bytes,      34288 total
- age   5:      11192 bytes,      45480 total
- age   7:       4000 bytes,      49480 total
- age   8:         16 bytes,      49496 total
- age   9:       3968 bytes,      53464 total
- age  11:       1016 bytes,      54480 total
- age  12:        944 bytes,      55424 total
- age  13:         56 bytes,      55480 total
- age  15:        248 bytes,      55728 total
, 0.0032027 secs]
   [Parallel Time: 1.6 ms, GC Workers: 4]
      [GC Worker Start (ms): Min: 31889.1, Avg: 31890.0, Max: 31890.3, Diff: 1.2]
      [Ext Root Scanning (ms): Min: 0.0, Avg: 0.5, Max: 1.1, Diff: 1.1, Sum: 1.9]
      [Update RS (ms): Min: 0.0, Avg: 0.0, Max: 0.1, Diff: 0.1, Sum: 0.2]
         [Processed Buffers: Min: 0, Avg: 1.5, Max: 3, Diff: 3, Sum: 6]
      [Scan RS (ms): Min: 0.0, Avg: 0.0, Max: 0.0, Diff: 0.0, Sum: 0.0]
      [Code Root Scanning (ms): Min: 0.0, Avg: 0.0, Max: 0.0, Diff: 0.0, Sum: 0.0]
      [Object Copy (ms): Min: 0.0, Avg: 0.1, Max: 0.4, Diff: 0.4, Sum: 0.6]
      [Termination (ms): Min: 0.0, Avg: 0.0, Max: 0.1, Diff: 0.1, Sum: 0.1]
         [Termination Attempts: Min: 1, Avg: 1.0, Max: 1, Diff: 0, Sum: 4]
      [GC Worker Other (ms): Min: 0.0, Avg: 0.0, Max: 0.0, Diff: 0.0, Sum: 0.0]
      [GC Worker Total (ms): Min: 0.4, Avg: 0.7, Max: 1.5, Diff: 1.2, Sum: 2.7]
      [GC Worker End (ms): Min: 31890.6, Avg: 31890.6, Max: 31890.6, Diff: 0.0]
   [Code Root Fixup: 0.0 ms]
   [Code Root Purge: 0.0 ms]
   [Clear CT: 0.0 ms]
   [Other: 1.6 ms]
      [Choose CSet: 0.0 ms]
      [Ref Proc: 0.1 ms]
      [Ref Enq: 0.0 ms]
      [Redirty Cards: 0.0 ms]
      [Humongous Register: 0.7 ms]
      [Humongous Reclaim: 0.3 ms]
      [Free CSet: 0.0 ms]
   [Eden: 1024.0K(853.0M)->0.0B(849.0M) Survivors: 1024.0K->1024.0K Heap: 3669.5M(5120.0M)->3668.9M(5120.0M)]
 [Times: user=0.01 sys=0.00, real=0.00 secs] 
2016-06-26T19:43:22.655+0300: 31.892: [GC concurrent-root-region-scan-start]
2016-06-26T19:43:22.655+0300: 31.892: Total time for which application threads were stopped: 0.0087207 seconds, Stopping threads took: 0.0048800 seconds
2016-06-26T19:43:22.656+0300: 31.893: [GC concurrent-root-region-scan-end, 0.0012650 secs]
2016-06-26T19:43:22.656+0300: 31.893: [GC concurrent-mark-start]
2016-06-26T19:43:22.660+0300: 31.897: [GC concurrent-mark-end, 0.0036436 secs]
2016-06-26T19:43:22.785+0300: 32.021: [GC remark 2016-06-26T19:43:22.785+0300: 32.021: [Finalize Marking, 0.0001330 secs] 2016-06-26T19:43:22.785+0300: 32.021: [GC ref-proc, 0.0000637 secs] 2016-06-26T19:43:22.785+0300: 32.022: [Unloading, 0.0007847 secs], 0.0248959 secs]
 [Times: user=0.05 sys=0.00, real=0.02 secs] 
2016-06-26T19:43:22.810+0300: 32.046: Total time for which application threads were stopped: 0.0296450 seconds, Stopping threads took: 0.0043253 seconds
2016-06-26T19:43:22.811+0300: 32.048: [GC cleanup 3694M->3610M(5120M), 0.0029987 secs]
 [Times: user=0.00 sys=0.00, real=0.00 secs] 
2016-06-26T19:43:22.814+0300: 32.051: Total time for which application threads were stopped: 0.0034696 seconds, Stopping threads took: 0.0000552 seconds
2016-06-26T19:43:22.814+0300: 32.051: [GC concurrent-cleanup-start]
2016-06-26T19:43:22.814+0300: 32.051: [GC concurrent-cleanup-end, 0.0001262 secs]
2016-06-26T19:43:24.718+0300: 33.955: [GC pause (G1 Humongous Allocation) (young)
Desired survivor size 56098816 bytes, new threshold 15 (max 15)
- age   1:         72 bytes,         72 total
- age   2:      23400 bytes,      23472 total
- age   4:      10832 bytes,      34304 total
- age   6:      11192 bytes,      45496 total
- age   8:       4000 bytes,      49496 total
- age   9:         16 bytes,      49512 total
- age  10:       3968 bytes,      53480 total
- age  12:       1016 bytes,      54496 total
- age  13:        944 bytes,      55440 total
- age  14:         56 bytes,      55496 total
, 0.0039438 secs]
   [Parallel Time: 0.8 ms, GC Workers: 4]
      [GC Worker Start (ms): Min: 33955.7, Avg: 33955.8, Max: 33955.8, Diff: 0.0]
      [Ext Root Scanning (ms): Min: 0.4, Avg: 0.4, Max: 0.4, Diff: 0.0, Sum: 1.6]
      [Update RS (ms): Min: 0.0, Avg: 0.0, Max: 0.1, Diff: 0.1, Sum: 0.1]
         [Processed Buffers: Min: 0, Avg: 3.5, Max: 13, Diff: 13, Sum: 14]
      [Scan RS (ms): Min: 0.0, Avg: 0.0, Max: 0.0, Diff: 0.0, Sum: 0.0]
      [Code Root Scanning (ms): Min: 0.0, Avg: 0.0, Max: 0.0, Diff: 0.0, Sum: 0.0]
      [Object Copy (ms): Min: 0.2, Avg: 0.2, Max: 0.3, Diff: 0.1, Sum: 1.0]
      [Termination (ms): Min: 0.0, Avg: 0.1, Max: 0.1, Diff: 0.1, Sum: 0.2]
         [Termination Attempts: Min: 1, Avg: 1.0, Max: 1, Diff: 0, Sum: 4]
      [GC Worker Other (ms): Min: 0.0, Avg: 0.0, Max: 0.0, Diff: 0.0, Sum: 0.1]
      [GC Worker Total (ms): Min: 0.7, Avg: 0.7, Max: 0.8, Diff: 0.1, Sum: 3.0]
      [GC Worker End (ms): Min: 33956.5, Avg: 33956.5, Max: 33956.5, Diff: 0.0]
   [Code Root Fixup: 0.0 ms]
   [Code Root Purge: 0.0 ms]
   [Clear CT: 0.0 ms]
   [Other: 3.1 ms]
      [Choose CSet: 0.0 ms]
      [Ref Proc: 0.1 ms]
      [Ref Enq: 0.0 ms]
      [Redirty Cards: 0.0 ms]
      [Humongous Register: 0.8 ms]
      [Humongous Reclaim: 1.9 ms]
      [Free CSet: 0.0 ms]
   [Eden: 61.0M(849.0M)->0.0B(923.0M) Survivors: 1024.0K->1024.0K Heap: 4977.5M(5120.0M)->3596.7M(5120.0M)]
 [Times: user=0.00 sys=0.00, real=0.00 secs] 
2016-06-26T19:43:24.722+0300: 33.959: Total time for which application threads were stopped: 0.0077786 seconds, Stopping threads took: 0.0028674 seconds
2016-06-26T19:43:24.726+0300: 33.962: [GC pause (G1 Humongous Allocation) (young) (initial-mark)
Desired survivor size 60817408 bytes, new threshold 15 (max 15)
- age   1:      24680 bytes,      24680 total
- age   2:         16 bytes,      24696 total
- age   3:      12448 bytes,      37144 total
- age   5:       6384 bytes,      43528 total
- age   7:       6720 bytes,      50248 total
- age   9:       2112 bytes,      52360 total
- age  10:         16 bytes,      52376 total
- age  11:       2544 bytes,      54920 total
- age  13:        136 bytes,      55056 total
- age  14:        744 bytes,      55800 total
, 0.0024671 secs]
   [Parallel Time: 0.7 ms, GC Workers: 4]
      [GC Worker Start (ms): Min: 33963.3, Avg: 33963.3, Max: 33963.3, Diff: 0.0]
      [Ext Root Scanning (ms): Min: 0.3, Avg: 0.3, Max: 0.3, Diff: 0.0, Sum: 1.3]
      [Update RS (ms): Min: 0.0, Avg: 0.0, Max: 0.1, Diff: 0.1, Sum: 0.1]
         [Processed Buffers: Min: 1, Avg: 1.3, Max: 2, Diff: 1, Sum: 5]
      [Scan RS (ms): Min: 0.0, Avg: 0.0, Max: 0.0, Diff: 0.0, Sum: 0.0]
      [Code Root Scanning (ms): Min: 0.0, Avg: 0.0, Max: 0.0, Diff: 0.0, Sum: 0.0]
      [Object Copy (ms): Min: 0.1, Avg: 0.2, Max: 0.3, Diff: 0.1, Sum: 0.8]
      [Termination (ms): Min: 0.0, Avg: 0.1, Max: 0.1, Diff: 0.1, Sum: 0.3]
         [Termination Attempts: Min: 1, Avg: 1.0, Max: 1, Diff: 0, Sum: 4]
      [GC Worker Other (ms): Min: 0.0, Avg: 0.0, Max: 0.0, Diff: 0.0, Sum: 0.0]
      [GC Worker Total (ms): Min: 0.6, Avg: 0.6, Max: 0.7, Diff: 0.0, Sum: 2.6]
      [GC Worker End (ms): Min: 33963.9, Avg: 33963.9, Max: 33963.9, Diff: 0.0]
   [Code Root Fixup: 0.0 ms]
   [Code Root Purge: 0.0 ms]
   [Clear CT: 0.0 ms]
   [Other: 1.7 ms]
      [Choose CSet: 0.0 ms]
      [Ref Proc: 0.1 ms]
      [Ref Enq: 0.0 ms]
      [Redirty Cards: 0.0 ms]
      [Humongous Register: 0.7 ms]
      [Humongous Reclaim: 0.3 ms]
      [Free CSet: 0.0 ms]
   [Eden: 1024.0K(923.0M)->0.0B(921.0M) Survivors: 1024.0K->1024.0K Heap: 3599.1M(5120.0M)->3598.6M(5120.0M)]
 [Times: user=0.00 sys=0.00, real=0.00 secs] 
2016-06-26T19:43:24.728+0300: 33.965: [GC concurrent-root-region-scan-start]
2016-06-26T19:43:24.728+0300: 33.965: Total time for which application threads were stopped: 0.0031155 seconds, Stopping threads took: 0.0000616 seconds
2016-06-26T19:43:24.729+0300: 33.966: [GC concurrent-root-region-scan-end, 0.0010418 secs]
2016-06-26T19:43:24.729+0300: 33.966: [GC concurrent-mark-start]
2016-06-26T19:43:24.734+0300: 33.970: [GC concurrent-mark-end, 0.0037467 secs]
2016-06-26T19:43:24.757+0300: 33.993: [GC remark 2016-06-26T19:43:24.757+0300: 33.993: [Finalize Marking, 0.0001403 secs] 2016-06-26T19:43:24.757+0300: 33.994: [GC ref-proc, 0.0000676 secs] 2016-06-26T19:43:24.757+0300: 33.994: [Unloading, 0.0007980 secs], 0.0205770 secs]
 [Times: user=0.06 sys=0.00, real=0.02 secs] 
2016-06-26T19:43:24.778+0300: 34.014: Total time for which application threads were stopped: 0.0213810 seconds, Stopping threads took: 0.0003644 seconds
2016-06-26T19:43:24.779+0300: 34.016: [GC cleanup 3624M->3612M(5120M), 0.0031172 secs]
 [Times: user=0.05 sys=0.00, real=0.00 secs] 
2016-06-26T19:43:24.782+0300: 34.019: Total time for which application threads were stopped: 0.0035778 seconds, Stopping threads took: 0.0000641 seconds
2016-06-26T19:43:24.782+0300: 34.019: [GC concurrent-cleanup-start]
2016-06-26T19:43:24.782+0300: 34.019: [GC concurrent-cleanup-end, 0.0000295 secs]
2016-06-26T19:43:26.438+0300: 35.674: [GC pause (G1 Humongous Allocation) (young)
Desired survivor size 60817408 bytes, new threshold 15 (max 15)
- age   1:         72 bytes,         72 total
- age   2:      24624 bytes,      24696 total
- age   3:         16 bytes,      24712 total
- age   4:      12448 bytes,      37160 total
- age   6:       6384 bytes,      43544 total
- age   8:       6720 bytes,      50264 total
- age  10:       2112 bytes,      52376 total
- age  11:         16 bytes,      52392 total
- age  12:       2544 bytes,      54936 total
- age  14:        136 bytes,      55072 total
- age  15:        744 bytes,      55816 total
, 0.0035170 secs]
   [Parallel Time: 0.6 ms, GC Workers: 4]
      [GC Worker Start (ms): Min: 35675.2, Avg: 35675.2, Max: 35675.2, Diff: 0.0]
      [Ext Root Scanning (ms): Min: 0.3, Avg: 0.3, Max: 0.3, Diff: 0.0, Sum: 1.3]
      [Update RS (ms): Min: 0.0, Avg: 0.0, Max: 0.0, Diff: 0.0, Sum: 0.1]
         [Processed Buffers: Min: 1, Avg: 5.0, Max: 13, Diff: 12, Sum: 20]
      [Scan RS (ms): Min: 0.0, Avg: 0.0, Max: 0.0, Diff: 0.0, Sum: 0.0]
      [Code Root Scanning (ms): Min: 0.0, Avg: 0.0, Max: 0.0, Diff: 0.0, Sum: 0.0]
      [Object Copy (ms): Min: 0.1, Avg: 0.2, Max: 0.2, Diff: 0.0, Sum: 0.6]
      [Termination (ms): Min: 0.0, Avg: 0.0, Max: 0.0, Diff: 0.0, Sum: 0.0]
         [Termination Attempts: Min: 1, Avg: 1.0, Max: 1, Diff: 0, Sum: 4]
      [GC Worker Other (ms): Min: 0.0, Avg: 0.0, Max: 0.0, Diff: 0.0, Sum: 0.0]
      [GC Worker Total (ms): Min: 0.5, Avg: 0.5, Max: 0.5, Diff: 0.0, Sum: 2.1]
      [GC Worker End (ms): Min: 35675.7, Avg: 35675.7, Max: 35675.7, Diff: 0.0]
   [Code Root Fixup: 0.0 ms]
   [Code Root Purge: 0.0 ms]
   [Clear CT: 0.0 ms]
   [Other: 2.9 ms]
      [Choose CSet: 0.0 ms]
      [Ref Proc: 0.0 ms]
      [Ref Enq: 0.0 ms]
      [Redirty Cards: 0.0 ms]
      [Humongous Register: 0.8 ms]
      [Humongous Reclaim: 1.8 ms]
      [Free CSet: 0.1 ms]
   [Eden: 62.0M(921.0M)->0.0B(831.0M) Survivors: 1024.0K->1024.0K Heap: 4977.0M(5120.0M)->3686.5M(5120.0M)]
 [Times: user=0.00 sys=0.00, real=0.00 secs] 
2016-06-26T19:43:26.441+0300: 35.678: Total time for which application threads were stopped: 0.0104489 seconds, Stopping threads took: 0.0059311 seconds
2016-06-26T19:43:26.442+0300: 35.679: [GC pause (G1 Humongous Allocation) (young) (initial-mark)
Desired survivor size 54525952 bytes, new threshold 15 (max 15)
- age   1:      22520 bytes,      22520 total
- age   2:         16 bytes,      22536 total
- age   3:      15120 bytes,      37656 total
- age   5:       8600 bytes,      46256 total
- age   7:       2840 bytes,      49096 total
- age   9:       3632 bytes,      52728 total
- age  11:        440 bytes,      53168 total
- age  13:       1304 bytes,      54472 total
- age  15:         48 bytes,      54520 total
, 0.0021152 secs]
   [Parallel Time: 0.6 ms, GC Workers: 4]
      [GC Worker Start (ms): Min: 35679.9, Avg: 35679.9, Max: 35679.9, Diff: 0.0]
      [Ext Root Scanning (ms): Min: 0.3, Avg: 0.3, Max: 0.3, Diff: 0.0, Sum: 1.4]
      [Update RS (ms): Min: 0.0, Avg: 0.0, Max: 0.0, Diff: 0.0, Sum: 0.1]
         [Processed Buffers: Min: 1, Avg: 1.5, Max: 2, Diff: 1, Sum: 6]
      [Scan RS (ms): Min: 0.0, Avg: 0.0, Max: 0.0, Diff: 0.0, Sum: 0.0]
      [Code Root Scanning (ms): Min: 0.0, Avg: 0.0, Max: 0.0, Diff: 0.0, Sum: 0.0]
      [Object Copy (ms): Min: 0.2, Avg: 0.2, Max: 0.2, Diff: 0.0, Sum: 0.7]
      [Termination (ms): Min: 0.0, Avg: 0.0, Max: 0.0, Diff: 0.0, Sum: 0.0]
         [Termination Attempts: Min: 1, Avg: 1.0, Max: 1, Diff: 0, Sum: 4]
      [GC Worker Other (ms): Min: 0.0, Avg: 0.0, Max: 0.0, Diff: 0.0, Sum: 0.0]
      [GC Worker Total (ms): Min: 0.5, Avg: 0.6, Max: 0.6, Diff: 0.0, Sum: 2.2]
      [GC Worker End (ms): Min: 35680.5, Avg: 35680.5, Max: 35680.5, Diff: 0.0]
   [Code Root Fixup: 0.0 ms]
   [Code Root Purge: 0.0 ms]
   [Clear CT: 0.0 ms]
   [Other: 1.5 ms]
      [Choose CSet: 0.0 ms]
      [Ref Proc: 0.0 ms]
      [Ref Enq: 0.0 ms]
      [Redirty Cards: 0.0 ms]
      [Humongous Register: 0.6 ms]
      [Humongous Reclaim: 0.3 ms]
      [Free CSet: 0.0 ms]
   [Eden: 1024.0K(831.0M)->0.0B(829.0M) Survivors: 1024.0K->1024.0K Heap: 3689.0M(5120.0M)->3688.5M(5120.0M)]
 [Times: user=0.00 sys=0.00, real=0.00 secs] 
2016-06-26T19:43:26.445+0300: 35.681: [GC concurrent-root-region-scan-start]
2016-06-26T19:43:26.445+0300: 35.681: Total time for which application threads were stopped: 0.0028477 seconds, Stopping threads took: 0.0001283 seconds
2016-06-26T19:43:26.446+0300: 35.682: [GC concurrent-root-region-scan-end, 0.0009926 secs]
2016-06-26T19:43:26.446+0300: 35.682: [GC concurrent-mark-start]
2016-06-26T19:43:26.450+0300: 35.687: [GC concurrent-mark-end, 0.0037475 secs]
2016-06-26T19:43:26.478+0300: 35.715: [GC remark 2016-06-26T19:43:26.478+0300: 35.715: [Finalize Marking, 0.0001702 secs] 2016-06-26T19:43:26.479+0300: 35.715: [GC ref-proc, 0.0000706 secs] 2016-06-26T19:43:26.479+0300: 35.715: [Unloading, 0.0008275 secs], 0.0222889 secs]
 [Times: user=0.13 sys=0.00, real=0.02 secs] 
2016-06-26T19:43:26.501+0300: 35.737: Total time for which application threads were stopped: 0.0250614 seconds, Stopping threads took: 0.0022939 seconds
2016-06-26T19:43:27.455+0300: 36.691: [GC cleanup 4482M->4451M(5120M), 0.0024312 secs]
 [Times: user=0.00 sys=0.00, real=0.00 secs] 
2016-06-26T19:43:27.457+0300: 36.694: Total time for which application threads were stopped: 0.0135554 seconds, Stopping threads took: 0.0106546 seconds
2016-06-26T19:43:27.457+0300: 36.694: [GC concurrent-cleanup-start]
2016-06-26T19:43:27.457+0300: 36.694: [GC concurrent-cleanup-end, 0.0000530 secs]
2016-06-26T19:43:28.493+0300: 37.730: [GC pause (G1 Humongous Allocation) (young)
Desired survivor size 54525952 bytes, new threshold 15 (max 15)
- age   1:         72 bytes,         72 total
- age   2:      22464 bytes,      22536 total
- age   3:         16 bytes,      22552 total
- age   4:      15120 bytes,      37672 total
- age   6:       8600 bytes,      46272 total
- age   8:       2840 bytes,      49112 total
- age  10:       3632 bytes,      52744 total
- age  12:        440 bytes,      53184 total
- age  14:       1304 bytes,      54488 total
, 0.0038630 secs]
   [Parallel Time: 0.6 ms, GC Workers: 4]
      [GC Worker Start (ms): Min: 37730.7, Avg: 37730.7, Max: 37730.7, Diff: 0.0]
      [Ext Root Scanning (ms): Min: 0.3, Avg: 0.3, Max: 0.3, Diff: 0.0, Sum: 1.3]
      [Update RS (ms): Min: 0.0, Avg: 0.0, Max: 0.0, Diff: 0.0, Sum: 0.1]
         [Processed Buffers: Min: 1, Avg: 4.3, Max: 10, Diff: 9, Sum: 17]
      [Scan RS (ms): Min: 0.0, Avg: 0.0, Max: 0.0, Diff: 0.0, Sum: 0.0]
      [Code Root Scanning (ms): Min: 0.0, Avg: 0.0, Max: 0.0, Diff: 0.0, Sum: 0.0]
      [Object Copy (ms): Min: 0.2, Avg: 0.2, Max: 0.2, Diff: 0.0, Sum: 0.6]
      [Termination (ms): Min: 0.0, Avg: 0.0, Max: 0.0, Diff: 0.0, Sum: 0.0]
         [Termination Attempts: Min: 1, Avg: 1.0, Max: 1, Diff: 0, Sum: 4]
      [GC Worker Other (ms): Min: 0.0, Avg: 0.0, Max: 0.0, Diff: 0.0, Sum: 0.0]
      [GC Worker Total (ms): Min: 0.5, Avg: 0.5, Max: 0.5, Diff: 0.0, Sum: 2.1]
      [GC Worker End (ms): Min: 37731.2, Avg: 37731.2, Max: 37731.2, Diff: 0.0]
   [Code Root Fixup: 0.0 ms]
   [Code Root Purge: 0.0 ms]
   [Clear CT: 0.0 ms]
   [Other: 3.3 ms]
      [Choose CSet: 0.0 ms]
      [Ref Proc: 0.0 ms]
      [Ref Enq: 0.0 ms]
      [Redirty Cards: 0.0 ms]
      [Humongous Register: 0.8 ms]
      [Humongous Reclaim: 2.1 ms]
      [Free CSet: 0.0 ms]
   [Eden: 62.0M(829.0M)->0.0B(937.0M) Survivors: 1024.0K->1024.0K Heap: 4977.1M(5120.0M)->3583.0M(5120.0M)]
 [Times: user=0.00 sys=0.00, real=0.00 secs] 
2016-06-26T19:43:28.497+0300: 37.734: Total time for which application threads were stopped: 0.0050442 seconds, Stopping threads took: 0.0001792 seconds
2016-06-26T19:43:28.498+0300: 37.734: [GC pause (G1 Humongous Allocation) (young) (initial-mark)
Desired survivor size 61865984 bytes, new threshold 15 (max 15)
- age   1:      25696 bytes,      25696 total
- age   2:         16 bytes,      25712 total
- age   3:      11784 bytes,      37496 total
- age   5:       9248 bytes,      46744 total
- age   7:       5416 bytes,      52160 total
- age   9:       1488 bytes,      53648 total
- age  11:       1888 bytes,      55536 total
- age  13:        120 bytes,      55656 total
- age  15:        360 bytes,      56016 total
, 0.0026040 secs]
   [Parallel Time: 0.7 ms, GC Workers: 4]
      [GC Worker Start (ms): Min: 37735.5, Avg: 37735.5, Max: 37735.5, Diff: 0.0]
      [Ext Root Scanning (ms): Min: 0.3, Avg: 0.3, Max: 0.3, Diff: 0.0, Sum: 1.4]
      [Update RS (ms): Min: 0.0, Avg: 0.0, Max: 0.0, Diff: 0.0, Sum: 0.1]
         [Processed Buffers: Min: 0, Avg: 1.5, Max: 3, Diff: 3, Sum: 6]
      [Scan RS (ms): Min: 0.0, Avg: 0.0, Max: 0.0, Diff: 0.0, Sum: 0.0]
      [Code Root Scanning (ms): Min: 0.0, Avg: 0.0, Max: 0.0, Diff: 0.0, Sum: 0.0]
      [Object Copy (ms): Min: 0.2, Avg: 0.2, Max: 0.3, Diff: 0.1, Sum: 0.9]
      [Termination (ms): Min: 0.0, Avg: 0.0, Max: 0.1, Diff: 0.1, Sum: 0.2]
         [Termination Attempts: Min: 1, Avg: 1.5, Max: 2, Diff: 1, Sum: 6]
      [GC Worker Other (ms): Min: 0.0, Avg: 0.0, Max: 0.0, Diff: 0.0, Sum: 0.0]
      [GC Worker Total (ms): Min: 0.6, Avg: 0.6, Max: 0.6, Diff: 0.0, Sum: 2.6]
      [GC Worker End (ms): Min: 37736.1, Avg: 37736.1, Max: 37736.1, Diff: 0.0]
   [Code Root Fixup: 0.0 ms]
   [Code Root Purge: 0.0 ms]
   [Clear CT: 0.0 ms]
   [Other: 1.9 ms]
      [Choose CSet: 0.0 ms]
      [Ref Proc: 0.1 ms]
      [Ref Enq: 0.0 ms]
      [Redirty Cards: 0.0 ms]
      [Humongous Register: 0.7 ms]
      [Humongous Reclaim: 0.4 ms]
      [Free CSet: 0.0 ms]
   [Eden: 1024.0K(937.0M)->0.0B(995.0M) Survivors: 1024.0K->1024.0K Heap: 3585.5M(5120.0M)->3526.4M(5120.0M)]
 [Times: user=0.01 sys=0.00, real=0.00 secs] 
2016-06-26T19:43:28.501+0300: 37.737: [GC concurrent-root-region-scan-start]
2016-06-26T19:43:28.501+0300: 37.737: Total time for which application threads were stopped: 0.0033768 seconds, Stopping threads took: 0.0001762 seconds
2016-06-26T19:43:28.502+0300: 37.738: [GC concurrent-root-region-scan-end, 0.0009387 secs]
2016-06-26T19:43:28.502+0300: 37.738: [GC concurrent-mark-start]
2016-06-26T19:43:28.506+0300: 37.743: [GC concurrent-mark-end, 0.0036068 secs]
2016-06-26T19:43:28.537+0300: 37.774: [GC remark 2016-06-26T19:43:28.538+0300: 37.774: [Finalize Marking, 0.0002096 secs] 2016-06-26T19:43:28.538+0300: 37.774: [GC ref-proc, 0.0000671 secs] 2016-06-26T19:43:28.538+0300: 37.775: [Unloading, 0.0008818 secs], 0.0295453 secs]
 [Times: user=0.09 sys=0.00, real=0.03 secs] 
2016-06-26T19:43:28.567+0300: 37.804: Total time for which application threads were stopped: 0.0307744 seconds, Stopping threads took: 0.0007924 seconds
2016-06-26T19:43:28.635+0300: 37.871: [GC cleanup 3610M->3594M(5120M), 0.0023872 secs]
 [Times: user=0.00 sys=0.00, real=0.00 secs] 
2016-06-26T19:43:28.637+0300: 37.874: Total time for which application threads were stopped: 0.0047162 seconds, Stopping threads took: 0.0015836 seconds
2016-06-26T19:43:28.637+0300: 37.874: [GC concurrent-cleanup-start]
2016-06-26T19:43:28.637+0300: 37.874: [GC concurrent-cleanup-end, 0.0000316 secs]
2016-06-26T19:43:30.490+0300: 39.726: [GC pause (G1 Humongous Allocation) (young)
Desired survivor size 65536000 bytes, new threshold 15 (max 15)
- age   1:         80 bytes,         80 total
- age   2:      25232 bytes,      25312 total
- age   3:         16 bytes,      25328 total
- age   4:      11688 bytes,      37016 total
- age   6:       9144 bytes,      46160 total
- age   8:       5392 bytes,      51552 total
- age  10:       1488 bytes,      53040 total
- age  12:       1888 bytes,      54928 total
- age  14:        120 bytes,      55048 total
, 0.0039494 secs]
   [Parallel Time: 0.6 ms, GC Workers: 4]
      [GC Worker Start (ms): Min: 39727.2, Avg: 39727.3, Max: 39727.6, Diff: 0.3]
      [Ext Root Scanning (ms): Min: 0.0, Avg: 0.3, Max: 0.4, Diff: 0.3, Sum: 1.2]
      [Update RS (ms): Min: 0.0, Avg: 0.0, Max: 0.0, Diff: 0.0, Sum: 0.1]
         [Processed Buffers: Min: 1, Avg: 3.8, Max: 8, Diff: 7, Sum: 15]
      [Scan RS (ms): Min: 0.0, Avg: 0.0, Max: 0.0, Diff: 0.0, Sum: 0.0]
      [Code Root Scanning (ms): Min: 0.0, Avg: 0.0, Max: 0.0, Diff: 0.0, Sum: 0.0]
      [Object Copy (ms): Min: 0.1, Avg: 0.2, Max: 0.2, Diff: 0.0, Sum: 0.6]
      [Termination (ms): Min: 0.0, Avg: 0.0, Max: 0.0, Diff: 0.0, Sum: 0.0]
         [Termination Attempts: Min: 1, Avg: 1.0, Max: 1, Diff: 0, Sum: 4]
      [GC Worker Other (ms): Min: 0.0, Avg: 0.0, Max: 0.0, Diff: 0.0, Sum: 0.1]
      [GC Worker Total (ms): Min: 0.2, Avg: 0.5, Max: 0.6, Diff: 0.3, Sum: 2.0]
      [GC Worker End (ms): Min: 39727.8, Avg: 39727.8, Max: 39727.8, Diff: 0.0]
   [Code Root Fixup: 0.0 ms]
   [Code Root Purge: 0.0 ms]
   [Clear CT: 0.0 ms]
   [Other: 3.3 ms]
      [Choose CSet: 0.0 ms]
      [Ref Proc: 0.1 ms]
      [Ref Enq: 0.0 ms]
      [Redirty Cards: 0.0 ms]
      [Humongous Register: 0.8 ms]
      [Humongous Reclaim: 2.2 ms]
      [Free CSet: 0.0 ms]
   [Eden: 52.0M(995.0M)->0.0B(1175.0M) Survivors: 1024.0K->1024.0K Heap: 4976.8M(5120.0M)->3350.6M(5120.0M)]
 [Times: user=0.00 sys=0.00, real=0.00 secs] 
2016-06-26T19:43:30.494+0300: 39.731: Total time for which application threads were stopped: 0.0096594 seconds, Stopping threads took: 0.0046897 seconds
2016-06-26T19:43:30.500+0300: 39.736: [GC pause (G1 Humongous Allocation) (young) (initial-mark)
Desired survivor size 77070336 bytes, new threshold 15 (max 15)
- age   1:      23448 bytes,      23448 total
- age   2:         24 bytes,      23472 total
- age   3:      14568 bytes,      38040 total
- age   4:         16 bytes,      38056 total
- age   5:       7520 bytes,      45576 total
- age   7:       4152 bytes,      49728 total
- age   9:       1960 bytes,      51688 total
- age  11:        136 bytes,      51824 total
- age  13:        952 bytes,      52776 total
, 0.0022041 secs]
   [Parallel Time: 0.6 ms, GC Workers: 4]
      [GC Worker Start (ms): Min: 39737.3, Avg: 39737.3, Max: 39737.3, Diff: 0.0]
      [Ext Root Scanning (ms): Min: 0.3, Avg: 0.3, Max: 0.3, Diff: 0.0, Sum: 1.4]
      [Update RS (ms): Min: 0.0, Avg: 0.0, Max: 0.0, Diff: 0.0, Sum: 0.1]
         [Processed Buffers: Min: 1, Avg: 1.0, Max: 1, Diff: 0, Sum: 4]
      [Scan RS (ms): Min: 0.0, Avg: 0.0, Max: 0.0, Diff: 0.0, Sum: 0.0]
      [Code Root Scanning (ms): Min: 0.0, Avg: 0.0, Max: 0.0, Diff: 0.0, Sum: 0.0]
      [Object Copy (ms): Min: 0.1, Avg: 0.2, Max: 0.2, Diff: 0.0, Sum: 0.6]
      [Termination (ms): Min: 0.0, Avg: 0.0, Max: 0.0, Diff: 0.0, Sum: 0.0]
         [Termination Attempts: Min: 1, Avg: 1.0, Max: 1, Diff: 0, Sum: 4]
      [GC Worker Other (ms): Min: 0.0, Avg: 0.0, Max: 0.0, Diff: 0.0, Sum: 0.0]
      [GC Worker Total (ms): Min: 0.5, Avg: 0.5, Max: 0.5, Diff: 0.0, Sum: 2.1]
      [GC Worker End (ms): Min: 39737.8, Avg: 39737.8, Max: 39737.8, Diff: 0.0]
   [Code Root Fixup: 0.0 ms]
   [Code Root Purge: 0.0 ms]
   [Clear CT: 0.0 ms]
   [Other: 1.6 ms]
      [Choose CSet: 0.0 ms]
      [Ref Proc: 0.0 ms]
      [Ref Enq: 0.0 ms]
      [Redirty Cards: 0.0 ms]
      [Humongous Register: 0.7 ms]
      [Humongous Reclaim: 0.3 ms]
      [Free CSet: 0.0 ms]
   [Eden: 1024.0K(1175.0M)->0.0B(1171.0M) Survivors: 1024.0K->1024.0K Heap: 3355.0M(5120.0M)->3354.5M(5120.0M)]
 [Times: user=0.00 sys=0.00, real=0.00 secs] 
2016-06-26T19:43:30.502+0300: 39.739: [GC concurrent-root-region-scan-start]
2016-06-26T19:43:30.502+0300: 39.739: Total time for which application threads were stopped: 0.0028764 seconds, Stopping threads took: 0.0000710 seconds
2016-06-26T19:43:30.503+0300: 39.740: [GC concurrent-root-region-scan-end, 0.0009310 secs]
2016-06-26T19:43:30.503+0300: 39.740: [GC concurrent-mark-start]
2016-06-26T19:43:30.507+0300: 39.743: [GC concurrent-mark-end, 0.0036111 secs]
2016-06-26T19:43:30.879+0300: 40.116: [GC remark 2016-06-26T19:43:30.879+0300: 40.116: [Finalize Marking, 0.0002237 secs] 2016-06-26T19:43:30.880+0300: 40.116: [GC ref-proc, 0.0000697 secs] 2016-06-26T19:43:30.880+0300: 40.116: [Unloading, 0.0008442 secs], 0.0195104 secs]
 [Times: user=0.06 sys=0.00, real=0.02 secs] 
2016-06-26T19:43:30.899+0300: 40.135: Total time for which application threads were stopped: 0.0238481 seconds, Stopping threads took: 0.0039246 seconds
2016-06-26T19:43:30.900+0300: 40.136: [GC cleanup 3669M->3662M(5120M), 0.0022512 secs]
 [Times: user=0.00 sys=0.00, real=0.00 secs] 
2016-06-26T19:43:30.902+0300: 40.138: Total time for which application threads were stopped: 0.0027712 seconds, Stopping threads took: 0.0000513 seconds
2016-06-26T19:43:30.902+0300: 40.138: [GC concurrent-cleanup-start]
2016-06-26T19:43:30.902+0300: 40.139: [GC concurrent-cleanup-end, 0.0000274 secs]
2016-06-26T19:43:32.552+0300: 41.789: [GC pause (G1 Humongous Allocation) (young)
Desired survivor size 77070336 bytes, new threshold 15 (max 15)
- age   1:         72 bytes,         72 total
- age   2:      23392 bytes,      23464 total
- age   3:         24 bytes,      23488 total
- age   4:      14568 bytes,      38056 total
- age   5:         16 bytes,      38072 total
- age   6:       7520 bytes,      45592 total
- age   8:       4152 bytes,      49744 total
- age  10:       1960 bytes,      51704 total
- age  12:        136 bytes,      51840 total
- age  14:        952 bytes,      52792 total
, 0.0035209 secs]
   [Parallel Time: 0.6 ms, GC Workers: 4]
      [GC Worker Start (ms): Min: 41789.8, Avg: 41789.8, Max: 41789.8, Diff: 0.0]
      [Ext Root Scanning (ms): Min: 0.3, Avg: 0.3, Max: 0.3, Diff: 0.0, Sum: 1.3]
      [Update RS (ms): Min: 0.0, Avg: 0.0, Max: 0.0, Diff: 0.0, Sum: 0.1]
         [Processed Buffers: Min: 1, Avg: 4.0, Max: 8, Diff: 7, Sum: 16]
      [Scan RS (ms): Min: 0.0, Avg: 0.0, Max: 0.0, Diff: 0.0, Sum: 0.0]
      [Code Root Scanning (ms): Min: 0.0, Avg: 0.0, Max: 0.0, Diff: 0.0, Sum: 0.0]
      [Object Copy (ms): Min: 0.1, Avg: 0.2, Max: 0.2, Diff: 0.0, Sum: 0.6]
      [Termination (ms): Min: 0.0, Avg: 0.0, Max: 0.0, Diff: 0.0, Sum: 0.0]
         [Termination Attempts: Min: 1, Avg: 1.0, Max: 1, Diff: 0, Sum: 4]
      [GC Worker Other (ms): Min: 0.0, Avg: 0.0, Max: 0.0, Diff: 0.0, Sum: 0.1]
      [GC Worker Total (ms): Min: 0.5, Avg: 0.5, Max: 0.5, Diff: 0.0, Sum: 2.1]
      [GC Worker End (ms): Min: 41790.3, Avg: 41790.3, Max: 41790.3, Diff: 0.0]
   [Code Root Fixup: 0.0 ms]
   [Code Root Purge: 0.0 ms]
   [Clear CT: 0.0 ms]
   [Other: 2.9 ms]
      [Choose CSet: 0.0 ms]
      [Ref Proc: 0.0 ms]
      [Ref Enq: 0.0 ms]
      [Redirty Cards: 0.0 ms]
      [Humongous Register: 0.8 ms]
      [Humongous Reclaim: 1.9 ms]
      [Free CSet: 0.0 ms]
   [Eden: 48.0M(1171.0M)->0.0B(861.0M) Survivors: 1024.0K->1024.0K Heap: 4975.7M(5120.0M)->3657.2M(5120.0M)]
 [Times: user=0.00 sys=0.00, real=0.00 secs] 
2016-06-26T19:43:32.556+0300: 41.793: Total time for which application threads were stopped: 0.0084966 seconds, Stopping threads took: 0.0040760 seconds
2016-06-26T19:43:32.557+0300: 41.794: [GC pause (G1 Humongous Allocation) (young) (initial-mark)
Desired survivor size 56623104 bytes, new threshold 15 (max 15)
- age   1:      23144 bytes,      23144 total
- age   2:         16 bytes,      23160 total
- age   3:      15880 bytes,      39040 total
- age   5:       8112 bytes,      47152 total
- age   6:         16 bytes,      47168 total
- age   7:       4864 bytes,      52032 total
- age   9:       2040 bytes,      54072 total
- age  11:        872 bytes,      54944 total
- age  13:         24 bytes,      54968 total
- age  15:        224 bytes,      55192 total
, 0.0021494 secs]
   [Parallel Time: 0.6 ms, GC Workers: 4]
      [GC Worker Start (ms): Min: 41794.6, Avg: 41794.7, Max: 41794.7, Diff: 0.0]
      [Ext Root Scanning (ms): Min: 0.3, Avg: 0.3, Max: 0.4, Diff: 0.0, Sum: 1.4]
      [Update RS (ms): Min: 0.0, Avg: 0.0, Max: 0.0, Diff: 0.0, Sum: 0.1]
         [Processed Buffers: Min: 1, Avg: 1.0, Max: 1, Diff: 0, Sum: 4]
      [Scan RS (ms): Min: 0.0, Avg: 0.0, Max: 0.0, Diff: 0.0, Sum: 0.0]
      [Code Root Scanning (ms): Min: 0.0, Avg: 0.0, Max: 0.0, Diff: 0.0, Sum: 0.0]
      [Object Copy (ms): Min: 0.2, Avg: 0.2, Max: 0.2, Diff: 0.0, Sum: 0.7]
      [Termination (ms): Min: 0.0, Avg: 0.0, Max: 0.0, Diff: 0.0, Sum: 0.0]
         [Termination Attempts: Min: 1, Avg: 1.0, Max: 1, Diff: 0, Sum: 4]
      [GC Worker Other (ms): Min: 0.0, Avg: 0.0, Max: 0.0, Diff: 0.0, Sum: 0.1]
      [GC Worker Total (ms): Min: 0.6, Avg: 0.6, Max: 0.6, Diff: 0.0, Sum: 2.2]
      [GC Worker End (ms): Min: 41795.2, Avg: 41795.2, Max: 41795.2, Diff: 0.0]
   [Code Root Fixup: 0.0 ms]
   [Code Root Purge: 0.0 ms]
   [Clear CT: 0.0 ms]
   [Other: 1.5 ms]
      [Choose CSet: 0.0 ms]
      [Ref Proc: 0.0 ms]
      [Ref Enq: 0.0 ms]
      [Redirty Cards: 0.0 ms]
      [Humongous Register: 0.6 ms]
      [Humongous Reclaim: 0.3 ms]
      [Free CSet: 0.0 ms]
   [Eden: 1024.0K(861.0M)->0.0B(859.0M) Survivors: 1024.0K->1024.0K Heap: 3659.7M(5120.0M)->3659.2M(5120.0M)]
 [Times: user=0.00 sys=0.00, real=0.00 secs] 
2016-06-26T19:43:32.560+0300: 41.796: [GC concurrent-root-region-scan-start]
2016-06-26T19:43:32.560+0300: 41.796: Total time for which application threads were stopped: 0.0028627 seconds, Stopping threads took: 0.0001048 seconds
2016-06-26T19:43:32.561+0300: 41.797: [GC concurrent-root-region-scan-end, 0.0010555 secs]
2016-06-26T19:43:32.561+0300: 41.797: [GC concurrent-mark-start]
2016-06-26T19:43:32.564+0300: 41.801: [GC concurrent-mark-end, 0.0036509 secs]
2016-06-26T19:43:33.264+0300: 42.501: [GC remark 2016-06-26T19:43:33.264+0300: 42.501: [Finalize Marking, 0.0001634 secs] 2016-06-26T19:43:33.264+0300: 42.501: [GC ref-proc, 0.0000689 secs] 2016-06-26T19:43:33.264+0300: 42.501: [Unloading, 0.0008113 secs], 0.0209687 secs]
 [Times: user=0.06 sys=0.00, real=0.02 secs] 
2016-06-26T19:43:33.285+0300: 42.522: Total time for which application threads were stopped: 0.0263837 seconds, Stopping threads took: 0.0049869 seconds
2016-06-26T19:43:33.286+0300: 42.523: [GC cleanup 4177M->4159M(5120M), 0.0022422 secs]
 [Times: user=0.00 sys=0.00, real=0.00 secs] 
2016-06-26T19:43:33.288+0300: 42.525: Total time for which application threads were stopped: 0.0027494 seconds, Stopping threads took: 0.0000667 seconds
2016-06-26T19:43:33.288+0300: 42.525: [GC concurrent-cleanup-start]
2016-06-26T19:43:33.288+0300: 42.525: [GC concurrent-cleanup-end, 0.0000368 secs]
2016-06-26T19:43:34.522+0300: 43.758: [GC pause (G1 Humongous Allocation) (young)
Desired survivor size 56623104 bytes, new threshold 15 (max 15)
- age   1:        128 bytes,        128 total
- age   2:      23088 bytes,      23216 total
- age   3:         16 bytes,      23232 total
- age   4:      15880 bytes,      39112 total
- age   6:       8112 bytes,      47224 total
- age   7:         16 bytes,      47240 total
- age   8:       4864 bytes,      52104 total
- age  10:       2040 bytes,      54144 total
- age  12:        872 bytes,      55016 total
- age  14:         24 bytes,      55040 total
, 0.0035226 secs]
   [Parallel Time: 0.6 ms, GC Workers: 4]
      [GC Worker Start (ms): Min: 43758.9, Avg: 43758.9, Max: 43758.9, Diff: 0.0]
      [Ext Root Scanning (ms): Min: 0.3, Avg: 0.3, Max: 0.3, Diff: 0.0, Sum: 1.3]
      [Update RS (ms): Min: 0.0, Avg: 0.0, Max: 0.0, Diff: 0.0, Sum: 0.1]
         [Processed Buffers: Min: 1, Avg: 3.8, Max: 9, Diff: 8, Sum: 15]
      [Scan RS (ms): Min: 0.0, Avg: 0.0, Max: 0.0, Diff: 0.0, Sum: 0.0]
      [Code Root Scanning (ms): Min: 0.0, Avg: 0.0, Max: 0.0, Diff: 0.0, Sum: 0.0]
      [Object Copy (ms): Min: 0.2, Avg: 0.2, Max: 0.2, Diff: 0.0, Sum: 0.7]
      [Termination (ms): Min: 0.0, Avg: 0.0, Max: 0.0, Diff: 0.0, Sum: 0.0]
         [Termination Attempts: Min: 1, Avg: 1.0, Max: 1, Diff: 0, Sum: 4]
      [GC Worker Other (ms): Min: 0.0, Avg: 0.0, Max: 0.0, Diff: 0.0, Sum: 0.1]
      [GC Worker Total (ms): Min: 0.5, Avg: 0.5, Max: 0.6, Diff: 0.0, Sum: 2.2]
      [GC Worker End (ms): Min: 43759.4, Avg: 43759.5, Max: 43759.5, Diff: 0.0]
   [Code Root Fixup: 0.0 ms]
   [Code Root Purge: 0.0 ms]
   [Clear CT: 0.0 ms]
   [Other: 2.9 ms]
      [Choose CSet: 0.0 ms]
      [Ref Proc: 0.1 ms]
      [Ref Enq: 0.0 ms]
      [Redirty Cards: 0.0 ms]
      [Humongous Register: 0.7 ms]
      [Humongous Reclaim: 1.8 ms]
      [Free CSet: 0.1 ms]
   [Eden: 65.0M(859.0M)->0.0B(827.0M) Survivors: 1024.0K->1024.0K Heap: 4977.6M(5120.0M)->3690.4M(5120.0M)]
 [Times: user=0.00 sys=0.00, real=0.00 secs] 
2016-06-26T19:43:34.525+0300: 43.762: Total time for which application threads were stopped: 0.0046499 seconds, Stopping threads took: 0.0002322 seconds
2016-06-26T19:43:34.526+0300: 43.763: [GC pause (G1 Humongous Allocation) (young) (initial-mark)
Desired survivor size 54525952 bytes, new threshold 15 (max 15)
- age   1:      25912 bytes,      25912 total
- age   2:         16 bytes,      25928 total
- age   3:      12088 bytes,      38016 total
- age   4:         16 bytes,      38032 total
- age   5:       9872 bytes,      47904 total
- age   7:       5048 bytes,      52952 total
- age   9:       2608 bytes,      55560 total
- age  11:        864 bytes,      56424 total
- age  13:         72 bytes,      56496 total
, 0.0023748 secs]
   [Parallel Time: 0.6 ms, GC Workers: 4]
      [GC Worker Start (ms): Min: 43763.6, Avg: 43763.6, Max: 43763.6, Diff: 0.0]
      [Ext Root Scanning (ms): Min: 0.3, Avg: 0.3, Max: 0.3, Diff: 0.0, Sum: 1.3]
      [Update RS (ms): Min: 0.0, Avg: 0.0, Max: 0.0, Diff: 0.0, Sum: 0.1]
         [Processed Buffers: Min: 1, Avg: 1.3, Max: 2, Diff: 1, Sum: 5]
      [Scan RS (ms): Min: 0.0, Avg: 0.0, Max: 0.0, Diff: 0.0, Sum: 0.0]
      [Code Root Scanning (ms): Min: 0.0, Avg: 0.0, Max: 0.0, Diff: 0.0, Sum: 0.0]
      [Object Copy (ms): Min: 0.2, Avg: 0.2, Max: 0.2, Diff: 0.0, Sum: 0.7]
      [Termination (ms): Min: 0.0, Avg: 0.0, Max: 0.0, Diff: 0.0, Sum: 0.0]
         [Termination Attempts: Min: 1, Avg: 1.0, Max: 1, Diff: 0, Sum: 4]
      [GC Worker Other (ms): Min: 0.0, Avg: 0.0, Max: 0.0, Diff: 0.0, Sum: 0.0]
      [GC Worker Total (ms): Min: 0.5, Avg: 0.5, Max: 0.5, Diff: 0.0, Sum: 2.2]
      [GC Worker End (ms): Min: 43764.2, Avg: 43764.2, Max: 43764.2, Diff: 0.0]
   [Code Root Fixup: 0.0 ms]
   [Code Root Purge: 0.0 ms]
   [Clear CT: 0.0 ms]
   [Other: 1.8 ms]
      [Choose CSet: 0.0 ms]
      [Ref Proc: 0.0 ms]
      [Ref Enq: 0.0 ms]
      [Redirty Cards: 0.0 ms]
      [Humongous Register: 0.7 ms]
      [Humongous Reclaim: 0.4 ms]
      [Free CSet: 0.0 ms]
   [Eden: 1024.0K(827.0M)->0.0B(883.0M) Survivors: 1024.0K->1024.0K Heap: 3694.8M(5120.0M)->3635.8M(5120.0M)]
 [Times: user=0.00 sys=0.00, real=0.00 secs] 
2016-06-26T19:43:34.529+0300: 43.765: [GC concurrent-root-region-scan-start]
2016-06-26T19:43:34.529+0300: 43.765: Total time for which application threads were stopped: 0.0031304 seconds, Stopping threads took: 0.0001694 seconds
2016-06-26T19:43:34.530+0300: 43.766: [GC concurrent-root-region-scan-end, 0.0011577 secs]
2016-06-26T19:43:34.530+0300: 43.766: [GC concurrent-mark-start]
2016-06-26T19:43:34.535+0300: 43.772: [GC concurrent-mark-end, 0.0036795 secs]
2016-06-26T19:43:34.558+0300: 43.794: [GC remark 2016-06-26T19:43:34.558+0300: 43.794: [Finalize Marking, 0.0001398 secs] 2016-06-26T19:43:34.558+0300: 43.794: [GC ref-proc, 0.0000654 secs] 2016-06-26T19:43:34.558+0300: 43.794: [Unloading, 0.0008211 secs], 0.0207656 secs]
 [Times: user=0.13 sys=0.00, real=0.02 secs] 
2016-06-26T19:43:34.579+0300: 43.815: Total time for which application threads were stopped: 0.0230253 seconds, Stopping threads took: 0.0018351 seconds
2016-06-26T19:43:34.579+0300: 43.816: [GC cleanup 3659M->3622M(5120M), 0.0024197 secs]
 [Times: user=0.00 sys=0.00, real=0.00 secs] 
2016-06-26T19:43:34.582+0300: 43.818: Total time for which application threads were stopped: 0.0029504 seconds, Stopping threads took: 0.0001172 seconds
2016-06-26T19:43:34.582+0300: 43.818: [GC concurrent-cleanup-start]
2016-06-26T19:43:34.582+0300: 43.818: [GC concurrent-cleanup-end, 0.0000603 secs]
2016-06-26T19:43:36.432+0300: 45.669: [GC pause (G1 Humongous Allocation) (young)
Desired survivor size 58195968 bytes, new threshold 15 (max 15)
- age   1:         80 bytes,         80 total
- age   2:      25464 bytes,      25544 total
- age   3:         16 bytes,      25560 total
- age   4:      11848 bytes,      37408 total
- age   5:         16 bytes,      37424 total
- age   6:       9872 bytes,      47296 total
- age   8:       5048 bytes,      52344 total
- age  10:       2608 bytes,      54952 total
- age  12:        864 bytes,      55816 total
- age  14:         72 bytes,      55888 total
, 0.0041701 secs]
   [Parallel Time: 0.6 ms, GC Workers: 4]
      [GC Worker Start (ms): Min: 45669.6, Avg: 45669.6, Max: 45669.6, Diff: 0.0]
      [Ext Root Scanning (ms): Min: 0.3, Avg: 0.3, Max: 0.3, Diff: 0.0, Sum: 1.3]
      [Update RS (ms): Min: 0.0, Avg: 0.0, Max: 0.0, Diff: 0.0, Sum: 0.1]
         [Processed Buffers: Min: 1, Avg: 4.8, Max: 11, Diff: 10, Sum: 19]
      [Scan RS (ms): Min: 0.0, Avg: 0.0, Max: 0.0, Diff: 0.0, Sum: 0.0]
      [Code Root Scanning (ms): Min: 0.0, Avg: 0.0, Max: 0.0, Diff: 0.0, Sum: 0.0]
      [Object Copy (ms): Min: 0.1, Avg: 0.1, Max: 0.2, Diff: 0.0, Sum: 0.6]
      [Termination (ms): Min: 0.0, Avg: 0.0, Max: 0.0, Diff: 0.0, Sum: 0.0]
         [Termination Attempts: Min: 1, Avg: 1.0, Max: 1, Diff: 0, Sum: 4]
      [GC Worker Other (ms): Min: 0.0, Avg: 0.0, Max: 0.0, Diff: 0.0, Sum: 0.0]
      [GC Worker Total (ms): Min: 0.5, Avg: 0.5, Max: 0.5, Diff: 0.0, Sum: 2.1]
      [GC Worker End (ms): Min: 45670.1, Avg: 45670.1, Max: 45670.1, Diff: 0.0]
   [Code Root Fixup: 0.0 ms]
   [Code Root Purge: 0.0 ms]
   [Clear CT: 0.0 ms]
   [Other: 3.6 ms]
      [Choose CSet: 0.0 ms]
      [Ref Proc: 0.0 ms]
      [Ref Enq: 0.0 ms]
      [Redirty Cards: 0.0 ms]
      [Humongous Register: 0.8 ms]
      [Humongous Reclaim: 2.5 ms]
      [Free CSet: 0.1 ms]
   [Eden: 62.0M(883.0M)->0.0B(1223.0M) Survivors: 1024.0K->1024.0K Heap: 4977.1M(5120.0M)->3303.7M(5120.0M)]
 [Times: user=0.02 sys=0.00, real=0.01 secs] 
2016-06-26T19:43:36.437+0300: 45.673: Total time for which application threads were stopped: 0.0089842 seconds, Stopping threads took: 0.0038874 seconds
2016-06-26T19:43:36.437+0300: 45.674: [GC pause (G1 Humongous Allocation) (young) (initial-mark)
Desired survivor size 80216064 bytes, new threshold 15 (max 15)
- age   1:      24608 bytes,      24608 total
- age   2:         24 bytes,      24632 total
- age   3:      13584 bytes,      38216 total
- age   4:         16 bytes,      38232 total
- age   5:       6560 bytes,      44792 total
- age   7:       5136 bytes,      49928 total
- age   9:       1744 bytes,      51672 total
- age  11:       1312 bytes,      52984 total
- age  13:        184 bytes,      53168 total
, 0.0021434 secs]
   [Parallel Time: 0.6 ms, GC Workers: 4]
      [GC Worker Start (ms): Min: 45674.7, Avg: 45674.7, Max: 45674.7, Diff: 0.0]
      [Ext Root Scanning (ms): Min: 0.3, Avg: 0.3, Max: 0.3, Diff: 0.0, Sum: 1.4]
      [Update RS (ms): Min: 0.0, Avg: 0.0, Max: 0.0, Diff: 0.0, Sum: 0.1]
         [Processed Buffers: Min: 0, Avg: 1.0, Max: 2, Diff: 2, Sum: 4]
      [Scan RS (ms): Min: 0.0, Avg: 0.0, Max: 0.0, Diff: 0.0, Sum: 0.0]
      [Code Root Scanning (ms): Min: 0.0, Avg: 0.0, Max: 0.0, Diff: 0.0, Sum: 0.0]
      [Object Copy (ms): Min: 0.1, Avg: 0.2, Max: 0.2, Diff: 0.0, Sum: 0.6]
      [Termination (ms): Min: 0.0, Avg: 0.0, Max: 0.0, Diff: 0.0, Sum: 0.0]
         [Termination Attempts: Min: 1, Avg: 1.0, Max: 1, Diff: 0, Sum: 4]
      [GC Worker Other (ms): Min: 0.0, Avg: 0.0, Max: 0.0, Diff: 0.0, Sum: 0.0]
      [GC Worker Total (ms): Min: 0.5, Avg: 0.5, Max: 0.5, Diff: 0.0, Sum: 2.1]
      [GC Worker End (ms): Min: 45675.2, Avg: 45675.2, Max: 45675.2, Diff: 0.0]
   [Code Root Fixup: 0.0 ms]
   [Code Root Purge: 0.0 ms]
   [Clear CT: 0.0 ms]
   [Other: 1.6 ms]
      [Choose CSet: 0.0 ms]
      [Ref Proc: 0.1 ms]
      [Ref Enq: 0.0 ms]
      [Redirty Cards: 0.0 ms]
      [Humongous Register: 0.6 ms]
      [Humongous Reclaim: 0.3 ms]
      [Free CSet: 0.0 ms]
   [Eden: 1024.0K(1223.0M)->0.0B(1221.0M) Survivors: 1024.0K->1024.0K Heap: 3306.2M(5120.0M)->3305.7M(5120.0M)]
 [Times: user=0.00 sys=0.00, real=0.00 secs] 
2016-06-26T19:43:36.440+0300: 45.676: [GC concurrent-root-region-scan-start]
2016-06-26T19:43:36.440+0300: 45.676: Total time for which application threads were stopped: 0.0027729 seconds, Stopping threads took: 0.0000565 seconds
2016-06-26T19:43:36.441+0300: 45.677: [GC concurrent-root-region-scan-end, 0.0010341 secs]
2016-06-26T19:43:36.441+0300: 45.677: [GC concurrent-mark-start]
2016-06-26T19:43:36.445+0300: 45.681: [GC concurrent-mark-end, 0.0038677 secs]
2016-06-26T19:43:36.452+0300: 45.689: [GC remark 2016-06-26T19:43:36.452+0300: 45.689: [Finalize Marking, 0.0001501 secs] 2016-06-26T19:43:36.452+0300: 45.689: [GC ref-proc, 0.0000659 secs] 2016-06-26T19:43:36.453+0300: 45.689: [Unloading, 0.0008185 secs], 0.0195002 secs]
 [Times: user=0.06 sys=0.00, real=0.02 secs] 
2016-06-26T19:43:36.472+0300: 45.708: Total time for which application threads were stopped: 0.0207100 seconds, Stopping threads took: 0.0007865 seconds
2016-06-26T19:43:36.738+0300: 45.975: [GC cleanup 3546M->3546M(5120M), 0.0026232 secs]
 [Times: user=0.00 sys=0.00, real=0.00 secs] 
2016-06-26T19:43:36.741+0300: 45.978: Total time for which application threads were stopped: 0.0066154 seconds, Stopping threads took: 0.0035752 seconds
2016-06-26T19:43:38.120+0300: 47.356: Total time for which application threads were stopped: 0.0025381 seconds, Stopping threads took: 0.0011431 seconds
2016-06-26T19:43:38.121+0300: 47.358: Total time for which application threads were stopped: 0.0006590 seconds, Stopping threads took: 0.0000842 seconds
2016-06-26T19:43:38.130+0300: 47.366: Total time for which application threads were stopped: 0.0006564 seconds, Stopping threads took: 0.0000620 seconds
2016-06-26T19:43:39.035+0300: 48.272: [GC pause (G1 Humongous Allocation) (young)
Desired survivor size 80216064 bytes, new threshold 15 (max 15)
- age   1:        152 bytes,        152 total
- age   2:      24552 bytes,      24704 total
- age   3:         24 bytes,      24728 total
- age   4:      13528 bytes,      38256 total
- age   5:         16 bytes,      38272 total
- age   6:       6560 bytes,      44832 total
- age   8:       5136 bytes,      49968 total
- age  10:       1744 bytes,      51712 total
- age  12:       1312 bytes,      53024 total
- age  14:        184 bytes,      53208 total
, 0.0195181 secs]
   [Parallel Time: 14.1 ms, GC Workers: 4]
      [GC Worker Start (ms): Min: 48275.7, Avg: 48275.8, Max: 48275.8, Diff: 0.0]
      [Ext Root Scanning (ms): Min: 0.3, Avg: 0.5, Max: 0.8, Diff: 0.5, Sum: 1.9]
      [Update RS (ms): Min: 11.2, Avg: 11.5, Max: 11.6, Diff: 0.5, Sum: 45.8]
         [Processed Buffers: Min: 121, Avg: 122.5, Max: 127, Diff: 6, Sum: 490]
      [Scan RS (ms): Min: 0.0, Avg: 0.0, Max: 0.1, Diff: 0.1, Sum: 0.1]
      [Code Root Scanning (ms): Min: 0.0, Avg: 0.0, Max: 0.0, Diff: 0.0, Sum: 0.0]
      [Object Copy (ms): Min: 0.8, Avg: 0.9, Max: 0.9, Diff: 0.1, Sum: 3.5]
      [Termination (ms): Min: 0.0, Avg: 0.0, Max: 0.0, Diff: 0.0, Sum: 0.0]
         [Termination Attempts: Min: 1, Avg: 1.5, Max: 3, Diff: 2, Sum: 6]
      [GC Worker Other (ms): Min: 0.0, Avg: 0.0, Max: 0.0, Diff: 0.0, Sum: 0.1]
      [GC Worker Total (ms): Min: 12.8, Avg: 12.8, Max: 12.9, Diff: 0.0, Sum: 51.4]
      [GC Worker End (ms): Min: 48288.6, Avg: 48288.6, Max: 48288.6, Diff: 0.0]
   [Code Root Fixup: 0.0 ms]
   [Code Root Purge: 0.0 ms]
   [Clear CT: 0.0 ms]
   [Other: 5.4 ms]
      [Choose CSet: 0.0 ms]
      [Ref Proc: 0.1 ms]
      [Ref Enq: 0.0 ms]
      [Redirty Cards: 0.0 ms]
      [Humongous Register: 0.8 ms]
      [Humongous Reclaim: 2.7 ms]
      [Free CSet: 0.0 ms]
   [Eden: 47.0M(1221.0M)->0.0B(1567.0M) Survivors: 1024.0K->1024.0K Heap: 4976.7M(5120.0M)->2968.3M(5120.0M)]
 [Times: user=0.06 sys=0.00, real=0.02 secs] 
2016-06-26T19:43:39.055+0300: 48.292: Total time for which application threads were stopped: 0.0243536 seconds, Stopping threads took: 0.0037510 seconds
2016-06-26T19:43:39.060+0300: 48.297: Total time for which application threads were stopped: 0.0005055 seconds, Stopping threads took: 0.0002408 seconds
2016-06-26T19:43:39.060+0300: 48.297: Total time for which application threads were stopped: 0.0002814 seconds, Stopping threads took: 0.0000411 seconds
2016-06-26T19:43:39.061+0300: 48.297: Total time for which application threads were stopped: 0.0002446 seconds, Stopping threads took: 0.0000321 seconds
2016-06-26T19:43:39.061+0300: 48.298: Total time for which application threads were stopped: 0.0002707 seconds, Stopping threads took: 0.0000355 seconds
2016-06-26T19:43:39.061+0300: 48.298: Total time for which application threads were stopped: 0.0002698 seconds, Stopping threads took: 0.0000342 seconds
2016-06-26T19:43:39.110+0300: 48.346: [GC pause (G1 Humongous Allocation) (young) (initial-mark)
Desired survivor size 102760448 bytes, new threshold 15 (max 15)
- age   1:     570264 bytes,     570264 total
- age   2:         96 bytes,     570360 total
- age   3:      13544 bytes,     583904 total
- age   5:       6536 bytes,     590440 total
- age   7:       2168 bytes,     592608 total
- age   9:       1952 bytes,     594560 total
- age  11:        248 bytes,     594808 total
- age  13:        408 bytes,     595216 total
, 0.0032737 secs]
   [Parallel Time: 1.7 ms, GC Workers: 4]
      [GC Worker Start (ms): Min: 48347.2, Avg: 48347.3, Max: 48347.3, Diff: 0.0]
      [Ext Root Scanning (ms): Min: 0.4, Avg: 0.4, Max: 0.4, Diff: 0.0, Sum: 1.4]
      [Update RS (ms): Min: 0.4, Avg: 0.4, Max: 0.5, Diff: 0.2, Sum: 1.7]
         [Processed Buffers: Min: 4, Avg: 5.3, Max: 7, Diff: 3, Sum: 21]
      [Scan RS (ms): Min: 0.0, Avg: 0.0, Max: 0.0, Diff: 0.0, Sum: 0.0]
      [Code Root Scanning (ms): Min: 0.0, Avg: 0.0, Max: 0.0, Diff: 0.0, Sum: 0.0]
      [Object Copy (ms): Min: 0.8, Avg: 0.9, Max: 0.9, Diff: 0.1, Sum: 3.5]
      [Termination (ms): Min: 0.0, Avg: 0.0, Max: 0.0, Diff: 0.0, Sum: 0.0]
         [Termination Attempts: Min: 1, Avg: 1.0, Max: 1, Diff: 0, Sum: 4]
      [GC Worker Other (ms): Min: 0.0, Avg: 0.0, Max: 0.0, Diff: 0.0, Sum: 0.0]
      [GC Worker Total (ms): Min: 1.7, Avg: 1.7, Max: 1.7, Diff: 0.0, Sum: 6.7]
      [GC Worker End (ms): Min: 48348.9, Avg: 48348.9, Max: 48348.9, Diff: 0.0]
   [Code Root Fixup: 0.0 ms]
   [Code Root Purge: 0.0 ms]
   [Clear CT: 0.0 ms]
   [Other: 1.5 ms]
      [Choose CSet: 0.0 ms]
      [Ref Proc: 0.0 ms]
      [Ref Enq: 0.0 ms]
      [Redirty Cards: 0.0 ms]
      [Humongous Register: 0.6 ms]
      [Humongous Reclaim: 0.2 ms]
      [Free CSet: 0.0 ms]
   [Eden: 1024.0K(1567.0M)->0.0B(1563.0M) Survivors: 1024.0K->1024.0K Heap: 2972.7M(5120.0M)->2972.5M(5120.0M)]
 [Times: user=0.00 sys=0.00, real=0.00 secs] 
2016-06-26T19:43:39.113+0300: 48.350: 2016-06-26T19:43:39.113+0300: 48.350: Total time for which application threads were stopped: 0.0037980 seconds, Stopping threads took: 0.0000590 seconds
[GC concurrent-root-region-scan-start]
2016-06-26T19:43:39.115+0300: 48.352: [GC concurrent-root-region-scan-end, 0.0021558 secs]
2016-06-26T19:43:39.115+0300: 48.352: [GC concurrent-mark-start]
2016-06-26T19:43:41.162+0300: 50.399: [GC concurrent-mark-end, 0.0035080 secs]
2016-06-26T19:43:42.228+0300: 51.464: [GC remark 2016-06-26T19:43:42.228+0300: 51.464: [Finalize Marking, 0.0065033 secs] 2016-06-26T19:43:42.234+0300: 51.471: [GC ref-proc, 0.0000727 secs] 2016-06-26T19:43:42.234+0300: 51.471: [Unloading, 0.0018402 secs], 0.0298999 secs]
 [Times: user=0.08 sys=0.00, real=0.03 secs] 
2016-06-26T19:43:42.258+0300: 51.494: Total time for which application threads were stopped: 0.0401020 seconds, Stopping threads took: 0.0096752 seconds
2016-06-26T19:43:42.309+0300: 51.546: [GC pause (G1 Humongous Allocation) (young)
Desired survivor size 102760448 bytes, new threshold 15 (max 15)
- age   1:         40 bytes,         40 total
- age   2:     569416 bytes,     569456 total
- age   3:         96 bytes,     569552 total
- age   4:      13544 bytes,     583096 total
- age   6:       6536 bytes,     589632 total
- age   8:       2168 bytes,     591800 total
- age  10:       1952 bytes,     593752 total
- age  12:        248 bytes,     594000 total
- age  14:        408 bytes,     594408 total
, 0.0067651 secs]
   [Parallel Time: 3.5 ms, GC Workers: 4]
      [GC Worker Start (ms): Min: 51546.6, Avg: 51546.7, Max: 51547.0, Diff: 0.4]
      [Ext Root Scanning (ms): Min: 0.1, Avg: 0.3, Max: 0.4, Diff: 0.4, Sum: 1.3]
      [Update RS (ms): Min: 2.1, Avg: 2.1, Max: 2.2, Diff: 0.1, Sum: 8.5]
         [Processed Buffers: Min: 33, Avg: 35.8, Max: 40, Diff: 7, Sum: 143]
      [Scan RS (ms): Min: 0.0, Avg: 0.1, Max: 0.1, Diff: 0.1, Sum: 0.2]
      [Code Root Scanning (ms): Min: 0.0, Avg: 0.0, Max: 0.0, Diff: 0.0, Sum: 0.0]
      [Object Copy (ms): Min: 0.7, Avg: 0.8, Max: 0.9, Diff: 0.2, Sum: 3.4]
      [Termination (ms): Min: 0.0, Avg: 0.0, Max: 0.0, Diff: 0.0, Sum: 0.0]
         [Termination Attempts: Min: 1, Avg: 1.0, Max: 1, Diff: 0, Sum: 4]
      [GC Worker Other (ms): Min: 0.0, Avg: 0.0, Max: 0.0, Diff: 0.0, Sum: 0.0]
      [GC Worker Total (ms): Min: 3.1, Avg: 3.4, Max: 3.5, Diff: 0.4, Sum: 13.5]
      [GC Worker End (ms): Min: 51550.1, Avg: 51550.1, Max: 51550.1, Diff: 0.0]
   [Code Root Fixup: 0.0 ms]
   [Code Root Purge: 0.0 ms]
   [Clear CT: 0.0 ms]
   [Other: 3.2 ms]
      [Choose CSet: 0.0 ms]
      [Ref Proc: 0.0 ms]
      [Ref Enq: 0.0 ms]
      [Redirty Cards: 0.0 ms]
      [Humongous Register: 0.8 ms]
      [Humongous Reclaim: 2.1 ms]
      [Free CSet: 0.1 ms]
   [Eden: 62.0M(1563.0M)->0.0B(923.0M) Survivors: 1024.0K->1024.0K Heap: 4977.3M(5120.0M)->3597.5M(5120.0M)]
 [Times: user=0.06 sys=0.00, real=0.01 secs] 
2016-06-26T19:43:42.316+0300: 51.553: Total time for which application threads were stopped: 0.0075844 seconds, Stopping threads took: 0.0000607 seconds
2016-06-26T19:43:42.669+0300: 51.906: [GC cleanup 3835M->3835M(5120M), 0.0022999 secs]
 [Times: user=0.06 sys=0.00, real=0.00 secs] 
2016-06-26T19:43:42.672+0300: 51.909: Total time for which application threads were stopped: 0.0093575 seconds, Stopping threads took: 0.0067557 seconds
2016-06-26T19:43:43.240+0300: 52.477: Total time for which application threads were stopped: 0.0077021 seconds, Stopping threads took: 0.0070349 seconds
2016-06-26T19:43:43.353+0300: 52.590: Total time for which application threads were stopped: 0.0045370 seconds, Stopping threads took: 0.0043847 seconds
2016-06-26T19:43:43.354+0300: 52.591: Total time for which application threads were stopped: 0.0001924 seconds, Stopping threads took: 0.0000526 seconds
2016-06-26T19:43:43.355+0300: 52.591: Total time for which application threads were stopped: 0.0001895 seconds, Stopping threads took: 0.0000590 seconds
2016-06-26T19:43:44.662+0300: 53.898: [GC pause (G1 Humongous Allocation) (young)
Desired survivor size 60817408 bytes, new threshold 15 (max 15)
- age   1:      34128 bytes,      34128 total
- age   3:     560352 bytes,     594480 total
- age   5:       6672 bytes,     601152 total
- age   7:       3744 bytes,     604896 total
- age   9:        976 bytes,     605872 total
- age  11:        744 bytes,     606616 total
- age  13:        120 bytes,     606736 total
- age  15:        328 bytes,     607064 total
, 0.0590774 secs]
   [Parallel Time: 51.0 ms, GC Workers: 4]
      [GC Worker Start (ms): Min: 53904.2, Avg: 53904.2, Max: 53904.2, Diff: 0.0]
      [Ext Root Scanning (ms): Min: 0.5, Avg: 0.5, Max: 0.5, Diff: 0.0, Sum: 1.9]
      [Update RS (ms): Min: 49.4, Avg: 49.4, Max: 49.5, Diff: 0.1, Sum: 197.7]
         [Processed Buffers: Min: 516, Avg: 521.3, Max: 527, Diff: 11, Sum: 2085]
      [Scan RS (ms): Min: 0.0, Avg: 0.0, Max: 0.1, Diff: 0.1, Sum: 0.2]
      [Code Root Scanning (ms): Min: 0.0, Avg: 0.0, Max: 0.0, Diff: 0.0, Sum: 0.0]
      [Object Copy (ms): Min: 1.0, Avg: 1.0, Max: 1.1, Diff: 0.1, Sum: 4.2]
      [Termination (ms): Min: 0.0, Avg: 0.0, Max: 0.0, Diff: 0.0, Sum: 0.0]
         [Termination Attempts: Min: 1, Avg: 1.0, Max: 1, Diff: 0, Sum: 4]
      [GC Worker Other (ms): Min: 0.0, Avg: 0.0, Max: 0.0, Diff: 0.0, Sum: 0.1]
      [GC Worker Total (ms): Min: 51.0, Avg: 51.0, Max: 51.0, Diff: 0.0, Sum: 204.1]
      [GC Worker End (ms): Min: 53955.2, Avg: 53955.2, Max: 53955.2, Diff: 0.0]
   [Code Root Fixup: 0.0 ms]
   [Code Root Purge: 0.0 ms]
   [Clear CT: 0.1 ms]
   [Other: 8.0 ms]
      [Choose CSet: 0.0 ms]
      [Ref Proc: 0.0 ms]
      [Ref Enq: 0.0 ms]
      [Redirty Cards: 0.0 ms]
      [Humongous Register: 0.8 ms]
      [Humongous Reclaim: 1.9 ms]
      [Free CSet: 0.1 ms]
   [Eden: 61.0M(923.0M)->0.0B(923.0M) Survivors: 1024.0K->1024.0K Heap: 4975.9M(5120.0M)->3597.5M(5120.0M)]
 [Times: user=0.25 sys=0.00, real=0.06 secs] 
2016-06-26T19:43:44.721+0300: 53.958: Total time for which application threads were stopped: 0.0665220 seconds, Stopping threads took: 0.0064764 seconds
2016-06-26T19:43:44.722+0300: 53.958: [GC pause (G1 Humongous Allocation) (young) (initial-mark)
Desired survivor size 60817408 bytes, new threshold 15 (max 15)
- age   1:     124736 bytes,     124736 total
- age   2:      16920 bytes,     141656 total
- age   4:     550408 bytes,     692064 total
- age   6:       3848 bytes,     695912 total
- age   8:       2128 bytes,     698040 total
- age  10:        688 bytes,     698728 total
- age  12:        176 bytes,     698904 total
, 0.0033327 secs]
   [Parallel Time: 1.7 ms, GC Workers: 4]
      [GC Worker Start (ms): Min: 53959.3, Avg: 53959.3, Max: 53959.3, Diff: 0.0]
      [Ext Root Scanning (ms): Min: 0.4, Avg: 0.5, Max: 0.5, Diff: 0.0, Sum: 1.9]
      [Update RS (ms): Min: 0.0, Avg: 0.0, Max: 0.1, Diff: 0.1, Sum: 0.1]
         [Processed Buffers: Min: 0, Avg: 1.3, Max: 5, Diff: 5, Sum: 5]
      [Scan RS (ms): Min: 0.0, Avg: 0.0, Max: 0.0, Diff: 0.0, Sum: 0.0]
      [Code Root Scanning (ms): Min: 0.0, Avg: 0.0, Max: 0.0, Diff: 0.0, Sum: 0.0]
      [Object Copy (ms): Min: 1.1, Avg: 1.2, Max: 1.2, Diff: 0.2, Sum: 4.7]
      [Termination (ms): Min: 0.0, Avg: 0.0, Max: 0.0, Diff: 0.0, Sum: 0.0]
         [Termination Attempts: Min: 1, Avg: 1.3, Max: 2, Diff: 1, Sum: 5]
      [GC Worker Other (ms): Min: 0.0, Avg: 0.0, Max: 0.0, Diff: 0.0, Sum: 0.0]
      [GC Worker Total (ms): Min: 1.7, Avg: 1.7, Max: 1.7, Diff: 0.0, Sum: 6.9]
      [GC Worker End (ms): Min: 53961.0, Avg: 53961.0, Max: 53961.0, Diff: 0.0]
   [Code Root Fixup: 0.0 ms]
   [Code Root Purge: 0.0 ms]
   [Clear CT: 0.0 ms]
   [Other: 1.6 ms]
      [Choose CSet: 0.0 ms]
      [Ref Proc: 0.1 ms]
      [Ref Enq: 0.0 ms]
      [Redirty Cards: 0.0 ms]
      [Humongous Register: 0.6 ms]
      [Humongous Reclaim: 0.3 ms]
      [Free CSet: 0.0 ms]
   [Eden: 1024.0K(923.0M)->0.0B(921.0M) Survivors: 1024.0K->1024.0K Heap: 3599.9M(5120.0M)->3599.5M(5120.0M)]
 [Times: user=0.00 sys=0.00, real=0.00 secs] 
2016-06-26T19:43:44.725+0300: 53.962: [GC concurrent-root-region-scan-start]
2016-06-26T19:43:44.725+0300: 53.962: Total time for which application threads were stopped: 0.0040879 seconds, Stopping threads took: 0.0001770 seconds
2016-06-26T19:43:44.728+0300: 53.964: [GC concurrent-root-region-scan-end, 0.0023264 secs]
2016-06-26T19:43:44.728+0300: 53.964: [GC concurrent-mark-start]
2016-06-26T19:43:44.732+0300: 53.968: [GC concurrent-mark-end, 0.0036470 secs]
2016-06-26T19:43:44.763+0300: 54.000: [GC remark 2016-06-26T19:43:44.763+0300: 54.000: [Finalize Marking, 0.0003477 secs] 2016-06-26T19:43:44.763+0300: 54.000: [GC ref-proc, 0.0000659 secs] 2016-06-26T19:43:44.763+0300: 54.000: [Unloading, 0.0011085 secs], 0.0220738 secs]
 [Times: user=0.08 sys=0.00, real=0.02 secs] 
2016-06-26T19:43:44.785+0300: 54.022: Total time for which application threads were stopped: 0.0231404 seconds, Stopping threads took: 0.0005380 seconds
2016-06-26T19:43:44.788+0300: 54.025: [GC cleanup 3624M->3624M(5120M), 0.0023397 secs]
 [Times: user=0.00 sys=0.00, real=0.00 secs] 
2016-06-26T19:43:44.790+0300: 54.027: Total time for which application threads were stopped: 0.0028212 seconds, Stopping threads took: 0.0000594 seconds
2016-06-26T19:43:46.870+0300: 56.107: [GC pause (G1 Humongous Allocation) (young)
Desired survivor size 60817408 bytes, new threshold 15 (max 15)
- age   1:         48 bytes,         48 total
- age   2:     124736 bytes,     124784 total
- age   3:      16920 bytes,     141704 total
- age   5:     550408 bytes,     692112 total
- age   7:       3848 bytes,     695960 total
- age   9:       2128 bytes,     698088 total
- age  11:        688 bytes,     698776 total
- age  13:        176 bytes,     698952 total
, 0.0597702 secs]
   [Parallel Time: 51.8 ms, GC Workers: 4]
      [GC Worker Start (ms): Min: 56112.8, Avg: 56113.0, Max: 56113.6, Diff: 0.8]
      [Ext Root Scanning (ms): Min: 0.0, Avg: 0.4, Max: 0.5, Diff: 0.5, Sum: 1.5]
      [Update RS (ms): Min: 49.7, Avg: 49.8, Max: 49.8, Diff: 0.1, Sum: 199.1]
         [Processed Buffers: Min: 512, Avg: 521.0, Max: 527, Diff: 15, Sum: 2084]
      [Scan RS (ms): Min: 0.0, Avg: 0.0, Max: 0.1, Diff: 0.1, Sum: 0.1]
      [Code Root Scanning (ms): Min: 0.0, Avg: 0.0, Max: 0.0, Diff: 0.0, Sum: 0.1]
      [Object Copy (ms): Min: 1.2, Avg: 1.4, Max: 1.5, Diff: 0.3, Sum: 5.6]
      [Termination (ms): Min: 0.0, Avg: 0.0, Max: 0.0, Diff: 0.0, Sum: 0.0]
         [Termination Attempts: Min: 1, Avg: 3.0, Max: 5, Diff: 4, Sum: 12]
      [GC Worker Other (ms): Min: 0.0, Avg: 0.0, Max: 0.0, Diff: 0.0, Sum: 0.1]
      [GC Worker Total (ms): Min: 51.0, Avg: 51.6, Max: 51.8, Diff: 0.8, Sum: 206.4]
      [GC Worker End (ms): Min: 56164.6, Avg: 56164.6, Max: 56164.6, Diff: 0.0]
   [Code Root Fixup: 0.0 ms]
   [Code Root Purge: 0.0 ms]
   [Clear CT: 0.0 ms]
   [Other: 7.9 ms]
      [Choose CSet: 0.0 ms]
      [Ref Proc: 0.1 ms]
      [Ref Enq: 0.0 ms]
      [Redirty Cards: 0.0 ms]
      [Humongous Register: 0.8 ms]
      [Humongous Reclaim: 1.7 ms]
      [Free CSet: 0.1 ms]
   [Eden: 63.0M(921.0M)->0.0B(711.0M) Survivors: 1024.0K->2048.0K Heap: 4979.0M(5120.0M)->3803.2M(5120.0M)]
 [Times: user=0.20 sys=0.00, real=0.06 secs] 
2016-06-26T19:43:46.930+0300: 56.167: Total time for which application threads were stopped: 0.0673072 seconds, Stopping threads took: 0.0066214 seconds
2016-06-26T19:43:46.931+0300: 56.167: Total time for which application threads were stopped: 0.0004114 seconds, Stopping threads took: 0.0001304 seconds
2016-06-26T19:43:46.932+0300: 56.169: [GC pause (G1 Humongous Allocation) (young) (initial-mark)
Desired survivor size 47185920 bytes, new threshold 15 (max 15)
- age   1:     336152 bytes,     336152 total
- age   2:         24 bytes,     336176 total
- age   3:     118896 bytes,     455072 total
- age   4:      12520 bytes,     467592 total
- age   6:     545400 bytes,    1012992 total
- age   8:       1536 bytes,    1014528 total
- age  10:        416 bytes,    1014944 total
, 0.0035867 secs]
   [Parallel Time: 1.9 ms, GC Workers: 4]
      [GC Worker Start (ms): Min: 56169.9, Avg: 56169.9, Max: 56170.0, Diff: 0.0]
      [Ext Root Scanning (ms): Min: 0.4, Avg: 0.4, Max: 0.5, Diff: 0.1, Sum: 1.7]
      [Update RS (ms): Min: 0.0, Avg: 0.0, Max: 0.1, Diff: 0.1, Sum: 0.2]
         [Processed Buffers: Min: 0, Avg: 1.5, Max: 3, Diff: 3, Sum: 6]
      [Scan RS (ms): Min: 0.0, Avg: 0.0, Max: 0.0, Diff: 0.0, Sum: 0.0]
      [Code Root Scanning (ms): Min: 0.0, Avg: 0.0, Max: 0.0, Diff: 0.0, Sum: 0.0]
      [Object Copy (ms): Min: 1.2, Avg: 1.4, Max: 1.4, Diff: 0.2, Sum: 5.5]
      [Termination (ms): Min: 0.0, Avg: 0.0, Max: 0.0, Diff: 0.0, Sum: 0.0]
         [Termination Attempts: Min: 1, Avg: 1.5, Max: 3, Diff: 2, Sum: 6]
      [GC Worker Other (ms): Min: 0.0, Avg: 0.0, Max: 0.0, Diff: 0.0, Sum: 0.1]
      [GC Worker Total (ms): Min: 1.8, Avg: 1.9, Max: 1.9, Diff: 0.0, Sum: 7.4]
      [GC Worker End (ms): Min: 56171.8, Avg: 56171.8, Max: 56171.8, Diff: 0.0]
   [Code Root Fixup: 0.0 ms]
   [Code Root Purge: 0.0 ms]
   [Clear CT: 0.0 ms]
   [Other: 1.6 ms]
      [Choose CSet: 0.0 ms]
      [Ref Proc: 0.1 ms]
      [Ref Enq: 0.0 ms]
      [Redirty Cards: 0.0 ms]
      [Humongous Register: 0.7 ms]
      [Humongous Reclaim: 0.3 ms]
      [Free CSet: 0.0 ms]
   [Eden: 1024.0K(711.0M)->0.0B(709.0M) Survivors: 2048.0K->2048.0K Heap: 3805.6M(5120.0M)->3805.1M(5120.0M)]
 [Times: user=0.02 sys=0.00, real=0.00 secs] 
2016-06-26T19:43:46.936+0300: 56.173: [GC concurrent-root-region-scan-start]
2016-06-26T19:43:46.936+0300: 56.173: Total time for which application threads were stopped: 0.0043634 seconds, Stopping threads took: 0.0001463 seconds
2016-06-26T19:43:46.939+0300: 56.176: [GC concurrent-root-region-scan-end, 0.0031351 secs]
2016-06-26T19:43:46.939+0300: 56.176: [GC concurrent-mark-start]
2016-06-26T19:43:46.943+0300: 56.180: [GC concurrent-mark-end, 0.0034743 secs]
2016-06-26T19:43:46.949+0300: 56.186: [GC remark 2016-06-26T19:43:46.949+0300: 56.186: [Finalize Marking, 0.0002202 secs] 2016-06-26T19:43:46.949+0300: 56.186: [GC ref-proc, 0.0001001 secs] 2016-06-26T19:43:46.950+0300: 56.186: [Unloading, 0.0011341 secs], 0.0224899 secs]
 [Times: user=0.13 sys=0.00, real=0.02 secs] 
2016-06-26T19:43:46.972+0300: 56.208: Total time for which application threads were stopped: 0.0229347 seconds, Stopping threads took: 0.0000659 seconds
2016-06-26T19:43:47.749+0300: 56.985: Total time for which application threads were stopped: 0.0067911 seconds, Stopping threads took: 0.0065012 seconds
2016-06-26T19:43:48.787+0300: 58.023: [GC cleanup 4977M->4977M(5120M), 0.0020502 secs]
 [Times: user=0.00 sys=0.00, real=0.00 secs] 
2016-06-26T19:43:48.789+0300: 58.025: Total time for which application threads were stopped: 0.0082003 seconds, Stopping threads took: 0.0057485 seconds
2016-06-26T19:43:48.876+0300: 58.112: Total time for which application threads were stopped: 0.0034820 seconds, Stopping threads took: 0.0032275 seconds
2016-06-26T19:43:48.999+0300: 58.236: [GC pause (G1 Humongous Allocation) (young)
Desired survivor size 46661632 bytes, new threshold 15 (max 15)
- age   1:         40 bytes,         40 total
- age   2:     336088 bytes,     336128 total
- age   3:         24 bytes,     336152 total
- age   4:     118896 bytes,     455048 total
- age   5:      12520 bytes,     467568 total
- age   7:     545400 bytes,    1012968 total
- age   9:       1536 bytes,    1014504 total
- age  11:        416 bytes,    1014920 total
, 0.0569896 secs]
   [Parallel Time: 49.0 ms, GC Workers: 4]
      [GC Worker Start (ms): Min: 58241.3, Avg: 58241.3, Max: 58241.3, Diff: 0.0]
      [Ext Root Scanning (ms): Min: 0.4, Avg: 0.4, Max: 0.5, Diff: 0.1, Sum: 1.7]
      [Update RS (ms): Min: 46.8, Avg: 46.8, Max: 46.9, Diff: 0.1, Sum: 187.2]
         [Processed Buffers: Min: 465, Avg: 483.0, Max: 493, Diff: 28, Sum: 1932]
      [Scan RS (ms): Min: 0.0, Avg: 0.0, Max: 0.1, Diff: 0.1, Sum: 0.1]
      [Code Root Scanning (ms): Min: 0.0, Avg: 0.0, Max: 0.1, Diff: 0.1, Sum: 0.2]
      [Object Copy (ms): Min: 1.5, Avg: 1.6, Max: 1.7, Diff: 0.2, Sum: 6.5]
      [Termination (ms): Min: 0.0, Avg: 0.0, Max: 0.0, Diff: 0.0, Sum: 0.0]
         [Termination Attempts: Min: 1, Avg: 1.3, Max: 2, Diff: 1, Sum: 5]
      [GC Worker Other (ms): Min: 0.0, Avg: 0.0, Max: 0.0, Diff: 0.0, Sum: 0.0]
      [GC Worker Total (ms): Min: 48.9, Avg: 48.9, Max: 48.9, Diff: 0.0, Sum: 195.7]
      [GC Worker End (ms): Min: 58290.3, Avg: 58290.3, Max: 58290.3, Diff: 0.0]
   [Code Root Fixup: 0.0 ms]
   [Code Root Purge: 0.0 ms]
   [Clear CT: 0.0 ms]
   [Other: 7.9 ms]
      [Choose CSet: 0.0 ms]
      [Ref Proc: 0.1 ms]
      [Ref Enq: 0.0 ms]
      [Redirty Cards: 0.0 ms]
      [Humongous Register: 0.8 ms]
      [Humongous Reclaim: 2.3 ms]
      [Free CSet: 0.1 ms]
   [Eden: 62.0M(709.0M)->0.0B(1219.0M) Survivors: 2048.0K->2048.0K Heap: 4980.4M(5120.0M)->3307.3M(5120.0M)]
 [Times: user=0.19 sys=0.00, real=0.06 secs] 
2016-06-26T19:43:49.057+0300: 58.293: Total time for which application threads were stopped: 0.0577372 seconds, Stopping threads took: 0.0000586 seconds
2016-06-26T19:43:49.065+0300: 58.302: [GC pause (G1 Humongous Allocation) (young) (initial-mark)
Desired survivor size 80216064 bytes, new threshold 15 (max 15)
- age   1:     211152 bytes,     211152 total
- age   2:         16 bytes,     211168 total
- age   3:     327320 bytes,     538488 total
- age   4:         24 bytes,     538512 total
- age   5:     114352 bytes,     652864 total
- age   6:       6376 bytes,     659240 total
- age   8:     543696 bytes,    1202936 total
- age  10:        520 bytes,    1203456 total
, 0.0044446 secs]
   [Parallel Time: 2.7 ms, GC Workers: 4]
      [GC Worker Start (ms): Min: 58302.5, Avg: 58302.5, Max: 58302.5, Diff: 0.0]
      [Ext Root Scanning (ms): Min: 0.4, Avg: 0.5, Max: 0.6, Diff: 0.1, Sum: 1.9]
      [Update RS (ms): Min: 0.3, Avg: 0.4, Max: 0.5, Diff: 0.1, Sum: 1.7]
         [Processed Buffers: Min: 4, Avg: 4.8, Max: 6, Diff: 2, Sum: 19]
      [Scan RS (ms): Min: 0.0, Avg: 0.0, Max: 0.0, Diff: 0.0, Sum: 0.0]
      [Code Root Scanning (ms): Min: 0.0, Avg: 0.0, Max: 0.2, Diff: 0.2, Sum: 0.2]
      [Object Copy (ms): Min: 1.4, Avg: 1.7, Max: 1.8, Diff: 0.4, Sum: 6.8]
      [Termination (ms): Min: 0.0, Avg: 0.0, Max: 0.0, Diff: 0.0, Sum: 0.0]
         [Termination Attempts: Min: 1, Avg: 1.0, Max: 1, Diff: 0, Sum: 4]
      [GC Worker Other (ms): Min: 0.0, Avg: 0.0, Max: 0.0, Diff: 0.0, Sum: 0.0]
      [GC Worker Total (ms): Min: 2.6, Avg: 2.6, Max: 2.7, Diff: 0.0, Sum: 10.6]
      [GC Worker End (ms): Min: 58305.1, Avg: 58305.1, Max: 58305.1, Diff: 0.0]
   [Code Root Fixup: 0.0 ms]
   [Code Root Purge: 0.0 ms]
   [Clear CT: 0.0 ms]
   [Other: 1.7 ms]
      [Choose CSet: 0.0 ms]
      [Ref Proc: 0.1 ms]
      [Ref Enq: 0.0 ms]
      [Redirty Cards: 0.0 ms]
      [Humongous Register: 0.6 ms]
      [Humongous Reclaim: 0.3 ms]
      [Free CSet: 0.0 ms]
   [Eden: 1024.0K(1219.0M)->0.0B(1217.0M) Survivors: 2048.0K->2048.0K Heap: 3309.8M(5120.0M)->3309.4M(5120.0M)]
 [Times: user=0.00 sys=0.00, real=0.00 secs] 
2016-06-26T19:43:49.069+0300: 58.306: [GC concurrent-root-region-scan-start]
2016-06-26T19:43:49.070+0300: 58.306: Total time for which application threads were stopped: 0.0049386 seconds, Stopping threads took: 0.0000714 seconds
2016-06-26T19:43:49.073+0300: 58.310: [GC concurrent-root-region-scan-end, 0.0034918 secs]
2016-06-26T19:43:49.073+0300: 58.310: [GC concurrent-mark-start]
2016-06-26T19:43:49.080+0300: 58.317: [GC concurrent-mark-end, 0.0066821 secs]
2016-06-26T19:43:49.092+0300: 58.329: Total time for which application threads were stopped: 0.0002066 seconds, Stopping threads took: 0.0000565 seconds
2016-06-26T19:43:49.092+0300: 58.329: Total time for which application threads were stopped: 0.0001514 seconds, Stopping threads took: 0.0000368 seconds
2016-06-26T19:43:49.094+0300: 58.330: Total time for which application threads were stopped: 0.0002078 seconds, Stopping threads took: 0.0000607 seconds
2016-06-26T19:43:49.094+0300: 58.331: Total time for which application threads were stopped: 0.0001411 seconds, Stopping threads took: 0.0000385 seconds
2016-06-26T19:43:49.095+0300: 58.331: Total time for which application threads were stopped: 0.0001646 seconds, Stopping threads took: 0.0000398 seconds
2016-06-26T19:43:49.095+0300: 58.331: Total time for which application threads were stopped: 0.0001373 seconds, Stopping threads took: 0.0000312 seconds
2016-06-26T19:43:49.095+0300: 58.332: Total time for which application threads were stopped: 0.0001386 seconds, Stopping threads took: 0.0000304 seconds
2016-06-26T19:43:49.095+0300: 58.332: Total time for which application threads were stopped: 0.0002249 seconds, Stopping threads took: 0.0001257 seconds
2016-06-26T19:43:49.096+0300: 58.333: Total time for which application threads were stopped: 0.0001621 seconds, Stopping threads took: 0.0000428 seconds
2016-06-26T19:43:49.100+0300: 58.337: Total time for which application threads were stopped: 0.0002168 seconds, Stopping threads took: 0.0000590 seconds
2016-06-26T19:43:49.101+0300: 58.337: Total time for which application threads were stopped: 0.0001668 seconds, Stopping threads took: 0.0000398 seconds
2016-06-26T19:43:49.101+0300: 58.338: Total time for which application threads were stopped: 0.0001227 seconds, Stopping threads took: 0.0000192 seconds
2016-06-26T19:43:49.101+0300: 58.338: Total time for which application threads were stopped: 0.0001398 seconds, Stopping threads took: 0.0000338 seconds
2016-06-26T19:43:49.106+0300: 58.342: Total time for which application threads were stopped: 0.0020344 seconds, Stopping threads took: 0.0018295 seconds
2016-06-26T19:43:49.106+0300: 58.343: Total time for which application threads were stopped: 0.0002489 seconds, Stopping threads took: 0.0001026 seconds
2016-06-26T19:43:49.107+0300: 58.343: Total time for which application threads were stopped: 0.0001813 seconds, Stopping threads took: 0.0000440 seconds
2016-06-26T19:43:49.115+0300: 58.352: Total time for which application threads were stopped: 0.0005765 seconds, Stopping threads took: 0.0004058 seconds
2016-06-26T19:43:49.118+0300: 58.355: Total time for which application threads were stopped: 0.0023307 seconds, Stopping threads took: 0.0021669 seconds
2016-06-26T19:43:49.118+0300: 58.355: Total time for which application threads were stopped: 0.0001608 seconds, Stopping threads took: 0.0000462 seconds
2016-06-26T19:43:49.118+0300: 58.355: Total time for which application threads were stopped: 0.0001655 seconds, Stopping threads took: 0.0000364 seconds
2016-06-26T19:43:49.119+0300: 58.355: Total time for which application threads were stopped: 0.0001219 seconds, Stopping threads took: 0.0000163 seconds
2016-06-26T19:43:49.119+0300: 58.356: Total time for which application threads were stopped: 0.0001364 seconds, Stopping threads took: 0.0000269 seconds
2016-06-26T19:43:49.119+0300: 58.356: Total time for which application threads were stopped: 0.0001552 seconds, Stopping threads took: 0.0000415 seconds
2016-06-26T19:43:49.119+0300: 58.356: Total time for which application threads were stopped: 0.0001527 seconds, Stopping threads took: 0.0000389 seconds
2016-06-26T19:43:49.136+0300: 58.373: Total time for which application threads were stopped: 0.0003246 seconds, Stopping threads took: 0.0001484 seconds
2016-06-26T19:43:49.167+0300: 58.404: [GC remark 2016-06-26T19:43:49.167+0300: 58.404: [Finalize Marking, 0.0005282 secs] 2016-06-26T19:43:49.168+0300: 58.404: [GC ref-proc, 0.0000958 secs] 2016-06-26T19:43:49.168+0300: 58.404: [Unloading, 0.0012291 secs], 0.0200433 secs]
 [Times: user=0.13 sys=0.00, real=0.02 secs] 
2016-06-26T19:43:49.187+0300: 58.424: Total time for which application threads were stopped: 0.0203824 seconds, Stopping threads took: 0.0000727 seconds
2016-06-26T19:43:49.200+0300: 58.437: Total time for which application threads were stopped: 0.0002793 seconds, Stopping threads took: 0.0000731 seconds
2016-06-26T19:43:49.241+0300: 58.478: Total time for which application threads were stopped: 0.0012188 seconds, Stopping threads took: 0.0004409 seconds
2016-06-26T19:43:49.249+0300: 58.485: Total time for which application threads were stopped: 0.0002070 seconds, Stopping threads took: 0.0000547 seconds
2016-06-26T19:43:49.249+0300: 58.486: Total time for which application threads were stopped: 0.0001480 seconds, Stopping threads took: 0.0000449 seconds
2016-06-26T19:43:49.249+0300: 58.486: Total time for which application threads were stopped: 0.0003015 seconds, Stopping threads took: 0.0001847 seconds
2016-06-26T19:43:49.249+0300: 58.486: Total time for which application threads were stopped: 0.0001565 seconds, Stopping threads took: 0.0000517 seconds
2016-06-26T19:43:49.250+0300: 58.487: Total time for which application threads were stopped: 0.0005525 seconds, Stopping threads took: 0.0004379 seconds
2016-06-26T19:43:49.250+0300: 58.487: Total time for which application threads were stopped: 0.0003028 seconds, Stopping threads took: 0.0001912 seconds
2016-06-26T19:43:49.257+0300: 58.494: Total time for which application threads were stopped: 0.0009028 seconds, Stopping threads took: 0.0007467 seconds
2016-06-26T19:43:49.258+0300: 58.495: Total time for which application threads were stopped: 0.0002519 seconds, Stopping threads took: 0.0001039 seconds
2016-06-26T19:43:49.262+0300: 58.499: Total time for which application threads were stopped: 0.0006462 seconds, Stopping threads took: 0.0000582 seconds
2016-06-26T19:43:49.387+0300: 58.623: [GC cleanup 3450M->3450M(5120M), 0.0023089 secs]
 [Times: user=0.06 sys=0.00, real=0.00 secs] 
2016-06-26T19:43:49.389+0300: 58.626: Total time for which application threads were stopped: 0.0056788 seconds, Stopping threads took: 0.0031159 seconds
2016-06-26T19:43:51.676+0300: 60.912: [GC pause (G1 Humongous Allocation) (young)
Desired survivor size 80216064 bytes, new threshold 15 (max 15)
- age   1:         40 bytes,         40 total
- age   2:     211104 bytes,     211144 total
- age   3:         16 bytes,     211160 total
- age   4:     327320 bytes,     538480 total
- age   5:         24 bytes,     538504 total
- age   6:     114352 bytes,     652856 total
- age   7:       6376 bytes,     659232 total
- age   9:     543696 bytes,    1202928 total
- age  11:        520 bytes,    1203448 total
, 0.0639176 secs]
   [Parallel Time: 56.0 ms, GC Workers: 4]
      [GC Worker Start (ms): Min: 60918.0, Avg: 60918.1, Max: 60918.5, Diff: 0.5]
      [Ext Root Scanning (ms): Min: 0.3, Avg: 0.7, Max: 0.8, Diff: 0.5, Sum: 2.7]
      [Update RS (ms): Min: 53.1, Avg: 53.2, Max: 53.2, Diff: 0.1, Sum: 212.6]
         [Processed Buffers: Min: 426, Avg: 516.0, Max: 559, Diff: 133, Sum: 2064]
      [Scan RS (ms): Min: 0.0, Avg: 0.0, Max: 0.1, Diff: 0.1, Sum: 0.1]
      [Code Root Scanning (ms): Min: 0.0, Avg: 0.0, Max: 0.1, Diff: 0.1, Sum: 0.2]
      [Object Copy (ms): Min: 1.8, Avg: 1.9, Max: 2.0, Diff: 0.2, Sum: 7.6]
      [Termination (ms): Min: 0.0, Avg: 0.0, Max: 0.0, Diff: 0.0, Sum: 0.0]
         [Termination Attempts: Min: 1, Avg: 2.0, Max: 5, Diff: 4, Sum: 8]
      [GC Worker Other (ms): Min: 0.0, Avg: 0.0, Max: 0.0, Diff: 0.0, Sum: 0.1]
      [GC Worker Total (ms): Min: 55.5, Avg: 55.8, Max: 56.0, Diff: 0.5, Sum: 223.4]
      [GC Worker End (ms): Min: 60974.0, Avg: 60974.0, Max: 60974.0, Diff: 0.0]
   [Code Root Fixup: 0.0 ms]
   [Code Root Purge: 0.0 ms]
   [Clear CT: 0.0 ms]
   [Other: 7.8 ms]
      [Choose CSet: 0.0 ms]
      [Ref Proc: 0.1 ms]
      [Ref Enq: 0.0 ms]
      [Redirty Cards: 0.0 ms]
      [Humongous Register: 0.8 ms]
      [Humongous Reclaim: 1.8 ms]
      [Free CSet: 0.1 ms]
   [Eden: 62.0M(1217.0M)->0.0B(793.0M) Survivors: 2048.0K->3072.0K Heap: 4978.8M(5120.0M)->3686.8M(5120.0M)]
 [Times: user=0.23 sys=0.00, real=0.06 secs] 
2016-06-26T19:43:51.740+0300: 60.976: Total time for which application threads were stopped: 0.0681146 seconds, Stopping threads took: 0.0032767 seconds
2016-06-26T19:43:51.741+0300: 60.978: [GC pause (G1 Humongous Allocation) (young) (initial-mark)
Desired survivor size 52428800 bytes, new threshold 15 (max 15)
- age   1:     245096 bytes,     245096 total
- age   3:     204520 bytes,     449616 total
- age   4:         16 bytes,     449632 total
- age   5:     323816 bytes,     773448 total
- age   6:         24 bytes,     773472 total
- age   7:     110080 bytes,     883552 total
- age   8:       2840 bytes,     886392 total
- age  10:     541872 bytes,    1428264 total
- age  12:        152 bytes,    1428416 total
, 0.0049950 secs]
   [Parallel Time: 3.2 ms, GC Workers: 4]
      [GC Worker Start (ms): Min: 60978.9, Avg: 60978.9, Max: 60978.9, Diff: 0.0]
      [Ext Root Scanning (ms): Min: 0.5, Avg: 0.5, Max: 0.6, Diff: 0.1, Sum: 2.1]
      [Update RS (ms): Min: 0.4, Avg: 0.4, Max: 0.5, Diff: 0.1, Sum: 1.7]
         [Processed Buffers: Min: 4, Avg: 5.0, Max: 6, Diff: 2, Sum: 20]
      [Scan RS (ms): Min: 0.0, Avg: 0.0, Max: 0.0, Diff: 0.0, Sum: 0.0]
      [Code Root Scanning (ms): Min: 0.0, Avg: 0.3, Max: 1.1, Diff: 1.1, Sum: 1.3]
      [Object Copy (ms): Min: 0.9, Avg: 1.9, Max: 2.3, Diff: 1.4, Sum: 7.5]
      [Termination (ms): Min: 0.0, Avg: 0.0, Max: 0.0, Diff: 0.0, Sum: 0.0]
         [Termination Attempts: Min: 1, Avg: 1.3, Max: 2, Diff: 1, Sum: 5]
      [GC Worker Other (ms): Min: 0.0, Avg: 0.0, Max: 0.0, Diff: 0.0, Sum: 0.0]
      [GC Worker Total (ms): Min: 3.1, Avg: 3.1, Max: 3.2, Diff: 0.0, Sum: 12.6]
      [GC Worker End (ms): Min: 60982.1, Avg: 60982.1, Max: 60982.1, Diff: 0.0]
   [Code Root Fixup: 0.0 ms]
   [Code Root Purge: 0.0 ms]
   [Clear CT: 0.0 ms]
   [Other: 1.7 ms]
      [Choose CSet: 0.0 ms]
      [Ref Proc: 0.1 ms]
      [Ref Enq: 0.0 ms]
      [Redirty Cards: 0.0 ms]
      [Humongous Register: 0.6 ms]
      [Humongous Reclaim: 0.3 ms]
      [Free CSet: 0.0 ms]
   [Eden: 1024.0K(793.0M)->0.0B(800.0M) Survivors: 3072.0K->3072.0K Heap: 3689.2M(5120.0M)->3688.8M(5120.0M)]
 [Times: user=0.00 sys=0.00, real=0.01 secs] 
2016-06-26T19:43:51.747+0300: 60.983: [GC concurrent-root-region-scan-start]
2016-06-26T19:43:51.747+0300: 60.983: Total time for which application threads were stopped: 0.0057310 seconds, Stopping threads took: 0.0000885 seconds
2016-06-26T19:43:51.750+0300: 60.987: [GC concurrent-root-region-scan-end, 0.0036954 secs]
2016-06-26T19:43:51.750+0300: 60.987: [GC concurrent-mark-start]
2016-06-26T19:43:51.757+0300: 60.994: [GC concurrent-mark-end, 0.0036500 secs]
2016-06-26T19:43:51.784+0300: 61.021: [GC remark 2016-06-26T19:43:51.784+0300: 61.021: [Finalize Marking, 0.0002874 secs] 2016-06-26T19:43:51.784+0300: 61.021: [GC ref-proc, 0.0000881 secs] 2016-06-26T19:43:51.784+0300: 61.021: [Unloading, 0.0013163 secs], 0.0219399 secs]
 [Times: user=0.06 sys=0.00, real=0.02 secs] 
2016-06-26T19:43:51.806+0300: 61.043: Total time for which application threads were stopped: 0.0249267 seconds, Stopping threads took: 0.0026027 seconds
2016-06-26T19:43:51.808+0300: 61.045: [GC cleanup 3712M->3712M(5120M), 0.0023029 secs]
 [Times: user=0.02 sys=0.00, real=0.00 secs] 
2016-06-26T19:43:51.811+0300: 61.047: Total time for which application threads were stopped: 0.0027823 seconds, Stopping threads took: 0.0000530 seconds
2016-06-26T19:43:53.905+0300: 63.142: [GC pause (G1 Humongous Allocation) (young)
Desired survivor size 52953088 bytes, new threshold 15 (max 15)
- age   1:         40 bytes,         40 total
- age   2:     245032 bytes,     245072 total
- age   4:     204520 bytes,     449592 total
- age   5:         16 bytes,     449608 total
- age   6:     323816 bytes,     773424 total
- age   7:         24 bytes,     773448 total
- age   8:     110080 bytes,     883528 total
- age   9:       2840 bytes,     886368 total
- age  11:     541872 bytes,    1428240 total
- age  13:        152 bytes,    1428392 total
, 0.0873723 secs]
   [Parallel Time: 79.4 ms, GC Workers: 4]
      [GC Worker Start (ms): Min: 63147.7, Avg: 63154.1, Max: 63173.3, Diff: 25.5]
      [Ext Root Scanning (ms): Min: 0.0, Avg: 0.4, Max: 0.6, Diff: 0.6, Sum: 1.7]
      [Update RS (ms): Min: 52.2, Avg: 70.1, Max: 76.1, Diff: 24.0, Sum: 280.5]
         [Processed Buffers: Min: 333, Avg: 515.8, Max: 660, Diff: 327, Sum: 2063]
      [Scan RS (ms): Min: 0.0, Avg: 0.0, Max: 0.1, Diff: 0.0, Sum: 0.1]
      [Code Root Scanning (ms): Min: 0.0, Avg: 0.0, Max: 0.1, Diff: 0.1, Sum: 0.2]
      [Object Copy (ms): Min: 1.6, Avg: 2.3, Max: 2.7, Diff: 1.1, Sum: 9.3]
      [Termination (ms): Min: 0.0, Avg: 0.0, Max: 0.1, Diff: 0.1, Sum: 0.2]
         [Termination Attempts: Min: 1, Avg: 1.0, Max: 1, Diff: 0, Sum: 4]
      [GC Worker Other (ms): Min: 0.0, Avg: 0.0, Max: 0.0, Diff: 0.0, Sum: 0.1]
      [GC Worker Total (ms): Min: 53.8, Avg: 73.0, Max: 79.4, Diff: 25.6, Sum: 291.9]
      [GC Worker End (ms): Min: 63227.1, Avg: 63227.1, Max: 63227.1, Diff: 0.0]
   [Code Root Fixup: 0.0 ms]
   [Code Root Purge: 0.0 ms]
   [Clear CT: 0.0 ms]
   [Other: 7.9 ms]
      [Choose CSet: 0.0 ms]
      [Ref Proc: 0.1 ms]
      [Ref Enq: 0.0 ms]
      [Redirty Cards: 0.0 ms]
      [Humongous Register: 0.8 ms]
      [Humongous Reclaim: 1.7 ms]
      [Free CSet: 0.1 ms]
   [Eden: 62.0M(800.0M)->0.0B(811.0M) Survivors: 3072.0K->2048.0K Heap: 4977.4M(5120.0M)->3684.4M(5120.0M)]
 [Times: user=0.19 sys=0.00, real=0.09 secs] 
2016-06-26T19:43:53.993+0300: 63.230: Total time for which application threads were stopped: 0.0946869 seconds, Stopping threads took: 0.0064242 seconds
2016-06-26T19:43:54.000+0300: 63.237: [GC pause (G1 Humongous Allocation) (young) (initial-mark)
Desired survivor size 53477376 bytes, new threshold 15 (max 15)
- age   1:      22240 bytes,      22240 total
- age   2:         16 bytes,      22256 total
- age   3:     238592 bytes,     260848 total
- age   5:     196952 bytes,     457800 total
- age   6:         16 bytes,     457816 total
- age   7:     320456 bytes,     778272 total
- age   8:         24 bytes,     778296 total
- age   9:     108544 bytes,     886840 total
- age  10:       1992 bytes,     888832 total
- age  12:     541744 bytes,    1430576 total
- age  14:         96 bytes,    1430672 total
, 0.0046383 secs]
   [Parallel Time: 2.9 ms, GC Workers: 4]
      [GC Worker Start (ms): Min: 63237.7, Avg: 63237.8, Max: 63237.8, Diff: 0.0]
      [Ext Root Scanning (ms): Min: 0.5, Avg: 0.5, Max: 0.6, Diff: 0.1, Sum: 2.1]
      [Update RS (ms): Min: 0.4, Avg: 0.4, Max: 0.5, Diff: 0.1, Sum: 1.7]
         [Processed Buffers: Min: 4, Avg: 4.8, Max: 6, Diff: 2, Sum: 19]
      [Scan RS (ms): Min: 0.0, Avg: 0.0, Max: 0.0, Diff: 0.0, Sum: 0.0]
      [Code Root Scanning (ms): Min: 0.0, Avg: 0.0, Max: 0.2, Diff: 0.2, Sum: 0.2]
      [Object Copy (ms): Min: 1.7, Avg: 1.9, Max: 2.0, Diff: 0.3, Sum: 7.4]
      [Termination (ms): Min: 0.0, Avg: 0.0, Max: 0.0, Diff: 0.0, Sum: 0.0]
         [Termination Attempts: Min: 1, Avg: 1.0, Max: 1, Diff: 0, Sum: 4]
      [GC Worker Other (ms): Min: 0.0, Avg: 0.0, Max: 0.0, Diff: 0.0, Sum: 0.0]
      [GC Worker Total (ms): Min: 2.8, Avg: 2.8, Max: 2.9, Diff: 0.0, Sum: 11.4]
      [GC Worker End (ms): Min: 63240.6, Avg: 63240.6, Max: 63240.6, Diff: 0.0]
   [Code Root Fixup: 0.0 ms]
   [Code Root Purge: 0.0 ms]
   [Clear CT: 0.1 ms]
   [Other: 1.7 ms]
      [Choose CSet: 0.0 ms]
      [Ref Proc: 0.1 ms]
      [Ref Enq: 0.0 ms]
      [Redirty Cards: 0.1 ms]
      [Humongous Register: 0.6 ms]
      [Humongous Reclaim: 0.3 ms]
      [Free CSet: 0.0 ms]
   [Eden: 1024.0K(811.0M)->0.0B(814.0M) Survivors: 2048.0K->2048.0K Heap: 3686.8M(5120.0M)->3686.4M(5120.0M)]
 [Times: user=0.00 sys=0.00, real=0.01 secs] 
2016-06-26T19:43:54.005+0300: 63.242: [GC concurrent-root-region-scan-start]
2016-06-26T19:43:54.005+0300: 63.242: Total time for which application threads were stopped: 0.0051900 seconds, Stopping threads took: 0.0000620 seconds
2016-06-26T19:43:54.009+0300: 63.245: [GC concurrent-root-region-scan-end, 0.0038048 secs]
2016-06-26T19:43:54.009+0300: 63.245: [GC concurrent-mark-start]
2016-06-26T19:43:54.013+0300: 63.249: [GC concurrent-mark-end, 0.0036586 secs]
2016-06-26T19:43:54.040+0300: 63.276: [GC remark 2016-06-26T19:43:54.040+0300: 63.276: [Finalize Marking, 0.0002724 secs] 2016-06-26T19:43:54.040+0300: 63.277: [GC ref-proc, 0.0000992 secs] 2016-06-26T19:43:54.040+0300: 63.277: [Unloading, 0.0012175 secs], 0.0217060 secs]
 [Times: user=0.13 sys=0.00, real=0.02 secs] 
2016-06-26T19:43:54.061+0300: 63.298: Total time for which application threads were stopped: 0.0234012 seconds, Stopping threads took: 0.0013993 seconds
2016-06-26T19:43:54.066+0300: 63.303: [GC cleanup 3711M->3711M(5120M), 0.0024180 secs]
 [Times: user=0.00 sys=0.00, real=0.00 secs] 
2016-06-26T19:43:54.068+0300: 63.305: Total time for which application threads were stopped: 0.0027981 seconds, Stopping threads took: 0.0000637 seconds
2016-06-26T19:43:55.995+0300: 65.232: [GC pause (G1 Humongous Allocation) (young)
Desired survivor size 53477376 bytes, new threshold 15 (max 15)
- age   1:         40 bytes,         40 total
- age   2:      22216 bytes,      22256 total
- age   3:         16 bytes,      22272 total
- age   4:     238592 bytes,     260864 total
- age   6:     196952 bytes,     457816 total
- age   7:         16 bytes,     457832 total
- age   8:     320456 bytes,     778288 total
- age   9:         24 bytes,     778312 total
- age  10:     108544 bytes,     886856 total
- age  11:       1992 bytes,     888848 total
- age  13:     541744 bytes,    1430592 total
- age  15:         96 bytes,    1430688 total
, 0.0596415 secs]
   [Parallel Time: 51.5 ms, GC Workers: 4]
      [GC Worker Start (ms): Min: 65237.5, Avg: 65237.5, Max: 65237.6, Diff: 0.0]
      [Ext Root Scanning (ms): Min: 0.4, Avg: 0.5, Max: 0.6, Diff: 0.2, Sum: 1.8]
      [Update RS (ms): Min: 49.0, Avg: 49.0, Max: 49.1, Diff: 0.1, Sum: 196.1]
         [Processed Buffers: Min: 505, Avg: 515.3, Max: 527, Diff: 22, Sum: 2061]
      [Scan RS (ms): Min: 0.0, Avg: 0.0, Max: 0.0, Diff: 0.0, Sum: 0.1]
      [Code Root Scanning (ms): Min: 0.0, Avg: 0.1, Max: 0.3, Diff: 0.3, Sum: 0.4]
      [Object Copy (ms): Min: 1.7, Avg: 1.8, Max: 2.0, Diff: 0.3, Sum: 7.4]
      [Termination (ms): Min: 0.0, Avg: 0.0, Max: 0.0, Diff: 0.0, Sum: 0.0]
         [Termination Attempts: Min: 1, Avg: 1.8, Max: 3, Diff: 2, Sum: 7]
      [GC Worker Other (ms): Min: 0.0, Avg: 0.0, Max: 0.0, Diff: 0.0, Sum: 0.1]
      [GC Worker Total (ms): Min: 51.5, Avg: 51.5, Max: 51.5, Diff: 0.0, Sum: 205.9]
      [GC Worker End (ms): Min: 65289.0, Avg: 65289.0, Max: 65289.0, Diff: 0.0]
   [Code Root Fixup: 0.0 ms]
   [Code Root Purge: 0.0 ms]
   [Clear CT: 0.0 ms]
   [Other: 8.1 ms]
      [Choose CSet: 0.0 ms]
      [Ref Proc: 0.1 ms]
      [Ref Enq: 0.0 ms]
      [Redirty Cards: 0.0 ms]
      [Humongous Register: 0.8 ms]
      [Humongous Reclaim: 2.1 ms]
      [Free CSet: 0.1 ms]
   [Eden: 63.0M(814.0M)->0.0B(1026.0M) Survivors: 2048.0K->2048.0K Heap: 4977.0M(5120.0M)->3479.5M(5120.0M)]
 [Times: user=0.22 sys=0.00, real=0.06 secs] 
2016-06-26T19:43:56.055+0300: 65.292: Total time for which application threads were stopped: 0.0668552 seconds, Stopping threads took: 0.0062065 seconds
2016-06-26T19:43:56.056+0300: 65.292: [GC pause (G1 Humongous Allocation) (young) (initial-mark)
Desired survivor size 67633152 bytes, new threshold 15 (max 15)
- age   1:      17232 bytes,      17232 total
- age   2:         16 bytes,      17248 total
- age   3:      15520 bytes,      32768 total
- age   5:     234728 bytes,     267496 total
- age   7:     194056 bytes,     461552 total
- age   9:     316576 bytes,     778128 total
- age  10:         24 bytes,     778152 total
- age  11:     105672 bytes,     883824 total
- age  12:        416 bytes,     884240 total
- age  14:     541720 bytes,    1425960 total
, 0.0046713 secs]
   [Parallel Time: 2.9 ms, GC Workers: 4]
      [GC Worker Start (ms): Min: 65293.4, Avg: 65293.4, Max: 65293.4, Diff: 0.0]
      [Ext Root Scanning (ms): Min: 0.5, Avg: 0.5, Max: 0.6, Diff: 0.1, Sum: 2.1]
      [Update RS (ms): Min: 0.4, Avg: 0.5, Max: 0.6, Diff: 0.2, Sum: 1.8]
         [Processed Buffers: Min: 4, Avg: 4.8, Max: 6, Diff: 2, Sum: 19]
      [Scan RS (ms): Min: 0.0, Avg: 0.0, Max: 0.0, Diff: 0.0, Sum: 0.0]
      [Code Root Scanning (ms): Min: 0.0, Avg: 0.1, Max: 0.1, Diff: 0.1, Sum: 0.2]
      [Object Copy (ms): Min: 1.7, Avg: 1.9, Max: 2.0, Diff: 0.3, Sum: 7.4]
      [Termination (ms): Min: 0.0, Avg: 0.0, Max: 0.0, Diff: 0.0, Sum: 0.0]
         [Termination Attempts: Min: 1, Avg: 1.0, Max: 1, Diff: 0, Sum: 4]
      [GC Worker Other (ms): Min: 0.0, Avg: 0.0, Max: 0.0, Diff: 0.0, Sum: 0.0]
      [GC Worker Total (ms): Min: 2.9, Avg: 2.9, Max: 2.9, Diff: 0.0, Sum: 11.7]
      [GC Worker End (ms): Min: 65296.4, Avg: 65296.4, Max: 65296.4, Diff: 0.0]
   [Code Root Fixup: 0.0 ms]
   [Code Root Purge: 0.0 ms]
   [Clear CT: 0.0 ms]
   [Other: 1.7 ms]
      [Choose CSet: 0.0 ms]
      [Ref Proc: 0.1 ms]
      [Ref Enq: 0.0 ms]
      [Redirty Cards: 0.0 ms]
      [Humongous Register: 0.6 ms]
      [Humongous Reclaim: 0.3 ms]
      [Free CSet: 0.0 ms]
   [Eden: 1024.0K(1026.0M)->0.0B(1027.0M) Survivors: 2048.0K->3072.0K Heap: 3481.9M(5120.0M)->3481.8M(5120.0M)]
 [Times: user=0.02 sys=0.02, real=0.01 secs] 
2016-06-26T19:43:56.061+0300: 65.297: [GC concurrent-root-region-scan-start]
2016-06-26T19:43:56.061+0300: 65.297: Total time for which application threads were stopped: 0.0052956 seconds, Stopping threads took: 0.0000646 seconds
2016-06-26T19:43:56.064+0300: 65.301: [GC concurrent-root-region-scan-end, 0.0037197 secs]
2016-06-26T19:43:56.064+0300: 65.301: [GC concurrent-mark-start]
2016-06-26T19:43:56.069+0300: 65.305: [GC concurrent-mark-end, 0.0036727 secs]
2016-06-26T19:43:57.396+0300: 66.633: [GC remark 2016-06-26T19:43:57.396+0300: 66.633: [Finalize Marking, 0.0051323 secs] 2016-06-26T19:43:57.401+0300: 66.638: [GC ref-proc, 0.0000932 secs] 2016-06-26T19:43:57.402+0300: 66.638: [Unloading, 0.0013625 secs], 0.0257379 secs]
 [Times: user=0.13 sys=0.00, real=0.03 secs] 
2016-06-26T19:43:57.422+0300: 66.659: Total time for which application threads were stopped: 0.0317674 seconds, Stopping threads took: 0.0056177 seconds
2016-06-26T19:43:57.478+0300: 66.715: [GC cleanup 4280M->4280M(5120M), 0.0024261 secs]
 [Times: user=0.00 sys=0.00, real=0.00 secs] 
2016-06-26T19:43:57.481+0300: 66.718: Total time for which application threads were stopped: 0.0029004 seconds, Stopping threads took: 0.0000616 seconds
2016-06-26T19:43:58.581+0300: 67.818: [GC pause (G1 Humongous Allocation) (young)
Desired survivor size 67633152 bytes, new threshold 15 (max 15)
- age   1:         40 bytes,         40 total
- age   2:      17208 bytes,      17248 total
- age   3:         16 bytes,      17264 total
- age   4:      15520 bytes,      32784 total
- age   6:     234728 bytes,     267512 total
- age   8:     194056 bytes,     461568 total
- age  10:     316576 bytes,     778144 total
- age  11:         24 bytes,     778168 total
- age  12:     105672 bytes,     883840 total
- age  13:        416 bytes,     884256 total
- age  15:     541720 bytes,    1425976 total
, 0.0591441 secs]
   [Parallel Time: 51.5 ms, GC Workers: 4]
      [GC Worker Start (ms): Min: 67823.4, Avg: 67823.5, Max: 67823.5, Diff: 0.0]
      [Ext Root Scanning (ms): Min: 0.4, Avg: 0.5, Max: 0.6, Diff: 0.2, Sum: 1.9]
      [Update RS (ms): Min: 49.0, Avg: 49.0, Max: 49.0, Diff: 0.1, Sum: 196.0]
         [Processed Buffers: Min: 500, Avg: 507.5, Max: 516, Diff: 16, Sum: 2030]
      [Scan RS (ms): Min: 0.0, Avg: 0.0, Max: 0.0, Diff: 0.0, Sum: 0.1]
      [Code Root Scanning (ms): Min: 0.0, Avg: 0.0, Max: 0.1, Diff: 0.1, Sum: 0.2]
      [Object Copy (ms): Min: 1.8, Avg: 1.9, Max: 2.0, Diff: 0.2, Sum: 7.7]
      [Termination (ms): Min: 0.0, Avg: 0.0, Max: 0.0, Diff: 0.0, Sum: 0.0]
         [Termination Attempts: Min: 1, Avg: 1.3, Max: 2, Diff: 1, Sum: 5]
      [GC Worker Other (ms): Min: 0.0, Avg: 0.0, Max: 0.0, Diff: 0.0, Sum: 0.1]
      [GC Worker Total (ms): Min: 51.5, Avg: 51.5, Max: 51.5, Diff: 0.0, Sum: 205.9]
      [GC Worker End (ms): Min: 67874.9, Avg: 67874.9, Max: 67874.9, Diff: 0.0]
   [Code Root Fixup: 0.0 ms]
   [Code Root Purge: 0.0 ms]
   [Clear CT: 0.0 ms]
   [Other: 7.6 ms]
      [Choose CSet: 0.0 ms]
      [Ref Proc: 0.1 ms]
      [Ref Enq: 0.0 ms]
      [Redirty Cards: 0.0 ms]
      [Humongous Register: 0.8 ms]
      [Humongous Reclaim: 1.6 ms]
      [Free CSet: 0.1 ms]
   [Eden: 63.0M(1027.0M)->0.0B(617.0M) Survivors: 3072.0K->2048.0K Heap: 4977.9M(5120.0M)->3889.9M(5120.0M)]
 [Times: user=0.20 sys=0.00, real=0.06 secs] 
2016-06-26T19:43:58.641+0300: 67.877: Total time for which application threads were stopped: 0.0670908 seconds, Stopping threads took: 0.0069549 seconds
2016-06-26T19:43:58.642+0300: 67.879: [GC pause (G1 Humongous Allocation) (young) (initial-mark)
Desired survivor size 40894464 bytes, new threshold 15 (max 15)
- age   1:      22336 bytes,      22336 total
- age   2:         16 bytes,      22352 total
- age   3:      11424 bytes,      33776 total
- age   4:         16 bytes,      33792 total
- age   5:      10384 bytes,      44176 total
- age   7:     231344 bytes,     275520 total
- age   9:     192440 bytes,     467960 total
- age  11:     315776 bytes,     783736 total
- age  12:         24 bytes,     783760 total
- age  13:     105552 bytes,     889312 total
- age  14:        416 bytes,     889728 total
, 0.0044001 secs]
   [Parallel Time: 2.5 ms, GC Workers: 4]
      [GC Worker Start (ms): Min: 67879.7, Avg: 67879.7, Max: 67879.7, Diff: 0.0]
      [Ext Root Scanning (ms): Min: 0.4, Avg: 0.5, Max: 0.5, Diff: 0.1, Sum: 1.8]
      [Update RS (ms): Min: 0.8, Avg: 0.8, Max: 0.9, Diff: 0.1, Sum: 3.3]
         [Processed Buffers: Min: 3, Avg: 5.3, Max: 7, Diff: 4, Sum: 21]
      [Scan RS (ms): Min: 0.0, Avg: 0.0, Max: 0.0, Diff: 0.0, Sum: 0.0]
      [Code Root Scanning (ms): Min: 0.0, Avg: 0.0, Max: 0.1, Diff: 0.1, Sum: 0.1]
      [Object Copy (ms): Min: 1.0, Avg: 1.1, Max: 1.2, Diff: 0.2, Sum: 4.6]
      [Termination (ms): Min: 0.0, Avg: 0.0, Max: 0.0, Diff: 0.0, Sum: 0.0]
         [Termination Attempts: Min: 1, Avg: 1.0, Max: 1, Diff: 0, Sum: 4]
      [GC Worker Other (ms): Min: 0.0, Avg: 0.0, Max: 0.0, Diff: 0.0, Sum: 0.0]
      [GC Worker Total (ms): Min: 2.5, Avg: 2.5, Max: 2.5, Diff: 0.0, Sum: 10.0]
      [GC Worker End (ms): Min: 67882.2, Avg: 67882.2, Max: 67882.2, Diff: 0.0]
   [Code Root Fixup: 0.0 ms]
   [Code Root Purge: 0.0 ms]
   [Clear CT: 0.0 ms]
   [Other: 1.8 ms]
      [Choose CSet: 0.0 ms]
      [Ref Proc: 0.1 ms]
      [Ref Enq: 0.0 ms]
      [Redirty Cards: 0.0 ms]
      [Humongous Register: 0.6 ms]
      [Humongous Reclaim: 0.4 ms]
      [Free CSet: 0.0 ms]
   [Eden: 1024.0K(617.0M)->0.0B(617.0M) Survivors: 2048.0K->1024.0K Heap: 3892.3M(5120.0M)->3891.1M(5120.0M)]
 [Times: user=0.00 sys=0.00, real=0.01 secs] 
2016-06-26T19:43:58.647+0300: 67.883: [GC concurrent-root-region-scan-start]
2016-06-26T19:43:58.647+0300: 67.883: Total time for which application threads were stopped: 0.0051947 seconds, Stopping threads took: 0.0001082 seconds
2016-06-26T19:43:58.650+0300: 67.886: [GC concurrent-root-region-scan-end, 0.0027969 secs]
2016-06-26T19:43:58.650+0300: 67.886: [GC concurrent-mark-start]
2016-06-26T19:43:58.658+0300: 67.894: [GC concurrent-mark-end, 0.0074865 secs]
2016-06-26T19:43:58.695+0300: 67.931: [GC remark 2016-06-26T19:43:58.695+0300: 67.931: [Finalize Marking, 0.0004268 secs] 2016-06-26T19:43:58.695+0300: 67.932: [GC ref-proc, 0.0000975 secs] 2016-06-26T19:43:58.695+0300: 67.932: [Unloading, 0.0015528 secs], 0.0285220 secs]
 [Times: user=0.11 sys=0.00, real=0.03 secs] 
2016-06-26T19:43:58.723+0300: 67.960: Total time for which application threads were stopped: 0.0337911 seconds, Stopping threads took: 0.0048453 seconds
2016-06-26T19:43:59.795+0300: 69.032: [GC cleanup 4659M->4659M(5120M), 0.0020870 secs]
 [Times: user=0.06 sys=0.00, real=0.00 secs] 
2016-06-26T19:43:59.797+0300: 69.034: Total time for which application threads were stopped: 0.0114205 seconds, Stopping threads took: 0.0089341 seconds
2016-06-26T19:43:59.798+0300: 69.034: Total time for which application threads were stopped: 0.0006372 seconds, Stopping threads took: 0.0003002 seconds
2016-06-26T19:43:59.800+0300: 69.037: Total time for which application threads were stopped: 0.0004259 seconds, Stopping threads took: 0.0000659 seconds
2016-06-26T19:44:00.377+0300: 69.614: [GC pause (G1 Humongous Allocation) (young)
Desired survivor size 40894464 bytes, new threshold 15 (max 15)
- age   1:        120 bytes,        120 total
- age   2:      22312 bytes,      22432 total
- age   3:         16 bytes,      22448 total
- age   4:      11424 bytes,      33872 total
- age   5:         16 bytes,      33888 total
- age   6:      10328 bytes,      44216 total
- age   8:     231344 bytes,     275560 total
- age  10:     192440 bytes,     468000 total
- age  12:     315776 bytes,     783776 total
- age  13:         24 bytes,     783800 total
- age  14:     105552 bytes,     889352 total
- age  15:        416 bytes,     889768 total
, 0.0598468 secs]
   [Parallel Time: 52.1 ms, GC Workers: 4]
      [GC Worker Start (ms): Min: 69619.8, Avg: 69622.0, Max: 69628.6, Diff: 8.8]
      [Ext Root Scanning (ms): Min: 0.0, Avg: 0.4, Max: 0.6, Diff: 0.6, Sum: 1.7]
      [Update RS (ms): Min: 42.1, Avg: 48.2, Max: 50.3, Diff: 8.2, Sum: 192.9]
         [Processed Buffers: Min: 444, Avg: 506.8, Max: 533, Diff: 89, Sum: 2027]
      [Scan RS (ms): Min: 0.0, Avg: 0.1, Max: 0.2, Diff: 0.2, Sum: 0.2]
      [Code Root Scanning (ms): Min: 0.0, Avg: 0.0, Max: 0.1, Diff: 0.1, Sum: 0.1]
      [Object Copy (ms): Min: 0.8, Avg: 1.1, Max: 1.3, Diff: 0.5, Sum: 4.6]
      [Termination (ms): Min: 0.0, Avg: 0.0, Max: 0.0, Diff: 0.0, Sum: 0.0]
         [Termination Attempts: Min: 1, Avg: 1.5, Max: 3, Diff: 2, Sum: 6]
      [GC Worker Other (ms): Min: 0.0, Avg: 0.0, Max: 0.0, Diff: 0.0, Sum: 0.1]
      [GC Worker Total (ms): Min: 43.3, Avg: 49.9, Max: 52.1, Diff: 8.8, Sum: 199.6]
      [GC Worker End (ms): Min: 69671.9, Avg: 69671.9, Max: 69671.9, Diff: 0.0]
   [Code Root Fixup: 0.0 ms]
   [Code Root Purge: 0.0 ms]
   [Clear CT: 0.0 ms]
   [Other: 7.7 ms]
      [Choose CSet: 0.0 ms]
      [Ref Proc: 0.1 ms]
      [Ref Enq: 0.0 ms]
      [Redirty Cards: 0.0 ms]
      [Humongous Register: 0.8 ms]
      [Humongous Reclaim: 1.8 ms]
      [Free CSet: 0.1 ms]
   [Eden: 60.0M(617.0M)->0.0B(883.0M) Survivors: 1024.0K->2048.0K Heap: 4978.5M(5120.0M)->3629.7M(5120.0M)]
 [Times: user=0.19 sys=0.00, real=0.06 secs] 
2016-06-26T19:44:00.437+0300: 69.674: Total time for which application threads were stopped: 0.0792264 seconds, Stopping threads took: 0.0185238 seconds
2016-06-26T19:44:00.552+0300: 69.788: [GC pause (G1 Humongous Allocation) (young) (initial-mark)
Desired survivor size 58195968 bytes, new threshold 15 (max 15)
- age   1:      36704 bytes,      36704 total
- age   2:         96 bytes,      36800 total
- age   3:      13728 bytes,      50528 total
- age   4:         16 bytes,      50544 total
- age   5:       8128 bytes,      58672 total
- age   6:         16 bytes,      58688 total
- age   7:       6880 bytes,      65568 total
- age   9:     229072 bytes,     294640 total
- age  11:     190944 bytes,     485584 total
- age  13:     315208 bytes,     800792 total
- age  15:     105456 bytes,     906248 total
, 0.0039028 secs]
   [Parallel Time: 2.1 ms, GC Workers: 4]
      [GC Worker Start (ms): Min: 69789.4, Avg: 69789.4, Max: 69789.4, Diff: 0.0]
      [Ext Root Scanning (ms): Min: 0.4, Avg: 0.4, Max: 0.5, Diff: 0.1, Sum: 1.7]
      [Update RS (ms): Min: 0.4, Avg: 0.5, Max: 0.5, Diff: 0.1, Sum: 1.8]
         [Processed Buffers: Min: 4, Avg: 5.0, Max: 6, Diff: 2, Sum: 20]
      [Scan RS (ms): Min: 0.0, Avg: 0.0, Max: 0.0, Diff: 0.0, Sum: 0.0]
      [Code Root Scanning (ms): Min: 0.0, Avg: 0.0, Max: 0.1, Diff: 0.1, Sum: 0.1]
      [Object Copy (ms): Min: 1.1, Avg: 1.2, Max: 1.2, Diff: 0.2, Sum: 4.6]
      [Termination (ms): Min: 0.0, Avg: 0.0, Max: 0.0, Diff: 0.0, Sum: 0.0]
         [Termination Attempts: Min: 1, Avg: 1.0, Max: 1, Diff: 0, Sum: 4]
      [GC Worker Other (ms): Min: 0.0, Avg: 0.0, Max: 0.0, Diff: 0.0, Sum: 0.0]
      [GC Worker Total (ms): Min: 2.1, Avg: 2.1, Max: 2.1, Diff: 0.0, Sum: 8.3]
      [GC Worker End (ms): Min: 69791.5, Avg: 69791.5, Max: 69791.5, Diff: 0.0]
   [Code Root Fixup: 0.0 ms]
   [Code Root Purge: 0.0 ms]
   [Clear CT: 0.0 ms]
   [Other: 1.7 ms]
      [Choose CSet: 0.0 ms]
      [Ref Proc: 0.1 ms]
      [Ref Enq: 0.0 ms]
      [Redirty Cards: 0.0 ms]
      [Humongous Register: 0.7 ms]
      [Humongous Reclaim: 0.3 ms]
      [Free CSet: 0.0 ms]
   [Eden: 1024.0K(883.0M)->0.0B(883.0M) Survivors: 2048.0K->1024.0K Heap: 3632.1M(5120.0M)->3631.4M(5120.0M)]
 [Times: user=0.00 sys=0.00, real=0.00 secs] 
2016-06-26T19:44:00.556+0300: 69.792: [GC concurrent-root-region-scan-start]
2016-06-26T19:44:00.556+0300: 69.792: Total time for which application threads were stopped: 0.0044976 seconds, Stopping threads took: 0.0000680 seconds
2016-06-26T19:44:00.559+0300: 69.795: [GC concurrent-root-region-scan-end, 0.0027738 secs]
2016-06-26T19:44:00.559+0300: 69.795: [GC concurrent-mark-start]
2016-06-26T19:44:00.567+0300: 69.803: [GC concurrent-mark-end, 0.0072808 secs]
2016-06-26T19:44:00.608+0300: 69.845: [GC remark 2016-06-26T19:44:00.608+0300: 69.845: [Finalize Marking, 0.0005016 secs] 2016-06-26T19:44:00.609+0300: 69.845: [GC ref-proc, 0.0000962 secs] 2016-06-26T19:44:00.609+0300: 69.845: [Unloading, 0.0012359 secs], 0.0216440 secs]
 [Times: user=0.06 sys=0.00, real=0.02 secs] 
2016-06-26T19:44:00.630+0300: 69.866: Total time for which application threads were stopped: 0.0285237 seconds, Stopping threads took: 0.0065080 seconds
2016-06-26T19:44:01.668+0300: 70.904: [GC cleanup 4371M->4371M(5120M), 0.0021520 secs]
 [Times: user=0.00 sys=0.00, real=0.00 secs] 
2016-06-26T19:44:01.670+0300: 70.907: Total time for which application threads were stopped: 0.0114368 seconds, Stopping threads took: 0.0088542 seconds
2016-06-26T19:44:02.672+0300: 71.908: [GC pause (G1 Humongous Allocation) (young)
Desired survivor size 58195968 bytes, new threshold 15 (max 15)
- age   1:         40 bytes,         40 total
- age   2:      35336 bytes,      35376 total
- age   3:         96 bytes,      35472 total
- age   4:      13728 bytes,      49200 total
- age   5:         16 bytes,      49216 total
- age   6:       8128 bytes,      57344 total
- age   7:         16 bytes,      57360 total
- age   8:       6880 bytes,      64240 total
- age  10:     229072 bytes,     293312 total
- age  12:     190944 bytes,     484256 total
- age  14:     315208 bytes,     799464 total
, 0.0590920 secs]
   [Parallel Time: 50.8 ms, GC Workers: 4]
      [GC Worker Start (ms): Min: 71913.6, Avg: 71913.6, Max: 71913.6, Diff: 0.0]
      [Ext Root Scanning (ms): Min: 0.4, Avg: 0.4, Max: 0.4, Diff: 0.0, Sum: 1.7]
      [Update RS (ms): Min: 49.3, Avg: 49.3, Max: 49.3, Diff: 0.1, Sum: 197.2]
         [Processed Buffers: Min: 508, Avg: 518.5, Max: 526, Diff: 18, Sum: 2074]
      [Scan RS (ms): Min: 0.0, Avg: 0.1, Max: 0.2, Diff: 0.1, Sum: 0.2]
      [Code Root Scanning (ms): Min: 0.0, Avg: 0.0, Max: 0.1, Diff: 0.1, Sum: 0.1]
      [Object Copy (ms): Min: 0.9, Avg: 1.0, Max: 1.1, Diff: 0.2, Sum: 4.1]
      [Termination (ms): Min: 0.0, Avg: 0.0, Max: 0.0, Diff: 0.0, Sum: 0.0]
         [Termination Attempts: Min: 1, Avg: 1.0, Max: 1, Diff: 0, Sum: 4]
      [GC Worker Other (ms): Min: 0.0, Avg: 0.0, Max: 0.0, Diff: 0.0, Sum: 0.0]
      [GC Worker Total (ms): Min: 50.8, Avg: 50.8, Max: 50.8, Diff: 0.0, Sum: 203.3]
      [GC Worker End (ms): Min: 71964.4, Avg: 71964.4, Max: 71964.4, Diff: 0.0]
   [Code Root Fixup: 0.0 ms]
   [Code Root Purge: 0.0 ms]
   [Clear CT: 0.0 ms]
   [Other: 8.2 ms]
      [Choose CSet: 0.0 ms]
      [Ref Proc: 0.1 ms]
      [Ref Enq: 0.0 ms]
      [Redirty Cards: 0.0 ms]
      [Humongous Register: 0.8 ms]
      [Humongous Reclaim: 2.3 ms]
      [Free CSet: 0.0 ms]
   [Eden: 64.0M(883.0M)->0.0B(1308.0M) Survivors: 1024.0K->1024.0K Heap: 4978.6M(5120.0M)->3215.5M(5120.0M)]
 [Times: user=0.19 sys=0.00, real=0.06 secs] 
2016-06-26T19:44:02.731+0300: 71.967: Total time for which application threads were stopped: 0.0687976 seconds, Stopping threads took: 0.0088721 seconds
2016-06-26T19:44:02.734+0300: 71.971: [GC pause (G1 Humongous Allocation) (young) (initial-mark)
Desired survivor size 85983232 bytes, new threshold 15 (max 15)
- age   1:      20656 bytes,      20656 total
- age   2:         16 bytes,      20672 total
- age   3:      30808 bytes,      51480 total
- age   4:         96 bytes,      51576 total
- age   5:       9136 bytes,      60712 total
- age   6:         16 bytes,      60728 total
- age   7:       3672 bytes,      64400 total
- age   9:       1680 bytes,      66080 total
- age  11:     226008 bytes,     292088 total
- age  13:     189560 bytes,     481648 total
- age  15:     315208 bytes,     796856 total
, 0.0036851 secs]
   [Parallel Time: 2.0 ms, GC Workers: 4]
      [GC Worker Start (ms): Min: 71971.5, Avg: 71971.5, Max: 71971.5, Diff: 0.0]
      [Ext Root Scanning (ms): Min: 0.4, Avg: 0.4, Max: 0.5, Diff: 0.1, Sum: 1.8]
      [Update RS (ms): Min: 0.4, Avg: 0.5, Max: 0.5, Diff: 0.1, Sum: 1.8]
         [Processed Buffers: Min: 5, Avg: 5.0, Max: 5, Diff: 0, Sum: 20]
      [Scan RS (ms): Min: 0.0, Avg: 0.0, Max: 0.0, Diff: 0.0, Sum: 0.0]
      [Code Root Scanning (ms): Min: 0.0, Avg: 0.0, Max: 0.1, Diff: 0.1, Sum: 0.1]
      [Object Copy (ms): Min: 1.0, Avg: 1.0, Max: 1.1, Diff: 0.1, Sum: 4.2]
      [Termination (ms): Min: 0.0, Avg: 0.0, Max: 0.0, Diff: 0.0, Sum: 0.0]
         [Termination Attempts: Min: 1, Avg: 1.0, Max: 1, Diff: 0, Sum: 4]
      [GC Worker Other (ms): Min: 0.0, Avg: 0.0, Max: 0.0, Diff: 0.0, Sum: 0.0]
      [GC Worker Total (ms): Min: 2.0, Avg: 2.0, Max: 2.0, Diff: 0.0, Sum: 7.9]
      [GC Worker End (ms): Min: 71973.5, Avg: 71973.5, Max: 71973.5, Diff: 0.0]
   [Code Root Fixup: 0.0 ms]
   [Code Root Purge: 0.0 ms]
   [Clear CT: 0.0 ms]
   [Other: 1.6 ms]
      [Choose CSet: 0.0 ms]
      [Ref Proc: 0.1 ms]
      [Ref Enq: 0.0 ms]
      [Redirty Cards: 0.0 ms]
      [Humongous Register: 0.6 ms]
      [Humongous Reclaim: 0.3 ms]
      [Free CSet: 0.0 ms]
   [Eden: 1024.0K(1308.0M)->0.0B(1307.0M) Survivors: 1024.0K->1024.0K Heap: 3217.9M(5120.0M)->3217.5M(5120.0M)]
 [Times: user=0.00 sys=0.00, real=0.00 secs] 
2016-06-26T19:44:02.738+0300: 71.975: [GC concurrent-root-region-scan-start]
2016-06-26T19:44:02.738+0300: 71.975: Total time for which application threads were stopped: 0.0043659 seconds, Stopping threads took: 0.0000723 seconds
2016-06-26T19:44:02.740+0300: 71.977: [GC concurrent-root-region-scan-end, 0.0020835 secs]
2016-06-26T19:44:02.740+0300: 71.977: [GC concurrent-mark-start]
2016-06-26T19:44:02.749+0300: 71.985: [GC concurrent-mark-end, 0.0079852 secs]
2016-06-26T19:44:02.801+0300: 72.037: [GC remark 2016-06-26T19:44:02.801+0300: 72.037: [Finalize Marking, 0.0004208 secs] 2016-06-26T19:44:02.802+0300: 72.038: [GC ref-proc, 0.0001018 secs] 2016-06-26T19:44:02.802+0300: 72.038: [Unloading, 0.0013227 secs], 0.0196058 secs]
 [Times: user=0.06 sys=0.00, real=0.02 secs] 
2016-06-26T19:44:02.821+0300: 72.057: Total time for which application threads were stopped: 0.0272044 seconds, Stopping threads took: 0.0071786 seconds
2016-06-26T19:44:02.825+0300: 72.061: [GC cleanup 3244M->3244M(5120M), 0.0022978 secs]
 [Times: user=0.06 sys=0.00, real=0.00 secs] 
2016-06-26T19:44:02.827+0300: 72.064: Total time for which application threads were stopped: 0.0027729 seconds, Stopping threads took: 0.0000624 seconds
2016-06-26T19:44:02.872+0300: 72.109: Total time for which application threads were stopped: 0.0054381 seconds, Stopping threads took: 0.0051032 seconds
2016-06-26T19:44:02.874+0300: 72.110: Total time for which application threads were stopped: 0.0004140 seconds, Stopping threads took: 0.0000723 seconds
2016-06-26T19:44:02.875+0300: 72.112: Total time for which application threads were stopped: 0.0004029 seconds, Stopping threads took: 0.0000718 seconds
2016-06-26T19:44:02.878+0300: 72.115: Total time for which application threads were stopped: 0.0003729 seconds, Stopping threads took: 0.0000543 seconds
2016-06-26T19:44:05.735+0300: 74.972: [GC pause (G1 Humongous Allocation) (young)
Desired survivor size 85983232 bytes, new threshold 15 (max 15)
- age   1:        120 bytes,        120 total
- age   2:      20632 bytes,      20752 total
- age   3:         16 bytes,      20768 total
- age   4:      30808 bytes,      51576 total
- age   5:         96 bytes,      51672 total
- age   6:       9080 bytes,      60752 total
- age   7:         16 bytes,      60768 total
- age   8:       3672 bytes,      64440 total
- age  10:       1680 bytes,      66120 total
- age  12:     226008 bytes,     292128 total
- age  14:     189560 bytes,     481688 total
, 0.0591369 secs]
   [Parallel Time: 51.6 ms, GC Workers: 4]
      [GC Worker Start (ms): Min: 74977.9, Avg: 74977.9, Max: 74977.9, Diff: 0.0]
      [Ext Root Scanning (ms): Min: 0.4, Avg: 0.4, Max: 0.4, Diff: 0.0, Sum: 1.6]
      [Update RS (ms): Min: 50.3, Avg: 50.3, Max: 50.4, Diff: 0.1, Sum: 201.3]
         [Processed Buffers: Min: 509, Avg: 518.8, Max: 527, Diff: 18, Sum: 2075]
      [Scan RS (ms): Min: 0.0, Avg: 0.1, Max: 0.2, Diff: 0.2, Sum: 0.2]
      [Code Root Scanning (ms): Min: 0.0, Avg: 0.0, Max: 0.1, Diff: 0.1, Sum: 0.1]
      [Object Copy (ms): Min: 0.6, Avg: 0.7, Max: 0.8, Diff: 0.2, Sum: 3.0]
      [Termination (ms): Min: 0.0, Avg: 0.0, Max: 0.0, Diff: 0.0, Sum: 0.0]
         [Termination Attempts: Min: 1, Avg: 1.0, Max: 1, Diff: 0, Sum: 4]
      [GC Worker Other (ms): Min: 0.0, Avg: 0.0, Max: 0.0, Diff: 0.0, Sum: 0.1]
      [GC Worker Total (ms): Min: 51.6, Avg: 51.6, Max: 51.6, Diff: 0.0, Sum: 206.3]
      [GC Worker End (ms): Min: 75029.4, Avg: 75029.4, Max: 75029.4, Diff: 0.0]
   [Code Root Fixup: 0.0 ms]
   [Code Root Purge: 0.0 ms]
   [Clear CT: 0.0 ms]
   [Other: 7.5 ms]
      [Choose CSet: 0.0 ms]
      [Ref Proc: 0.1 ms]
      [Ref Enq: 0.0 ms]
      [Redirty Cards: 0.0 ms]
      [Humongous Register: 0.9 ms]
      [Humongous Reclaim: 1.4 ms]
      [Free CSet: 0.1 ms]
   [Eden: 65.0M(1307.0M)->0.0B(413.0M) Survivors: 1024.0K->1024.0K Heap: 4979.3M(5120.0M)->4094.4M(5120.0M)]
 [Times: user=0.19 sys=0.00, real=0.06 secs] 
2016-06-26T19:44:05.795+0300: 75.031: Total time for which application threads were stopped: 0.0652545 seconds, Stopping threads took: 0.0050121 seconds
2016-06-26T19:44:05.797+0300: 75.034: [GC pause (G1 Humongous Allocation) (young) (initial-mark)
Desired survivor size 27262976 bytes, new threshold 15 (max 15)
- age   1:      72752 bytes,      72752 total
- age   2:         96 bytes,      72848 total
- age   3:      14800 bytes,      87648 total
- age   4:         16 bytes,      87664 total
- age   5:      26928 bytes,     114592 total
- age   6:         96 bytes,     114688 total
- age   7:       5672 bytes,     120360 total
- age   8:         16 bytes,     120376 total
- age   9:       1888 bytes,     122264 total
- age  11:        776 bytes,     123040 total
- age  13:     225824 bytes,     348864 total
- age  15:     189560 bytes,     538424 total
, 0.0036239 secs]
   [Parallel Time: 1.8 ms, GC Workers: 4]
      [GC Worker Start (ms): Min: 75034.7, Avg: 75034.7, Max: 75034.8, Diff: 0.0]
      [Ext Root Scanning (ms): Min: 0.4, Avg: 0.4, Max: 0.5, Diff: 0.1, Sum: 1.8]
      [Update RS (ms): Min: 0.4, Avg: 0.5, Max: 0.5, Diff: 0.0, Sum: 1.8]
         [Processed Buffers: Min: 4, Avg: 5.0, Max: 6, Diff: 2, Sum: 20]
      [Scan RS (ms): Min: 0.0, Avg: 0.0, Max: 0.0, Diff: 0.0, Sum: 0.0]
      [Code Root Scanning (ms): Min: 0.0, Avg: 0.0, Max: 0.1, Diff: 0.1, Sum: 0.1]
      [Object Copy (ms): Min: 0.7, Avg: 0.8, Max: 0.9, Diff: 0.2, Sum: 3.2]
      [Termination (ms): Min: 0.0, Avg: 0.0, Max: 0.0, Diff: 0.0, Sum: 0.0]
         [Termination Attempts: Min: 1, Avg: 1.0, Max: 1, Diff: 0, Sum: 4]
      [GC Worker Other (ms): Min: 0.0, Avg: 0.0, Max: 0.0, Diff: 0.0, Sum: 0.0]
      [GC Worker Total (ms): Min: 1.7, Avg: 1.7, Max: 1.8, Diff: 0.0, Sum: 7.0]
      [GC Worker End (ms): Min: 75036.5, Avg: 75036.5, Max: 75036.5, Diff: 0.0]
   [Code Root Fixup: 0.0 ms]
   [Code Root Purge: 0.0 ms]
   [Clear CT: 0.0 ms]
   [Other: 1.8 ms]
      [Choose CSet: 0.0 ms]
      [Ref Proc: 0.1 ms]
      [Ref Enq: 0.0 ms]
      [Redirty Cards: 0.0 ms]
      [Humongous Register: 0.7 ms]
      [Humongous Reclaim: 0.3 ms]
      [Free CSet: 0.0 ms]
   [Eden: 1024.0K(413.0M)->0.0B(410.0M) Survivors: 1024.0K->1024.0K Heap: 4096.8M(5120.0M)->4096.4M(5120.0M)]
 [Times: user=0.00 sys=0.00, real=0.00 secs] 
2016-06-26T19:44:05.801+0300: 75.037: [GC concurrent-root-region-scan-start]
2016-06-26T19:44:05.801+0300: 75.037: Total time for which application threads were stopped: 0.0042363 seconds, Stopping threads took: 0.0000641 seconds
2016-06-26T19:44:05.803+0300: 75.039: [GC concurrent-root-region-scan-end, 0.0018184 secs]
2016-06-26T19:44:05.803+0300: 75.039: [GC concurrent-mark-start]
2016-06-26T19:44:05.813+0300: 75.049: [GC concurrent-mark-end, 0.0094447 secs]
2016-06-26T19:44:05.831+0300: 75.068: [GC remark 2016-06-26T19:44:05.831+0300: 75.068: [Finalize Marking, 0.0003635 secs] 2016-06-26T19:44:05.832+0300: 75.068: [GC ref-proc, 0.0000954 secs] 2016-06-26T19:44:05.832+0300: 75.068: [Unloading, 0.0012954 secs], 0.0242386 secs]
 [Times: user=0.06 sys=0.00, real=0.02 secs] 
2016-06-26T19:44:05.855+0300: 75.092: Total time for which application threads were stopped: 0.0247980 seconds, Stopping threads took: 0.0001749 seconds
2016-06-26T19:44:05.859+0300: 75.096: [GC cleanup 4117M->4117M(5120M), 0.0021216 secs]
 [Times: user=0.00 sys=0.00, real=0.00 secs] 
2016-06-26T19:44:05.861+0300: 75.098: Total time for which application threads were stopped: 0.0025749 seconds, Stopping threads took: 0.0000710 seconds
2016-06-26T19:44:07.163+0300: 76.399: [GC pause (G1 Humongous Allocation) (young)
Desired survivor size 27262976 bytes, new threshold 15 (max 15)
- age   1:         40 bytes,         40 total
- age   2:      72728 bytes,      72768 total
- age   3:         96 bytes,      72864 total
- age   4:      14800 bytes,      87664 total
- age   5:         16 bytes,      87680 total
- age   6:      26928 bytes,     114608 total
- age   7:         96 bytes,     114704 total
- age   8:       5672 bytes,     120376 total
- age   9:         16 bytes,     120392 total
- age  10:       1888 bytes,     122280 total
- age  12:        776 bytes,     123056 total
- age  14:     225824 bytes,     348880 total
, 0.0755951 secs]
   [Parallel Time: 67.3 ms, GC Workers: 4]
      [GC Worker Start (ms): Min: 76405.2, Avg: 76405.2, Max: 76405.3, Diff: 0.1]
      [Ext Root Scanning (ms): Min: 0.3, Avg: 0.4, Max: 0.4, Diff: 0.1, Sum: 1.6]
      [Update RS (ms): Min: 66.2, Avg: 66.3, Max: 66.5, Diff: 0.3, Sum: 265.2]
         [Processed Buffers: Min: 332, Avg: 522.5, Max: 668, Diff: 336, Sum: 2090]
      [Scan RS (ms): Min: 0.0, Avg: 0.1, Max: 0.2, Diff: 0.2, Sum: 0.3]
      [Code Root Scanning (ms): Min: 0.0, Avg: 0.0, Max: 0.0, Diff: 0.0, Sum: 0.0]
      [Object Copy (ms): Min: 0.4, Avg: 0.5, Max: 0.6, Diff: 0.2, Sum: 2.0]
      [Termination (ms): Min: 0.0, Avg: 0.0, Max: 0.0, Diff: 0.0, Sum: 0.0]
         [Termination Attempts: Min: 1, Avg: 1.0, Max: 1, Diff: 0, Sum: 4]
      [GC Worker Other (ms): Min: 0.0, Avg: 0.0, Max: 0.0, Diff: 0.0, Sum: 0.1]
      [GC Worker Total (ms): Min: 67.2, Avg: 67.3, Max: 67.3, Diff: 0.1, Sum: 269.1]
      [GC Worker End (ms): Min: 76472.5, Avg: 76472.5, Max: 76472.5, Diff: 0.0]
   [Code Root Fixup: 0.0 ms]
   [Code Root Purge: 0.0 ms]
   [Clear CT: 0.0 ms]
   [Other: 8.2 ms]
      [Choose CSet: 0.0 ms]
      [Ref Proc: 0.0 ms]
      [Ref Enq: 0.0 ms]
      [Redirty Cards: 0.0 ms]
      [Humongous Register: 0.8 ms]
      [Humongous Reclaim: 2.1 ms]
      [Free CSet: 0.0 ms]
   [Eden: 62.0M(410.0M)->0.0B(1071.0M) Survivors: 1024.0K->1024.0K Heap: 4976.3M(5120.0M)->3450.0M(5120.0M)]
 [Times: user=0.22 sys=0.00, real=0.07 secs] 
2016-06-26T19:44:07.238+0300: 76.475: Total time for which application threads were stopped: 0.0875960 seconds, Stopping threads took: 0.0109035 seconds
2016-06-26T19:44:07.242+0300: 76.478: [GC pause (G1 Humongous Allocation) (young) (initial-mark)
Desired survivor size 70254592 bytes, new threshold 15 (max 15)
- age   1:      18048 bytes,      18048 total
- age   2:         16 bytes,      18064 total
- age   3:      63808 bytes,      81872 total
- age   4:         96 bytes,      81968 total
- age   5:       9504 bytes,      91472 total
- age   6:         16 bytes,      91488 total
- age   7:      23624 bytes,     115112 total
- age   9:       3088 bytes,     118200 total
- age  10:         16 bytes,     118216 total
- age  11:        432 bytes,     118648 total
- age  13:        336 bytes,     118984 total
- age  15:     225824 bytes,     344808 total
, 0.0038130 secs]
   [Parallel Time: 2.1 ms, GC Workers: 4]
      [GC Worker Start (ms): Min: 76479.1, Avg: 76479.2, Max: 76479.6, Diff: 0.6]
      [Ext Root Scanning (ms): Min: 0.0, Avg: 0.7, Max: 1.8, Diff: 1.8, Sum: 3.0]
      [Update RS (ms): Min: 0.0, Avg: 0.5, Max: 0.7, Diff: 0.7, Sum: 1.8]
         [Processed Buffers: Min: 0, Avg: 5.0, Max: 8, Diff: 8, Sum: 20]
      [Scan RS (ms): Min: 0.0, Avg: 0.0, Max: 0.0, Diff: 0.0, Sum: 0.0]
      [Code Root Scanning (ms): Min: 0.0, Avg: 0.0, Max: 0.0, Diff: 0.0, Sum: 0.0]
      [Object Copy (ms): Min: 0.2, Avg: 0.5, Max: 0.8, Diff: 0.5, Sum: 2.1]
      [Termination (ms): Min: 0.0, Avg: 0.2, Max: 0.3, Diff: 0.3, Sum: 0.8]
         [Termination Attempts: Min: 1, Avg: 1.0, Max: 1, Diff: 0, Sum: 4]
      [GC Worker Other (ms): Min: 0.0, Avg: 0.0, Max: 0.0, Diff: 0.0, Sum: 0.0]
      [GC Worker Total (ms): Min: 1.5, Avg: 1.9, Max: 2.1, Diff: 0.6, Sum: 7.7]
      [GC Worker End (ms): Min: 76481.1, Avg: 76481.1, Max: 76481.2, Diff: 0.0]
   [Code Root Fixup: 0.0 ms]
   [Code Root Purge: 0.0 ms]
   [Clear CT: 0.0 ms]
   [Other: 1.6 ms]
      [Choose CSet: 0.0 ms]
      [Ref Proc: 0.1 ms]
      [Ref Enq: 0.0 ms]
      [Redirty Cards: 0.0 ms]
      [Humongous Register: 0.6 ms]
      [Humongous Reclaim: 0.3 ms]
      [Free CSet: 0.0 ms]
   [Eden: 1024.0K(1071.0M)->0.0B(1069.0M) Survivors: 1024.0K->1024.0K Heap: 3452.4M(5120.0M)->3451.8M(5120.0M)]
 [Times: user=0.00 sys=0.00, real=0.00 secs] 
2016-06-26T19:44:07.246+0300: 76.482: [GC concurrent-root-region-scan-start]
2016-06-26T19:44:07.246+0300: 76.482: Total time for which application threads were stopped: 0.0046191 seconds, Stopping threads took: 0.0002108 seconds
2016-06-26T19:44:07.247+0300: 76.484: [GC concurrent-root-region-scan-end, 0.0013518 secs]
2016-06-26T19:44:07.247+0300: 76.484: [GC concurrent-mark-start]
2016-06-26T19:44:07.258+0300: 76.495: [GC concurrent-mark-end, 0.0103668 secs]
2016-06-26T19:44:07.288+0300: 76.524: [GC remark 2016-06-26T19:44:07.288+0300: 76.524: [Finalize Marking, 0.0003571 secs] 2016-06-26T19:44:07.288+0300: 76.525: [GC ref-proc, 0.0001026 secs] 2016-06-26T19:44:07.288+0300: 76.525: [Unloading, 0.0015827 secs], 0.0259791 secs]
 [Times: user=0.11 sys=0.00, real=0.03 secs] 
2016-06-26T19:44:07.314+0300: 76.550: Total time for which application threads were stopped: 0.0314860 seconds, Stopping threads took: 0.0050848 seconds
2016-06-26T19:44:08.406+0300: 77.642: [GC cleanup 4190M->4190M(5120M), 0.0022003 secs]
 [Times: user=0.00 sys=0.00, real=0.00 secs] 
2016-06-26T19:44:08.408+0300: 77.644: Total time for which application threads were stopped: 0.0085026 seconds, Stopping threads took: 0.0058755 seconds
2016-06-26T19:44:09.944+0300: 79.180: [GC pause (G1 Humongous Allocation) (young)
Desired survivor size 70254592 bytes, new threshold 15 (max 15)
- age   1:         40 bytes,         40 total
- age   2:      18024 bytes,      18064 total
- age   3:         16 bytes,      18080 total
- age   4:      63808 bytes,      81888 total
- age   5:         96 bytes,      81984 total
- age   6:       9504 bytes,      91488 total
- age   7:         16 bytes,      91504 total
- age   8:      23624 bytes,     115128 total
- age  10:       3088 bytes,     118216 total
- age  11:         16 bytes,     118232 total
- age  12:        432 bytes,     118664 total
- age  14:        336 bytes,     119000 total
, 0.0798875 secs]
   [Parallel Time: 71.5 ms, GC Workers: 4]
      [GC Worker Start (ms): Min: 79186.2, Avg: 79199.6, Max: 79214.5, Diff: 28.3]
      [Ext Root Scanning (ms): Min: 0.0, Avg: 0.3, Max: 0.7, Diff: 0.7, Sum: 1.3]
      [Update RS (ms): Min: 42.9, Avg: 57.4, Max: 70.4, Diff: 27.6, Sum: 229.7]
         [Processed Buffers: Min: 417, Avg: 521.3, Max: 725, Diff: 308, Sum: 2085]
      [Scan RS (ms): Min: 0.0, Avg: 0.0, Max: 0.1, Diff: 0.1, Sum: 0.2]
      [Code Root Scanning (ms): Min: 0.0, Avg: 0.0, Max: 0.0, Diff: 0.0, Sum: 0.0]
      [Object Copy (ms): Min: 0.2, Avg: 0.2, Max: 0.3, Diff: 0.1, Sum: 1.0]
      [Termination (ms): Min: 0.0, Avg: 0.0, Max: 0.0, Diff: 0.0, Sum: 0.0]
         [Termination Attempts: Min: 1, Avg: 1.0, Max: 1, Diff: 0, Sum: 4]
      [GC Worker Other (ms): Min: 0.0, Avg: 0.0, Max: 0.0, Diff: 0.0, Sum: 0.1]
      [GC Worker Total (ms): Min: 43.1, Avg: 58.0, Max: 71.4, Diff: 28.3, Sum: 232.2]
      [GC Worker End (ms): Min: 79257.7, Avg: 79257.7, Max: 79257.7, Diff: 0.0]
   [Code Root Fixup: 0.0 ms]
   [Code Root Purge: 0.0 ms]
   [Clear CT: 0.0 ms]
   [Other: 8.4 ms]
      [Choose CSet: 0.0 ms]
      [Ref Proc: 0.1 ms]
      [Ref Enq: 0.0 ms]
      [Redirty Cards: 0.0 ms]
      [Humongous Register: 0.8 ms]
      [Humongous Reclaim: 2.2 ms]
      [Free CSet: 0.1 ms]
   [Eden: 62.0M(1069.0M)->0.0B(1102.0M) Survivors: 1024.0K->1024.0K Heap: 4976.2M(5120.0M)->3420.5M(5120.0M)]
 [Times: user=0.20 sys=0.00, real=0.08 secs] 
2016-06-26T19:44:10.024+0300: 79.260: Total time for which application threads were stopped: 0.0855159 seconds, Stopping threads took: 0.0046961 seconds
2016-06-26T19:44:10.027+0300: 79.263: [GC pause (G1 Humongous Allocation) (young) (initial-mark)
Desired survivor size 72351744 bytes, new threshold 15 (max 15)
- age   1:      21552 bytes,      21552 total
- age   2:         16 bytes,      21568 total
- age   3:      11920 bytes,      33488 total
- age   4:         16 bytes,      33504 total
- age   5:      59912 bytes,      93416 total
- age   7:       4248 bytes,      97664 total
- age   8:         16 bytes,      97680 total
- age   9:      20720 bytes,     118400 total
- age  11:        432 bytes,     118832 total
- age  13:         56 bytes,     118888 total
- age  15:        216 bytes,     119104 total
, 0.0032190 secs]
   [Parallel Time: 1.5 ms, GC Workers: 4]
      [GC Worker Start (ms): Min: 79264.2, Avg: 79264.2, Max: 79264.3, Diff: 0.0]
      [Ext Root Scanning (ms): Min: 0.4, Avg: 0.4, Max: 0.4, Diff: 0.0, Sum: 1.6]
      [Update RS (ms): Min: 0.8, Avg: 0.8, Max: 0.8, Diff: 0.0, Sum: 3.2]
         [Processed Buffers: Min: 9, Avg: 9.0, Max: 9, Diff: 0, Sum: 36]
      [Scan RS (ms): Min: 0.0, Avg: 0.0, Max: 0.0, Diff: 0.0, Sum: 0.0]
      [Code Root Scanning (ms): Min: 0.0, Avg: 0.0, Max: 0.0, Diff: 0.0, Sum: 0.0]
      [Object Copy (ms): Min: 0.2, Avg: 0.2, Max: 0.2, Diff: 0.0, Sum: 0.9]
      [Termination (ms): Min: 0.0, Avg: 0.0, Max: 0.0, Diff: 0.0, Sum: 0.0]
         [Termination Attempts: Min: 1, Avg: 1.0, Max: 1, Diff: 0, Sum: 4]
      [GC Worker Other (ms): Min: 0.0, Avg: 0.0, Max: 0.0, Diff: 0.0, Sum: 0.0]
      [GC Worker Total (ms): Min: 1.5, Avg: 1.5, Max: 1.5, Diff: 0.0, Sum: 5.9]
      [GC Worker End (ms): Min: 79265.7, Avg: 79265.7, Max: 79265.7, Diff: 0.0]
   [Code Root Fixup: 0.0 ms]
   [Code Root Purge: 0.0 ms]
   [Clear CT: 0.0 ms]
   [Other: 1.7 ms]
      [Choose CSet: 0.0 ms]
      [Ref Proc: 0.0 ms]
      [Ref Enq: 0.0 ms]
      [Redirty Cards: 0.0 ms]
      [Humongous Register: 0.6 ms]
      [Humongous Reclaim: 0.3 ms]
      [Free CSet: 0.0 ms]
   [Eden: 1024.0K(1102.0M)->0.0B(1098.0M) Survivors: 1024.0K->1024.0K Heap: 3424.9M(5120.0M)->3424.5M(5120.0M)]
 [Times: user=0.02 sys=0.00, real=0.00 secs] 
2016-06-26T19:44:10.030+0300: 79.267: [GC concurrent-root-region-scan-start]
2016-06-26T19:44:10.030+0300: 79.267: Total time for which application threads were stopped: 0.0038224 seconds, Stopping threads took: 0.0000599 seconds
2016-06-26T19:44:10.032+0300: 79.268: [GC concurrent-root-region-scan-end, 0.0013993 secs]
2016-06-26T19:44:10.032+0300: 79.268: [GC concurrent-mark-start]
2016-06-26T19:44:10.042+0300: 79.279: [GC concurrent-mark-end, 0.0105524 secs]
2016-06-26T19:44:10.128+0300: 79.364: [GC remark 2016-06-26T19:44:10.128+0300: 79.364: [Finalize Marking, 0.0002994 secs] 2016-06-26T19:44:10.128+0300: 79.365: [GC ref-proc, 0.0000984 secs] 2016-06-26T19:44:10.128+0300: 79.365: [Unloading, 0.0012231 secs], 0.0203833 secs]
 [Times: user=0.06 sys=0.00, real=0.02 secs] 
2016-06-26T19:44:10.148+0300: 79.385: Total time for which application threads were stopped: 0.0209054 seconds, Stopping threads took: 0.0002733 seconds
2016-06-26T19:44:10.184+0300: 79.421: [GC cleanup 3473M->3473M(5120M), 0.0022576 secs]
 [Times: user=0.06 sys=0.00, real=0.00 secs] 
2016-06-26T19:44:10.187+0300: 79.423: Total time for which application threads were stopped: 0.0030633 seconds, Stopping threads took: 0.0005461 seconds
2016-06-26T19:44:11.608+0300: 80.845: Total time for which application threads were stopped: 0.0071482 seconds, Stopping threads took: 0.0067514 seconds
2016-06-26T19:44:12.548+0300: 81.784: [GC pause (G1 Humongous Allocation) (young)
Desired survivor size 72351744 bytes, new threshold 15 (max 15)
- age   1:         40 bytes,         40 total
- age   2:      21528 bytes,      21568 total
- age   3:         16 bytes,      21584 total
- age   4:      11920 bytes,      33504 total
- age   5:         16 bytes,      33520 total
- age   6:      59912 bytes,      93432 total
- age   8:       4248 bytes,      97680 total
- age   9:         16 bytes,      97696 total
- age  10:      20720 bytes,     118416 total
- age  12:        432 bytes,     118848 total
- age  14:         56 bytes,     118904 total
, 0.0571940 secs]
   [Parallel Time: 49.8 ms, GC Workers: 4]
      [GC Worker Start (ms): Min: 81790.1, Avg: 81790.4, Max: 81791.0, Diff: 0.9]
      [Ext Root Scanning (ms): Min: 0.0, Avg: 0.4, Max: 0.5, Diff: 0.5, Sum: 1.4]
      [Update RS (ms): Min: 48.5, Avg: 48.8, Max: 48.9, Diff: 0.3, Sum: 195.1]
         [Processed Buffers: Min: 512, Avg: 518.8, Max: 524, Diff: 12, Sum: 2075]
      [Scan RS (ms): Min: 0.0, Avg: 0.0, Max: 0.1, Diff: 0.1, Sum: 0.2]
      [Code Root Scanning (ms): Min: 0.0, Avg: 0.0, Max: 0.0, Diff: 0.0, Sum: 0.0]
      [Object Copy (ms): Min: 0.2, Avg: 0.3, Max: 0.3, Diff: 0.1, Sum: 1.1]
      [Termination (ms): Min: 0.0, Avg: 0.0, Max: 0.0, Diff: 0.0, Sum: 0.0]
         [Termination Attempts: Min: 1, Avg: 1.0, Max: 1, Diff: 0, Sum: 4]
      [GC Worker Other (ms): Min: 0.0, Avg: 0.0, Max: 0.0, Diff: 0.0, Sum: 0.1]
      [GC Worker Total (ms): Min: 48.8, Avg: 49.5, Max: 49.7, Diff: 0.9, Sum: 197.9]
      [GC Worker End (ms): Min: 81839.8, Avg: 81839.8, Max: 81839.8, Diff: 0.0]
   [Code Root Fixup: 0.0 ms]
   [Code Root Purge: 0.0 ms]
   [Clear CT: 0.0 ms]
   [Other: 7.4 ms]
      [Choose CSet: 0.0 ms]
      [Ref Proc: 0.1 ms]
      [Ref Enq: 0.0 ms]
      [Redirty Cards: 0.0 ms]
      [Humongous Register: 0.8 ms]
      [Humongous Reclaim: 1.4 ms]
      [Free CSet: 0.1 ms]
   [Eden: 64.0M(1098.0M)->0.0B(415.0M) Survivors: 1024.0K->1024.0K Heap: 4976.3M(5120.0M)->4092.5M(5120.0M)]
 [Times: user=0.19 sys=0.00, real=0.06 secs] 
2016-06-26T19:44:12.605+0300: 81.842: Total time for which application threads were stopped: 0.0671071 seconds, Stopping threads took: 0.0088854 seconds
2016-06-26T19:44:12.611+0300: 81.847: [GC pause (G1 Humongous Allocation) (young) (initial-mark)
Desired survivor size 27262976 bytes, new threshold 15 (max 15)
- age   1:      45072 bytes,      45072 total
- age   2:         16 bytes,      45088 total
- age   3:      15456 bytes,      60544 total
- age   4:         16 bytes,      60560 total
- age   5:       8528 bytes,      69088 total
- age   6:         16 bytes,      69104 total
- age   7:      56616 bytes,     125720 total
- age   9:       2688 bytes,     128408 total
- age  11:      19816 bytes,     148224 total
- age  13:         80 bytes,     148304 total
- age  15:         56 bytes,     148360 total
, 0.0029718 secs]
   [Parallel Time: 1.3 ms, GC Workers: 4]
      [GC Worker Start (ms): Min: 81848.2, Avg: 81848.2, Max: 81848.4, Diff: 0.2]
      [Ext Root Scanning (ms): Min: 0.3, Avg: 0.4, Max: 0.5, Diff: 0.2, Sum: 1.8]
      [Update RS (ms): Min: 0.4, Avg: 0.4, Max: 0.5, Diff: 0.1, Sum: 1.7]
         [Processed Buffers: Min: 4, Avg: 5.0, Max: 6, Diff: 2, Sum: 20]
      [Scan RS (ms): Min: 0.0, Avg: 0.0, Max: 0.0, Diff: 0.0, Sum: 0.0]
      [Code Root Scanning (ms): Min: 0.0, Avg: 0.0, Max: 0.0, Diff: 0.0, Sum: 0.0]
      [Object Copy (ms): Min: 0.2, Avg: 0.3, Max: 0.3, Diff: 0.1, Sum: 1.1]
      [Termination (ms): Min: 0.0, Avg: 0.0, Max: 0.0, Diff: 0.0, Sum: 0.0]
         [Termination Attempts: Min: 1, Avg: 1.0, Max: 1, Diff: 0, Sum: 4]
      [GC Worker Other (ms): Min: 0.0, Avg: 0.0, Max: 0.0, Diff: 0.0, Sum: 0.0]
      [GC Worker Total (ms): Min: 1.0, Avg: 1.2, Max: 1.2, Diff: 0.2, Sum: 4.7]
      [GC Worker End (ms): Min: 81849.4, Avg: 81849.4, Max: 81849.4, Diff: 0.0]
   [Code Root Fixup: 0.0 ms]
   [Code Root Purge: 0.0 ms]
   [Clear CT: 0.0 ms]
   [Other: 1.7 ms]
      [Choose CSet: 0.0 ms]
      [Ref Proc: 0.0 ms]
      [Ref Enq: 0.0 ms]
      [Redirty Cards: 0.0 ms]
      [Humongous Register: 0.7 ms]
      [Humongous Reclaim: 0.3 ms]
      [Free CSet: 0.0 ms]
   [Eden: 1024.0K(415.0M)->0.0B(413.0M) Survivors: 1024.0K->1024.0K Heap: 4095.0M(5120.0M)->4094.4M(5120.0M)]
 [Times: user=0.00 sys=0.00, real=0.00 secs] 
2016-06-26T19:44:12.614+0300: 81.850: [GC concurrent-root-region-scan-start]
2016-06-26T19:44:12.614+0300: 81.850: Total time for which application threads were stopped: 0.0036868 seconds, Stopping threads took: 0.0000962 seconds
2016-06-26T19:44:12.615+0300: 81.852: [GC concurrent-root-region-scan-end, 0.0014108 secs]
2016-06-26T19:44:12.615+0300: 81.852: [GC concurrent-mark-start]
2016-06-26T19:44:12.629+0300: 81.865: [GC concurrent-mark-end, 0.0122018 secs]
2016-06-26T19:44:12.652+0300: 81.888: [GC remark 2016-06-26T19:44:12.652+0300: 81.888: [Finalize Marking, 0.0004084 secs] 2016-06-26T19:44:12.652+0300: 81.889: [GC ref-proc, 0.0001018 secs] 2016-06-26T19:44:12.653+0300: 81.889: [Unloading, 0.0016619 secs], 0.0252183 secs]
 [Times: user=0.11 sys=0.00, real=0.03 secs] 
2016-06-26T19:44:12.677+0300: 81.914: Total time for which application threads were stopped: 0.0312059 seconds, Stopping threads took: 0.0055856 seconds
2016-06-26T19:44:12.680+0300: 81.916: [GC cleanup 4115M->4115M(5120M), 0.0030180 secs]
 [Times: user=0.00 sys=0.00, real=0.00 secs] 
2016-06-26T19:44:12.683+0300: 81.919: Total time for which application threads were stopped: 0.0034922 seconds, Stopping threads took: 0.0000633 seconds
2016-06-26T19:44:13.924+0300: 83.160: [GC pause (G1 Humongous Allocation) (young)
Desired survivor size 27262976 bytes, new threshold 15 (max 15)
- age   1:         40 bytes,         40 total
- age   2:      45048 bytes,      45088 total
- age   3:         16 bytes,      45104 total
- age   4:      15456 bytes,      60560 total
- age   5:         16 bytes,      60576 total
- age   6:       8528 bytes,      69104 total
- age   7:         16 bytes,      69120 total
- age   8:      56616 bytes,     125736 total
- age  10:       2688 bytes,     128424 total
- age  12:      19816 bytes,     148240 total
- age  14:         80 bytes,     148320 total
, 0.0725242 secs]
   [Parallel Time: 64.6 ms, GC Workers: 4]
      [GC Worker Start (ms): Min: 83166.3, Avg: 83169.9, Max: 83180.4, Diff: 14.1]
      [Ext Root Scanning (ms): Min: 0.0, Avg: 0.5, Max: 0.7, Diff: 0.6, Sum: 1.9]
      [Update RS (ms): Min: 50.4, Avg: 60.1, Max: 63.6, Diff: 13.2, Sum: 240.3]
         [Processed Buffers: Min: 332, Avg: 518.5, Max: 678, Diff: 346, Sum: 2074]
      [Scan RS (ms): Min: 0.0, Avg: 0.0, Max: 0.1, Diff: 0.1, Sum: 0.1]
      [Code Root Scanning (ms): Min: 0.0, Avg: 0.0, Max: 0.0, Diff: 0.0, Sum: 0.0]
      [Object Copy (ms): Min: 0.0, Avg: 0.3, Max: 0.6, Diff: 0.6, Sum: 1.0]
      [Termination (ms): Min: 0.0, Avg: 0.1, Max: 0.2, Diff: 0.2, Sum: 0.5]
         [Termination Attempts: Min: 1, Avg: 1.0, Max: 1, Diff: 0, Sum: 4]
      [GC Worker Other (ms): Min: 0.0, Avg: 0.0, Max: 0.0, Diff: 0.0, Sum: 0.0]
      [GC Worker Total (ms): Min: 50.4, Avg: 61.0, Max: 64.6, Diff: 14.1, Sum: 244.0]
      [GC Worker End (ms): Min: 83230.8, Avg: 83230.9, Max: 83230.9, Diff: 0.0]
   [Code Root Fixup: 0.0 ms]
   [Code Root Purge: 0.0 ms]
   [Clear CT: 0.0 ms]
   [Other: 7.9 ms]
      [Choose CSet: 0.0 ms]
      [Ref Proc: 0.1 ms]
      [Ref Enq: 0.0 ms]
      [Redirty Cards: 0.0 ms]
      [Humongous Register: 0.8 ms]
      [Humongous Reclaim: 1.9 ms]
      [Free CSet: 0.0 ms]
   [Eden: 61.0M(413.0M)->0.0B(951.0M) Survivors: 1024.0K->1024.0K Heap: 4977.2M(5120.0M)->3569.0M(5120.0M)]
 [Times: user=0.19 sys=0.00, real=0.07 secs] 
2016-06-26T19:44:13.997+0300: 83.233: Total time for which application threads were stopped: 0.0836641 seconds, Stopping threads took: 0.0102530 seconds
2016-06-26T19:44:14.007+0300: 83.243: [GC pause (G1 Humongous Allocation) (young) (initial-mark)
Desired survivor size 62390272 bytes, new threshold 15 (max 15)
- age   1:      16640 bytes,      16640 total
- age   2:         16 bytes,      16656 total
- age   3:      37432 bytes,      54088 total
- age   5:      10536 bytes,      64624 total
- age   6:         16 bytes,      64640 total
- age   7:       5736 bytes,      70376 total
- age   9:      52752 bytes,     123128 total
- age  11:       1152 bytes,     124280 total
- age  13:      19392 bytes,     143672 total
, 0.0055595 secs]
   [Parallel Time: 3.8 ms, GC Workers: 4]
      [GC Worker Start (ms): Min: 83243.9, Avg: 83244.4, Max: 83244.8, Diff: 0.9]
      [Ext Root Scanning (ms): Min: 0.0, Avg: 1.5, Max: 2.8, Diff: 2.8, Sum: 6.0]
      [Update RS (ms): Min: 0.0, Avg: 0.7, Max: 1.5, Diff: 1.5, Sum: 2.8]
         [Processed Buffers: Min: 0, Avg: 4.5, Max: 16, Diff: 16, Sum: 18]
      [Scan RS (ms): Min: 0.0, Avg: 0.0, Max: 0.0, Diff: 0.0, Sum: 0.0]
      [Code Root Scanning (ms): Min: 0.0, Avg: 0.0, Max: 0.0, Diff: 0.0, Sum: 0.0]
      [Object Copy (ms): Min: 0.0, Avg: 0.4, Max: 0.5, Diff: 0.5, Sum: 1.5]
      [Termination (ms): Min: 0.0, Avg: 0.6, Max: 1.1, Diff: 1.1, Sum: 2.6]
         [Termination Attempts: Min: 1, Avg: 1.0, Max: 1, Diff: 0, Sum: 4]
      [GC Worker Other (ms): Min: 0.0, Avg: 0.0, Max: 0.0, Diff: 0.0, Sum: 0.0]
      [GC Worker Total (ms): Min: 2.5, Avg: 3.2, Max: 3.8, Diff: 1.3, Sum: 13.0]
      [GC Worker End (ms): Min: 83247.3, Avg: 83247.6, Max: 83247.8, Diff: 0.4]
   [Code Root Fixup: 0.0 ms]
   [Code Root Purge: 0.0 ms]
   [Clear CT: 0.0 ms]
   [Other: 1.7 ms]
      [Choose CSet: 0.0 ms]
      [Ref Proc: 0.1 ms]
      [Ref Enq: 0.0 ms]
      [Redirty Cards: 0.0 ms]
      [Humongous Register: 0.6 ms]
      [Humongous Reclaim: 0.3 ms]
      [Free CSet: 0.0 ms]
   [Eden: 1024.0K(951.0M)->0.0B(949.0M) Survivors: 1024.0K->1024.0K Heap: 3571.5M(5120.0M)->3571.0M(5120.0M)]
 [Times: user=0.00 sys=0.00, real=0.01 secs] 
2016-06-26T19:44:14.012+0300: 83.249: [GC concurrent-root-region-scan-start]
2016-06-26T19:44:14.012+0300: 83.249: Total time for which application threads were stopped: 0.0064576 seconds, Stopping threads took: 0.0002912 seconds
2016-06-26T19:44:14.014+0300: 83.250: [GC concurrent-root-region-scan-end, 0.0013522 secs]
2016-06-26T19:44:14.014+0300: 83.250: [GC concurrent-mark-start]
2016-06-26T19:44:14.025+0300: 83.261: [GC concurrent-mark-end, 0.0108440 secs]
2016-06-26T19:44:15.375+0300: 84.612: [GC remark 2016-06-26T19:44:15.375+0300: 84.612: [Finalize Marking, 0.0050510 secs] 2016-06-26T19:44:15.380+0300: 84.617: [GC ref-proc, 0.0001095 secs] 2016-06-26T19:44:15.381+0300: 84.617: [Unloading, 0.0016456 secs], 0.0263371 secs]
 [Times: user=0.06 sys=0.00, real=0.03 secs] 
2016-06-26T19:44:15.402+0300: 84.638: Total time for which application threads were stopped: 0.0340832 seconds, Stopping threads took: 0.0073257 seconds
2016-06-26T19:44:15.463+0300: 84.699: [GC cleanup 4373M->4373M(5120M), 0.0021160 secs]
 [Times: user=0.00 sys=0.00, real=0.00 secs] 
2016-06-26T19:44:15.465+0300: 84.701: Total time for which application threads were stopped: 0.0085133 seconds, Stopping threads took: 0.0059598 seconds
2016-06-26T19:44:16.398+0300: 85.634: [GC pause (G1 Humongous Allocation) (young)
Desired survivor size 62390272 bytes, new threshold 15 (max 15)
- age   1:         40 bytes,         40 total
- age   2:      16616 bytes,      16656 total
- age   3:         16 bytes,      16672 total
- age   4:      37432 bytes,      54104 total
- age   6:      10536 bytes,      64640 total
- age   7:         16 bytes,      64656 total
- age   8:       5736 bytes,      70392 total
- age  10:      52752 bytes,     123144 total
- age  12:       1152 bytes,     124296 total
- age  14:      19392 bytes,     143688 total
, 0.0681009 secs]
   [Parallel Time: 60.9 ms, GC Workers: 4]
      [GC Worker Start (ms): Min: 85639.4, Avg: 85648.0, Max: 85671.1, Diff: 31.7]
      [Ext Root Scanning (ms): Min: 0.0, Avg: 0.6, Max: 1.6, Diff: 1.6, Sum: 2.4]
      [Update RS (ms): Min: 28.8, Avg: 51.3, Max: 59.6, Diff: 30.8, Sum: 205.3]
         [Processed Buffers: Min: 317, Avg: 440.5, Max: 515, Diff: 198, Sum: 1762]
      [Scan RS (ms): Min: 0.0, Avg: 0.0, Max: 0.1, Diff: 0.1, Sum: 0.1]
      [Code Root Scanning (ms): Min: 0.0, Avg: 0.0, Max: 0.0, Diff: 0.0, Sum: 0.0]
      [Object Copy (ms): Min: 0.2, Avg: 0.3, Max: 0.4, Diff: 0.2, Sum: 1.2]
      [Termination (ms): Min: 0.0, Avg: 0.0, Max: 0.0, Diff: 0.0, Sum: 0.0]
         [Termination Attempts: Min: 1, Avg: 1.0, Max: 1, Diff: 0, Sum: 4]
      [GC Worker Other (ms): Min: 0.0, Avg: 0.0, Max: 0.0, Diff: 0.0, Sum: 0.1]
      [GC Worker Total (ms): Min: 29.2, Avg: 52.3, Max: 60.8, Diff: 31.7, Sum: 209.0]
      [GC Worker End (ms): Min: 85700.3, Avg: 85700.3, Max: 85700.3, Diff: 0.0]
   [Code Root Fixup: 0.0 ms]
   [Code Root Purge: 0.0 ms]
   [Clear CT: 0.0 ms]
   [Other: 7.2 ms]
      [Choose CSet: 0.0 ms]
      [Ref Proc: 0.0 ms]
      [Ref Enq: 0.0 ms]
      [Redirty Cards: 0.0 ms]
      [Humongous Register: 0.8 ms]
      [Humongous Reclaim: 2.0 ms]
      [Free CSet: 0.1 ms]
   [Eden: 63.0M(949.0M)->0.0B(983.0M) Survivors: 1024.0K->1024.0K Heap: 4977.2M(5120.0M)->3537.8M(5120.0M)]
 [Times: user=0.16 sys=0.00, real=0.07 secs] 
2016-06-26T19:44:16.466+0300: 85.703: Total time for which application threads were stopped: 0.0863643 seconds, Stopping threads took: 0.0172815 seconds
2016-06-26T19:44:16.470+0300: 85.706: [GC pause (G1 Humongous Allocation) (young) (initial-mark)
Desired survivor size 64487424 bytes, new threshold 15 (max 15)
- age   1:      20904 bytes,      20904 total
- age   2:         16 bytes,      20920 total
- age   3:      10784 bytes,      31704 total
- age   4:         16 bytes,      31720 total
- age   5:      33752 bytes,      65472 total
- age   7:       5920 bytes,      71392 total
- age   9:       2696 bytes,      74088 total
- age  11:      50056 bytes,     124144 total
- age  13:        128 bytes,     124272 total
- age  15:      19392 bytes,     143664 total
, 0.0033768 secs]
   [Parallel Time: 1.8 ms, GC Workers: 4]
      [GC Worker Start (ms): Min: 85707.4, Avg: 85707.5, Max: 85707.9, Diff: 0.6]
      [Ext Root Scanning (ms): Min: 0.0, Avg: 0.7, Max: 1.5, Diff: 1.5, Sum: 2.7]
      [Update RS (ms): Min: 0.0, Avg: 0.4, Max: 0.6, Diff: 0.6, Sum: 1.7]
         [Processed Buffers: Min: 0, Avg: 5.0, Max: 8, Diff: 8, Sum: 20]
      [Scan RS (ms): Min: 0.0, Avg: 0.0, Max: 0.0, Diff: 0.0, Sum: 0.0]
      [Code Root Scanning (ms): Min: 0.0, Avg: 0.0, Max: 0.0, Diff: 0.0, Sum: 0.0]
      [Object Copy (ms): Min: 0.2, Avg: 0.3, Max: 0.4, Diff: 0.2, Sum: 1.1]
      [Termination (ms): Min: 0.0, Avg: 0.2, Max: 0.2, Diff: 0.2, Sum: 0.7]
         [Termination Attempts: Min: 1, Avg: 1.3, Max: 2, Diff: 1, Sum: 5]
      [GC Worker Other (ms): Min: 0.0, Avg: 0.0, Max: 0.0, Diff: 0.0, Sum: 0.0]
      [GC Worker Total (ms): Min: 1.1, Avg: 1.6, Max: 1.7, Diff: 0.6, Sum: 6.3]
      [GC Worker End (ms): Min: 85709.1, Avg: 85709.1, Max: 85709.1, Diff: 0.0]
   [Code Root Fixup: 0.0 ms]
   [Code Root Purge: 0.0 ms]
   [Clear CT: 0.0 ms]
   [Other: 1.6 ms]
      [Choose CSet: 0.0 ms]
      [Ref Proc: 0.1 ms]
      [Ref Enq: 0.0 ms]
      [Redirty Cards: 0.0 ms]
      [Humongous Register: 0.6 ms]
      [Humongous Reclaim: 0.2 ms]
      [Free CSet: 0.0 ms]
   [Eden: 1024.0K(983.0M)->0.0B(981.0M) Survivors: 1024.0K->1024.0K Heap: 3540.8M(5120.0M)->3539.8M(5120.0M)]
 [Times: user=0.00 sys=0.00, real=0.00 secs] 
2016-06-26T19:44:16.473+0300: 85.7102016-06-26T19:44:16.473+0300: : [GC concurrent-root-region-scan-start]
85.710: Total time for which application threads were stopped: 0.0040234 seconds, Stopping threads took: 0.0000612 seconds
2016-06-26T19:44:16.475+0300: 85.711: [GC concurrent-root-region-scan-end, 0.0012693 secs]
2016-06-26T19:44:16.475+0300: 85.711: [GC concurrent-mark-start]
2016-06-26T19:44:16.485+0300: 85.722: Total time for which application threads were stopped: 0.0004597 seconds, Stopping threads took: 0.0001304 seconds
2016-06-26T19:44:16.487+0300: 85.724: [GC concurrent-mark-end, 0.0116142 secs]
2016-06-26T19:44:16.531+0300: 85.768: [GC remark 2016-06-26T19:44:16.531+0300: 85.768: [Finalize Marking, 0.0004114 secs] 2016-06-26T19:44:16.531+0300: 85.768: [GC ref-proc, 0.0001095 secs] 2016-06-26T19:44:16.532+0300: 85.768: [Unloading, 0.0015639 secs], 0.0282594 secs]
 [Times: user=0.05 sys=0.00, real=0.03 secs] 
2016-06-26T19:44:16.559+0300: 85.796: Total time for which application threads were stopped: 0.0363147 seconds, Stopping threads took: 0.0076033 seconds
2016-06-26T19:44:16.562+0300: 85.798: [GC cleanup 3563M->3563M(5120M), 0.0022234 secs]
 [Times: user=0.00 sys=0.00, real=0.00 secs] 
2016-06-26T19:44:16.564+0300: 85.801: Total time for which application threads were stopped: 0.0026904 seconds, Stopping threads took: 0.0000466 seconds
2016-06-26T19:44:18.982+0300: 88.218: [GC pause (G1 Humongous Allocation) (young)
Desired survivor size 64487424 bytes, new threshold 15 (max 15)
- age   1:         80 bytes,         80 total
- age   2:      20856 bytes,      20936 total
- age   3:         16 bytes,      20952 total
- age   4:      10784 bytes,      31736 total
- age   5:         16 bytes,      31752 total
- age   6:      33752 bytes,      65504 total
- age   8:       5920 bytes,      71424 total
- age  10:       2696 bytes,      74120 total
- age  12:      50056 bytes,     124176 total
- age  14:        128 bytes,     124304 total
, 0.0580750 secs]
   [Parallel Time: 50.8 ms, GC Workers: 4]
      [GC Worker Start (ms): Min: 88223.7, Avg: 88223.7, Max: 88223.7, Diff: 0.0]
      [Ext Root Scanning (ms): Min: 0.3, Avg: 0.4, Max: 0.4, Diff: 0.0, Sum: 1.5]
      [Update RS (ms): Min: 50.0, Avg: 50.1, Max: 50.1, Diff: 0.1, Sum: 200.3]
         [Processed Buffers: Min: 514, Avg: 521.5, Max: 529, Diff: 15, Sum: 2086]
      [Scan RS (ms): Min: 0.0, Avg: 0.0, Max: 0.0, Diff: 0.0, Sum: 0.1]
      [Code Root Scanning (ms): Min: 0.0, Avg: 0.0, Max: 0.0, Diff: 0.0, Sum: 0.0]
      [Object Copy (ms): Min: 0.2, Avg: 0.3, Max: 0.3, Diff: 0.0, Sum: 1.0]
      [Termination (ms): Min: 0.0, Avg: 0.0, Max: 0.0, Diff: 0.0, Sum: 0.0]
         [Termination Attempts: Min: 1, Avg: 1.3, Max: 2, Diff: 1, Sum: 5]
      [GC Worker Other (ms): Min: 0.0, Avg: 0.0, Max: 0.0, Diff: 0.0, Sum: 0.0]
      [GC Worker Total (ms): Min: 50.7, Avg: 50.7, Max: 50.7, Diff: 0.0, Sum: 202.9]
      [GC Worker End (ms): Min: 88274.4, Avg: 88274.4, Max: 88274.4, Diff: 0.0]
   [Code Root Fixup: 0.0 ms]
   [Code Root Purge: 0.0 ms]
   [Clear CT: 0.0 ms]
   [Other: 7.2 ms]
      [Choose CSet: 0.0 ms]
      [Ref Proc: 0.1 ms]
      [Ref Enq: 0.0 ms]
      [Redirty Cards: 0.0 ms]
      [Humongous Register: 0.8 ms]
      [Humongous Reclaim: 1.4 ms]
      [Free CSet: 0.1 ms]
   [Eden: 63.0M(981.0M)->0.0B(443.0M) Survivors: 1024.0K->1024.0K Heap: 4977.8M(5120.0M)->4065.1M(5120.0M)]
 [Times: user=0.20 sys=0.00, real=0.06 secs] 
2016-06-26T19:44:19.040+0300: 88.276: Total time for which application threads were stopped: 0.0634301 seconds, Stopping threads took: 0.0044981 seconds
2016-06-26T19:44:19.041+0300: 88.278: [GC pause (G1 Humongous Allocation) (young) (initial-mark)
Desired survivor size 29360128 bytes, new threshold 15 (max 15)
- age   1:      21408 bytes,      21408 total
- age   2:         32 bytes,      21440 total
- age   3:      15448 bytes,      36888 total
- age   4:         16 bytes,      36904 total
- age   5:       8032 bytes,      44936 total
- age   6:         16 bytes,      44952 total
- age   7:      30440 bytes,      75392 total
- age   9:       3312 bytes,      78704 total
- age  11:       1752 bytes,      80456 total
- age  13:      49416 bytes,     129872 total
, 0.0029170 secs]
   [Parallel Time: 1.2 ms, GC Workers: 4]
      [GC Worker Start (ms): Min: 88278.9, Avg: 88278.9, Max: 88278.9, Diff: 0.0]
      [Ext Root Scanning (ms): Min: 0.4, Avg: 0.4, Max: 0.4, Diff: 0.0, Sum: 1.7]
      [Update RS (ms): Min: 0.4, Avg: 0.4, Max: 0.5, Diff: 0.1, Sum: 1.7]
         [Processed Buffers: Min: 4, Avg: 5.0, Max: 6, Diff: 2, Sum: 20]
      [Scan RS (ms): Min: 0.0, Avg: 0.0, Max: 0.0, Diff: 0.0, Sum: 0.0]
      [Code Root Scanning (ms): Min: 0.0, Avg: 0.0, Max: 0.0, Diff: 0.0, Sum: 0.0]
      [Object Copy (ms): Min: 0.2, Avg: 0.3, Max: 0.3, Diff: 0.1, Sum: 1.1]
      [Termination (ms): Min: 0.0, Avg: 0.0, Max: 0.0, Diff: 0.0, Sum: 0.0]
         [Termination Attempts: Min: 1, Avg: 1.0, Max: 1, Diff: 0, Sum: 4]
      [GC Worker Other (ms): Min: 0.0, Avg: 0.0, Max: 0.0, Diff: 0.0, Sum: 0.0]
      [GC Worker Total (ms): Min: 1.1, Avg: 1.2, Max: 1.2, Diff: 0.0, Sum: 4.6]
      [GC Worker End (ms): Min: 88280.1, Avg: 88280.1, Max: 88280.1, Diff: 0.0]
   [Code Root Fixup: 0.0 ms]
   [Code Root Purge: 0.0 ms]
   [Clear CT: 0.0 ms]
   [Other: 1.7 ms]
      [Choose CSet: 0.0 ms]
      [Ref Proc: 0.0 ms]
      [Ref Enq: 0.0 ms]
      [Redirty Cards: 0.0 ms]
      [Humongous Register: 0.7 ms]
      [Humongous Reclaim: 0.3 ms]
      [Free CSet: 0.0 ms]
   [Eden: 1024.0K(443.0M)->0.0B(441.0M) Survivors: 1024.0K->1024.0K Heap: 4067.7M(5120.0M)->4067.1M(5120.0M)]
 [Times: user=0.00 sys=0.00, real=0.00 secs] 
2016-06-26T19:44:19.045+0300: 88.281: [GC concurrent-root-region-scan-start]
2016-06-26T19:44:19.045+0300: 88.281: Total time for which application threads were stopped: 0.0035512 seconds, Stopping threads took: 0.0000744 seconds
2016-06-26T19:44:19.046+0300: 88.282: [GC concurrent-root-region-scan-end, 0.0013484 secs]
2016-06-26T19:44:19.046+0300: 88.282: [GC concurrent-mark-start]
2016-06-26T19:44:19.057+0300: 88.293: [GC concurrent-mark-end, 0.0106435 secs]
2016-06-26T19:44:20.235+0300: 89.472: Total time for which application threads were stopped: 0.0069797 seconds, Stopping threads took: 0.0066748 seconds
2016-06-26T19:44:20.468+0300: 89.704: [GC remark 2016-06-26T19:44:20.468+0300: 89.704: [Finalize Marking, 0.0048389 secs] 2016-06-26T19:44:20.473+0300: 89.709: [GC ref-proc, 0.0000761 secs] 2016-06-26T19:44:20.473+0300: 89.709: [Unloading, 0.0011876 secs], 0.0290219 secs]
 [Times: user=0.06 sys=0.00, real=0.03 secs] 
2016-06-26T19:44:20.497+0300: 89.733: Total time for which application threads were stopped: 0.0318128 seconds, Stopping threads took: 0.0025223 seconds
2016-06-26T19:44:20.728+0300: 89.965: [GC pause (G1 Humongous Allocation) (young)
Desired survivor size 29360128 bytes, new threshold 15 (max 15)
- age   1:         40 bytes,         40 total
- age   2:      21384 bytes,      21424 total
- age   3:         32 bytes,      21456 total
- age   4:      15448 bytes,      36904 total
- age   5:         16 bytes,      36920 total
- age   6:       8032 bytes,      44952 total
- age   7:         16 bytes,      44968 total
- age   8:      30440 bytes,      75408 total
- age  10:       3312 bytes,      78720 total
- age  12:       1752 bytes,      80472 total
- age  14:      49416 bytes,     129888 total
, 0.0153541 secs]
   [Parallel Time: 10.9 ms, GC Workers: 4]
      [GC Worker Start (ms): Min: 89966.7, Avg: 89966.7, Max: 89966.7, Diff: 0.0]
      [Ext Root Scanning (ms): Min: 0.3, Avg: 0.3, Max: 0.4, Diff: 0.0, Sum: 1.4]
      [Update RS (ms): Min: 10.2, Avg: 10.2, Max: 10.3, Diff: 0.1, Sum: 41.0]
         [Processed Buffers: Min: 123, Avg: 124.0, Max: 125, Diff: 2, Sum: 496]
      [Scan RS (ms): Min: 0.0, Avg: 0.0, Max: 0.0, Diff: 0.0, Sum: 0.1]
      [Code Root Scanning (ms): Min: 0.0, Avg: 0.0, Max: 0.0, Diff: 0.0, Sum: 0.0]
      [Object Copy (ms): Min: 0.2, Avg: 0.2, Max: 0.3, Diff: 0.1, Sum: 1.0]
      [Termination (ms): Min: 0.0, Avg: 0.0, Max: 0.0, Diff: 0.0, Sum: 0.0]
         [Termination Attempts: Min: 1, Avg: 1.0, Max: 1, Diff: 0, Sum: 4]
      [GC Worker Other (ms): Min: 0.0, Avg: 0.0, Max: 0.0, Diff: 0.0, Sum: 0.0]
      [GC Worker Total (ms): Min: 10.9, Avg: 10.9, Max: 10.9, Diff: 0.0, Sum: 43.5]
      [GC Worker End (ms): Min: 89977.6, Avg: 89977.6, Max: 89977.6, Diff: 0.0]
   [Code Root Fixup: 0.0 ms]
   [Code Root Purge: 0.0 ms]
   [Clear CT: 0.0 ms]
   [Other: 4.4 ms]
      [Choose CSet: 0.0 ms]
      [Ref Proc: 0.0 ms]
      [Ref Enq: 0.0 ms]
      [Redirty Cards: 0.0 ms]
      [Humongous Register: 0.8 ms]
      [Humongous Reclaim: 2.3 ms]
      [Free CSet: 0.1 ms]
   [Eden: 64.0M(441.0M)->0.0B(1225.0M) Survivors: 1024.0K->1024.0K Heap: 4976.3M(5120.0M)->3301.5M(5120.0M)]
 [Times: user=0.06 sys=0.00, real=0.02 secs] 
2016-06-26T19:44:20.744+0300: 89.980: Total time for which application threads were stopped: 0.0206985 seconds, Stopping threads took: 0.0045259 seconds
2016-06-26T19:44:21.835+0300: 91.071: [GC cleanup 4079M->4079M(5120M), 0.0021815 secs]
 [Times: user=0.00 sys=0.00, real=0.00 secs] 
2016-06-26T19:44:21.837+0300: 91.073: Total time for which application threads were stopped: 0.0107790 seconds, Stopping threads took: 0.0081921 seconds
2016-06-26T19:44:23.375+0300: 92.612: [GC pause (G1 Humongous Allocation) (young)
Desired survivor size 80740352 bytes, new threshold 15 (max 15)
- age   1:      21720 bytes,      21720 total
- age   2:         16 bytes,      21736 total
- age   3:      13312 bytes,      35048 total
- age   4:         16 bytes,      35064 total
- age   5:       9744 bytes,      44808 total
- age   6:         16 bytes,      44824 total
- age   7:       4384 bytes,      49208 total
- age   9:      26904 bytes,      76112 total
- age  11:       1288 bytes,      77400 total
- age  13:       1168 bytes,      78568 total
- age  15:      49352 bytes,     127920 total
, 0.0738469 secs]
   [Parallel Time: 65.7 ms, GC Workers: 4]
      [GC Worker Start (ms): Min: 92618.0, Avg: 92626.0, Max: 92649.6, Diff: 31.6]
      [Ext Root Scanning (ms): Min: 0.0, Avg: 0.4, Max: 0.6, Diff: 0.6, Sum: 1.5]
      [Update RS (ms): Min: 33.6, Avg: 56.9, Max: 65.0, Diff: 31.3, Sum: 227.7]
         [Processed Buffers: Min: 372, Avg: 521.0, Max: 673, Diff: 301, Sum: 2084]
      [Scan RS (ms): Min: 0.0, Avg: 0.0, Max: 0.0, Diff: 0.0, Sum: 0.1]
      [Code Root Scanning (ms): Min: 0.0, Avg: 0.0, Max: 0.0, Diff: 0.0, Sum: 0.1]
      [Object Copy (ms): Min: 0.1, Avg: 0.3, Max: 0.4, Diff: 0.3, Sum: 1.1]
      [Termination (ms): Min: 0.0, Avg: 0.1, Max: 0.1, Diff: 0.1, Sum: 0.2]
         [Termination Attempts: Min: 1, Avg: 1.0, Max: 1, Diff: 0, Sum: 4]
      [GC Worker Other (ms): Min: 0.0, Avg: 0.0, Max: 0.0, Diff: 0.0, Sum: 0.0]
      [GC Worker Total (ms): Min: 34.1, Avg: 57.7, Max: 65.7, Diff: 31.6, Sum: 230.7]
      [GC Worker End (ms): Min: 92683.7, Avg: 92683.7, Max: 92683.7, Diff: 0.0]
   [Code Root Fixup: 0.0 ms]
   [Code Root Purge: 0.0 ms]
   [Clear CT: 0.0 ms]
   [Other: 8.1 ms]
      [Choose CSet: 0.0 ms]
      [Ref Proc: 0.0 ms]
      [Ref Enq: 0.0 ms]
      [Redirty Cards: 0.0 ms]
      [Humongous Register: 0.8 ms]
      [Humongous Reclaim: 1.9 ms]
      [Free CSet: 0.0 ms]
   [Eden: 64.0M(1225.0M)->0.0B(925.0M) Survivors: 1024.0K->1024.0K Heap: 4976.3M(5120.0M)->3594.4M(5120.0M)]
 [Times: user=0.19 sys=0.00, real=0.07 secs] 
2016-06-26T19:44:23.449+0300: 92.686: Total time for which application threads were stopped: 0.0814446 seconds, Stopping threads took: 0.0066248 seconds
2016-06-26T19:44:23.457+0300: 92.694: [GC pause (G1 Humongous Allocation) (young) (initial-mark)
Desired survivor size 60817408 bytes, new threshold 15 (max 15)
- age   1:      21176 bytes,      21176 total
- age   2:      15256 bytes,      36432 total
- age   4:      10208 bytes,      46640 total
- age   6:       5304 bytes,      51944 total
- age   7:         16 bytes,      51960 total
- age   8:       1656 bytes,      53616 total
- age  10:      24536 bytes,      78152 total
- age  12:         48 bytes,      78200 total
- age  14:       1080 bytes,      79280 total
, 0.0029153 secs]
   [Parallel Time: 1.2 ms, GC Workers: 4]
      [GC Worker Start (ms): Min: 92695.1, Avg: 92695.1, Max: 92695.1, Diff: 0.0]
      [Ext Root Scanning (ms): Min: 0.4, Avg: 0.4, Max: 0.4, Diff: 0.0, Sum: 1.7]
      [Update RS (ms): Min: 0.5, Avg: 0.5, Max: 0.5, Diff: 0.1, Sum: 1.9]
         [Processed Buffers: Min: 4, Avg: 4.8, Max: 5, Diff: 1, Sum: 19]
      [Scan RS (ms): Min: 0.0, Avg: 0.0, Max: 0.0, Diff: 0.0, Sum: 0.0]
      [Code Root Scanning (ms): Min: 0.0, Avg: 0.0, Max: 0.0, Diff: 0.0, Sum: 0.0]
      [Object Copy (ms): Min: 0.2, Avg: 0.2, Max: 0.2, Diff: 0.1, Sum: 0.9]
      [Termination (ms): Min: 0.0, Avg: 0.0, Max: 0.0, Diff: 0.0, Sum: 0.0]
         [Termination Attempts: Min: 1, Avg: 1.0, Max: 1, Diff: 0, Sum: 4]
      [GC Worker Other (ms): Min: 0.0, Avg: 0.0, Max: 0.0, Diff: 0.0, Sum: 0.0]
      [GC Worker Total (ms): Min: 1.1, Avg: 1.2, Max: 1.2, Diff: 0.0, Sum: 4.6]
      [GC Worker End (ms): Min: 92696.2, Avg: 92696.2, Max: 92696.2, Diff: 0.0]
   [Code Root Fixup: 0.0 ms]
   [Code Root Purge: 0.0 ms]
   [Clear CT: 0.0 ms]
   [Other: 1.7 ms]
      [Choose CSet: 0.0 ms]
      [Ref Proc: 0.0 ms]
      [Ref Enq: 0.0 ms]
      [Redirty Cards: 0.0 ms]
      [Humongous Register: 0.6 ms]
      [Humongous Reclaim: 0.3 ms]
      [Free CSet: 0.0 ms]
   [Eden: 1024.0K(925.0M)->0.0B(923.0M) Survivors: 1024.0K->1024.0K Heap: 3596.9M(5120.0M)->3596.3M(5120.0M)]
 [Times: user=0.00 sys=0.00, real=0.00 secs] 
2016-06-26T19:44:23.461+0300: 92.697: [GC concurrent-root-region-scan-start]
2016-06-26T19:44:23.461+0300: 92.697: Total time for which application threads were stopped: 0.0035803 seconds, Stopping threads took: 0.0000607 seconds
2016-06-26T19:44:23.462+0300: 92.698: [GC concurrent-root-region-scan-end, 0.0012227 secs]
2016-06-26T19:44:23.462+0300: 92.698: [GC concurrent-mark-start]
2016-06-26T19:44:23.473+0300: 92.710: [GC concurrent-mark-end, 0.0114432 secs]
2016-06-26T19:44:25.142+0300: 94.379: [GC remark 2016-06-26T19:44:25.142+0300: 94.379: [Finalize Marking, 0.0055146 secs] 2016-06-26T19:44:25.148+0300: 94.384: [GC ref-proc, 0.0001129 secs] 2016-06-26T19:44:25.148+0300: 94.384: [Unloading, 0.0017837 secs], 0.0271329 secs]
 [Times: user=0.06 sys=0.00, real=0.03 secs] 
2016-06-26T19:44:25.169+0300: 94.406: Total time for which application threads were stopped: 0.0381972 seconds, Stopping threads took: 0.0106088 seconds
2016-06-26T19:44:25.260+0300: 94.496: [GC cleanup 4388M->4388M(5120M), 0.0033079 secs]
 [Times: user=0.00 sys=0.00, real=0.00 secs] 
2016-06-26T19:44:25.263+0300: 94.500: Total time for which application threads were stopped: 0.0040247 seconds, Stopping threads took: 0.0002968 seconds
2016-06-26T19:44:26.403+0300: 95.639: [GC pause (G1 Humongous Allocation) (young)
Desired survivor size 60817408 bytes, new threshold 15 (max 15)
- age   1:         40 bytes,         40 total
- age   2:      21152 bytes,      21192 total
- age   3:      15256 bytes,      36448 total
- age   5:      10208 bytes,      46656 total
- age   7:       5304 bytes,      51960 total
- age   8:         16 bytes,      51976 total
- age   9:       1656 bytes,      53632 total
- age  11:      24536 bytes,      78168 total
- age  13:         48 bytes,      78216 total
- age  15:       1080 bytes,      79296 total
, 0.0540752 secs]
   [Parallel Time: 46.6 ms, GC Workers: 4]
      [GC Worker Start (ms): Min: 95644.4, Avg: 95645.7, Max: 95649.5, Diff: 5.2]
      [Ext Root Scanning (ms): Min: 0.0, Avg: 0.4, Max: 0.5, Diff: 0.5, Sum: 1.4]
      [Update RS (ms): Min: 41.1, Avg: 44.6, Max: 45.7, Diff: 4.6, Sum: 178.4]
         [Processed Buffers: Min: 382, Avg: 433.0, Max: 480, Diff: 98, Sum: 1732]
      [Scan RS (ms): Min: 0.0, Avg: 0.0, Max: 0.1, Diff: 0.0, Sum: 0.1]
      [Code Root Scanning (ms): Min: 0.0, Avg: 0.0, Max: 0.0, Diff: 0.0, Sum: 0.0]
      [Object Copy (ms): Min: 0.2, Avg: 0.2, Max: 0.3, Diff: 0.1, Sum: 0.9]
      [Termination (ms): Min: 0.0, Avg: 0.0, Max: 0.0, Diff: 0.0, Sum: 0.0]
         [Termination Attempts: Min: 1, Avg: 1.0, Max: 1, Diff: 0, Sum: 4]
      [GC Worker Other (ms): Min: 0.0, Avg: 0.0, Max: 0.0, Diff: 0.0, Sum: 0.1]
      [GC Worker Total (ms): Min: 41.4, Avg: 45.2, Max: 46.5, Diff: 5.2, Sum: 180.9]
      [GC Worker End (ms): Min: 95690.9, Avg: 95690.9, Max: 95690.9, Diff: 0.0]
   [Code Root Fixup: 0.0 ms]
   [Code Root Purge: 0.0 ms]
   [Clear CT: 0.0 ms]
   [Other: 7.5 ms]
      [Choose CSet: 0.0 ms]
      [Ref Proc: 0.0 ms]
      [Ref Enq: 0.0 ms]
      [Redirty Cards: 0.0 ms]
      [Humongous Register: 0.8 ms]
      [Humongous Reclaim: 2.3 ms]
      [Free CSet: 0.1 ms]
   [Eden: 64.0M(923.0M)->0.0B(355.0M) Survivors: 1024.0K->1024.0K Heap: 4976.8M(5120.0M)->4151.1M(5120.0M)]
 [Times: user=0.20 sys=0.00, real=0.05 secs] 
2016-06-26T19:44:26.457+0300: 95.694: Total time for which application threads were stopped: 0.0628185 seconds, Stopping threads took: 0.0077598 seconds
2016-06-26T19:44:26.460+0300: 95.696: [GC pause (G1 Humongous Allocation) (young) (initial-mark)
Desired survivor size 23592960 bytes, new threshold 15 (max 15)
- age   1:      19600 bytes,      19600 total
- age   3:      14048 bytes,      33648 total
- age   4:      10632 bytes,      44280 total
- age   6:       9072 bytes,      53352 total
- age   8:       4632 bytes,      57984 total
- age   9:         16 bytes,      58000 total
- age  10:       1336 bytes,      59336 total
- age  12:      24384 bytes,      83720 total
, 0.0027840 secs]
   [Parallel Time: 1.1 ms, GC Workers: 4]
      [GC Worker Start (ms): Min: 95697.3, Avg: 95697.3, Max: 95697.3, Diff: 0.0]
      [Ext Root Scanning (ms): Min: 0.4, Avg: 0.4, Max: 0.4, Diff: 0.0, Sum: 1.7]
      [Update RS (ms): Min: 0.4, Avg: 0.4, Max: 0.5, Diff: 0.1, Sum: 1.7]
         [Processed Buffers: Min: 4, Avg: 4.8, Max: 6, Diff: 2, Sum: 19]
      [Scan RS (ms): Min: 0.0, Avg: 0.0, Max: 0.0, Diff: 0.0, Sum: 0.0]
      [Code Root Scanning (ms): Min: 0.0, Avg: 0.0, Max: 0.0, Diff: 0.0, Sum: 0.0]
      [Object Copy (ms): Min: 0.2, Avg: 0.2, Max: 0.2, Diff: 0.1, Sum: 0.9]
      [Termination (ms): Min: 0.0, Avg: 0.0, Max: 0.0, Diff: 0.0, Sum: 0.0]
         [Termination Attempts: Min: 1, Avg: 1.0, Max: 1, Diff: 0, Sum: 4]
      [GC Worker Other (ms): Min: 0.0, Avg: 0.0, Max: 0.0, Diff: 0.0, Sum: 0.0]
      [GC Worker Total (ms): Min: 1.1, Avg: 1.1, Max: 1.1, Diff: 0.0, Sum: 4.4]
      [GC Worker End (ms): Min: 95698.4, Avg: 95698.4, Max: 95698.4, Diff: 0.0]
   [Code Root Fixup: 0.0 ms]
   [Code Root Purge: 0.0 ms]
   [Clear CT: 0.0 ms]
   [Other: 1.6 ms]
      [Choose CSet: 0.0 ms]
      [Ref Proc: 0.0 ms]
      [Ref Enq: 0.0 ms]
      [Redirty Cards: 0.0 ms]
      [Humongous Register: 0.7 ms]
      [Humongous Reclaim: 0.3 ms]
      [Free CSet: 0.0 ms]
   [Eden: 1024.0K(355.0M)->0.0B(353.0M) Survivors: 1024.0K->1024.0K Heap: 4153.5M(5120.0M)->4153.0M(5120.0M)]
 [Times: user=0.00 sys=0.00, real=0.00 secs] 
2016-06-26T19:44:26.463+0300: 95.699: [GC concurrent-root-region-scan-start]
2016-06-26T19:44:26.463+0300: 95.699: Total time for which application threads were stopped: 0.0034708 seconds, Stopping threads took: 0.0000795 seconds
2016-06-26T19:44:26.464+0300: 95.701: [GC concurrent-root-region-scan-end, 0.0012440 secs]
2016-06-26T19:44:26.464+0300: 95.701: [GC concurrent-mark-start]
2016-06-26T19:44:26.480+0300: 95.716: [GC concurrent-mark-end, 0.0132526 secs]
2016-06-26T19:44:26.498+0300: 95.735: [GC remark 2016-06-26T19:44:26.498+0300: 95.735: [Finalize Marking, 0.0002835 secs] 2016-06-26T19:44:26.498+0300: 95.735: [GC ref-proc, 0.0001039 secs] 2016-06-26T19:44:26.498+0300: 95.735: [Unloading, 0.0013993 secs], 0.0243575 secs]
 [Times: user=0.08 sys=0.00, real=0.02 secs] 
2016-06-26T19:44:26.522+0300: 95.759: Total time for which application threads were stopped: 0.0274173 seconds, Stopping threads took: 0.0026485 seconds
2016-06-26T19:44:26.639+0300: 95.875: [GC cleanup 4255M->4255M(5120M), 0.0021045 secs]
 [Times: user=0.06 sys=0.00, real=0.00 secs] 
2016-06-26T19:44:26.641+0300: 95.877: Total time for which application threads were stopped: 0.0030492 seconds, Stopping threads took: 0.0005307 seconds
2016-06-26T19:44:27.662+0300: 96.899: [GC pause (G1 Humongous Allocation) (young)
Desired survivor size 23592960 bytes, new threshold 15 (max 15)
- age   1:         40 bytes,         40 total
- age   2:      19576 bytes,      19616 total
- age   4:      14048 bytes,      33664 total
- age   5:      10632 bytes,      44296 total
- age   7:       9072 bytes,      53368 total
- age   9:       4632 bytes,      58000 total
- age  10:         16 bytes,      58016 total
- age  11:       1336 bytes,      59352 total
- age  13:      24384 bytes,      83736 total
, 0.0579108 secs]
   [Parallel Time: 49.6 ms, GC Workers: 4]
      [GC Worker Start (ms): Min: 96904.8, Avg: 96904.9, Max: 96904.9, Diff: 0.0]
      [Ext Root Scanning (ms): Min: 0.4, Avg: 0.4, Max: 0.4, Diff: 0.0, Sum: 1.5]
      [Update RS (ms): Min: 48.9, Avg: 48.9, Max: 48.9, Diff: 0.0, Sum: 195.6]
         [Processed Buffers: Min: 509, Avg: 518.8, Max: 528, Diff: 19, Sum: 2075]
      [Scan RS (ms): Min: 0.0, Avg: 0.0, Max: 0.0, Diff: 0.0, Sum: 0.1]
      [Code Root Scanning (ms): Min: 0.0, Avg: 0.0, Max: 0.0, Diff: 0.0, Sum: 0.1]
      [Object Copy (ms): Min: 0.2, Avg: 0.2, Max: 0.2, Diff: 0.0, Sum: 0.7]
      [Termination (ms): Min: 0.0, Avg: 0.0, Max: 0.0, Diff: 0.0, Sum: 0.0]
         [Termination Attempts: Min: 1, Avg: 1.0, Max: 1, Diff: 0, Sum: 4]
      [GC Worker Other (ms): Min: 0.0, Avg: 0.0, Max: 0.0, Diff: 0.0, Sum: 0.1]
      [GC Worker Total (ms): Min: 49.5, Avg: 49.5, Max: 49.5, Diff: 0.0, Sum: 198.1]
      [GC Worker End (ms): Min: 96954.4, Avg: 96954.4, Max: 96954.4, Diff: 0.0]
   [Code Root Fixup: 0.0 ms]
   [Code Root Purge: 0.0 ms]
   [Clear CT: 0.0 ms]
   [Other: 8.3 ms]
      [Choose CSet: 0.0 ms]
      [Ref Proc: 0.0 ms]
      [Ref Enq: 0.0 ms]
      [Redirty Cards: 0.0 ms]
      [Humongous Register: 0.9 ms]
      [Humongous Reclaim: 2.3 ms]
      [Free CSet: 0.0 ms]
   [Eden: 62.0M(353.0M)->0.0B(1073.0M) Survivors: 1024.0K->1024.0K Heap: 4976.7M(5120.0M)->3449.9M(5120.0M)]
 [Times: user=0.23 sys=0.00, real=0.06 secs] 
2016-06-26T19:44:27.721+0300: 96.957: Total time for which application threads were stopped: 0.0633912 seconds, Stopping threads took: 0.0044788 seconds
2016-06-26T19:44:27.725+0300: 96.962: [GC pause (G1 Humongous Allocation) (young) (initial-mark)
Desired survivor size 70778880 bytes, new threshold 15 (max 15)
- age   1:      16304 bytes,      16304 total
- age   2:         16 bytes,      16320 total
- age   3:      12408 bytes,      28728 total
- age   5:      10064 bytes,      38792 total
- age   6:       7800 bytes,      46592 total
- age   8:       4952 bytes,      51544 total
- age  10:       1792 bytes,      53336 total
- age  11:         16 bytes,      53352 total
- age  12:        160 bytes,      53512 total
- age  14:      24040 bytes,      77552 total
, 0.0030646 secs]
   [Parallel Time: 1.1 ms, GC Workers: 4]
      [GC Worker Start (ms): Min: 96963.2, Avg: 96963.2, Max: 96963.2, Diff: 0.0]
      [Ext Root Scanning (ms): Min: 0.4, Avg: 0.5, Max: 0.5, Diff: 0.0, Sum: 1.8]
      [Update RS (ms): Min: 0.4, Avg: 0.4, Max: 0.5, Diff: 0.1, Sum: 1.7]
         [Processed Buffers: Min: 4, Avg: 5.0, Max: 7, Diff: 3, Sum: 20]
      [Scan RS (ms): Min: 0.0, Avg: 0.0, Max: 0.0, Diff: 0.0, Sum: 0.0]
      [Code Root Scanning (ms): Min: 0.0, Avg: 0.0, Max: 0.0, Diff: 0.0, Sum: 0.0]
      [Object Copy (ms): Min: 0.1, Avg: 0.2, Max: 0.3, Diff: 0.1, Sum: 0.9]
      [Termination (ms): Min: 0.0, Avg: 0.0, Max: 0.0, Diff: 0.0, Sum: 0.0]
         [Termination Attempts: Min: 1, Avg: 1.0, Max: 1, Diff: 0, Sum: 4]
      [GC Worker Other (ms): Min: 0.0, Avg: 0.0, Max: 0.0, Diff: 0.0, Sum: 0.0]
      [GC Worker Total (ms): Min: 1.1, Avg: 1.1, Max: 1.1, Diff: 0.0, Sum: 4.4]
      [GC Worker End (ms): Min: 96964.3, Avg: 96964.3, Max: 96964.3, Diff: 0.0]
   [Code Root Fixup: 0.0 ms]
   [Code Root Purge: 0.0 ms]
   [Clear CT: 0.0 ms]
   [Other: 1.9 ms]
      [Choose CSet: 0.0 ms]
      [Ref Proc: 0.1 ms]
      [Ref Enq: 0.0 ms]
      [Redirty Cards: 0.0 ms]
      [Humongous Register: 0.7 ms]
      [Humongous Reclaim: 0.3 ms]
      [Free CSet: 0.0 ms]
   [Eden: 1024.0K(1073.0M)->0.0B(1071.0M) Survivors: 1024.0K->1024.0K Heap: 3452.3M(5120.0M)->3451.8M(5120.0M)]
 [Times: user=0.00 sys=0.00, real=0.00 secs] 
2016-06-26T19:44:27.729+0300: 96.965: [GC concurrent-root-region-scan-start]
2016-06-26T19:44:27.729+0300: 96.965: Total time for which application threads were stopped: 0.0037514 seconds, Stopping threads took: 0.0000770 seconds
2016-06-26T19:44:27.730+0300: 96.967: [GC concurrent-root-region-scan-end, 0.0012483 secs]
2016-06-26T19:44:27.730+0300: 96.967: [GC concurrent-mark-start]
2016-06-26T19:44:27.741+0300: 96.978: [GC concurrent-mark-end, 0.0110985 secs]
2016-06-26T19:44:27.762+0300: 96.999: [GC remark 2016-06-26T19:44:27.762+0300: 96.999: [Finalize Marking, 0.0003301 secs] 2016-06-26T19:44:27.762+0300: 96.999: [GC ref-proc, 0.0001112 secs] 2016-06-26T19:44:27.763+0300: 96.999: [Unloading, 0.0014172 secs], 0.0208122 secs]
 [Times: user=0.13 sys=0.00, real=0.02 secs] 
2016-06-26T19:44:27.783+0300: 97.020: Total time for which application threads were stopped: 0.0220387 seconds, Stopping threads took: 0.0007856 seconds
2016-06-26T19:44:27.785+0300: 97.021: [GC cleanup 3475M->3475M(5120M), 0.0022294 secs]
 [Times: user=0.00 sys=0.00, real=0.00 secs] 
2016-06-26T19:44:27.787+0300: 97.024: Total time for which application threads were stopped: 0.0026895 seconds, Stopping threads took: 0.0000539 seconds
2016-06-26T19:44:28.794+0300: 98.030: Total time for which application threads were stopped: 0.0062125 seconds, Stopping threads took: 0.0058674 seconds
2016-06-26T19:44:30.418+0300: 99.654: [GC pause (G1 Humongous Allocation) (young)
Desired survivor size 70254592 bytes, new threshold 15 (max 15)
- age   1:         40 bytes,         40 total
- age   2:      16280 bytes,      16320 total
- age   3:         16 bytes,      16336 total
- age   4:      12408 bytes,      28744 total
- age   6:      10064 bytes,      38808 total
- age   7:       7800 bytes,      46608 total
- age   9:       4952 bytes,      51560 total
- age  11:       1792 bytes,      53352 total
- age  12:         16 bytes,      53368 total
- age  13:        160 bytes,      53528 total
- age  15:      24040 bytes,      77568 total
, 0.0567861 secs]
   [Parallel Time: 48.8 ms, GC Workers: 4]
      [GC Worker Start (ms): Min: 99660.2, Avg: 99660.2, Max: 99660.2, Diff: 0.0]
      [Ext Root Scanning (ms): Min: 0.3, Avg: 0.3, Max: 0.3, Diff: 0.0, Sum: 1.2]
      [Update RS (ms): Min: 48.1, Avg: 48.2, Max: 48.2, Diff: 0.1, Sum: 192.7]
         [Processed Buffers: Min: 508, Avg: 514.8, Max: 520, Diff: 12, Sum: 2059]
      [Scan RS (ms): Min: 0.0, Avg: 0.0, Max: 0.0, Diff: 0.0, Sum: 0.1]
      [Code Root Scanning (ms): Min: 0.0, Avg: 0.0, Max: 0.1, Diff: 0.1, Sum: 0.1]
      [Object Copy (ms): Min: 0.2, Avg: 0.2, Max: 0.2, Diff: 0.1, Sum: 0.8]
      [Termination (ms): Min: 0.0, Avg: 0.0, Max: 0.0, Diff: 0.0, Sum: 0.0]
         [Termination Attempts: Min: 1, Avg: 1.0, Max: 1, Diff: 0, Sum: 4]
      [GC Worker Other (ms): Min: 0.0, Avg: 0.0, Max: 0.0, Diff: 0.0, Sum: 0.0]
      [GC Worker Total (ms): Min: 48.7, Avg: 48.7, Max: 48.7, Diff: 0.0, Sum: 194.9]
      [GC Worker End (ms): Min: 99708.9, Avg: 99708.9, Max: 99708.9, Diff: 0.0]
   [Code Root Fixup: 0.0 ms]
   [Code Root Purge: 0.0 ms]
   [Clear CT: 0.0 ms]
   [Other: 8.0 ms]
      [Choose CSet: 0.0 ms]
      [Ref Proc: 0.1 ms]
      [Ref Enq: 0.0 ms]
      [Redirty Cards: 0.0 ms]
      [Humongous Register: 0.8 ms]
      [Humongous Reclaim: 2.0 ms]
      [Free CSet: 0.1 ms]
   [Eden: 63.0M(1071.0M)->0.0B(1013.0M) Survivors: 1024.0K->1024.0K Heap: 4977.7M(5120.0M)->3508.5M(5120.0M)]
 [Times: user=0.20 sys=0.00, real=0.06 secs] 
2016-06-26T19:44:30.475+0300: 99.712: Total time for which application threads were stopped: 0.0612153 seconds, Stopping threads took: 0.0036629 seconds
2016-06-26T19:44:30.479+0300: 99.716: [GC pause (G1 Humongous Allocation) (young) (initial-mark)
Desired survivor size 66584576 bytes, new threshold 15 (max 15)
- age   1:      23624 bytes,      23624 total
- age   3:      10656 bytes,      34280 total
- age   4:         16 bytes,      34296 total
- age   5:       9104 bytes,      43400 total
- age   7:       5256 bytes,      48656 total
- age   8:       4640 bytes,      53296 total
- age  10:       2000 bytes,      55296 total
- age  12:        192 bytes,      55488 total
, 0.0030710 secs]
   [Parallel Time: 1.4 ms, GC Workers: 4]
      [GC Worker Start (ms): Min: 99716.7, Avg: 99716.7, Max: 99716.7, Diff: 0.0]
      [Ext Root Scanning (ms): Min: 0.4, Avg: 0.4, Max: 0.4, Diff: 0.0, Sum: 1.5]
      [Update RS (ms): Min: 0.8, Avg: 0.8, Max: 0.9, Diff: 0.1, Sum: 3.2]
         [Processed Buffers: Min: 9, Avg: 9.0, Max: 9, Diff: 0, Sum: 36]
      [Scan RS (ms): Min: 0.0, Avg: 0.0, Max: 0.0, Diff: 0.0, Sum: 0.0]
      [Code Root Scanning (ms): Min: 0.0, Avg: 0.0, Max: 0.0, Diff: 0.0, Sum: 0.0]
      [Object Copy (ms): Min: 0.1, Avg: 0.2, Max: 0.2, Diff: 0.1, Sum: 0.7]
      [Termination (ms): Min: 0.0, Avg: 0.0, Max: 0.0, Diff: 0.0, Sum: 0.0]
         [Termination Attempts: Min: 1, Avg: 1.0, Max: 1, Diff: 0, Sum: 4]
      [GC Worker Other (ms): Min: 0.0, Avg: 0.0, Max: 0.0, Diff: 0.0, Sum: 0.0]
      [GC Worker Total (ms): Min: 1.4, Avg: 1.4, Max: 1.4, Diff: 0.0, Sum: 5.4]
      [GC Worker End (ms): Min: 99718.1, Avg: 99718.1, Max: 99718.1, Diff: 0.0]
   [Code Root Fixup: 0.0 ms]
   [Code Root Purge: 0.0 ms]
   [Clear CT: 0.0 ms]
   [Other: 1.6 ms]
      [Choose CSet: 0.0 ms]
      [Ref Proc: 0.0 ms]
      [Ref Enq: 0.0 ms]
      [Redirty Cards: 0.0 ms]
      [Humongous Register: 0.6 ms]
      [Humongous Reclaim: 0.3 ms]
      [Free CSet: 0.0 ms]
   [Eden: 1024.0K(1013.0M)->0.0B(1009.0M) Survivors: 1024.0K->1024.0K Heap: 3512.9M(5120.0M)->3512.4M(5120.0M)]
 [Times: user=0.00 sys=0.00, real=0.00 secs] 
2016-06-26T19:44:30.482+0300: 99.719: [GC concurrent-root-region-scan-start]
2016-06-26T19:44:30.482+0300: 99.719: Total time for which application threads were stopped: 0.0036261 seconds, Stopping threads took: 0.0000701 seconds
2016-06-26T19:44:30.483+0300: 99.720: [GC concurrent-root-region-scan-end, 0.0011072 secs]
2016-06-26T19:44:30.484+0300: 99.720: [GC concurrent-mark-start]
2016-06-26T19:44:30.495+0300: 99.731: [GC concurrent-mark-end, 0.0106751 secs]
2016-06-26T19:44:30.522+0300: 99.759: [GC remark 2016-06-26T19:44:30.522+0300: 99.759: [Finalize Marking, 0.0003152 secs] 2016-06-26T19:44:30.522+0300: 99.759: [GC ref-proc, 0.0001099 secs] 2016-06-26T19:44:30.523+0300: 99.759: [Unloading, 0.0012889 secs], 0.0209504 secs]
 [Times: user=0.06 sys=0.00, real=0.02 secs] 
2016-06-26T19:44:30.543+0300: 99.780: Total time for which application threads were stopped: 0.0236005 seconds, Stopping threads took: 0.0023427 seconds
2016-06-26T19:44:30.546+0300: 99.783: [GC cleanup 3539M->3539M(5120M), 0.0022058 secs]
 [Times: user=0.00 sys=0.00, real=0.00 secs] 
2016-06-26T19:44:30.549+0300: 99.785: Total time for which application threads were stopped: 0.0025642 seconds, Stopping threads took: 0.0000616 seconds
2016-06-26T19:44:31.692+0300: 100.928: Total time for which application threads were stopped: 0.0121368 seconds, Stopping threads took: 0.0117832 seconds
2016-06-26T19:44:31.692+0300: 100.929: Total time for which application threads were stopped: 0.0003806 seconds, Stopping threads took: 0.0000475 seconds
2016-06-26T19:44:31.923+0300: 101.160: Total time for which application threads were stopped: 0.0057879 seconds, Stopping threads took: 0.0056237 seconds
2016-06-26T19:44:31.928+0300: 101.164: Total time for which application threads were stopped: 0.0002237 seconds, Stopping threads took: 0.0000582 seconds
2016-06-26T19:44:31.981+0300: 101.218: Total time for which application threads were stopped: 0.0058760 seconds, Stopping threads took: 0.0056925 seconds
2016-06-26T19:44:32.957+0300: 102.193: [GC pause (G1 Humongous Allocation) (young)
Desired survivor size 66584576 bytes, new threshold 15 (max 15)
- age   1:         40 bytes,         40 total
- age   2:      23600 bytes,      23640 total
- age   4:      10656 bytes,      34296 total
- age   5:         16 bytes,      34312 total
- age   6:       9104 bytes,      43416 total
- age   8:       5256 bytes,      48672 total
- age   9:       4640 bytes,      53312 total
- age  11:       2000 bytes,      55312 total
- age  13:        192 bytes,      55504 total
, 0.0574789 secs]
   [Parallel Time: 49.6 ms, GC Workers: 4]
      [GC Worker Start (ms): Min: 102199.1, Avg: 102199.5, Max: 102200.4, Diff: 1.2]
      [Ext Root Scanning (ms): Min: 0.0, Avg: 0.4, Max: 0.5, Diff: 0.5, Sum: 1.4]
      [Update RS (ms): Min: 48.1, Avg: 48.6, Max: 48.8, Diff: 0.7, Sum: 194.5]
         [Processed Buffers: Min: 505, Avg: 514.5, Max: 527, Diff: 22, Sum: 2058]
      [Scan RS (ms): Min: 0.0, Avg: 0.0, Max: 0.0, Diff: 0.0, Sum: 0.1]
      [Code Root Scanning (ms): Min: 0.0, Avg: 0.0, Max: 0.0, Diff: 0.0, Sum: 0.0]
      [Object Copy (ms): Min: 0.2, Avg: 0.2, Max: 0.3, Diff: 0.1, Sum: 1.0]
      [Termination (ms): Min: 0.0, Avg: 0.0, Max: 0.0, Diff: 0.0, Sum: 0.0]
         [Termination Attempts: Min: 1, Avg: 1.0, Max: 1, Diff: 0, Sum: 4]
      [GC Worker Other (ms): Min: 0.0, Avg: 0.0, Max: 0.0, Diff: 0.0, Sum: 0.1]
      [GC Worker Total (ms): Min: 48.4, Avg: 49.3, Max: 49.6, Diff: 1.2, Sum: 197.1]
      [GC Worker End (ms): Min: 102248.7, Avg: 102248.7, Max: 102248.7, Diff: 0.0]
   [Code Root Fixup: 0.0 ms]
   [Code Root Purge: 0.0 ms]
   [Clear CT: 0.0 ms]
   [Other: 7.8 ms]
      [Choose CSet: 0.0 ms]
      [Ref Proc: 0.0 ms]
      [Ref Enq: 0.0 ms]
      [Redirty Cards: 0.0 ms]
      [Humongous Register: 0.8 ms]
      [Humongous Reclaim: 1.8 ms]
      [Free CSet: 0.1 ms]
   [Eden: 63.0M(1009.0M)->0.0B(773.0M) Survivors: 1024.0K->1024.0K Heap: 4977.2M(5120.0M)->3742.9M(5120.0M)]
 [Times: user=0.20 sys=0.00, real=0.06 secs] 
2016-06-26T19:44:33.015+0300: 102.251: Total time for which application threads were stopped: 0.0638586 seconds, Stopping threads took: 0.0053448 seconds
2016-06-26T19:44:33.019+0300: 102.255: [GC pause (G1 Humongous Allocation) (young) (initial-mark)
Desired survivor size 50855936 bytes, new threshold 15 (max 15)
- age   1:      86160 bytes,      86160 total
- age   3:      15296 bytes,     101456 total
- age   5:       6648 bytes,     108104 total
- age   6:         16 bytes,     108120 total
- age   7:       5680 bytes,     113800 total
- age   9:       3872 bytes,     117672 total
- age  10:       3656 bytes,     121328 total
- age  12:       1832 bytes,     123160 total
- age  14:        152 bytes,     123312 total
, 0.0034717 secs]
   [Parallel Time: 1.6 ms, GC Workers: 4]
      [GC Worker Start (ms): Min: 102256.6, Avg: 102256.7, Max: 102256.8, Diff: 0.2]
      [Ext Root Scanning (ms): Min: 0.3, Avg: 0.4, Max: 0.5, Diff: 0.2, Sum: 1.7]
      [Update RS (ms): Min: 0.8, Avg: 0.8, Max: 0.9, Diff: 0.1, Sum: 3.2]
         [Processed Buffers: Min: 8, Avg: 9.3, Max: 11, Diff: 3, Sum: 37]
      [Scan RS (ms): Min: 0.0, Avg: 0.0, Max: 0.0, Diff: 0.0, Sum: 0.0]
      [Code Root Scanning (ms): Min: 0.0, Avg: 0.0, Max: 0.0, Diff: 0.0, Sum: 0.0]
      [Object Copy (ms): Min: 0.2, Avg: 0.3, Max: 0.3, Diff: 0.1, Sum: 1.1]
      [Termination (ms): Min: 0.0, Avg: 0.0, Max: 0.0, Diff: 0.0, Sum: 0.0]
         [Termination Attempts: Min: 1, Avg: 1.0, Max: 1, Diff: 0, Sum: 4]
      [GC Worker Other (ms): Min: 0.0, Avg: 0.0, Max: 0.0, Diff: 0.0, Sum: 0.0]
      [GC Worker Total (ms): Min: 1.4, Avg: 1.5, Max: 1.6, Diff: 0.2, Sum: 6.0]
      [GC Worker End (ms): Min: 102258.2, Avg: 102258.2, Max: 102258.2, Diff: 0.0]
   [Code Root Fixup: 0.0 ms]
   [Code Root Purge: 0.0 ms]
   [Clear CT: 0.0 ms]
   [Other: 1.9 ms]
      [Choose CSet: 0.0 ms]
      [Ref Proc: 0.0 ms]
      [Ref Enq: 0.0 ms]
      [Redirty Cards: 0.0 ms]
      [Humongous Register: 0.7 ms]
      [Humongous Reclaim: 0.3 ms]
      [Free CSet: 0.0 ms]
   [Eden: 1024.0K(773.0M)->0.0B(771.0M) Survivors: 1024.0K->1024.0K Heap: 3745.4M(5120.0M)->3744.9M(5120.0M)]
 [Times: user=0.00 sys=0.00, real=0.00 secs] 
2016-06-26T19:44:33.023+0300: 102.259: [GC concurrent-root-region-scan-start]
2016-06-26T19:44:33.023+0300: 102.259: Total time for which application threads were stopped: 0.0041320 seconds, Stopping threads took: 0.0000693 seconds
2016-06-26T19:44:33.024+0300: 102.261: [GC concurrent-root-region-scan-end, 0.0014237 secs]
2016-06-26T19:44:33.024+0300: 102.261: [GC concurrent-mark-start]
2016-06-26T19:44:33.035+0300: 102.272: [GC concurrent-mark-end, 0.0109142 secs]
2016-06-26T19:44:33.080+0300: 102.317: [GC remark 2016-06-26T19:44:33.081+0300: 102.317: [Finalize Marking, 0.0014840 secs] 2016-06-26T19:44:33.082+0300: 102.319: [GC ref-proc, 0.0001163 secs] 2016-06-26T19:44:33.083+0300: 102.319: [Unloading, 0.0032775 secs], 0.0285485 secs]
 [Times: user=0.13 sys=0.00, real=0.03 secs] 
2016-06-26T19:44:33.109+0300: 102.345: Total time for which application threads were stopped: 0.0368634 seconds, Stopping threads took: 0.0077576 seconds
2016-06-26T19:44:33.161+0300: 102.397: Total time for which application threads were stopped: 0.0048355 seconds, Stopping threads took: 0.0045096 seconds
2016-06-26T19:44:33.299+0300: 102.535: [GC cleanup 3856M->3856M(5120M), 0.0029559 secs]
 [Times: user=0.00 sys=0.00, real=0.00 secs] 
2016-06-26T19:44:33.302+0300: 102.538: Total time for which application threads were stopped: 0.0098412 seconds, Stopping threads took: 0.0066179 seconds
2016-06-26T19:44:34.306+0300: 103.543: Total time for which application threads were stopped: 0.0041713 seconds, Stopping threads took: 0.0038668 seconds
2016-06-26T19:44:35.122+0300: 104.359: [GC pause (G1 Humongous Allocation) (young)
Desired survivor size 50855936 bytes, new threshold 15 (max 15)
- age   1:         40 bytes,         40 total
- age   2:      86136 bytes,      86176 total
- age   4:      15296 bytes,     101472 total
- age   6:       6648 bytes,     108120 total
- age   7:         16 bytes,     108136 total
- age   8:       5680 bytes,     113816 total
- age  10:       3872 bytes,     117688 total
- age  11:       3656 bytes,     121344 total
- age  13:       1832 bytes,     123176 total
- age  15:        152 bytes,     123328 total
, 0.0860474 secs]
   [Parallel Time: 78.1 ms, GC Workers: 4]
      [GC Worker Start (ms): Min: 104364.3, Avg: 104380.1, Max: 104395.9, Diff: 31.7]
      [Ext Root Scanning (ms): Min: 0.0, Avg: 0.3, Max: 0.7, Diff: 0.7, Sum: 1.3]
      [Update RS (ms): Min: 45.9, Avg: 61.5, Max: 76.8, Diff: 30.9, Sum: 245.9]
         [Processed Buffers: Min: 352, Avg: 511.5, Max: 643, Diff: 291, Sum: 2046]
      [Scan RS (ms): Min: 0.0, Avg: 0.0, Max: 0.1, Diff: 0.1, Sum: 0.1]
      [Code Root Scanning (ms): Min: 0.0, Avg: 0.0, Max: 0.0, Diff: 0.0, Sum: 0.1]
      [Object Copy (ms): Min: 0.0, Avg: 0.3, Max: 0.4, Diff: 0.4, Sum: 1.2]
      [Termination (ms): Min: 0.0, Avg: 0.1, Max: 0.1, Diff: 0.1, Sum: 0.4]
         [Termination Attempts: Min: 1, Avg: 1.0, Max: 1, Diff: 0, Sum: 4]
      [GC Worker Other (ms): Min: 0.0, Avg: 0.0, Max: 0.0, Diff: 0.0, Sum: 0.0]
      [GC Worker Total (ms): Min: 46.4, Avg: 62.3, Max: 78.1, Diff: 31.7, Sum: 249.1]
      [GC Worker End (ms): Min: 104442.4, Avg: 104442.4, Max: 104442.4, Diff: 0.0]
   [Code Root Fixup: 0.0 ms]
   [Code Root Purge: 0.0 ms]
   [Clear CT: 0.0 ms]
   [Other: 7.9 ms]
      [Choose CSet: 0.0 ms]
      [Ref Proc: 0.1 ms]
      [Ref Enq: 0.0 ms]
      [Redirty Cards: 0.0 ms]
      [Humongous Register: 0.8 ms]
      [Humongous Reclaim: 1.9 ms]
      [Free CSet: 0.1 ms]
   [Eden: 63.0M(771.0M)->0.0B(923.0M) Survivors: 1024.0K->1024.0K Heap: 4977.8M(5120.0M)->3596.5M(5120.0M)]
 [Times: user=0.20 sys=0.00, real=0.09 secs] 
2016-06-26T19:44:35.208+0300: 104.445: Total time for which application threads were stopped: 0.0972674 seconds, Stopping threads took: 0.0102859 seconds
2016-06-26T19:44:35.215+0300: 104.452: [GC pause (G1 Humongous Allocation) (young) (initial-mark)
Desired survivor size 60817408 bytes, new threshold 15 (max 15)
- age   1:      53408 bytes,      53408 total
- age   3:      79312 bytes,     132720 total
- age   5:      10560 bytes,     143280 total
- age   7:       3912 bytes,     147192 total
- age   9:       2488 bytes,     149680 total
- age  11:       1864 bytes,     151544 total
- age  12:       2856 bytes,     154400 total
- age  14:       1776 bytes,     156176 total
, 0.0032510 secs]
   [Parallel Time: 1.6 ms, GC Workers: 4]
      [GC Worker Start (ms): Min: 104452.6, Avg: 104452.6, Max: 104452.7, Diff: 0.0]
      [Ext Root Scanning (ms): Min: 0.4, Avg: 0.4, Max: 0.4, Diff: 0.0, Sum: 1.6]
      [Update RS (ms): Min: 0.8, Avg: 0.8, Max: 0.9, Diff: 0.1, Sum: 3.3]
         [Processed Buffers: Min: 8, Avg: 9.0, Max: 10, Diff: 2, Sum: 36]
      [Scan RS (ms): Min: 0.0, Avg: 0.0, Max: 0.0, Diff: 0.0, Sum: 0.0]
      [Code Root Scanning (ms): Min: 0.0, Avg: 0.0, Max: 0.1, Diff: 0.1, Sum: 0.1]
      [Object Copy (ms): Min: 0.3, Avg: 0.3, Max: 0.4, Diff: 0.1, Sum: 1.3]
      [Termination (ms): Min: 0.0, Avg: 0.0, Max: 0.0, Diff: 0.0, Sum: 0.0]
         [Termination Attempts: Min: 1, Avg: 1.0, Max: 1, Diff: 0, Sum: 4]
      [GC Worker Other (ms): Min: 0.0, Avg: 0.0, Max: 0.0, Diff: 0.0, Sum: 0.0]
      [GC Worker Total (ms): Min: 1.6, Avg: 1.6, Max: 1.6, Diff: 0.0, Sum: 6.3]
      [GC Worker End (ms): Min: 104454.2, Avg: 104454.2, Max: 104454.2, Diff: 0.0]
   [Code Root Fixup: 0.0 ms]
   [Code Root Purge: 0.0 ms]
   [Clear CT: 0.0 ms]
   [Other: 1.6 ms]
      [Choose CSet: 0.0 ms]
      [Ref Proc: 0.0 ms]
      [Ref Enq: 0.0 ms]
      [Redirty Cards: 0.0 ms]
      [Humongous Register: 0.6 ms]
      [Humongous Reclaim: 0.3 ms]
      [Free CSet: 0.0 ms]
   [Eden: 1024.0K(923.0M)->0.0B(915.0M) Survivors: 1024.0K->1024.0K Heap: 3601.4M(5120.0M)->3600.4M(5120.0M)]
 [Times: user=0.06 sys=0.00, real=0.00 secs] 
2016-06-26T19:44:35.219+03002016-06-26T19:44:35.219+0300: : 104.455104.455: : [GC concurrent-root-region-scan-start]
Total time for which application threads were stopped: 0.0038754 seconds, Stopping threads took: 0.0000586 seconds
2016-06-26T19:44:35.220+0300: 104.457: [GC concurrent-root-region-scan-end, 0.0013993 secs]
2016-06-26T19:44:35.220+0300: 104.457: [GC concurrent-mark-start]
2016-06-26T19:44:35.232+0300: 104.468: [GC concurrent-mark-end, 0.0106670 secs]
2016-06-26T19:44:35.255+0300: 104.492: [GC remark 2016-06-26T19:44:35.255+0300: 104.492: [Finalize Marking, 0.0002587 secs] 2016-06-26T19:44:35.256+0300: 104.492: [GC ref-proc, 0.0001043 secs] 2016-06-26T19:44:35.256+0300: 104.492: [Unloading, 0.0017187 secs], 0.0219523 secs]
 [Times: user=0.06 sys=0.00, real=0.02 secs] 
2016-06-26T19:44:35.277+0300: 104.514: Total time for which application threads were stopped: 0.0256379 seconds, Stopping threads took: 0.0033344 seconds
2016-06-26T19:44:35.279+0300: 104.516: [GC cleanup 3619M->3619M(5120M), 0.0022884 secs]
 [Times: user=0.05 sys=0.00, real=0.00 secs] 
2016-06-26T19:44:35.282+0300: 104.518: Total time for which application threads were stopped: 0.0026959 seconds, Stopping threads took: 0.0000453 seconds
2016-06-26T19:44:36.392+0300: 105.629: Total time for which application threads were stopped: 0.0118674 seconds, Stopping threads took: 0.0114885 seconds
2016-06-26T19:44:37.421+0300: 106.658: [GC pause (G1 Humongous Allocation) (young)
Desired survivor size 60293120 bytes, new threshold 15 (max 15)
- age   1:       9280 bytes,       9280 total
- age   2:      53384 bytes,      62664 total
- age   4:      79312 bytes,     141976 total
- age   6:      10560 bytes,     152536 total
- age   8:       3912 bytes,     156448 total
- age  10:       2488 bytes,     158936 total
- age  12:       1864 bytes,     160800 total
- age  13:       2856 bytes,     163656 total
- age  15:       1776 bytes,     165432 total
, 0.0873774 secs]
   [Parallel Time: 79.0 ms, GC Workers: 4]
      [GC Worker Start (ms): Min: 106663.7, Avg: 106679.1, Max: 106699.3, Diff: 35.6]
      [Ext Root Scanning (ms): Min: 0.0, Avg: 0.5, Max: 2.1, Diff: 2.0, Sum: 2.1]
      [Update RS (ms): Min: 43.0, Avg: 62.6, Max: 76.3, Diff: 33.3, Sum: 250.5]
         [Processed Buffers: Min: 452, Avg: 518.8, Max: 589, Diff: 137, Sum: 2075]
      [Scan RS (ms): Min: 0.0, Avg: 0.0, Max: 0.1, Diff: 0.1, Sum: 0.1]
      [Code Root Scanning (ms): Min: 0.0, Avg: 0.0, Max: 0.1, Diff: 0.1, Sum: 0.1]
      [Object Copy (ms): Min: 0.2, Avg: 0.4, Max: 0.6, Diff: 0.4, Sum: 1.5]
      [Termination (ms): Min: 0.0, Avg: 0.0, Max: 0.0, Diff: 0.0, Sum: 0.0]
         [Termination Attempts: Min: 1, Avg: 1.0, Max: 1, Diff: 0, Sum: 4]
      [GC Worker Other (ms): Min: 0.0, Avg: 0.0, Max: 0.0, Diff: 0.0, Sum: 0.1]
      [GC Worker Total (ms): Min: 43.4, Avg: 63.6, Max: 79.0, Diff: 35.6, Sum: 254.3]
      [GC Worker End (ms): Min: 106742.7, Avg: 106742.7, Max: 106742.7, Diff: 0.0]
   [Code Root Fixup: 0.0 ms]
   [Code Root Purge: 0.0 ms]
   [Clear CT: 0.0 ms]
   [Other: 8.3 ms]
      [Choose CSet: 0.0 ms]
      [Ref Proc: 0.0 ms]
      [Ref Enq: 0.0 ms]
      [Redirty Cards: 0.0 ms]
      [Humongous Register: 0.9 ms]
      [Humongous Reclaim: 2.2 ms]
      [Free CSet: 0.1 ms]
   [Eden: 63.0M(915.0M)->0.0B(1040.0M) Survivors: 1024.0K->1024.0K Heap: 4977.9M(5120.0M)->3479.4M(5120.0M)]
 [Times: user=0.20 sys=0.00, real=0.09 secs] 
2016-06-26T19:44:37.509+0300: 106.745: Total time for which application threads were stopped: 0.1869332 seconds, Stopping threads took: 0.0985781 seconds
2016-06-26T19:44:37.514+0300: 106.751: [GC pause (G1 Humongous Allocation) (young) (initial-mark)
Desired survivor size 68681728 bytes, new threshold 15 (max 15)
- age   1:      50200 bytes,      50200 total
- age   2:       9240 bytes,      59440 total
- age   3:      47456 bytes,     106896 total
- age   5:      75104 bytes,     182000 total
- age   7:       5728 bytes,     187728 total
- age   9:       1560 bytes,     189288 total
- age  11:        304 bytes,     189592 total
- age  13:        240 bytes,     189832 total
- age  14:       2464 bytes,     192296 total
, 0.0029842 secs]
   [Parallel Time: 1.3 ms, GC Workers: 4]
      [GC Worker Start (ms): Min: 106752.0, Avg: 106752.0, Max: 106752.0, Diff: 0.0]
      [Ext Root Scanning (ms): Min: 0.4, Avg: 0.4, Max: 0.5, Diff: 0.1, Sum: 1.8]
      [Update RS (ms): Min: 0.4, Avg: 0.4, Max: 0.5, Diff: 0.1, Sum: 1.7]
         [Processed Buffers: Min: 5, Avg: 5.0, Max: 5, Diff: 0, Sum: 20]
      [Scan RS (ms): Min: 0.0, Avg: 0.0, Max: 0.0, Diff: 0.0, Sum: 0.0]
      [Code Root Scanning (ms): Min: 0.0, Avg: 0.0, Max: 0.0, Diff: 0.0, Sum: 0.0]
      [Object Copy (ms): Min: 0.3, Avg: 0.4, Max: 0.4, Diff: 0.1, Sum: 1.4]
      [Termination (ms): Min: 0.0, Avg: 0.0, Max: 0.0, Diff: 0.0, Sum: 0.0]
         [Termination Attempts: Min: 1, Avg: 1.0, Max: 1, Diff: 0, Sum: 4]
      [GC Worker Other (ms): Min: 0.0, Avg: 0.0, Max: 0.0, Diff: 0.0, Sum: 0.0]
      [GC Worker Total (ms): Min: 1.2, Avg: 1.3, Max: 1.3, Diff: 0.0, Sum: 5.1]
      [GC Worker End (ms): Min: 106753.3, Avg: 106753.3, Max: 106753.3, Diff: 0.0]
   [Code Root Fixup: 0.0 ms]
   [Code Root Purge: 0.0 ms]
   [Clear CT: 0.0 ms]
   [Other: 1.6 ms]
      [Choose CSet: 0.0 ms]
      [Ref Proc: 0.1 ms]
      [Ref Enq: 0.0 ms]
      [Redirty Cards: 0.0 ms]
      [Humongous Register: 0.6 ms]
      [Humongous Reclaim: 0.3 ms]
      [Free CSet: 0.0 ms]
   [Eden: 1024.0K(1040.0M)->0.0B(1035.0M) Survivors: 1024.0K->1024.0K Heap: 3482.3M(5120.0M)->3481.4M(5120.0M)]
 [Times: user=0.00 sys=0.00, real=0.00 secs] 
2016-06-26T19:44:37.518+0300: 106.754: [GC concurrent-root-region-scan-start]
2016-06-26T19:44:37.518+0300: 106.754: Total time for which application threads were stopped: 0.0036594 seconds, Stopping threads took: 0.0000706 seconds
2016-06-26T19:44:37.519+0300: 106.756: [GC concurrent-root-region-scan-end, 0.0013599 secs]
2016-06-26T19:44:37.519+0300: 106.756: [GC concurrent-mark-start]
2016-06-26T19:44:37.531+0300: 106.768: [GC concurrent-mark-end, 0.0117258 secs]
2016-06-26T19:44:37.578+0300: 106.814: [GC remark 2016-06-26T19:44:37.578+0300: 106.814: [Finalize Marking, 0.0003703 secs] 2016-06-26T19:44:37.578+0300: 106.815: [GC ref-proc, 0.0001219 secs] 2016-06-26T19:44:37.578+0300: 106.815: [Unloading, 0.0018286 secs], 0.0222881 secs]
 [Times: user=0.06 sys=0.00, real=0.02 secs] 
2016-06-26T19:44:37.600+0300: 106.837: Total time for which application threads were stopped: 0.0305863 seconds, Stopping threads took: 0.0078885 seconds
2016-06-26T19:44:38.408+0300: 107.645: [GC cleanup 3827M->3827M(5120M), 0.0022593 secs]
 [Times: user=0.00 sys=0.00, real=0.00 secs] 
2016-06-26T19:44:38.410+0300: 107.647: Total time for which application threads were stopped: 0.0066316 seconds, Stopping threads took: 0.0040238 seconds
2016-06-26T19:44:38.480+0300: 107.717: Total time for which application threads were stopped: 0.0064375 seconds, Stopping threads took: 0.0061655 seconds
2016-06-26T19:44:38.481+0300: 107.717: Total time for which application threads were stopped: 0.0002814 seconds, Stopping threads took: 0.0000449 seconds
2016-06-26T19:44:38.481+0300: 107.718: Total time for which application threads were stopped: 0.0008361 seconds, Stopping threads took: 0.0000364 seconds
2016-06-26T19:44:38.484+0300: 107.721: Total time for which application threads were stopped: 0.0003340 seconds, Stopping threads took: 0.0000650 seconds
2016-06-26T19:44:38.485+0300: 107.722: Total time for which application threads were stopped: 0.0002925 seconds, Stopping threads took: 0.0000453 seconds
2016-06-26T19:44:38.486+0300: 107.723: Total time for which application threads were stopped: 0.0007116 seconds, Stopping threads took: 0.0000513 seconds
2016-06-26T19:44:39.731+0300: 108.968: Total time for which application threads were stopped: 0.0081006 seconds, Stopping threads took: 0.0077127 seconds
2016-06-26T19:44:40.459+0300: 109.696: [GC pause (G1 Humongous Allocation) (young)
Desired survivor size 68157440 bytes, new threshold 15 (max 15)
- age   1:       9072 bytes,       9072 total
- age   2:      50176 bytes,      59248 total
- age   3:       9240 bytes,      68488 total
- age   4:      47456 bytes,     115944 total
- age   6:      75104 bytes,     191048 total
- age   8:       5728 bytes,     196776 total
- age  10:       1560 bytes,     198336 total
- age  12:        304 bytes,     198640 total
- age  14:        240 bytes,     198880 total
- age  15:       2464 bytes,     201344 total
, 0.0584415 secs]
   [Parallel Time: 50.3 ms, GC Workers: 4]
      [GC Worker Start (ms): Min: 109701.7, Avg: 109701.7, Max: 109701.8, Diff: 0.0]
      [Ext Root Scanning (ms): Min: 0.3, Avg: 0.3, Max: 0.4, Diff: 0.0, Sum: 1.4]
      [Update RS (ms): Min: 49.5, Avg: 49.5, Max: 49.5, Diff: 0.1, Sum: 197.9]
         [Processed Buffers: Min: 510, Avg: 519.3, Max: 536, Diff: 26, Sum: 2077]
      [Scan RS (ms): Min: 0.0, Avg: 0.0, Max: 0.1, Diff: 0.1, Sum: 0.2]
      [Code Root Scanning (ms): Min: 0.0, Avg: 0.0, Max: 0.0, Diff: 0.0, Sum: 0.1]
      [Object Copy (ms): Min: 0.3, Avg: 0.4, Max: 0.5, Diff: 0.1, Sum: 1.6]
      [Termination (ms): Min: 0.0, Avg: 0.0, Max: 0.0, Diff: 0.0, Sum: 0.0]
         [Termination Attempts: Min: 1, Avg: 1.0, Max: 1, Diff: 0, Sum: 4]
      [GC Worker Other (ms): Min: 0.0, Avg: 0.0, Max: 0.0, Diff: 0.0, Sum: 0.1]
      [GC Worker Total (ms): Min: 50.3, Avg: 50.3, Max: 50.3, Diff: 0.0, Sum: 201.2]
      [GC Worker End (ms): Min: 109752.0, Avg: 109752.0, Max: 109752.1, Diff: 0.0]
   [Code Root Fixup: 0.0 ms]
   [Code Root Purge: 0.0 ms]
   [Clear CT: 0.0 ms]
   [Other: 8.0 ms]
      [Choose CSet: 0.0 ms]
      [Ref Proc: 0.0 ms]
      [Ref Enq: 0.0 ms]
      [Redirty Cards: 0.0 ms]
      [Humongous Register: 0.8 ms]
      [Humongous Reclaim: 2.1 ms]
      [Free CSet: 0.1 ms]
   [Eden: 64.0M(1035.0M)->0.0B(1100.0M) Survivors: 1024.0K->1024.0K Heap: 4977.0M(5120.0M)->3418.9M(5120.0M)]
 [Times: user=0.25 sys=0.00, real=0.06 secs] 
2016-06-26T19:44:40.518+0300: 109.755: Total time for which application threads were stopped: 0.0694108 seconds, Stopping threads took: 0.0101388 seconds
2016-06-26T19:44:40.529+0300: 109.765: [GC pause (G1 Humongous Allocation) (young) (initial-mark)
Desired survivor size 72351744 bytes, new threshold 15 (max 15)
- age   1:      64952 bytes,      64952 total
- age   2:       9048 bytes,      74000 total
- age   3:      42816 bytes,     116816 total
- age   4:       9240 bytes,     126056 total
- age   5:      41528 bytes,     167584 total
- age   7:      70496 bytes,     238080 total
- age   9:       2752 bytes,     240832 total
- age  11:        568 bytes,     241400 total
- age  13:         64 bytes,     241464 total
- age  15:        200 bytes,     241664 total
, 0.0035846 secs]
   [Parallel Time: 1.7 ms, GC Workers: 4]
      [GC Worker Start (ms): Min: 109766.5, Avg: 109766.5, Max: 109766.5, Diff: 0.0]
      [Ext Root Scanning (ms): Min: 0.4, Avg: 0.4, Max: 0.4, Diff: 0.0, Sum: 1.6]
      [Update RS (ms): Min: 0.8, Avg: 0.8, Max: 0.9, Diff: 0.1, Sum: 3.4]
         [Processed Buffers: Min: 8, Avg: 9.0, Max: 10, Diff: 2, Sum: 36]
      [Scan RS (ms): Min: 0.0, Avg: 0.0, Max: 0.0, Diff: 0.0, Sum: 0.0]
      [Code Root Scanning (ms): Min: 0.0, Avg: 0.0, Max: 0.1, Diff: 0.1, Sum: 0.1]
      [Object Copy (ms): Min: 0.3, Avg: 0.4, Max: 0.5, Diff: 0.2, Sum: 1.6]
      [Termination (ms): Min: 0.0, Avg: 0.0, Max: 0.0, Diff: 0.0, Sum: 0.0]
         [Termination Attempts: Min: 1, Avg: 1.0, Max: 1, Diff: 0, Sum: 4]
      [GC Worker Other (ms): Min: 0.0, Avg: 0.0, Max: 0.0, Diff: 0.0, Sum: 0.1]
      [GC Worker Total (ms): Min: 1.7, Avg: 1.7, Max: 1.7, Diff: 0.0, Sum: 6.8]
      [GC Worker End (ms): Min: 109768.2, Avg: 109768.2, Max: 109768.2, Diff: 0.0]
   [Code Root Fixup: 0.0 ms]
   [Code Root Purge: 0.0 ms]
   [Clear CT: 0.0 ms]
   [Other: 1.8 ms]
      [Choose CSet: 0.0 ms]
      [Ref Proc: 0.1 ms]
      [Ref Enq: 0.0 ms]
      [Redirty Cards: 0.0 ms]
      [Humongous Register: 0.7 ms]
      [Humongous Reclaim: 0.3 ms]
      [Free CSet: 0.0 ms]
   [Eden: 1024.0K(1100.0M)->0.0B(1098.0M) Survivors: 1024.0K->1024.0K Heap: 3423.3M(5120.0M)->3422.8M(5120.0M)]
 [Times: user=0.03 sys=0.00, real=0.00 secs] 
2016-06-26T19:44:40.532+0300: 109.769: [GC concurrent-root-region-scan-start]
2016-06-26T19:44:40.533+0300: 109.769: Total time for which application threads were stopped: 0.0042342 seconds, Stopping threads took: 0.0000821 seconds
2016-06-26T19:44:40.534+0300: 109.771: [GC concurrent-root-region-scan-end, 0.0016054 secs]
2016-06-26T19:44:40.534+0300: 109.771: [GC concurrent-mark-start]
2016-06-26T19:44:40.545+0300: 109.782: [GC concurrent-mark-end, 0.0105870 secs]
2016-06-26T19:44:40.566+0300: 109.802: [GC remark 2016-06-26T19:44:40.566+0300: 109.802: [Finalize Marking, 0.0003254 secs] 2016-06-26T19:44:40.566+0300: 109.803: [GC ref-proc, 0.0001035 secs] 2016-06-26T19:44:40.566+0300: 109.803: [Unloading, 0.0013933 secs], 0.0206018 secs]
 [Times: user=0.06 sys=0.00, real=0.02 secs] 
2016-06-26T19:44:40.586+0300: 109.823: Total time for which application threads were stopped: 0.0215551 seconds, Stopping threads took: 0.0006115 seconds
2016-06-26T19:44:40.589+0300: 109.826: [GC cleanup 3448M->3448M(5120M), 0.0022798 secs]
 [Times: user=0.00 sys=0.00, real=0.00 secs] 
2016-06-26T19:44:40.591+0300: 109.828: Total time for which application threads were stopped: 0.0026767 seconds, Stopping threads took: 0.0000629 seconds
2016-06-26T19:44:41.536+0300: 110.772: Total time for which application threads were stopped: 0.0068562 seconds, Stopping threads took: 0.0065204 seconds
2016-06-26T19:44:42.546+0300: 111.782: Total time for which application threads were stopped: 0.0101837 seconds, Stopping threads took: 0.0098647 seconds
2016-06-26T19:44:43.091+0300: 112.328: [GC pause (G1 Humongous Allocation) (young)
Desired survivor size 72351744 bytes, new threshold 15 (max 15)
- age   1:         40 bytes,         40 total
- age   2:      64928 bytes,      64968 total
- age   3:       9048 bytes,      74016 total
- age   4:      42816 bytes,     116832 total
- age   5:       9240 bytes,     126072 total
- age   6:      41528 bytes,     167600 total
- age   8:      70496 bytes,     238096 total
- age  10:       2752 bytes,     240848 total
- age  12:        568 bytes,     241416 total
- age  14:         64 bytes,     241480 total
, 0.0647935 secs]
   [Parallel Time: 56.5 ms, GC Workers: 4]
      [GC Worker Start (ms): Min: 112333.8, Avg: 112333.8, Max: 112333.8, Diff: 0.0]
      [Ext Root Scanning (ms): Min: 0.3, Avg: 0.4, Max: 0.4, Diff: 0.0, Sum: 1.4]
      [Update RS (ms): Min: 55.3, Avg: 55.5, Max: 56.0, Diff: 0.7, Sum: 222.0]
         [Processed Buffers: Min: 383, Avg: 519.0, Max: 588, Diff: 205, Sum: 2076]
      [Scan RS (ms): Min: 0.0, Avg: 0.0, Max: 0.1, Diff: 0.1, Sum: 0.1]
      [Code Root Scanning (ms): Min: 0.0, Avg: 0.0, Max: 0.1, Diff: 0.1, Sum: 0.1]
      [Object Copy (ms): Min: 0.1, Avg: 0.5, Max: 0.6, Diff: 0.6, Sum: 1.8]
      [Termination (ms): Min: 0.0, Avg: 0.1, Max: 0.1, Diff: 0.1, Sum: 0.2]
         [Termination Attempts: Min: 1, Avg: 1.0, Max: 1, Diff: 0, Sum: 4]
      [GC Worker Other (ms): Min: 0.0, Avg: 0.0, Max: 0.0, Diff: 0.0, Sum: 0.1]
      [GC Worker Total (ms): Min: 56.4, Avg: 56.4, Max: 56.5, Diff: 0.0, Sum: 225.7]
      [GC Worker End (ms): Min: 112390.2, Avg: 112390.2, Max: 112390.2, Diff: 0.0]
   [Code Root Fixup: 0.0 ms]
   [Code Root Purge: 0.0 ms]
   [Clear CT: 0.0 ms]
   [Other: 8.3 ms]
      [Choose CSet: 0.0 ms]
      [Ref Proc: 0.1 ms]
      [Ref Enq: 0.0 ms]
      [Redirty Cards: 0.0 ms]
      [Humongous Register: 0.8 ms]
      [Humongous Reclaim: 2.2 ms]
      [Free CSet: 0.1 ms]
   [Eden: 64.0M(1098.0M)->0.0B(1013.0M) Survivors: 1024.0K->1024.0K Heap: 4976.4M(5120.0M)->3506.9M(5120.0M)]
 [Times: user=0.19 sys=0.00, real=0.07 secs] 
2016-06-26T19:44:43.157+0300: 112.393: Total time for which application threads were stopped: 0.0732067 seconds, Stopping threads took: 0.0074048 seconds
2016-06-26T19:44:43.165+0300: 112.402: [GC pause (G1 Humongous Allocation) (young) (initial-mark)
Desired survivor size 66584576 bytes, new threshold 15 (max 15)
- age   1:      59608 bytes,      59608 total
- age   2:         16 bytes,      59624 total
- age   3:      56768 bytes,     116392 total
- age   4:       9048 bytes,     125440 total
- age   5:      37992 bytes,     163432 total
- age   6:       9240 bytes,     172672 total
- age   7:      38208 bytes,     210880 total
- age   9:      67984 bytes,     278864 total
- age  11:       1048 bytes,     279912 total
- age  13:        144 bytes,     280056 total
, 0.0035722 secs]
   [Parallel Time: 1.9 ms, GC Workers: 4]
      [GC Worker Start (ms): Min: 112403.0, Avg: 112403.2, Max: 112403.6, Diff: 0.6]
      [Ext Root Scanning (ms): Min: 0.0, Avg: 0.7, Max: 1.7, Diff: 1.6, Sum: 2.7]
      [Update RS (ms): Min: 0.0, Avg: 0.4, Max: 0.6, Diff: 0.6, Sum: 1.7]
         [Processed Buffers: Min: 0, Avg: 4.8, Max: 7, Diff: 7, Sum: 19]
      [Scan RS (ms): Min: 0.0, Avg: 0.0, Max: 0.0, Diff: 0.0, Sum: 0.0]
      [Code Root Scanning (ms): Min: 0.0, Avg: 0.0, Max: 0.1, Diff: 0.1, Sum: 0.1]
      [Object Copy (ms): Min: 0.2, Avg: 0.4, Max: 0.6, Diff: 0.4, Sum: 1.7]
      [Termination (ms): Min: 0.0, Avg: 0.2, Max: 0.2, Diff: 0.2, Sum: 0.7]
         [Termination Attempts: Min: 1, Avg: 1.0, Max: 1, Diff: 0, Sum: 4]
      [GC Worker Other (ms): Min: 0.0, Avg: 0.0, Max: 0.0, Diff: 0.0, Sum: 0.0]
      [GC Worker Total (ms): Min: 1.3, Avg: 1.7, Max: 1.9, Diff: 0.6, Sum: 7.0]
      [GC Worker End (ms): Min: 112404.9, Avg: 112404.9, Max: 112404.9, Diff: 0.0]
   [Code Root Fixup: 0.0 ms]
   [Code Root Purge: 0.0 ms]
   [Clear CT: 0.0 ms]
   [Other: 1.6 ms]
      [Choose CSet: 0.0 ms]
      [Ref Proc: 0.1 ms]
      [Ref Enq: 0.0 ms]
      [Redirty Cards: 0.0 ms]
      [Humongous Register: 0.6 ms]
      [Humongous Reclaim: 0.3 ms]
      [Free CSet: 0.0 ms]
   [Eden: 1024.0K(1013.0M)->0.0B(1011.0M) Survivors: 1024.0K->1024.0K Heap: 3509.3M(5120.0M)->3508.9M(5120.0M)]
 [Times: user=0.00 sys=0.00, real=0.00 secs] 
2016-06-26T19:44:43.169+0300: 112.406: [GC concurrent-root-region-scan-start]
2016-06-26T19:44:43.169+0300: 112.406: Total time for which application threads were stopped: 0.0045156 seconds, Stopping threads took: 0.0003336 seconds
2016-06-26T19:44:43.171+0300: 112.407: [GC concurrent-root-region-scan-end, 0.0015853 secs]
2016-06-26T19:44:43.171+0300: 112.408: [GC concurrent-mark-start]
2016-06-26T19:44:43.182+0300: 112.418: [GC concurrent-mark-end, 0.0106875 secs]
2016-06-26T19:44:43.205+0300: 112.442: [GC remark 2016-06-26T19:44:43.205+0300: 112.442: [Finalize Marking, 0.0003075 secs] 2016-06-26T19:44:43.205+0300: 112.442: [GC ref-proc, 0.0001065 secs] 2016-06-26T19:44:43.205+0300: 112.442: [Unloading, 0.0014036 secs], 0.0211047 secs]
 [Times: user=0.06 sys=0.00, real=0.02 secs] 
2016-06-26T19:44:43.226+0300: 112.463: Total time for which application threads were stopped: 0.0235804 seconds, Stopping threads took: 0.0021387 seconds
2016-06-26T19:44:43.229+0300: 112.466: [GC cleanup 3536M->3536M(5120M), 0.0022430 secs]
 [Times: user=0.00 sys=0.00, real=0.00 secs] 
2016-06-26T19:44:43.231+0300: 112.468: Total time for which application threads were stopped: 0.0026314 seconds, Stopping threads took: 0.0000590 seconds
2016-06-26T19:44:43.951+0300: 113.187: Total time for which application threads were stopped: 0.0039639 seconds, Stopping threads took: 0.0036282 seconds
2016-06-26T19:44:43.955+0300: 113.192: Total time for which application threads were stopped: 0.0003977 seconds, Stopping threads took: 0.0000684 seconds
2016-06-26T19:44:43.956+0300: 113.193: Total time for which application threads were stopped: 0.0003524 seconds, Stopping threads took: 0.0000470 seconds
2016-06-26T19:44:43.957+0300: 113.193: Total time for which application threads were stopped: 0.0003391 seconds, Stopping threads took: 0.0000398 seconds
2016-06-26T19:44:43.958+0300: 113.194: Total time for which application threads were stopped: 0.0009306 seconds, Stopping threads took: 0.0000530 seconds
2016-06-26T19:44:44.965+0300: 114.201: Total time for which application threads were stopped: 0.0065384 seconds, Stopping threads took: 0.0062198 seconds
2016-06-26T19:44:45.784+0300: 115.021: [GC pause (G1 Humongous Allocation) (young)
Desired survivor size 66584576 bytes, new threshold 15 (max 15)
- age   1:         40 bytes,         40 total
- age   2:      59536 bytes,      59576 total
- age   3:         16 bytes,      59592 total
- age   4:      56768 bytes,     116360 total
- age   5:       9048 bytes,     125408 total
- age   6:      37992 bytes,     163400 total
- age   7:       9240 bytes,     172640 total
- age   8:      38208 bytes,     210848 total
- age  10:      67984 bytes,     278832 total
- age  12:       1048 bytes,     279880 total
- age  14:        144 bytes,     280024 total
, 0.0589876 secs]
   [Parallel Time: 51.2 ms, GC Workers: 4]
      [GC Worker Start (ms): Min: 115026.6, Avg: 115026.6, Max: 115026.6, Diff: 0.0]
      [Ext Root Scanning (ms): Min: 0.4, Avg: 0.4, Max: 0.4, Diff: 0.0, Sum: 1.8]
      [Update RS (ms): Min: 49.6, Avg: 50.1, Max: 50.6, Diff: 1.0, Sum: 200.3]
         [Processed Buffers: Min: 498, Avg: 514.5, Max: 529, Diff: 31, Sum: 2058]
      [Scan RS (ms): Min: 0.0, Avg: 0.0, Max: 0.1, Diff: 0.1, Sum: 0.1]
      [Code Root Scanning (ms): Min: 0.0, Avg: 0.0, Max: 0.1, Diff: 0.1, Sum: 0.1]
      [Object Copy (ms): Min: 0.1, Avg: 0.5, Max: 0.9, Diff: 0.9, Sum: 1.9]
      [Termination (ms): Min: 0.0, Avg: 0.1, Max: 0.1, Diff: 0.1, Sum: 0.3]
         [Termination Attempts: Min: 1, Avg: 1.0, Max: 1, Diff: 0, Sum: 4]
      [GC Worker Other (ms): Min: 0.0, Avg: 0.0, Max: 0.0, Diff: 0.0, Sum: 0.1]
      [GC Worker Total (ms): Min: 51.1, Avg: 51.1, Max: 51.2, Diff: 0.0, Sum: 204.6]
      [GC Worker End (ms): Min: 115077.7, Avg: 115077.7, Max: 115077.7, Diff: 0.0]
   [Code Root Fixup: 0.0 ms]
   [Code Root Purge: 0.0 ms]
   [Clear CT: 0.0 ms]
   [Other: 7.7 ms]
      [Choose CSet: 0.0 ms]
      [Ref Proc: 0.1 ms]
      [Ref Enq: 0.0 ms]
      [Redirty Cards: 0.0 ms]
      [Humongous Register: 0.7 ms]
      [Humongous Reclaim: 1.9 ms]
      [Free CSet: 0.0 ms]
   [Eden: 62.0M(1011.0M)->0.0B(892.0M) Survivors: 1024.0K->1024.0K Heap: 4976.6M(5120.0M)->3626.1M(5120.0M)]
 [Times: user=0.20 sys=0.00, real=0.06 secs] 
2016-06-26T19:44:45.844+0300: 115.080: Total time for which application threads were stopped: 0.0647806 seconds, Stopping threads took: 0.0049719 seconds
2016-06-26T19:44:45.846+0300: 115.082: [GC pause (G1 Humongous Allocation) (young) (initial-mark)
Desired survivor size 58720256 bytes, new threshold 15 (max 15)
- age   1:      63504 bytes,      63504 total
- age   2:         16 bytes,      63520 total
- age   3:      52248 bytes,     115768 total
- age   5:      51496 bytes,     167264 total
- age   6:       9048 bytes,     176312 total
- age   7:      34352 bytes,     210664 total
- age   8:       9240 bytes,     219904 total
- age   9:      35496 bytes,     255400 total
- age  11:      66528 bytes,     321928 total
- age  13:        400 bytes,     322328 total
- age  15:        104 bytes,     322432 total
, 0.0035538 secs]
   [Parallel Time: 1.9 ms, GC Workers: 4]
      [GC Worker Start (ms): Min: 115083.4, Avg: 115083.4, Max: 115083.4, Diff: 0.0]
      [Ext Root Scanning (ms): Min: 0.4, Avg: 0.5, Max: 0.7, Diff: 0.3, Sum: 2.0]
      [Update RS (ms): Min: 0.3, Avg: 0.7, Max: 1.4, Diff: 1.1, Sum: 2.8]
         [Processed Buffers: Min: 3, Avg: 4.8, Max: 6, Diff: 3, Sum: 19]
      [Scan RS (ms): Min: 0.0, Avg: 0.0, Max: 0.0, Diff: 0.0, Sum: 0.0]
      [Code Root Scanning (ms): Min: 0.0, Avg: 0.0, Max: 0.1, Diff: 0.1, Sum: 0.1]
      [Object Copy (ms): Min: 0.0, Avg: 0.6, Max: 0.8, Diff: 0.7, Sum: 2.2]
      [Termination (ms): Min: 0.0, Avg: 0.1, Max: 0.1, Diff: 0.1, Sum: 0.3]
         [Termination Attempts: Min: 1, Avg: 1.0, Max: 1, Diff: 0, Sum: 4]
      [GC Worker Other (ms): Min: 0.0, Avg: 0.0, Max: 0.0, Diff: 0.0, Sum: 0.0]
      [GC Worker Total (ms): Min: 1.8, Avg: 1.9, Max: 1.9, Diff: 0.0, Sum: 7.4]
      [GC Worker End (ms): Min: 115085.3, Avg: 115085.3, Max: 115085.3, Diff: 0.0]
   [Code Root Fixup: 0.0 ms]
   [Code Root Purge: 0.0 ms]
   [Clear CT: 0.0 ms]
   [Other: 1.6 ms]
      [Choose CSet: 0.0 ms]
      [Ref Proc: 0.1 ms]
      [Ref Enq: 0.0 ms]
      [Redirty Cards: 0.0 ms]
      [Humongous Register: 0.6 ms]
      [Humongous Reclaim: 0.3 ms]
      [Free CSet: 0.0 ms]
   [Eden: 1024.0K(892.0M)->0.0B(890.0M) Survivors: 1024.0K->1024.0K Heap: 3628.5M(5120.0M)->3628.1M(5120.0M)]
 [Times: user=0.00 sys=0.00, real=0.00 secs] 
2016-06-26T19:44:45.850+0300: 115.086: [GC concurrent-root-region-scan-start]
2016-06-26T19:44:45.850+0300: 115.086: Total time for which application threads were stopped: 0.0041376 seconds, Stopping threads took: 0.0000599 seconds
2016-06-26T19:44:45.851+0300: 115.088: [GC concurrent-root-region-scan-end, 0.0016683 secs]
2016-06-26T19:44:45.851+0300: 115.088: [GC concurrent-mark-start]
2016-06-26T19:44:45.866+0300: 115.103: [GC concurrent-mark-end, 0.0127565 secs]
2016-06-26T19:44:45.888+0300: 115.124: [GC remark 2016-06-26T19:44:45.888+0300: 115.124: [Finalize Marking, 0.0003913 secs] 2016-06-26T19:44:45.888+0300: 115.125: [GC ref-proc, 0.0001031 secs] 2016-06-26T19:44:45.888+0300: 115.125: [Unloading, 0.0014365 secs], 0.0224565 secs]
 [Times: user=0.13 sys=0.00, real=0.02 secs] 
2016-06-26T19:44:45.910+0300: 115.147: Total time for which application threads were stopped: 0.0233533 seconds, Stopping threads took: 0.0005564 seconds
2016-06-26T19:44:45.913+0300: 115.150: [GC cleanup 3657M->3657M(5120M), 0.0023846 secs]
 [Times: user=0.00 sys=0.00, real=0.00 secs] 
2016-06-26T19:44:45.916+0300: 115.152: Total time for which application threads were stopped: 0.0027913 seconds, Stopping threads took: 0.0000594 seconds
2016-06-26T19:44:46.335+0300: 115.571: Total time for which application threads were stopped: 0.0032536 seconds, Stopping threads took: 0.0022708 seconds
2016-06-26T19:44:48.019+0300: 117.256: Total time for which application threads were stopped: 0.0112567 seconds, Stopping threads took: 0.0101872 seconds
2016-06-26T19:44:48.355+0300: 117.592: [GC pause (G1 Humongous Allocation) (young)
Desired survivor size 58720256 bytes, new threshold 15 (max 15)
- age   1:         40 bytes,         40 total
- age   2:      63480 bytes,      63520 total
- age   3:         16 bytes,      63536 total
- age   4:      52248 bytes,     115784 total
- age   6:      51496 bytes,     167280 total
- age   7:       9048 bytes,     176328 total
- age   8:      34352 bytes,     210680 total
- age   9:       9240 bytes,     219920 total
- age  10:      35496 bytes,     255416 total
- age  12:      66528 bytes,     321944 total
- age  14:        400 bytes,     322344 total
, 0.0576029 secs]
   [Parallel Time: 49.6 ms, GC Workers: 4]
      [GC Worker Start (ms): Min: 117597.7, Avg: 117597.7, Max: 117597.7, Diff: 0.0]
      [Ext Root Scanning (ms): Min: 0.4, Avg: 0.4, Max: 0.4, Diff: 0.0, Sum: 1.6]
      [Update RS (ms): Min: 48.6, Avg: 48.6, Max: 48.6, Diff: 0.1, Sum: 194.4]
         [Processed Buffers: Min: 516, Avg: 518.8, Max: 524, Diff: 8, Sum: 2075]
      [Scan RS (ms): Min: 0.0, Avg: 0.0, Max: 0.1, Diff: 0.1, Sum: 0.1]
      [Code Root Scanning (ms): Min: 0.0, Avg: 0.0, Max: 0.1, Diff: 0.1, Sum: 0.1]
      [Object Copy (ms): Min: 0.5, Avg: 0.5, Max: 0.6, Diff: 0.1, Sum: 2.1]
      [Termination (ms): Min: 0.0, Avg: 0.0, Max: 0.0, Diff: 0.0, Sum: 0.0]
         [Termination Attempts: Min: 1, Avg: 1.0, Max: 1, Diff: 0, Sum: 4]
      [GC Worker Other (ms): Min: 0.0, Avg: 0.0, Max: 0.0, Diff: 0.0, Sum: 0.1]
      [GC Worker Total (ms): Min: 49.6, Avg: 49.6, Max: 49.6, Diff: 0.0, Sum: 198.4]
      [GC Worker End (ms): Min: 117647.3, Avg: 117647.3, Max: 117647.3, Diff: 0.0]
   [Code Root Fixup: 0.0 ms]
   [Code Root Purge: 0.0 ms]
   [Clear CT: 0.0 ms]
   [Other: 7.9 ms]
      [Choose CSet: 0.0 ms]
      [Ref Proc: 0.1 ms]
      [Ref Enq: 0.0 ms]
      [Redirty Cards: 0.0 ms]
      [Humongous Register: 0.8 ms]
      [Humongous Reclaim: 1.9 ms]
      [Free CSet: 0.1 ms]
   [Eden: 64.0M(890.0M)->0.0B(924.0M) Survivors: 1024.0K->1024.0K Heap: 4976.8M(5120.0M)->3594.7M(5120.0M)]
 [Times: user=0.20 sys=0.00, real=0.06 secs] 
2016-06-26T19:44:48.413+0300: 117.650: Total time for which application threads were stopped: 0.0606751 seconds, Stopping threads took: 0.0021135 seconds
2016-06-26T19:44:48.415+0300: 117.651: [GC pause (G1 Humongous Allocation) (young) (initial-mark)
Desired survivor size 60817408 bytes, new threshold 15 (max 15)
- age   1:      42752 bytes,      42752 total
- age   2:         16 bytes,      42768 total
- age   3:      55784 bytes,      98552 total
- age   4:         16 bytes,      98568 total
- age   5:      47440 bytes,     146008 total
- age   7:      47008 bytes,     193016 total
- age   8:       9032 bytes,     202048 total
- age   9:      32640 bytes,     234688 total
- age  10:       9240 bytes,     243928 total
- age  11:      34528 bytes,     278456 total
- age  13:      66208 bytes,     344664 total
- age  15:        400 bytes,     345064 total
, 0.0031668 secs]
   [Parallel Time: 1.5 ms, GC Workers: 4]
      [GC Worker Start (ms): Min: 117652.2, Avg: 117652.2, Max: 117652.2, Diff: 0.0]
      [Ext Root Scanning (ms): Min: 0.4, Avg: 0.5, Max: 0.5, Diff: 0.0, Sum: 1.8]
      [Update RS (ms): Min: 0.4, Avg: 0.4, Max: 0.5, Diff: 0.1, Sum: 1.8]
         [Processed Buffers: Min: 4, Avg: 4.8, Max: 5, Diff: 1, Sum: 19]
      [Scan RS (ms): Min: 0.0, Avg: 0.0, Max: 0.0, Diff: 0.0, Sum: 0.0]
      [Code Root Scanning (ms): Min: 0.0, Avg: 0.0, Max: 0.1, Diff: 0.1, Sum: 0.1]
      [Object Copy (ms): Min: 0.5, Avg: 0.5, Max: 0.6, Diff: 0.1, Sum: 2.2]
      [Termination (ms): Min: 0.0, Avg: 0.0, Max: 0.0, Diff: 0.0, Sum: 0.0]
         [Termination Attempts: Min: 1, Avg: 1.0, Max: 1, Diff: 0, Sum: 4]
      [GC Worker Other (ms): Min: 0.0, Avg: 0.0, Max: 0.0, Diff: 0.0, Sum: 0.0]
      [GC Worker Total (ms): Min: 1.5, Avg: 1.5, Max: 1.5, Diff: 0.0, Sum: 5.9]
      [GC Worker End (ms): Min: 117653.7, Avg: 117653.7, Max: 117653.7, Diff: 0.0]
   [Code Root Fixup: 0.0 ms]
   [Code Root Purge: 0.0 ms]
   [Clear CT: 0.0 ms]
   [Other: 1.6 ms]
      [Choose CSet: 0.0 ms]
      [Ref Proc: 0.0 ms]
      [Ref Enq: 0.0 ms]
      [Redirty Cards: 0.1 ms]
      [Humongous Register: 0.6 ms]
      [Humongous Reclaim: 0.3 ms]
      [Free CSet: 0.0 ms]
   [Eden: 1024.0K(924.0M)->0.0B(923.0M) Survivors: 1024.0K->1024.0K Heap: 3597.2M(5120.0M)->3596.8M(5120.0M)]
 [Times: user=0.00 sys=0.00, real=0.00 secs] 
2016-06-26T19:44:48.418+0300: 117.655: [GC concurrent-root-region-scan-start]
2016-06-26T19:44:48.418+0300: 117.655: Total time for which application threads were stopped: 0.0038190 seconds, Stopping threads took: 0.0000586 seconds
2016-06-26T19:44:48.420+0300: 117.656: [GC concurrent-root-region-scan-end, 0.0017756 secs]
2016-06-26T19:44:48.420+0300: 117.656: [GC concurrent-mark-start]
2016-06-26T19:44:48.431+0300: 117.667: [GC concurrent-mark-end, 0.0108496 secs]
2016-06-26T19:44:48.451+0300: 117.688: [GC remark 2016-06-26T19:44:48.451+0300: 117.688: [Finalize Marking, 0.0003699 secs] 2016-06-26T19:44:48.452+0300: 117.688: [GC ref-proc, 0.0001035 secs] 2016-06-26T19:44:48.452+0300: 117.688: [Unloading, 0.0015725 secs], 0.0227508 secs]
 [Times: user=0.05 sys=0.00, real=0.02 secs] 
2016-06-26T19:44:48.474+0300: 117.711: Total time for which application threads were stopped: 0.0240513 seconds, Stopping threads took: 0.0008754 seconds
2016-06-26T19:44:48.477+0300: 117.713: [GC cleanup 3620M->3620M(5120M), 0.0022298 secs]
 [Times: user=0.00 sys=0.00, real=0.00 secs] 
2016-06-26T19:44:48.479+0300: 117.716: Total time for which application threads were stopped: 0.0027212 seconds, Stopping threads took: 0.0000556 seconds
2016-06-26T19:44:49.012+0300: 118.249: Total time for which application threads were stopped: 0.0043916 seconds, Stopping threads took: 0.0034572 seconds
2016-06-26T19:44:50.017+0300: 119.253: Total time for which application threads were stopped: 0.0077452 seconds, Stopping threads took: 0.0067706 seconds
2016-06-26T19:44:50.660+0300: 119.896: [GC pause (G1 Humongous Allocation) (young)
Desired survivor size 60817408 bytes, new threshold 15 (max 15)
- age   1:         40 bytes,         40 total
- age   2:      42728 bytes,      42768 total
- age   3:         16 bytes,      42784 total
- age   4:      55784 bytes,      98568 total
- age   5:         16 bytes,      98584 total
- age   6:      47440 bytes,     146024 total
- age   8:      47008 bytes,     193032 total
- age   9:       9032 bytes,     202064 total
- age  10:      32640 bytes,     234704 total
- age  11:       9240 bytes,     243944 total
- age  12:      34528 bytes,     278472 total
- age  14:      66208 bytes,     344680 total
, 0.0660952 secs]
   [Parallel Time: 58.0 ms, GC Workers: 4]
      [GC Worker Start (ms): Min: 119902.6, Avg: 119906.8, Max: 119919.5, Diff: 17.0]
      [Ext Root Scanning (ms): Min: 0.0, Avg: 3.8, Max: 14.0, Diff: 14.0, Sum: 15.3]
      [Update RS (ms): Min: 40.4, Avg: 49.2, Max: 56.6, Diff: 16.2, Sum: 196.9]
         [Processed Buffers: Min: 442, Avg: 518.5, Max: 594, Diff: 152, Sum: 2074]
      [Scan RS (ms): Min: 0.0, Avg: 0.0, Max: 0.0, Diff: 0.0, Sum: 0.1]
      [Code Root Scanning (ms): Min: 0.0, Avg: 0.0, Max: 0.1, Diff: 0.1, Sum: 0.1]
      [Object Copy (ms): Min: 0.5, Avg: 0.6, Max: 0.6, Diff: 0.1, Sum: 2.3]
      [Termination (ms): Min: 0.0, Avg: 0.0, Max: 0.0, Diff: 0.0, Sum: 0.0]
         [Termination Attempts: Min: 1, Avg: 1.0, Max: 1, Diff: 0, Sum: 4]
      [GC Worker Other (ms): Min: 0.0, Avg: 0.0, Max: 0.0, Diff: 0.0, Sum: 0.1]
      [GC Worker Total (ms): Min: 41.0, Avg: 53.7, Max: 57.9, Diff: 17.0, Sum: 214.8]
      [GC Worker End (ms): Min: 119960.5, Avg: 119960.5, Max: 119960.5, Diff: 0.0]
   [Code Root Fixup: 0.0 ms]
   [Code Root Purge: 0.0 ms]
   [Clear CT: 0.0 ms]
   [Other: 8.1 ms]
      [Choose CSet: 0.0 ms]
      [Ref Proc: 0.0 ms]
      [Ref Enq: 0.0 ms]
      [Redirty Cards: 0.0 ms]
      [Humongous Register: 0.9 ms]
      [Humongous Reclaim: 1.7 ms]
      [Free CSet: 0.1 ms]
   [Eden: 63.0M(923.0M)->0.0B(773.0M) Survivors: 1024.0K->1024.0K Heap: 4977.7M(5120.0M)->3743.4M(5120.0M)]
 [Times: user=0.20 sys=0.00, real=0.07 secs] 
2016-06-26T19:44:50.726+0300: 119.963: Total time for which application threads were stopped: 0.0779237 seconds, Stopping threads took: 0.0109450 seconds
2016-06-26T19:44:50.849+0300: 120.085: [GC pause (G1 Humongous Allocation) (young) (initial-mark)
Desired survivor size 50855936 bytes, new threshold 15 (max 15)
- age   1:      42640 bytes,      42640 total
- age   2:         16 bytes,      42656 total
- age   3:      36608 bytes,      79264 total
- age   5:      51072 bytes,     130336 total
- age   6:         16 bytes,     130352 total
- age   7:      43600 bytes,     173952 total
- age   9:      44920 bytes,     218872 total
- age  10:       9032 bytes,     227904 total
- age  11:      31392 bytes,     259296 total
- age  12:       9240 bytes,     268536 total
- age  13:      34160 bytes,     302696 total
- age  15:      66184 bytes,     368880 total
, 0.0037125 secs]
   [Parallel Time: 2.0 ms, GC Workers: 4]
      [GC Worker Start (ms): Min: 120086.1, Avg: 120086.2, Max: 120086.6, Diff: 0.5]
      [Ext Root Scanning (ms): Min: 0.1, Avg: 0.8, Max: 2.0, Diff: 1.9, Sum: 3.1]
      [Update RS (ms): Min: 0.0, Avg: 0.4, Max: 0.6, Diff: 0.6, Sum: 1.8]
         [Processed Buffers: Min: 0, Avg: 4.5, Max: 7, Diff: 7, Sum: 18]
      [Scan RS (ms): Min: 0.0, Avg: 0.0, Max: 0.0, Diff: 0.0, Sum: 0.0]
      [Code Root Scanning (ms): Min: 0.0, Avg: 0.0, Max: 0.1, Diff: 0.1, Sum: 0.1]
      [Object Copy (ms): Min: 0.0, Avg: 0.6, Max: 0.8, Diff: 0.8, Sum: 2.3]
      [Termination (ms): Min: 0.0, Avg: 0.0, Max: 0.1, Diff: 0.1, Sum: 0.2]
         [Termination Attempts: Min: 1, Avg: 1.0, Max: 1, Diff: 0, Sum: 4]
      [GC Worker Other (ms): Min: 0.0, Avg: 0.0, Max: 0.0, Diff: 0.0, Sum: 0.0]
      [GC Worker Total (ms): Min: 1.5, Avg: 1.9, Max: 2.0, Diff: 0.5, Sum: 7.4]
      [GC Worker End (ms): Min: 120088.1, Avg: 120088.1, Max: 120088.1, Diff: 0.0]
   [Code Root Fixup: 0.0 ms]
   [Code Root Purge: 0.0 ms]
   [Clear CT: 0.0 ms]
   [Other: 1.6 ms]
      [Choose CSet: 0.0 ms]
      [Ref Proc: 0.1 ms]
      [Ref Enq: 0.0 ms]
      [Redirty Cards: 0.0 ms]
      [Humongous Register: 0.6 ms]
      [Humongous Reclaim: 0.3 ms]
      [Free CSet: 0.0 ms]
   [Eden: 1024.0K(773.0M)->0.0B(771.0M) Survivors: 1024.0K->1024.0K Heap: 3745.8M(5120.0M)->3745.3M(5120.0M)]
 [Times: user=0.00 sys=0.00, real=0.00 secs] 
2016-06-26T19:44:50.852+0300: 120.089: [GC concurrent-root-region-scan-start]
2016-06-26T19:44:50.853+0300: 120.089: Total time for which application threads were stopped: 0.0042958 seconds, Stopping threads took: 0.0000676 seconds
2016-06-26T19:44:50.854+0300: 120.091: [GC concurrent-root-region-scan-end, 0.0016862 secs]
2016-06-26T19:44:50.854+0300: 120.091: [GC concurrent-mark-start]
2016-06-26T19:44:50.868+0300: 120.104: [GC concurrent-mark-end, 0.0118422 secs]
2016-06-26T19:44:50.889+0300: 120.126: [GC remark 2016-06-26T19:44:50.889+0300: 120.126: [Finalize Marking, 0.0002596 secs] 2016-06-26T19:44:50.890+0300: 120.126: [GC ref-proc, 0.0001056 secs] 2016-06-26T19:44:50.890+0300: 120.126: [Unloading, 0.0014570 secs], 0.0258260 secs]
 [Times: user=0.06 sys=0.00, real=0.03 secs] 
2016-06-26T19:44:50.915+0300: 120.152: Total time for which application threads were stopped: 0.0283240 seconds, Stopping threads took: 0.0021631 seconds
2016-06-26T19:44:51.016+0300: 120.252: Total time for which application threads were stopped: 0.0065106 seconds, Stopping threads took: 0.0057977 seconds
2016-06-26T19:44:51.227+0300: 120.463: [GC cleanup 3860M->3860M(5120M), 0.0021588 secs]
 [Times: user=0.00 sys=0.00, real=0.00 secs] 
2016-06-26T19:44:51.229+0300: 120.465: Total time for which application threads were stopped: 0.0069691 seconds, Stopping threads took: 0.0045237 seconds
2016-06-26T19:44:52.019+0300: 121.255: Total time for which application threads were stopped: 0.0088178 seconds, Stopping threads took: 0.0079351 seconds
2016-06-26T19:44:53.018+0300: 122.255: Total time for which application threads were stopped: 0.0072812 seconds, Stopping threads took: 0.0063896 seconds
2016-06-26T19:44:53.103+0300: 122.340: [GC pause (G1 Humongous Allocation) (young)
Desired survivor size 50855936 bytes, new threshold 15 (max 15)
- age   1:         40 bytes,         40 total
- age   2:      41080 bytes,      41120 total
- age   3:         16 bytes,      41136 total
- age   4:      36608 bytes,      77744 total
- age   6:      51072 bytes,     128816 total
- age   7:         16 bytes,     128832 total
- age   8:      43600 bytes,     172432 total
- age  10:      44920 bytes,     217352 total
- age  11:       9032 bytes,     226384 total
- age  12:      31392 bytes,     257776 total
- age  13:       9240 bytes,     267016 total
- age  14:      34160 bytes,     301176 total
, 0.0572625 secs]
   [Parallel Time: 49.1 ms, GC Workers: 4]
      [GC Worker Start (ms): Min: 122345.7, Avg: 122345.7, Max: 122345.7, Diff: 0.0]
      [Ext Root Scanning (ms): Min: 0.3, Avg: 0.3, Max: 0.3, Diff: 0.0, Sum: 1.3]
      [Update RS (ms): Min: 48.1, Avg: 48.1, Max: 48.2, Diff: 0.1, Sum: 192.5]
         [Processed Buffers: Min: 504, Avg: 510.8, Max: 518, Diff: 14, Sum: 2043]
      [Scan RS (ms): Min: 0.0, Avg: 0.0, Max: 0.0, Diff: 0.0, Sum: 0.1]
      [Code Root Scanning (ms): Min: 0.0, Avg: 0.0, Max: 0.2, Diff: 0.2, Sum: 0.2]
      [Object Copy (ms): Min: 0.4, Avg: 0.5, Max: 0.6, Diff: 0.1, Sum: 2.1]
      [Termination (ms): Min: 0.0, Avg: 0.0, Max: 0.0, Diff: 0.0, Sum: 0.0]
         [Termination Attempts: Min: 1, Avg: 1.0, Max: 1, Diff: 0, Sum: 4]
      [GC Worker Other (ms): Min: 0.0, Avg: 0.0, Max: 0.0, Diff: 0.0, Sum: 0.1]
      [GC Worker Total (ms): Min: 49.0, Avg: 49.0, Max: 49.0, Diff: 0.0, Sum: 196.2]
      [GC Worker End (ms): Min: 122394.7, Avg: 122394.7, Max: 122394.7, Diff: 0.0]
   [Code Root Fixup: 0.0 ms]
   [Code Root Purge: 0.0 ms]
   [Clear CT: 0.0 ms]
   [Other: 8.1 ms]
      [Choose CSet: 0.0 ms]
      [Ref Proc: 0.0 ms]
      [Ref Enq: 0.0 ms]
      [Redirty Cards: 0.0 ms]
      [Humongous Register: 0.8 ms]
      [Humongous Reclaim: 2.2 ms]
      [Free CSet: 0.1 ms]
   [Eden: 64.0M(771.0M)->0.0B(1195.0M) Survivors: 1024.0K->1024.0K Heap: 4977.3M(5120.0M)->3331.2M(5120.0M)]
 [Times: user=0.20 sys=0.00, real=0.06 secs] 
2016-06-26T19:44:53.161+0300: 122.398: Total time for which application threads were stopped: 0.0588469 seconds, Stopping threads took: 0.0007416 seconds
2016-06-26T19:44:53.165+0300: 122.401: [GC pause (G1 Humongous Allocation) (young) (initial-mark)
Desired survivor size 78643200 bytes, new threshold 15 (max 15)
- age   1:      45624 bytes,      45624 total
- age   2:         16 bytes,      45640 total
- age   3:      35840 bytes,      81480 total
- age   4:         16 bytes,      81496 total
- age   5:      32112 bytes,     113608 total
- age   7:      46152 bytes,     159760 total
- age   9:      39368 bytes,     199128 total
- age  11:      43168 bytes,     242296 total
- age  12:       9032 bytes,     251328 total
- age  13:      30632 bytes,     281960 total
- age  14:       9240 bytes,     291200 total
- age  15:      34136 bytes,     325336 total
, 0.0031360 secs]
   [Parallel Time: 1.4 ms, GC Workers: 4]
      [GC Worker Start (ms): Min: 122402.4, Avg: 122402.4, Max: 122402.4, Diff: 0.0]
      [Ext Root Scanning (ms): Min: 0.4, Avg: 0.4, Max: 0.4, Diff: 0.0, Sum: 1.5]
      [Update RS (ms): Min: 0.4, Avg: 0.4, Max: 0.5, Diff: 0.1, Sum: 1.7]
         [Processed Buffers: Min: 4, Avg: 5.0, Max: 6, Diff: 2, Sum: 20]
      [Scan RS (ms): Min: 0.0, Avg: 0.0, Max: 0.0, Diff: 0.0, Sum: 0.0]
      [Code Root Scanning (ms): Min: 0.0, Avg: 0.0, Max: 0.2, Diff: 0.2, Sum: 0.2]
      [Object Copy (ms): Min: 0.5, Avg: 0.5, Max: 0.6, Diff: 0.1, Sum: 2.1]
      [Termination (ms): Min: 0.0, Avg: 0.0, Max: 0.0, Diff: 0.0, Sum: 0.0]
         [Termination Attempts: Min: 1, Avg: 1.0, Max: 1, Diff: 0, Sum: 4]
      [GC Worker Other (ms): Min: 0.0, Avg: 0.0, Max: 0.0, Diff: 0.0, Sum: 0.0]
      [GC Worker Total (ms): Min: 1.4, Avg: 1.4, Max: 1.4, Diff: 0.0, Sum: 5.5]
      [GC Worker End (ms): Min: 122403.8, Avg: 122403.8, Max: 122403.8, Diff: 0.0]
   [Code Root Fixup: 0.0 ms]
   [Code Root Purge: 0.0 ms]
   [Clear CT: 0.0 ms]
   [Other: 1.6 ms]
      [Choose CSet: 0.0 ms]
      [Ref Proc: 0.1 ms]
      [Ref Enq: 0.0 ms]
      [Redirty Cards: 0.0 ms]
      [Humongous Register: 0.6 ms]
      [Humongous Reclaim: 0.3 ms]
      [Free CSet: 0.0 ms]
   [Eden: 1024.0K(1195.0M)->0.0B(1193.0M) Survivors: 1024.0K->1024.0K Heap: 3333.6M(5120.0M)->3333.2M(5120.0M)]
 [Times: user=0.00 sys=0.00, real=0.00 secs] 
2016-06-26T19:44:53.168+0300: 122.405: [GC concurrent-root-region-scan-start]
2016-06-26T19:44:53.168+0300: 122.405: Total time for which application threads were stopped: 0.0036445 seconds, Stopping threads took: 0.0000684 seconds
2016-06-26T19:44:53.170+0300: 122.406: [GC concurrent-root-region-scan-end, 0.0015190 secs]
2016-06-26T19:44:53.170+0300: 122.406: [GC concurrent-mark-start]
2016-06-26T19:44:53.187+0300: 122.423: [GC concurrent-mark-end, 0.0159400 secs]
2016-06-26T19:44:53.207+0300: 122.443: [GC remark 2016-06-26T19:44:53.207+0300: 122.443: [Finalize Marking, 0.0003532 secs] 2016-06-26T19:44:53.207+0300: 122.444: [GC ref-proc, 0.0001005 secs] 2016-06-26T19:44:53.207+0300: 122.444: [Unloading, 0.0015109 secs], 0.0202298 secs]
 [Times: user=0.06 sys=0.00, real=0.02 secs] 
2016-06-26T19:44:53.227+0300: 122.464: Total time for which application threads were stopped: 0.0214695 seconds, Stopping threads took: 0.0009943 seconds
2016-06-26T19:44:53.286+0300: 122.523: [GC cleanup 3398M->3398M(5120M), 0.0022606 secs]
 [Times: user=0.00 sys=0.00, real=0.00 secs] 
2016-06-26T19:44:53.289+0300: 122.526: Total time for which application threads were stopped: 0.0036971 seconds, Stopping threads took: 0.0011636 seconds
2016-06-26T19:44:54.017+0300: 123.254: Total time for which application threads were stopped: 0.0048821 seconds, Stopping threads took: 0.0040383 seconds
2016-06-26T19:44:55.023+0300: 124.259: Total time for which application threads were stopped: 0.0058747 seconds, Stopping threads took: 0.0055480 seconds
2016-06-26T19:44:55.849+0300: 125.085: [GC pause (G1 Humongous Allocation) (young)
Desired survivor size 78643200 bytes, new threshold 15 (max 15)
- age   1:        120 bytes,        120 total
- age   2:      45576 bytes,      45696 total
- age   3:         16 bytes,      45712 total
- age   4:      35840 bytes,      81552 total
- age   5:         16 bytes,      81568 total
- age   6:      32056 bytes,     113624 total
- age   8:      46152 bytes,     159776 total
- age  10:      39368 bytes,     199144 total
- age  12:      43168 bytes,     242312 total
- age  13:       9032 bytes,     251344 total
- age  14:      30632 bytes,     281976 total
- age  15:       9240 bytes,     291216 total
, 0.0577996 secs]
   [Parallel Time: 49.8 ms, GC Workers: 4]
      [GC Worker Start (ms): Min: 125091.1, Avg: 125091.1, Max: 125091.1, Diff: 0.1]
      [Ext Root Scanning (ms): Min: 0.3, Avg: 0.4, Max: 0.4, Diff: 0.1, Sum: 1.5]
      [Update RS (ms): Min: 48.7, Avg: 48.8, Max: 48.8, Diff: 0.1, Sum: 195.1]
         [Processed Buffers: Min: 513, Avg: 519.3, Max: 526, Diff: 13, Sum: 2077]
      [Scan RS (ms): Min: 0.0, Avg: 0.0, Max: 0.0, Diff: 0.0, Sum: 0.1]
      [Code Root Scanning (ms): Min: 0.0, Avg: 0.0, Max: 0.1, Diff: 0.1, Sum: 0.2]
      [Object Copy (ms): Min: 0.4, Avg: 0.5, Max: 0.6, Diff: 0.2, Sum: 2.1]
      [Termination (ms): Min: 0.0, Avg: 0.0, Max: 0.0, Diff: 0.0, Sum: 0.0]
         [Termination Attempts: Min: 1, Avg: 1.0, Max: 1, Diff: 0, Sum: 4]
      [GC Worker Other (ms): Min: 0.0, Avg: 0.0, Max: 0.0, Diff: 0.0, Sum: 0.1]
      [GC Worker Total (ms): Min: 49.7, Avg: 49.7, Max: 49.8, Diff: 0.0, Sum: 198.9]
      [GC Worker End (ms): Min: 125140.8, Avg: 125140.8, Max: 125140.9, Diff: 0.0]
   [Code Root Fixup: 0.0 ms]
   [Code Root Purge: 0.0 ms]
   [Clear CT: 0.0 ms]
   [Other: 7.9 ms]
      [Choose CSet: 0.0 ms]
      [Ref Proc: 0.0 ms]
      [Ref Enq: 0.0 ms]
      [Redirty Cards: 0.0 ms]
      [Humongous Register: 0.8 ms]
      [Humongous Reclaim: 2.0 ms]
      [Free CSet: 0.1 ms]
   [Eden: 62.0M(1193.0M)->0.0B(947.0M) Survivors: 1024.0K->1024.0K Heap: 4976.7M(5120.0M)->3573.5M(5120.0M)]
 [Times: user=0.20 sys=0.00, real=0.06 secs] 
2016-06-26T19:44:55.907+0300: 125.143: Total time for which application threads were stopped: 0.0652703 seconds, Stopping threads took: 0.0065564 seconds
2016-06-26T19:44:55.910+0300: 125.146: [GC pause (G1 Humongous Allocation) (young) (initial-mark)
Desired survivor size 62390272 bytes, new threshold 15 (max 15)
- age   1:      41720 bytes,      41720 total
- age   3:      37416 bytes,      79136 total
- age   5:      31608 bytes,     110744 total
- age   7:      28976 bytes,     139720 total
- age   9:      43832 bytes,     183552 total
- age  11:      38232 bytes,     221784 total
- age  13:      42688 bytes,     264472 total
- age  14:       9032 bytes,     273504 total
- age  15:      30552 bytes,     304056 total
, 0.0034507 secs]
   [Parallel Time: 1.5 ms, GC Workers: 4]
      [GC Worker Start (ms): Min: 125147.3, Avg: 125147.3, Max: 125147.3, Diff: 0.0]
      [Ext Root Scanning (ms): Min: 0.4, Avg: 0.5, Max: 0.5, Diff: 0.0, Sum: 1.8]
      [Update RS (ms): Min: 0.4, Avg: 0.4, Max: 0.5, Diff: 0.1, Sum: 1.8]
         [Processed Buffers: Min: 5, Avg: 5.3, Max: 6, Diff: 1, Sum: 21]
      [Scan RS (ms): Min: 0.0, Avg: 0.0, Max: 0.0, Diff: 0.0, Sum: 0.0]
      [Code Root Scanning (ms): Min: 0.0, Avg: 0.0, Max: 0.1, Diff: 0.1, Sum: 0.1]
      [Object Copy (ms): Min: 0.4, Avg: 0.5, Max: 0.5, Diff: 0.1, Sum: 2.0]
      [Termination (ms): Min: 0.0, Avg: 0.0, Max: 0.0, Diff: 0.0, Sum: 0.0]
         [Termination Attempts: Min: 1, Avg: 1.0, Max: 1, Diff: 0, Sum: 4]
      [GC Worker Other (ms): Min: 0.0, Avg: 0.0, Max: 0.0, Diff: 0.0, Sum: 0.0]
      [GC Worker Total (ms): Min: 1.4, Avg: 1.5, Max: 1.5, Diff: 0.0, Sum: 5.8]
      [GC Worker End (ms): Min: 125148.8, Avg: 125148.8, Max: 125148.8, Diff: 0.0]
   [Code Root Fixup: 0.0 ms]
   [Code Root Purge: 0.0 ms]
   [Clear CT: 0.1 ms]
   [Other: 1.8 ms]
      [Choose CSet: 0.0 ms]
      [Ref Proc: 0.1 ms]
      [Ref Enq: 0.0 ms]
      [Redirty Cards: 0.0 ms]
      [Humongous Register: 0.7 ms]
      [Humongous Reclaim: 0.3 ms]
      [Free CSet: 0.0 ms]
   [Eden: 1024.0K(947.0M)->0.0B(945.0M) Survivors: 1024.0K->1024.0K Heap: 3575.9M(5120.0M)->3575.3M(5120.0M)]
 [Times: user=0.00 sys=0.00, real=0.00 secs] 
2016-06-26T19:44:55.913+0300: 125.150: [GC concurrent-root-region-scan-start]
2016-06-26T19:44:55.913+0300: 125.150: Total time for which application threads were stopped: 0.0041388 seconds, Stopping threads took: 0.0000671 seconds
2016-06-26T19:44:55.915+0300: 125.152: [GC concurrent-root-region-scan-end, 0.0016837 secs]
2016-06-26T19:44:55.915+0300: 125.152: [GC concurrent-mark-start]
2016-06-26T19:44:55.926+0300: 125.163: [GC concurrent-mark-end, 0.0113688 secs]
2016-06-26T19:44:55.959+0300: 125.196: [GC remark 2016-06-26T19:44:55.959+0300: 125.196: [Finalize Marking, 0.0003207 secs] 2016-06-26T19:44:55.959+0300: 125.196: [GC ref-proc, 0.0001014 secs] 2016-06-26T19:44:55.959+0300: 125.196: [Unloading, 0.0015353 secs], 0.0214062 secs]
 [Times: user=0.06 sys=0.00, real=0.02 secs] 
2016-06-26T19:44:55.980+0300: 125.217: Total time for which application threads were stopped: 0.0268746 seconds, Stopping threads took: 0.0051169 seconds
2016-06-26T19:44:55.984+0300: 125.220: [GC cleanup 3604M->3598M(5120M), 0.0021922 secs]
 [Times: user=0.00 sys=0.00, real=0.00 secs] 
2016-06-26T19:44:55.986+0300: 125.223: Total time for which application threads were stopped: 0.0026207 seconds, Stopping threads took: 0.0000552 seconds
2016-06-26T19:44:55.986+0300: 125.223: [GC concurrent-cleanup-start]
2016-06-26T19:44:55.986+0300: 125.223: [GC concurrent-cleanup-end, 0.0000218 secs]
2016-06-26T19:44:57.135+0300: 126.371: Total time for which application threads were stopped: 0.0079672 seconds, Stopping threads took: 0.0069011 seconds
2016-06-26T19:44:58.468+0300: 127.704: Total time for which application threads were stopped: 0.0156030 seconds, Stopping threads took: 0.0152446 seconds
2016-06-26T19:44:58.799+0300: 128.035: [GC pause (G1 Humongous Allocation) (young)
Desired survivor size 62390272 bytes, new threshold 15 (max 15)
- age   1:         40 bytes,         40 total
- age   2:      41672 bytes,      41712 total
- age   4:      37416 bytes,      79128 total
- age   6:      31608 bytes,     110736 total
- age   8:      28976 bytes,     139712 total
- age  10:      43832 bytes,     183544 total
- age  12:      38232 bytes,     221776 total
- age  14:      42688 bytes,     264464 total
- age  15:       9032 bytes,     273496 total
, 0.0609920 secs]
   [Parallel Time: 53.0 ms, GC Workers: 4]
      [GC Worker Start (ms): Min: 128041.2, Avg: 128041.2, Max: 128041.2, Diff: 0.0]
      [Ext Root Scanning (ms): Min: 0.3, Avg: 0.3, Max: 0.3, Diff: 0.0, Sum: 1.3]
      [Update RS (ms): Min: 51.7, Avg: 51.9, Max: 52.5, Diff: 0.7, Sum: 207.8]
         [Processed Buffers: Min: 454, Avg: 515.0, Max: 539, Diff: 85, Sum: 2060]
      [Scan RS (ms): Min: 0.0, Avg: 0.0, Max: 0.0, Diff: 0.0, Sum: 0.1]
      [Code Root Scanning (ms): Min: 0.0, Avg: 0.0, Max: 0.1, Diff: 0.1, Sum: 0.1]
      [Object Copy (ms): Min: 0.0, Avg: 0.5, Max: 0.7, Diff: 0.6, Sum: 1.9]
      [Termination (ms): Min: 0.0, Avg: 0.1, Max: 0.1, Diff: 0.1, Sum: 0.3]
         [Termination Attempts: Min: 1, Avg: 1.0, Max: 1, Diff: 0, Sum: 4]
      [GC Worker Other (ms): Min: 0.0, Avg: 0.0, Max: 0.0, Diff: 0.0, Sum: 0.1]
      [GC Worker Total (ms): Min: 52.9, Avg: 52.9, Max: 52.9, Diff: 0.1, Sum: 211.6]
      [GC Worker End (ms): Min: 128094.1, Avg: 128094.1, Max: 128094.1, Diff: 0.0]
   [Code Root Fixup: 0.0 ms]
   [Code Root Purge: 0.0 ms]
   [Clear CT: 0.0 ms]
   [Other: 8.0 ms]
      [Choose CSet: 0.0 ms]
      [Ref Proc: 0.1 ms]
      [Ref Enq: 0.0 ms]
      [Redirty Cards: 0.0 ms]
      [Humongous Register: 0.8 ms]
      [Humongous Reclaim: 2.0 ms]
      [Free CSet: 0.1 ms]
   [Eden: 62.0M(945.0M)->0.0B(1043.0M) Survivors: 1024.0K->1024.0K Heap: 4977.2M(5120.0M)->3479.7M(5120.0M)]
 [Times: user=0.19 sys=0.02, real=0.06 secs] 
2016-06-26T19:44:58.860+0300: 128.097: Total time for which application threads were stopped: 0.0651890 seconds, Stopping threads took: 0.0034734 seconds
2016-06-26T19:44:58.863+0300: 128.099: [GC pause (G1 Humongous Allocation) (young) (initial-mark)
Desired survivor size 68681728 bytes, new threshold 15 (max 15)
- age   1:      46792 bytes,      46792 total
- age   3:      34224 bytes,      81016 total
- age   5:      32176 bytes,     113192 total
- age   7:      27488 bytes,     140680 total
- age   9:      25816 bytes,     166496 total
- age  11:      42136 bytes,     208632 total
- age  13:      37568 bytes,     246200 total
- age  15:      42504 bytes,     288704 total
, 0.0036599 secs]
   [Parallel Time: 1.9 ms, GC Workers: 4]
      [GC Worker Start (ms): Min: 128100.5, Avg: 128100.6, Max: 128101.0, Diff: 0.5]
      [Ext Root Scanning (ms): Min: 0.0, Avg: 0.4, Max: 0.7, Diff: 0.7, Sum: 1.8]
      [Update RS (ms): Min: 0.6, Avg: 0.8, Max: 1.0, Diff: 0.4, Sum: 3.2]
         [Processed Buffers: Min: 6, Avg: 8.8, Max: 11, Diff: 5, Sum: 35]
      [Scan RS (ms): Min: 0.0, Avg: 0.0, Max: 0.0, Diff: 0.0, Sum: 0.0]
      [Code Root Scanning (ms): Min: 0.0, Avg: 0.0, Max: 0.1, Diff: 0.1, Sum: 0.1]
      [Object Copy (ms): Min: 0.4, Avg: 0.5, Max: 0.6, Diff: 0.1, Sum: 2.0]
      [Termination (ms): Min: 0.0, Avg: 0.0, Max: 0.0, Diff: 0.0, Sum: 0.0]
         [Termination Attempts: Min: 1, Avg: 1.0, Max: 1, Diff: 0, Sum: 4]
      [GC Worker Other (ms): Min: 0.0, Avg: 0.0, Max: 0.0, Diff: 0.0, Sum: 0.0]
      [GC Worker Total (ms): Min: 1.4, Avg: 1.8, Max: 1.9, Diff: 0.5, Sum: 7.1]
      [GC Worker End (ms): Min: 128102.4, Avg: 128102.4, Max: 128102.4, Diff: 0.0]
   [Code Root Fixup: 0.0 ms]
   [Code Root Purge: 0.0 ms]
   [Clear CT: 0.0 ms]
   [Other: 1.7 ms]
      [Choose CSet: 0.0 ms]
      [Ref Proc: 0.0 ms]
      [Ref Enq: 0.0 ms]
      [Redirty Cards: 0.0 ms]
      [Humongous Register: 0.7 ms]
      [Humongous Reclaim: 0.3 ms]
      [Free CSet: 0.0 ms]
   [Eden: 1024.0K(1043.0M)->0.0B(1039.0M) Survivors: 1024.0K->1024.0K Heap: 3484.1M(5120.0M)->3483.6M(5120.0M)]
 [Times: user=0.00 sys=0.00, real=0.00 secs] 
2016-06-26T19:44:58.867+0300: 128.103: [GC concurrent-root-region-scan-start]
2016-06-26T19:44:58.867+0300: 128.103: Total time for which application threads were stopped: 0.0044677 seconds, Stopping threads took: 0.0003477 seconds
2016-06-26T19:44:58.868+0300: 128.105: [GC concurrent-root-region-scan-end, 0.0015819 secs]
2016-06-26T19:44:58.868+0300: 128.105: [GC concurrent-mark-start]
2016-06-26T19:44:58.881+0300: 128.117: [GC concurrent-mark-end, 0.0122852 secs]
2016-06-26T19:44:58.911+0300: 128.147: [GC remark 2016-06-26T19:44:58.911+0300: 128.147: [Finalize Marking, 0.0003605 secs] 2016-06-26T19:44:58.911+0300: 128.148: [GC ref-proc, 0.0001065 secs] 2016-06-26T19:44:58.911+0300: 128.148: [Unloading, 0.0016268 secs], 0.0251238 secs]
 [Times: user=0.11 sys=0.00, real=0.03 secs] 
2016-06-26T19:44:58.936+0300: 128.173: Total time for which application threads were stopped: 0.0318705 seconds, Stopping threads took: 0.0064490 seconds
2016-06-26T19:44:58.940+0300: 128.177: [GC cleanup 3509M->3509M(5120M), 0.0022679 secs]
 [Times: user=0.00 sys=0.00, real=0.00 secs] 
2016-06-26T19:44:58.943+0300: 128.179: Total time for which application threads were stopped: 0.0026369 seconds, Stopping threads took: 0.0000663 seconds
2016-06-26T19:44:59.028+0300: 128.264: Total time for which application threads were stopped: 0.0132004 seconds, Stopping threads took: 0.0125221 seconds
2016-06-26T19:45:01.026+0300: 130.263: Total time for which application threads were stopped: 0.0114214 seconds, Stopping threads took: 0.0103723 seconds
2016-06-26T19:45:01.585+0300: 130.822: [GC pause (G1 Humongous Allocation) (young)
Desired survivor size 68157440 bytes, new threshold 15 (max 15)
- age   1:         40 bytes,         40 total
- age   2:      46768 bytes,      46808 total
- age   4:      34224 bytes,      81032 total
- age   6:      32176 bytes,     113208 total
- age   8:      27488 bytes,     140696 total
- age  10:      25816 bytes,     166512 total
- age  12:      42136 bytes,     208648 total
- age  14:      37568 bytes,     246216 total
, 0.0697666 secs]
   [Parallel Time: 61.9 ms, GC Workers: 4]
      [GC Worker Start (ms): Min: 130827.3, Avg: 130830.8, Max: 130841.4, Diff: 14.0]
      [Ext Root Scanning (ms): Min: 0.0, Avg: 0.4, Max: 0.5, Diff: 0.5, Sum: 1.5]
      [Update RS (ms): Min: 47.3, Avg: 57.4, Max: 60.8, Diff: 13.5, Sum: 229.7]
         [Processed Buffers: Min: 364, Avg: 519.0, Max: 617, Diff: 253, Sum: 2076]
      [Scan RS (ms): Min: 0.0, Avg: 0.0, Max: 0.0, Diff: 0.0, Sum: 0.1]
      [Code Root Scanning (ms): Min: 0.0, Avg: 0.0, Max: 0.1, Diff: 0.1, Sum: 0.1]
      [Object Copy (ms): Min: 0.4, Avg: 0.5, Max: 0.5, Diff: 0.1, Sum: 1.8]
      [Termination (ms): Min: 0.0, Avg: 0.0, Max: 0.0, Diff: 0.0, Sum: 0.0]
         [Termination Attempts: Min: 1, Avg: 1.0, Max: 1, Diff: 0, Sum: 4]
      [GC Worker Other (ms): Min: 0.0, Avg: 0.0, Max: 0.0, Diff: 0.0, Sum: 0.1]
      [GC Worker Total (ms): Min: 47.8, Avg: 58.3, Max: 61.8, Diff: 14.0, Sum: 233.3]
      [GC Worker End (ms): Min: 130889.2, Avg: 130889.2, Max: 130889.2, Diff: 0.0]
   [Code Root Fixup: 0.0 ms]
   [Code Root Purge: 0.0 ms]
   [Clear CT: 0.0 ms]
   [Other: 7.9 ms]
      [Choose CSet: 0.0 ms]
      [Ref Proc: 0.0 ms]
      [Ref Enq: 0.0 ms]
      [Redirty Cards: 0.0 ms]
      [Humongous Register: 0.8 ms]
      [Humongous Reclaim: 1.9 ms]
      [Free CSet: 0.1 ms]
   [Eden: 64.0M(1039.0M)->0.0B(925.0M) Survivors: 1024.0K->1024.0K Heap: 4976.8M(5120.0M)->3595.1M(5120.0M)]
 [Times: user=0.22 sys=0.00, real=0.07 secs] 
2016-06-26T19:45:01.655+0300: 130.892: Total time for which application threads were stopped: 0.0992444 seconds, Stopping threads took: 0.0285639 seconds
2016-06-26T19:45:01.657+0300: 130.894: [GC pause (G1 Humongous Allocation) (young) (initial-mark)
Desired survivor size 60817408 bytes, new threshold 15 (max 15)
- age   1:      44568 bytes,      44568 total
- age   2:         16 bytes,      44584 total
- age   3:      39312 bytes,      83896 total
- age   5:      29768 bytes,     113664 total
- age   7:      28928 bytes,     142592 total
- age   9:      24200 bytes,     166792 total
- age  11:      24440 bytes,     191232 total
- age  13:      41504 bytes,     232736 total
- age  15:      37464 bytes,     270200 total
, 0.0031441 secs]
   [Parallel Time: 1.4 ms, GC Workers: 4]
      [GC Worker Start (ms): Min: 130895.1, Avg: 130895.1, Max: 130895.1, Diff: 0.0]
      [Ext Root Scanning (ms): Min: 0.5, Avg: 0.5, Max: 0.5, Diff: 0.0, Sum: 1.9]
      [Update RS (ms): Min: 0.4, Avg: 0.4, Max: 0.5, Diff: 0.1, Sum: 1.7]
         [Processed Buffers: Min: 4, Avg: 5.0, Max: 7, Diff: 3, Sum: 20]
      [Scan RS (ms): Min: 0.0, Avg: 0.0, Max: 0.0, Diff: 0.0, Sum: 0.0]
      [Code Root Scanning (ms): Min: 0.0, Avg: 0.0, Max: 0.1, Diff: 0.1, Sum: 0.1]
      [Object Copy (ms): Min: 0.4, Avg: 0.5, Max: 0.5, Diff: 0.1, Sum: 1.9]
      [Termination (ms): Min: 0.0, Avg: 0.0, Max: 0.0, Diff: 0.0, Sum: 0.0]
         [Termination Attempts: Min: 1, Avg: 1.0, Max: 1, Diff: 0, Sum: 4]
      [GC Worker Other (ms): Min: 0.0, Avg: 0.0, Max: 0.0, Diff: 0.0, Sum: 0.1]
      [GC Worker Total (ms): Min: 1.4, Avg: 1.4, Max: 1.4, Diff: 0.0, Sum: 5.5]
      [GC Worker End (ms): Min: 130896.5, Avg: 130896.5, Max: 130896.5, Diff: 0.0]
   [Code Root Fixup: 0.0 ms]
   [Code Root Purge: 0.0 ms]
   [Clear CT: 0.0 ms]
   [Other: 1.7 ms]
      [Choose CSet: 0.0 ms]
      [Ref Proc: 0.1 ms]
      [Ref Enq: 0.0 ms]
      [Redirty Cards: 0.0 ms]
      [Humongous Register: 0.6 ms]
      [Humongous Reclaim: 0.3 ms]
      [Free CSet: 0.0 ms]
   [Eden: 1024.0K(925.0M)->0.0B(923.0M) Survivors: 1024.0K->1024.0K Heap: 3597.5M(5120.0M)->3596.9M(5120.0M)]
 [Times: user=0.00 sys=0.00, real=0.00 secs] 
2016-06-26T19:45:01.661+0300: 130.897: [GC concurrent-root-region-scan-start]
2016-06-26T19:45:01.661+0300: 130.898: Total time for which application threads were stopped: 0.0038677 seconds, Stopping threads took: 0.0000586 seconds
2016-06-26T19:45:01.662+0300: 130.899: [GC concurrent-root-region-scan-end, 0.0015691 secs]
2016-06-26T19:45:01.662+0300: 130.899: [GC concurrent-mark-start]
2016-06-26T19:45:01.675+0300: 130.912: [GC concurrent-mark-end, 0.0122531 secs]
2016-06-26T19:45:01.732+0300: 130.969: [GC remark 2016-06-26T19:45:01.732+0300: 130.969: [Finalize Marking, 0.0004016 secs] 2016-06-26T19:45:01.733+0300: 130.969: [GC ref-proc, 0.0001078 secs] 2016-06-26T19:45:01.733+0300: 130.969: [Unloading, 0.0016118 secs], 0.0224527 secs]
 [Times: user=0.06 sys=0.00, real=0.02 secs] 
2016-06-26T19:45:01.755+0300: 130.991: Total time for which application threads were stopped: 0.0228833 seconds, Stopping threads took: 0.0000718 seconds
2016-06-26T19:45:01.758+0300: 130.995: [GC cleanup 3621M->3621M(5120M), 0.0022358 secs]
 [Times: user=0.00 sys=0.00, real=0.00 secs] 
2016-06-26T19:45:01.760+0300: 130.997: Total time for which application threads were stopped: 0.0027357 seconds, Stopping threads took: 0.0001531 seconds
2016-06-26T19:45:02.018+0300: 131.254: Total time for which application threads were stopped: 0.0032113 seconds, Stopping threads took: 0.0022602 seconds
2016-06-26T19:45:03.033+0300: 132.269: Total time for which application threads were stopped: 0.0150551 seconds, Stopping threads took: 0.0147477 seconds
2016-06-26T19:45:03.118+0300: 132.355: Total time for which application threads were stopped: 0.0139372 seconds, Stopping threads took: 0.0133873 seconds
2016-06-26T19:45:04.070+0300: 133.306: Total time for which application threads were stopped: 0.0229873 seconds, Stopping threads took: 0.0221320 seconds
2016-06-26T19:45:04.218+0300: 133.455: [GC pause (G1 Humongous Allocation) (young)
Desired survivor size 60817408 bytes, new threshold 15 (max 15)
- age   1:         40 bytes,         40 total
- age   2:      44544 bytes,      44584 total
- age   3:         16 bytes,      44600 total
- age   4:      39312 bytes,      83912 total
- age   6:      29768 bytes,     113680 total
- age   8:      28928 bytes,     142608 total
- age  10:      24200 bytes,     166808 total
- age  12:      24440 bytes,     191248 total
- age  14:      41504 bytes,     232752 total
, 0.0574660 secs]
   [Parallel Time: 49.0 ms, GC Workers: 4]
      [GC Worker Start (ms): Min: 133460.5, Avg: 133460.5, Max: 133460.5, Diff: 0.0]
      [Ext Root Scanning (ms): Min: 0.4, Avg: 0.5, Max: 0.5, Diff: 0.1, Sum: 1.9]
      [Update RS (ms): Min: 47.6, Avg: 47.7, Max: 47.7, Diff: 0.0, Sum: 190.6]
         [Processed Buffers: Min: 502, Avg: 507.5, Max: 515, Diff: 13, Sum: 2030]
      [Scan RS (ms): Min: 0.0, Avg: 0.0, Max: 0.0, Diff: 0.0, Sum: 0.1]
      [Code Root Scanning (ms): Min: 0.0, Avg: 0.0, Max: 0.1, Diff: 0.1, Sum: 0.1]
      [Object Copy (ms): Min: 0.7, Avg: 0.8, Max: 0.8, Diff: 0.1, Sum: 3.0]
      [Termination (ms): Min: 0.0, Avg: 0.0, Max: 0.0, Diff: 0.0, Sum: 0.0]
         [Termination Attempts: Min: 1, Avg: 1.0, Max: 1, Diff: 0, Sum: 4]
      [GC Worker Other (ms): Min: 0.0, Avg: 0.0, Max: 0.0, Diff: 0.0, Sum: 0.1]
      [GC Worker Total (ms): Min: 49.0, Avg: 49.0, Max: 49.0, Diff: 0.0, Sum: 195.8]
      [GC Worker End (ms): Min: 133509.4, Avg: 133509.4, Max: 133509.4, Diff: 0.0]
   [Code Root Fixup: 0.0 ms]
   [Code Root Purge: 0.0 ms]
   [Clear CT: 0.1 ms]
   [Other: 8.4 ms]
      [Choose CSet: 0.0 ms]
      [Ref Proc: 0.1 ms]
      [Ref Enq: 0.0 ms]
      [Redirty Cards: 0.0 ms]
      [Humongous Register: 0.8 ms]
      [Humongous Reclaim: 2.4 ms]
      [Free CSet: 0.1 ms]
   [Eden: 65.0M(923.0M)->0.0B(1255.0M) Survivors: 1024.0K->1024.0K Heap: 4978.3M(5120.0M)->3272.9M(5120.0M)]
 [Times: user=0.19 sys=0.00, real=0.06 secs] 
2016-06-26T19:45:04.276+0300: 133.512: Total time for which application threads were stopped: 0.0659259 seconds, Stopping threads took: 0.0076152 seconds
2016-06-26T19:45:04.284+0300: 133.521: [GC pause (G1 Humongous Allocation) (young) (initial-mark)
Desired survivor size 82313216 bytes, new threshold 15 (max 15)
- age   1:     239200 bytes,     239200 total
- age   2:         16 bytes,     239216 total
- age   3:      36504 bytes,     275720 total
- age   4:         16 bytes,     275736 total
- age   5:      32664 bytes,     308400 total
- age   7:      24384 bytes,     332784 total
- age   9:      26352 bytes,     359136 total
- age  11:      23328 bytes,     382464 total
- age  13:      24216 bytes,     406680 total
- age  15:      41504 bytes,     448184 total
, 0.0038831 secs]
   [Parallel Time: 2.1 ms, GC Workers: 4]
      [GC Worker Start (ms): Min: 133521.8, Avg: 133521.8, Max: 133521.8, Diff: 0.0]
      [Ext Root Scanning (ms): Min: 0.4, Avg: 0.5, Max: 0.5, Diff: 0.1, Sum: 1.8]
      [Update RS (ms): Min: 0.8, Avg: 0.8, Max: 0.8, Diff: 0.1, Sum: 3.2]
         [Processed Buffers: Min: 9, Avg: 9.0, Max: 9, Diff: 0, Sum: 36]
      [Scan RS (ms): Min: 0.0, Avg: 0.0, Max: 0.0, Diff: 0.0, Sum: 0.0]
      [Code Root Scanning (ms): Min: 0.0, Avg: 0.0, Max: 0.1, Diff: 0.1, Sum: 0.1]
      [Object Copy (ms): Min: 0.7, Avg: 0.8, Max: 0.8, Diff: 0.1, Sum: 3.0]
      [Termination (ms): Min: 0.0, Avg: 0.0, Max: 0.0, Diff: 0.0, Sum: 0.0]
         [Termination Attempts: Min: 1, Avg: 1.0, Max: 1, Diff: 0, Sum: 4]
      [GC Worker Other (ms): Min: 0.0, Avg: 0.0, Max: 0.0, Diff: 0.0, Sum: 0.0]
      [GC Worker Total (ms): Min: 2.1, Avg: 2.1, Max: 2.1, Diff: 0.0, Sum: 8.2]
      [GC Worker End (ms): Min: 133523.8, Avg: 133523.8, Max: 133523.8, Diff: 0.0]
   [Code Root Fixup: 0.0 ms]
   [Code Root Purge: 0.0 ms]
   [Clear CT: 0.0 ms]
   [Other: 1.7 ms]
      [Choose CSet: 0.0 ms]
      [Ref Proc: 0.1 ms]
      [Ref Enq: 0.0 ms]
      [Redirty Cards: 0.0 ms]
      [Humongous Register: 0.7 ms]
      [Humongous Reclaim: 0.2 ms]
      [Free CSet: 0.0 ms]
   [Eden: 1024.0K(1255.0M)->0.0B(1251.0M) Survivors: 1024.0K->1024.0K Heap: 3277.3M(5120.0M)->3276.9M(5120.0M)]
 [Times: user=0.00 sys=0.00, real=0.00 secs] 
2016-06-26T19:45:04.288+0300: 133.525: 2016-06-26T19:45:04.288+0300: [GC concurrent-root-region-scan-start]
133.525: Total time for which application threads were stopped: 0.0044805 seconds, Stopping threads took: 0.0000966 seconds
2016-06-26T19:45:04.290+0300: 133.527: [GC concurrent-root-region-scan-end, 0.0019210 secs]
2016-06-26T19:45:04.290+0300: 133.527: [GC concurrent-mark-start]
2016-06-26T19:45:04.302+0300: 133.539: [GC concurrent-mark-end, 0.0117913 secs]
2016-06-26T19:45:04.315+0300: 133.552: [GC remark 2016-06-26T19:45:04.315+0300: 133.552: [Finalize Marking, 0.0002917 secs] 2016-06-26T19:45:04.316+0300: 133.552: [GC ref-proc, 0.0001035 secs] 2016-06-26T19:45:04.316+0300: 133.552: [Unloading, 0.0014955 secs], 0.0198868 secs]
 [Times: user=0.06 sys=0.00, real=0.02 secs] 
2016-06-26T19:45:04.335+0300: 133.572: Total time for which application threads were stopped: 0.0202648 seconds, Stopping threads took: 0.0000838 seconds
2016-06-26T19:45:04.391+0300: 133.628: [GC cleanup 3329M->3329M(5120M), 0.0022525 secs]
 [Times: user=0.00 sys=0.00, real=0.00 secs] 
2016-06-26T19:45:04.393+0300: 133.630: Total time for which application threads were stopped: 0.0062621 seconds, Stopping threads took: 0.0037317 seconds
2016-06-26T19:45:05.401+0300: 134.638: Total time for which application threads were stopped: 0.0079826 seconds, Stopping threads took: 0.0076349 seconds
2016-06-26T19:45:06.932+0300: 136.168: [GC pause (G1 Humongous Allocation) (young)
Desired survivor size 82313216 bytes, new threshold 15 (max 15)
- age   1:         40 bytes,         40 total
- age   2:     239176 bytes,     239216 total
- age   3:         16 bytes,     239232 total
- age   4:      36504 bytes,     275736 total
- age   5:         16 bytes,     275752 total
- age   6:      32664 bytes,     308416 total
- age   8:      24384 bytes,     332800 total
- age  10:      26352 bytes,     359152 total
- age  12:      23328 bytes,     382480 total
- age  14:      24216 bytes,     406696 total
, 0.0574896 secs]
   [Parallel Time: 49.6 ms, GC Workers: 4]
      [GC Worker Start (ms): Min: 136174.1, Avg: 136174.1, Max: 136174.1, Diff: 0.0]
      [Ext Root Scanning (ms): Min: 0.4, Avg: 0.4, Max: 0.4, Diff: 0.0, Sum: 1.6]
      [Update RS (ms): Min: 48.6, Avg: 48.6, Max: 48.6, Diff: 0.0, Sum: 194.5]
         [Processed Buffers: Min: 507, Avg: 518.8, Max: 532, Diff: 25, Sum: 2075]
      [Scan RS (ms): Min: 0.0, Avg: 0.0, Max: 0.0, Diff: 0.0, Sum: 0.1]
      [Code Root Scanning (ms): Min: 0.0, Avg: 0.0, Max: 0.1, Diff: 0.1, Sum: 0.1]
      [Object Copy (ms): Min: 0.4, Avg: 0.5, Max: 0.5, Diff: 0.1, Sum: 1.9]
      [Termination (ms): Min: 0.0, Avg: 0.0, Max: 0.0, Diff: 0.0, Sum: 0.0]
         [Termination Attempts: Min: 1, Avg: 1.5, Max: 2, Diff: 1, Sum: 6]
      [GC Worker Other (ms): Min: 0.0, Avg: 0.0, Max: 0.0, Diff: 0.0, Sum: 0.1]
      [GC Worker Total (ms): Min: 49.6, Avg: 49.6, Max: 49.6, Diff: 0.0, Sum: 198.3]
      [GC Worker End (ms): Min: 136223.7, Avg: 136223.7, Max: 136223.7, Diff: 0.0]
   [Code Root Fixup: 0.0 ms]
   [Code Root Purge: 0.0 ms]
   [Clear CT: 0.0 ms]
   [Other: 7.8 ms]
      [Choose CSet: 0.0 ms]
      [Ref Proc: 0.0 ms]
      [Ref Enq: 0.0 ms]
      [Redirty Cards: 0.0 ms]
      [Humongous Register: 0.8 ms]
      [Humongous Reclaim: 1.7 ms]
      [Free CSet: 0.1 ms]
   [Eden: 65.0M(1251.0M)->0.0B(685.0M) Survivors: 1024.0K->1024.0K Heap: 4978.1M(5120.0M)->3829.4M(5120.0M)]
 [Times: user=0.20 sys=0.00, real=0.06 secs] 
2016-06-26T19:45:06.989+0300: 136.226: Total time for which application threads were stopped: 0.0689066 seconds, Stopping threads took: 0.0104168 seconds
2016-06-26T19:45:06.992+0300: 136.228: [GC pause (G1 Humongous Allocation) (young) (initial-mark)
Desired survivor size 45088768 bytes, new threshold 15 (max 15)
- age   1:      39696 bytes,      39696 total
- age   2:         16 bytes,      39712 total
- age   3:      44072 bytes,      83784 total
- age   4:         16 bytes,      83800 total
- age   5:      32352 bytes,     116152 total
- age   6:         16 bytes,     116168 total
- age   7:      28912 bytes,     145080 total
- age   9:      22296 bytes,     167376 total
- age  11:      25144 bytes,     192520 total
- age  13:      22920 bytes,     215440 total
- age  15:      24160 bytes,     239600 total
, 0.0037377 secs]
   [Parallel Time: 2.0 ms, GC Workers: 4]
      [GC Worker Start (ms): Min: 136229.3, Avg: 136229.4, Max: 136229.8, Diff: 0.5]
      [Ext Root Scanning (ms): Min: 0.1, Avg: 0.5, Max: 0.6, Diff: 0.5, Sum: 1.9]
      [Update RS (ms): Min: 0.7, Avg: 0.8, Max: 0.8, Diff: 0.1, Sum: 3.1]
         [Processed Buffers: Min: 8, Avg: 9.0, Max: 10, Diff: 2, Sum: 36]
      [Scan RS (ms): Min: 0.0, Avg: 0.0, Max: 0.0, Diff: 0.0, Sum: 0.0]
      [Code Root Scanning (ms): Min: 0.0, Avg: 0.0, Max: 0.1, Diff: 0.1, Sum: 0.1]
      [Object Copy (ms): Min: 0.5, Avg: 0.5, Max: 0.5, Diff: 0.1, Sum: 2.1]
      [Termination (ms): Min: 0.0, Avg: 0.0, Max: 0.0, Diff: 0.0, Sum: 0.0]
         [Termination Attempts: Min: 1, Avg: 1.0, Max: 1, Diff: 0, Sum: 4]
      [GC Worker Other (ms): Min: 0.0, Avg: 0.0, Max: 0.0, Diff: 0.0, Sum: 0.0]
      [GC Worker Total (ms): Min: 1.4, Avg: 1.8, Max: 1.9, Diff: 0.5, Sum: 7.2]
      [GC Worker End (ms): Min: 136231.2, Avg: 136231.2, Max: 136231.2, Diff: 0.0]
   [Code Root Fixup: 0.0 ms]
   [Code Root Purge: 0.0 ms]
   [Clear CT: 0.0 ms]
   [Other: 1.7 ms]
      [Choose CSet: 0.0 ms]
      [Ref Proc: 0.1 ms]
      [Ref Enq: 0.0 ms]
      [Redirty Cards: 0.0 ms]
      [Humongous Register: 0.7 ms]
      [Humongous Reclaim: 0.3 ms]
      [Free CSet: 0.0 ms]
   [Eden: 1024.0K(685.0M)->0.0B(678.0M) Survivors: 1024.0K->1024.0K Heap: 3834.3M(5120.0M)->3833.3M(5120.0M)]
 [Times: user=0.00 sys=0.00, real=0.00 secs] 
2016-06-26T19:45:06.996+0300: 136.232: [GC concurrent-root-region-scan-start]
2016-06-26T19:45:06.996+0300: 136.232: Total time for which application threads were stopped: 0.0044716 seconds, Stopping threads took: 0.0000766 seconds
2016-06-26T19:45:06.997+0300: 136.234: [GC concurrent-root-region-scan-end, 0.0016777 secs]
2016-06-26T19:45:06.997+0300: 136.234: [GC concurrent-mark-start]
2016-06-26T19:45:07.010+0300: 136.247: [GC concurrent-mark-end, 0.0125692 secs]
2016-06-26T19:45:07.030+0300: 136.266: [GC remark 2016-06-26T19:45:07.030+0300: 136.266: [Finalize Marking, 0.0003169 secs] 2016-06-26T19:45:07.030+0300: 136.267: [GC ref-proc, 0.0001065 secs] 2016-06-26T19:45:07.030+0300: 136.267: [Unloading, 0.0017286 secs], 0.0230527 secs]
 [Times: user=0.06 sys=0.00, real=0.02 secs] 
2016-06-26T19:45:07.053+0300: 136.290: Total time for which application threads were stopped: 0.0244832 seconds, Stopping threads took: 0.0010063 seconds
2016-06-26T19:45:07.056+0300: 136.293: [GC cleanup 3854M->3854M(5120M), 0.0022084 secs]
 [Times: user=0.00 sys=0.00, real=0.00 secs] 
2016-06-26T19:45:07.058+0300: 136.295: Total time for which application threads were stopped: 0.0027254 seconds, Stopping threads took: 0.0000890 seconds
2016-06-26T19:45:08.872+0300: 138.108: [GC pause (G1 Humongous Allocation) (young)
Desired survivor size 44564480 bytes, new threshold 15 (max 15)
- age   1:       9072 bytes,       9072 total
- age   2:      39672 bytes,      48744 total
- age   3:         16 bytes,      48760 total
- age   4:      44072 bytes,      92832 total
- age   5:         16 bytes,      92848 total
- age   6:      32352 bytes,     125200 total
- age   7:         16 bytes,     125216 total
- age   8:      28912 bytes,     154128 total
- age  10:      22296 bytes,     176424 total
- age  12:      25144 bytes,     201568 total
- age  14:      22920 bytes,     224488 total
, 0.0572561 secs]
   [Parallel Time: 49.3 ms, GC Workers: 4]
      [GC Worker Start (ms): Min: 138114.1, Avg: 138114.1, Max: 138114.1, Diff: 0.0]
      [Ext Root Scanning (ms): Min: 0.3, Avg: 0.4, Max: 0.4, Diff: 0.0, Sum: 1.4]
      [Update RS (ms): Min: 48.4, Avg: 48.4, Max: 48.5, Diff: 0.1, Sum: 193.6]
         [Processed Buffers: Min: 510, Avg: 514.3, Max: 518, Diff: 8, Sum: 2057]
      [Scan RS (ms): Min: 0.0, Avg: 0.0, Max: 0.0, Diff: 0.0, Sum: 0.1]
      [Code Root Scanning (ms): Min: 0.0, Avg: 0.0, Max: 0.1, Diff: 0.1, Sum: 0.1]
      [Object Copy (ms): Min: 0.4, Avg: 0.4, Max: 0.5, Diff: 0.1, Sum: 1.8]
      [Termination (ms): Min: 0.0, Avg: 0.0, Max: 0.0, Diff: 0.0, Sum: 0.0]
         [Termination Attempts: Min: 1, Avg: 1.0, Max: 1, Diff: 0, Sum: 4]
      [GC Worker Other (ms): Min: 0.0, Avg: 0.0, Max: 0.0, Diff: 0.0, Sum: 0.1]
      [GC Worker Total (ms): Min: 49.3, Avg: 49.3, Max: 49.3, Diff: 0.0, Sum: 197.1]
      [GC Worker End (ms): Min: 138163.4, Avg: 138163.4, Max: 138163.4, Diff: 0.0]
   [Code Root Fixup: 0.0 ms]
   [Code Root Purge: 0.0 ms]
   [Clear CT: 0.0 ms]
   [Other: 7.9 ms]
      [Choose CSet: 0.0 ms]
      [Ref Proc: 0.0 ms]
      [Ref Enq: 0.0 ms]
      [Redirty Cards: 0.0 ms]
      [Humongous Register: 0.8 ms]
      [Humongous Reclaim: 2.0 ms]
      [Free CSet: 0.1 ms]
   [Eden: 63.0M(678.0M)->0.0B(890.0M) Survivors: 1024.0K->1024.0K Heap: 4977.3M(5120.0M)->3626.3M(5120.0M)]
 [Times: user=0.20 sys=0.00, real=0.06 secs] 
2016-06-26T19:45:08.930+0300: 138.166: Total time for which application threads were stopped: 0.0681454 seconds, Stopping threads took: 0.0099584 seconds
2016-06-26T19:45:08.932+0300: 138.169: [GC pause (G1 Humongous Allocation) (young) (initial-mark)
Desired survivor size 58720256 bytes, new threshold 15 (max 15)
- age   1:      28824 bytes,      28824 total
- age   2:       9048 bytes,      37872 total
- age   3:      31776 bytes,      69648 total
- age   5:      39312 bytes,     108960 total
- age   6:         16 bytes,     108976 total
- age   7:      28952 bytes,     137928 total
- age   8:         16 bytes,     137944 total
- age   9:      26064 bytes,     164008 total
- age  11:      21344 bytes,     185352 total
- age  13:      24736 bytes,     210088 total
- age  15:      22768 bytes,     232856 total
, 0.0039327 secs]
   [Parallel Time: 2.2 ms, GC Workers: 4]
      [GC Worker Start (ms): Min: 138170.0, Avg: 138170.1, Max: 138170.1, Diff: 0.0]
      [Ext Root Scanning (ms): Min: 0.4, Avg: 0.4, Max: 0.5, Diff: 0.0, Sum: 1.8]
      [Update RS (ms): Min: 1.1, Avg: 1.2, Max: 1.2, Diff: 0.1, Sum: 4.7]
         [Processed Buffers: Min: 12, Avg: 12.3, Max: 13, Diff: 1, Sum: 49]
      [Scan RS (ms): Min: 0.0, Avg: 0.0, Max: 0.0, Diff: 0.0, Sum: 0.0]
      [Code Root Scanning (ms): Min: 0.0, Avg: 0.0, Max: 0.1, Diff: 0.1, Sum: 0.1]
      [Object Copy (ms): Min: 0.4, Avg: 0.5, Max: 0.5, Diff: 0.1, Sum: 1.9]
      [Termination (ms): Min: 0.0, Avg: 0.0, Max: 0.0, Diff: 0.0, Sum: 0.0]
         [Termination Attempts: Min: 1, Avg: 1.5, Max: 2, Diff: 1, Sum: 6]
      [GC Worker Other (ms): Min: 0.0, Avg: 0.0, Max: 0.0, Diff: 0.0, Sum: 0.1]
      [GC Worker Total (ms): Min: 2.1, Avg: 2.1, Max: 2.1, Diff: 0.0, Sum: 8.5]
      [GC Worker End (ms): Min: 138172.2, Avg: 138172.2, Max: 138172.2, Diff: 0.0]
   [Code Root Fixup: 0.0 ms]
   [Code Root Purge: 0.0 ms]
   [Clear CT: 0.0 ms]
   [Other: 1.7 ms]
      [Choose CSet: 0.0 ms]
      [Ref Proc: 0.0 ms]
      [Ref Enq: 0.0 ms]
      [Redirty Cards: 0.0 ms]
      [Humongous Register: 0.7 ms]
      [Humongous Reclaim: 0.2 ms]
      [Free CSet: 0.0 ms]
   [Eden: 1024.0K(890.0M)->0.0B(882.0M) Survivors: 1024.0K->1024.0K Heap: 3633.2M(5120.0M)->3632.2M(5120.0M)]
 [Times: user=0.01 sys=0.00, real=0.01 secs] 
2016-06-26T19:45:08.937+0300: 138.173: [GC concurrent-root-region-scan-start]
2016-06-26T19:45:08.937+0300: 138.173: Total time for which application threads were stopped: 0.0045233 seconds, Stopping threads took: 0.0000676 seconds
2016-06-26T19:45:08.938+0300: 138.175: [GC concurrent-root-region-scan-end, 0.0016140 secs]
2016-06-26T19:45:08.938+0300: 138.175: [GC concurrent-mark-start]
2016-06-26T19:45:08.952+0300: 138.188: [GC concurrent-mark-end, 0.0125495 secs]
2016-06-26T19:45:09.006+0300: 138.242: [GC remark 2016-06-26T19:45:09.006+0300: 138.242: [Finalize Marking, 0.0004730 secs] 2016-06-26T19:45:09.006+0300: 138.243: [GC ref-proc, 0.0001091 secs] 2016-06-26T19:45:09.006+0300: 138.243: [Unloading, 0.0016208 secs], 0.0221696 secs]
 [Times: user=0.06 sys=0.00, real=0.02 secs] 
2016-06-26T19:45:09.028+0300: 138.264: Total time for which application threads were stopped: 0.0258735 seconds, Stopping threads took: 0.0033537 seconds
2016-06-26T19:45:09.031+0300: 138.268: [GC cleanup 3681M->3681M(5120M), 0.0021900 secs]
 [Times: user=0.00 sys=0.00, real=0.00 secs] 
2016-06-26T19:45:09.034+0300: 138.270: Total time for which application threads were stopped: 0.0026027 seconds, Stopping threads took: 0.0000629 seconds
2016-06-26T19:45:10.041+0300: 139.277: Total time for which application threads were stopped: 0.0071311 seconds, Stopping threads took: 0.0067800 seconds
2016-06-26T19:45:10.985+0300: 140.221: [GC pause (G1 Humongous Allocation) (young)
Desired survivor size 58195968 bytes, new threshold 15 (max 15)
- age   1:       9072 bytes,       9072 total
- age   2:      28800 bytes,      37872 total
- age   3:       9048 bytes,      46920 total
- age   4:      31776 bytes,      78696 total
- age   6:      39312 bytes,     118008 total
- age   7:         16 bytes,     118024 total
- age   8:      28952 bytes,     146976 total
- age   9:         16 bytes,     146992 total
- age  10:      26064 bytes,     173056 total
- age  12:      21344 bytes,     194400 total
- age  14:      24736 bytes,     219136 total
, 0.0545640 secs]
   [Parallel Time: 46.7 ms, GC Workers: 4]
      [GC Worker Start (ms): Min: 140226.8, Avg: 140226.8, Max: 140226.8, Diff: 0.0]
      [Ext Root Scanning (ms): Min: 0.4, Avg: 0.4, Max: 0.4, Diff: 0.0, Sum: 1.6]
      [Update RS (ms): Min: 45.7, Avg: 45.8, Max: 45.8, Diff: 0.1, Sum: 183.1]
         [Processed Buffers: Min: 476, Avg: 485.0, Max: 491, Diff: 15, Sum: 1940]
      [Scan RS (ms): Min: 0.0, Avg: 0.0, Max: 0.0, Diff: 0.0, Sum: 0.1]
      [Code Root Scanning (ms): Min: 0.0, Avg: 0.0, Max: 0.1, Diff: 0.1, Sum: 0.1]
      [Object Copy (ms): Min: 0.4, Avg: 0.4, Max: 0.5, Diff: 0.1, Sum: 1.8]
      [Termination (ms): Min: 0.0, Avg: 0.0, Max: 0.0, Diff: 0.0, Sum: 0.0]
         [Termination Attempts: Min: 1, Avg: 1.0, Max: 1, Diff: 0, Sum: 4]
      [GC Worker Other (ms): Min: 0.0, Avg: 0.0, Max: 0.0, Diff: 0.0, Sum: 0.1]
      [GC Worker Total (ms): Min: 46.7, Avg: 46.7, Max: 46.7, Diff: 0.0, Sum: 186.7]
      [GC Worker End (ms): Min: 140273.5, Avg: 140273.5, Max: 140273.5, Diff: 0.0]
   [Code Root Fixup: 0.0 ms]
   [Code Root Purge: 0.0 ms]
   [Clear CT: 0.0 ms]
   [Other: 7.8 ms]
      [Choose CSet: 0.0 ms]
      [Ref Proc: 0.0 ms]
      [Ref Enq: 0.0 ms]
      [Redirty Cards: 0.0 ms]
      [Humongous Register: 0.8 ms]
      [Humongous Reclaim: 2.0 ms]
      [Free CSet: 0.1 ms]
   [Eden: 58.0M(882.0M)->0.0B(1003.0M) Survivors: 1024.0K->1024.0K Heap: 4979.2M(5120.0M)->3515.0M(5120.0M)]
 [Times: user=0.19 sys=0.00, real=0.06 secs] 
2016-06-26T19:45:11.040+0300: 140.276: Total time for which application threads were stopped: 0.0642927 seconds, Stopping threads took: 0.0087481 seconds
2016-06-26T19:45:11.041+0300: 140.278: [GC pause (G1 Humongous Allocation) (young) (initial-mark)
Desired survivor size 66060288 bytes, new threshold 15 (max 15)
- age   1:      28568 bytes,      28568 total
- age   2:       9032 bytes,      37600 total
- age   3:      21768 bytes,      59368 total
- age   4:       9048 bytes,      68416 total
- age   5:      27344 bytes,      95760 total
- age   7:      34272 bytes,     130032 total
- age   8:         16 bytes,     130048 total
- age   9:      26416 bytes,     156464 total
- age  11:      24576 bytes,     181040 total
- age  13:      21016 bytes,     202056 total
- age  15:      24736 bytes,     226792 total
, 0.0031800 secs]
   [Parallel Time: 1.5 ms, GC Workers: 4]
      [GC Worker Start (ms): Min: 140278.9, Avg: 140278.9, Max: 140278.9, Diff: 0.0]
      [Ext Root Scanning (ms): Min: 0.5, Avg: 0.5, Max: 0.5, Diff: 0.0, Sum: 2.1]
      [Update RS (ms): Min: 0.4, Avg: 0.4, Max: 0.5, Diff: 0.1, Sum: 1.6]
         [Processed Buffers: Min: 4, Avg: 4.8, Max: 6, Diff: 2, Sum: 19]
      [Scan RS (ms): Min: 0.0, Avg: 0.0, Max: 0.0, Diff: 0.0, Sum: 0.0]
      [Code Root Scanning (ms): Min: 0.0, Avg: 0.0, Max: 0.1, Diff: 0.1, Sum: 0.1]
      [Object Copy (ms): Min: 0.4, Avg: 0.5, Max: 0.5, Diff: 0.1, Sum: 1.9]
      [Termination (ms): Min: 0.0, Avg: 0.0, Max: 0.0, Diff: 0.0, Sum: 0.0]
         [Termination Attempts: Min: 1, Avg: 1.0, Max: 1, Diff: 0, Sum: 4]
      [GC Worker Other (ms): Min: 0.0, Avg: 0.0, Max: 0.0, Diff: 0.0, Sum: 0.1]
      [GC Worker Total (ms): Min: 1.4, Avg: 1.4, Max: 1.4, Diff: 0.0, Sum: 5.8]
      [GC Worker End (ms): Min: 140280.3, Avg: 140280.3, Max: 140280.3, Diff: 0.0]
   [Code Root Fixup: 0.0 ms]
   [Code Root Purge: 0.0 ms]
   [Clear CT: 0.0 ms]
   [Other: 1.6 ms]
      [Choose CSet: 0.0 ms]
      [Ref Proc: 0.1 ms]
      [Ref Enq: 0.0 ms]
      [Redirty Cards: 0.0 ms]
      [Humongous Register: 0.6 ms]
      [Humongous Reclaim: 0.2 ms]
      [Free CSet: 0.0 ms]
   [Eden: 1024.0K(1003.0M)->0.0B(999.0M) Survivors: 1024.0K->1024.0K Heap: 3518.0M(5120.0M)->3516.9M(5120.0M)]
 [Times: user=0.00 sys=0.00, real=0.00 secs] 
2016-06-26T19:45:11.045+0300: 140.281: [GC concurrent-root-region-scan-start]
2016-06-26T19:45:11.045+0300: 140.281: Total time for which application threads were stopped: 0.0038480 seconds, Stopping threads took: 0.0000689 seconds
2016-06-26T19:45:11.046+0300: 140.283: [GC concurrent-root-region-scan-end, 0.0015999 secs]
2016-06-26T19:45:11.046+0300: 140.283: [GC concurrent-mark-start]
2016-06-26T19:45:11.059+0300: 140.295: [GC concurrent-mark-end, 0.0124828 secs]
2016-06-26T19:45:11.086+0300: 140.322: [GC remark 2016-06-26T19:45:11.086+0300: 140.322: [Finalize Marking, 0.0003571 secs] 2016-06-26T19:45:11.086+0300: 140.322: [GC ref-proc, 0.0001073 secs] 2016-06-26T19:45:11.086+0300: 140.322: [Unloading, 0.0016696 secs], 0.0214580 secs]
 [Times: user=0.06 sys=0.00, real=0.02 secs] 
2016-06-26T19:45:11.107+0300: 140.343: Total time for which application threads were stopped: 0.0273185 seconds, Stopping threads took: 0.0054470 seconds
2016-06-26T19:45:11.110+0300: 140.346: [GC cleanup 3540M->3540M(5120M), 0.0022614 secs]
 [Times: user=0.00 sys=0.00, real=0.00 secs] 
2016-06-26T19:45:11.112+0300: 140.349: Total time for which application threads were stopped: 0.0027451 seconds, Stopping threads took: 0.0000650 seconds
2016-06-26T19:45:12.860+0300: 142.096: Total time for which application threads were stopped: 0.0075866 seconds, Stopping threads took: 0.0072475 seconds
2016-06-26T19:45:13.445+0300: 142.682: [GC pause (G1 Humongous Allocation) (young)
Desired survivor size 65536000 bytes, new threshold 15 (max 15)
- age   1:       9072 bytes,       9072 total
- age   2:      28544 bytes,      37616 total
- age   3:       9032 bytes,      46648 total
- age   4:      21768 bytes,      68416 total
- age   5:       9048 bytes,      77464 total
- age   6:      27344 bytes,     104808 total
- age   8:      34272 bytes,     139080 total
- age   9:         16 bytes,     139096 total
- age  10:      26416 bytes,     165512 total
- age  12:      24576 bytes,     190088 total
- age  14:      21016 bytes,     211104 total
, 0.0602539 secs]
   [Parallel Time: 51.8 ms, GC Workers: 4]
      [GC Worker Start (ms): Min: 142688.2, Avg: 142688.3, Max: 142688.3, Diff: 0.0]
      [Ext Root Scanning (ms): Min: 0.4, Avg: 0.4, Max: 0.4, Diff: 0.0, Sum: 1.6]
      [Update RS (ms): Min: 50.8, Avg: 50.9, Max: 50.9, Diff: 0.0, Sum: 203.5]
         [Processed Buffers: Min: 494, Avg: 518.5, Max: 531, Diff: 37, Sum: 2074]
      [Scan RS (ms): Min: 0.0, Avg: 0.0, Max: 0.0, Diff: 0.0, Sum: 0.0]
      [Code Root Scanning (ms): Min: 0.0, Avg: 0.0, Max: 0.1, Diff: 0.1, Sum: 0.1]
      [Object Copy (ms): Min: 0.4, Avg: 0.4, Max: 0.5, Diff: 0.1, Sum: 1.7]
      [Termination (ms): Min: 0.0, Avg: 0.0, Max: 0.0, Diff: 0.0, Sum: 0.0]
         [Termination Attempts: Min: 1, Avg: 1.0, Max: 1, Diff: 0, Sum: 4]
      [GC Worker Other (ms): Min: 0.0, Avg: 0.0, Max: 0.0, Diff: 0.0, Sum: 0.1]
      [GC Worker Total (ms): Min: 51.7, Avg: 51.8, Max: 51.8, Diff: 0.0, Sum: 207.0]
      [GC Worker End (ms): Min: 142740.0, Avg: 142740.0, Max: 142740.0, Diff: 0.0]
   [Code Root Fixup: 0.0 ms]
   [Code Root Purge: 0.0 ms]
   [Clear CT: 0.1 ms]
   [Other: 8.4 ms]
      [Choose CSet: 0.0 ms]
      [Ref Proc: 0.1 ms]
      [Ref Enq: 0.0 ms]
      [Redirty Cards: 0.1 ms]
      [Humongous Register: 0.7 ms]
      [Humongous Reclaim: 1.9 ms]
      [Free CSet: 0.1 ms]
   [Eden: 63.0M(999.0M)->0.0B(857.0M) Survivors: 1024.0K->1024.0K Heap: 4979.8M(5120.0M)->3657.6M(5120.0M)]
 [Times: user=0.20 sys=0.00, real=0.06 secs] 
2016-06-26T19:45:13.506+0300: 142.743: Total time for which application threads were stopped: 0.0669779 seconds, Stopping threads took: 0.0056237 seconds
2016-06-26T19:45:13.549+0300: 142.786: [GC pause (G1 Humongous Allocation) (young) (initial-mark)
Desired survivor size 56623104 bytes, new threshold 15 (max 15)
- age   1:      29376 bytes,      29376 total
- age   2:       9048 bytes,      38424 total
- age   3:      21832 bytes,      60256 total
- age   4:       9032 bytes,      69288 total
- age   5:      17464 bytes,      86752 total
- age   6:       9032 bytes,      95784 total
- age   7:      23296 bytes,     119080 total
- age   9:      30912 bytes,     149992 total
- age  11:      25032 bytes,     175024 total
- age  13:      24176 bytes,     199200 total
- age  15:      21016 bytes,     220216 total
, 0.0034567 secs]
   [Parallel Time: 1.4 ms, GC Workers: 4]
      [GC Worker Start (ms): Min: 142786.9, Avg: 142786.9, Max: 142786.9, Diff: 0.0]
      [Ext Root Scanning (ms): Min: 0.4, Avg: 0.4, Max: 0.4, Diff: 0.0, Sum: 1.7]
      [Update RS (ms): Min: 0.4, Avg: 0.4, Max: 0.5, Diff: 0.1, Sum: 1.6]
         [Processed Buffers: Min: 4, Avg: 4.8, Max: 6, Diff: 2, Sum: 19]
      [Scan RS (ms): Min: 0.0, Avg: 0.0, Max: 0.0, Diff: 0.0, Sum: 0.0]
      [Code Root Scanning (ms): Min: 0.0, Avg: 0.0, Max: 0.1, Diff: 0.1, Sum: 0.1]
      [Object Copy (ms): Min: 0.4, Avg: 0.4, Max: 0.5, Diff: 0.1, Sum: 1.8]
      [Termination (ms): Min: 0.0, Avg: 0.0, Max: 0.0, Diff: 0.0, Sum: 0.0]
         [Termination Attempts: Min: 1, Avg: 1.0, Max: 1, Diff: 0, Sum: 4]
      [GC Worker Other (ms): Min: 0.0, Avg: 0.0, Max: 0.0, Diff: 0.0, Sum: 0.1]
      [GC Worker Total (ms): Min: 1.3, Avg: 1.3, Max: 1.3, Diff: 0.0, Sum: 5.3]
      [GC Worker End (ms): Min: 142788.2, Avg: 142788.2, Max: 142788.2, Diff: 0.0]
   [Code Root Fixup: 0.0 ms]
   [Code Root Purge: 0.0 ms]
   [Clear CT: 0.0 ms]
   [Other: 2.1 ms]
      [Choose CSet: 0.0 ms]
      [Ref Proc: 0.1 ms]
      [Ref Enq: 0.0 ms]
      [Redirty Cards: 0.0 ms]
      [Humongous Register: 0.7 ms]
      [Humongous Reclaim: 0.6 ms]
      [Free CSet: 0.0 ms]
   [Eden: 1024.0K(857.0M)->0.0B(1006.0M) Survivors: 1024.0K->1024.0K Heap: 3660.1M(5120.0M)->3513.0M(5120.0M)]
 [Times: user=0.00 sys=0.00, real=0.00 secs] 
2016-06-26T19:45:13.553+0300: 142.790: [GC concurrent-root-region-scan-start]
2016-06-26T19:45:13.553+0300: 142.790: Total time for which application threads were stopped: 0.0040820 seconds, Stopping threads took: 0.0000766 seconds
2016-06-26T19:45:13.554+0300: 142.791: [GC concurrent-root-region-scan-end, 0.0014579 secs]
2016-06-26T19:45:13.554+0300: 142.791: [GC concurrent-mark-start]
2016-06-26T19:45:13.569+0300: 142.805: [GC concurrent-mark-end, 0.0134241 secs]
2016-06-26T19:45:13.651+0300: 142.888: [GC remark 2016-06-26T19:45:13.651+0300: 142.888: [Finalize Marking, 0.0003579 secs] 2016-06-26T19:45:13.651+0300: 142.888: [GC ref-proc, 0.0001039 secs] 2016-06-26T19:45:13.651+0300: 142.888: [Unloading, 0.0015224 secs], 0.0216885 secs]
 [Times: user=0.13 sys=0.00, real=0.02 secs] 
2016-06-26T19:45:13.673+0300: 142.909: Total time for which application threads were stopped: 0.0235787 seconds, Stopping threads took: 0.0016200 seconds
2016-06-26T19:45:13.677+0300: 142.914: [GC cleanup 3539M->3539M(5120M), 0.0024085 secs]
 [Times: user=0.00 sys=0.00, real=0.00 secs] 
2016-06-26T19:45:13.680+0300: 142.917: Total time for which application threads were stopped: 0.0027451 seconds, Stopping threads took: 0.0000654 seconds
2016-06-26T19:45:14.690+0300: 143.927: Total time for which application threads were stopped: 0.0097612 seconds, Stopping threads took: 0.0094323 seconds
2016-06-26T19:45:15.917+0300: 145.153: [GC pause (G1 Humongous Allocation) (young)
Desired survivor size 66060288 bytes, new threshold 15 (max 15)
- age   1:         40 bytes,         40 total
- age   2:      27424 bytes,      27464 total
- age   3:       9048 bytes,      36512 total
- age   4:      21032 bytes,      57544 total
- age   5:       9032 bytes,      66576 total
- age   6:      16960 bytes,      83536 total
- age   7:       9032 bytes,      92568 total
- age   8:      23296 bytes,     115864 total
- age  10:      30912 bytes,     146776 total
- age  12:      25032 bytes,     171808 total
- age  14:      24176 bytes,     195984 total
, 0.0601573 secs]
   [Parallel Time: 51.9 ms, GC Workers: 4]
      [GC Worker Start (ms): Min: 145159.0, Avg: 145159.0, Max: 145159.0, Diff: 0.0]
      [Ext Root Scanning (ms): Min: 0.4, Avg: 0.6, Max: 1.0, Diff: 0.6, Sum: 2.2]
      [Update RS (ms): Min: 50.4, Avg: 50.8, Max: 50.9, Diff: 0.5, Sum: 203.1]
         [Processed Buffers: Min: 505, Avg: 520.0, Max: 541, Diff: 36, Sum: 2080]
      [Scan RS (ms): Min: 0.0, Avg: 0.0, Max: 0.0, Diff: 0.0, Sum: 0.0]
      [Code Root Scanning (ms): Min: 0.0, Avg: 0.0, Max: 0.1, Diff: 0.1, Sum: 0.1]
      [Object Copy (ms): Min: 0.4, Avg: 0.4, Max: 0.5, Diff: 0.1, Sum: 1.7]
      [Termination (ms): Min: 0.0, Avg: 0.0, Max: 0.0, Diff: 0.0, Sum: 0.0]
         [Termination Attempts: Min: 1, Avg: 1.0, Max: 1, Diff: 0, Sum: 4]
      [GC Worker Other (ms): Min: 0.0, Avg: 0.0, Max: 0.0, Diff: 0.0, Sum: 0.1]
      [GC Worker Total (ms): Min: 51.8, Avg: 51.8, Max: 51.8, Diff: 0.0, Sum: 207.3]
      [GC Worker End (ms): Min: 145210.8, Avg: 145210.8, Max: 145210.8, Diff: 0.0]
   [Code Root Fixup: 0.0 ms]
   [Code Root Purge: 0.0 ms]
   [Clear CT: 0.0 ms]
   [Other: 8.2 ms]
      [Choose CSet: 0.0 ms]
      [Ref Proc: 0.2 ms]
      [Ref Enq: 0.0 ms]
      [Redirty Cards: 0.0 ms]
      [Humongous Register: 0.8 ms]
      [Humongous Reclaim: 2.1 ms]
      [Free CSet: 0.1 ms]
   [Eden: 64.0M(1006.0M)->0.0B(1010.0M) Survivors: 1024.0K->1024.0K Heap: 4978.8M(5120.0M)->3509.2M(5120.0M)]
 [Times: user=0.20 sys=0.00, real=0.06 secs] 
2016-06-26T19:45:15.977+0300: 145.214: Total time for which application threads were stopped: 0.0695490 seconds, Stopping threads took: 0.0085646 seconds
2016-06-26T19:45:15.989+0300: 145.225: [GC pause (G1 Humongous Allocation) (young) (initial-mark)
Desired survivor size 66584576 bytes, new threshold 15 (max 15)
- age   1:      40992 bytes,      40992 total
- age   3:      20448 bytes,      61440 total
- age   4:       9048 bytes,      70488 total
- age   5:      16720 bytes,      87208 total
- age   6:       9032 bytes,      96240 total
- age   7:      13656 bytes,     109896 total
- age   8:       9032 bytes,     118928 total
- age   9:      20800 bytes,     139728 total
- age  11:      29712 bytes,     169440 total
- age  13:      24688 bytes,     194128 total
- age  15:      24040 bytes,     218168 total
, 0.0040217 secs]
   [Parallel Time: 2.1 ms, GC Workers: 4]
      [GC Worker Start (ms): Min: 145226.6, Avg: 145226.6, Max: 145226.6, Diff: 0.0]
      [Ext Root Scanning (ms): Min: 0.4, Avg: 0.4, Max: 0.4, Diff: 0.0, Sum: 1.6]
      [Update RS (ms): Min: 1.1, Avg: 1.2, Max: 1.3, Diff: 0.1, Sum: 4.7]
         [Processed Buffers: Min: 12, Avg: 12.8, Max: 14, Diff: 2, Sum: 51]
      [Scan RS (ms): Min: 0.0, Avg: 0.0, Max: 0.0, Diff: 0.0, Sum: 0.0]
      [Code Root Scanning (ms): Min: 0.0, Avg: 0.0, Max: 0.1, Diff: 0.1, Sum: 0.1]
      [Object Copy (ms): Min: 0.4, Avg: 0.4, Max: 0.5, Diff: 0.1, Sum: 1.8]
      [Termination (ms): Min: 0.0, Avg: 0.0, Max: 0.0, Diff: 0.0, Sum: 0.0]
         [Termination Attempts: Min: 1, Avg: 1.0, Max: 1, Diff: 0, Sum: 4]
      [GC Worker Other (ms): Min: 0.0, Avg: 0.0, Max: 0.0, Diff: 0.0, Sum: 0.0]
      [GC Worker Total (ms): Min: 2.1, Avg: 2.1, Max: 2.1, Diff: 0.0, Sum: 8.3]
      [GC Worker End (ms): Min: 145228.6, Avg: 145228.6, Max: 145228.6, Diff: 0.0]
   [Code Root Fixup: 0.0 ms]
   [Code Root Purge: 0.0 ms]
   [Clear CT: 0.0 ms]
   [Other: 1.8 ms]
      [Choose CSet: 0.0 ms]
      [Ref Proc: 0.0 ms]
      [Ref Enq: 0.0 ms]
      [Redirty Cards: 0.0 ms]
      [Humongous Register: 0.7 ms]
      [Humongous Reclaim: 0.3 ms]
      [Free CSet: 0.0 ms]
   [Eden: 2048.0K(1010.0M)->0.0B(1032.0M) Survivors: 1024.0K->1024.0K Heap: 3516.5M(5120.0M)->3485.7M(5120.0M)]
 [Times: user=0.00 sys=0.00, real=0.00 secs] 
2016-06-26T19:45:15.993+0300: 145.230: [GC concurrent-root-region-scan-start]
2016-06-26T19:45:15.993+0300: 145.230: Total time for which application threads were stopped: 0.0046152 seconds, Stopping threads took: 0.0000821 seconds
2016-06-26T19:45:15.995+0300: 145.231: [GC concurrent-root-region-scan-end, 0.0015597 secs]
2016-06-26T19:45:15.995+0300: 145.231: [GC concurrent-mark-start]
2016-06-26T19:45:16.008+0300: 145.244: [GC concurrent-mark-end, 0.0132252 secs]
2016-06-26T19:45:16.020+0300: 145.256: [GC remark 2016-06-26T19:45:16.020+0300: 145.256: [Finalize Marking, 0.0003152 secs] 2016-06-26T19:45:16.020+0300: 145.257: [GC ref-proc, 0.0001069 secs] 2016-06-26T19:45:16.020+0300: 145.257: [Unloading, 0.0016054 secs], 0.0217325 secs]
 [Times: user=0.05 sys=0.00, real=0.02 secs] 
2016-06-26T19:45:16.042+0300: 145.278: Total time for which application threads were stopped: 0.0235920 seconds, Stopping threads took: 0.0015400 seconds
2016-06-26T19:45:16.044+0300: 145.281: [GC cleanup 3502M->3502M(5120M), 0.0034738 secs]
 [Times: user=0.06 sys=0.00, real=0.00 secs] 
2016-06-26T19:45:16.048+0300: 145.284: Total time for which application threads were stopped: 0.0040063 seconds, Stopping threads took: 0.0000535 seconds
2016-06-26T19:45:18.049+0300: 147.285: Total time for which application threads were stopped: 0.0006197 seconds, Stopping threads took: 0.0003845 seconds
2016-06-26T19:45:18.418+0300: 147.654: [GC pause (G1 Humongous Allocation) (young)
Desired survivor size 68157440 bytes, new threshold 15 (max 15)
- age   1:       9144 bytes,       9144 total
- age   2:      40944 bytes,      50088 total
- age   4:      20448 bytes,      70536 total
- age   5:       9048 bytes,      79584 total
- age   6:      16504 bytes,      96088 total
- age   7:       9032 bytes,     105120 total
- age   8:      13560 bytes,     118680 total
- age   9:       9032 bytes,     127712 total
- age  10:      20712 bytes,     148424 total
- age  12:      29712 bytes,     178136 total
- age  14:      24688 bytes,     202824 total
, 0.0603403 secs]
   [Parallel Time: 51.6 ms, GC Workers: 4]
      [GC Worker Start (ms): Min: 147660.0, Avg: 147660.0, Max: 147660.0, Diff: 0.0]
      [Ext Root Scanning (ms): Min: 0.3, Avg: 0.3, Max: 0.3, Diff: 0.0, Sum: 1.3]
      [Update RS (ms): Min: 50.7, Avg: 50.8, Max: 50.8, Diff: 0.1, Sum: 203.0]
         [Processed Buffers: Min: 524, Avg: 533.3, Max: 544, Diff: 20, Sum: 2133]
      [Scan RS (ms): Min: 0.0, Avg: 0.0, Max: 0.0, Diff: 0.0, Sum: 0.1]
      [Code Root Scanning (ms): Min: 0.0, Avg: 0.0, Max: 0.1, Diff: 0.1, Sum: 0.1]
      [Object Copy (ms): Min: 0.4, Avg: 0.4, Max: 0.5, Diff: 0.1, Sum: 1.6]
      [Termination (ms): Min: 0.0, Avg: 0.0, Max: 0.0, Diff: 0.0, Sum: 0.0]
         [Termination Attempts: Min: 1, Avg: 1.0, Max: 1, Diff: 0, Sum: 4]
      [GC Worker Other (ms): Min: 0.0, Avg: 0.0, Max: 0.0, Diff: 0.0, Sum: 0.1]
      [GC Worker Total (ms): Min: 51.5, Avg: 51.5, Max: 51.5, Diff: 0.0, Sum: 206.2]
      [GC Worker End (ms): Min: 147711.6, Avg: 147711.6, Max: 147711.6, Diff: 0.0]
   [Code Root Fixup: 0.0 ms]
   [Code Root Purge: 0.0 ms]
   [Clear CT: 0.2 ms]
   [Other: 8.6 ms]
      [Choose CSet: 0.0 ms]
      [Ref Proc: 0.2 ms]
      [Ref Enq: 0.0 ms]
      [Redirty Cards: 0.0 ms]
      [Humongous Register: 0.8 ms]
      [Humongous Reclaim: 2.5 ms]
      [Free CSet: 0.1 ms]
   [Eden: 62.0M(1032.0M)->0.0B(1306.0M) Survivors: 1024.0K->1024.0K Heap: 4979.4M(5120.0M)->3218.1M(5120.0M)]
 [Times: user=0.20 sys=0.00, real=0.06 secs] 
2016-06-26T19:45:18.478+0300: 147.715: Total time for which application threads were stopped: 0.0687980 seconds, Stopping threads took: 0.0076118 seconds
2016-06-26T19:45:18.481+0300: 147.717: [GC pause (G1 Humongous Allocation) (young) (initial-mark)
Desired survivor size 85983232 bytes, new threshold 15 (max 15)
- age   1:      30464 bytes,      30464 total
- age   2:       9104 bytes,      39568 total
- age   3:      31136 bytes,      70704 total
- age   5:      15288 bytes,      85992 total
- age   6:       9048 bytes,      95040 total
- age   7:      12984 bytes,     108024 total
- age   8:       9032 bytes,     117056 total
- age   9:      10880 bytes,     127936 total
- age  10:       9032 bytes,     136968 total
- age  11:      18848 bytes,     155816 total
- age  13:      28592 bytes,     184408 total
- age  15:      24456 bytes,     208864 total
, 0.0035884 secs]
   [Parallel Time: 1.7 ms, GC Workers: 4]
      [GC Worker Start (ms): Min: 147718.5, Avg: 147718.5, Max: 147718.6, Diff: 0.0]
      [Ext Root Scanning (ms): Min: 0.4, Avg: 0.4, Max: 0.4, Diff: 0.0, Sum: 1.5]
      [Update RS (ms): Min: 0.7, Avg: 0.8, Max: 0.8, Diff: 0.1, Sum: 3.1]
         [Processed Buffers: Min: 8, Avg: 9.0, Max: 10, Diff: 2, Sum: 36]
      [Scan RS (ms): Min: 0.0, Avg: 0.0, Max: 0.0, Diff: 0.0, Sum: 0.0]
      [Code Root Scanning (ms): Min: 0.0, Avg: 0.0, Max: 0.1, Diff: 0.1, Sum: 0.1]
      [Object Copy (ms): Min: 0.4, Avg: 0.4, Max: 0.5, Diff: 0.1, Sum: 1.7]
      [Termination (ms): Min: 0.0, Avg: 0.0, Max: 0.0, Diff: 0.0, Sum: 0.0]
         [Termination Attempts: Min: 1, Avg: 1.0, Max: 1, Diff: 0, Sum: 4]
      [GC Worker Other (ms): Min: 0.0, Avg: 0.0, Max: 0.0, Diff: 0.0, Sum: 0.1]
      [GC Worker Total (ms): Min: 1.6, Avg: 1.6, Max: 1.6, Diff: 0.0, Sum: 6.5]
      [GC Worker End (ms): Min: 147720.2, Avg: 147720.2, Max: 147720.2, Diff: 0.0]
   [Code Root Fixup: 0.0 ms]
   [Code Root Purge: 0.0 ms]
   [Clear CT: 0.0 ms]
   [Other: 1.9 ms]
      [Choose CSet: 0.0 ms]
      [Ref Proc: 0.0 ms]
      [Ref Enq: 0.0 ms]
      [Redirty Cards: 0.0 ms]
      [Humongous Register: 0.7 ms]
      [Humongous Reclaim: 0.3 ms]
      [Free CSet: 0.0 ms]
   [Eden: 1024.0K(1306.0M)->0.0B(1298.0M) Survivors: 1024.0K->1024.0K Heap: 3223.0M(5120.0M)->3222.0M(5120.0M)]
 [Times: user=0.06 sys=0.00, real=0.00 secs] 
2016-06-26T19:45:18.485+0300: 147.721: [GC concurrent-root-region-scan-start]
2016-06-26T19:45:18.485+0300: 147.721: Total time for which application threads were stopped: 0.0041175 seconds, Stopping threads took: 0.0000710 seconds
2016-06-26T19:45:18.486+0300: 147.723: [GC concurrent-root-region-scan-end, 0.0014874 secs]
2016-06-26T19:45:18.486+0300: 147.723: [GC concurrent-mark-start]
2016-06-26T19:45:18.624+0300: 147.861: Total time for which application threads were stopped: 0.0079920 seconds, Stopping threads took: 0.0073304 seconds
2016-06-26T19:45:19.635+0300: 148.871: Total time for which application threads were stopped: 0.0100986 seconds, Stopping threads took: 0.0098664 seconds
2016-06-26T19:45:21.206+0300: 150.443: [GC concurrent-mark-end, 1.1490631 secs]
2016-06-26T19:45:21.229+0300: 150.465: [GC pause (G1 Humongous Allocation) (young)
Desired survivor size 85458944 bytes, new threshold 15 (max 15)
- age   1:       9072 bytes,       9072 total
- age   2:      30440 bytes,      39512 total
- age   3:       9104 bytes,      48616 total
- age   4:      31136 bytes,      79752 total
- age   6:      15288 bytes,      95040 total
- age   7:       9048 bytes,     104088 total
- age   8:      12984 bytes,     117072 total
- age   9:       9032 bytes,     126104 total
- age  10:      10880 bytes,     136984 total
- age  11:       9032 bytes,     146016 total
- age  12:      18848 bytes,     164864 total
- age  14:      28592 bytes,     193456 total
, 0.1065385 secs]
   [Parallel Time: 97.3 ms, GC Workers: 4]
      [GC Worker Start (ms): Min: 150472.0, Avg: 150490.7, Max: 150534.9, Diff: 62.9]
      [Ext Root Scanning (ms): Min: 0.0, Avg: 0.4, Max: 1.4, Diff: 1.4, Sum: 1.4]
      [Update RS (ms): Min: 34.0, Avg: 77.8, Max: 95.3, Diff: 61.4, Sum: 311.3]
         [Processed Buffers: Min: 365, Avg: 452.5, Max: 566, Diff: 201, Sum: 1810]
      [Scan RS (ms): Min: 0.0, Avg: 0.0, Max: 0.0, Diff: 0.0, Sum: 0.0]
      [Code Root Scanning (ms): Min: 0.0, Avg: 0.0, Max: 0.1, Diff: 0.1, Sum: 0.1]
      [Object Copy (ms): Min: 0.4, Avg: 0.4, Max: 0.5, Diff: 0.1, Sum: 1.6]
      [Termination (ms): Min: 0.0, Avg: 0.0, Max: 0.0, Diff: 0.0, Sum: 0.0]
         [Termination Attempts: Min: 1, Avg: 1.3, Max: 2, Diff: 1, Sum: 5]
      [GC Worker Other (ms): Min: 0.0, Avg: 0.0, Max: 0.0, Diff: 0.0, Sum: 0.1]
      [GC Worker Total (ms): Min: 34.4, Avg: 78.6, Max: 97.3, Diff: 62.9, Sum: 314.6]
      [GC Worker End (ms): Min: 150569.3, Avg: 150569.3, Max: 150569.3, Diff: 0.0]
   [Code Root Fixup: 0.0 ms]
   [Code Root Purge: 0.0 ms]
   [Clear CT: 0.0 ms]
   [Other: 9.1 ms]
      [Choose CSet: 0.0 ms]
      [Ref Proc: 0.1 ms]
      [Ref Enq: 0.0 ms]
      [Redirty Cards: 0.0 ms]
      [Humongous Register: 0.8 ms]
      [Humongous Reclaim: 2.2 ms]
      [Free CSet: 0.1 ms]
   [Eden: 57.0M(1298.0M)->0.0B(1090.0M) Survivors: 1024.0K->1024.0K Heap: 4977.3M(5120.0M)->3427.1M(5120.0M)]
 [Times: user=0.17 sys=0.00, real=0.11 secs] 
2016-06-26T19:45:21.335+0300: 150.572: Total time for which application threads were stopped: 0.1292589 seconds, Stopping threads took: 0.0219250 seconds
2016-06-26T19:45:21.587+0300: 150.823: Total time for which application threads were stopped: 0.0026125 seconds, Stopping threads took: 0.0015152 seconds
2016-06-26T19:45:21.588+0300: 150.825: Total time for which application threads were stopped: 0.0010828 seconds, Stopping threads took: 0.0000329 seconds
2016-06-26T19:45:21.590+0300: 150.826: Total time for which application threads were stopped: 0.0008703 seconds, Stopping threads took: 0.0000496 seconds
2016-06-26T19:45:22.470+0300: 151.707: [GC remark 2016-06-26T19:45:22.471+0300: 151.707: [Finalize Marking, 0.0037146 secs] 2016-06-26T19:45:22.474+0300: 151.711: [GC ref-proc, 0.0001031 secs] 2016-06-26T19:45:22.474+0300: 151.711: [Unloading, 0.0016516 secs], 0.0166135 secs]
 [Times: user=0.06 sys=0.00, real=0.02 secs] 
2016-06-26T19:45:22.487+0300: 151.724: Total time for which application threads were stopped: 0.0261686 seconds, Stopping threads took: 0.0091787 seconds
2016-06-26T19:45:22.526+0300: 151.763: [GC cleanup 4131M->4131M(5120M), 0.0025655 secs]
 [Times: user=0.00 sys=0.00, real=0.00 secs] 
2016-06-26T19:45:22.529+0300: 151.766: Total time for which application threads were stopped: 0.0030359 seconds, Stopping threads took: 0.0000774 seconds
2016-06-26T19:45:23.534+0300: 152.771: Total time for which application threads were stopped: 0.0060017 seconds, Stopping threads took: 0.0056557 seconds
2016-06-26T19:45:23.847+0300: 153.083: [GC pause (G1 Humongous Allocation) (young)
Desired survivor size 71827456 bytes, new threshold 15 (max 15)
- age   1:      35736 bytes,      35736 total
- age   2:       9048 bytes,      44784 total
- age   3:      22920 bytes,      67704 total
- age   4:       9032 bytes,      76736 total
- age   5:      24936 bytes,     101672 total
- age   7:      11304 bytes,     112976 total
- age   8:       9048 bytes,     122024 total
- age   9:      10200 bytes,     132224 total
- age  10:       9032 bytes,     141256 total
- age  11:       9584 bytes,     150840 total
- age  12:       9032 bytes,     159872 total
- age  13:      18200 bytes,     178072 total
- age  15:      28464 bytes,     206536 total
, 0.0689212 secs]
   [Parallel Time: 61.4 ms, GC Workers: 4]
      [GC Worker Start (ms): Min: 153089.0, Avg: 153089.0, Max: 153089.0, Diff: 0.0]
      [Ext Root Scanning (ms): Min: 0.4, Avg: 0.4, Max: 0.4, Diff: 0.0, Sum: 1.6]
      [Update RS (ms): Min: 60.5, Avg: 60.5, Max: 60.5, Diff: 0.1, Sum: 241.9]
         [Processed Buffers: Min: 451, Avg: 515.0, Max: 630, Diff: 179, Sum: 2060]
      [Scan RS (ms): Min: 0.0, Avg: 0.0, Max: 0.0, Diff: 0.0, Sum: 0.0]
      [Code Root Scanning (ms): Min: 0.0, Avg: 0.0, Max: 0.1, Diff: 0.1, Sum: 0.1]
      [Object Copy (ms): Min: 0.4, Avg: 0.4, Max: 0.5, Diff: 0.1, Sum: 1.7]
      [Termination (ms): Min: 0.0, Avg: 0.0, Max: 0.0, Diff: 0.0, Sum: 0.0]
         [Termination Attempts: Min: 1, Avg: 1.0, Max: 1, Diff: 0, Sum: 4]
      [GC Worker Other (ms): Min: 0.0, Avg: 0.0, Max: 0.0, Diff: 0.0, Sum: 0.1]
      [GC Worker Total (ms): Min: 61.4, Avg: 61.4, Max: 61.4, Diff: 0.0, Sum: 245.5]
      [GC Worker End (ms): Min: 153150.3, Avg: 153150.3, Max: 153150.3, Diff: 0.0]
   [Code Root Fixup: 0.0 ms]
   [Code Root Purge: 0.0 ms]
   [Clear CT: 0.0 ms]
   [Other: 7.5 ms]
      [Choose CSet: 0.0 ms]
      [Ref Proc: 0.1 ms]
      [Ref Enq: 0.0 ms]
      [Redirty Cards: 0.0 ms]
      [Humongous Register: 0.8 ms]
      [Humongous Reclaim: 1.6 ms]
      [Free CSet: 0.1 ms]
   [Eden: 63.0M(1090.0M)->0.0B(769.0M) Survivors: 1024.0K->1024.0K Heap: 4978.4M(5120.0M)->3743.5M(5120.0M)]
 [Times: user=0.22 sys=0.00, real=0.07 secs] 
2016-06-26T19:45:23.916+0300: 153.152: Total time for which application threads were stopped: 0.0735933 seconds, Stopping threads took: 0.0036646 seconds
2016-06-26T19:45:24.003+0300: 153.239: [GC pause (G1 Humongous Allocation) (young) (initial-mark)
Desired survivor size 50855936 bytes, new threshold 15 (max 15)
- age   1:      31240 bytes,      31240 total
- age   2:      27336 bytes,      58576 total
- age   3:       9048 bytes,      67624 total
- age   4:      18896 bytes,      86520 total
- age   5:       9032 bytes,      95552 total
- age   6:      22080 bytes,     117632 total
- age   8:       9928 bytes,     127560 total
- age   9:       9032 bytes,     136592 total
- age  10:       9392 bytes,     145984 total
- age  11:       9032 bytes,     155016 total
- age  12:       9144 bytes,     164160 total
- age  13:       9032 bytes,     173192 total
- age  14:      18064 bytes,     191256 total
, 0.0033930 secs]
   [Parallel Time: 1.4 ms, GC Workers: 4]
      [GC Worker Start (ms): Min: 153240.5, Avg: 153240.5, Max: 153240.5, Diff: 0.0]
      [Ext Root Scanning (ms): Min: 0.5, Avg: 0.5, Max: 0.5, Diff: 0.0, Sum: 1.8]
      [Update RS (ms): Min: 0.4, Avg: 0.4, Max: 0.5, Diff: 0.1, Sum: 1.8]
         [Processed Buffers: Min: 4, Avg: 5.0, Max: 6, Diff: 2, Sum: 20]
      [Scan RS (ms): Min: 0.0, Avg: 0.0, Max: 0.0, Diff: 0.0, Sum: 0.0]
      [Code Root Scanning (ms): Min: 0.0, Avg: 0.0, Max: 0.0, Diff: 0.0, Sum: 0.0]
      [Object Copy (ms): Min: 0.4, Avg: 0.4, Max: 0.4, Diff: 0.1, Sum: 1.6]
      [Termination (ms): Min: 0.0, Avg: 0.0, Max: 0.0, Diff: 0.0, Sum: 0.0]
         [Termination Attempts: Min: 1, Avg: 1.0, Max: 1, Diff: 0, Sum: 4]
      [GC Worker Other (ms): Min: 0.0, Avg: 0.0, Max: 0.0, Diff: 0.0, Sum: 0.1]
      [GC Worker Total (ms): Min: 1.3, Avg: 1.3, Max: 1.3, Diff: 0.0, Sum: 5.3]
      [GC Worker End (ms): Min: 153241.8, Avg: 153241.8, Max: 153241.8, Diff: 0.0]
   [Code Root Fixup: 0.0 ms]
   [Code Root Purge: 0.0 ms]
   [Clear CT: 0.0 ms]
   [Other: 2.0 ms]
      [Choose CSet: 0.0 ms]
      [Ref Proc: 0.1 ms]
      [Ref Enq: 0.0 ms]
      [Redirty Cards: 0.0 ms]
      [Humongous Register: 0.8 ms]
      [Humongous Reclaim: 0.4 ms]
      [Free CSet: 0.0 ms]
   [Eden: 1024.0K(769.0M)->0.0B(768.0M) Survivors: 1024.0K->1024.0K Heap: 3746.0M(5120.0M)->3745.5M(5120.0M)]
 [Times: user=0.00 sys=0.00, real=0.00 secs] 
2016-06-26T19:45:24.006+0300: 153.243: [GC concurrent-root-region-scan-start]
2016-06-26T19:45:24.006+0300: 153.243: Total time for which application threads were stopped: 0.0039562 seconds, Stopping threads took: 0.0000736 seconds
2016-06-26T19:45:24.008+0300: 153.244: [GC concurrent-root-region-scan-end, 0.0014138 secs]
2016-06-26T19:45:24.008+0300: 153.244: [GC concurrent-mark-start]
2016-06-26T19:45:24.022+0300: 153.259: [GC concurrent-mark-end, 0.0142721 secs]
2016-06-26T19:45:24.045+0300: 153.282: [GC remark 2016-06-26T19:45:24.045+0300: 153.282: [Finalize Marking, 0.0003387 secs] 2016-06-26T19:45:24.046+0300: 153.282: [GC ref-proc, 0.0001095 secs] 2016-06-26T19:45:24.046+0300: 153.282: [Unloading, 0.0015644 secs], 0.0225609 secs]
 [Times: user=0.06 sys=0.00, real=0.02 secs] 
2016-06-26T19:45:24.068+0300: 153.305: Total time for which application threads were stopped: 0.0239119 seconds, Stopping threads took: 0.0010289 seconds
2016-06-26T19:45:24.071+0300: 153.307: [GC cleanup 3773M->3773M(5120M), 0.0021793 secs]
 [Times: user=0.00 sys=0.00, real=0.00 secs] 
2016-06-26T19:45:24.073+0300: 153.310: Total time for which application threads were stopped: 0.0025467 seconds, Stopping threads took: 0.0000594 seconds
2016-06-26T19:45:24.618+0300: 153.855: Total time for which application threads were stopped: 0.0034443 seconds, Stopping threads took: 0.0027293 seconds
2016-06-26T19:45:25.622+0300: 154.859: Total time for which application threads were stopped: 0.0037552 seconds, Stopping threads took: 0.0034328 seconds
2016-06-26T19:45:26.222+0300: 155.459: Total time for which application threads were stopped: 0.0031185 seconds, Stopping threads took: 0.0023175 seconds
2016-06-26T19:45:26.283+0300: 155.519: [GC pause (G1 Humongous Allocation) (young)
Desired survivor size 50855936 bytes, new threshold 15 (max 15)
- age   1:         40 bytes,         40 total
- age   2:      29080 bytes,      29120 total
- age   3:      27336 bytes,      56456 total
- age   4:       9048 bytes,      65504 total
- age   5:      18896 bytes,      84400 total
- age   6:       9032 bytes,      93432 total
- age   7:      22080 bytes,     115512 total
- age   9:       9928 bytes,     125440 total
- age  10:       9032 bytes,     134472 total
- age  11:       9392 bytes,     143864 total
- age  12:       9032 bytes,     152896 total
- age  13:       9144 bytes,     162040 total
- age  14:       9032 bytes,     171072 total
- age  15:      18064 bytes,     189136 total
, 0.0587327 secs]
   [Parallel Time: 50.3 ms, GC Workers: 4]
      [GC Worker Start (ms): Min: 155525.5, Avg: 155525.5, Max: 155525.6, Diff: 0.0]
      [Ext Root Scanning (ms): Min: 0.4, Avg: 0.4, Max: 0.4, Diff: 0.0, Sum: 1.4]
      [Update RS (ms): Min: 49.1, Avg: 49.1, Max: 49.1, Diff: 0.0, Sum: 196.4]
         [Processed Buffers: Min: 515, Avg: 523.3, Max: 534, Diff: 19, Sum: 2093]
      [Scan RS (ms): Min: 0.0, Avg: 0.0, Max: 0.0, Diff: 0.0, Sum: 0.1]
      [Code Root Scanning (ms): Min: 0.0, Avg: 0.0, Max: 0.0, Diff: 0.0, Sum: 0.0]
      [Object Copy (ms): Min: 0.7, Avg: 0.8, Max: 0.8, Diff: 0.0, Sum: 3.0]
      [Termination (ms): Min: 0.0, Avg: 0.0, Max: 0.0, Diff: 0.0, Sum: 0.0]
         [Termination Attempts: Min: 1, Avg: 1.0, Max: 1, Diff: 0, Sum: 4]
      [GC Worker Other (ms): Min: 0.0, Avg: 0.0, Max: 0.0, Diff: 0.0, Sum: 0.1]
      [GC Worker Total (ms): Min: 50.3, Avg: 50.3, Max: 50.3, Diff: 0.0, Sum: 201.1]
      [GC Worker End (ms): Min: 155575.8, Avg: 155575.8, Max: 155575.8, Diff: 0.0]
   [Code Root Fixup: 0.0 ms]
   [Code Root Purge: 0.0 ms]
   [Clear CT: 0.0 ms]
   [Other: 8.4 ms]
      [Choose CSet: 0.0 ms]
      [Ref Proc: 0.0 ms]
      [Ref Enq: 0.0 ms]
      [Redirty Cards: 0.0 ms]
      [Humongous Register: 0.8 ms]
      [Humongous Reclaim: 2.1 ms]
      [Free CSet: 0.1 ms]
   [Eden: 67.0M(768.0M)->0.0B(1105.0M) Survivors: 1024.0K->1024.0K Heap: 4978.6M(5120.0M)->3417.7M(5120.0M)]
 [Times: user=0.20 sys=0.00, real=0.06 secs] 
2016-06-26T19:45:26.342+0300: 155.578: Total time for which application threads were stopped: 0.0613038 seconds, Stopping threads took: 0.0014455 seconds
2016-06-26T19:45:26.342+0300: 155.579: [GC pause (G1 Humongous Allocation) (young) (initial-mark)
Desired survivor size 72876032 bytes, new threshold 15 (max 15)
- age   1:     265080 bytes,     265080 total
- age   3:      23032 bytes,     288112 total
- age   4:      21592 bytes,     309704 total
- age   5:       9032 bytes,     318736 total
- age   6:      13432 bytes,     332168 total
- age   7:       9032 bytes,     341200 total
- age   8:      19472 bytes,     360672 total
- age  10:       9480 bytes,     370152 total
- age  11:       9032 bytes,     379184 total
- age  12:       9144 bytes,     388328 total
- age  13:       9032 bytes,     397360 total
- age  14:       9032 bytes,     406392 total
- age  15:       9032 bytes,     415424 total
, 0.0028965 secs]
   [Parallel Time: 1.3 ms, GC Workers: 4]
      [GC Worker Start (ms): Min: 155579.9, Avg: 155579.9, Max: 155580.0, Diff: 0.0]
      [Ext Root Scanning (ms): Min: 0.4, Avg: 0.4, Max: 0.4, Diff: 0.0, Sum: 1.7]
      [Update RS (ms): Min: 0.0, Avg: 0.0, Max: 0.1, Diff: 0.1, Sum: 0.2]
         [Processed Buffers: Min: 1, Avg: 1.0, Max: 1, Diff: 0, Sum: 4]
      [Scan RS (ms): Min: 0.0, Avg: 0.0, Max: 0.0, Diff: 0.0, Sum: 0.0]
      [Code Root Scanning (ms): Min: 0.0, Avg: 0.0, Max: 0.0, Diff: 0.0, Sum: 0.0]
      [Object Copy (ms): Min: 0.7, Avg: 0.7, Max: 0.8, Diff: 0.1, Sum: 3.0]
      [Termination (ms): Min: 0.0, Avg: 0.0, Max: 0.0, Diff: 0.0, Sum: 0.0]
         [Termination Attempts: Min: 1, Avg: 1.0, Max: 1, Diff: 0, Sum: 4]
      [GC Worker Other (ms): Min: 0.0, Avg: 0.0, Max: 0.0, Diff: 0.0, Sum: 0.0]
      [GC Worker Total (ms): Min: 1.2, Avg: 1.3, Max: 1.3, Diff: 0.0, Sum: 5.0]
      [GC Worker End (ms): Min: 155581.2, Avg: 155581.2, Max: 155581.2, Diff: 0.0]
   [Code Root Fixup: 0.0 ms]
   [Code Root Purge: 0.0 ms]
   [Clear CT: 0.0 ms]
   [Other: 1.5 ms]
      [Choose CSet: 0.0 ms]
      [Ref Proc: 0.1 ms]
      [Ref Enq: 0.0 ms]
      [Redirty Cards: 0.0 ms]
      [Humongous Register: 0.6 ms]
      [Humongous Reclaim: 0.3 ms]
      [Free CSet: 0.0 ms]
   [Eden: 1024.0K(1105.0M)->0.0B(1102.0M) Survivors: 1024.0K->1024.0K Heap: 3420.6M(5120.0M)->3419.7M(5120.0M)]
 [Times: user=0.00 sys=0.00, real=0.00 secs] 
2016-06-26T19:45:26.345+0300: 155.582: [GC concurrent-root-region-scan-start]
2016-06-26T19:45:26.345+0300: 155.582: Total time for which application threads were stopped: 0.0034383 seconds, Stopping threads took: 0.0000753 seconds
2016-06-26T19:45:26.347+0300: 155.584: [GC concurrent-root-region-scan-end, 0.0020113 secs]
2016-06-26T19:45:26.347+0300: 155.584: [GC concurrent-mark-start]
2016-06-26T19:45:26.361+0300: 155.597: [GC concurrent-mark-end, 0.0130764 secs]
2016-06-26T19:45:26.395+0300: 155.632: [GC remark 2016-06-26T19:45:26.395+0300: 155.632: [Finalize Marking, 0.0005038 secs] 2016-06-26T19:45:26.396+0300: 155.633: [GC ref-proc, 0.0001236 secs] 2016-06-26T19:45:26.396+0300: 155.633: [Unloading, 0.0015511 secs], 0.0209016 secs]
 [Times: user=0.06 sys=0.00, real=0.02 secs] 
2016-06-26T19:45:26.416+0300: 155.653: Total time for which application threads were stopped: 0.0216252 seconds, Stopping threads took: 0.0003939 seconds
2016-06-26T19:45:26.455+0300: 155.691: [GC cleanup 3474M->3474M(5120M), 0.0022755 secs]
 [Times: user=0.00 sys=0.00, real=0.00 secs] 
2016-06-26T19:45:26.457+0300: 155.694: Total time for which application threads were stopped: 0.0028931 seconds, Stopping threads took: 0.0002356 seconds
2016-06-26T19:45:27.461+0300: 156.697: Total time for which application threads were stopped: 0.0036338 seconds, Stopping threads took: 0.0032887 seconds
2016-06-26T19:45:28.225+0300: 157.462: Total time for which application threads were stopped: 0.0060966 seconds, Stopping threads took: 0.0053106 seconds
2016-06-26T19:45:28.238+0300: 157.475: Total time for which application threads were stopped: 0.0053136 seconds, Stopping threads took: 0.0050078 seconds
2016-06-26T19:45:28.983+0300: 158.219: [GC pause (G1 Humongous Allocation) (young)
Desired survivor size 72351744 bytes, new threshold 15 (max 15)
- age   1:       2264 bytes,       2264 total
- age   2:     265080 bytes,     267344 total
- age   4:      23032 bytes,     290376 total
- age   5:      21592 bytes,     311968 total
- age   6:       9032 bytes,     321000 total
- age   7:      13432 bytes,     334432 total
- age   8:       9032 bytes,     343464 total
- age   9:      19472 bytes,     362936 total
- age  11:       9480 bytes,     372416 total
- age  12:       9032 bytes,     381448 total
- age  13:       9144 bytes,     390592 total
- age  14:       9032 bytes,     399624 total
- age  15:       9032 bytes,     408656 total
, 0.0605191 secs]
   [Parallel Time: 52.6 ms, GC Workers: 4]
      [GC Worker Start (ms): Min: 158225.0, Avg: 158225.2, Max: 158225.8, Diff: 0.8]
      [Ext Root Scanning (ms): Min: 0.0, Avg: 0.4, Max: 0.5, Diff: 0.5, Sum: 1.4]
      [Update RS (ms): Min: 51.3, Avg: 51.5, Max: 51.6, Diff: 0.3, Sum: 206.0]
         [Processed Buffers: Min: 506, Avg: 515.3, Max: 529, Diff: 23, Sum: 2061]
      [Scan RS (ms): Min: 0.0, Avg: 0.0, Max: 0.0, Diff: 0.0, Sum: 0.1]
      [Code Root Scanning (ms): Min: 0.0, Avg: 0.0, Max: 0.1, Diff: 0.1, Sum: 0.1]
      [Object Copy (ms): Min: 0.3, Avg: 0.4, Max: 0.5, Diff: 0.1, Sum: 1.7]
      [Termination (ms): Min: 0.0, Avg: 0.0, Max: 0.0, Diff: 0.0, Sum: 0.0]
         [Termination Attempts: Min: 1, Avg: 1.0, Max: 1, Diff: 0, Sum: 4]
      [GC Worker Other (ms): Min: 0.0, Avg: 0.0, Max: 0.0, Diff: 0.0, Sum: 0.1]
      [GC Worker Total (ms): Min: 51.7, Avg: 52.3, Max: 52.5, Diff: 0.8, Sum: 209.3]
      [GC Worker End (ms): Min: 158277.5, Avg: 158277.5, Max: 158277.5, Diff: 0.0]
   [Code Root Fixup: 0.0 ms]
   [Code Root Purge: 0.0 ms]
   [Clear CT: 0.0 ms]
   [Other: 7.9 ms]
      [Choose CSet: 0.0 ms]
      [Ref Proc: 0.1 ms]
      [Ref Enq: 0.0 ms]
      [Redirty Cards: 0.0 ms]
      [Humongous Register: 0.8 ms]
      [Humongous Reclaim: 2.0 ms]
      [Free CSet: 0.0 ms]
   [Eden: 62.0M(1102.0M)->0.0B(919.0M) Survivors: 1024.0K->1024.0K Heap: 4979.8M(5120.0M)->3599.2M(5120.0M)]
 [Times: user=0.17 sys=0.00, real=0.06 secs] 
2016-06-26T19:45:29.043+0300: 158.280: Total time for which application threads were stopped: 0.0697731 seconds, Stopping threads took: 0.0082370 seconds
2016-06-26T19:45:29.049+0300: 158.286: [GC pause (G1 Humongous Allocation) (young) (initial-mark)
Desired survivor size 60293120 bytes, new threshold 15 (max 15)
- age   1:      41672 bytes,      41672 total
- age   2:        664 bytes,      42336 total
- age   3:      57416 bytes,      99752 total
- age   5:      19176 bytes,     118928 total
- age   6:      16616 bytes,     135544 total
- age   7:       9032 bytes,     144576 total
- age   8:      10136 bytes,     154712 total
- age   9:       9032 bytes,     163744 total
- age  10:      18280 bytes,     182024 total
- age  12:       9152 bytes,     191176 total
- age  13:       9032 bytes,     200208 total
- age  14:       9032 bytes,     209240 total
- age  15:       9032 bytes,     218272 total
, 0.0030154 secs]
   [Parallel Time: 1.3 ms, GC Workers: 4]
      [GC Worker Start (ms): Min: 158286.9, Avg: 158286.9, Max: 158286.9, Diff: 0.0]
      [Ext Root Scanning (ms): Min: 0.4, Avg: 0.4, Max: 0.4, Diff: 0.0, Sum: 1.7]
      [Update RS (ms): Min: 0.4, Avg: 0.4, Max: 0.5, Diff: 0.1, Sum: 1.7]
         [Processed Buffers: Min: 4, Avg: 5.0, Max: 7, Diff: 3, Sum: 20]
      [Scan RS (ms): Min: 0.0, Avg: 0.0, Max: 0.0, Diff: 0.0, Sum: 0.0]
      [Code Root Scanning (ms): Min: 0.0, Avg: 0.0, Max: 0.1, Diff: 0.1, Sum: 0.1]
      [Object Copy (ms): Min: 0.3, Avg: 0.4, Max: 0.4, Diff: 0.1, Sum: 1.6]
      [Termination (ms): Min: 0.0, Avg: 0.0, Max: 0.0, Diff: 0.0, Sum: 0.0]
         [Termination Attempts: Min: 1, Avg: 1.0, Max: 1, Diff: 0, Sum: 4]
      [GC Worker Other (ms): Min: 0.0, Avg: 0.0, Max: 0.0, Diff: 0.0, Sum: 0.1]
      [GC Worker Total (ms): Min: 1.3, Avg: 1.3, Max: 1.3, Diff: 0.0, Sum: 5.1]
      [GC Worker End (ms): Min: 158288.1, Avg: 158288.1, Max: 158288.1, Diff: 0.0]
   [Code Root Fixup: 0.0 ms]
   [Code Root Purge: 0.0 ms]
   [Clear CT: 0.0 ms]
   [Other: 1.7 ms]
      [Choose CSet: 0.0 ms]
      [Ref Proc: 0.1 ms]
      [Ref Enq: 0.0 ms]
      [Redirty Cards: 0.0 ms]
      [Humongous Register: 0.6 ms]
      [Humongous Reclaim: 0.3 ms]
      [Free CSet: 0.0 ms]
   [Eden: 1024.0K(919.0M)->0.0B(918.0M) Survivors: 1024.0K->1024.0K Heap: 3601.6M(5120.0M)->3601.0M(5120.0M)]
 [Times: user=0.00 sys=0.00, real=0.00 secs] 
2016-06-26T19:45:29.052+0300: 158.289: [GC concurrent-root-region-scan-start]
2016-06-26T19:45:29.052+0300: 158.289: Total time for which application threads were stopped: 0.0036017 seconds, Stopping threads took: 0.0000654 seconds
2016-06-26T19:45:29.054+0300: 158.290: [GC concurrent-root-region-scan-end, 0.0014536 secs]
2016-06-26T19:45:29.054+0300: 158.290: [GC concurrent-mark-start]
2016-06-26T19:45:29.069+0300: 158.306: [GC concurrent-mark-end, 0.0153357 secs]
2016-06-26T19:45:29.089+0300: 158.325: [GC remark 2016-06-26T19:45:29.089+0300: 158.325: [Finalize Marking, 0.0003118 secs] 2016-06-26T19:45:29.089+0300: 158.326: [GC ref-proc, 0.0001043 secs] 2016-06-26T19:45:29.089+0300: 158.326: [Unloading, 0.0015840 secs], 0.0218108 secs]
 [Times: user=0.13 sys=0.00, real=0.02 secs] 
2016-06-26T19:45:29.111+0300: 158.347: Total time for which application threads were stopped: 0.0231280 seconds, Stopping threads took: 0.0009455 seconds
2016-06-26T19:45:29.113+0300: 158.350: [GC cleanup 3626M->3626M(5120M), 0.0022991 secs]
 [Times: user=0.00 sys=0.00, real=0.00 secs] 
2016-06-26T19:45:29.115+0300: 158.352: Total time for which application threads were stopped: 0.0028046 seconds, Stopping threads took: 0.0001266 seconds
2016-06-26T19:45:29.224+0300: 158.461: Total time for which application threads were stopped: 0.0045319 seconds, Stopping threads took: 0.0036988 seconds
2016-06-26T19:45:31.246+0300: 160.483: Total time for which application threads were stopped: 0.0214541 seconds, Stopping threads took: 0.0205180 seconds
2016-06-26T19:45:31.521+0300: 160.758: [GC pause (G1 Humongous Allocation) (young)
Desired survivor size 60293120 bytes, new threshold 15 (max 15)
- age   1:         40 bytes,         40 total
- age   2:      41624 bytes,      41664 total
- age   3:        664 bytes,      42328 total
- age   4:      57416 bytes,      99744 total
- age   6:      19176 bytes,     118920 total
- age   7:      16616 bytes,     135536 total
- age   8:       9032 bytes,     144568 total
- age   9:      10136 bytes,     154704 total
- age  10:       9032 bytes,     163736 total
- age  11:      18280 bytes,     182016 total
- age  13:       9152 bytes,     191168 total
- age  14:       9032 bytes,     200200 total
- age  15:       9032 bytes,     209232 total
, 0.0578278 secs]
   [Parallel Time: 50.3 ms, GC Workers: 4]
      [GC Worker Start (ms): Min: 160763.6, Avg: 160763.6, Max: 160763.6, Diff: 0.0]
      [Ext Root Scanning (ms): Min: 0.4, Avg: 0.4, Max: 0.5, Diff: 0.0, Sum: 1.7]
      [Update RS (ms): Min: 49.3, Avg: 49.3, Max: 49.3, Diff: 0.1, Sum: 197.2]
         [Processed Buffers: Min: 516, Avg: 518.5, Max: 522, Diff: 6, Sum: 2074]
      [Scan RS (ms): Min: 0.0, Avg: 0.0, Max: 0.0, Diff: 0.0, Sum: 0.1]
      [Code Root Scanning (ms): Min: 0.0, Avg: 0.0, Max: 0.1, Diff: 0.1, Sum: 0.1]
      [Object Copy (ms): Min: 0.4, Avg: 0.4, Max: 0.5, Diff: 0.1, Sum: 1.8]
      [Termination (ms): Min: 0.0, Avg: 0.0, Max: 0.0, Diff: 0.0, Sum: 0.0]
         [Termination Attempts: Min: 1, Avg: 1.0, Max: 1, Diff: 0, Sum: 4]
      [GC Worker Other (ms): Min: 0.0, Avg: 0.0, Max: 0.0, Diff: 0.0, Sum: 0.1]
      [GC Worker Total (ms): Min: 50.2, Avg: 50.2, Max: 50.2, Diff: 0.0, Sum: 200.9]
      [GC Worker End (ms): Min: 160813.8, Avg: 160813.8, Max: 160813.8, Diff: 0.0]
   [Code Root Fixup: 0.0 ms]
   [Code Root Purge: 0.0 ms]
   [Clear CT: 0.0 ms]
   [Other: 7.5 ms]
      [Choose CSet: 0.0 ms]
      [Ref Proc: 0.0 ms]
      [Ref Enq: 0.0 ms]
      [Redirty Cards: 0.0 ms]
      [Humongous Register: 0.8 ms]
      [Humongous Reclaim: 1.5 ms]
      [Free CSet: 0.1 ms]
   [Eden: 63.0M(918.0M)->0.0B(560.0M) Survivors: 1024.0K->1024.0K Heap: 4980.5M(5120.0M)->3950.7M(5120.0M)]
 [Times: user=0.25 sys=0.00, real=0.06 secs] 
2016-06-26T19:45:31.579+0300: 160.816: Total time for which application threads were stopped: 0.0662064 seconds, Stopping threads took: 0.0073685 seconds
2016-06-26T19:45:31.656+0300: 160.892: [GC pause (G1 Humongous Allocation) (young) (initial-mark)
Desired survivor size 37224448 bytes, new threshold 15 (max 15)
- age   1:      40824 bytes,      40824 total
- age   2:         16 bytes,      40840 total
- age   3:      34968 bytes,      75808 total
- age   4:        664 bytes,      76472 total
- age   5:      53344 bytes,     129816 total
- age   7:      16200 bytes,     146016 total
- age   8:      14240 bytes,     160256 total
- age   9:       9032 bytes,     169288 total
- age  10:       9264 bytes,     178552 total
- age  11:       9032 bytes,     187584 total
- age  12:      18128 bytes,     205712 total
- age  14:       9152 bytes,     214864 total
- age  15:       9032 bytes,     223896 total
, 0.0033212 secs]
   [Parallel Time: 1.3 ms, GC Workers: 4]
      [GC Worker Start (ms): Min: 160893.2, Avg: 160893.2, Max: 160893.2, Diff: 0.0]
      [Ext Root Scanning (ms): Min: 0.4, Avg: 0.4, Max: 0.4, Diff: 0.0, Sum: 1.6]
      [Update RS (ms): Min: 0.4, Avg: 0.4, Max: 0.5, Diff: 0.1, Sum: 1.7]
         [Processed Buffers: Min: 4, Avg: 4.8, Max: 6, Diff: 2, Sum: 19]
      [Scan RS (ms): Min: 0.0, Avg: 0.0, Max: 0.0, Diff: 0.0, Sum: 0.0]
      [Code Root Scanning (ms): Min: 0.0, Avg: 0.0, Max: 0.1, Diff: 0.1, Sum: 0.1]
      [Object Copy (ms): Min: 0.4, Avg: 0.4, Max: 0.5, Diff: 0.1, Sum: 1.7]
      [Termination (ms): Min: 0.0, Avg: 0.0, Max: 0.0, Diff: 0.0, Sum: 0.0]
         [Termination Attempts: Min: 1, Avg: 1.0, Max: 1, Diff: 0, Sum: 4]
      [GC Worker Other (ms): Min: 0.0, Avg: 0.0, Max: 0.0, Diff: 0.0, Sum: 0.1]
      [GC Worker Total (ms): Min: 1.3, Avg: 1.3, Max: 1.3, Diff: 0.0, Sum: 5.0]
      [GC Worker End (ms): Min: 160894.5, Avg: 160894.5, Max: 160894.5, Diff: 0.0]
   [Code Root Fixup: 0.0 ms]
   [Code Root Purge: 0.0 ms]
   [Clear CT: 0.0 ms]
   [Other: 2.0 ms]
      [Choose CSet: 0.0 ms]
      [Ref Proc: 0.1 ms]
      [Ref Enq: 0.0 ms]
      [Redirty Cards: 0.0 ms]
      [Humongous Register: 0.7 ms]
      [Humongous Reclaim: 0.6 ms]
      [Free CSet: 0.0 ms]
   [Eden: 1024.0K(560.0M)->0.0B(768.0M) Survivors: 1024.0K->1024.0K Heap: 3953.2M(5120.0M)->3747.5M(5120.0M)]
 [Times: user=0.00 sys=0.00, real=0.00 secs] 
2016-06-26T19:45:31.659+0300: 160.896: [GC concurrent-root-region-scan-start]
2016-06-26T19:45:31.659+0300: 160.896: Total time for which application threads were stopped: 0.0039900 seconds, Stopping threads took: 0.0000774 seconds
2016-06-26T19:45:31.661+0300: 160.897: [GC concurrent-root-region-scan-end, 0.0015686 secs]
2016-06-26T19:45:31.661+0300: 160.897: [GC concurrent-mark-start]
2016-06-26T19:45:31.675+0300: 160.912: [GC concurrent-mark-end, 0.0141776 secs]
2016-06-26T19:45:31.701+0300: 160.938: [GC remark 2016-06-26T19:45:31.701+0300: 160.938: [Finalize Marking, 0.0003712 secs] 2016-06-26T19:45:31.702+0300: 160.938: [GC ref-proc, 0.0001095 secs] 2016-06-26T19:45:31.702+0300: 160.939: [Unloading, 0.0015498 secs], 0.0224745 secs]
 [Times: user=0.08 sys=0.00, real=0.02 secs] 
2016-06-26T19:45:31.724+0300: 160.961: Total time for which application threads were stopped: 0.0269503 seconds, Stopping threads took: 0.0041748 seconds
2016-06-26T19:45:31.727+0300: 160.964: [GC cleanup 3778M->3778M(5120M), 0.0021879 secs]
 [Times: user=0.00 sys=0.00, real=0.00 secs] 
2016-06-26T19:45:31.729+0300: 160.966: Total time for which application threads were stopped: 0.0025599 seconds, Stopping threads took: 0.0000565 seconds
2016-06-26T19:45:32.242+0300: 161.479: Total time for which application threads were stopped: 0.0174449 seconds, Stopping threads took: 0.0167448 seconds
2016-06-26T19:45:33.237+0300: 162.474: Total time for which application threads were stopped: 0.0155623 seconds, Stopping threads took: 0.0146929 seconds
2016-06-26T19:45:34.061+0300: 163.298: [GC pause (G1 Humongous Allocation) (young)
Desired survivor size 50855936 bytes, new threshold 15 (max 15)
- age   1:        120 bytes,        120 total
- age   2:      38272 bytes,      38392 total
- age   3:         16 bytes,      38408 total
- age   4:      33992 bytes,      72400 total
- age   5:        664 bytes,      73064 total
- age   6:      52728 bytes,     125792 total
- age   8:      15960 bytes,     141752 total
- age   9:      14216 bytes,     155968 total
- age  10:       9032 bytes,     165000 total
- age  11:       9264 bytes,     174264 total
- age  12:       9032 bytes,     183296 total
- age  13:      18128 bytes,     201424 total
- age  15:       9152 bytes,     210576 total
, 0.0709269 secs]
   [Parallel Time: 62.8 ms, GC Workers: 4]
      [GC Worker Start (ms): Min: 163303.4, Avg: 163303.4, Max: 163303.4, Diff: 0.0]
      [Ext Root Scanning (ms): Min: 0.4, Avg: 0.4, Max: 0.4, Diff: 0.0, Sum: 1.5]
      [Update RS (ms): Min: 61.1, Avg: 61.4, Max: 62.3, Diff: 1.2, Sum: 245.7]
         [Processed Buffers: Min: 325, Avg: 518.0, Max: 613, Diff: 288, Sum: 2072]
      [Scan RS (ms): Min: 0.0, Avg: 0.0, Max: 0.0, Diff: 0.0, Sum: 0.1]
      [Code Root Scanning (ms): Min: 0.0, Avg: 0.0, Max: 0.1, Diff: 0.1, Sum: 0.1]
      [Object Copy (ms): Min: 0.0, Avg: 0.8, Max: 1.1, Diff: 1.0, Sum: 3.3]
      [Termination (ms): Min: 0.0, Avg: 0.1, Max: 0.1, Diff: 0.1, Sum: 0.4]
         [Termination Attempts: Min: 1, Avg: 1.0, Max: 1, Diff: 0, Sum: 4]
      [GC Worker Other (ms): Min: 0.0, Avg: 0.0, Max: 0.0, Diff: 0.0, Sum: 0.0]
      [GC Worker Total (ms): Min: 62.7, Avg: 62.8, Max: 62.8, Diff: 0.0, Sum: 251.0]
      [GC Worker End (ms): Min: 163366.2, Avg: 163366.2, Max: 163366.2, Diff: 0.0]
   [Code Root Fixup: 0.0 ms]
   [Code Root Purge: 0.0 ms]
   [Clear CT: 0.0 ms]
   [Other: 8.0 ms]
      [Choose CSet: 0.0 ms]
      [Ref Proc: 0.1 ms]
      [Ref Enq: 0.0 ms]
      [Redirty Cards: 0.0 ms]
      [Humongous Register: 0.8 ms]
      [Humongous Reclaim: 2.0 ms]
      [Free CSet: 0.0 ms]
   [Eden: 65.0M(768.0M)->0.0B(1012.0M) Survivors: 1024.0K->1024.0K Heap: 4980.5M(5120.0M)->3509.5M(5120.0M)]
 [Times: user=0.20 sys=0.00, real=0.07 secs] 
2016-06-26T19:45:34.132+0300: 163.369: Total time for which application threads were stopped: 0.0836410 seconds, Stopping threads took: 0.0117438 seconds
2016-06-26T19:45:34.134+0300: 163.371: [GC pause (G1 Humongous Allocation) (young) (initial-mark)
Desired survivor size 66584576 bytes, new threshold 15 (max 15)
- age   1:     261496 bytes,     261496 total
- age   2:         96 bytes,     261592 total
- age   3:      33544 bytes,     295136 total
- age   4:         16 bytes,     295152 total
- age   5:      29032 bytes,     324184 total
- age   6:        664 bytes,     324848 total
- age   7:      47880 bytes,     372728 total
- age   9:      13320 bytes,     386048 total
- age  10:      12248 bytes,     398296 total
- age  11:       9032 bytes,     407328 total
- age  12:       9104 bytes,     416432 total
- age  13:       9032 bytes,     425464 total
- age  14:      18128 bytes,     443592 total
, 0.0044998 secs]
   [Parallel Time: 2.8 ms, GC Workers: 4]
      [GC Worker Start (ms): Min: 163372.1, Avg: 163372.3, Max: 163372.7, Diff: 0.6]
      [Ext Root Scanning (ms): Min: 0.0, Avg: 0.9, Max: 2.6, Diff: 2.5, Sum: 3.8]
      [Update RS (ms): Min: 0.0, Avg: 0.8, Max: 1.1, Diff: 1.1, Sum: 3.2]
         [Processed Buffers: Min: 0, Avg: 8.8, Max: 13, Diff: 13, Sum: 35]
      [Scan RS (ms): Min: 0.0, Avg: 0.0, Max: 0.0, Diff: 0.0, Sum: 0.0]
      [Code Root Scanning (ms): Min: 0.0, Avg: 0.0, Max: 0.0, Diff: 0.0, Sum: 0.0]
      [Object Copy (ms): Min: 0.1, Avg: 0.7, Max: 1.0, Diff: 0.9, Sum: 3.0]
      [Termination (ms): Min: 0.0, Avg: 0.0, Max: 0.1, Diff: 0.1, Sum: 0.2]
         [Termination Attempts: Min: 1, Avg: 1.0, Max: 1, Diff: 0, Sum: 4]
      [GC Worker Other (ms): Min: 0.0, Avg: 0.0, Max: 0.0, Diff: 0.0, Sum: 0.0]
      [GC Worker Total (ms): Min: 2.1, Avg: 2.6, Max: 2.7, Diff: 0.6, Sum: 10.2]
      [GC Worker End (ms): Min: 163374.8, Avg: 163374.8, Max: 163374.8, Diff: 0.0]
   [Code Root Fixup: 0.0 ms]
   [Code Root Purge: 0.0 ms]
   [Clear CT: 0.0 ms]
   [Other: 1.7 ms]
      [Choose CSet: 0.0 ms]
      [Ref Proc: 0.1 ms]
      [Ref Enq: 0.0 ms]
      [Redirty Cards: 0.0 ms]
      [Humongous Register: 0.6 ms]
      [Humongous Reclaim: 0.3 ms]
      [Free CSet: 0.0 ms]
   [Eden: 1024.0K(1012.0M)->0.0B(1008.0M) Survivors: 1024.0K->1024.0K Heap: 3513.9M(5120.0M)->3513.6M(5120.0M)]
 [Times: user=0.02 sys=0.00, real=0.00 secs] 
2016-06-26T19:45:34.139+0300: 163.376: [GC concurrent-root-region-scan-start]
2016-06-26T19:45:34.139+0300: 163.376: Total time for which application threads were stopped: 0.0050844 seconds, Stopping threads took: 0.0000637 seconds
2016-06-26T19:45:34.141+0300: 163.378: [GC concurrent-root-region-scan-end, 0.0022110 secs]
2016-06-26T19:45:34.141+0300: 163.378: [GC concurrent-mark-start]
2016-06-26T19:45:34.156+0300: 163.393: [GC concurrent-mark-end, 0.0146544 secs]
2016-06-26T19:45:34.196+0300: 163.432: [GC remark 2016-06-26T19:45:34.196+0300: 163.432: [Finalize Marking, 0.0003366 secs] 2016-06-26T19:45:34.196+0300: 163.433: [GC ref-proc, 0.0000975 secs] 2016-06-26T19:45:34.196+0300: 163.433: [Unloading, 0.0018359 secs], 0.0267955 secs]
 [Times: user=0.09 sys=0.00, real=0.03 secs] 
2016-06-26T19:45:34.223+0300: 163.459: Total time for which application threads were stopped: 0.0326480 seconds, Stopping threads took: 0.0054941 seconds
2016-06-26T19:45:35.298+0300: 164.534: [GC cleanup 4210M->4210M(5120M), 0.0045173 secs]
 [Times: user=0.00 sys=0.00, real=0.00 secs] 
2016-06-26T19:45:35.302+0300: 164.539: Total time for which application threads were stopped: 0.0187484 seconds, Stopping threads took: 0.0136281 seconds
2016-06-26T19:45:36.233+0300: 165.470: Total time for which application threads were stopped: 0.0074514 seconds, Stopping threads took: 0.0064661 seconds
2016-06-26T19:45:36.715+0300: 165.952: [GC pause (G1 Humongous Allocation) (young)
Desired survivor size 66584576 bytes, new threshold 15 (max 15)
- age   1:         40 bytes,         40 total
- age   2:     261472 bytes,     261512 total
- age   3:         96 bytes,     261608 total
- age   4:      33544 bytes,     295152 total
- age   5:         16 bytes,     295168 total
- age   6:      29032 bytes,     324200 total
- age   7:        664 bytes,     324864 total
- age   8:      47880 bytes,     372744 total
- age  10:      13320 bytes,     386064 total
- age  11:      12248 bytes,     398312 total
- age  12:       9032 bytes,     407344 total
- age  13:       9104 bytes,     416448 total
- age  14:       9032 bytes,     425480 total
- age  15:      18128 bytes,     443608 total
, 0.0586459 secs]
   [Parallel Time: 50.8 ms, GC Workers: 4]
      [GC Worker Start (ms): Min: 165957.6, Avg: 165957.6, Max: 165957.6, Diff: 0.0]
      [Ext Root Scanning (ms): Min: 0.5, Avg: 0.5, Max: 0.6, Diff: 0.1, Sum: 2.0]
      [Update RS (ms): Min: 49.7, Avg: 49.7, Max: 49.7, Diff: 0.0, Sum: 198.9]
         [Processed Buffers: Min: 507, Avg: 518.5, Max: 529, Diff: 22, Sum: 2074]
      [Scan RS (ms): Min: 0.0, Avg: 0.0, Max: 0.0, Diff: 0.0, Sum: 0.0]
      [Code Root Scanning (ms): Min: 0.0, Avg: 0.0, Max: 0.1, Diff: 0.1, Sum: 0.1]
      [Object Copy (ms): Min: 0.4, Avg: 0.5, Max: 0.5, Diff: 0.2, Sum: 1.8]
      [Termination (ms): Min: 0.0, Avg: 0.0, Max: 0.0, Diff: 0.0, Sum: 0.0]
         [Termination Attempts: Min: 1, Avg: 1.0, Max: 1, Diff: 0, Sum: 4]
      [GC Worker Other (ms): Min: 0.0, Avg: 0.0, Max: 0.0, Diff: 0.0, Sum: 0.1]
      [GC Worker Total (ms): Min: 50.7, Avg: 50.7, Max: 50.7, Diff: 0.0, Sum: 202.9]
      [GC Worker End (ms): Min: 166008.3, Avg: 166008.3, Max: 166008.3, Diff: 0.0]
   [Code Root Fixup: 0.0 ms]
   [Code Root Purge: 0.0 ms]
   [Clear CT: 0.0 ms]
   [Other: 7.8 ms]
      [Choose CSet: 0.0 ms]
      [Ref Proc: 0.1 ms]
      [Ref Enq: 0.0 ms]
      [Redirty Cards: 0.0 ms]
      [Humongous Register: 0.8 ms]
      [Humongous Reclaim: 1.8 ms]
      [Free CSet: 0.0 ms]
   [Eden: 64.0M(1008.0M)->0.0B(772.0M) Survivors: 1024.0K->1024.0K Heap: 4979.9M(5120.0M)->3743.8M(5120.0M)]
 [Times: user=0.20 sys=0.00, real=0.06 secs] 
2016-06-26T19:45:36.774+0300: 166.011: Total time for which application threads were stopped: 0.0640536 seconds, Stopping threads took: 0.0043877 seconds
2016-06-26T19:45:36.775+0300: 166.012: [GC pause (G1 Humongous Allocation) (young) (initial-mark)
Desired survivor size 50855936 bytes, new threshold 15 (max 15)
- age   1:      40496 bytes,      40496 total
- age   2:         16 bytes,      40512 total
- age   3:      35224 bytes,      75736 total
- age   4:         96 bytes,      75832 total
- age   5:      30544 bytes,     106376 total
- age   6:         16 bytes,     106392 total
- age   7:      25808 bytes,     132200 total
- age   8:        664 bytes,     132864 total
- age   9:      44896 bytes,     177760 total
- age  11:      11656 bytes,     189416 total
- age  12:      11344 bytes,     200760 total
- age  13:       9032 bytes,     209792 total
- age  14:       9032 bytes,     218824 total
- age  15:       9032 bytes,     227856 total
, 0.0027340 secs]
   [Parallel Time: 1.0 ms, GC Workers: 4]
      [GC Worker Start (ms): Min: 166012.5, Avg: 166012.5, Max: 166012.6, Diff: 0.0]
      [Ext Root Scanning (ms): Min: 0.5, Avg: 0.5, Max: 0.5, Diff: 0.0, Sum: 1.8]
      [Update RS (ms): Min: 0.0, Avg: 0.1, Max: 0.1, Diff: 0.1, Sum: 0.2]
         [Processed Buffers: Min: 1, Avg: 1.3, Max: 2, Diff: 1, Sum: 5]
      [Scan RS (ms): Min: 0.0, Avg: 0.0, Max: 0.0, Diff: 0.0, Sum: 0.0]
      [Code Root Scanning (ms): Min: 0.0, Avg: 0.0, Max: 0.1, Diff: 0.1, Sum: 0.1]
      [Object Copy (ms): Min: 0.4, Avg: 0.5, Max: 0.5, Diff: 0.1, Sum: 1.8]
      [Termination (ms): Min: 0.0, Avg: 0.0, Max: 0.0, Diff: 0.0, Sum: 0.0]
         [Termination Attempts: Min: 1, Avg: 1.0, Max: 1, Diff: 0, Sum: 4]
      [GC Worker Other (ms): Min: 0.0, Avg: 0.0, Max: 0.0, Diff: 0.0, Sum: 0.0]
      [GC Worker Total (ms): Min: 1.0, Avg: 1.0, Max: 1.0, Diff: 0.0, Sum: 4.0]
      [GC Worker End (ms): Min: 166013.5, Avg: 166013.5, Max: 166013.5, Diff: 0.0]
   [Code Root Fixup: 0.0 ms]
   [Code Root Purge: 0.0 ms]
   [Clear CT: 0.0 ms]
   [Other: 1.6 ms]
      [Choose CSet: 0.0 ms]
      [Ref Proc: 0.1 ms]
      [Ref Enq: 0.0 ms]
      [Redirty Cards: 0.0 ms]
      [Humongous Register: 0.7 ms]
      [Humongous Reclaim: 0.3 ms]
      [Free CSet: 0.0 ms]
   [Eden: 1024.0K(772.0M)->0.0B(770.0M) Survivors: 1024.0K->1024.0K Heap: 3746.3M(5120.0M)->3745.6M(5120.0M)]
 [Times: user=0.00 sys=0.00, real=0.00 secs] 
2016-06-26T19:45:36.778+0300: 166.015: [GC concurrent-root-region-scan-start]
2016-06-26T19:45:36.778+0300: 166.015: Total time for which application threads were stopped: 0.0039105 seconds, Stopping threads took: 0.0001103 seconds
2016-06-26T19:45:36.779+0300: 166.016: [GC concurrent-root-region-scan-end, 0.0014626 secs]
2016-06-26T19:45:36.779+0300: 166.016: [GC concurrent-mark-start]
2016-06-26T19:45:36.793+0300: 166.030: [GC concurrent-mark-end, 0.0136439 secs]
2016-06-26T19:45:36.795+0300: 166.032: [GC remark 2016-06-26T19:45:36.795+0300: 166.032: [Finalize Marking, 0.0002724 secs] 2016-06-26T19:45:36.795+0300: 166.032: [GC ref-proc, 0.0001048 secs] 2016-06-26T19:45:36.795+0300: 166.032: [Unloading, 0.0017004 secs], 0.0237391 secs]
 [Times: user=0.06 sys=0.00, real=0.02 secs] 
2016-06-26T19:45:36.819+0300: 166.056: Total time for which application threads were stopped: 0.0242411 seconds, Stopping threads took: 0.0000676 seconds
2016-06-26T19:45:36.821+0300: 166.058: [GC cleanup 3756M->3756M(5120M), 0.0024795 secs]
 [Times: user=0.00 sys=0.00, real=0.00 secs] 
2016-06-26T19:45:36.823+0300: 166.060: Total time for which application threads were stopped: 0.0029752 seconds, Stopping threads took: 0.0000543 seconds
2016-06-26T19:45:37.230+0300: 166.467: Total time for which application threads were stopped: 0.0037843 seconds, Stopping threads took: 0.0027015 seconds
2016-06-26T19:45:38.243+0300: 167.479: Total time for which application threads were stopped: 0.0136734 seconds, Stopping threads took: 0.0126303 seconds
2016-06-26T19:45:38.921+0300: 168.158: [GC pause (G1 Humongous Allocation) (young)
Desired survivor size 50855936 bytes, new threshold 15 (max 15)
- age   1:         96 bytes,         96 total
- age   2:      40472 bytes,      40568 total
- age   3:         16 bytes,      40584 total
- age   4:      35224 bytes,      75808 total
- age   5:         96 bytes,      75904 total
- age   6:      30544 bytes,     106448 total
- age   7:         16 bytes,     106464 total
- age   8:      25808 bytes,     132272 total
- age   9:        664 bytes,     132936 total
- age  10:      44896 bytes,     177832 total
- age  12:      11656 bytes,     189488 total
- age  13:      11344 bytes,     200832 total
- age  14:       9032 bytes,     209864 total
- age  15:       9032 bytes,     218896 total
, 0.0611417 secs]
   [Parallel Time: 52.2 ms, GC Workers: 4]
      [GC Worker Start (ms): Min: 168163.7, Avg: 168163.7, Max: 168163.8, Diff: 0.0]
      [Ext Root Scanning (ms): Min: 0.3, Avg: 0.3, Max: 0.3, Diff: 0.0, Sum: 1.3]
      [Update RS (ms): Min: 51.3, Avg: 51.4, Max: 51.4, Diff: 0.0, Sum: 205.4]
         [Processed Buffers: Min: 488, Avg: 522.0, Max: 539, Diff: 51, Sum: 2088]
      [Scan RS (ms): Min: 0.0, Avg: 0.0, Max: 0.0, Diff: 0.0, Sum: 0.0]
      [Code Root Scanning (ms): Min: 0.0, Avg: 0.0, Max: 0.1, Diff: 0.1, Sum: 0.1]
      [Object Copy (ms): Min: 0.4, Avg: 0.4, Max: 0.5, Diff: 0.1, Sum: 1.7]
      [Termination (ms): Min: 0.0, Avg: 0.0, Max: 0.0, Diff: 0.0, Sum: 0.0]
         [Termination Attempts: Min: 1, Avg: 1.0, Max: 1, Diff: 0, Sum: 4]
      [GC Worker Other (ms): Min: 0.0, Avg: 0.0, Max: 0.0, Diff: 0.0, Sum: 0.1]
      [GC Worker Total (ms): Min: 52.1, Avg: 52.2, Max: 52.2, Diff: 0.0, Sum: 208.6]
      [GC Worker End (ms): Min: 168215.9, Avg: 168215.9, Max: 168215.9, Diff: 0.0]
   [Code Root Fixup: 0.0 ms]
   [Code Root Purge: 0.0 ms]
   [Clear CT: 0.0 ms]
   [Other: 8.9 ms]
      [Choose CSet: 0.0 ms]
      [Ref Proc: 0.0 ms]
      [Ref Enq: 0.0 ms]
      [Redirty Cards: 0.0 ms]
      [Humongous Register: 0.8 ms]
      [Humongous Reclaim: 2.7 ms]
      [Free CSet: 0.1 ms]
   [Eden: 63.0M(770.0M)->0.0B(1190.0M) Survivors: 1024.0K->1024.0K Heap: 4980.5M(5120.0M)->3335.6M(5120.0M)]
 [Times: user=0.19 sys=0.00, real=0.06 secs] 
2016-06-26T19:45:38.982+0300: 168.219: Total time for which application threads were stopped: 0.0619525 seconds, Stopping threads took: 0.0001163 seconds
2016-06-26T19:45:38.983+0300: 168.220: [GC pause (G1 Humongous Allocation) (young) (initial-mark)
Desired survivor size 78118912 bytes, new threshold 15 (max 15)
- age   1:      45560 bytes,      45560 total
- age   2:         72 bytes,      45632 total
- age   3:      32760 bytes,      78392 total
- age   4:         16 bytes,      78408 total
- age   5:      30448 bytes,     108856 total
- age   7:      25312 bytes,     134168 total
- age   9:      22264 bytes,     156432 total
- age  10:        640 bytes,     157072 total
- age  11:      43464 bytes,     200536 total
- age  13:      11000 bytes,     211536 total
- age  14:      11256 bytes,     222792 total
- age  15:       9032 bytes,     231824 total
, 0.0027143 secs]
   [Parallel Time: 0.9 ms, GC Workers: 4]
      [GC Worker Start (ms): Min: 168220.6, Avg: 168220.6, Max: 168220.6, Diff: 0.0]
      [Ext Root Scanning (ms): Min: 0.4, Avg: 0.4, Max: 0.4, Diff: 0.0, Sum: 1.5]
      [Update RS (ms): Min: 0.0, Avg: 0.0, Max: 0.1, Diff: 0.1, Sum: 0.2]
         [Processed Buffers: Min: 0, Avg: 1.0, Max: 2, Diff: 2, Sum: 4]
      [Scan RS (ms): Min: 0.0, Avg: 0.0, Max: 0.0, Diff: 0.0, Sum: 0.0]
      [Code Root Scanning (ms): Min: 0.0, Avg: 0.0, Max: 0.1, Diff: 0.1, Sum: 0.1]
      [Object Copy (ms): Min: 0.4, Avg: 0.4, Max: 0.5, Diff: 0.1, Sum: 1.7]
      [Termination (ms): Min: 0.0, Avg: 0.0, Max: 0.0, Diff: 0.0, Sum: 0.0]
         [Termination Attempts: Min: 1, Avg: 1.0, Max: 1, Diff: 0, Sum: 4]
      [GC Worker Other (ms): Min: 0.0, Avg: 0.0, Max: 0.0, Diff: 0.0, Sum: 0.0]
      [GC Worker Total (ms): Min: 0.9, Avg: 0.9, Max: 0.9, Diff: 0.0, Sum: 3.5]
      [GC Worker End (ms): Min: 168221.4, Avg: 168221.4, Max: 168221.4, Diff: 0.0]
   [Code Root Fixup: 0.0 ms]
   [Code Root Purge: 0.0 ms]
   [Clear CT: 0.0 ms]
   [Other: 1.7 ms]
      [Choose CSet: 0.0 ms]
      [Ref Proc: 0.0 ms]
      [Ref Enq: 0.0 ms]
      [Redirty Cards: 0.0 ms]
      [Humongous Register: 0.6 ms]
      [Humongous Reclaim: 0.2 ms]
      [Free CSet: 0.0 ms]
   [Eden: 1024.0K(1190.0M)->0.0B(1188.0M) Survivors: 1024.0K->1024.0K Heap: 3338.0M(5120.0M)->3337.5M(5120.0M)]
 [Times: user=0.00 sys=0.00, real=0.00 secs] 
2016-06-26T19:45:38.986+0300: 168.222: [GC concurrent-root-region-scan-start]
2016-06-26T19:45:38.986+0300: 168.222: Total time for which application threads were stopped: 0.0032117 seconds, Stopping threads took: 0.0001591 seconds
2016-06-26T19:45:38.987+0300: 168.224: [GC concurrent-root-region-scan-end, 0.0014497 secs]
2016-06-26T19:45:38.987+0300: 168.224: [GC concurrent-mark-start]
2016-06-26T19:45:39.002+0300: 168.239: [GC concurrent-mark-end, 0.0147626 secs]
2016-06-26T19:45:39.032+0300: 168.269: [GC remark 2016-06-26T19:45:39.032+0300: 168.269: [Finalize Marking, 0.0003374 secs] 2016-06-26T19:45:39.032+0300: 168.269: [GC ref-proc, 0.0001133 secs] 2016-06-26T19:45:39.033+0300: 168.269: [Unloading, 0.0015242 secs], 0.0204145 secs]
 [Times: user=0.06 sys=0.00, real=0.02 secs] 
2016-06-26T19:45:39.053+0300: 168.289: Total time for which application threads were stopped: 0.0214473 seconds, Stopping threads took: 0.0007711 seconds
2016-06-26T19:45:39.056+0300: 168.292: [GC cleanup 3367M->3367M(5120M), 0.0022927 secs]
 [Times: user=0.00 sys=0.00, real=0.00 secs] 
2016-06-26T19:45:39.058+0300: 168.295: Total time for which application threads were stopped: 0.0026224 seconds, Stopping threads took: 0.0000620 seconds
2016-06-26T19:45:39.242+0300: 168.478: Total time for which application threads were stopped: 0.0128095 seconds, Stopping threads took: 0.0121907 seconds
2016-06-26T19:45:40.258+0300: 169.494: Total time for which application threads were stopped: 0.0156132 seconds, Stopping threads took: 0.0152835 seconds
2016-06-26T19:45:41.768+0300: 171.004: [GC pause (G1 Humongous Allocation) (young)
Desired survivor size 78118912 bytes, new threshold 15 (max 15)
- age   1:         48 bytes,         48 total
- age   2:      45560 bytes,      45608 total
- age   3:         72 bytes,      45680 total
- age   4:      32760 bytes,      78440 total
- age   5:         16 bytes,      78456 total
- age   6:      30448 bytes,     108904 total
- age   8:      25312 bytes,     134216 total
- age  10:      22264 bytes,     156480 total
- age  11:        640 bytes,     157120 total
- age  12:      43464 bytes,     200584 total
- age  14:      11000 bytes,     211584 total
- age  15:      11256 bytes,     222840 total
, 0.0602531 secs]
   [Parallel Time: 50.0 ms, GC Workers: 4]
      [GC Worker Start (ms): Min: 171012.3, Avg: 171012.3, Max: 171012.3, Diff: 0.0]
      [Ext Root Scanning (ms): Min: 0.4, Avg: 0.4, Max: 0.4, Diff: 0.0, Sum: 1.6]
      [Update RS (ms): Min: 49.0, Avg: 49.0, Max: 49.1, Diff: 0.1, Sum: 196.2]
         [Processed Buffers: Min: 513, Avg: 518.3, Max: 525, Diff: 12, Sum: 2073]
      [Scan RS (ms): Min: 0.0, Avg: 0.0, Max: 0.0, Diff: 0.0, Sum: 0.1]
      [Code Root Scanning (ms): Min: 0.0, Avg: 0.0, Max: 0.1, Diff: 0.1, Sum: 0.1]
      [Object Copy (ms): Min: 0.4, Avg: 0.4, Max: 0.5, Diff: 0.1, Sum: 1.8]
      [Termination (ms): Min: 0.0, Avg: 0.0, Max: 0.0, Diff: 0.0, Sum: 0.0]
         [Termination Attempts: Min: 1, Avg: 1.0, Max: 1, Diff: 0, Sum: 4]
      [GC Worker Other (ms): Min: 0.0, Avg: 0.0, Max: 0.0, Diff: 0.0, Sum: 0.1]
      [GC Worker Total (ms): Min: 49.9, Avg: 49.9, Max: 50.0, Diff: 0.0, Sum: 199.8]
      [GC Worker End (ms): Min: 171062.2, Avg: 171062.2, Max: 171062.2, Diff: 0.0]
   [Code Root Fixup: 0.0 ms]
   [Code Root Purge: 0.0 ms]
   [Clear CT: 0.0 ms]
   [Other: 10.2 ms]
      [Choose CSet: 0.0 ms]
      [Ref Proc: 0.0 ms]
      [Ref Enq: 0.0 ms]
      [Redirty Cards: 0.0 ms]
      [Humongous Register: 0.8 ms]
      [Humongous Reclaim: 2.0 ms]
      [Free CSet: 0.1 ms]
   [Eden: 64.0M(1188.0M)->0.0B(892.0M) Survivors: 1024.0K->1024.0K Heap: 4979.2M(5120.0M)->3626.6M(5120.0M)]
 [Times: user=0.19 sys=0.00, real=0.06 secs] 
2016-06-26T19:45:41.828+0300: 171.065: Total time for which application threads were stopped: 0.0654657 seconds, Stopping threads took: 0.0041752 seconds
2016-06-26T19:45:41.836+0300: 171.072: [GC pause (G1 Humongous Allocation) (young) (initial-mark)
Desired survivor size 58720256 bytes, new threshold 15 (max 15)
- age   1:      40704 bytes,      40704 total
- age   2:         24 bytes,      40728 total
- age   3:      37480 bytes,      78208 total
- age   4:         16 bytes,      78224 total
- age   5:      28392 bytes,     106616 total
- age   6:         16 bytes,     106632 total
- age   7:      27008 bytes,     133640 total
- age   9:      23656 bytes,     157296 total
- age  11:      20896 bytes,     178192 total
- age  12:        640 bytes,     178832 total
- age  13:      43136 bytes,     221968 total
- age  15:      11000 bytes,     232968 total
, 0.0032373 secs]
   [Parallel Time: 1.4 ms, GC Workers: 4]
      [GC Worker Start (ms): Min: 171073.3, Avg: 171073.3, Max: 171073.3, Diff: 0.0]
      [Ext Root Scanning (ms): Min: 0.5, Avg: 0.5, Max: 0.5, Diff: 0.0, Sum: 1.9]
      [Update RS (ms): Min: 0.4, Avg: 0.4, Max: 0.5, Diff: 0.1, Sum: 1.7]
         [Processed Buffers: Min: 4, Avg: 5.0, Max: 6, Diff: 2, Sum: 20]
      [Scan RS (ms): Min: 0.0, Avg: 0.0, Max: 0.0, Diff: 0.0, Sum: 0.0]
      [Code Root Scanning (ms): Min: 0.0, Avg: 0.0, Max: 0.1, Diff: 0.1, Sum: 0.1]
      [Object Copy (ms): Min: 0.4, Avg: 0.4, Max: 0.5, Diff: 0.1, Sum: 1.8]
      [Termination (ms): Min: 0.0, Avg: 0.0, Max: 0.0, Diff: 0.0, Sum: 0.0]
         [Termination Attempts: Min: 1, Avg: 1.0, Max: 1, Diff: 0, Sum: 4]
      [GC Worker Other (ms): Min: 0.0, Avg: 0.0, Max: 0.0, Diff: 0.0, Sum: 0.0]
      [GC Worker Total (ms): Min: 1.4, Avg: 1.4, Max: 1.4, Diff: 0.0, Sum: 5.5]
      [GC Worker End (ms): Min: 171074.7, Avg: 171074.7, Max: 171074.7, Diff: 0.0]
   [Code Root Fixup: 0.0 ms]
   [Code Root Purge: 0.0 ms]
   [Clear CT: 0.0 ms]
   [Other: 1.7 ms]
      [Choose CSet: 0.0 ms]
      [Ref Proc: 0.1 ms]
      [Ref Enq: 0.0 ms]
      [Redirty Cards: 0.0 ms]
      [Humongous Register: 0.7 ms]
      [Humongous Reclaim: 0.3 ms]
      [Free CSet: 0.0 ms]
   [Eden: 2048.0K(892.0M)->0.0B(886.0M) Survivors: 1024.0K->1024.0K Heap: 3629.6M(5120.0M)->3628.5M(5120.0M)]
 [Times: user=0.00 sys=0.00, real=0.00 secs] 
2016-06-26T19:45:41.839+0300: 171.076: [GC concurrent-root-region-scan-start]
2016-06-26T19:45:41.839+0300: 171.076: Total time for which application threads were stopped: 0.0039541 seconds, Stopping threads took: 0.0000783 seconds
2016-06-26T19:45:41.841+0300: 171.077: [GC concurrent-root-region-scan-end, 0.0015485 secs]
2016-06-26T19:45:41.841+0300: 171.077: [GC concurrent-mark-start]
2016-06-26T19:45:41.863+0300: 171.100: [GC concurrent-mark-end, 0.0196571 secs]
2016-06-26T19:45:41.876+0300: 171.113: [GC remark 2016-06-26T19:45:41.876+0300: 171.113: [Finalize Marking, 0.0003464 secs] 2016-06-26T19:45:41.876+0300: 171.113: [GC ref-proc, 0.0001043 secs] 2016-06-26T19:45:41.876+0300: 171.113: [Unloading, 0.0017624 secs], 0.0220370 secs]
 [Times: user=0.06 sys=0.00, real=0.02 secs] 
2016-06-26T19:45:41.898+0300: 171.135: Total time for which application threads were stopped: 0.0248493 seconds, Stopping threads took: 0.0023855 seconds
2016-06-26T19:45:42.234+0300: 171.470: Total time for which application threads were stopped: 0.0047136 seconds, Stopping threads took: 0.0037334 seconds
2016-06-26T19:45:43.240+0300: 172.477: Total time for which application threads were stopped: 0.0103710 seconds, Stopping threads took: 0.0093182 seconds
2016-06-26T19:45:44.216+0300: 173.453: [GC pause (G1 Humongous Allocation) (young)
Desired survivor size 58195968 bytes, new threshold 15 (max 15)
- age   1:       9376 bytes,       9376 total
- age   2:      40680 bytes,      50056 total
- age   3:         24 bytes,      50080 total
- age   4:      37480 bytes,      87560 total
- age   5:         16 bytes,      87576 total
- age   6:      28392 bytes,     115968 total
- age   7:         16 bytes,     115984 total
- age   8:      27008 bytes,     142992 total
- age  10:      23656 bytes,     166648 total
- age  12:      20896 bytes,     187544 total
- age  13:        640 bytes,     188184 total
- age  14:      43136 bytes,     231320 total
, 0.0542287 secs]
   [Parallel Time: 46.7 ms, GC Workers: 4]
      [GC Worker Start (ms): Min: 173458.2, Avg: 173458.2, Max: 173458.2, Diff: 0.0]
      [Ext Root Scanning (ms): Min: 0.4, Avg: 0.5, Max: 0.5, Diff: 0.0, Sum: 1.8]
      [Update RS (ms): Min: 45.6, Avg: 45.6, Max: 45.7, Diff: 0.1, Sum: 182.6]
         [Processed Buffers: Min: 481, Avg: 488.8, Max: 496, Diff: 15, Sum: 1955]
      [Scan RS (ms): Min: 0.0, Avg: 0.0, Max: 0.0, Diff: 0.0, Sum: 0.1]
      [Code Root Scanning (ms): Min: 0.0, Avg: 0.0, Max: 0.1, Diff: 0.1, Sum: 0.1]
      [Object Copy (ms): Min: 0.5, Avg: 0.5, Max: 0.6, Diff: 0.1, Sum: 2.1]
      [Termination (ms): Min: 0.0, Avg: 0.0, Max: 0.0, Diff: 0.0, Sum: 0.0]
         [Termination Attempts: Min: 1, Avg: 1.0, Max: 1, Diff: 0, Sum: 4]
      [GC Worker Other (ms): Min: 0.0, Avg: 0.0, Max: 0.0, Diff: 0.0, Sum: 0.1]
      [GC Worker Total (ms): Min: 46.6, Avg: 46.7, Max: 46.7, Diff: 0.0, Sum: 186.6]
      [GC Worker End (ms): Min: 173504.9, Avg: 173504.9, Max: 173504.9, Diff: 0.0]
   [Code Root Fixup: 0.0 ms]
   [Code Root Purge: 0.0 ms]
   [Clear CT: 0.0 ms]
   [Other: 7.5 ms]
      [Choose CSet: 0.0 ms]
      [Ref Proc: 0.0 ms]
      [Ref Enq: 0.0 ms]
      [Redirty Cards: 0.0 ms]
      [Humongous Register: 0.8 ms]
      [Humongous Reclaim: 1.9 ms]
      [Free CSet: 0.1 ms]
   [Eden: 61.0M(886.0M)->0.0B(914.0M) Survivors: 1024.0K->1024.0K Heap: 4979.9M(5120.0M)->3601.3M(5120.0M)]
 [Times: user=0.20 sys=0.00, real=0.05 secs] 
2016-06-26T19:45:44.271+0300: 173.507: Total time for which application threads were stopped: 0.0610853 seconds, Stopping threads took: 0.0060432 seconds
2016-06-26T19:45:45.071+0300: 174.308: [GC cleanup 4181M->4181M(5120M), 0.0022324 secs]
 [Times: user=0.00 sys=0.00, real=0.00 secs] 
2016-06-26T19:45:45.074+0300: 174.310: Total time for which application threads were stopped: 0.0075819 seconds, Stopping threads took: 0.0048517 seconds
2016-06-26T19:45:45.116+0300: 174.353: Total time for which application threads were stopped: 0.0014557 seconds, Stopping threads took: 0.0010952 seconds
2016-06-26T19:45:45.258+0300: 174.495: Total time for which application threads were stopped: 0.0020784 seconds, Stopping threads took: 0.0011038 seconds
2016-06-26T19:45:46.266+0300: 175.502: Total time for which application threads were stopped: 0.0071038 seconds, Stopping threads took: 0.0067800 seconds
2016-06-26T19:45:46.467+0300: 175.704: [GC pause (G1 Humongous Allocation) (young)
Desired survivor size 60293120 bytes, new threshold 15 (max 15)
- age   1:      92408 bytes,      92408 total
- age   2:       9352 bytes,     101760 total
- age   3:      33184 bytes,     134944 total
- age   4:         24 bytes,     134968 total
- age   5:      32960 bytes,     167928 total
- age   7:      25344 bytes,     193272 total
- age   8:         16 bytes,     193288 total
- age   9:      24224 bytes,     217512 total
- age  11:      22344 bytes,     239856 total
- age  13:      20048 bytes,     259904 total
- age  14:        640 bytes,     260544 total
- age  15:      42920 bytes,     303464 total
, 0.0580429 secs]
   [Parallel Time: 50.0 ms, GC Workers: 4]
      [GC Worker Start (ms): Min: 175709.7, Avg: 175709.7, Max: 175709.7, Diff: 0.0]
      [Ext Root Scanning (ms): Min: 0.3, Avg: 0.3, Max: 0.3, Diff: 0.0, Sum: 1.4]
      [Update RS (ms): Min: 48.8, Avg: 48.8, Max: 48.9, Diff: 0.1, Sum: 195.3]
         [Processed Buffers: Min: 504, Avg: 514.8, Max: 525, Diff: 21, Sum: 2059]
      [Scan RS (ms): Min: 0.0, Avg: 0.0, Max: 0.0, Diff: 0.0, Sum: 0.1]
      [Code Root Scanning (ms): Min: 0.0, Avg: 0.0, Max: 0.1, Diff: 0.1, Sum: 0.1]
      [Object Copy (ms): Min: 0.7, Avg: 0.8, Max: 0.8, Diff: 0.1, Sum: 3.1]
      [Termination (ms): Min: 0.0, Avg: 0.0, Max: 0.0, Diff: 0.0, Sum: 0.0]
         [Termination Attempts: Min: 1, Avg: 1.0, Max: 1, Diff: 0, Sum: 4]
      [GC Worker Other (ms): Min: 0.0, Avg: 0.0, Max: 0.0, Diff: 0.0, Sum: 0.1]
      [GC Worker Total (ms): Min: 50.0, Avg: 50.0, Max: 50.0, Diff: 0.0, Sum: 199.9]
      [GC Worker End (ms): Min: 175759.7, Avg: 175759.7, Max: 175759.7, Diff: 0.0]
   [Code Root Fixup: 0.0 ms]
   [Code Root Purge: 0.0 ms]
   [Clear CT: 0.0 ms]
   [Other: 8.0 ms]
      [Choose CSet: 0.0 ms]
      [Ref Proc: 0.0 ms]
      [Ref Enq: 0.0 ms]
      [Redirty Cards: 0.0 ms]
      [Humongous Register: 0.8 ms]
      [Humongous Reclaim: 2.0 ms]
      [Free CSet: 0.0 ms]
   [Eden: 63.0M(914.0M)->0.0B(977.0M) Survivors: 1024.0K->1024.0K Heap: 4980.7M(5120.0M)->3540.9M(5120.0M)]
 [Times: user=0.19 sys=0.00, real=0.06 secs] 
2016-06-26T19:45:46.526+0300: 175.762: Total time for which application threads were stopped: 0.0608980 seconds, Stopping threads took: 0.0020403 seconds
2016-06-26T19:45:46.539+0300: 175.775: [GC pause (G1 Humongous Allocation) (young) (initial-mark)
Desired survivor size 64487424 bytes, new threshold 15 (max 15)
- age   1:     221440 bytes,     221440 total
- age   2:      18760 bytes,     240200 total
- age   3:       9336 bytes,     249536 total
- age   4:      29448 bytes,     278984 total
- age   5:         24 bytes,     279008 total
- age   6:      29104 bytes,     308112 total
- age   8:      21984 bytes,     330096 total
- age  10:      21984 bytes,     352080 total
- age  12:      21968 bytes,     374048 total
- age  14:      19912 bytes,     393960 total
- age  15:        640 bytes,     394600 total
, 0.0043997 secs]
   [Parallel Time: 2.6 ms, GC Workers: 4]
      [GC Worker Start (ms): Min: 175776.5, Avg: 175776.6, Max: 175777.0, Diff: 0.5]
      [Ext Root Scanning (ms): Min: 0.0, Avg: 0.9, Max: 2.4, Diff: 2.3, Sum: 3.5]
      [Update RS (ms): Min: 0.0, Avg: 0.7, Max: 1.0, Diff: 1.0, Sum: 2.8]
         [Processed Buffers: Min: 0, Avg: 7.8, Max: 11, Diff: 11, Sum: 31]
      [Scan RS (ms): Min: 0.0, Avg: 0.0, Max: 0.0, Diff: 0.0, Sum: 0.0]
      [Code Root Scanning (ms): Min: 0.0, Avg: 0.0, Max: 0.1, Diff: 0.1, Sum: 0.1]
      [Object Copy (ms): Min: 0.2, Avg: 0.7, Max: 1.0, Diff: 0.9, Sum: 2.8]
      [Termination (ms): Min: 0.0, Avg: 0.1, Max: 0.2, Diff: 0.2, Sum: 0.5]
         [Termination Attempts: Min: 1, Avg: 1.3, Max: 2, Diff: 1, Sum: 5]
      [GC Worker Other (ms): Min: 0.0, Avg: 0.0, Max: 0.0, Diff: 0.0, Sum: 0.0]
      [GC Worker Total (ms): Min: 2.0, Avg: 2.4, Max: 2.6, Diff: 0.5, Sum: 9.7]
      [GC Worker End (ms): Min: 175779.1, Avg: 175779.1, Max: 175779.1, Diff: 0.0]
   [Code Root Fixup: 0.0 ms]
   [Code Root Purge: 0.0 ms]
   [Clear CT: 0.0 ms]
   [Other: 1.7 ms]
      [Choose CSet: 0.0 ms]
      [Ref Proc: 0.1 ms]
      [Ref Enq: 0.0 ms]
      [Redirty Cards: 0.0 ms]
      [Humongous Register: 0.6 ms]
      [Humongous Reclaim: 0.3 ms]
      [Free CSet: 0.0 ms]
   [Eden: 1024.0K(977.0M)->0.0B(974.0M) Survivors: 1024.0K->1024.0K Heap: 3545.8M(5120.0M)->3544.9M(5120.0M)]
 [Times: user=0.00 sys=0.00, real=0.00 secs] 
2016-06-26T19:45:46.544+0300: 175.780: [GC concurrent-root-region-scan-start]
2016-06-26T19:45:46.544+0300: 175.780: Total time for which application threads were stopped: 0.0053902 seconds, Stopping threads took: 0.0004555 seconds
2016-06-26T19:45:46.546+0300: 175.782: [GC concurrent-root-region-scan-end, 0.0021763 secs]
2016-06-26T19:45:46.546+0300: 175.782: [GC concurrent-mark-start]
2016-06-26T19:45:46.561+0300: 175.798: [GC concurrent-mark-end, 0.0142730 secs]
2016-06-26T19:45:46.591+0300: 175.827: [GC remark 2016-06-26T19:45:46.591+0300: 175.827: [Finalize Marking, 0.0003417 secs] 2016-06-26T19:45:46.591+0300: 175.828: [GC ref-proc, 0.0000996 secs] 2016-06-26T19:45:46.591+0300: 175.828: [Unloading, 0.0015870 secs], 0.0215247 secs]
 [Times: user=0.13 sys=0.00, real=0.02 secs] 
2016-06-26T19:45:46.612+0300: 175.849: Total time for which application threads were stopped: 0.0234543 seconds, Stopping threads took: 0.0016379 seconds
2016-06-26T19:45:46.618+0300: 175.854: [GC cleanup 3570M->3570M(5120M), 0.0021815 secs]
 [Times: user=0.00 sys=0.00, real=0.00 secs] 
2016-06-26T19:45:46.620+0300: 175.857: Total time for which application threads were stopped: 0.0025373 seconds, Stopping threads took: 0.0000654 seconds
2016-06-26T19:45:46.814+0300: 176.051: [GC pause (G1 Humongous Allocation) (young) (initial-mark)
Desired survivor size 63963136 bytes, new threshold 15 (max 15)
- age   1:         80 bytes,         80 total
- age   2:     221392 bytes,     221472 total
- age   3:      18760 bytes,     240232 total
- age   4:       9336 bytes,     249568 total
- age   5:      29448 bytes,     279016 total
- age   6:         24 bytes,     279040 total
- age   7:      29104 bytes,     308144 total
- age   9:      21984 bytes,     330128 total
- age  11:      21984 bytes,     352112 total
- age  13:      21968 bytes,     374080 total
- age  15:      19912 bytes,     393992 total
, 0.0133680 secs]
   [Parallel Time: 10.5 ms, GC Workers: 4]
      [GC Worker Start (ms): Min: 176052.6, Avg: 176052.6, Max: 176052.6, Diff: 0.1]
      [Ext Root Scanning (ms): Min: 0.4, Avg: 0.4, Max: 0.4, Diff: 0.1, Sum: 1.6]
      [Update RS (ms): Min: 9.5, Avg: 9.5, Max: 9.5, Diff: 0.1, Sum: 38.1]
         [Processed Buffers: Min: 100, Avg: 101.3, Max: 102, Diff: 2, Sum: 405]
      [Scan RS (ms): Min: 0.0, Avg: 0.0, Max: 0.0, Diff: 0.0, Sum: 0.0]
      [Code Root Scanning (ms): Min: 0.0, Avg: 0.0, Max: 0.1, Diff: 0.1, Sum: 0.1]
      [Object Copy (ms): Min: 0.4, Avg: 0.5, Max: 0.5, Diff: 0.0, Sum: 1.8]
      [Termination (ms): Min: 0.0, Avg: 0.0, Max: 0.0, Diff: 0.0, Sum: 0.0]
         [Termination Attempts: Min: 1, Avg: 1.5, Max: 2, Diff: 1, Sum: 6]
      [GC Worker Other (ms): Min: 0.0, Avg: 0.0, Max: 0.0, Diff: 0.0, Sum: 0.0]
      [GC Worker Total (ms): Min: 10.4, Avg: 10.4, Max: 10.4, Diff: 0.1, Sum: 41.6]
      [GC Worker End (ms): Min: 176063.0, Avg: 176063.0, Max: 176063.0, Diff: 0.0]
   [Code Root Fixup: 0.0 ms]
   [Code Root Purge: 0.0 ms]
   [Clear CT: 0.0 ms]
   [Other: 2.9 ms]
      [Choose CSet: 0.0 ms]
      [Ref Proc: 0.0 ms]
      [Ref Enq: 0.0 ms]
      [Redirty Cards: 0.0 ms]
      [Humongous Register: 0.7 ms]
      [Humongous Reclaim: 0.5 ms]
      [Free CSet: 0.0 ms]
   [Eden: 12.0M(974.0M)->0.0B(920.0M) Survivors: 1024.0K->1024.0K Heap: 3697.5M(5120.0M)->3597.4M(5120.0M)]
 [Times: user=0.06 sys=0.00, real=0.01 secs] 
2016-06-26T19:45:46.828+0300: 176.065: [GC concurrent-root-region-scan-start]
2016-06-26T19:45:46.828+0300: 176.065: Total time for which application threads were stopped: 0.0161670 seconds, Stopping threads took: 0.0020309 seconds
2016-06-26T19:45:46.829+0300: 176.066: [GC concurrent-root-region-scan-end, 0.0015323 secs]
2016-06-26T19:45:46.829+0300: 176.066: [GC concurrent-mark-start]
2016-06-26T19:45:46.847+0300: 176.084: [GC concurrent-mark-end, 0.0172037 secs]
2016-06-26T19:45:46.867+0300: 176.104: [GC remark 2016-06-26T19:45:46.868+0300: 176.104: [Finalize Marking, 0.0003691 secs] 2016-06-26T19:45:46.868+0300: 176.104: [GC ref-proc, 0.0001103 secs] 2016-06-26T19:45:46.868+0300: 176.104: [Unloading, 0.0015879 secs], 0.0217137 secs]
 [Times: user=0.08 sys=0.00, real=0.02 secs] 
2016-06-26T19:45:46.889+0300: 176.126: Total time for which application threads were stopped: 0.0227696 seconds, Stopping threads took: 0.0007334 seconds
2016-06-26T19:45:46.893+0300: 176.130: [GC cleanup 3625M->3625M(5120M), 0.0023581 secs]
 [Times: user=0.00 sys=0.00, real=0.00 secs] 
2016-06-26T19:45:46.896+0300: 176.132: Total time for which application threads were stopped: 0.0027272 seconds, Stopping threads took: 0.0000603 seconds
2016-06-26T19:45:47.263+0300: 176.499: Total time for which application threads were stopped: 0.0060436 seconds, Stopping threads took: 0.0053277 seconds
2016-06-26T19:45:48.264+0300: 177.500: Total time for which application threads were stopped: 0.0062138 seconds, Stopping threads took: 0.0053234 seconds
2016-06-26T19:45:49.038+0300: 178.274: [GC pause (G1 Humongous Allocation) (young)
Desired survivor size 60817408 bytes, new threshold 15 (max 15)
- age   1:      20384 bytes,      20384 total
- age   2:         56 bytes,      20440 total
- age   3:      41896 bytes,      62336 total
- age   4:      18376 bytes,      80712 total
- age   5:       9336 bytes,      90048 total
- age   6:      29072 bytes,     119120 total
- age   7:         24 bytes,     119144 total
- age   8:      28872 bytes,     148016 total
- age  10:      21592 bytes,     169608 total
- age  12:      21888 bytes,     191496 total
- age  14:      21968 bytes,     213464 total
, 0.0589910 secs]
   [Parallel Time: 51.0 ms, GC Workers: 4]
      [GC Worker Start (ms): Min: 178279.6, Avg: 178279.6, Max: 178279.6, Diff: 0.0]
      [Ext Root Scanning (ms): Min: 0.4, Avg: 0.4, Max: 0.4, Diff: 0.0, Sum: 1.5]
      [Update RS (ms): Min: 50.1, Avg: 50.1, Max: 50.2, Diff: 0.0, Sum: 200.5]
         [Processed Buffers: Min: 494, Avg: 513.8, Max: 531, Diff: 37, Sum: 2055]
      [Scan RS (ms): Min: 0.0, Avg: 0.0, Max: 0.0, Diff: 0.0, Sum: 0.0]
      [Code Root Scanning (ms): Min: 0.0, Avg: 0.0, Max: 0.1, Diff: 0.1, Sum: 0.1]
      [Object Copy (ms): Min: 0.4, Avg: 0.4, Max: 0.5, Diff: 0.0, Sum: 1.7]
      [Termination (ms): Min: 0.0, Avg: 0.0, Max: 0.0, Diff: 0.0, Sum: 0.0]
         [Termination Attempts: Min: 1, Avg: 1.0, Max: 1, Diff: 0, Sum: 4]
      [GC Worker Other (ms): Min: 0.0, Avg: 0.0, Max: 0.0, Diff: 0.0, Sum: 0.1]
      [GC Worker Total (ms): Min: 51.0, Avg: 51.0, Max: 51.0, Diff: 0.0, Sum: 203.9]
      [GC Worker End (ms): Min: 178330.6, Avg: 178330.6, Max: 178330.6, Diff: 0.0]
   [Code Root Fixup: 0.0 ms]
   [Code Root Purge: 0.0 ms]
   [Clear CT: 0.0 ms]
   [Other: 7.9 ms]
      [Choose CSet: 0.0 ms]
      [Ref Proc: 0.0 ms]
      [Ref Enq: 0.0 ms]
      [Redirty Cards: 0.0 ms]
      [Humongous Register: 0.8 ms]
      [Humongous Reclaim: 2.1 ms]
      [Free CSet: 0.1 ms]
   [Eden: 62.0M(920.0M)->0.0B(886.0M) Survivors: 1024.0K->1024.0K Heap: 4979.8M(5120.0M)->3628.7M(5120.0M)]
 [Times: user=0.24 sys=0.00, real=0.06 secs] 
2016-06-26T19:45:49.097+0300: 178.333: Total time for which application threads were stopped: 0.0650877 seconds, Stopping threads took: 0.0052400 seconds
2016-06-26T19:45:49.097+0300: 178.334: [GC pause (G1 Humongous Allocation) (young) (initial-mark)
Desired survivor size 58195968 bytes, new threshold 15 (max 15)
- age   1:      31904 bytes,      31904 total
- age   2:      19224 bytes,      51128 total
- age   3:         32 bytes,      51160 total
- age   4:      34880 bytes,      86040 total
- age   5:      14024 bytes,     100064 total
- age   6:       9336 bytes,     109400 total
- age   7:      25528 bytes,     134928 total
- age   8:         24 bytes,     134952 total
- age   9:      26560 bytes,     161512 total
- age  11:      20408 bytes,     181920 total
- age  13:      21568 bytes,     203488 total
- age  15:      21968 bytes,     225456 total
, 0.0026579 secs]
   [Parallel Time: 1.0 ms, GC Workers: 4]
      [GC Worker Start (ms): Min: 178334.7, Avg: 178334.7, Max: 178334.7, Diff: 0.0]
      [Ext Root Scanning (ms): Min: 0.4, Avg: 0.4, Max: 0.5, Diff: 0.0, Sum: 1.8]
      [Update RS (ms): Min: 0.0, Avg: 0.0, Max: 0.1, Diff: 0.1, Sum: 0.1]
         [Processed Buffers: Min: 1, Avg: 1.0, Max: 1, Diff: 0, Sum: 4]
      [Scan RS (ms): Min: 0.0, Avg: 0.0, Max: 0.0, Diff: 0.0, Sum: 0.0]
      [Code Root Scanning (ms): Min: 0.0, Avg: 0.0, Max: 0.1, Diff: 0.1, Sum: 0.1]
      [Object Copy (ms): Min: 0.4, Avg: 0.5, Max: 0.5, Diff: 0.1, Sum: 1.8]
      [Termination (ms): Min: 0.0, Avg: 0.0, Max: 0.0, Diff: 0.0, Sum: 0.0]
         [Termination Attempts: Min: 1, Avg: 1.0, Max: 1, Diff: 0, Sum: 4]
      [GC Worker Other (ms): Min: 0.0, Avg: 0.0, Max: 0.0, Diff: 0.0, Sum: 0.0]
      [GC Worker Total (ms): Min: 0.9, Avg: 1.0, Max: 1.0, Diff: 0.0, Sum: 3.8]
      [GC Worker End (ms): Min: 178335.6, Avg: 178335.6, Max: 178335.6, Diff: 0.0]
   [Code Root Fixup: 0.0 ms]
   [Code Root Purge: 0.0 ms]
   [Clear CT: 0.0 ms]
   [Other: 1.6 ms]
      [Choose CSet: 0.0 ms]
      [Ref Proc: 0.0 ms]
      [Ref Enq: 0.0 ms]
      [Redirty Cards: 0.0 ms]
      [Humongous Register: 0.6 ms]
      [Humongous Reclaim: 0.3 ms]
      [Free CSet: 0.0 ms]
   [Eden: 1024.0K(886.0M)->0.0B(885.0M) Survivors: 1024.0K->1024.0K Heap: 3630.6M(5120.0M)->3630.6M(5120.0M)]
 [Times: user=0.00 sys=0.00, real=0.00 secs] 
2016-06-26T19:45:49.100+0300: 178.337: [GC concurrent-root-region-scan-start]
2016-06-26T19:45:49.100+0300: 178.337: Total time for which application threads were stopped: 0.0032758 seconds, Stopping threads took: 0.0000911 seconds
2016-06-26T19:45:49.102+0300: 178.338: [GC concurrent-root-region-scan-end, 0.0014617 secs]
2016-06-26T19:45:49.102+0300: 178.338: [GC concurrent-mark-start]
2016-06-26T19:45:49.122+0300: 178.358: [GC concurrent-mark-end, 0.0184747 secs]
2016-06-26T19:45:49.138+0300: 178.374: [GC remark 2016-06-26T19:45:49.138+0300: 178.374: [Finalize Marking, 0.0003772 secs] 2016-06-26T19:45:49.138+0300: 178.374: [GC ref-proc, 0.0001026 secs] 2016-06-26T19:45:49.138+0300: 178.375: [Unloading, 0.0032630 secs], 0.0236262 secs]
 [Times: user=0.08 sys=0.00, real=0.02 secs] 
2016-06-26T19:45:49.161+0300: 178.398: Total time for which application threads were stopped: 0.0252825 seconds, Stopping threads took: 0.0012808 seconds
2016-06-26T19:45:49.164+0300: 178.401: [GC cleanup 3657M->3657M(5120M), 0.0022063 secs]
 [Times: user=0.00 sys=0.00, real=0.00 secs] 
2016-06-26T19:45:49.167+0300: 178.403: Total time for which application threads were stopped: 0.0027272 seconds, Stopping threads took: 0.0001398 seconds
2016-06-26T19:45:49.260+0300: 178.497: Total time for which application threads were stopped: 0.0024492 seconds, Stopping threads took: 0.0015857 seconds
2016-06-26T19:45:50.266+0300: 179.503: Total time for which application threads were stopped: 0.0097326 seconds, Stopping threads took: 0.0088606 seconds
2016-06-26T19:45:51.271+0300: 180.507: [GC pause (G1 Humongous Allocation) (young)
Desired survivor size 58195968 bytes, new threshold 15 (max 15)
- age   1:         40 bytes,         40 total
- age   2:      31904 bytes,      31944 total
- age   3:      19224 bytes,      51168 total
- age   4:         32 bytes,      51200 total
- age   5:      34880 bytes,      86080 total
- age   6:      14024 bytes,     100104 total
- age   7:       9336 bytes,     109440 total
- age   8:      25528 bytes,     134968 total
- age   9:         24 bytes,     134992 total
- age  10:      26560 bytes,     161552 total
- age  12:      20408 bytes,     181960 total
- age  14:      21568 bytes,     203528 total
, 0.0671267 secs]
   [Parallel Time: 59.1 ms, GC Workers: 4]
      [GC Worker Start (ms): Min: 180513.1, Avg: 180513.3, Max: 180514.0, Diff: 0.9]
      [Ext Root Scanning (ms): Min: 0.0, Avg: 0.4, Max: 0.5, Diff: 0.5, Sum: 1.6]
      [Update RS (ms): Min: 57.5, Avg: 57.9, Max: 58.5, Diff: 1.0, Sum: 231.8]
         [Processed Buffers: Min: 374, Avg: 517.8, Max: 591, Diff: 217, Sum: 2071]
      [Scan RS (ms): Min: 0.0, Avg: 0.0, Max: 0.0, Diff: 0.0, Sum: 0.1]
      [Code Root Scanning (ms): Min: 0.0, Avg: 0.0, Max: 0.1, Diff: 0.1, Sum: 0.1]
      [Object Copy (ms): Min: 0.0, Avg: 0.4, Max: 0.6, Diff: 0.5, Sum: 1.7]
      [Termination (ms): Min: 0.0, Avg: 0.1, Max: 0.1, Diff: 0.1, Sum: 0.2]
         [Termination Attempts: Min: 1, Avg: 1.0, Max: 1, Diff: 0, Sum: 4]
      [GC Worker Other (ms): Min: 0.0, Avg: 0.0, Max: 0.0, Diff: 0.0, Sum: 0.0]
      [GC Worker Total (ms): Min: 58.2, Avg: 58.9, Max: 59.1, Diff: 0.9, Sum: 235.4]
      [GC Worker End (ms): Min: 180572.1, Avg: 180572.2, Max: 180572.2, Diff: 0.0]
   [Code Root Fixup: 0.0 ms]
   [Code Root Purge: 0.0 ms]
   [Clear CT: 0.0 ms]
   [Other: 7.9 ms]
      [Choose CSet: 0.0 ms]
      [Ref Proc: 0.0 ms]
      [Ref Enq: 0.0 ms]
      [Redirty Cards: 0.0 ms]
      [Humongous Register: 0.8 ms]
      [Humongous Reclaim: 2.0 ms]
      [Free CSet: 0.1 ms]
   [Eden: 63.0M(885.0M)->0.0B(948.0M) Survivors: 1024.0K->1024.0K Heap: 4980.2M(5120.0M)->3570.1M(5120.0M)]
 [Times: user=0.22 sys=0.00, real=0.07 secs] 
2016-06-26T19:45:51.338+0300: 180.575: Total time for which application threads were stopped: 0.0775829 seconds, Stopping threads took: 0.0094687 seconds
2016-06-26T19:45:51.347+0300: 180.583: [GC pause (G1 Humongous Allocation) (young) (initial-mark)
Desired survivor size 62390272 bytes, new threshold 15 (max 15)
- age   1:      42208 bytes,      42208 total
- age   2:         16 bytes,      42224 total
- age   3:      25056 bytes,      67280 total
- age   4:      18840 bytes,      86120 total
- age   5:         16 bytes,      86136 total
- age   6:      29408 bytes,     115544 total
- age   7:       9992 bytes,     125536 total
- age   8:       9336 bytes,     134872 total
- age   9:      22968 bytes,     157840 total
- age  10:         24 bytes,     157864 total
- age  11:      25032 bytes,     182896 total
- age  13:      19992 bytes,     202888 total
- age  15:      21568 bytes,     224456 total
, 0.0044160 secs]
   [Parallel Time: 2.5 ms, GC Workers: 4]
      [GC Worker Start (ms): Min: 180584.3, Avg: 180584.8, Max: 180585.4, Diff: 1.1]
      [Ext Root Scanning (ms): Min: 0.1, Avg: 0.9, Max: 2.2, Diff: 2.2, Sum: 3.6]
      [Update RS (ms): Min: 0.0, Avg: 0.4, Max: 0.7, Diff: 0.7, Sum: 1.7]
         [Processed Buffers: Min: 0, Avg: 4.8, Max: 8, Diff: 8, Sum: 19]
      [Scan RS (ms): Min: 0.0, Avg: 0.0, Max: 0.0, Diff: 0.0, Sum: 0.0]
      [Code Root Scanning (ms): Min: 0.0, Avg: 0.0, Max: 0.1, Diff: 0.1, Sum: 0.1]
      [Object Copy (ms): Min: 0.2, Avg: 0.5, Max: 0.7, Diff: 0.5, Sum: 2.0]
      [Termination (ms): Min: 0.0, Avg: 0.1, Max: 0.1, Diff: 0.1, Sum: 0.2]
         [Termination Attempts: Min: 1, Avg: 1.0, Max: 1, Diff: 0, Sum: 4]
      [GC Worker Other (ms): Min: 0.0, Avg: 0.0, Max: 0.0, Diff: 0.0, Sum: 0.1]
      [GC Worker Total (ms): Min: 1.4, Avg: 1.9, Max: 2.5, Diff: 1.1, Sum: 7.7]
      [GC Worker End (ms): Min: 180586.7, Avg: 180586.7, Max: 180586.8, Diff: 0.0]
   [Code Root Fixup: 0.0 ms]
   [Code Root Purge: 0.0 ms]
   [Clear CT: 0.0 ms]
   [Other: 1.8 ms]
      [Choose CSet: 0.0 ms]
      [Ref Proc: 0.1 ms]
      [Ref Enq: 0.0 ms]
      [Redirty Cards: 0.0 ms]
      [Humongous Register: 0.7 ms]
      [Humongous Reclaim: 0.3 ms]
      [Free CSet: 0.0 ms]
   [Eden: 1024.0K(948.0M)->0.0B(946.0M) Survivors: 1024.0K->1024.0K Heap: 3572.5M(5120.0M)->3572.1M(5120.0M)]
 [Times: user=0.00 sys=0.00, real=0.00 secs] 
2016-06-26T19:45:51.351+0300: 180.588: [GC concurrent-root-region-scan-start]
2016-06-26T19:45:51.351+0300: 180.588: Total time for which application threads were stopped: 0.0054304 seconds, Stopping threads took: 0.0003686 seconds
2016-06-26T19:45:51.353+0300: 180.589: [GC concurrent-root-region-scan-end, 0.0015336 secs]
2016-06-26T19:45:51.353+0300: 180.589: [GC concurrent-mark-start]
2016-06-26T19:45:51.368+0300: 180.604: [GC concurrent-mark-end, 0.0147746 secs]
2016-06-26T19:45:51.421+0300: 180.657: [GC remark 2016-06-26T19:45:51.421+0300: 180.658: [Finalize Marking, 0.0003396 secs] 2016-06-26T19:45:51.421+0300: 180.658: [GC ref-proc, 0.0001061 secs] 2016-06-26T19:45:51.421+0300: 180.658: [Unloading, 0.0017996 secs], 0.0226079 secs]
 [Times: user=0.06 sys=0.00, real=0.02 secs] 
2016-06-26T19:45:51.444+0300: 180.680: Total time for which application threads were stopped: 0.0306183 seconds, Stopping threads took: 0.0075785 seconds
2016-06-26T19:45:51.457+0300: 180.694: Total time for which application threads were stopped: 0.0021460 seconds, Stopping threads took: 0.0011483 seconds
2016-06-26T19:45:51.609+0300: 180.845: [GC cleanup 3635M->3635M(5120M), 0.0022324 secs]
 [Times: user=0.00 sys=0.00, real=0.00 secs] 
2016-06-26T19:45:51.611+0300: 180.848: Total time for which application threads were stopped: 0.0060085 seconds, Stopping threads took: 0.0034965 seconds
2016-06-26T19:45:52.623+0300: 181.859: Total time for which application threads were stopped: 0.0118187 seconds, Stopping threads took: 0.0114971 seconds
2016-06-26T19:45:52.707+0300: 181.944: Total time for which application threads were stopped: 0.0047162 seconds, Stopping threads took: 0.0041029 seconds
2016-06-26T19:45:53.761+0300: 182.998: [GC pause (G1 Humongous Allocation) (young)
Desired survivor size 62390272 bytes, new threshold 15 (max 15)
- age   1:         40 bytes,         40 total
- age   2:      42184 bytes,      42224 total
- age   3:         16 bytes,      42240 total
- age   4:      25056 bytes,      67296 total
- age   5:      18840 bytes,      86136 total
- age   6:         16 bytes,      86152 total
- age   7:      29408 bytes,     115560 total
- age   8:       9992 bytes,     125552 total
- age   9:       9336 bytes,     134888 total
- age  10:      22968 bytes,     157856 total
- age  11:         24 bytes,     157880 total
- age  12:      25032 bytes,     182912 total
- age  14:      19992 bytes,     202904 total
, 0.0576046 secs]
   [Parallel Time: 49.6 ms, GC Workers: 4]
      [GC Worker Start (ms): Min: 183003.7, Avg: 183003.7, Max: 183003.8, Diff: 0.0]
      [Ext Root Scanning (ms): Min: 0.4, Avg: 0.4, Max: 0.4, Diff: 0.0, Sum: 1.6]
      [Update RS (ms): Min: 48.6, Avg: 48.6, Max: 48.7, Diff: 0.1, Sum: 194.5]
         [Processed Buffers: Min: 489, Avg: 505.3, Max: 519, Diff: 30, Sum: 2021]
      [Scan RS (ms): Min: 0.0, Avg: 0.0, Max: 0.0, Diff: 0.0, Sum: 0.0]
      [Code Root Scanning (ms): Min: 0.0, Avg: 0.1, Max: 0.2, Diff: 0.2, Sum: 0.2]
      [Object Copy (ms): Min: 0.3, Avg: 0.4, Max: 0.5, Diff: 0.2, Sum: 1.7]
      [Termination (ms): Min: 0.0, Avg: 0.0, Max: 0.0, Diff: 0.0, Sum: 0.0]
         [Termination Attempts: Min: 1, Avg: 1.0, Max: 1, Diff: 0, Sum: 4]
      [GC Worker Other (ms): Min: 0.0, Avg: 0.0, Max: 0.0, Diff: 0.0, Sum: 0.1]
      [GC Worker Total (ms): Min: 49.5, Avg: 49.5, Max: 49.5, Diff: 0.0, Sum: 198.2]
      [GC Worker End (ms): Min: 183053.3, Avg: 183053.3, Max: 183053.3, Diff: 0.0]
   [Code Root Fixup: 0.0 ms]
   [Code Root Purge: 0.0 ms]
   [Clear CT: 0.0 ms]
   [Other: 8.0 ms]
      [Choose CSet: 0.0 ms]
      [Ref Proc: 0.0 ms]
      [Ref Enq: 0.0 ms]
      [Redirty Cards: 0.0 ms]
      [Humongous Register: 0.8 ms]
      [Humongous Reclaim: 1.9 ms]
      [Free CSet: 0.0 ms]
   [Eden: 63.0M(946.0M)->0.0B(859.0M) Survivors: 1024.0K->1024.0K Heap: 4980.3M(5120.0M)->3657.9M(5120.0M)]
 [Times: user=0.20 sys=0.00, real=0.06 secs] 
2016-06-26T19:45:53.819+0300: 183.056: Total time for which application threads were stopped: 0.0661466 seconds, Stopping threads took: 0.0075767 seconds
2016-06-26T19:45:53.825+0300: 183.062: [GC pause (G1 Humongous Allocation) (young) (initial-mark)
Desired survivor size 56623104 bytes, new threshold 15 (max 15)
- age   1:      41688 bytes,      41688 total
- age   2:         16 bytes,      41704 total
- age   3:      35360 bytes,      77064 total
- age   5:      21320 bytes,      98384 total
- age   6:      18472 bytes,     116856 total
- age   7:         16 bytes,     116872 total
- age   8:      26200 bytes,     143072 total
- age   9:       7336 bytes,     150408 total
- age  10:       9336 bytes,     159744 total
- age  11:      21360 bytes,     181104 total
- age  13:      24352 bytes,     205456 total
- age  15:      19912 bytes,     225368 total
, 0.0030736 secs]
   [Parallel Time: 1.4 ms, GC Workers: 4]
      [GC Worker Start (ms): Min: 183062.8, Avg: 183062.8, Max: 183062.8, Diff: 0.0]
      [Ext Root Scanning (ms): Min: 0.4, Avg: 0.4, Max: 0.5, Diff: 0.0, Sum: 1.8]
      [Update RS (ms): Min: 0.4, Avg: 0.4, Max: 0.5, Diff: 0.1, Sum: 1.7]
         [Processed Buffers: Min: 4, Avg: 5.0, Max: 6, Diff: 2, Sum: 20]
      [Scan RS (ms): Min: 0.0, Avg: 0.0, Max: 0.0, Diff: 0.0, Sum: 0.0]
      [Code Root Scanning (ms): Min: 0.0, Avg: 0.0, Max: 0.0, Diff: 0.0, Sum: 0.0]
      [Object Copy (ms): Min: 0.4, Avg: 0.4, Max: 0.5, Diff: 0.1, Sum: 1.8]
      [Termination (ms): Min: 0.0, Avg: 0.0, Max: 0.0, Diff: 0.0, Sum: 0.0]
         [Termination Attempts: Min: 1, Avg: 1.0, Max: 1, Diff: 0, Sum: 4]
      [GC Worker Other (ms): Min: 0.0, Avg: 0.0, Max: 0.0, Diff: 0.0, Sum: 0.0]
      [GC Worker Total (ms): Min: 1.3, Avg: 1.3, Max: 1.3, Diff: 0.0, Sum: 5.3]
      [GC Worker End (ms): Min: 183064.1, Avg: 183064.1, Max: 183064.1, Diff: 0.0]
   [Code Root Fixup: 0.0 ms]
   [Code Root Purge: 0.0 ms]
   [Clear CT: 0.0 ms]
   [Other: 1.7 ms]
      [Choose CSet: 0.0 ms]
      [Ref Proc: 0.1 ms]
      [Ref Enq: 0.0 ms]
      [Redirty Cards: 0.0 ms]
      [Humongous Register: 0.6 ms]
      [Humongous Reclaim: 0.3 ms]
      [Free CSet: 0.0 ms]
   [Eden: 1024.0K(859.0M)->0.0B(857.0M) Survivors: 1024.0K->1024.0K Heap: 3660.4M(5120.0M)->3659.9M(5120.0M)]
 [Times: user=0.00 sys=0.02, real=0.00 secs] 
2016-06-26T19:45:53.828+0300: 183.065: [GC concurrent-root-region-scan-start]
2016-06-26T19:45:53.828+0300: 183.065: Total time for which application threads were stopped: 0.0037625 seconds, Stopping threads took: 0.0000663 seconds
2016-06-26T19:45:53.830+0300: 183.067: [GC concurrent-root-region-scan-end, 0.0014690 secs]
2016-06-26T19:45:53.830+0300: 183.067: [GC concurrent-mark-start]
2016-06-26T19:45:53.845+0300: 183.081: [GC concurrent-mark-end, 0.0147258 secs]
2016-06-26T19:45:53.939+0300: 183.176: [GC remark 2016-06-26T19:45:53.939+0300: 183.176: [Finalize Marking, 0.0003216 secs] 2016-06-26T19:45:53.940+0300: 183.176: [GC ref-proc, 0.0001043 secs] 2016-06-26T19:45:53.940+0300: 183.176: [Unloading, 0.0015772 secs], 0.0220768 secs]
 [Times: user=0.06 sys=0.00, real=0.02 secs] 
2016-06-26T19:45:53.961+0300: 183.198: Total time for which application threads were stopped: 0.0264047 seconds, Stopping threads took: 0.0040644 seconds
2016-06-26T19:45:53.964+0300: 183.201: [GC cleanup 3689M->3689M(5120M), 0.0021960 secs]
 [Times: user=0.00 sys=0.00, real=0.00 secs] 
2016-06-26T19:45:53.967+0300: 183.203: Total time for which application threads were stopped: 0.0025236 seconds, Stopping threads took: 0.0000586 seconds
2016-06-26T19:45:54.118+0300: 183.355: Total time for which application threads were stopped: 0.0028927 seconds, Stopping threads took: 0.0023260 seconds
2016-06-26T19:45:55.125+0300: 184.361: Total time for which application threads were stopped: 0.0065132 seconds, Stopping threads took: 0.0061715 seconds
2016-06-26T19:45:55.372+0300: 184.608: Total time for which application threads were stopped: 0.0030120 seconds, Stopping threads took: 0.0023474 seconds
2016-06-26T19:45:56.100+0300: 185.336: [GC pause (G1 Humongous Allocation) (young)
Desired survivor size 56623104 bytes, new threshold 15 (max 15)
- age   1:         40 bytes,         40 total
- age   2:      41640 bytes,      41680 total
- age   3:         16 bytes,      41696 total
- age   4:      35360 bytes,      77056 total
- age   6:      21320 bytes,      98376 total
- age   7:      18472 bytes,     116848 total
- age   8:         16 bytes,     116864 total
- age   9:      26200 bytes,     143064 total
- age  10:       7336 bytes,     150400 total
- age  11:       9336 bytes,     159736 total
- age  12:      21360 bytes,     181096 total
- age  14:      24352 bytes,     205448 total
, 0.0671558 secs]
   [Parallel Time: 59.1 ms, GC Workers: 4]
      [GC Worker Start (ms): Min: 185342.2, Avg: 185343.8, Max: 185348.4, Diff: 6.2]
      [Ext Root Scanning (ms): Min: 0.0, Avg: 0.3, Max: 0.5, Diff: 0.5, Sum: 1.4]
      [Update RS (ms): Min: 52.4, Avg: 56.7, Max: 58.1, Diff: 5.7, Sum: 226.7]
         [Processed Buffers: Min: 410, Avg: 518.3, Max: 609, Diff: 199, Sum: 2073]
      [Scan RS (ms): Min: 0.0, Avg: 0.0, Max: 0.0, Diff: 0.0, Sum: 0.0]
      [Code Root Scanning (ms): Min: 0.0, Avg: 0.0, Max: 0.1, Diff: 0.1, Sum: 0.1]
      [Object Copy (ms): Min: 0.4, Avg: 0.4, Max: 0.5, Diff: 0.0, Sum: 1.8]
      [Termination (ms): Min: 0.0, Avg: 0.0, Max: 0.0, Diff: 0.0, Sum: 0.0]
         [Termination Attempts: Min: 1, Avg: 1.5, Max: 2, Diff: 1, Sum: 6]
      [GC Worker Other (ms): Min: 0.0, Avg: 0.0, Max: 0.0, Diff: 0.0, Sum: 0.1]
      [GC Worker Total (ms): Min: 52.8, Avg: 57.5, Max: 59.1, Diff: 6.2, Sum: 230.0]
      [GC Worker End (ms): Min: 185401.3, Avg: 185401.3, Max: 185401.3, Diff: 0.0]
   [Code Root Fixup: 0.0 ms]
   [Code Root Purge: 0.0 ms]
   [Clear CT: 0.0 ms]
   [Other: 8.0 ms]
      [Choose CSet: 0.0 ms]
      [Ref Proc: 0.1 ms]
      [Ref Enq: 0.0 ms]
      [Redirty Cards: 0.0 ms]
      [Humongous Register: 0.8 ms]
      [Humongous Reclaim: 2.0 ms]
      [Free CSet: 0.0 ms]
   [Eden: 64.0M(857.0M)->0.0B(1011.0M) Survivors: 1024.0K->1024.0K Heap: 4979.8M(5120.0M)->3509.6M(5120.0M)]
 [Times: user=0.20 sys=0.00, real=0.07 secs] 
2016-06-26T19:45:56.167+0300: 185.404: Total time for which application threads were stopped: 0.0736634 seconds, Stopping threads took: 0.0056878 seconds
2016-06-26T19:45:56.171+0300: 185.407: [GC pause (G1 Humongous Allocation) (young) (initial-mark)
Desired survivor size 66584576 bytes, new threshold 15 (max 15)
- age   1:      42408 bytes,      42408 total
- age   3:      34368 bytes,      76776 total
- age   4:         16 bytes,      76792 total
- age   5:      30864 bytes,     107656 total
- age   7:      17560 bytes,     125216 total
- age   8:      18296 bytes,     143512 total
- age   9:         16 bytes,     143528 total
- age  10:      23088 bytes,     166616 total
- age  11:       5984 bytes,     172600 total
- age  12:       9336 bytes,     181936 total
- age  13:      20888 bytes,     202824 total
- age  15:      24328 bytes,     227152 total
, 0.0033293 secs]
   [Parallel Time: 1.6 ms, GC Workers: 4]
      [GC Worker Start (ms): Min: 185408.4, Avg: 185408.5, Max: 185408.9, Diff: 0.6]
      [Ext Root Scanning (ms): Min: 0.1, Avg: 0.5, Max: 0.7, Diff: 0.5, Sum: 1.9]
      [Update RS (ms): Min: 0.4, Avg: 0.4, Max: 0.5, Diff: 0.1, Sum: 1.6]
         [Processed Buffers: Min: 4, Avg: 5.0, Max: 6, Diff: 2, Sum: 20]
      [Scan RS (ms): Min: 0.0, Avg: 0.0, Max: 0.0, Diff: 0.0, Sum: 0.0]
      [Code Root Scanning (ms): Min: 0.0, Avg: 0.0, Max: 0.0, Diff: 0.0, Sum: 0.0]
      [Object Copy (ms): Min: 0.4, Avg: 0.4, Max: 0.5, Diff: 0.1, Sum: 1.7]
      [Termination (ms): Min: 0.0, Avg: 0.0, Max: 0.0, Diff: 0.0, Sum: 0.0]
         [Termination Attempts: Min: 1, Avg: 1.0, Max: 1, Diff: 0, Sum: 4]
      [GC Worker Other (ms): Min: 0.0, Avg: 0.0, Max: 0.0, Diff: 0.0, Sum: 0.0]
      [GC Worker Total (ms): Min: 0.9, Avg: 1.3, Max: 1.5, Diff: 0.6, Sum: 5.4]
      [GC Worker End (ms): Min: 185409.9, Avg: 185409.9, Max: 185409.9, Diff: 0.0]
   [Code Root Fixup: 0.0 ms]
   [Code Root Purge: 0.0 ms]
   [Clear CT: 0.1 ms]
   [Other: 1.7 ms]
      [Choose CSet: 0.0 ms]
      [Ref Proc: 0.1 ms]
      [Ref Enq: 0.0 ms]
      [Redirty Cards: 0.0 ms]
      [Humongous Register: 0.6 ms]
      [Humongous Reclaim: 0.3 ms]
      [Free CSet: 0.0 ms]
   [Eden: 1024.0K(1011.0M)->0.0B(1009.0M) Survivors: 1024.0K->1024.0K Heap: 3512.0M(5120.0M)->3511.5M(5120.0M)]
 [Times: user=0.00 sys=0.00, real=0.00 secs] 
2016-06-26T19:45:56.175+0300: 185.411: [GC concurrent-root-region-scan-start]
2016-06-26T19:45:56.175+0300: 185.411: Total time for which application threads were stopped: 0.0040503 seconds, Stopping threads took: 0.0001373 seconds
2016-06-26T19:45:56.176+0300: 185.413: [GC concurrent-root-region-scan-end, 0.0017247 secs]
2016-06-26T19:45:56.176+0300: 185.413: [GC concurrent-mark-start]
2016-06-26T19:45:56.192+0300: 185.428: [GC concurrent-mark-end, 0.0153211 secs]
2016-06-26T19:45:56.270+0300: 185.506: [GC remark 2016-06-26T19:45:56.270+0300: 185.506: [Finalize Marking, 0.0003263 secs] 2016-06-26T19:45:56.270+0300: 185.507: [GC ref-proc, 0.0001052 secs] 2016-06-26T19:45:56.270+0300: 185.507: [Unloading, 0.0015806 secs], 0.0212843 secs]
 [Times: user=0.06 sys=0.00, real=0.02 secs] 
2016-06-26T19:45:56.291+0300: 185.528: Total time for which application threads were stopped: 0.0257444 seconds, Stopping threads took: 0.0042098 seconds
2016-06-26T19:45:56.294+0300: 185.530: [GC cleanup 3536M->3536M(5120M), 0.0025351 secs]
 [Times: user=0.06 sys=0.00, real=0.00 secs] 
2016-06-26T19:45:56.297+0300: 185.533: Total time for which application threads were stopped: 0.0028704 seconds, Stopping threads took: 0.0000552 seconds
2016-06-26T19:45:57.309+0300: 186.546: Total time for which application threads were stopped: 0.0125871 seconds, Stopping threads took: 0.0122100 seconds
2016-06-26T19:45:58.647+0300: 187.884: [GC pause (G1 Humongous Allocation) (young)
Desired survivor size 66584576 bytes, new threshold 15 (max 15)
- age   1:         96 bytes,         96 total
- age   2:      42384 bytes,      42480 total
- age   4:      34368 bytes,      76848 total
- age   5:         16 bytes,      76864 total
- age   6:      30864 bytes,     107728 total
- age   8:      17560 bytes,     125288 total
- age   9:      18296 bytes,     143584 total
- age  10:         16 bytes,     143600 total
- age  11:      23088 bytes,     166688 total
- age  12:       5984 bytes,     172672 total
- age  13:       9336 bytes,     182008 total
- age  14:      20888 bytes,     202896 total
, 0.0593392 secs]
   [Parallel Time: 51.2 ms, GC Workers: 4]
      [GC Worker Start (ms): Min: 187890.2, Avg: 187890.4, Max: 187890.7, Diff: 0.5]
      [Ext Root Scanning (ms): Min: 0.1, Avg: 0.4, Max: 0.5, Diff: 0.5, Sum: 1.7]
      [Update RS (ms): Min: 50.2, Avg: 50.2, Max: 50.2, Diff: 0.0, Sum: 200.7]
         [Processed Buffers: Min: 507, Avg: 518.0, Max: 523, Diff: 16, Sum: 2072]
      [Scan RS (ms): Min: 0.0, Avg: 0.0, Max: 0.0, Diff: 0.0, Sum: 0.1]
      [Code Root Scanning (ms): Min: 0.0, Avg: 0.0, Max: 0.1, Diff: 0.1, Sum: 0.1]
      [Object Copy (ms): Min: 0.3, Avg: 0.4, Max: 0.4, Diff: 0.1, Sum: 1.7]
      [Termination (ms): Min: 0.0, Avg: 0.0, Max: 0.0, Diff: 0.0, Sum: 0.0]
         [Termination Attempts: Min: 1, Avg: 1.3, Max: 2, Diff: 1, Sum: 5]
      [GC Worker Other (ms): Min: 0.0, Avg: 0.0, Max: 0.0, Diff: 0.0, Sum: 0.1]
      [GC Worker Total (ms): Min: 50.7, Avg: 51.1, Max: 51.2, Diff: 0.5, Sum: 204.2]
      [GC Worker End (ms): Min: 187941.4, Avg: 187941.4, Max: 187941.4, Diff: 0.0]
   [Code Root Fixup: 0.0 ms]
   [Code Root Purge: 0.0 ms]
   [Clear CT: 0.0 ms]
   [Other: 8.1 ms]
      [Choose CSet: 0.0 ms]
      [Ref Proc: 0.1 ms]
      [Ref Enq: 0.0 ms]
      [Redirty Cards: 0.0 ms]
      [Humongous Register: 0.8 ms]
      [Humongous Reclaim: 1.8 ms]
      [Free CSet: 0.1 ms]
   [Eden: 63.0M(1009.0M)->0.0B(790.0M) Survivors: 1024.0K->1024.0K Heap: 4980.3M(5120.0M)->3726.4M(5120.0M)]
 [Times: user=0.22 sys=0.00, real=0.06 secs] 
2016-06-26T19:45:58.707+0300: 187.944: Total time for which application threads were stopped: 0.0731528 seconds, Stopping threads took: 0.0128172 seconds
2016-06-26T19:45:58.709+0300: 187.946: [GC pause (G1 Humongous Allocation) (young) (initial-mark)
Desired survivor size 51904512 bytes, new threshold 15 (max 15)
- age   1:      38944 bytes,      38944 total
- age   2:         72 bytes,      39016 total
- age   3:      35872 bytes,      74888 total
- age   5:      30528 bytes,     105416 total
- age   6:         16 bytes,     105432 total
- age   7:      26648 bytes,     132080 total
- age   9:      15256 bytes,     147336 total
- age  10:      18144 bytes,     165480 total
- age  12:      21384 bytes,     186864 total
- age  13:       5352 bytes,     192216 total
- age  14:       9336 bytes,     201552 total
- age  15:      20808 bytes,     222360 total
, 0.0031651 secs]
   [Parallel Time: 1.4 ms, GC Workers: 4]
      [GC Worker Start (ms): Min: 187947.1, Avg: 187947.1, Max: 187947.1, Diff: 0.0]
      [Ext Root Scanning (ms): Min: 0.5, Avg: 0.5, Max: 0.5, Diff: 0.0, Sum: 1.9]
      [Update RS (ms): Min: 0.4, Avg: 0.4, Max: 0.5, Diff: 0.1, Sum: 1.7]
         [Processed Buffers: Min: 4, Avg: 5.0, Max: 8, Diff: 4, Sum: 20]
      [Scan RS (ms): Min: 0.0, Avg: 0.0, Max: 0.0, Diff: 0.0, Sum: 0.0]
      [Code Root Scanning (ms): Min: 0.0, Avg: 0.0, Max: 0.0, Diff: 0.0, Sum: 0.0]
      [Object Copy (ms): Min: 0.4, Avg: 0.4, Max: 0.5, Diff: 0.1, Sum: 1.8]
      [Termination (ms): Min: 0.0, Avg: 0.0, Max: 0.0, Diff: 0.0, Sum: 0.0]
         [Termination Attempts: Min: 1, Avg: 1.0, Max: 1, Diff: 0, Sum: 4]
      [GC Worker Other (ms): Min: 0.0, Avg: 0.0, Max: 0.0, Diff: 0.0, Sum: 0.1]
      [GC Worker Total (ms): Min: 1.4, Avg: 1.4, Max: 1.4, Diff: 0.0, Sum: 5.4]
      [GC Worker End (ms): Min: 187948.4, Avg: 187948.4, Max: 187948.4, Diff: 0.0]
   [Code Root Fixup: 0.0 ms]
   [Code Root Purge: 0.0 ms]
   [Clear CT: 0.0 ms]
   [Other: 1.7 ms]
      [Choose CSet: 0.0 ms]
      [Ref Proc: 0.0 ms]
      [Ref Enq: 0.0 ms]
      [Redirty Cards: 0.0 ms]
      [Humongous Register: 0.7 ms]
      [Humongous Reclaim: 0.3 ms]
      [Free CSet: 0.0 ms]
   [Eden: 1024.0K(790.0M)->0.0B(788.0M) Survivors: 1024.0K->1024.0K Heap: 3728.9M(5120.0M)->3728.3M(5120.0M)]
 [Times: user=0.00 sys=0.00, real=0.00 secs] 
2016-06-26T19:45:58.713+0300: 187.949: [GC concurrent-root-region-scan-start]
2016-06-26T19:45:58.713+0300: 187.949: Total time for which application threads were stopped: 0.0038459 seconds, Stopping threads took: 0.0000607 seconds
2016-06-26T19:45:58.714+0300: 187.951: [GC concurrent-root-region-scan-end, 0.0015344 secs]
2016-06-26T19:45:58.714+0300: 187.951: [GC concurrent-mark-start]
2016-06-26T19:45:58.729+0300: 187.966: [GC concurrent-mark-end, 0.0150718 secs]
2016-06-26T19:45:58.831+0300: 188.068: [GC remark 2016-06-26T19:45:58.831+0300: 188.068: [Finalize Marking, 0.0004046 secs] 2016-06-26T19:45:58.832+0300: 188.068: [GC ref-proc, 0.0001043 secs] 2016-06-26T19:45:58.832+0300: 188.068: [Unloading, 0.0015588 secs], 0.0223958 secs]
 [Times: user=0.06 sys=0.00, real=0.02 secs] 
2016-06-26T19:45:58.854+0300: 188.090: Total time for which application threads were stopped: 0.0227251 seconds, Stopping threads took: 0.0000706 seconds
2016-06-26T19:45:58.901+0300: 188.137: [GC cleanup 3779M->3769M(5120M), 0.0029500 secs]
 [Times: user=0.00 sys=0.00, real=0.00 secs] 
2016-06-26T19:45:58.904+0300: 188.140: Total time for which application threads were stopped: 0.0084055 seconds, Stopping threads took: 0.0051665 seconds
2016-06-26T19:45:58.904+0300: 188.140: [GC concurrent-cleanup-start]
2016-06-26T19:45:58.904+0300: 188.140: [GC concurrent-cleanup-end, 0.0000261 secs]
2016-06-26T19:46:00.725+0300: 189.961: [GC pause (G1 Humongous Allocation) (young)
Desired survivor size 51904512 bytes, new threshold 15 (max 15)
- age   1:         40 bytes,         40 total
- age   2:      38920 bytes,      38960 total
- age   3:         72 bytes,      39032 total
- age   4:      35872 bytes,      74904 total
- age   6:      30528 bytes,     105432 total
- age   7:         16 bytes,     105448 total
- age   8:      26648 bytes,     132096 total
- age  10:      15256 bytes,     147352 total
- age  11:      18144 bytes,     165496 total
- age  13:      21384 bytes,     186880 total
- age  14:       5352 bytes,     192232 total
- age  15:       9336 bytes,     201568 total
, 0.0638295 secs]
   [Parallel Time: 56.0 ms, GC Workers: 4]
      [GC Worker Start (ms): Min: 189967.1, Avg: 189967.1, Max: 189967.1, Diff: 0.0]
      [Ext Root Scanning (ms): Min: 0.4, Avg: 0.4, Max: 0.4, Diff: 0.0, Sum: 1.7]
      [Update RS (ms): Min: 54.8, Avg: 55.0, Max: 55.5, Diff: 0.7, Sum: 220.0]
         [Processed Buffers: Min: 424, Avg: 517.5, Max: 582, Diff: 158, Sum: 2070]
      [Scan RS (ms): Min: 0.0, Avg: 0.0, Max: 0.0, Diff: 0.0, Sum: 0.0]
      [Code Root Scanning (ms): Min: 0.0, Avg: 0.0, Max: 0.0, Diff: 0.0, Sum: 0.0]
      [Object Copy (ms): Min: 0.0, Avg: 0.4, Max: 0.6, Diff: 0.5, Sum: 1.7]
      [Termination (ms): Min: 0.0, Avg: 0.1, Max: 0.1, Diff: 0.1, Sum: 0.3]
         [Termination Attempts: Min: 1, Avg: 1.0, Max: 1, Diff: 0, Sum: 4]
      [GC Worker Other (ms): Min: 0.0, Avg: 0.0, Max: 0.0, Diff: 0.0, Sum: 0.1]
      [GC Worker Total (ms): Min: 55.9, Avg: 55.9, Max: 56.0, Diff: 0.0, Sum: 223.8]
      [GC Worker End (ms): Min: 190023.0, Avg: 190023.0, Max: 190023.0, Diff: 0.0]
   [Code Root Fixup: 0.0 ms]
   [Code Root Purge: 0.0 ms]
   [Clear CT: 0.0 ms]
   [Other: 7.8 ms]
      [Choose CSet: 0.0 ms]
      [Ref Proc: 0.1 ms]
      [Ref Enq: 0.0 ms]
      [Redirty Cards: 0.0 ms]
      [Humongous Register: 0.8 ms]
      [Humongous Reclaim: 1.8 ms]
      [Free CSet: 0.1 ms]
   [Eden: 64.0M(788.0M)->0.0B(712.0M) Survivors: 1024.0K->1024.0K Heap: 4979.3M(5120.0M)->3802.6M(5120.0M)]
 [Times: user=0.19 sys=0.00, real=0.06 secs] 
2016-06-26T19:46:00.789+0300: 190.025: Total time for which application threads were stopped: 0.0794667 seconds, Stopping threads took: 0.0146908 seconds
2016-06-26T19:46:00.798+0300: 190.035: [GC pause (G1 Humongous Allocation) (young) (initial-mark)
Desired survivor size 47185920 bytes, new threshold 15 (max 15)
- age   1:      37448 bytes,      37448 total
- age   2:         16 bytes,      37464 total
- age   3:      32008 bytes,      69472 total
- age   4:         16 bytes,      69488 total
- age   5:      32320 bytes,     101808 total
- age   7:      27200 bytes,     129008 total
- age   9:      24088 bytes,     153096 total
- age  11:      13840 bytes,     166936 total
- age  12:      18064 bytes,     185000 total
- age  14:      20520 bytes,     205520 total
- age  15:       5304 bytes,     210824 total
, 0.0035855 secs]
   [Parallel Time: 1.9 ms, GC Workers: 4]
      [GC Worker Start (ms): Min: 190036.0, Avg: 190036.1, Max: 190036.6, Diff: 0.6]
      [Ext Root Scanning (ms): Min: 0.0, Avg: 0.7, Max: 1.7, Diff: 1.7, Sum: 2.9]
      [Update RS (ms): Min: 0.0, Avg: 0.4, Max: 0.6, Diff: 0.6, Sum: 1.6]
         [Processed Buffers: Min: 0, Avg: 4.8, Max: 8, Diff: 8, Sum: 19]
      [Scan RS (ms): Min: 0.0, Avg: 0.0, Max: 0.0, Diff: 0.0, Sum: 0.0]
      [Code Root Scanning (ms): Min: 0.0, Avg: 0.0, Max: 0.0, Diff: 0.0, Sum: 0.0]
      [Object Copy (ms): Min: 0.1, Avg: 0.4, Max: 0.6, Diff: 0.4, Sum: 1.7]
      [Termination (ms): Min: 0.0, Avg: 0.1, Max: 0.2, Diff: 0.2, Sum: 0.4]
         [Termination Attempts: Min: 1, Avg: 1.3, Max: 2, Diff: 1, Sum: 5]
      [GC Worker Other (ms): Min: 0.0, Avg: 0.0, Max: 0.0, Diff: 0.0, Sum: 0.1]
      [GC Worker Total (ms): Min: 1.2, Avg: 1.7, Max: 1.9, Diff: 0.6, Sum: 6.8]
      [GC Worker End (ms): Min: 190037.8, Avg: 190037.8, Max: 190037.8, Diff: 0.0]
   [Code Root Fixup: 0.0 ms]
   [Code Root Purge: 0.0 ms]
   [Clear CT: 0.0 ms]
   [Other: 1.6 ms]
      [Choose CSet: 0.0 ms]
      [Ref Proc: 0.1 ms]
      [Ref Enq: 0.0 ms]
      [Redirty Cards: 0.0 ms]
      [Humongous Register: 0.6 ms]
      [Humongous Reclaim: 0.3 ms]
      [Free CSet: 0.0 ms]
   [Eden: 1024.0K(712.0M)->0.0B(710.0M) Survivors: 1024.0K->1024.0K Heap: 3805.1M(5120.0M)->3804.5M(5120.0M)]
 [Times: user=0.00 sys=0.00, real=0.00 secs] 
2016-06-26T19:46:00.802+0300: 190.039: [GC concurrent-root-region-scan-start]
2016-06-26T19:46:00.802+0300: 190.039: Total time for which application threads were stopped: 0.0042701 seconds, Stopping threads took: 0.0000748 seconds
2016-06-26T19:46:00.804+0300: 190.040: [GC concurrent-root-region-scan-end, 0.0014925 secs]
2016-06-26T19:46:00.804+0300: 190.040: [GC concurrent-mark-start]
2016-06-26T19:46:00.820+0300: 190.057: [GC concurrent-mark-end, 0.0160896 secs]
2016-06-26T19:46:01.975+0300: 191.212: Total time for which application threads were stopped: 0.0211877 seconds, Stopping threads took: 0.0200412 seconds
2016-06-26T19:46:02.152+0300: 191.389: [GC remark 2016-06-26T19:46:02.152+0300: 191.389: [Finalize Marking, 0.0048111 secs] 2016-06-26T19:46:02.157+0300: 191.394: [GC ref-proc, 0.0001048 secs] 2016-06-26T19:46:02.157+0300: 191.394: [Unloading, 0.0015930 secs], 0.0273994 secs]
 [Times: user=0.08 sys=0.00, real=0.03 secs] 
2016-06-26T19:46:02.179+0300: 191.416: Total time for which application threads were stopped: 0.0333262 seconds, Stopping threads took: 0.0056651 seconds
2016-06-26T19:46:02.232+0300: 191.469: [GC cleanup 4590M->4590M(5120M), 0.0023833 secs]
 [Times: user=0.05 sys=0.00, real=0.00 secs] 
2016-06-26T19:46:02.235+0300: 191.472: Total time for which application threads were stopped: 0.0029859 seconds, Stopping threads took: 0.0003289 seconds
2016-06-26T19:46:02.847+0300: 192.084: [GC pause (G1 Humongous Allocation) (young)
Desired survivor size 46661632 bytes, new threshold 15 (max 15)
- age   1:         40 bytes,         40 total
- age   2:      37424 bytes,      37464 total
- age   3:         16 bytes,      37480 total
- age   4:      32008 bytes,      69488 total
- age   5:         16 bytes,      69504 total
- age   6:      32320 bytes,     101824 total
- age   8:      27200 bytes,     129024 total
- age  10:      24088 bytes,     153112 total
- age  12:      13840 bytes,     166952 total
- age  13:      18064 bytes,     185016 total
- age  15:      20520 bytes,     205536 total
, 0.0395969 secs]
   [Parallel Time: 32.0 ms, GC Workers: 4]
      [GC Worker Start (ms): Min: 192088.0, Avg: 192089.6, Max: 192094.4, Diff: 6.4]
      [Ext Root Scanning (ms): Min: 0.0, Avg: 0.4, Max: 0.5, Diff: 0.5, Sum: 1.5]
      [Update RS (ms): Min: 24.8, Avg: 29.2, Max: 30.7, Diff: 5.8, Sum: 116.8]
         [Processed Buffers: Min: 270, Avg: 301.8, Max: 329, Diff: 59, Sum: 1207]
      [Scan RS (ms): Min: 0.0, Avg: 0.0, Max: 0.0, Diff: 0.0, Sum: 0.1]
      [Code Root Scanning (ms): Min: 0.0, Avg: 0.0, Max: 0.0, Diff: 0.0, Sum: 0.0]
      [Object Copy (ms): Min: 0.7, Avg: 0.8, Max: 0.8, Diff: 0.1, Sum: 3.0]
      [Termination (ms): Min: 0.0, Avg: 0.0, Max: 0.1, Diff: 0.1, Sum: 0.2]
         [Termination Attempts: Min: 1, Avg: 1.5, Max: 2, Diff: 1, Sum: 6]
      [GC Worker Other (ms): Min: 0.0, Avg: 0.0, Max: 0.0, Diff: 0.0, Sum: 0.1]
      [GC Worker Total (ms): Min: 25.6, Avg: 30.4, Max: 32.0, Diff: 6.3, Sum: 121.6]
      [GC Worker End (ms): Min: 192120.0, Avg: 192120.0, Max: 192120.0, Diff: 0.0]
   [Code Root Fixup: 0.0 ms]
   [Code Root Purge: 0.0 ms]
   [Clear CT: 0.3 ms]
   [Other: 7.2 ms]
      [Choose CSet: 0.0 ms]
      [Ref Proc: 0.7 ms]
      [Ref Enq: 0.0 ms]
      [Redirty Cards: 0.0 ms]
      [Humongous Register: 0.8 ms]
      [Humongous Reclaim: 2.1 ms]
      [Free CSet: 0.1 ms]
   [Eden: 64.0M(710.0M)->0.0B(890.0M) Survivors: 1024.0K->1024.0K Heap: 4979.7M(5120.0M)->3629.0M(5120.0M)]
 [Times: user=0.11 sys=0.00, real=0.04 secs] 
2016-06-26T19:46:02.887+0300: 192.124: Total time for which application threads were stopped: 0.0575156 seconds, Stopping threads took: 0.0169856 seconds
2016-06-26T19:46:02.895+0300: 192.131: [GC pause (G1 Humongous Allocation) (young) (initial-mark)
Desired survivor size 58720256 bytes, new threshold 15 (max 15)
- age   1:     203016 bytes,     203016 total
- age   2:         16 bytes,     203032 total
- age   3:      30592 bytes,     233624 total
- age   5:      27744 bytes,     261368 total
- age   7:      28224 bytes,     289592 total
- age   9:      24648 bytes,     314240 total
- age  11:      22704 bytes,     336944 total
- age  13:      13296 bytes,     350240 total
- age  14:      18064 bytes,     368304 total
, 0.0041080 secs]
   [Parallel Time: 2.3 ms, GC Workers: 4]
      [GC Worker Start (ms): Min: 192132.4, Avg: 192132.6, Max: 192133.0, Diff: 0.6]
      [Ext Root Scanning (ms): Min: 0.0, Avg: 0.8, Max: 2.0, Diff: 1.9, Sum: 3.1]
      [Update RS (ms): Min: 0.0, Avg: 0.4, Max: 0.6, Diff: 0.6, Sum: 1.7]
         [Processed Buffers: Min: 0, Avg: 5.0, Max: 8, Diff: 8, Sum: 20]
      [Scan RS (ms): Min: 0.0, Avg: 0.0, Max: 0.0, Diff: 0.0, Sum: 0.0]
      [Code Root Scanning (ms): Min: 0.0, Avg: 0.0, Max: 0.0, Diff: 0.0, Sum: 0.0]
      [Object Copy (ms): Min: 0.2, Avg: 0.7, Max: 0.9, Diff: 0.7, Sum: 2.7]
      [Termination (ms): Min: 0.0, Avg: 0.2, Max: 0.3, Diff: 0.3, Sum: 0.7]
         [Termination Attempts: Min: 1, Avg: 1.3, Max: 2, Diff: 1, Sum: 5]
      [GC Worker Other (ms): Min: 0.0, Avg: 0.0, Max: 0.0, Diff: 0.0, Sum: 0.1]
      [GC Worker Total (ms): Min: 1.6, Avg: 2.1, Max: 2.2, Diff: 0.6, Sum: 8.3]
      [GC Worker End (ms): Min: 192134.6, Avg: 192134.6, Max: 192134.7, Diff: 0.1]
   [Code Root Fixup: 0.0 ms]
   [Code Root Purge: 0.0 ms]
   [Clear CT: 0.0 ms]
   [Other: 1.8 ms]
      [Choose CSet: 0.0 ms]
      [Ref Proc: 0.1 ms]
      [Ref Enq: 0.0 ms]
      [Redirty Cards: 0.0 ms]
      [Humongous Register: 0.7 ms]
      [Humongous Reclaim: 0.3 ms]
      [Free CSet: 0.0 ms]
   [Eden: 1024.0K(890.0M)->0.0B(888.0M) Survivors: 1024.0K->1024.0K Heap: 3631.4M(5120.0M)->3631.0M(5120.0M)]
 [Times: user=0.00 sys=0.00, real=0.00 secs] 
2016-06-26T19:46:02.899+0300: 192.136: [GC concurrent-root-region-scan-start]
2016-06-26T19:46:02.899+0300: 192.136: Total time for which application threads were stopped: 0.0047487 seconds, Stopping threads took: 0.0000676 seconds
2016-06-26T19:46:02.901+0300: 192.138: [GC concurrent-root-region-scan-end, 0.0019073 secs]
2016-06-26T19:46:02.901+0300: 192.138: [GC concurrent-mark-start]
2016-06-26T19:46:02.920+0300: 192.157: [GC concurrent-mark-end, 0.0170596 secs]
2016-06-26T19:46:02.991+0300: 192.228: [GC remark 2016-06-26T19:46:02.991+0300: 192.228: [Finalize Marking, 0.0006697 secs] 2016-06-26T19:46:02.992+0300: 192.229: [GC ref-proc, 0.0001411 secs] 2016-06-26T19:46:02.992+0300: 192.229: [Unloading, 0.0018586 secs], 0.0279032 secs]
 [Times: user=0.09 sys=0.00, real=0.03 secs] 
2016-06-26T19:46:03.019+0300: 192.256: Total time for which application threads were stopped: 0.0541064 seconds, Stopping threads took: 0.0258397 seconds
2016-06-26T19:46:03.023+0300: 192.260: [GC cleanup 3674M->3672M(5120M), 0.0023196 secs]
 [Times: user=0.00 sys=0.00, real=0.00 secs] 
2016-06-26T19:46:03.026+0300: 192.262: Total time for which application threads were stopped: 0.0028653 seconds, Stopping threads took: 0.0001895 seconds
2016-06-26T19:46:03.026+0300: 192.262: [GC concurrent-cleanup-start]
2016-06-26T19:46:03.026+0300: 192.262: [GC concurrent-cleanup-end, 0.0000141 secs]
2016-06-26T19:46:03.887+0300: 193.124: Total time for which application threads were stopped: 0.0200955 seconds, Stopping threads took: 0.0197362 seconds
2016-06-26T19:46:04.008+0300: 193.244: Total time for which application threads were stopped: 0.0006795 seconds, Stopping threads took: 0.0000641 seconds
2016-06-26T19:46:05.017+0300: 194.254: Total time for which application threads were stopped: 0.0098963 seconds, Stopping threads took: 0.0095837 seconds
2016-06-26T19:46:05.100+0300: 194.337: Total time for which application threads were stopped: 0.0071324 seconds, Stopping threads took: 0.0066312 seconds
2016-06-26T19:46:05.218+0300: 194.455: [GC pause (G1 Humongous Allocation) (young)
Desired survivor size 58720256 bytes, new threshold 15 (max 15)
- age   1:        120 bytes,        120 total
- age   2:     202992 bytes,     203112 total
- age   3:         16 bytes,     203128 total
- age   4:      30536 bytes,     233664 total
- age   6:      27744 bytes,     261408 total
- age   8:      28224 bytes,     289632 total
- age  10:      24648 bytes,     314280 total
- age  12:      22704 bytes,     336984 total
- age  14:      13296 bytes,     350280 total
- age  15:      18064 bytes,     368344 total
, 0.0590710 secs]
   [Parallel Time: 50.5 ms, GC Workers: 4]
      [GC Worker Start (ms): Min: 194460.6, Avg: 194460.6, Max: 194460.7, Diff: 0.2]
      [Ext Root Scanning (ms): Min: 0.2, Avg: 0.3, Max: 0.4, Diff: 0.2, Sum: 1.3]
      [Update RS (ms): Min: 49.6, Avg: 49.6, Max: 49.6, Diff: 0.0, Sum: 198.3]
         [Processed Buffers: Min: 514, Avg: 517.5, Max: 521, Diff: 7, Sum: 2070]
      [Scan RS (ms): Min: 0.0, Avg: 0.0, Max: 0.0, Diff: 0.0, Sum: 0.1]
      [Code Root Scanning (ms): Min: 0.0, Avg: 0.0, Max: 0.0, Diff: 0.0, Sum: 0.0]
      [Object Copy (ms): Min: 0.4, Avg: 0.4, Max: 0.5, Diff: 0.1, Sum: 1.8]
      [Termination (ms): Min: 0.0, Avg: 0.0, Max: 0.0, Diff: 0.0, Sum: 0.0]
         [Termination Attempts: Min: 1, Avg: 1.0, Max: 1, Diff: 0, Sum: 4]
      [GC Worker Other (ms): Min: 0.0, Avg: 0.0, Max: 0.0, Diff: 0.0, Sum: 0.1]
      [GC Worker Total (ms): Min: 50.3, Avg: 50.4, Max: 50.4, Diff: 0.2, Sum: 201.6]
      [GC Worker End (ms): Min: 194511.0, Avg: 194511.0, Max: 194511.0, Diff: 0.0]
   [Code Root Fixup: 0.0 ms]
   [Code Root Purge: 0.0 ms]
   [Clear CT: 0.0 ms]
   [Other: 8.5 ms]
      [Choose CSet: 0.0 ms]
      [Ref Proc: 0.1 ms]
      [Ref Enq: 0.0 ms]
      [Redirty Cards: 0.0 ms]
      [Humongous Register: 0.8 ms]
      [Humongous Reclaim: 2.5 ms]
      [Free CSet: 0.1 ms]
   [Eden: 63.0M(888.0M)->0.0B(1280.0M) Survivors: 1024.0K->1024.0K Heap: 4980.1M(5120.0M)->3248.0M(5120.0M)]
 [Times: user=0.17 sys=0.00, real=0.06 secs] 
2016-06-26T19:46:05.278+0300: 194.514: Total time for which application threads were stopped: 0.0667093 seconds, Stopping threads took: 0.0068065 seconds
2016-06-26T19:46:05.288+0300: 194.525: [GC pause (G1 Humongous Allocation) (young) (initial-mark)
Desired survivor size 84410368 bytes, new threshold 15 (max 15)
- age   1:      42280 bytes,      42280 total
- age   3:      32944 bytes,      75224 total
- age   4:         16 bytes,      75240 total
- age   5:      26080 bytes,     101320 total
- age   7:      22424 bytes,     123744 total
- age   9:      24200 bytes,     147944 total
- age  11:      22040 bytes,     169984 total
- age  13:      21912 bytes,     191896 total
- age  15:      13216 bytes,     205112 total
, 0.0032450 secs]
   [Parallel Time: 1.5 ms, GC Workers: 4]
      [GC Worker Start (ms): Min: 194525.6, Avg: 194525.7, Max: 194526.1, Diff: 0.5]
      [Ext Root Scanning (ms): Min: 0.0, Avg: 0.4, Max: 0.7, Diff: 0.6, Sum: 1.7]
      [Update RS (ms): Min: 0.3, Avg: 0.4, Max: 0.5, Diff: 0.2, Sum: 1.7]
         [Processed Buffers: Min: 3, Avg: 5.0, Max: 7, Diff: 4, Sum: 20]
      [Scan RS (ms): Min: 0.0, Avg: 0.0, Max: 0.0, Diff: 0.0, Sum: 0.0]
      [Code Root Scanning (ms): Min: 0.0, Avg: 0.0, Max: 0.0, Diff: 0.0, Sum: 0.0]
      [Object Copy (ms): Min: 0.3, Avg: 0.4, Max: 0.5, Diff: 0.2, Sum: 1.7]
      [Termination (ms): Min: 0.0, Avg: 0.0, Max: 0.0, Diff: 0.0, Sum: 0.0]
         [Termination Attempts: Min: 1, Avg: 1.0, Max: 1, Diff: 0, Sum: 4]
      [GC Worker Other (ms): Min: 0.0, Avg: 0.0, Max: 0.0, Diff: 0.0, Sum: 0.0]
      [GC Worker Total (ms): Min: 0.9, Avg: 1.3, Max: 1.4, Diff: 0.5, Sum: 5.2]
      [GC Worker End (ms): Min: 194527.0, Avg: 194527.0, Max: 194527.0, Diff: 0.0]
   [Code Root Fixup: 0.0 ms]
   [Code Root Purge: 0.0 ms]
   [Clear CT: 0.0 ms]
   [Other: 1.7 ms]
      [Choose CSet: 0.0 ms]
      [Ref Proc: 0.0 ms]
      [Ref Enq: 0.0 ms]
      [Redirty Cards: 0.0 ms]
      [Humongous Register: 0.6 ms]
      [Humongous Reclaim: 0.3 ms]
      [Free CSet: 0.0 ms]
   [Eden: 1024.0K(1280.0M)->0.0B(1278.0M) Survivors: 1024.0K->1024.0K Heap: 3250.5M(5120.0M)->3249.9M(5120.0M)]
 [Times: user=0.00 sys=0.00, real=0.00 secs] 
2016-06-26T19:46:05.292+0300: 194.528: [GC concurrent-root-region-scan-start]
2016-06-26T19:46:05.292+0300: 194.528: Total time for which application threads were stopped: 0.0037865 seconds, Stopping threads took: 0.0000671 seconds
2016-06-26T19:46:05.293+0300: 194.529: [GC concurrent-root-region-scan-end, 0.0013937 secs]
2016-06-26T19:46:05.293+0300: 194.529: [GC concurrent-mark-start]
2016-06-26T19:46:05.310+0300: 194.546: [GC concurrent-mark-end, 0.0160648 secs]
2016-06-26T19:46:05.386+0300: 194.622: [GC remark 2016-06-26T19:46:05.386+0300: 194.623: [Finalize Marking, 0.0003045 secs] 2016-06-26T19:46:05.386+0300: 194.623: [GC ref-proc, 0.0001061 secs] 2016-06-26T19:46:05.387+0300: 194.623: [Unloading, 0.0015674 secs], 0.0199253 secs]
 [Times: user=0.13 sys=0.00, real=0.02 secs] 
2016-06-26T19:46:05.406+0300: 194.642: Total time for which application threads were stopped: 0.0661230 seconds, Stopping threads took: 0.0459365 seconds
2016-06-26T19:46:05.540+0300: 194.776: [GC cleanup 3310M->3310M(5120M), 0.0030312 secs]
 [Times: user=0.00 sys=0.00, real=0.00 secs] 
2016-06-26T19:46:05.543+0300: 194.779: Total time for which application threads were stopped: 0.0141258 seconds, Stopping threads took: 0.0108184 seconds
2016-06-26T19:46:07.140+0300: 196.377: Total time for which application threads were stopped: 0.0076798 seconds, Stopping threads took: 0.0066663 seconds
2016-06-26T19:46:08.194+0300: 197.430: [GC pause (G1 Humongous Allocation) (young)
Desired survivor size 83886080 bytes, new threshold 15 (max 15)
- age   1:         40 bytes,         40 total
- age   2:      42232 bytes,      42272 total
- age   4:      32920 bytes,      75192 total
- age   5:         16 bytes,      75208 total
- age   6:      26080 bytes,     101288 total
- age   8:      22424 bytes,     123712 total
- age  10:      24200 bytes,     147912 total
- age  12:      22040 bytes,     169952 total
- age  14:      21912 bytes,     191864 total
, 0.0686214 secs]
   [Parallel Time: 60.2 ms, GC Workers: 4]
      [GC Worker Start (ms): Min: 197435.7, Avg: 197438.0, Max: 197444.6, Diff: 8.9]
      [Ext Root Scanning (ms): Min: 0.0, Avg: 0.4, Max: 0.5, Diff: 0.5, Sum: 1.5]
      [Update RS (ms): Min: 51.1, Avg: 56.9, Max: 59.5, Diff: 8.4, Sum: 227.6]
         [Processed Buffers: Min: 325, Avg: 513.3, Max: 633, Diff: 308, Sum: 2053]
      [Scan RS (ms): Min: 0.0, Avg: 0.0, Max: 0.0, Diff: 0.0, Sum: 0.0]
      [Code Root Scanning (ms): Min: 0.0, Avg: 0.0, Max: 0.0, Diff: 0.0, Sum: 0.0]
      [Object Copy (ms): Min: 0.0, Avg: 0.4, Max: 0.8, Diff: 0.8, Sum: 1.6]
      [Termination (ms): Min: 0.0, Avg: 0.2, Max: 0.2, Diff: 0.2, Sum: 0.6]
         [Termination Attempts: Min: 1, Avg: 1.0, Max: 1, Diff: 0, Sum: 4]
      [GC Worker Other (ms): Min: 0.0, Avg: 0.0, Max: 0.0, Diff: 0.0, Sum: 0.0]
      [GC Worker Total (ms): Min: 51.2, Avg: 57.9, Max: 60.1, Diff: 8.9, Sum: 231.5]
      [GC Worker End (ms): Min: 197495.8, Avg: 197495.8, Max: 197495.9, Diff: 0.1]
   [Code Root Fixup: 0.0 ms]
   [Code Root Purge: 0.0 ms]
   [Clear CT: 0.0 ms]
   [Other: 8.4 ms]
      [Choose CSet: 0.0 ms]
      [Ref Proc: 0.1 ms]
      [Ref Enq: 0.0 ms]
      [Redirty Cards: 0.0 ms]
      [Humongous Register: 0.8 ms]
      [Humongous Reclaim: 2.5 ms]
      [Free CSet: 0.1 ms]
   [Eden: 64.0M(1278.0M)->0.0B(682.0M) Survivors: 1024.0K->1024.0K Heap: 4979.9M(5120.0M)->3832.0M(5120.0M)]
 [Times: user=0.19 sys=0.00, real=0.07 secs] 
2016-06-26T19:46:08.262+0300: 197.499: Total time for which application threads were stopped: 0.0847889 seconds, Stopping threads took: 0.0152741 seconds
2016-06-26T19:46:08.268+0300: 197.504: [GC pause (G1 Humongous Allocation) (young) (initial-mark)
Desired survivor size 45088768 bytes, new threshold 15 (max 15)
- age   1:      41784 bytes,      41784 total
- age   2:         16 bytes,      41800 total
- age   3:      35344 bytes,      77144 total
- age   5:      27712 bytes,     104856 total
- age   6:         16 bytes,     104872 total
- age   7:      23304 bytes,     128176 total
- age   9:      20512 bytes,     148688 total
- age  11:      23432 bytes,     172120 total
- age  13:      21768 bytes,     193888 total
- age  15:      21912 bytes,     215800 total
, 0.0032420 secs]
   [Parallel Time: 1.5 ms, GC Workers: 4]
      [GC Worker Start (ms): Min: 197505.2, Avg: 197505.2, Max: 197505.4, Diff: 0.2]
      [Ext Root Scanning (ms): Min: 0.4, Avg: 0.5, Max: 0.6, Diff: 0.2, Sum: 2.1]
      [Update RS (ms): Min: 0.4, Avg: 0.4, Max: 0.4, Diff: 0.1, Sum: 1.6]
         [Processed Buffers: Min: 4, Avg: 4.5, Max: 5, Diff: 1, Sum: 18]
      [Scan RS (ms): Min: 0.0, Avg: 0.0, Max: 0.0, Diff: 0.0, Sum: 0.0]
      [Code Root Scanning (ms): Min: 0.0, Avg: 0.0, Max: 0.0, Diff: 0.0, Sum: 0.0]
      [Object Copy (ms): Min: 0.4, Avg: 0.5, Max: 0.5, Diff: 0.1, Sum: 1.8]
      [Termination (ms): Min: 0.0, Avg: 0.0, Max: 0.0, Diff: 0.0, Sum: 0.0]
         [Termination Attempts: Min: 1, Avg: 1.0, Max: 1, Diff: 0, Sum: 4]
      [GC Worker Other (ms): Min: 0.0, Avg: 0.0, Max: 0.0, Diff: 0.0, Sum: 0.1]
      [GC Worker Total (ms): Min: 1.3, Avg: 1.4, Max: 1.5, Diff: 0.2, Sum: 5.6]
      [GC Worker End (ms): Min: 197506.7, Avg: 197506.7, Max: 197506.7, Diff: 0.0]
   [Code Root Fixup: 0.0 ms]
   [Code Root Purge: 0.0 ms]
   [Clear CT: 0.0 ms]
   [Other: 1.7 ms]
      [Choose CSet: 0.0 ms]
      [Ref Proc: 0.0 ms]
      [Ref Enq: 0.0 ms]
      [Redirty Cards: 0.0 ms]
      [Humongous Register: 0.7 ms]
      [Humongous Reclaim: 0.3 ms]
      [Free CSet: 0.0 ms]
   [Eden: 1024.0K(682.0M)->0.0B(677.0M) Survivors: 1024.0K->1024.0K Heap: 3834.9M(5120.0M)->3833.9M(5120.0M)]
 [Times: user=0.00 sys=0.00, real=0.00 secs] 
2016-06-26T19:46:08.271+0300: 197.508: [GC concurrent-root-region-scan-start]
2016-06-26T19:46:08.271+0300: 197.508: Total time for which application threads were stopped: 0.0041260 seconds, Stopping threads took: 0.0001317 seconds
2016-06-26T19:46:08.273+0300: 197.509: [GC concurrent-root-region-scan-end, 0.0015152 secs]
2016-06-26T19:46:08.273+0300: 197.509: [GC concurrent-mark-start]
2016-06-26T19:46:08.291+0300: 197.527: [GC concurrent-mark-end, 0.0165836 secs]
2016-06-26T19:46:08.314+0300: 197.551: [GC remark 2016-06-26T19:46:08.314+0300: 197.551: [Finalize Marking, 0.0004251 secs] 2016-06-26T19:46:08.315+0300: 197.551: [GC ref-proc, 0.0001031 secs] 2016-06-26T19:46:08.315+0300: 197.551: [Unloading, 0.0022063 secs], 0.0240055 secs]
 [Times: user=0.06 sys=0.00, real=0.02 secs] 
2016-06-26T19:46:08.338+0300: 197.575: Total time for which application threads were stopped: 0.0301778 seconds, Stopping threads took: 0.0057558 seconds
2016-06-26T19:46:08.387+0300: 197.623: [GC cleanup 3882M->3882M(5120M), 0.0022131 secs]
 [Times: user=0.00 sys=0.00, real=0.00 secs] 
2016-06-26T19:46:08.389+0300: 197.626: Total time for which application threads were stopped: 0.0097646 seconds, Stopping threads took: 0.0071264 seconds
2016-06-26T19:46:09.401+0300: 198.638: Total time for which application threads were stopped: 0.0122433 seconds, Stopping threads took: 0.0118730 seconds
2016-06-26T19:46:10.045+0300: 199.282: [GC pause (G1 Humongous Allocation) (young)
Desired survivor size 44564480 bytes, new threshold 15 (max 15)
- age   1:       9072 bytes,       9072 total
- age   2:      41760 bytes,      50832 total
- age   3:         16 bytes,      50848 total
- age   4:      35344 bytes,      86192 total
- age   6:      27712 bytes,     113904 total
- age   7:         16 bytes,     113920 total
- age   8:      23304 bytes,     137224 total
- age  10:      20512 bytes,     157736 total
- age  12:      23432 bytes,     181168 total
- age  14:      21768 bytes,     202936 total
, 0.0624435 secs]
   [Parallel Time: 54.4 ms, GC Workers: 4]
      [GC Worker Start (ms): Min: 199287.4, Avg: 199287.4, Max: 199287.4, Diff: 0.0]
      [Ext Root Scanning (ms): Min: 0.5, Avg: 0.5, Max: 0.5, Diff: 0.0, Sum: 2.0]
      [Update RS (ms): Min: 53.2, Avg: 53.3, Max: 53.8, Diff: 0.6, Sum: 213.4]
         [Processed Buffers: Min: 320, Avg: 501.0, Max: 565, Diff: 245, Sum: 2004]
      [Scan RS (ms): Min: 0.0, Avg: 0.0, Max: 0.0, Diff: 0.0, Sum: 0.0]
      [Code Root Scanning (ms): Min: 0.0, Avg: 0.0, Max: 0.0, Diff: 0.0, Sum: 0.0]
      [Object Copy (ms): Min: 0.0, Avg: 0.4, Max: 0.6, Diff: 0.5, Sum: 1.7]
      [Termination (ms): Min: 0.0, Avg: 0.1, Max: 0.1, Diff: 0.1, Sum: 0.3]
         [Termination Attempts: Min: 1, Avg: 1.0, Max: 1, Diff: 0, Sum: 4]
      [GC Worker Other (ms): Min: 0.0, Avg: 0.0, Max: 0.0, Diff: 0.0, Sum: 0.0]
      [GC Worker Total (ms): Min: 54.3, Avg: 54.3, Max: 54.3, Diff: 0.0, Sum: 217.4]
      [GC Worker End (ms): Min: 199341.8, Avg: 199341.8, Max: 199341.8, Diff: 0.0]
   [Code Root Fixup: 0.0 ms]
   [Code Root Purge: 0.0 ms]
   [Clear CT: 0.0 ms]
   [Other: 8.0 ms]
      [Choose CSet: 0.0 ms]
      [Ref Proc: 0.1 ms]
      [Ref Enq: 0.0 ms]
      [Redirty Cards: 0.0 ms]
      [Humongous Register: 0.8 ms]
      [Humongous Reclaim: 1.9 ms]
      [Free CSet: 0.0 ms]
   [Eden: 62.0M(677.0M)->0.0B(917.0M) Survivors: 1024.0K->1024.0K Heap: 4979.9M(5120.0M)->3599.6M(5120.0M)]
 [Times: user=0.17 sys=0.00, real=0.06 secs] 
2016-06-26T19:46:10.108+0300: 199.344: Total time for which application threads were stopped: 0.0672307 seconds, Stopping threads took: 0.0036727 seconds
2016-06-26T19:46:10.115+0300: 199.352: [GC pause (G1 Humongous Allocation) (young) (initial-mark)
Desired survivor size 60293120 bytes, new threshold 15 (max 15)
- age   1:      35872 bytes,      35872 total
- age   2:       9048 bytes,      44920 total
- age   3:      34520 bytes,      79440 total
- age   4:         16 bytes,      79456 total
- age   5:      30720 bytes,     110176 total
- age   7:      24696 bytes,     134872 total
- age   9:      20512 bytes,     155384 total
- age  11:      18776 bytes,     174160 total
- age  13:      22432 bytes,     196592 total
- age  15:      21648 bytes,     218240 total
, 0.0042701 secs]
   [Parallel Time: 2.6 ms, GC Workers: 4]
      [GC Worker Start (ms): Min: 199352.6, Avg: 199353.1, Max: 199353.6, Diff: 1.0]
      [Ext Root Scanning (ms): Min: 0.0, Avg: 1.2, Max: 2.3, Diff: 2.3, Sum: 4.8]
      [Update RS (ms): Min: 0.0, Avg: 0.4, Max: 0.7, Diff: 0.7, Sum: 1.4]
         [Processed Buffers: Min: 0, Avg: 4.8, Max: 10, Diff: 10, Sum: 19]
      [Scan RS (ms): Min: 0.0, Avg: 0.0, Max: 0.0, Diff: 0.0, Sum: 0.0]
      [Code Root Scanning (ms): Min: 0.0, Avg: 0.0, Max: 0.0, Diff: 0.0, Sum: 0.0]
      [Object Copy (ms): Min: 0.0, Avg: 0.4, Max: 0.8, Diff: 0.8, Sum: 1.7]
      [Termination (ms): Min: 0.0, Avg: 0.0, Max: 0.1, Diff: 0.1, Sum: 0.2]
         [Termination Attempts: Min: 1, Avg: 1.0, Max: 1, Diff: 0, Sum: 4]
      [GC Worker Other (ms): Min: 0.0, Avg: 0.0, Max: 0.0, Diff: 0.0, Sum: 0.0]
      [GC Worker Total (ms): Min: 1.6, Avg: 2.0, Max: 2.5, Diff: 1.0, Sum: 8.2]
      [GC Worker End (ms): Min: 199355.2, Avg: 199355.2, Max: 199355.2, Diff: 0.0]
   [Code Root Fixup: 0.0 ms]
   [Code Root Purge: 0.0 ms]
   [Clear CT: 0.0 ms]
   [Other: 1.6 ms]
      [Choose CSet: 0.0 ms]
      [Ref Proc: 0.1 ms]
      [Ref Enq: 0.0 ms]
      [Redirty Cards: 0.0 ms]
      [Humongous Register: 0.7 ms]
      [Humongous Reclaim: 0.2 ms]
      [Free CSet: 0.0 ms]
   [Eden: 1024.0K(917.0M)->0.0B(916.0M) Survivors: 1024.0K->1024.0K Heap: 3602.1M(5120.0M)->3601.6M(5120.0M)]
 [Times: user=0.00 sys=0.00, real=0.00 secs] 
2016-06-26T19:46:10.120+0300: 199.356: [GC concurrent-root-region-scan-start]
2016-06-26T19:46:10.120+0300: 199.356: Total time for which application threads were stopped: 0.0049514 seconds, Stopping threads took: 0.0000603 seconds
2016-06-26T19:46:10.121+0300: 199.358: [GC concurrent-root-region-scan-end, 0.0014309 secs]
2016-06-26T19:46:10.121+0300: 199.358: [GC concurrent-mark-start]
2016-06-26T19:46:10.139+0300: 199.375: [GC concurrent-mark-end, 0.0178067 secs]
2016-06-26T19:46:10.160+0300: 199.397: [GC remark 2016-06-26T19:46:10.160+0300: 199.397: [Finalize Marking, 0.0004336 secs] 2016-06-26T19:46:10.161+0300: 199.397: [GC ref-proc, 0.0000988 secs] 2016-06-26T19:46:10.161+0300: 199.397: [Unloading, 0.0017688 secs], 0.0219301 secs]
 [Times: user=0.06 sys=0.00, real=0.02 secs] 
2016-06-26T19:46:10.182+0300: 199.419: Total time for which application threads were stopped: 0.0253796 seconds, Stopping threads took: 0.0030047 seconds
2016-06-26T19:46:10.186+0300: 199.422: [GC cleanup 3625M->3625M(5120M), 0.0022807 secs]
 [Times: user=0.06 sys=0.00, real=0.00 secs] 
2016-06-26T19:46:10.188+0300: 199.424: Total time for which application threads were stopped: 0.0027750 seconds, Stopping threads took: 0.0000582 seconds
2016-06-26T19:46:10.538+0300: 199.774: Total time for which application threads were stopped: 0.0241582 seconds, Stopping threads took: 0.0231532 seconds
2016-06-26T19:46:10.919+0300: 200.156: Total time for which application threads were stopped: 0.0065820 seconds, Stopping threads took: 0.0055445 seconds
2016-06-26T19:46:11.921+0300: 201.158: Total time for which application threads were stopped: 0.0021832 seconds, Stopping threads took: 0.0019616 seconds
2016-06-26T19:46:12.568+0300: 201.805: [GC pause (G1 Humongous Allocation) (young)
Desired survivor size 60293120 bytes, new threshold 15 (max 15)
- age   1:         40 bytes,         40 total
- age   2:      35848 bytes,      35888 total
- age   3:       9048 bytes,      44936 total
- age   4:      34520 bytes,      79456 total
- age   5:         16 bytes,      79472 total
- age   6:      30720 bytes,     110192 total
- age   8:      24696 bytes,     134888 total
- age  10:      20512 bytes,     155400 total
- age  12:      18776 bytes,     174176 total
- age  14:      22432 bytes,     196608 total
, 0.0585253 secs]
   [Parallel Time: 50.2 ms, GC Workers: 4]
      [GC Worker Start (ms): Min: 201810.9, Avg: 201810.9, Max: 201810.9, Diff: 0.0]
      [Ext Root Scanning (ms): Min: 0.4, Avg: 0.4, Max: 0.4, Diff: 0.0, Sum: 1.5]
      [Update RS (ms): Min: 49.3, Avg: 49.3, Max: 49.3, Diff: 0.0, Sum: 197.2]
         [Processed Buffers: Min: 509, Avg: 517.5, Max: 522, Diff: 13, Sum: 2070]
      [Scan RS (ms): Min: 0.0, Avg: 0.0, Max: 0.0, Diff: 0.0, Sum: 0.0]
      [Code Root Scanning (ms): Min: 0.0, Avg: 0.0, Max: 0.0, Diff: 0.0, Sum: 0.0]
      [Object Copy (ms): Min: 0.4, Avg: 0.4, Max: 0.4, Diff: 0.0, Sum: 1.6]
      [Termination (ms): Min: 0.0, Avg: 0.0, Max: 0.0, Diff: 0.0, Sum: 0.0]
         [Termination Attempts: Min: 1, Avg: 1.0, Max: 1, Diff: 0, Sum: 4]
      [GC Worker Other (ms): Min: 0.0, Avg: 0.0, Max: 0.0, Diff: 0.0, Sum: 0.1]
      [GC Worker Total (ms): Min: 50.1, Avg: 50.1, Max: 50.1, Diff: 0.0, Sum: 200.5]
      [GC Worker End (ms): Min: 201861.0, Avg: 201861.0, Max: 201861.0, Diff: 0.0]
   [Code Root Fixup: 0.0 ms]
   [Code Root Purge: 0.0 ms]
   [Clear CT: 0.0 ms]
   [Other: 8.3 ms]
      [Choose CSet: 0.0 ms]
      [Ref Proc: 0.0 ms]
      [Ref Enq: 0.0 ms]
      [Redirty Cards: 0.0 ms]
      [Humongous Register: 0.8 ms]
      [Humongous Reclaim: 2.0 ms]
      [Free CSet: 0.1 ms]
   [Eden: 63.0M(916.0M)->0.0B(1068.0M) Survivors: 1024.0K->1024.0K Heap: 4981.0M(5120.0M)->3453.2M(5120.0M)]
 [Times: user=0.25 sys=0.00, real=0.06 secs] 
2016-06-26T19:46:12.627+0300: 201.864: Total time for which application threads were stopped: 0.0674034 seconds, Stopping threads took: 0.0079454 seconds
2016-06-26T19:46:12.631+0300: 201.867: Total time for which application threads were stopped: 0.0008403 seconds, Stopping threads took: 0.0000714 seconds
2016-06-26T19:46:12.695+0300: 201.932: [GC pause (G1 Humongous Allocation) (young) (initial-mark)
Desired survivor size 70254592 bytes, new threshold 15 (max 15)
- age   1:      41440 bytes,      41440 total
- age   2:         16 bytes,      41456 total
- age   3:      23272 bytes,      64728 total
- age   4:       9048 bytes,      73776 total
- age   5:      29680 bytes,     103456 total
- age   6:         16 bytes,     103472 total
- age   7:      26040 bytes,     129512 total
- age   9:      21536 bytes,     151048 total
- age  11:      18312 bytes,     169360 total
- age  13:      18104 bytes,     187464 total
- age  15:      22376 bytes,     209840 total
, 0.0048539 secs]
   [Parallel Time: 2.8 ms, GC Workers: 4]
      [GC Worker Start (ms): Min: 201933.3, Avg: 201933.3, Max: 201933.4, Diff: 0.0]
      [Ext Root Scanning (ms): Min: 0.4, Avg: 0.4, Max: 0.4, Diff: 0.1, Sum: 1.5]
      [Update RS (ms): Min: 1.9, Avg: 1.9, Max: 2.0, Diff: 0.1, Sum: 7.8]
         [Processed Buffers: Min: 19, Avg: 20.5, Max: 22, Diff: 3, Sum: 82]
      [Scan RS (ms): Min: 0.0, Avg: 0.0, Max: 0.0, Diff: 0.0, Sum: 0.0]
      [Code Root Scanning (ms): Min: 0.0, Avg: 0.0, Max: 0.0, Diff: 0.0, Sum: 0.0]
      [Object Copy (ms): Min: 0.3, Avg: 0.4, Max: 0.5, Diff: 0.1, Sum: 1.7]
      [Termination (ms): Min: 0.0, Avg: 0.0, Max: 0.0, Diff: 0.0, Sum: 0.0]
         [Termination Attempts: Min: 1, Avg: 1.0, Max: 1, Diff: 0, Sum: 4]
      [GC Worker Other (ms): Min: 0.0, Avg: 0.0, Max: 0.0, Diff: 0.0, Sum: 0.0]
      [GC Worker Total (ms): Min: 2.7, Avg: 2.8, Max: 2.8, Diff: 0.0, Sum: 11.1]
      [GC Worker End (ms): Min: 201936.1, Avg: 201936.1, Max: 201936.1, Diff: 0.0]
   [Code Root Fixup: 0.0 ms]
   [Code Root Purge: 0.0 ms]
   [Clear CT: 0.0 ms]
   [Other: 2.0 ms]
      [Choose CSet: 0.0 ms]
      [Ref Proc: 0.1 ms]
      [Ref Enq: 0.0 ms]
      [Redirty Cards: 0.0 ms]
      [Humongous Register: 0.6 ms]
      [Humongous Reclaim: 0.4 ms]
      [Free CSet: 0.0 ms]
   [Eden: 2048.0K(1068.0M)->0.0B(1092.0M) Survivors: 1024.0K->1024.0K Heap: 3460.1M(5120.0M)->3429.6M(5120.0M)]
 [Times: user=0.00 sys=0.00, real=0.01 secs] 
2016-06-26T19:46:12.701+0300: 201.937: [GC concurrent-root-region-scan-start]
2016-06-26T19:46:12.701+0300: 201.937: Total time for which application threads were stopped: 0.0053893 seconds, Stopping threads took: 0.0000744 seconds
2016-06-26T19:46:12.702+0300: 201.939: [GC concurrent-root-region-scan-end, 0.0014369 secs]
2016-06-26T19:46:12.702+0300: 201.939: [GC concurrent-mark-start]
2016-06-26T19:46:12.718+0300: 201.955: [GC concurrent-mark-end, 0.0157988 secs]
2016-06-26T19:46:12.736+0300: 201.973: [GC remark 2016-06-26T19:46:12.736+0300: 201.973: [Finalize Marking, 0.0003383 secs] 2016-06-26T19:46:12.737+0300: 201.973: [GC ref-proc, 0.0001022 secs] 2016-06-26T19:46:12.737+0300: 201.974: [Unloading, 0.0016071 secs], 0.0210175 secs]
 [Times: user=0.06 sys=0.00, real=0.02 secs] 
2016-06-26T19:46:12.757+0300: 201.994: Total time for which application threads were stopped: 0.0223911 seconds, Stopping threads took: 0.0011157 seconds
2016-06-26T19:46:12.802+0300: 202.038: [GC cleanup 3480M->3480M(5120M), 0.0022845 secs]
 [Times: user=0.00 sys=0.00, real=0.00 secs] 
2016-06-26T19:46:12.804+0300: 202.041: Total time for which application threads were stopped: 0.0049672 seconds, Stopping threads took: 0.0024239 seconds
2016-06-26T19:46:13.824+0300: 203.061: [GC pause (G1 Humongous Allocation) (young) (initial-mark)
Desired survivor size 71827456 bytes, new threshold 15 (max 15)
- age   1:       1832 bytes,       1832 total
- age   2:      39672 bytes,      41504 total
- age   3:         16 bytes,      41520 total
- age   4:      23096 bytes,      64616 total
- age   5:       9048 bytes,      73664 total
- age   6:      29600 bytes,     103264 total
- age   7:         16 bytes,     103280 total
- age   8:      26016 bytes,     129296 total
- age  10:      21536 bytes,     150832 total
- age  12:      18312 bytes,     169144 total
- age  14:      18104 bytes,     187248 total
, 0.0534179 secs]
   [Parallel Time: 46.5 ms, GC Workers: 4]
      [GC Worker Start (ms): Min: 203066.4, Avg: 203066.4, Max: 203066.4, Diff: 0.0]
      [Ext Root Scanning (ms): Min: 0.4, Avg: 0.5, Max: 0.5, Diff: 0.0, Sum: 1.9]
      [Update RS (ms): Min: 45.5, Avg: 45.5, Max: 45.6, Diff: 0.1, Sum: 182.0]
         [Processed Buffers: Min: 476, Avg: 483.8, Max: 489, Diff: 13, Sum: 1935]
      [Scan RS (ms): Min: 0.0, Avg: 0.0, Max: 0.0, Diff: 0.0, Sum: 0.0]
      [Code Root Scanning (ms): Min: 0.0, Avg: 0.0, Max: 0.0, Diff: 0.0, Sum: 0.0]
      [Object Copy (ms): Min: 0.4, Avg: 0.4, Max: 0.5, Diff: 0.1, Sum: 1.7]
      [Termination (ms): Min: 0.0, Avg: 0.0, Max: 0.0, Diff: 0.0, Sum: 0.0]
         [Termination Attempts: Min: 1, Avg: 1.0, Max: 1, Diff: 0, Sum: 4]
      [GC Worker Other (ms): Min: 0.0, Avg: 0.0, Max: 0.0, Diff: 0.0, Sum: 0.1]
      [GC Worker Total (ms): Min: 46.4, Avg: 46.4, Max: 46.4, Diff: 0.0, Sum: 185.7]
      [GC Worker End (ms): Min: 203112.8, Avg: 203112.8, Max: 203112.8, Diff: 0.0]
   [Code Root Fixup: 0.0 ms]
   [Code Root Purge: 0.0 ms]
   [Clear CT: 0.0 ms]
   [Other: 6.9 ms]
      [Choose CSet: 0.0 ms]
      [Ref Proc: 0.1 ms]
      [Ref Enq: 0.0 ms]
      [Redirty Cards: 0.0 ms]
      [Humongous Register: 0.7 ms]
      [Humongous Reclaim: 0.9 ms]
      [Free CSet: 0.0 ms]
   [Eden: 56.0M(1092.0M)->0.0B(779.0M) Survivors: 1024.0K->1024.0K Heap: 4202.5M(5120.0M)->3736.4M(5120.0M)]
 [Times: user=0.20 sys=0.00, real=0.05 secs] 
2016-06-26T19:46:13.878+0300: 203.114: [GC concurrent-root-region-scan-start]
2016-06-26T19:46:13.878+0300: 203.114: Total time for which application threads were stopped: 0.0601517 seconds, Stopping threads took: 0.0060979 seconds
2016-06-26T19:46:13.880+0300: 203.116: [GC concurrent-root-region-scan-end, 0.0016366 secs]
2016-06-26T19:46:13.880+0300: 203.116: [GC concurrent-mark-start]
2016-06-26T19:46:13.897+0300: 203.134: [GC concurrent-mark-end, 0.0172648 secs]
2016-06-26T19:46:13.929+0300: 203.165: [GC remark 2016-06-26T19:46:13.929+0300: 203.165: [Finalize Marking, 0.0003627 secs] 2016-06-26T19:46:13.929+0300: 203.166: [GC ref-proc, 0.0001061 secs] 2016-06-26T19:46:13.929+0300: 203.166: [Unloading, 0.0017718 secs], 0.0227568 secs]
 [Times: user=0.06 sys=0.00, real=0.02 secs] 
2016-06-26T19:46:13.951+0300: 203.188: Total time for which application threads were stopped: 0.0288654 seconds, Stopping threads took: 0.0056912 seconds
2016-06-26T19:46:13.959+0300: 203.196: [GC cleanup 3767M->3767M(5120M), 0.0022730 secs]
 [Times: user=0.00 sys=0.00, real=0.00 secs] 
2016-06-26T19:46:13.962+0300: 203.198: Total time for which application threads were stopped: 0.0028016 seconds, Stopping threads took: 0.0000667 seconds
2016-06-26T19:46:14.979+0300: 204.216: Total time for which application threads were stopped: 0.0072372 seconds, Stopping threads took: 0.0062472 seconds
2016-06-26T19:46:15.785+0300: 205.022: [GC pause (G1 Humongous Allocation) (young)
Desired survivor size 51380224 bytes, new threshold 15 (max 15)
- age   1:      11448 bytes,      11448 total
- age   2:       1808 bytes,      13256 total
- age   3:      36816 bytes,      50072 total
- age   4:         16 bytes,      50088 total
- age   5:      21000 bytes,      71088 total
- age   6:       9048 bytes,      80136 total
- age   7:      28336 bytes,     108472 total
- age   8:         16 bytes,     108488 total
- age   9:      25336 bytes,     133824 total
- age  11:      21176 bytes,     155000 total
- age  13:      18256 bytes,     173256 total
- age  15:      18104 bytes,     191360 total
, 0.0576572 secs]
   [Parallel Time: 49.8 ms, GC Workers: 4]
      [GC Worker Start (ms): Min: 205027.4, Avg: 205027.5, Max: 205027.5, Diff: 0.0]
      [Ext Root Scanning (ms): Min: 0.4, Avg: 0.4, Max: 0.4, Diff: 0.0, Sum: 1.6]
      [Update RS (ms): Min: 48.8, Avg: 48.9, Max: 48.9, Diff: 0.0, Sum: 195.4]
         [Processed Buffers: Min: 510, Avg: 517.5, Max: 521, Diff: 11, Sum: 2070]
      [Scan RS (ms): Min: 0.0, Avg: 0.0, Max: 0.0, Diff: 0.0, Sum: 0.0]
      [Code Root Scanning (ms): Min: 0.0, Avg: 0.0, Max: 0.0, Diff: 0.0, Sum: 0.0]
      [Object Copy (ms): Min: 0.4, Avg: 0.4, Max: 0.4, Diff: 0.0, Sum: 1.7]
      [Termination (ms): Min: 0.0, Avg: 0.0, Max: 0.0, Diff: 0.0, Sum: 0.0]
         [Termination Attempts: Min: 1, Avg: 1.0, Max: 1, Diff: 0, Sum: 4]
      [GC Worker Other (ms): Min: 0.0, Avg: 0.0, Max: 0.0, Diff: 0.0, Sum: 0.1]
      [GC Worker Total (ms): Min: 49.7, Avg: 49.7, Max: 49.7, Diff: 0.0, Sum: 198.9]
      [GC Worker End (ms): Min: 205077.2, Avg: 205077.2, Max: 205077.2, Diff: 0.0]
   [Code Root Fixup: 0.0 ms]
   [Code Root Purge: 0.0 ms]
   [Clear CT: 0.0 ms]
   [Other: 7.8 ms]
      [Choose CSet: 0.0 ms]
      [Ref Proc: 0.0 ms]
      [Ref Enq: 0.0 ms]
      [Redirty Cards: 0.0 ms]
      [Humongous Register: 0.8 ms]
      [Humongous Reclaim: 1.9 ms]
      [Free CSet: 0.1 ms]
   [Eden: 63.0M(779.0M)->0.0B(939.0M) Survivors: 1024.0K->1024.0K Heap: 4981.0M(5120.0M)->3570.3M(5120.0M)]
 [Times: user=0.20 sys=0.00, real=0.06 secs] 
2016-06-26T19:46:15.843+0300: 205.080: Total time for which application threads were stopped: 0.0618893 seconds, Stopping threads took: 0.0032801 seconds
2016-06-26T19:46:15.848+0300: 205.084: [GC pause (G1 Humongous Allocation) (young) (initial-mark)
Desired survivor size 61865984 bytes, new threshold 15 (max 15)
- age   1:      47856 bytes,      47856 total
- age   2:       6344 bytes,      54200 total
- age   3:       1784 bytes,      55984 total
- age   4:      32416 bytes,      88400 total
- age   5:         16 bytes,      88416 total
- age   6:      17424 bytes,     105840 total
- age   7:       9032 bytes,     114872 total
- age   8:      24144 bytes,     139016 total
- age  10:      23360 bytes,     162376 total
- age  12:      20240 bytes,     182616 total
- age  14:      18168 bytes,     200784 total
, 0.0031557 secs]
   [Parallel Time: 1.4 ms, GC Workers: 4]
      [GC Worker Start (ms): Min: 205085.5, Avg: 205085.5, Max: 205085.5, Diff: 0.0]
      [Ext Root Scanning (ms): Min: 0.5, Avg: 0.5, Max: 0.5, Diff: 0.0, Sum: 1.9]
      [Update RS (ms): Min: 0.4, Avg: 0.4, Max: 0.5, Diff: 0.1, Sum: 1.7]
         [Processed Buffers: Min: 4, Avg: 4.8, Max: 6, Diff: 2, Sum: 19]
      [Scan RS (ms): Min: 0.0, Avg: 0.0, Max: 0.0, Diff: 0.0, Sum: 0.0]
      [Code Root Scanning (ms): Min: 0.0, Avg: 0.0, Max: 0.0, Diff: 0.0, Sum: 0.0]
      [Object Copy (ms): Min: 0.4, Avg: 0.4, Max: 0.4, Diff: 0.1, Sum: 1.7]
      [Termination (ms): Min: 0.0, Avg: 0.0, Max: 0.0, Diff: 0.0, Sum: 0.0]
         [Termination Attempts: Min: 1, Avg: 1.3, Max: 2, Diff: 1, Sum: 5]
      [GC Worker Other (ms): Min: 0.0, Avg: 0.0, Max: 0.0, Diff: 0.0, Sum: 0.0]
      [GC Worker Total (ms): Min: 1.3, Avg: 1.3, Max: 1.3, Diff: 0.0, Sum: 5.3]
      [GC Worker End (ms): Min: 205086.8, Avg: 205086.8, Max: 205086.8, Diff: 0.0]
   [Code Root Fixup: 0.0 ms]
   [Code Root Purge: 0.0 ms]
   [Clear CT: 0.0 ms]
   [Other: 1.8 ms]
      [Choose CSet: 0.0 ms]
      [Ref Proc: 0.0 ms]
      [Ref Enq: 0.0 ms]
      [Redirty Cards: 0.0 ms]
      [Humongous Register: 0.7 ms]
      [Humongous Reclaim: 0.3 ms]
      [Free CSet: 0.0 ms]
   [Eden: 1024.0K(939.0M)->0.0B(939.0M) Survivors: 1024.0K->1024.0K Heap: 3572.7M(5120.0M)->3572.3M(5120.0M)]
 [Times: user=0.00 sys=0.00, real=0.00 secs] 
2016-06-26T19:46:15.851+0300: 205.088: [GC concurrent-root-region-scan-start]
2016-06-26T19:46:15.851+0300: 205.088: Total time for which application threads were stopped: 0.0038352 seconds, Stopping threads took: 0.0000667 seconds
2016-06-26T19:46:15.853+0300: 205.089: [GC concurrent-root-region-scan-end, 0.0014938 secs]
2016-06-26T19:46:15.853+0300: 205.089: [GC concurrent-mark-start]
2016-06-26T19:46:15.870+0300: 205.106: [GC concurrent-mark-end, 0.0169407 secs]
2016-06-26T19:46:15.891+0300: 205.127: [GC remark 2016-06-26T19:46:15.891+0300: 205.127: [Finalize Marking, 0.0002925 secs] 2016-06-26T19:46:15.891+0300: 205.127: [GC ref-proc, 0.0001022 secs] 2016-06-26T19:46:15.891+0300: 205.128: [Unloading, 0.0017012 secs], 0.0216667 secs]
 [Times: user=0.06 sys=0.00, real=0.02 secs] 
2016-06-26T19:46:15.912+0300: 205.149: Total time for which application threads were stopped: 0.0232571 seconds, Stopping threads took: 0.0011735 seconds
2016-06-26T19:46:16.225+0300: 205.462: [GC cleanup 3805M->3805M(5120M), 0.0029577 secs]
 [Times: user=0.00 sys=0.00, real=0.00 secs] 
2016-06-26T19:46:16.228+0300: 205.465: Total time for which application threads were stopped: 0.0084834 seconds, Stopping threads took: 0.0050981 seconds
2016-06-26T19:46:17.236+0300: 206.473: Total time for which application threads were stopped: 0.0079736 seconds, Stopping threads took: 0.0076174 seconds
2016-06-26T19:46:18.254+0300: 207.491: [GC pause (G1 Humongous Allocation) (young)
Desired survivor size 61865984 bytes, new threshold 15 (max 15)
- age   1:         40 bytes,         40 total
- age   2:      47832 bytes,      47872 total
- age   3:       6344 bytes,      54216 total
- age   4:       1784 bytes,      56000 total
- age   5:      32416 bytes,      88416 total
- age   6:         16 bytes,      88432 total
- age   7:      17424 bytes,     105856 total
- age   8:       9032 bytes,     114888 total
- age   9:      24144 bytes,     139032 total
- age  11:      23360 bytes,     162392 total
- age  13:      20240 bytes,     182632 total
- age  15:      18168 bytes,     200800 total
, 0.0569208 secs]
   [Parallel Time: 48.9 ms, GC Workers: 4]
      [GC Worker Start (ms): Min: 207496.9, Avg: 207496.9, Max: 207496.9, Diff: 0.0]
      [Ext Root Scanning (ms): Min: 0.4, Avg: 0.4, Max: 0.4, Diff: 0.0, Sum: 1.5]
      [Update RS (ms): Min: 48.0, Avg: 48.0, Max: 48.0, Diff: 0.0, Sum: 192.0]
         [Processed Buffers: Min: 500, Avg: 509.3, Max: 515, Diff: 15, Sum: 2037]
      [Scan RS (ms): Min: 0.0, Avg: 0.0, Max: 0.0, Diff: 0.0, Sum: 0.0]
      [Code Root Scanning (ms): Min: 0.0, Avg: 0.0, Max: 0.0, Diff: 0.0, Sum: 0.0]
      [Object Copy (ms): Min: 0.4, Avg: 0.4, Max: 0.4, Diff: 0.0, Sum: 1.7]
      [Termination (ms): Min: 0.0, Avg: 0.0, Max: 0.0, Diff: 0.0, Sum: 0.0]
         [Termination Attempts: Min: 1, Avg: 1.0, Max: 1, Diff: 0, Sum: 4]
      [GC Worker Other (ms): Min: 0.0, Avg: 0.0, Max: 0.0, Diff: 0.0, Sum: 0.1]
      [GC Worker Total (ms): Min: 48.8, Avg: 48.8, Max: 48.9, Diff: 0.0, Sum: 195.4]
      [GC Worker End (ms): Min: 207545.7, Avg: 207545.7, Max: 207545.7, Diff: 0.0]
   [Code Root Fixup: 0.0 ms]
   [Code Root Purge: 0.0 ms]
   [Clear CT: 0.0 ms]
   [Other: 8.0 ms]
      [Choose CSet: 0.0 ms]
      [Ref Proc: 0.0 ms]
      [Ref Enq: 0.0 ms]
      [Redirty Cards: 0.0 ms]
      [Humongous Register: 0.8 ms]
      [Humongous Reclaim: 2.0 ms]
      [Free CSet: 0.1 ms]
   [Eden: 63.0M(939.0M)->0.0B(943.0M) Survivors: 1024.0K->1024.0K Heap: 4980.1M(5120.0M)->3570.3M(5120.0M)]
 [Times: user=0.20 sys=0.02, real=0.06 secs] 
2016-06-26T19:46:18.312+0300: 207.548: Total time for which application threads were stopped: 0.0655265 seconds, Stopping threads took: 0.0076781 seconds
2016-06-26T19:46:18.317+0300: 207.554: [GC pause (G1 Humongous Allocation) (young) (initial-mark)
Desired survivor size 61865984 bytes, new threshold 15 (max 15)
- age   1:      38960 bytes,      38960 total
- age   3:      41504 bytes,      80464 total
- age   4:       4424 bytes,      84888 total
- age   5:       1768 bytes,      86656 total
- age   6:      28120 bytes,     114776 total
- age   7:         16 bytes,     114792 total
- age   8:      14104 bytes,     128896 total
- age   9:       9032 bytes,     137928 total
- age  10:      21496 bytes,     159424 total
- age  12:      21904 bytes,     181328 total
- age  14:      19912 bytes,     201240 total
, 0.0034499 secs]
   [Parallel Time: 1.7 ms, GC Workers: 4]
      [GC Worker Start (ms): Min: 207554.7, Avg: 207554.7, Max: 207554.8, Diff: 0.0]
      [Ext Root Scanning (ms): Min: 0.4, Avg: 0.4, Max: 0.5, Diff: 0.0, Sum: 1.8]
      [Update RS (ms): Min: 0.8, Avg: 0.8, Max: 0.9, Diff: 0.1, Sum: 3.2]
         [Processed Buffers: Min: 8, Avg: 8.8, Max: 9, Diff: 1, Sum: 35]
      [Scan RS (ms): Min: 0.0, Avg: 0.0, Max: 0.0, Diff: 0.0, Sum: 0.0]
      [Code Root Scanning (ms): Min: 0.0, Avg: 0.0, Max: 0.0, Diff: 0.0, Sum: 0.0]
      [Object Copy (ms): Min: 0.4, Avg: 0.4, Max: 0.5, Diff: 0.1, Sum: 1.7]
      [Termination (ms): Min: 0.0, Avg: 0.0, Max: 0.0, Diff: 0.0, Sum: 0.0]
         [Termination Attempts: Min: 1, Avg: 1.0, Max: 1, Diff: 0, Sum: 4]
      [GC Worker Other (ms): Min: 0.0, Avg: 0.0, Max: 0.0, Diff: 0.0, Sum: 0.0]
      [GC Worker Total (ms): Min: 1.7, Avg: 1.7, Max: 1.7, Diff: 0.0, Sum: 6.7]
      [GC Worker End (ms): Min: 207556.4, Avg: 207556.4, Max: 207556.4, Diff: 0.0]
   [Code Root Fixup: 0.0 ms]
   [Code Root Purge: 0.0 ms]
   [Clear CT: 0.0 ms]
   [Other: 1.7 ms]
      [Choose CSet: 0.0 ms]
      [Ref Proc: 0.1 ms]
      [Ref Enq: 0.0 ms]
      [Redirty Cards: 0.0 ms]
      [Humongous Register: 0.7 ms]
      [Humongous Reclaim: 0.3 ms]
      [Free CSet: 0.0 ms]
   [Eden: 1024.0K(943.0M)->0.0B(941.0M) Survivors: 1024.0K->1024.0K Heap: 3574.7M(5120.0M)->3574.3M(5120.0M)]
 [Times: user=0.00 sys=0.00, real=0.00 secs] 
2016-06-26T19:46:18.321+0300: 207.557: [GC concurrent-root-region-scan-start]
2016-06-26T19:46:18.321+0300: 207.557: Total time for which application threads were stopped: 0.0041123 seconds, Stopping threads took: 0.0000774 seconds
2016-06-26T19:46:18.322+0300: 207.559: [GC concurrent-root-region-scan-end, 0.0014553 secs]
2016-06-26T19:46:18.322+0300: 207.559: [GC concurrent-mark-start]
2016-06-26T19:46:18.341+0300: 207.577: [GC concurrent-mark-end, 0.0175526 secs]
2016-06-26T19:46:18.363+0300: 207.600: [GC remark 2016-06-26T19:46:18.363+0300: 207.600: [Finalize Marking, 0.0004234 secs] 2016-06-26T19:46:18.364+0300: 207.601: [GC ref-proc, 0.0001125 secs] 2016-06-26T19:46:18.364+0300: 207.601: [Unloading, 0.0016832 secs], 0.0217330 secs]
 [Times: user=0.06 sys=0.00, real=0.02 secs] 
2016-06-26T19:46:18.385+0300: 207.622: Total time for which application threads were stopped: 0.0242296 seconds, Stopping threads took: 0.0020985 seconds
2016-06-26T19:46:18.389+0300: 207.626: [GC cleanup 3605M->3605M(5120M), 0.0021960 secs]
 [Times: user=0.00 sys=0.00, real=0.00 secs] 
2016-06-26T19:46:18.391+0300: 207.628: Total time for which application threads were stopped: 0.0026446 seconds, Stopping threads took: 0.0000624 seconds
2016-06-26T19:46:19.778+0300: 209.015: Total time for which application threads were stopped: 0.0091022 seconds, Stopping threads took: 0.0080874 seconds
2016-06-26T19:46:20.472+0300: 209.709: [GC pause (G1 Humongous Allocation) (young)
Desired survivor size 61865984 bytes, new threshold 15 (max 15)
- age   1:         40 bytes,         40 total
- age   2:      38936 bytes,      38976 total
- age   4:      41504 bytes,      80480 total
- age   5:       4424 bytes,      84904 total
- age   6:       1768 bytes,      86672 total
- age   7:      28120 bytes,     114792 total
- age   8:         16 bytes,     114808 total
- age   9:      14104 bytes,     128912 total
- age  10:       9032 bytes,     137944 total
- age  11:      21496 bytes,     159440 total
- age  13:      21904 bytes,     181344 total
- age  15:      19912 bytes,     201256 total
, 0.0620415 secs]
   [Parallel Time: 54.4 ms, GC Workers: 4]
      [GC Worker Start (ms): Min: 209714.5, Avg: 209714.5, Max: 209714.6, Diff: 0.0]
      [Ext Root Scanning (ms): Min: 0.4, Avg: 0.4, Max: 0.4, Diff: 0.0, Sum: 1.7]
      [Update RS (ms): Min: 53.2, Avg: 53.3, Max: 53.8, Diff: 0.7, Sum: 213.4]
         [Processed Buffers: Min: 339, Avg: 517.5, Max: 583, Diff: 244, Sum: 2070]
      [Scan RS (ms): Min: 0.0, Avg: 0.0, Max: 0.0, Diff: 0.0, Sum: 0.0]
      [Code Root Scanning (ms): Min: 0.0, Avg: 0.0, Max: 0.0, Diff: 0.0, Sum: 0.0]
      [Object Copy (ms): Min: 0.1, Avg: 0.4, Max: 0.6, Diff: 0.5, Sum: 1.8]
      [Termination (ms): Min: 0.0, Avg: 0.1, Max: 0.1, Diff: 0.1, Sum: 0.4]
         [Termination Attempts: Min: 1, Avg: 1.0, Max: 1, Diff: 0, Sum: 4]
      [GC Worker Other (ms): Min: 0.0, Avg: 0.0, Max: 0.0, Diff: 0.0, Sum: 0.1]
      [GC Worker Total (ms): Min: 54.3, Avg: 54.3, Max: 54.4, Diff: 0.0, Sum: 217.4]
      [GC Worker End (ms): Min: 209768.9, Avg: 209768.9, Max: 209768.9, Diff: 0.0]
   [Code Root Fixup: 0.0 ms]
   [Code Root Purge: 0.0 ms]
   [Clear CT: 0.0 ms]
   [Other: 7.6 ms]
      [Choose CSet: 0.0 ms]
      [Ref Proc: 0.1 ms]
      [Ref Enq: 0.0 ms]
      [Redirty Cards: 0.0 ms]
      [Humongous Register: 0.8 ms]
      [Humongous Reclaim: 1.6 ms]
      [Free CSet: 0.0 ms]
   [Eden: 63.0M(941.0M)->0.0B(647.0M) Survivors: 1024.0K->1024.0K Heap: 4980.6M(5120.0M)->3863.4M(5120.0M)]
 [Times: user=0.24 sys=0.00, real=0.06 secs] 
2016-06-26T19:46:20.534+0300: 209.771: Total time for which application threads were stopped: 0.0703380 seconds, Stopping threads took: 0.0072718 seconds
2016-06-26T19:46:20.540+0300: 209.777: [GC pause (G1 Humongous Allocation) (young) (initial-mark)
Desired survivor size 42467328 bytes, new threshold 15 (max 15)
- age   1:      59112 bytes,      59112 total
- age   2:         16 bytes,      59128 total
- age   3:      31776 bytes,      90904 total
- age   5:      37648 bytes,     128552 total
- age   6:       3104 bytes,     131656 total
- age   7:       1768 bytes,     133424 total
- age   8:      25408 bytes,     158832 total
- age   9:         16 bytes,     158848 total
- age  10:      12392 bytes,     171240 total
- age  11:       9032 bytes,     180272 total
- age  12:      20368 bytes,     200640 total
- age  14:      21592 bytes,     222232 total
, 0.0036393 secs]
   [Parallel Time: 1.9 ms, GC Workers: 4]
      [GC Worker Start (ms): Min: 209777.7, Avg: 209777.9, Max: 209778.4, Diff: 0.6]
      [Ext Root Scanning (ms): Min: 0.0, Avg: 0.7, Max: 1.7, Diff: 1.7, Sum: 3.0]
      [Update RS (ms): Min: 0.0, Avg: 0.4, Max: 0.6, Diff: 0.6, Sum: 1.7]
         [Processed Buffers: Min: 0, Avg: 4.8, Max: 7, Diff: 7, Sum: 19]
      [Scan RS (ms): Min: 0.0, Avg: 0.0, Max: 0.0, Diff: 0.0, Sum: 0.0]
      [Code Root Scanning (ms): Min: 0.0, Avg: 0.0, Max: 0.0, Diff: 0.0, Sum: 0.0]
      [Object Copy (ms): Min: 0.1, Avg: 0.4, Max: 0.6, Diff: 0.4, Sum: 1.7]
      [Termination (ms): Min: 0.0, Avg: 0.1, Max: 0.2, Diff: 0.2, Sum: 0.4]
         [Termination Attempts: Min: 1, Avg: 2.8, Max: 5, Diff: 4, Sum: 11]
      [GC Worker Other (ms): Min: 0.0, Avg: 0.0, Max: 0.0, Diff: 0.0, Sum: 0.0]
      [GC Worker Total (ms): Min: 1.2, Avg: 1.7, Max: 1.9, Diff: 0.6, Sum: 6.8]
      [GC Worker End (ms): Min: 209779.6, Avg: 209779.6, Max: 209779.6, Diff: 0.0]
   [Code Root Fixup: 0.0 ms]
   [Code Root Purge: 0.0 ms]
   [Clear CT: 0.0 ms]
   [Other: 1.7 ms]
      [Choose CSet: 0.0 ms]
      [Ref Proc: 0.1 ms]
      [Ref Enq: 0.0 ms]
      [Redirty Cards: 0.0 ms]
      [Humongous Register: 0.7 ms]
      [Humongous Reclaim: 0.3 ms]
      [Free CSet: 0.0 ms]
   [Eden: 1024.0K(647.0M)->0.0B(646.0M) Survivors: 1024.0K->1024.0K Heap: 3865.8M(5120.0M)->3865.3M(5120.0M)]
 [Times: user=0.00 sys=0.00, real=0.00 secs] 
2016-06-26T19:46:20.544+0300: 209.781: 2016-06-26T19:46:20.544+0300: [GC concurrent-root-region-scan-start]
209.781: Total time for which application threads were stopped: 0.0046165 seconds, Stopping threads took: 0.0003584 seconds
2016-06-26T19:46:20.546+0300: 209.782: [GC concurrent-root-region-scan-end, 0.0017025 secs]
2016-06-26T19:46:20.546+0300: 209.782: [GC concurrent-mark-start]
2016-06-26T19:46:20.562+0300: 209.799: [GC concurrent-mark-end, 0.0163856 secs]
2016-06-26T19:46:20.657+0300: 209.893: [GC remark 2016-06-26T19:46:20.657+0300: 209.894: [Finalize Marking, 0.0004208 secs] 2016-06-26T19:46:20.658+0300: 209.894: [GC ref-proc, 0.0001180 secs] 2016-06-26T19:46:20.658+0300: 209.894: [Unloading, 0.0017628 secs], 0.0235719 secs]
 [Times: user=0.06 sys=0.00, real=0.02 secs] 
2016-06-26T19:46:20.681+0300: 209.917: Total time for which application threads were stopped: 0.0292862 seconds, Stopping threads took: 0.0053393 seconds
2016-06-26T19:46:20.684+0300: 209.921: [GC cleanup 3894M->3894M(5120M), 0.0022003 secs]
 [Times: user=0.06 sys=0.00, real=0.00 secs] 
2016-06-26T19:46:20.687+0300: 209.923: Total time for which application threads were stopped: 0.0026788 seconds, Stopping threads took: 0.0000706 seconds
2016-06-26T19:46:21.703+0300: 210.939: Total time for which application threads were stopped: 0.0161623 seconds, Stopping threads took: 0.0158061 seconds
2016-06-26T19:46:22.330+0300: 211.566: [GC pause (G1 Humongous Allocation) (young)
Desired survivor size 42467328 bytes, new threshold 15 (max 15)
- age   1:         40 bytes,         40 total
- age   2:      59088 bytes,      59128 total
- age   3:         16 bytes,      59144 total
- age   4:      31776 bytes,      90920 total
- age   6:      37648 bytes,     128568 total
- age   7:       3104 bytes,     131672 total
- age   8:       1768 bytes,     133440 total
- age   9:      25408 bytes,     158848 total
- age  10:         16 bytes,     158864 total
- age  11:      12392 bytes,     171256 total
- age  12:       9032 bytes,     180288 total
- age  13:      20368 bytes,     200656 total
- age  15:      21592 bytes,     222248 total
, 0.0545007 secs]
   [Parallel Time: 47.0 ms, GC Workers: 4]
      [GC Worker Start (ms): Min: 211571.7, Avg: 211571.7, Max: 211571.7, Diff: 0.0]
      [Ext Root Scanning (ms): Min: 0.4, Avg: 0.4, Max: 0.4, Diff: 0.0, Sum: 1.6]
      [Update RS (ms): Min: 46.1, Avg: 46.1, Max: 46.1, Diff: 0.0, Sum: 184.5]
         [Processed Buffers: Min: 481, Avg: 488.5, Max: 494, Diff: 13, Sum: 1954]
      [Scan RS (ms): Min: 0.0, Avg: 0.0, Max: 0.0, Diff: 0.0, Sum: 0.1]
      [Code Root Scanning (ms): Min: 0.0, Avg: 0.0, Max: 0.0, Diff: 0.0, Sum: 0.0]
      [Object Copy (ms): Min: 0.4, Avg: 0.4, Max: 0.4, Diff: 0.0, Sum: 1.7]
      [Termination (ms): Min: 0.0, Avg: 0.0, Max: 0.0, Diff: 0.0, Sum: 0.0]
         [Termination Attempts: Min: 1, Avg: 1.0, Max: 1, Diff: 0, Sum: 4]
      [GC Worker Other (ms): Min: 0.0, Avg: 0.0, Max: 0.0, Diff: 0.0, Sum: 0.1]
      [GC Worker Total (ms): Min: 47.0, Avg: 47.0, Max: 47.0, Diff: 0.0, Sum: 188.0]
      [GC Worker End (ms): Min: 211618.7, Avg: 211618.7, Max: 211618.7, Diff: 0.0]
   [Code Root Fixup: 0.0 ms]
   [Code Root Purge: 0.0 ms]
   [Clear CT: 0.0 ms]
   [Other: 7.4 ms]
      [Choose CSet: 0.0 ms]
      [Ref Proc: 0.0 ms]
      [Ref Enq: 0.0 ms]
      [Redirty Cards: 0.0 ms]
      [Humongous Register: 0.8 ms]
      [Humongous Reclaim: 1.9 ms]
      [Free CSet: 0.1 ms]
   [Eden: 65.0M(646.0M)->0.0B(950.0M) Survivors: 1024.0K->1024.0K Heap: 4980.6M(5120.0M)->3568.5M(5120.0M)]
 [Times: user=0.19 sys=0.00, real=0.06 secs] 
2016-06-26T19:46:22.385+0300: 211.621: Total time for which application threads were stopped: 0.0629370 seconds, Stopping threads took: 0.0075605 seconds
2016-06-26T19:46:22.386+0300: 211.623: [GC pause (G1 Humongous Allocation) (young) (initial-mark)
Desired survivor size 62390272 bytes, new threshold 15 (max 15)
- age   1:      35656 bytes,      35656 total
- age   2:         16 bytes,      35672 total
- age   3:      51744 bytes,      87416 total
- age   4:         16 bytes,      87432 total
- age   5:      27744 bytes,     115176 total
- age   7:      34584 bytes,     149760 total
- age   8:       1576 bytes,     151336 total
- age   9:       1752 bytes,     153088 total
- age  10:      22520 bytes,     175608 total
- age  11:         16 bytes,     175624 total
- age  12:      11240 bytes,     186864 total
- age  13:       9032 bytes,     195896 total
- age  14:      20144 bytes,     216040 total
, 0.0028678 secs]
   [Parallel Time: 1.3 ms, GC Workers: 4]
      [GC Worker Start (ms): Min: 211623.7, Avg: 211623.7, Max: 211623.8, Diff: 0.0]
      [Ext Root Scanning (ms): Min: 0.5, Avg: 0.5, Max: 0.5, Diff: 0.0, Sum: 1.9]
      [Update RS (ms): Min: 0.4, Avg: 0.4, Max: 0.5, Diff: 0.1, Sum: 1.7]
         [Processed Buffers: Min: 4, Avg: 4.8, Max: 5, Diff: 1, Sum: 19]
      [Scan RS (ms): Min: 0.0, Avg: 0.0, Max: 0.0, Diff: 0.0, Sum: 0.0]
      [Code Root Scanning (ms): Min: 0.0, Avg: 0.0, Max: 0.0, Diff: 0.0, Sum: 0.0]
      [Object Copy (ms): Min: 0.4, Avg: 0.4, Max: 0.4, Diff: 0.1, Sum: 1.6]
      [Termination (ms): Min: 0.0, Avg: 0.0, Max: 0.0, Diff: 0.0, Sum: 0.0]
         [Termination Attempts: Min: 1, Avg: 1.0, Max: 1, Diff: 0, Sum: 4]
      [GC Worker Other (ms): Min: 0.0, Avg: 0.0, Max: 0.0, Diff: 0.0, Sum: 0.0]
      [GC Worker Total (ms): Min: 1.3, Avg: 1.3, Max: 1.3, Diff: 0.0, Sum: 5.3]
      [GC Worker End (ms): Min: 211625.1, Avg: 211625.1, Max: 211625.1, Diff: 0.0]
   [Code Root Fixup: 0.0 ms]
   [Code Root Purge: 0.0 ms]
   [Clear CT: 0.0 ms]
   [Other: 1.5 ms]
      [Choose CSet: 0.0 ms]
      [Ref Proc: 0.1 ms]
      [Ref Enq: 0.0 ms]
      [Redirty Cards: 0.0 ms]
      [Humongous Register: 0.6 ms]
      [Humongous Reclaim: 0.3 ms]
      [Free CSet: 0.0 ms]
   [Eden: 1024.0K(950.0M)->0.0B(948.0M) Survivors: 1024.0K->1024.0K Heap: 3570.9M(5120.0M)->3570.4M(5120.0M)]
 [Times: user=0.01 sys=0.00, real=0.00 secs] 
2016-06-26T19:46:22.389+0300: 211.626: [GC concurrent-root-region-scan-start]
2016-06-26T19:46:22.389+0300: 211.626: Total time for which application threads were stopped: 0.0034798 seconds, Stopping threads took: 0.0000500 seconds
2016-06-26T19:46:22.391+0300: 211.627: [GC concurrent-root-region-scan-end, 0.0014681 secs]
2016-06-26T19:46:22.391+0300: 211.627: [GC concurrent-mark-start]
2016-06-26T19:46:22.411+0300: 211.647: [GC concurrent-mark-end, 0.0190883 secs]
2016-06-26T19:46:22.443+0300: 211.680: [GC remark 2016-06-26T19:46:22.443+0300: 211.680: [Finalize Marking, 0.0004033 secs] 2016-06-26T19:46:22.444+0300: 211.680: [GC ref-proc, 0.0001009 secs] 2016-06-26T19:46:22.444+0300: 211.680: [Unloading, 0.0021062 secs], 0.0224326 secs]
 [Times: user=0.06 sys=0.00, real=0.02 secs] 
2016-06-26T19:46:22.466+0300: 211.702: Total time for which application threads were stopped: 0.0272343 seconds, Stopping threads took: 0.0043454 seconds
2016-06-26T19:46:22.469+0300: 211.706: [GC cleanup 3604M->3604M(5120M), 0.0021806 secs]
 [Times: user=0.00 sys=0.00, real=0.00 secs] 
2016-06-26T19:46:22.471+0300: 211.708: Total time for which application threads were stopped: 0.0028020 seconds, Stopping threads took: 0.0001561 seconds
2016-06-26T19:46:22.798+0300: 212.034: Total time for which application threads were stopped: 0.0104356 seconds, Stopping threads took: 0.0094161 seconds
2016-06-26T19:46:23.207+0300: 212.444: Total time for which application threads were stopped: 0.0119799 seconds, Stopping threads took: 0.0109633 seconds
2016-06-26T19:46:23.215+0300: 212.452: Total time for which application threads were stopped: 0.0004208 seconds, Stopping threads took: 0.0000612 seconds
2016-06-26T19:46:24.222+0300: 213.459: Total time for which application threads were stopped: 0.0074403 seconds, Stopping threads took: 0.0071033 seconds
2016-06-26T19:46:24.670+0300: 213.906: [GC pause (G1 Humongous Allocation) (young)
Desired survivor size 62390272 bytes, new threshold 15 (max 15)
- age   1:         40 bytes,         40 total
- age   2:      35632 bytes,      35672 total
- age   3:         16 bytes,      35688 total
- age   4:      51744 bytes,      87432 total
- age   5:         16 bytes,      87448 total
- age   6:      27744 bytes,     115192 total
- age   8:      34584 bytes,     149776 total
- age   9:       1576 bytes,     151352 total
- age  10:       1752 bytes,     153104 total
- age  11:      22520 bytes,     175624 total
- age  12:         16 bytes,     175640 total
- age  13:      11240 bytes,     186880 total
- age  14:       9032 bytes,     195912 total
- age  15:      20144 bytes,     216056 total
, 0.0583551 secs]
   [Parallel Time: 50.6 ms, GC Workers: 4]
      [GC Worker Start (ms): Min: 213911.9, Avg: 213913.0, Max: 213916.1, Diff: 4.2]
      [Ext Root Scanning (ms): Min: 0.0, Avg: 0.4, Max: 0.5, Diff: 0.5, Sum: 1.6]
      [Update RS (ms): Min: 45.9, Avg: 48.6, Max: 49.5, Diff: 3.6, Sum: 194.4]
         [Processed Buffers: Min: 500, Avg: 515.8, Max: 524, Diff: 24, Sum: 2063]
      [Scan RS (ms): Min: 0.0, Avg: 0.0, Max: 0.0, Diff: 0.0, Sum: 0.1]
      [Code Root Scanning (ms): Min: 0.0, Avg: 0.0, Max: 0.0, Diff: 0.0, Sum: 0.0]
      [Object Copy (ms): Min: 0.4, Avg: 0.5, Max: 0.5, Diff: 0.1, Sum: 1.8]
      [Termination (ms): Min: 0.0, Avg: 0.0, Max: 0.0, Diff: 0.0, Sum: 0.0]
         [Termination Attempts: Min: 1, Avg: 1.0, Max: 1, Diff: 0, Sum: 4]
      [GC Worker Other (ms): Min: 0.0, Avg: 0.0, Max: 0.0, Diff: 0.0, Sum: 0.1]
      [GC Worker Total (ms): Min: 46.4, Avg: 49.5, Max: 50.5, Diff: 4.2, Sum: 197.9]
      [GC Worker End (ms): Min: 213962.4, Avg: 213962.4, Max: 213962.4, Diff: 0.0]
   [Code Root Fixup: 0.0 ms]
   [Code Root Purge: 0.0 ms]
   [Clear CT: 0.0 ms]
   [Other: 7.8 ms]
      [Choose CSet: 0.0 ms]
      [Ref Proc: 0.1 ms]
      [Ref Enq: 0.0 ms]
      [Redirty Cards: 0.0 ms]
      [Humongous Register: 0.8 ms]
      [Humongous Reclaim: 1.9 ms]
      [Free CSet: 0.1 ms]
   [Eden: 64.0M(948.0M)->0.0B(831.0M) Survivors: 1024.0K->1024.0K Heap: 4979.6M(5120.0M)->3685.7M(5120.0M)]
 [Times: user=0.20 sys=0.00, real=0.06 secs] 
2016-06-26T19:46:24.728+0300: 213.965: Total time for which application threads were stopped: 0.0679166 seconds, Stopping threads took: 0.0085411 seconds
2016-06-26T19:46:24.731+0300: 213.968: [GC pause (G1 Humongous Allocation) (young) (initial-mark)
Desired survivor size 54525952 bytes, new threshold 15 (max 15)
- age   1:      42488 bytes,      42488 total
- age   3:      30272 bytes,      72760 total
- age   5:      47808 bytes,     120568 total
- age   7:      23888 bytes,     144456 total
- age   9:      31688 bytes,     176144 total
- age  10:        576 bytes,     176720 total
- age  11:       1752 bytes,     178472 total
- age  12:      21144 bytes,     199616 total
- age  14:      10928 bytes,     210544 total
- age  15:       9032 bytes,     219576 total
, 0.0032412 secs]
   [Parallel Time: 1.4 ms, GC Workers: 4]
      [GC Worker Start (ms): Min: 213968.8, Avg: 213968.8, Max: 213968.8, Diff: 0.0]
      [Ext Root Scanning (ms): Min: 0.5, Avg: 0.5, Max: 0.5, Diff: 0.0, Sum: 2.0]
      [Update RS (ms): Min: 0.4, Avg: 0.4, Max: 0.5, Diff: 0.1, Sum: 1.7]
         [Processed Buffers: Min: 4, Avg: 4.8, Max: 5, Diff: 1, Sum: 19]
      [Scan RS (ms): Min: 0.0, Avg: 0.0, Max: 0.0, Diff: 0.0, Sum: 0.0]
      [Code Root Scanning (ms): Min: 0.0, Avg: 0.0, Max: 0.0, Diff: 0.0, Sum: 0.0]
      [Object Copy (ms): Min: 0.4, Avg: 0.4, Max: 0.5, Diff: 0.1, Sum: 1.8]
      [Termination (ms): Min: 0.0, Avg: 0.0, Max: 0.0, Diff: 0.0, Sum: 0.0]
         [Termination Attempts: Min: 1, Avg: 1.0, Max: 1, Diff: 0, Sum: 4]
      [GC Worker Other (ms): Min: 0.0, Avg: 0.0, Max: 0.0, Diff: 0.0, Sum: 0.0]
      [GC Worker Total (ms): Min: 1.4, Avg: 1.4, Max: 1.4, Diff: 0.0, Sum: 5.5]
      [GC Worker End (ms): Min: 213970.2, Avg: 213970.2, Max: 213970.2, Diff: 0.0]
   [Code Root Fixup: 0.0 ms]
   [Code Root Purge: 0.0 ms]
   [Clear CT: 0.0 ms]
   [Other: 1.8 ms]
      [Choose CSet: 0.0 ms]
      [Ref Proc: 0.1 ms]
      [Ref Enq: 0.0 ms]
      [Redirty Cards: 0.0 ms]
      [Humongous Register: 0.7 ms]
      [Humongous Reclaim: 0.3 ms]
      [Free CSet: 0.0 ms]
   [Eden: 1024.0K(831.0M)->0.0B(826.0M) Survivors: 1024.0K->1024.0K Heap: 3688.7M(5120.0M)->3687.6M(5120.0M)]
 [Times: user=0.06 sys=0.00, real=0.00 secs] 
2016-06-26T19:46:24.734+0300: 213.971: [GC concurrent-root-region-scan-start]
2016-06-26T19:46:24.734+0300: 213.971: Total time for which application threads were stopped: 0.0039216 seconds, Stopping threads took: 0.0000663 seconds
2016-06-26T19:46:24.736+0300: 213.973: [GC concurrent-root-region-scan-end, 0.0015969 secs]
2016-06-26T19:46:24.736+0300: 213.973: [GC concurrent-mark-start]
2016-06-26T19:46:24.753+0300: 213.989: [GC concurrent-mark-end, 0.0166109 secs]
2016-06-26T19:46:24.946+0300: 214.182: Total time for which application threads were stopped: 0.0037146 seconds, Stopping threads took: 0.0028396 seconds
2016-06-26T19:46:25.006+0300: 214.243: Total time for which application threads were stopped: 0.0007706 seconds, Stopping threads took: 0.0000838 seconds
2016-06-26T19:46:25.090+0300: 214.327: Total time for which application threads were stopped: 0.0045862 seconds, Stopping threads took: 0.0040559 seconds
2016-06-26T19:46:25.785+0300: 215.022: [GC remark 2016-06-26T19:46:25.785+0300: 215.022: [Finalize Marking, 0.0033284 secs] 2016-06-26T19:46:25.788+0300: 215.025: [GC ref-proc, 0.0001082 secs] 2016-06-26T19:46:25.789+0300: 215.025: [Unloading, 0.0017376 secs], 0.0254775 secs]
 [Times: user=0.06 sys=0.00, real=0.03 secs] 
2016-06-26T19:46:25.811+0300: 215.047: Total time for which application threads were stopped: 0.0339493 seconds, Stopping threads took: 0.0080938 seconds
2016-06-26T19:46:25.847+0300: 215.083: [GC cleanup 4271M->4271M(5120M), 0.0021301 secs]
 [Times: user=0.00 sys=0.00, real=0.00 secs] 
2016-06-26T19:46:25.849+0300: 215.085: Total time for which application threads were stopped: 0.0031321 seconds, Stopping threads took: 0.0000667 seconds
2016-06-26T19:46:26.856+0300: 216.092: Total time for which application threads were stopped: 0.0070542 seconds, Stopping threads took: 0.0067065 seconds
2016-06-26T19:46:26.862+0300: 216.098: Total time for which application threads were stopped: 0.0010093 seconds, Stopping threads took: 0.0000624 seconds
2016-06-26T19:46:27.012+0300: 216.248: [GC pause (G1 Humongous Allocation) (young)
Desired survivor size 54525952 bytes, new threshold 15 (max 15)
- age   1:       9072 bytes,       9072 total
- age   2:      42464 bytes,      51536 total
- age   4:      30272 bytes,      81808 total
- age   6:      47808 bytes,     129616 total
- age   8:      23888 bytes,     153504 total
- age  10:      31688 bytes,     185192 total
- age  11:        576 bytes,     185768 total
- age  12:       1752 bytes,     187520 total
- age  13:      21144 bytes,     208664 total
- age  15:      10928 bytes,     219592 total
, 0.0541124 secs]
   [Parallel Time: 46.3 ms, GC Workers: 4]
      [GC Worker Start (ms): Min: 216253.6, Avg: 216253.6, Max: 216253.6, Diff: 0.0]
      [Ext Root Scanning (ms): Min: 0.3, Avg: 0.3, Max: 0.3, Diff: 0.0, Sum: 1.4]
      [Update RS (ms): Min: 45.2, Avg: 45.3, Max: 45.3, Diff: 0.1, Sum: 181.1]
         [Processed Buffers: Min: 473, Avg: 478.5, Max: 482, Diff: 9, Sum: 1914]
      [Scan RS (ms): Min: 0.0, Avg: 0.0, Max: 0.0, Diff: 0.0, Sum: 0.1]
      [Code Root Scanning (ms): Min: 0.0, Avg: 0.0, Max: 0.0, Diff: 0.0, Sum: 0.0]
      [Object Copy (ms): Min: 0.6, Avg: 0.6, Max: 0.7, Diff: 0.0, Sum: 2.6]
      [Termination (ms): Min: 0.0, Avg: 0.0, Max: 0.0, Diff: 0.0, Sum: 0.0]
         [Termination Attempts: Min: 1, Avg: 1.0, Max: 1, Diff: 0, Sum: 4]
      [GC Worker Other (ms): Min: 0.0, Avg: 0.0, Max: 0.0, Diff: 0.0, Sum: 0.1]
      [GC Worker Total (ms): Min: 46.3, Avg: 46.3, Max: 46.3, Diff: 0.0, Sum: 185.2]
      [GC Worker End (ms): Min: 216299.9, Avg: 216299.9, Max: 216299.9, Diff: 0.0]
   [Code Root Fixup: 0.0 ms]
   [Code Root Purge: 0.0 ms]
   [Clear CT: 0.0 ms]
   [Other: 7.7 ms]
      [Choose CSet: 0.0 ms]
      [Ref Proc: 0.1 ms]
      [Ref Enq: 0.0 ms]
      [Redirty Cards: 0.0 ms]
      [Humongous Register: 0.8 ms]
      [Humongous Reclaim: 2.2 ms]
      [Free CSet: 0.1 ms]
   [Eden: 64.0M(826.0M)->0.0B(1128.0M) Survivors: 1024.0K->1024.0K Heap: 4980.1M(5120.0M)->3392.8M(5120.0M)]
 [Times: user=0.20 sys=0.00, real=0.05 secs] 
2016-06-26T19:46:27.066+0300: 216.303: Total time for which application threads were stopped: 0.0600187 seconds, Stopping threads took: 0.0051177 seconds
2016-06-26T19:46:27.077+0300: 216.314: [GC pause (G1 Humongous Allocation) (young) (initial-mark)
Desired survivor size 74448896 bytes, new threshold 15 (max 15)
- age   1:     166400 bytes,     166400 total
- age   2:       9048 bytes,     175448 total
- age   3:      35496 bytes,     210944 total
- age   5:      25288 bytes,     236232 total
- age   7:      43504 bytes,     279736 total
- age   9:      20608 bytes,     300344 total
- age  11:      29920 bytes,     330264 total
- age  12:         64 bytes,     330328 total
- age  13:       1752 bytes,     332080 total
- age  14:      20496 bytes,     352576 total
, 0.0035076 secs]
   [Parallel Time: 1.9 ms, GC Workers: 4]
      [GC Worker Start (ms): Min: 216314.7, Avg: 216314.7, Max: 216314.9, Diff: 0.2]
      [Ext Root Scanning (ms): Min: 0.3, Avg: 0.4, Max: 0.4, Diff: 0.2, Sum: 1.5]
      [Update RS (ms): Min: 0.8, Avg: 0.8, Max: 0.9, Diff: 0.1, Sum: 3.2]
         [Processed Buffers: Min: 8, Avg: 8.8, Max: 10, Diff: 2, Sum: 35]
      [Scan RS (ms): Min: 0.0, Avg: 0.0, Max: 0.0, Diff: 0.0, Sum: 0.0]
      [Code Root Scanning (ms): Min: 0.0, Avg: 0.0, Max: 0.0, Diff: 0.0, Sum: 0.0]
      [Object Copy (ms): Min: 0.5, Avg: 0.6, Max: 0.6, Diff: 0.1, Sum: 2.4]
      [Termination (ms): Min: 0.0, Avg: 0.0, Max: 0.0, Diff: 0.0, Sum: 0.0]
         [Termination Attempts: Min: 1, Avg: 1.0, Max: 1, Diff: 0, Sum: 4]
      [GC Worker Other (ms): Min: 0.0, Avg: 0.0, Max: 0.0, Diff: 0.0, Sum: 0.0]
      [GC Worker Total (ms): Min: 1.7, Avg: 1.8, Max: 1.9, Diff: 0.2, Sum: 7.3]
      [GC Worker End (ms): Min: 216316.6, Avg: 216316.6, Max: 216316.6, Diff: 0.0]
   [Code Root Fixup: 0.0 ms]
   [Code Root Purge: 0.0 ms]
   [Clear CT: 0.0 ms]
   [Other: 1.6 ms]
      [Choose CSet: 0.0 ms]
      [Ref Proc: 0.0 ms]
      [Ref Enq: 0.0 ms]
      [Redirty Cards: 0.0 ms]
      [Humongous Register: 0.6 ms]
      [Humongous Reclaim: 0.3 ms]
      [Free CSet: 0.0 ms]
   [Eden: 1024.0K(1128.0M)->0.0B(1125.0M) Survivors: 1024.0K->1024.0K Heap: 3397.7M(5120.0M)->3396.9M(5120.0M)]
 [Times: user=0.00 sys=0.00, real=0.00 secs] 
2016-06-26T19:46:27.081+0300: 216.317: [GC concurrent-root-region-scan-start]
2016-06-26T19:46:27.081+0300: 216.317: Total time for which application threads were stopped: 0.0040435 seconds, Stopping threads took: 0.0000778 seconds
2016-06-26T19:46:27.083+0300: 216.319: [GC concurrent-root-region-scan-end, 0.0019360 secs]
2016-06-26T19:46:27.083+0300: 216.319: [GC concurrent-mark-start]
2016-06-26T19:46:27.100+0300: 216.336: [GC concurrent-mark-end, 0.0169830 secs]
2016-06-26T19:46:27.115+0300: 216.352: [GC remark 2016-06-26T19:46:27.115+0300: 216.352: [Finalize Marking, 0.0003635 secs] 2016-06-26T19:46:27.116+0300: 216.352: [GC ref-proc, 0.0001048 secs] 2016-06-26T19:46:27.116+0300: 216.352: [Unloading, 0.0016546 secs], 0.0207207 secs]
 [Times: user=0.06 sys=0.00, real=0.02 secs] 
2016-06-26T19:46:27.136+0300: 216.372: Total time for which application threads were stopped: 0.0225566 seconds, Stopping threads took: 0.0015601 seconds
2016-06-26T19:46:27.140+0300: 216.377: [GC cleanup 3420M->3420M(5120M), 0.0027614 secs]
 [Times: user=0.00 sys=0.00, real=0.00 secs] 
2016-06-26T19:46:27.143+0300: 216.379: Total time for which application threads were stopped: 0.0030932 seconds, Stopping threads took: 0.0000590 seconds
2016-06-26T19:46:27.329+0300: 216.565: [GC pause (G1 Humongous Allocation) (young) (initial-mark)
Desired survivor size 73924608 bytes, new threshold 15 (max 15)
- age   1:         80 bytes,         80 total
- age   2:     166328 bytes,     166408 total
- age   3:       9048 bytes,     175456 total
- age   4:      35496 bytes,     210952 total
- age   6:      25288 bytes,     236240 total
- age   8:      43504 bytes,     279744 total
- age  10:      20608 bytes,     300352 total
- age  12:      29920 bytes,     330272 total
- age  13:         64 bytes,     330336 total
- age  14:       1752 bytes,     332088 total
- age  15:      20496 bytes,     352584 total
, 0.0121984 secs]
   [Parallel Time: 9.5 ms, GC Workers: 4]
      [GC Worker Start (ms): Min: 216566.9, Avg: 216566.9, Max: 216566.9, Diff: 0.0]
      [Ext Root Scanning (ms): Min: 0.4, Avg: 0.4, Max: 0.4, Diff: 0.1, Sum: 1.6]
      [Update RS (ms): Min: 8.4, Avg: 8.4, Max: 8.4, Diff: 0.1, Sum: 33.6]
         [Processed Buffers: Min: 87, Avg: 88.8, Max: 90, Diff: 3, Sum: 355]
      [Scan RS (ms): Min: 0.0, Avg: 0.0, Max: 0.0, Diff: 0.0, Sum: 0.0]
      [Code Root Scanning (ms): Min: 0.0, Avg: 0.0, Max: 0.0, Diff: 0.0, Sum: 0.0]
      [Object Copy (ms): Min: 0.6, Avg: 0.6, Max: 0.7, Diff: 0.1, Sum: 2.5]
      [Termination (ms): Min: 0.0, Avg: 0.0, Max: 0.0, Diff: 0.0, Sum: 0.0]
         [Termination Attempts: Min: 1, Avg: 1.0, Max: 1, Diff: 0, Sum: 4]
      [GC Worker Other (ms): Min: 0.0, Avg: 0.0, Max: 0.0, Diff: 0.0, Sum: 0.1]
      [GC Worker Total (ms): Min: 9.4, Avg: 9.4, Max: 9.5, Diff: 0.0, Sum: 37.8]
      [GC Worker End (ms): Min: 216576.3, Avg: 216576.3, Max: 216576.3, Diff: 0.0]
   [Code Root Fixup: 0.0 ms]
   [Code Root Purge: 0.0 ms]
   [Clear CT: 0.0 ms]
   [Other: 2.6 ms]
      [Choose CSet: 0.0 ms]
      [Ref Proc: 0.0 ms]
      [Ref Enq: 0.0 ms]
      [Redirty Cards: 0.0 ms]
      [Humongous Register: 0.6 ms]
      [Humongous Reclaim: 0.5 ms]
      [Free CSet: 0.0 ms]
   [Eden: 11.0M(1125.0M)->0.0B(1106.0M) Survivors: 1024.0K->1024.0K Heap: 3543.7M(5120.0M)->3416.3M(5120.0M)]
 [Times: user=0.00 sys=0.00, real=0.01 secs] 
2016-06-26T19:46:27.341+0300: 216.578: [GC concurrent-root-region-scan-start]
2016-06-26T19:46:27.341+0300: 216.578: Total time for which application threads were stopped: 0.0184272 seconds, Stopping threads took: 0.0057425 seconds
2016-06-26T19:46:27.343+0300: 216.579: [GC concurrent-root-region-scan-end, 0.0017534 secs]
2016-06-26T19:46:27.343+0300: 216.579: [GC concurrent-mark-start]
2016-06-26T19:46:27.360+0300: 216.597: [GC concurrent-mark-end, 0.0164685 secs]
2016-06-26T19:46:27.380+0300: 216.616: [GC remark 2016-06-26T19:46:27.380+0300: 216.616: [Finalize Marking, 0.0003567 secs] 2016-06-26T19:46:27.380+0300: 216.617: [GC ref-proc, 0.0001065 secs] 2016-06-26T19:46:27.380+0300: 216.617: [Unloading, 0.0015815 secs], 0.0207549 secs]
 [Times: user=0.06 sys=0.00, real=0.02 secs] 
2016-06-26T19:46:27.401+0300: 216.637: Total time for which application threads were stopped: 0.0224275 seconds, Stopping threads took: 0.0013728 seconds
2016-06-26T19:46:27.403+0300: 216.640: [GC cleanup 3443M->3443M(5120M), 0.0022439 secs]
 [Times: user=0.06 sys=0.00, real=0.00 secs] 
2016-06-26T19:46:27.406+0300: 216.642: Total time for which application threads were stopped: 0.0026365 seconds, Stopping threads took: 0.0000680 seconds
2016-06-26T19:46:28.414+0300: 217.651: Total time for which application threads were stopped: 0.0082182 seconds, Stopping threads took: 0.0078256 seconds
2016-06-26T19:46:29.421+0300: 218.658: Total time for which application threads were stopped: 0.0073009 seconds, Stopping threads took: 0.0069887 seconds
2016-06-26T19:46:29.925+0300: 219.161: [GC pause (G1 Humongous Allocation) (young)
Desired survivor size 72876032 bytes, new threshold 15 (max 15)
- age   1:       1912 bytes,       1912 total
- age   2:         56 bytes,       1968 total
- age   3:     165072 bytes,     167040 total
- age   4:       9048 bytes,     176088 total
- age   5:      35144 bytes,     211232 total
- age   7:      25016 bytes,     236248 total
- age   9:      43504 bytes,     279752 total
- age  11:      20608 bytes,     300360 total
- age  13:      29920 bytes,     330280 total
- age  14:         64 bytes,     330344 total
- age  15:       1752 bytes,     332096 total
, 0.0579373 secs]
   [Parallel Time: 49.4 ms, GC Workers: 4]
      [GC Worker Start (ms): Min: 219167.0, Avg: 219167.1, Max: 219167.1, Diff: 0.0]
      [Ext Root Scanning (ms): Min: 0.3, Avg: 0.4, Max: 0.4, Diff: 0.0, Sum: 1.4]
      [Update RS (ms): Min: 48.6, Avg: 48.6, Max: 48.6, Diff: 0.1, Sum: 194.4]
         [Processed Buffers: Min: 507, Avg: 517.3, Max: 532, Diff: 25, Sum: 2069]
      [Scan RS (ms): Min: 0.0, Avg: 0.0, Max: 0.0, Diff: 0.0, Sum: 0.1]
      [Code Root Scanning (ms): Min: 0.0, Avg: 0.0, Max: 0.0, Diff: 0.0, Sum: 0.0]
      [Object Copy (ms): Min: 0.4, Avg: 0.4, Max: 0.4, Diff: 0.0, Sum: 1.7]
      [Termination (ms): Min: 0.0, Avg: 0.0, Max: 0.0, Diff: 0.0, Sum: 0.0]
         [Termination Attempts: Min: 1, Avg: 1.0, Max: 1, Diff: 0, Sum: 4]
      [GC Worker Other (ms): Min: 0.0, Avg: 0.0, Max: 0.0, Diff: 0.0, Sum: 0.1]
      [GC Worker Total (ms): Min: 49.4, Avg: 49.4, Max: 49.4, Diff: 0.0, Sum: 197.6]
      [GC Worker End (ms): Min: 219216.5, Avg: 219216.5, Max: 219216.5, Diff: 0.0]
   [Code Root Fixup: 0.0 ms]
   [Code Root Purge: 0.0 ms]
   [Clear CT: 0.1 ms]
   [Other: 8.4 ms]
      [Choose CSet: 0.0 ms]
      [Ref Proc: 0.1 ms]
      [Ref Enq: 0.0 ms]
      [Redirty Cards: 0.0 ms]
      [Humongous Register: 0.8 ms]
      [Humongous Reclaim: 2.2 ms]
      [Free CSet: 0.0 ms]
   [Eden: 62.0M(1106.0M)->0.0B(1158.0M) Survivors: 1024.0K->1024.0K Heap: 4980.3M(5120.0M)->3365.4M(5120.0M)]
 [Times: user=0.20 sys=0.00, real=0.06 secs] 
2016-06-26T19:46:29.983+0300: 219.219: Total time for which application threads were stopped: 0.0658378 seconds, Stopping threads took: 0.0070088 seconds
2016-06-26T19:46:29.990+0300: 219.226: [GC pause (G1 Humongous Allocation) (young) (initial-mark)
Desired survivor size 76021760 bytes, new threshold 15 (max 15)
- age   1:      49064 bytes,      49064 total
- age   2:        728 bytes,      49792 total
- age   3:         16 bytes,      49808 total
- age   4:      25976 bytes,      75784 total
- age   5:       9048 bytes,      84832 total
- age   6:      29648 bytes,     114480 total
- age   8:      21728 bytes,     136208 total
- age  10:      40496 bytes,     176704 total
- age  12:      18512 bytes,     195216 total
- age  14:      29200 bytes,     224416 total
, 0.0033806 secs]
   [Parallel Time: 1.7 ms, GC Workers: 4]
      [GC Worker Start (ms): Min: 219227.4, Avg: 219227.4, Max: 219227.4, Diff: 0.0]
      [Ext Root Scanning (ms): Min: 0.4, Avg: 0.4, Max: 0.4, Diff: 0.0, Sum: 1.7]
      [Update RS (ms): Min: 0.8, Avg: 0.8, Max: 0.8, Diff: 0.0, Sum: 3.1]
         [Processed Buffers: Min: 8, Avg: 9.0, Max: 11, Diff: 3, Sum: 36]
      [Scan RS (ms): Min: 0.0, Avg: 0.0, Max: 0.0, Diff: 0.0, Sum: 0.0]
      [Code Root Scanning (ms): Min: 0.0, Avg: 0.0, Max: 0.0, Diff: 0.0, Sum: 0.0]
      [Object Copy (ms): Min: 0.4, Avg: 0.4, Max: 0.5, Diff: 0.1, Sum: 1.7]
      [Termination (ms): Min: 0.0, Avg: 0.0, Max: 0.0, Diff: 0.0, Sum: 0.0]
         [Termination Attempts: Min: 1, Avg: 1.0, Max: 1, Diff: 0, Sum: 4]
      [GC Worker Other (ms): Min: 0.0, Avg: 0.0, Max: 0.0, Diff: 0.0, Sum: 0.0]
      [GC Worker Total (ms): Min: 1.6, Avg: 1.6, Max: 1.7, Diff: 0.0, Sum: 6.6]
      [GC Worker End (ms): Min: 219229.0, Avg: 219229.0, Max: 219229.0, Diff: 0.0]
   [Code Root Fixup: 0.0 ms]
   [Code Root Purge: 0.0 ms]
   [Clear CT: 0.0 ms]
   [Other: 1.7 ms]
      [Choose CSet: 0.0 ms]
      [Ref Proc: 0.0 ms]
      [Ref Enq: 0.0 ms]
      [Redirty Cards: 0.0 ms]
      [Humongous Register: 0.6 ms]
      [Humongous Reclaim: 0.3 ms]
      [Free CSet: 0.0 ms]
   [Eden: 1024.0K(1158.0M)->0.0B(1185.0M) Survivors: 1024.0K->1024.0K Heap: 3370.3M(5120.0M)->3340.0M(5120.0M)]
 [Times: user=0.00 sys=0.00, real=0.00 secs] 
2016-06-26T19:46:29.993+0300: 219.230: [GC concurrent-root-region-scan-start]
2016-06-26T19:46:29.993+0300: 219.230: Total time for which application threads were stopped: 0.0039678 seconds, Stopping threads took: 0.0000710 seconds
2016-06-26T19:46:29.995+0300: 219.231: [GC concurrent-root-region-scan-end, 0.0014515 secs]
2016-06-26T19:46:29.995+0300: 219.231: [GC concurrent-mark-start]
2016-06-26T19:46:30.012+0300: 219.249: [GC concurrent-mark-end, 0.0166349 secs]
2016-06-26T19:46:30.034+0300: 219.271: [GC remark 2016-06-26T19:46:30.034+0300: 219.271: [Finalize Marking, 0.0003699 secs] 2016-06-26T19:46:30.034+0300: 219.271: [GC ref-proc, 0.0001043 secs] 2016-06-26T19:46:30.035+0300: 219.271: [Unloading, 0.0017354 secs], 0.0205231 secs]
 [Times: user=0.06 sys=0.00, real=0.02 secs] 
2016-06-26T19:46:30.055+0300: 219.291: Total time for which application threads were stopped: 0.0231015 seconds, Stopping threads took: 0.0022366 seconds
2016-06-26T19:46:30.058+0300: 219.294: [GC cleanup 3369M->3369M(5120M), 0.0023085 secs]
 [Times: user=0.00 sys=0.00, real=0.00 secs] 
2016-06-26T19:46:30.060+0300: 219.296: Total time for which application threads were stopped: 0.0027601 seconds, Stopping threads took: 0.0001014 seconds
2016-06-26T19:46:30.753+0300: 219.989: Total time for which application threads were stopped: 0.0052550 seconds, Stopping threads took: 0.0043261 seconds
2016-06-26T19:46:31.761+0300: 220.998: Total time for which application threads were stopped: 0.0082909 seconds, Stopping threads took: 0.0079706 seconds
2016-06-26T19:46:31.827+0300: 221.064: Total time for which application threads were stopped: 0.0028054 seconds, Stopping threads took: 0.0022161 seconds
2016-06-26T19:46:32.596+0300: 221.832: [GC pause (G1 Humongous Allocation) (young)
Desired survivor size 78118912 bytes, new threshold 15 (max 15)
- age   1:        112 bytes,        112 total
- age   2:      49016 bytes,      49128 total
- age   3:        728 bytes,      49856 total
- age   4:         16 bytes,      49872 total
- age   5:      25976 bytes,      75848 total
- age   6:       9048 bytes,      84896 total
- age   7:      29400 bytes,     114296 total
- age   9:      21680 bytes,     135976 total
- age  11:      40392 bytes,     176368 total
- age  13:      18512 bytes,     194880 total
- age  15:      29200 bytes,     224080 total
, 0.0563139 secs]
   [Parallel Time: 48.3 ms, GC Workers: 4]
      [GC Worker Start (ms): Min: 221837.6, Avg: 221837.6, Max: 221837.7, Diff: 0.0]
      [Ext Root Scanning (ms): Min: 0.4, Avg: 0.4, Max: 0.4, Diff: 0.0, Sum: 1.5]
      [Update RS (ms): Min: 47.4, Avg: 47.4, Max: 47.4, Diff: 0.1, Sum: 189.5]
         [Processed Buffers: Min: 499, Avg: 505.8, Max: 518, Diff: 19, Sum: 2023]
      [Scan RS (ms): Min: 0.0, Avg: 0.0, Max: 0.0, Diff: 0.0, Sum: 0.0]
      [Code Root Scanning (ms): Min: 0.0, Avg: 0.0, Max: 0.0, Diff: 0.0, Sum: 0.0]
      [Object Copy (ms): Min: 0.4, Avg: 0.5, Max: 0.5, Diff: 0.1, Sum: 1.8]
      [Termination (ms): Min: 0.0, Avg: 0.0, Max: 0.0, Diff: 0.0, Sum: 0.0]
         [Termination Attempts: Min: 1, Avg: 1.0, Max: 1, Diff: 0, Sum: 4]
      [GC Worker Other (ms): Min: 0.0, Avg: 0.0, Max: 0.0, Diff: 0.0, Sum: 0.1]
      [GC Worker Total (ms): Min: 48.2, Avg: 48.3, Max: 48.3, Diff: 0.0, Sum: 193.0]
      [GC Worker End (ms): Min: 221885.9, Avg: 221885.9, Max: 221885.9, Diff: 0.0]
   [Code Root Fixup: 0.0 ms]
   [Code Root Purge: 0.0 ms]
   [Clear CT: 0.0 ms]
   [Other: 7.9 ms]
      [Choose CSet: 0.0 ms]
      [Ref Proc: 0.0 ms]
      [Ref Enq: 0.0 ms]
      [Redirty Cards: 0.0 ms]
      [Humongous Register: 0.8 ms]
      [Humongous Reclaim: 2.0 ms]
      [Free CSet: 0.1 ms]
   [Eden: 63.0M(1185.0M)->0.0B(919.0M) Survivors: 1024.0K->1024.0K Heap: 4981.2M(5120.0M)->3599.9M(5120.0M)]
 [Times: user=0.19 sys=0.00, real=0.06 secs] 
2016-06-26T19:46:32.652+0300: 221.888: Total time for which application threads were stopped: 0.0617819 seconds, Stopping threads took: 0.0045220 seconds
2016-06-26T19:46:32.657+0300: 221.893: [GC pause (G1 Humongous Allocation) (young) (initial-mark)
Desired survivor size 60293120 bytes, new threshold 15 (max 15)
- age   1:      44304 bytes,      44304 total
- age   2:         88 bytes,      44392 total
- age   3:      40288 bytes,      84680 total
- age   4:        512 bytes,      85192 total
- age   6:      21152 bytes,     106344 total
- age   7:       9048 bytes,     115392 total
- age   8:      26848 bytes,     142240 total
- age  10:      19720 bytes,     161960 total
- age  12:      39240 bytes,     201200 total
- age  14:      18224 bytes,     219424 total
, 0.0029589 secs]
   [Parallel Time: 1.4 ms, GC Workers: 4]
      [GC Worker Start (ms): Min: 221894.2, Avg: 221894.3, Max: 221894.3, Diff: 0.0]
      [Ext Root Scanning (ms): Min: 0.4, Avg: 0.4, Max: 0.5, Diff: 0.0, Sum: 1.8]
      [Update RS (ms): Min: 0.4, Avg: 0.4, Max: 0.5, Diff: 0.1, Sum: 1.7]
         [Processed Buffers: Min: 4, Avg: 5.0, Max: 6, Diff: 2, Sum: 20]
      [Scan RS (ms): Min: 0.0, Avg: 0.0, Max: 0.0, Diff: 0.0, Sum: 0.0]
      [Code Root Scanning (ms): Min: 0.0, Avg: 0.0, Max: 0.0, Diff: 0.0, Sum: 0.0]
      [Object Copy (ms): Min: 0.4, Avg: 0.4, Max: 0.5, Diff: 0.1, Sum: 1.7]
      [Termination (ms): Min: 0.0, Avg: 0.0, Max: 0.0, Diff: 0.0, Sum: 0.0]
         [Termination Attempts: Min: 1, Avg: 1.0, Max: 1, Diff: 0, Sum: 4]
      [GC Worker Other (ms): Min: 0.0, Avg: 0.0, Max: 0.0, Diff: 0.0, Sum: 0.0]
      [GC Worker Total (ms): Min: 1.3, Avg: 1.3, Max: 1.3, Diff: 0.0, Sum: 5.3]
      [GC Worker End (ms): Min: 221895.6, Avg: 221895.6, Max: 221895.6, Diff: 0.0]
   [Code Root Fixup: 0.0 ms]
   [Code Root Purge: 0.0 ms]
   [Clear CT: 0.0 ms]
   [Other: 1.6 ms]
      [Choose CSet: 0.0 ms]
      [Ref Proc: 0.0 ms]
      [Ref Enq: 0.0 ms]
      [Redirty Cards: 0.0 ms]
      [Humongous Register: 0.6 ms]
      [Humongous Reclaim: 0.3 ms]
      [Free CSet: 0.0 ms]
   [Eden: 1024.0K(919.0M)->0.0B(915.0M) Survivors: 1024.0K->1024.0K Heap: 3604.3M(5120.0M)->3603.8M(5120.0M)]
 [Times: user=0.00 sys=0.00, real=0.00 secs] 
2016-06-26T19:46:32.660+0300: 221.896: [GC concurrent-root-region-scan-start]
2016-06-26T19:46:32.660+0300: 221.896: Total time for which application threads were stopped: 0.0035957 seconds, Stopping threads took: 0.0000659 seconds
2016-06-26T19:46:32.662+0300: 221.898: [GC concurrent-root-region-scan-end, 0.0014929 secs]
2016-06-26T19:46:32.662+0300: 221.898: [GC concurrent-mark-start]
2016-06-26T19:46:32.681+0300: 221.917: [GC concurrent-mark-end, 0.0191328 secs]
2016-06-26T19:46:32.707+0300: 221.944: [GC remark 2016-06-26T19:46:32.707+0300: 221.944: [Finalize Marking, 0.0004294 secs] 2016-06-26T19:46:32.708+0300: 221.944: [GC ref-proc, 0.0001022 secs] 2016-06-26T19:46:32.708+0300: 221.944: [Unloading, 0.0017722 secs], 0.0220045 secs]
 [Times: user=0.06 sys=0.00, real=0.02 secs] 
2016-06-26T19:46:32.729+0300: 221.966: Total time for which application threads were stopped: 0.0232575 seconds, Stopping threads took: 0.0008784 seconds
2016-06-26T19:46:33.737+0300: 222.974: Total time for which application threads were stopped: 0.0081819 seconds, Stopping threads took: 0.0078333 seconds
2016-06-26T19:46:33.892+0300: 223.129: Total time for which application threads were stopped: 0.0069353 seconds, Stopping threads took: 0.0063857 seconds
2016-06-26T19:46:34.844+0300: 224.080: [GC pause (G1 Humongous Allocation) (young)
Desired survivor size 60293120 bytes, new threshold 15 (max 15)
- age   1:         40 bytes,         40 total
- age   2:      44280 bytes,      44320 total
- age   3:         88 bytes,      44408 total
- age   4:      40288 bytes,      84696 total
- age   5:        512 bytes,      85208 total
- age   7:      21152 bytes,     106360 total
- age   8:       9048 bytes,     115408 total
- age   9:      26848 bytes,     142256 total
- age  11:      19720 bytes,     161976 total
- age  13:      39240 bytes,     201216 total
- age  15:      18224 bytes,     219440 total
, 0.0535932 secs]
   [Parallel Time: 46.0 ms, GC Workers: 4]
      [GC Worker Start (ms): Min: 224085.8, Avg: 224085.8, Max: 224085.8, Diff: 0.0]
      [Ext Root Scanning (ms): Min: 0.4, Avg: 0.4, Max: 0.4, Diff: 0.0, Sum: 1.7]
      [Update RS (ms): Min: 45.0, Avg: 45.0, Max: 45.0, Diff: 0.0, Sum: 180.1]
         [Processed Buffers: Min: 469, Avg: 480.5, Max: 486, Diff: 17, Sum: 1922]
      [Scan RS (ms): Min: 0.0, Avg: 0.0, Max: 0.0, Diff: 0.0, Sum: 0.0]
      [Code Root Scanning (ms): Min: 0.0, Avg: 0.0, Max: 0.0, Diff: 0.0, Sum: 0.0]
      [Object Copy (ms): Min: 0.4, Avg: 0.4, Max: 0.4, Diff: 0.0, Sum: 1.7]
      [Termination (ms): Min: 0.0, Avg: 0.0, Max: 0.0, Diff: 0.0, Sum: 0.0]
         [Termination Attempts: Min: 1, Avg: 1.5, Max: 2, Diff: 1, Sum: 6]
      [GC Worker Other (ms): Min: 0.0, Avg: 0.0, Max: 0.0, Diff: 0.0, Sum: 0.1]
      [GC Worker Total (ms): Min: 45.9, Avg: 45.9, Max: 45.9, Diff: 0.0, Sum: 183.6]
      [GC Worker End (ms): Min: 224131.7, Avg: 224131.7, Max: 224131.7, Diff: 0.0]
   [Code Root Fixup: 0.0 ms]
   [Code Root Purge: 0.0 ms]
   [Clear CT: 0.0 ms]
   [Other: 7.6 ms]
      [Choose CSet: 0.0 ms]
      [Ref Proc: 0.0 ms]
      [Ref Enq: 0.0 ms]
      [Redirty Cards: 0.0 ms]
      [Humongous Register: 0.8 ms]
      [Humongous Reclaim: 2.1 ms]
      [Free CSet: 0.1 ms]
   [Eden: 62.0M(915.0M)->0.0B(1069.0M) Survivors: 1024.0K->1024.0K Heap: 4980.1M(5120.0M)->3453.4M(5120.0M)]
 [Times: user=0.19 sys=0.00, real=0.05 secs] 
2016-06-26T19:46:34.898+0300: 224.134: Total time for which application threads were stopped: 0.0616575 seconds, Stopping threads took: 0.0071974 seconds
2016-06-26T19:46:35.068+0300: 224.305: [GC cleanup 3579M->3579M(5120M), 0.0024932 secs]
 [Times: user=0.00 sys=0.00, real=0.00 secs] 
2016-06-26T19:46:35.071+0300: 224.307: Total time for which application threads were stopped: 0.0052935 seconds, Stopping threads took: 0.0023688 seconds
2016-06-26T19:46:35.969+0300: 225.206: Total time for which application threads were stopped: 0.0128463 seconds, Stopping threads took: 0.0118580 seconds
2016-06-26T19:46:36.904+0300: 226.141: Total time for which application threads were stopped: 0.0068275 seconds, Stopping threads took: 0.0057357 seconds
2016-06-26T19:46:37.236+0300: 226.473: [GC pause (G1 Humongous Allocation) (young)
Desired survivor size 70254592 bytes, new threshold 15 (max 15)
- age   1:      39984 bytes,      39984 total
- age   2:         16 bytes,      40000 total
- age   3:      35960 bytes,      75960 total
- age   4:         88 bytes,      76048 total
- age   5:      34896 bytes,     110944 total
- age   6:        256 bytes,     111200 total
- age   8:      17032 bytes,     128232 total
- age   9:       9048 bytes,     137280 total
- age  10:      24448 bytes,     161728 total
- age  12:      18736 bytes,     180464 total
- age  14:      38656 bytes,     219120 total
, 0.0597424 secs]
   [Parallel Time: 51.5 ms, GC Workers: 4]
      [GC Worker Start (ms): Min: 226479.0, Avg: 226479.0, Max: 226479.0, Diff: 0.0]
      [Ext Root Scanning (ms): Min: 0.4, Avg: 0.4, Max: 0.4, Diff: 0.0, Sum: 1.6]
      [Update RS (ms): Min: 50.3, Avg: 50.5, Max: 51.0, Diff: 0.6, Sum: 202.1]
         [Processed Buffers: Min: 504, Avg: 520.3, Max: 542, Diff: 38, Sum: 2081]
      [Scan RS (ms): Min: 0.0, Avg: 0.0, Max: 0.0, Diff: 0.0, Sum: 0.0]
      [Code Root Scanning (ms): Min: 0.0, Avg: 0.0, Max: 0.0, Diff: 0.0, Sum: 0.0]
      [Object Copy (ms): Min: 0.0, Avg: 0.4, Max: 0.6, Diff: 0.5, Sum: 1.7]
      [Termination (ms): Min: 0.0, Avg: 0.0, Max: 0.0, Diff: 0.0, Sum: 0.1]
         [Termination Attempts: Min: 1, Avg: 1.0, Max: 1, Diff: 0, Sum: 4]
      [GC Worker Other (ms): Min: 0.0, Avg: 0.0, Max: 0.0, Diff: 0.0, Sum: 0.0]
      [GC Worker Total (ms): Min: 51.4, Avg: 51.4, Max: 51.4, Diff: 0.0, Sum: 205.8]
      [GC Worker End (ms): Min: 226530.5, Avg: 226530.5, Max: 226530.5, Diff: 0.0]
   [Code Root Fixup: 0.0 ms]
   [Code Root Purge: 0.0 ms]
   [Clear CT: 0.0 ms]
   [Other: 8.2 ms]
      [Choose CSet: 0.0 ms]
      [Ref Proc: 0.1 ms]
      [Ref Enq: 0.0 ms]
      [Redirty Cards: 0.0 ms]
      [Humongous Register: 0.8 ms]
      [Humongous Reclaim: 2.0 ms]
      [Free CSet: 0.1 ms]
   [Eden: 64.0M(1069.0M)->0.0B(799.0M) Survivors: 1024.0K->1024.0K Heap: 4979.8M(5120.0M)->3715.2M(5120.0M)]
 [Times: user=0.19 sys=0.00, real=0.06 secs] 
2016-06-26T19:46:37.296+0300: 226.533: Total time for which application threads were stopped: 0.0715093 seconds, Stopping threads took: 0.0107641 seconds
2016-06-26T19:46:37.300+0300: 226.537: [GC pause (G1 Humongous Allocation) (young) (initial-mark)
Desired survivor size 52428800 bytes, new threshold 15 (max 15)
- age   1:      34144 bytes,      34144 total
- age   2:      33360 bytes,      67504 total
- age   3:         16 bytes,      67520 total
- age   4:      31240 bytes,      98760 total
- age   5:         88 bytes,      98848 total
- age   6:      31648 bytes,     130496 total
- age   7:         64 bytes,     130560 total
- age   9:      14576 bytes,     145136 total
- age  10:       9032 bytes,     154168 total
- age  11:      23272 bytes,     177440 total
- age  13:      18368 bytes,     195808 total
- age  15:      38560 bytes,     234368 total
, 0.0145736 secs]
   [Parallel Time: 1.5 ms, GC Workers: 4]
      [GC Worker Start (ms): Min: 226538.2, Avg: 226538.3, Max: 226538.7, Diff: 0.5]
      [Ext Root Scanning (ms): Min: 0.1, Avg: 0.5, Max: 0.6, Diff: 0.5, Sum: 1.9]
      [Update RS (ms): Min: 0.4, Avg: 0.4, Max: 0.4, Diff: 0.1, Sum: 1.6]
         [Processed Buffers: Min: 4, Avg: 4.8, Max: 6, Diff: 2, Sum: 19]
      [Scan RS (ms): Min: 0.0, Avg: 0.0, Max: 0.0, Diff: 0.0, Sum: 0.0]
      [Code Root Scanning (ms): Min: 0.0, Avg: 0.0, Max: 0.0, Diff: 0.0, Sum: 0.0]
      [Object Copy (ms): Min: 0.4, Avg: 0.5, Max: 0.5, Diff: 0.1, Sum: 1.8]
      [Termination (ms): Min: 0.0, Avg: 0.0, Max: 0.0, Diff: 0.0, Sum: 0.0]
         [Termination Attempts: Min: 1, Avg: 1.0, Max: 1, Diff: 0, Sum: 4]
      [GC Worker Other (ms): Min: 0.0, Avg: 0.0, Max: 0.0, Diff: 0.0, Sum: 0.0]
      [GC Worker Total (ms): Min: 1.0, Avg: 1.4, Max: 1.5, Diff: 0.5, Sum: 5.4]
      [GC Worker End (ms): Min: 226539.7, Avg: 226539.7, Max: 226539.7, Diff: 0.0]
   [Code Root Fixup: 0.0 ms]
   [Code Root Purge: 0.0 ms]
   [Clear CT: 0.0 ms]
   [Other: 13.0 ms]
      [Choose CSet: 0.0 ms]
      [Ref Proc: 0.0 ms]
      [Ref Enq: 0.0 ms]
      [Redirty Cards: 1.2 ms]
      [Humongous Register: 0.8 ms]
      [Humongous Reclaim: 10.1 ms]
      [Free CSet: 0.0 ms]
   [Eden: 1024.0K(799.0M)->0.0B(798.0M) Survivors: 1024.0K->1024.0K Heap: 3717.6M(5120.0M)->3717.0M(5120.0M)]
 [Times: user=0.00 sys=0.00, real=0.02 secs] 
2016-06-26T19:46:37.315+0300: 226.552: 2016-06-26T19:46:37.315+0300: 226.552Total time for which application threads were stopped: 0.0155623 seconds, Stopping threads took: 0.0002489 seconds
: [GC concurrent-root-region-scan-start]
2016-06-26T19:46:37.317+0300: 226.553: [GC concurrent-root-region-scan-end, 0.0016204 secs]
2016-06-26T19:46:37.317+0300: 226.553: [GC concurrent-mark-start]
2016-06-26T19:46:37.335+0300: 226.572: [GC concurrent-mark-end, 0.0179965 secs]
2016-06-26T19:46:37.360+0300: 226.596: [GC remark 2016-06-26T19:46:37.360+0300: 226.596: [Finalize Marking, 0.0003207 secs] 2016-06-26T19:46:37.360+0300: 226.597: [GC ref-proc, 0.0001035 secs] 2016-06-26T19:46:37.360+0300: 226.597: [Unloading, 0.0017525 secs], 0.0238798 secs]
 [Times: user=0.06 sys=0.00, real=0.02 secs] 
2016-06-26T19:46:37.383+0300: 226.620: Total time for which application threads were stopped: 0.0330987 seconds, Stopping threads took: 0.0087643 seconds
2016-06-26T19:46:37.386+0300: 226.623: [GC cleanup 3738M->3738M(5120M), 0.0021930 secs]
 [Times: user=0.00 sys=0.00, real=0.00 secs] 
2016-06-26T19:46:37.389+0300: 226.625: Total time for which application threads were stopped: 0.0027182 seconds, Stopping threads took: 0.0000838 seconds
2016-06-26T19:46:38.396+0300: 227.633: Total time for which application threads were stopped: 0.0072303 seconds, Stopping threads took: 0.0068805 seconds
2016-06-26T19:46:39.559+0300: 228.796: [GC pause (G1 Humongous Allocation) (young)
Desired survivor size 52428800 bytes, new threshold 15 (max 15)
- age   1:         40 bytes,         40 total
- age   2:      34120 bytes,      34160 total
- age   3:      33360 bytes,      67520 total
- age   4:         16 bytes,      67536 total
- age   5:      31240 bytes,      98776 total
- age   6:         88 bytes,      98864 total
- age   7:      31648 bytes,     130512 total
- age   8:         64 bytes,     130576 total
- age  10:      14576 bytes,     145152 total
- age  11:       9032 bytes,     154184 total
- age  12:      23272 bytes,     177456 total
- age  14:      18368 bytes,     195824 total
, 0.0545777 secs]
   [Parallel Time: 47.5 ms, GC Workers: 4]
      [GC Worker Start (ms): Min: 228801.1, Avg: 228801.1, Max: 228801.1, Diff: 0.0]
      [Ext Root Scanning (ms): Min: 0.4, Avg: 0.4, Max: 0.4, Diff: 0.0, Sum: 1.6]
      [Update RS (ms): Min: 46.6, Avg: 46.6, Max: 46.7, Diff: 0.1, Sum: 186.4]
         [Processed Buffers: Min: 426, Avg: 466.5, Max: 484, Diff: 58, Sum: 1866]
      [Scan RS (ms): Min: 0.0, Avg: 0.0, Max: 0.0, Diff: 0.0, Sum: 0.0]
      [Code Root Scanning (ms): Min: 0.0, Avg: 0.0, Max: 0.0, Diff: 0.0, Sum: 0.0]
      [Object Copy (ms): Min: 0.4, Avg: 0.4, Max: 0.4, Diff: 0.1, Sum: 1.7]
      [Termination (ms): Min: 0.0, Avg: 0.0, Max: 0.0, Diff: 0.0, Sum: 0.0]
         [Termination Attempts: Min: 1, Avg: 1.0, Max: 1, Diff: 0, Sum: 4]
      [GC Worker Other (ms): Min: 0.0, Avg: 0.0, Max: 0.0, Diff: 0.0, Sum: 0.1]
      [GC Worker Total (ms): Min: 47.4, Avg: 47.5, Max: 47.5, Diff: 0.0, Sum: 189.8]
      [GC Worker End (ms): Min: 228848.5, Avg: 228848.6, Max: 228848.6, Diff: 0.0]
   [Code Root Fixup: 0.0 ms]
   [Code Root Purge: 0.0 ms]
   [Clear CT: 0.0 ms]
   [Other: 7.0 ms]
      [Choose CSet: 0.0 ms]
      [Ref Proc: 0.0 ms]
      [Ref Enq: 0.0 ms]
      [Redirty Cards: 0.0 ms]
      [Humongous Register: 0.8 ms]
      [Humongous Reclaim: 1.7 ms]
      [Free CSet: 0.1 ms]
   [Eden: 57.0M(798.0M)->0.0B(601.0M) Survivors: 1024.0K->1024.0K Heap: 4980.6M(5120.0M)->3910.5M(5120.0M)]
 [Times: user=0.19 sys=0.00, real=0.06 secs] 
2016-06-26T19:46:39.614+0300: 228.851: Total time for which application threads were stopped: 0.0641520 seconds, Stopping threads took: 0.0086750 seconds
2016-06-26T19:46:39.627+0300: 228.864: [GC pause (G1 Humongous Allocation) (young) (initial-mark)
Desired survivor size 39845888 bytes, new threshold 15 (max 15)
- age   1:      37648 bytes,      37648 total
- age   2:         16 bytes,      37664 total
- age   3:      27232 bytes,      64896 total
- age   4:      29784 bytes,      94680 total
- age   5:         16 bytes,      94696 total
- age   6:      27816 bytes,     122512 total
- age   7:         16 bytes,     122528 total
- age   8:      29768 bytes,     152296 total
- age  11:      13536 bytes,     165832 total
- age  12:       9032 bytes,     174864 total
- age  13:      22920 bytes,     197784 total
- age  15:      18120 bytes,     215904 total
, 0.0048701 secs]
   [Parallel Time: 2.9 ms, GC Workers: 4]
      [GC Worker Start (ms): Min: 228864.8, Avg: 228865.2, Max: 228865.7, Diff: 0.9]
      [Ext Root Scanning (ms): Min: 0.0, Avg: 1.4, Max: 2.6, Diff: 2.6, Sum: 5.5]
      [Update RS (ms): Min: 0.0, Avg: 0.5, Max: 1.0, Diff: 1.0, Sum: 2.0]
         [Processed Buffers: Min: 0, Avg: 5.5, Max: 12, Diff: 12, Sum: 22]
      [Scan RS (ms): Min: 0.0, Avg: 0.0, Max: 0.0, Diff: 0.0, Sum: 0.0]
      [Code Root Scanning (ms): Min: 0.0, Avg: 0.0, Max: 0.0, Diff: 0.0, Sum: 0.0]
      [Object Copy (ms): Min: 0.0, Avg: 0.4, Max: 0.9, Diff: 0.9, Sum: 1.8]
      [Termination (ms): Min: 0.0, Avg: 0.0, Max: 0.1, Diff: 0.1, Sum: 0.1]
         [Termination Attempts: Min: 1, Avg: 1.0, Max: 1, Diff: 0, Sum: 4]
      [GC Worker Other (ms): Min: 0.0, Avg: 0.0, Max: 0.0, Diff: 0.0, Sum: 0.0]
      [GC Worker Total (ms): Min: 1.9, Avg: 2.4, Max: 2.8, Diff: 0.9, Sum: 9.5]
      [GC Worker End (ms): Min: 228867.6, Avg: 228867.6, Max: 228867.6, Diff: 0.0]
   [Code Root Fixup: 0.0 ms]
   [Code Root Purge: 0.0 ms]
   [Clear CT: 0.0 ms]
   [Other: 1.9 ms]
      [Choose CSet: 0.0 ms]
      [Ref Proc: 0.1 ms]
      [Ref Enq: 0.0 ms]
      [Redirty Cards: 0.0 ms]
      [Humongous Register: 0.7 ms]
      [Humongous Reclaim: 0.3 ms]
      [Free CSet: 0.0 ms]
   [Eden: 1024.0K(601.0M)->0.0B(597.0M) Survivors: 1024.0K->1024.0K Heap: 3915.1M(5120.0M)->3914.4M(5120.0M)]
 [Times: user=0.00 sys=0.00, real=0.00 secs] 
2016-06-26T19:46:39.632+0300: 228.869: 2016-06-26T19:46:39.632+0300: 228.869Total time for which application threads were stopped: 0.0055685 seconds, Stopping threads took: 0.0000800 seconds
: [GC concurrent-root-region-scan-start]
2016-06-26T19:46:39.634+0300: 228.871: [GC concurrent-root-region-scan-end, 0.0020669 secs]
2016-06-26T19:46:39.635+0300: 228.871: [GC concurrent-mark-start]
2016-06-26T19:46:39.656+0300: 228.892: [GC concurrent-mark-end, 0.0211578 secs]
2016-06-26T19:46:39.806+0300: 229.043: Total time for which application threads were stopped: 0.0031232 seconds, Stopping threads took: 0.0025368 seconds
2016-06-26T19:46:39.963+0300: 229.199: [GC remark 2016-06-26T19:46:39.963+0300: 229.199: [Finalize Marking, 0.0009113 secs] 2016-06-26T19:46:39.964+0300: 229.200: [GC ref-proc, 0.0001078 secs] 2016-06-26T19:46:39.964+0300: 229.201: [Unloading, 0.0016430 secs], 0.0245089 secs]
 [Times: user=0.11 sys=0.00, real=0.02 secs] 
2016-06-26T19:46:39.987+0300: 229.224: Total time for which application threads were stopped: 0.0274515 seconds, Stopping threads took: 0.0026651 seconds
2016-06-26T19:46:40.238+0300: 229.475: Total time for which application threads were stopped: 0.0030731 seconds, Stopping threads took: 0.0024509 seconds
2016-06-26T19:46:41.243+0300: 230.479: Total time for which application threads were stopped: 0.0082644 seconds, Stopping threads took: 0.0073330 seconds
2016-06-26T19:46:41.251+0300: 230.487: Total time for which application threads were stopped: 0.0005803 seconds, Stopping threads took: 0.0000971 seconds
2016-06-26T19:46:41.431+0300: 230.668: [GC pause (G1 Humongous Allocation) (young)
Desired survivor size 39321600 bytes, new threshold 15 (max 15)
- age   1:        120 bytes,        120 total
- age   2:      37624 bytes,      37744 total
- age   3:         16 bytes,      37760 total
- age   4:      27232 bytes,      64992 total
- age   5:      29728 bytes,      94720 total
- age   6:         16 bytes,      94736 total
- age   7:      27816 bytes,     122552 total
- age   8:         16 bytes,     122568 total
- age   9:      29768 bytes,     152336 total
- age  12:      13536 bytes,     165872 total
- age  13:       9032 bytes,     174904 total
- age  14:      22920 bytes,     197824 total
, 0.0561155 secs]
   [Parallel Time: 47.5 ms, GC Workers: 4]
      [GC Worker Start (ms): Min: 230673.8, Avg: 230673.8, Max: 230673.8, Diff: 0.0]
      [Ext Root Scanning (ms): Min: 0.3, Avg: 0.3, Max: 0.3, Diff: 0.0, Sum: 1.3]
      [Update RS (ms): Min: 46.6, Avg: 46.7, Max: 46.7, Diff: 0.1, Sum: 186.7]
         [Processed Buffers: Min: 487, Avg: 493.8, Max: 505, Diff: 18, Sum: 1975]
      [Scan RS (ms): Min: 0.0, Avg: 0.0, Max: 0.0, Diff: 0.0, Sum: 0.0]
      [Code Root Scanning (ms): Min: 0.0, Avg: 0.0, Max: 0.0, Diff: 0.0, Sum: 0.0]
      [Object Copy (ms): Min: 0.4, Avg: 0.4, Max: 0.5, Diff: 0.1, Sum: 1.7]
      [Termination (ms): Min: 0.0, Avg: 0.0, Max: 0.0, Diff: 0.0, Sum: 0.0]
         [Termination Attempts: Min: 1, Avg: 1.0, Max: 1, Diff: 0, Sum: 4]
      [GC Worker Other (ms): Min: 0.0, Avg: 0.0, Max: 0.0, Diff: 0.0, Sum: 0.1]
      [GC Worker Total (ms): Min: 47.4, Avg: 47.4, Max: 47.5, Diff: 0.0, Sum: 189.8]
      [GC Worker End (ms): Min: 230721.2, Avg: 230721.2, Max: 230721.2, Diff: 0.0]
   [Code Root Fixup: 0.0 ms]
   [Code Root Purge: 0.0 ms]
   [Clear CT: 0.1 ms]
   [Other: 8.6 ms]
      [Choose CSet: 0.0 ms]
      [Ref Proc: 0.1 ms]
      [Ref Enq: 0.0 ms]
      [Redirty Cards: 0.0 ms]
      [Humongous Register: 0.8 ms]
      [Humongous Reclaim: 2.5 ms]
      [Free CSet: 0.1 ms]
   [Eden: 64.0M(597.0M)->0.0B(1340.0M) Survivors: 1024.0K->1024.0K Heap: 4980.4M(5120.0M)->3187.9M(5120.0M)]
 [Times: user=0.20 sys=0.00, real=0.06 secs] 
2016-06-26T19:46:41.488+0300: 230.724: Total time for which application threads were stopped: 0.0609694 seconds, Stopping threads took: 0.0040490 seconds
2016-06-26T19:46:41.562+0300: 230.799: [GC cleanup 3236M->3225M(5120M), 0.0023230 secs]
 [Times: user=0.00 sys=0.00, real=0.00 secs] 
2016-06-26T19:46:41.565+0300: 230.801: Total time for which application threads were stopped: 0.0108628 seconds, Stopping threads took: 0.0082687 seconds
2016-06-26T19:46:41.565+0300: 230.801: [GC concurrent-cleanup-start]
2016-06-26T19:46:41.565+0300: 230.801: [GC concurrent-cleanup-end, 0.0000252 secs]
2016-06-26T19:46:43.381+0300: 232.617: Total time for which application threads were stopped: 0.0081917 seconds, Stopping threads took: 0.0071615 seconds
2016-06-26T19:46:44.385+0300: 233.622: [GC pause (G1 Humongous Allocation) (young)
Desired survivor size 88080384 bytes, new threshold 15 (max 15)
- age   1:      42464 bytes,      42464 total
- age   3:      30720 bytes,      73184 total
- age   4:         16 bytes,      73200 total
- age   5:      21496 bytes,      94696 total
- age   6:      24552 bytes,     119248 total
- age   7:         16 bytes,     119264 total
- age   8:      24536 bytes,     143800 total
- age  10:      27552 bytes,     171352 total
- age  13:      12704 bytes,     184056 total
- age  14:       9032 bytes,     193088 total
- age  15:      22752 bytes,     215840 total
, 0.0683558 secs]
   [Parallel Time: 59.1 ms, GC Workers: 4]
      [GC Worker Start (ms): Min: 233628.1, Avg: 233629.4, Max: 233633.2, Diff: 5.0]
      [Ext Root Scanning (ms): Min: 0.0, Avg: 0.4, Max: 0.5, Diff: 0.5, Sum: 1.6]
      [Update RS (ms): Min: 53.1, Avg: 56.6, Max: 58.4, Diff: 5.3, Sum: 226.5]
         [Processed Buffers: Min: 383, Avg: 516.5, Max: 594, Diff: 211, Sum: 2066]
      [Scan RS (ms): Min: 0.0, Avg: 0.0, Max: 0.0, Diff: 0.0, Sum: 0.1]
      [Code Root Scanning (ms): Min: 0.0, Avg: 0.0, Max: 0.1, Diff: 0.1, Sum: 0.1]
      [Object Copy (ms): Min: 0.1, Avg: 0.5, Max: 0.6, Diff: 0.6, Sum: 1.9]
      [Termination (ms): Min: 0.0, Avg: 0.2, Max: 0.3, Diff: 0.3, Sum: 0.9]
         [Termination Attempts: Min: 1, Avg: 1.0, Max: 1, Diff: 0, Sum: 4]
      [GC Worker Other (ms): Min: 0.0, Avg: 0.0, Max: 0.0, Diff: 0.0, Sum: 0.1]
      [GC Worker Total (ms): Min: 54.0, Avg: 57.8, Max: 59.0, Diff: 5.0, Sum: 231.0]
      [GC Worker End (ms): Min: 233687.1, Avg: 233687.1, Max: 233687.2, Diff: 0.1]
   [Code Root Fixup: 0.0 ms]
   [Code Root Purge: 0.0 ms]
   [Clear CT: 0.1 ms]
   [Other: 9.2 ms]
      [Choose CSet: 0.0 ms]
      [Ref Proc: 0.1 ms]
      [Ref Enq: 0.0 ms]
      [Redirty Cards: 0.0 ms]
      [Humongous Register: 0.8 ms]
      [Humongous Reclaim: 2.6 ms]
      [Free CSet: 0.1 ms]
   [Eden: 64.0M(1340.0M)->0.0B(801.0M) Survivors: 1024.0K->1024.0K Heap: 4979.9M(5120.0M)->3715.2M(5120.0M)]
 [Times: user=0.20 sys=0.00, real=0.07 secs] 
2016-06-26T19:46:44.454+0300: 233.691: Total time for which application threads were stopped: 0.0815032 seconds, Stopping threads took: 0.0120406 seconds
2016-06-26T19:46:44.470+0300: 233.707: [GC pause (G1 Humongous Allocation) (young) (initial-mark)
Desired survivor size 52953088 bytes, new threshold 15 (max 15)
- age   1:      32736 bytes,      32736 total
- age   2:      35584 bytes,      68320 total
- age   4:      27184 bytes,      95504 total
- age   5:         16 bytes,      95520 total
- age   6:      18008 bytes,     113528 total
- age   7:      21848 bytes,     135376 total
- age   8:         16 bytes,     135392 total
- age   9:      22976 bytes,     158368 total
- age  11:      27192 bytes,     185560 total
- age  14:      12608 bytes,     198168 total
- age  15:       9032 bytes,     207200 total
, 0.0048932 secs]
   [Parallel Time: 1.5 ms, GC Workers: 4]
      [GC Worker Start (ms): Min: 233709.0, Avg: 233709.0, Max: 233709.2, Diff: 0.2]
      [Ext Root Scanning (ms): Min: 0.3, Avg: 0.5, Max: 0.5, Diff: 0.2, Sum: 1.9]
      [Update RS (ms): Min: 0.4, Avg: 0.4, Max: 0.5, Diff: 0.1, Sum: 1.8]
         [Processed Buffers: Min: 4, Avg: 4.5, Max: 5, Diff: 1, Sum: 18]
      [Scan RS (ms): Min: 0.0, Avg: 0.0, Max: 0.0, Diff: 0.0, Sum: 0.0]
      [Code Root Scanning (ms): Min: 0.0, Avg: 0.0, Max: 0.0, Diff: 0.0, Sum: 0.0]
      [Object Copy (ms): Min: 0.4, Avg: 0.4, Max: 0.5, Diff: 0.1, Sum: 1.7]
      [Termination (ms): Min: 0.0, Avg: 0.0, Max: 0.0, Diff: 0.0, Sum: 0.0]
         [Termination Attempts: Min: 1, Avg: 1.0, Max: 1, Diff: 0, Sum: 4]
      [GC Worker Other (ms): Min: 0.0, Avg: 0.0, Max: 0.0, Diff: 0.0, Sum: 0.0]
      [GC Worker Total (ms): Min: 1.2, Avg: 1.4, Max: 1.4, Diff: 0.2, Sum: 5.5]
      [GC Worker End (ms): Min: 233710.4, Avg: 233710.4, Max: 233710.4, Diff: 0.0]
   [Code Root Fixup: 0.0 ms]
   [Code Root Purge: 0.0 ms]
   [Clear CT: 0.0 ms]
   [Other: 3.4 ms]
      [Choose CSet: 0.0 ms]
      [Ref Proc: 0.1 ms]
      [Ref Enq: 0.0 ms]
      [Redirty Cards: 0.0 ms]
      [Humongous Register: 1.2 ms]
      [Humongous Reclaim: 0.7 ms]
      [Free CSet: 0.0 ms]
   [Eden: 1024.0K(801.0M)->0.0B(919.0M) Survivors: 1024.0K->1024.0K Heap: 3717.7M(5120.0M)->3599.9M(5120.0M)]
 [Times: user=0.00 sys=0.00, real=0.00 secs] 
2016-06-26T19:46:44.475+0300: 233.712: [GC concurrent-root-region-scan-start]
2016-06-26T19:46:44.475+0300: 233.712: Total time for which application threads were stopped: 0.0059269 seconds, Stopping threads took: 0.0001912 seconds
2016-06-26T19:46:44.477+0300: 233.714: [GC concurrent-root-region-scan-end, 0.0015789 secs]
2016-06-26T19:46:44.477+0300: 233.714: [GC concurrent-mark-start]
2016-06-26T19:46:44.494+0300: 233.731: [GC concurrent-mark-end, 0.0176206 secs]
2016-06-26T19:46:44.528+0300: 233.765: [GC remark 2016-06-26T19:46:44.528+0300: 233.765: [Finalize Marking, 0.0003532 secs] 2016-06-26T19:46:44.528+0300: 233.765: [GC ref-proc, 0.0001095 secs] 2016-06-26T19:46:44.528+0300: 233.765: [Unloading, 0.0018291 secs], 0.0227320 secs]
 [Times: user=0.13 sys=0.00, real=0.02 secs] 
2016-06-26T19:46:44.551+0300: 233.788: Total time for which application threads were stopped: 0.0346254 seconds, Stopping threads took: 0.0114680 seconds
2016-06-26T19:46:45.567+0300: 234.804: Total time for which application threads were stopped: 0.0159887 seconds, Stopping threads took: 0.0156158 seconds
2016-06-26T19:46:46.877+0300: 236.114: [GC pause (G1 Humongous Allocation) (young)
Desired survivor size 60293120 bytes, new threshold 15 (max 15)
- age   1:         40 bytes,         40 total
- age   2:      32112 bytes,      32152 total
- age   3:      35168 bytes,      67320 total
- age   5:      26872 bytes,      94192 total
- age   6:         16 bytes,      94208 total
- age   7:      17832 bytes,     112040 total
- age   8:      21808 bytes,     133848 total
- age   9:         16 bytes,     133864 total
- age  10:      22976 bytes,     156840 total
- age  12:      27192 bytes,     184032 total
- age  15:      12608 bytes,     196640 total
, 0.0538164 secs]
   [Parallel Time: 46.2 ms, GC Workers: 4]
      [GC Worker Start (ms): Min: 236119.2, Avg: 236119.2, Max: 236119.2, Diff: 0.0]
      [Ext Root Scanning (ms): Min: 0.3, Avg: 0.3, Max: 0.4, Diff: 0.0, Sum: 1.4]
      [Update RS (ms): Min: 45.3, Avg: 45.3, Max: 45.4, Diff: 0.0, Sum: 181.4]
         [Processed Buffers: Min: 474, Avg: 480.5, Max: 490, Diff: 16, Sum: 1922]
      [Scan RS (ms): Min: 0.0, Avg: 0.0, Max: 0.0, Diff: 0.0, Sum: 0.0]
      [Code Root Scanning (ms): Min: 0.0, Avg: 0.0, Max: 0.0, Diff: 0.0, Sum: 0.0]
      [Object Copy (ms): Min: 0.4, Avg: 0.4, Max: 0.4, Diff: 0.0, Sum: 1.7]
      [Termination (ms): Min: 0.0, Avg: 0.0, Max: 0.0, Diff: 0.0, Sum: 0.0]
         [Termination Attempts: Min: 1, Avg: 1.0, Max: 1, Diff: 0, Sum: 4]
      [GC Worker Other (ms): Min: 0.0, Avg: 0.0, Max: 0.0, Diff: 0.0, Sum: 0.1]
      [GC Worker Total (ms): Min: 46.1, Avg: 46.2, Max: 46.2, Diff: 0.0, Sum: 184.6]
      [GC Worker End (ms): Min: 236165.4, Avg: 236165.4, Max: 236165.4, Diff: 0.0]
   [Code Root Fixup: 0.0 ms]
   [Code Root Purge: 0.0 ms]
   [Clear CT: 0.0 ms]
   [Other: 7.6 ms]
      [Choose CSet: 0.0 ms]
      [Ref Proc: 0.0 ms]
      [Ref Enq: 0.0 ms]
      [Redirty Cards: 0.0 ms]
      [Humongous Register: 0.8 ms]
      [Humongous Reclaim: 2.0 ms]
      [Free CSet: 0.1 ms]
   [Eden: 62.0M(919.0M)->0.0B(979.0M) Survivors: 1024.0K->1024.0K Heap: 4980.3M(5120.0M)->3541.4M(5120.0M)]
 [Times: user=0.19 sys=0.00, real=0.05 secs] 
2016-06-26T19:46:46.931+0300: 236.168: Total time for which application threads were stopped: 0.0697324 seconds, Stopping threads took: 0.0151009 seconds
2016-06-26T19:46:47.426+0300: 236.662: [GC cleanup 3887M->3887M(5120M), 0.0023089 secs]
 [Times: user=0.00 sys=0.00, real=0.00 secs] 
2016-06-26T19:46:47.428+0300: 236.665: Total time for which application threads were stopped: 0.0167628 seconds, Stopping threads took: 0.0140882 seconds
2016-06-26T19:46:48.565+0300: 237.801: Total time for which application threads were stopped: 0.0208990 seconds, Stopping threads took: 0.0199141 seconds
2016-06-26T19:46:49.107+0300: 238.343: [GC pause (G1 Humongous Allocation) (young)
Desired survivor size 64487424 bytes, new threshold 15 (max 15)
- age   1:      40464 bytes,      40464 total
- age   2:         16 bytes,      40480 total
- age   3:      24544 bytes,      65024 total
- age   4:      31032 bytes,      96056 total
- age   6:      22320 bytes,     118376 total
- age   7:         16 bytes,     118392 total
- age   8:      14616 bytes,     133008 total
- age   9:      20136 bytes,     153144 total
- age  11:      22576 bytes,     175720 total
- age  13:      27096 bytes,     202816 total
, 0.0581015 secs]
   [Parallel Time: 50.0 ms, GC Workers: 4]
      [GC Worker Start (ms): Min: 238348.9, Avg: 238348.9, Max: 238348.9, Diff: 0.0]
      [Ext Root Scanning (ms): Min: 0.4, Avg: 0.4, Max: 0.4, Diff: 0.0, Sum: 1.7]
      [Update RS (ms): Min: 49.1, Avg: 49.1, Max: 49.2, Diff: 0.1, Sum: 196.4]
         [Processed Buffers: Min: 514, Avg: 520.0, Max: 525, Diff: 11, Sum: 2080]
      [Scan RS (ms): Min: 0.0, Avg: 0.0, Max: 0.0, Diff: 0.0, Sum: 0.0]
      [Code Root Scanning (ms): Min: 0.0, Avg: 0.0, Max: 0.0, Diff: 0.0, Sum: 0.0]
      [Object Copy (ms): Min: 0.4, Avg: 0.4, Max: 0.4, Diff: 0.1, Sum: 1.7]
      [Termination (ms): Min: 0.0, Avg: 0.0, Max: 0.0, Diff: 0.0, Sum: 0.0]
         [Termination Attempts: Min: 1, Avg: 1.0, Max: 1, Diff: 0, Sum: 4]
      [GC Worker Other (ms): Min: 0.0, Avg: 0.0, Max: 0.0, Diff: 0.0, Sum: 0.1]
      [GC Worker Total (ms): Min: 50.0, Avg: 50.0, Max: 50.0, Diff: 0.0, Sum: 199.9]
      [GC Worker End (ms): Min: 238398.9, Avg: 238398.9, Max: 238398.9, Diff: 0.0]
   [Code Root Fixup: 0.0 ms]
   [Code Root Purge: 0.0 ms]
   [Clear CT: 0.0 ms]
   [Other: 8.0 ms]
      [Choose CSet: 0.0 ms]
      [Ref Proc: 0.1 ms]
      [Ref Enq: 0.0 ms]
      [Redirty Cards: 0.0 ms]
      [Humongous Register: 0.8 ms]
      [Humongous Reclaim: 1.9 ms]
      [Free CSet: 0.1 ms]
   [Eden: 62.0M(979.0M)->0.0B(859.0M) Survivors: 1024.0K->1024.0K Heap: 4980.4M(5120.0M)->3658.6M(5120.0M)]
 [Times: user=0.20 sys=0.00, real=0.06 secs] 
2016-06-26T19:46:49.165+0300: 238.401: Total time for which application threads were stopped: 0.0667944 seconds, Stopping threads took: 0.0077529 seconds
2016-06-26T19:46:49.167+0300: 238.404: [GC pause (G1 Humongous Allocation) (young) (initial-mark)
Desired survivor size 56623104 bytes, new threshold 15 (max 15)
- age   1:      30920 bytes,      30920 total
- age   2:      32536 bytes,      63456 total
- age   3:         16 bytes,      63472 total
- age   4:      20384 bytes,      83856 total
- age   5:      27456 bytes,     111312 total
- age   7:      19968 bytes,     131280 total
- age   9:      13136 bytes,     144416 total
- age  10:      19912 bytes,     164328 total
- age  12:      22552 bytes,     186880 total
- age  14:      27096 bytes,     213976 total
, 0.0031377 secs]
   [Parallel Time: 1.4 ms, GC Workers: 4]
      [GC Worker Start (ms): Min: 238404.8, Avg: 238404.8, Max: 238404.8, Diff: 0.0]
      [Ext Root Scanning (ms): Min: 0.5, Avg: 0.5, Max: 0.5, Diff: 0.0, Sum: 1.9]
      [Update RS (ms): Min: 0.4, Avg: 0.4, Max: 0.5, Diff: 0.1, Sum: 1.6]
         [Processed Buffers: Min: 4, Avg: 4.3, Max: 5, Diff: 1, Sum: 17]
      [Scan RS (ms): Min: 0.0, Avg: 0.0, Max: 0.0, Diff: 0.0, Sum: 0.0]
      [Code Root Scanning (ms): Min: 0.0, Avg: 0.0, Max: 0.0, Diff: 0.0, Sum: 0.0]
      [Object Copy (ms): Min: 0.4, Avg: 0.4, Max: 0.5, Diff: 0.1, Sum: 1.8]
      [Termination (ms): Min: 0.0, Avg: 0.0, Max: 0.0, Diff: 0.0, Sum: 0.0]
         [Termination Attempts: Min: 1, Avg: 1.0, Max: 1, Diff: 0, Sum: 4]
      [GC Worker Other (ms): Min: 0.0, Avg: 0.0, Max: 0.0, Diff: 0.0, Sum: 0.0]
      [GC Worker Total (ms): Min: 1.3, Avg: 1.3, Max: 1.3, Diff: 0.0, Sum: 5.3]
      [GC Worker End (ms): Min: 238406.2, Avg: 238406.2, Max: 238406.2, Diff: 0.0]
   [Code Root Fixup: 0.0 ms]
   [Code Root Purge: 0.0 ms]
   [Clear CT: 0.0 ms]
   [Other: 1.7 ms]
      [Choose CSet: 0.0 ms]
      [Ref Proc: 0.0 ms]
      [Ref Enq: 0.0 ms]
      [Redirty Cards: 0.0 ms]
      [Humongous Register: 0.6 ms]
      [Humongous Reclaim: 0.3 ms]
      [Free CSet: 0.0 ms]
   [Eden: 1024.0K(859.0M)->0.0B(858.0M) Survivors: 1024.0K->1024.0K Heap: 3661.1M(5120.0M)->3660.5M(5120.0M)]
 [Times: user=0.02 sys=0.00, real=0.00 secs] 
2016-06-26T19:46:49.171+0300: 238.407: [GC concurrent-root-region-scan-start]
2016-06-26T19:46:49.171+0300: 238.407: Total time for which application threads were stopped: 0.0038382 seconds, Stopping threads took: 0.0000689 seconds
2016-06-26T19:46:49.172+0300: 238.409: [GC concurrent-root-region-scan-end, 0.0015746 secs]
2016-06-26T19:46:49.172+0300: 238.409: [GC concurrent-mark-start]
2016-06-26T19:46:49.195+0300: 238.432: [GC concurrent-mark-end, 0.0219652 secs]
2016-06-26T19:46:49.214+0300: 238.450: [GC remark 2016-06-26T19:46:49.214+0300: 238.450: [Finalize Marking, 0.0003323 secs] 2016-06-26T19:46:49.214+0300: 238.451: [GC ref-proc, 0.0001116 secs] 2016-06-26T19:46:49.214+0300: 238.451: [Unloading, 0.0018526 secs], 0.0225241 secs]
 [Times: user=0.13 sys=0.00, real=0.02 secs] 
2016-06-26T19:46:49.236+0300: 238.473: Total time for which application threads were stopped: 0.0281230 seconds, Stopping threads took: 0.0051665 seconds
2016-06-26T19:46:49.737+0300: 238.973: Total time for which application threads were stopped: 0.0099177 seconds, Stopping threads took: 0.0089354 seconds
2016-06-26T19:46:50.288+0300: 239.524: [GC cleanup 4374M->4374M(5120M), 0.0023803 secs]
 [Times: user=0.00 sys=0.00, real=0.00 secs] 
2016-06-26T19:46:50.291+0300: 239.527: Total time for which application threads were stopped: 0.0104818 seconds, Stopping threads took: 0.0076507 seconds
2016-06-26T19:46:51.064+0300: 240.300: Total time for which application threads were stopped: 0.0008985 seconds, Stopping threads took: 0.0003366 seconds
2016-06-26T19:46:51.488+0300: 240.724: [GC pause (G1 Humongous Allocation) (young)
Desired survivor size 56623104 bytes, new threshold 15 (max 15)
- age   1:         40 bytes,         40 total
- age   2:      30896 bytes,      30936 total
- age   3:      32536 bytes,      63472 total
- age   4:         16 bytes,      63488 total
- age   5:      20384 bytes,      83872 total
- age   6:      27456 bytes,     111328 total
- age   8:      19968 bytes,     131296 total
- age  10:      13136 bytes,     144432 total
- age  11:      19912 bytes,     164344 total
- age  13:      22552 bytes,     186896 total
- age  15:      27096 bytes,     213992 total
, 0.0567933 secs]
   [Parallel Time: 48.9 ms, GC Workers: 4]
      [GC Worker Start (ms): Min: 240730.1, Avg: 240730.3, Max: 240730.7, Diff: 0.6]
      [Ext Root Scanning (ms): Min: 0.0, Avg: 0.3, Max: 0.5, Diff: 0.5, Sum: 1.4]
      [Update RS (ms): Min: 47.7, Avg: 47.8, Max: 47.9, Diff: 0.1, Sum: 191.2]
         [Processed Buffers: Min: 479, Avg: 496.3, Max: 505, Diff: 26, Sum: 1985]
      [Scan RS (ms): Min: 0.0, Avg: 0.0, Max: 0.0, Diff: 0.0, Sum: 0.0]
      [Code Root Scanning (ms): Min: 0.0, Avg: 0.0, Max: 0.0, Diff: 0.0, Sum: 0.0]
      [Object Copy (ms): Min: 0.5, Avg: 0.6, Max: 0.6, Diff: 0.1, Sum: 2.3]
      [Termination (ms): Min: 0.0, Avg: 0.0, Max: 0.0, Diff: 0.0, Sum: 0.0]
         [Termination Attempts: Min: 1, Avg: 1.0, Max: 1, Diff: 0, Sum: 4]
      [GC Worker Other (ms): Min: 0.0, Avg: 0.0, Max: 0.0, Diff: 0.0, Sum: 0.1]
      [GC Worker Total (ms): Min: 48.3, Avg: 48.8, Max: 48.9, Diff: 0.6, Sum: 195.0]
      [GC Worker End (ms): Min: 240779.0, Avg: 240779.0, Max: 240779.0, Diff: 0.0]
   [Code Root Fixup: 0.0 ms]
   [Code Root Purge: 0.0 ms]
   [Clear CT: 0.0 ms]
   [Other: 7.8 ms]
      [Choose CSet: 0.0 ms]
      [Ref Proc: 0.0 ms]
      [Ref Enq: 0.0 ms]
      [Redirty Cards: 0.0 ms]
      [Humongous Register: 0.9 ms]
      [Humongous Reclaim: 1.8 ms]
      [Free CSet: 0.0 ms]
   [Eden: 62.0M(858.0M)->0.0B(920.0M) Survivors: 1024.0K->1024.0K Heap: 4979.4M(5120.0M)->3600.1M(5120.0M)]
 [Times: user=0.19 sys=0.00, real=0.06 secs] 
2016-06-26T19:46:51.545+0300: 240.781: Total time for which application threads were stopped: 0.0635845 seconds, Stopping threads took: 0.0059683 seconds
2016-06-26T19:46:51.556+0300: 240.792: [GC pause (G1 Humongous Allocation) (young) (initial-mark)
Desired survivor size 60817408 bytes, new threshold 15 (max 15)
- age   1:     114584 bytes,     114584 total
- age   2:         16 bytes,     114600 total
- age   3:      23320 bytes,     137920 total
- age   4:      27792 bytes,     165712 total
- age   6:      16688 bytes,     182400 total
- age   7:      24936 bytes,     207336 total
- age   9:      18736 bytes,     226072 total
- age  11:      12616 bytes,     238688 total
- age  12:      19912 bytes,     258600 total
- age  14:      22552 bytes,     281152 total
, 0.0035726 secs]
   [Parallel Time: 1.8 ms, GC Workers: 4]
      [GC Worker Start (ms): Min: 240793.5, Avg: 240793.5, Max: 240793.5, Diff: 0.0]
      [Ext Root Scanning (ms): Min: 0.4, Avg: 0.4, Max: 0.5, Diff: 0.0, Sum: 1.7]
      [Update RS (ms): Min: 0.7, Avg: 0.8, Max: 0.8, Diff: 0.1, Sum: 3.2]
         [Processed Buffers: Min: 8, Avg: 8.3, Max: 9, Diff: 1, Sum: 33]
      [Scan RS (ms): Min: 0.0, Avg: 0.0, Max: 0.0, Diff: 0.0, Sum: 0.0]
      [Code Root Scanning (ms): Min: 0.0, Avg: 0.0, Max: 0.0, Diff: 0.0, Sum: 0.0]
      [Object Copy (ms): Min: 0.5, Avg: 0.5, Max: 0.6, Diff: 0.1, Sum: 2.1]
      [Termination (ms): Min: 0.0, Avg: 0.0, Max: 0.0, Diff: 0.0, Sum: 0.0]
         [Termination Attempts: Min: 1, Avg: 1.0, Max: 1, Diff: 0, Sum: 4]
      [GC Worker Other (ms): Min: 0.0, Avg: 0.0, Max: 0.0, Diff: 0.0, Sum: 0.0]
      [GC Worker Total (ms): Min: 1.8, Avg: 1.8, Max: 1.8, Diff: 0.0, Sum: 7.1]
      [GC Worker End (ms): Min: 240795.3, Avg: 240795.3, Max: 240795.3, Diff: 0.0]
   [Code Root Fixup: 0.0 ms]
   [Code Root Purge: 0.0 ms]
   [Clear CT: 0.0 ms]
   [Other: 1.7 ms]
      [Choose CSet: 0.0 ms]
      [Ref Proc: 0.0 ms]
      [Ref Enq: 0.0 ms]
      [Redirty Cards: 0.0 ms]
      [Humongous Register: 0.6 ms]
      [Humongous Reclaim: 0.3 ms]
      [Free CSet: 0.0 ms]
   [Eden: 1024.0K(920.0M)->0.0B(916.0M) Survivors: 1024.0K->1024.0K Heap: 3604.5M(5120.0M)->3604.1M(5120.0M)]
 [Times: user=0.00 sys=0.00, real=0.00 secs] 
2016-06-26T19:46:51.559+0300: 2016-06-26T19:46:51.559+0300: 240.796: [GC concurrent-root-region-scan-start]
240.796: Total time for which application threads were stopped: 0.0041790 seconds, Stopping threads took: 0.0000757 seconds
2016-06-26T19:46:51.561+0300: 240.798: [GC concurrent-root-region-scan-end, 0.0017953 secs]
2016-06-26T19:46:51.561+0300: 240.798: [GC concurrent-mark-start]
2016-06-26T19:46:51.581+0300: 240.818: [GC concurrent-mark-end, 0.0189896 secs]
2016-06-26T19:46:51.605+0300: 240.842: [GC remark 2016-06-26T19:46:51.605+0300: 240.842: [Finalize Marking, 0.0003994 secs] 2016-06-26T19:46:51.606+0300: 240.842: [GC ref-proc, 0.0001043 secs] 2016-06-26T19:46:51.606+0300: 240.842: [Unloading, 0.0017461 secs], 0.0224484 secs]
 [Times: user=0.09 sys=0.00, real=0.02 secs] 
2016-06-26T19:46:51.628+0300: 240.864: Total time for which application threads were stopped: 0.0279049 seconds, Stopping threads took: 0.0051289 seconds
2016-06-26T19:46:51.631+0300: 240.867: [GC cleanup 3629M->3629M(5120M), 0.0023884 secs]
 [Times: user=0.00 sys=0.00, real=0.00 secs] 
2016-06-26T19:46:51.633+0300: 240.870: Total time for which application threads were stopped: 0.0027913 seconds, Stopping threads took: 0.0000808 seconds
2016-06-26T19:46:53.758+0300: 242.994: [GC pause (G1 Humongous Allocation) (young)
Desired survivor size 60293120 bytes, new threshold 15 (max 15)
- age   1:         40 bytes,         40 total
- age   2:     114560 bytes,     114600 total
- age   3:         16 bytes,     114616 total
- age   4:      23320 bytes,     137936 total
- age   5:      27792 bytes,     165728 total
- age   7:      16688 bytes,     182416 total
- age   8:      24936 bytes,     207352 total
- age  10:      18736 bytes,     226088 total
- age  12:      12616 bytes,     238704 total
- age  13:      19912 bytes,     258616 total
- age  15:      22552 bytes,     281168 total
, 0.0792939 secs]
   [Parallel Time: 71.6 ms, GC Workers: 4]
      [GC Worker Start (ms): Min: 242999.7, Avg: 243009.8, Max: 243026.4, Diff: 26.7]
      [Ext Root Scanning (ms): Min: 0.0, Avg: 0.4, Max: 0.7, Diff: 0.7, Sum: 1.5]
      [Update RS (ms): Min: 44.7, Avg: 60.3, Max: 69.8, Diff: 25.1, Sum: 241.3]
         [Processed Buffers: Min: 367, Avg: 513.3, Max: 612, Diff: 245, Sum: 2053]
      [Scan RS (ms): Min: 0.0, Avg: 0.0, Max: 0.0, Diff: 0.0, Sum: 0.0]
      [Code Root Scanning (ms): Min: 0.0, Avg: 0.0, Max: 0.0, Diff: 0.0, Sum: 0.0]
      [Object Copy (ms): Min: 0.0, Avg: 0.5, Max: 0.7, Diff: 0.7, Sum: 2.0]
      [Termination (ms): Min: 0.0, Avg: 0.3, Max: 0.4, Diff: 0.4, Sum: 1.2]
         [Termination Attempts: Min: 1, Avg: 1.3, Max: 2, Diff: 1, Sum: 5]
      [GC Worker Other (ms): Min: 0.0, Avg: 0.0, Max: 0.0, Diff: 0.0, Sum: 0.1]
      [GC Worker Total (ms): Min: 44.7, Avg: 61.5, Max: 71.6, Diff: 26.9, Sum: 246.1]
      [GC Worker End (ms): Min: 243071.1, Avg: 243071.3, Max: 243071.3, Diff: 0.3]
   [Code Root Fixup: 0.0 ms]
   [Code Root Purge: 0.0 ms]
   [Clear CT: 0.0 ms]
   [Other: 7.6 ms]
      [Choose CSet: 0.0 ms]
      [Ref Proc: 0.1 ms]
      [Ref Enq: 0.0 ms]
      [Redirty Cards: 0.0 ms]
      [Humongous Register: 0.8 ms]
      [Humongous Reclaim: 1.7 ms]
      [Free CSet: 0.0 ms]
   [Eden: 63.0M(916.0M)->0.0B(769.0M) Survivors: 1024.0K->1024.0K Heap: 4981.0M(5120.0M)->3746.6M(5120.0M)]
 [Times: user=0.22 sys=0.00, real=0.08 secs] 
2016-06-26T19:46:53.837+0300: 243.074: Total time for which application threads were stopped: 0.0922540 seconds, Stopping threads took: 0.0120432 seconds
2016-06-26T19:46:53.840+0300: 243.077: [GC pause (G1 Humongous Allocation) (young) (initial-mark)
Desired survivor size 50855936 bytes, new threshold 15 (max 15)
- age   1:      37128 bytes,      37128 total
- age   2:         16 bytes,      37144 total
- age   3:      36040 bytes,      73184 total
- age   4:         16 bytes,      73200 total
- age   5:      19920 bytes,      93120 total
- age   6:      23648 bytes,     116768 total
- age   8:      13584 bytes,     130352 total
- age   9:      23744 bytes,     154096 total
- age  11:      18312 bytes,     172408 total
- age  13:      12616 bytes,     185024 total
- age  14:      19912 bytes,     204936 total
, 0.0030479 secs]
   [Parallel Time: 1.4 ms, GC Workers: 4]
      [GC Worker Start (ms): Min: 243077.8, Avg: 243077.8, Max: 243077.8, Diff: 0.0]
      [Ext Root Scanning (ms): Min: 0.5, Avg: 0.5, Max: 0.5, Diff: 0.0, Sum: 1.9]
      [Update RS (ms): Min: 0.4, Avg: 0.4, Max: 0.5, Diff: 0.1, Sum: 1.6]
         [Processed Buffers: Min: 4, Avg: 4.5, Max: 5, Diff: 1, Sum: 18]
      [Scan RS (ms): Min: 0.0, Avg: 0.0, Max: 0.0, Diff: 0.0, Sum: 0.0]
      [Code Root Scanning (ms): Min: 0.0, Avg: 0.0, Max: 0.0, Diff: 0.0, Sum: 0.0]
      [Object Copy (ms): Min: 0.4, Avg: 0.4, Max: 0.5, Diff: 0.1, Sum: 1.7]
      [Termination (ms): Min: 0.0, Avg: 0.0, Max: 0.0, Diff: 0.0, Sum: 0.0]
         [Termination Attempts: Min: 1, Avg: 1.0, Max: 1, Diff: 0, Sum: 4]
      [GC Worker Other (ms): Min: 0.0, Avg: 0.0, Max: 0.0, Diff: 0.0, Sum: 0.0]
      [GC Worker Total (ms): Min: 1.3, Avg: 1.3, Max: 1.3, Diff: 0.0, Sum: 5.3]
      [GC Worker End (ms): Min: 243079.1, Avg: 243079.1, Max: 243079.1, Diff: 0.0]
   [Code Root Fixup: 0.0 ms]
   [Code Root Purge: 0.0 ms]
   [Clear CT: 0.0 ms]
   [Other: 1.6 ms]
      [Choose CSet: 0.0 ms]
      [Ref Proc: 0.0 ms]
      [Ref Enq: 0.0 ms]
      [Redirty Cards: 0.0 ms]
      [Humongous Register: 0.7 ms]
      [Humongous Reclaim: 0.3 ms]
      [Free CSet: 0.0 ms]
   [Eden: 1024.0K(769.0M)->0.0B(767.0M) Survivors: 1024.0K->1024.0K Heap: 3749.3M(5120.0M)->3748.5M(5120.0M)]
 [Times: user=0.06 sys=0.00, real=0.00 secs] 
2016-06-26T19:46:53.844+0300: 243.080: [GC concurrent-root-region-scan-start]
2016-06-26T19:46:53.844+0300: 243.080: Total time for which application threads were stopped: 0.0037377 seconds, Stopping threads took: 0.0000667 seconds
2016-06-26T19:46:53.845+0300: 243.082: [GC concurrent-root-region-scan-end, 0.0017239 secs]
2016-06-26T19:46:53.845+0300: 243.082: [GC concurrent-mark-start]
2016-06-26T19:46:53.864+0300: 243.100: [GC concurrent-mark-end, 0.0183506 secs]
2016-06-26T19:46:54.008+0300: 243.245: Total time for which application threads were stopped: 0.0057618 seconds, Stopping threads took: 0.0052486 seconds
2016-06-26T19:46:55.088+0300: 244.325: [GC remark 2016-06-26T19:46:55.088+0300: 244.325: [Finalize Marking, 0.0051909 secs] 2016-06-26T19:46:55.093+0300: 244.330: [GC ref-proc, 0.0001061 secs] 2016-06-26T19:46:55.093+0300: 244.330: [Unloading, 0.0022123 secs], 0.0351087 secs]
 [Times: user=0.08 sys=0.00, real=0.04 secs] 
2016-06-26T19:46:55.124+0300: 244.360: Total time for which application threads were stopped: 0.0451676 seconds, Stopping threads took: 0.0096128 seconds
2016-06-26T19:46:55.187+0300: 244.423: [GC cleanup 4551M->4551M(5120M), 0.0021075 secs]
 [Times: user=0.00 sys=0.00, real=0.00 secs] 
2016-06-26T19:46:55.189+0300: 244.426: Total time for which application threads were stopped: 0.0026142 seconds, Stopping threads took: 0.0000641 seconds
2016-06-26T19:46:55.851+0300: 245.087: [GC pause (G1 Humongous Allocation) (young)
Desired survivor size 50331648 bytes, new threshold 15 (max 15)
- age   1:         40 bytes,         40 total
- age   2:      37104 bytes,      37144 total
- age   3:         16 bytes,      37160 total
- age   4:      36040 bytes,      73200 total
- age   5:         16 bytes,      73216 total
- age   6:      19920 bytes,      93136 total
- age   7:      23648 bytes,     116784 total
- age   9:      13584 bytes,     130368 total
- age  10:      23744 bytes,     154112 total
- age  12:      18312 bytes,     172424 total
- age  14:      12616 bytes,     185040 total
- age  15:      19912 bytes,     204952 total
, 0.0411976 secs]
   [Parallel Time: 35.2 ms, GC Workers: 4]
      [GC Worker Start (ms): Min: 245091.1, Avg: 245094.1, Max: 245102.9, Diff: 11.7]
      [Ext Root Scanning (ms): Min: 0.0, Avg: 0.4, Max: 0.5, Diff: 0.5, Sum: 1.6]
      [Update RS (ms): Min: 23.0, Avg: 31.3, Max: 34.1, Diff: 11.2, Sum: 125.3]
         [Processed Buffers: Min: 248, Avg: 336.8, Max: 368, Diff: 120, Sum: 1347]
      [Scan RS (ms): Min: 0.0, Avg: 0.0, Max: 0.0, Diff: 0.0, Sum: 0.1]
      [Code Root Scanning (ms): Min: 0.0, Avg: 0.0, Max: 0.0, Diff: 0.0, Sum: 0.0]
      [Object Copy (ms): Min: 0.4, Avg: 0.5, Max: 0.5, Diff: 0.1, Sum: 1.8]
      [Termination (ms): Min: 0.0, Avg: 0.0, Max: 0.0, Diff: 0.0, Sum: 0.0]
         [Termination Attempts: Min: 1, Avg: 1.0, Max: 1, Diff: 0, Sum: 4]
      [GC Worker Other (ms): Min: 0.0, Avg: 0.0, Max: 0.0, Diff: 0.0, Sum: 0.1]
      [GC Worker Total (ms): Min: 23.4, Avg: 32.2, Max: 35.2, Diff: 11.7, Sum: 128.9]
      [GC Worker End (ms): Min: 245126.3, Avg: 245126.3, Max: 245126.3, Diff: 0.0]
   [Code Root Fixup: 0.0 ms]
   [Code Root Purge: 0.0 ms]
   [Clear CT: 0.0 ms]
   [Other: 6.0 ms]
      [Choose CSet: 0.0 ms]
      [Ref Proc: 0.0 ms]
      [Ref Enq: 0.0 ms]
      [Redirty Cards: 0.0 ms]
      [Humongous Register: 0.8 ms]
      [Humongous Reclaim: 1.8 ms]
      [Free CSet: 0.1 ms]
   [Eden: 64.0M(767.0M)->0.0B(825.0M) Survivors: 1024.0K->1024.0K Heap: 4979.7M(5120.0M)->3686.0M(5120.0M)]
 [Times: user=0.17 sys=0.00, real=0.04 secs] 
2016-06-26T19:46:55.892+0300: 245.129: Total time for which application threads were stopped: 0.0511132 seconds, Stopping threads took: 0.0089298 seconds
2016-06-26T19:46:55.895+0300: 245.131: [GC pause (G1 Humongous Allocation) (young) (initial-mark)
Desired survivor size 54525952 bytes, new threshold 15 (max 15)
- age   1:      38464 bytes,      38464 total
- age   2:         16 bytes,      38480 total
- age   3:      31312 bytes,      69792 total
- age   4:         16 bytes,      69808 total
- age   5:      31528 bytes,     101336 total
- age   7:      16400 bytes,     117736 total
- age   8:      20616 bytes,     138352 total
- age  10:      11600 bytes,     149952 total
- age  11:      23368 bytes,     173320 total
- age  13:      18288 bytes,     191608 total
- age  15:      12616 bytes,     204224 total
, 0.0030231 secs]
   [Parallel Time: 1.4 ms, GC Workers: 4]
      [GC Worker Start (ms): Min: 245132.0, Avg: 245132.0, Max: 245132.0, Diff: 0.0]
      [Ext Root Scanning (ms): Min: 0.5, Avg: 0.5, Max: 0.5, Diff: 0.0, Sum: 1.9]
      [Update RS (ms): Min: 0.4, Avg: 0.4, Max: 0.5, Diff: 0.1, Sum: 1.6]
         [Processed Buffers: Min: 4, Avg: 4.3, Max: 5, Diff: 1, Sum: 17]
      [Scan RS (ms): Min: 0.0, Avg: 0.0, Max: 0.0, Diff: 0.0, Sum: 0.0]
      [Code Root Scanning (ms): Min: 0.0, Avg: 0.0, Max: 0.0, Diff: 0.0, Sum: 0.0]
      [Object Copy (ms): Min: 0.4, Avg: 0.4, Max: 0.4, Diff: 0.1, Sum: 1.6]
      [Termination (ms): Min: 0.0, Avg: 0.0, Max: 0.0, Diff: 0.0, Sum: 0.0]
         [Termination Attempts: Min: 1, Avg: 1.0, Max: 1, Diff: 0, Sum: 4]
      [GC Worker Other (ms): Min: 0.0, Avg: 0.0, Max: 0.0, Diff: 0.0, Sum: 0.0]
      [GC Worker Total (ms): Min: 1.3, Avg: 1.3, Max: 1.3, Diff: 0.0, Sum: 5.3]
      [GC Worker End (ms): Min: 245133.3, Avg: 245133.3, Max: 245133.3, Diff: 0.0]
   [Code Root Fixup: 0.0 ms]
   [Code Root Purge: 0.0 ms]
   [Clear CT: 0.0 ms]
   [Other: 1.6 ms]
      [Choose CSet: 0.0 ms]
      [Ref Proc: 0.0 ms]
      [Ref Enq: 0.0 ms]
      [Redirty Cards: 0.0 ms]
      [Humongous Register: 0.6 ms]
      [Humongous Reclaim: 0.3 ms]
      [Free CSet: 0.0 ms]
   [Eden: 1024.0K(825.0M)->0.0B(824.0M) Survivors: 1024.0K->1024.0K Heap: 3688.5M(5120.0M)->3687.9M(5120.0M)]
 [Times: user=0.00 sys=0.00, real=0.00 secs] 
2016-06-26T19:46:55.898+0300: 2016-06-26T19:46:55.898+0300: 245.134: 245.134: [GC concurrent-root-region-scan-start]
Total time for which application threads were stopped: 0.0037052 seconds, Stopping threads took: 0.0000569 seconds
2016-06-26T19:46:55.899+0300: 245.136: [GC concurrent-root-region-scan-end, 0.0014472 secs]
2016-06-26T19:46:55.899+0300: 245.136: [GC concurrent-mark-start]
2016-06-26T19:46:55.919+0300: 245.155: [GC concurrent-mark-end, 0.0196413 secs]
2016-06-26T19:46:55.938+0300: 245.175: [GC remark 2016-06-26T19:46:55.938+0300: 245.175: [Finalize Marking, 0.0004285 secs] 2016-06-26T19:46:55.939+0300: 245.175: [GC ref-proc, 0.0001073 secs] 2016-06-26T19:46:55.939+0300: 245.175: [Unloading, 0.0018637 secs], 0.0227563 secs]
 [Times: user=0.06 sys=0.00, real=0.02 secs] 
2016-06-26T19:46:55.961+0300: 245.198: Total time for which application threads were stopped: 0.0305213 seconds, Stopping threads took: 0.0072992 seconds
2016-06-26T19:46:55.964+0300: 245.200: [GC cleanup 3709M->3709M(5120M), 0.0022003 secs]
 [Times: user=0.00 sys=0.00, real=0.00 secs] 
2016-06-26T19:46:55.966+0300: 245.203: Total time for which application threads were stopped: 0.0026959 seconds, Stopping threads took: 0.0000582 seconds
2016-06-26T19:46:56.291+0300: 245.527: Total time for which application threads were stopped: 0.0085899 seconds, Stopping threads took: 0.0074437 seconds
2016-06-26T19:46:57.300+0300: 246.537: Total time for which application threads were stopped: 0.0094443 seconds, Stopping threads took: 0.0091129 seconds
2016-06-26T19:46:57.385+0300: 246.622: Total time for which application threads were stopped: 0.0060633 seconds, Stopping threads took: 0.0050771 seconds
2016-06-26T19:46:57.939+0300: 247.175: [GC pause (G1 Humongous Allocation) (young)
Desired survivor size 54525952 bytes, new threshold 15 (max 15)
- age   1:         40 bytes,         40 total
- age   2:      38440 bytes,      38480 total
- age   3:         16 bytes,      38496 total
- age   4:      31312 bytes,      69808 total
- age   5:         16 bytes,      69824 total
- age   6:      31528 bytes,     101352 total
- age   8:      16400 bytes,     117752 total
- age   9:      20616 bytes,     138368 total
- age  11:      11600 bytes,     149968 total
- age  12:      23368 bytes,     173336 total
- age  14:      18288 bytes,     191624 total
, 0.0581708 secs]
   [Parallel Time: 50.4 ms, GC Workers: 4]
      [GC Worker Start (ms): Min: 247181.4, Avg: 247181.4, Max: 247181.4, Diff: 0.0]
      [Ext Root Scanning (ms): Min: 0.4, Avg: 0.4, Max: 0.4, Diff: 0.0, Sum: 1.6]
      [Update RS (ms): Min: 49.4, Avg: 49.4, Max: 49.5, Diff: 0.1, Sum: 197.7]
         [Processed Buffers: Min: 519, Avg: 523.8, Max: 531, Diff: 12, Sum: 2095]
      [Scan RS (ms): Min: 0.0, Avg: 0.0, Max: 0.0, Diff: 0.0, Sum: 0.0]
      [Code Root Scanning (ms): Min: 0.0, Avg: 0.0, Max: 0.0, Diff: 0.0, Sum: 0.0]
      [Object Copy (ms): Min: 0.4, Avg: 0.4, Max: 0.5, Diff: 0.1, Sum: 1.7]
      [Termination (ms): Min: 0.0, Avg: 0.0, Max: 0.0, Diff: 0.0, Sum: 0.0]
         [Termination Attempts: Min: 1, Avg: 1.0, Max: 1, Diff: 0, Sum: 4]
      [GC Worker Other (ms): Min: 0.0, Avg: 0.0, Max: 0.0, Diff: 0.0, Sum: 0.1]
      [GC Worker Total (ms): Min: 50.3, Avg: 50.3, Max: 50.3, Diff: 0.0, Sum: 201.3]
      [GC Worker End (ms): Min: 247231.7, Avg: 247231.7, Max: 247231.7, Diff: 0.0]
   [Code Root Fixup: 0.0 ms]
   [Code Root Purge: 0.0 ms]
   [Clear CT: 0.0 ms]
   [Other: 7.7 ms]
      [Choose CSet: 0.0 ms]
      [Ref Proc: 0.0 ms]
      [Ref Enq: 0.0 ms]
      [Redirty Cards: 0.0 ms]
      [Humongous Register: 0.8 ms]
      [Humongous Reclaim: 1.6 ms]
      [Free CSet: 0.0 ms]
   [Eden: 63.0M(824.0M)->0.0B(676.0M) Survivors: 1024.0K->1024.0K Heap: 4981.4M(5120.0M)->3834.5M(5120.0M)]
 [Times: user=0.19 sys=0.00, real=0.06 secs] 
2016-06-26T19:46:57.998+0300: 247.234: Total time for which application threads were stopped: 0.0658412 seconds, Stopping threads took: 0.0066094 seconds
2016-06-26T19:46:58.108+0300: 247.344: [GC pause (G1 Humongous Allocation) (young) (initial-mark)
Desired survivor size 44564480 bytes, new threshold 15 (max 15)
- age   1:      41768 bytes,      41768 total
- age   2:         16 bytes,      41784 total
- age   3:      32048 bytes,      73832 total
- age   4:         16 bytes,      73848 total
- age   5:      27256 bytes,     101104 total
- age   7:      28496 bytes,     129600 total
- age   9:      14096 bytes,     143696 total
- age  10:      19080 bytes,     162776 total
- age  12:      11000 bytes,     173776 total
- age  13:      23320 bytes,     197096 total
- age  15:      18288 bytes,     215384 total
, 0.0031501 secs]
   [Parallel Time: 1.4 ms, GC Workers: 4]
      [GC Worker Start (ms): Min: 247345.4, Avg: 247345.4, Max: 247345.4, Diff: 0.0]
      [Ext Root Scanning (ms): Min: 0.4, Avg: 0.4, Max: 0.4, Diff: 0.0, Sum: 1.7]
      [Update RS (ms): Min: 0.4, Avg: 0.4, Max: 0.5, Diff: 0.1, Sum: 1.6]
         [Processed Buffers: Min: 4, Avg: 4.3, Max: 5, Diff: 1, Sum: 17]
      [Scan RS (ms): Min: 0.0, Avg: 0.0, Max: 0.0, Diff: 0.0, Sum: 0.0]
      [Code Root Scanning (ms): Min: 0.0, Avg: 0.0, Max: 0.0, Diff: 0.0, Sum: 0.0]
      [Object Copy (ms): Min: 0.4, Avg: 0.5, Max: 0.5, Diff: 0.1, Sum: 1.8]
      [Termination (ms): Min: 0.0, Avg: 0.0, Max: 0.0, Diff: 0.0, Sum: 0.0]
         [Termination Attempts: Min: 1, Avg: 1.3, Max: 2, Diff: 1, Sum: 5]
      [GC Worker Other (ms): Min: 0.0, Avg: 0.0, Max: 0.0, Diff: 0.0, Sum: 0.0]
      [GC Worker Total (ms): Min: 1.3, Avg: 1.3, Max: 1.3, Diff: 0.0, Sum: 5.2]
      [GC Worker End (ms): Min: 247346.7, Avg: 247346.7, Max: 247346.7, Diff: 0.0]
   [Code Root Fixup: 0.0 ms]
   [Code Root Purge: 0.0 ms]
   [Clear CT: 0.0 ms]
   [Other: 1.8 ms]
      [Choose CSet: 0.0 ms]
      [Ref Proc: 0.0 ms]
      [Ref Enq: 0.0 ms]
      [Redirty Cards: 0.0 ms]
      [Humongous Register: 0.7 ms]
      [Humongous Reclaim: 0.3 ms]
      [Free CSet: 0.0 ms]
   [Eden: 1024.0K(676.0M)->0.0B(675.0M) Survivors: 1024.0K->1024.0K Heap: 3837.0M(5120.0M)->3836.4M(5120.0M)]
 [Times: user=0.00 sys=0.00, real=0.00 secs] 
2016-06-26T19:46:58.111+0300: 247.348: [GC concurrent-root-region-scan-start]
2016-06-26T19:46:58.111+0300: 247.348: Total time for which application threads were stopped: 0.0037629 seconds, Stopping threads took: 0.0000804 seconds
2016-06-26T19:46:58.113+0300: 247.349: [GC concurrent-root-region-scan-end, 0.0014929 secs]
2016-06-26T19:46:58.113+0300: 247.349: [GC concurrent-mark-start]
2016-06-26T19:46:58.132+0300: 247.368: [GC concurrent-mark-end, 0.0188082 secs]
2016-06-26T19:46:58.156+0300: 247.392: [GC remark 2016-06-26T19:46:58.156+0300: 247.392: [Finalize Marking, 0.0004242 secs] 2016-06-26T19:46:58.156+0300: 247.393: [GC ref-proc, 0.0001086 secs] 2016-06-26T19:46:58.157+0300: 247.393: [Unloading, 0.0021579 secs], 0.0240350 secs]
 [Times: user=0.06 sys=0.00, real=0.02 secs] 
2016-06-26T19:46:58.180+0300: 247.417: Total time for which application threads were stopped: 0.0310550 seconds, Stopping threads took: 0.0066663 seconds
2016-06-26T19:46:59.173+0300: 248.410: [GC cleanup 4521M->4521M(5120M), 0.0021763 secs]
 [Times: user=0.00 sys=0.00, real=0.00 secs] 
2016-06-26T19:46:59.175+0300: 248.412: Total time for which application threads were stopped: 0.0283997 seconds, Stopping threads took: 0.0257803 seconds
2016-06-26T19:46:59.934+0300: 249.171: [GC pause (G1 Humongous Allocation) (young)
Desired survivor size 44564480 bytes, new threshold 15 (max 15)
- age   1:         40 bytes,         40 total
- age   2:      40256 bytes,      40296 total
- age   3:         16 bytes,      40312 total
- age   4:      32048 bytes,      72360 total
- age   5:         16 bytes,      72376 total
- age   6:      27256 bytes,      99632 total
- age   8:      28496 bytes,     128128 total
- age  10:      14096 bytes,     142224 total
- age  11:      19080 bytes,     161304 total
- age  13:      11000 bytes,     172304 total
- age  14:      23320 bytes,     195624 total
, 0.0602740 secs]
   [Parallel Time: 52.1 ms, GC Workers: 4]
      [GC Worker Start (ms): Min: 249176.7, Avg: 249176.7, Max: 249176.7, Diff: 0.0]
      [Ext Root Scanning (ms): Min: 0.4, Avg: 0.4, Max: 0.4, Diff: 0.0, Sum: 1.7]
      [Update RS (ms): Min: 51.2, Avg: 51.2, Max: 51.2, Diff: 0.0, Sum: 204.9]
         [Processed Buffers: Min: 432, Avg: 516.0, Max: 550, Diff: 118, Sum: 2064]
      [Scan RS (ms): Min: 0.0, Avg: 0.0, Max: 0.0, Diff: 0.0, Sum: 0.0]
      [Code Root Scanning (ms): Min: 0.0, Avg: 0.0, Max: 0.0, Diff: 0.0, Sum: 0.0]
      [Object Copy (ms): Min: 0.4, Avg: 0.4, Max: 0.4, Diff: 0.0, Sum: 1.7]
      [Termination (ms): Min: 0.0, Avg: 0.0, Max: 0.0, Diff: 0.0, Sum: 0.0]
         [Termination Attempts: Min: 1, Avg: 1.3, Max: 2, Diff: 1, Sum: 5]
      [GC Worker Other (ms): Min: 0.0, Avg: 0.0, Max: 0.0, Diff: 0.0, Sum: 0.1]
      [GC Worker Total (ms): Min: 52.1, Avg: 52.1, Max: 52.1, Diff: 0.0, Sum: 208.3]
      [GC Worker End (ms): Min: 249228.7, Avg: 249228.7, Max: 249228.8, Diff: 0.0]
   [Code Root Fixup: 0.0 ms]
   [Code Root Purge: 0.0 ms]
   [Clear CT: 0.0 ms]
   [Other: 8.1 ms]
      [Choose CSet: 0.0 ms]
      [Ref Proc: 0.1 ms]
      [Ref Enq: 0.0 ms]
      [Redirty Cards: 0.0 ms]
      [Humongous Register: 0.8 ms]
      [Humongous Reclaim: 1.8 ms]
      [Free CSet: 0.1 ms]
   [Eden: 66.0M(675.0M)->0.0B(861.0M) Survivors: 1024.0K->1024.0K Heap: 4980.0M(5120.0M)->3654.8M(5120.0M)]
 [Times: user=0.19 sys=0.00, real=0.06 secs] 
2016-06-26T19:46:59.994+0300: 249.231: Total time for which application threads were stopped: 0.0748621 seconds, Stopping threads took: 0.0136259 seconds
2016-06-26T19:47:00.053+0300: 249.289: [GC pause (G1 Humongous Allocation) (young) (initial-mark)
Desired survivor size 56623104 bytes, new threshold 15 (max 15)
- age   1:      35976 bytes,      35976 total
- age   3:      34648 bytes,      70624 total
- age   5:      28672 bytes,      99296 total
- age   7:      24144 bytes,     123440 total
- age   9:      25416 bytes,     148856 total
- age  11:      12280 bytes,     161136 total
- age  12:      18344 bytes,     179480 total
- age  14:      10824 bytes,     190304 total
- age  15:      23320 bytes,     213624 total
, 0.0031433 secs]
   [Parallel Time: 1.4 ms, GC Workers: 4]
      [GC Worker Start (ms): Min: 249290.1, Avg: 249290.1, Max: 249290.1, Diff: 0.0]
      [Ext Root Scanning (ms): Min: 0.4, Avg: 0.4, Max: 0.5, Diff: 0.0, Sum: 1.8]
      [Update RS (ms): Min: 0.4, Avg: 0.4, Max: 0.4, Diff: 0.1, Sum: 1.6]
         [Processed Buffers: Min: 4, Avg: 4.3, Max: 5, Diff: 1, Sum: 17]
      [Scan RS (ms): Min: 0.0, Avg: 0.0, Max: 0.0, Diff: 0.0, Sum: 0.0]
      [Code Root Scanning (ms): Min: 0.0, Avg: 0.0, Max: 0.0, Diff: 0.0, Sum: 0.0]
      [Object Copy (ms): Min: 0.4, Avg: 0.4, Max: 0.5, Diff: 0.1, Sum: 1.7]
      [Termination (ms): Min: 0.0, Avg: 0.0, Max: 0.0, Diff: 0.0, Sum: 0.0]
         [Termination Attempts: Min: 1, Avg: 1.0, Max: 1, Diff: 0, Sum: 4]
      [GC Worker Other (ms): Min: 0.0, Avg: 0.0, Max: 0.0, Diff: 0.0, Sum: 0.0]
      [GC Worker Total (ms): Min: 1.3, Avg: 1.3, Max: 1.3, Diff: 0.0, Sum: 5.2]
      [GC Worker End (ms): Min: 249291.4, Avg: 249291.4, Max: 249291.4, Diff: 0.0]
   [Code Root Fixup: 0.0 ms]
   [Code Root Purge: 0.0 ms]
   [Clear CT: 0.0 ms]
   [Other: 1.8 ms]
      [Choose CSet: 0.0 ms]
      [Ref Proc: 0.1 ms]
      [Ref Enq: 0.0 ms]
      [Redirty Cards: 0.0 ms]
      [Humongous Register: 0.7 ms]
      [Humongous Reclaim: 0.4 ms]
      [Free CSet: 0.0 ms]
   [Eden: 1024.0K(861.0M)->0.0B(889.0M) Survivors: 1024.0K->1024.0K Heap: 3657.3M(5120.0M)->3627.4M(5120.0M)]
 [Times: user=0.00 sys=0.00, real=0.00 secs] 
2016-06-26T19:47:00.056+0300: 249.292: [GC concurrent-root-region-scan-start]
2016-06-26T19:47:00.056+0300: 249.292: Total time for which application threads were stopped: 0.0051100 seconds, Stopping threads took: 0.0000774 seconds
2016-06-26T19:47:00.058+0300: 249.294: [GC concurrent-root-region-scan-end, 0.0014677 secs]
2016-06-26T19:47:00.058+0300: 249.294: [GC concurrent-mark-start]
2016-06-26T19:47:00.076+0300: 249.313: [GC concurrent-mark-end, 0.0186962 secs]
2016-06-26T19:47:00.097+0300: 249.333: [GC remark 2016-06-26T19:47:00.097+0300: 249.333: [Finalize Marking, 0.0003939 secs] 2016-06-26T19:47:00.097+0300: 249.334: [GC ref-proc, 0.0001108 secs] 2016-06-26T19:47:00.097+0300: 249.334: [Unloading, 0.0020219 secs], 0.0228303 secs]
 [Times: user=0.06 sys=0.00, real=0.02 secs] 
2016-06-26T19:47:00.120+0300: 249.356: Total time for which application threads were stopped: 0.0342692 seconds, Stopping threads took: 0.0110604 seconds
2016-06-26T19:47:00.122+0300: 249.359: [GC cleanup 3651M->3651M(5120M), 0.0022093 secs]
 [Times: user=0.06 sys=0.00, real=0.00 secs] 
2016-06-26T19:47:00.125+0300: 249.361: Total time for which application threads were stopped: 0.0026160 seconds, Stopping threads took: 0.0000543 seconds
2016-06-26T19:47:00.235+0300: 249.471: Total time for which application threads were stopped: 0.0265205 seconds, Stopping threads took: 0.0256537 seconds
2016-06-26T19:47:01.250+0300: 250.487: Total time for which application threads were stopped: 0.0157133 seconds, Stopping threads took: 0.0153964 seconds
2016-06-26T19:47:02.329+0300: 251.566: [GC pause (G1 Humongous Allocation) (young)
Desired survivor size 58720256 bytes, new threshold 15 (max 15)
- age   1:         40 bytes,         40 total
- age   2:      34960 bytes,      35000 total
- age   4:      34520 bytes,      69520 total
- age   6:      28576 bytes,      98096 total
- age   8:      24056 bytes,     122152 total
- age  10:      25416 bytes,     147568 total
- age  12:      12280 bytes,     159848 total
- age  13:      18344 bytes,     178192 total
- age  15:      10824 bytes,     189016 total
, 0.0556848 secs]
   [Parallel Time: 47.7 ms, GC Workers: 4]
      [GC Worker Start (ms): Min: 251571.5, Avg: 251571.7, Max: 251572.1, Diff: 0.5]
      [Ext Root Scanning (ms): Min: 0.0, Avg: 0.4, Max: 0.5, Diff: 0.5, Sum: 1.6]
      [Update RS (ms): Min: 46.6, Avg: 46.7, Max: 46.7, Diff: 0.1, Sum: 186.7]
         [Processed Buffers: Min: 447, Avg: 480.8, Max: 501, Diff: 54, Sum: 1923]
      [Scan RS (ms): Min: 0.0, Avg: 0.0, Max: 0.0, Diff: 0.0, Sum: 0.0]
      [Code Root Scanning (ms): Min: 0.0, Avg: 0.0, Max: 0.0, Diff: 0.0, Sum: 0.0]
      [Object Copy (ms): Min: 0.4, Avg: 0.4, Max: 0.4, Diff: 0.1, Sum: 1.6]
      [Termination (ms): Min: 0.0, Avg: 0.0, Max: 0.0, Diff: 0.0, Sum: 0.0]
         [Termination Attempts: Min: 1, Avg: 1.0, Max: 1, Diff: 0, Sum: 4]
      [GC Worker Other (ms): Min: 0.0, Avg: 0.0, Max: 0.0, Diff: 0.0, Sum: 0.0]
      [GC Worker Total (ms): Min: 47.1, Avg: 47.5, Max: 47.6, Diff: 0.5, Sum: 190.0]
      [GC Worker End (ms): Min: 251619.2, Avg: 251619.2, Max: 251619.2, Diff: 0.0]
   [Code Root Fixup: 0.0 ms]
   [Code Root Purge: 0.0 ms]
   [Clear CT: 0.0 ms]
   [Other: 8.0 ms]
      [Choose CSet: 0.0 ms]
      [Ref Proc: 0.0 ms]
      [Ref Enq: 0.0 ms]
      [Redirty Cards: 0.0 ms]
      [Humongous Register: 0.8 ms]
      [Humongous Reclaim: 2.2 ms]
      [Free CSet: 0.0 ms]
   [Eden: 62.0M(889.0M)->0.0B(1007.0M) Survivors: 1024.0K->1024.0K Heap: 4980.4M(5120.0M)->3512.3M(5120.0M)]
 [Times: user=0.17 sys=0.00, real=0.06 secs] 
2016-06-26T19:47:02.385+0300: 251.622: Total time for which application threads were stopped: 0.0695178 seconds, Stopping threads took: 0.0128993 seconds
2016-06-26T19:47:02.391+0300: 251.627: [GC pause (G1 Humongous Allocation) (young) (initial-mark)
Desired survivor size 66060288 bytes, new threshold 15 (max 15)
- age   1:      40384 bytes,      40384 total
- age   3:      30232 bytes,      70616 total
- age   5:      30680 bytes,     101296 total
- age   7:      24928 bytes,     126224 total
- age   9:      20440 bytes,     146664 total
- age  11:      22496 bytes,     169160 total
- age  13:      10976 bytes,     180136 total
- age  14:      18064 bytes,     198200 total
, 0.0029654 secs]
   [Parallel Time: 1.3 ms, GC Workers: 4]
      [GC Worker Start (ms): Min: 251628.0, Avg: 251628.1, Max: 251628.1, Diff: 0.0]
      [Ext Root Scanning (ms): Min: 0.4, Avg: 0.5, Max: 0.5, Diff: 0.0, Sum: 1.8]
      [Update RS (ms): Min: 0.4, Avg: 0.4, Max: 0.5, Diff: 0.1, Sum: 1.6]
         [Processed Buffers: Min: 4, Avg: 4.3, Max: 5, Diff: 1, Sum: 17]
      [Scan RS (ms): Min: 0.0, Avg: 0.0, Max: 0.0, Diff: 0.0, Sum: 0.0]
      [Code Root Scanning (ms): Min: 0.0, Avg: 0.0, Max: 0.0, Diff: 0.0, Sum: 0.0]
      [Object Copy (ms): Min: 0.3, Avg: 0.4, Max: 0.5, Diff: 0.1, Sum: 1.7]
      [Termination (ms): Min: 0.0, Avg: 0.0, Max: 0.0, Diff: 0.0, Sum: 0.0]
         [Termination Attempts: Min: 1, Avg: 1.3, Max: 2, Diff: 1, Sum: 5]
      [GC Worker Other (ms): Min: 0.0, Avg: 0.0, Max: 0.0, Diff: 0.0, Sum: 0.1]
      [GC Worker Total (ms): Min: 1.3, Avg: 1.3, Max: 1.3, Diff: 0.0, Sum: 5.2]
      [GC Worker End (ms): Min: 251629.3, Avg: 251629.3, Max: 251629.3, Diff: 0.0]
   [Code Root Fixup: 0.0 ms]
   [Code Root Purge: 0.0 ms]
   [Clear CT: 0.0 ms]
   [Other: 1.6 ms]
      [Choose CSet: 0.0 ms]
      [Ref Proc: 0.1 ms]
      [Ref Enq: 0.0 ms]
      [Redirty Cards: 0.0 ms]
      [Humongous Register: 0.6 ms]
      [Humongous Reclaim: 0.2 ms]
      [Free CSet: 0.0 ms]
   [Eden: 1024.0K(1007.0M)->0.0B(1006.0M) Survivors: 1024.0K->1024.0K Heap: 3514.7M(5120.0M)->3514.1M(5120.0M)]
 [Times: user=0.00 sys=0.00, real=0.00 secs] 
2016-06-26T19:47:02.394+0300: 251.630: [GC concurrent-root-region-scan-start]
2016-06-26T19:47:02.394+0300: 251.630: Total time for which application threads were stopped: 0.0038194 seconds, Stopping threads took: 0.0002681 seconds
2016-06-26T19:47:02.395+0300: 251.632: [GC concurrent-root-region-scan-end, 0.0015186 secs]
2016-06-26T19:47:02.395+0300: 251.632: [GC concurrent-mark-start]
2016-06-26T19:47:02.416+0300: 251.652: [GC concurrent-mark-end, 0.0190524 secs]
2016-06-26T19:47:02.463+0300: 251.700: [GC remark 2016-06-26T19:47:02.463+0300: 251.700: [Finalize Marking, 0.0004076 secs] 2016-06-26T19:47:02.464+0300: 251.700: [GC ref-proc, 0.0001091 secs] 2016-06-26T19:47:02.464+0300: 251.700: [Unloading, 0.0017795 secs], 0.0216453 secs]
 [Times: user=0.13 sys=0.00, real=0.02 secs] 
2016-06-26T19:47:02.485+0300: 251.722: Total time for which application threads were stopped: 0.0459993 seconds, Stopping threads took: 0.0239148 seconds
2016-06-26T19:47:02.496+0300: 251.732: [GC cleanup 3546M->3546M(5120M), 0.0022165 secs]
 [Times: user=0.00 sys=0.00, real=0.00 secs] 
2016-06-26T19:47:02.498+0300: 251.735: Total time for which application threads were stopped: 0.0027058 seconds, Stopping threads took: 0.0000560 seconds
2016-06-26T19:47:03.513+0300: 252.749: Total time for which application threads were stopped: 0.0150513 seconds, Stopping threads took: 0.0146647 seconds
2016-06-26T19:47:04.899+0300: 254.136: [GC pause (G1 Humongous Allocation) (young)
Desired survivor size 66060288 bytes, new threshold 15 (max 15)
- age   1:         40 bytes,         40 total
- age   2:      40360 bytes,      40400 total
- age   4:      30232 bytes,      70632 total
- age   6:      30680 bytes,     101312 total
- age   8:      24928 bytes,     126240 total
- age  10:      20440 bytes,     146680 total
- age  12:      22496 bytes,     169176 total
- age  14:      10976 bytes,     180152 total
- age  15:      18064 bytes,     198216 total
, 0.0570777 secs]
   [Parallel Time: 49.3 ms, GC Workers: 4]
      [GC Worker Start (ms): Min: 254141.6, Avg: 254141.6, Max: 254141.6, Diff: 0.0]
      [Ext Root Scanning (ms): Min: 0.3, Avg: 0.3, Max: 0.3, Diff: 0.0, Sum: 1.3]
      [Update RS (ms): Min: 48.4, Avg: 48.4, Max: 48.5, Diff: 0.1, Sum: 193.8]
         [Processed Buffers: Min: 501, Avg: 510.5, Max: 515, Diff: 14, Sum: 2042]
      [Scan RS (ms): Min: 0.0, Avg: 0.0, Max: 0.0, Diff: 0.0, Sum: 0.0]
      [Code Root Scanning (ms): Min: 0.0, Avg: 0.0, Max: 0.0, Diff: 0.0, Sum: 0.0]
      [Object Copy (ms): Min: 0.4, Avg: 0.4, Max: 0.5, Diff: 0.1, Sum: 1.7]
      [Termination (ms): Min: 0.0, Avg: 0.0, Max: 0.0, Diff: 0.0, Sum: 0.0]
         [Termination Attempts: Min: 1, Avg: 1.0, Max: 1, Diff: 0, Sum: 4]
      [GC Worker Other (ms): Min: 0.0, Avg: 0.0, Max: 0.0, Diff: 0.0, Sum: 0.1]
      [GC Worker Total (ms): Min: 49.2, Avg: 49.2, Max: 49.3, Diff: 0.0, Sum: 197.0]
      [GC Worker End (ms): Min: 254190.9, Avg: 254190.9, Max: 254190.9, Diff: 0.0]
   [Code Root Fixup: 0.0 ms]
   [Code Root Purge: 0.0 ms]
   [Clear CT: 0.0 ms]
   [Other: 7.7 ms]
      [Choose CSet: 0.0 ms]
      [Ref Proc: 0.0 ms]
      [Ref Enq: 0.0 ms]
      [Redirty Cards: 0.0 ms]
      [Humongous Register: 0.8 ms]
      [Humongous Reclaim: 1.7 ms]
      [Free CSet: 0.1 ms]
   [Eden: 63.0M(1006.0M)->0.0B(768.0M) Survivors: 1024.0K->1024.0K Heap: 4981.4M(5120.0M)->3746.6M(5120.0M)]
 [Times: user=0.20 sys=0.00, real=0.06 secs] 
2016-06-26T19:47:04.956+0300: 254.193: Total time for which application threads were stopped: 0.0711150 seconds, Stopping threads took: 0.0132342 seconds
2016-06-26T19:47:04.966+0300: 254.203: [GC pause (G1 Humongous Allocation) (young) (initial-mark)
Desired survivor size 50855936 bytes, new threshold 15 (max 15)
- age   1:      41912 bytes,      41912 total
- age   2:         16 bytes,      41928 total
- age   3:      33080 bytes,      75008 total
- age   5:      25840 bytes,     100848 total
- age   7:      27248 bytes,     128096 total
- age   9:      22696 bytes,     150792 total
- age  11:      19168 bytes,     169960 total
- age  13:      21704 bytes,     191664 total
- age  15:      10784 bytes,     202448 total
, 0.0031552 secs]
   [Parallel Time: 1.5 ms, GC Workers: 4]
      [GC Worker Start (ms): Min: 254204.3, Avg: 254204.3, Max: 254204.3, Diff: 0.0]
      [Ext Root Scanning (ms): Min: 0.4, Avg: 0.5, Max: 0.9, Diff: 0.5, Sum: 2.1]
      [Update RS (ms): Min: 0.0, Avg: 0.4, Max: 0.6, Diff: 0.6, Sum: 1.7]
         [Processed Buffers: Min: 0, Avg: 4.3, Max: 7, Diff: 7, Sum: 17]
      [Scan RS (ms): Min: 0.0, Avg: 0.0, Max: 0.0, Diff: 0.0, Sum: 0.0]
      [Code Root Scanning (ms): Min: 0.0, Avg: 0.0, Max: 0.0, Diff: 0.0, Sum: 0.0]
      [Object Copy (ms): Min: 0.4, Avg: 0.4, Max: 0.5, Diff: 0.2, Sum: 1.7]
      [Termination (ms): Min: 0.0, Avg: 0.0, Max: 0.0, Diff: 0.0, Sum: 0.0]
         [Termination Attempts: Min: 1, Avg: 1.0, Max: 1, Diff: 0, Sum: 4]
      [GC Worker Other (ms): Min: 0.0, Avg: 0.0, Max: 0.0, Diff: 0.0, Sum: 0.0]
      [GC Worker Total (ms): Min: 1.4, Avg: 1.4, Max: 1.4, Diff: 0.0, Sum: 5.7]
      [GC Worker End (ms): Min: 254205.7, Avg: 254205.7, Max: 254205.7, Diff: 0.0]
   [Code Root Fixup: 0.0 ms]
   [Code Root Purge: 0.0 ms]
   [Clear CT: 0.0 ms]
   [Other: 1.7 ms]
      [Choose CSet: 0.0 ms]
      [Ref Proc: 0.0 ms]
      [Ref Enq: 0.0 ms]
      [Redirty Cards: 0.0 ms]
      [Humongous Register: 0.7 ms]
      [Humongous Reclaim: 0.3 ms]
      [Free CSet: 0.0 ms]
   [Eden: 1024.0K(768.0M)->0.0B(767.0M) Survivors: 1024.0K->1024.0K Heap: 3749.1M(5120.0M)->3748.6M(5120.0M)]
 [Times: user=0.02 sys=0.00, real=0.00 secs] 
2016-06-26T19:47:04.970+0300: 254.207: [GC concurrent-root-region-scan-start]
2016-06-26T19:47:04.970+0300: 254.207: Total time for which application threads were stopped: 0.0037236 seconds, Stopping threads took: 0.0000825 seconds
2016-06-26T19:47:04.972+0300: 254.208: [GC concurrent-root-region-scan-end, 0.0018641 secs]
2016-06-26T19:47:04.972+0300: 254.208: [GC concurrent-mark-start]
2016-06-26T19:47:04.991+0300: 254.227: [GC concurrent-mark-end, 0.0188236 secs]
2016-06-26T19:47:05.019+0300: 254.255: [GC remark 2016-06-26T19:47:05.019+0300: 254.255: [Finalize Marking, 0.0002254 secs] 2016-06-26T19:47:05.019+0300: 254.256: [GC ref-proc, 0.0001108 secs] 2016-06-26T19:47:05.019+0300: 254.256: [Unloading, 0.0016016 secs], 0.0228389 secs]
 [Times: user=0.06 sys=0.00, real=0.02 secs] 
2016-06-26T19:47:05.042+0300: 254.278: Total time for which application threads were stopped: 0.0471822 seconds, Stopping threads took: 0.0240756 seconds
2016-06-26T19:47:05.231+0300: 254.468: [GC cleanup 3864M->3864M(5120M), 0.0021229 secs]
 [Times: user=0.06 sys=0.00, real=0.00 secs] 
2016-06-26T19:47:05.233+0300: 254.470: Total time for which application threads were stopped: 0.0382413 seconds, Stopping threads took: 0.0358383 seconds
2016-06-26T19:47:06.318+0300: 255.555: Total time for which application threads were stopped: 0.0272929 seconds, Stopping threads took: 0.0263230 seconds
2016-06-26T19:47:06.516+0300: 255.752: Total time for which application threads were stopped: 0.0106204 seconds, Stopping threads took: 0.0099968 seconds
2016-06-26T19:47:07.027+0300: 256.264: [GC pause (G1 Humongous Allocation) (young)
Desired survivor size 50331648 bytes, new threshold 15 (max 15)
- age   1:        120 bytes,        120 total
- age   2:      41888 bytes,      42008 total
- age   3:         16 bytes,      42024 total
- age   4:      33024 bytes,      75048 total
- age   6:      25840 bytes,     100888 total
- age   8:      27248 bytes,     128136 total
- age  10:      22696 bytes,     150832 total
- age  12:      19168 bytes,     170000 total
- age  14:      21704 bytes,     191704 total
, 0.0586699 secs]
   [Parallel Time: 50.5 ms, GC Workers: 4]
      [GC Worker Start (ms): Min: 256269.9, Avg: 256269.9, Max: 256269.9, Diff: 0.0]
      [Ext Root Scanning (ms): Min: 0.4, Avg: 0.4, Max: 0.4, Diff: 0.0, Sum: 1.5]
      [Update RS (ms): Min: 49.4, Avg: 49.4, Max: 49.5, Diff: 0.1, Sum: 197.6]
         [Processed Buffers: Min: 483, Avg: 508.5, Max: 518, Diff: 35, Sum: 2034]
      [Scan RS (ms): Min: 0.0, Avg: 0.0, Max: 0.0, Diff: 0.0, Sum: 0.0]
      [Code Root Scanning (ms): Min: 0.0, Avg: 0.0, Max: 0.0, Diff: 0.0, Sum: 0.0]
      [Object Copy (ms): Min: 0.6, Avg: 0.6, Max: 0.7, Diff: 0.1, Sum: 2.6]
      [Termination (ms): Min: 0.0, Avg: 0.0, Max: 0.0, Diff: 0.0, Sum: 0.0]
         [Termination Attempts: Min: 1, Avg: 1.0, Max: 1, Diff: 0, Sum: 4]
      [GC Worker Other (ms): Min: 0.0, Avg: 0.0, Max: 0.0, Diff: 0.0, Sum: 0.0]
      [GC Worker Total (ms): Min: 50.4, Avg: 50.4, Max: 50.4, Diff: 0.0, Sum: 201.7]
      [GC Worker End (ms): Min: 256320.3, Avg: 256320.3, Max: 256320.3, Diff: 0.0]
   [Code Root Fixup: 0.0 ms]
   [Code Root Purge: 0.0 ms]
   [Clear CT: 0.0 ms]
   [Other: 8.1 ms]
      [Choose CSet: 0.0 ms]
      [Ref Proc: 0.1 ms]
      [Ref Enq: 0.0 ms]
      [Redirty Cards: 0.0 ms]
      [Humongous Register: 0.7 ms]
      [Humongous Reclaim: 2.1 ms]
      [Free CSet: 0.1 ms]
   [Eden: 62.0M(767.0M)->0.0B(948.0M) Survivors: 1024.0K->1024.0K Heap: 4980.1M(5120.0M)->3571.0M(5120.0M)]
 [Times: user=0.17 sys=0.00, real=0.06 secs] 
2016-06-26T19:47:07.086+0300: 256.323: Total time for which application threads were stopped: 0.0776954 seconds, Stopping threads took: 0.0181227 seconds
2016-06-26T19:47:07.094+0300: 256.330: [GC pause (G1 Humongous Allocation) (young) (initial-mark)
Desired survivor size 62390272 bytes, new threshold 15 (max 15)
- age   1:     179192 bytes,     179192 total
- age   2:         96 bytes,     179288 total
- age   3:      33608 bytes,     212896 total
- age   5:      29064 bytes,     241960 total
- age   7:      22416 bytes,     264376 total
- age   9:      24864 bytes,     289240 total
- age  11:      21120 bytes,     310360 total
- age  13:      18248 bytes,     328608 total
- age  15:      21568 bytes,     350176 total
, 0.0037616 secs]
   [Parallel Time: 2.0 ms, GC Workers: 4]
      [GC Worker Start (ms): Min: 256330.9, Avg: 256331.0, Max: 256331.0, Diff: 0.0]
      [Ext Root Scanning (ms): Min: 0.4, Avg: 0.4, Max: 0.5, Diff: 0.0, Sum: 1.8]
      [Update RS (ms): Min: 0.8, Avg: 0.8, Max: 0.8, Diff: 0.0, Sum: 3.1]
         [Processed Buffers: Min: 8, Avg: 8.3, Max: 9, Diff: 1, Sum: 33]
      [Scan RS (ms): Min: 0.0, Avg: 0.0, Max: 0.0, Diff: 0.0, Sum: 0.0]
      [Code Root Scanning (ms): Min: 0.0, Avg: 0.0, Max: 0.0, Diff: 0.0, Sum: 0.0]
      [Object Copy (ms): Min: 0.7, Avg: 0.7, Max: 0.7, Diff: 0.1, Sum: 2.7]
      [Termination (ms): Min: 0.0, Avg: 0.0, Max: 0.0, Diff: 0.0, Sum: 0.1]
         [Termination Attempts: Min: 1, Avg: 1.0, Max: 1, Diff: 0, Sum: 4]
      [GC Worker Other (ms): Min: 0.0, Avg: 0.0, Max: 0.0, Diff: 0.0, Sum: 0.0]
      [GC Worker Total (ms): Min: 1.9, Avg: 1.9, Max: 2.0, Diff: 0.0, Sum: 7.8]
      [GC Worker End (ms): Min: 256332.9, Avg: 256332.9, Max: 256332.9, Diff: 0.0]
   [Code Root Fixup: 0.0 ms]
   [Code Root Purge: 0.0 ms]
   [Clear CT: 0.0 ms]
   [Other: 1.7 ms]
      [Choose CSet: 0.0 ms]
      [Ref Proc: 0.1 ms]
      [Ref Enq: 0.0 ms]
      [Redirty Cards: 0.0 ms]
      [Humongous Register: 0.6 ms]
      [Humongous Reclaim: 0.3 ms]
      [Free CSet: 0.0 ms]
   [Eden: 1024.0K(948.0M)->0.0B(941.0M) Survivors: 1024.0K->1024.0K Heap: 3575.9M(5120.0M)->3575.1M(5120.0M)]
 [Times: user=0.00 sys=0.00, real=0.00 secs] 
2016-06-26T19:47:07.098+0300: 256.334: [GC concurrent-root-region-scan-start]
2016-06-26T19:47:07.098+0300: 256.334: Total time for which application threads were stopped: 0.0044074 seconds, Stopping threads took: 0.0000804 seconds
2016-06-26T19:47:07.100+0300: 256.336: [GC concurrent-root-region-scan-end, 0.0019108 secs]
2016-06-26T19:47:07.100+0300: 256.336: [GC concurrent-mark-start]
2016-06-26T19:47:07.119+0300: 256.355: [GC concurrent-mark-end, 0.0191482 secs]
2016-06-26T19:47:07.149+0300: 256.386: [GC remark 2016-06-26T19:47:07.149+0300: 256.386: [Finalize Marking, 0.0003742 secs] 2016-06-26T19:47:07.150+0300: 256.386: [GC ref-proc, 0.0001078 secs] 2016-06-26T19:47:07.150+0300: 256.386: [Unloading, 0.0017324 secs], 0.0226323 secs]
 [Times: user=0.11 sys=0.00, real=0.02 secs] 
2016-06-26T19:47:07.172+0300: 256.408: Total time for which application threads were stopped: 0.0291053 seconds, Stopping threads took: 0.0061300 seconds
2016-06-26T19:47:08.055+0300: 257.291: [GC cleanup 4215M->4215M(5120M), 0.0024077 secs]
 [Times: user=0.00 sys=0.00, real=0.00 secs] 
2016-06-26T19:47:08.057+0300: 257.294: Total time for which application threads were stopped: 0.0174923 seconds, Stopping threads took: 0.0146647 seconds
2016-06-26T19:47:08.459+0300: 257.696: Total time for which application threads were stopped: 0.0144718 seconds, Stopping threads took: 0.0140839 seconds
2016-06-26T19:47:09.228+0300: 258.465: Total time for which application threads were stopped: 0.0207626 seconds, Stopping threads took: 0.0197478 seconds
2016-06-26T19:47:09.337+0300: 258.574: [GC pause (G1 Humongous Allocation) (young)
Desired survivor size 61865984 bytes, new threshold 15 (max 15)
- age   1:       9072 bytes,       9072 total
- age   2:     179168 bytes,     188240 total
- age   3:         96 bytes,     188336 total
- age   4:      33608 bytes,     221944 total
- age   6:      29064 bytes,     251008 total
- age   8:      22416 bytes,     273424 total
- age  10:      24864 bytes,     298288 total
- age  12:      21120 bytes,     319408 total
- age  14:      18248 bytes,     337656 total
, 0.0576298 secs]
   [Parallel Time: 49.6 ms, GC Workers: 4]
      [GC Worker Start (ms): Min: 258579.5, Avg: 258579.5, Max: 258579.5, Diff: 0.0]
      [Ext Root Scanning (ms): Min: 0.4, Avg: 0.4, Max: 0.4, Diff: 0.0, Sum: 1.6]
      [Update RS (ms): Min: 48.7, Avg: 48.7, Max: 48.8, Diff: 0.1, Sum: 194.9]
         [Processed Buffers: Min: 509, Avg: 517.3, Max: 526, Diff: 17, Sum: 2069]
      [Scan RS (ms): Min: 0.0, Avg: 0.0, Max: 0.0, Diff: 0.0, Sum: 0.0]
      [Code Root Scanning (ms): Min: 0.0, Avg: 0.0, Max: 0.0, Diff: 0.0, Sum: 0.0]
      [Object Copy (ms): Min: 0.4, Avg: 0.4, Max: 0.4, Diff: 0.1, Sum: 1.7]
      [Termination (ms): Min: 0.0, Avg: 0.0, Max: 0.0, Diff: 0.0, Sum: 0.0]
         [Termination Attempts: Min: 1, Avg: 1.5, Max: 2, Diff: 1, Sum: 6]
      [GC Worker Other (ms): Min: 0.0, Avg: 0.0, Max: 0.0, Diff: 0.0, Sum: 0.1]
      [GC Worker Total (ms): Min: 49.6, Avg: 49.6, Max: 49.6, Diff: 0.0, Sum: 198.4]
      [GC Worker End (ms): Min: 258629.1, Avg: 258629.1, Max: 258629.1, Diff: 0.0]
   [Code Root Fixup: 0.0 ms]
   [Code Root Purge: 0.0 ms]
   [Clear CT: 0.0 ms]
   [Other: 7.9 ms]
      [Choose CSet: 0.0 ms]
      [Ref Proc: 0.0 ms]
      [Ref Enq: 0.0 ms]
      [Redirty Cards: 0.1 ms]
      [Humongous Register: 0.8 ms]
      [Humongous Reclaim: 1.8 ms]
      [Free CSet: 0.1 ms]
   [Eden: 63.0M(941.0M)->0.0B(826.0M) Survivors: 1024.0K->1024.0K Heap: 4981.8M(5120.0M)->3688.1M(5120.0M)]
 [Times: user=0.20 sys=0.00, real=0.06 secs] 
2016-06-26T19:47:09.395+0300: 258.631: Total time for which application threads were stopped: 0.0716248 seconds, Stopping threads took: 0.0129686 seconds
2016-06-26T19:47:09.397+0300: 258.634: [GC pause (G1 Humongous Allocation) (young) (initial-mark)
Desired survivor size 54525952 bytes, new threshold 15 (max 15)
- age   1:      29440 bytes,      29440 total
- age   2:       9048 bytes,      38488 total
- age   3:      33592 bytes,      72080 total
- age   4:         96 bytes,      72176 total
- age   5:      29168 bytes,     101344 total
- age   7:      25872 bytes,     127216 total
- age   9:      20224 bytes,     147440 total
- age  11:      23112 bytes,     170552 total
- age  13:      20160 bytes,     190712 total
- age  15:      18168 bytes,     208880 total
, 0.0030812 secs]
   [Parallel Time: 1.4 ms, GC Workers: 4]
      [GC Worker Start (ms): Min: 258634.9, Avg: 258634.9, Max: 258634.9, Diff: 0.0]
      [Ext Root Scanning (ms): Min: 0.5, Avg: 0.5, Max: 0.5, Diff: 0.0, Sum: 1.9]
      [Update RS (ms): Min: 0.4, Avg: 0.4, Max: 0.4, Diff: 0.1, Sum: 1.6]
         [Processed Buffers: Min: 4, Avg: 4.3, Max: 5, Diff: 1, Sum: 17]
      [Scan RS (ms): Min: 0.0, Avg: 0.0, Max: 0.0, Diff: 0.0, Sum: 0.0]
      [Code Root Scanning (ms): Min: 0.0, Avg: 0.0, Max: 0.0, Diff: 0.0, Sum: 0.0]
      [Object Copy (ms): Min: 0.4, Avg: 0.4, Max: 0.5, Diff: 0.1, Sum: 1.7]
      [Termination (ms): Min: 0.0, Avg: 0.0, Max: 0.0, Diff: 0.0, Sum: 0.0]
         [Termination Attempts: Min: 1, Avg: 1.0, Max: 1, Diff: 0, Sum: 4]
      [GC Worker Other (ms): Min: 0.0, Avg: 0.0, Max: 0.0, Diff: 0.0, Sum: 0.0]
      [GC Worker Total (ms): Min: 1.3, Avg: 1.3, Max: 1.3, Diff: 0.0, Sum: 5.3]
      [GC Worker End (ms): Min: 258636.2, Avg: 258636.2, Max: 258636.2, Diff: 0.0]
   [Code Root Fixup: 0.0 ms]
   [Code Root Purge: 0.0 ms]
   [Clear CT: 0.0 ms]
   [Other: 1.7 ms]
      [Choose CSet: 0.0 ms]
      [Ref Proc: 0.1 ms]
      [Ref Enq: 0.0 ms]
      [Redirty Cards: 0.0 ms]
      [Humongous Register: 0.6 ms]
      [Humongous Reclaim: 0.3 ms]
      [Free CSet: 0.0 ms]
   [Eden: 1024.0K(826.0M)->0.0B(825.0M) Survivors: 1024.0K->1024.0K Heap: 3690.5M(5120.0M)->3690.1M(5120.0M)]
 [Times: user=0.00 sys=0.00, real=0.00 secs] 
2016-06-26T19:47:09.401+0300: 258.637: [GC concurrent-root-region-scan-start]
2016-06-26T19:47:09.401+0300: 258.637: Total time for which application threads were stopped: 0.0037386 seconds, Stopping threads took: 0.0000543 seconds
2016-06-26T19:47:09.402+0300: 258.639: [GC concurrent-root-region-scan-end, 0.0014669 secs]
2016-06-26T19:47:09.402+0300: 258.639: [GC concurrent-mark-start]
2016-06-26T19:47:09.424+0300: 258.661: [GC concurrent-mark-end, 0.0221657 secs]
2016-06-26T19:47:09.443+0300: 258.680: [GC remark 2016-06-26T19:47:09.443+0300: 258.680: [Finalize Marking, 0.0003507 secs] 2016-06-26T19:47:09.444+0300: 258.680: [GC ref-proc, 0.0001035 secs] 2016-06-26T19:47:09.444+0300: 258.680: [Unloading, 0.0018338 secs], 0.0227371 secs]
 [Times: user=0.06 sys=0.00, real=0.02 secs] 
2016-06-26T19:47:09.466+0300: 258.703: Total time for which application threads were stopped: 0.0316075 seconds, Stopping threads took: 0.0084274 seconds
2016-06-26T19:47:09.469+0300: 258.705: [GC cleanup 3709M->3709M(5120M), 0.0023055 secs]
 [Times: user=0.00 sys=0.00, real=0.00 secs] 
2016-06-26T19:47:09.471+0300: 258.708: Total time for which application threads were stopped: 0.0028088 seconds, Stopping threads took: 0.0000697 seconds
2016-06-26T19:47:10.491+0300: 259.728: Total time for which application threads were stopped: 0.0203846 seconds, Stopping threads took: 0.0200181 seconds
2016-06-26T19:47:11.507+0300: 260.743: Total time for which application threads were stopped: 0.0151916 seconds, Stopping threads took: 0.0149508 seconds
2016-06-26T19:47:11.778+0300: 261.015: [GC pause (G1 Humongous Allocation) (young)
Desired survivor size 54525952 bytes, new threshold 15 (max 15)
- age   1:         40 bytes,         40 total
- age   2:      29416 bytes,      29456 total
- age   3:       9048 bytes,      38504 total
- age   4:      33592 bytes,      72096 total
- age   5:         96 bytes,      72192 total
- age   6:      29168 bytes,     101360 total
- age   8:      25872 bytes,     127232 total
- age  10:      20224 bytes,     147456 total
- age  12:      23112 bytes,     170568 total
- age  14:      20160 bytes,     190728 total
, 0.0568707 secs]
   [Parallel Time: 48.9 ms, GC Workers: 4]
      [GC Worker Start (ms): Min: 261020.9, Avg: 261020.9, Max: 261020.9, Diff: 0.0]
      [Ext Root Scanning (ms): Min: 0.3, Avg: 0.4, Max: 0.4, Diff: 0.0, Sum: 1.4]
      [Update RS (ms): Min: 48.1, Avg: 48.1, Max: 48.1, Diff: 0.0, Sum: 192.5]
         [Processed Buffers: Min: 510, Avg: 512.8, Max: 516, Diff: 6, Sum: 2051]
      [Scan RS (ms): Min: 0.0, Avg: 0.0, Max: 0.0, Diff: 0.0, Sum: 0.0]
      [Code Root Scanning (ms): Min: 0.0, Avg: 0.0, Max: 0.0, Diff: 0.0, Sum: 0.0]
      [Object Copy (ms): Min: 0.4, Avg: 0.4, Max: 0.4, Diff: 0.0, Sum: 1.6]
      [Termination (ms): Min: 0.0, Avg: 0.0, Max: 0.0, Diff: 0.0, Sum: 0.0]
         [Termination Attempts: Min: 1, Avg: 1.0, Max: 1, Diff: 0, Sum: 4]
      [GC Worker Other (ms): Min: 0.0, Avg: 0.0, Max: 0.0, Diff: 0.0, Sum: 0.1]
      [GC Worker Total (ms): Min: 48.9, Avg: 48.9, Max: 48.9, Diff: 0.0, Sum: 195.6]
      [GC Worker End (ms): Min: 261069.8, Avg: 261069.8, Max: 261069.8, Diff: 0.0]
   [Code Root Fixup: 0.0 ms]
   [Code Root Purge: 0.0 ms]
   [Clear CT: 0.0 ms]
   [Other: 7.9 ms]
      [Choose CSet: 0.0 ms]
      [Ref Proc: 0.1 ms]
      [Ref Enq: 0.0 ms]
      [Redirty Cards: 0.0 ms]
      [Humongous Register: 0.8 ms]
      [Humongous Reclaim: 2.0 ms]
      [Free CSet: 0.1 ms]
   [Eden: 62.0M(825.0M)->0.0B(1007.0M) Survivors: 1024.0K->1024.0K Heap: 4980.6M(5120.0M)->3512.4M(5120.0M)]
 [Times: user=0.20 sys=0.00, real=0.06 secs] 
2016-06-26T19:47:11.836+0300: 261.072: Total time for which application threads were stopped: 0.0724344 seconds, Stopping threads took: 0.0148041 seconds
2016-06-26T19:47:11.843+0300: 261.080: [GC pause (G1 Humongous Allocation) (young) (initial-mark)
Desired survivor size 66060288 bytes, new threshold 15 (max 15)
- age   1:      39864 bytes,      39864 total
- age   2:         16 bytes,      39880 total
- age   3:      22552 bytes,      62432 total
- age   4:       9032 bytes,      71464 total
- age   5:      29024 bytes,     100488 total
- age   6:         96 bytes,     100584 total
- age   7:      24264 bytes,     124848 total
- age   9:      22856 bytes,     147704 total
- age  11:      18856 bytes,     166560 total
- age  13:      22400 bytes,     188960 total
- age  15:      19888 bytes,     208848 total
, 0.0029581 secs]
   [Parallel Time: 1.3 ms, GC Workers: 4]
      [GC Worker Start (ms): Min: 261081.1, Avg: 261081.1, Max: 261081.1, Diff: 0.0]
      [Ext Root Scanning (ms): Min: 0.4, Avg: 0.4, Max: 0.4, Diff: 0.0, Sum: 1.6]
      [Update RS (ms): Min: 0.4, Avg: 0.4, Max: 0.4, Diff: 0.1, Sum: 1.6]
         [Processed Buffers: Min: 4, Avg: 4.3, Max: 5, Diff: 1, Sum: 17]
      [Scan RS (ms): Min: 0.0, Avg: 0.0, Max: 0.0, Diff: 0.0, Sum: 0.0]
      [Code Root Scanning (ms): Min: 0.0, Avg: 0.0, Max: 0.0, Diff: 0.0, Sum: 0.0]
      [Object Copy (ms): Min: 0.4, Avg: 0.4, Max: 0.4, Diff: 0.1, Sum: 1.7]
      [Termination (ms): Min: 0.0, Avg: 0.0, Max: 0.0, Diff: 0.0, Sum: 0.0]
         [Termination Attempts: Min: 1, Avg: 1.0, Max: 1, Diff: 0, Sum: 4]
      [GC Worker Other (ms): Min: 0.0, Avg: 0.0, Max: 0.0, Diff: 0.0, Sum: 0.0]
      [GC Worker Total (ms): Min: 1.2, Avg: 1.2, Max: 1.2, Diff: 0.0, Sum: 4.9]
      [GC Worker End (ms): Min: 261082.3, Avg: 261082.3, Max: 261082.3, Diff: 0.0]
   [Code Root Fixup: 0.0 ms]
   [Code Root Purge: 0.0 ms]
   [Clear CT: 0.0 ms]
   [Other: 1.6 ms]
      [Choose CSet: 0.0 ms]
      [Ref Proc: 0.0 ms]
      [Ref Enq: 0.0 ms]
      [Redirty Cards: 0.0 ms]
      [Humongous Register: 0.6 ms]
      [Humongous Reclaim: 0.3 ms]
      [Free CSet: 0.0 ms]
   [Eden: 1024.0K(1007.0M)->0.0B(1006.0M) Survivors: 1024.0K->1024.0K Heap: 3514.9M(5120.0M)->3514.3M(5120.0M)]
 [Times: user=0.00 sys=0.00, real=0.00 secs] 
2016-06-26T19:47:11.847+0300: 2016-06-26T19:47:11.847+0300: 261.083: 261.083: [GC concurrent-root-region-scan-start]
Total time for which application threads were stopped: 0.0035213 seconds, Stopping threads took: 0.0000650 seconds
2016-06-26T19:47:11.848+0300: 261.085: [GC concurrent-root-region-scan-end, 0.0016255 secs]
2016-06-26T19:47:11.848+0300: 261.085: [GC concurrent-mark-start]
2016-06-26T19:47:11.867+0300: 261.104: [GC concurrent-mark-end, 0.0190678 secs]
2016-06-26T19:47:11.912+0300: 261.148: [GC remark 2016-06-26T19:47:11.912+0300: 261.148: [Finalize Marking, 0.0002882 secs] 2016-06-26T19:47:11.912+0300: 261.149: [GC ref-proc, 0.0001095 secs] 2016-06-26T19:47:11.912+0300: 261.149: [Unloading, 0.0018162 secs], 0.0221799 secs]
 [Times: user=0.06 sys=0.00, real=0.02 secs] 
2016-06-26T19:47:11.934+0300: 261.171: Total time for which application threads were stopped: 0.0225263 seconds, Stopping threads took: 0.0000637 seconds
2016-06-26T19:47:11.937+0300: 261.173: [GC cleanup 3537M->3537M(5120M), 0.0033716 secs]
 [Times: user=0.00 sys=0.00, real=0.00 secs] 
2016-06-26T19:47:11.940+0300: 261.177: Total time for which application threads were stopped: 0.0038840 seconds, Stopping threads took: 0.0001082 seconds
2016-06-26T19:47:12.956+0300: 262.193: Total time for which application threads were stopped: 0.0157984 seconds, Stopping threads took: 0.0154490 seconds
2016-06-26T19:47:14.207+0300: 263.443: [GC pause (G1 Humongous Allocation) (young)
Desired survivor size 66060288 bytes, new threshold 15 (max 15)
- age   1:         40 bytes,         40 total
- age   2:      39816 bytes,      39856 total
- age   3:         16 bytes,      39872 total
- age   4:      22552 bytes,      62424 total
- age   5:       9032 bytes,      71456 total
- age   6:      29024 bytes,     100480 total
- age   7:         96 bytes,     100576 total
- age   8:      24264 bytes,     124840 total
- age  10:      22856 bytes,     147696 total
- age  12:      18856 bytes,     166552 total
- age  14:      22400 bytes,     188952 total
, 0.0579976 secs]
   [Parallel Time: 49.9 ms, GC Workers: 4]
      [GC Worker Start (ms): Min: 263449.0, Avg: 263449.0, Max: 263449.0, Diff: 0.0]
      [Ext Root Scanning (ms): Min: 0.4, Avg: 0.4, Max: 0.4, Diff: 0.0, Sum: 1.6]
      [Update RS (ms): Min: 49.0, Avg: 49.1, Max: 49.1, Diff: 0.1, Sum: 196.2]
         [Processed Buffers: Min: 507, Avg: 513.8, Max: 520, Diff: 13, Sum: 2055]
      [Scan RS (ms): Min: 0.0, Avg: 0.0, Max: 0.0, Diff: 0.0, Sum: 0.0]
      [Code Root Scanning (ms): Min: 0.0, Avg: 0.0, Max: 0.0, Diff: 0.0, Sum: 0.0]
      [Object Copy (ms): Min: 0.4, Avg: 0.4, Max: 0.4, Diff: 0.0, Sum: 1.6]
      [Termination (ms): Min: 0.0, Avg: 0.0, Max: 0.0, Diff: 0.0, Sum: 0.0]
         [Termination Attempts: Min: 1, Avg: 1.5, Max: 2, Diff: 1, Sum: 6]
      [GC Worker Other (ms): Min: 0.0, Avg: 0.0, Max: 0.0, Diff: 0.0, Sum: 0.1]
      [GC Worker Total (ms): Min: 49.9, Avg: 49.9, Max: 49.9, Diff: 0.0, Sum: 199.6]
      [GC Worker End (ms): Min: 263498.9, Avg: 263498.9, Max: 263498.9, Diff: 0.0]
   [Code Root Fixup: 0.0 ms]
   [Code Root Purge: 0.0 ms]
   [Clear CT: 0.0 ms]
   [Other: 8.0 ms]
      [Choose CSet: 0.0 ms]
      [Ref Proc: 0.1 ms]
      [Ref Enq: 0.0 ms]
      [Redirty Cards: 0.1 ms]
      [Humongous Register: 0.8 ms]
      [Humongous Reclaim: 1.9 ms]
      [Free CSet: 0.0 ms]
   [Eden: 63.0M(1006.0M)->0.0B(978.0M) Survivors: 1024.0K->1024.0K Heap: 4981.6M(5120.0M)->3541.7M(5120.0M)]
 [Times: user=0.20 sys=0.00, real=0.06 secs] 
2016-06-26T19:47:14.265+0300: 263.501: Total time for which application threads were stopped: 0.0792418 seconds, Stopping threads took: 0.0202943 seconds
2016-06-26T19:47:14.268+0300: 263.504: [GC pause (G1 Humongous Allocation) (young) (initial-mark)
Desired survivor size 64487424 bytes, new threshold 15 (max 15)
- age   1:      55288 bytes,      55288 total
- age   2:         16 bytes,      55304 total
- age   3:      32440 bytes,      87744 total
- age   4:         16 bytes,      87760 total
- age   5:      18552 bytes,     106312 total
- age   6:       9032 bytes,     115344 total
- age   7:      25984 bytes,     141328 total
- age   9:      21144 bytes,     162472 total
- age  11:      21184 bytes,     183656 total
- age  13:      18232 bytes,     201888 total
- age  15:      22280 bytes,     224168 total
, 0.0037796 secs]
   [Parallel Time: 2.1 ms, GC Workers: 4]
      [GC Worker Start (ms): Min: 263505.1, Avg: 263505.4, Max: 263506.0, Diff: 0.9]
      [Ext Root Scanning (ms): Min: 0.0, Avg: 0.9, Max: 2.0, Diff: 2.0, Sum: 3.7]
      [Update RS (ms): Min: 0.0, Avg: 0.4, Max: 0.6, Diff: 0.6, Sum: 1.6]
         [Processed Buffers: Min: 0, Avg: 4.3, Max: 7, Diff: 7, Sum: 17]
      [Scan RS (ms): Min: 0.0, Avg: 0.0, Max: 0.0, Diff: 0.0, Sum: 0.0]
      [Code Root Scanning (ms): Min: 0.0, Avg: 0.0, Max: 0.0, Diff: 0.0, Sum: 0.0]
      [Object Copy (ms): Min: 0.0, Avg: 0.4, Max: 0.6, Diff: 0.6, Sum: 1.7]
      [Termination (ms): Min: 0.0, Avg: 0.0, Max: 0.1, Diff: 0.1, Sum: 0.2]
         [Termination Attempts: Min: 1, Avg: 1.0, Max: 1, Diff: 0, Sum: 4]
      [GC Worker Other (ms): Min: 0.0, Avg: 0.0, Max: 0.0, Diff: 0.0, Sum: 0.0]
      [GC Worker Total (ms): Min: 1.2, Avg: 1.8, Max: 2.0, Diff: 0.9, Sum: 7.2]
      [GC Worker End (ms): Min: 263507.1, Avg: 263507.2, Max: 263507.2, Diff: 0.0]
   [Code Root Fixup: 0.0 ms]
   [Code Root Purge: 0.0 ms]
   [Clear CT: 0.0 ms]
   [Other: 1.7 ms]
      [Choose CSet: 0.0 ms]
      [Ref Proc: 0.1 ms]
      [Ref Enq: 0.0 ms]
      [Redirty Cards: 0.0 ms]
      [Humongous Register: 0.6 ms]
      [Humongous Reclaim: 0.2 ms]
      [Free CSet: 0.0 ms]
   [Eden: 1024.0K(978.0M)->0.0B(976.0M) Survivors: 1024.0K->1024.0K Heap: 3544.1M(5120.0M)->3543.6M(5120.0M)]
 [Times: user=0.00 sys=0.00, real=0.00 secs] 
2016-06-26T19:47:14.272+0300: 263.508: [GC concurrent-root-region-scan-start]
2016-06-26T19:47:14.272+0300: 263.508: Total time for which application threads were stopped: 0.0044805 seconds, Stopping threads took: 0.0000620 seconds
2016-06-26T19:47:14.273+0300: 263.510: [GC concurrent-root-region-scan-end, 0.0014108 secs]
2016-06-26T19:47:14.273+0300: 263.510: [GC concurrent-mark-start]
2016-06-26T19:47:14.292+0300: 263.529: [GC concurrent-mark-end, 0.0190481 secs]
2016-06-26T19:47:14.397+0300: 263.633: [GC remark 2016-06-26T19:47:14.397+0300: 263.633: [Finalize Marking, 0.0003443 secs] 2016-06-26T19:47:14.397+0300: 263.633: [GC ref-proc, 0.0001138 secs] 2016-06-26T19:47:14.397+0300: 263.634: [Unloading, 0.0017773 secs], 0.0217736 secs]
 [Times: user=0.06 sys=0.00, real=0.02 secs] 
2016-06-26T19:47:14.418+0300: 263.655: Total time for which application threads were stopped: 0.0363746 seconds, Stopping threads took: 0.0143397 seconds
2016-06-26T19:47:14.442+0300: 263.679: [GC cleanup 3576M->3576M(5120M), 0.0023384 secs]
 [Times: user=0.00 sys=0.00, real=0.00 secs] 
2016-06-26T19:47:14.445+0300: 263.681: Total time for which application threads were stopped: 0.0120226 seconds, Stopping threads took: 0.0093939 seconds
2016-06-26T19:47:14.451+0300: 263.688: Total time for which application threads were stopped: 0.0006825 seconds, Stopping threads took: 0.0001368 seconds
2016-06-26T19:47:15.467+0300: 264.704: Total time for which application threads were stopped: 0.0157975 seconds, Stopping threads took: 0.0154375 seconds
2016-06-26T19:47:16.480+0300: 265.716: Total time for which application threads were stopped: 0.0129853 seconds, Stopping threads took: 0.0126496 seconds
2016-06-26T19:47:16.733+0300: 265.969: [GC pause (G1 Humongous Allocation) (young)
Desired survivor size 64487424 bytes, new threshold 15 (max 15)
- age   1:         40 bytes,         40 total
- age   2:      55264 bytes,      55304 total
- age   3:         16 bytes,      55320 total
- age   4:      32440 bytes,      87760 total
- age   5:         16 bytes,      87776 total
- age   6:      18552 bytes,     106328 total
- age   7:       9032 bytes,     115360 total
- age   8:      25984 bytes,     141344 total
- age  10:      21144 bytes,     162488 total
- age  12:      21184 bytes,     183672 total
- age  14:      18232 bytes,     201904 total
, 0.0609467 secs]
   [Parallel Time: 52.6 ms, GC Workers: 4]
      [GC Worker Start (ms): Min: 265975.0, Avg: 265975.0, Max: 265975.1, Diff: 0.0]
      [Ext Root Scanning (ms): Min: 0.4, Avg: 0.4, Max: 0.4, Diff: 0.0, Sum: 1.6]
      [Update RS (ms): Min: 51.7, Avg: 51.7, Max: 51.8, Diff: 0.1, Sum: 207.0]
         [Processed Buffers: Min: 475, Avg: 517.0, Max: 544, Diff: 69, Sum: 2068]
      [Scan RS (ms): Min: 0.0, Avg: 0.0, Max: 0.0, Diff: 0.0, Sum: 0.1]
      [Code Root Scanning (ms): Min: 0.0, Avg: 0.0, Max: 0.0, Diff: 0.0, Sum: 0.0]
      [Object Copy (ms): Min: 0.4, Avg: 0.4, Max: 0.4, Diff: 0.1, Sum: 1.6]
      [Termination (ms): Min: 0.0, Avg: 0.0, Max: 0.0, Diff: 0.0, Sum: 0.0]
         [Termination Attempts: Min: 1, Avg: 1.0, Max: 1, Diff: 0, Sum: 4]
      [GC Worker Other (ms): Min: 0.0, Avg: 0.0, Max: 0.0, Diff: 0.0, Sum: 0.1]
      [GC Worker Total (ms): Min: 52.6, Avg: 52.6, Max: 52.6, Diff: 0.0, Sum: 210.3]
      [GC Worker End (ms): Min: 266027.6, Avg: 266027.6, Max: 266027.6, Diff: 0.0]
   [Code Root Fixup: 0.0 ms]
   [Code Root Purge: 0.0 ms]
   [Clear CT: 0.1 ms]
   [Other: 8.3 ms]
      [Choose CSet: 0.0 ms]
      [Ref Proc: 0.0 ms]
      [Ref Enq: 0.0 ms]
      [Redirty Cards: 0.0 ms]
      [Humongous Register: 0.8 ms]
      [Humongous Reclaim: 2.3 ms]
      [Free CSet: 0.1 ms]
   [Eden: 64.0M(976.0M)->0.0B(1070.0M) Survivors: 1024.0K->1024.0K Heap: 4980.4M(5120.0M)->3451.9M(5120.0M)]
 [Times: user=0.19 sys=0.00, real=0.06 secs] 
2016-06-26T19:47:16.794+0300: 266.030: Total time for which application threads were stopped: 0.0791370 seconds, Stopping threads took: 0.0174628 seconds
2016-06-26T19:47:16.795+0300: 266.032: [GC pause (G1 Humongous Allocation) (young) (initial-mark)
Desired survivor size 70254592 bytes, new threshold 15 (max 15)
- age   1:      43400 bytes,      43400 total
- age   2:         16 bytes,      43416 total
- age   3:      48672 bytes,      92088 total
- age   4:         16 bytes,      92104 total
- age   5:      26832 bytes,     118936 total
- age   6:         16 bytes,     118952 total
- age   7:      14584 bytes,     133536 total
- age   8:       9032 bytes,     142568 total
- age   9:      23096 bytes,     165664 total
- age  11:      18656 bytes,     184320 total
- age  13:      20208 bytes,     204528 total
- age  15:      18064 bytes,     222592 total
, 0.0025800 secs]
   [Parallel Time: 0.9 ms, GC Workers: 4]
      [GC Worker Start (ms): Min: 266032.8, Avg: 266032.8, Max: 266032.9, Diff: 0.0]
      [Ext Root Scanning (ms): Min: 0.4, Avg: 0.4, Max: 0.4, Diff: 0.0, Sum: 1.5]
      [Update RS (ms): Min: 0.0, Avg: 0.0, Max: 0.1, Diff: 0.1, Sum: 0.1]
         [Processed Buffers: Min: 0, Avg: 0.5, Max: 1, Diff: 1, Sum: 2]
      [Scan RS (ms): Min: 0.0, Avg: 0.0, Max: 0.0, Diff: 0.0, Sum: 0.0]
      [Code Root Scanning (ms): Min: 0.0, Avg: 0.0, Max: 0.0, Diff: 0.0, Sum: 0.0]
      [Object Copy (ms): Min: 0.4, Avg: 0.4, Max: 0.5, Diff: 0.1, Sum: 1.7]
      [Termination (ms): Min: 0.0, Avg: 0.0, Max: 0.0, Diff: 0.0, Sum: 0.0]
         [Termination Attempts: Min: 1, Avg: 1.0, Max: 1, Diff: 0, Sum: 4]
      [GC Worker Other (ms): Min: 0.0, Avg: 0.0, Max: 0.0, Diff: 0.0, Sum: 0.0]
      [GC Worker Total (ms): Min: 0.8, Avg: 0.8, Max: 0.9, Diff: 0.0, Sum: 3.4]
      [GC Worker End (ms): Min: 266033.7, Avg: 266033.7, Max: 266033.7, Diff: 0.0]
   [Code Root Fixup: 0.0 ms]
   [Code Root Purge: 0.0 ms]
   [Clear CT: 0.0 ms]
   [Other: 1.6 ms]
      [Choose CSet: 0.0 ms]
      [Ref Proc: 0.0 ms]
      [Ref Enq: 0.0 ms]
      [Redirty Cards: 0.0 ms]
      [Humongous Register: 0.7 ms]
      [Humongous Reclaim: 0.3 ms]
      [Free CSet: 0.0 ms]
   [Eden: 1024.0K(1070.0M)->0.0B(1069.0M) Survivors: 1024.0K->1024.0K Heap: 3454.3M(5120.0M)->3453.8M(5120.0M)]
 [Times: user=0.00 sys=0.00, real=0.00 secs] 
2016-06-26T19:47:16.798+0300: 266.035: [GC concurrent-root-region-scan-start]
2016-06-26T19:47:16.798+0300: 266.035: Total time for which application threads were stopped: 0.0032044 seconds, Stopping threads took: 0.0000937 seconds
2016-06-26T19:47:16.800+0300: 266.036: [GC concurrent-root-region-scan-end, 0.0016828 secs]
2016-06-26T19:47:16.800+0300: 266.036: [GC concurrent-mark-start]
2016-06-26T19:47:16.822+0300: 266.058: [GC concurrent-mark-end, 0.0203559 secs]
2016-06-26T19:47:16.859+0300: 266.096: [GC remark 2016-06-26T19:47:16.859+0300: 266.096: [Finalize Marking, 0.0003524 secs] 2016-06-26T19:47:16.860+0300: 266.096: [GC ref-proc, 0.0001035 secs] 2016-06-26T19:47:16.860+0300: 266.097: [Unloading, 0.0016931 secs], 0.0214002 secs]
 [Times: user=0.06 sys=0.00, real=0.02 secs] 
2016-06-26T19:47:16.881+0300: 266.117: Total time for which application threads were stopped: 0.0356903 seconds, Stopping threads took: 0.0140275 seconds
2016-06-26T19:47:17.055+0300: 266.292: Total time for which application threads were stopped: 0.0070503 seconds, Stopping threads took: 0.0063554 seconds
2016-06-26T19:47:18.071+0300: 267.308: Total time for which application threads were stopped: 0.0163603 seconds, Stopping threads took: 0.0160293 seconds
2016-06-26T19:47:18.159+0300: 267.396: Total time for which application threads were stopped: 0.0062450 seconds, Stopping threads took: 0.0057126 seconds
2016-06-26T19:47:18.228+0300: 267.464: [GC cleanup 4332M->4332M(5120M), 0.0021712 secs]
 [Times: user=0.00 sys=0.00, real=0.00 secs] 
2016-06-26T19:47:18.230+0300: 267.467: Total time for which application threads were stopped: 0.0123164 seconds, Stopping threads took: 0.0098745 seconds
2016-06-26T19:47:19.241+0300: 268.477: Total time for which application threads were stopped: 0.0106315 seconds, Stopping threads took: 0.0103206 seconds
2016-06-26T19:47:19.312+0300: 268.549: Total time for which application threads were stopped: 0.0005739 seconds, Stopping threads took: 0.0000582 seconds
2016-06-26T19:47:19.396+0300: 268.633: [GC pause (G1 Humongous Allocation) (young)
Desired survivor size 70254592 bytes, new threshold 15 (max 15)
- age   1:         96 bytes,         96 total
- age   2:      43352 bytes,      43448 total
- age   3:         16 bytes,      43464 total
- age   4:      48672 bytes,      92136 total
- age   5:         16 bytes,      92152 total
- age   6:      26832 bytes,     118984 total
- age   7:         16 bytes,     119000 total
- age   8:      14584 bytes,     133584 total
- age   9:       9032 bytes,     142616 total
- age  10:      23096 bytes,     165712 total
- age  12:      18656 bytes,     184368 total
- age  14:      20208 bytes,     204576 total
, 0.0560415 secs]
   [Parallel Time: 48.1 ms, GC Workers: 4]
      [GC Worker Start (ms): Min: 268638.4, Avg: 268638.4, Max: 268638.4, Diff: 0.0]
      [Ext Root Scanning (ms): Min: 0.3, Avg: 0.3, Max: 0.3, Diff: 0.0, Sum: 1.3]
      [Update RS (ms): Min: 47.3, Avg: 47.3, Max: 47.4, Diff: 0.1, Sum: 189.3]
         [Processed Buffers: Min: 494, Avg: 501.3, Max: 512, Diff: 18, Sum: 2005]
      [Scan RS (ms): Min: 0.0, Avg: 0.0, Max: 0.0, Diff: 0.0, Sum: 0.1]
      [Code Root Scanning (ms): Min: 0.0, Avg: 0.0, Max: 0.0, Diff: 0.0, Sum: 0.0]
      [Object Copy (ms): Min: 0.4, Avg: 0.4, Max: 0.4, Diff: 0.1, Sum: 1.6]
      [Termination (ms): Min: 0.0, Avg: 0.0, Max: 0.0, Diff: 0.0, Sum: 0.0]
         [Termination Attempts: Min: 1, Avg: 1.0, Max: 1, Diff: 0, Sum: 4]
      [GC Worker Other (ms): Min: 0.0, Avg: 0.0, Max: 0.0, Diff: 0.0, Sum: 0.1]
      [GC Worker Total (ms): Min: 48.1, Avg: 48.1, Max: 48.1, Diff: 0.0, Sum: 192.4]
      [GC Worker End (ms): Min: 268686.5, Avg: 268686.5, Max: 268686.5, Diff: 0.0]
   [Code Root Fixup: 0.0 ms]
   [Code Root Purge: 0.0 ms]
   [Clear CT: 0.0 ms]
   [Other: 7.9 ms]
      [Choose CSet: 0.0 ms]
      [Ref Proc: 0.0 ms]
      [Ref Enq: 0.0 ms]
      [Redirty Cards: 0.0 ms]
      [Humongous Register: 0.8 ms]
      [Humongous Reclaim: 2.1 ms]
      [Free CSet: 0.1 ms]
   [Eden: 63.0M(1069.0M)->0.0B(1069.0M) Survivors: 1024.0K->1024.0K Heap: 4981.6M(5120.0M)->3453.9M(5120.0M)]
 [Times: user=0.20 sys=0.00, real=0.06 secs] 
2016-06-26T19:47:19.453+0300: 268.689: Total time for which application threads were stopped: 0.0648478 seconds, Stopping threads took: 0.0078958 seconds
2016-06-26T19:47:19.453+0300: 268.690: [GC pause (G1 Humongous Allocation) (young) (initial-mark)
Desired survivor size 70254592 bytes, new threshold 15 (max 15)
- age   1:      48800 bytes,      48800 total
- age   2:         72 bytes,      48872 total
- age   3:      35208 bytes,      84080 total
- age   4:         16 bytes,      84096 total
- age   5:      43432 bytes,     127528 total
- age   7:      21992 bytes,     149520 total
- age   8:         16 bytes,     149536 total
- age   9:      12152 bytes,     161688 total
- age  10:       9032 bytes,     170720 total
- age  11:      21880 bytes,     192600 total
- age  13:      18120 bytes,     210720 total
- age  15:      20088 bytes,     230808 total
, 0.0033545 secs]
   [Parallel Time: 1.7 ms, GC Workers: 4]
      [GC Worker Start (ms): Min: 268691.1, Avg: 268691.1, Max: 268691.1, Diff: 0.0]
      [Ext Root Scanning (ms): Min: 0.4, Avg: 0.4, Max: 0.4, Diff: 0.0, Sum: 1.5]
      [Update RS (ms): Min: 0.8, Avg: 0.8, Max: 0.9, Diff: 0.1, Sum: 3.4]
         [Processed Buffers: Min: 8, Avg: 8.3, Max: 9, Diff: 1, Sum: 33]
      [Scan RS (ms): Min: 0.0, Avg: 0.0, Max: 0.0, Diff: 0.0, Sum: 0.0]
      [Code Root Scanning (ms): Min: 0.0, Avg: 0.0, Max: 0.0, Diff: 0.0, Sum: 0.0]
      [Object Copy (ms): Min: 0.4, Avg: 0.4, Max: 0.5, Diff: 0.1, Sum: 1.8]
      [Termination (ms): Min: 0.0, Avg: 0.0, Max: 0.0, Diff: 0.0, Sum: 0.0]
         [Termination Attempts: Min: 1, Avg: 1.0, Max: 1, Diff: 0, Sum: 4]
      [GC Worker Other (ms): Min: 0.0, Avg: 0.0, Max: 0.0, Diff: 0.0, Sum: 0.0]
      [GC Worker Total (ms): Min: 1.7, Avg: 1.7, Max: 1.7, Diff: 0.0, Sum: 6.7]
      [GC Worker End (ms): Min: 268692.8, Avg: 268692.8, Max: 268692.8, Diff: 0.0]
   [Code Root Fixup: 0.0 ms]
   [Code Root Purge: 0.0 ms]
   [Clear CT: 0.0 ms]
   [Other: 1.6 ms]
      [Choose CSet: 0.0 ms]
      [Ref Proc: 0.0 ms]
      [Ref Enq: 0.0 ms]
      [Redirty Cards: 0.0 ms]
      [Humongous Register: 0.6 ms]
      [Humongous Reclaim: 0.2 ms]
      [Free CSet: 0.0 ms]
   [Eden: 1024.0K(1069.0M)->0.0B(1061.0M) Survivors: 1024.0K->1024.0K Heap: 3458.8M(5120.0M)->3457.8M(5120.0M)]
 [Times: user=0.00 sys=0.00, real=0.00 secs] 
2016-06-26T19:47:19.457+0300: 268.694: [GC concurrent-root-region-scan-start]
2016-06-26T19:47:19.457+0300: 268.694: Total time for which application threads were stopped: 0.0039130 seconds, Stopping threads took: 0.0000496 seconds
2016-06-26T19:47:19.459+0300: 268.695: [GC concurrent-root-region-scan-end, 0.0015169 secs]
2016-06-26T19:47:19.459+0300: 268.695: [GC concurrent-mark-start]
2016-06-26T19:47:19.479+0300: 268.715: [GC concurrent-mark-end, 0.0198231 secs]
2016-06-26T19:47:19.507+0300: 268.744: [GC remark 2016-06-26T19:47:19.507+0300: 268.744: [Finalize Marking, 0.0002938 secs] 2016-06-26T19:47:19.508+0300: 268.744: [GC ref-proc, 0.0001061 secs] 2016-06-26T19:47:19.508+0300: 268.744: [Unloading, 0.0016460 secs], 0.0211629 secs]
 [Times: user=0.06 sys=0.00, real=0.02 secs] 
2016-06-26T19:47:19.529+0300: 268.765: Total time for which application threads were stopped: 0.0356347 seconds, Stopping threads took: 0.0141938 seconds
2016-06-26T19:47:19.533+0300: 268.770: [GC cleanup 3485M->3485M(5120M), 0.0022028 secs]
 [Times: user=0.00 sys=0.00, real=0.00 secs] 
2016-06-26T19:47:19.536+0300: 268.772: Total time for which application threads were stopped: 0.0025578 seconds, Stopping threads took: 0.0000663 seconds
2016-06-26T19:47:21.351+0300: 270.588: Total time for which application threads were stopped: 0.0118148 seconds, Stopping threads took: 0.0108915 seconds
2016-06-26T19:47:21.910+0300: 271.146: [GC pause (G1 Humongous Allocation) (young)
Desired survivor size 69730304 bytes, new threshold 15 (max 15)
- age   1:       9072 bytes,       9072 total
- age   2:      48776 bytes,      57848 total
- age   3:         72 bytes,      57920 total
- age   4:      35208 bytes,      93128 total
- age   5:         16 bytes,      93144 total
- age   6:      43432 bytes,     136576 total
- age   8:      21992 bytes,     158568 total
- age   9:         16 bytes,     158584 total
- age  10:      12152 bytes,     170736 total
- age  11:       9032 bytes,     179768 total
- age  12:      21880 bytes,     201648 total
- age  14:      18120 bytes,     219768 total
, 0.0573240 secs]
   [Parallel Time: 49.6 ms, GC Workers: 4]
      [GC Worker Start (ms): Min: 271151.8, Avg: 271151.8, Max: 271151.8, Diff: 0.0]
      [Ext Root Scanning (ms): Min: 0.4, Avg: 0.4, Max: 0.4, Diff: 0.0, Sum: 1.6]
      [Update RS (ms): Min: 48.7, Avg: 48.7, Max: 48.8, Diff: 0.1, Sum: 195.0]
         [Processed Buffers: Min: 507, Avg: 512.5, Max: 518, Diff: 11, Sum: 2050]
      [Scan RS (ms): Min: 0.0, Avg: 0.0, Max: 0.0, Diff: 0.0, Sum: 0.0]
      [Code Root Scanning (ms): Min: 0.0, Avg: 0.0, Max: 0.0, Diff: 0.0, Sum: 0.0]
      [Object Copy (ms): Min: 0.4, Avg: 0.4, Max: 0.4, Diff: 0.0, Sum: 1.7]
      [Termination (ms): Min: 0.0, Avg: 0.0, Max: 0.0, Diff: 0.0, Sum: 0.0]
         [Termination Attempts: Min: 1, Avg: 1.0, Max: 1, Diff: 0, Sum: 4]
      [GC Worker Other (ms): Min: 0.0, Avg: 0.0, Max: 0.0, Diff: 0.0, Sum: 0.1]
      [GC Worker Total (ms): Min: 49.6, Avg: 49.6, Max: 49.6, Diff: 0.0, Sum: 198.4]
      [GC Worker End (ms): Min: 271201.4, Avg: 271201.4, Max: 271201.4, Diff: 0.0]
   [Code Root Fixup: 0.0 ms]
   [Code Root Purge: 0.0 ms]
   [Clear CT: 0.0 ms]
   [Other: 7.6 ms]
      [Choose CSet: 0.0 ms]
      [Ref Proc: 0.0 ms]
      [Ref Enq: 0.0 ms]
      [Redirty Cards: 0.0 ms]
      [Humongous Register: 0.8 ms]
      [Humongous Reclaim: 1.6 ms]
      [Free CSet: 0.1 ms]
   [Eden: 62.0M(1061.0M)->0.0B(647.0M) Survivors: 1024.0K->1024.0K Heap: 4980.7M(5120.0M)->3864.0M(5120.0M)]
 [Times: user=0.19 sys=0.00, real=0.06 secs] 
2016-06-26T19:47:21.967+0300: 271.204: Total time for which application threads were stopped: 0.0723091 seconds, Stopping threads took: 0.0140100 seconds
2016-06-26T19:47:21.969+0300: 271.206: [GC pause (G1 Humongous Allocation) (young) (initial-mark)
Desired survivor size 42467328 bytes, new threshold 15 (max 15)
- age   1:      30568 bytes,      30568 total
- age   2:       9048 bytes,      39616 total
- age   3:      42144 bytes,      81760 total
- age   4:         16 bytes,      81776 total
- age   5:      30672 bytes,     112448 total
- age   6:         16 bytes,     112464 total
- age   7:      39840 bytes,     152304 total
- age   9:      20048 bytes,     172352 total
- age  11:      10928 bytes,     183280 total
- age  12:       9032 bytes,     192312 total
- age  13:      21640 bytes,     213952 total
- age  15:      18064 bytes,     232016 total
, 0.0031877 secs]
   [Parallel Time: 1.4 ms, GC Workers: 4]
      [GC Worker Start (ms): Min: 271206.9, Avg: 271206.9, Max: 271207.0, Diff: 0.0]
      [Ext Root Scanning (ms): Min: 0.4, Avg: 0.5, Max: 0.5, Diff: 0.0, Sum: 1.8]
      [Update RS (ms): Min: 0.4, Avg: 0.4, Max: 0.5, Diff: 0.1, Sum: 1.6]
         [Processed Buffers: Min: 4, Avg: 4.3, Max: 5, Diff: 1, Sum: 17]
      [Scan RS (ms): Min: 0.0, Avg: 0.0, Max: 0.0, Diff: 0.0, Sum: 0.0]
      [Code Root Scanning (ms): Min: 0.0, Avg: 0.0, Max: 0.0, Diff: 0.0, Sum: 0.0]
      [Object Copy (ms): Min: 0.4, Avg: 0.5, Max: 0.5, Diff: 0.1, Sum: 1.8]
      [Termination (ms): Min: 0.0, Avg: 0.0, Max: 0.0, Diff: 0.0, Sum: 0.0]
         [Termination Attempts: Min: 1, Avg: 1.0, Max: 1, Diff: 0, Sum: 4]
      [GC Worker Other (ms): Min: 0.0, Avg: 0.0, Max: 0.0, Diff: 0.0, Sum: 0.0]
      [GC Worker Total (ms): Min: 1.3, Avg: 1.3, Max: 1.4, Diff: 0.0, Sum: 5.3]
      [GC Worker End (ms): Min: 271208.3, Avg: 271208.3, Max: 271208.3, Diff: 0.0]
   [Code Root Fixup: 0.0 ms]
   [Code Root Purge: 0.0 ms]
   [Clear CT: 0.0 ms]
   [Other: 1.7 ms]
      [Choose CSet: 0.0 ms]
      [Ref Proc: 0.1 ms]
      [Ref Enq: 0.0 ms]
      [Redirty Cards: 0.0 ms]
      [Humongous Register: 0.8 ms]
      [Humongous Reclaim: 0.3 ms]
      [Free CSet: 0.0 ms]
   [Eden: 1024.0K(647.0M)->0.0B(646.0M) Survivors: 1024.0K->1024.0K Heap: 3866.5M(5120.0M)->3865.9M(5120.0M)]
 [Times: user=0.00 sys=0.00, real=0.00 secs] 
2016-06-26T19:47:21.973+0300: 271.209: [GC concurrent-root-region-scan-start]
2016-06-26T19:47:21.973+0300: 271.209: Total time for which application threads were stopped: 0.0040221 seconds, Stopping threads took: 0.0001133 seconds
2016-06-26T19:47:21.974+0300: 271.211: [GC concurrent-root-region-scan-end, 0.0015870 secs]
2016-06-26T19:47:21.974+0300: 271.211: [GC concurrent-mark-start]
2016-06-26T19:47:21.995+0300: 271.231: [GC concurrent-mark-end, 0.0198419 secs]
2016-06-26T19:47:22.013+0300: 271.250: [GC remark 2016-06-26T19:47:22.013+0300: 271.250: [Finalize Marking, 0.0003609 secs] 2016-06-26T19:47:22.014+0300: 271.250: [GC ref-proc, 0.0001065 secs] 2016-06-26T19:47:22.014+0300: 271.250: [Unloading, 0.0018547 secs], 0.0237861 secs]
 [Times: user=0.08 sys=0.00, real=0.02 secs] 
2016-06-26T19:47:22.037+0300: 271.274: Total time for which application threads were stopped: 0.0295723 seconds, Stopping threads took: 0.0053645 seconds
2016-06-26T19:47:22.040+0300: 271.277: [GC cleanup 3887M->3887M(5120M), 0.0021254 secs]
 [Times: user=0.00 sys=0.00, real=0.00 secs] 
2016-06-26T19:47:22.043+0300: 271.279: Total time for which application threads were stopped: 0.0025886 seconds, Stopping threads took: 0.0000590 seconds
2016-06-26T19:47:23.055+0300: 272.292: Total time for which application threads were stopped: 0.0128425 seconds, Stopping threads took: 0.0124948 seconds
2016-06-26T19:47:23.706+0300: 272.943: [GC pause (G1 Humongous Allocation) (young)
Desired survivor size 42467328 bytes, new threshold 15 (max 15)
- age   1:         40 bytes,         40 total
- age   2:      30544 bytes,      30584 total
- age   3:       9048 bytes,      39632 total
- age   4:      42144 bytes,      81776 total
- age   5:         16 bytes,      81792 total
- age   6:      30672 bytes,     112464 total
- age   7:         16 bytes,     112480 total
- age   8:      39840 bytes,     152320 total
- age  10:      20048 bytes,     172368 total
- age  12:      10928 bytes,     183296 total
- age  13:       9032 bytes,     192328 total
- age  14:      21640 bytes,     213968 total
, 0.0590766 secs]
   [Parallel Time: 51.2 ms, GC Workers: 4]
      [GC Worker Start (ms): Min: 272949.0, Avg: 272949.0, Max: 272949.0, Diff: 0.0]
      [Ext Root Scanning (ms): Min: 0.5, Avg: 0.5, Max: 0.5, Diff: 0.0, Sum: 1.9]
      [Update RS (ms): Min: 50.3, Avg: 50.3, Max: 50.3, Diff: 0.0, Sum: 201.1]
         [Processed Buffers: Min: 511, Avg: 523.5, Max: 536, Diff: 25, Sum: 2094]
      [Scan RS (ms): Min: 0.0, Avg: 0.0, Max: 0.0, Diff: 0.0, Sum: 0.0]
      [Code Root Scanning (ms): Min: 0.0, Avg: 0.0, Max: 0.0, Diff: 0.0, Sum: 0.0]
      [Object Copy (ms): Min: 0.4, Avg: 0.4, Max: 0.4, Diff: 0.1, Sum: 1.7]
      [Termination (ms): Min: 0.0, Avg: 0.0, Max: 0.0, Diff: 0.0, Sum: 0.0]
         [Termination Attempts: Min: 1, Avg: 1.0, Max: 1, Diff: 0, Sum: 4]
      [GC Worker Other (ms): Min: 0.0, Avg: 0.0, Max: 0.0, Diff: 0.0, Sum: 0.1]
      [GC Worker Total (ms): Min: 51.2, Avg: 51.2, Max: 51.2, Diff: 0.0, Sum: 204.8]
      [GC Worker End (ms): Min: 273000.2, Avg: 273000.2, Max: 273000.2, Diff: 0.0]
   [Code Root Fixup: 0.0 ms]
   [Code Root Purge: 0.0 ms]
   [Clear CT: 0.0 ms]
   [Other: 7.8 ms]
      [Choose CSet: 0.0 ms]
      [Ref Proc: 0.0 ms]
      [Ref Enq: 0.0 ms]
      [Redirty Cards: 0.0 ms]
      [Humongous Register: 0.8 ms]
      [Humongous Reclaim: 1.7 ms]
      [Free CSet: 0.1 ms]
   [Eden: 63.0M(646.0M)->0.0B(917.0M) Survivors: 1024.0K->1024.0K Heap: 4981.2M(5120.0M)->3600.4M(5120.0M)]
 [Times: user=0.25 sys=0.00, real=0.06 secs] 
2016-06-26T19:47:23.766+0300: 273.003: Total time for which application threads were stopped: 0.0730549 seconds, Stopping threads took: 0.0128643 seconds
2016-06-26T19:47:23.767+0300: 273.004: [GC pause (G1 Humongous Allocation) (young) (initial-mark)
Desired survivor size 60293120 bytes, new threshold 15 (max 15)
- age   1:      36296 bytes,      36296 total
- age   2:         16 bytes,      36312 total
- age   3:      23360 bytes,      59672 total
- age   4:       9048 bytes,      68720 total
- age   5:      37168 bytes,     105888 total
- age   7:      25920 bytes,     131808 total
- age   9:      38440 bytes,     170248 total
- age  11:      18576 bytes,     188824 total
- age  13:      10808 bytes,     199632 total
- age  14:       9032 bytes,     208664 total
- age  15:      21568 bytes,     230232 total
, 0.0030740 secs]
   [Parallel Time: 1.4 ms, GC Workers: 4]
      [GC Worker Start (ms): Min: 273004.8, Avg: 273004.8, Max: 273004.8, Diff: 0.0]
      [Ext Root Scanning (ms): Min: 0.5, Avg: 0.5, Max: 0.5, Diff: 0.0, Sum: 1.9]
      [Update RS (ms): Min: 0.4, Avg: 0.4, Max: 0.5, Diff: 0.1, Sum: 1.7]
         [Processed Buffers: Min: 4, Avg: 4.3, Max: 5, Diff: 1, Sum: 17]
      [Scan RS (ms): Min: 0.0, Avg: 0.0, Max: 0.0, Diff: 0.0, Sum: 0.0]
      [Code Root Scanning (ms): Min: 0.0, Avg: 0.0, Max: 0.0, Diff: 0.0, Sum: 0.0]
      [Object Copy (ms): Min: 0.4, Avg: 0.4, Max: 0.5, Diff: 0.1, Sum: 1.8]
      [Termination (ms): Min: 0.0, Avg: 0.0, Max: 0.0, Diff: 0.0, Sum: 0.0]
         [Termination Attempts: Min: 1, Avg: 1.0, Max: 1, Diff: 0, Sum: 4]
      [GC Worker Other (ms): Min: 0.0, Avg: 0.0, Max: 0.0, Diff: 0.0, Sum: 0.0]
      [GC Worker Total (ms): Min: 1.3, Avg: 1.4, Max: 1.4, Diff: 0.0, Sum: 5.4]
      [GC Worker End (ms): Min: 273006.2, Avg: 273006.2, Max: 273006.2, Diff: 0.0]
   [Code Root Fixup: 0.0 ms]
   [Code Root Purge: 0.0 ms]
   [Clear CT: 0.0 ms]
   [Other: 1.6 ms]
      [Choose CSet: 0.0 ms]
      [Ref Proc: 0.1 ms]
      [Ref Enq: 0.0 ms]
      [Redirty Cards: 0.0 ms]
      [Humongous Register: 0.6 ms]
      [Humongous Reclaim: 0.3 ms]
      [Free CSet: 0.0 ms]
   [Eden: 1024.0K(917.0M)->0.0B(916.0M) Survivors: 1024.0K->1024.0K Heap: 3602.8M(5120.0M)->3602.3M(5120.0M)]
 [Times: user=0.00 sys=0.00, real=0.00 secs] 
2016-06-26T19:47:23.770+0300: 273.007: [GC concurrent-root-region-scan-start]
2016-06-26T19:47:23.770+0300: 273.007: Total time for which application threads were stopped: 0.0037445 seconds, Stopping threads took: 0.0000603 seconds
2016-06-26T19:47:23.772+0300: 273.009: [GC concurrent-root-region-scan-end, 0.0014793 secs]
2016-06-26T19:47:23.772+0300: 273.009: [GC concurrent-mark-start]
2016-06-26T19:47:23.794+0300: 273.030: [GC concurrent-mark-end, 0.0214605 secs]
2016-06-26T19:47:23.813+0300: 273.050: [GC remark 2016-06-26T19:47:23.813+0300: 273.050: [Finalize Marking, 0.0006363 secs] 2016-06-26T19:47:23.814+0300: 273.051: [GC ref-proc, 0.0001133 secs] 2016-06-26T19:47:23.814+0300: 273.051: [Unloading, 0.0023692 secs], 0.0309344 secs]
 [Times: user=0.09 sys=0.00, real=0.03 secs] 
2016-06-26T19:47:23.844+0300: 273.081: Total time for which application threads were stopped: 0.0385616 seconds, Stopping threads took: 0.0071666 seconds
2016-06-26T19:47:23.847+0300: 273.084: [GC cleanup 3623M->3623M(5120M), 0.0029388 secs]
 [Times: user=0.00 sys=0.00, real=0.00 secs] 
2016-06-26T19:47:23.850+0300: 273.087: Total time for which application threads were stopped: 0.0034631 seconds, Stopping threads took: 0.0000718 seconds
2016-06-26T19:47:24.265+0300: 273.501: Total time for which application threads were stopped: 0.0175432 seconds, Stopping threads took: 0.0162898 seconds
2016-06-26T19:47:25.055+0300: 274.292: Total time for which application threads were stopped: 0.0013617 seconds, Stopping threads took: 0.0006966 seconds
2016-06-26T19:47:26.261+0300: 275.497: [GC pause (G1 Humongous Allocation) (young)
Desired survivor size 60293120 bytes, new threshold 15 (max 15)
- age   1:         40 bytes,         40 total
- age   2:      36272 bytes,      36312 total
- age   3:         16 bytes,      36328 total
- age   4:      23360 bytes,      59688 total
- age   5:       9048 bytes,      68736 total
- age   6:      37168 bytes,     105904 total
- age   8:      25920 bytes,     131824 total
- age  10:      38440 bytes,     170264 total
- age  12:      18576 bytes,     188840 total
- age  14:      10808 bytes,     199648 total
- age  15:       9032 bytes,     208680 total
, 0.0871965 secs]
   [Parallel Time: 78.5 ms, GC Workers: 4]
      [GC Worker Start (ms): Min: 275503.6, Avg: 275512.3, Max: 275535.9, Diff: 32.3]
      [Ext Root Scanning (ms): Min: 0.0, Avg: 0.4, Max: 0.8, Diff: 0.8, Sum: 1.5]
      [Update RS (ms): Min: 45.4, Avg: 68.7, Max: 77.5, Diff: 32.2, Sum: 274.9]
         [Processed Buffers: Min: 449, Avg: 533.5, Max: 639, Diff: 190, Sum: 2134]
      [Scan RS (ms): Min: 0.0, Avg: 0.0, Max: 0.0, Diff: 0.0, Sum: 0.0]
      [Code Root Scanning (ms): Min: 0.0, Avg: 0.0, Max: 0.0, Diff: 0.0, Sum: 0.0]
      [Object Copy (ms): Min: 0.1, Avg: 0.5, Max: 0.7, Diff: 0.6, Sum: 2.0]
      [Termination (ms): Min: 0.0, Avg: 0.1, Max: 0.1, Diff: 0.1, Sum: 0.3]
         [Termination Attempts: Min: 1, Avg: 1.0, Max: 1, Diff: 0, Sum: 4]
      [GC Worker Other (ms): Min: 0.0, Avg: 0.0, Max: 0.0, Diff: 0.0, Sum: 0.1]
      [GC Worker Total (ms): Min: 46.2, Avg: 69.7, Max: 78.4, Diff: 32.3, Sum: 278.8]
      [GC Worker End (ms): Min: 275582.0, Avg: 275582.0, Max: 275582.0, Diff: 0.0]
   [Code Root Fixup: 0.0 ms]
   [Code Root Purge: 0.0 ms]
   [Clear CT: 0.0 ms]
   [Other: 8.7 ms]
      [Choose CSet: 0.0 ms]
      [Ref Proc: 0.1 ms]
      [Ref Enq: 0.0 ms]
      [Redirty Cards: 0.0 ms]
      [Humongous Register: 0.8 ms]
      [Humongous Reclaim: 1.9 ms]
      [Free CSet: 0.0 ms]
   [Eden: 63.0M(916.0M)->0.0B(918.0M) Survivors: 1024.0K->1024.0K Heap: 4981.7M(5120.0M)->3600.4M(5120.0M)]
 [Times: user=0.22 sys=0.00, real=0.09 secs] 
2016-06-26T19:47:26.348+0300: 275.584: Total time for which application threads were stopped: 0.1050845 seconds, Stopping threads took: 0.0170035 seconds
2016-06-26T19:47:26.351+0300: 275.587: Total time for which application threads were stopped: 0.0009956 seconds, Stopping threads took: 0.0000517 seconds
2016-06-26T19:47:26.452+0300: 275.689: [GC pause (G1 Humongous Allocation) (young) (initial-mark)
Desired survivor size 60293120 bytes, new threshold 15 (max 15)
- age   1:      41272 bytes,      41272 total
- age   2:         16 bytes,      41288 total
- age   3:      30568 bytes,      71856 total
- age   4:         16 bytes,      71872 total
- age   5:      19208 bytes,      91080 total
- age   6:       9048 bytes,     100128 total
- age   7:      32640 bytes,     132768 total
- age   9:      22464 bytes,     155232 total
- age  11:      37000 bytes,     192232 total
- age  13:      18120 bytes,     210352 total
- age  15:      10784 bytes,     221136 total
, 0.0030436 secs]
   [Parallel Time: 1.3 ms, GC Workers: 4]
      [GC Worker Start (ms): Min: 275689.7, Avg: 275689.8, Max: 275689.8, Diff: 0.0]
      [Ext Root Scanning (ms): Min: 0.4, Avg: 0.4, Max: 0.4, Diff: 0.0, Sum: 1.5]
      [Update RS (ms): Min: 0.4, Avg: 0.4, Max: 0.5, Diff: 0.1, Sum: 1.6]
         [Processed Buffers: Min: 4, Avg: 4.5, Max: 5, Diff: 1, Sum: 18]
      [Scan RS (ms): Min: 0.0, Avg: 0.0, Max: 0.0, Diff: 0.0, Sum: 0.0]
      [Code Root Scanning (ms): Min: 0.0, Avg: 0.0, Max: 0.0, Diff: 0.0, Sum: 0.0]
      [Object Copy (ms): Min: 0.4, Avg: 0.4, Max: 0.5, Diff: 0.1, Sum: 1.8]
      [Termination (ms): Min: 0.0, Avg: 0.0, Max: 0.0, Diff: 0.0, Sum: 0.0]
         [Termination Attempts: Min: 1, Avg: 1.0, Max: 1, Diff: 0, Sum: 4]
      [GC Worker Other (ms): Min: 0.0, Avg: 0.0, Max: 0.0, Diff: 0.0, Sum: 0.0]
      [GC Worker Total (ms): Min: 1.2, Avg: 1.2, Max: 1.3, Diff: 0.0, Sum: 5.0]
      [GC Worker End (ms): Min: 275691.0, Avg: 275691.0, Max: 275691.0, Diff: 0.0]
   [Code Root Fixup: 0.0 ms]
   [Code Root Purge: 0.0 ms]
   [Clear CT: 0.0 ms]
   [Other: 1.7 ms]
      [Choose CSet: 0.0 ms]
      [Ref Proc: 0.0 ms]
      [Ref Enq: 0.0 ms]
      [Redirty Cards: 0.0 ms]
      [Humongous Register: 0.6 ms]
      [Humongous Reclaim: 0.4 ms]
      [Free CSet: 0.0 ms]
   [Eden: 2048.0K(918.0M)->0.0B(976.0M) Survivors: 1024.0K->1024.0K Heap: 3604.4M(5120.0M)->3543.7M(5120.0M)]
 [Times: user=0.00 sys=0.00, real=0.00 secs] 
2016-06-26T19:47:26.456+0300: 275.692: [GC concurrent-root-region-scan-start]
2016-06-26T19:47:26.456+0300: 275.692: Total time for which application threads were stopped: 0.0036466 seconds, Stopping threads took: 0.0000740 seconds
2016-06-26T19:47:26.457+0300: 275.694: [GC concurrent-root-region-scan-end, 0.0014532 secs]
2016-06-26T19:47:26.457+0300: 275.694: [GC concurrent-mark-start]
2016-06-26T19:47:26.477+0300: 275.713: [GC concurrent-mark-end, 0.0196366 secs]
2016-06-26T19:47:26.496+0300: 275.733: [GC remark 2016-06-26T19:47:26.496+0300: 275.733: [Finalize Marking, 0.0002848 secs] 2016-06-26T19:47:26.497+0300: 275.733: [GC ref-proc, 0.0001043 secs] 2016-06-26T19:47:26.497+0300: 275.733: [Unloading, 0.0016554 secs], 0.0215285 secs]
 [Times: user=0.13 sys=0.00, real=0.02 secs] 
2016-06-26T19:47:26.518+0300: 275.755: Total time for which application threads were stopped: 0.0305572 seconds, Stopping threads took: 0.0087669 seconds
2016-06-26T19:47:26.520+0300: 275.757: [GC cleanup 3562M->3562M(5120M), 0.0022409 secs]
 [Times: user=0.00 sys=0.00, real=0.00 secs] 
2016-06-26T19:47:26.523+0300: 275.759: Total time for which application threads were stopped: 0.0025967 seconds, Stopping threads took: 0.0000868 seconds
2016-06-26T19:47:27.279+0300: 276.515: Total time for which application threads were stopped: 0.0144825 seconds, Stopping threads took: 0.0133864 seconds
2016-06-26T19:47:27.286+0300: 276.523: Total time for which application threads were stopped: 0.0004811 seconds, Stopping threads took: 0.0000714 seconds
2016-06-26T19:47:27.713+0300: 276.950: [GC pause (G1 Humongous Allocation) (young) (initial-mark)
Desired survivor size 64487424 bytes, new threshold 15 (max 15)
- age   1:       5464 bytes,       5464 total
- age   2:      38152 bytes,      43616 total
- age   4:      30392 bytes,      74008 total
- age   5:         16 bytes,      74024 total
- age   6:      18952 bytes,      92976 total
- age   7:       9048 bytes,     102024 total
- age   8:      32584 bytes,     134608 total
- age  10:      22464 bytes,     157072 total
- age  12:      37000 bytes,     194072 total
- age  14:      18120 bytes,     212192 total
, 0.0558294 secs]
   [Parallel Time: 48.8 ms, GC Workers: 4]
      [GC Worker Start (ms): Min: 276955.3, Avg: 276955.3, Max: 276955.3, Diff: 0.0]
      [Ext Root Scanning (ms): Min: 0.4, Avg: 0.4, Max: 0.4, Diff: 0.0, Sum: 1.6]
      [Update RS (ms): Min: 47.8, Avg: 47.9, Max: 48.0, Diff: 0.1, Sum: 191.5]
         [Processed Buffers: Min: 454, Avg: 492.8, Max: 509, Diff: 55, Sum: 1971]
      [Scan RS (ms): Min: 0.0, Avg: 0.0, Max: 0.0, Diff: 0.0, Sum: 0.0]
      [Code Root Scanning (ms): Min: 0.0, Avg: 0.0, Max: 0.0, Diff: 0.0, Sum: 0.0]
      [Object Copy (ms): Min: 0.4, Avg: 0.4, Max: 0.5, Diff: 0.1, Sum: 1.7]
      [Termination (ms): Min: 0.0, Avg: 0.0, Max: 0.0, Diff: 0.0, Sum: 0.0]
         [Termination Attempts: Min: 1, Avg: 1.0, Max: 1, Diff: 0, Sum: 4]
      [GC Worker Other (ms): Min: 0.0, Avg: 0.0, Max: 0.0, Diff: 0.0, Sum: 0.1]
      [GC Worker Total (ms): Min: 48.7, Avg: 48.8, Max: 48.8, Diff: 0.0, Sum: 195.0]
      [GC Worker End (ms): Min: 277004.1, Avg: 277004.1, Max: 277004.1, Diff: 0.0]
   [Code Root Fixup: 0.0 ms]
   [Code Root Purge: 0.0 ms]
   [Clear CT: 0.0 ms]
   [Other: 7.0 ms]
      [Choose CSet: 0.0 ms]
      [Ref Proc: 0.0 ms]
      [Ref Enq: 0.0 ms]
      [Redirty Cards: 0.0 ms]
      [Humongous Register: 0.6 ms]
      [Humongous Reclaim: 1.2 ms]
      [Free CSet: 0.0 ms]
   [Eden: 60.0M(976.0M)->0.0B(908.0M) Survivors: 1024.0K->1024.0K Heap: 4343.0M(5120.0M)->3610.2M(5120.0M)]
 [Times: user=0.20 sys=0.00, real=0.06 secs] 
2016-06-26T19:47:27.769+0300: 277.006: [GC concurrent-root-region-scan-start]
2016-06-26T19:47:27.769+0300: 277.006: Total time for which application threads were stopped: 0.0700352 seconds, Stopping threads took: 0.0136011 seconds
2016-06-26T19:47:27.771+0300: 277.008: [GC concurrent-root-region-scan-end, 0.0016520 secs]
2016-06-26T19:47:27.771+0300: 277.008: [GC concurrent-mark-start]
2016-06-26T19:47:27.794+0300: 277.031: [GC concurrent-mark-end, 0.0208776 secs]
2016-06-26T19:47:27.819+0300: 277.055: [GC remark 2016-06-26T19:47:27.819+0300: 277.056: [Finalize Marking, 0.0003939 secs] 2016-06-26T19:47:27.819+0300: 277.056: [GC ref-proc, 0.0001638 secs] 2016-06-26T19:47:27.820+0300: 277.056: [Unloading, 0.0017008 secs], 0.0221405 secs]
 [Times: user=0.06 sys=0.00, real=0.02 secs] 
2016-06-26T19:47:27.841+0300: 277.078: Total time for which application threads were stopped: 0.0351686 seconds, Stopping threads took: 0.0127026 seconds
2016-06-26T19:47:27.844+0300: 277.080: [GC cleanup 3635M->3635M(5120M), 0.0022559 secs]
 [Times: user=0.00 sys=0.00, real=0.00 secs] 
2016-06-26T19:47:27.846+0300: 277.083: Total time for which application threads were stopped: 0.0028178 seconds, Stopping threads took: 0.0002348 seconds
2016-06-26T19:47:28.277+0300: 277.513: Total time for which application threads were stopped: 0.0114072 seconds, Stopping threads took: 0.0105866 seconds
2016-06-26T19:47:29.292+0300: 278.529: Total time for which application threads were stopped: 0.0160199 seconds, Stopping threads took: 0.0157112 seconds
2016-06-26T19:47:30.234+0300: 279.471: [GC pause (G1 Humongous Allocation) (young)
Desired survivor size 59768832 bytes, new threshold 15 (max 15)
- age   1:      17424 bytes,      17424 total
- age   2:       5424 bytes,      22848 total
- age   3:      35608 bytes,      58456 total
- age   5:      27392 bytes,      85848 total
- age   7:      17376 bytes,     103224 total
- age   8:       9048 bytes,     112272 total
- age   9:      30720 bytes,     142992 total
- age  11:      21648 bytes,     164640 total
- age  13:      36760 bytes,     201400 total
- age  15:      18120 bytes,     219520 total
, 0.0577201 secs]
   [Parallel Time: 49.7 ms, GC Workers: 4]
      [GC Worker Start (ms): Min: 279476.3, Avg: 279476.3, Max: 279476.3, Diff: 0.0]
      [Ext Root Scanning (ms): Min: 0.4, Avg: 0.4, Max: 0.4, Diff: 0.0, Sum: 1.5]
      [Update RS (ms): Min: 48.8, Avg: 48.9, Max: 48.9, Diff: 0.1, Sum: 195.4]
         [Processed Buffers: Min: 490, Avg: 500.8, Max: 513, Diff: 23, Sum: 2003]
      [Scan RS (ms): Min: 0.0, Avg: 0.0, Max: 0.0, Diff: 0.0, Sum: 0.0]
      [Code Root Scanning (ms): Min: 0.0, Avg: 0.0, Max: 0.0, Diff: 0.0, Sum: 0.0]
      [Object Copy (ms): Min: 0.4, Avg: 0.4, Max: 0.5, Diff: 0.0, Sum: 1.8]
      [Termination (ms): Min: 0.0, Avg: 0.0, Max: 0.0, Diff: 0.0, Sum: 0.0]
         [Termination Attempts: Min: 1, Avg: 1.0, Max: 1, Diff: 0, Sum: 4]
      [GC Worker Other (ms): Min: 0.0, Avg: 0.0, Max: 0.0, Diff: 0.0, Sum: 0.1]
      [GC Worker Total (ms): Min: 49.7, Avg: 49.7, Max: 49.7, Diff: 0.0, Sum: 198.8]
      [GC Worker End (ms): Min: 279526.0, Avg: 279526.0, Max: 279526.0, Diff: 0.0]
   [Code Root Fixup: 0.0 ms]
   [Code Root Purge: 0.0 ms]
   [Clear CT: 0.0 ms]
   [Other: 7.9 ms]
      [Choose CSet: 0.0 ms]
      [Ref Proc: 0.0 ms]
      [Ref Enq: 0.0 ms]
      [Redirty Cards: 0.0 ms]
      [Humongous Register: 0.8 ms]
      [Humongous Reclaim: 2.1 ms]
      [Free CSet: 0.1 ms]
   [Eden: 62.0M(908.0M)->0.0B(1128.0M) Survivors: 1024.0K->1024.0K Heap: 4980.3M(5120.0M)->3395.3M(5120.0M)]
 [Times: user=0.19 sys=0.00, real=0.06 secs] 
2016-06-26T19:47:30.292+0300: 279.529: Total time for which application threads were stopped: 0.0710090 seconds, Stopping threads took: 0.0123430 seconds
2016-06-26T19:47:30.299+0300: 279.536: [GC pause (G1 Humongous Allocation) (young) (initial-mark)
Desired survivor size 74448896 bytes, new threshold 15 (max 15)
- age   1:      46696 bytes,      46696 total
- age   2:      11240 bytes,      57936 total
- age   3:       3632 bytes,      61568 total
- age   4:      31736 bytes,      93304 total
- age   6:      23384 bytes,     116688 total
- age   8:      13800 bytes,     130488 total
- age   9:       9032 bytes,     139520 total
- age  10:      27440 bytes,     166960 total
- age  12:      20168 bytes,     187128 total
- age  14:      36672 bytes,     223800 total
, 0.0042077 secs]
   [Parallel Time: 2.2 ms, GC Workers: 4]
      [GC Worker Start (ms): Min: 279536.9, Avg: 279536.9, Max: 279536.9, Diff: 0.0]
      [Ext Root Scanning (ms): Min: 0.4, Avg: 0.4, Max: 0.5, Diff: 0.0, Sum: 1.8]
      [Update RS (ms): Min: 1.1, Avg: 1.2, Max: 1.2, Diff: 0.1, Sum: 4.7]
         [Processed Buffers: Min: 11, Avg: 11.8, Max: 12, Diff: 1, Sum: 47]
      [Scan RS (ms): Min: 0.0, Avg: 0.0, Max: 0.0, Diff: 0.0, Sum: 0.0]
      [Code Root Scanning (ms): Min: 0.0, Avg: 0.0, Max: 0.0, Diff: 0.0, Sum: 0.0]
      [Object Copy (ms): Min: 0.4, Avg: 0.4, Max: 0.5, Diff: 0.1, Sum: 1.7]
      [Termination (ms): Min: 0.0, Avg: 0.0, Max: 0.0, Diff: 0.0, Sum: 0.0]
         [Termination Attempts: Min: 1, Avg: 1.0, Max: 1, Diff: 0, Sum: 4]
      [GC Worker Other (ms): Min: 0.0, Avg: 0.0, Max: 0.0, Diff: 0.0, Sum: 0.0]
      [GC Worker Total (ms): Min: 2.0, Avg: 2.0, Max: 2.1, Diff: 0.0, Sum: 8.2]
      [GC Worker End (ms): Min: 279538.9, Avg: 279538.9, Max: 279538.9, Diff: 0.0]
   [Code Root Fixup: 0.0 ms]
   [Code Root Purge: 0.0 ms]
   [Clear CT: 0.0 ms]
   [Other: 2.0 ms]
      [Choose CSet: 0.0 ms]
      [Ref Proc: 0.0 ms]
      [Ref Enq: 0.0 ms]
      [Redirty Cards: 0.0 ms]
      [Humongous Register: 0.6 ms]
      [Humongous Reclaim: 0.5 ms]
      [Free CSet: 0.0 ms]
   [Eden: 1024.0K(1128.0M)->0.0B(1152.0M) Survivors: 1024.0K->1024.0K Heap: 3402.2M(5120.0M)->3371.9M(5120.0M)]
 [Times: user=0.00 sys=0.00, real=0.00 secs] 
2016-06-26T19:47:30.303+0300: 279.540: [GC concurrent-root-region-scan-start]
2016-06-26T19:47:30.303+0300: 279.540: Total time for which application threads were stopped: 0.0048492 seconds, Stopping threads took: 0.0000770 seconds
2016-06-26T19:47:30.305+0300: 279.542: [GC concurrent-root-region-scan-end, 0.0013963 secs]
2016-06-26T19:47:30.305+0300: 279.542: [GC concurrent-mark-start]
2016-06-26T19:47:30.325+0300: 279.562: [GC concurrent-mark-end, 0.0200809 secs]
2016-06-26T19:47:31.233+0300: 280.470: Total time for which application threads were stopped: 0.0127441 seconds, Stopping threads took: 0.0117032 seconds
2016-06-26T19:47:31.296+0300: 280.532: Total time for which application threads were stopped: 0.0218861 seconds, Stopping threads took: 0.0210564 seconds
2016-06-26T19:47:31.296+0300: 280.533: Total time for which application threads were stopped: 0.0008048 seconds, Stopping threads took: 0.0000445 seconds
2016-06-26T19:47:31.298+0300: 280.534: Total time for which application threads were stopped: 0.0008232 seconds, Stopping threads took: 0.0000496 seconds
2016-06-26T19:47:32.294+0300: 281.530: Total time for which application threads were stopped: 0.0189737 seconds, Stopping threads took: 0.0178306 seconds
2016-06-26T19:47:33.247+0300: 282.484: [GC pause (G1 Humongous Allocation) (young)
Desired survivor size 76021760 bytes, new threshold 15 (max 15)
- age   1:        192 bytes,        192 total
- age   2:      46648 bytes,      46840 total
- age   3:      11240 bytes,      58080 total
- age   4:       3632 bytes,      61712 total
- age   5:      31680 bytes,      93392 total
- age   7:      23296 bytes,     116688 total
- age   9:      13640 bytes,     130328 total
- age  10:       9032 bytes,     139360 total
- age  11:      27344 bytes,     166704 total
- age  13:      20112 bytes,     186816 total
- age  15:      36672 bytes,     223488 total
, 0.0526323 secs]
   [Parallel Time: 45.1 ms, GC Workers: 4]
      [GC Worker Start (ms): Min: 282489.1, Avg: 282489.1, Max: 282489.1, Diff: 0.0]
      [Ext Root Scanning (ms): Min: 0.4, Avg: 0.4, Max: 0.4, Diff: 0.0, Sum: 1.5]
      [Update RS (ms): Min: 44.2, Avg: 44.2, Max: 44.2, Diff: 0.1, Sum: 176.8]
         [Processed Buffers: Min: 442, Avg: 453.8, Max: 461, Diff: 19, Sum: 1815]
      [Scan RS (ms): Min: 0.0, Avg: 0.0, Max: 0.0, Diff: 0.0, Sum: 0.0]
      [Code Root Scanning (ms): Min: 0.0, Avg: 0.0, Max: 0.0, Diff: 0.0, Sum: 0.0]
      [Object Copy (ms): Min: 0.4, Avg: 0.4, Max: 0.5, Diff: 0.0, Sum: 1.8]
      [Termination (ms): Min: 0.0, Avg: 0.0, Max: 0.0, Diff: 0.0, Sum: 0.0]
         [Termination Attempts: Min: 1, Avg: 1.0, Max: 1, Diff: 0, Sum: 4]
      [GC Worker Other (ms): Min: 0.0, Avg: 0.0, Max: 0.0, Diff: 0.0, Sum: 0.1]
      [GC Worker Total (ms): Min: 45.0, Avg: 45.0, Max: 45.1, Diff: 0.0, Sum: 180.2]
      [GC Worker End (ms): Min: 282534.1, Avg: 282534.1, Max: 282534.1, Diff: 0.0]
   [Code Root Fixup: 0.0 ms]
   [Code Root Purge: 0.0 ms]
   [Clear CT: 0.0 ms]
   [Other: 7.5 ms]
      [Choose CSet: 0.0 ms]
      [Ref Proc: 0.0 ms]
      [Ref Enq: 0.0 ms]
      [Redirty Cards: 0.0 ms]
      [Humongous Register: 0.8 ms]
      [Humongous Reclaim: 2.0 ms]
      [Free CSet: 0.0 ms]
   [Eden: 57.0M(1152.0M)->0.0B(1003.0M) Survivors: 1024.0K->1024.0K Heap: 4981.7M(5120.0M)->3518.4M(5120.0M)]
 [Times: user=0.20 sys=0.00, real=0.05 secs] 
2016-06-26T19:47:33.300+0300: 282.537: Total time for which application threads were stopped: 0.0730066 seconds, Stopping threads took: 0.0194852 seconds
2016-06-26T19:47:33.303+0300: 282.540: Total time for which application threads were stopped: 0.0010259 seconds, Stopping threads took: 0.0000603 seconds
2016-06-26T19:47:34.295+0300: 283.532: Total time for which application threads were stopped: 0.0082559 seconds, Stopping threads took: 0.0072038 seconds
2016-06-26T19:47:34.700+0300: 283.936: [GC remark 2016-06-26T19:47:34.700+0300: 283.936: [Finalize Marking, 0.0050929 secs] 2016-06-26T19:47:34.705+0300: 283.941: [GC ref-proc, 0.0001069 secs] 2016-06-26T19:47:34.705+0300: 283.941: [Unloading, 0.0019535 secs], 0.0193663 secs]
 [Times: user=0.08 sys=0.00, real=0.02 secs] 
2016-06-26T19:47:34.719+0300: 283.956: Total time for which application threads were stopped: 0.0301137 seconds, Stopping threads took: 0.0103009 seconds
2016-06-26T19:47:34.817+0300: 284.054: [GC cleanup 4579M->4579M(5120M), 0.0021614 secs]
 [Times: user=0.00 sys=0.00, real=0.00 secs] 
2016-06-26T19:47:34.819+0300: 284.056: Total time for which application threads were stopped: 0.0027956 seconds, Stopping threads took: 0.0002006 seconds
2016-06-26T19:47:35.306+0300: 284.542: Total time for which application threads were stopped: 0.0180697 seconds, Stopping threads took: 0.0171275 seconds
2016-06-26T19:47:35.828+0300: 285.065: [GC pause (G1 Humongous Allocation) (young)
Desired survivor size 66060288 bytes, new threshold 15 (max 15)
- age   1:      44880 bytes,      44880 total
- age   2:         72 bytes,      44952 total
- age   3:      39440 bytes,      84392 total
- age   4:       8448 bytes,      92840 total
- age   5:       3632 bytes,      96472 total
- age   6:      27392 bytes,     123864 total
- age   8:      20544 bytes,     144408 total
- age  10:      11704 bytes,     156112 total
- age  11:       9032 bytes,     165144 total
- age  12:      26360 bytes,     191504 total
- age  14:      19968 bytes,     211472 total
, 0.0512736 secs]
   [Parallel Time: 43.6 ms, GC Workers: 4]
      [GC Worker Start (ms): Min: 285069.9, Avg: 285069.9, Max: 285069.9, Diff: 0.0]
      [Ext Root Scanning (ms): Min: 0.4, Avg: 0.4, Max: 0.4, Diff: 0.0, Sum: 1.4]
      [Update RS (ms): Min: 42.7, Avg: 42.7, Max: 42.8, Diff: 0.1, Sum: 170.9]
         [Processed Buffers: Min: 411, Avg: 429.8, Max: 441, Diff: 30, Sum: 1719]
      [Scan RS (ms): Min: 0.0, Avg: 0.0, Max: 0.0, Diff: 0.0, Sum: 0.1]
      [Code Root Scanning (ms): Min: 0.0, Avg: 0.0, Max: 0.0, Diff: 0.0, Sum: 0.0]
      [Object Copy (ms): Min: 0.4, Avg: 0.4, Max: 0.5, Diff: 0.1, Sum: 1.7]
      [Termination (ms): Min: 0.0, Avg: 0.0, Max: 0.0, Diff: 0.0, Sum: 0.0]
         [Termination Attempts: Min: 1, Avg: 1.0, Max: 1, Diff: 0, Sum: 4]
      [GC Worker Other (ms): Min: 0.0, Avg: 0.0, Max: 0.0, Diff: 0.0, Sum: 0.1]
      [GC Worker Total (ms): Min: 43.5, Avg: 43.5, Max: 43.5, Diff: 0.0, Sum: 174.1]
      [GC Worker End (ms): Min: 285113.4, Avg: 285113.5, Max: 285113.5, Diff: 0.0]
   [Code Root Fixup: 0.0 ms]
   [Code Root Purge: 0.0 ms]
   [Clear CT: 0.0 ms]
   [Other: 7.7 ms]
      [Choose CSet: 0.0 ms]
      [Ref Proc: 0.0 ms]
      [Ref Enq: 0.0 ms]
      [Redirty Cards: 0.0 ms]
      [Humongous Register: 0.8 ms]
      [Humongous Reclaim: 2.2 ms]
      [Free CSet: 0.0 ms]
   [Eden: 63.0M(1003.0M)->0.0B(1154.0M) Survivors: 1024.0K->1024.0K Heap: 4981.7M(5120.0M)->3366.1M(5120.0M)]
 [Times: user=0.19 sys=0.00, real=0.05 secs] 
2016-06-26T19:47:35.879+0300: 285.116: Total time for which application threads were stopped: 0.0619149 seconds, Stopping threads took: 0.0097591 seconds
2016-06-26T19:47:35.887+0300: 285.124: [GC pause (G1 Humongous Allocation) (young) (initial-mark)
Desired survivor size 76021760 bytes, new threshold 15 (max 15)
- age   1:      36864 bytes,      36864 total
- age   2:      36360 bytes,      73224 total
- age   4:      33464 bytes,     106688 total
- age   5:       4920 bytes,     111608 total
- age   6:       3632 bytes,     115240 total
- age   7:      24736 bytes,     139976 total
- age   9:      18736 bytes,     158712 total
- age  11:      11304 bytes,     170016 total
- age  12:       9032 bytes,     179048 total
- age  13:      26192 bytes,     205240 total
- age  15:      19944 bytes,     225184 total
, 0.0036706 secs]
   [Parallel Time: 1.7 ms, GC Workers: 4]
      [GC Worker Start (ms): Min: 285124.8, Avg: 285124.8, Max: 285124.9, Diff: 0.0]
      [Ext Root Scanning (ms): Min: 0.4, Avg: 0.4, Max: 0.4, Diff: 0.0, Sum: 1.7]
      [Update RS (ms): Min: 0.7, Avg: 0.8, Max: 0.8, Diff: 0.1, Sum: 3.2]
         [Processed Buffers: Min: 8, Avg: 8.3, Max: 9, Diff: 1, Sum: 33]
      [Scan RS (ms): Min: 0.0, Avg: 0.0, Max: 0.0, Diff: 0.0, Sum: 0.0]
      [Code Root Scanning (ms): Min: 0.0, Avg: 0.0, Max: 0.0, Diff: 0.0, Sum: 0.0]
      [Object Copy (ms): Min: 0.4, Avg: 0.5, Max: 0.5, Diff: 0.1, Sum: 1.8]
      [Termination (ms): Min: 0.0, Avg: 0.0, Max: 0.0, Diff: 0.0, Sum: 0.0]
         [Termination Attempts: Min: 1, Avg: 1.0, Max: 1, Diff: 0, Sum: 4]
      [GC Worker Other (ms): Min: 0.0, Avg: 0.0, Max: 0.0, Diff: 0.0, Sum: 0.0]
      [GC Worker Total (ms): Min: 1.7, Avg: 1.7, Max: 1.7, Diff: 0.0, Sum: 6.7]
      [GC Worker End (ms): Min: 285126.5, Avg: 285126.5, Max: 285126.5, Diff: 0.0]
   [Code Root Fixup: 0.0 ms]
   [Code Root Purge: 0.0 ms]
   [Clear CT: 0.0 ms]
   [Other: 1.9 ms]
      [Choose CSet: 0.0 ms]
      [Ref Proc: 0.1 ms]
      [Ref Enq: 0.0 ms]
      [Redirty Cards: 0.0 ms]
      [Humongous Register: 0.7 ms]
      [Humongous Reclaim: 0.3 ms]
      [Free CSet: 0.0 ms]
   [Eden: 1024.0K(1154.0M)->0.0B(1148.0M) Survivors: 1024.0K->1024.0K Heap: 3371.0M(5120.0M)->3369.9M(5120.0M)]
 [Times: user=0.06 sys=0.00, real=0.00 secs] 
2016-06-26T19:47:35.891+0300: 285.128: [GC concurrent-root-region-scan-start]
2016-06-26T19:47:35.891+0300: 285.128: Total time for which application threads were stopped: 0.0044365 seconds, Stopping threads took: 0.0002220 seconds
2016-06-26T19:47:35.892+0300: 285.129: [GC concurrent-root-region-scan-end, 0.0015019 secs]
2016-06-26T19:47:35.892+0300: 285.129: [GC concurrent-mark-start]
2016-06-26T19:47:35.912+0300: 285.149: [GC concurrent-mark-end, 0.0195528 secs]
2016-06-26T19:47:36.305+0300: 285.542: Total time for which application threads were stopped: 0.0171489 seconds, Stopping threads took: 0.0163467 seconds
2016-06-26T19:47:37.309+0300: 286.546: Total time for which application threads were stopped: 0.0212253 seconds, Stopping threads took: 0.0202144 seconds
2016-06-26T19:47:38.629+0300: 287.866: [GC remark 2016-06-26T19:47:38.629+0300: 287.866: [Finalize Marking, 0.0051263 secs] 2016-06-26T19:47:38.634+0300: 287.871: [GC ref-proc, 0.0001561 secs] 2016-06-26T19:47:38.634+0300: 287.871: [Unloading, 0.0017803 secs], 0.0257987 secs]
 [Times: user=0.09 sys=0.00, real=0.03 secs] 
2016-06-26T19:47:38.655+0300: 287.892: Total time for which application threads were stopped: 0.0393078 seconds, Stopping threads took: 0.0130969 seconds
2016-06-26T19:47:38.714+0300: 287.950: [GC cleanup 4980M->4980M(5120M), 0.0027618 secs]
 [Times: user=0.00 sys=0.00, real=0.00 secs] 
2016-06-26T19:47:38.716+0300: 287.953: Total time for which application threads were stopped: 0.0034033 seconds, Stopping threads took: 0.0001728 seconds
2016-06-26T19:47:38.810+0300: 288.046: [GC pause (G1 Humongous Allocation) (young)
Desired survivor size 75497472 bytes, new threshold 15 (max 15)
- age   1:       9128 bytes,       9128 total
- age   2:      36840 bytes,      45968 total
- age   3:      36360 bytes,      82328 total
- age   5:      33464 bytes,     115792 total
- age   6:       4920 bytes,     120712 total
- age   7:       3632 bytes,     124344 total
- age   8:      24736 bytes,     149080 total
- age  10:      18736 bytes,     167816 total
- age  12:      11304 bytes,     179120 total
- age  13:       9032 bytes,     188152 total
- age  14:      26192 bytes,     214344 total
, 0.0057246 secs]
   [Parallel Time: 2.4 ms, GC Workers: 4]
      [GC Worker Start (ms): Min: 288047.3, Avg: 288047.3, Max: 288047.3, Diff: 0.0]
      [Ext Root Scanning (ms): Min: 0.3, Avg: 0.3, Max: 0.3, Diff: 0.0, Sum: 1.3]
      [Update RS (ms): Min: 1.5, Avg: 1.5, Max: 1.6, Diff: 0.1, Sum: 6.0]
         [Processed Buffers: Min: 36, Avg: 40.0, Max: 44, Diff: 8, Sum: 160]
      [Scan RS (ms): Min: 0.0, Avg: 0.0, Max: 0.0, Diff: 0.0, Sum: 0.0]
      [Code Root Scanning (ms): Min: 0.0, Avg: 0.0, Max: 0.0, Diff: 0.0, Sum: 0.0]
      [Object Copy (ms): Min: 0.4, Avg: 0.4, Max: 0.5, Diff: 0.1, Sum: 1.8]
      [Termination (ms): Min: 0.0, Avg: 0.0, Max: 0.0, Diff: 0.0, Sum: 0.0]
         [Termination Attempts: Min: 1, Avg: 1.0, Max: 1, Diff: 0, Sum: 4]
      [GC Worker Other (ms): Min: 0.0, Avg: 0.0, Max: 0.0, Diff: 0.0, Sum: 0.1]
      [GC Worker Total (ms): Min: 2.3, Avg: 2.3, Max: 2.3, Diff: 0.0, Sum: 9.2]
      [GC Worker End (ms): Min: 288049.6, Avg: 288049.6, Max: 288049.6, Diff: 0.0]
   [Code Root Fixup: 0.0 ms]
   [Code Root Purge: 0.0 ms]
   [Clear CT: 0.0 ms]
   [Other: 3.3 ms]
      [Choose CSet: 0.0 ms]
      [Ref Proc: 0.1 ms]
      [Ref Enq: 0.0 ms]
      [Redirty Cards: 0.0 ms]
      [Humongous Register: 0.7 ms]
      [Humongous Reclaim: 2.1 ms]
      [Free CSet: 0.0 ms]
   [Eden: 66.0M(1148.0M)->0.0B(1038.0M) Survivors: 1024.0K->1024.0K Heap: 4980.9M(5120.0M)->3479.5M(5120.0M)]
 [Times: user=0.06 sys=0.00, real=0.01 secs] 
2016-06-26T19:47:38.816+0300: 288.052: Total time for which application threads were stopped: 0.0064520 seconds, Stopping threads took: 0.0000817 seconds
2016-06-26T19:47:38.824+0300: 288.060: [GC pause (G1 Humongous Allocation) (young) (initial-mark)
Desired survivor size 68157440 bytes, new threshold 15 (max 15)
- age   1:      35592 bytes,      35592 total
- age   2:       9104 bytes,      44696 total
- age   3:      28632 bytes,      73328 total
- age   4:      31224 bytes,     104552 total
- age   6:      30488 bytes,     135040 total
- age   7:       3176 bytes,     138216 total
- age   8:       3632 bytes,     141848 total
- age   9:      22944 bytes,     164792 total
- age  11:      18312 bytes,     183104 total
- age  13:      10824 bytes,     193928 total
- age  14:       9032 bytes,     202960 total
- age  15:      26024 bytes,     228984 total
, 0.0037963 secs]
   [Parallel Time: 2.0 ms, GC Workers: 4]
      [GC Worker Start (ms): Min: 288061.6, Avg: 288061.6, Max: 288061.6, Diff: 0.0]
      [Ext Root Scanning (ms): Min: 0.4, Avg: 0.4, Max: 0.4, Diff: 0.0, Sum: 1.5]
      [Update RS (ms): Min: 1.1, Avg: 1.2, Max: 1.2, Diff: 0.1, Sum: 4.7]
         [Processed Buffers: Min: 11, Avg: 12.3, Max: 13, Diff: 2, Sum: 49]
      [Scan RS (ms): Min: 0.0, Avg: 0.0, Max: 0.0, Diff: 0.0, Sum: 0.0]
      [Code Root Scanning (ms): Min: 0.0, Avg: 0.0, Max: 0.0, Diff: 0.0, Sum: 0.0]
      [Object Copy (ms): Min: 0.4, Avg: 0.4, Max: 0.5, Diff: 0.1, Sum: 1.8]
      [Termination (ms): Min: 0.0, Avg: 0.0, Max: 0.0, Diff: 0.0, Sum: 0.0]
         [Termination Attempts: Min: 1, Avg: 1.5, Max: 2, Diff: 1, Sum: 6]
      [GC Worker Other (ms): Min: 0.0, Avg: 0.0, Max: 0.0, Diff: 0.0, Sum: 0.0]
      [GC Worker Total (ms): Min: 2.0, Avg: 2.0, Max: 2.0, Diff: 0.0, Sum: 8.0]
      [GC Worker End (ms): Min: 288063.6, Avg: 288063.6, Max: 288063.6, Diff: 0.0]
   [Code Root Fixup: 0.0 ms]
   [Code Root Purge: 0.0 ms]
   [Clear CT: 0.0 ms]
   [Other: 1.7 ms]
      [Choose CSet: 0.0 ms]
      [Ref Proc: 0.1 ms]
      [Ref Enq: 0.0 ms]
      [Redirty Cards: 0.0 ms]
      [Humongous Register: 0.6 ms]
      [Humongous Reclaim: 0.2 ms]
      [Free CSet: 0.0 ms]
   [Eden: 1024.0K(1038.0M)->0.0B(1033.0M) Survivors: 1024.0K->1024.0K Heap: 3485.9M(5120.0M)->3485.2M(5120.0M)]
 [Times: user=0.06 sys=0.00, real=0.00 secs] 
2016-06-26T19:47:38.828+0300: 288.064: [GC concurrent-root-region-scan-start]
2016-06-26T19:47:38.828+0300: 288.065: Total time for which application threads were stopped: 0.0043167 seconds, Stopping threads took: 0.0000774 seconds
2016-06-26T19:47:38.830+0300: 288.066: [GC concurrent-root-region-scan-end, 0.0015725 secs]
2016-06-26T19:47:38.830+0300: 288.066: [GC concurrent-mark-start]
2016-06-26T19:47:38.851+0300: 288.088: [GC concurrent-mark-end, 0.0216025 secs]
2016-06-26T19:47:38.893+0300: 288.129: [GC remark 2016-06-26T19:47:38.893+0300: 288.129: [Finalize Marking, 0.0005346 secs] 2016-06-26T19:47:38.893+0300: 288.130: [GC ref-proc, 0.0001073 secs] 2016-06-26T19:47:38.893+0300: 288.130: [Unloading, 0.0017628 secs], 0.0220503 secs]
 [Times: user=0.06 sys=0.00, real=0.02 secs] 
2016-06-26T19:47:38.915+0300: 288.151: Total time for which application threads were stopped: 0.0453895 seconds, Stopping threads took: 0.0230741 seconds
2016-06-26T19:47:38.918+0300: 288.154: [GC cleanup 3516M->3516M(5120M), 0.0026224 secs]
 [Times: user=0.06 sys=0.00, real=0.00 secs] 
2016-06-26T19:47:38.921+0300: 288.157: Total time for which application threads were stopped: 0.0030676 seconds, Stopping threads took: 0.0001736 seconds
2016-06-26T19:47:39.301+0300: 288.538: Total time for which application threads were stopped: 0.0123335 seconds, Stopping threads took: 0.0112229 seconds
2016-06-26T19:47:39.337+0300: 288.573: Total time for which application threads were stopped: 0.0275285 seconds, Stopping threads took: 0.0271736 seconds
2016-06-26T19:47:40.324+0300: 289.560: Total time for which application threads were stopped: 0.0350753 seconds, Stopping threads took: 0.0341161 seconds
2016-06-26T19:47:41.294+0300: 290.531: [GC pause (G1 Humongous Allocation) (young)
Desired survivor size 68157440 bytes, new threshold 15 (max 15)
- age   1:         40 bytes,         40 total
- age   2:      35568 bytes,      35608 total
- age   3:       9104 bytes,      44712 total
- age   4:      28632 bytes,      73344 total
- age   5:      31224 bytes,     104568 total
- age   7:      30488 bytes,     135056 total
- age   8:       3176 bytes,     138232 total
- age   9:       3632 bytes,     141864 total
- age  10:      22944 bytes,     164808 total
- age  12:      18312 bytes,     183120 total
- age  14:      10824 bytes,     193944 total
- age  15:       9032 bytes,     202976 total
, 0.0492170 secs]
   [Parallel Time: 42.0 ms, GC Workers: 4]
      [GC Worker Start (ms): Min: 290535.5, Avg: 290535.5, Max: 290535.5, Diff: 0.0]
      [Ext Root Scanning (ms): Min: 0.4, Avg: 0.4, Max: 0.4, Diff: 0.0, Sum: 1.6]
      [Update RS (ms): Min: 41.1, Avg: 41.1, Max: 41.1, Diff: 0.0, Sum: 164.3]
         [Processed Buffers: Min: 426, Avg: 434.0, Max: 440, Diff: 14, Sum: 1736]
      [Scan RS (ms): Min: 0.0, Avg: 0.0, Max: 0.0, Diff: 0.0, Sum: 0.0]
      [Code Root Scanning (ms): Min: 0.0, Avg: 0.0, Max: 0.0, Diff: 0.0, Sum: 0.0]
      [Object Copy (ms): Min: 0.4, Avg: 0.4, Max: 0.5, Diff: 0.0, Sum: 1.8]
      [Termination (ms): Min: 0.0, Avg: 0.0, Max: 0.0, Diff: 0.0, Sum: 0.0]
         [Termination Attempts: Min: 1, Avg: 1.0, Max: 1, Diff: 0, Sum: 4]
      [GC Worker Other (ms): Min: 0.0, Avg: 0.0, Max: 0.0, Diff: 0.0, Sum: 0.1]
      [GC Worker Total (ms): Min: 42.0, Avg: 42.0, Max: 42.0, Diff: 0.0, Sum: 167.8]
      [GC Worker End (ms): Min: 290577.5, Avg: 290577.5, Max: 290577.5, Diff: 0.0]
   [Code Root Fixup: 0.0 ms]
   [Code Root Purge: 0.0 ms]
   [Clear CT: 0.0 ms]
   [Other: 7.2 ms]
      [Choose CSet: 0.0 ms]
      [Ref Proc: 0.1 ms]
      [Ref Enq: 0.0 ms]
      [Redirty Cards: 0.0 ms]
      [Humongous Register: 0.8 ms]
      [Humongous Reclaim: 2.1 ms]
      [Free CSet: 0.1 ms]
   [Eden: 54.0M(1033.0M)->0.0B(968.0M) Survivors: 1024.0K->1024.0K Heap: 4980.2M(5120.0M)->3549.7M(5120.0M)]
 [Times: user=0.16 sys=0.00, real=0.05 secs] 
2016-06-26T19:47:41.343+0300: 290.580: Total time for which application threads were stopped: 0.0693924 seconds, Stopping threads took: 0.0193047 seconds
2016-06-26T19:47:41.350+0300: 290.587: [GC pause (G1 Humongous Allocation) (young) (initial-mark)
Desired survivor size 63963136 bytes, new threshold 15 (max 15)
- age   1:      40976 bytes,      40976 total
- age   2:         16 bytes,      40992 total
- age   3:      28584 bytes,      69576 total
- age   4:       9104 bytes,      78680 total
- age   5:      23448 bytes,     102128 total
- age   6:      27752 bytes,     129880 total
- age   8:      28104 bytes,     157984 total
- age   9:       2048 bytes,     160032 total
- age  10:       3632 bytes,     163664 total
- age  11:      22024 bytes,     185688 total
- age  13:      18064 bytes,     203752 total
- age  15:      10784 bytes,     214536 total
, 0.0036440 secs]
   [Parallel Time: 1.8 ms, GC Workers: 4]
      [GC Worker Start (ms): Min: 290588.1, Avg: 290588.2, Max: 290588.2, Diff: 0.0]
      [Ext Root Scanning (ms): Min: 0.5, Avg: 0.5, Max: 0.5, Diff: 0.0, Sum: 1.9]
      [Update RS (ms): Min: 0.8, Avg: 0.8, Max: 0.8, Diff: 0.0, Sum: 3.2]
         [Processed Buffers: Min: 8, Avg: 8.5, Max: 9, Diff: 1, Sum: 34]
      [Scan RS (ms): Min: 0.0, Avg: 0.0, Max: 0.0, Diff: 0.0, Sum: 0.0]
      [Code Root Scanning (ms): Min: 0.0, Avg: 0.0, Max: 0.0, Diff: 0.0, Sum: 0.0]
      [Object Copy (ms): Min: 0.4, Avg: 0.4, Max: 0.5, Diff: 0.1, Sum: 1.8]
      [Termination (ms): Min: 0.0, Avg: 0.0, Max: 0.0, Diff: 0.0, Sum: 0.0]
         [Termination Attempts: Min: 1, Avg: 1.0, Max: 1, Diff: 0, Sum: 4]
      [GC Worker Other (ms): Min: 0.0, Avg: 0.0, Max: 0.0, Diff: 0.0, Sum: 0.0]
      [GC Worker Total (ms): Min: 1.7, Avg: 1.7, Max: 1.7, Diff: 0.0, Sum: 6.9]
      [GC Worker End (ms): Min: 290589.9, Avg: 290589.9, Max: 290589.9, Diff: 0.0]
   [Code Root Fixup: 0.0 ms]
   [Code Root Purge: 0.0 ms]
   [Clear CT: 0.1 ms]
   [Other: 1.8 ms]
      [Choose CSet: 0.0 ms]
      [Ref Proc: 0.1 ms]
      [Ref Enq: 0.0 ms]
      [Redirty Cards: 0.0 ms]
      [Humongous Register: 0.6 ms]
      [Humongous Reclaim: 0.3 ms]
      [Free CSet: 0.0 ms]
   [Eden: 1024.0K(968.0M)->0.0B(962.0M) Survivors: 1024.0K->1024.0K Heap: 3554.7M(5120.0M)->3553.7M(5120.0M)]
 [Times: user=0.00 sys=0.00, real=0.00 secs] 
2016-06-26T19:47:41.354+0300: 290.591: [GC concurrent-root-region-scan-start]
2016-06-26T19:47:41.354+0300: 290.591: Total time for which application threads were stopped: 0.0044609 seconds, Stopping threads took: 0.0000787 seconds
2016-06-26T19:47:41.356+0300: 290.593: [GC concurrent-root-region-scan-end, 0.0015105 secs]
2016-06-26T19:47:41.356+0300: 290.593: [GC concurrent-mark-start]
2016-06-26T19:47:41.382+0300: 290.618: [GC concurrent-mark-end, 0.0249519 secs]
2016-06-26T19:47:41.596+0300: 290.832: Total time for which application threads were stopped: 0.0133834 seconds, Stopping threads took: 0.0127633 seconds
2016-06-26T19:47:42.723+0300: 291.960: [GC remark 2016-06-26T19:47:42.723+0300: 291.960: [Finalize Marking, 0.0053196 secs] 2016-06-26T19:47:42.729+0300: 291.965: [GC ref-proc, 0.0001116 secs] 2016-06-26T19:47:42.729+0300: 291.965: [Unloading, 0.0026010 secs], 0.0332723 secs]
 [Times: user=0.09 sys=0.00, real=0.03 secs] 
2016-06-26T19:47:42.757+0300: 291.993: Total time for which application threads were stopped: 0.0551888 seconds, Stopping threads took: 0.0214678 seconds
2016-06-26T19:47:42.815+0300: 292.052: Total time for which application threads were stopped: 0.0011247 seconds, Stopping threads took: 0.0000629 seconds
2016-06-26T19:47:42.815+0300: 292.052: [GC cleanup 4408M->4408M(5120M), 0.0021023 secs]
 [Times: user=0.00 sys=0.00, real=0.00 secs] 
2016-06-26T19:47:42.818+0300: 292.054: Total time for which application threads were stopped: 0.0025976 seconds, Stopping threads took: 0.0000620 seconds
2016-06-26T19:47:43.771+0300: 293.007: [GC pause (G1 Humongous Allocation) (young)
Desired survivor size 63438848 bytes, new threshold 15 (max 15)
- age   1:       9128 bytes,       9128 total
- age   2:      40952 bytes,      50080 total
- age   3:         16 bytes,      50096 total
- age   4:      28584 bytes,      78680 total
- age   5:       9104 bytes,      87784 total
- age   6:      23448 bytes,     111232 total
- age   7:      27752 bytes,     138984 total
- age   9:      28104 bytes,     167088 total
- age  10:       2048 bytes,     169136 total
- age  11:       3632 bytes,     172768 total
- age  12:      22024 bytes,     194792 total
- age  14:      18064 bytes,     212856 total
, 0.0491366 secs]
   [Parallel Time: 42.0 ms, GC Workers: 4]
      [GC Worker Start (ms): Min: 293012.0, Avg: 293012.0, Max: 293012.0, Diff: 0.0]
      [Ext Root Scanning (ms): Min: 0.4, Avg: 0.5, Max: 0.8, Diff: 0.3, Sum: 2.1]
      [Update RS (ms): Min: 40.7, Avg: 41.0, Max: 41.1, Diff: 0.4, Sum: 163.8]
         [Processed Buffers: Min: 420, Avg: 426.8, Max: 433, Diff: 13, Sum: 1707]
      [Scan RS (ms): Min: 0.0, Avg: 0.0, Max: 0.0, Diff: 0.0, Sum: 0.0]
      [Code Root Scanning (ms): Min: 0.0, Avg: 0.0, Max: 0.0, Diff: 0.0, Sum: 0.0]
      [Object Copy (ms): Min: 0.4, Avg: 0.5, Max: 0.5, Diff: 0.1, Sum: 1.9]
      [Termination (ms): Min: 0.0, Avg: 0.0, Max: 0.0, Diff: 0.0, Sum: 0.0]
         [Termination Attempts: Min: 1, Avg: 1.0, Max: 1, Diff: 0, Sum: 4]
      [GC Worker Other (ms): Min: 0.0, Avg: 0.0, Max: 0.0, Diff: 0.0, Sum: 0.1]
      [GC Worker Total (ms): Min: 42.0, Avg: 42.0, Max: 42.0, Diff: 0.0, Sum: 167.9]
      [GC Worker End (ms): Min: 293054.0, Avg: 293054.0, Max: 293054.0, Diff: 0.0]
   [Code Root Fixup: 0.0 ms]
   [Code Root Purge: 0.0 ms]
   [Clear CT: 0.0 ms]
   [Other: 7.0 ms]
      [Choose CSet: 0.0 ms]
      [Ref Proc: 0.0 ms]
      [Ref Enq: 0.0 ms]
      [Redirty Cards: 0.0 ms]
      [Humongous Register: 0.8 ms]
      [Humongous Reclaim: 1.8 ms]
      [Free CSet: 0.0 ms]
   [Eden: 64.0M(962.0M)->0.0B(798.0M) Survivors: 1024.0K->1024.0K Heap: 4981.0M(5120.0M)->3715.8M(5120.0M)]
 [Times: user=0.19 sys=0.00, real=0.05 secs] 
2016-06-26T19:47:43.820+0300: 293.056: Total time for which application threads were stopped: 0.0676348 seconds, Stopping threads took: 0.0175762 seconds
2016-06-26T19:47:43.832+0300: 293.068: [GC pause (G1 Humongous Allocation) (young) (initial-mark)
Desired survivor size 52428800 bytes, new threshold 15 (max 15)
- age   1:      64288 bytes,      64288 total
- age   2:       9104 bytes,      73392 total
- age   3:      34072 bytes,     107464 total
- age   5:      23704 bytes,     131168 total
- age   6:       9104 bytes,     140272 total
- age   7:      19544 bytes,     159816 total
- age   8:      25520 bytes,     185336 total
- age  10:      27384 bytes,     212720 total
- age  11:       1808 bytes,     214528 total
- age  12:       3632 bytes,     218160 total
- age  13:      22024 bytes,     240184 total
- age  15:      18064 bytes,     258248 total
, 0.0038215 secs]
   [Parallel Time: 1.8 ms, GC Workers: 4]
      [GC Worker Start (ms): Min: 293069.4, Avg: 293069.4, Max: 293069.4, Diff: 0.0]
      [Ext Root Scanning (ms): Min: 0.5, Avg: 0.5, Max: 0.5, Diff: 0.0, Sum: 2.0]
      [Update RS (ms): Min: 0.7, Avg: 0.8, Max: 0.8, Diff: 0.1, Sum: 3.2]
         [Processed Buffers: Min: 8, Avg: 8.8, Max: 10, Diff: 2, Sum: 35]
      [Scan RS (ms): Min: 0.0, Avg: 0.0, Max: 0.0, Diff: 0.0, Sum: 0.0]
      [Code Root Scanning (ms): Min: 0.0, Avg: 0.0, Max: 0.0, Diff: 0.0, Sum: 0.0]
      [Object Copy (ms): Min: 0.4, Avg: 0.5, Max: 0.5, Diff: 0.1, Sum: 1.9]
      [Termination (ms): Min: 0.0, Avg: 0.0, Max: 0.0, Diff: 0.0, Sum: 0.0]
         [Termination Attempts: Min: 1, Avg: 1.0, Max: 1, Diff: 0, Sum: 4]
      [GC Worker Other (ms): Min: 0.0, Avg: 0.0, Max: 0.0, Diff: 0.0, Sum: 0.0]
      [GC Worker Total (ms): Min: 1.8, Avg: 1.8, Max: 1.8, Diff: 0.0, Sum: 7.1]
      [GC Worker End (ms): Min: 293071.2, Avg: 293071.2, Max: 293071.2, Diff: 0.0]
   [Code Root Fixup: 0.0 ms]
   [Code Root Purge: 0.0 ms]
   [Clear CT: 0.0 ms]
   [Other: 1.9 ms]
      [Choose CSet: 0.0 ms]
      [Ref Proc: 0.0 ms]
      [Ref Enq: 0.0 ms]
      [Redirty Cards: 0.0 ms]
      [Humongous Register: 0.7 ms]
      [Humongous Reclaim: 0.3 ms]
      [Free CSet: 0.0 ms]
   [Eden: 1024.0K(798.0M)->0.0B(795.0M) Survivors: 1024.0K->1024.0K Heap: 3720.7M(5120.0M)->3719.7M(5120.0M)]
 [Times: user=0.00 sys=0.00, real=0.00 secs] 
2016-06-26T19:47:43.836+0300: 293.072: [GC concurrent-root-region-scan-start]
2016-06-26T19:47:43.836+0300: 293.072: Total time for which application threads were stopped: 0.0045780 seconds, Stopping threads took: 0.0001420 seconds
2016-06-26T19:47:43.837+0300: 293.074: [GC concurrent-root-region-scan-end, 0.0016495 secs]
2016-06-26T19:47:43.838+0300: 293.074: [GC concurrent-mark-start]
2016-06-26T19:47:43.860+0300: 293.096: [GC concurrent-mark-end, 0.0211398 secs]
2016-06-26T19:47:43.904+0300: 293.140: [GC remark 2016-06-26T19:47:43.904+0300: 293.140: [Finalize Marking, 0.0005170 secs] 2016-06-26T19:47:43.904+0300: 293.141: [GC ref-proc, 0.0001035 secs] 2016-06-26T19:47:43.904+0300: 293.141: [Unloading, 0.0018547 secs], 0.0230189 secs]
 [Times: user=0.08 sys=0.00, real=0.02 secs] 
2016-06-26T19:47:43.927+0300: 293.163: Total time for which application threads were stopped: 0.0336235 seconds, Stopping threads took: 0.0101495 seconds
2016-06-26T19:47:43.987+0300: 293.224: [GC cleanup 3790M->3790M(5120M), 0.0021733 secs]
 [Times: user=0.00 sys=0.00, real=0.00 secs] 
2016-06-26T19:47:43.990+0300: 293.226: Total time for which application threads were stopped: 0.0080211 seconds, Stopping threads took: 0.0054244 seconds
2016-06-26T19:47:44.729+0300: 293.966: Total time for which application threads were stopped: 0.0122844 seconds, Stopping threads took: 0.0112931 seconds
2016-06-26T19:47:45.730+0300: 294.967: Total time for which application threads were stopped: 0.0131504 seconds, Stopping threads took: 0.0121706 seconds
2016-06-26T19:47:46.092+0300: 295.328: [GC pause (G1 Humongous Allocation) (young)
Desired survivor size 52428800 bytes, new threshold 15 (max 15)
- age   1:         56 bytes,         56 total
- age   2:      64240 bytes,      64296 total
- age   3:       9104 bytes,      73400 total
- age   4:      34072 bytes,     107472 total
- age   6:      23704 bytes,     131176 total
- age   7:       9104 bytes,     140280 total
- age   8:      19544 bytes,     159824 total
- age   9:      25520 bytes,     185344 total
- age  11:      27384 bytes,     212728 total
- age  12:       1808 bytes,     214536 total
- age  13:       3632 bytes,     218168 total
- age  14:      22024 bytes,     240192 total
, 0.0497195 secs]
   [Parallel Time: 42.4 ms, GC Workers: 4]
      [GC Worker Start (ms): Min: 295333.0, Avg: 295333.0, Max: 295333.0, Diff: 0.0]
      [Ext Root Scanning (ms): Min: 0.3, Avg: 0.3, Max: 0.3, Diff: 0.0, Sum: 1.3]
      [Update RS (ms): Min: 41.6, Avg: 41.6, Max: 41.6, Diff: 0.0, Sum: 166.4]
         [Processed Buffers: Min: 418, Avg: 435.8, Max: 447, Diff: 29, Sum: 1743]
      [Scan RS (ms): Min: 0.0, Avg: 0.0, Max: 0.0, Diff: 0.0, Sum: 0.0]
      [Code Root Scanning (ms): Min: 0.0, Avg: 0.0, Max: 0.0, Diff: 0.0, Sum: 0.0]
      [Object Copy (ms): Min: 0.4, Avg: 0.4, Max: 0.5, Diff: 0.0, Sum: 1.7]
      [Termination (ms): Min: 0.0, Avg: 0.0, Max: 0.0, Diff: 0.0, Sum: 0.0]
         [Termination Attempts: Min: 1, Avg: 1.0, Max: 1, Diff: 0, Sum: 4]
      [GC Worker Other (ms): Min: 0.0, Avg: 0.0, Max: 0.0, Diff: 0.0, Sum: 0.0]
      [GC Worker Total (ms): Min: 42.4, Avg: 42.4, Max: 42.4, Diff: 0.0, Sum: 169.6]
      [GC Worker End (ms): Min: 295375.4, Avg: 295375.4, Max: 295375.4, Diff: 0.0]
   [Code Root Fixup: 0.0 ms]
   [Code Root Purge: 0.0 ms]
   [Clear CT: 0.0 ms]
   [Other: 7.3 ms]
      [Choose CSet: 0.0 ms]
      [Ref Proc: 0.1 ms]
      [Ref Enq: 0.0 ms]
      [Redirty Cards: 0.0 ms]
      [Humongous Register: 0.8 ms]
      [Humongous Reclaim: 2.1 ms]
      [Free CSet: 0.0 ms]
   [Eden: 58.0M(795.0M)->0.0B(1115.0M) Survivors: 1024.0K->1024.0K Heap: 4980.9M(5120.0M)->3399.4M(5120.0M)]
 [Times: user=0.14 sys=0.03, real=0.05 secs] 
2016-06-26T19:47:46.142+0300: 295.378: Total time for which application threads were stopped: 0.0609839 seconds, Stopping threads took: 0.0105211 seconds
2016-06-26T19:47:46.148+0300: 295.384: [GC pause (G1 Humongous Allocation) (young) (initial-mark)
Desired survivor size 73400320 bytes, new threshold 15 (max 15)
- age   1:      42656 bytes,      42656 total
- age   2:         16 bytes,      42672 total
- age   3:      25216 bytes,      67888 total
- age   4:       9104 bytes,      76992 total
- age   5:      29160 bytes,     106152 total
- age   7:      18776 bytes,     124928 total
- age   8:       9104 bytes,     134032 total
- age   9:      16664 bytes,     150696 total
- age  10:      24272 bytes,     174968 total
- age  12:      27112 bytes,     202080 total
- age  13:       1752 bytes,     203832 total
- age  14:       3632 bytes,     207464 total
- age  15:      22024 bytes,     229488 total
, 0.0036513 secs]
   [Parallel Time: 1.7 ms, GC Workers: 4]
      [GC Worker Start (ms): Min: 295385.5, Avg: 295385.5, Max: 295385.5, Diff: 0.0]
      [Ext Root Scanning (ms): Min: 0.4, Avg: 0.4, Max: 0.4, Diff: 0.0, Sum: 1.6]
      [Update RS (ms): Min: 0.7, Avg: 0.8, Max: 0.8, Diff: 0.1, Sum: 3.1]
         [Processed Buffers: Min: 8, Avg: 8.5, Max: 10, Diff: 2, Sum: 34]
      [Scan RS (ms): Min: 0.0, Avg: 0.0, Max: 0.0, Diff: 0.0, Sum: 0.0]
      [Code Root Scanning (ms): Min: 0.0, Avg: 0.0, Max: 0.0, Diff: 0.0, Sum: 0.0]
      [Object Copy (ms): Min: 0.4, Avg: 0.5, Max: 0.5, Diff: 0.1, Sum: 1.8]
      [Termination (ms): Min: 0.0, Avg: 0.0, Max: 0.0, Diff: 0.0, Sum: 0.0]
         [Termination Attempts: Min: 1, Avg: 1.0, Max: 1, Diff: 0, Sum: 4]
      [GC Worker Other (ms): Min: 0.0, Avg: 0.0, Max: 0.0, Diff: 0.0, Sum: 0.0]
      [GC Worker Total (ms): Min: 1.7, Avg: 1.7, Max: 1.7, Diff: 0.0, Sum: 6.6]
      [GC Worker End (ms): Min: 295387.2, Avg: 295387.2, Max: 295387.2, Diff: 0.0]
   [Code Root Fixup: 0.0 ms]
   [Code Root Purge: 0.0 ms]
   [Clear CT: 0.0 ms]
   [Other: 1.9 ms]
      [Choose CSet: 0.0 ms]
      [Ref Proc: 0.1 ms]
      [Ref Enq: 0.0 ms]
      [Redirty Cards: 0.0 ms]
      [Humongous Register: 0.7 ms]
      [Humongous Reclaim: 0.3 ms]
      [Free CSet: 0.0 ms]
   [Eden: 1024.0K(1115.0M)->0.0B(1111.0M) Survivors: 1024.0K->1024.0K Heap: 3404.3M(5120.0M)->3403.3M(5120.0M)]
 [Times: user=0.00 sys=0.00, real=0.00 secs] 
2016-06-26T19:47:46.152+0300: 295.388: [GC concurrent-root-region-scan-start]
2016-06-26T19:47:46.152+0300: 295.388: Total time for which application threads were stopped: 0.0042329 seconds, Stopping threads took: 0.0000821 seconds
2016-06-26T19:47:46.153+0300: 295.390: [GC concurrent-root-region-scan-end, 0.0016854 secs]
2016-06-26T19:47:46.153+0300: 295.390: [GC concurrent-mark-start]
2016-06-26T19:47:46.177+0300: 295.413: [GC concurrent-mark-end, 0.0217257 secs]
2016-06-26T19:47:46.220+0300: 295.456: [GC remark 2016-06-26T19:47:46.220+0300: 295.457: [Finalize Marking, 0.0006009 secs] 2016-06-26T19:47:46.221+0300: 295.457: [GC ref-proc, 0.0001685 secs] 2016-06-26T19:47:46.221+0300: 295.457: [Unloading, 0.0019317 secs], 0.0243275 secs]
 [Times: user=0.06 sys=0.00, real=0.02 secs] 
2016-06-26T19:47:46.244+0300: 295.481: Total time for which application threads were stopped: 0.0419922 seconds, Stopping threads took: 0.0173491 seconds
2016-06-26T19:47:46.250+0300: 295.486: [GC cleanup 3444M->3444M(5120M), 0.0021896 secs]
 [Times: user=0.00 sys=0.00, real=0.00 secs] 
2016-06-26T19:47:46.252+0300: 295.489: Total time for which application threads were stopped: 0.0025262 seconds, Stopping threads took: 0.0000607 seconds
2016-06-26T19:47:46.734+0300: 295.971: Total time for which application threads were stopped: 0.0170553 seconds, Stopping threads took: 0.0160032 seconds
2016-06-26T19:47:48.749+0300: 297.985: [GC pause (G1 Humongous Allocation) (young)
Desired survivor size 72876032 bytes, new threshold 15 (max 15)
- age   1:       9072 bytes,       9072 total
- age   2:      42632 bytes,      51704 total
- age   3:         16 bytes,      51720 total
- age   4:      25216 bytes,      76936 total
- age   5:       9104 bytes,      86040 total
- age   6:      29160 bytes,     115200 total
- age   8:      18776 bytes,     133976 total
- age   9:       9104 bytes,     143080 total
- age  10:      16664 bytes,     159744 total
- age  11:      24272 bytes,     184016 total
- age  13:      27112 bytes,     211128 total
- age  14:       1752 bytes,     212880 total
- age  15:       3632 bytes,     216512 total
, 0.0567531 secs]
   [Parallel Time: 48.7 ms, GC Workers: 4]
      [GC Worker Start (ms): Min: 297990.8, Avg: 297990.8, Max: 297990.8, Diff: 0.0]
      [Ext Root Scanning (ms): Min: 0.4, Avg: 0.4, Max: 0.4, Diff: 0.0, Sum: 1.6]
      [Update RS (ms): Min: 47.8, Avg: 47.8, Max: 47.8, Diff: 0.0, Sum: 191.1]
         [Processed Buffers: Min: 504, Avg: 509.0, Max: 512, Diff: 8, Sum: 2036]
      [Scan RS (ms): Min: 0.0, Avg: 0.0, Max: 0.0, Diff: 0.0, Sum: 0.0]
      [Code Root Scanning (ms): Min: 0.0, Avg: 0.0, Max: 0.0, Diff: 0.0, Sum: 0.0]
      [Object Copy (ms): Min: 0.5, Avg: 0.5, Max: 0.5, Diff: 0.0, Sum: 1.9]
      [Termination (ms): Min: 0.0, Avg: 0.0, Max: 0.0, Diff: 0.0, Sum: 0.0]
         [Termination Attempts: Min: 1, Avg: 1.0, Max: 1, Diff: 0, Sum: 4]
      [GC Worker Other (ms): Min: 0.0, Avg: 0.0, Max: 0.0, Diff: 0.0, Sum: 0.0]
      [GC Worker Total (ms): Min: 48.7, Avg: 48.7, Max: 48.7, Diff: 0.0, Sum: 194.7]
      [GC Worker End (ms): Min: 298039.5, Avg: 298039.5, Max: 298039.5, Diff: 0.0]
   [Code Root Fixup: 0.0 ms]
   [Code Root Purge: 0.0 ms]
   [Clear CT: 0.0 ms]
   [Other: 8.0 ms]
      [Choose CSet: 0.0 ms]
      [Ref Proc: 0.0 ms]
      [Ref Enq: 0.0 ms]
      [Redirty Cards: 0.0 ms]
      [Humongous Register: 0.8 ms]
      [Humongous Reclaim: 2.0 ms]
      [Free CSet: 0.1 ms]
   [Eden: 62.0M(1111.0M)->0.0B(942.0M) Survivors: 1024.0K->1024.0K Heap: 4979.9M(5120.0M)->3571.4M(5120.0M)]
 [Times: user=0.19 sys=0.00, real=0.06 secs] 
2016-06-26T19:47:48.806+0300: 298.042: Total time for which application threads were stopped: 0.0674496 seconds, Stopping threads took: 0.0097608 seconds
2016-06-26T19:47:48.815+0300: 298.052: [GC pause (G1 Humongous Allocation) (young) (initial-mark)
Desired survivor size 61865984 bytes, new threshold 15 (max 15)
- age   1:      31544 bytes,      31544 total
- age   2:       9032 bytes,      40576 total
- age   3:      36304 bytes,      76880 total
- age   4:         16 bytes,      76896 total
- age   5:      21464 bytes,      98360 total
- age   6:       9048 bytes,     107408 total
- age   7:      25648 bytes,     133056 total
- age   9:      15344 bytes,     148400 total
- age  10:       9048 bytes,     157448 total
- age  11:      14816 bytes,     172264 total
- age  12:      23320 bytes,     195584 total
- age  14:      26968 bytes,     222552 total
- age  15:       1752 bytes,     224304 total
, 0.0042770 secs]
   [Parallel Time: 2.4 ms, GC Workers: 4]
      [GC Worker Start (ms): Min: 298052.6, Avg: 298052.8, Max: 298053.2, Diff: 0.5]
      [Ext Root Scanning (ms): Min: 0.0, Avg: 0.8, Max: 2.1, Diff: 2.1, Sum: 3.3]
      [Update RS (ms): Min: 0.0, Avg: 0.8, Max: 1.1, Diff: 1.1, Sum: 3.1]
         [Processed Buffers: Min: 0, Avg: 8.8, Max: 14, Diff: 14, Sum: 35]
      [Scan RS (ms): Min: 0.0, Avg: 0.0, Max: 0.0, Diff: 0.0, Sum: 0.0]
      [Code Root Scanning (ms): Min: 0.0, Avg: 0.0, Max: 0.0, Diff: 0.0, Sum: 0.0]
      [Object Copy (ms): Min: 0.2, Avg: 0.4, Max: 0.6, Diff: 0.4, Sum: 1.7]
      [Termination (ms): Min: 0.0, Avg: 0.2, Max: 0.2, Diff: 0.2, Sum: 0.7]
         [Termination Attempts: Min: 1, Avg: 1.3, Max: 2, Diff: 1, Sum: 5]
      [GC Worker Other (ms): Min: 0.0, Avg: 0.0, Max: 0.0, Diff: 0.0, Sum: 0.0]
      [GC Worker Total (ms): Min: 1.8, Avg: 2.2, Max: 2.4, Diff: 0.6, Sum: 8.9]
      [GC Worker End (ms): Min: 298055.0, Avg: 298055.0, Max: 298055.0, Diff: 0.0]
   [Code Root Fixup: 0.0 ms]
   [Code Root Purge: 0.0 ms]
   [Clear CT: 0.0 ms]
   [Other: 1.8 ms]
      [Choose CSet: 0.0 ms]
      [Ref Proc: 0.1 ms]
      [Ref Enq: 0.0 ms]
      [Redirty Cards: 0.0 ms]
      [Humongous Register: 0.6 ms]
      [Humongous Reclaim: 0.3 ms]
      [Free CSet: 0.0 ms]
   [Eden: 1024.0K(942.0M)->0.0B(940.0M) Survivors: 1024.0K->1024.0K Heap: 3576.1M(5120.0M)->3575.2M(5120.0M)]
 [Times: user=0.00 sys=0.00, real=0.00 secs] 
2016-06-26T19:47:48.820+0300: 298.056: [GC concurrent-root-region-scan-start]
2016-06-26T19:47:48.820+0300: 298.056: Total time for which application threads were stopped: 0.0049407 seconds, Stopping threads took: 0.0001313 seconds
2016-06-26T19:47:48.821+0300: 298.058: [GC concurrent-root-region-scan-end, 0.0016490 secs]
2016-06-26T19:47:48.821+0300: 298.058: [GC concurrent-mark-start]
2016-06-26T19:47:48.843+0300: 298.080: [GC concurrent-mark-end, 0.0219357 secs]
2016-06-26T19:47:48.864+0300: 298.101: [GC remark 2016-06-26T19:47:48.864+0300: 298.101: [Finalize Marking, 0.0003601 secs] 2016-06-26T19:47:48.865+0300: 298.101: [GC ref-proc, 0.0001022 secs] 2016-06-26T19:47:48.865+0300: 298.101: [Unloading, 0.0017530 secs], 0.0220302 secs]
 [Times: user=0.06 sys=0.00, real=0.02 secs] 
2016-06-26T19:47:48.886+0300: 298.123: Total time for which application threads were stopped: 0.0308056 seconds, Stopping threads took: 0.0084179 seconds
2016-06-26T19:47:48.892+0300: 298.128: [GC cleanup 3596M->3596M(5120M), 0.0024458 secs]
 [Times: user=0.00 sys=0.00, real=0.00 secs] 
2016-06-26T19:47:48.894+0300: 298.131: Total time for which application threads were stopped: 0.0028837 seconds, Stopping threads took: 0.0000650 seconds
2016-06-26T19:47:48.899+0300: 298.135: Total time for which application threads were stopped: 0.0008249 seconds, Stopping threads took: 0.0000586 seconds
2016-06-26T19:47:49.916+0300: 299.153: Total time for which application threads were stopped: 0.0191687 seconds, Stopping threads took: 0.0181928 seconds
2016-06-26T19:47:50.942+0300: 300.178: Total time for which application threads were stopped: 0.0441758 seconds, Stopping threads took: 0.0431952 seconds
2016-06-26T19:47:51.270+0300: 300.506: [GC pause (G1 Humongous Allocation) (young)
Desired survivor size 61865984 bytes, new threshold 15 (max 15)
- age   1:         40 bytes,         40 total
- age   2:      31520 bytes,      31560 total
- age   3:       9032 bytes,      40592 total
- age   4:      36304 bytes,      76896 total
- age   5:         16 bytes,      76912 total
- age   6:      21464 bytes,      98376 total
- age   7:       9048 bytes,     107424 total
- age   8:      25648 bytes,     133072 total
- age  10:      15344 bytes,     148416 total
- age  11:       9048 bytes,     157464 total
- age  12:      14816 bytes,     172280 total
- age  13:      23320 bytes,     195600 total
- age  15:      26968 bytes,     222568 total
, 0.0581169 secs]
   [Parallel Time: 49.7 ms, GC Workers: 4]
      [GC Worker Start (ms): Min: 300512.4, Avg: 300512.4, Max: 300512.4, Diff: 0.0]
      [Ext Root Scanning (ms): Min: 0.3, Avg: 0.3, Max: 0.4, Diff: 0.0, Sum: 1.4]
      [Update RS (ms): Min: 48.8, Avg: 48.8, Max: 48.8, Diff: 0.0, Sum: 195.2]
         [Processed Buffers: Min: 512, Avg: 516.8, Max: 523, Diff: 11, Sum: 2067]
      [Scan RS (ms): Min: 0.0, Avg: 0.0, Max: 0.0, Diff: 0.0, Sum: 0.1]
      [Code Root Scanning (ms): Min: 0.0, Avg: 0.0, Max: 0.0, Diff: 0.0, Sum: 0.0]
      [Object Copy (ms): Min: 0.5, Avg: 0.5, Max: 0.5, Diff: 0.0, Sum: 1.9]
      [Termination (ms): Min: 0.0, Avg: 0.0, Max: 0.0, Diff: 0.0, Sum: 0.0]
         [Termination Attempts: Min: 1, Avg: 1.0, Max: 1, Diff: 0, Sum: 4]
      [GC Worker Other (ms): Min: 0.0, Avg: 0.0, Max: 0.0, Diff: 0.0, Sum: 0.1]
      [GC Worker Total (ms): Min: 49.7, Avg: 49.7, Max: 49.7, Diff: 0.0, Sum: 198.6]
      [GC Worker End (ms): Min: 300562.1, Avg: 300562.1, Max: 300562.1, Diff: 0.0]
   [Code Root Fixup: 0.0 ms]
   [Code Root Purge: 0.0 ms]
   [Clear CT: 0.0 ms]
   [Other: 8.4 ms]
      [Choose CSet: 0.0 ms]
      [Ref Proc: 0.0 ms]
      [Ref Enq: 0.0 ms]
      [Redirty Cards: 0.0 ms]
      [Humongous Register: 0.8 ms]
      [Humongous Reclaim: 2.1 ms]
      [Free CSet: 0.1 ms]
   [Eden: 64.0M(940.0M)->0.0B(1066.0M) Survivors: 1024.0K->1024.0K Heap: 4980.9M(5120.0M)->3452.2M(5120.0M)]
 [Times: user=0.20 sys=0.00, real=0.06 secs] 
2016-06-26T19:47:51.328+0300: 300.565: Total time for which application threads were stopped: 0.0680616 seconds, Stopping threads took: 0.0090787 seconds
2016-06-26T19:47:51.333+0300: 300.570: [GC pause (G1 Humongous Allocation) (young) (initial-mark)
Desired survivor size 70254592 bytes, new threshold 15 (max 15)
- age   1:      46688 bytes,      46688 total
- age   3:      24608 bytes,      71296 total
- age   4:       9032 bytes,      80328 total
- age   5:      30384 bytes,     110712 total
- age   6:         16 bytes,     110728 total
- age   7:      16744 bytes,     127472 total
- age   8:       9048 bytes,     136520 total
- age   9:      22944 bytes,     159464 total
- age  11:      13768 bytes,     173232 total
- age  12:       9048 bytes,     182280 total
- age  13:      14520 bytes,     196800 total
- age  14:      23320 bytes,     220120 total
, 0.0030834 secs]
   [Parallel Time: 1.3 ms, GC Workers: 4]
      [GC Worker Start (ms): Min: 300571.1, Avg: 300571.1, Max: 300571.2, Diff: 0.0]
      [Ext Root Scanning (ms): Min: 0.4, Avg: 0.4, Max: 0.4, Diff: 0.0, Sum: 1.6]
      [Update RS (ms): Min: 0.4, Avg: 0.4, Max: 0.5, Diff: 0.1, Sum: 1.7]
         [Processed Buffers: Min: 4, Avg: 4.5, Max: 6, Diff: 2, Sum: 18]
      [Scan RS (ms): Min: 0.0, Avg: 0.0, Max: 0.0, Diff: 0.0, Sum: 0.0]
      [Code Root Scanning (ms): Min: 0.0, Avg: 0.0, Max: 0.0, Diff: 0.0, Sum: 0.0]
      [Object Copy (ms): Min: 0.4, Avg: 0.4, Max: 0.5, Diff: 0.1, Sum: 1.7]
      [Termination (ms): Min: 0.0, Avg: 0.0, Max: 0.0, Diff: 0.0, Sum: 0.0]
         [Termination Attempts: Min: 1, Avg: 1.0, Max: 1, Diff: 0, Sum: 4]
      [GC Worker Other (ms): Min: 0.0, Avg: 0.0, Max: 0.0, Diff: 0.0, Sum: 0.0]
      [GC Worker Total (ms): Min: 1.3, Avg: 1.3, Max: 1.3, Diff: 0.0, Sum: 5.1]
      [GC Worker End (ms): Min: 300572.4, Avg: 300572.4, Max: 300572.4, Diff: 0.0]
   [Code Root Fixup: 0.0 ms]
   [Code Root Purge: 0.0 ms]
   [Clear CT: 0.0 ms]
   [Other: 1.7 ms]
      [Choose CSet: 0.0 ms]
      [Ref Proc: 0.0 ms]
      [Ref Enq: 0.0 ms]
      [Redirty Cards: 0.0 ms]
      [Humongous Register: 0.7 ms]
      [Humongous Reclaim: 0.3 ms]
      [Free CSet: 0.0 ms]
   [Eden: 1024.0K(1066.0M)->0.0B(1066.0M) Survivors: 1024.0K->1024.0K Heap: 3454.7M(5120.0M)->3454.2M(5120.0M)]
 [Times: user=0.00 sys=0.00, real=0.00 secs] 
2016-06-26T19:47:51.337+0300: 300.573: [GC concurrent-root-region-scan-start]
2016-06-26T19:47:51.337+0300: 300.573: Total time for which application threads were stopped: 0.0036791 seconds, Stopping threads took: 0.0000830 seconds
2016-06-26T19:47:51.338+0300: 300.575: [GC concurrent-root-region-scan-end, 0.0016259 secs]
2016-06-26T19:47:51.338+0300: 300.575: [GC concurrent-mark-start]
2016-06-26T19:47:51.361+0300: 300.598: [GC concurrent-mark-end, 0.0225134 secs]
2016-06-26T19:47:51.378+0300: 300.614: [GC remark 2016-06-26T19:47:51.378+0300: 300.615: [Finalize Marking, 0.0003464 secs] 2016-06-26T19:47:51.378+0300: 300.615: [GC ref-proc, 0.0001052 secs] 2016-06-26T19:47:51.378+0300: 300.615: [Unloading, 0.0016931 secs], 0.0213019 secs]
 [Times: user=0.06 sys=0.00, real=0.02 secs] 
2016-06-26T19:47:51.399+0300: 300.636: Total time for which application threads were stopped: 0.0283406 seconds, Stopping threads took: 0.0067467 seconds
2016-06-26T19:47:51.404+0300: 300.641: [GC cleanup 3479M->3479M(5120M), 0.0022550 secs]
 [Times: user=0.00 sys=0.00, real=0.00 secs] 
2016-06-26T19:47:51.407+0300: 300.644: Total time for which application threads were stopped: 0.0028939 seconds, Stopping threads took: 0.0003378 seconds
2016-06-26T19:47:51.908+0300: 301.144: Total time for which application threads were stopped: 0.0097471 seconds, Stopping threads took: 0.0090115 seconds
2016-06-26T19:47:52.916+0300: 302.153: Total time for which application threads were stopped: 0.0082140 seconds, Stopping threads took: 0.0078727 seconds
2016-06-26T19:47:53.123+0300: 302.359: Total time for which application threads were stopped: 0.0102534 seconds, Stopping threads took: 0.0100392 seconds
2016-06-26T19:47:53.917+0300: 303.154: Total time for which application threads were stopped: 0.0179546 seconds, Stopping threads took: 0.0171053 seconds
2016-06-26T19:47:54.004+0300: 303.241: [GC pause (G1 Humongous Allocation) (young)
Desired survivor size 70254592 bytes, new threshold 15 (max 15)
- age   1:         40 bytes,         40 total
- age   2:      46616 bytes,      46656 total
- age   4:      24608 bytes,      71264 total
- age   5:       9032 bytes,      80296 total
- age   6:      30384 bytes,     110680 total
- age   7:         16 bytes,     110696 total
- age   8:      16744 bytes,     127440 total
- age   9:       9048 bytes,     136488 total
- age  10:      22944 bytes,     159432 total
- age  12:      13768 bytes,     173200 total
- age  13:       9048 bytes,     182248 total
- age  14:      14520 bytes,     196768 total
- age  15:      23320 bytes,     220088 total
, 0.0620329 secs]
   [Parallel Time: 54.0 ms, GC Workers: 4]
      [GC Worker Start (ms): Min: 303246.3, Avg: 303246.3, Max: 303246.3, Diff: 0.0]
      [Ext Root Scanning (ms): Min: 0.3, Avg: 0.3, Max: 0.3, Diff: 0.0, Sum: 1.3]
      [Update RS (ms): Min: 53.1, Avg: 53.2, Max: 53.2, Diff: 0.1, Sum: 212.6]
         [Processed Buffers: Min: 449, Avg: 505.3, Max: 563, Diff: 114, Sum: 2021]
      [Scan RS (ms): Min: 0.0, Avg: 0.0, Max: 0.0, Diff: 0.0, Sum: 0.0]
      [Code Root Scanning (ms): Min: 0.0, Avg: 0.0, Max: 0.0, Diff: 0.0, Sum: 0.0]
      [Object Copy (ms): Min: 0.4, Avg: 0.5, Max: 0.5, Diff: 0.1, Sum: 1.9]
      [Termination (ms): Min: 0.0, Avg: 0.0, Max: 0.0, Diff: 0.0, Sum: 0.0]
         [Termination Attempts: Min: 1, Avg: 1.0, Max: 1, Diff: 0, Sum: 4]
      [GC Worker Other (ms): Min: 0.0, Avg: 0.0, Max: 0.0, Diff: 0.0, Sum: 0.1]
      [GC Worker Total (ms): Min: 54.0, Avg: 54.0, Max: 54.0, Diff: 0.0, Sum: 216.0]
      [GC Worker End (ms): Min: 303300.3, Avg: 303300.3, Max: 303300.3, Diff: 0.0]
   [Code Root Fixup: 0.0 ms]
   [Code Root Purge: 0.0 ms]
   [Clear CT: 0.0 ms]
   [Other: 7.9 ms]
      [Choose CSet: 0.0 ms]
      [Ref Proc: 0.0 ms]
      [Ref Enq: 0.0 ms]
      [Redirty Cards: 0.0 ms]
      [Humongous Register: 0.7 ms]
      [Humongous Reclaim: 2.0 ms]
      [Free CSet: 0.0 ms]
   [Eden: 62.0M(1066.0M)->0.0B(1036.0M) Survivors: 1024.0K->1024.0K Heap: 4981.0M(5120.0M)->3483.4M(5120.0M)]
 [Times: user=0.23 sys=0.00, real=0.06 secs] 
2016-06-26T19:47:54.066+0300: 303.303: Total time for which application threads were stopped: 0.0677024 seconds, Stopping threads took: 0.0049321 seconds
2016-06-26T19:47:54.070+0300: 303.306: [GC pause (G1 Humongous Allocation) (young) (initial-mark)
Desired survivor size 68157440 bytes, new threshold 15 (max 15)
- age   1:      43136 bytes,      43136 total
- age   2:         16 bytes,      43152 total
- age   3:      38896 bytes,      82048 total
- age   5:      19272 bytes,     101320 total
- age   6:       9032 bytes,     110352 total
- age   7:      26240 bytes,     136592 total
- age   9:      14592 bytes,     151184 total
- age  10:       9032 bytes,     160216 total
- age  11:      22016 bytes,     182232 total
- age  13:      13208 bytes,     195440 total
- age  14:       9032 bytes,     204472 total
- age  15:      14456 bytes,     218928 total
, 0.0031852 secs]
   [Parallel Time: 1.6 ms, GC Workers: 4]
      [GC Worker Start (ms): Min: 303307.2, Avg: 303307.4, Max: 303307.8, Diff: 0.6]
      [Ext Root Scanning (ms): Min: 0.0, Avg: 0.6, Max: 1.1, Diff: 1.1, Sum: 2.2]
      [Update RS (ms): Min: 0.0, Avg: 0.4, Max: 0.6, Diff: 0.6, Sum: 1.6]
         [Processed Buffers: Min: 0, Avg: 4.5, Max: 7, Diff: 7, Sum: 18]
      [Scan RS (ms): Min: 0.0, Avg: 0.0, Max: 0.0, Diff: 0.0, Sum: 0.0]
      [Code Root Scanning (ms): Min: 0.0, Avg: 0.0, Max: 0.0, Diff: 0.0, Sum: 0.0]
      [Object Copy (ms): Min: 0.4, Avg: 0.4, Max: 0.5, Diff: 0.1, Sum: 1.8]
      [Termination (ms): Min: 0.0, Avg: 0.0, Max: 0.0, Diff: 0.0, Sum: 0.0]
         [Termination Attempts: Min: 1, Avg: 1.0, Max: 1, Diff: 0, Sum: 4]
      [GC Worker Other (ms): Min: 0.0, Avg: 0.0, Max: 0.0, Diff: 0.0, Sum: 0.0]
      [GC Worker Total (ms): Min: 1.0, Avg: 1.4, Max: 1.5, Diff: 0.6, Sum: 5.6]
      [GC Worker End (ms): Min: 303308.8, Avg: 303308.8, Max: 303308.8, Diff: 0.0]
   [Code Root Fixup: 0.0 ms]
   [Code Root Purge: 0.0 ms]
   [Clear CT: 0.0 ms]
   [Other: 1.6 ms]
      [Choose CSet: 0.0 ms]
      [Ref Proc: 0.0 ms]
      [Ref Enq: 0.0 ms]
      [Redirty Cards: 0.0 ms]
      [Humongous Register: 0.6 ms]
      [Humongous Reclaim: 0.3 ms]
      [Free CSet: 0.0 ms]
   [Eden: 1024.0K(1036.0M)->0.0B(1035.0M) Survivors: 1024.0K->1024.0K Heap: 3485.9M(5120.0M)->3485.5M(5120.0M)]
 [Times: user=0.00 sys=0.00, real=0.00 secs] 
2016-06-26T19:47:54.073+0300: 303.310: [GC concurrent-root-region-scan-start]
2016-06-26T19:47:54.073+0300: 303.310: Total time for which application threads were stopped: 0.0036723 seconds, Stopping threads took: 0.0000693 seconds
2016-06-26T19:47:54.075+0300: 303.311: [GC concurrent-root-region-scan-end, 0.0015665 secs]
2016-06-26T19:47:54.075+0300: 303.311: [GC concurrent-mark-start]
2016-06-26T19:47:54.098+0300: 303.334: [GC concurrent-mark-end, 0.0230950 secs]
2016-06-26T19:47:54.110+0300: 303.347: [GC remark 2016-06-26T19:47:54.110+0300: 303.347: [Finalize Marking, 0.0002831 secs] 2016-06-26T19:47:54.110+0300: 303.347: [GC ref-proc, 0.0001026 secs] 2016-06-26T19:47:54.110+0300: 303.347: [Unloading, 0.0016584 secs], 0.0211248 secs]
 [Times: user=0.06 sys=0.00, real=0.02 secs] 
2016-06-26T19:47:54.131+0300: 303.368: Total time for which application threads were stopped: 0.0269555 seconds, Stopping threads took: 0.0055732 seconds
2016-06-26T19:47:54.141+0300: 303.377: [GC cleanup 3504M->3504M(5120M), 0.0031090 secs]
 [Times: user=0.00 sys=0.00, real=0.00 secs] 
2016-06-26T19:47:54.144+0300: 303.381: Total time for which application threads were stopped: 0.0093468 seconds, Stopping threads took: 0.0058901 seconds
2016-06-26T19:47:54.911+0300: 304.148: Total time for which application threads were stopped: 0.0124627 seconds, Stopping threads took: 0.0115522 seconds
2016-06-26T19:47:55.914+0300: 305.151: Total time for which application threads were stopped: 0.0154340 seconds, Stopping threads took: 0.0140523 seconds
2016-06-26T19:47:55.915+0300: 305.152: Total time for which application threads were stopped: 0.0012051 seconds, Stopping threads took: 0.0000488 seconds
2016-06-26T19:47:55.917+0300: 305.153: Total time for which application threads were stopped: 0.0009310 seconds, Stopping threads took: 0.0000569 seconds
2016-06-26T19:47:56.551+0300: 305.788: [GC pause (G1 Humongous Allocation) (young)
Desired survivor size 68157440 bytes, new threshold 15 (max 15)
- age   1:         40 bytes,         40 total
- age   2:      43112 bytes,      43152 total
- age   3:         16 bytes,      43168 total
- age   4:      38896 bytes,      82064 total
- age   6:      19272 bytes,     101336 total
- age   7:       9032 bytes,     110368 total
- age   8:      26240 bytes,     136608 total
- age  10:      14592 bytes,     151200 total
- age  11:       9032 bytes,     160232 total
- age  12:      22016 bytes,     182248 total
- age  14:      13208 bytes,     195456 total
- age  15:       9032 bytes,     204488 total
, 0.0581186 secs]
   [Parallel Time: 50.2 ms, GC Workers: 4]
      [GC Worker Start (ms): Min: 305793.6, Avg: 305793.7, Max: 305793.7, Diff: 0.0]
      [Ext Root Scanning (ms): Min: 0.4, Avg: 0.4, Max: 0.4, Diff: 0.0, Sum: 1.5]
      [Update RS (ms): Min: 49.3, Avg: 49.3, Max: 49.3, Diff: 0.0, Sum: 197.2]
         [Processed Buffers: Min: 463, Avg: 509.0, Max: 529, Diff: 66, Sum: 2036]
      [Scan RS (ms): Min: 0.0, Avg: 0.0, Max: 0.0, Diff: 0.0, Sum: 0.1]
      [Code Root Scanning (ms): Min: 0.0, Avg: 0.0, Max: 0.0, Diff: 0.0, Sum: 0.0]
      [Object Copy (ms): Min: 0.4, Avg: 0.4, Max: 0.5, Diff: 0.0, Sum: 1.8]
      [Termination (ms): Min: 0.0, Avg: 0.0, Max: 0.0, Diff: 0.0, Sum: 0.0]
         [Termination Attempts: Min: 1, Avg: 1.0, Max: 1, Diff: 0, Sum: 4]
      [GC Worker Other (ms): Min: 0.0, Avg: 0.0, Max: 0.0, Diff: 0.0, Sum: 0.1]
      [GC Worker Total (ms): Min: 50.1, Avg: 50.2, Max: 50.2, Diff: 0.0, Sum: 200.6]
      [GC Worker End (ms): Min: 305843.8, Avg: 305843.8, Max: 305843.8, Diff: 0.0]
   [Code Root Fixup: 0.0 ms]
   [Code Root Purge: 0.0 ms]
   [Clear CT: 0.0 ms]
   [Other: 7.9 ms]
      [Choose CSet: 0.0 ms]
      [Ref Proc: 0.1 ms]
      [Ref Enq: 0.0 ms]
      [Redirty Cards: 0.0 ms]
      [Humongous Register: 0.8 ms]
      [Humongous Reclaim: 1.9 ms]
      [Free CSet: 0.0 ms]
   [Eden: 61.0M(1035.0M)->0.0B(916.0M) Survivors: 1024.0K->1024.0K Heap: 4981.5M(5120.0M)->3602.6M(5120.0M)]
 [Times: user=0.19 sys=0.00, real=0.06 secs] 
2016-06-26T19:47:56.610+0300: 305.846: Total time for which application threads were stopped: 0.0746744 seconds, Stopping threads took: 0.0156556 seconds
2016-06-26T19:47:56.620+0300: 305.857: [GC pause (G1 Humongous Allocation) (young) (initial-mark)
Desired survivor size 60293120 bytes, new threshold 15 (max 15)
- age   1:      42440 bytes,      42440 total
- age   2:         16 bytes,      42456 total
- age   3:      36328 bytes,      78784 total
- age   4:         16 bytes,      78800 total
- age   5:      33664 bytes,     112464 total
- age   7:      15376 bytes,     127840 total
- age   8:       9032 bytes,     136872 total
- age   9:      23696 bytes,     160568 total
- age  11:      13056 bytes,     173624 total
- age  12:       9032 bytes,     182656 total
- age  13:      21792 bytes,     204448 total
- age  15:      13032 bytes,     217480 total
, 0.0029624 secs]
   [Parallel Time: 1.3 ms, GC Workers: 4]
      [GC Worker Start (ms): Min: 305857.8, Avg: 305857.8, Max: 305857.8, Diff: 0.0]
      [Ext Root Scanning (ms): Min: 0.4, Avg: 0.4, Max: 0.4, Diff: 0.0, Sum: 1.7]
      [Update RS (ms): Min: 0.4, Avg: 0.4, Max: 0.5, Diff: 0.1, Sum: 1.6]
         [Processed Buffers: Min: 4, Avg: 4.5, Max: 5, Diff: 1, Sum: 18]
      [Scan RS (ms): Min: 0.0, Avg: 0.0, Max: 0.0, Diff: 0.0, Sum: 0.0]
      [Code Root Scanning (ms): Min: 0.0, Avg: 0.0, Max: 0.0, Diff: 0.0, Sum: 0.0]
      [Object Copy (ms): Min: 0.4, Avg: 0.4, Max: 0.4, Diff: 0.1, Sum: 1.7]
      [Termination (ms): Min: 0.0, Avg: 0.0, Max: 0.0, Diff: 0.0, Sum: 0.0]
         [Termination Attempts: Min: 1, Avg: 1.3, Max: 2, Diff: 1, Sum: 5]
      [GC Worker Other (ms): Min: 0.0, Avg: 0.0, Max: 0.0, Diff: 0.0, Sum: 0.0]
      [GC Worker Total (ms): Min: 1.3, Avg: 1.3, Max: 1.3, Diff: 0.0, Sum: 5.1]
      [GC Worker End (ms): Min: 305859.1, Avg: 305859.1, Max: 305859.1, Diff: 0.0]
   [Code Root Fixup: 0.0 ms]
   [Code Root Purge: 0.0 ms]
   [Clear CT: 0.0 ms]
   [Other: 1.6 ms]
      [Choose CSet: 0.0 ms]
      [Ref Proc: 0.0 ms]
      [Ref Enq: 0.0 ms]
      [Redirty Cards: 0.0 ms]
      [Humongous Register: 0.7 ms]
      [Humongous Reclaim: 0.2 ms]
      [Free CSet: 0.0 ms]
   [Eden: 1024.0K(916.0M)->0.0B(914.0M) Survivors: 1024.0K->1024.0K Heap: 3605.0M(5120.0M)->3604.6M(5120.0M)]
 [Times: user=0.00 sys=0.00, real=0.00 secs] 
2016-06-26T19:47:56.623+0300: 305.860: Total time for which application threads were stopped: 0.0035598 seconds, Stopping threads took: 0.0000761 seconds
2016-06-26T19:47:56.624+0300: 305.860: [GC concurrent-root-region-scan-start]
2016-06-26T19:47:56.625+0300: 305.862: [GC concurrent-root-region-scan-end, 0.0015002 secs]
2016-06-26T19:47:56.625+0300: 305.862: [GC concurrent-mark-start]
2016-06-26T19:47:56.652+0300: 305.888: [GC concurrent-mark-end, 0.0268849 secs]
2016-06-26T19:47:56.681+0300: 305.918: [GC remark 2016-06-26T19:47:56.681+0300: 305.918: [Finalize Marking, 0.0004426 secs] 2016-06-26T19:47:56.682+0300: 305.918: [GC ref-proc, 0.0001065 secs] 2016-06-26T19:47:56.682+0300: 305.919: [Unloading, 0.0017525 secs], 0.0221059 secs]
 [Times: user=0.13 sys=0.00, real=0.02 secs] 
2016-06-26T19:47:56.704+0300: 305.940: Total time for which application threads were stopped: 0.0271034 seconds, Stopping threads took: 0.0046435 seconds
2016-06-26T19:47:56.707+0300: 305.944: [GC cleanup 3640M->3640M(5120M), 0.0022512 secs]
 [Times: user=0.00 sys=0.00, real=0.00 secs] 
2016-06-26T19:47:56.710+0300: 305.946: Total time for which application threads were stopped: 0.0026955 seconds, Stopping threads took: 0.0001022 seconds
2016-06-26T19:47:56.913+0300: 306.150: Total time for which application threads were stopped: 0.0138889 seconds, Stopping threads took: 0.0130349 seconds
2016-06-26T19:47:57.926+0300: 307.162: Total time for which application threads were stopped: 0.0119499 seconds, Stopping threads took: 0.0116189 seconds
2016-06-26T19:47:58.852+0300: 308.088: [GC pause (G1 Humongous Allocation) (young)
Desired survivor size 60293120 bytes, new threshold 15 (max 15)
- age   1:         40 bytes,         40 total
- age   2:      42368 bytes,      42408 total
- age   3:         16 bytes,      42424 total
- age   4:      36328 bytes,      78752 total
- age   5:         16 bytes,      78768 total
- age   6:      33664 bytes,     112432 total
- age   8:      15376 bytes,     127808 total
- age   9:       9032 bytes,     136840 total
- age  10:      23696 bytes,     160536 total
- age  12:      13056 bytes,     173592 total
- age  13:       9032 bytes,     182624 total
- age  14:      21792 bytes,     204416 total
, 0.0577059 secs]
   [Parallel Time: 49.5 ms, GC Workers: 4]
      [GC Worker Start (ms): Min: 308094.4, Avg: 308094.4, Max: 308094.4, Diff: 0.0]
      [Ext Root Scanning (ms): Min: 0.4, Avg: 0.4, Max: 0.4, Diff: 0.0, Sum: 1.6]
      [Update RS (ms): Min: 48.6, Avg: 48.6, Max: 48.6, Diff: 0.0, Sum: 194.4]
         [Processed Buffers: Min: 487, Avg: 511.8, Max: 523, Diff: 36, Sum: 2047]
      [Scan RS (ms): Min: 0.0, Avg: 0.0, Max: 0.0, Diff: 0.0, Sum: 0.0]
      [Code Root Scanning (ms): Min: 0.0, Avg: 0.0, Max: 0.0, Diff: 0.0, Sum: 0.0]
      [Object Copy (ms): Min: 0.4, Avg: 0.4, Max: 0.4, Diff: 0.0, Sum: 1.7]
      [Termination (ms): Min: 0.0, Avg: 0.0, Max: 0.0, Diff: 0.0, Sum: 0.0]
         [Termination Attempts: Min: 1, Avg: 1.3, Max: 2, Diff: 1, Sum: 5]
      [GC Worker Other (ms): Min: 0.0, Avg: 0.0, Max: 0.0, Diff: 0.0, Sum: 0.1]
      [GC Worker Total (ms): Min: 49.4, Avg: 49.4, Max: 49.5, Diff: 0.0, Sum: 197.8]
      [GC Worker End (ms): Min: 308143.8, Avg: 308143.8, Max: 308143.8, Diff: 0.0]
   [Code Root Fixup: 0.0 ms]
   [Code Root Purge: 0.0 ms]
   [Clear CT: 0.0 ms]
   [Other: 8.2 ms]
      [Choose CSet: 0.0 ms]
      [Ref Proc: 0.1 ms]
      [Ref Enq: 0.0 ms]
      [Redirty Cards: 0.0 ms]
      [Humongous Register: 0.8 ms]
      [Humongous Reclaim: 1.9 ms]
      [Free CSet: 0.0 ms]
   [Eden: 64.0M(914.0M)->0.0B(876.0M) Survivors: 1024.0K->1024.0K Heap: 4980.7M(5120.0M)->3641.8M(5120.0M)]
 [Times: user=0.20 sys=0.00, real=0.06 secs] 
2016-06-26T19:47:58.910+0300: 308.146: Total time for which application threads were stopped: 0.0761130 seconds, Stopping threads took: 0.0173615 seconds
2016-06-26T19:47:58.912+0300: 308.149: Total time for which application threads were stopped: 0.0009366 seconds, Stopping threads took: 0.0000629 seconds
2016-06-26T19:47:58.967+0300: 308.204: [GC pause (G1 Humongous Allocation) (young) (initial-mark)
Desired survivor size 57671680 bytes, new threshold 15 (max 15)
- age   1:      39848 bytes,      39848 total
- age   2:         16 bytes,      39864 total
- age   3:      35024 bytes,      74888 total
- age   5:      31608 bytes,     106496 total
- age   7:      29712 bytes,     136208 total
- age   9:      13184 bytes,     149392 total
- age  10:       9032 bytes,     158424 total
- age  11:      22304 bytes,     180728 total
- age  13:      12656 bytes,     193384 total
- age  14:       9032 bytes,     202416 total
- age  15:      21792 bytes,     224208 total
, 0.0043330 secs]
   [Parallel Time: 2.4 ms, GC Workers: 4]
      [GC Worker Start (ms): Min: 308204.9, Avg: 308204.9, Max: 308204.9, Diff: 0.0]
      [Ext Root Scanning (ms): Min: 0.4, Avg: 0.4, Max: 0.4, Diff: 0.1, Sum: 1.6]
      [Update RS (ms): Min: 1.1, Avg: 1.2, Max: 1.2, Diff: 0.1, Sum: 4.7]
         [Processed Buffers: Min: 12, Avg: 13.0, Max: 14, Diff: 2, Sum: 52]
      [Scan RS (ms): Min: 0.0, Avg: 0.0, Max: 0.0, Diff: 0.0, Sum: 0.0]
      [Code Root Scanning (ms): Min: 0.0, Avg: 0.0, Max: 0.0, Diff: 0.0, Sum: 0.0]
      [Object Copy (ms): Min: 0.7, Avg: 0.8, Max: 0.8, Diff: 0.1, Sum: 3.1]
      [Termination (ms): Min: 0.0, Avg: 0.0, Max: 0.0, Diff: 0.0, Sum: 0.0]
         [Termination Attempts: Min: 1, Avg: 1.0, Max: 1, Diff: 0, Sum: 4]
      [GC Worker Other (ms): Min: 0.0, Avg: 0.0, Max: 0.0, Diff: 0.0, Sum: 0.0]
      [GC Worker Total (ms): Min: 2.4, Avg: 2.4, Max: 2.4, Diff: 0.0, Sum: 9.5]
      [GC Worker End (ms): Min: 308207.3, Avg: 308207.3, Max: 308207.3, Diff: 0.0]
   [Code Root Fixup: 0.0 ms]
   [Code Root Purge: 0.0 ms]
   [Clear CT: 0.0 ms]
   [Other: 1.9 ms]
      [Choose CSet: 0.0 ms]
      [Ref Proc: 0.0 ms]
      [Ref Enq: 0.0 ms]
      [Redirty Cards: 0.0 ms]
      [Humongous Register: 0.7 ms]
      [Humongous Reclaim: 0.3 ms]
      [Free CSet: 0.0 ms]
   [Eden: 2048.0K(876.0M)->0.0B(799.0M) Survivors: 1024.0K->1024.0K Heap: 3648.7M(5120.0M)->3647.7M(5120.0M)]
 [Times: user=0.00 sys=0.00, real=0.00 secs] 
2016-06-26T19:47:58.972+0300: 308.208: [GC concurrent-root-region-scan-start]
2016-06-26T19:47:58.972+0300: 308.208: Total time for which application threads were stopped: 0.0049043 seconds, Stopping threads took: 0.0000847 seconds
2016-06-26T19:47:58.974+0300: 308.210: [GC concurrent-root-region-scan-end, 0.0021280 secs]
2016-06-26T19:47:58.974+0300: 308.210: [GC concurrent-mark-start]
2016-06-26T19:47:58.997+0300: 308.233: [GC concurrent-mark-end, 0.0223659 secs]
2016-06-26T19:47:59.037+0300: 308.274: [GC remark 2016-06-26T19:47:59.037+0300: 308.274: [Finalize Marking, 0.0005063 secs] 2016-06-26T19:47:59.037+0300: 308.274: [GC ref-proc, 0.0001065 secs] 2016-06-26T19:47:59.037+0300: 308.274: [Unloading, 0.0016995 secs], 0.0221884 secs]
 [Times: user=0.06 sys=0.00, real=0.02 secs] 
2016-06-26T19:47:59.059+0300: 308.296: Total time for which application threads were stopped: 0.0305396 seconds, Stopping threads took: 0.0080852 seconds
2016-06-26T19:47:59.063+0300: 308.300: [GC cleanup 3686M->3673M(5120M), 0.0021802 secs]
 [Times: user=0.00 sys=0.00, real=0.00 secs] 
2016-06-26T19:47:59.065+0300: 308.302: Total time for which application threads were stopped: 0.0025326 seconds, Stopping threads took: 0.0000629 seconds
2016-06-26T19:47:59.065+0300: 308.302: [GC concurrent-cleanup-start]
2016-06-26T19:47:59.065+0300: 308.302: [GC concurrent-cleanup-end, 0.0000252 secs]
2016-06-26T19:48:00.092+0300: 309.328: Total time for which application threads were stopped: 0.0261891 seconds, Stopping threads took: 0.0258615 seconds
2016-06-26T19:48:00.924+0300: 310.161: Total time for which application threads were stopped: 0.0243027 seconds, Stopping threads took: 0.0234833 seconds
2016-06-26T19:48:01.215+0300: 310.452: [GC pause (G1 Humongous Allocation) (young)
Desired survivor size 52428800 bytes, new threshold 15 (max 15)
- age   1:     192344 bytes,     192344 total
- age   2:      37760 bytes,     230104 total
- age   3:         16 bytes,     230120 total
- age   4:      35024 bytes,     265144 total
- age   6:      31608 bytes,     296752 total
- age   8:      29712 bytes,     326464 total
- age  10:      13184 bytes,     339648 total
- age  11:       9032 bytes,     348680 total
- age  12:      22304 bytes,     370984 total
- age  14:      12656 bytes,     383640 total
- age  15:       9032 bytes,     392672 total
, 0.0554462 secs]
   [Parallel Time: 47.3 ms, GC Workers: 4]
      [GC Worker Start (ms): Min: 310457.8, Avg: 310457.9, Max: 310458.0, Diff: 0.1]
      [Ext Root Scanning (ms): Min: 0.3, Avg: 0.3, Max: 0.4, Diff: 0.1, Sum: 1.4]
      [Update RS (ms): Min: 46.4, Avg: 46.4, Max: 46.4, Diff: 0.0, Sum: 185.7]
         [Processed Buffers: Min: 493, Avg: 497.0, Max: 503, Diff: 10, Sum: 1988]
      [Scan RS (ms): Min: 0.0, Avg: 0.0, Max: 0.0, Diff: 0.0, Sum: 0.0]
      [Code Root Scanning (ms): Min: 0.0, Avg: 0.0, Max: 0.0, Diff: 0.0, Sum: 0.0]
      [Object Copy (ms): Min: 0.4, Avg: 0.4, Max: 0.5, Diff: 0.0, Sum: 1.8]
      [Termination (ms): Min: 0.0, Avg: 0.0, Max: 0.0, Diff: 0.0, Sum: 0.0]
         [Termination Attempts: Min: 1, Avg: 1.0, Max: 1, Diff: 0, Sum: 4]
      [GC Worker Other (ms): Min: 0.0, Avg: 0.0, Max: 0.0, Diff: 0.0, Sum: 0.1]
      [GC Worker Total (ms): Min: 47.2, Avg: 47.2, Max: 47.3, Diff: 0.1, Sum: 189.0]
      [GC Worker End (ms): Min: 310505.1, Avg: 310505.1, Max: 310505.1, Diff: 0.0]
   [Code Root Fixup: 0.0 ms]
   [Code Root Purge: 0.0 ms]
   [Clear CT: 0.0 ms]
   [Other: 8.1 ms]
      [Choose CSet: 0.0 ms]
      [Ref Proc: 0.1 ms]
      [Ref Enq: 0.0 ms]
      [Redirty Cards: 0.0 ms]
      [Humongous Register: 0.8 ms]
      [Humongous Reclaim: 2.1 ms]
      [Free CSet: 0.1 ms]
   [Eden: 63.0M(799.0M)->0.0B(1054.0M) Survivors: 1024.0K->1024.0K Heap: 4981.7M(5120.0M)->3395.7M(5120.0M)]
 [Times: user=0.20 sys=0.00, real=0.06 secs] 
2016-06-26T19:48:01.271+0300: 310.508: Total time for which application threads were stopped: 0.0724489 seconds, Stopping threads took: 0.0161315 seconds
2016-06-26T19:48:01.273+0300: 310.509: [GC pause (G1 Humongous Allocation) (young) (initial-mark)
Desired survivor size 69206016 bytes, new threshold 15 (max 15)
- age   1:      32616 bytes,      32616 total
- age   2:      10864 bytes,      43480 total
- age   3:      33048 bytes,      76528 total
- age   5:      29784 bytes,     106312 total
- age   7:      26528 bytes,     132840 total
- age   9:      26168 bytes,     159008 total
- age  11:      11568 bytes,     170576 total
- age  12:       9032 bytes,     179608 total
- age  13:      21800 bytes,     201408 total
- age  15:      12656 bytes,     214064 total
, 0.0028726 secs]
   [Parallel Time: 1.3 ms, GC Workers: 4]
      [GC Worker Start (ms): Min: 310510.3, Avg: 310510.3, Max: 310510.4, Diff: 0.0]
      [Ext Root Scanning (ms): Min: 0.4, Avg: 0.4, Max: 0.4, Diff: 0.0, Sum: 1.6]
      [Update RS (ms): Min: 0.4, Avg: 0.4, Max: 0.5, Diff: 0.1, Sum: 1.6]
         [Processed Buffers: Min: 4, Avg: 4.5, Max: 5, Diff: 1, Sum: 18]
      [Scan RS (ms): Min: 0.0, Avg: 0.0, Max: 0.0, Diff: 0.0, Sum: 0.0]
      [Code Root Scanning (ms): Min: 0.0, Avg: 0.0, Max: 0.0, Diff: 0.0, Sum: 0.0]
      [Object Copy (ms): Min: 0.4, Avg: 0.4, Max: 0.5, Diff: 0.1, Sum: 1.7]
      [Termination (ms): Min: 0.0, Avg: 0.0, Max: 0.0, Diff: 0.0, Sum: 0.0]
         [Termination Attempts: Min: 1, Avg: 1.0, Max: 1, Diff: 0, Sum: 4]
      [GC Worker Other (ms): Min: 0.0, Avg: 0.0, Max: 0.0, Diff: 0.0, Sum: 0.0]
      [GC Worker Total (ms): Min: 1.2, Avg: 1.2, Max: 1.3, Diff: 0.0, Sum: 5.0]
      [GC Worker End (ms): Min: 310511.6, Avg: 310511.6, Max: 310511.6, Diff: 0.0]
   [Code Root Fixup: 0.0 ms]
   [Code Root Purge: 0.0 ms]
   [Clear CT: 0.0 ms]
   [Other: 1.5 ms]
      [Choose CSet: 0.0 ms]
      [Ref Proc: 0.0 ms]
      [Ref Enq: 0.0 ms]
      [Redirty Cards: 0.0 ms]
      [Humongous Register: 0.6 ms]
      [Humongous Reclaim: 0.3 ms]
      [Free CSet: 0.0 ms]
   [Eden: 1024.0K(1054.0M)->0.0B(1068.0M) Survivors: 1024.0K->1024.0K Heap: 3398.1M(5120.0M)->3397.6M(5120.0M)]
 [Times: user=0.00 sys=0.00, real=0.00 secs] 
2016-06-26T19:48:01.276+0300: 310.512: [GC concurrent-root-region-scan-start]
2016-06-26T19:48:01.276+0300: 310.512: Total time for which application threads were stopped: 0.0034225 seconds, Stopping threads took: 0.0000603 seconds
2016-06-26T19:48:01.277+0300: 310.514: [GC concurrent-root-region-scan-end, 0.0014438 secs]
2016-06-26T19:48:01.277+0300: 310.514: [GC concurrent-mark-start]
2016-06-26T19:48:01.304+0300: 310.540: [GC concurrent-mark-end, 0.0258025 secs]
2016-06-26T19:48:01.327+0300: 310.564: [GC remark 2016-06-26T19:48:01.327+0300: 310.564: [Finalize Marking, 0.0003751 secs] 2016-06-26T19:48:01.328+0300: 310.564: [GC ref-proc, 0.0001022 secs] 2016-06-26T19:48:01.328+0300: 310.564: [Unloading, 0.0016666 secs], 0.0208691 secs]
 [Times: user=0.06 sys=0.00, real=0.02 secs] 
2016-06-26T19:48:01.348+0300: 310.585: Total time for which application threads were stopped: 0.0313240 seconds, Stopping threads took: 0.0101692 seconds
2016-06-26T19:48:01.354+0300: 310.590: [GC cleanup 3433M->3433M(5120M), 0.0022422 secs]
 [Times: user=0.00 sys=0.00, real=0.00 secs] 
2016-06-26T19:48:01.356+0300: 310.593: Total time for which application threads were stopped: 0.0026951 seconds, Stopping threads took: 0.0001604 seconds
2016-06-26T19:48:01.925+0300: 311.162: Total time for which application threads were stopped: 0.0251550 seconds, Stopping threads took: 0.0243164 seconds
2016-06-26T19:48:02.920+0300: 312.156: Total time for which application threads were stopped: 0.0187099 seconds, Stopping threads took: 0.0177438 seconds
2016-06-26T19:48:03.863+0300: 313.100: [GC pause (G1 Humongous Allocation) (young)
Desired survivor size 70254592 bytes, new threshold 15 (max 15)
- age   1:         40 bytes,         40 total
- age   2:      32592 bytes,      32632 total
- age   3:      10864 bytes,      43496 total
- age   4:      33048 bytes,      76544 total
- age   6:      29784 bytes,     106328 total
- age   8:      26528 bytes,     132856 total
- age  10:      26168 bytes,     159024 total
- age  12:      11568 bytes,     170592 total
- age  13:       9032 bytes,     179624 total
- age  14:      21800 bytes,     201424 total
, 0.0570264 secs]
   [Parallel Time: 49.3 ms, GC Workers: 4]
      [GC Worker Start (ms): Min: 313105.3, Avg: 313105.3, Max: 313105.3, Diff: 0.0]
      [Ext Root Scanning (ms): Min: 0.4, Avg: 0.4, Max: 0.4, Diff: 0.0, Sum: 1.6]
      [Update RS (ms): Min: 48.3, Avg: 48.3, Max: 48.3, Diff: 0.1, Sum: 193.2]
         [Processed Buffers: Min: 499, Avg: 505.3, Max: 510, Diff: 11, Sum: 2021]
      [Scan RS (ms): Min: 0.0, Avg: 0.0, Max: 0.0, Diff: 0.0, Sum: 0.0]
      [Code Root Scanning (ms): Min: 0.0, Avg: 0.1, Max: 0.4, Diff: 0.4, Sum: 0.4]
      [Object Copy (ms): Min: 0.2, Avg: 0.4, Max: 0.5, Diff: 0.3, Sum: 1.7]
      [Termination (ms): Min: 0.0, Avg: 0.0, Max: 0.0, Diff: 0.0, Sum: 0.0]
         [Termination Attempts: Min: 1, Avg: 1.3, Max: 2, Diff: 1, Sum: 5]
      [GC Worker Other (ms): Min: 0.0, Avg: 0.0, Max: 0.0, Diff: 0.0, Sum: 0.1]
      [GC Worker Total (ms): Min: 49.2, Avg: 49.2, Max: 49.2, Diff: 0.0, Sum: 196.9]
      [GC Worker End (ms): Min: 313154.6, Avg: 313154.6, Max: 313154.6, Diff: 0.0]
   [Code Root Fixup: 0.0 ms]
   [Code Root Purge: 0.0 ms]
   [Clear CT: 0.1 ms]
   [Other: 7.7 ms]
      [Choose CSet: 0.0 ms]
      [Ref Proc: 0.0 ms]
      [Ref Enq: 0.0 ms]
      [Redirty Cards: 0.0 ms]
      [Humongous Register: 0.8 ms]
      [Humongous Reclaim: 1.8 ms]
      [Free CSet: 0.1 ms]
   [Eden: 63.0M(1068.0M)->0.0B(881.0M) Survivors: 1024.0K->1024.0K Heap: 4981.1M(5120.0M)->3600.8M(5120.0M)]
 [Times: user=0.17 sys=0.00, real=0.06 secs] 
2016-06-26T19:48:03.920+0300: 313.157: Total time for which application threads were stopped: 0.0791626 seconds, Stopping threads took: 0.0212429 seconds
2016-06-26T19:48:03.923+0300: 313.160: Total time for which application threads were stopped: 0.0013569 seconds, Stopping threads took: 0.0001150 seconds
2016-06-26T19:48:03.987+0300: 313.224: [GC pause (G1 Humongous Allocation) (young) (initial-mark)
Desired survivor size 58195968 bytes, new threshold 15 (max 15)
- age   1:      42368 bytes,      42368 total
- age   2:         16 bytes,      42384 total
- age   3:      24992 bytes,      67376 total
- age   4:      10864 bytes,      78240 total
- age   5:      28600 bytes,     106840 total
- age   7:      25744 bytes,     132584 total
- age   9:      23792 bytes,     156376 total
- age  11:      25000 bytes,     181376 total
- age  13:      11392 bytes,     192768 total
- age  14:       9032 bytes,     201800 total
- age  15:      21776 bytes,     223576 total
, 0.0041615 secs]
   [Parallel Time: 2.4 ms, GC Workers: 4]
      [GC Worker Start (ms): Min: 313224.7, Avg: 313224.7, Max: 313224.7, Diff: 0.0]
      [Ext Root Scanning (ms): Min: 0.4, Avg: 0.4, Max: 0.4, Diff: 0.0, Sum: 1.6]
      [Update RS (ms): Min: 1.1, Avg: 1.2, Max: 1.2, Diff: 0.1, Sum: 4.6]
         [Processed Buffers: Min: 12, Avg: 12.5, Max: 13, Diff: 1, Sum: 50]
      [Scan RS (ms): Min: 0.0, Avg: 0.0, Max: 0.0, Diff: 0.0, Sum: 0.0]
      [Code Root Scanning (ms): Min: 0.0, Avg: 0.0, Max: 0.0, Diff: 0.0, Sum: 0.0]
      [Object Copy (ms): Min: 0.7, Avg: 0.8, Max: 0.9, Diff: 0.1, Sum: 3.1]
      [Termination (ms): Min: 0.0, Avg: 0.0, Max: 0.0, Diff: 0.0, Sum: 0.0]
         [Termination Attempts: Min: 1, Avg: 1.0, Max: 1, Diff: 0, Sum: 4]
      [GC Worker Other (ms): Min: 0.0, Avg: 0.0, Max: 0.0, Diff: 0.0, Sum: 0.0]
      [GC Worker Total (ms): Min: 2.3, Avg: 2.3, Max: 2.3, Diff: 0.0, Sum: 9.4]
      [GC Worker End (ms): Min: 313227.0, Avg: 313227.0, Max: 313227.0, Diff: 0.0]
   [Code Root Fixup: 0.0 ms]
   [Code Root Purge: 0.0 ms]
   [Clear CT: 0.0 ms]
   [Other: 1.7 ms]
      [Choose CSet: 0.0 ms]
      [Ref Proc: 0.0 ms]
      [Ref Enq: 0.0 ms]
      [Redirty Cards: 0.0 ms]
      [Humongous Register: 0.6 ms]
      [Humongous Reclaim: 0.3 ms]
      [Free CSet: 0.0 ms]
   [Eden: 2048.0K(881.0M)->0.0B(825.0M) Survivors: 1024.0K->1024.0K Heap: 3607.7M(5120.0M)->3606.8M(5120.0M)]
 [Times: user=0.00 sys=0.00, real=0.00 secs] 
2016-06-26T19:48:03.991+0300: 313.228: [GC concurrent-root-region-scan-start]
2016-06-26T19:48:03.991+0300: 313.228: Total time for which application threads were stopped: 0.0047119 seconds, Stopping threads took: 0.0000838 seconds
2016-06-26T19:48:03.993+0300: 313.230: [GC concurrent-root-region-scan-end, 0.0019702 secs]
2016-06-26T19:48:03.993+0300: 313.230: [GC concurrent-mark-start]
2016-06-26T19:48:04.016+0300: 313.252: [GC concurrent-mark-end, 0.0223017 secs]
2016-06-26T19:48:04.029+0300: 313.265: [GC remark 2016-06-26T19:48:04.029+0300: 313.266: [Finalize Marking, 0.0003481 secs] 2016-06-26T19:48:04.029+0300: 313.266: [GC ref-proc, 0.0001103 secs] 2016-06-26T19:48:04.029+0300: 313.266: [Unloading, 0.0017183 secs], 0.0220178 secs]
 [Times: user=0.13 sys=0.00, real=0.02 secs] 
2016-06-26T19:48:04.051+0300: 313.288: Total time for which application threads were stopped: 0.0276397 seconds, Stopping threads took: 0.0053397 seconds
2016-06-26T19:48:04.118+0300: 313.354: [GC cleanup 3660M->3660M(5120M), 0.0023033 secs]
 [Times: user=0.00 sys=0.00, real=0.00 secs] 
2016-06-26T19:48:04.120+0300: 313.357: Total time for which application threads were stopped: 0.0170117 seconds, Stopping threads took: 0.0144372 seconds
2016-06-26T19:48:05.159+0300: 314.396: Total time for which application threads were stopped: 0.0393489 seconds, Stopping threads took: 0.0390016 seconds
2016-06-26T19:48:05.921+0300: 315.158: Total time for which application threads were stopped: 0.0182852 seconds, Stopping threads took: 0.0174226 seconds
2016-06-26T19:48:06.260+0300: 315.497: [GC pause (G1 Humongous Allocation) (young)
Desired survivor size 54525952 bytes, new threshold 15 (max 15)
- age   1:     194008 bytes,     194008 total
- age   2:      40136 bytes,     234144 total
- age   3:         16 bytes,     234160 total
- age   4:      24992 bytes,     259152 total
- age   5:      10864 bytes,     270016 total
- age   6:      28600 bytes,     298616 total
- age   8:      25744 bytes,     324360 total
- age  10:      23792 bytes,     348152 total
- age  12:      25000 bytes,     373152 total
- age  14:      11392 bytes,     384544 total
- age  15:       9032 bytes,     393576 total
, 0.0570384 secs]
   [Parallel Time: 48.6 ms, GC Workers: 4]
      [GC Worker Start (ms): Min: 315502.6, Avg: 315502.6, Max: 315502.6, Diff: 0.0]
      [Ext Root Scanning (ms): Min: 0.3, Avg: 0.4, Max: 0.4, Diff: 0.0, Sum: 1.4]
      [Update RS (ms): Min: 47.6, Avg: 47.6, Max: 47.6, Diff: 0.1, Sum: 190.4]
         [Processed Buffers: Min: 488, Avg: 504.8, Max: 515, Diff: 27, Sum: 2019]
      [Scan RS (ms): Min: 0.0, Avg: 0.0, Max: 0.0, Diff: 0.0, Sum: 0.0]
      [Code Root Scanning (ms): Min: 0.0, Avg: 0.0, Max: 0.0, Diff: 0.0, Sum: 0.0]
      [Object Copy (ms): Min: 0.5, Avg: 0.6, Max: 0.6, Diff: 0.0, Sum: 2.2]
      [Termination (ms): Min: 0.0, Avg: 0.0, Max: 0.0, Diff: 0.0, Sum: 0.0]
         [Termination Attempts: Min: 1, Avg: 1.0, Max: 1, Diff: 0, Sum: 4]
      [GC Worker Other (ms): Min: 0.0, Avg: 0.0, Max: 0.0, Diff: 0.0, Sum: 0.1]
      [GC Worker Total (ms): Min: 48.5, Avg: 48.5, Max: 48.5, Diff: 0.0, Sum: 194.2]
      [GC Worker End (ms): Min: 315551.1, Avg: 315551.1, Max: 315551.2, Diff: 0.0]
   [Code Root Fixup: 0.0 ms]
   [Code Root Purge: 0.0 ms]
   [Clear CT: 0.0 ms]
   [Other: 8.4 ms]
      [Choose CSet: 0.0 ms]
      [Ref Proc: 0.1 ms]
      [Ref Enq: 0.0 ms]
      [Redirty Cards: 0.0 ms]
      [Humongous Register: 0.9 ms]
      [Humongous Reclaim: 2.1 ms]
      [Free CSet: 0.1 ms]
   [Eden: 61.0M(825.0M)->0.0B(1014.0M) Survivors: 1024.0K->1024.0K Heap: 4982.2M(5120.0M)->3427.0M(5120.0M)]
 [Times: user=0.20 sys=0.00, real=0.06 secs] 
2016-06-26T19:48:06.317+0300: 315.554: Total time for which application threads were stopped: 0.0645373 seconds, Stopping threads took: 0.0066445 seconds
2016-06-26T19:48:06.328+0300: 315.564: [GC pause (G1 Humongous Allocation) (young) (initial-mark)
Desired survivor size 66584576 bytes, new threshold 15 (max 15)
- age   1:     111120 bytes,     111120 total
- age   2:      10856 bytes,     121976 total
- age   3:      34336 bytes,     156312 total
- age   4:         16 bytes,     156328 total
- age   5:      19504 bytes,     175832 total
- age   6:      10864 bytes,     186696 total
- age   7:      24448 bytes,     211144 total
- age   9:      23320 bytes,     234464 total
- age  11:      22032 bytes,     256496 total
- age  13:      24552 bytes,     281048 total
- age  15:      11368 bytes,     292416 total
, 0.0035568 secs]
   [Parallel Time: 1.8 ms, GC Workers: 4]
      [GC Worker Start (ms): Min: 315565.4, Avg: 315565.4, Max: 315565.4, Diff: 0.0]
      [Ext Root Scanning (ms): Min: 0.4, Avg: 0.4, Max: 0.4, Diff: 0.0, Sum: 1.7]
      [Update RS (ms): Min: 0.8, Avg: 0.8, Max: 0.8, Diff: 0.1, Sum: 3.2]
         [Processed Buffers: Min: 8, Avg: 8.5, Max: 9, Diff: 1, Sum: 34]
      [Scan RS (ms): Min: 0.0, Avg: 0.0, Max: 0.0, Diff: 0.0, Sum: 0.0]
      [Code Root Scanning (ms): Min: 0.0, Avg: 0.0, Max: 0.0, Diff: 0.0, Sum: 0.0]
      [Object Copy (ms): Min: 0.5, Avg: 0.5, Max: 0.6, Diff: 0.1, Sum: 2.2]
      [Termination (ms): Min: 0.0, Avg: 0.0, Max: 0.0, Diff: 0.0, Sum: 0.0]
         [Termination Attempts: Min: 1, Avg: 1.0, Max: 1, Diff: 0, Sum: 4]
      [GC Worker Other (ms): Min: 0.0, Avg: 0.0, Max: 0.0, Diff: 0.0, Sum: 0.0]
      [GC Worker Total (ms): Min: 1.8, Avg: 1.8, Max: 1.8, Diff: 0.0, Sum: 7.1]
      [GC Worker End (ms): Min: 315567.1, Avg: 315567.1, Max: 315567.1, Diff: 0.0]
   [Code Root Fixup: 0.0 ms]
   [Code Root Purge: 0.0 ms]
   [Clear CT: 0.0 ms]
   [Other: 1.7 ms]
      [Choose CSet: 0.0 ms]
      [Ref Proc: 0.0 ms]
      [Ref Enq: 0.0 ms]
      [Redirty Cards: 0.0 ms]
      [Humongous Register: 0.6 ms]
      [Humongous Reclaim: 0.3 ms]
      [Free CSet: 0.0 ms]
   [Eden: 1024.0K(1014.0M)->0.0B(1028.0M) Survivors: 1024.0K->1024.0K Heap: 3431.9M(5120.0M)->3430.9M(5120.0M)]
 [Times: user=0.00 sys=0.00, real=0.00 secs] 
2016-06-26T19:48:06.332+0300: 315.568: [GC concurrent-root-region-scan-start]
2016-06-26T19:48:06.332+0300: 315.568: Total time for which application threads were stopped: 0.0041551 seconds, Stopping threads took: 0.0000783 seconds
2016-06-26T19:48:06.333+0300: 315.570: [GC concurrent-root-region-scan-end, 0.0016824 secs]
2016-06-26T19:48:06.333+0300: 315.570: [GC concurrent-mark-start]
2016-06-26T19:48:06.357+0300: 315.593: [GC concurrent-mark-end, 0.0221811 secs]
2016-06-26T19:48:06.396+0300: 315.633: [GC remark 2016-06-26T19:48:06.397+0300: 315.633: [Finalize Marking, 0.0004704 secs] 2016-06-26T19:48:06.397+0300: 315.633: [GC ref-proc, 0.0001086 secs] 2016-06-26T19:48:06.397+0300: 315.634: [Unloading, 0.0017102 secs], 0.0210205 secs]
 [Times: user=0.06 sys=0.00, real=0.02 secs] 
2016-06-26T19:48:06.418+0300: 315.654: Total time for which application threads were stopped: 0.0265898 seconds, Stopping threads took: 0.0052597 seconds
2016-06-26T19:48:06.859+0300: 316.096: [GC cleanup 3784M->3784M(5120M), 0.0022071 secs]
 [Times: user=0.00 sys=0.00, real=0.00 secs] 
2016-06-26T19:48:06.861+0300: 316.098: Total time for which application threads were stopped: 0.0092754 seconds, Stopping threads took: 0.0067146 seconds
2016-06-26T19:48:07.872+0300: 317.108: Total time for which application threads were stopped: 0.0103249 seconds, Stopping threads took: 0.0099720 seconds
2016-06-26T19:48:08.070+0300: 317.306: Total time for which application threads were stopped: 0.0140677 seconds, Stopping threads took: 0.0138504 seconds
2016-06-26T19:48:08.845+0300: 318.082: [GC pause (G1 Humongous Allocation) (young)
Desired survivor size 67633152 bytes, new threshold 15 (max 15)
- age   1:         56 bytes,         56 total
- age   2:     111072 bytes,     111128 total
- age   3:      10856 bytes,     121984 total
- age   4:      34336 bytes,     156320 total
- age   5:         16 bytes,     156336 total
- age   6:      19504 bytes,     175840 total
- age   7:      10864 bytes,     186704 total
- age   8:      24448 bytes,     211152 total
- age  10:      23320 bytes,     234472 total
- age  12:      22032 bytes,     256504 total
- age  14:      24552 bytes,     281056 total
, 0.0569550 secs]
   [Parallel Time: 49.1 ms, GC Workers: 4]
      [GC Worker Start (ms): Min: 318087.4, Avg: 318087.4, Max: 318087.4, Diff: 0.0]
      [Ext Root Scanning (ms): Min: 0.4, Avg: 0.4, Max: 0.4, Diff: 0.0, Sum: 1.5]
      [Update RS (ms): Min: 48.2, Avg: 48.2, Max: 48.2, Diff: 0.1, Sum: 192.7]
         [Processed Buffers: Min: 501, Avg: 509.0, Max: 517, Diff: 16, Sum: 2036]
      [Scan RS (ms): Min: 0.0, Avg: 0.0, Max: 0.0, Diff: 0.0, Sum: 0.0]
      [Code Root Scanning (ms): Min: 0.0, Avg: 0.0, Max: 0.0, Diff: 0.0, Sum: 0.0]
      [Object Copy (ms): Min: 0.4, Avg: 0.4, Max: 0.4, Diff: 0.1, Sum: 1.7]
      [Termination (ms): Min: 0.0, Avg: 0.0, Max: 0.0, Diff: 0.0, Sum: 0.0]
         [Termination Attempts: Min: 1, Avg: 1.0, Max: 1, Diff: 0, Sum: 4]
      [GC Worker Other (ms): Min: 0.0, Avg: 0.0, Max: 0.0, Diff: 0.0, Sum: 0.1]
      [GC Worker Total (ms): Min: 49.0, Avg: 49.0, Max: 49.0, Diff: 0.0, Sum: 196.1]
      [GC Worker End (ms): Min: 318136.4, Avg: 318136.4, Max: 318136.4, Diff: 0.0]
   [Code Root Fixup: 0.0 ms]
   [Code Root Purge: 0.0 ms]
   [Clear CT: 0.0 ms]
   [Other: 7.8 ms]
      [Choose CSet: 0.0 ms]
      [Ref Proc: 0.0 ms]
      [Ref Enq: 0.0 ms]
      [Redirty Cards: 0.0 ms]
      [Humongous Register: 0.8 ms]
      [Humongous Reclaim: 2.0 ms]
      [Free CSet: 0.1 ms]
   [Eden: 63.0M(1028.0M)->0.0B(876.0M) Survivors: 1024.0K->1024.0K Heap: 4982.2M(5120.0M)->3600.8M(5120.0M)]
 [Times: user=0.19 sys=0.00, real=0.06 secs] 
2016-06-26T19:48:08.902+0300: 318.139: Total time for which application threads were stopped: 0.0769175 seconds, Stopping threads took: 0.0190054 seconds
2016-06-26T19:48:08.905+0300: 318.142: Total time for which application threads were stopped: 0.0008887 seconds, Stopping threads took: 0.0000629 seconds
2016-06-26T19:48:08.963+0300: 318.200: [GC pause (G1 Humongous Allocation) (young) (initial-mark)
Desired survivor size 57671680 bytes, new threshold 15 (max 15)
- age   1:      38936 bytes,      38936 total
- age   2:         16 bytes,      38952 total
- age   3:      25808 bytes,      64760 total
- age   4:      10784 bytes,      75544 total
- age   5:      30384 bytes,     105928 total
- age   7:      15168 bytes,     121096 total
- age   8:      10864 bytes,     131960 total
- age   9:      21424 bytes,     153384 total
- age  11:      21848 bytes,     175232 total
- age  13:      21568 bytes,     196800 total
- age  15:      24552 bytes,     221352 total
, 0.0040837 secs]
   [Parallel Time: 2.4 ms, GC Workers: 4]
      [GC Worker Start (ms): Min: 318201.1, Avg: 318201.1, Max: 318201.2, Diff: 0.0]
      [Ext Root Scanning (ms): Min: 0.4, Avg: 0.4, Max: 0.4, Diff: 0.0, Sum: 1.5]
      [Update RS (ms): Min: 1.1, Avg: 1.2, Max: 1.2, Diff: 0.1, Sum: 4.7]
         [Processed Buffers: Min: 12, Avg: 12.5, Max: 13, Diff: 1, Sum: 50]
      [Scan RS (ms): Min: 0.0, Avg: 0.0, Max: 0.0, Diff: 0.0, Sum: 0.0]
      [Code Root Scanning (ms): Min: 0.0, Avg: 0.0, Max: 0.0, Diff: 0.0, Sum: 0.0]
      [Object Copy (ms): Min: 0.7, Avg: 0.8, Max: 0.9, Diff: 0.1, Sum: 3.2]
      [Termination (ms): Min: 0.0, Avg: 0.0, Max: 0.0, Diff: 0.0, Sum: 0.0]
         [Termination Attempts: Min: 1, Avg: 1.3, Max: 2, Diff: 1, Sum: 5]
      [GC Worker Other (ms): Min: 0.0, Avg: 0.0, Max: 0.0, Diff: 0.0, Sum: 0.0]
      [GC Worker Total (ms): Min: 2.4, Avg: 2.4, Max: 2.4, Diff: 0.0, Sum: 9.5]
      [GC Worker End (ms): Min: 318203.5, Avg: 318203.5, Max: 318203.5, Diff: 0.0]
   [Code Root Fixup: 0.0 ms]
   [Code Root Purge: 0.0 ms]
   [Clear CT: 0.0 ms]
   [Other: 1.6 ms]
      [Choose CSet: 0.0 ms]
      [Ref Proc: 0.0 ms]
      [Ref Enq: 0.0 ms]
      [Redirty Cards: 0.0 ms]
      [Humongous Register: 0.6 ms]
      [Humongous Reclaim: 0.2 ms]
      [Free CSet: 0.0 ms]
   [Eden: 2048.0K(876.0M)->0.0B(814.0M) Survivors: 1024.0K->1024.0K Heap: 3607.7M(5120.0M)->3606.9M(5120.0M)]
 [Times: user=0.06 sys=0.00, real=0.00 secs] 
2016-06-26T19:48:08.968+0300: 318.204: [GC concurrent-root-region-scan-start]
2016-06-26T19:48:08.968+0300: 318.204: Total time for which application threads were stopped: 0.0046101 seconds, Stopping threads took: 0.0000641 seconds
2016-06-26T19:48:08.970+0300: 318.206: [GC concurrent-root-region-scan-end, 0.0021139 secs]
2016-06-26T19:48:08.970+0300: 318.206: [GC concurrent-mark-start]
2016-06-26T19:48:08.994+0300: 318.231: [GC concurrent-mark-end, 0.0245991 secs]
2016-06-26T19:48:09.018+0300: 318.255: [GC remark 2016-06-26T19:48:09.018+0300: 318.255: [Finalize Marking, 0.0003674 secs] 2016-06-26T19:48:09.018+0300: 318.255: [GC ref-proc, 0.0001009 secs] 2016-06-26T19:48:09.018+0300: 318.255: [Unloading, 0.0017410 secs], 0.0222701 secs]
 [Times: user=0.06 sys=0.00, real=0.02 secs] 
2016-06-26T19:48:09.041+0300: 318.277: Total time for which application threads were stopped: 0.0360098 seconds, Stopping threads took: 0.0134737 seconds
2016-06-26T19:48:09.104+0300: 318.340: [GC cleanup 3666M->3666M(5120M), 0.0026844 secs]
 [Times: user=0.00 sys=0.00, real=0.00 secs] 
2016-06-26T19:48:09.107+0300: 318.343: Total time for which application threads were stopped: 0.0152309 seconds, Stopping threads took: 0.0122617 seconds
2016-06-26T19:48:10.121+0300: 319.357: Total time for which application threads were stopped: 0.0143705 seconds, Stopping threads took: 0.0140382 seconds
2016-06-26T19:48:10.918+0300: 320.155: Total time for which application threads were stopped: 0.0119893 seconds, Stopping threads took: 0.0111237 seconds
2016-06-26T19:48:11.235+0300: 320.472: [GC pause (G1 Humongous Allocation) (young)
Desired survivor size 53477376 bytes, new threshold 15 (max 15)
- age   1:     220600 bytes,     220600 total
- age   2:      37040 bytes,     257640 total
- age   3:         16 bytes,     257656 total
- age   4:      25808 bytes,     283464 total
- age   5:      10784 bytes,     294248 total
- age   6:      30384 bytes,     324632 total
- age   8:      15168 bytes,     339800 total
- age   9:      10864 bytes,     350664 total
- age  10:      21424 bytes,     372088 total
- age  12:      21848 bytes,     393936 total
- age  14:      21568 bytes,     415504 total
, 0.0615407 secs]
   [Parallel Time: 52.8 ms, GC Workers: 4]
      [GC Worker Start (ms): Min: 320478.0, Avg: 320478.0, Max: 320478.0, Diff: 0.1]
      [Ext Root Scanning (ms): Min: 0.4, Avg: 0.4, Max: 0.5, Diff: 0.1, Sum: 1.7]
      [Update RS (ms): Min: 51.5, Avg: 51.5, Max: 51.6, Diff: 0.1, Sum: 206.2]
         [Processed Buffers: Min: 481, Avg: 513.3, Max: 545, Diff: 64, Sum: 2053]
      [Scan RS (ms): Min: 0.0, Avg: 0.0, Max: 0.0, Diff: 0.0, Sum: 0.0]
      [Code Root Scanning (ms): Min: 0.0, Avg: 0.0, Max: 0.0, Diff: 0.0, Sum: 0.0]
      [Object Copy (ms): Min: 0.7, Avg: 0.7, Max: 0.7, Diff: 0.0, Sum: 2.8]
      [Termination (ms): Min: 0.0, Avg: 0.0, Max: 0.0, Diff: 0.0, Sum: 0.0]
         [Termination Attempts: Min: 1, Avg: 1.0, Max: 1, Diff: 0, Sum: 4]
      [GC Worker Other (ms): Min: 0.0, Avg: 0.0, Max: 0.0, Diff: 0.0, Sum: 0.1]
      [GC Worker Total (ms): Min: 52.7, Avg: 52.7, Max: 52.7, Diff: 0.1, Sum: 210.8]
      [GC Worker End (ms): Min: 320530.7, Avg: 320530.7, Max: 320530.7, Diff: 0.0]
   [Code Root Fixup: 0.0 ms]
   [Code Root Purge: 0.0 ms]
   [Clear CT: 0.1 ms]
   [Other: 8.7 ms]
      [Choose CSet: 0.0 ms]
      [Ref Proc: 0.1 ms]
      [Ref Enq: 0.0 ms]
      [Redirty Cards: 0.1 ms]
      [Humongous Register: 0.8 ms]
      [Humongous Reclaim: 2.3 ms]
      [Free CSet: 0.1 ms]
   [Eden: 62.0M(814.0M)->0.0B(948.0M) Survivors: 1024.0K->1024.0K Heap: 4981.4M(5120.0M)->3484.0M(5120.0M)]
 [Times: user=0.19 sys=0.00, real=0.06 secs] 
2016-06-26T19:48:11.297+0300: 320.534: Total time for which application threads were stopped: 0.0754951 seconds, Stopping threads took: 0.0131213 seconds
2016-06-26T19:48:11.312+0300: 320.548: [GC pause (G1 Humongous Allocation) (young) (initial-mark)
Desired survivor size 62390272 bytes, new threshold 15 (max 15)
- age   1:     201728 bytes,     201728 total
- age   2:      10800 bytes,     212528 total
- age   3:      30824 bytes,     243352 total
- age   4:         16 bytes,     243368 total
- age   5:      20280 bytes,     263648 total
- age   6:      10784 bytes,     274432 total
- age   7:      25672 bytes,     300104 total
- age   9:      12952 bytes,     313056 total
- age  10:      10864 bytes,     323920 total
- age  11:      20440 bytes,     344360 total
- age  13:      21592 bytes,     365952 total
- age  15:      21568 bytes,     387520 total
, 0.0049916 secs]
   [Parallel Time: 3.3 ms, GC Workers: 4]
      [GC Worker Start (ms): Min: 320549.1, Avg: 320549.4, Max: 320549.8, Diff: 0.7]
      [Ext Root Scanning (ms): Min: 0.0, Avg: 1.5, Max: 2.9, Diff: 2.8, Sum: 5.8]
      [Update RS (ms): Min: 0.0, Avg: 0.4, Max: 0.9, Diff: 0.9, Sum: 1.7]
         [Processed Buffers: Min: 0, Avg: 5.0, Max: 11, Diff: 11, Sum: 20]
      [Scan RS (ms): Min: 0.0, Avg: 0.0, Max: 0.0, Diff: 0.0, Sum: 0.0]
      [Code Root Scanning (ms): Min: 0.0, Avg: 0.0, Max: 0.0, Diff: 0.0, Sum: 0.0]
      [Object Copy (ms): Min: 0.0, Avg: 0.7, Max: 1.5, Diff: 1.5, Sum: 2.8]
      [Termination (ms): Min: 0.0, Avg: 0.3, Max: 0.4, Diff: 0.4, Sum: 1.1]
         [Termination Attempts: Min: 1, Avg: 1.3, Max: 2, Diff: 1, Sum: 5]
      [GC Worker Other (ms): Min: 0.0, Avg: 0.0, Max: 0.0, Diff: 0.0, Sum: 0.0]
      [GC Worker Total (ms): Min: 2.3, Avg: 2.9, Max: 3.3, Diff: 1.0, Sum: 11.5]
      [GC Worker End (ms): Min: 320552.1, Avg: 320552.3, Max: 320552.4, Diff: 0.3]
   [Code Root Fixup: 0.0 ms]
   [Code Root Purge: 0.0 ms]
   [Clear CT: 0.0 ms]
   [Other: 1.6 ms]
      [Choose CSet: 0.0 ms]
      [Ref Proc: 0.1 ms]
      [Ref Enq: 0.0 ms]
      [Redirty Cards: 0.0 ms]
      [Humongous Register: 0.6 ms]
      [Humongous Reclaim: 0.2 ms]
      [Free CSet: 0.0 ms]
   [Eden: 1024.0K(948.0M)->0.0B(962.0M) Survivors: 1024.0K->1024.0K Heap: 3488.9M(5120.0M)->3487.8M(5120.0M)]
 [Times: user=0.00 sys=0.00, real=0.00 secs] 
2016-06-26T19:48:11.317+0300: 320.553: [GC concurrent-root-region-scan-start]
2016-06-26T19:48:11.317+0300: 320.553: Total time for which application threads were stopped: 0.0056160 seconds, Stopping threads took: 0.0000710 seconds
2016-06-26T19:48:11.319+0300: 320.555: [GC concurrent-root-region-scan-end, 0.0020104 secs]
2016-06-26T19:48:11.319+0300: 320.555: [GC concurrent-mark-start]
2016-06-26T19:48:11.341+0300: 320.578: [GC concurrent-mark-end, 0.0220392 secs]
2016-06-26T19:48:11.390+0300: 320.626: [GC remark 2016-06-26T19:48:11.390+0300: 320.626: [Finalize Marking, 0.0003515 secs] 2016-06-26T19:48:11.390+0300: 320.627: [GC ref-proc, 0.0001039 secs] 2016-06-26T19:48:11.390+0300: 320.627: [Unloading, 0.0017607 secs], 0.0213652 secs]
 [Times: user=0.06 sys=0.00, real=0.02 secs] 
2016-06-26T19:48:11.411+0300: 320.648: Total time for which application threads were stopped: 0.0305247 seconds, Stopping threads took: 0.0088935 seconds
2016-06-26T19:48:11.461+0300: 320.697: [GC cleanup 3540M->3540M(5120M), 0.0022691 secs]
 [Times: user=0.00 sys=0.00, real=0.00 secs] 
2016-06-26T19:48:11.463+0300: 320.700: Total time for which application threads were stopped: 0.0137837 seconds, Stopping threads took: 0.0112251 seconds
2016-06-26T19:48:12.476+0300: 321.713: Total time for which application threads were stopped: 0.0127595 seconds, Stopping threads took: 0.0123981 seconds
2016-06-26T19:48:12.919+0300: 322.155: Total time for which application threads were stopped: 0.0141733 seconds, Stopping threads took: 0.0134390 seconds
2016-06-26T19:48:13.742+0300: 322.979: [GC pause (G1 Humongous Allocation) (young)
Desired survivor size 63438848 bytes, new threshold 15 (max 15)
- age   1:       9072 bytes,       9072 total
- age   2:     201704 bytes,     210776 total
- age   3:      10800 bytes,     221576 total
- age   4:      30824 bytes,     252400 total
- age   5:         16 bytes,     252416 total
- age   6:      20280 bytes,     272696 total
- age   7:      10784 bytes,     283480 total
- age   8:      25672 bytes,     309152 total
- age  10:      12952 bytes,     322104 total
- age  11:      10864 bytes,     332968 total
- age  12:      20440 bytes,     353408 total
- age  14:      21592 bytes,     375000 total
, 0.0584133 secs]
   [Parallel Time: 50.1 ms, GC Workers: 4]
      [GC Worker Start (ms): Min: 322984.6, Avg: 322984.6, Max: 322984.6, Diff: 0.0]
      [Ext Root Scanning (ms): Min: 0.4, Avg: 0.4, Max: 0.4, Diff: 0.0, Sum: 1.7]
      [Update RS (ms): Min: 49.0, Avg: 49.0, Max: 49.1, Diff: 0.1, Sum: 196.1]
         [Processed Buffers: Min: 506, Avg: 517.0, Max: 523, Diff: 17, Sum: 2068]
      [Scan RS (ms): Min: 0.0, Avg: 0.0, Max: 0.0, Diff: 0.0, Sum: 0.0]
      [Code Root Scanning (ms): Min: 0.0, Avg: 0.0, Max: 0.0, Diff: 0.0, Sum: 0.0]
      [Object Copy (ms): Min: 0.5, Avg: 0.5, Max: 0.5, Diff: 0.0, Sum: 2.1]
      [Termination (ms): Min: 0.0, Avg: 0.0, Max: 0.0, Diff: 0.0, Sum: 0.0]
         [Termination Attempts: Min: 1, Avg: 1.0, Max: 1, Diff: 0, Sum: 4]
      [GC Worker Other (ms): Min: 0.0, Avg: 0.0, Max: 0.0, Diff: 0.0, Sum: 0.1]
      [GC Worker Total (ms): Min: 50.0, Avg: 50.0, Max: 50.0, Diff: 0.0, Sum: 200.1]
      [GC Worker End (ms): Min: 323034.6, Avg: 323034.6, Max: 323034.6, Diff: 0.0]
   [Code Root Fixup: 0.0 ms]
   [Code Root Purge: 0.0 ms]
   [Clear CT: 0.0 ms]
   [Other: 8.3 ms]
      [Choose CSet: 0.0 ms]
      [Ref Proc: 0.0 ms]
      [Ref Enq: 0.0 ms]
      [Redirty Cards: 0.0 ms]
      [Humongous Register: 0.8 ms]
      [Humongous Reclaim: 2.2 ms]
      [Free CSet: 0.1 ms]
   [Eden: 63.0M(962.0M)->0.0B(1010.0M) Survivors: 1024.0K->1024.0K Heap: 4982.5M(5120.0M)->3454.4M(5120.0M)]
 [Times: user=0.25 sys=0.00, real=0.06 secs] 
2016-06-26T19:48:13.801+0300: 323.037: Total time for which application threads were stopped: 0.0720054 seconds, Stopping threads took: 0.0125611 seconds
2016-06-26T19:48:13.804+0300: 323.040: [GC pause (G1 Humongous Allocation) (young) (initial-mark)
Desired survivor size 66584576 bytes, new threshold 15 (max 15)
- age   1:     103696 bytes,     103696 total
- age   2:       9048 bytes,     112744 total
- age   3:      24752 bytes,     137496 total
- age   4:      10800 bytes,     148296 total
- age   5:      25968 bytes,     174264 total
- age   6:         16 bytes,     174280 total
- age   7:      15488 bytes,     189768 total
- age   8:      10784 bytes,     200552 total
- age   9:      23288 bytes,     223840 total
- age  11:      11264 bytes,     235104 total
- age  12:      10864 bytes,     245968 total
- age  13:      20096 bytes,     266064 total
- age  15:      21568 bytes,     287632 total
, 0.0035367 secs]
   [Parallel Time: 1.9 ms, GC Workers: 4]
      [GC Worker Start (ms): Min: 323041.5, Avg: 323041.5, Max: 323041.6, Diff: 0.0]
      [Ext Root Scanning (ms): Min: 0.5, Avg: 0.5, Max: 0.5, Diff: 0.0, Sum: 1.9]
      [Update RS (ms): Min: 0.7, Avg: 0.8, Max: 0.8, Diff: 0.1, Sum: 3.1]
         [Processed Buffers: Min: 8, Avg: 8.5, Max: 10, Diff: 2, Sum: 34]
      [Scan RS (ms): Min: 0.0, Avg: 0.0, Max: 0.0, Diff: 0.0, Sum: 0.0]
      [Code Root Scanning (ms): Min: 0.0, Avg: 0.0, Max: 0.0, Diff: 0.0, Sum: 0.0]
      [Object Copy (ms): Min: 0.5, Avg: 0.5, Max: 0.6, Diff: 0.1, Sum: 2.1]
      [Termination (ms): Min: 0.0, Avg: 0.0, Max: 0.0, Diff: 0.0, Sum: 0.0]
         [Termination Attempts: Min: 1, Avg: 1.0, Max: 1, Diff: 0, Sum: 4]
      [GC Worker Other (ms): Min: 0.0, Avg: 0.0, Max: 0.0, Diff: 0.0, Sum: 0.0]
      [GC Worker Total (ms): Min: 1.8, Avg: 1.8, Max: 1.8, Diff: 0.0, Sum: 7.3]
      [GC Worker End (ms): Min: 323043.4, Avg: 323043.4, Max: 323043.4, Diff: 0.0]
   [Code Root Fixup: 0.0 ms]
   [Code Root Purge: 0.0 ms]
   [Clear CT: 0.0 ms]
   [Other: 1.6 ms]
      [Choose CSet: 0.0 ms]
      [Ref Proc: 0.0 ms]
      [Ref Enq: 0.0 ms]
      [Redirty Cards: 0.0 ms]
      [Humongous Register: 0.6 ms]
      [Humongous Reclaim: 0.2 ms]
      [Free CSet: 0.0 ms]
   [Eden: 1024.0K(1010.0M)->0.0B(1019.0M) Survivors: 1024.0K->1024.0K Heap: 3458.8M(5120.0M)->3458.3M(5120.0M)]
 [Times: user=0.00 sys=0.00, real=0.00 secs] 
2016-06-26T19:48:13.808+0300: 323.044: [GC concurrent-root-region-scan-start]
2016-06-26T19:48:13.808+0300: 323.044: Total time for which application threads were stopped: 0.0041696 seconds, Stopping threads took: 0.0000701 seconds
2016-06-26T19:48:13.809+0300: 323.046: [GC concurrent-root-region-scan-end, 0.0015836 secs]
2016-06-26T19:48:13.809+0300: 323.046: [GC concurrent-mark-start]
2016-06-26T19:48:13.836+0300: 323.073: [GC concurrent-mark-end, 0.0267262 secs]
2016-06-26T19:48:13.856+0300: 323.093: [GC remark 2016-06-26T19:48:13.856+0300: 323.093: [Finalize Marking, 0.0003635 secs] 2016-06-26T19:48:13.856+0300: 323.093: [GC ref-proc, 0.0001061 secs] 2016-06-26T19:48:13.857+0300: 323.093: [Unloading, 0.0018068 secs], 0.0211937 secs]
 [Times: user=0.13 sys=0.00, real=0.02 secs] 
2016-06-26T19:48:13.877+0300: 323.114: Total time for which application threads were stopped: 0.0316952 seconds, Stopping threads took: 0.0101025 seconds
2016-06-26T19:48:14.891+0300: 324.128: Total time for which application threads were stopped: 0.0135870 seconds, Stopping threads took: 0.0132440 seconds
2016-06-26T19:48:14.918+0300: 324.154: Total time for which application threads were stopped: 0.0110446 seconds, Stopping threads took: 0.0100790 seconds
2016-06-26T19:48:15.925+0300: 325.162: Total time for which application threads were stopped: 0.0189660 seconds, Stopping threads took: 0.0180235 seconds
2016-06-26T19:48:15.959+0300: 325.196: [GC cleanup 4847M->4847M(5120M), 0.0020138 secs]
 [Times: user=0.00 sys=0.00, real=0.00 secs] 
2016-06-26T19:48:15.961+0300: 325.198: Total time for which application threads were stopped: 0.0025501 seconds, Stopping threads took: 0.0001159 seconds
2016-06-26T19:48:16.207+0300: 325.443: [GC pause (G1 Humongous Allocation) (young)
Desired survivor size 67108864 bytes, new threshold 15 (max 15)
- age   1:         40 bytes,         40 total
- age   2:     103672 bytes,     103712 total
- age   3:       9048 bytes,     112760 total
- age   4:      24752 bytes,     137512 total
- age   5:      10800 bytes,     148312 total
- age   6:      25968 bytes,     174280 total
- age   7:         16 bytes,     174296 total
- age   8:      15488 bytes,     189784 total
- age   9:      10784 bytes,     200568 total
- age  10:      23288 bytes,     223856 total
- age  12:      11264 bytes,     235120 total
- age  13:      10864 bytes,     245984 total
- age  14:      20096 bytes,     266080 total
, 0.0588828 secs]
   [Parallel Time: 51.0 ms, GC Workers: 4]
      [GC Worker Start (ms): Min: 325449.1, Avg: 325449.1, Max: 325449.1, Diff: 0.0]
      [Ext Root Scanning (ms): Min: 0.4, Avg: 0.4, Max: 0.4, Diff: 0.0, Sum: 1.7]
      [Update RS (ms): Min: 50.0, Avg: 50.0, Max: 50.1, Diff: 0.0, Sum: 200.1]
         [Processed Buffers: Min: 469, Avg: 519.5, Max: 545, Diff: 76, Sum: 2078]
      [Scan RS (ms): Min: 0.0, Avg: 0.0, Max: 0.0, Diff: 0.0, Sum: 0.0]
      [Code Root Scanning (ms): Min: 0.0, Avg: 0.0, Max: 0.0, Diff: 0.0, Sum: 0.0]
      [Object Copy (ms): Min: 0.4, Avg: 0.4, Max: 0.4, Diff: 0.0, Sum: 1.7]
      [Termination (ms): Min: 0.0, Avg: 0.0, Max: 0.0, Diff: 0.0, Sum: 0.0]
         [Termination Attempts: Min: 1, Avg: 1.0, Max: 1, Diff: 0, Sum: 4]
      [GC Worker Other (ms): Min: 0.0, Avg: 0.0, Max: 0.0, Diff: 0.0, Sum: 0.1]
      [GC Worker Total (ms): Min: 50.9, Avg: 50.9, Max: 50.9, Diff: 0.0, Sum: 203.7]
      [GC Worker End (ms): Min: 325500.0, Avg: 325500.0, Max: 325500.0, Diff: 0.0]
   [Code Root Fixup: 0.0 ms]
   [Code Root Purge: 0.0 ms]
   [Clear CT: 0.0 ms]
   [Other: 7.9 ms]
      [Choose CSet: 0.0 ms]
      [Ref Proc: 0.0 ms]
      [Ref Enq: 0.0 ms]
      [Redirty Cards: 0.0 ms]
      [Humongous Register: 0.8 ms]
      [Humongous Reclaim: 1.8 ms]
      [Free CSet: 0.1 ms]
   [Eden: 63.0M(1019.0M)->0.0B(801.0M) Survivors: 1024.0K->1024.0K Heap: 4981.8M(5120.0M)->3688.8M(5120.0M)]
 [Times: user=0.19 sys=0.00, real=0.06 secs] 
2016-06-26T19:48:16.266+0300: 325.502: Total time for which application threads were stopped: 0.0735805 seconds, Stopping threads took: 0.0137910 seconds
2016-06-26T19:48:16.270+0300: 325.506: [GC pause (G1 Humongous Allocation) (young) (initial-mark)
Desired survivor size 52953088 bytes, new threshold 15 (max 15)
- age   1:      42200 bytes,      42200 total
- age   3:      24520 bytes,      66720 total
- age   4:       9048 bytes,      75768 total
- age   5:      20368 bytes,      96136 total
- age   6:      10800 bytes,     106936 total
- age   7:      22232 bytes,     129168 total
- age   9:      12896 bytes,     142064 total
- age  10:      10784 bytes,     152848 total
- age  11:      22024 bytes,     174872 total
- age  13:      10936 bytes,     185808 total
- age  14:      10864 bytes,     196672 total
- age  15:      20000 bytes,     216672 total
, 0.0030975 secs]
   [Parallel Time: 1.4 ms, GC Workers: 4]
      [GC Worker Start (ms): Min: 325507.4, Avg: 325507.4, Max: 325507.4, Diff: 0.0]
      [Ext Root Scanning (ms): Min: 0.5, Avg: 0.5, Max: 0.5, Diff: 0.0, Sum: 1.9]
      [Update RS (ms): Min: 0.4, Avg: 0.4, Max: 0.4, Diff: 0.1, Sum: 1.6]
         [Processed Buffers: Min: 4, Avg: 4.5, Max: 6, Diff: 2, Sum: 18]
      [Scan RS (ms): Min: 0.0, Avg: 0.0, Max: 0.0, Diff: 0.0, Sum: 0.0]
      [Code Root Scanning (ms): Min: 0.0, Avg: 0.0, Max: 0.0, Diff: 0.0, Sum: 0.0]
      [Object Copy (ms): Min: 0.4, Avg: 0.5, Max: 0.5, Diff: 0.1, Sum: 1.8]
      [Termination (ms): Min: 0.0, Avg: 0.0, Max: 0.0, Diff: 0.0, Sum: 0.0]
         [Termination Attempts: Min: 1, Avg: 1.0, Max: 1, Diff: 0, Sum: 4]
      [GC Worker Other (ms): Min: 0.0, Avg: 0.0, Max: 0.0, Diff: 0.0, Sum: 0.0]
      [GC Worker Total (ms): Min: 1.3, Avg: 1.4, Max: 1.4, Diff: 0.0, Sum: 5.4]
      [GC Worker End (ms): Min: 325508.7, Avg: 325508.7, Max: 325508.7, Diff: 0.0]
   [Code Root Fixup: 0.0 ms]
   [Code Root Purge: 0.0 ms]
   [Clear CT: 0.0 ms]
   [Other: 1.6 ms]
      [Choose CSet: 0.0 ms]
      [Ref Proc: 0.0 ms]
      [Ref Enq: 0.0 ms]
      [Redirty Cards: 0.0 ms]
      [Humongous Register: 0.7 ms]
      [Humongous Reclaim: 0.3 ms]
      [Free CSet: 0.0 ms]
   [Eden: 1024.0K(801.0M)->0.0B(805.0M) Survivors: 1024.0K->1024.0K Heap: 3691.2M(5120.0M)->3690.7M(5120.0M)]
 [Times: user=0.00 sys=0.00, real=0.00 secs] 
2016-06-26T19:48:16.273+0300: 325.510: [GC concurrent-root-region-scan-start]
2016-06-26T19:48:16.273+0300: 325.510: Total time for which application threads were stopped: 0.0038130 seconds, Stopping threads took: 0.0000710 seconds
2016-06-26T19:48:16.275+0300: 325.511: [GC concurrent-root-region-scan-end, 0.0014532 secs]
2016-06-26T19:48:16.275+0300: 325.511: [GC concurrent-mark-start]
2016-06-26T19:48:16.299+0300: 325.535: [GC concurrent-mark-end, 0.0236249 secs]
2016-06-26T19:48:16.321+0300: 325.557: [GC remark 2016-06-26T19:48:16.321+0300: 325.557: [Finalize Marking, 0.0003323 secs] 2016-06-26T19:48:16.321+0300: 325.558: [GC ref-proc, 0.0001056 secs] 2016-06-26T19:48:16.321+0300: 325.558: [Unloading, 0.0018552 secs], 0.0224959 secs]
 [Times: user=0.13 sys=0.00, real=0.02 secs] 
2016-06-26T19:48:16.343+0300: 325.580: Total time for which application threads were stopped: 0.0313359 seconds, Stopping threads took: 0.0083901 seconds
2016-06-26T19:48:16.927+0300: 326.164: Total time for which application threads were stopped: 0.0201314 seconds, Stopping threads took: 0.0191328 seconds
2016-06-26T19:48:17.785+0300: 327.021: [GC cleanup 4646M->4646M(5120M), 0.0021327 secs]
 [Times: user=0.00 sys=0.00, real=0.00 secs] 
2016-06-26T19:48:17.787+0300: 327.024: Total time for which application threads were stopped: 0.0161102 seconds, Stopping threads took: 0.0135310 seconds
2016-06-26T19:48:17.917+0300: 327.154: Total time for which application threads were stopped: 0.0103561 seconds, Stopping threads took: 0.0093241 seconds
2016-06-26T19:48:18.565+0300: 327.801: [GC pause (G1 Humongous Allocation) (young)
Desired survivor size 52953088 bytes, new threshold 15 (max 15)
- age   1:         40 bytes,         40 total
- age   2:      42176 bytes,      42216 total
- age   4:      24520 bytes,      66736 total
- age   5:       9048 bytes,      75784 total
- age   6:      20368 bytes,      96152 total
- age   7:      10800 bytes,     106952 total
- age   8:      22232 bytes,     129184 total
- age  10:      12896 bytes,     142080 total
- age  11:      10784 bytes,     152864 total
- age  12:      22024 bytes,     174888 total
- age  14:      10936 bytes,     185824 total
- age  15:      10864 bytes,     196688 total
, 0.0567108 secs]
   [Parallel Time: 48.7 ms, GC Workers: 4]
      [GC Worker Start (ms): Min: 327806.8, Avg: 327806.8, Max: 327806.8, Diff: 0.0]
      [Ext Root Scanning (ms): Min: 0.3, Avg: 0.3, Max: 0.3, Diff: 0.0, Sum: 1.4]
      [Update RS (ms): Min: 47.9, Avg: 47.9, Max: 47.9, Diff: 0.0, Sum: 191.6]
         [Processed Buffers: Min: 501, Avg: 509.5, Max: 519, Diff: 18, Sum: 2038]
      [Scan RS (ms): Min: 0.0, Avg: 0.0, Max: 0.0, Diff: 0.0, Sum: 0.0]
      [Code Root Scanning (ms): Min: 0.0, Avg: 0.0, Max: 0.0, Diff: 0.0, Sum: 0.0]
      [Object Copy (ms): Min: 0.4, Avg: 0.4, Max: 0.4, Diff: 0.0, Sum: 1.7]
      [Termination (ms): Min: 0.0, Avg: 0.0, Max: 0.0, Diff: 0.0, Sum: 0.0]
         [Termination Attempts: Min: 1, Avg: 1.0, Max: 1, Diff: 0, Sum: 4]
      [GC Worker Other (ms): Min: 0.0, Avg: 0.0, Max: 0.0, Diff: 0.0, Sum: 0.1]
      [GC Worker Total (ms): Min: 48.7, Avg: 48.7, Max: 48.7, Diff: 0.0, Sum: 194.7]
      [GC Worker End (ms): Min: 327855.5, Avg: 327855.5, Max: 327855.5, Diff: 0.0]
   [Code Root Fixup: 0.0 ms]
   [Code Root Purge: 0.0 ms]
   [Clear CT: 0.0 ms]
   [Other: 7.9 ms]
      [Choose CSet: 0.0 ms]
      [Ref Proc: 0.1 ms]
      [Ref Enq: 0.0 ms]
      [Redirty Cards: 0.0 ms]
      [Humongous Register: 0.7 ms]
      [Humongous Reclaim: 2.1 ms]
      [Free CSet: 0.1 ms]
   [Eden: 63.0M(805.0M)->0.0B(1134.0M) Survivors: 1024.0K->1024.0K Heap: 4982.3M(5120.0M)->3366.6M(5120.0M)]
 [Times: user=0.19 sys=0.00, real=0.06 secs] 
2016-06-26T19:48:18.622+0300: 327.858: Total time for which application threads were stopped: 0.0712344 seconds, Stopping threads took: 0.0137649 seconds
2016-06-26T19:48:18.629+0300: 327.866: [GC pause (G1 Humongous Allocation) (young) (initial-mark)
Desired survivor size 74448896 bytes, new threshold 15 (max 15)
- age   1:      43576 bytes,      43576 total
- age   3:      34496 bytes,      78072 total
- age   5:      18992 bytes,      97064 total
- age   6:       9032 bytes,     106096 total
- age   7:      15336 bytes,     121432 total
- age   8:      10800 bytes,     132232 total
- age   9:      19968 bytes,     152200 total
- age  11:      11264 bytes,     163464 total
- age  12:      10784 bytes,     174248 total
- age  13:      21672 bytes,     195920 total
- age  15:      10888 bytes,     206808 total
, 0.0028469 secs]
   [Parallel Time: 1.3 ms, GC Workers: 4]
      [GC Worker Start (ms): Min: 327866.5, Avg: 327866.5, Max: 327866.5, Diff: 0.0]
      [Ext Root Scanning (ms): Min: 0.4, Avg: 0.4, Max: 0.4, Diff: 0.0, Sum: 1.6]
      [Update RS (ms): Min: 0.4, Avg: 0.4, Max: 0.4, Diff: 0.1, Sum: 1.7]
         [Processed Buffers: Min: 4, Avg: 4.5, Max: 6, Diff: 2, Sum: 18]
      [Scan RS (ms): Min: 0.0, Avg: 0.0, Max: 0.0, Diff: 0.0, Sum: 0.0]
      [Code Root Scanning (ms): Min: 0.0, Avg: 0.0, Max: 0.0, Diff: 0.0, Sum: 0.0]
      [Object Copy (ms): Min: 0.4, Avg: 0.4, Max: 0.4, Diff: 0.1, Sum: 1.6]
      [Termination (ms): Min: 0.0, Avg: 0.0, Max: 0.0, Diff: 0.0, Sum: 0.0]
         [Termination Attempts: Min: 1, Avg: 1.0, Max: 1, Diff: 0, Sum: 4]
      [GC Worker Other (ms): Min: 0.0, Avg: 0.0, Max: 0.0, Diff: 0.0, Sum: 0.0]
      [GC Worker Total (ms): Min: 1.2, Avg: 1.2, Max: 1.2, Diff: 0.0, Sum: 4.9]
      [GC Worker End (ms): Min: 327867.7, Avg: 327867.7, Max: 327867.7, Diff: 0.0]
   [Code Root Fixup: 0.0 ms]
   [Code Root Purge: 0.0 ms]
   [Clear CT: 0.0 ms]
   [Other: 1.5 ms]
      [Choose CSet: 0.0 ms]
      [Ref Proc: 0.0 ms]
      [Ref Enq: 0.0 ms]
      [Redirty Cards: 0.0 ms]
      [Humongous Register: 0.6 ms]
      [Humongous Reclaim: 0.2 ms]
      [Free CSet: 0.0 ms]
   [Eden: 1024.0K(1134.0M)->0.0B(1137.0M) Survivors: 1024.0K->1024.0K Heap: 3369.1M(5120.0M)->3368.5M(5120.0M)]
 [Times: user=0.00 sys=0.00, real=0.00 secs] 
2016-06-26T19:48:18.632+0300: 327.869: 2016-06-26T19:48:18.632+0300: [GC concurrent-root-region-scan-start]
327.869: Total time for which application threads were stopped: 0.0033806 seconds, Stopping threads took: 0.0000612 seconds
2016-06-26T19:48:18.633+0300: 327.870: [GC concurrent-root-region-scan-end, 0.0014044 secs]
2016-06-26T19:48:18.633+0300: 327.870: [GC concurrent-mark-start]
2016-06-26T19:48:18.658+0300: 327.895: [GC concurrent-mark-end, 0.0233846 secs]
2016-06-26T19:48:18.684+0300: 327.921: [GC remark 2016-06-26T19:48:18.684+0300: 327.921: [Finalize Marking, 0.0003605 secs] 2016-06-26T19:48:18.684+0300: 327.921: [GC ref-proc, 0.0001031 secs] 2016-06-26T19:48:18.685+0300: 327.921: [Unloading, 0.0016700 secs], 0.0206104 secs]
 [Times: user=0.13 sys=0.00, real=0.02 secs] 
2016-06-26T19:48:18.705+0300: 327.941: Total time for which application threads were stopped: 0.0342401 seconds, Stopping threads took: 0.0133531 seconds
2016-06-26T19:48:18.709+0300: 327.946: [GC cleanup 3398M->3398M(5120M), 0.0022105 secs]
 [Times: user=0.00 sys=0.00, real=0.00 secs] 
2016-06-26T19:48:18.711+0300: 327.948: Total time for which application threads were stopped: 0.0025484 seconds, Stopping threads took: 0.0000577 seconds
2016-06-26T19:48:18.917+0300: 328.154: Total time for which application threads were stopped: 0.0099981 seconds, Stopping threads took: 0.0093374 seconds
2016-06-26T19:48:19.932+0300: 329.169: Total time for which application threads were stopped: 0.0150663 seconds, Stopping threads took: 0.0147250 seconds
2016-06-26T19:48:20.922+0300: 330.159: Total time for which application threads were stopped: 0.0149743 seconds, Stopping threads took: 0.0140309 seconds
2016-06-26T19:48:21.300+0300: 330.536: [GC pause (G1 Humongous Allocation) (young)
Desired survivor size 74973184 bytes, new threshold 15 (max 15)
- age   1:         40 bytes,         40 total
- age   2:      43504 bytes,      43544 total
- age   4:      34496 bytes,      78040 total
- age   6:      18992 bytes,      97032 total
- age   7:       9032 bytes,     106064 total
- age   8:      15336 bytes,     121400 total
- age   9:      10800 bytes,     132200 total
- age  10:      19968 bytes,     152168 total
- age  12:      11264 bytes,     163432 total
- age  13:      10784 bytes,     174216 total
- age  14:      21672 bytes,     195888 total
, 0.0591454 secs]
   [Parallel Time: 51.1 ms, GC Workers: 4]
      [GC Worker Start (ms): Min: 330542.4, Avg: 330542.4, Max: 330542.4, Diff: 0.0]
      [Ext Root Scanning (ms): Min: 0.3, Avg: 0.4, Max: 0.4, Diff: 0.0, Sum: 1.4]
      [Update RS (ms): Min: 49.9, Avg: 49.9, Max: 50.0, Diff: 0.1, Sum: 199.6]
         [Processed Buffers: Min: 472, Avg: 517.3, Max: 536, Diff: 64, Sum: 2069]
      [Scan RS (ms): Min: 0.0, Avg: 0.0, Max: 0.0, Diff: 0.0, Sum: 0.0]
      [Code Root Scanning (ms): Min: 0.0, Avg: 0.0, Max: 0.0, Diff: 0.0, Sum: 0.0]
      [Object Copy (ms): Min: 0.7, Avg: 0.7, Max: 0.8, Diff: 0.1, Sum: 3.0]
      [Termination (ms): Min: 0.0, Avg: 0.0, Max: 0.0, Diff: 0.0, Sum: 0.0]
         [Termination Attempts: Min: 1, Avg: 1.0, Max: 1, Diff: 0, Sum: 4]
      [GC Worker Other (ms): Min: 0.0, Avg: 0.0, Max: 0.0, Diff: 0.0, Sum: 0.1]
      [GC Worker Total (ms): Min: 51.0, Avg: 51.0, Max: 51.0, Diff: 0.0, Sum: 204.1]
      [GC Worker End (ms): Min: 330593.4, Avg: 330593.4, Max: 330593.4, Diff: 0.0]
   [Code Root Fixup: 0.0 ms]
   [Code Root Purge: 0.0 ms]
   [Clear CT: 0.0 ms]
   [Other: 8.0 ms]
      [Choose CSet: 0.0 ms]
      [Ref Proc: 0.1 ms]
      [Ref Enq: 0.0 ms]
      [Redirty Cards: 0.0 ms]
      [Humongous Register: 0.8 ms]
      [Humongous Reclaim: 1.9 ms]
      [Free CSet: 0.1 ms]
   [Eden: 63.0M(1137.0M)->0.0B(965.0M) Survivors: 1024.0K->1024.0K Heap: 4982.3M(5120.0M)->3542.6M(5120.0M)]
 [Times: user=0.19 sys=0.00, real=0.06 secs] 
2016-06-26T19:48:21.359+0300: 330.596: Total time for which application threads were stopped: 0.0698064 seconds, Stopping threads took: 0.0097937 seconds
2016-06-26T19:48:21.367+0300: 330.604: [GC pause (G1 Humongous Allocation) (young) (initial-mark)
Desired survivor size 63438848 bytes, new threshold 15 (max 15)
- age   1:     229776 bytes,     229776 total
- age   2:         16 bytes,     229792 total
- age   3:      36056 bytes,     265848 total
- age   5:      29480 bytes,     295328 total
- age   7:      15224 bytes,     310552 total
- age   8:       9032 bytes,     319584 total
- age   9:      12408 bytes,     331992 total
- age  10:      10800 bytes,     342792 total
- age  11:      18576 bytes,     361368 total
- age  13:      10808 bytes,     372176 total
- age  14:      10784 bytes,     382960 total
- age  15:      21648 bytes,     404608 total
, 0.0044459 secs]
   [Parallel Time: 2.7 ms, GC Workers: 4]
      [GC Worker Start (ms): Min: 330605.1, Avg: 330605.2, Max: 330605.6, Diff: 0.5]
      [Ext Root Scanning (ms): Min: 0.0, Avg: 0.9, Max: 2.6, Diff: 2.5, Sum: 3.6]
      [Update RS (ms): Min: 0.0, Avg: 0.8, Max: 1.1, Diff: 1.1, Sum: 3.1]
         [Processed Buffers: Min: 0, Avg: 8.8, Max: 13, Diff: 13, Sum: 35]
      [Scan RS (ms): Min: 0.0, Avg: 0.0, Max: 0.0, Diff: 0.0, Sum: 0.0]
      [Code Root Scanning (ms): Min: 0.0, Avg: 0.0, Max: 0.0, Diff: 0.0, Sum: 0.0]
      [Object Copy (ms): Min: 0.0, Avg: 0.7, Max: 1.0, Diff: 0.9, Sum: 2.9]
      [Termination (ms): Min: 0.0, Avg: 0.1, Max: 0.1, Diff: 0.1, Sum: 0.2]
         [Termination Attempts: Min: 1, Avg: 1.0, Max: 1, Diff: 0, Sum: 4]
      [GC Worker Other (ms): Min: 0.0, Avg: 0.0, Max: 0.0, Diff: 0.0, Sum: 0.0]
      [GC Worker Total (ms): Min: 2.1, Avg: 2.5, Max: 2.6, Diff: 0.5, Sum: 9.9]
      [GC Worker End (ms): Min: 330607.7, Avg: 330607.7, Max: 330607.7, Diff: 0.0]
   [Code Root Fixup: 0.0 ms]
   [Code Root Purge: 0.0 ms]
   [Clear CT: 0.0 ms]
   [Other: 1.7 ms]
      [Choose CSet: 0.0 ms]
      [Ref Proc: 0.1 ms]
      [Ref Enq: 0.0 ms]
      [Redirty Cards: 0.0 ms]
      [Humongous Register: 0.6 ms]
      [Humongous Reclaim: 0.3 ms]
      [Free CSet: 0.0 ms]
   [Eden: 1024.0K(965.0M)->0.0B(964.0M) Survivors: 1024.0K->1024.0K Heap: 3547.4M(5120.0M)->3546.6M(5120.0M)]
 [Times: user=0.00 sys=0.00, real=0.00 secs] 
2016-06-26T19:48:21.372+0300: 330.609: [GC concurrent-root-region-scan-start]
2016-06-26T19:48:21.372+0300: 330.609: Total time for which application threads were stopped: 0.0050442 seconds, Stopping threads took: 0.0000714 seconds
2016-06-26T19:48:21.374+0300: 330.611: [GC concurrent-root-region-scan-end, 0.0020185 secs]
2016-06-26T19:48:21.374+0300: 330.611: [GC concurrent-mark-start]
2016-06-26T19:48:21.397+0300: 330.633: [GC concurrent-mark-end, 0.0226533 secs]
2016-06-26T19:48:21.457+0300: 330.693: [GC remark 2016-06-26T19:48:21.457+0300: 330.693: [Finalize Marking, 0.0002793 secs] 2016-06-26T19:48:21.457+0300: 330.694: [GC ref-proc, 0.0001048 secs] 2016-06-26T19:48:21.457+0300: 330.694: [Unloading, 0.0016537 secs], 0.0214537 secs]
 [Times: user=0.06 sys=0.00, real=0.02 secs] 
2016-06-26T19:48:21.478+0300: 330.715: Total time for which application threads were stopped: 0.0310704 seconds, Stopping threads took: 0.0093584 seconds
2016-06-26T19:48:21.480+0300: 330.717: [GC cleanup 3572M->3572M(5120M), 0.0021827 secs]
 [Times: user=0.00 sys=0.00, real=0.00 secs] 
2016-06-26T19:48:21.483+0300: 330.719: Total time for which application threads were stopped: 0.0025595 seconds, Stopping threads took: 0.0001103 seconds
2016-06-26T19:48:22.494+0300: 331.730: Total time for which application threads were stopped: 0.0108201 seconds, Stopping threads took: 0.0104814 seconds
2016-06-26T19:48:22.915+0300: 332.152: Total time for which application threads were stopped: 0.0078038 seconds, Stopping threads took: 0.0070584 seconds
2016-06-26T19:48:23.715+0300: 332.952: [GC pause (G1 Humongous Allocation) (young)
Desired survivor size 63438848 bytes, new threshold 15 (max 15)
- age   1:         40 bytes,         40 total
- age   2:     229752 bytes,     229792 total
- age   3:         16 bytes,     229808 total
- age   4:      36056 bytes,     265864 total
- age   6:      29480 bytes,     295344 total
- age   8:      15224 bytes,     310568 total
- age   9:       9032 bytes,     319600 total
- age  10:      12408 bytes,     332008 total
- age  11:      10800 bytes,     342808 total
- age  12:      18576 bytes,     361384 total
- age  14:      10808 bytes,     372192 total
- age  15:      10784 bytes,     382976 total
, 0.0579484 secs]
   [Parallel Time: 49.9 ms, GC Workers: 4]
      [GC Worker Start (ms): Min: 332958.1, Avg: 332958.1, Max: 332958.1, Diff: 0.0]
      [Ext Root Scanning (ms): Min: 0.4, Avg: 0.4, Max: 0.4, Diff: 0.0, Sum: 1.6]
      [Update RS (ms): Min: 48.7, Avg: 48.7, Max: 48.7, Diff: 0.1, Sum: 194.8]
         [Processed Buffers: Min: 511, Avg: 517.0, Max: 527, Diff: 16, Sum: 2068]
      [Scan RS (ms): Min: 0.0, Avg: 0.0, Max: 0.0, Diff: 0.0, Sum: 0.0]
      [Code Root Scanning (ms): Min: 0.0, Avg: 0.0, Max: 0.0, Diff: 0.0, Sum: 0.0]
      [Object Copy (ms): Min: 0.7, Avg: 0.7, Max: 0.8, Diff: 0.0, Sum: 3.0]
      [Termination (ms): Min: 0.0, Avg: 0.0, Max: 0.0, Diff: 0.0, Sum: 0.0]
         [Termination Attempts: Min: 1, Avg: 1.0, Max: 1, Diff: 0, Sum: 4]
      [GC Worker Other (ms): Min: 0.0, Avg: 0.0, Max: 0.0, Diff: 0.0, Sum: 0.1]
      [GC Worker Total (ms): Min: 49.8, Avg: 49.9, Max: 49.9, Diff: 0.0, Sum: 199.4]
      [GC Worker End (ms): Min: 333008.0, Avg: 333008.0, Max: 333008.0, Diff: 0.0]
   [Code Root Fixup: 0.0 ms]
   [Code Root Purge: 0.0 ms]
   [Clear CT: 0.0 ms]
   [Other: 8.0 ms]
      [Choose CSet: 0.0 ms]
      [Ref Proc: 0.0 ms]
      [Ref Enq: 0.0 ms]
      [Redirty Cards: 0.0 ms]
      [Humongous Register: 0.8 ms]
      [Humongous Reclaim: 1.9 ms]
      [Free CSet: 0.0 ms]
   [Eden: 64.0M(964.0M)->0.0B(853.0M) Survivors: 1024.0K->1024.0K Heap: 4981.2M(5120.0M)->3658.0M(5120.0M)]
 [Times: user=0.20 sys=0.00, real=0.06 secs] 
2016-06-26T19:48:23.774+0300: 333.010: Total time for which application threads were stopped: 0.0694339 seconds, Stopping threads took: 0.0105237 seconds
2016-06-26T19:48:23.781+0300: 333.018: [GC pause (G1 Humongous Allocation) (young) (initial-mark)
Desired survivor size 56098816 bytes, new threshold 15 (max 15)
- age   1:     223400 bytes,     223400 total
- age   2:         16 bytes,     223416 total
- age   3:      36176 bytes,     259592 total
- age   5:      31472 bytes,     291064 total
- age   7:      26456 bytes,     317520 total
- age   9:      13304 bytes,     330824 total
- age  10:       9032 bytes,     339856 total
- age  11:      11248 bytes,     351104 total
- age  12:      10800 bytes,     361904 total
- age  13:      18152 bytes,     380056 total
- age  15:      10808 bytes,     390864 total
, 0.0038322 secs]
   [Parallel Time: 2.0 ms, GC Workers: 4]
      [GC Worker Start (ms): Min: 333018.6, Avg: 333018.6, Max: 333018.7, Diff: 0.0]
      [Ext Root Scanning (ms): Min: 0.4, Avg: 0.5, Max: 0.5, Diff: 0.0, Sum: 1.8]
      [Update RS (ms): Min: 0.8, Avg: 0.8, Max: 0.8, Diff: 0.1, Sum: 3.2]
         [Processed Buffers: Min: 8, Avg: 8.5, Max: 9, Diff: 1, Sum: 34]
      [Scan RS (ms): Min: 0.0, Avg: 0.0, Max: 0.0, Diff: 0.0, Sum: 0.0]
      [Code Root Scanning (ms): Min: 0.0, Avg: 0.0, Max: 0.0, Diff: 0.0, Sum: 0.0]
      [Object Copy (ms): Min: 0.7, Avg: 0.7, Max: 0.7, Diff: 0.1, Sum: 2.9]
      [Termination (ms): Min: 0.0, Avg: 0.0, Max: 0.0, Diff: 0.0, Sum: 0.0]
         [Termination Attempts: Min: 1, Avg: 1.0, Max: 1, Diff: 0, Sum: 4]
      [GC Worker Other (ms): Min: 0.0, Avg: 0.0, Max: 0.0, Diff: 0.0, Sum: 0.0]
      [GC Worker Total (ms): Min: 2.0, Avg: 2.0, Max: 2.0, Diff: 0.0, Sum: 7.9]
      [GC Worker End (ms): Min: 333020.6, Avg: 333020.6, Max: 333020.6, Diff: 0.0]
   [Code Root Fixup: 0.0 ms]
   [Code Root Purge: 0.0 ms]
   [Clear CT: 0.0 ms]
   [Other: 1.8 ms]
      [Choose CSet: 0.0 ms]
      [Ref Proc: 0.0 ms]
      [Ref Enq: 0.0 ms]
      [Redirty Cards: 0.0 ms]
      [Humongous Register: 0.7 ms]
      [Humongous Reclaim: 0.3 ms]
      [Free CSet: 0.0 ms]
   [Eden: 1024.0K(853.0M)->0.0B(851.0M) Survivors: 1024.0K->1024.0K Heap: 3662.4M(5120.0M)->3661.7M(5120.0M)]
 [Times: user=0.00 sys=0.00, real=0.00 secs] 
2016-06-26T19:48:23.785+0300: 333.022: [GC concurrent-root-region-scan-start]
2016-06-26T19:48:23.785+0300: 333.022: Total time for which application threads were stopped: 0.0044857 seconds, Stopping threads took: 0.0000791 seconds
2016-06-26T19:48:23.787+0300: 333.024: [GC concurrent-root-region-scan-end, 0.0019296 secs]
2016-06-26T19:48:23.787+0300: 333.024: [GC concurrent-mark-start]
2016-06-26T19:48:23.814+0300: 333.051: [GC concurrent-mark-end, 0.0255074 secs]
2016-06-26T19:48:23.852+0300: 333.089: [GC remark 2016-06-26T19:48:23.852+0300: 333.089: [Finalize Marking, 0.0004631 secs] 2016-06-26T19:48:23.853+0300: 333.089: [GC ref-proc, 0.0001069 secs] 2016-06-26T19:48:23.853+0300: 333.089: [Unloading, 0.0018060 secs], 0.0224908 secs]
 [Times: user=0.13 sys=0.00, real=0.02 secs] 
2016-06-26T19:48:23.875+0300: 333.111: Total time for which application threads were stopped: 0.0297908 seconds, Stopping threads took: 0.0069190 seconds
2016-06-26T19:48:24.543+0300: 333.780: Total time for which application threads were stopped: 0.0121000 seconds, Stopping threads took: 0.0117199 seconds
2016-06-26T19:48:24.727+0300: 333.964: [GC cleanup 4231M->4231M(5120M), 0.0021224 secs]
 [Times: user=0.00 sys=0.00, real=0.00 secs] 
2016-06-26T19:48:24.729+0300: 333.966: Total time for which application threads were stopped: 0.0109830 seconds, Stopping threads took: 0.0085817 seconds
2016-06-26T19:48:24.915+0300: 334.152: Total time for which application threads were stopped: 0.0069361 seconds, Stopping threads took: 0.0063122 seconds
2016-06-26T19:48:25.921+0300: 335.157: Total time for which application threads were stopped: 0.0123613 seconds, Stopping threads took: 0.0114000 seconds
2016-06-26T19:48:25.986+0300: 335.222: [GC pause (G1 Humongous Allocation) (young)
Desired survivor size 56098816 bytes, new threshold 15 (max 15)
- age   1:         40 bytes,         40 total
- age   2:     223376 bytes,     223416 total
- age   3:         16 bytes,     223432 total
- age   4:      36176 bytes,     259608 total
- age   6:      31472 bytes,     291080 total
- age   8:      26456 bytes,     317536 total
- age  10:      13304 bytes,     330840 total
- age  11:       9032 bytes,     339872 total
- age  12:      11248 bytes,     351120 total
- age  13:      10800 bytes,     361920 total
- age  14:      18152 bytes,     380072 total
, 0.0575067 secs]
   [Parallel Time: 48.7 ms, GC Workers: 4]
      [GC Worker Start (ms): Min: 335227.9, Avg: 335227.9, Max: 335227.9, Diff: 0.0]
      [Ext Root Scanning (ms): Min: 0.3, Avg: 0.3, Max: 0.3, Diff: 0.0, Sum: 1.4]
      [Update RS (ms): Min: 47.8, Avg: 47.9, Max: 47.9, Diff: 0.1, Sum: 191.5]
         [Processed Buffers: Min: 506, Avg: 513.0, Max: 519, Diff: 13, Sum: 2052]
      [Scan RS (ms): Min: 0.0, Avg: 0.0, Max: 0.0, Diff: 0.0, Sum: 0.0]
      [Code Root Scanning (ms): Min: 0.0, Avg: 0.0, Max: 0.0, Diff: 0.0, Sum: 0.0]
      [Object Copy (ms): Min: 0.4, Avg: 0.5, Max: 0.5, Diff: 0.0, Sum: 1.8]
      [Termination (ms): Min: 0.0, Avg: 0.0, Max: 0.0, Diff: 0.0, Sum: 0.0]
         [Termination Attempts: Min: 1, Avg: 1.3, Max: 2, Diff: 1, Sum: 5]
      [GC Worker Other (ms): Min: 0.0, Avg: 0.0, Max: 0.0, Diff: 0.0, Sum: 0.1]
      [GC Worker Total (ms): Min: 48.7, Avg: 48.7, Max: 48.7, Diff: 0.0, Sum: 194.8]
      [GC Worker End (ms): Min: 335276.6, Avg: 335276.6, Max: 335276.6, Diff: 0.0]
   [Code Root Fixup: 0.0 ms]
   [Code Root Purge: 0.0 ms]
   [Clear CT: 0.0 ms]
   [Other: 8.7 ms]
      [Choose CSet: 0.0 ms]
      [Ref Proc: 0.1 ms]
      [Ref Enq: 0.0 ms]
      [Redirty Cards: 0.0 ms]
      [Humongous Register: 0.8 ms]
      [Humongous Reclaim: 2.5 ms]
      [Free CSet: 0.1 ms]
   [Eden: 61.0M(851.0M)->0.0B(1389.0M) Survivors: 1024.0K->1024.0K Heap: 4982.5M(5120.0M)->3134.3M(5120.0M)]
 [Times: user=0.19 sys=0.00, real=0.06 secs] 
2016-06-26T19:48:26.043+0300: 335.280: Total time for which application threads were stopped: 0.0582773 seconds, Stopping threads took: 0.0000808 seconds
2016-06-26T19:48:26.044+0300: 335.280: [GC pause (G1 Humongous Allocation) (young) (initial-mark)
Desired survivor size 91226112 bytes, new threshold 15 (max 15)
- age   1:      78040 bytes,      78040 total
- age   3:      32056 bytes,     110096 total
- age   4:         16 bytes,     110112 total
- age   5:      30488 bytes,     140600 total
- age   7:      26616 bytes,     167216 total
- age   9:      23088 bytes,     190304 total
- age  11:      11352 bytes,     201656 total
- age  12:       9032 bytes,     210688 total
- age  13:      10848 bytes,     221536 total
- age  14:      10784 bytes,     232320 total
- age  15:      18112 bytes,     250432 total
, 0.0030094 secs]
   [Parallel Time: 1.3 ms, GC Workers: 4]
      [GC Worker Start (ms): Min: 335281.2, Avg: 335281.2, Max: 335281.2, Diff: 0.0]
      [Ext Root Scanning (ms): Min: 0.4, Avg: 0.4, Max: 0.4, Diff: 0.0, Sum: 1.6]
      [Update RS (ms): Min: 0.4, Avg: 0.4, Max: 0.5, Diff: 0.1, Sum: 1.6]
         [Processed Buffers: Min: 4, Avg: 4.5, Max: 6, Diff: 2, Sum: 18]
      [Scan RS (ms): Min: 0.0, Avg: 0.0, Max: 0.0, Diff: 0.0, Sum: 0.0]
      [Code Root Scanning (ms): Min: 0.0, Avg: 0.0, Max: 0.0, Diff: 0.0, Sum: 0.0]
      [Object Copy (ms): Min: 0.4, Avg: 0.5, Max: 0.5, Diff: 0.1, Sum: 1.9]
      [Termination (ms): Min: 0.0, Avg: 0.0, Max: 0.0, Diff: 0.0, Sum: 0.0]
         [Termination Attempts: Min: 1, Avg: 1.0, Max: 1, Diff: 0, Sum: 4]
      [GC Worker Other (ms): Min: 0.0, Avg: 0.0, Max: 0.0, Diff: 0.0, Sum: 0.1]
      [GC Worker Total (ms): Min: 1.3, Avg: 1.3, Max: 1.3, Diff: 0.0, Sum: 5.1]
      [GC Worker End (ms): Min: 335282.5, Avg: 335282.5, Max: 335282.5, Diff: 0.0]
   [Code Root Fixup: 0.0 ms]
   [Code Root Purge: 0.0 ms]
   [Clear CT: 0.0 ms]
   [Other: 1.6 ms]
      [Choose CSet: 0.0 ms]
      [Ref Proc: 0.1 ms]
      [Ref Enq: 0.0 ms]
      [Redirty Cards: 0.0 ms]
      [Humongous Register: 0.6 ms]
      [Humongous Reclaim: 0.3 ms]
      [Free CSet: 0.0 ms]
   [Eden: 1024.0K(1389.0M)->0.0B(1387.0M) Survivors: 1024.0K->1024.0K Heap: 3136.7M(5120.0M)->3136.2M(5120.0M)]
 [Times: user=0.06 sys=0.00, real=0.00 secs] 
2016-06-26T19:48:26.047+0300: 335.284: [GC concurrent-root-region-scan-start]
2016-06-26T19:48:26.047+0300: 335.284: Total time for which application threads were stopped: 0.0035021 seconds, Stopping threads took: 0.0000556 seconds
2016-06-26T19:48:26.049+0300: 335.285: [GC concurrent-root-region-scan-end, 0.0014656 secs]
2016-06-26T19:48:26.049+0300: 335.285: [GC concurrent-mark-start]
2016-06-26T19:48:26.081+0300: 335.318: [GC concurrent-mark-end, 0.0326668 secs]
2016-06-26T19:48:26.102+0300: 335.338: [GC remark 2016-06-26T19:48:26.102+0300: 335.338: [Finalize Marking, 0.0003806 secs] 2016-06-26T19:48:26.102+0300: 335.339: [GC ref-proc, 0.0001086 secs] 2016-06-26T19:48:26.102+0300: 335.339: [Unloading, 0.0016854 secs], 0.0194245 secs]
 [Times: user=0.06 sys=0.00, real=0.02 secs] 
2016-06-26T19:48:26.121+0300: 335.358: Total time for which application threads were stopped: 0.0269918 seconds, Stopping threads took: 0.0073116 seconds
2016-06-26T19:48:26.172+0300: 335.409: [GC cleanup 3192M->3192M(5120M), 0.0023256 secs]
 [Times: user=0.00 sys=0.00, real=0.00 secs] 
2016-06-26T19:48:26.175+0300: 335.411: Total time for which application threads were stopped: 0.0110596 seconds, Stopping threads took: 0.0084475 seconds
2016-06-26T19:48:27.184+0300: 336.421: Total time for which application threads were stopped: 0.0096475 seconds, Stopping threads took: 0.0092882 seconds
2016-06-26T19:48:27.924+0300: 337.160: Total time for which application threads were stopped: 0.0149632 seconds, Stopping threads took: 0.0141707 seconds
2016-06-26T19:48:28.935+0300: 338.172: Total time for which application threads were stopped: 0.0113914 seconds, Stopping threads took: 0.0110707 seconds
2016-06-26T19:48:29.110+0300: 338.346: [GC pause (G1 Humongous Allocation) (young)
Desired survivor size 91226112 bytes, new threshold 15 (max 15)
- age   1:         40 bytes,         40 total
- age   2:      78016 bytes,      78056 total
- age   4:      32056 bytes,     110112 total
- age   5:         16 bytes,     110128 total
- age   6:      30488 bytes,     140616 total
- age   8:      26616 bytes,     167232 total
- age  10:      23088 bytes,     190320 total
- age  12:      11352 bytes,     201672 total
- age  13:       9032 bytes,     210704 total
- age  14:      10848 bytes,     221552 total
- age  15:      10784 bytes,     232336 total
, 0.0576243 secs]
   [Parallel Time: 49.5 ms, GC Workers: 4]
      [GC Worker Start (ms): Min: 338352.0, Avg: 338352.0, Max: 338352.0, Diff: 0.0]
      [Ext Root Scanning (ms): Min: 0.3, Avg: 0.3, Max: 0.3, Diff: 0.0, Sum: 1.3]
      [Update RS (ms): Min: 48.3, Avg: 48.3, Max: 48.4, Diff: 0.1, Sum: 193.4]
         [Processed Buffers: Min: 510, Avg: 517.3, Max: 527, Diff: 17, Sum: 2069]
      [Scan RS (ms): Min: 0.0, Avg: 0.0, Max: 0.0, Diff: 0.0, Sum: 0.0]
      [Code Root Scanning (ms): Min: 0.0, Avg: 0.0, Max: 0.0, Diff: 0.0, Sum: 0.0]
      [Object Copy (ms): Min: 0.7, Avg: 0.8, Max: 0.8, Diff: 0.1, Sum: 3.1]
      [Termination (ms): Min: 0.0, Avg: 0.0, Max: 0.0, Diff: 0.0, Sum: 0.0]
         [Termination Attempts: Min: 1, Avg: 1.0, Max: 1, Diff: 0, Sum: 4]
      [GC Worker Other (ms): Min: 0.0, Avg: 0.0, Max: 0.0, Diff: 0.0, Sum: 0.1]
      [GC Worker Total (ms): Min: 49.5, Avg: 49.5, Max: 49.5, Diff: 0.0, Sum: 197.9]
      [GC Worker End (ms): Min: 338401.5, Avg: 338401.5, Max: 338401.5, Diff: 0.0]
   [Code Root Fixup: 0.0 ms]
   [Code Root Purge: 0.0 ms]
   [Clear CT: 0.0 ms]
   [Other: 8.0 ms]
      [Choose CSet: 0.0 ms]
      [Ref Proc: 0.1 ms]
      [Ref Enq: 0.0 ms]
      [Redirty Cards: 0.0 ms]
      [Humongous Register: 0.8 ms]
      [Humongous Reclaim: 2.1 ms]
      [Free CSet: 0.1 ms]
   [Eden: 64.0M(1387.0M)->0.0B(1062.0M) Survivors: 1024.0K->1024.0K Heap: 4979.5M(5120.0M)->3456.7M(5120.0M)]
 [Times: user=0.19 sys=0.00, real=0.06 secs] 
2016-06-26T19:48:29.168+0300: 338.404: Total time for which application threads were stopped: 0.0669138 seconds, Stopping threads took: 0.0085227 seconds
2016-06-26T19:48:29.173+0300: 338.409: [GC pause (G1 Humongous Allocation) (young) (initial-mark)
Desired survivor size 69730304 bytes, new threshold 15 (max 15)
- age   1:     254568 bytes,     254568 total
- age   2:         16 bytes,     254584 total
- age   3:      34360 bytes,     288944 total
- age   5:      27752 bytes,     316696 total
- age   6:         16 bytes,     316712 total
- age   7:      25720 bytes,     342432 total
- age   9:      23752 bytes,     366184 total
- age  11:      21784 bytes,     387968 total
- age  13:      10784 bytes,     398752 total
- age  14:       9032 bytes,     407784 total
- age  15:      10784 bytes,     418568 total
, 0.0033964 secs]
   [Parallel Time: 1.6 ms, GC Workers: 4]
      [GC Worker Start (ms): Min: 338410.4, Avg: 338410.4, Max: 338410.4, Diff: 0.0]
      [Ext Root Scanning (ms): Min: 0.4, Avg: 0.4, Max: 0.4, Diff: 0.0, Sum: 1.6]
      [Update RS (ms): Min: 0.4, Avg: 0.4, Max: 0.4, Diff: 0.1, Sum: 1.6]
         [Processed Buffers: Min: 4, Avg: 4.8, Max: 6, Diff: 2, Sum: 19]
      [Scan RS (ms): Min: 0.0, Avg: 0.0, Max: 0.0, Diff: 0.0, Sum: 0.0]
      [Code Root Scanning (ms): Min: 0.0, Avg: 0.0, Max: 0.0, Diff: 0.0, Sum: 0.0]
      [Object Copy (ms): Min: 0.7, Avg: 0.7, Max: 0.8, Diff: 0.1, Sum: 3.0]
      [Termination (ms): Min: 0.0, Avg: 0.0, Max: 0.0, Diff: 0.0, Sum: 0.0]
         [Termination Attempts: Min: 1, Avg: 1.3, Max: 2, Diff: 1, Sum: 5]
      [GC Worker Other (ms): Min: 0.0, Avg: 0.0, Max: 0.0, Diff: 0.0, Sum: 0.0]
      [GC Worker Total (ms): Min: 1.5, Avg: 1.6, Max: 1.6, Diff: 0.0, Sum: 6.3]
      [GC Worker End (ms): Min: 338412.0, Avg: 338412.0, Max: 338412.0, Diff: 0.0]
   [Code Root Fixup: 0.0 ms]
   [Code Root Purge: 0.0 ms]
   [Clear CT: 0.0 ms]
   [Other: 1.7 ms]
      [Choose CSet: 0.0 ms]
      [Ref Proc: 0.0 ms]
      [Ref Enq: 0.0 ms]
      [Redirty Cards: 0.0 ms]
      [Humongous Register: 0.6 ms]
      [Humongous Reclaim: 0.3 ms]
      [Free CSet: 0.0 ms]
   [Eden: 1024.0K(1062.0M)->0.0B(1061.0M) Survivors: 1024.0K->1024.0K Heap: 3459.1M(5120.0M)->3458.9M(5120.0M)]
 [Times: user=0.00 sys=0.00, real=0.00 secs] 
2016-06-26T19:48:29.176+0300: 338.413: [GC concurrent-root-region-scan-start]
2016-06-26T19:48:29.176+0300: 338.413: Total time for which application threads were stopped: 0.0039592 seconds, Stopping threads took: 0.0000821 seconds
2016-06-26T19:48:29.178+0300: 338.415: [GC concurrent-root-region-scan-end, 0.0019865 secs]
2016-06-26T19:48:29.178+0300: 338.415: [GC concurrent-mark-start]
2016-06-26T19:48:29.204+0300: 338.441: [GC concurrent-mark-end, 0.0237964 secs]
2016-06-26T19:48:29.224+0300: 338.461: [GC remark 2016-06-26T19:48:29.224+0300: 338.461: [Finalize Marking, 0.0003802 secs] 2016-06-26T19:48:29.225+0300: 338.461: [GC ref-proc, 0.0001073 secs] 2016-06-26T19:48:29.225+0300: 338.461: [Unloading, 0.0017076 secs], 0.0211817 secs]
 [Times: user=0.06 sys=0.00, real=0.02 secs] 
2016-06-26T19:48:29.245+0300: 338.482: Total time for which application threads were stopped: 0.0253030 seconds, Stopping threads took: 0.0038455 seconds
2016-06-26T19:48:29.249+0300: 338.485: [GC cleanup 3490M->3484M(5120M), 0.0022050 secs]
 [Times: user=0.00 sys=0.00, real=0.00 secs] 
2016-06-26T19:48:29.251+0300: 338.488: Total time for which application threads were stopped: 0.0025578 seconds, Stopping threads took: 0.0000629 seconds
2016-06-26T19:48:29.251+0300: 338.488: [GC concurrent-cleanup-start]
2016-06-26T19:48:29.251+0300: 338.488: [GC concurrent-cleanup-end, 0.0000222 secs]
2016-06-26T19:48:30.263+0300: 339.500: Total time for which application threads were stopped: 0.0116703 seconds, Stopping threads took: 0.0113093 seconds
2016-06-26T19:48:30.344+0300: 339.580: Total time for which application threads were stopped: 0.0074544 seconds, Stopping threads took: 0.0068805 seconds
2016-06-26T19:48:31.274+0300: 340.511: Total time for which application threads were stopped: 0.0142281 seconds, Stopping threads took: 0.0130015 seconds
2016-06-26T19:48:31.674+0300: 340.910: [GC pause (G1 Humongous Allocation) (young)
Desired survivor size 69730304 bytes, new threshold 15 (max 15)
- age   1:         40 bytes,         40 total
- age   2:     254520 bytes,     254560 total
- age   3:         16 bytes,     254576 total
- age   4:      34360 bytes,     288936 total
- age   6:      27752 bytes,     316688 total
- age   7:         16 bytes,     316704 total
- age   8:      25720 bytes,     342424 total
- age  10:      23752 bytes,     366176 total
- age  12:      21784 bytes,     387960 total
- age  14:      10784 bytes,     398744 total
- age  15:       9032 bytes,     407776 total
, 0.0573694 secs]
   [Parallel Time: 48.9 ms, GC Workers: 4]
      [GC Worker Start (ms): Min: 340915.9, Avg: 340915.9, Max: 340915.9, Diff: 0.0]
      [Ext Root Scanning (ms): Min: 0.3, Avg: 0.3, Max: 0.4, Diff: 0.0, Sum: 1.4]
      [Update RS (ms): Min: 48.0, Avg: 48.0, Max: 48.1, Diff: 0.0, Sum: 192.1]
         [Processed Buffers: Min: 510, Avg: 513.3, Max: 518, Diff: 8, Sum: 2053]
      [Scan RS (ms): Min: 0.0, Avg: 0.0, Max: 0.0, Diff: 0.0, Sum: 0.0]
      [Code Root Scanning (ms): Min: 0.0, Avg: 0.0, Max: 0.0, Diff: 0.0, Sum: 0.0]
      [Object Copy (ms): Min: 0.4, Avg: 0.4, Max: 0.4, Diff: 0.0, Sum: 1.7]
      [Termination (ms): Min: 0.0, Avg: 0.0, Max: 0.0, Diff: 0.0, Sum: 0.0]
         [Termination Attempts: Min: 1, Avg: 1.0, Max: 1, Diff: 0, Sum: 4]
      [GC Worker Other (ms): Min: 0.0, Avg: 0.0, Max: 0.0, Diff: 0.0, Sum: 0.1]
      [GC Worker Total (ms): Min: 48.8, Avg: 48.8, Max: 48.8, Diff: 0.0, Sum: 195.3]
      [GC Worker End (ms): Min: 340964.7, Avg: 340964.7, Max: 340964.7, Diff: 0.0]
   [Code Root Fixup: 0.0 ms]
   [Code Root Purge: 0.0 ms]
   [Clear CT: 0.0 ms]
   [Other: 8.5 ms]
      [Choose CSet: 0.0 ms]
      [Ref Proc: 0.0 ms]
      [Ref Enq: 0.0 ms]
      [Redirty Cards: 0.0 ms]
      [Humongous Register: 0.8 ms]
      [Humongous Reclaim: 2.5 ms]
      [Free CSet: 0.1 ms]
   [Eden: 62.0M(1061.0M)->0.0B(1157.0M) Survivors: 1024.0K->1024.0K Heap: 4979.9M(5120.0M)->3364.7M(5120.0M)]
 [Times: user=0.19 sys=0.00, real=0.06 secs] 
2016-06-26T19:48:31.731+0300: 340.968: Total time for which application threads were stopped: 0.0652472 seconds, Stopping threads took: 0.0071076 seconds
2016-06-26T19:48:31.733+0300: 340.970: [GC pause (G1 Humongous Allocation) (young) (initial-mark)
Desired survivor size 76021760 bytes, new threshold 15 (max 15)
- age   1:      43040 bytes,      43040 total
- age   3:      34696 bytes,      77736 total
- age   5:      28672 bytes,     106408 total
- age   7:      23568 bytes,     129976 total
- age   9:      23224 bytes,     153200 total
- age  11:      22864 bytes,     176064 total
- age  13:      21696 bytes,     197760 total
- age  15:      10784 bytes,     208544 total
, 0.0034165 secs]
   [Parallel Time: 1.6 ms, GC Workers: 4]
      [GC Worker Start (ms): Min: 340970.8, Avg: 340970.9, Max: 340970.9, Diff: 0.0]
      [Ext Root Scanning (ms): Min: 0.4, Avg: 0.4, Max: 0.4, Diff: 0.0, Sum: 1.6]
      [Update RS (ms): Min: 0.7, Avg: 0.8, Max: 0.8, Diff: 0.1, Sum: 3.1]
         [Processed Buffers: Min: 8, Avg: 8.5, Max: 9, Diff: 1, Sum: 34]
      [Scan RS (ms): Min: 0.0, Avg: 0.0, Max: 0.0, Diff: 0.0, Sum: 0.0]
      [Code Root Scanning (ms): Min: 0.0, Avg: 0.0, Max: 0.0, Diff: 0.0, Sum: 0.0]
      [Object Copy (ms): Min: 0.3, Avg: 0.4, Max: 0.5, Diff: 0.1, Sum: 1.6]
      [Termination (ms): Min: 0.0, Avg: 0.0, Max: 0.0, Diff: 0.0, Sum: 0.0]
         [Termination Attempts: Min: 1, Avg: 1.0, Max: 1, Diff: 0, Sum: 4]
      [GC Worker Other (ms): Min: 0.0, Avg: 0.0, Max: 0.0, Diff: 0.0, Sum: 0.0]
      [GC Worker Total (ms): Min: 1.6, Avg: 1.6, Max: 1.6, Diff: 0.0, Sum: 6.4]
      [GC Worker End (ms): Min: 340972.5, Avg: 340972.5, Max: 340972.5, Diff: 0.0]
   [Code Root Fixup: 0.0 ms]
   [Code Root Purge: 0.0 ms]
   [Clear CT: 0.0 ms]
   [Other: 1.7 ms]
      [Choose CSet: 0.0 ms]
      [Ref Proc: 0.1 ms]
      [Ref Enq: 0.0 ms]
      [Redirty Cards: 0.0 ms]
      [Humongous Register: 0.6 ms]
      [Humongous Reclaim: 0.3 ms]
      [Free CSet: 0.0 ms]
   [Eden: 1024.0K(1157.0M)->0.0B(1153.0M) Survivors: 1024.0K->1024.0K Heap: 3369.1M(5120.0M)->3368.6M(5120.0M)]
 [Times: user=0.00 sys=0.00, real=0.00 secs] 
2016-06-26T19:48:31.737+0300: 340.974: [GC concurrent-root-region-scan-start]
2016-06-26T19:48:31.737+0300: 340.974: Total time for which application threads were stopped: 0.0039862 seconds, Stopping threads took: 0.0000710 seconds
2016-06-26T19:48:31.739+0300: 340.975: [GC concurrent-root-region-scan-end, 0.0014592 secs]
2016-06-26T19:48:31.739+0300: 340.975: [GC concurrent-mark-start]
2016-06-26T19:48:31.763+0300: 340.999: [GC concurrent-mark-end, 0.0237211 secs]
2016-06-26T19:48:31.799+0300: 341.035: [GC remark 2016-06-26T19:48:31.799+0300: 341.035: [Finalize Marking, 0.0003656 secs] 2016-06-26T19:48:31.799+0300: 341.036: [GC ref-proc, 0.0001018 secs] 2016-06-26T19:48:31.799+0300: 341.036: [Unloading, 0.0016649 secs], 0.0206121 secs]
 [Times: user=0.06 sys=0.00, real=0.02 secs] 
2016-06-26T19:48:31.820+0300: 341.056: Total time for which application threads were stopped: 0.0250413 seconds, Stopping threads took: 0.0041641 seconds
2016-06-26T19:48:31.863+0300: 341.099: [GC cleanup 3422M->3422M(5120M), 0.0022854 secs]
 [Times: user=0.00 sys=0.00, real=0.00 secs] 
2016-06-26T19:48:31.865+0300: 341.102: Total time for which application threads were stopped: 0.0085689 seconds, Stopping threads took: 0.0060115 seconds
2016-06-26T19:48:32.268+0300: 341.505: Total time for which application threads were stopped: 0.0085843 seconds, Stopping threads took: 0.0074035 seconds
2016-06-26T19:48:33.271+0300: 342.508: Total time for which application threads were stopped: 0.0113846 seconds, Stopping threads took: 0.0103886 seconds
2016-06-26T19:48:34.268+0300: 343.505: Total time for which application threads were stopped: 0.0081973 seconds, Stopping threads took: 0.0071692 seconds
2016-06-26T19:48:34.412+0300: 343.648: [GC pause (G1 Humongous Allocation) (young)
Desired survivor size 76021760 bytes, new threshold 15 (max 15)
- age   1:         40 bytes,         40 total
- age   2:      43016 bytes,      43056 total
- age   4:      34696 bytes,      77752 total
- age   6:      28672 bytes,     106424 total
- age   8:      23568 bytes,     129992 total
- age  10:      23224 bytes,     153216 total
- age  12:      22864 bytes,     176080 total
- age  14:      21696 bytes,     197776 total
, 0.0510063 secs]
   [Parallel Time: 43.4 ms, GC Workers: 4]
      [GC Worker Start (ms): Min: 343653.3, Avg: 343653.3, Max: 343653.3, Diff: 0.1]
      [Ext Root Scanning (ms): Min: 0.3, Avg: 0.3, Max: 0.3, Diff: 0.1, Sum: 1.3]
      [Update RS (ms): Min: 42.6, Avg: 42.6, Max: 42.6, Diff: 0.1, Sum: 170.3]
         [Processed Buffers: Min: 448, Avg: 455.0, Max: 459, Diff: 11, Sum: 1820]
      [Scan RS (ms): Min: 0.0, Avg: 0.0, Max: 0.0, Diff: 0.0, Sum: 0.0]
      [Code Root Scanning (ms): Min: 0.0, Avg: 0.0, Max: 0.0, Diff: 0.0, Sum: 0.0]
      [Object Copy (ms): Min: 0.4, Avg: 0.4, Max: 0.5, Diff: 0.1, Sum: 1.7]
      [Termination (ms): Min: 0.0, Avg: 0.0, Max: 0.0, Diff: 0.0, Sum: 0.0]
         [Termination Attempts: Min: 1, Avg: 1.0, Max: 1, Diff: 0, Sum: 4]
      [GC Worker Other (ms): Min: 0.0, Avg: 0.0, Max: 0.0, Diff: 0.0, Sum: 0.1]
      [GC Worker Total (ms): Min: 43.3, Avg: 43.4, Max: 43.4, Diff: 0.1, Sum: 173.4]
      [GC Worker End (ms): Min: 343696.6, Avg: 343696.6, Max: 343696.6, Diff: 0.0]
   [Code Root Fixup: 0.0 ms]
   [Code Root Purge: 0.0 ms]
   [Clear CT: 0.0 ms]
   [Other: 7.5 ms]
      [Choose CSet: 0.0 ms]
      [Ref Proc: 0.0 ms]
      [Ref Enq: 0.0 ms]
      [Redirty Cards: 0.0 ms]
      [Humongous Register: 0.8 ms]
      [Humongous Reclaim: 2.1 ms]
      [Free CSet: 0.1 ms]
   [Eden: 58.0M(1153.0M)->0.0B(1184.0M) Survivors: 1024.0K->1024.0K Heap: 4979.3M(5120.0M)->3339.5M(5120.0M)]
 [Times: user=0.19 sys=0.00, real=0.05 secs] 
2016-06-26T19:48:34.463+0300: 343.699: Total time for which application threads were stopped: 0.0516354 seconds, Stopping threads took: 0.0000398 seconds
2016-06-26T19:48:34.475+0300: 343.712: [GC pause (G1 Humongous Allocation) (young) (initial-mark)
Desired survivor size 78118912 bytes, new threshold 15 (max 15)
- age   1:      47000 bytes,      47000 total
- age   3:      35056 bytes,      82056 total
- age   5:      28576 bytes,     110632 total
- age   7:      24448 bytes,     135080 total
- age   9:      20608 bytes,     155688 total
- age  11:      21752 bytes,     177440 total
- age  13:      22424 bytes,     199864 total
- age  15:      21696 bytes,     221560 total
, 0.0042231 secs]
   [Parallel Time: 2.5 ms, GC Workers: 4]
      [GC Worker Start (ms): Min: 343712.6, Avg: 343712.9, Max: 343713.3, Diff: 0.7]
      [Ext Root Scanning (ms): Min: 0.0, Avg: 1.1, Max: 2.3, Diff: 2.3, Sum: 4.6]
      [Update RS (ms): Min: 0.0, Avg: 0.4, Max: 0.8, Diff: 0.8, Sum: 1.7]
         [Processed Buffers: Min: 0, Avg: 5.0, Max: 10, Diff: 10, Sum: 20]
      [Scan RS (ms): Min: 0.0, Avg: 0.0, Max: 0.0, Diff: 0.0, Sum: 0.0]
      [Code Root Scanning (ms): Min: 0.0, Avg: 0.0, Max: 0.0, Diff: 0.0, Sum: 0.0]
      [Object Copy (ms): Min: 0.1, Avg: 0.5, Max: 0.7, Diff: 0.6, Sum: 1.8]
      [Termination (ms): Min: 0.0, Avg: 0.1, Max: 0.2, Diff: 0.2, Sum: 0.3]
         [Termination Attempts: Min: 1, Avg: 1.0, Max: 1, Diff: 0, Sum: 4]
      [GC Worker Other (ms): Min: 0.0, Avg: 0.0, Max: 0.0, Diff: 0.0, Sum: 0.0]
      [GC Worker Total (ms): Min: 1.8, Avg: 2.1, Max: 2.4, Diff: 0.7, Sum: 8.4]
      [GC Worker End (ms): Min: 343715.0, Avg: 343715.1, Max: 343715.1, Diff: 0.0]
   [Code Root Fixup: 0.0 ms]
   [Code Root Purge: 0.0 ms]
   [Clear CT: 0.0 ms]
   [Other: 1.7 ms]
      [Choose CSet: 0.0 ms]
      [Ref Proc: 0.1 ms]
      [Ref Enq: 0.0 ms]
      [Redirty Cards: 0.0 ms]
      [Humongous Register: 0.6 ms]
      [Humongous Reclaim: 0.3 ms]
      [Free CSet: 0.0 ms]
   [Eden: 2048.0K(1184.0M)->0.0B(1174.0M) Survivors: 1024.0K->1024.0K Heap: 3346.3M(5120.0M)->3345.3M(5120.0M)]
 [Times: user=0.00 sys=0.00, real=0.01 secs] 
2016-06-26T19:48:34.480+0300: 343.716: [GC concurrent-root-region-scan-start]
2016-06-26T19:48:34.480+0300: 343.716: Total time for which application threads were stopped: 0.0048312 seconds, Stopping threads took: 0.0001287 seconds
2016-06-26T19:48:34.481+0300: 343.718: [GC concurrent-root-region-scan-end, 0.0015216 secs]
2016-06-26T19:48:34.481+0300: 343.718: [GC concurrent-mark-start]
2016-06-26T19:48:34.509+0300: 343.746: [GC concurrent-mark-end, 0.0278890 secs]
2016-06-26T19:48:34.531+0300: 343.768: [GC remark 2016-06-26T19:48:34.531+0300: 343.768: [Finalize Marking, 0.0002895 secs] 2016-06-26T19:48:34.532+0300: 343.768: [GC ref-proc, 0.0001073 secs] 2016-06-26T19:48:34.532+0300: 343.768: [Unloading, 0.0016666 secs], 0.0205368 secs]
 [Times: user=0.06 sys=0.00, real=0.02 secs] 
2016-06-26T19:48:34.552+0300: 343.788: Total time for which application threads were stopped: 0.0317905 seconds, Stopping threads took: 0.0109800 seconds
2016-06-26T19:48:34.554+0300: 343.791: [GC cleanup 3358M->3358M(5120M), 0.0021549 secs]
 [Times: user=0.00 sys=0.00, real=0.00 secs] 
2016-06-26T19:48:34.556+0300: 343.793: Total time for which application threads were stopped: 0.0024684 seconds, Stopping threads took: 0.0000616 seconds
2016-06-26T19:48:35.270+0300: 344.507: Total time for which application threads were stopped: 0.0097107 seconds, Stopping threads took: 0.0086929 seconds
2016-06-26T19:48:36.282+0300: 345.518: Total time for which application threads were stopped: 0.0116168 seconds, Stopping threads took: 0.0112991 seconds
2016-06-26T19:48:37.149+0300: 346.386: [GC pause (G1 Humongous Allocation) (young)
Desired survivor size 77070336 bytes, new threshold 15 (max 15)
- age   1:       9152 bytes,       9152 total
- age   2:      47000 bytes,      56152 total
- age   4:      35032 bytes,      91184 total
- age   6:      28520 bytes,     119704 total
- age   8:      24448 bytes,     144152 total
- age  10:      20608 bytes,     164760 total
- age  12:      21752 bytes,     186512 total
- age  14:      22424 bytes,     208936 total
, 0.0471455 secs]
   [Parallel Time: 40.0 ms, GC Workers: 4]
      [GC Worker Start (ms): Min: 346390.9, Avg: 346390.9, Max: 346391.0, Diff: 0.0]
      [Ext Root Scanning (ms): Min: 0.4, Avg: 0.4, Max: 0.4, Diff: 0.0, Sum: 1.6]
      [Update RS (ms): Min: 39.1, Avg: 39.1, Max: 39.1, Diff: 0.0, Sum: 156.5]
         [Processed Buffers: Min: 405, Avg: 421.5, Max: 429, Diff: 24, Sum: 1686]
      [Scan RS (ms): Min: 0.0, Avg: 0.0, Max: 0.0, Diff: 0.0, Sum: 0.0]
      [Code Root Scanning (ms): Min: 0.0, Avg: 0.0, Max: 0.0, Diff: 0.0, Sum: 0.0]
      [Object Copy (ms): Min: 0.4, Avg: 0.4, Max: 0.4, Diff: 0.0, Sum: 1.7]
      [Termination (ms): Min: 0.0, Avg: 0.0, Max: 0.0, Diff: 0.0, Sum: 0.0]
         [Termination Attempts: Min: 1, Avg: 1.0, Max: 1, Diff: 0, Sum: 4]
      [GC Worker Other (ms): Min: 0.0, Avg: 0.0, Max: 0.0, Diff: 0.0, Sum: 0.1]
      [GC Worker Total (ms): Min: 40.0, Avg: 40.0, Max: 40.0, Diff: 0.0, Sum: 159.9]
      [GC Worker End (ms): Min: 346430.9, Avg: 346430.9, Max: 346430.9, Diff: 0.0]
   [Code Root Fixup: 0.0 ms]
   [Code Root Purge: 0.0 ms]
   [Clear CT: 0.0 ms]
   [Other: 7.0 ms]
      [Choose CSet: 0.0 ms]
      [Ref Proc: 0.0 ms]
      [Ref Enq: 0.0 ms]
      [Redirty Cards: 0.0 ms]
      [Humongous Register: 0.8 ms]
      [Humongous Reclaim: 1.9 ms]
      [Free CSet: 0.0 ms]
   [Eden: 52.0M(1174.0M)->0.0B(907.0M) Survivors: 1024.0K->1024.0K Heap: 4979.3M(5120.0M)->3609.0M(5120.0M)]
 [Times: user=0.14 sys=0.00, real=0.05 secs] 
2016-06-26T19:48:37.197+0300: 346.433: Total time for which application threads were stopped: 0.0599131 seconds, Stopping threads took: 0.0117622 seconds
2016-06-26T19:48:37.198+0300: 346.434: [GC pause (G1 Humongous Allocation) (young) (initial-mark)
Desired survivor size 59768832 bytes, new threshold 15 (max 15)
- age   1:      30096 bytes,      30096 total
- age   2:       9128 bytes,      39224 total
- age   3:      38528 bytes,      77752 total
- age   5:      29680 bytes,     107432 total
- age   7:      25312 bytes,     132744 total
- age   9:      23352 bytes,     156096 total
- age  11:      20096 bytes,     176192 total
- age  13:      21688 bytes,     197880 total
- age  15:      22424 bytes,     220304 total
, 0.0029855 secs]
   [Parallel Time: 1.4 ms, GC Workers: 4]
      [GC Worker Start (ms): Min: 346435.3, Avg: 346435.3, Max: 346435.3, Diff: 0.0]
      [Ext Root Scanning (ms): Min: 0.4, Avg: 0.5, Max: 0.5, Diff: 0.0, Sum: 1.9]
      [Update RS (ms): Min: 0.4, Avg: 0.4, Max: 0.5, Diff: 0.1, Sum: 1.6]
         [Processed Buffers: Min: 4, Avg: 4.5, Max: 6, Diff: 2, Sum: 18]
      [Scan RS (ms): Min: 0.0, Avg: 0.0, Max: 0.0, Diff: 0.0, Sum: 0.0]
      [Code Root Scanning (ms): Min: 0.0, Avg: 0.0, Max: 0.0, Diff: 0.0, Sum: 0.0]
      [Object Copy (ms): Min: 0.4, Avg: 0.4, Max: 0.5, Diff: 0.1, Sum: 1.8]
      [Termination (ms): Min: 0.0, Avg: 0.0, Max: 0.0, Diff: 0.0, Sum: 0.0]
         [Termination Attempts: Min: 1, Avg: 1.0, Max: 1, Diff: 0, Sum: 4]
      [GC Worker Other (ms): Min: 0.0, Avg: 0.0, Max: 0.0, Diff: 0.0, Sum: 0.0]
      [GC Worker Total (ms): Min: 1.3, Avg: 1.3, Max: 1.3, Diff: 0.0, Sum: 5.3]
      [GC Worker End (ms): Min: 346436.6, Avg: 346436.6, Max: 346436.6, Diff: 0.0]
   [Code Root Fixup: 0.0 ms]
   [Code Root Purge: 0.0 ms]
   [Clear CT: 0.0 ms]
   [Other: 1.6 ms]
      [Choose CSet: 0.0 ms]
      [Ref Proc: 0.0 ms]
      [Ref Enq: 0.0 ms]
      [Redirty Cards: 0.0 ms]
      [Humongous Register: 0.6 ms]
      [Humongous Reclaim: 0.3 ms]
      [Free CSet: 0.0 ms]
   [Eden: 1024.0K(907.0M)->0.0B(906.0M) Survivors: 1024.0K->1024.0K Heap: 3611.5M(5120.0M)->3610.9M(5120.0M)]
 [Times: user=0.00 sys=0.00, real=0.00 secs] 
2016-06-26T19:48:37.201+0300: 346.438: [GC concurrent-root-region-scan-start]
2016-06-26T19:48:37.201+0300: 346.438: Total time for which application threads were stopped: 0.0036244 seconds, Stopping threads took: 0.0000641 seconds
2016-06-26T19:48:37.203+0300: 346.439: [GC concurrent-root-region-scan-end, 0.0014237 secs]
2016-06-26T19:48:37.203+0300: 346.439: [GC concurrent-mark-start]
2016-06-26T19:48:37.226+0300: 346.462: [GC concurrent-mark-end, 0.0234440 secs]
2016-06-26T19:48:37.277+0300: 346.513: [GC remark 2016-06-26T19:48:37.277+0300: 346.513: [Finalize Marking, 0.0004533 secs] 2016-06-26T19:48:37.277+0300: 346.514: [GC ref-proc, 0.0001095 secs] 2016-06-26T19:48:37.278+0300: 346.514: [Unloading, 0.0018286 secs], 0.0221683 secs]
 [Times: user=0.13 sys=0.00, real=0.02 secs] 
2016-06-26T19:48:37.299+0300: 346.536: Total time for which application threads were stopped: 0.0301347 seconds, Stopping threads took: 0.0075767 seconds
2016-06-26T19:48:37.302+0300: 346.539: [GC cleanup 3655M->3655M(5120M), 0.0022148 secs]
 [Times: user=0.00 sys=0.00, real=0.00 secs] 
2016-06-26T19:48:37.305+0300: 346.541: Total time for which application threads were stopped: 0.0026579 seconds, Stopping threads took: 0.0000517 seconds
2016-06-26T19:48:38.083+0300: 347.320: Total time for which application threads were stopped: 0.0121390 seconds, Stopping threads took: 0.0110963 seconds
2016-06-26T19:48:38.092+0300: 347.328: Total time for which application threads were stopped: 0.0007745 seconds, Stopping threads took: 0.0003438 seconds
2016-06-26T19:48:39.527+0300: 348.764: [GC pause (G1 Humongous Allocation) (young)
Desired survivor size 59768832 bytes, new threshold 15 (max 15)
- age   1:         40 bytes,         40 total
- age   2:      30072 bytes,      30112 total
- age   3:       9128 bytes,      39240 total
- age   4:      38528 bytes,      77768 total
- age   6:      29680 bytes,     107448 total
- age   8:      25312 bytes,     132760 total
- age  10:      23352 bytes,     156112 total
- age  12:      20096 bytes,     176208 total
- age  14:      21688 bytes,     197896 total
, 0.0578813 secs]
   [Parallel Time: 49.7 ms, GC Workers: 4]
      [GC Worker Start (ms): Min: 348770.1, Avg: 348770.1, Max: 348770.2, Diff: 0.0]
      [Ext Root Scanning (ms): Min: 0.4, Avg: 0.4, Max: 0.4, Diff: 0.0, Sum: 1.6]
      [Update RS (ms): Min: 48.8, Avg: 48.8, Max: 48.8, Diff: 0.0, Sum: 195.2]
         [Processed Buffers: Min: 506, Avg: 517.3, Max: 523, Diff: 17, Sum: 2069]
      [Scan RS (ms): Min: 0.0, Avg: 0.0, Max: 0.0, Diff: 0.0, Sum: 0.0]
      [Code Root Scanning (ms): Min: 0.0, Avg: 0.0, Max: 0.0, Diff: 0.0, Sum: 0.0]
      [Object Copy (ms): Min: 0.4, Avg: 0.4, Max: 0.4, Diff: 0.0, Sum: 1.7]
      [Termination (ms): Min: 0.0, Avg: 0.0, Max: 0.0, Diff: 0.0, Sum: 0.0]
         [Termination Attempts: Min: 1, Avg: 1.0, Max: 1, Diff: 0, Sum: 4]
      [GC Worker Other (ms): Min: 0.0, Avg: 0.0, Max: 0.0, Diff: 0.0, Sum: 0.1]
      [GC Worker Total (ms): Min: 49.7, Avg: 49.7, Max: 49.7, Diff: 0.0, Sum: 198.7]
      [GC Worker End (ms): Min: 348819.8, Avg: 348819.8, Max: 348819.8, Diff: 0.0]
   [Code Root Fixup: 0.0 ms]
   [Code Root Purge: 0.0 ms]
   [Clear CT: 0.0 ms]
   [Other: 8.1 ms]
      [Choose CSet: 0.0 ms]
      [Ref Proc: 0.0 ms]
      [Ref Enq: 0.0 ms]
      [Redirty Cards: 0.0 ms]
      [Humongous Register: 0.8 ms]
      [Humongous Reclaim: 1.7 ms]
      [Free CSet: 0.1 ms]
   [Eden: 63.0M(906.0M)->0.0B(764.0M) Survivors: 1024.0K->1024.0K Heap: 4980.0M(5120.0M)->3745.7M(5120.0M)]
 [Times: user=0.20 sys=0.00, real=0.06 secs] 
2016-06-26T19:48:39.586+0300: 348.822: Total time for which application threads were stopped: 0.0685371 seconds, Stopping threads took: 0.0096299 seconds
2016-06-26T19:48:39.588+0300: 348.824: [GC pause (G1 Humongous Allocation) (young) (initial-mark)
Desired survivor size 50331648 bytes, new threshold 15 (max 15)
- age   1:      40152 bytes,      40152 total
- age   2:         16 bytes,      40168 total
- age   3:      23520 bytes,      63688 total
- age   4:       9128 bytes,      72816 total
- age   5:      33320 bytes,     106136 total
- age   7:      26400 bytes,     132536 total
- age   9:      22616 bytes,     155152 total
- age  11:      22360 bytes,     177512 total
- age  13:      19992 bytes,     197504 total
- age  15:      21664 bytes,     219168 total
, 0.0033327 secs]
   [Parallel Time: 1.4 ms, GC Workers: 4]
      [GC Worker Start (ms): Min: 348825.2, Avg: 348825.2, Max: 348825.2, Diff: 0.0]
      [Ext Root Scanning (ms): Min: 0.5, Avg: 0.5, Max: 0.5, Diff: 0.0, Sum: 2.0]
      [Update RS (ms): Min: 0.4, Avg: 0.4, Max: 0.5, Diff: 0.1, Sum: 1.6]
         [Processed Buffers: Min: 4, Avg: 4.5, Max: 6, Diff: 2, Sum: 18]
      [Scan RS (ms): Min: 0.0, Avg: 0.0, Max: 0.0, Diff: 0.0, Sum: 0.0]
      [Code Root Scanning (ms): Min: 0.0, Avg: 0.0, Max: 0.0, Diff: 0.0, Sum: 0.0]
      [Object Copy (ms): Min: 0.4, Avg: 0.4, Max: 0.5, Diff: 0.1, Sum: 1.8]
      [Termination (ms): Min: 0.0, Avg: 0.0, Max: 0.0, Diff: 0.0, Sum: 0.0]
         [Termination Attempts: Min: 1, Avg: 1.0, Max: 1, Diff: 0, Sum: 4]
      [GC Worker Other (ms): Min: 0.0, Avg: 0.0, Max: 0.0, Diff: 0.0, Sum: 0.1]
      [GC Worker Total (ms): Min: 1.3, Avg: 1.4, Max: 1.4, Diff: 0.0, Sum: 5.4]
      [GC Worker End (ms): Min: 348826.5, Avg: 348826.5, Max: 348826.5, Diff: 0.0]
   [Code Root Fixup: 0.0 ms]
   [Code Root Purge: 0.0 ms]
   [Clear CT: 0.0 ms]
   [Other: 1.9 ms]
      [Choose CSet: 0.0 ms]
      [Ref Proc: 0.1 ms]
      [Ref Enq: 0.0 ms]
      [Redirty Cards: 0.0 ms]
      [Humongous Register: 0.7 ms]
      [Humongous Reclaim: 0.4 ms]
      [Free CSet: 0.0 ms]
   [Eden: 1024.0K(764.0M)->0.0B(793.0M) Survivors: 1024.0K->1024.0K Heap: 3748.2M(5120.0M)->3718.3M(5120.0M)]
 [Times: user=0.00 sys=0.00, real=0.00 secs] 
2016-06-26T19:48:39.591+0300: 348.828: [GC concurrent-root-region-scan-start]
2016-06-26T19:48:39.591+0300: 348.828: Total time for which application threads were stopped: 0.0039947 seconds, Stopping threads took: 0.0000492 seconds
2016-06-26T19:48:39.593+0300: 348.829: [GC concurrent-root-region-scan-end, 0.0014181 secs]
2016-06-26T19:48:39.593+0300: 348.829: [GC concurrent-mark-start]
2016-06-26T19:48:39.618+0300: 348.854: [GC concurrent-mark-end, 0.0242843 secs]
2016-06-26T19:48:39.705+0300: 348.942: [GC remark 2016-06-26T19:48:39.705+0300: 348.942: [Finalize Marking, 0.0003695 secs] 2016-06-26T19:48:39.706+0300: 348.942: [GC ref-proc, 0.0001026 secs] 2016-06-26T19:48:39.706+0300: 348.942: [Unloading, 0.0019664 secs], 0.0227598 secs]
 [Times: user=0.06 sys=0.00, real=0.02 secs] 
2016-06-26T19:48:39.728+0300: 348.965: Total time for which application threads were stopped: 0.0307757 seconds, Stopping threads took: 0.0077470 seconds
2016-06-26T19:48:39.735+0300: 348.971: [GC cleanup 3751M->3751M(5120M), 0.0022858 secs]
 [Times: user=0.00 sys=0.00, real=0.00 secs] 
2016-06-26T19:48:39.737+0300: 348.974: Total time for which application threads were stopped: 0.0026604 seconds, Stopping threads took: 0.0001048 seconds
2016-06-26T19:48:40.759+0300: 349.995: Total time for which application threads were stopped: 0.0213019 seconds, Stopping threads took: 0.0209589 seconds
2016-06-26T19:48:41.680+0300: 350.916: [GC pause (G1 Humongous Allocation) (young)
Desired survivor size 52428800 bytes, new threshold 15 (max 15)
- age   1:         40 bytes,         40 total
- age   2:      39896 bytes,      39936 total
- age   3:         16 bytes,      39952 total
- age   4:      23440 bytes,      63392 total
- age   5:       9128 bytes,      72520 total
- age   6:      33264 bytes,     105784 total
- age   8:      26400 bytes,     132184 total
- age  10:      22616 bytes,     154800 total
- age  12:      22360 bytes,     177160 total
- age  14:      19992 bytes,     197152 total
, 0.0563439 secs]
   [Parallel Time: 48.4 ms, GC Workers: 4]
      [GC Worker Start (ms): Min: 350922.0, Avg: 350922.0, Max: 350922.0, Diff: 0.0]
      [Ext Root Scanning (ms): Min: 0.4, Avg: 0.4, Max: 0.4, Diff: 0.0, Sum: 1.6]
      [Update RS (ms): Min: 47.5, Avg: 47.5, Max: 47.5, Diff: 0.1, Sum: 190.1]
         [Processed Buffers: Min: 501, Avg: 507.8, Max: 515, Diff: 14, Sum: 2031]
      [Scan RS (ms): Min: 0.0, Avg: 0.0, Max: 0.0, Diff: 0.0, Sum: 0.0]
      [Code Root Scanning (ms): Min: 0.0, Avg: 0.0, Max: 0.0, Diff: 0.0, Sum: 0.0]
      [Object Copy (ms): Min: 0.4, Avg: 0.4, Max: 0.4, Diff: 0.0, Sum: 1.7]
      [Termination (ms): Min: 0.0, Avg: 0.0, Max: 0.0, Diff: 0.0, Sum: 0.0]
         [Termination Attempts: Min: 1, Avg: 1.0, Max: 1, Diff: 0, Sum: 4]
      [GC Worker Other (ms): Min: 0.0, Avg: 0.0, Max: 0.0, Diff: 0.0, Sum: 0.1]
      [GC Worker Total (ms): Min: 48.3, Avg: 48.4, Max: 48.4, Diff: 0.1, Sum: 193.4]
      [GC Worker End (ms): Min: 350970.4, Avg: 350970.4, Max: 350970.4, Diff: 0.0]
   [Code Root Fixup: 0.0 ms]
   [Code Root Purge: 0.0 ms]
   [Clear CT: 0.0 ms]
   [Other: 7.9 ms]
      [Choose CSet: 0.0 ms]
      [Ref Proc: 0.1 ms]
      [Ref Enq: 0.0 ms]
      [Redirty Cards: 0.0 ms]
      [Humongous Register: 0.8 ms]
      [Humongous Reclaim: 1.8 ms]
      [Free CSet: 0.0 ms]
   [Eden: 64.0M(793.0M)->0.0B(828.0M) Survivors: 1024.0K->1024.0K Heap: 4979.1M(5120.0M)->3685.2M(5120.0M)]
 [Times: user=0.22 sys=0.00, real=0.06 secs] 
2016-06-26T19:48:41.736+0300: 350.973: Total time for which application threads were stopped: 0.0737464 seconds, Stopping threads took: 0.0163924 seconds
2016-06-26T19:48:41.739+0300: 350.975: [GC pause (G1 Humongous Allocation) (young) (initial-mark)
Desired survivor size 54525952 bytes, new threshold 15 (max 15)
- age   1:      37848 bytes,      37848 total
- age   3:      33176 bytes,      71024 total
- age   5:      19656 bytes,      90680 total
- age   6:       9032 bytes,      99712 total
- age   7:      29328 bytes,     129040 total
- age   9:      24152 bytes,     153192 total
- age  11:      20832 bytes,     174024 total
- age  13:      21744 bytes,     195768 total
- age  15:      19872 bytes,     215640 total
, 0.0030389 secs]
   [Parallel Time: 1.4 ms, GC Workers: 4]
      [GC Worker Start (ms): Min: 350976.2, Avg: 350976.2, Max: 350976.3, Diff: 0.0]
      [Ext Root Scanning (ms): Min: 0.4, Avg: 0.5, Max: 0.5, Diff: 0.1, Sum: 1.9]
      [Update RS (ms): Min: 0.4, Avg: 0.4, Max: 0.4, Diff: 0.1, Sum: 1.6]
         [Processed Buffers: Min: 4, Avg: 4.5, Max: 6, Diff: 2, Sum: 18]
      [Scan RS (ms): Min: 0.0, Avg: 0.0, Max: 0.0, Diff: 0.0, Sum: 0.0]
      [Code Root Scanning (ms): Min: 0.0, Avg: 0.0, Max: 0.0, Diff: 0.0, Sum: 0.0]
      [Object Copy (ms): Min: 0.4, Avg: 0.5, Max: 0.5, Diff: 0.1, Sum: 1.8]
      [Termination (ms): Min: 0.0, Avg: 0.0, Max: 0.0, Diff: 0.0, Sum: 0.0]
         [Termination Attempts: Min: 1, Avg: 1.0, Max: 1, Diff: 0, Sum: 4]
      [GC Worker Other (ms): Min: 0.0, Avg: 0.0, Max: 0.0, Diff: 0.0, Sum: 0.0]
      [GC Worker Total (ms): Min: 1.3, Avg: 1.3, Max: 1.3, Diff: 0.0, Sum: 5.3]
      [GC Worker End (ms): Min: 350977.6, Avg: 350977.6, Max: 350977.6, Diff: 0.0]
   [Code Root Fixup: 0.0 ms]
   [Code Root Purge: 0.0 ms]
   [Clear CT: 0.0 ms]
   [Other: 1.6 ms]
      [Choose CSet: 0.0 ms]
      [Ref Proc: 0.0 ms]
      [Ref Enq: 0.0 ms]
      [Redirty Cards: 0.1 ms]
      [Humongous Register: 0.7 ms]
      [Humongous Reclaim: 0.3 ms]
      [Free CSet: 0.0 ms]
   [Eden: 1024.0K(828.0M)->0.0B(827.0M) Survivors: 1024.0K->1024.0K Heap: 3687.7M(5120.0M)->3687.1M(5120.0M)]
 [Times: user=0.00 sys=0.00, real=0.00 secs] 
2016-06-26T19:48:41.742+0300: 350.978: [GC concurrent-root-region-scan-start]
2016-06-26T19:48:41.742+0300: 350.978: Total time for which application threads were stopped: 0.0036487 seconds, Stopping threads took: 0.0000547 seconds
2016-06-26T19:48:41.743+0300: 350.980: [GC concurrent-root-region-scan-end, 0.0015237 secs]
2016-06-26T19:48:41.743+0300: 350.980: [GC concurrent-mark-start]
2016-06-26T19:48:41.769+0300: 351.006: [GC concurrent-mark-end, 0.0251974 secs]
2016-06-26T19:48:41.803+0300: 351.039: [GC remark 2016-06-26T19:48:41.803+0300: 351.039: [Finalize Marking, 0.0004909 secs] 2016-06-26T19:48:41.803+0300: 351.040: [GC ref-proc, 0.0001035 secs] 2016-06-26T19:48:41.803+0300: 351.040: [Unloading, 0.0018500 secs], 0.0230762 secs]
 [Times: user=0.06 sys=0.00, real=0.02 secs] 
2016-06-26T19:48:41.826+0300: 351.063: Total time for which application threads were stopped: 0.0345686 seconds, Stopping threads took: 0.0111075 seconds
2016-06-26T19:48:42.837+0300: 352.074: Total time for which application threads were stopped: 0.0112353 seconds, Stopping threads took: 0.0108675 seconds
2016-06-26T19:48:42.842+0300: 352.078: Total time for which application threads were stopped: 0.0010503 seconds, Stopping threads took: 0.0000693 seconds
2016-06-26T19:48:43.278+0300: 352.515: Total time for which application threads were stopped: 0.0166392 seconds, Stopping threads took: 0.0156581 seconds
2016-06-26T19:48:43.764+0300: 353.001: [GC cleanup 4979M->4979M(5120M), 0.0019835 secs]
 [Times: user=0.00 sys=0.00, real=0.00 secs] 
2016-06-26T19:48:43.766+0300: 353.003: Total time for which application threads were stopped: 0.0085993 seconds, Stopping threads took: 0.0062044 seconds
2016-06-26T19:48:43.853+0300: 353.090: [GC pause (G1 Humongous Allocation) (young)
Desired survivor size 54525952 bytes, new threshold 15 (max 15)
- age   1:        120 bytes,        120 total
- age   2:      37800 bytes,      37920 total
- age   4:      33176 bytes,      71096 total
- age   6:      19600 bytes,      90696 total
- age   7:       9032 bytes,      99728 total
- age   8:      29328 bytes,     129056 total
- age  10:      24152 bytes,     153208 total
- age  12:      20832 bytes,     174040 total
- age  14:      21744 bytes,     195784 total
, 0.0540906 secs]
   [Parallel Time: 46.1 ms, GC Workers: 4]
      [GC Worker Start (ms): Min: 353095.3, Avg: 353095.3, Max: 353095.4, Diff: 0.0]
      [Ext Root Scanning (ms): Min: 0.4, Avg: 0.4, Max: 0.4, Diff: 0.0, Sum: 1.5]
      [Update RS (ms): Min: 45.2, Avg: 45.2, Max: 45.2, Diff: 0.0, Sum: 180.9]
         [Processed Buffers: Min: 474, Avg: 477.3, Max: 484, Diff: 10, Sum: 1909]
      [Scan RS (ms): Min: 0.0, Avg: 0.0, Max: 0.0, Diff: 0.0, Sum: 0.1]
      [Code Root Scanning (ms): Min: 0.0, Avg: 0.0, Max: 0.0, Diff: 0.0, Sum: 0.0]
      [Object Copy (ms): Min: 0.4, Avg: 0.4, Max: 0.4, Diff: 0.0, Sum: 1.7]
      [Termination (ms): Min: 0.0, Avg: 0.0, Max: 0.0, Diff: 0.0, Sum: 0.0]
         [Termination Attempts: Min: 1, Avg: 1.0, Max: 1, Diff: 0, Sum: 4]
      [GC Worker Other (ms): Min: 0.0, Avg: 0.0, Max: 0.0, Diff: 0.0, Sum: 0.1]
      [GC Worker Total (ms): Min: 46.0, Avg: 46.0, Max: 46.0, Diff: 0.0, Sum: 184.2]
      [GC Worker End (ms): Min: 353141.4, Avg: 353141.4, Max: 353141.4, Diff: 0.0]
   [Code Root Fixup: 0.0 ms]
   [Code Root Purge: 0.0 ms]
   [Clear CT: 0.0 ms]
   [Other: 8.0 ms]
      [Choose CSet: 0.0 ms]
      [Ref Proc: 0.0 ms]
      [Ref Enq: 0.0 ms]
      [Redirty Cards: 0.0 ms]
      [Humongous Register: 0.8 ms]
      [Humongous Reclaim: 2.3 ms]
      [Free CSet: 0.0 ms]
   [Eden: 63.0M(827.0M)->0.0B(1156.0M) Survivors: 1024.0K->1024.0K Heap: 4980.6M(5120.0M)->3365.0M(5120.0M)]
 [Times: user=0.20 sys=0.00, real=0.06 secs] 
2016-06-26T19:48:43.908+0300: 353.144: Total time for which application threads were stopped: 0.0549142 seconds, Stopping threads took: 0.0000868 seconds
2016-06-26T19:48:43.917+0300: 353.154: [GC pause (G1 Humongous Allocation) (young) (initial-mark)
Desired survivor size 76021760 bytes, new threshold 15 (max 15)
- age   1:      60256 bytes,      60256 total
- age   2:         96 bytes,      60352 total
- age   3:      30624 bytes,      90976 total
- age   5:      27680 bytes,     118656 total
- age   7:      15056 bytes,     133712 total
- age   8:       9032 bytes,     142744 total
- age   9:      25976 bytes,     168720 total
- age  11:      22888 bytes,     191608 total
- age  13:      20408 bytes,     212016 total
- age  15:      21632 bytes,     233648 total
, 0.0035534 secs]
   [Parallel Time: 1.7 ms, GC Workers: 4]
      [GC Worker Start (ms): Min: 353154.8, Avg: 353154.8, Max: 353154.8, Diff: 0.0]
      [Ext Root Scanning (ms): Min: 0.4, Avg: 0.4, Max: 0.4, Diff: 0.0, Sum: 1.7]
      [Update RS (ms): Min: 0.7, Avg: 0.8, Max: 0.8, Diff: 0.1, Sum: 3.2]
         [Processed Buffers: Min: 8, Avg: 9.0, Max: 10, Diff: 2, Sum: 36]
      [Scan RS (ms): Min: 0.0, Avg: 0.0, Max: 0.0, Diff: 0.0, Sum: 0.0]
      [Code Root Scanning (ms): Min: 0.0, Avg: 0.0, Max: 0.0, Diff: 0.0, Sum: 0.0]
      [Object Copy (ms): Min: 0.4, Avg: 0.4, Max: 0.5, Diff: 0.1, Sum: 1.7]
      [Termination (ms): Min: 0.0, Avg: 0.0, Max: 0.0, Diff: 0.0, Sum: 0.0]
         [Termination Attempts: Min: 1, Avg: 1.0, Max: 1, Diff: 0, Sum: 4]
      [GC Worker Other (ms): Min: 0.0, Avg: 0.0, Max: 0.0, Diff: 0.0, Sum: 0.0]
      [GC Worker Total (ms): Min: 1.7, Avg: 1.7, Max: 1.7, Diff: 0.0, Sum: 6.6]
      [GC Worker End (ms): Min: 353156.5, Avg: 353156.5, Max: 353156.5, Diff: 0.0]
   [Code Root Fixup: 0.0 ms]
   [Code Root Purge: 0.0 ms]
   [Clear CT: 0.0 ms]
   [Other: 1.8 ms]
      [Choose CSet: 0.0 ms]
      [Ref Proc: 0.1 ms]
      [Ref Enq: 0.0 ms]
      [Redirty Cards: 0.0 ms]
      [Humongous Register: 0.6 ms]
      [Humongous Reclaim: 0.3 ms]
      [Free CSet: 0.0 ms]
   [Eden: 1024.0K(1156.0M)->0.0B(1153.0M) Survivors: 1024.0K->1024.0K Heap: 3369.9M(5120.0M)->3368.8M(5120.0M)]
 [Times: user=0.01 sys=0.00, real=0.00 secs] 
2016-06-26T19:48:43.921+0300: 353.157: [GC concurrent-root-region-scan-start]
2016-06-26T19:48:43.921+0300: 353.157: Total time for which application threads were stopped: 0.0041786 seconds, Stopping threads took: 0.0000808 seconds
2016-06-26T19:48:43.922+0300: 353.159: [GC concurrent-root-region-scan-end, 0.0014044 secs]
2016-06-26T19:48:43.922+0300: 353.159: [GC concurrent-mark-start]
2016-06-26T19:48:43.951+0300: 353.187: [GC concurrent-mark-end, 0.0256349 secs]
2016-06-26T19:48:43.968+0300: 353.205: [GC remark 2016-06-26T19:48:43.968+0300: 353.205: [Finalize Marking, 0.0003455 secs] 2016-06-26T19:48:43.969+0300: 353.205: [GC ref-proc, 0.0001150 secs] 2016-06-26T19:48:43.969+0300: 353.205: [Unloading, 0.0016922 secs], 0.0209042 secs]
 [Times: user=0.06 sys=0.00, real=0.02 secs] 
2016-06-26T19:48:43.989+0300: 353.226: Total time for which application threads were stopped: 0.0279930 seconds, Stopping threads took: 0.0067445 seconds
2016-06-26T19:48:44.269+0300: 353.505: Total time for which application threads were stopped: 0.0062455 seconds, Stopping threads took: 0.0051207 seconds
2016-06-26T19:48:44.715+0300: 353.952: [GC cleanup 3859M->3859M(5120M), 0.0022221 secs]
 [Times: user=0.06 sys=0.00, real=0.00 secs] 
2016-06-26T19:48:44.718+0300: 353.954: Total time for which application threads were stopped: 0.0097954 seconds, Stopping threads took: 0.0072325 seconds
2016-06-26T19:48:45.270+0300: 354.507: Total time for which application threads were stopped: 0.0081391 seconds, Stopping threads took: 0.0071743 seconds
2016-06-26T19:48:45.583+0300: 354.820: Total time for which application threads were stopped: 0.0088991 seconds, Stopping threads took: 0.0086686 seconds
2016-06-26T19:48:46.272+0300: 355.509: Total time for which application threads were stopped: 0.0094204 seconds, Stopping threads took: 0.0084445 seconds
2016-06-26T19:48:46.695+0300: 355.932: [GC pause (G1 Humongous Allocation) (young)
Desired survivor size 76021760 bytes, new threshold 15 (max 15)
- age   1:        112 bytes,        112 total
- age   2:      60208 bytes,      60320 total
- age   3:         96 bytes,      60416 total
- age   4:      30624 bytes,      91040 total
- age   6:      27680 bytes,     118720 total
- age   8:      15056 bytes,     133776 total
- age   9:       9032 bytes,     142808 total
- age  10:      25976 bytes,     168784 total
- age  12:      22888 bytes,     191672 total
- age  14:      20408 bytes,     212080 total
, 0.0392569 secs]
   [Parallel Time: 32.6 ms, GC Workers: 4]
      [GC Worker Start (ms): Min: 355936.0, Avg: 355936.0, Max: 355936.0, Diff: 0.0]
      [Ext Root Scanning (ms): Min: 0.3, Avg: 0.3, Max: 0.4, Diff: 0.0, Sum: 1.4]
      [Update RS (ms): Min: 31.8, Avg: 31.8, Max: 31.8, Diff: 0.0, Sum: 127.2]
         [Processed Buffers: Min: 338, Avg: 338.8, Max: 340, Diff: 2, Sum: 1355]
      [Scan RS (ms): Min: 0.0, Avg: 0.0, Max: 0.0, Diff: 0.0, Sum: 0.0]
      [Code Root Scanning (ms): Min: 0.0, Avg: 0.0, Max: 0.0, Diff: 0.0, Sum: 0.0]
      [Object Copy (ms): Min: 0.4, Avg: 0.4, Max: 0.4, Diff: 0.0, Sum: 1.7]
      [Termination (ms): Min: 0.0, Avg: 0.0, Max: 0.0, Diff: 0.0, Sum: 0.0]
         [Termination Attempts: Min: 1, Avg: 1.0, Max: 1, Diff: 0, Sum: 4]
      [GC Worker Other (ms): Min: 0.0, Avg: 0.0, Max: 0.0, Diff: 0.0, Sum: 0.1]
      [GC Worker Total (ms): Min: 32.6, Avg: 32.6, Max: 32.6, Diff: 0.0, Sum: 130.3]
      [GC Worker End (ms): Min: 355968.6, Avg: 355968.6, Max: 355968.6, Diff: 0.0]
   [Code Root Fixup: 0.0 ms]
   [Code Root Purge: 0.0 ms]
   [Clear CT: 0.0 ms]
   [Other: 6.6 ms]
      [Choose CSet: 0.0 ms]
      [Ref Proc: 0.0 ms]
      [Ref Enq: 0.0 ms]
      [Redirty Cards: 0.0 ms]
      [Humongous Register: 0.8 ms]
      [Humongous Reclaim: 2.3 ms]
      [Free CSet: 0.0 ms]
   [Eden: 43.0M(1153.0M)->0.0B(1186.0M) Survivors: 1024.0K->1024.0K Heap: 4979.6M(5120.0M)->3337.6M(5120.0M)]
 [Times: user=0.14 sys=0.00, real=0.04 secs] 
2016-06-26T19:48:46.735+0300: 355.971: Total time for which application threads were stopped: 0.0482843 seconds, Stopping threads took: 0.0082533 seconds
2016-06-26T19:48:46.737+0300: 355.974: [GC pause (G1 Humongous Allocation) (young) (initial-mark)
Desired survivor size 78118912 bytes, new threshold 15 (max 15)
- age   1:      43896 bytes,      43896 total
- age   2:         16 bytes,      43912 total
- age   3:      53816 bytes,      97728 total
- age   4:         96 bytes,      97824 total
- age   5:      25832 bytes,     123656 total
- age   7:      24048 bytes,     147704 total
- age   9:      12960 bytes,     160664 total
- age  10:       9032 bytes,     169696 total
- age  11:      24216 bytes,     193912 total
- age  13:      22168 bytes,     216080 total
- age  15:      19960 bytes,     236040 total
, 0.0031270 secs]
   [Parallel Time: 1.3 ms, GC Workers: 4]
      [GC Worker Start (ms): Min: 355974.9, Avg: 355974.9, Max: 355974.9, Diff: 0.0]
      [Ext Root Scanning (ms): Min: 0.4, Avg: 0.4, Max: 0.4, Diff: 0.0, Sum: 1.7]
      [Update RS (ms): Min: 0.4, Avg: 0.4, Max: 0.4, Diff: 0.1, Sum: 1.6]
         [Processed Buffers: Min: 4, Avg: 4.8, Max: 5, Diff: 1, Sum: 19]
      [Scan RS (ms): Min: 0.0, Avg: 0.0, Max: 0.0, Diff: 0.0, Sum: 0.0]
      [Code Root Scanning (ms): Min: 0.0, Avg: 0.0, Max: 0.0, Diff: 0.0, Sum: 0.0]
      [Object Copy (ms): Min: 0.4, Avg: 0.4, Max: 0.5, Diff: 0.1, Sum: 1.8]
      [Termination (ms): Min: 0.0, Avg: 0.0, Max: 0.0, Diff: 0.0, Sum: 0.0]
         [Termination Attempts: Min: 1, Avg: 1.0, Max: 1, Diff: 0, Sum: 4]
      [GC Worker Other (ms): Min: 0.0, Avg: 0.0, Max: 0.0, Diff: 0.0, Sum: 0.0]
      [GC Worker Total (ms): Min: 1.3, Avg: 1.3, Max: 1.3, Diff: 0.0, Sum: 5.1]
      [GC Worker End (ms): Min: 355976.1, Avg: 355976.1, Max: 355976.1, Diff: 0.0]
   [Code Root Fixup: 0.0 ms]
   [Code Root Purge: 0.0 ms]
   [Clear CT: 0.0 ms]
   [Other: 1.8 ms]
      [Choose CSet: 0.0 ms]
      [Ref Proc: 0.1 ms]
      [Ref Enq: 0.0 ms]
      [Redirty Cards: 0.0 ms]
      [Humongous Register: 0.7 ms]
      [Humongous Reclaim: 0.3 ms]
      [Free CSet: 0.0 ms]
   [Eden: 1024.0K(1186.0M)->0.0B(1184.0M) Survivors: 1024.0K->1024.0K Heap: 3340.1M(5120.0M)->3339.5M(5120.0M)]
 [Times: user=0.00 sys=0.00, real=0.00 secs] 
2016-06-26T19:48:46.741+0300: 355.977: [GC concurrent-root-region-scan-start]
2016-06-26T19:48:46.741+0300: 355.977: Total time for which application threads were stopped: 0.0037073 seconds, Stopping threads took: 0.0000466 seconds
2016-06-26T19:48:46.742+0300: 355.979: [GC concurrent-root-region-scan-end, 0.0014185 secs]
2016-06-26T19:48:46.742+0300: 355.979: [GC concurrent-mark-start]
2016-06-26T19:48:46.766+0300: 356.003: [GC concurrent-mark-end, 0.0232747 secs]
2016-06-26T19:48:47.246+0300: 356.482: [GC remark 2016-06-26T19:48:47.246+0300: 356.482: [Finalize Marking, 0.0022760 secs] 2016-06-26T19:48:47.248+0300: 356.484: [GC ref-proc, 0.0001073 secs] 2016-06-26T19:48:47.248+0300: 356.485: [Unloading, 0.0017311 secs], 0.0223650 secs]
 [Times: user=0.13 sys=0.00, real=0.02 secs] 
2016-06-26T19:48:47.268+0300: 356.505: Total time for which application threads were stopped: 0.0290035 seconds, Stopping threads took: 0.0062741 seconds
2016-06-26T19:48:47.294+0300: 356.531: Total time for which application threads were stopped: 0.0012021 seconds, Stopping threads took: 0.0000684 seconds
2016-06-26T19:48:47.364+0300: 356.601: [GC cleanup 3706M->3694M(5120M), 0.0022452 secs]
 [Times: user=0.00 sys=0.00, real=0.00 secs] 
2016-06-26T19:48:47.366+0300: 356.603: Total time for which application threads were stopped: 0.0079266 seconds, Stopping threads took: 0.0054073 seconds
2016-06-26T19:48:47.366+0300: 356.603: [GC concurrent-cleanup-start]
2016-06-26T19:48:47.366+0300: 356.603: [GC concurrent-cleanup-end, 0.0000235 secs]
2016-06-26T19:48:48.279+0300: 357.516: Total time for which application threads were stopped: 0.0080010 seconds, Stopping threads took: 0.0070426 seconds
2016-06-26T19:48:49.282+0300: 358.518: Total time for which application threads were stopped: 0.0104583 seconds, Stopping threads took: 0.0093759 seconds
2016-06-26T19:48:49.478+0300: 358.715: Total time for which application threads were stopped: 0.0060646 seconds, Stopping threads took: 0.0058486 seconds
2016-06-26T19:48:49.479+0300: 358.716: [GC pause (G1 Humongous Allocation) (young)
Desired survivor size 78118912 bytes, new threshold 15 (max 15)
- age   1:         40 bytes,         40 total
- age   2:      43872 bytes,      43912 total
- age   3:         16 bytes,      43928 total
- age   4:      53816 bytes,      97744 total
- age   5:         96 bytes,      97840 total
- age   6:      25832 bytes,     123672 total
- age   8:      24048 bytes,     147720 total
- age  10:      12960 bytes,     160680 total
- age  11:       9032 bytes,     169712 total
- age  12:      24216 bytes,     193928 total
- age  14:      22168 bytes,     216096 total
, 0.0520387 secs]
   [Parallel Time: 44.5 ms, GC Workers: 4]
      [GC Worker Start (ms): Min: 358721.0, Avg: 358721.0, Max: 358721.0, Diff: 0.0]
      [Ext Root Scanning (ms): Min: 0.4, Avg: 0.4, Max: 0.4, Diff: 0.0, Sum: 1.7]
      [Update RS (ms): Min: 43.6, Avg: 43.6, Max: 43.6, Diff: 0.0, Sum: 174.5]
         [Processed Buffers: Min: 450, Avg: 455.3, Max: 464, Diff: 14, Sum: 1821]
      [Scan RS (ms): Min: 0.0, Avg: 0.0, Max: 0.0, Diff: 0.0, Sum: 0.1]
      [Code Root Scanning (ms): Min: 0.0, Avg: 0.0, Max: 0.0, Diff: 0.0, Sum: 0.0]
      [Object Copy (ms): Min: 0.4, Avg: 0.4, Max: 0.4, Diff: 0.0, Sum: 1.7]
      [Termination (ms): Min: 0.0, Avg: 0.0, Max: 0.0, Diff: 0.0, Sum: 0.0]
         [Termination Attempts: Min: 1, Avg: 1.0, Max: 1, Diff: 0, Sum: 4]
      [GC Worker Other (ms): Min: 0.0, Avg: 0.0, Max: 0.0, Diff: 0.0, Sum: 0.1]
      [GC Worker Total (ms): Min: 44.5, Avg: 44.5, Max: 44.5, Diff: 0.0, Sum: 178.0]
      [GC Worker End (ms): Min: 358765.5, Avg: 358765.5, Max: 358765.5, Diff: 0.0]
   [Code Root Fixup: 0.0 ms]
   [Code Root Purge: 0.0 ms]
   [Clear CT: 0.0 ms]
   [Other: 7.4 ms]
      [Choose CSet: 0.0 ms]
      [Ref Proc: 0.0 ms]
      [Ref Enq: 0.0 ms]
      [Redirty Cards: 0.0 ms]
      [Humongous Register: 0.8 ms]
      [Humongous Reclaim: 2.1 ms]
      [Free CSet: 0.1 ms]
   [Eden: 58.0M(1184.0M)->0.0B(1055.0M) Survivors: 1024.0K->1024.0K Heap: 4981.0M(5120.0M)->3458.7M(5120.0M)]
 [Times: user=0.16 sys=0.00, real=0.05 secs] 
2016-06-26T19:48:49.532+0300: 358.768: Total time for which application threads were stopped: 0.0528337 seconds, Stopping threads took: 0.0000462 seconds
2016-06-26T19:48:49.543+0300: 358.780: [GC pause (G1 Humongous Allocation) (young) (initial-mark)
Desired survivor size 69206016 bytes, new threshold 15 (max 15)
- age   1:      47928 bytes,      47928 total
- age   2:         16 bytes,      47944 total
- age   3:      35728 bytes,      83672 total
- age   4:         16 bytes,      83688 total
- age   5:      48952 bytes,     132640 total
- age   6:         96 bytes,     132736 total
- age   7:      22816 bytes,     155552 total
- age   9:      22328 bytes,     177880 total
- age  11:      11344 bytes,     189224 total
- age  12:       9032 bytes,     198256 total
- age  13:      23584 bytes,     221840 total
- age  15:      21864 bytes,     243704 total
, 0.0030543 secs]
   [Parallel Time: 1.4 ms, GC Workers: 4]
      [GC Worker Start (ms): Min: 358780.7, Avg: 358780.7, Max: 358780.7, Diff: 0.0]
      [Ext Root Scanning (ms): Min: 0.4, Avg: 0.4, Max: 0.5, Diff: 0.0, Sum: 1.8]
      [Update RS (ms): Min: 0.4, Avg: 0.4, Max: 0.4, Diff: 0.0, Sum: 1.6]
         [Processed Buffers: Min: 4, Avg: 4.5, Max: 5, Diff: 1, Sum: 18]
      [Scan RS (ms): Min: 0.0, Avg: 0.0, Max: 0.0, Diff: 0.0, Sum: 0.0]
      [Code Root Scanning (ms): Min: 0.0, Avg: 0.0, Max: 0.0, Diff: 0.0, Sum: 0.0]
      [Object Copy (ms): Min: 0.4, Avg: 0.4, Max: 0.5, Diff: 0.1, Sum: 1.7]
      [Termination (ms): Min: 0.0, Avg: 0.0, Max: 0.0, Diff: 0.0, Sum: 0.0]
         [Termination Attempts: Min: 1, Avg: 1.0, Max: 1, Diff: 0, Sum: 4]
      [GC Worker Other (ms): Min: 0.0, Avg: 0.0, Max: 0.0, Diff: 0.0, Sum: 0.0]
      [GC Worker Total (ms): Min: 1.3, Avg: 1.3, Max: 1.3, Diff: 0.0, Sum: 5.2]
      [GC Worker End (ms): Min: 358782.0, Avg: 358782.0, Max: 358782.0, Diff: 0.0]
   [Code Root Fixup: 0.0 ms]
   [Code Root Purge: 0.0 ms]
   [Clear CT: 0.0 ms]
   [Other: 1.7 ms]
      [Choose CSet: 0.0 ms]
      [Ref Proc: 0.0 ms]
      [Ref Enq: 0.0 ms]
      [Redirty Cards: 0.0 ms]
      [Humongous Register: 0.7 ms]
      [Humongous Reclaim: 0.3 ms]
      [Free CSet: 0.0 ms]
   [Eden: 1024.0K(1055.0M)->0.0B(1055.0M) Survivors: 1024.0K->1024.0K Heap: 3461.2M(5120.0M)->3460.7M(5120.0M)]
 [Times: user=0.06 sys=0.00, real=0.00 secs] 
2016-06-26T19:48:49.546+0300: 358.783: [GC concurrent-root-region-scan-start]
2016-06-26T19:48:49.546+0300: 358.783: Total time for which application threads were stopped: 0.0036376 seconds, Stopping threads took: 0.0000727 seconds
2016-06-26T19:48:49.548+0300: 358.784: [GC concurrent-root-region-scan-end, 0.0014891 secs]
2016-06-26T19:48:49.548+0300: 358.785: [GC concurrent-mark-start]
2016-06-26T19:48:49.573+0300: 358.810: [GC concurrent-mark-end, 0.0244721 secs]
2016-06-26T19:48:49.582+0300: 358.818: Total time for which application threads were stopped: 0.0052914 seconds, Stopping threads took: 0.0050917 seconds
2016-06-26T19:48:49.798+0300: 359.035: [GC remark 2016-06-26T19:48:49.798+0300: 359.035: [Finalize Marking, 0.0012184 secs] 2016-06-26T19:48:49.799+0300: 359.036: [GC ref-proc, 0.0001069 secs] 2016-06-26T19:48:49.799+0300: 359.036: [Unloading, 0.0016837 secs], 0.0219096 secs]
 [Times: user=0.06 sys=0.00, real=0.02 secs] 
2016-06-26T19:48:49.820+0300: 359.057: Total time for which application threads were stopped: 0.0309754 seconds, Stopping threads took: 0.0087862 seconds
2016-06-26T19:48:49.835+0300: 359.071: [GC cleanup 3633M->3610M(5120M), 0.0023217 secs]
 [Times: user=0.00 sys=0.00, real=0.00 secs] 
2016-06-26T19:48:49.837+0300: 359.074: Total time for which application threads were stopped: 0.0027130 seconds, Stopping threads took: 0.0000667 seconds
2016-06-26T19:48:49.837+0300: 359.074: [GC concurrent-cleanup-start]
2016-06-26T19:48:49.837+0300: 359.074: [GC concurrent-cleanup-end, 0.0000368 secs]
2016-06-26T19:48:50.280+0300: 359.516: Total time for which application threads were stopped: 0.0082944 seconds, Stopping threads took: 0.0073099 seconds
2016-06-26T19:48:51.279+0300: 360.515: Total time for which application threads were stopped: 0.0071636 seconds, Stopping threads took: 0.0061856 seconds
2016-06-26T19:48:51.287+0300: 360.523: Total time for which application threads were stopped: 0.0005872 seconds, Stopping threads took: 0.0002138 seconds
2016-06-26T19:48:51.994+0300: 361.231: [GC pause (G1 Humongous Allocation) (young)
Desired survivor size 69206016 bytes, new threshold 15 (max 15)
- age   1:         40 bytes,         40 total
- age   2:      47688 bytes,      47728 total
- age   3:         16 bytes,      47744 total
- age   4:      35728 bytes,      83472 total
- age   5:         16 bytes,      83488 total
- age   6:      48952 bytes,     132440 total
- age   7:         96 bytes,     132536 total
- age   8:      22816 bytes,     155352 total
- age  10:      22328 bytes,     177680 total
- age  12:      11344 bytes,     189024 total
- age  13:       9032 bytes,     198056 total
- age  14:      23584 bytes,     221640 total
, 0.0507258 secs]
   [Parallel Time: 43.5 ms, GC Workers: 4]
      [GC Worker Start (ms): Min: 361235.7, Avg: 361235.7, Max: 361235.7, Diff: 0.0]
      [Ext Root Scanning (ms): Min: 0.4, Avg: 0.4, Max: 0.4, Diff: 0.0, Sum: 1.5]
      [Update RS (ms): Min: 42.6, Avg: 42.6, Max: 42.7, Diff: 0.0, Sum: 170.6]
         [Processed Buffers: Min: 435, Avg: 447.5, Max: 454, Diff: 19, Sum: 1790]
      [Scan RS (ms): Min: 0.0, Avg: 0.0, Max: 0.0, Diff: 0.0, Sum: 0.0]
      [Code Root Scanning (ms): Min: 0.0, Avg: 0.0, Max: 0.0, Diff: 0.0, Sum: 0.0]
      [Object Copy (ms): Min: 0.4, Avg: 0.4, Max: 0.5, Diff: 0.0, Sum: 1.7]
      [Termination (ms): Min: 0.0, Avg: 0.0, Max: 0.0, Diff: 0.0, Sum: 0.0]
         [Termination Attempts: Min: 1, Avg: 1.0, Max: 1, Diff: 0, Sum: 4]
      [GC Worker Other (ms): Min: 0.0, Avg: 0.0, Max: 0.0, Diff: 0.0, Sum: 0.1]
      [GC Worker Total (ms): Min: 43.5, Avg: 43.5, Max: 43.5, Diff: 0.0, Sum: 173.9]
      [GC Worker End (ms): Min: 361279.1, Avg: 361279.1, Max: 361279.1, Diff: 0.0]
   [Code Root Fixup: 0.0 ms]
   [Code Root Purge: 0.0 ms]
   [Clear CT: 0.0 ms]
   [Other: 7.2 ms]
      [Choose CSet: 0.0 ms]
      [Ref Proc: 0.0 ms]
      [Ref Enq: 0.0 ms]
      [Redirty Cards: 0.0 ms]
      [Humongous Register: 0.8 ms]
      [Humongous Reclaim: 1.9 ms]
      [Free CSet: 0.0 ms]
   [Eden: 57.0M(1055.0M)->0.0B(1021.0M) Survivors: 1024.0K->1024.0K Heap: 4982.1M(5120.0M)->3495.8M(5120.0M)]
 [Times: user=0.14 sys=0.00, real=0.05 secs] 
2016-06-26T19:48:52.045+0300: 361.282: Total time for which application threads were stopped: 0.0649269 seconds, Stopping threads took: 0.0133702 seconds
2016-06-26T19:48:52.048+0300: 361.285: [GC pause (G1 Humongous Allocation) (young) (initial-mark)
Desired survivor size 67108864 bytes, new threshold 15 (max 15)
- age   1:      41736 bytes,      41736 total
- age   2:         16 bytes,      41752 total
- age   3:      37984 bytes,      79736 total
- age   5:      30256 bytes,     109992 total
- age   6:         16 bytes,     110008 total
- age   7:      45376 bytes,     155384 total
- age   8:         96 bytes,     155480 total
- age   9:      20376 bytes,     175856 total
- age  11:      21000 bytes,     196856 total
- age  13:      11032 bytes,     207888 total
- age  14:       9032 bytes,     216920 total
- age  15:      23344 bytes,     240264 total
, 0.0038878 secs]
   [Parallel Time: 2.1 ms, GC Workers: 4]
      [GC Worker Start (ms): Min: 361285.8, Avg: 361285.9, Max: 361285.9, Diff: 0.0]
      [Ext Root Scanning (ms): Min: 0.4, Avg: 0.4, Max: 0.5, Diff: 0.0, Sum: 1.7]
      [Update RS (ms): Min: 1.1, Avg: 1.2, Max: 1.2, Diff: 0.1, Sum: 4.7]
         [Processed Buffers: Min: 12, Avg: 12.3, Max: 13, Diff: 1, Sum: 49]
      [Scan RS (ms): Min: 0.0, Avg: 0.0, Max: 0.0, Diff: 0.0, Sum: 0.0]
      [Code Root Scanning (ms): Min: 0.0, Avg: 0.0, Max: 0.0, Diff: 0.0, Sum: 0.0]
      [Object Copy (ms): Min: 0.4, Avg: 0.4, Max: 0.5, Diff: 0.1, Sum: 1.7]
      [Termination (ms): Min: 0.0, Avg: 0.0, Max: 0.0, Diff: 0.0, Sum: 0.0]
         [Termination Attempts: Min: 1, Avg: 1.0, Max: 1, Diff: 0, Sum: 4]
      [GC Worker Other (ms): Min: 0.0, Avg: 0.0, Max: 0.0, Diff: 0.0, Sum: 0.0]
      [GC Worker Total (ms): Min: 2.1, Avg: 2.1, Max: 2.1, Diff: 0.0, Sum: 8.3]
      [GC Worker End (ms): Min: 361287.9, Avg: 361287.9, Max: 361287.9, Diff: 0.0]
   [Code Root Fixup: 0.0 ms]
   [Code Root Purge: 0.0 ms]
   [Clear CT: 0.0 ms]
   [Other: 1.7 ms]
      [Choose CSet: 0.0 ms]
      [Ref Proc: 0.0 ms]
      [Ref Enq: 0.0 ms]
      [Redirty Cards: 0.0 ms]
      [Humongous Register: 0.6 ms]
      [Humongous Reclaim: 0.3 ms]
      [Free CSet: 0.0 ms]
   [Eden: 1024.0K(1021.0M)->0.0B(1016.0M) Survivors: 1024.0K->1024.0K Heap: 3502.2M(5120.0M)->3501.6M(5120.0M)]
 [Times: user=0.00 sys=0.00, real=0.00 secs] 
2016-06-26T19:48:52.053+0300: 361.289: [GC concurrent-root-region-scan-start]
2016-06-26T19:48:52.053+0300: 361.289: Total time for which application threads were stopped: 0.0045126 seconds, Stopping threads took: 0.0000663 seconds
2016-06-26T19:48:52.054+0300: 361.290: [GC concurrent-root-region-scan-end, 0.0013852 secs]
2016-06-26T19:48:52.054+0300: 361.290: [GC concurrent-mark-start]
2016-06-26T19:48:52.080+0300: 361.317: [GC concurrent-mark-end, 0.0258679 secs]
2016-06-26T19:48:52.122+0300: 361.359: [GC remark 2016-06-26T19:48:52.122+0300: 361.359: [Finalize Marking, 0.0004512 secs] 2016-06-26T19:48:52.123+0300: 361.359: [GC ref-proc, 0.0000996 secs] 2016-06-26T19:48:52.123+0300: 361.359: [Unloading, 0.0017949 secs], 0.0214802 secs]
 [Times: user=0.13 sys=0.00, real=0.02 secs] 
2016-06-26T19:48:52.144+0300: 361.380: Total time for which application threads were stopped: 0.0301051 seconds, Stopping threads took: 0.0082375 seconds
2016-06-26T19:48:52.148+0300: 361.384: [GC cleanup 3541M->3529M(5120M), 0.0022392 secs]
 [Times: user=0.00 sys=0.00, real=0.00 secs] 
2016-06-26T19:48:52.150+0300: 361.386: Total time for which application threads were stopped: 0.0026566 seconds, Stopping threads took: 0.0000603 seconds
2016-06-26T19:48:52.150+0300: 361.387: [GC concurrent-cleanup-start]
2016-06-26T19:48:52.150+0300: 361.387: [GC concurrent-cleanup-end, 0.0000235 secs]
2016-06-26T19:48:52.286+0300: 361.523: Total time for which application threads were stopped: 0.0143658 seconds, Stopping threads took: 0.0133659 seconds
2016-06-26T19:48:53.282+0300: 362.519: Total time for which application threads were stopped: 0.0102487 seconds, Stopping threads took: 0.0093139 seconds
2016-06-26T19:48:54.280+0300: 363.517: Total time for which application threads were stopped: 0.0081323 seconds, Stopping threads took: 0.0072000 seconds
2016-06-26T19:48:54.567+0300: 363.804: [GC pause (G1 Humongous Allocation) (young)
Desired survivor size 67108864 bytes, new threshold 15 (max 15)
- age   1:         96 bytes,         96 total
- age   2:      41712 bytes,      41808 total
- age   3:         16 bytes,      41824 total
- age   4:      37984 bytes,      79808 total
- age   6:      30256 bytes,     110064 total
- age   7:         16 bytes,     110080 total
- age   8:      45376 bytes,     155456 total
- age   9:         96 bytes,     155552 total
- age  10:      20376 bytes,     175928 total
- age  12:      21000 bytes,     196928 total
- age  14:      11032 bytes,     207960 total
- age  15:       9032 bytes,     216992 total
, 0.0672431 secs]
   [Parallel Time: 59.3 ms, GC Workers: 4]
      [GC Worker Start (ms): Min: 363809.6, Avg: 363817.5, Max: 363841.2, Diff: 31.5]
      [Ext Root Scanning (ms): Min: 0.0, Avg: 0.4, Max: 0.5, Diff: 0.5, Sum: 1.5]
      [Update RS (ms): Min: 27.2, Avg: 50.5, Max: 58.2, Diff: 31.0, Sum: 201.9]
         [Processed Buffers: Min: 289, Avg: 516.8, Max: 603, Diff: 314, Sum: 2067]
      [Scan RS (ms): Min: 0.0, Avg: 0.0, Max: 0.0, Diff: 0.0, Sum: 0.1]
      [Code Root Scanning (ms): Min: 0.0, Avg: 0.0, Max: 0.0, Diff: 0.0, Sum: 0.0]
      [Object Copy (ms): Min: 0.4, Avg: 0.4, Max: 0.5, Diff: 0.1, Sum: 1.8]
      [Termination (ms): Min: 0.0, Avg: 0.0, Max: 0.0, Diff: 0.0, Sum: 0.0]
         [Termination Attempts: Min: 1, Avg: 1.0, Max: 1, Diff: 0, Sum: 4]
      [GC Worker Other (ms): Min: 0.0, Avg: 0.0, Max: 0.0, Diff: 0.0, Sum: 0.1]
      [GC Worker Total (ms): Min: 27.7, Avg: 51.3, Max: 59.2, Diff: 31.5, Sum: 205.3]
      [GC Worker End (ms): Min: 363868.9, Avg: 363868.9, Max: 363868.9, Diff: 0.0]
   [Code Root Fixup: 0.0 ms]
   [Code Root Purge: 0.0 ms]
   [Clear CT: 0.0 ms]
   [Other: 7.9 ms]
      [Choose CSet: 0.0 ms]
      [Ref Proc: 0.0 ms]
      [Ref Enq: 0.0 ms]
      [Redirty Cards: 0.0 ms]
      [Humongous Register: 0.8 ms]
      [Humongous Reclaim: 1.9 ms]
      [Free CSet: 0.1 ms]
   [Eden: 65.0M(1016.0M)->0.0B(800.0M) Survivors: 1024.0K->1024.0K Heap: 4980.5M(5120.0M)->3714.7M(5120.0M)]
 [Times: user=0.19 sys=0.00, real=0.07 secs] 
2016-06-26T19:48:54.635+0300: 363.871: Total time for which application threads were stopped: 0.0778031 seconds, Stopping threads took: 0.0096393 seconds
2016-06-26T19:48:54.709+0300: 363.946: [GC pause (G1 Humongous Allocation) (young) (initial-mark)
Desired survivor size 52953088 bytes, new threshold 15 (max 15)
- age   1:      43832 bytes,      43832 total
- age   2:         72 bytes,      43904 total
- age   3:      34600 bytes,      78504 total
- age   4:         16 bytes,      78520 total
- age   5:      32744 bytes,     111264 total
- age   7:      26968 bytes,     138232 total
- age   8:         16 bytes,     138248 total
- age   9:      43776 bytes,     182024 total
- age  11:      19392 bytes,     201416 total
- age  13:      20616 bytes,     222032 total
- age  15:      10968 bytes,     233000 total
, 0.0030830 secs]
   [Parallel Time: 1.3 ms, GC Workers: 4]
      [GC Worker Start (ms): Min: 363947.1, Avg: 363947.1, Max: 363947.1, Diff: 0.0]
      [Ext Root Scanning (ms): Min: 0.4, Avg: 0.4, Max: 0.4, Diff: 0.0, Sum: 1.6]
      [Update RS (ms): Min: 0.4, Avg: 0.4, Max: 0.5, Diff: 0.1, Sum: 1.7]
         [Processed Buffers: Min: 4, Avg: 4.5, Max: 5, Diff: 1, Sum: 18]
      [Scan RS (ms): Min: 0.0, Avg: 0.0, Max: 0.0, Diff: 0.0, Sum: 0.0]
      [Code Root Scanning (ms): Min: 0.0, Avg: 0.0, Max: 0.0, Diff: 0.0, Sum: 0.0]
      [Object Copy (ms): Min: 0.4, Avg: 0.4, Max: 0.5, Diff: 0.1, Sum: 1.7]
      [Termination (ms): Min: 0.0, Avg: 0.0, Max: 0.0, Diff: 0.0, Sum: 0.0]
         [Termination Attempts: Min: 1, Avg: 1.0, Max: 1, Diff: 0, Sum: 4]
      [GC Worker Other (ms): Min: 0.0, Avg: 0.0, Max: 0.0, Diff: 0.0, Sum: 0.0]
      [GC Worker Total (ms): Min: 1.3, Avg: 1.3, Max: 1.3, Diff: 0.0, Sum: 5.1]
      [GC Worker End (ms): Min: 363948.3, Avg: 363948.4, Max: 363948.4, Diff: 0.0]
   [Code Root Fixup: 0.0 ms]
   [Code Root Purge: 0.0 ms]
   [Clear CT: 0.0 ms]
   [Other: 1.7 ms]
      [Choose CSet: 0.0 ms]
      [Ref Proc: 0.0 ms]
      [Ref Enq: 0.0 ms]
      [Redirty Cards: 0.0 ms]
      [Humongous Register: 0.7 ms]
      [Humongous Reclaim: 0.3 ms]
      [Free CSet: 0.0 ms]
   [Eden: 1024.0K(800.0M)->0.0B(798.0M) Survivors: 1024.0K->1024.0K Heap: 3717.1M(5120.0M)->3716.5M(5120.0M)]
 [Times: user=0.00 sys=0.00, real=0.00 secs] 
2016-06-26T19:48:54.713+0300: 363.949: [GC concurrent-root-region-scan-start]
2016-06-26T19:48:54.713+0300: 363.949: Total time for which application threads were stopped: 0.0036860 seconds, Stopping threads took: 0.0000937 seconds
2016-06-26T19:48:54.714+0300: 363.951: [GC concurrent-root-region-scan-end, 0.0016020 secs]
2016-06-26T19:48:54.714+0300: 363.951: [GC concurrent-mark-start]
2016-06-26T19:48:54.746+0300: 363.982: [GC concurrent-mark-end, 0.0303686 secs]
2016-06-26T19:48:54.763+0300: 364.000: [GC remark 2016-06-26T19:48:54.763+0300: 364.000: [Finalize Marking, 0.0002998 secs] 2016-06-26T19:48:54.763+0300: 364.000: [GC ref-proc, 0.0001039 secs] 2016-06-26T19:48:54.763+0300: 364.000: [Unloading, 0.0016880 secs], 0.0223667 secs]
 [Times: user=0.06 sys=0.02, real=0.02 secs] 
2016-06-26T19:48:54.785+0300: 364.022: Total time for which application threads were stopped: 0.0376733 seconds, Stopping threads took: 0.0150004 seconds
2016-06-26T19:48:54.788+0300: 364.025: [GC cleanup 3739M->3739M(5120M), 0.0021810 secs]
 [Times: user=0.00 sys=0.00, real=0.00 secs] 
2016-06-26T19:48:54.791+0300: 364.027: Total time for which application threads were stopped: 0.0025193 seconds, Stopping threads took: 0.0000603 seconds
2016-06-26T19:48:55.285+0300: 364.522: Total time for which application threads were stopped: 0.0133710 seconds, Stopping threads took: 0.0126598 seconds
2016-06-26T19:48:56.302+0300: 365.538: Total time for which application threads were stopped: 0.0160926 seconds, Stopping threads took: 0.0157659 seconds
2016-06-26T19:48:56.779+0300: 366.015: [GC pause (G1 Humongous Allocation) (young)
Desired survivor size 52428800 bytes, new threshold 15 (max 15)
- age   1:         96 bytes,         96 total
- age   2:      41456 bytes,      41552 total
- age   3:         72 bytes,      41624 total
- age   4:      34600 bytes,      76224 total
- age   5:         16 bytes,      76240 total
- age   6:      32744 bytes,     108984 total
- age   8:      26968 bytes,     135952 total
- age   9:         16 bytes,     135968 total
- age  10:      43776 bytes,     179744 total
- age  12:      19392 bytes,     199136 total
- age  14:      20616 bytes,     219752 total
, 0.0578787 secs]
   [Parallel Time: 49.8 ms, GC Workers: 4]
      [GC Worker Start (ms): Min: 366021.1, Avg: 366021.1, Max: 366021.1, Diff: 0.0]
      [Ext Root Scanning (ms): Min: 0.3, Avg: 0.4, Max: 0.4, Diff: 0.0, Sum: 1.4]
      [Update RS (ms): Min: 48.9, Avg: 49.0, Max: 49.0, Diff: 0.0, Sum: 195.8]
         [Processed Buffers: Min: 513, Avg: 517.0, Max: 520, Diff: 7, Sum: 2068]
      [Scan RS (ms): Min: 0.0, Avg: 0.0, Max: 0.0, Diff: 0.0, Sum: 0.1]
      [Code Root Scanning (ms): Min: 0.0, Avg: 0.0, Max: 0.0, Diff: 0.0, Sum: 0.0]
      [Object Copy (ms): Min: 0.4, Avg: 0.4, Max: 0.5, Diff: 0.0, Sum: 1.8]
      [Termination (ms): Min: 0.0, Avg: 0.0, Max: 0.0, Diff: 0.0, Sum: 0.0]
         [Termination Attempts: Min: 1, Avg: 1.0, Max: 1, Diff: 0, Sum: 4]
      [GC Worker Other (ms): Min: 0.0, Avg: 0.0, Max: 0.0, Diff: 0.0, Sum: 0.1]
      [GC Worker Total (ms): Min: 49.8, Avg: 49.8, Max: 49.8, Diff: 0.0, Sum: 199.2]
      [GC Worker End (ms): Min: 366070.9, Avg: 366070.9, Max: 366070.9, Diff: 0.0]
   [Code Root Fixup: 0.0 ms]
   [Code Root Purge: 0.0 ms]
   [Clear CT: 0.0 ms]
   [Other: 8.0 ms]
      [Choose CSet: 0.0 ms]
      [Ref Proc: 0.0 ms]
      [Ref Enq: 0.0 ms]
      [Redirty Cards: 0.0 ms]
      [Humongous Register: 0.8 ms]
      [Humongous Reclaim: 1.9 ms]
      [Free CSet: 0.1 ms]
   [Eden: 66.0M(798.0M)->0.0B(936.0M) Survivors: 1024.0K->1024.0K Heap: 4979.1M(5120.0M)->3581.9M(5120.0M)]
 [Times: user=0.20 sys=0.00, real=0.06 secs] 
2016-06-26T19:48:56.837+0300: 366.073: Total time for which application threads were stopped: 0.0656556 seconds, Stopping threads took: 0.0069763 seconds
2016-06-26T19:48:56.847+0300: 366.084: [GC pause (G1 Humongous Allocation) (young) (initial-mark)
Desired survivor size 61865984 bytes, new threshold 15 (max 15)
- age   1:      40408 bytes,      40408 total
- age   2:         72 bytes,      40480 total
- age   3:      35824 bytes,      76304 total
- age   5:      29296 bytes,     105600 total
- age   7:      29960 bytes,     135560 total
- age   9:      25576 bytes,     161136 total
- age  10:         16 bytes,     161152 total
- age  11:      42024 bytes,     203176 total
- age  13:      18688 bytes,     221864 total
- age  15:      20120 bytes,     241984 total
, 0.0033990 secs]
   [Parallel Time: 1.8 ms, GC Workers: 4]
      [GC Worker Start (ms): Min: 366085.1, Avg: 366085.2, Max: 366085.6, Diff: 0.6]
      [Ext Root Scanning (ms): Min: 0.0, Avg: 0.7, Max: 1.7, Diff: 1.7, Sum: 2.8]
      [Update RS (ms): Min: 0.0, Avg: 0.4, Max: 0.6, Diff: 0.6, Sum: 1.6]
         [Processed Buffers: Min: 0, Avg: 5.0, Max: 8, Diff: 8, Sum: 20]
      [Scan RS (ms): Min: 0.0, Avg: 0.0, Max: 0.0, Diff: 0.0, Sum: 0.0]
      [Code Root Scanning (ms): Min: 0.0, Avg: 0.0, Max: 0.0, Diff: 0.0, Sum: 0.0]
      [Object Copy (ms): Min: 0.0, Avg: 0.5, Max: 0.7, Diff: 0.6, Sum: 1.8]
      [Termination (ms): Min: 0.0, Avg: 0.0, Max: 0.1, Diff: 0.1, Sum: 0.2]
         [Termination Attempts: Min: 1, Avg: 1.0, Max: 1, Diff: 0, Sum: 4]
      [GC Worker Other (ms): Min: 0.0, Avg: 0.0, Max: 0.0, Diff: 0.0, Sum: 0.0]
      [GC Worker Total (ms): Min: 1.2, Avg: 1.6, Max: 1.8, Diff: 0.6, Sum: 6.4]
      [GC Worker End (ms): Min: 366086.8, Avg: 366086.8, Max: 366086.8, Diff: 0.0]
   [Code Root Fixup: 0.0 ms]
   [Code Root Purge: 0.0 ms]
   [Clear CT: 0.0 ms]
   [Other: 1.6 ms]
      [Choose CSet: 0.0 ms]
      [Ref Proc: 0.1 ms]
      [Ref Enq: 0.0 ms]
      [Redirty Cards: 0.0 ms]
      [Humongous Register: 0.6 ms]
      [Humongous Reclaim: 0.2 ms]
      [Free CSet: 0.0 ms]
   [Eden: 1024.0K(936.0M)->0.0B(932.0M) Survivors: 1024.0K->1024.0K Heap: 3584.8M(5120.0M)->3583.9M(5120.0M)]
 [Times: user=0.00 sys=0.00, real=0.00 secs] 
2016-06-26T19:48:56.851+0300: 366.088: [GC concurrent-root-region-scan-start]
2016-06-26T19:48:56.851+0300: 366.088: Total time for which application threads were stopped: 0.0039883 seconds, Stopping threads took: 0.0000693 seconds
2016-06-26T19:48:56.853+0300: 366.089: [GC concurrent-root-region-scan-end, 0.0015413 secs]
2016-06-26T19:48:56.853+0300: 366.089: [GC concurrent-mark-start]
2016-06-26T19:48:56.877+0300: 366.114: [GC concurrent-mark-end, 0.0246483 secs]
2016-06-26T19:48:56.908+0300: 366.145: [GC remark 2016-06-26T19:48:56.908+0300: 366.145: [Finalize Marking, 0.0007565 secs] 2016-06-26T19:48:56.909+0300: 366.146: [GC ref-proc, 0.0001031 secs] 2016-06-26T19:48:56.909+0300: 366.146: [Unloading, 0.0017170 secs], 0.0223757 secs]
 [Times: user=0.06 sys=0.00, real=0.02 secs] 
2016-06-26T19:48:56.931+0300: 366.167: Total time for which application threads were stopped: 0.0283603 seconds, Stopping threads took: 0.0056617 seconds
2016-06-26T19:48:56.937+0300: 366.173: [GC cleanup 3611M->3595M(5120M), 0.0022358 secs]
 [Times: user=0.00 sys=0.00, real=0.00 secs] 
2016-06-26T19:48:56.939+0300: 366.175: Total time for which application threads were stopped: 0.0026416 seconds, Stopping threads took: 0.0000693 seconds
2016-06-26T19:48:56.939+0300: 366.175: [GC concurrent-cleanup-start]
2016-06-26T19:48:56.939+0300: 366.175: [GC concurrent-cleanup-end, 0.0000308 secs]
2016-06-26T19:48:57.285+0300: 366.521: Total time for which application threads were stopped: 0.0118943 seconds, Stopping threads took: 0.0110848 seconds
2016-06-26T19:48:58.303+0300: 367.540: Total time for which application threads were stopped: 0.0188613 seconds, Stopping threads took: 0.0185221 seconds
2016-06-26T19:48:59.181+0300: 368.418: [GC pause (G1 Humongous Allocation) (young)
Desired survivor size 61341696 bytes, new threshold 15 (max 15)
- age   1:       9072 bytes,       9072 total
- age   2:      40384 bytes,      49456 total
- age   3:         72 bytes,      49528 total
- age   4:      35824 bytes,      85352 total
- age   6:      29296 bytes,     114648 total
- age   8:      29960 bytes,     144608 total
- age  10:      25576 bytes,     170184 total
- age  11:         16 bytes,     170200 total
- age  12:      42024 bytes,     212224 total
- age  14:      18688 bytes,     230912 total
, 0.0560945 secs]
   [Parallel Time: 48.2 ms, GC Workers: 4]
      [GC Worker Start (ms): Min: 368423.3, Avg: 368423.3, Max: 368423.3, Diff: 0.0]
      [Ext Root Scanning (ms): Min: 0.4, Avg: 0.4, Max: 0.4, Diff: 0.0, Sum: 1.6]
      [Update RS (ms): Min: 47.2, Avg: 47.2, Max: 47.3, Diff: 0.1, Sum: 189.0]
         [Processed Buffers: Min: 502, Avg: 505.3, Max: 508, Diff: 6, Sum: 2021]
      [Scan RS (ms): Min: 0.0, Avg: 0.0, Max: 0.0, Diff: 0.0, Sum: 0.1]
      [Code Root Scanning (ms): Min: 0.0, Avg: 0.0, Max: 0.0, Diff: 0.0, Sum: 0.0]
      [Object Copy (ms): Min: 0.4, Avg: 0.4, Max: 0.5, Diff: 0.1, Sum: 1.8]
      [Termination (ms): Min: 0.0, Avg: 0.0, Max: 0.0, Diff: 0.0, Sum: 0.0]
         [Termination Attempts: Min: 1, Avg: 1.0, Max: 1, Diff: 0, Sum: 4]
      [GC Worker Other (ms): Min: 0.0, Avg: 0.0, Max: 0.0, Diff: 0.0, Sum: 0.1]
      [GC Worker Total (ms): Min: 48.1, Avg: 48.1, Max: 48.1, Diff: 0.0, Sum: 192.5]
      [GC Worker End (ms): Min: 368471.4, Avg: 368471.4, Max: 368471.4, Diff: 0.0]
   [Code Root Fixup: 0.0 ms]
   [Code Root Purge: 0.0 ms]
   [Clear CT: 0.0 ms]
   [Other: 7.9 ms]
      [Choose CSet: 0.0 ms]
      [Ref Proc: 0.1 ms]
      [Ref Enq: 0.0 ms]
      [Redirty Cards: 0.0 ms]
      [Humongous Register: 0.8 ms]
      [Humongous Reclaim: 2.0 ms]
      [Free CSet: 0.0 ms]
   [Eden: 61.0M(932.0M)->0.0B(959.0M) Survivors: 1024.0K->1024.0K Heap: 4980.8M(5120.0M)->3558.4M(5120.0M)]
 [Times: user=0.20 sys=0.00, real=0.06 secs] 
2016-06-26T19:48:59.237+0300: 368.474: Total time for which application threads were stopped: 0.0728958 seconds, Stopping threads took: 0.0158767 seconds
2016-06-26T19:48:59.244+0300: 368.480: [GC pause (G1 Humongous Allocation) (young) (initial-mark)
Desired survivor size 62914560 bytes, new threshold 15 (max 15)
- age   1:      30032 bytes,      30032 total
- age   2:       9048 bytes,      39080 total
- age   3:      33264 bytes,      72344 total
- age   4:         16 bytes,      72360 total
- age   5:      31832 bytes,     104192 total
- age   7:      25712 bytes,     129904 total
- age   9:      26968 bytes,     156872 total
- age  11:      23968 bytes,     180840 total
- age  13:      41456 bytes,     222296 total
- age  15:      18408 bytes,     240704 total
, 0.0034982 secs]
   [Parallel Time: 1.7 ms, GC Workers: 4]
      [GC Worker Start (ms): Min: 368481.2, Avg: 368481.2, Max: 368481.2, Diff: 0.0]
      [Ext Root Scanning (ms): Min: 0.4, Avg: 0.4, Max: 0.5, Diff: 0.0, Sum: 1.8]
      [Update RS (ms): Min: 0.8, Avg: 0.8, Max: 0.8, Diff: 0.0, Sum: 3.2]
         [Processed Buffers: Min: 8, Avg: 8.5, Max: 9, Diff: 1, Sum: 34]
      [Scan RS (ms): Min: 0.0, Avg: 0.0, Max: 0.0, Diff: 0.0, Sum: 0.0]
      [Code Root Scanning (ms): Min: 0.0, Avg: 0.0, Max: 0.0, Diff: 0.0, Sum: 0.0]
      [Object Copy (ms): Min: 0.4, Avg: 0.4, Max: 0.5, Diff: 0.0, Sum: 1.8]
      [Termination (ms): Min: 0.0, Avg: 0.0, Max: 0.0, Diff: 0.0, Sum: 0.0]
         [Termination Attempts: Min: 1, Avg: 1.0, Max: 1, Diff: 0, Sum: 4]
      [GC Worker Other (ms): Min: 0.0, Avg: 0.0, Max: 0.0, Diff: 0.0, Sum: 0.0]
      [GC Worker Total (ms): Min: 1.7, Avg: 1.7, Max: 1.7, Diff: 0.0, Sum: 6.8]
      [GC Worker End (ms): Min: 368482.9, Avg: 368482.9, Max: 368482.9, Diff: 0.0]
   [Code Root Fixup: 0.0 ms]
   [Code Root Purge: 0.0 ms]
   [Clear CT: 0.0 ms]
   [Other: 1.7 ms]
      [Choose CSet: 0.0 ms]
      [Ref Proc: 0.0 ms]
      [Ref Enq: 0.0 ms]
      [Redirty Cards: 0.0 ms]
      [Humongous Register: 0.6 ms]
      [Humongous Reclaim: 0.3 ms]
      [Free CSet: 0.0 ms]
   [Eden: 1024.0K(959.0M)->0.0B(955.0M) Survivors: 1024.0K->1024.0K Heap: 3562.8M(5120.0M)->3562.3M(5120.0M)]
 [Times: user=0.00 sys=0.00, real=0.00 secs] 
2016-06-26T19:48:59.247+0300: 368.484: [GC concurrent-root-region-scan-start]
2016-06-26T19:48:59.247+0300: 368.484: Total time for which application threads were stopped: 0.0041384 seconds, Stopping threads took: 0.0000808 seconds
2016-06-26T19:48:59.249+0300: 368.485: [GC concurrent-root-region-scan-end, 0.0015366 secs]
2016-06-26T19:48:59.249+0300: 368.485: [GC concurrent-mark-start]
2016-06-26T19:48:59.274+0300: 368.510: [GC concurrent-mark-end, 0.0243763 secs]
2016-06-26T19:48:59.322+0300: 368.559: [GC remark 2016-06-26T19:48:59.322+0300: 368.559: [Finalize Marking, 0.0002532 secs] 2016-06-26T19:48:59.323+0300: 368.559: [GC ref-proc, 0.0001056 secs] 2016-06-26T19:48:59.323+0300: 368.559: [Unloading, 0.0016512 secs], 0.0213990 secs]
 [Times: user=0.13 sys=0.00, real=0.02 secs] 
2016-06-26T19:48:59.344+0300: 368.580: Total time for which application threads were stopped: 0.0217377 seconds, Stopping threads took: 0.0000783 seconds
2016-06-26T19:48:59.411+0300: 368.648: [GC cleanup 3617M->3601M(5120M), 0.0022751 secs]
 [Times: user=0.00 sys=0.00, real=0.00 secs] 
2016-06-26T19:48:59.414+0300: 368.650: Total time for which application threads were stopped: 0.0107923 seconds, Stopping threads took: 0.0082597 seconds
2016-06-26T19:48:59.414+0300: 368.650: [GC concurrent-cleanup-start]
2016-06-26T19:48:59.414+0300: 368.650: [GC concurrent-cleanup-end, 0.0000304 secs]
2016-06-26T19:49:00.188+0300: 369.425: Total time for which application threads were stopped: 0.0133578 seconds, Stopping threads took: 0.0124614 seconds
2016-06-26T19:49:00.281+0300: 369.518: Total time for which application threads were stopped: 0.0080985 seconds, Stopping threads took: 0.0075793 seconds
2016-06-26T19:49:01.284+0300: 370.520: Total time for which application threads were stopped: 0.0101739 seconds, Stopping threads took: 0.0092219 seconds
2016-06-26T19:49:01.670+0300: 370.907: [GC pause (G1 Humongous Allocation) (young)
Desired survivor size 62914560 bytes, new threshold 15 (max 15)
- age   1:         96 bytes,         96 total
- age   2:      30008 bytes,      30104 total
- age   3:       9048 bytes,      39152 total
- age   4:      33264 bytes,      72416 total
- age   5:         16 bytes,      72432 total
- age   6:      31832 bytes,     104264 total
- age   8:      25712 bytes,     129976 total
- age  10:      26968 bytes,     156944 total
- age  12:      23968 bytes,     180912 total
- age  14:      41456 bytes,     222368 total
, 0.0581297 secs]
   [Parallel Time: 50.1 ms, GC Workers: 4]
      [GC Worker Start (ms): Min: 370912.4, Avg: 370912.4, Max: 370912.5, Diff: 0.1]
      [Ext Root Scanning (ms): Min: 0.3, Avg: 0.4, Max: 0.4, Diff: 0.1, Sum: 1.4]
      [Update RS (ms): Min: 48.8, Avg: 48.8, Max: 48.9, Diff: 0.1, Sum: 195.3]
         [Processed Buffers: Min: 508, Avg: 517.3, Max: 524, Diff: 16, Sum: 2069]
      [Scan RS (ms): Min: 0.0, Avg: 0.0, Max: 0.0, Diff: 0.0, Sum: 0.1]
      [Code Root Scanning (ms): Min: 0.0, Avg: 0.0, Max: 0.0, Diff: 0.0, Sum: 0.0]
      [Object Copy (ms): Min: 0.8, Avg: 0.8, Max: 0.8, Diff: 0.0, Sum: 3.2]
      [Termination (ms): Min: 0.0, Avg: 0.0, Max: 0.0, Diff: 0.0, Sum: 0.0]
         [Termination Attempts: Min: 1, Avg: 1.0, Max: 1, Diff: 0, Sum: 4]
      [GC Worker Other (ms): Min: 0.0, Avg: 0.0, Max: 0.0, Diff: 0.0, Sum: 0.1]
      [GC Worker Total (ms): Min: 50.0, Avg: 50.0, Max: 50.0, Diff: 0.1, Sum: 200.0]
      [GC Worker End (ms): Min: 370962.4, Avg: 370962.4, Max: 370962.4, Diff: 0.0]
   [Code Root Fixup: 0.0 ms]
   [Code Root Purge: 0.0 ms]
   [Clear CT: 0.0 ms]
   [Other: 8.0 ms]
      [Choose CSet: 0.0 ms]
      [Ref Proc: 0.0 ms]
      [Ref Enq: 0.0 ms]
      [Redirty Cards: 0.0 ms]
      [Humongous Register: 0.8 ms]
      [Humongous Reclaim: 2.0 ms]
      [Free CSet: 0.1 ms]
   [Eden: 64.0M(955.0M)->0.0B(968.0M) Survivors: 1024.0K->1024.0K Heap: 4979.9M(5120.0M)->3550.9M(5120.0M)]
 [Times: user=0.20 sys=0.00, real=0.06 secs] 
2016-06-26T19:49:01.728+0300: 370.965: Total time for which application threads were stopped: 0.0644287 seconds, Stopping threads took: 0.0055005 seconds
2016-06-26T19:49:01.732+0300: 370.969: [GC pause (G1 Humongous Allocation) (young) (initial-mark)
Desired survivor size 63963136 bytes, new threshold 15 (max 15)
- age   1:     259992 bytes,     259992 total
- age   2:         16 bytes,     260008 total
- age   3:      22744 bytes,     282752 total
- age   4:       9048 bytes,     291800 total
- age   5:      29328 bytes,     321128 total
- age   6:         16 bytes,     321144 total
- age   7:      27720 bytes,     348864 total
- age   9:      22952 bytes,     371816 total
- age  11:      24456 bytes,     396272 total
- age  13:      23592 bytes,     419864 total
- age  15:      40976 bytes,     460840 total
, 0.0038078 secs]
   [Parallel Time: 2.1 ms, GC Workers: 4]
      [GC Worker Start (ms): Min: 370969.6, Avg: 370969.6, Max: 370969.6, Diff: 0.0]
      [Ext Root Scanning (ms): Min: 0.4, Avg: 0.4, Max: 0.4, Diff: 0.0, Sum: 1.7]
      [Update RS (ms): Min: 0.8, Avg: 0.8, Max: 0.8, Diff: 0.0, Sum: 3.1]
         [Processed Buffers: Min: 8, Avg: 8.8, Max: 11, Diff: 3, Sum: 35]
      [Scan RS (ms): Min: 0.0, Avg: 0.0, Max: 0.0, Diff: 0.0, Sum: 0.0]
      [Code Root Scanning (ms): Min: 0.0, Avg: 0.0, Max: 0.0, Diff: 0.0, Sum: 0.0]
      [Object Copy (ms): Min: 0.8, Avg: 0.8, Max: 0.8, Diff: 0.1, Sum: 3.2]
      [Termination (ms): Min: 0.0, Avg: 0.0, Max: 0.0, Diff: 0.0, Sum: 0.0]
         [Termination Attempts: Min: 1, Avg: 1.0, Max: 1, Diff: 0, Sum: 4]
      [GC Worker Other (ms): Min: 0.0, Avg: 0.0, Max: 0.0, Diff: 0.0, Sum: 0.0]
      [GC Worker Total (ms): Min: 2.0, Avg: 2.0, Max: 2.0, Diff: 0.0, Sum: 8.1]
      [GC Worker End (ms): Min: 370971.6, Avg: 370971.6, Max: 370971.6, Diff: 0.0]
   [Code Root Fixup: 0.0 ms]
   [Code Root Purge: 0.0 ms]
   [Clear CT: 0.0 ms]
   [Other: 1.7 ms]
      [Choose CSet: 0.0 ms]
      [Ref Proc: 0.0 ms]
      [Ref Enq: 0.0 ms]
      [Redirty Cards: 0.0 ms]
      [Humongous Register: 0.6 ms]
      [Humongous Reclaim: 0.3 ms]
      [Free CSet: 0.0 ms]
   [Eden: 1024.0K(968.0M)->0.0B(961.0M) Survivors: 1024.0K->1024.0K Heap: 3555.8M(5120.0M)->3554.8M(5120.0M)]
 [Times: user=0.01 sys=0.00, real=0.00 secs] 
2016-06-26T19:49:01.736+0300: 370.973: [GC concurrent-root-region-scan-start]
2016-06-26T19:49:01.736+0300: 370.973: Total time for which application threads were stopped: 0.0044506 seconds, Stopping threads took: 0.0000701 seconds
2016-06-26T19:49:01.738+0300: 370.975: [GC concurrent-root-region-scan-end, 0.0021473 secs]
2016-06-26T19:49:01.738+0300: 370.975: [GC concurrent-mark-start]
2016-06-26T19:49:01.767+0300: 371.004: [GC concurrent-mark-end, 0.0282637 secs]
2016-06-26T19:49:01.786+0300: 371.022: [GC remark 2016-06-26T19:49:01.786+0300: 371.022: [Finalize Marking, 0.0003952 secs] 2016-06-26T19:49:01.786+0300: 371.023: [GC ref-proc, 0.0001039 secs] 2016-06-26T19:49:01.786+0300: 371.023: [Unloading, 0.0016259 secs], 0.0216260 secs]
 [Times: user=0.06 sys=0.00, real=0.02 secs] 
2016-06-26T19:49:01.807+0300: 371.044: Total time for which application threads were stopped: 0.0267558 seconds, Stopping threads took: 0.0048047 seconds
2016-06-26T19:49:01.850+0300: 371.086: [GC cleanup 3609M->3597M(5120M), 0.0021789 secs]
 [Times: user=0.00 sys=0.00, real=0.00 secs] 
2016-06-26T19:49:01.852+0300: 371.088: Total time for which application threads were stopped: 0.0078295 seconds, Stopping threads took: 0.0053350 seconds
2016-06-26T19:49:01.852+0300: 371.088: [GC concurrent-cleanup-start]
2016-06-26T19:49:01.852+0300: 371.088: [GC concurrent-cleanup-end, 0.0000338 secs]
2016-06-26T19:49:03.282+0300: 372.519: Total time for which application threads were stopped: 0.0085078 seconds, Stopping threads took: 0.0075246 seconds
2016-06-26T19:49:03.955+0300: 373.191: [GC pause (G1 Humongous Allocation) (young)
Desired survivor size 63438848 bytes, new threshold 15 (max 15)
- age   1:       9072 bytes,       9072 total
- age   2:     259968 bytes,     269040 total
- age   3:         16 bytes,     269056 total
- age   4:      22744 bytes,     291800 total
- age   5:       9048 bytes,     300848 total
- age   6:      29328 bytes,     330176 total
- age   7:         16 bytes,     330192 total
- age   8:      27720 bytes,     357912 total
- age  10:      22952 bytes,     380864 total
- age  12:      24456 bytes,     405320 total
- age  14:      23592 bytes,     428912 total
, 0.0568275 secs]
   [Parallel Time: 49.1 ms, GC Workers: 4]
      [GC Worker Start (ms): Min: 373197.1, Avg: 373197.1, Max: 373197.1, Diff: 0.0]
      [Ext Root Scanning (ms): Min: 0.4, Avg: 0.4, Max: 0.4, Diff: 0.0, Sum: 1.6]
      [Update RS (ms): Min: 48.2, Avg: 48.2, Max: 48.2, Diff: 0.0, Sum: 192.8]
         [Processed Buffers: Min: 507, Avg: 514.8, Max: 522, Diff: 15, Sum: 2059]
      [Scan RS (ms): Min: 0.0, Avg: 0.0, Max: 0.0, Diff: 0.0, Sum: 0.1]
      [Code Root Scanning (ms): Min: 0.0, Avg: 0.0, Max: 0.0, Diff: 0.0, Sum: 0.0]
      [Object Copy (ms): Min: 0.4, Avg: 0.4, Max: 0.4, Diff: 0.0, Sum: 1.7]
      [Termination (ms): Min: 0.0, Avg: 0.0, Max: 0.0, Diff: 0.0, Sum: 0.0]
         [Termination Attempts: Min: 1, Avg: 1.0, Max: 1, Diff: 0, Sum: 4]
      [GC Worker Other (ms): Min: 0.0, Avg: 0.0, Max: 0.0, Diff: 0.0, Sum: 0.1]
      [GC Worker Total (ms): Min: 49.1, Avg: 49.1, Max: 49.1, Diff: 0.0, Sum: 196.3]
      [GC Worker End (ms): Min: 373246.2, Avg: 373246.2, Max: 373246.2, Diff: 0.0]
   [Code Root Fixup: 0.0 ms]
   [Code Root Purge: 0.0 ms]
   [Clear CT: 0.0 ms]
   [Other: 7.7 ms]
      [Choose CSet: 0.0 ms]
      [Ref Proc: 0.0 ms]
      [Ref Enq: 0.0 ms]
      [Redirty Cards: 0.0 ms]
      [Humongous Register: 0.8 ms]
      [Humongous Reclaim: 1.7 ms]
      [Free CSet: 0.0 ms]
   [Eden: 62.0M(961.0M)->0.0B(753.0M) Survivors: 1024.0K->1024.0K Heap: 4979.1M(5120.0M)->3759.7M(5120.0M)]
 [Times: user=0.19 sys=0.00, real=0.06 secs] 
2016-06-26T19:49:04.012+0300: 373.248: Total time for which application threads were stopped: 0.0627364 seconds, Stopping threads took: 0.0048650 seconds
2016-06-26T19:49:04.014+0300: 373.250: [GC pause (G1 Humongous Allocation) (young) (initial-mark)
Desired survivor size 49807360 bytes, new threshold 15 (max 15)
- age   1:      29152 bytes,      29152 total
- age   2:       9048 bytes,      38200 total
- age   3:      38736 bytes,      76936 total
- age   4:         16 bytes,      76952 total
- age   5:      18904 bytes,      95856 total
- age   6:       9048 bytes,     104904 total
- age   7:      25520 bytes,     130424 total
- age   8:         16 bytes,     130440 total
- age   9:      25776 bytes,     156216 total
- age  11:      22256 bytes,     178472 total
- age  13:      23976 bytes,     202448 total
- age  15:      23592 bytes,     226040 total
, 0.0031689 secs]
   [Parallel Time: 1.4 ms, GC Workers: 4]
      [GC Worker Start (ms): Min: 373251.4, Avg: 373251.4, Max: 373251.4, Diff: 0.0]
      [Ext Root Scanning (ms): Min: 0.5, Avg: 0.5, Max: 0.5, Diff: 0.0, Sum: 1.9]
      [Update RS (ms): Min: 0.4, Avg: 0.4, Max: 0.5, Diff: 0.1, Sum: 1.6]
         [Processed Buffers: Min: 4, Avg: 4.8, Max: 6, Diff: 2, Sum: 19]
      [Scan RS (ms): Min: 0.0, Avg: 0.0, Max: 0.0, Diff: 0.0, Sum: 0.0]
      [Code Root Scanning (ms): Min: 0.0, Avg: 0.0, Max: 0.0, Diff: 0.0, Sum: 0.0]
      [Object Copy (ms): Min: 0.4, Avg: 0.5, Max: 0.5, Diff: 0.1, Sum: 1.8]
      [Termination (ms): Min: 0.0, Avg: 0.0, Max: 0.0, Diff: 0.0, Sum: 0.0]
         [Termination Attempts: Min: 1, Avg: 1.0, Max: 1, Diff: 0, Sum: 4]
      [GC Worker Other (ms): Min: 0.0, Avg: 0.0, Max: 0.0, Diff: 0.0, Sum: 0.0]
      [GC Worker Total (ms): Min: 1.3, Avg: 1.3, Max: 1.4, Diff: 0.0, Sum: 5.4]
      [GC Worker End (ms): Min: 373252.7, Avg: 373252.7, Max: 373252.7, Diff: 0.0]
   [Code Root Fixup: 0.0 ms]
   [Code Root Purge: 0.0 ms]
   [Clear CT: 0.0 ms]
   [Other: 1.7 ms]
      [Choose CSet: 0.0 ms]
      [Ref Proc: 0.0 ms]
      [Ref Enq: 0.0 ms]
      [Redirty Cards: 0.0 ms]
      [Humongous Register: 0.7 ms]
      [Humongous Reclaim: 0.3 ms]
      [Free CSet: 0.0 ms]
   [Eden: 1024.0K(753.0M)->0.0B(752.0M) Survivors: 1024.0K->1024.0K Heap: 3762.2M(5120.0M)->3761.6M(5120.0M)]
 [Times: user=0.02 sys=0.00, real=0.00 secs] 
2016-06-26T19:49:04.017+0300: 373.254: [GC concurrent-root-region-scan-start]
2016-06-26T19:49:04.017+0300: 373.254: Total time for which application threads were stopped: 0.0038061 seconds, Stopping threads took: 0.0000603 seconds
2016-06-26T19:49:04.019+0300: 373.255: [GC concurrent-root-region-scan-end, 0.0014275 secs]
2016-06-26T19:49:04.019+0300: 373.255: [GC concurrent-mark-start]
2016-06-26T19:49:04.047+0300: 373.283: [GC concurrent-mark-end, 0.0278266 secs]
2016-06-26T19:49:04.109+0300: 373.345: [GC remark 2016-06-26T19:49:04.109+0300: 373.345: [Finalize Marking, 0.0003571 secs] 2016-06-26T19:49:04.109+0300: 373.345: [GC ref-proc, 0.0001073 secs] 2016-06-26T19:49:04.109+0300: 373.346: [Unloading, 0.0018013 secs], 0.0228962 secs]
 [Times: user=0.06 sys=0.00, real=0.02 secs] 
2016-06-26T19:49:04.131+0300: 373.368: Total time for which application threads were stopped: 0.0344903 seconds, Stopping threads took: 0.0112101 seconds
2016-06-26T19:49:04.134+0300: 373.370: [GC cleanup 3788M->3774M(5120M), 0.0022041 secs]
 [Times: user=0.00 sys=0.00, real=0.00 secs] 
2016-06-26T19:49:04.136+0300: 373.372: Total time for which application threads were stopped: 0.0026468 seconds, Stopping threads took: 0.0000748 seconds
2016-06-26T19:49:04.136+0300: 373.372: [GC concurrent-cleanup-start]
2016-06-26T19:49:04.136+0300: 373.372: [GC concurrent-cleanup-end, 0.0000346 secs]
2016-06-26T19:49:04.277+0300: 373.514: Total time for which application threads were stopped: 0.0031651 seconds, Stopping threads took: 0.0021776 seconds
2016-06-26T19:49:04.285+0300: 373.521: Total time for which application threads were stopped: 0.0003605 seconds, Stopping threads took: 0.0000565 seconds
2016-06-26T19:49:05.281+0300: 374.517: Total time for which application threads were stopped: 0.0068536 seconds, Stopping threads took: 0.0059110 seconds
2016-06-26T19:49:06.095+0300: 375.332: [GC pause (G1 Humongous Allocation) (young)
Desired survivor size 49807360 bytes, new threshold 15 (max 15)
- age   1:         40 bytes,         40 total
- age   2:      29128 bytes,      29168 total
- age   3:       9048 bytes,      38216 total
- age   4:      38736 bytes,      76952 total
- age   5:         16 bytes,      76968 total
- age   6:      18904 bytes,      95872 total
- age   7:       9048 bytes,     104920 total
- age   8:      25520 bytes,     130440 total
- age   9:         16 bytes,     130456 total
- age  10:      25776 bytes,     156232 total
- age  12:      22256 bytes,     178488 total
- age  14:      23976 bytes,     202464 total
, 0.0571543 secs]
   [Parallel Time: 49.2 ms, GC Workers: 4]
      [GC Worker Start (ms): Min: 375337.5, Avg: 375337.5, Max: 375337.5, Diff: 0.0]
      [Ext Root Scanning (ms): Min: 0.4, Avg: 0.4, Max: 0.4, Diff: 0.0, Sum: 1.6]
      [Update RS (ms): Min: 47.9, Avg: 47.9, Max: 48.0, Diff: 0.0, Sum: 191.7]
         [Processed Buffers: Min: 504, Avg: 509.0, Max: 512, Diff: 8, Sum: 2036]
      [Scan RS (ms): Min: 0.0, Avg: 0.0, Max: 0.0, Diff: 0.0, Sum: 0.1]
      [Code Root Scanning (ms): Min: 0.0, Avg: 0.0, Max: 0.0, Diff: 0.0, Sum: 0.0]
      [Object Copy (ms): Min: 0.8, Avg: 0.8, Max: 0.8, Diff: 0.0, Sum: 3.1]
      [Termination (ms): Min: 0.0, Avg: 0.0, Max: 0.0, Diff: 0.0, Sum: 0.0]
         [Termination Attempts: Min: 1, Avg: 1.0, Max: 1, Diff: 0, Sum: 4]
      [GC Worker Other (ms): Min: 0.0, Avg: 0.0, Max: 0.0, Diff: 0.0, Sum: 0.1]
      [GC Worker Total (ms): Min: 49.1, Avg: 49.1, Max: 49.1, Diff: 0.0, Sum: 196.5]
      [GC Worker End (ms): Min: 375386.7, Avg: 375386.7, Max: 375386.7, Diff: 0.0]
   [Code Root Fixup: 0.0 ms]
   [Code Root Purge: 0.0 ms]
   [Clear CT: 0.0 ms]
   [Other: 7.9 ms]
      [Choose CSet: 0.0 ms]
      [Ref Proc: 0.0 ms]
      [Ref Enq: 0.0 ms]
      [Redirty Cards: 0.0 ms]
      [Humongous Register: 0.8 ms]
      [Humongous Reclaim: 1.9 ms]
      [Free CSet: 0.1 ms]
   [Eden: 63.0M(752.0M)->0.0B(944.0M) Survivors: 1024.0K->1024.0K Heap: 4980.4M(5120.0M)->3574.4M(5120.0M)]
 [Times: user=0.19 sys=0.00, real=0.06 secs] 
2016-06-26T19:49:06.153+0300: 375.389: Total time for which application threads were stopped: 0.0619487 seconds, Stopping threads took: 0.0038412 seconds
2016-06-26T19:49:06.162+0300: 375.398: [GC pause (G1 Humongous Allocation) (young) (initial-mark)
Desired survivor size 62390272 bytes, new threshold 15 (max 15)
- age   1:     253528 bytes,     253528 total
- age   2:         16 bytes,     253544 total
- age   3:      22584 bytes,     276128 total
- age   4:       9048 bytes,     285176 total
- age   5:      33504 bytes,     318680 total
- age   6:         16 bytes,     318696 total
- age   7:      15672 bytes,     334368 total
- age   8:       9048 bytes,     343416 total
- age   9:      22528 bytes,     365944 total
- age  10:         16 bytes,     365960 total
- age  11:      24296 bytes,     390256 total
- age  13:      21824 bytes,     412080 total
- age  15:      23600 bytes,     435680 total
, 0.0038074 secs]
   [Parallel Time: 2.1 ms, GC Workers: 4]
      [GC Worker Start (ms): Min: 375399.4, Avg: 375399.4, Max: 375399.4, Diff: 0.0]
      [Ext Root Scanning (ms): Min: 0.5, Avg: 0.5, Max: 0.5, Diff: 0.0, Sum: 1.8]
      [Update RS (ms): Min: 0.8, Avg: 0.8, Max: 0.8, Diff: 0.1, Sum: 3.2]
         [Processed Buffers: Min: 8, Avg: 8.8, Max: 10, Diff: 2, Sum: 35]
      [Scan RS (ms): Min: 0.0, Avg: 0.0, Max: 0.0, Diff: 0.0, Sum: 0.0]
      [Code Root Scanning (ms): Min: 0.0, Avg: 0.0, Max: 0.0, Diff: 0.0, Sum: 0.0]
      [Object Copy (ms): Min: 0.7, Avg: 0.8, Max: 0.8, Diff: 0.1, Sum: 3.2]
      [Termination (ms): Min: 0.0, Avg: 0.0, Max: 0.0, Diff: 0.0, Sum: 0.0]
         [Termination Attempts: Min: 1, Avg: 1.0, Max: 1, Diff: 0, Sum: 4]
      [GC Worker Other (ms): Min: 0.0, Avg: 0.0, Max: 0.0, Diff: 0.0, Sum: 0.0]
      [GC Worker Total (ms): Min: 2.1, Avg: 2.1, Max: 2.1, Diff: 0.0, Sum: 8.3]
      [GC Worker End (ms): Min: 375401.4, Avg: 375401.4, Max: 375401.4, Diff: 0.0]
   [Code Root Fixup: 0.0 ms]
   [Code Root Purge: 0.0 ms]
   [Clear CT: 0.0 ms]
   [Other: 1.6 ms]
      [Choose CSet: 0.0 ms]
      [Ref Proc: 0.0 ms]
      [Ref Enq: 0.0 ms]
      [Redirty Cards: 0.0 ms]
      [Humongous Register: 0.7 ms]
      [Humongous Reclaim: 0.2 ms]
      [Free CSet: 0.0 ms]
   [Eden: 1024.0K(944.0M)->0.0B(940.0M) Survivors: 1024.0K->1024.0K Heap: 3578.8M(5120.0M)->3578.5M(5120.0M)]
 [Times: user=0.00 sys=0.00, real=0.00 secs] 
2016-06-26T19:49:06.166+0300: 375.402: [GC concurrent-root-region-scan-start]
2016-06-26T19:49:06.166+0300: 375.402: Total time for which application threads were stopped: 0.0045806 seconds, Stopping threads took: 0.0000924 seconds
2016-06-26T19:49:06.168+0300: 375.404: [GC concurrent-root-region-scan-end, 0.0019813 secs]
2016-06-26T19:49:06.168+0300: 375.404: [GC concurrent-mark-start]
2016-06-26T19:49:06.200+0300: 375.436: [GC concurrent-mark-end, 0.0312692 secs]
2016-06-26T19:49:06.233+0300: 375.469: [GC remark 2016-06-26T19:49:06.233+0300: 375.469: [Finalize Marking, 0.0004512 secs] 2016-06-26T19:49:06.233+0300: 375.470: [GC ref-proc, 0.0001009 secs] 2016-06-26T19:49:06.233+0300: 375.470: [Unloading, 0.0017970 secs], 0.0219434 secs]
 [Times: user=0.06 sys=0.00, real=0.02 secs] 
2016-06-26T19:49:06.255+0300: 375.491: Total time for which application threads were stopped: 0.0269649 seconds, Stopping threads took: 0.0046323 seconds
2016-06-26T19:49:07.266+0300: 376.502: Total time for which application threads were stopped: 0.0112837 seconds, Stopping threads took: 0.0109219 seconds
2016-06-26T19:49:07.268+0300: 376.504: [GC cleanup 4334M->4330M(5120M), 0.0021053 secs]
 [Times: user=0.00 sys=0.00, real=0.00 secs] 
2016-06-26T19:49:07.270+0300: 376.506: Total time for which application threads were stopped: 0.0025796 seconds, Stopping threads took: 0.0000565 seconds
2016-06-26T19:49:07.270+0300: 376.506: [GC concurrent-cleanup-start]
2016-06-26T19:49:07.270+0300: 376.506: [GC concurrent-cleanup-end, 0.0000163 secs]
2016-06-26T19:49:07.276+0300: 376.513: Total time for which application threads were stopped: 0.0010486 seconds, Stopping threads took: 0.0000663 seconds
2016-06-26T19:49:08.284+0300: 377.520: Total time for which application threads were stopped: 0.0085355 seconds, Stopping threads took: 0.0075554 seconds
2016-06-26T19:49:08.308+0300: 377.545: [GC pause (G1 Humongous Allocation) (young)
Desired survivor size 61865984 bytes, new threshold 15 (max 15)
- age   1:         40 bytes,         40 total
- age   2:     253504 bytes,     253544 total
- age   3:         16 bytes,     253560 total
- age   4:      22584 bytes,     276144 total
- age   5:       9048 bytes,     285192 total
- age   6:      33504 bytes,     318696 total
- age   7:         16 bytes,     318712 total
- age   8:      15672 bytes,     334384 total
- age   9:       9048 bytes,     343432 total
- age  10:      22528 bytes,     365960 total
- age  11:         16 bytes,     365976 total
- age  12:      24296 bytes,     390272 total
- age  14:      21824 bytes,     412096 total
, 0.0575794 secs]
   [Parallel Time: 49.6 ms, GC Workers: 4]
      [GC Worker Start (ms): Min: 377550.7, Avg: 377550.7, Max: 377550.8, Diff: 0.0]
      [Ext Root Scanning (ms): Min: 0.4, Avg: 0.4, Max: 0.4, Diff: 0.0, Sum: 1.7]
      [Update RS (ms): Min: 48.6, Avg: 48.7, Max: 48.7, Diff: 0.1, Sum: 194.7]
         [Processed Buffers: Min: 514, Avg: 517.5, Max: 522, Diff: 8, Sum: 2070]
      [Scan RS (ms): Min: 0.0, Avg: 0.0, Max: 0.0, Diff: 0.0, Sum: 0.1]
      [Code Root Scanning (ms): Min: 0.0, Avg: 0.0, Max: 0.0, Diff: 0.0, Sum: 0.0]
      [Object Copy (ms): Min: 0.4, Avg: 0.4, Max: 0.4, Diff: 0.0, Sum: 1.7]
      [Termination (ms): Min: 0.0, Avg: 0.0, Max: 0.0, Diff: 0.0, Sum: 0.0]
         [Termination Attempts: Min: 1, Avg: 1.0, Max: 1, Diff: 0, Sum: 4]
      [GC Worker Other (ms): Min: 0.0, Avg: 0.0, Max: 0.0, Diff: 0.0, Sum: 0.1]
      [GC Worker Total (ms): Min: 49.6, Avg: 49.6, Max: 49.6, Diff: 0.0, Sum: 198.2]
      [GC Worker End (ms): Min: 377600.3, Avg: 377600.3, Max: 377600.3, Diff: 0.0]
   [Code Root Fixup: 0.0 ms]
   [Code Root Purge: 0.0 ms]
   [Clear CT: 0.0 ms]
   [Other: 7.9 ms]
      [Choose CSet: 0.0 ms]
      [Ref Proc: 0.0 ms]
      [Ref Enq: 0.0 ms]
      [Redirty Cards: 0.0 ms]
      [Humongous Register: 0.8 ms]
      [Humongous Reclaim: 1.8 ms]
      [Free CSet: 0.1 ms]
   [Eden: 63.0M(940.0M)->0.0B(787.0M) Survivors: 1024.0K->1024.0K Heap: 4981.2M(5120.0M)->3728.4M(5120.0M)]
 [Times: user=0.20 sys=0.00, real=0.06 secs] 
2016-06-26T19:49:08.366+0300: 377.603: Total time for which application threads were stopped: 0.0586823 seconds, Stopping threads took: 0.0000680 seconds
2016-06-26T19:49:08.372+0300: 377.608: [GC pause (G1 Humongous Allocation) (young) (initial-mark)
Desired survivor size 51904512 bytes, new threshold 15 (max 15)
- age   1:      41824 bytes,      41824 total
- age   3:      36808 bytes,      78632 total
- age   4:         16 bytes,      78648 total
- age   5:      18904 bytes,      97552 total
- age   6:       9032 bytes,     106584 total
- age   7:      28928 bytes,     135512 total
- age   8:         16 bytes,     135528 total
- age   9:      13000 bytes,     148528 total
- age  10:       9032 bytes,     157560 total
- age  11:      20688 bytes,     178248 total
- age  12:         16 bytes,     178264 total
- age  13:      23648 bytes,     201912 total
- age  15:      21664 bytes,     223576 total
, 0.0031830 secs]
   [Parallel Time: 1.4 ms, GC Workers: 4]
      [GC Worker Start (ms): Min: 377609.5, Avg: 377609.6, Max: 377609.6, Diff: 0.0]
      [Ext Root Scanning (ms): Min: 0.5, Avg: 0.5, Max: 0.5, Diff: 0.0, Sum: 1.9]
      [Update RS (ms): Min: 0.4, Avg: 0.4, Max: 0.5, Diff: 0.1, Sum: 1.6]
         [Processed Buffers: Min: 4, Avg: 4.8, Max: 6, Diff: 2, Sum: 19]
      [Scan RS (ms): Min: 0.0, Avg: 0.0, Max: 0.0, Diff: 0.0, Sum: 0.0]
      [Code Root Scanning (ms): Min: 0.0, Avg: 0.0, Max: 0.0, Diff: 0.0, Sum: 0.0]
      [Object Copy (ms): Min: 0.4, Avg: 0.5, Max: 0.5, Diff: 0.1, Sum: 1.9]
      [Termination (ms): Min: 0.0, Avg: 0.0, Max: 0.0, Diff: 0.0, Sum: 0.0]
         [Termination Attempts: Min: 1, Avg: 1.0, Max: 1, Diff: 0, Sum: 4]
      [GC Worker Other (ms): Min: 0.0, Avg: 0.0, Max: 0.0, Diff: 0.0, Sum: 0.0]
      [GC Worker Total (ms): Min: 1.3, Avg: 1.4, Max: 1.4, Diff: 0.0, Sum: 5.5]
      [GC Worker End (ms): Min: 377610.9, Avg: 377610.9, Max: 377610.9, Diff: 0.0]
   [Code Root Fixup: 0.0 ms]
   [Code Root Purge: 0.0 ms]
   [Clear CT: 0.0 ms]
   [Other: 1.7 ms]
      [Choose CSet: 0.0 ms]
      [Ref Proc: 0.0 ms]
      [Ref Enq: 0.0 ms]
      [Redirty Cards: 0.0 ms]
      [Humongous Register: 0.7 ms]
      [Humongous Reclaim: 0.3 ms]
      [Free CSet: 0.0 ms]
   [Eden: 1024.0K(787.0M)->0.0B(783.0M) Survivors: 1024.0K->1024.0K Heap: 3731.3M(5120.0M)->3730.4M(5120.0M)]
 [Times: user=0.06 sys=0.00, real=0.00 secs] 
2016-06-26T19:49:08.376+0300: 377.612: [GC concurrent-root-region-scan-start]
2016-06-26T19:49:08.376+0300: 377.612: Total time for which application threads were stopped: 0.0041303 seconds, Stopping threads took: 0.0001971 seconds
2016-06-26T19:49:08.377+0300: 377.614: [GC concurrent-root-region-scan-end, 0.0015656 secs]
2016-06-26T19:49:08.377+0300: 377.614: [GC concurrent-mark-start]
2016-06-26T19:49:08.405+0300: 377.642: [GC concurrent-mark-end, 0.0270769 secs]
2016-06-26T19:49:08.416+0300: 377.652: [GC remark 2016-06-26T19:49:08.416+0300: 377.652: [Finalize Marking, 0.0002754 secs] 2016-06-26T19:49:08.416+0300: 377.653: [GC ref-proc, 0.0001022 secs] 2016-06-26T19:49:08.416+0300: 377.653: [Unloading, 0.0018248 secs], 0.0225292 secs]
 [Times: user=0.13 sys=0.00, real=0.02 secs] 
2016-06-26T19:49:08.438+0300: 377.675: Total time for which application threads were stopped: 0.0282645 seconds, Stopping threads took: 0.0053076 seconds
2016-06-26T19:49:09.285+0300: 378.521: Total time for which application threads were stopped: 0.0095850 seconds, Stopping threads took: 0.0085488 seconds
2016-06-26T19:49:10.286+0300: 379.522: Total time for which application threads were stopped: 0.0007061 seconds, Stopping threads took: 0.0004935 seconds
2016-06-26T19:49:10.426+0300: 379.663: Total time for which application threads were stopped: 0.0090102 seconds, Stopping threads took: 0.0084303 seconds
2016-06-26T19:49:10.599+0300: 379.835: [GC pause (G1 Humongous Allocation) (young)
Desired survivor size 51380224 bytes, new threshold 15 (max 15)
- age   1:       9072 bytes,       9072 total
- age   2:      41800 bytes,      50872 total
- age   4:      36808 bytes,      87680 total
- age   5:         16 bytes,      87696 total
- age   6:      18904 bytes,     106600 total
- age   7:       9032 bytes,     115632 total
- age   8:      28928 bytes,     144560 total
- age   9:         16 bytes,     144576 total
- age  10:      13000 bytes,     157576 total
- age  11:       9032 bytes,     166608 total
- age  12:      20688 bytes,     187296 total
- age  13:         16 bytes,     187312 total
- age  14:      23648 bytes,     210960 total
, 0.0550464 secs]
   [Parallel Time: 47.3 ms, GC Workers: 4]
      [GC Worker Start (ms): Min: 379840.9, Avg: 379840.9, Max: 379840.9, Diff: 0.0]
      [Ext Root Scanning (ms): Min: 0.3, Avg: 0.3, Max: 0.3, Diff: 0.0, Sum: 1.3]
      [Update RS (ms): Min: 46.4, Avg: 46.5, Max: 46.5, Diff: 0.1, Sum: 185.9]
         [Processed Buffers: Min: 489, Avg: 493.0, Max: 499, Diff: 10, Sum: 1972]
      [Scan RS (ms): Min: 0.0, Avg: 0.0, Max: 0.0, Diff: 0.0, Sum: 0.0]
      [Code Root Scanning (ms): Min: 0.0, Avg: 0.0, Max: 0.0, Diff: 0.0, Sum: 0.0]
      [Object Copy (ms): Min: 0.4, Avg: 0.4, Max: 0.4, Diff: 0.1, Sum: 1.7]
      [Termination (ms): Min: 0.0, Avg: 0.0, Max: 0.0, Diff: 0.0, Sum: 0.0]
         [Termination Attempts: Min: 1, Avg: 1.3, Max: 2, Diff: 1, Sum: 5]
      [GC Worker Other (ms): Min: 0.0, Avg: 0.0, Max: 0.0, Diff: 0.0, Sum: 0.1]
      [GC Worker Total (ms): Min: 47.2, Avg: 47.3, Max: 47.3, Diff: 0.0, Sum: 189.0]
      [GC Worker End (ms): Min: 379888.1, Avg: 379888.2, Max: 379888.2, Diff: 0.0]
   [Code Root Fixup: 0.0 ms]
   [Code Root Purge: 0.0 ms]
   [Clear CT: 0.0 ms]
   [Other: 7.7 ms]
      [Choose CSet: 0.0 ms]
      [Ref Proc: 0.0 ms]
      [Ref Enq: 0.0 ms]
      [Redirty Cards: 0.0 ms]
      [Humongous Register: 0.8 ms]
      [Humongous Reclaim: 2.0 ms]
      [Free CSet: 0.0 ms]
   [Eden: 63.0M(783.0M)->0.0B(946.0M) Survivors: 1024.0K->1024.0K Heap: 4980.5M(5120.0M)->3570.3M(5120.0M)]
 [Times: user=0.19 sys=0.00, real=0.06 secs] 
2016-06-26T19:49:10.654+0300: 379.891: Total time for which application threads were stopped: 0.0654768 seconds, Stopping threads took: 0.0096231 seconds
2016-06-26T19:49:11.173+0300: 380.409: [GC cleanup 3936M->3924M(5120M), 0.0023290 secs]
 [Times: user=0.00 sys=0.00, real=0.00 secs] 
2016-06-26T19:49:11.175+0300: 380.411: Total time for which application threads were stopped: 0.0092998 seconds, Stopping threads took: 0.0066094 seconds
2016-06-26T19:49:11.175+0300: 380.411: [GC concurrent-cleanup-start]
2016-06-26T19:49:11.175+0300: 380.411: [GC concurrent-cleanup-end, 0.0000282 secs]
2016-06-26T19:49:11.282+0300: 380.518: Total time for which application threads were stopped: 0.0062006 seconds, Stopping threads took: 0.0054714 seconds
2016-06-26T19:49:12.285+0300: 381.522: Total time for which application threads were stopped: 0.0092271 seconds, Stopping threads took: 0.0082524 seconds
2016-06-26T19:49:12.928+0300: 382.165: [GC pause (G1 Humongous Allocation) (young)
Desired survivor size 62390272 bytes, new threshold 15 (max 15)
- age   1:      32560 bytes,      32560 total
- age   2:       9032 bytes,      41592 total
- age   3:      34432 bytes,      76024 total
- age   5:      32464 bytes,     108488 total
- age   6:         16 bytes,     108504 total
- age   7:      15536 bytes,     124040 total
- age   8:       9032 bytes,     133072 total
- age   9:      26400 bytes,     159472 total
- age  11:      11904 bytes,     171376 total
- age  12:       9032 bytes,     180408 total
- age  13:      20192 bytes,     200600 total
- age  15:      23624 bytes,     224224 total
, 0.0560236 secs]
   [Parallel Time: 48.2 ms, GC Workers: 4]
      [GC Worker Start (ms): Min: 382170.8, Avg: 382170.8, Max: 382170.8, Diff: 0.0]
      [Ext Root Scanning (ms): Min: 0.4, Avg: 0.4, Max: 0.4, Diff: 0.0, Sum: 1.5]
      [Update RS (ms): Min: 46.6, Avg: 46.7, Max: 46.7, Diff: 0.1, Sum: 186.7]
         [Processed Buffers: Min: 493, Avg: 500.8, Max: 507, Diff: 14, Sum: 2003]
      [Scan RS (ms): Min: 0.0, Avg: 0.0, Max: 0.0, Diff: 0.0, Sum: 0.0]
      [Code Root Scanning (ms): Min: 0.0, Avg: 0.0, Max: 0.0, Diff: 0.0, Sum: 0.0]
      [Object Copy (ms): Min: 0.4, Avg: 0.4, Max: 0.5, Diff: 0.0, Sum: 1.8]
      [Termination (ms): Min: 0.0, Avg: 0.0, Max: 0.0, Diff: 0.0, Sum: 0.0]
         [Termination Attempts: Min: 1, Avg: 1.0, Max: 1, Diff: 0, Sum: 4]
      [GC Worker Other (ms): Min: 0.0, Avg: 0.0, Max: 0.0, Diff: 0.0, Sum: 0.1]
      [GC Worker Total (ms): Min: 47.5, Avg: 47.5, Max: 47.5, Diff: 0.0, Sum: 190.0]
      [GC Worker End (ms): Min: 382218.3, Avg: 382218.3, Max: 382218.3, Diff: 0.0]
   [Code Root Fixup: 0.0 ms]
   [Code Root Purge: 0.0 ms]
   [Clear CT: 0.1 ms]
   [Other: 7.8 ms]
      [Choose CSet: 0.0 ms]
      [Ref Proc: 0.1 ms]
      [Ref Enq: 0.0 ms]
      [Redirty Cards: 0.0 ms]
      [Humongous Register: 0.8 ms]
      [Humongous Reclaim: 1.9 ms]
      [Free CSet: 0.1 ms]
   [Eden: 60.0M(946.0M)->0.0B(1042.0M) Survivors: 1024.0K->1024.0K Heap: 4981.9M(5120.0M)->3476.5M(5120.0M)]
 [Times: user=0.20 sys=0.00, real=0.06 secs] 
2016-06-26T19:49:12.984+0300: 382.221: Total time for which application threads were stopped: 0.0724698 seconds, Stopping threads took: 0.0156462 seconds
2016-06-26T19:49:12.995+0300: 382.232: [GC pause (G1 Humongous Allocation) (young) (initial-mark)
Desired survivor size 68681728 bytes, new threshold 15 (max 15)
- age   1:      32872 bytes,      32872 total
- age   2:      25048 bytes,      57920 total
- age   3:       9032 bytes,      66952 total
- age   4:      30192 bytes,      97144 total
- age   6:      28568 bytes,     125712 total
- age   7:         16 bytes,     125728 total
- age   8:      12936 bytes,     138664 total
- age   9:       9032 bytes,     147696 total
- age  10:      24464 bytes,     172160 total
- age  12:      10880 bytes,     183040 total
- age  13:       9032 bytes,     192072 total
- age  14:      19816 bytes,     211888 total
, 0.0064011 secs]
   [Parallel Time: 4.7 ms, GC Workers: 4]
      [GC Worker Start (ms): Min: 382233.0, Avg: 382234.1, Max: 382234.5, Diff: 1.5]
      [Ext Root Scanning (ms): Min: 0.0, Avg: 2.4, Max: 3.9, Diff: 3.9, Sum: 9.7]
      [Update RS (ms): Min: 0.0, Avg: 0.3, Max: 1.4, Diff: 1.4, Sum: 1.4]
         [Processed Buffers: Min: 0, Avg: 5.5, Max: 22, Diff: 22, Sum: 22]
      [Scan RS (ms): Min: 0.0, Avg: 0.0, Max: 0.0, Diff: 0.0, Sum: 0.0]
      [Code Root Scanning (ms): Min: 0.0, Avg: 0.0, Max: 0.0, Diff: 0.0, Sum: 0.0]
      [Object Copy (ms): Min: 0.0, Avg: 0.4, Max: 1.1, Diff: 1.1, Sum: 1.5]
      [Termination (ms): Min: 0.0, Avg: 0.4, Max: 0.6, Diff: 0.6, Sum: 1.5]
         [Termination Attempts: Min: 1, Avg: 1.0, Max: 1, Diff: 0, Sum: 4]
      [GC Worker Other (ms): Min: 0.0, Avg: 0.0, Max: 0.0, Diff: 0.0, Sum: 0.0]
      [GC Worker Total (ms): Min: 2.9, Avg: 3.5, Max: 4.7, Diff: 1.8, Sum: 14.0]
      [GC Worker End (ms): Min: 382237.3, Avg: 382237.6, Max: 382237.7, Diff: 0.4]
   [Code Root Fixup: 0.0 ms]
   [Code Root Purge: 0.0 ms]
   [Clear CT: 0.0 ms]
   [Other: 1.6 ms]
      [Choose CSet: 0.0 ms]
      [Ref Proc: 0.1 ms]
      [Ref Enq: 0.0 ms]
      [Redirty Cards: 0.0 ms]
      [Humongous Register: 0.6 ms]
      [Humongous Reclaim: 0.3 ms]
      [Free CSet: 0.0 ms]
   [Eden: 1024.0K(1042.0M)->0.0B(1041.0M) Survivors: 1024.0K->1024.0K Heap: 3479.5M(5120.0M)->3478.5M(5120.0M)]
 [Times: user=0.02 sys=0.00, real=0.01 secs] 
2016-06-26T19:49:13.002+0300: 382.239: Total time for which application threads were stopped: 0.0072231 seconds, Stopping threads took: 0.0002288 seconds
2016-06-26T19:49:13.002+0300: 382.239: [GC concurrent-root-region-scan-start]
2016-06-26T19:49:13.003+0300: 382.240: [GC concurrent-root-region-scan-end, 0.0014053 secs]
2016-06-26T19:49:13.003+0300: 382.240: [GC concurrent-mark-start]
2016-06-26T19:49:13.031+0300: 382.267: [GC concurrent-mark-end, 0.0258919 secs]
2016-06-26T19:49:13.049+0300: 382.286: [GC remark 2016-06-26T19:49:13.049+0300: 382.286: [Finalize Marking, 0.0003554 secs] 2016-06-26T19:49:13.050+0300: 382.286: [GC ref-proc, 0.0001009 secs] 2016-06-26T19:49:13.050+0300: 382.286: [Unloading, 0.0017521 secs], 0.0211501 secs]
 [Times: user=0.06 sys=0.00, real=0.02 secs] 
2016-06-26T19:49:13.071+0300: 382.307: Total time for which application threads were stopped: 0.0290343 seconds, Stopping threads took: 0.0075318 seconds
2016-06-26T19:49:13.074+0300: 382.310: [GC cleanup 3497M->3478M(5120M), 0.0022815 secs]
 [Times: user=0.06 sys=0.00, real=0.00 secs] 
2016-06-26T19:49:13.076+0300: 382.313: Total time for which application threads were stopped: 0.0027015 seconds, Stopping threads took: 0.0000607 seconds
2016-06-26T19:49:13.076+0300: 382.313: [GC concurrent-cleanup-start]
2016-06-26T19:49:13.076+0300: 382.313: [GC concurrent-cleanup-end, 0.0000338 secs]
2016-06-26T19:49:13.284+0300: 382.521: Total time for which application threads were stopped: 0.0082772 seconds, Stopping threads took: 0.0074472 seconds
2016-06-26T19:49:14.287+0300: 383.524: Total time for which application threads were stopped: 0.0111601 seconds, Stopping threads took: 0.0101872 seconds
2016-06-26T19:49:15.296+0300: 384.533: Total time for which application threads were stopped: 0.0094345 seconds, Stopping threads took: 0.0090829 seconds
2016-06-26T19:49:15.537+0300: 384.773: [GC pause (G1 Humongous Allocation) (young)
Desired survivor size 68681728 bytes, new threshold 15 (max 15)
- age   1:         56 bytes,         56 total
- age   2:      32824 bytes,      32880 total
- age   3:      25048 bytes,      57928 total
- age   4:       9032 bytes,      66960 total
- age   5:      30192 bytes,      97152 total
- age   7:      28568 bytes,     125720 total
- age   8:         16 bytes,     125736 total
- age   9:      12936 bytes,     138672 total
- age  10:       9032 bytes,     147704 total
- age  11:      24464 bytes,     172168 total
- age  13:      10880 bytes,     183048 total
- age  14:       9032 bytes,     192080 total
- age  15:      19816 bytes,     211896 total
, 0.0573929 secs]
   [Parallel Time: 49.3 ms, GC Workers: 4]
      [GC Worker Start (ms): Min: 384779.4, Avg: 384779.4, Max: 384779.4, Diff: 0.0]
      [Ext Root Scanning (ms): Min: 0.3, Avg: 0.3, Max: 0.4, Diff: 0.0, Sum: 1.4]
      [Update RS (ms): Min: 48.2, Avg: 48.2, Max: 48.2, Diff: 0.1, Sum: 192.8]
         [Processed Buffers: Min: 513, Avg: 516.3, Max: 520, Diff: 7, Sum: 2065]
      [Scan RS (ms): Min: 0.0, Avg: 0.0, Max: 0.0, Diff: 0.0, Sum: 0.0]
      [Code Root Scanning (ms): Min: 0.0, Avg: 0.0, Max: 0.0, Diff: 0.0, Sum: 0.0]
      [Object Copy (ms): Min: 0.7, Avg: 0.7, Max: 0.7, Diff: 0.1, Sum: 2.8]
      [Termination (ms): Min: 0.0, Avg: 0.0, Max: 0.0, Diff: 0.0, Sum: 0.0]
         [Termination Attempts: Min: 1, Avg: 1.0, Max: 1, Diff: 0, Sum: 4]
      [GC Worker Other (ms): Min: 0.0, Avg: 0.0, Max: 0.0, Diff: 0.0, Sum: 0.1]
      [GC Worker Total (ms): Min: 49.3, Avg: 49.3, Max: 49.3, Diff: 0.0, Sum: 197.2]
      [GC Worker End (ms): Min: 384828.7, Avg: 384828.7, Max: 384828.7, Diff: 0.0]
   [Code Root Fixup: 0.0 ms]
   [Code Root Purge: 0.0 ms]
   [Clear CT: 0.0 ms]
   [Other: 8.0 ms]
      [Choose CSet: 0.0 ms]
      [Ref Proc: 0.1 ms]
      [Ref Enq: 0.0 ms]
      [Redirty Cards: 0.0 ms]
      [Humongous Register: 0.8 ms]
      [Humongous Reclaim: 1.9 ms]
      [Free CSet: 0.1 ms]
   [Eden: 63.0M(1041.0M)->0.0B(1008.0M) Survivors: 1024.0K->1024.0K Heap: 4980.9M(5120.0M)->3511.8M(5120.0M)]
 [Times: user=0.25 sys=0.00, real=0.06 secs] 
2016-06-26T19:49:15.595+0300: 384.831: Total time for which application threads were stopped: 0.0651326 seconds, Stopping threads took: 0.0068181 seconds
2016-06-26T19:49:15.596+0300: 384.832: [GC pause (G1 Humongous Allocation) (young) (initial-mark)
Desired survivor size 66584576 bytes, new threshold 15 (max 15)
- age   1:     192224 bytes,     192224 total
- age   2:         16 bytes,     192240 total
- age   3:      25816 bytes,     218056 total
- age   4:      21608 bytes,     239664 total
- age   5:       9032 bytes,     248696 total
- age   6:      25936 bytes,     274632 total
- age   8:      25056 bytes,     299688 total
- age  10:      11288 bytes,     310976 total
- age  11:       9032 bytes,     320008 total
- age  12:      23472 bytes,     343480 total
- age  14:      10784 bytes,     354264 total
- age  15:       9032 bytes,     363296 total
, 0.0033113 secs]
   [Parallel Time: 1.5 ms, GC Workers: 4]
      [GC Worker Start (ms): Min: 384833.0, Avg: 384833.0, Max: 384833.0, Diff: 0.0]
      [Ext Root Scanning (ms): Min: 0.4, Avg: 0.4, Max: 0.4, Diff: 0.0, Sum: 1.6]
      [Update RS (ms): Min: 0.4, Avg: 0.4, Max: 0.4, Diff: 0.0, Sum: 1.6]
         [Processed Buffers: Min: 4, Avg: 4.3, Max: 5, Diff: 1, Sum: 17]
      [Scan RS (ms): Min: 0.0, Avg: 0.0, Max: 0.0, Diff: 0.0, Sum: 0.0]
      [Code Root Scanning (ms): Min: 0.0, Avg: 0.0, Max: 0.0, Diff: 0.0, Sum: 0.0]
      [Object Copy (ms): Min: 0.6, Avg: 0.7, Max: 0.7, Diff: 0.1, Sum: 2.6]
      [Termination (ms): Min: 0.0, Avg: 0.0, Max: 0.0, Diff: 0.0, Sum: 0.0]
         [Termination Attempts: Min: 1, Avg: 1.0, Max: 1, Diff: 0, Sum: 4]
      [GC Worker Other (ms): Min: 0.0, Avg: 0.0, Max: 0.0, Diff: 0.0, Sum: 0.0]
      [GC Worker Total (ms): Min: 1.5, Avg: 1.5, Max: 1.5, Diff: 0.0, Sum: 5.9]
      [GC Worker End (ms): Min: 384834.5, Avg: 384834.5, Max: 384834.5, Diff: 0.0]
   [Code Root Fixup: 0.0 ms]
   [Code Root Purge: 0.0 ms]
   [Clear CT: 0.0 ms]
   [Other: 1.7 ms]
      [Choose CSet: 0.0 ms]
      [Ref Proc: 0.1 ms]
      [Ref Enq: 0.0 ms]
      [Redirty Cards: 0.0 ms]
      [Humongous Register: 0.7 ms]
      [Humongous Reclaim: 0.3 ms]
      [Free CSet: 0.0 ms]
   [Eden: 1024.0K(1008.0M)->0.0B(1006.0M) Survivors: 1024.0K->1024.0K Heap: 3514.3M(5120.0M)->3514.0M(5120.0M)]
 [Times: user=0.00 sys=0.00, real=0.00 secs] 
2016-06-26T19:49:15.599+0300: 384.835: [GC concurrent-root-region-scan-start]
2016-06-26T19:49:15.599+0300: 384.835: Total time for which application threads were stopped: 0.0038420 seconds, Stopping threads took: 0.0000701 seconds
2016-06-26T19:49:15.601+0300: 384.837: [GC concurrent-root-region-scan-end, 0.0019634 secs]
2016-06-26T19:49:15.601+0300: 384.837: [GC concurrent-mark-start]
2016-06-26T19:49:15.630+0300: 384.866: [GC concurrent-mark-end, 0.0286383 secs]
2016-06-26T19:49:15.650+0300: 384.886: [GC remark 2016-06-26T19:49:15.650+0300: 384.886: [Finalize Marking, 0.0004512 secs] 2016-06-26T19:49:15.650+0300: 384.887: [GC ref-proc, 0.0001052 secs] 2016-06-26T19:49:15.650+0300: 384.887: [Unloading, 0.0017354 secs], 0.0216222 secs]
 [Times: user=0.13 sys=0.00, real=0.02 secs] 
2016-06-26T19:49:15.671+0300: 384.908: Total time for which application threads were stopped: 0.0228641 seconds, Stopping threads took: 0.0009541 seconds
2016-06-26T19:49:15.675+0300: 384.911: [GC cleanup 3548M->3548M(5120M), 0.0023106 secs]
 [Times: user=0.00 sys=0.00, real=0.00 secs] 
2016-06-26T19:49:15.677+0300: 384.914: Total time for which application threads were stopped: 0.0026767 seconds, Stopping threads took: 0.0000547 seconds
2016-06-26T19:49:16.282+0300: 385.519: Total time for which application threads were stopped: 0.0059568 seconds, Stopping threads took: 0.0051233 seconds
2016-06-26T19:49:17.290+0300: 386.526: Total time for which application threads were stopped: 0.0075519 seconds, Stopping threads took: 0.0072380 seconds
2016-06-26T19:49:17.521+0300: 386.758: Total time for which application threads were stopped: 0.0084684 seconds, Stopping threads took: 0.0082666 seconds
2016-06-26T19:49:17.975+0300: 387.211: [GC pause (G1 Humongous Allocation) (young)
Desired survivor size 66060288 bytes, new threshold 15 (max 15)
- age   1:         96 bytes,         96 total
- age   2:     192224 bytes,     192320 total
- age   3:         16 bytes,     192336 total
- age   4:      25816 bytes,     218152 total
- age   5:      21608 bytes,     239760 total
- age   6:       9032 bytes,     248792 total
- age   7:      25936 bytes,     274728 total
- age   9:      25056 bytes,     299784 total
- age  11:      11288 bytes,     311072 total
- age  12:       9032 bytes,     320104 total
- age  13:      23472 bytes,     343576 total
- age  15:      10784 bytes,     354360 total
, 0.0568412 secs]
   [Parallel Time: 48.9 ms, GC Workers: 4]
      [GC Worker Start (ms): Min: 387217.2, Avg: 387217.2, Max: 387217.2, Diff: 0.0]
      [Ext Root Scanning (ms): Min: 0.3, Avg: 0.4, Max: 0.4, Diff: 0.0, Sum: 1.4]
      [Update RS (ms): Min: 48.0, Avg: 48.1, Max: 48.1, Diff: 0.1, Sum: 192.2]
         [Processed Buffers: Min: 508, Avg: 512.8, Max: 518, Diff: 10, Sum: 2051]
      [Scan RS (ms): Min: 0.0, Avg: 0.0, Max: 0.0, Diff: 0.0, Sum: 0.0]
      [Code Root Scanning (ms): Min: 0.0, Avg: 0.0, Max: 0.0, Diff: 0.0, Sum: 0.0]
      [Object Copy (ms): Min: 0.4, Avg: 0.4, Max: 0.5, Diff: 0.0, Sum: 1.8]
      [Termination (ms): Min: 0.0, Avg: 0.0, Max: 0.0, Diff: 0.0, Sum: 0.0]
         [Termination Attempts: Min: 1, Avg: 1.5, Max: 2, Diff: 1, Sum: 6]
      [GC Worker Other (ms): Min: 0.0, Avg: 0.0, Max: 0.0, Diff: 0.0, Sum: 0.1]
      [GC Worker Total (ms): Min: 48.9, Avg: 48.9, Max: 48.9, Diff: 0.0, Sum: 195.5]
      [GC Worker End (ms): Min: 387266.0, Avg: 387266.0, Max: 387266.0, Diff: 0.0]
   [Code Root Fixup: 0.0 ms]
   [Code Root Purge: 0.0 ms]
   [Clear CT: 0.0 ms]
   [Other: 7.9 ms]
      [Choose CSet: 0.0 ms]
      [Ref Proc: 0.0 ms]
      [Ref Enq: 0.0 ms]
      [Redirty Cards: 0.0 ms]
      [Humongous Register: 0.8 ms]
      [Humongous Reclaim: 2.0 ms]
      [Free CSet: 0.1 ms]
   [Eden: 61.0M(1006.0M)->0.0B(947.0M) Survivors: 1024.0K->1024.0K Heap: 4981.2M(5120.0M)->3572.4M(5120.0M)]
 [Times: user=0.20 sys=0.00, real=0.06 secs] 
2016-06-26T19:49:18.032+0300: 387.269: Total time for which application threads were stopped: 0.0651937 seconds, Stopping threads took: 0.0075490 seconds
2016-06-26T19:49:18.036+0300: 387.273: [GC pause (G1 Humongous Allocation) (young) (initial-mark)
Desired survivor size 62390272 bytes, new threshold 15 (max 15)
- age   1:      39672 bytes,      39672 total
- age   2:         16 bytes,      39688 total
- age   3:      36032 bytes,      75720 total
- age   4:         16 bytes,      75736 total
- age   5:      20760 bytes,      96496 total
- age   6:      18008 bytes,     114504 total
- age   7:       9032 bytes,     123536 total
- age   8:      23992 bytes,     147528 total
- age  10:      24080 bytes,     171608 total
- age  12:      10824 bytes,     182432 total
- age  13:       9032 bytes,     191464 total
- age  14:      23448 bytes,     214912 total
, 0.0035115 secs]
   [Parallel Time: 1.7 ms, GC Workers: 4]
      [GC Worker Start (ms): Min: 387273.9, Avg: 387273.9, Max: 387273.9, Diff: 0.0]
      [Ext Root Scanning (ms): Min: 0.4, Avg: 0.4, Max: 0.4, Diff: 0.0, Sum: 1.7]
      [Update RS (ms): Min: 0.7, Avg: 0.8, Max: 0.8, Diff: 0.1, Sum: 3.2]
         [Processed Buffers: Min: 8, Avg: 8.3, Max: 9, Diff: 1, Sum: 33]
      [Scan RS (ms): Min: 0.0, Avg: 0.0, Max: 0.0, Diff: 0.0, Sum: 0.0]
      [Code Root Scanning (ms): Min: 0.0, Avg: 0.0, Max: 0.0, Diff: 0.0, Sum: 0.0]
      [Object Copy (ms): Min: 0.4, Avg: 0.4, Max: 0.5, Diff: 0.1, Sum: 1.7]
      [Termination (ms): Min: 0.0, Avg: 0.0, Max: 0.0, Diff: 0.0, Sum: 0.0]
         [Termination Attempts: Min: 1, Avg: 1.0, Max: 1, Diff: 0, Sum: 4]
      [GC Worker Other (ms): Min: 0.0, Avg: 0.0, Max: 0.0, Diff: 0.0, Sum: 0.0]
      [GC Worker Total (ms): Min: 1.6, Avg: 1.6, Max: 1.7, Diff: 0.0, Sum: 6.6]
      [GC Worker End (ms): Min: 387275.6, Avg: 387275.6, Max: 387275.6, Diff: 0.0]
   [Code Root Fixup: 0.0 ms]
   [Code Root Purge: 0.0 ms]
   [Clear CT: 0.0 ms]
   [Other: 1.8 ms]
      [Choose CSet: 0.0 ms]
      [Ref Proc: 0.1 ms]
      [Ref Enq: 0.0 ms]
      [Redirty Cards: 0.0 ms]
      [Humongous Register: 0.7 ms]
      [Humongous Reclaim: 0.3 ms]
      [Free CSet: 0.0 ms]
   [Eden: 1024.0K(947.0M)->0.0B(943.0M) Survivors: 1024.0K->1024.0K Heap: 3576.8M(5120.0M)->3576.2M(5120.0M)]
 [Times: user=0.00 sys=0.00, real=0.00 secs] 
2016-06-26T19:49:18.040+0300: 387.277: [GC concurrent-root-region-scan-start]
2016-06-26T19:49:18.040+0300: 387.277: Total time for which application threads were stopped: 0.0042085 seconds, Stopping threads took: 0.0000701 seconds
2016-06-26T19:49:18.041+0300: 387.278: [GC concurrent-root-region-scan-end, 0.0014805 secs]
2016-06-26T19:49:18.041+0300: 387.278: [GC concurrent-mark-start]
2016-06-26T19:49:18.068+0300: 387.305: [GC concurrent-mark-end, 0.0269602 secs]
2016-06-26T19:49:18.080+0300: 387.317: [GC remark 2016-06-26T19:49:18.080+0300: 387.317: [Finalize Marking, 0.0003755 secs] 2016-06-26T19:49:18.080+0300: 387.317: [GC ref-proc, 0.0001009 secs] 2016-06-26T19:49:18.080+0300: 387.317: [Unloading, 0.0017286 secs], 0.0218228 secs]
 [Times: user=0.06 sys=0.00, real=0.02 secs] 
2016-06-26T19:49:18.102+0300: 387.339: Total time for which application threads were stopped: 0.0277009 seconds, Stopping threads took: 0.0055569 seconds
2016-06-26T19:49:18.105+0300: 387.342: [GC cleanup 3599M->3599M(5120M), 0.0021926 secs]
 [Times: user=0.00 sys=0.00, real=0.00 secs] 
2016-06-26T19:49:18.107+0300: 387.344: Total time for which application threads were stopped: 0.0025869 seconds, Stopping threads took: 0.0000757 seconds
2016-06-26T19:49:18.284+0300: 387.520: Total time for which application threads were stopped: 0.0066911 seconds, Stopping threads took: 0.0059183 seconds
2016-06-26T19:49:19.287+0300: 388.523: Total time for which application threads were stopped: 0.0095576 seconds, Stopping threads took: 0.0086121 seconds
2016-06-26T19:49:20.329+0300: 389.566: [GC pause (G1 Humongous Allocation) (young)
Desired survivor size 61865984 bytes, new threshold 15 (max 15)
- age   1:         40 bytes,         40 total
- age   2:      39648 bytes,      39688 total
- age   3:         16 bytes,      39704 total
- age   4:      36032 bytes,      75736 total
- age   5:         16 bytes,      75752 total
- age   6:      20760 bytes,      96512 total
- age   7:      18008 bytes,     114520 total
- age   8:       9032 bytes,     123552 total
- age   9:      23992 bytes,     147544 total
- age  11:      24080 bytes,     171624 total
- age  13:      10824 bytes,     182448 total
- age  14:       9032 bytes,     191480 total
- age  15:      23448 bytes,     214928 total
, 0.0537891 secs]
   [Parallel Time: 46.1 ms, GC Workers: 4]
      [GC Worker Start (ms): Min: 389571.1, Avg: 389571.1, Max: 389571.1, Diff: 0.0]
      [Ext Root Scanning (ms): Min: 0.4, Avg: 0.4, Max: 0.4, Diff: 0.0, Sum: 1.6]
      [Update RS (ms): Min: 44.8, Avg: 44.8, Max: 44.9, Diff: 0.0, Sum: 179.4]
         [Processed Buffers: Min: 464, Avg: 470.0, Max: 475, Diff: 11, Sum: 1880]
      [Scan RS (ms): Min: 0.0, Avg: 0.0, Max: 0.0, Diff: 0.0, Sum: 0.0]
      [Code Root Scanning (ms): Min: 0.0, Avg: 0.0, Max: 0.0, Diff: 0.0, Sum: 0.0]
      [Object Copy (ms): Min: 0.8, Avg: 0.8, Max: 0.8, Diff: 0.0, Sum: 3.1]
      [Termination (ms): Min: 0.0, Avg: 0.0, Max: 0.0, Diff: 0.0, Sum: 0.0]
         [Termination Attempts: Min: 1, Avg: 1.0, Max: 1, Diff: 0, Sum: 4]
      [GC Worker Other (ms): Min: 0.0, Avg: 0.0, Max: 0.0, Diff: 0.0, Sum: 0.1]
      [GC Worker Total (ms): Min: 46.1, Avg: 46.1, Max: 46.1, Diff: 0.0, Sum: 184.3]
      [GC Worker End (ms): Min: 389617.2, Avg: 389617.2, Max: 389617.2, Diff: 0.0]
   [Code Root Fixup: 0.0 ms]
   [Code Root Purge: 0.0 ms]
   [Clear CT: 0.0 ms]
   [Other: 7.6 ms]
      [Choose CSet: 0.0 ms]
      [Ref Proc: 0.0 ms]
      [Ref Enq: 0.0 ms]
      [Redirty Cards: 0.0 ms]
      [Humongous Register: 0.8 ms]
      [Humongous Reclaim: 2.0 ms]
      [Free CSet: 0.0 ms]
   [Eden: 59.0M(943.0M)->0.0B(915.0M) Survivors: 1024.0K->1024.0K Heap: 4980.9M(5120.0M)->3603.7M(5120.0M)]
 [Times: user=0.19 sys=0.00, real=0.05 secs] 
2016-06-26T19:49:20.383+0300: 389.620: Total time for which application threads were stopped: 0.0646656 seconds, Stopping threads took: 0.0099045 seconds
2016-06-26T19:49:20.392+0300: 389.628: [GC pause (G1 Humongous Allocation) (young) (initial-mark)
Desired survivor size 60293120 bytes, new threshold 15 (max 15)
- age   1:     235464 bytes,     235464 total
- age   3:      33056 bytes,     268520 total
- age   5:      31248 bytes,     299768 total
- age   7:      16968 bytes,     316736 total
- age   8:      14888 bytes,     331624 total
- age   9:       9032 bytes,     340656 total
- age  10:      22320 bytes,     362976 total
- age  12:      23560 bytes,     386536 total
- age  14:      10784 bytes,     397320 total
- age  15:       9032 bytes,     406352 total
, 0.0036659 secs]
   [Parallel Time: 1.7 ms, GC Workers: 4]
      [GC Worker Start (ms): Min: 389629.0, Avg: 389629.0, Max: 389629.0, Diff: 0.0]
      [Ext Root Scanning (ms): Min: 0.4, Avg: 0.5, Max: 0.5, Diff: 0.0, Sum: 1.8]
      [Update RS (ms): Min: 0.4, Avg: 0.4, Max: 0.5, Diff: 0.1, Sum: 1.6]
         [Processed Buffers: Min: 4, Avg: 4.3, Max: 5, Diff: 1, Sum: 17]
      [Scan RS (ms): Min: 0.0, Avg: 0.0, Max: 0.0, Diff: 0.0, Sum: 0.0]
      [Code Root Scanning (ms): Min: 0.0, Avg: 0.0, Max: 0.0, Diff: 0.0, Sum: 0.0]
      [Object Copy (ms): Min: 0.7, Avg: 0.7, Max: 0.8, Diff: 0.1, Sum: 3.0]
      [Termination (ms): Min: 0.0, Avg: 0.0, Max: 0.0, Diff: 0.0, Sum: 0.0]
         [Termination Attempts: Min: 1, Avg: 1.0, Max: 1, Diff: 0, Sum: 4]
      [GC Worker Other (ms): Min: 0.0, Avg: 0.0, Max: 0.0, Diff: 0.0, Sum: 0.0]
      [GC Worker Total (ms): Min: 1.6, Avg: 1.6, Max: 1.6, Diff: 0.0, Sum: 6.5]
      [GC Worker End (ms): Min: 389630.6, Avg: 389630.6, Max: 389630.6, Diff: 0.0]
   [Code Root Fixup: 0.0 ms]
   [Code Root Purge: 0.0 ms]
   [Clear CT: 0.0 ms]
   [Other: 2.0 ms]
      [Choose CSet: 0.0 ms]
      [Ref Proc: 0.1 ms]
      [Ref Enq: 0.0 ms]
      [Redirty Cards: 0.0 ms]
      [Humongous Register: 0.7 ms]
      [Humongous Reclaim: 0.4 ms]
      [Free CSet: 0.0 ms]
   [Eden: 1024.0K(915.0M)->0.0B(944.0M) Survivors: 1024.0K->1024.0K Heap: 3606.7M(5120.0M)->3576.6M(5120.0M)]
 [Times: user=0.00 sys=0.00, real=0.00 secs] 
2016-06-26T19:49:20.395+0300: 389.632: [GC concurrent-root-region-scan-start]
2016-06-26T19:49:20.395+0300: 389.632: Total time for which application threads were stopped: 0.0043330 seconds, Stopping threads took: 0.0000761 seconds
2016-06-26T19:49:20.397+0300: 389.634: [GC concurrent-root-region-scan-end, 0.0019155 secs]
2016-06-26T19:49:20.397+0300: 389.634: [GC concurrent-mark-start]
2016-06-26T19:49:20.425+0300: 389.661: [GC concurrent-mark-end, 0.0269726 secs]
2016-06-26T19:49:20.511+0300: 389.748: [GC remark 2016-06-26T19:49:20.511+0300: 389.748: [Finalize Marking, 0.0004093 secs] 2016-06-26T19:49:20.512+0300: 389.748: [GC ref-proc, 0.0000984 secs] 2016-06-26T19:49:20.512+0300: 389.748: [Unloading, 0.0020284 secs], 0.0246975 secs]
 [Times: user=0.06 sys=0.02, real=0.03 secs] 
2016-06-26T19:49:20.536+0300: 389.773: Total time for which application threads were stopped: 0.0326202 seconds, Stopping threads took: 0.0076546 seconds
2016-06-26T19:49:20.541+0300: 389.777: [GC cleanup 3604M->3604M(5120M), 0.0023354 secs]
 [Times: user=0.00 sys=0.00, real=0.00 secs] 
2016-06-26T19:49:20.543+0300: 389.779: Total time for which application threads were stopped: 0.0029311 seconds, Stopping threads took: 0.0003122 seconds
2016-06-26T19:49:21.285+0300: 390.521: Total time for which application threads were stopped: 0.0071936 seconds, Stopping threads took: 0.0063413 seconds
2016-06-26T19:49:22.288+0300: 391.525: Total time for which application threads were stopped: 0.0106251 seconds, Stopping threads took: 0.0097120 seconds
2016-06-26T19:49:22.790+0300: 392.027: [GC pause (G1 Humongous Allocation) (young)
Desired survivor size 62390272 bytes, new threshold 15 (max 15)
- age   1:        112 bytes,        112 total
- age   2:     235392 bytes,     235504 total
- age   4:      33056 bytes,     268560 total
- age   6:      31248 bytes,     299808 total
- age   8:      16968 bytes,     316776 total
- age   9:      14768 bytes,     331544 total
- age  10:       9032 bytes,     340576 total
- age  11:      22144 bytes,     362720 total
- age  13:      23456 bytes,     386176 total
- age  15:      10784 bytes,     396960 total
, 0.0575682 secs]
   [Parallel Time: 49.5 ms, GC Workers: 4]
      [GC Worker Start (ms): Min: 392032.4, Avg: 392032.4, Max: 392032.4, Diff: 0.0]
      [Ext Root Scanning (ms): Min: 0.4, Avg: 0.4, Max: 0.4, Diff: 0.0, Sum: 1.5]
      [Update RS (ms): Min: 48.6, Avg: 48.6, Max: 48.6, Diff: 0.0, Sum: 194.4]
         [Processed Buffers: Min: 507, Avg: 516.8, Max: 527, Diff: 20, Sum: 2067]
      [Scan RS (ms): Min: 0.0, Avg: 0.0, Max: 0.0, Diff: 0.0, Sum: 0.0]
      [Code Root Scanning (ms): Min: 0.0, Avg: 0.0, Max: 0.0, Diff: 0.0, Sum: 0.0]
      [Object Copy (ms): Min: 0.5, Avg: 0.5, Max: 0.5, Diff: 0.0, Sum: 2.0]
      [Termination (ms): Min: 0.0, Avg: 0.0, Max: 0.0, Diff: 0.0, Sum: 0.0]
         [Termination Attempts: Min: 1, Avg: 1.0, Max: 1, Diff: 0, Sum: 4]
      [GC Worker Other (ms): Min: 0.0, Avg: 0.0, Max: 0.0, Diff: 0.0, Sum: 0.1]
      [GC Worker Total (ms): Min: 49.5, Avg: 49.5, Max: 49.5, Diff: 0.0, Sum: 198.0]
      [GC Worker End (ms): Min: 392081.9, Avg: 392081.9, Max: 392081.9, Diff: 0.0]
   [Code Root Fixup: 0.0 ms]
   [Code Root Purge: 0.0 ms]
   [Clear CT: 0.0 ms]
   [Other: 8.0 ms]
      [Choose CSet: 0.0 ms]
      [Ref Proc: 0.0 ms]
      [Ref Enq: 0.0 ms]
      [Redirty Cards: 0.0 ms]
      [Humongous Register: 0.8 ms]
      [Humongous Reclaim: 2.1 ms]
      [Free CSet: 0.1 ms]
   [Eden: 63.0M(944.0M)->0.0B(980.0M) Survivors: 1024.0K->1024.0K Heap: 4980.9M(5120.0M)->3541.2M(5120.0M)]
 [Times: user=0.20 sys=0.00, real=0.06 secs] 
2016-06-26T19:49:22.848+0300: 392.085: Total time for which application threads were stopped: 0.0677186 seconds, Stopping threads took: 0.0093810 seconds
2016-06-26T19:49:22.855+0300: 392.092: [GC pause (G1 Humongous Allocation) (young) (initial-mark)
Desired survivor size 64487424 bytes, new threshold 15 (max 15)
- age   1:      88792 bytes,      88792 total
- age   2:         72 bytes,      88864 total
- age   3:      33440 bytes,     122304 total
- age   5:      28216 bytes,     150520 total
- age   7:      27976 bytes,     178496 total
- age   9:      14360 bytes,     192856 total
- age  10:      13568 bytes,     206424 total
- age  11:       9032 bytes,     215456 total
- age  12:      21648 bytes,     237104 total
- age  14:      23376 bytes,     260480 total
, 0.0034858 secs]
   [Parallel Time: 1.8 ms, GC Workers: 4]
      [GC Worker Start (ms): Min: 392092.7, Avg: 392092.7, Max: 392092.7, Diff: 0.0]
      [Ext Root Scanning (ms): Min: 0.4, Avg: 0.4, Max: 0.4, Diff: 0.0, Sum: 1.7]
      [Update RS (ms): Min: 0.7, Avg: 0.8, Max: 0.8, Diff: 0.1, Sum: 3.1]
         [Processed Buffers: Min: 8, Avg: 8.3, Max: 9, Diff: 1, Sum: 33]
      [Scan RS (ms): Min: 0.0, Avg: 0.0, Max: 0.0, Diff: 0.0, Sum: 0.0]
      [Code Root Scanning (ms): Min: 0.0, Avg: 0.0, Max: 0.0, Diff: 0.0, Sum: 0.0]
      [Object Copy (ms): Min: 0.4, Avg: 0.5, Max: 0.5, Diff: 0.1, Sum: 2.0]
      [Termination (ms): Min: 0.0, Avg: 0.0, Max: 0.0, Diff: 0.0, Sum: 0.0]
         [Termination Attempts: Min: 1, Avg: 1.0, Max: 1, Diff: 0, Sum: 4]
      [GC Worker Other (ms): Min: 0.0, Avg: 0.0, Max: 0.0, Diff: 0.0, Sum: 0.1]
      [GC Worker Total (ms): Min: 1.7, Avg: 1.7, Max: 1.7, Diff: 0.0, Sum: 6.9]
      [GC Worker End (ms): Min: 392094.4, Avg: 392094.4, Max: 392094.4, Diff: 0.0]
   [Code Root Fixup: 0.0 ms]
   [Code Root Purge: 0.0 ms]
   [Clear CT: 0.0 ms]
   [Other: 1.7 ms]
      [Choose CSet: 0.0 ms]
      [Ref Proc: 0.1 ms]
      [Ref Enq: 0.0 ms]
      [Redirty Cards: 0.0 ms]
      [Humongous Register: 0.6 ms]
      [Humongous Reclaim: 0.3 ms]
      [Free CSet: 0.0 ms]
   [Eden: 1024.0K(980.0M)->0.0B(976.0M) Survivors: 1024.0K->1024.0K Heap: 3545.6M(5120.0M)->3545.1M(5120.0M)]
 [Times: user=0.06 sys=0.00, real=0.00 secs] 
2016-06-26T19:49:22.859+0300: 392.095: [GC concurrent-root-region-scan-start]
2016-06-26T19:49:22.859+0300: 392.095: Total time for which application threads were stopped: 0.0041465 seconds, Stopping threads took: 0.0001458 seconds
2016-06-26T19:49:22.860+0300: 392.097: [GC concurrent-root-region-scan-end, 0.0017042 secs]
2016-06-26T19:49:22.860+0300: 392.097: [GC concurrent-mark-start]
2016-06-26T19:49:22.887+0300: 392.124: [GC concurrent-mark-end, 0.0256387 secs]
2016-06-26T19:49:22.924+0300: 392.160: [GC remark 2016-06-26T19:49:22.924+0300: 392.160: [Finalize Marking, 0.0003323 secs] 2016-06-26T19:49:22.924+0300: 392.161: [GC ref-proc, 0.0001026 secs] 2016-06-26T19:49:22.924+0300: 392.161: [Unloading, 0.0017205 secs], 0.0215089 secs]
 [Times: user=0.06 sys=0.00, real=0.02 secs] 
2016-06-26T19:49:22.945+0300: 392.182: Total time for which application threads were stopped: 0.0246953 seconds, Stopping threads took: 0.0029281 seconds
2016-06-26T19:49:22.948+0300: 392.184: [GC cleanup 3574M->3574M(5120M), 0.0021798 secs]
 [Times: user=0.00 sys=0.00, real=0.00 secs] 
2016-06-26T19:49:22.950+0300: 392.187: Total time for which application threads were stopped: 0.0025651 seconds, Stopping threads took: 0.0000890 seconds
2016-06-26T19:49:23.957+0300: 393.193: Total time for which application threads were stopped: 0.0069075 seconds, Stopping threads took: 0.0065645 seconds
2016-06-26T19:49:24.282+0300: 393.518: Total time for which application threads were stopped: 0.0037052 seconds, Stopping threads took: 0.0030218 seconds
2016-06-26T19:49:25.151+0300: 394.388: [GC pause (G1 Humongous Allocation) (young)
Desired survivor size 64487424 bytes, new threshold 15 (max 15)
- age   1:        120 bytes,        120 total
- age   2:      88768 bytes,      88888 total
- age   3:         72 bytes,      88960 total
- age   4:      33384 bytes,     122344 total
- age   6:      28216 bytes,     150560 total
- age   8:      27976 bytes,     178536 total
- age  10:      14360 bytes,     192896 total
- age  11:      13568 bytes,     206464 total
- age  12:       9032 bytes,     215496 total
- age  13:      21648 bytes,     237144 total
- age  15:      23376 bytes,     260520 total
, 0.0562331 secs]
   [Parallel Time: 48.3 ms, GC Workers: 4]
      [GC Worker Start (ms): Min: 394393.3, Avg: 394393.3, Max: 394393.3, Diff: 0.0]
      [Ext Root Scanning (ms): Min: 0.4, Avg: 0.4, Max: 0.4, Diff: 0.0, Sum: 1.6]
      [Update RS (ms): Min: 47.3, Avg: 47.4, Max: 47.4, Diff: 0.1, Sum: 189.4]
         [Processed Buffers: Min: 504, Avg: 508.8, Max: 515, Diff: 11, Sum: 2035]
      [Scan RS (ms): Min: 0.0, Avg: 0.0, Max: 0.0, Diff: 0.0, Sum: 0.0]
      [Code Root Scanning (ms): Min: 0.0, Avg: 0.0, Max: 0.0, Diff: 0.0, Sum: 0.0]
      [Object Copy (ms): Min: 0.4, Avg: 0.4, Max: 0.5, Diff: 0.1, Sum: 1.8]
      [Termination (ms): Min: 0.0, Avg: 0.0, Max: 0.0, Diff: 0.0, Sum: 0.0]
         [Termination Attempts: Min: 1, Avg: 1.0, Max: 1, Diff: 0, Sum: 4]
      [GC Worker Other (ms): Min: 0.0, Avg: 0.0, Max: 0.0, Diff: 0.0, Sum: 0.1]
      [GC Worker Total (ms): Min: 48.2, Avg: 48.2, Max: 48.2, Diff: 0.0, Sum: 192.9]
      [GC Worker End (ms): Min: 394441.5, Avg: 394441.5, Max: 394441.5, Diff: 0.0]
   [Code Root Fixup: 0.0 ms]
   [Code Root Purge: 0.0 ms]
   [Clear CT: 0.0 ms]
   [Other: 7.9 ms]
      [Choose CSet: 0.0 ms]
      [Ref Proc: 0.0 ms]
      [Ref Enq: 0.0 ms]
      [Redirty Cards: 0.0 ms]
      [Humongous Register: 0.8 ms]
      [Humongous Reclaim: 2.0 ms]
      [Free CSet: 0.1 ms]
   [Eden: 65.0M(976.0M)->0.0B(952.0M) Survivors: 1024.0K->1024.0K Heap: 4980.7M(5120.0M)->3568.5M(5120.0M)]
 [Times: user=0.20 sys=0.00, real=0.06 secs] 
2016-06-26T19:49:25.207+0300: 394.444: Total time for which application threads were stopped: 0.0653233 seconds, Stopping threads took: 0.0081019 seconds
2016-06-26T19:49:25.219+0300: 394.456: [GC pause (G1 Humongous Allocation) (young) (initial-mark)
Desired survivor size 62914560 bytes, new threshold 15 (max 15)
- age   1:      39640 bytes,      39640 total
- age   2:         96 bytes,      39736 total
- age   3:      35288 bytes,      75024 total
- age   4:         72 bytes,      75096 total
- age   5:      29816 bytes,     104912 total
- age   7:      24200 bytes,     129112 total
- age   9:      24872 bytes,     153984 total
- age  11:      13232 bytes,     167216 total
- age  12:      12952 bytes,     180168 total
- age  13:       9032 bytes,     189200 total
- age  14:      21568 bytes,     210768 total
, 0.0036372 secs]
   [Parallel Time: 1.9 ms, GC Workers: 4]
      [GC Worker Start (ms): Min: 394457.2, Avg: 394457.2, Max: 394457.2, Diff: 0.0]
      [Ext Root Scanning (ms): Min: 0.5, Avg: 0.5, Max: 0.5, Diff: 0.0, Sum: 1.8]
      [Update RS (ms): Min: 0.9, Avg: 0.9, Max: 1.0, Diff: 0.1, Sum: 3.6]
         [Processed Buffers: Min: 9, Avg: 9.8, Max: 10, Diff: 1, Sum: 39]
      [Scan RS (ms): Min: 0.0, Avg: 0.0, Max: 0.0, Diff: 0.0, Sum: 0.0]
      [Code Root Scanning (ms): Min: 0.0, Avg: 0.0, Max: 0.0, Diff: 0.0, Sum: 0.0]
      [Object Copy (ms): Min: 0.4, Avg: 0.4, Max: 0.5, Diff: 0.1, Sum: 1.7]
      [Termination (ms): Min: 0.0, Avg: 0.0, Max: 0.0, Diff: 0.0, Sum: 0.0]
         [Termination Attempts: Min: 1, Avg: 1.0, Max: 1, Diff: 0, Sum: 4]
      [GC Worker Other (ms): Min: 0.0, Avg: 0.0, Max: 0.0, Diff: 0.0, Sum: 0.0]
      [GC Worker Total (ms): Min: 1.8, Avg: 1.8, Max: 1.8, Diff: 0.0, Sum: 7.3]
      [GC Worker End (ms): Min: 394459.0, Avg: 394459.0, Max: 394459.0, Diff: 0.0]
   [Code Root Fixup: 0.0 ms]
   [Code Root Purge: 0.0 ms]
   [Clear CT: 0.0 ms]
   [Other: 1.7 ms]
      [Choose CSet: 0.0 ms]
      [Ref Proc: 0.0 ms]
      [Ref Enq: 0.0 ms]
      [Redirty Cards: 0.0 ms]
      [Humongous Register: 0.7 ms]
      [Humongous Reclaim: 0.3 ms]
      [Free CSet: 0.0 ms]
   [Eden: 2048.0K(952.0M)->0.0B(972.0M) Survivors: 1024.0K->1024.0K Heap: 3576.3M(5120.0M)->3545.1M(5120.0M)]
 [Times: user=0.00 sys=0.00, real=0.00 secs] 
2016-06-26T19:49:25.223+0300: 394.460: [GC concurrent-root-region-scan-start]
2016-06-26T19:49:25.223+0300: 394.460: Total time for which application threads were stopped: 0.0043253 seconds, Stopping threads took: 0.0000911 seconds
2016-06-26T19:49:25.225+0300: 394.462: [GC concurrent-root-region-scan-end, 0.0015622 secs]
2016-06-26T19:49:25.225+0300: 394.462: [GC concurrent-mark-start]
2016-06-26T19:49:25.255+0300: 394.491: [GC concurrent-mark-end, 0.0285917 secs]
2016-06-26T19:49:25.271+0300: 394.508: [GC remark 2016-06-26T19:49:25.271+0300: 394.508: [Finalize Marking, 0.0004259 secs] 2016-06-26T19:49:25.271+0300: 394.508: [GC ref-proc, 0.0001086 secs] 2016-06-26T19:49:25.271+0300: 394.508: [Unloading, 0.0018047 secs], 0.0217723 secs]
 [Times: user=0.06 sys=0.00, real=0.02 secs] 
2016-06-26T19:49:25.293+0300: 394.529: Total time for which application threads were stopped: 0.0250644 seconds, Stopping threads took: 0.0028824 seconds
2016-06-26T19:49:25.299+0300: 394.535: Total time for which application threads were stopped: 0.0009618 seconds, Stopping threads took: 0.0000590 seconds
2016-06-26T19:49:25.451+0300: 394.688: [GC cleanup 3641M->3641M(5120M), 0.0021947 secs]
 [Times: user=0.06 sys=0.00, real=0.00 secs] 
2016-06-26T19:49:25.453+0300: 394.690: Total time for which application threads were stopped: 0.0039605 seconds, Stopping threads took: 0.0014570 seconds
2016-06-26T19:49:25.583+0300: 394.819: [GC pause (G1 Humongous Allocation) (young) (initial-mark)
Desired survivor size 63963136 bytes, new threshold 15 (max 15)
- age   1:       9184 bytes,       9184 total
- age   2:      39568 bytes,      48752 total
- age   3:         96 bytes,      48848 total
- age   4:      35288 bytes,      84136 total
- age   5:         72 bytes,      84208 total
- age   6:      29712 bytes,     113920 total
- age   8:      23992 bytes,     137912 total
- age  10:      24784 bytes,     162696 total
- age  12:      13232 bytes,     175928 total
- age  13:      12952 bytes,     188880 total
- age  14:       9032 bytes,     197912 total
- age  15:      21568 bytes,     219480 total
, 0.0137803 secs]
   [Parallel Time: 10.8 ms, GC Workers: 4]
      [GC Worker Start (ms): Min: 394821.3, Avg: 394821.3, Max: 394821.3, Diff: 0.0]
      [Ext Root Scanning (ms): Min: 0.4, Avg: 0.4, Max: 0.4, Diff: 0.0, Sum: 1.7]
      [Update RS (ms): Min: 9.5, Avg: 9.5, Max: 9.6, Diff: 0.1, Sum: 38.1]
         [Processed Buffers: Min: 97, Avg: 100.5, Max: 104, Diff: 7, Sum: 402]
      [Scan RS (ms): Min: 0.0, Avg: 0.0, Max: 0.0, Diff: 0.0, Sum: 0.0]
      [Code Root Scanning (ms): Min: 0.0, Avg: 0.0, Max: 0.0, Diff: 0.0, Sum: 0.0]
      [Object Copy (ms): Min: 0.8, Avg: 0.8, Max: 0.9, Diff: 0.1, Sum: 3.3]
      [Termination (ms): Min: 0.0, Avg: 0.0, Max: 0.0, Diff: 0.0, Sum: 0.0]
         [Termination Attempts: Min: 1, Avg: 1.0, Max: 1, Diff: 0, Sum: 4]
      [GC Worker Other (ms): Min: 0.0, Avg: 0.0, Max: 0.0, Diff: 0.0, Sum: 0.1]
      [GC Worker Total (ms): Min: 10.8, Avg: 10.8, Max: 10.8, Diff: 0.0, Sum: 43.2]
      [GC Worker End (ms): Min: 394832.1, Avg: 394832.1, Max: 394832.1, Diff: 0.0]
   [Code Root Fixup: 0.0 ms]
   [Code Root Purge: 0.0 ms]
   [Clear CT: 0.0 ms]
   [Other: 2.9 ms]
      [Choose CSet: 0.0 ms]
      [Ref Proc: 0.1 ms]
      [Ref Enq: 0.0 ms]
      [Redirty Cards: 0.0 ms]
      [Humongous Register: 0.7 ms]
      [Humongous Reclaim: 0.5 ms]
      [Free CSet: 0.0 ms]
   [Eden: 13.0M(972.0M)->0.0B(943.0M) Survivors: 1024.0K->1024.0K Heap: 3703.6M(5120.0M)->3574.5M(5120.0M)]
 [Times: user=0.06 sys=0.00, real=0.01 secs] 
2016-06-26T19:49:25.597+0300: 394.833: [GC concurrent-root-region-scan-start]
2016-06-26T19:49:25.597+0300: 394.833: Total time for which application threads were stopped: 0.0183053 seconds, Stopping threads took: 0.0040379 seconds
2016-06-26T19:49:25.599+0300: 394.835: [GC concurrent-root-region-scan-end, 0.0021100 secs]
2016-06-26T19:49:25.599+0300: 394.835: [GC concurrent-mark-start]
2016-06-26T19:49:25.626+0300: 394.863: [GC concurrent-mark-end, 0.0273421 secs]
2016-06-26T19:49:25.649+0300: 394.886: [GC remark 2016-06-26T19:49:25.649+0300: 394.886: [Finalize Marking, 0.0003678 secs] 2016-06-26T19:49:25.650+0300: 394.886: [GC ref-proc, 0.0001022 secs] 2016-06-26T19:49:25.650+0300: 394.887: [Unloading, 0.0015986 secs], 0.0216342 secs]
 [Times: user=0.13 sys=0.00, real=0.02 secs] 
2016-06-26T19:49:25.671+0300: 394.908: Total time for which application threads were stopped: 0.0264235 seconds, Stopping threads took: 0.0044904 seconds
2016-06-26T19:49:25.871+0300: 395.108: [GC cleanup 3747M->3747M(5120M), 0.0022358 secs]
 [Times: user=0.06 sys=0.00, real=0.00 secs] 
2016-06-26T19:49:25.874+0300: 395.111: Total time for which application threads were stopped: 0.0049621 seconds, Stopping threads took: 0.0021520 seconds
2016-06-26T19:49:27.305+0300: 396.542: Total time for which application threads were stopped: 0.0094631 seconds, Stopping threads took: 0.0086750 seconds
2016-06-26T19:49:27.839+0300: 397.076: [GC pause (G1 Humongous Allocation) (young)
Desired survivor size 61865984 bytes, new threshold 15 (max 15)
- age   1:     224128 bytes,     224128 total
- age   2:       9160 bytes,     233288 total
- age   3:      36776 bytes,     270064 total
- age   4:         96 bytes,     270160 total
- age   5:      34736 bytes,     304896 total
- age   6:         72 bytes,     304968 total
- age   7:      29616 bytes,     334584 total
- age   9:      23760 bytes,     358344 total
- age  11:      24496 bytes,     382840 total
- age  13:      13128 bytes,     395968 total
- age  14:      12880 bytes,     408848 total
- age  15:       9032 bytes,     417880 total
, 0.0511017 secs]
   [Parallel Time: 43.5 ms, GC Workers: 4]
      [GC Worker Start (ms): Min: 397080.8, Avg: 397080.9, Max: 397080.9, Diff: 0.0]
      [Ext Root Scanning (ms): Min: 0.4, Avg: 0.4, Max: 0.4, Diff: 0.0, Sum: 1.6]
      [Update RS (ms): Min: 42.6, Avg: 42.6, Max: 42.6, Diff: 0.0, Sum: 170.3]
         [Processed Buffers: Min: 444, Avg: 451.0, Max: 459, Diff: 15, Sum: 1804]
      [Scan RS (ms): Min: 0.0, Avg: 0.0, Max: 0.0, Diff: 0.0, Sum: 0.0]
      [Code Root Scanning (ms): Min: 0.0, Avg: 0.0, Max: 0.0, Diff: 0.0, Sum: 0.0]
      [Object Copy (ms): Min: 0.4, Avg: 0.4, Max: 0.4, Diff: 0.0, Sum: 1.8]
      [Termination (ms): Min: 0.0, Avg: 0.0, Max: 0.0, Diff: 0.0, Sum: 0.0]
         [Termination Attempts: Min: 1, Avg: 1.0, Max: 1, Diff: 0, Sum: 4]
      [GC Worker Other (ms): Min: 0.0, Avg: 0.0, Max: 0.0, Diff: 0.0, Sum: 0.1]
      [GC Worker Total (ms): Min: 43.4, Avg: 43.4, Max: 43.4, Diff: 0.0, Sum: 173.7]
      [GC Worker End (ms): Min: 397124.3, Avg: 397124.3, Max: 397124.3, Diff: 0.0]
   [Code Root Fixup: 0.0 ms]
   [Code Root Purge: 0.0 ms]
   [Clear CT: 0.0 ms]
   [Other: 7.6 ms]
      [Choose CSet: 0.0 ms]
      [Ref Proc: 0.0 ms]
      [Ref Enq: 0.0 ms]
      [Redirty Cards: 0.0 ms]
      [Humongous Register: 0.8 ms]
      [Humongous Reclaim: 2.2 ms]
      [Free CSet: 0.1 ms]
   [Eden: 63.0M(943.0M)->0.0B(798.0M) Survivors: 1024.0K->1024.0K Heap: 4981.3M(5120.0M)->3717.0M(5120.0M)]
 [Times: user=0.14 sys=0.00, real=0.05 secs] 
2016-06-26T19:49:27.890+0300: 397.127: Total time for which application threads were stopped: 0.0566945 seconds, Stopping threads took: 0.0046666 seconds
2016-06-26T19:49:27.996+0300: 397.233: [GC pause (G1 Humongous Allocation) (young) (initial-mark)
Desired survivor size 52428800 bytes, new threshold 15 (max 15)
- age   1:      30528 bytes,      30528 total
- age   2:      12632 bytes,      43160 total
- age   3:       9120 bytes,      52280 total
- age   4:      33488 bytes,      85768 total
- age   5:         96 bytes,      85864 total
- age   6:      30664 bytes,     116528 total
- age   8:      26112 bytes,     142640 total
- age  10:      21336 bytes,     163976 total
- age  12:      22536 bytes,     186512 total
- age  14:      12560 bytes,     199072 total
- age  15:      12808 bytes,     211880 total
, 0.0075455 secs]
   [Parallel Time: 5.1 ms, GC Workers: 4]
      [GC Worker Start (ms): Min: 397234.3, Avg: 397234.3, Max: 397234.3, Diff: 0.0]
      [Ext Root Scanning (ms): Min: 0.4, Avg: 0.4, Max: 0.5, Diff: 0.0, Sum: 1.8]
      [Update RS (ms): Min: 4.1, Avg: 4.2, Max: 4.3, Diff: 0.2, Sum: 16.8]
         [Processed Buffers: Min: 42, Avg: 43.5, Max: 44, Diff: 2, Sum: 174]
      [Scan RS (ms): Min: 0.0, Avg: 0.0, Max: 0.0, Diff: 0.0, Sum: 0.0]
      [Code Root Scanning (ms): Min: 0.0, Avg: 0.0, Max: 0.0, Diff: 0.0, Sum: 0.0]
      [Object Copy (ms): Min: 0.3, Avg: 0.4, Max: 0.5, Diff: 0.2, Sum: 1.7]
      [Termination (ms): Min: 0.0, Avg: 0.0, Max: 0.0, Diff: 0.0, Sum: 0.0]
         [Termination Attempts: Min: 1, Avg: 1.0, Max: 1, Diff: 0, Sum: 4]
      [GC Worker Other (ms): Min: 0.0, Avg: 0.0, Max: 0.0, Diff: 0.0, Sum: 0.0]
      [GC Worker Total (ms): Min: 5.1, Avg: 5.1, Max: 5.1, Diff: 0.0, Sum: 20.3]
      [GC Worker End (ms): Min: 397239.4, Avg: 397239.4, Max: 397239.4, Diff: 0.0]
   [Code Root Fixup: 0.0 ms]
   [Code Root Purge: 0.0 ms]
   [Clear CT: 0.0 ms]
   [Other: 2.4 ms]
      [Choose CSet: 0.0 ms]
      [Ref Proc: 0.1 ms]
      [Ref Enq: 0.0 ms]
      [Redirty Cards: 0.0 ms]
      [Humongous Register: 0.7 ms]
      [Humongous Reclaim: 0.5 ms]
      [Free CSet: 0.0 ms]
   [Eden: 1024.0K(798.0M)->0.0B(976.0M) Survivors: 1024.0K->1024.0K Heap: 3719.4M(5120.0M)->3543.1M(5120.0M)]
 [Times: user=0.06 sys=0.00, real=0.01 secs] 
2016-06-26T19:49:28.004+0300: 397.241: [GC concurrent-root-region-scan-start]
2016-06-26T19:49:28.004+0300: 397.241: Total time for which application threads were stopped: 0.0081690 seconds, Stopping threads took: 0.0000778 seconds
2016-06-26T19:49:28.005+0300: 397.242: [GC concurrent-root-region-scan-end, 0.0014545 secs]
2016-06-26T19:49:28.005+0300: 397.242: [GC concurrent-mark-start]
2016-06-26T19:49:28.038+0300: 397.275: [GC concurrent-mark-end, 0.0288551 secs]
2016-06-26T19:49:28.069+0300: 397.306: [GC remark 2016-06-26T19:49:28.069+0300: 397.306: [Finalize Marking, 0.0004867 secs] 2016-06-26T19:49:28.070+0300: 397.307: [GC ref-proc, 0.0001052 secs] 2016-06-26T19:49:28.070+0300: 397.307: [Unloading, 0.0018090 secs], 0.0225806 secs]
 [Times: user=0.13 sys=0.00, real=0.02 secs] 
2016-06-26T19:49:28.092+0300: 397.329: Total time for which application threads were stopped: 0.0293700 seconds, Stopping threads took: 0.0064580 seconds
2016-06-26T19:49:28.300+0300: 397.537: Total time for which application threads were stopped: 0.0038912 seconds, Stopping threads took: 0.0030744 seconds
2016-06-26T19:49:28.444+0300: 397.681: [GC cleanup 3797M->3797M(5120M), 0.0022247 secs]
 [Times: user=0.00 sys=0.00, real=0.00 secs] 
2016-06-26T19:49:28.446+0300: 397.683: Total time for which application threads were stopped: 0.0057070 seconds, Stopping threads took: 0.0031783 seconds
2016-06-26T19:49:30.247+0300: 399.483: [GC pause (G1 Humongous Allocation) (young)
Desired survivor size 64487424 bytes, new threshold 15 (max 15)
- age   1:         96 bytes,         96 total
- age   2:      28656 bytes,      28752 total
- age   3:      12520 bytes,      41272 total
- age   4:       9120 bytes,      50392 total
- age   5:      32800 bytes,      83192 total
- age   6:         96 bytes,      83288 total
- age   7:      30120 bytes,     113408 total
- age   9:      26112 bytes,     139520 total
- age  11:      21336 bytes,     160856 total
- age  13:      22536 bytes,     183392 total
- age  15:      12560 bytes,     195952 total
, 0.0574438 secs]
   [Parallel Time: 49.9 ms, GC Workers: 4]
      [GC Worker Start (ms): Min: 399489.2, Avg: 399489.2, Max: 399489.2, Diff: 0.0]
      [Ext Root Scanning (ms): Min: 0.4, Avg: 0.4, Max: 0.4, Diff: 0.0, Sum: 1.6]
      [Update RS (ms): Min: 48.9, Avg: 49.0, Max: 49.0, Diff: 0.0, Sum: 195.8]
         [Processed Buffers: Min: 502, Avg: 517.0, Max: 525, Diff: 23, Sum: 2068]
      [Scan RS (ms): Min: 0.0, Avg: 0.0, Max: 0.0, Diff: 0.0, Sum: 0.0]
      [Code Root Scanning (ms): Min: 0.0, Avg: 0.0, Max: 0.0, Diff: 0.0, Sum: 0.0]
      [Object Copy (ms): Min: 0.4, Avg: 0.4, Max: 0.4, Diff: 0.0, Sum: 1.7]
      [Termination (ms): Min: 0.0, Avg: 0.0, Max: 0.0, Diff: 0.0, Sum: 0.0]
         [Termination Attempts: Min: 1, Avg: 1.0, Max: 1, Diff: 0, Sum: 4]
      [GC Worker Other (ms): Min: 0.0, Avg: 0.0, Max: 0.0, Diff: 0.0, Sum: 0.1]
      [GC Worker Total (ms): Min: 49.8, Avg: 49.8, Max: 49.8, Diff: 0.0, Sum: 199.3]
      [GC Worker End (ms): Min: 399539.0, Avg: 399539.0, Max: 399539.0, Diff: 0.0]
   [Code Root Fixup: 0.0 ms]
   [Code Root Purge: 0.0 ms]
   [Clear CT: 0.1 ms]
   [Other: 7.5 ms]
      [Choose CSet: 0.0 ms]
      [Ref Proc: 0.0 ms]
      [Ref Enq: 0.0 ms]
      [Redirty Cards: 0.0 ms]
      [Humongous Register: 0.8 ms]
      [Humongous Reclaim: 1.5 ms]
      [Free CSet: 0.1 ms]
   [Eden: 65.0M(976.0M)->0.0B(591.0M) Survivors: 1024.0K->1024.0K Heap: 4981.1M(5120.0M)->3920.2M(5120.0M)]
 [Times: user=0.19 sys=0.00, real=0.06 secs] 
2016-06-26T19:49:30.305+0300: 399.541: Total time for which application threads were stopped: 0.0666405 seconds, Stopping threads took: 0.0082110 seconds
2016-06-26T19:49:30.308+0300: 399.544: [GC pause (G1 Humongous Allocation) (young) (initial-mark)
Desired survivor size 38797312 bytes, new threshold 15 (max 15)
- age   1:      41120 bytes,      41120 total
- age   2:         16 bytes,      41136 total
- age   3:      24240 bytes,      65376 total
- age   4:      12336 bytes,      77712 total
- age   5:       9048 bytes,      86760 total
- age   6:      28920 bytes,     115680 total
- age   8:      26464 bytes,     142144 total
- age  10:      24088 bytes,     166232 total
- age  12:      20336 bytes,     186568 total
- age  14:      21928 bytes,     208496 total
, 0.0026006 secs]
   [Parallel Time: 1.0 ms, GC Workers: 4]
      [GC Worker Start (ms): Min: 399545.2, Avg: 399545.2, Max: 399545.2, Diff: 0.0]
      [Ext Root Scanning (ms): Min: 0.5, Avg: 0.5, Max: 0.5, Diff: 0.0, Sum: 1.9]
      [Update RS (ms): Min: 0.0, Avg: 0.0, Max: 0.1, Diff: 0.1, Sum: 0.1]
         [Processed Buffers: Min: 0, Avg: 0.8, Max: 2, Diff: 2, Sum: 3]
      [Scan RS (ms): Min: 0.0, Avg: 0.0, Max: 0.0, Diff: 0.0, Sum: 0.0]
      [Code Root Scanning (ms): Min: 0.0, Avg: 0.0, Max: 0.0, Diff: 0.0, Sum: 0.0]
      [Object Copy (ms): Min: 0.4, Avg: 0.5, Max: 0.5, Diff: 0.1, Sum: 1.8]
      [Termination (ms): Min: 0.0, Avg: 0.0, Max: 0.0, Diff: 0.0, Sum: 0.0]
         [Termination Attempts: Min: 1, Avg: 1.0, Max: 1, Diff: 0, Sum: 4]
      [GC Worker Other (ms): Min: 0.0, Avg: 0.0, Max: 0.0, Diff: 0.0, Sum: 0.0]
      [GC Worker Total (ms): Min: 0.9, Avg: 1.0, Max: 1.0, Diff: 0.0, Sum: 3.8]
      [GC Worker End (ms): Min: 399546.1, Avg: 399546.1, Max: 399546.1, Diff: 0.0]
   [Code Root Fixup: 0.0 ms]
   [Code Root Purge: 0.0 ms]
   [Clear CT: 0.0 ms]
   [Other: 1.6 ms]
      [Choose CSet: 0.0 ms]
      [Ref Proc: 0.0 ms]
      [Ref Enq: 0.0 ms]
      [Redirty Cards: 0.0 ms]
      [Humongous Register: 0.7 ms]
      [Humongous Reclaim: 0.2 ms]
      [Free CSet: 0.0 ms]
   [Eden: 1024.0K(591.0M)->0.0B(590.0M) Survivors: 1024.0K->1024.0K Heap: 3922.6M(5120.0M)->3922.0M(5120.0M)]
 [Times: user=0.00 sys=0.00, real=0.00 secs] 
2016-06-26T19:49:30.311+0300: 399.547: [GC concurrent-root-region-scan-start]
2016-06-26T19:49:30.311+0300: 399.547: Total time for which application threads were stopped: 0.0032737 seconds, Stopping threads took: 0.0000706 seconds
2016-06-26T19:49:30.312+0300: 399.549: [GC concurrent-root-region-scan-end, 0.0014998 secs]
2016-06-26T19:49:30.312+0300: 399.549: [GC concurrent-mark-start]
2016-06-26T19:49:30.338+0300: 399.575: [GC concurrent-mark-end, 0.0256486 secs]
2016-06-26T19:49:30.429+0300: 399.666: Total time for which application threads were stopped: 0.0005453 seconds, Stopping threads took: 0.0000577 seconds
2016-06-26T19:49:31.312+0300: 400.549: Total time for which application threads were stopped: 0.0158972 seconds, Stopping threads took: 0.0149649 seconds
2016-06-26T19:49:31.320+0300: 400.556: Total time for which application threads were stopped: 0.0004165 seconds, Stopping threads took: 0.0000727 seconds
2016-06-26T19:49:31.682+0300: 400.918: [GC remark 2016-06-26T19:49:31.682+0300: 400.918: [Finalize Marking, 0.0049719 secs] 2016-06-26T19:49:31.687+0300: 400.923: [GC ref-proc, 0.0001082 secs] 2016-06-26T19:49:31.687+0300: 400.924: [Unloading, 0.0017371 secs], 0.0283415 secs]
 [Times: user=0.08 sys=0.00, real=0.03 secs] 
2016-06-26T19:49:31.710+0300: 400.947: Total time for which application threads were stopped: 0.0354123 seconds, Stopping threads took: 0.0067681 seconds
2016-06-26T19:49:32.142+0300: 401.379: [GC pause (G1 Humongous Allocation) (young)
Desired survivor size 38797312 bytes, new threshold 15 (max 15)
- age   1:         40 bytes,         40 total
- age   2:      41072 bytes,      41112 total
- age   3:         16 bytes,      41128 total
- age   4:      24240 bytes,      65368 total
- age   5:      12336 bytes,      77704 total
- age   6:       9048 bytes,      86752 total
- age   7:      28920 bytes,     115672 total
- age   9:      26464 bytes,     142136 total
- age  11:      24088 bytes,     166224 total
- age  13:      20336 bytes,     186560 total
- age  15:      21928 bytes,     208488 total
, 0.0254317 secs]
   [Parallel Time: 20.1 ms, GC Workers: 4]
      [GC Worker Start (ms): Min: 401382.0, Avg: 401382.0, Max: 401382.0, Diff: 0.0]
      [Ext Root Scanning (ms): Min: 0.4, Avg: 0.4, Max: 0.4, Diff: 0.0, Sum: 1.5]
      [Update RS (ms): Min: 19.2, Avg: 19.2, Max: 19.3, Diff: 0.0, Sum: 76.9]
         [Processed Buffers: Min: 210, Avg: 215.8, Max: 220, Diff: 10, Sum: 863]
      [Scan RS (ms): Min: 0.0, Avg: 0.0, Max: 0.0, Diff: 0.0, Sum: 0.0]
      [Code Root Scanning (ms): Min: 0.0, Avg: 0.0, Max: 0.0, Diff: 0.0, Sum: 0.0]
      [Object Copy (ms): Min: 0.4, Avg: 0.4, Max: 0.5, Diff: 0.0, Sum: 1.7]
      [Termination (ms): Min: 0.0, Avg: 0.0, Max: 0.0, Diff: 0.0, Sum: 0.0]
         [Termination Attempts: Min: 1, Avg: 1.0, Max: 1, Diff: 0, Sum: 4]
      [GC Worker Other (ms): Min: 0.0, Avg: 0.0, Max: 0.0, Diff: 0.0, Sum: 0.1]
      [GC Worker Total (ms): Min: 20.1, Avg: 20.1, Max: 20.1, Diff: 0.0, Sum: 80.3]
      [GC Worker End (ms): Min: 401402.1, Avg: 401402.1, Max: 401402.1, Diff: 0.0]
   [Code Root Fixup: 0.0 ms]
   [Code Root Purge: 0.0 ms]
   [Clear CT: 0.0 ms]
   [Other: 5.3 ms]
      [Choose CSet: 0.0 ms]
      [Ref Proc: 0.1 ms]
      [Ref Enq: 0.0 ms]
      [Redirty Cards: 0.0 ms]
      [Humongous Register: 0.8 ms]
      [Humongous Reclaim: 2.2 ms]
      [Free CSet: 0.1 ms]
   [Eden: 64.0M(590.0M)->0.0B(1101.0M) Survivors: 1024.0K->1024.0K Heap: 4980.2M(5120.0M)->3422.1M(5120.0M)]
 [Times: user=0.06 sys=0.00, real=0.03 secs] 
2016-06-26T19:49:32.168+0300: 401.405: Total time for which application threads were stopped: 0.0293456 seconds, Stopping threads took: 0.0030167 seconds
2016-06-26T19:49:32.300+0300: 401.537: Total time for which application threads were stopped: 0.0033310 seconds, Stopping threads took: 0.0026258 seconds
2016-06-26T19:49:33.305+0300: 402.542: Total time for which application threads were stopped: 0.0052075 seconds, Stopping threads took: 0.0048885 seconds
2016-06-26T19:49:33.540+0300: 402.777: [GC cleanup 4277M->4277M(5120M), 0.0022037 secs]
 [Times: user=0.00 sys=0.00, real=0.00 secs] 
2016-06-26T19:49:33.543+0300: 402.779: Total time for which application threads were stopped: 0.0089093 seconds, Stopping threads took: 0.0064122 seconds
2016-06-26T19:49:34.304+0300: 403.540: Total time for which application threads were stopped: 0.0065491 seconds, Stopping threads took: 0.0057015 seconds
2016-06-26T19:49:34.732+0300: 403.969: [GC pause (G1 Humongous Allocation) (young)
Desired survivor size 72351744 bytes, new threshold 15 (max 15)
- age   1:      40424 bytes,      40424 total
- age   2:         16 bytes,      40440 total
- age   3:      32728 bytes,      73168 total
- age   4:         16 bytes,      73184 total
- age   5:      19608 bytes,      92792 total
- age   6:      12056 bytes,     104848 total
- age   7:       9048 bytes,     113896 total
- age   8:      25136 bytes,     139032 total
- age  10:      24040 bytes,     163072 total
- age  12:      22632 bytes,     185704 total
- age  14:      19920 bytes,     205624 total
, 0.0567809 secs]
   [Parallel Time: 48.5 ms, GC Workers: 4]
      [GC Worker Start (ms): Min: 403974.5, Avg: 403974.5, Max: 403974.6, Diff: 0.0]
      [Ext Root Scanning (ms): Min: 0.3, Avg: 0.3, Max: 0.4, Diff: 0.0, Sum: 1.4]
      [Update RS (ms): Min: 47.7, Avg: 47.7, Max: 47.8, Diff: 0.1, Sum: 190.8]
         [Processed Buffers: Min: 503, Avg: 509.3, Max: 516, Diff: 13, Sum: 2037]
      [Scan RS (ms): Min: 0.0, Avg: 0.0, Max: 0.0, Diff: 0.0, Sum: 0.0]
      [Code Root Scanning (ms): Min: 0.0, Avg: 0.0, Max: 0.0, Diff: 0.0, Sum: 0.0]
      [Object Copy (ms): Min: 0.4, Avg: 0.4, Max: 0.4, Diff: 0.0, Sum: 1.7]
      [Termination (ms): Min: 0.0, Avg: 0.0, Max: 0.0, Diff: 0.0, Sum: 0.0]
         [Termination Attempts: Min: 1, Avg: 1.0, Max: 1, Diff: 0, Sum: 4]
      [GC Worker Other (ms): Min: 0.0, Avg: 0.0, Max: 0.0, Diff: 0.0, Sum: 0.1]
      [GC Worker Total (ms): Min: 48.5, Avg: 48.5, Max: 48.5, Diff: 0.0, Sum: 194.1]
      [GC Worker End (ms): Min: 404023.1, Avg: 404023.1, Max: 404023.1, Diff: 0.0]
   [Code Root Fixup: 0.0 ms]
   [Code Root Purge: 0.0 ms]
   [Clear CT: 0.0 ms]
   [Other: 8.2 ms]
      [Choose CSet: 0.0 ms]
      [Ref Proc: 0.0 ms]
      [Ref Enq: 0.0 ms]
      [Redirty Cards: 0.0 ms]
      [Humongous Register: 0.8 ms]
      [Humongous Reclaim: 2.2 ms]
      [Free CSet: 0.1 ms]
   [Eden: 62.0M(1101.0M)->0.0B(1129.0M) Survivors: 1024.0K->1024.0K Heap: 4980.2M(5120.0M)->3394.8M(5120.0M)]
 [Times: user=0.20 sys=0.00, real=0.06 secs] 
2016-06-26T19:49:34.789+0300: 404.026: Total time for which application threads were stopped: 0.0620672 seconds, Stopping threads took: 0.0044664 seconds
2016-06-26T19:49:34.801+0300: 404.038: [GC pause (G1 Humongous Allocation) (young) (initial-mark)
Desired survivor size 74448896 bytes, new threshold 15 (max 15)
- age   1:      35312 bytes,      35312 total
- age   2:      34040 bytes,      69352 total
- age   4:      28320 bytes,      97672 total
- age   5:         16 bytes,      97688 total
- age   6:      14632 bytes,     112320 total
- age   7:      11552 bytes,     123872 total
- age   8:       9032 bytes,     132904 total
- age   9:      21616 bytes,     154520 total
- age  11:      22048 bytes,     176568 total
- age  13:      21720 bytes,     198288 total
- age  15:      19816 bytes,     218104 total
, 0.0030607 secs]
   [Parallel Time: 1.3 ms, GC Workers: 4]
      [GC Worker Start (ms): Min: 404038.8, Avg: 404038.8, Max: 404038.8, Diff: 0.0]
      [Ext Root Scanning (ms): Min: 0.4, Avg: 0.4, Max: 0.4, Diff: 0.0, Sum: 1.6]
      [Update RS (ms): Min: 0.4, Avg: 0.4, Max: 0.4, Diff: 0.1, Sum: 1.6]
         [Processed Buffers: Min: 4, Avg: 4.8, Max: 6, Diff: 2, Sum: 19]
      [Scan RS (ms): Min: 0.0, Avg: 0.0, Max: 0.0, Diff: 0.0, Sum: 0.0]
      [Code Root Scanning (ms): Min: 0.0, Avg: 0.0, Max: 0.0, Diff: 0.0, Sum: 0.0]
      [Object Copy (ms): Min: 0.4, Avg: 0.4, Max: 0.5, Diff: 0.1, Sum: 1.7]
      [Termination (ms): Min: 0.0, Avg: 0.0, Max: 0.0, Diff: 0.0, Sum: 0.0]
         [Termination Attempts: Min: 1, Avg: 1.0, Max: 1, Diff: 0, Sum: 4]
      [GC Worker Other (ms): Min: 0.0, Avg: 0.0, Max: 0.0, Diff: 0.0, Sum: 0.0]
      [GC Worker Total (ms): Min: 1.2, Avg: 1.3, Max: 1.3, Diff: 0.0, Sum: 5.0]
      [GC Worker End (ms): Min: 404040.0, Avg: 404040.0, Max: 404040.0, Diff: 0.0]
   [Code Root Fixup: 0.0 ms]
   [Code Root Purge: 0.0 ms]
   [Clear CT: 0.1 ms]
   [Other: 1.7 ms]
      [Choose CSet: 0.0 ms]
      [Ref Proc: 0.0 ms]
      [Ref Enq: 0.0 ms]
      [Redirty Cards: 0.0 ms]
      [Humongous Register: 0.7 ms]
      [Humongous Reclaim: 0.3 ms]
      [Free CSet: 0.0 ms]
   [Eden: 1024.0K(1129.0M)->0.0B(1127.0M) Survivors: 1024.0K->1024.0K Heap: 3397.2M(5120.0M)->3396.7M(5120.0M)]
 [Times: user=0.00 sys=0.00, real=0.00 secs] 
2016-06-26T19:49:34.804+03002016-06-26T19:49:34.804+0300: : 404.041404.041: : [GC concurrent-root-region-scan-start]
Total time for which application threads were stopped: 0.0036227 seconds, Stopping threads took: 0.0000689 seconds
2016-06-26T19:49:34.806+0300: 404.043: [GC concurrent-root-region-scan-end, 0.0015190 secs]
2016-06-26T19:49:34.806+0300: 404.043: [GC concurrent-mark-start]
2016-06-26T19:49:34.838+0300: 404.075: [GC concurrent-mark-end, 0.0321356 secs]
2016-06-26T19:49:34.859+0300: 404.096: [GC remark 2016-06-26T19:49:34.859+0300: 404.096: [Finalize Marking, 0.0003994 secs] 2016-06-26T19:49:34.859+0300: 404.096: [GC ref-proc, 0.0001061 secs] 2016-06-26T19:49:34.860+0300: 404.096: [Unloading, 0.0017683 secs], 0.0208764 secs]
 [Times: user=0.06 sys=0.00, real=0.02 secs] 
2016-06-26T19:49:34.880+0300: 404.117: Total time for which application threads were stopped: 0.0298763 seconds, Stopping threads took: 0.0086818 seconds
2016-06-26T19:49:34.885+0300: 404.121: [GC cleanup 3427M->3427M(5120M), 0.0022302 secs]
 [Times: user=0.00 sys=0.00, real=0.00 secs] 
2016-06-26T19:49:34.887+0300: 404.124: Total time for which application threads were stopped: 0.0028084 seconds, Stopping threads took: 0.0002532 seconds
2016-06-26T19:49:35.303+0300: 404.540: Total time for which application threads were stopped: 0.0057036 seconds, Stopping threads took: 0.0049364 seconds
2016-06-26T19:49:36.316+0300: 405.553: Total time for which application threads were stopped: 0.0134886 seconds, Stopping threads took: 0.0131628 seconds
2016-06-26T19:49:37.333+0300: 406.569: Total time for which application threads were stopped: 0.0173465 seconds, Stopping threads took: 0.0164848 seconds
2016-06-26T19:49:37.545+0300: 406.782: [GC pause (G1 Humongous Allocation) (young)
Desired survivor size 73924608 bytes, new threshold 15 (max 15)
- age   1:         40 bytes,         40 total
- age   2:      35264 bytes,      35304 total
- age   3:      34040 bytes,      69344 total
- age   5:      28320 bytes,      97664 total
- age   6:         16 bytes,      97680 total
- age   7:      14632 bytes,     112312 total
- age   8:      11552 bytes,     123864 total
- age   9:       9032 bytes,     132896 total
- age  10:      21616 bytes,     154512 total
- age  12:      22048 bytes,     176560 total
- age  14:      21720 bytes,     198280 total
, 0.0675890 secs]
   [Parallel Time: 59.3 ms, GC Workers: 4]
      [GC Worker Start (ms): Min: 406787.9, Avg: 406795.8, Max: 406819.6, Diff: 31.6]
      [Ext Root Scanning (ms): Min: 0.0, Avg: 0.3, Max: 0.4, Diff: 0.4, Sum: 1.2]
      [Update RS (ms): Min: 27.2, Avg: 50.6, Max: 58.4, Diff: 31.2, Sum: 202.5]
         [Processed Buffers: Min: 303, Avg: 513.5, Max: 611, Diff: 308, Sum: 2054]
      [Scan RS (ms): Min: 0.0, Avg: 0.0, Max: 0.0, Diff: 0.0, Sum: 0.0]
      [Code Root Scanning (ms): Min: 0.0, Avg: 0.0, Max: 0.0, Diff: 0.0, Sum: 0.0]
      [Object Copy (ms): Min: 0.4, Avg: 0.4, Max: 0.5, Diff: 0.1, Sum: 1.7]
      [Termination (ms): Min: 0.0, Avg: 0.0, Max: 0.0, Diff: 0.0, Sum: 0.0]
         [Termination Attempts: Min: 1, Avg: 1.0, Max: 1, Diff: 0, Sum: 4]
      [GC Worker Other (ms): Min: 0.0, Avg: 0.0, Max: 0.0, Diff: 0.0, Sum: 0.1]
      [GC Worker Total (ms): Min: 27.6, Avg: 51.4, Max: 59.3, Diff: 31.6, Sum: 205.5]
      [GC Worker End (ms): Min: 406847.2, Avg: 406847.2, Max: 406847.2, Diff: 0.0]
   [Code Root Fixup: 0.0 ms]
   [Code Root Purge: 0.0 ms]
   [Clear CT: 0.0 ms]
   [Other: 8.2 ms]
      [Choose CSet: 0.0 ms]
      [Ref Proc: 0.0 ms]
      [Ref Enq: 0.0 ms]
      [Redirty Cards: 0.0 ms]
      [Humongous Register: 0.8 ms]
      [Humongous Reclaim: 2.1 ms]
      [Free CSet: 0.0 ms]
   [Eden: 63.0M(1127.0M)->0.0B(1159.0M) Survivors: 1024.0K->1024.0K Heap: 4981.1M(5120.0M)->3365.6M(5120.0M)]
 [Times: user=0.22 sys=0.00, real=0.07 secs] 
2016-06-26T19:49:37.613+0300: 406.850: Total time for which application threads were stopped: 0.0895020 seconds, Stopping threads took: 0.0210906 seconds
2016-06-26T19:49:37.630+0300: 406.867: [GC pause (G1 Humongous Allocation) (young) (initial-mark)
Desired survivor size 76021760 bytes, new threshold 15 (max 15)
- age   1:      44728 bytes,      44728 total
- age   2:         16 bytes,      44744 total
- age   3:      26136 bytes,      70880 total
- age   4:      28984 bytes,      99864 total
- age   6:      24152 bytes,     124016 total
- age   7:         16 bytes,     124032 total
- age   8:      12264 bytes,     136296 total
- age   9:      11520 bytes,     147816 total
- age  10:       9032 bytes,     156848 total
- age  11:      20232 bytes,     177080 total
- age  13:      21608 bytes,     198688 total
- age  15:      21568 bytes,     220256 total
, 0.0038078 secs]
   [Parallel Time: 2.2 ms, GC Workers: 4]
      [GC Worker Start (ms): Min: 406868.0, Avg: 406868.1, Max: 406868.4, Diff: 0.5]
      [Ext Root Scanning (ms): Min: 0.5, Avg: 0.8, Max: 1.7, Diff: 1.2, Sum: 3.1]
      [Update RS (ms): Min: 0.0, Avg: 0.8, Max: 1.1, Diff: 1.1, Sum: 3.1]
         [Processed Buffers: Min: 0, Avg: 8.8, Max: 13, Diff: 13, Sum: 35]
      [Scan RS (ms): Min: 0.0, Avg: 0.0, Max: 0.0, Diff: 0.0, Sum: 0.0]
      [Code Root Scanning (ms): Min: 0.0, Avg: 0.0, Max: 0.0, Diff: 0.0, Sum: 0.0]
      [Object Copy (ms): Min: 0.0, Avg: 0.4, Max: 0.6, Diff: 0.6, Sum: 1.7]
      [Termination (ms): Min: 0.0, Avg: 0.0, Max: 0.1, Diff: 0.1, Sum: 0.2]
         [Termination Attempts: Min: 1, Avg: 1.0, Max: 1, Diff: 0, Sum: 4]
      [GC Worker Other (ms): Min: 0.0, Avg: 0.0, Max: 0.0, Diff: 0.0, Sum: 0.0]
      [GC Worker Total (ms): Min: 1.7, Avg: 2.0, Max: 2.1, Diff: 0.5, Sum: 8.1]
      [GC Worker End (ms): Min: 406870.1, Avg: 406870.1, Max: 406870.1, Diff: 0.0]
   [Code Root Fixup: 0.0 ms]
   [Code Root Purge: 0.0 ms]
   [Clear CT: 0.0 ms]
   [Other: 1.6 ms]
      [Choose CSet: 0.0 ms]
      [Ref Proc: 0.1 ms]
      [Ref Enq: 0.0 ms]
      [Redirty Cards: 0.0 ms]
      [Humongous Register: 0.6 ms]
      [Humongous Reclaim: 0.2 ms]
      [Free CSet: 0.0 ms]
   [Eden: 1024.0K(1159.0M)->0.0B(1158.0M) Survivors: 1024.0K->1024.0K Heap: 3368.0M(5120.0M)->3367.4M(5120.0M)]
 [Times: user=0.00 sys=0.00, real=0.00 secs] 
2016-06-26T19:49:37.634+0300: 406.871: [GC concurrent-root-region-scan-start]
2016-06-26T19:49:37.634+0300: 406.871: Total time for which application threads were stopped: 0.0043090 seconds, Stopping threads took: 0.0000594 seconds
2016-06-26T19:49:37.636+0300: 406.873: [GC concurrent-root-region-scan-end, 0.0014985 secs]
2016-06-26T19:49:37.636+0300: 406.873: [GC concurrent-mark-start]
2016-06-26T19:49:37.662+0300: 406.899: [GC concurrent-mark-end, 0.0258414 secs]
2016-06-26T19:49:37.682+0300: 406.918: [GC remark 2016-06-26T19:49:37.682+0300: 406.919: [Finalize Marking, 0.0002912 secs] 2016-06-26T19:49:37.682+0300: 406.919: [GC ref-proc, 0.0001022 secs] 2016-06-26T19:49:37.682+0300: 406.919: [Unloading, 0.0020147 secs], 0.0264761 secs]
 [Times: user=0.09 sys=0.00, real=0.03 secs] 
2016-06-26T19:49:37.708+0300: 406.945: Total time for which application threads were stopped: 0.0339438 seconds, Stopping threads took: 0.0072081 seconds
2016-06-26T19:49:37.718+0300: 406.955: [GC cleanup 3384M->3384M(5120M), 0.0022118 secs]
 [Times: user=0.00 sys=0.00, real=0.00 secs] 
2016-06-26T19:49:37.720+0300: 406.957: Total time for which application threads were stopped: 0.0025424 seconds, Stopping threads took: 0.0000676 seconds
2016-06-26T19:49:38.322+0300: 407.559: Total time for which application threads were stopped: 0.0064165 seconds, Stopping threads took: 0.0056121 seconds
2016-06-26T19:49:39.326+0300: 408.563: Total time for which application threads were stopped: 0.0044626 seconds, Stopping threads took: 0.0041440 seconds
2016-06-26T19:49:40.238+0300: 409.474: [GC pause (G1 Humongous Allocation) (young)
Desired survivor size 76021760 bytes, new threshold 15 (max 15)
- age   1:         40 bytes,         40 total
- age   2:      44680 bytes,      44720 total
- age   3:         16 bytes,      44736 total
- age   4:      26136 bytes,      70872 total
- age   5:      28984 bytes,      99856 total
- age   7:      24152 bytes,     124008 total
- age   8:         16 bytes,     124024 total
- age   9:      12264 bytes,     136288 total
- age  10:      11520 bytes,     147808 total
- age  11:       9032 bytes,     156840 total
- age  12:      20232 bytes,     177072 total
- age  14:      21608 bytes,     198680 total
, 0.0563824 secs]
   [Parallel Time: 48.0 ms, GC Workers: 4]
      [GC Worker Start (ms): Min: 409480.3, Avg: 409480.3, Max: 409480.3, Diff: 0.0]
      [Ext Root Scanning (ms): Min: 0.4, Avg: 0.4, Max: 0.4, Diff: 0.0, Sum: 1.5]
      [Update RS (ms): Min: 47.1, Avg: 47.1, Max: 47.2, Diff: 0.1, Sum: 188.5]
         [Processed Buffers: Min: 502, Avg: 505.5, Max: 509, Diff: 7, Sum: 2022]
      [Scan RS (ms): Min: 0.0, Avg: 0.0, Max: 0.0, Diff: 0.0, Sum: 0.0]
      [Code Root Scanning (ms): Min: 0.0, Avg: 0.0, Max: 0.0, Diff: 0.0, Sum: 0.0]
      [Object Copy (ms): Min: 0.4, Avg: 0.4, Max: 0.4, Diff: 0.1, Sum: 1.7]
      [Termination (ms): Min: 0.0, Avg: 0.0, Max: 0.0, Diff: 0.0, Sum: 0.0]
         [Termination Attempts: Min: 1, Avg: 1.3, Max: 2, Diff: 1, Sum: 5]
      [GC Worker Other (ms): Min: 0.0, Avg: 0.0, Max: 0.0, Diff: 0.0, Sum: 0.1]
      [GC Worker Total (ms): Min: 48.0, Avg: 48.0, Max: 48.0, Diff: 0.0, Sum: 191.8]
      [GC Worker End (ms): Min: 409528.2, Avg: 409528.2, Max: 409528.2, Diff: 0.0]
   [Code Root Fixup: 0.0 ms]
   [Code Root Purge: 0.0 ms]
   [Clear CT: 0.0 ms]
   [Other: 8.3 ms]
      [Choose CSet: 0.0 ms]
      [Ref Proc: 0.0 ms]
      [Ref Enq: 0.0 ms]
      [Redirty Cards: 0.0 ms]
      [Humongous Register: 1.1 ms]
      [Humongous Reclaim: 2.1 ms]
      [Free CSet: 0.1 ms]
   [Eden: 63.0M(1158.0M)->0.0B(1070.0M) Survivors: 1024.0K->1024.0K Heap: 4981.2M(5120.0M)->3453.4M(5120.0M)]
 [Times: user=0.19 sys=0.00, real=0.06 secs] 
2016-06-26T19:49:40.294+0300: 409.531: Total time for which application threads were stopped: 0.0633826 seconds, Stopping threads took: 0.0060962 seconds
2016-06-26T19:49:40.303+0300: 409.540: [GC pause (G1 Humongous Allocation) (young) (initial-mark)
Desired survivor size 70254592 bytes, new threshold 15 (max 15)
- age   1:      41048 bytes,      41048 total
- age   2:         16 bytes,      41064 total
- age   3:      36768 bytes,      77832 total
- age   4:         16 bytes,      77848 total
- age   5:      20256 bytes,      98104 total
- age   6:      24960 bytes,     123064 total
- age   8:      21560 bytes,     144624 total
- age   9:         16 bytes,     144640 total
- age  10:      11184 bytes,     155824 total
- age  11:      11496 bytes,     167320 total
- age  12:       9032 bytes,     176352 total
- age  13:      19984 bytes,     196336 total
- age  15:      21568 bytes,     217904 total
, 0.0030094 secs]
   [Parallel Time: 1.3 ms, GC Workers: 4]
      [GC Worker Start (ms): Min: 409540.5, Avg: 409540.5, Max: 409540.6, Diff: 0.0]
      [Ext Root Scanning (ms): Min: 0.4, Avg: 0.4, Max: 0.5, Diff: 0.0, Sum: 1.8]
      [Update RS (ms): Min: 0.4, Avg: 0.4, Max: 0.5, Diff: 0.1, Sum: 1.6]
         [Processed Buffers: Min: 4, Avg: 4.8, Max: 6, Diff: 2, Sum: 19]
      [Scan RS (ms): Min: 0.0, Avg: 0.0, Max: 0.0, Diff: 0.0, Sum: 0.0]
      [Code Root Scanning (ms): Min: 0.0, Avg: 0.0, Max: 0.0, Diff: 0.0, Sum: 0.0]
      [Object Copy (ms): Min: 0.4, Avg: 0.4, Max: 0.5, Diff: 0.1, Sum: 1.7]
      [Termination (ms): Min: 0.0, Avg: 0.0, Max: 0.0, Diff: 0.0, Sum: 0.0]
         [Termination Attempts: Min: 1, Avg: 1.0, Max: 1, Diff: 0, Sum: 4]
      [GC Worker Other (ms): Min: 0.0, Avg: 0.0, Max: 0.0, Diff: 0.0, Sum: 0.0]
      [GC Worker Total (ms): Min: 1.3, Avg: 1.3, Max: 1.3, Diff: 0.0, Sum: 5.2]
      [GC Worker End (ms): Min: 409541.8, Avg: 409541.8, Max: 409541.8, Diff: 0.0]
   [Code Root Fixup: 0.0 ms]
   [Code Root Purge: 0.0 ms]
   [Clear CT: 0.0 ms]
   [Other: 1.6 ms]
      [Choose CSet: 0.0 ms]
      [Ref Proc: 0.0 ms]
      [Ref Enq: 0.0 ms]
      [Redirty Cards: 0.0 ms]
      [Humongous Register: 0.6 ms]
      [Humongous Reclaim: 0.2 ms]
      [Free CSet: 0.0 ms]
   [Eden: 1024.0K(1070.0M)->0.0B(1068.0M) Survivors: 1024.0K->1024.0K Heap: 3455.9M(5120.0M)->3455.3M(5120.0M)]
 [Times: user=0.00 sys=0.00, real=0.00 secs] 
2016-06-26T19:49:40.306+0300: 409.543: [GC concurrent-root-region-scan-start]
2016-06-26T19:49:40.306+0300: 409.543: Total time for which application threads were stopped: 0.0036735 seconds, Stopping threads took: 0.0001095 seconds
2016-06-26T19:49:40.308+0300: 409.544: [GC concurrent-root-region-scan-end, 0.0014010 secs]
2016-06-26T19:49:40.308+0300: 409.544: [GC concurrent-mark-start]
2016-06-26T19:49:40.317+0300: 409.554: Total time for which application threads were stopped: 0.0010148 seconds, Stopping threads took: 0.0001035 seconds
2016-06-26T19:49:40.338+0300: 409.574: [GC concurrent-mark-end, 0.0301004 secs]
2016-06-26T19:49:41.258+0300: 410.495: [GC remark 2016-06-26T19:49:41.258+0300: 410.495: [Finalize Marking, 0.0042184 secs] 2016-06-26T19:49:41.262+0300: 410.499: [GC ref-proc, 0.0001073 secs] 2016-06-26T19:49:41.262+0300: 410.499: [Unloading, 0.0018180 secs], 0.0252564 secs]
 [Times: user=0.13 sys=0.00, real=0.03 secs] 
2016-06-26T19:49:41.283+0300: 410.520: Total time for which application threads were stopped: 0.0322631 seconds, Stopping threads took: 0.0065718 seconds
2016-06-26T19:49:41.327+0300: 410.564: Total time for which application threads were stopped: 0.0009323 seconds, Stopping threads took: 0.0000744 seconds
2016-06-26T19:49:41.601+0300: 410.838: [GC cleanup 4239M->4239M(5120M), 0.0021378 secs]
 [Times: user=0.00 sys=0.00, real=0.00 secs] 
2016-06-26T19:49:41.603+0300: 410.840: Total time for which application threads were stopped: 0.0077671 seconds, Stopping threads took: 0.0053431 seconds
2016-06-26T19:49:42.324+0300: 411.560: Total time for which application threads were stopped: 0.0064148 seconds, Stopping threads took: 0.0055976 seconds
2016-06-26T19:49:42.810+0300: 412.047: [GC pause (G1 Humongous Allocation) (young)
Desired survivor size 70254592 bytes, new threshold 15 (max 15)
- age   1:         40 bytes,         40 total
- age   2:      40976 bytes,      41016 total
- age   3:         16 bytes,      41032 total
- age   4:      36768 bytes,      77800 total
- age   5:         16 bytes,      77816 total
- age   6:      20256 bytes,      98072 total
- age   7:      24960 bytes,     123032 total
- age   9:      21560 bytes,     144592 total
- age  10:         16 bytes,     144608 total
- age  11:      11184 bytes,     155792 total
- age  12:      11496 bytes,     167288 total
- age  13:       9032 bytes,     176320 total
- age  14:      19984 bytes,     196304 total
, 0.0592472 secs]
   [Parallel Time: 50.7 ms, GC Workers: 4]
      [GC Worker Start (ms): Min: 412053.2, Avg: 412053.3, Max: 412053.4, Diff: 0.1]
      [Ext Root Scanning (ms): Min: 0.3, Avg: 0.4, Max: 0.4, Diff: 0.1, Sum: 1.5]
      [Update RS (ms): Min: 49.6, Avg: 49.7, Max: 49.7, Diff: 0.1, Sum: 198.7]
         [Processed Buffers: Min: 510, Avg: 517.8, Max: 522, Diff: 12, Sum: 2071]
      [Scan RS (ms): Min: 0.0, Avg: 0.0, Max: 0.0, Diff: 0.0, Sum: 0.0]
      [Code Root Scanning (ms): Min: 0.0, Avg: 0.0, Max: 0.0, Diff: 0.0, Sum: 0.0]
      [Object Copy (ms): Min: 0.6, Avg: 0.6, Max: 0.6, Diff: 0.1, Sum: 2.4]
      [Termination (ms): Min: 0.0, Avg: 0.0, Max: 0.0, Diff: 0.0, Sum: 0.0]
         [Termination Attempts: Min: 1, Avg: 1.0, Max: 1, Diff: 0, Sum: 4]
      [GC Worker Other (ms): Min: 0.0, Avg: 0.0, Max: 0.0, Diff: 0.0, Sum: 0.1]
      [GC Worker Total (ms): Min: 50.6, Avg: 50.7, Max: 50.7, Diff: 0.1, Sum: 202.7]
      [GC Worker End (ms): Min: 412103.9, Avg: 412103.9, Max: 412103.9, Diff: 0.0]
   [Code Root Fixup: 0.0 ms]
   [Code Root Purge: 0.0 ms]
   [Clear CT: 0.0 ms]
   [Other: 8.4 ms]
      [Choose CSet: 0.0 ms]
      [Ref Proc: 0.1 ms]
      [Ref Enq: 0.0 ms]
      [Redirty Cards: 0.0 ms]
      [Humongous Register: 0.8 ms]
      [Humongous Reclaim: 1.9 ms]
      [Free CSet: 0.1 ms]
   [Eden: 64.0M(1068.0M)->0.0B(952.0M) Survivors: 1024.0K->1024.0K Heap: 4979.7M(5120.0M)->3568.7M(5120.0M)]
 [Times: user=0.20 sys=0.00, real=0.06 secs] 
2016-06-26T19:49:42.870+0300: 412.106: Total time for which application threads were stopped: 0.0698706 seconds, Stopping threads took: 0.0096936 seconds
2016-06-26T19:49:42.873+0300: 412.110: [GC pause (G1 Humongous Allocation) (young) (initial-mark)
Desired survivor size 62914560 bytes, new threshold 15 (max 15)
- age   1:     145680 bytes,     145680 total
- age   3:      33144 bytes,     178824 total
- age   4:         16 bytes,     178840 total
- age   5:      31312 bytes,     210152 total
- age   6:         16 bytes,     210168 total
- age   7:      16752 bytes,     226920 total
- age   8:      22920 bytes,     249840 total
- age  10:      19928 bytes,     269768 total
- age  12:      10896 bytes,     280664 total
- age  13:      11496 bytes,     292160 total
- age  14:       9032 bytes,     301192 total
- age  15:      19880 bytes,     321072 total
, 0.0037086 secs]
   [Parallel Time: 1.9 ms, GC Workers: 4]
      [GC Worker Start (ms): Min: 412111.2, Avg: 412111.2, Max: 412111.2, Diff: 0.0]
      [Ext Root Scanning (ms): Min: 0.4, Avg: 0.4, Max: 0.4, Diff: 0.0, Sum: 1.7]
      [Update RS (ms): Min: 0.7, Avg: 0.8, Max: 0.8, Diff: 0.1, Sum: 3.1]
         [Processed Buffers: Min: 8, Avg: 8.8, Max: 10, Diff: 2, Sum: 35]
      [Scan RS (ms): Min: 0.0, Avg: 0.0, Max: 0.0, Diff: 0.0, Sum: 0.0]
      [Code Root Scanning (ms): Min: 0.0, Avg: 0.0, Max: 0.0, Diff: 0.0, Sum: 0.0]
      [Object Copy (ms): Min: 0.5, Avg: 0.6, Max: 0.6, Diff: 0.1, Sum: 2.4]
      [Termination (ms): Min: 0.0, Avg: 0.0, Max: 0.0, Diff: 0.0, Sum: 0.0]
         [Termination Attempts: Min: 1, Avg: 1.0, Max: 1, Diff: 0, Sum: 4]
      [GC Worker Other (ms): Min: 0.0, Avg: 0.0, Max: 0.0, Diff: 0.0, Sum: 0.0]
      [GC Worker Total (ms): Min: 1.8, Avg: 1.8, Max: 1.8, Diff: 0.0, Sum: 7.3]
      [GC Worker End (ms): Min: 412113.0, Avg: 412113.0, Max: 412113.0, Diff: 0.0]
   [Code Root Fixup: 0.0 ms]
   [Code Root Purge: 0.0 ms]
   [Clear CT: 0.0 ms]
   [Other: 1.8 ms]
      [Choose CSet: 0.0 ms]
      [Ref Proc: 0.1 ms]
      [Ref Enq: 0.0 ms]
      [Redirty Cards: 0.0 ms]
      [Humongous Register: 0.7 ms]
      [Humongous Reclaim: 0.3 ms]
      [Free CSet: 0.0 ms]
   [Eden: 1024.0K(952.0M)->0.0B(948.0M) Survivors: 1024.0K->1024.0K Heap: 3573.1M(5120.0M)->3572.8M(5120.0M)]
 [Times: user=0.00 sys=0.00, real=0.00 secs] 
2016-06-26T19:49:42.877+0300: 412.114: [GC concurrent-root-region-scan-start]
2016-06-26T19:49:42.877+0300: 412.114: Total time for which application threads were stopped: 0.0043099 seconds, Stopping threads took: 0.0000663 seconds
2016-06-26T19:49:42.879+0300: 412.116: [GC concurrent-root-region-scan-end, 0.0017914 secs]
2016-06-26T19:49:42.879+0300: 412.116: [GC concurrent-mark-start]
2016-06-26T19:49:42.911+0300: 412.147: [GC concurrent-mark-end, 0.0314659 secs]
2016-06-26T19:49:42.919+0300: 412.156: [GC remark 2016-06-26T19:49:42.919+0300: 412.156: [Finalize Marking, 0.0003622 secs] 2016-06-26T19:49:42.920+0300: 412.156: [GC ref-proc, 0.0001039 secs] 2016-06-26T19:49:42.920+0300: 412.156: [Unloading, 0.0017649 secs], 0.0218967 secs]
 [Times: user=0.13 sys=0.00, real=0.02 secs] 
2016-06-26T19:49:42.941+0300: 412.178: Total time for which application threads were stopped: 0.0266574 seconds, Stopping threads took: 0.0044198 seconds
2016-06-26T19:49:42.944+0300: 412.180: [GC cleanup 3598M->3598M(5120M), 0.0022559 secs]
 [Times: user=0.00 sys=0.00, real=0.00 secs] 
2016-06-26T19:49:42.946+0300: 412.183: Total time for which application threads were stopped: 0.0026639 seconds, Stopping threads took: 0.0000594 seconds
2016-06-26T19:49:44.750+0300: 413.987: Total time for which application threads were stopped: 0.0101474 seconds, Stopping threads took: 0.0098023 seconds
2016-06-26T19:49:44.751+0300: 413.988: Total time for which application threads were stopped: 0.0010747 seconds, Stopping threads took: 0.0000385 seconds
2016-06-26T19:49:45.160+0300: 414.397: [GC pause (G1 Humongous Allocation) (young)
Desired survivor size 62390272 bytes, new threshold 15 (max 15)
- age   1:         40 bytes,         40 total
- age   2:     145656 bytes,     145696 total
- age   4:      33144 bytes,     178840 total
- age   5:         16 bytes,     178856 total
- age   6:      31312 bytes,     210168 total
- age   7:         16 bytes,     210184 total
- age   8:      16752 bytes,     226936 total
- age   9:      22920 bytes,     249856 total
- age  11:      19928 bytes,     269784 total
- age  13:      10896 bytes,     280680 total
- age  14:      11496 bytes,     292176 total
- age  15:       9032 bytes,     301208 total
, 0.0581272 secs]
   [Parallel Time: 50.0 ms, GC Workers: 4]
      [GC Worker Start (ms): Min: 414402.3, Avg: 414402.3, Max: 414402.3, Diff: 0.0]
      [Ext Root Scanning (ms): Min: 0.3, Avg: 0.3, Max: 0.4, Diff: 0.0, Sum: 1.4]
      [Update RS (ms): Min: 48.8, Avg: 48.9, Max: 48.9, Diff: 0.1, Sum: 195.4]
         [Processed Buffers: Min: 514, Avg: 517.5, Max: 520, Diff: 6, Sum: 2070]
      [Scan RS (ms): Min: 0.0, Avg: 0.0, Max: 0.0, Diff: 0.0, Sum: 0.0]
      [Code Root Scanning (ms): Min: 0.0, Avg: 0.0, Max: 0.0, Diff: 0.0, Sum: 0.0]
      [Object Copy (ms): Min: 0.7, Avg: 0.7, Max: 0.8, Diff: 0.0, Sum: 3.0]
      [Termination (ms): Min: 0.0, Avg: 0.0, Max: 0.0, Diff: 0.0, Sum: 0.0]
         [Termination Attempts: Min: 1, Avg: 1.0, Max: 1, Diff: 0, Sum: 4]
      [GC Worker Other (ms): Min: 0.0, Avg: 0.0, Max: 0.0, Diff: 0.0, Sum: 0.1]
      [GC Worker Total (ms): Min: 50.0, Avg: 50.0, Max: 50.0, Diff: 0.0, Sum: 199.9]
      [GC Worker End (ms): Min: 414452.2, Avg: 414452.2, Max: 414452.2, Diff: 0.0]
   [Code Root Fixup: 0.0 ms]
   [Code Root Purge: 0.0 ms]
   [Clear CT: 0.0 ms]
   [Other: 8.0 ms]
      [Choose CSet: 0.0 ms]
      [Ref Proc: 0.0 ms]
      [Ref Enq: 0.0 ms]
      [Redirty Cards: 0.0 ms]
      [Humongous Register: 0.8 ms]
      [Humongous Reclaim: 2.2 ms]
      [Free CSet: 0.1 ms]
   [Eden: 62.0M(948.0M)->0.0B(1190.0M) Survivors: 1024.0K->1024.0K Heap: 4980.5M(5120.0M)->3336.5M(5120.0M)]
 [Times: user=0.20 sys=0.00, real=0.06 secs] 
2016-06-26T19:49:45.218+0300: 414.455: Total time for which application threads were stopped: 0.0663095 seconds, Stopping threads took: 0.0073959 seconds
2016-06-26T19:49:45.222+0300: 414.458: [GC pause (G1 Humongous Allocation) (young) (initial-mark)
Desired survivor size 78118912 bytes, new threshold 15 (max 15)
- age   1:     232072 bytes,     232072 total
- age   2:         16 bytes,     232088 total
- age   3:      37784 bytes,     269872 total
- age   5:      27776 bytes,     297648 total
- age   6:         16 bytes,     297664 total
- age   7:      25336 bytes,     323000 total
- age   8:         16 bytes,     323016 total
- age   9:      14056 bytes,     337072 total
- age  10:      21776 bytes,     358848 total
- age  12:      19888 bytes,     378736 total
- age  14:      10896 bytes,     389632 total
- age  15:      11496 bytes,     401128 total
, 0.0037313 secs]
   [Parallel Time: 2.0 ms, GC Workers: 4]
      [GC Worker Start (ms): Min: 414459.1, Avg: 414459.2, Max: 414459.2, Diff: 0.0]
      [Ext Root Scanning (ms): Min: 0.4, Avg: 0.4, Max: 0.4, Diff: 0.0, Sum: 1.6]
      [Update RS (ms): Min: 0.7, Avg: 0.8, Max: 0.8, Diff: 0.1, Sum: 3.2]
         [Processed Buffers: Min: 8, Avg: 8.8, Max: 10, Diff: 2, Sum: 35]
      [Scan RS (ms): Min: 0.0, Avg: 0.0, Max: 0.0, Diff: 0.0, Sum: 0.0]
      [Code Root Scanning (ms): Min: 0.0, Avg: 0.0, Max: 0.0, Diff: 0.0, Sum: 0.0]
      [Object Copy (ms): Min: 0.7, Avg: 0.7, Max: 0.8, Diff: 0.1, Sum: 2.9]
      [Termination (ms): Min: 0.0, Avg: 0.0, Max: 0.0, Diff: 0.0, Sum: 0.0]
         [Termination Attempts: Min: 1, Avg: 1.0, Max: 1, Diff: 0, Sum: 4]
      [GC Worker Other (ms): Min: 0.0, Avg: 0.0, Max: 0.0, Diff: 0.0, Sum: 0.0]
      [GC Worker Total (ms): Min: 1.9, Avg: 1.9, Max: 1.9, Diff: 0.0, Sum: 7.7]
      [GC Worker End (ms): Min: 414461.1, Avg: 414461.1, Max: 414461.1, Diff: 0.0]
   [Code Root Fixup: 0.0 ms]
   [Code Root Purge: 0.0 ms]
   [Clear CT: 0.0 ms]
   [Other: 1.7 ms]
      [Choose CSet: 0.0 ms]
      [Ref Proc: 0.0 ms]
      [Ref Enq: 0.0 ms]
      [Redirty Cards: 0.0 ms]
      [Humongous Register: 0.6 ms]
      [Humongous Reclaim: 0.3 ms]
      [Free CSet: 0.0 ms]
   [Eden: 1024.0K(1190.0M)->0.0B(1188.0M) Survivors: 1024.0K->1024.0K Heap: 3339.0M(5120.0M)->3338.6M(5120.0M)]
 [Times: user=0.00 sys=0.00, real=0.00 secs] 
2016-06-26T19:49:45.226+0300: 414.462: [GC concurrent-root-region-scan-start]
2016-06-26T19:49:45.226+0300: 414.462: Total time for which application threads were stopped: 0.0042834 seconds, Stopping threads took: 0.0000693 seconds
2016-06-26T19:49:45.227+0300: 414.464: [GC concurrent-root-region-scan-end, 0.0018834 secs]
2016-06-26T19:49:45.227+0300: 414.464: [GC concurrent-mark-start]
2016-06-26T19:49:45.260+0300: 414.497: [GC concurrent-mark-end, 0.0297617 secs]
2016-06-26T19:49:45.288+0300: 414.524: [GC remark 2016-06-26T19:49:45.288+0300: 414.524: [Finalize Marking, 0.0004144 secs] 2016-06-26T19:49:45.288+0300: 414.525: [GC ref-proc, 0.0001082 secs] 2016-06-26T19:49:45.288+0300: 414.525: [Unloading, 0.0017029 secs], 0.0205552 secs]
 [Times: user=0.06 sys=0.00, real=0.02 secs] 
2016-06-26T19:49:45.308+0300: 414.545: Total time for which application threads were stopped: 0.0249275 seconds, Stopping threads took: 0.0040815 seconds
2016-06-26T19:49:45.312+0300: 414.548: [GC cleanup 3374M->3374M(5120M), 0.0022811 secs]
 [Times: user=0.00 sys=0.00, real=0.00 secs] 
2016-06-26T19:49:45.314+0300: 414.551: Total time for which application threads were stopped: 0.0027840 seconds, Stopping threads took: 0.0002083 seconds
2016-06-26T19:49:46.320+0300: 415.557: Total time for which application threads were stopped: 0.0062775 seconds, Stopping threads took: 0.0059508 seconds
2016-06-26T19:49:47.833+0300: 417.070: [GC pause (G1 Humongous Allocation) (young)
Desired survivor size 78118912 bytes, new threshold 15 (max 15)
- age   1:         40 bytes,         40 total
- age   2:     232048 bytes,     232088 total
- age   3:         16 bytes,     232104 total
- age   4:      37784 bytes,     269888 total
- age   6:      27776 bytes,     297664 total
- age   7:         16 bytes,     297680 total
- age   8:      25336 bytes,     323016 total
- age   9:         16 bytes,     323032 total
- age  10:      14056 bytes,     337088 total
- age  11:      21776 bytes,     358864 total
- age  13:      19888 bytes,     378752 total
- age  15:      10896 bytes,     389648 total
, 0.0578787 secs]
   [Parallel Time: 49.9 ms, GC Workers: 4]
      [GC Worker Start (ms): Min: 417075.4, Avg: 417075.4, Max: 417075.4, Diff: 0.0]
      [Ext Root Scanning (ms): Min: 0.4, Avg: 0.4, Max: 0.4, Diff: 0.0, Sum: 1.6]
      [Update RS (ms): Min: 48.9, Avg: 49.0, Max: 49.0, Diff: 0.1, Sum: 196.0]
         [Processed Buffers: Min: 516, Avg: 521.5, Max: 526, Diff: 10, Sum: 2086]
      [Scan RS (ms): Min: 0.0, Avg: 0.0, Max: 0.0, Diff: 0.0, Sum: 0.0]
      [Code Root Scanning (ms): Min: 0.0, Avg: 0.0, Max: 0.0, Diff: 0.0, Sum: 0.0]
      [Object Copy (ms): Min: 0.4, Avg: 0.4, Max: 0.4, Diff: 0.0, Sum: 1.7]
      [Termination (ms): Min: 0.0, Avg: 0.0, Max: 0.0, Diff: 0.0, Sum: 0.0]
         [Termination Attempts: Min: 1, Avg: 1.0, Max: 1, Diff: 0, Sum: 4]
      [GC Worker Other (ms): Min: 0.0, Avg: 0.0, Max: 0.0, Diff: 0.0, Sum: 0.1]
      [GC Worker Total (ms): Min: 49.9, Avg: 49.9, Max: 49.9, Diff: 0.0, Sum: 199.5]
      [GC Worker End (ms): Min: 417125.3, Avg: 417125.3, Max: 417125.3, Diff: 0.0]
   [Code Root Fixup: 0.0 ms]
   [Code Root Purge: 0.0 ms]
   [Clear CT: 0.0 ms]
   [Other: 7.9 ms]
      [Choose CSet: 0.0 ms]
      [Ref Proc: 0.1 ms]
      [Ref Enq: 0.0 ms]
      [Redirty Cards: 0.0 ms]
      [Humongous Register: 0.8 ms]
      [Humongous Reclaim: 1.9 ms]
      [Free CSet: 0.1 ms]
   [Eden: 63.0M(1188.0M)->0.0B(950.0M) Survivors: 1024.0K->1024.0K Heap: 4981.7M(5120.0M)->3570.7M(5120.0M)]
 [Times: user=0.20 sys=0.00, real=0.06 secs] 
2016-06-26T19:49:47.891+0300: 417.128: Total time for which application threads were stopped: 0.0646160 seconds, Stopping threads took: 0.0057571 seconds
2016-06-26T19:49:47.894+0300: 417.130: [GC pause (G1 Humongous Allocation) (young) (initial-mark)
Desired survivor size 62390272 bytes, new threshold 15 (max 15)
- age   1:      38712 bytes,      38712 total
- age   2:         16 bytes,      38728 total
- age   3:      35088 bytes,      73816 total
- age   4:         16 bytes,      73832 total
- age   5:      32344 bytes,     106176 total
- age   7:      23160 bytes,     129336 total
- age   9:      23032 bytes,     152368 total
- age  11:      12656 bytes,     165024 total
- age  12:      21752 bytes,     186776 total
- age  14:      19888 bytes,     206664 total
, 0.0034986 secs]
   [Parallel Time: 1.8 ms, GC Workers: 4]
      [GC Worker Start (ms): Min: 417131.4, Avg: 417131.4, Max: 417131.4, Diff: 0.0]
      [Ext Root Scanning (ms): Min: 0.4, Avg: 0.5, Max: 0.5, Diff: 0.0, Sum: 1.9]
      [Update RS (ms): Min: 0.8, Avg: 0.8, Max: 0.9, Diff: 0.1, Sum: 3.2]
         [Processed Buffers: Min: 8, Avg: 8.8, Max: 10, Diff: 2, Sum: 35]
      [Scan RS (ms): Min: 0.0, Avg: 0.0, Max: 0.0, Diff: 0.0, Sum: 0.0]
      [Code Root Scanning (ms): Min: 0.0, Avg: 0.0, Max: 0.0, Diff: 0.0, Sum: 0.0]
      [Object Copy (ms): Min: 0.4, Avg: 0.4, Max: 0.5, Diff: 0.1, Sum: 1.8]
      [Termination (ms): Min: 0.0, Avg: 0.0, Max: 0.0, Diff: 0.0, Sum: 0.0]
         [Termination Attempts: Min: 1, Avg: 1.0, Max: 1, Diff: 0, Sum: 4]
      [GC Worker Other (ms): Min: 0.0, Avg: 0.0, Max: 0.0, Diff: 0.0, Sum: 0.0]
      [GC Worker Total (ms): Min: 1.7, Avg: 1.7, Max: 1.7, Diff: 0.0, Sum: 6.9]
      [GC Worker End (ms): Min: 417133.1, Avg: 417133.1, Max: 417133.1, Diff: 0.0]
   [Code Root Fixup: 0.0 ms]
   [Code Root Purge: 0.0 ms]
   [Clear CT: 0.0 ms]
   [Other: 1.7 ms]
      [Choose CSet: 0.0 ms]
      [Ref Proc: 0.1 ms]
      [Ref Enq: 0.0 ms]
      [Redirty Cards: 0.0 ms]
      [Humongous Register: 0.6 ms]
      [Humongous Reclaim: 0.3 ms]
      [Free CSet: 0.0 ms]
   [Eden: 1024.0K(950.0M)->0.0B(942.0M) Survivors: 1024.0K->1024.0K Heap: 3575.6M(5120.0M)->3574.6M(5120.0M)]
 [Times: user=0.00 sys=0.00, real=0.00 secs] 
2016-06-26T19:49:47.898+0300: 417.134: [GC concurrent-root-region-scan-start]
2016-06-26T19:49:47.898+0300: 417.134: Total time for which application threads were stopped: 0.0041589 seconds, Stopping threads took: 0.0000689 seconds
2016-06-26T19:49:47.899+0300: 417.136: [GC concurrent-root-region-scan-end, 0.0015780 secs]
2016-06-26T19:49:47.899+0300: 417.136: [GC concurrent-mark-start]
2016-06-26T19:49:47.929+0300: 417.165: [GC concurrent-mark-end, 0.0289740 secs]
2016-06-26T19:49:47.936+0300: 417.172: [GC remark 2016-06-26T19:49:47.936+0300: 417.172: [Finalize Marking, 0.0003716 secs] 2016-06-26T19:49:47.936+0300: 417.173: [GC ref-proc, 0.0001026 secs] 2016-06-26T19:49:47.936+0300: 417.173: [Unloading, 0.0018244 secs], 0.0218848 secs]
 [Times: user=0.08 sys=0.00, real=0.02 secs] 
2016-06-26T19:49:47.958+0300: 417.194: Total time for which application threads were stopped: 0.0253441 seconds, Stopping threads took: 0.0030603 seconds
2016-06-26T19:49:47.960+0300: 417.197: [GC cleanup 3596M->3596M(5120M), 0.0022324 secs]
 [Times: user=0.00 sys=0.00, real=0.00 secs] 
2016-06-26T19:49:47.963+0300: 417.199: Total time for which application threads were stopped: 0.0027071 seconds, Stopping threads took: 0.0000522 seconds
2016-06-26T19:49:48.323+0300: 417.560: Total time for which application threads were stopped: 0.0048081 seconds, Stopping threads took: 0.0038348 seconds
2016-06-26T19:49:48.331+0300: 417.567: Total time for which application threads were stopped: 0.0005038 seconds, Stopping threads took: 0.0001540 seconds
2016-06-26T19:49:49.336+0300: 418.572: Total time for which application threads were stopped: 0.0045810 seconds, Stopping threads took: 0.0042338 seconds
2016-06-26T19:49:50.051+0300: 419.287: [GC pause (G1 Humongous Allocation) (young)
Desired survivor size 61865984 bytes, new threshold 15 (max 15)
- age   1:       9072 bytes,       9072 total
- age   2:      38688 bytes,      47760 total
- age   3:         16 bytes,      47776 total
- age   4:      35088 bytes,      82864 total
- age   5:         16 bytes,      82880 total
- age   6:      32344 bytes,     115224 total
- age   8:      23160 bytes,     138384 total
- age  10:      23032 bytes,     161416 total
- age  12:      12656 bytes,     174072 total
- age  13:      21752 bytes,     195824 total
- age  15:      19888 bytes,     215712 total
, 0.0581623 secs]
   [Parallel Time: 50.4 ms, GC Workers: 4]
      [GC Worker Start (ms): Min: 419293.1, Avg: 419293.1, Max: 419293.1, Diff: 0.0]
      [Ext Root Scanning (ms): Min: 0.4, Avg: 0.4, Max: 0.4, Diff: 0.0, Sum: 1.6]
      [Update RS (ms): Min: 49.5, Avg: 49.5, Max: 49.5, Diff: 0.0, Sum: 197.8]
         [Processed Buffers: Min: 513, Avg: 521.0, Max: 536, Diff: 23, Sum: 2084]
      [Scan RS (ms): Min: 0.0, Avg: 0.0, Max: 0.0, Diff: 0.0, Sum: 0.0]
      [Code Root Scanning (ms): Min: 0.0, Avg: 0.0, Max: 0.0, Diff: 0.0, Sum: 0.0]
      [Object Copy (ms): Min: 0.4, Avg: 0.4, Max: 0.4, Diff: 0.0, Sum: 1.8]
      [Termination (ms): Min: 0.0, Avg: 0.0, Max: 0.0, Diff: 0.0, Sum: 0.0]
         [Termination Attempts: Min: 1, Avg: 1.0, Max: 1, Diff: 0, Sum: 4]
      [GC Worker Other (ms): Min: 0.0, Avg: 0.0, Max: 0.0, Diff: 0.0, Sum: 0.1]
      [GC Worker Total (ms): Min: 50.3, Avg: 50.3, Max: 50.3, Diff: 0.0, Sum: 201.4]
      [GC Worker End (ms): Min: 419343.4, Avg: 419343.4, Max: 419343.4, Diff: 0.0]
   [Code Root Fixup: 0.0 ms]
   [Code Root Purge: 0.0 ms]
   [Clear CT: 0.0 ms]
   [Other: 7.7 ms]
      [Choose CSet: 0.0 ms]
      [Ref Proc: 0.1 ms]
      [Ref Enq: 0.0 ms]
      [Redirty Cards: 0.0 ms]
      [Humongous Register: 0.8 ms]
      [Humongous Reclaim: 1.8 ms]
      [Free CSet: 0.0 ms]
   [Eden: 62.0M(942.0M)->0.0B(857.0M) Survivors: 1024.0K->1024.0K Heap: 4980.4M(5120.0M)->3658.6M(5120.0M)]
 [Times: user=0.20 sys=0.00, real=0.06 secs] 
2016-06-26T19:49:50.109+0300: 419.346: Total time for which application threads were stopped: 0.0665763 seconds, Stopping threads took: 0.0074797 seconds
2016-06-26T19:49:50.112+0300: 419.348: [GC pause (G1 Humongous Allocation) (young) (initial-mark)
Desired survivor size 56623104 bytes, new threshold 15 (max 15)
- age   1:      31896 bytes,      31896 total
- age   2:       9048 bytes,      40944 total
- age   3:      31728 bytes,      72672 total
- age   4:         16 bytes,      72688 total
- age   5:      29376 bytes,     102064 total
- age   7:      28312 bytes,     130376 total
- age   9:      21376 bytes,     151752 total
- age  11:      22008 bytes,     173760 total
- age  13:      12536 bytes,     186296 total
- age  14:      21752 bytes,     208048 total
, 0.0030440 secs]
   [Parallel Time: 1.4 ms, GC Workers: 4]
      [GC Worker Start (ms): Min: 419349.0, Avg: 419349.0, Max: 419349.0, Diff: 0.0]
      [Ext Root Scanning (ms): Min: 0.5, Avg: 0.5, Max: 0.5, Diff: 0.0, Sum: 1.9]
      [Update RS (ms): Min: 0.4, Avg: 0.4, Max: 0.5, Diff: 0.1, Sum: 1.6]
         [Processed Buffers: Min: 4, Avg: 4.8, Max: 7, Diff: 3, Sum: 19]
      [Scan RS (ms): Min: 0.0, Avg: 0.0, Max: 0.0, Diff: 0.0, Sum: 0.0]
      [Code Root Scanning (ms): Min: 0.0, Avg: 0.0, Max: 0.0, Diff: 0.0, Sum: 0.0]
      [Object Copy (ms): Min: 0.4, Avg: 0.4, Max: 0.5, Diff: 0.1, Sum: 1.7]
      [Termination (ms): Min: 0.0, Avg: 0.0, Max: 0.0, Diff: 0.0, Sum: 0.0]
         [Termination Attempts: Min: 1, Avg: 1.0, Max: 1, Diff: 0, Sum: 4]
      [GC Worker Other (ms): Min: 0.0, Avg: 0.0, Max: 0.0, Diff: 0.0, Sum: 0.0]
      [GC Worker Total (ms): Min: 1.3, Avg: 1.3, Max: 1.3, Diff: 0.0, Sum: 5.3]
      [GC Worker End (ms): Min: 419350.3, Avg: 419350.3, Max: 419350.3, Diff: 0.0]
   [Code Root Fixup: 0.0 ms]
   [Code Root Purge: 0.0 ms]
   [Clear CT: 0.0 ms]
   [Other: 1.6 ms]
      [Choose CSet: 0.0 ms]
      [Ref Proc: 0.0 ms]
      [Ref Enq: 0.0 ms]
      [Redirty Cards: 0.0 ms]
      [Humongous Register: 0.6 ms]
      [Humongous Reclaim: 0.3 ms]
      [Free CSet: 0.0 ms]
   [Eden: 1024.0K(857.0M)->0.0B(856.0M) Survivors: 1024.0K->1024.0K Heap: 3661.1M(5120.0M)->3660.5M(5120.0M)]
 [Times: user=0.00 sys=0.00, real=0.00 secs] 
2016-06-26T19:49:50.115+0300: 419.351: [GC concurrent-root-region-scan-start]
2016-06-26T19:49:50.115+0300: 419.351: Total time for which application threads were stopped: 0.0037125 seconds, Stopping threads took: 0.0000633 seconds
2016-06-26T19:49:50.116+0300: 419.353: [GC concurrent-root-region-scan-end, 0.0014497 secs]
2016-06-26T19:49:50.116+0300: 419.353: [GC concurrent-mark-start]
2016-06-26T19:49:50.146+0300: 419.383: [GC concurrent-mark-end, 0.0297579 secs]
2016-06-26T19:49:50.237+0300: 419.474: [GC remark 2016-06-26T19:49:50.238+0300: 419.474: [Finalize Marking, 0.0003473 secs] 2016-06-26T19:49:50.238+0300: 419.474: [GC ref-proc, 0.0001069 secs] 2016-06-26T19:49:50.238+0300: 419.475: [Unloading, 0.0018197 secs], 0.0223338 secs]
 [Times: user=0.06 sys=0.00, real=0.02 secs] 
2016-06-26T19:49:50.260+0300: 419.496: Total time for which application threads were stopped: 0.0274524 seconds, Stopping threads took: 0.0047568 seconds
2016-06-26T19:49:50.345+0300: 419.582: Total time for which application threads were stopped: 0.0063203 seconds, Stopping threads took: 0.0054124 seconds
2016-06-26T19:49:50.585+0300: 419.822: [GC cleanup 3814M->3814M(5120M), 0.0021644 secs]
 [Times: user=0.00 sys=0.00, real=0.00 secs] 
2016-06-26T19:49:50.587+0300: 419.824: Total time for which application threads were stopped: 0.0080083 seconds, Stopping threads took: 0.0055753 seconds
2016-06-26T19:49:51.325+0300: 420.562: Total time for which application threads were stopped: 0.0065264 seconds, Stopping threads took: 0.0057199 seconds
2016-06-26T19:49:52.328+0300: 421.564: Total time for which application threads were stopped: 0.0083196 seconds, Stopping threads took: 0.0074142 seconds
2016-06-26T19:49:52.470+0300: 421.707: [GC pause (G1 Humongous Allocation) (young)
Desired survivor size 56623104 bytes, new threshold 15 (max 15)
- age   1:         40 bytes,         40 total
- age   2:      31872 bytes,      31912 total
- age   3:       9048 bytes,      40960 total
- age   4:      31728 bytes,      72688 total
- age   5:         16 bytes,      72704 total
- age   6:      29376 bytes,     102080 total
- age   8:      28312 bytes,     130392 total
- age  10:      21376 bytes,     151768 total
- age  12:      22008 bytes,     173776 total
- age  14:      12536 bytes,     186312 total
- age  15:      21752 bytes,     208064 total
, 0.0592357 secs]
   [Parallel Time: 50.7 ms, GC Workers: 4]
      [GC Worker Start (ms): Min: 421712.4, Avg: 421712.4, Max: 421712.4, Diff: 0.0]
      [Ext Root Scanning (ms): Min: 0.4, Avg: 0.4, Max: 0.4, Diff: 0.0, Sum: 1.5]
      [Update RS (ms): Min: 49.8, Avg: 49.8, Max: 49.9, Diff: 0.1, Sum: 199.3]
         [Processed Buffers: Min: 506, Avg: 517.0, Max: 530, Diff: 24, Sum: 2068]
      [Scan RS (ms): Min: 0.0, Avg: 0.0, Max: 0.0, Diff: 0.0, Sum: 0.1]
      [Code Root Scanning (ms): Min: 0.0, Avg: 0.0, Max: 0.0, Diff: 0.0, Sum: 0.0]
      [Object Copy (ms): Min: 0.4, Avg: 0.5, Max: 0.5, Diff: 0.1, Sum: 1.8]
      [Termination (ms): Min: 0.0, Avg: 0.0, Max: 0.0, Diff: 0.0, Sum: 0.0]
         [Termination Attempts: Min: 1, Avg: 1.8, Max: 2, Diff: 1, Sum: 7]
      [GC Worker Other (ms): Min: 0.0, Avg: 0.0, Max: 0.0, Diff: 0.0, Sum: 0.1]
      [GC Worker Total (ms): Min: 50.7, Avg: 50.7, Max: 50.7, Diff: 0.0, Sum: 202.8]
      [GC Worker End (ms): Min: 421763.1, Avg: 421763.1, Max: 421763.1, Diff: 0.0]
   [Code Root Fixup: 0.0 ms]
   [Code Root Purge: 0.0 ms]
   [Clear CT: 0.0 ms]
   [Other: 8.5 ms]
      [Choose CSet: 0.0 ms]
      [Ref Proc: 0.0 ms]
      [Ref Enq: 0.0 ms]
      [Redirty Cards: 0.0 ms]
      [Humongous Register: 0.8 ms]
      [Humongous Reclaim: 2.5 ms]
      [Free CSet: 0.1 ms]
   [Eden: 63.0M(856.0M)->0.0B(1158.0M) Survivors: 1024.0K->1024.0K Heap: 4981.4M(5120.0M)->3365.7M(5120.0M)]
 [Times: user=0.19 sys=0.00, real=0.06 secs] 
2016-06-26T19:49:52.530+0300: 421.766: Total time for which application threads were stopped: 0.0669873 seconds, Stopping threads took: 0.0068634 seconds
2016-06-26T19:49:52.533+0300: 421.770: [GC pause (G1 Humongous Allocation) (young) (initial-mark)
Desired survivor size 76021760 bytes, new threshold 15 (max 15)
- age   1:      58688 bytes,      58688 total
- age   3:      23440 bytes,      82128 total
- age   4:       9048 bytes,      91176 total
- age   5:      26640 bytes,     117816 total
- age   7:      24816 bytes,     142632 total
- age   9:      25640 bytes,     168272 total
- age  11:      20376 bytes,     188648 total
- age  13:      21936 bytes,     210584 total
- age  15:      12536 bytes,     223120 total
, 0.0030727 secs]
   [Parallel Time: 1.3 ms, GC Workers: 4]
      [GC Worker Start (ms): Min: 421771.1, Avg: 421771.2, Max: 421771.2, Diff: 0.0]
      [Ext Root Scanning (ms): Min: 0.3, Avg: 0.4, Max: 0.4, Diff: 0.1, Sum: 1.6]
      [Update RS (ms): Min: 0.4, Avg: 0.4, Max: 0.5, Diff: 0.1, Sum: 1.7]
         [Processed Buffers: Min: 4, Avg: 4.8, Max: 6, Diff: 2, Sum: 19]
      [Scan RS (ms): Min: 0.0, Avg: 0.0, Max: 0.0, Diff: 0.0, Sum: 0.0]
      [Code Root Scanning (ms): Min: 0.0, Avg: 0.0, Max: 0.0, Diff: 0.0, Sum: 0.0]
      [Object Copy (ms): Min: 0.4, Avg: 0.4, Max: 0.5, Diff: 0.1, Sum: 1.7]
      [Termination (ms): Min: 0.0, Avg: 0.0, Max: 0.0, Diff: 0.0, Sum: 0.0]
         [Termination Attempts: Min: 1, Avg: 1.0, Max: 1, Diff: 0, Sum: 4]
      [GC Worker Other (ms): Min: 0.0, Avg: 0.0, Max: 0.0, Diff: 0.0, Sum: 0.0]
      [GC Worker Total (ms): Min: 1.2, Avg: 1.3, Max: 1.3, Diff: 0.0, Sum: 5.1]
      [GC Worker End (ms): Min: 421772.4, Avg: 421772.4, Max: 421772.4, Diff: 0.0]
   [Code Root Fixup: 0.0 ms]
   [Code Root Purge: 0.0 ms]
   [Clear CT: 0.0 ms]
   [Other: 1.7 ms]
      [Choose CSet: 0.0 ms]
      [Ref Proc: 0.0 ms]
      [Ref Enq: 0.0 ms]
      [Redirty Cards: 0.0 ms]
      [Humongous Register: 0.6 ms]
      [Humongous Reclaim: 0.3 ms]
      [Free CSet: 0.0 ms]
   [Eden: 1024.0K(1158.0M)->0.0B(1156.0M) Survivors: 1024.0K->1024.0K Heap: 3368.2M(5120.0M)->3367.6M(5120.0M)]
 [Times: user=0.00 sys=0.00, real=0.00 secs] 
2016-06-26T19:49:52.537+0300: 421.773: [GC concurrent-root-region-scan-start]
2016-06-26T19:49:52.537+0300: 421.773: Total time for which application threads were stopped: 0.0036338 seconds, Stopping threads took: 0.0000774 seconds
2016-06-26T19:49:52.538+0300: 421.775: [GC concurrent-root-region-scan-end, 0.0014630 secs]
2016-06-26T19:49:52.538+0300: 421.775: [GC concurrent-mark-start]
2016-06-26T19:49:52.566+0300: 421.803: [GC concurrent-mark-end, 0.0273823 secs]
2016-06-26T19:49:52.589+0300: 421.825: [GC remark 2016-06-26T19:49:52.589+0300: 421.825: [Finalize Marking, 0.0003956 secs] 2016-06-26T19:49:52.589+0300: 421.826: [GC ref-proc, 0.0001099 secs] 2016-06-26T19:49:52.589+0300: 421.826: [Unloading, 0.0017500 secs], 0.0207335 secs]
 [Times: user=0.13 sys=0.00, real=0.02 secs] 
2016-06-26T19:49:52.609+0300: 421.846: Total time for which application threads were stopped: 0.0241466 seconds, Stopping threads took: 0.0031492 seconds
2016-06-26T19:49:52.612+0300: 421.849: [GC cleanup 3398M->3398M(5120M), 0.0022730 secs]
 [Times: user=0.00 sys=0.00, real=0.00 secs] 
2016-06-26T19:49:52.615+0300: 421.852: Total time for which application threads were stopped: 0.0025920 seconds, Stopping threads took: 0.0000547 seconds
2016-06-26T19:49:53.623+0300: 422.859: Total time for which application threads were stopped: 0.0076375 seconds, Stopping threads took: 0.0072611 seconds
2016-06-26T19:49:54.328+0300: 423.564: Total time for which application threads were stopped: 0.0080720 seconds, Stopping threads took: 0.0072894 seconds
2016-06-26T19:49:55.184+0300: 424.421: [GC pause (G1 Humongous Allocation) (young)
Desired survivor size 76021760 bytes, new threshold 15 (max 15)
- age   1:         40 bytes,         40 total
- age   2:      58664 bytes,      58704 total
- age   4:      23440 bytes,      82144 total
- age   5:       9048 bytes,      91192 total
- age   6:      26640 bytes,     117832 total
- age   8:      24816 bytes,     142648 total
- age  10:      25640 bytes,     168288 total
- age  12:      20376 bytes,     188664 total
- age  14:      21936 bytes,     210600 total
, 0.0578325 secs]
   [Parallel Time: 49.6 ms, GC Workers: 4]
      [GC Worker Start (ms): Min: 424426.7, Avg: 424426.7, Max: 424426.7, Diff: 0.0]
      [Ext Root Scanning (ms): Min: 0.4, Avg: 0.4, Max: 0.4, Diff: 0.0, Sum: 1.5]
      [Update RS (ms): Min: 48.3, Avg: 48.4, Max: 48.4, Diff: 0.1, Sum: 193.5]
         [Processed Buffers: Min: 514, Avg: 517.5, Max: 519, Diff: 5, Sum: 2070]
      [Scan RS (ms): Min: 0.0, Avg: 0.0, Max: 0.0, Diff: 0.0, Sum: 0.0]
      [Code Root Scanning (ms): Min: 0.0, Avg: 0.0, Max: 0.0, Diff: 0.0, Sum: 0.0]
      [Object Copy (ms): Min: 0.7, Avg: 0.8, Max: 0.8, Diff: 0.0, Sum: 3.0]
      [Termination (ms): Min: 0.0, Avg: 0.0, Max: 0.0, Diff: 0.0, Sum: 0.0]
         [Termination Attempts: Min: 1, Avg: 1.0, Max: 1, Diff: 0, Sum: 4]
      [GC Worker Other (ms): Min: 0.0, Avg: 0.0, Max: 0.0, Diff: 0.0, Sum: 0.0]
      [GC Worker Total (ms): Min: 49.5, Avg: 49.5, Max: 49.5, Diff: 0.0, Sum: 198.2]
      [GC Worker End (ms): Min: 424476.2, Avg: 424476.2, Max: 424476.2, Diff: 0.0]
   [Code Root Fixup: 0.0 ms]
   [Code Root Purge: 0.0 ms]
   [Clear CT: 0.0 ms]
   [Other: 8.2 ms]
      [Choose CSet: 0.0 ms]
      [Ref Proc: 0.0 ms]
      [Ref Enq: 0.0 ms]
      [Redirty Cards: 0.0 ms]
      [Humongous Register: 0.8 ms]
      [Humongous Reclaim: 2.2 ms]
      [Free CSet: 0.1 ms]
   [Eden: 64.0M(1156.0M)->0.0B(1041.0M) Survivors: 1024.0K->1024.0K Heap: 4980.0M(5120.0M)->3481.1M(5120.0M)]
 [Times: user=0.20 sys=0.00, real=0.06 secs] 
2016-06-26T19:49:55.242+0300: 424.479: Total time for which application threads were stopped: 0.0669925 seconds, Stopping threads took: 0.0082033 seconds
2016-06-26T19:49:55.252+0300: 424.488: [GC pause (G1 Humongous Allocation) (young) (initial-mark)
Desired survivor size 68681728 bytes, new threshold 15 (max 15)
- age   1:     239184 bytes,     239184 total
- age   3:      37312 bytes,     276496 total
- age   5:      19744 bytes,     296240 total
- age   6:       9032 bytes,     305272 total
- age   7:      22464 bytes,     327736 total
- age   9:      21552 bytes,     349288 total
- age  11:      23792 bytes,     373080 total
- age  13:      19912 bytes,     392992 total
- age  15:      21840 bytes,     414832 total
, 0.0038818 secs]
   [Parallel Time: 2.1 ms, GC Workers: 4]
      [GC Worker Start (ms): Min: 424489.3, Avg: 424489.3, Max: 424489.3, Diff: 0.0]
      [Ext Root Scanning (ms): Min: 0.4, Avg: 0.4, Max: 0.5, Diff: 0.0, Sum: 1.8]
      [Update RS (ms): Min: 0.7, Avg: 0.8, Max: 0.8, Diff: 0.1, Sum: 3.2]
         [Processed Buffers: Min: 8, Avg: 8.8, Max: 10, Diff: 2, Sum: 35]
      [Scan RS (ms): Min: 0.0, Avg: 0.0, Max: 0.0, Diff: 0.0, Sum: 0.0]
      [Code Root Scanning (ms): Min: 0.0, Avg: 0.0, Max: 0.1, Diff: 0.1, Sum: 0.1]
      [Object Copy (ms): Min: 0.7, Avg: 0.8, Max: 0.8, Diff: 0.1, Sum: 3.1]
      [Termination (ms): Min: 0.0, Avg: 0.0, Max: 0.0, Diff: 0.0, Sum: 0.0]
         [Termination Attempts: Min: 1, Avg: 1.0, Max: 1, Diff: 0, Sum: 4]
      [GC Worker Other (ms): Min: 0.0, Avg: 0.0, Max: 0.0, Diff: 0.0, Sum: 0.0]
      [GC Worker Total (ms): Min: 2.0, Avg: 2.0, Max: 2.1, Diff: 0.0, Sum: 8.2]
      [GC Worker End (ms): Min: 424491.4, Avg: 424491.4, Max: 424491.4, Diff: 0.0]
   [Code Root Fixup: 0.0 ms]
   [Code Root Purge: 0.0 ms]
   [Clear CT: 0.0 ms]
   [Other: 1.7 ms]
      [Choose CSet: 0.0 ms]
      [Ref Proc: 0.0 ms]
      [Ref Enq: 0.0 ms]
      [Redirty Cards: 0.0 ms]
      [Humongous Register: 0.6 ms]
      [Humongous Reclaim: 0.3 ms]
      [Free CSet: 0.0 ms]
   [Eden: 1024.0K(1041.0M)->0.0B(1033.0M) Survivors: 1024.0K->1024.0K Heap: 3486.0M(5120.0M)->3485.1M(5120.0M)]
 [Times: user=0.00 sys=0.00, real=0.00 secs] 
2016-06-26T19:49:55.256+0300: 424.492: [GC concurrent-root-region-scan-start]
2016-06-26T19:49:55.256+0300: 424.492: Total time for which application threads were stopped: 0.0045892 seconds, Stopping threads took: 0.0000979 seconds
2016-06-26T19:49:55.258+0300: 424.494: [GC concurrent-root-region-scan-end, 0.0019980 secs]
2016-06-26T19:49:55.258+0300: 424.494: [GC concurrent-mark-start]
2016-06-26T19:49:55.287+0300: 424.524: [GC concurrent-mark-end, 0.0286404 secs]
2016-06-26T19:49:55.340+0300: 424.577: [GC remark 2016-06-26T19:49:55.340+0300: 424.577: [Finalize Marking, 0.0006398 secs] 2016-06-26T19:49:55.341+0300: 424.578: [GC ref-proc, 0.0001108 secs] 2016-06-26T19:49:55.341+0300: 424.578: [Unloading, 0.0032305 secs], 0.0314493 secs]
 [Times: user=0.08 sys=0.00, real=0.03 secs] 
2016-06-26T19:49:55.372+0300: 424.608: Total time for which application threads were stopped: 0.0427847 seconds, Stopping threads took: 0.0109539 seconds
2016-06-26T19:49:55.403+0300: 424.640: [GC cleanup 3540M->3540M(5120M), 0.0033109 secs]
 [Times: user=0.02 sys=0.00, real=0.00 secs] 
2016-06-26T19:49:55.407+0300: 424.644: Total time for which application threads were stopped: 0.0038091 seconds, Stopping threads took: 0.0000881 seconds
2016-06-26T19:49:56.328+0300: 425.565: Total time for which application threads were stopped: 0.0078316 seconds, Stopping threads took: 0.0068583 seconds
2016-06-26T19:49:57.332+0300: 426.568: Total time for which application threads were stopped: 0.0112871 seconds, Stopping threads took: 0.0102248 seconds
2016-06-26T19:49:57.838+0300: 427.074: [GC pause (G1 Humongous Allocation) (young)
Desired survivor size 68157440 bytes, new threshold 15 (max 15)
- age   1:       9152 bytes,       9152 total
- age   2:     239160 bytes,     248312 total
- age   4:      37256 bytes,     285568 total
- age   6:      19744 bytes,     305312 total
- age   7:       9032 bytes,     314344 total
- age   8:      22464 bytes,     336808 total
- age  10:      21552 bytes,     358360 total
- age  12:      23792 bytes,     382152 total
- age  14:      19912 bytes,     402064 total
, 0.0524800 secs]
   [Parallel Time: 44.7 ms, GC Workers: 4]
      [GC Worker Start (ms): Min: 427079.7, Avg: 427079.7, Max: 427079.7, Diff: 0.0]
      [Ext Root Scanning (ms): Min: 0.3, Avg: 0.3, Max: 0.3, Diff: 0.0, Sum: 1.4]
      [Update RS (ms): Min: 43.9, Avg: 43.9, Max: 43.9, Diff: 0.0, Sum: 175.5]
         [Processed Buffers: Min: 462, Avg: 469.3, Max: 474, Diff: 12, Sum: 1877]
      [Scan RS (ms): Min: 0.0, Avg: 0.0, Max: 0.0, Diff: 0.0, Sum: 0.0]
      [Code Root Scanning (ms): Min: 0.0, Avg: 0.0, Max: 0.0, Diff: 0.0, Sum: 0.0]
      [Object Copy (ms): Min: 0.4, Avg: 0.4, Max: 0.4, Diff: 0.1, Sum: 1.6]
      [Termination (ms): Min: 0.0, Avg: 0.0, Max: 0.0, Diff: 0.0, Sum: 0.0]
         [Termination Attempts: Min: 1, Avg: 1.0, Max: 1, Diff: 0, Sum: 4]
      [GC Worker Other (ms): Min: 0.0, Avg: 0.0, Max: 0.0, Diff: 0.0, Sum: 0.1]
      [GC Worker Total (ms): Min: 44.6, Avg: 44.6, Max: 44.7, Diff: 0.0, Sum: 178.6]
      [GC Worker End (ms): Min: 427124.3, Avg: 427124.3, Max: 427124.3, Diff: 0.0]
   [Code Root Fixup: 0.0 ms]
   [Code Root Purge: 0.0 ms]
   [Clear CT: 0.0 ms]
   [Other: 7.7 ms]
      [Choose CSet: 0.0 ms]
      [Ref Proc: 0.0 ms]
      [Ref Enq: 0.0 ms]
      [Redirty Cards: 0.0 ms]
      [Humongous Register: 0.8 ms]
      [Humongous Reclaim: 2.2 ms]
      [Free CSet: 0.1 ms]
   [Eden: 60.0M(1033.0M)->0.0B(1184.0M) Survivors: 1024.0K->1024.0K Heap: 4980.7M(5120.0M)->3338.4M(5120.0M)]
 [Times: user=0.16 sys=0.00, real=0.05 secs] 
2016-06-26T19:49:57.891+0300: 427.127: Total time for which application threads were stopped: 0.0615762 seconds, Stopping threads took: 0.0082884 seconds
2016-06-26T19:49:57.893+0300: 427.129: [GC pause (G1 Humongous Allocation) (young) (initial-mark)
Desired survivor size 78118912 bytes, new threshold 15 (max 15)
- age   1:      25752 bytes,      25752 total
- age   2:       9128 bytes,      34880 total
- age   3:      33720 bytes,      68600 total
- age   5:      31040 bytes,      99640 total
- age   7:      15120 bytes,     114760 total
- age   8:       9032 bytes,     123792 total
- age   9:      19512 bytes,     143304 total
- age  11:      20248 bytes,     163552 total
- age  13:      23544 bytes,     187096 total
- age  15:      19816 bytes,     206912 total
, 0.0036406 secs]
   [Parallel Time: 1.7 ms, GC Workers: 4]
      [GC Worker Start (ms): Min: 427130.2, Avg: 427130.2, Max: 427130.2, Diff: 0.0]
      [Ext Root Scanning (ms): Min: 0.4, Avg: 0.4, Max: 0.4, Diff: 0.0, Sum: 1.6]
      [Update RS (ms): Min: 0.8, Avg: 0.8, Max: 0.9, Diff: 0.1, Sum: 3.3]
         [Processed Buffers: Min: 8, Avg: 8.8, Max: 10, Diff: 2, Sum: 35]
      [Scan RS (ms): Min: 0.0, Avg: 0.0, Max: 0.0, Diff: 0.0, Sum: 0.0]
      [Code Root Scanning (ms): Min: 0.0, Avg: 0.0, Max: 0.0, Diff: 0.0, Sum: 0.0]
      [Object Copy (ms): Min: 0.3, Avg: 0.4, Max: 0.4, Diff: 0.1, Sum: 1.6]
      [Termination (ms): Min: 0.0, Avg: 0.0, Max: 0.0, Diff: 0.0, Sum: 0.0]
         [Termination Attempts: Min: 1, Avg: 1.0, Max: 1, Diff: 0, Sum: 4]
      [GC Worker Other (ms): Min: 0.0, Avg: 0.0, Max: 0.0, Diff: 0.0, Sum: 0.0]
      [GC Worker Total (ms): Min: 1.6, Avg: 1.6, Max: 1.7, Diff: 0.0, Sum: 6.6]
      [GC Worker End (ms): Min: 427131.9, Avg: 427131.9, Max: 427131.9, Diff: 0.0]
   [Code Root Fixup: 0.0 ms]
   [Code Root Purge: 0.0 ms]
   [Clear CT: 0.0 ms]
   [Other: 1.9 ms]
      [Choose CSet: 0.0 ms]
      [Ref Proc: 0.0 ms]
      [Ref Enq: 0.0 ms]
      [Redirty Cards: 0.1 ms]
      [Humongous Register: 0.6 ms]
      [Humongous Reclaim: 0.4 ms]
      [Free CSet: 0.0 ms]
   [Eden: 1024.0K(1184.0M)->0.0B(1210.0M) Survivors: 1024.0K->1024.0K Heap: 3343.3M(5120.0M)->3313.0M(5120.0M)]
 [Times: user=0.00 sys=0.00, real=0.00 secs] 
2016-06-26T19:49:57.897+0300: 427.133: [GC concurrent-root-region-scan-start]
2016-06-26T19:49:57.897+0300: 427.133: Total time for which application threads were stopped: 0.0042449 seconds, Stopping threads took: 0.0000594 seconds
2016-06-26T19:49:57.898+0300: 427.135: [GC concurrent-root-region-scan-end, 0.0013766 secs]
2016-06-26T19:49:57.898+0300: 427.135: [GC concurrent-mark-start]
2016-06-26T19:49:57.927+0300: 427.163: [GC concurrent-mark-end, 0.0278831 secs]
2016-06-26T19:49:57.944+0300: 427.181: [GC remark 2016-06-26T19:49:57.944+0300: 427.181: [Finalize Marking, 0.0003780 secs] 2016-06-26T19:49:57.945+0300: 427.181: [GC ref-proc, 0.0001056 secs] 2016-06-26T19:49:57.945+0300: 427.181: [Unloading, 0.0017294 secs], 0.0204260 secs]
 [Times: user=0.06 sys=0.00, real=0.02 secs] 
2016-06-26T19:49:57.965+0300: 427.201: Total time for which application threads were stopped: 0.0246739 seconds, Stopping threads took: 0.0039742 seconds
2016-06-26T19:49:58.326+0300: 427.563: Total time for which application threads were stopped: 0.0059162 seconds, Stopping threads took: 0.0052101 seconds
2016-06-26T19:49:59.328+0300: 428.564: Total time for which application threads were stopped: 0.0071153 seconds, Stopping threads took: 0.0062010 seconds
2016-06-26T19:49:59.485+0300: 428.721: [GC cleanup 4306M->4306M(5120M), 0.0021541 secs]
 [Times: user=0.00 sys=0.00, real=0.00 secs] 
2016-06-26T19:49:59.487+0300: 428.724: Total time for which application threads were stopped: 0.0084269 seconds, Stopping threads took: 0.0060030 seconds
2016-06-26T19:50:00.571+0300: 429.808: [GC pause (G1 Humongous Allocation) (young)
Desired survivor size 79691776 bytes, new threshold 15 (max 15)
- age   1:        112 bytes,        112 total
- age   2:      25704 bytes,      25816 total
- age   3:       9128 bytes,      34944 total
- age   4:      33720 bytes,      68664 total
- age   6:      31040 bytes,      99704 total
- age   8:      14904 bytes,     114608 total
- age   9:       9032 bytes,     123640 total
- age  10:      19384 bytes,     143024 total
- age  12:      20192 bytes,     163216 total
- age  14:      23544 bytes,     186760 total
, 0.0575845 secs]
   [Parallel Time: 49.5 ms, GC Workers: 4]
      [GC Worker Start (ms): Min: 429813.3, Avg: 429813.3, Max: 429813.3, Diff: 0.0]
      [Ext Root Scanning (ms): Min: 0.4, Avg: 0.4, Max: 0.4, Diff: 0.0, Sum: 1.7]
      [Update RS (ms): Min: 48.2, Avg: 48.2, Max: 48.3, Diff: 0.1, Sum: 193.0]
         [Processed Buffers: Min: 507, Avg: 517.5, Max: 523, Diff: 16, Sum: 2070]
      [Scan RS (ms): Min: 0.0, Avg: 0.0, Max: 0.0, Diff: 0.0, Sum: 0.1]
      [Code Root Scanning (ms): Min: 0.0, Avg: 0.0, Max: 0.0, Diff: 0.0, Sum: 0.1]
      [Object Copy (ms): Min: 0.7, Avg: 0.7, Max: 0.8, Diff: 0.0, Sum: 3.0]
      [Termination (ms): Min: 0.0, Avg: 0.0, Max: 0.0, Diff: 0.0, Sum: 0.0]
         [Termination Attempts: Min: 1, Avg: 1.0, Max: 1, Diff: 0, Sum: 4]
      [GC Worker Other (ms): Min: 0.0, Avg: 0.0, Max: 0.0, Diff: 0.0, Sum: 0.1]
      [GC Worker Total (ms): Min: 49.4, Avg: 49.4, Max: 49.5, Diff: 0.0, Sum: 197.8]
      [GC Worker End (ms): Min: 429862.7, Avg: 429862.7, Max: 429862.7, Diff: 0.0]
   [Code Root Fixup: 0.0 ms]
   [Code Root Purge: 0.0 ms]
   [Clear CT: 0.0 ms]
   [Other: 8.0 ms]
      [Choose CSet: 0.0 ms]
      [Ref Proc: 0.0 ms]
      [Ref Enq: 0.0 ms]
      [Redirty Cards: 0.0 ms]
      [Humongous Register: 0.8 ms]
      [Humongous Reclaim: 2.1 ms]
      [Free CSet: 0.1 ms]
   [Eden: 64.0M(1210.0M)->0.0B(1069.0M) Survivors: 1024.0K->1024.0K Heap: 4980.0M(5120.0M)->3451.9M(5120.0M)]
 [Times: user=0.20 sys=0.00, real=0.06 secs] 
2016-06-26T19:50:00.629+0300: 429.865: Total time for which application threads were stopped: 0.0677887 seconds, Stopping threads took: 0.0092035 seconds
2016-06-26T19:50:00.637+0300: 429.873: [GC pause (G1 Humongous Allocation) (young) (initial-mark)
Desired survivor size 70254592 bytes, new threshold 15 (max 15)
- age   1:     245888 bytes,     245888 total
- age   2:         72 bytes,     245960 total
- age   3:      17624 bytes,     263584 total
- age   4:       9128 bytes,     272712 total
- age   5:      27808 bytes,     300520 total
- age   7:      26848 bytes,     327368 total
- age   9:      12696 bytes,     340064 total
- age  10:       9032 bytes,     349096 total
- age  11:      18520 bytes,     367616 total
- age  13:      19912 bytes,     387528 total
- age  15:      23544 bytes,     411072 total
, 0.0038378 secs]
   [Parallel Time: 2.1 ms, GC Workers: 4]
      [GC Worker Start (ms): Min: 429874.2, Avg: 429874.2, Max: 429874.2, Diff: 0.0]
      [Ext Root Scanning (ms): Min: 0.5, Avg: 0.5, Max: 0.5, Diff: 0.0, Sum: 1.9]
      [Update RS (ms): Min: 0.7, Avg: 0.8, Max: 0.9, Diff: 0.1, Sum: 3.2]
         [Processed Buffers: Min: 8, Avg: 8.8, Max: 10, Diff: 2, Sum: 35]
      [Scan RS (ms): Min: 0.0, Avg: 0.0, Max: 0.0, Diff: 0.0, Sum: 0.0]
      [Code Root Scanning (ms): Min: 0.0, Avg: 0.0, Max: 0.1, Diff: 0.1, Sum: 0.1]
      [Object Copy (ms): Min: 0.7, Avg: 0.8, Max: 0.8, Diff: 0.1, Sum: 3.1]
      [Termination (ms): Min: 0.0, Avg: 0.0, Max: 0.0, Diff: 0.0, Sum: 0.0]
         [Termination Attempts: Min: 1, Avg: 1.0, Max: 1, Diff: 0, Sum: 4]
      [GC Worker Other (ms): Min: 0.0, Avg: 0.0, Max: 0.0, Diff: 0.0, Sum: 0.0]
      [GC Worker Total (ms): Min: 2.0, Avg: 2.1, Max: 2.1, Diff: 0.0, Sum: 8.2]
      [GC Worker End (ms): Min: 429876.2, Avg: 429876.2, Max: 429876.2, Diff: 0.0]
   [Code Root Fixup: 0.0 ms]
   [Code Root Purge: 0.0 ms]
   [Clear CT: 0.0 ms]
   [Other: 1.7 ms]
      [Choose CSet: 0.0 ms]
      [Ref Proc: 0.0 ms]
      [Ref Enq: 0.0 ms]
      [Redirty Cards: 0.0 ms]
      [Humongous Register: 0.6 ms]
      [Humongous Reclaim: 0.3 ms]
      [Free CSet: 0.0 ms]
   [Eden: 1024.0K(1069.0M)->0.0B(1062.0M) Survivors: 1024.0K->1024.0K Heap: 3456.8M(5120.0M)->3456.0M(5120.0M)]
 [Times: user=0.06 sys=0.00, real=0.00 secs] 
2016-06-26T19:50:00.641+0300: 429.877: [GC concurrent-root-region-scan-start]
2016-06-26T19:50:00.641+0300: 429.877: Total time for which application threads were stopped: 0.0045515 seconds, Stopping threads took: 0.0000825 seconds
2016-06-26T19:50:00.643+0300: 429.879: [GC concurrent-root-region-scan-end, 0.0019031 secs]
2016-06-26T19:50:00.643+0300: 429.879: [GC concurrent-mark-start]
2016-06-26T19:50:00.672+0300: 429.908: [GC concurrent-mark-end, 0.0286849 secs]
2016-06-26T19:50:00.751+0300: 429.987: [GC remark 2016-06-26T19:50:00.751+0300: 429.988: [Finalize Marking, 0.0003426 secs] 2016-06-26T19:50:00.751+0300: 429.988: [GC ref-proc, 0.0001048 secs] 2016-06-26T19:50:00.752+0300: 429.988: [Unloading, 0.0016845 secs], 0.0210620 secs]
 [Times: user=0.06 sys=0.00, real=0.02 secs] 
2016-06-26T19:50:00.772+0300: 430.009: Total time for which application threads were stopped: 0.0276004 seconds, Stopping threads took: 0.0062698 seconds
2016-06-26T19:50:00.785+0300: 430.021: [GC cleanup 3485M->3485M(5120M), 0.0022584 secs]
 [Times: user=0.00 sys=0.00, real=0.00 secs] 
2016-06-26T19:50:00.787+0300: 430.024: Total time for which application threads were stopped: 0.0090359 seconds, Stopping threads took: 0.0065183 seconds
2016-06-26T19:50:01.329+0300: 430.565: Total time for which application threads were stopped: 0.0074395 seconds, Stopping threads took: 0.0066248 seconds
2016-06-26T19:50:02.341+0300: 431.577: Total time for which application threads were stopped: 0.0115334 seconds, Stopping threads took: 0.0112015 seconds
2016-06-26T19:50:03.164+0300: 432.401: [GC pause (G1 Humongous Allocation) (young)
Desired survivor size 69730304 bytes, new threshold 15 (max 15)
- age   1:       9272 bytes,       9272 total
- age   2:     245864 bytes,     255136 total
- age   3:         72 bytes,     255208 total
- age   4:      17568 bytes,     272776 total
- age   5:       9128 bytes,     281904 total
- age   6:      27808 bytes,     309712 total
- age   8:      26848 bytes,     336560 total
- age  10:      12696 bytes,     349256 total
- age  11:       9032 bytes,     358288 total
- age  12:      18520 bytes,     376808 total
- age  14:      19912 bytes,     396720 total
, 0.0571872 secs]
   [Parallel Time: 49.3 ms, GC Workers: 4]
      [GC Worker Start (ms): Min: 432407.0, Avg: 432407.0, Max: 432407.0, Diff: 0.0]
      [Ext Root Scanning (ms): Min: 0.4, Avg: 0.4, Max: 0.4, Diff: 0.0, Sum: 1.5]
      [Update RS (ms): Min: 48.4, Avg: 48.4, Max: 48.4, Diff: 0.0, Sum: 193.5]
         [Processed Buffers: Min: 506, Avg: 517.3, Max: 524, Diff: 18, Sum: 2069]
      [Scan RS (ms): Min: 0.0, Avg: 0.0, Max: 0.0, Diff: 0.0, Sum: 0.0]
      [Code Root Scanning (ms): Min: 0.0, Avg: 0.0, Max: 0.1, Diff: 0.1, Sum: 0.1]
      [Object Copy (ms): Min: 0.4, Avg: 0.4, Max: 0.4, Diff: 0.1, Sum: 1.7]
      [Termination (ms): Min: 0.0, Avg: 0.0, Max: 0.0, Diff: 0.0, Sum: 0.0]
         [Termination Attempts: Min: 1, Avg: 1.0, Max: 1, Diff: 0, Sum: 4]
      [GC Worker Other (ms): Min: 0.0, Avg: 0.0, Max: 0.0, Diff: 0.0, Sum: 0.1]
      [GC Worker Total (ms): Min: 49.2, Avg: 49.2, Max: 49.2, Diff: 0.0, Sum: 196.9]
      [GC Worker End (ms): Min: 432456.2, Avg: 432456.2, Max: 432456.2, Diff: 0.0]
   [Code Root Fixup: 0.0 ms]
   [Code Root Purge: 0.0 ms]
   [Clear CT: 0.0 ms]
   [Other: 7.9 ms]
      [Choose CSet: 0.0 ms]
      [Ref Proc: 0.0 ms]
      [Ref Enq: 0.0 ms]
      [Redirty Cards: 0.0 ms]
      [Humongous Register: 0.8 ms]
      [Humongous Reclaim: 1.9 ms]
      [Free CSet: 0.1 ms]
   [Eden: 64.0M(1062.0M)->0.0B(798.0M) Survivors: 1024.0K->1024.0K Heap: 4980.8M(5120.0M)->3715.3M(5120.0M)]
 [Times: user=0.20 sys=0.00, real=0.06 secs] 
2016-06-26T19:50:03.222+0300: 432.459: Total time for which application threads were stopped: 0.0636875 seconds, Stopping threads took: 0.0055612 seconds
2016-06-26T19:50:03.224+0300: 432.461: [GC pause (G1 Humongous Allocation) (young) (initial-mark)
Desired survivor size 52428800 bytes, new threshold 15 (max 15)
- age   1:      32160 bytes,      32160 total
- age   2:       9152 bytes,      41312 total
- age   3:      45520 bytes,      86832 total
- age   4:         72 bytes,      86904 total
- age   5:      12880 bytes,      99784 total
- age   6:       9128 bytes,     108912 total
- age   7:      25128 bytes,     134040 total
- age   9:      24960 bytes,     159000 total
- age  11:      11824 bytes,     170824 total
- age  12:       9032 bytes,     179856 total
- age  13:      18064 bytes,     197920 total
- age  15:      19816 bytes,     217736 total
, 0.0034580 secs]
   [Parallel Time: 1.7 ms, GC Workers: 4]
      [GC Worker Start (ms): Min: 432461.9, Avg: 432461.9, Max: 432462.0, Diff: 0.0]
      [Ext Root Scanning (ms): Min: 0.4, Avg: 0.4, Max: 0.5, Diff: 0.0, Sum: 1.7]
      [Update RS (ms): Min: 0.7, Avg: 0.8, Max: 0.8, Diff: 0.1, Sum: 3.1]
         [Processed Buffers: Min: 8, Avg: 8.8, Max: 10, Diff: 2, Sum: 35]
      [Scan RS (ms): Min: 0.0, Avg: 0.0, Max: 0.0, Diff: 0.0, Sum: 0.0]
      [Code Root Scanning (ms): Min: 0.0, Avg: 0.0, Max: 0.1, Diff: 0.1, Sum: 0.1]
      [Object Copy (ms): Min: 0.4, Avg: 0.5, Max: 0.5, Diff: 0.1, Sum: 1.8]
      [Termination (ms): Min: 0.0, Avg: 0.0, Max: 0.0, Diff: 0.0, Sum: 0.0]
         [Termination Attempts: Min: 1, Avg: 1.0, Max: 1, Diff: 0, Sum: 4]
      [GC Worker Other (ms): Min: 0.0, Avg: 0.0, Max: 0.0, Diff: 0.0, Sum: 0.0]
      [GC Worker Total (ms): Min: 1.7, Avg: 1.7, Max: 1.7, Diff: 0.0, Sum: 6.8]
      [GC Worker End (ms): Min: 432463.6, Avg: 432463.6, Max: 432463.6, Diff: 0.0]
   [Code Root Fixup: 0.0 ms]
   [Code Root Purge: 0.0 ms]
   [Clear CT: 0.0 ms]
   [Other: 1.7 ms]
      [Choose CSet: 0.0 ms]
      [Ref Proc: 0.1 ms]
      [Ref Enq: 0.0 ms]
      [Redirty Cards: 0.0 ms]
      [Humongous Register: 0.6 ms]
      [Humongous Reclaim: 0.3 ms]
      [Free CSet: 0.0 ms]
   [Eden: 1024.0K(798.0M)->0.0B(793.0M) Survivors: 1024.0K->1024.0K Heap: 3720.2M(5120.0M)->3719.2M(5120.0M)]
 [Times: user=0.00 sys=0.00, real=0.00 secs] 
2016-06-26T19:50:03.228+0300: 432.465: [GC concurrent-root-region-scan-start]
2016-06-26T19:50:03.228+0300: 432.465: Total time for which application threads were stopped: 0.0041324 seconds, Stopping threads took: 0.0000650 seconds
2016-06-26T19:50:03.229+0300: 432.466: [GC concurrent-root-region-scan-end, 0.0015622 secs]
2016-06-26T19:50:03.229+0300: 432.466: [GC concurrent-mark-start]
2016-06-26T19:50:03.256+0300: 432.493: [GC concurrent-mark-end, 0.0261228 secs]
2016-06-26T19:50:03.327+0300: 432.563: Total time for which application threads were stopped: 0.0046764 seconds, Stopping threads took: 0.0041671 seconds
2016-06-26T19:50:03.342+0300: 432.578: Total time for which application threads were stopped: 0.0069853 seconds, Stopping threads took: 0.0067805 seconds
2016-06-26T19:50:03.698+0300: 432.934: [GC remark 2016-06-26T19:50:03.698+0300: 432.934: [Finalize Marking, 0.0018051 secs] 2016-06-26T19:50:03.699+0300: 432.936: [GC ref-proc, 0.0001069 secs] 2016-06-26T19:50:03.700+0300: 432.936: [Unloading, 0.0017470 secs], 0.0240064 secs]
 [Times: user=0.13 sys=0.00, real=0.02 secs] 
2016-06-26T19:50:03.722+0300: 432.958: Total time for which application threads were stopped: 0.0341456 seconds, Stopping threads took: 0.0098318 seconds
2016-06-26T19:50:03.747+0300: 432.983: [GC cleanup 3993M->3993M(5120M), 0.0022135 secs]
 [Times: user=0.06 sys=0.00, real=0.00 secs] 
2016-06-26T19:50:03.749+0300: 432.986: Total time for which application threads were stopped: 0.0026177 seconds, Stopping threads took: 0.0000723 seconds
2016-06-26T19:50:04.329+0300: 433.565: Total time for which application threads were stopped: 0.0067360 seconds, Stopping threads took: 0.0059778 seconds
2016-06-26T19:50:05.261+0300: 434.498: [GC pause (G1 Humongous Allocation) (young)
Desired survivor size 52428800 bytes, new threshold 15 (max 15)
- age   1:       9072 bytes,       9072 total
- age   2:      32136 bytes,      41208 total
- age   3:       9152 bytes,      50360 total
- age   4:      45520 bytes,      95880 total
- age   5:         72 bytes,      95952 total
- age   6:      12880 bytes,     108832 total
- age   7:       9128 bytes,     117960 total
- age   8:      25128 bytes,     143088 total
- age  10:      24960 bytes,     168048 total
- age  12:      11824 bytes,     179872 total
- age  13:       9032 bytes,     188904 total
- age  14:      18064 bytes,     206968 total
, 0.0568737 secs]
   [Parallel Time: 48.9 ms, GC Workers: 4]
      [GC Worker Start (ms): Min: 434503.4, Avg: 434503.4, Max: 434503.4, Diff: 0.0]
      [Ext Root Scanning (ms): Min: 0.4, Avg: 0.4, Max: 0.4, Diff: 0.0, Sum: 1.5]
      [Update RS (ms): Min: 48.0, Avg: 48.0, Max: 48.0, Diff: 0.0, Sum: 192.1]
         [Processed Buffers: Min: 494, Avg: 505.0, Max: 513, Diff: 19, Sum: 2020]
      [Scan RS (ms): Min: 0.0, Avg: 0.0, Max: 0.0, Diff: 0.0, Sum: 0.0]
      [Code Root Scanning (ms): Min: 0.0, Avg: 0.0, Max: 0.1, Diff: 0.1, Sum: 0.1]
      [Object Copy (ms): Min: 0.4, Avg: 0.4, Max: 0.4, Diff: 0.0, Sum: 1.7]
      [Termination (ms): Min: 0.0, Avg: 0.0, Max: 0.0, Diff: 0.0, Sum: 0.0]
         [Termination Attempts: Min: 1, Avg: 1.0, Max: 1, Diff: 0, Sum: 4]
      [GC Worker Other (ms): Min: 0.0, Avg: 0.0, Max: 0.0, Diff: 0.0, Sum: 0.1]
      [GC Worker Total (ms): Min: 48.9, Avg: 48.9, Max: 48.9, Diff: 0.0, Sum: 195.5]
      [GC Worker End (ms): Min: 434552.3, Avg: 434552.3, Max: 434552.3, Diff: 0.0]
   [Code Root Fixup: 0.0 ms]
   [Code Root Purge: 0.0 ms]
   [Clear CT: 0.0 ms]
   [Other: 7.9 ms]
      [Choose CSet: 0.0 ms]
      [Ref Proc: 0.0 ms]
      [Ref Enq: 0.0 ms]
      [Redirty Cards: 0.0 ms]
      [Humongous Register: 0.8 ms]
      [Humongous Reclaim: 2.1 ms]
      [Free CSet: 0.1 ms]
   [Eden: 66.0M(793.0M)->0.0B(1068.0M) Survivors: 1024.0K->1024.0K Heap: 4979.8M(5120.0M)->3449.8M(5120.0M)]
 [Times: user=0.20 sys=0.00, real=0.06 secs] 
2016-06-26T19:50:05.318+0300: 434.555: Total time for which application threads were stopped: 0.0648773 seconds, Stopping threads took: 0.0071106 seconds
2016-06-26T19:50:05.323+0300: 434.560: Total time for which application threads were stopped: 0.0010465 seconds, Stopping threads took: 0.0001142 seconds
2016-06-26T19:50:05.393+0300: 434.630: [GC pause (G1 Humongous Allocation) (young) (initial-mark)
Desired survivor size 70254592 bytes, new threshold 15 (max 15)
- age   1:      31408 bytes,      31408 total
- age   2:       9048 bytes,      40456 total
- age   3:      24824 bytes,      65280 total
- age   4:       9152 bytes,      74432 total
- age   5:      40320 bytes,     114752 total
- age   6:         72 bytes,     114824 total
- age   7:       8064 bytes,     122888 total
- age   8:       9032 bytes,     131920 total
- age   9:      22464 bytes,     154384 total
- age  11:      23688 bytes,     178072 total
- age  13:      11536 bytes,     189608 total
- age  14:       9032 bytes,     198640 total
- age  15:      18064 bytes,     216704 total
, 0.0038215 secs]
   [Parallel Time: 2.0 ms, GC Workers: 4]
      [GC Worker Start (ms): Min: 434630.9, Avg: 434630.9, Max: 434630.9, Diff: 0.0]
      [Ext Root Scanning (ms): Min: 0.4, Avg: 0.4, Max: 0.4, Diff: 0.0, Sum: 1.5]
      [Update RS (ms): Min: 1.1, Avg: 1.2, Max: 1.2, Diff: 0.1, Sum: 4.6]
         [Processed Buffers: Min: 12, Avg: 12.3, Max: 13, Diff: 1, Sum: 49]
      [Scan RS (ms): Min: 0.0, Avg: 0.0, Max: 0.0, Diff: 0.0, Sum: 0.0]
      [Code Root Scanning (ms): Min: 0.0, Avg: 0.0, Max: 0.1, Diff: 0.1, Sum: 0.1]
      [Object Copy (ms): Min: 0.4, Avg: 0.4, Max: 0.5, Diff: 0.1, Sum: 1.7]
      [Termination (ms): Min: 0.0, Avg: 0.0, Max: 0.0, Diff: 0.0, Sum: 0.0]
         [Termination Attempts: Min: 1, Avg: 1.0, Max: 1, Diff: 0, Sum: 4]
      [GC Worker Other (ms): Min: 0.0, Avg: 0.0, Max: 0.0, Diff: 0.0, Sum: 0.0]
      [GC Worker Total (ms): Min: 2.0, Avg: 2.0, Max: 2.0, Diff: 0.0, Sum: 8.0]
      [GC Worker End (ms): Min: 434632.9, Avg: 434632.9, Max: 434632.9, Diff: 0.0]
   [Code Root Fixup: 0.0 ms]
   [Code Root Purge: 0.0 ms]
   [Clear CT: 0.0 ms]
   [Other: 1.7 ms]
      [Choose CSet: 0.0 ms]
      [Ref Proc: 0.0 ms]
      [Ref Enq: 0.0 ms]
      [Redirty Cards: 0.0 ms]
      [Humongous Register: 0.6 ms]
      [Humongous Reclaim: 0.3 ms]
      [Free CSet: 0.0 ms]
   [Eden: 2048.0K(1068.0M)->0.0B(1063.0M) Survivors: 1024.0K->1024.0K Heap: 3456.7M(5120.0M)->3455.6M(5120.0M)]
 [Times: user=0.00 sys=0.00, real=0.00 secs] 
2016-06-26T19:50:05.397+0300: 434.634: [GC concurrent-root-region-scan-start]
2016-06-26T19:50:05.397+0300: 434.634: Total time for which application threads were stopped: 0.0043629 seconds, Stopping threads took: 0.0000731 seconds
2016-06-26T19:50:05.398+0300: 434.635: [GC concurrent-root-region-scan-end, 0.0014309 secs]
2016-06-26T19:50:05.399+0300: 434.635: [GC concurrent-mark-start]
2016-06-26T19:50:05.428+0300: 434.664: [GC concurrent-mark-end, 0.0286374 secs]
2016-06-26T19:50:05.438+0300: 434.675: [GC remark 2016-06-26T19:50:05.438+0300: 434.675: [Finalize Marking, 0.0002861 secs] 2016-06-26T19:50:05.439+0300: 434.675: [GC ref-proc, 0.0001176 secs] 2016-06-26T19:50:05.439+0300: 434.675: [Unloading, 0.0017940 secs], 0.0211338 secs]
 [Times: user=0.06 sys=0.00, real=0.02 secs] 
2016-06-26T19:50:05.459+0300: 434.696: Total time for which application threads were stopped: 0.0277329 seconds, Stopping threads took: 0.0063318 seconds
2016-06-26T19:50:05.468+0300: 434.704: [GC cleanup 3472M->3472M(5120M), 0.0022003 secs]
 [Times: user=0.00 sys=0.00, real=0.00 secs] 
2016-06-26T19:50:05.470+0300: 434.706: Total time for which application threads were stopped: 0.0030013 seconds, Stopping threads took: 0.0000616 seconds
2016-06-26T19:50:06.336+0300: 435.573: Total time for which application threads were stopped: 0.0127988 seconds, Stopping threads took: 0.0119491 seconds
2016-06-26T19:50:06.604+0300: 435.841: [GC pause (G1 Humongous Allocation) (young) (initial-mark)
Desired survivor size 69730304 bytes, new threshold 15 (max 15)
- age   1:       1888 bytes,       1888 total
- age   2:      29080 bytes,      30968 total
- age   3:       9048 bytes,      40016 total
- age   4:      24824 bytes,      64840 total
- age   5:       9152 bytes,      73992 total
- age   6:      40320 bytes,     114312 total
- age   7:         72 bytes,     114384 total
- age   8:       8064 bytes,     122448 total
- age   9:       9032 bytes,     131480 total
- age  10:      22464 bytes,     153944 total
- age  12:      23688 bytes,     177632 total
- age  14:      11536 bytes,     189168 total
- age  15:       9032 bytes,     198200 total
, 0.0542283 secs]
   [Parallel Time: 46.7 ms, GC Workers: 4]
      [GC Worker Start (ms): Min: 435846.6, Avg: 435846.6, Max: 435846.6, Diff: 0.0]
      [Ext Root Scanning (ms): Min: 0.4, Avg: 0.4, Max: 0.4, Diff: 0.0, Sum: 1.6]
      [Update RS (ms): Min: 45.7, Avg: 45.8, Max: 45.9, Diff: 0.1, Sum: 183.1]
         [Processed Buffers: Min: 475, Avg: 485.0, Max: 493, Diff: 18, Sum: 1940]
      [Scan RS (ms): Min: 0.0, Avg: 0.0, Max: 0.0, Diff: 0.0, Sum: 0.0]
      [Code Root Scanning (ms): Min: 0.0, Avg: 0.0, Max: 0.1, Diff: 0.1, Sum: 0.1]
      [Object Copy (ms): Min: 0.4, Avg: 0.4, Max: 0.5, Diff: 0.1, Sum: 1.7]
      [Termination (ms): Min: 0.0, Avg: 0.0, Max: 0.0, Diff: 0.0, Sum: 0.0]
         [Termination Attempts: Min: 1, Avg: 1.0, Max: 1, Diff: 0, Sum: 4]
      [GC Worker Other (ms): Min: 0.0, Avg: 0.0, Max: 0.0, Diff: 0.0, Sum: 0.1]
      [GC Worker Total (ms): Min: 46.6, Avg: 46.6, Max: 46.6, Diff: 0.0, Sum: 186.5]
      [GC Worker End (ms): Min: 435893.2, Avg: 435893.2, Max: 435893.2, Diff: 0.0]
   [Code Root Fixup: 0.0 ms]
   [Code Root Purge: 0.0 ms]
   [Clear CT: 0.0 ms]
   [Other: 7.5 ms]
      [Choose CSet: 0.0 ms]
      [Ref Proc: 0.0 ms]
      [Ref Enq: 0.0 ms]
      [Redirty Cards: 0.0 ms]
      [Humongous Register: 0.7 ms]
      [Humongous Reclaim: 1.5 ms]
      [Free CSet: 0.1 ms]
   [Eden: 58.0M(1063.0M)->0.0B(1271.0M) Survivors: 1024.0K->1024.0K Heap: 4218.7M(5120.0M)->3252.5M(5120.0M)]
 [Times: user=0.20 sys=0.00, real=0.05 secs] 
2016-06-26T19:50:06.659+0300: 435.895: [GC concurrent-root-region-scan-start]
2016-06-26T19:50:06.659+0300: 435.895: Total time for which application threads were stopped: 0.0572325 seconds, Stopping threads took: 0.0024949 seconds
2016-06-26T19:50:06.660+0300: 435.897: [GC concurrent-root-region-scan-end, 0.0014592 secs]
2016-06-26T19:50:06.660+0300: 435.897: [GC concurrent-mark-start]
2016-06-26T19:50:06.689+0300: 435.926: [GC concurrent-mark-end, 0.0282235 secs]
2016-06-26T19:50:06.701+0300: 435.938: [GC remark 2016-06-26T19:50:06.701+0300: 435.938: [Finalize Marking, 0.0003006 secs] 2016-06-26T19:50:06.702+0300: 435.938: [GC ref-proc, 0.0001039 secs] 2016-06-26T19:50:06.702+0300: 435.938: [Unloading, 0.0016187 secs], 0.0198470 secs]
 [Times: user=0.06 sys=0.00, real=0.02 secs] 
2016-06-26T19:50:06.721+0300: 435.958: Total time for which application threads were stopped: 0.0275880 seconds, Stopping threads took: 0.0074681 seconds
2016-06-26T19:50:07.062+0300: 436.298: [GC cleanup 3501M->3501M(5120M), 0.0023654 secs]
 [Times: user=0.00 sys=0.00, real=0.00 secs] 
2016-06-26T19:50:07.064+0300: 436.301: Total time for which application threads were stopped: 0.0085941 seconds, Stopping threads took: 0.0058862 seconds
2016-06-26T19:50:07.329+0300: 436.566: Total time for which application threads were stopped: 0.0070944 seconds, Stopping threads took: 0.0063969 seconds
2016-06-26T19:50:09.329+0300: 438.566: Total time for which application threads were stopped: 0.0067976 seconds, Stopping threads took: 0.0058234 seconds
2016-06-26T19:50:09.406+0300: 438.643: [GC pause (G1 Humongous Allocation) (young)
Desired survivor size 83361792 bytes, new threshold 15 (max 15)
- age   1:      18184 bytes,      18184 total
- age   2:       1864 bytes,      20048 total
- age   3:      26128 bytes,      46176 total
- age   4:       9048 bytes,      55224 total
- age   5:      21696 bytes,      76920 total
- age   6:       9152 bytes,      86072 total
- age   7:      37176 bytes,     123248 total
- age   9:       5656 bytes,     128904 total
- age  10:       9032 bytes,     137936 total
- age  11:      21184 bytes,     159120 total
- age  13:      23472 bytes,     182592 total
- age  15:      11496 bytes,     194088 total
, 0.0565804 secs]
   [Parallel Time: 49.4 ms, GC Workers: 4]
      [GC Worker Start (ms): Min: 438648.4, Avg: 438648.4, Max: 438648.4, Diff: 0.0]
      [Ext Root Scanning (ms): Min: 0.4, Avg: 0.4, Max: 0.4, Diff: 0.0, Sum: 1.6]
      [Update RS (ms): Min: 48.4, Avg: 48.4, Max: 48.5, Diff: 0.0, Sum: 193.7]
         [Processed Buffers: Min: 514, Avg: 517.0, Max: 520, Diff: 6, Sum: 2068]
      [Scan RS (ms): Min: 0.0, Avg: 0.0, Max: 0.0, Diff: 0.0, Sum: 0.0]
      [Code Root Scanning (ms): Min: 0.0, Avg: 0.0, Max: 0.1, Diff: 0.1, Sum: 0.1]
      [Object Copy (ms): Min: 0.4, Avg: 0.4, Max: 0.5, Diff: 0.1, Sum: 1.8]
      [Termination (ms): Min: 0.0, Avg: 0.0, Max: 0.0, Diff: 0.0, Sum: 0.0]
         [Termination Attempts: Min: 1, Avg: 1.0, Max: 1, Diff: 0, Sum: 4]
      [GC Worker Other (ms): Min: 0.0, Avg: 0.0, Max: 0.0, Diff: 0.0, Sum: 0.1]
      [GC Worker Total (ms): Min: 49.3, Avg: 49.3, Max: 49.3, Diff: 0.0, Sum: 197.2]
      [GC Worker End (ms): Min: 438697.7, Avg: 438697.7, Max: 438697.7, Diff: 0.0]
   [Code Root Fixup: 0.0 ms]
   [Code Root Purge: 0.0 ms]
   [Clear CT: 0.0 ms]
   [Other: 7.2 ms]
      [Choose CSet: 0.0 ms]
      [Ref Proc: 0.0 ms]
      [Ref Enq: 0.0 ms]
      [Redirty Cards: 0.0 ms]
      [Humongous Register: 0.7 ms]
      [Humongous Reclaim: 1.3 ms]
      [Free CSet: 0.1 ms]
   [Eden: 65.0M(1271.0M)->0.0B(351.0M) Survivors: 1024.0K->1024.0K Heap: 4981.6M(5120.0M)->4154.9M(5120.0M)]
 [Times: user=0.19 sys=0.00, real=0.06 secs] 
2016-06-26T19:50:09.463+0300: 438.699: Total time for which application threads were stopped: 0.0612593 seconds, Stopping threads took: 0.0038305 seconds
2016-06-26T19:50:09.465+0300: 438.701: [GC pause (G1 Humongous Allocation) (young) (initial-mark)
Desired survivor size 23068672 bytes, new threshold 15 (max 15)
- age   1:      52344 bytes,      52344 total
- age   2:      13928 bytes,      66272 total
- age   3:       1784 bytes,      68056 total
- age   4:      23424 bytes,      91480 total
- age   5:       9048 bytes,     100528 total
- age   6:      18592 bytes,     119120 total
- age   7:       9152 bytes,     128272 total
- age   8:      34240 bytes,     162512 total
- age  10:       4456 bytes,     166968 total
- age  11:       9032 bytes,     176000 total
- age  12:      20560 bytes,     196560 total
- age  14:      23400 bytes,     219960 total
, 0.0030402 secs]
   [Parallel Time: 1.4 ms, GC Workers: 4]
      [GC Worker Start (ms): Min: 438702.5, Avg: 438702.5, Max: 438702.5, Diff: 0.0]
      [Ext Root Scanning (ms): Min: 0.4, Avg: 0.4, Max: 0.5, Diff: 0.0, Sum: 1.8]
      [Update RS (ms): Min: 0.4, Avg: 0.4, Max: 0.4, Diff: 0.0, Sum: 1.6]
         [Processed Buffers: Min: 4, Avg: 4.5, Max: 6, Diff: 2, Sum: 18]
      [Scan RS (ms): Min: 0.0, Avg: 0.0, Max: 0.0, Diff: 0.0, Sum: 0.0]
      [Code Root Scanning (ms): Min: 0.0, Avg: 0.0, Max: 0.1, Diff: 0.1, Sum: 0.1]
      [Object Copy (ms): Min: 0.4, Avg: 0.4, Max: 0.5, Diff: 0.1, Sum: 1.8]
      [Termination (ms): Min: 0.0, Avg: 0.0, Max: 0.0, Diff: 0.0, Sum: 0.0]
         [Termination Attempts: Min: 1, Avg: 1.0, Max: 1, Diff: 0, Sum: 4]
      [GC Worker Other (ms): Min: 0.0, Avg: 0.0, Max: 0.0, Diff: 0.0, Sum: 0.0]
      [GC Worker Total (ms): Min: 1.3, Avg: 1.3, Max: 1.3, Diff: 0.0, Sum: 5.3]
      [GC Worker End (ms): Min: 438703.8, Avg: 438703.8, Max: 438703.8, Diff: 0.0]
   [Code Root Fixup: 0.0 ms]
   [Code Root Purge: 0.0 ms]
   [Clear CT: 0.0 ms]
   [Other: 1.6 ms]
      [Choose CSet: 0.0 ms]
      [Ref Proc: 0.1 ms]
      [Ref Enq: 0.0 ms]
      [Redirty Cards: 0.0 ms]
      [Humongous Register: 0.7 ms]
      [Humongous Reclaim: 0.3 ms]
      [Free CSet: 0.0 ms]
   [Eden: 1024.0K(351.0M)->0.0B(349.0M) Survivors: 1024.0K->1024.0K Heap: 4157.3M(5120.0M)->4156.8M(5120.0M)]
 [Times: user=0.06 sys=0.00, real=0.00 secs] 
2016-06-26T19:50:09.468+0300: 2016-06-26T19:50:09.468+0300: 438.705: 438.705: [GC concurrent-root-region-scan-start]
Total time for which application threads were stopped: 0.0036864 seconds, Stopping threads took: 0.0000633 seconds
2016-06-26T19:50:09.470+0300: 438.706: [GC concurrent-root-region-scan-end, 0.0015840 secs]
2016-06-26T19:50:09.470+0300: 438.706: [GC concurrent-mark-start]
2016-06-26T19:50:09.498+0300: 438.735: [GC concurrent-mark-end, 0.0280789 secs]
2016-06-26T19:50:09.503+0300: 438.740: [GC remark 2016-06-26T19:50:09.503+0300: 438.740: [Finalize Marking, 0.0002968 secs] 2016-06-26T19:50:09.503+0300: 438.740: [GC ref-proc, 0.0001039 secs] 2016-06-26T19:50:09.504+0300: 438.740: [Unloading, 0.0018299 secs], 0.0248052 secs]
 [Times: user=0.06 sys=0.00, real=0.03 secs] 
2016-06-26T19:50:09.528+0300: 438.765: Total time for which application threads were stopped: 0.0284245 seconds, Stopping threads took: 0.0031223 seconds
2016-06-26T19:50:09.530+0300: 438.767: [GC cleanup 4171M->4171M(5120M), 0.0020698 secs]
 [Times: user=0.00 sys=0.00, real=0.00 secs] 
2016-06-26T19:50:09.532+0300: 438.769: Total time for which application threads were stopped: 0.0025518 seconds, Stopping threads took: 0.0000684 seconds
2016-06-26T19:50:10.331+0300: 439.568: Total time for which application threads were stopped: 0.0082862 seconds, Stopping threads took: 0.0073078 seconds
2016-06-26T19:50:10.738+0300: 439.975: [GC pause (G1 Humongous Allocation) (young)
Desired survivor size 23068672 bytes, new threshold 15 (max 15)
- age   1:         40 bytes,         40 total
- age   2:      52320 bytes,      52360 total
- age   3:      13928 bytes,      66288 total
- age   4:       1784 bytes,      68072 total
- age   5:      23424 bytes,      91496 total
- age   6:       9048 bytes,     100544 total
- age   7:      18592 bytes,     119136 total
- age   8:       9152 bytes,     128288 total
- age   9:      34240 bytes,     162528 total
- age  11:       4456 bytes,     166984 total
- age  12:       9032 bytes,     176016 total
- age  13:      20560 bytes,     196576 total
- age  15:      23400 bytes,     219976 total
, 0.0497306 secs]
   [Parallel Time: 42.6 ms, GC Workers: 4]
      [GC Worker Start (ms): Min: 439980.0, Avg: 439980.0, Max: 439980.0, Diff: 0.0]
      [Ext Root Scanning (ms): Min: 0.4, Avg: 0.4, Max: 0.4, Diff: 0.0, Sum: 1.6]
      [Update RS (ms): Min: 41.6, Avg: 41.6, Max: 41.6, Diff: 0.0, Sum: 166.5]
         [Processed Buffers: Min: 433, Avg: 438.3, Max: 444, Diff: 11, Sum: 1753]
      [Scan RS (ms): Min: 0.0, Avg: 0.0, Max: 0.0, Diff: 0.0, Sum: 0.0]
      [Code Root Scanning (ms): Min: 0.0, Avg: 0.0, Max: 0.1, Diff: 0.1, Sum: 0.1]
      [Object Copy (ms): Min: 0.4, Avg: 0.4, Max: 0.5, Diff: 0.1, Sum: 1.8]
      [Termination (ms): Min: 0.0, Avg: 0.0, Max: 0.0, Diff: 0.0, Sum: 0.0]
         [Termination Attempts: Min: 1, Avg: 1.0, Max: 1, Diff: 0, Sum: 4]
      [GC Worker Other (ms): Min: 0.0, Avg: 0.0, Max: 0.0, Diff: 0.0, Sum: 0.1]
      [GC Worker Total (ms): Min: 42.5, Avg: 42.5, Max: 42.5, Diff: 0.0, Sum: 170.0]
      [GC Worker End (ms): Min: 440022.5, Avg: 440022.5, Max: 440022.5, Diff: 0.0]
   [Code Root Fixup: 0.0 ms]
   [Code Root Purge: 0.0 ms]
   [Clear CT: 0.0 ms]
   [Other: 7.1 ms]
      [Choose CSet: 0.0 ms]
      [Ref Proc: 0.1 ms]
      [Ref Enq: 0.0 ms]
      [Redirty Cards: 0.0 ms]
      [Humongous Register: 0.8 ms]
      [Humongous Reclaim: 1.8 ms]
      [Free CSet: 0.0 ms]
   [Eden: 52.0M(349.0M)->0.0B(788.0M) Survivors: 1024.0K->1024.0K Heap: 4980.3M(5120.0M)->3727.2M(5120.0M)]
 [Times: user=0.19 sys=0.00, real=0.05 secs] 
2016-06-26T19:50:10.788+0300: 440.025: Total time for which application threads were stopped: 0.0571243 seconds, Stopping threads took: 0.0063643 seconds
2016-06-26T19:50:10.795+0300: 440.031: [GC pause (G1 Humongous Allocation) (young) (initial-mark)
Desired survivor size 51904512 bytes, new threshold 15 (max 15)
- age   1:      17464 bytes,      17464 total
- age   2:         16 bytes,      17480 total
- age   3:      45416 bytes,      62896 total
- age   4:      10840 bytes,      73736 total
- age   5:       1752 bytes,      75488 total
- age   6:      19888 bytes,      95376 total
- age   7:       9032 bytes,     104408 total
- age   8:      15408 bytes,     119816 total
- age   9:       9152 bytes,     128968 total
- age  10:      33112 bytes,     162080 total
- age  12:       3888 bytes,     165968 total
- age  13:       9032 bytes,     175000 total
- age  14:      20536 bytes,     195536 total
, 0.0032805 secs]
   [Parallel Time: 1.5 ms, GC Workers: 4]
      [GC Worker Start (ms): Min: 440032.5, Avg: 440032.6, Max: 440033.0, Diff: 0.5]
      [Ext Root Scanning (ms): Min: 0.1, Avg: 0.5, Max: 0.6, Diff: 0.5, Sum: 1.9]
      [Update RS (ms): Min: 0.4, Avg: 0.4, Max: 0.5, Diff: 0.1, Sum: 1.6]
         [Processed Buffers: Min: 4, Avg: 4.5, Max: 5, Diff: 1, Sum: 18]
      [Scan RS (ms): Min: 0.0, Avg: 0.0, Max: 0.0, Diff: 0.0, Sum: 0.0]
      [Code Root Scanning (ms): Min: 0.0, Avg: 0.0, Max: 0.0, Diff: 0.0, Sum: 0.0]
      [Object Copy (ms): Min: 0.3, Avg: 0.4, Max: 0.5, Diff: 0.1, Sum: 1.6]
      [Termination (ms): Min: 0.0, Avg: 0.0, Max: 0.0, Diff: 0.0, Sum: 0.0]
         [Termination Attempts: Min: 1, Avg: 1.0, Max: 1, Diff: 0, Sum: 4]
      [GC Worker Other (ms): Min: 0.0, Avg: 0.0, Max: 0.0, Diff: 0.0, Sum: 0.0]
      [GC Worker Total (ms): Min: 0.9, Avg: 1.3, Max: 1.4, Diff: 0.5, Sum: 5.2]
      [GC Worker End (ms): Min: 440033.9, Avg: 440033.9, Max: 440033.9, Diff: 0.0]
   [Code Root Fixup: 0.0 ms]
   [Code Root Purge: 0.0 ms]
   [Clear CT: 0.0 ms]
   [Other: 1.8 ms]
      [Choose CSet: 0.0 ms]
      [Ref Proc: 0.0 ms]
      [Ref Enq: 0.0 ms]
      [Redirty Cards: 0.0 ms]
      [Humongous Register: 0.7 ms]
      [Humongous Reclaim: 0.3 ms]
      [Free CSet: 0.0 ms]
   [Eden: 1024.0K(788.0M)->0.0B(786.0M) Survivors: 1024.0K->1024.0K Heap: 3729.6M(5120.0M)->3729.1M(5120.0M)]
 [Times: user=0.02 sys=0.00, real=0.00 secs] 
2016-06-26T19:50:10.798+0300: 440.035: [GC concurrent-root-region-scan-start]
2016-06-26T19:50:10.798+0300: 440.035: Total time for which application threads were stopped: 0.0040050 seconds, Stopping threads took: 0.0000637 seconds
2016-06-26T19:50:10.800+0300: 440.036: [GC concurrent-root-region-scan-end, 0.0014271 secs]
2016-06-26T19:50:10.800+0300: 440.036: [GC concurrent-mark-start]
2016-06-26T19:50:10.831+0300: 440.068: [GC concurrent-mark-end, 0.0311247 secs]
2016-06-26T19:50:10.841+0300: 440.077: [GC remark 2016-06-26T19:50:10.841+0300: 440.077: [Finalize Marking, 0.0003421 secs] 2016-06-26T19:50:10.841+0300: 440.078: [GC ref-proc, 0.0001061 secs] 2016-06-26T19:50:10.841+0300: 440.078: [Unloading, 0.0029119 secs], 0.0244084 secs]
 [Times: user=0.06 sys=0.00, real=0.02 secs] 
2016-06-26T19:50:10.865+0300: 440.102: Total time for which application threads were stopped: 0.0310982 seconds, Stopping threads took: 0.0062536 seconds
2016-06-26T19:50:10.873+0300: 440.110: [GC cleanup 3748M->3748M(5120M), 0.0022683 secs]
 [Times: user=0.00 sys=0.00, real=0.00 secs] 
2016-06-26T19:50:10.875+0300: 440.112: Total time for which application threads were stopped: 0.0078278 seconds, Stopping threads took: 0.0000569 seconds
2016-06-26T19:50:11.893+0300: 441.130: Total time for which application threads were stopped: 0.0177040 seconds, Stopping threads took: 0.0173559 seconds
2016-06-26T19:50:12.989+0300: 442.226: [GC pause (G1 Humongous Allocation) (young)
Desired survivor size 51904512 bytes, new threshold 15 (max 15)
- age   1:         40 bytes,         40 total
- age   2:      17440 bytes,      17480 total
- age   3:         16 bytes,      17496 total
- age   4:      45416 bytes,      62912 total
- age   5:      10840 bytes,      73752 total
- age   6:       1752 bytes,      75504 total
- age   7:      19888 bytes,      95392 total
- age   8:       9032 bytes,     104424 total
- age   9:      15408 bytes,     119832 total
- age  10:       9152 bytes,     128984 total
- age  11:      33112 bytes,     162096 total
- age  13:       3888 bytes,     165984 total
- age  14:       9032 bytes,     175016 total
- age  15:      20536 bytes,     195552 total
, 0.0610361 secs]
   [Parallel Time: 52.6 ms, GC Workers: 4]
      [GC Worker Start (ms): Min: 442232.1, Avg: 442232.2, Max: 442232.3, Diff: 0.2]
      [Ext Root Scanning (ms): Min: 0.5, Avg: 0.6, Max: 0.7, Diff: 0.2, Sum: 2.6]
      [Update RS (ms): Min: 51.4, Avg: 51.4, Max: 51.5, Diff: 0.1, Sum: 205.6]
         [Processed Buffers: Min: 508, Avg: 520.3, Max: 536, Diff: 28, Sum: 2081]
      [Scan RS (ms): Min: 0.0, Avg: 0.0, Max: 0.0, Diff: 0.0, Sum: 0.0]
      [Code Root Scanning (ms): Min: 0.0, Avg: 0.0, Max: 0.0, Diff: 0.0, Sum: 0.1]
      [Object Copy (ms): Min: 0.4, Avg: 0.5, Max: 0.5, Diff: 0.1, Sum: 1.8]
      [Termination (ms): Min: 0.0, Avg: 0.0, Max: 0.0, Diff: 0.0, Sum: 0.0]
         [Termination Attempts: Min: 1, Avg: 1.0, Max: 1, Diff: 0, Sum: 4]
      [GC Worker Other (ms): Min: 0.0, Avg: 0.0, Max: 0.0, Diff: 0.0, Sum: 0.1]
      [GC Worker Total (ms): Min: 52.4, Avg: 52.6, Max: 52.6, Diff: 0.2, Sum: 210.2]
      [GC Worker End (ms): Min: 442284.7, Avg: 442284.7, Max: 442284.7, Diff: 0.0]
   [Code Root Fixup: 0.0 ms]
   [Code Root Purge: 0.0 ms]
   [Clear CT: 0.0 ms]
   [Other: 8.3 ms]
      [Choose CSet: 0.0 ms]
      [Ref Proc: 0.0 ms]
      [Ref Enq: 0.0 ms]
      [Redirty Cards: 0.0 ms]
      [Humongous Register: 0.8 ms]
      [Humongous Reclaim: 2.2 ms]
      [Free CSet: 0.1 ms]
   [Eden: 63.0M(786.0M)->0.0B(1158.0M) Survivors: 1024.0K->1024.0K Heap: 4981.0M(5120.0M)->3365.9M(5120.0M)]
 [Times: user=0.20 sys=0.00, real=0.06 secs] 
2016-06-26T19:50:13.051+0300: 442.287: Total time for which application threads were stopped: 0.0721705 seconds, Stopping threads took: 0.0102218 seconds
2016-06-26T19:50:13.057+0300: 442.294: [GC pause (G1 Humongous Allocation) (young) (initial-mark)
Desired survivor size 76021760 bytes, new threshold 15 (max 15)
- age   1:      56280 bytes,      56280 total
- age   2:         16 bytes,      56296 total
- age   3:      12040 bytes,      68336 total
- age   5:      40424 bytes,     108760 total
- age   6:       7616 bytes,     116376 total
- age   7:       1752 bytes,     118128 total
- age   8:      15832 bytes,     133960 total
- age   9:       9032 bytes,     142992 total
- age  10:      12136 bytes,     155128 total
- age  11:       9152 bytes,     164280 total
- age  12:      31496 bytes,     195776 total
- age  14:       3528 bytes,     199304 total
- age  15:       9032 bytes,     208336 total
, 0.0034127 secs]
   [Parallel Time: 1.7 ms, GC Workers: 4]
      [GC Worker Start (ms): Min: 442295.3, Avg: 442295.3, Max: 442295.4, Diff: 0.0]
      [Ext Root Scanning (ms): Min: 0.4, Avg: 0.4, Max: 0.4, Diff: 0.0, Sum: 1.7]
      [Update RS (ms): Min: 0.8, Avg: 0.8, Max: 0.8, Diff: 0.0, Sum: 3.1]
         [Processed Buffers: Min: 8, Avg: 8.5, Max: 9, Diff: 1, Sum: 34]
      [Scan RS (ms): Min: 0.0, Avg: 0.0, Max: 0.0, Diff: 0.0, Sum: 0.0]
      [Code Root Scanning (ms): Min: 0.0, Avg: 0.0, Max: 0.0, Diff: 0.0, Sum: 0.0]
      [Object Copy (ms): Min: 0.4, Avg: 0.4, Max: 0.5, Diff: 0.1, Sum: 1.7]
      [Termination (ms): Min: 0.0, Avg: 0.0, Max: 0.0, Diff: 0.0, Sum: 0.0]
         [Termination Attempts: Min: 1, Avg: 1.0, Max: 1, Diff: 0, Sum: 4]
      [GC Worker Other (ms): Min: 0.0, Avg: 0.0, Max: 0.0, Diff: 0.0, Sum: 0.0]
      [GC Worker Total (ms): Min: 1.6, Avg: 1.6, Max: 1.6, Diff: 0.0, Sum: 6.6]
      [GC Worker End (ms): Min: 442297.0, Avg: 442297.0, Max: 442297.0, Diff: 0.0]
   [Code Root Fixup: 0.0 ms]
   [Code Root Purge: 0.0 ms]
   [Clear CT: 0.0 ms]
   [Other: 1.7 ms]
      [Choose CSet: 0.0 ms]
      [Ref Proc: 0.1 ms]
      [Ref Enq: 0.0 ms]
      [Redirty Cards: 0.0 ms]
      [Humongous Register: 0.6 ms]
      [Humongous Reclaim: 0.2 ms]
      [Free CSet: 0.0 ms]
   [Eden: 1024.0K(1158.0M)->0.0B(1154.0M) Survivors: 1024.0K->1024.0K Heap: 3370.3M(5120.0M)->3369.7M(5120.0M)]
 [Times: user=0.00 sys=0.00, real=0.00 secs] 
2016-06-26T19:50:13.061+0300: 442.298: [GC concurrent-root-region-scan-start]
2016-06-26T19:50:13.061+0300: 442.298: Total time for which application threads were stopped: 0.0040426 seconds, Stopping threads took: 0.0000783 seconds
2016-06-26T19:50:13.063+0300: 442.300: [GC concurrent-root-region-scan-end, 0.0016952 secs]
2016-06-26T19:50:13.063+0300: 442.300: [GC concurrent-mark-start]
2016-06-26T19:50:13.093+0300: 442.330: [GC concurrent-mark-end, 0.0304982 secs]
2016-06-26T19:50:13.109+0300: 442.346: [GC remark 2016-06-26T19:50:13.109+0300: 442.346: [Finalize Marking, 0.0003301 secs] 2016-06-26T19:50:13.109+0300: 442.346: [GC ref-proc, 0.0001082 secs] 2016-06-26T19:50:13.110+0300: 442.346: [Unloading, 0.0017850 secs], 0.0215397 secs]
 [Times: user=0.05 sys=0.00, real=0.02 secs] 
2016-06-26T19:50:13.131+0300: 442.367: Total time for which application threads were stopped: 0.0270106 seconds, Stopping threads took: 0.0051079 seconds
2016-06-26T19:50:13.133+0300: 442.370: [GC cleanup 3399M->3399M(5120M), 0.0022871 secs]
 [Times: user=0.00 sys=0.00, real=0.00 secs] 
2016-06-26T19:50:13.136+0300: 442.372: Total time for which application threads were stopped: 0.0027195 seconds, Stopping threads took: 0.0000766 seconds
2016-06-26T19:50:14.149+0300: 443.386: Total time for which application threads were stopped: 0.0132453 seconds, Stopping threads took: 0.0129181 seconds
2016-06-26T19:50:15.651+0300: 444.888: [GC pause (G1 Humongous Allocation) (young)
Desired survivor size 76021760 bytes, new threshold 15 (max 15)
- age   1:         40 bytes,         40 total
- age   2:      56256 bytes,      56296 total
- age   3:         16 bytes,      56312 total
- age   4:      12040 bytes,      68352 total
- age   6:      40424 bytes,     108776 total
- age   7:       7616 bytes,     116392 total
- age   8:       1752 bytes,     118144 total
- age   9:      15832 bytes,     133976 total
- age  10:       9032 bytes,     143008 total
- age  11:      12136 bytes,     155144 total
- age  12:       9152 bytes,     164296 total
- age  13:      31496 bytes,     195792 total
- age  15:       3528 bytes,     199320 total
, 0.0619671 secs]
   [Parallel Time: 53.7 ms, GC Workers: 4]
      [GC Worker Start (ms): Min: 444894.0, Avg: 444894.1, Max: 444894.6, Diff: 0.7]
      [Ext Root Scanning (ms): Min: 0.0, Avg: 0.4, Max: 0.5, Diff: 0.5, Sum: 1.5]
      [Update RS (ms): Min: 52.6, Avg: 52.6, Max: 52.6, Diff: 0.1, Sum: 210.4]
         [Processed Buffers: Min: 506, Avg: 516.5, Max: 528, Diff: 22, Sum: 2066]
      [Scan RS (ms): Min: 0.0, Avg: 0.0, Max: 0.0, Diff: 0.0, Sum: 0.0]
      [Code Root Scanning (ms): Min: 0.0, Avg: 0.0, Max: 0.0, Diff: 0.0, Sum: 0.0]
      [Object Copy (ms): Min: 0.4, Avg: 0.4, Max: 0.5, Diff: 0.1, Sum: 1.7]
      [Termination (ms): Min: 0.0, Avg: 0.0, Max: 0.0, Diff: 0.0, Sum: 0.0]
         [Termination Attempts: Min: 1, Avg: 1.0, Max: 1, Diff: 0, Sum: 4]
      [GC Worker Other (ms): Min: 0.0, Avg: 0.0, Max: 0.0, Diff: 0.0, Sum: 0.1]
      [GC Worker Total (ms): Min: 53.0, Avg: 53.5, Max: 53.6, Diff: 0.7, Sum: 213.8]
      [GC Worker End (ms): Min: 444947.6, Avg: 444947.6, Max: 444947.6, Diff: 0.0]
   [Code Root Fixup: 0.0 ms]
   [Code Root Purge: 0.0 ms]
   [Clear CT: 0.0 ms]
   [Other: 8.2 ms]
      [Choose CSet: 0.0 ms]
      [Ref Proc: 0.1 ms]
      [Ref Enq: 0.0 ms]
      [Redirty Cards: 0.0 ms]
      [Humongous Register: 0.9 ms]
      [Humongous Reclaim: 2.0 ms]
      [Free CSet: 0.1 ms]
   [Eden: 63.0M(1154.0M)->0.0B(679.0M) Survivors: 1024.0K->1024.0K Heap: 4981.1M(5120.0M)->3834.7M(5120.0M)]
 [Times: user=0.20 sys=0.00, real=0.06 secs] 
2016-06-26T19:50:15.714+0300: 444.950: Total time for which application threads were stopped: 0.0711155 seconds, Stopping threads took: 0.0081588 seconds
2016-06-26T19:50:15.715+0300: 444.952: [GC pause (G1 Humongous Allocation) (young) (initial-mark)
Desired survivor size 44564480 bytes, new threshold 15 (max 15)
- age   1:      40000 bytes,      40000 total
- age   2:         16 bytes,      40016 total
- age   3:      50304 bytes,      90320 total
- age   4:         16 bytes,      90336 total
- age   5:       8448 bytes,      98784 total
- age   7:      37040 bytes,     135824 total
- age   8:       5304 bytes,     141128 total
- age   9:       1752 bytes,     142880 total
- age  10:      13568 bytes,     156448 total
- age  11:       9032 bytes,     165480 total
- age  12:      11104 bytes,     176584 total
- age  13:       9152 bytes,     185736 total
- age  14:      31288 bytes,     217024 total
, 0.0035726 secs]
   [Parallel Time: 1.9 ms, GC Workers: 4]
      [GC Worker Start (ms): Min: 444952.9, Avg: 444953.1, Max: 444953.5, Diff: 0.6]
      [Ext Root Scanning (ms): Min: 0.0, Avg: 0.7, Max: 1.7, Diff: 1.7, Sum: 3.0]
      [Update RS (ms): Min: 0.0, Avg: 0.4, Max: 0.6, Diff: 0.6, Sum: 1.6]
         [Processed Buffers: Min: 0, Avg: 4.5, Max: 7, Diff: 7, Sum: 18]
      [Scan RS (ms): Min: 0.0, Avg: 0.0, Max: 0.0, Diff: 0.0, Sum: 0.0]
      [Code Root Scanning (ms): Min: 0.0, Avg: 0.0, Max: 0.0, Diff: 0.0, Sum: 0.0]
      [Object Copy (ms): Min: 0.1, Avg: 0.4, Max: 0.6, Diff: 0.4, Sum: 1.8]
      [Termination (ms): Min: 0.0, Avg: 0.1, Max: 0.2, Diff: 0.2, Sum: 0.4]
         [Termination Attempts: Min: 1, Avg: 1.5, Max: 3, Diff: 2, Sum: 6]
      [GC Worker Other (ms): Min: 0.0, Avg: 0.0, Max: 0.0, Diff: 0.0, Sum: 0.0]
      [GC Worker Total (ms): Min: 1.2, Avg: 1.7, Max: 1.9, Diff: 0.6, Sum: 6.8]
      [GC Worker End (ms): Min: 444954.8, Avg: 444954.8, Max: 444954.8, Diff: 0.0]
   [Code Root Fixup: 0.0 ms]
   [Code Root Purge: 0.0 ms]
   [Clear CT: 0.0 ms]
   [Other: 1.6 ms]
      [Choose CSet: 0.0 ms]
      [Ref Proc: 0.1 ms]
      [Ref Enq: 0.0 ms]
      [Redirty Cards: 0.0 ms]
      [Humongous Register: 0.6 ms]
      [Humongous Reclaim: 0.3 ms]
      [Free CSet: 0.0 ms]
   [Eden: 1024.0K(679.0M)->0.0B(707.0M) Survivors: 1024.0K->1024.0K Heap: 3837.1M(5120.0M)->3807.3M(5120.0M)]
 [Times: user=0.05 sys=0.00, real=0.00 secs] 
2016-06-26T19:50:15.719+0300: 444.956: [GC concurrent-root-region-scan-start]
2016-06-26T19:50:15.719+0300: 444.956: Total time for which application threads were stopped: 0.0042483 seconds, Stopping threads took: 0.0000612 seconds
2016-06-26T19:50:15.721+0300: 444.957: [GC concurrent-root-region-scan-end, 0.0016554 secs]
2016-06-26T19:50:15.721+0300: 444.957: [GC concurrent-mark-start]
2016-06-26T19:50:15.750+0300: 444.987: [GC concurrent-mark-end, 0.0293995 secs]
2016-06-26T19:50:15.768+0300: 445.004: [GC remark 2016-06-26T19:50:15.768+0300: 445.005: [Finalize Marking, 0.0003639 secs] 2016-06-26T19:50:15.768+0300: 445.005: [GC ref-proc, 0.0001116 secs] 2016-06-26T19:50:15.768+0300: 445.005: [Unloading, 0.0018650 secs], 0.0240431 secs]
 [Times: user=0.05 sys=0.00, real=0.02 secs] 
2016-06-26T19:50:15.792+0300: 445.029: Total time for which application threads were stopped: 0.0318675 seconds, Stopping threads took: 0.0074232 seconds
2016-06-26T19:50:15.794+0300: 445.031: [GC cleanup 3827M->3827M(5120M), 0.0037775 secs]
 [Times: user=0.05 sys=0.00, real=0.00 secs] 
2016-06-26T19:50:15.798+0300: 445.035: Total time for which application threads were stopped: 0.0042269 seconds, Stopping threads took: 0.0000488 seconds
2016-06-26T19:50:16.809+0300: 446.046: Total time for which application threads were stopped: 0.0111596 seconds, Stopping threads took: 0.0108329 seconds
2016-06-26T19:50:17.573+0300: 446.809: [GC pause (G1 Humongous Allocation) (young)
Desired survivor size 46661632 bytes, new threshold 15 (max 15)
- age   1:         48 bytes,         48 total
- age   2:      39808 bytes,      39856 total
- age   3:         16 bytes,      39872 total
- age   4:      50208 bytes,      90080 total
- age   5:         16 bytes,      90096 total
- age   6:       8392 bytes,      98488 total
- age   8:      37040 bytes,     135528 total
- age   9:       5304 bytes,     140832 total
- age  10:       1752 bytes,     142584 total
- age  11:      13568 bytes,     156152 total
- age  12:       9032 bytes,     165184 total
- age  13:      11104 bytes,     176288 total
- age  14:       9152 bytes,     185440 total
- age  15:      31288 bytes,     216728 total
, 0.0576166 secs]
   [Parallel Time: 49.7 ms, GC Workers: 4]
      [GC Worker Start (ms): Min: 446814.9, Avg: 446814.9, Max: 446814.9, Diff: 0.0]
      [Ext Root Scanning (ms): Min: 0.4, Avg: 0.4, Max: 0.4, Diff: 0.0, Sum: 1.7]
      [Update RS (ms): Min: 48.8, Avg: 48.8, Max: 48.8, Diff: 0.0, Sum: 195.2]
         [Processed Buffers: Min: 430, Avg: 485.3, Max: 516, Diff: 86, Sum: 1941]
      [Scan RS (ms): Min: 0.0, Avg: 0.0, Max: 0.0, Diff: 0.0, Sum: 0.0]
      [Code Root Scanning (ms): Min: 0.0, Avg: 0.0, Max: 0.0, Diff: 0.0, Sum: 0.0]
      [Object Copy (ms): Min: 0.4, Avg: 0.5, Max: 0.5, Diff: 0.0, Sum: 1.8]
      [Termination (ms): Min: 0.0, Avg: 0.0, Max: 0.0, Diff: 0.0, Sum: 0.0]
         [Termination Attempts: Min: 1, Avg: 1.0, Max: 1, Diff: 0, Sum: 4]
      [GC Worker Other (ms): Min: 0.0, Avg: 0.0, Max: 0.0, Diff: 0.0, Sum: 0.1]
      [GC Worker Total (ms): Min: 49.7, Avg: 49.7, Max: 49.7, Diff: 0.0, Sum: 198.8]
      [GC Worker End (ms): Min: 446864.6, Avg: 446864.6, Max: 446864.6, Diff: 0.0]
   [Code Root Fixup: 0.0 ms]
   [Code Root Purge: 0.0 ms]
   [Clear CT: 0.0 ms]
   [Other: 7.8 ms]
      [Choose CSet: 0.0 ms]
      [Ref Proc: 0.0 ms]
      [Ref Enq: 0.0 ms]
      [Redirty Cards: 0.0 ms]
      [Humongous Register: 0.8 ms]
      [Humongous Reclaim: 2.1 ms]
      [Free CSet: 0.1 ms]
   [Eden: 60.0M(707.0M)->0.0B(977.0M) Survivors: 1024.0K->1024.0K Heap: 4980.6M(5120.0M)->3543.6M(5120.0M)]
 [Times: user=0.20 sys=0.00, real=0.06 secs] 
2016-06-26T19:50:17.631+0300: 446.867: Total time for which application threads were stopped: 0.0793273 seconds, Stopping threads took: 0.0205868 seconds
2016-06-26T19:50:17.635+0300: 446.871: [GC pause (G1 Humongous Allocation) (young) (initial-mark)
Desired survivor size 64487424 bytes, new threshold 15 (max 15)
- age   1:      37048 bytes,      37048 total
- age   2:         24 bytes,      37072 total
- age   3:      31776 bytes,      68848 total
- age   4:         16 bytes,      68864 total
- age   5:      44760 bytes,     113624 total
- age   6:         16 bytes,     113640 total
- age   7:       5712 bytes,     119352 total
- age   9:      34280 bytes,     153632 total
- age  10:       4224 bytes,     157856 total
- age  11:       1752 bytes,     159608 total
- age  12:      12776 bytes,     172384 total
- age  13:       9032 bytes,     181416 total
- age  14:      10832 bytes,     192248 total
- age  15:       9152 bytes,     201400 total
, 0.0034717 secs]
   [Parallel Time: 1.6 ms, GC Workers: 4]
      [GC Worker Start (ms): Min: 446872.5, Avg: 446872.6, Max: 446872.7, Diff: 0.2]
      [Ext Root Scanning (ms): Min: 0.5, Avg: 0.7, Max: 0.8, Diff: 0.2, Sum: 2.8]
      [Update RS (ms): Min: 0.4, Avg: 0.4, Max: 0.5, Diff: 0.1, Sum: 1.7]
         [Processed Buffers: Min: 4, Avg: 4.5, Max: 5, Diff: 1, Sum: 18]
      [Scan RS (ms): Min: 0.0, Avg: 0.0, Max: 0.0, Diff: 0.0, Sum: 0.0]
      [Code Root Scanning (ms): Min: 0.0, Avg: 0.0, Max: 0.0, Diff: 0.0, Sum: 0.0]
      [Object Copy (ms): Min: 0.3, Avg: 0.4, Max: 0.5, Diff: 0.1, Sum: 1.7]
      [Termination (ms): Min: 0.0, Avg: 0.0, Max: 0.0, Diff: 0.0, Sum: 0.0]
         [Termination Attempts: Min: 1, Avg: 1.0, Max: 1, Diff: 0, Sum: 4]
      [GC Worker Other (ms): Min: 0.0, Avg: 0.0, Max: 0.0, Diff: 0.0, Sum: 0.1]
      [GC Worker Total (ms): Min: 1.4, Avg: 1.6, Max: 1.6, Diff: 0.2, Sum: 6.2]
      [GC Worker End (ms): Min: 446874.1, Avg: 446874.1, Max: 446874.1, Diff: 0.0]
   [Code Root Fixup: 0.0 ms]
   [Code Root Purge: 0.0 ms]
   [Clear CT: 0.0 ms]
   [Other: 1.8 ms]
      [Choose CSet: 0.0 ms]
      [Ref Proc: 0.1 ms]
      [Ref Enq: 0.0 ms]
      [Redirty Cards: 0.0 ms]
      [Humongous Register: 0.7 ms]
      [Humongous Reclaim: 0.3 ms]
      [Free CSet: 0.0 ms]
   [Eden: 1024.0K(977.0M)->0.0B(975.0M) Survivors: 1024.0K->1024.0K Heap: 3546.1M(5120.0M)->3545.6M(5120.0M)]
 [Times: user=0.00 sys=0.00, real=0.00 secs] 
2016-06-26T19:50:17.639+0300: 446.875: [GC concurrent-root-region-scan-start]
2016-06-26T19:50:17.639+0300: 446.875: Total time for which application threads were stopped: 0.0041812 seconds, Stopping threads took: 0.0000710 seconds
2016-06-26T19:50:17.640+0300: 446.877: [GC concurrent-root-region-scan-end, 0.0014733 secs]
2016-06-26T19:50:17.640+0300: 446.877: [GC concurrent-mark-start]
2016-06-26T19:50:17.671+0300: 446.908: [GC concurrent-mark-end, 0.0298926 secs]
2016-06-26T19:50:17.698+0300: 446.935: [GC remark 2016-06-26T19:50:17.698+0300: 446.935: [Finalize Marking, 0.0004939 secs] 2016-06-26T19:50:17.699+0300: 446.935: [GC ref-proc, 0.0001180 secs] 2016-06-26T19:50:17.699+0300: 446.935: [Unloading, 0.0028948 secs], 0.0405989 secs]
 [Times: user=0.11 sys=0.00, real=0.04 secs] 
2016-06-26T19:50:17.739+0300: 446.975: Total time for which application threads were stopped: 0.0541213 seconds, Stopping threads took: 0.0129583 seconds
2016-06-26T19:50:17.741+0300: 446.977: [GC cleanup 3567M->3567M(5120M), 0.0022315 secs]
 [Times: user=0.00 sys=0.00, real=0.00 secs] 
2016-06-26T19:50:17.743+0300: 446.980: Total time for which application threads were stopped: 0.0027169 seconds, Stopping threads took: 0.0000492 seconds
2016-06-26T19:50:18.763+0300: 448.000: Total time for which application threads were stopped: 0.0197431 seconds, Stopping threads took: 0.0191790 seconds
2016-06-26T19:50:20.055+0300: 449.292: [GC pause (G1 Humongous Allocation) (young)
Desired survivor size 63963136 bytes, new threshold 15 (max 15)
- age   1:         40 bytes,         40 total
- age   2:      37024 bytes,      37064 total
- age   3:         24 bytes,      37088 total
- age   4:      31776 bytes,      68864 total
- age   5:         16 bytes,      68880 total
- age   6:      44760 bytes,     113640 total
- age   7:         16 bytes,     113656 total
- age   8:       5712 bytes,     119368 total
- age  10:      34280 bytes,     153648 total
- age  11:       4224 bytes,     157872 total
- age  12:       1752 bytes,     159624 total
- age  13:      12776 bytes,     172400 total
- age  14:       9032 bytes,     181432 total
- age  15:      10832 bytes,     192264 total
, 0.0608526 secs]
   [Parallel Time: 52.3 ms, GC Workers: 4]
      [GC Worker Start (ms): Min: 449297.9, Avg: 449297.9, Max: 449298.0, Diff: 0.0]
      [Ext Root Scanning (ms): Min: 0.4, Avg: 0.4, Max: 0.4, Diff: 0.0, Sum: 1.6]
      [Update RS (ms): Min: 51.4, Avg: 51.4, Max: 51.4, Diff: 0.0, Sum: 205.5]
         [Processed Buffers: Min: 512, Avg: 524.5, Max: 539, Diff: 27, Sum: 2098]
      [Scan RS (ms): Min: 0.0, Avg: 0.0, Max: 0.0, Diff: 0.0, Sum: 0.0]
      [Code Root Scanning (ms): Min: 0.0, Avg: 0.0, Max: 0.0, Diff: 0.0, Sum: 0.0]
      [Object Copy (ms): Min: 0.4, Avg: 0.4, Max: 0.4, Diff: 0.0, Sum: 1.7]
      [Termination (ms): Min: 0.0, Avg: 0.0, Max: 0.0, Diff: 0.0, Sum: 0.0]
         [Termination Attempts: Min: 1, Avg: 1.0, Max: 1, Diff: 0, Sum: 4]
      [GC Worker Other (ms): Min: 0.0, Avg: 0.0, Max: 0.0, Diff: 0.0, Sum: 0.1]
      [GC Worker Total (ms): Min: 52.2, Avg: 52.2, Max: 52.2, Diff: 0.0, Sum: 208.9]
      [GC Worker End (ms): Min: 449350.2, Avg: 449350.2, Max: 449350.2, Diff: 0.0]
   [Code Root Fixup: 0.0 ms]
   [Code Root Purge: 0.0 ms]
   [Clear CT: 0.0 ms]
   [Other: 8.5 ms]
      [Choose CSet: 0.0 ms]
      [Ref Proc: 0.1 ms]
      [Ref Enq: 0.0 ms]
      [Redirty Cards: 0.1 ms]
      [Humongous Register: 0.8 ms]
      [Humongous Reclaim: 2.1 ms]
      [Free CSet: 0.1 ms]
   [Eden: 63.0M(975.0M)->0.0B(919.0M) Survivors: 1024.0K->1024.0K Heap: 4981.6M(5120.0M)->3600.3M(5120.0M)]
 [Times: user=0.20 sys=0.00, real=0.06 secs] 
2016-06-26T19:50:20.116+0300: 449.353: Total time for which application threads were stopped: 0.0689314 seconds, Stopping threads took: 0.0071153 seconds
2016-06-26T19:50:20.117+0300: 449.354: [GC pause (G1 Humongous Allocation) (young) (initial-mark)
Desired survivor size 60293120 bytes, new threshold 15 (max 15)
- age   1:      39032 bytes,      39032 total
- age   3:      30224 bytes,      69256 total
- age   4:         24 bytes,      69280 total
- age   5:      27384 bytes,      96664 total
- age   7:      41168 bytes,     137832 total
- age   8:         16 bytes,     137848 total
- age   9:       3872 bytes,     141720 total
- age  11:      31616 bytes,     173336 total
- age  12:       3552 bytes,     176888 total
- age  13:       1752 bytes,     178640 total
- age  14:      12536 bytes,     191176 total
- age  15:       9032 bytes,     200208 total
, 0.0029260 secs]
   [Parallel Time: 1.4 ms, GC Workers: 4]
      [GC Worker Start (ms): Min: 449354.9, Avg: 449354.9, Max: 449354.9, Diff: 0.0]
      [Ext Root Scanning (ms): Min: 0.4, Avg: 0.5, Max: 0.5, Diff: 0.0, Sum: 1.8]
      [Update RS (ms): Min: 0.4, Avg: 0.4, Max: 0.5, Diff: 0.1, Sum: 1.6]
         [Processed Buffers: Min: 4, Avg: 4.5, Max: 6, Diff: 2, Sum: 18]
      [Scan RS (ms): Min: 0.0, Avg: 0.0, Max: 0.0, Diff: 0.0, Sum: 0.0]
      [Code Root Scanning (ms): Min: 0.0, Avg: 0.0, Max: 0.0, Diff: 0.0, Sum: 0.0]
      [Object Copy (ms): Min: 0.4, Avg: 0.4, Max: 0.4, Diff: 0.1, Sum: 1.7]
      [Termination (ms): Min: 0.0, Avg: 0.0, Max: 0.0, Diff: 0.0, Sum: 0.0]
         [Termination Attempts: Min: 1, Avg: 1.0, Max: 1, Diff: 0, Sum: 4]
      [GC Worker Other (ms): Min: 0.0, Avg: 0.0, Max: 0.0, Diff: 0.0, Sum: 0.0]
      [GC Worker Total (ms): Min: 1.3, Avg: 1.3, Max: 1.3, Diff: 0.0, Sum: 5.2]
      [GC Worker End (ms): Min: 449356.2, Avg: 449356.2, Max: 449356.2, Diff: 0.0]
   [Code Root Fixup: 0.0 ms]
   [Code Root Purge: 0.0 ms]
   [Clear CT: 0.0 ms]
   [Other: 1.5 ms]
      [Choose CSet: 0.0 ms]
      [Ref Proc: 0.1 ms]
      [Ref Enq: 0.0 ms]
      [Redirty Cards: 0.0 ms]
      [Humongous Register: 0.6 ms]
      [Humongous Reclaim: 0.3 ms]
      [Free CSet: 0.0 ms]
   [Eden: 1024.0K(919.0M)->0.0B(913.0M) Survivors: 1024.0K->1024.0K Heap: 3603.2M(5120.0M)->3602.3M(5120.0M)]
 [Times: user=0.00 sys=0.00, real=0.00 secs] 
2016-06-26T19:50:20.120+0300: 449.357: [GC concurrent-root-region-scan-start]
2016-06-26T19:50:20.120+0300: 449.357: Total time for which application threads were stopped: 0.0035658 seconds, Stopping threads took: 0.0000594 seconds
2016-06-26T19:50:20.122+0300: 449.359: [GC concurrent-root-region-scan-end, 0.0015199 secs]
2016-06-26T19:50:20.122+0300: 449.359: [GC concurrent-mark-start]
2016-06-26T19:50:20.158+0300: 449.395: [GC concurrent-mark-end, 0.0358648 secs]
2016-06-26T19:50:20.162+0300: 449.399: [GC remark 2016-06-26T19:50:20.162+0300: 449.399: [Finalize Marking, 0.0003733 secs] 2016-06-26T19:50:20.163+0300: 449.400: [GC ref-proc, 0.0001065 secs] 2016-06-26T19:50:20.163+0300: 449.400: [Unloading, 0.0019082 secs], 0.0223107 secs]
 [Times: user=0.06 sys=0.00, real=0.02 secs] 
2016-06-26T19:50:20.185+0300: 449.422: Total time for which application threads were stopped: 0.0264705 seconds, Stopping threads took: 0.0036757 seconds
2016-06-26T19:50:20.187+0300: 449.424: [GC cleanup 3623M->3623M(5120M), 0.0022238 secs]
 [Times: user=0.00 sys=0.00, real=0.00 secs] 
2016-06-26T19:50:20.189+0300: 449.426: Total time for which application threads were stopped: 0.0027177 seconds, Stopping threads took: 0.0000676 seconds
2016-06-26T19:50:22.199+0300: 451.435: Total time for which application threads were stopped: 0.0090603 seconds, Stopping threads took: 0.0088349 seconds
2016-06-26T19:50:22.512+0300: 451.748: [GC pause (G1 Humongous Allocation) (young)
Desired survivor size 60293120 bytes, new threshold 15 (max 15)
- age   1:       9072 bytes,       9072 total
- age   2:      39008 bytes,      48080 total
- age   4:      30224 bytes,      78304 total
- age   5:         24 bytes,      78328 total
- age   6:      27384 bytes,     105712 total
- age   8:      41168 bytes,     146880 total
- age   9:         16 bytes,     146896 total
- age  10:       3872 bytes,     150768 total
- age  12:      31616 bytes,     182384 total
- age  13:       3552 bytes,     185936 total
- age  14:       1752 bytes,     187688 total
- age  15:      12536 bytes,     200224 total
, 0.0584317 secs]
   [Parallel Time: 50.2 ms, GC Workers: 4]
      [GC Worker Start (ms): Min: 451753.8, Avg: 451753.8, Max: 451753.8, Diff: 0.0]
      [Ext Root Scanning (ms): Min: 0.3, Avg: 0.3, Max: 0.4, Diff: 0.0, Sum: 1.4]
      [Update RS (ms): Min: 49.3, Avg: 49.4, Max: 49.4, Diff: 0.1, Sum: 197.4]
         [Processed Buffers: Min: 502, Avg: 512.5, Max: 522, Diff: 20, Sum: 2050]
      [Scan RS (ms): Min: 0.0, Avg: 0.0, Max: 0.0, Diff: 0.0, Sum: 0.0]
      [Code Root Scanning (ms): Min: 0.0, Avg: 0.0, Max: 0.0, Diff: 0.0, Sum: 0.0]
      [Object Copy (ms): Min: 0.4, Avg: 0.4, Max: 0.4, Diff: 0.0, Sum: 1.6]
      [Termination (ms): Min: 0.0, Avg: 0.0, Max: 0.0, Diff: 0.0, Sum: 0.0]
         [Termination Attempts: Min: 1, Avg: 1.0, Max: 1, Diff: 0, Sum: 4]
      [GC Worker Other (ms): Min: 0.0, Avg: 0.0, Max: 0.0, Diff: 0.0, Sum: 0.1]
      [GC Worker Total (ms): Min: 50.1, Avg: 50.1, Max: 50.2, Diff: 0.0, Sum: 200.6]
      [GC Worker End (ms): Min: 451803.9, Avg: 451803.9, Max: 451803.9, Diff: 0.0]
   [Code Root Fixup: 0.0 ms]
   [Code Root Purge: 0.0 ms]
   [Clear CT: 0.1 ms]
   [Other: 8.2 ms]
      [Choose CSet: 0.0 ms]
      [Ref Proc: 0.0 ms]
      [Ref Enq: 0.0 ms]
      [Redirty Cards: 0.0 ms]
      [Humongous Register: 0.8 ms]
      [Humongous Reclaim: 2.3 ms]
      [Free CSet: 0.1 ms]
   [Eden: 62.0M(913.0M)->0.0B(1245.0M) Survivors: 1024.0K->1024.0K Heap: 4980.2M(5120.0M)->3278.1M(5120.0M)]
 [Times: user=0.20 sys=0.00, real=0.06 secs] 
2016-06-26T19:50:22.570+0300: 451.807: Total time for which application threads were stopped: 0.0665528 seconds, Stopping threads took: 0.0073548 seconds
2016-06-26T19:50:22.579+0300: 451.816: [GC pause (G1 Humongous Allocation) (young) (initial-mark)
Desired survivor size 81788928 bytes, new threshold 15 (max 15)
- age   1:      29120 bytes,      29120 total
- age   2:       9048 bytes,      38168 total
- age   3:      31136 bytes,      69304 total
- age   5:      25760 bytes,      95064 total
- age   7:      22792 bytes,     117856 total
- age   9:      38216 bytes,     156072 total
- age  11:       2688 bytes,     158760 total
- age  13:      30688 bytes,     189448 total
- age  14:       3440 bytes,     192888 total
- age  15:       1752 bytes,     194640 total
, 0.0034687 secs]
   [Parallel Time: 1.6 ms, GC Workers: 4]
      [GC Worker Start (ms): Min: 451817.0, Avg: 451817.0, Max: 451817.0, Diff: 0.0]
      [Ext Root Scanning (ms): Min: 0.4, Avg: 0.4, Max: 0.4, Diff: 0.0, Sum: 1.6]
      [Update RS (ms): Min: 0.7, Avg: 0.8, Max: 0.8, Diff: 0.1, Sum: 3.1]
         [Processed Buffers: Min: 8, Avg: 8.5, Max: 10, Diff: 2, Sum: 34]
      [Scan RS (ms): Min: 0.0, Avg: 0.0, Max: 0.0, Diff: 0.0, Sum: 0.0]
      [Code Root Scanning (ms): Min: 0.0, Avg: 0.0, Max: 0.0, Diff: 0.0, Sum: 0.0]
      [Object Copy (ms): Min: 0.3, Avg: 0.4, Max: 0.4, Diff: 0.1, Sum: 1.5]
      [Termination (ms): Min: 0.0, Avg: 0.0, Max: 0.0, Diff: 0.0, Sum: 0.0]
         [Termination Attempts: Min: 1, Avg: 1.0, Max: 1, Diff: 0, Sum: 4]
      [GC Worker Other (ms): Min: 0.0, Avg: 0.0, Max: 0.0, Diff: 0.0, Sum: 0.0]
      [GC Worker Total (ms): Min: 1.5, Avg: 1.6, Max: 1.6, Diff: 0.0, Sum: 6.3]
      [GC Worker End (ms): Min: 451818.6, Avg: 451818.6, Max: 451818.6, Diff: 0.0]
   [Code Root Fixup: 0.0 ms]
   [Code Root Purge: 0.0 ms]
   [Clear CT: 0.1 ms]
   [Other: 1.8 ms]
      [Choose CSet: 0.0 ms]
      [Ref Proc: 0.1 ms]
      [Ref Enq: 0.0 ms]
      [Redirty Cards: 0.0 ms]
      [Humongous Register: 0.6 ms]
      [Humongous Reclaim: 0.3 ms]
      [Free CSet: 0.0 ms]
   [Eden: 1024.0K(1245.0M)->0.0B(1242.0M) Survivors: 1024.0K->1024.0K Heap: 3282.5M(5120.0M)->3282.0M(5120.0M)]
 [Times: user=0.00 sys=0.00, real=0.00 secs] 
2016-06-26T19:50:22.583+0300: 451.820: [GC concurrent-root-region-scan-start]
2016-06-26T19:50:22.583+0300: 451.820: Total time for which application threads were stopped: 0.0040875 seconds, Stopping threads took: 0.0000907 seconds
2016-06-26T19:50:22.585+0300: 451.821: [GC concurrent-root-region-scan-end, 0.0015015 secs]
2016-06-26T19:50:22.585+0300: 451.821: [GC concurrent-mark-start]
2016-06-26T19:50:22.613+0300: 451.849: [GC concurrent-mark-end, 0.0277826 secs]
2016-06-26T19:50:22.647+0300: 451.883: [GC remark 2016-06-26T19:50:22.647+0300: 451.883: [Finalize Marking, 0.0003096 secs] 2016-06-26T19:50:22.647+0300: 451.884: [GC ref-proc, 0.0001039 secs] 2016-06-26T19:50:22.647+0300: 451.884: [Unloading, 0.0016512 secs], 0.0202178 secs]
 [Times: user=0.06 sys=0.00, real=0.02 secs] 
2016-06-26T19:50:22.667+0300: 451.904: Total time for which application threads were stopped: 0.0215568 seconds, Stopping threads took: 0.0010721 seconds
2016-06-26T19:50:22.670+0300: 451.906: [GC cleanup 3309M->3309M(5120M), 0.0022525 secs]
 [Times: user=0.06 sys=0.00, real=0.00 secs] 
2016-06-26T19:50:22.672+0300: 451.909: Total time for which application threads were stopped: 0.0025809 seconds, Stopping threads took: 0.0000573 seconds
2016-06-26T19:50:23.678+0300: 452.915: Total time for which application threads were stopped: 0.0068536 seconds, Stopping threads took: 0.0065157 seconds
2016-06-26T19:50:24.407+0300: 453.644: Total time for which application threads were stopped: 0.0161029 seconds, Stopping threads took: 0.0151291 seconds
2016-06-26T19:50:25.401+0300: 454.637: [GC pause (G1 Humongous Allocation) (young)
Desired survivor size 81788928 bytes, new threshold 15 (max 15)
- age   1:         40 bytes,         40 total
- age   2:      29096 bytes,      29136 total
- age   3:       9048 bytes,      38184 total
- age   4:      31136 bytes,      69320 total
- age   6:      25760 bytes,      95080 total
- age   8:      22792 bytes,     117872 total
- age  10:      38216 bytes,     156088 total
- age  12:       2688 bytes,     158776 total
- age  14:      30688 bytes,     189464 total
- age  15:       3440 bytes,     192904 total
, 0.0590787 secs]
   [Parallel Time: 50.9 ms, GC Workers: 4]
      [GC Worker Start (ms): Min: 454643.5, Avg: 454643.5, Max: 454643.5, Diff: 0.0]
      [Ext Root Scanning (ms): Min: 0.4, Avg: 0.4, Max: 0.4, Diff: 0.0, Sum: 1.6]
      [Update RS (ms): Min: 49.8, Avg: 49.9, Max: 50.1, Diff: 0.3, Sum: 199.6]
         [Processed Buffers: Min: 502, Avg: 513.3, Max: 519, Diff: 17, Sum: 2053]
      [Scan RS (ms): Min: 0.0, Avg: 0.0, Max: 0.0, Diff: 0.0, Sum: 0.0]
      [Code Root Scanning (ms): Min: 0.0, Avg: 0.0, Max: 0.0, Diff: 0.0, Sum: 0.0]
      [Object Copy (ms): Min: 0.4, Avg: 0.5, Max: 0.7, Diff: 0.3, Sum: 2.2]
      [Termination (ms): Min: 0.0, Avg: 0.0, Max: 0.1, Diff: 0.1, Sum: 0.1]
         [Termination Attempts: Min: 1, Avg: 1.0, Max: 1, Diff: 0, Sum: 4]
      [GC Worker Other (ms): Min: 0.0, Avg: 0.0, Max: 0.0, Diff: 0.0, Sum: 0.1]
      [GC Worker Total (ms): Min: 50.9, Avg: 50.9, Max: 50.9, Diff: 0.0, Sum: 203.6]
      [GC Worker End (ms): Min: 454694.4, Avg: 454694.4, Max: 454694.4, Diff: 0.0]
   [Code Root Fixup: 0.0 ms]
   [Code Root Purge: 0.0 ms]
   [Clear CT: 0.0 ms]
   [Other: 8.1 ms]
      [Choose CSet: 0.0 ms]
      [Ref Proc: 0.1 ms]
      [Ref Enq: 0.0 ms]
      [Redirty Cards: 0.0 ms]
      [Humongous Register: 0.8 ms]
      [Humongous Reclaim: 1.7 ms]
      [Free CSet: 0.0 ms]
   [Eden: 64.0M(1242.0M)->0.0B(710.0M) Survivors: 1024.0K->1024.0K Heap: 4979.8M(5120.0M)->3803.5M(5120.0M)]
 [Times: user=0.19 sys=0.00, real=0.06 secs] 
2016-06-26T19:50:25.460+0300: 454.697: Total time for which application threads were stopped: 0.0710376 seconds, Stopping threads took: 0.0110104 seconds
2016-06-26T19:50:25.462+0300: 454.699: [GC pause (G1 Humongous Allocation) (young) (initial-mark)
Desired survivor size 46661632 bytes, new threshold 15 (max 15)
- age   1:      42824 bytes,      42824 total
- age   2:         16 bytes,      42840 total
- age   3:      23072 bytes,      65912 total
- age   4:       9048 bytes,      74960 total
- age   5:      26800 bytes,     101760 total
- age   7:      22488 bytes,     124248 total
- age   9:      20120 bytes,     144368 total
- age  11:      36688 bytes,     181056 total
- age  13:       2512 bytes,     183568 total
- age  15:      30600 bytes,     214168 total
, 0.0033468 secs]
   [Parallel Time: 1.4 ms, GC Workers: 4]
      [GC Worker Start (ms): Min: 454699.9, Avg: 454699.9, Max: 454699.9, Diff: 0.1]
      [Ext Root Scanning (ms): Min: 0.4, Avg: 0.5, Max: 0.5, Diff: 0.1, Sum: 1.8]
      [Update RS (ms): Min: 0.4, Avg: 0.4, Max: 0.4, Diff: 0.0, Sum: 1.6]
         [Processed Buffers: Min: 4, Avg: 4.5, Max: 6, Diff: 2, Sum: 18]
      [Scan RS (ms): Min: 0.0, Avg: 0.0, Max: 0.0, Diff: 0.0, Sum: 0.0]
      [Code Root Scanning (ms): Min: 0.0, Avg: 0.0, Max: 0.0, Diff: 0.0, Sum: 0.0]
      [Object Copy (ms): Min: 0.4, Avg: 0.4, Max: 0.5, Diff: 0.1, Sum: 1.8]
      [Termination (ms): Min: 0.0, Avg: 0.0, Max: 0.0, Diff: 0.0, Sum: 0.0]
         [Termination Attempts: Min: 1, Avg: 1.0, Max: 1, Diff: 0, Sum: 4]
      [GC Worker Other (ms): Min: 0.0, Avg: 0.0, Max: 0.0, Diff: 0.0, Sum: 0.0]
      [GC Worker Total (ms): Min: 1.3, Avg: 1.3, Max: 1.3, Diff: 0.0, Sum: 5.3]
      [GC Worker End (ms): Min: 454701.2, Avg: 454701.2, Max: 454701.2, Diff: 0.0]
   [Code Root Fixup: 0.0 ms]
   [Code Root Purge: 0.0 ms]
   [Clear CT: 0.0 ms]
   [Other: 1.9 ms]
      [Choose CSet: 0.0 ms]
      [Ref Proc: 0.0 ms]
      [Ref Enq: 0.0 ms]
      [Redirty Cards: 0.0 ms]
      [Humongous Register: 0.8 ms]
      [Humongous Reclaim: 0.4 ms]
      [Free CSet: 0.0 ms]
   [Eden: 1024.0K(710.0M)->0.0B(708.0M) Survivors: 1024.0K->1024.0K Heap: 3806.0M(5120.0M)->3805.4M(5120.0M)]
 [Times: user=0.00 sys=0.00, real=0.00 secs] 
2016-06-26T19:50:25.466+0300: 454.702: [GC concurrent-root-region-scan-start]
2016-06-26T19:50:25.466+0300: 454.702: Total time for which application threads were stopped: 0.0040127 seconds, Stopping threads took: 0.0000616 seconds
2016-06-26T19:50:25.467+0300: 454.704: [GC concurrent-root-region-scan-end, 0.0015879 secs]
2016-06-26T19:50:25.467+0300: 454.704: [GC concurrent-mark-start]
2016-06-26T19:50:25.496+0300: 454.733: [GC concurrent-mark-end, 0.0287110 secs]
2016-06-26T19:50:25.598+0300: 454.834: [GC remark 2016-06-26T19:50:25.598+0300: 454.834: [Finalize Marking, 0.0003780 secs] 2016-06-26T19:50:25.598+0300: 454.835: [GC ref-proc, 0.0001061 secs] 2016-06-26T19:50:25.598+0300: 454.835: [Unloading, 0.0020335 secs], 0.0258158 secs]
 [Times: user=0.11 sys=0.00, real=0.03 secs] 
2016-06-26T19:50:25.624+0300: 454.860: Total time for which application threads were stopped: 0.0506407 seconds, Stopping threads took: 0.0245794 seconds
2016-06-26T19:50:25.670+0300: 454.906: [GC cleanup 3851M->3851M(5120M), 0.0022105 secs]
 [Times: user=0.01 sys=0.03, real=0.00 secs] 
2016-06-26T19:50:25.672+0300: 454.909: Total time for which application threads were stopped: 0.0109719 seconds, Stopping threads took: 0.0084906 seconds
2016-06-26T19:50:26.694+0300: 455.931: Total time for which application threads were stopped: 0.0217911 seconds, Stopping threads took: 0.0214794 seconds
2016-06-26T19:50:27.675+0300: 456.912: [GC pause (G1 Humongous Allocation) (young)
Desired survivor size 46661632 bytes, new threshold 15 (max 15)
- age   1:         40 bytes,         40 total
- age   2:      42800 bytes,      42840 total
- age   3:         16 bytes,      42856 total
- age   4:      23072 bytes,      65928 total
- age   5:       9048 bytes,      74976 total
- age   6:      26800 bytes,     101776 total
- age   8:      22488 bytes,     124264 total
- age  10:      20120 bytes,     144384 total
- age  12:      36688 bytes,     181072 total
- age  14:       2512 bytes,     183584 total
, 0.0573044 secs]
   [Parallel Time: 49.3 ms, GC Workers: 4]
      [GC Worker Start (ms): Min: 456917.5, Avg: 456917.5, Max: 456917.5, Diff: 0.0]
      [Ext Root Scanning (ms): Min: 0.4, Avg: 0.4, Max: 0.4, Diff: 0.0, Sum: 1.5]
      [Update RS (ms): Min: 48.3, Avg: 48.4, Max: 48.5, Diff: 0.2, Sum: 193.6]
         [Processed Buffers: Min: 491, Avg: 503.8, Max: 510, Diff: 19, Sum: 2015]
      [Scan RS (ms): Min: 0.0, Avg: 0.0, Max: 0.0, Diff: 0.0, Sum: 0.1]
      [Code Root Scanning (ms): Min: 0.0, Avg: 0.0, Max: 0.0, Diff: 0.0, Sum: 0.0]
      [Object Copy (ms): Min: 0.3, Avg: 0.4, Max: 0.5, Diff: 0.2, Sum: 1.7]
      [Termination (ms): Min: 0.0, Avg: 0.0, Max: 0.0, Diff: 0.0, Sum: 0.0]
         [Termination Attempts: Min: 1, Avg: 1.0, Max: 1, Diff: 0, Sum: 4]
      [GC Worker Other (ms): Min: 0.0, Avg: 0.0, Max: 0.0, Diff: 0.0, Sum: 0.1]
      [GC Worker Total (ms): Min: 49.2, Avg: 49.2, Max: 49.2, Diff: 0.0, Sum: 196.9]
      [GC Worker End (ms): Min: 456966.8, Avg: 456966.8, Max: 456966.8, Diff: 0.0]
   [Code Root Fixup: 0.0 ms]
   [Code Root Purge: 0.0 ms]
   [Clear CT: 0.0 ms]
   [Other: 8.0 ms]
      [Choose CSet: 0.0 ms]
      [Ref Proc: 0.0 ms]
      [Ref Enq: 0.0 ms]
      [Redirty Cards: 0.0 ms]
      [Humongous Register: 0.8 ms]
      [Humongous Reclaim: 2.0 ms]
      [Free CSet: 0.1 ms]
   [Eden: 64.0M(708.0M)->0.0B(890.0M) Survivors: 1024.0K->1024.0K Heap: 4980.3M(5120.0M)->3627.7M(5120.0M)]
 [Times: user=0.20 sys=0.00, real=0.06 secs] 
2016-06-26T19:50:27.733+0300: 456.969: Total time for which application threads were stopped: 0.0675672 seconds, Stopping threads took: 0.0092972 seconds
2016-06-26T19:50:27.738+0300: 456.974: [GC pause (G1 Humongous Allocation) (young) (initial-mark)
Desired survivor size 58720256 bytes, new threshold 15 (max 15)
- age   1:      36912 bytes,      36912 total
- age   2:         16 bytes,      36928 total
- age   3:      35224 bytes,      72152 total
- age   5:      18720 bytes,      90872 total
- age   6:       9048 bytes,      99920 total
- age   7:      23056 bytes,     122976 total
- age   9:      20168 bytes,     143144 total
- age  11:      18632 bytes,     161776 total
- age  13:      36152 bytes,     197928 total
- age  15:       2464 bytes,     200392 total
, 0.0032420 secs]
   [Parallel Time: 1.3 ms, GC Workers: 4]
      [GC Worker Start (ms): Min: 456975.6, Avg: 456975.6, Max: 456975.6, Diff: 0.0]
      [Ext Root Scanning (ms): Min: 0.4, Avg: 0.4, Max: 0.5, Diff: 0.0, Sum: 1.7]
      [Update RS (ms): Min: 0.4, Avg: 0.4, Max: 0.4, Diff: 0.1, Sum: 1.6]
         [Processed Buffers: Min: 4, Avg: 4.5, Max: 5, Diff: 1, Sum: 18]
      [Scan RS (ms): Min: 0.0, Avg: 0.0, Max: 0.0, Diff: 0.0, Sum: 0.0]
      [Code Root Scanning (ms): Min: 0.0, Avg: 0.0, Max: 0.0, Diff: 0.0, Sum: 0.0]
      [Object Copy (ms): Min: 0.4, Avg: 0.4, Max: 0.4, Diff: 0.1, Sum: 1.6]
      [Termination (ms): Min: 0.0, Avg: 0.0, Max: 0.0, Diff: 0.0, Sum: 0.0]
         [Termination Attempts: Min: 1, Avg: 1.0, Max: 1, Diff: 0, Sum: 4]
      [GC Worker Other (ms): Min: 0.0, Avg: 0.0, Max: 0.0, Diff: 0.0, Sum: 0.0]
      [GC Worker Total (ms): Min: 1.3, Avg: 1.3, Max: 1.3, Diff: 0.0, Sum: 5.1]
      [GC Worker End (ms): Min: 456976.9, Avg: 456976.9, Max: 456976.9, Diff: 0.0]
   [Code Root Fixup: 0.0 ms]
   [Code Root Purge: 0.0 ms]
   [Clear CT: 0.0 ms]
   [Other: 1.9 ms]
      [Choose CSet: 0.0 ms]
      [Ref Proc: 0.1 ms]
      [Ref Enq: 0.0 ms]
      [Redirty Cards: 0.0 ms]
      [Humongous Register: 0.7 ms]
      [Humongous Reclaim: 0.4 ms]
      [Free CSet: 0.0 ms]
   [Eden: 1024.0K(890.0M)->0.0B(918.0M) Survivors: 1024.0K->1024.0K Heap: 3630.7M(5120.0M)->3600.4M(5120.0M)]
 [Times: user=0.00 sys=0.00, real=0.00 secs] 
2016-06-26T19:50:27.741+0300: 456.978: [GC concurrent-root-region-scan-start]
2016-06-26T19:50:27.741+0300: 456.978: Total time for which application threads were stopped: 0.0038592 seconds, Stopping threads took: 0.0000697 seconds
2016-06-26T19:50:27.743+0300: 456.979: [GC concurrent-root-region-scan-end, 0.0014660 secs]
2016-06-26T19:50:27.743+0300: 456.979: [GC concurrent-mark-start]
2016-06-26T19:50:27.775+0300: 457.011: [GC concurrent-mark-end, 0.0312401 secs]
2016-06-26T19:50:27.792+0300: 457.028: [GC remark 2016-06-26T19:50:27.792+0300: 457.028: [Finalize Marking, 0.0003947 secs] 2016-06-26T19:50:27.792+0300: 457.029: [GC ref-proc, 0.0001095 secs] 2016-06-26T19:50:27.792+0300: 457.029: [Unloading, 0.0017936 secs], 0.0223017 secs]
 [Times: user=0.13 sys=0.00, real=0.02 secs] 
2016-06-26T19:50:27.814+0300: 457.051: Total time for which application threads were stopped: 0.0254360 seconds, Stopping threads took: 0.0027601 seconds
2016-06-26T19:50:27.817+0300: 457.054: [GC cleanup 3632M->3632M(5120M), 0.0021669 secs]
 [Times: user=0.00 sys=0.00, real=0.00 secs] 
2016-06-26T19:50:27.819+0300: 457.056: Total time for which application threads were stopped: 0.0026027 seconds, Stopping threads took: 0.0000616 seconds
2016-06-26T19:50:28.826+0300: 458.062: Total time for which application threads were stopped: 0.0060436 seconds, Stopping threads took: 0.0055963 seconds
2016-06-26T19:50:30.046+0300: 459.283: [GC pause (G1 Humongous Allocation) (young)
Desired survivor size 60293120 bytes, new threshold 15 (max 15)
- age   1:        112 bytes,        112 total
- age   2:      36840 bytes,      36952 total
- age   3:         16 bytes,      36968 total
- age   4:      35224 bytes,      72192 total
- age   6:      18456 bytes,      90648 total
- age   7:       9048 bytes,      99696 total
- age   8:      22960 bytes,     122656 total
- age  10:      20128 bytes,     142784 total
- age  12:      18632 bytes,     161416 total
- age  14:      36152 bytes,     197568 total
, 0.0591852 secs]
   [Parallel Time: 50.9 ms, GC Workers: 4]
      [GC Worker Start (ms): Min: 459288.8, Avg: 459288.8, Max: 459288.8, Diff: 0.0]
      [Ext Root Scanning (ms): Min: 0.4, Avg: 0.4, Max: 0.4, Diff: 0.0, Sum: 1.5]
      [Update RS (ms): Min: 50.0, Avg: 50.1, Max: 50.1, Diff: 0.1, Sum: 200.2]
         [Processed Buffers: Min: 504, Avg: 517.0, Max: 525, Diff: 21, Sum: 2068]
      [Scan RS (ms): Min: 0.0, Avg: 0.0, Max: 0.0, Diff: 0.0, Sum: 0.0]
      [Code Root Scanning (ms): Min: 0.0, Avg: 0.0, Max: 0.0, Diff: 0.0, Sum: 0.0]
      [Object Copy (ms): Min: 0.4, Avg: 0.4, Max: 0.4, Diff: 0.0, Sum: 1.7]
      [Termination (ms): Min: 0.0, Avg: 0.0, Max: 0.0, Diff: 0.0, Sum: 0.0]
         [Termination Attempts: Min: 1, Avg: 1.0, Max: 1, Diff: 0, Sum: 4]
      [GC Worker Other (ms): Min: 0.0, Avg: 0.0, Max: 0.0, Diff: 0.0, Sum: 0.1]
      [GC Worker Total (ms): Min: 50.9, Avg: 50.9, Max: 50.9, Diff: 0.0, Sum: 203.5]
      [GC Worker End (ms): Min: 459339.7, Avg: 459339.7, Max: 459339.7, Diff: 0.0]
   [Code Root Fixup: 0.0 ms]
   [Code Root Purge: 0.0 ms]
   [Clear CT: 0.0 ms]
   [Other: 8.2 ms]
      [Choose CSet: 0.0 ms]
      [Ref Proc: 0.0 ms]
      [Ref Enq: 0.0 ms]
      [Redirty Cards: 0.0 ms]
      [Humongous Register: 0.8 ms]
      [Humongous Reclaim: 2.0 ms]
      [Free CSet: 0.1 ms]
   [Eden: 62.0M(918.0M)->0.0B(919.0M) Survivors: 1024.0K->1024.0K Heap: 4980.3M(5120.0M)->3600.5M(5120.0M)]
 [Times: user=0.17 sys=0.00, real=0.06 secs] 
2016-06-26T19:50:30.106+0300: 459.342: Total time for which application threads were stopped: 0.0676699 seconds, Stopping threads took: 0.0075430 seconds
2016-06-26T19:50:30.116+0300: 459.352: [GC pause (G1 Humongous Allocation) (young) (initial-mark)
Desired survivor size 60293120 bytes, new threshold 15 (max 15)
- age   1:      39336 bytes,      39336 total
- age   2:         88 bytes,      39424 total
- age   3:      30632 bytes,      70056 total
- age   4:         16 bytes,      70072 total
- age   5:      30496 bytes,     100568 total
- age   7:      14040 bytes,     114608 total
- age   8:       9032 bytes,     123640 total
- age   9:      19944 bytes,     143584 total
- age  11:      18560 bytes,     162144 total
- age  13:      18088 bytes,     180232 total
- age  15:      36128 bytes,     216360 total
, 0.0034683 secs]
   [Parallel Time: 1.7 ms, GC Workers: 4]
      [GC Worker Start (ms): Min: 459353.3, Avg: 459353.3, Max: 459353.3, Diff: 0.0]
      [Ext Root Scanning (ms): Min: 0.4, Avg: 0.4, Max: 0.4, Diff: 0.0, Sum: 1.7]
      [Update RS (ms): Min: 0.7, Avg: 0.8, Max: 0.8, Diff: 0.1, Sum: 3.2]
         [Processed Buffers: Min: 8, Avg: 8.5, Max: 9, Diff: 1, Sum: 34]
      [Scan RS (ms): Min: 0.0, Avg: 0.0, Max: 0.0, Diff: 0.0, Sum: 0.0]
      [Code Root Scanning (ms): Min: 0.0, Avg: 0.0, Max: 0.0, Diff: 0.0, Sum: 0.0]
      [Object Copy (ms): Min: 0.4, Avg: 0.4, Max: 0.5, Diff: 0.1, Sum: 1.8]
      [Termination (ms): Min: 0.0, Avg: 0.0, Max: 0.0, Diff: 0.0, Sum: 0.0]
         [Termination Attempts: Min: 1, Avg: 1.0, Max: 1, Diff: 0, Sum: 4]
      [GC Worker Other (ms): Min: 0.0, Avg: 0.0, Max: 0.0, Diff: 0.0, Sum: 0.0]
      [GC Worker Total (ms): Min: 1.7, Avg: 1.7, Max: 1.7, Diff: 0.0, Sum: 6.7]
      [GC Worker End (ms): Min: 459355.0, Avg: 459355.0, Max: 459355.0, Diff: 0.0]
   [Code Root Fixup: 0.0 ms]
   [Code Root Purge: 0.0 ms]
   [Clear CT: 0.0 ms]
   [Other: 1.7 ms]
      [Choose CSet: 0.0 ms]
      [Ref Proc: 0.1 ms]
      [Ref Enq: 0.0 ms]
      [Redirty Cards: 0.0 ms]
      [Humongous Register: 0.7 ms]
      [Humongous Reclaim: 0.3 ms]
      [Free CSet: 0.0 ms]
   [Eden: 1024.0K(919.0M)->0.0B(915.0M) Survivors: 1024.0K->1024.0K Heap: 3604.9M(5120.0M)->3604.3M(5120.0M)]
 [Times: user=0.00 sys=0.00, real=0.00 secs] 
2016-06-26T19:50:30.120+0300: 459.356: [GC concurrent-root-region-scan-start]
2016-06-26T19:50:30.120+0300: 459.356: Total time for which application threads were stopped: 0.0041311 seconds, Stopping threads took: 0.0000860 seconds
2016-06-26T19:50:30.121+0300: 459.358: [GC concurrent-root-region-scan-end, 0.0018398 secs]
2016-06-26T19:50:30.121+0300: 459.358: [GC concurrent-mark-start]
2016-06-26T19:50:30.161+0300: 459.398: [GC concurrent-mark-end, 0.0396508 secs]
2016-06-26T19:50:30.195+0300: 459.432: [GC remark 2016-06-26T19:50:30.195+0300: 459.432: [Finalize Marking, 0.0005568 secs] 2016-06-26T19:50:30.196+0300: 459.432: [GC ref-proc, 0.0001065 secs] 2016-06-26T19:50:30.196+0300: 459.432: [Unloading, 0.0018607 secs], 0.0225729 secs]
 [Times: user=0.13 sys=0.00, real=0.02 secs] 
2016-06-26T19:50:30.218+0300: 459.454: Total time for which application threads were stopped: 0.0295291 seconds, Stopping threads took: 0.0064973 seconds
2016-06-26T19:50:30.222+0300: 459.459: [GC cleanup 3652M->3652M(5120M), 0.0022375 secs]
 [Times: user=0.00 sys=0.00, real=0.00 secs] 
2016-06-26T19:50:30.225+0300: 459.461: Total time for which application threads were stopped: 0.0026737 seconds, Stopping threads took: 0.0000620 seconds
2016-06-26T19:50:31.196+0300: 460.432: Total time for which application threads were stopped: 0.0111802 seconds, Stopping threads took: 0.0108188 seconds
2016-06-26T19:50:32.284+0300: 461.521: [GC pause (G1 Humongous Allocation) (young)
Desired survivor size 60293120 bytes, new threshold 15 (max 15)
- age   1:         40 bytes,         40 total
- age   2:      39312 bytes,      39352 total
- age   3:         88 bytes,      39440 total
- age   4:      30632 bytes,      70072 total
- age   5:         16 bytes,      70088 total
- age   6:      30496 bytes,     100584 total
- age   8:      14040 bytes,     114624 total
- age   9:       9032 bytes,     123656 total
- age  10:      19944 bytes,     143600 total
- age  12:      18560 bytes,     162160 total
- age  14:      18088 bytes,     180248 total
, 0.0532891 secs]
   [Parallel Time: 45.7 ms, GC Workers: 4]
      [GC Worker Start (ms): Min: 461526.2, Avg: 461526.2, Max: 461526.3, Diff: 0.0]
      [Ext Root Scanning (ms): Min: 0.4, Avg: 0.4, Max: 0.4, Diff: 0.0, Sum: 1.7]
      [Update RS (ms): Min: 44.8, Avg: 44.8, Max: 44.8, Diff: 0.0, Sum: 179.1]
         [Processed Buffers: Min: 476, Avg: 480.5, Max: 483, Diff: 7, Sum: 1922]
      [Scan RS (ms): Min: 0.0, Avg: 0.0, Max: 0.0, Diff: 0.0, Sum: 0.1]
      [Code Root Scanning (ms): Min: 0.0, Avg: 0.0, Max: 0.0, Diff: 0.0, Sum: 0.0]
      [Object Copy (ms): Min: 0.4, Avg: 0.4, Max: 0.4, Diff: 0.0, Sum: 1.6]
      [Termination (ms): Min: 0.0, Avg: 0.0, Max: 0.0, Diff: 0.0, Sum: 0.0]
         [Termination Attempts: Min: 1, Avg: 1.0, Max: 1, Diff: 0, Sum: 4]
      [GC Worker Other (ms): Min: 0.0, Avg: 0.0, Max: 0.0, Diff: 0.0, Sum: 0.1]
      [GC Worker Total (ms): Min: 45.6, Avg: 45.6, Max: 45.6, Diff: 0.0, Sum: 182.5]
      [GC Worker End (ms): Min: 461571.9, Avg: 461571.9, Max: 461571.9, Diff: 0.0]
   [Code Root Fixup: 0.0 ms]
   [Code Root Purge: 0.0 ms]
   [Clear CT: 0.0 ms]
   [Other: 7.6 ms]
      [Choose CSet: 0.0 ms]
      [Ref Proc: 0.0 ms]
      [Ref Enq: 0.0 ms]
      [Redirty Cards: 0.0 ms]
      [Humongous Register: 0.8 ms]
      [Humongous Reclaim: 1.8 ms]
      [Free CSet: 0.1 ms]
   [Eden: 61.0M(915.0M)->0.0B(797.0M) Survivors: 1024.0K->1024.0K Heap: 4981.2M(5120.0M)->3719.6M(5120.0M)]
 [Times: user=0.19 sys=0.00, real=0.05 secs] 
2016-06-26T19:50:32.338+0300: 461.574: Total time for which application threads were stopped: 0.0633831 seconds, Stopping threads took: 0.0090590 seconds
2016-06-26T19:50:32.340+0300: 461.576: [GC pause (G1 Humongous Allocation) (young) (initial-mark)
Desired survivor size 52428800 bytes, new threshold 15 (max 15)
- age   1:      57160 bytes,      57160 total
- age   2:         16 bytes,      57176 total
- age   3:      32728 bytes,      89904 total
- age   4:         88 bytes,      89992 total
- age   5:      26680 bytes,     116672 total
- age   6:         16 bytes,     116688 total
- age   7:      26288 bytes,     142976 total
- age   9:      11480 bytes,     154456 total
- age  10:       9032 bytes,     163488 total
- age  11:      18720 bytes,     182208 total
- age  13:      18184 bytes,     200392 total
- age  15:      18064 bytes,     218456 total
, 0.0030564 secs]
   [Parallel Time: 1.4 ms, GC Workers: 4]
      [GC Worker Start (ms): Min: 461577.2, Avg: 461577.2, Max: 461577.2, Diff: 0.0]
      [Ext Root Scanning (ms): Min: 0.5, Avg: 0.5, Max: 0.5, Diff: 0.0, Sum: 1.9]
      [Update RS (ms): Min: 0.4, Avg: 0.4, Max: 0.5, Diff: 0.1, Sum: 1.6]
         [Processed Buffers: Min: 4, Avg: 4.5, Max: 6, Diff: 2, Sum: 18]
      [Scan RS (ms): Min: 0.0, Avg: 0.0, Max: 0.0, Diff: 0.0, Sum: 0.0]
      [Code Root Scanning (ms): Min: 0.0, Avg: 0.0, Max: 0.0, Diff: 0.0, Sum: 0.0]
      [Object Copy (ms): Min: 0.4, Avg: 0.4, Max: 0.4, Diff: 0.1, Sum: 1.7]
      [Termination (ms): Min: 0.0, Avg: 0.0, Max: 0.0, Diff: 0.0, Sum: 0.0]
         [Termination Attempts: Min: 1, Avg: 1.0, Max: 1, Diff: 0, Sum: 4]
      [GC Worker Other (ms): Min: 0.0, Avg: 0.0, Max: 0.0, Diff: 0.0, Sum: 0.0]
      [GC Worker Total (ms): Min: 1.3, Avg: 1.3, Max: 1.3, Diff: 0.0, Sum: 5.3]
      [GC Worker End (ms): Min: 461578.6, Avg: 461578.6, Max: 461578.6, Diff: 0.0]
   [Code Root Fixup: 0.0 ms]
   [Code Root Purge: 0.0 ms]
   [Clear CT: 0.0 ms]
   [Other: 1.6 ms]
      [Choose CSet: 0.0 ms]
      [Ref Proc: 0.0 ms]
      [Ref Enq: 0.0 ms]
      [Redirty Cards: 0.0 ms]
      [Humongous Register: 0.6 ms]
      [Humongous Reclaim: 0.3 ms]
      [Free CSet: 0.0 ms]
   [Eden: 1024.0K(797.0M)->0.0B(795.0M) Survivors: 1024.0K->1024.0K Heap: 3722.1M(5120.0M)->3721.5M(5120.0M)]
 [Times: user=0.06 sys=0.00, real=0.00 secs] 
2016-06-26T19:50:32.343+0300: 461.580: [GC concurrent-root-region-scan-start]
2016-06-26T19:50:32.343+0300: 461.580: Total time for which application threads were stopped: 0.0037612 seconds, Stopping threads took: 0.0000641 seconds
2016-06-26T19:50:32.344+0300: 461.581: [GC concurrent-root-region-scan-end, 0.0014305 secs]
2016-06-26T19:50:32.344+0300: 461.581: [GC concurrent-mark-start]
2016-06-26T19:50:32.375+0300: 461.611: [GC concurrent-mark-end, 0.0299332 secs]
2016-06-26T19:50:32.380+0300: 461.616: [GC remark 2016-06-26T19:50:32.380+0300: 461.616: [Finalize Marking, 0.0003712 secs] 2016-06-26T19:50:32.380+0300: 461.616: [GC ref-proc, 0.0000992 secs] 2016-06-26T19:50:32.380+0300: 461.617: [Unloading, 0.0017688 secs], 0.0225763 secs]
 [Times: user=0.06 sys=0.00, real=0.02 secs] 
2016-06-26T19:50:32.402+0300: 461.639: Total time for which application threads were stopped: 0.0242061 seconds, Stopping threads took: 0.0011880 seconds
2016-06-26T19:50:32.405+0300: 461.641: [GC cleanup 3743M->3743M(5120M), 0.0022024 secs]
 [Times: user=0.00 sys=0.00, real=0.00 secs] 
2016-06-26T19:50:32.407+0300: 461.644: Total time for which application threads were stopped: 0.0027207 seconds, Stopping threads took: 0.0000701 seconds
2016-06-26T19:50:33.462+0300: 462.698: Total time for which application threads were stopped: 0.0058948 seconds, Stopping threads took: 0.0055373 seconds
2016-06-26T19:50:33.475+0300: 462.711: Total time for which application threads were stopped: 0.0010636 seconds, Stopping threads took: 0.0000620 seconds
2016-06-26T19:50:34.478+0300: 463.714: Total time for which application threads were stopped: 0.0026878 seconds, Stopping threads took: 0.0024026 seconds
2016-06-26T19:50:34.559+0300: 463.796: [GC pause (G1 Humongous Allocation) (young)
Desired survivor size 52428800 bytes, new threshold 15 (max 15)
- age   1:         40 bytes,         40 total
- age   2:      57136 bytes,      57176 total
- age   3:         16 bytes,      57192 total
- age   4:      32728 bytes,      89920 total
- age   5:         88 bytes,      90008 total
- age   6:      26680 bytes,     116688 total
- age   7:         16 bytes,     116704 total
- age   8:      26288 bytes,     142992 total
- age  10:      11480 bytes,     154472 total
- age  11:       9032 bytes,     163504 total
- age  12:      18720 bytes,     182224 total
- age  14:      18184 bytes,     200408 total
, 0.0559410 secs]
   [Parallel Time: 48.0 ms, GC Workers: 4]
      [GC Worker Start (ms): Min: 463801.3, Avg: 463801.3, Max: 463801.3, Diff: 0.0]
      [Ext Root Scanning (ms): Min: 0.3, Avg: 0.3, Max: 0.3, Diff: 0.0, Sum: 1.4]
      [Update RS (ms): Min: 46.9, Avg: 46.9, Max: 47.0, Diff: 0.1, Sum: 187.6]
         [Processed Buffers: Min: 497, Avg: 500.5, Max: 504, Diff: 7, Sum: 2002]
      [Scan RS (ms): Min: 0.0, Avg: 0.0, Max: 0.0, Diff: 0.0, Sum: 0.0]
      [Code Root Scanning (ms): Min: 0.0, Avg: 0.0, Max: 0.0, Diff: 0.0, Sum: 0.0]
      [Object Copy (ms): Min: 0.6, Avg: 0.7, Max: 0.7, Diff: 0.1, Sum: 2.7]
      [Termination (ms): Min: 0.0, Avg: 0.0, Max: 0.0, Diff: 0.0, Sum: 0.0]
         [Termination Attempts: Min: 1, Avg: 1.0, Max: 1, Diff: 0, Sum: 4]
      [GC Worker Other (ms): Min: 0.0, Avg: 0.0, Max: 0.0, Diff: 0.0, Sum: 0.0]
      [GC Worker Total (ms): Min: 47.9, Avg: 47.9, Max: 47.9, Diff: 0.0, Sum: 191.8]
      [GC Worker End (ms): Min: 463849.2, Avg: 463849.2, Max: 463849.2, Diff: 0.0]
   [Code Root Fixup: 0.0 ms]
   [Code Root Purge: 0.0 ms]
   [Clear CT: 0.0 ms]
   [Other: 7.9 ms]
      [Choose CSet: 0.0 ms]
      [Ref Proc: 0.0 ms]
      [Ref Enq: 0.0 ms]
      [Redirty Cards: 0.0 ms]
      [Humongous Register: 0.7 ms]
      [Humongous Reclaim: 2.2 ms]
      [Free CSet: 0.1 ms]
   [Eden: 62.0M(795.0M)->0.0B(1159.0M) Survivors: 1024.0K->1024.0K Heap: 4980.3M(5120.0M)->3366.3M(5120.0M)]
 [Times: user=0.20 sys=0.00, real=0.06 secs] 
2016-06-26T19:50:34.615+0300: 463.852: Total time for which application threads were stopped: 0.0567253 seconds, Stopping threads took: 0.0000902 seconds
2016-06-26T19:50:34.627+0300: 463.863: [GC pause (G1 Humongous Allocation) (young) (initial-mark)
Desired survivor size 76021760 bytes, new threshold 15 (max 15)
- age   1:     232968 bytes,     232968 total
- age   2:         16 bytes,     232984 total
- age   3:      49368 bytes,     282352 total
- age   4:         16 bytes,     282368 total
- age   5:      27768 bytes,     310136 total
- age   6:         16 bytes,     310152 total
- age   7:      22376 bytes,     332528 total
- age   9:      22824 bytes,     355352 total
- age  11:       9736 bytes,     365088 total
- age  12:       9032 bytes,     374120 total
- age  13:      18248 bytes,     392368 total
- age  15:      18064 bytes,     410432 total
, 0.0040824 secs]
   [Parallel Time: 2.2 ms, GC Workers: 4]
      [GC Worker Start (ms): Min: 463864.5, Avg: 463864.5, Max: 463864.5, Diff: 0.0]
      [Ext Root Scanning (ms): Min: 0.4, Avg: 0.4, Max: 0.4, Diff: 0.0, Sum: 1.5]
      [Update RS (ms): Min: 1.0, Avg: 1.1, Max: 1.1, Diff: 0.1, Sum: 4.2]
         [Processed Buffers: Min: 11, Avg: 11.0, Max: 11, Diff: 0, Sum: 44]
      [Scan RS (ms): Min: 0.0, Avg: 0.0, Max: 0.0, Diff: 0.0, Sum: 0.0]
      [Code Root Scanning (ms): Min: 0.0, Avg: 0.0, Max: 0.0, Diff: 0.0, Sum: 0.0]
      [Object Copy (ms): Min: 0.6, Avg: 0.7, Max: 0.7, Diff: 0.1, Sum: 2.8]
      [Termination (ms): Min: 0.0, Avg: 0.0, Max: 0.0, Diff: 0.0, Sum: 0.0]
         [Termination Attempts: Min: 1, Avg: 1.0, Max: 1, Diff: 0, Sum: 4]
      [GC Worker Other (ms): Min: 0.0, Avg: 0.0, Max: 0.0, Diff: 0.0, Sum: 0.0]
      [GC Worker Total (ms): Min: 2.1, Avg: 2.1, Max: 2.2, Diff: 0.0, Sum: 8.6]
      [GC Worker End (ms): Min: 463866.6, Avg: 463866.6, Max: 463866.6, Diff: 0.0]
   [Code Root Fixup: 0.0 ms]
   [Code Root Purge: 0.0 ms]
   [Clear CT: 0.0 ms]
   [Other: 1.9 ms]
      [Choose CSet: 0.0 ms]
      [Ref Proc: 0.0 ms]
      [Ref Enq: 0.0 ms]
      [Redirty Cards: 0.0 ms]
      [Humongous Register: 0.6 ms]
      [Humongous Reclaim: 0.4 ms]
      [Free CSet: 0.0 ms]
   [Eden: 1024.0K(1159.0M)->0.0B(1183.0M) Survivors: 1024.0K->1024.0K Heap: 3373.2M(5120.0M)->3343.0M(5120.0M)]
 [Times: user=0.00 sys=0.00, real=0.00 secs] 
2016-06-26T19:50:34.631+0300: 463.868: Total time for which application threads were stopped: 0.0046319 seconds, Stopping threads took: 0.0000770 seconds
2016-06-26T19:50:34.631+0300: 463.868: [GC concurrent-root-region-scan-start]
2016-06-26T19:50:34.633+0300: 463.870: [GC concurrent-root-region-scan-end, 0.0020532 secs]
2016-06-26T19:50:34.633+0300: 463.870: [GC concurrent-mark-start]
2016-06-26T19:50:34.665+0300: 463.902: [GC concurrent-mark-end, 0.0319445 secs]
2016-06-26T19:50:34.685+0300: 463.921: [GC remark 2016-06-26T19:50:34.685+0300: 463.921: [Finalize Marking, 0.0004225 secs] 2016-06-26T19:50:34.685+0300: 463.922: [GC ref-proc, 0.0001009 secs] 2016-06-26T19:50:34.685+0300: 463.922: [Unloading, 0.0016007 secs], 0.0215687 secs]
 [Times: user=0.08 sys=0.00, real=0.02 secs] 
2016-06-26T19:50:34.706+0300: 463.943: Total time for which application threads were stopped: 0.0260215 seconds, Stopping threads took: 0.0041902 seconds
2016-06-26T19:50:34.711+0300: 463.947: [GC cleanup 3377M->3377M(5120M), 0.0027631 secs]
 [Times: user=0.00 sys=0.00, real=0.00 secs] 
2016-06-26T19:50:34.714+0300: 463.950: Total time for which application threads were stopped: 0.0031155 seconds, Stopping threads took: 0.0000556 seconds
2016-06-26T19:50:34.761+0300: 463.998: Total time for which application threads were stopped: 0.0026767 seconds, Stopping threads took: 0.0021109 seconds
2016-06-26T19:50:36.769+0300: 466.005: Total time for which application threads were stopped: 0.0091206 seconds, Stopping threads took: 0.0081066 seconds
2016-06-26T19:50:36.776+0300: 466.013: Total time for which application threads were stopped: 0.0004234 seconds, Stopping threads took: 0.0000697 seconds
2016-06-26T19:50:37.294+0300: 466.530: [GC pause (G1 Humongous Allocation) (young)
Desired survivor size 77594624 bytes, new threshold 15 (max 15)
- age   1:        112 bytes,        112 total
- age   2:     232920 bytes,     233032 total
- age   3:         16 bytes,     233048 total
- age   4:      49368 bytes,     282416 total
- age   5:         16 bytes,     282432 total
- age   6:      27768 bytes,     310200 total
- age   7:         16 bytes,     310216 total
- age   8:      22160 bytes,     332376 total
- age  10:      22744 bytes,     355120 total
- age  12:       9672 bytes,     364792 total
- age  13:       9032 bytes,     373824 total
- age  14:      18208 bytes,     392032 total
, 0.0581327 secs]
   [Parallel Time: 50.6 ms, GC Workers: 4]
      [GC Worker Start (ms): Min: 466536.2, Avg: 466536.2, Max: 466536.2, Diff: 0.1]
      [Ext Root Scanning (ms): Min: 0.4, Avg: 0.4, Max: 0.4, Diff: 0.0, Sum: 1.6]
      [Update RS (ms): Min: 49.7, Avg: 49.7, Max: 49.7, Diff: 0.0, Sum: 198.8]
         [Processed Buffers: Min: 511, Avg: 516.8, Max: 522, Diff: 11, Sum: 2067]
      [Scan RS (ms): Min: 0.0, Avg: 0.0, Max: 0.0, Diff: 0.0, Sum: 0.0]
      [Code Root Scanning (ms): Min: 0.0, Avg: 0.0, Max: 0.0, Diff: 0.0, Sum: 0.0]
      [Object Copy (ms): Min: 0.4, Avg: 0.4, Max: 0.4, Diff: 0.0, Sum: 1.7]
      [Termination (ms): Min: 0.0, Avg: 0.0, Max: 0.0, Diff: 0.0, Sum: 0.0]
         [Termination Attempts: Min: 1, Avg: 1.0, Max: 1, Diff: 0, Sum: 4]
      [GC Worker Other (ms): Min: 0.0, Avg: 0.0, Max: 0.0, Diff: 0.0, Sum: 0.1]
      [GC Worker Total (ms): Min: 50.5, Avg: 50.6, Max: 50.6, Diff: 0.1, Sum: 202.2]
      [GC Worker End (ms): Min: 466586.7, Avg: 466586.8, Max: 466586.8, Diff: 0.0]
   [Code Root Fixup: 0.0 ms]
   [Code Root Purge: 0.0 ms]
   [Clear CT: 0.0 ms]
   [Other: 7.5 ms]
      [Choose CSet: 0.0 ms]
      [Ref Proc: 0.0 ms]
      [Ref Enq: 0.0 ms]
      [Redirty Cards: 0.0 ms]
      [Humongous Register: 0.8 ms]
      [Humongous Reclaim: 1.6 ms]
      [Free CSet: 0.0 ms]
   [Eden: 64.0M(1183.0M)->0.0B(621.0M) Survivors: 1024.0K->1024.0K Heap: 4981.2M(5120.0M)->3891.6M(5120.0M)]
 [Times: user=0.20 sys=0.00, real=0.06 secs] 
2016-06-26T19:50:37.352+0300: 466.589: Total time for which application threads were stopped: 0.0658605 seconds, Stopping threads took: 0.0068395 seconds
2016-06-26T19:50:37.357+0300: 466.593: [GC pause (G1 Humongous Allocation) (young) (initial-mark)
Desired survivor size 40894464 bytes, new threshold 15 (max 15)
- age   1:      41848 bytes,      41848 total
- age   2:         72 bytes,      41920 total
- age   3:      53912 bytes,      95832 total
- age   4:         16 bytes,      95848 total
- age   5:      46544 bytes,     142392 total
- age   6:         16 bytes,     142408 total
- age   7:      24040 bytes,     166448 total
- age   8:         16 bytes,     166464 total
- age   9:      19936 bytes,     186400 total
- age  11:      20952 bytes,     207352 total
- age  13:       9056 bytes,     216408 total
- age  14:       9032 bytes,     225440 total
- age  15:      18064 bytes,     243504 total
, 0.0030872 secs]
   [Parallel Time: 1.3 ms, GC Workers: 4]
      [GC Worker Start (ms): Min: 466594.5, Avg: 466594.5, Max: 466594.5, Diff: 0.0]
      [Ext Root Scanning (ms): Min: 0.5, Avg: 0.5, Max: 0.5, Diff: 0.0, Sum: 1.9]
      [Update RS (ms): Min: 0.4, Avg: 0.4, Max: 0.4, Diff: 0.1, Sum: 1.6]
         [Processed Buffers: Min: 4, Avg: 4.5, Max: 6, Diff: 2, Sum: 18]
      [Scan RS (ms): Min: 0.0, Avg: 0.0, Max: 0.0, Diff: 0.0, Sum: 0.0]
      [Code Root Scanning (ms): Min: 0.0, Avg: 0.0, Max: 0.0, Diff: 0.0, Sum: 0.0]
      [Object Copy (ms): Min: 0.4, Avg: 0.4, Max: 0.5, Diff: 0.1, Sum: 1.8]
      [Termination (ms): Min: 0.0, Avg: 0.0, Max: 0.0, Diff: 0.0, Sum: 0.0]
         [Termination Attempts: Min: 1, Avg: 1.0, Max: 1, Diff: 0, Sum: 4]
      [GC Worker Other (ms): Min: 0.0, Avg: 0.0, Max: 0.0, Diff: 0.0, Sum: 0.0]
      [GC Worker Total (ms): Min: 1.3, Avg: 1.3, Max: 1.3, Diff: 0.0, Sum: 5.3]
      [GC Worker End (ms): Min: 466595.8, Avg: 466595.8, Max: 466595.8, Diff: 0.0]
   [Code Root Fixup: 0.0 ms]
   [Code Root Purge: 0.0 ms]
   [Clear CT: 0.0 ms]
   [Other: 1.7 ms]
      [Choose CSet: 0.0 ms]
      [Ref Proc: 0.0 ms]
      [Ref Enq: 0.0 ms]
      [Redirty Cards: 0.0 ms]
      [Humongous Register: 0.7 ms]
      [Humongous Reclaim: 0.3 ms]
      [Free CSet: 0.0 ms]
   [Eden: 1024.0K(621.0M)->0.0B(619.0M) Survivors: 1024.0K->1024.0K Heap: 3894.0M(5120.0M)->3893.5M(5120.0M)]
 [Times: user=0.01 sys=0.00, real=0.00 secs] 
2016-06-26T19:50:37.360+0300: 466.597: [GC concurrent-root-region-scan-start]
2016-06-26T19:50:37.360+0300: 466.597: Total time for which application threads were stopped: 0.0037612 seconds, Stopping threads took: 0.0000701 seconds
2016-06-26T19:50:37.362+0300: 466.598: [GC concurrent-root-region-scan-end, 0.0015053 secs]
2016-06-26T19:50:37.362+0300: 466.598: [GC concurrent-mark-start]
2016-06-26T19:50:37.391+0300: 466.628: [GC concurrent-mark-end, 0.0291870 secs]
2016-06-26T19:50:37.411+0300: 466.647: [GC remark 2016-06-26T19:50:37.411+0300: 466.647: [Finalize Marking, 0.0003964 secs] 2016-06-26T19:50:37.411+0300: 466.648: [GC ref-proc, 0.0001048 secs] 2016-06-26T19:50:37.411+0300: 466.648: [Unloading, 0.0020737 secs], 0.0246059 secs]
 [Times: user=0.06 sys=0.00, real=0.02 secs] 
2016-06-26T19:50:37.435+0300: 466.672: Total time for which application threads were stopped: 0.0365961 seconds, Stopping threads took: 0.0115770 seconds
2016-06-26T19:50:37.438+0300: 466.674: [GC cleanup 3915M->3915M(5120M), 0.0021708 secs]
 [Times: user=0.00 sys=0.00, real=0.00 secs] 
2016-06-26T19:50:37.440+0300: 466.676: Total time for which application threads were stopped: 0.0026899 seconds, Stopping threads took: 0.0001236 seconds
2016-06-26T19:50:39.085+0300: 468.321: [GC pause (G1 Humongous Allocation) (young)
Desired survivor size 40894464 bytes, new threshold 15 (max 15)
- age   1:         40 bytes,         40 total
- age   2:      41824 bytes,      41864 total
- age   3:         72 bytes,      41936 total
- age   4:      53912 bytes,      95848 total
- age   5:         16 bytes,      95864 total
- age   6:      46544 bytes,     142408 total
- age   7:         16 bytes,     142424 total
- age   8:      24040 bytes,     166464 total
- age   9:         16 bytes,     166480 total
- age  10:      19936 bytes,     186416 total
- age  12:      20952 bytes,     207368 total
- age  14:       9056 bytes,     216424 total
- age  15:       9032 bytes,     225456 total
, 0.0395640 secs]
   [Parallel Time: 33.5 ms, GC Workers: 4]
      [GC Worker Start (ms): Min: 468325.2, Avg: 468329.6, Max: 468341.3, Diff: 16.1]
      [Ext Root Scanning (ms): Min: 0.0, Avg: 0.4, Max: 0.8, Diff: 0.8, Sum: 1.5]
      [Update RS (ms): Min: 16.5, Avg: 27.9, Max: 32.6, Diff: 16.1, Sum: 111.8]
         [Processed Buffers: Min: 179, Avg: 285.0, Max: 335, Diff: 156, Sum: 1140]
      [Scan RS (ms): Min: 0.0, Avg: 0.0, Max: 0.0, Diff: 0.0, Sum: 0.0]
      [Code Root Scanning (ms): Min: 0.0, Avg: 0.0, Max: 0.0, Diff: 0.0, Sum: 0.0]
      [Object Copy (ms): Min: 0.1, Avg: 0.4, Max: 0.6, Diff: 0.5, Sum: 1.7]
      [Termination (ms): Min: 0.0, Avg: 0.3, Max: 0.4, Diff: 0.4, Sum: 1.2]
         [Termination Attempts: Min: 1, Avg: 1.0, Max: 1, Diff: 0, Sum: 4]
      [GC Worker Other (ms): Min: 0.0, Avg: 0.0, Max: 0.0, Diff: 0.0, Sum: 0.0]
      [GC Worker Total (ms): Min: 17.4, Avg: 29.1, Max: 33.5, Diff: 16.0, Sum: 116.3]
      [GC Worker End (ms): Min: 468358.7, Avg: 468358.7, Max: 468358.7, Diff: 0.0]
   [Code Root Fixup: 0.0 ms]
   [Code Root Purge: 0.0 ms]
   [Clear CT: 0.0 ms]
   [Other: 6.0 ms]
      [Choose CSet: 0.0 ms]
      [Ref Proc: 0.1 ms]
      [Ref Enq: 0.0 ms]
      [Redirty Cards: 0.0 ms]
      [Humongous Register: 0.9 ms]
      [Humongous Reclaim: 1.9 ms]
      [Free CSet: 0.0 ms]
   [Eden: 35.0M(619.0M)->0.0B(741.0M) Survivors: 1024.0K->1024.0K Heap: 4980.7M(5120.0M)->3774.5M(5120.0M)]
 [Times: user=0.13 sys=0.00, real=0.04 secs] 
2016-06-26T19:50:39.124+0300: 468.361: Total time for which application threads were stopped: 0.0468217 seconds, Stopping threads took: 0.0061805 seconds
2016-06-26T19:50:39.137+0300: 468.373: Total time for which application threads were stopped: 0.0028315 seconds, Stopping threads took: 0.0018137 seconds
2016-06-26T19:50:39.213+0300: 468.449: [GC pause (G1 Humongous Allocation) (young) (initial-mark)
Desired survivor size 48758784 bytes, new threshold 15 (max 15)
- age   1:      32632 bytes,      32632 total
- age   3:      36584 bytes,      69216 total
- age   4:         72 bytes,      69288 total
- age   5:      49064 bytes,     118352 total
- age   7:      43584 bytes,     161936 total
- age   9:      22536 bytes,     184472 total
- age  11:      19152 bytes,     203624 total
- age  13:      20784 bytes,     224408 total
- age  15:       9056 bytes,     233464 total
, 0.0045806 secs]
   [Parallel Time: 2.2 ms, GC Workers: 4]
      [GC Worker Start (ms): Min: 468450.0, Avg: 468450.2, Max: 468450.7, Diff: 0.7]
      [Ext Root Scanning (ms): Min: 0.0, Avg: 0.6, Max: 1.0, Diff: 1.0, Sum: 2.3]
      [Update RS (ms): Min: 0.6, Avg: 0.8, Max: 1.0, Diff: 0.4, Sum: 3.4]
         [Processed Buffers: Min: 6, Avg: 8.8, Max: 10, Diff: 4, Sum: 35]
      [Scan RS (ms): Min: 0.0, Avg: 0.0, Max: 0.0, Diff: 0.0, Sum: 0.0]
      [Code Root Scanning (ms): Min: 0.0, Avg: 0.0, Max: 0.0, Diff: 0.0, Sum: 0.0]
      [Object Copy (ms): Min: 0.5, Avg: 0.6, Max: 0.6, Diff: 0.2, Sum: 2.2]
      [Termination (ms): Min: 0.0, Avg: 0.0, Max: 0.0, Diff: 0.0, Sum: 0.0]
         [Termination Attempts: Min: 1, Avg: 1.0, Max: 1, Diff: 0, Sum: 4]
      [GC Worker Other (ms): Min: 0.0, Avg: 0.0, Max: 0.0, Diff: 0.0, Sum: 0.1]
      [GC Worker Total (ms): Min: 1.5, Avg: 2.0, Max: 2.2, Diff: 0.7, Sum: 7.9]
      [GC Worker End (ms): Min: 468452.2, Avg: 468452.2, Max: 468452.2, Diff: 0.0]
   [Code Root Fixup: 0.0 ms]
   [Code Root Purge: 0.0 ms]
   [Clear CT: 0.0 ms]
   [Other: 2.3 ms]
      [Choose CSet: 0.0 ms]
      [Ref Proc: 0.1 ms]
      [Ref Enq: 0.0 ms]
      [Redirty Cards: 0.0 ms]
      [Humongous Register: 0.7 ms]
      [Humongous Reclaim: 0.5 ms]
      [Free CSet: 0.0 ms]
   [Eden: 2048.0K(741.0M)->0.0B(735.0M) Survivors: 1024.0K->1024.0K Heap: 3779.4M(5120.0M)->3778.3M(5120.0M)]
 [Times: user=0.02 sys=0.00, real=0.00 secs] 
2016-06-26T19:50:39.217+0300: 468.454: [GC concurrent-root-region-scan-start]
2016-06-26T19:50:39.217+0300: 468.454: Total time for which application threads were stopped: 0.0053337 seconds, Stopping threads took: 0.0000774 seconds
2016-06-26T19:50:39.219+0300: 468.455: [GC concurrent-root-region-scan-end, 0.0016020 secs]
2016-06-26T19:50:39.219+0300: 468.455: [GC concurrent-mark-start]
2016-06-26T19:50:39.249+0300: 468.486: [GC concurrent-mark-end, 0.0299786 secs]
2016-06-26T19:50:40.095+0300: 469.332: Total time for which application threads were stopped: 0.0111622 seconds, Stopping threads took: 0.0102748 seconds
2016-06-26T19:50:40.510+0300: 469.746: [GC remark 2016-06-26T19:50:40.510+0300: 469.746: [Finalize Marking, 0.0046841 secs] 2016-06-26T19:50:40.514+0300: 469.751: [GC ref-proc, 0.0001120 secs] 2016-06-26T19:50:40.514+0300: 469.751: [Unloading, 0.0017196 secs], 0.0278711 secs]
 [Times: user=0.08 sys=0.00, real=0.03 secs] 
2016-06-26T19:50:40.537+0300: 469.774: Total time for which application threads were stopped: 0.0341375 seconds, Stopping threads took: 0.0059521 seconds
2016-06-26T19:50:40.587+0300: 469.824: Total time for which application threads were stopped: 0.0003053 seconds, Stopping threads took: 0.0000676 seconds
2016-06-26T19:50:41.092+0300: 470.329: Total time for which application threads were stopped: 0.0083645 seconds, Stopping threads took: 0.0076045 seconds
2016-06-26T19:50:41.382+0300: 470.619: Total time for which application threads were stopped: 0.0040704 seconds, Stopping threads took: 0.0038549 seconds
2016-06-26T19:50:41.383+0300: 470.619: [GC pause (G1 Humongous Allocation) (young)
Desired survivor size 48234496 bytes, new threshold 15 (max 15)
- age   1:       5400 bytes,       5400 total
- age   2:      32632 bytes,      38032 total
- age   4:      35336 bytes,      73368 total
- age   5:         72 bytes,      73440 total
- age   6:      49064 bytes,     122504 total
- age   8:      43584 bytes,     166088 total
- age  10:      22536 bytes,     188624 total
- age  12:      19152 bytes,     207776 total
- age  14:      20784 bytes,     228560 total
, 0.0392655 secs]
   [Parallel Time: 32.9 ms, GC Workers: 4]
      [GC Worker Start (ms): Min: 470623.4, Avg: 470623.5, Max: 470623.5, Diff: 0.0]
      [Ext Root Scanning (ms): Min: 0.3, Avg: 0.4, Max: 0.4, Diff: 0.0, Sum: 1.4]
      [Update RS (ms): Min: 31.8, Avg: 31.8, Max: 31.8, Diff: 0.0, Sum: 127.3]
         [Processed Buffers: Min: 333, Avg: 335.8, Max: 341, Diff: 8, Sum: 1343]
      [Scan RS (ms): Min: 0.0, Avg: 0.0, Max: 0.0, Diff: 0.0, Sum: 0.0]
      [Code Root Scanning (ms): Min: 0.0, Avg: 0.0, Max: 0.0, Diff: 0.0, Sum: 0.0]
      [Object Copy (ms): Min: 0.7, Avg: 0.7, Max: 0.7, Diff: 0.0, Sum: 2.7]
      [Termination (ms): Min: 0.0, Avg: 0.0, Max: 0.0, Diff: 0.0, Sum: 0.0]
         [Termination Attempts: Min: 1, Avg: 1.0, Max: 1, Diff: 0, Sum: 4]
      [GC Worker Other (ms): Min: 0.0, Avg: 0.0, Max: 0.0, Diff: 0.0, Sum: 0.1]
      [GC Worker Total (ms): Min: 32.9, Avg: 32.9, Max: 32.9, Diff: 0.0, Sum: 131.5]
      [GC Worker End (ms): Min: 470656.3, Avg: 470656.3, Max: 470656.3, Diff: 0.0]
   [Code Root Fixup: 0.0 ms]
   [Code Root Purge: 0.0 ms]
   [Clear CT: 0.0 ms]
   [Other: 6.3 ms]
      [Choose CSet: 0.0 ms]
      [Ref Proc: 0.1 ms]
      [Ref Enq: 0.0 ms]
      [Redirty Cards: 0.0 ms]
      [Humongous Register: 0.8 ms]
      [Humongous Reclaim: 2.0 ms]
      [Free CSet: 0.1 ms]
   [Eden: 62.0M(735.0M)->0.0B(917.0M) Survivors: 1024.0K->1024.0K Heap: 4980.4M(5120.0M)->3600.7M(5120.0M)]
 [Times: user=0.19 sys=0.00, real=0.04 secs] 
2016-06-26T19:50:41.423+0300: 470.659: Total time for which application threads were stopped: 0.0400896 seconds, Stopping threads took: 0.0000500 seconds
2016-06-26T19:50:42.499+0300: 471.735: [GC cleanup 4357M->4357M(5120M), 0.0021443 secs]
 [Times: user=0.00 sys=0.00, real=0.00 secs] 
2016-06-26T19:50:42.501+0300: 471.737: Total time for which application threads were stopped: 0.0118293 seconds, Stopping threads took: 0.0092651 seconds
2016-06-26T19:50:43.097+0300: 472.334: Total time for which application threads were stopped: 0.0123468 seconds, Stopping threads took: 0.0111904 seconds
2016-06-26T19:50:43.507+0300: 472.743: [GC pause (G1 Humongous Allocation) (young)
Desired survivor size 60293120 bytes, new threshold 15 (max 15)
- age   1:     202208 bytes,     202208 total
- age   2:       1880 bytes,     204088 total
- age   3:      27216 bytes,     231304 total
- age   5:      31488 bytes,     262792 total
- age   7:      43896 bytes,     306688 total
- age   9:      40856 bytes,     347544 total
- age  11:      20736 bytes,     368280 total
- age  13:      18440 bytes,     386720 total
- age  15:      20488 bytes,     407208 total
, 0.0574853 secs]
   [Parallel Time: 49.4 ms, GC Workers: 4]
      [GC Worker Start (ms): Min: 472748.8, Avg: 472748.8, Max: 472748.8, Diff: 0.0]
      [Ext Root Scanning (ms): Min: 0.4, Avg: 0.4, Max: 0.4, Diff: 0.0, Sum: 1.7]
      [Update RS (ms): Min: 48.4, Avg: 48.5, Max: 48.6, Diff: 0.1, Sum: 194.0]
         [Processed Buffers: Min: 511, Avg: 516.5, Max: 529, Diff: 18, Sum: 2066]
      [Scan RS (ms): Min: 0.0, Avg: 0.0, Max: 0.0, Diff: 0.0, Sum: 0.0]
      [Code Root Scanning (ms): Min: 0.0, Avg: 0.0, Max: 0.0, Diff: 0.0, Sum: 0.0]
      [Object Copy (ms): Min: 0.4, Avg: 0.4, Max: 0.5, Diff: 0.1, Sum: 1.8]
      [Termination (ms): Min: 0.0, Avg: 0.0, Max: 0.0, Diff: 0.0, Sum: 0.0]
         [Termination Attempts: Min: 1, Avg: 1.0, Max: 1, Diff: 0, Sum: 4]
      [GC Worker Other (ms): Min: 0.0, Avg: 0.0, Max: 0.0, Diff: 0.0, Sum: 0.1]
      [GC Worker Total (ms): Min: 49.4, Avg: 49.4, Max: 49.4, Diff: 0.0, Sum: 197.6]
      [GC Worker End (ms): Min: 472798.2, Avg: 472798.2, Max: 472798.2, Diff: 0.0]
   [Code Root Fixup: 0.0 ms]
   [Code Root Purge: 0.0 ms]
   [Clear CT: 0.0 ms]
   [Other: 8.0 ms]
      [Choose CSet: 0.0 ms]
      [Ref Proc: 0.0 ms]
      [Ref Enq: 0.0 ms]
      [Redirty Cards: 0.0 ms]
      [Humongous Register: 0.8 ms]
      [Humongous Reclaim: 2.0 ms]
      [Free CSet: 0.0 ms]
   [Eden: 63.0M(917.0M)->0.0B(860.0M) Survivors: 1024.0K->1024.0K Heap: 4979.6M(5120.0M)->3657.2M(5120.0M)]
 [Times: user=0.25 sys=0.00, real=0.06 secs] 
2016-06-26T19:50:43.564+0300: 472.801: Total time for which application threads were stopped: 0.0661389 seconds, Stopping threads took: 0.0076533 seconds
2016-06-26T19:50:43.566+0300: 472.803: [GC pause (G1 Humongous Allocation) (young) (initial-mark)
Desired survivor size 56623104 bytes, new threshold 15 (max 15)
- age   1:      28920 bytes,      28920 total
- age   2:      36280 bytes,      65200 total
- age   3:       1840 bytes,      67040 total
- age   4:      23408 bytes,      90448 total
- age   6:      28472 bytes,     118920 total
- age   8:      41640 bytes,     160560 total
- age  10:      39080 bytes,     199640 total
- age  12:      20104 bytes,     219744 total
- age  14:      18080 bytes,     237824 total
, 0.0030659 secs]
   [Parallel Time: 1.4 ms, GC Workers: 4]
      [GC Worker Start (ms): Min: 472803.8, Avg: 472803.8, Max: 472803.8, Diff: 0.0]
      [Ext Root Scanning (ms): Min: 0.5, Avg: 0.5, Max: 0.5, Diff: 0.0, Sum: 2.0]
      [Update RS (ms): Min: 0.4, Avg: 0.4, Max: 0.5, Diff: 0.1, Sum: 1.8]
         [Processed Buffers: Min: 4, Avg: 4.5, Max: 5, Diff: 1, Sum: 18]
      [Scan RS (ms): Min: 0.0, Avg: 0.0, Max: 0.0, Diff: 0.0, Sum: 0.0]
      [Code Root Scanning (ms): Min: 0.0, Avg: 0.0, Max: 0.0, Diff: 0.0, Sum: 0.0]
      [Object Copy (ms): Min: 0.3, Avg: 0.4, Max: 0.5, Diff: 0.1, Sum: 1.7]
      [Termination (ms): Min: 0.0, Avg: 0.0, Max: 0.0, Diff: 0.0, Sum: 0.0]
         [Termination Attempts: Min: 1, Avg: 1.0, Max: 1, Diff: 0, Sum: 4]
      [GC Worker Other (ms): Min: 0.0, Avg: 0.0, Max: 0.0, Diff: 0.0, Sum: 0.0]
      [GC Worker Total (ms): Min: 1.4, Avg: 1.4, Max: 1.4, Diff: 0.0, Sum: 5.5]
      [GC Worker End (ms): Min: 472805.1, Avg: 472805.2, Max: 472805.2, Diff: 0.0]
   [Code Root Fixup: 0.0 ms]
   [Code Root Purge: 0.0 ms]
   [Clear CT: 0.0 ms]
   [Other: 1.6 ms]
      [Choose CSet: 0.0 ms]
      [Ref Proc: 0.0 ms]
      [Ref Enq: 0.0 ms]
      [Redirty Cards: 0.0 ms]
      [Humongous Register: 0.7 ms]
      [Humongous Reclaim: 0.3 ms]
      [Free CSet: 0.0 ms]
   [Eden: 1024.0K(860.0M)->0.0B(858.0M) Survivors: 1024.0K->1024.0K Heap: 3660.2M(5120.0M)->3659.2M(5120.0M)]
 [Times: user=0.00 sys=0.00, real=0.00 secs] 
2016-06-26T19:50:43.570+0300: 472.806: [GC concurrent-root-region-scan-start]
2016-06-26T19:50:43.570+0300: 472.806: Total time for which application threads were stopped: 0.0037415 seconds, Stopping threads took: 0.0000517 seconds
2016-06-26T19:50:43.571+0300: 472.808: [GC concurrent-root-region-scan-end, 0.0015708 secs]
2016-06-26T19:50:43.571+0300: 472.808: [GC concurrent-mark-start]
2016-06-26T19:50:43.593+0300: 472.829: Total time for which application threads were stopped: 0.0004349 seconds, Stopping threads took: 0.0000736 seconds
2016-06-26T19:50:43.603+0300: 472.839: [GC concurrent-mark-end, 0.0305555 secs]
2016-06-26T19:50:43.631+0300: 472.868: [GC remark 2016-06-26T19:50:43.632+0300: 472.868: [Finalize Marking, 0.0005170 secs] 2016-06-26T19:50:43.632+0300: 472.869: [GC ref-proc, 0.0001078 secs] 2016-06-26T19:50:43.632+0300: 472.869: [Unloading, 0.0019001 secs], 0.0226114 secs]
 [Times: user=0.06 sys=0.00, real=0.02 secs] 
2016-06-26T19:50:43.654+0300: 472.891: Total time for which application threads were stopped: 0.0271731 seconds, Stopping threads took: 0.0041328 seconds
2016-06-26T19:50:43.696+0300: 472.933: [GC cleanup 3721M->3721M(5120M), 0.0022482 secs]
 [Times: user=0.00 sys=0.00, real=0.00 secs] 
2016-06-26T19:50:43.698+0300: 472.935: Total time for which application threads were stopped: 0.0035495 seconds, Stopping threads took: 0.0008604 seconds
2016-06-26T19:50:44.088+0300: 473.325: Total time for which application threads were stopped: 0.0029294 seconds, Stopping threads took: 0.0019283 seconds
2016-06-26T19:50:45.086+0300: 474.323: Total time for which application threads were stopped: 0.0012376 seconds, Stopping threads took: 0.0005949 seconds
2016-06-26T19:50:45.883+0300: 475.120: [GC pause (G1 Humongous Allocation) (young)
Desired survivor size 56623104 bytes, new threshold 15 (max 15)
- age   1:         80 bytes,         80 total
- age   2:      28872 bytes,      28952 total
- age   3:      36280 bytes,      65232 total
- age   4:       1840 bytes,      67072 total
- age   5:      23408 bytes,      90480 total
- age   7:      28472 bytes,     118952 total
- age   9:      41640 bytes,     160592 total
- age  11:      39080 bytes,     199672 total
- age  13:      20104 bytes,     219776 total
- age  15:      18080 bytes,     237856 total
, 0.0575173 secs]
   [Parallel Time: 49.6 ms, GC Workers: 4]
      [GC Worker Start (ms): Min: 475125.5, Avg: 475125.6, Max: 475125.6, Diff: 0.1]
      [Ext Root Scanning (ms): Min: 0.3, Avg: 0.4, Max: 0.4, Diff: 0.0, Sum: 1.4]
      [Update RS (ms): Min: 48.5, Avg: 48.5, Max: 48.5, Diff: 0.0, Sum: 193.9]
         [Processed Buffers: Min: 506, Avg: 512.8, Max: 520, Diff: 14, Sum: 2051]
      [Scan RS (ms): Min: 0.0, Avg: 0.0, Max: 0.0, Diff: 0.0, Sum: 0.0]
      [Code Root Scanning (ms): Min: 0.0, Avg: 0.0, Max: 0.0, Diff: 0.0, Sum: 0.0]
      [Object Copy (ms): Min: 0.7, Avg: 0.7, Max: 0.7, Diff: 0.0, Sum: 2.9]
      [Termination (ms): Min: 0.0, Avg: 0.0, Max: 0.0, Diff: 0.0, Sum: 0.0]
         [Termination Attempts: Min: 1, Avg: 1.0, Max: 1, Diff: 0, Sum: 4]
      [GC Worker Other (ms): Min: 0.0, Avg: 0.0, Max: 0.0, Diff: 0.0, Sum: 0.1]
      [GC Worker Total (ms): Min: 49.6, Avg: 49.6, Max: 49.6, Diff: 0.1, Sum: 198.4]
      [GC Worker End (ms): Min: 475175.2, Avg: 475175.2, Max: 475175.2, Diff: 0.0]
   [Code Root Fixup: 0.0 ms]
   [Code Root Purge: 0.0 ms]
   [Clear CT: 0.0 ms]
   [Other: 7.8 ms]
      [Choose CSet: 0.0 ms]
      [Ref Proc: 0.0 ms]
      [Ref Enq: 0.0 ms]
      [Redirty Cards: 0.0 ms]
      [Humongous Register: 0.8 ms]
      [Humongous Reclaim: 1.9 ms]
      [Free CSet: 0.1 ms]
   [Eden: 63.0M(858.0M)->0.0B(872.0M) Survivors: 1024.0K->1024.0K Heap: 4982.0M(5120.0M)->3645.7M(5120.0M)]
 [Times: user=0.23 sys=0.00, real=0.06 secs] 
2016-06-26T19:50:45.941+0300: 475.178: Total time for which application threads were stopped: 0.0610087 seconds, Stopping threads took: 0.0027045 seconds
2016-06-26T19:50:45.943+0300: 475.180: [GC pause (G1 Humongous Allocation) (young) (initial-mark)
Desired survivor size 57671680 bytes, new threshold 15 (max 15)
- age   1:     214928 bytes,     214928 total
- age   3:      22432 bytes,     237360 total
- age   4:      31000 bytes,     268360 total
- age   5:       1784 bytes,     270144 total
- age   6:      20640 bytes,     290784 total
- age   8:      25592 bytes,     316376 total
- age  10:      40152 bytes,     356528 total
- age  12:      38264 bytes,     394792 total
- age  14:      19496 bytes,     414288 total
, 0.0039874 secs]
   [Parallel Time: 2.2 ms, GC Workers: 4]
      [GC Worker Start (ms): Min: 475180.8, Avg: 475181.0, Max: 475181.1, Diff: 0.4]
      [Ext Root Scanning (ms): Min: 0.3, Avg: 0.4, Max: 0.6, Diff: 0.4, Sum: 1.8]
      [Update RS (ms): Min: 0.7, Avg: 0.8, Max: 0.8, Diff: 0.1, Sum: 3.2]
         [Processed Buffers: Min: 8, Avg: 8.5, Max: 9, Diff: 1, Sum: 34]
      [Scan RS (ms): Min: 0.0, Avg: 0.0, Max: 0.0, Diff: 0.0, Sum: 0.0]
      [Code Root Scanning (ms): Min: 0.0, Avg: 0.0, Max: 0.0, Diff: 0.0, Sum: 0.0]
      [Object Copy (ms): Min: 0.6, Avg: 0.7, Max: 0.7, Diff: 0.1, Sum: 2.8]
      [Termination (ms): Min: 0.0, Avg: 0.0, Max: 0.0, Diff: 0.0, Sum: 0.0]
         [Termination Attempts: Min: 1, Avg: 1.0, Max: 1, Diff: 0, Sum: 4]
      [GC Worker Other (ms): Min: 0.0, Avg: 0.0, Max: 0.0, Diff: 0.0, Sum: 0.0]
      [GC Worker Total (ms): Min: 1.8, Avg: 1.9, Max: 2.1, Diff: 0.4, Sum: 7.8]
      [GC Worker End (ms): Min: 475182.9, Avg: 475182.9, Max: 475182.9, Diff: 0.0]
   [Code Root Fixup: 0.0 ms]
   [Code Root Purge: 0.0 ms]
   [Clear CT: 0.0 ms]
   [Other: 1.8 ms]
      [Choose CSet: 0.0 ms]
      [Ref Proc: 0.1 ms]
      [Ref Enq: 0.0 ms]
      [Redirty Cards: 0.0 ms]
      [Humongous Register: 0.7 ms]
      [Humongous Reclaim: 0.3 ms]
      [Free CSet: 0.0 ms]
   [Eden: 1024.0K(872.0M)->0.0B(868.0M) Survivors: 1024.0K->1024.0K Heap: 3650.1M(5120.0M)->3649.7M(5120.0M)]
 [Times: user=0.00 sys=0.00, real=0.00 secs] 
2016-06-26T19:50:45.947+0300: 475.184: [GC concurrent-root-region-scan-start]
2016-06-26T19:50:45.947+0300: 475.184: Total time for which application threads were stopped: 0.0045408 seconds, Stopping threads took: 0.0000633 seconds
2016-06-26T19:50:45.949+0300: 475.186: [GC concurrent-root-region-scan-end, 0.0020177 secs]
2016-06-26T19:50:45.949+0300: 475.186: [GC concurrent-mark-start]
2016-06-26T19:50:45.981+0300: 475.217: [GC concurrent-mark-end, 0.0310695 secs]
2016-06-26T19:50:46.009+0300: 475.246: [GC remark 2016-06-26T19:50:46.009+0300: 475.246: [Finalize Marking, 0.0004383 secs] 2016-06-26T19:50:46.010+0300: 475.247: [GC ref-proc, 0.0001078 secs] 2016-06-26T19:50:46.010+0300: 475.247: [Unloading, 0.0016584 secs], 0.0221302 secs]
 [Times: user=0.13 sys=0.00, real=0.02 secs] 
2016-06-26T19:50:46.032+0300: 475.268: Total time for which application threads were stopped: 0.0236018 seconds, Stopping threads took: 0.0011731 seconds
2016-06-26T19:50:46.072+0300: 475.309: [GC cleanup 3713M->3697M(5120M), 0.0022422 secs]
 [Times: user=0.00 sys=0.00, real=0.00 secs] 
2016-06-26T19:50:46.074+0300: 475.311: Total time for which application threads were stopped: 0.0053564 seconds, Stopping threads took: 0.0027913 seconds
2016-06-26T19:50:46.074+0300: 475.311: [GC concurrent-cleanup-start]
2016-06-26T19:50:46.074+0300: 475.311: [GC concurrent-cleanup-end, 0.0000359 secs]
2016-06-26T19:50:47.080+0300: 476.316: Total time for which application threads were stopped: 0.0053555 seconds, Stopping threads took: 0.0051173 seconds
2016-06-26T19:50:48.087+0300: 477.324: [GC pause (G1 Humongous Allocation) (young)
Desired survivor size 57147392 bytes, new threshold 15 (max 15)
- age   1:         40 bytes,         40 total
- age   2:     214904 bytes,     214944 total
- age   4:      22432 bytes,     237376 total
- age   5:      31000 bytes,     268376 total
- age   6:       1784 bytes,     270160 total
- age   7:      20640 bytes,     290800 total
- age   9:      25592 bytes,     316392 total
- age  11:      40152 bytes,     356544 total
- age  13:      38264 bytes,     394808 total
- age  15:      19496 bytes,     414304 total
, 0.0565453 secs]
   [Parallel Time: 48.6 ms, GC Workers: 4]
      [GC Worker Start (ms): Min: 477329.7, Avg: 477329.7, Max: 477329.7, Diff: 0.0]
      [Ext Root Scanning (ms): Min: 0.4, Avg: 0.4, Max: 0.4, Diff: 0.0, Sum: 1.6]
      [Update RS (ms): Min: 47.7, Avg: 47.7, Max: 47.8, Diff: 0.1, Sum: 190.9]
         [Processed Buffers: Min: 501, Avg: 508.8, Max: 512, Diff: 11, Sum: 2035]
      [Scan RS (ms): Min: 0.0, Avg: 0.0, Max: 0.0, Diff: 0.0, Sum: 0.0]
      [Code Root Scanning (ms): Min: 0.0, Avg: 0.0, Max: 0.0, Diff: 0.0, Sum: 0.0]
      [Object Copy (ms): Min: 0.4, Avg: 0.4, Max: 0.5, Diff: 0.0, Sum: 1.8]
      [Termination (ms): Min: 0.0, Avg: 0.0, Max: 0.0, Diff: 0.0, Sum: 0.0]
         [Termination Attempts: Min: 1, Avg: 1.0, Max: 1, Diff: 0, Sum: 4]
      [GC Worker Other (ms): Min: 0.0, Avg: 0.0, Max: 0.0, Diff: 0.0, Sum: 0.1]
      [GC Worker Total (ms): Min: 48.6, Avg: 48.6, Max: 48.6, Diff: 0.0, Sum: 194.4]
      [GC Worker End (ms): Min: 477378.3, Avg: 477378.3, Max: 477378.3, Diff: 0.0]
   [Code Root Fixup: 0.0 ms]
   [Code Root Purge: 0.0 ms]
   [Clear CT: 0.0 ms]
   [Other: 7.9 ms]
      [Choose CSet: 0.0 ms]
      [Ref Proc: 0.0 ms]
      [Ref Enq: 0.0 ms]
      [Redirty Cards: 0.0 ms]
      [Humongous Register: 0.8 ms]
      [Humongous Reclaim: 2.0 ms]
      [Free CSet: 0.1 ms]
   [Eden: 62.0M(868.0M)->0.0B(1008.0M) Survivors: 1024.0K->1024.0K Heap: 4981.3M(5120.0M)->3512.8M(5120.0M)]
 [Times: user=0.20 sys=0.00, real=0.06 secs] 
2016-06-26T19:50:48.144+0300: 477.381: Total time for which application threads were stopped: 0.0639163 seconds, Stopping threads took: 0.0065187 seconds
2016-06-26T19:50:48.149+0300: 477.386: [GC pause (G1 Humongous Allocation) (young) (initial-mark)
Desired survivor size 66584576 bytes, new threshold 15 (max 15)
- age   1:      37696 bytes,      37696 total
- age   2:         16 bytes,      37712 total
- age   3:      35920 bytes,      73632 total
- age   5:      18576 bytes,      92208 total
- age   6:      26928 bytes,     119136 total
- age   7:       1784 bytes,     120920 total
- age   8:      19264 bytes,     140184 total
- age  10:      22752 bytes,     162936 total
- age  12:      38960 bytes,     201896 total
- age  14:      37480 bytes,     239376 total
, 0.0331441 secs]
   [Parallel Time: 1.7 ms, GC Workers: 4]
      [GC Worker Start (ms): Min: 477413.3, Avg: 477413.3, Max: 477413.3, Diff: 0.0]
      [Ext Root Scanning (ms): Min: 0.5, Avg: 0.5, Max: 0.5, Diff: 0.0, Sum: 1.8]
      [Update RS (ms): Min: 0.8, Avg: 0.8, Max: 0.8, Diff: 0.1, Sum: 3.2]
         [Processed Buffers: Min: 8, Avg: 8.3, Max: 9, Diff: 1, Sum: 33]
      [Scan RS (ms): Min: 0.0, Avg: 0.0, Max: 0.0, Diff: 0.0, Sum: 0.0]
      [Code Root Scanning (ms): Min: 0.0, Avg: 0.0, Max: 0.0, Diff: 0.0, Sum: 0.0]
      [Object Copy (ms): Min: 0.4, Avg: 0.4, Max: 0.5, Diff: 0.1, Sum: 1.7]
      [Termination (ms): Min: 0.0, Avg: 0.0, Max: 0.0, Diff: 0.0, Sum: 0.0]
         [Termination Attempts: Min: 1, Avg: 1.0, Max: 1, Diff: 0, Sum: 4]
      [GC Worker Other (ms): Min: 0.0, Avg: 0.0, Max: 0.0, Diff: 0.0, Sum: 0.0]
      [GC Worker Total (ms): Min: 1.7, Avg: 1.7, Max: 1.7, Diff: 0.0, Sum: 6.8]
      [GC Worker End (ms): Min: 477415.0, Avg: 477415.0, Max: 477415.0, Diff: 0.0]
   [Code Root Fixup: 0.0 ms]
   [Code Root Purge: 0.0 ms]
   [Clear CT: 0.0 ms]
   [Other: 31.4 ms]
      [Choose CSet: 0.0 ms]
      [Ref Proc: 0.0 ms]
      [Ref Enq: 0.0 ms]
      [Redirty Cards: 2.5 ms]
      [Humongous Register: 25.1 ms]
      [Humongous Reclaim: 0.3 ms]
      [Free CSet: 0.0 ms]
   [Eden: 1024.0K(1008.0M)->0.0B(1005.0M) Survivors: 1024.0K->1024.0K Heap: 3517.2M(5120.0M)->3516.7M(5120.0M)]
 [Times: user=0.00 sys=0.00, real=0.03 secs] 
2016-06-26T19:50:48.182+0300: 477.419: Total time for which application threads were stopped: 0.0338411 seconds, Stopping threads took: 0.0000753 seconds
2016-06-26T19:50:48.182+0300: 477.419: [GC concurrent-root-region-scan-start]
2016-06-26T19:50:48.184+0300: 477.421: [GC concurrent-root-region-scan-end, 0.0014912 secs]
2016-06-26T19:50:48.184+0300: 477.421: [GC concurrent-mark-start]
2016-06-26T19:50:48.215+0300: 477.452: [GC concurrent-mark-end, 0.0312042 secs]
2016-06-26T19:50:48.220+0300: 477.457: [GC remark 2016-06-26T19:50:48.220+0300: 477.457: [Finalize Marking, 0.0003118 secs] 2016-06-26T19:50:48.220+0300: 477.457: [GC ref-proc, 0.0001043 secs] 2016-06-26T19:50:48.220+0300: 477.457: [Unloading, 0.0017936 secs], 0.0215332 secs]
 [Times: user=0.06 sys=0.00, real=0.02 secs] 
2016-06-26T19:50:48.241+0300: 477.478: Total time for which application threads were stopped: 0.0233598 seconds, Stopping threads took: 0.0014262 seconds
2016-06-26T19:50:48.247+0300: 477.484: [GC cleanup 3542M->3542M(5120M), 0.0023243 secs]
 [Times: user=0.06 sys=0.00, real=0.00 secs] 
2016-06-26T19:50:48.249+0300: 477.486: Total time for which application threads were stopped: 0.0028058 seconds, Stopping threads took: 0.0000641 seconds
2016-06-26T19:50:49.263+0300: 478.499: Total time for which application threads were stopped: 0.0096581 seconds, Stopping threads took: 0.0086959 seconds
2016-06-26T19:50:50.094+0300: 479.331: Total time for which application threads were stopped: 0.0068934 seconds, Stopping threads took: 0.0059316 seconds
2016-06-26T19:50:50.457+0300: 479.694: [GC pause (G1 Humongous Allocation) (young)
Desired survivor size 66060288 bytes, new threshold 15 (max 15)
- age   1:         40 bytes,         40 total
- age   2:      37672 bytes,      37712 total
- age   3:         16 bytes,      37728 total
- age   4:      35920 bytes,      73648 total
- age   6:      18576 bytes,      92224 total
- age   7:      26928 bytes,     119152 total
- age   8:       1784 bytes,     120936 total
- age   9:      19264 bytes,     140200 total
- age  11:      22752 bytes,     162952 total
- age  13:      38960 bytes,     201912 total
- age  15:      37480 bytes,     239392 total
, 0.0583782 secs]
   [Parallel Time: 50.5 ms, GC Workers: 4]
      [GC Worker Start (ms): Min: 479699.8, Avg: 479699.8, Max: 479699.8, Diff: 0.0]
      [Ext Root Scanning (ms): Min: 0.4, Avg: 0.4, Max: 0.4, Diff: 0.0, Sum: 1.6]
      [Update RS (ms): Min: 49.4, Avg: 49.4, Max: 49.5, Diff: 0.1, Sum: 197.8]
         [Processed Buffers: Min: 508, Avg: 517.0, Max: 526, Diff: 18, Sum: 2068]
      [Scan RS (ms): Min: 0.0, Avg: 0.0, Max: 0.0, Diff: 0.0, Sum: 0.1]
      [Code Root Scanning (ms): Min: 0.0, Avg: 0.0, Max: 0.0, Diff: 0.0, Sum: 0.0]
      [Object Copy (ms): Min: 0.4, Avg: 0.6, Max: 0.6, Diff: 0.2, Sum: 2.2]
      [Termination (ms): Min: 0.0, Avg: 0.0, Max: 0.0, Diff: 0.0, Sum: 0.0]
         [Termination Attempts: Min: 1, Avg: 1.0, Max: 1, Diff: 0, Sum: 4]
      [GC Worker Other (ms): Min: 0.0, Avg: 0.1, Max: 0.2, Diff: 0.2, Sum: 0.2]
      [GC Worker Total (ms): Min: 50.5, Avg: 50.5, Max: 50.5, Diff: 0.0, Sum: 202.0]
      [GC Worker End (ms): Min: 479750.3, Avg: 479750.3, Max: 479750.3, Diff: 0.0]
   [Code Root Fixup: 0.0 ms]
   [Code Root Purge: 0.0 ms]
   [Clear CT: 0.1 ms]
   [Other: 7.8 ms]
      [Choose CSet: 0.0 ms]
      [Ref Proc: 0.0 ms]
      [Ref Enq: 0.0 ms]
      [Redirty Cards: 0.0 ms]
      [Humongous Register: 0.8 ms]
      [Humongous Reclaim: 1.8 ms]
      [Free CSet: 0.1 ms]
   [Eden: 64.0M(1005.0M)->0.0B(861.0M) Survivors: 1024.0K->1024.0K Heap: 4981.0M(5120.0M)->3657.3M(5120.0M)]
 [Times: user=0.20 sys=0.00, real=0.06 secs] 
2016-06-26T19:50:50.516+0300: 479.753: Total time for which application threads were stopped: 0.0666264 seconds, Stopping threads took: 0.0073462 seconds
2016-06-26T19:50:50.519+0300: 479.756: [GC pause (G1 Humongous Allocation) (young) (initial-mark)
Desired survivor size 56623104 bytes, new threshold 15 (max 15)
- age   1:      42312 bytes,      42312 total
- age   2:         16 bytes,      42328 total
- age   3:      31248 bytes,      73576 total
- age   4:         16 bytes,      73592 total
- age   5:      31792 bytes,     105384 total
- age   7:      15080 bytes,     120464 total
- age   8:      23928 bytes,     144392 total
- age   9:       1784 bytes,     146176 total
- age  10:      18200 bytes,     164376 total
- age  12:      21840 bytes,     186216 total
- age  14:      38600 bytes,     224816 total
, 0.0031997 secs]
   [Parallel Time: 1.5 ms, GC Workers: 4]
      [GC Worker Start (ms): Min: 479756.7, Avg: 479756.7, Max: 479756.7, Diff: 0.0]
      [Ext Root Scanning (ms): Min: 0.5, Avg: 0.5, Max: 0.5, Diff: 0.0, Sum: 1.9]
      [Update RS (ms): Min: 0.4, Avg: 0.4, Max: 0.5, Diff: 0.1, Sum: 1.6]
         [Processed Buffers: Min: 4, Avg: 4.3, Max: 5, Diff: 1, Sum: 17]
      [Scan RS (ms): Min: 0.0, Avg: 0.0, Max: 0.0, Diff: 0.0, Sum: 0.0]
      [Code Root Scanning (ms): Min: 0.0, Avg: 0.0, Max: 0.0, Diff: 0.0, Sum: 0.0]
      [Object Copy (ms): Min: 0.5, Avg: 0.6, Max: 0.6, Diff: 0.1, Sum: 2.2]
      [Termination (ms): Min: 0.0, Avg: 0.0, Max: 0.0, Diff: 0.0, Sum: 0.1]
         [Termination Attempts: Min: 1, Avg: 1.0, Max: 1, Diff: 0, Sum: 4]
      [GC Worker Other (ms): Min: 0.0, Avg: 0.0, Max: 0.0, Diff: 0.0, Sum: 0.0]
      [GC Worker Total (ms): Min: 1.5, Avg: 1.5, Max: 1.5, Diff: 0.0, Sum: 5.9]
      [GC Worker End (ms): Min: 479758.1, Avg: 479758.1, Max: 479758.1, Diff: 0.0]
   [Code Root Fixup: 0.0 ms]
   [Code Root Purge: 0.0 ms]
   [Clear CT: 0.0 ms]
   [Other: 1.7 ms]
      [Choose CSet: 0.0 ms]
      [Ref Proc: 0.1 ms]
      [Ref Enq: 0.0 ms]
      [Redirty Cards: 0.1 ms]
      [Humongous Register: 0.6 ms]
      [Humongous Reclaim: 0.2 ms]
      [Free CSet: 0.0 ms]
   [Eden: 1024.0K(861.0M)->0.0B(859.0M) Survivors: 1024.0K->1024.0K Heap: 3659.7M(5120.0M)->3659.3M(5120.0M)]
 [Times: user=0.00 sys=0.00, real=0.00 secs] 
2016-06-26T19:50:50.523+0300: 479.759: [GC concurrent-root-region-scan-start]
2016-06-26T19:50:50.523+0300: 479.759: Total time for which application threads were stopped: 0.0038703 seconds, Stopping threads took: 0.0000612 seconds
2016-06-26T19:50:50.524+0300: 479.761: [GC concurrent-root-region-scan-end, 0.0015686 secs]
2016-06-26T19:50:50.524+0300: 479.761: [GC concurrent-mark-start]
2016-06-26T19:50:50.557+0300: 479.793: [GC concurrent-mark-end, 0.0314629 secs]
2016-06-26T19:50:50.568+0300: 479.804: [GC remark 2016-06-26T19:50:50.568+0300: 479.804: [Finalize Marking, 0.0003875 secs] 2016-06-26T19:50:50.568+0300: 479.805: [GC ref-proc, 0.0001069 secs] 2016-06-26T19:50:50.568+0300: 479.805: [Unloading, 0.0018235 secs], 0.0222923 secs]
 [Times: user=0.06 sys=0.00, real=0.02 secs] 
2016-06-26T19:50:50.590+0300: 479.827: Total time for which application threads were stopped: 0.0246201 seconds, Stopping threads took: 0.0018800 seconds
2016-06-26T19:50:50.593+0300: 479.829: [GC cleanup 3680M->3680M(5120M), 0.0021699 secs]
 [Times: user=0.00 sys=0.00, real=0.00 secs] 
2016-06-26T19:50:50.595+0300: 479.831: Total time for which application threads were stopped: 0.0026408 seconds, Stopping threads took: 0.0000573 seconds
2016-06-26T19:50:51.091+0300: 480.327: Total time for which application threads were stopped: 0.0030620 seconds, Stopping threads took: 0.0020959 seconds
2016-06-26T19:50:52.732+0300: 481.969: [GC pause (G1 Humongous Allocation) (young)
Desired survivor size 56623104 bytes, new threshold 15 (max 15)
- age   1:         40 bytes,         40 total
- age   2:      42288 bytes,      42328 total
- age   3:         16 bytes,      42344 total
- age   4:      31248 bytes,      73592 total
- age   5:         16 bytes,      73608 total
- age   6:      31792 bytes,     105400 total
- age   8:      15080 bytes,     120480 total
- age   9:      23928 bytes,     144408 total
- age  10:       1784 bytes,     146192 total
- age  11:      18200 bytes,     164392 total
- age  13:      21840 bytes,     186232 total
- age  15:      38600 bytes,     224832 total
, 0.0609895 secs]
   [Parallel Time: 53.2 ms, GC Workers: 4]
      [GC Worker Start (ms): Min: 481974.4, Avg: 481974.4, Max: 481974.4, Diff: 0.0]
      [Ext Root Scanning (ms): Min: 0.4, Avg: 0.4, Max: 0.4, Diff: 0.0, Sum: 1.6]
      [Update RS (ms): Min: 52.3, Avg: 52.3, Max: 52.4, Diff: 0.1, Sum: 209.3]
         [Processed Buffers: Min: 516, Avg: 542.0, Max: 558, Diff: 42, Sum: 2168]
      [Scan RS (ms): Min: 0.0, Avg: 0.0, Max: 0.0, Diff: 0.0, Sum: 0.0]
      [Code Root Scanning (ms): Min: 0.0, Avg: 0.0, Max: 0.0, Diff: 0.0, Sum: 0.0]
      [Object Copy (ms): Min: 0.4, Avg: 0.4, Max: 0.5, Diff: 0.1, Sum: 1.8]
      [Termination (ms): Min: 0.0, Avg: 0.0, Max: 0.0, Diff: 0.0, Sum: 0.0]
         [Termination Attempts: Min: 1, Avg: 1.3, Max: 2, Diff: 1, Sum: 5]
      [GC Worker Other (ms): Min: 0.0, Avg: 0.0, Max: 0.0, Diff: 0.0, Sum: 0.1]
      [GC Worker Total (ms): Min: 53.2, Avg: 53.2, Max: 53.2, Diff: 0.0, Sum: 212.8]
      [GC Worker End (ms): Min: 482027.6, Avg: 482027.6, Max: 482027.6, Diff: 0.0]
   [Code Root Fixup: 0.0 ms]
   [Code Root Purge: 0.0 ms]
   [Clear CT: 0.0 ms]
   [Other: 7.7 ms]
      [Choose CSet: 0.0 ms]
      [Ref Proc: 0.0 ms]
      [Ref Enq: 0.0 ms]
      [Redirty Cards: 0.0 ms]
      [Humongous Register: 0.8 ms]
      [Humongous Reclaim: 1.7 ms]
      [Free CSet: 0.1 ms]
   [Eden: 62.0M(859.0M)->0.0B(649.0M) Survivors: 1024.0K->1024.0K Heap: 4981.0M(5120.0M)->3864.3M(5120.0M)]
 [Times: user=0.19 sys=0.00, real=0.06 secs] 
2016-06-26T19:50:52.793+0300: 482.030: Total time for which application threads were stopped: 0.0688562 seconds, Stopping threads took: 0.0068087 seconds
2016-06-26T19:50:52.800+0300: 482.037: [GC pause (G1 Humongous Allocation) (young) (initial-mark)
Desired survivor size 42991616 bytes, new threshold 15 (max 15)
- age   1:      39584 bytes,      39584 total
- age   2:         16 bytes,      39600 total
- age   3:      35768 bytes,      75368 total
- age   5:      27328 bytes,     102696 total
- age   6:         16 bytes,     102712 total
- age   7:      27488 bytes,     130200 total
- age   9:      13000 bytes,     143200 total
- age  10:      22328 bytes,     165528 total
- age  11:       1768 bytes,     167296 total
- age  12:      18064 bytes,     185360 total
- age  14:      21760 bytes,     207120 total
, 0.0033597 secs]
   [Parallel Time: 1.6 ms, GC Workers: 4]
      [GC Worker Start (ms): Min: 482037.6, Avg: 482037.6, Max: 482037.6, Diff: 0.0]
      [Ext Root Scanning (ms): Min: 0.6, Avg: 0.7, Max: 0.7, Diff: 0.0, Sum: 2.7]
      [Update RS (ms): Min: 0.4, Avg: 0.4, Max: 0.5, Diff: 0.1, Sum: 1.7]
         [Processed Buffers: Min: 4, Avg: 4.3, Max: 5, Diff: 1, Sum: 17]
      [Scan RS (ms): Min: 0.0, Avg: 0.0, Max: 0.0, Diff: 0.0, Sum: 0.0]
      [Code Root Scanning (ms): Min: 0.0, Avg: 0.0, Max: 0.0, Diff: 0.0, Sum: 0.0]
      [Object Copy (ms): Min: 0.4, Avg: 0.4, Max: 0.5, Diff: 0.1, Sum: 1.7]
      [Termination (ms): Min: 0.0, Avg: 0.0, Max: 0.0, Diff: 0.0, Sum: 0.0]
         [Termination Attempts: Min: 1, Avg: 1.0, Max: 1, Diff: 0, Sum: 4]
      [GC Worker Other (ms): Min: 0.0, Avg: 0.0, Max: 0.0, Diff: 0.0, Sum: 0.0]
      [GC Worker Total (ms): Min: 1.5, Avg: 1.5, Max: 1.5, Diff: 0.0, Sum: 6.1]
      [GC Worker End (ms): Min: 482039.1, Avg: 482039.1, Max: 482039.1, Diff: 0.0]
   [Code Root Fixup: 0.0 ms]
   [Code Root Purge: 0.0 ms]
   [Clear CT: 0.0 ms]
   [Other: 1.7 ms]
      [Choose CSet: 0.0 ms]
      [Ref Proc: 0.1 ms]
      [Ref Enq: 0.0 ms]
      [Redirty Cards: 0.0 ms]
      [Humongous Register: 0.7 ms]
      [Humongous Reclaim: 0.3 ms]
      [Free CSet: 0.0 ms]
   [Eden: 1024.0K(649.0M)->0.0B(645.0M) Survivors: 1024.0K->1024.0K Heap: 3867.3M(5120.0M)->3866.4M(5120.0M)]
 [Times: user=0.00 sys=0.00, real=0.00 secs] 
2016-06-26T19:50:52.804+0300: 482.040: [GC concurrent-root-region-scan-start]
2016-06-26T19:50:52.804+0300: 482.040: Total time for which application threads were stopped: 0.0040392 seconds, Stopping threads took: 0.0000731 seconds
2016-06-26T19:50:52.805+0300: 482.042: [GC concurrent-root-region-scan-end, 0.0015370 secs]
2016-06-26T19:50:52.805+0300: 482.042: [GC concurrent-mark-start]
2016-06-26T19:50:52.834+0300: 482.071: [GC concurrent-mark-end, 0.0292169 secs]
2016-06-26T19:50:52.840+0300: 482.076: [GC remark 2016-06-26T19:50:52.840+0300: 482.077: [Finalize Marking, 0.0003066 secs] 2016-06-26T19:50:52.840+0300: 482.077: [GC ref-proc, 0.0001056 secs] 2016-06-26T19:50:52.840+0300: 482.077: [Unloading, 0.0018466 secs], 0.0236275 secs]
 [Times: user=0.13 sys=0.00, real=0.02 secs] 
2016-06-26T19:50:52.864+0300: 482.100: Total time for which application threads were stopped: 0.0245315 seconds, Stopping threads took: 0.0004901 seconds
2016-06-26T19:50:52.866+0300: 482.102: [GC cleanup 3879M->3879M(5120M), 0.0022490 secs]
 [Times: user=0.00 sys=0.00, real=0.00 secs] 
2016-06-26T19:50:52.868+0300: 482.104: Total time for which application threads were stopped: 0.0027195 seconds, Stopping threads took: 0.0000552 seconds
2016-06-26T19:50:53.872+0300: 483.108: Total time for which application threads were stopped: 0.0041859 seconds, Stopping threads took: 0.0039417 seconds
2016-06-26T19:50:54.644+0300: 483.881: Total time for which application threads were stopped: 0.0119089 seconds, Stopping threads took: 0.0110916 seconds
2016-06-26T19:50:54.827+0300: 484.063: [GC pause (G1 Humongous Allocation) (young)
Desired survivor size 42467328 bytes, new threshold 15 (max 15)
- age   1:       9072 bytes,       9072 total
- age   2:      39560 bytes,      48632 total
- age   3:         16 bytes,      48648 total
- age   4:      35768 bytes,      84416 total
- age   6:      27328 bytes,     111744 total
- age   7:         16 bytes,     111760 total
- age   8:      27488 bytes,     139248 total
- age  10:      13000 bytes,     152248 total
- age  11:      22328 bytes,     174576 total
- age  12:       1768 bytes,     176344 total
- age  13:      18064 bytes,     194408 total
- age  15:      21760 bytes,     216168 total
, 0.0592292 secs]
   [Parallel Time: 50.8 ms, GC Workers: 4]
      [GC Worker Start (ms): Min: 484068.9, Avg: 484068.9, Max: 484068.9, Diff: 0.0]
      [Ext Root Scanning (ms): Min: 0.3, Avg: 0.3, Max: 0.4, Diff: 0.0, Sum: 1.4]
      [Update RS (ms): Min: 49.6, Avg: 49.6, Max: 49.6, Diff: 0.0, Sum: 198.4]
         [Processed Buffers: Min: 501, Avg: 512.5, Max: 525, Diff: 24, Sum: 2050]
      [Scan RS (ms): Min: 0.0, Avg: 0.0, Max: 0.0, Diff: 0.0, Sum: 0.0]
      [Code Root Scanning (ms): Min: 0.0, Avg: 0.0, Max: 0.0, Diff: 0.0, Sum: 0.0]
      [Object Copy (ms): Min: 0.8, Avg: 0.8, Max: 0.8, Diff: 0.0, Sum: 3.1]
      [Termination (ms): Min: 0.0, Avg: 0.0, Max: 0.0, Diff: 0.0, Sum: 0.0]
         [Termination Attempts: Min: 1, Avg: 1.0, Max: 1, Diff: 0, Sum: 4]
      [GC Worker Other (ms): Min: 0.0, Avg: 0.0, Max: 0.0, Diff: 0.0, Sum: 0.1]
      [GC Worker Total (ms): Min: 50.7, Avg: 50.7, Max: 50.7, Diff: 0.0, Sum: 203.0]
      [GC Worker End (ms): Min: 484119.7, Avg: 484119.7, Max: 484119.7, Diff: 0.0]
   [Code Root Fixup: 0.0 ms]
   [Code Root Purge: 0.0 ms]
   [Clear CT: 0.0 ms]
   [Other: 8.3 ms]
      [Choose CSet: 0.0 ms]
      [Ref Proc: 0.1 ms]
      [Ref Enq: 0.0 ms]
      [Redirty Cards: 0.0 ms]
      [Humongous Register: 0.8 ms]
      [Humongous Reclaim: 2.4 ms]
      [Free CSet: 0.0 ms]
   [Eden: 62.0M(645.0M)->0.0B(1395.0M) Survivors: 1024.0K->1024.0K Heap: 4981.1M(5120.0M)->3132.1M(5120.0M)]
 [Times: user=0.19 sys=0.00, real=0.06 secs] 
2016-06-26T19:50:54.886+0300: 484.123: Total time for which application threads were stopped: 0.0660910 seconds, Stopping threads took: 0.0061039 seconds
2016-06-26T19:50:54.893+0300: 484.130: [GC pause (G1 Humongous Allocation) (young) (initial-mark)
Desired survivor size 91750400 bytes, new threshold 15 (max 15)
- age   1:     244344 bytes,     244344 total
- age   2:       9048 bytes,     253392 total
- age   3:      31592 bytes,     284984 total
- age   4:         16 bytes,     285000 total
- age   5:      29920 bytes,     314920 total
- age   7:      22320 bytes,     337240 total
- age   9:      23640 bytes,     360880 total
- age  11:      11488 bytes,     372368 total
- age  12:      21568 bytes,     393936 total
- age  13:       1752 bytes,     395688 total
- age  14:      18064 bytes,     413752 total
, 0.0037360 secs]
   [Parallel Time: 2.0 ms, GC Workers: 4]
      [GC Worker Start (ms): Min: 484130.6, Avg: 484130.6, Max: 484130.6, Diff: 0.0]
      [Ext Root Scanning (ms): Min: 0.4, Avg: 0.4, Max: 0.4, Diff: 0.0, Sum: 1.6]
      [Update RS (ms): Min: 0.7, Avg: 0.8, Max: 0.8, Diff: 0.0, Sum: 3.1]
         [Processed Buffers: Min: 8, Avg: 8.3, Max: 9, Diff: 1, Sum: 33]
      [Scan RS (ms): Min: 0.0, Avg: 0.0, Max: 0.0, Diff: 0.0, Sum: 0.0]
      [Code Root Scanning (ms): Min: 0.0, Avg: 0.0, Max: 0.0, Diff: 0.0, Sum: 0.0]
      [Object Copy (ms): Min: 0.7, Avg: 0.7, Max: 0.8, Diff: 0.1, Sum: 2.9]
      [Termination (ms): Min: 0.0, Avg: 0.0, Max: 0.0, Diff: 0.0, Sum: 0.0]
         [Termination Attempts: Min: 1, Avg: 1.0, Max: 1, Diff: 0, Sum: 4]
      [GC Worker Other (ms): Min: 0.0, Avg: 0.0, Max: 0.0, Diff: 0.0, Sum: 0.0]
      [GC Worker Total (ms): Min: 1.9, Avg: 1.9, Max: 1.9, Diff: 0.0, Sum: 7.7]
      [GC Worker End (ms): Min: 484132.5, Avg: 484132.5, Max: 484132.5, Diff: 0.0]
   [Code Root Fixup: 0.0 ms]
   [Code Root Purge: 0.0 ms]
   [Clear CT: 0.0 ms]
   [Other: 1.7 ms]
      [Choose CSet: 0.0 ms]
      [Ref Proc: 0.1 ms]
      [Ref Enq: 0.0 ms]
      [Redirty Cards: 0.0 ms]
      [Humongous Register: 0.6 ms]
      [Humongous Reclaim: 0.3 ms]
      [Free CSet: 0.0 ms]
   [Eden: 1024.0K(1395.0M)->0.0B(1392.0M) Survivors: 1024.0K->1024.0K Heap: 3136.5M(5120.0M)->3136.2M(5120.0M)]
 [Times: user=0.00 sys=0.00, real=0.00 secs] 
2016-06-26T19:50:54.897+0300: 484.133: [GC concurrent-root-region-scan-start]
2016-06-26T19:50:54.897+0300: 484.133: Total time for which application threads were stopped: 0.0043172 seconds, Stopping threads took: 0.0000834 seconds
2016-06-26T19:50:54.899+0300: 484.136: [GC concurrent-root-region-scan-end, 0.0021733 secs]
2016-06-26T19:50:54.899+0300: 484.136: [GC concurrent-mark-start]
2016-06-26T19:50:54.929+0300: 484.166: [GC concurrent-mark-end, 0.0301222 secs]
2016-06-26T19:50:54.953+0300: 484.190: [GC remark 2016-06-26T19:50:54.954+0300: 484.190: [Finalize Marking, 0.0003490 secs] 2016-06-26T19:50:54.954+0300: 484.190: [GC ref-proc, 0.0001052 secs] 2016-06-26T19:50:54.954+0300: 484.191: [Unloading, 0.0023534 secs], 0.0206484 secs]
 [Times: user=0.06 sys=0.00, real=0.02 secs] 
2016-06-26T19:50:54.974+0300: 484.211: Total time for which application threads were stopped: 0.0251910 seconds, Stopping threads took: 0.0042830 seconds
2016-06-26T19:50:54.976+0300: 484.213: [GC cleanup 3161M->3161M(5120M), 0.0024312 secs]
 [Times: user=0.00 sys=0.00, real=0.00 secs] 
2016-06-26T19:50:54.979+0300: 484.216: Total time for which application threads were stopped: 0.0029264 seconds, Stopping threads took: 0.0002194 seconds
2016-06-26T19:50:55.992+0300: 485.229: Total time for which application threads were stopped: 0.0132782 seconds, Stopping threads took: 0.0129258 seconds
2016-06-26T19:50:56.161+0300: 485.398: Total time for which application threads were stopped: 0.0076315 seconds, Stopping threads took: 0.0074160 seconds
2016-06-26T19:50:57.894+0300: 487.131: Total time for which application threads were stopped: 0.0095153 seconds, Stopping threads took: 0.0089380 seconds
2016-06-26T19:50:57.967+0300: 487.204: [GC pause (G1 Humongous Allocation) (young)
Desired survivor size 91750400 bytes, new threshold 15 (max 15)
- age   1:        120 bytes,        120 total
- age   2:     244320 bytes,     244440 total
- age   3:       9048 bytes,     253488 total
- age   4:      31536 bytes,     285024 total
- age   5:         16 bytes,     285040 total
- age   6:      29920 bytes,     314960 total
- age   8:      22320 bytes,     337280 total
- age  10:      23640 bytes,     360920 total
- age  12:      11488 bytes,     372408 total
- age  13:      21568 bytes,     393976 total
- age  14:       1752 bytes,     395728 total
- age  15:      18064 bytes,     413792 total
, 0.0564559 secs]
   [Parallel Time: 48.6 ms, GC Workers: 4]
      [GC Worker Start (ms): Min: 487209.6, Avg: 487209.6, Max: 487209.6, Diff: 0.0]
      [Ext Root Scanning (ms): Min: 0.3, Avg: 0.3, Max: 0.4, Diff: 0.0, Sum: 1.4]
      [Update RS (ms): Min: 47.4, Avg: 47.4, Max: 47.4, Diff: 0.0, Sum: 189.6]
         [Processed Buffers: Min: 486, Avg: 489.3, Max: 495, Diff: 9, Sum: 1957]
      [Scan RS (ms): Min: 0.0, Avg: 0.0, Max: 0.0, Diff: 0.0, Sum: 0.0]
      [Code Root Scanning (ms): Min: 0.0, Avg: 0.0, Max: 0.0, Diff: 0.0, Sum: 0.0]
      [Object Copy (ms): Min: 0.7, Avg: 0.8, Max: 0.8, Diff: 0.0, Sum: 3.1]
      [Termination (ms): Min: 0.0, Avg: 0.0, Max: 0.0, Diff: 0.0, Sum: 0.0]
         [Termination Attempts: Min: 1, Avg: 1.0, Max: 1, Diff: 0, Sum: 4]
      [GC Worker Other (ms): Min: 0.0, Avg: 0.0, Max: 0.0, Diff: 0.0, Sum: 0.1]
      [GC Worker Total (ms): Min: 48.5, Avg: 48.5, Max: 48.6, Diff: 0.0, Sum: 194.2]
      [GC Worker End (ms): Min: 487258.1, Avg: 487258.1, Max: 487258.1, Diff: 0.0]
   [Code Root Fixup: 0.0 ms]
   [Code Root Purge: 0.0 ms]
   [Clear CT: 0.1 ms]
   [Other: 7.8 ms]
      [Choose CSet: 0.0 ms]
      [Ref Proc: 0.0 ms]
      [Ref Enq: 0.0 ms]
      [Redirty Cards: 0.0 ms]
      [Humongous Register: 0.8 ms]
      [Humongous Reclaim: 2.1 ms]
      [Free CSet: 0.1 ms]
   [Eden: 62.0M(1392.0M)->0.0B(1037.0M) Survivors: 1024.0K->1024.0K Heap: 4980.4M(5120.0M)->3483.8M(5120.0M)]
 [Times: user=0.19 sys=0.00, real=0.06 secs] 
2016-06-26T19:50:58.024+0300: 487.261: Total time for which application threads were stopped: 0.0758620 seconds, Stopping threads took: 0.0186658 seconds
2016-06-26T19:50:58.033+0300: 487.270: [GC pause (G1 Humongous Allocation) (young) (initial-mark)
Desired survivor size 68157440 bytes, new threshold 15 (max 15)
- age   1:     242328 bytes,     242328 total
- age   3:      24136 bytes,     266464 total
- age   4:       9048 bytes,     275512 total
- age   5:      26640 bytes,     302152 total
- age   6:         16 bytes,     302168 total
- age   7:      26528 bytes,     328696 total
- age   9:      19872 bytes,     348568 total
- age  11:      22264 bytes,     370832 total
- age  13:      11088 bytes,     381920 total
- age  14:      21568 bytes,     403488 total
- age  15:       1752 bytes,     405240 total
, 0.0032314 secs]
   [Parallel Time: 1.6 ms, GC Workers: 4]
      [GC Worker Start (ms): Min: 487270.9, Avg: 487270.9, Max: 487270.9, Diff: 0.0]
      [Ext Root Scanning (ms): Min: 0.4, Avg: 0.4, Max: 0.4, Diff: 0.0, Sum: 1.6]
      [Update RS (ms): Min: 0.4, Avg: 0.4, Max: 0.4, Diff: 0.0, Sum: 1.7]
         [Processed Buffers: Min: 4, Avg: 4.3, Max: 5, Diff: 1, Sum: 17]
      [Scan RS (ms): Min: 0.0, Avg: 0.0, Max: 0.0, Diff: 0.0, Sum: 0.0]
      [Code Root Scanning (ms): Min: 0.0, Avg: 0.0, Max: 0.0, Diff: 0.0, Sum: 0.0]
      [Object Copy (ms): Min: 0.7, Avg: 0.7, Max: 0.7, Diff: 0.1, Sum: 2.9]
      [Termination (ms): Min: 0.0, Avg: 0.0, Max: 0.0, Diff: 0.0, Sum: 0.0]
         [Termination Attempts: Min: 1, Avg: 1.0, Max: 1, Diff: 0, Sum: 4]
      [GC Worker Other (ms): Min: 0.0, Avg: 0.0, Max: 0.0, Diff: 0.0, Sum: 0.0]
      [GC Worker Total (ms): Min: 1.5, Avg: 1.5, Max: 1.6, Diff: 0.0, Sum: 6.2]
      [GC Worker End (ms): Min: 487272.5, Avg: 487272.5, Max: 487272.5, Diff: 0.0]
   [Code Root Fixup: 0.0 ms]
   [Code Root Purge: 0.0 ms]
   [Clear CT: 0.0 ms]
   [Other: 1.6 ms]
      [Choose CSet: 0.0 ms]
      [Ref Proc: 0.0 ms]
      [Ref Enq: 0.0 ms]
      [Redirty Cards: 0.0 ms]
      [Humongous Register: 0.6 ms]
      [Humongous Reclaim: 0.4 ms]
      [Free CSet: 0.0 ms]
   [Eden: 1024.0K(1037.0M)->0.0B(1096.0M) Survivors: 1024.0K->1024.0K Heap: 3486.3M(5120.0M)->3427.2M(5120.0M)]
 [Times: user=0.00 sys=0.00, real=0.00 secs] 
2016-06-26T19:50:58.037+0300: 487.274: [GC concurrent-root-region-scan-start]
2016-06-26T19:50:58.037+0300: 487.274: Total time for which application threads were stopped: 0.0037595 seconds, Stopping threads took: 0.0000573 seconds
2016-06-26T19:50:58.039+0300: 487.276: [GC concurrent-root-region-scan-end, 0.0020416 secs]
2016-06-26T19:50:58.039+0300: 487.276: [GC concurrent-mark-start]
2016-06-26T19:50:58.072+0300: 487.309: [GC concurrent-mark-end, 0.0335657 secs]
2016-06-26T19:50:58.098+0300: 487.335: [GC remark 2016-06-26T19:50:58.098+0300: 487.335: [Finalize Marking, 0.0003656 secs] 2016-06-26T19:50:58.098+0300: 487.335: [GC ref-proc, 0.0001095 secs] 2016-06-26T19:50:58.099+0300: 487.335: [Unloading, 0.0016743 secs], 0.0208858 secs]
 [Times: user=0.06 sys=0.00, real=0.02 secs] 
2016-06-26T19:50:58.119+0300: 487.356: Total time for which application threads were stopped: 0.0268879 seconds, Stopping threads took: 0.0057447 seconds
2016-06-26T19:50:58.123+0300: 487.360: [GC cleanup 3459M->3459M(5120M), 0.0022341 secs]
 [Times: user=0.00 sys=0.00, real=0.00 secs] 
2016-06-26T19:50:58.126+0300: 487.362: Total time for which application threads were stopped: 0.0025766 seconds, Stopping threads took: 0.0000671 seconds
2016-06-26T19:50:58.890+0300: 488.126: Total time for which application threads were stopped: 0.0072368 seconds, Stopping threads took: 0.0063528 seconds
2016-06-26T19:50:59.889+0300: 489.125: Total time for which application threads were stopped: 0.0053825 seconds, Stopping threads took: 0.0044698 seconds
2016-06-26T19:51:00.605+0300: 489.842: [GC pause (G1 Humongous Allocation) (young)
Desired survivor size 72351744 bytes, new threshold 15 (max 15)
- age   1:         40 bytes,         40 total
- age   2:     241688 bytes,     241728 total
- age   4:      23992 bytes,     265720 total
- age   5:       9048 bytes,     274768 total
- age   6:      26640 bytes,     301408 total
- age   7:         16 bytes,     301424 total
- age   8:      26528 bytes,     327952 total
- age  10:      19872 bytes,     347824 total
- age  12:      22264 bytes,     370088 total
- age  14:      11088 bytes,     381176 total
- age  15:      21568 bytes,     402744 total
, 0.0578347 secs]
   [Parallel Time: 49.5 ms, GC Workers: 4]
      [GC Worker Start (ms): Min: 489847.6, Avg: 489848.1, Max: 489849.6, Diff: 2.0]
      [Ext Root Scanning (ms): Min: 0.0, Avg: 0.4, Max: 0.5, Diff: 0.5, Sum: 1.4]
      [Update RS (ms): Min: 46.9, Avg: 48.0, Max: 48.4, Diff: 1.5, Sum: 192.1]
         [Processed Buffers: Min: 506, Avg: 513.0, Max: 523, Diff: 17, Sum: 2052]
      [Scan RS (ms): Min: 0.0, Avg: 0.0, Max: 0.0, Diff: 0.0, Sum: 0.0]
      [Code Root Scanning (ms): Min: 0.0, Avg: 0.0, Max: 0.0, Diff: 0.0, Sum: 0.0]
      [Object Copy (ms): Min: 0.6, Avg: 0.6, Max: 0.6, Diff: 0.1, Sum: 2.4]
      [Termination (ms): Min: 0.0, Avg: 0.0, Max: 0.0, Diff: 0.0, Sum: 0.0]
         [Termination Attempts: Min: 1, Avg: 1.0, Max: 1, Diff: 0, Sum: 4]
      [GC Worker Other (ms): Min: 0.0, Avg: 0.0, Max: 0.0, Diff: 0.0, Sum: 0.1]
      [GC Worker Total (ms): Min: 47.5, Avg: 49.0, Max: 49.5, Diff: 2.0, Sum: 196.1]
      [GC Worker End (ms): Min: 489897.1, Avg: 489897.1, Max: 489897.1, Diff: 0.0]
   [Code Root Fixup: 0.0 ms]
   [Code Root Purge: 0.0 ms]
   [Clear CT: 0.0 ms]
   [Other: 8.2 ms]
      [Choose CSet: 0.0 ms]
      [Ref Proc: 0.0 ms]
      [Ref Enq: 0.0 ms]
      [Redirty Cards: 0.0 ms]
      [Humongous Register: 0.8 ms]
      [Humongous Reclaim: 2.2 ms]
      [Free CSet: 0.1 ms]
   [Eden: 62.0M(1096.0M)->0.0B(1038.0M) Survivors: 1024.0K->1024.0K Heap: 4981.4M(5120.0M)->3483.7M(5120.0M)]
 [Times: user=0.20 sys=0.00, real=0.06 secs] 
2016-06-26T19:51:00.663+0300: 489.900: Total time for which application threads were stopped: 0.0641494 seconds, Stopping threads took: 0.0054509 seconds
2016-06-26T19:51:00.670+0300: 489.907: [GC pause (G1 Humongous Allocation) (young) (initial-mark)
Desired survivor size 68157440 bytes, new threshold 15 (max 15)
- age   1:     145048 bytes,     145048 total
- age   2:         16 bytes,     145064 total
- age   3:      34080 bytes,     179144 total
- age   5:      18312 bytes,     197456 total
- age   6:       9032 bytes,     206488 total
- age   7:      23160 bytes,     229648 total
- age   8:         16 bytes,     229664 total
- age   9:      24136 bytes,     253800 total
- age  11:      18960 bytes,     272760 total
- age  13:      22064 bytes,     294824 total
- age  15:      11008 bytes,     305832 total
, 0.0031510 secs]
   [Parallel Time: 1.5 ms, GC Workers: 4]
      [GC Worker Start (ms): Min: 489907.8, Avg: 489907.8, Max: 489907.8, Diff: 0.0]
      [Ext Root Scanning (ms): Min: 0.4, Avg: 0.5, Max: 0.5, Diff: 0.0, Sum: 1.8]
      [Update RS (ms): Min: 0.4, Avg: 0.4, Max: 0.4, Diff: 0.0, Sum: 1.7]
         [Processed Buffers: Min: 4, Avg: 4.3, Max: 5, Diff: 1, Sum: 17]
      [Scan RS (ms): Min: 0.0, Avg: 0.0, Max: 0.0, Diff: 0.0, Sum: 0.0]
      [Code Root Scanning (ms): Min: 0.0, Avg: 0.0, Max: 0.0, Diff: 0.0, Sum: 0.0]
      [Object Copy (ms): Min: 0.5, Avg: 0.6, Max: 0.6, Diff: 0.1, Sum: 2.2]
      [Termination (ms): Min: 0.0, Avg: 0.0, Max: 0.0, Diff: 0.0, Sum: 0.0]
         [Termination Attempts: Min: 1, Avg: 1.0, Max: 1, Diff: 0, Sum: 4]
      [GC Worker Other (ms): Min: 0.0, Avg: 0.0, Max: 0.0, Diff: 0.0, Sum: 0.0]
      [GC Worker Total (ms): Min: 1.4, Avg: 1.4, Max: 1.5, Diff: 0.0, Sum: 5.8]
      [GC Worker End (ms): Min: 489909.2, Avg: 489909.2, Max: 489909.2, Diff: 0.0]
   [Code Root Fixup: 0.0 ms]
   [Code Root Purge: 0.0 ms]
   [Clear CT: 0.0 ms]
   [Other: 1.6 ms]
      [Choose CSet: 0.0 ms]
      [Ref Proc: 0.0 ms]
      [Ref Enq: 0.0 ms]
      [Redirty Cards: 0.0 ms]
      [Humongous Register: 0.6 ms]
      [Humongous Reclaim: 0.2 ms]
      [Free CSet: 0.0 ms]
   [Eden: 1024.0K(1038.0M)->0.0B(1036.0M) Survivors: 1024.0K->1024.0K Heap: 3486.1M(5120.0M)->3485.6M(5120.0M)]
 [Times: user=0.00 sys=0.00, real=0.00 secs] 
2016-06-26T19:51:00.674+0300: 489.910: [GC concurrent-root-region-scan-start]
2016-06-26T19:51:00.674+0300: 489.910: Total time for which application threads were stopped: 0.0037659 seconds, Stopping threads took: 0.0000693 seconds
2016-06-26T19:51:00.675+0300: 489.912: [GC concurrent-root-region-scan-end, 0.0017923 secs]
2016-06-26T19:51:00.675+0300: 489.912: [GC concurrent-mark-start]
2016-06-26T19:51:00.707+0300: 489.944: [GC concurrent-mark-end, 0.0313992 secs]
2016-06-26T19:51:00.738+0300: 489.974: [GC remark 2016-06-26T19:51:00.738+0300: 489.975: [Finalize Marking, 0.0006594 secs] 2016-06-26T19:51:00.739+0300: 489.975: [GC ref-proc, 0.0001069 secs] 2016-06-26T19:51:00.739+0300: 489.975: [Unloading, 0.0021626 secs], 0.0220717 secs]
 [Times: user=0.06 sys=0.00, real=0.02 secs] 
2016-06-26T19:51:00.760+0300: 489.997: Total time for which application threads were stopped: 0.0244828 seconds, Stopping threads took: 0.0020087 seconds
2016-06-26T19:51:00.766+0300: 490.003: [GC cleanup 3532M->3532M(5120M), 0.0022212 secs]
 [Times: user=0.00 sys=0.00, real=0.00 secs] 
2016-06-26T19:51:00.768+0300: 490.005: Total time for which application threads were stopped: 0.0027366 seconds, Stopping threads took: 0.0001317 seconds
2016-06-26T19:51:01.776+0300: 491.012: Total time for which application threads were stopped: 0.0071649 seconds, Stopping threads took: 0.0068010 seconds
2016-06-26T19:51:01.888+0300: 491.125: Total time for which application threads were stopped: 0.0041897 seconds, Stopping threads took: 0.0031458 seconds
2016-06-26T19:51:02.910+0300: 492.146: Total time for which application threads were stopped: 0.0256336 seconds, Stopping threads took: 0.0246072 seconds
2016-06-26T19:51:03.178+0300: 492.414: [GC pause (G1 Humongous Allocation) (young)
Desired survivor size 68157440 bytes, new threshold 15 (max 15)
- age   1:         40 bytes,         40 total
- age   2:     145000 bytes,     145040 total
- age   3:         16 bytes,     145056 total
- age   4:      34080 bytes,     179136 total
- age   6:      18312 bytes,     197448 total
- age   7:       9032 bytes,     206480 total
- age   8:      23160 bytes,     229640 total
- age   9:         16 bytes,     229656 total
- age  10:      24136 bytes,     253792 total
- age  12:      18960 bytes,     272752 total
- age  14:      22064 bytes,     294816 total
, 0.0580109 secs]
   [Parallel Time: 49.5 ms, GC Workers: 4]
      [GC Worker Start (ms): Min: 492419.9, Avg: 492419.9, Max: 492419.9, Diff: 0.0]
      [Ext Root Scanning (ms): Min: 0.3, Avg: 0.3, Max: 0.3, Diff: 0.0, Sum: 1.3]
      [Update RS (ms): Min: 48.6, Avg: 48.7, Max: 48.7, Diff: 0.0, Sum: 194.6]
         [Processed Buffers: Min: 511, Avg: 516.8, Max: 523, Diff: 12, Sum: 2067]
      [Scan RS (ms): Min: 0.0, Avg: 0.0, Max: 0.0, Diff: 0.0, Sum: 0.1]
      [Code Root Scanning (ms): Min: 0.0, Avg: 0.0, Max: 0.0, Diff: 0.0, Sum: 0.0]
      [Object Copy (ms): Min: 0.4, Avg: 0.4, Max: 0.4, Diff: 0.0, Sum: 1.6]
      [Termination (ms): Min: 0.0, Avg: 0.0, Max: 0.0, Diff: 0.0, Sum: 0.0]
         [Termination Attempts: Min: 1, Avg: 1.0, Max: 1, Diff: 0, Sum: 4]
      [GC Worker Other (ms): Min: 0.0, Avg: 0.0, Max: 0.0, Diff: 0.0, Sum: 0.1]
      [GC Worker Total (ms): Min: 49.4, Avg: 49.4, Max: 49.4, Diff: 0.0, Sum: 197.7]
      [GC Worker End (ms): Min: 492469.3, Avg: 492469.3, Max: 492469.3, Diff: 0.0]
   [Code Root Fixup: 0.0 ms]
   [Code Root Purge: 0.0 ms]
   [Clear CT: 0.0 ms]
   [Other: 8.5 ms]
      [Choose CSet: 0.0 ms]
      [Ref Proc: 0.1 ms]
      [Ref Enq: 0.0 ms]
      [Redirty Cards: 0.0 ms]
      [Humongous Register: 0.8 ms]
      [Humongous Reclaim: 2.5 ms]
      [Free CSet: 0.1 ms]
   [Eden: 64.0M(1036.0M)->0.0B(1100.0M) Survivors: 1024.0K->1024.0K Heap: 4980.6M(5120.0M)->3423.0M(5120.0M)]
 [Times: user=0.25 sys=0.00, real=0.06 secs] 
2016-06-26T19:51:03.236+0300: 492.472: Total time for which application threads were stopped: 0.0614398 seconds, Stopping threads took: 0.0026917 seconds
2016-06-26T19:51:03.241+0300: 492.477: [GC pause (G1 Humongous Allocation) (young) (initial-mark)
Desired survivor size 72351744 bytes, new threshold 15 (max 15)
- age   1:      44264 bytes,      44264 total
- age   2:         16 bytes,      44280 total
- age   3:      36184 bytes,      80464 total
- age   4:         16 bytes,      80480 total
- age   5:      28392 bytes,     108872 total
- age   7:      14248 bytes,     123120 total
- age   8:       9032 bytes,     132152 total
- age   9:      20504 bytes,     152656 total
- age  11:      22264 bytes,     174920 total
- age  13:      18088 bytes,     193008 total
- age  15:      21840 bytes,     214848 total
, 0.0030975 secs]
   [Parallel Time: 1.3 ms, GC Workers: 4]
      [GC Worker Start (ms): Min: 492478.1, Avg: 492478.2, Max: 492478.2, Diff: 0.0]
      [Ext Root Scanning (ms): Min: 0.4, Avg: 0.4, Max: 0.4, Diff: 0.0, Sum: 1.6]
      [Update RS (ms): Min: 0.4, Avg: 0.4, Max: 0.4, Diff: 0.1, Sum: 1.6]
         [Processed Buffers: Min: 4, Avg: 4.3, Max: 5, Diff: 1, Sum: 17]
      [Scan RS (ms): Min: 0.0, Avg: 0.0, Max: 0.0, Diff: 0.0, Sum: 0.0]
      [Code Root Scanning (ms): Min: 0.0, Avg: 0.0, Max: 0.0, Diff: 0.0, Sum: 0.0]
      [Object Copy (ms): Min: 0.4, Avg: 0.4, Max: 0.5, Diff: 0.1, Sum: 1.7]
      [Termination (ms): Min: 0.0, Avg: 0.0, Max: 0.0, Diff: 0.0, Sum: 0.0]
         [Termination Attempts: Min: 1, Avg: 1.0, Max: 1, Diff: 0, Sum: 4]
      [GC Worker Other (ms): Min: 0.0, Avg: 0.0, Max: 0.0, Diff: 0.0, Sum: 0.1]
      [GC Worker Total (ms): Min: 1.2, Avg: 1.2, Max: 1.3, Diff: 0.0, Sum: 5.0]
      [GC Worker End (ms): Min: 492479.4, Avg: 492479.4, Max: 492479.4, Diff: 0.0]
   [Code Root Fixup: 0.0 ms]
   [Code Root Purge: 0.0 ms]
   [Clear CT: 0.0 ms]
   [Other: 1.7 ms]
      [Choose CSet: 0.0 ms]
      [Ref Proc: 0.0 ms]
      [Ref Enq: 0.0 ms]
      [Redirty Cards: 0.0 ms]
      [Humongous Register: 0.7 ms]
      [Humongous Reclaim: 0.3 ms]
      [Free CSet: 0.0 ms]
   [Eden: 1024.0K(1100.0M)->0.0B(1099.0M) Survivors: 1024.0K->1024.0K Heap: 3425.5M(5120.0M)->3425.0M(5120.0M)]
 [Times: user=0.00 sys=0.00, real=0.00 secs] 
2016-06-26T19:51:03.244+0300: 492.480: [GC concurrent-root-region-scan-start]
2016-06-26T19:51:03.244+0300: 492.480: Total time for which application threads were stopped: 0.0036877 seconds, Stopping threads took: 0.0001381 seconds
2016-06-26T19:51:03.246+0300: 492.482: [GC concurrent-root-region-scan-end, 0.0015280 secs]
2016-06-26T19:51:03.246+0300: 492.482: [GC concurrent-mark-start]
2016-06-26T19:51:03.278+0300: 492.515: [GC concurrent-mark-end, 0.0328721 secs]
2016-06-26T19:51:03.301+0300: 492.538: [GC remark 2016-06-26T19:51:03.301+0300: 492.538: [Finalize Marking, 0.0003639 secs] 2016-06-26T19:51:03.302+0300: 492.538: [GC ref-proc, 0.0001052 secs] 2016-06-26T19:51:03.302+0300: 492.538: [Unloading, 0.0017179 secs], 0.0209140 secs]
 [Times: user=0.06 sys=0.00, real=0.02 secs] 
2016-06-26T19:51:03.322+0300: 492.559: Total time for which application threads were stopped: 0.0228072 seconds, Stopping threads took: 0.0016277 seconds
2016-06-26T19:51:03.375+0300: 492.612: [GC cleanup 3490M->3490M(5120M), 0.0022507 secs]
 [Times: user=0.00 sys=0.00, real=0.00 secs] 
2016-06-26T19:51:03.378+0300: 492.614: Total time for which application threads were stopped: 0.0081126 seconds, Stopping threads took: 0.0055847 seconds
2016-06-26T19:51:03.890+0300: 493.127: Total time for which application threads were stopped: 0.0060030 seconds, Stopping threads took: 0.0052554 seconds
2016-06-26T19:51:04.898+0300: 494.134: Total time for which application threads were stopped: 0.0077517 seconds, Stopping threads took: 0.0074271 seconds
2016-06-26T19:51:05.739+0300: 494.976: [GC pause (G1 Humongous Allocation) (young)
Desired survivor size 72351744 bytes, new threshold 15 (max 15)
- age   1:         40 bytes,         40 total
- age   2:      44240 bytes,      44280 total
- age   3:         16 bytes,      44296 total
- age   4:      36184 bytes,      80480 total
- age   5:         16 bytes,      80496 total
- age   6:      28392 bytes,     108888 total
- age   8:      14248 bytes,     123136 total
- age   9:       9032 bytes,     132168 total
- age  10:      20504 bytes,     152672 total
- age  12:      22264 bytes,     174936 total
- age  14:      18088 bytes,     193024 total
, 0.0577115 secs]
   [Parallel Time: 49.2 ms, GC Workers: 4]
      [GC Worker Start (ms): Min: 494981.9, Avg: 494981.9, Max: 494981.9, Diff: 0.0]
      [Ext Root Scanning (ms): Min: 0.4, Avg: 0.4, Max: 0.4, Diff: 0.0, Sum: 1.5]
      [Update RS (ms): Min: 48.4, Avg: 48.4, Max: 48.4, Diff: 0.0, Sum: 193.5]
         [Processed Buffers: Min: 506, Avg: 516.5, Max: 527, Diff: 21, Sum: 2066]
      [Scan RS (ms): Min: 0.0, Avg: 0.0, Max: 0.0, Diff: 0.0, Sum: 0.0]
      [Code Root Scanning (ms): Min: 0.0, Avg: 0.0, Max: 0.0, Diff: 0.0, Sum: 0.0]
      [Object Copy (ms): Min: 0.4, Avg: 0.4, Max: 0.4, Diff: 0.0, Sum: 1.6]
      [Termination (ms): Min: 0.0, Avg: 0.0, Max: 0.0, Diff: 0.0, Sum: 0.0]
         [Termination Attempts: Min: 1, Avg: 1.0, Max: 1, Diff: 0, Sum: 4]
      [GC Worker Other (ms): Min: 0.0, Avg: 0.0, Max: 0.0, Diff: 0.0, Sum: 0.1]
      [GC Worker Total (ms): Min: 49.2, Avg: 49.2, Max: 49.2, Diff: 0.0, Sum: 196.7]
      [GC Worker End (ms): Min: 495031.1, Avg: 495031.1, Max: 495031.1, Diff: 0.0]
   [Code Root Fixup: 0.0 ms]
   [Code Root Purge: 0.0 ms]
   [Clear CT: 0.1 ms]
   [Other: 8.4 ms]
      [Choose CSet: 0.0 ms]
      [Ref Proc: 0.1 ms]
      [Ref Enq: 0.0 ms]
      [Redirty Cards: 0.0 ms]
      [Humongous Register: 1.1 ms]
      [Humongous Reclaim: 2.0 ms]
      [Free CSet: 0.0 ms]
   [Eden: 60.0M(1099.0M)->0.0B(1067.0M) Survivors: 1024.0K->1024.0K Heap: 4980.6M(5120.0M)->3456.4M(5120.0M)]
 [Times: user=0.20 sys=0.00, real=0.06 secs] 
2016-06-26T19:51:05.797+0300: 495.034: Total time for which application threads were stopped: 0.0625115 seconds, Stopping threads took: 0.0038515 seconds
2016-06-26T19:51:05.801+0300: 495.038: [GC pause (G1 Humongous Allocation) (young) (initial-mark)
Desired survivor size 70254592 bytes, new threshold 15 (max 15)
- age   1:      40512 bytes,      40512 total
- age   3:      36544 bytes,      77056 total
- age   4:         16 bytes,      77072 total
- age   5:      30280 bytes,     107352 total
- age   6:         16 bytes,     107368 total
- age   7:      22848 bytes,     130216 total
- age   9:      12952 bytes,     143168 total
- age  10:       9032 bytes,     152200 total
- age  11:      20120 bytes,     172320 total
- age  13:      21872 bytes,     194192 total
- age  15:      18064 bytes,     212256 total
, 0.0035128 secs]
   [Parallel Time: 1.7 ms, GC Workers: 4]
      [GC Worker Start (ms): Min: 495039.1, Avg: 495039.1, Max: 495039.1, Diff: 0.0]
      [Ext Root Scanning (ms): Min: 0.4, Avg: 0.4, Max: 0.5, Diff: 0.0, Sum: 1.8]
      [Update RS (ms): Min: 0.7, Avg: 0.8, Max: 0.8, Diff: 0.1, Sum: 3.1]
         [Processed Buffers: Min: 8, Avg: 8.3, Max: 9, Diff: 1, Sum: 33]
      [Scan RS (ms): Min: 0.0, Avg: 0.0, Max: 0.0, Diff: 0.0, Sum: 0.0]
      [Code Root Scanning (ms): Min: 0.0, Avg: 0.0, Max: 0.0, Diff: 0.0, Sum: 0.0]
      [Object Copy (ms): Min: 0.4, Avg: 0.4, Max: 0.5, Diff: 0.1, Sum: 1.7]
      [Termination (ms): Min: 0.0, Avg: 0.0, Max: 0.0, Diff: 0.0, Sum: 0.0]
         [Termination Attempts: Min: 1, Avg: 1.0, Max: 1, Diff: 0, Sum: 4]
      [GC Worker Other (ms): Min: 0.0, Avg: 0.0, Max: 0.0, Diff: 0.0, Sum: 0.0]
      [GC Worker Total (ms): Min: 1.7, Avg: 1.7, Max: 1.7, Diff: 0.0, Sum: 6.7]
      [GC Worker End (ms): Min: 495040.7, Avg: 495040.7, Max: 495040.7, Diff: 0.0]
   [Code Root Fixup: 0.0 ms]
   [Code Root Purge: 0.0 ms]
   [Clear CT: 0.0 ms]
   [Other: 1.8 ms]
      [Choose CSet: 0.0 ms]
      [Ref Proc: 0.0 ms]
      [Ref Enq: 0.0 ms]
      [Redirty Cards: 0.0 ms]
      [Humongous Register: 0.6 ms]
      [Humongous Reclaim: 0.3 ms]
      [Free CSet: 0.0 ms]
   [Eden: 1024.0K(1067.0M)->0.0B(1063.0M) Survivors: 1024.0K->1024.0K Heap: 3460.8M(5120.0M)->3460.2M(5120.0M)]
 [Times: user=0.00 sys=0.00, real=0.00 secs] 
2016-06-26T19:51:05.805+0300: 495.042: [GC concurrent-root-region-scan-start]
2016-06-26T19:51:05.805+0300: 495.042: Total time for which application threads were stopped: 0.0041589 seconds, Stopping threads took: 0.0000667 seconds
2016-06-26T19:51:05.807+0300: 495.043: [GC concurrent-root-region-scan-end, 0.0015083 secs]
2016-06-26T19:51:05.807+0300: 495.043: [GC concurrent-mark-start]
2016-06-26T19:51:05.847+0300: 495.084: [GC concurrent-mark-end, 0.0395768 secs]
2016-06-26T19:51:05.872+0300: 495.109: [GC remark 2016-06-26T19:51:05.872+0300: 495.109: [Finalize Marking, 0.0004935 secs] 2016-06-26T19:51:05.873+0300: 495.109: [GC ref-proc, 0.0001018 secs] 2016-06-26T19:51:05.873+0300: 495.109: [Unloading, 0.0018261 secs], 0.0213981 secs]
 [Times: user=0.08 sys=0.00, real=0.02 secs] 
2016-06-26T19:51:05.893+0300: 495.130: Total time for which application threads were stopped: 0.0244772 seconds, Stopping threads took: 0.0026870 seconds
2016-06-26T19:51:05.899+0300: 495.135: [GC cleanup 3504M->3504M(5120M), 0.0022486 secs]
 [Times: user=0.00 sys=0.00, real=0.00 secs] 
2016-06-26T19:51:05.901+0300: 495.138: Total time for which application threads were stopped: 0.0027344 seconds, Stopping threads took: 0.0000753 seconds
2016-06-26T19:51:06.899+0300: 496.135: Total time for which application threads were stopped: 0.0055048 seconds, Stopping threads took: 0.0044070 seconds
2016-06-26T19:51:07.903+0300: 497.139: Total time for which application threads were stopped: 0.0041996 seconds, Stopping threads took: 0.0038497 seconds
2016-06-26T19:51:08.312+0300: 497.549: [GC pause (G1 Humongous Allocation) (young)
Desired survivor size 69730304 bytes, new threshold 15 (max 15)
- age   1:         40 bytes,         40 total
- age   2:      40488 bytes,      40528 total
- age   4:      36544 bytes,      77072 total
- age   5:         16 bytes,      77088 total
- age   6:      30280 bytes,     107368 total
- age   7:         16 bytes,     107384 total
- age   8:      22848 bytes,     130232 total
- age  10:      12952 bytes,     143184 total
- age  11:       9032 bytes,     152216 total
- age  12:      20120 bytes,     172336 total
- age  14:      21872 bytes,     194208 total
, 0.0720824 secs]
   [Parallel Time: 64.1 ms, GC Workers: 4]
      [GC Worker Start (ms): Min: 497554.3, Avg: 497554.4, Max: 497554.4, Diff: 0.0]
      [Ext Root Scanning (ms): Min: 0.3, Avg: 0.3, Max: 0.3, Diff: 0.0, Sum: 1.4]
      [Update RS (ms): Min: 63.2, Avg: 63.2, Max: 63.3, Diff: 0.1, Sum: 252.8]
         [Processed Buffers: Min: 423, Avg: 516.8, Max: 609, Diff: 186, Sum: 2067]
      [Scan RS (ms): Min: 0.0, Avg: 0.0, Max: 0.0, Diff: 0.0, Sum: 0.0]
      [Code Root Scanning (ms): Min: 0.0, Avg: 0.0, Max: 0.0, Diff: 0.0, Sum: 0.0]
      [Object Copy (ms): Min: 0.4, Avg: 0.4, Max: 0.5, Diff: 0.1, Sum: 1.7]
      [Termination (ms): Min: 0.0, Avg: 0.0, Max: 0.0, Diff: 0.0, Sum: 0.0]
         [Termination Attempts: Min: 1, Avg: 1.0, Max: 1, Diff: 0, Sum: 4]
      [GC Worker Other (ms): Min: 0.0, Avg: 0.0, Max: 0.0, Diff: 0.0, Sum: 0.1]
      [GC Worker Total (ms): Min: 64.0, Avg: 64.0, Max: 64.0, Diff: 0.0, Sum: 256.1]
      [GC Worker End (ms): Min: 497618.4, Avg: 497618.4, Max: 497618.4, Diff: 0.0]
   [Code Root Fixup: 0.0 ms]
   [Code Root Purge: 0.0 ms]
   [Clear CT: 0.0 ms]
   [Other: 8.0 ms]
      [Choose CSet: 0.0 ms]
      [Ref Proc: 0.0 ms]
      [Ref Enq: 0.0 ms]
      [Redirty Cards: 0.0 ms]
      [Humongous Register: 0.8 ms]
      [Humongous Reclaim: 2.0 ms]
      [Free CSet: 0.1 ms]
   [Eden: 63.0M(1063.0M)->0.0B(949.0M) Survivors: 1024.0K->1024.0K Heap: 4982.0M(5120.0M)->3571.6M(5120.0M)]
 [Times: user=0.19 sys=0.00, real=0.07 secs] 
2016-06-26T19:51:08.384+0300: 497.621: Total time for which application threads were stopped: 0.0745799 seconds, Stopping threads took: 0.0016640 seconds
2016-06-26T19:51:08.387+0300: 497.624: [GC pause (G1 Humongous Allocation) (young) (initial-mark)
Desired survivor size 62390272 bytes, new threshold 15 (max 15)
- age   1:      43192 bytes,      43192 total
- age   2:         16 bytes,      43208 total
- age   3:      33000 bytes,      76208 total
- age   5:      30568 bytes,     106776 total
- age   6:         16 bytes,     106792 total
- age   7:      25880 bytes,     132672 total
- age   9:      21040 bytes,     153712 total
- age  11:      11936 bytes,     165648 total
- age  12:       9032 bytes,     174680 total
- age  13:      19816 bytes,     194496 total
- age  15:      21760 bytes,     216256 total
, 0.0029731 secs]
   [Parallel Time: 1.3 ms, GC Workers: 4]
      [GC Worker Start (ms): Min: 497624.6, Avg: 497624.6, Max: 497624.6, Diff: 0.0]
      [Ext Root Scanning (ms): Min: 0.4, Avg: 0.4, Max: 0.4, Diff: 0.0, Sum: 1.5]
      [Update RS (ms): Min: 0.4, Avg: 0.4, Max: 0.4, Diff: 0.1, Sum: 1.6]
         [Processed Buffers: Min: 4, Avg: 4.3, Max: 5, Diff: 1, Sum: 17]
      [Scan RS (ms): Min: 0.0, Avg: 0.0, Max: 0.0, Diff: 0.0, Sum: 0.0]
      [Code Root Scanning (ms): Min: 0.0, Avg: 0.0, Max: 0.0, Diff: 0.0, Sum: 0.0]
      [Object Copy (ms): Min: 0.4, Avg: 0.4, Max: 0.5, Diff: 0.1, Sum: 1.7]
      [Termination (ms): Min: 0.0, Avg: 0.0, Max: 0.0, Diff: 0.0, Sum: 0.0]
         [Termination Attempts: Min: 1, Avg: 1.0, Max: 1, Diff: 0, Sum: 4]
      [GC Worker Other (ms): Min: 0.0, Avg: 0.0, Max: 0.0, Diff: 0.0, Sum: 0.0]
      [GC Worker Total (ms): Min: 1.2, Avg: 1.2, Max: 1.2, Diff: 0.0, Sum: 4.9]
      [GC Worker End (ms): Min: 497625.8, Avg: 497625.8, Max: 497625.8, Diff: 0.0]
   [Code Root Fixup: 0.0 ms]
   [Code Root Purge: 0.0 ms]
   [Clear CT: 0.0 ms]
   [Other: 1.7 ms]
      [Choose CSet: 0.0 ms]
      [Ref Proc: 0.0 ms]
      [Ref Enq: 0.0 ms]
      [Redirty Cards: 0.0 ms]
      [Humongous Register: 0.6 ms]
      [Humongous Reclaim: 0.3 ms]
      [Free CSet: 0.0 ms]
   [Eden: 1024.0K(949.0M)->0.0B(947.0M) Survivors: 1024.0K->1024.0K Heap: 3574.0M(5120.0M)->3573.5M(5120.0M)]
 [Times: user=0.06 sys=0.00, real=0.00 secs] 
2016-06-26T19:51:08.390+0300: 497.627: [GC concurrent-root-region-scan-start]
2016-06-26T19:51:08.390+0300: 497.627: Total time for which application threads were stopped: 0.0035119 seconds, Stopping threads took: 0.0000659 seconds
2016-06-26T19:51:08.392+0300: 497.628: [GC concurrent-root-region-scan-end, 0.0014553 secs]
2016-06-26T19:51:08.392+0300: 497.628: [GC concurrent-mark-start]
2016-06-26T19:51:08.426+0300: 497.662: [GC concurrent-mark-end, 0.0326433 secs]
2016-06-26T19:51:08.434+0300: 497.670: [GC remark 2016-06-26T19:51:08.434+0300: 497.670: [Finalize Marking, 0.0003691 secs] 2016-06-26T19:51:08.434+0300: 497.671: [GC ref-proc, 0.0001112 secs] 2016-06-26T19:51:08.434+0300: 497.671: [Unloading, 0.0016336 secs], 0.0217000 secs]
 [Times: user=0.13 sys=0.00, real=0.02 secs] 
2016-06-26T19:51:08.456+0300: 497.692: Total time for which application threads were stopped: 0.0255562 seconds, Stopping threads took: 0.0035654 seconds
2016-06-26T19:51:08.458+0300: 497.695: [GC cleanup 3598M->3598M(5120M), 0.0023957 secs]
 [Times: user=0.00 sys=0.00, real=0.00 secs] 
2016-06-26T19:51:08.461+0300: 497.698: Total time for which application threads were stopped: 0.0028315 seconds, Stopping threads took: 0.0001356 seconds
2016-06-26T19:51:10.544+0300: 499.780: [GC pause (G1 Humongous Allocation) (young)
Desired survivor size 62390272 bytes, new threshold 15 (max 15)
- age   1:         40 bytes,         40 total
- age   2:      43168 bytes,      43208 total
- age   3:         16 bytes,      43224 total
- age   4:      33000 bytes,      76224 total
- age   6:      30568 bytes,     106792 total
- age   7:         16 bytes,     106808 total
- age   8:      25880 bytes,     132688 total
- age  10:      21040 bytes,     153728 total
- age  12:      11936 bytes,     165664 total
- age  13:       9032 bytes,     174696 total
- age  14:      19816 bytes,     194512 total
, 0.0563922 secs]
   [Parallel Time: 48.9 ms, GC Workers: 4]
      [GC Worker Start (ms): Min: 499786.0, Avg: 499786.0, Max: 499786.0, Diff: 0.0]
      [Ext Root Scanning (ms): Min: 0.4, Avg: 0.4, Max: 0.4, Diff: 0.0, Sum: 1.6]
      [Update RS (ms): Min: 48.0, Avg: 48.0, Max: 48.1, Diff: 0.0, Sum: 192.2]
         [Processed Buffers: Min: 504, Avg: 512.8, Max: 524, Diff: 20, Sum: 2051]
      [Scan RS (ms): Min: 0.0, Avg: 0.0, Max: 0.0, Diff: 0.0, Sum: 0.0]
      [Code Root Scanning (ms): Min: 0.0, Avg: 0.0, Max: 0.0, Diff: 0.0, Sum: 0.0]
      [Object Copy (ms): Min: 0.4, Avg: 0.4, Max: 0.4, Diff: 0.0, Sum: 1.7]
      [Termination (ms): Min: 0.0, Avg: 0.0, Max: 0.0, Diff: 0.0, Sum: 0.0]
         [Termination Attempts: Min: 1, Avg: 1.0, Max: 1, Diff: 0, Sum: 4]
      [GC Worker Other (ms): Min: 0.0, Avg: 0.0, Max: 0.0, Diff: 0.0, Sum: 0.1]
      [GC Worker Total (ms): Min: 48.9, Avg: 48.9, Max: 48.9, Diff: 0.0, Sum: 195.6]
      [GC Worker End (ms): Min: 499834.9, Avg: 499834.9, Max: 499834.9, Diff: 0.0]
   [Code Root Fixup: 0.0 ms]
   [Code Root Purge: 0.0 ms]
   [Clear CT: 0.1 ms]
   [Other: 7.4 ms]
      [Choose CSet: 0.0 ms]
      [Ref Proc: 0.0 ms]
      [Ref Enq: 0.0 ms]
      [Redirty Cards: 0.0 ms]
      [Humongous Register: 0.8 ms]
      [Humongous Reclaim: 1.5 ms]
      [Free CSet: 0.0 ms]
   [Eden: 62.0M(947.0M)->0.0B(559.0M) Survivors: 1024.0K->1024.0K Heap: 4981.2M(5120.0M)->3952.5M(5120.0M)]
 [Times: user=0.20 sys=0.01, real=0.06 secs] 
2016-06-26T19:51:10.600+0300: 499.837: Total time for which application threads were stopped: 0.0619543 seconds, Stopping threads took: 0.0047080 seconds
2016-06-26T19:51:10.612+0300: 499.848: [GC pause (G1 Humongous Allocation) (young) (initial-mark)
Desired survivor size 36700160 bytes, new threshold 15 (max 15)
- age   1:      37320 bytes,      37320 total
- age   2:         16 bytes,      37336 total
- age   3:      37464 bytes,      74800 total
- age   4:         16 bytes,      74816 total
- age   5:      28464 bytes,     103280 total
- age   7:      26968 bytes,     130248 total
- age   9:      23288 bytes,     153536 total
- age  11:      20232 bytes,     173768 total
- age  13:      11512 bytes,     185280 total
- age  14:       9032 bytes,     194312 total
- age  15:      19816 bytes,     214128 total
, 0.0030556 secs]
   [Parallel Time: 1.4 ms, GC Workers: 4]
      [GC Worker Start (ms): Min: 499849.4, Avg: 499849.4, Max: 499849.4, Diff: 0.0]
      [Ext Root Scanning (ms): Min: 0.4, Avg: 0.5, Max: 0.5, Diff: 0.0, Sum: 1.8]
      [Update RS (ms): Min: 0.4, Avg: 0.4, Max: 0.4, Diff: 0.1, Sum: 1.6]
         [Processed Buffers: Min: 4, Avg: 4.3, Max: 5, Diff: 1, Sum: 17]
      [Scan RS (ms): Min: 0.0, Avg: 0.0, Max: 0.0, Diff: 0.0, Sum: 0.0]
      [Code Root Scanning (ms): Min: 0.0, Avg: 0.0, Max: 0.0, Diff: 0.0, Sum: 0.0]
      [Object Copy (ms): Min: 0.4, Avg: 0.4, Max: 0.5, Diff: 0.1, Sum: 1.8]
      [Termination (ms): Min: 0.0, Avg: 0.0, Max: 0.0, Diff: 0.0, Sum: 0.0]
         [Termination Attempts: Min: 1, Avg: 1.0, Max: 1, Diff: 0, Sum: 4]
      [GC Worker Other (ms): Min: 0.0, Avg: 0.0, Max: 0.0, Diff: 0.0, Sum: 0.0]
      [GC Worker Total (ms): Min: 1.3, Avg: 1.3, Max: 1.3, Diff: 0.0, Sum: 5.3]
      [GC Worker End (ms): Min: 499850.7, Avg: 499850.7, Max: 499850.7, Diff: 0.0]
   [Code Root Fixup: 0.0 ms]
   [Code Root Purge: 0.0 ms]
   [Clear CT: 0.0 ms]
   [Other: 1.7 ms]
      [Choose CSet: 0.0 ms]
      [Ref Proc: 0.0 ms]
      [Ref Enq: 0.0 ms]
      [Redirty Cards: 0.0 ms]
      [Humongous Register: 0.7 ms]
      [Humongous Reclaim: 0.3 ms]
      [Free CSet: 0.0 ms]
   [Eden: 1024.0K(559.0M)->0.0B(555.0M) Survivors: 1024.0K->1024.0K Heap: 3955.5M(5120.0M)->3954.3M(5120.0M)]
 [Times: user=0.00 sys=0.00, real=0.00 secs] 
2016-06-26T19:51:10.615+0300: 499.852: [GC concurrent-root-region-scan-start]
2016-06-26T19:51:10.615+0300: 499.852: Total time for which application threads were stopped: 0.0040670 seconds, Stopping threads took: 0.0003691 seconds
2016-06-26T19:51:10.617+0300: 499.853: [GC concurrent-root-region-scan-end, 0.0016221 secs]
2016-06-26T19:51:10.617+0300: 499.853: [GC concurrent-mark-start]
2016-06-26T19:51:10.649+0300: 499.886: [GC concurrent-mark-end, 0.0321515 secs]
2016-06-26T19:51:10.675+0300: 499.912: [GC remark 2016-06-26T19:51:10.675+0300: 499.912: [Finalize Marking, 0.0004584 secs] 2016-06-26T19:51:10.675+0300: 499.912: [GC ref-proc, 0.0001035 secs] 2016-06-26T19:51:10.676+0300: 499.912: [Unloading, 0.0018257 secs], 0.0240055 secs]
 [Times: user=0.06 sys=0.00, real=0.02 secs] 
2016-06-26T19:51:10.699+0300: 499.936: Total time for which application threads were stopped: 0.0250443 seconds, Stopping threads took: 0.0006432 seconds
2016-06-26T19:51:11.704+0300: 500.940: Total time for which application threads were stopped: 0.0040131 seconds, Stopping threads took: 0.0036603 seconds
2016-06-26T19:51:11.714+0300: 500.950: [GC cleanup 4711M->4711M(5120M), 0.0021135 secs]
 [Times: user=0.00 sys=0.00, real=0.00 secs] 
2016-06-26T19:51:11.716+0300: 500.952: Total time for which application threads were stopped: 0.0026348 seconds, Stopping threads took: 0.0000693 seconds
2016-06-26T19:51:11.756+0300: 500.993: Total time for which application threads were stopped: 0.0031869 seconds, Stopping threads took: 0.0021823 seconds
2016-06-26T19:51:11.904+0300: 501.141: Total time for which application threads were stopped: 0.0065239 seconds, Stopping threads took: 0.0054949 seconds
2016-06-26T19:51:12.370+0300: 501.606: [GC pause (G1 Humongous Allocation) (young)
Desired survivor size 36700160 bytes, new threshold 15 (max 15)
- age   1:       9072 bytes,       9072 total
- age   2:      37296 bytes,      46368 total
- age   3:         16 bytes,      46384 total
- age   4:      37464 bytes,      83848 total
- age   5:         16 bytes,      83864 total
- age   6:      28464 bytes,     112328 total
- age   8:      26968 bytes,     139296 total
- age  10:      23288 bytes,     162584 total
- age  12:      20232 bytes,     182816 total
- age  14:      11512 bytes,     194328 total
- age  15:       9032 bytes,     203360 total
, 0.0579536 secs]
   [Parallel Time: 49.8 ms, GC Workers: 4]
      [GC Worker Start (ms): Min: 501611.9, Avg: 501611.9, Max: 501611.9, Diff: 0.0]
      [Ext Root Scanning (ms): Min: 0.3, Avg: 0.3, Max: 0.3, Diff: 0.0, Sum: 1.4]
      [Update RS (ms): Min: 49.0, Avg: 49.0, Max: 49.0, Diff: 0.0, Sum: 196.0]
         [Processed Buffers: Min: 512, Avg: 517.0, Max: 521, Diff: 9, Sum: 2068]
      [Scan RS (ms): Min: 0.0, Avg: 0.0, Max: 0.0, Diff: 0.0, Sum: 0.0]
      [Code Root Scanning (ms): Min: 0.0, Avg: 0.0, Max: 0.0, Diff: 0.0, Sum: 0.0]
      [Object Copy (ms): Min: 0.4, Avg: 0.4, Max: 0.4, Diff: 0.0, Sum: 1.7]
      [Termination (ms): Min: 0.0, Avg: 0.0, Max: 0.0, Diff: 0.0, Sum: 0.0]
         [Termination Attempts: Min: 1, Avg: 1.0, Max: 1, Diff: 0, Sum: 4]
      [GC Worker Other (ms): Min: 0.0, Avg: 0.0, Max: 0.0, Diff: 0.0, Sum: 0.1]
      [GC Worker Total (ms): Min: 49.8, Avg: 49.8, Max: 49.8, Diff: 0.0, Sum: 199.1]
      [GC Worker End (ms): Min: 501661.6, Avg: 501661.6, Max: 501661.6, Diff: 0.0]
   [Code Root Fixup: 0.0 ms]
   [Code Root Purge: 0.0 ms]
   [Clear CT: 0.0 ms]
   [Other: 8.1 ms]
      [Choose CSet: 0.0 ms]
      [Ref Proc: 0.0 ms]
      [Ref Enq: 0.0 ms]
      [Redirty Cards: 0.0 ms]
      [Humongous Register: 0.8 ms]
      [Humongous Reclaim: 2.1 ms]
      [Free CSet: 0.0 ms]
   [Eden: 64.0M(555.0M)->0.0B(1217.0M) Survivors: 1024.0K->1024.0K Heap: 4980.7M(5120.0M)->3306.0M(5120.0M)]
 [Times: user=0.20 sys=0.00, real=0.06 secs] 
2016-06-26T19:51:12.428+0300: 501.664: Total time for which application threads were stopped: 0.0616463 seconds, Stopping threads took: 0.0029123 seconds
2016-06-26T19:51:12.431+0300: 501.668: [GC pause (G1 Humongous Allocation) (young) (initial-mark)
Desired survivor size 80216064 bytes, new threshold 15 (max 15)
- age   1:      50520 bytes,      50520 total
- age   2:       9032 bytes,      59552 total
- age   3:      30280 bytes,      89832 total
- age   4:         16 bytes,      89848 total
- age   5:      30984 bytes,     120832 total
- age   7:      24296 bytes,     145128 total
- age   9:      23488 bytes,     168616 total
- age  11:      21808 bytes,     190424 total
- age  13:      19944 bytes,     210368 total
- age  15:      11368 bytes,     221736 total
, 0.0030770 secs]
   [Parallel Time: 1.3 ms, GC Workers: 4]
      [GC Worker Start (ms): Min: 501668.7, Avg: 501668.7, Max: 501668.7, Diff: 0.0]
      [Ext Root Scanning (ms): Min: 0.4, Avg: 0.4, Max: 0.4, Diff: 0.0, Sum: 1.6]
      [Update RS (ms): Min: 0.4, Avg: 0.4, Max: 0.5, Diff: 0.1, Sum: 1.6]
         [Processed Buffers: Min: 4, Avg: 4.3, Max: 5, Diff: 1, Sum: 17]
      [Scan RS (ms): Min: 0.0, Avg: 0.0, Max: 0.0, Diff: 0.0, Sum: 0.0]
      [Code Root Scanning (ms): Min: 0.0, Avg: 0.0, Max: 0.0, Diff: 0.0, Sum: 0.0]
      [Object Copy (ms): Min: 0.4, Avg: 0.4, Max: 0.4, Diff: 0.1, Sum: 1.7]
      [Termination (ms): Min: 0.0, Avg: 0.0, Max: 0.0, Diff: 0.0, Sum: 0.0]
         [Termination Attempts: Min: 1, Avg: 1.0, Max: 1, Diff: 0, Sum: 4]
      [GC Worker Other (ms): Min: 0.0, Avg: 0.0, Max: 0.0, Diff: 0.0, Sum: 0.0]
      [GC Worker Total (ms): Min: 1.2, Avg: 1.2, Max: 1.2, Diff: 0.0, Sum: 4.9]
      [GC Worker End (ms): Min: 501669.9, Avg: 501669.9, Max: 501669.9, Diff: 0.0]
   [Code Root Fixup: 0.0 ms]
   [Code Root Purge: 0.0 ms]
   [Clear CT: 0.0 ms]
   [Other: 1.7 ms]
      [Choose CSet: 0.0 ms]
      [Ref Proc: 0.0 ms]
      [Ref Enq: 0.0 ms]
      [Redirty Cards: 0.1 ms]
      [Humongous Register: 0.6 ms]
      [Humongous Reclaim: 0.3 ms]
      [Free CSet: 0.0 ms]
   [Eden: 1024.0K(1217.0M)->0.0B(1216.0M) Survivors: 1024.0K->1024.0K Heap: 3308.5M(5120.0M)->3307.9M(5120.0M)]
 [Times: user=0.00 sys=0.00, real=0.00 secs] 
2016-06-26T19:51:12.435+0300: 501.671: [GC concurrent-root-region-scan-start]
2016-06-26T19:51:12.435+0300: 501.671: Total time for which application threads were stopped: 0.0037304 seconds, Stopping threads took: 0.0000590 seconds
2016-06-26T19:51:12.436+0300: 501.673: [GC concurrent-root-region-scan-end, 0.0015827 secs]
2016-06-26T19:51:12.436+0300: 501.673: [GC concurrent-mark-start]
2016-06-26T19:51:12.472+0300: 501.708: [GC concurrent-mark-end, 0.0315185 secs]
2016-06-26T19:51:12.503+0300: 501.740: [GC remark 2016-06-26T19:51:12.503+0300: 501.740: [Finalize Marking, 0.0003956 secs] 2016-06-26T19:51:12.504+0300: 501.740: [GC ref-proc, 0.0001133 secs] 2016-06-26T19:51:12.504+0300: 501.740: [Unloading, 0.0017217 secs], 0.0204573 secs]
 [Times: user=0.06 sys=0.00, real=0.02 secs] 
2016-06-26T19:51:12.524+0300: 501.760: Total time for which application threads were stopped: 0.0219164 seconds, Stopping threads took: 0.0011696 seconds
2016-06-26T19:51:12.528+0300: 501.764: [GC cleanup 3352M->3352M(5120M), 0.0022867 secs]
 [Times: user=0.06 sys=0.00, real=0.00 secs] 
2016-06-26T19:51:12.530+0300: 501.767: Total time for which application threads were stopped: 0.0026904 seconds, Stopping threads took: 0.0000650 seconds
2016-06-26T19:51:12.903+0300: 502.139: Total time for which application threads were stopped: 0.0050917 seconds, Stopping threads took: 0.0043137 seconds
2016-06-26T19:51:12.910+0300: 502.147: Total time for which application threads were stopped: 0.0003451 seconds, Stopping threads took: 0.0000633 seconds
2016-06-26T19:51:13.908+0300: 503.144: Total time for which application threads were stopped: 0.0097843 seconds, Stopping threads took: 0.0088439 seconds
2016-06-26T19:51:14.913+0300: 504.149: Total time for which application threads were stopped: 0.0050322 seconds, Stopping threads took: 0.0047089 seconds
2016-06-26T19:51:15.189+0300: 504.425: [GC pause (G1 Humongous Allocation) (young)
Desired survivor size 80216064 bytes, new threshold 15 (max 15)
- age   1:         40 bytes,         40 total
- age   2:      50472 bytes,      50512 total
- age   3:       9032 bytes,      59544 total
- age   4:      30280 bytes,      89824 total
- age   5:         16 bytes,      89840 total
- age   6:      30984 bytes,     120824 total
- age   8:      24296 bytes,     145120 total
- age  10:      23488 bytes,     168608 total
- age  12:      21808 bytes,     190416 total
- age  14:      19944 bytes,     210360 total
, 0.0574216 secs]
   [Parallel Time: 49.3 ms, GC Workers: 4]
      [GC Worker Start (ms): Min: 504431.0, Avg: 504431.0, Max: 504431.0, Diff: 0.0]
      [Ext Root Scanning (ms): Min: 0.3, Avg: 0.3, Max: 0.3, Diff: 0.0, Sum: 1.4]
      [Update RS (ms): Min: 48.4, Avg: 48.5, Max: 48.5, Diff: 0.1, Sum: 193.8]
         [Processed Buffers: Min: 511, Avg: 517.0, Max: 522, Diff: 11, Sum: 2068]
      [Scan RS (ms): Min: 0.0, Avg: 0.0, Max: 0.0, Diff: 0.0, Sum: 0.0]
      [Code Root Scanning (ms): Min: 0.0, Avg: 0.0, Max: 0.0, Diff: 0.0, Sum: 0.0]
      [Object Copy (ms): Min: 0.4, Avg: 0.4, Max: 0.5, Diff: 0.1, Sum: 1.7]
      [Termination (ms): Min: 0.0, Avg: 0.0, Max: 0.0, Diff: 0.0, Sum: 0.0]
         [Termination Attempts: Min: 1, Avg: 1.0, Max: 1, Diff: 0, Sum: 4]
      [GC Worker Other (ms): Min: 0.0, Avg: 0.0, Max: 0.0, Diff: 0.0, Sum: 0.1]
      [GC Worker Total (ms): Min: 49.2, Avg: 49.2, Max: 49.2, Diff: 0.0, Sum: 196.9]
      [GC Worker End (ms): Min: 504480.2, Avg: 504480.2, Max: 504480.2, Diff: 0.0]
   [Code Root Fixup: 0.0 ms]
   [Code Root Purge: 0.0 ms]
   [Clear CT: 0.1 ms]
   [Other: 8.1 ms]
      [Choose CSet: 0.0 ms]
      [Ref Proc: 0.1 ms]
      [Ref Enq: 0.0 ms]
      [Redirty Cards: 0.0 ms]
      [Humongous Register: 0.8 ms]
      [Humongous Reclaim: 2.1 ms]
      [Free CSet: 0.1 ms]
   [Eden: 64.0M(1216.0M)->0.0B(1009.0M) Survivors: 1024.0K->1024.0K Heap: 4980.8M(5120.0M)->3511.1M(5120.0M)]
 [Times: user=0.19 sys=0.00, real=0.06 secs] 
2016-06-26T19:51:15.246+0300: 504.483: Total time for which application threads were stopped: 0.0637662 seconds, Stopping threads took: 0.0054740 seconds
2016-06-26T19:51:15.250+0300: 504.487: [GC pause (G1 Humongous Allocation) (young) (initial-mark)
Desired survivor size 66584576 bytes, new threshold 15 (max 15)
- age   1:      45040 bytes,      45040 total
- age   2:         16 bytes,      45056 total
- age   3:      42864 bytes,      87920 total
- age   4:       9032 bytes,      96952 total
- age   5:      26384 bytes,     123336 total
- age   6:         16 bytes,     123352 total
- age   7:      26080 bytes,     149432 total
- age   9:      21936 bytes,     171368 total
- age  11:      22272 bytes,     193640 total
- age  13:      21608 bytes,     215248 total
- age  15:      19944 bytes,     235192 total
, 0.0034683 secs]
   [Parallel Time: 1.7 ms, GC Workers: 4]
      [GC Worker Start (ms): Min: 504487.8, Avg: 504487.8, Max: 504487.8, Diff: 0.0]
      [Ext Root Scanning (ms): Min: 0.4, Avg: 0.4, Max: 0.4, Diff: 0.0, Sum: 1.6]
      [Update RS (ms): Min: 0.8, Avg: 0.8, Max: 0.8, Diff: 0.0, Sum: 3.1]
         [Processed Buffers: Min: 8, Avg: 8.3, Max: 9, Diff: 1, Sum: 33]
      [Scan RS (ms): Min: 0.0, Avg: 0.0, Max: 0.0, Diff: 0.0, Sum: 0.0]
      [Code Root Scanning (ms): Min: 0.0, Avg: 0.0, Max: 0.0, Diff: 0.0, Sum: 0.0]
      [Object Copy (ms): Min: 0.4, Avg: 0.4, Max: 0.4, Diff: 0.0, Sum: 1.7]
      [Termination (ms): Min: 0.0, Avg: 0.0, Max: 0.0, Diff: 0.0, Sum: 0.0]
         [Termination Attempts: Min: 1, Avg: 1.0, Max: 1, Diff: 0, Sum: 4]
      [GC Worker Other (ms): Min: 0.0, Avg: 0.0, Max: 0.0, Diff: 0.0, Sum: 0.0]
      [GC Worker Total (ms): Min: 1.6, Avg: 1.6, Max: 1.6, Diff: 0.0, Sum: 6.5]
      [GC Worker End (ms): Min: 504489.4, Avg: 504489.4, Max: 504489.4, Diff: 0.0]
   [Code Root Fixup: 0.0 ms]
   [Code Root Purge: 0.0 ms]
   [Clear CT: 0.0 ms]
   [Other: 1.8 ms]
      [Choose CSet: 0.0 ms]
      [Ref Proc: 0.0 ms]
      [Ref Enq: 0.0 ms]
      [Redirty Cards: 0.0 ms]
      [Humongous Register: 0.6 ms]
      [Humongous Reclaim: 0.3 ms]
      [Free CSet: 0.0 ms]
   [Eden: 1024.0K(1009.0M)->0.0B(1006.0M) Survivors: 1024.0K->1024.0K Heap: 3515.5M(5120.0M)->3515.0M(5120.0M)]
 [Times: user=0.00 sys=0.00, real=0.00 secs] 
2016-06-26T19:51:15.254+0300: 504.490: [GC concurrent-root-region-scan-start]
2016-06-26T19:51:15.254+0300: 504.490: Total time for which application threads were stopped: 0.0040084 seconds, Stopping threads took: 0.0000646 seconds
2016-06-26T19:51:15.255+0300: 504.492: [GC concurrent-root-region-scan-end, 0.0014442 secs]
2016-06-26T19:51:15.255+0300: 504.492: [GC concurrent-mark-start]
2016-06-26T19:51:15.292+0300: 504.528: [GC concurrent-mark-end, 0.0349393 secs]
2016-06-26T19:51:15.315+0300: 504.552: [GC remark 2016-06-26T19:51:15.315+0300: 504.552: [Finalize Marking, 0.0004285 secs] 2016-06-26T19:51:15.316+0300: 504.552: [GC ref-proc, 0.0001039 secs] 2016-06-26T19:51:15.316+0300: 504.552: [Unloading, 0.0017187 secs], 0.0214695 secs]
 [Times: user=0.06 sys=0.00, real=0.02 secs] 
2016-06-26T19:51:15.337+0300: 504.573: Total time for which application threads were stopped: 0.0221781 seconds, Stopping threads took: 0.0004200 seconds
2016-06-26T19:51:15.652+0300: 504.889: [GC cleanup 3777M->3777M(5120M), 0.0022405 secs]
 [Times: user=0.00 sys=0.00, real=0.00 secs] 
2016-06-26T19:51:15.654+0300: 504.891: Total time for which application threads were stopped: 0.0062202 seconds, Stopping threads took: 0.0036316 seconds
2016-06-26T19:51:15.902+0300: 505.138: Total time for which application threads were stopped: 0.0026292 seconds, Stopping threads took: 0.0018825 seconds
2016-06-26T19:51:16.908+0300: 506.145: Total time for which application threads were stopped: 0.0063682 seconds, Stopping threads took: 0.0060492 seconds
2016-06-26T19:51:17.589+0300: 506.826: [GC pause (G1 Humongous Allocation) (young)
Desired survivor size 66060288 bytes, new threshold 15 (max 15)
- age   1:         40 bytes,         40 total
- age   2:      45016 bytes,      45056 total
- age   3:         16 bytes,      45072 total
- age   4:      42864 bytes,      87936 total
- age   5:       9032 bytes,      96968 total
- age   6:      26384 bytes,     123352 total
- age   7:         16 bytes,     123368 total
- age   8:      26080 bytes,     149448 total
- age  10:      21936 bytes,     171384 total
- age  12:      22272 bytes,     193656 total
- age  14:      21608 bytes,     215264 total
, 0.0573296 secs]
   [Parallel Time: 49.3 ms, GC Workers: 4]
      [GC Worker Start (ms): Min: 506831.6, Avg: 506831.6, Max: 506831.6, Diff: 0.0]
      [Ext Root Scanning (ms): Min: 0.4, Avg: 0.4, Max: 0.4, Diff: 0.0, Sum: 1.5]
      [Update RS (ms): Min: 48.4, Avg: 48.4, Max: 48.4, Diff: 0.0, Sum: 193.7]
         [Processed Buffers: Min: 514, Avg: 516.8, Max: 521, Diff: 7, Sum: 2067]
      [Scan RS (ms): Min: 0.0, Avg: 0.0, Max: 0.0, Diff: 0.0, Sum: 0.1]
      [Code Root Scanning (ms): Min: 0.0, Avg: 0.0, Max: 0.0, Diff: 0.0, Sum: 0.0]
      [Object Copy (ms): Min: 0.4, Avg: 0.4, Max: 0.4, Diff: 0.0, Sum: 1.7]
      [Termination (ms): Min: 0.0, Avg: 0.0, Max: 0.0, Diff: 0.0, Sum: 0.0]
         [Termination Attempts: Min: 1, Avg: 1.0, Max: 1, Diff: 0, Sum: 4]
      [GC Worker Other (ms): Min: 0.0, Avg: 0.0, Max: 0.0, Diff: 0.0, Sum: 0.1]
      [GC Worker Total (ms): Min: 49.2, Avg: 49.3, Max: 49.3, Diff: 0.0, Sum: 197.0]
      [GC Worker End (ms): Min: 506880.9, Avg: 506880.9, Max: 506880.9, Diff: 0.0]
   [Code Root Fixup: 0.0 ms]
   [Code Root Purge: 0.0 ms]
   [Clear CT: 0.0 ms]
   [Other: 8.0 ms]
      [Choose CSet: 0.0 ms]
      [Ref Proc: 0.1 ms]
      [Ref Enq: 0.0 ms]
      [Redirty Cards: 0.0 ms]
      [Humongous Register: 0.8 ms]
      [Humongous Reclaim: 2.1 ms]
      [Free CSet: 0.1 ms]
   [Eden: 61.0M(1006.0M)->0.0B(1006.0M) Survivors: 1024.0K->1024.0K Heap: 4982.3M(5120.0M)->3515.0M(5120.0M)]
 [Times: user=0.20 sys=0.00, real=0.06 secs] 
2016-06-26T19:51:17.647+0300: 506.883: Total time for which application threads were stopped: 0.0617460 seconds, Stopping threads took: 0.0035470 seconds
2016-06-26T19:51:17.653+0300: 506.890: [GC pause (G1 Humongous Allocation) (young) (initial-mark)
Desired survivor size 66060288 bytes, new threshold 15 (max 15)
- age   1:      41048 bytes,      41048 total
- age   2:         16 bytes,      41064 total
- age   3:      37632 bytes,      78696 total
- age   4:         16 bytes,      78712 total
- age   5:      38672 bytes,     117384 total
- age   6:       9032 bytes,     126416 total
- age   7:      22528 bytes,     148944 total
- age   9:      22264 bytes,     171208 total
- age  11:      20256 bytes,     191464 total
- age  13:      21712 bytes,     213176 total
- age  15:      21568 bytes,     234744 total
, 0.0030227 secs]
   [Parallel Time: 1.3 ms, GC Workers: 4]
      [GC Worker Start (ms): Min: 506890.9, Avg: 506890.9, Max: 506890.9, Diff: 0.0]
      [Ext Root Scanning (ms): Min: 0.4, Avg: 0.4, Max: 0.4, Diff: 0.0, Sum: 1.7]
      [Update RS (ms): Min: 0.4, Avg: 0.4, Max: 0.4, Diff: 0.1, Sum: 1.6]
         [Processed Buffers: Min: 4, Avg: 4.3, Max: 5, Diff: 1, Sum: 17]
      [Scan RS (ms): Min: 0.0, Avg: 0.0, Max: 0.0, Diff: 0.0, Sum: 0.0]
      [Code Root Scanning (ms): Min: 0.0, Avg: 0.0, Max: 0.0, Diff: 0.0, Sum: 0.0]
      [Object Copy (ms): Min: 0.4, Avg: 0.4, Max: 0.5, Diff: 0.1, Sum: 1.8]
      [Termination (ms): Min: 0.0, Avg: 0.0, Max: 0.0, Diff: 0.0, Sum: 0.0]
         [Termination Attempts: Min: 1, Avg: 1.0, Max: 1, Diff: 0, Sum: 4]
      [GC Worker Other (ms): Min: 0.0, Avg: 0.0, Max: 0.0, Diff: 0.0, Sum: 0.0]
      [GC Worker Total (ms): Min: 1.3, Avg: 1.3, Max: 1.3, Diff: 0.0, Sum: 5.1]
      [GC Worker End (ms): Min: 506892.2, Avg: 506892.2, Max: 506892.2, Diff: 0.0]
   [Code Root Fixup: 0.0 ms]
   [Code Root Purge: 0.0 ms]
   [Clear CT: 0.0 ms]
   [Other: 1.7 ms]
      [Choose CSet: 0.0 ms]
      [Ref Proc: 0.0 ms]
      [Ref Enq: 0.0 ms]
      [Redirty Cards: 0.0 ms]
      [Humongous Register: 0.6 ms]
      [Humongous Reclaim: 0.3 ms]
      [Free CSet: 0.0 ms]
   [Eden: 1024.0K(1006.0M)->0.0B(1004.0M) Survivors: 1024.0K->1024.0K Heap: 3517.5M(5120.0M)->3516.9M(5120.0M)]
 [Times: user=0.06 sys=0.00, real=0.00 secs] 
2016-06-26T19:51:17.657+0300: 506.893: [GC concurrent-root-region-scan-start]
2016-06-26T19:51:17.657+0300: 506.893: Total time for which application threads were stopped: 0.0036847 seconds, Stopping threads took: 0.0000813 seconds
2016-06-26T19:51:17.658+0300: 506.895: [GC concurrent-root-region-scan-end, 0.0014301 secs]
2016-06-26T19:51:17.658+0300: 506.895: [GC concurrent-mark-start]
2016-06-26T19:51:17.692+0300: 506.929: [GC concurrent-mark-end, 0.0340173 secs]
2016-06-26T19:51:17.710+0300: 506.947: [GC remark 2016-06-26T19:51:17.710+0300: 506.947: [Finalize Marking, 0.0003904 secs] 2016-06-26T19:51:17.710+0300: 506.947: [GC ref-proc, 0.0001039 secs] 2016-06-26T19:51:17.710+0300: 506.947: [Unloading, 0.0018073 secs], 0.0215696 secs]
 [Times: user=0.06 sys=0.00, real=0.02 secs] 
2016-06-26T19:51:17.732+0300: 506.968: Total time for which application threads were stopped: 0.0225408 seconds, Stopping threads took: 0.0005867 seconds
2016-06-26T19:51:17.735+0300: 506.971: [GC cleanup 3553M->3553M(5120M), 0.0022123 secs]
 [Times: user=0.00 sys=0.00, real=0.00 secs] 
2016-06-26T19:51:17.737+0300: 506.974: Total time for which application threads were stopped: 0.0026523 seconds, Stopping threads took: 0.0000650 seconds
2016-06-26T19:51:17.900+0300: 507.137: Total time for which application threads were stopped: 0.0018706 seconds, Stopping threads took: 0.0010405 seconds
2016-06-26T19:51:18.905+0300: 508.142: Total time for which application threads were stopped: 0.0049492 seconds, Stopping threads took: 0.0045951 seconds
2016-06-26T19:51:19.904+0300: 509.141: Total time for which application threads were stopped: 0.0041435 seconds, Stopping threads took: 0.0032485 seconds
2016-06-26T19:51:20.165+0300: 509.402: [GC pause (G1 Humongous Allocation) (young)
Desired survivor size 66060288 bytes, new threshold 15 (max 15)
- age   1:         40 bytes,         40 total
- age   2:      41024 bytes,      41064 total
- age   3:         16 bytes,      41080 total
- age   4:      37632 bytes,      78712 total
- age   5:         16 bytes,      78728 total
- age   6:      38672 bytes,     117400 total
- age   7:       9032 bytes,     126432 total
- age   8:      22528 bytes,     148960 total
- age  10:      22264 bytes,     171224 total
- age  12:      20256 bytes,     191480 total
- age  14:      21712 bytes,     213192 total
, 0.0571846 secs]
   [Parallel Time: 48.9 ms, GC Workers: 4]
      [GC Worker Start (ms): Min: 509407.7, Avg: 509407.7, Max: 509407.7, Diff: 0.0]
      [Ext Root Scanning (ms): Min: 0.3, Avg: 0.3, Max: 0.4, Diff: 0.0, Sum: 1.4]
      [Update RS (ms): Min: 48.0, Avg: 48.0, Max: 48.1, Diff: 0.0, Sum: 192.2]
         [Processed Buffers: Min: 505, Avg: 513.0, Max: 520, Diff: 15, Sum: 2052]
      [Scan RS (ms): Min: 0.0, Avg: 0.0, Max: 0.0, Diff: 0.0, Sum: 0.0]
      [Code Root Scanning (ms): Min: 0.0, Avg: 0.0, Max: 0.0, Diff: 0.0, Sum: 0.0]
      [Object Copy (ms): Min: 0.4, Avg: 0.4, Max: 0.4, Diff: 0.0, Sum: 1.7]
      [Termination (ms): Min: 0.0, Avg: 0.0, Max: 0.0, Diff: 0.0, Sum: 0.0]
         [Termination Attempts: Min: 1, Avg: 1.0, Max: 1, Diff: 0, Sum: 4]
      [GC Worker Other (ms): Min: 0.0, Avg: 0.0, Max: 0.0, Diff: 0.0, Sum: 0.1]
      [GC Worker Total (ms): Min: 48.8, Avg: 48.8, Max: 48.9, Diff: 0.0, Sum: 195.4]
      [GC Worker End (ms): Min: 509456.5, Avg: 509456.5, Max: 509456.5, Diff: 0.0]
   [Code Root Fixup: 0.0 ms]
   [Code Root Purge: 0.0 ms]
   [Clear CT: 0.0 ms]
   [Other: 8.2 ms]
      [Choose CSet: 0.0 ms]
      [Ref Proc: 0.0 ms]
      [Ref Enq: 0.0 ms]
      [Redirty Cards: 0.0 ms]
      [Humongous Register: 0.8 ms]
      [Humongous Reclaim: 2.0 ms]
      [Free CSet: 0.1 ms]
   [Eden: 63.0M(1004.0M)->0.0B(978.0M) Survivors: 1024.0K->1024.0K Heap: 4982.2M(5120.0M)->3542.4M(5120.0M)]
 [Times: user=0.20 sys=0.00, real=0.06 secs] 
2016-06-26T19:51:20.223+0300: 509.459: Total time for which application threads were stopped: 0.0590355 seconds, Stopping threads took: 0.0010011 seconds
2016-06-26T19:51:20.231+0300: 509.468: [GC pause (G1 Humongous Allocation) (young) (initial-mark)
Desired survivor size 64487424 bytes, new threshold 15 (max 15)
- age   1:      43376 bytes,      43376 total
- age   2:         16 bytes,      43392 total
- age   3:      32432 bytes,      75824 total
- age   4:         16 bytes,      75840 total
- age   5:      33008 bytes,     108848 total
- age   6:         16 bytes,     108864 total
- age   7:      35992 bytes,     144856 total
- age   8:       9032 bytes,     153888 total
- age   9:      20152 bytes,     174040 total
- age  11:      20720 bytes,     194760 total
- age  13:      19816 bytes,     214576 total
- age  15:      21568 bytes,     236144 total
, 0.0034071 secs]
   [Parallel Time: 1.7 ms, GC Workers: 4]
      [GC Worker Start (ms): Min: 509468.6, Avg: 509468.6, Max: 509468.6, Diff: 0.0]
      [Ext Root Scanning (ms): Min: 0.4, Avg: 0.4, Max: 0.4, Diff: 0.0, Sum: 1.7]
      [Update RS (ms): Min: 0.8, Avg: 0.8, Max: 0.8, Diff: 0.0, Sum: 3.2]
         [Processed Buffers: Min: 8, Avg: 8.3, Max: 9, Diff: 1, Sum: 33]
      [Scan RS (ms): Min: 0.0, Avg: 0.0, Max: 0.0, Diff: 0.0, Sum: 0.0]
      [Code Root Scanning (ms): Min: 0.0, Avg: 0.0, Max: 0.0, Diff: 0.0, Sum: 0.0]
      [Object Copy (ms): Min: 0.4, Avg: 0.4, Max: 0.5, Diff: 0.1, Sum: 1.7]
      [Termination (ms): Min: 0.0, Avg: 0.0, Max: 0.0, Diff: 0.0, Sum: 0.0]
         [Termination Attempts: Min: 1, Avg: 1.0, Max: 1, Diff: 0, Sum: 4]
      [GC Worker Other (ms): Min: 0.0, Avg: 0.0, Max: 0.0, Diff: 0.0, Sum: 0.0]
      [GC Worker Total (ms): Min: 1.6, Avg: 1.7, Max: 1.7, Diff: 0.0, Sum: 6.6]
      [GC Worker End (ms): Min: 509470.3, Avg: 509470.3, Max: 509470.3, Diff: 0.0]
   [Code Root Fixup: 0.0 ms]
   [Code Root Purge: 0.0 ms]
   [Clear CT: 0.0 ms]
   [Other: 1.7 ms]
      [Choose CSet: 0.0 ms]
      [Ref Proc: 0.0 ms]
      [Ref Enq: 0.0 ms]
      [Redirty Cards: 0.0 ms]
      [Humongous Register: 0.6 ms]
      [Humongous Reclaim: 0.2 ms]
      [Free CSet: 0.0 ms]
   [Eden: 1024.0K(978.0M)->0.0B(975.0M) Survivors: 1024.0K->1024.0K Heap: 3546.8M(5120.0M)->3546.3M(5120.0M)]
 [Times: user=0.06 sys=0.00, real=0.00 secs] 
2016-06-26T19:51:20.235+0300: 509.471: [GC concurrent-root-region-scan-start]
2016-06-26T19:51:20.235+0300: 509.471: Total time for which application threads were stopped: 0.0039695 seconds, Stopping threads took: 0.0000817 seconds
2016-06-26T19:51:20.237+0300: 509.474: [GC concurrent-root-region-scan-end, 0.0027284 secs]
2016-06-26T19:51:20.237+0300: 509.474: [GC concurrent-mark-start]
2016-06-26T19:51:20.271+0300: 509.507: [GC concurrent-mark-end, 0.0319013 secs]
2016-06-26T19:51:20.296+0300: 509.533: [GC remark 2016-06-26T19:51:20.296+0300: 509.533: [Finalize Marking, 0.0004768 secs] 2016-06-26T19:51:20.297+0300: 509.533: [GC ref-proc, 0.0001039 secs] 2016-06-26T19:51:20.297+0300: 509.533: [Unloading, 0.0017440 secs], 0.0216581 secs]
 [Times: user=0.06 sys=0.00, real=0.02 secs] 
2016-06-26T19:51:20.318+0300: 509.554: Total time for which application threads were stopped: 0.0226965 seconds, Stopping threads took: 0.0007642 seconds
2016-06-26T19:51:20.323+0300: 509.559: [GC cleanup 3588M->3588M(5120M), 0.0022238 secs]
 [Times: user=0.00 sys=0.00, real=0.00 secs] 
2016-06-26T19:51:20.325+0300: 509.562: Total time for which application threads were stopped: 0.0025989 seconds, Stopping threads took: 0.0000624 seconds
2016-06-26T19:51:20.906+0300: 510.142: Total time for which application threads were stopped: 0.0043433 seconds, Stopping threads took: 0.0035872 seconds
2016-06-26T19:51:21.905+0300: 511.142: Total time for which application threads were stopped: 0.0037159 seconds, Stopping threads took: 0.0027113 seconds
2016-06-26T19:51:22.496+0300: 511.733: [GC pause (G1 Humongous Allocation) (young)
Desired survivor size 63963136 bytes, new threshold 15 (max 15)
- age   1:         40 bytes,         40 total
- age   2:      43352 bytes,      43392 total
- age   3:         16 bytes,      43408 total
- age   4:      32432 bytes,      75840 total
- age   5:         16 bytes,      75856 total
- age   6:      33008 bytes,     108864 total
- age   7:         16 bytes,     108880 total
- age   8:      35992 bytes,     144872 total
- age   9:       9032 bytes,     153904 total
- age  10:      20152 bytes,     174056 total
- age  12:      20720 bytes,     194776 total
- age  14:      19816 bytes,     214592 total
, 0.0569024 secs]
   [Parallel Time: 48.8 ms, GC Workers: 4]
      [GC Worker Start (ms): Min: 511738.5, Avg: 511738.5, Max: 511738.6, Diff: 0.0]
      [Ext Root Scanning (ms): Min: 0.3, Avg: 0.4, Max: 0.4, Diff: 0.0, Sum: 1.5]
      [Update RS (ms): Min: 47.9, Avg: 47.9, Max: 48.0, Diff: 0.0, Sum: 191.8]
         [Processed Buffers: Min: 499, Avg: 508.8, Max: 518, Diff: 19, Sum: 2035]
      [Scan RS (ms): Min: 0.0, Avg: 0.0, Max: 0.0, Diff: 0.0, Sum: 0.0]
      [Code Root Scanning (ms): Min: 0.0, Avg: 0.0, Max: 0.0, Diff: 0.0, Sum: 0.0]
      [Object Copy (ms): Min: 0.4, Avg: 0.4, Max: 0.4, Diff: 0.0, Sum: 1.7]
      [Termination (ms): Min: 0.0, Avg: 0.0, Max: 0.0, Diff: 0.0, Sum: 0.0]
         [Termination Attempts: Min: 1, Avg: 1.0, Max: 1, Diff: 0, Sum: 4]
      [GC Worker Other (ms): Min: 0.0, Avg: 0.0, Max: 0.0, Diff: 0.0, Sum: 0.1]
      [GC Worker Total (ms): Min: 48.7, Avg: 48.8, Max: 48.8, Diff: 0.0, Sum: 195.1]
      [GC Worker End (ms): Min: 511787.3, Avg: 511787.3, Max: 511787.3, Diff: 0.0]
   [Code Root Fixup: 0.0 ms]
   [Code Root Purge: 0.0 ms]
   [Clear CT: 0.0 ms]
   [Other: 8.0 ms]
      [Choose CSet: 0.0 ms]
      [Ref Proc: 0.1 ms]
      [Ref Enq: 0.0 ms]
      [Redirty Cards: 0.0 ms]
      [Humongous Register: 0.7 ms]
      [Humongous Reclaim: 1.9 ms]
      [Free CSet: 0.0 ms]
   [Eden: 63.0M(975.0M)->0.0B(1039.0M) Survivors: 1024.0K->1024.0K Heap: 4982.3M(5120.0M)->3483.9M(5120.0M)]
 [Times: user=0.20 sys=0.00, real=0.06 secs] 
2016-06-26T19:51:22.553+0300: 511.790: Total time for which application threads were stopped: 0.0630084 seconds, Stopping threads took: 0.0051887 seconds
2016-06-26T19:51:22.556+0300: 511.793: [GC pause (G1 Humongous Allocation) (young) (initial-mark)
Desired survivor size 68157440 bytes, new threshold 15 (max 15)
- age   1:      42312 bytes,      42312 total
- age   3:      35728 bytes,      78040 total
- age   5:      28480 bytes,     106520 total
- age   6:         16 bytes,     106536 total
- age   7:      28288 bytes,     134824 total
- age   8:         16 bytes,     134840 total
- age   9:      32960 bytes,     167800 total
- age  10:       9032 bytes,     176832 total
- age  11:      18304 bytes,     195136 total
- age  13:      20000 bytes,     215136 total
- age  15:      19816 bytes,     234952 total
, 0.0029658 secs]
   [Parallel Time: 1.3 ms, GC Workers: 4]
      [GC Worker Start (ms): Min: 511794.0, Avg: 511794.0, Max: 511794.0, Diff: 0.0]
      [Ext Root Scanning (ms): Min: 0.4, Avg: 0.4, Max: 0.4, Diff: 0.0, Sum: 1.7]
      [Update RS (ms): Min: 0.4, Avg: 0.4, Max: 0.5, Diff: 0.1, Sum: 1.6]
         [Processed Buffers: Min: 4, Avg: 4.3, Max: 5, Diff: 1, Sum: 17]
      [Scan RS (ms): Min: 0.0, Avg: 0.0, Max: 0.0, Diff: 0.0, Sum: 0.0]
      [Code Root Scanning (ms): Min: 0.0, Avg: 0.0, Max: 0.0, Diff: 0.0, Sum: 0.0]
      [Object Copy (ms): Min: 0.4, Avg: 0.4, Max: 0.5, Diff: 0.1, Sum: 1.8]
      [Termination (ms): Min: 0.0, Avg: 0.0, Max: 0.0, Diff: 0.0, Sum: 0.0]
         [Termination Attempts: Min: 1, Avg: 1.0, Max: 1, Diff: 0, Sum: 4]
      [GC Worker Other (ms): Min: 0.0, Avg: 0.0, Max: 0.0, Diff: 0.0, Sum: 0.0]
      [GC Worker Total (ms): Min: 1.3, Avg: 1.3, Max: 1.3, Diff: 0.0, Sum: 5.1]
      [GC Worker End (ms): Min: 511795.3, Avg: 511795.3, Max: 511795.3, Diff: 0.0]
   [Code Root Fixup: 0.0 ms]
   [Code Root Purge: 0.0 ms]
   [Clear CT: 0.0 ms]
   [Other: 1.6 ms]
      [Choose CSet: 0.0 ms]
      [Ref Proc: 0.1 ms]
      [Ref Enq: 0.0 ms]
      [Redirty Cards: 0.0 ms]
      [Humongous Register: 0.6 ms]
      [Humongous Reclaim: 0.3 ms]
      [Free CSet: 0.0 ms]
   [Eden: 1024.0K(1039.0M)->0.0B(1037.0M) Survivors: 1024.0K->1024.0K Heap: 3486.3M(5120.0M)->3485.7M(5120.0M)]
 [Times: user=0.00 sys=0.00, real=0.00 secs] 
2016-06-26T19:51:22.560+0300: 511.796: [GC concurrent-root-region-scan-start]
2016-06-26T19:51:22.560+0300: 511.796: Total time for which application threads were stopped: 0.0035393 seconds, Stopping threads took: 0.0000667 seconds
2016-06-26T19:51:22.561+0300: 511.798: [GC concurrent-root-region-scan-end, 0.0014827 secs]
2016-06-26T19:51:22.561+0300: 511.798: [GC concurrent-mark-start]
2016-06-26T19:51:22.593+0300: 511.830: [GC concurrent-mark-end, 0.0319201 secs]
2016-06-26T19:51:22.637+0300: 511.873: [GC remark 2016-06-26T19:51:22.637+0300: 511.873: [Finalize Marking, 0.0002985 secs] 2016-06-26T19:51:22.637+0300: 511.874: [GC ref-proc, 0.0001078 secs] 2016-06-26T19:51:22.637+0300: 511.874: [Unloading, 0.0017230 secs], 0.0211950 secs]
 [Times: user=0.13 sys=0.00, real=0.02 secs] 
2016-06-26T19:51:22.658+0300: 511.895: Total time for which application threads were stopped: 0.0221161 seconds, Stopping threads took: 0.0006492 seconds
2016-06-26T19:51:22.661+0300: 511.898: [GC cleanup 3513M->3513M(5120M), 0.0022435 secs]
 [Times: user=0.00 sys=0.00, real=0.00 secs] 
2016-06-26T19:51:22.663+0300: 511.900: Total time for which application threads were stopped: 0.0025702 seconds, Stopping threads took: 0.0000599 seconds
2016-06-26T19:51:22.905+0300: 512.141: Total time for which application threads were stopped: 0.0027028 seconds, Stopping threads took: 0.0020887 seconds
2016-06-26T19:51:23.908+0300: 513.144: Total time for which application threads were stopped: 0.0057254 seconds, Stopping threads took: 0.0047222 seconds
2016-06-26T19:51:24.914+0300: 514.151: Total time for which application threads were stopped: 0.0064533 seconds, Stopping threads took: 0.0061142 seconds
2016-06-26T19:51:25.051+0300: 514.288: [GC pause (G1 Humongous Allocation) (young)
Desired survivor size 68157440 bytes, new threshold 15 (max 15)
- age   1:         40 bytes,         40 total
- age   2:      42264 bytes,      42304 total
- age   4:      35728 bytes,      78032 total
- age   6:      28480 bytes,     106512 total
- age   7:         16 bytes,     106528 total
- age   8:      28288 bytes,     134816 total
- age   9:         16 bytes,     134832 total
- age  10:      32960 bytes,     167792 total
- age  11:       9032 bytes,     176824 total
- age  12:      18304 bytes,     195128 total
- age  14:      20000 bytes,     215128 total
, 0.0593913 secs]
   [Parallel Time: 51.1 ms, GC Workers: 4]
      [GC Worker Start (ms): Min: 514293.6, Avg: 514293.6, Max: 514293.6, Diff: 0.0]
      [Ext Root Scanning (ms): Min: 0.3, Avg: 0.3, Max: 0.3, Diff: 0.0, Sum: 1.3]
      [Update RS (ms): Min: 50.0, Avg: 50.0, Max: 50.1, Diff: 0.1, Sum: 200.0]
         [Processed Buffers: Min: 474, Avg: 512.5, Max: 528, Diff: 54, Sum: 2050]
      [Scan RS (ms): Min: 0.0, Avg: 0.0, Max: 0.0, Diff: 0.0, Sum: 0.0]
      [Code Root Scanning (ms): Min: 0.0, Avg: 0.0, Max: 0.0, Diff: 0.0, Sum: 0.0]
      [Object Copy (ms): Min: 0.7, Avg: 0.7, Max: 0.8, Diff: 0.1, Sum: 3.0]
      [Termination (ms): Min: 0.0, Avg: 0.0, Max: 0.0, Diff: 0.0, Sum: 0.0]
         [Termination Attempts: Min: 1, Avg: 1.0, Max: 1, Diff: 0, Sum: 4]
      [GC Worker Other (ms): Min: 0.0, Avg: 0.0, Max: 0.0, Diff: 0.0, Sum: 0.1]
      [GC Worker Total (ms): Min: 51.1, Avg: 51.1, Max: 51.1, Diff: 0.0, Sum: 204.5]
      [GC Worker End (ms): Min: 514344.7, Avg: 514344.7, Max: 514344.7, Diff: 0.0]
   [Code Root Fixup: 0.0 ms]
   [Code Root Purge: 0.0 ms]
   [Clear CT: 0.0 ms]
   [Other: 8.2 ms]
      [Choose CSet: 0.0 ms]
      [Ref Proc: 0.0 ms]
      [Ref Enq: 0.0 ms]
      [Redirty Cards: 0.0 ms]
      [Humongous Register: 0.7 ms]
      [Humongous Reclaim: 2.1 ms]
      [Free CSet: 0.1 ms]
   [Eden: 63.0M(1037.0M)->0.0B(1099.0M) Survivors: 1024.0K->1024.0K Heap: 4982.4M(5120.0M)->3425.4M(5120.0M)]
 [Times: user=0.24 sys=0.00, real=0.06 secs] 
2016-06-26T19:51:25.111+0300: 514.347: Total time for which application threads were stopped: 0.0618367 seconds, Stopping threads took: 0.0016627 seconds
2016-06-26T19:51:25.123+0300: 514.359: [GC pause (G1 Humongous Allocation) (young) (initial-mark)
Desired survivor size 72351744 bytes, new threshold 15 (max 15)
- age   1:     232264 bytes,     232264 total
- age   3:      34232 bytes,     266496 total
- age   5:      30080 bytes,     296576 total
- age   7:      24360 bytes,     320936 total
- age   9:      25208 bytes,     346144 total
- age  11:      31824 bytes,     377968 total
- age  12:       9032 bytes,     387000 total
- age  13:      18064 bytes,     405064 total
- age  15:      19976 bytes,     425040 total
, 0.0037599 secs]
   [Parallel Time: 2.1 ms, GC Workers: 4]
      [GC Worker Start (ms): Min: 514360.0, Avg: 514360.0, Max: 514360.0, Diff: 0.0]
      [Ext Root Scanning (ms): Min: 0.4, Avg: 0.4, Max: 0.4, Diff: 0.0, Sum: 1.5]
      [Update RS (ms): Min: 0.9, Avg: 0.9, Max: 0.9, Diff: 0.1, Sum: 3.6]
         [Processed Buffers: Min: 9, Avg: 9.5, Max: 10, Diff: 1, Sum: 38]
      [Scan RS (ms): Min: 0.0, Avg: 0.0, Max: 0.0, Diff: 0.0, Sum: 0.0]
      [Code Root Scanning (ms): Min: 0.0, Avg: 0.0, Max: 0.0, Diff: 0.0, Sum: 0.0]
      [Object Copy (ms): Min: 0.7, Avg: 0.7, Max: 0.8, Diff: 0.1, Sum: 3.0]
      [Termination (ms): Min: 0.0, Avg: 0.0, Max: 0.0, Diff: 0.0, Sum: 0.0]
         [Termination Attempts: Min: 1, Avg: 1.0, Max: 1, Diff: 0, Sum: 4]
      [GC Worker Other (ms): Min: 0.0, Avg: 0.0, Max: 0.0, Diff: 0.0, Sum: 0.0]
      [GC Worker Total (ms): Min: 2.0, Avg: 2.0, Max: 2.1, Diff: 0.0, Sum: 8.2]
      [GC Worker End (ms): Min: 514362.1, Avg: 514362.1, Max: 514362.1, Diff: 0.0]
   [Code Root Fixup: 0.0 ms]
   [Code Root Purge: 0.0 ms]
   [Clear CT: 0.1 ms]
   [Other: 1.6 ms]
      [Choose CSet: 0.0 ms]
      [Ref Proc: 0.1 ms]
      [Ref Enq: 0.0 ms]
      [Redirty Cards: 0.0 ms]
      [Humongous Register: 0.6 ms]
      [Humongous Reclaim: 0.3 ms]
      [Free CSet: 0.0 ms]
   [Eden: 2048.0K(1099.0M)->0.0B(1125.0M) Survivors: 1024.0K->1024.0K Heap: 3430.8M(5120.0M)->3400.2M(5120.0M)]
 [Times: user=0.01 sys=0.00, real=0.00 secs] 
2016-06-26T19:51:25.127+0300: 514.363: [GC concurrent-root-region-scan-start]
2016-06-26T19:51:25.127+0300: 514.363: Total time for which application threads were stopped: 0.0042757 seconds, Stopping threads took: 0.0000693 seconds
2016-06-26T19:51:25.129+0300: 514.365: [GC concurrent-root-region-scan-end, 0.0021028 secs]
2016-06-26T19:51:25.129+0300: 514.365: [GC concurrent-mark-start]
2016-06-26T19:51:25.162+0300: 514.398: [GC concurrent-mark-end, 0.0331009 secs]
2016-06-26T19:51:25.168+0300: 514.404: [GC remark 2016-06-26T19:51:25.168+0300: 514.404: [Finalize Marking, 0.0003554 secs] 2016-06-26T19:51:25.168+0300: 514.404: [GC ref-proc, 0.0001026 secs] 2016-06-26T19:51:25.168+0300: 514.405: [Unloading, 0.0016909 secs], 0.0208302 secs]
 [Times: user=0.13 sys=0.00, real=0.02 secs] 
2016-06-26T19:51:25.188+0300: 514.425: Total time for which application threads were stopped: 0.0238037 seconds, Stopping threads took: 0.0026887 seconds
2016-06-26T19:51:25.192+0300: 514.428: [GC cleanup 3427M->3427M(5120M), 0.0022024 secs]
 [Times: user=0.00 sys=0.00, real=0.00 secs] 
2016-06-26T19:51:25.194+0300: 514.430: Total time for which application threads were stopped: 0.0026613 seconds, Stopping threads took: 0.0000659 seconds
2016-06-26T19:51:25.235+0300: 514.471: [GC pause (G1 Humongous Allocation) (young) (initial-mark)
Desired survivor size 73924608 bytes, new threshold 15 (max 15)
- age   1:        192 bytes,        192 total
- age   2:     232168 bytes,     232360 total
- age   4:      34232 bytes,     266592 total
- age   6:      30080 bytes,     296672 total
- age   8:      24256 bytes,     320928 total
- age  10:      24984 bytes,     345912 total
- age  12:      31752 bytes,     377664 total
- age  13:       9032 bytes,     386696 total
- age  14:      18064 bytes,     404760 total
, 0.0057036 secs]
   [Parallel Time: 3.6 ms, GC Workers: 4]
      [GC Worker Start (ms): Min: 514472.5, Avg: 514472.5, Max: 514472.6, Diff: 0.0]
      [Ext Root Scanning (ms): Min: 0.4, Avg: 0.4, Max: 0.4, Diff: 0.0, Sum: 1.6]
      [Update RS (ms): Min: 2.4, Avg: 2.4, Max: 2.5, Diff: 0.1, Sum: 9.7]
         [Processed Buffers: Min: 24, Avg: 25.8, Max: 27, Diff: 3, Sum: 103]
      [Scan RS (ms): Min: 0.0, Avg: 0.0, Max: 0.0, Diff: 0.0, Sum: 0.0]
      [Code Root Scanning (ms): Min: 0.0, Avg: 0.0, Max: 0.0, Diff: 0.0, Sum: 0.0]
      [Object Copy (ms): Min: 0.6, Avg: 0.7, Max: 0.8, Diff: 0.1, Sum: 2.9]
      [Termination (ms): Min: 0.0, Avg: 0.0, Max: 0.0, Diff: 0.0, Sum: 0.0]
         [Termination Attempts: Min: 1, Avg: 1.0, Max: 1, Diff: 0, Sum: 4]
      [GC Worker Other (ms): Min: 0.0, Avg: 0.0, Max: 0.0, Diff: 0.0, Sum: 0.0]
      [GC Worker Total (ms): Min: 3.5, Avg: 3.6, Max: 3.6, Diff: 0.0, Sum: 14.2]
      [GC Worker End (ms): Min: 514476.1, Avg: 514476.1, Max: 514476.1, Diff: 0.0]
   [Code Root Fixup: 0.0 ms]
   [Code Root Purge: 0.0 ms]
   [Clear CT: 0.0 ms]
   [Other: 2.1 ms]
      [Choose CSet: 0.0 ms]
      [Ref Proc: 0.2 ms]
      [Ref Enq: 0.0 ms]
      [Redirty Cards: 0.1 ms]
      [Humongous Register: 0.6 ms]
      [Humongous Reclaim: 0.2 ms]
      [Free CSet: 0.0 ms]
   [Eden: 4096.0K(1125.0M)->0.0B(1077.0M) Survivors: 1024.0K->1024.0K Heap: 3450.1M(5120.0M)->3447.1M(5120.0M)]
 [Times: user=0.00 sys=0.00, real=0.01 secs] 
2016-06-26T19:51:25.241+0300: 514.477: [GC concurrent-root-region-scan-start]
2016-06-26T19:51:25.241+0300: 514.477: Total time for which application threads were stopped: 0.0072705 seconds, Stopping threads took: 0.0010978 seconds
2016-06-26T19:51:25.243+0300: 514.479: [GC concurrent-root-region-scan-end, 0.0021353 secs]
2016-06-26T19:51:25.243+0300: 514.479: [GC concurrent-mark-start]
2016-06-26T19:51:25.277+0300: 514.513: [GC concurrent-mark-end, 0.0336508 secs]
2016-06-26T19:51:25.299+0300: 514.535: [GC remark 2016-06-26T19:51:25.299+0300: 514.535: [Finalize Marking, 0.0004255 secs] 2016-06-26T19:51:25.299+0300: 514.536: [GC ref-proc, 0.0001061 secs] 2016-06-26T19:51:25.299+0300: 514.536: [Unloading, 0.0017666 secs], 0.0211445 secs]
 [Times: user=0.06 sys=0.00, real=0.02 secs] 
2016-06-26T19:51:25.320+0300: 514.557: Total time for which application threads were stopped: 0.0219331 seconds, Stopping threads took: 0.0004815 seconds
2016-06-26T19:51:25.397+0300: 514.634: [GC cleanup 3536M->3536M(5120M), 0.0023350 secs]
 [Times: user=0.00 sys=0.00, real=0.00 secs] 
2016-06-26T19:51:25.400+0300: 514.636: Total time for which application threads were stopped: 0.0035632 seconds, Stopping threads took: 0.0009349 seconds
2016-06-26T19:51:25.905+0300: 515.142: Total time for which application threads were stopped: 0.0026125 seconds, Stopping threads took: 0.0017713 seconds
2016-06-26T19:51:26.911+0300: 516.147: Total time for which application threads were stopped: 0.0057558 seconds, Stopping threads took: 0.0054209 seconds
2016-06-26T19:51:27.659+0300: 516.896: [GC pause (G1 Humongous Allocation) (young)
Desired survivor size 70778880 bytes, new threshold 15 (max 15)
- age   1:        664 bytes,        664 total
- age   2:        192 bytes,        856 total
- age   3:     232024 bytes,     232880 total
- age   5:      34176 bytes,     267056 total
- age   7:      30024 bytes,     297080 total
- age   9:      24256 bytes,     321336 total
- age  11:      24984 bytes,     346320 total
- age  13:      31752 bytes,     378072 total
- age  14:       9032 bytes,     387104 total
- age  15:      18064 bytes,     405168 total
, 0.0565795 secs]
   [Parallel Time: 48.7 ms, GC Workers: 4]
      [GC Worker Start (ms): Min: 516901.3, Avg: 516901.3, Max: 516901.3, Diff: 0.0]
      [Ext Root Scanning (ms): Min: 0.4, Avg: 0.4, Max: 0.4, Diff: 0.0, Sum: 1.5]
      [Update RS (ms): Min: 47.8, Avg: 47.8, Max: 47.8, Diff: 0.0, Sum: 191.1]
         [Processed Buffers: Min: 500, Avg: 509.3, Max: 516, Diff: 16, Sum: 2037]
      [Scan RS (ms): Min: 0.0, Avg: 0.0, Max: 0.0, Diff: 0.0, Sum: 0.0]
      [Code Root Scanning (ms): Min: 0.0, Avg: 0.0, Max: 0.0, Diff: 0.0, Sum: 0.0]
      [Object Copy (ms): Min: 0.4, Avg: 0.5, Max: 0.5, Diff: 0.0, Sum: 1.8]
      [Termination (ms): Min: 0.0, Avg: 0.0, Max: 0.0, Diff: 0.0, Sum: 0.0]
         [Termination Attempts: Min: 1, Avg: 1.0, Max: 1, Diff: 0, Sum: 4]
      [GC Worker Other (ms): Min: 0.0, Avg: 0.0, Max: 0.0, Diff: 0.0, Sum: 0.0]
      [GC Worker Total (ms): Min: 48.6, Avg: 48.6, Max: 48.6, Diff: 0.0, Sum: 194.5]
      [GC Worker End (ms): Min: 516949.9, Avg: 516949.9, Max: 516949.9, Diff: 0.0]
   [Code Root Fixup: 0.0 ms]
   [Code Root Purge: 0.0 ms]
   [Clear CT: 0.0 ms]
   [Other: 7.9 ms]
      [Choose CSet: 0.0 ms]
      [Ref Proc: 0.0 ms]
      [Ref Enq: 0.0 ms]
      [Redirty Cards: 0.0 ms]
      [Humongous Register: 0.8 ms]
      [Humongous Reclaim: 2.0 ms]
      [Free CSet: 0.0 ms]
   [Eden: 60.0M(1077.0M)->0.0B(947.0M) Survivors: 1024.0K->1024.0K Heap: 4981.7M(5120.0M)->3573.7M(5120.0M)]
 [Times: user=0.19 sys=0.00, real=0.06 secs] 
2016-06-26T19:51:27.716+0300: 516.952: Total time for which application threads were stopped: 0.0598442 seconds, Stopping threads took: 0.0024235 seconds
2016-06-26T19:51:27.717+0300: 516.954: [GC pause (G1 Humongous Allocation) (young) (initial-mark)
Desired survivor size 62390272 bytes, new threshold 15 (max 15)
- age   1:      49144 bytes,      49144 total
- age   2:        200 bytes,      49344 total
- age   3:         88 bytes,      49432 total
- age   4:      37864 bytes,      87296 total
- age   6:      30080 bytes,     117376 total
- age   8:      25848 bytes,     143224 total
- age  10:      21984 bytes,     165208 total
- age  12:      23504 bytes,     188712 total
- age  14:      31448 bytes,     220160 total
- age  15:       9032 bytes,     229192 total
, 0.0030261 secs]
   [Parallel Time: 1.3 ms, GC Workers: 4]
      [GC Worker Start (ms): Min: 516954.7, Avg: 516954.7, Max: 516954.7, Diff: 0.0]
      [Ext Root Scanning (ms): Min: 0.4, Avg: 0.4, Max: 0.5, Diff: 0.0, Sum: 1.8]
      [Update RS (ms): Min: 0.4, Avg: 0.4, Max: 0.5, Diff: 0.1, Sum: 1.7]
         [Processed Buffers: Min: 4, Avg: 4.5, Max: 5, Diff: 1, Sum: 18]
      [Scan RS (ms): Min: 0.0, Avg: 0.0, Max: 0.0, Diff: 0.0, Sum: 0.0]
      [Code Root Scanning (ms): Min: 0.0, Avg: 0.0, Max: 0.0, Diff: 0.0, Sum: 0.0]
      [Object Copy (ms): Min: 0.4, Avg: 0.4, Max: 0.5, Diff: 0.1, Sum: 1.7]
      [Termination (ms): Min: 0.0, Avg: 0.0, Max: 0.0, Diff: 0.0, Sum: 0.0]
         [Termination Attempts: Min: 1, Avg: 1.0, Max: 1, Diff: 0, Sum: 4]
      [GC Worker Other (ms): Min: 0.0, Avg: 0.0, Max: 0.0, Diff: 0.0, Sum: 0.0]
      [GC Worker Total (ms): Min: 1.3, Avg: 1.3, Max: 1.3, Diff: 0.0, Sum: 5.2]
      [GC Worker End (ms): Min: 516956.0, Avg: 516956.0, Max: 516956.0, Diff: 0.0]
   [Code Root Fixup: 0.0 ms]
   [Code Root Purge: 0.0 ms]
   [Clear CT: 0.0 ms]
   [Other: 1.7 ms]
      [Choose CSet: 0.0 ms]
      [Ref Proc: 0.1 ms]
      [Ref Enq: 0.0 ms]
      [Redirty Cards: 0.0 ms]
      [Humongous Register: 0.6 ms]
      [Humongous Reclaim: 0.3 ms]
      [Free CSet: 0.0 ms]
   [Eden: 1024.0K(947.0M)->0.0B(945.0M) Survivors: 1024.0K->1024.0K Heap: 3575.7M(5120.0M)->3575.7M(5120.0M)]
 [Times: user=0.00 sys=0.00, real=0.00 secs] 
2016-06-26T19:51:27.720+0300: 516.957: [GC concurrent-root-region-scan-start]
2016-06-26T19:51:27.720+0300: 516.957: Total time for which application threads were stopped: 0.0036205 seconds, Stopping threads took: 0.0000577 seconds
2016-06-26T19:51:27.722+0300: 516.958: [GC concurrent-root-region-scan-end, 0.0014852 secs]
2016-06-26T19:51:27.722+0300: 516.958: [GC concurrent-mark-start]
2016-06-26T19:51:27.755+0300: 516.992: [GC concurrent-mark-end, 0.0336504 secs]
2016-06-26T19:51:27.787+0300: 517.023: [GC remark 2016-06-26T19:51:27.787+0300: 517.024: [Finalize Marking, 0.0007484 secs] 2016-06-26T19:51:27.788+0300: 517.024: [GC ref-proc, 0.0001009 secs] 2016-06-26T19:51:27.788+0300: 517.024: [Unloading, 0.0017324 secs], 0.0222145 secs]
 [Times: user=0.06 sys=0.00, real=0.02 secs] 
2016-06-26T19:51:27.809+0300: 517.046: Total time for which application threads were stopped: 0.0247851 seconds, Stopping threads took: 0.0021951 seconds
2016-06-26T19:51:27.816+0300: 517.053: [GC cleanup 3620M->3620M(5120M), 0.0022456 secs]
 [Times: user=0.00 sys=0.00, real=0.00 secs] 
2016-06-26T19:51:27.819+0300: 517.055: Total time for which application threads were stopped: 0.0027507 seconds, Stopping threads took: 0.0000654 seconds
2016-06-26T19:51:27.905+0300: 517.141: Total time for which application threads were stopped: 0.0020698 seconds, Stopping threads took: 0.0012162 seconds
2016-06-26T19:51:28.952+0300: 518.189: Total time for which application threads were stopped: 0.0066346 seconds, Stopping threads took: 0.0062861 seconds
2016-06-26T19:51:29.911+0300: 519.147: Total time for which application threads were stopped: 0.0067749 seconds, Stopping threads took: 0.0058790 seconds
2016-06-26T19:51:30.055+0300: 519.291: [GC pause (G1 Humongous Allocation) (young)
Desired survivor size 62390272 bytes, new threshold 15 (max 15)
- age   1:         40 bytes,         40 total
- age   2:      49144 bytes,      49184 total
- age   3:        200 bytes,      49384 total
- age   4:         88 bytes,      49472 total
- age   5:      37864 bytes,      87336 total
- age   7:      30080 bytes,     117416 total
- age   9:      25848 bytes,     143264 total
- age  11:      21984 bytes,     165248 total
- age  13:      23504 bytes,     188752 total
- age  15:      31448 bytes,     220200 total
, 0.0553149 secs]
   [Parallel Time: 47.0 ms, GC Workers: 4]
      [GC Worker Start (ms): Min: 519296.8, Avg: 519296.8, Max: 519296.8, Diff: 0.0]
      [Ext Root Scanning (ms): Min: 0.3, Avg: 0.3, Max: 0.3, Diff: 0.0, Sum: 1.3]
      [Update RS (ms): Min: 46.2, Avg: 46.2, Max: 46.2, Diff: 0.1, Sum: 184.8]
         [Processed Buffers: Min: 473, Avg: 488.8, Max: 500, Diff: 27, Sum: 1955]
      [Scan RS (ms): Min: 0.0, Avg: 0.0, Max: 0.0, Diff: 0.0, Sum: 0.1]
      [Code Root Scanning (ms): Min: 0.0, Avg: 0.0, Max: 0.0, Diff: 0.0, Sum: 0.1]
      [Object Copy (ms): Min: 0.4, Avg: 0.4, Max: 0.5, Diff: 0.1, Sum: 1.7]
      [Termination (ms): Min: 0.0, Avg: 0.0, Max: 0.0, Diff: 0.0, Sum: 0.0]
         [Termination Attempts: Min: 1, Avg: 1.0, Max: 1, Diff: 0, Sum: 4]
      [GC Worker Other (ms): Min: 0.0, Avg: 0.0, Max: 0.0, Diff: 0.0, Sum: 0.1]
      [GC Worker Total (ms): Min: 47.0, Avg: 47.0, Max: 47.0, Diff: 0.0, Sum: 188.0]
      [GC Worker End (ms): Min: 519343.8, Avg: 519343.8, Max: 519343.8, Diff: 0.0]
   [Code Root Fixup: 0.0 ms]
   [Code Root Purge: 0.0 ms]
   [Clear CT: 0.0 ms]
   [Other: 8.2 ms]
      [Choose CSet: 0.0 ms]
      [Ref Proc: 0.1 ms]
      [Ref Enq: 0.0 ms]
      [Redirty Cards: 0.1 ms]
      [Humongous Register: 0.7 ms]
      [Humongous Reclaim: 2.4 ms]
      [Free CSet: 0.1 ms]
   [Eden: 61.0M(945.0M)->0.0B(1186.0M) Survivors: 1024.0K->1024.0K Heap: 4982.4M(5120.0M)->3339.4M(5120.0M)]
 [Times: user=0.22 sys=0.00, real=0.05 secs] 
2016-06-26T19:51:30.110+0300: 519.347: Total time for which application threads were stopped: 0.0589423 seconds, Stopping threads took: 0.0028110 seconds
2016-06-26T19:51:30.119+0300: 519.355: [GC pause (G1 Humongous Allocation) (young) (initial-mark)
Desired survivor size 78118912 bytes, new threshold 15 (max 15)
- age   1:      43680 bytes,      43680 total
- age   3:      41360 bytes,      85040 total
- age   4:        152 bytes,      85192 total
- age   5:         16 bytes,      85208 total
- age   6:      31616 bytes,     116824 total
- age   8:      25792 bytes,     142616 total
- age  10:      23152 bytes,     165768 total
- age  12:      20632 bytes,     186400 total
- age  14:      23184 bytes,     209584 total
, 0.0035042 secs]
   [Parallel Time: 1.7 ms, GC Workers: 4]
      [GC Worker Start (ms): Min: 519356.3, Avg: 519356.3, Max: 519356.3, Diff: 0.0]
      [Ext Root Scanning (ms): Min: 0.4, Avg: 0.4, Max: 0.4, Diff: 0.0, Sum: 1.6]
      [Update RS (ms): Min: 0.8, Avg: 0.8, Max: 0.8, Diff: 0.0, Sum: 3.1]
         [Processed Buffers: Min: 8, Avg: 8.5, Max: 10, Diff: 2, Sum: 34]
      [Scan RS (ms): Min: 0.0, Avg: 0.0, Max: 0.0, Diff: 0.0, Sum: 0.0]
      [Code Root Scanning (ms): Min: 0.0, Avg: 0.0, Max: 0.0, Diff: 0.0, Sum: 0.0]
      [Object Copy (ms): Min: 0.3, Avg: 0.4, Max: 0.4, Diff: 0.1, Sum: 1.6]
      [Termination (ms): Min: 0.0, Avg: 0.0, Max: 0.0, Diff: 0.0, Sum: 0.0]
         [Termination Attempts: Min: 1, Avg: 1.0, Max: 1, Diff: 0, Sum: 4]
      [GC Worker Other (ms): Min: 0.0, Avg: 0.0, Max: 0.0, Diff: 0.0, Sum: 0.0]
      [GC Worker Total (ms): Min: 1.6, Avg: 1.6, Max: 1.6, Diff: 0.0, Sum: 6.4]
      [GC Worker End (ms): Min: 519357.9, Avg: 519357.9, Max: 519357.9, Diff: 0.0]
   [Code Root Fixup: 0.0 ms]
   [Code Root Purge: 0.0 ms]
   [Clear CT: 0.0 ms]
   [Other: 1.8 ms]
      [Choose CSet: 0.0 ms]
      [Ref Proc: 0.1 ms]
      [Ref Enq: 0.0 ms]
      [Redirty Cards: 0.0 ms]
      [Humongous Register: 0.6 ms]
      [Humongous Reclaim: 0.3 ms]
      [Free CSet: 0.0 ms]
   [Eden: 1024.0K(1186.0M)->0.0B(1182.0M) Survivors: 1024.0K->1024.0K Heap: 3343.8M(5120.0M)->3343.3M(5120.0M)]
 [Times: user=0.00 sys=0.00, real=0.00 secs] 
2016-06-26T19:51:30.122+0300: 519.359: [GC concurrent-root-region-scan-start]
2016-06-26T19:51:30.122+0300: 519.359: Total time for which application threads were stopped: 0.0040841 seconds, Stopping threads took: 0.0000748 seconds
2016-06-26T19:51:30.124+0300: 519.361: [GC concurrent-root-region-scan-end, 0.0016679 secs]
2016-06-26T19:51:30.124+0300: 519.361: [GC concurrent-mark-start]
2016-06-26T19:51:30.159+0300: 519.396: [GC concurrent-mark-end, 0.0348093 secs]
2016-06-26T19:51:30.193+0300: 519.430: [GC remark 2016-06-26T19:51:30.193+0300: 519.430: [Finalize Marking, 0.0005106 secs] 2016-06-26T19:51:30.194+0300: 519.430: [GC ref-proc, 0.0001052 secs] 2016-06-26T19:51:30.194+0300: 519.431: [Unloading, 0.0017239 secs], 0.0206245 secs]
 [Times: user=0.06 sys=0.00, real=0.02 secs] 
2016-06-26T19:51:30.214+0300: 519.451: Total time for which application threads were stopped: 0.0240829 seconds, Stopping threads took: 0.0031706 seconds
2016-06-26T19:51:30.218+0300: 519.454: [GC cleanup 3389M->3389M(5120M), 0.0022277 secs]
 [Times: user=0.00 sys=0.00, real=0.00 secs] 
2016-06-26T19:51:30.220+0300: 519.457: Total time for which application threads were stopped: 0.0026219 seconds, Stopping threads took: 0.0001133 seconds
2016-06-26T19:51:30.912+0300: 520.149: Total time for which application threads were stopped: 0.0084885 seconds, Stopping threads took: 0.0076221 seconds
2016-06-26T19:51:31.911+0300: 521.148: Total time for which application threads were stopped: 0.0070991 seconds, Stopping threads took: 0.0061822 seconds
2016-06-26T19:51:32.747+0300: 521.983: [GC pause (G1 Humongous Allocation) (young)
Desired survivor size 77594624 bytes, new threshold 15 (max 15)
- age   1:         40 bytes,         40 total
- age   2:      43656 bytes,      43696 total
- age   4:      41360 bytes,      85056 total
- age   5:        152 bytes,      85208 total
- age   6:         16 bytes,      85224 total
- age   7:      31616 bytes,     116840 total
- age   9:      25792 bytes,     142632 total
- age  11:      23152 bytes,     165784 total
- age  13:      20632 bytes,     186416 total
- age  15:      23184 bytes,     209600 total
, 0.0567861 secs]
   [Parallel Time: 49.0 ms, GC Workers: 4]
      [GC Worker Start (ms): Min: 521989.0, Avg: 521989.0, Max: 521989.0, Diff: 0.0]
      [Ext Root Scanning (ms): Min: 0.4, Avg: 0.4, Max: 0.4, Diff: 0.0, Sum: 1.5]
      [Update RS (ms): Min: 48.0, Avg: 48.1, Max: 48.1, Diff: 0.1, Sum: 192.3]
         [Processed Buffers: Min: 507, Avg: 512.8, Max: 528, Diff: 21, Sum: 2051]
      [Scan RS (ms): Min: 0.0, Avg: 0.0, Max: 0.0, Diff: 0.0, Sum: 0.0]
      [Code Root Scanning (ms): Min: 0.0, Avg: 0.0, Max: 0.0, Diff: 0.0, Sum: 0.0]
      [Object Copy (ms): Min: 0.4, Avg: 0.5, Max: 0.5, Diff: 0.1, Sum: 1.8]
      [Termination (ms): Min: 0.0, Avg: 0.0, Max: 0.0, Diff: 0.0, Sum: 0.0]
         [Termination Attempts: Min: 1, Avg: 1.0, Max: 1, Diff: 0, Sum: 4]
      [GC Worker Other (ms): Min: 0.0, Avg: 0.0, Max: 0.0, Diff: 0.0, Sum: 0.1]
      [GC Worker Total (ms): Min: 48.9, Avg: 49.0, Max: 49.0, Diff: 0.0, Sum: 195.8]
      [GC Worker End (ms): Min: 522038.0, Avg: 522038.0, Max: 522038.0, Diff: 0.0]
   [Code Root Fixup: 0.0 ms]
   [Code Root Purge: 0.0 ms]
   [Clear CT: 0.0 ms]
   [Other: 7.7 ms]
      [Choose CSet: 0.0 ms]
      [Ref Proc: 0.0 ms]
      [Ref Enq: 0.0 ms]
      [Redirty Cards: 0.0 ms]
      [Humongous Register: 0.8 ms]
      [Humongous Reclaim: 1.9 ms]
      [Free CSet: 0.1 ms]
   [Eden: 62.0M(1182.0M)->0.0B(888.0M) Survivors: 1024.0K->1024.0K Heap: 4981.5M(5120.0M)->3630.4M(5120.0M)]
 [Times: user=0.20 sys=0.00, real=0.06 secs] 
2016-06-26T19:51:32.804+0300: 522.040: Total time for which application threads were stopped: 0.0638445 seconds, Stopping threads took: 0.0062112 seconds
2016-06-26T19:51:32.811+0300: 522.047: [GC pause (G1 Humongous Allocation) (young) (initial-mark)
Desired survivor size 58720256 bytes, new threshold 15 (max 15)
- age   1:      43496 bytes,      43496 total
- age   2:         16 bytes,      43512 total
- age   3:      36056 bytes,      79568 total
- age   5:      37208 bytes,     116776 total
- age   6:        152 bytes,     116928 total
- age   7:         16 bytes,     116944 total
- age   8:      27240 bytes,     144184 total
- age  10:      23304 bytes,     167488 total
- age  12:      21944 bytes,     189432 total
- age  14:      20400 bytes,     209832 total
, 0.0035200 secs]
   [Parallel Time: 1.7 ms, GC Workers: 4]
      [GC Worker Start (ms): Min: 522048.1, Avg: 522048.1, Max: 522048.1, Diff: 0.0]
      [Ext Root Scanning (ms): Min: 0.4, Avg: 0.4, Max: 0.5, Diff: 0.0, Sum: 1.8]
      [Update RS (ms): Min: 0.8, Avg: 0.8, Max: 0.9, Diff: 0.1, Sum: 3.3]
         [Processed Buffers: Min: 7, Avg: 8.5, Max: 10, Diff: 3, Sum: 34]
      [Scan RS (ms): Min: 0.0, Avg: 0.0, Max: 0.0, Diff: 0.0, Sum: 0.0]
      [Code Root Scanning (ms): Min: 0.0, Avg: 0.0, Max: 0.0, Diff: 0.0, Sum: 0.0]
      [Object Copy (ms): Min: 0.4, Avg: 0.4, Max: 0.4, Diff: 0.1, Sum: 1.7]
      [Termination (ms): Min: 0.0, Avg: 0.0, Max: 0.0, Diff: 0.0, Sum: 0.0]
         [Termination Attempts: Min: 1, Avg: 1.0, Max: 1, Diff: 0, Sum: 4]
      [GC Worker Other (ms): Min: 0.0, Avg: 0.0, Max: 0.0, Diff: 0.0, Sum: 0.0]
      [GC Worker Total (ms): Min: 1.7, Avg: 1.7, Max: 1.7, Diff: 0.0, Sum: 6.8]
      [GC Worker End (ms): Min: 522049.8, Avg: 522049.8, Max: 522049.8, Diff: 0.0]
   [Code Root Fixup: 0.0 ms]
   [Code Root Purge: 0.0 ms]
   [Clear CT: 0.0 ms]
   [Other: 1.7 ms]
      [Choose CSet: 0.0 ms]
      [Ref Proc: 0.1 ms]
      [Ref Enq: 0.0 ms]
      [Redirty Cards: 0.1 ms]
      [Humongous Register: 0.6 ms]
      [Humongous Reclaim: 0.3 ms]
      [Free CSet: 0.0 ms]
   [Eden: 1024.0K(888.0M)->0.0B(884.0M) Survivors: 1024.0K->1024.0K Heap: 3634.8M(5120.0M)->3634.4M(5120.0M)]
 [Times: user=0.02 sys=0.00, real=0.00 secs] 
2016-06-26T19:51:32.814+0300: 522.051: [GC concurrent-root-region-scan-start]
2016-06-26T19:51:32.814+0300: 522.051: Total time for which application threads were stopped: 0.0041701 seconds, Stopping threads took: 0.0000795 seconds
2016-06-26T19:51:32.816+0300: 522.052: [GC concurrent-root-region-scan-end, 0.0015725 secs]
2016-06-26T19:51:32.816+0300: 522.052: [GC concurrent-mark-start]
2016-06-26T19:51:32.852+0300: 522.089: [GC concurrent-mark-end, 0.0362685 secs]
2016-06-26T19:51:32.865+0300: 522.101: [GC remark 2016-06-26T19:51:32.865+0300: 522.101: [Finalize Marking, 0.0004460 secs] 2016-06-26T19:51:32.865+0300: 522.102: [GC ref-proc, 0.0001159 secs] 2016-06-26T19:51:32.866+0300: 522.102: [Unloading, 0.0019475 secs], 0.0226366 secs]
 [Times: user=0.06 sys=0.00, real=0.02 secs] 
2016-06-26T19:51:32.888+0300: 522.124: Total time for which application threads were stopped: 0.0265920 seconds, Stopping threads took: 0.0035889 seconds
2016-06-26T19:51:32.892+0300: 522.129: [GC cleanup 3666M->3666M(5120M), 0.0022396 secs]
 [Times: user=0.00 sys=0.00, real=0.00 secs] 
2016-06-26T19:51:32.895+0300: 522.131: Total time for which application threads were stopped: 0.0027254 seconds, Stopping threads took: 0.0000907 seconds
2016-06-26T19:51:32.935+0300: 522.172: Total time for which application threads were stopped: 0.0040208 seconds, Stopping threads took: 0.0031116 seconds
2016-06-26T19:51:33.940+0300: 523.177: Total time for which application threads were stopped: 0.0053730 seconds, Stopping threads took: 0.0050237 seconds
2016-06-26T19:51:34.916+0300: 524.153: Total time for which application threads were stopped: 0.0109201 seconds, Stopping threads took: 0.0100178 seconds
2016-06-26T19:51:35.060+0300: 524.296: [GC pause (G1 Humongous Allocation) (young)
Desired survivor size 58195968 bytes, new threshold 15 (max 15)
- age   1:         40 bytes,         40 total
- age   2:      43472 bytes,      43512 total
- age   3:         16 bytes,      43528 total
- age   4:      36056 bytes,      79584 total
- age   6:      37208 bytes,     116792 total
- age   7:        152 bytes,     116944 total
- age   8:         16 bytes,     116960 total
- age   9:      27240 bytes,     144200 total
- age  11:      23304 bytes,     167504 total
- age  13:      21944 bytes,     189448 total
- age  15:      20400 bytes,     209848 total
, 0.0568023 secs]
   [Parallel Time: 48.5 ms, GC Workers: 4]
      [GC Worker Start (ms): Min: 524301.9, Avg: 524301.9, Max: 524301.9, Diff: 0.0]
      [Ext Root Scanning (ms): Min: 0.3, Avg: 0.3, Max: 0.3, Diff: 0.0, Sum: 1.3]
      [Update RS (ms): Min: 47.7, Avg: 47.7, Max: 47.7, Diff: 0.1, Sum: 190.8]
         [Processed Buffers: Min: 496, Avg: 505.3, Max: 509, Diff: 13, Sum: 2021]
      [Scan RS (ms): Min: 0.0, Avg: 0.0, Max: 0.0, Diff: 0.0, Sum: 0.0]
      [Code Root Scanning (ms): Min: 0.0, Avg: 0.0, Max: 0.0, Diff: 0.0, Sum: 0.1]
      [Object Copy (ms): Min: 0.4, Avg: 0.4, Max: 0.5, Diff: 0.1, Sum: 1.8]
      [Termination (ms): Min: 0.0, Avg: 0.0, Max: 0.0, Diff: 0.0, Sum: 0.0]
         [Termination Attempts: Min: 1, Avg: 1.3, Max: 2, Diff: 1, Sum: 5]
      [GC Worker Other (ms): Min: 0.0, Avg: 0.0, Max: 0.0, Diff: 0.0, Sum: 0.1]
      [GC Worker Total (ms): Min: 48.5, Avg: 48.5, Max: 48.5, Diff: 0.0, Sum: 194.0]
      [GC Worker End (ms): Min: 524350.4, Avg: 524350.4, Max: 524350.4, Diff: 0.0]
   [Code Root Fixup: 0.0 ms]
   [Code Root Purge: 0.0 ms]
   [Clear CT: 0.0 ms]
   [Other: 8.2 ms]
      [Choose CSet: 0.0 ms]
      [Ref Proc: 0.0 ms]
      [Ref Enq: 0.0 ms]
      [Redirty Cards: 0.0 ms]
      [Humongous Register: 0.8 ms]
      [Humongous Reclaim: 2.4 ms]
      [Free CSet: 0.1 ms]
   [Eden: 63.0M(884.0M)->0.0B(1308.0M) Survivors: 1024.0K->1024.0K Heap: 4982.6M(5120.0M)->3220.2M(5120.0M)]
 [Times: user=0.20 sys=0.00, real=0.06 secs] 
2016-06-26T19:51:35.117+0300: 524.353: Total time for which application threads were stopped: 0.0621056 seconds, Stopping threads took: 0.0045297 seconds
2016-06-26T19:51:35.123+0300: 524.360: [GC pause (G1 Humongous Allocation) (young) (initial-mark)
Desired survivor size 85983232 bytes, new threshold 15 (max 15)
- age   1:      43208 bytes,      43208 total
- age   2:         16 bytes,      43224 total
- age   3:      35184 bytes,      78408 total
- age   4:         16 bytes,      78424 total
- age   5:      30040 bytes,     108464 total
- age   7:      32528 bytes,     140992 total
- age  10:      24024 bytes,     165016 total
- age  12:      21680 bytes,     186696 total
- age  14:      21568 bytes,     208264 total
, 0.0034477 secs]
   [Parallel Time: 1.7 ms, GC Workers: 4]
      [GC Worker Start (ms): Min: 524361.0, Avg: 524361.0, Max: 524361.0, Diff: 0.0]
      [Ext Root Scanning (ms): Min: 0.4, Avg: 0.4, Max: 0.4, Diff: 0.0, Sum: 1.6]
      [Update RS (ms): Min: 0.8, Avg: 0.8, Max: 0.8, Diff: 0.1, Sum: 3.2]
         [Processed Buffers: Min: 8, Avg: 8.5, Max: 9, Diff: 1, Sum: 34]
      [Scan RS (ms): Min: 0.0, Avg: 0.0, Max: 0.0, Diff: 0.0, Sum: 0.0]
      [Code Root Scanning (ms): Min: 0.0, Avg: 0.0, Max: 0.0, Diff: 0.0, Sum: 0.0]
      [Object Copy (ms): Min: 0.4, Avg: 0.4, Max: 0.5, Diff: 0.1, Sum: 1.6]
      [Termination (ms): Min: 0.0, Avg: 0.0, Max: 0.0, Diff: 0.0, Sum: 0.0]
         [Termination Attempts: Min: 1, Avg: 1.0, Max: 1, Diff: 0, Sum: 4]
      [GC Worker Other (ms): Min: 0.0, Avg: 0.0, Max: 0.0, Diff: 0.0, Sum: 0.0]
      [GC Worker Total (ms): Min: 1.6, Avg: 1.6, Max: 1.6, Diff: 0.0, Sum: 6.5]
      [GC Worker End (ms): Min: 524362.6, Avg: 524362.6, Max: 524362.6, Diff: 0.0]
   [Code Root Fixup: 0.0 ms]
   [Code Root Purge: 0.0 ms]
   [Clear CT: 0.0 ms]
   [Other: 1.7 ms]
      [Choose CSet: 0.0 ms]
      [Ref Proc: 0.0 ms]
      [Ref Enq: 0.0 ms]
      [Redirty Cards: 0.0 ms]
      [Humongous Register: 0.6 ms]
      [Humongous Reclaim: 0.3 ms]
      [Free CSet: 0.0 ms]
   [Eden: 1024.0K(1308.0M)->0.0B(1304.0M) Survivors: 1024.0K->1024.0K Heap: 3224.7M(5120.0M)->3224.3M(5120.0M)]
 [Times: user=0.00 sys=0.00, real=0.00 secs] 
2016-06-26T19:51:35.127+0300: 524.364: [GC concurrent-root-region-scan-start]
2016-06-26T19:51:35.127+0300: 524.364: Total time for which application threads were stopped: 0.0040259 seconds, Stopping threads took: 0.0000868 seconds
2016-06-26T19:51:35.129+0300: 524.365: [GC concurrent-root-region-scan-end, 0.0015182 secs]
2016-06-26T19:51:35.129+0300: 524.365: [GC concurrent-mark-start]
2016-06-26T19:51:35.161+0300: 524.397: [GC concurrent-mark-end, 0.0321301 secs]
2016-06-26T19:51:35.168+0300: 524.404: [GC remark 2016-06-26T19:51:35.168+0300: 524.404: [Finalize Marking, 0.0002857 secs] 2016-06-26T19:51:35.168+0300: 524.405: [GC ref-proc, 0.0001061 secs] 2016-06-26T19:51:35.168+0300: 524.405: [Unloading, 0.0017170 secs], 0.0198256 secs]
 [Times: user=0.13 sys=0.00, real=0.02 secs] 
2016-06-26T19:51:35.188+0300: 524.424: Total time for which application threads were stopped: 0.0214135 seconds, Stopping threads took: 0.0013309 seconds
2016-06-26T19:51:35.228+0300: 524.464: [GC cleanup 3271M->3271M(5120M), 0.0023299 secs]
 [Times: user=0.00 sys=0.00, real=0.00 secs] 
2016-06-26T19:51:35.230+0300: 524.467: Total time for which application threads were stopped: 0.0030205 seconds, Stopping threads took: 0.0004234 seconds
2016-06-26T19:51:35.908+0300: 525.145: Total time for which application threads were stopped: 0.0030432 seconds, Stopping threads took: 0.0022277 seconds
2016-06-26T19:51:36.913+0300: 526.150: Total time for which application threads were stopped: 0.0049864 seconds, Stopping threads took: 0.0046563 seconds
2016-06-26T19:51:37.911+0300: 527.147: Total time for which application threads were stopped: 0.0050305 seconds, Stopping threads took: 0.0040593 seconds
2016-06-26T19:51:38.008+0300: 527.245: [GC pause (G1 Humongous Allocation) (young)
Desired survivor size 85983232 bytes, new threshold 15 (max 15)
- age   1:         40 bytes,         40 total
- age   2:      43184 bytes,      43224 total
- age   3:         16 bytes,      43240 total
- age   4:      35184 bytes,      78424 total
- age   5:         16 bytes,      78440 total
- age   6:      30040 bytes,     108480 total
- age   8:      32528 bytes,     141008 total
- age  11:      24024 bytes,     165032 total
- age  13:      21680 bytes,     186712 total
- age  15:      21568 bytes,     208280 total
, 0.0650787 secs]
   [Parallel Time: 57.0 ms, GC Workers: 4]
      [GC Worker Start (ms): Min: 527250.8, Avg: 527258.6, Max: 527282.1, Diff: 31.4]
      [Ext Root Scanning (ms): Min: 0.0, Avg: 0.3, Max: 0.4, Diff: 0.4, Sum: 1.2]
      [Update RS (ms): Min: 25.1, Avg: 48.3, Max: 56.0, Diff: 31.0, Sum: 193.1]
         [Processed Buffers: Min: 289, Avg: 514.3, Max: 600, Diff: 311, Sum: 2057]
      [Scan RS (ms): Min: 0.0, Avg: 0.0, Max: 0.0, Diff: 0.0, Sum: 0.0]
      [Code Root Scanning (ms): Min: 0.0, Avg: 0.0, Max: 0.0, Diff: 0.0, Sum: 0.1]
      [Object Copy (ms): Min: 0.4, Avg: 0.5, Max: 0.5, Diff: 0.1, Sum: 1.8]
      [Termination (ms): Min: 0.0, Avg: 0.0, Max: 0.0, Diff: 0.0, Sum: 0.0]
         [Termination Attempts: Min: 1, Avg: 1.0, Max: 1, Diff: 0, Sum: 4]
      [GC Worker Other (ms): Min: 0.0, Avg: 0.0, Max: 0.0, Diff: 0.0, Sum: 0.1]
      [GC Worker Total (ms): Min: 25.6, Avg: 49.1, Max: 56.9, Diff: 31.4, Sum: 196.3]
      [GC Worker End (ms): Min: 527307.7, Avg: 527307.7, Max: 527307.7, Diff: 0.0]
   [Code Root Fixup: 0.0 ms]
   [Code Root Purge: 0.0 ms]
   [Clear CT: 0.0 ms]
   [Other: 8.1 ms]
      [Choose CSet: 0.0 ms]
      [Ref Proc: 0.1 ms]
      [Ref Enq: 0.0 ms]
      [Redirty Cards: 0.0 ms]
      [Humongous Register: 0.8 ms]
      [Humongous Reclaim: 2.2 ms]
      [Free CSet: 0.1 ms]
   [Eden: 64.0M(1304.0M)->0.0B(1040.0M) Survivors: 1024.0K->1024.0K Heap: 4981.6M(5120.0M)->3482.0M(5120.0M)]
 [Times: user=0.17 sys=0.00, real=0.07 secs] 
2016-06-26T19:51:38.074+0300: 527.310: Total time for which application threads were stopped: 0.0665618 seconds, Stopping threads took: 0.0007292 seconds
2016-06-26T19:51:38.077+0300: 527.313: [GC pause (G1 Humongous Allocation) (young) (initial-mark)
Desired survivor size 68681728 bytes, new threshold 15 (max 15)
- age   1:      46728 bytes,      46728 total
- age   2:         16 bytes,      46744 total
- age   3:      35104 bytes,      81848 total
- age   4:         16 bytes,      81864 total
- age   5:      29168 bytes,     111032 total
- age   6:         16 bytes,     111048 total
- age   7:      25360 bytes,     136408 total
- age   9:      30536 bytes,     166944 total
- age  12:      22944 bytes,     189888 total
- age  14:      21592 bytes,     211480 total
, 0.0035683 secs]
   [Parallel Time: 1.7 ms, GC Workers: 4]
      [GC Worker Start (ms): Min: 527314.2, Avg: 527314.3, Max: 527314.6, Diff: 0.3]
      [Ext Root Scanning (ms): Min: 0.2, Avg: 0.4, Max: 0.5, Diff: 0.3, Sum: 1.5]
      [Update RS (ms): Min: 0.8, Avg: 0.8, Max: 0.8, Diff: 0.1, Sum: 3.2]
         [Processed Buffers: Min: 8, Avg: 8.5, Max: 9, Diff: 1, Sum: 34]
      [Scan RS (ms): Min: 0.0, Avg: 0.0, Max: 0.0, Diff: 0.0, Sum: 0.0]
      [Code Root Scanning (ms): Min: 0.0, Avg: 0.0, Max: 0.0, Diff: 0.0, Sum: 0.0]
      [Object Copy (ms): Min: 0.4, Avg: 0.4, Max: 0.5, Diff: 0.1, Sum: 1.6]
      [Termination (ms): Min: 0.0, Avg: 0.0, Max: 0.0, Diff: 0.0, Sum: 0.0]
         [Termination Attempts: Min: 1, Avg: 1.0, Max: 1, Diff: 0, Sum: 4]
      [GC Worker Other (ms): Min: 0.0, Avg: 0.0, Max: 0.0, Diff: 0.0, Sum: 0.0]
      [GC Worker Total (ms): Min: 1.4, Avg: 1.6, Max: 1.7, Diff: 0.3, Sum: 6.4]
      [GC Worker End (ms): Min: 527315.9, Avg: 527315.9, Max: 527315.9, Diff: 0.0]
   [Code Root Fixup: 0.0 ms]
   [Code Root Purge: 0.0 ms]
   [Clear CT: 0.0 ms]
   [Other: 1.8 ms]
      [Choose CSet: 0.0 ms]
      [Ref Proc: 0.0 ms]
      [Ref Enq: 0.0 ms]
      [Redirty Cards: 0.0 ms]
      [Humongous Register: 0.6 ms]
      [Humongous Reclaim: 0.3 ms]
      [Free CSet: 0.1 ms]
   [Eden: 1024.0K(1040.0M)->0.0B(1036.0M) Survivors: 1024.0K->1024.0K Heap: 3486.4M(5120.0M)->3486.0M(5120.0M)]
 [Times: user=0.00 sys=0.00, real=0.00 secs] 
2016-06-26T19:51:38.080+0300: 527.317: [GC concurrent-root-region-scan-start]
2016-06-26T19:51:38.080+0300: 527.317: Total time for which application threads were stopped: 0.0040653 seconds, Stopping threads took: 0.0000633 seconds
2016-06-26T19:51:38.082+0300: 527.318: [GC concurrent-root-region-scan-end, 0.0014686 secs]
2016-06-26T19:51:38.082+0300: 527.319: [GC concurrent-mark-start]
2016-06-26T19:51:38.121+0300: 527.358: [GC concurrent-mark-end, 0.0389268 secs]
2016-06-26T19:51:38.128+0300: 527.365: [GC remark 2016-06-26T19:51:38.128+0300: 527.365: [Finalize Marking, 0.0003738 secs] 2016-06-26T19:51:38.128+0300: 527.365: [GC ref-proc, 0.0001048 secs] 2016-06-26T19:51:38.128+0300: 527.365: [Unloading, 0.0017046 secs], 0.0213588 secs]
 [Times: user=0.06 sys=0.00, real=0.02 secs] 
2016-06-26T19:51:38.149+0300: 527.386: Total time for which application threads were stopped: 0.0232122 seconds, Stopping threads took: 0.0015913 seconds
2016-06-26T19:51:38.209+0300: 527.445: [GC cleanup 3553M->3553M(5120M), 0.0022875 secs]
 [Times: user=0.00 sys=0.00, real=0.00 secs] 
2016-06-26T19:51:38.211+0300: 527.448: Total time for which application threads were stopped: 0.0042513 seconds, Stopping threads took: 0.0016533 seconds
2016-06-26T19:51:38.914+0300: 528.151: Total time for which application threads were stopped: 0.0082768 seconds, Stopping threads took: 0.0074673 seconds
2016-06-26T19:51:39.911+0300: 529.147: Total time for which application threads were stopped: 0.0044698 seconds, Stopping threads took: 0.0035577 seconds
2016-06-26T19:51:40.524+0300: 529.760: [GC pause (G1 Humongous Allocation) (young)
Desired survivor size 68157440 bytes, new threshold 15 (max 15)
- age   1:         40 bytes,         40 total
- age   2:      46704 bytes,      46744 total
- age   3:         16 bytes,      46760 total
- age   4:      35104 bytes,      81864 total
- age   5:         16 bytes,      81880 total
- age   6:      29168 bytes,     111048 total
- age   7:         16 bytes,     111064 total
- age   8:      25360 bytes,     136424 total
- age  10:      30536 bytes,     166960 total
- age  13:      22944 bytes,     189904 total
- age  15:      21592 bytes,     211496 total
, 0.0571128 secs]
   [Parallel Time: 49.2 ms, GC Workers: 4]
      [GC Worker Start (ms): Min: 529765.8, Avg: 529765.8, Max: 529765.8, Diff: 0.0]
      [Ext Root Scanning (ms): Min: 0.4, Avg: 0.4, Max: 0.4, Diff: 0.0, Sum: 1.5]
      [Update RS (ms): Min: 48.3, Avg: 48.3, Max: 48.4, Diff: 0.0, Sum: 193.4]
         [Processed Buffers: Min: 503, Avg: 513.0, Max: 524, Diff: 21, Sum: 2052]
      [Scan RS (ms): Min: 0.0, Avg: 0.0, Max: 0.0, Diff: 0.0, Sum: 0.1]
      [Code Root Scanning (ms): Min: 0.0, Avg: 0.0, Max: 0.0, Diff: 0.0, Sum: 0.0]
      [Object Copy (ms): Min: 0.4, Avg: 0.5, Max: 0.5, Diff: 0.0, Sum: 1.8]
      [Termination (ms): Min: 0.0, Avg: 0.0, Max: 0.0, Diff: 0.0, Sum: 0.0]
         [Termination Attempts: Min: 1, Avg: 1.0, Max: 1, Diff: 0, Sum: 4]
      [GC Worker Other (ms): Min: 0.0, Avg: 0.0, Max: 0.0, Diff: 0.0, Sum: 0.0]
      [GC Worker Total (ms): Min: 49.2, Avg: 49.2, Max: 49.2, Diff: 0.0, Sum: 196.8]
      [GC Worker End (ms): Min: 529815.0, Avg: 529815.0, Max: 529815.0, Diff: 0.0]
   [Code Root Fixup: 0.0 ms]
   [Code Root Purge: 0.0 ms]
   [Clear CT: 0.0 ms]
   [Other: 7.8 ms]
      [Choose CSet: 0.0 ms]
      [Ref Proc: 0.0 ms]
      [Ref Enq: 0.0 ms]
      [Redirty Cards: 0.0 ms]
      [Humongous Register: 0.7 ms]
      [Humongous Reclaim: 2.0 ms]
      [Free CSet: 0.1 ms]
   [Eden: 62.0M(1036.0M)->0.0B(1038.0M) Survivors: 1024.0K->1024.0K Heap: 4981.1M(5120.0M)->3484.0M(5120.0M)]
 [Times: user=0.25 sys=0.00, real=0.06 secs] 
2016-06-26T19:51:40.581+0300: 529.817: Total time for which application threads were stopped: 0.0616908 seconds, Stopping threads took: 0.0037484 seconds
2016-06-26T19:51:40.583+0300: 529.820: [GC pause (G1 Humongous Allocation) (young) (initial-mark)
Desired survivor size 68157440 bytes, new threshold 15 (max 15)
- age   1:      42168 bytes,      42168 total
- age   2:         16 bytes,      42184 total
- age   3:      38216 bytes,      80400 total
- age   4:         16 bytes,      80416 total
- age   5:      29432 bytes,     109848 total
- age   7:      25264 bytes,     135112 total
- age   9:      23376 bytes,     158488 total
- age  11:      29624 bytes,     188112 total
- age  14:      22704 bytes,     210816 total
, 0.0036222 secs]
   [Parallel Time: 1.7 ms, GC Workers: 4]
      [GC Worker Start (ms): Min: 529820.9, Avg: 529820.9, Max: 529820.9, Diff: 0.0]
      [Ext Root Scanning (ms): Min: 0.4, Avg: 0.4, Max: 0.4, Diff: 0.0, Sum: 1.7]
      [Update RS (ms): Min: 0.8, Avg: 0.8, Max: 0.9, Diff: 0.1, Sum: 3.3]
         [Processed Buffers: Min: 8, Avg: 8.5, Max: 9, Diff: 1, Sum: 34]
      [Scan RS (ms): Min: 0.0, Avg: 0.0, Max: 0.0, Diff: 0.0, Sum: 0.0]
      [Code Root Scanning (ms): Min: 0.0, Avg: 0.0, Max: 0.0, Diff: 0.0, Sum: 0.0]
      [Object Copy (ms): Min: 0.3, Avg: 0.4, Max: 0.5, Diff: 0.1, Sum: 1.7]
      [Termination (ms): Min: 0.0, Avg: 0.0, Max: 0.0, Diff: 0.0, Sum: 0.0]
         [Termination Attempts: Min: 1, Avg: 1.0, Max: 1, Diff: 0, Sum: 4]
      [GC Worker Other (ms): Min: 0.0, Avg: 0.0, Max: 0.0, Diff: 0.0, Sum: 0.0]
      [GC Worker Total (ms): Min: 1.7, Avg: 1.7, Max: 1.7, Diff: 0.0, Sum: 6.8]
      [GC Worker End (ms): Min: 529822.6, Avg: 529822.6, Max: 529822.6, Diff: 0.0]
   [Code Root Fixup: 0.0 ms]
   [Code Root Purge: 0.0 ms]
   [Clear CT: 0.0 ms]
   [Other: 1.8 ms]
      [Choose CSet: 0.0 ms]
      [Ref Proc: 0.1 ms]
      [Ref Enq: 0.0 ms]
      [Redirty Cards: 0.0 ms]
      [Humongous Register: 0.6 ms]
      [Humongous Reclaim: 0.3 ms]
      [Free CSet: 0.0 ms]
   [Eden: 1024.0K(1038.0M)->0.0B(1034.0M) Survivors: 1024.0K->1024.0K Heap: 3488.4M(5120.0M)->3487.9M(5120.0M)]
 [Times: user=0.00 sys=0.00, real=0.00 secs] 
2016-06-26T19:51:40.587+0300: 2016-06-26T19:51:40.587+0300: 529.824: 529.824: [GC concurrent-root-region-scan-start]
Total time for which application threads were stopped: 0.0042936 seconds, Stopping threads took: 0.0000710 seconds
2016-06-26T19:51:40.589+0300: 529.825: [GC concurrent-root-region-scan-end, 0.0014626 secs]
2016-06-26T19:51:40.589+0300: 529.825: [GC concurrent-mark-start]
2016-06-26T19:51:40.628+0300: 529.865: [GC concurrent-mark-end, 0.0394494 secs]
2016-06-26T19:51:40.653+0300: 529.889: [GC remark 2016-06-26T19:51:40.653+0300: 529.889: [Finalize Marking, 0.0004259 secs] 2016-06-26T19:51:40.653+0300: 529.890: [GC ref-proc, 0.0001014 secs] 2016-06-26T19:51:40.654+0300: 529.890: [Unloading, 0.0018141 secs], 0.0214691 secs]
 [Times: user=0.13 sys=0.00, real=0.02 secs] 
2016-06-26T19:51:40.674+0300: 529.911: Total time for which application threads were stopped: 0.0227127 seconds, Stopping threads took: 0.0008823 seconds
2016-06-26T19:51:40.910+0300: 530.146: Total time for which application threads were stopped: 0.0028075 seconds, Stopping threads took: 0.0019899 seconds
2016-06-26T19:51:41.067+0300: 530.304: [GC cleanup 3779M->3779M(5120M), 0.0022614 secs]
 [Times: user=0.00 sys=0.00, real=0.00 secs] 
2016-06-26T19:51:41.069+0300: 530.306: Total time for which application threads were stopped: 0.0040687 seconds, Stopping threads took: 0.0014840 seconds
2016-06-26T19:51:42.125+0300: 531.361: Total time for which application threads were stopped: 0.0040584 seconds, Stopping threads took: 0.0036860 seconds
2016-06-26T19:51:42.913+0300: 532.149: Total time for which application threads were stopped: 0.0055659 seconds, Stopping threads took: 0.0046901 seconds
2016-06-26T19:51:43.026+0300: 532.263: [GC pause (G1 Humongous Allocation) (young)
Desired survivor size 68157440 bytes, new threshold 15 (max 15)
- age   1:         40 bytes,         40 total
- age   2:      42144 bytes,      42184 total
- age   3:         16 bytes,      42200 total
- age   4:      38216 bytes,      80416 total
- age   5:         16 bytes,      80432 total
- age   6:      29432 bytes,     109864 total
- age   8:      25264 bytes,     135128 total
- age  10:      23376 bytes,     158504 total
- age  12:      29624 bytes,     188128 total
- age  15:      22704 bytes,     210832 total
, 0.0571538 secs]
   [Parallel Time: 48.8 ms, GC Workers: 4]
      [GC Worker Start (ms): Min: 532268.7, Avg: 532269.0, Max: 532269.7, Diff: 0.9]
      [Ext Root Scanning (ms): Min: 0.0, Avg: 0.3, Max: 0.4, Diff: 0.4, Sum: 1.3]
      [Update RS (ms): Min: 47.1, Avg: 47.4, Max: 47.5, Diff: 0.4, Sum: 189.6]
         [Processed Buffers: Min: 476, Avg: 501.0, Max: 512, Diff: 36, Sum: 2004]
      [Scan RS (ms): Min: 0.0, Avg: 0.0, Max: 0.0, Diff: 0.0, Sum: 0.0]
      [Code Root Scanning (ms): Min: 0.0, Avg: 0.0, Max: 0.0, Diff: 0.0, Sum: 0.0]
      [Object Copy (ms): Min: 0.7, Avg: 0.8, Max: 0.8, Diff: 0.1, Sum: 3.1]
      [Termination (ms): Min: 0.0, Avg: 0.0, Max: 0.0, Diff: 0.0, Sum: 0.0]
         [Termination Attempts: Min: 1, Avg: 1.0, Max: 1, Diff: 0, Sum: 4]
      [GC Worker Other (ms): Min: 0.0, Avg: 0.0, Max: 0.0, Diff: 0.0, Sum: 0.1]
      [GC Worker Total (ms): Min: 47.9, Avg: 48.6, Max: 48.8, Diff: 0.9, Sum: 194.2]
      [GC Worker End (ms): Min: 532317.5, Avg: 532317.5, Max: 532317.5, Diff: 0.0]
   [Code Root Fixup: 0.0 ms]
   [Code Root Purge: 0.0 ms]
   [Clear CT: 0.0 ms]
   [Other: 8.3 ms]
      [Choose CSet: 0.0 ms]
      [Ref Proc: 0.0 ms]
      [Ref Enq: 0.0 ms]
      [Redirty Cards: 0.0 ms]
      [Humongous Register: 0.8 ms]
      [Humongous Reclaim: 2.3 ms]
      [Free CSet: 0.1 ms]
   [Eden: 62.0M(1034.0M)->0.0B(1218.0M) Survivors: 1024.0K->1024.0K Heap: 4981.6M(5120.0M)->3308.5M(5120.0M)]
 [Times: user=0.20 sys=0.00, real=0.06 secs] 
2016-06-26T19:51:43.084+0300: 532.321: Total time for which application threads were stopped: 0.0607064 seconds, Stopping threads took: 0.0027297 seconds
2016-06-26T19:51:43.094+0300: 532.330: [GC pause (G1 Humongous Allocation) (young) (initial-mark)
Desired survivor size 80216064 bytes, new threshold 15 (max 15)
- age   1:     242776 bytes,     242776 total
- age   2:         16 bytes,     242792 total
- age   3:      34536 bytes,     277328 total
- age   4:         16 bytes,     277344 total
- age   5:      32152 bytes,     309496 total
- age   6:         16 bytes,     309512 total
- age   7:      24960 bytes,     334472 total
- age   9:      22656 bytes,     357128 total
- age  11:      22088 bytes,     379216 total
- age  13:      29136 bytes,     408352 total
, 0.0034272 secs]
   [Parallel Time: 1.6 ms, GC Workers: 4]
      [GC Worker Start (ms): Min: 532331.4, Avg: 532331.4, Max: 532331.4, Diff: 0.0]
      [Ext Root Scanning (ms): Min: 0.4, Avg: 0.4, Max: 0.4, Diff: 0.0, Sum: 1.6]
      [Update RS (ms): Min: 0.4, Avg: 0.4, Max: 0.5, Diff: 0.1, Sum: 1.6]
         [Processed Buffers: Min: 4, Avg: 4.5, Max: 5, Diff: 1, Sum: 18]
      [Scan RS (ms): Min: 0.0, Avg: 0.0, Max: 0.0, Diff: 0.0, Sum: 0.0]
      [Code Root Scanning (ms): Min: 0.0, Avg: 0.0, Max: 0.0, Diff: 0.0, Sum: 0.0]
      [Object Copy (ms): Min: 0.7, Avg: 0.7, Max: 0.7, Diff: 0.1, Sum: 2.9]
      [Termination (ms): Min: 0.0, Avg: 0.0, Max: 0.0, Diff: 0.0, Sum: 0.0]
         [Termination Attempts: Min: 1, Avg: 1.0, Max: 1, Diff: 0, Sum: 4]
      [GC Worker Other (ms): Min: 0.0, Avg: 0.0, Max: 0.0, Diff: 0.0, Sum: 0.0]
      [GC Worker Total (ms): Min: 1.5, Avg: 1.6, Max: 1.6, Diff: 0.0, Sum: 6.2]
      [GC Worker End (ms): Min: 532333.0, Avg: 532333.0, Max: 532333.0, Diff: 0.0]
   [Code Root Fixup: 0.0 ms]
   [Code Root Purge: 0.0 ms]
   [Clear CT: 0.0 ms]
   [Other: 1.8 ms]
      [Choose CSet: 0.0 ms]
      [Ref Proc: 0.0 ms]
      [Ref Enq: 0.0 ms]
      [Redirty Cards: 0.2 ms]
      [Humongous Register: 0.6 ms]
      [Humongous Reclaim: 0.3 ms]
      [Free CSet: 0.0 ms]
   [Eden: 1024.0K(1218.0M)->0.0B(1216.0M) Survivors: 1024.0K->1024.0K Heap: 3310.9M(5120.0M)->3310.6M(5120.0M)]
 [Times: user=0.00 sys=0.00, real=0.00 secs] 
2016-06-26T19:51:43.097+0300: 532.334: [GC concurrent-root-region-scan-start]
2016-06-26T19:51:43.097+0300: 532.334: Total time for which application threads were stopped: 0.0039665 seconds, Stopping threads took: 0.0000727 seconds
2016-06-26T19:51:43.099+0300: 532.336: [GC concurrent-root-region-scan-end, 0.0019946 secs]
2016-06-26T19:51:43.099+0300: 532.336: [GC concurrent-mark-start]
2016-06-26T19:51:43.134+0300: 532.371: [GC concurrent-mark-end, 0.0348264 secs]
2016-06-26T19:51:43.147+0300: 532.384: [GC remark 2016-06-26T19:51:43.147+0300: 532.384: [Finalize Marking, 0.0003964 secs] 2016-06-26T19:51:43.147+0300: 532.384: [GC ref-proc, 0.0001031 secs] 2016-06-26T19:51:43.147+0300: 532.384: [Unloading, 0.0017602 secs], 0.0204128 secs]
 [Times: user=0.06 sys=0.00, real=0.02 secs] 
2016-06-26T19:51:43.167+0300: 532.404: Total time for which application threads were stopped: 0.0259385 seconds, Stopping threads took: 0.0052593 seconds
2016-06-26T19:51:43.170+0300: 532.407: [GC cleanup 3339M->3339M(5120M), 0.0022225 secs]
 [Times: user=0.00 sys=0.00, real=0.00 secs] 
2016-06-26T19:51:43.173+0300: 532.409: Total time for which application threads were stopped: 0.0026643 seconds, Stopping threads took: 0.0001026 seconds
2016-06-26T19:51:44.178+0300: 533.415: Total time for which application threads were stopped: 0.0053363 seconds, Stopping threads took: 0.0049663 seconds
2016-06-26T19:51:45.191+0300: 534.428: Total time for which application threads were stopped: 0.0132975 seconds, Stopping threads took: 0.0130015 seconds
2016-06-26T19:51:45.269+0300: 534.505: Total time for which application threads were stopped: 0.0058191 seconds, Stopping threads took: 0.0052302 seconds
2016-06-26T19:51:45.806+0300: 535.043: [GC pause (G1 Humongous Allocation) (young)
Desired survivor size 80216064 bytes, new threshold 15 (max 15)
- age   1:         40 bytes,         40 total
- age   2:     242728 bytes,     242768 total
- age   3:         16 bytes,     242784 total
- age   4:      34536 bytes,     277320 total
- age   5:         16 bytes,     277336 total
- age   6:      32152 bytes,     309488 total
- age   7:         16 bytes,     309504 total
- age   8:      24960 bytes,     334464 total
- age  10:      22656 bytes,     357120 total
- age  12:      22088 bytes,     379208 total
- age  14:      29136 bytes,     408344 total
, 0.0571761 secs]
   [Parallel Time: 49.3 ms, GC Workers: 4]
      [GC Worker Start (ms): Min: 535048.5, Avg: 535048.5, Max: 535048.5, Diff: 0.0]
      [Ext Root Scanning (ms): Min: 0.4, Avg: 0.4, Max: 0.4, Diff: 0.0, Sum: 1.5]
      [Update RS (ms): Min: 48.3, Avg: 48.4, Max: 48.4, Diff: 0.1, Sum: 193.5]
         [Processed Buffers: Min: 514, Avg: 517.3, Max: 526, Diff: 12, Sum: 2069]
      [Scan RS (ms): Min: 0.0, Avg: 0.0, Max: 0.0, Diff: 0.0, Sum: 0.0]
      [Code Root Scanning (ms): Min: 0.0, Avg: 0.0, Max: 0.0, Diff: 0.0, Sum: 0.0]
      [Object Copy (ms): Min: 0.4, Avg: 0.4, Max: 0.5, Diff: 0.0, Sum: 1.8]
      [Termination (ms): Min: 0.0, Avg: 0.0, Max: 0.0, Diff: 0.0, Sum: 0.0]
         [Termination Attempts: Min: 1, Avg: 1.3, Max: 2, Diff: 1, Sum: 5]
      [GC Worker Other (ms): Min: 0.0, Avg: 0.0, Max: 0.0, Diff: 0.0, Sum: 0.1]
      [GC Worker Total (ms): Min: 49.2, Avg: 49.2, Max: 49.2, Diff: 0.0, Sum: 196.9]
      [GC Worker End (ms): Min: 535097.7, Avg: 535097.7, Max: 535097.7, Diff: 0.0]
   [Code Root Fixup: 0.0 ms]
   [Code Root Purge: 0.0 ms]
   [Clear CT: 0.0 ms]
   [Other: 7.8 ms]
      [Choose CSet: 0.0 ms]
      [Ref Proc: 0.1 ms]
      [Ref Enq: 0.0 ms]
      [Redirty Cards: 0.0 ms]
      [Humongous Register: 0.8 ms]
      [Humongous Reclaim: 1.9 ms]
      [Free CSet: 0.1 ms]
   [Eden: 64.0M(1216.0M)->0.0B(920.0M) Survivors: 1024.0K->1024.0K Heap: 4981.9M(5120.0M)->3599.2M(5120.0M)]
 [Times: user=0.20 sys=0.00, real=0.06 secs] 
2016-06-26T19:51:45.864+0300: 535.100: Total time for which application threads were stopped: 0.0628335 seconds, Stopping threads took: 0.0047021 seconds
2016-06-26T19:51:45.866+0300: 535.102: [GC pause (G1 Humongous Allocation) (young) (initial-mark)
Desired survivor size 60817408 bytes, new threshold 15 (max 15)
- age   1:      42704 bytes,      42704 total
- age   2:         16 bytes,      42720 total
- age   3:      35040 bytes,      77760 total
- age   4:         16 bytes,      77776 total
- age   5:      29776 bytes,     107552 total
- age   6:         16 bytes,     107568 total
- age   7:      27584 bytes,     135152 total
- age   8:         16 bytes,     135168 total
- age   9:      23040 bytes,     158208 total
- age  11:      22016 bytes,     180224 total
- age  13:      21952 bytes,     202176 total
- age  15:      29080 bytes,     231256 total
, 0.0035098 secs]
   [Parallel Time: 1.7 ms, GC Workers: 4]
      [GC Worker Start (ms): Min: 535103.4, Avg: 535103.4, Max: 535103.4, Diff: 0.0]
      [Ext Root Scanning (ms): Min: 0.4, Avg: 0.4, Max: 0.4, Diff: 0.0, Sum: 1.7]
      [Update RS (ms): Min: 0.7, Avg: 0.8, Max: 0.8, Diff: 0.1, Sum: 3.1]
         [Processed Buffers: Min: 8, Avg: 8.5, Max: 10, Diff: 2, Sum: 34]
      [Scan RS (ms): Min: 0.0, Avg: 0.0, Max: 0.0, Diff: 0.0, Sum: 0.0]
      [Code Root Scanning (ms): Min: 0.0, Avg: 0.0, Max: 0.0, Diff: 0.0, Sum: 0.0]
      [Object Copy (ms): Min: 0.4, Avg: 0.5, Max: 0.5, Diff: 0.1, Sum: 1.8]
      [Termination (ms): Min: 0.0, Avg: 0.0, Max: 0.0, Diff: 0.0, Sum: 0.0]
         [Termination Attempts: Min: 1, Avg: 1.0, Max: 1, Diff: 0, Sum: 4]
      [GC Worker Other (ms): Min: 0.0, Avg: 0.0, Max: 0.0, Diff: 0.0, Sum: 0.0]
      [GC Worker Total (ms): Min: 1.7, Avg: 1.7, Max: 1.7, Diff: 0.0, Sum: 6.7]
      [GC Worker End (ms): Min: 535105.1, Avg: 535105.1, Max: 535105.1, Diff: 0.0]
   [Code Root Fixup: 0.0 ms]
   [Code Root Purge: 0.0 ms]
   [Clear CT: 0.0 ms]
   [Other: 1.7 ms]
      [Choose CSet: 0.0 ms]
      [Ref Proc: 0.0 ms]
      [Ref Enq: 0.0 ms]
      [Redirty Cards: 0.0 ms]
      [Humongous Register: 0.6 ms]
      [Humongous Reclaim: 0.3 ms]
      [Free CSet: 0.0 ms]
   [Eden: 1024.0K(920.0M)->0.0B(916.0M) Survivors: 1024.0K->1024.0K Heap: 3603.6M(5120.0M)->3603.1M(5120.0M)]
 [Times: user=0.00 sys=0.00, real=0.00 secs] 
2016-06-26T19:51:45.869+0300: 535.106: [GC concurrent-root-region-scan-start]
2016-06-26T19:51:45.869+0300: 535.106: Total time for which application threads were stopped: 0.0041367 seconds, Stopping threads took: 0.0000872 seconds
2016-06-26T19:51:45.871+0300: 535.108: [GC concurrent-root-region-scan-end, 0.0015207 secs]
2016-06-26T19:51:45.871+0300: 535.108: [GC concurrent-mark-start]
2016-06-26T19:51:45.904+0300: 535.140: [GC concurrent-mark-end, 0.0327014 secs]
2016-06-26T19:51:45.947+0300: 535.184: [GC remark 2016-06-26T19:51:45.947+0300: 535.184: [Finalize Marking, 0.0002805 secs] 2016-06-26T19:51:45.948+0300: 535.184: [GC ref-proc, 0.0001014 secs] 2016-06-26T19:51:45.948+0300: 535.184: [Unloading, 0.0016324 secs], 0.0218326 secs]
 [Times: user=0.13 sys=0.00, real=0.02 secs] 
2016-06-26T19:51:45.969+0300: 535.206: Total time for which application threads were stopped: 0.0231960 seconds, Stopping threads took: 0.0011089 seconds
2016-06-26T19:51:45.971+0300: 535.208: [GC cleanup 3630M->3630M(5120M), 0.0022824 secs]
 [Times: user=0.00 sys=0.00, real=0.00 secs] 
2016-06-26T19:51:45.974+0300: 535.211: Total time for which application threads were stopped: 0.0026758 seconds, Stopping threads took: 0.0001227 seconds
2016-06-26T19:51:46.193+0300: 535.429: Total time for which application threads were stopped: 0.0037112 seconds, Stopping threads took: 0.0030573 seconds
2016-06-26T19:51:47.197+0300: 536.433: Total time for which application threads were stopped: 0.0077153 seconds, Stopping threads took: 0.0066436 seconds
2016-06-26T19:51:48.066+0300: 537.302: [GC pause (G1 Humongous Allocation) (young)
Desired survivor size 60293120 bytes, new threshold 15 (max 15)
- age   1:         40 bytes,         40 total
- age   2:      42680 bytes,      42720 total
- age   3:         16 bytes,      42736 total
- age   4:      35040 bytes,      77776 total
- age   5:         16 bytes,      77792 total
- age   6:      29776 bytes,     107568 total
- age   7:         16 bytes,     107584 total
- age   8:      27584 bytes,     135168 total
- age   9:         16 bytes,     135184 total
- age  10:      23040 bytes,     158224 total
- age  12:      22016 bytes,     180240 total
- age  14:      21952 bytes,     202192 total
, 0.0581250 secs]
   [Parallel Time: 50.0 ms, GC Workers: 4]
      [GC Worker Start (ms): Min: 537308.1, Avg: 537308.1, Max: 537308.1, Diff: 0.0]
      [Ext Root Scanning (ms): Min: 0.4, Avg: 0.4, Max: 0.4, Diff: 0.0, Sum: 1.5]
      [Update RS (ms): Min: 49.1, Avg: 49.1, Max: 49.2, Diff: 0.1, Sum: 196.5]
         [Processed Buffers: Min: 487, Avg: 512.5, Max: 525, Diff: 38, Sum: 2050]
      [Scan RS (ms): Min: 0.0, Avg: 0.0, Max: 0.0, Diff: 0.0, Sum: 0.0]
      [Code Root Scanning (ms): Min: 0.0, Avg: 0.0, Max: 0.0, Diff: 0.0, Sum: 0.0]
      [Object Copy (ms): Min: 0.4, Avg: 0.4, Max: 0.4, Diff: 0.0, Sum: 1.7]
      [Termination (ms): Min: 0.0, Avg: 0.0, Max: 0.0, Diff: 0.0, Sum: 0.0]
         [Termination Attempts: Min: 1, Avg: 1.0, Max: 1, Diff: 0, Sum: 4]
      [GC Worker Other (ms): Min: 0.0, Avg: 0.0, Max: 0.0, Diff: 0.0, Sum: 0.1]
      [GC Worker Total (ms): Min: 50.0, Avg: 50.0, Max: 50.0, Diff: 0.0, Sum: 199.9]
      [GC Worker End (ms): Min: 537358.1, Avg: 537358.1, Max: 537358.1, Diff: 0.0]
   [Code Root Fixup: 0.0 ms]
   [Code Root Purge: 0.0 ms]
   [Clear CT: 0.0 ms]
   [Other: 8.1 ms]
      [Choose CSet: 0.0 ms]
      [Ref Proc: 0.0 ms]
      [Ref Enq: 0.0 ms]
      [Redirty Cards: 0.0 ms]
      [Humongous Register: 0.8 ms]
      [Humongous Reclaim: 2.1 ms]
      [Free CSet: 0.1 ms]
   [Eden: 63.0M(916.0M)->0.0B(1068.0M) Survivors: 1024.0K->1024.0K Heap: 4982.1M(5120.0M)->3454.9M(5120.0M)]
 [Times: user=0.20 sys=0.00, real=0.06 secs] 
2016-06-26T19:51:48.125+0300: 537.362: Total time for which application threads were stopped: 0.0660003 seconds, Stopping threads took: 0.0059748 seconds
2016-06-26T19:51:48.127+0300: 537.364: [GC pause (G1 Humongous Allocation) (young) (initial-mark)
Desired survivor size 70254592 bytes, new threshold 15 (max 15)
- age   1:      41072 bytes,      41072 total
- age   2:         16 bytes,      41088 total
- age   3:      34472 bytes,      75560 total
- age   4:         16 bytes,      75576 total
- age   5:      30216 bytes,     105792 total
- age   6:         16 bytes,     105808 total
- age   7:      26176 bytes,     131984 total
- age   8:         16 bytes,     132000 total
- age   9:      24344 bytes,     156344 total
- age  11:      21968 bytes,     178312 total
- age  13:      21816 bytes,     200128 total
- age  15:      21912 bytes,     222040 total
, 0.0036791 secs]
   [Parallel Time: 1.7 ms, GC Workers: 4]
      [GC Worker Start (ms): Min: 537364.8, Avg: 537364.8, Max: 537364.8, Diff: 0.0]
      [Ext Root Scanning (ms): Min: 0.4, Avg: 0.4, Max: 0.5, Diff: 0.0, Sum: 1.8]
      [Update RS (ms): Min: 0.8, Avg: 0.8, Max: 0.8, Diff: 0.0, Sum: 3.1]
         [Processed Buffers: Min: 8, Avg: 8.5, Max: 9, Diff: 1, Sum: 34]
      [Scan RS (ms): Min: 0.0, Avg: 0.0, Max: 0.0, Diff: 0.0, Sum: 0.0]
      [Code Root Scanning (ms): Min: 0.0, Avg: 0.0, Max: 0.0, Diff: 0.0, Sum: 0.0]
      [Object Copy (ms): Min: 0.4, Avg: 0.5, Max: 0.5, Diff: 0.1, Sum: 1.9]
      [Termination (ms): Min: 0.0, Avg: 0.0, Max: 0.0, Diff: 0.0, Sum: 0.0]
         [Termination Attempts: Min: 1, Avg: 1.0, Max: 1, Diff: 0, Sum: 4]
      [GC Worker Other (ms): Min: 0.0, Avg: 0.0, Max: 0.0, Diff: 0.0, Sum: 0.0]
      [GC Worker Total (ms): Min: 1.7, Avg: 1.7, Max: 1.7, Diff: 0.0, Sum: 6.8]
      [GC Worker End (ms): Min: 537366.5, Avg: 537366.5, Max: 537366.5, Diff: 0.0]
   [Code Root Fixup: 0.0 ms]
   [Code Root Purge: 0.0 ms]
   [Clear CT: 0.0 ms]
   [Other: 1.9 ms]
      [Choose CSet: 0.0 ms]
      [Ref Proc: 0.1 ms]
      [Ref Enq: 0.0 ms]
      [Redirty Cards: 0.1 ms]
      [Humongous Register: 0.6 ms]
      [Humongous Reclaim: 0.3 ms]
      [Free CSet: 0.0 ms]
   [Eden: 1024.0K(1068.0M)->0.0B(1060.0M) Survivors: 1024.0K->1024.0K Heap: 3459.8M(5120.0M)->3458.7M(5120.0M)]
 [Times: user=0.00 sys=0.00, real=0.00 secs] 
2016-06-26T19:51:48.131+0300: 537.368: [GC concurrent-root-region-scan-start]
2016-06-26T19:51:48.131+0300: 537.368: Total time for which application threads were stopped: 0.0043159 seconds, Stopping threads took: 0.0000693 seconds
2016-06-26T19:51:48.132+0300: 537.369: [GC concurrent-root-region-scan-end, 0.0015306 secs]
2016-06-26T19:51:48.132+0300: 537.369: [GC concurrent-mark-start]
2016-06-26T19:51:48.171+0300: 537.407: [GC concurrent-mark-end, 0.0379783 secs]
2016-06-26T19:51:48.182+0300: 537.419: [GC remark 2016-06-26T19:51:48.182+0300: 537.419: [Finalize Marking, 0.0003614 secs] 2016-06-26T19:51:48.182+0300: 537.419: [GC ref-proc, 0.0001026 secs] 2016-06-26T19:51:48.183+0300: 537.419: [Unloading, 0.0018594 secs], 0.0212335 secs]
 [Times: user=0.13 sys=0.00, real=0.02 secs] 
2016-06-26T19:51:48.204+0300: 537.440: Total time for which application threads were stopped: 0.0258778 seconds, Stopping threads took: 0.0042398 seconds
2016-06-26T19:51:48.209+0300: 537.446: Total time for which application threads were stopped: 0.0011209 seconds, Stopping threads took: 0.0001240 seconds
2016-06-26T19:51:48.357+0300: 537.594: [GC cleanup 3558M->3558M(5120M), 0.0022837 secs]
 [Times: user=0.06 sys=0.00, real=0.00 secs] 
2016-06-26T19:51:48.360+0300: 537.596: Total time for which application threads were stopped: 0.0058460 seconds, Stopping threads took: 0.0032626 seconds
2016-06-26T19:51:49.210+0300: 538.446: Total time for which application threads were stopped: 0.0043484 seconds, Stopping threads took: 0.0034755 seconds
2016-06-26T19:51:50.214+0300: 539.451: Total time for which application threads were stopped: 0.0083405 seconds, Stopping threads took: 0.0073736 seconds
2016-06-26T19:51:50.648+0300: 539.884: [GC pause (G1 Humongous Allocation) (young)
Desired survivor size 69730304 bytes, new threshold 15 (max 15)
- age   1:       9072 bytes,       9072 total
- age   2:      41048 bytes,      50120 total
- age   3:         16 bytes,      50136 total
- age   4:      34472 bytes,      84608 total
- age   5:         16 bytes,      84624 total
- age   6:      30216 bytes,     114840 total
- age   7:         16 bytes,     114856 total
- age   8:      26176 bytes,     141032 total
- age   9:         16 bytes,     141048 total
- age  10:      24344 bytes,     165392 total
- age  12:      21968 bytes,     187360 total
- age  14:      21816 bytes,     209176 total
, 0.0574036 secs]
   [Parallel Time: 49.5 ms, GC Workers: 4]
      [GC Worker Start (ms): Min: 539890.3, Avg: 539890.3, Max: 539890.3, Diff: 0.0]
      [Ext Root Scanning (ms): Min: 0.4, Avg: 0.4, Max: 0.4, Diff: 0.0, Sum: 1.5]
      [Update RS (ms): Min: 48.4, Avg: 48.4, Max: 48.5, Diff: 0.1, Sum: 193.7]
         [Processed Buffers: Min: 511, Avg: 517.3, Max: 521, Diff: 10, Sum: 2069]
      [Scan RS (ms): Min: 0.0, Avg: 0.0, Max: 0.0, Diff: 0.0, Sum: 0.0]
      [Code Root Scanning (ms): Min: 0.0, Avg: 0.0, Max: 0.0, Diff: 0.0, Sum: 0.0]
      [Object Copy (ms): Min: 0.6, Avg: 0.7, Max: 0.7, Diff: 0.0, Sum: 2.6]
      [Termination (ms): Min: 0.0, Avg: 0.0, Max: 0.0, Diff: 0.0, Sum: 0.0]
         [Termination Attempts: Min: 1, Avg: 1.3, Max: 2, Diff: 1, Sum: 5]
      [GC Worker Other (ms): Min: 0.0, Avg: 0.0, Max: 0.0, Diff: 0.0, Sum: 0.1]
      [GC Worker Total (ms): Min: 49.5, Avg: 49.5, Max: 49.5, Diff: 0.0, Sum: 197.9]
      [GC Worker End (ms): Min: 539939.8, Avg: 539939.8, Max: 539939.8, Diff: 0.0]
   [Code Root Fixup: 0.0 ms]
   [Code Root Purge: 0.0 ms]
   [Clear CT: 0.0 ms]
   [Other: 7.8 ms]
      [Choose CSet: 0.0 ms]
      [Ref Proc: 0.0 ms]
      [Ref Enq: 0.0 ms]
      [Redirty Cards: 0.0 ms]
      [Humongous Register: 0.8 ms]
      [Humongous Reclaim: 1.8 ms]
      [Free CSet: 0.1 ms]
   [Eden: 63.0M(1060.0M)->0.0B(855.0M) Survivors: 1024.0K->1024.0K Heap: 4982.6M(5120.0M)->3660.0M(5120.0M)]
 [Times: user=0.25 sys=0.00, real=0.06 secs] 
2016-06-26T19:51:50.706+0300: 539.942: Total time for which application threads were stopped: 0.0609843 seconds, Stopping threads took: 0.0027934 seconds
2016-06-26T19:51:50.714+0300: 539.950: [GC pause (G1 Humongous Allocation) (young) (initial-mark)
Desired survivor size 56098816 bytes, new threshold 15 (max 15)
- age   1:     171728 bytes,     171728 total
- age   2:       9048 bytes,     180776 total
- age   3:      33824 bytes,     214600 total
- age   5:      29984 bytes,     244584 total
- age   7:      26984 bytes,     271568 total
- age   8:         16 bytes,     271584 total
- age   9:      23520 bytes,     295104 total
- age  10:         16 bytes,     295120 total
- age  11:      23088 bytes,     318208 total
- age  13:      21736 bytes,     339944 total
- age  15:      21816 bytes,     361760 total
, 0.0037539 secs]
   [Parallel Time: 1.9 ms, GC Workers: 4]
      [GC Worker Start (ms): Min: 539951.5, Avg: 539951.5, Max: 539951.5, Diff: 0.0]
      [Ext Root Scanning (ms): Min: 0.4, Avg: 0.4, Max: 0.5, Diff: 0.0, Sum: 1.7]
      [Update RS (ms): Min: 0.8, Avg: 0.8, Max: 0.8, Diff: 0.0, Sum: 3.1]
         [Processed Buffers: Min: 8, Avg: 8.5, Max: 9, Diff: 1, Sum: 34]
      [Scan RS (ms): Min: 0.0, Avg: 0.0, Max: 0.0, Diff: 0.0, Sum: 0.0]
      [Code Root Scanning (ms): Min: 0.0, Avg: 0.0, Max: 0.0, Diff: 0.0, Sum: 0.0]
      [Object Copy (ms): Min: 0.7, Avg: 0.7, Max: 0.7, Diff: 0.0, Sum: 2.7]
      [Termination (ms): Min: 0.0, Avg: 0.0, Max: 0.0, Diff: 0.0, Sum: 0.0]
         [Termination Attempts: Min: 1, Avg: 1.0, Max: 1, Diff: 0, Sum: 4]
      [GC Worker Other (ms): Min: 0.0, Avg: 0.0, Max: 0.0, Diff: 0.0, Sum: 0.0]
      [GC Worker Total (ms): Min: 1.9, Avg: 1.9, Max: 1.9, Diff: 0.0, Sum: 7.6]
      [GC Worker End (ms): Min: 539953.4, Avg: 539953.4, Max: 539953.4, Diff: 0.0]
   [Code Root Fixup: 0.0 ms]
   [Code Root Purge: 0.0 ms]
   [Clear CT: 0.0 ms]
   [Other: 1.8 ms]
      [Choose CSet: 0.0 ms]
      [Ref Proc: 0.0 ms]
      [Ref Enq: 0.0 ms]
      [Redirty Cards: 0.0 ms]
      [Humongous Register: 0.6 ms]
      [Humongous Reclaim: 0.3 ms]
      [Free CSet: 0.0 ms]
   [Eden: 1024.0K(855.0M)->0.0B(849.0M) Survivors: 1024.0K->1024.0K Heap: 3664.9M(5120.0M)->3664.1M(5120.0M)]
 [Times: user=0.00 sys=0.02, real=0.00 secs] 
2016-06-26T19:51:50.718+0300: 539.954: [GC concurrent-root-region-scan-start]
2016-06-26T19:51:50.718+0300: 539.954: Total time for which application threads were stopped: 0.0043899 seconds, Stopping threads took: 0.0000928 seconds
2016-06-26T19:51:50.720+0300: 539.956: [GC concurrent-root-region-scan-end, 0.0019954 secs]
2016-06-26T19:51:50.720+0300: 539.956: [GC concurrent-mark-start]
2016-06-26T19:51:50.754+0300: 539.991: [GC concurrent-mark-end, 0.0340284 secs]
2016-06-26T19:51:50.781+0300: 540.018: [GC remark 2016-06-26T19:51:50.781+0300: 540.018: [Finalize Marking, 0.0004388 secs] 2016-06-26T19:51:50.782+0300: 540.018: [GC ref-proc, 0.0001232 secs] 2016-06-26T19:51:50.782+0300: 540.018: [Unloading, 0.0017795 secs], 0.0227627 secs]
 [Times: user=0.06 sys=0.00, real=0.02 secs] 
2016-06-26T19:51:50.804+0300: 540.041: Total time for which application threads were stopped: 0.0284527 seconds, Stopping threads took: 0.0053675 seconds
2016-06-26T19:51:51.461+0300: 540.697: [GC cleanup 4162M->4162M(5120M), 0.0021909 secs]
 [Times: user=0.00 sys=0.00, real=0.00 secs] 
2016-06-26T19:51:51.463+0300: 540.700: Total time for which application threads were stopped: 0.0079655 seconds, Stopping threads took: 0.0053671 seconds
2016-06-26T19:51:52.216+0300: 541.453: Total time for which application threads were stopped: 0.0099785 seconds, Stopping threads took: 0.0089944 seconds
2016-06-26T19:51:52.839+0300: 542.075: [GC pause (G1 Humongous Allocation) (young)
Desired survivor size 56098816 bytes, new threshold 15 (max 15)
- age   1:       9072 bytes,       9072 total
- age   2:     171704 bytes,     180776 total
- age   3:       9048 bytes,     189824 total
- age   4:      33824 bytes,     223648 total
- age   6:      29984 bytes,     253632 total
- age   8:      26984 bytes,     280616 total
- age   9:         16 bytes,     280632 total
- age  10:      23520 bytes,     304152 total
- age  11:         16 bytes,     304168 total
- age  12:      23088 bytes,     327256 total
- age  14:      21736 bytes,     348992 total
, 0.0574032 secs]
   [Parallel Time: 49.1 ms, GC Workers: 4]
      [GC Worker Start (ms): Min: 542081.0, Avg: 542081.0, Max: 542081.0, Diff: 0.0]
      [Ext Root Scanning (ms): Min: 0.4, Avg: 0.4, Max: 0.4, Diff: 0.0, Sum: 1.5]
      [Update RS (ms): Min: 48.2, Avg: 48.3, Max: 48.3, Diff: 0.1, Sum: 193.1]
         [Processed Buffers: Min: 507, Avg: 513.8, Max: 519, Diff: 12, Sum: 2055]
      [Scan RS (ms): Min: 0.0, Avg: 0.0, Max: 0.0, Diff: 0.0, Sum: 0.0]
      [Code Root Scanning (ms): Min: 0.0, Avg: 0.0, Max: 0.0, Diff: 0.0, Sum: 0.0]
      [Object Copy (ms): Min: 0.4, Avg: 0.4, Max: 0.4, Diff: 0.0, Sum: 1.7]
      [Termination (ms): Min: 0.0, Avg: 0.0, Max: 0.0, Diff: 0.0, Sum: 0.0]
         [Termination Attempts: Min: 1, Avg: 1.5, Max: 2, Diff: 1, Sum: 6]
      [GC Worker Other (ms): Min: 0.0, Avg: 0.0, Max: 0.0, Diff: 0.0, Sum: 0.1]
      [GC Worker Total (ms): Min: 49.1, Avg: 49.1, Max: 49.1, Diff: 0.0, Sum: 196.4]
      [GC Worker End (ms): Min: 542130.1, Avg: 542130.1, Max: 542130.1, Diff: 0.0]
   [Code Root Fixup: 0.0 ms]
   [Code Root Purge: 0.0 ms]
   [Clear CT: 0.0 ms]
   [Other: 8.2 ms]
      [Choose CSet: 0.0 ms]
      [Ref Proc: 0.0 ms]
      [Ref Enq: 0.0 ms]
      [Redirty Cards: 0.0 ms]
      [Humongous Register: 0.8 ms]
      [Humongous Reclaim: 2.1 ms]
      [Free CSet: 0.1 ms]
   [Eden: 63.0M(849.0M)->0.0B(1064.0M) Survivors: 1024.0K->1024.0K Heap: 4982.4M(5120.0M)->3454.9M(5120.0M)]
 [Times: user=0.20 sys=0.00, real=0.06 secs] 
2016-06-26T19:51:52.897+0300: 542.133: Total time for which application threads were stopped: 0.0628767 seconds, Stopping threads took: 0.0042021 seconds
2016-06-26T19:51:52.901+0300: 542.138: [GC pause (G1 Humongous Allocation) (young) (initial-mark)
Desired survivor size 70254592 bytes, new threshold 15 (max 15)
- age   1:      31040 bytes,      31040 total
- age   2:       9048 bytes,      40088 total
- age   3:      29080 bytes,      69168 total
- age   4:       9048 bytes,      78216 total
- age   5:      29088 bytes,     107304 total
- age   7:      24856 bytes,     132160 total
- age   9:      23584 bytes,     155744 total
- age  11:      22024 bytes,     177768 total
- age  13:      22760 bytes,     200528 total
- age  15:      21696 bytes,     222224 total
, 0.0039199 secs]
   [Parallel Time: 2.1 ms, GC Workers: 4]
      [GC Worker Start (ms): Min: 542139.0, Avg: 542139.0, Max: 542139.0, Diff: 0.0]
      [Ext Root Scanning (ms): Min: 0.4, Avg: 0.4, Max: 0.4, Diff: 0.0, Sum: 1.7]
      [Update RS (ms): Min: 1.1, Avg: 1.2, Max: 1.2, Diff: 0.1, Sum: 4.7]
         [Processed Buffers: Min: 11, Avg: 12.3, Max: 13, Diff: 2, Sum: 49]
      [Scan RS (ms): Min: 0.0, Avg: 0.0, Max: 0.0, Diff: 0.0, Sum: 0.0]
      [Code Root Scanning (ms): Min: 0.0, Avg: 0.0, Max: 0.0, Diff: 0.0, Sum: 0.0]
      [Object Copy (ms): Min: 0.4, Avg: 0.5, Max: 0.5, Diff: 0.2, Sum: 1.8]
      [Termination (ms): Min: 0.0, Avg: 0.0, Max: 0.0, Diff: 0.0, Sum: 0.0]
         [Termination Attempts: Min: 1, Avg: 1.0, Max: 1, Diff: 0, Sum: 4]
      [GC Worker Other (ms): Min: 0.0, Avg: 0.0, Max: 0.0, Diff: 0.0, Sum: 0.0]
      [GC Worker Total (ms): Min: 2.0, Avg: 2.1, Max: 2.1, Diff: 0.0, Sum: 8.2]
      [GC Worker End (ms): Min: 542141.0, Avg: 542141.0, Max: 542141.0, Diff: 0.0]
   [Code Root Fixup: 0.0 ms]
   [Code Root Purge: 0.0 ms]
   [Clear CT: 0.0 ms]
   [Other: 1.8 ms]
      [Choose CSet: 0.0 ms]
      [Ref Proc: 0.1 ms]
      [Ref Enq: 0.0 ms]
      [Redirty Cards: 0.0 ms]
      [Humongous Register: 0.7 ms]
      [Humongous Reclaim: 0.3 ms]
      [Free CSet: 0.0 ms]
   [Eden: 1024.0K(1064.0M)->0.0B(1056.0M) Survivors: 1024.0K->1024.0K Heap: 3461.7M(5120.0M)->3460.7M(5120.0M)]
 [Times: user=0.01 sys=0.00, real=0.00 secs] 
2016-06-26T19:51:52.905+0300: 542.142: [GC concurrent-root-region-scan-start]
2016-06-26T19:51:52.905+0300: 542.142: Total time for which application threads were stopped: 0.0045165 seconds, Stopping threads took: 0.0000787 seconds
2016-06-26T19:51:52.907+0300: 542.144: [GC concurrent-root-region-scan-end, 0.0015160 secs]
2016-06-26T19:51:52.907+0300: 542.144: [GC concurrent-mark-start]
2016-06-26T19:51:52.941+0300: 542.177: [GC concurrent-mark-end, 0.0338061 secs]
2016-06-26T19:51:52.982+0300: 542.219: [GC remark 2016-06-26T19:51:52.982+0300: 542.219: [Finalize Marking, 0.0003160 secs] 2016-06-26T19:51:52.982+0300: 542.219: [GC ref-proc, 0.0001073 secs] 2016-06-26T19:51:52.983+0300: 542.219: [Unloading, 0.0017106 secs], 0.0211094 secs]
 [Times: user=0.08 sys=0.00, real=0.02 secs] 
2016-06-26T19:51:53.003+0300: 542.240: Total time for which application threads were stopped: 0.0214644 seconds, Stopping threads took: 0.0000804 seconds
2016-06-26T19:51:53.006+0300: 542.243: [GC cleanup 3488M->3488M(5120M), 0.0022666 secs]
 [Times: user=0.00 sys=0.00, real=0.00 secs] 
2016-06-26T19:51:53.009+0300: 542.245: Total time for which application threads were stopped: 0.0027468 seconds, Stopping threads took: 0.0002198 seconds
2016-06-26T19:51:53.212+0300: 542.448: Total time for which application threads were stopped: 0.0052550 seconds, Stopping threads took: 0.0045605 seconds
2016-06-26T19:51:54.214+0300: 543.451: Total time for which application threads were stopped: 0.0073805 seconds, Stopping threads took: 0.0064396 seconds
2016-06-26T19:51:54.221+0300: 543.458: Total time for which application threads were stopped: 0.0004076 seconds, Stopping threads took: 0.0000646 seconds
2016-06-26T19:51:55.211+0300: 544.448: Total time for which application threads were stopped: 0.0046422 seconds, Stopping threads took: 0.0036855 seconds
2016-06-26T19:51:55.445+0300: 544.682: [GC pause (G1 Humongous Allocation) (young)
Desired survivor size 69730304 bytes, new threshold 15 (max 15)
- age   1:       9072 bytes,       9072 total
- age   2:      31016 bytes,      40088 total
- age   3:       9048 bytes,      49136 total
- age   4:      29080 bytes,      78216 total
- age   5:       9048 bytes,      87264 total
- age   6:      29088 bytes,     116352 total
- age   8:      24856 bytes,     141208 total
- age  10:      23584 bytes,     164792 total
- age  12:      22024 bytes,     186816 total
- age  14:      22760 bytes,     209576 total
, 0.0572244 secs]
   [Parallel Time: 49.0 ms, GC Workers: 4]
      [GC Worker Start (ms): Min: 544687.6, Avg: 544687.6, Max: 544687.6, Diff: 0.0]
      [Ext Root Scanning (ms): Min: 0.3, Avg: 0.4, Max: 0.4, Diff: 0.0, Sum: 1.4]
      [Update RS (ms): Min: 48.0, Avg: 48.1, Max: 48.1, Diff: 0.1, Sum: 192.3]
         [Processed Buffers: Min: 500, Avg: 513.3, Max: 521, Diff: 21, Sum: 2053]
      [Scan RS (ms): Min: 0.0, Avg: 0.0, Max: 0.0, Diff: 0.0, Sum: 0.0]
      [Code Root Scanning (ms): Min: 0.0, Avg: 0.0, Max: 0.0, Diff: 0.0, Sum: 0.0]
      [Object Copy (ms): Min: 0.5, Avg: 0.5, Max: 0.5, Diff: 0.0, Sum: 2.1]
      [Termination (ms): Min: 0.0, Avg: 0.0, Max: 0.0, Diff: 0.0, Sum: 0.0]
         [Termination Attempts: Min: 1, Avg: 1.0, Max: 1, Diff: 0, Sum: 4]
      [GC Worker Other (ms): Min: 0.0, Avg: 0.0, Max: 0.0, Diff: 0.0, Sum: 0.0]
      [GC Worker Total (ms): Min: 49.0, Avg: 49.0, Max: 49.0, Diff: 0.0, Sum: 196.0]
      [GC Worker End (ms): Min: 544736.6, Avg: 544736.6, Max: 544736.6, Diff: 0.0]
   [Code Root Fixup: 0.0 ms]
   [Code Root Purge: 0.0 ms]
   [Clear CT: 0.0 ms]
   [Other: 8.2 ms]
      [Choose CSet: 0.0 ms]
      [Ref Proc: 0.0 ms]
      [Ref Enq: 0.0 ms]
      [Redirty Cards: 0.0 ms]
      [Humongous Register: 0.8 ms]
      [Humongous Reclaim: 2.1 ms]
      [Free CSet: 0.1 ms]
   [Eden: 64.0M(1056.0M)->0.0B(1055.0M) Survivors: 1024.0K->1024.0K Heap: 4981.3M(5120.0M)->3462.8M(5120.0M)]
 [Times: user=0.25 sys=0.00, real=0.06 secs] 
2016-06-26T19:51:55.503+0300: 544.739: Total time for which application threads were stopped: 0.0657822 seconds, Stopping threads took: 0.0077089 seconds
2016-06-26T19:51:55.506+0300: 544.742: [GC pause (G1 Humongous Allocation) (young) (initial-mark)
Desired survivor size 69206016 bytes, new threshold 15 (max 15)
- age   1:     101864 bytes,     101864 total
- age   2:       9032 bytes,     110896 total
- age   3:      23424 bytes,     134320 total
- age   4:       9032 bytes,     143352 total
- age   5:      23912 bytes,     167264 total
- age   6:       9032 bytes,     176296 total
- age   7:      25912 bytes,     202208 total
- age   9:      22088 bytes,     224296 total
- age  11:      22056 bytes,     246352 total
- age  13:      21616 bytes,     267968 total
- age  15:      22312 bytes,     290280 total
, 0.0034606 secs]
   [Parallel Time: 1.8 ms, GC Workers: 4]
      [GC Worker Start (ms): Min: 544743.2, Avg: 544743.2, Max: 544743.2, Diff: 0.0]
      [Ext Root Scanning (ms): Min: 0.4, Avg: 0.4, Max: 0.4, Diff: 0.0, Sum: 1.7]
      [Update RS (ms): Min: 0.8, Avg: 0.8, Max: 0.8, Diff: 0.1, Sum: 3.2]
         [Processed Buffers: Min: 8, Avg: 8.8, Max: 10, Diff: 2, Sum: 35]
      [Scan RS (ms): Min: 0.0, Avg: 0.0, Max: 0.0, Diff: 0.0, Sum: 0.0]
      [Code Root Scanning (ms): Min: 0.0, Avg: 0.0, Max: 0.0, Diff: 0.0, Sum: 0.0]
      [Object Copy (ms): Min: 0.5, Avg: 0.5, Max: 0.6, Diff: 0.1, Sum: 2.1]
      [Termination (ms): Min: 0.0, Avg: 0.0, Max: 0.0, Diff: 0.0, Sum: 0.0]
         [Termination Attempts: Min: 1, Avg: 1.0, Max: 1, Diff: 0, Sum: 4]
      [GC Worker Other (ms): Min: 0.0, Avg: 0.0, Max: 0.0, Diff: 0.0, Sum: 0.0]
      [GC Worker Total (ms): Min: 1.7, Avg: 1.8, Max: 1.8, Diff: 0.0, Sum: 7.0]
      [GC Worker End (ms): Min: 544744.9, Avg: 544745.0, Max: 544745.0, Diff: 0.0]
   [Code Root Fixup: 0.0 ms]
   [Code Root Purge: 0.0 ms]
   [Clear CT: 0.0 ms]
   [Other: 1.6 ms]
      [Choose CSet: 0.0 ms]
      [Ref Proc: 0.1 ms]
      [Ref Enq: 0.0 ms]
      [Redirty Cards: 0.0 ms]
      [Humongous Register: 0.6 ms]
      [Humongous Reclaim: 0.2 ms]
      [Free CSet: 0.0 ms]
   [Eden: 1024.0K(1055.0M)->0.0B(1052.0M) Survivors: 1024.0K->1024.0K Heap: 3467.2M(5120.0M)->3466.7M(5120.0M)]
 [Times: user=0.00 sys=0.00, real=0.00 secs] 
2016-06-26T19:51:55.509+0300: 544.746: [GC concurrent-root-region-scan-start]
2016-06-26T19:51:55.509+0300: 544.746: Total time for which application threads were stopped: 0.0040088 seconds, Stopping threads took: 0.0000727 seconds
2016-06-26T19:51:55.511+0300: 544.748: [GC concurrent-root-region-scan-end, 0.0017175 secs]
2016-06-26T19:51:55.511+0300: 544.748: [GC concurrent-mark-start]
2016-06-26T19:51:55.551+0300: 544.788: [GC concurrent-mark-end, 0.0400768 secs]
2016-06-26T19:51:55.573+0300: 544.810: [GC remark 2016-06-26T19:51:55.573+0300: 544.810: [Finalize Marking, 0.0004315 secs] 2016-06-26T19:51:55.574+0300: 544.810: [GC ref-proc, 0.0001039 secs] 2016-06-26T19:51:55.574+0300: 544.810: [Unloading, 0.0017350 secs], 0.0212420 secs]
 [Times: user=0.13 sys=0.00, real=0.02 secs] 
2016-06-26T19:51:55.595+0300: 544.831: Total time for which application threads were stopped: 0.0225677 seconds, Stopping threads took: 0.0010388 seconds
2016-06-26T19:51:55.598+0300: 544.835: [GC cleanup 3511M->3501M(5120M), 0.0022037 secs]
 [Times: user=0.00 sys=0.00, real=0.00 secs] 
2016-06-26T19:51:55.600+0300: 544.837: Total time for which application threads were stopped: 0.0025522 seconds, Stopping threads took: 0.0000599 seconds
2016-06-26T19:51:55.600+0300: 544.837: [GC concurrent-cleanup-start]
2016-06-26T19:51:55.600+0300: 544.837: [GC concurrent-cleanup-end, 0.0000248 secs]
2016-06-26T19:51:56.608+0300: 545.845: Total time for which application threads were stopped: 0.0080241 seconds, Stopping threads took: 0.0076666 seconds
2016-06-26T19:51:57.212+0300: 546.449: Total time for which application threads were stopped: 0.0051943 seconds, Stopping threads took: 0.0044224 seconds
2016-06-26T19:51:57.969+0300: 547.206: [GC pause (G1 Humongous Allocation) (young)
Desired survivor size 69206016 bytes, new threshold 15 (max 15)
- age   1:         40 bytes,         40 total
- age   2:     101840 bytes,     101880 total
- age   3:       9032 bytes,     110912 total
- age   4:      23424 bytes,     134336 total
- age   5:       9032 bytes,     143368 total
- age   6:      23912 bytes,     167280 total
- age   7:       9032 bytes,     176312 total
- age   8:      25912 bytes,     202224 total
- age  10:      22088 bytes,     224312 total
- age  12:      22056 bytes,     246368 total
- age  14:      21616 bytes,     267984 total
, 0.0571175 secs]
   [Parallel Time: 49.1 ms, GC Workers: 4]
      [GC Worker Start (ms): Min: 547211.8, Avg: 547211.8, Max: 547211.8, Diff: 0.0]
      [Ext Root Scanning (ms): Min: 0.4, Avg: 0.4, Max: 0.4, Diff: 0.0, Sum: 1.5]
      [Update RS (ms): Min: 48.2, Avg: 48.2, Max: 48.3, Diff: 0.1, Sum: 193.0]
         [Processed Buffers: Min: 500, Avg: 513.0, Max: 521, Diff: 21, Sum: 2052]
      [Scan RS (ms): Min: 0.0, Avg: 0.0, Max: 0.0, Diff: 0.0, Sum: 0.0]
      [Code Root Scanning (ms): Min: 0.0, Avg: 0.0, Max: 0.0, Diff: 0.0, Sum: 0.0]
      [Object Copy (ms): Min: 0.4, Avg: 0.4, Max: 0.4, Diff: 0.1, Sum: 1.7]
      [Termination (ms): Min: 0.0, Avg: 0.0, Max: 0.0, Diff: 0.0, Sum: 0.0]
         [Termination Attempts: Min: 1, Avg: 1.0, Max: 1, Diff: 0, Sum: 4]
      [GC Worker Other (ms): Min: 0.0, Avg: 0.0, Max: 0.0, Diff: 0.0, Sum: 0.1]
      [GC Worker Total (ms): Min: 49.1, Avg: 49.1, Max: 49.1, Diff: 0.0, Sum: 196.3]
      [GC Worker End (ms): Min: 547260.9, Avg: 547260.9, Max: 547260.9, Diff: 0.0]
   [Code Root Fixup: 0.0 ms]
   [Code Root Purge: 0.0 ms]
   [Clear CT: 0.0 ms]
   [Other: 8.0 ms]
      [Choose CSet: 0.0 ms]
      [Ref Proc: 0.0 ms]
      [Ref Enq: 0.0 ms]
      [Redirty Cards: 0.0 ms]
      [Humongous Register: 0.8 ms]
      [Humongous Reclaim: 1.9 ms]
      [Free CSet: 0.1 ms]
   [Eden: 64.0M(1052.0M)->0.0B(828.0M) Survivors: 1024.0K->1024.0K Heap: 4980.9M(5120.0M)->3687.3M(5120.0M)]
 [Times: user=0.19 sys=0.00, real=0.06 secs] 
2016-06-26T19:51:58.027+0300: 547.263: Total time for which application threads were stopped: 0.0634793 seconds, Stopping threads took: 0.0053902 seconds
2016-06-26T19:51:58.028+0300: 547.265: [GC pause (G1 Humongous Allocation) (young) (initial-mark)
Desired survivor size 54525952 bytes, new threshold 15 (max 15)
- age   1:      41248 bytes,      41248 total
- age   2:         16 bytes,      41264 total
- age   3:      28840 bytes,      70104 total
- age   4:       9032 bytes,      79136 total
- age   5:      18976 bytes,      98112 total
- age   6:       9032 bytes,     107144 total
- age   7:      20032 bytes,     127176 total
- age   8:       9032 bytes,     136208 total
- age   9:      23768 bytes,     159976 total
- age  11:      20824 bytes,     180800 total
- age  13:      21784 bytes,     202584 total
- age  15:      21568 bytes,     224152 total
, 0.0030487 secs]
   [Parallel Time: 1.3 ms, GC Workers: 4]
      [GC Worker Start (ms): Min: 547265.6, Avg: 547265.6, Max: 547265.6, Diff: 0.0]
      [Ext Root Scanning (ms): Min: 0.4, Avg: 0.4, Max: 0.4, Diff: 0.0, Sum: 1.7]
      [Update RS (ms): Min: 0.4, Avg: 0.4, Max: 0.5, Diff: 0.1, Sum: 1.6]
         [Processed Buffers: Min: 4, Avg: 4.5, Max: 5, Diff: 1, Sum: 18]
      [Scan RS (ms): Min: 0.0, Avg: 0.0, Max: 0.0, Diff: 0.0, Sum: 0.0]
      [Code Root Scanning (ms): Min: 0.0, Avg: 0.0, Max: 0.0, Diff: 0.0, Sum: 0.0]
      [Object Copy (ms): Min: 0.4, Avg: 0.4, Max: 0.5, Diff: 0.1, Sum: 1.8]
      [Termination (ms): Min: 0.0, Avg: 0.0, Max: 0.0, Diff: 0.0, Sum: 0.0]
         [Termination Attempts: Min: 1, Avg: 1.0, Max: 1, Diff: 0, Sum: 4]
      [GC Worker Other (ms): Min: 0.0, Avg: 0.0, Max: 0.0, Diff: 0.0, Sum: 0.0]
      [GC Worker Total (ms): Min: 1.3, Avg: 1.3, Max: 1.3, Diff: 0.0, Sum: 5.2]
      [GC Worker End (ms): Min: 547266.9, Avg: 547266.9, Max: 547266.9, Diff: 0.0]
   [Code Root Fixup: 0.0 ms]
   [Code Root Purge: 0.0 ms]
   [Clear CT: 0.0 ms]
   [Other: 1.7 ms]
      [Choose CSet: 0.0 ms]
      [Ref Proc: 0.0 ms]
      [Ref Enq: 0.0 ms]
      [Redirty Cards: 0.0 ms]
      [Humongous Register: 0.6 ms]
      [Humongous Reclaim: 0.3 ms]
      [Free CSet: 0.0 ms]
   [Eden: 1024.0K(828.0M)->0.0B(826.0M) Survivors: 1024.0K->1024.0K Heap: 3689.7M(5120.0M)->3689.3M(5120.0M)]
 [Times: user=0.06 sys=0.00, real=0.00 secs] 
2016-06-26T19:51:58.031+0300: 2016-06-26T19:51:58.031+0300: 547.268: 547.268: [GC concurrent-root-region-scan-start]
Total time for which application threads were stopped: 0.0036569 seconds, Stopping threads took: 0.0000612 seconds
2016-06-26T19:51:58.033+0300: 547.270: [GC concurrent-root-region-scan-end, 0.0016512 secs]
2016-06-26T19:51:58.033+0300: 547.270: [GC concurrent-mark-start]
2016-06-26T19:51:58.074+0300: 547.310: [GC concurrent-mark-end, 0.0403201 secs]
2016-06-26T19:51:58.098+0300: 547.334: [GC remark 2016-06-26T19:51:58.098+0300: 547.334: [Finalize Marking, 0.0004871 secs] 2016-06-26T19:51:58.099+0300: 547.335: [GC ref-proc, 0.0001022 secs] 2016-06-26T19:51:58.099+0300: 547.335: [Unloading, 0.0018411 secs], 0.0226011 secs]
 [Times: user=0.06 sys=0.00, real=0.02 secs] 
2016-06-26T19:51:58.121+0300: 547.357: Total time for which application threads were stopped: 0.0242796 seconds, Stopping threads took: 0.0012629 seconds
2016-06-26T19:51:58.213+0300: 547.450: Total time for which application threads were stopped: 0.0055424 seconds, Stopping threads took: 0.0046974 seconds
2016-06-26T19:51:58.365+0300: 547.602: [GC cleanup 3862M->3862M(5120M), 0.0021806 secs]
 [Times: user=0.00 sys=0.00, real=0.00 secs] 
2016-06-26T19:51:58.367+0300: 547.604: Total time for which application threads were stopped: 0.0039276 seconds, Stopping threads took: 0.0014502 seconds
2016-06-26T19:52:00.064+0300: 549.301: [GC pause (G1 Humongous Allocation) (young)
Desired survivor size 54525952 bytes, new threshold 15 (max 15)
- age   1:         40 bytes,         40 total
- age   2:      41224 bytes,      41264 total
- age   3:         16 bytes,      41280 total
- age   4:      28840 bytes,      70120 total
- age   5:       9032 bytes,      79152 total
- age   6:      18976 bytes,      98128 total
- age   7:       9032 bytes,     107160 total
- age   8:      20032 bytes,     127192 total
- age   9:       9032 bytes,     136224 total
- age  10:      23768 bytes,     159992 total
- age  12:      20824 bytes,     180816 total
- age  14:      21784 bytes,     202600 total
, 0.0580784 secs]
   [Parallel Time: 50.5 ms, GC Workers: 4]
      [GC Worker Start (ms): Min: 549306.4, Avg: 549306.8, Max: 549308.1, Diff: 1.7]
      [Ext Root Scanning (ms): Min: 0.0, Avg: 0.4, Max: 0.5, Diff: 0.5, Sum: 1.5]
      [Update RS (ms): Min: 48.3, Avg: 49.2, Max: 49.4, Diff: 1.1, Sum: 196.6]
         [Processed Buffers: Min: 502, Avg: 517.0, Max: 530, Diff: 28, Sum: 2068]
      [Scan RS (ms): Min: 0.0, Avg: 0.0, Max: 0.0, Diff: 0.0, Sum: 0.0]
      [Code Root Scanning (ms): Min: 0.0, Avg: 0.0, Max: 0.0, Diff: 0.0, Sum: 0.0]
      [Object Copy (ms): Min: 0.4, Avg: 0.4, Max: 0.5, Diff: 0.1, Sum: 1.7]
      [Termination (ms): Min: 0.0, Avg: 0.0, Max: 0.0, Diff: 0.0, Sum: 0.0]
         [Termination Attempts: Min: 1, Avg: 1.0, Max: 1, Diff: 0, Sum: 4]
      [GC Worker Other (ms): Min: 0.0, Avg: 0.0, Max: 0.0, Diff: 0.0, Sum: 0.1]
      [GC Worker Total (ms): Min: 48.8, Avg: 50.0, Max: 50.4, Diff: 1.7, Sum: 200.0]
      [GC Worker End (ms): Min: 549356.8, Avg: 549356.9, Max: 549356.9, Diff: 0.0]
   [Code Root Fixup: 0.0 ms]
   [Code Root Purge: 0.0 ms]
   [Clear CT: 0.0 ms]
   [Other: 7.6 ms]
      [Choose CSet: 0.0 ms]
      [Ref Proc: 0.0 ms]
      [Ref Enq: 0.0 ms]
      [Redirty Cards: 0.0 ms]
      [Humongous Register: 0.8 ms]
      [Humongous Reclaim: 1.6 ms]
      [Free CSet: 0.1 ms]
   [Eden: 63.0M(826.0M)->0.0B(677.0M) Survivors: 1024.0K->1024.0K Heap: 4982.2M(5120.0M)->3835.9M(5120.0M)]
 [Times: user=0.19 sys=0.00, real=0.06 secs] 
2016-06-26T19:52:00.122+0300: 549.359: Total time for which application threads were stopped: 0.0672431 seconds, Stopping threads took: 0.0081271 seconds
2016-06-26T19:52:00.129+0300: 549.366: [GC pause (G1 Humongous Allocation) (young) (initial-mark)
Desired survivor size 44564480 bytes, new threshold 15 (max 15)
- age   1:      38768 bytes,      38768 total
- age   2:         16 bytes,      38784 total
- age   3:      34696 bytes,      73480 total
- age   4:         16 bytes,      73496 total
- age   5:      25088 bytes,      98584 total
- age   6:       9032 bytes,     107616 total
- age   7:      15392 bytes,     123008 total
- age   8:       9032 bytes,     132040 total
- age   9:      17464 bytes,     149504 total
- age  10:       9032 bytes,     158536 total
- age  11:      22424 bytes,     180960 total
- age  13:      20480 bytes,     201440 total
- age  15:      21728 bytes,     223168 total
, 0.0035547 secs]
   [Parallel Time: 1.7 ms, GC Workers: 4]
      [GC Worker Start (ms): Min: 549366.7, Avg: 549366.9, Max: 549367.3, Diff: 0.6]
      [Ext Root Scanning (ms): Min: 0.0, Avg: 0.7, Max: 1.4, Diff: 1.4, Sum: 2.6]
      [Update RS (ms): Min: 0.0, Avg: 0.4, Max: 0.6, Diff: 0.6, Sum: 1.6]
         [Processed Buffers: Min: 0, Avg: 4.5, Max: 8, Diff: 8, Sum: 18]
      [Scan RS (ms): Min: 0.0, Avg: 0.0, Max: 0.0, Diff: 0.0, Sum: 0.0]
      [Code Root Scanning (ms): Min: 0.0, Avg: 0.0, Max: 0.0, Diff: 0.0, Sum: 0.0]
      [Object Copy (ms): Min: 0.3, Avg: 0.5, Max: 0.6, Diff: 0.3, Sum: 1.8]
      [Termination (ms): Min: 0.0, Avg: 0.0, Max: 0.0, Diff: 0.0, Sum: 0.0]
         [Termination Attempts: Min: 1, Avg: 1.0, Max: 1, Diff: 0, Sum: 4]
      [GC Worker Other (ms): Min: 0.0, Avg: 0.0, Max: 0.0, Diff: 0.0, Sum: 0.0]
      [GC Worker Total (ms): Min: 1.1, Avg: 1.5, Max: 1.7, Diff: 0.6, Sum: 6.1]
      [GC Worker End (ms): Min: 549368.4, Avg: 549368.4, Max: 549368.4, Diff: 0.0]
   [Code Root Fixup: 0.0 ms]
   [Code Root Purge: 0.0 ms]
   [Clear CT: 0.0 ms]
   [Other: 1.8 ms]
      [Choose CSet: 0.0 ms]
      [Ref Proc: 0.0 ms]
      [Ref Enq: 0.0 ms]
      [Redirty Cards: 0.0 ms]
      [Humongous Register: 0.7 ms]
      [Humongous Reclaim: 0.4 ms]
      [Free CSet: 0.0 ms]
   [Eden: 2048.0K(677.0M)->0.0B(673.0M) Survivors: 1024.0K->1024.0K Heap: 3839.3M(5120.0M)->3837.7M(5120.0M)]
 [Times: user=0.00 sys=0.00, real=0.00 secs] 
2016-06-26T19:52:00.133+0300: 549.369: [GC concurrent-root-region-scan-start]
2016-06-26T19:52:00.133+0300: 549.369: Total time for which application threads were stopped: 0.0042509 seconds, Stopping threads took: 0.0000791 seconds
2016-06-26T19:52:00.134+0300: 549.371: [GC concurrent-root-region-scan-end, 0.0015751 secs]
2016-06-26T19:52:00.134+0300: 549.371: [GC concurrent-mark-start]
2016-06-26T19:52:00.168+0300: 549.404: [GC concurrent-mark-end, 0.0330051 secs]
2016-06-26T19:52:00.653+0300: 549.890: Total time for which application threads were stopped: 0.0057699 seconds, Stopping threads took: 0.0050001 seconds
2016-06-26T19:52:01.216+0300: 550.452: Total time for which application threads were stopped: 0.0071157 seconds, Stopping threads took: 0.0063750 seconds
2016-06-26T19:52:01.982+0300: 551.218: [GC remark 2016-06-26T19:52:01.982+0300: 551.218: [Finalize Marking, 0.0050023 secs] 2016-06-26T19:52:01.987+0300: 551.223: [GC ref-proc, 0.0001099 secs] 2016-06-26T19:52:01.987+0300: 551.224: [Unloading, 0.0018659 secs], 0.0279788 secs]
 [Times: user=0.08 sys=0.00, real=0.03 secs] 
2016-06-26T19:52:02.010+0300: 551.246: Total time for which application threads were stopped: 0.0326441 seconds, Stopping threads took: 0.0042825 seconds
2016-06-26T19:52:02.061+0300: 551.298: [GC cleanup 4964M->4964M(5120M), 0.0020083 secs]
 [Times: user=0.00 sys=0.00, real=0.00 secs] 
2016-06-26T19:52:02.064+0300: 551.300: Total time for which application threads were stopped: 0.0025262 seconds, Stopping threads took: 0.0001463 seconds
2016-06-26T19:52:02.095+0300: 551.332: [GC pause (G1 Humongous Allocation) (young)
Desired survivor size 44564480 bytes, new threshold 15 (max 15)
- age   1:       9144 bytes,       9144 total
- age   2:      38720 bytes,      47864 total
- age   3:         16 bytes,      47880 total
- age   4:      34696 bytes,      82576 total
- age   5:         16 bytes,      82592 total
- age   6:      25088 bytes,     107680 total
- age   7:       9032 bytes,     116712 total
- age   8:      15392 bytes,     132104 total
- age   9:       9032 bytes,     141136 total
- age  10:      17464 bytes,     158600 total
- age  11:       9032 bytes,     167632 total
- age  12:      22424 bytes,     190056 total
- age  14:      20480 bytes,     210536 total
, 0.0078372 secs]
   [Parallel Time: 4.2 ms, GC Workers: 4]
      [GC Worker Start (ms): Min: 551333.2, Avg: 551333.2, Max: 551333.2, Diff: 0.0]
      [Ext Root Scanning (ms): Min: 0.4, Avg: 0.4, Max: 0.4, Diff: 0.0, Sum: 1.5]
      [Update RS (ms): Min: 3.3, Avg: 3.3, Max: 3.3, Diff: 0.0, Sum: 13.2]
         [Processed Buffers: Min: 54, Avg: 55.8, Max: 58, Diff: 4, Sum: 223]
      [Scan RS (ms): Min: 0.0, Avg: 0.0, Max: 0.0, Diff: 0.0, Sum: 0.0]
      [Code Root Scanning (ms): Min: 0.0, Avg: 0.0, Max: 0.0, Diff: 0.0, Sum: 0.0]
      [Object Copy (ms): Min: 0.4, Avg: 0.4, Max: 0.4, Diff: 0.0, Sum: 1.7]
      [Termination (ms): Min: 0.0, Avg: 0.0, Max: 0.0, Diff: 0.0, Sum: 0.0]
         [Termination Attempts: Min: 1, Avg: 1.0, Max: 1, Diff: 0, Sum: 4]
      [GC Worker Other (ms): Min: 0.0, Avg: 0.0, Max: 0.0, Diff: 0.0, Sum: 0.1]
      [GC Worker Total (ms): Min: 4.1, Avg: 4.1, Max: 4.1, Diff: 0.0, Sum: 16.5]
      [GC Worker End (ms): Min: 551337.3, Avg: 551337.3, Max: 551337.4, Diff: 0.0]
   [Code Root Fixup: 0.0 ms]
   [Code Root Purge: 0.0 ms]
   [Clear CT: 0.0 ms]
   [Other: 3.6 ms]
      [Choose CSet: 0.0 ms]
      [Ref Proc: 0.1 ms]
      [Ref Enq: 0.0 ms]
      [Redirty Cards: 0.0 ms]
      [Humongous Register: 0.8 ms]
      [Humongous Reclaim: 2.2 ms]
      [Free CSet: 0.1 ms]
   [Eden: 66.0M(673.0M)->0.0B(1068.0M) Survivors: 1024.0K->1024.0K Heap: 4981.7M(5120.0M)->3451.1M(5120.0M)]
 [Times: user=0.00 sys=0.00, real=0.01 secs] 
2016-06-26T19:52:02.103+0300: 551.340: Total time for which application threads were stopped: 0.0087267 seconds, Stopping threads took: 0.0000800 seconds
2016-06-26T19:52:02.107+0300: 551.343: [GC pause (G1 Humongous Allocation) (young) (initial-mark)
Desired survivor size 70254592 bytes, new threshold 15 (max 15)
- age   1:      32464 bytes,      32464 total
- age   2:       9104 bytes,      41568 total
- age   3:      31032 bytes,      72600 total
- age   4:         16 bytes,      72616 total
- age   5:      29480 bytes,     102096 total
- age   6:         16 bytes,     102112 total
- age   7:      20928 bytes,     123040 total
- age   8:       9032 bytes,     132072 total
- age   9:      12912 bytes,     144984 total
- age  10:       9032 bytes,     154016 total
- age  11:      15800 bytes,     169816 total
- age  12:       9032 bytes,     178848 total
- age  13:      21696 bytes,     200544 total
- age  15:      20352 bytes,     220896 total
, 0.0034486 secs]
   [Parallel Time: 1.7 ms, GC Workers: 4]
      [GC Worker Start (ms): Min: 551344.3, Avg: 551344.3, Max: 551344.4, Diff: 0.0]
      [Ext Root Scanning (ms): Min: 0.4, Avg: 0.4, Max: 0.5, Diff: 0.0, Sum: 1.8]
      [Update RS (ms): Min: 0.7, Avg: 0.8, Max: 0.8, Diff: 0.1, Sum: 3.2]
         [Processed Buffers: Min: 8, Avg: 8.8, Max: 10, Diff: 2, Sum: 35]
      [Scan RS (ms): Min: 0.0, Avg: 0.0, Max: 0.0, Diff: 0.0, Sum: 0.0]
      [Code Root Scanning (ms): Min: 0.0, Avg: 0.0, Max: 0.0, Diff: 0.0, Sum: 0.0]
      [Object Copy (ms): Min: 0.4, Avg: 0.4, Max: 0.5, Diff: 0.1, Sum: 1.8]
      [Termination (ms): Min: 0.0, Avg: 0.0, Max: 0.0, Diff: 0.0, Sum: 0.0]
         [Termination Attempts: Min: 1, Avg: 1.0, Max: 1, Diff: 0, Sum: 4]
      [GC Worker Other (ms): Min: 0.0, Avg: 0.0, Max: 0.0, Diff: 0.0, Sum: 0.0]
      [GC Worker Total (ms): Min: 1.7, Avg: 1.7, Max: 1.7, Diff: 0.0, Sum: 6.8]
      [GC Worker End (ms): Min: 551346.0, Avg: 551346.0, Max: 551346.0, Diff: 0.0]
   [Code Root Fixup: 0.0 ms]
   [Code Root Purge: 0.0 ms]
   [Clear CT: 0.0 ms]
   [Other: 1.7 ms]
      [Choose CSet: 0.0 ms]
      [Ref Proc: 0.0 ms]
      [Ref Enq: 0.0 ms]
      [Redirty Cards: 0.0 ms]
      [Humongous Register: 0.6 ms]
      [Humongous Reclaim: 0.3 ms]
      [Free CSet: 0.0 ms]
   [Eden: 1024.0K(1068.0M)->0.0B(1065.0M) Survivors: 1024.0K->1024.0K Heap: 3455.5M(5120.0M)->3454.9M(5120.0M)]
 [Times: user=0.01 sys=0.00, real=0.00 secs] 
2016-06-26T19:52:02.110+0300: 551.347: [GC concurrent-root-region-scan-start]
2016-06-26T19:52:02.110+0300: 551.347: Total time for which application threads were stopped: 0.0040649 seconds, Stopping threads took: 0.0000714 seconds
2016-06-26T19:52:02.112+0300: 551.348: [GC concurrent-root-region-scan-end, 0.0014468 secs]
2016-06-26T19:52:02.112+0300: 551.348: [GC concurrent-mark-start]
2016-06-26T19:52:02.150+0300: 551.387: [GC concurrent-mark-end, 0.0379838 secs]
2016-06-26T19:52:02.179+0300: 551.416: [GC remark 2016-06-26T19:52:02.179+0300: 551.416: [Finalize Marking, 0.0004777 secs] 2016-06-26T19:52:02.180+0300: 551.417: [GC ref-proc, 0.0001035 secs] 2016-06-26T19:52:02.180+0300: 551.417: [Unloading, 0.0018389 secs], 0.0213275 secs]
 [Times: user=0.06 sys=0.00, real=0.02 secs] 
2016-06-26T19:52:02.201+0300: 551.438: Total time for which application threads were stopped: 0.0233452 seconds, Stopping threads took: 0.0016392 seconds
2016-06-26T19:52:02.205+0300: 551.442: [GC cleanup 3501M->3501M(5120M), 0.0024295 secs]
 [Times: user=0.00 sys=0.00, real=0.00 secs] 
2016-06-26T19:52:02.208+0300: 551.445: Total time for which application threads were stopped: 0.0028832 seconds, Stopping threads took: 0.0000654 seconds
2016-06-26T19:52:02.211+0300: 551.448: Total time for which application threads were stopped: 0.0010118 seconds, Stopping threads took: 0.0002061 seconds
2016-06-26T19:52:03.221+0300: 552.457: Total time for which application threads were stopped: 0.0093113 seconds, Stopping threads took: 0.0089872 seconds
2016-06-26T19:52:04.219+0300: 553.456: Total time for which application threads were stopped: 0.0083021 seconds, Stopping threads took: 0.0073317 seconds
2016-06-26T19:52:04.639+0300: 553.875: [GC pause (G1 Humongous Allocation) (young)
Desired survivor size 70254592 bytes, new threshold 15 (max 15)
- age   1:         40 bytes,         40 total
- age   2:      32440 bytes,      32480 total
- age   3:       9104 bytes,      41584 total
- age   4:      31032 bytes,      72616 total
- age   5:         16 bytes,      72632 total
- age   6:      29480 bytes,     102112 total
- age   7:         16 bytes,     102128 total
- age   8:      20928 bytes,     123056 total
- age   9:       9032 bytes,     132088 total
- age  10:      12912 bytes,     145000 total
- age  11:       9032 bytes,     154032 total
- age  12:      15800 bytes,     169832 total
- age  13:       9032 bytes,     178864 total
- age  14:      21696 bytes,     200560 total
, 0.0571363 secs]
   [Parallel Time: 49.1 ms, GC Workers: 4]
      [GC Worker Start (ms): Min: 553880.8, Avg: 553880.9, Max: 553880.9, Diff: 0.0]
      [Ext Root Scanning (ms): Min: 0.3, Avg: 0.4, Max: 0.4, Diff: 0.0, Sum: 1.4]
      [Update RS (ms): Min: 48.3, Avg: 48.3, Max: 48.3, Diff: 0.0, Sum: 193.1]
         [Processed Buffers: Min: 509, Avg: 513.8, Max: 526, Diff: 17, Sum: 2055]
      [Scan RS (ms): Min: 0.0, Avg: 0.0, Max: 0.0, Diff: 0.0, Sum: 0.0]
      [Code Root Scanning (ms): Min: 0.0, Avg: 0.0, Max: 0.0, Diff: 0.0, Sum: 0.0]
      [Object Copy (ms): Min: 0.4, Avg: 0.4, Max: 0.4, Diff: 0.0, Sum: 1.7]
      [Termination (ms): Min: 0.0, Avg: 0.0, Max: 0.0, Diff: 0.0, Sum: 0.0]
         [Termination Attempts: Min: 1, Avg: 1.0, Max: 1, Diff: 0, Sum: 4]
      [GC Worker Other (ms): Min: 0.0, Avg: 0.0, Max: 0.0, Diff: 0.0, Sum: 0.1]
      [GC Worker Total (ms): Min: 49.1, Avg: 49.1, Max: 49.1, Diff: 0.0, Sum: 196.3]
      [GC Worker End (ms): Min: 553929.9, Avg: 553929.9, Max: 553929.9, Diff: 0.0]
   [Code Root Fixup: 0.0 ms]
   [Code Root Purge: 0.0 ms]
   [Clear CT: 0.0 ms]
   [Other: 8.0 ms]
      [Choose CSet: 0.0 ms]
      [Ref Proc: 0.0 ms]
      [Ref Enq: 0.0 ms]
      [Redirty Cards: 0.0 ms]
      [Humongous Register: 0.8 ms]
      [Humongous Reclaim: 2.1 ms]
      [Free CSet: 0.1 ms]
   [Eden: 63.0M(1065.0M)->0.0B(1120.0M) Survivors: 1024.0K->1024.0K Heap: 4982.8M(5120.0M)->3402.3M(5120.0M)]
 [Times: user=0.20 sys=0.00, real=0.06 secs] 
2016-06-26T19:52:04.696+0300: 553.933: Total time for which application threads were stopped: 0.0645920 seconds, Stopping threads took: 0.0066731 seconds
2016-06-26T19:52:04.698+0300: 553.934: [GC pause (G1 Humongous Allocation) (young) (initial-mark)
Desired survivor size 73924608 bytes, new threshold 15 (max 15)
- age   1:      44312 bytes,      44312 total
- age   2:         16 bytes,      44328 total
- age   3:      25096 bytes,      69424 total
- age   4:       9104 bytes,      78528 total
- age   5:      27304 bytes,     105832 total
- age   6:         16 bytes,     105848 total
- age   7:      24728 bytes,     130576 total
- age   9:      17184 bytes,     147760 total
- age  10:       9032 bytes,     156792 total
- age  11:      11312 bytes,     168104 total
- age  12:       9032 bytes,     177136 total
- age  13:      14560 bytes,     191696 total
- age  14:       9032 bytes,     200728 total
- age  15:      21640 bytes,     222368 total
, 0.0030599 secs]
   [Parallel Time: 1.3 ms, GC Workers: 4]
      [GC Worker Start (ms): Min: 553935.2, Avg: 553935.2, Max: 553935.2, Diff: 0.0]
      [Ext Root Scanning (ms): Min: 0.4, Avg: 0.4, Max: 0.4, Diff: 0.0, Sum: 1.6]
      [Update RS (ms): Min: 0.4, Avg: 0.4, Max: 0.5, Diff: 0.1, Sum: 1.6]
         [Processed Buffers: Min: 4, Avg: 4.8, Max: 6, Diff: 2, Sum: 19]
      [Scan RS (ms): Min: 0.0, Avg: 0.0, Max: 0.0, Diff: 0.0, Sum: 0.0]
      [Code Root Scanning (ms): Min: 0.0, Avg: 0.0, Max: 0.0, Diff: 0.0, Sum: 0.0]
      [Object Copy (ms): Min: 0.4, Avg: 0.4, Max: 0.5, Diff: 0.1, Sum: 1.8]
      [Termination (ms): Min: 0.0, Avg: 0.0, Max: 0.0, Diff: 0.0, Sum: 0.0]
         [Termination Attempts: Min: 1, Avg: 1.0, Max: 1, Diff: 0, Sum: 4]
      [GC Worker Other (ms): Min: 0.0, Avg: 0.0, Max: 0.0, Diff: 0.0, Sum: 0.0]
      [GC Worker Total (ms): Min: 1.3, Avg: 1.3, Max: 1.3, Diff: 0.0, Sum: 5.1]
      [GC Worker End (ms): Min: 553936.4, Avg: 553936.5, Max: 553936.5, Diff: 0.0]
   [Code Root Fixup: 0.0 ms]
   [Code Root Purge: 0.0 ms]
   [Clear CT: 0.0 ms]
   [Other: 1.7 ms]
      [Choose CSet: 0.0 ms]
      [Ref Proc: 0.0 ms]
      [Ref Enq: 0.0 ms]
      [Redirty Cards: 0.0 ms]
      [Humongous Register: 0.7 ms]
      [Humongous Reclaim: 0.3 ms]
      [Free CSet: 0.0 ms]
   [Eden: 1024.0K(1120.0M)->0.0B(1118.0M) Survivors: 1024.0K->1024.0K Heap: 3404.7M(5120.0M)->3404.2M(5120.0M)]
 [Times: user=0.00 sys=0.00, real=0.00 secs] 
2016-06-26T19:52:04.701+0300: 553.937: [GC concurrent-root-region-scan-start]
2016-06-26T19:52:04.701+0300: 553.937: Total time for which application threads were stopped: 0.0036257 seconds, Stopping threads took: 0.0000654 seconds
2016-06-26T19:52:04.702+0300: 553.939: [GC concurrent-root-region-scan-end, 0.0014399 secs]
2016-06-26T19:52:04.702+0300: 553.939: [GC concurrent-mark-start]
2016-06-26T19:52:04.739+0300: 553.975: [GC concurrent-mark-end, 0.0360350 secs]
2016-06-26T19:52:04.772+0300: 554.008: [GC remark 2016-06-26T19:52:04.772+0300: 554.008: [Finalize Marking, 0.0004460 secs] 2016-06-26T19:52:04.772+0300: 554.009: [GC ref-proc, 0.0001095 secs] 2016-06-26T19:52:04.772+0300: 554.009: [Unloading, 0.0018167 secs], 0.0210055 secs]
 [Times: user=0.06 sys=0.00, real=0.02 secs] 
2016-06-26T19:52:04.793+0300: 554.029: Total time for which application threads were stopped: 0.0240804 seconds, Stopping threads took: 0.0027665 seconds
2016-06-26T19:52:05.213+0300: 554.450: Total time for which application threads were stopped: 0.0022862 seconds, Stopping threads took: 0.0014788 seconds
2016-06-26T19:52:05.371+0300: 554.608: [GC cleanup 3817M->3811M(5120M), 0.0022465 secs]
 [Times: user=0.02 sys=0.00, real=0.00 secs] 
2016-06-26T19:52:05.373+0300: 554.610: Total time for which application threads were stopped: 0.0073159 seconds, Stopping threads took: 0.0047688 seconds
2016-06-26T19:52:05.373+0300: 554.610: [GC concurrent-cleanup-start]
2016-06-26T19:52:05.373+0300: 554.610: [GC concurrent-cleanup-end, 0.0000231 secs]
2016-06-26T19:52:07.190+0300: 556.427: [GC pause (G1 Humongous Allocation) (young)
Desired survivor size 73400320 bytes, new threshold 15 (max 15)
- age   1:         40 bytes,         40 total
- age   2:      44264 bytes,      44304 total
- age   3:         16 bytes,      44320 total
- age   4:      25096 bytes,      69416 total
- age   5:       9104 bytes,      78520 total
- age   6:      27304 bytes,     105824 total
- age   7:         16 bytes,     105840 total
- age   8:      24728 bytes,     130568 total
- age  10:      17184 bytes,     147752 total
- age  11:       9032 bytes,     156784 total
- age  12:      11312 bytes,     168096 total
- age  13:       9032 bytes,     177128 total
- age  14:      14560 bytes,     191688 total
- age  15:       9032 bytes,     200720 total
, 0.0587242 secs]
   [Parallel Time: 50.9 ms, GC Workers: 4]
      [GC Worker Start (ms): Min: 556432.7, Avg: 556432.7, Max: 556432.7, Diff: 0.0]
      [Ext Root Scanning (ms): Min: 0.4, Avg: 0.4, Max: 0.4, Diff: 0.0, Sum: 1.6]
      [Update RS (ms): Min: 49.9, Avg: 50.0, Max: 50.0, Diff: 0.1, Sum: 199.8]
         [Processed Buffers: Min: 500, Avg: 520.3, Max: 535, Diff: 35, Sum: 2081]
      [Scan RS (ms): Min: 0.0, Avg: 0.0, Max: 0.0, Diff: 0.0, Sum: 0.0]
      [Code Root Scanning (ms): Min: 0.0, Avg: 0.0, Max: 0.0, Diff: 0.0, Sum: 0.0]
      [Object Copy (ms): Min: 0.4, Avg: 0.5, Max: 0.5, Diff: 0.0, Sum: 1.8]
      [Termination (ms): Min: 0.0, Avg: 0.0, Max: 0.0, Diff: 0.0, Sum: 0.0]
         [Termination Attempts: Min: 1, Avg: 1.0, Max: 1, Diff: 0, Sum: 4]
      [GC Worker Other (ms): Min: 0.0, Avg: 0.0, Max: 0.0, Diff: 0.0, Sum: 0.1]
      [GC Worker Total (ms): Min: 50.8, Avg: 50.9, Max: 50.9, Diff: 0.0, Sum: 203.4]
      [GC Worker End (ms): Min: 556483.6, Avg: 556483.6, Max: 556483.6, Diff: 0.0]
   [Code Root Fixup: 0.0 ms]
   [Code Root Purge: 0.0 ms]
   [Clear CT: 0.0 ms]
   [Other: 7.8 ms]
      [Choose CSet: 0.0 ms]
      [Ref Proc: 0.0 ms]
      [Ref Enq: 0.0 ms]
      [Redirty Cards: 0.0 ms]
      [Humongous Register: 0.9 ms]
      [Humongous Reclaim: 1.6 ms]
      [Free CSet: 0.1 ms]
   [Eden: 63.0M(1118.0M)->0.0B(617.0M) Survivors: 1024.0K->1024.0K Heap: 4982.8M(5120.0M)->3894.5M(5120.0M)]
 [Times: user=0.20 sys=0.00, real=0.06 secs] 
2016-06-26T19:52:07.249+0300: 556.486: Total time for which application threads were stopped: 0.0654888 seconds, Stopping threads took: 0.0057819 seconds
2016-06-26T19:52:07.252+0300: 556.489: [GC pause (G1 Humongous Allocation) (young) (initial-mark)
Desired survivor size 40894464 bytes, new threshold 15 (max 15)
- age   1:      40792 bytes,      40792 total
- age   2:         16 bytes,      40808 total
- age   3:      37192 bytes,      78000 total
- age   4:         16 bytes,      78016 total
- age   5:      20896 bytes,      98912 total
- age   6:       9032 bytes,     107944 total
- age   7:      24392 bytes,     132336 total
- age   9:      22640 bytes,     154976 total
- age  11:      15840 bytes,     170816 total
- age  12:       9032 bytes,     179848 total
- age  13:      10856 bytes,     190704 total
- age  14:       9032 bytes,     199736 total
- age  15:      14472 bytes,     214208 total
, 0.0031728 secs]
   [Parallel Time: 1.4 ms, GC Workers: 4]
      [GC Worker Start (ms): Min: 556489.6, Avg: 556489.6, Max: 556489.6, Diff: 0.0]
      [Ext Root Scanning (ms): Min: 0.5, Avg: 0.5, Max: 0.5, Diff: 0.0, Sum: 1.9]
      [Update RS (ms): Min: 0.4, Avg: 0.4, Max: 0.4, Diff: 0.0, Sum: 1.7]
         [Processed Buffers: Min: 5, Avg: 5.0, Max: 5, Diff: 0, Sum: 20]
      [Scan RS (ms): Min: 0.0, Avg: 0.0, Max: 0.0, Diff: 0.0, Sum: 0.0]
      [Code Root Scanning (ms): Min: 0.0, Avg: 0.0, Max: 0.0, Diff: 0.0, Sum: 0.0]
      [Object Copy (ms): Min: 0.4, Avg: 0.4, Max: 0.5, Diff: 0.1, Sum: 1.8]
      [Termination (ms): Min: 0.0, Avg: 0.0, Max: 0.0, Diff: 0.0, Sum: 0.0]
         [Termination Attempts: Min: 1, Avg: 1.0, Max: 1, Diff: 0, Sum: 4]
      [GC Worker Other (ms): Min: 0.0, Avg: 0.0, Max: 0.0, Diff: 0.0, Sum: 0.0]
      [GC Worker Total (ms): Min: 1.3, Avg: 1.3, Max: 1.4, Diff: 0.0, Sum: 5.4]
      [GC Worker End (ms): Min: 556491.0, Avg: 556491.0, Max: 556491.0, Diff: 0.0]
   [Code Root Fixup: 0.0 ms]
   [Code Root Purge: 0.0 ms]
   [Clear CT: 0.0 ms]
   [Other: 1.7 ms]
      [Choose CSet: 0.0 ms]
      [Ref Proc: 0.0 ms]
      [Ref Enq: 0.0 ms]
      [Redirty Cards: 0.0 ms]
      [Humongous Register: 0.7 ms]
      [Humongous Reclaim: 0.3 ms]
      [Free CSet: 0.0 ms]
   [Eden: 1024.0K(617.0M)->0.0B(616.0M) Survivors: 1024.0K->1024.0K Heap: 3896.9M(5120.0M)->3896.4M(5120.0M)]
 [Times: user=0.00 sys=0.00, real=0.00 secs] 
2016-06-26T19:52:07.256+0300: 556.492: [GC concurrent-root-region-scan-start]
2016-06-26T19:52:07.256+0300: 556.492: Total time for which application threads were stopped: 0.0039075 seconds, Stopping threads took: 0.0000894 seconds
2016-06-26T19:52:07.257+0300: 556.494: [GC concurrent-root-region-scan-end, 0.0016229 secs]
2016-06-26T19:52:07.257+0300: 556.494: [GC concurrent-mark-start]
2016-06-26T19:52:07.267+0300: 556.503: Total time for which application threads were stopped: 0.0012894 seconds, Stopping threads took: 0.0003426 seconds
2016-06-26T19:52:07.293+0300: 556.529: [GC concurrent-mark-end, 0.0353760 secs]
2016-06-26T19:52:08.210+0300: 557.446: [GC remark 2016-06-26T19:52:08.210+0300: 557.446: [Finalize Marking, 0.0039045 secs] 2016-06-26T19:52:08.214+0300: 557.450: [GC ref-proc, 0.0001061 secs] 2016-06-26T19:52:08.214+0300: 557.450: [Unloading, 0.0018505 secs], 0.0272407 secs]
 [Times: user=0.13 sys=0.00, real=0.03 secs] 
2016-06-26T19:52:08.237+0300: 557.474: Total time for which application threads were stopped: 0.0339660 seconds, Stopping threads took: 0.0062972 seconds
2016-06-26T19:52:08.277+0300: 557.514: [GC cleanup 4483M->4483M(5120M), 0.0021357 secs]
 [Times: user=0.00 sys=0.00, real=0.00 secs] 
2016-06-26T19:52:08.279+0300: 557.516: Total time for which application threads were stopped: 0.0027289 seconds, Stopping threads took: 0.0001818 seconds
2016-06-26T19:52:09.076+0300: 558.313: [GC pause (G1 Humongous Allocation) (young)
Desired survivor size 40894464 bytes, new threshold 15 (max 15)
- age   1:         40 bytes,         40 total
- age   2:      40744 bytes,      40784 total
- age   3:         16 bytes,      40800 total
- age   4:      37192 bytes,      77992 total
- age   5:         16 bytes,      78008 total
- age   6:      20896 bytes,      98904 total
- age   7:       9032 bytes,     107936 total
- age   8:      24392 bytes,     132328 total
- age  10:      22640 bytes,     154968 total
- age  12:      15840 bytes,     170808 total
- age  13:       9032 bytes,     179840 total
- age  14:      10856 bytes,     190696 total
- age  15:       9032 bytes,     199728 total
, 0.0424934 secs]
   [Parallel Time: 35.9 ms, GC Workers: 4]
      [GC Worker Start (ms): Min: 558317.1, Avg: 558317.1, Max: 558317.1, Diff: 0.0]
      [Ext Root Scanning (ms): Min: 0.4, Avg: 0.4, Max: 0.4, Diff: 0.0, Sum: 1.5]
      [Update RS (ms): Min: 35.0, Avg: 35.0, Max: 35.1, Diff: 0.1, Sum: 140.1]
         [Processed Buffers: Min: 368, Avg: 371.3, Max: 374, Diff: 6, Sum: 1485]
      [Scan RS (ms): Min: 0.0, Avg: 0.0, Max: 0.0, Diff: 0.0, Sum: 0.0]
      [Code Root Scanning (ms): Min: 0.0, Avg: 0.0, Max: 0.0, Diff: 0.0, Sum: 0.0]
      [Object Copy (ms): Min: 0.4, Avg: 0.4, Max: 0.4, Diff: 0.0, Sum: 1.7]
      [Termination (ms): Min: 0.0, Avg: 0.0, Max: 0.0, Diff: 0.0, Sum: 0.0]
         [Termination Attempts: Min: 1, Avg: 1.0, Max: 1, Diff: 0, Sum: 4]
      [GC Worker Other (ms): Min: 0.0, Avg: 0.0, Max: 0.0, Diff: 0.0, Sum: 0.1]
      [GC Worker Total (ms): Min: 35.8, Avg: 35.9, Max: 35.9, Diff: 0.0, Sum: 143.4]
      [GC Worker End (ms): Min: 558352.9, Avg: 558352.9, Max: 558352.9, Diff: 0.0]
   [Code Root Fixup: 0.0 ms]
   [Code Root Purge: 0.0 ms]
   [Clear CT: 0.0 ms]
   [Other: 6.5 ms]
      [Choose CSet: 0.0 ms]
      [Ref Proc: 0.0 ms]
      [Ref Enq: 0.0 ms]
      [Redirty Cards: 0.0 ms]
      [Humongous Register: 0.8 ms]
      [Humongous Reclaim: 2.1 ms]
      [Free CSet: 0.1 ms]
   [Eden: 63.0M(616.0M)->0.0B(1007.0M) Survivors: 1024.0K->1024.0K Heap: 4982.3M(5120.0M)->3513.7M(5120.0M)]
 [Times: user=0.13 sys=0.00, real=0.04 secs] 
2016-06-26T19:52:09.119+0300: 558.356: Total time for which application threads were stopped: 0.0486649 seconds, Stopping threads took: 0.0053179 seconds
2016-06-26T19:52:09.127+0300: 558.364: [GC pause (G1 Humongous Allocation) (young) (initial-mark)
Desired survivor size 66060288 bytes, new threshold 15 (max 15)
- age   1:      38704 bytes,      38704 total
- age   2:         16 bytes,      38720 total
- age   3:      32920 bytes,      71640 total
- age   4:         16 bytes,      71656 total
- age   5:      31752 bytes,     103408 total
- age   6:         16 bytes,     103424 total
- age   7:      17744 bytes,     121168 total
- age   8:       9032 bytes,     130200 total
- age   9:      22504 bytes,     152704 total
- age  11:      20848 bytes,     173552 total
- age  13:      15032 bytes,     188584 total
- age  14:       9032 bytes,     197616 total
- age  15:      10808 bytes,     208424 total
, 0.0030671 secs]
   [Parallel Time: 1.4 ms, GC Workers: 4]
      [GC Worker Start (ms): Min: 558365.2, Avg: 558365.2, Max: 558365.2, Diff: 0.0]
      [Ext Root Scanning (ms): Min: 0.4, Avg: 0.4, Max: 0.5, Diff: 0.0, Sum: 1.8]
      [Update RS (ms): Min: 0.4, Avg: 0.4, Max: 0.5, Diff: 0.1, Sum: 1.7]
         [Processed Buffers: Min: 5, Avg: 5.0, Max: 5, Diff: 0, Sum: 20]
      [Scan RS (ms): Min: 0.0, Avg: 0.0, Max: 0.0, Diff: 0.0, Sum: 0.0]
      [Code Root Scanning (ms): Min: 0.0, Avg: 0.0, Max: 0.0, Diff: 0.0, Sum: 0.0]
      [Object Copy (ms): Min: 0.4, Avg: 0.4, Max: 0.4, Diff: 0.1, Sum: 1.7]
      [Termination (ms): Min: 0.0, Avg: 0.0, Max: 0.0, Diff: 0.0, Sum: 0.0]
         [Termination Attempts: Min: 1, Avg: 1.0, Max: 1, Diff: 0, Sum: 4]
      [GC Worker Other (ms): Min: 0.0, Avg: 0.0, Max: 0.0, Diff: 0.0, Sum: 0.0]
      [GC Worker Total (ms): Min: 1.3, Avg: 1.3, Max: 1.3, Diff: 0.0, Sum: 5.2]
      [GC Worker End (ms): Min: 558366.5, Avg: 558366.5, Max: 558366.5, Diff: 0.0]
   [Code Root Fixup: 0.0 ms]
   [Code Root Purge: 0.0 ms]
   [Clear CT: 0.0 ms]
   [Other: 1.7 ms]
      [Choose CSet: 0.0 ms]
      [Ref Proc: 0.0 ms]
      [Ref Enq: 0.0 ms]
      [Redirty Cards: 0.0 ms]
      [Humongous Register: 0.7 ms]
      [Humongous Reclaim: 0.3 ms]
      [Free CSet: 0.0 ms]
   [Eden: 1024.0K(1007.0M)->0.0B(1006.0M) Survivors: 1024.0K->1024.0K Heap: 3516.1M(5120.0M)->3515.5M(5120.0M)]
 [Times: user=0.00 sys=0.00, real=0.00 secs] 
2016-06-26T19:52:09.131+0300: 558.367: [GC concurrent-root-region-scan-start]
2016-06-26T19:52:09.131+0300: 558.367: Total time for which application threads were stopped: 0.0037492 seconds, Stopping threads took: 0.0000902 seconds
2016-06-26T19:52:09.132+0300: 558.369: [GC concurrent-root-region-scan-end, 0.0014540 secs]
2016-06-26T19:52:09.132+0300: 558.369: [GC concurrent-mark-start]
2016-06-26T19:52:09.174+0300: 558.410: [GC concurrent-mark-end, 0.0412280 secs]
2016-06-26T19:52:09.189+0300: 558.426: [GC remark 2016-06-26T19:52:09.189+0300: 558.426: [Finalize Marking, 0.0004336 secs] 2016-06-26T19:52:09.189+0300: 558.426: [GC ref-proc, 0.0001078 secs] 2016-06-26T19:52:09.190+0300: 558.426: [Unloading, 0.0018530 secs], 0.0216628 secs]
 [Times: user=0.06 sys=0.00, real=0.02 secs] 
2016-06-26T19:52:09.211+0300: 558.447: Total time for which application threads were stopped: 0.0230322 seconds, Stopping threads took: 0.0009969 seconds
2016-06-26T19:52:09.239+0300: 558.476: Total time for which application threads were stopped: 0.0010670 seconds, Stopping threads took: 0.0001741 seconds
2016-06-26T19:52:09.396+0300: 558.633: [GC cleanup 3647M->3647M(5120M), 0.0023252 secs]
 [Times: user=0.00 sys=0.00, real=0.00 secs] 
2016-06-26T19:52:09.399+0300: 558.635: Total time for which application threads were stopped: 0.0038061 seconds, Stopping threads took: 0.0011961 seconds
2016-06-26T19:52:10.443+0300: 559.679: Total time for which application threads were stopped: 0.0048714 seconds, Stopping threads took: 0.0045118 seconds
2016-06-26T19:52:11.243+0300: 560.480: Total time for which application threads were stopped: 0.0041688 seconds, Stopping threads took: 0.0033143 seconds
2016-06-26T19:52:11.513+0300: 560.750: [GC pause (G1 Humongous Allocation) (young)
Desired survivor size 66060288 bytes, new threshold 15 (max 15)
- age   1:         40 bytes,         40 total
- age   2:      38680 bytes,      38720 total
- age   3:         16 bytes,      38736 total
- age   4:      32920 bytes,      71656 total
- age   5:         16 bytes,      71672 total
- age   6:      31752 bytes,     103424 total
- age   7:         16 bytes,     103440 total
- age   8:      17744 bytes,     121184 total
- age   9:       9032 bytes,     130216 total
- age  10:      22504 bytes,     152720 total
- age  12:      20848 bytes,     173568 total
- age  14:      15032 bytes,     188600 total
- age  15:       9032 bytes,     197632 total
, 0.0562913 secs]
   [Parallel Time: 48.1 ms, GC Workers: 4]
      [GC Worker Start (ms): Min: 560755.4, Avg: 560755.4, Max: 560755.4, Diff: 0.0]
      [Ext Root Scanning (ms): Min: 0.3, Avg: 0.3, Max: 0.3, Diff: 0.0, Sum: 1.4]
      [Update RS (ms): Min: 47.2, Avg: 47.2, Max: 47.3, Diff: 0.0, Sum: 188.9]
         [Processed Buffers: Min: 501, Avg: 505.3, Max: 508, Diff: 7, Sum: 2021]
      [Scan RS (ms): Min: 0.0, Avg: 0.0, Max: 0.0, Diff: 0.0, Sum: 0.0]
      [Code Root Scanning (ms): Min: 0.0, Avg: 0.0, Max: 0.0, Diff: 0.0, Sum: 0.0]
      [Object Copy (ms): Min: 0.4, Avg: 0.4, Max: 0.4, Diff: 0.0, Sum: 1.7]
      [Termination (ms): Min: 0.0, Avg: 0.0, Max: 0.0, Diff: 0.0, Sum: 0.0]
         [Termination Attempts: Min: 1, Avg: 1.0, Max: 1, Diff: 0, Sum: 4]
      [GC Worker Other (ms): Min: 0.0, Avg: 0.0, Max: 0.0, Diff: 0.0, Sum: 0.1]
      [GC Worker Total (ms): Min: 48.0, Avg: 48.0, Max: 48.0, Diff: 0.0, Sum: 192.1]
      [GC Worker End (ms): Min: 560803.5, Avg: 560803.5, Max: 560803.5, Diff: 0.0]
   [Code Root Fixup: 0.0 ms]
   [Code Root Purge: 0.0 ms]
   [Clear CT: 0.0 ms]
   [Other: 8.2 ms]
      [Choose CSet: 0.0 ms]
      [Ref Proc: 0.1 ms]
      [Ref Enq: 0.0 ms]
      [Redirty Cards: 0.0 ms]
      [Humongous Register: 0.8 ms]
      [Humongous Reclaim: 2.2 ms]
      [Free CSet: 0.0 ms]
   [Eden: 62.0M(1006.0M)->0.0B(1128.0M) Survivors: 1024.0K->1024.0K Heap: 4981.8M(5120.0M)->3396.5M(5120.0M)]
 [Times: user=0.20 sys=0.00, real=0.06 secs] 
2016-06-26T19:52:11.570+0300: 560.806: Total time for which application threads were stopped: 0.0624935 seconds, Stopping threads took: 0.0053529 seconds
2016-06-26T19:52:11.572+0300: 560.809: [GC pause (G1 Humongous Allocation) (young) (initial-mark)
Desired survivor size 74448896 bytes, new threshold 15 (max 15)
- age   1:      44168 bytes,      44168 total
- age   3:      31928 bytes,      76096 total
- age   4:         16 bytes,      76112 total
- age   5:      28504 bytes,     104616 total
- age   6:         16 bytes,     104632 total
- age   7:      26256 bytes,     130888 total
- age   9:      14496 bytes,     145384 total
- age  10:       9032 bytes,     154416 total
- age  11:      20856 bytes,     175272 total
- age  13:      19864 bytes,     195136 total
- age  15:      14944 bytes,     210080 total
, 0.0034033 secs]
   [Parallel Time: 1.7 ms, GC Workers: 4]
      [GC Worker Start (ms): Min: 560809.7, Avg: 560809.7, Max: 560809.7, Diff: 0.0]
      [Ext Root Scanning (ms): Min: 0.4, Avg: 0.4, Max: 0.4, Diff: 0.0, Sum: 1.6]
      [Update RS (ms): Min: 0.8, Avg: 0.8, Max: 0.8, Diff: 0.1, Sum: 3.2]
         [Processed Buffers: Min: 8, Avg: 9.0, Max: 11, Diff: 3, Sum: 36]
      [Scan RS (ms): Min: 0.0, Avg: 0.0, Max: 0.0, Diff: 0.0, Sum: 0.0]
      [Code Root Scanning (ms): Min: 0.0, Avg: 0.0, Max: 0.0, Diff: 0.0, Sum: 0.0]
      [Object Copy (ms): Min: 0.4, Avg: 0.4, Max: 0.4, Diff: 0.1, Sum: 1.6]
      [Termination (ms): Min: 0.0, Avg: 0.0, Max: 0.0, Diff: 0.0, Sum: 0.0]
         [Termination Attempts: Min: 1, Avg: 1.0, Max: 1, Diff: 0, Sum: 4]
      [GC Worker Other (ms): Min: 0.0, Avg: 0.0, Max: 0.0, Diff: 0.0, Sum: 0.0]
      [GC Worker Total (ms): Min: 1.6, Avg: 1.6, Max: 1.6, Diff: 0.0, Sum: 6.5]
      [GC Worker End (ms): Min: 560811.3, Avg: 560811.3, Max: 560811.3, Diff: 0.0]
   [Code Root Fixup: 0.0 ms]
   [Code Root Purge: 0.0 ms]
   [Clear CT: 0.0 ms]
   [Other: 1.7 ms]
      [Choose CSet: 0.0 ms]
      [Ref Proc: 0.1 ms]
      [Ref Enq: 0.0 ms]
      [Redirty Cards: 0.0 ms]
      [Humongous Register: 0.6 ms]
      [Humongous Reclaim: 0.2 ms]
      [Free CSet: 0.0 ms]
   [Eden: 1024.0K(1128.0M)->0.0B(1124.0M) Survivors: 1024.0K->1024.0K Heap: 3400.9M(5120.0M)->3400.4M(5120.0M)]
 [Times: user=0.00 sys=0.00, real=0.00 secs] 
2016-06-26T19:52:11.576+0300: 560.812: [GC concurrent-root-region-scan-start]
2016-06-26T19:52:11.576+0300: 560.812: Total time for which application threads were stopped: 0.0039267 seconds, Stopping threads took: 0.0000624 seconds
2016-06-26T19:52:11.577+0300: 560.814: [GC concurrent-root-region-scan-end, 0.0015079 secs]
2016-06-26T19:52:11.577+0300: 560.814: [GC concurrent-mark-start]
2016-06-26T19:52:11.616+0300: 560.852: [GC concurrent-mark-end, 0.0374437 secs]
2016-06-26T19:52:11.637+0300: 560.873: [GC remark 2016-06-26T19:52:11.637+0300: 560.873: [Finalize Marking, 0.0003139 secs] 2016-06-26T19:52:11.637+0300: 560.874: [GC ref-proc, 0.0001052 secs] 2016-06-26T19:52:11.637+0300: 560.874: [Unloading, 0.0021943 secs], 0.0213087 secs]
 [Times: user=0.13 sys=0.00, real=0.02 secs] 
2016-06-26T19:52:11.658+0300: 560.895: Total time for which application threads were stopped: 0.0229171 seconds, Stopping threads took: 0.0013514 seconds
2016-06-26T19:52:11.669+0300: 560.905: [GC cleanup 3431M->3431M(5120M), 0.0023175 secs]
 [Times: user=0.06 sys=0.00, real=0.00 secs] 
2016-06-26T19:52:11.671+0300: 560.908: Total time for which application threads were stopped: 0.0027160 seconds, Stopping threads took: 0.0001048 seconds
2016-06-26T19:52:12.246+0300: 561.482: Total time for which application threads were stopped: 0.0020767 seconds, Stopping threads took: 0.0013090 seconds
2016-06-26T19:52:13.245+0300: 562.482: Total time for which application threads were stopped: 0.0060380 seconds, Stopping threads took: 0.0051066 seconds
2016-06-26T19:52:14.127+0300: 563.363: [GC pause (G1 Humongous Allocation) (young)
Desired survivor size 73924608 bytes, new threshold 15 (max 15)
- age   1:         40 bytes,         40 total
- age   2:      44144 bytes,      44184 total
- age   4:      31928 bytes,      76112 total
- age   5:         16 bytes,      76128 total
- age   6:      28504 bytes,     104632 total
- age   7:         16 bytes,     104648 total
- age   8:      26256 bytes,     130904 total
- age  10:      14496 bytes,     145400 total
- age  11:       9032 bytes,     154432 total
- age  12:      20856 bytes,     175288 total
- age  14:      19864 bytes,     195152 total
, 0.0574318 secs]
   [Parallel Time: 49.7 ms, GC Workers: 4]
      [GC Worker Start (ms): Min: 563369.2, Avg: 563369.2, Max: 563369.2, Diff: 0.0]
      [Ext Root Scanning (ms): Min: 0.4, Avg: 0.4, Max: 0.4, Diff: 0.0, Sum: 1.6]
      [Update RS (ms): Min: 48.5, Avg: 48.5, Max: 48.5, Diff: 0.0, Sum: 194.0]
         [Processed Buffers: Min: 511, Avg: 517.8, Max: 523, Diff: 12, Sum: 2071]
      [Scan RS (ms): Min: 0.0, Avg: 0.0, Max: 0.0, Diff: 0.0, Sum: 0.0]
      [Code Root Scanning (ms): Min: 0.0, Avg: 0.0, Max: 0.0, Diff: 0.0, Sum: 0.0]
      [Object Copy (ms): Min: 0.7, Avg: 0.7, Max: 0.7, Diff: 0.0, Sum: 2.9]
      [Termination (ms): Min: 0.0, Avg: 0.0, Max: 0.0, Diff: 0.0, Sum: 0.0]
         [Termination Attempts: Min: 1, Avg: 1.5, Max: 2, Diff: 1, Sum: 6]
      [GC Worker Other (ms): Min: 0.0, Avg: 0.0, Max: 0.0, Diff: 0.0, Sum: 0.1]
      [GC Worker Total (ms): Min: 49.6, Avg: 49.7, Max: 49.7, Diff: 0.0, Sum: 198.6]
      [GC Worker End (ms): Min: 563418.9, Avg: 563418.9, Max: 563418.9, Diff: 0.0]
   [Code Root Fixup: 0.0 ms]
   [Code Root Purge: 0.0 ms]
   [Clear CT: 0.0 ms]
   [Other: 7.7 ms]
      [Choose CSet: 0.0 ms]
      [Ref Proc: 0.1 ms]
      [Ref Enq: 0.0 ms]
      [Redirty Cards: 0.0 ms]
      [Humongous Register: 0.8 ms]
      [Humongous Reclaim: 1.6 ms]
      [Free CSet: 0.0 ms]
   [Eden: 61.0M(1124.0M)->0.0B(606.0M) Survivors: 1024.0K->1024.0K Heap: 4982.9M(5120.0M)->3906.4M(5120.0M)]
 [Times: user=0.19 sys=0.00, real=0.06 secs] 
2016-06-26T19:52:14.184+0300: 563.421: Total time for which application threads were stopped: 0.0669082 seconds, Stopping threads took: 0.0085420 seconds
2016-06-26T19:52:14.193+0300: 563.429: [GC pause (G1 Humongous Allocation) (young) (initial-mark)
Desired survivor size 39845888 bytes, new threshold 15 (max 15)
- age   1:     212016 bytes,     212016 total
- age   2:         16 bytes,     212032 total
- age   3:      37208 bytes,     249240 total
- age   5:      28216 bytes,     277456 total
- age   6:         16 bytes,     277472 total
- age   7:      25272 bytes,     302744 total
- age   9:      24488 bytes,     327232 total
- age  11:      13816 bytes,     341048 total
- age  12:       9032 bytes,     350080 total
- age  13:      20560 bytes,     370640 total
- age  15:      19816 bytes,     390456 total
, 0.0037873 secs]
   [Parallel Time: 2.0 ms, GC Workers: 4]
      [GC Worker Start (ms): Min: 563430.5, Avg: 563430.5, Max: 563430.5, Diff: 0.0]
      [Ext Root Scanning (ms): Min: 0.5, Avg: 0.5, Max: 0.5, Diff: 0.0, Sum: 1.9]
      [Update RS (ms): Min: 0.7, Avg: 0.8, Max: 0.8, Diff: 0.1, Sum: 3.1]
         [Processed Buffers: Min: 8, Avg: 9.0, Max: 10, Diff: 2, Sum: 36]
      [Scan RS (ms): Min: 0.0, Avg: 0.0, Max: 0.0, Diff: 0.0, Sum: 0.0]
      [Code Root Scanning (ms): Min: 0.0, Avg: 0.0, Max: 0.0, Diff: 0.0, Sum: 0.0]
      [Object Copy (ms): Min: 0.7, Avg: 0.7, Max: 0.8, Diff: 0.1, Sum: 2.9]
      [Termination (ms): Min: 0.0, Avg: 0.0, Max: 0.0, Diff: 0.0, Sum: 0.0]
         [Termination Attempts: Min: 1, Avg: 1.0, Max: 1, Diff: 0, Sum: 4]
      [GC Worker Other (ms): Min: 0.0, Avg: 0.0, Max: 0.0, Diff: 0.0, Sum: 0.0]
      [GC Worker Total (ms): Min: 2.0, Avg: 2.0, Max: 2.0, Diff: 0.0, Sum: 8.0]
      [GC Worker End (ms): Min: 563432.5, Avg: 563432.5, Max: 563432.5, Diff: 0.0]
   [Code Root Fixup: 0.0 ms]
   [Code Root Purge: 0.0 ms]
   [Clear CT: 0.0 ms]
   [Other: 1.7 ms]
      [Choose CSet: 0.0 ms]
      [Ref Proc: 0.0 ms]
      [Ref Enq: 0.0 ms]
      [Redirty Cards: 0.0 ms]
      [Humongous Register: 0.7 ms]
      [Humongous Reclaim: 0.3 ms]
      [Free CSet: 0.0 ms]
   [Eden: 1024.0K(606.0M)->0.0B(600.0M) Survivors: 1024.0K->1024.0K Heap: 3911.3M(5120.0M)->3910.5M(5120.0M)]
 [Times: user=0.00 sys=0.00, real=0.00 secs] 
2016-06-26T19:52:14.197+0300: 563.433: [GC concurrent-root-region-scan-start]
2016-06-26T19:52:14.197+0300: 563.433: Total time for which application threads were stopped: 0.0045271 seconds, Stopping threads took: 0.0000881 seconds
2016-06-26T19:52:14.199+0300: 563.435: [GC concurrent-root-region-scan-end, 0.0020160 secs]
2016-06-26T19:52:14.199+0300: 563.435: [GC concurrent-mark-start]
2016-06-26T19:52:14.237+0300: 563.473: [GC concurrent-mark-end, 0.0375728 secs]
2016-06-26T19:52:14.252+0300: 563.488: [GC remark 2016-06-26T19:52:14.252+0300: 563.488: [Finalize Marking, 0.0008989 secs] 2016-06-26T19:52:14.253+0300: 563.489: [GC ref-proc, 0.0001039 secs] 2016-06-26T19:52:14.253+0300: 563.489: [Unloading, 0.0018453 secs], 0.0241103 secs]
 [Times: user=0.06 sys=0.00, real=0.02 secs] 
2016-06-26T19:52:14.276+0300: 563.512: Total time for which application threads were stopped: 0.0272078 seconds, Stopping threads took: 0.0026852 seconds
2016-06-26T19:52:14.280+0300: 563.517: [GC cleanup 3944M->3935M(5120M), 0.0022140 secs]
 [Times: user=0.00 sys=0.00, real=0.00 secs] 
2016-06-26T19:52:14.283+0300: 563.519: Total time for which application threads were stopped: 0.0026942 seconds, Stopping threads took: 0.0000684 seconds
2016-06-26T19:52:14.283+0300: 563.519: [GC concurrent-cleanup-start]
2016-06-26T19:52:14.283+0300: 563.519: [GC concurrent-cleanup-end, 0.0000252 secs]
2016-06-26T19:52:15.247+0300: 564.484: Total time for which application threads were stopped: 0.0069143 seconds, Stopping threads took: 0.0059012 seconds
2016-06-26T19:52:15.845+0300: 565.081: [GC pause (G1 Humongous Allocation) (young)
Desired survivor size 39845888 bytes, new threshold 15 (max 15)
- age   1:       9152 bytes,       9152 total
- age   2:     211992 bytes,     221144 total
- age   3:         16 bytes,     221160 total
- age   4:      37152 bytes,     258312 total
- age   6:      28216 bytes,     286528 total
- age   7:         16 bytes,     286544 total
- age   8:      25272 bytes,     311816 total
- age  10:      24488 bytes,     336304 total
- age  12:      13816 bytes,     350120 total
- age  13:       9032 bytes,     359152 total
- age  14:      20560 bytes,     379712 total
, 0.0534790 secs]
   [Parallel Time: 46.0 ms, GC Workers: 4]
      [GC Worker Start (ms): Min: 565086.5, Avg: 565086.6, Max: 565086.6, Diff: 0.0]
      [Ext Root Scanning (ms): Min: 0.4, Avg: 0.4, Max: 0.4, Diff: 0.0, Sum: 1.6]
      [Update RS (ms): Min: 45.1, Avg: 45.1, Max: 45.1, Diff: 0.0, Sum: 180.3]
         [Processed Buffers: Min: 430, Avg: 464.5, Max: 484, Diff: 54, Sum: 1858]
      [Scan RS (ms): Min: 0.0, Avg: 0.0, Max: 0.0, Diff: 0.0, Sum: 0.0]
      [Code Root Scanning (ms): Min: 0.0, Avg: 0.0, Max: 0.0, Diff: 0.0, Sum: 0.0]
      [Object Copy (ms): Min: 0.4, Avg: 0.4, Max: 0.4, Diff: 0.0, Sum: 1.6]
      [Termination (ms): Min: 0.0, Avg: 0.0, Max: 0.0, Diff: 0.0, Sum: 0.0]
         [Termination Attempts: Min: 1, Avg: 1.0, Max: 1, Diff: 0, Sum: 4]
      [GC Worker Other (ms): Min: 0.0, Avg: 0.0, Max: 0.0, Diff: 0.0, Sum: 0.1]
      [GC Worker Total (ms): Min: 45.9, Avg: 45.9, Max: 45.9, Diff: 0.0, Sum: 183.7]
      [GC Worker End (ms): Min: 565132.5, Avg: 565132.5, Max: 565132.5, Diff: 0.0]
   [Code Root Fixup: 0.0 ms]
   [Code Root Purge: 0.0 ms]
   [Clear CT: 0.0 ms]
   [Other: 7.5 ms]
      [Choose CSet: 0.0 ms]
      [Ref Proc: 0.1 ms]
      [Ref Enq: 0.0 ms]
      [Redirty Cards: 0.0 ms]
      [Humongous Register: 0.7 ms]
      [Humongous Reclaim: 2.1 ms]
      [Free CSet: 0.1 ms]
   [Eden: 58.0M(600.0M)->0.0B(851.0M) Survivors: 1024.0K->1024.0K Heap: 4982.2M(5120.0M)->3664.0M(5120.0M)]
 [Times: user=0.19 sys=0.00, real=0.05 secs] 
2016-06-26T19:52:15.899+0300: 565.135: Total time for which application threads were stopped: 0.0584359 seconds, Stopping threads took: 0.0040584 seconds
2016-06-26T19:52:15.901+0300: 565.137: [GC pause (G1 Humongous Allocation) (young) (initial-mark)
Desired survivor size 56098816 bytes, new threshold 15 (max 15)
- age   1:      18168 bytes,      18168 total
- age   2:       9128 bytes,      27296 total
- age   3:      34976 bytes,      62272 total
- age   4:         16 bytes,      62288 total
- age   5:      32848 bytes,      95136 total
- age   7:      25224 bytes,     120360 total
- age   8:         16 bytes,     120376 total
- age   9:      22360 bytes,     142736 total
- age  11:      22848 bytes,     165584 total
- age  13:      13248 bytes,     178832 total
- age  14:       9032 bytes,     187864 total
- age  15:      20536 bytes,     208400 total
, 0.0035324 secs]
   [Parallel Time: 1.8 ms, GC Workers: 4]
      [GC Worker Start (ms): Min: 565138.4, Avg: 565138.4, Max: 565138.4, Diff: 0.0]
      [Ext Root Scanning (ms): Min: 0.5, Avg: 0.5, Max: 0.5, Diff: 0.0, Sum: 2.0]
      [Update RS (ms): Min: 0.7, Avg: 0.8, Max: 0.9, Diff: 0.2, Sum: 3.2]
         [Processed Buffers: Min: 8, Avg: 8.5, Max: 10, Diff: 2, Sum: 34]
      [Scan RS (ms): Min: 0.0, Avg: 0.0, Max: 0.0, Diff: 0.0, Sum: 0.0]
      [Code Root Scanning (ms): Min: 0.0, Avg: 0.0, Max: 0.0, Diff: 0.0, Sum: 0.0]
      [Object Copy (ms): Min: 0.4, Avg: 0.4, Max: 0.5, Diff: 0.1, Sum: 1.7]
      [Termination (ms): Min: 0.0, Avg: 0.0, Max: 0.0, Diff: 0.0, Sum: 0.0]
         [Termination Attempts: Min: 1, Avg: 1.0, Max: 1, Diff: 0, Sum: 4]
      [GC Worker Other (ms): Min: 0.0, Avg: 0.0, Max: 0.0, Diff: 0.0, Sum: 0.0]
      [GC Worker Total (ms): Min: 1.7, Avg: 1.7, Max: 1.7, Diff: 0.0, Sum: 7.0]
      [GC Worker End (ms): Min: 565140.1, Avg: 565140.1, Max: 565140.1, Diff: 0.0]
   [Code Root Fixup: 0.0 ms]
   [Code Root Purge: 0.0 ms]
   [Clear CT: 0.0 ms]
   [Other: 1.7 ms]
      [Choose CSet: 0.0 ms]
      [Ref Proc: 0.1 ms]
      [Ref Enq: 0.0 ms]
      [Redirty Cards: 0.0 ms]
      [Humongous Register: 0.6 ms]
      [Humongous Reclaim: 0.3 ms]
      [Free CSet: 0.0 ms]
   [Eden: 1024.0K(851.0M)->0.0B(848.0M) Survivors: 1024.0K->1024.0K Heap: 3668.4M(5120.0M)->3668.0M(5120.0M)]
 [Times: user=0.02 sys=0.00, real=0.00 secs] 
2016-06-26T19:52:15.905+0300: 565.141: [GC concurrent-root-region-scan-start]
2016-06-26T19:52:15.905+0300: 565.141: Total time for which application threads were stopped: 0.0043120 seconds, Stopping threads took: 0.0001574 seconds
2016-06-26T19:52:15.906+0300: 565.143: [GC concurrent-root-region-scan-end, 0.0014108 secs]
2016-06-26T19:52:15.906+0300: 565.143: [GC concurrent-mark-start]
2016-06-26T19:52:15.941+0300: 565.178: [GC concurrent-mark-end, 0.0351771 secs]
2016-06-26T19:52:15.956+0300: 565.192: [GC remark 2016-06-26T19:52:15.956+0300: 565.192: [Finalize Marking, 0.0004144 secs] 2016-06-26T19:52:15.956+0300: 565.193: [GC ref-proc, 0.0001091 secs] 2016-06-26T19:52:15.956+0300: 565.193: [Unloading, 0.0019343 secs], 0.0226212 secs]
 [Times: user=0.06 sys=0.00, real=0.02 secs] 
2016-06-26T19:52:15.979+0300: 565.215: Total time for which application threads were stopped: 0.0244477 seconds, Stopping threads took: 0.0013899 seconds
2016-06-26T19:52:15.982+0300: 565.218: [GC cleanup 3699M->3699M(5120M), 0.0021793 secs]
 [Times: user=0.06 sys=0.00, real=0.00 secs] 
2016-06-26T19:52:15.984+0300: 565.220: Total time for which application threads were stopped: 0.0026698 seconds, Stopping threads took: 0.0000449 seconds
2016-06-26T19:52:16.244+0300: 565.481: Total time for which application threads were stopped: 0.0040773 seconds, Stopping threads took: 0.0030902 seconds
2016-06-26T19:52:17.246+0300: 566.483: Total time for which application threads were stopped: 0.0060932 seconds, Stopping threads took: 0.0050104 seconds
2016-06-26T19:52:18.159+0300: 567.395: [GC pause (G1 Humongous Allocation) (young)
Desired survivor size 56098816 bytes, new threshold 15 (max 15)
- age   1:         40 bytes,         40 total
- age   2:      18144 bytes,      18184 total
- age   3:       9128 bytes,      27312 total
- age   4:      34976 bytes,      62288 total
- age   5:         16 bytes,      62304 total
- age   6:      32848 bytes,      95152 total
- age   8:      25224 bytes,     120376 total
- age   9:         16 bytes,     120392 total
- age  10:      22360 bytes,     142752 total
- age  12:      22848 bytes,     165600 total
- age  14:      13248 bytes,     178848 total
- age  15:       9032 bytes,     187880 total
, 0.0585861 secs]
   [Parallel Time: 49.9 ms, GC Workers: 4]
      [GC Worker Start (ms): Min: 567401.6, Avg: 567401.6, Max: 567401.6, Diff: 0.0]
      [Ext Root Scanning (ms): Min: 0.4, Avg: 0.4, Max: 0.4, Diff: 0.0, Sum: 1.5]
      [Update RS (ms): Min: 49.1, Avg: 49.1, Max: 49.1, Diff: 0.1, Sum: 196.3]
         [Processed Buffers: Min: 501, Avg: 518.0, Max: 530, Diff: 29, Sum: 2072]
      [Scan RS (ms): Min: 0.0, Avg: 0.0, Max: 0.0, Diff: 0.0, Sum: 0.0]
      [Code Root Scanning (ms): Min: 0.0, Avg: 0.0, Max: 0.0, Diff: 0.0, Sum: 0.0]
      [Object Copy (ms): Min: 0.4, Avg: 0.4, Max: 0.4, Diff: 0.0, Sum: 1.7]
      [Termination (ms): Min: 0.0, Avg: 0.0, Max: 0.0, Diff: 0.0, Sum: 0.0]
         [Termination Attempts: Min: 1, Avg: 1.0, Max: 1, Diff: 0, Sum: 4]
      [GC Worker Other (ms): Min: 0.0, Avg: 0.0, Max: 0.0, Diff: 0.0, Sum: 0.1]
      [GC Worker Total (ms): Min: 49.9, Avg: 49.9, Max: 49.9, Diff: 0.0, Sum: 199.6]
      [GC Worker End (ms): Min: 567451.5, Avg: 567451.5, Max: 567451.5, Diff: 0.0]
   [Code Root Fixup: 0.0 ms]
   [Code Root Purge: 0.0 ms]
   [Clear CT: 0.0 ms]
   [Other: 8.6 ms]
      [Choose CSet: 0.0 ms]
      [Ref Proc: 0.0 ms]
      [Ref Enq: 0.0 ms]
      [Redirty Cards: 0.0 ms]
      [Humongous Register: 0.8 ms]
      [Humongous Reclaim: 2.0 ms]
      [Free CSet: 0.1 ms]
   [Eden: 63.0M(848.0M)->0.0B(976.0M) Survivors: 1024.0K->1024.0K Heap: 4982.9M(5120.0M)->3543.1M(5120.0M)]
 [Times: user=0.20 sys=0.00, real=0.06 secs] 
2016-06-26T19:52:18.217+0300: 567.454: Total time for which application threads were stopped: 0.0637932 seconds, Stopping threads took: 0.0042919 seconds
2016-06-26T19:52:18.221+0300: 567.457: [GC pause (G1 Humongous Allocation) (young) (initial-mark)
Desired survivor size 64487424 bytes, new threshold 15 (max 15)
- age   1:      51688 bytes,      51688 total
- age   2:         16 bytes,      51704 total
- age   3:      12176 bytes,      63880 total
- age   4:       9032 bytes,      72912 total
- age   5:      30800 bytes,     103712 total
- age   7:      28272 bytes,     131984 total
- age   9:      22272 bytes,     154256 total
- age  11:      20456 bytes,     174712 total
- age  13:      21816 bytes,     196528 total
- age  15:      13176 bytes,     209704 total
, 0.0034696 secs]
   [Parallel Time: 1.7 ms, GC Workers: 4]
      [GC Worker Start (ms): Min: 567458.5, Avg: 567458.5, Max: 567458.5, Diff: 0.0]
      [Ext Root Scanning (ms): Min: 0.4, Avg: 0.4, Max: 0.4, Diff: 0.0, Sum: 1.7]
      [Update RS (ms): Min: 0.7, Avg: 0.8, Max: 0.9, Diff: 0.1, Sum: 3.2]
         [Processed Buffers: Min: 9, Avg: 9.0, Max: 9, Diff: 0, Sum: 36]
      [Scan RS (ms): Min: 0.0, Avg: 0.0, Max: 0.0, Diff: 0.0, Sum: 0.0]
      [Code Root Scanning (ms): Min: 0.0, Avg: 0.0, Max: 0.0, Diff: 0.0, Sum: 0.0]
      [Object Copy (ms): Min: 0.4, Avg: 0.4, Max: 0.5, Diff: 0.1, Sum: 1.7]
      [Termination (ms): Min: 0.0, Avg: 0.0, Max: 0.0, Diff: 0.0, Sum: 0.0]
         [Termination Attempts: Min: 1, Avg: 1.0, Max: 1, Diff: 0, Sum: 4]
      [GC Worker Other (ms): Min: 0.0, Avg: 0.0, Max: 0.0, Diff: 0.0, Sum: 0.0]
      [GC Worker Total (ms): Min: 1.7, Avg: 1.7, Max: 1.7, Diff: 0.0, Sum: 6.7]
      [GC Worker End (ms): Min: 567460.2, Avg: 567460.2, Max: 567460.2, Diff: 0.0]
   [Code Root Fixup: 0.0 ms]
   [Code Root Purge: 0.0 ms]
   [Clear CT: 0.0 ms]
   [Other: 1.7 ms]
      [Choose CSet: 0.0 ms]
      [Ref Proc: 0.0 ms]
      [Ref Enq: 0.0 ms]
      [Redirty Cards: 0.0 ms]
      [Humongous Register: 0.6 ms]
      [Humongous Reclaim: 0.3 ms]
      [Free CSet: 0.0 ms]
   [Eden: 1024.0K(976.0M)->0.0B(973.0M) Survivors: 1024.0K->1024.0K Heap: 3547.5M(5120.0M)->3546.9M(5120.0M)]
 [Times: user=0.00 sys=0.00, real=0.00 secs] 
2016-06-26T19:52:18.225+0300: 567.461: [GC concurrent-root-region-scan-start]
2016-06-26T19:52:18.225+0300: 567.461: Total time for which application threads were stopped: 0.0040687 seconds, Stopping threads took: 0.0000663 seconds
2016-06-26T19:52:18.226+0300: 567.463: [GC concurrent-root-region-scan-end, 0.0014425 secs]
2016-06-26T19:52:18.226+0300: 567.463: [GC concurrent-mark-start]
2016-06-26T19:52:18.241+0300: 567.478: Total time for which application threads were stopped: 0.0008758 seconds, Stopping threads took: 0.0000885 seconds
2016-06-26T19:52:18.264+0300: 567.501: [GC concurrent-mark-end, 0.0379984 secs]
2016-06-26T19:52:19.182+0300: 568.419: [GC remark 2016-06-26T19:52:19.182+0300: 568.419: [Finalize Marking, 0.0041508 secs] 2016-06-26T19:52:19.187+0300: 568.423: [GC ref-proc, 0.0001120 secs] 2016-06-26T19:52:19.187+0300: 568.423: [Unloading, 0.0019206 secs], 0.0256285 secs]
 [Times: user=0.08 sys=0.00, real=0.03 secs] 
2016-06-26T19:52:19.208+0300: 568.444: Total time for which application threads were stopped: 0.0303831 seconds, Stopping threads took: 0.0043501 seconds
2016-06-26T19:52:19.614+0300: 568.850: [GC cleanup 4439M->4439M(5120M), 0.0021545 secs]
 [Times: user=0.00 sys=0.00, real=0.00 secs] 
2016-06-26T19:52:19.616+0300: 568.853: Total time for which application threads were stopped: 0.0044780 seconds, Stopping threads took: 0.0018800 seconds
2016-06-26T19:52:20.244+0300: 569.481: Total time for which application threads were stopped: 0.0033053 seconds, Stopping threads took: 0.0022640 seconds
2016-06-26T19:52:20.469+0300: 569.706: [GC pause (G1 Humongous Allocation) (young)
Desired survivor size 63963136 bytes, new threshold 15 (max 15)
- age   1:         40 bytes,         40 total
- age   2:      51664 bytes,      51704 total
- age   3:         16 bytes,      51720 total
- age   4:      12176 bytes,      63896 total
- age   5:       9032 bytes,      72928 total
- age   6:      30800 bytes,     103728 total
- age   8:      28272 bytes,     132000 total
- age  10:      22272 bytes,     154272 total
- age  12:      20456 bytes,     174728 total
- age  14:      21816 bytes,     196544 total
, 0.0572963 secs]
   [Parallel Time: 49.6 ms, GC Workers: 4]
      [GC Worker Start (ms): Min: 569712.0, Avg: 569712.0, Max: 569712.0, Diff: 0.0]
      [Ext Root Scanning (ms): Min: 0.4, Avg: 0.4, Max: 0.4, Diff: 0.0, Sum: 1.6]
      [Update RS (ms): Min: 48.7, Avg: 48.7, Max: 48.7, Diff: 0.0, Sum: 194.8]
         [Processed Buffers: Min: 505, Avg: 506.3, Max: 509, Diff: 4, Sum: 2025]
      [Scan RS (ms): Min: 0.0, Avg: 0.0, Max: 0.0, Diff: 0.0, Sum: 0.1]
      [Code Root Scanning (ms): Min: 0.0, Avg: 0.0, Max: 0.0, Diff: 0.0, Sum: 0.0]
      [Object Copy (ms): Min: 0.4, Avg: 0.4, Max: 0.4, Diff: 0.0, Sum: 1.7]
      [Termination (ms): Min: 0.0, Avg: 0.0, Max: 0.0, Diff: 0.0, Sum: 0.0]
         [Termination Attempts: Min: 1, Avg: 1.0, Max: 1, Diff: 0, Sum: 4]
      [GC Worker Other (ms): Min: 0.0, Avg: 0.0, Max: 0.0, Diff: 0.0, Sum: 0.1]
      [GC Worker Total (ms): Min: 49.6, Avg: 49.6, Max: 49.6, Diff: 0.0, Sum: 198.2]
      [GC Worker End (ms): Min: 569761.6, Avg: 569761.6, Max: 569761.6, Diff: 0.0]
   [Code Root Fixup: 0.0 ms]
   [Code Root Purge: 0.0 ms]
   [Clear CT: 0.0 ms]
   [Other: 7.7 ms]
      [Choose CSet: 0.0 ms]
      [Ref Proc: 0.0 ms]
      [Ref Enq: 0.0 ms]
      [Redirty Cards: 0.0 ms]
      [Humongous Register: 0.8 ms]
      [Humongous Reclaim: 1.7 ms]
      [Free CSet: 0.1 ms]
   [Eden: 63.0M(973.0M)->0.0B(723.0M) Survivors: 1024.0K->1024.0K Heap: 4982.9M(5120.0M)->3791.2M(5120.0M)]
 [Times: user=0.19 sys=0.00, real=0.06 secs] 
2016-06-26T19:52:20.527+0300: 569.764: Total time for which application threads were stopped: 0.0633305 seconds, Stopping threads took: 0.0050061 seconds
2016-06-26T19:52:20.531+0300: 569.768: [GC pause (G1 Humongous Allocation) (young) (initial-mark)
Desired survivor size 47710208 bytes, new threshold 15 (max 15)
- age   1:      41840 bytes,      41840 total
- age   2:         16 bytes,      41856 total
- age   3:      45360 bytes,      87216 total
- age   4:         16 bytes,      87232 total
- age   5:       8888 bytes,      96120 total
- age   6:       9032 bytes,     105152 total
- age   7:      27104 bytes,     132256 total
- age   9:      24744 bytes,     157000 total
- age  11:      20560 bytes,     177560 total
- age  13:      19816 bytes,     197376 total
- age  15:      21568 bytes,     218944 total
, 0.0029902 secs]
   [Parallel Time: 1.4 ms, GC Workers: 4]
      [GC Worker Start (ms): Min: 569769.0, Avg: 569769.0, Max: 569769.0, Diff: 0.0]
      [Ext Root Scanning (ms): Min: 0.5, Avg: 0.5, Max: 0.5, Diff: 0.0, Sum: 1.9]
      [Update RS (ms): Min: 0.4, Avg: 0.4, Max: 0.5, Diff: 0.1, Sum: 1.6]
         [Processed Buffers: Min: 4, Avg: 5.3, Max: 7, Diff: 3, Sum: 21]
      [Scan RS (ms): Min: 0.0, Avg: 0.0, Max: 0.0, Diff: 0.0, Sum: 0.0]
      [Code Root Scanning (ms): Min: 0.0, Avg: 0.0, Max: 0.0, Diff: 0.0, Sum: 0.0]
      [Object Copy (ms): Min: 0.4, Avg: 0.4, Max: 0.5, Diff: 0.1, Sum: 1.8]
      [Termination (ms): Min: 0.0, Avg: 0.0, Max: 0.0, Diff: 0.0, Sum: 0.0]
         [Termination Attempts: Min: 1, Avg: 1.0, Max: 1, Diff: 0, Sum: 4]
      [GC Worker Other (ms): Min: 0.0, Avg: 0.0, Max: 0.0, Diff: 0.0, Sum: 0.0]
      [GC Worker Total (ms): Min: 1.3, Avg: 1.3, Max: 1.3, Diff: 0.0, Sum: 5.3]
      [GC Worker End (ms): Min: 569770.3, Avg: 569770.3, Max: 569770.3, Diff: 0.0]
   [Code Root Fixup: 0.0 ms]
   [Code Root Purge: 0.0 ms]
   [Clear CT: 0.0 ms]
   [Other: 1.6 ms]
      [Choose CSet: 0.0 ms]
      [Ref Proc: 0.1 ms]
      [Ref Enq: 0.0 ms]
      [Redirty Cards: 0.0 ms]
      [Humongous Register: 0.7 ms]
      [Humongous Reclaim: 0.3 ms]
      [Free CSet: 0.0 ms]
   [Eden: 1024.0K(723.0M)->0.0B(722.0M) Survivors: 1024.0K->1024.0K Heap: 3793.6M(5120.0M)->3793.0M(5120.0M)]
 [Times: user=0.00 sys=0.00, real=0.00 secs] 
2016-06-26T19:52:20.534+0300: 569.771: [GC concurrent-root-region-scan-start]
2016-06-26T19:52:20.534+0300: 569.771: Total time for which application threads were stopped: 0.0036406 seconds, Stopping threads took: 0.0000697 seconds
2016-06-26T19:52:20.536+0300: 569.773: [GC concurrent-root-region-scan-end, 0.0015396 secs]
2016-06-26T19:52:20.536+0300: 569.773: [GC concurrent-mark-start]
2016-06-26T19:52:20.576+0300: 569.812: [GC concurrent-mark-end, 0.0385500 secs]
2016-06-26T19:52:20.578+0300: 569.814: [GC remark 2016-06-26T19:52:20.578+0300: 569.814: [Finalize Marking, 0.0004033 secs] 2016-06-26T19:52:20.578+0300: 569.815: [GC ref-proc, 0.0001009 secs] 2016-06-26T19:52:20.578+0300: 569.815: [Unloading, 0.0018723 secs], 0.0230232 secs]
 [Times: user=0.06 sys=0.00, real=0.02 secs] 
2016-06-26T19:52:20.601+0300: 569.837: Total time for which application threads were stopped: 0.0237943 seconds, Stopping threads took: 0.0003156 seconds
2016-06-26T19:52:20.605+0300: 569.842: [GC cleanup 3821M->3807M(5120M), 0.0022054 secs]
 [Times: user=0.00 sys=0.00, real=0.00 secs] 
2016-06-26T19:52:20.607+0300: 569.844: Total time for which application threads were stopped: 0.0026976 seconds, Stopping threads took: 0.0000590 seconds
2016-06-26T19:52:20.608+0300: 569.844: [GC concurrent-cleanup-start]
2016-06-26T19:52:20.608+0300: 569.844: [GC concurrent-cleanup-end, 0.0000308 secs]
2016-06-26T19:52:21.251+0300: 570.488: Total time for which application threads were stopped: 0.0034097 seconds, Stopping threads took: 0.0024325 seconds
2016-06-26T19:52:22.246+0300: 571.483: Total time for which application threads were stopped: 0.0046443 seconds, Stopping threads took: 0.0036688 seconds
2016-06-26T19:52:22.254+0300: 571.490: Total time for which application threads were stopped: 0.0005059 seconds, Stopping threads took: 0.0000684 seconds
2016-06-26T19:52:22.377+0300: 571.613: [GC pause (G1 Humongous Allocation) (young)
Desired survivor size 47710208 bytes, new threshold 15 (max 15)
- age   1:         40 bytes,         40 total
- age   2:      41816 bytes,      41856 total
- age   3:         16 bytes,      41872 total
- age   4:      45360 bytes,      87232 total
- age   5:         16 bytes,      87248 total
- age   6:       8888 bytes,      96136 total
- age   7:       9032 bytes,     105168 total
- age   8:      27104 bytes,     132272 total
- age  10:      24744 bytes,     157016 total
- age  12:      20560 bytes,     177576 total
- age  14:      19816 bytes,     197392 total
, 0.0562677 secs]
   [Parallel Time: 48.4 ms, GC Workers: 4]
      [GC Worker Start (ms): Min: 571619.0, Avg: 571619.0, Max: 571619.0, Diff: 0.0]
      [Ext Root Scanning (ms): Min: 0.4, Avg: 0.4, Max: 0.4, Diff: 0.0, Sum: 1.7]
      [Update RS (ms): Min: 47.5, Avg: 47.6, Max: 47.6, Diff: 0.0, Sum: 190.2]
         [Processed Buffers: Min: 506, Avg: 510.0, Max: 516, Diff: 10, Sum: 2040]
      [Scan RS (ms): Min: 0.0, Avg: 0.0, Max: 0.0, Diff: 0.0, Sum: 0.0]
      [Code Root Scanning (ms): Min: 0.0, Avg: 0.0, Max: 0.0, Diff: 0.0, Sum: 0.0]
      [Object Copy (ms): Min: 0.4, Avg: 0.4, Max: 0.4, Diff: 0.0, Sum: 1.7]
      [Termination (ms): Min: 0.0, Avg: 0.0, Max: 0.0, Diff: 0.0, Sum: 0.0]
         [Termination Attempts: Min: 1, Avg: 1.0, Max: 1, Diff: 0, Sum: 4]
      [GC Worker Other (ms): Min: 0.0, Avg: 0.0, Max: 0.0, Diff: 0.0, Sum: 0.1]
      [GC Worker Total (ms): Min: 48.4, Avg: 48.4, Max: 48.4, Diff: 0.0, Sum: 193.7]
      [GC Worker End (ms): Min: 571667.4, Avg: 571667.4, Max: 571667.4, Diff: 0.0]
   [Code Root Fixup: 0.0 ms]
   [Code Root Purge: 0.0 ms]
   [Clear CT: 0.0 ms]
   [Other: 7.8 ms]
      [Choose CSet: 0.0 ms]
      [Ref Proc: 0.0 ms]
      [Ref Enq: 0.0 ms]
      [Redirty Cards: 0.0 ms]
      [Humongous Register: 0.7 ms]
      [Humongous Reclaim: 1.9 ms]
      [Free CSet: 0.1 ms]
   [Eden: 62.0M(722.0M)->0.0B(948.0M) Survivors: 1024.0K->1024.0K Heap: 4981.5M(5120.0M)->3572.4M(5120.0M)]
 [Times: user=0.19 sys=0.00, real=0.06 secs] 
2016-06-26T19:52:22.433+0300: 571.670: Total time for which application threads were stopped: 0.0579865 seconds, Stopping threads took: 0.0008506 seconds
2016-06-26T19:52:22.621+0300: 571.858: [GC pause (G1 Humongous Allocation) (young) (initial-mark)
Desired survivor size 62390272 bytes, new threshold 15 (max 15)
- age   1:      41128 bytes,      41128 total
- age   2:         16 bytes,      41144 total
- age   3:      34720 bytes,      75864 total
- age   4:         16 bytes,      75880 total
- age   5:      40128 bytes,     116008 total
- age   7:       5704 bytes,     121712 total
- age   8:       9032 bytes,     130744 total
- age   9:      24448 bytes,     155192 total
- age  11:      22784 bytes,     177976 total
- age  13:      20128 bytes,     198104 total
- age  15:      19816 bytes,     217920 total
, 0.0032908 secs]
   [Parallel Time: 1.7 ms, GC Workers: 4]
      [GC Worker Start (ms): Min: 571858.7, Avg: 571858.7, Max: 571858.7, Diff: 0.0]
      [Ext Root Scanning (ms): Min: 0.4, Avg: 0.4, Max: 0.4, Diff: 0.0, Sum: 1.6]
      [Update RS (ms): Min: 0.7, Avg: 0.8, Max: 0.9, Diff: 0.1, Sum: 3.1]
         [Processed Buffers: Min: 8, Avg: 8.8, Max: 10, Diff: 2, Sum: 35]
      [Scan RS (ms): Min: 0.0, Avg: 0.0, Max: 0.0, Diff: 0.0, Sum: 0.0]
      [Code Root Scanning (ms): Min: 0.0, Avg: 0.0, Max: 0.0, Diff: 0.0, Sum: 0.0]
      [Object Copy (ms): Min: 0.4, Avg: 0.4, Max: 0.5, Diff: 0.2, Sum: 1.8]
      [Termination (ms): Min: 0.0, Avg: 0.0, Max: 0.0, Diff: 0.0, Sum: 0.0]
         [Termination Attempts: Min: 1, Avg: 1.0, Max: 1, Diff: 0, Sum: 4]
      [GC Worker Other (ms): Min: 0.0, Avg: 0.0, Max: 0.0, Diff: 0.0, Sum: 0.0]
      [GC Worker Total (ms): Min: 1.6, Avg: 1.6, Max: 1.6, Diff: 0.0, Sum: 6.5]
      [GC Worker End (ms): Min: 571860.3, Avg: 571860.3, Max: 571860.3, Diff: 0.0]
   [Code Root Fixup: 0.0 ms]
   [Code Root Purge: 0.0 ms]
   [Clear CT: 0.0 ms]
   [Other: 1.6 ms]
      [Choose CSet: 0.0 ms]
      [Ref Proc: 0.0 ms]
      [Ref Enq: 0.0 ms]
      [Redirty Cards: 0.0 ms]
      [Humongous Register: 0.6 ms]
      [Humongous Reclaim: 0.2 ms]
      [Free CSet: 0.0 ms]
   [Eden: 1024.0K(948.0M)->0.0B(946.0M) Survivors: 1024.0K->1024.0K Heap: 3574.9M(5120.0M)->3574.3M(5120.0M)]
 [Times: user=0.06 sys=0.00, real=0.00 secs] 
2016-06-26T19:52:22.624+0300: 571.861: [GC concurrent-root-region-scan-start]
2016-06-26T19:52:22.624+0300: 571.861: Total time for which application threads were stopped: 0.0038472 seconds, Stopping threads took: 0.0000710 seconds
2016-06-26T19:52:22.626+0300: 571.863: [GC concurrent-root-region-scan-end, 0.0014207 secs]
2016-06-26T19:52:22.626+0300: 571.863: [GC concurrent-mark-start]
2016-06-26T19:52:22.663+0300: 571.900: [GC concurrent-mark-end, 0.0372504 secs]
2016-06-26T19:52:22.683+0300: 571.920: [GC remark 2016-06-26T19:52:22.683+0300: 571.920: [Finalize Marking, 0.0003254 secs] 2016-06-26T19:52:22.684+0300: 571.920: [GC ref-proc, 0.0001065 secs] 2016-06-26T19:52:22.684+0300: 571.920: [Unloading, 0.0017145 secs], 0.0217300 secs]
 [Times: user=0.13 sys=0.00, real=0.02 secs] 
2016-06-26T19:52:22.705+0300: 571.942: Total time for which application threads were stopped: 0.0227187 seconds, Stopping threads took: 0.0007420 seconds
2016-06-26T19:52:22.708+0300: 571.944: [GC cleanup 3600M->3600M(5120M), 0.0022088 secs]
 [Times: user=0.00 sys=0.00, real=0.00 secs] 
2016-06-26T19:52:22.710+0300: 571.947: Total time for which application threads were stopped: 0.0025386 seconds, Stopping threads took: 0.0000599 seconds
2016-06-26T19:52:23.244+0300: 572.481: Total time for which application threads were stopped: 0.0022217 seconds, Stopping threads took: 0.0014912 seconds
2016-06-26T19:52:24.248+0300: 573.484: Total time for which application threads were stopped: 0.0058717 seconds, Stopping threads took: 0.0049150 seconds
2016-06-26T19:52:24.866+0300: 574.102: [GC pause (G1 Humongous Allocation) (young)
Desired survivor size 62390272 bytes, new threshold 15 (max 15)
- age   1:         40 bytes,         40 total
- age   2:      38560 bytes,      38600 total
- age   3:         16 bytes,      38616 total
- age   4:      34720 bytes,      73336 total
- age   5:         16 bytes,      73352 total
- age   6:      40128 bytes,     113480 total
- age   8:       5704 bytes,     119184 total
- age   9:       9032 bytes,     128216 total
- age  10:      24448 bytes,     152664 total
- age  12:      22784 bytes,     175448 total
- age  14:      20128 bytes,     195576 total
, 0.0576307 secs]
   [Parallel Time: 49.5 ms, GC Workers: 4]
      [GC Worker Start (ms): Min: 574107.9, Avg: 574107.9, Max: 574107.9, Diff: 0.0]
      [Ext Root Scanning (ms): Min: 0.4, Avg: 0.4, Max: 0.4, Diff: 0.0, Sum: 1.5]
      [Update RS (ms): Min: 48.4, Avg: 48.4, Max: 48.5, Diff: 0.0, Sum: 193.8]
         [Processed Buffers: Min: 514, Avg: 517.5, Max: 521, Diff: 7, Sum: 2070]
      [Scan RS (ms): Min: 0.0, Avg: 0.0, Max: 0.0, Diff: 0.0, Sum: 0.0]
      [Code Root Scanning (ms): Min: 0.0, Avg: 0.0, Max: 0.0, Diff: 0.0, Sum: 0.0]
      [Object Copy (ms): Min: 0.6, Avg: 0.6, Max: 0.6, Diff: 0.0, Sum: 2.5]
      [Termination (ms): Min: 0.0, Avg: 0.0, Max: 0.0, Diff: 0.0, Sum: 0.0]
         [Termination Attempts: Min: 1, Avg: 1.0, Max: 1, Diff: 0, Sum: 4]
      [GC Worker Other (ms): Min: 0.0, Avg: 0.0, Max: 0.0, Diff: 0.0, Sum: 0.1]
      [GC Worker Total (ms): Min: 49.5, Avg: 49.5, Max: 49.5, Diff: 0.0, Sum: 197.9]
      [GC Worker End (ms): Min: 574157.4, Avg: 574157.4, Max: 574157.4, Diff: 0.0]
   [Code Root Fixup: 0.0 ms]
   [Code Root Purge: 0.0 ms]
   [Clear CT: 0.0 ms]
   [Other: 8.0 ms]
      [Choose CSet: 0.0 ms]
      [Ref Proc: 0.1 ms]
      [Ref Enq: 0.0 ms]
      [Redirty Cards: 0.0 ms]
      [Humongous Register: 0.7 ms]
      [Humongous Reclaim: 2.1 ms]
      [Free CSet: 0.1 ms]
   [Eden: 64.0M(946.0M)->0.0B(1040.0M) Survivors: 1024.0K->1024.0K Heap: 4982.1M(5120.0M)->3482.6M(5120.0M)]
 [Times: user=0.25 sys=0.00, real=0.06 secs] 
2016-06-26T19:52:24.924+0300: 574.160: Total time for which application threads were stopped: 0.0613957 seconds, Stopping threads took: 0.0029572 seconds
2016-06-26T19:52:24.925+0300: 574.161: [GC pause (G1 Humongous Allocation) (young) (initial-mark)
Desired survivor size 68681728 bytes, new threshold 15 (max 15)
- age   1:     166488 bytes,     166488 total
- age   2:         16 bytes,     166504 total
- age   3:      33504 bytes,     200008 total
- age   4:         16 bytes,     200024 total
- age   5:      30368 bytes,     230392 total
- age   6:         16 bytes,     230408 total
- age   7:      36312 bytes,     266720 total
- age   9:       3584 bytes,     270304 total
- age  10:       9032 bytes,     279336 total
- age  11:      22392 bytes,     301728 total
- age  13:      21704 bytes,     323432 total
- age  15:      19944 bytes,     343376 total
, 0.0035341 secs]
   [Parallel Time: 1.9 ms, GC Workers: 4]
      [GC Worker Start (ms): Min: 574162.3, Avg: 574162.3, Max: 574162.3, Diff: 0.0]
      [Ext Root Scanning (ms): Min: 0.4, Avg: 0.5, Max: 0.5, Diff: 0.0, Sum: 1.8]
      [Update RS (ms): Min: 0.7, Avg: 0.8, Max: 0.8, Diff: 0.1, Sum: 3.1]
         [Processed Buffers: Min: 8, Avg: 8.8, Max: 11, Diff: 3, Sum: 35]
      [Scan RS (ms): Min: 0.0, Avg: 0.0, Max: 0.0, Diff: 0.0, Sum: 0.0]
      [Code Root Scanning (ms): Min: 0.0, Avg: 0.0, Max: 0.0, Diff: 0.0, Sum: 0.0]
      [Object Copy (ms): Min: 0.5, Avg: 0.6, Max: 0.7, Diff: 0.1, Sum: 2.5]
      [Termination (ms): Min: 0.0, Avg: 0.0, Max: 0.0, Diff: 0.0, Sum: 0.0]
         [Termination Attempts: Min: 1, Avg: 1.0, Max: 1, Diff: 0, Sum: 4]
      [GC Worker Other (ms): Min: 0.0, Avg: 0.0, Max: 0.0, Diff: 0.0, Sum: 0.0]
      [GC Worker Total (ms): Min: 1.9, Avg: 1.9, Max: 1.9, Diff: 0.0, Sum: 7.5]
      [GC Worker End (ms): Min: 574164.2, Avg: 574164.2, Max: 574164.2, Diff: 0.0]
   [Code Root Fixup: 0.0 ms]
   [Code Root Purge: 0.0 ms]
   [Clear CT: 0.0 ms]
   [Other: 1.6 ms]
      [Choose CSet: 0.0 ms]
      [Ref Proc: 0.0 ms]
      [Ref Enq: 0.0 ms]
      [Redirty Cards: 0.0 ms]
      [Humongous Register: 0.6 ms]
      [Humongous Reclaim: 0.2 ms]
      [Free CSet: 0.0 ms]
   [Eden: 1024.0K(1040.0M)->0.0B(1036.0M) Survivors: 1024.0K->1024.0K Heap: 3487.0M(5120.0M)->3486.6M(5120.0M)]
 [Times: user=0.00 sys=0.00, real=0.00 secs] 
2016-06-26T19:52:24.929+0300: 574.165: [GC concurrent-root-region-scan-start]
2016-06-26T19:52:24.929+0300: 574.165: Total time for which application threads were stopped: 0.0041166 seconds, Stopping threads took: 0.0000680 seconds
2016-06-26T19:52:24.930+0300: 574.167: [GC concurrent-root-region-scan-end, 0.0018406 secs]
2016-06-26T19:52:24.930+0300: 574.167: [GC concurrent-mark-start]
2016-06-26T19:52:24.971+0300: 574.207: [GC concurrent-mark-end, 0.0393194 secs]
2016-06-26T19:52:25.000+0300: 574.236: [GC remark 2016-06-26T19:52:25.000+0300: 574.236: [Finalize Marking, 0.0005042 secs] 2016-06-26T19:52:25.001+0300: 574.237: [GC ref-proc, 0.0001091 secs] 2016-06-26T19:52:25.001+0300: 574.237: [Unloading, 0.0018402 secs], 0.0215679 secs]
 [Times: user=0.06 sys=0.00, real=0.02 secs] 
2016-06-26T19:52:25.022+0300: 574.258: Total time for which application threads were stopped: 0.0225836 seconds, Stopping threads took: 0.0006569 seconds
2016-06-26T19:52:25.026+0300: 574.262: [GC cleanup 3531M->3531M(5120M), 0.0023859 secs]
 [Times: user=0.00 sys=0.00, real=0.00 secs] 
2016-06-26T19:52:25.028+0300: 574.265: Total time for which application threads were stopped: 0.0028063 seconds, Stopping threads took: 0.0000569 seconds
2016-06-26T19:52:26.033+0300: 575.270: Total time for which application threads were stopped: 0.0049565 seconds, Stopping threads took: 0.0046016 seconds
2016-06-26T19:52:27.040+0300: 576.277: Total time for which application threads were stopped: 0.0071906 seconds, Stopping threads took: 0.0068814 seconds
2016-06-26T19:52:27.388+0300: 576.625: [GC pause (G1 Humongous Allocation) (young)
Desired survivor size 68157440 bytes, new threshold 15 (max 15)
- age   1:         40 bytes,         40 total
- age   2:     166464 bytes,     166504 total
- age   3:         16 bytes,     166520 total
- age   4:      33504 bytes,     200024 total
- age   5:         16 bytes,     200040 total
- age   6:      30368 bytes,     230408 total
- age   7:         16 bytes,     230424 total
- age   8:      36312 bytes,     266736 total
- age  10:       3584 bytes,     270320 total
- age  11:       9032 bytes,     279352 total
- age  12:      22392 bytes,     301744 total
- age  14:      21704 bytes,     323448 total
, 0.0720555 secs]
   [Parallel Time: 48.8 ms, GC Workers: 4]
      [GC Worker Start (ms): Min: 576645.6, Avg: 576645.6, Max: 576645.7, Diff: 0.0]
      [Ext Root Scanning (ms): Min: 0.3, Avg: 0.3, Max: 0.4, Diff: 0.0, Sum: 1.4]
      [Update RS (ms): Min: 48.0, Avg: 48.0, Max: 48.0, Diff: 0.0, Sum: 192.0]
         [Processed Buffers: Min: 510, Avg: 514.0, Max: 520, Diff: 10, Sum: 2056]
      [Scan RS (ms): Min: 0.0, Avg: 0.0, Max: 0.0, Diff: 0.0, Sum: 0.0]
      [Code Root Scanning (ms): Min: 0.0, Avg: 0.0, Max: 0.0, Diff: 0.0, Sum: 0.0]
      [Object Copy (ms): Min: 0.4, Avg: 0.4, Max: 0.4, Diff: 0.0, Sum: 1.7]
      [Termination (ms): Min: 0.0, Avg: 0.0, Max: 0.0, Diff: 0.0, Sum: 0.0]
         [Termination Attempts: Min: 1, Avg: 1.0, Max: 1, Diff: 0, Sum: 4]
      [GC Worker Other (ms): Min: 0.0, Avg: 0.0, Max: 0.0, Diff: 0.0, Sum: 0.1]
      [GC Worker Total (ms): Min: 48.8, Avg: 48.8, Max: 48.8, Diff: 0.0, Sum: 195.1]
      [GC Worker End (ms): Min: 576694.4, Avg: 576694.4, Max: 576694.4, Diff: 0.0]
   [Code Root Fixup: 0.0 ms]
   [Code Root Purge: 0.0 ms]
   [Clear CT: 0.0 ms]
   [Other: 23.2 ms]
      [Choose CSet: 0.0 ms]
      [Ref Proc: 0.1 ms]
      [Ref Enq: 0.0 ms]
      [Redirty Cards: 0.0 ms]
      [Humongous Register: 0.8 ms]
      [Humongous Reclaim: 2.1 ms]
      [Free CSet: 0.1 ms]
   [Eden: 63.0M(1036.0M)->0.0B(1068.0M) Survivors: 1024.0K->1024.0K Heap: 4983.2M(5120.0M)->3455.2M(5120.0M)]
 [Times: user=0.20 sys=0.02, real=0.07 secs] 
2016-06-26T19:52:27.460+0300: 576.697: Total time for which application threads were stopped: 0.0793538 seconds, Stopping threads took: 0.0064306 seconds
2016-06-26T19:52:27.465+0300: 576.702: [GC pause (G1 Humongous Allocation) (young) (initial-mark)
Desired survivor size 70254592 bytes, new threshold 15 (max 15)
- age   1:      40528 bytes,      40528 total
- age   2:         16 bytes,      40544 total
- age   3:      35264 bytes,      75808 total
- age   4:         16 bytes,      75824 total
- age   5:      29600 bytes,     105424 total
- age   7:      25736 bytes,     131160 total
- age   9:      32896 bytes,     164056 total
- age  11:       2232 bytes,     166288 total
- age  12:       9032 bytes,     175320 total
- age  13:      21592 bytes,     196912 total
- age  15:      21568 bytes,     218480 total
, 0.0029128 secs]
   [Parallel Time: 1.3 ms, GC Workers: 4]
      [GC Worker Start (ms): Min: 576702.6, Avg: 576702.6, Max: 576702.6, Diff: 0.0]
      [Ext Root Scanning (ms): Min: 0.4, Avg: 0.4, Max: 0.4, Diff: 0.0, Sum: 1.6]
      [Update RS (ms): Min: 0.4, Avg: 0.4, Max: 0.4, Diff: 0.1, Sum: 1.6]
         [Processed Buffers: Min: 4, Avg: 5.0, Max: 7, Diff: 3, Sum: 20]
      [Scan RS (ms): Min: 0.0, Avg: 0.0, Max: 0.0, Diff: 0.0, Sum: 0.0]
      [Code Root Scanning (ms): Min: 0.0, Avg: 0.0, Max: 0.0, Diff: 0.0, Sum: 0.0]
      [Object Copy (ms): Min: 0.4, Avg: 0.4, Max: 0.5, Diff: 0.1, Sum: 1.7]
      [Termination (ms): Min: 0.0, Avg: 0.0, Max: 0.0, Diff: 0.0, Sum: 0.0]
         [Termination Attempts: Min: 1, Avg: 1.0, Max: 1, Diff: 0, Sum: 4]
      [GC Worker Other (ms): Min: 0.0, Avg: 0.0, Max: 0.0, Diff: 0.0, Sum: 0.0]
      [GC Worker Total (ms): Min: 1.2, Avg: 1.2, Max: 1.3, Diff: 0.0, Sum: 5.0]
      [GC Worker End (ms): Min: 576703.8, Avg: 576703.8, Max: 576703.8, Diff: 0.0]
   [Code Root Fixup: 0.0 ms]
   [Code Root Purge: 0.0 ms]
   [Clear CT: 0.0 ms]
   [Other: 1.6 ms]
      [Choose CSet: 0.0 ms]
      [Ref Proc: 0.0 ms]
      [Ref Enq: 0.0 ms]
      [Redirty Cards: 0.0 ms]
      [Humongous Register: 0.6 ms]
      [Humongous Reclaim: 0.3 ms]
      [Free CSet: 0.0 ms]
   [Eden: 1024.0K(1068.0M)->0.0B(1066.0M) Survivors: 1024.0K->1024.0K Heap: 3457.7M(5120.0M)->3457.1M(5120.0M)]
 [Times: user=0.06 sys=0.00, real=0.00 secs] 
2016-06-26T19:52:27.468+0300: 576.705: [GC concurrent-root-region-scan-start]
2016-06-26T19:52:27.468+0300: 576.705: Total time for which application threads were stopped: 0.0035175 seconds, Stopping threads took: 0.0001317 seconds
2016-06-26T19:52:27.470+0300: 576.706: [GC concurrent-root-region-scan-end, 0.0016242 secs]
2016-06-26T19:52:27.470+0300: 576.706: [GC concurrent-mark-start]
2016-06-26T19:52:27.506+0300: 576.742: [GC concurrent-mark-end, 0.0359200 secs]
2016-06-26T19:52:27.544+0300: 576.781: [GC remark 2016-06-26T19:52:27.544+0300: 576.781: [Finalize Marking, 0.0004580 secs] 2016-06-26T19:52:27.544+0300: 576.781: [GC ref-proc, 0.0001125 secs] 2016-06-26T19:52:27.545+0300: 576.781: [Unloading, 0.0017790 secs], 0.0213027 secs]
 [Times: user=0.13 sys=0.00, real=0.02 secs] 
2016-06-26T19:52:27.565+0300: 576.802: Total time for which application threads were stopped: 0.0268011 seconds, Stopping threads took: 0.0051973 seconds
2016-06-26T19:52:27.571+0300: 576.808: [GC cleanup 3509M->3509M(5120M), 0.0022525 secs]
 [Times: user=0.00 sys=0.00, real=0.00 secs] 
2016-06-26T19:52:27.574+0300: 576.810: Total time for which application threads were stopped: 0.0026190 seconds, Stopping threads took: 0.0000650 seconds
2016-06-26T19:52:28.582+0300: 577.819: Total time for which application threads were stopped: 0.0080544 seconds, Stopping threads took: 0.0077153 seconds
2016-06-26T19:52:29.856+0300: 579.092: Total time for which application threads were stopped: 0.0078013 seconds, Stopping threads took: 0.0067236 seconds
2016-06-26T19:52:29.891+0300: 579.127: [GC pause (G1 Humongous Allocation) (young)
Desired survivor size 70254592 bytes, new threshold 15 (max 15)
- age   1:         40 bytes,         40 total
- age   2:      40480 bytes,      40520 total
- age   3:         16 bytes,      40536 total
- age   4:      35264 bytes,      75800 total
- age   5:         16 bytes,      75816 total
- age   6:      29600 bytes,     105416 total
- age   8:      25736 bytes,     131152 total
- age  10:      32896 bytes,     164048 total
- age  12:       2232 bytes,     166280 total
- age  13:       9032 bytes,     175312 total
- age  14:      21592 bytes,     196904 total
, 0.0583128 secs]
   [Parallel Time: 50.4 ms, GC Workers: 4]
      [GC Worker Start (ms): Min: 579133.1, Avg: 579133.8, Max: 579136.0, Diff: 2.9]
      [Ext Root Scanning (ms): Min: 0.0, Avg: 0.4, Max: 0.5, Diff: 0.5, Sum: 1.6]
      [Update RS (ms): Min: 47.1, Avg: 48.8, Max: 49.4, Diff: 2.3, Sum: 195.2]
         [Processed Buffers: Min: 501, Avg: 518.0, Max: 529, Diff: 28, Sum: 2072]
      [Scan RS (ms): Min: 0.0, Avg: 0.0, Max: 0.0, Diff: 0.0, Sum: 0.1]
      [Code Root Scanning (ms): Min: 0.0, Avg: 0.0, Max: 0.0, Diff: 0.0, Sum: 0.0]
      [Object Copy (ms): Min: 0.4, Avg: 0.4, Max: 0.4, Diff: 0.1, Sum: 1.7]
      [Termination (ms): Min: 0.0, Avg: 0.0, Max: 0.0, Diff: 0.0, Sum: 0.0]
         [Termination Attempts: Min: 1, Avg: 1.0, Max: 1, Diff: 0, Sum: 4]
      [GC Worker Other (ms): Min: 0.0, Avg: 0.0, Max: 0.0, Diff: 0.0, Sum: 0.1]
      [GC Worker Total (ms): Min: 47.5, Avg: 49.6, Max: 50.4, Diff: 2.9, Sum: 198.6]
      [GC Worker End (ms): Min: 579183.5, Avg: 579183.5, Max: 579183.5, Diff: 0.0]
   [Code Root Fixup: 0.0 ms]
   [Code Root Purge: 0.0 ms]
   [Clear CT: 0.0 ms]
   [Other: 7.9 ms]
      [Choose CSet: 0.0 ms]
      [Ref Proc: 0.0 ms]
      [Ref Enq: 0.0 ms]
      [Redirty Cards: 0.0 ms]
      [Humongous Register: 0.8 ms]
      [Humongous Reclaim: 2.0 ms]
      [Free CSet: 0.1 ms]
   [Eden: 65.0M(1066.0M)->0.0B(920.0M) Survivors: 1024.0K->1024.0K Heap: 4982.5M(5120.0M)->3599.8M(5120.0M)]
 [Times: user=0.16 sys=0.00, real=0.06 secs] 
2016-06-26T19:52:29.950+0300: 579.186: Total time for which application threads were stopped: 0.0659344 seconds, Stopping threads took: 0.0065919 seconds
2016-06-26T19:52:29.952+0300: 579.188: [GC pause (G1 Humongous Allocation) (young) (initial-mark)
Desired survivor size 60817408 bytes, new threshold 15 (max 15)
- age   1:      58360 bytes,      58360 total
- age   3:      32904 bytes,      91264 total
- age   4:         16 bytes,      91280 total
- age   5:      30360 bytes,     121640 total
- age   7:      26344 bytes,     147984 total
- age   9:      23344 bytes,     171328 total
- age  11:      31464 bytes,     202792 total
- age  13:       1856 bytes,     204648 total
- age  14:       9032 bytes,     213680 total
- age  15:      21568 bytes,     235248 total
, 0.0031035 secs]
   [Parallel Time: 1.4 ms, GC Workers: 4]
      [GC Worker Start (ms): Min: 579189.3, Avg: 579189.3, Max: 579189.3, Diff: 0.0]
      [Ext Root Scanning (ms): Min: 0.5, Avg: 0.5, Max: 0.5, Diff: 0.0, Sum: 2.0]
      [Update RS (ms): Min: 0.4, Avg: 0.4, Max: 0.4, Diff: 0.1, Sum: 1.7]
         [Processed Buffers: Min: 4, Avg: 5.0, Max: 7, Diff: 3, Sum: 20]
      [Scan RS (ms): Min: 0.0, Avg: 0.0, Max: 0.0, Diff: 0.0, Sum: 0.0]
      [Code Root Scanning (ms): Min: 0.0, Avg: 0.0, Max: 0.0, Diff: 0.0, Sum: 0.0]
      [Object Copy (ms): Min: 0.4, Avg: 0.4, Max: 0.5, Diff: 0.1, Sum: 1.8]
      [Termination (ms): Min: 0.0, Avg: 0.0, Max: 0.0, Diff: 0.0, Sum: 0.0]
         [Termination Attempts: Min: 1, Avg: 1.0, Max: 1, Diff: 0, Sum: 4]
      [GC Worker Other (ms): Min: 0.0, Avg: 0.0, Max: 0.0, Diff: 0.0, Sum: 0.0]
      [GC Worker Total (ms): Min: 1.4, Avg: 1.4, Max: 1.4, Diff: 0.0, Sum: 5.5]
      [GC Worker End (ms): Min: 579190.7, Avg: 579190.7, Max: 579190.7, Diff: 0.0]
   [Code Root Fixup: 0.0 ms]
   [Code Root Purge: 0.0 ms]
   [Clear CT: 0.0 ms]
   [Other: 1.6 ms]
      [Choose CSet: 0.0 ms]
      [Ref Proc: 0.1 ms]
      [Ref Enq: 0.0 ms]
      [Redirty Cards: 0.0 ms]
      [Humongous Register: 0.6 ms]
      [Humongous Reclaim: 0.3 ms]
      [Free CSet: 0.0 ms]
   [Eden: 1024.0K(920.0M)->0.0B(918.0M) Survivors: 1024.0K->1024.0K Heap: 3602.3M(5120.0M)->3601.7M(5120.0M)]
 [Times: user=0.00 sys=0.00, real=0.00 secs] 
2016-06-26T19:52:29.955+0300: 579.192: [GC concurrent-root-region-scan-start]
2016-06-26T19:52:29.955+0300: 579.192: Total time for which application threads were stopped: 0.0037531 seconds, Stopping threads took: 0.0000680 seconds
2016-06-26T19:52:29.957+0300: 579.193: [GC concurrent-root-region-scan-end, 0.0014912 secs]
2016-06-26T19:52:29.957+0300: 579.193: [GC concurrent-mark-start]
2016-06-26T19:52:29.992+0300: 579.229: [GC concurrent-mark-end, 0.0351728 secs]
2016-06-26T19:52:30.066+0300: 579.303: [GC remark 2016-06-26T19:52:30.066+0300: 579.303: [Finalize Marking, 0.0002917 secs] 2016-06-26T19:52:30.067+0300: 579.303: [GC ref-proc, 0.0001180 secs] 2016-06-26T19:52:30.067+0300: 579.303: [Unloading, 0.0017547 secs], 0.0223312 secs]
 [Times: user=0.06 sys=0.00, real=0.02 secs] 
2016-06-26T19:52:30.089+0300: 579.325: Total time for which application threads were stopped: 0.0237844 seconds, Stopping threads took: 0.0011889 seconds
2016-06-26T19:52:30.091+0300: 579.328: [GC cleanup 3626M->3626M(5120M), 0.0022353 secs]
 [Times: user=0.06 sys=0.00, real=0.00 secs] 
2016-06-26T19:52:30.093+0300: 579.330: Total time for which application threads were stopped: 0.0025971 seconds, Stopping threads took: 0.0000599 seconds
2016-06-26T19:52:30.246+0300: 579.483: Total time for which application threads were stopped: 0.0025035 seconds, Stopping threads took: 0.0019407 seconds
2016-06-26T19:52:31.249+0300: 580.486: Total time for which application threads were stopped: 0.0055475 seconds, Stopping threads took: 0.0045926 seconds
2016-06-26T19:52:32.208+0300: 581.444: [GC pause (G1 Humongous Allocation) (young)
Desired survivor size 60293120 bytes, new threshold 15 (max 15)
- age   1:         40 bytes,         40 total
- age   2:      58336 bytes,      58376 total
- age   4:      32904 bytes,      91280 total
- age   5:         16 bytes,      91296 total
- age   6:      30360 bytes,     121656 total
- age   8:      26344 bytes,     148000 total
- age  10:      23344 bytes,     171344 total
- age  12:      31464 bytes,     202808 total
- age  14:       1856 bytes,     204664 total
- age  15:       9032 bytes,     213696 total
, 0.0579471 secs]
   [Parallel Time: 50.1 ms, GC Workers: 4]
      [GC Worker Start (ms): Min: 581449.9, Avg: 581449.9, Max: 581449.9, Diff: 0.0]
      [Ext Root Scanning (ms): Min: 0.4, Avg: 0.4, Max: 0.4, Diff: 0.0, Sum: 1.6]
      [Update RS (ms): Min: 49.1, Avg: 49.1, Max: 49.1, Diff: 0.0, Sum: 196.3]
         [Processed Buffers: Min: 502, Avg: 518.0, Max: 536, Diff: 34, Sum: 2072]
      [Scan RS (ms): Min: 0.0, Avg: 0.0, Max: 0.0, Diff: 0.0, Sum: 0.1]
      [Code Root Scanning (ms): Min: 0.0, Avg: 0.0, Max: 0.0, Diff: 0.0, Sum: 0.0]
      [Object Copy (ms): Min: 0.6, Avg: 0.6, Max: 0.6, Diff: 0.0, Sum: 2.3]
      [Termination (ms): Min: 0.0, Avg: 0.0, Max: 0.0, Diff: 0.0, Sum: 0.0]
         [Termination Attempts: Min: 1, Avg: 1.0, Max: 1, Diff: 0, Sum: 4]
      [GC Worker Other (ms): Min: 0.0, Avg: 0.0, Max: 0.0, Diff: 0.0, Sum: 0.1]
      [GC Worker Total (ms): Min: 50.1, Avg: 50.1, Max: 50.1, Diff: 0.0, Sum: 200.3]
      [GC Worker End (ms): Min: 581500.0, Avg: 581500.0, Max: 581500.0, Diff: 0.0]
   [Code Root Fixup: 0.0 ms]
   [Code Root Purge: 0.0 ms]
   [Clear CT: 0.0 ms]
   [Other: 7.8 ms]
      [Choose CSet: 0.0 ms]
      [Ref Proc: 0.0 ms]
      [Ref Enq: 0.0 ms]
      [Redirty Cards: 0.0 ms]
      [Humongous Register: 0.8 ms]
      [Humongous Reclaim: 1.8 ms]
      [Free CSet: 0.1 ms]
   [Eden: 65.0M(918.0M)->0.0B(830.0M) Survivors: 1024.0K->1024.0K Heap: 4982.5M(5120.0M)->3687.8M(5120.0M)]
 [Times: user=0.20 sys=0.00, real=0.06 secs] 
2016-06-26T19:52:32.266+0300: 581.502: Total time for which application threads were stopped: 0.0642067 seconds, Stopping threads took: 0.0053671 seconds
2016-06-26T19:52:32.272+0300: 581.509: [GC pause (G1 Humongous Allocation) (young) (initial-mark)
Desired survivor size 54525952 bytes, new threshold 15 (max 15)
- age   1:     129696 bytes,     129696 total
- age   2:         16 bytes,     129712 total
- age   3:      51672 bytes,     181384 total
- age   5:      27592 bytes,     208976 total
- age   7:      26528 bytes,     235504 total
- age   9:      23952 bytes,     259456 total
- age  11:      22120 bytes,     281576 total
- age  13:      30808 bytes,     312384 total
- age  15:       1752 bytes,     314136 total
, 0.0032284 secs]
   [Parallel Time: 1.5 ms, GC Workers: 4]
      [GC Worker Start (ms): Min: 581509.6, Avg: 581509.6, Max: 581509.6, Diff: 0.0]
      [Ext Root Scanning (ms): Min: 0.5, Avg: 0.5, Max: 0.5, Diff: 0.0, Sum: 1.9]
      [Update RS (ms): Min: 0.4, Avg: 0.4, Max: 0.5, Diff: 0.1, Sum: 1.7]
         [Processed Buffers: Min: 4, Avg: 5.0, Max: 7, Diff: 3, Sum: 20]
      [Scan RS (ms): Min: 0.0, Avg: 0.0, Max: 0.0, Diff: 0.0, Sum: 0.0]
      [Code Root Scanning (ms): Min: 0.0, Avg: 0.0, Max: 0.0, Diff: 0.0, Sum: 0.0]
      [Object Copy (ms): Min: 0.5, Avg: 0.6, Max: 0.6, Diff: 0.1, Sum: 2.2]
      [Termination (ms): Min: 0.0, Avg: 0.0, Max: 0.0, Diff: 0.0, Sum: 0.0]
         [Termination Attempts: Min: 1, Avg: 1.0, Max: 1, Diff: 0, Sum: 4]
      [GC Worker Other (ms): Min: 0.0, Avg: 0.0, Max: 0.0, Diff: 0.0, Sum: 0.0]
      [GC Worker Total (ms): Min: 1.5, Avg: 1.5, Max: 1.5, Diff: 0.0, Sum: 5.9]
      [GC Worker End (ms): Min: 581511.1, Avg: 581511.1, Max: 581511.1, Diff: 0.0]
   [Code Root Fixup: 0.0 ms]
   [Code Root Purge: 0.0 ms]
   [Clear CT: 0.0 ms]
   [Other: 1.6 ms]
      [Choose CSet: 0.0 ms]
      [Ref Proc: 0.1 ms]
      [Ref Enq: 0.0 ms]
      [Redirty Cards: 0.0 ms]
      [Humongous Register: 0.7 ms]
      [Humongous Reclaim: 0.2 ms]
      [Free CSet: 0.0 ms]
   [Eden: 1024.0K(830.0M)->0.0B(828.0M) Survivors: 1024.0K->1024.0K Heap: 3690.3M(5120.0M)->3689.9M(5120.0M)]
 [Times: user=0.00 sys=0.00, real=0.00 secs] 
2016-06-26T19:52:32.275+0300: 581.512: [GC concurrent-root-region-scan-start]
2016-06-26T19:52:32.275+0300: 581.512: Total time for which application threads were stopped: 0.0039019 seconds, Stopping threads took: 0.0000770 seconds
2016-06-26T19:52:32.277+0300: 581.514: [GC concurrent-root-region-scan-end, 0.0018154 secs]
2016-06-26T19:52:32.277+0300: 581.514: [GC concurrent-mark-start]
2016-06-26T19:52:32.316+0300: 581.552: [GC concurrent-mark-end, 0.0382738 secs]
2016-06-26T19:52:32.346+0300: 581.583: [GC remark 2016-06-26T19:52:32.347+0300: 581.583: [Finalize Marking, 0.0005123 secs] 2016-06-26T19:52:32.347+0300: 581.584: [GC ref-proc, 0.0001061 secs] 2016-06-26T19:52:32.347+0300: 581.584: [Unloading, 0.0018949 secs], 0.0227884 secs]
 [Times: user=0.06 sys=0.00, real=0.02 secs] 
2016-06-26T19:52:32.369+0300: 581.606: Total time for which application threads were stopped: 0.0248326 seconds, Stopping threads took: 0.0016507 seconds
2016-06-26T19:52:32.373+0300: 581.610: [GC cleanup 3736M->3736M(5120M), 0.0022948 secs]
 [Times: user=0.00 sys=0.00, real=0.00 secs] 
2016-06-26T19:52:32.376+0300: 581.613: Total time for which application threads were stopped: 0.0028619 seconds, Stopping threads took: 0.0001215 seconds
2016-06-26T19:52:32.803+0300: 582.039: Total time for which application threads were stopped: 0.0043309 seconds, Stopping threads took: 0.0033605 seconds
2016-06-26T19:52:33.807+0300: 583.044: Total time for which application threads were stopped: 0.0046926 seconds, Stopping threads took: 0.0043941 seconds
2016-06-26T19:52:34.525+0300: 583.762: [GC pause (G1 Humongous Allocation) (young)
Desired survivor size 54525952 bytes, new threshold 15 (max 15)
- age   1:         40 bytes,         40 total
- age   2:     129648 bytes,     129688 total
- age   3:         16 bytes,     129704 total
- age   4:      51672 bytes,     181376 total
- age   6:      27592 bytes,     208968 total
- age   8:      26528 bytes,     235496 total
- age  10:      23952 bytes,     259448 total
- age  12:      22120 bytes,     281568 total
- age  14:      30808 bytes,     312376 total
, 0.0580904 secs]
   [Parallel Time: 50.1 ms, GC Workers: 4]
      [GC Worker Start (ms): Min: 583767.4, Avg: 583767.7, Max: 583768.7, Diff: 1.4]
      [Ext Root Scanning (ms): Min: 0.0, Avg: 0.3, Max: 0.5, Diff: 0.5, Sum: 1.4]
      [Update RS (ms): Min: 48.3, Avg: 48.9, Max: 49.2, Diff: 0.8, Sum: 195.7]
         [Processed Buffers: Min: 506, Avg: 510.3, Max: 521, Diff: 15, Sum: 2041]
      [Scan RS (ms): Min: 0.0, Avg: 0.0, Max: 0.0, Diff: 0.0, Sum: 0.1]
      [Code Root Scanning (ms): Min: 0.0, Avg: 0.0, Max: 0.0, Diff: 0.0, Sum: 0.0]
      [Object Copy (ms): Min: 0.4, Avg: 0.4, Max: 0.5, Diff: 0.1, Sum: 1.7]
      [Termination (ms): Min: 0.0, Avg: 0.0, Max: 0.0, Diff: 0.0, Sum: 0.0]
         [Termination Attempts: Min: 1, Avg: 1.0, Max: 1, Diff: 0, Sum: 4]
      [GC Worker Other (ms): Min: 0.0, Avg: 0.0, Max: 0.0, Diff: 0.0, Sum: 0.1]
      [GC Worker Total (ms): Min: 48.7, Avg: 49.7, Max: 50.1, Diff: 1.4, Sum: 198.9]
      [GC Worker End (ms): Min: 583817.4, Avg: 583817.5, Max: 583817.5, Diff: 0.0]
   [Code Root Fixup: 0.0 ms]
   [Code Root Purge: 0.0 ms]
   [Clear CT: 0.0 ms]
   [Other: 7.9 ms]
      [Choose CSet: 0.0 ms]
      [Ref Proc: 0.0 ms]
      [Ref Enq: 0.0 ms]
      [Redirty Cards: 0.0 ms]
      [Humongous Register: 0.8 ms]
      [Humongous Reclaim: 2.0 ms]
      [Free CSet: 0.1 ms]
   [Eden: 62.0M(828.0M)->0.0B(978.0M) Survivors: 1024.0K->1024.0K Heap: 4981.8M(5120.0M)->3543.2M(5120.0M)]
 [Times: user=0.20 sys=0.00, real=0.06 secs] 
2016-06-26T19:52:34.583+0300: 583.820: Total time for which application threads were stopped: 0.0659614 seconds, Stopping threads took: 0.0070486 seconds
2016-06-26T19:52:34.585+0300: 583.822: [GC pause (G1 Humongous Allocation) (young) (initial-mark)
Desired survivor size 64487424 bytes, new threshold 15 (max 15)
- age   1:      39904 bytes,      39904 total
- age   2:         16 bytes,      39920 total
- age   3:      35944 bytes,      75864 total
- age   4:         16 bytes,      75880 total
- age   5:      47424 bytes,     123304 total
- age   7:      23048 bytes,     146352 total
- age   9:      23560 bytes,     169912 total
- age  11:      22520 bytes,     192432 total
- age  13:      21696 bytes,     214128 total
- age  15:      30808 bytes,     244936 total
, 0.0036787 secs]
   [Parallel Time: 1.8 ms, GC Workers: 4]
      [GC Worker Start (ms): Min: 583822.8, Avg: 583822.8, Max: 583822.8, Diff: 0.0]
      [Ext Root Scanning (ms): Min: 0.5, Avg: 0.5, Max: 0.5, Diff: 0.0, Sum: 2.0]
      [Update RS (ms): Min: 0.7, Avg: 0.8, Max: 0.9, Diff: 0.1, Sum: 3.2]
         [Processed Buffers: Min: 8, Avg: 9.3, Max: 10, Diff: 2, Sum: 37]
      [Scan RS (ms): Min: 0.0, Avg: 0.0, Max: 0.0, Diff: 0.0, Sum: 0.0]
      [Code Root Scanning (ms): Min: 0.0, Avg: 0.0, Max: 0.0, Diff: 0.0, Sum: 0.0]
      [Object Copy (ms): Min: 0.4, Avg: 0.5, Max: 0.5, Diff: 0.1, Sum: 1.9]
      [Termination (ms): Min: 0.0, Avg: 0.0, Max: 0.0, Diff: 0.0, Sum: 0.0]
         [Termination Attempts: Min: 1, Avg: 1.0, Max: 1, Diff: 0, Sum: 4]
      [GC Worker Other (ms): Min: 0.0, Avg: 0.0, Max: 0.0, Diff: 0.0, Sum: 0.0]
      [GC Worker Total (ms): Min: 1.8, Avg: 1.8, Max: 1.8, Diff: 0.0, Sum: 7.1]
      [GC Worker End (ms): Min: 583824.6, Avg: 583824.6, Max: 583824.6, Diff: 0.0]
   [Code Root Fixup: 0.0 ms]
   [Code Root Purge: 0.0 ms]
   [Clear CT: 0.0 ms]
   [Other: 1.8 ms]
      [Choose CSet: 0.0 ms]
      [Ref Proc: 0.0 ms]
      [Ref Enq: 0.0 ms]
      [Redirty Cards: 0.0 ms]
      [Humongous Register: 0.7 ms]
      [Humongous Reclaim: 0.3 ms]
      [Free CSet: 0.0 ms]
   [Eden: 1024.0K(978.0M)->0.0B(972.0M) Survivors: 1024.0K->1024.0K Heap: 3548.0M(5120.0M)->3547.1M(5120.0M)]
 [Times: user=0.00 sys=0.00, real=0.00 secs] 
2016-06-26T19:52:34.589+0300: 583.826: [GC concurrent-root-region-scan-start]
2016-06-26T19:52:34.589+0300: 583.826: Total time for which application threads were stopped: 0.0042928 seconds, Stopping threads took: 0.0000736 seconds
2016-06-26T19:52:34.590+0300: 583.827: [GC concurrent-root-region-scan-end, 0.0014489 secs]
2016-06-26T19:52:34.590+0300: 583.827: [GC concurrent-mark-start]
2016-06-26T19:52:34.626+0300: 583.863: [GC concurrent-mark-end, 0.0359734 secs]
2016-06-26T19:52:34.657+0300: 583.893: Total time for which application threads were stopped: 0.0007095 seconds, Stopping threads took: 0.0000710 seconds
2016-06-26T19:52:34.679+0300: 583.915: [GC remark 2016-06-26T19:52:34.679+0300: 583.915: [Finalize Marking, 0.0003374 secs] 2016-06-26T19:52:34.679+0300: 583.915: [GC ref-proc, 0.0001022 secs] 2016-06-26T19:52:34.679+0300: 583.916: [Unloading, 0.0017089 secs], 0.0215923 secs]
 [Times: user=0.06 sys=0.00, real=0.02 secs] 
2016-06-26T19:52:34.700+0300: 583.937: Total time for which application threads were stopped: 0.0223984 seconds, Stopping threads took: 0.0005487 seconds
2016-06-26T19:52:34.703+0300: 583.939: [GC cleanup 3571M->3571M(5120M), 0.0022430 secs]
 [Times: user=0.00 sys=0.00, real=0.00 secs] 
2016-06-26T19:52:34.705+0300: 583.942: Total time for which application threads were stopped: 0.0026925 seconds, Stopping threads took: 0.0001809 seconds
2016-06-26T19:52:35.532+0300: 584.768: Total time for which application threads were stopped: 0.0071974 seconds, Stopping threads took: 0.0062844 seconds
2016-06-26T19:52:36.539+0300: 585.776: Total time for which application threads were stopped: 0.0072128 seconds, Stopping threads took: 0.0068711 seconds
2016-06-26T19:52:36.984+0300: 586.221: [GC pause (G1 Humongous Allocation) (young)
Desired survivor size 63963136 bytes, new threshold 15 (max 15)
- age   1:       6216 bytes,       6216 total
- age   2:      39880 bytes,      46096 total
- age   3:         16 bytes,      46112 total
- age   4:      35944 bytes,      82056 total
- age   5:         16 bytes,      82072 total
- age   6:      47424 bytes,     129496 total
- age   8:      23048 bytes,     152544 total
- age  10:      23560 bytes,     176104 total
- age  12:      22520 bytes,     198624 total
- age  14:      21696 bytes,     220320 total
, 0.0578890 secs]
   [Parallel Time: 49.7 ms, GC Workers: 4]
      [GC Worker Start (ms): Min: 586226.6, Avg: 586226.6, Max: 586226.6, Diff: 0.0]
      [Ext Root Scanning (ms): Min: 0.3, Avg: 0.4, Max: 0.4, Diff: 0.0, Sum: 1.4]
      [Update RS (ms): Min: 48.8, Avg: 48.8, Max: 48.9, Diff: 0.1, Sum: 195.3]
         [Processed Buffers: Min: 507, Avg: 517.5, Max: 535, Diff: 28, Sum: 2070]
      [Scan RS (ms): Min: 0.0, Avg: 0.0, Max: 0.0, Diff: 0.0, Sum: 0.1]
      [Code Root Scanning (ms): Min: 0.0, Avg: 0.0, Max: 0.0, Diff: 0.0, Sum: 0.0]
      [Object Copy (ms): Min: 0.4, Avg: 0.4, Max: 0.4, Diff: 0.0, Sum: 1.7]
      [Termination (ms): Min: 0.0, Avg: 0.0, Max: 0.0, Diff: 0.0, Sum: 0.0]
         [Termination Attempts: Min: 1, Avg: 1.0, Max: 1, Diff: 0, Sum: 4]
      [GC Worker Other (ms): Min: 0.0, Avg: 0.0, Max: 0.0, Diff: 0.0, Sum: 0.1]
      [GC Worker Total (ms): Min: 49.6, Avg: 49.6, Max: 49.7, Diff: 0.0, Sum: 198.6]
      [GC Worker End (ms): Min: 586276.3, Avg: 586276.3, Max: 586276.3, Diff: 0.0]
   [Code Root Fixup: 0.0 ms]
   [Code Root Purge: 0.0 ms]
   [Clear CT: 0.0 ms]
   [Other: 8.2 ms]
      [Choose CSet: 0.0 ms]
      [Ref Proc: 0.1 ms]
      [Ref Enq: 0.0 ms]
      [Redirty Cards: 0.0 ms]
      [Humongous Register: 0.8 ms]
      [Humongous Reclaim: 2.1 ms]
      [Free CSet: 0.1 ms]
   [Eden: 64.0M(972.0M)->0.0B(1008.0M) Survivors: 1024.0K->1024.0K Heap: 4982.1M(5120.0M)->3512.0M(5120.0M)]
 [Times: user=0.19 sys=0.00, real=0.06 secs] 
2016-06-26T19:52:37.042+0300: 586.279: Total time for which application threads were stopped: 0.0652121 seconds, Stopping threads took: 0.0064135 seconds
2016-06-26T19:52:37.047+0300: 586.284: [GC pause (G1 Humongous Allocation) (young) (initial-mark)
Desired survivor size 66584576 bytes, new threshold 15 (max 15)
- age   1:      41576 bytes,      41576 total
- age   2:       1768 bytes,      43344 total
- age   3:      32528 bytes,      75872 total
- age   5:      30976 bytes,     106848 total
- age   7:      42840 bytes,     149688 total
- age   9:      20568 bytes,     170256 total
- age  11:      21912 bytes,     192168 total
- age  13:      22216 bytes,     214384 total
- age  15:      21568 bytes,     235952 total
, 0.0035795 secs]
   [Parallel Time: 1.7 ms, GC Workers: 4]
      [GC Worker Start (ms): Min: 586284.8, Avg: 586284.8, Max: 586284.8, Diff: 0.0]
      [Ext Root Scanning (ms): Min: 0.4, Avg: 0.4, Max: 0.4, Diff: 0.0, Sum: 1.6]
      [Update RS (ms): Min: 0.7, Avg: 0.8, Max: 0.8, Diff: 0.1, Sum: 3.2]
         [Processed Buffers: Min: 8, Avg: 9.0, Max: 10, Diff: 2, Sum: 36]
      [Scan RS (ms): Min: 0.0, Avg: 0.0, Max: 0.0, Diff: 0.0, Sum: 0.0]
      [Code Root Scanning (ms): Min: 0.0, Avg: 0.0, Max: 0.0, Diff: 0.0, Sum: 0.0]
      [Object Copy (ms): Min: 0.4, Avg: 0.4, Max: 0.5, Diff: 0.1, Sum: 1.7]
      [Termination (ms): Min: 0.0, Avg: 0.0, Max: 0.0, Diff: 0.0, Sum: 0.0]
         [Termination Attempts: Min: 1, Avg: 1.0, Max: 1, Diff: 0, Sum: 4]
      [GC Worker Other (ms): Min: 0.0, Avg: 0.0, Max: 0.0, Diff: 0.0, Sum: 0.0]
      [GC Worker Total (ms): Min: 1.6, Avg: 1.6, Max: 1.6, Diff: 0.0, Sum: 6.6]
      [GC Worker End (ms): Min: 586286.4, Avg: 586286.4, Max: 586286.4, Diff: 0.0]
   [Code Root Fixup: 0.0 ms]
   [Code Root Purge: 0.0 ms]
   [Clear CT: 0.0 ms]
   [Other: 1.9 ms]
      [Choose CSet: 0.0 ms]
      [Ref Proc: 0.1 ms]
      [Ref Enq: 0.0 ms]
      [Redirty Cards: 0.0 ms]
      [Humongous Register: 0.7 ms]
      [Humongous Reclaim: 0.3 ms]
      [Free CSet: 0.0 ms]
   [Eden: 1024.0K(1008.0M)->0.0B(1005.0M) Survivors: 1024.0K->1024.0K Heap: 3516.4M(5120.0M)->3515.9M(5120.0M)]
 [Times: user=0.00 sys=0.00, real=0.00 secs] 
2016-06-26T19:52:37.051+0300: 586.287: [GC concurrent-root-region-scan-start]
2016-06-26T19:52:37.051+0300: 586.287: Total time for which application threads were stopped: 0.0041538 seconds, Stopping threads took: 0.0000684 seconds
2016-06-26T19:52:37.052+0300: 586.289: [GC concurrent-root-region-scan-end, 0.0014356 secs]
2016-06-26T19:52:37.052+0300: 586.289: [GC concurrent-mark-start]
2016-06-26T19:52:37.090+0300: 586.327: [GC concurrent-mark-end, 0.0377999 secs]
2016-06-26T19:52:37.100+0300: 586.336: [GC remark 2016-06-26T19:52:37.100+0300: 586.336: [Finalize Marking, 0.0004046 secs] 2016-06-26T19:52:37.100+0300: 586.337: [GC ref-proc, 0.0001052 secs] 2016-06-26T19:52:37.100+0300: 586.337: [Unloading, 0.0018150 secs], 0.0222568 secs]
 [Times: user=0.06 sys=0.00, real=0.02 secs] 
2016-06-26T19:52:37.122+0300: 586.359: Total time for which application threads were stopped: 0.0253992 seconds, Stopping threads took: 0.0028182 seconds
2016-06-26T19:52:37.126+0300: 586.362: [GC cleanup 3545M->3545M(5120M), 0.0024723 secs]
 [Times: user=0.00 sys=0.00, real=0.00 secs] 
2016-06-26T19:52:37.128+0300: 586.365: Total time for which application threads were stopped: 0.0028708 seconds, Stopping threads took: 0.0000706 seconds
2016-06-26T19:52:37.529+0300: 586.766: Total time for which application threads were stopped: 0.0030535 seconds, Stopping threads took: 0.0022247 seconds
2016-06-26T19:52:38.533+0300: 587.769: Total time for which application threads were stopped: 0.0057190 seconds, Stopping threads took: 0.0047709 seconds
2016-06-26T19:52:39.425+0300: 588.662: [GC pause (G1 Humongous Allocation) (young)
Desired survivor size 66060288 bytes, new threshold 15 (max 15)
- age   1:         40 bytes,         40 total
- age   2:      41552 bytes,      41592 total
- age   3:       1768 bytes,      43360 total
- age   4:      32528 bytes,      75888 total
- age   6:      30976 bytes,     106864 total
- age   8:      42840 bytes,     149704 total
- age  10:      20568 bytes,     170272 total
- age  12:      21912 bytes,     192184 total
- age  14:      22216 bytes,     214400 total
, 0.0574878 secs]
   [Parallel Time: 49.4 ms, GC Workers: 4]
      [GC Worker Start (ms): Min: 588667.8, Avg: 588667.9, Max: 588667.9, Diff: 0.0]
      [Ext Root Scanning (ms): Min: 0.4, Avg: 0.4, Max: 0.4, Diff: 0.0, Sum: 1.6]
      [Update RS (ms): Min: 48.3, Avg: 48.3, Max: 48.3, Diff: 0.1, Sum: 193.1]
         [Processed Buffers: Min: 514, Avg: 517.5, Max: 523, Diff: 9, Sum: 2070]
      [Scan RS (ms): Min: 0.0, Avg: 0.0, Max: 0.0, Diff: 0.0, Sum: 0.1]
      [Code Root Scanning (ms): Min: 0.0, Avg: 0.0, Max: 0.0, Diff: 0.0, Sum: 0.0]
      [Object Copy (ms): Min: 0.7, Avg: 0.7, Max: 0.7, Diff: 0.0, Sum: 2.7]
      [Termination (ms): Min: 0.0, Avg: 0.0, Max: 0.0, Diff: 0.0, Sum: 0.0]
         [Termination Attempts: Min: 1, Avg: 1.0, Max: 1, Diff: 0, Sum: 4]
      [GC Worker Other (ms): Min: 0.0, Avg: 0.0, Max: 0.0, Diff: 0.0, Sum: 0.1]
      [GC Worker Total (ms): Min: 49.4, Avg: 49.4, Max: 49.4, Diff: 0.0, Sum: 197.6]
      [GC Worker End (ms): Min: 588717.3, Avg: 588717.3, Max: 588717.3, Diff: 0.0]
   [Code Root Fixup: 0.0 ms]
   [Code Root Purge: 0.0 ms]
   [Clear CT: 0.1 ms]
   [Other: 7.9 ms]
      [Choose CSet: 0.0 ms]
      [Ref Proc: 0.1 ms]
      [Ref Enq: 0.0 ms]
      [Redirty Cards: 0.0 ms]
      [Humongous Register: 0.8 ms]
      [Humongous Reclaim: 1.8 ms]
      [Free CSet: 0.1 ms]
   [Eden: 64.0M(1005.0M)->0.0B(829.0M) Survivors: 1024.0K->1024.0K Heap: 4981.7M(5120.0M)->3687.9M(5120.0M)]
 [Times: user=0.20 sys=0.00, real=0.06 secs] 
2016-06-26T19:52:39.483+0300: 588.720: Total time for which application threads were stopped: 0.0642294 seconds, Stopping threads took: 0.0057562 seconds
2016-06-26T19:52:39.492+0300: 588.728: [GC pause (G1 Humongous Allocation) (young) (initial-mark)
Desired survivor size 54525952 bytes, new threshold 15 (max 15)
- age   1:     188720 bytes,     188720 total
- age   2:         16 bytes,     188736 total
- age   3:      34992 bytes,     223728 total
- age   4:       1752 bytes,     225480 total
- age   5:      27824 bytes,     253304 total
- age   7:      26936 bytes,     280240 total
- age   9:      40624 bytes,     320864 total
- age  11:      18824 bytes,     339688 total
- age  13:      21568 bytes,     361256 total
- age  15:      22216 bytes,     383472 total
, 0.0033058 secs]
   [Parallel Time: 1.6 ms, GC Workers: 4]
      [GC Worker Start (ms): Min: 588729.3, Avg: 588729.3, Max: 588729.3, Diff: 0.0]
      [Ext Root Scanning (ms): Min: 0.4, Avg: 0.5, Max: 0.5, Diff: 0.0, Sum: 1.8]
      [Update RS (ms): Min: 0.4, Avg: 0.4, Max: 0.5, Diff: 0.1, Sum: 1.6]
         [Processed Buffers: Min: 4, Avg: 4.8, Max: 6, Diff: 2, Sum: 19]
      [Scan RS (ms): Min: 0.0, Avg: 0.0, Max: 0.0, Diff: 0.0, Sum: 0.0]
      [Code Root Scanning (ms): Min: 0.0, Avg: 0.0, Max: 0.0, Diff: 0.0, Sum: 0.0]
      [Object Copy (ms): Min: 0.6, Avg: 0.7, Max: 0.7, Diff: 0.1, Sum: 2.7]
      [Termination (ms): Min: 0.0, Avg: 0.0, Max: 0.0, Diff: 0.0, Sum: 0.0]
         [Termination Attempts: Min: 1, Avg: 1.3, Max: 2, Diff: 1, Sum: 5]
      [GC Worker Other (ms): Min: 0.0, Avg: 0.0, Max: 0.0, Diff: 0.0, Sum: 0.0]
      [GC Worker Total (ms): Min: 1.5, Avg: 1.6, Max: 1.6, Diff: 0.0, Sum: 6.2]
      [GC Worker End (ms): Min: 588730.9, Avg: 588730.9, Max: 588730.9, Diff: 0.0]
   [Code Root Fixup: 0.0 ms]
   [Code Root Purge: 0.0 ms]
   [Clear CT: 0.0 ms]
   [Other: 1.6 ms]
      [Choose CSet: 0.0 ms]
      [Ref Proc: 0.0 ms]
      [Ref Enq: 0.0 ms]
      [Redirty Cards: 0.0 ms]
      [Humongous Register: 0.6 ms]
      [Humongous Reclaim: 0.3 ms]
      [Free CSet: 0.0 ms]
   [Eden: 1024.0K(829.0M)->0.0B(857.0M) Survivors: 1024.0K->1024.0K Heap: 3690.9M(5120.0M)->3660.7M(5120.0M)]
 [Times: user=0.00 sys=0.00, real=0.00 secs] 
2016-06-26T19:52:39.495+0300: 588.732: [GC concurrent-root-region-scan-start]
2016-06-26T19:52:39.495+0300: 588.732: Total time for which application threads were stopped: 0.0042175 seconds, Stopping threads took: 0.0003391 seconds
2016-06-26T19:52:39.497+0300: 588.734: [GC concurrent-root-region-scan-end, 0.0019621 secs]
2016-06-26T19:52:39.497+0300: 588.734: [GC concurrent-mark-start]
2016-06-26T19:52:39.539+0300: 588.776: [GC concurrent-mark-end, 0.0420046 secs]
2016-06-26T19:52:39.559+0300: 588.796: [GC remark 2016-06-26T19:52:39.559+0300: 588.796: [Finalize Marking, 0.0004871 secs] 2016-06-26T19:52:39.560+0300: 588.797: [GC ref-proc, 0.0001056 secs] 2016-06-26T19:52:39.560+0300: 588.797: [Unloading, 0.0018731 secs], 0.0224232 secs]
 [Times: user=0.13 sys=0.00, real=0.02 secs] 
2016-06-26T19:52:39.582+0300: 588.819: Total time for which application threads were stopped: 0.0303280 seconds, Stopping threads took: 0.0075143 seconds
2016-06-26T19:52:39.586+0300: 588.823: [GC cleanup 3698M->3698M(5120M), 0.0022828 secs]
 [Times: user=0.00 sys=0.00, real=0.00 secs] 
2016-06-26T19:52:39.589+0300: 588.825: Total time for which application threads were stopped: 0.0027473 seconds, Stopping threads took: 0.0000753 seconds
2016-06-26T19:52:40.052+0300: 589.289: Total time for which application threads were stopped: 0.0043959 seconds, Stopping threads took: 0.0040418 seconds
2016-06-26T19:52:40.540+0300: 589.776: Total time for which application threads were stopped: 0.0120770 seconds, Stopping threads took: 0.0113499 seconds
2016-06-26T19:52:41.545+0300: 590.782: Total time for which application threads were stopped: 0.0057006 seconds, Stopping threads took: 0.0053495 seconds
2016-06-26T19:52:41.707+0300: 590.943: [GC pause (G1 Humongous Allocation) (young)
Desired survivor size 56623104 bytes, new threshold 15 (max 15)
- age   1:        112 bytes,        112 total
- age   2:     188648 bytes,     188760 total
- age   3:         16 bytes,     188776 total
- age   4:      34992 bytes,     223768 total
- age   5:       1752 bytes,     225520 total
- age   6:      27824 bytes,     253344 total
- age   8:      26704 bytes,     280048 total
- age  10:      40544 bytes,     320592 total
- age  12:      18736 bytes,     339328 total
- age  14:      21568 bytes,     360896 total
, 0.0591749 secs]
   [Parallel Time: 51.2 ms, GC Workers: 4]
      [GC Worker Start (ms): Min: 590949.0, Avg: 590950.9, Max: 590956.6, Diff: 7.6]
      [Ext Root Scanning (ms): Min: 0.0, Avg: 0.3, Max: 0.4, Diff: 0.4, Sum: 1.3]
      [Update RS (ms): Min: 42.8, Avg: 48.1, Max: 50.0, Diff: 7.2, Sum: 192.6]
         [Processed Buffers: Min: 462, Avg: 509.5, Max: 531, Diff: 69, Sum: 2038]
      [Scan RS (ms): Min: 0.0, Avg: 0.0, Max: 0.0, Diff: 0.0, Sum: 0.0]
      [Code Root Scanning (ms): Min: 0.0, Avg: 0.0, Max: 0.0, Diff: 0.0, Sum: 0.0]
      [Object Copy (ms): Min: 0.8, Avg: 0.8, Max: 0.8, Diff: 0.1, Sum: 3.1]
      [Termination (ms): Min: 0.0, Avg: 0.0, Max: 0.0, Diff: 0.0, Sum: 0.0]
         [Termination Attempts: Min: 1, Avg: 1.0, Max: 1, Diff: 0, Sum: 4]
      [GC Worker Other (ms): Min: 0.0, Avg: 0.0, Max: 0.0, Diff: 0.0, Sum: 0.1]
      [GC Worker Total (ms): Min: 43.6, Avg: 49.3, Max: 51.2, Diff: 7.6, Sum: 197.1]
      [GC Worker End (ms): Min: 591000.2, Avg: 591000.2, Max: 591000.2, Diff: 0.0]
   [Code Root Fixup: 0.0 ms]
   [Code Root Purge: 0.0 ms]
   [Clear CT: 0.0 ms]
   [Other: 7.9 ms]
      [Choose CSet: 0.0 ms]
      [Ref Proc: 0.0 ms]
      [Ref Enq: 0.0 ms]
      [Redirty Cards: 0.0 ms]
      [Humongous Register: 0.8 ms]
      [Humongous Reclaim: 2.1 ms]
      [Free CSet: 0.1 ms]
   [Eden: 63.0M(857.0M)->0.0B(1037.0M) Survivors: 1024.0K->1024.0K Heap: 4983.5M(5120.0M)->3485.1M(5120.0M)]
 [Times: user=0.19 sys=0.01, real=0.06 secs] 
2016-06-26T19:52:41.767+0300: 591.003: Total time for which application threads were stopped: 0.0630512 seconds, Stopping threads took: 0.0030945 seconds
2016-06-26T19:52:41.769+0300: 591.005: [GC pause (G1 Humongous Allocation) (young) (initial-mark)
Desired survivor size 68157440 bytes, new threshold 15 (max 15)
- age   1:     255336 bytes,     255336 total
- age   2:         88 bytes,     255424 total
- age   3:      35336 bytes,     290760 total
- age   4:         16 bytes,     290776 total
- age   5:      28688 bytes,     319464 total
- age   6:       1752 bytes,     321216 total
- age   7:      23704 bytes,     344920 total
- age   9:      23848 bytes,     368768 total
- age  11:      39400 bytes,     408168 total
- age  13:      18184 bytes,     426352 total
- age  15:      21568 bytes,     447920 total
, 0.0037877 secs]
   [Parallel Time: 2.1 ms, GC Workers: 4]
      [GC Worker Start (ms): Min: 591006.3, Avg: 591006.3, Max: 591006.3, Diff: 0.0]
      [Ext Root Scanning (ms): Min: 0.4, Avg: 0.4, Max: 0.4, Diff: 0.0, Sum: 1.6]
      [Update RS (ms): Min: 0.7, Avg: 0.8, Max: 0.9, Diff: 0.1, Sum: 3.1]
         [Processed Buffers: Min: 8, Avg: 8.8, Max: 10, Diff: 2, Sum: 35]
      [Scan RS (ms): Min: 0.0, Avg: 0.0, Max: 0.0, Diff: 0.0, Sum: 0.0]
      [Code Root Scanning (ms): Min: 0.0, Avg: 0.0, Max: 0.0, Diff: 0.0, Sum: 0.0]
      [Object Copy (ms): Min: 0.7, Avg: 0.8, Max: 0.9, Diff: 0.2, Sum: 3.3]
      [Termination (ms): Min: 0.0, Avg: 0.0, Max: 0.0, Diff: 0.0, Sum: 0.0]
         [Termination Attempts: Min: 1, Avg: 1.0, Max: 1, Diff: 0, Sum: 4]
      [GC Worker Other (ms): Min: 0.0, Avg: 0.0, Max: 0.0, Diff: 0.0, Sum: 0.0]
      [GC Worker Total (ms): Min: 2.0, Avg: 2.0, Max: 2.0, Diff: 0.0, Sum: 8.0]
      [GC Worker End (ms): Min: 591008.3, Avg: 591008.3, Max: 591008.3, Diff: 0.0]
   [Code Root Fixup: 0.0 ms]
   [Code Root Purge: 0.0 ms]
   [Clear CT: 0.0 ms]
   [Other: 1.7 ms]
      [Choose CSet: 0.0 ms]
      [Ref Proc: 0.1 ms]
      [Ref Enq: 0.0 ms]
      [Redirty Cards: 0.0 ms]
      [Humongous Register: 0.7 ms]
      [Humongous Reclaim: 0.3 ms]
      [Free CSet: 0.0 ms]
   [Eden: 1024.0K(1037.0M)->0.0B(1030.0M) Survivors: 1024.0K->1024.0K Heap: 3490.0M(5120.0M)->3489.0M(5120.0M)]
 [Times: user=0.00 sys=0.00, real=0.00 secs] 
2016-06-26T19:52:41.773+0300: 591.009: [GC concurrent-root-region-scan-start]
2016-06-26T19:52:41.773+0300: 591.009: Total time for which application threads were stopped: 0.0045374 seconds, Stopping threads took: 0.0002912 seconds
2016-06-26T19:52:41.775+0300: 591.011: [GC concurrent-root-region-scan-end, 0.0021041 secs]
2016-06-26T19:52:41.775+0300: 591.011: [GC concurrent-mark-start]
2016-06-26T19:52:41.818+0300: 591.054: [GC concurrent-mark-end, 0.0421830 secs]
2016-06-26T19:52:41.843+0300: 591.079: [GC remark 2016-06-26T19:52:41.843+0300: 591.079: [Finalize Marking, 0.0004516 secs] 2016-06-26T19:52:41.843+0300: 591.080: [GC ref-proc, 0.0001043 secs] 2016-06-26T19:52:41.843+0300: 591.080: [Unloading, 0.0017731 secs], 0.0214327 secs]
 [Times: user=0.06 sys=0.00, real=0.02 secs] 
2016-06-26T19:52:41.864+0300: 591.101: Total time for which application threads were stopped: 0.0226306 seconds, Stopping threads took: 0.0009088 seconds
2016-06-26T19:52:41.868+0300: 591.105: [GC cleanup 3537M->3537M(5120M), 0.0022610 secs]
 [Times: user=0.00 sys=0.00, real=0.00 secs] 
2016-06-26T19:52:41.870+0300: 591.107: Total time for which application threads were stopped: 0.0026322 seconds, Stopping threads took: 0.0000629 seconds
2016-06-26T19:52:42.532+0300: 591.768: Total time for which application threads were stopped: 0.0036936 seconds, Stopping threads took: 0.0028341 seconds
2016-06-26T19:52:43.538+0300: 592.774: Total time for which application threads were stopped: 0.0062848 seconds, Stopping threads took: 0.0059521 seconds
2016-06-26T19:52:44.153+0300: 593.390: [GC pause (G1 Humongous Allocation) (young)
Desired survivor size 67633152 bytes, new threshold 15 (max 15)
- age   1:       9072 bytes,       9072 total
- age   2:     255312 bytes,     264384 total
- age   3:         88 bytes,     264472 total
- age   4:      35336 bytes,     299808 total
- age   5:         16 bytes,     299824 total
- age   6:      28688 bytes,     328512 total
- age   7:       1752 bytes,     330264 total
- age   8:      23704 bytes,     353968 total
- age  10:      23848 bytes,     377816 total
- age  12:      39400 bytes,     417216 total
- age  14:      18184 bytes,     435400 total
, 0.0565526 secs]
   [Parallel Time: 48.5 ms, GC Workers: 4]
      [GC Worker Start (ms): Min: 593395.8, Avg: 593395.8, Max: 593395.8, Diff: 0.0]
      [Ext Root Scanning (ms): Min: 0.4, Avg: 0.4, Max: 0.4, Diff: 0.0, Sum: 1.6]
      [Update RS (ms): Min: 47.6, Avg: 47.6, Max: 47.6, Diff: 0.1, Sum: 190.5]
         [Processed Buffers: Min: 493, Avg: 509.5, Max: 528, Diff: 35, Sum: 2038]
      [Scan RS (ms): Min: 0.0, Avg: 0.0, Max: 0.0, Diff: 0.0, Sum: 0.0]
      [Code Root Scanning (ms): Min: 0.0, Avg: 0.0, Max: 0.0, Diff: 0.0, Sum: 0.0]
      [Object Copy (ms): Min: 0.4, Avg: 0.4, Max: 0.4, Diff: 0.0, Sum: 1.7]
      [Termination (ms): Min: 0.0, Avg: 0.0, Max: 0.0, Diff: 0.0, Sum: 0.0]
         [Termination Attempts: Min: 1, Avg: 1.0, Max: 1, Diff: 0, Sum: 4]
      [GC Worker Other (ms): Min: 0.0, Avg: 0.0, Max: 0.0, Diff: 0.0, Sum: 0.1]
      [GC Worker Total (ms): Min: 48.5, Avg: 48.5, Max: 48.5, Diff: 0.0, Sum: 193.9]
      [GC Worker End (ms): Min: 593444.3, Avg: 593444.3, Max: 593444.3, Diff: 0.0]
   [Code Root Fixup: 0.0 ms]
   [Code Root Purge: 0.0 ms]
   [Clear CT: 0.0 ms]
   [Other: 8.0 ms]
      [Choose CSet: 0.0 ms]
      [Ref Proc: 0.0 ms]
      [Ref Enq: 0.0 ms]
      [Redirty Cards: 0.0 ms]
      [Humongous Register: 0.7 ms]
      [Humongous Reclaim: 1.9 ms]
      [Free CSet: 0.1 ms]
   [Eden: 62.0M(1030.0M)->0.0B(1005.0M) Survivors: 1024.0K->1024.0K Heap: 4982.7M(5120.0M)->3514.0M(5120.0M)]
 [Times: user=0.20 sys=0.00, real=0.06 secs] 
2016-06-26T19:52:44.210+0300: 593.447: Total time for which application threads were stopped: 0.0609955 seconds, Stopping threads took: 0.0036299 seconds
2016-06-26T19:52:44.214+0300: 593.450: [GC pause (G1 Humongous Allocation) (young) (initial-mark)
Desired survivor size 66060288 bytes, new threshold 15 (max 15)
- age   1:      30416 bytes,      30416 total
- age   2:       9032 bytes,      39448 total
- age   3:      33000 bytes,      72448 total
- age   4:         72 bytes,      72520 total
- age   5:      30752 bytes,     103272 total
- age   7:      25232 bytes,     128504 total
- age   8:       1752 bytes,     130256 total
- age   9:      21952 bytes,     152208 total
- age  11:      22648 bytes,     174856 total
- age  13:      38920 bytes,     213776 total
- age  15:      18120 bytes,     231896 total
, 0.0034670 secs]
   [Parallel Time: 1.7 ms, GC Workers: 4]
      [GC Worker Start (ms): Min: 593451.4, Avg: 593451.4, Max: 593451.4, Diff: 0.0]
      [Ext Root Scanning (ms): Min: 0.4, Avg: 0.4, Max: 0.4, Diff: 0.0, Sum: 1.7]
      [Update RS (ms): Min: 0.7, Avg: 0.8, Max: 0.8, Diff: 0.1, Sum: 3.2]
         [Processed Buffers: Min: 8, Avg: 9.0, Max: 10, Diff: 2, Sum: 36]
      [Scan RS (ms): Min: 0.0, Avg: 0.0, Max: 0.0, Diff: 0.0, Sum: 0.0]
      [Code Root Scanning (ms): Min: 0.0, Avg: 0.0, Max: 0.0, Diff: 0.0, Sum: 0.0]
      [Object Copy (ms): Min: 0.4, Avg: 0.4, Max: 0.5, Diff: 0.1, Sum: 1.7]
      [Termination (ms): Min: 0.0, Avg: 0.0, Max: 0.0, Diff: 0.0, Sum: 0.0]
         [Termination Attempts: Min: 1, Avg: 1.3, Max: 2, Diff: 1, Sum: 5]
      [GC Worker Other (ms): Min: 0.0, Avg: 0.0, Max: 0.0, Diff: 0.0, Sum: 0.0]
      [GC Worker Total (ms): Min: 1.7, Avg: 1.7, Max: 1.7, Diff: 0.0, Sum: 6.7]
      [GC Worker End (ms): Min: 593453.0, Avg: 593453.0, Max: 593453.0, Diff: 0.0]
   [Code Root Fixup: 0.0 ms]
   [Code Root Purge: 0.0 ms]
   [Clear CT: 0.0 ms]
   [Other: 1.7 ms]
      [Choose CSet: 0.0 ms]
      [Ref Proc: 0.0 ms]
      [Ref Enq: 0.0 ms]
      [Redirty Cards: 0.0 ms]
      [Humongous Register: 0.6 ms]
      [Humongous Reclaim: 0.3 ms]
      [Free CSet: 0.0 ms]
   [Eden: 1024.0K(1005.0M)->0.0B(1002.0M) Survivors: 1024.0K->1024.0K Heap: 3518.4M(5120.0M)->3517.9M(5120.0M)]
 [Times: user=0.02 sys=0.00, real=0.00 secs] 
2016-06-26T19:52:44.217+0300: 593.454: [GC concurrent-root-region-scan-start]
2016-06-26T19:52:44.217+0300: 593.454: Total time for which application threads were stopped: 0.0040773 seconds, Stopping threads took: 0.0000723 seconds
2016-06-26T19:52:44.219+0300: 593.456: [GC concurrent-root-region-scan-end, 0.0015430 secs]
2016-06-26T19:52:44.219+0300: 593.456: [GC concurrent-mark-start]
2016-06-26T19:52:44.256+0300: 593.492: [GC concurrent-mark-end, 0.0365405 secs]
2016-06-26T19:52:44.284+0300: 593.520: [GC remark 2016-06-26T19:52:44.284+0300: 593.520: [Finalize Marking, 0.0004490 secs] 2016-06-26T19:52:44.284+0300: 593.521: [GC ref-proc, 0.0001091 secs] 2016-06-26T19:52:44.284+0300: 593.521: [Unloading, 0.0020348 secs], 0.0220332 secs]
 [Times: user=0.06 sys=0.00, real=0.02 secs] 
2016-06-26T19:52:44.306+0300: 593.542: Total time for which application threads were stopped: 0.0229761 seconds, Stopping threads took: 0.0005983 seconds
2016-06-26T19:52:44.310+0300: 593.546: [GC cleanup 3562M->3562M(5120M), 0.0021674 secs]
 [Times: user=0.06 sys=0.00, real=0.00 secs] 
2016-06-26T19:52:44.312+0300: 593.549: Total time for which application threads were stopped: 0.0025659 seconds, Stopping threads took: 0.0000530 seconds
2016-06-26T19:52:44.532+0300: 593.769: Total time for which application threads were stopped: 0.0036573 seconds, Stopping threads took: 0.0027943 seconds
2016-06-26T19:52:45.537+0300: 594.773: Total time for which application threads were stopped: 0.0046371 seconds, Stopping threads took: 0.0043069 seconds
2016-06-26T19:52:46.537+0300: 595.774: Total time for which application threads were stopped: 0.0085625 seconds, Stopping threads took: 0.0076477 seconds
2016-06-26T19:52:46.606+0300: 595.843: [GC pause (G1 Humongous Allocation) (young)
Desired survivor size 66060288 bytes, new threshold 15 (max 15)
- age   1:         40 bytes,         40 total
- age   2:      30392 bytes,      30432 total
- age   3:       9032 bytes,      39464 total
- age   4:      33000 bytes,      72464 total
- age   5:         72 bytes,      72536 total
- age   6:      30752 bytes,     103288 total
- age   8:      25232 bytes,     128520 total
- age   9:       1752 bytes,     130272 total
- age  10:      21952 bytes,     152224 total
- age  12:      22648 bytes,     174872 total
- age  14:      38920 bytes,     213792 total
, 0.0587400 secs]
   [Parallel Time: 50.1 ms, GC Workers: 4]
      [GC Worker Start (ms): Min: 595848.8, Avg: 595848.8, Max: 595848.8, Diff: 0.0]
      [Ext Root Scanning (ms): Min: 0.3, Avg: 0.3, Max: 0.4, Diff: 0.0, Sum: 1.4]
      [Update RS (ms): Min: 49.0, Avg: 49.0, Max: 49.0, Diff: 0.0, Sum: 196.1]
         [Processed Buffers: Min: 516, Avg: 520.8, Max: 526, Diff: 10, Sum: 2083]
      [Scan RS (ms): Min: 0.0, Avg: 0.0, Max: 0.0, Diff: 0.0, Sum: 0.0]
      [Code Root Scanning (ms): Min: 0.0, Avg: 0.0, Max: 0.0, Diff: 0.0, Sum: 0.0]
      [Object Copy (ms): Min: 0.6, Avg: 0.7, Max: 0.7, Diff: 0.0, Sum: 2.6]
      [Termination (ms): Min: 0.0, Avg: 0.0, Max: 0.0, Diff: 0.0, Sum: 0.0]
         [Termination Attempts: Min: 1, Avg: 1.0, Max: 1, Diff: 0, Sum: 4]
      [GC Worker Other (ms): Min: 0.0, Avg: 0.0, Max: 0.0, Diff: 0.0, Sum: 0.0]
      [GC Worker Total (ms): Min: 50.0, Avg: 50.0, Max: 50.1, Diff: 0.0, Sum: 200.2]
      [GC Worker End (ms): Min: 595898.8, Avg: 595898.8, Max: 595898.8, Diff: 0.0]
   [Code Root Fixup: 0.0 ms]
   [Code Root Purge: 0.0 ms]
   [Clear CT: 0.0 ms]
   [Other: 8.6 ms]
      [Choose CSet: 0.0 ms]
      [Ref Proc: 0.1 ms]
      [Ref Enq: 0.0 ms]
      [Redirty Cards: 0.0 ms]
      [Humongous Register: 0.8 ms]
      [Humongous Reclaim: 2.5 ms]
      [Free CSet: 0.1 ms]
   [Eden: 62.0M(1002.0M)->0.0B(1335.0M) Survivors: 1024.0K->1024.0K Heap: 4982.3M(5120.0M)->3191.9M(5120.0M)]
 [Times: user=0.20 sys=0.00, real=0.06 secs] 
2016-06-26T19:52:46.666+0300: 595.902: Total time for which application threads were stopped: 0.0594683 seconds, Stopping threads took: 0.0000646 seconds
2016-06-26T19:52:46.666+0300: 595.902: [GC pause (G1 Humongous Allocation) (young) (initial-mark)
Desired survivor size 87556096 bytes, new threshold 15 (max 15)
- age   1:     186536 bytes,     186536 total
- age   2:         16 bytes,     186552 total
- age   3:      23352 bytes,     209904 total
- age   4:       9032 bytes,     218936 total
- age   5:      27672 bytes,     246608 total
- age   7:      25616 bytes,     272224 total
- age   9:      21376 bytes,     293600 total
- age  10:       1752 bytes,     295352 total
- age  11:      20120 bytes,     315472 total
- age  13:      21720 bytes,     337192 total
- age  15:      38720 bytes,     375912 total
, 0.0030984 secs]
   [Parallel Time: 1.2 ms, GC Workers: 4]
      [GC Worker Start (ms): Min: 595903.3, Avg: 595903.3, Max: 595903.3, Diff: 0.0]
      [Ext Root Scanning (ms): Min: 0.4, Avg: 0.4, Max: 0.4, Diff: 0.0, Sum: 1.6]
      [Update RS (ms): Min: 0.0, Avg: 0.0, Max: 0.1, Diff: 0.1, Sum: 0.1]
         [Processed Buffers: Min: 0, Avg: 0.8, Max: 2, Diff: 2, Sum: 3]
      [Scan RS (ms): Min: 0.0, Avg: 0.0, Max: 0.0, Diff: 0.0, Sum: 0.0]
      [Code Root Scanning (ms): Min: 0.0, Avg: 0.0, Max: 0.0, Diff: 0.0, Sum: 0.0]
      [Object Copy (ms): Min: 0.6, Avg: 0.7, Max: 0.7, Diff: 0.1, Sum: 2.7]
      [Termination (ms): Min: 0.0, Avg: 0.0, Max: 0.0, Diff: 0.0, Sum: 0.0]
         [Termination Attempts: Min: 1, Avg: 1.0, Max: 1, Diff: 0, Sum: 4]
      [GC Worker Other (ms): Min: 0.0, Avg: 0.0, Max: 0.0, Diff: 0.0, Sum: 0.0]
      [GC Worker Total (ms): Min: 1.1, Avg: 1.1, Max: 1.1, Diff: 0.0, Sum: 4.5]
      [GC Worker End (ms): Min: 595904.4, Avg: 595904.4, Max: 595904.4, Diff: 0.0]
   [Code Root Fixup: 0.0 ms]
   [Code Root Purge: 0.0 ms]
   [Clear CT: 0.0 ms]
   [Other: 1.9 ms]
      [Choose CSet: 0.0 ms]
      [Ref Proc: 0.0 ms]
      [Ref Enq: 0.0 ms]
      [Redirty Cards: 0.0 ms]
      [Humongous Register: 0.6 ms]
      [Humongous Reclaim: 0.5 ms]
      [Free CSet: 0.0 ms]
   [Eden: 1024.0K(1335.0M)->0.0B(1364.0M) Survivors: 1024.0K->1024.0K Heap: 3194.8M(5120.0M)->3164.6M(5120.0M)]
 [Times: user=0.00 sys=0.00, real=0.00 secs] 
2016-06-26T19:52:46.669+0300: 595.906: [GC concurrent-root-region-scan-start]
2016-06-26T19:52:46.669+0300: 595.906: Total time for which application threads were stopped: 0.0037291 seconds, Stopping threads took: 0.0001599 seconds
2016-06-26T19:52:46.671+0300: 595.907: [GC concurrent-root-region-scan-end, 0.0018043 secs]
2016-06-26T19:52:46.671+0300: 595.907: [GC concurrent-mark-start]
2016-06-26T19:52:46.708+0300: 595.944: [GC concurrent-mark-end, 0.0365858 secs]
2016-06-26T19:52:46.725+0300: 595.961: [GC remark 2016-06-26T19:52:46.725+0300: 595.961: [Finalize Marking, 0.0003118 secs] 2016-06-26T19:52:46.725+0300: 595.962: [GC ref-proc, 0.0001005 secs] 2016-06-26T19:52:46.725+0300: 595.962: [Unloading, 0.0016478 secs], 0.0197474 secs]
 [Times: user=0.06 sys=0.00, real=0.02 secs] 
2016-06-26T19:52:46.745+0300: 595.981: Total time for which application threads were stopped: 0.0232216 seconds, Stopping threads took: 0.0032018 seconds
2016-06-26T19:52:46.747+0300: 595.983: [GC cleanup 3188M->3188M(5120M), 0.0024077 secs]
 [Times: user=0.06 sys=0.00, real=0.00 secs] 
2016-06-26T19:52:46.749+0300: 595.986: Total time for which application threads were stopped: 0.0028824 seconds, Stopping threads took: 0.0002010 seconds
2016-06-26T19:52:46.936+0300: 596.173: [GC pause (G1 Humongous Allocation) (young) (initial-mark)
Desired survivor size 89653248 bytes, new threshold 15 (max 15)
- age   1:         96 bytes,         96 total
- age   2:     186360 bytes,     186456 total
- age   3:         16 bytes,     186472 total
- age   4:      23304 bytes,     209776 total
- age   5:       9032 bytes,     218808 total
- age   6:      27608 bytes,     246416 total
- age   8:      25560 bytes,     271976 total
- age  10:      21376 bytes,     293352 total
- age  11:       1752 bytes,     295104 total
- age  12:      20120 bytes,     315224 total
- age  14:      21720 bytes,     336944 total
, 0.0131889 secs]
   [Parallel Time: 10.5 ms, GC Workers: 4]
      [GC Worker Start (ms): Min: 596174.6, Avg: 596174.8, Max: 596175.2, Diff: 0.5]
      [Ext Root Scanning (ms): Min: 0.0, Avg: 1.0, Max: 2.9, Diff: 2.8, Sum: 4.0]
      [Update RS (ms): Min: 6.9, Avg: 8.7, Max: 9.4, Diff: 2.4, Sum: 34.9]
         [Processed Buffers: Min: 73, Avg: 92.8, Max: 102, Diff: 29, Sum: 371]
      [Scan RS (ms): Min: 0.0, Avg: 0.0, Max: 0.0, Diff: 0.0, Sum: 0.0]
      [Code Root Scanning (ms): Min: 0.0, Avg: 0.0, Max: 0.0, Diff: 0.0, Sum: 0.0]
      [Object Copy (ms): Min: 0.6, Avg: 0.6, Max: 0.7, Diff: 0.1, Sum: 2.5]
      [Termination (ms): Min: 0.0, Avg: 0.0, Max: 0.0, Diff: 0.0, Sum: 0.0]
         [Termination Attempts: Min: 1, Avg: 1.0, Max: 1, Diff: 0, Sum: 4]
      [GC Worker Other (ms): Min: 0.0, Avg: 0.0, Max: 0.0, Diff: 0.0, Sum: 0.0]
      [GC Worker Total (ms): Min: 10.0, Avg: 10.4, Max: 10.5, Diff: 0.5, Sum: 41.5]
      [GC Worker End (ms): Min: 596185.1, Avg: 596185.1, Max: 596185.1, Diff: 0.0]
   [Code Root Fixup: 0.0 ms]
   [Code Root Purge: 0.0 ms]
   [Clear CT: 0.0 ms]
   [Other: 2.6 ms]
      [Choose CSet: 0.0 ms]
      [Ref Proc: 0.1 ms]
      [Ref Enq: 0.0 ms]
      [Redirty Cards: 0.0 ms]
      [Humongous Register: 0.6 ms]
      [Humongous Reclaim: 0.3 ms]
      [Free CSet: 0.0 ms]
   [Eden: 11.0M(1364.0M)->0.0B(1255.0M) Survivors: 1024.0K->1024.0K Heap: 3311.4M(5120.0M)->3272.1M(5120.0M)]
 [Times: user=0.00 sys=0.00, real=0.01 secs] 
2016-06-26T19:52:46.950+0300: 596.186: [GC concurrent-root-region-scan-start]
2016-06-26T19:52:46.950+0300: 596.186: Total time for which application threads were stopped: 0.0190353 seconds, Stopping threads took: 0.0053602 seconds
2016-06-26T19:52:46.951+0300: 596.188: [GC concurrent-root-region-scan-end, 0.0017666 secs]
2016-06-26T19:52:46.951+0300: 596.188: [GC concurrent-mark-start]
2016-06-26T19:52:46.992+0300: 596.229: [GC concurrent-mark-end, 0.0402170 secs]
2016-06-26T19:52:47.018+0300: 596.255: [GC remark 2016-06-26T19:52:47.018+0300: 596.255: [Finalize Marking, 0.0004931 secs] 2016-06-26T19:52:47.019+0300: 596.256: [GC ref-proc, 0.0001138 secs] 2016-06-26T19:52:47.019+0300: 596.256: [Unloading, 0.0018107 secs], 0.0203781 secs]
 [Times: user=0.06 sys=0.00, real=0.02 secs] 
2016-06-26T19:52:47.039+0300: 596.275: Total time for which application threads were stopped: 0.0219365 seconds, Stopping threads took: 0.0012663 seconds
2016-06-26T19:52:47.043+0300: 596.280: [GC cleanup 3315M->3315M(5120M), 0.0023910 secs]
 [Times: user=0.06 sys=0.00, real=0.00 secs] 
2016-06-26T19:52:47.046+0300: 596.282: Total time for which application threads were stopped: 0.0027567 seconds, Stopping threads took: 0.0000599 seconds
2016-06-26T19:52:48.052+0300: 597.288: Total time for which application threads were stopped: 0.0056147 seconds, Stopping threads took: 0.0052773 seconds
2016-06-26T19:52:49.062+0300: 598.299: Total time for which application threads were stopped: 0.0106751 seconds, Stopping threads took: 0.0104224 seconds
2016-06-26T19:52:49.694+0300: 598.931: [GC pause (G1 Humongous Allocation) (young)
Desired survivor size 82313216 bytes, new threshold 15 (max 15)
- age   1:       1704 bytes,       1704 total
- age   2:         72 bytes,       1776 total
- age   3:     185592 bytes,     187368 total
- age   4:         16 bytes,     187384 total
- age   5:      23200 bytes,     210584 total
- age   6:       9032 bytes,     219616 total
- age   7:      27464 bytes,     247080 total
- age   9:      25560 bytes,     272640 total
- age  11:      21376 bytes,     294016 total
- age  12:       1752 bytes,     295768 total
- age  13:      20120 bytes,     315888 total
- age  15:      21720 bytes,     337608 total
, 0.0579553 secs]
   [Parallel Time: 49.5 ms, GC Workers: 4]
      [GC Worker Start (ms): Min: 598936.7, Avg: 598936.7, Max: 598936.7, Diff: 0.0]
      [Ext Root Scanning (ms): Min: 0.3, Avg: 0.3, Max: 0.3, Diff: 0.0, Sum: 1.3]
      [Update RS (ms): Min: 48.6, Avg: 48.7, Max: 48.7, Diff: 0.1, Sum: 194.6]
         [Processed Buffers: Min: 500, Avg: 510.5, Max: 521, Diff: 21, Sum: 2042]
      [Scan RS (ms): Min: 0.0, Avg: 0.0, Max: 0.0, Diff: 0.0, Sum: 0.0]
      [Code Root Scanning (ms): Min: 0.0, Avg: 0.0, Max: 0.0, Diff: 0.0, Sum: 0.0]
      [Object Copy (ms): Min: 0.4, Avg: 0.4, Max: 0.5, Diff: 0.1, Sum: 1.7]
      [Termination (ms): Min: 0.0, Avg: 0.0, Max: 0.0, Diff: 0.0, Sum: 0.0]
         [Termination Attempts: Min: 1, Avg: 1.0, Max: 1, Diff: 0, Sum: 4]
      [GC Worker Other (ms): Min: 0.0, Avg: 0.0, Max: 0.0, Diff: 0.0, Sum: 0.1]
      [GC Worker Total (ms): Min: 49.4, Avg: 49.5, Max: 49.5, Diff: 0.0, Sum: 197.8]
      [GC Worker End (ms): Min: 598986.1, Avg: 598986.1, Max: 598986.1, Diff: 0.0]
   [Code Root Fixup: 0.0 ms]
   [Code Root Purge: 0.0 ms]
   [Clear CT: 0.0 ms]
   [Other: 8.4 ms]
      [Choose CSet: 0.0 ms]
      [Ref Proc: 0.1 ms]
      [Ref Enq: 0.0 ms]
      [Redirty Cards: 0.0 ms]
      [Humongous Register: 0.8 ms]
      [Humongous Reclaim: 2.1 ms]
      [Free CSet: 0.0 ms]
   [Eden: 63.0M(1255.0M)->0.0B(1085.0M) Survivors: 1024.0K->1024.0K Heap: 4982.5M(5120.0M)->3426.2M(5120.0M)]
 [Times: user=0.25 sys=0.00, real=0.06 secs] 
2016-06-26T19:52:49.752+0300: 598.989: Total time for which application threads were stopped: 0.0628361 seconds, Stopping threads took: 0.0039656 seconds
2016-06-26T19:52:49.755+0300: 598.992: [GC pause (G1 Humongous Allocation) (young) (initial-mark)
Desired survivor size 71303168 bytes, new threshold 15 (max 15)
- age   1:      48432 bytes,      48432 total
- age   2:        872 bytes,      49304 total
- age   3:         24 bytes,      49328 total
- age   4:      35944 bytes,      85272 total
- age   5:         16 bytes,      85288 total
- age   6:      17704 bytes,     102992 total
- age   7:       9032 bytes,     112024 total
- age   8:      24320 bytes,     136344 total
- age  10:      23824 bytes,     160168 total
- age  12:      20616 bytes,     180784 total
- age  13:       1752 bytes,     182536 total
- age  14:      19928 bytes,     202464 total
, 0.0035234 secs]
   [Parallel Time: 1.6 ms, GC Workers: 4]
      [GC Worker Start (ms): Min: 598992.6, Avg: 598992.6, Max: 598992.6, Diff: 0.0]
      [Ext Root Scanning (ms): Min: 0.4, Avg: 0.4, Max: 0.4, Diff: 0.0, Sum: 1.6]
      [Update RS (ms): Min: 0.8, Avg: 0.8, Max: 0.9, Diff: 0.1, Sum: 3.2]
         [Processed Buffers: Min: 8, Avg: 9.0, Max: 11, Diff: 3, Sum: 36]
      [Scan RS (ms): Min: 0.0, Avg: 0.0, Max: 0.0, Diff: 0.0, Sum: 0.0]
      [Code Root Scanning (ms): Min: 0.0, Avg: 0.0, Max: 0.0, Diff: 0.0, Sum: 0.0]
      [Object Copy (ms): Min: 0.3, Avg: 0.4, Max: 0.4, Diff: 0.1, Sum: 1.6]
      [Termination (ms): Min: 0.0, Avg: 0.0, Max: 0.0, Diff: 0.0, Sum: 0.0]
         [Termination Attempts: Min: 1, Avg: 1.0, Max: 1, Diff: 0, Sum: 4]
      [GC Worker Other (ms): Min: 0.0, Avg: 0.0, Max: 0.0, Diff: 0.0, Sum: 0.0]
      [GC Worker Total (ms): Min: 1.6, Avg: 1.6, Max: 1.6, Diff: 0.0, Sum: 6.4]
      [GC Worker End (ms): Min: 598994.2, Avg: 598994.2, Max: 598994.2, Diff: 0.0]
   [Code Root Fixup: 0.0 ms]
   [Code Root Purge: 0.0 ms]
   [Clear CT: 0.0 ms]
   [Other: 1.8 ms]
      [Choose CSet: 0.0 ms]
      [Ref Proc: 0.0 ms]
      [Ref Enq: 0.0 ms]
      [Redirty Cards: 0.0 ms]
      [Humongous Register: 0.7 ms]
      [Humongous Reclaim: 0.3 ms]
      [Free CSet: 0.0 ms]
   [Eden: 1024.0K(1085.0M)->0.0B(1084.0M) Survivors: 1024.0K->1024.0K Heap: 3430.6M(5120.0M)->3430.0M(5120.0M)]
 [Times: user=0.00 sys=0.00, real=0.00 secs] 
2016-06-26T19:52:49.759+0300: 598.995: [GC concurrent-root-region-scan-start]
2016-06-26T19:52:49.759+0300: 598.995: Total time for which application threads were stopped: 0.0040589 seconds, Stopping threads took: 0.0000590 seconds
2016-06-26T19:52:49.760+0300: 598.997: [GC concurrent-root-region-scan-end, 0.0014763 secs]
2016-06-26T19:52:49.760+0300: 598.997: [GC concurrent-mark-start]
2016-06-26T19:52:52.224+0300: 601.461: [GC pause (G1 Humongous Allocation) (young)
Desired survivor size 71303168 bytes, new threshold 15 (max 15)
- age   1:         40 bytes,         40 total
- age   2:      48408 bytes,      48448 total
- age   3:        872 bytes,      49320 total
- age   4:         24 bytes,      49344 total
- age   5:      35944 bytes,      85288 total
- age   6:         16 bytes,      85304 total
- age   7:      17704 bytes,     103008 total
- age   8:       9032 bytes,     112040 total
- age   9:      24320 bytes,     136360 total
- age  11:      23824 bytes,     160184 total
- age  13:      20616 bytes,     180800 total
- age  14:       1752 bytes,     182552 total
- age  15:      19928 bytes,     202480 total
, 0.0509208 secs]
   [Parallel Time: 41.8 ms, GC Workers: 4]
      [GC Worker Start (ms): Min: 601465.9, Avg: 601466.7, Max: 601469.0, Diff: 3.2]
      [Ext Root Scanning (ms): Min: 0.0, Avg: 0.4, Max: 0.6, Diff: 0.6, Sum: 1.5]
      [Update RS (ms): Min: 38.0, Avg: 39.9, Max: 40.5, Diff: 2.6, Sum: 159.5]
         [Processed Buffers: Min: 368, Avg: 388.8, Max: 414, Diff: 46, Sum: 1555]
      [Scan RS (ms): Min: 0.0, Avg: 0.0, Max: 0.0, Diff: 0.0, Sum: 0.0]
      [Code Root Scanning (ms): Min: 0.0, Avg: 0.0, Max: 0.0, Diff: 0.0, Sum: 0.0]
      [Object Copy (ms): Min: 0.5, Avg: 0.5, Max: 0.6, Diff: 0.1, Sum: 2.1]
      [Termination (ms): Min: 0.0, Avg: 0.1, Max: 0.1, Diff: 0.1, Sum: 0.2]
         [Termination Attempts: Min: 1, Avg: 1.0, Max: 1, Diff: 0, Sum: 4]
      [GC Worker Other (ms): Min: 0.0, Avg: 0.0, Max: 0.0, Diff: 0.0, Sum: 0.1]
      [GC Worker Total (ms): Min: 38.6, Avg: 40.9, Max: 41.8, Diff: 3.2, Sum: 163.4]
      [GC Worker End (ms): Min: 601507.6, Avg: 601507.6, Max: 601507.6, Diff: 0.1]
   [Code Root Fixup: 0.0 ms]
   [Code Root Purge: 0.0 ms]
   [Clear CT: 0.0 ms]
   [Other: 9.1 ms]
      [Choose CSet: 0.0 ms]
      [Ref Proc: 0.1 ms]
      [Ref Enq: 0.0 ms]
      [Redirty Cards: 0.0 ms]
      [Humongous Register: 0.8 ms]
      [Humongous Reclaim: 3.9 ms]
      [Free CSet: 0.0 ms]
   [Eden: 48.0M(1084.0M)->0.0B(1191.0M) Survivors: 1024.0K->1024.0K Heap: 4983.8M(5120.0M)->3324.6M(5120.0M)]
 [Times: user=0.17 sys=0.00, real=0.05 secs] 
2016-06-26T19:52:52.276+0300: 601.512: Total time for which application threads were stopped: 0.0595607 seconds, Stopping threads took: 0.0077174 seconds
2016-06-26T19:52:52.299+0300: 601.536: [GC concurrent-mark-end, 2.5388785 secs]
2016-06-26T19:52:52.325+0300: 601.561: [GC remark 2016-06-26T19:52:52.325+0300: 601.561: [Finalize Marking, 0.0003900 secs] 2016-06-26T19:52:52.325+0300: 601.561: [GC ref-proc, 0.0001031 secs] 2016-06-26T19:52:52.325+0300: 601.562: [Unloading, 0.0018616 secs], 0.0150885 secs]
 [Times: user=0.06 sys=0.00, real=0.01 secs] 
2016-06-26T19:52:52.340+0300: 601.576: Total time for which application threads were stopped: 0.0227987 seconds, Stopping threads took: 0.0073009 seconds
2016-06-26T19:52:52.343+0300: 601.579: [GC cleanup 3353M->3353M(5120M), 0.0024817 secs]
 [Times: user=0.00 sys=0.00, real=0.00 secs] 
2016-06-26T19:52:52.346+0300: 601.582: Total time for which application threads were stopped: 0.0028264 seconds, Stopping threads took: 0.0000586 seconds
2016-06-26T19:52:52.585+0300: 601.821: Total time for which application threads were stopped: 0.0115129 seconds, Stopping threads took: 0.0103056 seconds
2016-06-26T19:52:53.232+0300: 602.468: Total time for which application threads were stopped: 0.0058738 seconds, Stopping threads took: 0.0047585 seconds
2016-06-26T19:52:54.240+0300: 603.477: Total time for which application threads were stopped: 0.0140570 seconds, Stopping threads took: 0.0130020 seconds
2016-06-26T19:52:55.087+0300: 604.323: [GC pause (G1 Humongous Allocation) (young)
Desired survivor size 78118912 bytes, new threshold 15 (max 15)
- age   1:      38272 bytes,      38272 total
- age   2:         16 bytes,      38288 total
- age   3:      40160 bytes,      78448 total
- age   4:        728 bytes,      79176 total
- age   5:         24 bytes,      79200 total
- age   6:      30288 bytes,     109488 total
- age   7:         16 bytes,     109504 total
- age   8:      14544 bytes,     124048 total
- age   9:       9032 bytes,     133080 total
- age  10:      21800 bytes,     154880 total
- age  12:      22696 bytes,     177576 total
- age  14:      20096 bytes,     197672 total
- age  15:       1752 bytes,     199424 total
, 0.0482770 secs]
   [Parallel Time: 41.2 ms, GC Workers: 4]
      [GC Worker Start (ms): Min: 604328.1, Avg: 604328.1, Max: 604328.1, Diff: 0.0]
      [Ext Root Scanning (ms): Min: 0.4, Avg: 0.4, Max: 0.4, Diff: 0.0, Sum: 1.5]
      [Update RS (ms): Min: 40.3, Avg: 40.3, Max: 40.4, Diff: 0.1, Sum: 161.3]
         [Processed Buffers: Min: 418, Avg: 426.0, Max: 432, Diff: 14, Sum: 1704]
      [Scan RS (ms): Min: 0.0, Avg: 0.0, Max: 0.0, Diff: 0.0, Sum: 0.0]
      [Code Root Scanning (ms): Min: 0.0, Avg: 0.0, Max: 0.0, Diff: 0.0, Sum: 0.0]
      [Object Copy (ms): Min: 0.4, Avg: 0.4, Max: 0.5, Diff: 0.1, Sum: 1.7]
      [Termination (ms): Min: 0.0, Avg: 0.0, Max: 0.0, Diff: 0.0, Sum: 0.0]
         [Termination Attempts: Min: 1, Avg: 1.5, Max: 2, Diff: 1, Sum: 6]
      [GC Worker Other (ms): Min: 0.0, Avg: 0.0, Max: 0.0, Diff: 0.0, Sum: 0.1]
      [GC Worker Total (ms): Min: 41.2, Avg: 41.2, Max: 41.2, Diff: 0.0, Sum: 164.6]
      [GC Worker End (ms): Min: 604369.3, Avg: 604369.3, Max: 604369.3, Diff: 0.0]
   [Code Root Fixup: 0.0 ms]
   [Code Root Purge: 0.0 ms]
   [Clear CT: 0.0 ms]
   [Other: 7.0 ms]
      [Choose CSet: 0.0 ms]
      [Ref Proc: 0.0 ms]
      [Ref Enq: 0.0 ms]
      [Redirty Cards: 0.0 ms]
      [Humongous Register: 0.8 ms]
      [Humongous Reclaim: 1.9 ms]
      [Free CSet: 0.0 ms]
   [Eden: 53.0M(1191.0M)->0.0B(842.0M) Survivors: 1024.0K->1024.0K Heap: 4983.1M(5120.0M)->3670.4M(5120.0M)]
 [Times: user=0.19 sys=0.00, real=0.05 secs] 
2016-06-26T19:52:55.135+0300: 604.372: Total time for which application threads were stopped: 0.0556258 seconds, Stopping threads took: 0.0065046 seconds
2016-06-26T19:52:55.137+0300: 604.373: [GC pause (G1 Humongous Allocation) (young) (initial-mark)
Desired survivor size 55574528 bytes, new threshold 15 (max 15)
- age   1:      35256 bytes,      35256 total
- age   2:      33312 bytes,      68568 total
- age   3:         16 bytes,      68584 total
- age   4:      35784 bytes,     104368 total
- age   5:        528 bytes,     104896 total
- age   6:         24 bytes,     104920 total
- age   7:      25976 bytes,     130896 total
- age   9:      11872 bytes,     142768 total
- age  10:       9032 bytes,     151800 total
- age  11:      20488 bytes,     172288 total
- age  13:      22408 bytes,     194696 total
- age  15:      20016 bytes,     214712 total
, 0.0036924 secs]
   [Parallel Time: 1.8 ms, GC Workers: 4]
      [GC Worker Start (ms): Min: 604374.4, Avg: 604374.4, Max: 604374.4, Diff: 0.0]
      [Ext Root Scanning (ms): Min: 0.4, Avg: 0.5, Max: 0.5, Diff: 0.0, Sum: 1.8]
      [Update RS (ms): Min: 0.8, Avg: 0.8, Max: 0.8, Diff: 0.1, Sum: 3.1]
         [Processed Buffers: Min: 8, Avg: 9.0, Max: 11, Diff: 3, Sum: 36]
      [Scan RS (ms): Min: 0.0, Avg: 0.0, Max: 0.0, Diff: 0.0, Sum: 0.0]
      [Code Root Scanning (ms): Min: 0.0, Avg: 0.0, Max: 0.0, Diff: 0.0, Sum: 0.0]
      [Object Copy (ms): Min: 0.4, Avg: 0.4, Max: 0.5, Diff: 0.1, Sum: 1.8]
      [Termination (ms): Min: 0.0, Avg: 0.0, Max: 0.0, Diff: 0.0, Sum: 0.0]
         [Termination Attempts: Min: 1, Avg: 1.0, Max: 1, Diff: 0, Sum: 4]
      [GC Worker Other (ms): Min: 0.0, Avg: 0.0, Max: 0.0, Diff: 0.0, Sum: 0.0]
      [GC Worker Total (ms): Min: 1.7, Avg: 1.7, Max: 1.7, Diff: 0.0, Sum: 6.8]
      [GC Worker End (ms): Min: 604376.1, Avg: 604376.1, Max: 604376.1, Diff: 0.0]
   [Code Root Fixup: 0.0 ms]
   [Code Root Purge: 0.0 ms]
   [Clear CT: 0.0 ms]
   [Other: 1.9 ms]
      [Choose CSet: 0.0 ms]
      [Ref Proc: 0.0 ms]
      [Ref Enq: 0.0 ms]
      [Redirty Cards: 0.0 ms]
      [Humongous Register: 0.7 ms]
      [Humongous Reclaim: 0.3 ms]
      [Free CSet: 0.1 ms]
   [Eden: 1024.0K(842.0M)->0.0B(840.0M) Survivors: 1024.0K->1024.0K Heap: 3674.8M(5120.0M)->3674.3M(5120.0M)]
 [Times: user=0.06 sys=0.00, real=0.00 secs] 
2016-06-26T19:52:55.141+03002016-06-26T19:52:55.141+0300: : 604.377604.377: : [GC concurrent-root-region-scan-start]
Total time for which application threads were stopped: 0.0044378 seconds, Stopping threads took: 0.0001788 seconds
2016-06-26T19:52:55.142+0300: 604.379: [GC concurrent-root-region-scan-end, 0.0015002 secs]
2016-06-26T19:52:55.142+0300: 604.379: [GC concurrent-mark-start]
2016-06-26T19:52:55.180+0300: 604.416: [GC concurrent-mark-end, 0.0372825 secs]
2016-06-26T19:52:55.202+0300: 604.439: [GC remark 2016-06-26T19:52:55.202+0300: 604.439: [Finalize Marking, 0.0004533 secs] 2016-06-26T19:52:55.203+0300: 604.439: [GC ref-proc, 0.0000992 secs] 2016-06-26T19:52:55.203+0300: 604.439: [Unloading, 0.0018761 secs], 0.0225793 secs]
 [Times: user=0.06 sys=0.00, real=0.02 secs] 
2016-06-26T19:52:55.225+0300: 604.461: Total time for which application threads were stopped: 0.0253808 seconds, Stopping threads took: 0.0023855 seconds
2016-06-26T19:52:55.229+0300: 604.465: [GC cleanup 3711M->3711M(5120M), 0.0022289 secs]
 [Times: user=0.00 sys=0.00, real=0.00 secs] 
2016-06-26T19:52:55.231+0300: 604.468: Total time for which application threads were stopped: 0.0030192 seconds, Stopping threads took: 0.0004148 seconds
2016-06-26T19:52:56.002+0300: 605.239: Total time for which application threads were stopped: 0.0077273 seconds, Stopping threads took: 0.0067330 seconds
2016-06-26T19:52:56.231+0300: 605.468: Total time for which application threads were stopped: 0.0036017 seconds, Stopping threads took: 0.0025788 seconds
2016-06-26T19:52:57.233+0300: 606.470: Total time for which application threads were stopped: 0.0052871 seconds, Stopping threads took: 0.0043984 seconds
2016-06-26T19:52:57.241+0300: 606.477: Total time for which application threads were stopped: 0.0003879 seconds, Stopping threads took: 0.0000727 seconds
2016-06-26T19:52:57.500+0300: 606.737: [GC pause (G1 Humongous Allocation) (young)
Desired survivor size 55574528 bytes, new threshold 15 (max 15)
- age   1:         40 bytes,         40 total
- age   2:      35232 bytes,      35272 total
- age   3:      33312 bytes,      68584 total
- age   4:         16 bytes,      68600 total
- age   5:      35784 bytes,     104384 total
- age   6:        528 bytes,     104912 total
- age   7:         24 bytes,     104936 total
- age   8:      25976 bytes,     130912 total
- age  10:      11872 bytes,     142784 total
- age  11:       9032 bytes,     151816 total
- age  12:      20488 bytes,     172304 total
- age  14:      22408 bytes,     194712 total
, 0.0489052 secs]
   [Parallel Time: 41.7 ms, GC Workers: 4]
      [GC Worker Start (ms): Min: 606741.4, Avg: 606741.5, Max: 606741.8, Diff: 0.3]
      [Ext Root Scanning (ms): Min: 0.2, Avg: 0.4, Max: 0.5, Diff: 0.3, Sum: 1.5]
      [Update RS (ms): Min: 40.7, Avg: 40.7, Max: 40.7, Diff: 0.0, Sum: 162.9]
         [Processed Buffers: Min: 400, Avg: 409.5, Max: 429, Diff: 29, Sum: 1638]
      [Scan RS (ms): Min: 0.0, Avg: 0.0, Max: 0.0, Diff: 0.0, Sum: 0.0]
      [Code Root Scanning (ms): Min: 0.0, Avg: 0.0, Max: 0.0, Diff: 0.0, Sum: 0.0]
      [Object Copy (ms): Min: 0.4, Avg: 0.4, Max: 0.5, Diff: 0.1, Sum: 1.7]
      [Termination (ms): Min: 0.0, Avg: 0.0, Max: 0.0, Diff: 0.0, Sum: 0.0]
         [Termination Attempts: Min: 1, Avg: 1.0, Max: 1, Diff: 0, Sum: 4]
      [GC Worker Other (ms): Min: 0.0, Avg: 0.0, Max: 0.0, Diff: 0.0, Sum: 0.1]
      [GC Worker Total (ms): Min: 41.3, Avg: 41.5, Max: 41.6, Diff: 0.3, Sum: 166.2]
      [GC Worker End (ms): Min: 606783.1, Avg: 606783.1, Max: 606783.1, Diff: 0.0]
   [Code Root Fixup: 0.0 ms]
   [Code Root Purge: 0.0 ms]
   [Clear CT: 0.0 ms]
   [Other: 7.2 ms]
      [Choose CSet: 0.0 ms]
      [Ref Proc: 0.1 ms]
      [Ref Enq: 0.0 ms]
      [Redirty Cards: 0.0 ms]
      [Humongous Register: 0.8 ms]
      [Humongous Reclaim: 2.0 ms]
      [Free CSet: 0.0 ms]
   [Eden: 51.0M(840.0M)->0.0B(938.0M) Survivors: 1024.0K->1024.0K Heap: 4982.8M(5120.0M)->3578.6M(5120.0M)]
 [Times: user=0.19 sys=0.00, real=0.05 secs] 
2016-06-26T19:52:57.549+0300: 606.786: Total time for which application threads were stopped: 0.0512963 seconds, Stopping threads took: 0.0014228 seconds
2016-06-26T19:52:57.553+0300: 606.789: [GC pause (G1 Humongous Allocation) (young) (initial-mark)
Desired survivor size 61865984 bytes, new threshold 15 (max 15)
- age   1:      43368 bytes,      43368 total
- age   2:         16 bytes,      43384 total
- age   3:      26088 bytes,      69472 total
- age   4:      28680 bytes,      98152 total
- age   5:         16 bytes,      98168 total
- age   6:      33176 bytes,     131344 total
- age   7:        192 bytes,     131536 total
- age   8:         24 bytes,     131560 total
- age   9:      24584 bytes,     156144 total
- age  11:      11192 bytes,     167336 total
- age  12:       9032 bytes,     176368 total
- age  13:      20056 bytes,     196424 total
- age  15:      22040 bytes,     218464 total
, 0.0036261 secs]
   [Parallel Time: 1.8 ms, GC Workers: 4]
      [GC Worker Start (ms): Min: 606790.2, Avg: 606790.2, Max: 606790.2, Diff: 0.0]
      [Ext Root Scanning (ms): Min: 0.4, Avg: 0.4, Max: 0.4, Diff: 0.0, Sum: 1.5]
      [Update RS (ms): Min: 0.9, Avg: 1.0, Max: 1.0, Diff: 0.1, Sum: 3.8]
         [Processed Buffers: Min: 4, Avg: 9.0, Max: 14, Diff: 10, Sum: 36]
      [Scan RS (ms): Min: 0.0, Avg: 0.0, Max: 0.0, Diff: 0.0, Sum: 0.0]
      [Code Root Scanning (ms): Min: 0.0, Avg: 0.0, Max: 0.0, Diff: 0.0, Sum: 0.0]
      [Object Copy (ms): Min: 0.4, Avg: 0.5, Max: 0.5, Diff: 0.1, Sum: 1.8]
      [Termination (ms): Min: 0.0, Avg: 0.0, Max: 0.0, Diff: 0.0, Sum: 0.0]
         [Termination Attempts: Min: 1, Avg: 1.0, Max: 1, Diff: 0, Sum: 4]
      [GC Worker Other (ms): Min: 0.0, Avg: 0.0, Max: 0.0, Diff: 0.0, Sum: 0.0]
      [GC Worker Total (ms): Min: 1.8, Avg: 1.8, Max: 1.8, Diff: 0.0, Sum: 7.2]
      [GC Worker End (ms): Min: 606792.0, Avg: 606792.0, Max: 606792.0, Diff: 0.0]
   [Code Root Fixup: 0.0 ms]
   [Code Root Purge: 0.0 ms]
   [Clear CT: 0.0 ms]
   [Other: 1.7 ms]
      [Choose CSet: 0.0 ms]
      [Ref Proc: 0.0 ms]
      [Ref Enq: 0.0 ms]
      [Redirty Cards: 0.0 ms]
      [Humongous Register: 0.7 ms]
      [Humongous Reclaim: 0.3 ms]
      [Free CSet: 0.0 ms]
   [Eden: 1024.0K(938.0M)->0.0B(932.0M) Survivors: 1024.0K->1024.0K Heap: 3583.6M(5120.0M)->3582.6M(5120.0M)]
 [Times: user=0.00 sys=0.00, real=0.00 secs] 
2016-06-26T19:52:57.556+0300: 606.793: [GC concurrent-root-region-scan-start]
2016-06-26T19:52:57.556+0300: 606.793: Total time for which application threads were stopped: 0.0042265 seconds, Stopping threads took: 0.0000590 seconds
2016-06-26T19:52:57.558+0300: 606.795: [GC concurrent-root-region-scan-end, 0.0017046 secs]
2016-06-26T19:52:57.558+0300: 606.795: [GC concurrent-mark-start]
2016-06-26T19:52:57.604+0300: 606.841: [GC concurrent-mark-end, 0.0457385 secs]
2016-06-26T19:52:57.631+0300: 606.868: [GC remark 2016-06-26T19:52:57.631+0300: 606.868: [Finalize Marking, 0.0004670 secs] 2016-06-26T19:52:57.632+0300: 606.868: [GC ref-proc, 0.0001091 secs] 2016-06-26T19:52:57.632+0300: 606.868: [Unloading, 0.0021075 secs], 0.0227200 secs]
 [Times: user=0.06 sys=0.00, real=0.02 secs] 
2016-06-26T19:52:57.654+0300: 606.891: Total time for which application threads were stopped: 0.0301992 seconds, Stopping threads took: 0.0071978 seconds
2016-06-26T19:52:57.659+0300: 606.896: [GC cleanup 3610M->3587M(5120M), 0.0037146 secs]
 [Times: user=0.00 sys=0.00, real=0.00 secs] 
2016-06-26T19:52:57.663+0300: 606.900: Total time for which application threads were stopped: 0.0040743 seconds, Stopping threads took: 0.0000582 seconds
2016-06-26T19:52:57.663+0300: 606.900: [GC concurrent-cleanup-start]
2016-06-26T19:52:57.663+0300: 606.900: [GC concurrent-cleanup-end, 0.0000402 secs]
2016-06-26T19:52:58.670+0300: 607.906: Total time for which application threads were stopped: 0.0068664 seconds, Stopping threads took: 0.0065346 seconds
2016-06-26T19:52:59.769+0300: 609.006: [GC pause (G1 Humongous Allocation) (young)
Desired survivor size 61341696 bytes, new threshold 15 (max 15)
- age   1:       9072 bytes,       9072 total
- age   2:      43344 bytes,      52416 total
- age   3:         16 bytes,      52432 total
- age   4:      26088 bytes,      78520 total
- age   5:      28680 bytes,     107200 total
- age   6:         16 bytes,     107216 total
- age   7:      33176 bytes,     140392 total
- age   8:        192 bytes,     140584 total
- age   9:         24 bytes,     140608 total
- age  10:      24584 bytes,     165192 total
- age  12:      11192 bytes,     176384 total
- age  13:       9032 bytes,     185416 total
- age  14:      20056 bytes,     205472 total
, 0.0559337 secs]
   [Parallel Time: 47.8 ms, GC Workers: 4]
      [GC Worker Start (ms): Min: 609011.9, Avg: 609011.9, Max: 609011.9, Diff: 0.0]
      [Ext Root Scanning (ms): Min: 0.4, Avg: 0.4, Max: 0.4, Diff: 0.0, Sum: 1.6]
      [Update RS (ms): Min: 46.9, Avg: 46.9, Max: 46.9, Diff: 0.0, Sum: 187.7]
         [Processed Buffers: Min: 498, Avg: 500.3, Max: 503, Diff: 5, Sum: 2001]
      [Scan RS (ms): Min: 0.0, Avg: 0.0, Max: 0.0, Diff: 0.0, Sum: 0.0]
      [Code Root Scanning (ms): Min: 0.0, Avg: 0.0, Max: 0.0, Diff: 0.0, Sum: 0.0]
      [Object Copy (ms): Min: 0.4, Avg: 0.4, Max: 0.4, Diff: 0.0, Sum: 1.6]
      [Termination (ms): Min: 0.0, Avg: 0.0, Max: 0.0, Diff: 0.0, Sum: 0.0]
         [Termination Attempts: Min: 1, Avg: 1.0, Max: 1, Diff: 0, Sum: 4]
      [GC Worker Other (ms): Min: 0.0, Avg: 0.0, Max: 0.0, Diff: 0.0, Sum: 0.1]
      [GC Worker Total (ms): Min: 47.8, Avg: 47.8, Max: 47.8, Diff: 0.0, Sum: 191.1]
      [GC Worker End (ms): Min: 609059.6, Avg: 609059.6, Max: 609059.6, Diff: 0.0]
   [Code Root Fixup: 0.0 ms]
   [Code Root Purge: 0.0 ms]
   [Clear CT: 0.0 ms]
   [Other: 8.1 ms]
      [Choose CSet: 0.0 ms]
      [Ref Proc: 0.0 ms]
      [Ref Enq: 0.0 ms]
      [Redirty Cards: 0.0 ms]
      [Humongous Register: 0.8 ms]
      [Humongous Reclaim: 2.1 ms]
      [Free CSet: 0.0 ms]
   [Eden: 60.0M(932.0M)->0.0B(1015.0M) Survivors: 1024.0K->1024.0K Heap: 4981.9M(5120.0M)->3502.5M(5120.0M)]
 [Times: user=0.19 sys=0.00, real=0.06 secs] 
2016-06-26T19:52:59.826+0300: 609.062: Total time for which application threads were stopped: 0.0698441 seconds, Stopping threads took: 0.0129280 seconds
2016-06-26T19:52:59.830+0300: 609.067: [GC pause (G1 Humongous Allocation) (young) (initial-mark)
Desired survivor size 66584576 bytes, new threshold 15 (max 15)
- age   1:      28768 bytes,      28768 total
- age   2:       9048 bytes,      37816 total
- age   3:      37032 bytes,      74848 total
- age   4:         16 bytes,      74864 total
- age   5:      21128 bytes,      95992 total
- age   6:      23176 bytes,     119168 total
- age   7:         16 bytes,     119184 total
- age   8:      29776 bytes,     148960 total
- age   9:         64 bytes,     149024 total
- age  11:      23456 bytes,     172480 total
- age  13:      10928 bytes,     183408 total
- age  14:       9032 bytes,     192440 total
- age  15:      19888 bytes,     212328 total
, 0.0033609 secs]
   [Parallel Time: 1.6 ms, GC Workers: 4]
      [GC Worker Start (ms): Min: 609068.2, Avg: 609068.3, Max: 609068.5, Diff: 0.3]
      [Ext Root Scanning (ms): Min: 0.4, Avg: 0.6, Max: 0.7, Diff: 0.3, Sum: 2.2]
      [Update RS (ms): Min: 0.1, Avg: 0.4, Max: 0.5, Diff: 0.4, Sum: 1.6]
         [Processed Buffers: Min: 1, Avg: 5.0, Max: 8, Diff: 7, Sum: 20]
      [Scan RS (ms): Min: 0.0, Avg: 0.0, Max: 0.0, Diff: 0.0, Sum: 0.0]
      [Code Root Scanning (ms): Min: 0.0, Avg: 0.0, Max: 0.0, Diff: 0.0, Sum: 0.0]
      [Object Copy (ms): Min: 0.4, Avg: 0.6, Max: 0.9, Diff: 0.6, Sum: 2.2]
      [Termination (ms): Min: 0.0, Avg: 0.0, Max: 0.0, Diff: 0.0, Sum: 0.0]
         [Termination Attempts: Min: 1, Avg: 1.0, Max: 1, Diff: 0, Sum: 4]
      [GC Worker Other (ms): Min: 0.0, Avg: 0.0, Max: 0.0, Diff: 0.0, Sum: 0.0]
      [GC Worker Total (ms): Min: 1.3, Avg: 1.5, Max: 1.6, Diff: 0.3, Sum: 6.1]
      [GC Worker End (ms): Min: 609069.8, Avg: 609069.8, Max: 609069.8, Diff: 0.0]
   [Code Root Fixup: 0.0 ms]
   [Code Root Purge: 0.0 ms]
   [Clear CT: 0.0 ms]
   [Other: 1.7 ms]
      [Choose CSet: 0.0 ms]
      [Ref Proc: 0.1 ms]
      [Ref Enq: 0.0 ms]
      [Redirty Cards: 0.0 ms]
      [Humongous Register: 0.6 ms]
      [Humongous Reclaim: 0.2 ms]
      [Free CSet: 0.0 ms]
   [Eden: 1024.0K(1015.0M)->0.0B(1011.0M) Survivors: 1024.0K->1024.0K Heap: 3505.5M(5120.0M)->3504.4M(5120.0M)]
 [Times: user=0.00 sys=0.00, real=0.00 secs] 
2016-06-26T19:52:59.834+0300: 609.071: [GC concurrent-root-region-scan-start]
2016-06-26T19:52:59.834+0300: 609.071: Total time for which application threads were stopped: 0.0040832 seconds, Stopping threads took: 0.0000701 seconds
2016-06-26T19:52:59.836+0300: 609.072: [GC concurrent-root-region-scan-end, 0.0015396 secs]
2016-06-26T19:52:59.836+0300: 609.072: [GC concurrent-mark-start]
2016-06-26T19:52:59.880+0300: 609.116: [GC concurrent-mark-end, 0.0412434 secs]
2016-06-26T19:52:59.918+0300: 609.154: [GC remark 2016-06-26T19:52:59.918+0300: 609.154: [Finalize Marking, 0.0005671 secs] 2016-06-26T19:52:59.918+0300: 609.155: [GC ref-proc, 0.0001052 secs] 2016-06-26T19:52:59.918+0300: 609.155: [Unloading, 0.0022606 secs], 0.0221649 secs]
 [Times: user=0.11 sys=0.00, real=0.02 secs] 
2016-06-26T19:52:59.940+0300: 609.177: Total time for which application threads were stopped: 0.0312474 seconds, Stopping threads took: 0.0086579 seconds
2016-06-26T19:52:59.948+0300: 609.185: [GC cleanup 3551M->3535M(5120M), 0.0022426 secs]
 [Times: user=0.00 sys=0.00, real=0.00 secs] 
2016-06-26T19:52:59.950+0300: 609.187: Total time for which application threads were stopped: 0.0036496 seconds, Stopping threads took: 0.0009366 seconds
2016-06-26T19:52:59.950+0300: 609.187: [GC concurrent-cleanup-start]
2016-06-26T19:52:59.950+0300: 609.187: [GC concurrent-cleanup-end, 0.0000291 secs]
2016-06-26T19:53:01.960+0300: 611.197: Total time for which application threads were stopped: 0.0094926 seconds, Stopping threads took: 0.0092758 seconds
2016-06-26T19:53:02.441+0300: 611.677: [GC pause (G1 Humongous Allocation) (young)
Desired survivor size 66584576 bytes, new threshold 15 (max 15)
- age   1:       9072 bytes,       9072 total
- age   2:      28744 bytes,      37816 total
- age   3:       9048 bytes,      46864 total
- age   4:      37032 bytes,      83896 total
- age   5:         16 bytes,      83912 total
- age   6:      21128 bytes,     105040 total
- age   7:      23176 bytes,     128216 total
- age   8:         16 bytes,     128232 total
- age   9:      29776 bytes,     158008 total
- age  10:         64 bytes,     158072 total
- age  12:      23456 bytes,     181528 total
- age  14:      10928 bytes,     192456 total
- age  15:       9032 bytes,     201488 total
, 0.0612178 secs]
   [Parallel Time: 52.9 ms, GC Workers: 4]
      [GC Worker Start (ms): Min: 611683.6, Avg: 611683.6, Max: 611683.6, Diff: 0.0]
      [Ext Root Scanning (ms): Min: 0.4, Avg: 0.4, Max: 0.4, Diff: 0.0, Sum: 1.5]
      [Update RS (ms): Min: 52.0, Avg: 52.1, Max: 52.1, Diff: 0.1, Sum: 208.3]
         [Processed Buffers: Min: 484, Avg: 512.8, Max: 526, Diff: 42, Sum: 2051]
      [Scan RS (ms): Min: 0.0, Avg: 0.0, Max: 0.0, Diff: 0.0, Sum: 0.1]
      [Code Root Scanning (ms): Min: 0.0, Avg: 0.0, Max: 0.0, Diff: 0.0, Sum: 0.0]
      [Object Copy (ms): Min: 0.4, Avg: 0.4, Max: 0.4, Diff: 0.1, Sum: 1.6]
      [Termination (ms): Min: 0.0, Avg: 0.0, Max: 0.0, Diff: 0.0, Sum: 0.0]
         [Termination Attempts: Min: 1, Avg: 1.0, Max: 1, Diff: 0, Sum: 4]
      [GC Worker Other (ms): Min: 0.0, Avg: 0.0, Max: 0.0, Diff: 0.0, Sum: 0.1]
      [GC Worker Total (ms): Min: 52.9, Avg: 52.9, Max: 52.9, Diff: 0.0, Sum: 211.6]
      [GC Worker End (ms): Min: 611736.5, Avg: 611736.5, Max: 611736.5, Diff: 0.0]
   [Code Root Fixup: 0.0 ms]
   [Code Root Purge: 0.0 ms]
   [Clear CT: 0.0 ms]
   [Other: 8.2 ms]
      [Choose CSet: 0.0 ms]
      [Ref Proc: 0.1 ms]
      [Ref Enq: 0.0 ms]
      [Redirty Cards: 0.0 ms]
      [Humongous Register: 0.8 ms]
      [Humongous Reclaim: 1.9 ms]
      [Free CSet: 0.0 ms]
   [Eden: 63.0M(1011.0M)->0.0B(944.0M) Survivors: 1024.0K->1024.0K Heap: 4981.0M(5120.0M)->3570.9M(5120.0M)]
 [Times: user=0.22 sys=0.00, real=0.06 secs] 
2016-06-26T19:53:02.502+0300: 611.739: Total time for which application threads were stopped: 0.0685158 seconds, Stopping threads took: 0.0062596 seconds
2016-06-26T19:53:02.512+0300: 611.748: [GC pause (G1 Humongous Allocation) (young) (initial-mark)
Desired survivor size 62390272 bytes, new threshold 15 (max 15)
- age   1:      30456 bytes,      30456 total
- age   2:       9032 bytes,      39488 total
- age   3:      20712 bytes,      60200 total
- age   4:       9032 bytes,      69232 total
- age   5:      32728 bytes,     101960 total
- age   6:         16 bytes,     101976 total
- age   7:      18648 bytes,     120624 total
- age   8:      20856 bytes,     141480 total
- age  10:      27896 bytes,     169376 total
- age  13:      22848 bytes,     192224 total
- age  15:      10840 bytes,     203064 total
, 0.0030269 secs]
   [Parallel Time: 1.3 ms, GC Workers: 4]
      [GC Worker Start (ms): Min: 611749.1, Avg: 611749.1, Max: 611749.1, Diff: 0.0]
      [Ext Root Scanning (ms): Min: 0.4, Avg: 0.4, Max: 0.4, Diff: 0.0, Sum: 1.7]
      [Update RS (ms): Min: 0.4, Avg: 0.4, Max: 0.4, Diff: 0.0, Sum: 1.6]
         [Processed Buffers: Min: 4, Avg: 5.0, Max: 6, Diff: 2, Sum: 20]
      [Scan RS (ms): Min: 0.0, Avg: 0.0, Max: 0.0, Diff: 0.0, Sum: 0.0]
      [Code Root Scanning (ms): Min: 0.0, Avg: 0.0, Max: 0.0, Diff: 0.0, Sum: 0.0]
      [Object Copy (ms): Min: 0.4, Avg: 0.4, Max: 0.4, Diff: 0.1, Sum: 1.7]
      [Termination (ms): Min: 0.0, Avg: 0.0, Max: 0.0, Diff: 0.0, Sum: 0.0]
         [Termination Attempts: Min: 1, Avg: 1.0, Max: 1, Diff: 0, Sum: 4]
      [GC Worker Other (ms): Min: 0.0, Avg: 0.0, Max: 0.0, Diff: 0.0, Sum: 0.0]
      [GC Worker Total (ms): Min: 1.3, Avg: 1.3, Max: 1.3, Diff: 0.0, Sum: 5.1]
      [GC Worker End (ms): Min: 611750.4, Avg: 611750.4, Max: 611750.4, Diff: 0.0]
   [Code Root Fixup: 0.0 ms]
   [Code Root Purge: 0.0 ms]
   [Clear CT: 0.0 ms]
   [Other: 1.7 ms]
      [Choose CSet: 0.0 ms]
      [Ref Proc: 0.0 ms]
      [Ref Enq: 0.0 ms]
      [Redirty Cards: 0.0 ms]
      [Humongous Register: 0.6 ms]
      [Humongous Reclaim: 0.3 ms]
      [Free CSet: 0.0 ms]
   [Eden: 1024.0K(944.0M)->0.0B(944.0M) Survivors: 1024.0K->1024.0K Heap: 3573.8M(5120.0M)->3572.8M(5120.0M)]
 [Times: user=0.02 sys=0.00, real=0.00 secs] 
2016-06-26T19:53:02.515+0300: 2016-06-26T19:53:02.515+0300: 611.751: [GC concurrent-root-region-scan-start]
611.751: Total time for which application threads were stopped: 0.0036919 seconds, Stopping threads took: 0.0000774 seconds
2016-06-26T19:53:02.516+0300: 611.753: [GC concurrent-root-region-scan-end, 0.0015605 secs]
2016-06-26T19:53:02.516+0300: 611.753: [GC concurrent-mark-start]
2016-06-26T19:53:02.553+0300: 611.790: [GC concurrent-mark-end, 0.0368112 secs]
2016-06-26T19:53:02.567+0300: 611.804: [GC remark 2016-06-26T19:53:02.567+0300: 611.804: [Finalize Marking, 0.0003310 secs] 2016-06-26T19:53:02.568+0300: 611.804: [GC ref-proc, 0.0001061 secs] 2016-06-26T19:53:02.568+0300: 611.804: [Unloading, 0.0017286 secs], 0.0217385 secs]
 [Times: user=0.06 sys=0.00, real=0.02 secs] 
2016-06-26T19:53:02.589+0300: 611.826: Total time for which application threads were stopped: 0.0221016 seconds, Stopping threads took: 0.0000740 seconds
2016-06-26T19:53:02.594+0300: 611.830: [GC cleanup 3587M->3587M(5120M), 0.0024526 secs]
 [Times: user=0.00 sys=0.00, real=0.00 secs] 
2016-06-26T19:53:02.596+0300: 611.833: Total time for which application threads were stopped: 0.0028041 seconds, Stopping threads took: 0.0000641 seconds
2016-06-26T19:53:03.627+0300: 612.864: Total time for which application threads were stopped: 0.0309853 seconds, Stopping threads took: 0.0306632 seconds
2016-06-26T19:53:04.747+0300: 613.984: Total time for which application threads were stopped: 0.0443332 seconds, Stopping threads took: 0.0429335 seconds
2016-06-26T19:53:04.909+0300: 614.146: [GC pause (G1 Humongous Allocation) (young)
Desired survivor size 62390272 bytes, new threshold 15 (max 15)
- age   1:         56 bytes,         56 total
- age   2:      30336 bytes,      30392 total
- age   3:       9032 bytes,      39424 total
- age   4:      20712 bytes,      60136 total
- age   5:       9032 bytes,      69168 total
- age   6:      32728 bytes,     101896 total
- age   7:         16 bytes,     101912 total
- age   8:      18648 bytes,     120560 total
- age   9:      20856 bytes,     141416 total
- age  11:      27896 bytes,     169312 total
- age  14:      22848 bytes,     192160 total
, 0.0625226 secs]
   [Parallel Time: 53.8 ms, GC Workers: 4]
      [GC Worker Start (ms): Min: 614152.3, Avg: 614152.3, Max: 614152.3, Diff: 0.0]
      [Ext Root Scanning (ms): Min: 0.3, Avg: 0.3, Max: 0.4, Diff: 0.0, Sum: 1.4]
      [Update RS (ms): Min: 52.6, Avg: 52.6, Max: 52.6, Diff: 0.0, Sum: 210.4]
         [Processed Buffers: Min: 478, Avg: 517.8, Max: 542, Diff: 64, Sum: 2071]
      [Scan RS (ms): Min: 0.0, Avg: 0.0, Max: 0.0, Diff: 0.0, Sum: 0.0]
      [Code Root Scanning (ms): Min: 0.0, Avg: 0.0, Max: 0.0, Diff: 0.0, Sum: 0.0]
      [Object Copy (ms): Min: 0.7, Avg: 0.8, Max: 0.8, Diff: 0.0, Sum: 3.1]
      [Termination (ms): Min: 0.0, Avg: 0.0, Max: 0.0, Diff: 0.0, Sum: 0.0]
         [Termination Attempts: Min: 1, Avg: 1.0, Max: 1, Diff: 0, Sum: 4]
      [GC Worker Other (ms): Min: 0.0, Avg: 0.0, Max: 0.0, Diff: 0.0, Sum: 0.1]
      [GC Worker Total (ms): Min: 53.7, Avg: 53.7, Max: 53.8, Diff: 0.0, Sum: 215.0]
      [GC Worker End (ms): Min: 614206.1, Avg: 614206.1, Max: 614206.1, Diff: 0.0]
   [Code Root Fixup: 0.0 ms]
   [Code Root Purge: 0.0 ms]
   [Clear CT: 0.0 ms]
   [Other: 8.7 ms]
      [Choose CSet: 0.0 ms]
      [Ref Proc: 0.0 ms]
      [Ref Enq: 0.0 ms]
      [Redirty Cards: 0.0 ms]
      [Humongous Register: 0.8 ms]
      [Humongous Reclaim: 2.4 ms]
      [Free CSet: 0.1 ms]
   [Eden: 64.0M(944.0M)->0.0B(1247.0M) Survivors: 1024.0K->1024.0K Heap: 4980.5M(5120.0M)->3276.2M(5120.0M)]
 [Times: user=0.24 sys=0.00, real=0.06 secs] 
2016-06-26T19:53:04.973+0300: 614.209: Total time for which application threads were stopped: 0.0764265 seconds, Stopping threads took: 0.0129635 seconds
2016-06-26T19:53:04.982+0300: 614.218: [GC pause (G1 Humongous Allocation) (young) (initial-mark)
Desired survivor size 81788928 bytes, new threshold 15 (max 15)
- age   1:     251344 bytes,     251344 total
- age   2:         16 bytes,     251360 total
- age   3:      22328 bytes,     273688 total
- age   4:       9032 bytes,     282720 total
- age   5:      15672 bytes,     298392 total
- age   6:       9032 bytes,     307424 total
- age   7:      27840 bytes,     335264 total
- age   9:      16016 bytes,     351280 total
- age  10:      19200 bytes,     370480 total
- age  12:      27360 bytes,     397840 total
- age  15:      22624 bytes,     420464 total
, 0.0038917 secs]
   [Parallel Time: 2.0 ms, GC Workers: 4]
      [GC Worker Start (ms): Min: 614219.0, Avg: 614219.0, Max: 614219.0, Diff: 0.0]
      [Ext Root Scanning (ms): Min: 0.4, Avg: 0.4, Max: 0.4, Diff: 0.0, Sum: 1.6]
      [Update RS (ms): Min: 0.7, Avg: 0.8, Max: 0.9, Diff: 0.1, Sum: 3.2]
         [Processed Buffers: Min: 8, Avg: 8.5, Max: 9, Diff: 1, Sum: 34]
      [Scan RS (ms): Min: 0.0, Avg: 0.0, Max: 0.0, Diff: 0.0, Sum: 0.0]
      [Code Root Scanning (ms): Min: 0.0, Avg: 0.0, Max: 0.0, Diff: 0.0, Sum: 0.0]
      [Object Copy (ms): Min: 0.7, Avg: 0.8, Max: 0.8, Diff: 0.2, Sum: 3.0]
      [Termination (ms): Min: 0.0, Avg: 0.0, Max: 0.0, Diff: 0.0, Sum: 0.0]
         [Termination Attempts: Min: 1, Avg: 1.0, Max: 1, Diff: 0, Sum: 4]
      [GC Worker Other (ms): Min: 0.0, Avg: 0.0, Max: 0.0, Diff: 0.0, Sum: 0.0]
      [GC Worker Total (ms): Min: 2.0, Avg: 2.0, Max: 2.0, Diff: 0.0, Sum: 7.9]
      [GC Worker End (ms): Min: 614221.0, Avg: 614221.0, Max: 614221.0, Diff: 0.0]
   [Code Root Fixup: 0.0 ms]
   [Code Root Purge: 0.0 ms]
   [Clear CT: 0.0 ms]
   [Other: 1.8 ms]
      [Choose CSet: 0.0 ms]
      [Ref Proc: 0.1 ms]
      [Ref Enq: 0.0 ms]
      [Redirty Cards: 0.0 ms]
      [Humongous Register: 0.6 ms]
      [Humongous Reclaim: 0.3 ms]
      [Free CSet: 0.0 ms]
   [Eden: 1024.0K(1247.0M)->0.0B(1244.0M) Survivors: 1024.0K->1024.0K Heap: 3280.6M(5120.0M)->3280.2M(5120.0M)]
 [Times: user=0.06 sys=0.00, real=0.00 secs] 
2016-06-26T19:53:04.986+0300: 614.222: [GC concurrent-root-region-scan-start]
2016-06-26T19:53:04.986+0300: 614.222: Total time for which application threads were stopped: 0.0044797 seconds, Stopping threads took: 0.0000825 seconds
2016-06-26T19:53:04.988+0300: 614.224: [GC concurrent-root-region-scan-end, 0.0020827 secs]
2016-06-26T19:53:04.988+0300: 614.224: [GC concurrent-mark-start]
2016-06-26T19:53:05.027+0300: 614.264: [GC concurrent-mark-end, 0.0392398 secs]
2016-06-26T19:53:05.073+0300: 614.310: [GC remark 2016-06-26T19:53:05.073+0300: 614.310: [Finalize Marking, 0.0007629 secs] 2016-06-26T19:53:05.074+0300: 614.311: [GC ref-proc, 0.0001163 secs] 2016-06-26T19:53:05.074+0300: 614.311: [Unloading, 0.0019304 secs], 0.0218895 secs]
 [Times: user=0.13 sys=0.00, real=0.02 secs] 
2016-06-26T19:53:05.095+0300: 614.332: Total time for which application threads were stopped: 0.0348170 seconds, Stopping threads took: 0.0126179 seconds
2016-06-26T19:53:05.102+0300: 614.338: [GC cleanup 3329M->3329M(5120M), 0.0023183 secs]
 [Times: user=0.00 sys=0.00, real=0.00 secs] 
2016-06-26T19:53:05.104+0300: 614.341: Total time for which application threads were stopped: 0.0026754 seconds, Stopping threads took: 0.0000676 seconds
2016-06-26T19:53:06.123+0300: 615.359: Total time for which application threads were stopped: 0.0186393 seconds, Stopping threads took: 0.0182921 seconds
2016-06-26T19:53:07.776+0300: 617.012: [GC pause (G1 Humongous Allocation) (young)
Desired survivor size 81788928 bytes, new threshold 15 (max 15)
- age   1:         40 bytes,         40 total
- age   2:     251320 bytes,     251360 total
- age   3:         16 bytes,     251376 total
- age   4:      22328 bytes,     273704 total
- age   5:       9032 bytes,     282736 total
- age   6:      15672 bytes,     298408 total
- age   7:       9032 bytes,     307440 total
- age   8:      27840 bytes,     335280 total
- age  10:      16016 bytes,     351296 total
- age  11:      19200 bytes,     370496 total
- age  13:      27360 bytes,     397856 total
, 0.0588196 secs]
   [Parallel Time: 50.8 ms, GC Workers: 4]
      [GC Worker Start (ms): Min: 617018.3, Avg: 617018.3, Max: 617018.3, Diff: 0.0]
      [Ext Root Scanning (ms): Min: 0.4, Avg: 0.4, Max: 0.4, Diff: 0.0, Sum: 1.6]
      [Update RS (ms): Min: 49.8, Avg: 49.9, Max: 49.9, Diff: 0.1, Sum: 199.4]
         [Processed Buffers: Min: 502, Avg: 517.8, Max: 528, Diff: 26, Sum: 2071]
      [Scan RS (ms): Min: 0.0, Avg: 0.0, Max: 0.0, Diff: 0.0, Sum: 0.1]
      [Code Root Scanning (ms): Min: 0.0, Avg: 0.0, Max: 0.0, Diff: 0.0, Sum: 0.0]
      [Object Copy (ms): Min: 0.4, Avg: 0.4, Max: 0.4, Diff: 0.0, Sum: 1.6]
      [Termination (ms): Min: 0.0, Avg: 0.0, Max: 0.0, Diff: 0.0, Sum: 0.0]
         [Termination Attempts: Min: 1, Avg: 1.0, Max: 1, Diff: 0, Sum: 4]
      [GC Worker Other (ms): Min: 0.0, Avg: 0.0, Max: 0.0, Diff: 0.0, Sum: 0.1]
      [GC Worker Total (ms): Min: 50.7, Avg: 50.7, Max: 50.7, Diff: 0.0, Sum: 202.8]
      [GC Worker End (ms): Min: 617069.0, Avg: 617069.0, Max: 617069.0, Diff: 0.0]
   [Code Root Fixup: 0.0 ms]
   [Code Root Purge: 0.0 ms]
   [Clear CT: 0.0 ms]
   [Other: 8.0 ms]
      [Choose CSet: 0.0 ms]
      [Ref Proc: 0.1 ms]
      [Ref Enq: 0.0 ms]
      [Redirty Cards: 0.0 ms]
      [Humongous Register: 0.8 ms]
      [Humongous Reclaim: 1.7 ms]
      [Free CSet: 0.1 ms]
   [Eden: 63.0M(1244.0M)->0.0B(690.0M) Survivors: 1024.0K->1024.0K Heap: 4981.9M(5120.0M)->3822.9M(5120.0M)]
 [Times: user=0.22 sys=0.00, real=0.06 secs] 
2016-06-26T19:53:07.835+0300: 617.071: Total time for which application threads were stopped: 0.0754964 seconds, Stopping threads took: 0.0156226 seconds
2016-06-26T19:53:07.840+0300: 617.076: [GC pause (G1 Humongous Allocation) (young) (initial-mark)
Desired survivor size 45613056 bytes, new threshold 15 (max 15)
- age   1:      40128 bytes,      40128 total
- age   2:         16 bytes,      40144 total
- age   3:      34440 bytes,      74584 total
- age   5:      18488 bytes,      93072 total
- age   6:       9032 bytes,     102104 total
- age   7:      12464 bytes,     114568 total
- age   8:       9032 bytes,     123600 total
- age   9:      24576 bytes,     148176 total
- age  11:      14816 bytes,     162992 total
- age  12:      18536 bytes,     181528 total
- age  14:      27192 bytes,     208720 total
, 0.0031338 secs]
   [Parallel Time: 1.4 ms, GC Workers: 4]
      [GC Worker Start (ms): Min: 617077.0, Avg: 617077.0, Max: 617077.0, Diff: 0.0]
      [Ext Root Scanning (ms): Min: 0.5, Avg: 0.5, Max: 0.5, Diff: 0.0, Sum: 1.9]
      [Update RS (ms): Min: 0.4, Avg: 0.4, Max: 0.4, Diff: 0.1, Sum: 1.6]
         [Processed Buffers: Min: 4, Avg: 4.5, Max: 6, Diff: 2, Sum: 18]
      [Scan RS (ms): Min: 0.0, Avg: 0.0, Max: 0.0, Diff: 0.0, Sum: 0.0]
      [Code Root Scanning (ms): Min: 0.0, Avg: 0.0, Max: 0.0, Diff: 0.0, Sum: 0.0]
      [Object Copy (ms): Min: 0.4, Avg: 0.4, Max: 0.5, Diff: 0.1, Sum: 1.7]
      [Termination (ms): Min: 0.0, Avg: 0.0, Max: 0.0, Diff: 0.0, Sum: 0.0]
         [Termination Attempts: Min: 1, Avg: 1.0, Max: 1, Diff: 0, Sum: 4]
      [GC Worker Other (ms): Min: 0.0, Avg: 0.0, Max: 0.0, Diff: 0.0, Sum: 0.0]
      [GC Worker Total (ms): Min: 1.3, Avg: 1.3, Max: 1.3, Diff: 0.0, Sum: 5.3]
      [GC Worker End (ms): Min: 617078.4, Avg: 617078.4, Max: 617078.4, Diff: 0.0]
   [Code Root Fixup: 0.0 ms]
   [Code Root Purge: 0.0 ms]
   [Clear CT: 0.0 ms]
   [Other: 1.7 ms]
      [Choose CSet: 0.0 ms]
      [Ref Proc: 0.1 ms]
      [Ref Enq: 0.0 ms]
      [Redirty Cards: 0.0 ms]
      [Humongous Register: 0.7 ms]
      [Humongous Reclaim: 0.3 ms]
      [Free CSet: 0.0 ms]
   [Eden: 1024.0K(690.0M)->0.0B(686.0M) Survivors: 1024.0K->1024.0K Heap: 3825.9M(5120.0M)->3824.9M(5120.0M)]
 [Times: user=0.03 sys=0.00, real=0.00 secs] 
2016-06-26T19:53:07.843+0300: 617.080: [GC concurrent-root-region-scan-start]
2016-06-26T19:53:07.843+0300: 617.080: Total time for which application threads were stopped: 0.0041987 seconds, Stopping threads took: 0.0000774 seconds
2016-06-26T19:53:07.845+0300: 617.081: [GC concurrent-root-region-scan-end, 0.0015331 secs]
2016-06-26T19:53:07.845+0300: 617.081: [GC concurrent-mark-start]
2016-06-26T19:53:07.882+0300: 617.119: [GC concurrent-mark-end, 0.0375463 secs]
2016-06-26T19:53:07.922+0300: 617.158: [GC remark 2016-06-26T19:53:07.922+0300: 617.158: [Finalize Marking, 0.0006663 secs] 2016-06-26T19:53:07.922+0300: 617.159: [GC ref-proc, 0.0001078 secs] 2016-06-26T19:53:07.922+0300: 617.159: [Unloading, 0.0023628 secs], 0.0243173 secs]
 [Times: user=0.06 sys=0.00, real=0.02 secs] 
2016-06-26T19:53:07.946+0300: 617.182: Total time for which application threads were stopped: 0.0474653 seconds, Stopping threads took: 0.0227290 seconds
2016-06-26T19:53:07.949+0300: 617.185: [GC cleanup 3857M->3839M(5120M), 0.0028469 secs]
 [Times: user=0.05 sys=0.00, real=0.00 secs] 
2016-06-26T19:53:07.952+0300: 617.188: Total time for which application threads were stopped: 0.0033092 seconds, Stopping threads took: 0.0000517 seconds
2016-06-26T19:53:07.952+0300: 617.188: [GC concurrent-cleanup-start]
2016-06-26T19:53:07.952+0300: 617.188: [GC concurrent-cleanup-end, 0.0000355 secs]
2016-06-26T19:53:09.482+0300: 618.718: Total time for which application threads were stopped: 0.0281456 seconds, Stopping threads took: 0.0272104 seconds
2016-06-26T19:53:09.734+0300: 618.971: [GC pause (G1 Humongous Allocation) (young)
Desired survivor size 45088768 bytes, new threshold 15 (max 15)
- age   1:       9072 bytes,       9072 total
- age   2:      40104 bytes,      49176 total
- age   3:         16 bytes,      49192 total
- age   4:      34440 bytes,      83632 total
- age   6:      18488 bytes,     102120 total
- age   7:       9032 bytes,     111152 total
- age   8:      12464 bytes,     123616 total
- age   9:       9032 bytes,     132648 total
- age  10:      24576 bytes,     157224 total
- age  12:      14816 bytes,     172040 total
- age  13:      18536 bytes,     190576 total
- age  15:      27192 bytes,     217768 total
, 0.0592874 secs]
   [Parallel Time: 51.2 ms, GC Workers: 4]
      [GC Worker Start (ms): Min: 618977.1, Avg: 618977.7, Max: 618979.2, Diff: 2.1]
      [Ext Root Scanning (ms): Min: 0.0, Avg: 0.4, Max: 0.6, Diff: 0.6, Sum: 1.7]
      [Update RS (ms): Min: 48.6, Avg: 49.7, Max: 50.1, Diff: 1.5, Sum: 198.9]
         [Processed Buffers: Min: 513, Avg: 517.5, Max: 522, Diff: 9, Sum: 2070]
      [Scan RS (ms): Min: 0.0, Avg: 0.0, Max: 0.0, Diff: 0.0, Sum: 0.0]
      [Code Root Scanning (ms): Min: 0.0, Avg: 0.0, Max: 0.0, Diff: 0.0, Sum: 0.0]
      [Object Copy (ms): Min: 0.4, Avg: 0.5, Max: 0.5, Diff: 0.1, Sum: 1.9]
      [Termination (ms): Min: 0.0, Avg: 0.0, Max: 0.0, Diff: 0.0, Sum: 0.0]
         [Termination Attempts: Min: 1, Avg: 1.0, Max: 1, Diff: 0, Sum: 4]
      [GC Worker Other (ms): Min: 0.0, Avg: 0.0, Max: 0.0, Diff: 0.0, Sum: 0.1]
      [GC Worker Total (ms): Min: 49.1, Avg: 50.6, Max: 51.2, Diff: 2.1, Sum: 202.6]
      [GC Worker End (ms): Min: 619028.3, Avg: 619028.3, Max: 619028.3, Diff: 0.0]
   [Code Root Fixup: 0.0 ms]
   [Code Root Purge: 0.0 ms]
   [Clear CT: 0.0 ms]
   [Other: 8.0 ms]
      [Choose CSet: 0.0 ms]
      [Ref Proc: 0.1 ms]
      [Ref Enq: 0.0 ms]
      [Redirty Cards: 0.0 ms]
      [Humongous Register: 0.9 ms]
      [Humongous Reclaim: 1.8 ms]
      [Free CSet: 0.1 ms]
   [Eden: 63.0M(686.0M)->0.0B(850.0M) Survivors: 1024.0K->1024.0K Heap: 4981.6M(5120.0M)->3664.7M(5120.0M)]
 [Times: user=0.19 sys=0.00, real=0.06 secs] 
2016-06-26T19:53:09.794+0300: 619.031: Total time for which application threads were stopped: 0.0881545 seconds, Stopping threads took: 0.0277997 seconds
2016-06-26T19:53:09.947+0300: 619.183: [GC pause (G1 Humongous Allocation) (young) (initial-mark)
Desired survivor size 56098816 bytes, new threshold 15 (max 15)
- age   1:      49648 bytes,      49648 total
- age   2:       9048 bytes,      58696 total
- age   3:      32568 bytes,      91264 total
- age   4:         16 bytes,      91280 total
- age   5:      29520 bytes,     120800 total
- age   7:      14392 bytes,     135192 total
- age   8:       9032 bytes,     144224 total
- age   9:      10856 bytes,     155080 total
- age  10:       9032 bytes,     164112 total
- age  11:      23688 bytes,     187800 total
- age  13:      14360 bytes,     202160 total
- age  14:      18288 bytes,     220448 total
, 0.0034875 secs]
   [Parallel Time: 1.3 ms, GC Workers: 4]
      [GC Worker Start (ms): Min: 619184.4, Avg: 619184.4, Max: 619184.5, Diff: 0.0]
      [Ext Root Scanning (ms): Min: 0.4, Avg: 0.4, Max: 0.4, Diff: 0.1, Sum: 1.6]
      [Update RS (ms): Min: 0.4, Avg: 0.4, Max: 0.5, Diff: 0.1, Sum: 1.7]
         [Processed Buffers: Min: 4, Avg: 4.8, Max: 6, Diff: 2, Sum: 19]
      [Scan RS (ms): Min: 0.0, Avg: 0.0, Max: 0.0, Diff: 0.0, Sum: 0.0]
      [Code Root Scanning (ms): Min: 0.0, Avg: 0.0, Max: 0.0, Diff: 0.0, Sum: 0.0]
      [Object Copy (ms): Min: 0.4, Avg: 0.4, Max: 0.5, Diff: 0.1, Sum: 1.7]
      [Termination (ms): Min: 0.0, Avg: 0.0, Max: 0.0, Diff: 0.0, Sum: 0.0]
         [Termination Attempts: Min: 1, Avg: 1.0, Max: 1, Diff: 0, Sum: 4]
      [GC Worker Other (ms): Min: 0.0, Avg: 0.0, Max: 0.0, Diff: 0.0, Sum: 0.0]
      [GC Worker Total (ms): Min: 1.2, Avg: 1.3, Max: 1.3, Diff: 0.0, Sum: 5.0]
      [GC Worker End (ms): Min: 619185.7, Avg: 619185.7, Max: 619185.7, Diff: 0.0]
   [Code Root Fixup: 0.0 ms]
   [Code Root Purge: 0.0 ms]
   [Clear CT: 0.0 ms]
   [Other: 2.1 ms]
      [Choose CSet: 0.0 ms]
      [Ref Proc: 0.0 ms]
      [Ref Enq: 0.0 ms]
      [Redirty Cards: 0.0 ms]
      [Humongous Register: 0.7 ms]
      [Humongous Reclaim: 0.6 ms]
      [Free CSet: 0.0 ms]
   [Eden: 1024.0K(850.0M)->0.0B(998.0M) Survivors: 1024.0K->1024.0K Heap: 3667.2M(5120.0M)->3520.1M(5120.0M)]
 [Times: user=0.00 sys=0.00, real=0.00 secs] 
2016-06-26T19:53:09.951+0300: 619.187: [GC concurrent-root-region-scan-start]
2016-06-26T19:53:09.951+0300: 619.187: Total time for which application threads were stopped: 0.0041140 seconds, Stopping threads took: 0.0000881 seconds
2016-06-26T19:53:09.952+0300: 619.189: [GC concurrent-root-region-scan-end, 0.0015182 secs]
2016-06-26T19:53:09.952+0300: 619.189: [GC concurrent-mark-start]
2016-06-26T19:53:09.992+0300: 619.229: [GC concurrent-mark-end, 0.0397227 secs]
2016-06-26T19:53:10.034+0300: 619.271: [GC remark 2016-06-26T19:53:10.034+0300: 619.271: [Finalize Marking, 0.0003430 secs] 2016-06-26T19:53:10.034+0300: 619.271: [GC ref-proc, 0.0001244 secs] 2016-06-26T19:53:10.035+0300: 619.271: [Unloading, 0.0016837 secs], 0.0216098 secs]
 [Times: user=0.06 sys=0.00, real=0.02 secs] 
2016-06-26T19:53:10.056+0300: 619.292: Total time for which application threads were stopped: 0.0297788 seconds, Stopping threads took: 0.0078740 seconds
2016-06-26T19:53:10.058+0300: 619.295: [GC cleanup 3542M->3536M(5120M), 0.0022396 secs]
 [Times: user=0.00 sys=0.00, real=0.00 secs] 
2016-06-26T19:53:10.061+0300: 619.297: Total time for which application threads were stopped: 0.0026040 seconds, Stopping threads took: 0.0000633 seconds
2016-06-26T19:53:10.061+0300: 619.297: [GC concurrent-cleanup-start]
2016-06-26T19:53:10.061+0300: 619.297: [GC concurrent-cleanup-end, 0.0000210 secs]
2016-06-26T19:53:10.061+0300: 619.298: Total time for which application threads were stopped: 0.0004229 seconds, Stopping threads took: 0.0002125 seconds
2016-06-26T19:53:10.110+0300: 619.347: Total time for which application threads were stopped: 0.0099460 seconds, Stopping threads took: 0.0093964 seconds
2016-06-26T19:53:12.283+0300: 621.519: [GC pause (G1 Humongous Allocation) (young)
Desired survivor size 65536000 bytes, new threshold 15 (max 15)
- age   1:         40 bytes,         40 total
- age   2:      46832 bytes,      46872 total
- age   3:       9048 bytes,      55920 total
- age   4:      32088 bytes,      88008 total
- age   5:         16 bytes,      88024 total
- age   6:      28984 bytes,     117008 total
- age   8:      14392 bytes,     131400 total
- age   9:       9032 bytes,     140432 total
- age  10:      10856 bytes,     151288 total
- age  11:       9032 bytes,     160320 total
- age  12:      23688 bytes,     184008 total
- age  14:      14360 bytes,     198368 total
- age  15:      18288 bytes,     216656 total
, 0.0444482 secs]
   [Parallel Time: 37.8 ms, GC Workers: 4]
      [GC Worker Start (ms): Min: 621523.9, Avg: 621523.9, Max: 621523.9, Diff: 0.0]
      [Ext Root Scanning (ms): Min: 0.4, Avg: 0.4, Max: 0.4, Diff: 0.0, Sum: 1.5]
      [Update RS (ms): Min: 36.5, Avg: 36.6, Max: 36.6, Diff: 0.1, Sum: 146.4]
         [Processed Buffers: Min: 379, Avg: 388.5, Max: 408, Diff: 29, Sum: 1554]
      [Scan RS (ms): Min: 0.0, Avg: 0.0, Max: 0.0, Diff: 0.0, Sum: 0.0]
      [Code Root Scanning (ms): Min: 0.0, Avg: 0.0, Max: 0.0, Diff: 0.0, Sum: 0.0]
      [Object Copy (ms): Min: 0.7, Avg: 0.8, Max: 0.8, Diff: 0.1, Sum: 3.0]
      [Termination (ms): Min: 0.0, Avg: 0.0, Max: 0.0, Diff: 0.0, Sum: 0.0]
         [Termination Attempts: Min: 1, Avg: 1.0, Max: 1, Diff: 0, Sum: 4]
      [GC Worker Other (ms): Min: 0.0, Avg: 0.0, Max: 0.0, Diff: 0.0, Sum: 0.1]
      [GC Worker Total (ms): Min: 37.8, Avg: 37.8, Max: 37.8, Diff: 0.0, Sum: 151.1]
      [GC Worker End (ms): Min: 621561.6, Avg: 621561.6, Max: 621561.6, Diff: 0.0]
   [Code Root Fixup: 0.0 ms]
   [Code Root Purge: 0.0 ms]
   [Clear CT: 0.0 ms]
   [Other: 6.6 ms]
      [Choose CSet: 0.0 ms]
      [Ref Proc: 0.0 ms]
      [Ref Enq: 0.0 ms]
      [Redirty Cards: 0.0 ms]
      [Humongous Register: 0.8 ms]
      [Humongous Reclaim: 1.9 ms]
      [Free CSet: 0.0 ms]
   [Eden: 52.0M(998.0M)->0.0B(907.0M) Survivors: 1024.0K->1024.0K Heap: 4980.3M(5120.0M)->3610.2M(5120.0M)]
 [Times: user=0.14 sys=0.00, real=0.05 secs] 
2016-06-26T19:53:12.328+0300: 621.564: Total time for which application threads were stopped: 0.0456872 seconds, Stopping threads took: 0.0003541 seconds
2016-06-26T19:53:12.328+0300: 621.565: [GC pause (G1 Humongous Allocation) (young) (initial-mark)
Desired survivor size 59768832 bytes, new threshold 15 (max 15)
- age   1:     238872 bytes,     238872 total
- age   2:         16 bytes,     238888 total
- age   3:      42680 bytes,     281568 total
- age   4:       9032 bytes,     290600 total
- age   5:      27648 bytes,     318248 total
- age   6:         16 bytes,     318264 total
- age   7:      24608 bytes,     342872 total
- age   9:      10832 bytes,     353704 total
- age  10:       9032 bytes,     362736 total
- age  11:       9472 bytes,     372208 total
- age  12:       9032 bytes,     381240 total
- age  13:      23528 bytes,     404768 total
- age  15:      14288 bytes,     419056 total
, 0.0028276 secs]
   [Parallel Time: 1.3 ms, GC Workers: 4]
      [GC Worker Start (ms): Min: 621565.5, Avg: 621565.5, Max: 621565.5, Diff: 0.0]
      [Ext Root Scanning (ms): Min: 0.4, Avg: 0.4, Max: 0.4, Diff: 0.0, Sum: 1.7]
      [Update RS (ms): Min: 0.0, Avg: 0.0, Max: 0.1, Diff: 0.1, Sum: 0.2]
         [Processed Buffers: Min: 0, Avg: 1.0, Max: 2, Diff: 2, Sum: 4]
      [Scan RS (ms): Min: 0.0, Avg: 0.0, Max: 0.0, Diff: 0.0, Sum: 0.0]
      [Code Root Scanning (ms): Min: 0.0, Avg: 0.0, Max: 0.0, Diff: 0.0, Sum: 0.0]
      [Object Copy (ms): Min: 0.7, Avg: 0.7, Max: 0.8, Diff: 0.1, Sum: 3.0]
      [Termination (ms): Min: 0.0, Avg: 0.0, Max: 0.0, Diff: 0.0, Sum: 0.0]
         [Termination Attempts: Min: 1, Avg: 1.0, Max: 1, Diff: 0, Sum: 4]
      [GC Worker Other (ms): Min: 0.0, Avg: 0.0, Max: 0.0, Diff: 0.0, Sum: 0.0]
      [GC Worker Total (ms): Min: 1.2, Avg: 1.2, Max: 1.2, Diff: 0.0, Sum: 4.9]
      [GC Worker End (ms): Min: 621566.7, Avg: 621566.7, Max: 621566.7, Diff: 0.0]
   [Code Root Fixup: 0.0 ms]
   [Code Root Purge: 0.0 ms]
   [Clear CT: 0.0 ms]
   [Other: 1.5 ms]
      [Choose CSet: 0.0 ms]
      [Ref Proc: 0.0 ms]
      [Ref Enq: 0.0 ms]
      [Redirty Cards: 0.0 ms]
      [Humongous Register: 0.6 ms]
      [Humongous Reclaim: 0.3 ms]
      [Free CSet: 0.0 ms]
   [Eden: 1024.0K(907.0M)->0.0B(906.0M) Survivors: 1024.0K->1024.0K Heap: 3613.1M(5120.0M)->3612.2M(5120.0M)]
 [Times: user=0.00 sys=0.00, real=0.00 secs] 
2016-06-26T19:53:12.331+0300: 621.568: [GC concurrent-root-region-scan-start]
2016-06-26T19:53:12.331+0300: 621.568: Total time for which application threads were stopped: 0.0035683 seconds, Stopping threads took: 0.0001629 seconds
2016-06-26T19:53:12.333+0300: 621.570: [GC concurrent-root-region-scan-end, 0.0019959 secs]
2016-06-26T19:53:12.333+0300: 621.570: [GC concurrent-mark-start]
2016-06-26T19:53:14.359+0300: 623.595: Total time for which application threads were stopped: 0.0271475 seconds, Stopping threads took: 0.0268516 seconds
2016-06-26T19:53:14.439+0300: 623.676: Total time for which application threads were stopped: 0.0002720 seconds, Stopping threads took: 0.0000881 seconds
2016-06-26T19:53:14.440+0300: 623.676: Total time for which application threads were stopped: 0.0005115 seconds, Stopping threads took: 0.0003481 seconds
2016-06-26T19:53:14.442+0300: 623.678: Total time for which application threads were stopped: 0.0004961 seconds, Stopping threads took: 0.0003284 seconds
2016-06-26T19:53:14.598+0300: 623.835: [GC pause (G1 Humongous Allocation) (young)
Desired survivor size 59768832 bytes, new threshold 15 (max 15)
- age   1:        176 bytes,        176 total
- age   2:     238872 bytes,     239048 total
- age   3:         16 bytes,     239064 total
- age   4:      42680 bytes,     281744 total
- age   5:       9032 bytes,     290776 total
- age   6:      27648 bytes,     318424 total
- age   7:         16 bytes,     318440 total
- age   8:      24608 bytes,     343048 total
- age  10:      10832 bytes,     353880 total
- age  11:       9032 bytes,     362912 total
- age  12:       9472 bytes,     372384 total
- age  13:       9032 bytes,     381416 total
- age  14:      23528 bytes,     404944 total
, 0.0470663 secs]
   [Parallel Time: 39.7 ms, GC Workers: 4]
      [GC Worker Start (ms): Min: 623839.8, Avg: 623839.8, Max: 623839.9, Diff: 0.0]
      [Ext Root Scanning (ms): Min: 0.4, Avg: 0.4, Max: 0.4, Diff: 0.0, Sum: 1.4]
      [Update RS (ms): Min: 38.9, Avg: 38.9, Max: 38.9, Diff: 0.1, Sum: 155.6]
         [Processed Buffers: Min: 401, Avg: 408.0, Max: 413, Diff: 12, Sum: 1632]
      [Scan RS (ms): Min: 0.0, Avg: 0.0, Max: 0.0, Diff: 0.0, Sum: 0.0]
      [Code Root Scanning (ms): Min: 0.0, Avg: 0.0, Max: 0.0, Diff: 0.0, Sum: 0.0]
      [Object Copy (ms): Min: 0.4, Avg: 0.4, Max: 0.4, Diff: 0.0, Sum: 1.5]
      [Termination (ms): Min: 0.0, Avg: 0.0, Max: 0.0, Diff: 0.0, Sum: 0.0]
         [Termination Attempts: Min: 1, Avg: 1.0, Max: 1, Diff: 0, Sum: 4]
      [GC Worker Other (ms): Min: 0.0, Avg: 0.0, Max: 0.0, Diff: 0.0, Sum: 0.1]
      [GC Worker Total (ms): Min: 39.7, Avg: 39.7, Max: 39.7, Diff: 0.0, Sum: 158.7]
      [GC Worker End (ms): Min: 623879.5, Avg: 623879.5, Max: 623879.5, Diff: 0.0]
   [Code Root Fixup: 0.0 ms]
   [Code Root Purge: 0.0 ms]
   [Clear CT: 0.0 ms]
   [Other: 7.3 ms]
      [Choose CSet: 0.0 ms]
      [Ref Proc: 0.0 ms]
      [Ref Enq: 0.0 ms]
      [Redirty Cards: 0.0 ms]
      [Humongous Register: 0.8 ms]
      [Humongous Reclaim: 2.3 ms]
      [Free CSet: 0.0 ms]
   [Eden: 47.0M(906.0M)->0.0B(1201.0M) Survivors: 1024.0K->1024.0K Heap: 4981.5M(5120.0M)->3323.0M(5120.0M)]
 [Times: user=0.17 sys=0.00, real=0.05 secs] 
2016-06-26T19:53:14.646+0300: 623.882: Total time for which application threads were stopped: 0.0486226 seconds, Stopping threads took: 0.0007244 seconds
2016-06-26T19:53:17.136+0300: 626.373: [GC pause (G1 Humongous Allocation) (young)
Desired survivor size 79167488 bytes, new threshold 15 (max 15)
- age   1:      21712 bytes,      21712 total
- age   2:        152 bytes,      21864 total
- age   3:      31960 bytes,      53824 total
- age   4:         16 bytes,      53840 total
- age   5:      38072 bytes,      91912 total
- age   6:       9032 bytes,     100944 total
- age   7:      23792 bytes,     124736 total
- age   8:         16 bytes,     124752 total
- age   9:      21976 bytes,     146728 total
- age  11:       9784 bytes,     156512 total
- age  12:       9032 bytes,     165544 total
- age  13:       9272 bytes,     174816 total
- age  14:       9032 bytes,     183848 total
- age  15:      23472 bytes,     207320 total
, 0.0527092 secs]
   [Parallel Time: 45.1 ms, GC Workers: 4]
      [GC Worker Start (ms): Min: 626378.1, Avg: 626378.1, Max: 626378.1, Diff: 0.0]
      [Ext Root Scanning (ms): Min: 0.4, Avg: 0.4, Max: 0.4, Diff: 0.0, Sum: 1.6]
      [Update RS (ms): Min: 44.1, Avg: 44.2, Max: 44.2, Diff: 0.1, Sum: 176.7]
         [Processed Buffers: Min: 458, Avg: 466.0, Max: 474, Diff: 16, Sum: 1864]
      [Scan RS (ms): Min: 0.0, Avg: 0.0, Max: 0.0, Diff: 0.0, Sum: 0.0]
      [Code Root Scanning (ms): Min: 0.0, Avg: 0.0, Max: 0.0, Diff: 0.0, Sum: 0.0]
      [Object Copy (ms): Min: 0.4, Avg: 0.4, Max: 0.4, Diff: 0.0, Sum: 1.7]
      [Termination (ms): Min: 0.0, Avg: 0.0, Max: 0.0, Diff: 0.0, Sum: 0.0]
         [Termination Attempts: Min: 1, Avg: 1.0, Max: 1, Diff: 0, Sum: 4]
      [GC Worker Other (ms): Min: 0.0, Avg: 0.0, Max: 0.0, Diff: 0.0, Sum: 0.1]
      [GC Worker Total (ms): Min: 45.0, Avg: 45.0, Max: 45.1, Diff: 0.0, Sum: 180.2]
      [GC Worker End (ms): Min: 626423.2, Avg: 626423.2, Max: 626423.2, Diff: 0.0]
   [Code Root Fixup: 0.0 ms]
   [Code Root Purge: 0.0 ms]
   [Clear CT: 0.0 ms]
   [Other: 7.6 ms]
      [Choose CSet: 0.0 ms]
      [Ref Proc: 0.0 ms]
      [Ref Enq: 0.0 ms]
      [Redirty Cards: 0.0 ms]
      [Humongous Register: 0.8 ms]
      [Humongous Reclaim: 1.9 ms]
      [Free CSet: 0.1 ms]
   [Eden: 55.0M(1201.0M)->0.0B(910.0M) Survivors: 1024.0K->1024.0K Heap: 4981.5M(5120.0M)->3608.1M(5120.0M)]
 [Times: user=0.20 sys=0.00, real=0.05 secs] 
2016-06-26T19:53:17.189+0300: 626.426: Total time for which application threads were stopped: 0.0803318 seconds, Stopping threads took: 0.0265774 seconds
2016-06-26T19:53:19.301+0300: 628.538: [GC pause (G1 Humongous Allocation) (young)
Desired survivor size 59768832 bytes, new threshold 15 (max 15)
- age   1:      48576 bytes,      48576 total
- age   2:      15864 bytes,      64440 total
- age   3:         24 bytes,      64464 total
- age   4:      28536 bytes,      93000 total
- age   6:      34480 bytes,     127480 total
- age   7:       9032 bytes,     136512 total
- age   8:      20000 bytes,     156512 total
- age  10:      20616 bytes,     177128 total
- age  12:       9144 bytes,     186272 total
- age  13:       9032 bytes,     195304 total
- age  14:       9056 bytes,     204360 total
- age  15:       9032 bytes,     213392 total
, 0.0485738 secs]
   [Parallel Time: 41.2 ms, GC Workers: 4]
      [GC Worker Start (ms): Min: 628542.7, Avg: 628542.7, Max: 628542.8, Diff: 0.0]
      [Ext Root Scanning (ms): Min: 0.4, Avg: 0.4, Max: 0.4, Diff: 0.0, Sum: 1.7]
      [Update RS (ms): Min: 40.3, Avg: 40.3, Max: 40.3, Diff: 0.1, Sum: 161.2]
         [Processed Buffers: Min: 419, Avg: 423.8, Max: 434, Diff: 15, Sum: 1695]
      [Scan RS (ms): Min: 0.0, Avg: 0.0, Max: 0.0, Diff: 0.0, Sum: 0.0]
      [Code Root Scanning (ms): Min: 0.0, Avg: 0.0, Max: 0.0, Diff: 0.0, Sum: 0.0]
      [Object Copy (ms): Min: 0.4, Avg: 0.4, Max: 0.4, Diff: 0.0, Sum: 1.6]
      [Termination (ms): Min: 0.0, Avg: 0.0, Max: 0.0, Diff: 0.0, Sum: 0.0]
         [Termination Attempts: Min: 1, Avg: 1.0, Max: 1, Diff: 0, Sum: 4]
      [GC Worker Other (ms): Min: 0.0, Avg: 0.0, Max: 0.0, Diff: 0.0, Sum: 0.1]
      [GC Worker Total (ms): Min: 41.1, Avg: 41.1, Max: 41.2, Diff: 0.0, Sum: 164.6]
      [GC Worker End (ms): Min: 628583.9, Avg: 628583.9, Max: 628583.9, Diff: 0.0]
   [Code Root Fixup: 0.0 ms]
   [Code Root Purge: 0.0 ms]
   [Clear CT: 0.0 ms]
   [Other: 7.3 ms]
      [Choose CSet: 0.0 ms]
      [Ref Proc: 0.0 ms]
      [Ref Enq: 0.0 ms]
      [Redirty Cards: 0.0 ms]
      [Humongous Register: 0.8 ms]
      [Humongous Reclaim: 2.3 ms]
      [Free CSet: 0.0 ms]
   [Eden: 47.0M(910.0M)->0.0B(1023.0M) Survivors: 1024.0K->1024.0K Heap: 4979.3M(5120.0M)->3496.9M(5120.0M)]
 [Times: user=0.19 sys=0.00, real=0.05 secs] 
2016-06-26T19:53:19.350+0300: 628.587: Total time for which application threads were stopped: 0.0506163 seconds, Stopping threads took: 0.0010807 seconds
2016-06-26T19:53:19.990+0300: 629.227: Total time for which application threads were stopped: 0.0304297 seconds, Stopping threads took: 0.0300893 seconds
2016-06-26T19:53:20.972+0300: 630.209: Total time for which application threads were stopped: 0.0021960 seconds, Stopping threads took: 0.0019766 seconds
2016-06-26T19:53:21.017+0300: 630.275: [GC concurrent-mark-end, 8.6750282 secs]
2016-06-26T19:53:21.038+0300: 630.275: Total time for which application threads were stopped: 0.0003413 seconds, Stopping threads took: 0.0001103 seconds
2016-06-26T19:53:21.163+0300: 630.400: Total time for which application threads were stopped: 0.0003293 seconds, Stopping threads took: 0.0001120 seconds
2016-06-26T19:53:21.656+0300: 630.893: [GC remark 2016-06-26T19:53:21.656+0300: 630.893: [Finalize Marking, 0.0027755 secs] 2016-06-26T19:53:21.659+0300: 630.895: [GC ref-proc, 0.0001056 secs] 2016-06-26T19:53:21.659+0300: 630.896: [Unloading, 0.0017110 secs], 0.0093229 secs]
 [Times: user=0.00 sys=0.00, real=0.01 secs] 
2016-06-26T19:53:21.665+0300: 630.902: Total time for which application threads were stopped: 0.0120953 seconds, Stopping threads took: 0.0024671 seconds
2016-06-26T19:53:21.783+0300: 631.020: [GC pause (G1 Humongous Allocation) (young)
Desired survivor size 67108864 bytes, new threshold 15 (max 15)
- age   1:      27912 bytes,      27912 total
- age   2:      40320 bytes,      68232 total
- age   3:       9192 bytes,      77424 total
- age   4:         24 bytes,      77448 total
- age   5:      25496 bytes,     102944 total
- age   7:      33488 bytes,     136432 total
- age   8:       9032 bytes,     145464 total
- age   9:      19384 bytes,     164848 total
- age  11:      20368 bytes,     185216 total
- age  13:       9032 bytes,     194248 total
- age  14:       9032 bytes,     203280 total
- age  15:       9032 bytes,     212312 total
, 0.0649230 secs]
   [Parallel Time: 61.2 ms, GC Workers: 4]
      [GC Worker Start (ms): Min: 631021.4, Avg: 631021.4, Max: 631021.4, Diff: 0.0]
      [Ext Root Scanning (ms): Min: 0.4, Avg: 0.4, Max: 0.4, Diff: 0.0, Sum: 1.7]
      [Update RS (ms): Min: 60.3, Avg: 60.3, Max: 60.3, Diff: 0.1, Sum: 241.1]
         [Processed Buffers: Min: 632, Avg: 635.0, Max: 639, Diff: 7, Sum: 2540]
      [Scan RS (ms): Min: 0.0, Avg: 0.0, Max: 0.0, Diff: 0.0, Sum: 0.1]
      [Code Root Scanning (ms): Min: 0.0, Avg: 0.0, Max: 0.0, Diff: 0.0, Sum: 0.0]
      [Object Copy (ms): Min: 0.4, Avg: 0.4, Max: 0.4, Diff: 0.0, Sum: 1.6]
      [Termination (ms): Min: 0.0, Avg: 0.0, Max: 0.0, Diff: 0.0, Sum: 0.0]
         [Termination Attempts: Min: 1, Avg: 1.0, Max: 1, Diff: 0, Sum: 4]
      [GC Worker Other (ms): Min: 0.0, Avg: 0.0, Max: 0.0, Diff: 0.0, Sum: 0.1]
      [GC Worker Total (ms): Min: 61.1, Avg: 61.1, Max: 61.1, Diff: 0.0, Sum: 244.5]
      [GC Worker End (ms): Min: 631082.5, Avg: 631082.5, Max: 631082.5, Diff: 0.0]
   [Code Root Fixup: 0.0 ms]
   [Code Root Purge: 0.0 ms]
   [Clear CT: 0.0 ms]
   [Other: 3.7 ms]
      [Choose CSet: 0.0 ms]
      [Ref Proc: 0.0 ms]
      [Ref Enq: 0.0 ms]
      [Redirty Cards: 0.0 ms]
      [Humongous Register: 0.8 ms]
      [Humongous Reclaim: 2.1 ms]
      [Free CSet: 0.1 ms]
   [Eden: 58.0M(1023.0M)->0.0B(976.0M) Survivors: 1024.0K->1024.0K Heap: 4978.7M(5120.0M)->3543.7M(5120.0M)]
 [Times: user=0.25 sys=0.00, real=0.07 secs] 
2016-06-26T19:53:21.849+0300: 631.085: Total time for which application threads were stopped: 0.0711056 seconds, Stopping threads took: 0.0052939 seconds
2016-06-26T19:53:22.576+0300: 631.813: [GC cleanup 4059M->4059M(5120M), 0.0027147 secs]
 [Times: user=0.05 sys=0.00, real=0.00 secs] 
2016-06-26T19:53:22.579+0300: 631.815: Total time for which application threads were stopped: 0.0047795 seconds, Stopping threads took: 0.0017157 seconds
Heap
 garbage-first heap   total 5242880K, used 4167439K [0x0000000680000000, 0x000000068010a000, 0x00000007c0000000)
  region size 1024K, 32 young (32768K), 1 survivors (1024K)
 Metaspace       used 9101K, capacity 9456K, committed 9728K, reserved 1058816K
  class space    used 1068K, capacity 1155K, committed 1280K, reserved 1048576K
