Java HotSpot(TM) 64-Bit Server VM (25.65-b01) for windows-amd64 JRE (1.8.0_65-b17), built on Oct  6 2015 16:39:20 by "java_re" with MS VC++ 10.0 (VS2010)
Memory: 4k page, physical 16685676k(12780244k free), swap 19176044k(13657560k free)
CommandLine flags: -XX:InitialHeapSize=266970816 -XX:MaxHeapSize=5368709120 -XX:+PrintGC -XX:+PrintGCApplicationStoppedTime -XX:+PrintGCCause -XX:+PrintGCDateStamps -XX:+PrintGCDetails -XX:+PrintGCTimeStamps -XX:+PrintStringDeduplicationStatistics -XX:+PrintTenuringDistribution -XX:+UseCompressedClassPointers -XX:+UseCompressedOops -XX:+UseG1GC -XX:-UseLargePagesIndividualAllocation -XX:+UseStringDeduplication 
2016-06-27T18:00:33.909+0300: 0.166: [GC pause (G1 Evacuation Pause) (young)
Desired survivor size 1048576 bytes, new threshold 15 (max 15)
, 0.0013304 secs]
   [Parallel Time: 1.0 ms, GC Workers: 4]
      [GC Worker Start (ms): Min: 166.5, Avg: 166.5, Max: 166.5, Diff: 0.0]
      [Ext Root Scanning (ms): Min: 0.3, Avg: 0.3, Max: 0.3, Diff: 0.0, Sum: 1.2]
      [Update RS (ms): Min: 0.0, Avg: 0.0, Max: 0.0, Diff: 0.0, Sum: 0.0]
         [Processed Buffers: Min: 0, Avg: 0.0, Max: 0, Diff: 0, Sum: 0]
      [Scan RS (ms): Min: 0.0, Avg: 0.0, Max: 0.0, Diff: 0.0, Sum: 0.0]
      [Code Root Scanning (ms): Min: 0.0, Avg: 0.0, Max: 0.0, Diff: 0.0, Sum: 0.0]
      [Object Copy (ms): Min: 0.6, Avg: 0.6, Max: 0.6, Diff: 0.0, Sum: 2.5]
      [Termination (ms): Min: 0.0, Avg: 0.0, Max: 0.0, Diff: 0.0, Sum: 0.0]
         [Termination Attempts: Min: 1, Avg: 1.0, Max: 1, Diff: 0, Sum: 4]
      [GC Worker Other (ms): Min: 0.1, Avg: 0.1, Max: 0.1, Diff: 0.0, Sum: 0.3]
      [GC Worker Total (ms): Min: 1.0, Avg: 1.0, Max: 1.0, Diff: 0.0, Sum: 4.0]
      [GC Worker End (ms): Min: 167.5, Avg: 167.5, Max: 167.5, Diff: 0.0]
   [Code Root Fixup: 0.0 ms]
   [Code Root Purge: 0.0 ms]
   [String Dedup Fixup: 0.1 ms, GC Workers: 4]
      [Queue Fixup (ms): Min: 0.0, Avg: 0.0, Max: 0.0, Diff: 0.0, Sum: 0.0]
      [Table Fixup (ms): Min: 0.0, Avg: 0.0, Max: 0.0, Diff: 0.0, Sum: 0.0]
   [Clear CT: 0.0 ms]
   [Other: 0.2 ms]
      [Choose CSet: 0.0 ms]
      [Ref Proc: 0.1 ms]
      [Ref Enq: 0.0 ms]
      [Redirty Cards: 0.0 ms]
      [Humongous Register: 0.0 ms]
      [Humongous Reclaim: 0.0 ms]
      [Free CSet: 0.0 ms]
   [Eden: 12.0M(12.0M)->0.0B(18.0M) Survivors: 0.0B->2048.0K Heap: 12.0M(256.0M)->2081.0K(256.0M)]
 [Times: user=0.00 sys=0.00, real=0.00 secs] 
2016-06-27T18:00:33.911+0300: 0.168: Total time for which application threads were stopped: 0.0028088 seconds, Stopping threads took: 0.0010708 seconds
2016-06-27T18:00:33.962+0300: 0.219: [GC concurrent-string-deduplication, 624.0B->592.0B(32.0B), avg 5.1%, 0.0000120 secs]
   [Last Exec: 0.0000120 secs, Idle: 0.0000009 secs, Blocked: 0/0.0000000 secs]
      [Inspected:               8]
         [Skipped:              0(  0.0%)]
         [Hashed:               8(100.0%)]
         [Known:                0(  0.0%)]
         [New:                  8(100.0%)    624.0B]
      [Deduplicated:            1( 12.5%)     32.0B(  5.1%)]
         [Young:                0(  0.0%)      0.0B(  0.0%)]
         [Old:                  1(100.0%)     32.0B(100.0%)]
   [Total Exec: 1/0.0000120 secs, Idle: 1/0.0000009 secs, Blocked: 0/0.0000000 secs]
      [Inspected:               8]
         [Skipped:              0(  0.0%)]
         [Hashed:               8(100.0%)]
         [Known:                0(  0.0%)]
         [New:                  8(100.0%)    624.0B]
      [Deduplicated:            1( 12.5%)     32.0B(  5.1%)]
         [Young:                0(  0.0%)      0.0B(  0.0%)]
         [Old:                  1(100.0%)     32.0B(100.0%)]
   [Table]
      [Memory Usage: 27.1K]
      [Size: 1024, Min: 1024, Max: 16777216]
      [Entries: 813, Load: 79.4%, Cached: 0, Added: 813, Removed: 0]
      [Resize Count: 0, Shrink Threshold: 682(66.7%), Grow Threshold: 2048(200.0%)]
      [Rehash Count: 0, Rehash Threshold: 120, Hash Seed: 0x0]
      [Age Threshold: 3]
   [Queue]
      [Dropped: 0]
2016-06-27T18:00:34.023+0300: 0.280: [GC pause (G1 Evacuation Pause) (young)
Desired survivor size 1572864 bytes, new threshold 1 (max 15)
- age   1:    2037696 bytes,    2037696 total
, 0.0024051 secs]
   [Parallel Time: 2.0 ms, GC Workers: 4]
      [GC Worker Start (ms): Min: 279.9, Avg: 280.0, Max: 280.1, Diff: 0.3]
      [Ext Root Scanning (ms): Min: 0.0, Avg: 0.2, Max: 0.2, Diff: 0.2, Sum: 0.7]
      [Update RS (ms): Min: 0.0, Avg: 0.0, Max: 0.1, Diff: 0.1, Sum: 0.1]
         [Processed Buffers: Min: 0, Avg: 0.3, Max: 1, Diff: 1, Sum: 1]
      [Scan RS (ms): Min: 0.0, Avg: 0.0, Max: 0.0, Diff: 0.0, Sum: 0.0]
      [Code Root Scanning (ms): Min: 0.0, Avg: 0.0, Max: 0.1, Diff: 0.1, Sum: 0.1]
      [Object Copy (ms): Min: 1.4, Avg: 1.5, Max: 1.7, Diff: 0.3, Sum: 6.1]
      [Termination (ms): Min: 0.0, Avg: 0.2, Max: 0.3, Diff: 0.3, Sum: 0.7]
         [Termination Attempts: Min: 1, Avg: 1.8, Max: 2, Diff: 1, Sum: 7]
      [GC Worker Other (ms): Min: 0.0, Avg: 0.0, Max: 0.0, Diff: 0.0, Sum: 0.0]
      [GC Worker Total (ms): Min: 1.8, Avg: 1.9, Max: 2.0, Diff: 0.3, Sum: 7.8]
      [GC Worker End (ms): Min: 281.9, Avg: 281.9, Max: 281.9, Diff: 0.0]
   [Code Root Fixup: 0.0 ms]
   [Code Root Purge: 0.0 ms]
   [String Dedup Fixup: 0.1 ms, GC Workers: 4]
      [Queue Fixup (ms): Min: 0.0, Avg: 0.0, Max: 0.0, Diff: 0.0, Sum: 0.0]
      [Table Fixup (ms): Min: 0.0, Avg: 0.0, Max: 0.0, Diff: 0.0, Sum: 0.0]
   [Clear CT: 0.0 ms]
   [Other: 0.3 ms]
      [Choose CSet: 0.0 ms]
      [Ref Proc: 0.1 ms]
      [Ref Enq: 0.0 ms]
      [Redirty Cards: 0.0 ms]
      [Humongous Register: 0.0 ms]
      [Humongous Reclaim: 0.0 ms]
      [Free CSet: 0.0 ms]
   [Eden: 18.0M(18.0M)->0.0B(38.0M) Survivors: 2048.0K->3072.0K Heap: 20.0M(256.0M)->4832.9K(256.0M)]
 [Times: user=0.00 sys=0.00, real=0.00 secs] 
2016-06-27T18:00:34.025+0300: 0.283: Total time for which application threads were stopped: 0.0066847 seconds, Stopping threads took: 0.0039122 seconds
2016-06-27T18:00:34.027+0300: 0.284: [GC concurrent-string-deduplication, 1621.1K->1610.7K(10.4K), avg 0.6%, 0.0015310 secs]
   [Last Exec: 0.0015310 secs, Idle: 0.0637064 secs, Blocked: 0/0.0000000 secs]
      [Inspected:            1329]
         [Skipped:              0(  0.0%)]
         [Hashed:             351( 26.4%)]
         [Known:              806( 60.6%)]
         [New:                523( 39.4%)   1621.1K]
      [Deduplicated:          132( 25.2%)     10.4K(  0.6%)]
         [Young:                0(  0.0%)      0.0B(  0.0%)]
         [Old:                132(100.0%)     10.4K(100.0%)]
   [Total Exec: 2/0.0015430 secs, Idle: 2/0.0637072 secs, Blocked: 0/0.0000000 secs]
      [Inspected:            1337]
         [Skipped:              0(  0.0%)]
         [Hashed:             359( 26.9%)]
         [Known:              806( 60.3%)]
         [New:                531( 39.7%)   1621.7K]
      [Deduplicated:          133( 25.0%)     10.4K(  0.6%)]
         [Young:                0(  0.0%)      0.0B(  0.0%)]
         [Old:                133(100.0%)     10.4K(100.0%)]
   [Table]
      [Memory Usage: 36.2K]
      [Size: 1024, Min: 1024, Max: 16777216]
      [Entries: 1204, Load: 117.6%, Cached: 0, Added: 1204, Removed: 0]
      [Resize Count: 0, Shrink Threshold: 682(66.7%), Grow Threshold: 2048(200.0%)]
      [Rehash Count: 0, Rehash Threshold: 120, Hash Seed: 0x0]
      [Age Threshold: 3]
   [Queue]
      [Dropped: 0]
2016-06-27T18:00:34.296+0300: 0.553: [GC pause (G1 Evacuation Pause) (young)
Desired survivor size 3145728 bytes, new threshold 15 (max 15)
- age   1:    2791160 bytes,    2791160 total
, 0.0025445 secs]
   [Parallel Time: 2.1 ms, GC Workers: 4]
      [GC Worker Start (ms): Min: 553.5, Avg: 553.5, Max: 553.5, Diff: 0.0]
      [Ext Root Scanning (ms): Min: 0.2, Avg: 0.2, Max: 0.2, Diff: 0.0, Sum: 0.8]
      [Update RS (ms): Min: 0.0, Avg: 0.1, Max: 0.1, Diff: 0.1, Sum: 0.2]
         [Processed Buffers: Min: 1, Avg: 1.5, Max: 2, Diff: 1, Sum: 6]
      [Scan RS (ms): Min: 0.0, Avg: 0.0, Max: 0.0, Diff: 0.0, Sum: 0.0]
      [Code Root Scanning (ms): Min: 0.0, Avg: 0.0, Max: 0.0, Diff: 0.0, Sum: 0.0]
      [Object Copy (ms): Min: 1.8, Avg: 1.8, Max: 1.9, Diff: 0.1, Sum: 7.3]
      [Termination (ms): Min: 0.0, Avg: 0.0, Max: 0.0, Diff: 0.0, Sum: 0.0]
         [Termination Attempts: Min: 1, Avg: 1.0, Max: 1, Diff: 0, Sum: 4]
      [GC Worker Other (ms): Min: 0.0, Avg: 0.0, Max: 0.0, Diff: 0.0, Sum: 0.0]
      [GC Worker Total (ms): Min: 2.1, Avg: 2.1, Max: 2.1, Diff: 0.0, Sum: 8.5]
      [GC Worker End (ms): Min: 555.6, Avg: 555.6, Max: 555.6, Diff: 0.0]
   [Code Root Fixup: 0.0 ms]
   [Code Root Purge: 0.0 ms]
   [String Dedup Fixup: 0.1 ms, GC Workers: 4]
      [Queue Fixup (ms): Min: 0.0, Avg: 0.0, Max: 0.0, Diff: 0.0, Sum: 0.0]
      [Table Fixup (ms): Min: 0.0, Avg: 0.0, Max: 0.1, Diff: 0.1, Sum: 0.1]
   [Clear CT: 0.0 ms]
   [Other: 0.3 ms]
      [Choose CSet: 0.0 ms]
      [Ref Proc: 0.0 ms]
      [Ref Enq: 0.0 ms]
      [Redirty Cards: 0.0 ms]
      [Humongous Register: 0.0 ms]
      [Humongous Reclaim: 0.0 ms]
      [Free CSet: 0.0 ms]
   [Eden: 38.0M(38.0M)->0.0B(55.0M) Survivors: 3072.0K->6144.0K Heap: 42.7M(256.0M)->10.5M(256.0M)]
 [Times: user=0.00 sys=0.00, real=0.00 secs] 
2016-06-27T18:00:34.299+0300: 0.556: Total time for which application threads were stopped: 0.0040439 seconds, Stopping threads took: 0.0011752 seconds
2016-06-27T18:00:34.301+0300: 0.558: [GC concurrent-string-deduplication, 2321.8K->2321.8K(0.0B), avg 0.3%, 0.0019480 secs]
   [Last Exec: 0.0019480 secs, Idle: 0.2720151 secs, Blocked: 0/0.0000000 secs]
      [Inspected:             116]
         [Skipped:              0(  0.0%)]
         [Hashed:             116(100.0%)]
         [Known:                0(  0.0%)]
         [New:                116(100.0%)   2321.8K]
      [Deduplicated:            0(  0.0%)      0.0B(  0.0%)]
         [Young:                0(  0.0%)      0.0B(  0.0%)]
         [Old:                  0(  0.0%)      0.0B(  0.0%)]
   [Total Exec: 3/0.0034909 secs, Idle: 3/0.3357224 secs, Blocked: 0/0.0000000 secs]
      [Inspected:            1453]
         [Skipped:              0(  0.0%)]
         [Hashed:             475( 32.7%)]
         [Known:              806( 55.5%)]
         [New:                647( 44.5%)   3943.5K]
      [Deduplicated:          133( 20.6%)     10.4K(  0.3%)]
         [Young:                0(  0.0%)      0.0B(  0.0%)]
         [Old:                133(100.0%)     10.4K(100.0%)]
   [Table]
      [Memory Usage: 39.2K]
      [Size: 1024, Min: 1024, Max: 16777216]
      [Entries: 1331, Load: 130.0%, Cached: 0, Added: 1331, Removed: 0]
      [Resize Count: 0, Shrink Threshold: 682(66.7%), Grow Threshold: 2048(200.0%)]
      [Rehash Count: 0, Rehash Threshold: 120, Hash Seed: 0x0]
      [Age Threshold: 3]
   [Queue]
      [Dropped: 0]
2016-06-27T18:00:34.668+0300: 0.925: [GC pause (G1 Evacuation Pause) (young)
Desired survivor size 4194304 bytes, new threshold 2 (max 15)
- age   1:    3727624 bytes,    3727624 total
- age   2:    2130240 bytes,    5857864 total
, 0.0061167 secs]
   [Parallel Time: 3.6 ms, GC Workers: 4]
      [GC Worker Start (ms): Min: 925.2, Avg: 925.2, Max: 925.3, Diff: 0.1]
      [Ext Root Scanning (ms): Min: 0.2, Avg: 0.3, Max: 0.3, Diff: 0.1, Sum: 1.2]
      [Update RS (ms): Min: 0.0, Avg: 0.2, Max: 0.6, Diff: 0.6, Sum: 0.7]
         [Processed Buffers: Min: 0, Avg: 1.8, Max: 4, Diff: 4, Sum: 7]
      [Scan RS (ms): Min: 0.0, Avg: 0.0, Max: 0.0, Diff: 0.0, Sum: 0.0]
      [Code Root Scanning (ms): Min: 0.0, Avg: 0.0, Max: 0.0, Diff: 0.0, Sum: 0.0]
      [Object Copy (ms): Min: 2.7, Avg: 3.1, Max: 3.3, Diff: 0.6, Sum: 12.4]
      [Termination (ms): Min: 0.0, Avg: 0.0, Max: 0.0, Diff: 0.0, Sum: 0.0]
         [Termination Attempts: Min: 1, Avg: 1.0, Max: 1, Diff: 0, Sum: 4]
      [GC Worker Other (ms): Min: 0.0, Avg: 0.0, Max: 0.0, Diff: 0.0, Sum: 0.0]
      [GC Worker Total (ms): Min: 3.5, Avg: 3.6, Max: 3.6, Diff: 0.1, Sum: 14.4]
      [GC Worker End (ms): Min: 928.8, Avg: 928.8, Max: 928.8, Diff: 0.0]
   [Code Root Fixup: 0.0 ms]
   [Code Root Purge: 0.0 ms]
   [String Dedup Fixup: 2.1 ms, GC Workers: 4]
      [Queue Fixup (ms): Min: 0.0, Avg: 0.0, Max: 0.0, Diff: 0.0, Sum: 0.0]
      [Table Fixup (ms): Min: 0.0, Avg: 0.5, Max: 2.1, Diff: 2.1, Sum: 2.1]
   [Clear CT: 0.0 ms]
   [Other: 0.3 ms]
      [Choose CSet: 0.0 ms]
      [Ref Proc: 0.0 ms]
      [Ref Enq: 0.0 ms]
      [Redirty Cards: 0.0 ms]
      [Humongous Register: 0.0 ms]
      [Humongous Reclaim: 0.0 ms]
      [Free CSet: 0.0 ms]
   [Eden: 55.0M(55.0M)->0.0B(71.0M) Survivors: 6144.0K->8192.0K Heap: 65.5M(256.0M)->19.6M(256.0M)]
 [Times: user=0.00 sys=0.00, real=0.01 secs] 
2016-06-27T18:00:34.674+0300: 0.932: Total time for which application threads were stopped: 0.0110553 seconds, Stopping threads took: 0.0044053 seconds
2016-06-27T18:00:34.679+0300: 0.936: [GC concurrent-string-deduplication, 6705.2K->6685.2K(20.0K), avg 0.3%, 0.0046644 secs]
   [Last Exec: 0.0046644 secs, Idle: 0.3733598 secs, Blocked: 0/0.0000000 secs]
      [Inspected:             335]
         [Skipped:              0(  0.0%)]
         [Hashed:             335(100.0%)]
         [Known:                0(  0.0%)]
         [New:                335(100.0%)   6705.2K]
      [Deduplicated:            1(  0.3%)     20.0K(  0.3%)]
         [Young:                0(  0.0%)      0.0B(  0.0%)]
         [Old:                  1(100.0%)     20.0K(100.0%)]
   [Total Exec: 4/0.0081554 secs, Idle: 4/0.7090821 secs, Blocked: 0/0.0000000 secs]
      [Inspected:            1788]
         [Skipped:              0(  0.0%)]
         [Hashed:             810( 45.3%)]
         [Known:              806( 45.1%)]
         [New:                982( 54.9%)     10.4M]
      [Deduplicated:          134( 13.6%)     30.4K(  0.3%)]
         [Young:                0(  0.0%)      0.0B(  0.0%)]
         [Old:                134(100.0%)     30.4K(100.0%)]
   [Table]
      [Memory Usage: 47.0K]
      [Size: 1024, Min: 1024, Max: 16777216]
      [Entries: 1665, Load: 162.6%, Cached: 0, Added: 1665, Removed: 0]
      [Resize Count: 0, Shrink Threshold: 682(66.7%), Grow Threshold: 2048(200.0%)]
      [Rehash Count: 1, Rehash Threshold: 120, Hash Seed: 0xc4e8cebb]
      [Age Threshold: 3]
   [Queue]
      [Dropped: 0]
2016-06-27T18:00:35.211+0300: 1.468: [GC pause (G1 Evacuation Pause) (young)
Desired survivor size 5242880 bytes, new threshold 2 (max 15)
- age   1:    4865736 bytes,    4865736 total
- age   2:    2240360 bytes,    7106096 total
, 0.0047936 secs]
   [Parallel Time: 4.3 ms, GC Workers: 4]
      [GC Worker Start (ms): Min: 1468.0, Avg: 1468.1, Max: 1468.2, Diff: 0.2]
      [Ext Root Scanning (ms): Min: 0.2, Avg: 0.3, Max: 0.5, Diff: 0.2, Sum: 1.3]
      [Update RS (ms): Min: 0.0, Avg: 0.1, Max: 0.2, Diff: 0.2, Sum: 0.5]
         [Processed Buffers: Min: 0, Avg: 1.5, Max: 3, Diff: 3, Sum: 6]
      [Scan RS (ms): Min: 0.0, Avg: 0.0, Max: 0.0, Diff: 0.0, Sum: 0.0]
      [Code Root Scanning (ms): Min: 0.0, Avg: 0.0, Max: 0.0, Diff: 0.0, Sum: 0.0]
      [Object Copy (ms): Min: 3.6, Avg: 3.6, Max: 3.7, Diff: 0.2, Sum: 14.6]
      [Termination (ms): Min: 0.0, Avg: 0.0, Max: 0.0, Diff: 0.0, Sum: 0.0]
         [Termination Attempts: Min: 1, Avg: 1.0, Max: 1, Diff: 0, Sum: 4]
      [GC Worker Other (ms): Min: 0.0, Avg: 0.0, Max: 0.0, Diff: 0.0, Sum: 0.0]
      [GC Worker Total (ms): Min: 4.0, Avg: 4.1, Max: 4.2, Diff: 0.2, Sum: 16.5]
      [GC Worker End (ms): Min: 1472.2, Avg: 1472.2, Max: 1472.2, Diff: 0.0]
   [Code Root Fixup: 0.0 ms]
   [Code Root Purge: 0.0 ms]
   [String Dedup Fixup: 0.1 ms, GC Workers: 4]
      [Queue Fixup (ms): Min: 0.0, Avg: 0.0, Max: 0.0, Diff: 0.0, Sum: 0.0]
      [Table Fixup (ms): Min: 0.0, Avg: 0.0, Max: 0.1, Diff: 0.1, Sum: 0.1]
   [Clear CT: 0.0 ms]
   [Other: 0.4 ms]
      [Choose CSet: 0.0 ms]
      [Ref Proc: 0.1 ms]
      [Ref Enq: 0.0 ms]
      [Redirty Cards: 0.0 ms]
      [Humongous Register: 0.0 ms]
      [Humongous Reclaim: 0.0 ms]
      [Free CSet: 0.1 ms]
   [Eden: 71.0M(71.0M)->0.0B(95.0M) Survivors: 8192.0K->10.0M Heap: 90.6M(256.0M)->29.3M(256.0M)]
 [Times: user=0.00 sys=0.00, real=0.01 secs] 
2016-06-27T18:00:35.216+0300: 1.473: Total time for which application threads were stopped: 0.0074390 seconds, Stopping threads took: 0.0020673 seconds
2016-06-27T18:00:35.221+0300: 1.478: [GC concurrent-string-deduplication, 7565.9K->7525.9K(40.0K), avg 0.4%, 0.0055172 secs]
   [Last Exec: 0.0055172 secs, Idle: 0.5366536 secs, Blocked: 0/0.0000000 secs]
      [Inspected:             389]
         [Skipped:              0(  0.0%)]
         [Hashed:             389(100.0%)]
         [Known:               11(  2.8%)]
         [New:                378( 97.2%)   7565.9K]
      [Deduplicated:            2(  0.5%)     40.0K(  0.5%)]
         [Young:                0(  0.0%)      0.0B(  0.0%)]
         [Old:                  2(100.0%)     40.0K(100.0%)]
   [Total Exec: 5/0.0136725 secs, Idle: 5/1.2457358 secs, Blocked: 0/0.0000000 secs]
      [Inspected:            2177]
         [Skipped:              0(  0.0%)]
         [Hashed:            1199( 55.1%)]
         [Known:              817( 37.5%)]
         [New:               1360( 62.5%)     17.8M]
      [Deduplicated:          136( 10.0%)     70.5K(  0.4%)]
         [Young:                0(  0.0%)      0.0B(  0.0%)]
         [Old:                136(100.0%)     70.5K(100.0%)]
   [Table]
      [Memory Usage: 55.8K]
      [Size: 1024, Min: 1024, Max: 16777216]
      [Entries: 2041, Load: 199.3%, Cached: 0, Added: 2041, Removed: 0]
      [Resize Count: 0, Shrink Threshold: 682(66.7%), Grow Threshold: 2048(200.0%)]
      [Rehash Count: 1, Rehash Threshold: 120, Hash Seed: 0xc4e8cebb]
      [Age Threshold: 3]
   [Queue]
      [Dropped: 0]
2016-06-27T18:00:35.989+0300: 2.246: [GC pause (G1 Evacuation Pause) (young)
Desired survivor size 7340032 bytes, new threshold 2 (max 15)
- age   1:    6244632 bytes,    6244632 total
- age   2:    4039552 bytes,   10284184 total
, 0.0064691 secs]
   [Parallel Time: 5.9 ms, GC Workers: 4]
      [GC Worker Start (ms): Min: 2246.2, Avg: 2246.2, Max: 2246.2, Diff: 0.0]
      [Ext Root Scanning (ms): Min: 0.5, Avg: 0.5, Max: 0.5, Diff: 0.0, Sum: 2.0]
      [Update RS (ms): Min: 0.0, Avg: 0.1, Max: 0.2, Diff: 0.1, Sum: 0.4]
         [Processed Buffers: Min: 1, Avg: 6.0, Max: 16, Diff: 15, Sum: 24]
      [Scan RS (ms): Min: 0.0, Avg: 0.0, Max: 0.0, Diff: 0.0, Sum: 0.1]
      [Code Root Scanning (ms): Min: 0.0, Avg: 0.0, Max: 0.0, Diff: 0.0, Sum: 0.0]
      [Object Copy (ms): Min: 5.1, Avg: 5.2, Max: 5.3, Diff: 0.1, Sum: 20.9]
      [Termination (ms): Min: 0.0, Avg: 0.0, Max: 0.0, Diff: 0.0, Sum: 0.0]
         [Termination Attempts: Min: 1, Avg: 1.0, Max: 1, Diff: 0, Sum: 4]
      [GC Worker Other (ms): Min: 0.0, Avg: 0.0, Max: 0.0, Diff: 0.0, Sum: 0.1]
      [GC Worker Total (ms): Min: 5.8, Avg: 5.8, Max: 5.9, Diff: 0.0, Sum: 23.4]
      [GC Worker End (ms): Min: 2252.0, Avg: 2252.0, Max: 2252.0, Diff: 0.0]
   [Code Root Fixup: 0.0 ms]
   [Code Root Purge: 0.0 ms]
   [String Dedup Fixup: 0.1 ms, GC Workers: 4]
      [Queue Fixup (ms): Min: 0.0, Avg: 0.0, Max: 0.0, Diff: 0.0, Sum: 0.0]
      [Table Fixup (ms): Min: 0.0, Avg: 0.0, Max: 0.1, Diff: 0.1, Sum: 0.1]
   [Clear CT: 0.0 ms]
   [Other: 0.4 ms]
      [Choose CSet: 0.0 ms]
      [Ref Proc: 0.0 ms]
      [Ref Enq: 0.0 ms]
      [Redirty Cards: 0.0 ms]
      [Humongous Register: 0.0 ms]
      [Humongous Reclaim: 0.0 ms]
      [Free CSet: 0.1 ms]
   [Eden: 95.0M(95.0M)->0.0B(126.0M) Survivors: 10.0M->14.0M Heap: 124.3M(256.0M)->44.6M(256.0M)]
 [Times: user=0.05 sys=0.00, real=0.01 secs] 
2016-06-27T18:00:35.996+0300: 2.253: Total time for which application threads were stopped: 0.0088336 seconds, Stopping threads took: 0.0016880 seconds
2016-06-27T18:00:36.004+0300: 2.261: [GC concurrent-string-deduplication, 11.0M->10.9M(40.0K), avg 0.4%, 0.0081853 secs]
   [Last Exec: 0.0081853 secs, Idle: 0.7742207 secs, Blocked: 0/0.0000000 secs]
      [Inspected:             562]
         [Skipped:              0(  0.0%)]
         [Hashed:             562(100.0%)]
         [Known:                0(  0.0%)]
         [New:                562(100.0%)     11.0M]
      [Deduplicated:            2(  0.4%)     40.0K(  0.4%)]
         [Young:                0(  0.0%)      0.0B(  0.0%)]
         [Old:                  2(100.0%)     40.0K(100.0%)]
   [Total Exec: 6/0.0218578 secs, Idle: 6/2.0199565 secs, Blocked: 0/0.0000000 secs]
      [Inspected:            2739]
         [Skipped:              0(  0.0%)]
         [Hashed:            1761( 64.3%)]
         [Known:              817( 29.8%)]
         [New:               1922( 70.2%)     28.8M]
      [Deduplicated:          138(  7.2%)    110.5K(  0.4%)]
         [Young:                0(  0.0%)      0.0B(  0.0%)]
         [Old:                138(100.0%)    110.5K(100.0%)]
   [Table]
      [Memory Usage: 69.0K]
      [Size: 1024, Min: 1024, Max: 16777216]
      [Entries: 2601, Load: 254.0%, Cached: 0, Added: 2601, Removed: 0]
      [Resize Count: 0, Shrink Threshold: 682(66.7%), Grow Threshold: 2048(200.0%)]
      [Rehash Count: 1, Rehash Threshold: 120, Hash Seed: 0xc4e8cebb]
      [Age Threshold: 3]
   [Queue]
      [Dropped: 0]
2016-06-27T18:00:36.986+0300: 3.243: [GC pause (G1 Evacuation Pause) (young)
Desired survivor size 9437184 bytes, new threshold 2 (max 15)
- age   1:    9245240 bytes,    9245240 total
- age   2:    5138304 bytes,   14383544 total
, 0.0084043 secs]
   [Parallel Time: 7.6 ms, GC Workers: 4]
      [GC Worker Start (ms): Min: 3243.5, Avg: 3243.5, Max: 3243.5, Diff: 0.0]
      [Ext Root Scanning (ms): Min: 0.5, Avg: 0.6, Max: 0.6, Diff: 0.1, Sum: 2.3]
      [Update RS (ms): Min: 0.1, Avg: 0.2, Max: 0.2, Diff: 0.1, Sum: 0.6]
         [Processed Buffers: Min: 1, Avg: 1.5, Max: 3, Diff: 2, Sum: 6]
      [Scan RS (ms): Min: 0.0, Avg: 0.0, Max: 0.1, Diff: 0.1, Sum: 0.1]
      [Code Root Scanning (ms): Min: 0.0, Avg: 0.0, Max: 0.0, Diff: 0.0, Sum: 0.0]
      [Object Copy (ms): Min: 6.7, Avg: 6.8, Max: 6.9, Diff: 0.2, Sum: 27.0]
      [Termination (ms): Min: 0.0, Avg: 0.0, Max: 0.0, Diff: 0.0, Sum: 0.0]
         [Termination Attempts: Min: 1, Avg: 1.0, Max: 1, Diff: 0, Sum: 4]
      [GC Worker Other (ms): Min: 0.0, Avg: 0.0, Max: 0.0, Diff: 0.0, Sum: 0.1]
      [GC Worker Total (ms): Min: 7.5, Avg: 7.5, Max: 7.5, Diff: 0.0, Sum: 30.1]
      [GC Worker End (ms): Min: 3251.0, Avg: 3251.0, Max: 3251.0, Diff: 0.0]
   [Code Root Fixup: 0.0 ms]
   [Code Root Purge: 0.0 ms]
   [String Dedup Fixup: 0.1 ms, GC Workers: 4]
      [Queue Fixup (ms): Min: 0.0, Avg: 0.0, Max: 0.0, Diff: 0.0, Sum: 0.0]
      [Table Fixup (ms): Min: 0.0, Avg: 0.0, Max: 0.1, Diff: 0.1, Sum: 0.1]
   [Clear CT: 0.0 ms]
   [Other: 0.7 ms]
      [Choose CSet: 0.0 ms]
      [Ref Proc: 0.0 ms]
      [Ref Enq: 0.0 ms]
      [Redirty Cards: 0.0 ms]
      [Humongous Register: 0.0 ms]
      [Humongous Reclaim: 0.0 ms]
      [Free CSet: 0.1 ms]
   [Eden: 126.0M(126.0M)->0.0B(130.0M) Survivors: 14.0M->18.0M Heap: 170.6M(256.0M)->68.5M(256.0M)]
 [Times: user=0.00 sys=0.06, real=0.01 secs] 
2016-06-27T18:00:36.994+0300: 3.252: Total time for which application threads were stopped: 0.0159665 seconds, Stopping threads took: 0.0065119 seconds
2016-06-27T18:00:37.005+0300: 3.262: [GC concurrent-string-deduplication, 14.0M->14.0M(26.1K), avg 0.3%, 0.0103475 secs]
   [Last Exec: 0.0103475 secs, Idle: 0.9908841 secs, Blocked: 0/0.0000000 secs]
      [Inspected:             724]
         [Skipped:              0(  0.0%)]
         [Hashed:             724(100.0%)]
         [Known:                0(  0.0%)]
         [New:                724(100.0%)     14.0M]
      [Deduplicated:            7(  1.0%)     26.1K(  0.2%)]
         [Young:                0(  0.0%)      0.0B(  0.0%)]
         [Old:                  7(100.0%)     26.1K(100.0%)]
   [Total Exec: 7/0.0322054 secs, Idle: 7/3.0108406 secs, Blocked: 0/0.0000000 secs]
      [Inspected:            3463]
         [Skipped:              0(  0.0%)]
         [Hashed:            2485( 71.8%)]
         [Known:              817( 23.6%)]
         [New:               2646( 76.4%)     42.8M]
      [Deduplicated:          145(  5.5%)    136.6K(  0.3%)]
         [Young:                0(  0.0%)      0.0B(  0.0%)]
         [Old:                145(100.0%)    136.6K(100.0%)]
   [Table]
      [Memory Usage: 93.8K]
      [Size: 2048, Min: 1024, Max: 16777216]
      [Entries: 3318, Load: 162.0%, Cached: 0, Added: 3318, Removed: 0]
      [Resize Count: 1, Shrink Threshold: 1365(66.7%), Grow Threshold: 4096(200.0%)]
      [Rehash Count: 1, Rehash Threshold: 120, Hash Seed: 0xc4e8cebb]
      [Age Threshold: 3]
   [Queue]
      [Dropped: 0]
2016-06-27T18:00:37.836+0300: 4.093: Total time for which application threads were stopped: 0.0054103 seconds, Stopping threads took: 0.0038878 seconds
2016-06-27T18:00:37.950+0300: 4.208: [GC pause (G1 Evacuation Pause) (young)
Desired survivor size 9961472 bytes, new threshold 1 (max 15)
- age   1:   13439608 bytes,   13439608 total
- age   2:    5032648 bytes,   18472256 total
, 0.0092083 secs]
   [Parallel Time: 8.5 ms, GC Workers: 4]
      [GC Worker Start (ms): Min: 4207.8, Avg: 4207.9, Max: 4208.1, Diff: 0.2]
      [Ext Root Scanning (ms): Min: 0.6, Avg: 0.8, Max: 1.2, Diff: 0.6, Sum: 3.4]
      [Update RS (ms): Min: 0.2, Avg: 0.5, Max: 1.0, Diff: 0.8, Sum: 2.0]
         [Processed Buffers: Min: 1, Avg: 12.0, Max: 43, Diff: 42, Sum: 48]
      [Scan RS (ms): Min: 0.0, Avg: 0.0, Max: 0.0, Diff: 0.0, Sum: 0.1]
      [Code Root Scanning (ms): Min: 0.0, Avg: 0.0, Max: 0.0, Diff: 0.0, Sum: 0.0]
      [Object Copy (ms): Min: 6.8, Avg: 7.0, Max: 7.2, Diff: 0.4, Sum: 28.0]
      [Termination (ms): Min: 0.0, Avg: 0.0, Max: 0.0, Diff: 0.0, Sum: 0.0]
         [Termination Attempts: Min: 1, Avg: 1.0, Max: 1, Diff: 0, Sum: 4]
      [GC Worker Other (ms): Min: 0.0, Avg: 0.0, Max: 0.0, Diff: 0.0, Sum: 0.1]
      [GC Worker Total (ms): Min: 8.2, Avg: 8.4, Max: 8.5, Diff: 0.2, Sum: 33.5]
      [GC Worker End (ms): Min: 4216.3, Avg: 4216.3, Max: 4216.3, Diff: 0.0]
   [Code Root Fixup: 0.0 ms]
   [Code Root Purge: 0.0 ms]
   [String Dedup Fixup: 0.1 ms, GC Workers: 4]
      [Queue Fixup (ms): Min: 0.0, Avg: 0.0, Max: 0.0, Diff: 0.0, Sum: 0.0]
      [Table Fixup (ms): Min: 0.0, Avg: 0.0, Max: 0.1, Diff: 0.1, Sum: 0.1]
   [Clear CT: 0.0 ms]
   [Other: 0.6 ms]
      [Choose CSet: 0.0 ms]
      [Ref Proc: 0.0 ms]
      [Ref Enq: 0.0 ms]
      [Redirty Cards: 0.0 ms]
      [Humongous Register: 0.1 ms]
      [Humongous Reclaim: 0.0 ms]
      [Free CSet: 0.1 ms]
   [Eden: 130.0M(130.0M)->0.0B(115.0M) Survivors: 18.0M->19.0M Heap: 198.5M(256.0M)->90.5M(256.0M)]
 [Times: user=0.05 sys=0.02, real=0.01 secs] 
2016-06-27T18:00:37.960+0300: 4.217: Total time for which application threads were stopped: 0.0167217 seconds, Stopping threads took: 0.0066663 seconds
2016-06-27T18:00:37.973+0300: 4.230: [GC concurrent-string-deduplication, 17.6M->17.6M(9360.0B), avg 0.2%, 0.0129023 secs]
   [Last Exec: 0.0129023 secs, Idle: 0.9547909 secs, Blocked: 0/0.0000000 secs]
      [Inspected:             908]
         [Skipped:              0(  0.0%)]
         [Hashed:             908(100.0%)]
         [Known:                0(  0.0%)]
         [New:                908(100.0%)     17.6M]
      [Deduplicated:            9(  1.0%)   9360.0B(  0.1%)]
         [Young:                0(  0.0%)      0.0B(  0.0%)]
         [Old:                  9(100.0%)   9360.0B(100.0%)]
   [Total Exec: 8/0.0451077 secs, Idle: 8/3.9656316 secs, Blocked: 0/0.0000000 secs]
      [Inspected:            4371]
         [Skipped:              0(  0.0%)]
         [Hashed:            3393( 77.6%)]
         [Known:              817( 18.7%)]
         [New:               3554( 81.3%)     60.4M]
      [Deduplicated:          154(  4.3%)    145.8K(  0.2%)]
         [Young:                0(  0.0%)      0.0B(  0.0%)]
         [Old:                154(100.0%)    145.8K(100.0%)]
   [Table]
      [Memory Usage: 114.8K]
      [Size: 2048, Min: 1024, Max: 16777216]
      [Entries: 4217, Load: 205.9%, Cached: 0, Added: 4217, Removed: 0]
      [Resize Count: 1, Shrink Threshold: 1365(66.7%), Grow Threshold: 4096(200.0%)]
      [Rehash Count: 1, Rehash Threshold: 120, Hash Seed: 0xc4e8cebb]
      [Age Threshold: 3]
   [Queue]
      [Dropped: 0]
2016-06-27T18:00:38.804+0300: 5.061: [GC pause (G1 Evacuation Pause) (young)
Desired survivor size 8912896 bytes, new threshold 1 (max 15)
- age   1:   19560496 bytes,   19560496 total
, 0.0081083 secs]
   [Parallel Time: 7.4 ms, GC Workers: 4]
      [GC Worker Start (ms): Min: 5061.4, Avg: 5061.4, Max: 5061.4, Diff: 0.0]
      [Ext Root Scanning (ms): Min: 0.5, Avg: 0.5, Max: 0.6, Diff: 0.1, Sum: 2.1]
      [Update RS (ms): Min: 0.4, Avg: 0.4, Max: 0.6, Diff: 0.3, Sum: 1.7]
         [Processed Buffers: Min: 1, Avg: 5.5, Max: 14, Diff: 13, Sum: 22]
      [Scan RS (ms): Min: 0.0, Avg: 0.0, Max: 0.0, Diff: 0.0, Sum: 0.1]
      [Code Root Scanning (ms): Min: 0.0, Avg: 0.0, Max: 0.0, Diff: 0.0, Sum: 0.0]
      [Object Copy (ms): Min: 6.1, Avg: 6.4, Max: 6.5, Diff: 0.3, Sum: 25.5]
      [Termination (ms): Min: 0.0, Avg: 0.0, Max: 0.0, Diff: 0.0, Sum: 0.0]
         [Termination Attempts: Min: 1, Avg: 1.0, Max: 1, Diff: 0, Sum: 4]
      [GC Worker Other (ms): Min: 0.0, Avg: 0.0, Max: 0.0, Diff: 0.0, Sum: 0.1]
      [GC Worker Total (ms): Min: 7.3, Avg: 7.4, Max: 7.4, Diff: 0.0, Sum: 29.4]
      [GC Worker End (ms): Min: 5068.7, Avg: 5068.8, Max: 5068.8, Diff: 0.0]
   [Code Root Fixup: 0.0 ms]
   [Code Root Purge: 0.0 ms]
   [String Dedup Fixup: 0.1 ms, GC Workers: 4]
      [Queue Fixup (ms): Min: 0.0, Avg: 0.0, Max: 0.0, Diff: 0.0, Sum: 0.0]
      [Table Fixup (ms): Min: 0.0, Avg: 0.0, Max: 0.1, Diff: 0.1, Sum: 0.2]
   [Clear CT: 0.0 ms]
   [Other: 0.5 ms]
      [Choose CSet: 0.0 ms]
      [Ref Proc: 0.1 ms]
      [Ref Enq: 0.0 ms]
      [Redirty Cards: 0.0 ms]
      [Humongous Register: 0.0 ms]
      [Humongous Reclaim: 0.0 ms]
      [Free CSet: 0.1 ms]
   [Eden: 115.0M(115.0M)->0.0B(100.0M) Survivors: 19.0M->17.0M Heap: 205.5M(256.0M)->111.0M(256.0M)]
 [Times: user=0.00 sys=0.00, real=0.01 secs] 
2016-06-27T18:00:38.812+0300: 5.070: Total time for which application threads were stopped: 0.0154772 seconds, Stopping threads took: 0.0066094 seconds
2016-06-27T18:00:38.826+0300: 5.083: [GC concurrent-string-deduplication, 19.5M->19.4M(87.2K), avg 0.3%, 0.0138038 secs]
   [Last Exec: 0.0138038 secs, Idle: 0.8395201 secs, Blocked: 0/0.0000000 secs]
      [Inspected:            1002]
         [Skipped:              0(  0.0%)]
         [Hashed:            1002(100.0%)]
         [Known:                0(  0.0%)]
         [New:               1002(100.0%)     19.5M]
      [Deduplicated:           11(  1.1%)     87.2K(  0.4%)]
         [Young:                0(  0.0%)      0.0B(  0.0%)]
         [Old:                 11(100.0%)     87.2K(100.0%)]
   [Total Exec: 9/0.0589115 secs, Idle: 9/4.8051517 secs, Blocked: 0/0.0000000 secs]
      [Inspected:            5373]
         [Skipped:              0(  0.0%)]
         [Hashed:            4395( 81.8%)]
         [Known:              817( 15.2%)]
         [New:               4556( 84.8%)     79.8M]
      [Deduplicated:          165(  3.6%)    232.9K(  0.3%)]
         [Young:                0(  0.0%)      0.0B(  0.0%)]
         [Old:                165(100.0%)    232.9K(100.0%)]
   [Table]
      [Memory Usage: 154.1K]
      [Size: 4096, Min: 1024, Max: 16777216]
      [Entries: 5208, Load: 127.1%, Cached: 0, Added: 5208, Removed: 0]
      [Resize Count: 2, Shrink Threshold: 2730(66.7%), Grow Threshold: 8192(200.0%)]
      [Rehash Count: 1, Rehash Threshold: 120, Hash Seed: 0xc4e8cebb]
      [Age Threshold: 3]
   [Queue]
      [Dropped: 0]
2016-06-27T18:00:39.654+0300: 5.912: [GC pause (G1 Evacuation Pause) (young)
Desired survivor size 7864320 bytes, new threshold 1 (max 15)
- age   1:   17349312 bytes,   17349312 total
, 0.0066150 secs]
   [Parallel Time: 6.0 ms, GC Workers: 4]
      [GC Worker Start (ms): Min: 5911.7, Avg: 5911.8, Max: 5911.8, Diff: 0.0]
      [Ext Root Scanning (ms): Min: 0.4, Avg: 0.5, Max: 0.6, Diff: 0.2, Sum: 2.1]
      [Update RS (ms): Min: 0.3, Avg: 0.4, Max: 0.6, Diff: 0.3, Sum: 1.7]
         [Processed Buffers: Min: 1, Avg: 4.8, Max: 9, Diff: 8, Sum: 19]
      [Scan RS (ms): Min: 0.0, Avg: 0.0, Max: 0.0, Diff: 0.0, Sum: 0.1]
      [Code Root Scanning (ms): Min: 0.0, Avg: 0.0, Max: 0.0, Diff: 0.0, Sum: 0.0]
      [Object Copy (ms): Min: 5.0, Avg: 5.0, Max: 5.0, Diff: 0.1, Sum: 20.0]
      [Termination (ms): Min: 0.0, Avg: 0.0, Max: 0.0, Diff: 0.0, Sum: 0.0]
         [Termination Attempts: Min: 1, Avg: 1.0, Max: 1, Diff: 0, Sum: 4]
      [GC Worker Other (ms): Min: 0.0, Avg: 0.0, Max: 0.0, Diff: 0.0, Sum: 0.1]
      [GC Worker Total (ms): Min: 6.0, Avg: 6.0, Max: 6.0, Diff: 0.0, Sum: 24.0]
      [GC Worker End (ms): Min: 5917.7, Avg: 5917.7, Max: 5917.7, Diff: 0.0]
   [Code Root Fixup: 0.0 ms]
   [Code Root Purge: 0.0 ms]
   [String Dedup Fixup: 0.1 ms, GC Workers: 4]
      [Queue Fixup (ms): Min: 0.0, Avg: 0.0, Max: 0.0, Diff: 0.0, Sum: 0.0]
      [Table Fixup (ms): Min: 0.0, Avg: 0.0, Max: 0.1, Diff: 0.0, Sum: 0.2]
   [Clear CT: 0.0 ms]
   [Other: 0.5 ms]
      [Choose CSet: 0.0 ms]
      [Ref Proc: 0.1 ms]
      [Ref Enq: 0.0 ms]
      [Redirty Cards: 0.0 ms]
      [Humongous Register: 0.0 ms]
      [Humongous Reclaim: 0.0 ms]
      [Free CSet: 0.1 ms]
   [Eden: 100.0M(100.0M)->0.0B(87.0M) Survivors: 17.0M->15.0M Heap: 211.0M(256.0M)->128.0M(256.0M)]
 [Times: user=0.06 sys=0.00, real=0.01 secs] 
2016-06-27T18:00:39.661+0300: 5.919: Total time for which application threads were stopped: 0.0138355 seconds, Stopping threads took: 0.0064272 seconds
2016-06-27T18:00:39.674+0300: 5.931: [GC concurrent-string-deduplication, 17.0M->16.9M(165.2K), avg 0.4%, 0.0125824 secs]
   [Last Exec: 0.0125824 secs, Idle: 0.8350563 secs, Blocked: 0/0.0000000 secs]
      [Inspected:             877]
         [Skipped:              1(  0.1%)]
         [Hashed:             876( 99.9%)]
         [Known:                0(  0.0%)]
         [New:                876( 99.9%)     17.0M]
      [Deduplicated:           13(  1.5%)    165.2K(  0.9%)]
         [Young:                0(  0.0%)      0.0B(  0.0%)]
         [Old:                 13(100.0%)    165.2K(100.0%)]
   [Total Exec: 10/0.0714940 secs, Idle: 10/5.6402080 secs, Blocked: 0/0.0000000 secs]
      [Inspected:            6250]
         [Skipped:              1(  0.0%)]
         [Hashed:            5271( 84.3%)]
         [Known:              817( 13.1%)]
         [New:               5432( 86.9%)     96.9M]
      [Deduplicated:          178(  3.3%)    398.1K(  0.4%)]
         [Young:                0(  0.0%)      0.0B(  0.0%)]
         [Old:                178(100.0%)    398.1K(100.0%)]
   [Table]
      [Memory Usage: 174.5K]
      [Size: 4096, Min: 1024, Max: 16777216]
      [Entries: 6078, Load: 148.4%, Cached: 0, Added: 6078, Removed: 0]
      [Resize Count: 2, Shrink Threshold: 2730(66.7%), Grow Threshold: 8192(200.0%)]
      [Rehash Count: 1, Rehash Threshold: 120, Hash Seed: 0xc4e8cebb]
      [Age Threshold: 3]
   [Queue]
      [Dropped: 0]
2016-06-27T18:00:40.395+0300: 6.652: [GC pause (G1 Evacuation Pause) (young)
Desired survivor size 6815744 bytes, new threshold 1 (max 15)
- age   1:   15456656 bytes,   15456656 total
, 0.0087618 secs]
   [Parallel Time: 5.7 ms, GC Workers: 4]
      [GC Worker Start (ms): Min: 6652.3, Avg: 6652.4, Max: 6652.4, Diff: 0.0]
      [Ext Root Scanning (ms): Min: 0.5, Avg: 0.5, Max: 0.5, Diff: 0.1, Sum: 2.0]
      [Update RS (ms): Min: 0.4, Avg: 0.4, Max: 0.4, Diff: 0.0, Sum: 1.7]
         [Processed Buffers: Min: 2, Avg: 15.3, Max: 30, Diff: 28, Sum: 61]
      [Scan RS (ms): Min: 0.0, Avg: 0.0, Max: 0.0, Diff: 0.0, Sum: 0.1]
      [Code Root Scanning (ms): Min: 0.0, Avg: 0.0, Max: 0.0, Diff: 0.0, Sum: 0.0]
      [Object Copy (ms): Min: 4.7, Avg: 4.7, Max: 4.7, Diff: 0.1, Sum: 18.8]
      [Termination (ms): Min: 0.0, Avg: 0.0, Max: 0.0, Diff: 0.0, Sum: 0.0]
         [Termination Attempts: Min: 1, Avg: 1.0, Max: 1, Diff: 0, Sum: 4]
      [GC Worker Other (ms): Min: 0.0, Avg: 0.0, Max: 0.0, Diff: 0.0, Sum: 0.1]
      [GC Worker Total (ms): Min: 5.6, Avg: 5.6, Max: 5.6, Diff: 0.0, Sum: 22.6]
      [GC Worker End (ms): Min: 6658.0, Avg: 6658.0, Max: 6658.0, Diff: 0.0]
   [Code Root Fixup: 0.0 ms]
   [Code Root Purge: 0.0 ms]
   [String Dedup Fixup: 0.1 ms, GC Workers: 4]
      [Queue Fixup (ms): Min: 0.0, Avg: 0.0, Max: 0.0, Diff: 0.0, Sum: 0.0]
      [Table Fixup (ms): Min: 0.1, Avg: 0.1, Max: 0.1, Diff: 0.0, Sum: 0.2]
   [Clear CT: 0.0 ms]
   [Other: 3.0 ms]
      [Choose CSet: 0.0 ms]
      [Ref Proc: 0.0 ms]
      [Ref Enq: 0.0 ms]
      [Redirty Cards: 0.0 ms]
      [Humongous Register: 0.0 ms]
      [Humongous Reclaim: 0.0 ms]
      [Free CSet: 2.6 ms]
   [Eden: 87.0M(87.0M)->0.0B(74.0M) Survivors: 15.0M->13.0M Heap: 215.0M(256.0M)->143.0M(256.0M)]
 [Times: user=0.02 sys=0.00, real=0.01 secs] 
2016-06-27T18:00:40.404+0300: 6.661: Total time for which application threads were stopped: 0.0204025 seconds, Stopping threads took: 0.0108624 seconds
2016-06-27T18:00:40.415+0300: 6.672: [GC concurrent-string-deduplication, 15.1M->15.0M(110.2K), avg 0.4%, 0.0107927 secs]
   [Last Exec: 0.0107927 secs, Idle: 0.7300043 secs, Blocked: 0/0.0000000 secs]
      [Inspected:             793]
         [Skipped:              3(  0.4%)]
         [Hashed:             790( 99.6%)]
         [Known:                7(  0.9%)]
         [New:                783( 98.7%)     15.1M]
      [Deduplicated:           15(  1.9%)    110.2K(  0.7%)]
         [Young:                0(  0.0%)      0.0B(  0.0%)]
         [Old:                 15(100.0%)    110.2K(100.0%)]
   [Total Exec: 11/0.0822867 secs, Idle: 11/6.3702122 secs, Blocked: 0/0.0000000 secs]
      [Inspected:            7043]
         [Skipped:              4(  0.1%)]
         [Hashed:            6061( 86.1%)]
         [Known:              824( 11.7%)]
         [New:               6215( 88.2%)    112.0M]
      [Deduplicated:          193(  3.1%)    508.4K(  0.4%)]
         [Young:                0(  0.0%)      0.0B(  0.0%)]
         [Old:                193(100.0%)    508.4K(100.0%)]
   [Table]
      [Memory Usage: 192.5K]
      [Size: 4096, Min: 1024, Max: 16777216]
      [Entries: 6846, Load: 167.1%, Cached: 0, Added: 6846, Removed: 0]
      [Resize Count: 2, Shrink Threshold: 2730(66.7%), Grow Threshold: 8192(200.0%)]
      [Rehash Count: 1, Rehash Threshold: 120, Hash Seed: 0xc4e8cebb]
      [Age Threshold: 3]
   [Queue]
      [Dropped: 0]
2016-06-27T18:00:41.047+0300: 7.304: [GC pause (G1 Evacuation Pause) (young) (initial-mark)
Desired survivor size 5767168 bytes, new threshold 1 (max 15)
- age   1:   13383240 bytes,   13383240 total
, 0.0055852 secs]
   [Parallel Time: 5.0 ms, GC Workers: 4]
      [GC Worker Start (ms): Min: 7304.7, Avg: 7304.7, Max: 7304.8, Diff: 0.1]
      [Ext Root Scanning (ms): Min: 0.4, Avg: 0.5, Max: 0.6, Diff: 0.2, Sum: 1.9]
      [Update RS (ms): Min: 0.4, Avg: 0.4, Max: 0.4, Diff: 0.0, Sum: 1.5]
         [Processed Buffers: Min: 2, Avg: 8.3, Max: 20, Diff: 18, Sum: 33]
      [Scan RS (ms): Min: 0.0, Avg: 0.0, Max: 0.0, Diff: 0.0, Sum: 0.0]
      [Code Root Scanning (ms): Min: 0.0, Avg: 0.0, Max: 0.0, Diff: 0.0, Sum: 0.0]
      [Object Copy (ms): Min: 3.9, Avg: 4.0, Max: 4.1, Diff: 0.2, Sum: 16.1]
      [Termination (ms): Min: 0.0, Avg: 0.0, Max: 0.0, Diff: 0.0, Sum: 0.0]
         [Termination Attempts: Min: 1, Avg: 1.0, Max: 1, Diff: 0, Sum: 4]
      [GC Worker Other (ms): Min: 0.0, Avg: 0.0, Max: 0.0, Diff: 0.0, Sum: 0.1]
      [GC Worker Total (ms): Min: 4.8, Avg: 4.9, Max: 4.9, Diff: 0.1, Sum: 19.7]
      [GC Worker End (ms): Min: 7309.6, Avg: 7309.6, Max: 7309.6, Diff: 0.0]
   [Code Root Fixup: 0.0 ms]
   [Code Root Purge: 0.0 ms]
   [String Dedup Fixup: 0.1 ms, GC Workers: 4]
      [Queue Fixup (ms): Min: 0.0, Avg: 0.0, Max: 0.0, Diff: 0.0, Sum: 0.0]
      [Table Fixup (ms): Min: 0.1, Avg: 0.1, Max: 0.1, Diff: 0.0, Sum: 0.3]
   [Clear CT: 0.0 ms]
   [Other: 0.5 ms]
      [Choose CSet: 0.0 ms]
      [Ref Proc: 0.0 ms]
      [Ref Enq: 0.0 ms]
      [Redirty Cards: 0.0 ms]
      [Humongous Register: 0.0 ms]
      [Humongous Reclaim: 0.0 ms]
      [Free CSet: 0.1 ms]
   [Eden: 74.0M(74.0M)->0.0B(62.0M) Survivors: 13.0M->11.0M Heap: 217.0M(256.0M)->157.0M(256.0M)]
 [Times: user=0.06 sys=0.00, real=0.01 secs] 
2016-06-27T18:00:41.053+0300: 7.310: [GC concurrent-root-region-scan-start]
2016-06-27T18:00:41.053+0300: 7.310: Total time for which application threads were stopped: 0.0173226 seconds, Stopping threads took: 0.0109505 seconds
2016-06-27T18:00:41.054+0300: 7.311: [GC concurrent-root-region-scan-end, 0.0005876 secs]
2016-06-27T18:00:41.054+0300: 7.311: [GC concurrent-mark-start]
2016-06-27T18:00:41.061+0300: 7.318: [GC concurrent-mark-end, 0.0068707 secs]
2016-06-27T18:00:41.063+0300: 7.320: [GC concurrent-string-deduplication, 13.2M->13.1M(185.2K), avg 0.5%, 0.0097852 secs]
   [Last Exec: 0.0097852 secs, Idle: 0.6382566 secs, Blocked: 0/0.0000000 secs]
      [Inspected:             683]
         [Skipped:              1(  0.1%)]
         [Hashed:             682( 99.9%)]
         [Known:                0(  0.0%)]
         [New:                682( 99.9%)     13.2M]
      [Deduplicated:           14(  2.1%)    185.2K(  1.4%)]
         [Young:                0(  0.0%)      0.0B(  0.0%)]
         [Old:                 14(100.0%)    185.2K(100.0%)]
   [Total Exec: 12/0.0920718 secs, Idle: 12/7.0084688 secs, Blocked: 0/0.0000000 secs]
      [Inspected:            7726]
         [Skipped:              5(  0.1%)]
         [Hashed:            6743( 87.3%)]
         [Known:              824( 10.7%)]
         [New:               6897( 89.3%)    125.2M]
      [Deduplicated:          207(  3.0%)    693.6K(  0.5%)]
         [Young:                0(  0.0%)      0.0B(  0.0%)]
         [Old:                207(100.0%)    693.6K(100.0%)]
   [Table]
      [Memory Usage: 208.1K]
      [Size: 4096, Min: 1024, Max: 16777216]
      [Entries: 7514, Load: 183.4%, Cached: 0, Added: 7514, Removed: 0]
      [Resize Count: 2, Shrink Threshold: 2730(66.7%), Grow Threshold: 8192(200.0%)]
      [Rehash Count: 1, Rehash Threshold: 120, Hash Seed: 0xc4e8cebb]
      [Age Threshold: 3]
   [Queue]
      [Dropped: 0]
2016-06-27T18:00:41.069+0300: 7.326: [GC remark 2016-06-27T18:00:41.069+0300: 7.326: [Finalize Marking, 0.0002044 secs] 2016-06-27T18:00:41.069+0300: 7.326: [GC ref-proc, 0.0000569 secs] 2016-06-27T18:00:41.069+0300: 7.326: [Unloading, 0.0011953 secs], 0.0022182 secs]
 [Times: user=0.00 sys=0.00, real=0.00 secs] 
2016-06-27T18:00:41.071+0300: 7.328: Total time for which application threads were stopped: 0.0080006 seconds, Stopping threads took: 0.0052033 seconds
2016-06-27T18:00:41.308+0300: 7.565: [GC cleanup 186M->186M(256M), 0.0003947 secs]
 [Times: user=0.00 sys=0.00, real=0.00 secs] 
2016-06-27T18:00:41.308+0300: 7.565: Total time for which application threads were stopped: 0.0097723 seconds, Stopping threads took: 0.0088122 seconds
2016-06-27T18:00:41.598+0300: 7.856: [GC pause (G1 Evacuation Pause) (young)
Desired survivor size 5242880 bytes, new threshold 1 (max 15)
- age   1:   11331936 bytes,   11331936 total
, 0.0049424 secs]
   [Parallel Time: 4.3 ms, GC Workers: 4]
      [GC Worker Start (ms): Min: 7855.7, Avg: 7855.7, Max: 7855.7, Diff: 0.0]
      [Ext Root Scanning (ms): Min: 0.5, Avg: 0.5, Max: 0.6, Diff: 0.1, Sum: 2.1]
      [Update RS (ms): Min: 0.4, Avg: 0.4, Max: 0.4, Diff: 0.0, Sum: 1.6]
         [Processed Buffers: Min: 5, Avg: 9.8, Max: 16, Diff: 11, Sum: 39]
      [Scan RS (ms): Min: 0.0, Avg: 0.0, Max: 0.0, Diff: 0.0, Sum: 0.0]
      [Code Root Scanning (ms): Min: 0.0, Avg: 0.0, Max: 0.0, Diff: 0.0, Sum: 0.0]
      [Object Copy (ms): Min: 3.3, Avg: 3.3, Max: 3.4, Diff: 0.1, Sum: 13.3]
      [Termination (ms): Min: 0.0, Avg: 0.0, Max: 0.0, Diff: 0.0, Sum: 0.0]
         [Termination Attempts: Min: 1, Avg: 1.0, Max: 1, Diff: 0, Sum: 4]
      [GC Worker Other (ms): Min: 0.0, Avg: 0.0, Max: 0.0, Diff: 0.0, Sum: 0.1]
      [GC Worker Total (ms): Min: 4.3, Avg: 4.3, Max: 4.3, Diff: 0.0, Sum: 17.1]
      [GC Worker End (ms): Min: 7859.9, Avg: 7860.0, Max: 7860.0, Diff: 0.0]
   [Code Root Fixup: 0.0 ms]
   [Code Root Purge: 0.0 ms]
   [String Dedup Fixup: 0.1 ms, GC Workers: 4]
      [Queue Fixup (ms): Min: 0.0, Avg: 0.0, Max: 0.0, Diff: 0.0, Sum: 0.0]
      [Table Fixup (ms): Min: 0.1, Avg: 0.1, Max: 0.1, Diff: 0.0, Sum: 0.3]
   [Clear CT: 0.0 ms]
   [Other: 0.5 ms]
      [Choose CSet: 0.0 ms]
      [Ref Proc: 0.1 ms]
      [Ref Enq: 0.0 ms]
      [Redirty Cards: 0.0 ms]
      [Humongous Register: 0.0 ms]
      [Humongous Reclaim: 0.0 ms]
      [Free CSet: 0.1 ms]
   [Eden: 62.0M(62.0M)->0.0B(2048.0K) Survivors: 11.0M->10.0M Heap: 219.0M(256.0M)->168.5M(256.0M)]
 [Times: user=0.00 sys=0.00, real=0.00 secs] 
2016-06-27T18:00:41.604+0300: 7.861: Total time for which application threads were stopped: 0.0176647 seconds, Stopping threads took: 0.0119623 seconds
2016-06-27T18:00:41.609+0300: 7.866: [GC pause (G1 Evacuation Pause) (mixed)
Desired survivor size 1048576 bytes, new threshold 1 (max 15)
- age   1:   10109688 bytes,   10109688 total
, 0.0029585 secs]
   [Parallel Time: 2.4 ms, GC Workers: 4]
      [GC Worker Start (ms): Min: 7866.1, Avg: 7866.1, Max: 7866.1, Diff: 0.0]
      [Ext Root Scanning (ms): Min: 0.5, Avg: 0.5, Max: 0.5, Diff: 0.1, Sum: 2.1]
      [Update RS (ms): Min: 0.3, Avg: 0.3, Max: 0.4, Diff: 0.1, Sum: 1.2]
         [Processed Buffers: Min: 1, Avg: 1.5, Max: 2, Diff: 1, Sum: 6]
      [Scan RS (ms): Min: 0.0, Avg: 0.0, Max: 0.0, Diff: 0.0, Sum: 0.0]
      [Code Root Scanning (ms): Min: 0.0, Avg: 0.0, Max: 0.0, Diff: 0.0, Sum: 0.0]
      [Object Copy (ms): Min: 1.6, Avg: 1.6, Max: 1.6, Diff: 0.0, Sum: 6.3]
      [Termination (ms): Min: 0.0, Avg: 0.0, Max: 0.0, Diff: 0.0, Sum: 0.0]
         [Termination Attempts: Min: 1, Avg: 1.0, Max: 1, Diff: 0, Sum: 4]
      [GC Worker Other (ms): Min: 0.0, Avg: 0.0, Max: 0.0, Diff: 0.0, Sum: 0.1]
      [GC Worker Total (ms): Min: 2.4, Avg: 2.4, Max: 2.4, Diff: 0.0, Sum: 9.6]
      [GC Worker End (ms): Min: 7868.5, Avg: 7868.5, Max: 7868.5, Diff: 0.0]
   [Code Root Fixup: 0.0 ms]
   [Code Root Purge: 0.0 ms]
   [String Dedup Fixup: 0.1 ms, GC Workers: 4]
      [Queue Fixup (ms): Min: 0.0, Avg: 0.0, Max: 0.0, Diff: 0.0, Sum: 0.0]
      [Table Fixup (ms): Min: 0.1, Avg: 0.1, Max: 0.1, Diff: 0.0, Sum: 0.3]
   [Clear CT: 0.0 ms]
   [Other: 0.4 ms]
      [Choose CSet: 0.0 ms]
      [Ref Proc: 0.0 ms]
      [Ref Enq: 0.0 ms]
      [Redirty Cards: 0.0 ms]
      [Humongous Register: 0.0 ms]
      [Humongous Reclaim: 0.0 ms]
      [Free CSet: 0.0 ms]
   [Eden: 2048.0K(2048.0K)->0.0B(51.0M) Survivors: 10.0M->2048.0K Heap: 170.5M(256.0M)->169.5M(256.0M)]
 [Times: user=0.00 sys=0.00, real=0.00 secs] 
2016-06-27T18:00:41.612+0300: 7.869: Total time for which application threads were stopped: 0.0038763 seconds, Stopping threads took: 0.0000693 seconds
2016-06-27T18:00:41.621+0300: 7.879: [GC concurrent-string-deduplication, 19.3M->19.1M(195.4K), avg 0.6%, 0.0139689 secs]
   [Last Exec: 0.0139689 secs, Idle: 0.5405012 secs, Blocked: 1/0.0038934 secs]
      [Inspected:            1009]
         [Skipped:              6(  0.6%)]
         [Hashed:            1003( 99.4%)]
         [Known:                0(  0.0%)]
         [New:               1003( 99.4%)     19.3M]
      [Deduplicated:           24(  2.4%)    195.4K(  1.0%)]
         [Young:                0(  0.0%)      0.0B(  0.0%)]
         [Old:                 24(100.0%)    195.4K(100.0%)]
   [Total Exec: 13/0.1060407 secs, Idle: 13/7.5489701 secs, Blocked: 1/0.0038934 secs]
      [Inspected:            8735]
         [Skipped:             11(  0.1%)]
         [Hashed:            7746( 88.7%)]
         [Known:              824(  9.4%)]
         [New:               7900( 90.4%)    144.5M]
      [Deduplicated:          231(  2.9%)    889.0K(  0.6%)]
         [Young:                0(  0.0%)      0.0B(  0.0%)]
         [Old:                231(100.0%)    889.0K(100.0%)]
   [Table]
      [Memory Usage: 230.6K]
      [Size: 4096, Min: 1024, Max: 16777216]
      [Entries: 8475, Load: 206.9%, Cached: 0, Added: 8493, Removed: 18]
      [Resize Count: 2, Shrink Threshold: 2730(66.7%), Grow Threshold: 8192(200.0%)]
      [Rehash Count: 1, Rehash Threshold: 120, Hash Seed: 0xc4e8cebb]
      [Age Threshold: 3]
   [Queue]
      [Dropped: 0]
2016-06-27T18:00:42.043+0300: 8.301: [GC pause (G1 Evacuation Pause) (young)
Desired survivor size 3670016 bytes, new threshold 15 (max 15)
- age   1:     373976 bytes,     373976 total
, 0.0028948 secs]
   [Parallel Time: 2.3 ms, GC Workers: 4]
      [GC Worker Start (ms): Min: 8301.0, Avg: 8301.0, Max: 8301.0, Diff: 0.0]
      [Ext Root Scanning (ms): Min: 0.5, Avg: 0.5, Max: 0.5, Diff: 0.0, Sum: 1.9]
      [Update RS (ms): Min: 0.3, Avg: 0.3, Max: 0.3, Diff: 0.0, Sum: 1.2]
         [Processed Buffers: Min: 9, Avg: 13.8, Max: 18, Diff: 9, Sum: 55]
      [Scan RS (ms): Min: 0.0, Avg: 0.0, Max: 0.0, Diff: 0.0, Sum: 0.0]
      [Code Root Scanning (ms): Min: 0.0, Avg: 0.0, Max: 0.0, Diff: 0.0, Sum: 0.0]
      [Object Copy (ms): Min: 1.4, Avg: 1.4, Max: 1.5, Diff: 0.0, Sum: 5.7]
      [Termination (ms): Min: 0.0, Avg: 0.0, Max: 0.0, Diff: 0.0, Sum: 0.0]
         [Termination Attempts: Min: 1, Avg: 1.0, Max: 1, Diff: 0, Sum: 4]
      [GC Worker Other (ms): Min: 0.0, Avg: 0.0, Max: 0.0, Diff: 0.0, Sum: 0.1]
      [GC Worker Total (ms): Min: 2.2, Avg: 2.2, Max: 2.2, Diff: 0.0, Sum: 9.0]
      [GC Worker End (ms): Min: 8303.2, Avg: 8303.2, Max: 8303.2, Diff: 0.0]
   [Code Root Fixup: 0.0 ms]
   [Code Root Purge: 0.0 ms]
   [String Dedup Fixup: 0.1 ms, GC Workers: 4]
      [Queue Fixup (ms): Min: 0.0, Avg: 0.0, Max: 0.0, Diff: 0.0, Sum: 0.0]
      [Table Fixup (ms): Min: 0.1, Avg: 0.1, Max: 0.1, Diff: 0.0, Sum: 0.4]
   [Clear CT: 0.1 ms]
   [Other: 0.4 ms]
      [Choose CSet: 0.0 ms]
      [Ref Proc: 0.0 ms]
      [Ref Enq: 0.0 ms]
      [Redirty Cards: 0.0 ms]
      [Humongous Register: 0.0 ms]
      [Humongous Reclaim: 0.0 ms]
      [Free CSet: 0.0 ms]
   [Eden: 51.0M(51.0M)->0.0B(44.0M) Survivors: 2048.0K->7168.0K Heap: 220.5M(256.0M)->177.5M(256.0M)]
 [Times: user=0.00 sys=0.00, real=0.00 secs] 
2016-06-27T18:00:42.047+0300: 8.304: Total time for which application threads were stopped: 0.0135306 seconds, Stopping threads took: 0.0098720 seconds
2016-06-27T18:00:42.048+0300: 8.306: [GC concurrent-string-deduplication, 2221.7K->2221.7K(0.0B), avg 0.6%, 0.0015528 secs]
   [Last Exec: 0.0015528 secs, Idle: 0.4253536 secs, Blocked: 0/0.0000000 secs]
      [Inspected:             111]
         [Skipped:              0(  0.0%)]
         [Hashed:             111(100.0%)]
         [Known:                0(  0.0%)]
         [New:                111(100.0%)   2221.7K]
      [Deduplicated:            0(  0.0%)      0.0B(  0.0%)]
         [Young:                0(  0.0%)      0.0B(  0.0%)]
         [Old:                  0(  0.0%)      0.0B(  0.0%)]
   [Total Exec: 14/0.1075936 secs, Idle: 14/7.9743236 secs, Blocked: 1/0.0038934 secs]
      [Inspected:            8846]
         [Skipped:             11(  0.1%)]
         [Hashed:            7857( 88.8%)]
         [Known:              824(  9.3%)]
         [New:               8011( 90.6%)    146.7M]
      [Deduplicated:          231(  2.9%)    889.0K(  0.6%)]
         [Young:                0(  0.0%)      0.0B(  0.0%)]
         [Old:                231(100.0%)    889.0K(100.0%)]
   [Table]
      [Memory Usage: 265.2K]
      [Size: 8192, Min: 1024, Max: 16777216]
      [Entries: 8586, Load: 104.8%, Cached: 0, Added: 8604, Removed: 18]
      [Resize Count: 3, Shrink Threshold: 5461(66.7%), Grow Threshold: 16384(200.0%)]
      [Rehash Count: 1, Rehash Threshold: 120, Hash Seed: 0xc4e8cebb]
      [Age Threshold: 3]
   [Queue]
      [Dropped: 0]
2016-06-27T18:00:42.441+0300: 8.698: [GC pause (G1 Evacuation Pause) (young) (initial-mark)
Desired survivor size 3670016 bytes, new threshold 1 (max 15)
- age   1:    6950224 bytes,    6950224 total
- age   2:     247128 bytes,    7197352 total
, 0.0037398 secs]
   [Parallel Time: 3.0 ms, GC Workers: 4]
      [GC Worker Start (ms): Min: 8698.2, Avg: 8698.2, Max: 8698.2, Diff: 0.0]
      [Ext Root Scanning (ms): Min: 0.4, Avg: 0.5, Max: 0.6, Diff: 0.2, Sum: 2.0]
      [Update RS (ms): Min: 0.1, Avg: 0.2, Max: 0.3, Diff: 0.2, Sum: 0.7]
         [Processed Buffers: Min: 2, Avg: 9.8, Max: 20, Diff: 18, Sum: 39]
      [Scan RS (ms): Min: 0.0, Avg: 0.0, Max: 0.0, Diff: 0.0, Sum: 0.0]
      [Code Root Scanning (ms): Min: 0.0, Avg: 0.0, Max: 0.0, Diff: 0.0, Sum: 0.0]
      [Object Copy (ms): Min: 2.3, Avg: 2.3, Max: 2.3, Diff: 0.0, Sum: 9.2]
      [Termination (ms): Min: 0.0, Avg: 0.0, Max: 0.0, Diff: 0.0, Sum: 0.0]
         [Termination Attempts: Min: 1, Avg: 1.0, Max: 1, Diff: 0, Sum: 4]
      [GC Worker Other (ms): Min: 0.0, Avg: 0.0, Max: 0.0, Diff: 0.0, Sum: 0.1]
      [GC Worker Total (ms): Min: 3.0, Avg: 3.0, Max: 3.0, Diff: 0.0, Sum: 11.9]
      [GC Worker End (ms): Min: 8701.2, Avg: 8701.2, Max: 8701.2, Diff: 0.0]
   [Code Root Fixup: 0.0 ms]
   [Code Root Purge: 0.0 ms]
   [String Dedup Fixup: 0.1 ms, GC Workers: 4]
      [Queue Fixup (ms): Min: 0.0, Avg: 0.0, Max: 0.0, Diff: 0.0, Sum: 0.0]
      [Table Fixup (ms): Min: 0.1, Avg: 0.1, Max: 0.1, Diff: 0.0, Sum: 0.3]
   [Clear CT: 0.0 ms]
   [Other: 0.6 ms]
      [Choose CSet: 0.0 ms]
      [Ref Proc: 0.2 ms]
      [Ref Enq: 0.0 ms]
      [Redirty Cards: 0.0 ms]
      [Humongous Register: 0.0 ms]
      [Humongous Reclaim: 0.0 ms]
      [Free CSet: 0.0 ms]
   [Eden: 44.0M(44.0M)->0.0B(37.0M) Survivors: 7168.0K->7168.0K Heap: 221.5M(256.0M)->186.0M(256.0M)]
 [Times: user=0.06 sys=0.00, real=0.00 secs] 
2016-06-27T18:00:42.445+0300: 8.702: [GC concurrent-root-region-scan-start]
2016-06-27T18:00:42.445+0300: 8.702: Total time for which application threads were stopped: 0.0120594 seconds, Stopping threads took: 0.0076366 seconds
2016-06-27T18:00:42.445+0300: 8.702: [GC concurrent-root-region-scan-end, 0.0003481 secs]
2016-06-27T18:00:42.445+0300: 8.702: [GC concurrent-mark-start]
2016-06-27T18:00:42.450+0300: 8.707: [GC concurrent-string-deduplication, 7045.5K->7005.5K(40.0K), avg 0.6%, 0.0049967 secs]
   [Last Exec: 0.0049967 secs, Idle: 0.3964061 secs, Blocked: 0/0.0000000 secs]
      [Inspected:             353]
         [Skipped:              1(  0.3%)]
         [Hashed:             352( 99.7%)]
         [Known:                0(  0.0%)]
         [New:                352( 99.7%)   7045.5K]
      [Deduplicated:            2(  0.6%)     40.0K(  0.6%)]
         [Young:                0(  0.0%)      0.0B(  0.0%)]
         [Old:                  2(100.0%)     40.0K(100.0%)]
   [Total Exec: 15/0.1125903 secs, Idle: 15/8.3707297 secs, Blocked: 1/0.0038934 secs]
      [Inspected:            9199]
         [Skipped:             12(  0.1%)]
         [Hashed:            8209( 89.2%)]
         [Known:              824(  9.0%)]
         [New:               8363( 90.9%)    153.6M]
      [Deduplicated:          233(  2.8%)    929.0K(  0.6%)]
         [Young:                0(  0.0%)      0.0B(  0.0%)]
         [Old:                233(100.0%)    929.0K(100.0%)]
   [Table]
      [Memory Usage: 273.4K]
      [Size: 8192, Min: 1024, Max: 16777216]
      [Entries: 8936, Load: 109.1%, Cached: 0, Added: 8954, Removed: 18]
      [Resize Count: 3, Shrink Threshold: 5461(66.7%), Grow Threshold: 16384(200.0%)]
      [Rehash Count: 1, Rehash Threshold: 120, Hash Seed: 0xc4e8cebb]
      [Age Threshold: 3]
   [Queue]
      [Dropped: 0]
2016-06-27T18:00:42.456+0300: 8.713: [GC concurrent-mark-end, 0.0082242 secs]
2016-06-27T18:00:42.487+0300: 8.744: [GC remark 2016-06-27T18:00:42.487+0300: 8.744: [Finalize Marking, 0.0001741 secs] 2016-06-27T18:00:42.487+0300: 8.744: [GC ref-proc, 0.0000603 secs] 2016-06-27T18:00:42.487+0300: 8.744: [Unloading, 0.0010965 secs], 0.0022456 secs]
 [Times: user=0.00 sys=0.00, real=0.00 secs] 
2016-06-27T18:00:42.489+0300: 8.746: Total time for which application threads were stopped: 0.0075058 seconds, Stopping threads took: 0.0047735 seconds
2016-06-27T18:00:42.491+0300: 8.748: [GC cleanup 191M->191M(256M), 0.0003237 secs]
 [Times: user=0.00 sys=0.00, real=0.00 secs] 
2016-06-27T18:00:42.491+0300: 8.748: Total time for which application threads were stopped: 0.0008951 seconds, Stopping threads took: 0.0000774 seconds
2016-06-27T18:00:42.766+0300: 9.023: [GC pause (G1 Evacuation Pause) (young)
Desired survivor size 3145728 bytes, new threshold 1 (max 15)
- age   1:    7119032 bytes,    7119032 total
, 0.0033892 secs]
   [Parallel Time: 2.8 ms, GC Workers: 4]
      [GC Worker Start (ms): Min: 9023.6, Avg: 9023.6, Max: 9023.6, Diff: 0.0]
      [Ext Root Scanning (ms): Min: 0.4, Avg: 0.5, Max: 0.6, Diff: 0.2, Sum: 1.8]
      [Update RS (ms): Min: 0.2, Avg: 0.2, Max: 0.3, Diff: 0.1, Sum: 1.0]
         [Processed Buffers: Min: 1, Avg: 8.5, Max: 22, Diff: 21, Sum: 34]
      [Scan RS (ms): Min: 0.0, Avg: 0.0, Max: 0.0, Diff: 0.0, Sum: 0.0]
      [Code Root Scanning (ms): Min: 0.0, Avg: 0.0, Max: 0.0, Diff: 0.0, Sum: 0.0]
      [Object Copy (ms): Min: 2.0, Avg: 2.1, Max: 2.1, Diff: 0.1, Sum: 8.3]
      [Termination (ms): Min: 0.0, Avg: 0.0, Max: 0.0, Diff: 0.0, Sum: 0.0]
         [Termination Attempts: Min: 1, Avg: 1.0, Max: 1, Diff: 0, Sum: 4]
      [GC Worker Other (ms): Min: 0.0, Avg: 0.0, Max: 0.0, Diff: 0.0, Sum: 0.1]
      [GC Worker Total (ms): Min: 2.8, Avg: 2.8, Max: 2.8, Diff: 0.0, Sum: 11.1]
      [GC Worker End (ms): Min: 9026.4, Avg: 9026.4, Max: 9026.4, Diff: 0.0]
   [Code Root Fixup: 0.0 ms]
   [Code Root Purge: 0.0 ms]
   [String Dedup Fixup: 0.1 ms, GC Workers: 4]
      [Queue Fixup (ms): Min: 0.0, Avg: 0.0, Max: 0.0, Diff: 0.0, Sum: 0.0]
      [Table Fixup (ms): Min: 0.1, Avg: 0.1, Max: 0.1, Diff: 0.0, Sum: 0.4]
   [Clear CT: 0.0 ms]
   [Other: 0.4 ms]
      [Choose CSet: 0.0 ms]
      [Ref Proc: 0.0 ms]
      [Ref Enq: 0.0 ms]
      [Redirty Cards: 0.0 ms]
      [Humongous Register: 0.0 ms]
      [Humongous Reclaim: 0.0 ms]
      [Free CSet: 0.0 ms]
   [Eden: 37.0M(37.0M)->0.0B(6144.0K) Survivors: 7168.0K->6144.0K Heap: 223.0M(256.0M)->193.5M(256.0M)]
 [Times: user=0.00 sys=0.00, real=0.00 secs] 
2016-06-27T18:00:42.770+0300: 9.027: Total time for which application threads were stopped: 0.0062142 seconds, Stopping threads took: 0.0021118 seconds
2016-06-27T18:00:42.775+0300: 9.032: [GC concurrent-string-deduplication, 7231.7K->7125.6K(106.2K), avg 0.6%, 0.0051922 secs]
   [Last Exec: 0.0051922 secs, Idle: 0.3199684 secs, Blocked: 0/0.0000000 secs]
      [Inspected:             371]
         [Skipped:              4(  1.1%)]
         [Hashed:             367( 98.9%)]
         [Known:                0(  0.0%)]
         [New:                367( 98.9%)   7231.7K]
      [Deduplicated:           11(  3.0%)    106.2K(  1.5%)]
         [Young:                0(  0.0%)      0.0B(  0.0%)]
         [Old:                 11(100.0%)    106.2K(100.0%)]
   [Total Exec: 16/0.1177824 secs, Idle: 16/8.6906981 secs, Blocked: 1/0.0038934 secs]
      [Inspected:            9570]
         [Skipped:             16(  0.2%)]
         [Hashed:            8576( 89.6%)]
         [Known:              824(  8.6%)]
         [New:               8730( 91.2%)    160.7M]
      [Deduplicated:          244(  2.8%)   1035.2K(  0.6%)]
         [Young:                0(  0.0%)      0.0B(  0.0%)]
         [Old:                244(100.0%)   1035.2K(100.0%)]
   [Table]
      [Memory Usage: 281.8K]
      [Size: 8192, Min: 1024, Max: 16777216]
      [Entries: 9292, Load: 113.4%, Cached: 0, Added: 9310, Removed: 18]
      [Resize Count: 3, Shrink Threshold: 5461(66.7%), Grow Threshold: 16384(200.0%)]
      [Rehash Count: 1, Rehash Threshold: 120, Hash Seed: 0xc4e8cebb]
      [Age Threshold: 3]
   [Queue]
      [Dropped: 0]
2016-06-27T18:00:42.824+0300: 9.082: [GC pause (G1 Evacuation Pause) (mixed)
Desired survivor size 1048576 bytes, new threshold 1 (max 15)
- age   1:    5706904 bytes,    5706904 total
, 0.0027301 secs]
   [Parallel Time: 2.1 ms, GC Workers: 4]
      [GC Worker Start (ms): Min: 9082.1, Avg: 9082.2, Max: 9082.2, Diff: 0.1]
      [Ext Root Scanning (ms): Min: 0.4, Avg: 0.5, Max: 0.5, Diff: 0.1, Sum: 1.9]
      [Update RS (ms): Min: 0.2, Avg: 0.2, Max: 0.3, Diff: 0.0, Sum: 1.0]
         [Processed Buffers: Min: 1, Avg: 3.3, Max: 6, Diff: 5, Sum: 13]
      [Scan RS (ms): Min: 0.0, Avg: 0.0, Max: 0.1, Diff: 0.1, Sum: 0.1]
      [Code Root Scanning (ms): Min: 0.0, Avg: 0.0, Max: 0.0, Diff: 0.0, Sum: 0.0]
      [Object Copy (ms): Min: 1.2, Avg: 1.2, Max: 1.2, Diff: 0.0, Sum: 4.9]
      [Termination (ms): Min: 0.0, Avg: 0.0, Max: 0.0, Diff: 0.0, Sum: 0.0]
         [Termination Attempts: Min: 1, Avg: 1.0, Max: 1, Diff: 0, Sum: 4]
      [GC Worker Other (ms): Min: 0.0, Avg: 0.0, Max: 0.0, Diff: 0.0, Sum: 0.1]
      [GC Worker Total (ms): Min: 2.0, Avg: 2.0, Max: 2.0, Diff: 0.1, Sum: 8.0]
      [GC Worker End (ms): Min: 9084.1, Avg: 9084.1, Max: 9084.1, Diff: 0.0]
   [Code Root Fixup: 0.0 ms]
   [Code Root Purge: 0.0 ms]
   [String Dedup Fixup: 0.1 ms, GC Workers: 4]
      [Queue Fixup (ms): Min: 0.0, Avg: 0.0, Max: 0.0, Diff: 0.0, Sum: 0.0]
      [Table Fixup (ms): Min: 0.1, Avg: 0.1, Max: 0.1, Diff: 0.0, Sum: 0.4]
   [Clear CT: 0.1 ms]
   [Other: 0.5 ms]
      [Choose CSet: 0.0 ms]
      [Ref Proc: 0.2 ms]
      [Ref Enq: 0.0 ms]
      [Redirty Cards: 0.0 ms]
      [Humongous Register: 0.0 ms]
      [Humongous Reclaim: 0.0 ms]
      [Free CSet: 0.0 ms]
   [Eden: 6144.0K(6144.0K)->0.0B(32.0M) Survivors: 6144.0K->2048.0K Heap: 199.5M(256.0M)->190.5M(256.0M)]
 [Times: user=0.00 sys=0.00, real=0.00 secs] 
2016-06-27T18:00:42.827+0300: 9.085: Total time for which application threads were stopped: 0.0068574 seconds, Stopping threads took: 0.0035128 seconds
2016-06-27T18:00:42.831+0300: 9.089: [GC concurrent-string-deduplication, 4890.9K->4843.8K(47.1K), avg 0.6%, 0.0034974 secs]
   [Last Exec: 0.0034974 secs, Idle: 0.0526331 secs, Blocked: 0/0.0000000 secs]
      [Inspected:             255]
         [Skipped:              4(  1.6%)]
         [Hashed:             251( 98.4%)]
         [Known:                0(  0.0%)]
         [New:                251( 98.4%)   4890.9K]
      [Deduplicated:            9(  3.6%)     47.1K(  1.0%)]
         [Young:                0(  0.0%)      0.0B(  0.0%)]
         [Old:                  9(100.0%)     47.1K(100.0%)]
   [Total Exec: 17/0.1212798 secs, Idle: 17/8.7433313 secs, Blocked: 1/0.0038934 secs]
      [Inspected:            9825]
         [Skipped:             20(  0.2%)]
         [Hashed:            8827( 89.8%)]
         [Known:              824(  8.4%)]
         [New:               8981( 91.4%)    165.4M]
      [Deduplicated:          253(  2.8%)   1082.3K(  0.6%)]
         [Young:                0(  0.0%)      0.0B(  0.0%)]
         [Old:                253(100.0%)   1082.3K(100.0%)]
   [Table]
      [Memory Usage: 287.5K]
      [Size: 8192, Min: 1024, Max: 16777216]
      [Entries: 9534, Load: 116.4%, Cached: 0, Added: 9552, Removed: 18]
      [Resize Count: 3, Shrink Threshold: 5461(66.7%), Grow Threshold: 16384(200.0%)]
      [Rehash Count: 1, Rehash Threshold: 120, Hash Seed: 0xc4e8cebb]
      [Age Threshold: 3]
   [Queue]
      [Dropped: 0]
2016-06-27T18:00:43.100+0300: 9.357: [GC pause (G1 Evacuation Pause) (young)
Desired survivor size 2621440 bytes, new threshold 15 (max 15)
- age   1:    1209912 bytes,    1209912 total
, 0.0024629 secs]
   [Parallel Time: 1.8 ms, GC Workers: 4]
      [GC Worker Start (ms): Min: 9357.2, Avg: 9357.2, Max: 9357.2, Diff: 0.0]
      [Ext Root Scanning (ms): Min: 0.5, Avg: 0.5, Max: 0.6, Diff: 0.1, Sum: 2.1]
      [Update RS (ms): Min: 0.2, Avg: 0.2, Max: 0.3, Diff: 0.1, Sum: 1.0]
         [Processed Buffers: Min: 4, Avg: 7.3, Max: 10, Diff: 6, Sum: 29]
      [Scan RS (ms): Min: 0.0, Avg: 0.0, Max: 0.0, Diff: 0.0, Sum: 0.0]
      [Code Root Scanning (ms): Min: 0.0, Avg: 0.0, Max: 0.0, Diff: 0.0, Sum: 0.0]
      [Object Copy (ms): Min: 1.0, Avg: 1.0, Max: 1.0, Diff: 0.0, Sum: 4.1]
      [Termination (ms): Min: 0.0, Avg: 0.0, Max: 0.0, Diff: 0.0, Sum: 0.0]
         [Termination Attempts: Min: 1, Avg: 1.0, Max: 1, Diff: 0, Sum: 4]
      [GC Worker Other (ms): Min: 0.0, Avg: 0.0, Max: 0.0, Diff: 0.0, Sum: 0.1]
      [GC Worker Total (ms): Min: 1.8, Avg: 1.8, Max: 1.8, Diff: 0.0, Sum: 7.3]
      [GC Worker End (ms): Min: 9359.0, Avg: 9359.0, Max: 9359.0, Diff: 0.0]
   [Code Root Fixup: 0.0 ms]
   [Code Root Purge: 0.0 ms]
   [String Dedup Fixup: 0.1 ms, GC Workers: 4]
      [Queue Fixup (ms): Min: 0.0, Avg: 0.0, Max: 0.0, Diff: 0.0, Sum: 0.0]
      [Table Fixup (ms): Min: 0.1, Avg: 0.1, Max: 0.1, Diff: 0.0, Sum: 0.4]
   [Clear CT: 0.1 ms]
   [Other: 0.4 ms]
      [Choose CSet: 0.0 ms]
      [Ref Proc: 0.0 ms]
      [Ref Enq: 0.0 ms]
      [Redirty Cards: 0.0 ms]
      [Humongous Register: 0.0 ms]
      [Humongous Reclaim: 0.0 ms]
      [Free CSet: 0.0 ms]
   [Eden: 32.0M(32.0M)->0.0B(27.0M) Survivors: 2048.0K->5120.0K Heap: 222.5M(256.0M)->196.5M(256.0M)]
 [Times: user=0.00 sys=0.00, real=0.00 secs] 
2016-06-27T18:00:43.103+0300: 9.360: Total time for which application threads were stopped: 0.0079112 seconds, Stopping threads took: 0.0047521 seconds
2016-06-27T18:00:43.104+0300: 9.361: [GC concurrent-string-deduplication, 2081.6K->2061.6K(20.0K), avg 0.6%, 0.0014771 secs]
   [Last Exec: 0.0014771 secs, Idle: 0.2712376 secs, Blocked: 0/0.0000000 secs]
      [Inspected:             104]
         [Skipped:              0(  0.0%)]
         [Hashed:             104(100.0%)]
         [Known:                0(  0.0%)]
         [New:                104(100.0%)   2081.6K]
      [Deduplicated:            1(  1.0%)     20.0K(  1.0%)]
         [Young:                0(  0.0%)      0.0B(  0.0%)]
         [Old:                  1(100.0%)     20.0K(100.0%)]
   [Total Exec: 18/0.1227569 secs, Idle: 18/9.0145689 secs, Blocked: 1/0.0038934 secs]
      [Inspected:            9929]
         [Skipped:             20(  0.2%)]
         [Hashed:            8931( 89.9%)]
         [Known:              824(  8.3%)]
         [New:               9085( 91.5%)    167.5M]
      [Deduplicated:          254(  2.8%)   1102.3K(  0.6%)]
         [Young:                0(  0.0%)      0.0B(  0.0%)]
         [Old:                254(100.0%)   1102.3K(100.0%)]
   [Table]
      [Memory Usage: 289.9K]
      [Size: 8192, Min: 1024, Max: 16777216]
      [Entries: 9637, Load: 117.6%, Cached: 0, Added: 9655, Removed: 18]
      [Resize Count: 3, Shrink Threshold: 5461(66.7%), Grow Threshold: 16384(200.0%)]
      [Rehash Count: 1, Rehash Threshold: 120, Hash Seed: 0xc4e8cebb]
      [Age Threshold: 3]
   [Queue]
      [Dropped: 0]
2016-06-27T18:00:43.338+0300: 9.595: [GC pause (G1 Evacuation Pause) (young) (initial-mark)
Desired survivor size 2097152 bytes, new threshold 1 (max 15)
- age   1:    4536776 bytes,    4536776 total
- age   2:     204160 bytes,    4740936 total
, 0.0028353 secs]
   [Parallel Time: 2.1 ms, GC Workers: 4]
      [GC Worker Start (ms): Min: 9595.3, Avg: 9595.3, Max: 9595.3, Diff: 0.0]
      [Ext Root Scanning (ms): Min: 0.4, Avg: 0.5, Max: 0.6, Diff: 0.2, Sum: 1.9]
      [Update RS (ms): Min: 0.1, Avg: 0.2, Max: 0.3, Diff: 0.2, Sum: 0.7]
         [Processed Buffers: Min: 2, Avg: 9.3, Max: 15, Diff: 13, Sum: 37]
      [Scan RS (ms): Min: 0.0, Avg: 0.0, Max: 0.0, Diff: 0.0, Sum: 0.0]
      [Code Root Scanning (ms): Min: 0.0, Avg: 0.0, Max: 0.0, Diff: 0.0, Sum: 0.0]
      [Object Copy (ms): Min: 1.4, Avg: 1.4, Max: 1.4, Diff: 0.1, Sum: 5.6]
      [Termination (ms): Min: 0.0, Avg: 0.0, Max: 0.0, Diff: 0.0, Sum: 0.0]
         [Termination Attempts: Min: 1, Avg: 1.0, Max: 1, Diff: 0, Sum: 4]
      [GC Worker Other (ms): Min: 0.0, Avg: 0.0, Max: 0.0, Diff: 0.0, Sum: 0.0]
      [GC Worker Total (ms): Min: 2.1, Avg: 2.1, Max: 2.1, Diff: 0.0, Sum: 8.3]
      [GC Worker End (ms): Min: 9597.4, Avg: 9597.4, Max: 9597.4, Diff: 0.0]
   [Code Root Fixup: 0.0 ms]
   [Code Root Purge: 0.0 ms]
   [String Dedup Fixup: 0.1 ms, GC Workers: 4]
      [Queue Fixup (ms): Min: 0.0, Avg: 0.0, Max: 0.0, Diff: 0.0, Sum: 0.0]
      [Table Fixup (ms): Min: 0.1, Avg: 0.1, Max: 0.1, Diff: 0.0, Sum: 0.4]
   [Clear CT: 0.1 ms]
   [Other: 0.5 ms]
      [Choose CSet: 0.0 ms]
      [Ref Proc: 0.1 ms]
      [Ref Enq: 0.0 ms]
      [Redirty Cards: 0.0 ms]
      [Humongous Register: 0.0 ms]
      [Humongous Reclaim: 0.0 ms]
      [Free CSet: 0.0 ms]
   [Eden: 27.0M(27.0M)->0.0B(23.0M) Survivors: 5120.0K->4096.0K Heap: 223.5M(256.0M)->202.0M(256.0M)]
 [Times: user=0.00 sys=0.00, real=0.00 secs] 
2016-06-27T18:00:43.341+0300: 9.598: 2016-06-27T18:00:43.341+0300: Total time for which application threads were stopped: 0.0059418 seconds, Stopping threads took: 0.0024376 seconds
9.598: [GC concurrent-root-region-scan-start]
2016-06-27T18:00:43.341+0300: 9.598: [GC concurrent-root-region-scan-end, 0.0002318 secs]
2016-06-27T18:00:43.341+0300: 9.598: [GC concurrent-mark-start]
2016-06-27T18:00:43.345+0300: 9.602: [GC concurrent-string-deduplication, 4967.9K->4943.9K(24.1K), avg 0.6%, 0.0036671 secs]
   [Last Exec: 0.0036671 secs, Idle: 0.2368795 secs, Blocked: 0/0.0000000 secs]
      [Inspected:             262]
         [Skipped:             10(  3.8%)]
         [Hashed:             252( 96.2%)]
         [Known:                0(  0.0%)]
         [New:                252( 96.2%)   4967.9K]
      [Deduplicated:            5(  2.0%)     24.1K(  0.5%)]
         [Young:                0(  0.0%)      0.0B(  0.0%)]
         [Old:                  5(100.0%)     24.1K(100.0%)]
   [Total Exec: 19/0.1264240 secs, Idle: 19/9.2514484 secs, Blocked: 1/0.0038934 secs]
      [Inspected:           10191]
         [Skipped:             30(  0.3%)]
         [Hashed:            9183( 90.1%)]
         [Known:              824(  8.1%)]
         [New:               9337( 91.6%)    172.3M]
      [Deduplicated:          259(  2.8%)   1126.4K(  0.6%)]
         [Young:                0(  0.0%)      0.0B(  0.0%)]
         [Old:                259(100.0%)   1126.4K(100.0%)]
   [Table]
      [Memory Usage: 295.7K]
      [Size: 8192, Min: 1024, Max: 16777216]
      [Entries: 9884, Load: 120.7%, Cached: 0, Added: 9902, Removed: 18]
      [Resize Count: 3, Shrink Threshold: 5461(66.7%), Grow Threshold: 16384(200.0%)]
      [Rehash Count: 1, Rehash Threshold: 120, Hash Seed: 0xc4e8cebb]
      [Age Threshold: 3]
   [Queue]
      [Dropped: 0]
2016-06-27T18:00:43.351+0300: 9.608: [GC concurrent-mark-end, 0.0095162 secs]
2016-06-27T18:00:43.388+0300: 9.645: [GC remark 2016-06-27T18:00:43.388+0300: 9.645: [Finalize Marking, 0.0001736 secs] 2016-06-27T18:00:43.388+0300: 9.645: [GC ref-proc, 0.0000607 secs] 2016-06-27T18:00:43.388+0300: 9.645: [Unloading, 0.0010606 secs], 0.0022918 secs]
 [Times: user=0.00 sys=0.00, real=0.00 secs] 
2016-06-27T18:00:43.390+0300: 9.647: Total time for which application threads were stopped: 0.0109698 seconds, Stopping threads took: 0.0081934 seconds
2016-06-27T18:00:43.399+0300: 9.656: [GC cleanup 208M->208M(256M), 0.0003002 secs]
 [Times: user=0.00 sys=0.00, real=0.00 secs] 
2016-06-27T18:00:43.399+0300: 9.657: Total time for which application threads were stopped: 0.0008583 seconds, Stopping threads took: 0.0000808 seconds
2016-06-27T18:00:43.556+0300: 9.813: [GC pause (G1 Evacuation Pause) (young)
Desired survivor size 2097152 bytes, new threshold 1 (max 15)
- age   1:    3815232 bytes,    3815232 total
, 0.0024368 secs]
   [Parallel Time: 1.9 ms, GC Workers: 4]
      [GC Worker Start (ms): Min: 9813.3, Avg: 9813.3, Max: 9813.3, Diff: 0.0]
      [Ext Root Scanning (ms): Min: 0.4, Avg: 0.5, Max: 0.5, Diff: 0.1, Sum: 1.9]
      [Update RS (ms): Min: 0.2, Avg: 0.2, Max: 0.3, Diff: 0.1, Sum: 0.9]
         [Processed Buffers: Min: 1, Avg: 8.5, Max: 16, Diff: 15, Sum: 34]
      [Scan RS (ms): Min: 0.0, Avg: 0.0, Max: 0.0, Diff: 0.0, Sum: 0.0]
      [Code Root Scanning (ms): Min: 0.0, Avg: 0.0, Max: 0.0, Diff: 0.0, Sum: 0.0]
      [Object Copy (ms): Min: 1.1, Avg: 1.2, Max: 1.2, Diff: 0.0, Sum: 4.6]
      [Termination (ms): Min: 0.0, Avg: 0.0, Max: 0.0, Diff: 0.0, Sum: 0.0]
         [Termination Attempts: Min: 1, Avg: 1.0, Max: 1, Diff: 0, Sum: 4]
      [GC Worker Other (ms): Min: 0.0, Avg: 0.0, Max: 0.0, Diff: 0.0, Sum: 0.1]
      [GC Worker Total (ms): Min: 1.9, Avg: 1.9, Max: 1.9, Diff: 0.0, Sum: 7.5]
      [GC Worker End (ms): Min: 9815.1, Avg: 9815.1, Max: 9815.1, Diff: 0.0]
   [Code Root Fixup: 0.0 ms]
   [Code Root Purge: 0.0 ms]
   [String Dedup Fixup: 0.1 ms, GC Workers: 4]
      [Queue Fixup (ms): Min: 0.0, Avg: 0.0, Max: 0.0, Diff: 0.0, Sum: 0.0]
      [Table Fixup (ms): Min: 0.1, Avg: 0.1, Max: 0.1, Diff: 0.0, Sum: 0.4]
   [Clear CT: 0.0 ms]
   [Other: 0.4 ms]
      [Choose CSet: 0.0 ms]
      [Ref Proc: 0.0 ms]
      [Ref Enq: 0.0 ms]
      [Redirty Cards: 0.0 ms]
      [Humongous Register: 0.0 ms]
      [Humongous Reclaim: 0.0 ms]
      [Free CSet: 0.0 ms]
   [Eden: 23.0M(23.0M)->0.0B(8192.0K) Survivors: 4096.0K->4096.0K Heap: 225.0M(256.0M)->207.0M(256.0M)]
 [Times: user=0.00 sys=0.00, real=0.00 secs] 
2016-06-27T18:00:43.558+0300: 9.816: Total time for which application threads were stopped: 0.0111797 seconds, Stopping threads took: 0.0080472 seconds
2016-06-27T18:00:43.561+0300: 9.819: [GC concurrent-string-deduplication, 3804.0K->3803.0K(1040.0B), avg 0.6%, 0.0026882 secs]
   [Last Exec: 0.0026882 secs, Idle: 0.2138746 secs, Blocked: 0/0.0000000 secs]
      [Inspected:             194]
         [Skipped:              3(  1.5%)]
         [Hashed:             191( 98.5%)]
         [Known:                0(  0.0%)]
         [New:                191( 98.5%)   3804.0K]
      [Deduplicated:            1(  0.5%)   1040.0B(  0.0%)]
         [Young:                0(  0.0%)      0.0B(  0.0%)]
         [Old:                  1(100.0%)   1040.0B(100.0%)]
   [Total Exec: 20/0.1291123 secs, Idle: 20/9.4653230 secs, Blocked: 1/0.0038934 secs]
      [Inspected:           10385]
         [Skipped:             33(  0.3%)]
         [Hashed:            9374( 90.3%)]
         [Known:              824(  7.9%)]
         [New:               9528( 91.7%)    176.0M]
      [Deduplicated:          260(  2.7%)   1127.4K(  0.6%)]
         [Young:                0(  0.0%)      0.0B(  0.0%)]
         [Old:                260(100.0%)   1127.4K(100.0%)]
   [Table]
      [Memory Usage: 300.1K]
      [Size: 8192, Min: 1024, Max: 16777216]
      [Entries: 10074, Load: 123.0%, Cached: 0, Added: 10092, Removed: 18]
      [Resize Count: 3, Shrink Threshold: 5461(66.7%), Grow Threshold: 16384(200.0%)]
      [Rehash Count: 1, Rehash Threshold: 120, Hash Seed: 0xc4e8cebb]
      [Age Threshold: 3]
   [Queue]
      [Dropped: 0]
2016-06-27T18:00:43.625+0300: 9.882: [GC pause (G1 Evacuation Pause) (mixed)
Desired survivor size 1048576 bytes, new threshold 1 (max 15)
- age   1:    3723904 bytes,    3723904 total
, 0.0024205 secs]
   [Parallel Time: 1.9 ms, GC Workers: 4]
      [GC Worker Start (ms): Min: 9882.5, Avg: 9882.5, Max: 9882.5, Diff: 0.0]
      [Ext Root Scanning (ms): Min: 0.4, Avg: 0.5, Max: 0.5, Diff: 0.1, Sum: 1.8]
      [Update RS (ms): Min: 0.1, Avg: 0.2, Max: 0.2, Diff: 0.1, Sum: 0.6]
         [Processed Buffers: Min: 1, Avg: 3.5, Max: 7, Diff: 6, Sum: 14]
      [Scan RS (ms): Min: 0.0, Avg: 0.0, Max: 0.0, Diff: 0.0, Sum: 0.1]
      [Code Root Scanning (ms): Min: 0.0, Avg: 0.0, Max: 0.0, Diff: 0.0, Sum: 0.0]
      [Object Copy (ms): Min: 1.2, Avg: 1.2, Max: 1.2, Diff: 0.0, Sum: 4.8]
      [Termination (ms): Min: 0.0, Avg: 0.0, Max: 0.0, Diff: 0.0, Sum: 0.0]
         [Termination Attempts: Min: 1, Avg: 1.0, Max: 1, Diff: 0, Sum: 4]
      [GC Worker Other (ms): Min: 0.0, Avg: 0.0, Max: 0.0, Diff: 0.0, Sum: 0.1]
      [GC Worker Total (ms): Min: 1.8, Avg: 1.9, Max: 1.9, Diff: 0.0, Sum: 7.4]
      [GC Worker End (ms): Min: 9884.4, Avg: 9884.4, Max: 9884.4, Diff: 0.0]
   [Code Root Fixup: 0.0 ms]
   [Code Root Purge: 0.0 ms]
   [String Dedup Fixup: 0.1 ms, GC Workers: 4]
      [Queue Fixup (ms): Min: 0.0, Avg: 0.0, Max: 0.0, Diff: 0.0, Sum: 0.0]
      [Table Fixup (ms): Min: 0.1, Avg: 0.1, Max: 0.1, Diff: 0.0, Sum: 0.4]
   [Clear CT: 0.0 ms]
   [Other: 0.4 ms]
      [Choose CSet: 0.0 ms]
      [Ref Proc: 0.0 ms]
      [Ref Enq: 0.0 ms]
      [Redirty Cards: 0.0 ms]
      [Humongous Register: 0.0 ms]
      [Humongous Reclaim: 0.0 ms]
      [Free CSet: 0.0 ms]
   [Eden: 8192.0K(8192.0K)->0.0B(20.0M) Survivors: 4096.0K->2048.0K Heap: 215.0M(256.0M)->205.5M(256.0M)]
 [Times: user=0.00 sys=0.00, real=0.00 secs] 
2016-06-27T18:00:43.628+0300: 9.885: Total time for which application threads were stopped: 0.0068266 seconds, Stopping threads took: 0.0037415 seconds
2016-06-27T18:00:43.630+0300: 9.888: [GC concurrent-string-deduplication, 3446.8K->3382.6K(64.1K), avg 0.6%, 0.0024244 secs]
   [Last Exec: 0.0024244 secs, Idle: 0.0664297 secs, Blocked: 0/0.0000000 secs]
      [Inspected:             180]
         [Skipped:              4(  2.2%)]
         [Hashed:             176( 97.8%)]
         [Known:                0(  0.0%)]
         [New:                176( 97.8%)   3446.8K]
      [Deduplicated:            7(  4.0%)     64.1K(  1.9%)]
         [Young:                0(  0.0%)      0.0B(  0.0%)]
         [Old:                  7(100.0%)     64.1K(100.0%)]
   [Total Exec: 21/0.1315366 secs, Idle: 21/9.5317527 secs, Blocked: 1/0.0038934 secs]
      [Inspected:           10565]
         [Skipped:             37(  0.4%)]
         [Hashed:            9550( 90.4%)]
         [Known:              824(  7.8%)]
         [New:               9704( 91.9%)    179.4M]
      [Deduplicated:          267(  2.8%)   1191.5K(  0.6%)]
         [Young:                0(  0.0%)      0.0B(  0.0%)]
         [Old:                267(100.0%)   1191.5K(100.0%)]
   [Table]
      [Memory Usage: 304.1K]
      [Size: 8192, Min: 1024, Max: 16777216]
      [Entries: 10243, Load: 125.0%, Cached: 0, Added: 10261, Removed: 18]
      [Resize Count: 3, Shrink Threshold: 5461(66.7%), Grow Threshold: 16384(200.0%)]
      [Rehash Count: 1, Rehash Threshold: 120, Hash Seed: 0xc4e8cebb]
      [Age Threshold: 3]
   [Queue]
      [Dropped: 0]
2016-06-27T18:00:43.798+0300: 10.055: [GC pause (G1 Evacuation Pause) (young)
Desired survivor size 1572864 bytes, new threshold 15 (max 15)
- age   1:    1216488 bytes,    1216488 total
, 0.0020831 secs]
   [Parallel Time: 1.5 ms, GC Workers: 4]
      [GC Worker Start (ms): Min: 10054.9, Avg: 10054.9, Max: 10054.9, Diff: 0.0]
      [Ext Root Scanning (ms): Min: 0.5, Avg: 0.5, Max: 0.6, Diff: 0.0, Sum: 2.1]
      [Update RS (ms): Min: 0.2, Avg: 0.2, Max: 0.2, Diff: 0.0, Sum: 0.9]
         [Processed Buffers: Min: 1, Avg: 5.3, Max: 11, Diff: 10, Sum: 21]
      [Scan RS (ms): Min: 0.0, Avg: 0.0, Max: 0.0, Diff: 0.0, Sum: 0.0]
      [Code Root Scanning (ms): Min: 0.0, Avg: 0.0, Max: 0.0, Diff: 0.0, Sum: 0.0]
      [Object Copy (ms): Min: 0.7, Avg: 0.7, Max: 0.7, Diff: 0.0, Sum: 2.7]
      [Termination (ms): Min: 0.0, Avg: 0.0, Max: 0.0, Diff: 0.0, Sum: 0.0]
         [Termination Attempts: Min: 1, Avg: 1.0, Max: 1, Diff: 0, Sum: 4]
      [GC Worker Other (ms): Min: 0.0, Avg: 0.0, Max: 0.0, Diff: 0.0, Sum: 0.0]
      [GC Worker Total (ms): Min: 1.5, Avg: 1.5, Max: 1.5, Diff: 0.0, Sum: 5.8]
      [GC Worker End (ms): Min: 10056.3, Avg: 10056.3, Max: 10056.3, Diff: 0.0]
   [Code Root Fixup: 0.0 ms]
   [Code Root Purge: 0.0 ms]
   [String Dedup Fixup: 0.1 ms, GC Workers: 4]
      [Queue Fixup (ms): Min: 0.0, Avg: 0.0, Max: 0.0, Diff: 0.0, Sum: 0.0]
      [Table Fixup (ms): Min: 0.1, Avg: 0.1, Max: 0.1, Diff: 0.0, Sum: 0.4]
   [Clear CT: 0.0 ms]
   [Other: 0.4 ms]
      [Choose CSet: 0.0 ms]
      [Ref Proc: 0.1 ms]
      [Ref Enq: 0.0 ms]
      [Redirty Cards: 0.0 ms]
      [Humongous Register: 0.0 ms]
      [Humongous Reclaim: 0.0 ms]
      [Free CSet: 0.0 ms]
   [Eden: 20.0M(20.0M)->0.0B(16.0M) Survivors: 2048.0K->3072.0K Heap: 225.5M(256.0M)->209.5M(256.0M)]
 [Times: user=0.00 sys=0.00, real=0.00 secs] 
2016-06-27T18:00:43.800+0300: 10.057: Total time for which application threads were stopped: 0.0075079 seconds, Stopping threads took: 0.0047748 seconds
2016-06-27T18:00:43.801+0300: 10.058: [GC concurrent-string-deduplication, 1701.3K->1701.3K(0.0B), avg 0.6%, 0.0011846 secs]
   [Last Exec: 0.0011846 secs, Idle: 0.1694961 secs, Blocked: 0/0.0000000 secs]
      [Inspected:              85]
         [Skipped:              0(  0.0%)]
         [Hashed:              85(100.0%)]
         [Known:                0(  0.0%)]
         [New:                 85(100.0%)   1701.3K]
      [Deduplicated:            0(  0.0%)      0.0B(  0.0%)]
         [Young:                0(  0.0%)      0.0B(  0.0%)]
         [Old:                  0(  0.0%)      0.0B(  0.0%)]
   [Total Exec: 22/0.1327212 secs, Idle: 22/9.7012488 secs, Blocked: 1/0.0038934 secs]
      [Inspected:           10650]
         [Skipped:             37(  0.3%)]
         [Hashed:            9635( 90.5%)]
         [Known:              824(  7.7%)]
         [New:               9789( 91.9%)    181.1M]
      [Deduplicated:          267(  2.7%)   1191.5K(  0.6%)]
         [Young:                0(  0.0%)      0.0B(  0.0%)]
         [Old:                267(100.0%)   1191.5K(100.0%)]
   [Table]
      [Memory Usage: 306.1K]
      [Size: 8192, Min: 1024, Max: 16777216]
      [Entries: 10328, Load: 126.1%, Cached: 0, Added: 10346, Removed: 18]
      [Resize Count: 3, Shrink Threshold: 5461(66.7%), Grow Threshold: 16384(200.0%)]
      [Rehash Count: 1, Rehash Threshold: 120, Hash Seed: 0xc4e8cebb]
      [Age Threshold: 3]
   [Queue]
      [Dropped: 0]
2016-06-27T18:00:43.945+0300: 10.203: [GC pause (G1 Evacuation Pause) (young) (initial-mark)
Desired survivor size 1572864 bytes, new threshold 1 (max 15)
- age   1:    2493712 bytes,    2493712 total
- age   2:     503176 bytes,    2996888 total
, 0.0022281 secs]
   [Parallel Time: 1.5 ms, GC Workers: 4]
      [GC Worker Start (ms): Min: 10202.8, Avg: 10202.8, Max: 10202.8, Diff: 0.0]
      [Ext Root Scanning (ms): Min: 0.4, Avg: 0.5, Max: 0.6, Diff: 0.1, Sum: 1.9]
      [Update RS (ms): Min: 0.0, Avg: 0.1, Max: 0.1, Diff: 0.1, Sum: 0.4]
         [Processed Buffers: Min: 3, Avg: 6.0, Max: 8, Diff: 5, Sum: 24]
      [Scan RS (ms): Min: 0.0, Avg: 0.0, Max: 0.0, Diff: 0.0, Sum: 0.0]
      [Code Root Scanning (ms): Min: 0.0, Avg: 0.0, Max: 0.0, Diff: 0.0, Sum: 0.0]
      [Object Copy (ms): Min: 0.9, Avg: 0.9, Max: 0.9, Diff: 0.0, Sum: 3.5]
      [Termination (ms): Min: 0.0, Avg: 0.0, Max: 0.0, Diff: 0.0, Sum: 0.0]
         [Termination Attempts: Min: 1, Avg: 1.0, Max: 1, Diff: 0, Sum: 4]
      [GC Worker Other (ms): Min: 0.0, Avg: 0.0, Max: 0.0, Diff: 0.0, Sum: 0.1]
      [GC Worker Total (ms): Min: 1.5, Avg: 1.5, Max: 1.5, Diff: 0.0, Sum: 5.9]
      [GC Worker End (ms): Min: 10204.3, Avg: 10204.3, Max: 10204.3, Diff: 0.0]
   [Code Root Fixup: 0.0 ms]
   [Code Root Purge: 0.0 ms]
   [String Dedup Fixup: 0.1 ms, GC Workers: 4]
      [Queue Fixup (ms): Min: 0.0, Avg: 0.0, Max: 0.0, Diff: 0.0, Sum: 0.0]
      [Table Fixup (ms): Min: 0.1, Avg: 0.1, Max: 0.1, Diff: 0.0, Sum: 0.4]
   [Clear CT: 0.1 ms]
   [Other: 0.5 ms]
      [Choose CSet: 0.0 ms]
      [Ref Proc: 0.1 ms]
      [Ref Enq: 0.0 ms]
      [Redirty Cards: 0.0 ms]
      [Humongous Register: 0.0 ms]
      [Humongous Reclaim: 0.0 ms]
      [Free CSet: 0.0 ms]
   [Eden: 16.0M(16.0M)->0.0B(13.0M) Survivors: 3072.0K->3072.0K Heap: 225.5M(256.0M)->213.5M(256.0M)]
 [Times: user=0.00 sys=0.00, real=0.00 secs] 
2016-06-27T18:00:43.948+0300: 10.205: [GC concurrent-root-region-scan-start]
2016-06-27T18:00:43.948+0300: 10.205: Total time for which application threads were stopped: 0.0115428 seconds, Stopping threads took: 0.0086480 seconds
2016-06-27T18:00:43.948+0300: 10.205: [GC concurrent-root-region-scan-end, 0.0001471 secs]
2016-06-27T18:00:43.948+0300: 10.205: [GC concurrent-mark-start]
2016-06-27T18:00:43.950+0300: 10.208: [GC concurrent-string-deduplication, 3267.6K->3262.5K(5200.0B), avg 0.6%, 0.0023773 secs]
   [Last Exec: 0.0023773 secs, Idle: 0.1468304 secs, Blocked: 0/0.0000000 secs]
      [Inspected:             170]
         [Skipped:              2(  1.2%)]
         [Hashed:             168( 98.8%)]
         [Known:                0(  0.0%)]
         [New:                168( 98.8%)   3267.6K]
      [Deduplicated:            5(  3.0%)   5200.0B(  0.2%)]
         [Young:                0(  0.0%)      0.0B(  0.0%)]
         [Old:                  5(100.0%)   5200.0B(100.0%)]
   [Total Exec: 23/0.1350986 secs, Idle: 23/9.8480792 secs, Blocked: 1/0.0038934 secs]
      [Inspected:           10820]
         [Skipped:             39(  0.4%)]
         [Hashed:            9803( 90.6%)]
         [Known:              824(  7.6%)]
         [New:               9957( 92.0%)    184.3M]
      [Deduplicated:          272(  2.7%)   1196.6K(  0.6%)]
         [Young:                0(  0.0%)      0.0B(  0.0%)]
         [Old:                272(100.0%)   1196.6K(100.0%)]
   [Table]
      [Memory Usage: 309.9K]
      [Size: 8192, Min: 1024, Max: 16777216]
      [Entries: 10491, Load: 128.1%, Cached: 0, Added: 10509, Removed: 18]
      [Resize Count: 3, Shrink Threshold: 5461(66.7%), Grow Threshold: 16384(200.0%)]
      [Rehash Count: 1, Rehash Threshold: 120, Hash Seed: 0xc4e8cebb]
      [Age Threshold: 3]
   [Queue]
      [Dropped: 0]
2016-06-27T18:00:43.958+0300: 10.215: [GC concurrent-mark-end, 0.0095119 secs]
2016-06-27T18:00:43.983+0300: 10.240: [GC remark 2016-06-27T18:00:43.983+0300: 10.241: [Finalize Marking, 0.0001822 secs] 2016-06-27T18:00:43.983+0300: 10.241: [GC ref-proc, 0.0000582 secs] 2016-06-27T18:00:43.983+0300: 10.241: [Unloading, 0.0011162 secs], 0.0024090 secs]
 [Times: user=0.00 sys=0.00, real=0.00 secs] 
2016-06-27T18:00:43.986+0300: 10.243: Total time for which application threads were stopped: 0.0060192 seconds, Stopping threads took: 0.0031454 seconds
2016-06-27T18:00:44.021+0300: 10.278: [GC cleanup 221M->221M(256M), 0.0003177 secs]
 [Times: user=0.00 sys=0.00, real=0.00 secs] 
2016-06-27T18:00:44.021+0300: 10.279: Total time for which application threads were stopped: 0.0038917 seconds, Stopping threads took: 0.0031069 seconds
2016-06-27T18:00:44.072+0300: 10.329: [GC pause (G1 Evacuation Pause) (young)
Desired survivor size 1048576 bytes, new threshold 1 (max 15)
- age   1:    2184976 bytes,    2184976 total
, 0.0017444 secs]
   [Parallel Time: 1.2 ms, GC Workers: 4]
      [GC Worker Start (ms): Min: 10329.1, Avg: 10329.2, Max: 10329.2, Diff: 0.0]
      [Ext Root Scanning (ms): Min: 0.4, Avg: 0.4, Max: 0.5, Diff: 0.1, Sum: 1.8]
      [Update RS (ms): Min: 0.1, Avg: 0.1, Max: 0.2, Diff: 0.1, Sum: 0.5]
         [Processed Buffers: Min: 1, Avg: 5.5, Max: 11, Diff: 10, Sum: 22]
      [Scan RS (ms): Min: 0.0, Avg: 0.0, Max: 0.0, Diff: 0.0, Sum: 0.0]
      [Code Root Scanning (ms): Min: 0.0, Avg: 0.0, Max: 0.0, Diff: 0.0, Sum: 0.0]
      [Object Copy (ms): Min: 0.6, Avg: 0.6, Max: 0.6, Diff: 0.0, Sum: 2.5]
      [Termination (ms): Min: 0.0, Avg: 0.0, Max: 0.0, Diff: 0.0, Sum: 0.0]
         [Termination Attempts: Min: 1, Avg: 1.0, Max: 1, Diff: 0, Sum: 4]
      [GC Worker Other (ms): Min: 0.0, Avg: 0.0, Max: 0.0, Diff: 0.0, Sum: 0.0]
      [GC Worker Total (ms): Min: 1.2, Avg: 1.2, Max: 1.2, Diff: 0.0, Sum: 4.9]
      [GC Worker End (ms): Min: 10330.4, Avg: 10330.4, Max: 10330.4, Diff: 0.0]
   [Code Root Fixup: 0.0 ms]
   [Code Root Purge: 0.0 ms]
   [String Dedup Fixup: 0.1 ms, GC Workers: 4]
      [Queue Fixup (ms): Min: 0.0, Avg: 0.0, Max: 0.0, Diff: 0.0, Sum: 0.0]
      [Table Fixup (ms): Min: 0.1, Avg: 0.1, Max: 0.1, Diff: 0.0, Sum: 0.4]
   [Clear CT: 0.0 ms]
   [Other: 0.4 ms]
      [Choose CSet: 0.0 ms]
      [Ref Proc: 0.0 ms]
      [Ref Enq: 0.0 ms]
      [Redirty Cards: 0.0 ms]
      [Humongous Register: 0.0 ms]
      [Humongous Reclaim: 0.0 ms]
      [Free CSet: 0.0 ms]
   [Eden: 13.0M(13.0M)->0.0B(10.0M) Survivors: 3072.0K->2048.0K Heap: 226.5M(256.0M)->217.0M(256.0M)]
 [Times: user=0.00 sys=0.00, real=0.00 secs] 
2016-06-27T18:00:44.074+0300: 10.331: Total time for which application threads were stopped: 0.0077837 seconds, Stopping threads took: 0.0053872 seconds
2016-06-27T18:00:44.076+0300: 10.333: [GC concurrent-string-deduplication, 2722.1K->2682.1K(40.0K), avg 0.6%, 0.0019009 secs]
   [Last Exec: 0.0019009 secs, Idle: 0.1234039 secs, Blocked: 0/0.0000000 secs]
      [Inspected:             139]
         [Skipped:              3(  2.2%)]
         [Hashed:             136( 97.8%)]
         [Known:                0(  0.0%)]
         [New:                136( 97.8%)   2722.1K]
      [Deduplicated:            2(  1.5%)     40.0K(  1.5%)]
         [Young:                0(  0.0%)      0.0B(  0.0%)]
         [Old:                  2(100.0%)     40.0K(100.0%)]
   [Total Exec: 24/0.1369995 secs, Idle: 24/9.9714832 secs, Blocked: 1/0.0038934 secs]
      [Inspected:           10959]
         [Skipped:             42(  0.4%)]
         [Hashed:            9939( 90.7%)]
         [Known:              824(  7.5%)]
         [New:              10093( 92.1%)    186.9M]
      [Deduplicated:          274(  2.7%)   1236.6K(  0.6%)]
         [Young:                0(  0.0%)      0.0B(  0.0%)]
         [Old:                274(100.0%)   1236.6K(100.0%)]
   [Table]
      [Memory Usage: 313.0K]
      [Size: 8192, Min: 1024, Max: 16777216]
      [Entries: 10625, Load: 129.7%, Cached: 0, Added: 10643, Removed: 18]
      [Resize Count: 3, Shrink Threshold: 5461(66.7%), Grow Threshold: 16384(200.0%)]
      [Rehash Count: 1, Rehash Threshold: 120, Hash Seed: 0xc4e8cebb]
      [Age Threshold: 3]
   [Queue]
      [Dropped: 0]
2016-06-27T18:00:44.158+0300: 10.416: [GC pause (G1 Evacuation Pause) (mixed)
Desired survivor size 1048576 bytes, new threshold 1 (max 15)
- age   1:    1483712 bytes,    1483712 total
, 0.0022268 secs]
   [Parallel Time: 1.7 ms, GC Workers: 4]
      [GC Worker Start (ms): Min: 10416.0, Avg: 10416.0, Max: 10416.0, Diff: 0.0]
      [Ext Root Scanning (ms): Min: 0.4, Avg: 0.4, Max: 0.4, Diff: 0.0, Sum: 1.7]
      [Update RS (ms): Min: 0.1, Avg: 0.1, Max: 0.1, Diff: 0.0, Sum: 0.5]
         [Processed Buffers: Min: 2, Avg: 4.3, Max: 6, Diff: 4, Sum: 17]
      [Scan RS (ms): Min: 0.0, Avg: 0.0, Max: 0.0, Diff: 0.0, Sum: 0.1]
      [Code Root Scanning (ms): Min: 0.0, Avg: 0.0, Max: 0.0, Diff: 0.0, Sum: 0.0]
      [Object Copy (ms): Min: 1.1, Avg: 1.1, Max: 1.1, Diff: 0.1, Sum: 4.4]
      [Termination (ms): Min: 0.0, Avg: 0.0, Max: 0.0, Diff: 0.0, Sum: 0.0]
         [Termination Attempts: Min: 1, Avg: 1.0, Max: 1, Diff: 0, Sum: 4]
      [GC Worker Other (ms): Min: 0.0, Avg: 0.0, Max: 0.0, Diff: 0.0, Sum: 0.1]
      [GC Worker Total (ms): Min: 1.7, Avg: 1.7, Max: 1.7, Diff: 0.0, Sum: 6.7]
      [GC Worker End (ms): Min: 10417.7, Avg: 10417.7, Max: 10417.7, Diff: 0.0]
   [Code Root Fixup: 0.0 ms]
   [Code Root Purge: 0.0 ms]
   [String Dedup Fixup: 0.1 ms, GC Workers: 4]
      [Queue Fixup (ms): Min: 0.0, Avg: 0.0, Max: 0.0, Diff: 0.0, Sum: 0.0]
      [Table Fixup (ms): Min: 0.1, Avg: 0.1, Max: 0.1, Diff: 0.0, Sum: 0.4]
   [Clear CT: 0.0 ms]
   [Other: 0.4 ms]
      [Choose CSet: 0.0 ms]
      [Ref Proc: 0.0 ms]
      [Ref Enq: 0.0 ms]
      [Redirty Cards: 0.0 ms]
      [Humongous Register: 0.0 ms]
      [Humongous Reclaim: 0.0 ms]
      [Free CSet: 0.0 ms]
   [Eden: 10.0M(10.0M)->0.0B(12.0M) Survivors: 2048.0K->2048.0K Heap: 227.0M(256.0M)->214.5M(256.0M)]
 [Times: user=0.02 sys=0.00, real=0.00 secs] 
2016-06-27T18:00:44.161+0300: 10.418: Total time for which application threads were stopped: 0.0114214 seconds, Stopping threads took: 0.0085907 seconds
2016-06-27T18:00:44.162+0300: 10.419: [GC concurrent-string-deduplication, 1401.1K->1401.1K(0.0B), avg 0.6%, 0.0010182 secs]
   [Last Exec: 0.0010182 secs, Idle: 0.0854278 secs, Blocked: 0/0.0000000 secs]
      [Inspected:              74]
         [Skipped:              4(  5.4%)]
         [Hashed:              70( 94.6%)]
         [Known:                0(  0.0%)]
         [New:                 70( 94.6%)   1401.1K]
      [Deduplicated:            0(  0.0%)      0.0B(  0.0%)]
         [Young:                0(  0.0%)      0.0B(  0.0%)]
         [Old:                  0(  0.0%)      0.0B(  0.0%)]
   [Total Exec: 25/0.1380177 secs, Idle: 25/10.0569110 secs, Blocked: 1/0.0038934 secs]
      [Inspected:           11033]
         [Skipped:             46(  0.4%)]
         [Hashed:           10009( 90.7%)]
         [Known:              824(  7.5%)]
         [New:              10163( 92.1%)    188.3M]
      [Deduplicated:          274(  2.7%)   1236.6K(  0.6%)]
         [Young:                0(  0.0%)      0.0B(  0.0%)]
         [Old:                274(100.0%)   1236.6K(100.0%)]
   [Table]
      [Memory Usage: 314.7K]
      [Size: 8192, Min: 1024, Max: 16777216]
      [Entries: 10695, Load: 130.6%, Cached: 0, Added: 10713, Removed: 18]
      [Resize Count: 3, Shrink Threshold: 5461(66.7%), Grow Threshold: 16384(200.0%)]
      [Rehash Count: 1, Rehash Threshold: 120, Hash Seed: 0xc4e8cebb]
      [Age Threshold: 3]
   [Queue]
      [Dropped: 0]
2016-06-27T18:00:44.265+0300: 10.522: [GC pause (G1 Evacuation Pause) (young)
Desired survivor size 1048576 bytes, new threshold 1 (max 15)
- age   1:    1545968 bytes,    1545968 total
, 0.0017380 secs]
   [Parallel Time: 1.2 ms, GC Workers: 4]
      [GC Worker Start (ms): Min: 10522.5, Avg: 10522.5, Max: 10522.5, Diff: 0.0]
      [Ext Root Scanning (ms): Min: 0.4, Avg: 0.4, Max: 0.4, Diff: 0.0, Sum: 1.7]
      [Update RS (ms): Min: 0.2, Avg: 0.2, Max: 0.2, Diff: 0.1, Sum: 0.8]
         [Processed Buffers: Min: 1, Avg: 3.8, Max: 9, Diff: 8, Sum: 15]
      [Scan RS (ms): Min: 0.0, Avg: 0.0, Max: 0.0, Diff: 0.0, Sum: 0.0]
      [Code Root Scanning (ms): Min: 0.0, Avg: 0.0, Max: 0.0, Diff: 0.0, Sum: 0.0]
      [Object Copy (ms): Min: 0.5, Avg: 0.5, Max: 0.5, Diff: 0.1, Sum: 2.1]
      [Termination (ms): Min: 0.0, Avg: 0.0, Max: 0.0, Diff: 0.0, Sum: 0.0]
         [Termination Attempts: Min: 1, Avg: 1.0, Max: 1, Diff: 0, Sum: 4]
      [GC Worker Other (ms): Min: 0.0, Avg: 0.0, Max: 0.0, Diff: 0.0, Sum: 0.0]
      [GC Worker Total (ms): Min: 1.2, Avg: 1.2, Max: 1.2, Diff: 0.0, Sum: 4.6]
      [GC Worker End (ms): Min: 10523.6, Avg: 10523.6, Max: 10523.6, Diff: 0.0]
   [Code Root Fixup: 0.0 ms]
   [Code Root Purge: 0.0 ms]
   [String Dedup Fixup: 0.1 ms, GC Workers: 4]
      [Queue Fixup (ms): Min: 0.0, Avg: 0.0, Max: 0.0, Diff: 0.0, Sum: 0.0]
      [Table Fixup (ms): Min: 0.1, Avg: 0.1, Max: 0.1, Diff: 0.0, Sum: 0.4]
   [Clear CT: 0.0 ms]
   [Other: 0.4 ms]
      [Choose CSet: 0.0 ms]
      [Ref Proc: 0.0 ms]
      [Ref Enq: 0.0 ms]
      [Redirty Cards: 0.0 ms]
      [Humongous Register: 0.0 ms]
      [Humongous Reclaim: 0.0 ms]
      [Free CSet: 0.0 ms]
   [Eden: 12.0M(12.0M)->0.0B(10.0M) Survivors: 2048.0K->2048.0K Heap: 226.5M(256.0M)->217.5M(256.0M)]
 [Times: user=0.00 sys=0.00, real=0.00 secs] 
2016-06-27T18:00:44.267+0300: 10.524: Total time for which application threads were stopped: 0.0099579 seconds, Stopping threads took: 0.0075832 seconds
2016-06-27T18:00:44.268+0300: 10.526: [GC concurrent-string-deduplication, 2022.6K->2001.6K(21.0K), avg 0.6%, 0.0014472 secs]
   [Last Exec: 0.0014472 secs, Idle: 0.1047967 secs, Blocked: 0/0.0000000 secs]
      [Inspected:             106]
         [Skipped:              4(  3.8%)]
         [Hashed:             102( 96.2%)]
         [Known:                0(  0.0%)]
         [New:                102( 96.2%)   2022.6K]
      [Deduplicated:            2(  2.0%)     21.0K(  1.0%)]
         [Young:                0(  0.0%)      0.0B(  0.0%)]
         [Old:                  2(100.0%)     21.0K(100.0%)]
   [Total Exec: 26/0.1394649 secs, Idle: 26/10.1617077 secs, Blocked: 1/0.0038934 secs]
      [Inspected:           11139]
         [Skipped:             50(  0.4%)]
         [Hashed:           10111( 90.8%)]
         [Known:              824(  7.4%)]
         [New:              10265( 92.2%)    190.3M]
      [Deduplicated:          276(  2.7%)   1257.7K(  0.6%)]
         [Young:                0(  0.0%)      0.0B(  0.0%)]
         [Old:                276(100.0%)   1257.7K(100.0%)]
   [Table]
      [Memory Usage: 317.0K]
      [Size: 8192, Min: 1024, Max: 16777216]
      [Entries: 10795, Load: 131.8%, Cached: 0, Added: 10813, Removed: 18]
      [Resize Count: 3, Shrink Threshold: 5461(66.7%), Grow Threshold: 16384(200.0%)]
      [Rehash Count: 1, Rehash Threshold: 120, Hash Seed: 0xc4e8cebb]
      [Age Threshold: 3]
   [Queue]
      [Dropped: 0]
2016-06-27T18:00:44.344+0300: 10.601: [GC pause (G1 Evacuation Pause) (young) (initial-mark)
Desired survivor size 1048576 bytes, new threshold 1 (max 15)
- age   1:    1505560 bytes,    1505560 total
, 0.0016730 secs]
   [Parallel Time: 1.1 ms, GC Workers: 4]
      [GC Worker Start (ms): Min: 10601.2, Avg: 10601.2, Max: 10601.2, Diff: 0.0]
      [Ext Root Scanning (ms): Min: 0.4, Avg: 0.5, Max: 0.5, Diff: 0.0, Sum: 1.8]
      [Update RS (ms): Min: 0.1, Avg: 0.1, Max: 0.1, Diff: 0.0, Sum: 0.5]
         [Processed Buffers: Min: 1, Avg: 4.5, Max: 6, Diff: 5, Sum: 18]
      [Scan RS (ms): Min: 0.0, Avg: 0.0, Max: 0.0, Diff: 0.0, Sum: 0.0]
      [Code Root Scanning (ms): Min: 0.0, Avg: 0.0, Max: 0.0, Diff: 0.0, Sum: 0.0]
      [Object Copy (ms): Min: 0.5, Avg: 0.5, Max: 0.5, Diff: 0.0, Sum: 2.0]
      [Termination (ms): Min: 0.0, Avg: 0.0, Max: 0.0, Diff: 0.0, Sum: 0.0]
         [Termination Attempts: Min: 1, Avg: 1.0, Max: 1, Diff: 0, Sum: 4]
      [GC Worker Other (ms): Min: 0.0, Avg: 0.0, Max: 0.0, Diff: 0.0, Sum: 0.1]
      [GC Worker Total (ms): Min: 1.1, Avg: 1.1, Max: 1.1, Diff: 0.0, Sum: 4.4]
      [GC Worker End (ms): Min: 10602.3, Avg: 10602.3, Max: 10602.3, Diff: 0.0]
   [Code Root Fixup: 0.0 ms]
   [Code Root Purge: 0.0 ms]
   [String Dedup Fixup: 0.1 ms, GC Workers: 4]
      [Queue Fixup (ms): Min: 0.0, Avg: 0.0, Max: 0.0, Diff: 0.0, Sum: 0.0]
      [Table Fixup (ms): Min: 0.1, Avg: 0.1, Max: 0.1, Diff: 0.0, Sum: 0.4]
   [Clear CT: 0.0 ms]
   [Other: 0.4 ms]
      [Choose CSet: 0.0 ms]
      [Ref Proc: 0.0 ms]
      [Ref Enq: 0.0 ms]
      [Redirty Cards: 0.0 ms]
      [Humongous Register: 0.0 ms]
      [Humongous Reclaim: 0.0 ms]
      [Free CSet: 0.0 ms]
   [Eden: 10.0M(10.0M)->0.0B(10.0M) Survivors: 2048.0K->2048.0K Heap: 227.5M(256.0M)->220.5M(256.0M)]
 [Times: user=0.00 sys=0.00, real=0.00 secs] 
2016-06-27T18:00:44.346+0300: 10.603: [GC concurrent-root-region-scan-start]
2016-06-27T18:00:44.346+0300: 10.603: Total time for which application threads were stopped: 0.0031146 seconds, Stopping threads took: 0.0008574 seconds
2016-06-27T18:00:44.346+0300: 10.603: [GC concurrent-root-region-scan-end, 0.0001253 secs]
2016-06-27T18:00:44.346+0300: 10.603: [GC concurrent-mark-start]
2016-06-27T18:00:44.347+0300: 10.604: [GC concurrent-string-deduplication, 1742.4K->1701.3K(41.0K), avg 0.7%, 0.0012727 secs]
   [Last Exec: 0.0012727 secs, Idle: 0.0771578 secs, Blocked: 0/0.0000000 secs]
      [Inspected:              92]
         [Skipped:              4(  4.3%)]
         [Hashed:              88( 95.7%)]
         [Known:                0(  0.0%)]
         [New:                 88( 95.7%)   1742.4K]
      [Deduplicated:            3(  3.4%)     41.0K(  2.4%)]
         [Young:                0(  0.0%)      0.0B(  0.0%)]
         [Old:                  3(100.0%)     41.0K(100.0%)]
   [Total Exec: 27/0.1407376 secs, Idle: 27/10.2388655 secs, Blocked: 1/0.0038934 secs]
      [Inspected:           11231]
         [Skipped:             54(  0.5%)]
         [Hashed:           10199( 90.8%)]
         [Known:              824(  7.3%)]
         [New:              10353( 92.2%)    192.0M]
      [Deduplicated:          279(  2.7%)   1298.7K(  0.7%)]
         [Young:                0(  0.0%)      0.0B(  0.0%)]
         [Old:                279(100.0%)   1298.7K(100.0%)]
   [Table]
      [Memory Usage: 319.0K]
      [Size: 8192, Min: 1024, Max: 16777216]
      [Entries: 10880, Load: 132.8%, Cached: 0, Added: 10898, Removed: 18]
      [Resize Count: 3, Shrink Threshold: 5461(66.7%), Grow Threshold: 16384(200.0%)]
      [Rehash Count: 1, Rehash Threshold: 120, Hash Seed: 0xc4e8cebb]
      [Age Threshold: 3]
   [Queue]
      [Dropped: 0]
2016-06-27T18:00:44.358+0300: 10.615: [GC concurrent-mark-end, 0.0113192 secs]
2016-06-27T18:00:44.390+0300: 10.647: [GC remark 2016-06-27T18:00:44.390+0300: 10.647: [Finalize Marking, 0.0001608 secs] 2016-06-27T18:00:44.390+0300: 10.647: [GC ref-proc, 0.0000565 secs] 2016-06-27T18:00:44.390+0300: 10.647: [Unloading, 0.0011093 secs], 0.0024201 secs]
 [Times: user=0.00 sys=0.00, real=0.00 secs] 
2016-06-27T18:00:44.392+0300: 10.649: Total time for which application threads were stopped: 0.0114599 seconds, Stopping threads took: 0.0086485 seconds
2016-06-27T18:00:44.393+0300: 10.651: [GC cleanup 226M->226M(256M), 0.0003177 secs]
 [Times: user=0.00 sys=0.00, real=0.00 secs] 
2016-06-27T18:00:44.394+0300: 10.651: Total time for which application threads were stopped: 0.0008113 seconds, Stopping threads took: 0.0000616 seconds
2016-06-27T18:00:44.426+0300: 10.683: [GC pause (G1 Evacuation Pause) (young)
Desired survivor size 1048576 bytes, new threshold 1 (max 15)
- age   1:    1325696 bytes,    1325696 total
, 0.0021584 secs]
   [Parallel Time: 1.0 ms, GC Workers: 4]
      [GC Worker Start (ms): Min: 10682.8, Avg: 10682.8, Max: 10682.9, Diff: 0.0]
      [Ext Root Scanning (ms): Min: 0.4, Avg: 0.4, Max: 0.4, Diff: 0.0, Sum: 1.7]
      [Update RS (ms): Min: 0.1, Avg: 0.1, Max: 0.1, Diff: 0.0, Sum: 0.4]
         [Processed Buffers: Min: 1, Avg: 4.5, Max: 7, Diff: 6, Sum: 18]
      [Scan RS (ms): Min: 0.0, Avg: 0.0, Max: 0.0, Diff: 0.0, Sum: 0.0]
      [Code Root Scanning (ms): Min: 0.0, Avg: 0.0, Max: 0.0, Diff: 0.0, Sum: 0.0]
      [Object Copy (ms): Min: 0.4, Avg: 0.4, Max: 0.5, Diff: 0.0, Sum: 1.8]
      [Termination (ms): Min: 0.0, Avg: 0.0, Max: 0.0, Diff: 0.0, Sum: 0.0]
         [Termination Attempts: Min: 1, Avg: 1.0, Max: 1, Diff: 0, Sum: 4]
      [GC Worker Other (ms): Min: 0.0, Avg: 0.0, Max: 0.0, Diff: 0.0, Sum: 0.0]
      [GC Worker Total (ms): Min: 1.0, Avg: 1.0, Max: 1.0, Diff: 0.0, Sum: 3.9]
      [GC Worker End (ms): Min: 10683.8, Avg: 10683.8, Max: 10683.8, Diff: 0.0]
   [Code Root Fixup: 0.0 ms]
   [Code Root Purge: 0.0 ms]
   [String Dedup Fixup: 0.1 ms, GC Workers: 4]
      [Queue Fixup (ms): Min: 0.0, Avg: 0.0, Max: 0.0, Diff: 0.0, Sum: 0.0]
      [Table Fixup (ms): Min: 0.1, Avg: 0.1, Max: 0.1, Diff: 0.0, Sum: 0.4]
   [Clear CT: 0.6 ms]
   [Other: 0.5 ms]
      [Choose CSet: 0.0 ms]
      [Ref Proc: 0.0 ms]
      [Ref Enq: 0.0 ms]
      [Redirty Cards: 0.1 ms]
      [Humongous Register: 0.0 ms]
      [Humongous Reclaim: 0.0 ms]
      [Free CSet: 0.0 ms]
   [Eden: 10.0M(10.0M)->0.0B(10.0M) Survivors: 2048.0K->2048.0K Heap: 230.5M(256.0M)->223.0M(256.0M)]
 [Times: user=0.06 sys=0.00, real=0.00 secs] 
2016-06-27T18:00:44.428+0300: 10.685: Total time for which application threads were stopped: 0.0028704 seconds, Stopping threads took: 0.0001043 seconds
2016-06-27T18:00:44.429+0300: 10.686: [GC concurrent-string-deduplication, 1140.9K->1140.9K(0.0B), avg 0.7%, 0.0007373 secs]
   [Last Exec: 0.0007373 secs, Idle: 0.0807685 secs, Blocked: 0/0.0000000 secs]
      [Inspected:              59]
         [Skipped:              2(  3.4%)]
         [Hashed:              57( 96.6%)]
         [Known:                0(  0.0%)]
         [New:                 57( 96.6%)   1140.9K]
      [Deduplicated:            0(  0.0%)      0.0B(  0.0%)]
         [Young:                0(  0.0%)      0.0B(  0.0%)]
         [Old:                  0(  0.0%)      0.0B(  0.0%)]
   [Total Exec: 28/0.1414749 secs, Idle: 28/10.3196340 secs, Blocked: 1/0.0038934 secs]
      [Inspected:           11290]
         [Skipped:             56(  0.5%)]
         [Hashed:           10256( 90.8%)]
         [Known:              824(  7.3%)]
         [New:              10410( 92.2%)    193.1M]
      [Deduplicated:          279(  2.7%)   1298.7K(  0.7%)]
         [Young:                0(  0.0%)      0.0B(  0.0%)]
         [Old:                279(100.0%)   1298.7K(100.0%)]
   [Table]
      [Memory Usage: 320.3K]
      [Size: 8192, Min: 1024, Max: 16777216]
      [Entries: 10937, Load: 133.5%, Cached: 0, Added: 10955, Removed: 18]
      [Resize Count: 3, Shrink Threshold: 5461(66.7%), Grow Threshold: 16384(200.0%)]
      [Rehash Count: 1, Rehash Threshold: 120, Hash Seed: 0xc4e8cebb]
      [Age Threshold: 3]
   [Queue]
      [Dropped: 0]
2016-06-27T18:00:44.506+0300: 10.763: [GC pause (G1 Evacuation Pause) (mixed)
Desired survivor size 1048576 bytes, new threshold 1 (max 15)
- age   1:    1745976 bytes,    1745976 total
, 0.0025591 secs]
   [Parallel Time: 1.9 ms, GC Workers: 4]
      [GC Worker Start (ms): Min: 10763.1, Avg: 10763.1, Max: 10763.1, Diff: 0.0]
      [Ext Root Scanning (ms): Min: 0.4, Avg: 0.5, Max: 0.5, Diff: 0.1, Sum: 1.9]
      [Update RS (ms): Min: 0.1, Avg: 0.1, Max: 0.1, Diff: 0.1, Sum: 0.3]
         [Processed Buffers: Min: 2, Avg: 4.3, Max: 7, Diff: 5, Sum: 17]
      [Scan RS (ms): Min: 0.0, Avg: 0.0, Max: 0.1, Diff: 0.0, Sum: 0.2]
      [Code Root Scanning (ms): Min: 0.0, Avg: 0.0, Max: 0.0, Diff: 0.0, Sum: 0.0]
      [Object Copy (ms): Min: 1.2, Avg: 1.2, Max: 1.2, Diff: 0.0, Sum: 4.9]
      [Termination (ms): Min: 0.0, Avg: 0.0, Max: 0.0, Diff: 0.0, Sum: 0.0]
         [Termination Attempts: Min: 1, Avg: 1.0, Max: 1, Diff: 0, Sum: 4]
      [GC Worker Other (ms): Min: 0.0, Avg: 0.0, Max: 0.0, Diff: 0.0, Sum: 0.1]
      [GC Worker Total (ms): Min: 1.8, Avg: 1.8, Max: 1.8, Diff: 0.0, Sum: 7.4]
      [GC Worker End (ms): Min: 10764.9, Avg: 10764.9, Max: 10764.9, Diff: 0.0]
   [Code Root Fixup: 0.0 ms]
   [Code Root Purge: 0.0 ms]
   [String Dedup Fixup: 0.2 ms, GC Workers: 4]
      [Queue Fixup (ms): Min: 0.0, Avg: 0.0, Max: 0.0, Diff: 0.0, Sum: 0.0]
      [Table Fixup (ms): Min: 0.1, Avg: 0.1, Max: 0.1, Diff: 0.0, Sum: 0.5]
   [Clear CT: 0.1 ms]
   [Other: 0.4 ms]
      [Choose CSet: 0.0 ms]
      [Ref Proc: 0.0 ms]
      [Ref Enq: 0.0 ms]
      [Redirty Cards: 0.0 ms]
      [Humongous Register: 0.0 ms]
      [Humongous Reclaim: 0.0 ms]
      [Free CSet: 0.0 ms]
   [Eden: 10.0M(10.0M)->0.0B(10.0M) Survivors: 2048.0K->2048.0K Heap: 233.0M(256.0M)->223.3M(256.0M)]
 [Times: user=0.00 sys=0.00, real=0.00 secs] 
2016-06-27T18:00:44.508+0300: 10.766: Total time for which application threads were stopped: 0.0058850 seconds, Stopping threads took: 0.0027216 seconds
2016-06-27T18:00:44.510+0300: 10.767: [GC concurrent-string-deduplication, 1963.6K->1941.5K(22.0K), avg 0.7%, 0.0013963 secs]
   [Last Exec: 0.0013963 secs, Idle: 0.0797627 secs, Blocked: 0/0.0000000 secs]
      [Inspected:             103]
         [Skipped:              3(  2.9%)]
         [Hashed:             100( 97.1%)]
         [Known:                0(  0.0%)]
         [New:                100( 97.1%)   1963.6K]
      [Deduplicated:            3(  3.0%)     22.0K(  1.1%)]
         [Young:                0(  0.0%)      0.0B(  0.0%)]
         [Old:                  3(100.0%)     22.0K(100.0%)]
   [Total Exec: 29/0.1428712 secs, Idle: 29/10.3993967 secs, Blocked: 1/0.0038934 secs]
      [Inspected:           11393]
         [Skipped:             59(  0.5%)]
         [Hashed:           10356( 90.9%)]
         [Known:              824(  7.2%)]
         [New:              10510( 92.2%)    195.0M]
      [Deduplicated:          282(  2.7%)   1320.8K(  0.7%)]
         [Young:                0(  0.0%)      0.0B(  0.0%)]
         [Old:                282(100.0%)   1320.8K(100.0%)]
   [Table]
      [Memory Usage: 322.6K]
      [Size: 8192, Min: 1024, Max: 16777216]
      [Entries: 11034, Load: 134.7%, Cached: 0, Added: 11052, Removed: 18]
      [Resize Count: 3, Shrink Threshold: 5461(66.7%), Grow Threshold: 16384(200.0%)]
      [Rehash Count: 1, Rehash Threshold: 120, Hash Seed: 0xc4e8cebb]
      [Age Threshold: 3]
   [Queue]
      [Dropped: 0]
2016-06-27T18:00:44.589+0300: 10.846: [GC pause (G1 Evacuation Pause) (young)
Desired survivor size 1048576 bytes, new threshold 1 (max 15)
- age   1:    1360840 bytes,    1360840 total
, 0.0016302 secs]
   [Parallel Time: 1.1 ms, GC Workers: 4]
      [GC Worker Start (ms): Min: 10846.5, Avg: 10846.5, Max: 10846.5, Diff: 0.0]
      [Ext Root Scanning (ms): Min: 0.4, Avg: 0.4, Max: 0.4, Diff: 0.0, Sum: 1.7]
      [Update RS (ms): Min: 0.2, Avg: 0.2, Max: 0.3, Diff: 0.0, Sum: 0.9]
         [Processed Buffers: Min: 1, Avg: 3.3, Max: 6, Diff: 5, Sum: 13]
      [Scan RS (ms): Min: 0.0, Avg: 0.0, Max: 0.0, Diff: 0.0, Sum: 0.0]
      [Code Root Scanning (ms): Min: 0.0, Avg: 0.0, Max: 0.0, Diff: 0.0, Sum: 0.0]
      [Object Copy (ms): Min: 0.4, Avg: 0.4, Max: 0.5, Diff: 0.0, Sum: 1.8]
      [Termination (ms): Min: 0.0, Avg: 0.0, Max: 0.0, Diff: 0.0, Sum: 0.0]
         [Termination Attempts: Min: 1, Avg: 1.0, Max: 1, Diff: 0, Sum: 4]
      [GC Worker Other (ms): Min: 0.0, Avg: 0.0, Max: 0.0, Diff: 0.0, Sum: 0.0]
      [GC Worker Total (ms): Min: 1.1, Avg: 1.1, Max: 1.1, Diff: 0.0, Sum: 4.5]
      [GC Worker End (ms): Min: 10847.6, Avg: 10847.6, Max: 10847.6, Diff: 0.0]
   [Code Root Fixup: 0.0 ms]
   [Code Root Purge: 0.0 ms]
   [String Dedup Fixup: 0.1 ms, GC Workers: 4]
      [Queue Fixup (ms): Min: 0.0, Avg: 0.0, Max: 0.0, Diff: 0.0, Sum: 0.0]
      [Table Fixup (ms): Min: 0.1, Avg: 0.1, Max: 0.1, Diff: 0.0, Sum: 0.4]
   [Clear CT: 0.0 ms]
   [Other: 0.3 ms]
      [Choose CSet: 0.0 ms]
      [Ref Proc: 0.0 ms]
      [Ref Enq: 0.0 ms]
      [Redirty Cards: 0.0 ms]
      [Humongous Register: 0.0 ms]
      [Humongous Reclaim: 0.0 ms]
      [Free CSet: 0.0 ms]
   [Eden: 10.0M(10.0M)->0.0B(10.0M) Survivors: 2048.0K->2048.0K Heap: 233.3M(256.0M)->226.0M(256.0M)]
 [Times: user=0.00 sys=0.00, real=0.00 secs] 
2016-06-27T18:00:44.591+0300: 10.848: Total time for which application threads were stopped: 0.0045618 seconds, Stopping threads took: 0.0023303 seconds
2016-06-27T18:00:44.592+0300: 10.850: [GC concurrent-string-deduplication, 1701.3K->1681.3K(20.0K), avg 0.7%, 0.0011932 secs]
   [Last Exec: 0.0011932 secs, Idle: 0.0811098 secs, Blocked: 0/0.0000000 secs]
      [Inspected:              86]
         [Skipped:              1(  1.2%)]
         [Hashed:              85( 98.8%)]
         [Known:                0(  0.0%)]
         [New:                 85( 98.8%)   1701.3K]
      [Deduplicated:            1(  1.2%)     20.0K(  1.2%)]
         [Young:                0(  0.0%)      0.0B(  0.0%)]
         [Old:                  1(100.0%)     20.0K(100.0%)]
   [Total Exec: 30/0.1440644 secs, Idle: 30/10.4805064 secs, Blocked: 1/0.0038934 secs]
      [Inspected:           11479]
         [Skipped:             60(  0.5%)]
         [Hashed:           10441( 91.0%)]
         [Known:              824(  7.2%)]
         [New:              10595( 92.3%)    196.6M]
      [Deduplicated:          283(  2.7%)   1340.8K(  0.7%)]
         [Young:                0(  0.0%)      0.0B(  0.0%)]
         [Old:                283(100.0%)   1340.8K(100.0%)]
   [Table]
      [Memory Usage: 324.6K]
      [Size: 8192, Min: 1024, Max: 16777216]
      [Entries: 11118, Load: 135.7%, Cached: 0, Added: 11136, Removed: 18]
      [Resize Count: 3, Shrink Threshold: 5461(66.7%), Grow Threshold: 16384(200.0%)]
      [Rehash Count: 1, Rehash Threshold: 120, Hash Seed: 0xc4e8cebb]
      [Age Threshold: 3]
   [Queue]
      [Dropped: 0]
2016-06-27T18:00:44.680+0300: 10.937: [GC pause (G1 Evacuation Pause) (young) (initial-mark)
Desired survivor size 1048576 bytes, new threshold 1 (max 15)
- age   1:    1334832 bytes,    1334832 total
, 0.0017282 secs]
   [Parallel Time: 1.2 ms, GC Workers: 4]
      [GC Worker Start (ms): Min: 10937.6, Avg: 10937.6, Max: 10937.6, Diff: 0.0]
      [Ext Root Scanning (ms): Min: 0.5, Avg: 0.5, Max: 0.6, Diff: 0.1, Sum: 2.1]
      [Update RS (ms): Min: 0.1, Avg: 0.2, Max: 0.5, Diff: 0.4, Sum: 0.8]
         [Processed Buffers: Min: 1, Avg: 4.0, Max: 10, Diff: 9, Sum: 16]
      [Scan RS (ms): Min: 0.0, Avg: 0.0, Max: 0.0, Diff: 0.0, Sum: 0.0]
      [Code Root Scanning (ms): Min: 0.0, Avg: 0.0, Max: 0.0, Diff: 0.0, Sum: 0.0]
      [Object Copy (ms): Min: 0.2, Avg: 0.4, Max: 0.5, Diff: 0.3, Sum: 1.7]
      [Termination (ms): Min: 0.0, Avg: 0.0, Max: 0.0, Diff: 0.0, Sum: 0.0]
         [Termination Attempts: Min: 1, Avg: 1.0, Max: 1, Diff: 0, Sum: 4]
      [GC Worker Other (ms): Min: 0.0, Avg: 0.0, Max: 0.0, Diff: 0.0, Sum: 0.1]
      [GC Worker Total (ms): Min: 1.1, Avg: 1.2, Max: 1.2, Diff: 0.0, Sum: 4.6]
      [GC Worker End (ms): Min: 10938.8, Avg: 10938.8, Max: 10938.8, Diff: 0.0]
   [Code Root Fixup: 0.0 ms]
   [Code Root Purge: 0.0 ms]
   [String Dedup Fixup: 0.1 ms, GC Workers: 4]
      [Queue Fixup (ms): Min: 0.0, Avg: 0.0, Max: 0.0, Diff: 0.0, Sum: 0.0]
      [Table Fixup (ms): Min: 0.1, Avg: 0.1, Max: 0.1, Diff: 0.0, Sum: 0.4]
   [Clear CT: 0.0 ms]
   [Other: 0.4 ms]
      [Choose CSet: 0.0 ms]
      [Ref Proc: 0.0 ms]
      [Ref Enq: 0.0 ms]
      [Redirty Cards: 0.0 ms]
      [Humongous Register: 0.0 ms]
      [Humongous Reclaim: 0.0 ms]
      [Free CSet: 0.0 ms]
   [Eden: 10.0M(10.0M)->0.0B(10.0M) Survivors: 2048.0K->2048.0K Heap: 236.0M(256.0M)->228.5M(256.0M)]
 [Times: user=0.00 sys=0.00, real=0.00 secs] 
2016-06-27T18:00:44.682+0300: 10.939: [GC concurrent-root-region-scan-start]
2016-06-27T18:00:44.682+0300: 10.939: Total time for which application threads were stopped: 0.0077200 seconds, Stopping threads took: 0.0053863 seconds
2016-06-27T18:00:44.682+0300: 10.940: [GC concurrent-root-region-scan-end, 0.0001903 secs]
2016-06-27T18:00:44.682+0300: 10.940: [GC concurrent-mark-start]
2016-06-27T18:00:44.683+0300: 10.940: [GC concurrent-string-deduplication, 1324.1K->1321.0K(3120.0B), avg 0.7%, 0.0009862 secs]
   [Last Exec: 0.0009862 secs, Idle: 0.0898985 secs, Blocked: 0/0.0000000 secs]
      [Inspected:              73]
         [Skipped:              4(  5.5%)]
         [Hashed:              69( 94.5%)]
         [Known:                0(  0.0%)]
         [New:                 69( 94.5%)   1324.1K]
      [Deduplicated:            3(  4.3%)   3120.0B(  0.2%)]
         [Young:                0(  0.0%)      0.0B(  0.0%)]
         [Old:                  3(100.0%)   3120.0B(100.0%)]
   [Total Exec: 31/0.1450505 secs, Idle: 31/10.5704050 secs, Blocked: 1/0.0038934 secs]
      [Inspected:           11552]
         [Skipped:             64(  0.6%)]
         [Hashed:           10510( 91.0%)]
         [Known:              824(  7.1%)]
         [New:              10664( 92.3%)    197.9M]
      [Deduplicated:          286(  2.7%)   1343.8K(  0.7%)]
         [Young:                0(  0.0%)      0.0B(  0.0%)]
         [Old:                286(100.0%)   1343.8K(100.0%)]
   [Table]
      [Memory Usage: 326.1K]
      [Size: 8192, Min: 1024, Max: 16777216]
      [Entries: 11184, Load: 136.5%, Cached: 0, Added: 11202, Removed: 18]
      [Resize Count: 3, Shrink Threshold: 5461(66.7%), Grow Threshold: 16384(200.0%)]
      [Rehash Count: 1, Rehash Threshold: 120, Hash Seed: 0xc4e8cebb]
      [Age Threshold: 3]
   [Queue]
      [Dropped: 0]
2016-06-27T18:00:44.696+0300: 10.953: [GC concurrent-mark-end, 0.0113487 secs]
2016-06-27T18:00:44.718+0300: 10.975: [GC remark 2016-06-27T18:00:44.718+0300: 10.975: [Finalize Marking, 0.0001826 secs] 2016-06-27T18:00:44.718+0300: 10.976: [GC ref-proc, 0.0000603 secs] 2016-06-27T18:00:44.718+0300: 10.976: [Unloading, 0.0010653 secs], 0.0024158 secs]
 [Times: user=0.00 sys=0.00, real=0.00 secs] 
2016-06-27T18:00:44.720+0300: 10.978: Total time for which application threads were stopped: 0.0038827 seconds, Stopping threads took: 0.0010627 seconds
2016-06-27T18:00:44.722+0300: 10.979: [GC cleanup 233M->233M(256M), 0.0002660 secs]
 [Times: user=0.00 sys=0.00, real=0.00 secs] 
2016-06-27T18:00:44.722+0300: 10.979: Total time for which application threads were stopped: 0.0007279 seconds, Stopping threads took: 0.0000714 seconds
2016-06-27T18:00:44.770+0300: 11.027: [GC pause (G1 Evacuation Pause) (young)
Desired survivor size 1048576 bytes, new threshold 1 (max 15)
- age   1:    1601296 bytes,    1601296 total
, 0.0015853 secs]
   [Parallel Time: 1.1 ms, GC Workers: 4]
      [GC Worker Start (ms): Min: 11027.5, Avg: 11027.5, Max: 11027.6, Diff: 0.0]
      [Ext Root Scanning (ms): Min: 0.4, Avg: 0.4, Max: 0.5, Diff: 0.1, Sum: 1.7]
      [Update RS (ms): Min: 0.1, Avg: 0.1, Max: 0.1, Diff: 0.1, Sum: 0.4]
         [Processed Buffers: Min: 1, Avg: 4.5, Max: 9, Diff: 8, Sum: 18]
      [Scan RS (ms): Min: 0.0, Avg: 0.0, Max: 0.0, Diff: 0.0, Sum: 0.0]
      [Code Root Scanning (ms): Min: 0.0, Avg: 0.0, Max: 0.0, Diff: 0.0, Sum: 0.0]
      [Object Copy (ms): Min: 0.4, Avg: 0.5, Max: 0.5, Diff: 0.1, Sum: 1.9]
      [Termination (ms): Min: 0.0, Avg: 0.0, Max: 0.0, Diff: 0.0, Sum: 0.0]
         [Termination Attempts: Min: 1, Avg: 1.0, Max: 1, Diff: 0, Sum: 4]
      [GC Worker Other (ms): Min: 0.0, Avg: 0.0, Max: 0.0, Diff: 0.0, Sum: 0.1]
      [GC Worker Total (ms): Min: 1.0, Avg: 1.0, Max: 1.0, Diff: 0.0, Sum: 4.1]
      [GC Worker End (ms): Min: 11028.6, Avg: 11028.6, Max: 11028.6, Diff: 0.0]
   [Code Root Fixup: 0.0 ms]
   [Code Root Purge: 0.0 ms]
   [String Dedup Fixup: 0.1 ms, GC Workers: 4]
      [Queue Fixup (ms): Min: 0.0, Avg: 0.0, Max: 0.0, Diff: 0.0, Sum: 0.0]
      [Table Fixup (ms): Min: 0.1, Avg: 0.1, Max: 0.1, Diff: 0.0, Sum: 0.4]
   [Clear CT: 0.0 ms]
   [Other: 0.4 ms]
      [Choose CSet: 0.0 ms]
      [Ref Proc: 0.0 ms]
      [Ref Enq: 0.0 ms]
      [Redirty Cards: 0.0 ms]
      [Humongous Register: 0.0 ms]
      [Humongous Reclaim: 0.0 ms]
      [Free CSet: 0.0 ms]
   [Eden: 10.0M(10.0M)->0.0B(10.0M) Survivors: 2048.0K->2048.0K Heap: 238.5M(256.0M)->231.6M(256.0M)]
 [Times: user=0.02 sys=0.00, real=0.00 secs] 
2016-06-27T18:00:44.772+0300: 11.029: Total time for which application threads were stopped: 0.0111909 seconds, Stopping threads took: 0.0089931 seconds
2016-06-27T18:00:44.773+0300: 11.031: [GC concurrent-string-deduplication, 2103.7K->2081.6K(22.0K), avg 0.7%, 0.0014857 secs]
   [Last Exec: 0.0014857 secs, Idle: 0.0887101 secs, Blocked: 0/0.0000000 secs]
      [Inspected:             109]
         [Skipped:              2(  1.8%)]
         [Hashed:             107( 98.2%)]
         [Known:                0(  0.0%)]
         [New:                107( 98.2%)   2103.7K]
      [Deduplicated:            3(  2.8%)     22.0K(  1.0%)]
         [Young:                0(  0.0%)      0.0B(  0.0%)]
         [Old:                  3(100.0%)     22.0K(100.0%)]
   [Total Exec: 32/0.1465362 secs, Idle: 32/10.6591150 secs, Blocked: 1/0.0038934 secs]
      [Inspected:           11661]
         [Skipped:             66(  0.6%)]
         [Hashed:           10617( 91.0%)]
         [Known:              824(  7.1%)]
         [New:              10771( 92.4%)    200.0M]
      [Deduplicated:          289(  2.7%)   1365.9K(  0.7%)]
         [Young:                0(  0.0%)      0.0B(  0.0%)]
         [Old:                289(100.0%)   1365.9K(100.0%)]
   [Table]
      [Memory Usage: 328.6K]
      [Size: 8192, Min: 1024, Max: 16777216]
      [Entries: 11288, Load: 137.8%, Cached: 0, Added: 11306, Removed: 18]
      [Resize Count: 3, Shrink Threshold: 5461(66.7%), Grow Threshold: 16384(200.0%)]
      [Rehash Count: 1, Rehash Threshold: 120, Hash Seed: 0xc4e8cebb]
      [Age Threshold: 3]
   [Queue]
      [Dropped: 0]
2016-06-27T18:00:44.852+0300: 11.109: [GC pause (G1 Evacuation Pause) (mixed)
Desired survivor size 1048576 bytes, new threshold 1 (max 15)
- age   1:    1163208 bytes,    1163208 total
, 0.0032348 secs]
   [Parallel Time: 2.6 ms, GC Workers: 4]
      [GC Worker Start (ms): Min: 11109.4, Avg: 11109.5, Max: 11109.5, Diff: 0.1]
      [Ext Root Scanning (ms): Min: 0.5, Avg: 0.7, Max: 1.0, Diff: 0.5, Sum: 2.8]
      [Update RS (ms): Min: 0.0, Avg: 0.1, Max: 0.2, Diff: 0.2, Sum: 0.5]
         [Processed Buffers: Min: 0, Avg: 4.0, Max: 8, Diff: 8, Sum: 16]
      [Scan RS (ms): Min: 0.0, Avg: 0.1, Max: 0.1, Diff: 0.1, Sum: 0.3]
      [Code Root Scanning (ms): Min: 0.0, Avg: 0.0, Max: 0.0, Diff: 0.0, Sum: 0.0]
      [Object Copy (ms): Min: 1.6, Avg: 1.6, Max: 1.8, Diff: 0.2, Sum: 6.5]
      [Termination (ms): Min: 0.0, Avg: 0.0, Max: 0.0, Diff: 0.0, Sum: 0.0]
         [Termination Attempts: Min: 1, Avg: 1.0, Max: 1, Diff: 0, Sum: 4]
      [GC Worker Other (ms): Min: 0.0, Avg: 0.0, Max: 0.0, Diff: 0.0, Sum: 0.0]
      [GC Worker Total (ms): Min: 2.5, Avg: 2.5, Max: 2.6, Diff: 0.1, Sum: 10.2]
      [GC Worker End (ms): Min: 11112.0, Avg: 11112.0, Max: 11112.0, Diff: 0.0]
   [Code Root Fixup: 0.0 ms]
   [Code Root Purge: 0.0 ms]
   [String Dedup Fixup: 0.1 ms, GC Workers: 4]
      [Queue Fixup (ms): Min: 0.0, Avg: 0.0, Max: 0.0, Diff: 0.0, Sum: 0.0]
      [Table Fixup (ms): Min: 0.1, Avg: 0.1, Max: 0.1, Diff: 0.0, Sum: 0.5]
   [Clear CT: 0.0 ms]
   [Other: 0.4 ms]
      [Choose CSet: 0.0 ms]
      [Ref Proc: 0.0 ms]
      [Ref Enq: 0.0 ms]
      [Redirty Cards: 0.0 ms]
      [Humongous Register: 0.1 ms]
      [Humongous Reclaim: 0.0 ms]
      [Free CSet: 0.0 ms]
   [Eden: 10.0M(10.0M)->0.0B(10.0M) Survivors: 2048.0K->2048.0K Heap: 241.6M(256.0M)->227.5M(256.0M)]
 [Times: user=0.00 sys=0.00, real=0.00 secs] 
2016-06-27T18:00:44.855+0300: 11.113: Total time for which application threads were stopped: 0.0095675 seconds, Stopping threads took: 0.0057554 seconds
2016-06-27T18:00:44.856+0300: 11.114: [GC concurrent-string-deduplication, 1243.0K->1241.0K(2080.0B), avg 0.7%, 0.0008955 secs]
   [Last Exec: 0.0008955 secs, Idle: 0.0819206 secs, Blocked: 0/0.0000000 secs]
      [Inspected:              67]
         [Skipped:              3(  4.5%)]
         [Hashed:              64( 95.5%)]
         [Known:                0(  0.0%)]
         [New:                 64( 95.5%)   1243.0K]
      [Deduplicated:            2(  3.1%)   2080.0B(  0.2%)]
         [Young:                0(  0.0%)      0.0B(  0.0%)]
         [Old:                  2(100.0%)   2080.0B(100.0%)]
   [Total Exec: 33/0.1474317 secs, Idle: 33/10.7410356 secs, Blocked: 1/0.0038934 secs]
      [Inspected:           11728]
         [Skipped:             69(  0.6%)]
         [Hashed:           10681( 91.1%)]
         [Known:              824(  7.0%)]
         [New:              10835( 92.4%)    201.2M]
      [Deduplicated:          291(  2.7%)   1367.9K(  0.7%)]
         [Young:                0(  0.0%)      0.0B(  0.0%)]
         [Old:                291(100.0%)   1367.9K(100.0%)]
   [Table]
      [Memory Usage: 330.0K]
      [Size: 8192, Min: 1024, Max: 16777216]
      [Entries: 11350, Load: 138.5%, Cached: 0, Added: 11368, Removed: 18]
      [Resize Count: 3, Shrink Threshold: 5461(66.7%), Grow Threshold: 16384(200.0%)]
      [Rehash Count: 1, Rehash Threshold: 120, Hash Seed: 0xc4e8cebb]
      [Age Threshold: 3]
   [Queue]
      [Dropped: 0]
2016-06-27T18:00:44.941+0300: 11.199: [GC pause (G1 Evacuation Pause) (young)
Desired survivor size 1048576 bytes, new threshold 1 (max 15)
- age   1:    1459896 bytes,    1459896 total
, 0.0017825 secs]
   [Parallel Time: 1.2 ms, GC Workers: 4]
      [GC Worker Start (ms): Min: 11198.7, Avg: 11198.7, Max: 11198.7, Diff: 0.0]
      [Ext Root Scanning (ms): Min: 0.4, Avg: 0.4, Max: 0.4, Diff: 0.0, Sum: 1.7]
      [Update RS (ms): Min: 0.3, Avg: 0.3, Max: 0.3, Diff: 0.1, Sum: 1.1]
         [Processed Buffers: Min: 1, Avg: 3.3, Max: 6, Diff: 5, Sum: 13]
      [Scan RS (ms): Min: 0.0, Avg: 0.0, Max: 0.0, Diff: 0.0, Sum: 0.0]
      [Code Root Scanning (ms): Min: 0.0, Avg: 0.0, Max: 0.0, Diff: 0.0, Sum: 0.0]
      [Object Copy (ms): Min: 0.4, Avg: 0.4, Max: 0.5, Diff: 0.1, Sum: 1.8]
      [Termination (ms): Min: 0.0, Avg: 0.0, Max: 0.0, Diff: 0.0, Sum: 0.0]
         [Termination Attempts: Min: 1, Avg: 1.0, Max: 1, Diff: 0, Sum: 4]
      [GC Worker Other (ms): Min: 0.0, Avg: 0.0, Max: 0.0, Diff: 0.0, Sum: 0.0]
      [GC Worker Total (ms): Min: 1.1, Avg: 1.2, Max: 1.2, Diff: 0.0, Sum: 4.6]
      [GC Worker End (ms): Min: 11199.9, Avg: 11199.9, Max: 11199.9, Diff: 0.0]
   [Code Root Fixup: 0.0 ms]
   [Code Root Purge: 0.0 ms]
   [String Dedup Fixup: 0.2 ms, GC Workers: 4]
      [Queue Fixup (ms): Min: 0.0, Avg: 0.0, Max: 0.0, Diff: 0.0, Sum: 0.0]
      [Table Fixup (ms): Min: 0.0, Avg: 0.1, Max: 0.2, Diff: 0.2, Sum: 0.5]
   [Clear CT: 0.0 ms]
   [Other: 0.4 ms]
      [Choose CSet: 0.0 ms]
      [Ref Proc: 0.1 ms]
      [Ref Enq: 0.0 ms]
      [Redirty Cards: 0.0 ms]
      [Humongous Register: 0.0 ms]
      [Humongous Reclaim: 0.0 ms]
      [Free CSet: 0.0 ms]
   [Eden: 10.0M(10.0M)->0.0B(10.0M) Survivors: 2048.0K->2048.0K Heap: 237.5M(256.0M)->230.0M(256.0M)]
 [Times: user=0.06 sys=0.00, real=0.00 secs] 
2016-06-27T18:00:44.943+0300: 11.201: Total time for which application threads were stopped: 0.0048492 seconds, Stopping threads took: 0.0024825 seconds
2016-06-27T18:00:44.944+0300: 11.202: [GC concurrent-string-deduplication, 1622.3K->1621.3K(1040.0B), avg 0.7%, 0.0011444 secs]
   [Last Exec: 0.0011444 secs, Idle: 0.0869768 secs, Blocked: 0/0.0000000 secs]
      [Inspected:              86]
         [Skipped:              4(  4.7%)]
         [Hashed:              82( 95.3%)]
         [Known:                0(  0.0%)]
         [New:                 82( 95.3%)   1622.3K]
      [Deduplicated:            1(  1.2%)   1040.0B(  0.1%)]
         [Young:                0(  0.0%)      0.0B(  0.0%)]
         [Old:                  1(100.0%)   1040.0B(100.0%)]
   [Total Exec: 34/0.1485761 secs, Idle: 34/10.8280124 secs, Blocked: 1/0.0038934 secs]
      [Inspected:           11814]
         [Skipped:             73(  0.6%)]
         [Hashed:           10763( 91.1%)]
         [Known:              824(  7.0%)]
         [New:              10917( 92.4%)    202.8M]
      [Deduplicated:          292(  2.7%)   1368.9K(  0.7%)]
         [Young:                0(  0.0%)      0.0B(  0.0%)]
         [Old:                292(100.0%)   1368.9K(100.0%)]
   [Table]
      [Memory Usage: 331.9K]
      [Size: 8192, Min: 1024, Max: 16777216]
      [Entries: 11431, Load: 139.5%, Cached: 0, Added: 11449, Removed: 18]
      [Resize Count: 3, Shrink Threshold: 5461(66.7%), Grow Threshold: 16384(200.0%)]
      [Rehash Count: 1, Rehash Threshold: 120, Hash Seed: 0xc4e8cebb]
      [Age Threshold: 3]
   [Queue]
      [Dropped: 0]
2016-06-27T18:00:45.033+0300: 11.290: [GC pause (G1 Evacuation Pause) (young) (initial-mark)
Desired survivor size 1048576 bytes, new threshold 1 (max 15)
- age   1:    1368856 bytes,    1368856 total
, 0.0017264 secs]
   [Parallel Time: 1.1 ms, GC Workers: 4]
      [GC Worker Start (ms): Min: 11289.9, Avg: 11290.0, Max: 11290.1, Diff: 0.1]
      [Ext Root Scanning (ms): Min: 0.4, Avg: 0.5, Max: 0.5, Diff: 0.1, Sum: 1.8]
      [Update RS (ms): Min: 0.1, Avg: 0.1, Max: 0.2, Diff: 0.1, Sum: 0.4]
         [Processed Buffers: Min: 2, Avg: 3.8, Max: 6, Diff: 4, Sum: 15]
      [Scan RS (ms): Min: 0.0, Avg: 0.0, Max: 0.0, Diff: 0.0, Sum: 0.0]
      [Code Root Scanning (ms): Min: 0.0, Avg: 0.0, Max: 0.0, Diff: 0.0, Sum: 0.0]
      [Object Copy (ms): Min: 0.5, Avg: 0.5, Max: 0.5, Diff: 0.0, Sum: 1.9]
      [Termination (ms): Min: 0.0, Avg: 0.0, Max: 0.0, Diff: 0.0, Sum: 0.0]
         [Termination Attempts: Min: 1, Avg: 1.0, Max: 1, Diff: 0, Sum: 4]
      [GC Worker Other (ms): Min: 0.0, Avg: 0.0, Max: 0.0, Diff: 0.0, Sum: 0.1]
      [GC Worker Total (ms): Min: 1.0, Avg: 1.1, Max: 1.1, Diff: 0.1, Sum: 4.3]
      [GC Worker End (ms): Min: 11291.0, Avg: 11291.0, Max: 11291.0, Diff: 0.0]
   [Code Root Fixup: 0.0 ms]
   [Code Root Purge: 0.0 ms]
   [String Dedup Fixup: 0.2 ms, GC Workers: 4]
      [Queue Fixup (ms): Min: 0.0, Avg: 0.0, Max: 0.0, Diff: 0.0, Sum: 0.0]
      [Table Fixup (ms): Min: 0.1, Avg: 0.1, Max: 0.1, Diff: 0.0, Sum: 0.5]
   [Clear CT: 0.0 ms]
   [Other: 0.4 ms]
      [Choose CSet: 0.0 ms]
      [Ref Proc: 0.0 ms]
      [Ref Enq: 0.0 ms]
      [Redirty Cards: 0.0 ms]
      [Humongous Register: 0.0 ms]
      [Humongous Reclaim: 0.0 ms]
      [Free CSet: 0.0 ms]
   [Eden: 10.0M(10.0M)->0.0B(10.0M) Survivors: 2048.0K->2048.0K Heap: 240.0M(256.0M)->232.0M(256.0M)]
 [Times: user=0.00 sys=0.00, real=0.00 secs] 
2016-06-27T18:00:45.035+0300: 11.292: [GC concurrent-root-region-scan-start]
2016-06-27T18:00:45.035+0300: 11.292: Total time for which application threads were stopped: 0.0086942 seconds, Stopping threads took: 0.0063678 seconds
2016-06-27T18:00:45.035+0300: 11.292: [GC concurrent-root-region-scan-end, 0.0001578 secs]
2016-06-27T18:00:45.035+0300: 11.292: [GC concurrent-mark-start]
2016-06-27T18:00:45.036+0300: 11.293: [GC concurrent-string-deduplication, 1281.0K->1241.0K(40.0K), avg 0.7%, 0.0009849 secs]
   [Last Exec: 0.0009849 secs, Idle: 0.0899066 secs, Blocked: 0/0.0000000 secs]
      [Inspected:              65]
         [Skipped:              1(  1.5%)]
         [Hashed:              64( 98.5%)]
         [Known:                0(  0.0%)]
         [New:                 64( 98.5%)   1281.0K]
      [Deduplicated:            2(  3.1%)     40.0K(  3.1%)]
         [Young:                0(  0.0%)      0.0B(  0.0%)]
         [Old:                  2(100.0%)     40.0K(100.0%)]
   [Total Exec: 35/0.1495610 secs, Idle: 35/10.9179190 secs, Blocked: 1/0.0038934 secs]
      [Inspected:           11879]
         [Skipped:             74(  0.6%)]
         [Hashed:           10827( 91.1%)]
         [Known:              824(  6.9%)]
         [New:              10981( 92.4%)    204.0M]
      [Deduplicated:          294(  2.7%)   1408.9K(  0.7%)]
         [Young:                0(  0.0%)      0.0B(  0.0%)]
         [Old:                294(100.0%)   1408.9K(100.0%)]
   [Table]
      [Memory Usage: 333.4K]
      [Size: 8192, Min: 1024, Max: 16777216]
      [Entries: 11493, Load: 140.3%, Cached: 0, Added: 11511, Removed: 18]
      [Resize Count: 3, Shrink Threshold: 5461(66.7%), Grow Threshold: 16384(200.0%)]
      [Rehash Count: 1, Rehash Threshold: 120, Hash Seed: 0xc4e8cebb]
      [Age Threshold: 3]
   [Queue]
      [Dropped: 0]
2016-06-27T18:00:45.048+0300: 11.305: [GC concurrent-mark-end, 0.0114778 secs]
2016-06-27T18:00:45.083+0300: 11.340: [GC remark 2016-06-27T18:00:45.083+0300: 11.340: [Finalize Marking, 0.0002228 secs] 2016-06-27T18:00:45.083+0300: 11.340: [GC ref-proc, 0.0000547 secs] 2016-06-27T18:00:45.083+0300: 11.341: [Unloading, 0.0012748 secs], 0.0034473 secs]
 [Times: user=0.00 sys=0.00, real=0.00 secs] 
2016-06-27T18:00:45.087+0300: 11.344: Total time for which application threads were stopped: 0.0140087 seconds, Stopping threads took: 0.0101405 seconds
2016-06-27T18:00:45.111+0300: 11.369: [GC pause (G1 Evacuation Pause) (young)
Desired survivor size 1048576 bytes, new threshold 1 (max 15)
- age   1:    1812592 bytes,    1812592 total
, 0.0017230 secs]
   [Parallel Time: 1.2 ms, GC Workers: 4]
      [GC Worker Start (ms): Min: 11368.6, Avg: 11368.6, Max: 11368.7, Diff: 0.1]
      [Ext Root Scanning (ms): Min: 0.4, Avg: 0.6, Max: 1.1, Diff: 0.7, Sum: 2.4]
      [Update RS (ms): Min: 0.0, Avg: 0.1, Max: 0.1, Diff: 0.1, Sum: 0.3]
         [Processed Buffers: Min: 0, Avg: 3.0, Max: 7, Diff: 7, Sum: 12]
      [Scan RS (ms): Min: 0.0, Avg: 0.0, Max: 0.0, Diff: 0.0, Sum: 0.0]
      [Code Root Scanning (ms): Min: 0.0, Avg: 0.0, Max: 0.0, Diff: 0.0, Sum: 0.0]
      [Object Copy (ms): Min: 0.0, Avg: 0.4, Max: 0.5, Diff: 0.5, Sum: 1.6]
      [Termination (ms): Min: 0.0, Avg: 0.1, Max: 0.1, Diff: 0.1, Sum: 0.3]
         [Termination Attempts: Min: 1, Avg: 1.5, Max: 2, Diff: 1, Sum: 6]
      [GC Worker Other (ms): Min: 0.0, Avg: 0.0, Max: 0.0, Diff: 0.0, Sum: 0.0]
      [GC Worker Total (ms): Min: 1.1, Avg: 1.1, Max: 1.2, Diff: 0.1, Sum: 4.6]
      [GC Worker End (ms): Min: 11369.8, Avg: 11369.8, Max: 11369.8, Diff: 0.0]
   [Code Root Fixup: 0.0 ms]
   [Code Root Purge: 0.0 ms]
   [String Dedup Fixup: 0.2 ms, GC Workers: 4]
      [Queue Fixup (ms): Min: 0.0, Avg: 0.0, Max: 0.0, Diff: 0.0, Sum: 0.0]
      [Table Fixup (ms): Min: 0.0, Avg: 0.1, Max: 0.2, Diff: 0.2, Sum: 0.5]
   [Clear CT: 0.0 ms]
   [Other: 0.3 ms]
      [Choose CSet: 0.0 ms]
      [Ref Proc: 0.0 ms]
      [Ref Enq: 0.0 ms]
      [Redirty Cards: 0.0 ms]
      [Humongous Register: 0.0 ms]
      [Humongous Reclaim: 0.0 ms]
      [Free CSet: 0.0 ms]
   [Eden: 10.0M(10.0M)->0.0B(10.0M) Survivors: 2048.0K->2048.0K Heap: 242.0M(256.0M)->235.4M(256.0M)]
 [Times: user=0.00 sys=0.00, real=0.00 secs] 
2016-06-27T18:00:45.113+0300: 11.370: Total time for which application threads were stopped: 0.0022730 seconds, Stopping threads took: 0.0000565 seconds
2016-06-27T18:00:45.115+0300: 11.372: [GC concurrent-string-deduplication, 1724.4K->1681.3K(43.1K), avg 0.7%, 0.0012624 secs]
   [Last Exec: 0.0012624 secs, Idle: 0.0775975 secs, Blocked: 0/0.0000000 secs]
      [Inspected:              93]
         [Skipped:              4(  4.3%)]
         [Hashed:              89( 95.7%)]
         [Known:                0(  0.0%)]
         [New:                 89( 95.7%)   1724.4K]
      [Deduplicated:            5(  5.6%)     43.1K(  2.5%)]
         [Young:                0(  0.0%)      0.0B(  0.0%)]
         [Old:                  5(100.0%)     43.1K(100.0%)]
   [Total Exec: 36/0.1508234 secs, Idle: 36/10.9955165 secs, Blocked: 1/0.0038934 secs]
      [Inspected:           11972]
         [Skipped:             78(  0.7%)]
         [Hashed:           10916( 91.2%)]
         [Known:              824(  6.9%)]
         [New:              11070( 92.5%)    205.7M]
      [Deduplicated:          299(  2.7%)   1452.0K(  0.7%)]
         [Young:                0(  0.0%)      0.0B(  0.0%)]
         [Old:                299(100.0%)   1452.0K(100.0%)]
   [Table]
      [Memory Usage: 335.3K]
      [Size: 8192, Min: 1024, Max: 16777216]
      [Entries: 11577, Load: 141.3%, Cached: 0, Added: 11595, Removed: 18]
      [Resize Count: 3, Shrink Threshold: 5461(66.7%), Grow Threshold: 16384(200.0%)]
      [Rehash Count: 1, Rehash Threshold: 120, Hash Seed: 0xc4e8cebb]
      [Age Threshold: 3]
   [Queue]
      [Dropped: 0]
2016-06-27T18:00:45.186+0300: 11.443: [GC pause (G1 Evacuation Pause) (young)
Desired survivor size 1048576 bytes, new threshold 1 (max 15)
- age   1:    1584032 bytes,    1584032 total
, 0.0016298 secs]
   [Parallel Time: 1.1 ms, GC Workers: 4]
      [GC Worker Start (ms): Min: 11443.3, Avg: 11443.3, Max: 11443.4, Diff: 0.0]
      [Ext Root Scanning (ms): Min: 0.4, Avg: 0.5, Max: 0.5, Diff: 0.0, Sum: 1.9]
      [Update RS (ms): Min: 0.0, Avg: 0.1, Max: 0.2, Diff: 0.1, Sum: 0.4]
         [Processed Buffers: Min: 1, Avg: 2.8, Max: 8, Diff: 7, Sum: 11]
      [Scan RS (ms): Min: 0.0, Avg: 0.0, Max: 0.0, Diff: 0.0, Sum: 0.0]
      [Code Root Scanning (ms): Min: 0.0, Avg: 0.0, Max: 0.0, Diff: 0.0, Sum: 0.0]
      [Object Copy (ms): Min: 0.4, Avg: 0.5, Max: 0.5, Diff: 0.1, Sum: 1.8]
      [Termination (ms): Min: 0.0, Avg: 0.0, Max: 0.0, Diff: 0.0, Sum: 0.0]
         [Termination Attempts: Min: 1, Avg: 1.0, Max: 1, Diff: 0, Sum: 4]
      [GC Worker Other (ms): Min: 0.0, Avg: 0.0, Max: 0.0, Diff: 0.0, Sum: 0.0]
      [GC Worker Total (ms): Min: 1.0, Avg: 1.0, Max: 1.1, Diff: 0.0, Sum: 4.2]
      [GC Worker End (ms): Min: 11444.4, Avg: 11444.4, Max: 11444.4, Diff: 0.0]
   [Code Root Fixup: 0.0 ms]
   [Code Root Purge: 0.0 ms]
   [String Dedup Fixup: 0.1 ms, GC Workers: 4]
      [Queue Fixup (ms): Min: 0.0, Avg: 0.0, Max: 0.0, Diff: 0.0, Sum: 0.0]
      [Table Fixup (ms): Min: 0.1, Avg: 0.1, Max: 0.1, Diff: 0.0, Sum: 0.5]
   [Clear CT: 0.0 ms]
   [Other: 0.4 ms]
      [Choose CSet: 0.0 ms]
      [Ref Proc: 0.0 ms]
      [Ref Enq: 0.0 ms]
      [Redirty Cards: 0.0 ms]
      [Humongous Register: 0.0 ms]
      [Humongous Reclaim: 0.0 ms]
      [Free CSet: 0.0 ms]
   [Eden: 10.0M(10.0M)->0.0B(10.0M) Survivors: 2048.0K->2048.0K Heap: 245.4M(256.0M)->238.9M(256.0M)]
 [Times: user=0.00 sys=0.00, real=0.00 secs] 
2016-06-27T18:00:45.188+0300: 11.445: Total time for which application threads were stopped: 0.0065264 seconds, Stopping threads took: 0.0043514 seconds
2016-06-27T18:00:45.189+0300: 11.446: [GC concurrent-string-deduplication, 1902.5K->1901.5K(1040.0B), avg 0.7%, 0.0013608 secs]
   [Last Exec: 0.0013608 secs, Idle: 0.0732461 secs, Blocked: 0/0.0000000 secs]
      [Inspected:             101]
         [Skipped:              5(  5.0%)]
         [Hashed:              96( 95.0%)]
         [Known:                0(  0.0%)]
         [New:                 96( 95.0%)   1902.5K]
      [Deduplicated:            1(  1.0%)   1040.0B(  0.1%)]
         [Young:                0(  0.0%)      0.0B(  0.0%)]
         [Old:                  1(100.0%)   1040.0B(100.0%)]
   [Total Exec: 37/0.1521842 secs, Idle: 37/11.0687625 secs, Blocked: 1/0.0038934 secs]
      [Inspected:           12073]
         [Skipped:             83(  0.7%)]
         [Hashed:           11012( 91.2%)]
         [Known:              824(  6.8%)]
         [New:              11166( 92.5%)    207.6M]
      [Deduplicated:          300(  2.7%)   1453.0K(  0.7%)]
         [Young:                0(  0.0%)      0.0B(  0.0%)]
         [Old:                300(100.0%)   1453.0K(100.0%)]
   [Table]
      [Memory Usage: 337.6K]
      [Size: 8192, Min: 1024, Max: 16777216]
      [Entries: 11672, Load: 142.5%, Cached: 0, Added: 11690, Removed: 18]
      [Resize Count: 3, Shrink Threshold: 5461(66.7%), Grow Threshold: 16384(200.0%)]
      [Rehash Count: 1, Rehash Threshold: 120, Hash Seed: 0xc4e8cebb]
      [Age Threshold: 3]
   [Queue]
      [Dropped: 0]
2016-06-27T18:00:45.277+0300: 11.534: [GC pause (G1 Evacuation Pause) (young)
Desired survivor size 1048576 bytes, new threshold 1 (max 15)
- age   1:    1291896 bytes,    1291896 total
, 0.0015994 secs]
   [Parallel Time: 1.0 ms, GC Workers: 4]
      [GC Worker Start (ms): Min: 11534.1, Avg: 11534.2, Max: 11534.2, Diff: 0.1]
      [Ext Root Scanning (ms): Min: 0.4, Avg: 0.4, Max: 0.5, Diff: 0.1, Sum: 1.7]
      [Update RS (ms): Min: 0.1, Avg: 0.1, Max: 0.1, Diff: 0.0, Sum: 0.4]
         [Processed Buffers: Min: 1, Avg: 5.3, Max: 11, Diff: 10, Sum: 21]
      [Scan RS (ms): Min: 0.0, Avg: 0.0, Max: 0.0, Diff: 0.0, Sum: 0.0]
      [Code Root Scanning (ms): Min: 0.0, Avg: 0.0, Max: 0.0, Diff: 0.0, Sum: 0.0]
      [Object Copy (ms): Min: 0.4, Avg: 0.4, Max: 0.5, Diff: 0.0, Sum: 1.8]
      [Termination (ms): Min: 0.0, Avg: 0.0, Max: 0.0, Diff: 0.0, Sum: 0.0]
         [Termination Attempts: Min: 1, Avg: 1.0, Max: 1, Diff: 0, Sum: 4]
      [GC Worker Other (ms): Min: 0.0, Avg: 0.0, Max: 0.0, Diff: 0.0, Sum: 0.0]
      [GC Worker Total (ms): Min: 0.9, Avg: 1.0, Max: 1.0, Diff: 0.1, Sum: 3.9]
      [GC Worker End (ms): Min: 11535.1, Avg: 11535.1, Max: 11535.1, Diff: 0.0]
   [Code Root Fixup: 0.0 ms]
   [Code Root Purge: 0.0 ms]
   [String Dedup Fixup: 0.2 ms, GC Workers: 4]
      [Queue Fixup (ms): Min: 0.0, Avg: 0.0, Max: 0.0, Diff: 0.0, Sum: 0.0]
      [Table Fixup (ms): Min: 0.1, Avg: 0.1, Max: 0.1, Diff: 0.0, Sum: 0.5]
   [Clear CT: 0.0 ms]
   [Other: 0.4 ms]
      [Choose CSet: 0.0 ms]
      [Ref Proc: 0.1 ms]
      [Ref Enq: 0.0 ms]
      [Redirty Cards: 0.1 ms]
      [Humongous Register: 0.0 ms]
      [Humongous Reclaim: 0.0 ms]
      [Free CSet: 0.0 ms]
   [Eden: 10.0M(10.0M)->0.0B(10.0M) Survivors: 2048.0K->2048.0K Heap: 248.9M(256.0M)->241.5M(256.0M)]
 [Times: user=0.00 sys=0.00, real=0.00 secs] 
2016-06-27T18:00:45.279+0300: 11.536: Total time for which application threads were stopped: 0.0108906 seconds, Stopping threads took: 0.0087567 seconds
2016-06-27T18:00:45.280+0300: 11.537: [GC concurrent-string-deduplication, 1282.0K->1281.0K(1040.0B), avg 0.7%, 0.0009006 secs]
   [Last Exec: 0.0009006 secs, Idle: 0.0894080 secs, Blocked: 0/0.0000000 secs]
      [Inspected:              65]
         [Skipped:              0(  0.0%)]
         [Hashed:              65(100.0%)]
         [Known:                0(  0.0%)]
         [New:                 65(100.0%)   1282.0K]
      [Deduplicated:            1(  1.5%)   1040.0B(  0.1%)]
         [Young:                0(  0.0%)      0.0B(  0.0%)]
         [Old:                  1(100.0%)   1040.0B(100.0%)]
   [Total Exec: 38/0.1530849 secs, Idle: 38/11.1581705 secs, Blocked: 1/0.0038934 secs]
      [Inspected:           12138]
         [Skipped:             83(  0.7%)]
         [Hashed:           11077( 91.3%)]
         [Known:              824(  6.8%)]
         [New:              11231( 92.5%)    208.8M]
      [Deduplicated:          301(  2.7%)   1454.0K(  0.7%)]
         [Young:                0(  0.0%)      0.0B(  0.0%)]
         [Old:                301(100.0%)   1454.0K(100.0%)]
   [Table]
      [Memory Usage: 339.1K]
      [Size: 8192, Min: 1024, Max: 16777216]
      [Entries: 11736, Load: 143.3%, Cached: 0, Added: 11754, Removed: 18]
      [Resize Count: 3, Shrink Threshold: 5461(66.7%), Grow Threshold: 16384(200.0%)]
      [Rehash Count: 1, Rehash Threshold: 120, Hash Seed: 0xc4e8cebb]
      [Age Threshold: 3]
   [Queue]
      [Dropped: 0]
2016-06-27T18:00:45.371+0300: 11.628: [GC pause (G1 Evacuation Pause) (young)
Desired survivor size 1048576 bytes, new threshold 1 (max 15)
- age   1:    1790752 bytes,    1790752 total
, 0.0016858 secs]
   [Parallel Time: 1.2 ms, GC Workers: 4]
      [GC Worker Start (ms): Min: 11628.4, Avg: 11628.4, Max: 11628.4, Diff: 0.0]
      [Ext Root Scanning (ms): Min: 0.4, Avg: 0.6, Max: 1.0, Diff: 0.6, Sum: 2.4]
      [Update RS (ms): Min: 0.0, Avg: 0.1, Max: 0.1, Diff: 0.1, Sum: 0.3]
         [Processed Buffers: Min: 0, Avg: 3.3, Max: 8, Diff: 8, Sum: 13]
      [Scan RS (ms): Min: 0.0, Avg: 0.0, Max: 0.0, Diff: 0.0, Sum: 0.0]
      [Code Root Scanning (ms): Min: 0.0, Avg: 0.0, Max: 0.0, Diff: 0.0, Sum: 0.0]
      [Object Copy (ms): Min: 0.1, Avg: 0.4, Max: 0.5, Diff: 0.5, Sum: 1.7]
      [Termination (ms): Min: 0.0, Avg: 0.0, Max: 0.0, Diff: 0.0, Sum: 0.1]
         [Termination Attempts: Min: 1, Avg: 1.0, Max: 1, Diff: 0, Sum: 4]
      [GC Worker Other (ms): Min: 0.0, Avg: 0.0, Max: 0.0, Diff: 0.0, Sum: 0.0]
      [GC Worker Total (ms): Min: 1.1, Avg: 1.1, Max: 1.2, Diff: 0.0, Sum: 4.6]
      [GC Worker End (ms): Min: 11629.6, Avg: 11629.6, Max: 11629.6, Diff: 0.0]
   [Code Root Fixup: 0.0 ms]
   [Code Root Purge: 0.0 ms]
   [String Dedup Fixup: 0.1 ms, GC Workers: 4]
      [Queue Fixup (ms): Min: 0.0, Avg: 0.0, Max: 0.0, Diff: 0.0, Sum: 0.0]
      [Table Fixup (ms): Min: 0.1, Avg: 0.1, Max: 0.1, Diff: 0.0, Sum: 0.5]
   [Clear CT: 0.0 ms]
   [Other: 0.3 ms]
      [Choose CSet: 0.0 ms]
      [Ref Proc: 0.0 ms]
      [Ref Enq: 0.0 ms]
      [Redirty Cards: 0.0 ms]
      [Humongous Register: 0.0 ms]
      [Humongous Reclaim: 0.0 ms]
      [Free CSet: 0.0 ms]
   [Eden: 10.0M(10.0M)->0.0B(10.0M) Survivors: 2048.0K->2048.0K Heap: 251.5M(256.0M)->243.7M(256.0M)]
 [Times: user=0.00 sys=0.00, real=0.00 secs] 
2016-06-27T18:00:45.373+0300: 11.630: Total time for which application threads were stopped: 0.0115005 seconds, Stopping threads took: 0.0092934 seconds
2016-06-27T18:00:45.374+0300: 11.631: [GC concurrent-string-deduplication, 1682.3K->1661.3K(21.0K), avg 0.7%, 0.0011718 secs]
   [Last Exec: 0.0011718 secs, Idle: 0.0933629 secs, Blocked: 0/0.0000000 secs]
      [Inspected:              90]
         [Skipped:              5(  5.6%)]
         [Hashed:              85( 94.4%)]
         [Known:                0(  0.0%)]
         [New:                 85( 94.4%)   1682.3K]
      [Deduplicated:            2(  2.4%)     21.0K(  1.3%)]
         [Young:                0(  0.0%)      0.0B(  0.0%)]
         [Old:                  2(100.0%)     21.0K(100.0%)]
   [Total Exec: 39/0.1542566 secs, Idle: 39/11.2515335 secs, Blocked: 1/0.0038934 secs]
      [Inspected:           12228]
         [Skipped:             88(  0.7%)]
         [Hashed:           11162( 91.3%)]
         [Known:              824(  6.7%)]
         [New:              11316( 92.5%)    210.5M]
      [Deduplicated:          303(  2.7%)   1475.1K(  0.7%)]
         [Young:                0(  0.0%)      0.0B(  0.0%)]
         [Old:                303(100.0%)   1475.1K(100.0%)]
   [Table]
      [Memory Usage: 341.0K]
      [Size: 8192, Min: 1024, Max: 16777216]
      [Entries: 11819, Load: 144.3%, Cached: 0, Added: 11837, Removed: 18]
      [Resize Count: 3, Shrink Threshold: 5461(66.7%), Grow Threshold: 16384(200.0%)]
      [Rehash Count: 1, Rehash Threshold: 120, Hash Seed: 0xc4e8cebb]
      [Age Threshold: 3]
   [Queue]
      [Dropped: 0]
2016-06-27T18:00:45.462+0300: 11.720: [GC pause (G1 Evacuation Pause) (young)
Desired survivor size 1048576 bytes, new threshold 1 (max 15)
- age   1:    1592416 bytes,    1592416 total
, 0.0017273 secs]
   [Parallel Time: 1.2 ms, GC Workers: 4]
      [GC Worker Start (ms): Min: 11720.0, Avg: 11720.0, Max: 11720.0, Diff: 0.0]
      [Ext Root Scanning (ms): Min: 0.4, Avg: 0.4, Max: 0.5, Diff: 0.0, Sum: 1.7]
      [Update RS (ms): Min: 0.0, Avg: 0.1, Max: 0.2, Diff: 0.2, Sum: 0.4]
         [Processed Buffers: Min: 1, Avg: 3.0, Max: 6, Diff: 5, Sum: 12]
      [Scan RS (ms): Min: 0.0, Avg: 0.0, Max: 0.0, Diff: 0.0, Sum: 0.0]
      [Code Root Scanning (ms): Min: 0.0, Avg: 0.0, Max: 0.0, Diff: 0.0, Sum: 0.0]
      [Object Copy (ms): Min: 0.5, Avg: 0.6, Max: 0.7, Diff: 0.1, Sum: 2.5]
      [Termination (ms): Min: 0.0, Avg: 0.0, Max: 0.0, Diff: 0.0, Sum: 0.0]
         [Termination Attempts: Min: 1, Avg: 1.0, Max: 1, Diff: 0, Sum: 4]
      [GC Worker Other (ms): Min: 0.0, Avg: 0.0, Max: 0.0, Diff: 0.0, Sum: 0.0]
      [GC Worker Total (ms): Min: 1.2, Avg: 1.2, Max: 1.2, Diff: 0.0, Sum: 4.7]
      [GC Worker End (ms): Min: 11721.1, Avg: 11721.1, Max: 11721.1, Diff: 0.0]
   [Code Root Fixup: 0.0 ms]
   [Code Root Purge: 0.0 ms]
   [String Dedup Fixup: 0.1 ms, GC Workers: 4]
      [Queue Fixup (ms): Min: 0.0, Avg: 0.0, Max: 0.0, Diff: 0.0, Sum: 0.0]
      [Table Fixup (ms): Min: 0.1, Avg: 0.1, Max: 0.1, Diff: 0.0, Sum: 0.5]
   [Clear CT: 0.0 ms]
   [Other: 0.4 ms]
      [Choose CSet: 0.0 ms]
      [Ref Proc: 0.0 ms]
      [Ref Enq: 0.0 ms]
      [Redirty Cards: 0.0 ms]
      [Humongous Register: 0.0 ms]
      [Humongous Reclaim: 0.0 ms]
      [Free CSet: 0.0 ms]
   [Eden: 10.0M(10.0M)->0.0B(10.0M) Survivors: 2048.0K->2048.0K Heap: 253.7M(256.0M)->246.8M(259.0M)]
 [Times: user=0.00 sys=0.00, real=0.00 secs] 
2016-06-27T18:00:45.464+0300: 11.722: Total time for which application threads were stopped: 0.0099455 seconds, Stopping threads took: 0.0076580 seconds
2016-06-27T18:00:45.466+0300: 11.723: [GC concurrent-string-deduplication, 1782.4K->1761.4K(21.0K), avg 0.7%, 0.0012440 secs]
   [Last Exec: 0.0012440 secs, Idle: 0.0903689 secs, Blocked: 0/0.0000000 secs]
      [Inspected:              91]
         [Skipped:              1(  1.1%)]
         [Hashed:              90( 98.9%)]
         [Known:                0(  0.0%)]
         [New:                 90( 98.9%)   1782.4K]
      [Deduplicated:            2(  2.2%)     21.0K(  1.2%)]
         [Young:                0(  0.0%)      0.0B(  0.0%)]
         [Old:                  2(100.0%)     21.0K(100.0%)]
   [Total Exec: 40/0.1555007 secs, Idle: 40/11.3419024 secs, Blocked: 1/0.0038934 secs]
      [Inspected:           12319]
         [Skipped:             89(  0.7%)]
         [Hashed:           11252( 91.3%)]
         [Known:              824(  6.7%)]
         [New:              11406( 92.6%)    212.2M]
      [Deduplicated:          305(  2.7%)   1496.1K(  0.7%)]
         [Young:                0(  0.0%)      0.0B(  0.0%)]
         [Old:                305(100.0%)   1496.1K(100.0%)]
   [Table]
      [Memory Usage: 343.1K]
      [Size: 8192, Min: 1024, Max: 16777216]
      [Entries: 11907, Load: 145.3%, Cached: 0, Added: 11925, Removed: 18]
      [Resize Count: 3, Shrink Threshold: 5461(66.7%), Grow Threshold: 16384(200.0%)]
      [Rehash Count: 1, Rehash Threshold: 120, Hash Seed: 0xc4e8cebb]
      [Age Threshold: 3]
   [Queue]
      [Dropped: 0]
2016-06-27T18:00:45.556+0300: 11.813: [GC pause (G1 Evacuation Pause) (young)
Desired survivor size 1048576 bytes, new threshold 1 (max 15)
- age   1:    1389560 bytes,    1389560 total
, 0.0018128 secs]
   [Parallel Time: 1.2 ms, GC Workers: 4]
      [GC Worker Start (ms): Min: 11813.5, Avg: 11813.5, Max: 11813.6, Diff: 0.1]
      [Ext Root Scanning (ms): Min: 0.4, Avg: 0.4, Max: 0.5, Diff: 0.1, Sum: 1.8]
      [Update RS (ms): Min: 0.0, Avg: 0.1, Max: 0.2, Diff: 0.2, Sum: 0.4]
         [Processed Buffers: Min: 3, Avg: 3.8, Max: 5, Diff: 2, Sum: 15]
      [Scan RS (ms): Min: 0.0, Avg: 0.0, Max: 0.0, Diff: 0.0, Sum: 0.0]
      [Code Root Scanning (ms): Min: 0.0, Avg: 0.0, Max: 0.0, Diff: 0.0, Sum: 0.0]
      [Object Copy (ms): Min: 0.5, Avg: 0.6, Max: 0.6, Diff: 0.2, Sum: 2.3]
      [Termination (ms): Min: 0.0, Avg: 0.0, Max: 0.0, Diff: 0.0, Sum: 0.0]
         [Termination Attempts: Min: 1, Avg: 1.0, Max: 1, Diff: 0, Sum: 4]
      [GC Worker Other (ms): Min: 0.0, Avg: 0.0, Max: 0.0, Diff: 0.0, Sum: 0.0]
      [GC Worker Total (ms): Min: 1.1, Avg: 1.1, Max: 1.2, Diff: 0.1, Sum: 4.6]
      [GC Worker End (ms): Min: 11814.7, Avg: 11814.7, Max: 11814.7, Diff: 0.0]
   [Code Root Fixup: 0.0 ms]
   [Code Root Purge: 0.0 ms]
   [String Dedup Fixup: 0.2 ms, GC Workers: 4]
      [Queue Fixup (ms): Min: 0.0, Avg: 0.0, Max: 0.0, Diff: 0.0, Sum: 0.0]
      [Table Fixup (ms): Min: 0.1, Avg: 0.1, Max: 0.1, Diff: 0.0, Sum: 0.5]
   [Clear CT: 0.0 ms]
   [Other: 0.4 ms]
      [Choose CSet: 0.0 ms]
      [Ref Proc: 0.1 ms]
      [Ref Enq: 0.0 ms]
      [Redirty Cards: 0.0 ms]
      [Humongous Register: 0.0 ms]
      [Humongous Reclaim: 0.0 ms]
      [Free CSet: 0.0 ms]
   [Eden: 10.0M(10.0M)->0.0B(11.0M) Survivors: 2048.0K->2048.0K Heap: 256.8M(259.0M)->249.9M(262.0M)]
 [Times: user=0.00 sys=0.00, real=0.00 secs] 
2016-06-27T18:00:45.558+0300: 11.815: Total time for which application threads were stopped: 0.0139227 seconds, Stopping threads took: 0.0115638 seconds
2016-06-27T18:00:45.559+0300: 11.817: [GC concurrent-string-deduplication, 1683.3K->1641.3K(42.1K), avg 0.7%, 0.0011944 secs]
   [Last Exec: 0.0011944 secs, Idle: 0.0922493 secs, Blocked: 0/0.0000000 secs]
      [Inspected:              86]
         [Skipped:              0(  0.0%)]
         [Hashed:              86(100.0%)]
         [Known:                0(  0.0%)]
         [New:                 86(100.0%)   1683.3K]
      [Deduplicated:            4(  4.7%)     42.1K(  2.5%)]
         [Young:                0(  0.0%)      0.0B(  0.0%)]
         [Old:                  4(100.0%)     42.1K(100.0%)]
   [Total Exec: 41/0.1566951 secs, Idle: 41/11.4341517 secs, Blocked: 1/0.0038934 secs]
      [Inspected:           12405]
         [Skipped:             89(  0.7%)]
         [Hashed:           11338( 91.4%)]
         [Known:              824(  6.6%)]
         [New:              11492( 92.6%)    213.9M]
      [Deduplicated:          309(  2.7%)   1538.2K(  0.7%)]
         [Young:                0(  0.0%)      0.0B(  0.0%)]
         [Old:                309(100.0%)   1538.2K(100.0%)]
   [Table]
      [Memory Usage: 345.0K]
      [Size: 8192, Min: 1024, Max: 16777216]
      [Entries: 11989, Load: 146.4%, Cached: 0, Added: 12007, Removed: 18]
      [Resize Count: 3, Shrink Threshold: 5461(66.7%), Grow Threshold: 16384(200.0%)]
      [Rehash Count: 1, Rehash Threshold: 120, Hash Seed: 0xc4e8cebb]
      [Age Threshold: 3]
   [Queue]
      [Dropped: 0]
2016-06-27T18:00:45.626+0300: 11.883: [GC pause (G1 Evacuation Pause) (young)
Desired survivor size 1048576 bytes, new threshold 1 (max 15)
- age   1:    1350952 bytes,    1350952 total
, 0.0016277 secs]
   [Parallel Time: 1.1 ms, GC Workers: 4]
      [GC Worker Start (ms): Min: 11883.5, Avg: 11883.5, Max: 11883.5, Diff: 0.0]
      [Ext Root Scanning (ms): Min: 0.3, Avg: 0.4, Max: 0.4, Diff: 0.1, Sum: 1.6]
      [Update RS (ms): Min: 0.0, Avg: 0.1, Max: 0.2, Diff: 0.1, Sum: 0.4]
         [Processed Buffers: Min: 2, Avg: 2.5, Max: 3, Diff: 1, Sum: 10]
      [Scan RS (ms): Min: 0.0, Avg: 0.0, Max: 0.0, Diff: 0.0, Sum: 0.0]
      [Code Root Scanning (ms): Min: 0.0, Avg: 0.0, Max: 0.0, Diff: 0.0, Sum: 0.0]
      [Object Copy (ms): Min: 0.5, Avg: 0.6, Max: 0.6, Diff: 0.1, Sum: 2.3]
      [Termination (ms): Min: 0.0, Avg: 0.0, Max: 0.0, Diff: 0.0, Sum: 0.0]
         [Termination Attempts: Min: 1, Avg: 1.0, Max: 1, Diff: 0, Sum: 4]
      [GC Worker Other (ms): Min: 0.0, Avg: 0.0, Max: 0.0, Diff: 0.0, Sum: 0.1]
      [GC Worker Total (ms): Min: 1.1, Avg: 1.1, Max: 1.1, Diff: 0.0, Sum: 4.4]
      [GC Worker End (ms): Min: 11884.6, Avg: 11884.6, Max: 11884.6, Diff: 0.0]
   [Code Root Fixup: 0.0 ms]
   [Code Root Purge: 0.0 ms]
   [String Dedup Fixup: 0.1 ms, GC Workers: 4]
      [Queue Fixup (ms): Min: 0.0, Avg: 0.0, Max: 0.0, Diff: 0.0, Sum: 0.0]
      [Table Fixup (ms): Min: 0.1, Avg: 0.1, Max: 0.1, Diff: 0.0, Sum: 0.5]
   [Clear CT: 0.0 ms]
   [Other: 0.3 ms]
      [Choose CSet: 0.0 ms]
      [Ref Proc: 0.0 ms]
      [Ref Enq: 0.0 ms]
      [Redirty Cards: 0.0 ms]
      [Humongous Register: 0.0 ms]
      [Humongous Reclaim: 0.0 ms]
      [Free CSet: 0.0 ms]
   [Eden: 11.0M(11.0M)->0.0B(11.0M) Survivors: 2048.0K->2048.0K Heap: 260.9M(262.0M)->252.9M(266.0M)]
 [Times: user=0.00 sys=0.00, real=0.00 secs] 
2016-06-27T18:00:45.628+0300: 11.885: Total time for which application threads were stopped: 0.0095127 seconds, Stopping threads took: 0.0073689 seconds
2016-06-27T18:00:45.629+0300: 11.886: [GC concurrent-string-deduplication, 1180.9K->1140.9K(40.0K), avg 0.7%, 0.0008459 secs]
   [Last Exec: 0.0008459 secs, Idle: 0.0686035 secs, Blocked: 0/0.0000000 secs]
      [Inspected:              61]
         [Skipped:              2(  3.3%)]
         [Hashed:              59( 96.7%)]
         [Known:                0(  0.0%)]
         [New:                 59( 96.7%)   1180.9K]
      [Deduplicated:            2(  3.4%)     40.0K(  3.4%)]
         [Young:                0(  0.0%)      0.0B(  0.0%)]
         [Old:                  2(100.0%)     40.0K(100.0%)]
   [Total Exec: 42/0.1575410 secs, Idle: 42/11.5027552 secs, Blocked: 1/0.0038934 secs]
      [Inspected:           12466]
         [Skipped:             91(  0.7%)]
         [Hashed:           11397( 91.4%)]
         [Known:              824(  6.6%)]
         [New:              11551( 92.7%)    215.0M]
      [Deduplicated:          311(  2.7%)   1578.2K(  0.7%)]
         [Young:                0(  0.0%)      0.0B(  0.0%)]
         [Old:                311(100.0%)   1578.2K(100.0%)]
   [Table]
      [Memory Usage: 346.3K]
      [Size: 8192, Min: 1024, Max: 16777216]
      [Entries: 12046, Load: 147.0%, Cached: 0, Added: 12064, Removed: 18]
      [Resize Count: 3, Shrink Threshold: 5461(66.7%), Grow Threshold: 16384(200.0%)]
      [Rehash Count: 1, Rehash Threshold: 120, Hash Seed: 0xc4e8cebb]
      [Age Threshold: 3]
   [Queue]
      [Dropped: 0]
2016-06-27T18:00:45.722+0300: 11.979: [GC pause (G1 Evacuation Pause) (young)
Desired survivor size 1048576 bytes, new threshold 1 (max 15)
- age   1:    1841056 bytes,    1841056 total
, 0.0017222 secs]
   [Parallel Time: 1.2 ms, GC Workers: 4]
      [GC Worker Start (ms): Min: 11979.0, Avg: 11979.0, Max: 11979.0, Diff: 0.0]
      [Ext Root Scanning (ms): Min: 0.4, Avg: 0.4, Max: 0.4, Diff: 0.0, Sum: 1.6]
      [Update RS (ms): Min: 0.0, Avg: 0.1, Max: 0.1, Diff: 0.1, Sum: 0.3]
         [Processed Buffers: Min: 1, Avg: 4.0, Max: 8, Diff: 7, Sum: 16]
      [Scan RS (ms): Min: 0.0, Avg: 0.0, Max: 0.0, Diff: 0.0, Sum: 0.0]
      [Code Root Scanning (ms): Min: 0.0, Avg: 0.0, Max: 0.0, Diff: 0.0, Sum: 0.0]
      [Object Copy (ms): Min: 0.6, Avg: 0.6, Max: 0.7, Diff: 0.1, Sum: 2.6]
      [Termination (ms): Min: 0.0, Avg: 0.0, Max: 0.0, Diff: 0.0, Sum: 0.0]
         [Termination Attempts: Min: 1, Avg: 1.0, Max: 1, Diff: 0, Sum: 4]
      [GC Worker Other (ms): Min: 0.0, Avg: 0.0, Max: 0.0, Diff: 0.0, Sum: 0.0]
      [GC Worker Total (ms): Min: 1.1, Avg: 1.1, Max: 1.1, Diff: 0.0, Sum: 4.6]
      [GC Worker End (ms): Min: 11980.1, Avg: 11980.1, Max: 11980.1, Diff: 0.0]
   [Code Root Fixup: 0.0 ms]
   [Code Root Purge: 0.0 ms]
   [String Dedup Fixup: 0.2 ms, GC Workers: 4]
      [Queue Fixup (ms): Min: 0.0, Avg: 0.0, Max: 0.0, Diff: 0.0, Sum: 0.0]
      [Table Fixup (ms): Min: 0.1, Avg: 0.1, Max: 0.1, Diff: 0.0, Sum: 0.5]
   [Clear CT: 0.0 ms]
   [Other: 0.4 ms]
      [Choose CSet: 0.0 ms]
      [Ref Proc: 0.0 ms]
      [Ref Enq: 0.0 ms]
      [Redirty Cards: 0.0 ms]
      [Humongous Register: 0.0 ms]
      [Humongous Reclaim: 0.0 ms]
      [Free CSet: 0.0 ms]
   [Eden: 11.0M(11.0M)->0.0B(11.0M) Survivors: 2048.0K->2048.0K Heap: 263.9M(266.0M)->255.7M(269.0M)]
 [Times: user=0.01 sys=0.00, real=0.00 secs] 
2016-06-27T18:00:45.724+0300: 11.981: Total time for which application threads were stopped: 0.0081725 seconds, Stopping threads took: 0.0059444 seconds
2016-06-27T18:00:45.725+0300: 11.982: [GC concurrent-string-deduplication, 2084.7K->2041.6K(43.1K), avg 0.7%, 0.0015323 secs]
   [Last Exec: 0.0015323 secs, Idle: 0.0946211 secs, Blocked: 0/0.0000000 secs]
      [Inspected:             110]
         [Skipped:              3(  2.7%)]
         [Hashed:             107( 97.3%)]
         [Known:                0(  0.0%)]
         [New:                107( 97.3%)   2084.7K]
      [Deduplicated:            5(  4.7%)     43.1K(  2.1%)]
         [Young:                0(  0.0%)      0.0B(  0.0%)]
         [Old:                  5(100.0%)     43.1K(100.0%)]
   [Total Exec: 43/0.1590733 secs, Idle: 43/11.5973763 secs, Blocked: 1/0.0038934 secs]
      [Inspected:           12576]
         [Skipped:             94(  0.7%)]
         [Hashed:           11504( 91.5%)]
         [Known:              824(  6.6%)]
         [New:              11658( 92.7%)    217.1M]
      [Deduplicated:          316(  2.7%)   1621.3K(  0.7%)]
         [Young:                0(  0.0%)      0.0B(  0.0%)]
         [Old:                316(100.0%)   1621.3K(100.0%)]
   [Table]
      [Memory Usage: 348.7K]
      [Size: 8192, Min: 1024, Max: 16777216]
      [Entries: 12148, Load: 148.3%, Cached: 0, Added: 12166, Removed: 18]
      [Resize Count: 3, Shrink Threshold: 5461(66.7%), Grow Threshold: 16384(200.0%)]
      [Rehash Count: 1, Rehash Threshold: 120, Hash Seed: 0xc4e8cebb]
      [Age Threshold: 3]
   [Queue]
      [Dropped: 0]
2016-06-27T18:00:45.818+0300: 12.075: [GC pause (G1 Evacuation Pause) (young)
Desired survivor size 1048576 bytes, new threshold 1 (max 15)
- age   1:    1596120 bytes,    1596120 total
, 0.0020698 secs]
   [Parallel Time: 1.4 ms, GC Workers: 4]
      [GC Worker Start (ms): Min: 12075.4, Avg: 12075.4, Max: 12075.5, Diff: 0.0]
      [Ext Root Scanning (ms): Min: 0.4, Avg: 0.4, Max: 0.4, Diff: 0.0, Sum: 1.6]
      [Update RS (ms): Min: 0.1, Avg: 0.2, Max: 0.5, Diff: 0.4, Sum: 1.0]
         [Processed Buffers: Min: 1, Avg: 3.8, Max: 8, Diff: 7, Sum: 15]
      [Scan RS (ms): Min: 0.0, Avg: 0.0, Max: 0.0, Diff: 0.0, Sum: 0.0]
      [Code Root Scanning (ms): Min: 0.0, Avg: 0.0, Max: 0.0, Diff: 0.0, Sum: 0.0]
      [Object Copy (ms): Min: 0.5, Avg: 0.7, Max: 0.9, Diff: 0.4, Sum: 2.9]
      [Termination (ms): Min: 0.0, Avg: 0.0, Max: 0.1, Diff: 0.1, Sum: 0.1]
         [Termination Attempts: Min: 1, Avg: 1.0, Max: 1, Diff: 0, Sum: 4]
      [GC Worker Other (ms): Min: 0.0, Avg: 0.0, Max: 0.0, Diff: 0.0, Sum: 0.0]
      [GC Worker Total (ms): Min: 1.4, Avg: 1.4, Max: 1.4, Diff: 0.0, Sum: 5.6]
      [GC Worker End (ms): Min: 12076.9, Avg: 12076.9, Max: 12076.9, Diff: 0.0]
   [Code Root Fixup: 0.0 ms]
   [Code Root Purge: 0.0 ms]
   [String Dedup Fixup: 0.2 ms, GC Workers: 4]
      [Queue Fixup (ms): Min: 0.0, Avg: 0.0, Max: 0.0, Diff: 0.0, Sum: 0.0]
      [Table Fixup (ms): Min: 0.1, Avg: 0.1, Max: 0.1, Diff: 0.0, Sum: 0.5]
   [Clear CT: 0.1 ms]
   [Other: 0.4 ms]
      [Choose CSet: 0.0 ms]
      [Ref Proc: 0.1 ms]
      [Ref Enq: 0.0 ms]
      [Redirty Cards: 0.0 ms]
      [Humongous Register: 0.0 ms]
      [Humongous Reclaim: 0.0 ms]
      [Free CSet: 0.0 ms]
   [Eden: 11.0M(11.0M)->0.0B(11.0M) Survivors: 2048.0K->2048.0K Heap: 266.7M(269.0M)->259.9M(273.0M)]
 [Times: user=0.00 sys=0.00, real=0.00 secs] 
2016-06-27T18:00:45.820+0300: 12.078: Total time for which application threads were stopped: 0.0087032 seconds, Stopping threads took: 0.0061005 seconds
2016-06-27T18:00:45.822+0300: 12.079: [GC concurrent-string-deduplication, 1942.5K->1921.5K(21.0K), avg 0.7%, 0.0013783 secs]
   [Last Exec: 0.0013783 secs, Idle: 0.0951907 secs, Blocked: 0/0.0000000 secs]
      [Inspected:              98]
         [Skipped:              0(  0.0%)]
         [Hashed:              98(100.0%)]
         [Known:                0(  0.0%)]
         [New:                 98(100.0%)   1942.5K]
      [Deduplicated:            2(  2.0%)     21.0K(  1.1%)]
         [Young:                0(  0.0%)      0.0B(  0.0%)]
         [Old:                  2(100.0%)     21.0K(100.0%)]
   [Total Exec: 44/0.1604516 secs, Idle: 44/11.6925670 secs, Blocked: 1/0.0038934 secs]
      [Inspected:           12674]
         [Skipped:             94(  0.7%)]
         [Hashed:           11602( 91.5%)]
         [Known:              824(  6.5%)]
         [New:              11756( 92.8%)    219.0M]
      [Deduplicated:          318(  2.7%)   1642.3K(  0.7%)]
         [Young:                0(  0.0%)      0.0B(  0.0%)]
         [Old:                318(100.0%)   1642.3K(100.0%)]
   [Table]
      [Memory Usage: 351.0K]
      [Size: 8192, Min: 1024, Max: 16777216]
      [Entries: 12244, Load: 149.5%, Cached: 0, Added: 12262, Removed: 18]
      [Resize Count: 3, Shrink Threshold: 5461(66.7%), Grow Threshold: 16384(200.0%)]
      [Rehash Count: 1, Rehash Threshold: 120, Hash Seed: 0xc4e8cebb]
      [Age Threshold: 3]
   [Queue]
      [Dropped: 0]
2016-06-27T18:00:45.916+0300: 12.174: [GC pause (G1 Evacuation Pause) (young)
Desired survivor size 1048576 bytes, new threshold 1 (max 15)
- age   1:    1386240 bytes,    1386240 total
, 0.0016589 secs]
   [Parallel Time: 1.2 ms, GC Workers: 4]
      [GC Worker Start (ms): Min: 12173.9, Avg: 12174.0, Max: 12174.0, Diff: 0.0]
      [Ext Root Scanning (ms): Min: 0.4, Avg: 0.4, Max: 0.4, Diff: 0.0, Sum: 1.6]
      [Update RS (ms): Min: 0.1, Avg: 0.1, Max: 0.1, Diff: 0.1, Sum: 0.5]
         [Processed Buffers: Min: 1, Avg: 3.5, Max: 9, Diff: 8, Sum: 14]
      [Scan RS (ms): Min: 0.0, Avg: 0.0, Max: 0.0, Diff: 0.0, Sum: 0.0]
      [Code Root Scanning (ms): Min: 0.0, Avg: 0.0, Max: 0.0, Diff: 0.0, Sum: 0.0]
      [Object Copy (ms): Min: 0.5, Avg: 0.6, Max: 0.6, Diff: 0.1, Sum: 2.3]
      [Termination (ms): Min: 0.0, Avg: 0.0, Max: 0.0, Diff: 0.0, Sum: 0.0]
         [Termination Attempts: Min: 1, Avg: 1.0, Max: 1, Diff: 0, Sum: 4]
      [GC Worker Other (ms): Min: 0.0, Avg: 0.0, Max: 0.0, Diff: 0.0, Sum: 0.0]
      [GC Worker Total (ms): Min: 1.1, Avg: 1.1, Max: 1.1, Diff: 0.0, Sum: 4.5]
      [GC Worker End (ms): Min: 12175.1, Avg: 12175.1, Max: 12175.1, Diff: 0.0]
   [Code Root Fixup: 0.0 ms]
   [Code Root Purge: 0.0 ms]
   [String Dedup Fixup: 0.1 ms, GC Workers: 4]
      [Queue Fixup (ms): Min: 0.0, Avg: 0.0, Max: 0.0, Diff: 0.0, Sum: 0.0]
      [Table Fixup (ms): Min: 0.1, Avg: 0.1, Max: 0.1, Diff: 0.0, Sum: 0.5]
   [Clear CT: 0.0 ms]
   [Other: 0.3 ms]
      [Choose CSet: 0.0 ms]
      [Ref Proc: 0.0 ms]
      [Ref Enq: 0.0 ms]
      [Redirty Cards: 0.0 ms]
      [Humongous Register: 0.0 ms]
      [Humongous Reclaim: 0.0 ms]
      [Free CSet: 0.0 ms]
   [Eden: 11.0M(11.0M)->0.0B(11.0M) Survivors: 2048.0K->2048.0K Heap: 270.9M(273.0M)->262.6M(276.0M)]
 [Times: user=0.00 sys=0.00, real=0.00 secs] 
2016-06-27T18:00:45.918+0300: 12.176: Total time for which application threads were stopped: 0.0104976 seconds, Stopping threads took: 0.0083025 seconds
2016-06-27T18:00:45.920+0300: 12.177: [GC concurrent-string-deduplication, 1804.5K->1801.4K(3120.0B), avg 0.7%, 0.0013129 secs]
   [Last Exec: 0.0013129 secs, Idle: 0.0966345 secs, Blocked: 0/0.0000000 secs]
      [Inspected:              95]
         [Skipped:              2(  2.1%)]
         [Hashed:              93( 97.9%)]
         [Known:                0(  0.0%)]
         [New:                 93( 97.9%)   1804.5K]
      [Deduplicated:            3(  3.2%)   3120.0B(  0.2%)]
         [Young:                0(  0.0%)      0.0B(  0.0%)]
         [Old:                  3(100.0%)   3120.0B(100.0%)]
   [Total Exec: 45/0.1617645 secs, Idle: 45/11.7892015 secs, Blocked: 1/0.0038934 secs]
      [Inspected:           12769]
         [Skipped:             96(  0.8%)]
         [Hashed:           11695( 91.6%)]
         [Known:              824(  6.5%)]
         [New:              11849( 92.8%)    220.7M]
      [Deduplicated:          321(  2.7%)   1645.4K(  0.7%)]
         [Young:                0(  0.0%)      0.0B(  0.0%)]
         [Old:                321(100.0%)   1645.4K(100.0%)]
   [Table]
      [Memory Usage: 353.1K]
      [Size: 8192, Min: 1024, Max: 16777216]
      [Entries: 12334, Load: 150.6%, Cached: 0, Added: 12352, Removed: 18]
      [Resize Count: 3, Shrink Threshold: 5461(66.7%), Grow Threshold: 16384(200.0%)]
      [Rehash Count: 1, Rehash Threshold: 120, Hash Seed: 0xc4e8cebb]
      [Age Threshold: 3]
   [Queue]
      [Dropped: 0]
2016-06-27T18:00:46.017+0300: 12.274: [GC pause (G1 Evacuation Pause) (young)
Desired survivor size 1048576 bytes, new threshold 1 (max 15)
- age   1:    1380648 bytes,    1380648 total
, 0.0017457 secs]
   [Parallel Time: 1.2 ms, GC Workers: 4]
      [GC Worker Start (ms): Min: 12274.3, Avg: 12274.3, Max: 12274.3, Diff: 0.0]
      [Ext Root Scanning (ms): Min: 0.4, Avg: 0.5, Max: 0.8, Diff: 0.4, Sum: 2.0]
      [Update RS (ms): Min: 0.0, Avg: 0.1, Max: 0.2, Diff: 0.2, Sum: 0.4]
         [Processed Buffers: Min: 0, Avg: 3.5, Max: 10, Diff: 10, Sum: 14]
      [Scan RS (ms): Min: 0.0, Avg: 0.0, Max: 0.0, Diff: 0.0, Sum: 0.0]
      [Code Root Scanning (ms): Min: 0.0, Avg: 0.0, Max: 0.0, Diff: 0.0, Sum: 0.0]
      [Object Copy (ms): Min: 0.4, Avg: 0.6, Max: 0.6, Diff: 0.3, Sum: 2.3]
      [Termination (ms): Min: 0.0, Avg: 0.0, Max: 0.0, Diff: 0.0, Sum: 0.0]
         [Termination Attempts: Min: 1, Avg: 1.0, Max: 1, Diff: 0, Sum: 4]
      [GC Worker Other (ms): Min: 0.0, Avg: 0.0, Max: 0.0, Diff: 0.0, Sum: 0.0]
      [GC Worker Total (ms): Min: 1.2, Avg: 1.2, Max: 1.2, Diff: 0.0, Sum: 4.8]
      [GC Worker End (ms): Min: 12275.5, Avg: 12275.5, Max: 12275.5, Diff: 0.0]
   [Code Root Fixup: 0.0 ms]
   [Code Root Purge: 0.0 ms]
   [String Dedup Fixup: 0.1 ms, GC Workers: 4]
      [Queue Fixup (ms): Min: 0.0, Avg: 0.0, Max: 0.0, Diff: 0.0, Sum: 0.0]
      [Table Fixup (ms): Min: 0.1, Avg: 0.1, Max: 0.1, Diff: 0.0, Sum: 0.5]
   [Clear CT: 0.0 ms]
   [Other: 0.3 ms]
      [Choose CSet: 0.0 ms]
      [Ref Proc: 0.0 ms]
      [Ref Enq: 0.0 ms]
      [Redirty Cards: 0.0 ms]
      [Humongous Register: 0.0 ms]
      [Humongous Reclaim: 0.0 ms]
      [Free CSet: 0.0 ms]
   [Eden: 11.0M(11.0M)->0.0B(11.0M) Survivors: 2048.0K->2048.0K Heap: 273.6M(276.0M)->265.9M(279.0M)]
 [Times: user=0.00 sys=0.00, real=0.00 secs] 
2016-06-27T18:00:46.019+0300: 12.276: Total time for which application threads were stopped: 0.0125063 seconds, Stopping threads took: 0.0101859 seconds
2016-06-27T18:00:46.020+0300: 12.277: [GC concurrent-string-deduplication, 1482.2K->1481.2K(1040.0B), avg 0.7%, 0.0010302 secs]
   [Last Exec: 0.0010302 secs, Idle: 0.0990858 secs, Blocked: 0/0.0000000 secs]
      [Inspected:              79]
         [Skipped:              4(  5.1%)]
         [Hashed:              75( 94.9%)]
         [Known:                0(  0.0%)]
         [New:                 75( 94.9%)   1482.2K]
      [Deduplicated:            1(  1.3%)   1040.0B(  0.1%)]
         [Young:                0(  0.0%)      0.0B(  0.0%)]
         [Old:                  1(100.0%)   1040.0B(100.0%)]
   [Total Exec: 46/0.1627948 secs, Idle: 46/11.8882873 secs, Blocked: 1/0.0038934 secs]
      [Inspected:           12848]
         [Skipped:            100(  0.8%)]
         [Hashed:           11770( 91.6%)]
         [Known:              824(  6.4%)]
         [New:              11924( 92.8%)    222.2M]
      [Deduplicated:          322(  2.7%)   1646.4K(  0.7%)]
         [Young:                0(  0.0%)      0.0B(  0.0%)]
         [Old:                322(100.0%)   1646.4K(100.0%)]
   [Table]
      [Memory Usage: 354.8K]
      [Size: 8192, Min: 1024, Max: 16777216]
      [Entries: 12408, Load: 151.5%, Cached: 0, Added: 12426, Removed: 18]
      [Resize Count: 3, Shrink Threshold: 5461(66.7%), Grow Threshold: 16384(200.0%)]
      [Rehash Count: 1, Rehash Threshold: 120, Hash Seed: 0xc4e8cebb]
      [Age Threshold: 3]
   [Queue]
      [Dropped: 0]
2016-06-27T18:00:46.113+0300: 12.371: [GC pause (G1 Evacuation Pause) (young)
Desired survivor size 1048576 bytes, new threshold 1 (max 15)
- age   1:    1591936 bytes,    1591936 total
, 0.0017782 secs]
   [Parallel Time: 1.2 ms, GC Workers: 4]
      [GC Worker Start (ms): Min: 12371.1, Avg: 12371.1, Max: 12371.1, Diff: 0.1]
      [Ext Root Scanning (ms): Min: 0.4, Avg: 0.5, Max: 0.5, Diff: 0.1, Sum: 1.9]
      [Update RS (ms): Min: 0.0, Avg: 0.1, Max: 0.2, Diff: 0.2, Sum: 0.4]
         [Processed Buffers: Min: 1, Avg: 3.5, Max: 5, Diff: 4, Sum: 14]
      [Scan RS (ms): Min: 0.0, Avg: 0.0, Max: 0.0, Diff: 0.0, Sum: 0.0]
      [Code Root Scanning (ms): Min: 0.0, Avg: 0.0, Max: 0.0, Diff: 0.0, Sum: 0.0]
      [Object Copy (ms): Min: 0.5, Avg: 0.6, Max: 0.7, Diff: 0.1, Sum: 2.4]
      [Termination (ms): Min: 0.0, Avg: 0.0, Max: 0.0, Diff: 0.0, Sum: 0.0]
         [Termination Attempts: Min: 1, Avg: 1.0, Max: 1, Diff: 0, Sum: 4]
      [GC Worker Other (ms): Min: 0.0, Avg: 0.0, Max: 0.0, Diff: 0.0, Sum: 0.0]
      [GC Worker Total (ms): Min: 1.2, Avg: 1.2, Max: 1.2, Diff: 0.1, Sum: 4.8]
      [GC Worker End (ms): Min: 12372.3, Avg: 12372.3, Max: 12372.3, Diff: 0.0]
   [Code Root Fixup: 0.0 ms]
   [Code Root Purge: 0.0 ms]
   [String Dedup Fixup: 0.2 ms, GC Workers: 4]
      [Queue Fixup (ms): Min: 0.0, Avg: 0.0, Max: 0.0, Diff: 0.0, Sum: 0.0]
      [Table Fixup (ms): Min: 0.1, Avg: 0.1, Max: 0.1, Diff: 0.0, Sum: 0.5]
   [Clear CT: 0.0 ms]
   [Other: 0.3 ms]
      [Choose CSet: 0.0 ms]
      [Ref Proc: 0.0 ms]
      [Ref Enq: 0.0 ms]
      [Redirty Cards: 0.0 ms]
      [Humongous Register: 0.0 ms]
      [Humongous Reclaim: 0.0 ms]
      [Free CSet: 0.0 ms]
   [Eden: 11.0M(11.0M)->0.0B(12.0M) Survivors: 2048.0K->2048.0K Heap: 276.9M(279.0M)->268.8M(282.0M)]
 [Times: user=0.02 sys=0.00, real=0.00 secs] 
2016-06-27T18:00:46.116+0300: 12.373: Total time for which application threads were stopped: 0.0100315 seconds, Stopping threads took: 0.0076995 seconds
2016-06-27T18:00:46.117+0300: 12.374: [GC concurrent-string-deduplication, 1864.5K->1821.4K(43.1K), avg 0.7%, 0.0013022 secs]
   [Last Exec: 0.0013022 secs, Idle: 0.0956812 secs, Blocked: 0/0.0000000 secs]
      [Inspected:             100]
         [Skipped:              4(  4.0%)]
         [Hashed:              96( 96.0%)]
         [Known:                0(  0.0%)]
         [New:                 96( 96.0%)   1864.5K]
      [Deduplicated:            5(  5.2%)     43.1K(  2.3%)]
         [Young:                0(  0.0%)      0.0B(  0.0%)]
         [Old:                  5(100.0%)     43.1K(100.0%)]
   [Total Exec: 47/0.1640970 secs, Idle: 47/11.9839685 secs, Blocked: 1/0.0038934 secs]
      [Inspected:           12948]
         [Skipped:            104(  0.8%)]
         [Hashed:           11866( 91.6%)]
         [Known:              824(  6.4%)]
         [New:              12020( 92.8%)    224.0M]
      [Deduplicated:          327(  2.7%)   1689.5K(  0.7%)]
         [Young:                0(  0.0%)      0.0B(  0.0%)]
         [Old:                327(100.0%)   1689.5K(100.0%)]
   [Table]
      [Memory Usage: 356.9K]
      [Size: 8192, Min: 1024, Max: 16777216]
      [Entries: 12499, Load: 152.6%, Cached: 0, Added: 12517, Removed: 18]
      [Resize Count: 3, Shrink Threshold: 5461(66.7%), Grow Threshold: 16384(200.0%)]
      [Rehash Count: 1, Rehash Threshold: 120, Hash Seed: 0xc4e8cebb]
      [Age Threshold: 3]
   [Queue]
      [Dropped: 0]
2016-06-27T18:00:46.205+0300: 12.462: [GC pause (G1 Evacuation Pause) (young)
Desired survivor size 1048576 bytes, new threshold 1 (max 15)
- age   1:    1457160 bytes,    1457160 total
, 0.0018868 secs]
   [Parallel Time: 1.4 ms, GC Workers: 4]
      [GC Worker Start (ms): Min: 12462.5, Avg: 12462.5, Max: 12462.5, Diff: 0.0]
      [Ext Root Scanning (ms): Min: 0.4, Avg: 0.4, Max: 0.4, Diff: 0.0, Sum: 1.7]
      [Update RS (ms): Min: 0.0, Avg: 0.1, Max: 0.2, Diff: 0.1, Sum: 0.4]
         [Processed Buffers: Min: 2, Avg: 3.5, Max: 6, Diff: 4, Sum: 14]
      [Scan RS (ms): Min: 0.0, Avg: 0.0, Max: 0.0, Diff: 0.0, Sum: 0.0]
      [Code Root Scanning (ms): Min: 0.0, Avg: 0.0, Max: 0.0, Diff: 0.0, Sum: 0.0]
      [Object Copy (ms): Min: 0.7, Avg: 0.8, Max: 0.8, Diff: 0.1, Sum: 3.1]
      [Termination (ms): Min: 0.0, Avg: 0.0, Max: 0.0, Diff: 0.0, Sum: 0.0]
         [Termination Attempts: Min: 1, Avg: 1.0, Max: 1, Diff: 0, Sum: 4]
      [GC Worker Other (ms): Min: 0.0, Avg: 0.0, Max: 0.0, Diff: 0.0, Sum: 0.0]
      [GC Worker Total (ms): Min: 1.3, Avg: 1.3, Max: 1.3, Diff: 0.0, Sum: 5.3]
      [GC Worker End (ms): Min: 12463.8, Avg: 12463.8, Max: 12463.8, Diff: 0.0]
   [Code Root Fixup: 0.0 ms]
   [Code Root Purge: 0.0 ms]
   [String Dedup Fixup: 0.1 ms, GC Workers: 4]
      [Queue Fixup (ms): Min: 0.0, Avg: 0.0, Max: 0.0, Diff: 0.0, Sum: 0.0]
      [Table Fixup (ms): Min: 0.1, Avg: 0.1, Max: 0.1, Diff: 0.0, Sum: 0.5]
   [Clear CT: 0.1 ms]
   [Other: 0.3 ms]
      [Choose CSet: 0.0 ms]
      [Ref Proc: 0.0 ms]
      [Ref Enq: 0.0 ms]
      [Redirty Cards: 0.0 ms]
      [Humongous Register: 0.0 ms]
      [Humongous Reclaim: 0.0 ms]
      [Free CSet: 0.0 ms]
   [Eden: 12.0M(12.0M)->0.0B(12.0M) Survivors: 2048.0K->2048.0K Heap: 280.8M(282.0M)->272.0M(286.0M)]
 [Times: user=0.00 sys=0.00, real=0.00 secs] 
2016-06-27T18:00:46.207+0300: 12.464: Total time for which application threads were stopped: 0.0045900 seconds, Stopping threads took: 0.0021669 seconds
2016-06-27T18:00:46.208+0300: 12.466: [GC concurrent-string-deduplication, 1864.5K->1841.4K(23.1K), avg 0.7%, 0.0013236 secs]
   [Last Exec: 0.0013236 secs, Idle: 0.0900884 secs, Blocked: 0/0.0000000 secs]
      [Inspected:              97]
         [Skipped:              1(  1.0%)]
         [Hashed:              96( 99.0%)]
         [Known:                0(  0.0%)]
         [New:                 96( 99.0%)   1864.5K]
      [Deduplicated:            4(  4.2%)     23.1K(  1.2%)]
         [Young:                0(  0.0%)      0.0B(  0.0%)]
         [Old:                  4(100.0%)     23.1K(100.0%)]
   [Total Exec: 48/0.1654206 secs, Idle: 48/12.0740569 secs, Blocked: 1/0.0038934 secs]
      [Inspected:           13045]
         [Skipped:            105(  0.8%)]
         [Hashed:           11962( 91.7%)]
         [Known:              824(  6.3%)]
         [New:              12116( 92.9%)    225.8M]
      [Deduplicated:          331(  2.7%)   1712.5K(  0.7%)]
         [Young:                0(  0.0%)      0.0B(  0.0%)]
         [Old:                331(100.0%)   1712.5K(100.0%)]
   [Table]
      [Memory Usage: 359.1K]
      [Size: 8192, Min: 1024, Max: 16777216]
      [Entries: 12591, Load: 153.7%, Cached: 0, Added: 12609, Removed: 18]
      [Resize Count: 3, Shrink Threshold: 5461(66.7%), Grow Threshold: 16384(200.0%)]
      [Rehash Count: 1, Rehash Threshold: 120, Hash Seed: 0xc4e8cebb]
      [Age Threshold: 3]
   [Queue]
      [Dropped: 0]
2016-06-27T18:00:46.306+0300: 12.563: [GC pause (G1 Evacuation Pause) (young)
Desired survivor size 1048576 bytes, new threshold 1 (max 15)
- age   1:    1426280 bytes,    1426280 total
, 0.0022858 secs]
   [Parallel Time: 1.6 ms, GC Workers: 4]
      [GC Worker Start (ms): Min: 12563.4, Avg: 12563.4, Max: 12563.4, Diff: 0.0]
      [Ext Root Scanning (ms): Min: 0.4, Avg: 0.4, Max: 0.4, Diff: 0.0, Sum: 1.7]
      [Update RS (ms): Min: 0.1, Avg: 0.1, Max: 0.2, Diff: 0.1, Sum: 0.4]
         [Processed Buffers: Min: 1, Avg: 3.8, Max: 10, Diff: 9, Sum: 15]
      [Scan RS (ms): Min: 0.0, Avg: 0.0, Max: 0.0, Diff: 0.0, Sum: 0.0]
      [Code Root Scanning (ms): Min: 0.0, Avg: 0.0, Max: 0.0, Diff: 0.0, Sum: 0.0]
      [Object Copy (ms): Min: 0.6, Avg: 0.7, Max: 0.7, Diff: 0.1, Sum: 2.7]
      [Termination (ms): Min: 0.0, Avg: 0.0, Max: 0.0, Diff: 0.0, Sum: 0.0]
         [Termination Attempts: Min: 1, Avg: 1.0, Max: 1, Diff: 0, Sum: 4]
      [GC Worker Other (ms): Min: 0.0, Avg: 0.1, Max: 0.4, Diff: 0.4, Sum: 0.4]
      [GC Worker Total (ms): Min: 1.2, Avg: 1.3, Max: 1.6, Diff: 0.4, Sum: 5.3]
      [GC Worker End (ms): Min: 12564.6, Avg: 12564.7, Max: 12565.0, Diff: 0.4]
   [Code Root Fixup: 0.0 ms]
   [Code Root Purge: 0.0 ms]
   [String Dedup Fixup: 0.1 ms, GC Workers: 4]
      [Queue Fixup (ms): Min: 0.0, Avg: 0.0, Max: 0.0, Diff: 0.0, Sum: 0.0]
      [Table Fixup (ms): Min: 0.1, Avg: 0.1, Max: 0.1, Diff: 0.0, Sum: 0.5]
   [Clear CT: 0.1 ms]
   [Other: 0.4 ms]
      [Choose CSet: 0.0 ms]
      [Ref Proc: 0.0 ms]
      [Ref Enq: 0.0 ms]
      [Redirty Cards: 0.1 ms]
      [Humongous Register: 0.0 ms]
      [Humongous Reclaim: 0.0 ms]
      [Free CSet: 0.0 ms]
   [Eden: 12.0M(12.0M)->0.0B(12.0M) Survivors: 2048.0K->2048.0K Heap: 284.0M(286.0M)->275.5M(290.0M)]
 [Times: user=0.00 sys=0.00, real=0.00 secs] 
2016-06-27T18:00:46.309+0300: 12.566: Total time for which application threads were stopped: 0.0078466 seconds, Stopping threads took: 0.0047299 seconds
2016-06-27T18:00:46.311+0300: 12.568: [GC concurrent-string-deduplication, 2083.7K->2081.6K(2080.0B), avg 0.7%, 0.0015186 secs]
   [Last Exec: 0.0015186 secs, Idle: 0.1002580 secs, Blocked: 0/0.0000000 secs]
      [Inspected:             106]
         [Skipped:              0(  0.0%)]
         [Hashed:             106(100.0%)]
         [Known:                0(  0.0%)]
         [New:                106(100.0%)   2083.7K]
      [Deduplicated:            2(  1.9%)   2080.0B(  0.1%)]
         [Young:                0(  0.0%)      0.0B(  0.0%)]
         [Old:                  2(100.0%)   2080.0B(100.0%)]
   [Total Exec: 49/0.1669392 secs, Idle: 49/12.1743149 secs, Blocked: 1/0.0038934 secs]
      [Inspected:           13151]
         [Skipped:            105(  0.8%)]
         [Hashed:           12068( 91.8%)]
         [Known:              824(  6.3%)]
         [New:              12222( 92.9%)    227.8M]
      [Deduplicated:          333(  2.7%)   1714.5K(  0.7%)]
         [Young:                0(  0.0%)      0.0B(  0.0%)]
         [Old:                333(100.0%)   1714.5K(100.0%)]
   [Table]
      [Memory Usage: 361.5K]
      [Size: 8192, Min: 1024, Max: 16777216]
      [Entries: 12695, Load: 155.0%, Cached: 0, Added: 12713, Removed: 18]
      [Resize Count: 3, Shrink Threshold: 5461(66.7%), Grow Threshold: 16384(200.0%)]
      [Rehash Count: 1, Rehash Threshold: 120, Hash Seed: 0xc4e8cebb]
      [Age Threshold: 3]
   [Queue]
      [Dropped: 0]
2016-06-27T18:00:46.409+0300: 12.666: [GC pause (G1 Evacuation Pause) (young)
Desired survivor size 1048576 bytes, new threshold 1 (max 15)
- age   1:    1387584 bytes,    1387584 total
, 0.0016897 secs]
   [Parallel Time: 1.2 ms, GC Workers: 4]
      [GC Worker Start (ms): Min: 12666.3, Avg: 12666.3, Max: 12666.3, Diff: 0.0]
      [Ext Root Scanning (ms): Min: 0.4, Avg: 0.4, Max: 0.4, Diff: 0.0, Sum: 1.6]
      [Update RS (ms): Min: 0.0, Avg: 0.1, Max: 0.2, Diff: 0.1, Sum: 0.4]
         [Processed Buffers: Min: 1, Avg: 3.3, Max: 5, Diff: 4, Sum: 13]
      [Scan RS (ms): Min: 0.0, Avg: 0.0, Max: 0.0, Diff: 0.0, Sum: 0.0]
      [Code Root Scanning (ms): Min: 0.0, Avg: 0.0, Max: 0.0, Diff: 0.0, Sum: 0.0]
      [Object Copy (ms): Min: 0.6, Avg: 0.6, Max: 0.7, Diff: 0.1, Sum: 2.5]
      [Termination (ms): Min: 0.0, Avg: 0.0, Max: 0.0, Diff: 0.0, Sum: 0.0]
         [Termination Attempts: Min: 1, Avg: 1.0, Max: 1, Diff: 0, Sum: 4]
      [GC Worker Other (ms): Min: 0.0, Avg: 0.0, Max: 0.0, Diff: 0.0, Sum: 0.0]
      [GC Worker Total (ms): Min: 1.1, Avg: 1.2, Max: 1.2, Diff: 0.0, Sum: 4.6]
      [GC Worker End (ms): Min: 12667.5, Avg: 12667.5, Max: 12667.5, Diff: 0.0]
   [Code Root Fixup: 0.0 ms]
   [Code Root Purge: 0.0 ms]
   [String Dedup Fixup: 0.1 ms, GC Workers: 4]
      [Queue Fixup (ms): Min: 0.0, Avg: 0.0, Max: 0.0, Diff: 0.0, Sum: 0.0]
      [Table Fixup (ms): Min: 0.1, Avg: 0.1, Max: 0.1, Diff: 0.0, Sum: 0.5]
   [Clear CT: 0.0 ms]
   [Other: 0.3 ms]
      [Choose CSet: 0.0 ms]
      [Ref Proc: 0.0 ms]
      [Ref Enq: 0.0 ms]
      [Redirty Cards: 0.0 ms]
      [Humongous Register: 0.0 ms]
      [Humongous Reclaim: 0.0 ms]
      [Free CSet: 0.0 ms]
   [Eden: 12.0M(12.0M)->0.0B(12.0M) Survivors: 2048.0K->2048.0K Heap: 287.5M(290.0M)->279.0M(293.0M)]
 [Times: user=0.00 sys=0.00, real=0.00 secs] 
2016-06-27T18:00:46.411+0300: 12.668: Total time for which application threads were stopped: 0.0055197 seconds, Stopping threads took: 0.0033058 seconds
2016-06-27T18:00:46.412+0300: 12.669: [GC concurrent-string-deduplication, 1881.5K->1881.5K(0.0B), avg 0.7%, 0.0013167 secs]
   [Last Exec: 0.0013167 secs, Idle: 0.1004167 secs, Blocked: 0/0.0000000 secs]
      [Inspected:             100]
         [Skipped:              6(  6.0%)]
         [Hashed:              94( 94.0%)]
         [Known:                0(  0.0%)]
         [New:                 94( 94.0%)   1881.5K]
      [Deduplicated:            0(  0.0%)      0.0B(  0.0%)]
         [Young:                0(  0.0%)      0.0B(  0.0%)]
         [Old:                  0(  0.0%)      0.0B(  0.0%)]
   [Total Exec: 50/0.1682559 secs, Idle: 50/12.2747316 secs, Blocked: 1/0.0038934 secs]
      [Inspected:           13251]
         [Skipped:            111(  0.8%)]
         [Hashed:           12162( 91.8%)]
         [Known:              824(  6.2%)]
         [New:              12316( 92.9%)    229.7M]
      [Deduplicated:          333(  2.7%)   1714.5K(  0.7%)]
         [Young:                0(  0.0%)      0.0B(  0.0%)]
         [Old:                333(100.0%)   1714.5K(100.0%)]
   [Table]
      [Memory Usage: 363.7K]
      [Size: 8192, Min: 1024, Max: 16777216]
      [Entries: 12789, Load: 156.1%, Cached: 0, Added: 12807, Removed: 18]
      [Resize Count: 3, Shrink Threshold: 5461(66.7%), Grow Threshold: 16384(200.0%)]
      [Rehash Count: 1, Rehash Threshold: 120, Hash Seed: 0xc4e8cebb]
      [Age Threshold: 3]
   [Queue]
      [Dropped: 0]
2016-06-27T18:00:46.505+0300: 12.762: [GC pause (G1 Evacuation Pause) (young)
Desired survivor size 1048576 bytes, new threshold 1 (max 15)
- age   1:    1380096 bytes,    1380096 total
, 0.0025043 secs]
   [Parallel Time: 1.8 ms, GC Workers: 4]
      [GC Worker Start (ms): Min: 12762.0, Avg: 12762.0, Max: 12762.1, Diff: 0.1]
      [Ext Root Scanning (ms): Min: 0.4, Avg: 0.4, Max: 0.5, Diff: 0.1, Sum: 1.7]
      [Update RS (ms): Min: 0.0, Avg: 0.1, Max: 0.2, Diff: 0.2, Sum: 0.4]
         [Processed Buffers: Min: 0, Avg: 3.5, Max: 7, Diff: 7, Sum: 14]
      [Scan RS (ms): Min: 0.0, Avg: 0.0, Max: 0.0, Diff: 0.0, Sum: 0.0]
      [Code Root Scanning (ms): Min: 0.0, Avg: 0.0, Max: 0.0, Diff: 0.0, Sum: 0.0]
      [Object Copy (ms): Min: 1.2, Avg: 1.2, Max: 1.3, Diff: 0.1, Sum: 4.8]
      [Termination (ms): Min: 0.0, Avg: 0.0, Max: 0.1, Diff: 0.1, Sum: 0.1]
         [Termination Attempts: Min: 1, Avg: 1.0, Max: 1, Diff: 0, Sum: 4]
      [GC Worker Other (ms): Min: 0.0, Avg: 0.0, Max: 0.0, Diff: 0.0, Sum: 0.0]
      [GC Worker Total (ms): Min: 1.7, Avg: 1.8, Max: 1.8, Diff: 0.1, Sum: 7.1]
      [GC Worker End (ms): Min: 12763.8, Avg: 12763.8, Max: 12763.8, Diff: 0.0]
   [Code Root Fixup: 0.0 ms]
   [Code Root Purge: 0.0 ms]
   [String Dedup Fixup: 0.3 ms, GC Workers: 4]
      [Queue Fixup (ms): Min: 0.0, Avg: 0.0, Max: 0.0, Diff: 0.0, Sum: 0.0]
      [Table Fixup (ms): Min: 0.0, Avg: 0.1, Max: 0.3, Diff: 0.3, Sum: 0.5]
   [Clear CT: 0.0 ms]
   [Other: 0.4 ms]
      [Choose CSet: 0.0 ms]
      [Ref Proc: 0.1 ms]
      [Ref Enq: 0.0 ms]
      [Redirty Cards: 0.0 ms]
      [Humongous Register: 0.0 ms]
      [Humongous Reclaim: 0.0 ms]
      [Free CSet: 0.0 ms]
   [Eden: 12.0M(12.0M)->0.0B(12.0M) Survivors: 2048.0K->2048.0K Heap: 291.0M(293.0M)->281.3M(296.0M)]
 [Times: user=0.00 sys=0.00, real=0.00 secs] 
2016-06-27T18:00:46.507+0300: 12.765: Total time for which application threads were stopped: 0.0054145 seconds, Stopping threads took: 0.0023299 seconds
2016-06-27T18:00:46.508+0300: 12.766: [GC concurrent-string-deduplication, 1363.1K->1341.0K(22.0K), avg 0.7%, 0.0008459 secs]
   [Last Exec: 0.0008459 secs, Idle: 0.0951548 secs, Blocked: 0/0.0000000 secs]
      [Inspected:              71]
         [Skipped:              1(  1.4%)]
         [Hashed:              70( 98.6%)]
         [Known:                0(  0.0%)]
         [New:                 70( 98.6%)   1363.1K]
      [Deduplicated:            3(  4.3%)     22.0K(  1.6%)]
         [Young:                0(  0.0%)      0.0B(  0.0%)]
         [Old:                  3(100.0%)     22.0K(100.0%)]
   [Total Exec: 51/0.1691018 secs, Idle: 51/12.3698864 secs, Blocked: 1/0.0038934 secs]
      [Inspected:           13322]
         [Skipped:            112(  0.8%)]
         [Hashed:           12232( 91.8%)]
         [Known:              824(  6.2%)]
         [New:              12386( 93.0%)    231.0M]
      [Deduplicated:          336(  2.7%)   1736.6K(  0.7%)]
         [Young:                0(  0.0%)      0.0B(  0.0%)]
         [Old:                336(100.0%)   1736.6K(100.0%)]
   [Table]
      [Memory Usage: 365.3K]
      [Size: 8192, Min: 1024, Max: 16777216]
      [Entries: 12856, Load: 156.9%, Cached: 0, Added: 12874, Removed: 18]
      [Resize Count: 3, Shrink Threshold: 5461(66.7%), Grow Threshold: 16384(200.0%)]
      [Rehash Count: 1, Rehash Threshold: 120, Hash Seed: 0xc4e8cebb]
      [Age Threshold: 3]
   [Queue]
      [Dropped: 0]
2016-06-27T18:00:46.591+0300: 12.849: [GC pause (G1 Evacuation Pause) (young)
Desired survivor size 1048576 bytes, new threshold 1 (max 15)
- age   1:    1913576 bytes,    1913576 total
, 0.0018996 secs]
   [Parallel Time: 1.3 ms, GC Workers: 4]
      [GC Worker Start (ms): Min: 12848.8, Avg: 12848.8, Max: 12848.8, Diff: 0.0]
      [Ext Root Scanning (ms): Min: 0.4, Avg: 0.4, Max: 0.5, Diff: 0.1, Sum: 1.8]
      [Update RS (ms): Min: 0.0, Avg: 0.1, Max: 0.3, Diff: 0.3, Sum: 0.4]
         [Processed Buffers: Min: 0, Avg: 3.3, Max: 8, Diff: 8, Sum: 13]
      [Scan RS (ms): Min: 0.0, Avg: 0.0, Max: 0.0, Diff: 0.0, Sum: 0.0]
      [Code Root Scanning (ms): Min: 0.0, Avg: 0.0, Max: 0.0, Diff: 0.0, Sum: 0.0]
      [Object Copy (ms): Min: 0.6, Avg: 0.7, Max: 0.8, Diff: 0.2, Sum: 2.9]
      [Termination (ms): Min: 0.0, Avg: 0.0, Max: 0.0, Diff: 0.0, Sum: 0.0]
         [Termination Attempts: Min: 1, Avg: 1.0, Max: 1, Diff: 0, Sum: 4]
      [GC Worker Other (ms): Min: 0.0, Avg: 0.0, Max: 0.0, Diff: 0.0, Sum: 0.0]
      [GC Worker Total (ms): Min: 1.3, Avg: 1.3, Max: 1.3, Diff: 0.0, Sum: 5.2]
      [GC Worker End (ms): Min: 12850.1, Avg: 12850.1, Max: 12850.1, Diff: 0.0]
   [Code Root Fixup: 0.0 ms]
   [Code Root Purge: 0.0 ms]
   [String Dedup Fixup: 0.1 ms, GC Workers: 4]
      [Queue Fixup (ms): Min: 0.0, Avg: 0.0, Max: 0.0, Diff: 0.0, Sum: 0.0]
      [Table Fixup (ms): Min: 0.1, Avg: 0.1, Max: 0.1, Diff: 0.0, Sum: 0.5]
   [Clear CT: 0.0 ms]
   [Other: 0.4 ms]
      [Choose CSet: 0.0 ms]
      [Ref Proc: 0.0 ms]
      [Ref Enq: 0.0 ms]
      [Redirty Cards: 0.0 ms]
      [Humongous Register: 0.0 ms]
      [Humongous Reclaim: 0.0 ms]
      [Free CSet: 0.1 ms]
   [Eden: 12.0M(12.0M)->0.0B(13.0M) Survivors: 2048.0K->2048.0K Heap: 293.3M(296.0M)->285.7M(300.0M)]
 [Times: user=0.00 sys=0.00, real=0.00 secs] 
2016-06-27T18:00:46.593+0300: 12.851: Total time for which application threads were stopped: 0.0069280 seconds, Stopping threads took: 0.0044788 seconds
2016-06-27T18:00:46.595+0300: 12.853: [GC concurrent-string-deduplication, 2365.9K->2361.8K(4160.0B), avg 0.7%, 0.0017119 secs]
   [Last Exec: 0.0017119 secs, Idle: 0.0851960 secs, Blocked: 0/0.0000000 secs]
      [Inspected:             124]
         [Skipped:              2(  1.6%)]
         [Hashed:             122( 98.4%)]
         [Known:                0(  0.0%)]
         [New:                122( 98.4%)   2365.9K]
      [Deduplicated:            4(  3.3%)   4160.0B(  0.2%)]
         [Young:                0(  0.0%)      0.0B(  0.0%)]
         [Old:                  4(100.0%)   4160.0B(100.0%)]
   [Total Exec: 52/0.1708137 secs, Idle: 52/12.4550824 secs, Blocked: 1/0.0038934 secs]
      [Inspected:           13446]
         [Skipped:            114(  0.8%)]
         [Hashed:           12354( 91.9%)]
         [Known:              824(  6.1%)]
         [New:              12508( 93.0%)    233.3M]
      [Deduplicated:          340(  2.7%)   1740.7K(  0.7%)]
         [Young:                0(  0.0%)      0.0B(  0.0%)]
         [Old:                340(100.0%)   1740.7K(100.0%)]
   [Table]
      [Memory Usage: 368.1K]
      [Size: 8192, Min: 1024, Max: 16777216]
      [Entries: 12974, Load: 158.4%, Cached: 0, Added: 12992, Removed: 18]
      [Resize Count: 3, Shrink Threshold: 5461(66.7%), Grow Threshold: 16384(200.0%)]
      [Rehash Count: 1, Rehash Threshold: 120, Hash Seed: 0xc4e8cebb]
      [Age Threshold: 3]
   [Queue]
      [Dropped: 0]
2016-06-27T18:00:46.690+0300: 12.948: [GC pause (G1 Evacuation Pause) (young)
Desired survivor size 1048576 bytes, new threshold 1 (max 15)
- age   1:    1433480 bytes,    1433480 total
, 0.0019035 secs]
   [Parallel Time: 1.4 ms, GC Workers: 4]
      [GC Worker Start (ms): Min: 12947.9, Avg: 12947.9, Max: 12947.9, Diff: 0.0]
      [Ext Root Scanning (ms): Min: 0.4, Avg: 0.4, Max: 0.4, Diff: 0.0, Sum: 1.6]
      [Update RS (ms): Min: 0.1, Avg: 0.1, Max: 0.2, Diff: 0.1, Sum: 0.5]
         [Processed Buffers: Min: 1, Avg: 4.3, Max: 7, Diff: 6, Sum: 17]
      [Scan RS (ms): Min: 0.0, Avg: 0.0, Max: 0.0, Diff: 0.0, Sum: 0.0]
      [Code Root Scanning (ms): Min: 0.0, Avg: 0.0, Max: 0.0, Diff: 0.0, Sum: 0.0]
      [Object Copy (ms): Min: 0.8, Avg: 0.8, Max: 0.9, Diff: 0.1, Sum: 3.3]
      [Termination (ms): Min: 0.0, Avg: 0.0, Max: 0.0, Diff: 0.0, Sum: 0.0]
         [Termination Attempts: Min: 1, Avg: 1.0, Max: 1, Diff: 0, Sum: 4]
      [GC Worker Other (ms): Min: 0.0, Avg: 0.0, Max: 0.0, Diff: 0.0, Sum: 0.0]
      [GC Worker Total (ms): Min: 1.4, Avg: 1.4, Max: 1.4, Diff: 0.0, Sum: 5.5]
      [GC Worker End (ms): Min: 12949.3, Avg: 12949.3, Max: 12949.3, Diff: 0.0]
   [Code Root Fixup: 0.0 ms]
   [Code Root Purge: 0.0 ms]
   [String Dedup Fixup: 0.2 ms, GC Workers: 4]
      [Queue Fixup (ms): Min: 0.0, Avg: 0.0, Max: 0.0, Diff: 0.0, Sum: 0.0]
      [Table Fixup (ms): Min: 0.1, Avg: 0.1, Max: 0.1, Diff: 0.0, Sum: 0.5]
   [Clear CT: 0.0 ms]
   [Other: 0.3 ms]
      [Choose CSet: 0.0 ms]
      [Ref Proc: 0.0 ms]
      [Ref Enq: 0.0 ms]
      [Redirty Cards: 0.0 ms]
      [Humongous Register: 0.0 ms]
      [Humongous Reclaim: 0.0 ms]
      [Free CSet: 0.0 ms]
   [Eden: 13.0M(13.0M)->0.0B(13.0M) Survivors: 2048.0K->2048.0K Heap: 298.7M(300.0M)->290.0M(305.0M)]
 [Times: user=0.06 sys=0.00, real=0.00 secs] 
2016-06-27T18:00:46.693+0300: 12.950: Total time for which application threads were stopped: 0.0046533 seconds, Stopping threads took: 0.0021768 seconds
2016-06-27T18:00:46.694+0300: 12.952: [GC concurrent-string-deduplication, 2383.9K->2361.8K(22.0K), avg 0.7%, 0.0017512 secs]
   [Last Exec: 0.0017512 secs, Idle: 0.0973200 secs, Blocked: 0/0.0000000 secs]
      [Inspected:             124]
         [Skipped:              3(  2.4%)]
         [Hashed:             121( 97.6%)]
         [Known:                0(  0.0%)]
         [New:                121( 97.6%)   2383.9K]
      [Deduplicated:            3(  2.5%)     22.0K(  0.9%)]
         [Young:                0(  0.0%)      0.0B(  0.0%)]
         [Old:                  3(100.0%)     22.0K(100.0%)]
   [Total Exec: 53/0.1725649 secs, Idle: 53/12.5524024 secs, Blocked: 1/0.0038934 secs]
      [Inspected:           13570]
         [Skipped:            117(  0.9%)]
         [Hashed:           12475( 91.9%)]
         [Known:              824(  6.1%)]
         [New:              12629( 93.1%)    235.6M]
      [Deduplicated:          343(  2.7%)   1762.7K(  0.7%)]
         [Young:                0(  0.0%)      0.0B(  0.0%)]
         [Old:                343(100.0%)   1762.7K(100.0%)]
   [Table]
      [Memory Usage: 370.8K]
      [Size: 8192, Min: 1024, Max: 16777216]
      [Entries: 13092, Load: 159.8%, Cached: 0, Added: 13110, Removed: 18]
      [Resize Count: 3, Shrink Threshold: 5461(66.7%), Grow Threshold: 16384(200.0%)]
      [Rehash Count: 1, Rehash Threshold: 120, Hash Seed: 0xc4e8cebb]
      [Age Threshold: 3]
   [Queue]
      [Dropped: 0]
2016-06-27T18:00:46.801+0300: 13.058: [GC pause (G1 Evacuation Pause) (young)
Desired survivor size 1048576 bytes, new threshold 1 (max 15)
- age   1:    1213616 bytes,    1213616 total
, 0.0016931 secs]
   [Parallel Time: 1.2 ms, GC Workers: 4]
      [GC Worker Start (ms): Min: 13058.6, Avg: 13058.6, Max: 13058.6, Diff: 0.0]
      [Ext Root Scanning (ms): Min: 0.4, Avg: 0.4, Max: 0.4, Diff: 0.1, Sum: 1.6]
      [Update RS (ms): Min: 0.1, Avg: 0.1, Max: 0.1, Diff: 0.1, Sum: 0.4]
         [Processed Buffers: Min: 1, Avg: 3.0, Max: 5, Diff: 4, Sum: 12]
      [Scan RS (ms): Min: 0.0, Avg: 0.0, Max: 0.0, Diff: 0.0, Sum: 0.0]
      [Code Root Scanning (ms): Min: 0.0, Avg: 0.0, Max: 0.0, Diff: 0.0, Sum: 0.0]
      [Object Copy (ms): Min: 0.6, Avg: 0.6, Max: 0.6, Diff: 0.0, Sum: 2.4]
      [Termination (ms): Min: 0.0, Avg: 0.0, Max: 0.0, Diff: 0.0, Sum: 0.0]
         [Termination Attempts: Min: 1, Avg: 1.0, Max: 1, Diff: 0, Sum: 4]
      [GC Worker Other (ms): Min: 0.0, Avg: 0.0, Max: 0.0, Diff: 0.0, Sum: 0.0]
      [GC Worker Total (ms): Min: 1.1, Avg: 1.1, Max: 1.1, Diff: 0.0, Sum: 4.5]
      [GC Worker End (ms): Min: 13059.7, Avg: 13059.7, Max: 13059.7, Diff: 0.0]
   [Code Root Fixup: 0.0 ms]
   [Code Root Purge: 0.0 ms]
   [String Dedup Fixup: 0.1 ms, GC Workers: 4]
      [Queue Fixup (ms): Min: 0.0, Avg: 0.0, Max: 0.0, Diff: 0.0, Sum: 0.0]
      [Table Fixup (ms): Min: 0.1, Avg: 0.1, Max: 0.1, Diff: 0.0, Sum: 0.5]
   [Clear CT: 0.0 ms]
   [Other: 0.4 ms]
      [Choose CSet: 0.0 ms]
      [Ref Proc: 0.0 ms]
      [Ref Enq: 0.0 ms]
      [Redirty Cards: 0.0 ms]
      [Humongous Register: 0.0 ms]
      [Humongous Reclaim: 0.0 ms]
      [Free CSet: 0.0 ms]
   [Eden: 13.0M(13.0M)->0.0B(13.0M) Survivors: 2048.0K->2048.0K Heap: 303.0M(305.0M)->292.5M(308.0M)]
 [Times: user=0.01 sys=0.00, real=0.00 secs] 
2016-06-27T18:00:46.803+0300: 13.060: Total time for which application threads were stopped: 0.0073475 seconds, Stopping threads took: 0.0050596 seconds
2016-06-27T18:00:46.804+0300: 13.062: [GC concurrent-string-deduplication, 1501.2K->1501.2K(0.0B), avg 0.7%, 0.0010405 secs]
   [Last Exec: 0.0010405 secs, Idle: 0.1086648 secs, Blocked: 0/0.0000000 secs]
      [Inspected:              75]
         [Skipped:              0(  0.0%)]
         [Hashed:              75(100.0%)]
         [Known:                0(  0.0%)]
         [New:                 75(100.0%)   1501.2K]
      [Deduplicated:            0(  0.0%)      0.0B(  0.0%)]
         [Young:                0(  0.0%)      0.0B(  0.0%)]
         [Old:                  0(  0.0%)      0.0B(  0.0%)]
   [Total Exec: 54/0.1736054 secs, Idle: 54/12.6610672 secs, Blocked: 1/0.0038934 secs]
      [Inspected:           13645]
         [Skipped:            117(  0.9%)]
         [Hashed:           12550( 92.0%)]
         [Known:              824(  6.0%)]
         [New:              12704( 93.1%)    237.1M]
      [Deduplicated:          343(  2.7%)   1762.7K(  0.7%)]
         [Young:                0(  0.0%)      0.0B(  0.0%)]
         [Old:                343(100.0%)   1762.7K(100.0%)]
   [Table]
      [Memory Usage: 372.6K]
      [Size: 8192, Min: 1024, Max: 16777216]
      [Entries: 13167, Load: 160.7%, Cached: 0, Added: 13185, Removed: 18]
      [Resize Count: 3, Shrink Threshold: 5461(66.7%), Grow Threshold: 16384(200.0%)]
      [Rehash Count: 1, Rehash Threshold: 120, Hash Seed: 0xc4e8cebb]
      [Age Threshold: 3]
   [Queue]
      [Dropped: 0]
2016-06-27T18:00:46.909+0300: 13.166: [GC pause (G1 Evacuation Pause) (young)
Desired survivor size 1048576 bytes, new threshold 1 (max 15)
- age   1:    1854336 bytes,    1854336 total
, 0.0020686 secs]
   [Parallel Time: 1.4 ms, GC Workers: 4]
      [GC Worker Start (ms): Min: 13166.4, Avg: 13166.4, Max: 13166.5, Diff: 0.0]
      [Ext Root Scanning (ms): Min: 0.4, Avg: 0.5, Max: 0.5, Diff: 0.0, Sum: 1.8]
      [Update RS (ms): Min: 0.0, Avg: 0.1, Max: 0.1, Diff: 0.1, Sum: 0.3]
         [Processed Buffers: Min: 0, Avg: 5.3, Max: 8, Diff: 8, Sum: 21]
      [Scan RS (ms): Min: 0.0, Avg: 0.0, Max: 0.0, Diff: 0.0, Sum: 0.0]
      [Code Root Scanning (ms): Min: 0.0, Avg: 0.0, Max: 0.0, Diff: 0.0, Sum: 0.0]
      [Object Copy (ms): Min: 0.7, Avg: 0.7, Max: 0.8, Diff: 0.1, Sum: 2.9]
      [Termination (ms): Min: 0.0, Avg: 0.0, Max: 0.1, Diff: 0.1, Sum: 0.1]
         [Termination Attempts: Min: 1, Avg: 1.0, Max: 1, Diff: 0, Sum: 4]
      [GC Worker Other (ms): Min: 0.0, Avg: 0.0, Max: 0.0, Diff: 0.0, Sum: 0.0]
      [GC Worker Total (ms): Min: 1.3, Avg: 1.3, Max: 1.4, Diff: 0.1, Sum: 5.2]
      [GC Worker End (ms): Min: 13167.7, Avg: 13167.7, Max: 13167.8, Diff: 0.1]
   [Code Root Fixup: 0.0 ms]
   [Code Root Purge: 0.0 ms]
   [String Dedup Fixup: 0.2 ms, GC Workers: 4]
      [Queue Fixup (ms): Min: 0.0, Avg: 0.0, Max: 0.0, Diff: 0.0, Sum: 0.0]
      [Table Fixup (ms): Min: 0.0, Avg: 0.2, Max: 0.2, Diff: 0.2, Sum: 0.7]
   [Clear CT: 0.0 ms]
   [Other: 0.4 ms]
      [Choose CSet: 0.0 ms]
      [Ref Proc: 0.1 ms]
      [Ref Enq: 0.0 ms]
      [Redirty Cards: 0.0 ms]
      [Humongous Register: 0.0 ms]
      [Humongous Reclaim: 0.0 ms]
      [Free CSet: 0.0 ms]
   [Eden: 13.0M(13.0M)->0.0B(13.0M) Survivors: 2048.0K->2048.0K Heap: 305.5M(308.0M)->296.4M(312.0M)]
 [Times: user=0.05 sys=0.00, real=0.00 secs] 
2016-06-27T18:00:46.911+0300: 13.169: Total time for which application threads were stopped: 0.0043450 seconds, Stopping threads took: 0.0016332 seconds
2016-06-27T18:00:46.913+0300: 13.171: [GC concurrent-string-deduplication, 2503.0K->2361.8K(141.1K), avg 0.8%, 0.0020750 secs]
   [Last Exec: 0.0020750 secs, Idle: 0.1071407 secs, Blocked: 0/0.0000000 secs]
      [Inspected:             127]
         [Skipped:              1(  0.8%)]
         [Hashed:             126( 99.2%)]
         [Known:                0(  0.0%)]
         [New:                126( 99.2%)   2503.0K]
      [Deduplicated:            8(  6.3%)    141.1K(  5.6%)]
         [Young:                0(  0.0%)      0.0B(  0.0%)]
         [Old:                  8(100.0%)    141.1K(100.0%)]
   [Total Exec: 55/0.1756804 secs, Idle: 55/12.7682079 secs, Blocked: 1/0.0038934 secs]
      [Inspected:           13772]
         [Skipped:            118(  0.9%)]
         [Hashed:           12676( 92.0%)]
         [Known:              824(  6.0%)]
         [New:              12830( 93.2%)    239.6M]
      [Deduplicated:          351(  2.7%)   1903.8K(  0.8%)]
         [Young:                0(  0.0%)      0.0B(  0.0%)]
         [Old:                351(100.0%)   1903.8K(100.0%)]
   [Table]
      [Memory Usage: 375.4K]
      [Size: 8192, Min: 1024, Max: 16777216]
      [Entries: 13285, Load: 162.2%, Cached: 0, Added: 13303, Removed: 18]
      [Resize Count: 3, Shrink Threshold: 5461(66.7%), Grow Threshold: 16384(200.0%)]
      [Rehash Count: 1, Rehash Threshold: 120, Hash Seed: 0xc4e8cebb]
      [Age Threshold: 3]
   [Queue]
      [Dropped: 0]
2016-06-27T18:00:47.012+0300: 13.269: [GC pause (G1 Evacuation Pause) (young)
Desired survivor size 1048576 bytes, new threshold 1 (max 15)
- age   1:    1375240 bytes,    1375240 total
, 0.0018671 secs]
   [Parallel Time: 1.3 ms, GC Workers: 4]
      [GC Worker Start (ms): Min: 13269.5, Avg: 13269.5, Max: 13269.5, Diff: 0.0]
      [Ext Root Scanning (ms): Min: 0.4, Avg: 0.4, Max: 0.4, Diff: 0.1, Sum: 1.7]
      [Update RS (ms): Min: 0.1, Avg: 0.1, Max: 0.2, Diff: 0.2, Sum: 0.6]
         [Processed Buffers: Min: 1, Avg: 4.5, Max: 8, Diff: 7, Sum: 18]
      [Scan RS (ms): Min: 0.0, Avg: 0.0, Max: 0.0, Diff: 0.0, Sum: 0.0]
      [Code Root Scanning (ms): Min: 0.0, Avg: 0.0, Max: 0.0, Diff: 0.0, Sum: 0.0]
      [Object Copy (ms): Min: 0.6, Avg: 0.7, Max: 0.8, Diff: 0.1, Sum: 2.8]
      [Termination (ms): Min: 0.0, Avg: 0.0, Max: 0.0, Diff: 0.0, Sum: 0.1]
         [Termination Attempts: Min: 1, Avg: 1.0, Max: 1, Diff: 0, Sum: 4]
      [GC Worker Other (ms): Min: 0.0, Avg: 0.0, Max: 0.0, Diff: 0.0, Sum: 0.0]
      [GC Worker Total (ms): Min: 1.3, Avg: 1.3, Max: 1.3, Diff: 0.0, Sum: 5.2]
      [GC Worker End (ms): Min: 13270.8, Avg: 13270.8, Max: 13270.8, Diff: 0.0]
   [Code Root Fixup: 0.0 ms]
   [Code Root Purge: 0.0 ms]
   [String Dedup Fixup: 0.1 ms, GC Workers: 4]
      [Queue Fixup (ms): Min: 0.0, Avg: 0.0, Max: 0.0, Diff: 0.0, Sum: 0.0]
      [Table Fixup (ms): Min: 0.1, Avg: 0.1, Max: 0.1, Diff: 0.0, Sum: 0.5]
   [Clear CT: 0.0 ms]
   [Other: 0.4 ms]
      [Choose CSet: 0.0 ms]
      [Ref Proc: 0.0 ms]
      [Ref Enq: 0.0 ms]
      [Redirty Cards: 0.0 ms]
      [Humongous Register: 0.0 ms]
      [Humongous Reclaim: 0.0 ms]
      [Free CSet: 0.0 ms]
   [Eden: 13.0M(13.0M)->0.0B(13.0M) Survivors: 2048.0K->2048.0K Heap: 309.4M(312.0M)->300.5M(316.0M)]
 [Times: user=0.00 sys=0.00, real=0.00 secs] 
2016-06-27T18:00:47.014+0300: 13.271: Total time for which application threads were stopped: 0.0054633 seconds, Stopping threads took: 0.0030227 seconds
2016-06-27T18:00:47.016+0300: 13.273: [GC concurrent-string-deduplication, 2101.6K->2061.6K(40.0K), avg 0.8%, 0.0014716 secs]
   [Last Exec: 0.0014716 secs, Idle: 0.1006010 secs, Blocked: 0/0.0000000 secs]
      [Inspected:             106]
         [Skipped:              1(  0.9%)]
         [Hashed:             105( 99.1%)]
         [Known:                0(  0.0%)]
         [New:                105( 99.1%)   2101.6K]
      [Deduplicated:            2(  1.9%)     40.0K(  1.9%)]
         [Young:                0(  0.0%)      0.0B(  0.0%)]
         [Old:                  2(100.0%)     40.0K(100.0%)]
   [Total Exec: 56/0.1771520 secs, Idle: 56/12.8688089 secs, Blocked: 1/0.0038934 secs]
      [Inspected:           13878]
         [Skipped:            119(  0.9%)]
         [Hashed:           12781( 92.1%)]
         [Known:              824(  5.9%)]
         [New:              12935( 93.2%)    241.6M]
      [Deduplicated:          353(  2.7%)   1943.9K(  0.8%)]
         [Young:                0(  0.0%)      0.0B(  0.0%)]
         [Old:                353(100.0%)   1943.9K(100.0%)]
   [Table]
      [Memory Usage: 377.8K]
      [Size: 8192, Min: 1024, Max: 16777216]
      [Entries: 13388, Load: 163.4%, Cached: 0, Added: 13406, Removed: 18]
      [Resize Count: 3, Shrink Threshold: 5461(66.7%), Grow Threshold: 16384(200.0%)]
      [Rehash Count: 1, Rehash Threshold: 120, Hash Seed: 0xc4e8cebb]
      [Age Threshold: 3]
   [Queue]
      [Dropped: 0]
2016-06-27T18:00:47.123+0300: 13.380: [GC pause (G1 Evacuation Pause) (young)
Desired survivor size 1048576 bytes, new threshold 1 (max 15)
- age   1:    1341664 bytes,    1341664 total
, 0.0017932 secs]
   [Parallel Time: 1.3 ms, GC Workers: 4]
      [GC Worker Start (ms): Min: 13380.3, Avg: 13380.4, Max: 13380.4, Diff: 0.1]
      [Ext Root Scanning (ms): Min: 0.4, Avg: 0.4, Max: 0.5, Diff: 0.1, Sum: 1.7]
      [Update RS (ms): Min: 0.0, Avg: 0.1, Max: 0.2, Diff: 0.1, Sum: 0.4]
         [Processed Buffers: Min: 1, Avg: 4.3, Max: 7, Diff: 6, Sum: 17]
      [Scan RS (ms): Min: 0.0, Avg: 0.0, Max: 0.0, Diff: 0.0, Sum: 0.0]
      [Code Root Scanning (ms): Min: 0.0, Avg: 0.0, Max: 0.0, Diff: 0.0, Sum: 0.0]
      [Object Copy (ms): Min: 0.6, Avg: 0.6, Max: 0.7, Diff: 0.1, Sum: 2.6]
      [Termination (ms): Min: 0.0, Avg: 0.0, Max: 0.0, Diff: 0.0, Sum: 0.0]
         [Termination Attempts: Min: 1, Avg: 1.0, Max: 1, Diff: 0, Sum: 4]
      [GC Worker Other (ms): Min: 0.0, Avg: 0.0, Max: 0.0, Diff: 0.0, Sum: 0.0]
      [GC Worker Total (ms): Min: 1.2, Avg: 1.2, Max: 1.2, Diff: 0.1, Sum: 4.8]
      [GC Worker End (ms): Min: 13381.6, Avg: 13381.6, Max: 13381.6, Diff: 0.0]
   [Code Root Fixup: 0.0 ms]
   [Code Root Purge: 0.0 ms]
   [String Dedup Fixup: 0.2 ms, GC Workers: 4]
      [Queue Fixup (ms): Min: 0.0, Avg: 0.0, Max: 0.0, Diff: 0.0, Sum: 0.0]
      [Table Fixup (ms): Min: 0.1, Avg: 0.1, Max: 0.1, Diff: 0.0, Sum: 0.5]
   [Clear CT: 0.0 ms]
   [Other: 0.4 ms]
      [Choose CSet: 0.0 ms]
      [Ref Proc: 0.0 ms]
      [Ref Enq: 0.0 ms]
      [Redirty Cards: 0.0 ms]
      [Humongous Register: 0.0 ms]
      [Humongous Reclaim: 0.0 ms]
      [Free CSet: 0.0 ms]
   [Eden: 13.0M(13.0M)->0.0B(13.0M) Survivors: 2048.0K->2048.0K Heap: 313.5M(316.0M)->303.7M(319.0M)]
 [Times: user=0.00 sys=0.00, real=0.00 secs] 
2016-06-27T18:00:47.125+0300: 13.382: Total time for which application threads were stopped: 0.0099998 seconds, Stopping threads took: 0.0076550 seconds
2016-06-27T18:00:47.126+0300: 13.383: [GC concurrent-string-deduplication, 1622.3K->1621.3K(1040.0B), avg 0.8%, 0.0011072 secs]
   [Last Exec: 0.0011072 secs, Idle: 0.1092674 secs, Blocked: 0/0.0000000 secs]
      [Inspected:              88]
         [Skipped:              6(  6.8%)]
         [Hashed:              82( 93.2%)]
         [Known:                0(  0.0%)]
         [New:                 82( 93.2%)   1622.3K]
      [Deduplicated:            1(  1.2%)   1040.0B(  0.1%)]
         [Young:                0(  0.0%)      0.0B(  0.0%)]
         [Old:                  1(100.0%)   1040.0B(100.0%)]
   [Total Exec: 57/0.1782592 secs, Idle: 57/12.9780763 secs, Blocked: 1/0.0038934 secs]
      [Inspected:           13966]
         [Skipped:            125(  0.9%)]
         [Hashed:           12863( 92.1%)]
         [Known:              824(  5.9%)]
         [New:              13017( 93.2%)    243.2M]
      [Deduplicated:          354(  2.7%)   1944.9K(  0.8%)]
         [Young:                0(  0.0%)      0.0B(  0.0%)]
         [Old:                354(100.0%)   1944.9K(100.0%)]
   [Table]
      [Memory Usage: 379.7K]
      [Size: 8192, Min: 1024, Max: 16777216]
      [Entries: 13469, Load: 164.4%, Cached: 0, Added: 13487, Removed: 18]
      [Resize Count: 3, Shrink Threshold: 5461(66.7%), Grow Threshold: 16384(200.0%)]
      [Rehash Count: 1, Rehash Threshold: 120, Hash Seed: 0xc4e8cebb]
      [Age Threshold: 3]
   [Queue]
      [Dropped: 0]
2016-06-27T18:00:47.224+0300: 13.481: [GC pause (G1 Evacuation Pause) (young)
Desired survivor size 1048576 bytes, new threshold 1 (max 15)
- age   1:    1884336 bytes,    1884336 total
, 0.0019980 secs]
   [Parallel Time: 1.4 ms, GC Workers: 4]
      [GC Worker Start (ms): Min: 13481.1, Avg: 13481.1, Max: 13481.1, Diff: 0.0]
      [Ext Root Scanning (ms): Min: 0.4, Avg: 0.5, Max: 0.5, Diff: 0.1, Sum: 1.8]
      [Update RS (ms): Min: 0.1, Avg: 0.1, Max: 0.2, Diff: 0.2, Sum: 0.5]
         [Processed Buffers: Min: 1, Avg: 4.8, Max: 12, Diff: 11, Sum: 19]
      [Scan RS (ms): Min: 0.0, Avg: 0.0, Max: 0.0, Diff: 0.0, Sum: 0.0]
      [Code Root Scanning (ms): Min: 0.0, Avg: 0.0, Max: 0.0, Diff: 0.0, Sum: 0.0]
      [Object Copy (ms): Min: 0.7, Avg: 0.8, Max: 0.8, Diff: 0.1, Sum: 3.0]
      [Termination (ms): Min: 0.0, Avg: 0.0, Max: 0.0, Diff: 0.0, Sum: 0.0]
         [Termination Attempts: Min: 1, Avg: 1.0, Max: 1, Diff: 0, Sum: 4]
      [GC Worker Other (ms): Min: 0.0, Avg: 0.0, Max: 0.0, Diff: 0.0, Sum: 0.0]
      [GC Worker Total (ms): Min: 1.4, Avg: 1.4, Max: 1.4, Diff: 0.0, Sum: 5.5]
      [GC Worker End (ms): Min: 13482.4, Avg: 13482.4, Max: 13482.4, Diff: 0.0]
   [Code Root Fixup: 0.0 ms]
   [Code Root Purge: 0.0 ms]
   [String Dedup Fixup: 0.2 ms, GC Workers: 4]
      [Queue Fixup (ms): Min: 0.0, Avg: 0.0, Max: 0.0, Diff: 0.0, Sum: 0.0]
      [Table Fixup (ms): Min: 0.1, Avg: 0.1, Max: 0.1, Diff: 0.0, Sum: 0.5]
   [Clear CT: 0.0 ms]
   [Other: 0.4 ms]
      [Choose CSet: 0.0 ms]
      [Ref Proc: 0.0 ms]
      [Ref Enq: 0.0 ms]
      [Redirty Cards: 0.1 ms]
      [Humongous Register: 0.0 ms]
      [Humongous Reclaim: 0.0 ms]
      [Free CSet: 0.0 ms]
   [Eden: 13.0M(13.0M)->0.0B(14.0M) Survivors: 2048.0K->2048.0K Heap: 316.7M(319.0M)->307.8M(323.0M)]
 [Times: user=0.00 sys=0.00, real=0.00 secs] 
2016-06-27T18:00:47.226+0300: 13.483: Total time for which application threads were stopped: 0.0085197 seconds, Stopping threads took: 0.0059709 seconds
2016-06-27T18:00:47.228+0300: 13.485: [GC concurrent-string-deduplication, 2586.1K->2522.0K(64.1K), avg 0.8%, 0.0017341 secs]
   [Last Exec: 0.0017341 secs, Idle: 0.0997157 secs, Blocked: 0/0.0000000 secs]
      [Inspected:             134]
         [Skipped:              1(  0.7%)]
         [Hashed:             133( 99.3%)]
         [Known:                0(  0.0%)]
         [New:                133( 99.3%)   2586.1K]
      [Deduplicated:            7(  5.3%)     64.1K(  2.5%)]
         [Young:                0(  0.0%)      0.0B(  0.0%)]
         [Old:                  7(100.0%)     64.1K(100.0%)]
   [Total Exec: 58/0.1799933 secs, Idle: 58/13.0777920 secs, Blocked: 1/0.0038934 secs]
      [Inspected:           14100]
         [Skipped:            126(  0.9%)]
         [Hashed:           12996( 92.2%)]
         [Known:              824(  5.8%)]
         [New:              13150( 93.3%)    245.7M]
      [Deduplicated:          361(  2.7%)   2009.0K(  0.8%)]
         [Young:                0(  0.0%)      0.0B(  0.0%)]
         [Old:                361(100.0%)   2009.0K(100.0%)]
   [Table]
      [Memory Usage: 382.6K]
      [Size: 8192, Min: 1024, Max: 16777216]
      [Entries: 13595, Load: 166.0%, Cached: 0, Added: 13613, Removed: 18]
      [Resize Count: 3, Shrink Threshold: 5461(66.7%), Grow Threshold: 16384(200.0%)]
      [Rehash Count: 1, Rehash Threshold: 120, Hash Seed: 0xc4e8cebb]
      [Age Threshold: 3]
   [Queue]
      [Dropped: 0]
2016-06-27T18:00:47.336+0300: 13.593: [GC pause (G1 Evacuation Pause) (young)
Desired survivor size 1048576 bytes, new threshold 1 (max 15)
- age   1:    1290280 bytes,    1290280 total
, 0.0018949 secs]
   [Parallel Time: 1.4 ms, GC Workers: 4]
      [GC Worker Start (ms): Min: 13593.2, Avg: 13593.2, Max: 13593.2, Diff: 0.0]
      [Ext Root Scanning (ms): Min: 0.4, Avg: 0.4, Max: 0.5, Diff: 0.1, Sum: 1.8]
      [Update RS (ms): Min: 0.0, Avg: 0.1, Max: 0.2, Diff: 0.2, Sum: 0.5]
         [Processed Buffers: Min: 2, Avg: 5.0, Max: 8, Diff: 6, Sum: 20]
      [Scan RS (ms): Min: 0.0, Avg: 0.0, Max: 0.0, Diff: 0.0, Sum: 0.0]
      [Code Root Scanning (ms): Min: 0.0, Avg: 0.0, Max: 0.0, Diff: 0.0, Sum: 0.0]
      [Object Copy (ms): Min: 0.7, Avg: 0.7, Max: 0.8, Diff: 0.1, Sum: 3.0]
      [Termination (ms): Min: 0.0, Avg: 0.0, Max: 0.0, Diff: 0.0, Sum: 0.0]
         [Termination Attempts: Min: 1, Avg: 1.0, Max: 1, Diff: 0, Sum: 4]
      [GC Worker Other (ms): Min: 0.0, Avg: 0.0, Max: 0.0, Diff: 0.0, Sum: 0.0]
      [GC Worker Total (ms): Min: 1.3, Avg: 1.3, Max: 1.4, Diff: 0.0, Sum: 5.4]
      [GC Worker End (ms): Min: 13594.5, Avg: 13594.5, Max: 13594.5, Diff: 0.0]
   [Code Root Fixup: 0.0 ms]
   [Code Root Purge: 0.0 ms]
   [String Dedup Fixup: 0.2 ms, GC Workers: 4]
      [Queue Fixup (ms): Min: 0.0, Avg: 0.0, Max: 0.0, Diff: 0.0, Sum: 0.0]
      [Table Fixup (ms): Min: 0.1, Avg: 0.1, Max: 0.1, Diff: 0.0, Sum: 0.5]
   [Clear CT: 0.0 ms]
   [Other: 0.3 ms]
      [Choose CSet: 0.0 ms]
      [Ref Proc: 0.0 ms]
      [Ref Enq: 0.0 ms]
      [Redirty Cards: 0.0 ms]
      [Humongous Register: 0.0 ms]
      [Humongous Reclaim: 0.0 ms]
      [Free CSet: 0.0 ms]
   [Eden: 14.0M(14.0M)->0.0B(14.0M) Survivors: 2048.0K->2048.0K Heap: 321.8M(323.0M)->311.0M(327.0M)]
 [Times: user=0.00 sys=0.00, real=0.00 secs] 
2016-06-27T18:00:47.338+0300: 13.595: Total time for which application threads were stopped: 0.0053311 seconds, Stopping threads took: 0.0028687 seconds
2016-06-27T18:00:47.339+0300: 13.597: [GC concurrent-string-deduplication, 2162.8K->2121.7K(41.0K), avg 0.8%, 0.0015349 secs]
   [Last Exec: 0.0015349 secs, Idle: 0.1102172 secs, Blocked: 0/0.0000000 secs]
      [Inspected:             112]
         [Skipped:              2(  1.8%)]
         [Hashed:             110( 98.2%)]
         [Known:                0(  0.0%)]
         [New:                110( 98.2%)   2162.8K]
      [Deduplicated:            3(  2.7%)     41.0K(  1.9%)]
         [Young:                0(  0.0%)      0.0B(  0.0%)]
         [Old:                  3(100.0%)     41.0K(100.0%)]
   [Total Exec: 59/0.1815282 secs, Idle: 59/13.1880093 secs, Blocked: 1/0.0038934 secs]
      [Inspected:           14212]
         [Skipped:            128(  0.9%)]
         [Hashed:           13106( 92.2%)]
         [Known:              824(  5.8%)]
         [New:              13260( 93.3%)    247.8M]
      [Deduplicated:          364(  2.7%)   2050.0K(  0.8%)]
         [Young:                0(  0.0%)      0.0B(  0.0%)]
         [Old:                364(100.0%)   2050.0K(100.0%)]
   [Table]
      [Memory Usage: 385.1K]
      [Size: 8192, Min: 1024, Max: 16777216]
      [Entries: 13702, Load: 167.3%, Cached: 0, Added: 13720, Removed: 18]
      [Resize Count: 3, Shrink Threshold: 5461(66.7%), Grow Threshold: 16384(200.0%)]
      [Rehash Count: 1, Rehash Threshold: 120, Hash Seed: 0xc4e8cebb]
      [Age Threshold: 3]
   [Queue]
      [Dropped: 0]
2016-06-27T18:00:47.453+0300: 13.711: [GC pause (G1 Evacuation Pause) (young)
Desired survivor size 1048576 bytes, new threshold 1 (max 15)
- age   1:    1361064 bytes,    1361064 total
, 0.0021520 secs]
   [Parallel Time: 1.3 ms, GC Workers: 4]
      [GC Worker Start (ms): Min: 13710.9, Avg: 13710.9, Max: 13710.9, Diff: 0.0]
      [Ext Root Scanning (ms): Min: 0.4, Avg: 0.5, Max: 0.5, Diff: 0.0, Sum: 1.8]
      [Update RS (ms): Min: 0.0, Avg: 0.2, Max: 0.3, Diff: 0.2, Sum: 0.7]
         [Processed Buffers: Min: 1, Avg: 5.3, Max: 7, Diff: 6, Sum: 21]
      [Scan RS (ms): Min: 0.0, Avg: 0.0, Max: 0.0, Diff: 0.0, Sum: 0.0]
      [Code Root Scanning (ms): Min: 0.0, Avg: 0.0, Max: 0.0, Diff: 0.0, Sum: 0.0]
      [Object Copy (ms): Min: 0.6, Avg: 0.7, Max: 0.8, Diff: 0.2, Sum: 2.6]
      [Termination (ms): Min: 0.0, Avg: 0.0, Max: 0.0, Diff: 0.0, Sum: 0.0]
         [Termination Attempts: Min: 1, Avg: 1.0, Max: 1, Diff: 0, Sum: 4]
      [GC Worker Other (ms): Min: 0.0, Avg: 0.0, Max: 0.0, Diff: 0.0, Sum: 0.0]
      [GC Worker Total (ms): Min: 1.3, Avg: 1.3, Max: 1.3, Diff: 0.0, Sum: 5.2]
      [GC Worker End (ms): Min: 13712.2, Avg: 13712.2, Max: 13712.2, Diff: 0.0]
   [Code Root Fixup: 0.0 ms]
   [Code Root Purge: 0.0 ms]
   [String Dedup Fixup: 0.2 ms, GC Workers: 4]
      [Queue Fixup (ms): Min: 0.0, Avg: 0.0, Max: 0.0, Diff: 0.0, Sum: 0.0]
      [Table Fixup (ms): Min: 0.1, Avg: 0.1, Max: 0.1, Diff: 0.0, Sum: 0.5]
   [Clear CT: 0.3 ms]
   [Other: 0.4 ms]
      [Choose CSet: 0.0 ms]
      [Ref Proc: 0.1 ms]
      [Ref Enq: 0.0 ms]
      [Redirty Cards: 0.0 ms]
      [Humongous Register: 0.0 ms]
      [Humongous Reclaim: 0.0 ms]
      [Free CSet: 0.0 ms]
   [Eden: 14.0M(14.0M)->0.0B(14.0M) Survivors: 2048.0K->2048.0K Heap: 325.0M(327.0M)->313.5M(330.0M)]
 [Times: user=0.00 sys=0.00, real=0.00 secs] 
2016-06-27T18:00:47.456+0300: 13.713: Total time for which application threads were stopped: 0.0058798 seconds, Stopping threads took: 0.0031403 seconds
2016-06-27T18:00:47.457+0300: 13.714: [GC concurrent-string-deduplication, 1761.4K->1701.3K(60.0K), avg 0.8%, 0.0012086 secs]
   [Last Exec: 0.0012086 secs, Idle: 0.1163476 secs, Blocked: 0/0.0000000 secs]
      [Inspected:              90]
         [Skipped:              2(  2.2%)]
         [Hashed:              88( 97.8%)]
         [Known:                0(  0.0%)]
         [New:                 88( 97.8%)   1761.4K]
      [Deduplicated:            3(  3.4%)     60.0K(  3.4%)]
         [Young:                0(  0.0%)      0.0B(  0.0%)]
         [Old:                  3(100.0%)     60.0K(100.0%)]
   [Total Exec: 60/0.1827367 secs, Idle: 60/13.3043569 secs, Blocked: 1/0.0038934 secs]
      [Inspected:           14302]
         [Skipped:            130(  0.9%)]
         [Hashed:           13194( 92.3%)]
         [Known:              824(  5.8%)]
         [New:              13348( 93.3%)    249.5M]
      [Deduplicated:          367(  2.7%)   2110.1K(  0.8%)]
         [Young:                0(  0.0%)      0.0B(  0.0%)]
         [Old:                367(100.0%)   2110.1K(100.0%)]
   [Table]
      [Memory Usage: 387.1K]
      [Size: 8192, Min: 1024, Max: 16777216]
      [Entries: 13787, Load: 168.3%, Cached: 0, Added: 13805, Removed: 18]
      [Resize Count: 3, Shrink Threshold: 5461(66.7%), Grow Threshold: 16384(200.0%)]
      [Rehash Count: 1, Rehash Threshold: 120, Hash Seed: 0xc4e8cebb]
      [Age Threshold: 3]
   [Queue]
      [Dropped: 0]
2016-06-27T18:00:47.561+0300: 13.819: [GC pause (G1 Evacuation Pause) (young)
Desired survivor size 1048576 bytes, new threshold 1 (max 15)
- age   1:    1844352 bytes,    1844352 total
, 0.0020335 secs]
   [Parallel Time: 1.5 ms, GC Workers: 4]
      [GC Worker Start (ms): Min: 13819.1, Avg: 13819.1, Max: 13819.1, Diff: 0.0]
      [Ext Root Scanning (ms): Min: 0.5, Avg: 0.5, Max: 0.5, Diff: 0.0, Sum: 1.9]
      [Update RS (ms): Min: 0.1, Avg: 0.1, Max: 0.2, Diff: 0.1, Sum: 0.5]
         [Processed Buffers: Min: 1, Avg: 3.8, Max: 8, Diff: 7, Sum: 15]
      [Scan RS (ms): Min: 0.0, Avg: 0.0, Max: 0.0, Diff: 0.0, Sum: 0.0]
      [Code Root Scanning (ms): Min: 0.0, Avg: 0.0, Max: 0.0, Diff: 0.0, Sum: 0.0]
      [Object Copy (ms): Min: 0.7, Avg: 0.8, Max: 0.9, Diff: 0.1, Sum: 3.3]
      [Termination (ms): Min: 0.0, Avg: 0.0, Max: 0.0, Diff: 0.0, Sum: 0.1]
         [Termination Attempts: Min: 1, Avg: 1.0, Max: 1, Diff: 0, Sum: 4]
      [GC Worker Other (ms): Min: 0.0, Avg: 0.0, Max: 0.0, Diff: 0.0, Sum: 0.0]
      [GC Worker Total (ms): Min: 1.4, Avg: 1.4, Max: 1.4, Diff: 0.0, Sum: 5.7]
      [GC Worker End (ms): Min: 13820.5, Avg: 13820.5, Max: 13820.6, Diff: 0.0]
   [Code Root Fixup: 0.0 ms]
   [Code Root Purge: 0.0 ms]
   [String Dedup Fixup: 0.2 ms, GC Workers: 4]
      [Queue Fixup (ms): Min: 0.0, Avg: 0.0, Max: 0.0, Diff: 0.0, Sum: 0.0]
      [Table Fixup (ms): Min: 0.1, Avg: 0.1, Max: 0.1, Diff: 0.0, Sum: 0.6]
   [Clear CT: 0.1 ms]
   [Other: 0.4 ms]
      [Choose CSet: 0.0 ms]
      [Ref Proc: 0.0 ms]
      [Ref Enq: 0.0 ms]
      [Redirty Cards: 0.0 ms]
      [Humongous Register: 0.0 ms]
      [Humongous Reclaim: 0.0 ms]
      [Free CSet: 0.0 ms]
   [Eden: 14.0M(14.0M)->0.0B(14.0M) Survivors: 2048.0K->2048.0K Heap: 327.5M(330.0M)->317.5M(334.0M)]
 [Times: user=0.00 sys=0.00, real=0.00 secs] 
2016-06-27T18:00:47.564+0300: 13.821: Total time for which application threads were stopped: 0.0039481 seconds, Stopping threads took: 0.0013852 seconds
2016-06-27T18:00:47.565+0300: 13.823: [GC concurrent-string-deduplication, 2467.0K->2461.9K(5200.0B), avg 0.8%, 0.0017179 secs]
   [Last Exec: 0.0017179 secs, Idle: 0.1068054 secs, Blocked: 0/0.0000000 secs]
      [Inspected:             130]
         [Skipped:              2(  1.5%)]
         [Hashed:             128( 98.5%)]
         [Known:                0(  0.0%)]
         [New:                128( 98.5%)   2467.0K]
      [Deduplicated:            5(  3.9%)   5200.0B(  0.2%)]
         [Young:                0(  0.0%)      0.0B(  0.0%)]
         [Old:                  5(100.0%)   5200.0B(100.0%)]
   [Total Exec: 61/0.1844546 secs, Idle: 61/13.4111623 secs, Blocked: 1/0.0038934 secs]
      [Inspected:           14432]
         [Skipped:            132(  0.9%)]
         [Hashed:           13322( 92.3%)]
         [Known:              824(  5.7%)]
         [New:              13476( 93.4%)    252.0M]
      [Deduplicated:          372(  2.8%)   2115.2K(  0.8%)]
         [Young:                0(  0.0%)      0.0B(  0.0%)]
         [Old:                372(100.0%)   2115.2K(100.0%)]
   [Table]
      [Memory Usage: 390.0K]
      [Size: 8192, Min: 1024, Max: 16777216]
      [Entries: 13910, Load: 169.8%, Cached: 0, Added: 13928, Removed: 18]
      [Resize Count: 3, Shrink Threshold: 5461(66.7%), Grow Threshold: 16384(200.0%)]
      [Rehash Count: 1, Rehash Threshold: 120, Hash Seed: 0xc4e8cebb]
      [Age Threshold: 3]
   [Queue]
      [Dropped: 0]
2016-06-27T18:00:47.673+0300: 13.931: [GC pause (G1 Evacuation Pause) (young)
Desired survivor size 1048576 bytes, new threshold 1 (max 15)
- age   1:    1683472 bytes,    1683472 total
, 0.0023256 secs]
   [Parallel Time: 1.5 ms, GC Workers: 4]
      [GC Worker Start (ms): Min: 13930.7, Avg: 13930.7, Max: 13930.7, Diff: 0.0]
      [Ext Root Scanning (ms): Min: 0.4, Avg: 0.4, Max: 0.5, Diff: 0.0, Sum: 1.8]
      [Update RS (ms): Min: 0.1, Avg: 0.1, Max: 0.2, Diff: 0.1, Sum: 0.5]
         [Processed Buffers: Min: 1, Avg: 4.0, Max: 7, Diff: 6, Sum: 16]
      [Scan RS (ms): Min: 0.0, Avg: 0.0, Max: 0.0, Diff: 0.0, Sum: 0.0]
      [Code Root Scanning (ms): Min: 0.0, Avg: 0.0, Max: 0.0, Diff: 0.0, Sum: 0.0]
      [Object Copy (ms): Min: 0.8, Avg: 0.8, Max: 0.9, Diff: 0.1, Sum: 3.4]
      [Termination (ms): Min: 0.0, Avg: 0.0, Max: 0.0, Diff: 0.0, Sum: 0.1]
         [Termination Attempts: Min: 1, Avg: 1.0, Max: 1, Diff: 0, Sum: 4]
      [GC Worker Other (ms): Min: 0.0, Avg: 0.0, Max: 0.0, Diff: 0.0, Sum: 0.0]
      [GC Worker Total (ms): Min: 1.4, Avg: 1.5, Max: 1.5, Diff: 0.1, Sum: 5.8]
      [GC Worker End (ms): Min: 13932.1, Avg: 13932.1, Max: 13932.1, Diff: 0.0]
   [Code Root Fixup: 0.0 ms]
   [Code Root Purge: 0.0 ms]
   [String Dedup Fixup: 0.3 ms, GC Workers: 4]
      [Queue Fixup (ms): Min: 0.0, Avg: 0.0, Max: 0.0, Diff: 0.0, Sum: 0.0]
      [Table Fixup (ms): Min: 0.0, Avg: 0.1, Max: 0.2, Diff: 0.2, Sum: 0.6]
   [Clear CT: 0.1 ms]
   [Other: 0.5 ms]
      [Choose CSet: 0.0 ms]
      [Ref Proc: 0.1 ms]
      [Ref Enq: 0.0 ms]
      [Redirty Cards: 0.0 ms]
      [Humongous Register: 0.0 ms]
      [Humongous Reclaim: 0.0 ms]
      [Free CSet: 0.0 ms]
   [Eden: 14.0M(14.0M)->0.0B(14.0M) Survivors: 2048.0K->2048.0K Heap: 331.5M(334.0M)->321.5M(338.0M)]
 [Times: user=0.00 sys=0.00, real=0.00 secs] 
2016-06-27T18:00:47.676+0300: 13.933: Total time for which application threads were stopped: 0.0040371 seconds, Stopping threads took: 0.0011577 seconds
2016-06-27T18:00:47.678+0300: 13.935: [GC concurrent-string-deduplication, 2424.9K->2361.8K(63.1K), avg 0.8%, 0.0017795 secs]
   [Last Exec: 0.0017795 secs, Idle: 0.1100705 secs, Blocked: 0/0.0000000 secs]
      [Inspected:             127]
         [Skipped:              3(  2.4%)]
         [Hashed:             124( 97.6%)]
         [Known:                0(  0.0%)]
         [New:                124( 97.6%)   2424.9K]
      [Deduplicated:            6(  4.8%)     63.1K(  2.6%)]
         [Young:                0(  0.0%)      0.0B(  0.0%)]
         [Old:                  6(100.0%)     63.1K(100.0%)]
   [Total Exec: 62/0.1862341 secs, Idle: 62/13.5212328 secs, Blocked: 1/0.0038934 secs]
      [Inspected:           14559]
         [Skipped:            135(  0.9%)]
         [Hashed:           13446( 92.4%)]
         [Known:              824(  5.7%)]
         [New:              13600( 93.4%)    254.3M]
      [Deduplicated:          378(  2.8%)   2178.3K(  0.8%)]
         [Young:                0(  0.0%)      0.0B(  0.0%)]
         [Old:                378(100.0%)   2178.3K(100.0%)]
   [Table]
      [Memory Usage: 392.8K]
      [Size: 8192, Min: 1024, Max: 16777216]
      [Entries: 14028, Load: 171.2%, Cached: 0, Added: 14046, Removed: 18]
      [Resize Count: 3, Shrink Threshold: 5461(66.7%), Grow Threshold: 16384(200.0%)]
      [Rehash Count: 1, Rehash Threshold: 120, Hash Seed: 0xc4e8cebb]
      [Age Threshold: 3]
   [Queue]
      [Dropped: 0]
2016-06-27T18:00:47.789+0300: 14.047: [GC pause (G1 Evacuation Pause) (young)
Desired survivor size 1048576 bytes, new threshold 1 (max 15)
- age   1:    1499576 bytes,    1499576 total
, 0.0019356 secs]
   [Parallel Time: 1.3 ms, GC Workers: 4]
      [GC Worker Start (ms): Min: 14046.8, Avg: 14046.8, Max: 14046.8, Diff: 0.0]
      [Ext Root Scanning (ms): Min: 0.4, Avg: 0.4, Max: 0.5, Diff: 0.1, Sum: 1.7]
      [Update RS (ms): Min: 0.0, Avg: 0.1, Max: 0.2, Diff: 0.2, Sum: 0.5]
         [Processed Buffers: Min: 1, Avg: 4.8, Max: 8, Diff: 7, Sum: 19]
      [Scan RS (ms): Min: 0.0, Avg: 0.0, Max: 0.0, Diff: 0.0, Sum: 0.0]
      [Code Root Scanning (ms): Min: 0.0, Avg: 0.0, Max: 0.0, Diff: 0.0, Sum: 0.0]
      [Object Copy (ms): Min: 0.7, Avg: 0.7, Max: 0.8, Diff: 0.1, Sum: 2.9]
      [Termination (ms): Min: 0.0, Avg: 0.0, Max: 0.0, Diff: 0.0, Sum: 0.0]
         [Termination Attempts: Min: 1, Avg: 1.3, Max: 2, Diff: 1, Sum: 5]
      [GC Worker Other (ms): Min: 0.0, Avg: 0.0, Max: 0.0, Diff: 0.0, Sum: 0.0]
      [GC Worker Total (ms): Min: 1.3, Avg: 1.3, Max: 1.3, Diff: 0.0, Sum: 5.2]
      [GC Worker End (ms): Min: 14048.1, Avg: 14048.1, Max: 14048.1, Diff: 0.0]
   [Code Root Fixup: 0.0 ms]
   [Code Root Purge: 0.0 ms]
   [String Dedup Fixup: 0.2 ms, GC Workers: 4]
      [Queue Fixup (ms): Min: 0.0, Avg: 0.0, Max: 0.0, Diff: 0.0, Sum: 0.0]
      [Table Fixup (ms): Min: 0.1, Avg: 0.1, Max: 0.2, Diff: 0.0, Sum: 0.6]
   [Clear CT: 0.0 ms]
   [Other: 0.4 ms]
      [Choose CSet: 0.0 ms]
      [Ref Proc: 0.1 ms]
      [Ref Enq: 0.0 ms]
      [Redirty Cards: 0.0 ms]
      [Humongous Register: 0.0 ms]
      [Humongous Reclaim: 0.0 ms]
      [Free CSet: 0.0 ms]
   [Eden: 14.0M(14.0M)->0.0B(15.0M) Survivors: 2048.0K->2048.0K Heap: 335.5M(338.0M)->325.0M(341.0M)]
 [Times: user=0.00 sys=0.00, real=0.00 secs] 
2016-06-27T18:00:47.792+0300: 14.049: Total time for which application threads were stopped: 0.0100037 seconds, Stopping threads took: 0.0075165 seconds
2016-06-27T18:00:47.793+0300: 14.050: [GC concurrent-string-deduplication, 2227.8K->2181.7K(46.1K), avg 0.8%, 0.0015789 secs]
   [Last Exec: 0.0015789 secs, Idle: 0.1138523 secs, Blocked: 0/0.0000000 secs]
      [Inspected:             119]
         [Skipped:              2(  1.7%)]
         [Hashed:             117( 98.3%)]
         [Known:                0(  0.0%)]
         [New:                117( 98.3%)   2227.8K]
      [Deduplicated:            8(  6.8%)     46.1K(  2.1%)]
         [Young:                0(  0.0%)      0.0B(  0.0%)]
         [Old:                  8(100.0%)     46.1K(100.0%)]
   [Total Exec: 63/0.1878130 secs, Idle: 63/13.6350851 secs, Blocked: 1/0.0038934 secs]
      [Inspected:           14678]
         [Skipped:            137(  0.9%)]
         [Hashed:           13563( 92.4%)]
         [Known:              824(  5.6%)]
         [New:              13717( 93.5%)    256.5M]
      [Deduplicated:          386(  2.8%)   2224.4K(  0.8%)]
         [Young:                0(  0.0%)      0.0B(  0.0%)]
         [Old:                386(100.0%)   2224.4K(100.0%)]
   [Table]
      [Memory Usage: 395.3K]
      [Size: 8192, Min: 1024, Max: 16777216]
      [Entries: 14137, Load: 172.6%, Cached: 0, Added: 14155, Removed: 18]
      [Resize Count: 3, Shrink Threshold: 5461(66.7%), Grow Threshold: 16384(200.0%)]
      [Rehash Count: 1, Rehash Threshold: 120, Hash Seed: 0xc4e8cebb]
      [Age Threshold: 3]
   [Queue]
      [Dropped: 0]
2016-06-27T18:00:47.910+0300: 14.167: [GC pause (G1 Evacuation Pause) (young)
Desired survivor size 1572864 bytes, new threshold 15 (max 15)
- age   1:    1438552 bytes,    1438552 total
, 0.0020596 secs]
   [Parallel Time: 1.5 ms, GC Workers: 4]
      [GC Worker Start (ms): Min: 14167.3, Avg: 14167.3, Max: 14167.3, Diff: 0.0]
      [Ext Root Scanning (ms): Min: 0.4, Avg: 0.4, Max: 0.4, Diff: 0.0, Sum: 1.6]
      [Update RS (ms): Min: 0.1, Avg: 0.1, Max: 0.2, Diff: 0.1, Sum: 0.5]
         [Processed Buffers: Min: 1, Avg: 4.0, Max: 8, Diff: 7, Sum: 16]
      [Scan RS (ms): Min: 0.0, Avg: 0.0, Max: 0.0, Diff: 0.0, Sum: 0.0]
      [Code Root Scanning (ms): Min: 0.0, Avg: 0.0, Max: 0.0, Diff: 0.0, Sum: 0.0]
      [Object Copy (ms): Min: 0.8, Avg: 0.9, Max: 0.9, Diff: 0.1, Sum: 3.4]
      [Termination (ms): Min: 0.0, Avg: 0.0, Max: 0.0, Diff: 0.0, Sum: 0.0]
         [Termination Attempts: Min: 1, Avg: 1.0, Max: 1, Diff: 0, Sum: 4]
      [GC Worker Other (ms): Min: 0.0, Avg: 0.0, Max: 0.0, Diff: 0.0, Sum: 0.0]
      [GC Worker Total (ms): Min: 1.4, Avg: 1.4, Max: 1.4, Diff: 0.0, Sum: 5.6]
      [GC Worker End (ms): Min: 14168.7, Avg: 14168.7, Max: 14168.7, Diff: 0.0]
   [Code Root Fixup: 0.0 ms]
   [Code Root Purge: 0.0 ms]
   [String Dedup Fixup: 0.2 ms, GC Workers: 4]
      [Queue Fixup (ms): Min: 0.0, Avg: 0.0, Max: 0.0, Diff: 0.0, Sum: 0.0]
      [Table Fixup (ms): Min: 0.1, Avg: 0.1, Max: 0.1, Diff: 0.0, Sum: 0.6]
   [Clear CT: 0.0 ms]
   [Other: 0.4 ms]
      [Choose CSet: 0.0 ms]
      [Ref Proc: 0.1 ms]
      [Ref Enq: 0.0 ms]
      [Redirty Cards: 0.0 ms]
      [Humongous Register: 0.0 ms]
      [Humongous Reclaim: 0.0 ms]
      [Free CSet: 0.0 ms]
   [Eden: 15.0M(15.0M)->0.0B(14.0M) Survivors: 2048.0K->3072.0K Heap: 340.0M(341.0M)->329.0M(346.0M)]
 [Times: user=0.06 sys=0.00, real=0.00 secs] 
2016-06-27T18:00:47.912+0300: 14.169: Total time for which application threads were stopped: 0.0027250 seconds, Stopping threads took: 0.0000996 seconds
2016-06-27T18:00:47.914+0300: 14.171: [GC concurrent-string-deduplication, 1881.5K->1861.5K(20.0K), avg 0.8%, 0.0013227 secs]
   [Last Exec: 0.0013227 secs, Idle: 0.1189602 secs, Blocked: 0/0.0000000 secs]
      [Inspected:              94]
         [Skipped:              0(  0.0%)]
         [Hashed:              94(100.0%)]
         [Known:                0(  0.0%)]
         [New:                 94(100.0%)   1881.5K]
      [Deduplicated:            1(  1.1%)     20.0K(  1.1%)]
         [Young:                0(  0.0%)      0.0B(  0.0%)]
         [Old:                  1(100.0%)     20.0K(100.0%)]
   [Total Exec: 64/0.1891357 secs, Idle: 64/13.7540453 secs, Blocked: 1/0.0038934 secs]
      [Inspected:           14772]
         [Skipped:            137(  0.9%)]
         [Hashed:           13657( 92.5%)]
         [Known:              824(  5.6%)]
         [New:              13811( 93.5%)    258.3M]
      [Deduplicated:          387(  2.8%)   2244.4K(  0.8%)]
         [Young:                0(  0.0%)      0.0B(  0.0%)]
         [Old:                387(100.0%)   2244.4K(100.0%)]
   [Table]
      [Memory Usage: 397.5K]
      [Size: 8192, Min: 1024, Max: 16777216]
      [Entries: 14230, Load: 173.7%, Cached: 0, Added: 14248, Removed: 18]
      [Resize Count: 3, Shrink Threshold: 5461(66.7%), Grow Threshold: 16384(200.0%)]
      [Rehash Count: 1, Rehash Threshold: 120, Hash Seed: 0xc4e8cebb]
      [Age Threshold: 3]
   [Queue]
      [Dropped: 0]
2016-06-27T18:00:48.038+0300: 14.296: [GC pause (G1 Evacuation Pause) (young)
Desired survivor size 1572864 bytes, new threshold 2 (max 15)
- age   1:    1506128 bytes,    1506128 total
- age   2:     593160 bytes,    2099288 total
, 0.0018855 secs]
   [Parallel Time: 1.3 ms, GC Workers: 4]
      [GC Worker Start (ms): Min: 14295.8, Avg: 14295.8, Max: 14295.8, Diff: 0.0]
      [Ext Root Scanning (ms): Min: 0.4, Avg: 0.4, Max: 0.4, Diff: 0.0, Sum: 1.6]
      [Update RS (ms): Min: 0.1, Avg: 0.1, Max: 0.1, Diff: 0.1, Sum: 0.4]
         [Processed Buffers: Min: 2, Avg: 3.0, Max: 6, Diff: 4, Sum: 12]
      [Scan RS (ms): Min: 0.0, Avg: 0.0, Max: 0.0, Diff: 0.0, Sum: 0.0]
      [Code Root Scanning (ms): Min: 0.0, Avg: 0.0, Max: 0.0, Diff: 0.0, Sum: 0.0]
      [Object Copy (ms): Min: 0.7, Avg: 0.7, Max: 0.8, Diff: 0.1, Sum: 2.9]
      [Termination (ms): Min: 0.0, Avg: 0.0, Max: 0.0, Diff: 0.0, Sum: 0.0]
         [Termination Attempts: Min: 1, Avg: 1.0, Max: 1, Diff: 0, Sum: 4]
      [GC Worker Other (ms): Min: 0.0, Avg: 0.0, Max: 0.0, Diff: 0.0, Sum: 0.0]
      [GC Worker Total (ms): Min: 1.3, Avg: 1.3, Max: 1.3, Diff: 0.0, Sum: 5.0]
      [GC Worker End (ms): Min: 14297.1, Avg: 14297.1, Max: 14297.1, Diff: 0.0]
   [Code Root Fixup: 0.0 ms]
   [Code Root Purge: 0.0 ms]
   [String Dedup Fixup: 0.2 ms, GC Workers: 4]
      [Queue Fixup (ms): Min: 0.0, Avg: 0.0, Max: 0.0, Diff: 0.0, Sum: 0.0]
      [Table Fixup (ms): Min: 0.1, Avg: 0.1, Max: 0.2, Diff: 0.0, Sum: 0.6]
   [Clear CT: 0.0 ms]
   [Other: 0.4 ms]
      [Choose CSet: 0.0 ms]
      [Ref Proc: 0.0 ms]
      [Ref Enq: 0.0 ms]
      [Redirty Cards: 0.0 ms]
      [Humongous Register: 0.0 ms]
      [Humongous Reclaim: 0.0 ms]
      [Free CSet: 0.0 ms]
   [Eden: 14.0M(14.0M)->0.0B(14.0M) Survivors: 3072.0K->3072.0K Heap: 343.0M(346.0M)->332.0M(349.0M)]
 [Times: user=0.00 sys=0.00, real=0.00 secs] 
2016-06-27T18:00:48.040+0300: 14.298: Total time for which application threads were stopped: 0.0026998 seconds, Stopping threads took: 0.0002168 seconds
2016-06-27T18:00:48.041+0300: 14.299: [GC concurrent-string-deduplication, 1463.2K->1421.1K(42.1K), avg 0.9%, 0.0009733 secs]
   [Last Exec: 0.0009733 secs, Idle: 0.1269513 secs, Blocked: 0/0.0000000 secs]
      [Inspected:              76]
         [Skipped:              1(  1.3%)]
         [Hashed:              75( 98.7%)]
         [Known:                0(  0.0%)]
         [New:                 75( 98.7%)   1463.2K]
      [Deduplicated:            4(  5.3%)     42.1K(  2.9%)]
         [Young:                0(  0.0%)      0.0B(  0.0%)]
         [Old:                  4(100.0%)     42.1K(100.0%)]
   [Total Exec: 65/0.1901090 secs, Idle: 65/13.8809966 secs, Blocked: 1/0.0038934 secs]
      [Inspected:           14848]
         [Skipped:            138(  0.9%)]
         [Hashed:           13732( 92.5%)]
         [Known:              824(  5.5%)]
         [New:              13886( 93.5%)    259.8M]
      [Deduplicated:          391(  2.8%)   2286.5K(  0.9%)]
         [Young:                0(  0.0%)      0.0B(  0.0%)]
         [Old:                391(100.0%)   2286.5K(100.0%)]
   [Table]
      [Memory Usage: 399.2K]
      [Size: 8192, Min: 1024, Max: 16777216]
      [Entries: 14301, Load: 174.6%, Cached: 0, Added: 14319, Removed: 18]
      [Resize Count: 3, Shrink Threshold: 5461(66.7%), Grow Threshold: 16384(200.0%)]
      [Rehash Count: 1, Rehash Threshold: 120, Hash Seed: 0xc4e8cebb]
      [Age Threshold: 3]
   [Queue]
      [Dropped: 0]
2016-06-27T18:00:48.170+0300: 14.427: [GC pause (G1 Evacuation Pause) (young)
Desired survivor size 1572864 bytes, new threshold 1 (max 15)
- age   1:    1884936 bytes,    1884936 total
- age   2:     937048 bytes,    2821984 total
, 0.0020784 secs]
   [Parallel Time: 1.5 ms, GC Workers: 4]
      [GC Worker Start (ms): Min: 14427.5, Avg: 14427.5, Max: 14427.5, Diff: 0.0]
      [Ext Root Scanning (ms): Min: 0.4, Avg: 0.4, Max: 0.4, Diff: 0.0, Sum: 1.7]
      [Update RS (ms): Min: 0.1, Avg: 0.1, Max: 0.1, Diff: 0.1, Sum: 0.4]
         [Processed Buffers: Min: 1, Avg: 2.8, Max: 7, Diff: 6, Sum: 11]
      [Scan RS (ms): Min: 0.0, Avg: 0.0, Max: 0.0, Diff: 0.0, Sum: 0.0]
      [Code Root Scanning (ms): Min: 0.0, Avg: 0.0, Max: 0.0, Diff: 0.0, Sum: 0.0]
      [Object Copy (ms): Min: 0.9, Avg: 0.9, Max: 0.9, Diff: 0.1, Sum: 3.6]
      [Termination (ms): Min: 0.0, Avg: 0.0, Max: 0.0, Diff: 0.0, Sum: 0.0]
         [Termination Attempts: Min: 1, Avg: 1.0, Max: 1, Diff: 0, Sum: 4]
      [GC Worker Other (ms): Min: 0.0, Avg: 0.0, Max: 0.0, Diff: 0.0, Sum: 0.0]
      [GC Worker Total (ms): Min: 1.4, Avg: 1.4, Max: 1.4, Diff: 0.0, Sum: 5.8]
      [GC Worker End (ms): Min: 14429.0, Avg: 14429.0, Max: 14429.0, Diff: 0.0]
   [Code Root Fixup: 0.0 ms]
   [Code Root Purge: 0.0 ms]
   [String Dedup Fixup: 0.2 ms, GC Workers: 4]
      [Queue Fixup (ms): Min: 0.0, Avg: 0.0, Max: 0.0, Diff: 0.0, Sum: 0.0]
      [Table Fixup (ms): Min: 0.1, Avg: 0.1, Max: 0.1, Diff: 0.0, Sum: 0.5]
   [Clear CT: 0.1 ms]
   [Other: 0.4 ms]
      [Choose CSet: 0.0 ms]
      [Ref Proc: 0.1 ms]
      [Ref Enq: 0.0 ms]
      [Redirty Cards: 0.0 ms]
      [Humongous Register: 0.0 ms]
      [Humongous Reclaim: 0.0 ms]
      [Free CSet: 0.0 ms]
   [Eden: 14.0M(14.0M)->0.0B(14.0M) Survivors: 3072.0K->3072.0K Heap: 346.0M(349.0M)->335.6M(353.0M)]
 [Times: user=0.00 sys=0.00, real=0.00 secs] 
2016-06-27T18:00:48.172+0300: 14.430: Total time for which application threads were stopped: 0.0099729 seconds, Stopping threads took: 0.0073206 seconds
2016-06-27T18:00:48.174+0300: 14.432: [GC concurrent-string-deduplication, 2644.1K->2582.0K(62.1K), avg 0.9%, 0.0020480 secs]
   [Last Exec: 0.0020480 secs, Idle: 0.1308725 secs, Blocked: 0/0.0000000 secs]
      [Inspected:             135]
         [Skipped:              1(  0.7%)]
         [Hashed:             134( 99.3%)]
         [Known:                0(  0.0%)]
         [New:                134( 99.3%)   2644.1K]
      [Deduplicated:            5(  3.7%)     62.1K(  2.3%)]
         [Young:                0(  0.0%)      0.0B(  0.0%)]
         [Old:                  5(100.0%)     62.1K(100.0%)]
   [Total Exec: 66/0.1921571 secs, Idle: 66/14.0118691 secs, Blocked: 1/0.0038934 secs]
      [Inspected:           14983]
         [Skipped:            139(  0.9%)]
         [Hashed:           13866( 92.5%)]
         [Known:              824(  5.5%)]
         [New:              14020( 93.6%)    262.4M]
      [Deduplicated:          396(  2.8%)   2348.5K(  0.9%)]
         [Young:                0(  0.0%)      0.0B(  0.0%)]
         [Old:                396(100.0%)   2348.5K(100.0%)]
   [Table]
      [Memory Usage: 402.2K]
      [Size: 8192, Min: 1024, Max: 16777216]
      [Entries: 14430, Load: 176.1%, Cached: 0, Added: 14448, Removed: 18]
      [Resize Count: 3, Shrink Threshold: 5461(66.7%), Grow Threshold: 16384(200.0%)]
      [Rehash Count: 1, Rehash Threshold: 120, Hash Seed: 0xc4e8cebb]
      [Age Threshold: 3]
   [Queue]
      [Dropped: 0]
2016-06-27T18:00:48.300+0300: 14.557: [GC pause (G1 Evacuation Pause) (young)
Desired survivor size 1572864 bytes, new threshold 1 (max 15)
- age   1:    2403240 bytes,    2403240 total
, 0.0020502 secs]
   [Parallel Time: 1.5 ms, GC Workers: 4]
      [GC Worker Start (ms): Min: 14557.3, Avg: 14557.3, Max: 14557.3, Diff: 0.0]
      [Ext Root Scanning (ms): Min: 0.4, Avg: 0.5, Max: 0.5, Diff: 0.1, Sum: 1.9]
      [Update RS (ms): Min: 0.0, Avg: 0.1, Max: 0.2, Diff: 0.1, Sum: 0.4]
         [Processed Buffers: Min: 2, Avg: 2.8, Max: 4, Diff: 2, Sum: 11]
      [Scan RS (ms): Min: 0.0, Avg: 0.0, Max: 0.0, Diff: 0.0, Sum: 0.0]
      [Code Root Scanning (ms): Min: 0.0, Avg: 0.0, Max: 0.0, Diff: 0.0, Sum: 0.0]
      [Object Copy (ms): Min: 0.8, Avg: 0.8, Max: 0.9, Diff: 0.1, Sum: 3.3]
      [Termination (ms): Min: 0.0, Avg: 0.0, Max: 0.0, Diff: 0.0, Sum: 0.0]
         [Termination Attempts: Min: 1, Avg: 1.0, Max: 1, Diff: 0, Sum: 4]
      [GC Worker Other (ms): Min: 0.0, Avg: 0.0, Max: 0.0, Diff: 0.0, Sum: 0.0]
      [GC Worker Total (ms): Min: 1.4, Avg: 1.4, Max: 1.4, Diff: 0.0, Sum: 5.6]
      [GC Worker End (ms): Min: 14558.7, Avg: 14558.7, Max: 14558.7, Diff: 0.0]
   [Code Root Fixup: 0.0 ms]
   [Code Root Purge: 0.0 ms]
   [String Dedup Fixup: 0.2 ms, GC Workers: 4]
      [Queue Fixup (ms): Min: 0.0, Avg: 0.0, Max: 0.0, Diff: 0.0, Sum: 0.0]
      [Table Fixup (ms): Min: 0.1, Avg: 0.1, Max: 0.1, Diff: 0.0, Sum: 0.6]
   [Clear CT: 0.0 ms]
   [Other: 0.4 ms]
      [Choose CSet: 0.0 ms]
      [Ref Proc: 0.1 ms]
      [Ref Enq: 0.0 ms]
      [Redirty Cards: 0.0 ms]
      [Humongous Register: 0.0 ms]
      [Humongous Reclaim: 0.0 ms]
      [Free CSet: 0.0 ms]
   [Eden: 14.0M(14.0M)->0.0B(14.0M) Survivors: 3072.0K->3072.0K Heap: 349.6M(353.0M)->339.5M(357.0M)]
 [Times: user=0.00 sys=0.06, real=0.00 secs] 
2016-06-27T18:00:48.302+0300: 14.559: Total time for which application threads were stopped: 0.0088991 seconds, Stopping threads took: 0.0062797 seconds
2016-06-27T18:00:48.304+0300: 14.561: [GC concurrent-string-deduplication, 2242.8K->2241.8K(1040.0B), avg 0.9%, 0.0015725 secs]
   [Last Exec: 0.0015725 secs, Idle: 0.1275971 secs, Blocked: 0/0.0000000 secs]
      [Inspected:             113]
         [Skipped:              0(  0.0%)]
         [Hashed:             113(100.0%)]
         [Known:                0(  0.0%)]
         [New:                113(100.0%)   2242.8K]
      [Deduplicated:            1(  0.9%)   1040.0B(  0.0%)]
         [Young:                0(  0.0%)      0.0B(  0.0%)]
         [Old:                  1(100.0%)   1040.0B(100.0%)]
   [Total Exec: 67/0.1937296 secs, Idle: 67/14.1394662 secs, Blocked: 1/0.0038934 secs]
      [Inspected:           15096]
         [Skipped:            139(  0.9%)]
         [Hashed:           13979( 92.6%)]
         [Known:              824(  5.5%)]
         [New:              14133( 93.6%)    264.5M]
      [Deduplicated:          397(  2.8%)   2349.5K(  0.9%)]
         [Young:                0(  0.0%)      0.0B(  0.0%)]
         [Old:                397(100.0%)   2349.5K(100.0%)]
   [Table]
      [Memory Usage: 404.8K]
      [Size: 8192, Min: 1024, Max: 16777216]
      [Entries: 14542, Load: 177.5%, Cached: 0, Added: 14560, Removed: 18]
      [Resize Count: 3, Shrink Threshold: 5461(66.7%), Grow Threshold: 16384(200.0%)]
      [Rehash Count: 1, Rehash Threshold: 120, Hash Seed: 0xc4e8cebb]
      [Age Threshold: 3]
   [Queue]
      [Dropped: 0]
2016-06-27T18:00:48.429+0300: 14.686: [GC pause (G1 Evacuation Pause) (young)
Desired survivor size 1572864 bytes, new threshold 1 (max 15)
- age   1:    2367792 bytes,    2367792 total
, 0.0022050 secs]
   [Parallel Time: 1.5 ms, GC Workers: 4]
      [GC Worker Start (ms): Min: 14686.2, Avg: 14686.2, Max: 14686.2, Diff: 0.0]
      [Ext Root Scanning (ms): Min: 0.4, Avg: 0.4, Max: 0.5, Diff: 0.0, Sum: 1.7]
      [Update RS (ms): Min: 0.1, Avg: 0.1, Max: 0.1, Diff: 0.0, Sum: 0.4]
         [Processed Buffers: Min: 1, Avg: 3.5, Max: 5, Diff: 4, Sum: 14]
      [Scan RS (ms): Min: 0.0, Avg: 0.0, Max: 0.0, Diff: 0.0, Sum: 0.0]
      [Code Root Scanning (ms): Min: 0.0, Avg: 0.0, Max: 0.0, Diff: 0.0, Sum: 0.0]
      [Object Copy (ms): Min: 0.9, Avg: 0.9, Max: 0.9, Diff: 0.0, Sum: 3.4]
      [Termination (ms): Min: 0.0, Avg: 0.0, Max: 0.0, Diff: 0.0, Sum: 0.1]
         [Termination Attempts: Min: 1, Avg: 1.0, Max: 1, Diff: 0, Sum: 4]
      [GC Worker Other (ms): Min: 0.0, Avg: 0.0, Max: 0.0, Diff: 0.0, Sum: 0.0]
      [GC Worker Total (ms): Min: 1.4, Avg: 1.4, Max: 1.5, Diff: 0.0, Sum: 5.8]
      [GC Worker End (ms): Min: 14687.6, Avg: 14687.6, Max: 14687.6, Diff: 0.0]
   [Code Root Fixup: 0.0 ms]
   [Code Root Purge: 0.0 ms]
   [String Dedup Fixup: 0.3 ms, GC Workers: 4]
      [Queue Fixup (ms): Min: 0.0, Avg: 0.0, Max: 0.0, Diff: 0.0, Sum: 0.0]
      [Table Fixup (ms): Min: 0.1, Avg: 0.2, Max: 0.2, Diff: 0.2, Sum: 0.7]
   [Clear CT: 0.1 ms]
   [Other: 0.4 ms]
      [Choose CSet: 0.0 ms]
      [Ref Proc: 0.1 ms]
      [Ref Enq: 0.0 ms]
      [Redirty Cards: 0.0 ms]
      [Humongous Register: 0.0 ms]
      [Humongous Reclaim: 0.0 ms]
      [Free CSet: 0.0 ms]
   [Eden: 14.0M(14.0M)->0.0B(15.0M) Survivors: 3072.0K->3072.0K Heap: 353.5M(357.0M)->343.5M(361.0M)]
 [Times: user=0.00 sys=0.00, real=0.00 secs] 
2016-06-27T18:00:48.431+0300: 14.688: Total time for which application threads were stopped: 0.0064075 seconds, Stopping threads took: 0.0036133 seconds
2016-06-27T18:00:48.433+0300: 14.690: [GC concurrent-string-deduplication, 2523.0K->2502.0K(21.0K), avg 0.9%, 0.0017961 secs]
   [Last Exec: 0.0017961 secs, Idle: 0.1273585 secs, Blocked: 0/0.0000000 secs]
      [Inspected:             127]
         [Skipped:              0(  0.0%)]
         [Hashed:             127(100.0%)]
         [Known:                0(  0.0%)]
         [New:                127(100.0%)   2523.0K]
      [Deduplicated:            2(  1.6%)     21.0K(  0.8%)]
         [Young:                0(  0.0%)      0.0B(  0.0%)]
         [Old:                  2(100.0%)     21.0K(100.0%)]
   [Total Exec: 68/0.1955257 secs, Idle: 68/14.2668247 secs, Blocked: 1/0.0038934 secs]
      [Inspected:           15223]
         [Skipped:            139(  0.9%)]
         [Hashed:           14106( 92.7%)]
         [Known:              824(  5.4%)]
         [New:              14260( 93.7%)    267.0M]
      [Deduplicated:          399(  2.8%)   2370.6K(  0.9%)]
         [Young:                0(  0.0%)      0.0B(  0.0%)]
         [Old:                399(100.0%)   2370.6K(100.0%)]
   [Table]
      [Memory Usage: 407.8K]
      [Size: 8192, Min: 1024, Max: 16777216]
      [Entries: 14667, Load: 179.0%, Cached: 0, Added: 14685, Removed: 18]
      [Resize Count: 3, Shrink Threshold: 5461(66.7%), Grow Threshold: 16384(200.0%)]
      [Rehash Count: 1, Rehash Threshold: 120, Hash Seed: 0xc4e8cebb]
      [Age Threshold: 3]
   [Queue]
      [Dropped: 0]
2016-06-27T18:00:48.570+0300: 14.827: [GC pause (G1 Evacuation Pause) (young)
Desired survivor size 1572864 bytes, new threshold 1 (max 15)
- age   1:    2130344 bytes,    2130344 total
, 0.0021306 secs]
   [Parallel Time: 1.5 ms, GC Workers: 4]
      [GC Worker Start (ms): Min: 14827.4, Avg: 14827.4, Max: 14827.4, Diff: 0.0]
      [Ext Root Scanning (ms): Min: 0.4, Avg: 0.4, Max: 0.4, Diff: 0.1, Sum: 1.7]
      [Update RS (ms): Min: 0.0, Avg: 0.1, Max: 0.3, Diff: 0.2, Sum: 0.6]
         [Processed Buffers: Min: 2, Avg: 3.5, Max: 4, Diff: 2, Sum: 14]
      [Scan RS (ms): Min: 0.0, Avg: 0.0, Max: 0.0, Diff: 0.0, Sum: 0.0]
      [Code Root Scanning (ms): Min: 0.0, Avg: 0.0, Max: 0.0, Diff: 0.0, Sum: 0.0]
      [Object Copy (ms): Min: 0.8, Avg: 0.9, Max: 1.0, Diff: 0.2, Sum: 3.5]
      [Termination (ms): Min: 0.0, Avg: 0.0, Max: 0.0, Diff: 0.0, Sum: 0.0]
         [Termination Attempts: Min: 1, Avg: 1.0, Max: 1, Diff: 0, Sum: 4]
      [GC Worker Other (ms): Min: 0.0, Avg: 0.0, Max: 0.0, Diff: 0.0, Sum: 0.0]
      [GC Worker Total (ms): Min: 1.5, Avg: 1.5, Max: 1.5, Diff: 0.0, Sum: 5.9]
      [GC Worker End (ms): Min: 14828.9, Avg: 14828.9, Max: 14828.9, Diff: 0.0]
   [Code Root Fixup: 0.0 ms]
   [Code Root Purge: 0.0 ms]
   [String Dedup Fixup: 0.2 ms, GC Workers: 4]
      [Queue Fixup (ms): Min: 0.0, Avg: 0.0, Max: 0.0, Diff: 0.0, Sum: 0.0]
      [Table Fixup (ms): Min: 0.1, Avg: 0.1, Max: 0.2, Diff: 0.0, Sum: 0.6]
   [Clear CT: 0.1 ms]
   [Other: 0.4 ms]
      [Choose CSet: 0.0 ms]
      [Ref Proc: 0.1 ms]
      [Ref Enq: 0.0 ms]
      [Redirty Cards: 0.0 ms]
      [Humongous Register: 0.0 ms]
      [Humongous Reclaim: 0.0 ms]
      [Free CSet: 0.0 ms]
   [Eden: 15.0M(15.0M)->0.0B(15.0M) Survivors: 3072.0K->3072.0K Heap: 358.5M(361.0M)->346.5M(365.0M)]
 [Times: user=0.00 sys=0.00, real=0.00 secs] 
2016-06-27T18:00:48.572+0300: 14.830: Total time for which application threads were stopped: 0.0148169 seconds, Stopping threads took: 0.0121035 seconds
2016-06-27T18:00:48.574+0300: 14.831: [GC concurrent-string-deduplication, 2041.6K->2041.6K(0.0B), avg 0.9%, 0.0014421 secs]
   [Last Exec: 0.0014421 secs, Idle: 0.1393289 secs, Blocked: 0/0.0000000 secs]
      [Inspected:             103]
         [Skipped:              1(  1.0%)]
         [Hashed:             102( 99.0%)]
         [Known:                0(  0.0%)]
         [New:                102( 99.0%)   2041.6K]
      [Deduplicated:            0(  0.0%)      0.0B(  0.0%)]
         [Young:                0(  0.0%)      0.0B(  0.0%)]
         [Old:                  0(  0.0%)      0.0B(  0.0%)]
   [Total Exec: 69/0.1969678 secs, Idle: 69/14.4061536 secs, Blocked: 1/0.0038934 secs]
      [Inspected:           15326]
         [Skipped:            140(  0.9%)]
         [Hashed:           14208( 92.7%)]
         [Known:              824(  5.4%)]
         [New:              14362( 93.7%)    269.0M]
      [Deduplicated:          399(  2.8%)   2370.6K(  0.9%)]
         [Young:                0(  0.0%)      0.0B(  0.0%)]
         [Old:                399(100.0%)   2370.6K(100.0%)]
   [Table]
      [Memory Usage: 410.3K]
      [Size: 8192, Min: 1024, Max: 16777216]
      [Entries: 14775, Load: 180.4%, Cached: 0, Added: 14793, Removed: 18]
      [Resize Count: 3, Shrink Threshold: 5461(66.7%), Grow Threshold: 16384(200.0%)]
      [Rehash Count: 1, Rehash Threshold: 120, Hash Seed: 0xc4e8cebb]
      [Age Threshold: 3]
   [Queue]
      [Dropped: 0]
2016-06-27T18:00:48.703+0300: 14.960: [GC pause (G1 Evacuation Pause) (young)
Desired survivor size 1572864 bytes, new threshold 1 (max 15)
- age   1:    2442136 bytes,    2442136 total
, 0.0022747 secs]
   [Parallel Time: 1.6 ms, GC Workers: 4]
      [GC Worker Start (ms): Min: 14960.5, Avg: 14960.5, Max: 14960.6, Diff: 0.1]
      [Ext Root Scanning (ms): Min: 0.4, Avg: 0.5, Max: 0.5, Diff: 0.1, Sum: 1.8]
      [Update RS (ms): Min: 0.1, Avg: 0.1, Max: 0.2, Diff: 0.2, Sum: 0.6]
         [Processed Buffers: Min: 1, Avg: 3.3, Max: 5, Diff: 4, Sum: 13]
      [Scan RS (ms): Min: 0.0, Avg: 0.0, Max: 0.0, Diff: 0.0, Sum: 0.0]
      [Code Root Scanning (ms): Min: 0.0, Avg: 0.0, Max: 0.0, Diff: 0.0, Sum: 0.0]
      [Object Copy (ms): Min: 0.8, Avg: 0.9, Max: 1.0, Diff: 0.2, Sum: 3.6]
      [Termination (ms): Min: 0.0, Avg: 0.0, Max: 0.0, Diff: 0.0, Sum: 0.1]
         [Termination Attempts: Min: 1, Avg: 1.0, Max: 1, Diff: 0, Sum: 4]
      [GC Worker Other (ms): Min: 0.0, Avg: 0.0, Max: 0.0, Diff: 0.0, Sum: 0.0]
      [GC Worker Total (ms): Min: 1.5, Avg: 1.5, Max: 1.6, Diff: 0.1, Sum: 6.2]
      [GC Worker End (ms): Min: 14962.0, Avg: 14962.1, Max: 14962.1, Diff: 0.0]
   [Code Root Fixup: 0.0 ms]
   [Code Root Purge: 0.0 ms]
   [String Dedup Fixup: 0.2 ms, GC Workers: 4]
      [Queue Fixup (ms): Min: 0.0, Avg: 0.0, Max: 0.0, Diff: 0.0, Sum: 0.0]
      [Table Fixup (ms): Min: 0.1, Avg: 0.2, Max: 0.2, Diff: 0.0, Sum: 0.6]
   [Clear CT: 0.1 ms]
   [Other: 0.4 ms]
      [Choose CSet: 0.0 ms]
      [Ref Proc: 0.1 ms]
      [Ref Enq: 0.0 ms]
      [Redirty Cards: 0.0 ms]
      [Humongous Register: 0.0 ms]
      [Humongous Reclaim: 0.0 ms]
      [Free CSet: 0.0 ms]
   [Eden: 15.0M(15.0M)->0.0B(15.0M) Survivors: 3072.0K->3072.0K Heap: 361.5M(365.0M)->350.0M(368.0M)]
 [Times: user=0.00 sys=0.00, real=0.00 secs] 
2016-06-27T18:00:48.706+0300: 14.963: Total time for which application threads were stopped: 0.0035358 seconds, Stopping threads took: 0.0006727 seconds
2016-06-27T18:00:48.707+0300: 14.965: [GC concurrent-string-deduplication, 2482.3K->2462.2K(20.1K), avg 0.9%, 0.0017371 secs]
   [Last Exec: 0.0017371 secs, Idle: 0.1316508 secs, Blocked: 0/0.0000000 secs]
      [Inspected:             138]
         [Skipped:              4(  2.9%)]
         [Hashed:             134( 97.1%)]
         [Known:                6(  4.3%)]
         [New:                128( 92.8%)   2482.3K]
      [Deduplicated:            2(  1.6%)     20.1K(  0.8%)]
         [Young:                0(  0.0%)      0.0B(  0.0%)]
         [Old:                  2(100.0%)     20.1K(100.0%)]
   [Total Exec: 70/0.1987049 secs, Idle: 70/14.5378044 secs, Blocked: 1/0.0038934 secs]
      [Inspected:           15464]
         [Skipped:            144(  0.9%)]
         [Hashed:           14342( 92.7%)]
         [Known:              830(  5.4%)]
         [New:              14490( 93.7%)    271.4M]
      [Deduplicated:          401(  2.8%)   2390.7K(  0.9%)]
         [Young:                0(  0.0%)      0.0B(  0.0%)]
         [Old:                401(100.0%)   2390.7K(100.0%)]
   [Table]
      [Memory Usage: 413.2K]
      [Size: 8192, Min: 1024, Max: 16777216]
      [Entries: 14901, Load: 181.9%, Cached: 0, Added: 14919, Removed: 18]
      [Resize Count: 3, Shrink Threshold: 5461(66.7%), Grow Threshold: 16384(200.0%)]
      [Rehash Count: 1, Rehash Threshold: 120, Hash Seed: 0xc4e8cebb]
      [Age Threshold: 3]
   [Queue]
      [Dropped: 0]
2016-06-27T18:00:48.823+0300: 15.080: [GC pause (G1 Evacuation Pause) (young)
Desired survivor size 1572864 bytes, new threshold 1 (max 15)
- age   1:    2410080 bytes,    2410080 total
, 0.0022054 secs]
   [Parallel Time: 1.6 ms, GC Workers: 4]
      [GC Worker Start (ms): Min: 15080.2, Avg: 15080.2, Max: 15080.2, Diff: 0.0]
      [Ext Root Scanning (ms): Min: 0.4, Avg: 0.5, Max: 0.5, Diff: 0.1, Sum: 1.8]
      [Update RS (ms): Min: 0.1, Avg: 0.2, Max: 0.5, Diff: 0.5, Sum: 1.0]
         [Processed Buffers: Min: 1, Avg: 4.5, Max: 9, Diff: 8, Sum: 18]
      [Scan RS (ms): Min: 0.0, Avg: 0.0, Max: 0.0, Diff: 0.0, Sum: 0.0]
      [Code Root Scanning (ms): Min: 0.0, Avg: 0.0, Max: 0.0, Diff: 0.0, Sum: 0.0]
      [Object Copy (ms): Min: 0.5, Avg: 0.8, Max: 0.9, Diff: 0.5, Sum: 3.2]
      [Termination (ms): Min: 0.0, Avg: 0.0, Max: 0.0, Diff: 0.0, Sum: 0.0]
         [Termination Attempts: Min: 1, Avg: 1.0, Max: 1, Diff: 0, Sum: 4]
      [GC Worker Other (ms): Min: 0.0, Avg: 0.0, Max: 0.0, Diff: 0.0, Sum: 0.0]
      [GC Worker Total (ms): Min: 1.5, Avg: 1.5, Max: 1.5, Diff: 0.0, Sum: 6.0]
      [GC Worker End (ms): Min: 15081.7, Avg: 15081.7, Max: 15081.7, Diff: 0.0]
   [Code Root Fixup: 0.0 ms]
   [Code Root Purge: 0.0 ms]
   [String Dedup Fixup: 0.2 ms, GC Workers: 4]
      [Queue Fixup (ms): Min: 0.0, Avg: 0.0, Max: 0.0, Diff: 0.0, Sum: 0.0]
      [Table Fixup (ms): Min: 0.1, Avg: 0.2, Max: 0.2, Diff: 0.0, Sum: 0.6]
   [Clear CT: 0.0 ms]
   [Other: 0.4 ms]
      [Choose CSet: 0.0 ms]
      [Ref Proc: 0.1 ms]
      [Ref Enq: 0.0 ms]
      [Redirty Cards: 0.0 ms]
      [Humongous Register: 0.0 ms]
      [Humongous Reclaim: 0.0 ms]
      [Free CSet: 0.0 ms]
   [Eden: 15.0M(15.0M)->0.0B(15.0M) Survivors: 3072.0K->3072.0K Heap: 365.0M(368.0M)->353.0M(371.0M)]
 [Times: user=0.00 sys=0.00, real=0.00 secs] 
2016-06-27T18:00:48.825+0300: 15.083: Total time for which application threads were stopped: 0.0101777 seconds, Stopping threads took: 0.0073103 seconds
2016-06-27T18:00:48.827+0300: 15.084: [GC concurrent-string-deduplication, 2222.8K->2161.7K(61.1K), avg 0.9%, 0.0015836 secs]
   [Last Exec: 0.0015836 secs, Idle: 0.1179154 secs, Blocked: 0/0.0000000 secs]
      [Inspected:             112]
         [Skipped:              0(  0.0%)]
         [Hashed:             112(100.0%)]
         [Known:                0(  0.0%)]
         [New:                112(100.0%)   2222.8K]
      [Deduplicated:            4(  3.6%)     61.1K(  2.7%)]
         [Young:                0(  0.0%)      0.0B(  0.0%)]
         [Old:                  4(100.0%)     61.1K(100.0%)]
   [Total Exec: 71/0.2002885 secs, Idle: 71/14.6557199 secs, Blocked: 1/0.0038934 secs]
      [Inspected:           15576]
         [Skipped:            144(  0.9%)]
         [Hashed:           14454( 92.8%)]
         [Known:              830(  5.3%)]
         [New:              14602( 93.7%)    273.6M]
      [Deduplicated:          405(  2.8%)   2451.7K(  0.9%)]
         [Young:                0(  0.0%)      0.0B(  0.0%)]
         [Old:                405(100.0%)   2451.7K(100.0%)]
   [Table]
      [Memory Usage: 415.8K]
      [Size: 8192, Min: 1024, Max: 16777216]
      [Entries: 15009, Load: 183.2%, Cached: 0, Added: 15027, Removed: 18]
      [Resize Count: 3, Shrink Threshold: 5461(66.7%), Grow Threshold: 16384(200.0%)]
      [Rehash Count: 1, Rehash Threshold: 120, Hash Seed: 0xc4e8cebb]
      [Age Threshold: 3]
   [Queue]
      [Dropped: 0]
2016-06-27T18:00:48.936+0300: 15.193: [GC pause (G1 Evacuation Pause) (young)
Desired survivor size 1572864 bytes, new threshold 1 (max 15)
- age   1:    2673872 bytes,    2673872 total
, 0.0033220 secs]
   [Parallel Time: 2.6 ms, GC Workers: 4]
      [GC Worker Start (ms): Min: 15193.3, Avg: 15193.4, Max: 15193.5, Diff: 0.2]
      [Ext Root Scanning (ms): Min: 0.8, Avg: 1.0, Max: 1.2, Diff: 0.4, Sum: 3.9]
      [Update RS (ms): Min: 0.1, Avg: 0.4, Max: 1.3, Diff: 1.3, Sum: 1.8]
         [Processed Buffers: Min: 2, Avg: 5.0, Max: 8, Diff: 6, Sum: 20]
      [Scan RS (ms): Min: 0.0, Avg: 0.0, Max: 0.0, Diff: 0.0, Sum: 0.0]
      [Code Root Scanning (ms): Min: 0.0, Avg: 0.0, Max: 0.0, Diff: 0.0, Sum: 0.0]
      [Object Copy (ms): Min: 0.3, Avg: 0.9, Max: 1.2, Diff: 0.9, Sum: 3.7]
      [Termination (ms): Min: 0.0, Avg: 0.1, Max: 0.2, Diff: 0.2, Sum: 0.3]
         [Termination Attempts: Min: 1, Avg: 1.5, Max: 2, Diff: 1, Sum: 6]
      [GC Worker Other (ms): Min: 0.0, Avg: 0.0, Max: 0.0, Diff: 0.0, Sum: 0.0]
      [GC Worker Total (ms): Min: 2.3, Avg: 2.4, Max: 2.5, Diff: 0.2, Sum: 9.8]
      [GC Worker End (ms): Min: 15195.8, Avg: 15195.8, Max: 15195.8, Diff: 0.0]
   [Code Root Fixup: 0.0 ms]
   [Code Root Purge: 0.0 ms]
   [String Dedup Fixup: 0.3 ms, GC Workers: 4]
      [Queue Fixup (ms): Min: 0.0, Avg: 0.0, Max: 0.0, Diff: 0.0, Sum: 0.0]
      [Table Fixup (ms): Min: 0.0, Avg: 0.2, Max: 0.3, Diff: 0.3, Sum: 0.9]
   [Clear CT: 0.0 ms]
   [Other: 0.4 ms]
      [Choose CSet: 0.0 ms]
      [Ref Proc: 0.1 ms]
      [Ref Enq: 0.0 ms]
      [Redirty Cards: 0.0 ms]
      [Humongous Register: 0.0 ms]
      [Humongous Reclaim: 0.0 ms]
      [Free CSet: 0.0 ms]
   [Eden: 15.0M(15.0M)->0.0B(15.0M) Survivors: 3072.0K->3072.0K Heap: 368.0M(371.0M)->357.0M(375.0M)]
 [Times: user=0.00 sys=0.00, real=0.00 secs] 
2016-06-27T18:00:48.939+0300: 15.197: Total time for which application threads were stopped: 0.0150530 seconds, Stopping threads took: 0.0110459 seconds
2016-06-27T18:00:48.941+0300: 15.199: [GC concurrent-string-deduplication, 2943.3K->2902.3K(41.0K), avg 0.9%, 0.0020502 secs]
   [Last Exec: 0.0020502 secs, Idle: 0.1125073 secs, Blocked: 0/0.0000000 secs]
      [Inspected:             149]
         [Skipped:              1(  0.7%)]
         [Hashed:             148( 99.3%)]
         [Known:                0(  0.0%)]
         [New:                148( 99.3%)   2943.3K]
      [Deduplicated:            3(  2.0%)     41.0K(  1.4%)]
         [Young:                0(  0.0%)      0.0B(  0.0%)]
         [Old:                  3(100.0%)     41.0K(100.0%)]
   [Total Exec: 72/0.2023387 secs, Idle: 72/14.7682272 secs, Blocked: 1/0.0038934 secs]
      [Inspected:           15725]
         [Skipped:            145(  0.9%)]
         [Hashed:           14602( 92.9%)]
         [Known:              830(  5.3%)]
         [New:              14750( 93.8%)    276.5M]
      [Deduplicated:          408(  2.8%)   2492.8K(  0.9%)]
         [Young:                0(  0.0%)      0.0B(  0.0%)]
         [Old:                408(100.0%)   2492.8K(100.0%)]
   [Table]
      [Memory Usage: 419.2K]
      [Size: 8192, Min: 1024, Max: 16777216]
      [Entries: 15154, Load: 185.0%, Cached: 0, Added: 15172, Removed: 18]
      [Resize Count: 3, Shrink Threshold: 5461(66.7%), Grow Threshold: 16384(200.0%)]
      [Rehash Count: 1, Rehash Threshold: 120, Hash Seed: 0xc4e8cebb]
      [Age Threshold: 3]
   [Queue]
      [Dropped: 0]
2016-06-27T18:00:49.056+0300: 15.313: [GC pause (G1 Evacuation Pause) (young)
Desired survivor size 1572864 bytes, new threshold 1 (max 15)
- age   1:    2127760 bytes,    2127760 total
, 0.0020472 secs]
   [Parallel Time: 1.5 ms, GC Workers: 4]
      [GC Worker Start (ms): Min: 15313.1, Avg: 15313.1, Max: 15313.2, Diff: 0.0]
      [Ext Root Scanning (ms): Min: 0.4, Avg: 0.4, Max: 0.4, Diff: 0.0, Sum: 1.7]
      [Update RS (ms): Min: 0.1, Avg: 0.1, Max: 0.2, Diff: 0.1, Sum: 0.6]
         [Processed Buffers: Min: 1, Avg: 3.8, Max: 10, Diff: 9, Sum: 15]
      [Scan RS (ms): Min: 0.0, Avg: 0.0, Max: 0.0, Diff: 0.0, Sum: 0.0]
      [Code Root Scanning (ms): Min: 0.0, Avg: 0.0, Max: 0.0, Diff: 0.0, Sum: 0.0]
      [Object Copy (ms): Min: 0.8, Avg: 0.8, Max: 0.8, Diff: 0.1, Sum: 3.2]
      [Termination (ms): Min: 0.0, Avg: 0.0, Max: 0.0, Diff: 0.0, Sum: 0.0]
         [Termination Attempts: Min: 1, Avg: 1.0, Max: 1, Diff: 0, Sum: 4]
      [GC Worker Other (ms): Min: 0.0, Avg: 0.0, Max: 0.0, Diff: 0.0, Sum: 0.0]
      [GC Worker Total (ms): Min: 1.4, Avg: 1.4, Max: 1.4, Diff: 0.0, Sum: 5.6]
      [GC Worker End (ms): Min: 15314.5, Avg: 15314.5, Max: 15314.5, Diff: 0.0]
   [Code Root Fixup: 0.0 ms]
   [Code Root Purge: 0.0 ms]
   [String Dedup Fixup: 0.2 ms, GC Workers: 4]
      [Queue Fixup (ms): Min: 0.0, Avg: 0.0, Max: 0.0, Diff: 0.0, Sum: 0.0]
      [Table Fixup (ms): Min: 0.2, Avg: 0.2, Max: 0.2, Diff: 0.0, Sum: 0.6]
   [Clear CT: 0.0 ms]
   [Other: 0.4 ms]
      [Choose CSet: 0.0 ms]
      [Ref Proc: 0.1 ms]
      [Ref Enq: 0.0 ms]
      [Redirty Cards: 0.0 ms]
      [Humongous Register: 0.0 ms]
      [Humongous Reclaim: 0.0 ms]
      [Free CSet: 0.0 ms]
   [Eden: 15.0M(15.0M)->0.0B(15.0M) Survivors: 3072.0K->3072.0K Heap: 372.0M(375.0M)->360.5M(379.0M)]
 [Times: user=0.00 sys=0.00, real=0.00 secs] 
2016-06-27T18:00:49.058+0300: 15.315: Total time for which application threads were stopped: 0.0135844 seconds, Stopping threads took: 0.0108731 seconds
2016-06-27T18:00:49.060+0300: 15.317: [GC concurrent-string-deduplication, 2043.6K->2021.6K(22.0K), avg 0.9%, 0.0013185 secs]
   [Last Exec: 0.0013185 secs, Idle: 0.1165106 secs, Blocked: 0/0.0000000 secs]
      [Inspected:             107]
         [Skipped:              3(  2.8%)]
         [Hashed:             104( 97.2%)]
         [Known:                0(  0.0%)]
         [New:                104( 97.2%)   2043.6K]
      [Deduplicated:            3(  2.9%)     22.0K(  1.1%)]
         [Young:                0(  0.0%)      0.0B(  0.0%)]
         [Old:                  3(100.0%)     22.0K(100.0%)]
   [Total Exec: 73/0.2036571 secs, Idle: 73/14.8847377 secs, Blocked: 1/0.0038934 secs]
      [Inspected:           15832]
         [Skipped:            148(  0.9%)]
         [Hashed:           14706( 92.9%)]
         [Known:              830(  5.2%)]
         [New:              14854( 93.8%)    278.5M]
      [Deduplicated:          411(  2.8%)   2514.8K(  0.9%)]
         [Young:                0(  0.0%)      0.0B(  0.0%)]
         [Old:                411(100.0%)   2514.8K(100.0%)]
   [Table]
      [Memory Usage: 421.5K]
      [Size: 8192, Min: 1024, Max: 16777216]
      [Entries: 15255, Load: 186.2%, Cached: 0, Added: 15273, Removed: 18]
      [Resize Count: 3, Shrink Threshold: 5461(66.7%), Grow Threshold: 16384(200.0%)]
      [Rehash Count: 1, Rehash Threshold: 120, Hash Seed: 0xc4e8cebb]
      [Age Threshold: 3]
   [Queue]
      [Dropped: 0]
2016-06-27T18:00:49.187+0300: 15.444: [GC cleanup 375M->375M(379M), 0.0003883 secs]
 [Times: user=0.00 sys=0.00, real=0.00 secs] 
2016-06-27T18:00:49.188+0300: 15.445: Total time for which application threads were stopped: 0.0060342 seconds, Stopping threads took: 0.0053128 seconds
2016-06-27T18:00:49.190+0300: 15.447: [GC pause (G1 Evacuation Pause) (young)
Desired survivor size 1572864 bytes, new threshold 1 (max 15)
- age   1:    2523072 bytes,    2523072 total
, 0.0021378 secs]
   [Parallel Time: 1.4 ms, GC Workers: 4]
      [GC Worker Start (ms): Min: 15447.0, Avg: 15447.1, Max: 15447.1, Diff: 0.0]
      [Ext Root Scanning (ms): Min: 0.4, Avg: 0.4, Max: 0.4, Diff: 0.0, Sum: 1.6]
      [Update RS (ms): Min: 0.1, Avg: 0.1, Max: 0.2, Diff: 0.0, Sum: 0.6]
         [Processed Buffers: Min: 1, Avg: 4.8, Max: 10, Diff: 9, Sum: 19]
      [Scan RS (ms): Min: 0.0, Avg: 0.0, Max: 0.0, Diff: 0.0, Sum: 0.0]
      [Code Root Scanning (ms): Min: 0.0, Avg: 0.0, Max: 0.0, Diff: 0.0, Sum: 0.0]
      [Object Copy (ms): Min: 0.8, Avg: 0.8, Max: 0.9, Diff: 0.1, Sum: 3.4]
      [Termination (ms): Min: 0.0, Avg: 0.0, Max: 0.0, Diff: 0.0, Sum: 0.0]
         [Termination Attempts: Min: 1, Avg: 1.0, Max: 1, Diff: 0, Sum: 4]
      [GC Worker Other (ms): Min: 0.0, Avg: 0.0, Max: 0.0, Diff: 0.0, Sum: 0.0]
      [GC Worker Total (ms): Min: 1.4, Avg: 1.4, Max: 1.4, Diff: 0.0, Sum: 5.6]
      [GC Worker End (ms): Min: 15448.4, Avg: 15448.4, Max: 15448.5, Diff: 0.0]
   [Code Root Fixup: 0.0 ms]
   [Code Root Purge: 0.0 ms]
   [String Dedup Fixup: 0.2 ms, GC Workers: 4]
      [Queue Fixup (ms): Min: 0.0, Avg: 0.0, Max: 0.0, Diff: 0.0, Sum: 0.0]
      [Table Fixup (ms): Min: 0.2, Avg: 0.2, Max: 0.2, Diff: 0.0, Sum: 0.7]
   [Clear CT: 0.0 ms]
   [Other: 0.5 ms]
      [Choose CSet: 0.0 ms]
      [Ref Proc: 0.1 ms]
      [Ref Enq: 0.0 ms]
      [Redirty Cards: 0.0 ms]
      [Humongous Register: 0.0 ms]
      [Humongous Reclaim: 0.0 ms]
      [Free CSet: 0.0 ms]
   [Eden: 15.0M(15.0M)->0.0B(16.0M) Survivors: 3072.0K->3072.0K Heap: 375.5M(379.0M)->364.0M(382.0M)]
 [Times: user=0.00 sys=0.01, real=0.00 secs] 
2016-06-27T18:00:49.192+0300: 15.449: Total time for which application threads were stopped: 0.0027293 seconds, Stopping threads took: 0.0000646 seconds
2016-06-27T18:00:49.194+0300: 15.451: [GC concurrent-string-deduplication, 2341.8K->2341.8K(0.0B), avg 0.9%, 0.0017115 secs]
   [Last Exec: 0.0017115 secs, Idle: 0.1324942 secs, Blocked: 0/0.0000000 secs]
      [Inspected:             123]
         [Skipped:              6(  4.9%)]
         [Hashed:             117( 95.1%)]
         [Known:                0(  0.0%)]
         [New:                117( 95.1%)   2341.8K]
      [Deduplicated:            0(  0.0%)      0.0B(  0.0%)]
         [Young:                0(  0.0%)      0.0B(  0.0%)]
         [Old:                  0(  0.0%)      0.0B(  0.0%)]
   [Total Exec: 74/0.2053686 secs, Idle: 74/15.0172319 secs, Blocked: 1/0.0038934 secs]
      [Inspected:           15955]
         [Skipped:            154(  1.0%)]
         [Hashed:           14823( 92.9%)]
         [Known:              830(  5.2%)]
         [New:              14971( 93.8%)    280.8M]
      [Deduplicated:          411(  2.7%)   2514.8K(  0.9%)]
         [Young:                0(  0.0%)      0.0B(  0.0%)]
         [Old:                411(100.0%)   2514.8K(100.0%)]
   [Table]
      [Memory Usage: 424.3K]
      [Size: 8192, Min: 1024, Max: 16777216]
      [Entries: 15372, Load: 187.6%, Cached: 0, Added: 15390, Removed: 18]
      [Resize Count: 3, Shrink Threshold: 5461(66.7%), Grow Threshold: 16384(200.0%)]
      [Rehash Count: 1, Rehash Threshold: 120, Hash Seed: 0xc4e8cebb]
      [Age Threshold: 3]
   [Queue]
      [Dropped: 0]
2016-06-27T18:00:49.336+0300: 15.593: [GC pause (G1 Evacuation Pause) (young)
Desired survivor size 1572864 bytes, new threshold 1 (max 15)
- age   1:    2602192 bytes,    2602192 total
, 0.0023547 secs]
   [Parallel Time: 1.7 ms, GC Workers: 4]
      [GC Worker Start (ms): Min: 15593.0, Avg: 15593.0, Max: 15593.0, Diff: 0.0]
      [Ext Root Scanning (ms): Min: 0.4, Avg: 0.4, Max: 0.4, Diff: 0.0, Sum: 1.7]
      [Update RS (ms): Min: 0.1, Avg: 0.1, Max: 0.2, Diff: 0.1, Sum: 0.6]
         [Processed Buffers: Min: 2, Avg: 5.3, Max: 10, Diff: 8, Sum: 21]
      [Scan RS (ms): Min: 0.0, Avg: 0.0, Max: 0.0, Diff: 0.0, Sum: 0.0]
      [Code Root Scanning (ms): Min: 0.0, Avg: 0.0, Max: 0.0, Diff: 0.0, Sum: 0.0]
      [Object Copy (ms): Min: 1.0, Avg: 1.1, Max: 1.1, Diff: 0.1, Sum: 4.3]
      [Termination (ms): Min: 0.0, Avg: 0.0, Max: 0.0, Diff: 0.0, Sum: 0.0]
         [Termination Attempts: Min: 1, Avg: 1.0, Max: 1, Diff: 0, Sum: 4]
      [GC Worker Other (ms): Min: 0.0, Avg: 0.0, Max: 0.0, Diff: 0.0, Sum: 0.0]
      [GC Worker Total (ms): Min: 1.7, Avg: 1.7, Max: 1.7, Diff: 0.0, Sum: 6.7]
      [GC Worker End (ms): Min: 15594.6, Avg: 15594.6, Max: 15594.6, Diff: 0.0]
   [Code Root Fixup: 0.0 ms]
   [Code Root Purge: 0.0 ms]
   [String Dedup Fixup: 0.2 ms, GC Workers: 4]
      [Queue Fixup (ms): Min: 0.0, Avg: 0.0, Max: 0.0, Diff: 0.0, Sum: 0.0]
      [Table Fixup (ms): Min: 0.2, Avg: 0.2, Max: 0.2, Diff: 0.0, Sum: 0.7]
   [Clear CT: 0.0 ms]
   [Other: 0.4 ms]
      [Choose CSet: 0.0 ms]
      [Ref Proc: 0.0 ms]
      [Ref Enq: 0.0 ms]
      [Redirty Cards: 0.1 ms]
      [Humongous Register: 0.0 ms]
      [Humongous Reclaim: 0.0 ms]
      [Free CSet: 0.0 ms]
   [Eden: 16.0M(16.0M)->0.0B(16.0M) Survivors: 3072.0K->3072.0K Heap: 380.0M(382.0M)->367.5M(387.0M)]
 [Times: user=0.00 sys=0.00, real=0.00 secs] 
2016-06-27T18:00:49.338+0300: 15.595: Total time for which application threads were stopped: 0.0091142 seconds, Stopping threads took: 0.0062284 seconds
2016-06-27T18:00:49.340+0300: 15.597: [GC concurrent-string-deduplication, 2412.0K->2381.9K(30.2K), avg 0.9%, 0.0017329 secs]
   [Last Exec: 0.0017329 secs, Idle: 0.1443410 secs, Blocked: 0/0.0000000 secs]
      [Inspected:             138]
         [Skipped:              8(  5.8%)]
         [Hashed:             130( 94.2%)]
         [Known:                0(  0.0%)]
         [New:                130( 94.2%)   2412.0K]
      [Deduplicated:           11(  8.5%)     30.2K(  1.3%)]
         [Young:                0(  0.0%)      0.0B(  0.0%)]
         [Old:                 11(100.0%)     30.2K(100.0%)]
   [Total Exec: 75/0.2071015 secs, Idle: 75/15.1615729 secs, Blocked: 1/0.0038934 secs]
      [Inspected:           16093]
         [Skipped:            162(  1.0%)]
         [Hashed:           14953( 92.9%)]
         [Known:              830(  5.2%)]
         [New:              15101( 93.8%)    283.1M]
      [Deduplicated:          422(  2.8%)   2545.0K(  0.9%)]
         [Young:                0(  0.0%)      0.0B(  0.0%)]
         [Old:                422(100.0%)   2545.0K(100.0%)]
   [Table]
      [Memory Usage: 427.1K]
      [Size: 8192, Min: 1024, Max: 16777216]
      [Entries: 15491, Load: 189.1%, Cached: 0, Added: 15509, Removed: 18]
      [Resize Count: 3, Shrink Threshold: 5461(66.7%), Grow Threshold: 16384(200.0%)]
      [Rehash Count: 1, Rehash Threshold: 120, Hash Seed: 0xc4e8cebb]
      [Age Threshold: 3]
   [Queue]
      [Dropped: 0]
2016-06-27T18:00:49.476+0300: 15.734: [GC pause (G1 Evacuation Pause) (young) (initial-mark)
Desired survivor size 1572864 bytes, new threshold 1 (max 15)
- age   1:    2659240 bytes,    2659240 total
, 0.0022862 secs]
   [Parallel Time: 1.6 ms, GC Workers: 4]
      [GC Worker Start (ms): Min: 15733.6, Avg: 15733.7, Max: 15733.7, Diff: 0.0]
      [Ext Root Scanning (ms): Min: 0.4, Avg: 0.4, Max: 0.4, Diff: 0.0, Sum: 1.8]
      [Update RS (ms): Min: 0.1, Avg: 0.1, Max: 0.2, Diff: 0.0, Sum: 0.6]
         [Processed Buffers: Min: 1, Avg: 4.3, Max: 8, Diff: 7, Sum: 17]
      [Scan RS (ms): Min: 0.0, Avg: 0.0, Max: 0.0, Diff: 0.0, Sum: 0.0]
      [Code Root Scanning (ms): Min: 0.0, Avg: 0.0, Max: 0.0, Diff: 0.0, Sum: 0.0]
      [Object Copy (ms): Min: 0.9, Avg: 1.0, Max: 1.0, Diff: 0.1, Sum: 3.9]
      [Termination (ms): Min: 0.0, Avg: 0.0, Max: 0.0, Diff: 0.0, Sum: 0.0]
         [Termination Attempts: Min: 1, Avg: 1.0, Max: 1, Diff: 0, Sum: 4]
      [GC Worker Other (ms): Min: 0.0, Avg: 0.0, Max: 0.0, Diff: 0.0, Sum: 0.0]
      [GC Worker Total (ms): Min: 1.6, Avg: 1.6, Max: 1.6, Diff: 0.0, Sum: 6.3]
      [GC Worker End (ms): Min: 15735.2, Avg: 15735.2, Max: 15735.2, Diff: 0.0]
   [Code Root Fixup: 0.0 ms]
   [Code Root Purge: 0.0 ms]
   [String Dedup Fixup: 0.2 ms, GC Workers: 4]
      [Queue Fixup (ms): Min: 0.0, Avg: 0.0, Max: 0.0, Diff: 0.0, Sum: 0.0]
      [Table Fixup (ms): Min: 0.2, Avg: 0.2, Max: 0.2, Diff: 0.0, Sum: 0.7]
   [Clear CT: 0.0 ms]
   [Other: 0.4 ms]
      [Choose CSet: 0.0 ms]
      [Ref Proc: 0.0 ms]
      [Ref Enq: 0.0 ms]
      [Redirty Cards: 0.0 ms]
      [Humongous Register: 0.0 ms]
      [Humongous Reclaim: 0.0 ms]
      [Free CSet: 0.0 ms]
   [Eden: 16.0M(16.0M)->0.0B(16.0M) Survivors: 3072.0K->3072.0K Heap: 383.5M(387.0M)->371.0M(390.0M)]
 [Times: user=0.00 sys=0.00, real=0.00 secs] 
2016-06-27T18:00:49.479+0300: 15.736: [GC concurrent-root-region-scan-start]
2016-06-27T18:00:49.479+0300: 15.736: Total time for which application threads were stopped: 0.0071380 seconds, Stopping threads took: 0.0043082 seconds
2016-06-27T18:00:49.479+0300: 15.736: [GC concurrent-root-region-scan-end, 0.0001907 secs]
2016-06-27T18:00:49.479+0300: 15.736: [GC concurrent-mark-start]
2016-06-27T18:00:49.480+0300: 15.738: [GC concurrent-string-deduplication, 2322.8K->2301.8K(21.0K), avg 0.9%, 0.0016867 secs]
   [Last Exec: 0.0016867 secs, Idle: 0.1388033 secs, Blocked: 0/0.0000000 secs]
      [Inspected:             117]
         [Skipped:              0(  0.0%)]
         [Hashed:             117(100.0%)]
         [Known:                0(  0.0%)]
         [New:                117(100.0%)   2322.8K]
      [Deduplicated:            2(  1.7%)     21.0K(  0.9%)]
         [Young:                0(  0.0%)      0.0B(  0.0%)]
         [Old:                  2(100.0%)     21.0K(100.0%)]
   [Total Exec: 76/0.2087881 secs, Idle: 76/15.3003763 secs, Blocked: 1/0.0038934 secs]
      [Inspected:           16210]
         [Skipped:            162(  1.0%)]
         [Hashed:           15070( 93.0%)]
         [Known:              830(  5.1%)]
         [New:              15218( 93.9%)    285.4M]
      [Deduplicated:          424(  2.8%)   2566.0K(  0.9%)]
         [Young:                0(  0.0%)      0.0B(  0.0%)]
         [Old:                424(100.0%)   2566.0K(100.0%)]
   [Table]
      [Memory Usage: 429.8K]
      [Size: 8192, Min: 1024, Max: 16777216]
      [Entries: 15606, Load: 190.5%, Cached: 0, Added: 15624, Removed: 18]
      [Resize Count: 3, Shrink Threshold: 5461(66.7%), Grow Threshold: 16384(200.0%)]
      [Rehash Count: 1, Rehash Threshold: 120, Hash Seed: 0xc4e8cebb]
      [Age Threshold: 3]
   [Queue]
      [Dropped: 0]
2016-06-27T18:00:49.495+0300: 15.752: [GC concurrent-mark-end, 0.0148028 secs]
2016-06-27T18:00:49.531+0300: 15.788: [GC remark 2016-06-27T18:00:49.531+0300: 15.788: [Finalize Marking, 0.0001300 secs] 2016-06-27T18:00:49.531+0300: 15.789: [GC ref-proc, 0.0000539 secs] 2016-06-27T18:00:49.531+0300: 15.789: [Unloading, 0.0011949 secs], 0.0028879 secs]
 [Times: user=0.00 sys=0.00, real=0.00 secs] 
2016-06-27T18:00:49.534+0300: 15.791: Total time for which application threads were stopped: 0.0089525 seconds, Stopping threads took: 0.0057182 seconds
2016-06-27T18:00:49.534+0300: 15.792: [GC cleanup 377M->377M(390M), 0.0003759 secs]
 [Times: user=0.00 sys=0.00, real=0.00 secs] 
2016-06-27T18:00:49.535+0300: 15.792: Total time for which application threads were stopped: 0.0007698 seconds, Stopping threads took: 0.0000616 seconds
2016-06-27T18:00:49.611+0300: 15.869: [GC pause (G1 Evacuation Pause) (young)
Desired survivor size 1572864 bytes, new threshold 1 (max 15)
- age   1:    2876168 bytes,    2876168 total
, 0.0023795 secs]
   [Parallel Time: 1.6 ms, GC Workers: 4]
      [GC Worker Start (ms): Min: 15869.0, Avg: 15869.0, Max: 15869.0, Diff: 0.0]
      [Ext Root Scanning (ms): Min: 0.5, Avg: 0.5, Max: 0.5, Diff: 0.0, Sum: 1.8]
      [Update RS (ms): Min: 0.1, Avg: 0.1, Max: 0.2, Diff: 0.1, Sum: 0.5]
         [Processed Buffers: Min: 1, Avg: 4.0, Max: 6, Diff: 5, Sum: 16]
      [Scan RS (ms): Min: 0.0, Avg: 0.0, Max: 0.0, Diff: 0.0, Sum: 0.0]
      [Code Root Scanning (ms): Min: 0.0, Avg: 0.0, Max: 0.0, Diff: 0.0, Sum: 0.0]
      [Object Copy (ms): Min: 1.0, Avg: 1.0, Max: 1.0, Diff: 0.1, Sum: 4.0]
      [Termination (ms): Min: 0.0, Avg: 0.0, Max: 0.0, Diff: 0.0, Sum: 0.0]
         [Termination Attempts: Min: 1, Avg: 1.0, Max: 1, Diff: 0, Sum: 4]
      [GC Worker Other (ms): Min: 0.0, Avg: 0.0, Max: 0.0, Diff: 0.0, Sum: 0.1]
      [GC Worker Total (ms): Min: 1.6, Avg: 1.6, Max: 1.6, Diff: 0.0, Sum: 6.4]
      [GC Worker End (ms): Min: 15870.6, Avg: 15870.6, Max: 15870.6, Diff: 0.0]
   [Code Root Fixup: 0.0 ms]
   [Code Root Purge: 0.0 ms]
   [String Dedup Fixup: 0.2 ms, GC Workers: 4]
      [Queue Fixup (ms): Min: 0.0, Avg: 0.0, Max: 0.0, Diff: 0.0, Sum: 0.0]
      [Table Fixup (ms): Min: 0.1, Avg: 0.2, Max: 0.2, Diff: 0.0, Sum: 0.6]
   [Clear CT: 0.1 ms]
   [Other: 0.4 ms]
      [Choose CSet: 0.0 ms]
      [Ref Proc: 0.1 ms]
      [Ref Enq: 0.0 ms]
      [Redirty Cards: 0.1 ms]
      [Humongous Register: 0.0 ms]
      [Humongous Reclaim: 0.0 ms]
      [Free CSet: 0.0 ms]
   [Eden: 16.0M(16.0M)->0.0B(16.0M) Survivors: 3072.0K->3072.0K Heap: 387.0M(390.0M)->375.0M(394.0M)]
 [Times: user=0.00 sys=0.00, real=0.00 secs] 
2016-06-27T18:00:49.614+0300: 15.872: Total time for which application threads were stopped: 0.0037929 seconds, Stopping threads took: 0.0008664 seconds
2016-06-27T18:00:49.616+0300: 15.874: [GC concurrent-string-deduplication, 2804.2K->2742.1K(62.1K), avg 0.9%, 0.0020399 secs]
   [Last Exec: 0.0020399 secs, Idle: 0.1337502 secs, Blocked: 0/0.0000000 secs]
      [Inspected:             142]
         [Skipped:              0(  0.0%)]
         [Hashed:             142(100.0%)]
         [Known:                0(  0.0%)]
         [New:                142(100.0%)   2804.2K]
      [Deduplicated:            5(  3.5%)     62.1K(  2.2%)]
         [Young:                1( 20.0%)   1040.0B(  1.6%)]
         [Old:                  4( 80.0%)     61.1K( 98.4%)]
   [Total Exec: 77/0.2108280 secs, Idle: 77/15.4341265 secs, Blocked: 1/0.0038934 secs]
      [Inspected:           16352]
         [Skipped:            162(  1.0%)]
         [Hashed:           15212( 93.0%)]
         [Known:              830(  5.1%)]
         [New:              15360( 93.9%)    288.1M]
      [Deduplicated:          429(  2.8%)   2628.1K(  0.9%)]
         [Young:                1(  0.2%)   1040.0B(  0.0%)]
         [Old:                428( 99.8%)   2627.1K(100.0%)]
   [Table]
      [Memory Usage: 433.0K]
      [Size: 8192, Min: 1024, Max: 16777216]
      [Entries: 15743, Load: 192.2%, Cached: 0, Added: 15761, Removed: 18]
      [Resize Count: 3, Shrink Threshold: 5461(66.7%), Grow Threshold: 16384(200.0%)]
      [Rehash Count: 1, Rehash Threshold: 120, Hash Seed: 0xc4e8cebb]
      [Age Threshold: 3]
   [Queue]
      [Dropped: 0]
2016-06-27T18:00:49.747+0300: 16.005: [GC pause (G1 Evacuation Pause) (mixed)
Desired survivor size 1572864 bytes, new threshold 1 (max 15)
- age   1:    2711320 bytes,    2711320 total
, 0.0054227 secs]
   [Parallel Time: 4.4 ms, GC Workers: 4]
      [GC Worker Start (ms): Min: 16005.2, Avg: 16005.2, Max: 16005.2, Diff: 0.0]
      [Ext Root Scanning (ms): Min: 0.4, Avg: 0.4, Max: 0.5, Diff: 0.0, Sum: 1.7]
      [Update RS (ms): Min: 0.0, Avg: 0.1, Max: 0.2, Diff: 0.2, Sum: 0.5]
         [Processed Buffers: Min: 1, Avg: 3.8, Max: 8, Diff: 7, Sum: 15]
      [Scan RS (ms): Min: 0.1, Avg: 0.1, Max: 0.1, Diff: 0.0, Sum: 0.4]
      [Code Root Scanning (ms): Min: 0.0, Avg: 0.0, Max: 0.0, Diff: 0.0, Sum: 0.0]
      [Object Copy (ms): Min: 3.6, Avg: 3.6, Max: 3.7, Diff: 0.1, Sum: 14.6]
      [Termination (ms): Min: 0.0, Avg: 0.0, Max: 0.0, Diff: 0.0, Sum: 0.0]
         [Termination Attempts: Min: 1, Avg: 1.0, Max: 1, Diff: 0, Sum: 4]
      [GC Worker Other (ms): Min: 0.0, Avg: 0.0, Max: 0.0, Diff: 0.0, Sum: 0.1]
      [GC Worker Total (ms): Min: 4.3, Avg: 4.3, Max: 4.4, Diff: 0.0, Sum: 17.3]
      [GC Worker End (ms): Min: 16009.5, Avg: 16009.5, Max: 16009.5, Diff: 0.0]
   [Code Root Fixup: 0.0 ms]
   [Code Root Purge: 0.0 ms]
   [String Dedup Fixup: 0.2 ms, GC Workers: 4]
      [Queue Fixup (ms): Min: 0.0, Avg: 0.0, Max: 0.0, Diff: 0.0, Sum: 0.0]
      [Table Fixup (ms): Min: 0.2, Avg: 0.2, Max: 0.2, Diff: 0.0, Sum: 0.7]
   [Clear CT: 0.0 ms]
   [Other: 0.8 ms]
      [Choose CSet: 0.0 ms]
      [Ref Proc: 0.4 ms]
      [Ref Enq: 0.0 ms]
      [Redirty Cards: 0.0 ms]
      [Humongous Register: 0.0 ms]
      [Humongous Reclaim: 0.0 ms]
      [Free CSet: 0.1 ms]
   [Eden: 16.0M(16.0M)->0.0B(17.0M) Survivors: 3072.0K->3072.0K Heap: 391.0M(394.0M)->350.0M(409.0M)]
 [Times: user=0.00 sys=0.00, real=0.01 secs] 
2016-06-27T18:00:49.753+0300: 16.011: Total time for which application threads were stopped: 0.0134673 seconds, Stopping threads took: 0.0075135 seconds
2016-06-27T18:00:49.755+0300: 16.012: [GC concurrent-string-deduplication, 2443.9K->2441.9K(2080.0B), avg 0.9%, 0.0017341 secs]
   [Last Exec: 0.0017341 secs, Idle: 0.1370068 secs, Blocked: 0/0.0000000 secs]
      [Inspected:             127]
         [Skipped:              3(  2.4%)]
         [Hashed:             124( 97.6%)]
         [Known:                0(  0.0%)]
         [New:                124( 97.6%)   2443.9K]
      [Deduplicated:            2(  1.6%)   2080.0B(  0.1%)]
         [Young:                0(  0.0%)      0.0B(  0.0%)]
         [Old:                  2(100.0%)   2080.0B(100.0%)]
   [Total Exec: 78/0.2125622 secs, Idle: 78/15.5711332 secs, Blocked: 1/0.0038934 secs]
      [Inspected:           16479]
         [Skipped:            165(  1.0%)]
         [Hashed:           15336( 93.1%)]
         [Known:              830(  5.0%)]
         [New:              15484( 94.0%)    290.5M]
      [Deduplicated:          431(  2.8%)   2630.1K(  0.9%)]
         [Young:                1(  0.2%)   1040.0B(  0.0%)]
         [Old:                430( 99.8%)   2629.1K(100.0%)]
   [Table]
      [Memory Usage: 435.8K]
      [Size: 8192, Min: 1024, Max: 16777216]
      [Entries: 15865, Load: 193.7%, Cached: 0, Added: 15883, Removed: 18]
      [Resize Count: 3, Shrink Threshold: 5461(66.7%), Grow Threshold: 16384(200.0%)]
      [Rehash Count: 1, Rehash Threshold: 120, Hash Seed: 0xc4e8cebb]
      [Age Threshold: 3]
   [Queue]
      [Dropped: 0]
2016-06-27T18:00:49.902+0300: 16.159: [GC pause (G1 Evacuation Pause) (mixed)
Desired survivor size 1572864 bytes, new threshold 1 (max 15)
- age   1:    2677024 bytes,    2677024 total
, 0.0069468 secs]
   [Parallel Time: 6.2 ms, GC Workers: 4]
      [GC Worker Start (ms): Min: 16159.1, Avg: 16159.1, Max: 16159.2, Diff: 0.0]
      [Ext Root Scanning (ms): Min: 0.4, Avg: 0.4, Max: 0.5, Diff: 0.1, Sum: 1.7]
      [Update RS (ms): Min: 0.3, Avg: 0.4, Max: 0.5, Diff: 0.1, Sum: 1.7]
         [Processed Buffers: Min: 1, Avg: 3.8, Max: 12, Diff: 11, Sum: 15]
      [Scan RS (ms): Min: 0.0, Avg: 0.1, Max: 0.2, Diff: 0.2, Sum: 0.5]
      [Code Root Scanning (ms): Min: 0.0, Avg: 0.0, Max: 0.0, Diff: 0.0, Sum: 0.0]
      [Object Copy (ms): Min: 5.1, Avg: 5.1, Max: 5.2, Diff: 0.1, Sum: 20.6]
      [Termination (ms): Min: 0.0, Avg: 0.0, Max: 0.0, Diff: 0.0, Sum: 0.0]
         [Termination Attempts: Min: 1, Avg: 1.0, Max: 1, Diff: 0, Sum: 4]
      [GC Worker Other (ms): Min: 0.0, Avg: 0.0, Max: 0.0, Diff: 0.0, Sum: 0.1]
      [GC Worker Total (ms): Min: 6.1, Avg: 6.1, Max: 6.1, Diff: 0.0, Sum: 24.6]
      [GC Worker End (ms): Min: 16165.3, Avg: 16165.3, Max: 16165.3, Diff: 0.0]
   [Code Root Fixup: 0.0 ms]
   [Code Root Purge: 0.0 ms]
   [String Dedup Fixup: 0.2 ms, GC Workers: 4]
      [Queue Fixup (ms): Min: 0.0, Avg: 0.0, Max: 0.0, Diff: 0.0, Sum: 0.0]
      [Table Fixup (ms): Min: 0.2, Avg: 0.2, Max: 0.2, Diff: 0.0, Sum: 0.8]
   [Clear CT: 0.0 ms]
   [Other: 0.5 ms]
      [Choose CSet: 0.0 ms]
      [Ref Proc: 0.0 ms]
      [Ref Enq: 0.0 ms]
      [Redirty Cards: 0.0 ms]
      [Humongous Register: 0.0 ms]
      [Humongous Reclaim: 0.0 ms]
      [Free CSet: 0.1 ms]
   [Eden: 17.0M(17.0M)->0.0B(17.0M) Survivors: 3072.0K->3072.0K Heap: 367.0M(409.0M)->336.5M(409.0M)]
 [Times: user=0.00 sys=0.00, real=0.01 secs] 
2016-06-27T18:00:49.909+0300: 16.166: Total time for which application threads were stopped: 0.0138175 seconds, Stopping threads took: 0.0063340 seconds
2016-06-27T18:00:49.911+0300: 16.168: [GC concurrent-string-deduplication, 2863.3K->2802.2K(61.1K), avg 0.9%, 0.0020143 secs]
   [Last Exec: 0.0020143 secs, Idle: 0.1537157 secs, Blocked: 0/0.0000000 secs]
      [Inspected:             145]
         [Skipped:              1(  0.7%)]
         [Hashed:             144( 99.3%)]
         [Known:                0(  0.0%)]
         [New:                144( 99.3%)   2863.3K]
      [Deduplicated:            4(  2.8%)     61.1K(  2.1%)]
         [Young:                0(  0.0%)      0.0B(  0.0%)]
         [Old:                  4(100.0%)     61.1K(100.0%)]
   [Total Exec: 79/0.2145764 secs, Idle: 79/15.7248489 secs, Blocked: 1/0.0038934 secs]
      [Inspected:           16624]
         [Skipped:            166(  1.0%)]
         [Hashed:           15480( 93.1%)]
         [Known:              830(  5.0%)]
         [New:              15628( 94.0%)    293.3M]
      [Deduplicated:          435(  2.8%)   2691.2K(  0.9%)]
         [Young:                1(  0.2%)   1040.0B(  0.0%)]
         [Old:                434( 99.8%)   2690.2K(100.0%)]
   [Table]
      [Memory Usage: 439.1K]
      [Size: 8192, Min: 1024, Max: 16777216]
      [Entries: 16005, Load: 195.4%, Cached: 0, Added: 16023, Removed: 18]
      [Resize Count: 3, Shrink Threshold: 5461(66.7%), Grow Threshold: 16384(200.0%)]
      [Rehash Count: 1, Rehash Threshold: 120, Hash Seed: 0xc4e8cebb]
      [Age Threshold: 3]
   [Queue]
      [Dropped: 0]
2016-06-27T18:00:50.041+0300: 16.298: [GC pause (G1 Evacuation Pause) (mixed)
Desired survivor size 1572864 bytes, new threshold 1 (max 15)
- age   1:    2656152 bytes,    2656152 total
, 0.0051524 secs]
   [Parallel Time: 4.4 ms, GC Workers: 4]
      [GC Worker Start (ms): Min: 16298.4, Avg: 16298.4, Max: 16298.4, Diff: 0.0]
      [Ext Root Scanning (ms): Min: 0.5, Avg: 0.6, Max: 1.1, Diff: 0.6, Sum: 2.6]
      [Update RS (ms): Min: 0.2, Avg: 0.6, Max: 0.8, Diff: 0.6, Sum: 2.6]
         [Processed Buffers: Min: 1, Avg: 3.8, Max: 9, Diff: 8, Sum: 15]
      [Scan RS (ms): Min: 0.0, Avg: 0.1, Max: 0.2, Diff: 0.1, Sum: 0.3]
      [Code Root Scanning (ms): Min: 0.0, Avg: 0.0, Max: 0.0, Diff: 0.0, Sum: 0.0]
      [Object Copy (ms): Min: 2.9, Avg: 3.0, Max: 3.0, Diff: 0.1, Sum: 11.8]
      [Termination (ms): Min: 0.0, Avg: 0.0, Max: 0.1, Diff: 0.1, Sum: 0.2]
         [Termination Attempts: Min: 1, Avg: 1.0, Max: 1, Diff: 0, Sum: 4]
      [GC Worker Other (ms): Min: 0.0, Avg: 0.0, Max: 0.0, Diff: 0.0, Sum: 0.1]
      [GC Worker Total (ms): Min: 4.4, Avg: 4.4, Max: 4.4, Diff: 0.0, Sum: 17.5]
      [GC Worker End (ms): Min: 16302.8, Avg: 16302.8, Max: 16302.8, Diff: 0.0]
   [Code Root Fixup: 0.0 ms]
   [Code Root Purge: 0.0 ms]
   [String Dedup Fixup: 0.2 ms, GC Workers: 4]
      [Queue Fixup (ms): Min: 0.0, Avg: 0.0, Max: 0.0, Diff: 0.0, Sum: 0.0]
      [Table Fixup (ms): Min: 0.2, Avg: 0.2, Max: 0.2, Diff: 0.0, Sum: 0.7]
   [Clear CT: 0.0 ms]
   [Other: 0.5 ms]
      [Choose CSet: 0.0 ms]
      [Ref Proc: 0.1 ms]
      [Ref Enq: 0.0 ms]
      [Redirty Cards: 0.0 ms]
      [Humongous Register: 0.0 ms]
      [Humongous Reclaim: 0.0 ms]
      [Free CSet: 0.1 ms]
   [Eden: 17.0M(17.0M)->0.0B(27.0M) Survivors: 3072.0K->3072.0K Heap: 353.5M(409.0M)->335.0M(409.0M)]
 [Times: user=0.00 sys=0.00, real=0.01 secs] 
2016-06-27T18:00:50.046+0300: 16.304: Total time for which application threads were stopped: 0.0141746 seconds, Stopping threads took: 0.0084731 seconds
2016-06-27T18:00:50.048+0300: 16.305: [GC concurrent-string-deduplication, 2464.0K->2421.9K(42.1K), avg 0.9%, 0.0017401 secs]
   [Last Exec: 0.0017401 secs, Idle: 0.1354180 secs, Blocked: 0/0.0000000 secs]
      [Inspected:             130]
         [Skipped:              5(  3.8%)]
         [Hashed:             125( 96.2%)]
         [Known:                0(  0.0%)]
         [New:                125( 96.2%)   2464.0K]
      [Deduplicated:            4(  3.2%)     42.1K(  1.7%)]
         [Young:                0(  0.0%)      0.0B(  0.0%)]
         [Old:                  4(100.0%)     42.1K(100.0%)]
   [Total Exec: 80/0.2163166 secs, Idle: 80/15.8602669 secs, Blocked: 1/0.0038934 secs]
      [Inspected:           16754]
         [Skipped:            171(  1.0%)]
         [Hashed:           15605( 93.1%)]
         [Known:              830(  5.0%)]
         [New:              15753( 94.0%)    295.7M]
      [Deduplicated:          439(  2.8%)   2733.3K(  0.9%)]
         [Young:                1(  0.2%)   1040.0B(  0.0%)]
         [Old:                438( 99.8%)   2732.2K(100.0%)]
   [Table]
      [Memory Usage: 442.0K]
      [Size: 8192, Min: 1024, Max: 16777216]
      [Entries: 16126, Load: 196.9%, Cached: 0, Added: 16144, Removed: 18]
      [Resize Count: 3, Shrink Threshold: 5461(66.7%), Grow Threshold: 16384(200.0%)]
      [Rehash Count: 1, Rehash Threshold: 120, Hash Seed: 0xc4e8cebb]
      [Age Threshold: 3]
   [Queue]
      [Dropped: 0]
2016-06-27T18:00:50.261+0300: 16.519: [GC pause (G1 Evacuation Pause) (young)
Desired survivor size 2097152 bytes, new threshold 1 (max 15)
- age   1:    2754152 bytes,    2754152 total
, 0.0027614 secs]
   [Parallel Time: 2.1 ms, GC Workers: 4]
      [GC Worker Start (ms): Min: 16519.1, Avg: 16519.1, Max: 16519.1, Diff: 0.0]
      [Ext Root Scanning (ms): Min: 0.4, Avg: 0.5, Max: 0.5, Diff: 0.1, Sum: 1.9]
      [Update RS (ms): Min: 0.4, Avg: 0.5, Max: 0.5, Diff: 0.1, Sum: 1.9]
         [Processed Buffers: Min: 1, Avg: 5.5, Max: 16, Diff: 15, Sum: 22]
      [Scan RS (ms): Min: 0.0, Avg: 0.0, Max: 0.0, Diff: 0.0, Sum: 0.0]
      [Code Root Scanning (ms): Min: 0.0, Avg: 0.0, Max: 0.0, Diff: 0.0, Sum: 0.0]
      [Object Copy (ms): Min: 1.0, Avg: 1.1, Max: 1.1, Diff: 0.1, Sum: 4.3]
      [Termination (ms): Min: 0.0, Avg: 0.0, Max: 0.0, Diff: 0.0, Sum: 0.0]
         [Termination Attempts: Min: 1, Avg: 1.0, Max: 1, Diff: 0, Sum: 4]
      [GC Worker Other (ms): Min: 0.0, Avg: 0.0, Max: 0.0, Diff: 0.0, Sum: 0.1]
      [GC Worker Total (ms): Min: 2.0, Avg: 2.0, Max: 2.0, Diff: 0.0, Sum: 8.2]
      [GC Worker End (ms): Min: 16521.1, Avg: 16521.1, Max: 16521.1, Diff: 0.0]
   [Code Root Fixup: 0.0 ms]
   [Code Root Purge: 0.0 ms]
   [String Dedup Fixup: 0.2 ms, GC Workers: 4]
      [Queue Fixup (ms): Min: 0.0, Avg: 0.0, Max: 0.0, Diff: 0.0, Sum: 0.0]
      [Table Fixup (ms): Min: 0.2, Avg: 0.2, Max: 0.2, Diff: 0.0, Sum: 0.7]
   [Clear CT: 0.0 ms]
   [Other: 0.5 ms]
      [Choose CSet: 0.0 ms]
      [Ref Proc: 0.1 ms]
      [Ref Enq: 0.0 ms]
      [Redirty Cards: 0.0 ms]
      [Humongous Register: 0.0 ms]
      [Humongous Reclaim: 0.0 ms]
      [Free CSet: 0.0 ms]
   [Eden: 27.0M(27.0M)->0.0B(22.0M) Survivors: 3072.0K->4096.0K Heap: 362.0M(409.0M)->340.5M(409.0M)]
 [Times: user=0.00 sys=0.00, real=0.00 secs] 
2016-06-27T18:00:50.265+0300: 16.522: Total time for which application threads were stopped: 0.0100379 seconds, Stopping threads took: 0.0067210 seconds
2016-06-27T18:00:50.267+0300: 16.524: [GC concurrent-string-deduplication, 3143.5K->3122.4K(21.0K), avg 0.9%, 0.0021823 secs]
   [Last Exec: 0.0021823 secs, Idle: 0.2164012 secs, Blocked: 0/0.0000000 secs]
      [Inspected:             159]
         [Skipped:              1(  0.6%)]
         [Hashed:             158( 99.4%)]
         [Known:                0(  0.0%)]
         [New:                158( 99.4%)   3143.5K]
      [Deduplicated:            2(  1.3%)     21.0K(  0.7%)]
         [Young:                0(  0.0%)      0.0B(  0.0%)]
         [Old:                  2(100.0%)     21.0K(100.0%)]
   [Total Exec: 81/0.2184989 secs, Idle: 81/16.0766682 secs, Blocked: 1/0.0038934 secs]
      [Inspected:           16913]
         [Skipped:            172(  1.0%)]
         [Hashed:           15763( 93.2%)]
         [Known:              830(  4.9%)]
         [New:              15911( 94.1%)    298.8M]
      [Deduplicated:          441(  2.8%)   2754.3K(  0.9%)]
         [Young:                1(  0.2%)   1040.0B(  0.0%)]
         [Old:                440( 99.8%)   2753.3K(100.0%)]
   [Table]
      [Memory Usage: 445.6K]
      [Size: 8192, Min: 1024, Max: 16777216]
      [Entries: 16282, Load: 198.8%, Cached: 0, Added: 16300, Removed: 18]
      [Resize Count: 3, Shrink Threshold: 5461(66.7%), Grow Threshold: 16384(200.0%)]
      [Rehash Count: 1, Rehash Threshold: 120, Hash Seed: 0xc4e8cebb]
      [Age Threshold: 3]
   [Queue]
      [Dropped: 0]
2016-06-27T18:00:50.444+0300: 16.702: [GC pause (G1 Evacuation Pause) (young) (initial-mark)
Desired survivor size 2097152 bytes, new threshold 1 (max 15)
- age   1:    4024072 bytes,    4024072 total
, 0.0024817 secs]
   [Parallel Time: 1.8 ms, GC Workers: 4]
      [GC Worker Start (ms): Min: 16702.1, Avg: 16702.1, Max: 16702.1, Diff: 0.0]
      [Ext Root Scanning (ms): Min: 0.3, Avg: 0.4, Max: 0.5, Diff: 0.2, Sum: 1.6]
      [Update RS (ms): Min: 0.1, Avg: 0.2, Max: 0.2, Diff: 0.1, Sum: 0.7]
         [Processed Buffers: Min: 1, Avg: 4.8, Max: 9, Diff: 8, Sum: 19]
      [Scan RS (ms): Min: 0.0, Avg: 0.0, Max: 0.0, Diff: 0.0, Sum: 0.0]
      [Code Root Scanning (ms): Min: 0.0, Avg: 0.0, Max: 0.0, Diff: 0.0, Sum: 0.0]
      [Object Copy (ms): Min: 1.1, Avg: 1.2, Max: 1.2, Diff: 0.1, Sum: 4.7]
      [Termination (ms): Min: 0.0, Avg: 0.0, Max: 0.0, Diff: 0.0, Sum: 0.0]
         [Termination Attempts: Min: 1, Avg: 1.0, Max: 1, Diff: 0, Sum: 4]
      [GC Worker Other (ms): Min: 0.0, Avg: 0.0, Max: 0.0, Diff: 0.0, Sum: 0.1]
      [GC Worker Total (ms): Min: 1.8, Avg: 1.8, Max: 1.8, Diff: 0.0, Sum: 7.1]
      [GC Worker End (ms): Min: 16703.9, Avg: 16703.9, Max: 16703.9, Diff: 0.0]
   [Code Root Fixup: 0.0 ms]
   [Code Root Purge: 0.0 ms]
   [String Dedup Fixup: 0.2 ms, GC Workers: 4]
      [Queue Fixup (ms): Min: 0.0, Avg: 0.0, Max: 0.0, Diff: 0.0, Sum: 0.0]
      [Table Fixup (ms): Min: 0.2, Avg: 0.2, Max: 0.2, Diff: 0.0, Sum: 0.7]
   [Clear CT: 0.0 ms]
   [Other: 0.5 ms]
      [Choose CSet: 0.0 ms]
      [Ref Proc: 0.0 ms]
      [Ref Enq: 0.0 ms]
      [Redirty Cards: 0.0 ms]
      [Humongous Register: 0.0 ms]
      [Humongous Reclaim: 0.0 ms]
      [Free CSet: 0.0 ms]
   [Eden: 22.0M(22.0M)->0.0B(18.0M) Survivors: 4096.0K->4096.0K Heap: 362.5M(409.0M)->345.5M(409.0M)]
 [Times: user=0.00 sys=0.00, real=0.00 secs] 
2016-06-27T18:00:50.447+0300: 16.705: [GC concurrent-root-region-scan-start]
2016-06-27T18:00:50.447+0300: 16.705: Total time for which application threads were stopped: 0.0040537 seconds, Stopping threads took: 0.0009225 seconds
2016-06-27T18:00:50.447+0300: 16.705: [GC concurrent-root-region-scan-end, 0.0003015 secs]
2016-06-27T18:00:50.447+0300: 16.705: [GC concurrent-mark-start]
2016-06-27T18:00:50.450+0300: 16.707: [GC concurrent-string-deduplication, 3707.0K->3662.9K(44.1K), avg 0.9%, 0.0027122 secs]
   [Last Exec: 0.0027122 secs, Idle: 0.1804530 secs, Blocked: 0/0.0000000 secs]
      [Inspected:             191]
         [Skipped:              2(  1.0%)]
         [Hashed:             189( 99.0%)]
         [Known:                0(  0.0%)]
         [New:                189( 99.0%)   3707.0K]
      [Deduplicated:            6(  3.2%)     44.1K(  1.2%)]
         [Young:                0(  0.0%)      0.0B(  0.0%)]
         [Old:                  6(100.0%)     44.1K(100.0%)]
   [Total Exec: 82/0.2212111 secs, Idle: 82/16.2571212 secs, Blocked: 1/0.0038934 secs]
      [Inspected:           17104]
         [Skipped:            174(  1.0%)]
         [Hashed:           15952( 93.3%)]
         [Known:              830(  4.9%)]
         [New:              16100( 94.1%)    302.4M]
      [Deduplicated:          447(  2.8%)   2798.4K(  0.9%)]
         [Young:                1(  0.2%)   1040.0B(  0.0%)]
         [Old:                446( 99.8%)   2797.4K(100.0%)]
   [Table]
      [Memory Usage: 449.9K]
      [Size: 8192, Min: 1024, Max: 16777216]
      [Entries: 16465, Load: 201.0%, Cached: 0, Added: 16483, Removed: 18]
      [Resize Count: 3, Shrink Threshold: 5461(66.7%), Grow Threshold: 16384(200.0%)]
      [Rehash Count: 1, Rehash Threshold: 120, Hash Seed: 0xc4e8cebb]
      [Age Threshold: 3]
   [Queue]
      [Dropped: 0]
2016-06-27T18:00:50.466+0300: 16.723: [GC concurrent-mark-end, 0.0175424 secs]
2016-06-27T18:00:50.489+0300: 16.746: [GC remark 2016-06-27T18:00:50.489+0300: 16.746: [Finalize Marking, 0.0001642 secs] 2016-06-27T18:00:50.489+0300: 16.746: [GC ref-proc, 0.0000569 secs] 2016-06-27T18:00:50.489+0300: 16.746: [Unloading, 0.0011132 secs], 0.0030111 secs]
 [Times: user=0.02 sys=0.00, real=0.00 secs] 
2016-06-27T18:00:50.492+0300: 16.749: Total time for which application threads were stopped: 0.0067475 seconds, Stopping threads took: 0.0033554 seconds
2016-06-27T18:00:50.492+0300: 16.749: [GC cleanup 351M->351M(409M), 0.0006094 secs]
 [Times: user=0.00 sys=0.00, real=0.00 secs] 
2016-06-27T18:00:50.493+0300: 16.750: Total time for which application threads were stopped: 0.0010636 seconds, Stopping threads took: 0.0000500 seconds
2016-06-27T18:00:50.568+0300: 16.825: [GC pause (G1 Evacuation Pause) (young)
Desired survivor size 1572864 bytes, new threshold 1 (max 15)
- age   1:    3774448 bytes,    3774448 total
, 0.0046353 secs]
   [Parallel Time: 3.7 ms, GC Workers: 4]
      [GC Worker Start (ms): Min: 16825.6, Avg: 16825.6, Max: 16825.7, Diff: 0.1]
      [Ext Root Scanning (ms): Min: 1.7, Avg: 2.3, Max: 3.4, Diff: 1.8, Sum: 9.0]
      [Update RS (ms): Min: 0.0, Avg: 0.6, Max: 1.6, Diff: 1.6, Sum: 2.2]
         [Processed Buffers: Min: 0, Avg: 3.3, Max: 7, Diff: 7, Sum: 13]
      [Scan RS (ms): Min: 0.0, Avg: 0.0, Max: 0.0, Diff: 0.0, Sum: 0.0]
      [Code Root Scanning (ms): Min: 0.0, Avg: 0.0, Max: 0.0, Diff: 0.0, Sum: 0.0]
      [Object Copy (ms): Min: 0.2, Avg: 0.7, Max: 1.1, Diff: 0.9, Sum: 2.7]
      [Termination (ms): Min: 0.0, Avg: 0.2, Max: 0.3, Diff: 0.3, Sum: 0.6]
         [Termination Attempts: Min: 1, Avg: 1.0, Max: 1, Diff: 0, Sum: 4]
      [GC Worker Other (ms): Min: 0.0, Avg: 0.0, Max: 0.0, Diff: 0.0, Sum: 0.0]
      [GC Worker Total (ms): Min: 3.6, Avg: 3.6, Max: 3.7, Diff: 0.1, Sum: 14.6]
      [GC Worker End (ms): Min: 16829.2, Avg: 16829.3, Max: 16829.3, Diff: 0.0]
   [Code Root Fixup: 0.0 ms]
   [Code Root Purge: 0.0 ms]
   [String Dedup Fixup: 0.5 ms, GC Workers: 4]
      [Queue Fixup (ms): Min: 0.0, Avg: 0.0, Max: 0.0, Diff: 0.0, Sum: 0.0]
      [Table Fixup (ms): Min: 0.0, Avg: 0.2, Max: 0.4, Diff: 0.4, Sum: 0.8]
   [Clear CT: 0.0 ms]
   [Other: 0.4 ms]
      [Choose CSet: 0.0 ms]
      [Ref Proc: 0.1 ms]
      [Ref Enq: 0.0 ms]
      [Redirty Cards: 0.0 ms]
      [Humongous Register: 0.0 ms]
      [Humongous Reclaim: 0.0 ms]
      [Free CSet: 0.0 ms]
   [Eden: 18.0M(18.0M)->0.0B(17.0M) Survivors: 4096.0K->3072.0K Heap: 363.5M(409.0M)->349.5M(409.0M)]
 [Times: user=0.00 sys=0.00, real=0.00 secs] 
2016-06-27T18:00:50.573+0300: 16.830: Total time for which application threads were stopped: 0.0292580 seconds, Stopping threads took: 0.0240059 seconds
2016-06-27T18:00:50.576+0300: 16.833: [GC concurrent-string-deduplication, 3825.0K->3722.9K(102.1K), avg 0.9%, 0.0028546 secs]
   [Last Exec: 0.0028546 secs, Idle: 0.1229006 secs, Blocked: 0/0.0000000 secs]
      [Inspected:             193]
         [Skipped:              0(  0.0%)]
         [Hashed:             193(100.0%)]
         [Known:                0(  0.0%)]
         [New:                193(100.0%)   3825.0K]
      [Deduplicated:            7(  3.6%)    102.1K(  2.7%)]
         [Young:                0(  0.0%)      0.0B(  0.0%)]
         [Old:                  7(100.0%)    102.1K(100.0%)]
   [Total Exec: 83/0.2240657 secs, Idle: 83/16.3800218 secs, Blocked: 1/0.0038934 secs]
      [Inspected:           17297]
         [Skipped:            174(  1.0%)]
         [Hashed:           16145( 93.3%)]
         [Known:              830(  4.8%)]
         [New:              16293( 94.2%)    306.1M]
      [Deduplicated:          454(  2.8%)   2900.5K(  0.9%)]
         [Young:                1(  0.2%)   1040.0B(  0.0%)]
         [Old:                453( 99.8%)   2899.5K(100.0%)]
   [Table]
      [Memory Usage: 518.3K]
      [Size: 16384, Min: 1024, Max: 16777216]
      [Entries: 16651, Load: 101.6%, Cached: 0, Added: 16669, Removed: 18]
      [Resize Count: 4, Shrink Threshold: 10922(66.7%), Grow Threshold: 32768(200.0%)]
      [Rehash Count: 1, Rehash Threshold: 120, Hash Seed: 0xc4e8cebb]
      [Age Threshold: 3]
   [Queue]
      [Dropped: 0]
2016-06-27T18:00:50.649+0300: 16.906: [GC pause (G1 Evacuation Pause) (mixed)
Desired survivor size 1572864 bytes, new threshold 1 (max 15)
- age   1:    2653104 bytes,    2653104 total
, 0.0034717 secs]
   [Parallel Time: 2.7 ms, GC Workers: 4]
      [GC Worker Start (ms): Min: 16906.1, Avg: 16906.2, Max: 16906.2, Diff: 0.0]
      [Ext Root Scanning (ms): Min: 0.4, Avg: 0.4, Max: 0.4, Diff: 0.0, Sum: 1.7]
      [Update RS (ms): Min: 0.1, Avg: 0.2, Max: 0.3, Diff: 0.2, Sum: 0.7]
         [Processed Buffers: Min: 1, Avg: 2.5, Max: 6, Diff: 5, Sum: 10]
      [Scan RS (ms): Min: 0.0, Avg: 0.1, Max: 0.1, Diff: 0.1, Sum: 0.2]
      [Code Root Scanning (ms): Min: 0.0, Avg: 0.0, Max: 0.0, Diff: 0.0, Sum: 0.0]
      [Object Copy (ms): Min: 1.9, Avg: 2.0, Max: 2.0, Diff: 0.1, Sum: 7.8]
      [Termination (ms): Min: 0.0, Avg: 0.0, Max: 0.0, Diff: 0.0, Sum: 0.0]
         [Termination Attempts: Min: 1, Avg: 1.0, Max: 1, Diff: 0, Sum: 4]
      [GC Worker Other (ms): Min: 0.0, Avg: 0.0, Max: 0.0, Diff: 0.0, Sum: 0.1]
      [GC Worker Total (ms): Min: 2.6, Avg: 2.6, Max: 2.6, Diff: 0.0, Sum: 10.5]
      [GC Worker End (ms): Min: 16908.8, Avg: 16908.8, Max: 16908.8, Diff: 0.0]
   [Code Root Fixup: 0.0 ms]
   [Code Root Purge: 0.0 ms]
   [String Dedup Fixup: 0.3 ms, GC Workers: 4]
      [Queue Fixup (ms): Min: 0.0, Avg: 0.0, Max: 0.0, Diff: 0.0, Sum: 0.0]
      [Table Fixup (ms): Min: 0.0, Avg: 0.2, Max: 0.3, Diff: 0.3, Sum: 0.8]
   [Clear CT: 0.0 ms]
   [Other: 0.5 ms]
      [Choose CSet: 0.0 ms]
      [Ref Proc: 0.1 ms]
      [Ref Enq: 0.0 ms]
      [Redirty Cards: 0.0 ms]
      [Humongous Register: 0.0 ms]
      [Humongous Reclaim: 0.0 ms]
      [Free CSet: 0.1 ms]
   [Eden: 17.0M(17.0M)->0.0B(17.0M) Survivors: 3072.0K->3072.0K Heap: 366.5M(409.0M)->347.0M(409.0M)]
 [Times: user=0.00 sys=0.00, real=0.00 secs] 
2016-06-27T18:00:50.653+0300: 16.910: Total time for which application threads were stopped: 0.0134245 seconds, Stopping threads took: 0.0092831 seconds
2016-06-27T18:00:50.655+0300: 16.912: [GC concurrent-string-deduplication, 2683.1K->2602.0K(81.1K), avg 0.9%, 0.0020408 secs]
   [Last Exec: 0.0020408 secs, Idle: 0.0765933 secs, Blocked: 0/0.0000000 secs]
      [Inspected:             135]
         [Skipped:              0(  0.0%)]
         [Hashed:             135(100.0%)]
         [Known:                0(  0.0%)]
         [New:                135(100.0%)   2683.1K]
      [Deduplicated:            5(  3.7%)     81.1K(  3.0%)]
         [Young:                0(  0.0%)      0.0B(  0.0%)]
         [Old:                  5(100.0%)     81.1K(100.0%)]
   [Total Exec: 84/0.2261064 secs, Idle: 84/16.4566151 secs, Blocked: 1/0.0038934 secs]
      [Inspected:           17432]
         [Skipped:            174(  1.0%)]
         [Hashed:           16280( 93.4%)]
         [Known:              830(  4.8%)]
         [New:              16428( 94.2%)    308.7M]
      [Deduplicated:          459(  2.8%)   2981.6K(  0.9%)]
         [Young:                1(  0.2%)   1040.0B(  0.0%)]
         [Old:                458( 99.8%)   2980.6K(100.0%)]
   [Table]
      [Memory Usage: 521.3K]
      [Size: 16384, Min: 1024, Max: 16777216]
      [Entries: 16781, Load: 102.4%, Cached: 0, Added: 16799, Removed: 18]
      [Resize Count: 4, Shrink Threshold: 10922(66.7%), Grow Threshold: 32768(200.0%)]
      [Rehash Count: 1, Rehash Threshold: 120, Hash Seed: 0xc4e8cebb]
      [Age Threshold: 3]
   [Queue]
      [Dropped: 0]
2016-06-27T18:00:50.796+0300: 17.053: [GC pause (G1 Evacuation Pause) (young)
Desired survivor size 1572864 bytes, new threshold 1 (max 15)
- age   1:    2646800 bytes,    2646800 total
, 0.0028229 secs]
   [Parallel Time: 1.6 ms, GC Workers: 4]
      [GC Worker Start (ms): Min: 17053.5, Avg: 17053.6, Max: 17053.6, Diff: 0.0]
      [Ext Root Scanning (ms): Min: 0.4, Avg: 0.4, Max: 0.4, Diff: 0.0, Sum: 1.8]
      [Update RS (ms): Min: 0.3, Avg: 0.3, Max: 0.5, Diff: 0.2, Sum: 1.4]
         [Processed Buffers: Min: 1, Avg: 6.0, Max: 14, Diff: 13, Sum: 24]
      [Scan RS (ms): Min: 0.0, Avg: 0.0, Max: 0.0, Diff: 0.0, Sum: 0.0]
      [Code Root Scanning (ms): Min: 0.0, Avg: 0.0, Max: 0.0, Diff: 0.0, Sum: 0.0]
      [Object Copy (ms): Min: 0.7, Avg: 0.8, Max: 0.9, Diff: 0.2, Sum: 3.2]
      [Termination (ms): Min: 0.0, Avg: 0.0, Max: 0.0, Diff: 0.0, Sum: 0.0]
         [Termination Attempts: Min: 1, Avg: 1.0, Max: 1, Diff: 0, Sum: 4]
      [GC Worker Other (ms): Min: 0.0, Avg: 0.0, Max: 0.0, Diff: 0.0, Sum: 0.1]
      [GC Worker Total (ms): Min: 1.6, Avg: 1.6, Max: 1.6, Diff: 0.0, Sum: 6.5]
      [GC Worker End (ms): Min: 17055.2, Avg: 17055.2, Max: 17055.2, Diff: 0.0]
   [Code Root Fixup: 0.0 ms]
   [Code Root Purge: 0.0 ms]
   [String Dedup Fixup: 0.7 ms, GC Workers: 4]
      [Queue Fixup (ms): Min: 0.0, Avg: 0.0, Max: 0.0, Diff: 0.0, Sum: 0.0]
      [Table Fixup (ms): Min: 0.2, Avg: 0.3, Max: 0.3, Diff: 0.0, Sum: 1.0]
   [Clear CT: 0.0 ms]
   [Other: 0.4 ms]
      [Choose CSet: 0.0 ms]
      [Ref Proc: 0.1 ms]
      [Ref Enq: 0.0 ms]
      [Redirty Cards: 0.0 ms]
      [Humongous Register: 0.0 ms]
      [Humongous Reclaim: 0.0 ms]
      [Free CSet: 0.0 ms]
   [Eden: 17.0M(17.0M)->0.0B(17.0M) Survivors: 3072.0K->3072.0K Heap: 364.0M(409.0M)->351.0M(409.0M)]
 [Times: user=0.00 sys=0.00, real=0.00 secs] 
2016-06-27T18:00:50.799+0300: 17.057: Total time for which application threads were stopped: 0.0055792 seconds, Stopping threads took: 0.0021464 seconds
2016-06-27T18:00:50.801+0300: 17.059: [GC concurrent-string-deduplication, 2982.3K->2922.3K(60.0K), avg 1.0%, 0.0019839 secs]
   [Last Exec: 0.0019839 secs, Idle: 0.1444813 secs, Blocked: 0/0.0000000 secs]
      [Inspected:             150]
         [Skipped:              1(  0.7%)]
         [Hashed:             149( 99.3%)]
         [Known:                0(  0.0%)]
         [New:                149( 99.3%)   2982.3K]
      [Deduplicated:            3(  2.0%)     60.0K(  2.0%)]
         [Young:                0(  0.0%)      0.0B(  0.0%)]
         [Old:                  3(100.0%)     60.0K(100.0%)]
   [Total Exec: 85/0.2280903 secs, Idle: 85/16.6010964 secs, Blocked: 1/0.0038934 secs]
      [Inspected:           17582]
         [Skipped:            175(  1.0%)]
         [Hashed:           16429( 93.4%)]
         [Known:              830(  4.7%)]
         [New:              16577( 94.3%)    311.7M]
      [Deduplicated:          462(  2.8%)   3041.6K(  1.0%)]
         [Young:                1(  0.2%)   1040.0B(  0.0%)]
         [Old:                461( 99.8%)   3040.6K(100.0%)]
   [Table]
      [Memory Usage: 524.7K]
      [Size: 16384, Min: 1024, Max: 16777216]
      [Entries: 16927, Load: 103.3%, Cached: 0, Added: 16945, Removed: 18]
      [Resize Count: 4, Shrink Threshold: 10922(66.7%), Grow Threshold: 32768(200.0%)]
      [Rehash Count: 1, Rehash Threshold: 120, Hash Seed: 0xc4e8cebb]
      [Age Threshold: 3]
   [Queue]
      [Dropped: 0]
2016-06-27T18:00:50.919+0300: 17.177: [GC pause (G1 Evacuation Pause) (young) (initial-mark)
Desired survivor size 1572864 bytes, new threshold 1 (max 15)
- age   1:    2503392 bytes,    2503392 total
, 0.0023825 secs]
   [Parallel Time: 1.6 ms, GC Workers: 4]
      [GC Worker Start (ms): Min: 17176.9, Avg: 17176.9, Max: 17177.0, Diff: 0.1]
      [Ext Root Scanning (ms): Min: 0.4, Avg: 0.5, Max: 0.6, Diff: 0.2, Sum: 2.0]
      [Update RS (ms): Min: 0.1, Avg: 0.2, Max: 0.2, Diff: 0.1, Sum: 0.6]
         [Processed Buffers: Min: 1, Avg: 5.3, Max: 9, Diff: 8, Sum: 21]
      [Scan RS (ms): Min: 0.0, Avg: 0.0, Max: 0.0, Diff: 0.0, Sum: 0.0]
      [Code Root Scanning (ms): Min: 0.0, Avg: 0.0, Max: 0.0, Diff: 0.0, Sum: 0.0]
      [Object Copy (ms): Min: 0.8, Avg: 0.9, Max: 1.0, Diff: 0.1, Sum: 3.5]
      [Termination (ms): Min: 0.0, Avg: 0.0, Max: 0.1, Diff: 0.1, Sum: 0.1]
         [Termination Attempts: Min: 1, Avg: 1.0, Max: 1, Diff: 0, Sum: 4]
      [GC Worker Other (ms): Min: 0.0, Avg: 0.0, Max: 0.0, Diff: 0.0, Sum: 0.0]
      [GC Worker Total (ms): Min: 1.5, Avg: 1.6, Max: 1.6, Diff: 0.1, Sum: 6.3]
      [GC Worker End (ms): Min: 17178.5, Avg: 17178.5, Max: 17178.5, Diff: 0.0]
   [Code Root Fixup: 0.0 ms]
   [Code Root Purge: 0.0 ms]
   [String Dedup Fixup: 0.2 ms, GC Workers: 4]
      [Queue Fixup (ms): Min: 0.0, Avg: 0.0, Max: 0.0, Diff: 0.0, Sum: 0.0]
      [Table Fixup (ms): Min: 0.2, Avg: 0.2, Max: 0.2, Diff: 0.0, Sum: 0.7]
   [Clear CT: 0.0 ms]
   [Other: 0.5 ms]
      [Choose CSet: 0.0 ms]
      [Ref Proc: 0.0 ms]
      [Ref Enq: 0.0 ms]
      [Redirty Cards: 0.0 ms]
      [Humongous Register: 0.0 ms]
      [Humongous Reclaim: 0.0 ms]
      [Free CSet: 0.0 ms]
   [Eden: 17.0M(17.0M)->0.0B(17.0M) Survivors: 3072.0K->3072.0K Heap: 368.0M(409.0M)->354.5M(409.0M)]
 [Times: user=0.00 sys=0.00, real=0.00 secs] 
2016-06-27T18:00:50.922+0300: 17.179: [GC concurrent-root-region-scan-start]
2016-06-27T18:00:50.922+0300: 17.179: Total time for which application threads were stopped: 0.0039451 seconds, Stopping threads took: 0.0008698 seconds
2016-06-27T18:00:50.922+0300: 17.180: [GC concurrent-root-region-scan-end, 0.0002450 secs]
2016-06-27T18:00:50.922+0300: 17.180: [GC concurrent-mark-start]
2016-06-27T18:00:50.924+0300: 17.181: [GC concurrent-string-deduplication, 2564.0K->2522.0K(42.1K), avg 1.0%, 0.0017842 secs]
   [Last Exec: 0.0017842 secs, Idle: 0.1208354 secs, Blocked: 0/0.0000000 secs]
      [Inspected:             131]
         [Skipped:              1(  0.8%)]
         [Hashed:             130( 99.2%)]
         [Known:                0(  0.0%)]
         [New:                130( 99.2%)   2564.0K]
      [Deduplicated:            4(  3.1%)     42.1K(  1.6%)]
         [Young:                0(  0.0%)      0.0B(  0.0%)]
         [Old:                  4(100.0%)     42.1K(100.0%)]
   [Total Exec: 86/0.2298745 secs, Idle: 86/16.7219319 secs, Blocked: 1/0.0038934 secs]
      [Inspected:           17713]
         [Skipped:            176(  1.0%)]
         [Hashed:           16559( 93.5%)]
         [Known:              830(  4.7%)]
         [New:              16707( 94.3%)    314.2M]
      [Deduplicated:          466(  2.8%)   3083.7K(  1.0%)]
         [Young:                1(  0.2%)   1040.0B(  0.0%)]
         [Old:                465( 99.8%)   3082.7K(100.0%)]
   [Table]
      [Memory Usage: 527.7K]
      [Size: 16384, Min: 1024, Max: 16777216]
      [Entries: 17053, Load: 104.1%, Cached: 0, Added: 17071, Removed: 18]
      [Resize Count: 4, Shrink Threshold: 10922(66.7%), Grow Threshold: 32768(200.0%)]
      [Rehash Count: 1, Rehash Threshold: 120, Hash Seed: 0xc4e8cebb]
      [Age Threshold: 3]
   [Queue]
      [Dropped: 0]
2016-06-27T18:00:50.939+0300: 17.196: [GC concurrent-mark-end, 0.0164437 secs]
2016-06-27T18:00:50.957+0300: 17.215: [GC remark 2016-06-27T18:00:50.957+0300: 17.215: [Finalize Marking, 0.0001608 secs] 2016-06-27T18:00:50.957+0300: 17.215: [GC ref-proc, 0.0000706 secs] 2016-06-27T18:00:50.957+0300: 17.215: [Unloading, 0.0013629 secs], 0.0032857 secs]
 [Times: user=0.02 sys=0.00, real=0.00 secs] 
2016-06-27T18:00:50.960+0300: 17.218: Total time for which application threads were stopped: 0.0044138 seconds, Stopping threads took: 0.0006770 seconds
2016-06-27T18:00:50.965+0300: 17.222: [GC cleanup 360M->360M(409M), 0.0003678 secs]
 [Times: user=0.00 sys=0.00, real=0.00 secs] 
2016-06-27T18:00:50.965+0300: 17.223: Total time for which application threads were stopped: 0.0008566 seconds, Stopping threads took: 0.0000671 seconds
2016-06-27T18:00:51.058+0300: 17.316: [GC pause (G1 Evacuation Pause) (young)
Desired survivor size 1572864 bytes, new threshold 1 (max 15)
- age   1:    2727520 bytes,    2727520 total
, 0.0022097 secs]
   [Parallel Time: 1.6 ms, GC Workers: 4]
      [GC Worker Start (ms): Min: 17316.1, Avg: 17316.1, Max: 17316.1, Diff: 0.0]
      [Ext Root Scanning (ms): Min: 0.4, Avg: 0.4, Max: 0.5, Diff: 0.1, Sum: 1.8]
      [Update RS (ms): Min: 0.1, Avg: 0.2, Max: 0.2, Diff: 0.1, Sum: 0.6]
         [Processed Buffers: Min: 1, Avg: 6.5, Max: 12, Diff: 11, Sum: 26]
      [Scan RS (ms): Min: 0.0, Avg: 0.0, Max: 0.0, Diff: 0.0, Sum: 0.0]
      [Code Root Scanning (ms): Min: 0.0, Avg: 0.0, Max: 0.0, Diff: 0.0, Sum: 0.0]
      [Object Copy (ms): Min: 0.9, Avg: 0.9, Max: 0.9, Diff: 0.0, Sum: 3.6]
      [Termination (ms): Min: 0.0, Avg: 0.0, Max: 0.0, Diff: 0.0, Sum: 0.0]
         [Termination Attempts: Min: 1, Avg: 1.0, Max: 1, Diff: 0, Sum: 4]
      [GC Worker Other (ms): Min: 0.0, Avg: 0.0, Max: 0.0, Diff: 0.0, Sum: 0.1]
      [GC Worker Total (ms): Min: 1.5, Avg: 1.5, Max: 1.5, Diff: 0.0, Sum: 6.1]
      [GC Worker End (ms): Min: 17317.6, Avg: 17317.6, Max: 17317.6, Diff: 0.0]
   [Code Root Fixup: 0.0 ms]
   [Code Root Purge: 0.0 ms]
   [String Dedup Fixup: 0.2 ms, GC Workers: 4]
      [Queue Fixup (ms): Min: 0.0, Avg: 0.0, Max: 0.0, Diff: 0.0, Sum: 0.0]
      [Table Fixup (ms): Min: 0.2, Avg: 0.2, Max: 0.2, Diff: 0.0, Sum: 0.7]
   [Clear CT: 0.0 ms]
   [Other: 0.4 ms]
      [Choose CSet: 0.0 ms]
      [Ref Proc: 0.1 ms]
      [Ref Enq: 0.0 ms]
      [Redirty Cards: 0.0 ms]
      [Humongous Register: 0.0 ms]
      [Humongous Reclaim: 0.0 ms]
      [Free CSet: 0.0 ms]
   [Eden: 17.0M(17.0M)->0.0B(17.0M) Survivors: 3072.0K->3072.0K Heap: 371.5M(409.0M)->358.5M(409.0M)]
 [Times: user=0.00 sys=0.00, real=0.00 secs] 
2016-06-27T18:00:51.061+0300: 17.318: Total time for which application threads were stopped: 0.0098664 seconds, Stopping threads took: 0.0070678 seconds
2016-06-27T18:00:51.063+0300: 17.320: [GC concurrent-string-deduplication, 2985.4K->2962.3K(23.1K), avg 1.0%, 0.0020292 secs]
   [Last Exec: 0.0020292 secs, Idle: 0.1371115 secs, Blocked: 0/0.0000000 secs]
      [Inspected:             154]
         [Skipped:              2(  1.3%)]
         [Hashed:             152( 98.7%)]
         [Known:                0(  0.0%)]
         [New:                152( 98.7%)   2985.4K]
      [Deduplicated:            4(  2.6%)     23.1K(  0.8%)]
         [Young:                0(  0.0%)      0.0B(  0.0%)]
         [Old:                  4(100.0%)     23.1K(100.0%)]
   [Total Exec: 87/0.2319037 secs, Idle: 87/16.8590434 secs, Blocked: 1/0.0038934 secs]
      [Inspected:           17867]
         [Skipped:            178(  1.0%)]
         [Hashed:           16711( 93.5%)]
         [Known:              830(  4.6%)]
         [New:              16859( 94.4%)    317.1M]
      [Deduplicated:          470(  2.8%)   3106.7K(  1.0%)]
         [Young:                1(  0.2%)   1040.0B(  0.0%)]
         [Old:                469( 99.8%)   3105.7K(100.0%)]
   [Table]
      [Memory Usage: 531.1K]
      [Size: 16384, Min: 1024, Max: 16777216]
      [Entries: 17201, Load: 105.0%, Cached: 0, Added: 17219, Removed: 18]
      [Resize Count: 4, Shrink Threshold: 10922(66.7%), Grow Threshold: 32768(200.0%)]
      [Rehash Count: 1, Rehash Threshold: 120, Hash Seed: 0xc4e8cebb]
      [Age Threshold: 3]
   [Queue]
      [Dropped: 0]
2016-06-27T18:00:51.208+0300: 17.465: [GC pause (G1 Evacuation Pause) (mixed)
Desired survivor size 1572864 bytes, new threshold 1 (max 15)
- age   1:    2458872 bytes,    2458872 total
, 0.0027310 secs]
   [Parallel Time: 2.1 ms, GC Workers: 4]
      [GC Worker Start (ms): Min: 17464.9, Avg: 17464.9, Max: 17464.9, Diff: 0.0]
      [Ext Root Scanning (ms): Min: 0.5, Avg: 0.5, Max: 0.5, Diff: 0.0, Sum: 1.9]
      [Update RS (ms): Min: 0.2, Avg: 0.2, Max: 0.2, Diff: 0.0, Sum: 0.6]
         [Processed Buffers: Min: 3, Avg: 4.8, Max: 7, Diff: 4, Sum: 19]
      [Scan RS (ms): Min: 0.0, Avg: 0.0, Max: 0.0, Diff: 0.0, Sum: 0.1]
      [Code Root Scanning (ms): Min: 0.0, Avg: 0.0, Max: 0.0, Diff: 0.0, Sum: 0.0]
      [Object Copy (ms): Min: 1.4, Avg: 1.4, Max: 1.4, Diff: 0.0, Sum: 5.5]
      [Termination (ms): Min: 0.0, Avg: 0.0, Max: 0.0, Diff: 0.0, Sum: 0.0]
         [Termination Attempts: Min: 1, Avg: 1.0, Max: 1, Diff: 0, Sum: 4]
      [GC Worker Other (ms): Min: 0.0, Avg: 0.0, Max: 0.0, Diff: 0.0, Sum: 0.1]
      [GC Worker Total (ms): Min: 2.0, Avg: 2.0, Max: 2.0, Diff: 0.0, Sum: 8.1]
      [GC Worker End (ms): Min: 17466.9, Avg: 17466.9, Max: 17466.9, Diff: 0.0]
   [Code Root Fixup: 0.0 ms]
   [Code Root Purge: 0.0 ms]
   [String Dedup Fixup: 0.2 ms, GC Workers: 4]
      [Queue Fixup (ms): Min: 0.0, Avg: 0.0, Max: 0.0, Diff: 0.0, Sum: 0.0]
      [Table Fixup (ms): Min: 0.2, Avg: 0.2, Max: 0.2, Diff: 0.0, Sum: 0.8]
   [Clear CT: 0.1 ms]
   [Other: 0.4 ms]
      [Choose CSet: 0.0 ms]
      [Ref Proc: 0.0 ms]
      [Ref Enq: 0.0 ms]
      [Redirty Cards: 0.0 ms]
      [Humongous Register: 0.0 ms]
      [Humongous Reclaim: 0.0 ms]
      [Free CSet: 0.0 ms]
   [Eden: 17.0M(17.0M)->0.0B(17.0M) Survivors: 3072.0K->3072.0K Heap: 375.5M(409.0M)->358.5M(409.0M)]
 [Times: user=0.00 sys=0.00, real=0.00 secs] 
2016-06-27T18:00:51.211+0300: 17.468: Total time for which application threads were stopped: 0.0064533 seconds, Stopping threads took: 0.0030988 seconds
2016-06-27T18:00:51.212+0300: 17.469: [GC concurrent-string-deduplication, 2445.0K->2421.9K(23.1K), avg 1.0%, 0.0017008 secs]
   [Last Exec: 0.0017008 secs, Idle: 0.1472286 secs, Blocked: 0/0.0000000 secs]
      [Inspected:             125]
         [Skipped:              0(  0.0%)]
         [Hashed:             125(100.0%)]
         [Known:                0(  0.0%)]
         [New:                125(100.0%)   2445.0K]
      [Deduplicated:            4(  3.2%)     23.1K(  0.9%)]
         [Young:                0(  0.0%)      0.0B(  0.0%)]
         [Old:                  4(100.0%)     23.1K(100.0%)]
   [Total Exec: 88/0.2336045 secs, Idle: 88/17.0062720 secs, Blocked: 1/0.0038934 secs]
      [Inspected:           17992]
         [Skipped:            178(  1.0%)]
         [Hashed:           16836( 93.6%)]
         [Known:              830(  4.6%)]
         [New:              16984( 94.4%)    319.5M]
      [Deduplicated:          474(  2.8%)   3129.8K(  1.0%)]
         [Young:                1(  0.2%)   1040.0B(  0.0%)]
         [Old:                473( 99.8%)   3128.8K(100.0%)]
   [Table]
      [Memory Usage: 534.0K]
      [Size: 16384, Min: 1024, Max: 16777216]
      [Entries: 17322, Load: 105.7%, Cached: 0, Added: 17340, Removed: 18]
      [Resize Count: 4, Shrink Threshold: 10922(66.7%), Grow Threshold: 32768(200.0%)]
      [Rehash Count: 1, Rehash Threshold: 120, Hash Seed: 0xc4e8cebb]
      [Age Threshold: 3]
   [Queue]
      [Dropped: 0]
2016-06-27T18:00:51.328+0300: 17.585: [GC pause (G1 Evacuation Pause) (young)
Desired survivor size 1572864 bytes, new threshold 1 (max 15)
- age   1:    2709272 bytes,    2709272 total
, 0.0024641 secs]
   [Parallel Time: 1.7 ms, GC Workers: 4]
      [GC Worker Start (ms): Min: 17585.6, Avg: 17585.6, Max: 17585.6, Diff: 0.0]
      [Ext Root Scanning (ms): Min: 0.4, Avg: 0.4, Max: 0.5, Diff: 0.0, Sum: 1.8]
      [Update RS (ms): Min: 0.0, Avg: 0.3, Max: 0.5, Diff: 0.5, Sum: 1.1]
         [Processed Buffers: Min: 0, Avg: 3.5, Max: 7, Diff: 7, Sum: 14]
      [Scan RS (ms): Min: 0.0, Avg: 0.0, Max: 0.0, Diff: 0.0, Sum: 0.0]
      [Code Root Scanning (ms): Min: 0.0, Avg: 0.0, Max: 0.0, Diff: 0.0, Sum: 0.0]
      [Object Copy (ms): Min: 0.6, Avg: 0.9, Max: 1.2, Diff: 0.6, Sum: 3.6]
      [Termination (ms): Min: 0.0, Avg: 0.1, Max: 0.1, Diff: 0.1, Sum: 0.3]
         [Termination Attempts: Min: 1, Avg: 1.3, Max: 2, Diff: 1, Sum: 5]
      [GC Worker Other (ms): Min: 0.0, Avg: 0.0, Max: 0.0, Diff: 0.0, Sum: 0.0]
      [GC Worker Total (ms): Min: 1.7, Avg: 1.7, Max: 1.7, Diff: 0.0, Sum: 6.8]
      [GC Worker End (ms): Min: 17587.3, Avg: 17587.3, Max: 17587.3, Diff: 0.0]
   [Code Root Fixup: 0.0 ms]
   [Code Root Purge: 0.0 ms]
   [String Dedup Fixup: 0.3 ms, GC Workers: 4]
      [Queue Fixup (ms): Min: 0.0, Avg: 0.0, Max: 0.0, Diff: 0.0, Sum: 0.0]
      [Table Fixup (ms): Min: 0.0, Avg: 0.2, Max: 0.3, Diff: 0.3, Sum: 0.8]
   [Clear CT: 0.0 ms]
   [Other: 0.4 ms]
      [Choose CSet: 0.0 ms]
      [Ref Proc: 0.1 ms]
      [Ref Enq: 0.0 ms]
      [Redirty Cards: 0.0 ms]
      [Humongous Register: 0.0 ms]
      [Humongous Reclaim: 0.0 ms]
      [Free CSet: 0.0 ms]
   [Eden: 17.0M(17.0M)->0.0B(17.0M) Survivors: 3072.0K->3072.0K Heap: 375.5M(409.0M)->362.5M(409.0M)]
 [Times: user=0.00 sys=0.00, real=0.00 secs] 
2016-06-27T18:00:51.331+0300: 17.588: Total time for which application threads were stopped: 0.0102064 seconds, Stopping threads took: 0.0071825 seconds
2016-06-27T18:00:51.333+0300: 17.590: [GC concurrent-string-deduplication, 2523.0K->2461.9K(61.1K), avg 1.0%, 0.0016807 secs]
   [Last Exec: 0.0016807 secs, Idle: 0.1186929 secs, Blocked: 0/0.0000000 secs]
      [Inspected:             128]
         [Skipped:              1(  0.8%)]
         [Hashed:             127( 99.2%)]
         [Known:                0(  0.0%)]
         [New:                127( 99.2%)   2523.0K]
      [Deduplicated:            4(  3.1%)     61.1K(  2.4%)]
         [Young:                0(  0.0%)      0.0B(  0.0%)]
         [Old:                  4(100.0%)     61.1K(100.0%)]
   [Total Exec: 89/0.2352852 secs, Idle: 89/17.1249649 secs, Blocked: 1/0.0038934 secs]
      [Inspected:           18120]
         [Skipped:            179(  1.0%)]
         [Hashed:           16963( 93.6%)]
         [Known:              830(  4.6%)]
         [New:              17111( 94.4%)    321.9M]
      [Deduplicated:          478(  2.8%)   3190.9K(  1.0%)]
         [Young:                1(  0.2%)   1040.0B(  0.0%)]
         [Old:                477( 99.8%)   3189.9K(100.0%)]
   [Table]
      [Memory Usage: 536.9K]
      [Size: 16384, Min: 1024, Max: 16777216]
      [Entries: 17445, Load: 106.5%, Cached: 0, Added: 17463, Removed: 18]
      [Resize Count: 4, Shrink Threshold: 10922(66.7%), Grow Threshold: 32768(200.0%)]
      [Rehash Count: 1, Rehash Threshold: 120, Hash Seed: 0xc4e8cebb]
      [Age Threshold: 3]
   [Queue]
      [Dropped: 0]
2016-06-27T18:00:51.432+0300: 17.689: [GC pause (G1 Evacuation Pause) (young) (initial-mark)
Desired survivor size 1572864 bytes, new threshold 1 (max 15)
- age   1:    2786848 bytes,    2786848 total
, 0.0025129 secs]
   [Parallel Time: 1.8 ms, GC Workers: 4]
      [GC Worker Start (ms): Min: 17689.5, Avg: 17689.5, Max: 17689.5, Diff: 0.0]
      [Ext Root Scanning (ms): Min: 0.5, Avg: 0.8, Max: 1.6, Diff: 1.1, Sum: 3.0]
      [Update RS (ms): Min: 0.0, Avg: 0.1, Max: 0.2, Diff: 0.2, Sum: 0.5]
         [Processed Buffers: Min: 0, Avg: 2.5, Max: 5, Diff: 5, Sum: 10]
      [Scan RS (ms): Min: 0.0, Avg: 0.0, Max: 0.0, Diff: 0.0, Sum: 0.0]
      [Code Root Scanning (ms): Min: 0.0, Avg: 0.0, Max: 0.0, Diff: 0.0, Sum: 0.0]
      [Object Copy (ms): Min: 0.1, Avg: 0.7, Max: 0.9, Diff: 0.8, Sum: 2.8]
      [Termination (ms): Min: 0.0, Avg: 0.1, Max: 0.2, Diff: 0.2, Sum: 0.5]
         [Termination Attempts: Min: 1, Avg: 1.5, Max: 3, Diff: 2, Sum: 6]
      [GC Worker Other (ms): Min: 0.0, Avg: 0.0, Max: 0.0, Diff: 0.0, Sum: 0.0]
      [GC Worker Total (ms): Min: 1.7, Avg: 1.7, Max: 1.7, Diff: 0.0, Sum: 6.8]
      [GC Worker End (ms): Min: 17691.2, Avg: 17691.2, Max: 17691.2, Diff: 0.0]
   [Code Root Fixup: 0.0 ms]
   [Code Root Purge: 0.0 ms]
   [String Dedup Fixup: 0.3 ms, GC Workers: 4]
      [Queue Fixup (ms): Min: 0.0, Avg: 0.0, Max: 0.0, Diff: 0.0, Sum: 0.0]
      [Table Fixup (ms): Min: 0.2, Avg: 0.2, Max: 0.3, Diff: 0.0, Sum: 0.9]
   [Clear CT: 0.1 ms]
   [Other: 0.4 ms]
      [Choose CSet: 0.0 ms]
      [Ref Proc: 0.1 ms]
      [Ref Enq: 0.0 ms]
      [Redirty Cards: 0.0 ms]
      [Humongous Register: 0.0 ms]
      [Humongous Reclaim: 0.0 ms]
      [Free CSet: 0.0 ms]
   [Eden: 17.0M(17.0M)->0.0B(17.0M) Survivors: 3072.0K->3072.0K Heap: 379.5M(409.0M)->366.5M(409.0M)]
 [Times: user=0.00 sys=0.00, real=0.00 secs] 
2016-06-27T18:00:51.435+0300: 17.692: [GC concurrent-root-region-scan-start]
2016-06-27T18:00:51.435+0300: 17.692: Total time for which application threads were stopped: 0.0096244 seconds, Stopping threads took: 0.0065260 seconds
2016-06-27T18:00:51.435+0300: 17.692: [GC concurrent-root-region-scan-end, 0.0001694 secs]
2016-06-27T18:00:51.435+0300: 17.692: [GC concurrent-mark-start]
2016-06-27T18:00:51.437+0300: 17.694: [GC concurrent-string-deduplication, 2586.1K->2522.0K(64.1K), avg 1.0%, 0.0018265 secs]
   [Last Exec: 0.0018265 secs, Idle: 0.1022017 secs, Blocked: 0/0.0000000 secs]
      [Inspected:             136]
         [Skipped:              3(  2.2%)]
         [Hashed:             133( 97.8%)]
         [Known:                0(  0.0%)]
         [New:                133( 97.8%)   2586.1K]
      [Deduplicated:            7(  5.3%)     64.1K(  2.5%)]
         [Young:                2( 28.6%)   2080.0B(  3.2%)]
         [Old:                  5( 71.4%)     62.1K( 96.8%)]
   [Total Exec: 90/0.2371117 secs, Idle: 90/17.2271666 secs, Blocked: 1/0.0038934 secs]
      [Inspected:           18256]
         [Skipped:            182(  1.0%)]
         [Hashed:           17096( 93.6%)]
         [Known:              830(  4.5%)]
         [New:              17244( 94.5%)    324.5M]
      [Deduplicated:          485(  2.8%)   3255.0K(  1.0%)]
         [Young:                3(  0.6%)   3120.0B(  0.1%)]
         [Old:                482( 99.4%)   3251.9K( 99.9%)]
   [Table]
      [Memory Usage: 539.8K]
      [Size: 16384, Min: 1024, Max: 16777216]
      [Entries: 17571, Load: 107.2%, Cached: 0, Added: 17589, Removed: 18]
      [Resize Count: 4, Shrink Threshold: 10922(66.7%), Grow Threshold: 32768(200.0%)]
      [Rehash Count: 1, Rehash Threshold: 120, Hash Seed: 0xc4e8cebb]
      [Age Threshold: 3]
   [Queue]
      [Dropped: 0]
2016-06-27T18:00:51.455+0300: 17.712: [GC concurrent-mark-end, 0.0197106 secs]
2016-06-27T18:00:51.478+0300: 17.736: [GC remark 2016-06-27T18:00:51.478+0300: 17.736: [Finalize Marking, 0.0001505 secs] 2016-06-27T18:00:51.478+0300: 17.736: [GC ref-proc, 0.0000590 secs] 2016-06-27T18:00:51.479+0300: 17.736: [Unloading, 0.0011538 secs], 0.0031035 secs]
 [Times: user=0.00 sys=0.00, real=0.00 secs] 
2016-06-27T18:00:51.481+0300: 17.739: Total time for which application threads were stopped: 0.0063635 seconds, Stopping threads took: 0.0028935 seconds
2016-06-27T18:00:51.485+0300: 17.743: [GC cleanup 377M->377M(409M), 0.0004448 secs]
 [Times: user=0.00 sys=0.00, real=0.00 secs] 
2016-06-27T18:00:51.486+0300: 17.743: Total time for which application threads were stopped: 0.0008874 seconds, Stopping threads took: 0.0001099 seconds
2016-06-27T18:00:51.525+0300: 17.782: [GC pause (G1 Evacuation Pause) (young)
Desired survivor size 1572864 bytes, new threshold 1 (max 15)
- age   1:    2911544 bytes,    2911544 total
, 0.0024539 secs]
   [Parallel Time: 1.7 ms, GC Workers: 4]
      [GC Worker Start (ms): Min: 17782.4, Avg: 17782.5, Max: 17782.5, Diff: 0.1]
      [Ext Root Scanning (ms): Min: 0.4, Avg: 0.7, Max: 1.6, Diff: 1.2, Sum: 2.9]
      [Update RS (ms): Min: 0.0, Avg: 0.1, Max: 0.1, Diff: 0.1, Sum: 0.4]
         [Processed Buffers: Min: 0, Avg: 2.8, Max: 6, Diff: 6, Sum: 11]
      [Scan RS (ms): Min: 0.0, Avg: 0.0, Max: 0.0, Diff: 0.0, Sum: 0.0]
      [Code Root Scanning (ms): Min: 0.0, Avg: 0.0, Max: 0.0, Diff: 0.0, Sum: 0.0]
      [Object Copy (ms): Min: 0.0, Avg: 0.8, Max: 1.0, Diff: 1.0, Sum: 3.1]
      [Termination (ms): Min: 0.0, Avg: 0.1, Max: 0.1, Diff: 0.1, Sum: 0.3]
         [Termination Attempts: Min: 1, Avg: 1.5, Max: 3, Diff: 2, Sum: 6]
      [GC Worker Other (ms): Min: 0.0, Avg: 0.0, Max: 0.0, Diff: 0.0, Sum: 0.0]
      [GC Worker Total (ms): Min: 1.7, Avg: 1.7, Max: 1.7, Diff: 0.1, Sum: 6.7]
      [GC Worker End (ms): Min: 17784.1, Avg: 17784.1, Max: 17784.1, Diff: 0.0]
   [Code Root Fixup: 0.0 ms]
   [Code Root Purge: 0.0 ms]
   [String Dedup Fixup: 0.3 ms, GC Workers: 4]
      [Queue Fixup (ms): Min: 0.0, Avg: 0.0, Max: 0.0, Diff: 0.0, Sum: 0.0]
      [Table Fixup (ms): Min: 0.0, Avg: 0.2, Max: 0.3, Diff: 0.3, Sum: 0.8]
   [Clear CT: 0.0 ms]
   [Other: 0.4 ms]
      [Choose CSet: 0.0 ms]
      [Ref Proc: 0.1 ms]
      [Ref Enq: 0.0 ms]
      [Redirty Cards: 0.0 ms]
      [Humongous Register: 0.0 ms]
      [Humongous Reclaim: 0.0 ms]
      [Free CSet: 0.0 ms]
   [Eden: 17.0M(17.0M)->0.0B(17.0M) Survivors: 3072.0K->3072.0K Heap: 383.5M(409.0M)->371.0M(409.0M)]
 [Times: user=0.00 sys=0.00, real=0.00 secs] 
2016-06-27T18:00:51.528+0300: 17.785: Total time for which application threads were stopped: 0.0072457 seconds, Stopping threads took: 0.0042278 seconds
2016-06-27T18:00:51.530+0300: 17.787: [GC concurrent-string-deduplication, 3164.5K->3162.5K(2080.0B), avg 1.0%, 0.0021708 secs]
   [Last Exec: 0.0021708 secs, Idle: 0.0909052 secs, Blocked: 0/0.0000000 secs]
      [Inspected:             161]
         [Skipped:              1(  0.6%)]
         [Hashed:             160( 99.4%)]
         [Known:                0(  0.0%)]
         [New:                160( 99.4%)   3164.5K]
      [Deduplicated:            2(  1.3%)   2080.0B(  0.1%)]
         [Young:                1( 50.0%)   1040.0B( 50.0%)]
         [Old:                  1( 50.0%)   1040.0B( 50.0%)]
   [Total Exec: 91/0.2392824 secs, Idle: 91/17.3180718 secs, Blocked: 1/0.0038934 secs]
      [Inspected:           18417]
         [Skipped:            183(  1.0%)]
         [Hashed:           17256( 93.7%)]
         [Known:              830(  4.5%)]
         [New:              17404( 94.5%)    327.5M]
      [Deduplicated:          487(  2.8%)   3257.0K(  1.0%)]
         [Young:                4(  0.8%)   4160.0B(  0.1%)]
         [Old:                483( 99.2%)   3252.9K( 99.9%)]
   [Table]
      [Memory Usage: 543.5K]
      [Size: 16384, Min: 1024, Max: 16777216]
      [Entries: 17729, Load: 108.2%, Cached: 0, Added: 17747, Removed: 18]
      [Resize Count: 4, Shrink Threshold: 10922(66.7%), Grow Threshold: 32768(200.0%)]
      [Rehash Count: 1, Rehash Threshold: 120, Hash Seed: 0xc4e8cebb]
      [Age Threshold: 3]
   [Queue]
      [Dropped: 0]
2016-06-27T18:00:51.629+0300: 17.886: [GC pause (G1 Evacuation Pause) (mixed)
Desired survivor size 1572864 bytes, new threshold 1 (max 15)
- age   1:    2514992 bytes,    2514992 total
, 0.0038861 secs]
   [Parallel Time: 3.2 ms, GC Workers: 4]
      [GC Worker Start (ms): Min: 17886.1, Avg: 17886.1, Max: 17886.2, Diff: 0.0]
      [Ext Root Scanning (ms): Min: 0.4, Avg: 0.5, Max: 0.5, Diff: 0.0, Sum: 1.9]
      [Update RS (ms): Min: 0.2, Avg: 0.7, Max: 2.2, Diff: 2.1, Sum: 2.8]
         [Processed Buffers: Min: 1, Avg: 3.0, Max: 5, Diff: 4, Sum: 12]
      [Scan RS (ms): Min: 0.0, Avg: 0.1, Max: 0.1, Diff: 0.1, Sum: 0.2]
      [Code Root Scanning (ms): Min: 0.0, Avg: 0.0, Max: 0.0, Diff: 0.0, Sum: 0.0]
      [Object Copy (ms): Min: 0.4, Avg: 1.7, Max: 2.3, Diff: 1.9, Sum: 6.7]
      [Termination (ms): Min: 0.0, Avg: 0.2, Max: 0.5, Diff: 0.5, Sum: 0.8]
         [Termination Attempts: Min: 1, Avg: 1.8, Max: 2, Diff: 1, Sum: 7]
      [GC Worker Other (ms): Min: 0.0, Avg: 0.0, Max: 0.0, Diff: 0.0, Sum: 0.1]
      [GC Worker Total (ms): Min: 3.1, Avg: 3.1, Max: 3.1, Diff: 0.0, Sum: 12.5]
      [GC Worker End (ms): Min: 17889.2, Avg: 17889.3, Max: 17889.3, Diff: 0.0]
   [Code Root Fixup: 0.0 ms]
   [Code Root Purge: 0.0 ms]
   [String Dedup Fixup: 0.3 ms, GC Workers: 4]
      [Queue Fixup (ms): Min: 0.0, Avg: 0.0, Max: 0.0, Diff: 0.0, Sum: 0.0]
      [Table Fixup (ms): Min: 0.0, Avg: 0.2, Max: 0.3, Diff: 0.3, Sum: 0.8]
   [Clear CT: 0.0 ms]
   [Other: 0.4 ms]
      [Choose CSet: 0.0 ms]
      [Ref Proc: 0.1 ms]
      [Ref Enq: 0.0 ms]
      [Redirty Cards: 0.0 ms]
      [Humongous Register: 0.0 ms]
      [Humongous Reclaim: 0.0 ms]
      [Free CSet: 0.1 ms]
   [Eden: 17.0M(17.0M)->0.0B(17.0M) Survivors: 3072.0K->3072.0K Heap: 388.0M(409.0M)->369.0M(409.0M)]
 [Times: user=0.05 sys=0.00, real=0.00 secs] 
2016-06-27T18:00:51.633+0300: 17.890: Total time for which application threads were stopped: 0.0132953 seconds, Stopping threads took: 0.0088939 seconds
2016-06-27T18:00:51.635+0300: 17.892: [GC concurrent-string-deduplication, 2584.0K->2562.0K(22.0K), avg 1.0%, 0.0021306 secs]
   [Last Exec: 0.0021306 secs, Idle: 0.1029018 secs, Blocked: 0/0.0000000 secs]
      [Inspected:             134]
         [Skipped:              3(  2.2%)]
         [Hashed:             131( 97.8%)]
         [Known:                0(  0.0%)]
         [New:                131( 97.8%)   2584.0K]
      [Deduplicated:            3(  2.3%)     22.0K(  0.9%)]
         [Young:                0(  0.0%)      0.0B(  0.0%)]
         [Old:                  3(100.0%)     22.0K(100.0%)]
   [Total Exec: 92/0.2414130 secs, Idle: 92/17.4209735 secs, Blocked: 1/0.0038934 secs]
      [Inspected:           18551]
         [Skipped:            186(  1.0%)]
         [Hashed:           17387( 93.7%)]
         [Known:              830(  4.5%)]
         [New:              17535( 94.5%)    330.1M]
      [Deduplicated:          490(  2.8%)   3279.1K(  1.0%)]
         [Young:                4(  0.8%)   4160.0B(  0.1%)]
         [Old:                486( 99.2%)   3275.0K( 99.9%)]
   [Table]
      [Memory Usage: 546.5K]
      [Size: 16384, Min: 1024, Max: 16777216]
      [Entries: 17857, Load: 109.0%, Cached: 0, Added: 17875, Removed: 18]
      [Resize Count: 4, Shrink Threshold: 10922(66.7%), Grow Threshold: 32768(200.0%)]
      [Rehash Count: 1, Rehash Threshold: 120, Hash Seed: 0xc4e8cebb]
      [Age Threshold: 3]
   [Queue]
      [Dropped: 0]
2016-06-27T18:00:51.723+0300: 17.980: [GC pause (G1 Evacuation Pause) (young)
Desired survivor size 1572864 bytes, new threshold 1 (max 15)
- age   1:    2683608 bytes,    2683608 total
, 0.0028208 secs]
   [Parallel Time: 2.1 ms, GC Workers: 4]
      [GC Worker Start (ms): Min: 17980.6, Avg: 17980.6, Max: 17980.7, Diff: 0.1]
      [Ext Root Scanning (ms): Min: 0.4, Avg: 0.9, Max: 2.0, Diff: 1.6, Sum: 3.6]
      [Update RS (ms): Min: 0.0, Avg: 0.4, Max: 0.7, Diff: 0.7, Sum: 1.6]
         [Processed Buffers: Min: 0, Avg: 2.8, Max: 7, Diff: 7, Sum: 11]
      [Scan RS (ms): Min: 0.0, Avg: 0.0, Max: 0.0, Diff: 0.0, Sum: 0.0]
      [Code Root Scanning (ms): Min: 0.0, Avg: 0.0, Max: 0.0, Diff: 0.0, Sum: 0.0]
      [Object Copy (ms): Min: 0.0, Avg: 0.7, Max: 0.9, Diff: 0.9, Sum: 2.6]
      [Termination (ms): Min: 0.0, Avg: 0.1, Max: 0.1, Diff: 0.1, Sum: 0.3]
         [Termination Attempts: Min: 1, Avg: 1.0, Max: 1, Diff: 0, Sum: 4]
      [GC Worker Other (ms): Min: 0.0, Avg: 0.0, Max: 0.0, Diff: 0.0, Sum: 0.0]
      [GC Worker Total (ms): Min: 2.0, Avg: 2.1, Max: 2.1, Diff: 0.1, Sum: 8.2]
      [GC Worker End (ms): Min: 17982.7, Avg: 17982.7, Max: 17982.7, Diff: 0.0]
   [Code Root Fixup: 0.0 ms]
   [Code Root Purge: 0.0 ms]
   [String Dedup Fixup: 0.3 ms, GC Workers: 4]
      [Queue Fixup (ms): Min: 0.0, Avg: 0.0, Max: 0.0, Diff: 0.0, Sum: 0.0]
      [Table Fixup (ms): Min: 0.0, Avg: 0.2, Max: 0.2, Diff: 0.2, Sum: 0.7]
   [Clear CT: 0.0 ms]
   [Other: 0.4 ms]
      [Choose CSet: 0.0 ms]
      [Ref Proc: 0.1 ms]
      [Ref Enq: 0.0 ms]
      [Redirty Cards: 0.0 ms]
      [Humongous Register: 0.0 ms]
      [Humongous Reclaim: 0.0 ms]
      [Free CSet: 0.0 ms]
   [Eden: 17.0M(17.0M)->0.0B(17.0M) Survivors: 3072.0K->3072.0K Heap: 386.0M(409.0M)->373.0M(409.0M)]
 [Times: user=0.00 sys=0.02, real=0.00 secs] 
2016-06-27T18:00:51.726+0300: 17.984: Total time for which application threads were stopped: 0.0075092 seconds, Stopping threads took: 0.0041692 seconds
2016-06-27T18:00:51.728+0300: 17.986: [GC concurrent-string-deduplication, 2626.1K->2582.0K(44.1K), avg 1.0%, 0.0019548 secs]
   [Last Exec: 0.0019548 secs, Idle: 0.0911746 secs, Blocked: 0/0.0000000 secs]
      [Inspected:             136]
         [Skipped:              1(  0.7%)]
         [Hashed:             135( 99.3%)]
         [Known:                0(  0.0%)]
         [New:                135( 99.3%)   2626.1K]
      [Deduplicated:            6(  4.4%)     44.1K(  1.7%)]
         [Young:                0(  0.0%)      0.0B(  0.0%)]
         [Old:                  6(100.0%)     44.1K(100.0%)]
   [Total Exec: 93/0.2433678 secs, Idle: 93/17.5121482 secs, Blocked: 1/0.0038934 secs]
      [Inspected:           18687]
         [Skipped:            187(  1.0%)]
         [Hashed:           17522( 93.8%)]
         [Known:              830(  4.4%)]
         [New:              17670( 94.6%)    332.6M]
      [Deduplicated:          496(  2.8%)   3323.1K(  1.0%)]
         [Young:                4(  0.8%)   4160.0B(  0.1%)]
         [Old:                492( 99.2%)   3319.1K( 99.9%)]
   [Table]
      [Memory Usage: 549.5K]
      [Size: 16384, Min: 1024, Max: 16777216]
      [Entries: 17986, Load: 109.8%, Cached: 0, Added: 18004, Removed: 18]
      [Resize Count: 4, Shrink Threshold: 10922(66.7%), Grow Threshold: 32768(200.0%)]
      [Rehash Count: 1, Rehash Threshold: 120, Hash Seed: 0xc4e8cebb]
      [Age Threshold: 3]
   [Queue]
      [Dropped: 0]
2016-06-27T18:00:51.829+0300: 18.086: [GC pause (G1 Evacuation Pause) (young) (initial-mark)
Desired survivor size 1572864 bytes, new threshold 1 (max 15)
- age   1:    2774944 bytes,    2774944 total
, 0.0021733 secs]
   [Parallel Time: 1.5 ms, GC Workers: 4]
      [GC Worker Start (ms): Min: 18086.4, Avg: 18086.4, Max: 18086.4, Diff: 0.0]
      [Ext Root Scanning (ms): Min: 0.4, Avg: 0.4, Max: 0.4, Diff: 0.0, Sum: 1.7]
      [Update RS (ms): Min: 0.1, Avg: 0.4, Max: 0.7, Diff: 0.6, Sum: 1.5]
         [Processed Buffers: Min: 1, Avg: 2.8, Max: 5, Diff: 4, Sum: 11]
      [Scan RS (ms): Min: 0.0, Avg: 0.0, Max: 0.0, Diff: 0.0, Sum: 0.0]
      [Code Root Scanning (ms): Min: 0.0, Avg: 0.0, Max: 0.0, Diff: 0.0, Sum: 0.0]
      [Object Copy (ms): Min: 0.3, Avg: 0.7, Max: 0.9, Diff: 0.6, Sum: 2.7]
      [Termination (ms): Min: 0.0, Avg: 0.0, Max: 0.0, Diff: 0.0, Sum: 0.0]
         [Termination Attempts: Min: 1, Avg: 1.0, Max: 1, Diff: 0, Sum: 4]
      [GC Worker Other (ms): Min: 0.0, Avg: 0.0, Max: 0.0, Diff: 0.0, Sum: 0.1]
      [GC Worker Total (ms): Min: 1.5, Avg: 1.5, Max: 1.5, Diff: 0.0, Sum: 6.0]
      [GC Worker End (ms): Min: 18087.9, Avg: 18087.9, Max: 18087.9, Diff: 0.0]
   [Code Root Fixup: 0.0 ms]
   [Code Root Purge: 0.0 ms]
   [String Dedup Fixup: 0.2 ms, GC Workers: 4]
      [Queue Fixup (ms): Min: 0.0, Avg: 0.0, Max: 0.0, Diff: 0.0, Sum: 0.0]
      [Table Fixup (ms): Min: 0.2, Avg: 0.2, Max: 0.2, Diff: 0.0, Sum: 0.8]
   [Clear CT: 0.0 ms]
   [Other: 0.4 ms]
      [Choose CSet: 0.0 ms]
      [Ref Proc: 0.0 ms]
      [Ref Enq: 0.0 ms]
      [Redirty Cards: 0.0 ms]
      [Humongous Register: 0.0 ms]
      [Humongous Reclaim: 0.0 ms]
      [Free CSet: 0.0 ms]
   [Eden: 17.0M(17.0M)->0.0B(17.0M) Survivors: 3072.0K->3072.0K Heap: 390.0M(409.0M)->377.0M(409.0M)]
 [Times: user=0.00 sys=0.00, real=0.00 secs] 
2016-06-27T18:00:51.831+0300: 18.089: [GC concurrent-root-region-scan-start]
2016-06-27T18:00:51.831+0300: 18.089: Total time for which application threads were stopped: 0.0094050 seconds, Stopping threads took: 0.0066825 seconds
2016-06-27T18:00:51.831+0300: 18.089: [GC concurrent-root-region-scan-end, 0.0002485 secs]
2016-06-27T18:00:51.831+0300: 18.089: [GC concurrent-mark-start]
2016-06-27T18:00:51.833+0300: 18.091: [GC concurrent-string-deduplication, 2764.2K->2702.1K(62.1K), avg 1.0%, 0.0020241 secs]
   [Last Exec: 0.0020241 secs, Idle: 0.1030891 secs, Blocked: 0/0.0000000 secs]
      [Inspected:             142]
         [Skipped:              2(  1.4%)]
         [Hashed:             140( 98.6%)]
         [Known:                0(  0.0%)]
         [New:                140( 98.6%)   2764.2K]
      [Deduplicated:            5(  3.6%)     62.1K(  2.2%)]
         [Young:                0(  0.0%)      0.0B(  0.0%)]
         [Old:                  5(100.0%)     62.1K(100.0%)]
   [Total Exec: 94/0.2453919 secs, Idle: 94/17.6152372 secs, Blocked: 1/0.0038934 secs]
      [Inspected:           18829]
         [Skipped:            189(  1.0%)]
         [Hashed:           17662( 93.8%)]
         [Known:              830(  4.4%)]
         [New:              17810( 94.6%)    335.3M]
      [Deduplicated:          501(  2.8%)   3385.2K(  1.0%)]
         [Young:                4(  0.8%)   4160.0B(  0.1%)]
         [Old:                497( 99.2%)   3381.2K( 99.9%)]
   [Table]
      [Memory Usage: 552.7K]
      [Size: 16384, Min: 1024, Max: 16777216]
      [Entries: 18122, Load: 110.6%, Cached: 0, Added: 18140, Removed: 18]
      [Resize Count: 4, Shrink Threshold: 10922(66.7%), Grow Threshold: 32768(200.0%)]
      [Rehash Count: 1, Rehash Threshold: 120, Hash Seed: 0xc4e8cebb]
      [Age Threshold: 3]
   [Queue]
      [Dropped: 0]
2016-06-27T18:00:51.850+0300: 18.107: [GC concurrent-mark-end, 0.0181069 secs]
2016-06-27T18:00:51.889+0300: 18.146: [GC remark 2016-06-27T18:00:51.889+0300: 18.146: [Finalize Marking, 0.0002228 secs] 2016-06-27T18:00:51.889+0300: 18.147: [GC ref-proc, 0.0000560 secs] 2016-06-27T18:00:51.889+0300: 18.147: [Unloading, 0.0013753 secs], 0.0039460 secs]
 [Times: user=0.00 sys=0.00, real=0.00 secs] 
2016-06-27T18:00:51.893+0300: 18.150: Total time for which application threads were stopped: 0.0096269 seconds, Stopping threads took: 0.0053316 seconds
2016-06-27T18:00:51.921+0300: 18.178: [GC pause (G1 Evacuation Pause) (young)
Desired survivor size 1572864 bytes, new threshold 1 (max 15)
- age   1:    2696168 bytes,    2696168 total
, 0.0021605 secs]
   [Parallel Time: 1.5 ms, GC Workers: 4]
      [GC Worker Start (ms): Min: 18178.6, Avg: 18178.6, Max: 18178.6, Diff: 0.0]
      [Ext Root Scanning (ms): Min: 0.5, Avg: 0.5, Max: 0.5, Diff: 0.0, Sum: 1.9]
      [Update RS (ms): Min: 0.1, Avg: 0.2, Max: 0.2, Diff: 0.1, Sum: 0.6]
         [Processed Buffers: Min: 1, Avg: 3.0, Max: 6, Diff: 5, Sum: 12]
      [Scan RS (ms): Min: 0.0, Avg: 0.0, Max: 0.0, Diff: 0.0, Sum: 0.0]
      [Code Root Scanning (ms): Min: 0.0, Avg: 0.0, Max: 0.0, Diff: 0.0, Sum: 0.0]
      [Object Copy (ms): Min: 0.7, Avg: 0.8, Max: 0.9, Diff: 0.1, Sum: 3.2]
      [Termination (ms): Min: 0.0, Avg: 0.0, Max: 0.0, Diff: 0.0, Sum: 0.0]
         [Termination Attempts: Min: 1, Avg: 1.0, Max: 1, Diff: 0, Sum: 4]
      [GC Worker Other (ms): Min: 0.0, Avg: 0.0, Max: 0.0, Diff: 0.0, Sum: 0.1]
      [GC Worker Total (ms): Min: 1.4, Avg: 1.5, Max: 1.5, Diff: 0.0, Sum: 5.8]
      [GC Worker End (ms): Min: 18180.1, Avg: 18180.1, Max: 18180.1, Diff: 0.0]
   [Code Root Fixup: 0.0 ms]
   [Code Root Purge: 0.0 ms]
   [String Dedup Fixup: 0.2 ms, GC Workers: 4]
      [Queue Fixup (ms): Min: 0.0, Avg: 0.0, Max: 0.0, Diff: 0.0, Sum: 0.0]
      [Table Fixup (ms): Min: 0.2, Avg: 0.2, Max: 0.2, Diff: 0.0, Sum: 0.7]
   [Clear CT: 0.0 ms]
   [Other: 0.5 ms]
      [Choose CSet: 0.0 ms]
      [Ref Proc: 0.1 ms]
      [Ref Enq: 0.0 ms]
      [Redirty Cards: 0.0 ms]
      [Humongous Register: 0.0 ms]
      [Humongous Reclaim: 0.0 ms]
      [Free CSet: 0.0 ms]
   [Eden: 17.0M(17.0M)->0.0B(17.0M) Survivors: 3072.0K->3072.0K Heap: 394.0M(409.0M)->380.5M(409.0M)]
 [Times: user=0.00 sys=0.00, real=0.00 secs] 
2016-06-27T18:00:51.924+0300: 18.181: Total time for which application threads were stopped: 0.0028653 seconds, Stopping threads took: 0.0001317 seconds
2016-06-27T18:00:51.926+0300: 18.183: [GC concurrent-string-deduplication, 2622.0K->2602.0K(20.0K), avg 1.0%, 0.0019368 secs]
   [Last Exec: 0.0019368 secs, Idle: 0.0901235 secs, Blocked: 0/0.0000000 secs]
      [Inspected:             133]
         [Skipped:              1(  0.8%)]
         [Hashed:             132( 99.2%)]
         [Known:                1(  0.8%)]
         [New:                131( 98.5%)   2622.0K]
      [Deduplicated:            1(  0.8%)     20.0K(  0.8%)]
         [Young:                0(  0.0%)      0.0B(  0.0%)]
         [Old:                  1(100.0%)     20.0K(100.0%)]
   [Total Exec: 95/0.2473288 secs, Idle: 95/17.7053607 secs, Blocked: 1/0.0038934 secs]
      [Inspected:           18962]
         [Skipped:            190(  1.0%)]
         [Hashed:           17794( 93.8%)]
         [Known:              831(  4.4%)]
         [New:              17941( 94.6%)    337.9M]
      [Deduplicated:          502(  2.8%)   3405.2K(  1.0%)]
         [Young:                4(  0.8%)   4160.0B(  0.1%)]
         [Old:                498( 99.2%)   3401.2K( 99.9%)]
   [Table]
      [Memory Usage: 555.8K]
      [Size: 16384, Min: 1024, Max: 16777216]
      [Entries: 18252, Load: 111.4%, Cached: 0, Added: 18270, Removed: 18]
      [Resize Count: 4, Shrink Threshold: 10922(66.7%), Grow Threshold: 32768(200.0%)]
      [Rehash Count: 1, Rehash Threshold: 120, Hash Seed: 0xc4e8cebb]
      [Age Threshold: 3]
   [Queue]
      [Dropped: 0]
2016-06-27T18:00:52.032+0300: 18.289: [GC pause (G1 Evacuation Pause) (young)
Desired survivor size 1572864 bytes, new threshold 1 (max 15)
- age   1:    2773040 bytes,    2773040 total
, 0.0020775 secs]
   [Parallel Time: 1.5 ms, GC Workers: 4]
      [GC Worker Start (ms): Min: 18289.2, Avg: 18289.2, Max: 18289.2, Diff: 0.0]
      [Ext Root Scanning (ms): Min: 0.4, Avg: 0.4, Max: 0.4, Diff: 0.0, Sum: 1.6]
      [Update RS (ms): Min: 0.2, Avg: 0.3, Max: 0.5, Diff: 0.3, Sum: 1.0]
         [Processed Buffers: Min: 1, Avg: 3.3, Max: 5, Diff: 4, Sum: 13]
      [Scan RS (ms): Min: 0.0, Avg: 0.0, Max: 0.0, Diff: 0.0, Sum: 0.0]
      [Code Root Scanning (ms): Min: 0.0, Avg: 0.0, Max: 0.0, Diff: 0.0, Sum: 0.0]
      [Object Copy (ms): Min: 0.5, Avg: 0.7, Max: 0.8, Diff: 0.3, Sum: 3.0]
      [Termination (ms): Min: 0.0, Avg: 0.0, Max: 0.0, Diff: 0.0, Sum: 0.0]
         [Termination Attempts: Min: 1, Avg: 1.0, Max: 1, Diff: 0, Sum: 4]
      [GC Worker Other (ms): Min: 0.0, Avg: 0.0, Max: 0.0, Diff: 0.0, Sum: 0.1]
      [GC Worker Total (ms): Min: 1.4, Avg: 1.4, Max: 1.4, Diff: 0.0, Sum: 5.7]
      [GC Worker End (ms): Min: 18290.6, Avg: 18290.6, Max: 18290.7, Diff: 0.0]
   [Code Root Fixup: 0.0 ms]
   [Code Root Purge: 0.0 ms]
   [String Dedup Fixup: 0.2 ms, GC Workers: 4]
      [Queue Fixup (ms): Min: 0.0, Avg: 0.0, Max: 0.0, Diff: 0.0, Sum: 0.0]
      [Table Fixup (ms): Min: 0.2, Avg: 0.2, Max: 0.2, Diff: 0.0, Sum: 0.7]
   [Clear CT: 0.0 ms]
   [Other: 0.4 ms]
      [Choose CSet: 0.0 ms]
      [Ref Proc: 0.1 ms]
      [Ref Enq: 0.0 ms]
      [Redirty Cards: 0.0 ms]
      [Humongous Register: 0.0 ms]
      [Humongous Reclaim: 0.0 ms]
      [Free CSet: 0.0 ms]
   [Eden: 17.0M(17.0M)->0.0B(17.0M) Survivors: 3072.0K->3072.0K Heap: 397.5M(409.0M)->384.0M(409.0M)]
 [Times: user=0.00 sys=0.00, real=0.00 secs] 
2016-06-27T18:00:52.034+0300: 18.291: Total time for which application threads were stopped: 0.0119029 seconds, Stopping threads took: 0.0093212 seconds
2016-06-27T18:00:52.036+0300: 18.293: [GC concurrent-string-deduplication, 2845.3K->2742.1K(103.1K), avg 1.0%, 0.0020677 secs]
   [Last Exec: 0.0020677 secs, Idle: 0.1084540 secs, Blocked: 0/0.0000000 secs]
      [Inspected:             146]
         [Skipped:              1(  0.7%)]
         [Hashed:             145( 99.3%)]
         [Known:                0(  0.0%)]
         [New:                145( 99.3%)   2845.3K]
      [Deduplicated:            8(  5.5%)    103.1K(  3.6%)]
         [Young:                0(  0.0%)      0.0B(  0.0%)]
         [Old:                  8(100.0%)    103.1K(100.0%)]
   [Total Exec: 96/0.2493965 secs, Idle: 96/17.8138147 secs, Blocked: 1/0.0038934 secs]
      [Inspected:           19108]
         [Skipped:            191(  1.0%)]
         [Hashed:           17939( 93.9%)]
         [Known:              831(  4.3%)]
         [New:              18086( 94.7%)    340.7M]
      [Deduplicated:          510(  2.8%)   3508.4K(  1.0%)]
         [Young:                4(  0.8%)   4160.0B(  0.1%)]
         [Old:                506( 99.2%)   3504.3K( 99.9%)]
   [Table]
      [Memory Usage: 559.0K]
      [Size: 16384, Min: 1024, Max: 16777216]
      [Entries: 18389, Load: 112.2%, Cached: 0, Added: 18407, Removed: 18]
      [Resize Count: 4, Shrink Threshold: 10922(66.7%), Grow Threshold: 32768(200.0%)]
      [Rehash Count: 1, Rehash Threshold: 120, Hash Seed: 0xc4e8cebb]
      [Age Threshold: 3]
   [Queue]
      [Dropped: 0]
2016-06-27T18:00:52.158+0300: 18.415: [GC pause (G1 Evacuation Pause) (young)
Desired survivor size 1572864 bytes, new threshold 1 (max 15)
- age   1:    2651016 bytes,    2651016 total
, 0.0020878 secs]
   [Parallel Time: 1.5 ms, GC Workers: 4]
      [GC Worker Start (ms): Min: 18414.9, Avg: 18414.9, Max: 18415.0, Diff: 0.1]
      [Ext Root Scanning (ms): Min: 0.4, Avg: 0.5, Max: 0.5, Diff: 0.0, Sum: 1.9]
      [Update RS (ms): Min: 0.1, Avg: 0.2, Max: 0.4, Diff: 0.3, Sum: 0.9]
         [Processed Buffers: Min: 1, Avg: 3.8, Max: 9, Diff: 8, Sum: 15]
      [Scan RS (ms): Min: 0.0, Avg: 0.0, Max: 0.0, Diff: 0.0, Sum: 0.0]
      [Code Root Scanning (ms): Min: 0.0, Avg: 0.0, Max: 0.0, Diff: 0.0, Sum: 0.0]
      [Object Copy (ms): Min: 0.6, Avg: 0.7, Max: 0.8, Diff: 0.3, Sum: 2.9]
      [Termination (ms): Min: 0.0, Avg: 0.0, Max: 0.0, Diff: 0.0, Sum: 0.0]
         [Termination Attempts: Min: 1, Avg: 1.0, Max: 1, Diff: 0, Sum: 4]
      [GC Worker Other (ms): Min: 0.0, Avg: 0.0, Max: 0.0, Diff: 0.0, Sum: 0.0]
      [GC Worker Total (ms): Min: 1.4, Avg: 1.4, Max: 1.5, Diff: 0.1, Sum: 5.8]
      [GC Worker End (ms): Min: 18416.4, Avg: 18416.4, Max: 18416.4, Diff: 0.0]
   [Code Root Fixup: 0.0 ms]
   [Code Root Purge: 0.0 ms]
   [String Dedup Fixup: 0.2 ms, GC Workers: 4]
      [Queue Fixup (ms): Min: 0.0, Avg: 0.0, Max: 0.0, Diff: 0.0, Sum: 0.0]
      [Table Fixup (ms): Min: 0.2, Avg: 0.2, Max: 0.2, Diff: 0.0, Sum: 0.7]
   [Clear CT: 0.0 ms]
   [Other: 0.4 ms]
      [Choose CSet: 0.0 ms]
      [Ref Proc: 0.0 ms]
      [Ref Enq: 0.0 ms]
      [Redirty Cards: 0.0 ms]
      [Humongous Register: 0.0 ms]
      [Humongous Reclaim: 0.0 ms]
      [Free CSet: 0.0 ms]
   [Eden: 17.0M(17.0M)->0.0B(17.0M) Survivors: 3072.0K->3072.0K Heap: 401.0M(409.0M)->387.5M(409.0M)]
 [Times: user=0.00 sys=0.00, real=0.00 secs] 
2016-06-27T18:00:52.160+0300: 18.417: Total time for which application threads were stopped: 0.0036363 seconds, Stopping threads took: 0.0010366 seconds
2016-06-27T18:00:52.161+0300: 18.419: [GC concurrent-string-deduplication, 2464.0K->2401.9K(62.1K), avg 1.0%, 0.0016204 secs]
   [Last Exec: 0.0016204 secs, Idle: 0.1235746 secs, Blocked: 0/0.0000000 secs]
      [Inspected:             127]
         [Skipped:              2(  1.6%)]
         [Hashed:             125( 98.4%)]
         [Known:                0(  0.0%)]
         [New:                125( 98.4%)   2464.0K]
      [Deduplicated:            5(  4.0%)     62.1K(  2.5%)]
         [Young:                0(  0.0%)      0.0B(  0.0%)]
         [Old:                  5(100.0%)     62.1K(100.0%)]
   [Total Exec: 97/0.2510169 secs, Idle: 97/17.9373893 secs, Blocked: 1/0.0038934 secs]
      [Inspected:           19235]
         [Skipped:            193(  1.0%)]
         [Hashed:           18064( 93.9%)]
         [Known:              831(  4.3%)]
         [New:              18211( 94.7%)    343.1M]
      [Deduplicated:          515(  2.8%)   3570.4K(  1.0%)]
         [Young:                4(  0.8%)   4160.0B(  0.1%)]
         [Old:                511( 99.2%)   3566.4K( 99.9%)]
   [Table]
      [Memory Usage: 561.8K]
      [Size: 16384, Min: 1024, Max: 16777216]
      [Entries: 18509, Load: 113.0%, Cached: 0, Added: 18527, Removed: 18]
      [Resize Count: 4, Shrink Threshold: 10922(66.7%), Grow Threshold: 32768(200.0%)]
      [Rehash Count: 1, Rehash Threshold: 120, Hash Seed: 0xc4e8cebb]
      [Age Threshold: 3]
   [Queue]
      [Dropped: 0]
2016-06-27T18:00:52.292+0300: 18.549: [GC pause (G1 Evacuation Pause) (young)
Desired survivor size 1572864 bytes, new threshold 1 (max 15)
- age   1:    2979696 bytes,    2979696 total
, 0.0022790 secs]
   [Parallel Time: 1.6 ms, GC Workers: 4]
      [GC Worker Start (ms): Min: 18549.1, Avg: 18549.1, Max: 18549.1, Diff: 0.0]
      [Ext Root Scanning (ms): Min: 0.4, Avg: 0.4, Max: 0.4, Diff: 0.0, Sum: 1.7]
      [Update RS (ms): Min: 0.1, Avg: 0.2, Max: 0.4, Diff: 0.3, Sum: 1.0]
         [Processed Buffers: Min: 1, Avg: 4.8, Max: 10, Diff: 9, Sum: 19]
      [Scan RS (ms): Min: 0.0, Avg: 0.0, Max: 0.0, Diff: 0.0, Sum: 0.0]
      [Code Root Scanning (ms): Min: 0.0, Avg: 0.0, Max: 0.0, Diff: 0.0, Sum: 0.0]
      [Object Copy (ms): Min: 0.7, Avg: 0.9, Max: 1.0, Diff: 0.3, Sum: 3.7]
      [Termination (ms): Min: 0.0, Avg: 0.0, Max: 0.0, Diff: 0.0, Sum: 0.0]
         [Termination Attempts: Min: 1, Avg: 1.0, Max: 1, Diff: 0, Sum: 4]
      [GC Worker Other (ms): Min: 0.0, Avg: 0.0, Max: 0.0, Diff: 0.0, Sum: 0.0]
      [GC Worker Total (ms): Min: 1.6, Avg: 1.6, Max: 1.6, Diff: 0.0, Sum: 6.5]
      [GC Worker End (ms): Min: 18550.7, Avg: 18550.7, Max: 18550.7, Diff: 0.0]
   [Code Root Fixup: 0.0 ms]
   [Code Root Purge: 0.0 ms]
   [String Dedup Fixup: 0.2 ms, GC Workers: 4]
      [Queue Fixup (ms): Min: 0.0, Avg: 0.0, Max: 0.0, Diff: 0.0, Sum: 0.0]
      [Table Fixup (ms): Min: 0.2, Avg: 0.2, Max: 0.2, Diff: 0.0, Sum: 0.8]
   [Clear CT: 0.0 ms]
   [Other: 0.4 ms]
      [Choose CSet: 0.0 ms]
      [Ref Proc: 0.0 ms]
      [Ref Enq: 0.0 ms]
      [Redirty Cards: 0.0 ms]
      [Humongous Register: 0.0 ms]
      [Humongous Reclaim: 0.0 ms]
      [Free CSet: 0.0 ms]
   [Eden: 17.0M(17.0M)->0.0B(17.0M) Survivors: 3072.0K->3072.0K Heap: 404.5M(409.0M)->392.0M(412.0M)]
 [Times: user=0.00 sys=0.00, real=0.00 secs] 
2016-06-27T18:00:52.294+0300: 18.551: Total time for which application threads were stopped: 0.0036334 seconds, Stopping threads took: 0.0007929 seconds
2016-06-27T18:00:52.296+0300: 18.554: [GC concurrent-string-deduplication, 3084.4K->2982.3K(102.1K), avg 1.0%, 0.0021977 secs]
   [Last Exec: 0.0021977 secs, Idle: 0.1326404 secs, Blocked: 0/0.0000000 secs]
      [Inspected:             158]
         [Skipped:              2(  1.3%)]
         [Hashed:             156( 98.7%)]
         [Known:                0(  0.0%)]
         [New:                156( 98.7%)   3084.4K]
      [Deduplicated:            7(  4.5%)    102.1K(  3.3%)]
         [Young:                0(  0.0%)      0.0B(  0.0%)]
         [Old:                  7(100.0%)    102.1K(100.0%)]
   [Total Exec: 98/0.2532146 secs, Idle: 98/18.0700297 secs, Blocked: 1/0.0038934 secs]
      [Inspected:           19393]
         [Skipped:            195(  1.0%)]
         [Hashed:           18220( 94.0%)]
         [Known:              831(  4.3%)]
         [New:              18367( 94.7%)    346.1M]
      [Deduplicated:          522(  2.8%)   3672.6K(  1.0%)]
         [Young:                4(  0.8%)   4160.0B(  0.1%)]
         [Old:                518( 99.2%)   3668.5K( 99.9%)]
   [Table]
      [Memory Usage: 565.3K]
      [Size: 16384, Min: 1024, Max: 16777216]
      [Entries: 18658, Load: 113.9%, Cached: 0, Added: 18676, Removed: 18]
      [Resize Count: 4, Shrink Threshold: 10922(66.7%), Grow Threshold: 32768(200.0%)]
      [Rehash Count: 1, Rehash Threshold: 120, Hash Seed: 0xc4e8cebb]
      [Age Threshold: 3]
   [Queue]
      [Dropped: 0]
2016-06-27T18:00:52.432+0300: 18.690: [GC pause (G1 Evacuation Pause) (young)
Desired survivor size 1572864 bytes, new threshold 1 (max 15)
- age   1:    2623416 bytes,    2623416 total
, 0.0022217 secs]
   [Parallel Time: 1.6 ms, GC Workers: 4]
      [GC Worker Start (ms): Min: 18690.1, Avg: 18690.1, Max: 18690.1, Diff: 0.0]
      [Ext Root Scanning (ms): Min: 0.3, Avg: 0.4, Max: 0.4, Diff: 0.1, Sum: 1.6]
      [Update RS (ms): Min: 0.1, Avg: 0.2, Max: 0.3, Diff: 0.2, Sum: 0.8]
         [Processed Buffers: Min: 1, Avg: 5.0, Max: 10, Diff: 9, Sum: 20]
      [Scan RS (ms): Min: 0.0, Avg: 0.0, Max: 0.0, Diff: 0.0, Sum: 0.0]
      [Code Root Scanning (ms): Min: 0.0, Avg: 0.0, Max: 0.0, Diff: 0.0, Sum: 0.0]
      [Object Copy (ms): Min: 0.9, Avg: 0.9, Max: 1.0, Diff: 0.2, Sum: 3.8]
      [Termination (ms): Min: 0.0, Avg: 0.0, Max: 0.0, Diff: 0.0, Sum: 0.0]
         [Termination Attempts: Min: 1, Avg: 1.0, Max: 1, Diff: 0, Sum: 4]
      [GC Worker Other (ms): Min: 0.0, Avg: 0.0, Max: 0.0, Diff: 0.0, Sum: 0.0]
      [GC Worker Total (ms): Min: 1.5, Avg: 1.6, Max: 1.6, Diff: 0.0, Sum: 6.2]
      [GC Worker End (ms): Min: 18691.6, Avg: 18691.6, Max: 18691.6, Diff: 0.0]
   [Code Root Fixup: 0.0 ms]
   [Code Root Purge: 0.0 ms]
   [String Dedup Fixup: 0.2 ms, GC Workers: 4]
      [Queue Fixup (ms): Min: 0.0, Avg: 0.0, Max: 0.0, Diff: 0.0, Sum: 0.0]
      [Table Fixup (ms): Min: 0.2, Avg: 0.2, Max: 0.2, Diff: 0.0, Sum: 0.8]
   [Clear CT: 0.0 ms]
   [Other: 0.4 ms]
      [Choose CSet: 0.0 ms]
      [Ref Proc: 0.1 ms]
      [Ref Enq: 0.0 ms]
      [Redirty Cards: 0.0 ms]
      [Humongous Register: 0.0 ms]
      [Humongous Reclaim: 0.0 ms]
      [Free CSet: 0.0 ms]
   [Eden: 17.0M(17.0M)->0.0B(17.0M) Survivors: 3072.0K->3072.0K Heap: 409.0M(412.0M)->396.0M(416.0M)]
 [Times: user=0.00 sys=0.00, real=0.00 secs] 
2016-06-27T18:00:52.435+0300: 18.692: Total time for which application threads were stopped: 0.0050438 seconds, Stopping threads took: 0.0022619 seconds
2016-06-27T18:00:52.437+0300: 18.694: [GC concurrent-string-deduplication, 2443.9K->2421.9K(22.0K), avg 1.0%, 0.0018291 secs]
   [Last Exec: 0.0018291 secs, Idle: 0.1386900 secs, Blocked: 0/0.0000000 secs]
      [Inspected:             124]
         [Skipped:              0(  0.0%)]
         [Hashed:             124(100.0%)]
         [Known:                0(  0.0%)]
         [New:                124(100.0%)   2443.9K]
      [Deduplicated:            3(  2.4%)     22.0K(  0.9%)]
         [Young:                0(  0.0%)      0.0B(  0.0%)]
         [Old:                  3(100.0%)     22.0K(100.0%)]
   [Total Exec: 99/0.2550436 secs, Idle: 99/18.2087197 secs, Blocked: 1/0.0038934 secs]
      [Inspected:           19517]
         [Skipped:            195(  1.0%)]
         [Hashed:           18344( 94.0%)]
         [Known:              831(  4.3%)]
         [New:              18491( 94.7%)    348.5M]
      [Deduplicated:          525(  2.8%)   3694.6K(  1.0%)]
         [Young:                4(  0.8%)   4160.0B(  0.1%)]
         [Old:                521( 99.2%)   3690.5K( 99.9%)]
   [Table]
      [Memory Usage: 568.1K]
      [Size: 16384, Min: 1024, Max: 16777216]
      [Entries: 18779, Load: 114.6%, Cached: 0, Added: 18797, Removed: 18]
      [Resize Count: 4, Shrink Threshold: 10922(66.7%), Grow Threshold: 32768(200.0%)]
      [Rehash Count: 1, Rehash Threshold: 120, Hash Seed: 0xc4e8cebb]
      [Age Threshold: 3]
   [Queue]
      [Dropped: 0]
2016-06-27T18:00:52.576+0300: 18.833: [GC pause (G1 Evacuation Pause) (young)
Desired survivor size 1572864 bytes, new threshold 1 (max 15)
- age   1:    3015048 bytes,    3015048 total
, 0.0023183 secs]
   [Parallel Time: 1.7 ms, GC Workers: 4]
      [GC Worker Start (ms): Min: 18833.0, Avg: 18833.0, Max: 18833.0, Diff: 0.0]
      [Ext Root Scanning (ms): Min: 0.4, Avg: 0.4, Max: 0.5, Diff: 0.1, Sum: 1.8]
      [Update RS (ms): Min: 0.1, Avg: 0.2, Max: 0.5, Diff: 0.5, Sum: 1.0]
         [Processed Buffers: Min: 1, Avg: 4.5, Max: 8, Diff: 7, Sum: 18]
      [Scan RS (ms): Min: 0.0, Avg: 0.0, Max: 0.0, Diff: 0.0, Sum: 0.0]
      [Code Root Scanning (ms): Min: 0.0, Avg: 0.0, Max: 0.0, Diff: 0.0, Sum: 0.0]
      [Object Copy (ms): Min: 0.7, Avg: 1.0, Max: 1.1, Diff: 0.4, Sum: 3.9]
      [Termination (ms): Min: 0.0, Avg: 0.0, Max: 0.0, Diff: 0.0, Sum: 0.0]
         [Termination Attempts: Min: 1, Avg: 1.0, Max: 1, Diff: 0, Sum: 4]
      [GC Worker Other (ms): Min: 0.0, Avg: 0.0, Max: 0.0, Diff: 0.0, Sum: 0.0]
      [GC Worker Total (ms): Min: 1.7, Avg: 1.7, Max: 1.7, Diff: 0.0, Sum: 6.8]
      [GC Worker End (ms): Min: 18834.7, Avg: 18834.7, Max: 18834.7, Diff: 0.0]
   [Code Root Fixup: 0.0 ms]
   [Code Root Purge: 0.0 ms]
   [String Dedup Fixup: 0.2 ms, GC Workers: 4]
      [Queue Fixup (ms): Min: 0.0, Avg: 0.0, Max: 0.0, Diff: 0.0, Sum: 0.0]
      [Table Fixup (ms): Min: 0.2, Avg: 0.2, Max: 0.2, Diff: 0.0, Sum: 0.8]
   [Clear CT: 0.0 ms]
   [Other: 0.4 ms]
      [Choose CSet: 0.0 ms]
      [Ref Proc: 0.0 ms]
      [Ref Enq: 0.0 ms]
      [Redirty Cards: 0.0 ms]
      [Humongous Register: 0.0 ms]
      [Humongous Reclaim: 0.0 ms]
      [Free CSet: 0.0 ms]
   [Eden: 17.0M(17.0M)->0.0B(18.0M) Survivors: 3072.0K->3072.0K Heap: 413.0M(416.0M)->399.5M(420.0M)]
 [Times: user=0.00 sys=0.00, real=0.00 secs] 
2016-06-27T18:00:52.578+0300: 18.835: Total time for which application threads were stopped: 0.0046666 seconds, Stopping threads took: 0.0017906 seconds
2016-06-27T18:00:52.580+0300: 18.837: [GC concurrent-string-deduplication, 2766.2K->2702.1K(64.1K), avg 1.0%, 0.0019809 secs]
   [Last Exec: 0.0019809 secs, Idle: 0.1410913 secs, Blocked: 0/0.0000000 secs]
      [Inspected:             143]
         [Skipped:              1(  0.7%)]
         [Hashed:             142( 99.3%)]
         [Known:                0(  0.0%)]
         [New:                142( 99.3%)   2766.2K]
      [Deduplicated:            7(  4.9%)     64.1K(  2.3%)]
         [Young:                0(  0.0%)      0.0B(  0.0%)]
         [Old:                  7(100.0%)     64.1K(100.0%)]
   [Total Exec: 100/0.2570245 secs, Idle: 100/18.3498110 secs, Blocked: 1/0.0038934 secs]
      [Inspected:           19660]
         [Skipped:            196(  1.0%)]
         [Hashed:           18486( 94.0%)]
         [Known:              831(  4.2%)]
         [New:              18633( 94.8%)    351.2M]
      [Deduplicated:          532(  2.9%)   3758.7K(  1.0%)]
         [Young:                4(  0.8%)   4160.0B(  0.1%)]
         [Old:                528( 99.2%)   3754.6K( 99.9%)]
   [Table]
      [Memory Usage: 571.3K]
      [Size: 16384, Min: 1024, Max: 16777216]
      [Entries: 18914, Load: 115.4%, Cached: 0, Added: 18932, Removed: 18]
      [Resize Count: 4, Shrink Threshold: 10922(66.7%), Grow Threshold: 32768(200.0%)]
      [Rehash Count: 1, Rehash Threshold: 120, Hash Seed: 0xc4e8cebb]
      [Age Threshold: 3]
   [Queue]
      [Dropped: 0]
2016-06-27T18:00:52.728+0300: 18.985: [GC pause (G1 Evacuation Pause) (young)
Desired survivor size 1572864 bytes, new threshold 1 (max 15)
- age   1:    2845680 bytes,    2845680 total
, 0.0023979 secs]
   [Parallel Time: 1.8 ms, GC Workers: 4]
      [GC Worker Start (ms): Min: 18985.5, Avg: 18985.5, Max: 18985.5, Diff: 0.0]
      [Ext Root Scanning (ms): Min: 0.4, Avg: 0.5, Max: 0.5, Diff: 0.1, Sum: 1.9]
      [Update RS (ms): Min: 0.0, Avg: 0.1, Max: 0.2, Diff: 0.2, Sum: 0.6]
         [Processed Buffers: Min: 1, Avg: 3.5, Max: 6, Diff: 5, Sum: 14]
      [Scan RS (ms): Min: 0.0, Avg: 0.0, Max: 0.0, Diff: 0.0, Sum: 0.0]
      [Code Root Scanning (ms): Min: 0.0, Avg: 0.0, Max: 0.0, Diff: 0.0, Sum: 0.0]
      [Object Copy (ms): Min: 1.1, Avg: 1.1, Max: 1.2, Diff: 0.2, Sum: 4.5]
      [Termination (ms): Min: 0.0, Avg: 0.0, Max: 0.0, Diff: 0.0, Sum: 0.0]
         [Termination Attempts: Min: 1, Avg: 1.0, Max: 1, Diff: 0, Sum: 4]
      [GC Worker Other (ms): Min: 0.0, Avg: 0.0, Max: 0.0, Diff: 0.0, Sum: 0.0]
      [GC Worker Total (ms): Min: 1.8, Avg: 1.8, Max: 1.8, Diff: 0.0, Sum: 7.1]
      [GC Worker End (ms): Min: 18987.2, Avg: 18987.2, Max: 18987.2, Diff: 0.0]
   [Code Root Fixup: 0.0 ms]
   [Code Root Purge: 0.0 ms]
   [String Dedup Fixup: 0.2 ms, GC Workers: 4]
      [Queue Fixup (ms): Min: 0.0, Avg: 0.0, Max: 0.0, Diff: 0.0, Sum: 0.0]
      [Table Fixup (ms): Min: 0.2, Avg: 0.2, Max: 0.2, Diff: 0.0, Sum: 0.8]
   [Clear CT: 0.0 ms]
   [Other: 0.4 ms]
      [Choose CSet: 0.0 ms]
      [Ref Proc: 0.0 ms]
      [Ref Enq: 0.0 ms]
      [Redirty Cards: 0.0 ms]
      [Humongous Register: 0.0 ms]
      [Humongous Reclaim: 0.0 ms]
      [Free CSet: 0.0 ms]
   [Eden: 18.0M(18.0M)->0.0B(18.0M) Survivors: 3072.0K->3072.0K Heap: 417.5M(420.0M)->404.0M(425.0M)]
 [Times: user=0.00 sys=0.00, real=0.00 secs] 
2016-06-27T18:00:52.731+0300: 18.988: Total time for which application threads were stopped: 0.0044309 seconds, Stopping threads took: 0.0014728 seconds
2016-06-27T18:00:52.733+0300: 18.990: [GC concurrent-string-deduplication, 3144.5K->3082.4K(62.1K), avg 1.1%, 0.0022516 secs]
   [Last Exec: 0.0022516 secs, Idle: 0.1504574 secs, Blocked: 0/0.0000000 secs]
      [Inspected:             160]
         [Skipped:              1(  0.6%)]
         [Hashed:             159( 99.4%)]
         [Known:                0(  0.0%)]
         [New:                159( 99.4%)   3144.5K]
      [Deduplicated:            5(  3.1%)     62.1K(  2.0%)]
         [Young:                0(  0.0%)      0.0B(  0.0%)]
         [Old:                  5(100.0%)     62.1K(100.0%)]
   [Total Exec: 101/0.2592761 secs, Idle: 101/18.5002684 secs, Blocked: 1/0.0038934 secs]
      [Inspected:           19820]
         [Skipped:            197(  1.0%)]
         [Hashed:           18645( 94.1%)]
         [Known:              831(  4.2%)]
         [New:              18792( 94.8%)    354.3M]
      [Deduplicated:          537(  2.9%)   3820.8K(  1.1%)]
         [Young:                4(  0.7%)   4160.0B(  0.1%)]
         [Old:                533( 99.3%)   3816.7K( 99.9%)]
   [Table]
      [Memory Usage: 574.9K]
      [Size: 16384, Min: 1024, Max: 16777216]
      [Entries: 19068, Load: 116.4%, Cached: 0, Added: 19086, Removed: 18]
      [Resize Count: 4, Shrink Threshold: 10922(66.7%), Grow Threshold: 32768(200.0%)]
      [Rehash Count: 1, Rehash Threshold: 120, Hash Seed: 0xc4e8cebb]
      [Age Threshold: 3]
   [Queue]
      [Dropped: 0]
2016-06-27T18:00:52.883+0300: 19.140: [GC pause (G1 Evacuation Pause) (young)
Desired survivor size 1572864 bytes, new threshold 1 (max 15)
- age   1:    2502840 bytes,    2502840 total
, 0.0023410 secs]
   [Parallel Time: 1.7 ms, GC Workers: 4]
      [GC Worker Start (ms): Min: 19140.4, Avg: 19140.4, Max: 19140.4, Diff: 0.0]
      [Ext Root Scanning (ms): Min: 0.4, Avg: 0.5, Max: 0.5, Diff: 0.1, Sum: 1.9]
      [Update RS (ms): Min: 0.1, Avg: 0.2, Max: 0.3, Diff: 0.1, Sum: 0.8]
         [Processed Buffers: Min: 2, Avg: 4.8, Max: 9, Diff: 7, Sum: 19]
      [Scan RS (ms): Min: 0.0, Avg: 0.0, Max: 0.0, Diff: 0.0, Sum: 0.0]
      [Code Root Scanning (ms): Min: 0.0, Avg: 0.0, Max: 0.0, Diff: 0.0, Sum: 0.0]
      [Object Copy (ms): Min: 0.9, Avg: 1.0, Max: 1.0, Diff: 0.1, Sum: 3.9]
      [Termination (ms): Min: 0.0, Avg: 0.0, Max: 0.0, Diff: 0.0, Sum: 0.1]
         [Termination Attempts: Min: 1, Avg: 1.0, Max: 1, Diff: 0, Sum: 4]
      [GC Worker Other (ms): Min: 0.0, Avg: 0.0, Max: 0.0, Diff: 0.0, Sum: 0.0]
      [GC Worker Total (ms): Min: 1.7, Avg: 1.7, Max: 1.7, Diff: 0.0, Sum: 6.7]
      [GC Worker End (ms): Min: 19142.1, Avg: 19142.1, Max: 19142.1, Diff: 0.0]
   [Code Root Fixup: 0.0 ms]
   [Code Root Purge: 0.0 ms]
   [String Dedup Fixup: 0.2 ms, GC Workers: 4]
      [Queue Fixup (ms): Min: 0.0, Avg: 0.0, Max: 0.0, Diff: 0.0, Sum: 0.0]
      [Table Fixup (ms): Min: 0.2, Avg: 0.2, Max: 0.2, Diff: 0.0, Sum: 0.8]
   [Clear CT: 0.0 ms]
   [Other: 0.4 ms]
      [Choose CSet: 0.0 ms]
      [Ref Proc: 0.0 ms]
      [Ref Enq: 0.0 ms]
      [Redirty Cards: 0.0 ms]
      [Humongous Register: 0.0 ms]
      [Humongous Reclaim: 0.0 ms]
      [Free CSet: 0.0 ms]
   [Eden: 18.0M(18.0M)->0.0B(18.0M) Survivors: 3072.0K->3072.0K Heap: 422.0M(425.0M)->408.5M(430.0M)]
 [Times: user=0.00 sys=0.00, real=0.00 secs] 
2016-06-27T18:00:52.886+0300: 19.143: Total time for which application threads were stopped: 0.0055035 seconds, Stopping threads took: 0.0025458 seconds
2016-06-27T18:00:52.887+0300: 19.145: [GC concurrent-string-deduplication, 2683.1K->2622.0K(61.1K), avg 1.1%, 0.0019167 secs]
   [Last Exec: 0.0019167 secs, Idle: 0.1525430 secs, Blocked: 0/0.0000000 secs]
      [Inspected:             135]
         [Skipped:              0(  0.0%)]
         [Hashed:             135(100.0%)]
         [Known:                0(  0.0%)]
         [New:                135(100.0%)   2683.1K]
      [Deduplicated:            4(  3.0%)     61.1K(  2.3%)]
         [Young:                0(  0.0%)      0.0B(  0.0%)]
         [Old:                  4(100.0%)     61.1K(100.0%)]
   [Total Exec: 102/0.2611929 secs, Idle: 102/18.6528114 secs, Blocked: 1/0.0038934 secs]
      [Inspected:           19955]
         [Skipped:            197(  1.0%)]
         [Hashed:           18780( 94.1%)]
         [Known:              831(  4.2%)]
         [New:              18927( 94.8%)    356.9M]
      [Deduplicated:          541(  2.9%)   3881.9K(  1.1%)]
         [Young:                4(  0.7%)   4160.0B(  0.1%)]
         [Old:                537( 99.3%)   3877.8K( 99.9%)]
   [Table]
      [Memory Usage: 578.0K]
      [Size: 16384, Min: 1024, Max: 16777216]
      [Entries: 19199, Load: 117.2%, Cached: 0, Added: 19217, Removed: 18]
      [Resize Count: 4, Shrink Threshold: 10922(66.7%), Grow Threshold: 32768(200.0%)]
      [Rehash Count: 1, Rehash Threshold: 120, Hash Seed: 0xc4e8cebb]
      [Age Threshold: 3]
   [Queue]
      [Dropped: 0]
2016-06-27T18:00:53.020+0300: 19.278: [GC cleanup 424M->424M(430M), 0.0004845 secs]
 [Times: user=0.00 sys=0.00, real=0.00 secs] 
2016-06-27T18:00:53.021+0300: 19.278: Total time for which application threads were stopped: 0.0042261 seconds, Stopping threads took: 0.0033481 seconds
2016-06-27T18:00:53.028+0300: 19.285: [GC pause (G1 Evacuation Pause) (young)
Desired survivor size 1572864 bytes, new threshold 1 (max 15)
- age   1:    2752248 bytes,    2752248 total
, 0.0026083 secs]
   [Parallel Time: 2.0 ms, GC Workers: 4]
      [GC Worker Start (ms): Min: 19285.6, Avg: 19285.6, Max: 19285.7, Diff: 0.1]
      [Ext Root Scanning (ms): Min: 0.4, Avg: 0.5, Max: 0.6, Diff: 0.2, Sum: 2.0]
      [Update RS (ms): Min: 0.1, Avg: 0.3, Max: 0.7, Diff: 0.6, Sum: 1.3]
         [Processed Buffers: Min: 1, Avg: 6.0, Max: 10, Diff: 9, Sum: 24]
      [Scan RS (ms): Min: 0.0, Avg: 0.0, Max: 0.0, Diff: 0.0, Sum: 0.0]
      [Code Root Scanning (ms): Min: 0.0, Avg: 0.0, Max: 0.0, Diff: 0.0, Sum: 0.0]
      [Object Copy (ms): Min: 0.8, Avg: 1.1, Max: 1.2, Diff: 0.5, Sum: 4.3]
      [Termination (ms): Min: 0.0, Avg: 0.0, Max: 0.0, Diff: 0.0, Sum: 0.0]
         [Termination Attempts: Min: 1, Avg: 1.0, Max: 1, Diff: 0, Sum: 4]
      [GC Worker Other (ms): Min: 0.0, Avg: 0.0, Max: 0.0, Diff: 0.0, Sum: 0.0]
      [GC Worker Total (ms): Min: 1.9, Avg: 1.9, Max: 1.9, Diff: 0.1, Sum: 7.7]
      [GC Worker End (ms): Min: 19287.6, Avg: 19287.6, Max: 19287.6, Diff: 0.0]
   [Code Root Fixup: 0.0 ms]
   [Code Root Purge: 0.0 ms]
   [String Dedup Fixup: 0.2 ms, GC Workers: 4]
      [Queue Fixup (ms): Min: 0.0, Avg: 0.0, Max: 0.0, Diff: 0.0, Sum: 0.0]
      [Table Fixup (ms): Min: 0.2, Avg: 0.2, Max: 0.2, Diff: 0.0, Sum: 0.8]
   [Clear CT: 0.0 ms]
   [Other: 0.4 ms]
      [Choose CSet: 0.0 ms]
      [Ref Proc: 0.0 ms]
      [Ref Enq: 0.0 ms]
      [Redirty Cards: 0.0 ms]
      [Humongous Register: 0.0 ms]
      [Humongous Reclaim: 0.0 ms]
      [Free CSet: 0.0 ms]
   [Eden: 18.0M(18.0M)->0.0B(18.0M) Survivors: 3072.0K->3072.0K Heap: 426.5M(430.0M)->412.5M(434.0M)]
 [Times: user=0.00 sys=0.00, real=0.00 secs] 
2016-06-27T18:00:53.031+0300: 19.288: Total time for which application threads were stopped: 0.0033421 seconds, Stopping threads took: 0.0001330 seconds
2016-06-27T18:00:53.033+0300: 19.290: [GC concurrent-string-deduplication, 3009.5K->2962.3K(47.1K), avg 1.1%, 0.0020583 secs]
   [Last Exec: 0.0020583 secs, Idle: 0.1435037 secs, Blocked: 0/0.0000000 secs]
      [Inspected:             157]
         [Skipped:              0(  0.0%)]
         [Hashed:             157(100.0%)]
         [Known:                0(  0.0%)]
         [New:                157(100.0%)   3009.5K]
      [Deduplicated:            9(  5.7%)     47.1K(  1.6%)]
         [Young:                0(  0.0%)      0.0B(  0.0%)]
         [Old:                  9(100.0%)     47.1K(100.0%)]
   [Total Exec: 103/0.2632512 secs, Idle: 103/18.7963151 secs, Blocked: 1/0.0038934 secs]
      [Inspected:           20112]
         [Skipped:            197(  1.0%)]
         [Hashed:           18937( 94.2%)]
         [Known:              831(  4.1%)]
         [New:              19084( 94.9%)    359.8M]
      [Deduplicated:          550(  2.9%)   3929.0K(  1.1%)]
         [Young:                4(  0.7%)   4160.0B(  0.1%)]
         [Old:                546( 99.3%)   3924.9K( 99.9%)]
   [Table]
      [Memory Usage: 581.4K]
      [Size: 16384, Min: 1024, Max: 16777216]
      [Entries: 19347, Load: 118.1%, Cached: 0, Added: 19365, Removed: 18]
      [Resize Count: 4, Shrink Threshold: 10922(66.7%), Grow Threshold: 32768(200.0%)]
      [Rehash Count: 1, Rehash Threshold: 120, Hash Seed: 0xc4e8cebb]
      [Age Threshold: 3]
   [Queue]
      [Dropped: 0]
2016-06-27T18:00:53.175+0300: 19.433: [GC pause (G1 Evacuation Pause) (mixed)
Desired survivor size 1572864 bytes, new threshold 1 (max 15)
- age   1:    2697240 bytes,    2697240 total
, 0.0029153 secs]
   [Parallel Time: 2.2 ms, GC Workers: 4]
      [GC Worker Start (ms): Min: 19432.7, Avg: 19432.7, Max: 19432.8, Diff: 0.0]
      [Ext Root Scanning (ms): Min: 0.4, Avg: 0.4, Max: 0.4, Diff: 0.0, Sum: 1.8]
      [Update RS (ms): Min: 0.1, Avg: 0.2, Max: 0.5, Diff: 0.4, Sum: 1.0]
         [Processed Buffers: Min: 1, Avg: 5.0, Max: 14, Diff: 13, Sum: 20]
      [Scan RS (ms): Min: 0.0, Avg: 0.0, Max: 0.1, Diff: 0.1, Sum: 0.1]
      [Code Root Scanning (ms): Min: 0.0, Avg: 0.0, Max: 0.0, Diff: 0.0, Sum: 0.0]
      [Object Copy (ms): Min: 1.2, Avg: 1.4, Max: 1.6, Diff: 0.4, Sum: 5.8]
      [Termination (ms): Min: 0.0, Avg: 0.0, Max: 0.0, Diff: 0.0, Sum: 0.0]
         [Termination Attempts: Min: 1, Avg: 1.0, Max: 1, Diff: 0, Sum: 4]
      [GC Worker Other (ms): Min: 0.0, Avg: 0.0, Max: 0.0, Diff: 0.0, Sum: 0.0]
      [GC Worker Total (ms): Min: 2.2, Avg: 2.2, Max: 2.2, Diff: 0.0, Sum: 8.7]
      [GC Worker End (ms): Min: 19434.9, Avg: 19434.9, Max: 19434.9, Diff: 0.0]
   [Code Root Fixup: 0.0 ms]
   [Code Root Purge: 0.0 ms]
   [String Dedup Fixup: 0.2 ms, GC Workers: 4]
      [Queue Fixup (ms): Min: 0.0, Avg: 0.0, Max: 0.0, Diff: 0.0, Sum: 0.0]
      [Table Fixup (ms): Min: 0.2, Avg: 0.2, Max: 0.2, Diff: 0.0, Sum: 0.8]
   [Clear CT: 0.0 ms]
   [Other: 0.5 ms]
      [Choose CSet: 0.0 ms]
      [Ref Proc: 0.1 ms]
      [Ref Enq: 0.0 ms]
      [Redirty Cards: 0.0 ms]
      [Humongous Register: 0.0 ms]
      [Humongous Reclaim: 0.0 ms]
      [Free CSet: 0.0 ms]
   [Eden: 18.0M(18.0M)->0.0B(19.0M) Survivors: 3072.0K->3072.0K Heap: 430.5M(434.0M)->412.5M(440.0M)]
 [Times: user=0.06 sys=0.00, real=0.00 secs] 
2016-06-27T18:00:53.178+0300: 19.436: Total time for which application threads were stopped: 0.0046554 seconds, Stopping threads took: 0.0011123 seconds
2016-06-27T18:00:53.180+0300: 19.438: [GC concurrent-string-deduplication, 2565.0K->2522.0K(43.1K), avg 1.1%, 0.0018368 secs]
   [Last Exec: 0.0018368 secs, Idle: 0.1452391 secs, Blocked: 0/0.0000000 secs]
      [Inspected:             134]
         [Skipped:              3(  2.2%)]
         [Hashed:             131( 97.8%)]
         [Known:                0(  0.0%)]
         [New:                131( 97.8%)   2565.0K]
      [Deduplicated:            5(  3.8%)     43.1K(  1.7%)]
         [Young:                0(  0.0%)      0.0B(  0.0%)]
         [Old:                  5(100.0%)     43.1K(100.0%)]
   [Total Exec: 104/0.2650880 secs, Idle: 104/18.9415542 secs, Blocked: 1/0.0038934 secs]
      [Inspected:           20246]
         [Skipped:            200(  1.0%)]
         [Hashed:           19068( 94.2%)]
         [Known:              831(  4.1%)]
         [New:              19215( 94.9%)    362.3M]
      [Deduplicated:          555(  2.9%)   3972.1K(  1.1%)]
         [Young:                4(  0.7%)   4160.0B(  0.1%)]
         [Old:                551( 99.3%)   3968.0K( 99.9%)]
   [Table]
      [Memory Usage: 584.4K]
      [Size: 16384, Min: 1024, Max: 16777216]
      [Entries: 19473, Load: 118.9%, Cached: 0, Added: 19491, Removed: 18]
      [Resize Count: 4, Shrink Threshold: 10922(66.7%), Grow Threshold: 32768(200.0%)]
      [Rehash Count: 1, Rehash Threshold: 120, Hash Seed: 0xc4e8cebb]
      [Age Threshold: 3]
   [Queue]
      [Dropped: 0]
2016-06-27T18:00:53.335+0300: 19.592: [GC pause (G1 Evacuation Pause) (young)
Desired survivor size 1572864 bytes, new threshold 1 (max 15)
- age   1:    2941408 bytes,    2941408 total
, 0.0024795 secs]
   [Parallel Time: 1.8 ms, GC Workers: 4]
      [GC Worker Start (ms): Min: 19592.6, Avg: 19592.6, Max: 19592.6, Diff: 0.0]
      [Ext Root Scanning (ms): Min: 0.4, Avg: 0.5, Max: 0.5, Diff: 0.1, Sum: 1.8]
      [Update RS (ms): Min: 0.3, Avg: 0.3, Max: 0.3, Diff: 0.1, Sum: 1.3]
         [Processed Buffers: Min: 1, Avg: 5.3, Max: 15, Diff: 14, Sum: 21]
      [Scan RS (ms): Min: 0.0, Avg: 0.0, Max: 0.0, Diff: 0.0, Sum: 0.0]
      [Code Root Scanning (ms): Min: 0.0, Avg: 0.0, Max: 0.0, Diff: 0.0, Sum: 0.0]
      [Object Copy (ms): Min: 0.9, Avg: 0.9, Max: 0.9, Diff: 0.1, Sum: 3.6]
      [Termination (ms): Min: 0.0, Avg: 0.0, Max: 0.0, Diff: 0.0, Sum: 0.0]
         [Termination Attempts: Min: 1, Avg: 1.0, Max: 1, Diff: 0, Sum: 4]
      [GC Worker Other (ms): Min: 0.0, Avg: 0.0, Max: 0.0, Diff: 0.0, Sum: 0.1]
      [GC Worker Total (ms): Min: 1.7, Avg: 1.7, Max: 1.7, Diff: 0.1, Sum: 6.8]
      [GC Worker End (ms): Min: 19594.3, Avg: 19594.3, Max: 19594.3, Diff: 0.0]
   [Code Root Fixup: 0.0 ms]
   [Code Root Purge: 0.0 ms]
   [String Dedup Fixup: 0.3 ms, GC Workers: 4]
      [Queue Fixup (ms): Min: 0.0, Avg: 0.0, Max: 0.0, Diff: 0.0, Sum: 0.0]
      [Table Fixup (ms): Min: 0.2, Avg: 0.2, Max: 0.2, Diff: 0.0, Sum: 0.9]
   [Clear CT: 0.0 ms]
   [Other: 0.4 ms]
      [Choose CSet: 0.0 ms]
      [Ref Proc: 0.0 ms]
      [Ref Enq: 0.0 ms]
      [Redirty Cards: 0.0 ms]
      [Humongous Register: 0.0 ms]
      [Humongous Reclaim: 0.0 ms]
      [Free CSet: 0.0 ms]
   [Eden: 19.0M(19.0M)->0.0B(19.0M) Survivors: 3072.0K->3072.0K Heap: 431.5M(440.0M)->417.5M(440.0M)]
 [Times: user=0.00 sys=0.00, real=0.00 secs] 
2016-06-27T18:00:53.338+0300: 19.595: Total time for which application threads were stopped: 0.0052584 seconds, Stopping threads took: 0.0021455 seconds
2016-06-27T18:00:53.340+0300: 19.598: [GC concurrent-string-deduplication, 3288.7K->3262.5K(26.1K), avg 1.1%, 0.0023641 secs]
   [Last Exec: 0.0023641 secs, Idle: 0.1575363 secs, Blocked: 0/0.0000000 secs]
      [Inspected:             174]
         [Skipped:              4(  2.3%)]
         [Hashed:             170( 97.7%)]
         [Known:                0(  0.0%)]
         [New:                170( 97.7%)   3288.7K]
      [Deduplicated:            7(  4.1%)     26.1K(  0.8%)]
         [Young:                0(  0.0%)      0.0B(  0.0%)]
         [Old:                  7(100.0%)     26.1K(100.0%)]
   [Total Exec: 105/0.2674520 secs, Idle: 105/19.0990905 secs, Blocked: 1/0.0038934 secs]
      [Inspected:           20420]
         [Skipped:            204(  1.0%)]
         [Hashed:           19238( 94.2%)]
         [Known:              831(  4.1%)]
         [New:              19385( 94.9%)    365.5M]
      [Deduplicated:          562(  2.9%)   3998.2K(  1.1%)]
         [Young:                4(  0.7%)   4160.0B(  0.1%)]
         [Old:                558( 99.3%)   3994.1K( 99.9%)]
   [Table]
      [Memory Usage: 588.2K]
      [Size: 16384, Min: 1024, Max: 16777216]
      [Entries: 19636, Load: 119.8%, Cached: 0, Added: 19654, Removed: 18]
      [Resize Count: 4, Shrink Threshold: 10922(66.7%), Grow Threshold: 32768(200.0%)]
      [Rehash Count: 1, Rehash Threshold: 120, Hash Seed: 0xc4e8cebb]
      [Age Threshold: 3]
   [Queue]
      [Dropped: 0]
2016-06-27T18:00:53.490+0300: 19.747: [GC pause (G1 Evacuation Pause) (young) (initial-mark)
Desired survivor size 1572864 bytes, new threshold 1 (max 15)
- age   1:    2737248 bytes,    2737248 total
, 0.0025693 secs]
   [Parallel Time: 1.8 ms, GC Workers: 4]
      [GC Worker Start (ms): Min: 19747.2, Avg: 19747.2, Max: 19747.2, Diff: 0.0]
      [Ext Root Scanning (ms): Min: 0.3, Avg: 0.4, Max: 0.5, Diff: 0.1, Sum: 1.8]
      [Update RS (ms): Min: 0.1, Avg: 0.2, Max: 0.3, Diff: 0.2, Sum: 1.0]
         [Processed Buffers: Min: 1, Avg: 6.5, Max: 14, Diff: 13, Sum: 26]
      [Scan RS (ms): Min: 0.0, Avg: 0.0, Max: 0.0, Diff: 0.0, Sum: 0.0]
      [Code Root Scanning (ms): Min: 0.0, Avg: 0.0, Max: 0.0, Diff: 0.0, Sum: 0.0]
      [Object Copy (ms): Min: 0.9, Avg: 1.0, Max: 1.1, Diff: 0.2, Sum: 4.2]
      [Termination (ms): Min: 0.0, Avg: 0.0, Max: 0.0, Diff: 0.0, Sum: 0.0]
         [Termination Attempts: Min: 1, Avg: 1.0, Max: 1, Diff: 0, Sum: 4]
      [GC Worker Other (ms): Min: 0.0, Avg: 0.0, Max: 0.0, Diff: 0.0, Sum: 0.1]
      [GC Worker Total (ms): Min: 1.7, Avg: 1.7, Max: 1.8, Diff: 0.0, Sum: 7.0]
      [GC Worker End (ms): Min: 19749.0, Avg: 19749.0, Max: 19749.0, Diff: 0.0]
   [Code Root Fixup: 0.0 ms]
   [Code Root Purge: 0.0 ms]
   [String Dedup Fixup: 0.2 ms, GC Workers: 4]
      [Queue Fixup (ms): Min: 0.0, Avg: 0.0, Max: 0.0, Diff: 0.0, Sum: 0.0]
      [Table Fixup (ms): Min: 0.2, Avg: 0.2, Max: 0.2, Diff: 0.0, Sum: 0.8]
   [Clear CT: 0.0 ms]
   [Other: 0.5 ms]
      [Choose CSet: 0.0 ms]
      [Ref Proc: 0.1 ms]
      [Ref Enq: 0.0 ms]
      [Redirty Cards: 0.0 ms]
      [Humongous Register: 0.0 ms]
      [Humongous Reclaim: 0.0 ms]
      [Free CSet: 0.0 ms]
   [Eden: 19.0M(19.0M)->0.0B(19.0M) Survivors: 3072.0K->3072.0K Heap: 436.5M(440.0M)->421.0M(443.0M)]
 [Times: user=0.00 sys=0.00, real=0.00 secs] 
2016-06-27T18:00:53.493+0300: 19.750: [GC concurrent-root-region-scan-start]
2016-06-27T18:00:53.493+0300: 19.750: Total time for which application threads were stopped: 0.0061988 seconds, Stopping threads took: 0.0030180 seconds
2016-06-27T18:00:53.493+0300: 19.750: [GC concurrent-root-region-scan-end, 0.0003062 secs]
2016-06-27T18:00:53.493+0300: 19.750: [GC concurrent-mark-start]
2016-06-27T18:00:53.495+0300: 19.752: [GC concurrent-string-deduplication, 2686.2K->2662.1K(24.1K), avg 1.1%, 0.0019634 secs]
   [Last Exec: 0.0019634 secs, Idle: 0.1521577 secs, Blocked: 0/0.0000000 secs]
      [Inspected:             138]
         [Skipped:              0(  0.0%)]
         [Hashed:             138(100.0%)]
         [Known:                0(  0.0%)]
         [New:                138(100.0%)   2686.2K]
      [Deduplicated:            5(  3.6%)     24.1K(  0.9%)]
         [Young:                0(  0.0%)      0.0B(  0.0%)]
         [Old:                  5(100.0%)     24.1K(100.0%)]
   [Total Exec: 106/0.2694154 secs, Idle: 106/19.2512482 secs, Blocked: 1/0.0038934 secs]
      [Inspected:           20558]
         [Skipped:            204(  1.0%)]
         [Hashed:           19376( 94.3%)]
         [Known:              831(  4.0%)]
         [New:              19523( 95.0%)    368.1M]
      [Deduplicated:          567(  2.9%)   4022.3K(  1.1%)]
         [Young:                4(  0.7%)   4160.0B(  0.1%)]
         [Old:                563( 99.3%)   4018.2K( 99.9%)]
   [Table]
      [Memory Usage: 591.3K]
      [Size: 16384, Min: 1024, Max: 16777216]
      [Entries: 19769, Load: 120.7%, Cached: 0, Added: 19787, Removed: 18]
      [Resize Count: 4, Shrink Threshold: 10922(66.7%), Grow Threshold: 32768(200.0%)]
      [Rehash Count: 1, Rehash Threshold: 120, Hash Seed: 0xc4e8cebb]
      [Age Threshold: 3]
   [Queue]
      [Dropped: 0]
2016-06-27T18:00:53.514+0300: 19.771: [GC concurrent-mark-end, 0.0205424 secs]
2016-06-27T18:00:53.530+0300: 19.787: [GC remark 2016-06-27T18:00:53.530+0300: 19.787: [Finalize Marking, 0.0001484 secs] 2016-06-27T18:00:53.530+0300: 19.787: [GC ref-proc, 0.0000757 secs] 2016-06-27T18:00:53.530+0300: 19.787: [Unloading, 0.0013433 secs], 0.0034721 secs]
 [Times: user=0.00 sys=0.00, real=0.00 secs] 
2016-06-27T18:00:53.533+0300: 19.791: Total time for which application threads were stopped: 0.0053521 seconds, Stopping threads took: 0.0014887 seconds
2016-06-27T18:00:53.554+0300: 19.811: [GC cleanup 429M->429M(443M), 0.0004170 secs]
 [Times: user=0.00 sys=0.00, real=0.00 secs] 
2016-06-27T18:00:53.554+0300: 19.812: Total time for which application threads were stopped: 0.0018291 seconds, Stopping threads took: 0.0010063 seconds
2016-06-27T18:00:53.639+0300: 19.896: [GC pause (G1 Evacuation Pause) (young)
Desired survivor size 1572864 bytes, new threshold 1 (max 15)
- age   1:    2985336 bytes,    2985336 total
, 0.0026134 secs]
   [Parallel Time: 1.8 ms, GC Workers: 4]
      [GC Worker Start (ms): Min: 19896.2, Avg: 19896.2, Max: 19896.3, Diff: 0.0]
      [Ext Root Scanning (ms): Min: 0.4, Avg: 0.5, Max: 0.5, Diff: 0.1, Sum: 1.8]
      [Update RS (ms): Min: 0.1, Avg: 0.2, Max: 0.3, Diff: 0.1, Sum: 0.8]
         [Processed Buffers: Min: 1, Avg: 4.8, Max: 9, Diff: 8, Sum: 19]
      [Scan RS (ms): Min: 0.0, Avg: 0.0, Max: 0.0, Diff: 0.0, Sum: 0.0]
      [Code Root Scanning (ms): Min: 0.0, Avg: 0.0, Max: 0.0, Diff: 0.0, Sum: 0.0]
      [Object Copy (ms): Min: 1.1, Avg: 1.1, Max: 1.2, Diff: 0.1, Sum: 4.5]
      [Termination (ms): Min: 0.0, Avg: 0.0, Max: 0.0, Diff: 0.0, Sum: 0.0]
         [Termination Attempts: Min: 1, Avg: 1.0, Max: 1, Diff: 0, Sum: 4]
      [GC Worker Other (ms): Min: 0.0, Avg: 0.0, Max: 0.0, Diff: 0.0, Sum: 0.0]
      [GC Worker Total (ms): Min: 1.8, Avg: 1.8, Max: 1.8, Diff: 0.0, Sum: 7.2]
      [GC Worker End (ms): Min: 19898.0, Avg: 19898.0, Max: 19898.0, Diff: 0.0]
   [Code Root Fixup: 0.0 ms]
   [Code Root Purge: 0.0 ms]
   [String Dedup Fixup: 0.2 ms, GC Workers: 4]
      [Queue Fixup (ms): Min: 0.0, Avg: 0.0, Max: 0.0, Diff: 0.0, Sum: 0.0]
      [Table Fixup (ms): Min: 0.2, Avg: 0.2, Max: 0.2, Diff: 0.0, Sum: 0.8]
   [Clear CT: 0.0 ms]
   [Other: 0.5 ms]
      [Choose CSet: 0.0 ms]
      [Ref Proc: 0.1 ms]
      [Ref Enq: 0.0 ms]
      [Redirty Cards: 0.1 ms]
      [Humongous Register: 0.0 ms]
      [Humongous Reclaim: 0.0 ms]
      [Free CSet: 0.0 ms]
   [Eden: 19.0M(19.0M)->0.0B(19.0M) Survivors: 3072.0K->3072.0K Heap: 440.0M(443.0M)->426.0M(448.0M)]
 [Times: user=0.00 sys=0.00, real=0.00 secs] 
2016-06-27T18:00:53.642+0300: 19.899: Total time for which application threads were stopped: 0.0052584 seconds, Stopping threads took: 0.0020254 seconds
2016-06-27T18:00:53.644+0300: 19.901: [GC concurrent-string-deduplication, 3103.4K->3022.4K(81.1K), avg 1.1%, 0.0022054 secs]
   [Last Exec: 0.0022054 secs, Idle: 0.1471302 secs, Blocked: 0/0.0000000 secs]
      [Inspected:             157]
         [Skipped:              1(  0.6%)]
         [Hashed:             156( 99.4%)]
         [Known:                0(  0.0%)]
         [New:                156( 99.4%)   3103.4K]
      [Deduplicated:            5(  3.2%)     81.1K(  2.6%)]
         [Young:                0(  0.0%)      0.0B(  0.0%)]
         [Old:                  5(100.0%)     81.1K(100.0%)]
   [Total Exec: 107/0.2716208 secs, Idle: 107/19.3983784 secs, Blocked: 1/0.0038934 secs]
      [Inspected:           20715]
         [Skipped:            205(  1.0%)]
         [Hashed:           19532( 94.3%)]
         [Known:              831(  4.0%)]
         [New:              19679( 95.0%)    371.2M]
      [Deduplicated:          572(  2.9%)   4103.3K(  1.1%)]
         [Young:                4(  0.7%)   4160.0B(  0.1%)]
         [Old:                568( 99.3%)   4099.3K( 99.9%)]
   [Table]
      [Memory Usage: 594.9K]
      [Size: 16384, Min: 1024, Max: 16777216]
      [Entries: 19920, Load: 121.6%, Cached: 0, Added: 19938, Removed: 18]
      [Resize Count: 4, Shrink Threshold: 10922(66.7%), Grow Threshold: 32768(200.0%)]
      [Rehash Count: 1, Rehash Threshold: 120, Hash Seed: 0xc4e8cebb]
      [Age Threshold: 3]
   [Queue]
      [Dropped: 0]
2016-06-27T18:00:53.794+0300: 20.052: [GC pause (G1 Evacuation Pause) (mixed)
Desired survivor size 1572864 bytes, new threshold 1 (max 15)
- age   1:    2864488 bytes,    2864488 total
, 0.0061561 secs]
   [Parallel Time: 5.3 ms, GC Workers: 4]
      [GC Worker Start (ms): Min: 20051.6, Avg: 20051.7, Max: 20051.7, Diff: 0.0]
      [Ext Root Scanning (ms): Min: 0.4, Avg: 0.5, Max: 0.5, Diff: 0.1, Sum: 1.8]
      [Update RS (ms): Min: 0.1, Avg: 0.2, Max: 0.4, Diff: 0.3, Sum: 1.0]
         [Processed Buffers: Min: 1, Avg: 4.0, Max: 8, Diff: 7, Sum: 16]
      [Scan RS (ms): Min: 0.0, Avg: 0.1, Max: 0.2, Diff: 0.2, Sum: 0.4]
      [Code Root Scanning (ms): Min: 0.0, Avg: 0.0, Max: 0.0, Diff: 0.0, Sum: 0.0]
      [Object Copy (ms): Min: 4.4, Avg: 4.4, Max: 4.5, Diff: 0.1, Sum: 17.7]
      [Termination (ms): Min: 0.0, Avg: 0.0, Max: 0.0, Diff: 0.0, Sum: 0.0]
         [Termination Attempts: Min: 1, Avg: 1.0, Max: 1, Diff: 0, Sum: 4]
      [GC Worker Other (ms): Min: 0.0, Avg: 0.0, Max: 0.0, Diff: 0.0, Sum: 0.0]
      [GC Worker Total (ms): Min: 5.2, Avg: 5.3, Max: 5.3, Diff: 0.0, Sum: 21.1]
      [GC Worker End (ms): Min: 20056.9, Avg: 20056.9, Max: 20056.9, Diff: 0.0]
   [Code Root Fixup: 0.0 ms]
   [Code Root Purge: 0.0 ms]
   [String Dedup Fixup: 0.3 ms, GC Workers: 4]
      [Queue Fixup (ms): Min: 0.0, Avg: 0.0, Max: 0.0, Diff: 0.0, Sum: 0.0]
      [Table Fixup (ms): Min: 0.2, Avg: 0.2, Max: 0.2, Diff: 0.0, Sum: 0.9]
   [Clear CT: 0.1 ms]
   [Other: 0.5 ms]
      [Choose CSet: 0.0 ms]
      [Ref Proc: 0.1 ms]
      [Ref Enq: 0.0 ms]
      [Redirty Cards: 0.0 ms]
      [Humongous Register: 0.0 ms]
      [Humongous Reclaim: 0.0 ms]
      [Free CSet: 0.1 ms]
   [Eden: 19.0M(19.0M)->0.0B(20.0M) Survivors: 3072.0K->3072.0K Heap: 445.0M(448.0M)->418.0M(468.0M)]
 [Times: user=0.00 sys=0.00, real=0.01 secs] 
2016-06-27T18:00:53.801+0300: 20.058: Total time for which application threads were stopped: 0.0103839 seconds, Stopping threads took: 0.0036201 seconds
2016-06-27T18:00:53.803+0300: 20.060: [GC concurrent-string-deduplication, 3244.6K->3222.5K(22.0K), avg 1.1%, 0.0022867 secs]
   [Last Exec: 0.0022867 secs, Idle: 0.1566985 secs, Blocked: 0/0.0000000 secs]
      [Inspected:             165]
         [Skipped:              1(  0.6%)]
         [Hashed:             164( 99.4%)]
         [Known:                0(  0.0%)]
         [New:                164( 99.4%)   3244.6K]
      [Deduplicated:            3(  1.8%)     22.0K(  0.7%)]
         [Young:                0(  0.0%)      0.0B(  0.0%)]
         [Old:                  3(100.0%)     22.0K(100.0%)]
   [Total Exec: 108/0.2739075 secs, Idle: 108/19.5550770 secs, Blocked: 1/0.0038934 secs]
      [Inspected:           20880]
         [Skipped:            206(  1.0%)]
         [Hashed:           19696( 94.3%)]
         [Known:              831(  4.0%)]
         [New:              19843( 95.0%)    374.3M]
      [Deduplicated:          575(  2.9%)   4125.4K(  1.1%)]
         [Young:                4(  0.7%)   4160.0B(  0.1%)]
         [Old:                571( 99.3%)   4121.3K( 99.9%)]
   [Table]
      [Memory Usage: 598.6K]
      [Size: 16384, Min: 1024, Max: 16777216]
      [Entries: 20081, Load: 122.6%, Cached: 0, Added: 20099, Removed: 18]
      [Resize Count: 4, Shrink Threshold: 10922(66.7%), Grow Threshold: 32768(200.0%)]
      [Rehash Count: 1, Rehash Threshold: 120, Hash Seed: 0xc4e8cebb]
      [Age Threshold: 3]
   [Queue]
      [Dropped: 0]
2016-06-27T18:00:53.955+0300: 20.212: [GC pause (G1 Evacuation Pause) (young)
Desired survivor size 1572864 bytes, new threshold 1 (max 15)
- age   1:    2733704 bytes,    2733704 total
, 0.0027130 secs]
   [Parallel Time: 2.1 ms, GC Workers: 4]
      [GC Worker Start (ms): Min: 20212.5, Avg: 20212.5, Max: 20212.6, Diff: 0.0]
      [Ext Root Scanning (ms): Min: 0.4, Avg: 0.4, Max: 0.5, Diff: 0.0, Sum: 1.8]
      [Update RS (ms): Min: 0.6, Avg: 0.7, Max: 0.7, Diff: 0.1, Sum: 2.8]
         [Processed Buffers: Min: 2, Avg: 4.8, Max: 11, Diff: 9, Sum: 19]
      [Scan RS (ms): Min: 0.0, Avg: 0.0, Max: 0.0, Diff: 0.0, Sum: 0.0]
      [Code Root Scanning (ms): Min: 0.0, Avg: 0.0, Max: 0.0, Diff: 0.0, Sum: 0.0]
      [Object Copy (ms): Min: 0.8, Avg: 0.9, Max: 0.9, Diff: 0.1, Sum: 3.6]
      [Termination (ms): Min: 0.0, Avg: 0.0, Max: 0.0, Diff: 0.0, Sum: 0.1]
         [Termination Attempts: Min: 1, Avg: 1.0, Max: 1, Diff: 0, Sum: 4]
      [GC Worker Other (ms): Min: 0.0, Avg: 0.0, Max: 0.0, Diff: 0.0, Sum: 0.0]
      [GC Worker Total (ms): Min: 2.1, Avg: 2.1, Max: 2.1, Diff: 0.0, Sum: 8.2]
      [GC Worker End (ms): Min: 20214.6, Avg: 20214.6, Max: 20214.6, Diff: 0.0]
   [Code Root Fixup: 0.0 ms]
   [Code Root Purge: 0.0 ms]
   [String Dedup Fixup: 0.2 ms, GC Workers: 4]
      [Queue Fixup (ms): Min: 0.0, Avg: 0.0, Max: 0.0, Diff: 0.0, Sum: 0.0]
      [Table Fixup (ms): Min: 0.2, Avg: 0.2, Max: 0.2, Diff: 0.0, Sum: 0.8]
   [Clear CT: 0.0 ms]
   [Other: 0.4 ms]
      [Choose CSet: 0.0 ms]
      [Ref Proc: 0.0 ms]
      [Ref Enq: 0.0 ms]
      [Redirty Cards: 0.0 ms]
      [Humongous Register: 0.0 ms]
      [Humongous Reclaim: 0.0 ms]
      [Free CSet: 0.0 ms]
   [Eden: 20.0M(20.0M)->0.0B(20.0M) Survivors: 3072.0K->3072.0K Heap: 438.0M(468.0M)->422.5M(468.0M)]
 [Times: user=0.01 sys=0.00, real=0.00 secs] 
2016-06-27T18:00:53.958+0300: 20.215: Total time for which application threads were stopped: 0.0046050 seconds, Stopping threads took: 0.0012731 seconds
2016-06-27T18:00:53.960+0300: 20.218: [GC concurrent-string-deduplication, 3105.5K->3082.4K(23.1K), avg 1.1%, 0.0021669 secs]
   [Last Exec: 0.0021669 secs, Idle: 0.1551021 secs, Blocked: 0/0.0000000 secs]
      [Inspected:             161]
         [Skipped:              3(  1.9%)]
         [Hashed:             158( 98.1%)]
         [Known:                0(  0.0%)]
         [New:                158( 98.1%)   3105.5K]
      [Deduplicated:            4(  2.5%)     23.1K(  0.7%)]
         [Young:                0(  0.0%)      0.0B(  0.0%)]
         [Old:                  4(100.0%)     23.1K(100.0%)]
   [Total Exec: 109/0.2760744 secs, Idle: 109/19.7101791 secs, Blocked: 1/0.0038934 secs]
      [Inspected:           21041]
         [Skipped:            209(  1.0%)]
         [Hashed:           19854( 94.4%)]
         [Known:              831(  3.9%)]
         [New:              20001( 95.1%)    377.4M]
      [Deduplicated:          579(  2.9%)   4148.4K(  1.1%)]
         [Young:                4(  0.7%)   4160.0B(  0.1%)]
         [Old:                575( 99.3%)   4144.4K( 99.9%)]
   [Table]
      [Memory Usage: 602.3K]
      [Size: 16384, Min: 1024, Max: 16777216]
      [Entries: 20235, Load: 123.5%, Cached: 0, Added: 20253, Removed: 18]
      [Resize Count: 4, Shrink Threshold: 10922(66.7%), Grow Threshold: 32768(200.0%)]
      [Rehash Count: 1, Rehash Threshold: 120, Hash Seed: 0xc4e8cebb]
      [Age Threshold: 3]
   [Queue]
      [Dropped: 0]
2016-06-27T18:00:54.129+0300: 20.386: [GC pause (G1 Evacuation Pause) (young) (initial-mark)
Desired survivor size 1572864 bytes, new threshold 1 (max 15)
- age   1:    2739904 bytes,    2739904 total
, 0.0026202 secs]
   [Parallel Time: 1.8 ms, GC Workers: 4]
      [GC Worker Start (ms): Min: 20386.2, Avg: 20386.2, Max: 20386.2, Diff: 0.0]
      [Ext Root Scanning (ms): Min: 0.4, Avg: 0.5, Max: 0.5, Diff: 0.1, Sum: 1.9]
      [Update RS (ms): Min: 0.2, Avg: 0.3, Max: 0.4, Diff: 0.2, Sum: 1.3]
         [Processed Buffers: Min: 1, Avg: 4.3, Max: 7, Diff: 6, Sum: 17]
      [Scan RS (ms): Min: 0.0, Avg: 0.0, Max: 0.0, Diff: 0.0, Sum: 0.0]
      [Code Root Scanning (ms): Min: 0.0, Avg: 0.0, Max: 0.0, Diff: 0.0, Sum: 0.0]
      [Object Copy (ms): Min: 0.8, Avg: 0.9, Max: 1.0, Diff: 0.2, Sum: 3.7]
      [Termination (ms): Min: 0.0, Avg: 0.0, Max: 0.0, Diff: 0.0, Sum: 0.0]
         [Termination Attempts: Min: 1, Avg: 1.0, Max: 1, Diff: 0, Sum: 4]
      [GC Worker Other (ms): Min: 0.0, Avg: 0.0, Max: 0.0, Diff: 0.0, Sum: 0.0]
      [GC Worker Total (ms): Min: 1.7, Avg: 1.7, Max: 1.7, Diff: 0.0, Sum: 7.0]
      [GC Worker End (ms): Min: 20388.0, Avg: 20388.0, Max: 20388.0, Diff: 0.0]
   [Code Root Fixup: 0.0 ms]
   [Code Root Purge: 0.0 ms]
   [String Dedup Fixup: 0.2 ms, GC Workers: 4]
      [Queue Fixup (ms): Min: 0.0, Avg: 0.0, Max: 0.0, Diff: 0.0, Sum: 0.0]
      [Table Fixup (ms): Min: 0.2, Avg: 0.2, Max: 0.2, Diff: 0.0, Sum: 0.9]
   [Clear CT: 0.0 ms]
   [Other: 0.6 ms]
      [Choose CSet: 0.0 ms]
      [Ref Proc: 0.1 ms]
      [Ref Enq: 0.0 ms]
      [Redirty Cards: 0.1 ms]
      [Humongous Register: 0.0 ms]
      [Humongous Reclaim: 0.0 ms]
      [Free CSet: 0.0 ms]
   [Eden: 20.0M(20.0M)->0.0B(20.0M) Survivors: 3072.0K->3072.0K Heap: 442.5M(468.0M)->426.5M(468.0M)]
 [Times: user=0.06 sys=0.00, real=0.00 secs] 
2016-06-27T18:00:54.132+0300: 20.389: [GC concurrent-root-region-scan-start]
2016-06-27T18:00:54.132+0300: 20.389: Total time for which application threads were stopped: 0.0098177 seconds, Stopping threads took: 0.0065919 seconds
2016-06-27T18:00:54.132+0300: 20.389: [GC concurrent-root-region-scan-end, 0.0002463 secs]
2016-06-27T18:00:54.132+0300: 20.389: [GC concurrent-mark-start]
2016-06-27T18:00:54.134+0300: 20.391: [GC concurrent-string-deduplication, 2943.3K->2882.3K(61.1K), avg 1.1%, 0.0021652 secs]
   [Last Exec: 0.0021652 secs, Idle: 0.1712717 secs, Blocked: 0/0.0000000 secs]
      [Inspected:             149]
         [Skipped:              1(  0.7%)]
         [Hashed:             148( 99.3%)]
         [Known:                0(  0.0%)]
         [New:                148( 99.3%)   2943.3K]
      [Deduplicated:            4(  2.7%)     61.1K(  2.1%)]
         [Young:                0(  0.0%)      0.0B(  0.0%)]
         [Old:                  4(100.0%)     61.1K(100.0%)]
   [Total Exec: 110/0.2782396 secs, Idle: 110/19.8814508 secs, Blocked: 1/0.0038934 secs]
      [Inspected:           21190]
         [Skipped:            210(  1.0%)]
         [Hashed:           20002( 94.4%)]
         [Known:              831(  3.9%)]
         [New:              20149( 95.1%)    380.3M]
      [Deduplicated:          583(  2.9%)   4209.5K(  1.1%)]
         [Young:                4(  0.7%)   4160.0B(  0.1%)]
         [Old:                579( 99.3%)   4205.4K( 99.9%)]
   [Table]
      [Memory Usage: 605.6K]
      [Size: 16384, Min: 1024, Max: 16777216]
      [Entries: 20379, Load: 124.4%, Cached: 0, Added: 20397, Removed: 18]
      [Resize Count: 4, Shrink Threshold: 10922(66.7%), Grow Threshold: 32768(200.0%)]
      [Rehash Count: 1, Rehash Threshold: 120, Hash Seed: 0xc4e8cebb]
      [Age Threshold: 3]
   [Queue]
      [Dropped: 0]
2016-06-27T18:00:54.152+0300: 20.409: [GC concurrent-mark-end, 0.0196935 secs]
2016-06-27T18:00:54.184+0300: 20.441: [GC remark 2016-06-27T18:00:54.184+0300: 20.441: [Finalize Marking, 0.0002053 secs] 2016-06-27T18:00:54.184+0300: 20.441: [GC ref-proc, 0.0000766 secs] 2016-06-27T18:00:54.184+0300: 20.441: [Unloading, 0.0013291 secs], 0.0037202 secs]
 [Times: user=0.00 sys=0.00, real=0.00 secs] 
2016-06-27T18:00:54.188+0300: 20.445: Total time for which application threads were stopped: 0.0050036 seconds, Stopping threads took: 0.0008476 seconds
2016-06-27T18:00:54.188+0300: 20.445: [GC cleanup 436M->436M(468M), 0.0004362 secs]
 [Times: user=0.00 sys=0.00, real=0.00 secs] 
2016-06-27T18:00:54.189+0300: 20.446: Total time for which application threads were stopped: 0.0008827 seconds, Stopping threads took: 0.0000689 seconds
2016-06-27T18:00:54.270+0300: 20.527: [GC pause (G1 Evacuation Pause) (young)
Desired survivor size 1572864 bytes, new threshold 1 (max 15)
- age   1:    2991984 bytes,    2991984 total
, 0.0025655 secs]
   [Parallel Time: 1.8 ms, GC Workers: 4]
      [GC Worker Start (ms): Min: 20526.9, Avg: 20527.0, Max: 20527.0, Diff: 0.1]
      [Ext Root Scanning (ms): Min: 0.4, Avg: 0.5, Max: 0.6, Diff: 0.1, Sum: 2.0]
      [Update RS (ms): Min: 0.3, Avg: 0.3, Max: 0.4, Diff: 0.1, Sum: 1.3]
         [Processed Buffers: Min: 1, Avg: 4.8, Max: 8, Diff: 7, Sum: 19]
      [Scan RS (ms): Min: 0.0, Avg: 0.0, Max: 0.0, Diff: 0.0, Sum: 0.0]
      [Code Root Scanning (ms): Min: 0.0, Avg: 0.0, Max: 0.0, Diff: 0.0, Sum: 0.0]
      [Object Copy (ms): Min: 0.9, Avg: 0.9, Max: 1.0, Diff: 0.1, Sum: 3.7]
      [Termination (ms): Min: 0.0, Avg: 0.0, Max: 0.0, Diff: 0.0, Sum: 0.0]
         [Termination Attempts: Min: 1, Avg: 1.0, Max: 1, Diff: 0, Sum: 4]
      [GC Worker Other (ms): Min: 0.0, Avg: 0.0, Max: 0.0, Diff: 0.0, Sum: 0.0]
      [GC Worker Total (ms): Min: 1.7, Avg: 1.8, Max: 1.8, Diff: 0.1, Sum: 7.0]
      [GC Worker End (ms): Min: 20528.7, Avg: 20528.7, Max: 20528.7, Diff: 0.0]
   [Code Root Fixup: 0.0 ms]
   [Code Root Purge: 0.0 ms]
   [String Dedup Fixup: 0.3 ms, GC Workers: 4]
      [Queue Fixup (ms): Min: 0.0, Avg: 0.0, Max: 0.0, Diff: 0.0, Sum: 0.0]
      [Table Fixup (ms): Min: 0.2, Avg: 0.2, Max: 0.2, Diff: 0.0, Sum: 0.9]
   [Clear CT: 0.0 ms]
   [Other: 0.4 ms]
      [Choose CSet: 0.0 ms]
      [Ref Proc: 0.0 ms]
      [Ref Enq: 0.0 ms]
      [Redirty Cards: 0.0 ms]
      [Humongous Register: 0.0 ms]
      [Humongous Reclaim: 0.0 ms]
      [Free CSet: 0.0 ms]
   [Eden: 20.0M(20.0M)->0.0B(20.0M) Survivors: 3072.0K->3072.0K Heap: 446.5M(468.0M)->431.0M(468.0M)]
 [Times: user=0.03 sys=0.00, real=0.00 secs] 
2016-06-27T18:00:54.272+0300: 20.530: Total time for which application threads were stopped: 0.0043715 seconds, Stopping threads took: 0.0012180 seconds
2016-06-27T18:00:54.275+0300: 20.532: [GC concurrent-string-deduplication, 3263.6K->3262.5K(1040.0B), avg 1.1%, 0.0023046 secs]
   [Last Exec: 0.0023046 secs, Idle: 0.1383911 secs, Blocked: 0/0.0000000 secs]
      [Inspected:             164]
         [Skipped:              0(  0.0%)]
         [Hashed:             164(100.0%)]
         [Known:                0(  0.0%)]
         [New:                164(100.0%)   3263.6K]
      [Deduplicated:            1(  0.6%)   1040.0B(  0.0%)]
         [Young:                0(  0.0%)      0.0B(  0.0%)]
         [Old:                  1(100.0%)   1040.0B(100.0%)]
   [Total Exec: 111/0.2805443 secs, Idle: 111/20.0198419 secs, Blocked: 1/0.0038934 secs]
      [Inspected:           21354]
         [Skipped:            210(  1.0%)]
         [Hashed:           20166( 94.4%)]
         [Known:              831(  3.9%)]
         [New:              20313( 95.1%)    383.4M]
      [Deduplicated:          584(  2.9%)   4210.5K(  1.1%)]
         [Young:                4(  0.7%)   4160.0B(  0.1%)]
         [Old:                580( 99.3%)   4206.5K( 99.9%)]
   [Table]
      [Memory Usage: 605.6K]
      [Size: 16384, Min: 1024, Max: 16777216]
      [Entries: 20250, Load: 123.6%, Cached: 129, Added: 20560, Removed: 310]
      [Resize Count: 4, Shrink Threshold: 10922(66.7%), Grow Threshold: 32768(200.0%)]
      [Rehash Count: 1, Rehash Threshold: 120, Hash Seed: 0xc4e8cebb]
      [Age Threshold: 3]
   [Queue]
      [Dropped: 0]
2016-06-27T18:00:54.375+0300: 20.632: [GC pause (G1 Evacuation Pause) (mixed)
Desired survivor size 1572864 bytes, new threshold 1 (max 15)
- age   1:    2909824 bytes,    2909824 total
, 0.0049920 secs]
   [Parallel Time: 4.2 ms, GC Workers: 4]
      [GC Worker Start (ms): Min: 20632.3, Avg: 20632.3, Max: 20632.3, Diff: 0.0]
      [Ext Root Scanning (ms): Min: 0.5, Avg: 0.7, Max: 1.5, Diff: 1.0, Sum: 2.9]
      [Update RS (ms): Min: 0.0, Avg: 0.4, Max: 0.5, Diff: 0.5, Sum: 1.5]
         [Processed Buffers: Min: 0, Avg: 4.0, Max: 8, Diff: 8, Sum: 16]
      [Scan RS (ms): Min: 0.0, Avg: 0.1, Max: 0.2, Diff: 0.2, Sum: 0.4]
      [Code Root Scanning (ms): Min: 0.0, Avg: 0.0, Max: 0.0, Diff: 0.0, Sum: 0.0]
      [Object Copy (ms): Min: 2.6, Avg: 2.9, Max: 3.0, Diff: 0.4, Sum: 11.7]
      [Termination (ms): Min: 0.0, Avg: 0.0, Max: 0.0, Diff: 0.0, Sum: 0.0]
         [Termination Attempts: Min: 1, Avg: 1.0, Max: 1, Diff: 0, Sum: 4]
      [GC Worker Other (ms): Min: 0.0, Avg: 0.0, Max: 0.0, Diff: 0.0, Sum: 0.0]
      [GC Worker Total (ms): Min: 4.1, Avg: 4.1, Max: 4.1, Diff: 0.0, Sum: 16.5]
      [GC Worker End (ms): Min: 20636.4, Avg: 20636.4, Max: 20636.4, Diff: 0.0]
   [Code Root Fixup: 0.0 ms]
   [Code Root Purge: 0.0 ms]
   [String Dedup Fixup: 0.3 ms, GC Workers: 4]
      [Queue Fixup (ms): Min: 0.0, Avg: 0.0, Max: 0.0, Diff: 0.0, Sum: 0.0]
      [Table Fixup (ms): Min: 0.2, Avg: 0.2, Max: 0.3, Diff: 0.0, Sum: 1.0]
   [Clear CT: 0.1 ms]
   [Other: 0.5 ms]
      [Choose CSet: 0.0 ms]
      [Ref Proc: 0.1 ms]
      [Ref Enq: 0.0 ms]
      [Redirty Cards: 0.0 ms]
      [Humongous Register: 0.0 ms]
      [Humongous Reclaim: 0.0 ms]
      [Free CSet: 0.1 ms]
   [Eden: 20.0M(20.0M)->0.0B(20.0M) Survivors: 3072.0K->3072.0K Heap: 451.0M(468.0M)->425.5M(471.0M)]
 [Times: user=0.02 sys=0.00, real=0.01 secs] 
2016-06-27T18:00:54.380+0300: 20.637: Total time for which application threads were stopped: 0.0063840 seconds, Stopping threads took: 0.0007813 seconds
2016-06-27T18:00:54.382+0300: 20.640: [GC concurrent-string-deduplication, 3386.8K->3282.7K(104.1K), avg 1.1%, 0.0024043 secs]
   [Last Exec: 0.0024043 secs, Idle: 0.1053651 secs, Blocked: 0/0.0000000 secs]
      [Inspected:             176]
         [Skipped:              2(  1.1%)]
         [Hashed:             174( 98.9%)]
         [Known:                0(  0.0%)]
         [New:                174( 98.9%)   3386.8K]
      [Deduplicated:            9(  5.2%)    104.1K(  3.1%)]
         [Young:                0(  0.0%)      0.0B(  0.0%)]
         [Old:                  9(100.0%)    104.1K(100.0%)]
   [Total Exec: 112/0.2829485 secs, Idle: 112/20.1252069 secs, Blocked: 1/0.0038934 secs]
      [Inspected:           21530]
         [Skipped:            212(  1.0%)]
         [Hashed:           20340( 94.5%)]
         [Known:              831(  3.9%)]
         [New:              20487( 95.2%)    386.7M]
      [Deduplicated:          593(  2.9%)   4314.7K(  1.1%)]
         [Young:                4(  0.7%)   4160.0B(  0.1%)]
         [Old:                589( 99.3%)   4310.6K( 99.9%)]
   [Table]
      [Memory Usage: 618.6K]
      [Size: 16384, Min: 1024, Max: 16777216]
      [Entries: 20933, Load: 127.8%, Cached: 0, Added: 21243, Removed: 310]
      [Resize Count: 4, Shrink Threshold: 10922(66.7%), Grow Threshold: 32768(200.0%)]
      [Rehash Count: 1, Rehash Threshold: 120, Hash Seed: 0xc4e8cebb]
      [Age Threshold: 3]
   [Queue]
      [Dropped: 0]
2016-06-27T18:00:54.384+0300: 20.641: Total time for which application threads were stopped: 0.0003973 seconds, Stopping threads took: 0.0000624 seconds
2016-06-27T18:00:54.384+0300: 20.641: Total time for which application threads were stopped: 0.0003344 seconds, Stopping threads took: 0.0000599 seconds
2016-06-27T18:00:54.384+0300: 20.642: Total time for which application threads were stopped: 0.0002130 seconds, Stopping threads took: 0.0000201 seconds
2016-06-27T18:00:54.385+0300: 20.642: Total time for which application threads were stopped: 0.0001984 seconds, Stopping threads took: 0.0000167 seconds
2016-06-27T18:00:54.543+0300: 20.800: [GC pause (G1 Evacuation Pause) (young)
Desired survivor size 1572864 bytes, new threshold 1 (max 15)
- age   1:    2671552 bytes,    2671552 total
, 0.0030269 secs]
   [Parallel Time: 2.3 ms, GC Workers: 4]
      [GC Worker Start (ms): Min: 20800.5, Avg: 20800.5, Max: 20800.5, Diff: 0.0]
      [Ext Root Scanning (ms): Min: 0.4, Avg: 0.4, Max: 0.5, Diff: 0.1, Sum: 1.8]
      [Update RS (ms): Min: 0.6, Avg: 0.9, Max: 1.1, Diff: 0.4, Sum: 3.4]
         [Processed Buffers: Min: 2, Avg: 6.8, Max: 13, Diff: 11, Sum: 27]
      [Scan RS (ms): Min: 0.0, Avg: 0.0, Max: 0.0, Diff: 0.0, Sum: 0.0]
      [Code Root Scanning (ms): Min: 0.0, Avg: 0.0, Max: 0.0, Diff: 0.0, Sum: 0.0]
      [Object Copy (ms): Min: 0.7, Avg: 0.9, Max: 1.1, Diff: 0.4, Sum: 3.7]
      [Termination (ms): Min: 0.0, Avg: 0.0, Max: 0.0, Diff: 0.0, Sum: 0.0]
         [Termination Attempts: Min: 1, Avg: 1.0, Max: 1, Diff: 0, Sum: 4]
      [GC Worker Other (ms): Min: 0.0, Avg: 0.0, Max: 0.0, Diff: 0.0, Sum: 0.1]
      [GC Worker Total (ms): Min: 2.2, Avg: 2.2, Max: 2.3, Diff: 0.0, Sum: 8.9]
      [GC Worker End (ms): Min: 20802.7, Avg: 20802.7, Max: 20802.7, Diff: 0.0]
   [Code Root Fixup: 0.0 ms]
   [Code Root Purge: 0.0 ms]
   [String Dedup Fixup: 0.3 ms, GC Workers: 4]
      [Queue Fixup (ms): Min: 0.0, Avg: 0.0, Max: 0.0, Diff: 0.0, Sum: 0.0]
      [Table Fixup (ms): Min: 0.2, Avg: 0.2, Max: 0.2, Diff: 0.0, Sum: 0.9]
   [Clear CT: 0.0 ms]
   [Other: 0.4 ms]
      [Choose CSet: 0.0 ms]
      [Ref Proc: 0.1 ms]
      [Ref Enq: 0.0 ms]
      [Redirty Cards: 0.0 ms]
      [Humongous Register: 0.0 ms]
      [Humongous Reclaim: 0.0 ms]
      [Free CSet: 0.0 ms]
   [Eden: 20.0M(20.0M)->0.0B(20.0M) Survivors: 3072.0K->3072.0K Heap: 445.5M(471.0M)->430.0M(471.0M)]
 [Times: user=0.00 sys=0.00, real=0.00 secs] 
2016-06-27T18:00:54.546+0300: 20.804: Total time for which application threads were stopped: 0.0082691 seconds, Stopping threads took: 0.0046991 seconds
2016-06-27T18:00:54.549+0300: 20.806: [GC concurrent-string-deduplication, 3286.6K->3219.9K(66.7K), avg 1.1%, 0.0025728 secs]
   [Last Exec: 0.0025728 secs, Idle: 0.1637480 secs, Blocked: 0/0.0000000 secs]
      [Inspected:            1031]
         [Skipped:              1(  0.1%)]
         [Hashed:            1030( 99.9%)]
         [Known:              522( 50.6%)]
         [New:                508( 49.3%)   3286.6K]
      [Deduplicated:          118( 23.2%)     66.7K(  2.0%)]
         [Young:                0(  0.0%)      0.0B(  0.0%)]
         [Old:                118(100.0%)     66.7K(100.0%)]
   [Total Exec: 113/0.2855213 secs, Idle: 113/20.2889549 secs, Blocked: 1/0.0038934 secs]
      [Inspected:           22561]
         [Skipped:            213(  0.9%)]
         [Hashed:           21370( 94.7%)]
         [Known:             1353(  6.0%)]
         [New:              20995( 93.1%)    390.0M]
      [Deduplicated:          711(  3.4%)   4381.4K(  1.1%)]
         [Young:                4(  0.6%)   4160.0B(  0.1%)]
         [Old:                707( 99.4%)   4377.3K( 99.9%)]
   [Table]
      [Memory Usage: 627.8K]
      [Size: 16384, Min: 1024, Max: 16777216]
      [Entries: 21324, Load: 130.2%, Cached: 0, Added: 21634, Removed: 310]
      [Resize Count: 4, Shrink Threshold: 10922(66.7%), Grow Threshold: 32768(200.0%)]
      [Rehash Count: 1, Rehash Threshold: 120, Hash Seed: 0xc4e8cebb]
      [Age Threshold: 3]
   [Queue]
      [Dropped: 0]
2016-06-27T18:00:54.715+0300: 20.972: [GC pause (G1 Evacuation Pause) (young) (initial-mark)
Desired survivor size 1572864 bytes, new threshold 1 (max 15)
- age   1:    2688784 bytes,    2688784 total
, 0.0027626 secs]
   [Parallel Time: 1.9 ms, GC Workers: 4]
      [GC Worker Start (ms): Min: 20972.2, Avg: 20972.2, Max: 20972.2, Diff: 0.0]
      [Ext Root Scanning (ms): Min: 0.3, Avg: 0.4, Max: 0.5, Diff: 0.2, Sum: 1.6]
      [Update RS (ms): Min: 0.5, Avg: 0.6, Max: 0.6, Diff: 0.1, Sum: 2.3]
         [Processed Buffers: Min: 3, Avg: 4.8, Max: 7, Diff: 4, Sum: 19]
      [Scan RS (ms): Min: 0.0, Avg: 0.0, Max: 0.0, Diff: 0.0, Sum: 0.0]
      [Code Root Scanning (ms): Min: 0.0, Avg: 0.0, Max: 0.0, Diff: 0.0, Sum: 0.0]
      [Object Copy (ms): Min: 0.9, Avg: 0.9, Max: 1.0, Diff: 0.1, Sum: 3.7]
      [Termination (ms): Min: 0.0, Avg: 0.0, Max: 0.0, Diff: 0.0, Sum: 0.0]
         [Termination Attempts: Min: 1, Avg: 1.0, Max: 1, Diff: 0, Sum: 4]
      [GC Worker Other (ms): Min: 0.0, Avg: 0.0, Max: 0.0, Diff: 0.0, Sum: 0.1]
      [GC Worker Total (ms): Min: 1.9, Avg: 1.9, Max: 1.9, Diff: 0.0, Sum: 7.6]
      [GC Worker End (ms): Min: 20974.1, Avg: 20974.1, Max: 20974.1, Diff: 0.0]
   [Code Root Fixup: 0.0 ms]
   [Code Root Purge: 0.0 ms]
   [String Dedup Fixup: 0.2 ms, GC Workers: 4]
      [Queue Fixup (ms): Min: 0.0, Avg: 0.0, Max: 0.0, Diff: 0.0, Sum: 0.0]
      [Table Fixup (ms): Min: 0.2, Avg: 0.2, Max: 0.2, Diff: 0.0, Sum: 0.9]
   [Clear CT: 0.0 ms]
   [Other: 0.6 ms]
      [Choose CSet: 0.0 ms]
      [Ref Proc: 0.0 ms]
      [Ref Enq: 0.0 ms]
      [Redirty Cards: 0.0 ms]
      [Humongous Register: 0.0 ms]
      [Humongous Reclaim: 0.0 ms]
      [Free CSet: 0.0 ms]
   [Eden: 20.0M(20.0M)->0.0B(20.0M) Survivors: 3072.0K->3072.0K Heap: 450.0M(471.0M)->433.5M(471.0M)]
 [Times: user=0.00 sys=0.00, real=0.00 secs] 
2016-06-27T18:00:54.718+0300: 20.975: [GC concurrent-root-region-scan-start]
2016-06-27T18:00:54.718+0300: 20.975: Total time for which application threads were stopped: 0.0055574 seconds, Stopping threads took: 0.0021276 seconds
2016-06-27T18:00:54.718+0300: 20.975: [GC concurrent-root-region-scan-end, 0.0002566 secs]
2016-06-27T18:00:54.718+0300: 20.975: [GC concurrent-mark-start]
2016-06-27T18:00:54.720+0300: 20.977: [GC concurrent-string-deduplication, 2907.3K->2902.3K(5200.0B), avg 1.1%, 0.0021601 secs]
   [Last Exec: 0.0021601 secs, Idle: 0.1688354 secs, Blocked: 0/0.0000000 secs]
      [Inspected:             158]
         [Skipped:              7(  4.4%)]
         [Hashed:             151( 95.6%)]
         [Known:                1(  0.6%)]
         [New:                150( 94.9%)   2907.3K]
      [Deduplicated:            5(  3.3%)   5200.0B(  0.2%)]
         [Young:                0(  0.0%)      0.0B(  0.0%)]
         [Old:                  5(100.0%)   5200.0B(100.0%)]
   [Total Exec: 114/0.2876814 secs, Idle: 114/20.4577903 secs, Blocked: 1/0.0038934 secs]
      [Inspected:           22719]
         [Skipped:            220(  1.0%)]
         [Hashed:           21521( 94.7%)]
         [Known:             1354(  6.0%)]
         [New:              21145( 93.1%)    392.8M]
      [Deduplicated:          716(  3.4%)   4386.5K(  1.1%)]
         [Young:                4(  0.6%)   4160.0B(  0.1%)]
         [Old:                712( 99.4%)   4382.4K( 99.9%)]
   [Table]
      [Memory Usage: 631.2K]
      [Size: 16384, Min: 1024, Max: 16777216]
      [Entries: 21469, Load: 131.0%, Cached: 0, Added: 21779, Removed: 310]
      [Resize Count: 4, Shrink Threshold: 10922(66.7%), Grow Threshold: 32768(200.0%)]
      [Rehash Count: 1, Rehash Threshold: 120, Hash Seed: 0xc4e8cebb]
      [Age Threshold: 3]
   [Queue]
      [Dropped: 0]
2016-06-27T18:00:54.741+0300: 20.998: [GC concurrent-mark-end, 0.0222530 secs]
2016-06-27T18:00:54.756+0300: 21.013: [GC remark 2016-06-27T18:00:54.756+0300: 21.013: [Finalize Marking, 0.0001668 secs] 2016-06-27T18:00:54.756+0300: 21.013: [GC ref-proc, 0.0000616 secs] 2016-06-27T18:00:54.756+0300: 21.013: [Unloading, 0.0015772 secs], 0.0037963 secs]
 [Times: user=0.00 sys=0.00, real=0.00 secs] 
2016-06-27T18:00:54.759+0300: 21.017: Total time for which application threads were stopped: 0.0069383 seconds, Stopping threads took: 0.0027750 seconds
2016-06-27T18:00:54.760+0300: 21.018: [GC cleanup 439M->439M(471M), 0.0005004 secs]
 [Times: user=0.00 sys=0.00, real=0.00 secs] 
2016-06-27T18:00:54.761+0300: 21.018: Total time for which application threads were stopped: 0.0011897 seconds, Stopping threads took: 0.0003096 seconds
2016-06-27T18:00:54.874+0300: 21.131: [GC pause (G1 Evacuation Pause) (young)
Desired survivor size 1572864 bytes, new threshold 1 (max 15)
- age   1:    2876344 bytes,    2876344 total
, 0.0022217 secs]
   [Parallel Time: 1.5 ms, GC Workers: 4]
      [GC Worker Start (ms): Min: 21131.3, Avg: 21131.3, Max: 21131.3, Diff: 0.0]
      [Ext Root Scanning (ms): Min: 0.4, Avg: 0.4, Max: 0.4, Diff: 0.1, Sum: 1.7]
      [Update RS (ms): Min: 0.1, Avg: 0.2, Max: 0.2, Diff: 0.1, Sum: 0.6]
         [Processed Buffers: Min: 2, Avg: 4.5, Max: 6, Diff: 4, Sum: 18]
      [Scan RS (ms): Min: 0.0, Avg: 0.0, Max: 0.0, Diff: 0.0, Sum: 0.0]
      [Code Root Scanning (ms): Min: 0.0, Avg: 0.0, Max: 0.0, Diff: 0.0, Sum: 0.0]
      [Object Copy (ms): Min: 0.9, Avg: 0.9, Max: 0.9, Diff: 0.0, Sum: 3.6]
      [Termination (ms): Min: 0.0, Avg: 0.0, Max: 0.0, Diff: 0.0, Sum: 0.0]
         [Termination Attempts: Min: 1, Avg: 1.0, Max: 1, Diff: 0, Sum: 4]
      [GC Worker Other (ms): Min: 0.0, Avg: 0.0, Max: 0.0, Diff: 0.0, Sum: 0.1]
      [GC Worker Total (ms): Min: 1.5, Avg: 1.5, Max: 1.5, Diff: 0.0, Sum: 6.0]
      [GC Worker End (ms): Min: 21132.8, Avg: 21132.8, Max: 21132.8, Diff: 0.0]
   [Code Root Fixup: 0.0 ms]
   [Code Root Purge: 0.0 ms]
   [String Dedup Fixup: 0.2 ms, GC Workers: 4]
      [Queue Fixup (ms): Min: 0.0, Avg: 0.0, Max: 0.0, Diff: 0.0, Sum: 0.0]
      [Table Fixup (ms): Min: 0.2, Avg: 0.2, Max: 0.2, Diff: 0.0, Sum: 0.9]
   [Clear CT: 0.0 ms]
   [Other: 0.4 ms]
      [Choose CSet: 0.0 ms]
      [Ref Proc: 0.0 ms]
      [Ref Enq: 0.0 ms]
      [Redirty Cards: 0.0 ms]
      [Humongous Register: 0.0 ms]
      [Humongous Reclaim: 0.0 ms]
      [Free CSet: 0.0 ms]
   [Eden: 20.0M(20.0M)->0.0B(20.0M) Survivors: 3072.0K->3072.0K Heap: 453.5M(471.0M)->438.0M(471.0M)]
 [Times: user=0.00 sys=0.00, real=0.00 secs] 
2016-06-27T18:00:54.876+0300: 21.134: Total time for which application threads were stopped: 0.0064623 seconds, Stopping threads took: 0.0036731 seconds
2016-06-27T18:00:54.879+0300: 21.136: [GC concurrent-string-deduplication, 3227.6K->3202.5K(25.1K), avg 1.1%, 0.0022935 secs]
   [Last Exec: 0.0022935 secs, Idle: 0.1562799 secs, Blocked: 0/0.0000000 secs]
      [Inspected:             167]
         [Skipped:              1(  0.6%)]
         [Hashed:             166( 99.4%)]
         [Known:                0(  0.0%)]
         [New:                166( 99.4%)   3227.6K]
      [Deduplicated:            6(  3.6%)     25.1K(  0.8%)]
         [Young:                0(  0.0%)      0.0B(  0.0%)]
         [Old:                  6(100.0%)     25.1K(100.0%)]
   [Total Exec: 115/0.2899749 secs, Idle: 115/20.6140702 secs, Blocked: 1/0.0038934 secs]
      [Inspected:           22886]
         [Skipped:            221(  1.0%)]
         [Hashed:           21687( 94.8%)]
         [Known:             1354(  5.9%)]
         [New:              21311( 93.1%)    396.0M]
      [Deduplicated:          722(  3.4%)   4411.6K(  1.1%)]
         [Young:                4(  0.6%)   4160.0B(  0.1%)]
         [Old:                718( 99.4%)   4407.5K( 99.9%)]
   [Table]
      [Memory Usage: 631.5K]
      [Size: 16384, Min: 1024, Max: 16777216]
      [Entries: 21482, Load: 131.1%, Cached: 0, Added: 21939, Removed: 457]
      [Resize Count: 4, Shrink Threshold: 10922(66.7%), Grow Threshold: 32768(200.0%)]
      [Rehash Count: 1, Rehash Threshold: 120, Hash Seed: 0xc4e8cebb]
      [Age Threshold: 3]
   [Queue]
      [Dropped: 0]
2016-06-27T18:00:55.053+0300: 21.311: [GC pause (G1 Evacuation Pause) (mixed)
Desired survivor size 1572864 bytes, new threshold 1 (max 15)
- age   1:    2778160 bytes,    2778160 total
, 0.0058661 secs]
   [Parallel Time: 5.0 ms, GC Workers: 4]
      [GC Worker Start (ms): Min: 21310.7, Avg: 21310.7, Max: 21310.8, Diff: 0.0]
      [Ext Root Scanning (ms): Min: 0.4, Avg: 0.5, Max: 0.5, Diff: 0.1, Sum: 2.0]
      [Update RS (ms): Min: 0.0, Avg: 0.2, Max: 0.3, Diff: 0.3, Sum: 0.8]
         [Processed Buffers: Min: 0, Avg: 4.8, Max: 10, Diff: 10, Sum: 19]
      [Scan RS (ms): Min: 0.2, Avg: 0.2, Max: 0.3, Diff: 0.1, Sum: 0.8]
      [Code Root Scanning (ms): Min: 0.0, Avg: 0.0, Max: 0.0, Diff: 0.0, Sum: 0.0]
      [Object Copy (ms): Min: 3.9, Avg: 4.0, Max: 4.2, Diff: 0.3, Sum: 16.1]
      [Termination (ms): Min: 0.0, Avg: 0.0, Max: 0.0, Diff: 0.0, Sum: 0.1]
         [Termination Attempts: Min: 1, Avg: 1.0, Max: 1, Diff: 0, Sum: 4]
      [GC Worker Other (ms): Min: 0.0, Avg: 0.0, Max: 0.0, Diff: 0.0, Sum: 0.0]
      [GC Worker Total (ms): Min: 4.9, Avg: 5.0, Max: 5.0, Diff: 0.0, Sum: 19.9]
      [GC Worker End (ms): Min: 21315.7, Avg: 21315.7, Max: 21315.7, Diff: 0.0]
   [Code Root Fixup: 0.0 ms]
   [Code Root Purge: 0.0 ms]
   [String Dedup Fixup: 0.3 ms, GC Workers: 4]
      [Queue Fixup (ms): Min: 0.0, Avg: 0.0, Max: 0.0, Diff: 0.0, Sum: 0.0]
      [Table Fixup (ms): Min: 0.3, Avg: 0.3, Max: 0.3, Diff: 0.0, Sum: 1.0]
   [Clear CT: 0.1 ms]
   [Other: 0.5 ms]
      [Choose CSet: 0.0 ms]
      [Ref Proc: 0.1 ms]
      [Ref Enq: 0.0 ms]
      [Redirty Cards: 0.0 ms]
      [Humongous Register: 0.0 ms]
      [Humongous Reclaim: 0.0 ms]
      [Free CSet: 0.1 ms]
   [Eden: 20.0M(20.0M)->0.0B(21.0M) Survivors: 3072.0K->3072.0K Heap: 458.0M(471.0M)->436.0M(481.0M)]
 [Times: user=0.00 sys=0.00, real=0.01 secs] 
2016-06-27T18:00:55.059+0300: 21.317: Total time for which application threads were stopped: 0.0210154 seconds, Stopping threads took: 0.0145338 seconds
2016-06-27T18:00:55.062+0300: 21.319: [GC concurrent-string-deduplication, 3304.6K->3262.5K(42.1K), avg 1.1%, 0.0023594 secs]
   [Last Exec: 0.0023594 secs, Idle: 0.1807297 secs, Blocked: 0/0.0000000 secs]
      [Inspected:             168]
         [Skipped:              1(  0.6%)]
         [Hashed:             167( 99.4%)]
         [Known:                0(  0.0%)]
         [New:                167( 99.4%)   3304.6K]
      [Deduplicated:            4(  2.4%)     42.1K(  1.3%)]
         [Young:                0(  0.0%)      0.0B(  0.0%)]
         [Old:                  4(100.0%)     42.1K(100.0%)]
   [Total Exec: 116/0.2923343 secs, Idle: 116/20.7947999 secs, Blocked: 1/0.0038934 secs]
      [Inspected:           23054]
         [Skipped:            222(  1.0%)]
         [Hashed:           21854( 94.8%)]
         [Known:             1354(  5.9%)]
         [New:              21478( 93.2%)    399.2M]
      [Deduplicated:          726(  3.4%)   4453.6K(  1.1%)]
         [Young:                4(  0.6%)   4160.0B(  0.1%)]
         [Old:                722( 99.4%)   4449.6K( 99.9%)]
   [Table]
      [Memory Usage: 635.3K]
      [Size: 16384, Min: 1024, Max: 16777216]
      [Entries: 21645, Load: 132.1%, Cached: 0, Added: 22102, Removed: 457]
      [Resize Count: 4, Shrink Threshold: 10922(66.7%), Grow Threshold: 32768(200.0%)]
      [Rehash Count: 1, Rehash Threshold: 120, Hash Seed: 0xc4e8cebb]
      [Age Threshold: 3]
   [Queue]
      [Dropped: 0]
2016-06-27T18:00:55.229+0300: 21.486: [GC pause (G1 Evacuation Pause) (young)
Desired survivor size 1572864 bytes, new threshold 1 (max 15)
- age   1:    2753648 bytes,    2753648 total
, 0.0029132 secs]
   [Parallel Time: 2.2 ms, GC Workers: 4]
      [GC Worker Start (ms): Min: 21486.3, Avg: 21486.4, Max: 21486.4, Diff: 0.1]
      [Ext Root Scanning (ms): Min: 0.4, Avg: 0.5, Max: 0.5, Diff: 0.1, Sum: 1.9]
      [Update RS (ms): Min: 0.7, Avg: 0.8, Max: 1.0, Diff: 0.2, Sum: 3.3]
         [Processed Buffers: Min: 1, Avg: 5.5, Max: 9, Diff: 8, Sum: 22]
      [Scan RS (ms): Min: 0.0, Avg: 0.0, Max: 0.0, Diff: 0.0, Sum: 0.0]
      [Code Root Scanning (ms): Min: 0.0, Avg: 0.0, Max: 0.0, Diff: 0.0, Sum: 0.0]
      [Object Copy (ms): Min: 0.7, Avg: 0.9, Max: 0.9, Diff: 0.2, Sum: 3.5]
      [Termination (ms): Min: 0.0, Avg: 0.0, Max: 0.0, Diff: 0.0, Sum: 0.0]
         [Termination Attempts: Min: 1, Avg: 1.0, Max: 1, Diff: 0, Sum: 4]
      [GC Worker Other (ms): Min: 0.0, Avg: 0.0, Max: 0.0, Diff: 0.0, Sum: 0.0]
      [GC Worker Total (ms): Min: 2.2, Avg: 2.2, Max: 2.2, Diff: 0.1, Sum: 8.8]
      [GC Worker End (ms): Min: 21488.6, Avg: 21488.6, Max: 21488.6, Diff: 0.0]
   [Code Root Fixup: 0.0 ms]
   [Code Root Purge: 0.0 ms]
   [String Dedup Fixup: 0.2 ms, GC Workers: 4]
      [Queue Fixup (ms): Min: 0.0, Avg: 0.0, Max: 0.0, Diff: 0.0, Sum: 0.0]
      [Table Fixup (ms): Min: 0.2, Avg: 0.2, Max: 0.2, Diff: 0.0, Sum: 0.9]
   [Clear CT: 0.0 ms]
   [Other: 0.4 ms]
      [Choose CSet: 0.0 ms]
      [Ref Proc: 0.0 ms]
      [Ref Enq: 0.0 ms]
      [Redirty Cards: 0.0 ms]
      [Humongous Register: 0.0 ms]
      [Humongous Reclaim: 0.0 ms]
      [Free CSet: 0.0 ms]
   [Eden: 21.0M(21.0M)->0.0B(21.0M) Survivors: 3072.0K->3072.0K Heap: 457.0M(481.0M)->440.0M(481.0M)]
 [Times: user=0.00 sys=0.00, real=0.00 secs] 
2016-06-27T18:00:55.232+0300: 21.489: Total time for which application threads were stopped: 0.0058204 seconds, Stopping threads took: 0.0023406 seconds
2016-06-27T18:00:55.234+0300: 21.492: [GC concurrent-string-deduplication, 3043.4K->2982.3K(61.1K), avg 1.1%, 0.0021733 secs]
   [Last Exec: 0.0021733 secs, Idle: 0.1701957 secs, Blocked: 0/0.0000000 secs]
      [Inspected:             155]
         [Skipped:              2(  1.3%)]
         [Hashed:             153( 98.7%)]
         [Known:                0(  0.0%)]
         [New:                153( 98.7%)   3043.4K]
      [Deduplicated:            4(  2.6%)     61.1K(  2.0%)]
         [Young:                0(  0.0%)      0.0B(  0.0%)]
         [Old:                  4(100.0%)     61.1K(100.0%)]
   [Total Exec: 117/0.2945076 secs, Idle: 117/20.9649956 secs, Blocked: 1/0.0038934 secs]
      [Inspected:           23209]
         [Skipped:            224(  1.0%)]
         [Hashed:           22007( 94.8%)]
         [Known:             1354(  5.8%)]
         [New:              21631( 93.2%)    402.1M]
      [Deduplicated:          730(  3.4%)   4514.7K(  1.1%)]
         [Young:                4(  0.5%)   4160.0B(  0.1%)]
         [Old:                726( 99.5%)   4510.6K( 99.9%)]
   [Table]
      [Memory Usage: 638.8K]
      [Size: 16384, Min: 1024, Max: 16777216]
      [Entries: 21794, Load: 133.0%, Cached: 0, Added: 22251, Removed: 457]
      [Resize Count: 4, Shrink Threshold: 10922(66.7%), Grow Threshold: 32768(200.0%)]
      [Rehash Count: 1, Rehash Threshold: 120, Hash Seed: 0xc4e8cebb]
      [Age Threshold: 3]
   [Queue]
      [Dropped: 0]
2016-06-27T18:00:55.407+0300: 21.664: [GC pause (G1 Evacuation Pause) (young) (initial-mark)
Desired survivor size 1572864 bytes, new threshold 1 (max 15)
- age   1:    3031536 bytes,    3031536 total
, 0.0026929 secs]
   [Parallel Time: 1.9 ms, GC Workers: 4]
      [GC Worker Start (ms): Min: 21664.3, Avg: 21664.3, Max: 21664.3, Diff: 0.0]
      [Ext Root Scanning (ms): Min: 0.4, Avg: 0.4, Max: 0.6, Diff: 0.2, Sum: 1.7]
      [Update RS (ms): Min: 0.2, Avg: 0.4, Max: 0.4, Diff: 0.2, Sum: 1.4]
         [Processed Buffers: Min: 1, Avg: 5.8, Max: 8, Diff: 7, Sum: 23]
      [Scan RS (ms): Min: 0.0, Avg: 0.0, Max: 0.0, Diff: 0.0, Sum: 0.0]
      [Code Root Scanning (ms): Min: 0.0, Avg: 0.0, Max: 0.0, Diff: 0.0, Sum: 0.0]
      [Object Copy (ms): Min: 1.0, Avg: 1.0, Max: 1.0, Diff: 0.0, Sum: 4.1]
      [Termination (ms): Min: 0.0, Avg: 0.0, Max: 0.0, Diff: 0.0, Sum: 0.0]
         [Termination Attempts: Min: 1, Avg: 1.0, Max: 1, Diff: 0, Sum: 4]
      [GC Worker Other (ms): Min: 0.0, Avg: 0.0, Max: 0.0, Diff: 0.0, Sum: 0.1]
      [GC Worker Total (ms): Min: 1.8, Avg: 1.8, Max: 1.8, Diff: 0.0, Sum: 7.3]
      [GC Worker End (ms): Min: 21666.1, Avg: 21666.1, Max: 21666.1, Diff: 0.0]
   [Code Root Fixup: 0.0 ms]
   [Code Root Purge: 0.0 ms]
   [String Dedup Fixup: 0.3 ms, GC Workers: 4]
      [Queue Fixup (ms): Min: 0.0, Avg: 0.0, Max: 0.0, Diff: 0.0, Sum: 0.0]
      [Table Fixup (ms): Min: 0.2, Avg: 0.2, Max: 0.2, Diff: 0.0, Sum: 0.9]
   [Clear CT: 0.0 ms]
   [Other: 0.5 ms]
      [Choose CSet: 0.0 ms]
      [Ref Proc: 0.1 ms]
      [Ref Enq: 0.0 ms]
      [Redirty Cards: 0.1 ms]
      [Humongous Register: 0.0 ms]
      [Humongous Reclaim: 0.0 ms]
      [Free CSet: 0.0 ms]
   [Eden: 21.0M(21.0M)->0.0B(21.0M) Survivors: 3072.0K->3072.0K Heap: 461.0M(481.0M)->444.5M(481.0M)]
 [Times: user=0.00 sys=0.00, real=0.00 secs] 
2016-06-27T18:00:55.410+0300: 21.667: [GC concurrent-root-region-scan-start]
2016-06-27T18:00:55.410+0300: 21.667: Total time for which application threads were stopped: 0.0047273 seconds, Stopping threads took: 0.0014459 seconds
2016-06-27T18:00:55.410+0300: 21.667: [GC concurrent-root-region-scan-end, 0.0003738 secs]
2016-06-27T18:00:55.410+0300: 21.667: [GC concurrent-mark-start]
2016-06-27T18:00:55.412+0300: 21.669: [GC concurrent-string-deduplication, 3263.6K->3242.5K(21.0K), avg 1.1%, 0.0023632 secs]
   [Last Exec: 0.0023632 secs, Idle: 0.1754302 secs, Blocked: 0/0.0000000 secs]
      [Inspected:             164]
         [Skipped:              0(  0.0%)]
         [Hashed:             164(100.0%)]
         [Known:                0(  0.0%)]
         [New:                164(100.0%)   3263.6K]
      [Deduplicated:            2(  1.2%)     21.0K(  0.6%)]
         [Young:                0(  0.0%)      0.0B(  0.0%)]
         [Old:                  2(100.0%)     21.0K(100.0%)]
   [Total Exec: 118/0.2968708 secs, Idle: 118/21.1404259 secs, Blocked: 1/0.0038934 secs]
      [Inspected:           23373]
         [Skipped:            224(  1.0%)]
         [Hashed:           22171( 94.9%)]
         [Known:             1354(  5.8%)]
         [New:              21795( 93.2%)    405.3M]
      [Deduplicated:          732(  3.4%)   4535.7K(  1.1%)]
         [Young:                4(  0.5%)   4160.0B(  0.1%)]
         [Old:                728( 99.5%)   4531.7K( 99.9%)]
   [Table]
      [Memory Usage: 642.6K]
      [Size: 16384, Min: 1024, Max: 16777216]
      [Entries: 21956, Load: 134.0%, Cached: 0, Added: 22413, Removed: 457]
      [Resize Count: 4, Shrink Threshold: 10922(66.7%), Grow Threshold: 32768(200.0%)]
      [Rehash Count: 1, Rehash Threshold: 120, Hash Seed: 0xc4e8cebb]
      [Age Threshold: 3]
   [Queue]
      [Dropped: 0]
2016-06-27T18:00:55.433+0300: 21.690: [GC concurrent-mark-end, 0.0219797 secs]
2016-06-27T18:00:55.467+0300: 21.724: [GC remark 2016-06-27T18:00:55.467+0300: 21.724: [Finalize Marking, 0.0001505 secs] 2016-06-27T18:00:55.467+0300: 21.724: [GC ref-proc, 0.0000616 secs] 2016-06-27T18:00:55.467+0300: 21.724: [Unloading, 0.0014177 secs], 0.0038904 secs]
 [Times: user=0.00 sys=0.00, real=0.00 secs] 
2016-06-27T18:00:55.471+0300: 21.728: Total time for which application threads were stopped: 0.0074185 seconds, Stopping threads took: 0.0030924 seconds
2016-06-27T18:00:55.472+0300: 21.729: [GC cleanup 452M->452M(481M), 0.0005038 secs]
 [Times: user=0.00 sys=0.00, real=0.00 secs] 
2016-06-27T18:00:55.472+0300: 21.729: Total time for which application threads were stopped: 0.0009656 seconds, Stopping threads took: 0.0000535 seconds
2016-06-27T18:00:55.501+0300: 21.758: [GC pause (G1 Evacuation Pause) (young)
Desired survivor size 1572864 bytes, new threshold 1 (max 15)
- age   1:    3071136 bytes,    3071136 total
, 0.0029482 secs]
   [Parallel Time: 2.1 ms, GC Workers: 4]
      [GC Worker Start (ms): Min: 21758.3, Avg: 21758.4, Max: 21758.4, Diff: 0.0]
      [Ext Root Scanning (ms): Min: 0.5, Avg: 0.6, Max: 0.7, Diff: 0.2, Sum: 2.2]
      [Update RS (ms): Min: 0.4, Avg: 0.5, Max: 0.5, Diff: 0.2, Sum: 1.8]
         [Processed Buffers: Min: 1, Avg: 4.5, Max: 9, Diff: 8, Sum: 18]
      [Scan RS (ms): Min: 0.0, Avg: 0.0, Max: 0.0, Diff: 0.0, Sum: 0.0]
      [Code Root Scanning (ms): Min: 0.0, Avg: 0.0, Max: 0.0, Diff: 0.0, Sum: 0.0]
      [Object Copy (ms): Min: 0.9, Avg: 1.1, Max: 1.2, Diff: 0.3, Sum: 4.3]
      [Termination (ms): Min: 0.0, Avg: 0.0, Max: 0.0, Diff: 0.0, Sum: 0.0]
         [Termination Attempts: Min: 1, Avg: 1.0, Max: 1, Diff: 0, Sum: 4]
      [GC Worker Other (ms): Min: 0.0, Avg: 0.0, Max: 0.0, Diff: 0.0, Sum: 0.0]
      [GC Worker Total (ms): Min: 2.1, Avg: 2.1, Max: 2.1, Diff: 0.0, Sum: 8.4]
      [GC Worker End (ms): Min: 21760.4, Avg: 21760.4, Max: 21760.5, Diff: 0.0]
   [Code Root Fixup: 0.0 ms]
   [Code Root Purge: 0.0 ms]
   [String Dedup Fixup: 0.3 ms, GC Workers: 4]
      [Queue Fixup (ms): Min: 0.0, Avg: 0.0, Max: 0.0, Diff: 0.0, Sum: 0.0]
      [Table Fixup (ms): Min: 0.3, Avg: 0.3, Max: 0.3, Diff: 0.0, Sum: 1.0]
   [Clear CT: 0.0 ms]
   [Other: 0.5 ms]
      [Choose CSet: 0.0 ms]
      [Ref Proc: 0.1 ms]
      [Ref Enq: 0.0 ms]
      [Redirty Cards: 0.1 ms]
      [Humongous Register: 0.0 ms]
      [Humongous Reclaim: 0.0 ms]
      [Free CSet: 0.0 ms]
   [Eden: 21.0M(21.0M)->0.0B(21.0M) Survivors: 3072.0K->3072.0K Heap: 465.5M(481.0M)->449.5M(481.0M)]
 [Times: user=0.00 sys=0.00, real=0.00 secs] 
2016-06-27T18:00:55.504+0300: 21.761: Total time for which application threads were stopped: 0.0036458 seconds, Stopping threads took: 0.0000761 seconds
2016-06-27T18:00:55.507+0300: 21.764: [GC concurrent-string-deduplication, 3845.5K->3823.2K(22.3K), avg 1.1%, 0.0027460 secs]
   [Last Exec: 0.0027460 secs, Idle: 0.0919068 secs, Blocked: 0/0.0000000 secs]
      [Inspected:             200]
         [Skipped:              0(  0.0%)]
         [Hashed:             200(100.0%)]
         [Known:                0(  0.0%)]
         [New:                200(100.0%)   3845.5K]
      [Deduplicated:            7(  3.5%)     22.3K(  0.6%)]
         [Young:                0(  0.0%)      0.0B(  0.0%)]
         [Old:                  7(100.0%)     22.3K(100.0%)]
   [Total Exec: 119/0.2996168 secs, Idle: 119/21.2323326 secs, Blocked: 1/0.0038934 secs]
      [Inspected:           23573]
         [Skipped:            224(  1.0%)]
         [Hashed:           22371( 94.9%)]
         [Known:             1354(  5.7%)]
         [New:              21995( 93.3%)    409.1M]
      [Deduplicated:          739(  3.4%)   4558.0K(  1.1%)]
         [Young:                4(  0.5%)   4160.0B(  0.1%)]
         [Old:                735( 99.5%)   4554.0K( 99.9%)]
   [Table]
      [Memory Usage: 651.4K]
      [Size: 16384, Min: 1024, Max: 16777216]
      [Entries: 22332, Load: 136.3%, Cached: 0, Added: 22789, Removed: 457]
      [Resize Count: 4, Shrink Threshold: 10922(66.7%), Grow Threshold: 32768(200.0%)]
      [Rehash Count: 1, Rehash Threshold: 120, Hash Seed: 0xc4e8cebb]
      [Age Threshold: 3]
   [Queue]
      [Dropped: 0]
2016-06-27T18:00:55.530+0300: 21.787: Total time for which application threads were stopped: 0.0029410 seconds, Stopping threads took: 0.0000813 seconds
2016-06-27T18:00:55.532+0300: 21.789: Total time for which application threads were stopped: 0.0006513 seconds, Stopping threads took: 0.0000607 seconds
2016-06-27T18:00:55.611+0300: 21.868: [GC pause (G1 Evacuation Pause) (mixed)
Desired survivor size 1572864 bytes, new threshold 1 (max 15)
- age   1:    2429592 bytes,    2429592 total
, 0.0036607 secs]
   [Parallel Time: 2.8 ms, GC Workers: 4]
      [GC Worker Start (ms): Min: 21868.2, Avg: 21868.2, Max: 21868.3, Diff: 0.0]
      [Ext Root Scanning (ms): Min: 0.5, Avg: 0.6, Max: 0.8, Diff: 0.2, Sum: 2.5]
      [Update RS (ms): Min: 0.4, Avg: 0.5, Max: 0.6, Diff: 0.1, Sum: 2.1]
         [Processed Buffers: Min: 1, Avg: 5.8, Max: 12, Diff: 11, Sum: 23]
      [Scan RS (ms): Min: 0.0, Avg: 0.0, Max: 0.1, Diff: 0.1, Sum: 0.2]
      [Code Root Scanning (ms): Min: 0.0, Avg: 0.0, Max: 0.0, Diff: 0.0, Sum: 0.0]
      [Object Copy (ms): Min: 1.6, Avg: 1.6, Max: 1.6, Diff: 0.1, Sum: 6.4]
      [Termination (ms): Min: 0.0, Avg: 0.0, Max: 0.0, Diff: 0.0, Sum: 0.0]
         [Termination Attempts: Min: 1, Avg: 1.0, Max: 1, Diff: 0, Sum: 4]
      [GC Worker Other (ms): Min: 0.0, Avg: 0.0, Max: 0.0, Diff: 0.0, Sum: 0.0]
      [GC Worker Total (ms): Min: 2.8, Avg: 2.8, Max: 2.8, Diff: 0.0, Sum: 11.2]
      [GC Worker End (ms): Min: 21871.0, Avg: 21871.0, Max: 21871.0, Diff: 0.0]
   [Code Root Fixup: 0.0 ms]
   [Code Root Purge: 0.0 ms]
   [String Dedup Fixup: 0.3 ms, GC Workers: 4]
      [Queue Fixup (ms): Min: 0.0, Avg: 0.0, Max: 0.0, Diff: 0.0, Sum: 0.0]
      [Table Fixup (ms): Min: 0.2, Avg: 0.3, Max: 0.3, Diff: 0.0, Sum: 1.0]
   [Clear CT: 0.1 ms]
   [Other: 0.4 ms]
      [Choose CSet: 0.0 ms]
      [Ref Proc: 0.1 ms]
      [Ref Enq: 0.0 ms]
      [Redirty Cards: 0.1 ms]
      [Humongous Register: 0.0 ms]
      [Humongous Reclaim: 0.0 ms]
      [Free CSet: 0.0 ms]
   [Eden: 21.0M(21.0M)->0.0B(21.0M) Survivors: 3072.0K->3072.0K Heap: 470.5M(481.0M)->450.0M(481.0M)]
 [Times: user=0.06 sys=0.00, real=0.00 secs] 
2016-06-27T18:00:55.615+0300: 21.872: Total time for which application threads were stopped: 0.0059555 seconds, Stopping threads took: 0.0017551 seconds
2016-06-27T18:00:55.616+0300: 21.874: Total time for which application threads were stopped: 0.0004140 seconds, Stopping threads took: 0.0001317 seconds
2016-06-27T18:00:55.617+0300: 21.875: [GC concurrent-string-deduplication, 2631.3K->2619.0K(12.3K), avg 1.1%, 0.0021105 secs]
   [Last Exec: 0.0021105 secs, Idle: 0.1077762 secs, Blocked: 1/0.0004311 secs]
      [Inspected:             797]
         [Skipped:              2(  0.3%)]
         [Hashed:             795( 99.7%)]
         [Known:              186( 23.3%)]
         [New:                609( 76.4%)   2631.3K]
      [Deduplicated:          233( 38.3%)     12.3K(  0.5%)]
         [Young:                0(  0.0%)      0.0B(  0.0%)]
         [Old:                233(100.0%)     12.3K(100.0%)]
   [Total Exec: 120/0.3017273 secs, Idle: 120/21.3401088 secs, Blocked: 2/0.0043244 secs]
      [Inspected:           24370]
         [Skipped:            226(  0.9%)]
         [Hashed:           23166( 95.1%)]
         [Known:             1540(  6.3%)]
         [New:              22604( 92.8%)    411.7M]
      [Deduplicated:          972(  4.3%)   4570.4K(  1.1%)]
         [Young:                4(  0.4%)   4160.0B(  0.1%)]
         [Old:                968( 99.6%)   4566.3K( 99.9%)]
   [Table]
      [Memory Usage: 662.8K]
      [Size: 16384, Min: 1024, Max: 16777216]
      [Entries: 22818, Load: 139.3%, Cached: 0, Added: 23275, Removed: 457]
      [Resize Count: 4, Shrink Threshold: 10922(66.7%), Grow Threshold: 32768(200.0%)]
      [Rehash Count: 1, Rehash Threshold: 120, Hash Seed: 0xc4e8cebb]
      [Age Threshold: 3]
   [Queue]
      [Dropped: 0]
2016-06-27T18:00:55.780+0300: 22.038: [GC pause (G1 Evacuation Pause) (young)
Desired survivor size 1572864 bytes, new threshold 1 (max 15)
- age   1:    2989248 bytes,    2989248 total
, 0.0030611 secs]
   [Parallel Time: 2.3 ms, GC Workers: 4]
      [GC Worker Start (ms): Min: 22037.7, Avg: 22037.7, Max: 22037.7, Diff: 0.0]
      [Ext Root Scanning (ms): Min: 0.4, Avg: 0.4, Max: 0.5, Diff: 0.1, Sum: 1.8]
      [Update RS (ms): Min: 0.7, Avg: 0.8, Max: 0.9, Diff: 0.2, Sum: 3.2]
         [Processed Buffers: Min: 2, Avg: 7.5, Max: 15, Diff: 13, Sum: 30]
      [Scan RS (ms): Min: 0.0, Avg: 0.0, Max: 0.0, Diff: 0.0, Sum: 0.0]
      [Code Root Scanning (ms): Min: 0.0, Avg: 0.0, Max: 0.0, Diff: 0.0, Sum: 0.0]
      [Object Copy (ms): Min: 0.8, Avg: 1.0, Max: 1.0, Diff: 0.2, Sum: 3.9]
      [Termination (ms): Min: 0.0, Avg: 0.0, Max: 0.0, Diff: 0.0, Sum: 0.0]
         [Termination Attempts: Min: 1, Avg: 1.0, Max: 1, Diff: 0, Sum: 4]
      [GC Worker Other (ms): Min: 0.0, Avg: 0.0, Max: 0.0, Diff: 0.0, Sum: 0.0]
      [GC Worker Total (ms): Min: 2.2, Avg: 2.2, Max: 2.3, Diff: 0.0, Sum: 9.0]
      [GC Worker End (ms): Min: 22040.0, Avg: 22040.0, Max: 22040.0, Diff: 0.0]
   [Code Root Fixup: 0.0 ms]
   [Code Root Purge: 0.0 ms]
   [String Dedup Fixup: 0.3 ms, GC Workers: 4]
      [Queue Fixup (ms): Min: 0.0, Avg: 0.0, Max: 0.0, Diff: 0.0, Sum: 0.0]
      [Table Fixup (ms): Min: 0.2, Avg: 0.2, Max: 0.2, Diff: 0.0, Sum: 1.0]
   [Clear CT: 0.0 ms]
   [Other: 0.5 ms]
      [Choose CSet: 0.0 ms]
      [Ref Proc: 0.1 ms]
      [Ref Enq: 0.0 ms]
      [Redirty Cards: 0.1 ms]
      [Humongous Register: 0.0 ms]
      [Humongous Reclaim: 0.0 ms]
      [Free CSet: 0.0 ms]
   [Eden: 21.0M(21.0M)->0.0B(21.0M) Survivors: 3072.0K->3072.0K Heap: 471.0M(481.0M)->454.5M(481.0M)]
 [Times: user=0.00 sys=0.00, real=0.00 secs] 
2016-06-27T18:00:55.784+0300: 22.041: Total time for which application threads were stopped: 0.0053149 seconds, Stopping threads took: 0.0016999 seconds
2016-06-27T18:00:55.786+0300: 22.044: [GC concurrent-string-deduplication, 3545.1K->3493.1K(52.0K), avg 1.1%, 0.0027280 secs]
   [Last Exec: 0.0027280 secs, Idle: 0.1662340 secs, Blocked: 0/0.0000000 secs]
      [Inspected:             524]
         [Skipped:              4(  0.8%)]
         [Hashed:             520( 99.2%)]
         [Known:              110( 21.0%)]
         [New:                410( 78.2%)   3545.1K]
      [Deduplicated:           98( 23.9%)     52.0K(  1.5%)]
         [Young:                0(  0.0%)      0.0B(  0.0%)]
         [Old:                 98(100.0%)     52.0K(100.0%)]
   [Total Exec: 121/0.3044553 secs, Idle: 121/21.5063428 secs, Blocked: 2/0.0043244 secs]
      [Inspected:           24894]
         [Skipped:            230(  0.9%)]
         [Hashed:           23686( 95.1%)]
         [Known:             1650(  6.6%)]
         [New:              23014( 92.4%)    415.1M]
      [Deduplicated:         1070(  4.6%)   4622.4K(  1.1%)]
         [Young:                4(  0.4%)   4160.0B(  0.1%)]
         [Old:               1066( 99.6%)   4618.3K( 99.9%)]
   [Table]
      [Memory Usage: 670.1K]
      [Size: 16384, Min: 1024, Max: 16777216]
      [Entries: 23130, Load: 141.2%, Cached: 0, Added: 23587, Removed: 457]
      [Resize Count: 4, Shrink Threshold: 10922(66.7%), Grow Threshold: 32768(200.0%)]
      [Rehash Count: 1, Rehash Threshold: 120, Hash Seed: 0xc4e8cebb]
      [Age Threshold: 3]
   [Queue]
      [Dropped: 0]
2016-06-27T18:00:55.949+0300: 22.206: [GC pause (G1 Evacuation Pause) (young) (initial-mark)
Desired survivor size 1572864 bytes, new threshold 1 (max 15)
- age   1:    2814240 bytes,    2814240 total
, 0.0030637 secs]
   [Parallel Time: 2.3 ms, GC Workers: 4]
      [GC Worker Start (ms): Min: 22206.5, Avg: 22206.5, Max: 22206.5, Diff: 0.0]
      [Ext Root Scanning (ms): Min: 0.4, Avg: 0.5, Max: 0.5, Diff: 0.1, Sum: 1.8]
      [Update RS (ms): Min: 0.7, Avg: 0.8, Max: 0.9, Diff: 0.2, Sum: 3.0]
         [Processed Buffers: Min: 1, Avg: 5.3, Max: 10, Diff: 9, Sum: 21]
      [Scan RS (ms): Min: 0.0, Avg: 0.0, Max: 0.0, Diff: 0.0, Sum: 0.0]
      [Code Root Scanning (ms): Min: 0.0, Avg: 0.0, Max: 0.0, Diff: 0.0, Sum: 0.0]
      [Object Copy (ms): Min: 1.0, Avg: 1.1, Max: 1.1, Diff: 0.2, Sum: 4.3]
      [Termination (ms): Min: 0.0, Avg: 0.0, Max: 0.0, Diff: 0.0, Sum: 0.0]
         [Termination Attempts: Min: 1, Avg: 1.0, Max: 1, Diff: 0, Sum: 4]
      [GC Worker Other (ms): Min: 0.0, Avg: 0.0, Max: 0.0, Diff: 0.0, Sum: 0.0]
      [GC Worker Total (ms): Min: 2.3, Avg: 2.3, Max: 2.3, Diff: 0.0, Sum: 9.2]
      [GC Worker End (ms): Min: 22208.8, Avg: 22208.8, Max: 22208.8, Diff: 0.0]
   [Code Root Fixup: 0.0 ms]
   [Code Root Purge: 0.0 ms]
   [String Dedup Fixup: 0.3 ms, GC Workers: 4]
      [Queue Fixup (ms): Min: 0.0, Avg: 0.0, Max: 0.0, Diff: 0.0, Sum: 0.0]
      [Table Fixup (ms): Min: 0.2, Avg: 0.2, Max: 0.3, Diff: 0.0, Sum: 1.0]
   [Clear CT: 0.0 ms]
   [Other: 0.4 ms]
      [Choose CSet: 0.0 ms]
      [Ref Proc: 0.0 ms]
      [Ref Enq: 0.0 ms]
      [Redirty Cards: 0.0 ms]
      [Humongous Register: 0.0 ms]
      [Humongous Reclaim: 0.0 ms]
      [Free CSet: 0.0 ms]
   [Eden: 21.0M(21.0M)->0.0B(21.0M) Survivors: 3072.0K->3072.0K Heap: 475.5M(481.0M)->459.0M(483.0M)]
 [Times: user=0.00 sys=0.00, real=0.00 secs] 
2016-06-27T18:00:55.952+0300: 22.210: [GC concurrent-root-region-scan-start]
2016-06-27T18:00:55.952+0300: 22.210: Total time for which application threads were stopped: 0.0077675 seconds, Stopping threads took: 0.0041192 seconds
2016-06-27T18:00:55.953+0300: 22.210: [GC concurrent-root-region-scan-end, 0.0004785 secs]
2016-06-27T18:00:55.953+0300: 22.210: [GC concurrent-mark-start]
2016-06-27T18:00:55.955+0300: 22.212: [GC concurrent-string-deduplication, 3222.5K->3182.5K(40.0K), avg 1.1%, 0.0023119 secs]
   [Last Exec: 0.0023119 secs, Idle: 0.1659778 secs, Blocked: 0/0.0000000 secs]
      [Inspected:             163]
         [Skipped:              2(  1.2%)]
         [Hashed:             161( 98.8%)]
         [Known:                0(  0.0%)]
         [New:                161( 98.8%)   3222.5K]
      [Deduplicated:            2(  1.2%)     40.0K(  1.2%)]
         [Young:                0(  0.0%)      0.0B(  0.0%)]
         [Old:                  2(100.0%)     40.0K(100.0%)]
   [Total Exec: 122/0.3067672 secs, Idle: 122/21.6723205 secs, Blocked: 2/0.0043244 secs]
      [Inspected:           25057]
         [Skipped:            232(  0.9%)]
         [Hashed:           23847( 95.2%)]
         [Known:             1650(  6.6%)]
         [New:              23175( 92.5%)    418.3M]
      [Deduplicated:         1072(  4.6%)   4662.4K(  1.1%)]
         [Young:                4(  0.4%)   4160.0B(  0.1%)]
         [Old:               1068( 99.6%)   4658.3K( 99.9%)]
   [Table]
      [Memory Usage: 673.8K]
      [Size: 16384, Min: 1024, Max: 16777216]
      [Entries: 23289, Load: 142.1%, Cached: 0, Added: 23746, Removed: 457]
      [Resize Count: 4, Shrink Threshold: 10922(66.7%), Grow Threshold: 32768(200.0%)]
      [Rehash Count: 1, Rehash Threshold: 120, Hash Seed: 0xc4e8cebb]
      [Age Threshold: 3]
   [Queue]
      [Dropped: 0]
2016-06-27T18:00:55.979+0300: 22.237: [GC concurrent-mark-end, 0.0264004 secs]
2016-06-27T18:00:56.009+0300: 22.267: [GC remark 2016-06-27T18:00:56.009+0300: 22.267: [Finalize Marking, 0.0001788 secs] 2016-06-27T18:00:56.010+0300: 22.267: [GC ref-proc, 0.0000641 secs] 2016-06-27T18:00:56.010+0300: 22.267: [Unloading, 0.0015887 secs], 0.0039160 secs]
 [Times: user=0.00 sys=0.00, real=0.00 secs] 
2016-06-27T18:00:56.013+0300: 22.271: Total time for which application threads were stopped: 0.0113491 seconds, Stopping threads took: 0.0070640 seconds
2016-06-27T18:00:56.117+0300: 22.374: [GC pause (G1 Evacuation Pause) (young)
Desired survivor size 1572864 bytes, new threshold 1 (max 15)
- age   1:    2930384 bytes,    2930384 total
, 0.0026775 secs]
   [Parallel Time: 2.0 ms, GC Workers: 4]
      [GC Worker Start (ms): Min: 22373.9, Avg: 22373.9, Max: 22373.9, Diff: 0.0]
      [Ext Root Scanning (ms): Min: 0.4, Avg: 0.5, Max: 0.5, Diff: 0.0, Sum: 1.8]
      [Update RS (ms): Min: 0.2, Avg: 0.3, Max: 0.5, Diff: 0.2, Sum: 1.3]
         [Processed Buffers: Min: 1, Avg: 4.3, Max: 9, Diff: 8, Sum: 17]
      [Scan RS (ms): Min: 0.0, Avg: 0.0, Max: 0.0, Diff: 0.0, Sum: 0.0]
      [Code Root Scanning (ms): Min: 0.0, Avg: 0.0, Max: 0.0, Diff: 0.0, Sum: 0.0]
      [Object Copy (ms): Min: 1.1, Avg: 1.2, Max: 1.3, Diff: 0.2, Sum: 4.7]
      [Termination (ms): Min: 0.0, Avg: 0.0, Max: 0.0, Diff: 0.0, Sum: 0.0]
         [Termination Attempts: Min: 1, Avg: 1.0, Max: 1, Diff: 0, Sum: 4]
      [GC Worker Other (ms): Min: 0.0, Avg: 0.0, Max: 0.0, Diff: 0.0, Sum: 0.0]
      [GC Worker Total (ms): Min: 2.0, Avg: 2.0, Max: 2.0, Diff: 0.0, Sum: 7.9]
      [GC Worker End (ms): Min: 22375.9, Avg: 22375.9, Max: 22375.9, Diff: 0.0]
   [Code Root Fixup: 0.0 ms]
   [Code Root Purge: 0.0 ms]
   [String Dedup Fixup: 0.3 ms, GC Workers: 4]
      [Queue Fixup (ms): Min: 0.0, Avg: 0.0, Max: 0.0, Diff: 0.0, Sum: 0.0]
      [Table Fixup (ms): Min: 0.2, Avg: 0.2, Max: 0.3, Diff: 0.0, Sum: 1.0]
   [Clear CT: 0.0 ms]
   [Other: 0.4 ms]
      [Choose CSet: 0.0 ms]
      [Ref Proc: 0.0 ms]
      [Ref Enq: 0.0 ms]
      [Redirty Cards: 0.0 ms]
      [Humongous Register: 0.0 ms]
      [Humongous Reclaim: 0.0 ms]
      [Free CSet: 0.0 ms]
   [Eden: 21.0M(21.0M)->0.0B(21.0M) Survivors: 3072.0K->3072.0K Heap: 480.0M(483.0M)->464.0M(488.0M)]
 [Times: user=0.00 sys=0.00, real=0.00 secs] 
2016-06-27T18:00:56.120+0300: 22.377: Total time for which application threads were stopped: 0.0075776 seconds, Stopping threads took: 0.0043043 seconds
2016-06-27T18:00:56.122+0300: 22.379: [GC concurrent-string-deduplication, 3203.5K->3122.4K(81.1K), avg 1.1%, 0.0022734 secs]
   [Last Exec: 0.0022734 secs, Idle: 0.1646632 secs, Blocked: 0/0.0000000 secs]
      [Inspected:             164]
         [Skipped:              3(  1.8%)]
         [Hashed:             161( 98.2%)]
         [Known:                0(  0.0%)]
         [New:                161( 98.2%)   3203.5K]
      [Deduplicated:            5(  3.1%)     81.1K(  2.5%)]
         [Young:                0(  0.0%)      0.0B(  0.0%)]
         [Old:                  5(100.0%)     81.1K(100.0%)]
   [Total Exec: 123/0.3090406 secs, Idle: 123/21.8369837 secs, Blocked: 2/0.0043244 secs]
      [Inspected:           25221]
         [Skipped:            235(  0.9%)]
         [Hashed:           24008( 95.2%)]
         [Known:             1650(  6.5%)]
         [New:              23336( 92.5%)    421.4M]
      [Deduplicated:         1077(  4.6%)   4743.5K(  1.1%)]
         [Young:                4(  0.4%)   4160.0B(  0.1%)]
         [Old:               1073( 99.6%)   4739.4K( 99.9%)]
   [Table]
      [Memory Usage: 673.8K]
      [Size: 16384, Min: 1024, Max: 16777216]
      [Entries: 23273, Load: 142.0%, Cached: 16, Added: 23902, Removed: 629]
      [Resize Count: 4, Shrink Threshold: 10922(66.7%), Grow Threshold: 32768(200.0%)]
      [Rehash Count: 1, Rehash Threshold: 120, Hash Seed: 0xc4e8cebb]
      [Age Threshold: 3]
   [Queue]
      [Dropped: 0]
2016-06-27T18:00:56.295+0300: 22.553: [GC pause (G1 Evacuation Pause) (young)
Desired survivor size 1572864 bytes, new threshold 1 (max 15)
- age   1:    2997048 bytes,    2997048 total
, 0.0029376 secs]
   [Parallel Time: 2.1 ms, GC Workers: 4]
      [GC Worker Start (ms): Min: 22552.8, Avg: 22552.8, Max: 22552.8, Diff: 0.0]
      [Ext Root Scanning (ms): Min: 0.4, Avg: 0.5, Max: 0.5, Diff: 0.1, Sum: 1.8]
      [Update RS (ms): Min: 0.2, Avg: 0.4, Max: 0.6, Diff: 0.3, Sum: 1.6]
         [Processed Buffers: Min: 1, Avg: 5.0, Max: 12, Diff: 11, Sum: 20]
      [Scan RS (ms): Min: 0.0, Avg: 0.0, Max: 0.0, Diff: 0.0, Sum: 0.0]
      [Code Root Scanning (ms): Min: 0.0, Avg: 0.0, Max: 0.0, Diff: 0.0, Sum: 0.0]
      [Object Copy (ms): Min: 1.0, Avg: 1.2, Max: 1.4, Diff: 0.3, Sum: 4.8]
      [Termination (ms): Min: 0.0, Avg: 0.0, Max: 0.0, Diff: 0.0, Sum: 0.1]
         [Termination Attempts: Min: 1, Avg: 1.0, Max: 1, Diff: 0, Sum: 4]
      [GC Worker Other (ms): Min: 0.0, Avg: 0.0, Max: 0.0, Diff: 0.0, Sum: 0.0]
      [GC Worker Total (ms): Min: 2.1, Avg: 2.1, Max: 2.1, Diff: 0.0, Sum: 8.4]
      [GC Worker End (ms): Min: 22554.9, Avg: 22554.9, Max: 22554.9, Diff: 0.0]
   [Code Root Fixup: 0.0 ms]
   [Code Root Purge: 0.0 ms]
   [String Dedup Fixup: 0.3 ms, GC Workers: 4]
      [Queue Fixup (ms): Min: 0.0, Avg: 0.0, Max: 0.0, Diff: 0.0, Sum: 0.0]
      [Table Fixup (ms): Min: 0.2, Avg: 0.3, Max: 0.3, Diff: 0.1, Sum: 1.1]
   [Clear CT: 0.0 ms]
   [Other: 0.4 ms]
      [Choose CSet: 0.0 ms]
      [Ref Proc: 0.1 ms]
      [Ref Enq: 0.0 ms]
      [Redirty Cards: 0.0 ms]
      [Humongous Register: 0.0 ms]
      [Humongous Reclaim: 0.0 ms]
      [Free CSet: 0.0 ms]
   [Eden: 21.0M(21.0M)->0.0B(21.0M) Survivors: 3072.0K->3072.0K Heap: 485.0M(488.0M)->468.5M(493.0M)]
 [Times: user=0.00 sys=0.00, real=0.00 secs] 
2016-06-27T18:00:56.299+0300: 22.556: Total time for which application threads were stopped: 0.0094730 seconds, Stopping threads took: 0.0059076 seconds
2016-06-27T18:00:56.301+0300: 22.558: [GC concurrent-string-deduplication, 3284.6K->3222.5K(62.1K), avg 1.1%, 0.0023209 secs]
   [Last Exec: 0.0023209 secs, Idle: 0.1768261 secs, Blocked: 0/0.0000000 secs]
      [Inspected:             172]
         [Skipped:              6(  3.5%)]
         [Hashed:             166( 96.5%)]
         [Known:                0(  0.0%)]
         [New:                166( 96.5%)   3284.6K]
      [Deduplicated:            5(  3.0%)     62.1K(  1.9%)]
         [Young:                0(  0.0%)      0.0B(  0.0%)]
         [Old:                  5(100.0%)     62.1K(100.0%)]
   [Total Exec: 124/0.3113615 secs, Idle: 124/22.0138098 secs, Blocked: 2/0.0043244 secs]
      [Inspected:           25393]
         [Skipped:            241(  0.9%)]
         [Hashed:           24174( 95.2%)]
         [Known:             1650(  6.5%)]
         [New:              23502( 92.6%)    424.6M]
      [Deduplicated:         1082(  4.6%)   4805.6K(  1.1%)]
         [Young:                4(  0.4%)   4160.0B(  0.1%)]
         [Old:               1078( 99.6%)   4801.5K( 99.9%)]
   [Table]
      [Memory Usage: 677.2K]
      [Size: 16384, Min: 1024, Max: 16777216]
      [Entries: 23434, Load: 143.0%, Cached: 0, Added: 24063, Removed: 629]
      [Resize Count: 4, Shrink Threshold: 10922(66.7%), Grow Threshold: 32768(200.0%)]
      [Rehash Count: 1, Rehash Threshold: 120, Hash Seed: 0xc4e8cebb]
      [Age Threshold: 3]
   [Queue]
      [Dropped: 0]
2016-06-27T18:00:56.471+0300: 22.729: [GC pause (G1 Evacuation Pause) (young)
Desired survivor size 1572864 bytes, new threshold 1 (max 15)
- age   1:    3075896 bytes,    3075896 total
, 0.0026545 secs]
   [Parallel Time: 1.9 ms, GC Workers: 4]
      [GC Worker Start (ms): Min: 22728.9, Avg: 22728.9, Max: 22728.9, Diff: 0.0]
      [Ext Root Scanning (ms): Min: 0.4, Avg: 0.4, Max: 0.5, Diff: 0.1, Sum: 1.7]
      [Update RS (ms): Min: 0.1, Avg: 0.3, Max: 0.5, Diff: 0.4, Sum: 1.2]
         [Processed Buffers: Min: 1, Avg: 6.0, Max: 11, Diff: 10, Sum: 24]
      [Scan RS (ms): Min: 0.0, Avg: 0.0, Max: 0.0, Diff: 0.0, Sum: 0.0]
      [Code Root Scanning (ms): Min: 0.0, Avg: 0.0, Max: 0.0, Diff: 0.0, Sum: 0.0]
      [Object Copy (ms): Min: 0.9, Avg: 1.1, Max: 1.3, Diff: 0.3, Sum: 4.5]
      [Termination (ms): Min: 0.0, Avg: 0.0, Max: 0.0, Diff: 0.0, Sum: 0.1]
         [Termination Attempts: Min: 1, Avg: 1.0, Max: 1, Diff: 0, Sum: 4]
      [GC Worker Other (ms): Min: 0.0, Avg: 0.0, Max: 0.0, Diff: 0.0, Sum: 0.0]
      [GC Worker Total (ms): Min: 1.9, Avg: 1.9, Max: 1.9, Diff: 0.0, Sum: 7.6]
      [GC Worker End (ms): Min: 22730.8, Avg: 22730.8, Max: 22730.8, Diff: 0.0]
   [Code Root Fixup: 0.0 ms]
   [Code Root Purge: 0.0 ms]
   [String Dedup Fixup: 0.3 ms, GC Workers: 4]
      [Queue Fixup (ms): Min: 0.0, Avg: 0.0, Max: 0.0, Diff: 0.0, Sum: 0.0]
      [Table Fixup (ms): Min: 0.2, Avg: 0.3, Max: 0.3, Diff: 0.0, Sum: 1.0]
   [Clear CT: 0.0 ms]
   [Other: 0.4 ms]
      [Choose CSet: 0.0 ms]
      [Ref Proc: 0.0 ms]
      [Ref Enq: 0.0 ms]
      [Redirty Cards: 0.0 ms]
      [Humongous Register: 0.0 ms]
      [Humongous Reclaim: 0.0 ms]
      [Free CSet: 0.0 ms]
   [Eden: 21.0M(21.0M)->0.0B(21.0M) Survivors: 3072.0K->3072.0K Heap: 489.5M(493.0M)->473.5M(498.0M)]
 [Times: user=0.02 sys=0.05, real=0.00 secs] 
2016-06-27T18:00:56.474+0300: 22.732: Total time for which application threads were stopped: 0.0050630 seconds, Stopping threads took: 0.0017944 seconds
2016-06-27T18:00:56.477+0300: 22.734: [GC concurrent-string-deduplication, 3443.7K->3362.6K(81.1K), avg 1.1%, 0.0024475 secs]
   [Last Exec: 0.0024475 secs, Idle: 0.1733809 secs, Blocked: 0/0.0000000 secs]
      [Inspected:             176]
         [Skipped:              3(  1.7%)]
         [Hashed:             173( 98.3%)]
         [Known:                0(  0.0%)]
         [New:                173( 98.3%)   3443.7K]
      [Deduplicated:            5(  2.9%)     81.1K(  2.4%)]
         [Young:                0(  0.0%)      0.0B(  0.0%)]
         [Old:                  5(100.0%)     81.1K(100.0%)]
   [Total Exec: 125/0.3138089 secs, Idle: 125/22.1871907 secs, Blocked: 2/0.0043244 secs]
      [Inspected:           25569]
         [Skipped:            244(  1.0%)]
         [Hashed:           24347( 95.2%)]
         [Known:             1650(  6.5%)]
         [New:              23675( 92.6%)    428.0M]
      [Deduplicated:         1087(  4.6%)   4886.6K(  1.1%)]
         [Young:                4(  0.4%)   4160.0B(  0.1%)]
         [Old:               1083( 99.6%)   4882.6K( 99.9%)]
   [Table]
      [Memory Usage: 681.2K]
      [Size: 16384, Min: 1024, Max: 16777216]
      [Entries: 23602, Load: 144.1%, Cached: 0, Added: 24231, Removed: 629]
      [Resize Count: 4, Shrink Threshold: 10922(66.7%), Grow Threshold: 32768(200.0%)]
      [Rehash Count: 1, Rehash Threshold: 120, Hash Seed: 0xc4e8cebb]
      [Age Threshold: 3]
   [Queue]
      [Dropped: 0]
2016-06-27T18:00:56.655+0300: 22.912: [GC pause (G1 Evacuation Pause) (young)
Desired survivor size 1572864 bytes, new threshold 1 (max 15)
- age   1:    2967376 bytes,    2967376 total
, 0.0029033 secs]
   [Parallel Time: 2.2 ms, GC Workers: 4]
      [GC Worker Start (ms): Min: 22912.1, Avg: 22912.1, Max: 22912.2, Diff: 0.0]
      [Ext Root Scanning (ms): Min: 0.5, Avg: 0.5, Max: 0.6, Diff: 0.1, Sum: 2.0]
      [Update RS (ms): Min: 0.1, Avg: 0.3, Max: 0.4, Diff: 0.2, Sum: 1.2]
         [Processed Buffers: Min: 1, Avg: 5.5, Max: 11, Diff: 10, Sum: 22]
      [Scan RS (ms): Min: 0.0, Avg: 0.0, Max: 0.0, Diff: 0.0, Sum: 0.0]
      [Code Root Scanning (ms): Min: 0.0, Avg: 0.0, Max: 0.0, Diff: 0.0, Sum: 0.0]
      [Object Copy (ms): Min: 1.3, Avg: 1.3, Max: 1.4, Diff: 0.1, Sum: 5.2]
      [Termination (ms): Min: 0.0, Avg: 0.0, Max: 0.0, Diff: 0.0, Sum: 0.1]
         [Termination Attempts: Min: 1, Avg: 1.0, Max: 1, Diff: 0, Sum: 4]
      [GC Worker Other (ms): Min: 0.0, Avg: 0.0, Max: 0.0, Diff: 0.0, Sum: 0.0]
      [GC Worker Total (ms): Min: 2.1, Avg: 2.1, Max: 2.1, Diff: 0.0, Sum: 8.5]
      [GC Worker End (ms): Min: 22914.3, Avg: 22914.3, Max: 22914.3, Diff: 0.0]
   [Code Root Fixup: 0.0 ms]
   [Code Root Purge: 0.0 ms]
   [String Dedup Fixup: 0.3 ms, GC Workers: 4]
      [Queue Fixup (ms): Min: 0.0, Avg: 0.0, Max: 0.0, Diff: 0.0, Sum: 0.0]
      [Table Fixup (ms): Min: 0.2, Avg: 0.3, Max: 0.3, Diff: 0.0, Sum: 1.1]
   [Clear CT: 0.0 ms]
   [Other: 0.4 ms]
      [Choose CSet: 0.0 ms]
      [Ref Proc: 0.0 ms]
      [Ref Enq: 0.0 ms]
      [Redirty Cards: 0.0 ms]
      [Humongous Register: 0.0 ms]
      [Humongous Reclaim: 0.0 ms]
      [Free CSet: 0.0 ms]
   [Eden: 21.0M(21.0M)->0.0B(22.0M) Survivors: 3072.0K->3072.0K Heap: 494.5M(498.0M)->478.5M(503.0M)]
 [Times: user=0.00 sys=0.00, real=0.00 secs] 
2016-06-27T18:00:56.658+0300: 22.915: Total time for which application threads were stopped: 0.0045597 seconds, Stopping threads took: 0.0010542 seconds
2016-06-27T18:00:56.660+0300: 22.918: [GC concurrent-string-deduplication, 3505.8K->3362.6K(143.2K), avg 1.1%, 0.0025381 secs]
   [Last Exec: 0.0025381 secs, Idle: 0.1809034 secs, Blocked: 0/0.0000000 secs]
      [Inspected:             179]
         [Skipped:              1(  0.6%)]
         [Hashed:             178( 99.4%)]
         [Known:                0(  0.0%)]
         [New:                178( 99.4%)   3505.8K]
      [Deduplicated:           10(  5.6%)    143.2K(  4.1%)]
         [Young:                0(  0.0%)      0.0B(  0.0%)]
         [Old:                 10(100.0%)    143.2K(100.0%)]
   [Total Exec: 126/0.3163470 secs, Idle: 126/22.3680941 secs, Blocked: 2/0.0043244 secs]
      [Inspected:           25748]
         [Skipped:            245(  1.0%)]
         [Hashed:           24525( 95.3%)]
         [Known:             1650(  6.4%)]
         [New:              23853( 92.6%)    431.4M]
      [Deduplicated:         1097(  4.6%)   5029.8K(  1.1%)]
         [Young:                4(  0.4%)   4160.0B(  0.1%)]
         [Old:               1093( 99.6%)   5025.7K( 99.9%)]
   [Table]
      [Memory Usage: 685.1K]
      [Size: 16384, Min: 1024, Max: 16777216]
      [Entries: 23770, Load: 145.1%, Cached: 0, Added: 24399, Removed: 629]
      [Resize Count: 4, Shrink Threshold: 10922(66.7%), Grow Threshold: 32768(200.0%)]
      [Rehash Count: 1, Rehash Threshold: 120, Hash Seed: 0xc4e8cebb]
      [Age Threshold: 3]
   [Queue]
      [Dropped: 0]
2016-06-27T18:00:56.842+0300: 23.099: [GC pause (G1 Evacuation Pause) (young)
Desired survivor size 2097152 bytes, new threshold 1 (max 15)
- age   1:    2862048 bytes,    2862048 total
, 0.0030128 secs]
   [Parallel Time: 2.3 ms, GC Workers: 4]
      [GC Worker Start (ms): Min: 23099.4, Avg: 23099.4, Max: 23099.4, Diff: 0.0]
      [Ext Root Scanning (ms): Min: 0.5, Avg: 0.5, Max: 0.6, Diff: 0.2, Sum: 2.2]
      [Update RS (ms): Min: 0.3, Avg: 0.4, Max: 0.6, Diff: 0.2, Sum: 1.6]
         [Processed Buffers: Min: 1, Avg: 7.5, Max: 13, Diff: 12, Sum: 30]
      [Scan RS (ms): Min: 0.0, Avg: 0.0, Max: 0.0, Diff: 0.0, Sum: 0.0]
      [Code Root Scanning (ms): Min: 0.0, Avg: 0.0, Max: 0.0, Diff: 0.0, Sum: 0.0]
      [Object Copy (ms): Min: 1.1, Avg: 1.3, Max: 1.4, Diff: 0.3, Sum: 5.1]
      [Termination (ms): Min: 0.0, Avg: 0.0, Max: 0.0, Diff: 0.0, Sum: 0.0]
         [Termination Attempts: Min: 1, Avg: 1.0, Max: 1, Diff: 0, Sum: 4]
      [GC Worker Other (ms): Min: 0.0, Avg: 0.0, Max: 0.0, Diff: 0.0, Sum: 0.0]
      [GC Worker Total (ms): Min: 2.2, Avg: 2.2, Max: 2.2, Diff: 0.0, Sum: 9.0]
      [GC Worker End (ms): Min: 23101.6, Avg: 23101.6, Max: 23101.6, Diff: 0.0]
   [Code Root Fixup: 0.0 ms]
   [Code Root Purge: 0.0 ms]
   [String Dedup Fixup: 0.3 ms, GC Workers: 4]
      [Queue Fixup (ms): Min: 0.0, Avg: 0.0, Max: 0.0, Diff: 0.0, Sum: 0.0]
      [Table Fixup (ms): Min: 0.3, Avg: 0.3, Max: 0.3, Diff: 0.0, Sum: 1.1]
   [Clear CT: 0.0 ms]
   [Other: 0.4 ms]
      [Choose CSet: 0.0 ms]
      [Ref Proc: 0.0 ms]
      [Ref Enq: 0.0 ms]
      [Redirty Cards: 0.0 ms]
      [Humongous Register: 0.0 ms]
      [Humongous Reclaim: 0.0 ms]
      [Free CSet: 0.0 ms]
   [Eden: 22.0M(22.0M)->0.0B(21.0M) Survivors: 3072.0K->4096.0K Heap: 500.5M(503.0M)->483.0M(508.0M)]
 [Times: user=0.00 sys=0.00, real=0.00 secs] 
2016-06-27T18:00:56.845+0300: 23.103: Total time for which application threads were stopped: 0.0052520 seconds, Stopping threads took: 0.0015528 seconds
2016-06-27T18:00:56.847+0300: 23.104: [GC concurrent-string-deduplication, 2663.1K->2642.1K(21.0K), avg 1.1%, 0.0018800 secs]
   [Last Exec: 0.0018800 secs, Idle: 0.1847775 secs, Blocked: 0/0.0000000 secs]
      [Inspected:             135]
         [Skipped:              1(  0.7%)]
         [Hashed:             134( 99.3%)]
         [Known:                0(  0.0%)]
         [New:                134( 99.3%)   2663.1K]
      [Deduplicated:            2(  1.5%)     21.0K(  0.8%)]
         [Young:                0(  0.0%)      0.0B(  0.0%)]
         [Old:                  2(100.0%)     21.0K(100.0%)]
   [Total Exec: 127/0.3182270 secs, Idle: 127/22.5528715 secs, Blocked: 2/0.0043244 secs]
      [Inspected:           25883]
         [Skipped:            246(  1.0%)]
         [Hashed:           24659( 95.3%)]
         [Known:             1650(  6.4%)]
         [New:              23987( 92.7%)    434.0M]
      [Deduplicated:         1099(  4.6%)   5050.8K(  1.1%)]
         [Young:                4(  0.4%)   4160.0B(  0.1%)]
         [Old:               1095( 99.6%)   5046.8K( 99.9%)]
   [Table]
      [Memory Usage: 688.2K]
      [Size: 16384, Min: 1024, Max: 16777216]
      [Entries: 23902, Load: 145.9%, Cached: 0, Added: 24531, Removed: 629]
      [Resize Count: 4, Shrink Threshold: 10922(66.7%), Grow Threshold: 32768(200.0%)]
      [Rehash Count: 1, Rehash Threshold: 120, Hash Seed: 0xc4e8cebb]
      [Age Threshold: 3]
   [Queue]
      [Dropped: 0]
2016-06-27T18:00:57.027+0300: 23.284: [GC pause (G1 Evacuation Pause) (young)
Desired survivor size 2097152 bytes, new threshold 1 (max 15)
- age   1:    3799480 bytes,    3799480 total
, 0.0028294 secs]
   [Parallel Time: 2.1 ms, GC Workers: 4]
      [GC Worker Start (ms): Min: 23284.3, Avg: 23284.3, Max: 23284.3, Diff: 0.0]
      [Ext Root Scanning (ms): Min: 0.4, Avg: 0.5, Max: 0.5, Diff: 0.1, Sum: 1.8]
      [Update RS (ms): Min: 0.3, Avg: 0.4, Max: 0.4, Diff: 0.1, Sum: 1.6]
         [Processed Buffers: Min: 1, Avg: 4.0, Max: 8, Diff: 7, Sum: 16]
      [Scan RS (ms): Min: 0.0, Avg: 0.0, Max: 0.0, Diff: 0.0, Sum: 0.0]
      [Code Root Scanning (ms): Min: 0.0, Avg: 0.0, Max: 0.0, Diff: 0.0, Sum: 0.0]
      [Object Copy (ms): Min: 1.2, Avg: 1.2, Max: 1.3, Diff: 0.2, Sum: 4.9]
      [Termination (ms): Min: 0.0, Avg: 0.0, Max: 0.0, Diff: 0.0, Sum: 0.0]
         [Termination Attempts: Min: 1, Avg: 1.0, Max: 1, Diff: 0, Sum: 4]
      [GC Worker Other (ms): Min: 0.0, Avg: 0.0, Max: 0.0, Diff: 0.0, Sum: 0.0]
      [GC Worker Total (ms): Min: 2.1, Avg: 2.1, Max: 2.1, Diff: 0.0, Sum: 8.4]
      [GC Worker End (ms): Min: 23286.4, Avg: 23286.4, Max: 23286.4, Diff: 0.0]
   [Code Root Fixup: 0.0 ms]
   [Code Root Purge: 0.0 ms]
   [String Dedup Fixup: 0.3 ms, GC Workers: 4]
      [Queue Fixup (ms): Min: 0.0, Avg: 0.0, Max: 0.0, Diff: 0.0, Sum: 0.0]
      [Table Fixup (ms): Min: 0.2, Avg: 0.3, Max: 0.3, Diff: 0.0, Sum: 1.0]
   [Clear CT: 0.0 ms]
   [Other: 0.4 ms]
      [Choose CSet: 0.0 ms]
      [Ref Proc: 0.0 ms]
      [Ref Enq: 0.0 ms]
      [Redirty Cards: 0.0 ms]
      [Humongous Register: 0.0 ms]
      [Humongous Reclaim: 0.0 ms]
      [Free CSet: 0.0 ms]
   [Eden: 21.0M(21.0M)->0.0B(21.0M) Survivors: 4096.0K->4096.0K Heap: 504.0M(508.0M)->488.0M(513.0M)]
 [Times: user=0.00 sys=0.00, real=0.00 secs] 
2016-06-27T18:00:57.030+0300: 23.287: Total time for which application threads were stopped: 0.0051451 seconds, Stopping threads took: 0.0017230 seconds
2016-06-27T18:00:57.033+0300: 23.290: [GC concurrent-string-deduplication, 3702.9K->3642.8K(60.0K), avg 1.1%, 0.0025894 secs]
   [Last Exec: 0.0025894 secs, Idle: 0.1827063 secs, Blocked: 0/0.0000000 secs]
      [Inspected:             186]
         [Skipped:              1(  0.5%)]
         [Hashed:             185( 99.5%)]
         [Known:                0(  0.0%)]
         [New:                185( 99.5%)   3702.9K]
      [Deduplicated:            3(  1.6%)     60.0K(  1.6%)]
         [Young:                0(  0.0%)      0.0B(  0.0%)]
         [Old:                  3(100.0%)     60.0K(100.0%)]
   [Total Exec: 128/0.3208165 secs, Idle: 128/22.7355779 secs, Blocked: 2/0.0043244 secs]
      [Inspected:           26069]
         [Skipped:            247(  0.9%)]
         [Hashed:           24844( 95.3%)]
         [Known:             1650(  6.3%)]
         [New:              24172( 92.7%)    437.6M]
      [Deduplicated:         1102(  4.6%)   5110.9K(  1.1%)]
         [Young:                4(  0.4%)   4160.0B(  0.1%)]
         [Old:               1098( 99.6%)   5106.8K( 99.9%)]
   [Table]
      [Memory Usage: 692.5K]
      [Size: 16384, Min: 1024, Max: 16777216]
      [Entries: 24084, Load: 147.0%, Cached: 0, Added: 24713, Removed: 629]
      [Resize Count: 4, Shrink Threshold: 10922(66.7%), Grow Threshold: 32768(200.0%)]
      [Rehash Count: 1, Rehash Threshold: 120, Hash Seed: 0xc4e8cebb]
      [Age Threshold: 3]
   [Queue]
      [Dropped: 0]
2016-06-27T18:00:57.205+0300: 23.462: [GC pause (G1 Evacuation Pause) (young)
Desired survivor size 2097152 bytes, new threshold 1 (max 15)
- age   1:    3395328 bytes,    3395328 total
, 0.0028195 secs]
   [Parallel Time: 2.1 ms, GC Workers: 4]
      [GC Worker Start (ms): Min: 23462.4, Avg: 23462.4, Max: 23462.4, Diff: 0.0]
      [Ext Root Scanning (ms): Min: 0.4, Avg: 0.5, Max: 0.6, Diff: 0.1, Sum: 2.0]
      [Update RS (ms): Min: 0.3, Avg: 0.3, Max: 0.4, Diff: 0.1, Sum: 1.4]
         [Processed Buffers: Min: 1, Avg: 4.8, Max: 11, Diff: 10, Sum: 19]
      [Scan RS (ms): Min: 0.0, Avg: 0.0, Max: 0.0, Diff: 0.0, Sum: 0.0]
      [Code Root Scanning (ms): Min: 0.0, Avg: 0.0, Max: 0.0, Diff: 0.0, Sum: 0.0]
      [Object Copy (ms): Min: 1.0, Avg: 1.2, Max: 1.3, Diff: 0.2, Sum: 4.7]
      [Termination (ms): Min: 0.0, Avg: 0.0, Max: 0.0, Diff: 0.0, Sum: 0.1]
         [Termination Attempts: Min: 1, Avg: 1.0, Max: 1, Diff: 0, Sum: 4]
      [GC Worker Other (ms): Min: 0.0, Avg: 0.0, Max: 0.0, Diff: 0.0, Sum: 0.0]
      [GC Worker Total (ms): Min: 2.0, Avg: 2.0, Max: 2.0, Diff: 0.0, Sum: 8.1]
      [GC Worker End (ms): Min: 23464.4, Avg: 23464.4, Max: 23464.4, Diff: 0.0]
   [Code Root Fixup: 0.0 ms]
   [Code Root Purge: 0.0 ms]
   [String Dedup Fixup: 0.3 ms, GC Workers: 4]
      [Queue Fixup (ms): Min: 0.0, Avg: 0.0, Max: 0.0, Diff: 0.0, Sum: 0.0]
      [Table Fixup (ms): Min: 0.2, Avg: 0.3, Max: 0.3, Diff: 0.0, Sum: 1.0]
   [Clear CT: 0.0 ms]
   [Other: 0.4 ms]
      [Choose CSet: 0.0 ms]
      [Ref Proc: 0.0 ms]
      [Ref Enq: 0.0 ms]
      [Redirty Cards: 0.0 ms]
      [Humongous Register: 0.0 ms]
      [Humongous Reclaim: 0.0 ms]
      [Free CSet: 0.0 ms]
   [Eden: 21.0M(21.0M)->0.0B(21.0M) Survivors: 4096.0K->4096.0K Heap: 509.0M(513.0M)->492.5M(518.0M)]
 [Times: user=0.00 sys=0.00, real=0.00 secs] 
2016-06-27T18:00:57.208+0300: 23.465: Total time for which application threads were stopped: 0.0051357 seconds, Stopping threads took: 0.0017222 seconds
2016-06-27T18:00:57.210+0300: 23.467: [GC concurrent-string-deduplication, 2905.3K->2782.2K(123.1K), avg 1.2%, 0.0020403 secs]
   [Last Exec: 0.0020403 secs, Idle: 0.1754396 secs, Blocked: 0/0.0000000 secs]
      [Inspected:             150]
         [Skipped:              2(  1.3%)]
         [Hashed:             148( 98.7%)]
         [Known:                0(  0.0%)]
         [New:                148( 98.7%)   2905.3K]
      [Deduplicated:            9(  6.1%)    123.1K(  4.2%)]
         [Young:                0(  0.0%)      0.0B(  0.0%)]
         [Old:                  9(100.0%)    123.1K(100.0%)]
   [Total Exec: 129/0.3228568 secs, Idle: 129/22.9110175 secs, Blocked: 2/0.0043244 secs]
      [Inspected:           26219]
         [Skipped:            249(  0.9%)]
         [Hashed:           24992( 95.3%)]
         [Known:             1650(  6.3%)]
         [New:              24320( 92.8%)    440.4M]
      [Deduplicated:         1111(  4.6%)   5234.0K(  1.2%)]
         [Young:                4(  0.4%)   4160.0B(  0.1%)]
         [Old:               1107( 99.6%)   5230.0K( 99.9%)]
   [Table]
      [Memory Usage: 695.7K]
      [Size: 16384, Min: 1024, Max: 16777216]
      [Entries: 24223, Load: 147.8%, Cached: 0, Added: 24852, Removed: 629]
      [Resize Count: 4, Shrink Threshold: 10922(66.7%), Grow Threshold: 32768(200.0%)]
      [Rehash Count: 1, Rehash Threshold: 120, Hash Seed: 0xc4e8cebb]
      [Age Threshold: 3]
   [Queue]
      [Dropped: 0]
2016-06-27T18:00:57.390+0300: 23.647: [GC pause (G1 Evacuation Pause) (young)
Desired survivor size 2097152 bytes, new threshold 1 (max 15)
- age   1:    3835032 bytes,    3835032 total
, 0.0028264 secs]
   [Parallel Time: 2.1 ms, GC Workers: 4]
      [GC Worker Start (ms): Min: 23647.2, Avg: 23647.2, Max: 23647.2, Diff: 0.0]
      [Ext Root Scanning (ms): Min: 0.4, Avg: 0.4, Max: 0.5, Diff: 0.1, Sum: 1.8]
      [Update RS (ms): Min: 0.2, Avg: 0.4, Max: 0.8, Diff: 0.6, Sum: 1.6]
         [Processed Buffers: Min: 1, Avg: 4.8, Max: 15, Diff: 14, Sum: 19]
      [Scan RS (ms): Min: 0.0, Avg: 0.0, Max: 0.0, Diff: 0.0, Sum: 0.0]
      [Code Root Scanning (ms): Min: 0.0, Avg: 0.0, Max: 0.0, Diff: 0.0, Sum: 0.0]
      [Object Copy (ms): Min: 0.8, Avg: 1.2, Max: 1.4, Diff: 0.6, Sum: 4.7]
      [Termination (ms): Min: 0.0, Avg: 0.0, Max: 0.0, Diff: 0.0, Sum: 0.1]
         [Termination Attempts: Min: 1, Avg: 1.0, Max: 1, Diff: 0, Sum: 4]
      [GC Worker Other (ms): Min: 0.0, Avg: 0.0, Max: 0.0, Diff: 0.0, Sum: 0.0]
      [GC Worker Total (ms): Min: 2.1, Avg: 2.1, Max: 2.1, Diff: 0.0, Sum: 8.3]
      [GC Worker End (ms): Min: 23649.3, Avg: 23649.3, Max: 23649.3, Diff: 0.0]
   [Code Root Fixup: 0.0 ms]
   [Code Root Purge: 0.0 ms]
   [String Dedup Fixup: 0.3 ms, GC Workers: 4]
      [Queue Fixup (ms): Min: 0.0, Avg: 0.0, Max: 0.0, Diff: 0.0, Sum: 0.0]
      [Table Fixup (ms): Min: 0.3, Avg: 0.3, Max: 0.3, Diff: 0.0, Sum: 1.0]
   [Clear CT: 0.0 ms]
   [Other: 0.4 ms]
      [Choose CSet: 0.0 ms]
      [Ref Proc: 0.0 ms]
      [Ref Enq: 0.0 ms]
      [Redirty Cards: 0.0 ms]
      [Humongous Register: 0.0 ms]
      [Humongous Reclaim: 0.0 ms]
      [Free CSet: 0.0 ms]
   [Eden: 21.0M(21.0M)->0.0B(22.0M) Survivors: 4096.0K->4096.0K Heap: 513.5M(518.0M)->497.5M(523.0M)]
 [Times: user=0.00 sys=0.00, real=0.00 secs] 
2016-06-27T18:00:57.393+0300: 23.650: Total time for which application threads were stopped: 0.0039374 seconds, Stopping threads took: 0.0004418 seconds
2016-06-27T18:00:57.395+0300: 23.653: [GC concurrent-string-deduplication, 3546.8K->3502.7K(44.1K), avg 1.2%, 0.0025664 secs]
   [Last Exec: 0.0025664 secs, Idle: 0.1827542 secs, Blocked: 0/0.0000000 secs]
      [Inspected:             182]
         [Skipped:              1(  0.5%)]
         [Hashed:             181( 99.5%)]
         [Known:                0(  0.0%)]
         [New:                181( 99.5%)   3546.8K]
      [Deduplicated:            6(  3.3%)     44.1K(  1.2%)]
         [Young:                0(  0.0%)      0.0B(  0.0%)]
         [Old:                  6(100.0%)     44.1K(100.0%)]
   [Total Exec: 130/0.3254232 secs, Idle: 130/23.0937718 secs, Blocked: 2/0.0043244 secs]
      [Inspected:           26401]
         [Skipped:            250(  0.9%)]
         [Hashed:           25173( 95.3%)]
         [Known:             1650(  6.2%)]
         [New:              24501( 92.8%)    443.9M]
      [Deduplicated:         1117(  4.6%)   5278.1K(  1.2%)]
         [Young:                4(  0.4%)   4160.0B(  0.1%)]
         [Old:               1113( 99.6%)   5274.0K( 99.9%)]
   [Table]
      [Memory Usage: 699.8K]
      [Size: 16384, Min: 1024, Max: 16777216]
      [Entries: 24398, Load: 148.9%, Cached: 0, Added: 25027, Removed: 629]
      [Resize Count: 4, Shrink Threshold: 10922(66.7%), Grow Threshold: 32768(200.0%)]
      [Rehash Count: 1, Rehash Threshold: 120, Hash Seed: 0xc4e8cebb]
      [Age Threshold: 3]
   [Queue]
      [Dropped: 0]
2016-06-27T18:00:57.572+0300: 23.829: [GC pause (G1 Evacuation Pause) (young)
Desired survivor size 2097152 bytes, new threshold 1 (max 15)
- age   1:    3582968 bytes,    3582968 total
, 0.0028396 secs]
   [Parallel Time: 2.1 ms, GC Workers: 4]
      [GC Worker Start (ms): Min: 23829.3, Avg: 23829.3, Max: 23829.3, Diff: 0.0]
      [Ext Root Scanning (ms): Min: 0.4, Avg: 0.4, Max: 0.5, Diff: 0.1, Sum: 1.8]
      [Update RS (ms): Min: 0.2, Avg: 0.3, Max: 0.6, Diff: 0.4, Sum: 1.3]
         [Processed Buffers: Min: 1, Avg: 7.0, Max: 15, Diff: 14, Sum: 28]
      [Scan RS (ms): Min: 0.0, Avg: 0.0, Max: 0.0, Diff: 0.0, Sum: 0.0]
      [Code Root Scanning (ms): Min: 0.0, Avg: 0.0, Max: 0.0, Diff: 0.0, Sum: 0.0]
      [Object Copy (ms): Min: 1.1, Avg: 1.3, Max: 1.4, Diff: 0.3, Sum: 5.2]
      [Termination (ms): Min: 0.0, Avg: 0.0, Max: 0.0, Diff: 0.0, Sum: 0.1]
         [Termination Attempts: Min: 1, Avg: 1.0, Max: 1, Diff: 0, Sum: 4]
      [GC Worker Other (ms): Min: 0.0, Avg: 0.0, Max: 0.0, Diff: 0.0, Sum: 0.0]
      [GC Worker Total (ms): Min: 2.1, Avg: 2.1, Max: 2.1, Diff: 0.0, Sum: 8.4]
      [GC Worker End (ms): Min: 23831.4, Avg: 23831.4, Max: 23831.4, Diff: 0.0]
   [Code Root Fixup: 0.0 ms]
   [Code Root Purge: 0.0 ms]
   [String Dedup Fixup: 0.3 ms, GC Workers: 4]
      [Queue Fixup (ms): Min: 0.0, Avg: 0.0, Max: 0.0, Diff: 0.0, Sum: 0.0]
      [Table Fixup (ms): Min: 0.3, Avg: 0.3, Max: 0.3, Diff: 0.0, Sum: 1.0]
   [Clear CT: 0.0 ms]
   [Other: 0.4 ms]
      [Choose CSet: 0.0 ms]
      [Ref Proc: 0.0 ms]
      [Ref Enq: 0.0 ms]
      [Redirty Cards: 0.0 ms]
      [Humongous Register: 0.0 ms]
      [Humongous Reclaim: 0.0 ms]
      [Free CSet: 0.0 ms]
   [Eden: 22.0M(22.0M)->0.0B(22.0M) Survivors: 4096.0K->4096.0K Heap: 519.5M(523.0M)->502.5M(529.0M)]
 [Times: user=0.00 sys=0.00, real=0.00 secs] 
2016-06-27T18:00:57.575+0300: 23.832: Total time for which application threads were stopped: 0.0044797 seconds, Stopping threads took: 0.0009785 seconds
2016-06-27T18:00:57.577+0300: 23.835: [GC concurrent-string-deduplication, 3144.5K->3102.4K(42.1K), avg 1.2%, 0.0021994 secs]
   [Last Exec: 0.0021994 secs, Idle: 0.1794536 secs, Blocked: 0/0.0000000 secs]
      [Inspected:             159]
         [Skipped:              0(  0.0%)]
         [Hashed:             159(100.0%)]
         [Known:                0(  0.0%)]
         [New:                159(100.0%)   3144.5K]
      [Deduplicated:            4(  2.5%)     42.1K(  1.3%)]
         [Young:                1( 25.0%)   1040.0B(  2.4%)]
         [Old:                  3( 75.0%)     41.0K( 97.6%)]
   [Total Exec: 131/0.3276226 secs, Idle: 131/23.2732254 secs, Blocked: 2/0.0043244 secs]
      [Inspected:           26560]
         [Skipped:            250(  0.9%)]
         [Hashed:           25332( 95.4%)]
         [Known:             1650(  6.2%)]
         [New:              24660( 92.8%)    447.0M]
      [Deduplicated:         1121(  4.5%)   5320.2K(  1.2%)]
         [Young:                5(  0.4%)   5200.0B(  0.1%)]
         [Old:               1116( 99.6%)   5315.1K( 99.9%)]
   [Table]
      [Memory Usage: 703.5K]
      [Size: 16384, Min: 1024, Max: 16777216]
      [Entries: 24553, Load: 149.9%, Cached: 0, Added: 25182, Removed: 629]
      [Resize Count: 4, Shrink Threshold: 10922(66.7%), Grow Threshold: 32768(200.0%)]
      [Rehash Count: 1, Rehash Threshold: 120, Hash Seed: 0xc4e8cebb]
      [Age Threshold: 3]
   [Queue]
      [Dropped: 0]
2016-06-27T18:00:57.764+0300: 24.022: [GC pause (G1 Evacuation Pause) (young)
Desired survivor size 2097152 bytes, new threshold 1 (max 15)
- age   1:    3900448 bytes,    3900448 total
, 0.0029906 secs]
   [Parallel Time: 2.2 ms, GC Workers: 4]
      [GC Worker Start (ms): Min: 24021.8, Avg: 24021.8, Max: 24021.9, Diff: 0.0]
      [Ext Root Scanning (ms): Min: 0.5, Avg: 0.5, Max: 0.6, Diff: 0.1, Sum: 2.1]
      [Update RS (ms): Min: 0.2, Avg: 0.4, Max: 0.7, Diff: 0.4, Sum: 1.4]
         [Processed Buffers: Min: 1, Avg: 5.0, Max: 9, Diff: 8, Sum: 20]
      [Scan RS (ms): Min: 0.0, Avg: 0.0, Max: 0.0, Diff: 0.0, Sum: 0.0]
      [Code Root Scanning (ms): Min: 0.0, Avg: 0.0, Max: 0.0, Diff: 0.0, Sum: 0.0]
      [Object Copy (ms): Min: 0.9, Avg: 1.2, Max: 1.4, Diff: 0.5, Sum: 4.9]
      [Termination (ms): Min: 0.0, Avg: 0.0, Max: 0.0, Diff: 0.0, Sum: 0.0]
         [Termination Attempts: Min: 1, Avg: 1.0, Max: 1, Diff: 0, Sum: 4]
      [GC Worker Other (ms): Min: 0.0, Avg: 0.0, Max: 0.0, Diff: 0.0, Sum: 0.0]
      [GC Worker Total (ms): Min: 2.1, Avg: 2.1, Max: 2.1, Diff: 0.0, Sum: 8.5]
      [GC Worker End (ms): Min: 24024.0, Avg: 24024.0, Max: 24024.0, Diff: 0.0]
   [Code Root Fixup: 0.0 ms]
   [Code Root Purge: 0.0 ms]
   [String Dedup Fixup: 0.4 ms, GC Workers: 4]
      [Queue Fixup (ms): Min: 0.0, Avg: 0.0, Max: 0.0, Diff: 0.0, Sum: 0.0]
      [Table Fixup (ms): Min: 0.3, Avg: 0.3, Max: 0.4, Diff: 0.0, Sum: 1.4]
   [Clear CT: 0.0 ms]
   [Other: 0.4 ms]
      [Choose CSet: 0.0 ms]
      [Ref Proc: 0.1 ms]
      [Ref Enq: 0.0 ms]
      [Redirty Cards: 0.0 ms]
      [Humongous Register: 0.0 ms]
      [Humongous Reclaim: 0.0 ms]
      [Free CSet: 0.0 ms]
   [Eden: 22.0M(22.0M)->0.0B(22.0M) Survivors: 4096.0K->4096.0K Heap: 524.5M(529.0M)->507.0M(533.0M)]
 [Times: user=0.00 sys=0.00, real=0.00 secs] 
2016-06-27T18:00:57.768+0300: 24.025: Total time for which application threads were stopped: 0.0042419 seconds, Stopping threads took: 0.0006825 seconds
2016-06-27T18:00:57.770+0300: 24.028: [GC concurrent-string-deduplication, 3827.0K->3803.0K(24.1K), avg 1.2%, 0.0027331 secs]
   [Last Exec: 0.0027331 secs, Idle: 0.1903840 secs, Blocked: 0/0.0000000 secs]
      [Inspected:             197]
         [Skipped:              2(  1.0%)]
         [Hashed:             195( 99.0%)]
         [Known:                0(  0.0%)]
         [New:                195( 99.0%)   3827.0K]
      [Deduplicated:            5(  2.6%)     24.1K(  0.6%)]
         [Young:                0(  0.0%)      0.0B(  0.0%)]
         [Old:                  5(100.0%)     24.1K(100.0%)]
   [Total Exec: 132/0.3303557 secs, Idle: 132/23.4636094 secs, Blocked: 2/0.0043244 secs]
      [Inspected:           26757]
         [Skipped:            252(  0.9%)]
         [Hashed:           25527( 95.4%)]
         [Known:             1650(  6.2%)]
         [New:              24855( 92.9%)    450.7M]
      [Deduplicated:         1126(  4.5%)   5344.3K(  1.2%)]
         [Young:                5(  0.4%)   5200.0B(  0.1%)]
         [Old:               1121( 99.6%)   5339.2K( 99.9%)]
   [Table]
      [Memory Usage: 707.9K]
      [Size: 16384, Min: 1024, Max: 16777216]
      [Entries: 24743, Load: 151.0%, Cached: 0, Added: 25372, Removed: 629]
      [Resize Count: 4, Shrink Threshold: 10922(66.7%), Grow Threshold: 32768(200.0%)]
      [Rehash Count: 1, Rehash Threshold: 120, Hash Seed: 0xc4e8cebb]
      [Age Threshold: 3]
   [Queue]
      [Dropped: 0]
2016-06-27T18:00:57.952+0300: 24.209: [GC pause (G1 Evacuation Pause) (young)
Desired survivor size 2097152 bytes, new threshold 1 (max 15)
- age   1:    3649784 bytes,    3649784 total
, 0.0030560 secs]
   [Parallel Time: 2.2 ms, GC Workers: 4]
      [GC Worker Start (ms): Min: 24209.1, Avg: 24209.1, Max: 24209.1, Diff: 0.0]
      [Ext Root Scanning (ms): Min: 0.4, Avg: 0.5, Max: 0.5, Diff: 0.1, Sum: 1.9]
      [Update RS (ms): Min: 0.3, Avg: 0.4, Max: 0.5, Diff: 0.2, Sum: 1.5]
         [Processed Buffers: Min: 1, Avg: 5.5, Max: 14, Diff: 13, Sum: 22]
      [Scan RS (ms): Min: 0.0, Avg: 0.0, Max: 0.0, Diff: 0.0, Sum: 0.0]
      [Code Root Scanning (ms): Min: 0.0, Avg: 0.0, Max: 0.0, Diff: 0.0, Sum: 0.0]
      [Object Copy (ms): Min: 1.1, Avg: 1.3, Max: 1.4, Diff: 0.2, Sum: 5.2]
      [Termination (ms): Min: 0.0, Avg: 0.0, Max: 0.0, Diff: 0.0, Sum: 0.1]
         [Termination Attempts: Min: 1, Avg: 1.0, Max: 1, Diff: 0, Sum: 4]
      [GC Worker Other (ms): Min: 0.0, Avg: 0.0, Max: 0.0, Diff: 0.0, Sum: 0.0]
      [GC Worker Total (ms): Min: 2.2, Avg: 2.2, Max: 2.2, Diff: 0.0, Sum: 8.8]
      [GC Worker End (ms): Min: 24211.3, Avg: 24211.3, Max: 24211.3, Diff: 0.0]
   [Code Root Fixup: 0.0 ms]
   [Code Root Purge: 0.0 ms]
   [String Dedup Fixup: 0.3 ms, GC Workers: 4]
      [Queue Fixup (ms): Min: 0.0, Avg: 0.0, Max: 0.0, Diff: 0.0, Sum: 0.0]
      [Table Fixup (ms): Min: 0.3, Avg: 0.3, Max: 0.3, Diff: 0.0, Sum: 1.3]
   [Clear CT: 0.0 ms]
   [Other: 0.4 ms]
      [Choose CSet: 0.0 ms]
      [Ref Proc: 0.1 ms]
      [Ref Enq: 0.0 ms]
      [Redirty Cards: 0.0 ms]
      [Humongous Register: 0.0 ms]
      [Humongous Reclaim: 0.0 ms]
      [Free CSet: 0.0 ms]
   [Eden: 22.0M(22.0M)->0.0B(22.0M) Survivors: 4096.0K->4096.0K Heap: 529.0M(533.0M)->511.5M(538.0M)]
 [Times: user=0.00 sys=0.00, real=0.00 secs] 
2016-06-27T18:00:57.955+0300: 24.212: Total time for which application threads were stopped: 0.0044720 seconds, Stopping threads took: 0.0007779 seconds
2016-06-27T18:00:57.957+0300: 24.215: [GC concurrent-string-deduplication, 3443.7K->3362.6K(81.1K), avg 1.2%, 0.0024381 secs]
   [Last Exec: 0.0024381 secs, Idle: 0.1844533 secs, Blocked: 0/0.0000000 secs]
      [Inspected:             173]
         [Skipped:              0(  0.0%)]
         [Hashed:             173(100.0%)]
         [Known:                0(  0.0%)]
         [New:                173(100.0%)   3443.7K]
      [Deduplicated:            5(  2.9%)     81.1K(  2.4%)]
         [Young:                0(  0.0%)      0.0B(  0.0%)]
         [Old:                  5(100.0%)     81.1K(100.0%)]
   [Total Exec: 133/0.3327938 secs, Idle: 133/23.6480627 secs, Blocked: 2/0.0043244 secs]
      [Inspected:           26930]
         [Skipped:            252(  0.9%)]
         [Hashed:           25700( 95.4%)]
         [Known:             1650(  6.1%)]
         [New:              25028( 92.9%)    454.1M]
      [Deduplicated:         1131(  4.5%)   5425.3K(  1.2%)]
         [Young:                5(  0.4%)   5200.0B(  0.1%)]
         [Old:               1126( 99.6%)   5420.3K( 99.9%)]
   [Table]
      [Memory Usage: 711.9K]
      [Size: 16384, Min: 1024, Max: 16777216]
      [Entries: 24911, Load: 152.0%, Cached: 0, Added: 25540, Removed: 629]
      [Resize Count: 4, Shrink Threshold: 10922(66.7%), Grow Threshold: 32768(200.0%)]
      [Rehash Count: 1, Rehash Threshold: 120, Hash Seed: 0xc4e8cebb]
      [Age Threshold: 3]
   [Queue]
      [Dropped: 0]
2016-06-27T18:00:58.142+0300: 24.400: [GC pause (G1 Evacuation Pause) (young)
Desired survivor size 2097152 bytes, new threshold 1 (max 15)
- age   1:    3724824 bytes,    3724824 total
, 0.0029701 secs]
   [Parallel Time: 2.1 ms, GC Workers: 4]
      [GC Worker Start (ms): Min: 24399.9, Avg: 24399.9, Max: 24399.9, Diff: 0.0]
      [Ext Root Scanning (ms): Min: 0.3, Avg: 0.4, Max: 0.5, Diff: 0.1, Sum: 1.7]
      [Update RS (ms): Min: 0.2, Avg: 0.3, Max: 0.3, Diff: 0.1, Sum: 1.1]
         [Processed Buffers: Min: 1, Avg: 5.3, Max: 13, Diff: 12, Sum: 21]
      [Scan RS (ms): Min: 0.0, Avg: 0.0, Max: 0.0, Diff: 0.0, Sum: 0.0]
      [Code Root Scanning (ms): Min: 0.0, Avg: 0.0, Max: 0.0, Diff: 0.0, Sum: 0.0]
      [Object Copy (ms): Min: 1.3, Avg: 1.3, Max: 1.3, Diff: 0.1, Sum: 5.1]
      [Termination (ms): Min: 0.0, Avg: 0.0, Max: 0.0, Diff: 0.0, Sum: 0.0]
         [Termination Attempts: Min: 1, Avg: 1.0, Max: 1, Diff: 0, Sum: 4]
      [GC Worker Other (ms): Min: 0.0, Avg: 0.0, Max: 0.0, Diff: 0.0, Sum: 0.0]
      [GC Worker Total (ms): Min: 2.0, Avg: 2.0, Max: 2.0, Diff: 0.0, Sum: 8.0]
      [GC Worker End (ms): Min: 24401.9, Avg: 24401.9, Max: 24401.9, Diff: 0.0]
   [Code Root Fixup: 0.0 ms]
   [Code Root Purge: 0.0 ms]
   [String Dedup Fixup: 0.4 ms, GC Workers: 4]
      [Queue Fixup (ms): Min: 0.0, Avg: 0.0, Max: 0.0, Diff: 0.0, Sum: 0.0]
      [Table Fixup (ms): Min: 0.3, Avg: 0.3, Max: 0.3, Diff: 0.0, Sum: 1.4]
   [Clear CT: 0.0 ms]
   [Other: 0.5 ms]
      [Choose CSet: 0.0 ms]
      [Ref Proc: 0.0 ms]
      [Ref Enq: 0.0 ms]
      [Redirty Cards: 0.0 ms]
      [Humongous Register: 0.0 ms]
      [Humongous Reclaim: 0.0 ms]
      [Free CSet: 0.1 ms]
   [Eden: 22.0M(22.0M)->0.0B(23.0M) Survivors: 4096.0K->4096.0K Heap: 533.5M(538.0M)->516.0M(542.0M)]
 [Times: user=0.02 sys=0.00, real=0.00 secs] 
2016-06-27T18:00:58.145+0300: 24.403: Total time for which application threads were stopped: 0.0043078 seconds, Stopping threads took: 0.0006847 seconds
2016-06-27T18:00:58.148+0300: 24.405: [GC concurrent-string-deduplication, 3464.7K->3402.7K(62.1K), avg 1.2%, 0.0023397 secs]
   [Last Exec: 0.0023397 secs, Idle: 0.1882132 secs, Blocked: 0/0.0000000 secs]
      [Inspected:             177]
         [Skipped:              2(  1.1%)]
         [Hashed:             175( 98.9%)]
         [Known:                0(  0.0%)]
         [New:                175( 98.9%)   3464.7K]
      [Deduplicated:            5(  2.9%)     62.1K(  1.8%)]
         [Young:                0(  0.0%)      0.0B(  0.0%)]
         [Old:                  5(100.0%)     62.1K(100.0%)]
   [Total Exec: 134/0.3351335 secs, Idle: 134/23.8362760 secs, Blocked: 2/0.0043244 secs]
      [Inspected:           27107]
         [Skipped:            254(  0.9%)]
         [Hashed:           25875( 95.5%)]
         [Known:             1650(  6.1%)]
         [New:              25203( 93.0%)    457.5M]
      [Deduplicated:         1136(  4.5%)   5487.4K(  1.2%)]
         [Young:                5(  0.4%)   5200.0B(  0.1%)]
         [Old:               1131( 99.6%)   5482.3K( 99.9%)]
   [Table]
      [Memory Usage: 715.8K]
      [Size: 16384, Min: 1024, Max: 16777216]
      [Entries: 25081, Load: 153.1%, Cached: 0, Added: 25710, Removed: 629]
      [Resize Count: 4, Shrink Threshold: 10922(66.7%), Grow Threshold: 32768(200.0%)]
      [Rehash Count: 1, Rehash Threshold: 120, Hash Seed: 0xc4e8cebb]
      [Age Threshold: 3]
   [Queue]
      [Dropped: 0]
2016-06-27T18:00:58.337+0300: 24.594: [GC pause (G1 Evacuation Pause) (young)
Desired survivor size 2097152 bytes, new threshold 1 (max 15)
- age   1:    3711928 bytes,    3711928 total
, 0.0029521 secs]
   [Parallel Time: 2.3 ms, GC Workers: 4]
      [GC Worker Start (ms): Min: 24594.5, Avg: 24594.5, Max: 24594.5, Diff: 0.0]
      [Ext Root Scanning (ms): Min: 0.4, Avg: 0.4, Max: 0.5, Diff: 0.1, Sum: 1.8]
      [Update RS (ms): Min: 0.2, Avg: 0.4, Max: 0.6, Diff: 0.4, Sum: 1.7]
         [Processed Buffers: Min: 1, Avg: 5.3, Max: 16, Diff: 15, Sum: 21]
      [Scan RS (ms): Min: 0.0, Avg: 0.0, Max: 0.0, Diff: 0.0, Sum: 0.0]
      [Code Root Scanning (ms): Min: 0.0, Avg: 0.0, Max: 0.0, Diff: 0.0, Sum: 0.0]
      [Object Copy (ms): Min: 1.2, Avg: 1.4, Max: 1.5, Diff: 0.4, Sum: 5.4]
      [Termination (ms): Min: 0.0, Avg: 0.0, Max: 0.0, Diff: 0.0, Sum: 0.0]
         [Termination Attempts: Min: 1, Avg: 1.0, Max: 1, Diff: 0, Sum: 4]
      [GC Worker Other (ms): Min: 0.0, Avg: 0.0, Max: 0.0, Diff: 0.0, Sum: 0.1]
      [GC Worker Total (ms): Min: 2.2, Avg: 2.2, Max: 2.2, Diff: 0.0, Sum: 9.0]
      [GC Worker End (ms): Min: 24596.8, Avg: 24596.8, Max: 24596.8, Diff: 0.0]
   [Code Root Fixup: 0.0 ms]
   [Code Root Purge: 0.0 ms]
   [String Dedup Fixup: 0.3 ms, GC Workers: 4]
      [Queue Fixup (ms): Min: 0.0, Avg: 0.0, Max: 0.0, Diff: 0.0, Sum: 0.0]
      [Table Fixup (ms): Min: 0.3, Avg: 0.3, Max: 0.3, Diff: 0.0, Sum: 1.2]
   [Clear CT: 0.0 ms]
   [Other: 0.3 ms]
      [Choose CSet: 0.0 ms]
      [Ref Proc: 0.0 ms]
      [Ref Enq: 0.0 ms]
      [Redirty Cards: 0.0 ms]
      [Humongous Register: 0.0 ms]
      [Humongous Reclaim: 0.0 ms]
      [Free CSet: 0.0 ms]
   [Eden: 23.0M(23.0M)->0.0B(23.0M) Survivors: 4096.0K->4096.0K Heap: 539.0M(542.0M)->521.0M(548.0M)]
 [Times: user=0.00 sys=0.00, real=0.00 secs] 
2016-06-27T18:00:58.340+0300: 24.598: Total time for which application threads were stopped: 0.0039823 seconds, Stopping threads took: 0.0004696 seconds
2016-06-27T18:00:58.343+0300: 24.600: [GC concurrent-string-deduplication, 3804.0K->3783.0K(21.0K), avg 1.2%, 0.0026724 secs]
   [Last Exec: 0.0026724 secs, Idle: 0.1921596 secs, Blocked: 0/0.0000000 secs]
      [Inspected:             192]
         [Skipped:              1(  0.5%)]
         [Hashed:             191( 99.5%)]
         [Known:                0(  0.0%)]
         [New:                191( 99.5%)   3804.0K]
      [Deduplicated:            2(  1.0%)     21.0K(  0.6%)]
         [Young:                0(  0.0%)      0.0B(  0.0%)]
         [Old:                  2(100.0%)     21.0K(100.0%)]
   [Total Exec: 135/0.3378059 secs, Idle: 135/24.0284356 secs, Blocked: 2/0.0043244 secs]
      [Inspected:           27299]
         [Skipped:            255(  0.9%)]
         [Hashed:           26066( 95.5%)]
         [Known:             1650(  6.0%)]
         [New:              25394( 93.0%)    461.2M]
      [Deduplicated:         1138(  4.5%)   5508.4K(  1.2%)]
         [Young:                5(  0.4%)   5200.0B(  0.1%)]
         [Old:               1133( 99.6%)   5503.4K( 99.9%)]
   [Table]
      [Memory Usage: 720.3K]
      [Size: 16384, Min: 1024, Max: 16777216]
      [Entries: 25270, Load: 154.2%, Cached: 0, Added: 25899, Removed: 629]
      [Resize Count: 4, Shrink Threshold: 10922(66.7%), Grow Threshold: 32768(200.0%)]
      [Rehash Count: 1, Rehash Threshold: 120, Hash Seed: 0xc4e8cebb]
      [Age Threshold: 3]
   [Queue]
      [Dropped: 0]
2016-06-27T18:00:58.477+0300: 24.734: [GC cleanup 537M->537M(548M), 0.0006492 secs]
 [Times: user=0.00 sys=0.00, real=0.00 secs] 
2016-06-27T18:00:58.478+0300: 24.735: Total time for which application threads were stopped: 0.0013886 seconds, Stopping threads took: 0.0003173 seconds
2016-06-27T18:00:58.535+0300: 24.792: [GC pause (G1 Evacuation Pause) (young)
Desired survivor size 2097152 bytes, new threshold 1 (max 15)
- age   1:    3541928 bytes,    3541928 total
, 0.0030445 secs]
   [Parallel Time: 2.3 ms, GC Workers: 4]
      [GC Worker Start (ms): Min: 24792.5, Avg: 24792.5, Max: 24792.5, Diff: 0.0]
      [Ext Root Scanning (ms): Min: 0.4, Avg: 0.5, Max: 0.5, Diff: 0.1, Sum: 1.8]
      [Update RS (ms): Min: 0.3, Avg: 0.4, Max: 0.5, Diff: 0.2, Sum: 1.6]
         [Processed Buffers: Min: 1, Avg: 8.3, Max: 13, Diff: 12, Sum: 33]
      [Scan RS (ms): Min: 0.0, Avg: 0.0, Max: 0.0, Diff: 0.0, Sum: 0.0]
      [Code Root Scanning (ms): Min: 0.0, Avg: 0.0, Max: 0.0, Diff: 0.0, Sum: 0.0]
      [Object Copy (ms): Min: 1.3, Avg: 1.3, Max: 1.4, Diff: 0.1, Sum: 5.4]
      [Termination (ms): Min: 0.0, Avg: 0.0, Max: 0.0, Diff: 0.0, Sum: 0.0]
         [Termination Attempts: Min: 1, Avg: 1.0, Max: 1, Diff: 0, Sum: 4]
      [GC Worker Other (ms): Min: 0.0, Avg: 0.0, Max: 0.0, Diff: 0.0, Sum: 0.1]
      [GC Worker Total (ms): Min: 2.2, Avg: 2.2, Max: 2.2, Diff: 0.0, Sum: 8.9]
      [GC Worker End (ms): Min: 24794.7, Avg: 24794.7, Max: 24794.7, Diff: 0.0]
   [Code Root Fixup: 0.0 ms]
   [Code Root Purge: 0.0 ms]
   [String Dedup Fixup: 0.3 ms, GC Workers: 4]
      [Queue Fixup (ms): Min: 0.0, Avg: 0.0, Max: 0.0, Diff: 0.0, Sum: 0.0]
      [Table Fixup (ms): Min: 0.3, Avg: 0.3, Max: 0.3, Diff: 0.0, Sum: 1.2]
   [Clear CT: 0.0 ms]
   [Other: 0.4 ms]
      [Choose CSet: 0.0 ms]
      [Ref Proc: 0.0 ms]
      [Ref Enq: 0.0 ms]
      [Redirty Cards: 0.0 ms]
      [Humongous Register: 0.0 ms]
      [Humongous Reclaim: 0.0 ms]
      [Free CSet: 0.0 ms]
   [Eden: 23.0M(23.0M)->0.0B(23.0M) Survivors: 4096.0K->4096.0K Heap: 544.0M(548.0M)->525.5M(553.0M)]
 [Times: user=0.06 sys=0.00, real=0.00 secs] 
2016-06-27T18:00:58.538+0300: 24.796: Total time for which application threads were stopped: 0.0039323 seconds, Stopping threads took: 0.0002570 seconds
2016-06-27T18:00:58.541+0300: 24.798: [GC concurrent-string-deduplication, 3443.7K->3362.6K(81.1K), avg 1.2%, 0.0024560 secs]
   [Last Exec: 0.0024560 secs, Idle: 0.1953042 secs, Blocked: 0/0.0000000 secs]
      [Inspected:             174]
         [Skipped:              1(  0.6%)]
         [Hashed:             173( 99.4%)]
         [Known:                0(  0.0%)]
         [New:                173( 99.4%)   3443.7K]
      [Deduplicated:            5(  2.9%)     81.1K(  2.4%)]
         [Young:                0(  0.0%)      0.0B(  0.0%)]
         [Old:                  5(100.0%)     81.1K(100.0%)]
   [Total Exec: 136/0.3402619 secs, Idle: 136/24.2237398 secs, Blocked: 2/0.0043244 secs]
      [Inspected:           27473]
         [Skipped:            256(  0.9%)]
         [Hashed:           26239( 95.5%)]
         [Known:             1650(  6.0%)]
         [New:              25567( 93.1%)    464.5M]
      [Deduplicated:         1143(  4.5%)   5589.5K(  1.2%)]
         [Young:                5(  0.4%)   5200.0B(  0.1%)]
         [Old:               1138( 99.6%)   5584.4K( 99.9%)]
   [Table]
      [Memory Usage: 724.2K]
      [Size: 16384, Min: 1024, Max: 16777216]
      [Entries: 25438, Load: 155.3%, Cached: 0, Added: 26067, Removed: 629]
      [Resize Count: 4, Shrink Threshold: 10922(66.7%), Grow Threshold: 32768(200.0%)]
      [Rehash Count: 1, Rehash Threshold: 120, Hash Seed: 0xc4e8cebb]
      [Age Threshold: 3]
   [Queue]
      [Dropped: 0]
2016-06-27T18:00:58.732+0300: 24.990: [GC pause (G1 Evacuation Pause) (mixed)
Desired survivor size 2097152 bytes, new threshold 1 (max 15)
- age   1:    3833840 bytes,    3833840 total
, 0.0050074 secs]
   [Parallel Time: 4.2 ms, GC Workers: 4]
      [GC Worker Start (ms): Min: 24989.7, Avg: 24989.7, Max: 24989.7, Diff: 0.0]
      [Ext Root Scanning (ms): Min: 0.3, Avg: 0.4, Max: 0.5, Diff: 0.1, Sum: 1.6]
      [Update RS (ms): Min: 0.3, Avg: 0.4, Max: 0.6, Diff: 0.3, Sum: 1.7]
         [Processed Buffers: Min: 1, Avg: 7.0, Max: 12, Diff: 11, Sum: 28]
      [Scan RS (ms): Min: 0.1, Avg: 0.2, Max: 0.2, Diff: 0.2, Sum: 0.7]
      [Code Root Scanning (ms): Min: 0.0, Avg: 0.0, Max: 0.0, Diff: 0.0, Sum: 0.0]
      [Object Copy (ms): Min: 3.1, Avg: 3.1, Max: 3.2, Diff: 0.1, Sum: 12.5]
      [Termination (ms): Min: 0.0, Avg: 0.0, Max: 0.0, Diff: 0.0, Sum: 0.0]
         [Termination Attempts: Min: 1, Avg: 1.0, Max: 1, Diff: 0, Sum: 4]
      [GC Worker Other (ms): Min: 0.0, Avg: 0.0, Max: 0.0, Diff: 0.0, Sum: 0.0]
      [GC Worker Total (ms): Min: 4.1, Avg: 4.1, Max: 4.1, Diff: 0.0, Sum: 16.5]
      [GC Worker End (ms): Min: 24993.8, Avg: 24993.8, Max: 24993.8, Diff: 0.0]
   [Code Root Fixup: 0.0 ms]
   [Code Root Purge: 0.0 ms]
   [String Dedup Fixup: 0.3 ms, GC Workers: 4]
      [Queue Fixup (ms): Min: 0.0, Avg: 0.0, Max: 0.0, Diff: 0.0, Sum: 0.0]
      [Table Fixup (ms): Min: 0.3, Avg: 0.3, Max: 0.3, Diff: 0.0, Sum: 1.2]
   [Clear CT: 0.0 ms]
   [Other: 0.5 ms]
      [Choose CSet: 0.0 ms]
      [Ref Proc: 0.1 ms]
      [Ref Enq: 0.0 ms]
      [Redirty Cards: 0.0 ms]
      [Humongous Register: 0.0 ms]
      [Humongous Reclaim: 0.0 ms]
      [Free CSet: 0.1 ms]
   [Eden: 23.0M(23.0M)->0.0B(24.0M) Survivors: 4096.0K->4096.0K Heap: 548.5M(553.0M)->525.0M(565.0M)]
 [Times: user=0.00 sys=0.00, real=0.00 secs] 
2016-06-27T18:00:58.737+0300: 24.995: Total time for which application threads were stopped: 0.0062202 seconds, Stopping threads took: 0.0005842 seconds
2016-06-27T18:00:58.740+0300: 24.997: [GC concurrent-string-deduplication, 3646.9K->3582.8K(64.1K), avg 1.2%, 0.0025356 secs]
   [Last Exec: 0.0025356 secs, Idle: 0.1966607 secs, Blocked: 0/0.0000000 secs]
      [Inspected:             190]
         [Skipped:              4(  2.1%)]
         [Hashed:             186( 97.9%)]
         [Known:                0(  0.0%)]
         [New:                186( 97.9%)   3646.9K]
      [Deduplicated:            7(  3.8%)     64.1K(  1.8%)]
         [Young:                0(  0.0%)      0.0B(  0.0%)]
         [Old:                  7(100.0%)     64.1K(100.0%)]
   [Total Exec: 137/0.3427975 secs, Idle: 137/24.4204005 secs, Blocked: 2/0.0043244 secs]
      [Inspected:           27663]
         [Skipped:            260(  0.9%)]
         [Hashed:           26425( 95.5%)]
         [Known:             1650(  6.0%)]
         [New:              25753( 93.1%)    468.1M]
      [Deduplicated:         1150(  4.5%)   5653.6K(  1.2%)]
         [Young:                5(  0.4%)   5200.0B(  0.1%)]
         [Old:               1145( 99.6%)   5648.5K( 99.9%)]
   [Table]
      [Memory Usage: 728.4K]
      [Size: 16384, Min: 1024, Max: 16777216]
      [Entries: 25617, Load: 156.4%, Cached: 0, Added: 26246, Removed: 629]
      [Resize Count: 4, Shrink Threshold: 10922(66.7%), Grow Threshold: 32768(200.0%)]
      [Rehash Count: 1, Rehash Threshold: 120, Hash Seed: 0xc4e8cebb]
      [Age Threshold: 3]
   [Queue]
      [Dropped: 0]
2016-06-27T18:00:58.941+0300: 25.198: [GC pause (G1 Evacuation Pause) (young)
Desired survivor size 2097152 bytes, new threshold 1 (max 15)
- age   1:    3741792 bytes,    3741792 total
, 0.0035303 secs]
   [Parallel Time: 2.8 ms, GC Workers: 4]
      [GC Worker Start (ms): Min: 25198.4, Avg: 25198.4, Max: 25198.4, Diff: 0.0]
      [Ext Root Scanning (ms): Min: 0.5, Avg: 0.5, Max: 0.6, Diff: 0.1, Sum: 2.0]
      [Update RS (ms): Min: 1.0, Avg: 1.1, Max: 1.3, Diff: 0.4, Sum: 4.5]
         [Processed Buffers: Min: 2, Avg: 5.3, Max: 12, Diff: 10, Sum: 21]
      [Scan RS (ms): Min: 0.0, Avg: 0.0, Max: 0.0, Diff: 0.0, Sum: 0.0]
      [Code Root Scanning (ms): Min: 0.0, Avg: 0.0, Max: 0.0, Diff: 0.0, Sum: 0.0]
      [Object Copy (ms): Min: 1.0, Avg: 1.2, Max: 1.3, Diff: 0.2, Sum: 4.6]
      [Termination (ms): Min: 0.0, Avg: 0.0, Max: 0.0, Diff: 0.0, Sum: 0.0]
         [Termination Attempts: Min: 1, Avg: 1.0, Max: 1, Diff: 0, Sum: 4]
      [GC Worker Other (ms): Min: 0.0, Avg: 0.0, Max: 0.0, Diff: 0.0, Sum: 0.1]
      [GC Worker Total (ms): Min: 2.8, Avg: 2.8, Max: 2.8, Diff: 0.0, Sum: 11.2]
      [GC Worker End (ms): Min: 25201.2, Avg: 25201.2, Max: 25201.2, Diff: 0.0]
   [Code Root Fixup: 0.0 ms]
   [Code Root Purge: 0.0 ms]
   [String Dedup Fixup: 0.3 ms, GC Workers: 4]
      [Queue Fixup (ms): Min: 0.0, Avg: 0.0, Max: 0.0, Diff: 0.0, Sum: 0.0]
      [Table Fixup (ms): Min: 0.3, Avg: 0.3, Max: 0.3, Diff: 0.0, Sum: 1.2]
   [Clear CT: 0.0 ms]
   [Other: 0.3 ms]
      [Choose CSet: 0.0 ms]
      [Ref Proc: 0.0 ms]
      [Ref Enq: 0.0 ms]
      [Redirty Cards: 0.0 ms]
      [Humongous Register: 0.0 ms]
      [Humongous Reclaim: 0.0 ms]
      [Free CSet: 0.0 ms]
   [Eden: 24.0M(24.0M)->0.0B(24.0M) Survivors: 4096.0K->4096.0K Heap: 549.0M(565.0M)->530.5M(565.0M)]
 [Times: user=0.06 sys=0.00, real=0.00 secs] 
2016-06-27T18:00:58.945+0300: 25.202: Total time for which application threads were stopped: 0.0052251 seconds, Stopping threads took: 0.0010905 seconds
2016-06-27T18:00:58.948+0300: 25.205: [GC concurrent-string-deduplication, 3787.0K->3742.9K(44.1K), avg 1.2%, 0.0032600 secs]
   [Last Exec: 0.0032600 secs, Idle: 0.2046399 secs, Blocked: 0/0.0000000 secs]
      [Inspected:             193]
         [Skipped:              0(  0.0%)]
         [Hashed:             193(100.0%)]
         [Known:                0(  0.0%)]
         [New:                193(100.0%)   3787.0K]
      [Deduplicated:            6(  3.1%)     44.1K(  1.2%)]
         [Young:                0(  0.0%)      0.0B(  0.0%)]
         [Old:                  6(100.0%)     44.1K(100.0%)]
   [Total Exec: 138/0.3460575 secs, Idle: 138/24.6250404 secs, Blocked: 2/0.0043244 secs]
      [Inspected:           27856]
         [Skipped:            260(  0.9%)]
         [Hashed:           26618( 95.6%)]
         [Known:             1650(  5.9%)]
         [New:              25946( 93.1%)    471.8M]
      [Deduplicated:         1156(  4.5%)   5697.7K(  1.2%)]
         [Young:                5(  0.4%)   5200.0B(  0.1%)]
         [Old:               1151( 99.6%)   5692.6K( 99.9%)]
   [Table]
      [Memory Usage: 732.8K]
      [Size: 16384, Min: 1024, Max: 16777216]
      [Entries: 25804, Load: 157.5%, Cached: 0, Added: 26433, Removed: 629]
      [Resize Count: 4, Shrink Threshold: 10922(66.7%), Grow Threshold: 32768(200.0%)]
      [Rehash Count: 1, Rehash Threshold: 120, Hash Seed: 0xc4e8cebb]
      [Age Threshold: 3]
   [Queue]
      [Dropped: 0]
2016-06-27T18:00:59.139+0300: 25.396: [GC pause (G1 Evacuation Pause) (young) (initial-mark)
Desired survivor size 2097152 bytes, new threshold 1 (max 15)
- age   1:    4034880 bytes,    4034880 total
, 0.0031569 secs]
   [Parallel Time: 2.3 ms, GC Workers: 4]
      [GC Worker Start (ms): Min: 25396.0, Avg: 25396.0, Max: 25396.1, Diff: 0.1]
      [Ext Root Scanning (ms): Min: 0.6, Avg: 0.7, Max: 0.8, Diff: 0.3, Sum: 2.8]
      [Update RS (ms): Min: 0.2, Avg: 0.3, Max: 0.4, Diff: 0.2, Sum: 1.3]
         [Processed Buffers: Min: 1, Avg: 7.5, Max: 12, Diff: 11, Sum: 30]
      [Scan RS (ms): Min: 0.0, Avg: 0.0, Max: 0.0, Diff: 0.0, Sum: 0.0]
      [Code Root Scanning (ms): Min: 0.0, Avg: 0.0, Max: 0.0, Diff: 0.0, Sum: 0.0]
      [Object Copy (ms): Min: 1.2, Avg: 1.3, Max: 1.3, Diff: 0.1, Sum: 5.0]
      [Termination (ms): Min: 0.0, Avg: 0.0, Max: 0.0, Diff: 0.0, Sum: 0.0]
         [Termination Attempts: Min: 1, Avg: 1.0, Max: 1, Diff: 0, Sum: 4]
      [GC Worker Other (ms): Min: 0.0, Avg: 0.0, Max: 0.0, Diff: 0.0, Sum: 0.1]
      [GC Worker Total (ms): Min: 2.3, Avg: 2.3, Max: 2.3, Diff: 0.1, Sum: 9.2]
      [GC Worker End (ms): Min: 25398.3, Avg: 25398.3, Max: 25398.3, Diff: 0.0]
   [Code Root Fixup: 0.0 ms]
   [Code Root Purge: 0.0 ms]
   [String Dedup Fixup: 0.3 ms, GC Workers: 4]
      [Queue Fixup (ms): Min: 0.0, Avg: 0.0, Max: 0.0, Diff: 0.0, Sum: 0.0]
      [Table Fixup (ms): Min: 0.3, Avg: 0.3, Max: 0.3, Diff: 0.0, Sum: 1.0]
   [Clear CT: 0.0 ms]
   [Other: 0.5 ms]
      [Choose CSet: 0.0 ms]
      [Ref Proc: 0.0 ms]
      [Ref Enq: 0.0 ms]
      [Redirty Cards: 0.0 ms]
      [Humongous Register: 0.0 ms]
      [Humongous Reclaim: 0.0 ms]
      [Free CSet: 0.1 ms]
   [Eden: 24.0M(24.0M)->0.0B(24.0M) Survivors: 4096.0K->4096.0K Heap: 554.5M(565.0M)->536.0M(565.0M)]
 [Times: user=0.00 sys=0.00, real=0.00 secs] 
2016-06-27T18:00:59.142+0300: 25.399: [GC concurrent-root-region-scan-start]
2016-06-27T18:00:59.142+0300: 25.399: Total time for which application threads were stopped: 0.0066342 seconds, Stopping threads took: 0.0027763 seconds
2016-06-27T18:00:59.142+0300: 25.400: [GC concurrent-root-region-scan-end, 0.0003421 secs]
2016-06-27T18:00:59.142+0300: 25.400: [GC concurrent-mark-start]
2016-06-27T18:00:59.145+0300: 25.402: [GC concurrent-string-deduplication, 3746.0K->3702.9K(43.1K), avg 1.2%, 0.0026673 secs]
   [Last Exec: 0.0026673 secs, Idle: 0.1938467 secs, Blocked: 0/0.0000000 secs]
      [Inspected:             191]
         [Skipped:              1(  0.5%)]
         [Hashed:             190( 99.5%)]
         [Known:                0(  0.0%)]
         [New:                190( 99.5%)   3746.0K]
      [Deduplicated:            5(  2.6%)     43.1K(  1.1%)]
         [Young:                0(  0.0%)      0.0B(  0.0%)]
         [Old:                  5(100.0%)     43.1K(100.0%)]
   [Total Exec: 139/0.3487248 secs, Idle: 139/24.8188871 secs, Blocked: 2/0.0043244 secs]
      [Inspected:           28047]
         [Skipped:            261(  0.9%)]
         [Hashed:           26808( 95.6%)]
         [Known:             1650(  5.9%)]
         [New:              26136( 93.2%)    475.5M]
      [Deduplicated:         1161(  4.4%)   5740.8K(  1.2%)]
         [Young:                5(  0.4%)   5200.0B(  0.1%)]
         [Old:               1156( 99.6%)   5735.7K( 99.9%)]
   [Table]
      [Memory Usage: 737.1K]
      [Size: 16384, Min: 1024, Max: 16777216]
      [Entries: 25989, Load: 158.6%, Cached: 0, Added: 26618, Removed: 629]
      [Resize Count: 4, Shrink Threshold: 10922(66.7%), Grow Threshold: 32768(200.0%)]
      [Rehash Count: 1, Rehash Threshold: 120, Hash Seed: 0xc4e8cebb]
      [Age Threshold: 3]
   [Queue]
      [Dropped: 0]
2016-06-27T18:00:59.173+0300: 25.430: [GC concurrent-mark-end, 0.0300295 secs]
2016-06-27T18:00:59.203+0300: 25.460: [GC remark 2016-06-27T18:00:59.203+0300: 25.460: [Finalize Marking, 0.0001634 secs] 2016-06-27T18:00:59.203+0300: 25.460: [GC ref-proc, 0.0000492 secs] 2016-06-27T18:00:59.203+0300: 25.460: [Unloading, 0.0015417 secs], 0.0040041 secs]
 [Times: user=0.00 sys=0.00, real=0.00 secs] 
2016-06-27T18:00:59.207+0300: 25.464: Total time for which application threads were stopped: 0.0047790 seconds, Stopping threads took: 0.0003229 seconds
2016-06-27T18:00:59.207+0300: 25.465: [GC cleanup 544M->544M(565M), 0.0006445 secs]
 [Times: user=0.06 sys=0.00, real=0.00 secs] 
2016-06-27T18:00:59.208+0300: 25.465: Total time for which application threads were stopped: 0.0011705 seconds, Stopping threads took: 0.0000483 seconds
2016-06-27T18:00:59.338+0300: 25.595: [GC pause (G1 Evacuation Pause) (young)
Desired survivor size 2097152 bytes, new threshold 1 (max 15)
- age   1:    3790216 bytes,    3790216 total
, 0.0028362 secs]
   [Parallel Time: 2.2 ms, GC Workers: 4]
      [GC Worker Start (ms): Min: 25595.5, Avg: 25595.5, Max: 25595.6, Diff: 0.0]
      [Ext Root Scanning (ms): Min: 0.5, Avg: 0.5, Max: 0.6, Diff: 0.1, Sum: 2.1]
      [Update RS (ms): Min: 0.2, Avg: 0.3, Max: 0.5, Diff: 0.2, Sum: 1.3]
         [Processed Buffers: Min: 5, Avg: 8.3, Max: 10, Diff: 5, Sum: 33]
      [Scan RS (ms): Min: 0.0, Avg: 0.0, Max: 0.0, Diff: 0.0, Sum: 0.0]
      [Code Root Scanning (ms): Min: 0.0, Avg: 0.0, Max: 0.0, Diff: 0.0, Sum: 0.0]
      [Object Copy (ms): Min: 1.2, Avg: 1.3, Max: 1.3, Diff: 0.1, Sum: 5.1]
      [Termination (ms): Min: 0.0, Avg: 0.0, Max: 0.0, Diff: 0.0, Sum: 0.0]
         [Termination Attempts: Min: 1, Avg: 1.0, Max: 1, Diff: 0, Sum: 4]
      [GC Worker Other (ms): Min: 0.0, Avg: 0.0, Max: 0.0, Diff: 0.0, Sum: 0.0]
      [GC Worker Total (ms): Min: 2.1, Avg: 2.1, Max: 2.1, Diff: 0.0, Sum: 8.5]
      [GC Worker End (ms): Min: 25597.7, Avg: 25597.7, Max: 25597.7, Diff: 0.0]
   [Code Root Fixup: 0.0 ms]
   [Code Root Purge: 0.0 ms]
   [String Dedup Fixup: 0.3 ms, GC Workers: 4]
      [Queue Fixup (ms): Min: 0.0, Avg: 0.0, Max: 0.0, Diff: 0.0, Sum: 0.0]
      [Table Fixup (ms): Min: 0.3, Avg: 0.3, Max: 0.3, Diff: 0.0, Sum: 1.0]
   [Clear CT: 0.0 ms]
   [Other: 0.4 ms]
      [Choose CSet: 0.0 ms]
      [Ref Proc: 0.0 ms]
      [Ref Enq: 0.0 ms]
      [Redirty Cards: 0.0 ms]
      [Humongous Register: 0.0 ms]
      [Humongous Reclaim: 0.0 ms]
      [Free CSet: 0.0 ms]
   [Eden: 24.0M(24.0M)->0.0B(24.0M) Survivors: 4096.0K->4096.0K Heap: 560.0M(565.0M)->541.0M(569.0M)]
 [Times: user=0.00 sys=0.00, real=0.00 secs] 
2016-06-27T18:00:59.341+0300: 25.599: Total time for which application threads were stopped: 0.0041756 seconds, Stopping threads took: 0.0005863 seconds
2016-06-27T18:00:59.344+0300: 25.601: [GC concurrent-string-deduplication, 3685.9K->3582.8K(103.1K), avg 1.2%, 0.0026279 secs]
   [Last Exec: 0.0026279 secs, Idle: 0.1965341 secs, Blocked: 0/0.0000000 secs]
      [Inspected:             190]
         [Skipped:              3(  1.6%)]
         [Hashed:             187( 98.4%)]
         [Known:                0(  0.0%)]
         [New:                187( 98.4%)   3685.9K]
      [Deduplicated:            8(  4.3%)    103.1K(  2.8%)]
         [Young:                0(  0.0%)      0.0B(  0.0%)]
         [Old:                  8(100.0%)    103.1K(100.0%)]
   [Total Exec: 140/0.3513527 secs, Idle: 140/25.0154212 secs, Blocked: 2/0.0043244 secs]
      [Inspected:           28237]
         [Skipped:            264(  0.9%)]
         [Hashed:           26995( 95.6%)]
         [Known:             1650(  5.8%)]
         [New:              26323( 93.2%)    479.1M]
      [Deduplicated:         1169(  4.4%)   5843.9K(  1.2%)]
         [Young:                5(  0.4%)   5200.0B(  0.1%)]
         [Old:               1164( 99.6%)   5838.8K( 99.9%)]
   [Table]
      [Memory Usage: 737.1K]
      [Size: 16384, Min: 1024, Max: 16777216]
      [Entries: 25146, Load: 153.5%, Cached: 843, Added: 26797, Removed: 1651]
      [Resize Count: 4, Shrink Threshold: 10922(66.7%), Grow Threshold: 32768(200.0%)]
      [Rehash Count: 1, Rehash Threshold: 120, Hash Seed: 0xc4e8cebb]
      [Age Threshold: 3]
   [Queue]
      [Dropped: 0]
2016-06-27T18:00:59.547+0300: 25.805: [GC pause (G1 Evacuation Pause) (mixed)
Desired survivor size 2097152 bytes, new threshold 1 (max 15)
- age   1:    4065608 bytes,    4065608 total
, 0.0106396 secs]
   [Parallel Time: 9.6 ms, GC Workers: 4]
      [GC Worker Start (ms): Min: 25804.7, Avg: 25804.8, Max: 25804.8, Diff: 0.0]
      [Ext Root Scanning (ms): Min: 0.5, Avg: 0.5, Max: 0.6, Diff: 0.2, Sum: 2.1]
      [Update RS (ms): Min: 0.3, Avg: 0.4, Max: 0.5, Diff: 0.2, Sum: 1.4]
         [Processed Buffers: Min: 1, Avg: 5.8, Max: 10, Diff: 9, Sum: 23]
      [Scan RS (ms): Min: 0.2, Avg: 0.3, Max: 0.4, Diff: 0.1, Sum: 1.2]
      [Code Root Scanning (ms): Min: 0.0, Avg: 0.0, Max: 0.0, Diff: 0.0, Sum: 0.0]
      [Object Copy (ms): Min: 8.3, Avg: 8.4, Max: 8.4, Diff: 0.1, Sum: 33.5]
      [Termination (ms): Min: 0.0, Avg: 0.0, Max: 0.0, Diff: 0.0, Sum: 0.0]
         [Termination Attempts: Min: 1, Avg: 1.0, Max: 1, Diff: 0, Sum: 4]
      [GC Worker Other (ms): Min: 0.0, Avg: 0.0, Max: 0.0, Diff: 0.0, Sum: 0.0]
      [GC Worker Total (ms): Min: 9.6, Avg: 9.6, Max: 9.6, Diff: 0.0, Sum: 38.3]
      [GC Worker End (ms): Min: 25814.3, Avg: 25814.3, Max: 25814.3, Diff: 0.0]
   [Code Root Fixup: 0.0 ms]
   [Code Root Purge: 0.0 ms]
   [String Dedup Fixup: 0.4 ms, GC Workers: 4]
      [Queue Fixup (ms): Min: 0.0, Avg: 0.0, Max: 0.0, Diff: 0.0, Sum: 0.0]
      [Table Fixup (ms): Min: 0.3, Avg: 0.3, Max: 0.3, Diff: 0.0, Sum: 1.3]
   [Clear CT: 0.1 ms]
   [Other: 0.6 ms]
      [Choose CSet: 0.0 ms]
      [Ref Proc: 0.0 ms]
      [Ref Enq: 0.0 ms]
      [Redirty Cards: 0.0 ms]
      [Humongous Register: 0.0 ms]
      [Humongous Reclaim: 0.0 ms]
      [Free CSet: 0.2 ms]
   [Eden: 24.0M(24.0M)->0.0B(26.0M) Survivors: 4096.0K->4096.0K Heap: 565.0M(569.0M)->520.0M(605.0M)]
 [Times: user=0.05 sys=0.02, real=0.01 secs] 
2016-06-27T18:00:59.560+0300: 25.818: Total time for which application threads were stopped: 0.0145839 seconds, Stopping threads took: 0.0009588 seconds
2016-06-27T18:00:59.563+0300: 25.821: [GC concurrent-string-deduplication, 4005.2K->3943.1K(62.1K), avg 1.2%, 0.0028131 secs]
   [Last Exec: 0.0028131 secs, Idle: 0.2165146 secs, Blocked: 0/0.0000000 secs]
      [Inspected:             204]
         [Skipped:              2(  1.0%)]
         [Hashed:             202( 99.0%)]
         [Known:                0(  0.0%)]
         [New:                202( 99.0%)   4005.2K]
      [Deduplicated:            5(  2.5%)     62.1K(  1.5%)]
         [Young:                0(  0.0%)      0.0B(  0.0%)]
         [Old:                  5(100.0%)     62.1K(100.0%)]
   [Total Exec: 141/0.3541658 secs, Idle: 141/25.2319358 secs, Blocked: 2/0.0043244 secs]
      [Inspected:           28441]
         [Skipped:            266(  0.9%)]
         [Hashed:           27197( 95.6%)]
         [Known:             1650(  5.8%)]
         [New:              26525( 93.3%)    483.0M]
      [Deduplicated:         1174(  4.4%)   5906.0K(  1.2%)]
         [Young:                5(  0.4%)   5200.0B(  0.1%)]
         [Old:               1169( 99.6%)   5900.9K( 99.9%)]
   [Table]
      [Memory Usage: 737.1K]
      [Size: 16384, Min: 1024, Max: 16777216]
      [Entries: 25343, Load: 154.7%, Cached: 646, Added: 26994, Removed: 1651]
      [Resize Count: 4, Shrink Threshold: 10922(66.7%), Grow Threshold: 32768(200.0%)]
      [Rehash Count: 1, Rehash Threshold: 120, Hash Seed: 0xc4e8cebb]
      [Age Threshold: 3]
   [Queue]
      [Dropped: 0]
2016-06-27T18:00:59.738+0300: 25.996: [GC pause (G1 Evacuation Pause) (mixed)
Desired survivor size 2097152 bytes, new threshold 1 (max 15)
- age   1:    3823136 bytes,    3823136 total
, 0.0098540 secs]
   [Parallel Time: 8.8 ms, GC Workers: 4]
      [GC Worker Start (ms): Min: 25995.7, Avg: 25995.7, Max: 25995.7, Diff: 0.0]
      [Ext Root Scanning (ms): Min: 0.5, Avg: 0.5, Max: 0.6, Diff: 0.1, Sum: 2.2]
      [Update RS (ms): Min: 1.2, Avg: 1.3, Max: 1.4, Diff: 0.2, Sum: 5.3]
         [Processed Buffers: Min: 3, Avg: 6.0, Max: 10, Diff: 7, Sum: 24]
      [Scan RS (ms): Min: 0.5, Avg: 0.6, Max: 0.6, Diff: 0.1, Sum: 2.2]
      [Code Root Scanning (ms): Min: 0.0, Avg: 0.0, Max: 0.0, Diff: 0.0, Sum: 0.0]
      [Object Copy (ms): Min: 6.4, Avg: 6.4, Max: 6.4, Diff: 0.1, Sum: 25.5]
      [Termination (ms): Min: 0.0, Avg: 0.0, Max: 0.0, Diff: 0.0, Sum: 0.0]
         [Termination Attempts: Min: 1, Avg: 1.0, Max: 1, Diff: 0, Sum: 4]
      [GC Worker Other (ms): Min: 0.0, Avg: 0.0, Max: 0.0, Diff: 0.0, Sum: 0.1]
      [GC Worker Total (ms): Min: 8.8, Avg: 8.8, Max: 8.8, Diff: 0.0, Sum: 35.3]
      [GC Worker End (ms): Min: 26004.5, Avg: 26004.5, Max: 26004.5, Diff: 0.0]
   [Code Root Fixup: 0.0 ms]
   [Code Root Purge: 0.0 ms]
   [String Dedup Fixup: 0.3 ms, GC Workers: 4]
      [Queue Fixup (ms): Min: 0.0, Avg: 0.0, Max: 0.0, Diff: 0.0, Sum: 0.0]
      [Table Fixup (ms): Min: 0.3, Avg: 0.3, Max: 0.3, Diff: 0.0, Sum: 1.2]
   [Clear CT: 0.1 ms]
   [Other: 0.6 ms]
      [Choose CSet: 0.0 ms]
      [Ref Proc: 0.0 ms]
      [Ref Enq: 0.0 ms]
      [Redirty Cards: 0.0 ms]
      [Humongous Register: 0.0 ms]
      [Humongous Reclaim: 0.0 ms]
      [Free CSet: 0.2 ms]
   [Eden: 26.0M(26.0M)->0.0B(27.0M) Survivors: 4096.0K->4096.0K Heap: 546.0M(605.0M)->512.0M(605.0M)]
 [Times: user=0.06 sys=0.00, real=0.01 secs] 
2016-06-27T18:00:59.748+0300: 26.006: Total time for which application threads were stopped: 0.0111643 seconds, Stopping threads took: 0.0007800 seconds
2016-06-27T18:00:59.751+0300: 26.008: [GC concurrent-string-deduplication, 3786.0K->3662.9K(123.1K), avg 1.2%, 0.0026711 secs]
   [Last Exec: 0.0026711 secs, Idle: 0.1850028 secs, Blocked: 0/0.0000000 secs]
      [Inspected:             192]
         [Skipped:              0(  0.0%)]
         [Hashed:             192(100.0%)]
         [Known:                0(  0.0%)]
         [New:                192(100.0%)   3786.0K]
      [Deduplicated:            9(  4.7%)    123.1K(  3.3%)]
         [Young:                0(  0.0%)      0.0B(  0.0%)]
         [Old:                  9(100.0%)    123.1K(100.0%)]
   [Total Exec: 142/0.3568369 secs, Idle: 142/25.4169386 secs, Blocked: 2/0.0043244 secs]
      [Inspected:           28633]
         [Skipped:            266(  0.9%)]
         [Hashed:           27389( 95.7%)]
         [Known:             1650(  5.8%)]
         [New:              26717( 93.3%)    486.7M]
      [Deduplicated:         1183(  4.4%)   6029.1K(  1.2%)]
         [Young:                5(  0.4%)   5200.0B(  0.1%)]
         [Old:               1178( 99.6%)   6024.1K( 99.9%)]
   [Table]
      [Memory Usage: 737.1K]
      [Size: 16384, Min: 1024, Max: 16777216]
      [Entries: 25776, Load: 157.3%, Cached: 213, Added: 27427, Removed: 1651]
      [Resize Count: 4, Shrink Threshold: 10922(66.7%), Grow Threshold: 32768(200.0%)]
      [Rehash Count: 1, Rehash Threshold: 120, Hash Seed: 0xc4e8cebb]
      [Age Threshold: 3]
   [Queue]
      [Dropped: 0]
2016-06-27T18:00:59.978+0300: 26.235: [GC pause (G1 Evacuation Pause) (young)
Desired survivor size 2097152 bytes, new threshold 1 (max 15)
- age   1:    4126464 bytes,    4126464 total
, 0.0044613 secs]
   [Parallel Time: 3.7 ms, GC Workers: 4]
      [GC Worker Start (ms): Min: 26235.4, Avg: 26235.4, Max: 26235.4, Diff: 0.0]
      [Ext Root Scanning (ms): Min: 0.4, Avg: 0.5, Max: 0.5, Diff: 0.1, Sum: 1.9]
      [Update RS (ms): Min: 1.8, Avg: 1.9, Max: 1.9, Diff: 0.1, Sum: 7.5]
         [Processed Buffers: Min: 3, Avg: 6.3, Max: 10, Diff: 7, Sum: 25]
      [Scan RS (ms): Min: 0.0, Avg: 0.0, Max: 0.0, Diff: 0.0, Sum: 0.0]
      [Code Root Scanning (ms): Min: 0.0, Avg: 0.0, Max: 0.0, Diff: 0.0, Sum: 0.0]
      [Object Copy (ms): Min: 1.3, Avg: 1.3, Max: 1.4, Diff: 0.1, Sum: 5.3]
      [Termination (ms): Min: 0.0, Avg: 0.0, Max: 0.0, Diff: 0.0, Sum: 0.0]
         [Termination Attempts: Min: 1, Avg: 1.0, Max: 1, Diff: 0, Sum: 4]
      [GC Worker Other (ms): Min: 0.0, Avg: 0.0, Max: 0.0, Diff: 0.0, Sum: 0.1]
      [GC Worker Total (ms): Min: 3.7, Avg: 3.7, Max: 3.7, Diff: 0.0, Sum: 14.8]
      [GC Worker End (ms): Min: 26239.1, Avg: 26239.1, Max: 26239.1, Diff: 0.0]
   [Code Root Fixup: 0.0 ms]
   [Code Root Purge: 0.0 ms]
   [String Dedup Fixup: 0.3 ms, GC Workers: 4]
      [Queue Fixup (ms): Min: 0.0, Avg: 0.0, Max: 0.0, Diff: 0.0, Sum: 0.0]
      [Table Fixup (ms): Min: 0.3, Avg: 0.3, Max: 0.3, Diff: 0.0, Sum: 1.0]
   [Clear CT: 0.0 ms]
   [Other: 0.4 ms]
      [Choose CSet: 0.0 ms]
      [Ref Proc: 0.0 ms]
      [Ref Enq: 0.0 ms]
      [Redirty Cards: 0.0 ms]
      [Humongous Register: 0.0 ms]
      [Humongous Reclaim: 0.0 ms]
      [Free CSet: 0.1 ms]
   [Eden: 27.0M(27.0M)->0.0B(26.0M) Survivors: 4096.0K->4096.0K Heap: 539.0M(605.0M)->518.0M(605.0M)]
 [Times: user=0.00 sys=0.00, real=0.00 secs] 
2016-06-27T18:00:59.983+0300: 26.240: Total time for which application threads were stopped: 0.0060107 seconds, Stopping threads took: 0.0009879 seconds
2016-06-27T18:00:59.986+0300: 26.243: [GC concurrent-string-deduplication, 4430.2K->4304.9K(125.3K), avg 1.2%, 0.0032224 secs]
   [Last Exec: 0.0032224 secs, Idle: 0.2314551 secs, Blocked: 0/0.0000000 secs]
      [Inspected:             544]
         [Skipped:              3(  0.6%)]
         [Hashed:             541( 99.4%)]
         [Known:              256( 47.1%)]
         [New:                285( 52.4%)   4430.2K]
      [Deduplicated:           36( 12.6%)    125.3K(  2.8%)]
         [Young:                0(  0.0%)      0.0B(  0.0%)]
         [Old:                 36(100.0%)    125.3K(100.0%)]
   [Total Exec: 143/0.3600593 secs, Idle: 143/25.6483937 secs, Blocked: 2/0.0043244 secs]
      [Inspected:           29177]
         [Skipped:            269(  0.9%)]
         [Hashed:           27930( 95.7%)]
         [Known:             1906(  6.5%)]
         [New:              27002( 92.5%)    491.0M]
      [Deduplicated:         1219(  4.5%)   6154.4K(  1.2%)]
         [Young:                5(  0.4%)   5200.0B(  0.1%)]
         [Old:               1214( 99.6%)   6149.3K( 99.9%)]
   [Table]
      [Memory Usage: 738.0K]
      [Size: 16384, Min: 1024, Max: 16777216]
      [Entries: 26025, Load: 158.8%, Cached: 0, Added: 27676, Removed: 1651]
      [Resize Count: 4, Shrink Threshold: 10922(66.7%), Grow Threshold: 32768(200.0%)]
      [Rehash Count: 1, Rehash Threshold: 120, Hash Seed: 0xc4e8cebb]
      [Age Threshold: 3]
   [Queue]
      [Dropped: 0]
2016-06-27T18:01:00.205+0300: 26.462: [GC pause (G1 Evacuation Pause) (young) (initial-mark)
Desired survivor size 2097152 bytes, new threshold 1 (max 15)
- age   1:    4086704 bytes,    4086704 total
, 0.0035974 secs]
   [Parallel Time: 2.6 ms, GC Workers: 4]
      [GC Worker Start (ms): Min: 26462.7, Avg: 26462.7, Max: 26462.7, Diff: 0.0]
      [Ext Root Scanning (ms): Min: 0.4, Avg: 0.5, Max: 0.6, Diff: 0.2, Sum: 2.1]
      [Update RS (ms): Min: 0.6, Avg: 0.7, Max: 0.8, Diff: 0.2, Sum: 2.8]
         [Processed Buffers: Min: 4, Avg: 6.0, Max: 8, Diff: 4, Sum: 24]
      [Scan RS (ms): Min: 0.0, Avg: 0.0, Max: 0.0, Diff: 0.0, Sum: 0.0]
      [Code Root Scanning (ms): Min: 0.0, Avg: 0.0, Max: 0.0, Diff: 0.0, Sum: 0.0]
      [Object Copy (ms): Min: 1.4, Avg: 1.4, Max: 1.4, Diff: 0.1, Sum: 5.5]
      [Termination (ms): Min: 0.0, Avg: 0.0, Max: 0.0, Diff: 0.0, Sum: 0.0]
         [Termination Attempts: Min: 1, Avg: 1.0, Max: 1, Diff: 0, Sum: 4]
      [GC Worker Other (ms): Min: 0.0, Avg: 0.0, Max: 0.0, Diff: 0.0, Sum: 0.0]
      [GC Worker Total (ms): Min: 2.6, Avg: 2.6, Max: 2.6, Diff: 0.0, Sum: 10.4]
      [GC Worker End (ms): Min: 26465.3, Avg: 26465.3, Max: 26465.3, Diff: 0.0]
   [Code Root Fixup: 0.0 ms]
   [Code Root Purge: 0.0 ms]
   [String Dedup Fixup: 0.3 ms, GC Workers: 4]
      [Queue Fixup (ms): Min: 0.0, Avg: 0.0, Max: 0.0, Diff: 0.0, Sum: 0.0]
      [Table Fixup (ms): Min: 0.3, Avg: 0.3, Max: 0.3, Diff: 0.0, Sum: 1.3]
   [Clear CT: 0.0 ms]
   [Other: 0.6 ms]
      [Choose CSet: 0.0 ms]
      [Ref Proc: 0.0 ms]
      [Ref Enq: 0.0 ms]
      [Redirty Cards: 0.0 ms]
      [Humongous Register: 0.0 ms]
      [Humongous Reclaim: 0.0 ms]
      [Free CSet: 0.1 ms]
   [Eden: 26.0M(26.0M)->0.0B(26.0M) Survivors: 4096.0K->4096.0K Heap: 544.0M(605.0M)->523.5M(605.0M)]
 [Times: user=0.06 sys=0.00, real=0.00 secs] 
2016-06-27T18:01:00.209+0300: 26.466: [GC concurrent-root-region-scan-start]
2016-06-27T18:01:00.209+0300: 26.466: Total time for which application threads were stopped: 0.0087011 seconds, Stopping threads took: 0.0043702 seconds
2016-06-27T18:01:00.210+0300: 26.467: [GC concurrent-root-region-scan-end, 0.0006795 secs]
2016-06-27T18:01:00.210+0300: 26.467: [GC concurrent-mark-start]
2016-06-27T18:01:00.212+0300: 26.469: [GC concurrent-string-deduplication, 4186.3K->4103.2K(83.1K), avg 1.2%, 0.0030436 secs]
   [Last Exec: 0.0030436 secs, Idle: 0.2232334 secs, Blocked: 0/0.0000000 secs]
      [Inspected:             213]
         [Skipped:              1(  0.5%)]
         [Hashed:             212( 99.5%)]
         [Known:                0(  0.0%)]
         [New:                212( 99.5%)   4186.3K]
      [Deduplicated:            7(  3.3%)     83.1K(  2.0%)]
         [Young:                0(  0.0%)      0.0B(  0.0%)]
         [Old:                  7(100.0%)     83.1K(100.0%)]
   [Total Exec: 144/0.3631029 secs, Idle: 144/25.8716271 secs, Blocked: 2/0.0043244 secs]
      [Inspected:           29390]
         [Skipped:            270(  0.9%)]
         [Hashed:           28142( 95.8%)]
         [Known:             1906(  6.5%)]
         [New:              27214( 92.6%)    495.1M]
      [Deduplicated:         1226(  4.5%)   6237.5K(  1.2%)]
         [Young:                5(  0.4%)   5200.0B(  0.1%)]
         [Old:               1221( 99.6%)   6232.4K( 99.9%)]
   [Table]
      [Memory Usage: 742.8K]
      [Size: 16384, Min: 1024, Max: 16777216]
      [Entries: 26232, Load: 160.1%, Cached: 0, Added: 27883, Removed: 1651]
      [Resize Count: 4, Shrink Threshold: 10922(66.7%), Grow Threshold: 32768(200.0%)]
      [Rehash Count: 1, Rehash Threshold: 120, Hash Seed: 0xc4e8cebb]
      [Age Threshold: 3]
   [Queue]
      [Dropped: 0]
2016-06-27T18:01:00.240+0300: 26.498: [GC concurrent-mark-end, 0.0293341 secs]
2016-06-27T18:01:00.249+0300: 26.507: Total time for which application threads were stopped: 0.0073116 seconds, Stopping threads took: 0.0060594 seconds
2016-06-27T18:01:00.252+0300: 26.510: Total time for which application threads were stopped: 0.0004101 seconds, Stopping threads took: 0.0001339 seconds
2016-06-27T18:01:00.253+0300: 26.510: Total time for which application threads were stopped: 0.0003383 seconds, Stopping threads took: 0.0000667 seconds
2016-06-27T18:01:00.253+0300: 26.511: Total time for which application threads were stopped: 0.0002647 seconds, Stopping threads took: 0.0000402 seconds
2016-06-27T18:01:00.258+0300: 26.515: Total time for which application threads were stopped: 0.0005158 seconds, Stopping threads took: 0.0000612 seconds
2016-06-27T18:01:00.319+0300: 26.576: [GC remark 2016-06-27T18:01:00.319+0300: 26.576: [Finalize Marking, 0.0001167 secs] 2016-06-27T18:01:00.319+0300: 26.576: [GC ref-proc, 0.0000594 secs] 2016-06-27T18:01:00.319+0300: 26.576: [Unloading, 0.0017919 secs], 0.0043086 secs]
 [Times: user=0.00 sys=0.00, real=0.00 secs] 
2016-06-27T18:01:00.323+0300: 26.580: Total time for which application threads were stopped: 0.0047200 seconds, Stopping threads took: 0.0000513 seconds
2016-06-27T18:01:00.324+0300: 26.581: [GC pause (G1 Evacuation Pause) (young)
Desired survivor size 2097152 bytes, new threshold 1 (max 15)
- age   1:    3920088 bytes,    3920088 total
, 0.0031959 secs]
   [Parallel Time: 2.5 ms, GC Workers: 4]
      [GC Worker Start (ms): Min: 26580.8, Avg: 26580.9, Max: 26580.9, Diff: 0.0]
      [Ext Root Scanning (ms): Min: 0.5, Avg: 0.5, Max: 0.6, Diff: 0.1, Sum: 2.1]
      [Update RS (ms): Min: 0.6, Avg: 0.7, Max: 0.7, Diff: 0.1, Sum: 2.6]
         [Processed Buffers: Min: 2, Avg: 6.0, Max: 11, Diff: 9, Sum: 24]
      [Scan RS (ms): Min: 0.0, Avg: 0.0, Max: 0.0, Diff: 0.0, Sum: 0.0]
      [Code Root Scanning (ms): Min: 0.0, Avg: 0.0, Max: 0.0, Diff: 0.0, Sum: 0.0]
      [Object Copy (ms): Min: 1.2, Avg: 1.3, Max: 1.3, Diff: 0.1, Sum: 5.2]
      [Termination (ms): Min: 0.0, Avg: 0.0, Max: 0.0, Diff: 0.0, Sum: 0.0]
         [Termination Attempts: Min: 1, Avg: 1.0, Max: 1, Diff: 0, Sum: 4]
      [GC Worker Other (ms): Min: 0.0, Avg: 0.0, Max: 0.0, Diff: 0.0, Sum: 0.1]
      [GC Worker Total (ms): Min: 2.5, Avg: 2.5, Max: 2.5, Diff: 0.0, Sum: 10.0]
      [GC Worker End (ms): Min: 26583.4, Avg: 26583.4, Max: 26583.4, Diff: 0.0]
   [Code Root Fixup: 0.0 ms]
   [Code Root Purge: 0.0 ms]
   [String Dedup Fixup: 0.3 ms, GC Workers: 4]
      [Queue Fixup (ms): Min: 0.0, Avg: 0.0, Max: 0.0, Diff: 0.0, Sum: 0.0]
      [Table Fixup (ms): Min: 0.3, Avg: 0.3, Max: 0.3, Diff: 0.0, Sum: 1.1]
   [Clear CT: 0.0 ms]
   [Other: 0.3 ms]
      [Choose CSet: 0.0 ms]
      [Ref Proc: 0.0 ms]
      [Ref Enq: 0.0 ms]
      [Redirty Cards: 0.0 ms]
      [Humongous Register: 0.0 ms]
      [Humongous Reclaim: 0.0 ms]
      [Free CSet: 0.0 ms]
   [Eden: 26.0M(26.0M)->0.0B(26.0M) Survivors: 4096.0K->4096.0K Heap: 549.5M(605.0M)->529.0M(605.0M)]
 [Times: user=0.00 sys=0.00, real=0.00 secs] 
2016-06-27T18:01:00.327+0300: 26.584: Total time for which application threads were stopped: 0.0036740 seconds, Stopping threads took: 0.0000599 seconds
2016-06-27T18:01:00.330+0300: 26.587: [GC concurrent-string-deduplication, 4024.4K->3983.1K(41.2K), avg 1.2%, 0.0029132 secs]
   [Last Exec: 0.0029132 secs, Idle: 0.1146126 secs, Blocked: 0/0.0000000 secs]
      [Inspected:             206]
         [Skipped:              2(  1.0%)]
         [Hashed:             204( 99.0%)]
         [Known:                0(  0.0%)]
         [New:                204( 99.0%)   4024.4K]
      [Deduplicated:            4(  2.0%)     41.2K(  1.0%)]
         [Young:                0(  0.0%)      0.0B(  0.0%)]
         [Old:                  4(100.0%)     41.2K(100.0%)]
   [Total Exec: 145/0.3660161 secs, Idle: 145/25.9862398 secs, Blocked: 2/0.0043244 secs]
      [Inspected:           29596]
         [Skipped:            272(  0.9%)]
         [Hashed:           28346( 95.8%)]
         [Known:             1906(  6.4%)]
         [New:              27418( 92.6%)    499.0M]
      [Deduplicated:         1230(  4.5%)   6278.7K(  1.2%)]
         [Young:                5(  0.4%)   5200.0B(  0.1%)]
         [Old:               1225( 99.6%)   6273.6K( 99.9%)]
   [Table]
      [Memory Usage: 753.9K]
      [Size: 16384, Min: 1024, Max: 16777216]
      [Entries: 26705, Load: 163.0%, Cached: 0, Added: 28356, Removed: 1651]
      [Resize Count: 4, Shrink Threshold: 10922(66.7%), Grow Threshold: 32768(200.0%)]
      [Rehash Count: 1, Rehash Threshold: 120, Hash Seed: 0xc4e8cebb]
      [Age Threshold: 3]
   [Queue]
      [Dropped: 0]
2016-06-27T18:01:00.540+0300: 26.797: [GC pause (G1 Evacuation Pause) (young)
Desired survivor size 2097152 bytes, new threshold 1 (max 15)
- age   1:    3821968 bytes,    3821968 total
, 0.0036363 secs]
   [Parallel Time: 2.9 ms, GC Workers: 4]
      [GC Worker Start (ms): Min: 26797.1, Avg: 26797.2, Max: 26797.2, Diff: 0.0]
      [Ext Root Scanning (ms): Min: 0.4, Avg: 0.5, Max: 0.5, Diff: 0.1, Sum: 1.9]
      [Update RS (ms): Min: 0.7, Avg: 0.7, Max: 0.8, Diff: 0.1, Sum: 3.0]
         [Processed Buffers: Min: 2, Avg: 8.3, Max: 16, Diff: 14, Sum: 33]
      [Scan RS (ms): Min: 0.0, Avg: 0.0, Max: 0.0, Diff: 0.0, Sum: 0.0]
      [Code Root Scanning (ms): Min: 0.0, Avg: 0.0, Max: 0.0, Diff: 0.0, Sum: 0.1]
      [Object Copy (ms): Min: 1.6, Avg: 1.6, Max: 1.7, Diff: 0.1, Sum: 6.3]
      [Termination (ms): Min: 0.0, Avg: 0.0, Max: 0.0, Diff: 0.0, Sum: 0.0]
         [Termination Attempts: Min: 1, Avg: 1.3, Max: 2, Diff: 1, Sum: 5]
      [GC Worker Other (ms): Min: 0.0, Avg: 0.0, Max: 0.0, Diff: 0.0, Sum: 0.1]
      [GC Worker Total (ms): Min: 2.8, Avg: 2.8, Max: 2.8, Diff: 0.0, Sum: 11.3]
      [GC Worker End (ms): Min: 26800.0, Avg: 26800.0, Max: 26800.0, Diff: 0.0]
   [Code Root Fixup: 0.0 ms]
   [Code Root Purge: 0.0 ms]
   [String Dedup Fixup: 0.3 ms, GC Workers: 4]
      [Queue Fixup (ms): Min: 0.0, Avg: 0.0, Max: 0.0, Diff: 0.0, Sum: 0.0]
      [Table Fixup (ms): Min: 0.3, Avg: 0.3, Max: 0.3, Diff: 0.0, Sum: 1.2]
   [Clear CT: 0.0 ms]
   [Other: 0.4 ms]
      [Choose CSet: 0.0 ms]
      [Ref Proc: 0.0 ms]
      [Ref Enq: 0.0 ms]
      [Redirty Cards: 0.0 ms]
      [Humongous Register: 0.0 ms]
      [Humongous Reclaim: 0.0 ms]
      [Free CSet: 0.0 ms]
   [Eden: 26.0M(26.0M)->0.0B(26.0M) Survivors: 4096.0K->4096.0K Heap: 555.0M(605.0M)->535.0M(605.0M)]
 [Times: user=0.00 sys=0.00, real=0.00 secs] 
2016-06-27T18:01:00.544+0300: 26.801: Total time for which application threads were stopped: 0.0057746 seconds, Stopping threads took: 0.0015686 seconds
2016-06-27T18:01:00.547+0300: 26.804: [GC concurrent-string-deduplication, 3977.0K->3886.8K(90.2K), avg 1.2%, 0.0029872 secs]
   [Last Exec: 0.0029872 secs, Idle: 0.2137438 secs, Blocked: 0/0.0000000 secs]
      [Inspected:            1040]
         [Skipped:              6(  0.6%)]
         [Hashed:            1034( 99.4%)]
         [Known:              249( 23.9%)]
         [New:                785( 75.5%)   3977.0K]
      [Deduplicated:          538( 68.5%)     90.2K(  2.3%)]
         [Young:                0(  0.0%)      0.0B(  0.0%)]
         [Old:                538(100.0%)     90.2K(100.0%)]
   [Total Exec: 146/0.3690033 secs, Idle: 146/26.1999836 secs, Blocked: 2/0.0043244 secs]
      [Inspected:           30636]
         [Skipped:            278(  0.9%)]
         [Hashed:           29380( 95.9%)]
         [Known:             2155(  7.0%)]
         [New:              28203( 92.1%)    502.9M]
      [Deduplicated:         1768(  6.3%)   6368.9K(  1.2%)]
         [Young:                5(  0.3%)   5200.0B(  0.1%)]
         [Old:               1763( 99.7%)   6363.8K( 99.9%)]
   [Table]
      [Memory Usage: 790.1K]
      [Size: 16384, Min: 1024, Max: 16777216]
      [Entries: 28250, Load: 172.4%, Cached: 0, Added: 29901, Removed: 1651]
      [Resize Count: 4, Shrink Threshold: 10922(66.7%), Grow Threshold: 32768(200.0%)]
      [Rehash Count: 1, Rehash Threshold: 120, Hash Seed: 0xc4e8cebb]
      [Age Threshold: 3]
   [Queue]
      [Dropped: 0]
2016-06-27T18:01:00.766+0300: 27.023: [GC pause (G1 Evacuation Pause) (young)
Desired survivor size 2097152 bytes, new threshold 1 (max 15)
- age   1:    4128024 bytes,    4128024 total
, 0.0033896 secs]
   [Parallel Time: 2.5 ms, GC Workers: 4]
      [GC Worker Start (ms): Min: 27023.1, Avg: 27023.1, Max: 27023.1, Diff: 0.0]
      [Ext Root Scanning (ms): Min: 0.5, Avg: 0.5, Max: 0.5, Diff: 0.1, Sum: 1.9]
      [Update RS (ms): Min: 0.6, Avg: 0.7, Max: 0.8, Diff: 0.2, Sum: 2.7]
         [Processed Buffers: Min: 2, Avg: 7.0, Max: 10, Diff: 8, Sum: 28]
      [Scan RS (ms): Min: 0.0, Avg: 0.0, Max: 0.0, Diff: 0.0, Sum: 0.0]
      [Code Root Scanning (ms): Min: 0.0, Avg: 0.0, Max: 0.0, Diff: 0.0, Sum: 0.0]
      [Object Copy (ms): Min: 1.2, Avg: 1.3, Max: 1.4, Diff: 0.2, Sum: 5.2]
      [Termination (ms): Min: 0.0, Avg: 0.0, Max: 0.0, Diff: 0.0, Sum: 0.0]
         [Termination Attempts: Min: 1, Avg: 1.0, Max: 1, Diff: 0, Sum: 4]
      [GC Worker Other (ms): Min: 0.0, Avg: 0.0, Max: 0.0, Diff: 0.0, Sum: 0.0]
      [GC Worker Total (ms): Min: 2.5, Avg: 2.5, Max: 2.5, Diff: 0.0, Sum: 10.0]
      [GC Worker End (ms): Min: 27025.6, Avg: 27025.6, Max: 27025.6, Diff: 0.0]
   [Code Root Fixup: 0.0 ms]
   [Code Root Purge: 0.0 ms]
   [String Dedup Fixup: 0.4 ms, GC Workers: 4]
      [Queue Fixup (ms): Min: 0.0, Avg: 0.0, Max: 0.0, Diff: 0.0, Sum: 0.0]
      [Table Fixup (ms): Min: 0.4, Avg: 0.4, Max: 0.4, Diff: 0.0, Sum: 1.5]
   [Clear CT: 0.0 ms]
   [Other: 0.4 ms]
      [Choose CSet: 0.0 ms]
      [Ref Proc: 0.0 ms]
      [Ref Enq: 0.0 ms]
      [Redirty Cards: 0.0 ms]
      [Humongous Register: 0.0 ms]
      [Humongous Reclaim: 0.0 ms]
      [Free CSet: 0.0 ms]
   [Eden: 26.0M(26.0M)->0.0B(26.0M) Survivors: 4096.0K->4096.0K Heap: 561.0M(605.0M)->540.0M(605.0M)]
 [Times: user=0.00 sys=0.00, real=0.00 secs] 
2016-06-27T18:01:00.769+0300: 27.027: Total time for which application threads were stopped: 0.0051588 seconds, Stopping threads took: 0.0011872 seconds
2016-06-27T18:01:00.773+0300: 27.030: [GC concurrent-string-deduplication, 4267.6K->4203.7K(63.9K), avg 1.2%, 0.0034033 secs]
   [Last Exec: 0.0034033 secs, Idle: 0.2226048 secs, Blocked: 0/0.0000000 secs]
      [Inspected:            1624]
         [Skipped:              2(  0.1%)]
         [Hashed:            1622( 99.9%)]
         [Known:             1354( 83.4%)]
         [New:                268( 16.5%)   4267.6K]
      [Deduplicated:           49( 18.3%)     63.9K(  1.5%)]
         [Young:                0(  0.0%)      0.0B(  0.0%)]
         [Old:                 49(100.0%)     63.9K(100.0%)]
   [Total Exec: 147/0.3724065 secs, Idle: 147/26.4225884 secs, Blocked: 2/0.0043244 secs]
      [Inspected:           32260]
         [Skipped:            280(  0.9%)]
         [Hashed:           31002( 96.1%)]
         [Known:             3509( 10.9%)]
         [New:              28471( 88.3%)    507.1M]
      [Deduplicated:         1817(  6.4%)   6432.8K(  1.2%)]
         [Young:                5(  0.3%)   5200.0B(  0.1%)]
         [Old:               1812( 99.7%)   6427.7K( 99.9%)]
   [Table]
      [Memory Usage: 795.2K]
      [Size: 16384, Min: 1024, Max: 16777216]
      [Entries: 28469, Load: 173.8%, Cached: 0, Added: 30120, Removed: 1651]
      [Resize Count: 4, Shrink Threshold: 10922(66.7%), Grow Threshold: 32768(200.0%)]
      [Rehash Count: 1, Rehash Threshold: 120, Hash Seed: 0xc4e8cebb]
      [Age Threshold: 3]
   [Queue]
      [Dropped: 0]
2016-06-27T18:01:00.986+0300: 27.244: [GC pause (G1 Evacuation Pause) (young)
Desired survivor size 2097152 bytes, new threshold 1 (max 15)
- age   1:    3937440 bytes,    3937440 total
, 0.0031997 secs]
   [Parallel Time: 2.4 ms, GC Workers: 4]
      [GC Worker Start (ms): Min: 27243.7, Avg: 27243.7, Max: 27243.8, Diff: 0.1]
      [Ext Root Scanning (ms): Min: 0.4, Avg: 0.5, Max: 0.5, Diff: 0.1, Sum: 1.9]
      [Update RS (ms): Min: 0.5, Avg: 0.6, Max: 0.6, Diff: 0.1, Sum: 2.2]
         [Processed Buffers: Min: 1, Avg: 6.0, Max: 13, Diff: 12, Sum: 24]
      [Scan RS (ms): Min: 0.0, Avg: 0.0, Max: 0.0, Diff: 0.0, Sum: 0.0]
      [Code Root Scanning (ms): Min: 0.0, Avg: 0.0, Max: 0.0, Diff: 0.0, Sum: 0.0]
      [Object Copy (ms): Min: 1.2, Avg: 1.3, Max: 1.3, Diff: 0.0, Sum: 5.0]
      [Termination (ms): Min: 0.0, Avg: 0.0, Max: 0.0, Diff: 0.0, Sum: 0.0]
         [Termination Attempts: Min: 1, Avg: 1.0, Max: 1, Diff: 0, Sum: 4]
      [GC Worker Other (ms): Min: 0.0, Avg: 0.0, Max: 0.0, Diff: 0.0, Sum: 0.0]
      [GC Worker Total (ms): Min: 2.3, Avg: 2.3, Max: 2.3, Diff: 0.1, Sum: 9.2]
      [GC Worker End (ms): Min: 27246.0, Avg: 27246.0, Max: 27246.0, Diff: 0.0]
   [Code Root Fixup: 0.0 ms]
   [Code Root Purge: 0.0 ms]
   [String Dedup Fixup: 0.3 ms, GC Workers: 4]
      [Queue Fixup (ms): Min: 0.0, Avg: 0.0, Max: 0.0, Diff: 0.0, Sum: 0.0]
      [Table Fixup (ms): Min: 0.3, Avg: 0.3, Max: 0.3, Diff: 0.0, Sum: 1.2]
   [Clear CT: 0.0 ms]
   [Other: 0.5 ms]
      [Choose CSet: 0.0 ms]
      [Ref Proc: 0.0 ms]
      [Ref Enq: 0.0 ms]
      [Redirty Cards: 0.0 ms]
      [Humongous Register: 0.0 ms]
      [Humongous Reclaim: 0.0 ms]
      [Free CSet: 0.0 ms]
   [Eden: 26.0M(26.0M)->0.0B(26.0M) Survivors: 4096.0K->4096.0K Heap: 566.0M(605.0M)->545.5M(605.0M)]
 [Times: user=0.03 sys=0.02, real=0.00 secs] 
2016-06-27T18:01:00.989+0300: 27.247: Total time for which application threads were stopped: 0.0049980 seconds, Stopping threads took: 0.0011589 seconds
2016-06-27T18:01:00.992+0300: 27.250: [GC concurrent-string-deduplication, 3925.1K->3823.0K(102.1K), avg 1.2%, 0.0027947 secs]
   [Last Exec: 0.0027947 secs, Idle: 0.2169491 secs, Blocked: 0/0.0000000 secs]
      [Inspected:             199]
         [Skipped:              1(  0.5%)]
         [Hashed:             198( 99.5%)]
         [Known:                0(  0.0%)]
         [New:                198( 99.5%)   3925.1K]
      [Deduplicated:            7(  3.5%)    102.1K(  2.6%)]
         [Young:                0(  0.0%)      0.0B(  0.0%)]
         [Old:                  7(100.0%)    102.1K(100.0%)]
   [Total Exec: 148/0.3752013 secs, Idle: 148/26.6395374 secs, Blocked: 2/0.0043244 secs]
      [Inspected:           32459]
         [Skipped:            281(  0.9%)]
         [Hashed:           31200( 96.1%)]
         [Known:             3509( 10.8%)]
         [New:              28669( 88.3%)    510.9M]
      [Deduplicated:         1824(  6.4%)   6534.9K(  1.2%)]
         [Young:                5(  0.3%)   5200.0B(  0.1%)]
         [Old:               1819( 99.7%)   6529.8K( 99.9%)]
   [Table]
      [Memory Usage: 799.7K]
      [Size: 16384, Min: 1024, Max: 16777216]
      [Entries: 28660, Load: 174.9%, Cached: 0, Added: 30311, Removed: 1651]
      [Resize Count: 4, Shrink Threshold: 10922(66.7%), Grow Threshold: 32768(200.0%)]
      [Rehash Count: 1, Rehash Threshold: 120, Hash Seed: 0xc4e8cebb]
      [Age Threshold: 3]
   [Queue]
      [Dropped: 0]
2016-06-27T18:01:01.203+0300: 27.460: [GC pause (G1 Evacuation Pause) (young)
Desired survivor size 2097152 bytes, new threshold 1 (max 15)
- age   1:    4120096 bytes,    4120096 total
, 0.0032964 secs]
   [Parallel Time: 2.5 ms, GC Workers: 4]
      [GC Worker Start (ms): Min: 27460.4, Avg: 27460.4, Max: 27460.5, Diff: 0.2]
      [Ext Root Scanning (ms): Min: 0.6, Avg: 0.7, Max: 0.8, Diff: 0.2, Sum: 2.9]
      [Update RS (ms): Min: 0.3, Avg: 0.4, Max: 0.5, Diff: 0.2, Sum: 1.4]
         [Processed Buffers: Min: 1, Avg: 7.0, Max: 22, Diff: 21, Sum: 28]
      [Scan RS (ms): Min: 0.0, Avg: 0.0, Max: 0.0, Diff: 0.0, Sum: 0.0]
      [Code Root Scanning (ms): Min: 0.0, Avg: 0.0, Max: 0.0, Diff: 0.0, Sum: 0.0]
      [Object Copy (ms): Min: 1.2, Avg: 1.3, Max: 1.3, Diff: 0.2, Sum: 5.1]
      [Termination (ms): Min: 0.0, Avg: 0.0, Max: 0.0, Diff: 0.0, Sum: 0.0]
         [Termination Attempts: Min: 1, Avg: 1.0, Max: 1, Diff: 0, Sum: 4]
      [GC Worker Other (ms): Min: 0.0, Avg: 0.0, Max: 0.0, Diff: 0.0, Sum: 0.1]
      [GC Worker Total (ms): Min: 2.3, Avg: 2.4, Max: 2.5, Diff: 0.2, Sum: 9.5]
      [GC Worker End (ms): Min: 27462.8, Avg: 27462.8, Max: 27462.8, Diff: 0.0]
   [Code Root Fixup: 0.0 ms]
   [Code Root Purge: 0.0 ms]
   [String Dedup Fixup: 0.3 ms, GC Workers: 4]
      [Queue Fixup (ms): Min: 0.0, Avg: 0.0, Max: 0.0, Diff: 0.0, Sum: 0.0]
      [Table Fixup (ms): Min: 0.3, Avg: 0.3, Max: 0.3, Diff: 0.0, Sum: 1.2]
   [Clear CT: 0.0 ms]
   [Other: 0.5 ms]
      [Choose CSet: 0.0 ms]
      [Ref Proc: 0.0 ms]
      [Ref Enq: 0.0 ms]
      [Redirty Cards: 0.0 ms]
      [Humongous Register: 0.0 ms]
      [Humongous Reclaim: 0.0 ms]
      [Free CSet: 0.0 ms]
   [Eden: 26.0M(26.0M)->0.0B(26.0M) Survivors: 4096.0K->4096.0K Heap: 571.5M(605.0M)->551.5M(605.0M)]
 [Times: user=0.00 sys=0.00, real=0.00 secs] 
2016-06-27T18:01:01.207+0300: 27.464: Total time for which application threads were stopped: 0.0082764 seconds, Stopping threads took: 0.0043514 seconds
2016-06-27T18:01:01.210+0300: 27.467: [GC concurrent-string-deduplication, 4304.4K->4263.3K(41.0K), avg 1.2%, 0.0031856 secs]
   [Last Exec: 0.0031856 secs, Idle: 0.2138413 secs, Blocked: 0/0.0000000 secs]
      [Inspected:             216]
         [Skipped:              0(  0.0%)]
         [Hashed:             216(100.0%)]
         [Known:                0(  0.0%)]
         [New:                216(100.0%)   4304.4K]
      [Deduplicated:            3(  1.4%)     41.0K(  1.0%)]
         [Young:                0(  0.0%)      0.0B(  0.0%)]
         [Old:                  3(100.0%)     41.0K(100.0%)]
   [Total Exec: 149/0.3783869 secs, Idle: 149/26.8533787 secs, Blocked: 2/0.0043244 secs]
      [Inspected:           32675]
         [Skipped:            281(  0.9%)]
         [Hashed:           31416( 96.1%)]
         [Known:             3509( 10.7%)]
         [New:              28885( 88.4%)    515.1M]
      [Deduplicated:         1827(  6.3%)   6576.0K(  1.2%)]
         [Young:                5(  0.3%)   5200.0B(  0.1%)]
         [Old:               1822( 99.7%)   6570.9K( 99.9%)]
   [Table]
      [Memory Usage: 804.7K]
      [Size: 16384, Min: 1024, Max: 16777216]
      [Entries: 28873, Load: 176.2%, Cached: 0, Added: 30524, Removed: 1651]
      [Resize Count: 4, Shrink Threshold: 10922(66.7%), Grow Threshold: 32768(200.0%)]
      [Rehash Count: 1, Rehash Threshold: 120, Hash Seed: 0xc4e8cebb]
      [Age Threshold: 3]
   [Queue]
      [Dropped: 0]
2016-06-27T18:01:01.412+0300: 27.669: [GC pause (G1 Evacuation Pause) (young)
Desired survivor size 2097152 bytes, new threshold 1 (max 15)
- age   1:    3885256 bytes,    3885256 total
, 0.0033049 secs]
   [Parallel Time: 2.3 ms, GC Workers: 4]
      [GC Worker Start (ms): Min: 27669.3, Avg: 27669.3, Max: 27669.3, Diff: 0.0]
      [Ext Root Scanning (ms): Min: 0.5, Avg: 0.5, Max: 0.6, Diff: 0.1, Sum: 2.0]
      [Update RS (ms): Min: 0.4, Avg: 0.5, Max: 0.6, Diff: 0.3, Sum: 2.1]
         [Processed Buffers: Min: 1, Avg: 6.3, Max: 16, Diff: 15, Sum: 25]
      [Scan RS (ms): Min: 0.0, Avg: 0.0, Max: 0.0, Diff: 0.0, Sum: 0.0]
      [Code Root Scanning (ms): Min: 0.0, Avg: 0.0, Max: 0.0, Diff: 0.0, Sum: 0.0]
      [Object Copy (ms): Min: 1.2, Avg: 1.3, Max: 1.3, Diff: 0.2, Sum: 5.0]
      [Termination (ms): Min: 0.0, Avg: 0.0, Max: 0.0, Diff: 0.0, Sum: 0.0]
         [Termination Attempts: Min: 1, Avg: 1.0, Max: 1, Diff: 0, Sum: 4]
      [GC Worker Other (ms): Min: 0.0, Avg: 0.0, Max: 0.0, Diff: 0.0, Sum: 0.0]
      [GC Worker Total (ms): Min: 2.3, Avg: 2.3, Max: 2.3, Diff: 0.0, Sum: 9.2]
      [GC Worker End (ms): Min: 27671.6, Avg: 27671.6, Max: 27671.6, Diff: 0.0]
   [Code Root Fixup: 0.0 ms]
   [Code Root Purge: 0.0 ms]
   [String Dedup Fixup: 0.5 ms, GC Workers: 4]
      [Queue Fixup (ms): Min: 0.0, Avg: 0.0, Max: 0.0, Diff: 0.0, Sum: 0.0]
      [Table Fixup (ms): Min: 0.4, Avg: 0.4, Max: 0.5, Diff: 0.0, Sum: 1.7]
   [Clear CT: 0.0 ms]
   [Other: 0.5 ms]
      [Choose CSet: 0.0 ms]
      [Ref Proc: 0.1 ms]
      [Ref Enq: 0.0 ms]
      [Redirty Cards: 0.0 ms]
      [Humongous Register: 0.0 ms]
      [Humongous Reclaim: 0.0 ms]
      [Free CSet: 0.1 ms]
   [Eden: 26.0M(26.0M)->0.0B(26.0M) Survivors: 4096.0K->4096.0K Heap: 577.5M(605.0M)->557.0M(605.0M)]
 [Times: user=0.00 sys=0.00, real=0.00 secs] 
2016-06-27T18:01:01.415+0300: 27.673: Total time for which application threads were stopped: 0.0089517 seconds, Stopping threads took: 0.0050181 seconds
2016-06-27T18:01:01.418+0300: 27.676: [GC concurrent-string-deduplication, 4226.3K->4083.2K(143.2K), avg 1.3%, 0.0029444 secs]
   [Last Exec: 0.0029444 secs, Idle: 0.2057531 secs, Blocked: 0/0.0000000 secs]
      [Inspected:             215]
         [Skipped:              1(  0.5%)]
         [Hashed:             214( 99.5%)]
         [Known:                0(  0.0%)]
         [New:                214( 99.5%)   4226.3K]
      [Deduplicated:           10(  4.7%)    143.2K(  3.4%)]
         [Young:                0(  0.0%)      0.0B(  0.0%)]
         [Old:                 10(100.0%)    143.2K(100.0%)]
   [Total Exec: 150/0.3813313 secs, Idle: 150/27.0591318 secs, Blocked: 2/0.0043244 secs]
      [Inspected:           32890]
         [Skipped:            282(  0.9%)]
         [Hashed:           31630( 96.2%)]
         [Known:             3509( 10.7%)]
         [New:              29099( 88.5%)    519.2M]
      [Deduplicated:         1837(  6.3%)   6719.1K(  1.3%)]
         [Young:                5(  0.3%)   5200.0B(  0.1%)]
         [Old:               1832( 99.7%)   6714.0K( 99.9%)]
   [Table]
      [Memory Usage: 809.5K]
      [Size: 16384, Min: 1024, Max: 16777216]
      [Entries: 29077, Load: 177.5%, Cached: 0, Added: 30728, Removed: 1651]
      [Resize Count: 4, Shrink Threshold: 10922(66.7%), Grow Threshold: 32768(200.0%)]
      [Rehash Count: 1, Rehash Threshold: 120, Hash Seed: 0xc4e8cebb]
      [Age Threshold: 3]
   [Queue]
      [Dropped: 0]
2016-06-27T18:01:01.641+0300: 27.899: [GC pause (G1 Evacuation Pause) (young)
Desired survivor size 2097152 bytes, new threshold 1 (max 15)
- age   1:    3875320 bytes,    3875320 total
, 0.0032720 secs]
   [Parallel Time: 2.3 ms, GC Workers: 4]
      [GC Worker Start (ms): Min: 27898.7, Avg: 27898.7, Max: 27898.7, Diff: 0.0]
      [Ext Root Scanning (ms): Min: 0.5, Avg: 0.5, Max: 0.6, Diff: 0.1, Sum: 2.1]
      [Update RS (ms): Min: 0.3, Avg: 0.5, Max: 0.5, Diff: 0.2, Sum: 1.9]
         [Processed Buffers: Min: 2, Avg: 8.3, Max: 19, Diff: 17, Sum: 33]
      [Scan RS (ms): Min: 0.0, Avg: 0.0, Max: 0.0, Diff: 0.0, Sum: 0.0]
      [Code Root Scanning (ms): Min: 0.0, Avg: 0.0, Max: 0.0, Diff: 0.0, Sum: 0.0]
      [Object Copy (ms): Min: 1.1, Avg: 1.3, Max: 1.3, Diff: 0.2, Sum: 5.1]
      [Termination (ms): Min: 0.0, Avg: 0.0, Max: 0.0, Diff: 0.0, Sum: 0.0]
         [Termination Attempts: Min: 1, Avg: 1.0, Max: 1, Diff: 0, Sum: 4]
      [GC Worker Other (ms): Min: 0.0, Avg: 0.0, Max: 0.0, Diff: 0.0, Sum: 0.1]
      [GC Worker Total (ms): Min: 2.3, Avg: 2.3, Max: 2.3, Diff: 0.0, Sum: 9.1]
      [GC Worker End (ms): Min: 27901.0, Avg: 27901.0, Max: 27901.0, Diff: 0.0]
   [Code Root Fixup: 0.0 ms]
   [Code Root Purge: 0.0 ms]
   [String Dedup Fixup: 0.5 ms, GC Workers: 4]
      [Queue Fixup (ms): Min: 0.0, Avg: 0.0, Max: 0.0, Diff: 0.0, Sum: 0.0]
      [Table Fixup (ms): Min: 0.0, Avg: 0.3, Max: 0.5, Diff: 0.5, Sum: 1.3]
   [Clear CT: 0.0 ms]
   [Other: 0.4 ms]
      [Choose CSet: 0.0 ms]
      [Ref Proc: 0.1 ms]
      [Ref Enq: 0.0 ms]
      [Redirty Cards: 0.0 ms]
      [Humongous Register: 0.0 ms]
      [Humongous Reclaim: 0.0 ms]
      [Free CSet: 0.0 ms]
   [Eden: 26.0M(26.0M)->0.0B(26.0M) Survivors: 4096.0K->4096.0K Heap: 583.0M(605.0M)->563.0M(605.0M)]
 [Times: user=0.00 sys=0.00, real=0.00 secs] 
2016-06-27T18:01:01.645+0300: 27.902: Total time for which application threads were stopped: 0.0112636 seconds, Stopping threads took: 0.0073120 seconds
2016-06-27T18:01:01.648+0300: 27.905: [GC concurrent-string-deduplication, 4366.5K->4243.3K(123.1K), avg 1.3%, 0.0030860 secs]
   [Last Exec: 0.0030860 secs, Idle: 0.2262830 secs, Blocked: 0/0.0000000 secs]
      [Inspected:             224]
         [Skipped:              3(  1.3%)]
         [Hashed:             221( 98.7%)]
         [Known:                0(  0.0%)]
         [New:                221( 98.7%)   4366.5K]
      [Deduplicated:            9(  4.1%)    123.1K(  2.8%)]
         [Young:                0(  0.0%)      0.0B(  0.0%)]
         [Old:                  9(100.0%)    123.1K(100.0%)]
   [Total Exec: 151/0.3844172 secs, Idle: 151/27.2854148 secs, Blocked: 2/0.0043244 secs]
      [Inspected:           33114]
         [Skipped:            285(  0.9%)]
         [Hashed:           31851( 96.2%)]
         [Known:             3509( 10.6%)]
         [New:              29320( 88.5%)    523.5M]
      [Deduplicated:         1846(  6.3%)   6842.3K(  1.3%)]
         [Young:                5(  0.3%)   5200.0B(  0.1%)]
         [Old:               1841( 99.7%)   6837.2K( 99.9%)]
   [Table]
      [Memory Usage: 814.5K]
      [Size: 16384, Min: 1024, Max: 16777216]
      [Entries: 29289, Load: 178.8%, Cached: 0, Added: 30940, Removed: 1651]
      [Resize Count: 4, Shrink Threshold: 10922(66.7%), Grow Threshold: 32768(200.0%)]
      [Rehash Count: 1, Rehash Threshold: 120, Hash Seed: 0xc4e8cebb]
      [Age Threshold: 3]
   [Queue]
      [Dropped: 0]
2016-06-27T18:01:01.756+0300: 28.014: [GC cleanup 575M->575M(605M), 0.0007317 secs]
 [Times: user=0.00 sys=0.00, real=0.00 secs] 
2016-06-27T18:01:01.757+0300: 28.014: Total time for which application threads were stopped: 0.0097095 seconds, Stopping threads took: 0.0084864 seconds
2016-06-27T18:01:01.857+0300: 28.115: [GC pause (G1 Evacuation Pause) (young)
Desired survivor size 2097152 bytes, new threshold 1 (max 15)
- age   1:    3675064 bytes,    3675064 total
, 0.0032048 secs]
   [Parallel Time: 2.4 ms, GC Workers: 4]
      [GC Worker Start (ms): Min: 28114.8, Avg: 28114.8, Max: 28114.9, Diff: 0.0]
      [Ext Root Scanning (ms): Min: 0.4, Avg: 0.5, Max: 0.6, Diff: 0.1, Sum: 1.9]
      [Update RS (ms): Min: 0.6, Avg: 0.7, Max: 0.7, Diff: 0.1, Sum: 2.6]
         [Processed Buffers: Min: 3, Avg: 8.5, Max: 20, Diff: 17, Sum: 34]
      [Scan RS (ms): Min: 0.0, Avg: 0.0, Max: 0.0, Diff: 0.0, Sum: 0.0]
      [Code Root Scanning (ms): Min: 0.0, Avg: 0.0, Max: 0.0, Diff: 0.0, Sum: 0.0]
      [Object Copy (ms): Min: 1.1, Avg: 1.2, Max: 1.3, Diff: 0.2, Sum: 4.8]
      [Termination (ms): Min: 0.0, Avg: 0.0, Max: 0.0, Diff: 0.0, Sum: 0.0]
         [Termination Attempts: Min: 1, Avg: 1.0, Max: 1, Diff: 0, Sum: 4]
      [GC Worker Other (ms): Min: 0.0, Avg: 0.0, Max: 0.0, Diff: 0.0, Sum: 0.0]
      [GC Worker Total (ms): Min: 2.3, Avg: 2.4, Max: 2.4, Diff: 0.0, Sum: 9.4]
      [GC Worker End (ms): Min: 28117.2, Avg: 28117.2, Max: 28117.2, Diff: 0.0]
   [Code Root Fixup: 0.0 ms]
   [Code Root Purge: 0.0 ms]
   [String Dedup Fixup: 0.3 ms, GC Workers: 4]
      [Queue Fixup (ms): Min: 0.0, Avg: 0.0, Max: 0.0, Diff: 0.0, Sum: 0.0]
      [Table Fixup (ms): Min: 0.3, Avg: 0.3, Max: 0.3, Diff: 0.0, Sum: 1.3]
   [Clear CT: 0.0 ms]
   [Other: 0.4 ms]
      [Choose CSet: 0.0 ms]
      [Ref Proc: 0.1 ms]
      [Ref Enq: 0.0 ms]
      [Redirty Cards: 0.0 ms]
      [Humongous Register: 0.0 ms]
      [Humongous Reclaim: 0.0 ms]
      [Free CSet: 0.1 ms]
   [Eden: 26.0M(26.0M)->0.0B(26.0M) Survivors: 4096.0K->4096.0K Heap: 589.0M(605.0M)->568.5M(605.0M)]
 [Times: user=0.00 sys=0.00, real=0.00 secs] 
2016-06-27T18:01:01.861+0300: 28.118: Total time for which application threads were stopped: 0.0067197 seconds, Stopping threads took: 0.0029076 seconds
2016-06-27T18:01:01.864+0300: 28.121: [GC concurrent-string-deduplication, 4007.2K->3943.1K(64.1K), avg 1.3%, 0.0028165 secs]
   [Last Exec: 0.0028165 secs, Idle: 0.2129034 secs, Blocked: 0/0.0000000 secs]
      [Inspected:             205]
         [Skipped:              1(  0.5%)]
         [Hashed:             204( 99.5%)]
         [Known:                0(  0.0%)]
         [New:                204( 99.5%)   4007.2K]
      [Deduplicated:            7(  3.4%)     64.1K(  1.6%)]
         [Young:                0(  0.0%)      0.0B(  0.0%)]
         [Old:                  7(100.0%)     64.1K(100.0%)]
   [Total Exec: 152/0.3872337 secs, Idle: 152/27.4983182 secs, Blocked: 2/0.0043244 secs]
      [Inspected:           33319]
         [Skipped:            286(  0.9%)]
         [Hashed:           32055( 96.2%)]
         [Known:             3509( 10.5%)]
         [New:              29524( 88.6%)    527.4M]
      [Deduplicated:         1853(  6.3%)   6906.4K(  1.3%)]
         [Young:                5(  0.3%)   5200.0B(  0.1%)]
         [Old:               1848( 99.7%)   6901.3K( 99.9%)]
   [Table]
      [Memory Usage: 819.1K]
      [Size: 16384, Min: 1024, Max: 16777216]
      [Entries: 29486, Load: 180.0%, Cached: 0, Added: 31137, Removed: 1651]
      [Resize Count: 4, Shrink Threshold: 10922(66.7%), Grow Threshold: 32768(200.0%)]
      [Rehash Count: 1, Rehash Threshold: 120, Hash Seed: 0xc4e8cebb]
      [Age Threshold: 3]
   [Queue]
      [Dropped: 0]
2016-06-27T18:01:02.087+0300: 28.345: [GC pause (G1 Evacuation Pause) (mixed)
Desired survivor size 2097152 bytes, new threshold 1 (max 15)
- age   1:    3778104 bytes,    3778104 total
, 0.0049912 secs]
   [Parallel Time: 4.1 ms, GC Workers: 4]
      [GC Worker Start (ms): Min: 28344.8, Avg: 28344.8, Max: 28344.8, Diff: 0.0]
      [Ext Root Scanning (ms): Min: 0.5, Avg: 0.6, Max: 0.9, Diff: 0.4, Sum: 2.5]
      [Update RS (ms): Min: 0.1, Avg: 0.5, Max: 0.7, Diff: 0.6, Sum: 1.9]
         [Processed Buffers: Min: 2, Avg: 6.0, Max: 13, Diff: 11, Sum: 24]
      [Scan RS (ms): Min: 0.0, Avg: 0.2, Max: 0.3, Diff: 0.2, Sum: 0.7]
      [Code Root Scanning (ms): Min: 0.0, Avg: 0.0, Max: 0.0, Diff: 0.0, Sum: 0.0]
      [Object Copy (ms): Min: 2.7, Avg: 2.7, Max: 2.8, Diff: 0.0, Sum: 11.0]
      [Termination (ms): Min: 0.0, Avg: 0.0, Max: 0.0, Diff: 0.0, Sum: 0.0]
         [Termination Attempts: Min: 1, Avg: 1.0, Max: 1, Diff: 0, Sum: 4]
      [GC Worker Other (ms): Min: 0.0, Avg: 0.0, Max: 0.0, Diff: 0.0, Sum: 0.0]
      [GC Worker Total (ms): Min: 4.0, Avg: 4.0, Max: 4.1, Diff: 0.0, Sum: 16.2]
      [GC Worker End (ms): Min: 28348.8, Avg: 28348.8, Max: 28348.8, Diff: 0.0]
   [Code Root Fixup: 0.0 ms]
   [Code Root Purge: 0.0 ms]
   [String Dedup Fixup: 0.4 ms, GC Workers: 4]
      [Queue Fixup (ms): Min: 0.0, Avg: 0.0, Max: 0.0, Diff: 0.0, Sum: 0.0]
      [Table Fixup (ms): Min: 0.3, Avg: 0.3, Max: 0.3, Diff: 0.0, Sum: 1.4]
   [Clear CT: 0.0 ms]
   [Other: 0.5 ms]
      [Choose CSet: 0.0 ms]
      [Ref Proc: 0.0 ms]
      [Ref Enq: 0.0 ms]
      [Redirty Cards: 0.0 ms]
      [Humongous Register: 0.0 ms]
      [Humongous Reclaim: 0.0 ms]
      [Free CSet: 0.1 ms]
   [Eden: 26.0M(26.0M)->0.0B(26.0M) Survivors: 4096.0K->4096.0K Heap: 594.5M(605.0M)->567.0M(611.0M)]
 [Times: user=0.00 sys=0.00, real=0.01 secs] 
2016-06-27T18:01:02.092+0300: 28.350: Total time for which application threads were stopped: 0.0127984 seconds, Stopping threads took: 0.0071542 seconds
2016-06-27T18:01:02.095+0300: 28.353: [GC concurrent-string-deduplication, 4136.4K->4023.1K(113.3K), avg 1.3%, 0.0028174 secs]
   [Last Exec: 0.0028174 secs, Idle: 0.2287801 secs, Blocked: 0/0.0000000 secs]
      [Inspected:             227]
         [Skipped:              8(  3.5%)]
         [Hashed:             219( 96.5%)]
         [Known:                0(  0.0%)]
         [New:                219( 96.5%)   4136.4K]
      [Deduplicated:           18(  8.2%)    113.3K(  2.7%)]
         [Young:                0(  0.0%)      0.0B(  0.0%)]
         [Old:                 18(100.0%)    113.3K(100.0%)]
   [Total Exec: 153/0.3900511 secs, Idle: 153/27.7270984 secs, Blocked: 2/0.0043244 secs]
      [Inspected:           33546]
         [Skipped:            294(  0.9%)]
         [Hashed:           32274( 96.2%)]
         [Known:             3509( 10.5%)]
         [New:              29743( 88.7%)    531.4M]
      [Deduplicated:         1871(  6.3%)   7019.6K(  1.3%)]
         [Young:                5(  0.3%)   5200.0B(  0.1%)]
         [Old:               1866( 99.7%)   7014.6K( 99.9%)]
   [Table]
      [Memory Usage: 823.8K]
      [Size: 16384, Min: 1024, Max: 16777216]
      [Entries: 29688, Load: 181.2%, Cached: 0, Added: 31339, Removed: 1651]
      [Resize Count: 4, Shrink Threshold: 10922(66.7%), Grow Threshold: 32768(200.0%)]
      [Rehash Count: 1, Rehash Threshold: 120, Hash Seed: 0xc4e8cebb]
      [Age Threshold: 3]
   [Queue]
      [Dropped: 0]
2016-06-27T18:01:02.316+0300: 28.573: [GC pause (G1 Evacuation Pause) (young)
Desired survivor size 2097152 bytes, new threshold 1 (max 15)
- age   1:    3853344 bytes,    3853344 total
, 0.0038929 secs]
   [Parallel Time: 3.0 ms, GC Workers: 4]
      [GC Worker Start (ms): Min: 28573.4, Avg: 28573.4, Max: 28573.4, Diff: 0.0]
      [Ext Root Scanning (ms): Min: 0.4, Avg: 0.5, Max: 0.5, Diff: 0.1, Sum: 2.0]
      [Update RS (ms): Min: 1.2, Avg: 1.3, Max: 1.3, Diff: 0.1, Sum: 5.1]
         [Processed Buffers: Min: 2, Avg: 8.8, Max: 14, Diff: 12, Sum: 35]
      [Scan RS (ms): Min: 0.0, Avg: 0.0, Max: 0.0, Diff: 0.0, Sum: 0.0]
      [Code Root Scanning (ms): Min: 0.0, Avg: 0.0, Max: 0.0, Diff: 0.0, Sum: 0.0]
      [Object Copy (ms): Min: 1.2, Avg: 1.2, Max: 1.3, Diff: 0.1, Sum: 4.9]
      [Termination (ms): Min: 0.0, Avg: 0.0, Max: 0.0, Diff: 0.0, Sum: 0.0]
         [Termination Attempts: Min: 1, Avg: 1.0, Max: 1, Diff: 0, Sum: 4]
      [GC Worker Other (ms): Min: 0.0, Avg: 0.0, Max: 0.0, Diff: 0.0, Sum: 0.1]
      [GC Worker Total (ms): Min: 3.0, Avg: 3.0, Max: 3.0, Diff: 0.0, Sum: 12.1]
      [GC Worker End (ms): Min: 28576.4, Avg: 28576.4, Max: 28576.4, Diff: 0.0]
   [Code Root Fixup: 0.0 ms]
   [Code Root Purge: 0.0 ms]
   [String Dedup Fixup: 0.3 ms, GC Workers: 4]
      [Queue Fixup (ms): Min: 0.0, Avg: 0.0, Max: 0.0, Diff: 0.0, Sum: 0.0]
      [Table Fixup (ms): Min: 0.3, Avg: 0.3, Max: 0.3, Diff: 0.0, Sum: 1.3]
   [Clear CT: 0.0 ms]
   [Other: 0.4 ms]
      [Choose CSet: 0.0 ms]
      [Ref Proc: 0.0 ms]
      [Ref Enq: 0.0 ms]
      [Redirty Cards: 0.0 ms]
      [Humongous Register: 0.0 ms]
      [Humongous Reclaim: 0.0 ms]
      [Free CSet: 0.0 ms]
   [Eden: 26.0M(26.0M)->0.0B(26.0M) Survivors: 4096.0K->4096.0K Heap: 593.0M(611.0M)->571.5M(611.0M)]
 [Times: user=0.06 sys=0.00, real=0.00 secs] 
2016-06-27T18:01:02.320+0300: 28.577: Total time for which application threads were stopped: 0.0106862 seconds, Stopping threads took: 0.0061873 seconds
2016-06-27T18:01:02.323+0300: 28.580: [GC concurrent-string-deduplication, 3944.1K->3823.0K(121.1K), avg 1.3%, 0.0028525 secs]
   [Last Exec: 0.0028525 secs, Idle: 0.2247242 secs, Blocked: 0/0.0000000 secs]
      [Inspected:             198]
         [Skipped:              0(  0.0%)]
         [Hashed:             198(100.0%)]
         [Known:                0(  0.0%)]
         [New:                198(100.0%)   3944.1K]
      [Deduplicated:            7(  3.5%)    121.1K(  3.1%)]
         [Young:                0(  0.0%)      0.0B(  0.0%)]
         [Old:                  7(100.0%)    121.1K(100.0%)]
   [Total Exec: 154/0.3929036 secs, Idle: 154/27.9518226 secs, Blocked: 2/0.0043244 secs]
      [Inspected:           33744]
         [Skipped:            294(  0.9%)]
         [Hashed:           32472( 96.2%)]
         [Known:             3509( 10.4%)]
         [New:              29941( 88.7%)    535.3M]
      [Deduplicated:         1878(  6.3%)   7140.8K(  1.3%)]
         [Young:                5(  0.3%)   5200.0B(  0.1%)]
         [Old:               1873( 99.7%)   7135.7K( 99.9%)]
   [Table]
      [Memory Usage: 828.3K]
      [Size: 16384, Min: 1024, Max: 16777216]
      [Entries: 29879, Load: 182.4%, Cached: 0, Added: 31530, Removed: 1651]
      [Resize Count: 4, Shrink Threshold: 10922(66.7%), Grow Threshold: 32768(200.0%)]
      [Rehash Count: 1, Rehash Threshold: 120, Hash Seed: 0xc4e8cebb]
      [Age Threshold: 3]
   [Queue]
      [Dropped: 0]
2016-06-27T18:01:02.534+0300: 28.792: [GC pause (G1 Evacuation Pause) (young) (initial-mark)
Desired survivor size 2097152 bytes, new threshold 1 (max 15)
- age   1:    4029992 bytes,    4029992 total
, 0.0033554 secs]
   [Parallel Time: 2.4 ms, GC Workers: 4]
      [GC Worker Start (ms): Min: 28791.8, Avg: 28791.8, Max: 28791.8, Diff: 0.0]
      [Ext Root Scanning (ms): Min: 0.5, Avg: 0.5, Max: 0.7, Diff: 0.2, Sum: 2.1]
      [Update RS (ms): Min: 0.3, Avg: 0.4, Max: 0.5, Diff: 0.2, Sum: 1.7]
         [Processed Buffers: Min: 3, Avg: 6.3, Max: 9, Diff: 6, Sum: 25]
      [Scan RS (ms): Min: 0.0, Avg: 0.0, Max: 0.0, Diff: 0.0, Sum: 0.0]
      [Code Root Scanning (ms): Min: 0.0, Avg: 0.0, Max: 0.0, Diff: 0.0, Sum: 0.0]
      [Object Copy (ms): Min: 1.3, Avg: 1.4, Max: 1.5, Diff: 0.1, Sum: 5.6]
      [Termination (ms): Min: 0.0, Avg: 0.0, Max: 0.0, Diff: 0.0, Sum: 0.0]
         [Termination Attempts: Min: 1, Avg: 1.0, Max: 1, Diff: 0, Sum: 4]
      [GC Worker Other (ms): Min: 0.0, Avg: 0.0, Max: 0.0, Diff: 0.0, Sum: 0.0]
      [GC Worker Total (ms): Min: 2.4, Avg: 2.4, Max: 2.4, Diff: 0.0, Sum: 9.5]
      [GC Worker End (ms): Min: 28794.2, Avg: 28794.2, Max: 28794.2, Diff: 0.0]
   [Code Root Fixup: 0.0 ms]
   [Code Root Purge: 0.0 ms]
   [String Dedup Fixup: 0.4 ms, GC Workers: 4]
      [Queue Fixup (ms): Min: 0.0, Avg: 0.0, Max: 0.0, Diff: 0.0, Sum: 0.0]
      [Table Fixup (ms): Min: 0.3, Avg: 0.3, Max: 0.3, Diff: 0.0, Sum: 1.3]
   [Clear CT: 0.0 ms]
   [Other: 0.6 ms]
      [Choose CSet: 0.0 ms]
      [Ref Proc: 0.1 ms]
      [Ref Enq: 0.0 ms]
      [Redirty Cards: 0.0 ms]
      [Humongous Register: 0.0 ms]
      [Humongous Reclaim: 0.0 ms]
      [Free CSet: 0.0 ms]
   [Eden: 26.0M(26.0M)->0.0B(26.0M) Survivors: 4096.0K->4096.0K Heap: 597.5M(611.0M)->576.5M(611.0M)]
 [Times: user=0.06 sys=0.00, real=0.00 secs] 
2016-06-27T18:01:02.538+0300: 28.795: [GC concurrent-root-region-scan-start]
2016-06-27T18:01:02.538+0300: 28.795: Total time for which application threads were stopped: 0.0085099 seconds, Stopping threads took: 0.0045622 seconds
2016-06-27T18:01:02.538+0300: 28.796: [GC concurrent-root-region-scan-end, 0.0003879 secs]
2016-06-27T18:01:02.538+0300: 28.796: [GC concurrent-mark-start]
2016-06-27T18:01:02.541+0300: 28.798: [GC concurrent-string-deduplication, 4188.4K->4083.2K(105.2K), avg 1.3%, 0.0028845 secs]
   [Last Exec: 0.0028845 secs, Idle: 0.2148356 secs, Blocked: 0/0.0000000 secs]
      [Inspected:             218]
         [Skipped:              2(  0.9%)]
         [Hashed:             216( 99.1%)]
         [Known:                1(  0.5%)]
         [New:                215( 98.6%)   4188.4K]
      [Deduplicated:           11(  5.1%)    105.2K(  2.5%)]
         [Young:                0(  0.0%)      0.0B(  0.0%)]
         [Old:                 11(100.0%)    105.2K(100.0%)]
   [Total Exec: 155/0.3957881 secs, Idle: 155/28.1666582 secs, Blocked: 2/0.0043244 secs]
      [Inspected:           33962]
         [Skipped:            296(  0.9%)]
         [Hashed:           32688( 96.2%)]
         [Known:             3510( 10.3%)]
         [New:              30156( 88.8%)    539.4M]
      [Deduplicated:         1889(  6.3%)   7245.9K(  1.3%)]
         [Young:                5(  0.3%)   5200.0B(  0.1%)]
         [Old:               1884( 99.7%)   7240.9K( 99.9%)]
   [Table]
      [Memory Usage: 833.1K]
      [Size: 16384, Min: 1024, Max: 16777216]
      [Entries: 30083, Load: 183.6%, Cached: 0, Added: 31734, Removed: 1651]
      [Resize Count: 4, Shrink Threshold: 10922(66.7%), Grow Threshold: 32768(200.0%)]
      [Rehash Count: 1, Rehash Threshold: 120, Hash Seed: 0xc4e8cebb]
      [Age Threshold: 3]
   [Queue]
      [Dropped: 0]
2016-06-27T18:01:02.571+0300: 28.828: [GC concurrent-mark-end, 0.0325599 secs]
2016-06-27T18:01:02.607+0300: 28.865: [GC remark 2016-06-27T18:01:02.607+0300: 28.865: [Finalize Marking, 0.0001471 secs] 2016-06-27T18:01:02.607+0300: 28.865: [GC ref-proc, 0.0000659 secs] 2016-06-27T18:01:02.608+0300: 28.865: [Unloading, 0.0018064 secs], 0.0044917 secs]
 [Times: user=0.00 sys=0.00, real=0.00 secs] 
2016-06-27T18:01:02.612+0300: 28.869: Total time for which application threads were stopped: 0.0076888 seconds, Stopping threads took: 0.0027956 seconds
2016-06-27T18:01:02.613+0300: 28.871: [GC cleanup 586M->586M(611M), 0.0007762 secs]
 [Times: user=0.06 sys=0.00, real=0.00 secs] 
2016-06-27T18:01:02.614+0300: 28.872: Total time for which application threads were stopped: 0.0012731 seconds, Stopping threads took: 0.0000680 seconds
2016-06-27T18:01:02.746+0300: 29.003: [GC pause (G1 Evacuation Pause) (young)
Desired survivor size 2097152 bytes, new threshold 1 (max 15)
- age   1:    3903552 bytes,    3903552 total
, 0.0033220 secs]
   [Parallel Time: 2.4 ms, GC Workers: 4]
      [GC Worker Start (ms): Min: 29003.2, Avg: 29003.2, Max: 29003.2, Diff: 0.0]
      [Ext Root Scanning (ms): Min: 0.5, Avg: 0.5, Max: 0.6, Diff: 0.1, Sum: 2.2]
      [Update RS (ms): Min: 0.4, Avg: 0.5, Max: 0.6, Diff: 0.1, Sum: 2.0]
         [Processed Buffers: Min: 1, Avg: 5.8, Max: 12, Diff: 11, Sum: 23]
      [Scan RS (ms): Min: 0.0, Avg: 0.0, Max: 0.0, Diff: 0.0, Sum: 0.0]
      [Code Root Scanning (ms): Min: 0.0, Avg: 0.0, Max: 0.0, Diff: 0.0, Sum: 0.0]
      [Object Copy (ms): Min: 1.3, Avg: 1.3, Max: 1.4, Diff: 0.1, Sum: 5.3]
      [Termination (ms): Min: 0.0, Avg: 0.0, Max: 0.0, Diff: 0.0, Sum: 0.1]
         [Termination Attempts: Min: 1, Avg: 1.0, Max: 1, Diff: 0, Sum: 4]
      [GC Worker Other (ms): Min: 0.0, Avg: 0.0, Max: 0.0, Diff: 0.0, Sum: 0.0]
      [GC Worker Total (ms): Min: 2.4, Avg: 2.4, Max: 2.4, Diff: 0.0, Sum: 9.7]
      [GC Worker End (ms): Min: 29005.6, Avg: 29005.6, Max: 29005.6, Diff: 0.0]
   [Code Root Fixup: 0.0 ms]
   [Code Root Purge: 0.0 ms]
   [String Dedup Fixup: 0.4 ms, GC Workers: 4]
      [Queue Fixup (ms): Min: 0.0, Avg: 0.0, Max: 0.0, Diff: 0.0, Sum: 0.0]
      [Table Fixup (ms): Min: 0.4, Avg: 0.4, Max: 0.4, Diff: 0.0, Sum: 1.7]
   [Clear CT: 0.0 ms]
   [Other: 0.4 ms]
      [Choose CSet: 0.0 ms]
      [Ref Proc: 0.0 ms]
      [Ref Enq: 0.0 ms]
      [Redirty Cards: 0.0 ms]
      [Humongous Register: 0.0 ms]
      [Humongous Reclaim: 0.0 ms]
      [Free CSet: 0.0 ms]
   [Eden: 26.0M(26.0M)->0.0B(26.0M) Survivors: 4096.0K->4096.0K Heap: 602.5M(611.0M)->581.5M(612.0M)]
 [Times: user=0.00 sys=0.00, real=0.00 secs] 
2016-06-27T18:01:02.749+0300: 29.007: Total time for which application threads were stopped: 0.0058426 seconds, Stopping threads took: 0.0019518 seconds
2016-06-27T18:01:02.752+0300: 29.009: [GC concurrent-string-deduplication, 3845.0K->3742.9K(102.1K), avg 1.3%, 0.0026698 secs]
   [Last Exec: 0.0026698 secs, Idle: 0.2084670 secs, Blocked: 0/0.0000000 secs]
      [Inspected:             195]
         [Skipped:              1(  0.5%)]
         [Hashed:             194( 99.5%)]
         [Known:                0(  0.0%)]
         [New:                194( 99.5%)   3845.0K]
      [Deduplicated:            7(  3.6%)    102.1K(  2.7%)]
         [Young:                0(  0.0%)      0.0B(  0.0%)]
         [Old:                  7(100.0%)    102.1K(100.0%)]
   [Total Exec: 156/0.3984580 secs, Idle: 156/28.3751251 secs, Blocked: 2/0.0043244 secs]
      [Inspected:           34157]
         [Skipped:            297(  0.9%)]
         [Hashed:           32882( 96.3%)]
         [Known:             3510( 10.3%)]
         [New:              30350( 88.9%)    543.1M]
      [Deduplicated:         1896(  6.2%)   7348.1K(  1.3%)]
         [Young:                5(  0.3%)   5200.0B(  0.1%)]
         [Old:               1891( 99.7%)   7343.0K( 99.9%)]
   [Table]
      [Memory Usage: 833.1K]
      [Size: 16384, Min: 1024, Max: 16777216]
      [Entries: 29394, Load: 179.4%, Cached: 689, Added: 31921, Removed: 2527]
      [Resize Count: 4, Shrink Threshold: 10922(66.7%), Grow Threshold: 32768(200.0%)]
      [Rehash Count: 1, Rehash Threshold: 120, Hash Seed: 0xc4e8cebb]
      [Age Threshold: 3]
   [Queue]
      [Dropped: 0]
2016-06-27T18:01:02.909+0300: 29.167: Total time for which application threads were stopped: 0.0016661 seconds, Stopping threads took: 0.0013753 seconds
2016-06-27T18:01:02.934+0300: 29.191: [GC pause (G1 Evacuation Pause) (mixed)
Desired survivor size 2097152 bytes, new threshold 1 (max 15)
- age   1:    4135608 bytes,    4135608 total
, 0.0134185 secs]
   [Parallel Time: 12.2 ms, GC Workers: 4]
      [GC Worker Start (ms): Min: 29191.5, Avg: 29191.5, Max: 29191.5, Diff: 0.0]
      [Ext Root Scanning (ms): Min: 0.5, Avg: 0.5, Max: 0.7, Diff: 0.2, Sum: 2.1]
      [Update RS (ms): Min: 0.4, Avg: 0.5, Max: 0.6, Diff: 0.1, Sum: 2.0]
         [Processed Buffers: Min: 4, Avg: 6.3, Max: 10, Diff: 6, Sum: 25]
      [Scan RS (ms): Min: 0.7, Avg: 0.8, Max: 0.8, Diff: 0.1, Sum: 3.0]
      [Code Root Scanning (ms): Min: 0.0, Avg: 0.0, Max: 0.0, Diff: 0.0, Sum: 0.0]
      [Object Copy (ms): Min: 10.2, Avg: 10.4, Max: 10.4, Diff: 0.2, Sum: 41.4]
      [Termination (ms): Min: 0.0, Avg: 0.0, Max: 0.0, Diff: 0.0, Sum: 0.0]
         [Termination Attempts: Min: 1, Avg: 1.0, Max: 1, Diff: 0, Sum: 4]
      [GC Worker Other (ms): Min: 0.0, Avg: 0.0, Max: 0.0, Diff: 0.0, Sum: 0.0]
      [GC Worker Total (ms): Min: 12.1, Avg: 12.1, Max: 12.1, Diff: 0.0, Sum: 48.5]
      [GC Worker End (ms): Min: 29203.7, Avg: 29203.7, Max: 29203.7, Diff: 0.0]
   [Code Root Fixup: 0.0 ms]
   [Code Root Purge: 0.0 ms]
   [String Dedup Fixup: 0.4 ms, GC Workers: 4]
      [Queue Fixup (ms): Min: 0.0, Avg: 0.0, Max: 0.0, Diff: 0.0, Sum: 0.0]
      [Table Fixup (ms): Min: 0.4, Avg: 0.4, Max: 0.4, Diff: 0.0, Sum: 1.6]
   [Clear CT: 0.1 ms]
   [Other: 0.7 ms]
      [Choose CSet: 0.1 ms]
      [Ref Proc: 0.1 ms]
      [Ref Enq: 0.0 ms]
      [Redirty Cards: 0.0 ms]
      [Humongous Register: 0.0 ms]
      [Humongous Reclaim: 0.0 ms]
      [Free CSet: 0.2 ms]
   [Eden: 26.0M(26.0M)->0.0B(28.0M) Survivors: 4096.0K->4096.0K Heap: 607.5M(612.0M)->564.5M(657.0M)]
 [Times: user=0.00 sys=0.06, real=0.01 secs] 
2016-06-27T18:01:02.947+0300: 29.205: Total time for which application threads were stopped: 0.0140236 seconds, Stopping threads took: 0.0000633 seconds
2016-06-27T18:01:02.950+0300: 29.208: [GC concurrent-string-deduplication, 4270.3K->4144.8K(125.5K), avg 1.3%, 0.0029855 secs]
   [Last Exec: 0.0029855 secs, Idle: 0.1955809 secs, Blocked: 0/0.0000000 secs]
      [Inspected:             247]
         [Skipped:              5(  2.0%)]
         [Hashed:             242( 98.0%)]
         [Known:                0(  0.0%)]
         [New:                242( 98.0%)   4270.3K]
      [Deduplicated:           16(  6.6%)    125.5K(  2.9%)]
         [Young:                0(  0.0%)      0.0B(  0.0%)]
         [Old:                 16(100.0%)    125.5K(100.0%)]
   [Total Exec: 157/0.4014434 secs, Idle: 157/28.5707060 secs, Blocked: 2/0.0043244 secs]
      [Inspected:           34404]
         [Skipped:            302(  0.9%)]
         [Hashed:           33124( 96.3%)]
         [Known:             3510( 10.2%)]
         [New:              30592( 88.9%)    547.3M]
      [Deduplicated:         1912(  6.3%)   7473.6K(  1.3%)]
         [Young:                5(  0.3%)   5200.0B(  0.1%)]
         [Old:               1907( 99.7%)   7468.5K( 99.9%)]
   [Table]
      [Memory Usage: 833.1K]
      [Size: 16384, Min: 1024, Max: 16777216]
      [Entries: 29758, Load: 181.6%, Cached: 325, Added: 32285, Removed: 2527]
      [Resize Count: 4, Shrink Threshold: 10922(66.7%), Grow Threshold: 32768(200.0%)]
      [Rehash Count: 1, Rehash Threshold: 120, Hash Seed: 0xc4e8cebb]
      [Age Threshold: 3]
   [Queue]
      [Dropped: 0]
2016-06-27T18:01:03.131+0300: 29.388: [GC pause (G1 Evacuation Pause) (mixed)
Desired survivor size 2097152 bytes, new threshold 1 (max 15)
- age   1:    3960784 bytes,    3960784 total
, 0.0096077 secs]
   [Parallel Time: 8.6 ms, GC Workers: 4]
      [GC Worker Start (ms): Min: 29388.5, Avg: 29388.8, Max: 29389.1, Diff: 0.6]
      [Ext Root Scanning (ms): Min: 0.4, Avg: 0.8, Max: 1.0, Diff: 0.7, Sum: 3.2]
      [Update RS (ms): Min: 2.6, Avg: 3.0, Max: 3.3, Diff: 0.7, Sum: 12.0]
         [Processed Buffers: Min: 5, Avg: 7.8, Max: 15, Diff: 10, Sum: 31]
      [Scan RS (ms): Min: 0.4, Avg: 0.5, Max: 0.6, Diff: 0.3, Sum: 2.0]
      [Code Root Scanning (ms): Min: 0.0, Avg: 0.0, Max: 0.1, Diff: 0.1, Sum: 0.1]
      [Object Copy (ms): Min: 3.8, Avg: 3.9, Max: 4.0, Diff: 0.2, Sum: 15.7]
      [Termination (ms): Min: 0.0, Avg: 0.0, Max: 0.0, Diff: 0.0, Sum: 0.0]
         [Termination Attempts: Min: 1, Avg: 1.0, Max: 1, Diff: 0, Sum: 4]
      [GC Worker Other (ms): Min: 0.0, Avg: 0.0, Max: 0.0, Diff: 0.0, Sum: 0.0]
      [GC Worker Total (ms): Min: 8.0, Avg: 8.2, Max: 8.5, Diff: 0.6, Sum: 33.0]
      [GC Worker End (ms): Min: 29397.0, Avg: 29397.0, Max: 29397.0, Diff: 0.0]
   [Code Root Fixup: 0.0 ms]
   [Code Root Purge: 0.0 ms]
   [String Dedup Fixup: 0.4 ms, GC Workers: 4]
      [Queue Fixup (ms): Min: 0.0, Avg: 0.0, Max: 0.0, Diff: 0.0, Sum: 0.0]
      [Table Fixup (ms): Min: 0.4, Avg: 0.4, Max: 0.4, Diff: 0.0, Sum: 1.5]
   [Clear CT: 0.1 ms]
   [Other: 0.5 ms]
      [Choose CSet: 0.0 ms]
      [Ref Proc: 0.1 ms]
      [Ref Enq: 0.0 ms]
      [Redirty Cards: 0.0 ms]
      [Humongous Register: 0.0 ms]
      [Humongous Reclaim: 0.0 ms]
      [Free CSet: 0.1 ms]
   [Eden: 28.0M(28.0M)->0.0B(28.0M) Survivors: 4096.0K->4096.0K Heap: 592.5M(657.0M)->564.0M(657.0M)]
 [Times: user=0.00 sys=0.00, real=0.01 secs] 
2016-06-27T18:01:03.141+0300: 29.398: Total time for which application threads were stopped: 0.0166336 seconds, Stopping threads took: 0.0064584 seconds
2016-06-27T18:01:03.144+0300: 29.401: [GC concurrent-string-deduplication, 4214.9K->4126.5K(88.4K), avg 1.3%, 0.0030231 secs]
   [Last Exec: 0.0030231 secs, Idle: 0.1901454 secs, Blocked: 0/0.0000000 secs]
      [Inspected:             404]
         [Skipped:              3(  0.7%)]
         [Hashed:             401( 99.3%)]
         [Known:              129( 31.9%)]
         [New:                272( 67.3%)   4214.9K]
      [Deduplicated:           15(  5.5%)     88.4K(  2.1%)]
         [Young:                0(  0.0%)      0.0B(  0.0%)]
         [Old:                 15(100.0%)     88.4K(100.0%)]
   [Total Exec: 158/0.4044665 secs, Idle: 158/28.7608514 secs, Blocked: 2/0.0043244 secs]
      [Inspected:           34808]
         [Skipped:            305(  0.9%)]
         [Hashed:           33525( 96.3%)]
         [Known:             3639( 10.5%)]
         [New:              30864( 88.7%)    551.4M]
      [Deduplicated:         1927(  6.2%)   7562.0K(  1.3%)]
         [Young:                5(  0.3%)   5200.0B(  0.1%)]
         [Old:               1922( 99.7%)   7556.9K( 99.9%)]
   [Table]
      [Memory Usage: 833.1K]
      [Size: 16384, Min: 1024, Max: 16777216]
      [Entries: 30072, Load: 183.5%, Cached: 11, Added: 32599, Removed: 2527]
      [Resize Count: 4, Shrink Threshold: 10922(66.7%), Grow Threshold: 32768(200.0%)]
      [Rehash Count: 1, Rehash Threshold: 120, Hash Seed: 0xc4e8cebb]
      [Age Threshold: 3]
   [Queue]
      [Dropped: 0]
2016-06-27T18:01:03.333+0300: 29.590: [GC pause (G1 Evacuation Pause) (young)
Desired survivor size 2097152 bytes, new threshold 1 (max 15)
- age   1:    4115120 bytes,    4115120 total
, 0.0051374 secs]
   [Parallel Time: 4.1 ms, GC Workers: 4]
      [GC Worker Start (ms): Min: 29590.1, Avg: 29590.2, Max: 29590.2, Diff: 0.0]
      [Ext Root Scanning (ms): Min: 0.6, Avg: 0.7, Max: 0.8, Diff: 0.2, Sum: 2.6]
      [Update RS (ms): Min: 1.8, Avg: 2.0, Max: 2.3, Diff: 0.5, Sum: 7.9]
         [Processed Buffers: Min: 3, Avg: 7.3, Max: 11, Diff: 8, Sum: 29]
      [Scan RS (ms): Min: 0.0, Avg: 0.0, Max: 0.0, Diff: 0.0, Sum: 0.0]
      [Code Root Scanning (ms): Min: 0.0, Avg: 0.0, Max: 0.0, Diff: 0.0, Sum: 0.0]
      [Object Copy (ms): Min: 1.1, Avg: 1.4, Max: 1.5, Diff: 0.4, Sum: 5.6]
      [Termination (ms): Min: 0.0, Avg: 0.0, Max: 0.0, Diff: 0.0, Sum: 0.0]
         [Termination Attempts: Min: 1, Avg: 1.0, Max: 1, Diff: 0, Sum: 4]
      [GC Worker Other (ms): Min: 0.0, Avg: 0.0, Max: 0.0, Diff: 0.0, Sum: 0.0]
      [GC Worker Total (ms): Min: 4.0, Avg: 4.1, Max: 4.1, Diff: 0.0, Sum: 16.2]
      [GC Worker End (ms): Min: 29594.2, Avg: 29594.2, Max: 29594.2, Diff: 0.0]
   [Code Root Fixup: 0.0 ms]
   [Code Root Purge: 0.0 ms]
   [String Dedup Fixup: 0.4 ms, GC Workers: 4]
      [Queue Fixup (ms): Min: 0.0, Avg: 0.0, Max: 0.0, Diff: 0.0, Sum: 0.0]
      [Table Fixup (ms): Min: 0.4, Avg: 0.4, Max: 0.4, Diff: 0.0, Sum: 1.5]
   [Clear CT: 0.1 ms]
   [Other: 0.5 ms]
      [Choose CSet: 0.0 ms]
      [Ref Proc: 0.1 ms]
      [Ref Enq: 0.0 ms]
      [Redirty Cards: 0.0 ms]
      [Humongous Register: 0.0 ms]
      [Humongous Reclaim: 0.0 ms]
      [Free CSet: 0.1 ms]
   [Eden: 28.0M(28.0M)->0.0B(28.0M) Survivors: 4096.0K->4096.0K Heap: 592.0M(657.0M)->569.5M(657.0M)]
 [Times: user=0.00 sys=0.00, real=0.01 secs] 
2016-06-27T18:01:03.338+0300: 29.595: Total time for which application threads were stopped: 0.0084530 seconds, Stopping threads took: 0.0026976 seconds
2016-06-27T18:01:03.341+0300: 29.599: [GC concurrent-string-deduplication, 4435.5K->4294.1K(141.4K), avg 1.4%, 0.0031535 secs]
   [Last Exec: 0.0031535 secs, Idle: 0.1940212 secs, Blocked: 0/0.0000000 secs]
      [Inspected:             397]
         [Skipped:              2(  0.5%)]
         [Hashed:             395( 99.5%)]
         [Known:               68( 17.1%)]
         [New:                327( 82.4%)   4435.5K]
      [Deduplicated:           30(  9.2%)    141.4K(  3.2%)]
         [Young:                0(  0.0%)      0.0B(  0.0%)]
         [Old:                 30(100.0%)    141.4K(100.0%)]
   [Total Exec: 159/0.4076200 secs, Idle: 159/28.9548726 secs, Blocked: 2/0.0043244 secs]
      [Inspected:           35205]
         [Skipped:            307(  0.9%)]
         [Hashed:           33920( 96.3%)]
         [Known:             3707( 10.5%)]
         [New:              31191( 88.6%)    555.8M]
      [Deduplicated:         1957(  6.3%)   7703.3K(  1.4%)]
         [Young:                5(  0.3%)   5200.0B(  0.1%)]
         [Old:               1952( 99.7%)   7698.3K( 99.9%)]
   [Table]
      [Memory Usage: 841.6K]
      [Size: 16384, Min: 1024, Max: 16777216]
      [Entries: 30446, Load: 185.8%, Cached: 0, Added: 32973, Removed: 2527]
      [Resize Count: 4, Shrink Threshold: 10922(66.7%), Grow Threshold: 32768(200.0%)]
      [Rehash Count: 1, Rehash Threshold: 120, Hash Seed: 0xc4e8cebb]
      [Age Threshold: 3]
   [Queue]
      [Dropped: 0]
2016-06-27T18:01:03.575+0300: 29.833: [GC pause (G1 Evacuation Pause) (young) (initial-mark)
Desired survivor size 2097152 bytes, new threshold 1 (max 15)
- age   1:    4131248 bytes,    4131248 total
, 0.0034165 secs]
   [Parallel Time: 2.4 ms, GC Workers: 4]
      [GC Worker Start (ms): Min: 29833.2, Avg: 29833.2, Max: 29833.2, Diff: 0.0]
      [Ext Root Scanning (ms): Min: 0.4, Avg: 0.5, Max: 0.6, Diff: 0.2, Sum: 2.0]
      [Update RS (ms): Min: 0.3, Avg: 0.5, Max: 0.6, Diff: 0.3, Sum: 1.8]
         [Processed Buffers: Min: 1, Avg: 7.8, Max: 17, Diff: 16, Sum: 31]
      [Scan RS (ms): Min: 0.0, Avg: 0.0, Max: 0.0, Diff: 0.0, Sum: 0.0]
      [Code Root Scanning (ms): Min: 0.0, Avg: 0.0, Max: 0.0, Diff: 0.0, Sum: 0.0]
      [Object Copy (ms): Min: 1.3, Avg: 1.4, Max: 1.5, Diff: 0.1, Sum: 5.7]
      [Termination (ms): Min: 0.0, Avg: 0.0, Max: 0.0, Diff: 0.0, Sum: 0.0]
         [Termination Attempts: Min: 1, Avg: 1.0, Max: 1, Diff: 0, Sum: 4]
      [GC Worker Other (ms): Min: 0.0, Avg: 0.0, Max: 0.0, Diff: 0.0, Sum: 0.0]
      [GC Worker Total (ms): Min: 2.4, Avg: 2.4, Max: 2.4, Diff: 0.0, Sum: 9.6]
      [GC Worker End (ms): Min: 29835.6, Avg: 29835.6, Max: 29835.6, Diff: 0.0]
   [Code Root Fixup: 0.0 ms]
   [Code Root Purge: 0.0 ms]
   [String Dedup Fixup: 0.4 ms, GC Workers: 4]
      [Queue Fixup (ms): Min: 0.0, Avg: 0.0, Max: 0.0, Diff: 0.0, Sum: 0.0]
      [Table Fixup (ms): Min: 0.3, Avg: 0.3, Max: 0.3, Diff: 0.0, Sum: 1.3]
   [Clear CT: 0.1 ms]
   [Other: 0.5 ms]
      [Choose CSet: 0.0 ms]
      [Ref Proc: 0.1 ms]
      [Ref Enq: 0.0 ms]
      [Redirty Cards: 0.0 ms]
      [Humongous Register: 0.0 ms]
      [Humongous Reclaim: 0.0 ms]
      [Free CSet: 0.0 ms]
   [Eden: 28.0M(28.0M)->0.0B(28.0M) Survivors: 4096.0K->4096.0K Heap: 597.5M(657.0M)->575.5M(657.0M)]
 [Times: user=0.00 sys=0.00, real=0.00 secs] 
2016-06-27T18:01:03.579+0300: 29.837: [GC concurrent-root-region-scan-start]
2016-06-27T18:01:03.579+0300: 29.837: Total time for which application threads were stopped: 0.0085001 seconds, Stopping threads took: 0.0044549 seconds
2016-06-27T18:01:03.580+0300: 29.837: [GC concurrent-root-region-scan-end, 0.0004832 secs]
2016-06-27T18:01:03.580+0300: 29.837: [GC concurrent-mark-start]
2016-06-27T18:01:03.582+0300: 29.840: [GC concurrent-string-deduplication, 4514.8K->4408.0K(106.8K), avg 1.4%, 0.0032775 secs]
   [Last Exec: 0.0032775 secs, Idle: 0.2380410 secs, Blocked: 0/0.0000000 secs]
      [Inspected:             355]
         [Skipped:              3(  0.8%)]
         [Hashed:             352( 99.2%)]
         [Known:               77( 21.7%)]
         [New:                275( 77.5%)   4514.8K]
      [Deduplicated:           26(  9.5%)    106.8K(  2.4%)]
         [Young:                0(  0.0%)      0.0B(  0.0%)]
         [Old:                 26(100.0%)    106.8K(100.0%)]
   [Total Exec: 160/0.4108976 secs, Idle: 160/29.1929136 secs, Blocked: 2/0.0043244 secs]
      [Inspected:           35560]
         [Skipped:            310(  0.9%)]
         [Hashed:           34272( 96.4%)]
         [Known:             3784( 10.6%)]
         [New:              31466( 88.5%)    560.2M]
      [Deduplicated:         1983(  6.3%)   7810.1K(  1.4%)]
         [Young:                5(  0.3%)   5200.0B(  0.1%)]
         [Old:               1978( 99.7%)   7805.0K( 99.9%)]
   [Table]
      [Memory Usage: 847.4K]
      [Size: 16384, Min: 1024, Max: 16777216]
      [Entries: 30695, Load: 187.3%, Cached: 0, Added: 33222, Removed: 2527]
      [Resize Count: 4, Shrink Threshold: 10922(66.7%), Grow Threshold: 32768(200.0%)]
      [Rehash Count: 1, Rehash Threshold: 120, Hash Seed: 0xc4e8cebb]
      [Age Threshold: 3]
   [Queue]
      [Dropped: 0]
2016-06-27T18:01:03.615+0300: 29.872: [GC concurrent-mark-end, 0.0335478 secs]
2016-06-27T18:01:03.643+0300: 29.901: [GC remark 2016-06-27T18:01:03.643+0300: 29.901: [Finalize Marking, 0.0001544 secs] 2016-06-27T18:01:03.644+0300: 29.901: [GC ref-proc, 0.0000928 secs] 2016-06-27T18:01:03.644+0300: 29.901: [Unloading, 0.0024650 secs], 0.0053949 secs]
 [Times: user=0.06 sys=0.00, real=0.01 secs] 
2016-06-27T18:01:03.649+0300: 29.906: Total time for which application threads were stopped: 0.0063541 seconds, Stopping threads took: 0.0005666 seconds
2016-06-27T18:01:03.650+0300: 29.907: [GC cleanup 586M->586M(657M), 0.0008934 secs]
 [Times: user=0.00 sys=0.00, real=0.00 secs] 
2016-06-27T18:01:03.651+0300: 29.908: Total time for which application threads were stopped: 0.0014386 seconds, Stopping threads took: 0.0001048 seconds
2016-06-27T18:01:03.789+0300: 30.047: [GC pause (G1 Evacuation Pause) (young)
Desired survivor size 2097152 bytes, new threshold 1 (max 15)
- age   1:    4122760 bytes,    4122760 total
, 0.0035153 secs]
   [Parallel Time: 2.5 ms, GC Workers: 4]
      [GC Worker Start (ms): Min: 30046.8, Avg: 30046.8, Max: 30046.8, Diff: 0.0]
      [Ext Root Scanning (ms): Min: 0.4, Avg: 0.5, Max: 0.6, Diff: 0.1, Sum: 2.0]
      [Update RS (ms): Min: 0.5, Avg: 0.6, Max: 0.7, Diff: 0.1, Sum: 2.4]
         [Processed Buffers: Min: 1, Avg: 5.5, Max: 17, Diff: 16, Sum: 22]
      [Scan RS (ms): Min: 0.0, Avg: 0.0, Max: 0.0, Diff: 0.0, Sum: 0.0]
      [Code Root Scanning (ms): Min: 0.0, Avg: 0.0, Max: 0.0, Diff: 0.0, Sum: 0.0]
      [Object Copy (ms): Min: 1.3, Avg: 1.3, Max: 1.3, Diff: 0.1, Sum: 5.2]
      [Termination (ms): Min: 0.0, Avg: 0.0, Max: 0.0, Diff: 0.0, Sum: 0.0]
         [Termination Attempts: Min: 1, Avg: 1.0, Max: 1, Diff: 0, Sum: 4]
      [GC Worker Other (ms): Min: 0.0, Avg: 0.0, Max: 0.0, Diff: 0.0, Sum: 0.0]
      [GC Worker Total (ms): Min: 2.4, Avg: 2.4, Max: 2.4, Diff: 0.0, Sum: 9.6]
      [GC Worker End (ms): Min: 30049.2, Avg: 30049.2, Max: 30049.2, Diff: 0.0]
   [Code Root Fixup: 0.0 ms]
   [Code Root Purge: 0.0 ms]
   [String Dedup Fixup: 0.5 ms, GC Workers: 4]
      [Queue Fixup (ms): Min: 0.0, Avg: 0.0, Max: 0.0, Diff: 0.0, Sum: 0.0]
      [Table Fixup (ms): Min: 0.4, Avg: 0.4, Max: 0.4, Diff: 0.0, Sum: 1.8]
   [Clear CT: 0.1 ms]
   [Other: 0.5 ms]
      [Choose CSet: 0.0 ms]
      [Ref Proc: 0.1 ms]
      [Ref Enq: 0.0 ms]
      [Redirty Cards: 0.0 ms]
      [Humongous Register: 0.0 ms]
      [Humongous Reclaim: 0.0 ms]
      [Free CSet: 0.1 ms]
   [Eden: 28.0M(28.0M)->0.0B(28.0M) Survivors: 4096.0K->4096.0K Heap: 603.5M(657.0M)->581.5M(657.0M)]
 [Times: user=0.00 sys=0.00, real=0.00 secs] 
2016-06-27T18:01:03.793+0300: 30.050: Total time for which application threads were stopped: 0.0060291 seconds, Stopping threads took: 0.0018898 seconds
2016-06-27T18:01:03.796+0300: 30.054: [GC concurrent-string-deduplication, 4486.5K->4403.4K(83.1K), avg 1.4%, 0.0031274 secs]
   [Last Exec: 0.0031274 secs, Idle: 0.2104692 secs, Blocked: 0/0.0000000 secs]
      [Inspected:             227]
         [Skipped:              0(  0.0%)]
         [Hashed:             227(100.0%)]
         [Known:                0(  0.0%)]
         [New:                227(100.0%)   4486.5K]
      [Deduplicated:            7(  3.1%)     83.1K(  1.9%)]
         [Young:                0(  0.0%)      0.0B(  0.0%)]
         [Old:                  7(100.0%)     83.1K(100.0%)]
   [Total Exec: 161/0.4140250 secs, Idle: 161/29.4033828 secs, Blocked: 2/0.0043244 secs]
      [Inspected:           35787]
         [Skipped:            310(  0.9%)]
         [Hashed:           34499( 96.4%)]
         [Known:             3784( 10.6%)]
         [New:              31693( 88.6%)    564.6M]
      [Deduplicated:         1990(  6.3%)   7893.2K(  1.4%)]
         [Young:                5(  0.3%)   5200.0B(  0.1%)]
         [Old:               1985( 99.7%)   7888.1K( 99.9%)]
   [Table]
      [Memory Usage: 852.2K]
      [Size: 16384, Min: 1024, Max: 16777216]
      [Entries: 30900, Load: 188.6%, Cached: 0, Added: 33442, Removed: 2542]
      [Resize Count: 4, Shrink Threshold: 10922(66.7%), Grow Threshold: 32768(200.0%)]
      [Rehash Count: 1, Rehash Threshold: 120, Hash Seed: 0xc4e8cebb]
      [Age Threshold: 3]
   [Queue]
      [Dropped: 0]
2016-06-27T18:01:04.033+0300: 30.290: [GC pause (G1 Evacuation Pause) (mixed)
Desired survivor size 2097152 bytes, new threshold 1 (max 15)
- age   1:    4054352 bytes,    4054352 total
, 0.0053585 secs]
   [Parallel Time: 4.4 ms, GC Workers: 4]
      [GC Worker Start (ms): Min: 30290.0, Avg: 30290.0, Max: 30290.0, Diff: 0.0]
      [Ext Root Scanning (ms): Min: 0.4, Avg: 0.5, Max: 0.6, Diff: 0.1, Sum: 1.9]
      [Update RS (ms): Min: 0.4, Avg: 0.5, Max: 0.6, Diff: 0.1, Sum: 1.9]
         [Processed Buffers: Min: 2, Avg: 5.8, Max: 10, Diff: 8, Sum: 23]
      [Scan RS (ms): Min: 0.2, Avg: 0.3, Max: 0.3, Diff: 0.1, Sum: 1.1]
      [Code Root Scanning (ms): Min: 0.0, Avg: 0.0, Max: 0.0, Diff: 0.0, Sum: 0.0]
      [Object Copy (ms): Min: 3.1, Avg: 3.2, Max: 3.2, Diff: 0.1, Sum: 12.6]
      [Termination (ms): Min: 0.0, Avg: 0.0, Max: 0.0, Diff: 0.0, Sum: 0.0]
         [Termination Attempts: Min: 1, Avg: 1.0, Max: 1, Diff: 0, Sum: 4]
      [GC Worker Other (ms): Min: 0.0, Avg: 0.0, Max: 0.0, Diff: 0.0, Sum: 0.1]
      [GC Worker Total (ms): Min: 4.4, Avg: 4.4, Max: 4.4, Diff: 0.0, Sum: 17.5]
      [GC Worker End (ms): Min: 30294.4, Avg: 30294.4, Max: 30294.4, Diff: 0.0]
   [Code Root Fixup: 0.0 ms]
   [Code Root Purge: 0.0 ms]
   [String Dedup Fixup: 0.4 ms, GC Workers: 4]
      [Queue Fixup (ms): Min: 0.0, Avg: 0.0, Max: 0.0, Diff: 0.0, Sum: 0.0]
      [Table Fixup (ms): Min: 0.4, Avg: 0.4, Max: 0.4, Diff: 0.0, Sum: 1.4]
   [Clear CT: 0.1 ms]
   [Other: 0.5 ms]
      [Choose CSet: 0.0 ms]
      [Ref Proc: 0.0 ms]
      [Ref Enq: 0.0 ms]
      [Redirty Cards: 0.0 ms]
      [Humongous Register: 0.0 ms]
      [Humongous Reclaim: 0.0 ms]
      [Free CSet: 0.1 ms]
   [Eden: 28.0M(28.0M)->0.0B(28.0M) Survivors: 4096.0K->4096.0K Heap: 609.5M(657.0M)->582.0M(657.0M)]
 [Times: user=0.06 sys=0.00, real=0.01 secs] 
2016-06-27T18:01:04.038+0300: 30.296: Total time for which application threads were stopped: 0.0116929 seconds, Stopping threads took: 0.0056677 seconds
2016-06-27T18:01:04.041+0300: 30.299: [GC concurrent-string-deduplication, 4524.5K->4383.4K(141.1K), avg 1.4%, 0.0032100 secs]
   [Last Exec: 0.0032100 secs, Idle: 0.2419155 secs, Blocked: 0/0.0000000 secs]
      [Inspected:             228]
         [Skipped:              1(  0.4%)]
         [Hashed:             227( 99.6%)]
         [Known:                0(  0.0%)]
         [New:                227( 99.6%)   4524.5K]
      [Deduplicated:            8(  3.5%)    141.1K(  3.1%)]
         [Young:                0(  0.0%)      0.0B(  0.0%)]
         [Old:                  8(100.0%)    141.1K(100.0%)]
   [Total Exec: 162/0.4172350 secs, Idle: 162/29.6452983 secs, Blocked: 2/0.0043244 secs]
      [Inspected:           36015]
         [Skipped:            311(  0.9%)]
         [Hashed:           34726( 96.4%)]
         [Known:             3784( 10.5%)]
         [New:              31920( 88.6%)    569.0M]
      [Deduplicated:         1998(  6.3%)   8034.4K(  1.4%)]
         [Young:                5(  0.3%)   5200.0B(  0.1%)]
         [Old:               1993( 99.7%)   8029.3K( 99.9%)]
   [Table]
      [Memory Usage: 857.4K]
      [Size: 16384, Min: 1024, Max: 16777216]
      [Entries: 31119, Load: 189.9%, Cached: 0, Added: 33661, Removed: 2542]
      [Resize Count: 4, Shrink Threshold: 10922(66.7%), Grow Threshold: 32768(200.0%)]
      [Rehash Count: 1, Rehash Threshold: 120, Hash Seed: 0xc4e8cebb]
      [Age Threshold: 3]
   [Queue]
      [Dropped: 0]
2016-06-27T18:01:04.245+0300: 30.503: Total time for which application threads were stopped: 0.0032959 seconds, Stopping threads took: 0.0029713 seconds
2016-06-27T18:01:04.250+0300: 30.508: Total time for which application threads were stopped: 0.0004088 seconds, Stopping threads took: 0.0000949 seconds
2016-06-27T18:01:04.251+0300: 30.508: Total time for which application threads were stopped: 0.0003075 seconds, Stopping threads took: 0.0000445 seconds
2016-06-27T18:01:04.252+0300: 30.510: Total time for which application threads were stopped: 0.0003669 seconds, Stopping threads took: 0.0000577 seconds
2016-06-27T18:01:04.253+0300: 30.510: Total time for which application threads were stopped: 0.0003237 seconds, Stopping threads took: 0.0000500 seconds
2016-06-27T18:01:04.253+0300: 30.511: Total time for which application threads were stopped: 0.0003220 seconds, Stopping threads took: 0.0000453 seconds
2016-06-27T18:01:04.254+0300: 30.511: Total time for which application threads were stopped: 0.0002664 seconds, Stopping threads took: 0.0000325 seconds
2016-06-27T18:01:04.254+0300: 30.512: Total time for which application threads were stopped: 0.0002998 seconds, Stopping threads took: 0.0000445 seconds
2016-06-27T18:01:04.254+0300: 30.512: Total time for which application threads were stopped: 0.0002972 seconds, Stopping threads took: 0.0000411 seconds
2016-06-27T18:01:04.260+0300: 30.517: [GC pause (G1 Evacuation Pause) (young)
Desired survivor size 2097152 bytes, new threshold 1 (max 15)
- age   1:    4026744 bytes,    4026744 total
, 0.0043052 secs]
   [Parallel Time: 3.5 ms, GC Workers: 4]
      [GC Worker Start (ms): Min: 30517.6, Avg: 30517.6, Max: 30517.6, Diff: 0.0]
      [Ext Root Scanning (ms): Min: 0.6, Avg: 0.8, Max: 1.1, Diff: 0.6, Sum: 3.4]
      [Update RS (ms): Min: 0.9, Avg: 1.3, Max: 1.6, Diff: 0.7, Sum: 5.1]
         [Processed Buffers: Min: 3, Avg: 6.3, Max: 11, Diff: 8, Sum: 25]
      [Scan RS (ms): Min: 0.0, Avg: 0.0, Max: 0.0, Diff: 0.0, Sum: 0.0]
      [Code Root Scanning (ms): Min: 0.0, Avg: 0.0, Max: 0.0, Diff: 0.0, Sum: 0.0]
      [Object Copy (ms): Min: 1.2, Avg: 1.3, Max: 1.4, Diff: 0.1, Sum: 5.2]
      [Termination (ms): Min: 0.0, Avg: 0.0, Max: 0.0, Diff: 0.0, Sum: 0.0]
         [Termination Attempts: Min: 1, Avg: 1.0, Max: 1, Diff: 0, Sum: 4]
      [GC Worker Other (ms): Min: 0.0, Avg: 0.0, Max: 0.0, Diff: 0.0, Sum: 0.0]
      [GC Worker Total (ms): Min: 3.4, Avg: 3.4, Max: 3.5, Diff: 0.0, Sum: 13.8]
      [GC Worker End (ms): Min: 30521.0, Avg: 30521.0, Max: 30521.0, Diff: 0.0]
   [Code Root Fixup: 0.0 ms]
   [Code Root Purge: 0.0 ms]
   [String Dedup Fixup: 0.4 ms, GC Workers: 4]
      [Queue Fixup (ms): Min: 0.0, Avg: 0.0, Max: 0.0, Diff: 0.0, Sum: 0.0]
      [Table Fixup (ms): Min: 0.3, Avg: 0.3, Max: 0.3, Diff: 0.0, Sum: 1.4]
   [Clear CT: 0.0 ms]
   [Other: 0.4 ms]
      [Choose CSet: 0.0 ms]
      [Ref Proc: 0.1 ms]
      [Ref Enq: 0.0 ms]
      [Redirty Cards: 0.0 ms]
      [Humongous Register: 0.0 ms]
      [Humongous Reclaim: 0.0 ms]
      [Free CSet: 0.0 ms]
   [Eden: 28.0M(28.0M)->0.0B(28.0M) Survivors: 4096.0K->4096.0K Heap: 610.0M(657.0M)->587.5M(657.0M)]
 [Times: user=0.00 sys=0.00, real=0.00 secs] 
2016-06-27T18:01:04.265+0300: 30.522: Total time for which application threads were stopped: 0.0049783 seconds, Stopping threads took: 0.0000723 seconds
2016-06-27T18:01:04.268+0300: 30.525: [GC concurrent-string-deduplication, 4504.6K->4364.4K(140.2K), avg 1.4%, 0.0031492 secs]
   [Last Exec: 0.0031492 secs, Idle: 0.2231689 secs, Blocked: 0/0.0000000 secs]
      [Inspected:             231]
         [Skipped:              0(  0.0%)]
         [Hashed:             231(100.0%)]
         [Known:                0(  0.0%)]
         [New:                231(100.0%)   4504.6K]
      [Deduplicated:            9(  3.9%)    140.2K(  3.1%)]
         [Young:                0(  0.0%)      0.0B(  0.0%)]
         [Old:                  9(100.0%)    140.2K(100.0%)]
   [Total Exec: 163/0.4203842 secs, Idle: 163/29.8684672 secs, Blocked: 2/0.0043244 secs]
      [Inspected:           36246]
         [Skipped:            311(  0.9%)]
         [Hashed:           34957( 96.4%)]
         [Known:             3784( 10.4%)]
         [New:              32151( 88.7%)    573.4M]
      [Deduplicated:         2007(  6.2%)   8174.5K(  1.4%)]
         [Young:                5(  0.2%)   5200.0B(  0.1%)]
         [Old:               2002( 99.8%)   8169.5K( 99.9%)]
   [Table]
      [Memory Usage: 863.8K]
      [Size: 16384, Min: 1024, Max: 16777216]
      [Entries: 31395, Load: 191.6%, Cached: 0, Added: 33937, Removed: 2542]
      [Resize Count: 4, Shrink Threshold: 10922(66.7%), Grow Threshold: 32768(200.0%)]
      [Rehash Count: 1, Rehash Threshold: 120, Hash Seed: 0xc4e8cebb]
      [Age Threshold: 3]
   [Queue]
      [Dropped: 0]
2016-06-27T18:01:04.500+0300: 30.757: [GC pause (G1 Evacuation Pause) (young) (initial-mark)
Desired survivor size 2097152 bytes, new threshold 1 (max 15)
- age   1:    4125496 bytes,    4125496 total
, 0.0037227 secs]
   [Parallel Time: 2.6 ms, GC Workers: 4]
      [GC Worker Start (ms): Min: 30757.6, Avg: 30757.6, Max: 30757.6, Diff: 0.0]
      [Ext Root Scanning (ms): Min: 0.4, Avg: 0.5, Max: 0.6, Diff: 0.2, Sum: 1.9]
      [Update RS (ms): Min: 0.6, Avg: 0.7, Max: 0.8, Diff: 0.2, Sum: 2.8]
         [Processed Buffers: Min: 3, Avg: 9.0, Max: 16, Diff: 13, Sum: 36]
      [Scan RS (ms): Min: 0.0, Avg: 0.0, Max: 0.0, Diff: 0.0, Sum: 0.0]
      [Code Root Scanning (ms): Min: 0.0, Avg: 0.0, Max: 0.0, Diff: 0.0, Sum: 0.0]
      [Object Copy (ms): Min: 1.3, Avg: 1.4, Max: 1.4, Diff: 0.1, Sum: 5.5]
      [Termination (ms): Min: 0.0, Avg: 0.0, Max: 0.0, Diff: 0.0, Sum: 0.0]
         [Termination Attempts: Min: 1, Avg: 1.0, Max: 1, Diff: 0, Sum: 4]
      [GC Worker Other (ms): Min: 0.0, Avg: 0.0, Max: 0.0, Diff: 0.0, Sum: 0.1]
      [GC Worker Total (ms): Min: 2.6, Avg: 2.6, Max: 2.6, Diff: 0.0, Sum: 10.3]
      [GC Worker End (ms): Min: 30760.1, Avg: 30760.1, Max: 30760.1, Diff: 0.0]
   [Code Root Fixup: 0.0 ms]
   [Code Root Purge: 0.0 ms]
   [String Dedup Fixup: 0.5 ms, GC Workers: 4]
      [Queue Fixup (ms): Min: 0.0, Avg: 0.0, Max: 0.0, Diff: 0.0, Sum: 0.0]
      [Table Fixup (ms): Min: 0.4, Avg: 0.4, Max: 0.5, Diff: 0.1, Sum: 1.8]
   [Clear CT: 0.0 ms]
   [Other: 0.6 ms]
      [Choose CSet: 0.0 ms]
      [Ref Proc: 0.1 ms]
      [Ref Enq: 0.0 ms]
      [Redirty Cards: 0.0 ms]
      [Humongous Register: 0.0 ms]
      [Humongous Reclaim: 0.0 ms]
      [Free CSet: 0.1 ms]
   [Eden: 28.0M(28.0M)->0.0B(28.0M) Survivors: 4096.0K->4096.0K Heap: 615.5M(657.0M)->593.0M(657.0M)]
 [Times: user=0.00 sys=0.00, real=0.00 secs] 
2016-06-27T18:01:04.504+0300: 30.761: [GC concurrent-root-region-scan-start]
2016-06-27T18:01:04.504+0300: 30.761: Total time for which application threads were stopped: 0.0054582 seconds, Stopping threads took: 0.0011418 seconds
2016-06-27T18:01:04.505+0300: 30.762: [GC concurrent-root-region-scan-end, 0.0004627 secs]
2016-06-27T18:01:04.505+0300: 30.762: [GC concurrent-mark-start]
2016-06-27T18:01:04.507+0300: 30.765: [GC concurrent-string-deduplication, 4294.5K->4186.6K(108.0K), avg 1.4%, 0.0031540 secs]
   [Last Exec: 0.0031540 secs, Idle: 0.2361084 secs, Blocked: 0/0.0000000 secs]
      [Inspected:             342]
         [Skipped:             16(  4.7%)]
         [Hashed:             326( 95.3%)]
         [Known:               57( 16.7%)]
         [New:                269( 78.7%)   4294.5K]
      [Deduplicated:           41( 15.2%)    108.0K(  2.5%)]
         [Young:                0(  0.0%)      0.0B(  0.0%)]
         [Old:                 41(100.0%)    108.0K(100.0%)]
   [Total Exec: 164/0.4235382 secs, Idle: 164/30.1045756 secs, Blocked: 2/0.0043244 secs]
      [Inspected:           36588]
         [Skipped:            327(  0.9%)]
         [Hashed:           35283( 96.4%)]
         [Known:             3841( 10.5%)]
         [New:              32420( 88.6%)    577.6M]
      [Deduplicated:         2048(  6.3%)   8282.5K(  1.4%)]
         [Young:                5(  0.2%)   5200.0B(  0.1%)]
         [Old:               2043( 99.8%)   8277.4K( 99.9%)]
   [Table]
      [Memory Usage: 869.2K]
      [Size: 16384, Min: 1024, Max: 16777216]
      [Entries: 31623, Load: 193.0%, Cached: 0, Added: 34165, Removed: 2542]
      [Resize Count: 4, Shrink Threshold: 10922(66.7%), Grow Threshold: 32768(200.0%)]
      [Rehash Count: 1, Rehash Threshold: 120, Hash Seed: 0xc4e8cebb]
      [Age Threshold: 3]
   [Queue]
      [Dropped: 0]
2016-06-27T18:01:04.539+0300: 30.796: [GC concurrent-mark-end, 0.0338813 secs]
2016-06-27T18:01:04.558+0300: 30.815: [GC remark 2016-06-27T18:01:04.558+0300: 30.815: [Finalize Marking, 0.0001454 secs] 2016-06-27T18:01:04.558+0300: 30.815: [GC ref-proc, 0.0000860 secs] 2016-06-27T18:01:04.558+0300: 30.815: [Unloading, 0.0019287 secs], 0.0047598 secs]
 [Times: user=0.00 sys=0.00, real=0.00 secs] 
2016-06-27T18:01:04.563+0300: 30.820: Total time for which application threads were stopped: 0.0086108 seconds, Stopping threads took: 0.0034888 seconds
2016-06-27T18:01:04.564+0300: 30.821: [GC cleanup 600M->600M(657M), 0.0008921 secs]
 [Times: user=0.00 sys=0.00, real=0.00 secs] 
2016-06-27T18:01:04.565+0300: 30.822: Total time for which application threads were stopped: 0.0013642 seconds, Stopping threads took: 0.0000800 seconds
2016-06-27T18:01:04.738+0300: 30.995: [GC pause (G1 Evacuation Pause) (young)
Desired survivor size 2097152 bytes, new threshold 1 (max 15)
- age   1:    4086368 bytes,    4086368 total
, 0.0032331 secs]
   [Parallel Time: 2.3 ms, GC Workers: 4]
      [GC Worker Start (ms): Min: 30995.5, Avg: 30995.5, Max: 30995.5, Diff: 0.0]
      [Ext Root Scanning (ms): Min: 0.5, Avg: 0.5, Max: 0.6, Diff: 0.1, Sum: 2.2]
      [Update RS (ms): Min: 0.4, Avg: 0.4, Max: 0.5, Diff: 0.1, Sum: 1.7]
         [Processed Buffers: Min: 1, Avg: 3.8, Max: 7, Diff: 6, Sum: 15]
      [Scan RS (ms): Min: 0.0, Avg: 0.0, Max: 0.0, Diff: 0.0, Sum: 0.0]
      [Code Root Scanning (ms): Min: 0.0, Avg: 0.0, Max: 0.0, Diff: 0.0, Sum: 0.0]
      [Object Copy (ms): Min: 1.2, Avg: 1.3, Max: 1.3, Diff: 0.1, Sum: 5.2]
      [Termination (ms): Min: 0.0, Avg: 0.0, Max: 0.0, Diff: 0.0, Sum: 0.0]
         [Termination Attempts: Min: 1, Avg: 1.0, Max: 1, Diff: 0, Sum: 4]
      [GC Worker Other (ms): Min: 0.0, Avg: 0.0, Max: 0.0, Diff: 0.0, Sum: 0.0]
      [GC Worker Total (ms): Min: 2.3, Avg: 2.3, Max: 2.3, Diff: 0.0, Sum: 9.2]
      [GC Worker End (ms): Min: 30997.8, Avg: 30997.8, Max: 30997.8, Diff: 0.0]
   [Code Root Fixup: 0.0 ms]
   [Code Root Purge: 0.0 ms]
   [String Dedup Fixup: 0.4 ms, GC Workers: 4]
      [Queue Fixup (ms): Min: 0.0, Avg: 0.0, Max: 0.0, Diff: 0.0, Sum: 0.0]
      [Table Fixup (ms): Min: 0.3, Avg: 0.3, Max: 0.3, Diff: 0.0, Sum: 1.4]
   [Clear CT: 0.1 ms]
   [Other: 0.5 ms]
      [Choose CSet: 0.0 ms]
      [Ref Proc: 0.1 ms]
      [Ref Enq: 0.0 ms]
      [Redirty Cards: 0.1 ms]
      [Humongous Register: 0.0 ms]
      [Humongous Reclaim: 0.0 ms]
      [Free CSet: 0.0 ms]
   [Eden: 28.0M(28.0M)->0.0B(28.0M) Survivors: 4096.0K->4096.0K Heap: 621.0M(657.0M)->598.5M(657.0M)]
 [Times: user=0.06 sys=0.00, real=0.00 secs] 
2016-06-27T18:01:04.741+0300: 30.999: Total time for which application threads were stopped: 0.0060611 seconds, Stopping threads took: 0.0022807 seconds
2016-06-27T18:01:04.745+0300: 31.002: [GC concurrent-string-deduplication, 4523.5K->4443.5K(80.1K), avg 1.4%, 0.0031758 secs]
   [Last Exec: 0.0031758 secs, Idle: 0.2341865 secs, Blocked: 0/0.0000000 secs]
      [Inspected:             226]
         [Skipped:              0(  0.0%)]
         [Hashed:             226(100.0%)]
         [Known:                0(  0.0%)]
         [New:                226(100.0%)   4523.5K]
      [Deduplicated:            4(  1.8%)     80.1K(  1.8%)]
         [Young:                0(  0.0%)      0.0B(  0.0%)]
         [Old:                  4(100.0%)     80.1K(100.0%)]
   [Total Exec: 165/0.4267139 secs, Idle: 165/30.3387621 secs, Blocked: 2/0.0043244 secs]
      [Inspected:           36814]
         [Skipped:            327(  0.9%)]
         [Hashed:           35509( 96.5%)]
         [Known:             3841( 10.4%)]
         [New:              32646( 88.7%)    582.0M]
      [Deduplicated:         2052(  6.3%)   8362.6K(  1.4%)]
         [Young:                5(  0.2%)   5200.0B(  0.1%)]
         [Old:               2047( 99.8%)   8357.5K( 99.9%)]
   [Table]
      [Memory Usage: 869.2K]
      [Size: 16384, Min: 1024, Max: 16777216]
      [Entries: 31380, Load: 191.5%, Cached: 243, Added: 34387, Removed: 3007]
      [Resize Count: 4, Shrink Threshold: 10922(66.7%), Grow Threshold: 32768(200.0%)]
      [Rehash Count: 1, Rehash Threshold: 120, Hash Seed: 0xc4e8cebb]
      [Age Threshold: 3]
   [Queue]
      [Dropped: 0]
2016-06-27T18:01:04.976+0300: 31.234: [GC pause (G1 Evacuation Pause) (mixed)
Desired survivor size 2097152 bytes, new threshold 1 (max 15)
- age   1:    4106376 bytes,    4106376 total
, 0.0086296 secs]
   [Parallel Time: 7.5 ms, GC Workers: 4]
      [GC Worker Start (ms): Min: 31233.8, Avg: 31233.8, Max: 31233.8, Diff: 0.0]
      [Ext Root Scanning (ms): Min: 0.4, Avg: 0.5, Max: 0.6, Diff: 0.1, Sum: 1.9]
      [Update RS (ms): Min: 0.4, Avg: 0.5, Max: 0.5, Diff: 0.1, Sum: 1.9]
         [Processed Buffers: Min: 2, Avg: 6.5, Max: 17, Diff: 15, Sum: 26]
      [Scan RS (ms): Min: 0.9, Avg: 0.9, Max: 0.9, Diff: 0.0, Sum: 3.5]
      [Code Root Scanning (ms): Min: 0.0, Avg: 0.0, Max: 0.0, Diff: 0.0, Sum: 0.1]
      [Object Copy (ms): Min: 5.5, Avg: 5.5, Max: 5.6, Diff: 0.1, Sum: 22.2]
      [Termination (ms): Min: 0.0, Avg: 0.0, Max: 0.0, Diff: 0.0, Sum: 0.0]
         [Termination Attempts: Min: 1, Avg: 1.0, Max: 1, Diff: 0, Sum: 4]
      [GC Worker Other (ms): Min: 0.0, Avg: 0.0, Max: 0.0, Diff: 0.0, Sum: 0.0]
      [GC Worker Total (ms): Min: 7.4, Avg: 7.4, Max: 7.4, Diff: 0.0, Sum: 29.7]
      [GC Worker End (ms): Min: 31241.3, Avg: 31241.3, Max: 31241.3, Diff: 0.0]
   [Code Root Fixup: 0.0 ms]
   [Code Root Purge: 0.0 ms]
   [String Dedup Fixup: 0.4 ms, GC Workers: 4]
      [Queue Fixup (ms): Min: 0.0, Avg: 0.0, Max: 0.0, Diff: 0.0, Sum: 0.0]
      [Table Fixup (ms): Min: 0.4, Avg: 0.4, Max: 0.4, Diff: 0.0, Sum: 1.6]
   [Clear CT: 0.1 ms]
   [Other: 0.6 ms]
      [Choose CSet: 0.0 ms]
      [Ref Proc: 0.0 ms]
      [Ref Enq: 0.0 ms]
      [Redirty Cards: 0.0 ms]
      [Humongous Register: 0.0 ms]
      [Humongous Reclaim: 0.0 ms]
      [Free CSet: 0.2 ms]
   [Eden: 28.0M(28.0M)->0.0B(29.0M) Survivors: 4096.0K->4096.0K Heap: 626.5M(657.0M)->590.0M(661.0M)]
 [Times: user=0.00 sys=0.00, real=0.01 secs] 
2016-06-27T18:01:04.985+0300: 31.243: Total time for which application threads were stopped: 0.0125675 seconds, Stopping threads took: 0.0033242 seconds
2016-06-27T18:01:04.988+0300: 31.246: [GC concurrent-string-deduplication, 4546.6K->4443.5K(103.1K), avg 1.4%, 0.0032356 secs]
   [Last Exec: 0.0032356 secs, Idle: 0.2405094 secs, Blocked: 0/0.0000000 secs]
      [Inspected:             232]
         [Skipped:              2(  0.9%)]
         [Hashed:             230( 99.1%)]
         [Known:                0(  0.0%)]
         [New:                230( 99.1%)   4546.6K]
      [Deduplicated:            8(  3.5%)    103.1K(  2.3%)]
         [Young:                0(  0.0%)      0.0B(  0.0%)]
         [Old:                  8(100.0%)    103.1K(100.0%)]
   [Total Exec: 166/0.4299496 secs, Idle: 166/30.5792715 secs, Blocked: 2/0.0043244 secs]
      [Inspected:           37046]
         [Skipped:            329(  0.9%)]
         [Hashed:           35739( 96.5%)]
         [Known:             3841( 10.4%)]
         [New:              32876( 88.7%)    586.4M]
      [Deduplicated:         2060(  6.3%)   8465.7K(  1.4%)]
         [Young:                5(  0.2%)   5200.0B(  0.1%)]
         [Old:               2055( 99.8%)   8460.6K( 99.9%)]
   [Table]
      [Memory Usage: 869.2K]
      [Size: 16384, Min: 1024, Max: 16777216]
      [Entries: 31602, Load: 192.9%, Cached: 21, Added: 34609, Removed: 3007]
      [Resize Count: 4, Shrink Threshold: 10922(66.7%), Grow Threshold: 32768(200.0%)]
      [Rehash Count: 1, Rehash Threshold: 120, Hash Seed: 0xc4e8cebb]
      [Age Threshold: 3]
   [Queue]
      [Dropped: 0]
2016-06-27T18:01:05.228+0300: 31.485: [GC pause (G1 Evacuation Pause) (young)
Desired survivor size 2621440 bytes, new threshold 1 (max 15)
- age   1:    4032504 bytes,    4032504 total
, 0.0065983 secs]
   [Parallel Time: 5.8 ms, GC Workers: 4]
      [GC Worker Start (ms): Min: 31485.5, Avg: 31485.6, Max: 31485.7, Diff: 0.2]
      [Ext Root Scanning (ms): Min: 0.5, Avg: 0.9, Max: 1.7, Diff: 1.1, Sum: 3.5]
      [Update RS (ms): Min: 2.7, Avg: 3.4, Max: 3.7, Diff: 0.9, Sum: 13.7]
         [Processed Buffers: Min: 4, Avg: 9.3, Max: 15, Diff: 11, Sum: 37]
      [Scan RS (ms): Min: 0.0, Avg: 0.0, Max: 0.0, Diff: 0.0, Sum: 0.0]
      [Code Root Scanning (ms): Min: 0.0, Avg: 0.0, Max: 0.0, Diff: 0.0, Sum: 0.0]
      [Object Copy (ms): Min: 1.3, Avg: 1.4, Max: 1.4, Diff: 0.0, Sum: 5.4]
      [Termination (ms): Min: 0.0, Avg: 0.0, Max: 0.0, Diff: 0.0, Sum: 0.0]
         [Termination Attempts: Min: 1, Avg: 1.0, Max: 1, Diff: 0, Sum: 4]
      [GC Worker Other (ms): Min: 0.0, Avg: 0.0, Max: 0.0, Diff: 0.0, Sum: 0.1]
      [GC Worker Total (ms): Min: 5.5, Avg: 5.7, Max: 5.8, Diff: 0.2, Sum: 22.6]
      [GC Worker End (ms): Min: 31491.2, Avg: 31491.2, Max: 31491.2, Diff: 0.0]
   [Code Root Fixup: 0.0 ms]
   [Code Root Purge: 0.0 ms]
   [String Dedup Fixup: 0.4 ms, GC Workers: 4]
      [Queue Fixup (ms): Min: 0.0, Avg: 0.0, Max: 0.0, Diff: 0.0, Sum: 0.0]
      [Table Fixup (ms): Min: 0.3, Avg: 0.3, Max: 0.3, Diff: 0.0, Sum: 1.4]
   [Clear CT: 0.0 ms]
   [Other: 0.4 ms]
      [Choose CSet: 0.0 ms]
      [Ref Proc: 0.0 ms]
      [Ref Enq: 0.0 ms]
      [Redirty Cards: 0.0 ms]
      [Humongous Register: 0.0 ms]
      [Humongous Reclaim: 0.0 ms]
      [Free CSet: 0.0 ms]
   [Eden: 29.0M(29.0M)->0.0B(28.0M) Survivors: 4096.0K->5120.0K Heap: 619.0M(661.0M)->596.5M(661.0M)]
 [Times: user=0.00 sys=0.00, real=0.01 secs] 
2016-06-27T18:01:05.235+0300: 31.492: Total time for which application threads were stopped: 0.0093194 seconds, Stopping threads took: 0.0021242 seconds
2016-06-27T18:01:05.238+0300: 31.495: [GC concurrent-string-deduplication, 3825.0K->3702.9K(122.1K), avg 1.4%, 0.0027032 secs]
   [Last Exec: 0.0027032 secs, Idle: 0.2462913 secs, Blocked: 0/0.0000000 secs]
      [Inspected:             193]
         [Skipped:              0(  0.0%)]
         [Hashed:             193(100.0%)]
         [Known:                0(  0.0%)]
         [New:                193(100.0%)   3825.0K]
      [Deduplicated:            8(  4.1%)    122.1K(  3.2%)]
         [Young:                0(  0.0%)      0.0B(  0.0%)]
         [Old:                  8(100.0%)    122.1K(100.0%)]
   [Total Exec: 167/0.4326528 secs, Idle: 167/30.8255628 secs, Blocked: 2/0.0043244 secs]
      [Inspected:           37239]
         [Skipped:            329(  0.9%)]
         [Hashed:           35932( 96.5%)]
         [Known:             3841( 10.3%)]
         [New:              33069( 88.8%)    590.2M]
      [Deduplicated:         2068(  6.3%)   8587.8K(  1.4%)]
         [Young:                5(  0.2%)   5200.0B(  0.1%)]
         [Old:               2063( 99.8%)   8582.8K( 99.9%)]
   [Table]
      [Memory Usage: 873.0K]
      [Size: 16384, Min: 1024, Max: 16777216]
      [Entries: 31787, Load: 194.0%, Cached: 0, Added: 34794, Removed: 3007]
      [Resize Count: 4, Shrink Threshold: 10922(66.7%), Grow Threshold: 32768(200.0%)]
      [Rehash Count: 1, Rehash Threshold: 120, Hash Seed: 0xc4e8cebb]
      [Age Threshold: 3]
   [Queue]
      [Dropped: 0]
2016-06-27T18:01:05.474+0300: 31.731: [GC pause (G1 Evacuation Pause) (young) (initial-mark)
Desired survivor size 2621440 bytes, new threshold 1 (max 15)
- age   1:    4866176 bytes,    4866176 total
, 0.0038211 secs]
   [Parallel Time: 2.8 ms, GC Workers: 4]
      [GC Worker Start (ms): Min: 31731.2, Avg: 31731.3, Max: 31731.3, Diff: 0.0]
      [Ext Root Scanning (ms): Min: 0.5, Avg: 0.5, Max: 0.7, Diff: 0.2, Sum: 2.1]
      [Update RS (ms): Min: 0.5, Avg: 0.7, Max: 0.8, Diff: 0.2, Sum: 2.7]
         [Processed Buffers: Min: 2, Avg: 7.5, Max: 17, Diff: 15, Sum: 30]
      [Scan RS (ms): Min: 0.0, Avg: 0.0, Max: 0.0, Diff: 0.0, Sum: 0.0]
      [Code Root Scanning (ms): Min: 0.0, Avg: 0.0, Max: 0.0, Diff: 0.0, Sum: 0.0]
      [Object Copy (ms): Min: 1.5, Avg: 1.6, Max: 1.6, Diff: 0.1, Sum: 6.2]
      [Termination (ms): Min: 0.0, Avg: 0.0, Max: 0.0, Diff: 0.0, Sum: 0.0]
         [Termination Attempts: Min: 1, Avg: 1.0, Max: 1, Diff: 0, Sum: 4]
      [GC Worker Other (ms): Min: 0.0, Avg: 0.0, Max: 0.0, Diff: 0.0, Sum: 0.1]
      [GC Worker Total (ms): Min: 2.7, Avg: 2.8, Max: 2.8, Diff: 0.0, Sum: 11.1]
      [GC Worker End (ms): Min: 31734.0, Avg: 31734.0, Max: 31734.0, Diff: 0.0]
   [Code Root Fixup: 0.0 ms]
   [Code Root Purge: 0.0 ms]
   [String Dedup Fixup: 0.4 ms, GC Workers: 4]
      [Queue Fixup (ms): Min: 0.0, Avg: 0.0, Max: 0.0, Diff: 0.0, Sum: 0.0]
      [Table Fixup (ms): Min: 0.3, Avg: 0.4, Max: 0.4, Diff: 0.0, Sum: 1.4]
   [Clear CT: 0.1 ms]
   [Other: 0.6 ms]
      [Choose CSet: 0.0 ms]
      [Ref Proc: 0.1 ms]
      [Ref Enq: 0.0 ms]
      [Redirty Cards: 0.0 ms]
      [Humongous Register: 0.0 ms]
      [Humongous Reclaim: 0.0 ms]
      [Free CSet: 0.0 ms]
   [Eden: 28.0M(28.0M)->0.0B(28.0M) Survivors: 5120.0K->5120.0K Heap: 624.5M(661.0M)->602.5M(661.0M)]
 [Times: user=0.00 sys=0.00, real=0.00 secs] 
2016-06-27T18:01:05.478+0300: 31.735: [GC concurrent-root-region-scan-start]
2016-06-27T18:01:05.478+0300: 31.735: Total time for which application threads were stopped: 0.0058837 seconds, Stopping threads took: 0.0014617 seconds
2016-06-27T18:01:05.478+0300: 31.736: [GC concurrent-root-region-scan-end, 0.0005329 secs]
2016-06-27T18:01:05.478+0300: 31.736: [GC concurrent-mark-start]
2016-06-27T18:01:05.481+0300: 31.738: [GC concurrent-string-deduplication, 4586.6K->4483.5K(103.1K), avg 1.4%, 0.0033507 secs]
   [Last Exec: 0.0033507 secs, Idle: 0.2400805 secs, Blocked: 0/0.0000000 secs]
      [Inspected:             233]
         [Skipped:              1(  0.4%)]
         [Hashed:             232( 99.6%)]
         [Known:                0(  0.0%)]
         [New:                232( 99.6%)   4586.6K]
      [Deduplicated:            8(  3.4%)    103.1K(  2.2%)]
         [Young:                0(  0.0%)      0.0B(  0.0%)]
         [Old:                  8(100.0%)    103.1K(100.0%)]
   [Total Exec: 168/0.4360035 secs, Idle: 168/31.0656432 secs, Blocked: 2/0.0043244 secs]
      [Inspected:           37472]
         [Skipped:            330(  0.9%)]
         [Hashed:           36164( 96.5%)]
         [Known:             3841( 10.3%)]
         [New:              33301( 88.9%)    594.6M]
      [Deduplicated:         2076(  6.2%)   8691.0K(  1.4%)]
         [Young:                5(  0.2%)   5200.0B(  0.1%)]
         [Old:               2071( 99.8%)   8685.9K( 99.9%)]
   [Table]
      [Memory Usage: 878.3K]
      [Size: 16384, Min: 1024, Max: 16777216]
      [Entries: 32011, Load: 195.4%, Cached: 0, Added: 35018, Removed: 3007]
      [Resize Count: 4, Shrink Threshold: 10922(66.7%), Grow Threshold: 32768(200.0%)]
      [Rehash Count: 1, Rehash Threshold: 120, Hash Seed: 0xc4e8cebb]
      [Age Threshold: 3]
   [Queue]
      [Dropped: 0]
2016-06-27T18:01:05.518+0300: 31.775: [GC concurrent-mark-end, 0.0380724 secs]
2016-06-27T18:01:05.544+0300: 31.801: [GC remark 2016-06-27T18:01:05.544+0300: 31.801: [Finalize Marking, 0.0002305 secs] 2016-06-27T18:01:05.544+0300: 31.801: [GC ref-proc, 0.0000954 secs] 2016-06-27T18:01:05.544+0300: 31.802: [Unloading, 0.0020656 secs], 0.0050420 secs]
 [Times: user=0.00 sys=0.00, real=0.01 secs] 
2016-06-27T18:01:05.549+0300: 31.806: Total time for which application threads were stopped: 0.0076542 seconds, Stopping threads took: 0.0021669 seconds
2016-06-27T18:01:05.578+0300: 31.836: [GC cleanup 617M->617M(661M), 0.0009746 secs]
 [Times: user=0.00 sys=0.00, real=0.00 secs] 
2016-06-27T18:01:05.579+0300: 31.837: Total time for which application threads were stopped: 0.0036889 seconds, Stopping threads took: 0.0022580 seconds
2016-06-27T18:01:05.692+0300: 31.949: [GC pause (G1 Evacuation Pause) (young)
Desired survivor size 2621440 bytes, new threshold 1 (max 15)
- age   1:    4659792 bytes,    4659792 total
, 0.0036440 secs]
   [Parallel Time: 2.6 ms, GC Workers: 4]
      [GC Worker Start (ms): Min: 31949.6, Avg: 31949.6, Max: 31949.6, Diff: 0.0]
      [Ext Root Scanning (ms): Min: 0.4, Avg: 0.5, Max: 0.6, Diff: 0.1, Sum: 2.0]
      [Update RS (ms): Min: 0.5, Avg: 0.6, Max: 0.8, Diff: 0.3, Sum: 2.6]
         [Processed Buffers: Min: 1, Avg: 7.0, Max: 13, Diff: 12, Sum: 28]
      [Scan RS (ms): Min: 0.0, Avg: 0.0, Max: 0.0, Diff: 0.0, Sum: 0.0]
      [Code Root Scanning (ms): Min: 0.0, Avg: 0.0, Max: 0.0, Diff: 0.0, Sum: 0.0]
      [Object Copy (ms): Min: 1.2, Avg: 1.3, Max: 1.4, Diff: 0.2, Sum: 5.3]
      [Termination (ms): Min: 0.0, Avg: 0.0, Max: 0.0, Diff: 0.0, Sum: 0.0]
         [Termination Attempts: Min: 1, Avg: 1.0, Max: 1, Diff: 0, Sum: 4]
      [GC Worker Other (ms): Min: 0.0, Avg: 0.0, Max: 0.0, Diff: 0.0, Sum: 0.1]
      [GC Worker Total (ms): Min: 2.5, Avg: 2.5, Max: 2.5, Diff: 0.0, Sum: 10.0]
      [GC Worker End (ms): Min: 31952.1, Avg: 31952.1, Max: 31952.1, Diff: 0.0]
   [Code Root Fixup: 0.0 ms]
   [Code Root Purge: 0.0 ms]
   [String Dedup Fixup: 0.6 ms, GC Workers: 4]
      [Queue Fixup (ms): Min: 0.0, Avg: 0.0, Max: 0.0, Diff: 0.0, Sum: 0.0]
      [Table Fixup (ms): Min: 0.1, Avg: 0.4, Max: 0.5, Diff: 0.3, Sum: 1.6]
   [Clear CT: 0.0 ms]
   [Other: 0.4 ms]
      [Choose CSet: 0.0 ms]
      [Ref Proc: 0.1 ms]
      [Ref Enq: 0.0 ms]
      [Redirty Cards: 0.0 ms]
      [Humongous Register: 0.0 ms]
      [Humongous Reclaim: 0.0 ms]
      [Free CSet: 0.0 ms]
   [Eden: 28.0M(28.0M)->0.0B(28.0M) Survivors: 5120.0K->5120.0K Heap: 630.5M(661.0M)->608.5M(661.0M)]
 [Times: user=0.00 sys=0.00, real=0.00 secs] 
2016-06-27T18:01:05.696+0300: 31.953: Total time for which application threads were stopped: 0.0053602 seconds, Stopping threads took: 0.0011021 seconds
2016-06-27T18:01:05.699+0300: 31.956: [GC concurrent-string-deduplication, 4225.3K->4163.3K(62.1K), avg 1.4%, 0.0029209 secs]
   [Last Exec: 0.0029209 secs, Idle: 0.2148279 secs, Blocked: 0/0.0000000 secs]
      [Inspected:             213]
         [Skipped:              0(  0.0%)]
         [Hashed:             213(100.0%)]
         [Known:                0(  0.0%)]
         [New:                213(100.0%)   4225.3K]
      [Deduplicated:            5(  2.3%)     62.1K(  1.5%)]
         [Young:                0(  0.0%)      0.0B(  0.0%)]
         [Old:                  5(100.0%)     62.1K(100.0%)]
   [Total Exec: 169/0.4389243 secs, Idle: 169/31.2804711 secs, Blocked: 2/0.0043244 secs]
      [Inspected:           37685]
         [Skipped:            330(  0.9%)]
         [Hashed:           36377( 96.5%)]
         [Known:             3841( 10.2%)]
         [New:              33514( 88.9%)    598.8M]
      [Deduplicated:         2081(  6.2%)   8753.0K(  1.4%)]
         [Young:                5(  0.2%)   5200.0B(  0.1%)]
         [Old:               2076( 99.8%)   8748.0K( 99.9%)]
   [Table]
      [Memory Usage: 878.3K]
      [Size: 16384, Min: 1024, Max: 16777216]
      [Entries: 31788, Load: 194.0%, Cached: 223, Added: 35226, Removed: 3438]
      [Resize Count: 4, Shrink Threshold: 10922(66.7%), Grow Threshold: 32768(200.0%)]
      [Rehash Count: 1, Rehash Threshold: 120, Hash Seed: 0xc4e8cebb]
      [Age Threshold: 3]
   [Queue]
      [Dropped: 0]
2016-06-27T18:01:05.929+0300: 32.186: [GC pause (G1 Evacuation Pause) (mixed)
Desired survivor size 2621440 bytes, new threshold 1 (max 15)
- age   1:    4744816 bytes,    4744816 total
, 0.0114192 secs]
   [Parallel Time: 10.1 ms, GC Workers: 4]
      [GC Worker Start (ms): Min: 32186.4, Avg: 32186.4, Max: 32186.5, Diff: 0.0]
      [Ext Root Scanning (ms): Min: 0.5, Avg: 0.5, Max: 0.6, Diff: 0.1, Sum: 2.1]
      [Update RS (ms): Min: 0.3, Avg: 0.4, Max: 0.5, Diff: 0.2, Sum: 1.6]
         [Processed Buffers: Min: 1, Avg: 6.0, Max: 11, Diff: 10, Sum: 24]
      [Scan RS (ms): Min: 0.8, Avg: 0.9, Max: 1.0, Diff: 0.2, Sum: 3.5]
      [Code Root Scanning (ms): Min: 0.0, Avg: 0.0, Max: 0.0, Diff: 0.0, Sum: 0.0]
      [Object Copy (ms): Min: 8.2, Avg: 8.3, Max: 8.3, Diff: 0.1, Sum: 33.0]
      [Termination (ms): Min: 0.0, Avg: 0.0, Max: 0.0, Diff: 0.0, Sum: 0.0]
         [Termination Attempts: Min: 1, Avg: 1.0, Max: 1, Diff: 0, Sum: 4]
      [GC Worker Other (ms): Min: 0.0, Avg: 0.0, Max: 0.0, Diff: 0.0, Sum: 0.1]
      [GC Worker Total (ms): Min: 10.1, Avg: 10.1, Max: 10.1, Diff: 0.0, Sum: 40.3]
      [GC Worker End (ms): Min: 32196.5, Avg: 32196.5, Max: 32196.5, Diff: 0.0]
   [Code Root Fixup: 0.0 ms]
   [Code Root Purge: 0.0 ms]
   [String Dedup Fixup: 0.5 ms, GC Workers: 4]
      [Queue Fixup (ms): Min: 0.0, Avg: 0.0, Max: 0.0, Diff: 0.0, Sum: 0.0]
      [Table Fixup (ms): Min: 0.5, Avg: 0.5, Max: 0.5, Diff: 0.0, Sum: 2.1]
   [Clear CT: 0.1 ms]
   [Other: 0.6 ms]
      [Choose CSet: 0.1 ms]
      [Ref Proc: 0.1 ms]
      [Ref Enq: 0.0 ms]
      [Redirty Cards: 0.0 ms]
      [Humongous Register: 0.0 ms]
      [Humongous Reclaim: 0.0 ms]
      [Free CSet: 0.2 ms]
   [Eden: 28.0M(28.0M)->0.0B(29.0M) Survivors: 5120.0K->5120.0K Heap: 636.5M(661.0M)->600.5M(681.0M)]
 [Times: user=0.00 sys=0.00, real=0.01 secs] 
2016-06-27T18:01:05.941+0300: 32.198: Total time for which application threads were stopped: 0.0140031 seconds, Stopping threads took: 0.0019471 seconds
2016-06-27T18:01:05.944+0300: 32.201: [GC concurrent-string-deduplication, 4366.5K->4223.3K(143.2K), avg 1.4%, 0.0030723 secs]
   [Last Exec: 0.0030723 secs, Idle: 0.2416119 secs, Blocked: 0/0.0000000 secs]
      [Inspected:             221]
         [Skipped:              0(  0.0%)]
         [Hashed:             221(100.0%)]
         [Known:                0(  0.0%)]
         [New:                221(100.0%)   4366.5K]
      [Deduplicated:           10(  4.5%)    143.2K(  3.3%)]
         [Young:                0(  0.0%)      0.0B(  0.0%)]
         [Old:                 10(100.0%)    143.2K(100.0%)]
   [Total Exec: 170/0.4419966 secs, Idle: 170/31.5220830 secs, Blocked: 2/0.0043244 secs]
      [Inspected:           37906]
         [Skipped:            330(  0.9%)]
         [Hashed:           36598( 96.5%)]
         [Known:             3841( 10.1%)]
         [New:              33735( 89.0%)    603.0M]
      [Deduplicated:         2091(  6.2%)   8896.2K(  1.4%)]
         [Young:                5(  0.2%)   5200.0B(  0.1%)]
         [Old:               2086( 99.8%)   8891.1K( 99.9%)]
   [Table]
      [Memory Usage: 878.3K]
      [Size: 16384, Min: 1024, Max: 16777216]
      [Entries: 31999, Load: 195.3%, Cached: 12, Added: 35437, Removed: 3438]
      [Resize Count: 4, Shrink Threshold: 10922(66.7%), Grow Threshold: 32768(200.0%)]
      [Rehash Count: 1, Rehash Threshold: 120, Hash Seed: 0xc4e8cebb]
      [Age Threshold: 3]
   [Queue]
      [Dropped: 0]
2016-06-27T18:01:06.186+0300: 32.443: [GC pause (G1 Evacuation Pause) (young)
Desired survivor size 2621440 bytes, new threshold 1 (max 15)
- age   1:    4913160 bytes,    4913160 total
, 0.0062489 secs]
   [Parallel Time: 5.3 ms, GC Workers: 4]
      [GC Worker Start (ms): Min: 32443.7, Avg: 32443.7, Max: 32443.7, Diff: 0.0]
      [Ext Root Scanning (ms): Min: 0.6, Avg: 0.6, Max: 0.6, Diff: 0.0, Sum: 2.4]
      [Update RS (ms): Min: 3.0, Avg: 3.1, Max: 3.2, Diff: 0.2, Sum: 12.3]
         [Processed Buffers: Min: 6, Avg: 8.8, Max: 13, Diff: 7, Sum: 35]
      [Scan RS (ms): Min: 0.0, Avg: 0.0, Max: 0.0, Diff: 0.0, Sum: 0.0]
      [Code Root Scanning (ms): Min: 0.0, Avg: 0.0, Max: 0.0, Diff: 0.0, Sum: 0.0]
      [Object Copy (ms): Min: 1.4, Avg: 1.5, Max: 1.6, Diff: 0.2, Sum: 6.0]
      [Termination (ms): Min: 0.0, Avg: 0.0, Max: 0.0, Diff: 0.0, Sum: 0.1]
         [Termination Attempts: Min: 1, Avg: 1.0, Max: 1, Diff: 0, Sum: 4]
      [GC Worker Other (ms): Min: 0.0, Avg: 0.0, Max: 0.0, Diff: 0.0, Sum: 0.0]
      [GC Worker Total (ms): Min: 5.2, Avg: 5.2, Max: 5.2, Diff: 0.0, Sum: 20.8]
      [GC Worker End (ms): Min: 32448.9, Avg: 32448.9, Max: 32448.9, Diff: 0.0]
   [Code Root Fixup: 0.0 ms]
   [Code Root Purge: 0.0 ms]
   [String Dedup Fixup: 0.4 ms, GC Workers: 4]
      [Queue Fixup (ms): Min: 0.0, Avg: 0.0, Max: 0.0, Diff: 0.0, Sum: 0.0]
      [Table Fixup (ms): Min: 0.4, Avg: 0.4, Max: 0.4, Diff: 0.0, Sum: 1.5]
   [Clear CT: 0.0 ms]
   [Other: 0.5 ms]
      [Choose CSet: 0.0 ms]
      [Ref Proc: 0.1 ms]
      [Ref Enq: 0.0 ms]
      [Redirty Cards: 0.0 ms]
      [Humongous Register: 0.0 ms]
      [Humongous Reclaim: 0.0 ms]
      [Free CSet: 0.0 ms]
   [Eden: 29.0M(29.0M)->0.0B(29.0M) Survivors: 5120.0K->5120.0K Heap: 629.5M(681.0M)->607.0M(681.0M)]
 [Times: user=0.06 sys=0.00, real=0.01 secs] 
2016-06-27T18:01:06.193+0300: 32.450: Total time for which application threads were stopped: 0.0127830 seconds, Stopping threads took: 0.0058725 seconds
2016-06-27T18:01:06.196+0300: 32.454: [GC concurrent-string-deduplication, 5023.9K->4903.8K(120.1K), avg 1.4%, 0.0035615 secs]
   [Last Exec: 0.0035615 secs, Idle: 0.2489282 secs, Blocked: 0/0.0000000 secs]
      [Inspected:             252]
         [Skipped:              1(  0.4%)]
         [Hashed:             251( 99.6%)]
         [Known:                0(  0.0%)]
         [New:                251( 99.6%)   5023.9K]
      [Deduplicated:            6(  2.4%)    120.1K(  2.4%)]
         [Young:                0(  0.0%)      0.0B(  0.0%)]
         [Old:                  6(100.0%)    120.1K(100.0%)]
   [Total Exec: 171/0.4455581 secs, Idle: 171/31.7710112 secs, Blocked: 2/0.0043244 secs]
      [Inspected:           38158]
         [Skipped:            331(  0.9%)]
         [Hashed:           36849( 96.6%)]
         [Known:             3841( 10.1%)]
         [New:              33986( 89.1%)    607.9M]
      [Deduplicated:         2097(  6.2%)   9016.3K(  1.4%)]
         [Young:                5(  0.2%)   5200.0B(  0.1%)]
         [Old:               2092( 99.8%)   9011.2K( 99.9%)]
   [Table]
      [Memory Usage: 883.7K]
      [Size: 16384, Min: 1024, Max: 16777216]
      [Entries: 32244, Load: 196.8%, Cached: 0, Added: 35682, Removed: 3438]
      [Resize Count: 4, Shrink Threshold: 10922(66.7%), Grow Threshold: 32768(200.0%)]
      [Rehash Count: 1, Rehash Threshold: 120, Hash Seed: 0xc4e8cebb]
      [Age Threshold: 3]
   [Queue]
      [Dropped: 0]
2016-06-27T18:01:06.439+0300: 32.696: [GC pause (G1 Evacuation Pause) (young) (initial-mark)
Desired survivor size 2621440 bytes, new threshold 1 (max 15)
- age   1:    4686880 bytes,    4686880 total
, 0.0035435 secs]
   [Parallel Time: 2.6 ms, GC Workers: 4]
      [GC Worker Start (ms): Min: 32696.4, Avg: 32696.4, Max: 32696.4, Diff: 0.0]
      [Ext Root Scanning (ms): Min: 0.5, Avg: 0.5, Max: 0.7, Diff: 0.2, Sum: 2.2]
      [Update RS (ms): Min: 0.4, Avg: 0.5, Max: 0.6, Diff: 0.3, Sum: 2.0]
         [Processed Buffers: Min: 1, Avg: 9.3, Max: 16, Diff: 15, Sum: 37]
      [Scan RS (ms): Min: 0.0, Avg: 0.0, Max: 0.0, Diff: 0.0, Sum: 0.0]
      [Code Root Scanning (ms): Min: 0.0, Avg: 0.0, Max: 0.0, Diff: 0.0, Sum: 0.0]
      [Object Copy (ms): Min: 1.4, Avg: 1.5, Max: 1.6, Diff: 0.1, Sum: 6.0]
      [Termination (ms): Min: 0.0, Avg: 0.0, Max: 0.0, Diff: 0.0, Sum: 0.0]
         [Termination Attempts: Min: 1, Avg: 1.0, Max: 1, Diff: 0, Sum: 4]
      [GC Worker Other (ms): Min: 0.0, Avg: 0.0, Max: 0.0, Diff: 0.0, Sum: 0.1]
      [GC Worker Total (ms): Min: 2.6, Avg: 2.6, Max: 2.6, Diff: 0.0, Sum: 10.3]
      [GC Worker End (ms): Min: 32699.0, Avg: 32699.0, Max: 32699.0, Diff: 0.0]
   [Code Root Fixup: 0.0 ms]
   [Code Root Purge: 0.0 ms]
   [String Dedup Fixup: 0.4 ms, GC Workers: 4]
      [Queue Fixup (ms): Min: 0.0, Avg: 0.0, Max: 0.0, Diff: 0.0, Sum: 0.0]
      [Table Fixup (ms): Min: 0.4, Avg: 0.4, Max: 0.4, Diff: 0.0, Sum: 1.4]
   [Clear CT: 0.0 ms]
   [Other: 0.6 ms]
      [Choose CSet: 0.0 ms]
      [Ref Proc: 0.1 ms]
      [Ref Enq: 0.0 ms]
      [Redirty Cards: 0.0 ms]
      [Humongous Register: 0.0 ms]
      [Humongous Reclaim: 0.0 ms]
      [Free CSet: 0.1 ms]
   [Eden: 29.0M(29.0M)->0.0B(29.0M) Survivors: 5120.0K->5120.0K Heap: 636.0M(681.0M)->612.5M(681.0M)]
 [Times: user=0.02 sys=0.00, real=0.00 secs] 
2016-06-27T18:01:06.442+0300: 32.700: [GC concurrent-root-region-scan-start]
2016-06-27T18:01:06.442+0300: 32.700: Total time for which application threads were stopped: 0.0069507 seconds, Stopping threads took: 0.0027289 seconds
2016-06-27T18:01:06.443+0300: 32.700: [GC concurrent-root-region-scan-end, 0.0004242 secs]
2016-06-27T18:01:06.443+0300: 32.700: [GC concurrent-mark-start]
2016-06-27T18:01:06.446+0300: 32.703: [GC concurrent-string-deduplication, 4529.6K->4383.4K(146.2K), avg 1.5%, 0.0031865 secs]
   [Last Exec: 0.0031865 secs, Idle: 0.2463135 secs, Blocked: 0/0.0000000 secs]
      [Inspected:             232]
         [Skipped:              0(  0.0%)]
         [Hashed:             232(100.0%)]
         [Known:                0(  0.0%)]
         [New:                232(100.0%)   4529.6K]
      [Deduplicated:           13(  5.6%)    146.2K(  3.2%)]
         [Young:                0(  0.0%)      0.0B(  0.0%)]
         [Old:                 13(100.0%)    146.2K(100.0%)]
   [Total Exec: 172/0.4487446 secs, Idle: 172/32.0173247 secs, Blocked: 2/0.0043244 secs]
      [Inspected:           38390]
         [Skipped:            331(  0.9%)]
         [Hashed:           37081( 96.6%)]
         [Known:             3841( 10.0%)]
         [New:              34218( 89.1%)    612.4M]
      [Deduplicated:         2110(  6.2%)   9162.5K(  1.5%)]
         [Young:                5(  0.2%)   5200.0B(  0.1%)]
         [Old:               2105( 99.8%)   9157.4K( 99.9%)]
   [Table]
      [Memory Usage: 888.9K]
      [Size: 16384, Min: 1024, Max: 16777216]
      [Entries: 32463, Load: 198.1%, Cached: 0, Added: 35901, Removed: 3438]
      [Resize Count: 4, Shrink Threshold: 10922(66.7%), Grow Threshold: 32768(200.0%)]
      [Rehash Count: 1, Rehash Threshold: 120, Hash Seed: 0xc4e8cebb]
      [Age Threshold: 3]
   [Queue]
      [Dropped: 0]
2016-06-27T18:01:06.479+0300: 32.736: [GC concurrent-mark-end, 0.0355368 secs]
2016-06-27T18:01:06.512+0300: 32.770: [GC remark 2016-06-27T18:01:06.513+0300: 32.770: [Finalize Marking, 0.0001766 secs] 2016-06-27T18:01:06.513+0300: 32.770: [GC ref-proc, 0.0000958 secs] 2016-06-27T18:01:06.513+0300: 32.770: [Unloading, 0.0021199 secs], 0.0050831 secs]
 [Times: user=0.00 sys=0.00, real=0.01 secs] 
2016-06-27T18:01:06.518+0300: 32.775: Total time for which application threads were stopped: 0.0071405 seconds, Stopping threads took: 0.0015481 seconds
2016-06-27T18:01:06.519+0300: 32.776: [GC cleanup 623M->623M(681M), 0.0009605 secs]
 [Times: user=0.00 sys=0.00, real=0.00 secs] 
2016-06-27T18:01:06.520+0300: 32.777: Total time for which application threads were stopped: 0.0015400 seconds, Stopping threads took: 0.0000787 seconds
2016-06-27T18:01:06.672+0300: 32.929: [GC pause (G1 Evacuation Pause) (young)
Desired survivor size 2621440 bytes, new threshold 1 (max 15)
- age   1:    4790784 bytes,    4790784 total
, 0.0036727 secs]
   [Parallel Time: 2.8 ms, GC Workers: 4]
      [GC Worker Start (ms): Min: 32929.4, Avg: 32929.4, Max: 32929.4, Diff: 0.0]
      [Ext Root Scanning (ms): Min: 0.5, Avg: 0.5, Max: 0.6, Diff: 0.1, Sum: 2.1]
      [Update RS (ms): Min: 0.6, Avg: 0.6, Max: 0.7, Diff: 0.1, Sum: 2.5]
         [Processed Buffers: Min: 2, Avg: 7.5, Max: 19, Diff: 17, Sum: 30]
      [Scan RS (ms): Min: 0.0, Avg: 0.0, Max: 0.0, Diff: 0.0, Sum: 0.0]
      [Code Root Scanning (ms): Min: 0.0, Avg: 0.0, Max: 0.0, Diff: 0.0, Sum: 0.0]
      [Object Copy (ms): Min: 1.4, Avg: 1.5, Max: 1.6, Diff: 0.2, Sum: 6.2]
      [Termination (ms): Min: 0.0, Avg: 0.1, Max: 0.1, Diff: 0.1, Sum: 0.3]
         [Termination Attempts: Min: 1, Avg: 1.0, Max: 1, Diff: 0, Sum: 4]
      [GC Worker Other (ms): Min: 0.0, Avg: 0.0, Max: 0.0, Diff: 0.0, Sum: 0.0]
      [GC Worker Total (ms): Min: 2.8, Avg: 2.8, Max: 2.8, Diff: 0.0, Sum: 11.1]
      [GC Worker End (ms): Min: 32932.2, Avg: 32932.2, Max: 32932.2, Diff: 0.0]
   [Code Root Fixup: 0.0 ms]
   [Code Root Purge: 0.0 ms]
   [String Dedup Fixup: 0.4 ms, GC Workers: 4]
      [Queue Fixup (ms): Min: 0.0, Avg: 0.0, Max: 0.0, Diff: 0.0, Sum: 0.0]
      [Table Fixup (ms): Min: 0.3, Avg: 0.3, Max: 0.4, Diff: 0.0, Sum: 1.4]
   [Clear CT: 0.1 ms]
   [Other: 0.4 ms]
      [Choose CSet: 0.0 ms]
      [Ref Proc: 0.1 ms]
      [Ref Enq: 0.0 ms]
      [Redirty Cards: 0.0 ms]
      [Humongous Register: 0.0 ms]
      [Humongous Reclaim: 0.0 ms]
      [Free CSet: 0.0 ms]
   [Eden: 29.0M(29.0M)->0.0B(29.0M) Survivors: 5120.0K->5120.0K Heap: 641.5M(681.0M)->618.5M(681.0M)]
 [Times: user=0.00 sys=0.00, real=0.00 secs] 
2016-06-27T18:01:06.676+0300: 32.933: Total time for which application threads were stopped: 0.0054740 seconds, Stopping threads took: 0.0011213 seconds
2016-06-27T18:01:06.679+0300: 32.936: [GC concurrent-string-deduplication, 4547.6K->4443.5K(104.1K), avg 1.5%, 0.0033105 secs]
   [Last Exec: 0.0033105 secs, Idle: 0.2299160 secs, Blocked: 0/0.0000000 secs]
      [Inspected:             232]
         [Skipped:              1(  0.4%)]
         [Hashed:             231( 99.6%)]
         [Known:                0(  0.0%)]
         [New:                231( 99.6%)   4547.6K]
      [Deduplicated:            9(  3.9%)    104.1K(  2.3%)]
         [Young:                0(  0.0%)      0.0B(  0.0%)]
         [Old:                  9(100.0%)    104.1K(100.0%)]
   [Total Exec: 173/0.4520550 secs, Idle: 173/32.2472407 secs, Blocked: 2/0.0043244 secs]
      [Inspected:           38622]
         [Skipped:            332(  0.9%)]
         [Hashed:           37312( 96.6%)]
         [Known:             3841(  9.9%)]
         [New:              34449( 89.2%)    616.8M]
      [Deduplicated:         2119(  6.2%)   9266.6K(  1.5%)]
         [Young:                5(  0.2%)   5200.0B(  0.1%)]
         [Old:               2114( 99.8%)   9261.5K( 99.9%)]
   [Table]
      [Memory Usage: 888.9K]
      [Size: 16384, Min: 1024, Max: 16777216]
      [Entries: 32105, Load: 196.0%, Cached: 358, Added: 36123, Removed: 4018]
      [Resize Count: 4, Shrink Threshold: 10922(66.7%), Grow Threshold: 32768(200.0%)]
      [Rehash Count: 1, Rehash Threshold: 120, Hash Seed: 0xc4e8cebb]
      [Age Threshold: 3]
   [Queue]
      [Dropped: 0]
2016-06-27T18:01:06.862+0300: 33.120: Total time for which application threads were stopped: 0.0032639 seconds, Stopping threads took: 0.0028272 seconds
2016-06-27T18:01:06.914+0300: 33.172: [GC pause (G1 Evacuation Pause) (mixed)
Desired survivor size 2621440 bytes, new threshold 1 (max 15)
- age   1:    4671320 bytes,    4671320 total
, 0.0106439 secs]
   [Parallel Time: 9.3 ms, GC Workers: 4]
      [GC Worker Start (ms): Min: 33172.0, Avg: 33172.0, Max: 33172.0, Diff: 0.0]
      [Ext Root Scanning (ms): Min: 0.4, Avg: 0.5, Max: 0.5, Diff: 0.1, Sum: 1.9]
      [Update RS (ms): Min: 0.4, Avg: 0.5, Max: 0.5, Diff: 0.1, Sum: 1.8]
         [Processed Buffers: Min: 2, Avg: 6.3, Max: 10, Diff: 8, Sum: 25]
      [Scan RS (ms): Min: 1.0, Avg: 1.0, Max: 1.1, Diff: 0.1, Sum: 4.0]
      [Code Root Scanning (ms): Min: 0.0, Avg: 0.0, Max: 0.0, Diff: 0.0, Sum: 0.0]
      [Object Copy (ms): Min: 7.3, Avg: 7.3, Max: 7.3, Diff: 0.1, Sum: 29.2]
      [Termination (ms): Min: 0.0, Avg: 0.0, Max: 0.0, Diff: 0.0, Sum: 0.0]
         [Termination Attempts: Min: 1, Avg: 1.0, Max: 1, Diff: 0, Sum: 4]
      [GC Worker Other (ms): Min: 0.0, Avg: 0.0, Max: 0.0, Diff: 0.0, Sum: 0.1]
      [GC Worker Total (ms): Min: 9.2, Avg: 9.2, Max: 9.2, Diff: 0.0, Sum: 37.0]
      [GC Worker End (ms): Min: 33181.3, Avg: 33181.3, Max: 33181.3, Diff: 0.0]
   [Code Root Fixup: 0.0 ms]
   [Code Root Purge: 0.0 ms]
   [String Dedup Fixup: 0.6 ms, GC Workers: 4]
      [Queue Fixup (ms): Min: 0.0, Avg: 0.0, Max: 0.0, Diff: 0.0, Sum: 0.0]
      [Table Fixup (ms): Min: 0.5, Avg: 0.5, Max: 0.5, Diff: 0.0, Sum: 2.1]
   [Clear CT: 0.1 ms]
   [Other: 0.7 ms]
      [Choose CSet: 0.1 ms]
      [Ref Proc: 0.0 ms]
      [Ref Enq: 0.0 ms]
      [Redirty Cards: 0.0 ms]
      [Humongous Register: 0.0 ms]
      [Humongous Reclaim: 0.0 ms]
      [Free CSet: 0.2 ms]
   [Eden: 29.0M(29.0M)->0.0B(29.0M) Survivors: 5120.0K->5120.0K Heap: 647.5M(681.0M)->608.0M(690.0M)]
 [Times: user=0.00 sys=0.00, real=0.01 secs] 
2016-06-27T18:01:06.925+0300: 33.183: Total time for which application threads were stopped: 0.0118216 seconds, Stopping threads took: 0.0006325 seconds
2016-06-27T18:01:06.929+0300: 33.186: [GC concurrent-string-deduplication, 4665.7K->4523.5K(142.1K), avg 1.5%, 0.0032703 secs]
   [Last Exec: 0.0032703 secs, Idle: 0.2461963 secs, Blocked: 0/0.0000000 secs]
      [Inspected:             237]
         [Skipped:              2(  0.8%)]
         [Hashed:             235( 99.2%)]
         [Known:                0(  0.0%)]
         [New:                235( 99.2%)   4665.7K]
      [Deduplicated:            9(  3.8%)    142.1K(  3.0%)]
         [Young:                0(  0.0%)      0.0B(  0.0%)]
         [Old:                  9(100.0%)    142.1K(100.0%)]
   [Total Exec: 174/0.4553253 secs, Idle: 174/32.4934370 secs, Blocked: 2/0.0043244 secs]
      [Inspected:           38859]
         [Skipped:            334(  0.9%)]
         [Hashed:           37547( 96.6%)]
         [Known:             3841(  9.9%)]
         [New:              34684( 89.3%)    621.4M]
      [Deduplicated:         2128(  6.1%)   9408.8K(  1.5%)]
         [Young:                5(  0.2%)   5200.0B(  0.1%)]
         [Old:               2123( 99.8%)   9403.7K( 99.9%)]
   [Table]
      [Memory Usage: 888.9K]
      [Size: 16384, Min: 1024, Max: 16777216]
      [Entries: 32331, Load: 197.3%, Cached: 132, Added: 36349, Removed: 4018]
      [Resize Count: 4, Shrink Threshold: 10922(66.7%), Grow Threshold: 32768(200.0%)]
      [Rehash Count: 1, Rehash Threshold: 120, Hash Seed: 0xc4e8cebb]
      [Age Threshold: 3]
   [Queue]
      [Dropped: 0]
2016-06-27T18:01:07.172+0300: 33.429: [GC pause (G1 Evacuation Pause) (young)
Desired survivor size 2621440 bytes, new threshold 1 (max 15)
- age   1:    4835272 bytes,    4835272 total
, 0.0064687 secs]
   [Parallel Time: 5.6 ms, GC Workers: 4]
      [GC Worker Start (ms): Min: 33429.2, Avg: 33429.3, Max: 33429.3, Diff: 0.1]
      [Ext Root Scanning (ms): Min: 0.4, Avg: 0.5, Max: 0.6, Diff: 0.2, Sum: 2.0]
      [Update RS (ms): Min: 3.5, Avg: 3.7, Max: 3.8, Diff: 0.4, Sum: 14.6]
         [Processed Buffers: Min: 4, Avg: 6.5, Max: 11, Diff: 7, Sum: 26]
      [Scan RS (ms): Min: 0.0, Avg: 0.0, Max: 0.0, Diff: 0.0, Sum: 0.0]
      [Code Root Scanning (ms): Min: 0.0, Avg: 0.0, Max: 0.0, Diff: 0.0, Sum: 0.0]
      [Object Copy (ms): Min: 1.1, Avg: 1.4, Max: 1.6, Diff: 0.4, Sum: 5.5]
      [Termination (ms): Min: 0.0, Avg: 0.0, Max: 0.0, Diff: 0.0, Sum: 0.0]
         [Termination Attempts: Min: 1, Avg: 1.0, Max: 1, Diff: 0, Sum: 4]
      [GC Worker Other (ms): Min: 0.0, Avg: 0.0, Max: 0.0, Diff: 0.0, Sum: 0.1]
      [GC Worker Total (ms): Min: 5.5, Avg: 5.6, Max: 5.6, Diff: 0.1, Sum: 22.2]
      [GC Worker End (ms): Min: 33434.8, Avg: 33434.8, Max: 33434.8, Diff: 0.0]
   [Code Root Fixup: 0.0 ms]
   [Code Root Purge: 0.0 ms]
   [String Dedup Fixup: 0.4 ms, GC Workers: 4]
      [Queue Fixup (ms): Min: 0.0, Avg: 0.0, Max: 0.0, Diff: 0.0, Sum: 0.0]
      [Table Fixup (ms): Min: 0.4, Avg: 0.4, Max: 0.4, Diff: 0.0, Sum: 1.5]
   [Clear CT: 0.0 ms]
   [Other: 0.4 ms]
      [Choose CSet: 0.0 ms]
      [Ref Proc: 0.1 ms]
      [Ref Enq: 0.0 ms]
      [Redirty Cards: 0.0 ms]
      [Humongous Register: 0.0 ms]
      [Humongous Reclaim: 0.0 ms]
      [Free CSet: 0.1 ms]
   [Eden: 29.0M(29.0M)->0.0B(29.0M) Survivors: 5120.0K->5120.0K Heap: 637.0M(690.0M)->613.5M(690.0M)]
 [Times: user=0.06 sys=0.00, real=0.01 secs] 
2016-06-27T18:01:07.178+0300: 33.436: Total time for which application threads were stopped: 0.0110177 seconds, Stopping threads took: 0.0039661 seconds
2016-06-27T18:01:07.181+0300: 33.439: [GC concurrent-string-deduplication, 4587.6K->4503.5K(84.1K), avg 1.5%, 0.0032040 secs]
   [Last Exec: 0.0032040 secs, Idle: 0.2497057 secs, Blocked: 0/0.0000000 secs]
      [Inspected:             239]
         [Skipped:              6(  2.5%)]
         [Hashed:             233( 97.5%)]
         [Known:                0(  0.0%)]
         [New:                233( 97.5%)   4587.6K]
      [Deduplicated:            8(  3.4%)     84.1K(  1.8%)]
         [Young:                0(  0.0%)      0.0B(  0.0%)]
         [Old:                  8(100.0%)     84.1K(100.0%)]
   [Total Exec: 175/0.4585293 secs, Idle: 175/32.7431427 secs, Blocked: 2/0.0043244 secs]
      [Inspected:           39098]
         [Skipped:            340(  0.9%)]
         [Hashed:           37780( 96.6%)]
         [Known:             3841(  9.8%)]
         [New:              34917( 89.3%)    625.8M]
      [Deduplicated:         2136(  6.1%)   9492.9K(  1.5%)]
         [Young:                5(  0.2%)   5200.0B(  0.1%)]
         [Old:               2131( 99.8%)   9487.8K( 99.9%)]
   [Table]
      [Memory Usage: 891.0K]
      [Size: 16384, Min: 1024, Max: 16777216]
      [Entries: 32556, Load: 198.7%, Cached: 0, Added: 36574, Removed: 4018]
      [Resize Count: 4, Shrink Threshold: 10922(66.7%), Grow Threshold: 32768(200.0%)]
      [Rehash Count: 1, Rehash Threshold: 120, Hash Seed: 0xc4e8cebb]
      [Age Threshold: 3]
   [Queue]
      [Dropped: 0]
2016-06-27T18:01:07.427+0300: 33.684: [GC pause (G1 Evacuation Pause) (young) (initial-mark)
Desired survivor size 2621440 bytes, new threshold 1 (max 15)
- age   1:    4769944 bytes,    4769944 total
, 0.0036432 secs]
   [Parallel Time: 2.6 ms, GC Workers: 4]
      [GC Worker Start (ms): Min: 33684.1, Avg: 33684.1, Max: 33684.1, Diff: 0.0]
      [Ext Root Scanning (ms): Min: 0.5, Avg: 0.5, Max: 0.6, Diff: 0.2, Sum: 2.1]
      [Update RS (ms): Min: 0.4, Avg: 0.5, Max: 0.7, Diff: 0.3, Sum: 2.1]
         [Processed Buffers: Min: 2, Avg: 6.0, Max: 12, Diff: 10, Sum: 24]
      [Scan RS (ms): Min: 0.0, Avg: 0.0, Max: 0.0, Diff: 0.0, Sum: 0.0]
      [Code Root Scanning (ms): Min: 0.0, Avg: 0.0, Max: 0.0, Diff: 0.0, Sum: 0.0]
      [Object Copy (ms): Min: 1.3, Avg: 1.4, Max: 1.5, Diff: 0.3, Sum: 5.7]
      [Termination (ms): Min: 0.0, Avg: 0.0, Max: 0.0, Diff: 0.0, Sum: 0.0]
         [Termination Attempts: Min: 1, Avg: 1.0, Max: 1, Diff: 0, Sum: 4]
      [GC Worker Other (ms): Min: 0.0, Avg: 0.0, Max: 0.0, Diff: 0.0, Sum: 0.1]
      [GC Worker Total (ms): Min: 2.5, Avg: 2.5, Max: 2.5, Diff: 0.0, Sum: 10.0]
      [GC Worker End (ms): Min: 33686.6, Avg: 33686.6, Max: 33686.6, Diff: 0.0]
   [Code Root Fixup: 0.0 ms]
   [Code Root Purge: 0.0 ms]
   [String Dedup Fixup: 0.4 ms, GC Workers: 4]
      [Queue Fixup (ms): Min: 0.0, Avg: 0.0, Max: 0.0, Diff: 0.0, Sum: 0.0]
      [Table Fixup (ms): Min: 0.4, Avg: 0.4, Max: 0.4, Diff: 0.0, Sum: 1.4]
   [Clear CT: 0.0 ms]
   [Other: 0.6 ms]
      [Choose CSet: 0.0 ms]
      [Ref Proc: 0.1 ms]
      [Ref Enq: 0.0 ms]
      [Redirty Cards: 0.0 ms]
      [Humongous Register: 0.0 ms]
      [Humongous Reclaim: 0.0 ms]
      [Free CSet: 0.1 ms]
   [Eden: 29.0M(29.0M)->0.0B(29.0M) Survivors: 5120.0K->5120.0K Heap: 642.5M(690.0M)->619.0M(690.0M)]
 [Times: user=0.00 sys=0.00, real=0.00 secs] 
2016-06-27T18:01:07.430+0300: 33.688: [GC concurrent-root-region-scan-start]
2016-06-27T18:01:07.430+0300: 33.688: Total time for which application threads were stopped: 0.0076550 seconds, Stopping threads took: 0.0034071 seconds
2016-06-27T18:01:07.431+0300: 33.688: [GC concurrent-root-region-scan-end, 0.0004606 secs]
2016-06-27T18:01:07.431+0300: 33.688: [GC concurrent-mark-start]
2016-06-27T18:01:07.434+0300: 33.691: [GC concurrent-string-deduplication, 4504.5K->4363.4K(141.1K), avg 1.5%, 0.0032946 secs]
   [Last Exec: 0.0032946 secs, Idle: 0.2486096 secs, Blocked: 0/0.0000000 secs]
      [Inspected:             228]
         [Skipped:              2(  0.9%)]
         [Hashed:             226( 99.1%)]
         [Known:                0(  0.0%)]
         [New:                226( 99.1%)   4504.5K]
      [Deduplicated:            8(  3.5%)    141.1K(  3.1%)]
         [Young:                0(  0.0%)      0.0B(  0.0%)]
         [Old:                  8(100.0%)    141.1K(100.0%)]
   [Total Exec: 176/0.4618239 secs, Idle: 176/32.9917523 secs, Blocked: 2/0.0043244 secs]
      [Inspected:           39326]
         [Skipped:            342(  0.9%)]
         [Hashed:           38006( 96.6%)]
         [Known:             3841(  9.8%)]
         [New:              35143( 89.4%)    630.2M]
      [Deduplicated:         2144(  6.1%)   9634.0K(  1.5%)]
         [Young:                5(  0.2%)   5200.0B(  0.1%)]
         [Old:               2139( 99.8%)   9628.9K( 99.9%)]
   [Table]
      [Memory Usage: 896.1K]
      [Size: 16384, Min: 1024, Max: 16777216]
      [Entries: 32774, Load: 200.0%, Cached: 0, Added: 36792, Removed: 4018]
      [Resize Count: 4, Shrink Threshold: 10922(66.7%), Grow Threshold: 32768(200.0%)]
      [Rehash Count: 1, Rehash Threshold: 120, Hash Seed: 0xc4e8cebb]
      [Age Threshold: 3]
   [Queue]
      [Dropped: 0]
2016-06-27T18:01:07.468+0300: 33.725: [GC concurrent-mark-end, 0.0370695 secs]
2016-06-27T18:01:07.495+0300: 33.752: [GC remark 2016-06-27T18:01:07.495+0300: 33.752: [Finalize Marking, 0.0001437 secs] 2016-06-27T18:01:07.495+0300: 33.752: [GC ref-proc, 0.0000958 secs] 2016-06-27T18:01:07.495+0300: 33.752: [Unloading, 0.0020917 secs], 0.0050583 secs]
 [Times: user=0.00 sys=0.00, real=0.01 secs] 
2016-06-27T18:01:07.500+0300: 33.757: Total time for which application threads were stopped: 0.0076217 seconds, Stopping threads took: 0.0021490 seconds
2016-06-27T18:01:07.500+0300: 33.758: [GC cleanup 629M->629M(690M), 0.0010482 secs]
 [Times: user=0.00 sys=0.00, real=0.00 secs] 
2016-06-27T18:01:07.502+0300: 33.759: Total time for which application threads were stopped: 0.0015485 seconds, Stopping threads took: 0.0000706 seconds
2016-06-27T18:01:07.651+0300: 33.908: [GC pause (G1 Evacuation Pause) (young)
Desired survivor size 2621440 bytes, new threshold 1 (max 15)
- age   1:    4873368 bytes,    4873368 total
, 0.0036599 secs]
   [Parallel Time: 2.7 ms, GC Workers: 4]
      [GC Worker Start (ms): Min: 33908.5, Avg: 33908.5, Max: 33908.5, Diff: 0.0]
      [Ext Root Scanning (ms): Min: 0.5, Avg: 0.5, Max: 0.6, Diff: 0.1, Sum: 2.0]
      [Update RS (ms): Min: 0.3, Avg: 0.4, Max: 0.6, Diff: 0.3, Sum: 1.7]
         [Processed Buffers: Min: 1, Avg: 5.0, Max: 11, Diff: 10, Sum: 20]
      [Scan RS (ms): Min: 0.0, Avg: 0.0, Max: 0.0, Diff: 0.0, Sum: 0.0]
      [Code Root Scanning (ms): Min: 0.0, Avg: 0.0, Max: 0.0, Diff: 0.0, Sum: 0.0]
      [Object Copy (ms): Min: 1.4, Avg: 1.5, Max: 1.6, Diff: 0.2, Sum: 5.9]
      [Termination (ms): Min: 0.0, Avg: 0.2, Max: 0.2, Diff: 0.2, Sum: 0.6]
         [Termination Attempts: Min: 1, Avg: 1.0, Max: 1, Diff: 0, Sum: 4]
      [GC Worker Other (ms): Min: 0.0, Avg: 0.0, Max: 0.0, Diff: 0.0, Sum: 0.1]
      [GC Worker Total (ms): Min: 2.5, Avg: 2.6, Max: 2.6, Diff: 0.2, Sum: 10.3]
      [GC Worker End (ms): Min: 33910.9, Avg: 33911.0, Max: 33911.1, Diff: 0.2]
   [Code Root Fixup: 0.0 ms]
   [Code Root Purge: 0.0 ms]
   [String Dedup Fixup: 0.5 ms, GC Workers: 4]
      [Queue Fixup (ms): Min: 0.0, Avg: 0.0, Max: 0.0, Diff: 0.0, Sum: 0.0]
      [Table Fixup (ms): Min: 0.3, Avg: 0.4, Max: 0.5, Diff: 0.2, Sum: 1.7]
   [Clear CT: 0.0 ms]
   [Other: 0.5 ms]
      [Choose CSet: 0.0 ms]
      [Ref Proc: 0.1 ms]
      [Ref Enq: 0.0 ms]
      [Redirty Cards: 0.0 ms]
      [Humongous Register: 0.0 ms]
      [Humongous Reclaim: 0.0 ms]
      [Free CSet: 0.0 ms]
   [Eden: 29.0M(29.0M)->0.0B(29.0M) Survivors: 5120.0K->5120.0K Heap: 648.0M(690.0M)->625.0M(690.0M)]
 [Times: user=0.00 sys=0.00, real=0.00 secs] 
2016-06-27T18:01:07.655+0300: 33.912: Total time for which application threads were stopped: 0.0081994 seconds, Stopping threads took: 0.0039284 seconds
2016-06-27T18:01:07.658+0300: 33.915: [GC concurrent-string-deduplication, 4507.6K->4463.5K(44.1K), avg 1.5%, 0.0031018 secs]
   [Last Exec: 0.0031018 secs, Idle: 0.2211486 secs, Blocked: 0/0.0000000 secs]
      [Inspected:             230]
         [Skipped:              1(  0.4%)]
         [Hashed:             229( 99.6%)]
         [Known:                0(  0.0%)]
         [New:                229( 99.6%)   4507.6K]
      [Deduplicated:            6(  2.6%)     44.1K(  1.0%)]
         [Young:                0(  0.0%)      0.0B(  0.0%)]
         [Old:                  6(100.0%)     44.1K(100.0%)]
   [Total Exec: 177/0.4649257 secs, Idle: 177/33.2129009 secs, Blocked: 2/0.0043244 secs]
      [Inspected:           39556]
         [Skipped:            343(  0.9%)]
         [Hashed:           38235( 96.7%)]
         [Known:             3841(  9.7%)]
         [New:              35372( 89.4%)    634.6M]
      [Deduplicated:         2150(  6.1%)   9678.1K(  1.5%)]
         [Young:                5(  0.2%)   5200.0B(  0.1%)]
         [Old:               2145( 99.8%)   9673.0K( 99.9%)]
   [Table]
      [Memory Usage: 896.1K]
      [Size: 16384, Min: 1024, Max: 16777216]
      [Entries: 32411, Load: 197.8%, Cached: 363, Added: 37015, Removed: 4604]
      [Resize Count: 4, Shrink Threshold: 10922(66.7%), Grow Threshold: 32768(200.0%)]
      [Rehash Count: 1, Rehash Threshold: 120, Hash Seed: 0xc4e8cebb]
      [Age Threshold: 3]
   [Queue]
      [Dropped: 0]
2016-06-27T18:01:07.889+0300: 34.147: [GC pause (G1 Evacuation Pause) (mixed)
Desired survivor size 2621440 bytes, new threshold 1 (max 15)
- age   1:    4922400 bytes,    4922400 total
, 0.0103834 secs]
   [Parallel Time: 9.2 ms, GC Workers: 4]
      [GC Worker Start (ms): Min: 34147.3, Avg: 34147.3, Max: 34147.3, Diff: 0.0]
      [Ext Root Scanning (ms): Min: 0.5, Avg: 0.5, Max: 0.6, Diff: 0.1, Sum: 2.1]
      [Update RS (ms): Min: 0.5, Avg: 0.5, Max: 0.5, Diff: 0.1, Sum: 2.0]
         [Processed Buffers: Min: 1, Avg: 5.8, Max: 15, Diff: 14, Sum: 23]
      [Scan RS (ms): Min: 1.0, Avg: 1.0, Max: 1.0, Diff: 0.1, Sum: 3.9]
      [Code Root Scanning (ms): Min: 0.0, Avg: 0.0, Max: 0.0, Diff: 0.0, Sum: 0.0]
      [Object Copy (ms): Min: 7.1, Avg: 7.1, Max: 7.2, Diff: 0.1, Sum: 28.5]
      [Termination (ms): Min: 0.0, Avg: 0.0, Max: 0.0, Diff: 0.0, Sum: 0.0]
         [Termination Attempts: Min: 1, Avg: 1.0, Max: 1, Diff: 0, Sum: 4]
      [GC Worker Other (ms): Min: 0.0, Avg: 0.0, Max: 0.0, Diff: 0.0, Sum: 0.1]
      [GC Worker Total (ms): Min: 9.1, Avg: 9.1, Max: 9.2, Diff: 0.0, Sum: 36.6]
      [GC Worker End (ms): Min: 34156.4, Avg: 34156.4, Max: 34156.4, Diff: 0.0]
   [Code Root Fixup: 0.0 ms]
   [Code Root Purge: 0.0 ms]
   [String Dedup Fixup: 0.4 ms, GC Workers: 4]
      [Queue Fixup (ms): Min: 0.0, Avg: 0.0, Max: 0.0, Diff: 0.0, Sum: 0.0]
      [Table Fixup (ms): Min: 0.4, Avg: 0.4, Max: 0.4, Diff: 0.0, Sum: 1.6]
   [Clear CT: 0.1 ms]
   [Other: 0.6 ms]
      [Choose CSet: 0.1 ms]
      [Ref Proc: 0.0 ms]
      [Ref Enq: 0.0 ms]
      [Redirty Cards: 0.0 ms]
      [Humongous Register: 0.0 ms]
      [Humongous Reclaim: 0.0 ms]
      [Free CSet: 0.2 ms]
   [Eden: 29.0M(29.0M)->0.0B(29.0M) Survivors: 5120.0K->5120.0K Heap: 654.0M(690.0M)->616.0M(697.0M)]
 [Times: user=0.06 sys=0.00, real=0.01 secs] 
2016-06-27T18:01:07.901+0300: 34.158: Total time for which application threads were stopped: 0.0133689 seconds, Stopping threads took: 0.0023914 seconds
2016-06-27T18:01:07.904+0300: 34.161: [GC concurrent-string-deduplication, 4468.6K->4323.4K(145.2K), avg 1.5%, 0.0031963 secs]
   [Last Exec: 0.0031963 secs, Idle: 0.2422807 secs, Blocked: 0/0.0000000 secs]
      [Inspected:             228]
         [Skipped:              0(  0.0%)]
         [Hashed:             228(100.0%)]
         [Known:                0(  0.0%)]
         [New:                228(100.0%)   4468.6K]
      [Deduplicated:           12(  5.3%)    145.2K(  3.2%)]
         [Young:                0(  0.0%)      0.0B(  0.0%)]
         [Old:                 12(100.0%)    145.2K(100.0%)]
   [Total Exec: 178/0.4681220 secs, Idle: 178/33.4551816 secs, Blocked: 2/0.0043244 secs]
      [Inspected:           39784]
         [Skipped:            343(  0.9%)]
         [Hashed:           38463( 96.7%)]
         [Known:             3841(  9.7%)]
         [New:              35600( 89.5%)    639.0M]
      [Deduplicated:         2162(  6.1%)   9823.3K(  1.5%)]
         [Young:                5(  0.2%)   5200.0B(  0.1%)]
         [Old:               2157( 99.8%)   9818.2K( 99.9%)]
   [Table]
      [Memory Usage: 896.1K]
      [Size: 16384, Min: 1024, Max: 16777216]
      [Entries: 32627, Load: 199.1%, Cached: 147, Added: 37231, Removed: 4604]
      [Resize Count: 4, Shrink Threshold: 10922(66.7%), Grow Threshold: 32768(200.0%)]
      [Rehash Count: 1, Rehash Threshold: 120, Hash Seed: 0xc4e8cebb]
      [Age Threshold: 3]
   [Queue]
      [Dropped: 0]
2016-06-27T18:01:08.145+0300: 34.402: [GC pause (G1 Evacuation Pause) (young)
Desired survivor size 2621440 bytes, new threshold 1 (max 15)
- age   1:    5131400 bytes,    5131400 total
, 0.0064734 secs]
   [Parallel Time: 5.6 ms, GC Workers: 4]
      [GC Worker Start (ms): Min: 34402.2, Avg: 34402.2, Max: 34402.2, Diff: 0.0]
      [Ext Root Scanning (ms): Min: 0.5, Avg: 0.6, Max: 0.6, Diff: 0.0, Sum: 2.3]
      [Update RS (ms): Min: 3.3, Avg: 3.4, Max: 3.5, Diff: 0.2, Sum: 13.6]
         [Processed Buffers: Min: 4, Avg: 8.8, Max: 19, Diff: 15, Sum: 35]
      [Scan RS (ms): Min: 0.0, Avg: 0.0, Max: 0.0, Diff: 0.0, Sum: 0.0]
      [Code Root Scanning (ms): Min: 0.0, Avg: 0.0, Max: 0.0, Diff: 0.0, Sum: 0.0]
      [Object Copy (ms): Min: 1.4, Avg: 1.5, Max: 1.6, Diff: 0.2, Sum: 6.1]
      [Termination (ms): Min: 0.0, Avg: 0.0, Max: 0.0, Diff: 0.0, Sum: 0.0]
         [Termination Attempts: Min: 1, Avg: 1.0, Max: 1, Diff: 0, Sum: 4]
      [GC Worker Other (ms): Min: 0.0, Avg: 0.0, Max: 0.0, Diff: 0.0, Sum: 0.1]
      [GC Worker Total (ms): Min: 5.5, Avg: 5.5, Max: 5.5, Diff: 0.0, Sum: 22.1]
      [GC Worker End (ms): Min: 34407.7, Avg: 34407.7, Max: 34407.7, Diff: 0.0]
   [Code Root Fixup: 0.0 ms]
   [Code Root Purge: 0.0 ms]
   [String Dedup Fixup: 0.4 ms, GC Workers: 4]
      [Queue Fixup (ms): Min: 0.0, Avg: 0.0, Max: 0.0, Diff: 0.0, Sum: 0.0]
      [Table Fixup (ms): Min: 0.3, Avg: 0.4, Max: 0.4, Diff: 0.0, Sum: 1.4]
   [Clear CT: 0.0 ms]
   [Other: 0.5 ms]
      [Choose CSet: 0.0 ms]
      [Ref Proc: 0.1 ms]
      [Ref Enq: 0.0 ms]
      [Redirty Cards: 0.1 ms]
      [Humongous Register: 0.0 ms]
      [Humongous Reclaim: 0.0 ms]
      [Free CSet: 0.0 ms]
   [Eden: 29.0M(29.0M)->0.0B(29.0M) Survivors: 5120.0K->5120.0K Heap: 645.0M(697.0M)->622.5M(697.0M)]
 [Times: user=0.06 sys=0.00, real=0.01 secs] 
2016-06-27T18:01:08.152+0300: 34.409: Total time for which application threads were stopped: 0.0148866 seconds, Stopping threads took: 0.0077452 seconds
2016-06-27T18:01:08.155+0300: 34.412: [GC concurrent-string-deduplication, 4868.9K->4703.7K(165.2K), avg 1.5%, 0.0035448 secs]
   [Last Exec: 0.0035448 secs, Idle: 0.2477992 secs, Blocked: 0/0.0000000 secs]
      [Inspected:             250]
         [Skipped:              2(  0.8%)]
         [Hashed:             248( 99.2%)]
         [Known:                0(  0.0%)]
         [New:                248( 99.2%)   4868.9K]
      [Deduplicated:           13(  5.2%)    165.2K(  3.4%)]
         [Young:                0(  0.0%)      0.0B(  0.0%)]
         [Old:                 13(100.0%)    165.2K(100.0%)]
   [Total Exec: 179/0.4716668 secs, Idle: 179/33.7029808 secs, Blocked: 2/0.0043244 secs]
      [Inspected:           40034]
         [Skipped:            345(  0.9%)]
         [Hashed:           38711( 96.7%)]
         [Known:             3841(  9.6%)]
         [New:              35848( 89.5%)    643.8M]
      [Deduplicated:         2175(  6.1%)   9988.5K(  1.5%)]
         [Young:                5(  0.2%)   5200.0B(  0.1%)]
         [Old:               2170( 99.8%)   9983.4K( 99.9%)]
   [Table]
      [Memory Usage: 898.2K]
      [Size: 16384, Min: 1024, Max: 16777216]
      [Entries: 32862, Load: 200.6%, Cached: 0, Added: 37466, Removed: 4604]
      [Resize Count: 4, Shrink Threshold: 10922(66.7%), Grow Threshold: 32768(200.0%)]
      [Rehash Count: 1, Rehash Threshold: 120, Hash Seed: 0xc4e8cebb]
      [Age Threshold: 3]
   [Queue]
      [Dropped: 0]
2016-06-27T18:01:08.393+0300: 34.650: [GC pause (G1 Evacuation Pause) (young) (initial-mark)
Desired survivor size 2621440 bytes, new threshold 1 (max 15)
- age   1:    4845496 bytes,    4845496 total
, 0.0040824 secs]
   [Parallel Time: 2.9 ms, GC Workers: 4]
      [GC Worker Start (ms): Min: 34650.6, Avg: 34650.6, Max: 34650.6, Diff: 0.0]
      [Ext Root Scanning (ms): Min: 0.5, Avg: 0.5, Max: 0.6, Diff: 0.2, Sum: 2.2]
      [Update RS (ms): Min: 0.6, Avg: 0.8, Max: 1.2, Diff: 0.5, Sum: 3.2]
         [Processed Buffers: Min: 1, Avg: 7.8, Max: 17, Diff: 16, Sum: 31]
      [Scan RS (ms): Min: 0.0, Avg: 0.0, Max: 0.0, Diff: 0.0, Sum: 0.0]
      [Code Root Scanning (ms): Min: 0.0, Avg: 0.0, Max: 0.0, Diff: 0.0, Sum: 0.0]
      [Object Copy (ms): Min: 1.1, Avg: 1.5, Max: 1.6, Diff: 0.5, Sum: 5.9]
      [Termination (ms): Min: 0.0, Avg: 0.0, Max: 0.0, Diff: 0.0, Sum: 0.0]
         [Termination Attempts: Min: 1, Avg: 1.0, Max: 1, Diff: 0, Sum: 4]
      [GC Worker Other (ms): Min: 0.0, Avg: 0.0, Max: 0.0, Diff: 0.0, Sum: 0.1]
      [GC Worker Total (ms): Min: 2.8, Avg: 2.8, Max: 2.8, Diff: 0.0, Sum: 11.4]
      [GC Worker End (ms): Min: 34653.4, Avg: 34653.4, Max: 34653.4, Diff: 0.0]
   [Code Root Fixup: 0.0 ms]
   [Code Root Purge: 0.0 ms]
   [String Dedup Fixup: 0.6 ms, GC Workers: 4]
      [Queue Fixup (ms): Min: 0.0, Avg: 0.0, Max: 0.0, Diff: 0.0, Sum: 0.0]
      [Table Fixup (ms): Min: 0.4, Avg: 0.4, Max: 0.4, Diff: 0.0, Sum: 1.6]
   [Clear CT: 0.0 ms]
   [Other: 0.6 ms]
      [Choose CSet: 0.0 ms]
      [Ref Proc: 0.1 ms]
      [Ref Enq: 0.0 ms]
      [Redirty Cards: 0.0 ms]
      [Humongous Register: 0.0 ms]
      [Humongous Reclaim: 0.0 ms]
      [Free CSet: 0.0 ms]
   [Eden: 29.0M(29.0M)->0.0B(29.0M) Survivors: 5120.0K->5120.0K Heap: 651.5M(697.0M)->628.5M(697.0M)]
 [Times: user=0.06 sys=0.00, real=0.00 secs] 
2016-06-27T18:01:08.397+0300: 34.655: [GC concurrent-root-region-scan-start]
2016-06-27T18:01:08.397+0300: 34.655: Total time for which application threads were stopped: 0.0066603 seconds, Stopping threads took: 0.0019321 seconds
2016-06-27T18:01:08.398+0300: 34.655: [GC concurrent-root-region-scan-end, 0.0006081 secs]
2016-06-27T18:01:08.398+0300: 34.655: [GC concurrent-mark-start]
2016-06-27T18:01:08.401+0300: 34.658: [GC concurrent-string-deduplication, 4844.8K->4683.7K(161.1K), avg 1.5%, 0.0034546 secs]
   [Last Exec: 0.0034546 secs, Idle: 0.2422602 secs, Blocked: 0/0.0000000 secs]
      [Inspected:             243]
         [Skipped:              0(  0.0%)]
         [Hashed:             243(100.0%)]
         [Known:                0(  0.0%)]
         [New:                243(100.0%)   4844.8K]
      [Deduplicated:            9(  3.7%)    161.1K(  3.3%)]
         [Young:                0(  0.0%)      0.0B(  0.0%)]
         [Old:                  9(100.0%)    161.1K(100.0%)]
   [Total Exec: 180/0.4751214 secs, Idle: 180/33.9452410 secs, Blocked: 2/0.0043244 secs]
      [Inspected:           40277]
         [Skipped:            345(  0.9%)]
         [Hashed:           38954( 96.7%)]
         [Known:             3841(  9.5%)]
         [New:              36091( 89.6%)    648.5M]
      [Deduplicated:         2184(  6.1%)  10149.6K(  1.5%)]
         [Young:                5(  0.2%)   5200.0B(  0.1%)]
         [Old:               2179( 99.8%)  10144.6K( 99.9%)]
   [Table]
      [Memory Usage: 1031.7K]
      [Size: 32768, Min: 1024, Max: 16777216]
      [Entries: 33096, Load: 101.0%, Cached: 0, Added: 37700, Removed: 4604]
      [Resize Count: 5, Shrink Threshold: 21845(66.7%), Grow Threshold: 65536(200.0%)]
      [Rehash Count: 1, Rehash Threshold: 120, Hash Seed: 0xc4e8cebb]
      [Age Threshold: 3]
   [Queue]
      [Dropped: 0]
2016-06-27T18:01:08.436+0300: 34.694: [GC concurrent-mark-end, 0.0384940 secs]
2016-06-27T18:01:08.457+0300: 34.714: [GC remark 2016-06-27T18:01:08.457+0300: 34.714: [Finalize Marking, 0.0001796 secs] 2016-06-27T18:01:08.457+0300: 34.714: [GC ref-proc, 0.0000958 secs] 2016-06-27T18:01:08.457+0300: 34.714: [Unloading, 0.0021528 secs], 0.0051926 secs]
 [Times: user=0.06 sys=0.00, real=0.00 secs] 
2016-06-27T18:01:08.462+0300: 34.719: Total time for which application threads were stopped: 0.0066534 seconds, Stopping threads took: 0.0010123 seconds
2016-06-27T18:01:08.629+0300: 34.886: [GC cleanup 657M->657M(697M), 0.0010909 secs]
 [Times: user=0.06 sys=0.00, real=0.00 secs] 
2016-06-27T18:01:08.630+0300: 34.887: Total time for which application threads were stopped: 0.0029863 seconds, Stopping threads took: 0.0014574 seconds
2016-06-27T18:01:08.632+0300: 34.890: [GC pause (G1 Evacuation Pause) (young)
Desired survivor size 2621440 bytes, new threshold 1 (max 15)
- age   1:    4638608 bytes,    4638608 total
, 0.0033212 secs]
   [Parallel Time: 2.4 ms, GC Workers: 4]
      [GC Worker Start (ms): Min: 34889.7, Avg: 34889.7, Max: 34889.7, Diff: 0.0]
      [Ext Root Scanning (ms): Min: 0.4, Avg: 0.5, Max: 0.5, Diff: 0.1, Sum: 2.0]
      [Update RS (ms): Min: 0.3, Avg: 0.4, Max: 0.4, Diff: 0.1, Sum: 1.5]
         [Processed Buffers: Min: 1, Avg: 5.3, Max: 13, Diff: 12, Sum: 21]
      [Scan RS (ms): Min: 0.0, Avg: 0.0, Max: 0.0, Diff: 0.0, Sum: 0.0]
      [Code Root Scanning (ms): Min: 0.0, Avg: 0.0, Max: 0.0, Diff: 0.0, Sum: 0.0]
      [Object Copy (ms): Min: 1.4, Avg: 1.4, Max: 1.5, Diff: 0.1, Sum: 5.8]
      [Termination (ms): Min: 0.0, Avg: 0.0, Max: 0.0, Diff: 0.0, Sum: 0.0]
         [Termination Attempts: Min: 1, Avg: 1.0, Max: 1, Diff: 0, Sum: 4]
      [GC Worker Other (ms): Min: 0.0, Avg: 0.0, Max: 0.0, Diff: 0.0, Sum: 0.1]
      [GC Worker Total (ms): Min: 2.3, Avg: 2.3, Max: 2.3, Diff: 0.0, Sum: 9.3]
      [GC Worker End (ms): Min: 34892.0, Avg: 34892.0, Max: 34892.0, Diff: 0.0]
   [Code Root Fixup: 0.0 ms]
   [Code Root Purge: 0.0 ms]
   [String Dedup Fixup: 0.4 ms, GC Workers: 4]
      [Queue Fixup (ms): Min: 0.0, Avg: 0.0, Max: 0.0, Diff: 0.0, Sum: 0.0]
      [Table Fixup (ms): Min: 0.4, Avg: 0.4, Max: 0.4, Diff: 0.0, Sum: 1.5]
   [Clear CT: 0.0 ms]
   [Other: 0.5 ms]
      [Choose CSet: 0.0 ms]
      [Ref Proc: 0.1 ms]
      [Ref Enq: 0.0 ms]
      [Redirty Cards: 0.0 ms]
      [Humongous Register: 0.0 ms]
      [Humongous Reclaim: 0.0 ms]
      [Free CSet: 0.0 ms]
   [Eden: 29.0M(29.0M)->0.0B(29.0M) Survivors: 5120.0K->5120.0K Heap: 657.5M(697.0M)->634.0M(697.0M)]
 [Times: user=0.00 sys=0.00, real=0.00 secs] 
2016-06-27T18:01:08.636+0300: 34.893: Total time for which application threads were stopped: 0.0039378 seconds, Stopping threads took: 0.0000671 seconds
2016-06-27T18:01:08.639+0300: 34.896: [GC concurrent-string-deduplication, 4544.6K->4443.5K(101.1K), avg 1.5%, 0.0031971 secs]
   [Last Exec: 0.0031971 secs, Idle: 0.2349037 secs, Blocked: 0/0.0000000 secs]
      [Inspected:             229]
         [Skipped:              1(  0.4%)]
         [Hashed:             228( 99.6%)]
         [Known:                0(  0.0%)]
         [New:                228( 99.6%)   4544.6K]
      [Deduplicated:            6(  2.6%)    101.1K(  2.2%)]
         [Young:                0(  0.0%)      0.0B(  0.0%)]
         [Old:                  6(100.0%)    101.1K(100.0%)]
   [Total Exec: 181/0.4783186 secs, Idle: 181/34.1801447 secs, Blocked: 2/0.0043244 secs]
      [Inspected:           40506]
         [Skipped:            346(  0.9%)]
         [Hashed:           39182( 96.7%)]
         [Known:             3841(  9.5%)]
         [New:              36319( 89.7%)    652.9M]
      [Deduplicated:         2190(  6.0%)     10.0M(  1.5%)]
         [Young:                5(  0.2%)   5200.0B(  0.0%)]
         [Old:               2185( 99.8%)     10.0M(100.0%)]
   [Table]
      [Memory Usage: 1033.4K]
      [Size: 32768, Min: 1024, Max: 16777216]
      [Entries: 33171, Load: 101.2%, Cached: 0, Added: 37922, Removed: 4751]
      [Resize Count: 5, Shrink Threshold: 21845(66.7%), Grow Threshold: 65536(200.0%)]
      [Rehash Count: 1, Rehash Threshold: 120, Hash Seed: 0xc4e8cebb]
      [Age Threshold: 3]
   [Queue]
      [Dropped: 0]
2016-06-27T18:01:08.875+0300: 35.132: [GC pause (G1 Evacuation Pause) (mixed)
Desired survivor size 2621440 bytes, new threshold 1 (max 15)
- age   1:    4670984 bytes,    4670984 total
, 0.0060877 secs]
   [Parallel Time: 5.0 ms, GC Workers: 4]
      [GC Worker Start (ms): Min: 35132.4, Avg: 35132.4, Max: 35132.4, Diff: 0.0]
      [Ext Root Scanning (ms): Min: 0.4, Avg: 0.5, Max: 0.6, Diff: 0.1, Sum: 1.9]
      [Update RS (ms): Min: 0.5, Avg: 0.6, Max: 0.6, Diff: 0.1, Sum: 2.3]
         [Processed Buffers: Min: 2, Avg: 9.5, Max: 22, Diff: 20, Sum: 38]
      [Scan RS (ms): Min: 0.3, Avg: 0.4, Max: 0.4, Diff: 0.1, Sum: 1.5]
      [Code Root Scanning (ms): Min: 0.0, Avg: 0.0, Max: 0.0, Diff: 0.0, Sum: 0.0]
      [Object Copy (ms): Min: 3.5, Avg: 3.5, Max: 3.5, Diff: 0.1, Sum: 14.1]
      [Termination (ms): Min: 0.0, Avg: 0.0, Max: 0.0, Diff: 0.0, Sum: 0.0]
         [Termination Attempts: Min: 1, Avg: 1.0, Max: 1, Diff: 0, Sum: 4]
      [GC Worker Other (ms): Min: 0.0, Avg: 0.0, Max: 0.0, Diff: 0.0, Sum: 0.1]
      [GC Worker Total (ms): Min: 5.0, Avg: 5.0, Max: 5.0, Diff: 0.0, Sum: 20.0]
      [GC Worker End (ms): Min: 35137.4, Avg: 35137.4, Max: 35137.4, Diff: 0.0]
   [Code Root Fixup: 0.0 ms]
   [Code Root Purge: 0.0 ms]
   [String Dedup Fixup: 0.5 ms, GC Workers: 4]
      [Queue Fixup (ms): Min: 0.0, Avg: 0.0, Max: 0.0, Diff: 0.0, Sum: 0.0]
      [Table Fixup (ms): Min: 0.4, Avg: 0.4, Max: 0.4, Diff: 0.1, Sum: 1.6]
   [Clear CT: 0.1 ms]
   [Other: 0.5 ms]
      [Choose CSet: 0.0 ms]
      [Ref Proc: 0.1 ms]
      [Ref Enq: 0.0 ms]
      [Redirty Cards: 0.0 ms]
      [Humongous Register: 0.0 ms]
      [Humongous Reclaim: 0.0 ms]
      [Free CSet: 0.1 ms]
   [Eden: 29.0M(29.0M)->0.0B(29.0M) Survivors: 5120.0K->5120.0K Heap: 663.0M(697.0M)->632.5M(697.0M)]
 [Times: user=0.06 sys=0.00, real=0.01 secs] 
2016-06-27T18:01:08.881+0300: 35.139: Total time for which application threads were stopped: 0.0084556 seconds, Stopping threads took: 0.0017996 seconds
2016-06-27T18:01:08.885+0300: 35.142: [GC concurrent-string-deduplication, 4795.9K->4683.7K(112.3K), avg 1.5%, 0.0033866 secs]
   [Last Exec: 0.0033866 secs, Idle: 0.2421901 secs, Blocked: 0/0.0000000 secs]
      [Inspected:             266]
         [Skipped:             15(  5.6%)]
         [Hashed:             251( 94.4%)]
         [Known:                0(  0.0%)]
         [New:                251( 94.4%)   4795.9K]
      [Deduplicated:           17(  6.8%)    112.3K(  2.3%)]
         [Young:                0(  0.0%)      0.0B(  0.0%)]
         [Old:                 17(100.0%)    112.3K(100.0%)]
   [Total Exec: 182/0.4817052 secs, Idle: 182/34.4223348 secs, Blocked: 2/0.0043244 secs]
      [Inspected:           40772]
         [Skipped:            361(  0.9%)]
         [Hashed:           39433( 96.7%)]
         [Known:             3841(  9.4%)]
         [New:              36570( 89.7%)    657.6M]
      [Deduplicated:         2207(  6.0%)     10.1M(  1.5%)]
         [Young:                5(  0.2%)   5200.0B(  0.0%)]
         [Old:               2202( 99.8%)     10.1M(100.0%)]
   [Table]
      [Memory Usage: 1038.9K]
      [Size: 32768, Min: 1024, Max: 16777216]
      [Entries: 33405, Load: 101.9%, Cached: 0, Added: 38156, Removed: 4751]
      [Resize Count: 5, Shrink Threshold: 21845(66.7%), Grow Threshold: 65536(200.0%)]
      [Rehash Count: 1, Rehash Threshold: 120, Hash Seed: 0xc4e8cebb]
      [Age Threshold: 3]
   [Queue]
      [Dropped: 0]
2016-06-27T18:01:09.116+0300: 35.373: [GC pause (G1 Evacuation Pause) (young)
Desired survivor size 2621440 bytes, new threshold 1 (max 15)
- age   1:    4561680 bytes,    4561680 total
, 0.0050232 secs]
   [Parallel Time: 3.9 ms, GC Workers: 4]
      [GC Worker Start (ms): Min: 35373.3, Avg: 35373.4, Max: 35373.4, Diff: 0.1]
      [Ext Root Scanning (ms): Min: 0.5, Avg: 0.7, Max: 1.2, Diff: 0.6, Sum: 2.8]
      [Update RS (ms): Min: 1.2, Avg: 1.8, Max: 2.1, Diff: 0.9, Sum: 7.1]
         [Processed Buffers: Min: 4, Avg: 7.5, Max: 13, Diff: 9, Sum: 30]
      [Scan RS (ms): Min: 0.0, Avg: 0.0, Max: 0.0, Diff: 0.0, Sum: 0.0]
      [Code Root Scanning (ms): Min: 0.0, Avg: 0.0, Max: 0.0, Diff: 0.0, Sum: 0.0]
      [Object Copy (ms): Min: 1.2, Avg: 1.4, Max: 1.4, Diff: 0.3, Sum: 5.4]
      [Termination (ms): Min: 0.0, Avg: 0.0, Max: 0.0, Diff: 0.0, Sum: 0.0]
         [Termination Attempts: Min: 1, Avg: 1.0, Max: 1, Diff: 0, Sum: 4]
      [GC Worker Other (ms): Min: 0.0, Avg: 0.0, Max: 0.0, Diff: 0.0, Sum: 0.1]
      [GC Worker Total (ms): Min: 3.8, Avg: 3.9, Max: 3.9, Diff: 0.1, Sum: 15.4]
      [GC Worker End (ms): Min: 35377.2, Avg: 35377.2, Max: 35377.2, Diff: 0.0]
   [Code Root Fixup: 0.0 ms]
   [Code Root Purge: 0.0 ms]
   [String Dedup Fixup: 0.6 ms, GC Workers: 4]
      [Queue Fixup (ms): Min: 0.0, Avg: 0.0, Max: 0.0, Diff: 0.0, Sum: 0.0]
      [Table Fixup (ms): Min: 0.5, Avg: 0.5, Max: 0.6, Diff: 0.1, Sum: 2.1]
   [Clear CT: 0.0 ms]
   [Other: 0.5 ms]
      [Choose CSet: 0.0 ms]
      [Ref Proc: 0.1 ms]
      [Ref Enq: 0.0 ms]
      [Redirty Cards: 0.1 ms]
      [Humongous Register: 0.0 ms]
      [Humongous Reclaim: 0.0 ms]
      [Free CSet: 0.0 ms]
   [Eden: 29.0M(29.0M)->0.0B(29.0M) Survivors: 5120.0K->5120.0K Heap: 661.5M(697.0M)->638.0M(697.0M)]
 [Times: user=0.00 sys=0.00, real=0.01 secs] 
2016-06-27T18:01:09.121+0300: 35.379: Total time for which application threads were stopped: 0.0101025 seconds, Stopping threads took: 0.0044485 seconds
2016-06-27T18:01:09.124+0300: 35.382: [GC concurrent-string-deduplication, 4403.4K->4263.3K(140.1K), avg 1.5%, 0.0030885 secs]
   [Last Exec: 0.0030885 secs, Idle: 0.2364509 secs, Blocked: 0/0.0000000 secs]
      [Inspected:             221]
         [Skipped:              1(  0.5%)]
         [Hashed:             220( 99.5%)]
         [Known:                0(  0.0%)]
         [New:                220( 99.5%)   4403.4K]
      [Deduplicated:            7(  3.2%)    140.1K(  3.2%)]
         [Young:                0(  0.0%)      0.0B(  0.0%)]
         [Old:                  7(100.0%)    140.1K(100.0%)]
   [Total Exec: 183/0.4847937 secs, Idle: 183/34.6587857 secs, Blocked: 2/0.0043244 secs]
      [Inspected:           40993]
         [Skipped:            362(  0.9%)]
         [Hashed:           39653( 96.7%)]
         [Known:             3841(  9.4%)]
         [New:              36790( 89.7%)    661.9M]
      [Deduplicated:         2214(  6.0%)     10.3M(  1.5%)]
         [Young:                5(  0.2%)   5200.0B(  0.0%)]
         [Old:               2209( 99.8%)     10.3M(100.0%)]
   [Table]
      [Memory Usage: 1043.9K]
      [Size: 32768, Min: 1024, Max: 16777216]
      [Entries: 33618, Load: 102.6%, Cached: 0, Added: 38369, Removed: 4751]
      [Resize Count: 5, Shrink Threshold: 21845(66.7%), Grow Threshold: 65536(200.0%)]
      [Rehash Count: 1, Rehash Threshold: 120, Hash Seed: 0xc4e8cebb]
      [Age Threshold: 3]
   [Queue]
      [Dropped: 0]
2016-06-27T18:01:09.366+0300: 35.623: [GC pause (G1 Evacuation Pause) (young) (initial-mark)
Desired survivor size 2621440 bytes, new threshold 1 (max 15)
- age   1:    4787696 bytes,    4787696 total
, 0.0037013 secs]
   [Parallel Time: 2.7 ms, GC Workers: 4]
      [GC Worker Start (ms): Min: 35623.0, Avg: 35623.0, Max: 35623.0, Diff: 0.0]
      [Ext Root Scanning (ms): Min: 0.5, Avg: 0.5, Max: 0.6, Diff: 0.2, Sum: 2.0]
      [Update RS (ms): Min: 0.5, Avg: 0.6, Max: 0.7, Diff: 0.2, Sum: 2.5]
         [Processed Buffers: Min: 5, Avg: 7.5, Max: 10, Diff: 5, Sum: 30]
      [Scan RS (ms): Min: 0.0, Avg: 0.0, Max: 0.0, Diff: 0.0, Sum: 0.0]
      [Code Root Scanning (ms): Min: 0.0, Avg: 0.0, Max: 0.0, Diff: 0.0, Sum: 0.0]
      [Object Copy (ms): Min: 1.4, Avg: 1.5, Max: 1.6, Diff: 0.2, Sum: 6.0]
      [Termination (ms): Min: 0.0, Avg: 0.0, Max: 0.0, Diff: 0.0, Sum: 0.0]
         [Termination Attempts: Min: 1, Avg: 1.0, Max: 1, Diff: 0, Sum: 4]
      [GC Worker Other (ms): Min: 0.0, Avg: 0.0, Max: 0.0, Diff: 0.0, Sum: 0.0]
      [GC Worker Total (ms): Min: 2.6, Avg: 2.6, Max: 2.6, Diff: 0.0, Sum: 10.6]
      [GC Worker End (ms): Min: 35625.7, Avg: 35625.7, Max: 35625.7, Diff: 0.0]
   [Code Root Fixup: 0.0 ms]
   [Code Root Purge: 0.0 ms]
   [String Dedup Fixup: 0.4 ms, GC Workers: 4]
      [Queue Fixup (ms): Min: 0.0, Avg: 0.0, Max: 0.0, Diff: 0.0, Sum: 0.0]
      [Table Fixup (ms): Min: 0.4, Avg: 0.4, Max: 0.4, Diff: 0.0, Sum: 1.5]
   [Clear CT: 0.1 ms]
   [Other: 0.5 ms]
      [Choose CSet: 0.0 ms]
      [Ref Proc: 0.0 ms]
      [Ref Enq: 0.0 ms]
      [Redirty Cards: 0.0 ms]
      [Humongous Register: 0.0 ms]
      [Humongous Reclaim: 0.0 ms]
      [Free CSet: 0.0 ms]
   [Eden: 29.0M(29.0M)->0.0B(29.0M) Survivors: 5120.0K->5120.0K Heap: 667.0M(697.0M)->644.0M(697.0M)]
 [Times: user=0.00 sys=0.00, real=0.00 secs] 
2016-06-27T18:01:09.370+0300: 35.627: [GC concurrent-root-region-scan-start]
2016-06-27T18:01:09.370+0300: 35.627: Total time for which application threads were stopped: 0.0059504 seconds, Stopping threads took: 0.0016349 seconds
2016-06-27T18:01:09.370+0300: 35.627: [GC concurrent-root-region-scan-end, 0.0006158 secs]
2016-06-27T18:01:09.370+0300: 35.627: [GC concurrent-mark-start]
2016-06-27T18:01:09.373+0300: 35.630: [GC concurrent-string-deduplication, 4384.4K->4243.3K(141.1K), avg 1.6%, 0.0032579 secs]
   [Last Exec: 0.0032579 secs, Idle: 0.2450558 secs, Blocked: 0/0.0000000 secs]
      [Inspected:             221]
         [Skipped:              1(  0.5%)]
         [Hashed:             220( 99.5%)]
         [Known:                0(  0.0%)]
         [New:                220( 99.5%)   4384.4K]
      [Deduplicated:            8(  3.6%)    141.1K(  3.2%)]
         [Young:                0(  0.0%)      0.0B(  0.0%)]
         [Old:                  8(100.0%)    141.1K(100.0%)]
   [Total Exec: 184/0.4880516 secs, Idle: 184/34.9038415 secs, Blocked: 2/0.0043244 secs]
      [Inspected:           41214]
         [Skipped:            363(  0.9%)]
         [Hashed:           39873( 96.7%)]
         [Known:             3841(  9.3%)]
         [New:              37010( 89.8%)    666.2M]
      [Deduplicated:         2222(  6.0%)     10.4M(  1.6%)]
         [Young:                5(  0.2%)   5200.0B(  0.0%)]
         [Old:               2217( 99.8%)     10.4M(100.0%)]
   [Table]
      [Memory Usage: 1048.9K]
      [Size: 32768, Min: 1024, Max: 16777216]
      [Entries: 33830, Load: 103.2%, Cached: 0, Added: 38581, Removed: 4751]
      [Resize Count: 5, Shrink Threshold: 21845(66.7%), Grow Threshold: 65536(200.0%)]
      [Rehash Count: 1, Rehash Threshold: 120, Hash Seed: 0xc4e8cebb]
      [Age Threshold: 3]
   [Queue]
      [Dropped: 0]
2016-06-27T18:01:09.413+0300: 35.670: [GC concurrent-mark-end, 0.0419939 secs]
2016-06-27T18:01:09.444+0300: 35.701: [GC remark 2016-06-27T18:01:09.444+0300: 35.701: [Finalize Marking, 0.0002489 secs] 2016-06-27T18:01:09.445+0300: 35.702: [GC ref-proc, 0.0000975 secs] 2016-06-27T18:01:09.445+0300: 35.702: [Unloading, 0.0021032 secs], 0.0053029 secs]
 [Times: user=0.00 sys=0.00, real=0.01 secs] 
2016-06-27T18:01:09.450+0300: 35.707: Total time for which application threads were stopped: 0.0085219 seconds, Stopping threads took: 0.0028080 seconds
2016-06-27T18:01:09.451+0300: 35.708: [GC cleanup 654M->654M(697M), 0.0010294 secs]
 [Times: user=0.00 sys=0.00, real=0.00 secs] 
2016-06-27T18:01:09.452+0300: 35.709: Total time for which application threads were stopped: 0.0015939 seconds, Stopping threads took: 0.0001069 seconds
2016-06-27T18:01:09.606+0300: 35.863: [GC pause (G1 Evacuation Pause) (young)
Desired survivor size 2621440 bytes, new threshold 1 (max 15)
- age   1:    5046960 bytes,    5046960 total
, 0.0037980 secs]
   [Parallel Time: 2.9 ms, GC Workers: 4]
      [GC Worker Start (ms): Min: 35863.0, Avg: 35863.0, Max: 35863.0, Diff: 0.0]
      [Ext Root Scanning (ms): Min: 0.5, Avg: 0.5, Max: 0.6, Diff: 0.1, Sum: 2.1]
      [Update RS (ms): Min: 0.6, Avg: 0.7, Max: 0.8, Diff: 0.2, Sum: 2.9]
         [Processed Buffers: Min: 3, Avg: 6.0, Max: 10, Diff: 7, Sum: 24]
      [Scan RS (ms): Min: 0.0, Avg: 0.0, Max: 0.0, Diff: 0.0, Sum: 0.0]
      [Code Root Scanning (ms): Min: 0.0, Avg: 0.0, Max: 0.0, Diff: 0.0, Sum: 0.0]
      [Object Copy (ms): Min: 1.5, Avg: 1.6, Max: 1.6, Diff: 0.1, Sum: 6.3]
      [Termination (ms): Min: 0.0, Avg: 0.0, Max: 0.0, Diff: 0.0, Sum: 0.1]
         [Termination Attempts: Min: 1, Avg: 1.0, Max: 1, Diff: 0, Sum: 4]
      [GC Worker Other (ms): Min: 0.0, Avg: 0.0, Max: 0.0, Diff: 0.0, Sum: 0.0]
      [GC Worker Total (ms): Min: 2.8, Avg: 2.9, Max: 2.9, Diff: 0.0, Sum: 11.4]
      [GC Worker End (ms): Min: 35865.8, Avg: 35865.8, Max: 35865.8, Diff: 0.0]
   [Code Root Fixup: 0.0 ms]
   [Code Root Purge: 0.0 ms]
   [String Dedup Fixup: 0.4 ms, GC Workers: 4]
      [Queue Fixup (ms): Min: 0.0, Avg: 0.0, Max: 0.0, Diff: 0.0, Sum: 0.0]
      [Table Fixup (ms): Min: 0.4, Avg: 0.4, Max: 0.4, Diff: 0.0, Sum: 1.5]
   [Clear CT: 0.0 ms]
   [Other: 0.5 ms]
      [Choose CSet: 0.0 ms]
      [Ref Proc: 0.1 ms]
      [Ref Enq: 0.0 ms]
      [Redirty Cards: 0.0 ms]
      [Humongous Register: 0.0 ms]
      [Humongous Reclaim: 0.0 ms]
      [Free CSet: 0.0 ms]
   [Eden: 29.0M(29.0M)->0.0B(29.0M) Survivors: 5120.0K->5120.0K Heap: 673.0M(697.0M)->650.0M(697.0M)]
 [Times: user=0.00 sys=0.00, real=0.00 secs] 
2016-06-27T18:01:09.610+0300: 35.867: Total time for which application threads were stopped: 0.0056091 seconds, Stopping threads took: 0.0012197 seconds
2016-06-27T18:01:09.613+0300: 35.870: [GC concurrent-string-deduplication, 4825.8K->4683.7K(142.1K), avg 1.6%, 0.0034439 secs]
   [Last Exec: 0.0034439 secs, Idle: 0.2368187 secs, Blocked: 0/0.0000000 secs]
      [Inspected:             245]
         [Skipped:              2(  0.8%)]
         [Hashed:             243( 99.2%)]
         [Known:                0(  0.0%)]
         [New:                243( 99.2%)   4825.8K]
      [Deduplicated:            9(  3.7%)    142.1K(  2.9%)]
         [Young:                0(  0.0%)      0.0B(  0.0%)]
         [Old:                  9(100.0%)    142.1K(100.0%)]
   [Total Exec: 185/0.4914955 secs, Idle: 185/35.1406602 secs, Blocked: 2/0.0043244 secs]
      [Inspected:           41459]
         [Skipped:            365(  0.9%)]
         [Hashed:           40116( 96.8%)]
         [Known:             3841(  9.3%)]
         [New:              37253( 89.9%)    670.9M]
      [Deduplicated:         2231(  6.0%)     10.5M(  1.6%)]
         [Young:                5(  0.2%)   5200.0B(  0.0%)]
         [Old:               2226( 99.8%)     10.5M(100.0%)]
   [Table]
      [Memory Usage: 1048.9K]
      [Size: 32768, Min: 1024, Max: 16777216]
      [Entries: 33776, Load: 103.1%, Cached: 54, Added: 38815, Removed: 5039]
      [Resize Count: 5, Shrink Threshold: 21845(66.7%), Grow Threshold: 65536(200.0%)]
      [Rehash Count: 1, Rehash Threshold: 120, Hash Seed: 0xc4e8cebb]
      [Age Threshold: 3]
   [Queue]
      [Dropped: 0]
2016-06-27T18:01:09.849+0300: 36.107: [GC pause (G1 Evacuation Pause) (mixed)
Desired survivor size 2621440 bytes, new threshold 1 (max 15)
- age   1:    4833664 bytes,    4833664 total
, 0.0096175 secs]
   [Parallel Time: 8.4 ms, GC Workers: 4]
      [GC Worker Start (ms): Min: 36106.9, Avg: 36106.9, Max: 36106.9, Diff: 0.0]
      [Ext Root Scanning (ms): Min: 0.4, Avg: 0.5, Max: 0.6, Diff: 0.1, Sum: 2.0]
      [Update RS (ms): Min: 0.9, Avg: 1.0, Max: 1.0, Diff: 0.1, Sum: 3.9]
         [Processed Buffers: Min: 5, Avg: 7.8, Max: 13, Diff: 8, Sum: 31]
      [Scan RS (ms): Min: 0.6, Avg: 0.7, Max: 0.7, Diff: 0.0, Sum: 2.6]
      [Code Root Scanning (ms): Min: 0.0, Avg: 0.0, Max: 0.0, Diff: 0.0, Sum: 0.0]
      [Object Copy (ms): Min: 6.2, Avg: 6.2, Max: 6.2, Diff: 0.0, Sum: 24.9]
      [Termination (ms): Min: 0.0, Avg: 0.0, Max: 0.0, Diff: 0.0, Sum: 0.0]
         [Termination Attempts: Min: 1, Avg: 1.5, Max: 2, Diff: 1, Sum: 6]
      [GC Worker Other (ms): Min: 0.0, Avg: 0.0, Max: 0.0, Diff: 0.0, Sum: 0.1]
      [GC Worker Total (ms): Min: 8.4, Avg: 8.4, Max: 8.4, Diff: 0.0, Sum: 33.5]
      [GC Worker End (ms): Min: 36115.3, Avg: 36115.3, Max: 36115.3, Diff: 0.0]
   [Code Root Fixup: 0.0 ms]
   [Code Root Purge: 0.0 ms]
   [String Dedup Fixup: 0.6 ms, GC Workers: 4]
      [Queue Fixup (ms): Min: 0.0, Avg: 0.0, Max: 0.0, Diff: 0.0, Sum: 0.0]
      [Table Fixup (ms): Min: 0.5, Avg: 0.5, Max: 0.5, Diff: 0.0, Sum: 2.1]
   [Clear CT: 0.1 ms]
   [Other: 0.6 ms]
      [Choose CSet: 0.0 ms]
      [Ref Proc: 0.0 ms]
      [Ref Enq: 0.0 ms]
      [Redirty Cards: 0.0 ms]
      [Humongous Register: 0.0 ms]
      [Humongous Reclaim: 0.0 ms]
      [Free CSet: 0.1 ms]
   [Eden: 29.0M(29.0M)->0.0B(30.0M) Survivors: 5120.0K->5120.0K Heap: 679.0M(697.0M)->646.0M(713.0M)]
 [Times: user=0.00 sys=0.00, real=0.01 secs] 
2016-06-27T18:01:09.859+0300: 36.117: Total time for which application threads were stopped: 0.0137422 seconds, Stopping threads took: 0.0034644 seconds
2016-06-27T18:01:09.862+0300: 36.120: [GC concurrent-string-deduplication, 4646.7K->4423.5K(223.2K), avg 1.6%, 0.0032814 secs]
   [Last Exec: 0.0032814 secs, Idle: 0.2461767 secs, Blocked: 0/0.0000000 secs]
      [Inspected:             238]
         [Skipped:              3(  1.3%)]
         [Hashed:             235( 98.7%)]
         [Known:                0(  0.0%)]
         [New:                235( 98.7%)   4646.7K]
      [Deduplicated:           14(  6.0%)    223.2K(  4.8%)]
         [Young:                0(  0.0%)      0.0B(  0.0%)]
         [Old:                 14(100.0%)    223.2K(100.0%)]
   [Total Exec: 186/0.4947768 secs, Idle: 186/35.3868369 secs, Blocked: 2/0.0043244 secs]
      [Inspected:           41697]
         [Skipped:            368(  0.9%)]
         [Hashed:           40351( 96.8%)]
         [Known:             3841(  9.2%)]
         [New:              37488( 89.9%)    675.4M]
      [Deduplicated:         2245(  6.0%)     10.8M(  1.6%)]
         [Young:                5(  0.2%)   5200.0B(  0.0%)]
         [Old:               2240( 99.8%)     10.7M(100.0%)]
   [Table]
      [Memory Usage: 1052.8K]
      [Size: 32768, Min: 1024, Max: 16777216]
      [Entries: 33997, Load: 103.8%, Cached: 0, Added: 39036, Removed: 5039]
      [Resize Count: 5, Shrink Threshold: 21845(66.7%), Grow Threshold: 65536(200.0%)]
      [Rehash Count: 1, Rehash Threshold: 120, Hash Seed: 0xc4e8cebb]
      [Age Threshold: 3]
   [Queue]
      [Dropped: 0]
2016-06-27T18:01:10.036+0300: 36.293: Total time for which application threads were stopped: 0.0033306 seconds, Stopping threads took: 0.0029504 seconds
2016-06-27T18:01:10.041+0300: 36.298: Total time for which application threads were stopped: 0.0016944 seconds, Stopping threads took: 0.0000821 seconds
2016-06-27T18:01:10.043+0300: 36.300: Total time for which application threads were stopped: 0.0004837 seconds, Stopping threads took: 0.0000842 seconds
2016-06-27T18:01:10.044+0300: 36.301: Total time for which application threads were stopped: 0.0003999 seconds, Stopping threads took: 0.0000582 seconds
2016-06-27T18:01:10.044+0300: 36.301: Total time for which application threads were stopped: 0.0003169 seconds, Stopping threads took: 0.0000308 seconds
2016-06-27T18:01:10.044+0300: 36.302: Total time for which application threads were stopped: 0.0003460 seconds, Stopping threads took: 0.0000359 seconds
2016-06-27T18:01:10.056+0300: 36.313: Total time for which application threads were stopped: 0.0085873 seconds, Stopping threads took: 0.0082152 seconds
2016-06-27T18:01:10.056+0300: 36.313: Total time for which application threads were stopped: 0.0003524 seconds, Stopping threads took: 0.0000364 seconds
2016-06-27T18:01:10.057+0300: 36.314: Total time for which application threads were stopped: 0.0003828 seconds, Stopping threads took: 0.0000458 seconds
2016-06-27T18:01:10.061+0300: 36.318: Total time for which application threads were stopped: 0.0005914 seconds, Stopping threads took: 0.0001800 seconds
2016-06-27T18:01:10.065+0300: 36.322: Total time for which application threads were stopped: 0.0036941 seconds, Stopping threads took: 0.0033182 seconds
2016-06-27T18:01:10.066+0300: 36.323: Total time for which application threads were stopped: 0.0003498 seconds, Stopping threads took: 0.0000346 seconds
2016-06-27T18:01:10.066+0300: 36.323: Total time for which application threads were stopped: 0.0003554 seconds, Stopping threads took: 0.0000372 seconds
2016-06-27T18:01:10.066+0300: 36.323: Total time for which application threads were stopped: 0.0003263 seconds, Stopping threads took: 0.0000351 seconds
2016-06-27T18:01:10.067+0300: 36.324: Total time for which application threads were stopped: 0.0003703 seconds, Stopping threads took: 0.0000376 seconds
2016-06-27T18:01:10.067+0300: 36.324: Total time for which application threads were stopped: 0.0003417 seconds, Stopping threads took: 0.0000342 seconds
2016-06-27T18:01:10.068+0300: 36.325: Total time for which application threads were stopped: 0.0004007 seconds, Stopping threads took: 0.0000325 seconds
2016-06-27T18:01:10.074+0300: 36.331: Total time for which application threads were stopped: 0.0004170 seconds, Stopping threads took: 0.0000710 seconds
2016-06-27T18:01:10.074+0300: 36.332: Total time for which application threads were stopped: 0.0003703 seconds, Stopping threads took: 0.0000488 seconds
2016-06-27T18:01:10.079+0300: 36.336: Total time for which application threads were stopped: 0.0004328 seconds, Stopping threads took: 0.0000766 seconds
2016-06-27T18:01:10.080+0300: 36.337: Total time for which application threads were stopped: 0.0003524 seconds, Stopping threads took: 0.0000381 seconds
2016-06-27T18:01:10.092+0300: 36.349: [GC pause (G1 Evacuation Pause) (young)
Desired survivor size 2621440 bytes, new threshold 1 (max 15)
- age   1:    4759632 bytes,    4759632 total
, 0.0065324 secs]
   [Parallel Time: 5.6 ms, GC Workers: 4]
      [GC Worker Start (ms): Min: 36349.5, Avg: 36349.5, Max: 36349.5, Diff: 0.0]
      [Ext Root Scanning (ms): Min: 0.7, Avg: 0.8, Max: 0.8, Diff: 0.1, Sum: 3.0]
      [Update RS (ms): Min: 3.0, Avg: 3.3, Max: 4.0, Diff: 1.0, Sum: 13.3]
         [Processed Buffers: Min: 5, Avg: 13.3, Max: 31, Diff: 26, Sum: 53]
      [Scan RS (ms): Min: 0.0, Avg: 0.0, Max: 0.0, Diff: 0.0, Sum: 0.0]
      [Code Root Scanning (ms): Min: 0.0, Avg: 0.0, Max: 0.0, Diff: 0.0, Sum: 0.0]
      [Object Copy (ms): Min: 0.9, Avg: 1.5, Max: 1.9, Diff: 1.0, Sum: 6.0]
      [Termination (ms): Min: 0.0, Avg: 0.0, Max: 0.0, Diff: 0.0, Sum: 0.0]
         [Termination Attempts: Min: 1, Avg: 1.0, Max: 1, Diff: 0, Sum: 4]
      [GC Worker Other (ms): Min: 0.0, Avg: 0.0, Max: 0.0, Diff: 0.0, Sum: 0.1]
      [GC Worker Total (ms): Min: 5.6, Avg: 5.6, Max: 5.6, Diff: 0.0, Sum: 22.5]
      [GC Worker End (ms): Min: 36355.1, Avg: 36355.1, Max: 36355.1, Diff: 0.0]
   [Code Root Fixup: 0.0 ms]
   [Code Root Purge: 0.0 ms]
   [String Dedup Fixup: 0.4 ms, GC Workers: 4]
      [Queue Fixup (ms): Min: 0.0, Avg: 0.0, Max: 0.0, Diff: 0.0, Sum: 0.0]
      [Table Fixup (ms): Min: 0.4, Avg: 0.4, Max: 0.4, Diff: 0.0, Sum: 1.5]
   [Clear CT: 0.0 ms]
   [Other: 0.4 ms]
      [Choose CSet: 0.0 ms]
      [Ref Proc: 0.0 ms]
      [Ref Enq: 0.0 ms]
      [Redirty Cards: 0.0 ms]
      [Humongous Register: 0.0 ms]
      [Humongous Reclaim: 0.0 ms]
      [Free CSet: 0.0 ms]
   [Eden: 30.0M(30.0M)->0.0B(30.0M) Survivors: 5120.0K->5120.0K Heap: 676.0M(713.0M)->652.0M(713.0M)]
 [Times: user=0.01 sys=0.00, real=0.01 secs] 
2016-06-27T18:01:10.099+0300: 36.356: Total time for which application threads were stopped: 0.0071517 seconds, Stopping threads took: 0.0000560 seconds
2016-06-27T18:01:10.102+0300: 36.359: Total time for which application threads were stopped: 0.0019903 seconds, Stopping threads took: 0.0000693 seconds
2016-06-27T18:01:10.104+0300: 36.361: [GC concurrent-string-deduplication, 4624.6K->4463.5K(161.1K), avg 1.6%, 0.0032117 secs]
   [Last Exec: 0.0032117 secs, Idle: 0.2361619 secs, Blocked: 1/0.0020190 secs]
      [Inspected:             234]
         [Skipped:              2(  0.9%)]
         [Hashed:             232( 99.1%)]
         [Known:                0(  0.0%)]
         [New:                232( 99.1%)   4624.6K]
      [Deduplicated:            9(  3.9%)    161.1K(  3.5%)]
         [Young:                0(  0.0%)      0.0B(  0.0%)]
         [Old:                  9(100.0%)    161.1K(100.0%)]
   [Total Exec: 187/0.4979885 secs, Idle: 187/35.6229987 secs, Blocked: 3/0.0063434 secs]
      [Inspected:           41931]
         [Skipped:            370(  0.9%)]
         [Hashed:           40583( 96.8%)]
         [Known:             3841(  9.2%)]
         [New:              37720( 90.0%)    680.0M]
      [Deduplicated:         2254(  6.0%)     10.9M(  1.6%)]
         [Young:                5(  0.2%)   5200.0B(  0.0%)]
         [Old:               2249( 99.8%)     10.9M(100.0%)]
   [Table]
      [Memory Usage: 1062.5K]
      [Size: 32768, Min: 1024, Max: 16777216]
      [Entries: 34409, Load: 105.0%, Cached: 0, Added: 39448, Removed: 5039]
      [Resize Count: 5, Shrink Threshold: 21845(66.7%), Grow Threshold: 65536(200.0%)]
      [Rehash Count: 1, Rehash Threshold: 120, Hash Seed: 0xc4e8cebb]
      [Age Threshold: 3]
   [Queue]
      [Dropped: 0]
2016-06-27T18:01:10.355+0300: 36.613: [GC pause (G1 Evacuation Pause) (young) (initial-mark)
Desired survivor size 2621440 bytes, new threshold 1 (max 15)
- age   1:    4956480 bytes,    4956480 total
, 0.0042487 secs]
   [Parallel Time: 3.2 ms, GC Workers: 4]
      [GC Worker Start (ms): Min: 36612.9, Avg: 36612.9, Max: 36612.9, Diff: 0.0]
      [Ext Root Scanning (ms): Min: 0.5, Avg: 0.6, Max: 0.7, Diff: 0.2, Sum: 2.3]
      [Update RS (ms): Min: 0.9, Avg: 1.0, Max: 1.2, Diff: 0.3, Sum: 4.1]
         [Processed Buffers: Min: 2, Avg: 5.5, Max: 9, Diff: 7, Sum: 22]
      [Scan RS (ms): Min: 0.0, Avg: 0.0, Max: 0.0, Diff: 0.0, Sum: 0.0]
      [Code Root Scanning (ms): Min: 0.0, Avg: 0.0, Max: 0.0, Diff: 0.0, Sum: 0.0]
      [Object Copy (ms): Min: 1.3, Avg: 1.5, Max: 1.7, Diff: 0.4, Sum: 6.2]
      [Termination (ms): Min: 0.0, Avg: 0.0, Max: 0.0, Diff: 0.0, Sum: 0.0]
         [Termination Attempts: Min: 1, Avg: 1.0, Max: 1, Diff: 0, Sum: 4]
      [GC Worker Other (ms): Min: 0.0, Avg: 0.0, Max: 0.0, Diff: 0.0, Sum: 0.1]
      [GC Worker Total (ms): Min: 3.1, Avg: 3.2, Max: 3.2, Diff: 0.0, Sum: 12.6]
      [GC Worker End (ms): Min: 36616.0, Avg: 36616.0, Max: 36616.0, Diff: 0.0]
   [Code Root Fixup: 0.0 ms]
   [Code Root Purge: 0.0 ms]
   [String Dedup Fixup: 0.4 ms, GC Workers: 4]
      [Queue Fixup (ms): Min: 0.0, Avg: 0.0, Max: 0.0, Diff: 0.0, Sum: 0.0]
      [Table Fixup (ms): Min: 0.4, Avg: 0.4, Max: 0.4, Diff: 0.0, Sum: 1.6]
   [Clear CT: 0.0 ms]
   [Other: 0.6 ms]
      [Choose CSet: 0.0 ms]
      [Ref Proc: 0.0 ms]
      [Ref Enq: 0.0 ms]
      [Redirty Cards: 0.1 ms]
      [Humongous Register: 0.0 ms]
      [Humongous Reclaim: 0.0 ms]
      [Free CSet: 0.0 ms]
   [Eden: 30.0M(30.0M)->0.0B(30.0M) Survivors: 5120.0K->5120.0K Heap: 682.0M(713.0M)->657.5M(713.0M)]
 [Times: user=0.00 sys=0.00, real=0.00 secs] 
2016-06-27T18:01:10.360+0300: 36.617: [GC concurrent-root-region-scan-start]
2016-06-27T18:01:10.360+0300: 36.617: Total time for which application threads were stopped: 0.0075695 seconds, Stopping threads took: 0.0027421 seconds
2016-06-27T18:01:10.360+0300: 36.618: [GC concurrent-root-region-scan-end, 0.0006402 secs]
2016-06-27T18:01:10.360+0300: 36.618: [GC concurrent-mark-start]
2016-06-27T18:01:10.363+0300: 36.620: [GC concurrent-string-deduplication, 4518.6K->4485.3K(33.3K), avg 1.6%, 0.0032822 secs]
   [Last Exec: 0.0032822 secs, Idle: 0.2556479 secs, Blocked: 0/0.0000000 secs]
      [Inspected:             473]
         [Skipped:             13(  2.7%)]
         [Hashed:             460( 97.3%)]
         [Known:              190( 40.2%)]
         [New:                270( 57.1%)   4518.6K]
      [Deduplicated:           32( 11.9%)     33.3K(  0.7%)]
         [Young:                0(  0.0%)      0.0B(  0.0%)]
         [Old:                 32(100.0%)     33.3K(100.0%)]
   [Total Exec: 188/0.5012708 secs, Idle: 188/35.8786467 secs, Blocked: 3/0.0063434 secs]
      [Inspected:           42404]
         [Skipped:            383(  0.9%)]
         [Hashed:           41043( 96.8%)]
         [Known:             4031(  9.5%)]
         [New:              37990( 89.6%)    684.4M]
      [Deduplicated:         2286(  6.0%)     10.9M(  1.6%)]
         [Young:                5(  0.2%)   5200.0B(  0.0%)]
         [Old:               2281( 99.8%)     10.9M(100.0%)]
   [Table]
      [Memory Usage: 1068.7K]
      [Size: 32768, Min: 1024, Max: 16777216]
      [Entries: 34675, Load: 105.8%, Cached: 0, Added: 39714, Removed: 5039]
      [Resize Count: 5, Shrink Threshold: 21845(66.7%), Grow Threshold: 65536(200.0%)]
      [Rehash Count: 1, Rehash Threshold: 120, Hash Seed: 0xc4e8cebb]
      [Age Threshold: 3]
   [Queue]
      [Dropped: 0]
2016-06-27T18:01:10.404+0300: 36.661: [GC concurrent-mark-end, 0.0430622 secs]
2016-06-27T18:01:10.435+0300: 36.693: [GC remark 2016-06-27T18:01:10.436+0300: 36.693: [Finalize Marking, 0.0001531 secs] 2016-06-27T18:01:10.436+0300: 36.693: [GC ref-proc, 0.0000949 secs] 2016-06-27T18:01:10.436+0300: 36.693: [Unloading, 0.0021327 secs], 0.0051930 secs]
 [Times: user=0.00 sys=0.00, real=0.01 secs] 
2016-06-27T18:01:10.441+0300: 36.698: Total time for which application threads were stopped: 0.0072393 seconds, Stopping threads took: 0.0016738 seconds
2016-06-27T18:01:10.442+0300: 36.699: [GC cleanup 668M->668M(713M), 0.0011923 secs]
 [Times: user=0.00 sys=0.00, real=0.00 secs] 
2016-06-27T18:01:10.443+0300: 36.701: Total time for which application threads were stopped: 0.0016790 seconds, Stopping threads took: 0.0000586 seconds
2016-06-27T18:01:10.595+0300: 36.853: [GC pause (G1 Evacuation Pause) (young)
Desired survivor size 2621440 bytes, new threshold 1 (max 15)
- age   1:    5043160 bytes,    5043160 total
, 0.0035765 secs]
   [Parallel Time: 2.7 ms, GC Workers: 4]
      [GC Worker Start (ms): Min: 36852.7, Avg: 36852.7, Max: 36852.7, Diff: 0.0]
      [Ext Root Scanning (ms): Min: 0.4, Avg: 0.5, Max: 0.5, Diff: 0.1, Sum: 1.9]
      [Update RS (ms): Min: 0.5, Avg: 0.6, Max: 0.7, Diff: 0.1, Sum: 2.4]
         [Processed Buffers: Min: 3, Avg: 4.8, Max: 7, Diff: 4, Sum: 19]
      [Scan RS (ms): Min: 0.0, Avg: 0.0, Max: 0.0, Diff: 0.0, Sum: 0.0]
      [Code Root Scanning (ms): Min: 0.0, Avg: 0.0, Max: 0.0, Diff: 0.0, Sum: 0.0]
      [Object Copy (ms): Min: 1.5, Avg: 1.6, Max: 1.6, Diff: 0.2, Sum: 6.2]
      [Termination (ms): Min: 0.0, Avg: 0.0, Max: 0.0, Diff: 0.0, Sum: 0.0]
         [Termination Attempts: Min: 1, Avg: 1.0, Max: 1, Diff: 0, Sum: 4]
      [GC Worker Other (ms): Min: 0.0, Avg: 0.0, Max: 0.0, Diff: 0.0, Sum: 0.1]
      [GC Worker Total (ms): Min: 2.7, Avg: 2.7, Max: 2.7, Diff: 0.0, Sum: 10.6]
      [GC Worker End (ms): Min: 36855.4, Avg: 36855.4, Max: 36855.4, Diff: 0.0]
   [Code Root Fixup: 0.0 ms]
   [Code Root Purge: 0.0 ms]
   [String Dedup Fixup: 0.4 ms, GC Workers: 4]
      [Queue Fixup (ms): Min: 0.0, Avg: 0.0, Max: 0.0, Diff: 0.0, Sum: 0.0]
      [Table Fixup (ms): Min: 0.4, Avg: 0.4, Max: 0.4, Diff: 0.0, Sum: 1.5]
   [Clear CT: 0.0 ms]
   [Other: 0.4 ms]
      [Choose CSet: 0.0 ms]
      [Ref Proc: 0.0 ms]
      [Ref Enq: 0.0 ms]
      [Redirty Cards: 0.0 ms]
      [Humongous Register: 0.0 ms]
      [Humongous Reclaim: 0.0 ms]
      [Free CSet: 0.0 ms]
   [Eden: 30.0M(30.0M)->0.0B(30.0M) Survivors: 5120.0K->5120.0K Heap: 687.5M(713.0M)->663.5M(713.0M)]
 [Times: user=0.06 sys=0.00, real=0.00 secs] 
2016-06-27T18:01:10.599+0300: 36.856: Total time for which application threads were stopped: 0.0071688 seconds, Stopping threads took: 0.0030051 seconds
2016-06-27T18:01:10.602+0300: 36.860: [GC concurrent-string-deduplication, 4824.2K->4763.9K(60.3K), avg 1.6%, 0.0033939 secs]
   [Last Exec: 0.0033939 secs, Idle: 0.2359095 secs, Blocked: 0/0.0000000 secs]
      [Inspected:             282]
         [Skipped:              0(  0.0%)]
         [Hashed:             282(100.0%)]
         [Known:               32( 11.3%)]
         [New:                250( 88.7%)   4824.2K]
      [Deduplicated:            9(  3.6%)     60.3K(  1.3%)]
         [Young:                0(  0.0%)      0.0B(  0.0%)]
         [Old:                  9(100.0%)     60.3K(100.0%)]
   [Total Exec: 189/0.5046646 secs, Idle: 189/36.1145562 secs, Blocked: 3/0.0063434 secs]
      [Inspected:           42686]
         [Skipped:            383(  0.9%)]
         [Hashed:           41325( 96.8%)]
         [Known:             4063(  9.5%)]
         [New:              38240( 89.6%)    689.1M]
      [Deduplicated:         2295(  6.0%)     11.0M(  1.6%)]
         [Young:                5(  0.2%)   5200.0B(  0.0%)]
         [Old:               2290( 99.8%)     11.0M(100.0%)]
   [Table]
      [Memory Usage: 1068.7K]
      [Size: 32768, Min: 1024, Max: 16777216]
      [Entries: 33743, Load: 103.0%, Cached: 932, Added: 39955, Removed: 6212]
      [Resize Count: 5, Shrink Threshold: 21845(66.7%), Grow Threshold: 65536(200.0%)]
      [Rehash Count: 1, Rehash Threshold: 120, Hash Seed: 0xc4e8cebb]
      [Age Threshold: 3]
   [Queue]
      [Dropped: 0]
2016-06-27T18:01:10.850+0300: 37.108: [GC pause (G1 Evacuation Pause) (mixed)
Desired survivor size 2621440 bytes, new threshold 1 (max 15)
- age   1:    5006088 bytes,    5006088 total
, 0.0162244 secs]
   [Parallel Time: 14.8 ms, GC Workers: 4]
      [GC Worker Start (ms): Min: 37107.8, Avg: 37107.8, Max: 37107.8, Diff: 0.0]
      [Ext Root Scanning (ms): Min: 0.4, Avg: 0.5, Max: 0.6, Diff: 0.2, Sum: 1.9]
      [Update RS (ms): Min: 0.4, Avg: 0.5, Max: 0.7, Diff: 0.3, Sum: 2.1]
         [Processed Buffers: Min: 2, Avg: 5.0, Max: 12, Diff: 10, Sum: 20]
      [Scan RS (ms): Min: 1.4, Avg: 1.6, Max: 1.7, Diff: 0.3, Sum: 6.3]
      [Code Root Scanning (ms): Min: 0.0, Avg: 0.0, Max: 0.0, Diff: 0.0, Sum: 0.0]
      [Object Copy (ms): Min: 12.1, Avg: 12.1, Max: 12.1, Diff: 0.1, Sum: 48.5]
      [Termination (ms): Min: 0.0, Avg: 0.0, Max: 0.0, Diff: 0.0, Sum: 0.0]
         [Termination Attempts: Min: 1, Avg: 1.0, Max: 1, Diff: 0, Sum: 4]
      [GC Worker Other (ms): Min: 0.0, Avg: 0.0, Max: 0.0, Diff: 0.0, Sum: 0.0]
      [GC Worker Total (ms): Min: 14.7, Avg: 14.7, Max: 14.7, Diff: 0.0, Sum: 58.9]
      [GC Worker End (ms): Min: 37122.5, Avg: 37122.5, Max: 37122.5, Diff: 0.0]
   [Code Root Fixup: 0.0 ms]
   [Code Root Purge: 0.0 ms]
   [String Dedup Fixup: 0.5 ms, GC Workers: 4]
      [Queue Fixup (ms): Min: 0.0, Avg: 0.0, Max: 0.0, Diff: 0.0, Sum: 0.0]
      [Table Fixup (ms): Min: 0.5, Avg: 0.5, Max: 0.5, Diff: 0.0, Sum: 2.1]
   [Clear CT: 0.1 ms]
   [Other: 0.8 ms]
      [Choose CSet: 0.1 ms]
      [Ref Proc: 0.1 ms]
      [Ref Enq: 0.0 ms]
      [Redirty Cards: 0.0 ms]
      [Humongous Register: 0.0 ms]
      [Humongous Reclaim: 0.0 ms]
      [Free CSet: 0.3 ms]
   [Eden: 30.0M(30.0M)->0.0B(32.0M) Survivors: 5120.0K->5120.0K Heap: 693.5M(713.0M)->646.0M(753.0M)]
 [Times: user=0.02 sys=0.05, real=0.02 secs] 
2016-06-27T18:01:10.867+0300: 37.124: Total time for which application threads were stopped: 0.0183844 seconds, Stopping threads took: 0.0015887 seconds
2016-06-27T18:01:10.870+0300: 37.128: [GC concurrent-string-deduplication, 4888.9K->4743.7K(145.2K), avg 1.6%, 0.0034785 secs]
   [Last Exec: 0.0034785 secs, Idle: 0.2641535 secs, Blocked: 0/0.0000000 secs]
      [Inspected:             250]
         [Skipped:              1(  0.4%)]
         [Hashed:             249( 99.6%)]
         [Known:                0(  0.0%)]
         [New:                249( 99.6%)   4888.9K]
      [Deduplicated:           12(  4.8%)    145.2K(  3.0%)]
         [Young:                0(  0.0%)      0.0B(  0.0%)]
         [Old:                 12(100.0%)    145.2K(100.0%)]
   [Total Exec: 190/0.5081432 secs, Idle: 190/36.3787097 secs, Blocked: 3/0.0063434 secs]
      [Inspected:           42936]
         [Skipped:            384(  0.9%)]
         [Hashed:           41574( 96.8%)]
         [Known:             4063(  9.5%)]
         [New:              38489( 89.6%)    693.9M]
      [Deduplicated:         2307(  6.0%)     11.1M(  1.6%)]
         [Young:                5(  0.2%)   5200.0B(  0.0%)]
         [Old:               2302( 99.8%)     11.1M(100.0%)]
   [Table]
      [Memory Usage: 1068.7K]
      [Size: 32768, Min: 1024, Max: 16777216]
      [Entries: 33980, Load: 103.7%, Cached: 695, Added: 40192, Removed: 6212]
      [Resize Count: 5, Shrink Threshold: 21845(66.7%), Grow Threshold: 65536(200.0%)]
      [Rehash Count: 1, Rehash Threshold: 120, Hash Seed: 0xc4e8cebb]
      [Age Threshold: 3]
   [Queue]
      [Dropped: 0]
2016-06-27T18:01:11.072+0300: 37.329: Total time for which application threads were stopped: 0.0031090 seconds, Stopping threads took: 0.0027759 seconds
2016-06-27T18:01:11.112+0300: 37.369: Total time for which application threads were stopped: 0.0052490 seconds, Stopping threads took: 0.0034969 seconds
2016-06-27T18:01:11.119+0300: 37.377: [GC pause (G1 Evacuation Pause) (mixed)
Desired survivor size 2621440 bytes, new threshold 1 (max 15)
- age   1:    4829888 bytes,    4829888 total
, 0.0110925 secs]
   [Parallel Time: 10.0 ms, GC Workers: 4]
      [GC Worker Start (ms): Min: 37376.9, Avg: 37377.3, Max: 37377.7, Diff: 0.8]
      [Ext Root Scanning (ms): Min: 0.3, Avg: 0.9, Max: 1.2, Diff: 0.8, Sum: 3.5]
      [Update RS (ms): Min: 4.5, Avg: 5.1, Max: 5.5, Diff: 1.0, Sum: 20.4]
         [Processed Buffers: Min: 7, Avg: 9.8, Max: 18, Diff: 11, Sum: 39]
      [Scan RS (ms): Min: 0.2, Avg: 0.5, Max: 0.6, Diff: 0.4, Sum: 2.0]
      [Code Root Scanning (ms): Min: 0.0, Avg: 0.0, Max: 0.0, Diff: 0.0, Sum: 0.0]
      [Object Copy (ms): Min: 3.0, Avg: 3.1, Max: 3.2, Diff: 0.2, Sum: 12.2]
      [Termination (ms): Min: 0.0, Avg: 0.0, Max: 0.0, Diff: 0.0, Sum: 0.0]
         [Termination Attempts: Min: 1, Avg: 1.3, Max: 2, Diff: 1, Sum: 5]
      [GC Worker Other (ms): Min: 0.0, Avg: 0.0, Max: 0.0, Diff: 0.0, Sum: 0.1]
      [GC Worker Total (ms): Min: 9.2, Avg: 9.6, Max: 10.0, Diff: 0.8, Sum: 38.3]
      [GC Worker End (ms): Min: 37386.9, Avg: 37386.9, Max: 37386.9, Diff: 0.0]
   [Code Root Fixup: 0.0 ms]
   [Code Root Purge: 0.0 ms]
   [String Dedup Fixup: 0.4 ms, GC Workers: 4]
      [Queue Fixup (ms): Min: 0.0, Avg: 0.0, Max: 0.0, Diff: 0.0, Sum: 0.0]
      [Table Fixup (ms): Min: 0.4, Avg: 0.4, Max: 0.4, Diff: 0.0, Sum: 1.6]
   [Clear CT: 0.1 ms]
   [Other: 0.5 ms]
      [Choose CSet: 0.0 ms]
      [Ref Proc: 0.1 ms]
      [Ref Enq: 0.0 ms]
      [Redirty Cards: 0.0 ms]
      [Humongous Register: 0.0 ms]
      [Humongous Reclaim: 0.0 ms]
      [Free CSet: 0.1 ms]
   [Eden: 32.0M(32.0M)->0.0B(32.0M) Survivors: 5120.0K->5120.0K Heap: 678.0M(753.0M)->649.5M(753.0M)]
 [Times: user=0.06 sys=0.00, real=0.01 secs] 
2016-06-27T18:01:11.131+0300: 37.388: Total time for which application threads were stopped: 0.0116963 seconds, Stopping threads took: 0.0000530 seconds
2016-06-27T18:01:11.134+0300: 37.392: [GC concurrent-string-deduplication, 4945.9K->4803.8K(142.1K), avg 1.6%, 0.0036428 secs]
   [Last Exec: 0.0036428 secs, Idle: 0.2605163 secs, Blocked: 0/0.0000000 secs]
      [Inspected:             249]
         [Skipped:              0(  0.0%)]
         [Hashed:             249(100.0%)]
         [Known:                0(  0.0%)]
         [New:                249(100.0%)   4945.9K]
      [Deduplicated:            9(  3.6%)    142.1K(  2.9%)]
         [Young:                0(  0.0%)      0.0B(  0.0%)]
         [Old:                  9(100.0%)    142.1K(100.0%)]
   [Total Exec: 191/0.5117859 secs, Idle: 191/36.6392261 secs, Blocked: 3/0.0063434 secs]
      [Inspected:           43185]
         [Skipped:            384(  0.9%)]
         [Hashed:           41823( 96.8%)]
         [Known:             4063(  9.4%)]
         [New:              38738( 89.7%)    698.7M]
      [Deduplicated:         2316(  6.0%)     11.3M(  1.6%)]
         [Young:                5(  0.2%)   5200.0B(  0.0%)]
         [Old:               2311( 99.8%)     11.3M(100.0%)]
   [Table]
      [Memory Usage: 1068.7K]
      [Size: 32768, Min: 1024, Max: 16777216]
      [Entries: 34385, Load: 104.9%, Cached: 290, Added: 40597, Removed: 6212]
      [Resize Count: 5, Shrink Threshold: 21845(66.7%), Grow Threshold: 65536(200.0%)]
      [Rehash Count: 1, Rehash Threshold: 120, Hash Seed: 0xc4e8cebb]
      [Age Threshold: 3]
   [Queue]
      [Dropped: 0]
2016-06-27T18:01:11.388+0300: 37.646: [GC pause (G1 Evacuation Pause) (young)
Desired survivor size 2621440 bytes, new threshold 1 (max 15)
- age   1:    5144792 bytes,    5144792 total
, 0.0054902 secs]
   [Parallel Time: 4.4 ms, GC Workers: 4]
      [GC Worker Start (ms): Min: 37645.7, Avg: 37645.7, Max: 37645.7, Diff: 0.0]
      [Ext Root Scanning (ms): Min: 0.4, Avg: 0.5, Max: 0.6, Diff: 0.1, Sum: 1.9]
      [Update RS (ms): Min: 2.1, Avg: 2.2, Max: 2.3, Diff: 0.2, Sum: 8.9]
         [Processed Buffers: Min: 2, Avg: 11.3, Max: 17, Diff: 15, Sum: 45]
      [Scan RS (ms): Min: 0.0, Avg: 0.0, Max: 0.0, Diff: 0.0, Sum: 0.0]
      [Code Root Scanning (ms): Min: 0.0, Avg: 0.0, Max: 0.0, Diff: 0.0, Sum: 0.0]
      [Object Copy (ms): Min: 1.6, Avg: 1.6, Max: 1.6, Diff: 0.1, Sum: 6.5]
      [Termination (ms): Min: 0.0, Avg: 0.0, Max: 0.0, Diff: 0.0, Sum: 0.0]
         [Termination Attempts: Min: 1, Avg: 1.0, Max: 1, Diff: 0, Sum: 4]
      [GC Worker Other (ms): Min: 0.0, Avg: 0.0, Max: 0.1, Diff: 0.0, Sum: 0.2]
      [GC Worker Total (ms): Min: 4.4, Avg: 4.4, Max: 4.4, Diff: 0.0, Sum: 17.5]
      [GC Worker End (ms): Min: 37650.1, Avg: 37650.1, Max: 37650.1, Diff: 0.0]
   [Code Root Fixup: 0.0 ms]
   [Code Root Purge: 0.0 ms]
   [String Dedup Fixup: 0.5 ms, GC Workers: 4]
      [Queue Fixup (ms): Min: 0.0, Avg: 0.0, Max: 0.0, Diff: 0.0, Sum: 0.0]
      [Table Fixup (ms): Min: 0.5, Avg: 0.5, Max: 0.5, Diff: 0.0, Sum: 2.0]
   [Clear CT: 0.0 ms]
   [Other: 0.5 ms]
      [Choose CSet: 0.0 ms]
      [Ref Proc: 0.1 ms]
      [Ref Enq: 0.0 ms]
      [Redirty Cards: 0.0 ms]
      [Humongous Register: 0.0 ms]
      [Humongous Reclaim: 0.0 ms]
      [Free CSet: 0.1 ms]
   [Eden: 32.0M(32.0M)->0.0B(32.0M) Survivors: 5120.0K->5120.0K Heap: 681.5M(753.0M)->656.0M(753.0M)]
 [Times: user=0.00 sys=0.00, real=0.01 secs] 
2016-06-27T18:01:11.394+0300: 37.651: Total time for which application threads were stopped: 0.0091090 seconds, Stopping threads took: 0.0030282 seconds
2016-06-27T18:01:11.397+0300: 37.655: [GC concurrent-string-deduplication, 5017.5K->4774.1K(243.4K), avg 1.6%, 0.0036577 secs]
   [Last Exec: 0.0036577 secs, Idle: 0.2594032 secs, Blocked: 0/0.0000000 secs]
      [Inspected:             594]
         [Skipped:             15(  2.5%)]
         [Hashed:             579( 97.5%)]
         [Known:              168( 28.3%)]
         [New:                411( 69.2%)   5017.5K]
      [Deduplicated:           83( 20.2%)    243.4K(  4.9%)]
         [Young:                0(  0.0%)      0.0B(  0.0%)]
         [Old:                 83(100.0%)    243.4K(100.0%)]
   [Total Exec: 192/0.5154437 secs, Idle: 192/36.8986292 secs, Blocked: 3/0.0063434 secs]
      [Inspected:           43779]
         [Skipped:            399(  0.9%)]
         [Hashed:           42402( 96.9%)]
         [Known:             4231(  9.7%)]
         [New:              39149( 89.4%)    703.6M]
      [Deduplicated:         2399(  6.1%)     11.5M(  1.6%)]
         [Young:                5(  0.2%)   5200.0B(  0.0%)]
         [Old:               2394( 99.8%)     11.5M(100.0%)]
   [Table]
      [Memory Usage: 1069.6K]
      [Size: 32768, Min: 1024, Max: 16777216]
      [Entries: 34713, Load: 105.9%, Cached: 0, Added: 40925, Removed: 6212]
      [Resize Count: 5, Shrink Threshold: 21845(66.7%), Grow Threshold: 65536(200.0%)]
      [Rehash Count: 1, Rehash Threshold: 120, Hash Seed: 0xc4e8cebb]
      [Age Threshold: 3]
   [Queue]
      [Dropped: 0]
2016-06-27T18:01:11.665+0300: 37.923: [GC pause (G1 Evacuation Pause) (young) (initial-mark)
Desired survivor size 2621440 bytes, new threshold 1 (max 15)
- age   1:    5106784 bytes,    5106784 total
, 0.0037313 secs]
   [Parallel Time: 2.8 ms, GC Workers: 4]
      [GC Worker Start (ms): Min: 37922.7, Avg: 37922.7, Max: 37922.8, Diff: 0.0]
      [Ext Root Scanning (ms): Min: 0.5, Avg: 0.5, Max: 0.6, Diff: 0.1, Sum: 2.2]
      [Update RS (ms): Min: 0.5, Avg: 0.6, Max: 0.7, Diff: 0.2, Sum: 2.2]
         [Processed Buffers: Min: 4, Avg: 6.3, Max: 10, Diff: 6, Sum: 25]
      [Scan RS (ms): Min: 0.0, Avg: 0.0, Max: 0.0, Diff: 0.0, Sum: 0.0]
      [Code Root Scanning (ms): Min: 0.0, Avg: 0.0, Max: 0.0, Diff: 0.0, Sum: 0.0]
      [Object Copy (ms): Min: 1.5, Avg: 1.6, Max: 1.7, Diff: 0.2, Sum: 6.3]
      [Termination (ms): Min: 0.0, Avg: 0.0, Max: 0.0, Diff: 0.0, Sum: 0.0]
         [Termination Attempts: Min: 1, Avg: 1.0, Max: 1, Diff: 0, Sum: 4]
      [GC Worker Other (ms): Min: 0.0, Avg: 0.0, Max: 0.0, Diff: 0.0, Sum: 0.1]
      [GC Worker Total (ms): Min: 2.7, Avg: 2.7, Max: 2.7, Diff: 0.0, Sum: 10.8]
      [GC Worker End (ms): Min: 37925.5, Avg: 37925.5, Max: 37925.5, Diff: 0.0]
   [Code Root Fixup: 0.0 ms]
   [Code Root Purge: 0.0 ms]
   [String Dedup Fixup: 0.4 ms, GC Workers: 4]
      [Queue Fixup (ms): Min: 0.0, Avg: 0.0, Max: 0.0, Diff: 0.0, Sum: 0.0]
      [Table Fixup (ms): Min: 0.4, Avg: 0.4, Max: 0.4, Diff: 0.0, Sum: 1.6]
   [Clear CT: 0.0 ms]
   [Other: 0.5 ms]
      [Choose CSet: 0.0 ms]
      [Ref Proc: 0.0 ms]
      [Ref Enq: 0.0 ms]
      [Redirty Cards: 0.0 ms]
      [Humongous Register: 0.0 ms]
      [Humongous Reclaim: 0.0 ms]
      [Free CSet: 0.0 ms]
   [Eden: 32.0M(32.0M)->0.0B(32.0M) Survivors: 5120.0K->5120.0K Heap: 688.0M(753.0M)->662.0M(753.0M)]
 [Times: user=0.00 sys=0.00, real=0.00 secs] 
2016-06-27T18:01:11.669+0300: 37.926: [GC concurrent-root-region-scan-start]
2016-06-27T18:01:11.669+0300: 37.926: Total time for which application threads were stopped: 0.0060252 seconds, Stopping threads took: 0.0017089 seconds
2016-06-27T18:01:11.670+0300: 37.927: [GC concurrent-root-region-scan-end, 0.0005132 secs]
2016-06-27T18:01:11.670+0300: 37.927: [GC concurrent-mark-start]
2016-06-27T18:01:11.673+0300: 37.930: [GC concurrent-string-deduplication, 5305.2K->5164.0K(141.1K), avg 1.6%, 0.0037300 secs]
   [Last Exec: 0.0037300 secs, Idle: 0.2714793 secs, Blocked: 0/0.0000000 secs]
      [Inspected:             266]
         [Skipped:              0(  0.0%)]
         [Hashed:             266(100.0%)]
         [Known:                0(  0.0%)]
         [New:                266(100.0%)   5305.2K]
      [Deduplicated:            8(  3.0%)    141.1K(  2.7%)]
         [Young:                0(  0.0%)      0.0B(  0.0%)]
         [Old:                  8(100.0%)    141.1K(100.0%)]
   [Total Exec: 193/0.5191737 secs, Idle: 193/37.1701085 secs, Blocked: 3/0.0063434 secs]
      [Inspected:           44045]
         [Skipped:            399(  0.9%)]
         [Hashed:           42668( 96.9%)]
         [Known:             4231(  9.6%)]
         [New:              39415( 89.5%)    708.8M]
      [Deduplicated:         2407(  6.1%)     11.7M(  1.6%)]
         [Young:                5(  0.2%)   5200.0B(  0.0%)]
         [Old:               2402( 99.8%)     11.7M(100.0%)]
   [Table]
      [Memory Usage: 1075.6K]
      [Size: 32768, Min: 1024, Max: 16777216]
      [Entries: 34971, Load: 106.7%, Cached: 0, Added: 41183, Removed: 6212]
      [Resize Count: 5, Shrink Threshold: 21845(66.7%), Grow Threshold: 65536(200.0%)]
      [Rehash Count: 1, Rehash Threshold: 120, Hash Seed: 0xc4e8cebb]
      [Age Threshold: 3]
   [Queue]
      [Dropped: 0]
2016-06-27T18:01:11.712+0300: 37.969: [GC concurrent-mark-end, 0.0417510 secs]
2016-06-27T18:01:11.746+0300: 38.004: [GC remark 2016-06-27T18:01:11.747+0300: 38.004: [Finalize Marking, 0.0002519 secs] 2016-06-27T18:01:11.747+0300: 38.004: [GC ref-proc, 0.0000984 secs] 2016-06-27T18:01:11.747+0300: 38.004: [Unloading, 0.0023743 secs], 0.0056207 secs]
 [Times: user=0.00 sys=0.00, real=0.01 secs] 
2016-06-27T18:01:11.752+0300: 38.009: Total time for which application threads were stopped: 0.0086583 seconds, Stopping threads took: 0.0026143 seconds
2016-06-27T18:01:11.922+0300: 38.179: [GC pause (G1 Evacuation Pause) (young)
Desired survivor size 2621440 bytes, new threshold 1 (max 15)
- age   1:    4990896 bytes,    4990896 total
, 0.0035423 secs]
   [Parallel Time: 2.6 ms, GC Workers: 4]
      [GC Worker Start (ms): Min: 38179.2, Avg: 38179.2, Max: 38179.2, Diff: 0.0]
      [Ext Root Scanning (ms): Min: 0.4, Avg: 0.5, Max: 0.5, Diff: 0.1, Sum: 1.9]
      [Update RS (ms): Min: 0.4, Avg: 0.6, Max: 0.6, Diff: 0.2, Sum: 2.2]
         [Processed Buffers: Min: 1, Avg: 5.0, Max: 14, Diff: 13, Sum: 20]
      [Scan RS (ms): Min: 0.0, Avg: 0.0, Max: 0.0, Diff: 0.0, Sum: 0.0]
      [Code Root Scanning (ms): Min: 0.0, Avg: 0.0, Max: 0.0, Diff: 0.0, Sum: 0.0]
      [Object Copy (ms): Min: 1.5, Avg: 1.5, Max: 1.6, Diff: 0.1, Sum: 6.1]
      [Termination (ms): Min: 0.0, Avg: 0.0, Max: 0.0, Diff: 0.0, Sum: 0.0]
         [Termination Attempts: Min: 1, Avg: 1.0, Max: 1, Diff: 0, Sum: 4]
      [GC Worker Other (ms): Min: 0.0, Avg: 0.0, Max: 0.0, Diff: 0.0, Sum: 0.1]
      [GC Worker Total (ms): Min: 2.6, Avg: 2.6, Max: 2.6, Diff: 0.0, Sum: 10.3]
      [GC Worker End (ms): Min: 38181.8, Avg: 38181.8, Max: 38181.8, Diff: 0.0]
   [Code Root Fixup: 0.0 ms]
   [Code Root Purge: 0.0 ms]
   [String Dedup Fixup: 0.4 ms, GC Workers: 4]
      [Queue Fixup (ms): Min: 0.0, Avg: 0.0, Max: 0.0, Diff: 0.0, Sum: 0.0]
      [Table Fixup (ms): Min: 0.4, Avg: 0.4, Max: 0.4, Diff: 0.0, Sum: 1.6]
   [Clear CT: 0.1 ms]
   [Other: 0.4 ms]
      [Choose CSet: 0.0 ms]
      [Ref Proc: 0.1 ms]
      [Ref Enq: 0.0 ms]
      [Redirty Cards: 0.0 ms]
      [Humongous Register: 0.0 ms]
      [Humongous Reclaim: 0.0 ms]
      [Free CSet: 0.0 ms]
   [Eden: 32.0M(32.0M)->0.0B(32.0M) Survivors: 5120.0K->5120.0K Heap: 694.0M(753.0M)->668.5M(753.0M)]
 [Times: user=0.00 sys=0.00, real=0.00 secs] 
2016-06-27T18:01:11.926+0300: 38.183: Total time for which application threads were stopped: 0.0084812 seconds, Stopping threads took: 0.0042847 seconds
2016-06-27T18:01:11.926+0300: 38.184: [GC cleanup 668M->668M(753M), 0.0018355 secs]
 [Times: user=0.00 sys=0.00, real=0.00 secs] 
2016-06-27T18:01:11.928+0300: 38.186: Total time for which application threads were stopped: 0.0022764 seconds, Stopping threads took: 0.0000624 seconds
2016-06-27T18:01:11.931+0300: 38.189: [GC concurrent-string-deduplication, 4823.8K->4623.6K(200.2K), avg 1.7%, 0.0032848 secs]
   [Last Exec: 0.0032848 secs, Idle: 0.2526475 secs, Blocked: 1/0.0023046 secs]
      [Inspected:             241]
         [Skipped:              0(  0.0%)]
         [Hashed:             241(100.0%)]
         [Known:                0(  0.0%)]
         [New:                241(100.0%)   4823.8K]
      [Deduplicated:           10(  4.1%)    200.2K(  4.1%)]
         [Young:                0(  0.0%)      0.0B(  0.0%)]
         [Old:                 10(100.0%)    200.2K(100.0%)]
   [Total Exec: 194/0.5224585 secs, Idle: 194/37.4227560 secs, Blocked: 4/0.0086480 secs]
      [Inspected:           44286]
         [Skipped:            399(  0.9%)]
         [Hashed:           42909( 96.9%)]
         [Known:             4231(  9.6%)]
         [New:              39656( 89.5%)    713.5M]
      [Deduplicated:         2417(  6.1%)     11.9M(  1.7%)]
         [Young:                5(  0.2%)   5200.0B(  0.0%)]
         [Old:               2412( 99.8%)     11.8M(100.0%)]
   [Table]
      [Memory Usage: 1075.6K]
      [Size: 32768, Min: 1024, Max: 16777216]
      [Entries: 34907, Load: 106.5%, Cached: 64, Added: 41414, Removed: 6507]
      [Resize Count: 5, Shrink Threshold: 21845(66.7%), Grow Threshold: 65536(200.0%)]
      [Rehash Count: 1, Rehash Threshold: 120, Hash Seed: 0xc4e8cebb]
      [Age Threshold: 3]
   [Queue]
      [Dropped: 0]
2016-06-27T18:01:12.205+0300: 38.462: [GC pause (G1 Evacuation Pause) (young)
Desired survivor size 2621440 bytes, new threshold 1 (max 15)
- age   1:    5110712 bytes,    5110712 total
, 0.0036937 secs]
   [Parallel Time: 2.7 ms, GC Workers: 4]
      [GC Worker Start (ms): Min: 38462.2, Avg: 38462.2, Max: 38462.2, Diff: 0.0]
      [Ext Root Scanning (ms): Min: 0.4, Avg: 0.5, Max: 0.5, Diff: 0.1, Sum: 1.9]
      [Update RS (ms): Min: 0.5, Avg: 0.6, Max: 0.8, Diff: 0.2, Sum: 2.5]
         [Processed Buffers: Min: 3, Avg: 5.5, Max: 8, Diff: 5, Sum: 22]
      [Scan RS (ms): Min: 0.0, Avg: 0.0, Max: 0.0, Diff: 0.0, Sum: 0.0]
      [Code Root Scanning (ms): Min: 0.0, Avg: 0.0, Max: 0.0, Diff: 0.0, Sum: 0.0]
      [Object Copy (ms): Min: 1.4, Avg: 1.5, Max: 1.7, Diff: 0.3, Sum: 6.2]
      [Termination (ms): Min: 0.0, Avg: 0.0, Max: 0.0, Diff: 0.0, Sum: 0.0]
         [Termination Attempts: Min: 1, Avg: 1.0, Max: 1, Diff: 0, Sum: 4]
      [GC Worker Other (ms): Min: 0.0, Avg: 0.0, Max: 0.0, Diff: 0.0, Sum: 0.1]
      [GC Worker Total (ms): Min: 2.7, Avg: 2.7, Max: 2.7, Diff: 0.0, Sum: 10.7]
      [GC Worker End (ms): Min: 38464.9, Avg: 38464.9, Max: 38464.9, Diff: 0.0]
   [Code Root Fixup: 0.0 ms]
   [Code Root Purge: 0.0 ms]
   [String Dedup Fixup: 0.5 ms, GC Workers: 4]
      [Queue Fixup (ms): Min: 0.0, Avg: 0.0, Max: 0.0, Diff: 0.0, Sum: 0.0]
      [Table Fixup (ms): Min: 0.4, Avg: 0.4, Max: 0.4, Diff: 0.1, Sum: 1.7]
   [Clear CT: 0.0 ms]
   [Other: 0.5 ms]
      [Choose CSet: 0.0 ms]
      [Ref Proc: 0.1 ms]
      [Ref Enq: 0.0 ms]
      [Redirty Cards: 0.0 ms]
      [Humongous Register: 0.0 ms]
      [Humongous Reclaim: 0.0 ms]
      [Free CSet: 0.1 ms]
   [Eden: 32.0M(32.0M)->0.0B(32.0M) Survivors: 5120.0K->5120.0K Heap: 700.5M(753.0M)->675.0M(753.0M)]
 [Times: user=0.06 sys=0.00, real=0.00 secs] 
2016-06-27T18:01:12.209+0300: 38.466: Total time for which application threads were stopped: 0.0152010 seconds, Stopping threads took: 0.0109236 seconds
2016-06-27T18:01:12.212+0300: 38.470: [GC concurrent-string-deduplication, 5208.1K->5023.9K(184.2K), avg 1.7%, 0.0036355 secs]
   [Last Exec: 0.0036355 secs, Idle: 0.2773338 secs, Blocked: 0/0.0000000 secs]
      [Inspected:             269]
         [Skipped:              5(  1.9%)]
         [Hashed:             264( 98.1%)]
         [Known:                0(  0.0%)]
         [New:                264( 98.1%)   5208.1K]
      [Deduplicated:           13(  4.9%)    184.2K(  3.5%)]
         [Young:                0(  0.0%)      0.0B(  0.0%)]
         [Old:                 13(100.0%)    184.2K(100.0%)]
   [Total Exec: 195/0.5260940 secs, Idle: 195/37.7000899 secs, Blocked: 4/0.0086480 secs]
      [Inspected:           44555]
         [Skipped:            404(  0.9%)]
         [Hashed:           43173( 96.9%)]
         [Known:             4231(  9.5%)]
         [New:              39920( 89.6%)    718.6M]
      [Deduplicated:         2430(  6.1%)     12.0M(  1.7%)]
         [Young:                5(  0.2%)   5200.0B(  0.0%)]
         [Old:               2425( 99.8%)     12.0M(100.0%)]
   [Table]
      [Memory Usage: 1080.0K]
      [Size: 32768, Min: 1024, Max: 16777216]
      [Entries: 35158, Load: 107.3%, Cached: 0, Added: 41665, Removed: 6507]
      [Resize Count: 5, Shrink Threshold: 21845(66.7%), Grow Threshold: 65536(200.0%)]
      [Rehash Count: 1, Rehash Threshold: 120, Hash Seed: 0xc4e8cebb]
      [Age Threshold: 3]
   [Queue]
      [Dropped: 0]
2016-06-27T18:01:12.482+0300: 38.739: [GC pause (G1 Evacuation Pause) (mixed)
Desired survivor size 2621440 bytes, new threshold 1 (max 15)
- age   1:    4984488 bytes,    4984488 total
, 0.0095204 secs]
   [Parallel Time: 8.2 ms, GC Workers: 4]
      [GC Worker Start (ms): Min: 38739.1, Avg: 38739.1, Max: 38739.2, Diff: 0.0]
      [Ext Root Scanning (ms): Min: 0.6, Avg: 0.6, Max: 0.7, Diff: 0.1, Sum: 2.4]
      [Update RS (ms): Min: 0.5, Avg: 0.6, Max: 0.6, Diff: 0.1, Sum: 2.3]
         [Processed Buffers: Min: 4, Avg: 6.5, Max: 11, Diff: 7, Sum: 26]
      [Scan RS (ms): Min: 1.0, Avg: 1.0, Max: 1.1, Diff: 0.1, Sum: 4.2]
      [Code Root Scanning (ms): Min: 0.0, Avg: 0.0, Max: 0.0, Diff: 0.0, Sum: 0.0]
      [Object Copy (ms): Min: 6.0, Avg: 6.0, Max: 6.0, Diff: 0.0, Sum: 23.9]
      [Termination (ms): Min: 0.0, Avg: 0.0, Max: 0.0, Diff: 0.0, Sum: 0.0]
         [Termination Attempts: Min: 1, Avg: 1.0, Max: 1, Diff: 0, Sum: 4]
      [GC Worker Other (ms): Min: 0.0, Avg: 0.0, Max: 0.0, Diff: 0.0, Sum: 0.1]
      [GC Worker Total (ms): Min: 8.2, Avg: 8.2, Max: 8.2, Diff: 0.0, Sum: 32.8]
      [GC Worker End (ms): Min: 38747.3, Avg: 38747.3, Max: 38747.4, Diff: 0.0]
   [Code Root Fixup: 0.0 ms]
   [Code Root Purge: 0.0 ms]
   [String Dedup Fixup: 0.5 ms, GC Workers: 4]
      [Queue Fixup (ms): Min: 0.0, Avg: 0.0, Max: 0.0, Diff: 0.0, Sum: 0.0]
      [Table Fixup (ms): Min: 0.4, Avg: 0.4, Max: 0.4, Diff: 0.0, Sum: 1.8]
   [Clear CT: 0.2 ms]
   [Other: 0.6 ms]
      [Choose CSet: 0.1 ms]
      [Ref Proc: 0.1 ms]
      [Ref Enq: 0.0 ms]
      [Redirty Cards: 0.0 ms]
      [Humongous Register: 0.0 ms]
      [Humongous Reclaim: 0.0 ms]
      [Free CSet: 0.2 ms]
   [Eden: 32.0M(32.0M)->0.0B(32.0M) Survivors: 5120.0K->5120.0K Heap: 707.0M(753.0M)->669.5M(753.0M)]
 [Times: user=0.06 sys=0.00, real=0.01 secs] 
2016-06-27T18:01:12.491+0300: 38.749: Total time for which application threads were stopped: 0.0139351 seconds, Stopping threads took: 0.0038177 seconds
2016-06-27T18:01:12.495+0300: 38.753: [GC concurrent-string-deduplication, 5448.3K->5284.1K(164.2K), avg 1.7%, 0.0038805 secs]
   [Last Exec: 0.0038805 secs, Idle: 0.2790500 secs, Blocked: 0/0.0000000 secs]
      [Inspected:             276]
         [Skipped:              0(  0.0%)]
         [Hashed:             276(100.0%)]
         [Known:                0(  0.0%)]
         [New:                276(100.0%)   5448.3K]
      [Deduplicated:           12(  4.3%)    164.2K(  3.0%)]
         [Young:                0(  0.0%)      0.0B(  0.0%)]
         [Old:                 12(100.0%)    164.2K(100.0%)]
   [Total Exec: 196/0.5299745 secs, Idle: 196/37.9791399 secs, Blocked: 4/0.0086480 secs]
      [Inspected:           44831]
         [Skipped:            404(  0.9%)]
         [Hashed:           43449( 96.9%)]
         [Known:             4231(  9.4%)]
         [New:              40196( 89.7%)    723.9M]
      [Deduplicated:         2442(  6.1%)     12.2M(  1.7%)]
         [Young:                5(  0.2%)   5200.0B(  0.0%)]
         [Old:               2437( 99.8%)     12.2M(100.0%)]
   [Table]
      [Memory Usage: 1086.2K]
      [Size: 32768, Min: 1024, Max: 16777216]
      [Entries: 35422, Load: 108.1%, Cached: 0, Added: 41929, Removed: 6507]
      [Resize Count: 5, Shrink Threshold: 21845(66.7%), Grow Threshold: 65536(200.0%)]
      [Rehash Count: 1, Rehash Threshold: 120, Hash Seed: 0xc4e8cebb]
      [Age Threshold: 3]
   [Queue]
      [Dropped: 0]
2016-06-27T18:01:12.756+0300: 39.013: [GC pause (G1 Evacuation Pause) (young)
Desired survivor size 2621440 bytes, new threshold 1 (max 15)
- age   1:    4672864 bytes,    4672864 total
, 0.0069340 secs]
   [Parallel Time: 6.0 ms, GC Workers: 4]
      [GC Worker Start (ms): Min: 39013.6, Avg: 39013.6, Max: 39013.6, Diff: 0.0]
      [Ext Root Scanning (ms): Min: 0.5, Avg: 0.5, Max: 0.6, Diff: 0.1, Sum: 2.0]
      [Update RS (ms): Min: 3.8, Avg: 3.8, Max: 3.9, Diff: 0.1, Sum: 15.4]
         [Processed Buffers: Min: 6, Avg: 9.3, Max: 14, Diff: 8, Sum: 37]
      [Scan RS (ms): Min: 0.0, Avg: 0.0, Max: 0.0, Diff: 0.0, Sum: 0.0]
      [Code Root Scanning (ms): Min: 0.0, Avg: 0.0, Max: 0.0, Diff: 0.0, Sum: 0.0]
      [Object Copy (ms): Min: 1.5, Avg: 1.5, Max: 1.6, Diff: 0.1, Sum: 6.2]
      [Termination (ms): Min: 0.0, Avg: 0.0, Max: 0.0, Diff: 0.0, Sum: 0.0]
         [Termination Attempts: Min: 1, Avg: 1.0, Max: 1, Diff: 0, Sum: 4]
      [GC Worker Other (ms): Min: 0.0, Avg: 0.0, Max: 0.0, Diff: 0.0, Sum: 0.0]
      [GC Worker Total (ms): Min: 5.9, Avg: 5.9, Max: 5.9, Diff: 0.0, Sum: 23.7]
      [GC Worker End (ms): Min: 39019.5, Avg: 39019.5, Max: 39019.5, Diff: 0.0]
   [Code Root Fixup: 0.0 ms]
   [Code Root Purge: 0.0 ms]
   [String Dedup Fixup: 0.4 ms, GC Workers: 4]
      [Queue Fixup (ms): Min: 0.0, Avg: 0.0, Max: 0.0, Diff: 0.0, Sum: 0.0]
      [Table Fixup (ms): Min: 0.4, Avg: 0.4, Max: 0.4, Diff: 0.0, Sum: 1.6]
   [Clear CT: 0.0 ms]
   [Other: 0.5 ms]
      [Choose CSet: 0.0 ms]
      [Ref Proc: 0.2 ms]
      [Ref Enq: 0.0 ms]
      [Redirty Cards: 0.0 ms]
      [Humongous Register: 0.0 ms]
      [Humongous Reclaim: 0.0 ms]
      [Free CSet: 0.0 ms]
   [Eden: 32.0M(32.0M)->0.0B(32.0M) Survivors: 5120.0K->5120.0K Heap: 701.5M(753.0M)->676.0M(753.0M)]
 [Times: user=0.00 sys=0.00, real=0.01 secs] 
2016-06-27T18:01:12.763+0300: 39.021: Total time for which application threads were stopped: 0.0124144 seconds, Stopping threads took: 0.0048641 seconds
2016-06-27T18:01:12.766+0300: 39.024: [GC concurrent-string-deduplication, 4704.7K->4643.6K(61.1K), avg 1.7%, 0.0032840 secs]
   [Last Exec: 0.0032840 secs, Idle: 0.2679207 secs, Blocked: 0/0.0000000 secs]
      [Inspected:             236]
         [Skipped:              0(  0.0%)]
         [Hashed:             236(100.0%)]
         [Known:                0(  0.0%)]
         [New:                236(100.0%)   4704.7K]
      [Deduplicated:            4(  1.7%)     61.1K(  1.3%)]
         [Young:                0(  0.0%)      0.0B(  0.0%)]
         [Old:                  4(100.0%)     61.1K(100.0%)]
   [Total Exec: 197/0.5332585 secs, Idle: 197/38.2470606 secs, Blocked: 4/0.0086480 secs]
      [Inspected:           45067]
         [Skipped:            404(  0.9%)]
         [Hashed:           43685( 96.9%)]
         [Known:             4231(  9.4%)]
         [New:              40432( 89.7%)    728.5M]
      [Deduplicated:         2446(  6.0%)     12.3M(  1.7%)]
         [Young:                5(  0.2%)   5200.0B(  0.0%)]
         [Old:               2441( 99.8%)     12.2M(100.0%)]
   [Table]
      [Memory Usage: 1091.6K]
      [Size: 32768, Min: 1024, Max: 16777216]
      [Entries: 35654, Load: 108.8%, Cached: 0, Added: 42161, Removed: 6507]
      [Resize Count: 5, Shrink Threshold: 21845(66.7%), Grow Threshold: 65536(200.0%)]
      [Rehash Count: 1, Rehash Threshold: 120, Hash Seed: 0xc4e8cebb]
      [Age Threshold: 3]
   [Queue]
      [Dropped: 0]
2016-06-27T18:01:13.034+0300: 39.291: [GC pause (G1 Evacuation Pause) (young) (initial-mark)
Desired survivor size 2621440 bytes, new threshold 1 (max 15)
- age   1:    5109872 bytes,    5109872 total
, 0.0039819 secs]
   [Parallel Time: 2.9 ms, GC Workers: 4]
      [GC Worker Start (ms): Min: 39291.0, Avg: 39291.0, Max: 39291.0, Diff: 0.0]
      [Ext Root Scanning (ms): Min: 0.5, Avg: 0.6, Max: 0.7, Diff: 0.2, Sum: 2.2]
      [Update RS (ms): Min: 0.6, Avg: 0.7, Max: 0.7, Diff: 0.1, Sum: 2.7]
         [Processed Buffers: Min: 3, Avg: 8.8, Max: 23, Diff: 20, Sum: 35]
      [Scan RS (ms): Min: 0.0, Avg: 0.0, Max: 0.0, Diff: 0.0, Sum: 0.0]
      [Code Root Scanning (ms): Min: 0.0, Avg: 0.0, Max: 0.0, Diff: 0.0, Sum: 0.0]
      [Object Copy (ms): Min: 1.5, Avg: 1.6, Max: 1.7, Diff: 0.2, Sum: 6.4]
      [Termination (ms): Min: 0.0, Avg: 0.0, Max: 0.0, Diff: 0.0, Sum: 0.0]
         [Termination Attempts: Min: 1, Avg: 1.0, Max: 1, Diff: 0, Sum: 4]
      [GC Worker Other (ms): Min: 0.0, Avg: 0.0, Max: 0.0, Diff: 0.0, Sum: 0.0]
      [GC Worker Total (ms): Min: 2.9, Avg: 2.9, Max: 2.9, Diff: 0.0, Sum: 11.4]
      [GC Worker End (ms): Min: 39293.9, Avg: 39293.9, Max: 39293.9, Diff: 0.0]
   [Code Root Fixup: 0.0 ms]
   [Code Root Purge: 0.0 ms]
   [String Dedup Fixup: 0.5 ms, GC Workers: 4]
      [Queue Fixup (ms): Min: 0.0, Avg: 0.0, Max: 0.0, Diff: 0.0, Sum: 0.0]
      [Table Fixup (ms): Min: 0.5, Avg: 0.5, Max: 0.5, Diff: 0.0, Sum: 2.0]
   [Clear CT: 0.0 ms]
   [Other: 0.5 ms]
      [Choose CSet: 0.0 ms]
      [Ref Proc: 0.0 ms]
      [Ref Enq: 0.0 ms]
      [Redirty Cards: 0.0 ms]
      [Humongous Register: 0.0 ms]
      [Humongous Reclaim: 0.0 ms]
      [Free CSet: 0.1 ms]
   [Eden: 32.0M(32.0M)->0.0B(32.0M) Survivors: 5120.0K->5120.0K Heap: 708.0M(753.0M)->682.5M(753.0M)]
 [Times: user=0.06 sys=0.00, real=0.00 secs] 
2016-06-27T18:01:13.038+0300: 39.295: [GC concurrent-root-region-scan-start]
2016-06-27T18:01:13.038+0300: 39.295: Total time for which application threads were stopped: 0.0086258 seconds, Stopping threads took: 0.0039656 seconds
2016-06-27T18:01:13.038+0300: 39.296: [GC concurrent-root-region-scan-end, 0.0005709 secs]
2016-06-27T18:01:13.038+0300: 39.296: [GC concurrent-mark-start]
2016-06-27T18:01:13.041+0300: 39.299: [GC concurrent-string-deduplication, 4985.9K->4863.8K(122.1K), avg 1.7%, 0.0034820 secs]
   [Last Exec: 0.0034820 secs, Idle: 0.2710768 secs, Blocked: 0/0.0000000 secs]
      [Inspected:             254]
         [Skipped:              3(  1.2%)]
         [Hashed:             251( 98.8%)]
         [Known:                0(  0.0%)]
         [New:                251( 98.8%)   4985.9K]
      [Deduplicated:            8(  3.2%)    122.1K(  2.4%)]
         [Young:                0(  0.0%)      0.0B(  0.0%)]
         [Old:                  8(100.0%)    122.1K(100.0%)]
   [Total Exec: 198/0.5367404 secs, Idle: 198/38.5181375 secs, Blocked: 4/0.0086480 secs]
      [Inspected:           45321]
         [Skipped:            407(  0.9%)]
         [Hashed:           43936( 96.9%)]
         [Known:             4231(  9.3%)]
         [New:              40683( 89.8%)    733.3M]
      [Deduplicated:         2454(  6.0%)     12.4M(  1.7%)]
         [Young:                5(  0.2%)   5200.0B(  0.0%)]
         [Old:               2449( 99.8%)     12.4M(100.0%)]
   [Table]
      [Memory Usage: 1097.3K]
      [Size: 32768, Min: 1024, Max: 16777216]
      [Entries: 35897, Load: 109.5%, Cached: 0, Added: 42404, Removed: 6507]
      [Resize Count: 5, Shrink Threshold: 21845(66.7%), Grow Threshold: 65536(200.0%)]
      [Rehash Count: 1, Rehash Threshold: 120, Hash Seed: 0xc4e8cebb]
      [Age Threshold: 3]
   [Queue]
      [Dropped: 0]
2016-06-27T18:01:13.080+0300: 39.337: [GC concurrent-mark-end, 0.0415599 secs]
2016-06-27T18:01:13.106+0300: 39.363: [GC remark 2016-06-27T18:01:13.106+0300: 39.363: [Finalize Marking, 0.0001745 secs] 2016-06-27T18:01:13.106+0300: 39.363: [GC ref-proc, 0.0001001 secs] 2016-06-27T18:01:13.106+0300: 39.363: [Unloading, 0.0023157 secs], 0.0055723 secs]
 [Times: user=0.00 sys=0.00, real=0.01 secs] 
2016-06-27T18:01:13.111+0300: 39.369: Total time for which application threads were stopped: 0.0088388 seconds, Stopping threads took: 0.0028362 seconds
2016-06-27T18:01:13.120+0300: 39.377: [GC cleanup 693M->693M(753M), 0.0015425 secs]
 [Times: user=0.00 sys=0.00, real=0.00 secs] 
2016-06-27T18:01:13.122+0300: 39.379: Total time for which application threads were stopped: 0.0020788 seconds, Stopping threads took: 0.0000718 seconds
2016-06-27T18:01:13.292+0300: 39.550: [GC pause (G1 Evacuation Pause) (young)
Desired survivor size 2621440 bytes, new threshold 1 (max 15)
- age   1:    5139960 bytes,    5139960 total
, 0.0036821 secs]
   [Parallel Time: 2.6 ms, GC Workers: 4]
      [GC Worker Start (ms): Min: 39550.1, Avg: 39550.1, Max: 39550.1, Diff: 0.0]
      [Ext Root Scanning (ms): Min: 0.4, Avg: 0.5, Max: 0.5, Diff: 0.1, Sum: 2.0]
      [Update RS (ms): Min: 0.4, Avg: 0.5, Max: 0.6, Diff: 0.1, Sum: 2.0]
         [Processed Buffers: Min: 2, Avg: 5.3, Max: 8, Diff: 6, Sum: 21]
      [Scan RS (ms): Min: 0.0, Avg: 0.0, Max: 0.0, Diff: 0.0, Sum: 0.0]
      [Code Root Scanning (ms): Min: 0.0, Avg: 0.0, Max: 0.0, Diff: 0.0, Sum: 0.0]
      [Object Copy (ms): Min: 1.5, Avg: 1.6, Max: 1.6, Diff: 0.1, Sum: 6.3]
      [Termination (ms): Min: 0.0, Avg: 0.0, Max: 0.0, Diff: 0.0, Sum: 0.0]
         [Termination Attempts: Min: 1, Avg: 1.0, Max: 1, Diff: 0, Sum: 4]
      [GC Worker Other (ms): Min: 0.0, Avg: 0.0, Max: 0.0, Diff: 0.0, Sum: 0.1]
      [GC Worker Total (ms): Min: 2.6, Avg: 2.6, Max: 2.6, Diff: 0.0, Sum: 10.3]
      [GC Worker End (ms): Min: 39552.6, Avg: 39552.6, Max: 39552.6, Diff: 0.0]
   [Code Root Fixup: 0.0 ms]
   [Code Root Purge: 0.0 ms]
   [String Dedup Fixup: 0.6 ms, GC Workers: 4]
      [Queue Fixup (ms): Min: 0.0, Avg: 0.0, Max: 0.0, Diff: 0.0, Sum: 0.0]
      [Table Fixup (ms): Min: 0.1, Avg: 0.4, Max: 0.5, Diff: 0.5, Sum: 1.6]
   [Clear CT: 0.0 ms]
   [Other: 0.5 ms]
      [Choose CSet: 0.0 ms]
      [Ref Proc: 0.1 ms]
      [Ref Enq: 0.0 ms]
      [Redirty Cards: 0.0 ms]
      [Humongous Register: 0.0 ms]
      [Humongous Reclaim: 0.0 ms]
      [Free CSet: 0.1 ms]
   [Eden: 32.0M(32.0M)->0.0B(32.0M) Survivors: 5120.0K->5120.0K Heap: 714.5M(753.0M)->689.0M(753.0M)]
 [Times: user=0.00 sys=0.00, real=0.00 secs] 
2016-06-27T18:01:13.296+0300: 39.554: Total time for which application threads were stopped: 0.0074130 seconds, Stopping threads took: 0.0032014 seconds
2016-06-27T18:01:13.300+0300: 39.557: [GC concurrent-string-deduplication, 4988.0K->4843.8K(144.2K), avg 1.7%, 0.0035273 secs]
   [Last Exec: 0.0035273 secs, Idle: 0.2552019 secs, Blocked: 0/0.0000000 secs]
      [Inspected:             256]
         [Skipped:              3(  1.2%)]
         [Hashed:             253( 98.8%)]
         [Known:                0(  0.0%)]
         [New:                253( 98.8%)   4988.0K]
      [Deduplicated:           11(  4.3%)    144.2K(  2.9%)]
         [Young:                0(  0.0%)      0.0B(  0.0%)]
         [Old:                 11(100.0%)    144.2K(100.0%)]
   [Total Exec: 199/0.5402677 secs, Idle: 199/38.7733393 secs, Blocked: 4/0.0086480 secs]
      [Inspected:           45577]
         [Skipped:            410(  0.9%)]
         [Hashed:           44189( 97.0%)]
         [Known:             4231(  9.3%)]
         [New:              40936( 89.8%)    738.2M]
      [Deduplicated:         2465(  6.0%)     12.5M(  1.7%)]
         [Young:                5(  0.2%)   5200.0B(  0.0%)]
         [Old:               2460( 99.8%)     12.5M(100.0%)]
   [Table]
      [Memory Usage: 1097.3K]
      [Size: 32768, Min: 1024, Max: 16777216]
      [Entries: 35846, Load: 109.4%, Cached: 51, Added: 42646, Removed: 6800]
      [Resize Count: 5, Shrink Threshold: 21845(66.7%), Grow Threshold: 65536(200.0%)]
      [Rehash Count: 1, Rehash Threshold: 120, Hash Seed: 0xc4e8cebb]
      [Age Threshold: 3]
   [Queue]
      [Dropped: 0]
2016-06-27T18:01:13.567+0300: 39.824: [GC pause (G1 Evacuation Pause) (mixed)
Desired survivor size 2621440 bytes, new threshold 1 (max 15)
- age   1:    5122456 bytes,    5122456 total
, 0.0092335 secs]
   [Parallel Time: 8.1 ms, GC Workers: 4]
      [GC Worker Start (ms): Min: 39824.7, Avg: 39824.7, Max: 39824.7, Diff: 0.0]
      [Ext Root Scanning (ms): Min: 0.4, Avg: 0.5, Max: 0.6, Diff: 0.1, Sum: 1.9]
      [Update RS (ms): Min: 0.4, Avg: 0.5, Max: 0.6, Diff: 0.2, Sum: 1.9]
         [Processed Buffers: Min: 2, Avg: 6.0, Max: 8, Diff: 6, Sum: 24]
      [Scan RS (ms): Min: 0.9, Avg: 1.0, Max: 1.0, Diff: 0.1, Sum: 3.8]
      [Code Root Scanning (ms): Min: 0.0, Avg: 0.0, Max: 0.0, Diff: 0.0, Sum: 0.0]
      [Object Copy (ms): Min: 6.0, Avg: 6.1, Max: 6.1, Diff: 0.1, Sum: 24.3]
      [Termination (ms): Min: 0.0, Avg: 0.0, Max: 0.1, Diff: 0.1, Sum: 0.1]
         [Termination Attempts: Min: 1, Avg: 1.0, Max: 1, Diff: 0, Sum: 4]
      [GC Worker Other (ms): Min: 0.0, Avg: 0.0, Max: 0.0, Diff: 0.0, Sum: 0.0]
      [GC Worker Total (ms): Min: 8.0, Avg: 8.0, Max: 8.0, Diff: 0.0, Sum: 32.1]
      [GC Worker End (ms): Min: 39832.7, Avg: 39832.7, Max: 39832.7, Diff: 0.0]
   [Code Root Fixup: 0.0 ms]
   [Code Root Purge: 0.0 ms]
   [String Dedup Fixup: 0.5 ms, GC Workers: 4]
      [Queue Fixup (ms): Min: 0.0, Avg: 0.0, Max: 0.0, Diff: 0.0, Sum: 0.0]
      [Table Fixup (ms): Min: 0.4, Avg: 0.4, Max: 0.4, Diff: 0.0, Sum: 1.7]
   [Clear CT: 0.1 ms]
   [Other: 0.6 ms]
      [Choose CSet: 0.0 ms]
      [Ref Proc: 0.0 ms]
      [Ref Enq: 0.0 ms]
      [Redirty Cards: 0.0 ms]
      [Humongous Register: 0.0 ms]
      [Humongous Reclaim: 0.0 ms]
      [Free CSet: 0.2 ms]
   [Eden: 32.0M(32.0M)->0.0B(32.0M) Survivors: 5120.0K->5120.0K Heap: 721.0M(753.0M)->682.0M(758.0M)]
 [Times: user=0.00 sys=0.00, real=0.01 secs] 
2016-06-27T18:01:13.577+0300: 39.834: Total time for which application threads were stopped: 0.0132804 seconds, Stopping threads took: 0.0034764 seconds
2016-06-27T18:01:13.581+0300: 39.838: [GC concurrent-string-deduplication, 5426.3K->5224.1K(202.2K), avg 1.7%, 0.0038326 secs]
   [Last Exec: 0.0038326 secs, Idle: 0.2765384 secs, Blocked: 0/0.0000000 secs]
      [Inspected:             276]
         [Skipped:              3(  1.1%)]
         [Hashed:             273( 98.9%)]
         [Known:                0(  0.0%)]
         [New:                273( 98.9%)   5426.3K]
      [Deduplicated:           12(  4.4%)    202.2K(  3.7%)]
         [Young:                0(  0.0%)      0.0B(  0.0%)]
         [Old:                 12(100.0%)    202.2K(100.0%)]
   [Total Exec: 200/0.5441004 secs, Idle: 200/39.0498778 secs, Blocked: 4/0.0086480 secs]
      [Inspected:           45853]
         [Skipped:            413(  0.9%)]
         [Hashed:           44462( 97.0%)]
         [Known:             4231(  9.2%)]
         [New:              41209( 89.9%)    743.5M]
      [Deduplicated:         2477(  6.0%)     12.7M(  1.7%)]
         [Young:                5(  0.2%)   5200.0B(  0.0%)]
         [Old:               2472( 99.8%)     12.7M(100.0%)]
   [Table]
      [Memory Usage: 1102.3K]
      [Size: 32768, Min: 1024, Max: 16777216]
      [Entries: 36107, Load: 110.2%, Cached: 0, Added: 42907, Removed: 6800]
      [Resize Count: 5, Shrink Threshold: 21845(66.7%), Grow Threshold: 65536(200.0%)]
      [Rehash Count: 1, Rehash Threshold: 120, Hash Seed: 0xc4e8cebb]
      [Age Threshold: 3]
   [Queue]
      [Dropped: 0]
2016-06-27T18:01:13.843+0300: 40.100: [GC pause (G1 Evacuation Pause) (young)
Desired survivor size 2621440 bytes, new threshold 1 (max 15)
- age   1:    4826376 bytes,    4826376 total
, 0.0066624 secs]
   [Parallel Time: 5.7 ms, GC Workers: 4]
      [GC Worker Start (ms): Min: 40100.6, Avg: 40100.6, Max: 40100.7, Diff: 0.0]
      [Ext Root Scanning (ms): Min: 0.5, Avg: 0.6, Max: 0.6, Diff: 0.1, Sum: 2.2]
      [Update RS (ms): Min: 3.5, Avg: 3.8, Max: 4.5, Diff: 1.0, Sum: 15.1]
         [Processed Buffers: Min: 4, Avg: 9.8, Max: 22, Diff: 18, Sum: 39]
      [Scan RS (ms): Min: 0.0, Avg: 0.0, Max: 0.0, Diff: 0.0, Sum: 0.0]
      [Code Root Scanning (ms): Min: 0.0, Avg: 0.0, Max: 0.0, Diff: 0.0, Sum: 0.0]
      [Object Copy (ms): Min: 0.5, Avg: 1.3, Max: 1.6, Diff: 1.1, Sum: 5.2]
      [Termination (ms): Min: 0.0, Avg: 0.0, Max: 0.0, Diff: 0.0, Sum: 0.0]
         [Termination Attempts: Min: 1, Avg: 1.0, Max: 1, Diff: 0, Sum: 4]
      [GC Worker Other (ms): Min: 0.0, Avg: 0.0, Max: 0.0, Diff: 0.0, Sum: 0.1]
      [GC Worker Total (ms): Min: 5.6, Avg: 5.7, Max: 5.7, Diff: 0.0, Sum: 22.6]
      [GC Worker End (ms): Min: 40106.3, Avg: 40106.3, Max: 40106.3, Diff: 0.0]
   [Code Root Fixup: 0.0 ms]
   [Code Root Purge: 0.0 ms]
   [String Dedup Fixup: 0.5 ms, GC Workers: 4]
      [Queue Fixup (ms): Min: 0.0, Avg: 0.0, Max: 0.0, Diff: 0.0, Sum: 0.0]
      [Table Fixup (ms): Min: 0.4, Avg: 0.4, Max: 0.4, Diff: 0.0, Sum: 1.6]
   [Clear CT: 0.0 ms]
   [Other: 0.4 ms]
      [Choose CSet: 0.0 ms]
      [Ref Proc: 0.1 ms]
      [Ref Enq: 0.0 ms]
      [Redirty Cards: 0.0 ms]
      [Humongous Register: 0.0 ms]
      [Humongous Reclaim: 0.0 ms]
      [Free CSet: 0.0 ms]
   [Eden: 32.0M(32.0M)->0.0B(32.0M) Survivors: 5120.0K->5120.0K Heap: 714.0M(758.0M)->688.0M(758.0M)]
 [Times: user=0.06 sys=0.00, real=0.01 secs] 
2016-06-27T18:01:13.850+0300: 40.107: Total time for which application threads were stopped: 0.0099716 seconds, Stopping threads took: 0.0027049 seconds
2016-06-27T18:01:13.853+0300: 40.111: [GC concurrent-string-deduplication, 4843.8K->4723.7K(120.1K), avg 1.7%, 0.0033678 secs]
   [Last Exec: 0.0033678 secs, Idle: 0.2695065 secs, Blocked: 0/0.0000000 secs]
      [Inspected:             242]
         [Skipped:              0(  0.0%)]
         [Hashed:             242(100.0%)]
         [Known:                0(  0.0%)]
         [New:                242(100.0%)   4843.8K]
      [Deduplicated:            6(  2.5%)    120.1K(  2.5%)]
         [Young:                0(  0.0%)      0.0B(  0.0%)]
         [Old:                  6(100.0%)    120.1K(100.0%)]
   [Total Exec: 201/0.5474681 secs, Idle: 201/39.3193842 secs, Blocked: 4/0.0086480 secs]
      [Inspected:           46095]
         [Skipped:            413(  0.9%)]
         [Hashed:           44704( 97.0%)]
         [Known:             4231(  9.2%)]
         [New:              41451( 89.9%)    748.2M]
      [Deduplicated:         2483(  6.0%)     12.8M(  1.7%)]
         [Young:                5(  0.2%)   5200.0B(  0.0%)]
         [Old:               2478( 99.8%)     12.8M(100.0%)]
   [Table]
      [Memory Usage: 1107.8K]
      [Size: 32768, Min: 1024, Max: 16777216]
      [Entries: 36343, Load: 110.9%, Cached: 0, Added: 43143, Removed: 6800]
      [Resize Count: 5, Shrink Threshold: 21845(66.7%), Grow Threshold: 65536(200.0%)]
      [Rehash Count: 1, Rehash Threshold: 120, Hash Seed: 0xc4e8cebb]
      [Age Threshold: 3]
   [Queue]
      [Dropped: 0]
2016-06-27T18:01:14.118+0300: 40.376: [GC pause (G1 Evacuation Pause) (young) (initial-mark)
Desired survivor size 2621440 bytes, new threshold 1 (max 15)
- age   1:    5139832 bytes,    5139832 total
, 0.0044938 secs]
   [Parallel Time: 3.5 ms, GC Workers: 4]
      [GC Worker Start (ms): Min: 40375.8, Avg: 40375.9, Max: 40376.0, Diff: 0.2]
      [Ext Root Scanning (ms): Min: 0.6, Avg: 1.3, Max: 3.1, Diff: 2.5, Sum: 5.1]
      [Update RS (ms): Min: 0.0, Avg: 0.8, Max: 2.0, Diff: 2.0, Sum: 3.2]
         [Processed Buffers: Min: 0, Avg: 6.8, Max: 22, Diff: 22, Sum: 27]
      [Scan RS (ms): Min: 0.0, Avg: 0.0, Max: 0.0, Diff: 0.0, Sum: 0.0]
      [Code Root Scanning (ms): Min: 0.0, Avg: 0.0, Max: 0.0, Diff: 0.0, Sum: 0.0]
      [Object Copy (ms): Min: 0.3, Avg: 1.2, Max: 2.1, Diff: 1.8, Sum: 5.0]
      [Termination (ms): Min: 0.0, Avg: 0.0, Max: 0.0, Diff: 0.0, Sum: 0.0]
         [Termination Attempts: Min: 1, Avg: 1.0, Max: 1, Diff: 0, Sum: 4]
      [GC Worker Other (ms): Min: 0.0, Avg: 0.0, Max: 0.0, Diff: 0.0, Sum: 0.1]
      [GC Worker Total (ms): Min: 3.3, Avg: 3.3, Max: 3.4, Diff: 0.2, Sum: 13.4]
      [GC Worker End (ms): Min: 40379.3, Avg: 40379.3, Max: 40379.3, Diff: 0.0]
   [Code Root Fixup: 0.0 ms]
   [Code Root Purge: 0.0 ms]
   [String Dedup Fixup: 0.4 ms, GC Workers: 4]
      [Queue Fixup (ms): Min: 0.0, Avg: 0.0, Max: 0.0, Diff: 0.0, Sum: 0.0]
      [Table Fixup (ms): Min: 0.4, Avg: 0.4, Max: 0.4, Diff: 0.0, Sum: 1.7]
   [Clear CT: 0.0 ms]
   [Other: 0.6 ms]
      [Choose CSet: 0.0 ms]
      [Ref Proc: 0.1 ms]
      [Ref Enq: 0.0 ms]
      [Redirty Cards: 0.0 ms]
      [Humongous Register: 0.0 ms]
      [Humongous Reclaim: 0.0 ms]
      [Free CSet: 0.0 ms]
   [Eden: 32.0M(32.0M)->0.0B(32.0M) Survivors: 5120.0K->5120.0K Heap: 720.0M(758.0M)->695.0M(758.0M)]
 [Times: user=0.00 sys=0.00, real=0.00 secs] 
2016-06-27T18:01:14.123+0300: 40.380: [GC concurrent-root-region-scan-start]
2016-06-27T18:01:14.123+0300: 40.380: Total time for which application threads were stopped: 0.0092245 seconds, Stopping threads took: 0.0040995 seconds
2016-06-27T18:01:14.123+0300: 40.381: [GC concurrent-root-region-scan-end, 0.0004448 secs]
2016-06-27T18:01:14.123+0300: 40.381: [GC concurrent-mark-start]
2016-06-27T18:01:14.127+0300: 40.385: [GC concurrent-string-deduplication, 5846.6K->5704.5K(142.1K), avg 1.7%, 0.0042641 secs]
   [Last Exec: 0.0042641 secs, Idle: 0.2694855 secs, Blocked: 0/0.0000000 secs]
      [Inspected:             294]
         [Skipped:              0(  0.0%)]
         [Hashed:             294(100.0%)]
         [Known:                0(  0.0%)]
         [New:                294(100.0%)   5846.6K]
      [Deduplicated:            9(  3.1%)    142.1K(  2.4%)]
         [Young:                0(  0.0%)      0.0B(  0.0%)]
         [Old:                  9(100.0%)    142.1K(100.0%)]
   [Total Exec: 202/0.5517323 secs, Idle: 202/39.5888698 secs, Blocked: 4/0.0086480 secs]
      [Inspected:           46389]
         [Skipped:            413(  0.9%)]
         [Hashed:           44998( 97.0%)]
         [Known:             4231(  9.1%)]
         [New:              41745( 90.0%)    754.0M]
      [Deduplicated:         2492(  6.0%)     13.0M(  1.7%)]
         [Young:                5(  0.2%)   5200.0B(  0.0%)]
         [Old:               2487( 99.8%)     13.0M(100.0%)]
   [Table]
      [Memory Usage: 1114.5K]
      [Size: 32768, Min: 1024, Max: 16777216]
      [Entries: 36628, Load: 111.8%, Cached: 0, Added: 43428, Removed: 6800]
      [Resize Count: 5, Shrink Threshold: 21845(66.7%), Grow Threshold: 65536(200.0%)]
      [Rehash Count: 1, Rehash Threshold: 120, Hash Seed: 0xc4e8cebb]
      [Age Threshold: 3]
   [Queue]
      [Dropped: 0]
2016-06-27T18:01:14.167+0300: 40.425: [GC concurrent-mark-end, 0.0440899 secs]
2016-06-27T18:01:14.186+0300: 40.443: [GC remark 2016-06-27T18:01:14.186+0300: 40.443: [Finalize Marking, 0.0001467 secs] 2016-06-27T18:01:14.186+0300: 40.443: [GC ref-proc, 0.0001056 secs] 2016-06-27T18:01:14.186+0300: 40.444: [Unloading, 0.0022704 secs], 0.0055689 secs]
 [Times: user=0.00 sys=0.00, real=0.00 secs] 
2016-06-27T18:01:14.191+0300: 40.449: Total time for which application threads were stopped: 0.0071547 seconds, Stopping threads took: 0.0011589 seconds
2016-06-27T18:01:14.363+0300: 40.621: [GC pause (G1 Evacuation Pause) (young)
Desired survivor size 2621440 bytes, new threshold 1 (max 15)
- age   1:    4293680 bytes,    4293680 total
, 0.0034413 secs]
   [Parallel Time: 2.5 ms, GC Workers: 4]
      [GC Worker Start (ms): Min: 40620.7, Avg: 40620.7, Max: 40620.7, Diff: 0.0]
      [Ext Root Scanning (ms): Min: 0.5, Avg: 0.5, Max: 0.6, Diff: 0.1, Sum: 2.0]
      [Update RS (ms): Min: 0.4, Avg: 0.5, Max: 0.5, Diff: 0.1, Sum: 1.9]
         [Processed Buffers: Min: 3, Avg: 4.5, Max: 7, Diff: 4, Sum: 18]
      [Scan RS (ms): Min: 0.0, Avg: 0.0, Max: 0.0, Diff: 0.0, Sum: 0.0]
      [Code Root Scanning (ms): Min: 0.0, Avg: 0.0, Max: 0.0, Diff: 0.0, Sum: 0.0]
      [Object Copy (ms): Min: 1.4, Avg: 1.5, Max: 1.5, Diff: 0.1, Sum: 5.9]
      [Termination (ms): Min: 0.0, Avg: 0.0, Max: 0.0, Diff: 0.0, Sum: 0.0]
         [Termination Attempts: Min: 1, Avg: 1.0, Max: 1, Diff: 0, Sum: 4]
      [GC Worker Other (ms): Min: 0.0, Avg: 0.0, Max: 0.0, Diff: 0.0, Sum: 0.0]
      [GC Worker Total (ms): Min: 2.5, Avg: 2.5, Max: 2.5, Diff: 0.0, Sum: 9.9]
      [GC Worker End (ms): Min: 40623.2, Avg: 40623.2, Max: 40623.2, Diff: 0.0]
   [Code Root Fixup: 0.0 ms]
   [Code Root Purge: 0.0 ms]
   [String Dedup Fixup: 0.5 ms, GC Workers: 4]
      [Queue Fixup (ms): Min: 0.0, Avg: 0.0, Max: 0.0, Diff: 0.0, Sum: 0.0]
      [Table Fixup (ms): Min: 0.4, Avg: 0.4, Max: 0.4, Diff: 0.0, Sum: 1.7]
   [Clear CT: 0.0 ms]
   [Other: 0.4 ms]
      [Choose CSet: 0.0 ms]
      [Ref Proc: 0.0 ms]
      [Ref Enq: 0.0 ms]
      [Redirty Cards: 0.0 ms]
      [Humongous Register: 0.0 ms]
      [Humongous Reclaim: 0.0 ms]
      [Free CSet: 0.0 ms]
   [Eden: 32.0M(32.0M)->0.0B(32.0M) Survivors: 5120.0K->5120.0K Heap: 727.0M(758.0M)->701.0M(758.0M)]
 [Times: user=0.06 sys=0.00, real=0.00 secs] 
2016-06-27T18:01:14.367+0300: 40.624: Total time for which application threads were stopped: 0.0053209 seconds, Stopping threads took: 0.0012680 seconds
2016-06-27T18:01:14.370+0300: 40.627: [GC concurrent-string-deduplication, 4528.6K->4423.5K(105.2K), avg 1.7%, 0.0031540 secs]
   [Last Exec: 0.0031540 secs, Idle: 0.2396049 secs, Blocked: 0/0.0000000 secs]
      [Inspected:             233]
         [Skipped:              2(  0.9%)]
         [Hashed:             231( 99.1%)]
         [Known:                0(  0.0%)]
         [New:                231( 99.1%)   4528.6K]
      [Deduplicated:           10(  4.3%)    105.2K(  2.3%)]
         [Young:                0(  0.0%)      0.0B(  0.0%)]
         [Old:                 10(100.0%)    105.2K(100.0%)]
   [Total Exec: 203/0.5548862 secs, Idle: 203/39.8284747 secs, Blocked: 4/0.0086480 secs]
      [Inspected:           46622]
         [Skipped:            415(  0.9%)]
         [Hashed:           45229( 97.0%)]
         [Known:             4231(  9.1%)]
         [New:              41976( 90.0%)    758.4M]
      [Deduplicated:         2502(  6.0%)     13.1M(  1.7%)]
         [Young:                5(  0.2%)   5200.0B(  0.0%)]
         [Old:               2497( 99.8%)     13.1M(100.0%)]
   [Table]
      [Memory Usage: 1114.5K]
      [Size: 32768, Min: 1024, Max: 16777216]
      [Entries: 36557, Load: 111.6%, Cached: 71, Added: 43649, Removed: 7092]
      [Resize Count: 5, Shrink Threshold: 21845(66.7%), Grow Threshold: 65536(200.0%)]
      [Rehash Count: 1, Rehash Threshold: 120, Hash Seed: 0xc4e8cebb]
      [Age Threshold: 3]
   [Queue]
      [Dropped: 0]
2016-06-27T18:01:14.644+0300: 40.901: [GC pause (G1 Evacuation Pause) (young)
Desired survivor size 2621440 bytes, new threshold 1 (max 15)
- age   1:    4891696 bytes,    4891696 total
, 0.0036949 secs]
   [Parallel Time: 2.6 ms, GC Workers: 4]
      [GC Worker Start (ms): Min: 40901.4, Avg: 40901.5, Max: 40901.5, Diff: 0.0]
      [Ext Root Scanning (ms): Min: 0.5, Avg: 0.5, Max: 0.6, Diff: 0.1, Sum: 2.0]
      [Update RS (ms): Min: 0.4, Avg: 0.4, Max: 0.5, Diff: 0.1, Sum: 1.8]
         [Processed Buffers: Min: 1, Avg: 6.8, Max: 13, Diff: 12, Sum: 27]
      [Scan RS (ms): Min: 0.0, Avg: 0.0, Max: 0.0, Diff: 0.0, Sum: 0.0]
      [Code Root Scanning (ms): Min: 0.0, Avg: 0.0, Max: 0.0, Diff: 0.0, Sum: 0.0]
      [Object Copy (ms): Min: 1.5, Avg: 1.6, Max: 1.7, Diff: 0.1, Sum: 6.3]
      [Termination (ms): Min: 0.0, Avg: 0.0, Max: 0.0, Diff: 0.0, Sum: 0.0]
         [Termination Attempts: Min: 1, Avg: 1.0, Max: 1, Diff: 0, Sum: 4]
      [GC Worker Other (ms): Min: 0.0, Avg: 0.0, Max: 0.0, Diff: 0.0, Sum: 0.0]
      [GC Worker Total (ms): Min: 2.5, Avg: 2.5, Max: 2.5, Diff: 0.0, Sum: 10.1]
      [GC Worker End (ms): Min: 40904.0, Avg: 40904.0, Max: 40904.0, Diff: 0.0]
   [Code Root Fixup: 0.0 ms]
   [Code Root Purge: 0.0 ms]
   [String Dedup Fixup: 0.5 ms, GC Workers: 4]
      [Queue Fixup (ms): Min: 0.0, Avg: 0.0, Max: 0.0, Diff: 0.0, Sum: 0.0]
      [Table Fixup (ms): Min: 0.5, Avg: 0.5, Max: 0.5, Diff: 0.0, Sum: 1.9]
   [Clear CT: 0.0 ms]
   [Other: 0.5 ms]
      [Choose CSet: 0.0 ms]
      [Ref Proc: 0.1 ms]
      [Ref Enq: 0.0 ms]
      [Redirty Cards: 0.1 ms]
      [Humongous Register: 0.0 ms]
      [Humongous Reclaim: 0.0 ms]
      [Free CSet: 0.0 ms]
   [Eden: 32.0M(32.0M)->0.0B(32.0M) Survivors: 5120.0K->5120.0K Heap: 733.0M(758.0M)->707.5M(758.0M)]
 [Times: user=0.06 sys=0.00, real=0.00 secs] 
2016-06-27T18:01:14.648+0300: 40.905: Total time for which application threads were stopped: 0.0077825 seconds, Stopping threads took: 0.0034905 seconds
2016-06-27T18:01:14.651+0300: 40.909: [GC concurrent-string-deduplication, 5087.0K->4923.8K(163.2K), avg 1.7%, 0.0035722 secs]
   [Last Exec: 0.0035722 secs, Idle: 0.2776982 secs, Blocked: 0/0.0000000 secs]
      [Inspected:             259]
         [Skipped:              2(  0.8%)]
         [Hashed:             257( 99.2%)]
         [Known:                0(  0.0%)]
         [New:                257( 99.2%)   5087.0K]
      [Deduplicated:           11(  4.3%)    163.2K(  3.2%)]
         [Young:                1(  9.1%)     20.0K( 12.3%)]
         [Old:                 10( 90.9%)    143.2K( 87.7%)]
   [Total Exec: 204/0.5584584 secs, Idle: 204/40.1061729 secs, Blocked: 4/0.0086480 secs]
      [Inspected:           46881]
         [Skipped:            417(  0.9%)]
         [Hashed:           45486( 97.0%)]
         [Known:             4231(  9.0%)]
         [New:              42233( 90.1%)    763.3M]
      [Deduplicated:         2513(  6.0%)     13.2M(  1.7%)]
         [Young:                6(  0.2%)     25.1K(  0.2%)]
         [Old:               2507( 99.8%)     13.2M( 99.8%)]
   [Table]
      [Memory Usage: 1118.6K]
      [Size: 32768, Min: 1024, Max: 16777216]
      [Entries: 36803, Load: 112.3%, Cached: 0, Added: 43895, Removed: 7092]
      [Resize Count: 5, Shrink Threshold: 21845(66.7%), Grow Threshold: 65536(200.0%)]
      [Rehash Count: 1, Rehash Threshold: 120, Hash Seed: 0xc4e8cebb]
      [Age Threshold: 3]
   [Queue]
      [Dropped: 0]
2016-06-27T18:01:14.910+0300: 41.168: [GC pause (G1 Evacuation Pause) (young)
Desired survivor size 2621440 bytes, new threshold 1 (max 15)
- age   1:    4972328 bytes,    4972328 total
, 0.0039490 secs]
   [Parallel Time: 2.9 ms, GC Workers: 4]
      [GC Worker Start (ms): Min: 41168.2, Avg: 41168.2, Max: 41168.2, Diff: 0.0]
      [Ext Root Scanning (ms): Min: 0.6, Avg: 0.6, Max: 0.7, Diff: 0.1, Sum: 2.6]
      [Update RS (ms): Min: 0.6, Avg: 0.6, Max: 0.7, Diff: 0.1, Sum: 2.5]
         [Processed Buffers: Min: 1, Avg: 7.5, Max: 18, Diff: 17, Sum: 30]
      [Scan RS (ms): Min: 0.0, Avg: 0.0, Max: 0.0, Diff: 0.0, Sum: 0.0]
      [Code Root Scanning (ms): Min: 0.0, Avg: 0.0, Max: 0.0, Diff: 0.0, Sum: 0.0]
      [Object Copy (ms): Min: 1.4, Avg: 1.6, Max: 1.6, Diff: 0.2, Sum: 6.2]
      [Termination (ms): Min: 0.0, Avg: 0.0, Max: 0.0, Diff: 0.0, Sum: 0.0]
         [Termination Attempts: Min: 1, Avg: 1.0, Max: 1, Diff: 0, Sum: 4]
      [GC Worker Other (ms): Min: 0.0, Avg: 0.0, Max: 0.0, Diff: 0.0, Sum: 0.1]
      [GC Worker Total (ms): Min: 2.8, Avg: 2.8, Max: 2.9, Diff: 0.0, Sum: 11.4]
      [GC Worker End (ms): Min: 41171.0, Avg: 41171.0, Max: 41171.0, Diff: 0.0]
   [Code Root Fixup: 0.0 ms]
   [Code Root Purge: 0.0 ms]
   [String Dedup Fixup: 0.6 ms, GC Workers: 4]
      [Queue Fixup (ms): Min: 0.0, Avg: 0.0, Max: 0.0, Diff: 0.0, Sum: 0.0]
      [Table Fixup (ms): Min: 0.5, Avg: 0.5, Max: 0.6, Diff: 0.0, Sum: 2.2]
   [Clear CT: 0.0 ms]
   [Other: 0.5 ms]
      [Choose CSet: 0.0 ms]
      [Ref Proc: 0.1 ms]
      [Ref Enq: 0.0 ms]
      [Redirty Cards: 0.0 ms]
      [Humongous Register: 0.0 ms]
      [Humongous Reclaim: 0.0 ms]
      [Free CSet: 0.0 ms]
   [Eden: 32.0M(32.0M)->0.0B(32.0M) Survivors: 5120.0K->5120.0K Heap: 739.5M(758.0M)->714.0M(758.0M)]
 [Times: user=0.02 sys=0.00, real=0.00 secs] 
2016-06-27T18:01:14.915+0300: 41.172: Total time for which application threads were stopped: 0.0074591 seconds, Stopping threads took: 0.0029038 seconds
2016-06-27T18:01:14.918+0300: 41.176: [GC concurrent-string-deduplication, 5252.2K->5104.0K(148.2K), avg 1.7%, 0.0037415 secs]
   [Last Exec: 0.0037415 secs, Idle: 0.2633508 secs, Blocked: 0/0.0000000 secs]
      [Inspected:             272]
         [Skipped:              2(  0.7%)]
         [Hashed:             270( 99.3%)]
         [Known:                0(  0.0%)]
         [New:                270( 99.3%)   5252.2K]
      [Deduplicated:           15(  5.6%)    148.2K(  2.8%)]
         [Young:                0(  0.0%)      0.0B(  0.0%)]
         [Old:                 15(100.0%)    148.2K(100.0%)]
   [Total Exec: 205/0.5622000 secs, Idle: 205/40.3695237 secs, Blocked: 4/0.0086480 secs]
      [Inspected:           47153]
         [Skipped:            419(  0.9%)]
         [Hashed:           45756( 97.0%)]
         [Known:             4231(  9.0%)]
         [New:              42503( 90.1%)    768.5M]
      [Deduplicated:         2528(  5.9%)     13.4M(  1.7%)]
         [Young:                6(  0.2%)     25.1K(  0.2%)]
         [Old:               2522( 99.8%)     13.3M( 99.8%)]
   [Table]
      [Memory Usage: 1124.5K]
      [Size: 32768, Min: 1024, Max: 16777216]
      [Entries: 37058, Load: 113.1%, Cached: 0, Added: 44150, Removed: 7092]
      [Resize Count: 5, Shrink Threshold: 21845(66.7%), Grow Threshold: 65536(200.0%)]
      [Rehash Count: 1, Rehash Threshold: 120, Hash Seed: 0xc4e8cebb]
      [Age Threshold: 3]
   [Queue]
      [Dropped: 0]
2016-06-27T18:01:15.178+0300: 41.435: [GC pause (G1 Evacuation Pause) (young)
Desired survivor size 2621440 bytes, new threshold 1 (max 15)
- age   1:    4889400 bytes,    4889400 total
, 0.0036440 secs]
   [Parallel Time: 2.7 ms, GC Workers: 4]
      [GC Worker Start (ms): Min: 41435.3, Avg: 41435.3, Max: 41435.3, Diff: 0.0]
      [Ext Root Scanning (ms): Min: 0.5, Avg: 0.6, Max: 0.7, Diff: 0.1, Sum: 2.2]
      [Update RS (ms): Min: 0.4, Avg: 0.5, Max: 0.6, Diff: 0.1, Sum: 2.0]
         [Processed Buffers: Min: 1, Avg: 7.8, Max: 16, Diff: 15, Sum: 31]
      [Scan RS (ms): Min: 0.0, Avg: 0.0, Max: 0.0, Diff: 0.0, Sum: 0.0]
      [Code Root Scanning (ms): Min: 0.0, Avg: 0.0, Max: 0.0, Diff: 0.0, Sum: 0.0]
      [Object Copy (ms): Min: 1.5, Avg: 1.6, Max: 1.6, Diff: 0.1, Sum: 6.3]
      [Termination (ms): Min: 0.0, Avg: 0.0, Max: 0.0, Diff: 0.0, Sum: 0.0]
         [Termination Attempts: Min: 1, Avg: 1.0, Max: 1, Diff: 0, Sum: 4]
      [GC Worker Other (ms): Min: 0.0, Avg: 0.0, Max: 0.0, Diff: 0.0, Sum: 0.0]
      [GC Worker Total (ms): Min: 2.6, Avg: 2.6, Max: 2.7, Diff: 0.0, Sum: 10.6]
      [GC Worker End (ms): Min: 41438.0, Avg: 41438.0, Max: 41438.0, Diff: 0.0]
   [Code Root Fixup: 0.0 ms]
   [Code Root Purge: 0.0 ms]
   [String Dedup Fixup: 0.5 ms, GC Workers: 4]
      [Queue Fixup (ms): Min: 0.0, Avg: 0.0, Max: 0.0, Diff: 0.0, Sum: 0.0]
      [Table Fixup (ms): Min: 0.4, Avg: 0.4, Max: 0.4, Diff: 0.0, Sum: 1.7]
   [Clear CT: 0.0 ms]
   [Other: 0.4 ms]
      [Choose CSet: 0.0 ms]
      [Ref Proc: 0.0 ms]
      [Ref Enq: 0.0 ms]
      [Redirty Cards: 0.0 ms]
      [Humongous Register: 0.0 ms]
      [Humongous Reclaim: 0.0 ms]
      [Free CSet: 0.0 ms]
   [Eden: 32.0M(32.0M)->0.0B(32.0M) Survivors: 5120.0K->5120.0K Heap: 746.0M(758.0M)->721.0M(758.0M)]
 [Times: user=0.00 sys=0.00, real=0.00 secs] 
2016-06-27T18:01:15.182+0300: 41.439: Total time for which application threads were stopped: 0.0110711 seconds, Stopping threads took: 0.0067903 seconds
2016-06-27T18:01:15.185+0300: 41.443: [GC concurrent-string-deduplication, 5108.0K->5043.9K(64.1K), avg 1.7%, 0.0036098 secs]
   [Last Exec: 0.0036098 secs, Idle: 0.2629976 secs, Blocked: 0/0.0000000 secs]
      [Inspected:             262]
         [Skipped:              3(  1.1%)]
         [Hashed:             259( 98.9%)]
         [Known:                0(  0.0%)]
         [New:                259( 98.9%)   5108.0K]
      [Deduplicated:            7(  2.7%)     64.1K(  1.3%)]
         [Young:                0(  0.0%)      0.0B(  0.0%)]
         [Old:                  7(100.0%)     64.1K(100.0%)]
   [Total Exec: 206/0.5658098 secs, Idle: 206/40.6325213 secs, Blocked: 4/0.0086480 secs]
      [Inspected:           47415]
         [Skipped:            422(  0.9%)]
         [Hashed:           46015( 97.0%)]
         [Known:             4231(  8.9%)]
         [New:              42762( 90.2%)    773.5M]
      [Deduplicated:         2535(  5.9%)     13.4M(  1.7%)]
         [Young:                6(  0.2%)     25.1K(  0.2%)]
         [Old:               2529( 99.8%)     13.4M( 99.8%)]
   [Table]
      [Memory Usage: 1130.5K]
      [Size: 32768, Min: 1024, Max: 16777216]
      [Entries: 37310, Load: 113.9%, Cached: 0, Added: 44402, Removed: 7092]
      [Resize Count: 5, Shrink Threshold: 21845(66.7%), Grow Threshold: 65536(200.0%)]
      [Rehash Count: 1, Rehash Threshold: 120, Hash Seed: 0xc4e8cebb]
      [Age Threshold: 3]
   [Queue]
      [Dropped: 0]
2016-06-27T18:01:15.281+0300: 41.539: [GC cleanup 733M->733M(758M), 0.0013967 secs]
 [Times: user=0.00 sys=0.00, real=0.00 secs] 
2016-06-27T18:01:15.283+0300: 41.540: Total time for which application threads were stopped: 0.0035166 seconds, Stopping threads took: 0.0016413 seconds
2016-06-27T18:01:15.451+0300: 41.708: [GC pause (G1 Evacuation Pause) (young)
Desired survivor size 2621440 bytes, new threshold 1 (max 15)
- age   1:    4856096 bytes,    4856096 total
, 0.0042428 secs]
   [Parallel Time: 3.3 ms, GC Workers: 4]
      [GC Worker Start (ms): Min: 41708.3, Avg: 41708.3, Max: 41708.4, Diff: 0.1]
      [Ext Root Scanning (ms): Min: 0.5, Avg: 0.6, Max: 0.7, Diff: 0.2, Sum: 2.3]
      [Update RS (ms): Min: 0.6, Avg: 0.7, Max: 0.8, Diff: 0.2, Sum: 2.9]
         [Processed Buffers: Min: 2, Avg: 8.8, Max: 12, Diff: 10, Sum: 35]
      [Scan RS (ms): Min: 0.0, Avg: 0.0, Max: 0.0, Diff: 0.0, Sum: 0.0]
      [Code Root Scanning (ms): Min: 0.0, Avg: 0.0, Max: 0.0, Diff: 0.0, Sum: 0.0]
      [Object Copy (ms): Min: 1.9, Avg: 1.9, Max: 1.9, Diff: 0.1, Sum: 7.6]
      [Termination (ms): Min: 0.0, Avg: 0.0, Max: 0.0, Diff: 0.0, Sum: 0.0]
         [Termination Attempts: Min: 1, Avg: 1.0, Max: 1, Diff: 0, Sum: 4]
      [GC Worker Other (ms): Min: 0.0, Avg: 0.0, Max: 0.0, Diff: 0.0, Sum: 0.0]
      [GC Worker Total (ms): Min: 3.1, Avg: 3.2, Max: 3.3, Diff: 0.1, Sum: 12.9]
      [GC Worker End (ms): Min: 41711.6, Avg: 41711.6, Max: 41711.6, Diff: 0.0]
   [Code Root Fixup: 0.0 ms]
   [Code Root Purge: 0.0 ms]
   [String Dedup Fixup: 0.5 ms, GC Workers: 4]
      [Queue Fixup (ms): Min: 0.0, Avg: 0.0, Max: 0.0, Diff: 0.0, Sum: 0.0]
      [Table Fixup (ms): Min: 0.5, Avg: 0.5, Max: 0.5, Diff: 0.0, Sum: 1.9]
   [Clear CT: 0.0 ms]
   [Other: 0.4 ms]
      [Choose CSet: 0.0 ms]
      [Ref Proc: 0.0 ms]
      [Ref Enq: 0.0 ms]
      [Redirty Cards: 0.0 ms]
      [Humongous Register: 0.0 ms]
      [Humongous Reclaim: 0.0 ms]
      [Free CSet: 0.0 ms]
   [Eden: 32.0M(32.0M)->0.0B(33.0M) Survivors: 5120.0K->5120.0K Heap: 753.0M(758.0M)->727.0M(764.0M)]
 [Times: user=0.00 sys=0.00, real=0.01 secs] 
2016-06-27T18:01:15.456+0300: 41.713: Total time for which application threads were stopped: 0.0065102 seconds, Stopping threads took: 0.0015977 seconds
2016-06-27T18:01:15.459+0300: 41.716: [GC concurrent-string-deduplication, 4748.8K->4583.6K(165.2K), avg 1.7%, 0.0034559 secs]
   [Last Exec: 0.0034559 secs, Idle: 0.2699722 secs, Blocked: 0/0.0000000 secs]
      [Inspected:             242]
         [Skipped:              0(  0.0%)]
         [Hashed:             242(100.0%)]
         [Known:                0(  0.0%)]
         [New:                242(100.0%)   4748.8K]
      [Deduplicated:           13(  5.4%)    165.2K(  3.5%)]
         [Young:                0(  0.0%)      0.0B(  0.0%)]
         [Old:                 13(100.0%)    165.2K(100.0%)]
   [Total Exec: 207/0.5692657 secs, Idle: 207/40.9024935 secs, Blocked: 4/0.0086480 secs]
      [Inspected:           47657]
         [Skipped:            422(  0.9%)]
         [Hashed:           46257( 97.1%)]
         [Known:             4231(  8.9%)]
         [New:              43004( 90.2%)    778.1M]
      [Deduplicated:         2548(  5.9%)     13.6M(  1.7%)]
         [Young:                6(  0.2%)     25.1K(  0.2%)]
         [Old:               2542( 99.8%)     13.6M( 99.8%)]
   [Table]
      [Memory Usage: 1135.8K]
      [Size: 32768, Min: 1024, Max: 16777216]
      [Entries: 37539, Load: 114.6%, Cached: 0, Added: 44631, Removed: 7092]
      [Resize Count: 5, Shrink Threshold: 21845(66.7%), Grow Threshold: 65536(200.0%)]
      [Rehash Count: 1, Rehash Threshold: 120, Hash Seed: 0xc4e8cebb]
      [Age Threshold: 3]
   [Queue]
      [Dropped: 0]
2016-06-27T18:01:15.740+0300: 41.997: [GC pause (G1 Evacuation Pause) (mixed)
Desired survivor size 2621440 bytes, new threshold 1 (max 15)
- age   1:    5154616 bytes,    5154616 total
, 0.0112640 secs]
   [Parallel Time: 10.0 ms, GC Workers: 4]
      [GC Worker Start (ms): Min: 41997.0, Avg: 41997.0, Max: 41997.0, Diff: 0.0]
      [Ext Root Scanning (ms): Min: 0.4, Avg: 0.5, Max: 0.5, Diff: 0.1, Sum: 1.8]
      [Update RS (ms): Min: 0.4, Avg: 0.5, Max: 0.6, Diff: 0.2, Sum: 2.2]
         [Processed Buffers: Min: 2, Avg: 8.3, Max: 16, Diff: 14, Sum: 33]
      [Scan RS (ms): Min: 0.8, Avg: 0.9, Max: 1.0, Diff: 0.2, Sum: 3.7]
      [Code Root Scanning (ms): Min: 0.0, Avg: 0.0, Max: 0.0, Diff: 0.0, Sum: 0.0]
      [Object Copy (ms): Min: 8.0, Avg: 8.0, Max: 8.1, Diff: 0.1, Sum: 32.1]
      [Termination (ms): Min: 0.0, Avg: 0.0, Max: 0.0, Diff: 0.0, Sum: 0.0]
         [Termination Attempts: Min: 1, Avg: 1.5, Max: 2, Diff: 1, Sum: 6]
      [GC Worker Other (ms): Min: 0.0, Avg: 0.0, Max: 0.0, Diff: 0.0, Sum: 0.0]
      [GC Worker Total (ms): Min: 10.0, Avg: 10.0, Max: 10.0, Diff: 0.0, Sum: 39.9]
      [GC Worker End (ms): Min: 42007.0, Avg: 42007.0, Max: 42007.0, Diff: 0.0]
   [Code Root Fixup: 0.0 ms]
   [Code Root Purge: 0.0 ms]
   [String Dedup Fixup: 0.5 ms, GC Workers: 4]
      [Queue Fixup (ms): Min: 0.0, Avg: 0.0, Max: 0.0, Diff: 0.0, Sum: 0.0]
      [Table Fixup (ms): Min: 0.5, Avg: 0.5, Max: 0.5, Diff: 0.0, Sum: 1.9]
   [Clear CT: 0.1 ms]
   [Other: 0.6 ms]
      [Choose CSet: 0.1 ms]
      [Ref Proc: 0.0 ms]
      [Ref Enq: 0.0 ms]
      [Redirty Cards: 0.0 ms]
      [Humongous Register: 0.0 ms]
      [Humongous Reclaim: 0.0 ms]
      [Free CSet: 0.2 ms]
   [Eden: 33.0M(33.0M)->0.0B(34.0M) Survivors: 5120.0K->5120.0K Heap: 760.0M(764.0M)->722.0M(797.0M)]
 [Times: user=0.00 sys=0.00, real=0.01 secs] 
2016-06-27T18:01:15.751+0300: 42.008: Total time for which application threads were stopped: 0.0164874 seconds, Stopping threads took: 0.0046400 seconds
2016-06-27T18:01:15.755+0300: 42.012: [GC concurrent-string-deduplication, 5750.6K->5604.4K(146.2K), avg 1.8%, 0.0041217 secs]
   [Last Exec: 0.0041217 secs, Idle: 0.2920785 secs, Blocked: 0/0.0000000 secs]
      [Inspected:             299]
         [Skipped:              6(  2.0%)]
         [Hashed:             293( 98.0%)]
         [Known:                0(  0.0%)]
         [New:                293( 98.0%)   5750.6K]
      [Deduplicated:           13(  4.4%)    146.2K(  2.5%)]
         [Young:                0(  0.0%)      0.0B(  0.0%)]
         [Old:                 13(100.0%)    146.2K(100.0%)]
   [Total Exec: 208/0.5733874 secs, Idle: 208/41.1945720 secs, Blocked: 4/0.0086480 secs]
      [Inspected:           47956]
         [Skipped:            428(  0.9%)]
         [Hashed:           46550( 97.1%)]
         [Known:             4231(  8.8%)]
         [New:              43297( 90.3%)    783.7M]
      [Deduplicated:         2561(  5.9%)     13.7M(  1.8%)]
         [Young:                6(  0.2%)     25.1K(  0.2%)]
         [Old:               2555( 99.8%)     13.7M( 99.8%)]
   [Table]
      [Memory Usage: 1142.4K]
      [Size: 32768, Min: 1024, Max: 16777216]
      [Entries: 37819, Load: 115.4%, Cached: 0, Added: 44911, Removed: 7092]
      [Resize Count: 5, Shrink Threshold: 21845(66.7%), Grow Threshold: 65536(200.0%)]
      [Rehash Count: 1, Rehash Threshold: 120, Hash Seed: 0xc4e8cebb]
      [Age Threshold: 3]
   [Queue]
      [Dropped: 0]
2016-06-27T18:01:16.043+0300: 42.300: [GC pause (G1 Evacuation Pause) (young)
Desired survivor size 2621440 bytes, new threshold 1 (max 15)
- age   1:    4665112 bytes,    4665112 total
, 0.0070058 secs]
   [Parallel Time: 5.9 ms, GC Workers: 4]
      [GC Worker Start (ms): Min: 42300.5, Avg: 42300.5, Max: 42300.5, Diff: 0.0]
      [Ext Root Scanning (ms): Min: 0.5, Avg: 0.5, Max: 0.6, Diff: 0.1, Sum: 2.1]
      [Update RS (ms): Min: 3.8, Avg: 3.8, Max: 3.9, Diff: 0.2, Sum: 15.3]
         [Processed Buffers: Min: 4, Avg: 10.0, Max: 19, Diff: 15, Sum: 40]
      [Scan RS (ms): Min: 0.0, Avg: 0.0, Max: 0.0, Diff: 0.0, Sum: 0.0]
      [Code Root Scanning (ms): Min: 0.0, Avg: 0.0, Max: 0.0, Diff: 0.0, Sum: 0.0]
      [Object Copy (ms): Min: 1.3, Avg: 1.5, Max: 1.6, Diff: 0.2, Sum: 6.0]
      [Termination (ms): Min: 0.0, Avg: 0.0, Max: 0.0, Diff: 0.0, Sum: 0.0]
         [Termination Attempts: Min: 1, Avg: 1.0, Max: 1, Diff: 0, Sum: 4]
      [GC Worker Other (ms): Min: 0.0, Avg: 0.0, Max: 0.0, Diff: 0.0, Sum: 0.1]
      [GC Worker Total (ms): Min: 5.9, Avg: 5.9, Max: 5.9, Diff: 0.0, Sum: 23.5]
      [GC Worker End (ms): Min: 42306.3, Avg: 42306.3, Max: 42306.3, Diff: 0.0]
   [Code Root Fixup: 0.0 ms]
   [Code Root Purge: 0.0 ms]
   [String Dedup Fixup: 0.6 ms, GC Workers: 4]
      [Queue Fixup (ms): Min: 0.0, Avg: 0.0, Max: 0.0, Diff: 0.0, Sum: 0.0]
      [Table Fixup (ms): Min: 0.1, Avg: 0.4, Max: 0.5, Diff: 0.4, Sum: 1.7]
   [Clear CT: 0.0 ms]
   [Other: 0.5 ms]
      [Choose CSet: 0.0 ms]
      [Ref Proc: 0.1 ms]
      [Ref Enq: 0.0 ms]
      [Redirty Cards: 0.0 ms]
      [Humongous Register: 0.0 ms]
      [Humongous Reclaim: 0.0 ms]
      [Free CSet: 0.1 ms]
   [Eden: 34.0M(34.0M)->0.0B(34.0M) Survivors: 5120.0K->5120.0K Heap: 756.0M(797.0M)->728.5M(797.0M)]
 [Times: user=0.00 sys=0.00, real=0.01 secs] 
2016-06-27T18:01:16.050+0300: 42.308: Total time for which application threads were stopped: 0.0153028 seconds, Stopping threads took: 0.0076640 seconds
2016-06-27T18:01:16.054+0300: 42.311: [GC concurrent-string-deduplication, 4948.9K->4783.7K(165.2K), avg 1.8%, 0.0035290 secs]
   [Last Exec: 0.0035290 secs, Idle: 0.2950481 secs, Blocked: 0/0.0000000 secs]
      [Inspected:             255]
         [Skipped:              3(  1.2%)]
         [Hashed:             252( 98.8%)]
         [Known:                0(  0.0%)]
         [New:                252( 98.8%)   4948.9K]
      [Deduplicated:           13(  5.2%)    165.2K(  3.3%)]
         [Young:                0(  0.0%)      0.0B(  0.0%)]
         [Old:                 13(100.0%)    165.2K(100.0%)]
   [Total Exec: 209/0.5769164 secs, Idle: 209/41.4896202 secs, Blocked: 4/0.0086480 secs]
      [Inspected:           48211]
         [Skipped:            431(  0.9%)]
         [Hashed:           46802( 97.1%)]
         [Known:             4231(  8.8%)]
         [New:              43549( 90.3%)    788.5M]
      [Deduplicated:         2574(  5.9%)     13.9M(  1.8%)]
         [Young:                6(  0.2%)     25.1K(  0.2%)]
         [Old:               2568( 99.8%)     13.9M( 99.8%)]
   [Table]
      [Memory Usage: 1148.0K]
      [Size: 32768, Min: 1024, Max: 16777216]
      [Entries: 38058, Load: 116.1%, Cached: 0, Added: 45150, Removed: 7092]
      [Resize Count: 5, Shrink Threshold: 21845(66.7%), Grow Threshold: 65536(200.0%)]
      [Rehash Count: 1, Rehash Threshold: 120, Hash Seed: 0xc4e8cebb]
      [Age Threshold: 3]
   [Queue]
      [Dropped: 0]
2016-06-27T18:01:16.341+0300: 42.598: [GC pause (G1 Evacuation Pause) (young) (initial-mark)
Desired survivor size 2621440 bytes, new threshold 1 (max 15)
- age   1:    5086176 bytes,    5086176 total
, 0.0041089 secs]
   [Parallel Time: 2.9 ms, GC Workers: 4]
      [GC Worker Start (ms): Min: 42598.2, Avg: 42598.2, Max: 42598.2, Diff: 0.0]
      [Ext Root Scanning (ms): Min: 0.5, Avg: 0.5, Max: 0.7, Diff: 0.2, Sum: 2.2]
      [Update RS (ms): Min: 0.4, Avg: 0.5, Max: 0.7, Diff: 0.3, Sum: 2.2]
         [Processed Buffers: Min: 4, Avg: 9.8, Max: 14, Diff: 10, Sum: 39]
      [Scan RS (ms): Min: 0.0, Avg: 0.0, Max: 0.0, Diff: 0.0, Sum: 0.0]
      [Code Root Scanning (ms): Min: 0.0, Avg: 0.0, Max: 0.0, Diff: 0.0, Sum: 0.0]
      [Object Copy (ms): Min: 1.7, Avg: 1.7, Max: 1.8, Diff: 0.1, Sum: 6.9]
      [Termination (ms): Min: 0.0, Avg: 0.0, Max: 0.0, Diff: 0.0, Sum: 0.0]
         [Termination Attempts: Min: 1, Avg: 1.0, Max: 1, Diff: 0, Sum: 4]
      [GC Worker Other (ms): Min: 0.0, Avg: 0.0, Max: 0.0, Diff: 0.0, Sum: 0.1]
      [GC Worker Total (ms): Min: 2.8, Avg: 2.8, Max: 2.9, Diff: 0.0, Sum: 11.4]
      [GC Worker End (ms): Min: 42601.1, Avg: 42601.1, Max: 42601.1, Diff: 0.0]
   [Code Root Fixup: 0.0 ms]
   [Code Root Purge: 0.0 ms]
   [String Dedup Fixup: 0.6 ms, GC Workers: 4]
      [Queue Fixup (ms): Min: 0.0, Avg: 0.0, Max: 0.0, Diff: 0.0, Sum: 0.0]
      [Table Fixup (ms): Min: 0.2, Avg: 0.5, Max: 0.6, Diff: 0.4, Sum: 2.0]
   [Clear CT: 0.0 ms]
   [Other: 0.6 ms]
      [Choose CSet: 0.0 ms]
      [Ref Proc: 0.1 ms]
      [Ref Enq: 0.0 ms]
      [Redirty Cards: 0.0 ms]
      [Humongous Register: 0.0 ms]
      [Humongous Reclaim: 0.0 ms]
      [Free CSet: 0.1 ms]
   [Eden: 34.0M(34.0M)->0.0B(34.0M) Survivors: 5120.0K->5120.0K Heap: 762.5M(797.0M)->735.5M(797.0M)]
 [Times: user=0.00 sys=0.00, real=0.00 secs] 
2016-06-27T18:01:16.345+0300: 42.602: [GC concurrent-root-region-scan-start]
2016-06-27T18:01:16.345+0300: 42.602: Total time for which application threads were stopped: 0.0096744 seconds, Stopping threads took: 0.0049270 seconds
2016-06-27T18:01:16.346+0300: 42.603: [GC concurrent-root-region-scan-end, 0.0005619 secs]
2016-06-27T18:01:16.346+0300: 42.603: [GC concurrent-mark-start]
2016-06-27T18:01:16.349+0300: 42.607: [GC concurrent-string-deduplication, 5830.6K->5544.3K(286.3K), avg 1.8%, 0.0041850 secs]
   [Last Exec: 0.0041850 secs, Idle: 0.2911595 secs, Blocked: 0/0.0000000 secs]
      [Inspected:             299]
         [Skipped:              2(  0.7%)]
         [Hashed:             297( 99.3%)]
         [Known:                0(  0.0%)]
         [New:                297( 99.3%)   5830.6K]
      [Deduplicated:           20(  6.7%)    286.3K(  4.9%)]
         [Young:                0(  0.0%)      0.0B(  0.0%)]
         [Old:                 20(100.0%)    286.3K(100.0%)]
   [Total Exec: 210/0.5811014 secs, Idle: 210/41.7807797 secs, Blocked: 4/0.0086480 secs]
      [Inspected:           48510]
         [Skipped:            433(  0.9%)]
         [Hashed:           47099( 97.1%)]
         [Known:             4231(  8.7%)]
         [New:              43846( 90.4%)    794.2M]
      [Deduplicated:         2594(  5.9%)     14.2M(  1.8%)]
         [Young:                6(  0.2%)     25.1K(  0.2%)]
         [Old:               2588( 99.8%)     14.2M( 99.8%)]
   [Table]
      [Memory Usage: 1154.5K]
      [Size: 32768, Min: 1024, Max: 16777216]
      [Entries: 38335, Load: 117.0%, Cached: 0, Added: 45427, Removed: 7092]
      [Resize Count: 5, Shrink Threshold: 21845(66.7%), Grow Threshold: 65536(200.0%)]
      [Rehash Count: 1, Rehash Threshold: 120, Hash Seed: 0xc4e8cebb]
      [Age Threshold: 3]
   [Queue]
      [Dropped: 0]
2016-06-27T18:01:16.399+0300: 42.656: [GC concurrent-mark-end, 0.0519480 secs]
2016-06-27T18:01:16.431+0300: 42.688: [GC remark 2016-06-27T18:01:16.431+0300: 42.688: [Finalize Marking, 0.0001719 secs] 2016-06-27T18:01:16.431+0300: 42.688: [GC ref-proc, 0.0000941 secs] 2016-06-27T18:01:16.431+0300: 42.688: [Unloading, 0.0023038 secs], 0.0057160 secs]
 [Times: user=0.00 sys=0.00, real=0.01 secs] 
2016-06-27T18:01:16.436+0300: 42.694: Total time for which application threads were stopped: 0.0068151 seconds, Stopping threads took: 0.0006355 seconds
2016-06-27T18:01:16.605+0300: 42.863: [GC cleanup 769M->769M(797M), 0.0014284 secs]
 [Times: user=0.00 sys=0.00, real=0.00 secs] 
2016-06-27T18:01:16.607+0300: 42.864: Total time for which application threads were stopped: 0.0066457 seconds, Stopping threads took: 0.0047170 seconds
2016-06-27T18:01:16.610+0300: 42.867: [GC pause (G1 Evacuation Pause) (young)
Desired survivor size 2621440 bytes, new threshold 1 (max 15)
- age   1:    4814352 bytes,    4814352 total
, 0.0037133 secs]
   [Parallel Time: 2.8 ms, GC Workers: 4]
      [GC Worker Start (ms): Min: 42867.2, Avg: 42867.2, Max: 42867.2, Diff: 0.0]
      [Ext Root Scanning (ms): Min: 0.4, Avg: 0.4, Max: 0.5, Diff: 0.1, Sum: 1.8]
      [Update RS (ms): Min: 0.7, Avg: 0.7, Max: 0.8, Diff: 0.1, Sum: 2.7]
         [Processed Buffers: Min: 2, Avg: 9.8, Max: 21, Diff: 19, Sum: 39]
      [Scan RS (ms): Min: 0.0, Avg: 0.0, Max: 0.0, Diff: 0.0, Sum: 0.0]
      [Code Root Scanning (ms): Min: 0.0, Avg: 0.0, Max: 0.0, Diff: 0.0, Sum: 0.0]
      [Object Copy (ms): Min: 1.4, Avg: 1.6, Max: 1.6, Diff: 0.2, Sum: 6.3]
      [Termination (ms): Min: 0.0, Avg: 0.0, Max: 0.0, Diff: 0.0, Sum: 0.0]
         [Termination Attempts: Min: 1, Avg: 1.0, Max: 1, Diff: 0, Sum: 4]
      [GC Worker Other (ms): Min: 0.0, Avg: 0.0, Max: 0.0, Diff: 0.0, Sum: 0.1]
      [GC Worker Total (ms): Min: 2.7, Avg: 2.7, Max: 2.7, Diff: 0.0, Sum: 10.9]
      [GC Worker End (ms): Min: 42869.9, Avg: 42869.9, Max: 42869.9, Diff: 0.0]
   [Code Root Fixup: 0.0 ms]
   [Code Root Purge: 0.0 ms]
   [String Dedup Fixup: 0.4 ms, GC Workers: 4]
      [Queue Fixup (ms): Min: 0.0, Avg: 0.0, Max: 0.0, Diff: 0.0, Sum: 0.0]
      [Table Fixup (ms): Min: 0.4, Avg: 0.4, Max: 0.4, Diff: 0.0, Sum: 1.6]
   [Clear CT: 0.0 ms]
   [Other: 0.5 ms]
      [Choose CSet: 0.0 ms]
      [Ref Proc: 0.1 ms]
      [Ref Enq: 0.0 ms]
      [Redirty Cards: 0.0 ms]
      [Humongous Register: 0.0 ms]
      [Humongous Reclaim: 0.0 ms]
      [Free CSet: 0.1 ms]
   [Eden: 34.0M(34.0M)->0.0B(34.0M) Survivors: 5120.0K->5120.0K Heap: 769.5M(797.0M)->742.5M(797.0M)]
 [Times: user=0.00 sys=0.00, real=0.00 secs] 
2016-06-27T18:01:16.614+0300: 42.871: Total time for which application threads were stopped: 0.0043043 seconds, Stopping threads took: 0.0000624 seconds
2016-06-27T18:01:16.617+0300: 42.875: [GC concurrent-string-deduplication, 5270.2K->5084.0K(186.2K), avg 1.8%, 0.0036162 secs]
   [Last Exec: 0.0036162 secs, Idle: 0.2642622 secs, Blocked: 0/0.0000000 secs]
      [Inspected:             270]
         [Skipped:              1(  0.4%)]
         [Hashed:             269( 99.6%)]
         [Known:                0(  0.0%)]
         [New:                269( 99.6%)   5270.2K]
      [Deduplicated:           15(  5.6%)    186.2K(  3.5%)]
         [Young:                0(  0.0%)      0.0B(  0.0%)]
         [Old:                 15(100.0%)    186.2K(100.0%)]
   [Total Exec: 211/0.5847177 secs, Idle: 211/42.0450418 secs, Blocked: 4/0.0086480 secs]
      [Inspected:           48780]
         [Skipped:            434(  0.9%)]
         [Hashed:           47368( 97.1%)]
         [Known:             4231(  8.7%)]
         [New:              44115( 90.4%)    799.4M]
      [Deduplicated:         2609(  5.9%)     14.4M(  1.8%)]
         [Young:                6(  0.2%)     25.1K(  0.2%)]
         [Old:               2603( 99.8%)     14.3M( 99.8%)]
   [Table]
      [Memory Usage: 1154.5K]
      [Size: 32768, Min: 1024, Max: 16777216]
      [Entries: 37855, Load: 115.5%, Cached: 480, Added: 45681, Removed: 7826]
      [Resize Count: 5, Shrink Threshold: 21845(66.7%), Grow Threshold: 65536(200.0%)]
      [Rehash Count: 1, Rehash Threshold: 120, Hash Seed: 0xc4e8cebb]
      [Age Threshold: 3]
   [Queue]
      [Dropped: 0]
2016-06-27T18:01:16.883+0300: 43.140: [GC pause (G1 Evacuation Pause) (mixed)
Desired survivor size 2621440 bytes, new threshold 1 (max 15)
- age   1:    4741472 bytes,    4741472 total
, 0.0156013 secs]
   [Parallel Time: 14.1 ms, GC Workers: 4]
      [GC Worker Start (ms): Min: 43140.0, Avg: 43140.0, Max: 43140.0, Diff: 0.0]
      [Ext Root Scanning (ms): Min: 0.4, Avg: 0.5, Max: 0.6, Diff: 0.2, Sum: 1.9]
      [Update RS (ms): Min: 0.5, Avg: 0.6, Max: 0.7, Diff: 0.2, Sum: 2.5]
         [Processed Buffers: Min: 4, Avg: 10.0, Max: 15, Diff: 11, Sum: 40]
      [Scan RS (ms): Min: 1.5, Avg: 1.5, Max: 1.6, Diff: 0.1, Sum: 6.2]
      [Code Root Scanning (ms): Min: 0.0, Avg: 0.0, Max: 0.0, Diff: 0.0, Sum: 0.0]
      [Object Copy (ms): Min: 11.2, Avg: 11.3, Max: 11.4, Diff: 0.1, Sum: 45.3]
      [Termination (ms): Min: 0.0, Avg: 0.0, Max: 0.0, Diff: 0.0, Sum: 0.1]
         [Termination Attempts: Min: 1, Avg: 1.0, Max: 1, Diff: 0, Sum: 4]
      [GC Worker Other (ms): Min: 0.0, Avg: 0.0, Max: 0.0, Diff: 0.0, Sum: 0.1]
      [GC Worker Total (ms): Min: 14.0, Avg: 14.0, Max: 14.0, Diff: 0.0, Sum: 56.2]
      [GC Worker End (ms): Min: 43154.0, Avg: 43154.0, Max: 43154.0, Diff: 0.0]
   [Code Root Fixup: 0.0 ms]
   [Code Root Purge: 0.0 ms]
   [String Dedup Fixup: 0.5 ms, GC Workers: 4]
      [Queue Fixup (ms): Min: 0.0, Avg: 0.0, Max: 0.0, Diff: 0.0, Sum: 0.0]
      [Table Fixup (ms): Min: 0.5, Avg: 0.5, Max: 0.5, Diff: 0.0, Sum: 2.0]
   [Clear CT: 0.2 ms]
   [Other: 0.8 ms]
      [Choose CSet: 0.1 ms]
      [Ref Proc: 0.1 ms]
      [Ref Enq: 0.0 ms]
      [Redirty Cards: 0.0 ms]
      [Humongous Register: 0.0 ms]
      [Humongous Reclaim: 0.0 ms]
      [Free CSet: 0.3 ms]
   [Eden: 34.0M(34.0M)->0.0B(36.0M) Survivors: 5120.0K->5120.0K Heap: 776.5M(797.0M)->728.0M(834.0M)]
 [Times: user=0.00 sys=0.06, real=0.02 secs] 
2016-06-27T18:01:16.899+0300: 43.156: Total time for which application threads were stopped: 0.0189156 seconds, Stopping threads took: 0.0026155 seconds
2016-06-27T18:01:16.902+0300: 43.160: [GC concurrent-string-deduplication, 5297.3K->5084.0K(213.4K), avg 1.8%, 0.0038053 secs]
   [Last Exec: 0.0038053 secs, Idle: 0.2810899 secs, Blocked: 0/0.0000000 secs]
      [Inspected:             292]
         [Skipped:             15(  5.1%)]
         [Hashed:             277( 94.9%)]
         [Known:                0(  0.0%)]
         [New:                277( 94.9%)   5297.3K]
      [Deduplicated:           23(  8.3%)    213.4K(  4.0%)]
         [Young:                0(  0.0%)      0.0B(  0.0%)]
         [Old:                 23(100.0%)    213.4K(100.0%)]
   [Total Exec: 212/0.5885230 secs, Idle: 212/42.3261318 secs, Blocked: 4/0.0086480 secs]
      [Inspected:           49072]
         [Skipped:            449(  0.9%)]
         [Hashed:           47645( 97.1%)]
         [Known:             4231(  8.6%)]
         [New:              44392( 90.5%)    804.6M]
      [Deduplicated:         2632(  5.9%)     14.6M(  1.8%)]
         [Young:                6(  0.2%)     25.1K(  0.2%)]
         [Old:               2626( 99.8%)     14.5M( 99.8%)]
   [Table]
      [Memory Usage: 1154.5K]
      [Size: 32768, Min: 1024, Max: 16777216]
      [Entries: 38109, Load: 116.3%, Cached: 226, Added: 45935, Removed: 7826]
      [Resize Count: 5, Shrink Threshold: 21845(66.7%), Grow Threshold: 65536(200.0%)]
      [Rehash Count: 1, Rehash Threshold: 120, Hash Seed: 0xc4e8cebb]
      [Age Threshold: 3]
   [Queue]
      [Dropped: 0]
2016-06-27T18:01:17.202+0300: 43.460: [GC pause (G1 Evacuation Pause) (young)
Desired survivor size 3145728 bytes, new threshold 1 (max 15)
- age   1:    4921824 bytes,    4921824 total
, 0.0090162 secs]
   [Parallel Time: 7.9 ms, GC Workers: 4]
      [GC Worker Start (ms): Min: 43459.8, Avg: 43459.8, Max: 43459.8, Diff: 0.0]
      [Ext Root Scanning (ms): Min: 0.5, Avg: 0.6, Max: 0.6, Diff: 0.1, Sum: 2.3]
      [Update RS (ms): Min: 5.6, Avg: 5.6, Max: 5.7, Diff: 0.1, Sum: 22.5]
         [Processed Buffers: Min: 8, Avg: 12.0, Max: 16, Diff: 8, Sum: 48]
      [Scan RS (ms): Min: 0.0, Avg: 0.0, Max: 0.0, Diff: 0.0, Sum: 0.0]
      [Code Root Scanning (ms): Min: 0.0, Avg: 0.0, Max: 0.0, Diff: 0.0, Sum: 0.0]
      [Object Copy (ms): Min: 1.6, Avg: 1.7, Max: 1.7, Diff: 0.1, Sum: 6.6]
      [Termination (ms): Min: 0.0, Avg: 0.0, Max: 0.0, Diff: 0.0, Sum: 0.0]
         [Termination Attempts: Min: 1, Avg: 1.0, Max: 1, Diff: 0, Sum: 4]
      [GC Worker Other (ms): Min: 0.0, Avg: 0.0, Max: 0.0, Diff: 0.0, Sum: 0.1]
      [GC Worker Total (ms): Min: 7.9, Avg: 7.9, Max: 7.9, Diff: 0.0, Sum: 31.5]
      [GC Worker End (ms): Min: 43467.7, Avg: 43467.7, Max: 43467.7, Diff: 0.0]
   [Code Root Fixup: 0.0 ms]
   [Code Root Purge: 0.0 ms]
   [String Dedup Fixup: 0.5 ms, GC Workers: 4]
      [Queue Fixup (ms): Min: 0.0, Avg: 0.0, Max: 0.0, Diff: 0.0, Sum: 0.0]
      [Table Fixup (ms): Min: 0.4, Avg: 0.4, Max: 0.4, Diff: 0.0, Sum: 1.7]
   [Clear CT: 0.1 ms]
   [Other: 0.5 ms]
      [Choose CSet: 0.0 ms]
      [Ref Proc: 0.1 ms]
      [Ref Enq: 0.0 ms]
      [Redirty Cards: 0.0 ms]
      [Humongous Register: 0.0 ms]
      [Humongous Reclaim: 0.0 ms]
      [Free CSet: 0.1 ms]
   [Eden: 36.0M(36.0M)->0.0B(35.0M) Survivors: 5120.0K->6144.0K Heap: 764.0M(834.0M)->734.5M(834.0M)]
 [Times: user=0.06 sys=0.00, real=0.01 secs] 
2016-06-27T18:01:17.212+0300: 43.469: Total time for which application threads were stopped: 0.0167675 seconds, Stopping threads took: 0.0070674 seconds
2016-06-27T18:01:17.215+0300: 43.472: [GC concurrent-string-deduplication, 4607.7K->4503.5K(104.1K), avg 1.8%, 0.0032669 secs]
   [Last Exec: 0.0032669 secs, Idle: 0.3093579 secs, Blocked: 0/0.0000000 secs]
      [Inspected:             234]
         [Skipped:              0(  0.0%)]
         [Hashed:             234(100.0%)]
         [Known:                0(  0.0%)]
         [New:                234(100.0%)   4607.7K]
      [Deduplicated:            9(  3.8%)    104.1K(  2.3%)]
         [Young:                0(  0.0%)      0.0B(  0.0%)]
         [Old:                  9(100.0%)    104.1K(100.0%)]
   [Total Exec: 213/0.5917898 secs, Idle: 213/42.6354897 secs, Blocked: 4/0.0086480 secs]
      [Inspected:           49306]
         [Skipped:            449(  0.9%)]
         [Hashed:           47879( 97.1%)]
         [Known:             4231(  8.6%)]
         [New:              44626( 90.5%)    809.1M]
      [Deduplicated:         2641(  5.9%)     14.7M(  1.8%)]
         [Young:                6(  0.2%)     25.1K(  0.2%)]
         [Old:               2635( 99.8%)     14.6M( 99.8%)]
   [Table]
      [Memory Usage: 1154.5K]
      [Size: 32768, Min: 1024, Max: 16777216]
      [Entries: 38334, Load: 117.0%, Cached: 1, Added: 46160, Removed: 7826]
      [Resize Count: 5, Shrink Threshold: 21845(66.7%), Grow Threshold: 65536(200.0%)]
      [Rehash Count: 1, Rehash Threshold: 120, Hash Seed: 0xc4e8cebb]
      [Age Threshold: 3]
   [Queue]
      [Dropped: 0]
2016-06-27T18:01:17.508+0300: 43.766: [GC pause (G1 Evacuation Pause) (young) (initial-mark)
Desired survivor size 3145728 bytes, new threshold 1 (max 15)
- age   1:    6054312 bytes,    6054312 total
, 0.0040289 secs]
   [Parallel Time: 2.9 ms, GC Workers: 4]
      [GC Worker Start (ms): Min: 43766.2, Avg: 43766.2, Max: 43766.2, Diff: 0.0]
      [Ext Root Scanning (ms): Min: 0.5, Avg: 0.5, Max: 0.7, Diff: 0.2, Sum: 2.1]
      [Update RS (ms): Min: 0.4, Avg: 0.5, Max: 0.6, Diff: 0.2, Sum: 1.8]
         [Processed Buffers: Min: 1, Avg: 8.5, Max: 16, Diff: 15, Sum: 34]
      [Scan RS (ms): Min: 0.0, Avg: 0.0, Max: 0.0, Diff: 0.0, Sum: 0.0]
      [Code Root Scanning (ms): Min: 0.0, Avg: 0.0, Max: 0.0, Diff: 0.0, Sum: 0.0]
      [Object Copy (ms): Min: 1.8, Avg: 1.8, Max: 1.9, Diff: 0.1, Sum: 7.4]
      [Termination (ms): Min: 0.0, Avg: 0.0, Max: 0.0, Diff: 0.0, Sum: 0.0]
         [Termination Attempts: Min: 1, Avg: 1.0, Max: 1, Diff: 0, Sum: 4]
      [GC Worker Other (ms): Min: 0.0, Avg: 0.0, Max: 0.0, Diff: 0.0, Sum: 0.1]
      [GC Worker Total (ms): Min: 2.8, Avg: 2.8, Max: 2.9, Diff: 0.0, Sum: 11.4]
      [GC Worker End (ms): Min: 43769.1, Avg: 43769.1, Max: 43769.1, Diff: 0.0]
   [Code Root Fixup: 0.0 ms]
   [Code Root Purge: 0.0 ms]
   [String Dedup Fixup: 0.5 ms, GC Workers: 4]
      [Queue Fixup (ms): Min: 0.0, Avg: 0.0, Max: 0.0, Diff: 0.0, Sum: 0.0]
      [Table Fixup (ms): Min: 0.4, Avg: 0.4, Max: 0.4, Diff: 0.0, Sum: 1.7]
   [Clear CT: 0.0 ms]
   [Other: 0.6 ms]
      [Choose CSet: 0.0 ms]
      [Ref Proc: 0.1 ms]
      [Ref Enq: 0.0 ms]
      [Redirty Cards: 0.0 ms]
      [Humongous Register: 0.0 ms]
      [Humongous Reclaim: 0.0 ms]
      [Free CSet: 0.0 ms]
   [Eden: 35.0M(35.0M)->0.0B(35.0M) Survivors: 6144.0K->6144.0K Heap: 769.5M(834.0M)->741.5M(834.0M)]
 [Times: user=0.00 sys=0.00, real=0.01 secs] 
2016-06-27T18:01:17.513+0300: 43.770: [GC concurrent-root-region-scan-start]
2016-06-27T18:01:17.513+0300: 43.770: Total time for which application threads were stopped: 0.0071534 seconds, Stopping threads took: 0.0025129 seconds
2016-06-27T18:01:17.513+0300: 43.771: [GC concurrent-root-region-scan-end, 0.0004499 secs]
2016-06-27T18:01:17.513+0300: 43.771: [GC concurrent-mark-start]
2016-06-27T18:01:17.517+0300: 43.774: [GC concurrent-string-deduplication, 5808.6K->5604.4K(204.2K), avg 1.8%, 0.0041919 secs]
   [Last Exec: 0.0041919 secs, Idle: 0.2979301 secs, Blocked: 0/0.0000000 secs]
      [Inspected:             294]
         [Skipped:              0(  0.0%)]
         [Hashed:             294(100.0%)]
         [Known:                0(  0.0%)]
         [New:                294(100.0%)   5808.6K]
      [Deduplicated:           14(  4.8%)    204.2K(  3.5%)]
         [Young:                0(  0.0%)      0.0B(  0.0%)]
         [Old:                 14(100.0%)    204.2K(100.0%)]
   [Total Exec: 214/0.5959817 secs, Idle: 214/42.9334198 secs, Blocked: 4/0.0086480 secs]
      [Inspected:           49600]
         [Skipped:            449(  0.9%)]
         [Hashed:           48173( 97.1%)]
         [Known:             4231(  8.5%)]
         [New:              44920( 90.6%)    814.7M]
      [Deduplicated:         2655(  5.9%)     14.9M(  1.8%)]
         [Young:                6(  0.2%)     25.1K(  0.2%)]
         [Old:               2649( 99.8%)     14.8M( 99.8%)]
   [Table]
      [Memory Usage: 1161.0K]
      [Size: 32768, Min: 1024, Max: 16777216]
      [Entries: 38614, Load: 117.8%, Cached: 0, Added: 46440, Removed: 7826]
      [Resize Count: 5, Shrink Threshold: 21845(66.7%), Grow Threshold: 65536(200.0%)]
      [Rehash Count: 1, Rehash Threshold: 120, Hash Seed: 0xc4e8cebb]
      [Age Threshold: 3]
   [Queue]
      [Dropped: 0]
2016-06-27T18:01:17.562+0300: 43.820: [GC concurrent-mark-end, 0.0488185 secs]
2016-06-27T18:01:17.593+0300: 43.850: [GC remark 2016-06-27T18:01:17.593+0300: 43.850: [Finalize Marking, 0.0001458 secs] 2016-06-27T18:01:17.593+0300: 43.850: [GC ref-proc, 0.0000932 secs] 2016-06-27T18:01:17.593+0300: 43.850: [Unloading, 0.0023350 secs], 0.0060637 secs]
 [Times: user=0.06 sys=0.00, real=0.01 secs] 
2016-06-27T18:01:17.599+0300: 43.856: Total time for which application threads were stopped: 0.0097758 seconds, Stopping threads took: 0.0032964 seconds
2016-06-27T18:01:17.609+0300: 43.866: Total time for which application threads were stopped: 0.0003883 seconds, Stopping threads took: 0.0000731 seconds
2016-06-27T18:01:17.646+0300: 43.903: [GC cleanup 763M->763M(834M), 0.0015173 secs]
 [Times: user=0.00 sys=0.00, real=0.00 secs] 
2016-06-27T18:01:17.648+0300: 43.905: Total time for which application threads were stopped: 0.0036500 seconds, Stopping threads took: 0.0017367 seconds
2016-06-27T18:01:17.763+0300: 44.020: [GC pause (G1 Evacuation Pause) (young)
Desired survivor size 3145728 bytes, new threshold 1 (max 15)
- age   1:    5874184 bytes,    5874184 total
, 0.0045490 secs]
   [Parallel Time: 3.3 ms, GC Workers: 4]
      [GC Worker Start (ms): Min: 44020.0, Avg: 44020.1, Max: 44020.2, Diff: 0.3]
      [Ext Root Scanning (ms): Min: 0.5, Avg: 1.2, Max: 3.1, Diff: 2.6, Sum: 5.0]
      [Update RS (ms): Min: 0.0, Avg: 0.4, Max: 0.5, Diff: 0.5, Sum: 1.4]
         [Processed Buffers: Min: 0, Avg: 4.3, Max: 10, Diff: 10, Sum: 17]
      [Scan RS (ms): Min: 0.0, Avg: 0.0, Max: 0.0, Diff: 0.0, Sum: 0.0]
      [Code Root Scanning (ms): Min: 0.0, Avg: 0.0, Max: 0.0, Diff: 0.0, Sum: 0.0]
      [Object Copy (ms): Min: 0.1, Avg: 1.5, Max: 2.0, Diff: 1.8, Sum: 5.8]
      [Termination (ms): Min: 0.0, Avg: 0.1, Max: 0.1, Diff: 0.1, Sum: 0.4]
         [Termination Attempts: Min: 1, Avg: 1.3, Max: 2, Diff: 1, Sum: 5]
      [GC Worker Other (ms): Min: 0.0, Avg: 0.0, Max: 0.0, Diff: 0.0, Sum: 0.0]
      [GC Worker Total (ms): Min: 3.0, Avg: 3.2, Max: 3.2, Diff: 0.2, Sum: 12.7]
      [GC Worker End (ms): Min: 44023.2, Avg: 44023.2, Max: 44023.2, Diff: 0.0]
   [Code Root Fixup: 0.0 ms]
   [Code Root Purge: 0.0 ms]
   [String Dedup Fixup: 0.8 ms, GC Workers: 4]
      [Queue Fixup (ms): Min: 0.0, Avg: 0.0, Max: 0.0, Diff: 0.0, Sum: 0.0]
      [Table Fixup (ms): Min: 0.0, Avg: 0.6, Max: 0.8, Diff: 0.8, Sum: 2.2]
   [Clear CT: 0.0 ms]
   [Other: 0.4 ms]
      [Choose CSet: 0.0 ms]
      [Ref Proc: 0.1 ms]
      [Ref Enq: 0.0 ms]
      [Redirty Cards: 0.0 ms]
      [Humongous Register: 0.0 ms]
      [Humongous Reclaim: 0.0 ms]
      [Free CSet: 0.1 ms]
   [Eden: 35.0M(35.0M)->0.0B(35.0M) Survivors: 6144.0K->6144.0K Heap: 776.5M(834.0M)->749.0M(834.0M)]
 [Times: user=0.00 sys=0.00, real=0.00 secs] 
2016-06-27T18:01:17.767+0300: 44.025: Total time for which application threads were stopped: 0.0199723 seconds, Stopping threads took: 0.0148422 seconds
2016-06-27T18:01:17.772+0300: 44.029: [GC concurrent-string-deduplication, 5826.6K->5604.4K(222.2K), avg 1.8%, 0.0041307 secs]
   [Last Exec: 0.0041307 secs, Idle: 0.2501825 secs, Blocked: 0/0.0000000 secs]
      [Inspected:             294]
         [Skipped:              1(  0.3%)]
         [Hashed:             293( 99.7%)]
         [Known:                0(  0.0%)]
         [New:                293( 99.7%)   5826.6K]
      [Deduplicated:           13(  4.4%)    222.2K(  3.8%)]
         [Young:                0(  0.0%)      0.0B(  0.0%)]
         [Old:                 13(100.0%)    222.2K(100.0%)]
   [Total Exec: 215/0.6001124 secs, Idle: 215/43.1836023 secs, Blocked: 4/0.0086480 secs]
      [Inspected:           49894]
         [Skipped:            450(  0.9%)]
         [Hashed:           48466( 97.1%)]
         [Known:             4231(  8.5%)]
         [New:              45213( 90.6%)    820.4M]
      [Deduplicated:         2668(  5.9%)     15.1M(  1.8%)]
         [Young:                6(  0.2%)     25.1K(  0.2%)]
         [Old:               2662( 99.8%)     15.1M( 99.8%)]
   [Table]
      [Memory Usage: 1162.3K]
      [Size: 32768, Min: 1024, Max: 16777216]
      [Entries: 38669, Load: 118.0%, Cached: 0, Added: 46783, Removed: 8114]
      [Resize Count: 5, Shrink Threshold: 21845(66.7%), Grow Threshold: 65536(200.0%)]
      [Rehash Count: 1, Rehash Threshold: 120, Hash Seed: 0xc4e8cebb]
      [Age Threshold: 3]
   [Queue]
      [Dropped: 0]
2016-06-27T18:01:17.929+0300: 44.186: [GC pause (G1 Evacuation Pause) (mixed)
Desired survivor size 3145728 bytes, new threshold 1 (max 15)
- age   1:    5478680 bytes,    5478680 total
, 0.0067852 secs]
   [Parallel Time: 5.6 ms, GC Workers: 4]
      [GC Worker Start (ms): Min: 44186.3, Avg: 44186.3, Max: 44186.3, Diff: 0.0]
      [Ext Root Scanning (ms): Min: 0.4, Avg: 0.5, Max: 0.5, Diff: 0.1, Sum: 1.9]
      [Update RS (ms): Min: 0.2, Avg: 0.3, Max: 0.3, Diff: 0.1, Sum: 1.1]
         [Processed Buffers: Min: 1, Avg: 4.5, Max: 9, Diff: 8, Sum: 18]
      [Scan RS (ms): Min: 0.6, Avg: 0.6, Max: 0.7, Diff: 0.1, Sum: 2.5]
      [Code Root Scanning (ms): Min: 0.0, Avg: 0.0, Max: 0.0, Diff: 0.0, Sum: 0.0]
      [Object Copy (ms): Min: 4.1, Avg: 4.2, Max: 4.2, Diff: 0.1, Sum: 16.8]
      [Termination (ms): Min: 0.0, Avg: 0.0, Max: 0.0, Diff: 0.0, Sum: 0.0]
         [Termination Attempts: Min: 1, Avg: 1.3, Max: 2, Diff: 1, Sum: 5]
      [GC Worker Other (ms): Min: 0.0, Avg: 0.0, Max: 0.0, Diff: 0.0, Sum: 0.1]
      [GC Worker Total (ms): Min: 5.6, Avg: 5.6, Max: 5.6, Diff: 0.0, Sum: 22.4]
      [GC Worker End (ms): Min: 44191.9, Avg: 44191.9, Max: 44191.9, Diff: 0.0]
   [Code Root Fixup: 0.0 ms]
   [Code Root Purge: 0.0 ms]
   [String Dedup Fixup: 0.5 ms, GC Workers: 4]
      [Queue Fixup (ms): Min: 0.0, Avg: 0.0, Max: 0.0, Diff: 0.0, Sum: 0.0]
      [Table Fixup (ms): Min: 0.5, Avg: 0.5, Max: 0.5, Diff: 0.0, Sum: 1.9]
   [Clear CT: 0.1 ms]
   [Other: 0.5 ms]
      [Choose CSet: 0.0 ms]
      [Ref Proc: 0.0 ms]
      [Ref Enq: 0.0 ms]
      [Redirty Cards: 0.0 ms]
      [Humongous Register: 0.0 ms]
      [Humongous Reclaim: 0.0 ms]
      [Free CSet: 0.1 ms]
   [Eden: 35.0M(35.0M)->0.0B(35.0M) Survivors: 6144.0K->6144.0K Heap: 784.0M(834.0M)->746.0M(834.0M)]
 [Times: user=0.00 sys=0.00, real=0.01 secs] 
2016-06-27T18:01:17.936+0300: 44.193: Total time for which application threads were stopped: 0.0091244 seconds, Stopping threads took: 0.0018004 seconds
2016-06-27T18:01:17.939+0300: 44.197: [GC concurrent-string-deduplication, 5039.5K->4847.4K(192.1K), avg 1.9%, 0.0036650 secs]
   [Last Exec: 0.0036650 secs, Idle: 0.1642193 secs, Blocked: 0/0.0000000 secs]
      [Inspected:             358]
         [Skipped:              6(  1.7%)]
         [Hashed:             352( 98.3%)]
         [Known:               63( 17.6%)]
         [New:                289( 80.7%)   5039.5K]
      [Deduplicated:           28(  9.7%)    192.1K(  3.8%)]
         [Young:                0(  0.0%)      0.0B(  0.0%)]
         [Old:                 28(100.0%)    192.1K(100.0%)]
   [Total Exec: 216/0.6037774 secs, Idle: 216/43.3478216 secs, Blocked: 4/0.0086480 secs]
      [Inspected:           50252]
         [Skipped:            456(  0.9%)]
         [Hashed:           48818( 97.1%)]
         [Known:             4294(  8.5%)]
         [New:              45502( 90.5%)    825.3M]
      [Deduplicated:         2696(  5.9%)     15.3M(  1.9%)]
         [Young:                6(  0.2%)     25.1K(  0.2%)]
         [Old:               2690( 99.8%)     15.3M( 99.8%)]
   [Table]
      [Memory Usage: 1168.4K]
      [Size: 32768, Min: 1024, Max: 16777216]
      [Entries: 38930, Load: 118.8%, Cached: 0, Added: 47044, Removed: 8114]
      [Resize Count: 5, Shrink Threshold: 21845(66.7%), Grow Threshold: 65536(200.0%)]
      [Rehash Count: 1, Rehash Threshold: 120, Hash Seed: 0xc4e8cebb]
      [Age Threshold: 3]
   [Queue]
      [Dropped: 0]
2016-06-27T18:01:18.210+0300: 44.467: [GC pause (G1 Evacuation Pause) (young)
Desired survivor size 3145728 bytes, new threshold 1 (max 15)
- age   1:    5837464 bytes,    5837464 total
, 0.0060740 secs]
   [Parallel Time: 5.0 ms, GC Workers: 4]
      [GC Worker Start (ms): Min: 44467.2, Avg: 44467.3, Max: 44467.4, Diff: 0.2]
      [Ext Root Scanning (ms): Min: 0.4, Avg: 0.5, Max: 0.6, Diff: 0.2, Sum: 2.1]
      [Update RS (ms): Min: 2.6, Avg: 2.7, Max: 2.8, Diff: 0.2, Sum: 10.7]
         [Processed Buffers: Min: 3, Avg: 7.8, Max: 17, Diff: 14, Sum: 31]
      [Scan RS (ms): Min: 0.0, Avg: 0.0, Max: 0.0, Diff: 0.0, Sum: 0.0]
      [Code Root Scanning (ms): Min: 0.0, Avg: 0.0, Max: 0.0, Diff: 0.0, Sum: 0.0]
      [Object Copy (ms): Min: 1.7, Avg: 1.7, Max: 1.8, Diff: 0.2, Sum: 7.0]
      [Termination (ms): Min: 0.0, Avg: 0.0, Max: 0.0, Diff: 0.0, Sum: 0.0]
         [Termination Attempts: Min: 1, Avg: 1.0, Max: 1, Diff: 0, Sum: 4]
      [GC Worker Other (ms): Min: 0.0, Avg: 0.0, Max: 0.0, Diff: 0.0, Sum: 0.1]
      [GC Worker Total (ms): Min: 4.9, Avg: 4.9, Max: 5.0, Diff: 0.2, Sum: 19.8]
      [GC Worker End (ms): Min: 44472.2, Avg: 44472.2, Max: 44472.2, Diff: 0.0]
   [Code Root Fixup: 0.0 ms]
   [Code Root Purge: 0.0 ms]
   [String Dedup Fixup: 0.5 ms, GC Workers: 4]
      [Queue Fixup (ms): Min: 0.0, Avg: 0.0, Max: 0.0, Diff: 0.0, Sum: 0.0]
      [Table Fixup (ms): Min: 0.4, Avg: 0.4, Max: 0.4, Diff: 0.0, Sum: 1.8]
   [Clear CT: 0.0 ms]
   [Other: 0.5 ms]
      [Choose CSet: 0.0 ms]
      [Ref Proc: 0.1 ms]
      [Ref Enq: 0.0 ms]
      [Redirty Cards: 0.0 ms]
      [Humongous Register: 0.0 ms]
      [Humongous Reclaim: 0.0 ms]
      [Free CSet: 0.1 ms]
   [Eden: 35.0M(35.0M)->0.0B(35.0M) Survivors: 6144.0K->6144.0K Heap: 781.0M(834.0M)->753.0M(834.0M)]
 [Times: user=0.00 sys=0.00, real=0.01 secs] 
2016-06-27T18:01:18.216+0300: 44.473: Total time for which application threads were stopped: 0.0105511 seconds, Stopping threads took: 0.0038664 seconds
2016-06-27T18:01:18.220+0300: 44.477: [GC concurrent-string-deduplication, 5686.5K->5604.4K(82.1K), avg 1.8%, 0.0039874 secs]
   [Last Exec: 0.0039874 secs, Idle: 0.2765196 secs, Blocked: 0/0.0000000 secs]
      [Inspected:             287]
         [Skipped:              1(  0.3%)]
         [Hashed:             286( 99.7%)]
         [Known:                0(  0.0%)]
         [New:                286( 99.7%)   5686.5K]
      [Deduplicated:            6(  2.1%)     82.1K(  1.4%)]
         [Young:                0(  0.0%)      0.0B(  0.0%)]
         [Old:                  6(100.0%)     82.1K(100.0%)]
   [Total Exec: 217/0.6077648 secs, Idle: 217/43.6243411 secs, Blocked: 4/0.0086480 secs]
      [Inspected:           50539]
         [Skipped:            457(  0.9%)]
         [Hashed:           49104( 97.2%)]
         [Known:             4294(  8.5%)]
         [New:              45788( 90.6%)    830.9M]
      [Deduplicated:         2702(  5.9%)     15.4M(  1.8%)]
         [Young:                6(  0.2%)     25.1K(  0.2%)]
         [Old:               2696( 99.8%)     15.3M( 99.8%)]
   [Table]
      [Memory Usage: 1175.0K]
      [Size: 32768, Min: 1024, Max: 16777216]
      [Entries: 39210, Load: 119.7%, Cached: 0, Added: 47324, Removed: 8114]
      [Resize Count: 5, Shrink Threshold: 21845(66.7%), Grow Threshold: 65536(200.0%)]
      [Rehash Count: 1, Rehash Threshold: 120, Hash Seed: 0xc4e8cebb]
      [Age Threshold: 3]
   [Queue]
      [Dropped: 0]
2016-06-27T18:01:18.460+0300: 44.717: [GC pause (G1 Evacuation Pause) (young) (initial-mark)
Desired survivor size 3145728 bytes, new threshold 1 (max 15)
- age   1:    6041744 bytes,    6041744 total
, 0.0042235 secs]
   [Parallel Time: 2.9 ms, GC Workers: 4]
      [GC Worker Start (ms): Min: 44717.1, Avg: 44717.1, Max: 44717.1, Diff: 0.0]
      [Ext Root Scanning (ms): Min: 0.5, Avg: 0.6, Max: 0.8, Diff: 0.4, Sum: 2.4]
      [Update RS (ms): Min: 0.2, Avg: 0.3, Max: 0.5, Diff: 0.3, Sum: 1.4]
         [Processed Buffers: Min: 1, Avg: 7.0, Max: 14, Diff: 13, Sum: 28]
      [Scan RS (ms): Min: 0.0, Avg: 0.0, Max: 0.0, Diff: 0.0, Sum: 0.0]
      [Code Root Scanning (ms): Min: 0.0, Avg: 0.0, Max: 0.0, Diff: 0.0, Sum: 0.0]
      [Object Copy (ms): Min: 1.8, Avg: 1.9, Max: 1.9, Diff: 0.1, Sum: 7.5]
      [Termination (ms): Min: 0.0, Avg: 0.0, Max: 0.0, Diff: 0.0, Sum: 0.0]
         [Termination Attempts: Min: 1, Avg: 1.0, Max: 1, Diff: 0, Sum: 4]
      [GC Worker Other (ms): Min: 0.0, Avg: 0.0, Max: 0.0, Diff: 0.0, Sum: 0.1]
      [GC Worker Total (ms): Min: 2.8, Avg: 2.8, Max: 2.9, Diff: 0.0, Sum: 11.4]
      [GC Worker End (ms): Min: 44719.9, Avg: 44719.9, Max: 44719.9, Diff: 0.0]
   [Code Root Fixup: 0.0 ms]
   [Code Root Purge: 0.0 ms]
   [String Dedup Fixup: 0.7 ms, GC Workers: 4]
      [Queue Fixup (ms): Min: 0.0, Avg: 0.0, Max: 0.0, Diff: 0.0, Sum: 0.0]
      [Table Fixup (ms): Min: 0.2, Avg: 0.5, Max: 0.6, Diff: 0.4, Sum: 2.0]
   [Clear CT: 0.1 ms]
   [Other: 0.6 ms]
      [Choose CSet: 0.0 ms]
      [Ref Proc: 0.1 ms]
      [Ref Enq: 0.0 ms]
      [Redirty Cards: 0.0 ms]
      [Humongous Register: 0.0 ms]
      [Humongous Reclaim: 0.0 ms]
      [Free CSet: 0.1 ms]
   [Eden: 35.0M(35.0M)->0.0B(35.0M) Survivors: 6144.0K->6144.0K Heap: 788.0M(834.0M)->760.0M(834.0M)]
 [Times: user=0.00 sys=0.00, real=0.00 secs] 
2016-06-27T18:01:18.464+0300: 44.721: [GC concurrent-root-region-scan-start]
2016-06-27T18:01:18.464+0300: 44.721: Total time for which application threads were stopped: 0.0071598 seconds, Stopping threads took: 0.0022811 seconds
2016-06-27T18:01:18.465+0300: 44.722: [GC concurrent-root-region-scan-end, 0.0004657 secs]
2016-06-27T18:01:18.465+0300: 44.722: [GC concurrent-mark-start]
2016-06-27T18:01:18.468+0300: 44.726: [GC concurrent-string-deduplication, 5667.5K->5564.3K(103.1K), avg 1.8%, 0.0042197 secs]
   [Last Exec: 0.0042197 secs, Idle: 0.2438930 secs, Blocked: 0/0.0000000 secs]
      [Inspected:             288]
         [Skipped:              2(  0.7%)]
         [Hashed:             286( 99.3%)]
         [Known:                0(  0.0%)]
         [New:                286( 99.3%)   5667.5K]
      [Deduplicated:            8(  2.8%)    103.1K(  1.8%)]
         [Young:                0(  0.0%)      0.0B(  0.0%)]
         [Old:                  8(100.0%)    103.1K(100.0%)]
   [Total Exec: 218/0.6119845 secs, Idle: 218/43.8682341 secs, Blocked: 4/0.0086480 secs]
      [Inspected:           50827]
         [Skipped:            459(  0.9%)]
         [Hashed:           49390( 97.2%)]
         [Known:             4294(  8.4%)]
         [New:              46074( 90.6%)    836.4M]
      [Deduplicated:         2710(  5.9%)     15.5M(  1.8%)]
         [Young:                6(  0.2%)     25.1K(  0.2%)]
         [Old:               2704( 99.8%)     15.4M( 99.8%)]
   [Table]
      [Memory Usage: 1181.9K]
      [Size: 32768, Min: 1024, Max: 16777216]
      [Entries: 39505, Load: 120.6%, Cached: 0, Added: 47619, Removed: 8114]
      [Resize Count: 5, Shrink Threshold: 21845(66.7%), Grow Threshold: 65536(200.0%)]
      [Rehash Count: 1, Rehash Threshold: 120, Hash Seed: 0xc4e8cebb]
      [Age Threshold: 3]
   [Queue]
      [Dropped: 0]
2016-06-27T18:01:18.516+0300: 44.773: [GC concurrent-mark-end, 0.0514981 secs]
2016-06-27T18:01:18.542+0300: 44.799: [GC remark 2016-06-27T18:01:18.542+0300: 44.799: [Finalize Marking, 0.0001642 secs] 2016-06-27T18:01:18.542+0300: 44.799: [GC ref-proc, 0.0001026 secs] 2016-06-27T18:01:18.542+0300: 44.800: [Unloading, 0.0024111 secs], 0.0060132 secs]
 [Times: user=0.00 sys=0.00, real=0.01 secs] 
2016-06-27T18:01:18.548+0300: 44.805: Total time for which application threads were stopped: 0.0092827 seconds, Stopping threads took: 0.0028909 seconds
2016-06-27T18:01:18.720+0300: 44.978: [GC pause (G1 Evacuation Pause) (young)
Desired survivor size 3145728 bytes, new threshold 1 (max 15)
- age   1:    5879400 bytes,    5879400 total
, 0.0043847 secs]
   [Parallel Time: 3.2 ms, GC Workers: 4]
      [GC Worker Start (ms): Min: 44978.1, Avg: 44978.1, Max: 44978.1, Diff: 0.1]
      [Ext Root Scanning (ms): Min: 0.6, Avg: 0.7, Max: 0.7, Diff: 0.1, Sum: 2.7]
      [Update RS (ms): Min: 0.4, Avg: 0.4, Max: 0.4, Diff: 0.1, Sum: 1.5]
         [Processed Buffers: Min: 1, Avg: 6.5, Max: 17, Diff: 16, Sum: 26]
      [Scan RS (ms): Min: 0.0, Avg: 0.0, Max: 0.0, Diff: 0.0, Sum: 0.0]
      [Code Root Scanning (ms): Min: 0.0, Avg: 0.0, Max: 0.0, Diff: 0.0, Sum: 0.0]
      [Object Copy (ms): Min: 2.0, Avg: 2.1, Max: 2.1, Diff: 0.1, Sum: 8.2]
      [Termination (ms): Min: 0.0, Avg: 0.0, Max: 0.1, Diff: 0.1, Sum: 0.2]
         [Termination Attempts: Min: 1, Avg: 1.0, Max: 1, Diff: 0, Sum: 4]
      [GC Worker Other (ms): Min: 0.0, Avg: 0.0, Max: 0.0, Diff: 0.0, Sum: 0.0]
      [GC Worker Total (ms): Min: 3.1, Avg: 3.2, Max: 3.2, Diff: 0.1, Sum: 12.7]
      [GC Worker End (ms): Min: 44981.2, Avg: 44981.2, Max: 44981.3, Diff: 0.0]
   [Code Root Fixup: 0.0 ms]
   [Code Root Purge: 0.0 ms]
   [String Dedup Fixup: 0.6 ms, GC Workers: 4]
      [Queue Fixup (ms): Min: 0.0, Avg: 0.0, Max: 0.0, Diff: 0.0, Sum: 0.0]
      [Table Fixup (ms): Min: 0.1, Avg: 0.4, Max: 0.6, Diff: 0.4, Sum: 1.8]
   [Clear CT: 0.0 ms]
   [Other: 0.5 ms]
      [Choose CSet: 0.0 ms]
      [Ref Proc: 0.1 ms]
      [Ref Enq: 0.0 ms]
      [Redirty Cards: 0.0 ms]
      [Humongous Register: 0.0 ms]
      [Humongous Reclaim: 0.0 ms]
      [Free CSet: 0.0 ms]
   [Eden: 35.0M(35.0M)->0.0B(35.0M) Survivors: 6144.0K->6144.0K Heap: 795.0M(834.0M)->766.5M(834.0M)]
 [Times: user=0.03 sys=0.00, real=0.00 secs] 
2016-06-27T18:01:18.725+0300: 44.983: Total time for which application threads were stopped: 0.0089482 seconds, Stopping threads took: 0.0039969 seconds
2016-06-27T18:01:18.729+0300: 44.987: [GC cleanup 768M->768M(834M), 0.0017166 secs]
 [Times: user=0.00 sys=0.00, real=0.00 secs] 
2016-06-27T18:01:18.731+0300: 44.989: Total time for which application threads were stopped: 0.0021969 seconds, Stopping threads took: 0.0000654 seconds
2016-06-27T18:01:18.731+0300: 44.989: [GC concurrent-string-deduplication, 5671.3K->5524.9K(146.5K), avg 1.9%, 0.0040969 secs]
   [Last Exec: 0.0040969 secs, Idle: 0.2568304 secs, Blocked: 1/0.0022140 secs]
      [Inspected:             376]
         [Skipped:              1(  0.3%)]
         [Hashed:             375( 99.7%)]
         [Known:               19(  5.1%)]
         [New:                356( 94.7%)   5671.3K]
      [Deduplicated:           73( 20.5%)    146.5K(  2.6%)]
         [Young:                0(  0.0%)      0.0B(  0.0%)]
         [Old:                 73(100.0%)    146.5K(100.0%)]
   [Total Exec: 219/0.6160814 secs, Idle: 219/44.1250645 secs, Blocked: 5/0.0108620 secs]
      [Inspected:           51203]
         [Skipped:            460(  0.9%)]
         [Hashed:           49765( 97.2%)]
         [Known:             4313(  8.4%)]
         [New:              46430( 90.7%)    842.0M]
      [Deduplicated:         2783(  6.0%)     15.6M(  1.9%)]
         [Young:                6(  0.2%)     25.1K(  0.2%)]
         [Old:               2777( 99.8%)     15.6M( 99.8%)]
   [Table]
      [Memory Usage: 1185.2K]
      [Size: 32768, Min: 1024, Max: 16777216]
      [Entries: 39646, Load: 121.0%, Cached: 0, Added: 47902, Removed: 8256]
      [Resize Count: 5, Shrink Threshold: 21845(66.7%), Grow Threshold: 65536(200.0%)]
      [Rehash Count: 1, Rehash Threshold: 120, Hash Seed: 0xc4e8cebb]
      [Age Threshold: 3]
   [Queue]
      [Dropped: 0]
2016-06-27T18:01:18.966+0300: 45.223: [GC pause (G1 Evacuation Pause) (young)
Desired survivor size 3145728 bytes, new threshold 1 (max 15)
- age   1:    5860736 bytes,    5860736 total
, 0.0035602 secs]
   [Parallel Time: 2.6 ms, GC Workers: 4]
      [GC Worker Start (ms): Min: 45223.3, Avg: 45223.3, Max: 45223.4, Diff: 0.0]
      [Ext Root Scanning (ms): Min: 0.5, Avg: 0.6, Max: 0.8, Diff: 0.4, Sum: 2.3]
      [Update RS (ms): Min: 0.1, Avg: 0.3, Max: 0.6, Diff: 0.5, Sum: 1.3]
         [Processed Buffers: Min: 2, Avg: 4.8, Max: 10, Diff: 8, Sum: 19]
      [Scan RS (ms): Min: 0.0, Avg: 0.0, Max: 0.0, Diff: 0.0, Sum: 0.0]
      [Code Root Scanning (ms): Min: 0.0, Avg: 0.0, Max: 0.0, Diff: 0.0, Sum: 0.0]
      [Object Copy (ms): Min: 1.5, Avg: 1.7, Max: 1.8, Diff: 0.3, Sum: 6.8]
      [Termination (ms): Min: 0.0, Avg: 0.0, Max: 0.0, Diff: 0.0, Sum: 0.0]
         [Termination Attempts: Min: 1, Avg: 1.0, Max: 1, Diff: 0, Sum: 4]
      [GC Worker Other (ms): Min: 0.0, Avg: 0.0, Max: 0.0, Diff: 0.0, Sum: 0.1]
      [GC Worker Total (ms): Min: 2.6, Avg: 2.6, Max: 2.6, Diff: 0.0, Sum: 10.4]
      [GC Worker End (ms): Min: 45225.9, Avg: 45225.9, Max: 45225.9, Diff: 0.0]
   [Code Root Fixup: 0.0 ms]
   [Code Root Purge: 0.0 ms]
   [String Dedup Fixup: 0.4 ms, GC Workers: 4]
      [Queue Fixup (ms): Min: 0.0, Avg: 0.0, Max: 0.0, Diff: 0.0, Sum: 0.0]
      [Table Fixup (ms): Min: 0.4, Avg: 0.4, Max: 0.4, Diff: 0.0, Sum: 1.7]
   [Clear CT: 0.0 ms]
   [Other: 0.4 ms]
      [Choose CSet: 0.0 ms]
      [Ref Proc: 0.0 ms]
      [Ref Enq: 0.0 ms]
      [Redirty Cards: 0.1 ms]
      [Humongous Register: 0.0 ms]
      [Humongous Reclaim: 0.0 ms]
      [Free CSet: 0.1 ms]
   [Eden: 35.0M(35.0M)->0.0B(35.0M) Survivors: 6144.0K->6144.0K Heap: 801.5M(834.0M)->773.0M(834.0M)]
 [Times: user=0.00 sys=0.00, real=0.00 secs] 
2016-06-27T18:01:18.970+0300: 45.227: Total time for which application threads were stopped: 0.0087404 seconds, Stopping threads took: 0.0046037 seconds
2016-06-27T18:01:18.974+0300: 45.231: [GC concurrent-string-deduplication, 5450.3K->5384.2K(66.1K), avg 1.8%, 0.0041303 secs]
   [Last Exec: 0.0041303 secs, Idle: 0.2380777 secs, Blocked: 0/0.0000000 secs]
      [Inspected:             281]
         [Skipped:              3(  1.1%)]
         [Hashed:             278( 98.9%)]
         [Known:                0(  0.0%)]
         [New:                278( 98.9%)   5450.3K]
      [Deduplicated:            9(  3.2%)     66.1K(  1.2%)]
         [Young:                0(  0.0%)      0.0B(  0.0%)]
         [Old:                  9(100.0%)     66.1K(100.0%)]
   [Total Exec: 220/0.6202117 secs, Idle: 220/44.3631423 secs, Blocked: 5/0.0108620 secs]
      [Inspected:           51484]
         [Skipped:            463(  0.9%)]
         [Hashed:           50043( 97.2%)]
         [Known:             4313(  8.4%)]
         [New:              46708( 90.7%)    847.3M]
      [Deduplicated:         2792(  6.0%)     15.7M(  1.8%)]
         [Young:                6(  0.2%)     25.1K(  0.2%)]
         [Old:               2786( 99.8%)     15.6M( 99.8%)]
   [Table]
      [Memory Usage: 1191.5K]
      [Size: 32768, Min: 1024, Max: 16777216]
      [Entries: 39915, Load: 121.8%, Cached: 0, Added: 48171, Removed: 8256]
      [Resize Count: 5, Shrink Threshold: 21845(66.7%), Grow Threshold: 65536(200.0%)]
      [Rehash Count: 1, Rehash Threshold: 120, Hash Seed: 0xc4e8cebb]
      [Age Threshold: 3]
   [Queue]
      [Dropped: 0]
2016-06-27T18:01:19.272+0300: 45.530: [GC pause (G1 Evacuation Pause) (mixed)
Desired survivor size 3145728 bytes, new threshold 1 (max 15)
- age   1:    5869512 bytes,    5869512 total
, 0.0067843 secs]
   [Parallel Time: 5.6 ms, GC Workers: 4]
      [GC Worker Start (ms): Min: 45529.8, Avg: 45529.8, Max: 45529.8, Diff: 0.0]
      [Ext Root Scanning (ms): Min: 0.4, Avg: 0.5, Max: 0.6, Diff: 0.1, Sum: 2.0]
      [Update RS (ms): Min: 0.4, Avg: 0.5, Max: 0.5, Diff: 0.1, Sum: 1.9]
         [Processed Buffers: Min: 3, Avg: 7.5, Max: 15, Diff: 12, Sum: 30]
      [Scan RS (ms): Min: 0.4, Avg: 0.4, Max: 0.4, Diff: 0.1, Sum: 1.6]
      [Code Root Scanning (ms): Min: 0.0, Avg: 0.0, Max: 0.0, Diff: 0.0, Sum: 0.0]
      [Object Copy (ms): Min: 4.1, Avg: 4.1, Max: 4.2, Diff: 0.0, Sum: 16.6]
      [Termination (ms): Min: 0.0, Avg: 0.0, Max: 0.0, Diff: 0.0, Sum: 0.0]
         [Termination Attempts: Min: 1, Avg: 1.0, Max: 1, Diff: 0, Sum: 4]
      [GC Worker Other (ms): Min: 0.0, Avg: 0.0, Max: 0.0, Diff: 0.0, Sum: 0.0]
      [GC Worker Total (ms): Min: 5.5, Avg: 5.5, Max: 5.6, Diff: 0.0, Sum: 22.2]
      [GC Worker End (ms): Min: 45535.4, Avg: 45535.4, Max: 45535.4, Diff: 0.0]
   [Code Root Fixup: 0.0 ms]
   [Code Root Purge: 0.0 ms]
   [String Dedup Fixup: 0.5 ms, GC Workers: 4]
      [Queue Fixup (ms): Min: 0.0, Avg: 0.0, Max: 0.0, Diff: 0.0, Sum: 0.0]
      [Table Fixup (ms): Min: 0.5, Avg: 0.5, Max: 0.5, Diff: 0.0, Sum: 1.9]
   [Clear CT: 0.1 ms]
   [Other: 0.6 ms]
      [Choose CSet: 0.0 ms]
      [Ref Proc: 0.1 ms]
      [Ref Enq: 0.0 ms]
      [Redirty Cards: 0.1 ms]
      [Humongous Register: 0.0 ms]
      [Humongous Reclaim: 0.0 ms]
      [Free CSet: 0.1 ms]
   [Eden: 35.0M(35.0M)->0.0B(35.0M) Survivors: 6144.0K->6144.0K Heap: 808.0M(834.0M)->771.0M(835.0M)]
 [Times: user=0.00 sys=0.00, real=0.01 secs] 
2016-06-27T18:01:19.279+0300: 45.537: Total time for which application threads were stopped: 0.0126915 seconds, Stopping threads took: 0.0052726 seconds
2016-06-27T18:01:19.284+0300: 45.541: [GC concurrent-string-deduplication, 5586.4K->5384.2K(202.2K), avg 1.9%, 0.0041252 secs]
   [Last Exec: 0.0041252 secs, Idle: 0.3054714 secs, Blocked: 0/0.0000000 secs]
      [Inspected:             282]
         [Skipped:              1(  0.4%)]
         [Hashed:             281( 99.6%)]
         [Known:                0(  0.0%)]
         [New:                281( 99.6%)   5586.4K]
      [Deduplicated:           12(  4.3%)    202.2K(  3.6%)]
         [Young:                0(  0.0%)      0.0B(  0.0%)]
         [Old:                 12(100.0%)    202.2K(100.0%)]
   [Total Exec: 221/0.6243369 secs, Idle: 221/44.6686136 secs, Blocked: 5/0.0108620 secs]
      [Inspected:           51766]
         [Skipped:            464(  0.9%)]
         [Hashed:           50324( 97.2%)]
         [Known:             4313(  8.3%)]
         [New:              46989( 90.8%)    852.7M]
      [Deduplicated:         2804(  6.0%)     15.9M(  1.9%)]
         [Young:                6(  0.2%)     25.1K(  0.2%)]
         [Old:               2798( 99.8%)     15.8M( 99.8%)]
   [Table]
      [Memory Usage: 1197.8K]
      [Size: 32768, Min: 1024, Max: 16777216]
      [Entries: 40184, Load: 122.6%, Cached: 0, Added: 48440, Removed: 8256]
      [Resize Count: 5, Shrink Threshold: 21845(66.7%), Grow Threshold: 65536(200.0%)]
      [Rehash Count: 1, Rehash Threshold: 120, Hash Seed: 0xc4e8cebb]
      [Age Threshold: 3]
   [Queue]
      [Dropped: 0]
2016-06-27T18:01:19.565+0300: 45.823: [GC pause (G1 Evacuation Pause) (young)
Desired survivor size 3145728 bytes, new threshold 1 (max 15)
- age   1:    5993640 bytes,    5993640 total
, 0.0053393 secs]
   [Parallel Time: 4.2 ms, GC Workers: 4]
      [GC Worker Start (ms): Min: 45823.0, Avg: 45823.0, Max: 45823.0, Diff: 0.0]
      [Ext Root Scanning (ms): Min: 0.4, Avg: 0.5, Max: 0.6, Diff: 0.1, Sum: 2.0]
      [Update RS (ms): Min: 1.7, Avg: 1.8, Max: 1.8, Diff: 0.1, Sum: 7.1]
         [Processed Buffers: Min: 3, Avg: 8.3, Max: 12, Diff: 9, Sum: 33]
      [Scan RS (ms): Min: 0.0, Avg: 0.0, Max: 0.0, Diff: 0.0, Sum: 0.0]
      [Code Root Scanning (ms): Min: 0.0, Avg: 0.0, Max: 0.0, Diff: 0.0, Sum: 0.0]
      [Object Copy (ms): Min: 1.8, Avg: 1.9, Max: 1.9, Diff: 0.1, Sum: 7.5]
      [Termination (ms): Min: 0.0, Avg: 0.0, Max: 0.0, Diff: 0.0, Sum: 0.0]
         [Termination Attempts: Min: 1, Avg: 1.0, Max: 1, Diff: 0, Sum: 4]
      [GC Worker Other (ms): Min: 0.0, Avg: 0.0, Max: 0.0, Diff: 0.0, Sum: 0.0]
      [GC Worker Total (ms): Min: 4.2, Avg: 4.2, Max: 4.2, Diff: 0.0, Sum: 16.7]
      [GC Worker End (ms): Min: 45827.2, Avg: 45827.2, Max: 45827.2, Diff: 0.0]
   [Code Root Fixup: 0.0 ms]
   [Code Root Purge: 0.0 ms]
   [String Dedup Fixup: 0.5 ms, GC Workers: 4]
      [Queue Fixup (ms): Min: 0.0, Avg: 0.0, Max: 0.0, Diff: 0.0, Sum: 0.0]
      [Table Fixup (ms): Min: 0.5, Avg: 0.5, Max: 0.5, Diff: 0.0, Sum: 1.8]
   [Clear CT: 0.1 ms]
   [Other: 0.5 ms]
      [Choose CSet: 0.0 ms]
      [Ref Proc: 0.0 ms]
      [Ref Enq: 0.0 ms]
      [Redirty Cards: 0.1 ms]
      [Humongous Register: 0.0 ms]
      [Humongous Reclaim: 0.0 ms]
      [Free CSet: 0.1 ms]
   [Eden: 35.0M(35.0M)->0.0B(35.0M) Survivors: 6144.0K->6144.0K Heap: 806.0M(835.0M)->778.0M(835.0M)]
 [Times: user=0.06 sys=0.00, real=0.01 secs] 
2016-06-27T18:01:19.571+0300: 45.829: Total time for which application threads were stopped: 0.0163621 seconds, Stopping threads took: 0.0103120 seconds
2016-06-27T18:01:19.575+0300: 45.833: [GC concurrent-string-deduplication, 5469.3K->5144.0K(325.3K), avg 1.9%, 0.0039870 secs]
   [Last Exec: 0.0039870 secs, Idle: 0.2876596 secs, Blocked: 0/0.0000000 secs]
      [Inspected:             279]
         [Skipped:              1(  0.4%)]
         [Hashed:             278( 99.6%)]
         [Known:                0(  0.0%)]
         [New:                278( 99.6%)   5469.3K]
      [Deduplicated:           21(  7.6%)    325.3K(  5.9%)]
         [Young:                0(  0.0%)      0.0B(  0.0%)]
         [Old:                 21(100.0%)    325.3K(100.0%)]
   [Total Exec: 222/0.6283239 secs, Idle: 222/44.9562732 secs, Blocked: 5/0.0108620 secs]
      [Inspected:           52045]
         [Skipped:            465(  0.9%)]
         [Hashed:           50602( 97.2%)]
         [Known:             4313(  8.3%)]
         [New:              47267( 90.8%)    858.1M]
      [Deduplicated:         2825(  6.0%)     16.2M(  1.9%)]
         [Young:                6(  0.2%)     25.1K(  0.2%)]
         [Old:               2819( 99.8%)     16.2M( 99.8%)]
   [Table]
      [Memory Usage: 1203.8K]
      [Size: 32768, Min: 1024, Max: 16777216]
      [Entries: 40441, Load: 123.4%, Cached: 0, Added: 48697, Removed: 8256]
      [Resize Count: 5, Shrink Threshold: 21845(66.7%), Grow Threshold: 65536(200.0%)]
      [Rehash Count: 1, Rehash Threshold: 120, Hash Seed: 0xc4e8cebb]
      [Age Threshold: 3]
   [Queue]
      [Dropped: 0]
2016-06-27T18:01:19.860+0300: 46.118: [GC pause (G1 Evacuation Pause) (young) (initial-mark)
Desired survivor size 3145728 bytes, new threshold 1 (max 15)
- age   1:    6042104 bytes,    6042104 total
, 0.0044767 secs]
   [Parallel Time: 3.2 ms, GC Workers: 4]
      [GC Worker Start (ms): Min: 46117.7, Avg: 46117.8, Max: 46117.8, Diff: 0.0]
      [Ext Root Scanning (ms): Min: 0.4, Avg: 0.5, Max: 0.6, Diff: 0.2, Sum: 2.1]
      [Update RS (ms): Min: 0.7, Avg: 0.8, Max: 1.0, Diff: 0.3, Sum: 3.3]
         [Processed Buffers: Min: 2, Avg: 9.3, Max: 21, Diff: 19, Sum: 37]
      [Scan RS (ms): Min: 0.0, Avg: 0.0, Max: 0.0, Diff: 0.0, Sum: 0.0]
      [Code Root Scanning (ms): Min: 0.0, Avg: 0.0, Max: 0.0, Diff: 0.0, Sum: 0.0]
      [Object Copy (ms): Min: 1.7, Avg: 1.8, Max: 1.9, Diff: 0.2, Sum: 7.3]
      [Termination (ms): Min: 0.0, Avg: 0.0, Max: 0.0, Diff: 0.0, Sum: 0.0]
         [Termination Attempts: Min: 1, Avg: 1.0, Max: 1, Diff: 0, Sum: 4]
      [GC Worker Other (ms): Min: 0.0, Avg: 0.0, Max: 0.0, Diff: 0.0, Sum: 0.1]
      [GC Worker Total (ms): Min: 3.2, Avg: 3.2, Max: 3.2, Diff: 0.0, Sum: 12.7]
      [GC Worker End (ms): Min: 46120.9, Avg: 46120.9, Max: 46120.9, Diff: 0.0]
   [Code Root Fixup: 0.0 ms]
   [Code Root Purge: 0.0 ms]
   [String Dedup Fixup: 0.5 ms, GC Workers: 4]
      [Queue Fixup (ms): Min: 0.0, Avg: 0.0, Max: 0.0, Diff: 0.0, Sum: 0.0]
      [Table Fixup (ms): Min: 0.5, Avg: 0.5, Max: 0.5, Diff: 0.0, Sum: 1.9]
   [Clear CT: 0.1 ms]
   [Other: 0.7 ms]
      [Choose CSet: 0.0 ms]
      [Ref Proc: 0.1 ms]
      [Ref Enq: 0.0 ms]
      [Redirty Cards: 0.0 ms]
      [Humongous Register: 0.0 ms]
      [Humongous Reclaim: 0.0 ms]
      [Free CSet: 0.1 ms]
   [Eden: 35.0M(35.0M)->0.0B(35.0M) Survivors: 6144.0K->6144.0K Heap: 813.0M(835.0M)->785.5M(835.0M)]
 [Times: user=0.06 sys=0.00, real=0.01 secs] 
2016-06-27T18:01:19.865+0300: 46.122: [GC concurrent-root-region-scan-start]
2016-06-27T18:01:19.865+0300: 46.122: Total time for which application threads were stopped: 0.0118678 seconds, Stopping threads took: 0.0065397 seconds
2016-06-27T18:01:19.866+0300: 46.123: [GC concurrent-root-region-scan-end, 0.0005093 secs]
2016-06-27T18:01:19.866+0300: 46.123: [GC concurrent-mark-start]
2016-06-27T18:01:19.870+0300: 46.127: [GC concurrent-string-deduplication, 6250.0K->5864.6K(385.4K), avg 1.9%, 0.0045712 secs]
   [Last Exec: 0.0045712 secs, Idle: 0.2896422 secs, Blocked: 0/0.0000000 secs]
      [Inspected:             321]
         [Skipped:              4(  1.2%)]
         [Hashed:             317( 98.8%)]
         [Known:                0(  0.0%)]
         [New:                317( 98.8%)   6250.0K]
      [Deduplicated:           24(  7.6%)    385.4K(  6.2%)]
         [Young:                0(  0.0%)      0.0B(  0.0%)]
         [Old:                 24(100.0%)    385.4K(100.0%)]
   [Total Exec: 223/0.6328951 secs, Idle: 223/45.2459154 secs, Blocked: 5/0.0108620 secs]
      [Inspected:           52366]
         [Skipped:            469(  0.9%)]
         [Hashed:           50919( 97.2%)]
         [Known:             4313(  8.2%)]
         [New:              47584( 90.9%)    864.2M]
      [Deduplicated:         2849(  6.0%)     16.6M(  1.9%)]
         [Young:                6(  0.2%)     25.1K(  0.1%)]
         [Old:               2843( 99.8%)     16.5M( 99.9%)]
   [Table]
      [Memory Usage: 1210.7K]
      [Size: 32768, Min: 1024, Max: 16777216]
      [Entries: 40734, Load: 124.3%, Cached: 0, Added: 48990, Removed: 8256]
      [Resize Count: 5, Shrink Threshold: 21845(66.7%), Grow Threshold: 65536(200.0%)]
      [Rehash Count: 1, Rehash Threshold: 120, Hash Seed: 0xc4e8cebb]
      [Age Threshold: 3]
   [Queue]
      [Dropped: 0]
2016-06-27T18:01:19.916+0300: 46.173: [GC concurrent-mark-end, 0.0503815 secs]
2016-06-27T18:01:19.950+0300: 46.207: [GC remark 2016-06-27T18:01:19.950+0300: 46.207: [Finalize Marking, 0.0001775 secs] 2016-06-27T18:01:19.950+0300: 46.208: [GC ref-proc, 0.0000975 secs] 2016-06-27T18:01:19.950+0300: 46.208: [Unloading, 0.0023863 secs], 0.0063981 secs]
 [Times: user=0.00 sys=0.00, real=0.01 secs] 
2016-06-27T18:01:19.956+0300: 46.214: Total time for which application threads were stopped: 0.0114735 seconds, Stopping threads took: 0.0045665 seconds
2016-06-27T18:01:19.957+0300: 46.214: [GC cleanup 797M->797M(835M), 0.0015742 secs]
 [Times: user=0.06 sys=0.00, real=0.00 secs] 
2016-06-27T18:01:19.959+0300: 46.216: Total time for which application threads were stopped: 0.0021015 seconds, Stopping threads took: 0.0000488 seconds
2016-06-27T18:01:20.142+0300: 46.400: [GC pause (G1 Evacuation Pause) (young)
Desired survivor size 3145728 bytes, new threshold 1 (max 15)
- age   1:    5496784 bytes,    5496784 total
, 0.0038095 secs]
   [Parallel Time: 2.8 ms, GC Workers: 4]
      [GC Worker Start (ms): Min: 46400.1, Avg: 46400.1, Max: 46400.1, Diff: 0.0]
      [Ext Root Scanning (ms): Min: 0.5, Avg: 0.6, Max: 0.6, Diff: 0.1, Sum: 2.2]
      [Update RS (ms): Min: 0.4, Avg: 0.5, Max: 0.6, Diff: 0.2, Sum: 1.9]
         [Processed Buffers: Min: 1, Avg: 5.8, Max: 13, Diff: 12, Sum: 23]
      [Scan RS (ms): Min: 0.0, Avg: 0.0, Max: 0.0, Diff: 0.0, Sum: 0.0]
      [Code Root Scanning (ms): Min: 0.0, Avg: 0.0, Max: 0.0, Diff: 0.0, Sum: 0.0]
      [Object Copy (ms): Min: 1.6, Avg: 1.7, Max: 1.8, Diff: 0.1, Sum: 6.9]
      [Termination (ms): Min: 0.0, Avg: 0.0, Max: 0.0, Diff: 0.0, Sum: 0.0]
         [Termination Attempts: Min: 1, Avg: 1.0, Max: 1, Diff: 0, Sum: 4]
      [GC Worker Other (ms): Min: 0.0, Avg: 0.0, Max: 0.0, Diff: 0.0, Sum: 0.1]
      [GC Worker Total (ms): Min: 2.7, Avg: 2.8, Max: 2.8, Diff: 0.0, Sum: 11.1]
      [GC Worker End (ms): Min: 46402.8, Avg: 46402.9, Max: 46402.9, Diff: 0.0]
   [Code Root Fixup: 0.0 ms]
   [Code Root Purge: 0.0 ms]
   [String Dedup Fixup: 0.5 ms, GC Workers: 4]
      [Queue Fixup (ms): Min: 0.0, Avg: 0.0, Max: 0.0, Diff: 0.0, Sum: 0.0]
      [Table Fixup (ms): Min: 0.5, Avg: 0.5, Max: 0.5, Diff: 0.0, Sum: 1.8]
   [Clear CT: 0.0 ms]
   [Other: 0.5 ms]
      [Choose CSet: 0.0 ms]
      [Ref Proc: 0.0 ms]
      [Ref Enq: 0.0 ms]
      [Redirty Cards: 0.0 ms]
      [Humongous Register: 0.0 ms]
      [Humongous Reclaim: 0.0 ms]
      [Free CSet: 0.1 ms]
   [Eden: 35.0M(35.0M)->0.0B(35.0M) Survivors: 6144.0K->6144.0K Heap: 820.5M(835.0M)->792.5M(835.0M)]
 [Times: user=0.06 sys=0.00, real=0.00 secs] 
2016-06-27T18:01:20.147+0300: 46.404: Total time for which application threads were stopped: 0.0101739 seconds, Stopping threads took: 0.0057567 seconds
2016-06-27T18:01:20.151+0300: 46.408: [GC concurrent-string-deduplication, 5285.1K->5104.0K(181.2K), avg 1.9%, 0.0040409 secs]
   [Last Exec: 0.0040409 secs, Idle: 0.2770358 secs, Blocked: 0/0.0000000 secs]
      [Inspected:             266]
         [Skipped:              1(  0.4%)]
         [Hashed:             265( 99.6%)]
         [Known:                0(  0.0%)]
         [New:                265( 99.6%)   5285.1K]
      [Deduplicated:           10(  3.8%)    181.2K(  3.4%)]
         [Young:                0(  0.0%)      0.0B(  0.0%)]
         [Old:                 10(100.0%)    181.2K(100.0%)]
   [Total Exec: 224/0.6369360 secs, Idle: 224/45.5229511 secs, Blocked: 5/0.0108620 secs]
      [Inspected:           52632]
         [Skipped:            470(  0.9%)]
         [Hashed:           51184( 97.2%)]
         [Known:             4313(  8.2%)]
         [New:              47849( 90.9%)    869.4M]
      [Deduplicated:         2859(  6.0%)     16.7M(  1.9%)]
         [Young:                6(  0.2%)     25.1K(  0.1%)]
         [Old:               2853( 99.8%)     16.7M( 99.9%)]
   [Table]
      [Memory Usage: 1210.7K]
      [Size: 32768, Min: 1024, Max: 16777216]
      [Entries: 40262, Load: 122.9%, Cached: 472, Added: 49245, Removed: 8983]
      [Resize Count: 5, Shrink Threshold: 21845(66.7%), Grow Threshold: 65536(200.0%)]
      [Rehash Count: 1, Rehash Threshold: 120, Hash Seed: 0xc4e8cebb]
      [Age Threshold: 3]
   [Queue]
      [Dropped: 0]
2016-06-27T18:01:20.433+0300: 46.690: [GC pause (G1 Evacuation Pause) (mixed)
Desired survivor size 3145728 bytes, new threshold 1 (max 15)
- age   1:    5739016 bytes,    5739016 total
, 0.0163655 secs]
   [Parallel Time: 14.8 ms, GC Workers: 4]
      [GC Worker Start (ms): Min: 46690.3, Avg: 46690.3, Max: 46690.3, Diff: 0.0]
      [Ext Root Scanning (ms): Min: 0.4, Avg: 0.5, Max: 0.6, Diff: 0.2, Sum: 2.0]
      [Update RS (ms): Min: 0.3, Avg: 0.4, Max: 0.5, Diff: 0.2, Sum: 1.5]
         [Processed Buffers: Min: 1, Avg: 7.5, Max: 15, Diff: 14, Sum: 30]
      [Scan RS (ms): Min: 1.8, Avg: 1.9, Max: 1.9, Diff: 0.1, Sum: 7.5]
      [Code Root Scanning (ms): Min: 0.0, Avg: 0.0, Max: 0.0, Diff: 0.0, Sum: 0.0]
      [Object Copy (ms): Min: 12.0, Avg: 12.1, Max: 12.1, Diff: 0.1, Sum: 48.2]
      [Termination (ms): Min: 0.0, Avg: 0.0, Max: 0.0, Diff: 0.0, Sum: 0.0]
         [Termination Attempts: Min: 1, Avg: 1.0, Max: 1, Diff: 0, Sum: 4]
      [GC Worker Other (ms): Min: 0.0, Avg: 0.0, Max: 0.0, Diff: 0.0, Sum: 0.0]
      [GC Worker Total (ms): Min: 14.8, Avg: 14.8, Max: 14.8, Diff: 0.0, Sum: 59.3]
      [GC Worker End (ms): Min: 46705.1, Avg: 46705.1, Max: 46705.1, Diff: 0.0]
   [Code Root Fixup: 0.0 ms]
   [Code Root Purge: 0.0 ms]
   [String Dedup Fixup: 0.6 ms, GC Workers: 4]
      [Queue Fixup (ms): Min: 0.0, Avg: 0.0, Max: 0.0, Diff: 0.0, Sum: 0.0]
      [Table Fixup (ms): Min: 0.5, Avg: 0.5, Max: 0.5, Diff: 0.0, Sum: 2.1]
   [Clear CT: 0.1 ms]
   [Other: 0.8 ms]
      [Choose CSet: 0.1 ms]
      [Ref Proc: 0.1 ms]
      [Ref Enq: 0.0 ms]
      [Redirty Cards: 0.0 ms]
      [Humongous Register: 0.0 ms]
      [Humongous Reclaim: 0.0 ms]
      [Free CSet: 0.3 ms]
   [Eden: 35.0M(35.0M)->0.0B(38.0M) Survivors: 6144.0K->6144.0K Heap: 827.5M(835.0M)->779.0M(883.0M)]
 [Times: user=0.02 sys=0.03, real=0.02 secs] 
2016-06-27T18:01:20.450+0300: 46.707: Total time for which application threads were stopped: 0.0195511 seconds, Stopping threads took: 0.0025535 seconds
2016-06-27T18:01:20.453+0300: 46.710: [GC concurrent-string-deduplication, 5207.1K->5023.9K(183.2K), avg 1.9%, 0.0036667 secs]
   [Last Exec: 0.0036667 secs, Idle: 0.2986049 secs, Blocked: 0/0.0000000 secs]
      [Inspected:             267]
         [Skipped:              4(  1.5%)]
         [Hashed:             263( 98.5%)]
         [Known:                0(  0.0%)]
         [New:                263( 98.5%)   5207.1K]
      [Deduplicated:           12(  4.6%)    183.2K(  3.5%)]
         [Young:                0(  0.0%)      0.0B(  0.0%)]
         [Old:                 12(100.0%)    183.2K(100.0%)]
   [Total Exec: 225/0.6406027 secs, Idle: 225/45.8215561 secs, Blocked: 5/0.0108620 secs]
      [Inspected:           52899]
         [Skipped:            474(  0.9%)]
         [Hashed:           51447( 97.3%)]
         [Known:             4313(  8.2%)]
         [New:              48112( 91.0%)    874.4M]
      [Deduplicated:         2871(  6.0%)     16.9M(  1.9%)]
         [Young:                6(  0.2%)     25.1K(  0.1%)]
         [Old:               2865( 99.8%)     16.9M( 99.9%)]
   [Table]
      [Memory Usage: 1210.7K]
      [Size: 32768, Min: 1024, Max: 16777216]
      [Entries: 40513, Load: 123.6%, Cached: 221, Added: 49496, Removed: 8983]
      [Resize Count: 5, Shrink Threshold: 21845(66.7%), Grow Threshold: 65536(200.0%)]
      [Rehash Count: 1, Rehash Threshold: 120, Hash Seed: 0xc4e8cebb]
      [Age Threshold: 3]
   [Queue]
      [Dropped: 0]
2016-06-27T18:01:20.758+0300: 47.015: [GC pause (G1 Evacuation Pause) (young)
Desired survivor size 3145728 bytes, new threshold 1 (max 15)
- age   1:    6120624 bytes,    6120624 total
, 0.0095016 secs]
   [Parallel Time: 8.4 ms, GC Workers: 4]
      [GC Worker Start (ms): Min: 47015.1, Avg: 47015.1, Max: 47015.1, Diff: 0.0]
      [Ext Root Scanning (ms): Min: 0.4, Avg: 0.5, Max: 0.6, Diff: 0.1, Sum: 2.0]
      [Update RS (ms): Min: 5.9, Avg: 6.0, Max: 6.0, Diff: 0.1, Sum: 23.8]
         [Processed Buffers: Min: 6, Avg: 15.0, Max: 24, Diff: 18, Sum: 60]
      [Scan RS (ms): Min: 0.0, Avg: 0.0, Max: 0.0, Diff: 0.0, Sum: 0.0]
      [Code Root Scanning (ms): Min: 0.0, Avg: 0.0, Max: 0.0, Diff: 0.0, Sum: 0.0]
      [Object Copy (ms): Min: 1.8, Avg: 1.9, Max: 2.0, Diff: 0.2, Sum: 7.7]
      [Termination (ms): Min: 0.0, Avg: 0.0, Max: 0.0, Diff: 0.0, Sum: 0.0]
         [Termination Attempts: Min: 1, Avg: 1.0, Max: 1, Diff: 0, Sum: 4]
      [GC Worker Other (ms): Min: 0.0, Avg: 0.0, Max: 0.0, Diff: 0.0, Sum: 0.1]
      [GC Worker Total (ms): Min: 8.4, Avg: 8.4, Max: 8.4, Diff: 0.0, Sum: 33.6]
      [GC Worker End (ms): Min: 47023.5, Avg: 47023.5, Max: 47023.5, Diff: 0.0]
   [Code Root Fixup: 0.0 ms]
   [Code Root Purge: 0.0 ms]
   [String Dedup Fixup: 0.6 ms, GC Workers: 4]
      [Queue Fixup (ms): Min: 0.0, Avg: 0.0, Max: 0.0, Diff: 0.0, Sum: 0.0]
      [Table Fixup (ms): Min: 0.5, Avg: 0.5, Max: 0.6, Diff: 0.0, Sum: 2.2]
   [Clear CT: 0.0 ms]
   [Other: 0.5 ms]
      [Choose CSet: 0.0 ms]
      [Ref Proc: 0.0 ms]
      [Ref Enq: 0.0 ms]
      [Redirty Cards: 0.0 ms]
      [Humongous Register: 0.0 ms]
      [Humongous Reclaim: 0.0 ms]
      [Free CSet: 0.1 ms]
   [Eden: 38.0M(38.0M)->0.0B(38.0M) Survivors: 6144.0K->6144.0K Heap: 817.0M(883.0M)->786.5M(883.0M)]
 [Times: user=0.00 sys=0.00, real=0.01 secs] 
2016-06-27T18:01:20.767+0300: 47.025: Total time for which application threads were stopped: 0.0174175 seconds, Stopping threads took: 0.0072410 seconds
2016-06-27T18:01:20.772+0300: 47.029: [GC concurrent-string-deduplication, 5952.8K->5724.5K(228.3K), avg 1.9%, 0.0043266 secs]
   [Last Exec: 0.0043266 secs, Idle: 0.3142708 secs, Blocked: 0/0.0000000 secs]
      [Inspected:             305]
         [Skipped:              0(  0.0%)]
         [Hashed:             305(100.0%)]
         [Known:                0(  0.0%)]
         [New:                305(100.0%)   5952.8K]
      [Deduplicated:           19(  6.2%)    228.3K(  3.8%)]
         [Young:                0(  0.0%)      0.0B(  0.0%)]
         [Old:                 19(100.0%)    228.3K(100.0%)]
   [Total Exec: 226/0.6449293 secs, Idle: 226/46.1358269 secs, Blocked: 5/0.0108620 secs]
      [Inspected:           53204]
         [Skipped:            474(  0.9%)]
         [Hashed:           51752( 97.3%)]
         [Known:             4313(  8.1%)]
         [New:              48417( 91.0%)    880.3M]
      [Deduplicated:         2890(  6.0%)     17.1M(  1.9%)]
         [Young:                6(  0.2%)     25.1K(  0.1%)]
         [Old:               2884( 99.8%)     17.1M( 99.9%)]
   [Table]
      [Memory Usage: 1212.2K]
      [Size: 32768, Min: 1024, Max: 16777216]
      [Entries: 40799, Load: 124.5%, Cached: 0, Added: 49782, Removed: 8983]
      [Resize Count: 5, Shrink Threshold: 21845(66.7%), Grow Threshold: 65536(200.0%)]
      [Rehash Count: 1, Rehash Threshold: 120, Hash Seed: 0xc4e8cebb]
      [Age Threshold: 3]
   [Queue]
      [Dropped: 0]
2016-06-27T18:01:21.063+0300: 47.321: [GC pause (G1 Evacuation Pause) (young) (initial-mark)
Desired survivor size 3145728 bytes, new threshold 1 (max 15)
- age   1:    6171072 bytes,    6171072 total
, 0.0043189 secs]
   [Parallel Time: 3.2 ms, GC Workers: 4]
      [GC Worker Start (ms): Min: 47321.2, Avg: 47321.2, Max: 47321.2, Diff: 0.0]
      [Ext Root Scanning (ms): Min: 0.5, Avg: 0.6, Max: 0.7, Diff: 0.2, Sum: 2.2]
      [Update RS (ms): Min: 0.6, Avg: 0.7, Max: 0.8, Diff: 0.2, Sum: 2.7]
         [Processed Buffers: Min: 3, Avg: 8.0, Max: 19, Diff: 16, Sum: 32]
      [Scan RS (ms): Min: 0.0, Avg: 0.0, Max: 0.0, Diff: 0.0, Sum: 0.0]
      [Code Root Scanning (ms): Min: 0.0, Avg: 0.0, Max: 0.0, Diff: 0.0, Sum: 0.0]
      [Object Copy (ms): Min: 1.8, Avg: 1.9, Max: 2.0, Diff: 0.2, Sum: 7.7]
      [Termination (ms): Min: 0.0, Avg: 0.0, Max: 0.0, Diff: 0.0, Sum: 0.0]
         [Termination Attempts: Min: 1, Avg: 1.0, Max: 1, Diff: 0, Sum: 4]
      [GC Worker Other (ms): Min: 0.0, Avg: 0.0, Max: 0.0, Diff: 0.0, Sum: 0.0]
      [GC Worker Total (ms): Min: 3.2, Avg: 3.2, Max: 3.2, Diff: 0.0, Sum: 12.7]
      [GC Worker End (ms): Min: 47324.3, Avg: 47324.3, Max: 47324.3, Diff: 0.0]
   [Code Root Fixup: 0.0 ms]
   [Code Root Purge: 0.0 ms]
   [String Dedup Fixup: 0.5 ms, GC Workers: 4]
      [Queue Fixup (ms): Min: 0.0, Avg: 0.0, Max: 0.0, Diff: 0.0, Sum: 0.0]
      [Table Fixup (ms): Min: 0.5, Avg: 0.5, Max: 0.5, Diff: 0.0, Sum: 1.9]
   [Clear CT: 0.0 ms]
   [Other: 0.6 ms]
      [Choose CSet: 0.0 ms]
      [Ref Proc: 0.0 ms]
      [Ref Enq: 0.0 ms]
      [Redirty Cards: 0.0 ms]
      [Humongous Register: 0.0 ms]
      [Humongous Reclaim: 0.0 ms]
      [Free CSet: 0.1 ms]
   [Eden: 38.0M(38.0M)->0.0B(38.0M) Survivors: 6144.0K->6144.0K Heap: 824.5M(883.0M)->794.0M(883.0M)]
 [Times: user=0.06 sys=0.00, real=0.01 secs] 
2016-06-27T18:01:21.068+0300: 47.325: [GC concurrent-root-region-scan-start]
2016-06-27T18:01:21.068+0300: 47.325: Total time for which application threads were stopped: 0.0052033 seconds, Stopping threads took: 0.0001980 seconds
2016-06-27T18:01:21.069+0300: 47.326: [GC concurrent-root-region-scan-end, 0.0006761 secs]
2016-06-27T18:01:21.069+0300: 47.326: [GC concurrent-mark-start]
2016-06-27T18:01:21.072+0300: 47.330: [GC concurrent-string-deduplication, 6067.8K->5944.6K(123.1K), avg 1.9%, 0.0044399 secs]
   [Last Exec: 0.0044399 secs, Idle: 0.2963358 secs, Blocked: 0/0.0000000 secs]
      [Inspected:             306]
         [Skipped:              0(  0.0%)]
         [Hashed:             306(100.0%)]
         [Known:                0(  0.0%)]
         [New:                306(100.0%)   6067.8K]
      [Deduplicated:            9(  2.9%)    123.1K(  2.0%)]
         [Young:                0(  0.0%)      0.0B(  0.0%)]
         [Old:                  9(100.0%)    123.1K(100.0%)]
   [Total Exec: 227/0.6493692 secs, Idle: 227/46.4321627 secs, Blocked: 5/0.0108620 secs]
      [Inspected:           53510]
         [Skipped:            474(  0.9%)]
         [Hashed:           52058( 97.3%)]
         [Known:             4313(  8.1%)]
         [New:              48723( 91.1%)    886.2M]
      [Deduplicated:         2899(  5.9%)     17.3M(  1.9%)]
         [Young:                6(  0.2%)     25.1K(  0.1%)]
         [Old:               2893( 99.8%)     17.2M( 99.9%)]
   [Table]
      [Memory Usage: 1219.2K]
      [Size: 32768, Min: 1024, Max: 16777216]
      [Entries: 41096, Load: 125.4%, Cached: 0, Added: 50079, Removed: 8983]
      [Resize Count: 5, Shrink Threshold: 21845(66.7%), Grow Threshold: 65536(200.0%)]
      [Rehash Count: 1, Rehash Threshold: 120, Hash Seed: 0xc4e8cebb]
      [Age Threshold: 3]
   [Queue]
      [Dropped: 0]
2016-06-27T18:01:21.397+0300: 47.654: [GC pause (G1 Evacuation Pause) (young)
Desired survivor size 3145728 bytes, new threshold 1 (max 15)
- age   1:    6069824 bytes,    6069824 total
, 0.0040319 secs]
   [Parallel Time: 3.1 ms, GC Workers: 4]
      [GC Worker Start (ms): Min: 47654.0, Avg: 47654.0, Max: 47654.0, Diff: 0.0]
      [Ext Root Scanning (ms): Min: 0.5, Avg: 0.5, Max: 0.6, Diff: 0.1, Sum: 2.1]
      [Update RS (ms): Min: 0.6, Avg: 0.7, Max: 0.8, Diff: 0.2, Sum: 2.7]
         [Processed Buffers: Min: 2, Avg: 4.8, Max: 7, Diff: 5, Sum: 19]
      [Scan RS (ms): Min: 0.0, Avg: 0.0, Max: 0.0, Diff: 0.0, Sum: 0.0]
      [Code Root Scanning (ms): Min: 0.0, Avg: 0.0, Max: 0.0, Diff: 0.0, Sum: 0.0]
      [Object Copy (ms): Min: 1.7, Avg: 1.8, Max: 1.9, Diff: 0.2, Sum: 7.3]
      [Termination (ms): Min: 0.0, Avg: 0.0, Max: 0.0, Diff: 0.0, Sum: 0.0]
         [Termination Attempts: Min: 1, Avg: 1.0, Max: 1, Diff: 0, Sum: 4]
      [GC Worker Other (ms): Min: 0.0, Avg: 0.0, Max: 0.0, Diff: 0.0, Sum: 0.0]
      [GC Worker Total (ms): Min: 3.0, Avg: 3.0, Max: 3.0, Diff: 0.0, Sum: 12.2]
      [GC Worker End (ms): Min: 47657.0, Avg: 47657.0, Max: 47657.0, Diff: 0.0]
   [Code Root Fixup: 0.0 ms]
   [Code Root Purge: 0.0 ms]
   [String Dedup Fixup: 0.5 ms, GC Workers: 4]
      [Queue Fixup (ms): Min: 0.0, Avg: 0.0, Max: 0.0, Diff: 0.0, Sum: 0.0]
      [Table Fixup (ms): Min: 0.5, Avg: 0.5, Max: 0.5, Diff: 0.0, Sum: 1.9]
   [Clear CT: 0.0 ms]
   [Other: 0.4 ms]
      [Choose CSet: 0.0 ms]
      [Ref Proc: 0.0 ms]
      [Ref Enq: 0.0 ms]
      [Redirty Cards: 0.0 ms]
      [Humongous Register: 0.0 ms]
      [Humongous Reclaim: 0.0 ms]
      [Free CSet: 0.1 ms]
   [Eden: 38.0M(38.0M)->0.0B(38.0M) Survivors: 6144.0K->6144.0K Heap: 832.0M(883.0M)->801.5M(883.0M)]
 [Times: user=0.00 sys=0.00, real=0.00 secs] 
2016-06-27T18:01:21.401+0300: 47.658: Total time for which application threads were stopped: 0.0105023 seconds, Stopping threads took: 0.0057511 seconds
2016-06-27T18:01:21.406+0300: 47.663: [GC concurrent-string-deduplication, 6147.8K->5864.6K(283.3K), avg 2.0%, 0.0047671 secs]
   [Last Exec: 0.0047671 secs, Idle: 0.3281918 secs, Blocked: 0/0.0000000 secs]
      [Inspected:             310]
         [Skipped:              0(  0.0%)]
         [Hashed:             310(100.0%)]
         [Known:                0(  0.0%)]
         [New:                310(100.0%)   6147.8K]
      [Deduplicated:           17(  5.5%)    283.3K(  4.6%)]
         [Young:                0(  0.0%)      0.0B(  0.0%)]
         [Old:                 17(100.0%)    283.3K(100.0%)]
   [Total Exec: 228/0.6541363 secs, Idle: 228/46.7603545 secs, Blocked: 5/0.0108620 secs]
      [Inspected:           53820]
         [Skipped:            474(  0.9%)]
         [Hashed:           52368( 97.3%)]
         [Known:             4313(  8.0%)]
         [New:              49033( 91.1%)    892.2M]
      [Deduplicated:         2916(  5.9%)     17.5M(  2.0%)]
         [Young:                6(  0.2%)     25.1K(  0.1%)]
         [Old:               2910( 99.8%)     17.5M( 99.9%)]
   [Table]
      [Memory Usage: 1226.1K]
      [Size: 32768, Min: 1024, Max: 16777216]
      [Entries: 41389, Load: 126.3%, Cached: 0, Added: 50372, Removed: 8983]
      [Resize Count: 5, Shrink Threshold: 21845(66.7%), Grow Threshold: 65536(200.0%)]
      [Rehash Count: 1, Rehash Threshold: 120, Hash Seed: 0xc4e8cebb]
      [Age Threshold: 3]
   [Queue]
      [Dropped: 0]
2016-06-27T18:01:21.728+0300: 47.985: [GC pause (G1 Evacuation Pause) (young)
Desired survivor size 3145728 bytes, new threshold 1 (max 15)
- age   1:    5697640 bytes,    5697640 total
, 0.0039271 secs]
   [Parallel Time: 2.9 ms, GC Workers: 4]
      [GC Worker Start (ms): Min: 47985.5, Avg: 47985.5, Max: 47985.5, Diff: 0.0]
      [Ext Root Scanning (ms): Min: 0.4, Avg: 0.5, Max: 0.5, Diff: 0.1, Sum: 1.8]
      [Update RS (ms): Min: 0.6, Avg: 0.6, Max: 0.6, Diff: 0.1, Sum: 2.4]
         [Processed Buffers: Min: 2, Avg: 5.5, Max: 10, Diff: 8, Sum: 22]
      [Scan RS (ms): Min: 0.0, Avg: 0.0, Max: 0.0, Diff: 0.0, Sum: 0.0]
      [Code Root Scanning (ms): Min: 0.0, Avg: 0.0, Max: 0.0, Diff: 0.0, Sum: 0.0]
      [Object Copy (ms): Min: 1.7, Avg: 1.8, Max: 1.8, Diff: 0.1, Sum: 7.2]
      [Termination (ms): Min: 0.0, Avg: 0.0, Max: 0.0, Diff: 0.0, Sum: 0.0]
         [Termination Attempts: Min: 1, Avg: 1.0, Max: 1, Diff: 0, Sum: 4]
      [GC Worker Other (ms): Min: 0.0, Avg: 0.0, Max: 0.0, Diff: 0.0, Sum: 0.1]
      [GC Worker Total (ms): Min: 2.9, Avg: 2.9, Max: 2.9, Diff: 0.0, Sum: 11.5]
      [GC Worker End (ms): Min: 47988.3, Avg: 47988.3, Max: 47988.3, Diff: 0.0]
   [Code Root Fixup: 0.0 ms]
   [Code Root Purge: 0.0 ms]
   [String Dedup Fixup: 0.5 ms, GC Workers: 4]
      [Queue Fixup (ms): Min: 0.0, Avg: 0.0, Max: 0.0, Diff: 0.0, Sum: 0.0]
      [Table Fixup (ms): Min: 0.5, Avg: 0.5, Max: 0.5, Diff: 0.0, Sum: 1.9]
   [Clear CT: 0.0 ms]
   [Other: 0.5 ms]
      [Choose CSet: 0.0 ms]
      [Ref Proc: 0.0 ms]
      [Ref Enq: 0.0 ms]
      [Redirty Cards: 0.1 ms]
      [Humongous Register: 0.0 ms]
      [Humongous Reclaim: 0.0 ms]
      [Free CSet: 0.0 ms]
   [Eden: 38.0M(38.0M)->0.0B(38.0M) Survivors: 6144.0K->6144.0K Heap: 839.5M(883.0M)->808.5M(883.0M)]
 [Times: user=0.00 sys=0.00, real=0.00 secs] 
2016-06-27T18:01:21.732+0300: 47.989: Total time for which application threads were stopped: 0.0047581 seconds, Stopping threads took: 0.0002870 seconds
2016-06-27T18:01:21.736+0300: 47.994: [GC concurrent-string-deduplication, 5704.5K->5584.4K(120.1K), avg 2.0%, 0.0040298 secs]
   [Last Exec: 0.0040298 secs, Idle: 0.3264529 secs, Blocked: 0/0.0000000 secs]
      [Inspected:             285]
         [Skipped:              0(  0.0%)]
         [Hashed:             285(100.0%)]
         [Known:                0(  0.0%)]
         [New:                285(100.0%)   5704.5K]
      [Deduplicated:            6(  2.1%)    120.1K(  2.1%)]
         [Young:                0(  0.0%)      0.0B(  0.0%)]
         [Old:                  6(100.0%)    120.1K(100.0%)]
   [Total Exec: 229/0.6581660 secs, Idle: 229/47.0868074 secs, Blocked: 5/0.0108620 secs]
      [Inspected:           54105]
         [Skipped:            474(  0.9%)]
         [Hashed:           52653( 97.3%)]
         [Known:             4313(  8.0%)]
         [New:              49318( 91.2%)    897.8M]
      [Deduplicated:         2922(  5.9%)     17.6M(  2.0%)]
         [Young:                6(  0.2%)     25.1K(  0.1%)]
         [Old:               2916( 99.8%)     17.6M( 99.9%)]
   [Table]
      [Memory Usage: 1232.6K]
      [Size: 32768, Min: 1024, Max: 16777216]
      [Entries: 41668, Load: 127.2%, Cached: 0, Added: 50651, Removed: 8983]
      [Resize Count: 5, Shrink Threshold: 21845(66.7%), Grow Threshold: 65536(200.0%)]
      [Rehash Count: 1, Rehash Threshold: 120, Hash Seed: 0xc4e8cebb]
      [Age Threshold: 3]
   [Queue]
      [Dropped: 0]
2016-06-27T18:01:22.061+0300: 48.318: [GC pause (G1 Evacuation Pause) (young)
Desired survivor size 3145728 bytes, new threshold 1 (max 15)
- age   1:    6038008 bytes,    6038008 total
, 0.0039622 secs]
   [Parallel Time: 2.9 ms, GC Workers: 4]
      [GC Worker Start (ms): Min: 48318.1, Avg: 48318.1, Max: 48318.1, Diff: 0.0]
      [Ext Root Scanning (ms): Min: 0.5, Avg: 0.5, Max: 0.5, Diff: 0.1, Sum: 1.9]
      [Update RS (ms): Min: 0.4, Avg: 0.5, Max: 0.5, Diff: 0.1, Sum: 1.8]
         [Processed Buffers: Min: 2, Avg: 5.8, Max: 13, Diff: 11, Sum: 23]
      [Scan RS (ms): Min: 0.0, Avg: 0.0, Max: 0.0, Diff: 0.0, Sum: 0.0]
      [Code Root Scanning (ms): Min: 0.0, Avg: 0.0, Max: 0.0, Diff: 0.0, Sum: 0.0]
      [Object Copy (ms): Min: 1.9, Avg: 1.9, Max: 2.0, Diff: 0.1, Sum: 7.7]
      [Termination (ms): Min: 0.0, Avg: 0.0, Max: 0.0, Diff: 0.0, Sum: 0.0]
         [Termination Attempts: Min: 1, Avg: 1.0, Max: 1, Diff: 0, Sum: 4]
      [GC Worker Other (ms): Min: 0.0, Avg: 0.0, Max: 0.0, Diff: 0.0, Sum: 0.1]
      [GC Worker Total (ms): Min: 2.9, Avg: 2.9, Max: 2.9, Diff: 0.0, Sum: 11.6]
      [GC Worker End (ms): Min: 48321.0, Avg: 48321.0, Max: 48321.0, Diff: 0.0]
   [Code Root Fixup: 0.0 ms]
   [Code Root Purge: 0.0 ms]
   [String Dedup Fixup: 0.5 ms, GC Workers: 4]
      [Queue Fixup (ms): Min: 0.0, Avg: 0.0, Max: 0.0, Diff: 0.0, Sum: 0.0]
      [Table Fixup (ms): Min: 0.5, Avg: 0.5, Max: 0.5, Diff: 0.0, Sum: 1.9]
   [Clear CT: 0.0 ms]
   [Other: 0.5 ms]
      [Choose CSet: 0.0 ms]
      [Ref Proc: 0.0 ms]
      [Ref Enq: 0.0 ms]
      [Redirty Cards: 0.0 ms]
      [Humongous Register: 0.0 ms]
      [Humongous Reclaim: 0.0 ms]
      [Free CSet: 0.1 ms]
   [Eden: 38.0M(38.0M)->0.0B(38.0M) Survivors: 6144.0K->6144.0K Heap: 846.5M(883.0M)->816.0M(883.0M)]
 [Times: user=0.00 sys=0.00, real=0.00 secs] 
2016-06-27T18:01:22.065+0300: 48.322: Total time for which application threads were stopped: 0.0048475 seconds, Stopping threads took: 0.0002934 seconds
2016-06-27T18:01:22.069+0300: 48.327: [GC concurrent-string-deduplication, 6312.0K->6004.7K(307.3K), avg 2.0%, 0.0044497 secs]
   [Last Exec: 0.0044497 secs, Idle: 0.3285745 secs, Blocked: 0/0.0000000 secs]
      [Inspected:             323]
         [Skipped:              1(  0.3%)]
         [Hashed:             322( 99.7%)]
         [Known:                0(  0.0%)]
         [New:                322( 99.7%)   6312.0K]
      [Deduplicated:           22(  6.8%)    307.3K(  4.9%)]
         [Young:                0(  0.0%)      0.0B(  0.0%)]
         [Old:                 22(100.0%)    307.3K(100.0%)]
   [Total Exec: 230/0.6626158 secs, Idle: 230/47.4153820 secs, Blocked: 5/0.0108620 secs]
      [Inspected:           54428]
         [Skipped:            475(  0.9%)]
         [Hashed:           52975( 97.3%)]
         [Known:             4313(  7.9%)]
         [New:              49640( 91.2%)    903.9M]
      [Deduplicated:         2944(  5.9%)     17.9M(  2.0%)]
         [Young:                6(  0.2%)     25.1K(  0.1%)]
         [Old:               2938( 99.8%)     17.9M( 99.9%)]
   [Table]
      [Memory Usage: 1239.6K]
      [Size: 32768, Min: 1024, Max: 16777216]
      [Entries: 41968, Load: 128.1%, Cached: 0, Added: 50951, Removed: 8983]
      [Resize Count: 5, Shrink Threshold: 21845(66.7%), Grow Threshold: 65536(200.0%)]
      [Rehash Count: 1, Rehash Threshold: 120, Hash Seed: 0xc4e8cebb]
      [Age Threshold: 3]
   [Queue]
      [Dropped: 0]
2016-06-27T18:01:22.405+0300: 48.663: [GC pause (G1 Evacuation Pause) (young)
Desired survivor size 3145728 bytes, new threshold 1 (max 15)
- age   1:    5942968 bytes,    5942968 total
, 0.0040037 secs]
   [Parallel Time: 3.0 ms, GC Workers: 4]
      [GC Worker Start (ms): Min: 48663.2, Avg: 48663.2, Max: 48663.2, Diff: 0.0]
      [Ext Root Scanning (ms): Min: 0.4, Avg: 0.5, Max: 0.5, Diff: 0.1, Sum: 1.9]
      [Update RS (ms): Min: 0.5, Avg: 0.6, Max: 0.6, Diff: 0.1, Sum: 2.2]
         [Processed Buffers: Min: 2, Avg: 6.0, Max: 12, Diff: 10, Sum: 24]
      [Scan RS (ms): Min: 0.0, Avg: 0.0, Max: 0.0, Diff: 0.0, Sum: 0.0]
      [Code Root Scanning (ms): Min: 0.0, Avg: 0.0, Max: 0.0, Diff: 0.0, Sum: 0.0]
      [Object Copy (ms): Min: 1.8, Avg: 1.9, Max: 2.0, Diff: 0.2, Sum: 7.6]
      [Termination (ms): Min: 0.0, Avg: 0.0, Max: 0.0, Diff: 0.0, Sum: 0.0]
         [Termination Attempts: Min: 1, Avg: 1.0, Max: 1, Diff: 0, Sum: 4]
      [GC Worker Other (ms): Min: 0.0, Avg: 0.0, Max: 0.0, Diff: 0.0, Sum: 0.1]
      [GC Worker Total (ms): Min: 3.0, Avg: 3.0, Max: 3.0, Diff: 0.0, Sum: 11.8]
      [GC Worker End (ms): Min: 48666.1, Avg: 48666.1, Max: 48666.1, Diff: 0.0]
   [Code Root Fixup: 0.0 ms]
   [Code Root Purge: 0.0 ms]
   [String Dedup Fixup: 0.5 ms, GC Workers: 4]
      [Queue Fixup (ms): Min: 0.0, Avg: 0.0, Max: 0.0, Diff: 0.0, Sum: 0.0]
      [Table Fixup (ms): Min: 0.5, Avg: 0.5, Max: 0.5, Diff: 0.0, Sum: 1.9]
   [Clear CT: 0.0 ms]
   [Other: 0.5 ms]
      [Choose CSet: 0.0 ms]
      [Ref Proc: 0.1 ms]
      [Ref Enq: 0.0 ms]
      [Redirty Cards: 0.0 ms]
      [Humongous Register: 0.0 ms]
      [Humongous Reclaim: 0.0 ms]
      [Free CSet: 0.0 ms]
   [Eden: 38.0M(38.0M)->0.0B(38.0M) Survivors: 6144.0K->6144.0K Heap: 854.0M(883.0M)->824.0M(883.0M)]
 [Times: user=0.00 sys=0.00, real=0.01 secs] 
2016-06-27T18:01:22.410+0300: 48.667: Total time for which application threads were stopped: 0.0140861 seconds, Stopping threads took: 0.0094687 seconds
2016-06-27T18:01:22.414+0300: 48.672: [GC concurrent-string-deduplication, 6186.9K->5904.6K(282.3K), avg 2.0%, 0.0043587 secs]
   [Last Exec: 0.0043587 secs, Idle: 0.3405968 secs, Blocked: 0/0.0000000 secs]
      [Inspected:             311]
         [Skipped:              0(  0.0%)]
         [Hashed:             311(100.0%)]
         [Known:                0(  0.0%)]
         [New:                311(100.0%)   6186.9K]
      [Deduplicated:           16(  5.1%)    282.3K(  4.6%)]
         [Young:                0(  0.0%)      0.0B(  0.0%)]
         [Old:                 16(100.0%)    282.3K(100.0%)]
   [Total Exec: 231/0.6669744 secs, Idle: 231/47.7559787 secs, Blocked: 5/0.0108620 secs]
      [Inspected:           54739]
         [Skipped:            475(  0.9%)]
         [Hashed:           53286( 97.3%)]
         [Known:             4313(  7.9%)]
         [New:              49951( 91.3%)    910.0M]
      [Deduplicated:         2960(  5.9%)     18.2M(  2.0%)]
         [Young:                6(  0.2%)     25.1K(  0.1%)]
         [Old:               2954( 99.8%)     18.2M( 99.9%)]
   [Table]
      [Memory Usage: 1246.5K]
      [Size: 32768, Min: 1024, Max: 16777216]
      [Entries: 42263, Load: 129.0%, Cached: 0, Added: 51246, Removed: 8983]
      [Resize Count: 5, Shrink Threshold: 21845(66.7%), Grow Threshold: 65536(200.0%)]
      [Rehash Count: 1, Rehash Threshold: 120, Hash Seed: 0xc4e8cebb]
      [Age Threshold: 3]
   [Queue]
      [Dropped: 0]
2016-06-27T18:01:22.749+0300: 49.006: [GC pause (G1 Evacuation Pause) (young)
Desired survivor size 3145728 bytes, new threshold 1 (max 15)
- age   1:    5795992 bytes,    5795992 total
, 0.0053003 secs]
   [Parallel Time: 3.8 ms, GC Workers: 4]
      [GC Worker Start (ms): Min: 49006.3, Avg: 49006.3, Max: 49006.4, Diff: 0.1]
      [Ext Root Scanning (ms): Min: 0.5, Avg: 0.7, Max: 0.8, Diff: 0.3, Sum: 2.7]
      [Update RS (ms): Min: 0.7, Avg: 1.3, Max: 2.8, Diff: 2.1, Sum: 5.1]
         [Processed Buffers: Min: 1, Avg: 5.3, Max: 14, Diff: 13, Sum: 21]
      [Scan RS (ms): Min: 0.0, Avg: 0.0, Max: 0.0, Diff: 0.0, Sum: 0.0]
      [Code Root Scanning (ms): Min: 0.0, Avg: 0.0, Max: 0.0, Diff: 0.0, Sum: 0.0]
      [Object Copy (ms): Min: 0.0, Avg: 1.5, Max: 2.0, Diff: 2.0, Sum: 6.1]
      [Termination (ms): Min: 0.0, Avg: 0.3, Max: 0.4, Diff: 0.4, Sum: 1.1]
         [Termination Attempts: Min: 1, Avg: 1.3, Max: 2, Diff: 1, Sum: 5]
      [GC Worker Other (ms): Min: 0.0, Avg: 0.0, Max: 0.0, Diff: 0.0, Sum: 0.0]
      [GC Worker Total (ms): Min: 3.7, Avg: 3.7, Max: 3.8, Diff: 0.1, Sum: 15.0]
      [GC Worker End (ms): Min: 49010.1, Avg: 49010.1, Max: 49010.1, Diff: 0.0]
   [Code Root Fixup: 0.0 ms]
   [Code Root Purge: 0.0 ms]
   [String Dedup Fixup: 0.9 ms, GC Workers: 4]
      [Queue Fixup (ms): Min: 0.0, Avg: 0.0, Max: 0.0, Diff: 0.0, Sum: 0.0]
      [Table Fixup (ms): Min: 0.0, Avg: 0.6, Max: 0.9, Diff: 0.9, Sum: 2.6]
   [Clear CT: 0.1 ms]
   [Other: 0.5 ms]
      [Choose CSet: 0.0 ms]
      [Ref Proc: 0.1 ms]
      [Ref Enq: 0.0 ms]
      [Redirty Cards: 0.1 ms]
      [Humongous Register: 0.0 ms]
      [Humongous Reclaim: 0.0 ms]
      [Free CSet: 0.0 ms]
   [Eden: 38.0M(38.0M)->0.0B(38.0M) Survivors: 6144.0K->6144.0K Heap: 862.0M(883.0M)->831.5M(883.0M)]
 [Times: user=0.00 sys=0.00, real=0.01 secs] 
2016-06-27T18:01:22.755+0300: 49.012: Total time for which application threads were stopped: 0.0146373 seconds, Stopping threads took: 0.0085899 seconds
2016-06-27T18:01:22.759+0300: 49.016: [GC concurrent-string-deduplication, 6246.9K->6064.7K(182.2K), avg 2.0%, 0.0042552 secs]
   [Last Exec: 0.0042552 secs, Idle: 0.3401199 secs, Blocked: 0/0.0000000 secs]
      [Inspected:             315]
         [Skipped:              1(  0.3%)]
         [Hashed:             314( 99.7%)]
         [Known:                0(  0.0%)]
         [New:                314( 99.7%)   6246.9K]
      [Deduplicated:           11(  3.5%)    182.2K(  2.9%)]
         [Young:                0(  0.0%)      0.0B(  0.0%)]
         [Old:                 11(100.0%)    182.2K(100.0%)]
   [Total Exec: 232/0.6712296 secs, Idle: 232/48.0960986 secs, Blocked: 5/0.0108620 secs]
      [Inspected:           55054]
         [Skipped:            476(  0.9%)]
         [Hashed:           53600( 97.4%)]
         [Known:             4313(  7.8%)]
         [New:              50265( 91.3%)    916.1M]
      [Deduplicated:         2971(  5.9%)     18.4M(  2.0%)]
         [Young:                6(  0.2%)     25.1K(  0.1%)]
         [Old:               2965( 99.8%)     18.4M( 99.9%)]
   [Table]
      [Memory Usage: 1253.6K]
      [Size: 32768, Min: 1024, Max: 16777216]
      [Entries: 42566, Load: 129.9%, Cached: 0, Added: 51549, Removed: 8983]
      [Resize Count: 5, Shrink Threshold: 21845(66.7%), Grow Threshold: 65536(200.0%)]
      [Rehash Count: 1, Rehash Threshold: 120, Hash Seed: 0xc4e8cebb]
      [Age Threshold: 3]
   [Queue]
      [Dropped: 0]
2016-06-27T18:01:22.793+0300: 49.050: [GC concurrent-mark-end, 1.7227350 secs]
2016-06-27T18:01:22.827+0300: 49.085: [GC remark 2016-06-27T18:01:22.828+0300: 49.085: [Finalize Marking, 0.0004187 secs] 2016-06-27T18:01:22.828+0300: 49.085: [GC ref-proc, 0.0000907 secs] 2016-06-27T18:01:22.828+0300: 49.085: [Unloading, 0.0028554 secs], 0.0069789 secs]
 [Times: user=0.06 sys=0.00, real=0.01 secs] 
2016-06-27T18:01:22.835+0300: 49.092: Total time for which application threads were stopped: 0.0168047 seconds, Stopping threads took: 0.0091646 seconds
2016-06-27T18:01:22.836+0300: 49.094: [GC cleanup 841M->841M(883M), 0.0018680 secs]
 [Times: user=0.00 sys=0.00, real=0.00 secs] 
2016-06-27T18:01:22.838+0300: 49.096: Total time for which application threads were stopped: 0.0023209 seconds, Stopping threads took: 0.0000641 seconds
2016-06-27T18:01:23.064+0300: 49.321: [GC pause (G1 Evacuation Pause) (young)
Desired survivor size 3145728 bytes, new threshold 1 (max 15)
- age   1:    5637824 bytes,    5637824 total
, 0.0043176 secs]
   [Parallel Time: 3.4 ms, GC Workers: 4]
      [GC Worker Start (ms): Min: 49321.6, Avg: 49321.7, Max: 49321.7, Diff: 0.1]
      [Ext Root Scanning (ms): Min: 0.5, Avg: 1.2, Max: 3.0, Diff: 2.5, Sum: 4.6]
      [Update RS (ms): Min: 0.0, Avg: 0.5, Max: 0.7, Diff: 0.7, Sum: 1.9]
         [Processed Buffers: Min: 0, Avg: 7.5, Max: 19, Diff: 19, Sum: 30]
      [Scan RS (ms): Min: 0.0, Avg: 0.0, Max: 0.0, Diff: 0.0, Sum: 0.0]
      [Code Root Scanning (ms): Min: 0.0, Avg: 0.0, Max: 0.0, Diff: 0.0, Sum: 0.0]
      [Object Copy (ms): Min: 0.2, Avg: 1.6, Max: 2.1, Diff: 2.0, Sum: 6.5]
      [Termination (ms): Min: 0.0, Avg: 0.0, Max: 0.0, Diff: 0.0, Sum: 0.0]
         [Termination Attempts: Min: 1, Avg: 1.0, Max: 1, Diff: 0, Sum: 4]
      [GC Worker Other (ms): Min: 0.0, Avg: 0.0, Max: 0.0, Diff: 0.0, Sum: 0.1]
      [GC Worker Total (ms): Min: 3.2, Avg: 3.3, Max: 3.3, Diff: 0.1, Sum: 13.2]
      [GC Worker End (ms): Min: 49325.0, Avg: 49325.0, Max: 49325.0, Diff: 0.0]
   [Code Root Fixup: 0.0 ms]
   [Code Root Purge: 0.0 ms]
   [String Dedup Fixup: 0.5 ms, GC Workers: 4]
      [Queue Fixup (ms): Min: 0.0, Avg: 0.0, Max: 0.0, Diff: 0.0, Sum: 0.0]
      [Table Fixup (ms): Min: 0.4, Avg: 0.5, Max: 0.5, Diff: 0.0, Sum: 1.8]
   [Clear CT: 0.0 ms]
   [Other: 0.4 ms]
      [Choose CSet: 0.0 ms]
      [Ref Proc: 0.0 ms]
      [Ref Enq: 0.0 ms]
      [Redirty Cards: 0.0 ms]
      [Humongous Register: 0.0 ms]
      [Humongous Reclaim: 0.0 ms]
      [Free CSet: 0.1 ms]
   [Eden: 38.0M(38.0M)->0.0B(38.0M) Survivors: 6144.0K->6144.0K Heap: 869.5M(883.0M)->838.0M(883.0M)]
 [Times: user=0.05 sys=0.00, real=0.00 secs] 
2016-06-27T18:01:23.069+0300: 49.326: Total time for which application threads were stopped: 0.0129968 seconds, Stopping threads took: 0.0080942 seconds
2016-06-27T18:01:23.072+0300: 49.330: [GC concurrent-string-deduplication, 5709.5K->5564.3K(145.2K), avg 2.0%, 0.0038959 secs]
   [Last Exec: 0.0038959 secs, Idle: 0.3098518 secs, Blocked: 0/0.0000000 secs]
      [Inspected:             294]
         [Skipped:              4(  1.4%)]
         [Hashed:             290( 98.6%)]
         [Known:                0(  0.0%)]
         [New:                290( 98.6%)   5709.5K]
      [Deduplicated:           12(  4.1%)    145.2K(  2.5%)]
         [Young:                0(  0.0%)      0.0B(  0.0%)]
         [Old:                 12(100.0%)    145.2K(100.0%)]
   [Total Exec: 233/0.6751255 secs, Idle: 233/48.4059505 secs, Blocked: 5/0.0108620 secs]
      [Inspected:           55348]
         [Skipped:            480(  0.9%)]
         [Hashed:           53890( 97.4%)]
         [Known:             4313(  7.8%)]
         [New:              50555( 91.3%)    921.6M]
      [Deduplicated:         2983(  5.9%)     18.5M(  2.0%)]
         [Young:                6(  0.2%)     25.1K(  0.1%)]
         [Old:               2977( 99.8%)     18.5M( 99.9%)]
   [Table]
      [Memory Usage: 1253.6K]
      [Size: 32768, Min: 1024, Max: 16777216]
      [Entries: 42267, Load: 129.0%, Cached: 299, Added: 51827, Removed: 9560]
      [Resize Count: 5, Shrink Threshold: 21845(66.7%), Grow Threshold: 65536(200.0%)]
      [Rehash Count: 1, Rehash Threshold: 120, Hash Seed: 0xc4e8cebb]
      [Age Threshold: 3]
   [Queue]
      [Dropped: 0]
2016-06-27T18:01:23.416+0300: 49.673: [GC pause (G1 Evacuation Pause) (mixed)
Desired survivor size 3145728 bytes, new threshold 1 (max 15)
- age   1:    6176640 bytes,    6176640 total
, 0.0168273 secs]
   [Parallel Time: 15.2 ms, GC Workers: 4]
      [GC Worker Start (ms): Min: 49673.0, Avg: 49673.0, Max: 49673.0, Diff: 0.1]
      [Ext Root Scanning (ms): Min: 0.4, Avg: 0.6, Max: 0.9, Diff: 0.5, Sum: 2.4]
      [Update RS (ms): Min: 0.6, Avg: 1.5, Max: 4.0, Diff: 3.4, Sum: 6.1]
         [Processed Buffers: Min: 1, Avg: 12.3, Max: 35, Diff: 34, Sum: 49]
      [Scan RS (ms): Min: 0.0, Avg: 1.5, Max: 2.1, Diff: 2.1, Sum: 6.1]
      [Code Root Scanning (ms): Min: 0.0, Avg: 0.0, Max: 0.0, Diff: 0.0, Sum: 0.0]
      [Object Copy (ms): Min: 10.5, Avg: 11.4, Max: 11.8, Diff: 1.3, Sum: 45.7]
      [Termination (ms): Min: 0.0, Avg: 0.0, Max: 0.1, Diff: 0.1, Sum: 0.2]
         [Termination Attempts: Min: 1, Avg: 1.0, Max: 1, Diff: 0, Sum: 4]
      [GC Worker Other (ms): Min: 0.0, Avg: 0.0, Max: 0.0, Diff: 0.0, Sum: 0.0]
      [GC Worker Total (ms): Min: 15.1, Avg: 15.1, Max: 15.1, Diff: 0.1, Sum: 60.4]
      [GC Worker End (ms): Min: 49688.1, Avg: 49688.1, Max: 49688.1, Diff: 0.0]
   [Code Root Fixup: 0.0 ms]
   [Code Root Purge: 0.0 ms]
   [String Dedup Fixup: 0.8 ms, GC Workers: 4]
      [Queue Fixup (ms): Min: 0.0, Avg: 0.0, Max: 0.0, Diff: 0.0, Sum: 0.0]
      [Table Fixup (ms): Min: 0.0, Avg: 0.5, Max: 0.7, Diff: 0.7, Sum: 2.2]
   [Clear CT: 0.2 ms]
   [Other: 0.7 ms]
      [Choose CSet: 0.1 ms]
      [Ref Proc: 0.1 ms]
      [Ref Enq: 0.0 ms]
      [Redirty Cards: 0.0 ms]
      [Humongous Register: 0.0 ms]
      [Humongous Reclaim: 0.0 ms]
      [Free CSet: 0.2 ms]
   [Eden: 38.0M(38.0M)->0.0B(40.0M) Survivors: 6144.0K->6144.0K Heap: 876.0M(883.0M)->829.0M(924.0M)]
 [Times: user=0.03 sys=0.02, real=0.02 secs] 
2016-06-27T18:01:23.433+0300: 49.690: Total time for which application threads were stopped: 0.0448733 seconds, Stopping threads took: 0.0274263 seconds
2016-06-27T18:01:23.437+0300: 49.694: [GC concurrent-string-deduplication, 6270.0K->5984.7K(285.3K), avg 2.0%, 0.0046046 secs]
   [Last Exec: 0.0046046 secs, Idle: 0.3598262 secs, Blocked: 0/0.0000000 secs]
      [Inspected:             318]
         [Skipped:              0(  0.0%)]
         [Hashed:             318(100.0%)]
         [Known:                0(  0.0%)]
         [New:                318(100.0%)   6270.0K]
      [Deduplicated:           19(  6.0%)    285.3K(  4.6%)]
         [Young:                0(  0.0%)      0.0B(  0.0%)]
         [Old:                 19(100.0%)    285.3K(100.0%)]
   [Total Exec: 234/0.6797301 secs, Idle: 234/48.7657767 secs, Blocked: 5/0.0108620 secs]
      [Inspected:           55666]
         [Skipped:            480(  0.9%)]
         [Hashed:           54208( 97.4%)]
         [Known:             4313(  7.7%)]
         [New:              50873( 91.4%)    927.8M]
      [Deduplicated:         3002(  5.9%)     18.8M(  2.0%)]
         [Young:                6(  0.2%)     25.1K(  0.1%)]
         [Old:               2996( 99.8%)     18.8M( 99.9%)]
   [Table]
      [Memory Usage: 1253.6K]
      [Size: 32768, Min: 1024, Max: 16777216]
      [Entries: 42566, Load: 129.9%, Cached: 0, Added: 52126, Removed: 9560]
      [Resize Count: 5, Shrink Threshold: 21845(66.7%), Grow Threshold: 65536(200.0%)]
      [Rehash Count: 1, Rehash Threshold: 120, Hash Seed: 0xc4e8cebb]
      [Age Threshold: 3]
   [Queue]
      [Dropped: 0]
2016-06-27T18:01:23.752+0300: 50.009: [GC pause (G1 Evacuation Pause) (young)
Desired survivor size 3145728 bytes, new threshold 1 (max 15)
- age   1:    6127648 bytes,    6127648 total
, 0.0093622 secs]
   [Parallel Time: 8.3 ms, GC Workers: 4]
      [GC Worker Start (ms): Min: 50009.2, Avg: 50009.2, Max: 50009.3, Diff: 0.1]
      [Ext Root Scanning (ms): Min: 0.5, Avg: 0.8, Max: 1.2, Diff: 0.7, Sum: 3.1]
      [Update RS (ms): Min: 5.0, Avg: 5.9, Max: 6.8, Diff: 1.8, Sum: 23.5]
         [Processed Buffers: Min: 5, Avg: 11.3, Max: 27, Diff: 22, Sum: 45]
      [Scan RS (ms): Min: 0.0, Avg: 0.0, Max: 0.0, Diff: 0.0, Sum: 0.0]
      [Code Root Scanning (ms): Min: 0.0, Avg: 0.0, Max: 0.0, Diff: 0.0, Sum: 0.0]
      [Object Copy (ms): Min: 0.9, Avg: 1.6, Max: 2.0, Diff: 1.1, Sum: 6.3]
      [Termination (ms): Min: 0.0, Avg: 0.0, Max: 0.0, Diff: 0.0, Sum: 0.0]
         [Termination Attempts: Min: 1, Avg: 1.0, Max: 1, Diff: 0, Sum: 4]
      [GC Worker Other (ms): Min: 0.0, Avg: 0.0, Max: 0.0, Diff: 0.0, Sum: 0.1]
      [GC Worker Total (ms): Min: 8.2, Avg: 8.3, Max: 8.3, Diff: 0.1, Sum: 33.0]
      [GC Worker End (ms): Min: 50017.5, Avg: 50017.5, Max: 50017.5, Diff: 0.0]
   [Code Root Fixup: 0.0 ms]
   [Code Root Purge: 0.0 ms]
   [String Dedup Fixup: 0.5 ms, GC Workers: 4]
      [Queue Fixup (ms): Min: 0.0, Avg: 0.0, Max: 0.0, Diff: 0.0, Sum: 0.0]
      [Table Fixup (ms): Min: 0.5, Avg: 0.5, Max: 0.5, Diff: 0.0, Sum: 2.0]
   [Clear CT: 0.0 ms]
   [Other: 0.5 ms]
      [Choose CSet: 0.0 ms]
      [Ref Proc: 0.1 ms]
      [Ref Enq: 0.0 ms]
      [Redirty Cards: 0.0 ms]
      [Humongous Register: 0.0 ms]
      [Humongous Reclaim: 0.0 ms]
      [Free CSet: 0.1 ms]
   [Eden: 40.0M(40.0M)->0.0B(40.0M) Survivors: 6144.0K->6144.0K Heap: 869.0M(924.0M)->836.5M(924.0M)]
 [Times: user=0.05 sys=0.00, real=0.01 secs] 
2016-06-27T18:01:23.761+0300: 50.019: Total time for which application threads were stopped: 0.0193548 seconds, Stopping threads took: 0.0093605 seconds
2016-06-27T18:01:23.766+0300: 50.023: [GC concurrent-string-deduplication, 6348.0K->6124.8K(223.2K), avg 2.0%, 0.0044831 secs]
   [Last Exec: 0.0044831 secs, Idle: 0.3241197 secs, Blocked: 0/0.0000000 secs]
      [Inspected:             321]
         [Skipped:              1(  0.3%)]
         [Hashed:             320( 99.7%)]
         [Known:                0(  0.0%)]
         [New:                320( 99.7%)   6348.0K]
      [Deduplicated:           14(  4.4%)    223.2K(  3.5%)]
         [Young:                0(  0.0%)      0.0B(  0.0%)]
         [Old:                 14(100.0%)    223.2K(100.0%)]
   [Total Exec: 235/0.6842132 secs, Idle: 235/49.0898964 secs, Blocked: 5/0.0108620 secs]
      [Inspected:           55987]
         [Skipped:            481(  0.9%)]
         [Hashed:           54528( 97.4%)]
         [Known:             4313(  7.7%)]
         [New:              51193( 91.4%)    934.0M]
      [Deduplicated:         3016(  5.9%)     19.0M(  2.0%)]
         [Young:                6(  0.2%)     25.1K(  0.1%)]
         [Old:               3010( 99.8%)     19.0M( 99.9%)]
   [Table]
      [Memory Usage: 1260.8K]
      [Size: 32768, Min: 1024, Max: 16777216]
      [Entries: 42872, Load: 130.8%, Cached: 0, Added: 52432, Removed: 9560]
      [Resize Count: 5, Shrink Threshold: 21845(66.7%), Grow Threshold: 65536(200.0%)]
      [Rehash Count: 1, Rehash Threshold: 120, Hash Seed: 0xc4e8cebb]
      [Age Threshold: 3]
   [Queue]
      [Dropped: 0]
2016-06-27T18:01:24.105+0300: 50.362: [GC pause (G1 Evacuation Pause) (young) (initial-mark)
Desired survivor size 3145728 bytes, new threshold 1 (max 15)
- age   1:    6012568 bytes,    6012568 total
, 0.0042265 secs]
   [Parallel Time: 3.1 ms, GC Workers: 4]
      [GC Worker Start (ms): Min: 50362.1, Avg: 50362.1, Max: 50362.1, Diff: 0.0]
      [Ext Root Scanning (ms): Min: 0.5, Avg: 0.5, Max: 0.7, Diff: 0.2, Sum: 2.1]
      [Update RS (ms): Min: 0.5, Avg: 0.6, Max: 0.7, Diff: 0.2, Sum: 2.2]
         [Processed Buffers: Min: 1, Avg: 9.0, Max: 27, Diff: 26, Sum: 36]
      [Scan RS (ms): Min: 0.0, Avg: 0.0, Max: 0.0, Diff: 0.0, Sum: 0.0]
      [Code Root Scanning (ms): Min: 0.0, Avg: 0.0, Max: 0.0, Diff: 0.0, Sum: 0.0]
      [Object Copy (ms): Min: 1.9, Avg: 1.9, Max: 2.0, Diff: 0.1, Sum: 7.7]
      [Termination (ms): Min: 0.0, Avg: 0.0, Max: 0.0, Diff: 0.0, Sum: 0.0]
         [Termination Attempts: Min: 1, Avg: 1.0, Max: 1, Diff: 0, Sum: 4]
      [GC Worker Other (ms): Min: 0.0, Avg: 0.0, Max: 0.0, Diff: 0.0, Sum: 0.1]
      [GC Worker Total (ms): Min: 3.0, Avg: 3.0, Max: 3.0, Diff: 0.0, Sum: 12.2]
      [GC Worker End (ms): Min: 50365.1, Avg: 50365.1, Max: 50365.1, Diff: 0.0]
   [Code Root Fixup: 0.0 ms]
   [Code Root Purge: 0.0 ms]
   [String Dedup Fixup: 0.5 ms, GC Workers: 4]
      [Queue Fixup (ms): Min: 0.0, Avg: 0.0, Max: 0.0, Diff: 0.0, Sum: 0.0]
      [Table Fixup (ms): Min: 0.5, Avg: 0.5, Max: 0.5, Diff: 0.0, Sum: 1.9]
   [Clear CT: 0.0 ms]
   [Other: 0.6 ms]
      [Choose CSet: 0.0 ms]
      [Ref Proc: 0.1 ms]
      [Ref Enq: 0.0 ms]
      [Redirty Cards: 0.0 ms]
      [Humongous Register: 0.0 ms]
      [Humongous Reclaim: 0.0 ms]
      [Free CSet: 0.1 ms]
   [Eden: 40.0M(40.0M)->0.0B(40.0M) Survivors: 6144.0K->6144.0K Heap: 876.5M(924.0M)->844.5M(924.0M)]
 [Times: user=0.00 sys=0.00, real=0.00 secs] 
2016-06-27T18:01:24.109+0300: 50.366: Total time for which application threads were stopped: 0.0114817 seconds, Stopping threads took: 0.0066603 seconds
2016-06-27T18:01:24.109+0300: 50.366: [GC concurrent-root-region-scan-start]
2016-06-27T18:01:24.110+0300: 50.367: [GC concurrent-root-region-scan-end, 0.0005008 secs]
2016-06-27T18:01:24.110+0300: 50.367: [GC concurrent-mark-start]
2016-06-27T18:01:24.114+0300: 50.371: [GC concurrent-string-deduplication, 6706.3K->6525.1K(181.2K), avg 2.0%, 0.0048962 secs]
   [Last Exec: 0.0048962 secs, Idle: 0.3430438 secs, Blocked: 0/0.0000000 secs]
      [Inspected:             336]
         [Skipped:              0(  0.0%)]
         [Hashed:             336(100.0%)]
         [Known:                0(  0.0%)]
         [New:                336(100.0%)   6706.3K]
      [Deduplicated:           10(  3.0%)    181.2K(  2.7%)]
         [Young:                0(  0.0%)      0.0B(  0.0%)]
         [Old:                 10(100.0%)    181.2K(100.0%)]
   [Total Exec: 236/0.6891094 secs, Idle: 236/49.4329402 secs, Blocked: 5/0.0108620 secs]
      [Inspected:           56323]
         [Skipped:            481(  0.9%)]
         [Hashed:           54864( 97.4%)]
         [Known:             4313(  7.7%)]
         [New:              51529( 91.5%)    940.5M]
      [Deduplicated:         3026(  5.9%)     19.2M(  2.0%)]
         [Young:                6(  0.2%)     25.1K(  0.1%)]
         [Old:               3020( 99.8%)     19.2M( 99.9%)]
   [Table]
      [Memory Usage: 1268.5K]
      [Size: 32768, Min: 1024, Max: 16777216]
      [Entries: 43198, Load: 131.8%, Cached: 0, Added: 52758, Removed: 9560]
      [Resize Count: 5, Shrink Threshold: 21845(66.7%), Grow Threshold: 65536(200.0%)]
      [Rehash Count: 1, Rehash Threshold: 120, Hash Seed: 0xc4e8cebb]
      [Age Threshold: 3]
   [Queue]
      [Dropped: 0]
2016-06-27T18:01:24.170+0300: 50.427: [GC concurrent-mark-end, 0.0587618 secs]
2016-06-27T18:01:24.203+0300: 50.460: [GC remark 2016-06-27T18:01:24.203+0300: 50.460: [Finalize Marking, 0.0001997 secs] 2016-06-27T18:01:24.203+0300: 50.460: [GC ref-proc, 0.0000881 secs] 2016-06-27T18:01:24.203+0300: 50.461: [Unloading, 0.0042257 secs], 0.0104703 secs]
 [Times: user=0.00 sys=0.02, real=0.01 secs] 
2016-06-27T18:01:24.213+0300: 50.471: Total time for which application threads were stopped: 0.0134596 seconds, Stopping threads took: 0.0025266 seconds
2016-06-27T18:01:24.405+0300: 50.663: [GC pause (G1 Evacuation Pause) (young)
Desired survivor size 3145728 bytes, new threshold 1 (max 15)
- age   1:    5834248 bytes,    5834248 total
, 0.0039122 secs]
   [Parallel Time: 2.9 ms, GC Workers: 4]
      [GC Worker Start (ms): Min: 50663.0, Avg: 50663.0, Max: 50663.0, Diff: 0.0]
      [Ext Root Scanning (ms): Min: 0.4, Avg: 0.5, Max: 0.6, Diff: 0.2, Sum: 1.9]
      [Update RS (ms): Min: 0.4, Avg: 0.5, Max: 0.8, Diff: 0.4, Sum: 2.1]
         [Processed Buffers: Min: 1, Avg: 8.5, Max: 25, Diff: 24, Sum: 34]
      [Scan RS (ms): Min: 0.0, Avg: 0.0, Max: 0.0, Diff: 0.0, Sum: 0.0]
      [Code Root Scanning (ms): Min: 0.0, Avg: 0.0, Max: 0.0, Diff: 0.0, Sum: 0.0]
      [Object Copy (ms): Min: 1.6, Avg: 1.8, Max: 2.0, Diff: 0.4, Sum: 7.3]
      [Termination (ms): Min: 0.0, Avg: 0.0, Max: 0.0, Diff: 0.0, Sum: 0.0]
         [Termination Attempts: Min: 1, Avg: 1.0, Max: 1, Diff: 0, Sum: 4]
      [GC Worker Other (ms): Min: 0.0, Avg: 0.0, Max: 0.0, Diff: 0.0, Sum: 0.1]
      [GC Worker Total (ms): Min: 2.9, Avg: 2.9, Max: 2.9, Diff: 0.0, Sum: 11.5]
      [GC Worker End (ms): Min: 50665.9, Avg: 50665.9, Max: 50665.9, Diff: 0.0]
   [Code Root Fixup: 0.0 ms]
   [Code Root Purge: 0.0 ms]
   [String Dedup Fixup: 0.5 ms, GC Workers: 4]
      [Queue Fixup (ms): Min: 0.0, Avg: 0.0, Max: 0.0, Diff: 0.0, Sum: 0.0]
      [Table Fixup (ms): Min: 0.5, Avg: 0.5, Max: 0.5, Diff: 0.0, Sum: 2.1]
   [Clear CT: 0.0 ms]
   [Other: 0.4 ms]
      [Choose CSet: 0.0 ms]
      [Ref Proc: 0.0 ms]
      [Ref Enq: 0.0 ms]
      [Redirty Cards: 0.0 ms]
      [Humongous Register: 0.0 ms]
      [Humongous Reclaim: 0.0 ms]
      [Free CSet: 0.0 ms]
   [Eden: 40.0M(40.0M)->0.0B(40.0M) Survivors: 6144.0K->6144.0K Heap: 884.5M(924.0M)->852.0M(924.0M)]
 [Times: user=0.00 sys=0.00, real=0.00 secs] 
2016-06-27T18:01:24.410+0300: 50.667: Total time for which application threads were stopped: 0.0124302 seconds, Stopping threads took: 0.0078663 seconds
2016-06-27T18:01:24.414+0300: 50.671: [GC concurrent-string-deduplication, 5871.9K->5684.4K(187.4K), avg 2.1%, 0.0040550 secs]
   [Last Exec: 0.0040550 secs, Idle: 0.2957529 secs, Blocked: 0/0.0000000 secs]
      [Inspected:             307]
         [Skipped:              4(  1.3%)]
         [Hashed:             303( 98.7%)]
         [Known:                0(  0.0%)]
         [New:                303( 98.7%)   5871.9K]
      [Deduplicated:           19(  6.3%)    187.4K(  3.2%)]
         [Young:                0(  0.0%)      0.0B(  0.0%)]
         [Old:                 19(100.0%)    187.4K(100.0%)]
   [Total Exec: 237/0.6931644 secs, Idle: 237/49.7286931 secs, Blocked: 5/0.0108620 secs]
      [Inspected:           56630]
         [Skipped:            485(  0.9%)]
         [Hashed:           55167( 97.4%)]
         [Known:             4313(  7.6%)]
         [New:              51832( 91.5%)    946.2M]
      [Deduplicated:         3045(  5.9%)     19.4M(  2.1%)]
         [Young:                6(  0.2%)     25.1K(  0.1%)]
         [Old:               3039( 99.8%)     19.4M( 99.9%)]
   [Table]
      [Memory Usage: 1268.5K]
      [Size: 32768, Min: 1024, Max: 16777216]
      [Entries: 41740, Load: 127.4%, Cached: 1458, Added: 53042, Removed: 11302]
      [Resize Count: 5, Shrink Threshold: 21845(66.7%), Grow Threshold: 65536(200.0%)]
      [Rehash Count: 1, Rehash Threshold: 120, Hash Seed: 0xc4e8cebb]
      [Age Threshold: 3]
   [Queue]
      [Dropped: 0]
2016-06-27T18:01:24.746+0300: 51.003: [GC pause (G1 Evacuation Pause) (young)
Desired survivor size 3145728 bytes, new threshold 1 (max 15)
- age   1:    6166784 bytes,    6166784 total
, 0.0040546 secs]
   [Parallel Time: 3.0 ms, GC Workers: 4]
      [GC Worker Start (ms): Min: 51003.6, Avg: 51003.7, Max: 51003.7, Diff: 0.0]
      [Ext Root Scanning (ms): Min: 0.4, Avg: 0.5, Max: 0.6, Diff: 0.2, Sum: 2.0]
      [Update RS (ms): Min: 0.3, Avg: 0.5, Max: 0.9, Diff: 0.6, Sum: 1.9]
         [Processed Buffers: Min: 1, Avg: 8.5, Max: 17, Diff: 16, Sum: 34]
      [Scan RS (ms): Min: 0.0, Avg: 0.0, Max: 0.0, Diff: 0.0, Sum: 0.0]
      [Code Root Scanning (ms): Min: 0.0, Avg: 0.0, Max: 0.0, Diff: 0.0, Sum: 0.0]
      [Object Copy (ms): Min: 1.7, Avg: 2.0, Max: 2.1, Diff: 0.5, Sum: 8.0]
      [Termination (ms): Min: 0.0, Avg: 0.0, Max: 0.0, Diff: 0.0, Sum: 0.0]
         [Termination Attempts: Min: 1, Avg: 1.0, Max: 1, Diff: 0, Sum: 4]
      [GC Worker Other (ms): Min: 0.0, Avg: 0.0, Max: 0.0, Diff: 0.0, Sum: 0.0]
      [GC Worker Total (ms): Min: 3.0, Avg: 3.0, Max: 3.0, Diff: 0.0, Sum: 12.0]
      [GC Worker End (ms): Min: 51006.7, Avg: 51006.7, Max: 51006.7, Diff: 0.0]
   [Code Root Fixup: 0.0 ms]
   [Code Root Purge: 0.0 ms]
   [String Dedup Fixup: 0.5 ms, GC Workers: 4]
      [Queue Fixup (ms): Min: 0.0, Avg: 0.0, Max: 0.0, Diff: 0.0, Sum: 0.0]
      [Table Fixup (ms): Min: 0.5, Avg: 0.5, Max: 0.5, Diff: 0.0, Sum: 1.9]
   [Clear CT: 0.0 ms]
   [Other: 0.5 ms]
      [Choose CSet: 0.0 ms]
      [Ref Proc: 0.1 ms]
      [Ref Enq: 0.0 ms]
      [Redirty Cards: 0.0 ms]
      [Humongous Register: 0.0 ms]
      [Humongous Reclaim: 0.0 ms]
      [Free CSet: 0.1 ms]
   [Eden: 40.0M(40.0M)->0.0B(40.0M) Survivors: 6144.0K->6144.0K Heap: 892.0M(924.0M)->860.0M(924.0M)]
 [Times: user=0.00 sys=0.00, real=0.00 secs] 
2016-06-27T18:01:24.751+0300: 51.008: Total time for which application threads were stopped: 0.0137281 seconds, Stopping threads took: 0.0090098 seconds
2016-06-27T18:01:24.755+0300: 51.012: [GC concurrent-string-deduplication, 6573.3K->6385.0K(188.3K), avg 2.1%, 0.0046422 secs]
   [Last Exec: 0.0046422 secs, Idle: 0.3366615 secs, Blocked: 0/0.0000000 secs]
      [Inspected:             339]
         [Skipped:              3(  0.9%)]
         [Hashed:             336( 99.1%)]
         [Known:                0(  0.0%)]
         [New:                336( 99.1%)   6573.3K]
      [Deduplicated:           17(  5.1%)    188.3K(  2.9%)]
         [Young:                0(  0.0%)      0.0B(  0.0%)]
         [Old:                 17(100.0%)    188.3K(100.0%)]
   [Total Exec: 238/0.6978066 secs, Idle: 238/50.0653546 secs, Blocked: 5/0.0108620 secs]
      [Inspected:           56969]
         [Skipped:            488(  0.9%)]
         [Hashed:           55503( 97.4%)]
         [Known:             4313(  7.6%)]
         [New:              52168( 91.6%)    952.7M]
      [Deduplicated:         3062(  5.9%)     19.6M(  2.1%)]
         [Young:                6(  0.2%)     25.1K(  0.1%)]
         [Old:               3056( 99.8%)     19.6M( 99.9%)]
   [Table]
      [Memory Usage: 1268.5K]
      [Size: 32768, Min: 1024, Max: 16777216]
      [Entries: 42059, Load: 128.4%, Cached: 1139, Added: 53361, Removed: 11302]
      [Resize Count: 5, Shrink Threshold: 21845(66.7%), Grow Threshold: 65536(200.0%)]
      [Rehash Count: 1, Rehash Threshold: 120, Hash Seed: 0xc4e8cebb]
      [Age Threshold: 3]
   [Queue]
      [Dropped: 0]
2016-06-27T18:01:25.115+0300: 51.372: [GC pause (G1 Evacuation Pause) (young)
Desired survivor size 3145728 bytes, new threshold 1 (max 15)
- age   1:    6129728 bytes,    6129728 total
, 0.0039289 secs]
   [Parallel Time: 2.8 ms, GC Workers: 4]
      [GC Worker Start (ms): Min: 51372.6, Avg: 51372.6, Max: 51372.6, Diff: 0.0]
      [Ext Root Scanning (ms): Min: 0.4, Avg: 0.5, Max: 0.6, Diff: 0.1, Sum: 2.0]
      [Update RS (ms): Min: 0.3, Avg: 0.4, Max: 0.6, Diff: 0.3, Sum: 1.6]
         [Processed Buffers: Min: 1, Avg: 8.8, Max: 28, Diff: 27, Sum: 35]
      [Scan RS (ms): Min: 0.0, Avg: 0.0, Max: 0.0, Diff: 0.0, Sum: 0.0]
      [Code Root Scanning (ms): Min: 0.0, Avg: 0.0, Max: 0.0, Diff: 0.0, Sum: 0.0]
      [Object Copy (ms): Min: 1.7, Avg: 1.9, Max: 2.0, Diff: 0.2, Sum: 7.5]
      [Termination (ms): Min: 0.0, Avg: 0.0, Max: 0.0, Diff: 0.0, Sum: 0.0]
         [Termination Attempts: Min: 1, Avg: 1.0, Max: 1, Diff: 0, Sum: 4]
      [GC Worker Other (ms): Min: 0.0, Avg: 0.0, Max: 0.0, Diff: 0.0, Sum: 0.1]
      [GC Worker Total (ms): Min: 2.8, Avg: 2.8, Max: 2.8, Diff: 0.0, Sum: 11.2]
      [GC Worker End (ms): Min: 51375.4, Avg: 51375.4, Max: 51375.4, Diff: 0.0]
   [Code Root Fixup: 0.0 ms]
   [Code Root Purge: 0.0 ms]
   [String Dedup Fixup: 0.6 ms, GC Workers: 4]
      [Queue Fixup (ms): Min: 0.0, Avg: 0.0, Max: 0.0, Diff: 0.0, Sum: 0.0]
      [Table Fixup (ms): Min: 0.5, Avg: 0.5, Max: 0.5, Diff: 0.1, Sum: 2.1]
   [Clear CT: 0.0 ms]
   [Other: 0.5 ms]
      [Choose CSet: 0.0 ms]
      [Ref Proc: 0.0 ms]
      [Ref Enq: 0.0 ms]
      [Redirty Cards: 0.0 ms]
      [Humongous Register: 0.0 ms]
      [Humongous Reclaim: 0.0 ms]
      [Free CSet: 0.0 ms]
   [Eden: 40.0M(40.0M)->0.0B(40.0M) Survivors: 6144.0K->6144.0K Heap: 900.0M(924.0M)->868.0M(924.0M)]
 [Times: user=0.00 sys=0.00, real=0.00 secs] 
2016-06-27T18:01:25.119+0300: 51.377: Total time for which application threads were stopped: 0.0306354 seconds, Stopping threads took: 0.0260553 seconds
2016-06-27T18:01:25.124+0300: 51.381: [GC concurrent-string-deduplication, 6467.1K->6264.9K(202.2K), avg 2.1%, 0.0046046 secs]
   [Last Exec: 0.0046046 secs, Idle: 0.3641041 secs, Blocked: 0/0.0000000 secs]
      [Inspected:             325]
         [Skipped:              0(  0.0%)]
         [Hashed:             325(100.0%)]
         [Known:                0(  0.0%)]
         [New:                325(100.0%)   6467.1K]
      [Deduplicated:           12(  3.7%)    202.2K(  3.1%)]
         [Young:                0(  0.0%)      0.0B(  0.0%)]
         [Old:                 12(100.0%)    202.2K(100.0%)]
   [Total Exec: 239/0.7024112 secs, Idle: 239/50.4294586 secs, Blocked: 5/0.0108620 secs]
      [Inspected:           57294]
         [Skipped:            488(  0.9%)]
         [Hashed:           55828( 97.4%)]
         [Known:             4313(  7.5%)]
         [New:              52493( 91.6%)    959.0M]
      [Deduplicated:         3074(  5.9%)     19.8M(  2.1%)]
         [Young:                6(  0.2%)     25.1K(  0.1%)]
         [Old:               3068( 99.8%)     19.8M( 99.9%)]
   [Table]
      [Memory Usage: 1268.5K]
      [Size: 32768, Min: 1024, Max: 16777216]
      [Entries: 42372, Load: 129.3%, Cached: 826, Added: 53674, Removed: 11302]
      [Resize Count: 5, Shrink Threshold: 21845(66.7%), Grow Threshold: 65536(200.0%)]
      [Rehash Count: 1, Rehash Threshold: 120, Hash Seed: 0xc4e8cebb]
      [Age Threshold: 3]
   [Queue]
      [Dropped: 0]
2016-06-27T18:01:25.464+0300: 51.721: [GC pause (G1 Evacuation Pause) (young)
Desired survivor size 3145728 bytes, new threshold 1 (max 15)
- age   1:    6089048 bytes,    6089048 total
, 0.0038403 secs]
   [Parallel Time: 2.8 ms, GC Workers: 4]
      [GC Worker Start (ms): Min: 51721.6, Avg: 51721.6, Max: 51721.6, Diff: 0.0]
      [Ext Root Scanning (ms): Min: 0.5, Avg: 0.5, Max: 0.6, Diff: 0.2, Sum: 2.1]
      [Update RS (ms): Min: 0.2, Avg: 0.3, Max: 0.3, Diff: 0.1, Sum: 1.3]
         [Processed Buffers: Min: 5, Avg: 8.8, Max: 15, Diff: 10, Sum: 35]
      [Scan RS (ms): Min: 0.0, Avg: 0.0, Max: 0.0, Diff: 0.0, Sum: 0.0]
      [Code Root Scanning (ms): Min: 0.0, Avg: 0.0, Max: 0.0, Diff: 0.0, Sum: 0.0]
      [Object Copy (ms): Min: 1.9, Avg: 1.9, Max: 2.0, Diff: 0.1, Sum: 7.8]
      [Termination (ms): Min: 0.0, Avg: 0.0, Max: 0.0, Diff: 0.0, Sum: 0.0]
         [Termination Attempts: Min: 1, Avg: 1.0, Max: 1, Diff: 0, Sum: 4]
      [GC Worker Other (ms): Min: 0.0, Avg: 0.0, Max: 0.0, Diff: 0.0, Sum: 0.1]
      [GC Worker Total (ms): Min: 2.8, Avg: 2.8, Max: 2.8, Diff: 0.0, Sum: 11.2]
      [GC Worker End (ms): Min: 51724.4, Avg: 51724.4, Max: 51724.4, Diff: 0.0]
   [Code Root Fixup: 0.0 ms]
   [Code Root Purge: 0.0 ms]
   [String Dedup Fixup: 0.5 ms, GC Workers: 4]
      [Queue Fixup (ms): Min: 0.0, Avg: 0.0, Max: 0.0, Diff: 0.0, Sum: 0.0]
      [Table Fixup (ms): Min: 0.5, Avg: 0.5, Max: 0.5, Diff: 0.0, Sum: 2.0]
   [Clear CT: 0.0 ms]
   [Other: 0.5 ms]
      [Choose CSet: 0.0 ms]
      [Ref Proc: 0.0 ms]
      [Ref Enq: 0.0 ms]
      [Redirty Cards: 0.0 ms]
      [Humongous Register: 0.0 ms]
      [Humongous Reclaim: 0.0 ms]
      [Free CSet: 0.1 ms]
   [Eden: 40.0M(40.0M)->0.0B(40.0M) Survivors: 6144.0K->6144.0K Heap: 908.0M(924.0M)->876.5M(924.0M)]
 [Times: user=0.00 sys=0.00, real=0.00 secs] 
2016-06-27T18:01:25.468+0300: 51.725: Total time for which application threads were stopped: 0.0137777 seconds, Stopping threads took: 0.0092378 seconds
2016-06-27T18:01:25.473+0300: 51.730: [GC concurrent-string-deduplication, 6791.4K->6565.1K(226.3K), avg 2.1%, 0.0047987 secs]
   [Last Exec: 0.0047987 secs, Idle: 0.3441719 secs, Blocked: 0/0.0000000 secs]
      [Inspected:             347]
         [Skipped:              2(  0.6%)]
         [Hashed:             345( 99.4%)]
         [Known:                0(  0.0%)]
         [New:                345( 99.4%)   6791.4K]
      [Deduplicated:           17(  4.9%)    226.3K(  3.3%)]
         [Young:                0(  0.0%)      0.0B(  0.0%)]
         [Old:                 17(100.0%)    226.3K(100.0%)]
   [Total Exec: 240/0.7072099 secs, Idle: 240/50.7736306 secs, Blocked: 5/0.0108620 secs]
      [Inspected:           57641]
         [Skipped:            490(  0.9%)]
         [Hashed:           56173( 97.5%)]
         [Known:             4313(  7.5%)]
         [New:              52838( 91.7%)    965.6M]
      [Deduplicated:         3091(  5.8%)     20.0M(  2.1%)]
         [Young:                6(  0.2%)     25.1K(  0.1%)]
         [Old:               3085( 99.8%)     20.0M( 99.9%)]
   [Table]
      [Memory Usage: 1268.5K]
      [Size: 32768, Min: 1024, Max: 16777216]
      [Entries: 42700, Load: 130.3%, Cached: 498, Added: 54002, Removed: 11302]
      [Resize Count: 5, Shrink Threshold: 21845(66.7%), Grow Threshold: 65536(200.0%)]
      [Rehash Count: 1, Rehash Threshold: 120, Hash Seed: 0xc4e8cebb]
      [Age Threshold: 3]
   [Queue]
      [Dropped: 0]
2016-06-27T18:01:25.820+0300: 52.077: [GC pause (G1 Evacuation Pause) (young)
Desired survivor size 3145728 bytes, new threshold 1 (max 15)
- age   1:    5710016 bytes,    5710016 total
, 0.0053632 secs]
   [Parallel Time: 4.2 ms, GC Workers: 4]
      [GC Worker Start (ms): Min: 52077.1, Avg: 52077.2, Max: 52077.3, Diff: 0.2]
      [Ext Root Scanning (ms): Min: 0.7, Avg: 1.4, Max: 2.3, Diff: 1.6, Sum: 5.5]
      [Update RS (ms): Min: 0.0, Avg: 0.4, Max: 0.8, Diff: 0.8, Sum: 1.6]
         [Processed Buffers: Min: 0, Avg: 10.3, Max: 29, Diff: 29, Sum: 41]
      [Scan RS (ms): Min: 0.0, Avg: 0.0, Max: 0.0, Diff: 0.0, Sum: 0.0]
      [Code Root Scanning (ms): Min: 0.0, Avg: 0.0, Max: 0.0, Diff: 0.0, Sum: 0.0]
      [Object Copy (ms): Min: 1.7, Avg: 2.2, Max: 2.6, Diff: 0.9, Sum: 8.9]
      [Termination (ms): Min: 0.0, Avg: 0.0, Max: 0.1, Diff: 0.1, Sum: 0.2]
         [Termination Attempts: Min: 1, Avg: 1.0, Max: 1, Diff: 0, Sum: 4]
      [GC Worker Other (ms): Min: 0.0, Avg: 0.0, Max: 0.0, Diff: 0.0, Sum: 0.0]
      [GC Worker Total (ms): Min: 4.0, Avg: 4.1, Max: 4.2, Diff: 0.2, Sum: 16.4]
      [GC Worker End (ms): Min: 52081.3, Avg: 52081.3, Max: 52081.3, Diff: 0.0]
   [Code Root Fixup: 0.0 ms]
   [Code Root Purge: 0.0 ms]
   [String Dedup Fixup: 0.6 ms, GC Workers: 4]
      [Queue Fixup (ms): Min: 0.0, Avg: 0.0, Max: 0.0, Diff: 0.0, Sum: 0.0]
      [Table Fixup (ms): Min: 0.0, Avg: 0.5, Max: 0.6, Diff: 0.6, Sum: 1.9]
   [Clear CT: 0.0 ms]
   [Other: 0.5 ms]
      [Choose CSet: 0.0 ms]
      [Ref Proc: 0.1 ms]
      [Ref Enq: 0.0 ms]
      [Redirty Cards: 0.1 ms]
      [Humongous Register: 0.0 ms]
      [Humongous Reclaim: 0.0 ms]
      [Free CSet: 0.0 ms]
   [Eden: 40.0M(40.0M)->0.0B(40.0M) Survivors: 6144.0K->6144.0K Heap: 916.5M(924.0M)->884.0M(930.0M)]
 [Times: user=0.00 sys=0.00, real=0.01 secs] 
2016-06-27T18:01:25.825+0300: 52.083: Total time for which application threads were stopped: 0.0209025 seconds, Stopping threads took: 0.0148499 seconds
2016-06-27T18:01:25.829+0300: 52.087: [GC concurrent-string-deduplication, 5928.7K->5684.4K(244.3K), avg 2.1%, 0.0042235 secs]
   [Last Exec: 0.0042235 secs, Idle: 0.3521956 secs, Blocked: 0/0.0000000 secs]
      [Inspected:             303]
         [Skipped:              3(  1.0%)]
         [Hashed:             300( 99.0%)]
         [Known:                0(  0.0%)]
         [New:                300( 99.0%)   5928.7K]
      [Deduplicated:           16(  5.3%)    244.3K(  4.1%)]
         [Young:                0(  0.0%)      0.0B(  0.0%)]
         [Old:                 16(100.0%)    244.3K(100.0%)]
   [Total Exec: 241/0.7114334 secs, Idle: 241/51.1258262 secs, Blocked: 5/0.0108620 secs]
      [Inspected:           57944]
         [Skipped:            493(  0.9%)]
         [Hashed:           56473( 97.5%)]
         [Known:             4313(  7.4%)]
         [New:              53138( 91.7%)    971.4M]
      [Deduplicated:         3107(  5.8%)     20.2M(  2.1%)]
         [Young:                6(  0.2%)     25.1K(  0.1%)]
         [Old:               3101( 99.8%)     20.2M( 99.9%)]
   [Table]
      [Memory Usage: 1268.5K]
      [Size: 32768, Min: 1024, Max: 16777216]
      [Entries: 42984, Load: 131.2%, Cached: 214, Added: 54286, Removed: 11302]
      [Resize Count: 5, Shrink Threshold: 21845(66.7%), Grow Threshold: 65536(200.0%)]
      [Rehash Count: 1, Rehash Threshold: 120, Hash Seed: 0xc4e8cebb]
      [Age Threshold: 3]
   [Queue]
      [Dropped: 0]
2016-06-27T18:01:26.177+0300: 52.434: [GC pause (G1 Evacuation Pause) (young)
Desired survivor size 3145728 bytes, new threshold 1 (max 15)
- age   1:    6039264 bytes,    6039264 total
, 0.0086583 secs]
   [Parallel Time: 7.7 ms, GC Workers: 4]
      [GC Worker Start (ms): Min: 52433.9, Avg: 52433.9, Max: 52433.9, Diff: 0.0]
      [Ext Root Scanning (ms): Min: 0.5, Avg: 0.5, Max: 0.6, Diff: 0.1, Sum: 2.1]
      [Update RS (ms): Min: 0.3, Avg: 0.4, Max: 0.5, Diff: 0.1, Sum: 1.7]
         [Processed Buffers: Min: 1, Avg: 8.3, Max: 16, Diff: 15, Sum: 33]
      [Scan RS (ms): Min: 0.0, Avg: 0.0, Max: 0.0, Diff: 0.0, Sum: 0.0]
      [Code Root Scanning (ms): Min: 0.0, Avg: 0.0, Max: 0.0, Diff: 0.0, Sum: 0.0]
      [Object Copy (ms): Min: 6.6, Avg: 6.6, Max: 6.7, Diff: 0.0, Sum: 26.6]
      [Termination (ms): Min: 0.0, Avg: 0.0, Max: 0.0, Diff: 0.0, Sum: 0.0]
         [Termination Attempts: Min: 1, Avg: 1.0, Max: 1, Diff: 0, Sum: 4]
      [GC Worker Other (ms): Min: 0.0, Avg: 0.0, Max: 0.0, Diff: 0.0, Sum: 0.0]
      [GC Worker Total (ms): Min: 7.6, Avg: 7.6, Max: 7.6, Diff: 0.0, Sum: 30.5]
      [GC Worker End (ms): Min: 52441.5, Avg: 52441.5, Max: 52441.5, Diff: 0.0]
   [Code Root Fixup: 0.0 ms]
   [Code Root Purge: 0.0 ms]
   [String Dedup Fixup: 0.5 ms, GC Workers: 4]
      [Queue Fixup (ms): Min: 0.0, Avg: 0.0, Max: 0.0, Diff: 0.0, Sum: 0.0]
      [Table Fixup (ms): Min: 0.5, Avg: 0.5, Max: 0.5, Diff: 0.0, Sum: 2.0]
   [Clear CT: 0.0 ms]
   [Other: 0.5 ms]
      [Choose CSet: 0.0 ms]
      [Ref Proc: 0.0 ms]
      [Ref Enq: 0.0 ms]
      [Redirty Cards: 0.0 ms]
      [Humongous Register: 0.0 ms]
      [Humongous Reclaim: 0.0 ms]
      [Free CSet: 0.0 ms]
   [Eden: 40.0M(40.0M)->0.0B(40.0M) Survivors: 6144.0K->6144.0K Heap: 924.0M(930.0M)->892.0M(938.0M)]
 [Times: user=0.00 sys=0.01, real=0.01 secs] 
2016-06-27T18:01:26.185+0300: 52.443: Total time for which application threads were stopped: 0.0180521 seconds, Stopping threads took: 0.0086587 seconds
2016-06-27T18:01:26.190+0300: 52.447: [GC concurrent-string-deduplication, 6411.1K->6224.9K(186.2K), avg 2.1%, 0.0044784 secs]
   [Last Exec: 0.0044784 secs, Idle: 0.3557772 secs, Blocked: 0/0.0000000 secs]
      [Inspected:             326]
         [Skipped:              0(  0.0%)]
         [Hashed:             326(100.0%)]
         [Known:                0(  0.0%)]
         [New:                326(100.0%)   6411.1K]
      [Deduplicated:           15(  4.6%)    186.2K(  2.9%)]
         [Young:                0(  0.0%)      0.0B(  0.0%)]
         [Old:                 15(100.0%)    186.2K(100.0%)]
   [Total Exec: 242/0.7159118 secs, Idle: 242/51.4816034 secs, Blocked: 5/0.0108620 secs]
      [Inspected:           58270]
         [Skipped:            493(  0.8%)]
         [Hashed:           56799( 97.5%)]
         [Known:             4313(  7.4%)]
         [New:              53464( 91.8%)    977.7M]
      [Deduplicated:         3122(  5.8%)     20.4M(  2.1%)]
         [Young:                6(  0.2%)     25.1K(  0.1%)]
         [Old:               3116( 99.8%)     20.4M( 99.9%)]
   [Table]
      [Memory Usage: 1270.7K]
      [Size: 32768, Min: 1024, Max: 16777216]
      [Entries: 43295, Load: 132.1%, Cached: 0, Added: 54597, Removed: 11302]
      [Resize Count: 5, Shrink Threshold: 21845(66.7%), Grow Threshold: 65536(200.0%)]
      [Rehash Count: 1, Rehash Threshold: 120, Hash Seed: 0xc4e8cebb]
      [Age Threshold: 3]
   [Queue]
      [Dropped: 0]
2016-06-27T18:01:26.537+0300: 52.794: [GC pause (G1 Evacuation Pause) (young)
Desired survivor size 3145728 bytes, new threshold 1 (max 15)
- age   1:    6139992 bytes,    6139992 total
, 0.0049189 secs]
   [Parallel Time: 3.9 ms, GC Workers: 4]
      [GC Worker Start (ms): Min: 52794.3, Avg: 52794.4, Max: 52794.4, Diff: 0.1]
      [Ext Root Scanning (ms): Min: 0.7, Avg: 0.9, Max: 1.1, Diff: 0.4, Sum: 3.4]
      [Update RS (ms): Min: 0.6, Avg: 0.6, Max: 0.6, Diff: 0.1, Sum: 2.4]
         [Processed Buffers: Min: 1, Avg: 12.5, Max: 29, Diff: 28, Sum: 50]
      [Scan RS (ms): Min: 0.0, Avg: 0.0, Max: 0.0, Diff: 0.0, Sum: 0.0]
      [Code Root Scanning (ms): Min: 0.0, Avg: 0.0, Max: 0.0, Diff: 0.0, Sum: 0.0]
      [Object Copy (ms): Min: 2.0, Avg: 2.3, Max: 2.4, Diff: 0.4, Sum: 9.3]
      [Termination (ms): Min: 0.0, Avg: 0.0, Max: 0.0, Diff: 0.0, Sum: 0.0]
         [Termination Attempts: Min: 1, Avg: 1.0, Max: 1, Diff: 0, Sum: 4]
      [GC Worker Other (ms): Min: 0.0, Avg: 0.0, Max: 0.0, Diff: 0.0, Sum: 0.0]
      [GC Worker Total (ms): Min: 3.8, Avg: 3.8, Max: 3.8, Diff: 0.1, Sum: 15.2]
      [GC Worker End (ms): Min: 52798.2, Avg: 52798.2, Max: 52798.2, Diff: 0.0]
   [Code Root Fixup: 0.0 ms]
   [Code Root Purge: 0.0 ms]
   [String Dedup Fixup: 0.5 ms, GC Workers: 4]
      [Queue Fixup (ms): Min: 0.0, Avg: 0.0, Max: 0.0, Diff: 0.0, Sum: 0.0]
      [Table Fixup (ms): Min: 0.5, Avg: 0.5, Max: 0.5, Diff: 0.0, Sum: 2.0]
   [Clear CT: 0.0 ms]
   [Other: 0.5 ms]
      [Choose CSet: 0.0 ms]
      [Ref Proc: 0.0 ms]
      [Ref Enq: 0.0 ms]
      [Redirty Cards: 0.0 ms]
      [Humongous Register: 0.0 ms]
      [Humongous Reclaim: 0.0 ms]
      [Free CSet: 0.1 ms]
   [Eden: 40.0M(40.0M)->0.0B(41.0M) Survivors: 6144.0K->6144.0K Heap: 932.0M(938.0M)->900.0M(946.0M)]
 [Times: user=0.00 sys=0.00, real=0.01 secs] 
2016-06-27T18:01:26.542+0300: 52.799: Total time for which application threads were stopped: 0.0188895 seconds, Stopping threads took: 0.0132064 seconds
2016-06-27T18:01:26.546+0300: 52.804: [GC concurrent-string-deduplication, 6305.9K->5884.6K(421.3K), avg 2.1%, 0.0045139 secs]
   [Last Exec: 0.0045139 secs, Idle: 0.3521101 secs, Blocked: 0/0.0000000 secs]
      [Inspected:             318]
         [Skipped:              2(  0.6%)]
         [Hashed:             316( 99.4%)]
         [Known:                0(  0.0%)]
         [New:                316( 99.4%)   6305.9K]
      [Deduplicated:           22(  7.0%)    421.3K(  6.7%)]
         [Young:                0(  0.0%)      0.0B(  0.0%)]
         [Old:                 22(100.0%)    421.3K(100.0%)]
   [Total Exec: 243/0.7204257 secs, Idle: 243/51.8337134 secs, Blocked: 5/0.0108620 secs]
      [Inspected:           58588]
         [Skipped:            495(  0.8%)]
         [Hashed:           57115( 97.5%)]
         [Known:             4313(  7.4%)]
         [New:              53780( 91.8%)    983.8M]
      [Deduplicated:         3144(  5.8%)     20.8M(  2.1%)]
         [Young:                6(  0.2%)     25.1K(  0.1%)]
         [Old:               3138( 99.8%)     20.8M( 99.9%)]
   [Table]
      [Memory Usage: 1277.6K]
      [Size: 32768, Min: 1024, Max: 16777216]
      [Entries: 43589, Load: 133.0%, Cached: 0, Added: 54891, Removed: 11302]
      [Resize Count: 5, Shrink Threshold: 21845(66.7%), Grow Threshold: 65536(200.0%)]
      [Rehash Count: 1, Rehash Threshold: 120, Hash Seed: 0xc4e8cebb]
      [Age Threshold: 3]
   [Queue]
      [Dropped: 0]
2016-06-27T18:01:26.907+0300: 53.164: [GC pause (G1 Evacuation Pause) (young)
Desired survivor size 3145728 bytes, new threshold 1 (max 15)
- age   1:    6185792 bytes,    6185792 total
, 0.0045259 secs]
   [Parallel Time: 3.6 ms, GC Workers: 4]
      [GC Worker Start (ms): Min: 53164.3, Avg: 53164.3, Max: 53164.3, Diff: 0.0]
      [Ext Root Scanning (ms): Min: 0.5, Avg: 0.5, Max: 0.6, Diff: 0.0, Sum: 2.1]
      [Update RS (ms): Min: 0.4, Avg: 0.5, Max: 0.6, Diff: 0.2, Sum: 2.0]
         [Processed Buffers: Min: 1, Avg: 12.3, Max: 24, Diff: 23, Sum: 49]
      [Scan RS (ms): Min: 0.0, Avg: 0.0, Max: 0.0, Diff: 0.0, Sum: 0.0]
      [Code Root Scanning (ms): Min: 0.0, Avg: 0.0, Max: 0.0, Diff: 0.0, Sum: 0.0]
      [Object Copy (ms): Min: 2.4, Avg: 2.5, Max: 2.6, Diff: 0.2, Sum: 10.0]
      [Termination (ms): Min: 0.0, Avg: 0.0, Max: 0.0, Diff: 0.0, Sum: 0.0]
         [Termination Attempts: Min: 1, Avg: 1.0, Max: 1, Diff: 0, Sum: 4]
      [GC Worker Other (ms): Min: 0.0, Avg: 0.0, Max: 0.0, Diff: 0.0, Sum: 0.0]
      [GC Worker Total (ms): Min: 3.5, Avg: 3.5, Max: 3.5, Diff: 0.0, Sum: 14.2]
      [GC Worker End (ms): Min: 53167.9, Avg: 53167.9, Max: 53167.9, Diff: 0.0]
   [Code Root Fixup: 0.0 ms]
   [Code Root Purge: 0.0 ms]
   [String Dedup Fixup: 0.5 ms, GC Workers: 4]
      [Queue Fixup (ms): Min: 0.0, Avg: 0.0, Max: 0.0, Diff: 0.0, Sum: 0.0]
      [Table Fixup (ms): Min: 0.4, Avg: 0.5, Max: 0.5, Diff: 0.0, Sum: 1.8]
   [Clear CT: 0.0 ms]
   [Other: 0.5 ms]
      [Choose CSet: 0.0 ms]
      [Ref Proc: 0.0 ms]
      [Ref Enq: 0.0 ms]
      [Redirty Cards: 0.0 ms]
      [Humongous Register: 0.0 ms]
      [Humongous Reclaim: 0.0 ms]
      [Free CSet: 0.1 ms]
   [Eden: 41.0M(41.0M)->0.0B(41.0M) Survivors: 6144.0K->6144.0K Heap: 941.0M(946.0M)->908.5M(956.0M)]
 [Times: user=0.06 sys=0.00, real=0.00 secs] 
2016-06-27T18:01:26.912+0300: 53.169: Total time for which application threads were stopped: 0.0172157 seconds, Stopping threads took: 0.0119136 seconds
2016-06-27T18:01:26.917+0300: 53.174: [GC concurrent-string-deduplication, 6831.5K->6465.0K(366.4K), avg 2.1%, 0.0048248 secs]
   [Last Exec: 0.0048248 secs, Idle: 0.3650227 secs, Blocked: 0/0.0000000 secs]
      [Inspected:             351]
         [Skipped:              3(  0.9%)]
         [Hashed:             348( 99.1%)]
         [Known:                0(  0.0%)]
         [New:                348( 99.1%)   6831.5K]
      [Deduplicated:           25(  7.2%)    366.4K(  5.4%)]
         [Young:                0(  0.0%)      0.0B(  0.0%)]
         [Old:                 25(100.0%)    366.4K(100.0%)]
   [Total Exec: 244/0.7252505 secs, Idle: 244/52.1987361 secs, Blocked: 5/0.0108620 secs]
      [Inspected:           58939]
         [Skipped:            498(  0.8%)]
         [Hashed:           57463( 97.5%)]
         [Known:             4313(  7.3%)]
         [New:              54128( 91.8%)    990.5M]
      [Deduplicated:         3169(  5.9%)     21.2M(  2.1%)]
         [Young:                6(  0.2%)     25.1K(  0.1%)]
         [Old:               3163( 99.8%)     21.2M( 99.9%)]
   [Table]
      [Memory Usage: 1285.2K]
      [Size: 32768, Min: 1024, Max: 16777216]
      [Entries: 43912, Load: 134.0%, Cached: 0, Added: 55214, Removed: 11302]
      [Resize Count: 5, Shrink Threshold: 21845(66.7%), Grow Threshold: 65536(200.0%)]
      [Rehash Count: 1, Rehash Threshold: 120, Hash Seed: 0xc4e8cebb]
      [Age Threshold: 3]
   [Queue]
      [Dropped: 0]
2016-06-27T18:01:27.078+0300: 53.335: [GC cleanup 927M->927M(956M), 0.0017354 secs]
 [Times: user=0.00 sys=0.00, real=0.00 secs] 
2016-06-27T18:01:27.080+0300: 53.337: Total time for which application threads were stopped: 0.0076764 seconds, Stopping threads took: 0.0053478 seconds
2016-06-27T18:01:27.278+0300: 53.536: [GC pause (G1 Evacuation Pause) (young)
Desired survivor size 3145728 bytes, new threshold 1 (max 15)
- age   1:    5839536 bytes,    5839536 total
, 0.0042137 secs]
   [Parallel Time: 3.2 ms, GC Workers: 4]
      [GC Worker Start (ms): Min: 53535.9, Avg: 53535.9, Max: 53535.9, Diff: 0.0]
      [Ext Root Scanning (ms): Min: 0.3, Avg: 0.5, Max: 0.5, Diff: 0.1, Sum: 1.8]
      [Update RS (ms): Min: 0.4, Avg: 0.4, Max: 0.5, Diff: 0.1, Sum: 1.6]
         [Processed Buffers: Min: 3, Avg: 8.5, Max: 19, Diff: 16, Sum: 34]
      [Scan RS (ms): Min: 0.0, Avg: 0.0, Max: 0.0, Diff: 0.0, Sum: 0.0]
      [Code Root Scanning (ms): Min: 0.0, Avg: 0.0, Max: 0.0, Diff: 0.0, Sum: 0.0]
      [Object Copy (ms): Min: 2.3, Avg: 2.3, Max: 2.4, Diff: 0.1, Sum: 9.4]
      [Termination (ms): Min: 0.0, Avg: 0.0, Max: 0.0, Diff: 0.0, Sum: 0.0]
         [Termination Attempts: Min: 1, Avg: 1.0, Max: 1, Diff: 0, Sum: 4]
      [GC Worker Other (ms): Min: 0.0, Avg: 0.0, Max: 0.0, Diff: 0.0, Sum: 0.0]
      [GC Worker Total (ms): Min: 3.2, Avg: 3.2, Max: 3.2, Diff: 0.0, Sum: 12.9]
      [GC Worker End (ms): Min: 53539.2, Avg: 53539.2, Max: 53539.2, Diff: 0.0]
   [Code Root Fixup: 0.0 ms]
   [Code Root Purge: 0.0 ms]
   [String Dedup Fixup: 0.5 ms, GC Workers: 4]
      [Queue Fixup (ms): Min: 0.0, Avg: 0.0, Max: 0.0, Diff: 0.0, Sum: 0.0]
      [Table Fixup (ms): Min: 0.5, Avg: 0.5, Max: 0.5, Diff: 0.0, Sum: 1.8]
   [Clear CT: 0.0 ms]
   [Other: 0.4 ms]
      [Choose CSet: 0.0 ms]
      [Ref Proc: 0.0 ms]
      [Ref Enq: 0.0 ms]
      [Redirty Cards: 0.0 ms]
      [Humongous Register: 0.0 ms]
      [Humongous Reclaim: 0.0 ms]
      [Free CSet: 0.1 ms]
   [Eden: 41.0M(41.0M)->0.0B(42.0M) Survivors: 6144.0K->6144.0K Heap: 949.5M(956.0M)->916.5M(964.0M)]
 [Times: user=0.00 sys=0.00, real=0.00 secs] 
2016-06-27T18:01:27.283+0300: 53.540: Total time for which application threads were stopped: 0.0048043 seconds, Stopping threads took: 0.0000650 seconds
2016-06-27T18:01:27.287+0300: 53.545: [GC concurrent-string-deduplication, 6609.2K->6244.9K(364.3K), avg 2.2%, 0.0046931 secs]
   [Last Exec: 0.0046931 secs, Idle: 0.3663817 secs, Blocked: 0/0.0000000 secs]
      [Inspected:             335]
         [Skipped:              1(  0.3%)]
         [Hashed:             334( 99.7%)]
         [Known:                0(  0.0%)]
         [New:                334( 99.7%)   6609.2K]
      [Deduplicated:           22(  6.6%)    364.3K(  5.5%)]
         [Young:                0(  0.0%)      0.0B(  0.0%)]
         [Old:                 22(100.0%)    364.3K(100.0%)]
   [Total Exec: 245/0.7299435 secs, Idle: 245/52.5651179 secs, Blocked: 5/0.0108620 secs]
      [Inspected:           59274]
         [Skipped:            499(  0.8%)]
         [Hashed:           57797( 97.5%)]
         [Known:             4313(  7.3%)]
         [New:              54462( 91.9%)    996.9M]
      [Deduplicated:         3191(  5.9%)     21.5M(  2.2%)]
         [Young:                6(  0.2%)     25.1K(  0.1%)]
         [Old:               3185( 99.8%)     21.5M( 99.9%)]
   [Table]
      [Memory Usage: 1292.5K]
      [Size: 32768, Min: 1024, Max: 16777216]
      [Entries: 44224, Load: 135.0%, Cached: 0, Added: 55526, Removed: 11302]
      [Resize Count: 5, Shrink Threshold: 21845(66.7%), Grow Threshold: 65536(200.0%)]
      [Rehash Count: 1, Rehash Threshold: 120, Hash Seed: 0xc4e8cebb]
      [Age Threshold: 3]
   [Queue]
      [Dropped: 0]
2016-06-27T18:01:27.638+0300: 53.895: [GC pause (G1 Evacuation Pause) (mixed)
Desired survivor size 3145728 bytes, new threshold 1 (max 15)
- age   1:    5783288 bytes,    5783288 total
, 0.0211890 secs]
   [Parallel Time: 19.4 ms, GC Workers: 4]
      [GC Worker Start (ms): Min: 53895.3, Avg: 53895.3, Max: 53895.3, Diff: 0.0]
      [Ext Root Scanning (ms): Min: 0.4, Avg: 0.5, Max: 0.5, Diff: 0.1, Sum: 1.9]
      [Update RS (ms): Min: 0.4, Avg: 0.5, Max: 0.5, Diff: 0.1, Sum: 1.9]
         [Processed Buffers: Min: 1, Avg: 5.5, Max: 13, Diff: 12, Sum: 22]
      [Scan RS (ms): Min: 1.9, Avg: 1.9, Max: 2.0, Diff: 0.1, Sum: 7.8]
      [Code Root Scanning (ms): Min: 0.0, Avg: 0.0, Max: 0.0, Diff: 0.0, Sum: 0.0]
      [Object Copy (ms): Min: 16.5, Avg: 16.5, Max: 16.5, Diff: 0.0, Sum: 65.9]
      [Termination (ms): Min: 0.0, Avg: 0.0, Max: 0.0, Diff: 0.0, Sum: 0.0]
         [Termination Attempts: Min: 1, Avg: 2.0, Max: 3, Diff: 2, Sum: 8]
      [GC Worker Other (ms): Min: 0.0, Avg: 0.0, Max: 0.0, Diff: 0.0, Sum: 0.0]
      [GC Worker Total (ms): Min: 19.4, Avg: 19.4, Max: 19.4, Diff: 0.0, Sum: 77.5]
      [GC Worker End (ms): Min: 53914.7, Avg: 53914.7, Max: 53914.7, Diff: 0.0]
   [Code Root Fixup: 0.0 ms]
   [Code Root Purge: 0.0 ms]
   [String Dedup Fixup: 0.6 ms, GC Workers: 4]
      [Queue Fixup (ms): Min: 0.0, Avg: 0.0, Max: 0.0, Diff: 0.0, Sum: 0.0]
      [Table Fixup (ms): Min: 0.6, Avg: 0.6, Max: 0.6, Diff: 0.0, Sum: 2.2]
   [Clear CT: 0.2 ms]
   [Other: 1.0 ms]
      [Choose CSet: 0.1 ms]
      [Ref Proc: 0.1 ms]
      [Ref Enq: 0.0 ms]
      [Redirty Cards: 0.0 ms]
      [Humongous Register: 0.0 ms]
      [Humongous Reclaim: 0.0 ms]
      [Free CSet: 0.4 ms]
   [Eden: 42.0M(42.0M)->0.0B(45.0M) Survivors: 6144.0K->6144.0K Heap: 958.5M(964.0M)->889.0M(1034.0M)]
 [Times: user=0.05 sys=0.02, real=0.02 secs] 
2016-06-27T18:01:27.659+0300: 53.916: Total time for which application threads were stopped: 0.0240089 seconds, Stopping threads took: 0.0021682 seconds
2016-06-27T18:01:27.666+0300: 53.924: [GC concurrent-string-deduplication, 6925.4K->6685.2K(240.2K), avg 2.2%, 0.0071157 secs]
   [Last Exec: 0.0071157 secs, Idle: 0.3714687 secs, Blocked: 0/0.0000000 secs]
      [Inspected:             348]
         [Skipped:              2(  0.6%)]
         [Hashed:             346( 99.4%)]
         [Known:                0(  0.0%)]
         [New:                346( 99.4%)   6925.4K]
      [Deduplicated:           12(  3.5%)    240.2K(  3.5%)]
         [Young:                0(  0.0%)      0.0B(  0.0%)]
         [Old:                 12(100.0%)    240.2K(100.0%)]
   [Total Exec: 246/0.7370593 secs, Idle: 246/52.9365866 secs, Blocked: 5/0.0108620 secs]
      [Inspected:           59622]
         [Skipped:            501(  0.8%)]
         [Hashed:           58143( 97.5%)]
         [Known:             4313(  7.2%)]
         [New:              54808( 91.9%)   1003.7M]
      [Deduplicated:         3203(  5.8%)     21.8M(  2.2%)]
         [Young:                6(  0.2%)     25.1K(  0.1%)]
         [Old:               3197( 99.8%)     21.8M( 99.9%)]
   [Table]
      [Memory Usage: 1300.3K]
      [Size: 32768, Min: 1024, Max: 16777216]
      [Entries: 44558, Load: 136.0%, Cached: 0, Added: 55860, Removed: 11302]
      [Resize Count: 5, Shrink Threshold: 21845(66.7%), Grow Threshold: 65536(200.0%)]
      [Rehash Count: 1, Rehash Threshold: 120, Hash Seed: 0xc4e8cebb]
      [Age Threshold: 3]
   [Queue]
      [Dropped: 0]
2016-06-27T18:01:28.033+0300: 54.291: [GC pause (G1 Evacuation Pause) (mixed)
Desired survivor size 3670016 bytes, new threshold 1 (max 15)
- age   1:    5585464 bytes,    5585464 total
, 0.0154007 secs]
   [Parallel Time: 13.8 ms, GC Workers: 4]
      [GC Worker Start (ms): Min: 54290.8, Avg: 54290.8, Max: 54290.8, Diff: 0.0]
      [Ext Root Scanning (ms): Min: 0.5, Avg: 0.5, Max: 0.6, Diff: 0.1, Sum: 2.2]
      [Update RS (ms): Min: 6.8, Avg: 6.9, Max: 7.0, Diff: 0.2, Sum: 27.5]
         [Processed Buffers: Min: 7, Avg: 14.3, Max: 25, Diff: 18, Sum: 57]
      [Scan RS (ms): Min: 1.2, Avg: 1.3, Max: 1.4, Diff: 0.2, Sum: 5.3]
      [Code Root Scanning (ms): Min: 0.0, Avg: 0.0, Max: 0.1, Diff: 0.1, Sum: 0.1]
      [Object Copy (ms): Min: 4.9, Avg: 5.0, Max: 5.0, Diff: 0.1, Sum: 19.8]
      [Termination (ms): Min: 0.0, Avg: 0.0, Max: 0.0, Diff: 0.0, Sum: 0.0]
         [Termination Attempts: Min: 1, Avg: 2.0, Max: 3, Diff: 2, Sum: 8]
      [GC Worker Other (ms): Min: 0.0, Avg: 0.0, Max: 0.0, Diff: 0.0, Sum: 0.1]
      [GC Worker Total (ms): Min: 13.7, Avg: 13.7, Max: 13.8, Diff: 0.0, Sum: 55.0]
      [GC Worker End (ms): Min: 54304.5, Avg: 54304.5, Max: 54304.5, Diff: 0.0]
   [Code Root Fixup: 0.0 ms]
   [Code Root Purge: 0.0 ms]
   [String Dedup Fixup: 0.7 ms, GC Workers: 4]
      [Queue Fixup (ms): Min: 0.0, Avg: 0.0, Max: 0.0, Diff: 0.0, Sum: 0.0]
      [Table Fixup (ms): Min: 0.7, Avg: 0.7, Max: 0.7, Diff: 0.0, Sum: 2.8]
   [Clear CT: 0.2 ms]
   [Other: 0.7 ms]
      [Choose CSet: 0.1 ms]
      [Ref Proc: 0.1 ms]
      [Ref Enq: 0.0 ms]
      [Redirty Cards: 0.0 ms]
      [Humongous Register: 0.0 ms]
      [Humongous Reclaim: 0.0 ms]
      [Free CSet: 0.2 ms]
   [Eden: 45.0M(45.0M)->0.0B(44.0M) Survivors: 6144.0K->7168.0K Heap: 934.0M(1034.0M)->889.0M(1034.0M)]
 [Times: user=0.05 sys=0.00, real=0.02 secs] 
2016-06-27T18:01:28.049+0300: 54.306: Total time for which application threads were stopped: 0.0177070 seconds, Stopping threads took: 0.0016328 seconds
2016-06-27T18:01:28.053+0300: 54.310: [GC concurrent-string-deduplication, 5785.5K->5524.3K(261.2K), avg 2.2%, 0.0041149 secs]
   [Last Exec: 0.0041149 secs, Idle: 0.3825685 secs, Blocked: 0/0.0000000 secs]
      [Inspected:             290]
         [Skipped:              0(  0.0%)]
         [Hashed:             290(100.0%)]
         [Known:                0(  0.0%)]
         [New:                290(100.0%)   5785.5K]
      [Deduplicated:           14(  4.8%)    261.2K(  4.5%)]
         [Young:                0(  0.0%)      0.0B(  0.0%)]
         [Old:                 14(100.0%)    261.2K(100.0%)]
   [Total Exec: 247/0.7411742 secs, Idle: 247/53.3191550 secs, Blocked: 5/0.0108620 secs]
      [Inspected:           59912]
         [Skipped:            501(  0.8%)]
         [Hashed:           58433( 97.5%)]
         [Known:             4313(  7.2%)]
         [New:              55098( 92.0%)   1009.4M]
      [Deduplicated:         3217(  5.8%)     22.0M(  2.2%)]
         [Young:                6(  0.2%)     25.1K(  0.1%)]
         [Old:               3211( 99.8%)     22.0M( 99.9%)]
   [Table]
      [Memory Usage: 1306.8K]
      [Size: 32768, Min: 1024, Max: 16777216]
      [Entries: 44834, Load: 136.8%, Cached: 0, Added: 56136, Removed: 11302]
      [Resize Count: 5, Shrink Threshold: 21845(66.7%), Grow Threshold: 65536(200.0%)]
      [Rehash Count: 1, Rehash Threshold: 120, Hash Seed: 0xc4e8cebb]
      [Age Threshold: 3]
   [Queue]
      [Dropped: 0]
2016-06-27T18:01:28.415+0300: 54.672: [GC pause (G1 Evacuation Pause) (young)
Desired survivor size 3670016 bytes, new threshold 1 (max 15)
- age   1:    6964664 bytes,    6964664 total
, 0.0089089 secs]
   [Parallel Time: 7.6 ms, GC Workers: 4]
      [GC Worker Start (ms): Min: 54672.6, Avg: 54672.6, Max: 54672.6, Diff: 0.0]
      [Ext Root Scanning (ms): Min: 0.4, Avg: 0.5, Max: 0.6, Diff: 0.2, Sum: 2.0]
      [Update RS (ms): Min: 4.8, Avg: 4.9, Max: 5.0, Diff: 0.1, Sum: 19.5]
         [Processed Buffers: Min: 5, Avg: 14.3, Max: 25, Diff: 20, Sum: 57]
      [Scan RS (ms): Min: 0.0, Avg: 0.0, Max: 0.0, Diff: 0.0, Sum: 0.0]
      [Code Root Scanning (ms): Min: 0.0, Avg: 0.0, Max: 0.0, Diff: 0.0, Sum: 0.0]
      [Object Copy (ms): Min: 2.2, Avg: 2.2, Max: 2.3, Diff: 0.1, Sum: 8.9]
      [Termination (ms): Min: 0.0, Avg: 0.0, Max: 0.0, Diff: 0.0, Sum: 0.0]
         [Termination Attempts: Min: 1, Avg: 1.0, Max: 1, Diff: 0, Sum: 4]
      [GC Worker Other (ms): Min: 0.0, Avg: 0.0, Max: 0.0, Diff: 0.0, Sum: 0.1]
      [GC Worker Total (ms): Min: 7.6, Avg: 7.6, Max: 7.6, Diff: 0.0, Sum: 30.4]
      [GC Worker End (ms): Min: 54680.2, Avg: 54680.2, Max: 54680.2, Diff: 0.0]
   [Code Root Fixup: 0.0 ms]
   [Code Root Purge: 0.0 ms]
   [String Dedup Fixup: 0.6 ms, GC Workers: 4]
      [Queue Fixup (ms): Min: 0.0, Avg: 0.0, Max: 0.0, Diff: 0.0, Sum: 0.0]
      [Table Fixup (ms): Min: 0.6, Avg: 0.6, Max: 0.6, Diff: 0.0, Sum: 2.3]
   [Clear CT: 0.0 ms]
   [Other: 0.6 ms]
      [Choose CSet: 0.0 ms]
      [Ref Proc: 0.0 ms]
      [Ref Enq: 0.0 ms]
      [Redirty Cards: 0.0 ms]
      [Humongous Register: 0.0 ms]
      [Humongous Reclaim: 0.0 ms]
      [Free CSet: 0.1 ms]
   [Eden: 44.0M(44.0M)->0.0B(44.0M) Survivors: 7168.0K->7168.0K Heap: 933.0M(1034.0M)->897.5M(1034.0M)]
 [Times: user=0.00 sys=0.00, real=0.01 secs] 
2016-06-27T18:01:28.424+0300: 54.682: Total time for which application threads were stopped: 0.0110429 seconds, Stopping threads took: 0.0013501 seconds
2016-06-27T18:01:28.429+0300: 54.686: [GC concurrent-string-deduplication, 6607.2K->6284.9K(322.3K), avg 2.2%, 0.0046550 secs]
   [Last Exec: 0.0046550 secs, Idle: 0.3711022 secs, Blocked: 0/0.0000000 secs]
      [Inspected:             333]
         [Skipped:              1(  0.3%)]
         [Hashed:             332( 99.7%)]
         [Known:                0(  0.0%)]
         [New:                332( 99.7%)   6607.2K]
      [Deduplicated:           18(  5.4%)    322.3K(  4.9%)]
         [Young:                0(  0.0%)      0.0B(  0.0%)]
         [Old:                 18(100.0%)    322.3K(100.0%)]
   [Total Exec: 248/0.7458292 secs, Idle: 248/53.6902572 secs, Blocked: 5/0.0108620 secs]
      [Inspected:           60245]
         [Skipped:            502(  0.8%)]
         [Hashed:           58765( 97.5%)]
         [Known:             4313(  7.2%)]
         [New:              55430( 92.0%)   1015.8M]
      [Deduplicated:         3235(  5.8%)     22.4M(  2.2%)]
         [Young:                6(  0.2%)     25.1K(  0.1%)]
         [Old:               3229( 99.8%)     22.3M( 99.9%)]
   [Table]
      [Memory Usage: 1314.2K]
      [Size: 32768, Min: 1024, Max: 16777216]
      [Entries: 45150, Load: 137.8%, Cached: 0, Added: 56452, Removed: 11302]
      [Resize Count: 5, Shrink Threshold: 21845(66.7%), Grow Threshold: 65536(200.0%)]
      [Rehash Count: 1, Rehash Threshold: 120, Hash Seed: 0xc4e8cebb]
      [Age Threshold: 3]
   [Queue]
      [Dropped: 0]
2016-06-27T18:01:28.804+0300: 55.062: [GC pause (G1 Evacuation Pause) (young) (initial-mark)
Desired survivor size 3670016 bytes, new threshold 1 (max 15)
- age   1:    7230040 bytes,    7230040 total
, 0.0048838 secs]
   [Parallel Time: 3.6 ms, GC Workers: 4]
      [GC Worker Start (ms): Min: 55061.9, Avg: 55061.9, Max: 55061.9, Diff: 0.0]
      [Ext Root Scanning (ms): Min: 0.5, Avg: 0.5, Max: 0.7, Diff: 0.2, Sum: 2.1]
      [Update RS (ms): Min: 0.7, Avg: 0.8, Max: 1.1, Diff: 0.3, Sum: 3.3]
         [Processed Buffers: Min: 2, Avg: 8.8, Max: 21, Diff: 19, Sum: 35]
      [Scan RS (ms): Min: 0.0, Avg: 0.0, Max: 0.0, Diff: 0.0, Sum: 0.0]
      [Code Root Scanning (ms): Min: 0.0, Avg: 0.0, Max: 0.0, Diff: 0.0, Sum: 0.0]
      [Object Copy (ms): Min: 1.8, Avg: 2.2, Max: 2.4, Diff: 0.5, Sum: 8.8]
      [Termination (ms): Min: 0.0, Avg: 0.0, Max: 0.0, Diff: 0.0, Sum: 0.0]
         [Termination Attempts: Min: 1, Avg: 1.0, Max: 1, Diff: 0, Sum: 4]
      [GC Worker Other (ms): Min: 0.0, Avg: 0.0, Max: 0.0, Diff: 0.0, Sum: 0.1]
      [GC Worker Total (ms): Min: 3.6, Avg: 3.6, Max: 3.6, Diff: 0.0, Sum: 14.3]
      [GC Worker End (ms): Min: 55065.5, Avg: 55065.5, Max: 55065.5, Diff: 0.0]
   [Code Root Fixup: 0.0 ms]
   [Code Root Purge: 0.0 ms]
   [String Dedup Fixup: 0.6 ms, GC Workers: 4]
      [Queue Fixup (ms): Min: 0.0, Avg: 0.0, Max: 0.0, Diff: 0.0, Sum: 0.0]
      [Table Fixup (ms): Min: 0.5, Avg: 0.5, Max: 0.6, Diff: 0.1, Sum: 2.2]
   [Clear CT: 0.0 ms]
   [Other: 0.6 ms]
      [Choose CSet: 0.0 ms]
      [Ref Proc: 0.0 ms]
      [Ref Enq: 0.0 ms]
      [Redirty Cards: 0.0 ms]
      [Humongous Register: 0.0 ms]
      [Humongous Reclaim: 0.0 ms]
      [Free CSet: 0.1 ms]
   [Eden: 44.0M(44.0M)->0.0B(44.0M) Survivors: 7168.0K->7168.0K Heap: 941.5M(1034.0M)->906.0M(1034.0M)]
 [Times: user=0.00 sys=0.00, real=0.01 secs] 
2016-06-27T18:01:28.809+0300: 55.067: [GC concurrent-root-region-scan-start]
2016-06-27T18:01:28.809+0300: 55.067: Total time for which application threads were stopped: 0.0077512 seconds, Stopping threads took: 0.0020570 seconds
2016-06-27T18:01:28.810+0300: 55.067: [GC concurrent-root-region-scan-end, 0.0004375 secs]
2016-06-27T18:01:28.810+0300: 55.067: [GC concurrent-mark-start]
2016-06-27T18:01:28.815+0300: 55.072: [GC concurrent-string-deduplication, 7207.7K->7025.5K(182.2K), avg 2.2%, 0.0051614 secs]
   [Last Exec: 0.0051614 secs, Idle: 0.3806090 secs, Blocked: 0/0.0000000 secs]
      [Inspected:             366]
         [Skipped:              2(  0.5%)]
         [Hashed:             364( 99.5%)]
         [Known:                2(  0.5%)]
         [New:                362( 98.9%)   7207.7K]
      [Deduplicated:           11(  3.0%)    182.2K(  2.5%)]
         [Young:                0(  0.0%)      0.0B(  0.0%)]
         [Old:                 11(100.0%)    182.2K(100.0%)]
   [Total Exec: 249/0.7509906 secs, Idle: 249/54.0708662 secs, Blocked: 5/0.0108620 secs]
      [Inspected:           60611]
         [Skipped:            504(  0.8%)]
         [Hashed:           59129( 97.6%)]
         [Known:             4315(  7.1%)]
         [New:              55792( 92.0%)   1022.8M]
      [Deduplicated:         3246(  5.8%)     22.5M(  2.2%)]
         [Young:                6(  0.2%)     25.1K(  0.1%)]
         [Old:               3240( 99.8%)     22.5M( 99.9%)]
   [Table]
      [Memory Usage: 1322.4K]
      [Size: 32768, Min: 1024, Max: 16777216]
      [Entries: 45501, Load: 138.9%, Cached: 0, Added: 56803, Removed: 11302]
      [Resize Count: 5, Shrink Threshold: 21845(66.7%), Grow Threshold: 65536(200.0%)]
      [Rehash Count: 1, Rehash Threshold: 120, Hash Seed: 0xc4e8cebb]
      [Age Threshold: 3]
   [Queue]
      [Dropped: 0]
2016-06-27T18:01:28.870+0300: 55.127: [GC concurrent-mark-end, 0.0578843 secs]
2016-06-27T18:01:28.887+0300: 55.144: [GC remark 2016-06-27T18:01:28.887+0300: 55.144: [Finalize Marking, 0.0001912 secs] 2016-06-27T18:01:28.887+0300: 55.144: [GC ref-proc, 0.0000924 secs] 2016-06-27T18:01:28.887+0300: 55.144: [Unloading, 0.0025672 secs], 0.0065478 secs]
 [Times: user=0.00 sys=0.00, real=0.01 secs] 
2016-06-27T18:01:28.893+0300: 55.151: Total time for which application threads were stopped: 0.0084671 seconds, Stopping threads took: 0.0014275 seconds
2016-06-27T18:01:28.928+0300: 55.186: [GC cleanup 923M->923M(1034M), 0.0017880 secs]
 [Times: user=0.00 sys=0.00, real=0.00 secs] 
2016-06-27T18:01:28.930+0300: 55.188: Total time for which application threads were stopped: 0.0053153 seconds, Stopping threads took: 0.0029884 seconds
2016-06-27T18:01:28.997+0300: 55.254: Total time for which application threads were stopped: 0.0025467 seconds, Stopping threads took: 0.0021246 seconds
2016-06-27T18:01:29.158+0300: 55.416: [GC pause (G1 Evacuation Pause) (young)
Desired survivor size 3670016 bytes, new threshold 1 (max 15)
- age   1:    7108536 bytes,    7108536 total
, 0.0050198 secs]
   [Parallel Time: 3.8 ms, GC Workers: 4]
      [GC Worker Start (ms): Min: 55416.1, Avg: 55416.1, Max: 55416.2, Diff: 0.1]
      [Ext Root Scanning (ms): Min: 0.6, Avg: 0.7, Max: 0.7, Diff: 0.1, Sum: 2.6]
      [Update RS (ms): Min: 0.7, Avg: 0.9, Max: 1.0, Diff: 0.2, Sum: 3.5]
         [Processed Buffers: Min: 4, Avg: 10.8, Max: 17, Diff: 13, Sum: 43]
      [Scan RS (ms): Min: 0.0, Avg: 0.0, Max: 0.0, Diff: 0.0, Sum: 0.0]
      [Code Root Scanning (ms): Min: 0.0, Avg: 0.0, Max: 0.0, Diff: 0.0, Sum: 0.0]
      [Object Copy (ms): Min: 2.0, Avg: 2.2, Max: 2.3, Diff: 0.3, Sum: 8.7]
      [Termination (ms): Min: 0.0, Avg: 0.0, Max: 0.0, Diff: 0.0, Sum: 0.0]
         [Termination Attempts: Min: 1, Avg: 1.0, Max: 1, Diff: 0, Sum: 4]
      [GC Worker Other (ms): Min: 0.0, Avg: 0.0, Max: 0.0, Diff: 0.0, Sum: 0.1]
      [GC Worker Total (ms): Min: 3.7, Avg: 3.7, Max: 3.7, Diff: 0.1, Sum: 14.9]
      [GC Worker End (ms): Min: 55419.8, Avg: 55419.9, Max: 55419.9, Diff: 0.0]
   [Code Root Fixup: 0.0 ms]
   [Code Root Purge: 0.0 ms]
   [String Dedup Fixup: 0.5 ms, GC Workers: 4]
      [Queue Fixup (ms): Min: 0.0, Avg: 0.0, Max: 0.0, Diff: 0.0, Sum: 0.0]
      [Table Fixup (ms): Min: 0.5, Avg: 0.5, Max: 0.5, Diff: 0.0, Sum: 2.0]
   [Clear CT: 0.0 ms]
   [Other: 0.7 ms]
      [Choose CSet: 0.0 ms]
      [Ref Proc: 0.0 ms]
      [Ref Enq: 0.0 ms]
      [Redirty Cards: 0.0 ms]
      [Humongous Register: 0.2 ms]
      [Humongous Reclaim: 0.0 ms]
      [Free CSet: 0.1 ms]
   [Eden: 44.0M(44.0M)->0.0B(44.0M) Survivors: 7168.0K->7168.0K Heap: 950.0M(1034.0M)->915.0M(1034.0M)]
 [Times: user=0.06 sys=0.00, real=0.01 secs] 
2016-06-27T18:01:29.164+0300: 55.421: Total time for which application threads were stopped: 0.0148067 seconds, Stopping threads took: 0.0091073 seconds
2016-06-27T18:01:29.169+0300: 55.426: [GC concurrent-string-deduplication, 7190.7K->6945.4K(245.3K), avg 2.2%, 0.0049989 secs]
   [Last Exec: 0.0049989 secs, Idle: 0.3488522 secs, Blocked: 0/0.0000000 secs]
      [Inspected:             367]
         [Skipped:              3(  0.8%)]
         [Hashed:             364( 99.2%)]
         [Known:                0(  0.0%)]
         [New:                364( 99.2%)   7190.7K]
      [Deduplicated:           17(  4.7%)    245.3K(  3.4%)]
         [Young:                0(  0.0%)      0.0B(  0.0%)]
         [Old:                 17(100.0%)    245.3K(100.0%)]
   [Total Exec: 250/0.7559894 secs, Idle: 250/54.4197184 secs, Blocked: 5/0.0108620 secs]
      [Inspected:           60978]
         [Skipped:            507(  0.8%)]
         [Hashed:           59493( 97.6%)]
         [Known:             4315(  7.1%)]
         [New:              56156( 92.1%)   1029.9M]
      [Deduplicated:         3263(  5.8%)     22.8M(  2.2%)]
         [Young:                6(  0.2%)     25.1K(  0.1%)]
         [Old:               3257( 99.8%)     22.7M( 99.9%)]
   [Table]
      [Memory Usage: 1322.4K]
      [Size: 32768, Min: 1024, Max: 16777216]
      [Entries: 43692, Load: 133.3%, Cached: 1809, Added: 57150, Removed: 13458]
      [Resize Count: 5, Shrink Threshold: 21845(66.7%), Grow Threshold: 65536(200.0%)]
      [Rehash Count: 1, Rehash Threshold: 120, Hash Seed: 0xc4e8cebb]
      [Age Threshold: 3]
   [Queue]
      [Dropped: 0]
2016-06-27T18:01:29.522+0300: 55.779: [GC pause (G1 Evacuation Pause) (mixed)
Desired survivor size 3670016 bytes, new threshold 1 (max 15)
- age   1:    6743712 bytes,    6743712 total
, 0.0175244 secs]
   [Parallel Time: 15.7 ms, GC Workers: 4]
      [GC Worker Start (ms): Min: 55779.3, Avg: 55779.3, Max: 55779.3, Diff: 0.0]
      [Ext Root Scanning (ms): Min: 0.5, Avg: 0.6, Max: 0.6, Diff: 0.1, Sum: 2.3]
      [Update RS (ms): Min: 0.5, Avg: 0.5, Max: 0.5, Diff: 0.0, Sum: 2.0]
         [Processed Buffers: Min: 1, Avg: 10.3, Max: 22, Diff: 21, Sum: 41]
      [Scan RS (ms): Min: 1.8, Avg: 1.8, Max: 1.9, Diff: 0.0, Sum: 7.4]
      [Code Root Scanning (ms): Min: 0.0, Avg: 0.0, Max: 0.0, Diff: 0.0, Sum: 0.0]
      [Object Copy (ms): Min: 12.7, Avg: 12.7, Max: 12.8, Diff: 0.1, Sum: 50.9]
      [Termination (ms): Min: 0.0, Avg: 0.0, Max: 0.0, Diff: 0.0, Sum: 0.1]
         [Termination Attempts: Min: 1, Avg: 1.0, Max: 1, Diff: 0, Sum: 4]
      [GC Worker Other (ms): Min: 0.0, Avg: 0.0, Max: 0.0, Diff: 0.0, Sum: 0.0]
      [GC Worker Total (ms): Min: 15.7, Avg: 15.7, Max: 15.7, Diff: 0.0, Sum: 62.6]
      [GC Worker End (ms): Min: 55794.9, Avg: 55794.9, Max: 55795.0, Diff: 0.0]
   [Code Root Fixup: 0.0 ms]
   [Code Root Purge: 0.0 ms]
   [String Dedup Fixup: 0.7 ms, GC Workers: 4]
      [Queue Fixup (ms): Min: 0.0, Avg: 0.0, Max: 0.0, Diff: 0.0, Sum: 0.0]
      [Table Fixup (ms): Min: 0.6, Avg: 0.6, Max: 0.7, Diff: 0.0, Sum: 2.6]
   [Clear CT: 0.2 ms]
   [Other: 1.0 ms]
      [Choose CSet: 0.1 ms]
      [Ref Proc: 0.0 ms]
      [Ref Enq: 0.0 ms]
      [Redirty Cards: 0.0 ms]
      [Humongous Register: 0.0 ms]
      [Humongous Reclaim: 0.0 ms]
      [Free CSet: 0.4 ms]
   [Eden: 44.0M(44.0M)->0.0B(44.0M) Survivors: 7168.0K->7168.0K Heap: 959.0M(1034.0M)->882.5M(1038.0M)]
 [Times: user=0.06 sys=0.00, real=0.02 secs] 
2016-06-27T18:01:29.540+0300: 55.797: Total time for which application threads were stopped: 0.0237896 seconds, Stopping threads took: 0.0055514 seconds
2016-06-27T18:01:29.545+0300: 55.802: [GC concurrent-string-deduplication, 6752.4K->6485.1K(267.4K), avg 2.2%, 0.0048415 secs]
   [Last Exec: 0.0048415 secs, Idle: 0.3707011 secs, Blocked: 0/0.0000000 secs]
      [Inspected:             351]
         [Skipped:              6(  1.7%)]
         [Hashed:             345( 98.3%)]
         [Known:                0(  0.0%)]
         [New:                345( 98.3%)   6752.4K]
      [Deduplicated:           21(  6.1%)    267.4K(  4.0%)]
         [Young:                0(  0.0%)      0.0B(  0.0%)]
         [Old:                 21(100.0%)    267.4K(100.0%)]
   [Total Exec: 251/0.7608309 secs, Idle: 251/54.7904194 secs, Blocked: 5/0.0108620 secs]
      [Inspected:           61329]
         [Skipped:            513(  0.8%)]
         [Hashed:           59838( 97.6%)]
         [Known:             4315(  7.0%)]
         [New:              56501( 92.1%)   1036.5M]
      [Deduplicated:         3284(  5.8%)     23.0M(  2.2%)]
         [Young:                6(  0.2%)     25.1K(  0.1%)]
         [Old:               3278( 99.8%)     23.0M( 99.9%)]
   [Table]
      [Memory Usage: 1322.4K]
      [Size: 32768, Min: 1024, Max: 16777216]
      [Entries: 44020, Load: 134.3%, Cached: 1481, Added: 57478, Removed: 13458]
      [Resize Count: 5, Shrink Threshold: 21845(66.7%), Grow Threshold: 65536(200.0%)]
      [Rehash Count: 1, Rehash Threshold: 120, Hash Seed: 0xc4e8cebb]
      [Age Threshold: 3]
   [Queue]
      [Dropped: 0]
2016-06-27T18:01:29.896+0300: 56.154: [GC pause (G1 Evacuation Pause) (mixed)
Desired survivor size 3670016 bytes, new threshold 1 (max 15)
- age   1:    7210168 bytes,    7210168 total
, 0.0221991 secs]
   [Parallel Time: 20.2 ms, GC Workers: 4]
      [GC Worker Start (ms): Min: 56154.1, Avg: 56154.1, Max: 56154.1, Diff: 0.0]
      [Ext Root Scanning (ms): Min: 0.6, Avg: 0.6, Max: 0.6, Diff: 0.0, Sum: 2.5]
      [Update RS (ms): Min: 5.8, Avg: 5.8, Max: 5.8, Diff: 0.1, Sum: 23.2]
         [Processed Buffers: Min: 9, Avg: 13.8, Max: 25, Diff: 16, Sum: 55]
      [Scan RS (ms): Min: 2.5, Avg: 2.6, Max: 2.6, Diff: 0.1, Sum: 10.4]
      [Code Root Scanning (ms): Min: 0.0, Avg: 0.0, Max: 0.0, Diff: 0.0, Sum: 0.0]
      [Object Copy (ms): Min: 11.1, Avg: 11.1, Max: 11.1, Diff: 0.0, Sum: 44.3]
      [Termination (ms): Min: 0.0, Avg: 0.0, Max: 0.0, Diff: 0.0, Sum: 0.0]
         [Termination Attempts: Min: 1, Avg: 1.0, Max: 1, Diff: 0, Sum: 4]
      [GC Worker Other (ms): Min: 0.0, Avg: 0.0, Max: 0.0, Diff: 0.0, Sum: 0.1]
      [GC Worker Total (ms): Min: 20.1, Avg: 20.1, Max: 20.1, Diff: 0.0, Sum: 80.5]
      [GC Worker End (ms): Min: 56174.2, Avg: 56174.2, Max: 56174.2, Diff: 0.0]
   [Code Root Fixup: 0.0 ms]
   [Code Root Purge: 0.0 ms]
   [String Dedup Fixup: 0.8 ms, GC Workers: 4]
      [Queue Fixup (ms): Min: 0.0, Avg: 0.0, Max: 0.0, Diff: 0.0, Sum: 0.0]
      [Table Fixup (ms): Min: 0.8, Avg: 0.8, Max: 0.8, Diff: 0.0, Sum: 3.1]
   [Clear CT: 0.2 ms]
   [Other: 1.0 ms]
      [Choose CSet: 0.1 ms]
      [Ref Proc: 0.1 ms]
      [Ref Enq: 0.0 ms]
      [Redirty Cards: 0.1 ms]
      [Humongous Register: 0.0 ms]
      [Humongous Reclaim: 0.0 ms]
      [Free CSet: 0.4 ms]
   [Eden: 44.0M(44.0M)->0.0B(44.0M) Survivors: 7168.0K->7168.0K Heap: 926.5M(1038.0M)->868.0M(1038.0M)]
 [Times: user=0.06 sys=0.00, real=0.02 secs] 
2016-06-27T18:01:29.919+0300: 56.176: Total time for which application threads were stopped: 0.0270290 seconds, Stopping threads took: 0.0040644 seconds
2016-06-27T18:01:29.924+0300: 56.181: [GC concurrent-string-deduplication, 7309.8K->7025.5K(284.3K), avg 2.2%, 0.0051468 secs]
   [Last Exec: 0.0051468 secs, Idle: 0.3745589 secs, Blocked: 0/0.0000000 secs]
      [Inspected:             377]
         [Skipped:              4(  1.1%)]
         [Hashed:             373( 98.9%)]
         [Known:                4(  1.1%)]
         [New:                369( 97.9%)   7309.8K]
      [Deduplicated:           18(  4.9%)    284.3K(  3.9%)]
         [Young:                0(  0.0%)      0.0B(  0.0%)]
         [Old:                 18(100.0%)    284.3K(100.0%)]
   [Total Exec: 252/0.7659777 secs, Idle: 252/55.1649784 secs, Blocked: 5/0.0108620 secs]
      [Inspected:           61706]
         [Skipped:            517(  0.8%)]
         [Hashed:           60211( 97.6%)]
         [Known:             4319(  7.0%)]
         [New:              56870( 92.2%)   1043.6M]
      [Deduplicated:         3302(  5.8%)     23.3M(  2.2%)]
         [Young:                6(  0.2%)     25.1K(  0.1%)]
         [Old:               3296( 99.8%)     23.3M( 99.9%)]
   [Table]
      [Memory Usage: 1322.4K]
      [Size: 32768, Min: 1024, Max: 16777216]
      [Entries: 44371, Load: 135.4%, Cached: 1130, Added: 57829, Removed: 13458]
      [Resize Count: 5, Shrink Threshold: 21845(66.7%), Grow Threshold: 65536(200.0%)]
      [Rehash Count: 1, Rehash Threshold: 120, Hash Seed: 0xc4e8cebb]
      [Age Threshold: 3]
   [Queue]
      [Dropped: 0]
2016-06-27T18:01:30.262+0300: 56.520: [GC pause (G1 Evacuation Pause) (young)
Desired survivor size 3670016 bytes, new threshold 1 (max 15)
- age   1:    6847216 bytes,    6847216 total
, 0.0121552 secs]
   [Parallel Time: 11.1 ms, GC Workers: 4]
      [GC Worker Start (ms): Min: 56519.8, Avg: 56519.9, Max: 56520.0, Diff: 0.2]
      [Ext Root Scanning (ms): Min: 0.6, Avg: 0.7, Max: 0.8, Diff: 0.2, Sum: 2.8]
      [Update RS (ms): Min: 8.0, Avg: 8.1, Max: 8.2, Diff: 0.2, Sum: 32.4]
         [Processed Buffers: Min: 10, Avg: 19.3, Max: 29, Diff: 19, Sum: 77]
      [Scan RS (ms): Min: 0.0, Avg: 0.0, Max: 0.0, Diff: 0.0, Sum: 0.0]
      [Code Root Scanning (ms): Min: 0.0, Avg: 0.0, Max: 0.0, Diff: 0.0, Sum: 0.0]
      [Object Copy (ms): Min: 2.0, Avg: 2.1, Max: 2.2, Diff: 0.2, Sum: 8.4]
      [Termination (ms): Min: 0.0, Avg: 0.0, Max: 0.0, Diff: 0.0, Sum: 0.0]
         [Termination Attempts: Min: 1, Avg: 1.0, Max: 1, Diff: 0, Sum: 4]
      [GC Worker Other (ms): Min: 0.0, Avg: 0.0, Max: 0.0, Diff: 0.0, Sum: 0.0]
      [GC Worker Total (ms): Min: 10.8, Avg: 10.9, Max: 11.0, Diff: 0.2, Sum: 43.7]
      [GC Worker End (ms): Min: 56530.8, Avg: 56530.8, Max: 56530.8, Diff: 0.0]
   [Code Root Fixup: 0.0 ms]
   [Code Root Purge: 0.0 ms]
   [String Dedup Fixup: 0.5 ms, GC Workers: 4]
      [Queue Fixup (ms): Min: 0.0, Avg: 0.0, Max: 0.0, Diff: 0.0, Sum: 0.0]
      [Table Fixup (ms): Min: 0.5, Avg: 0.5, Max: 0.5, Diff: 0.0, Sum: 1.9]
   [Clear CT: 0.0 ms]
   [Other: 0.6 ms]
      [Choose CSet: 0.0 ms]
      [Ref Proc: 0.1 ms]
      [Ref Enq: 0.0 ms]
      [Redirty Cards: 0.0 ms]
      [Humongous Register: 0.0 ms]
      [Humongous Reclaim: 0.0 ms]
      [Free CSet: 0.1 ms]
   [Eden: 44.0M(44.0M)->0.0B(44.0M) Survivors: 7168.0K->7168.0K Heap: 912.0M(1038.0M)->876.0M(1038.0M)]
 [Times: user=0.06 sys=0.00, real=0.01 secs] 
2016-06-27T18:01:30.275+0300: 56.532: Total time for which application threads were stopped: 0.0168154 seconds, Stopping threads took: 0.0039071 seconds
2016-06-27T18:01:30.280+0300: 56.537: [GC concurrent-string-deduplication, 6809.4K->6505.1K(304.3K), avg 2.2%, 0.0048697 secs]
   [Last Exec: 0.0048697 secs, Idle: 0.3504482 secs, Blocked: 0/0.0000000 secs]
      [Inspected:             345]
         [Skipped:              1(  0.3%)]
         [Hashed:             344( 99.7%)]
         [Known:                0(  0.0%)]
         [New:                344( 99.7%)   6809.4K]
      [Deduplicated:           19(  5.5%)    304.3K(  4.5%)]
         [Young:                0(  0.0%)      0.0B(  0.0%)]
         [Old:                 19(100.0%)    304.3K(100.0%)]
   [Total Exec: 253/0.7708474 secs, Idle: 253/55.5154266 secs, Blocked: 5/0.0108620 secs]
      [Inspected:           62051]
         [Skipped:            518(  0.8%)]
         [Hashed:           60555( 97.6%)]
         [Known:             4319(  7.0%)]
         [New:              57214( 92.2%)   1050.3M]
      [Deduplicated:         3321(  5.8%)     23.6M(  2.2%)]
         [Young:                6(  0.2%)     25.1K(  0.1%)]
         [Old:               3315( 99.8%)     23.6M( 99.9%)]
   [Table]
      [Memory Usage: 1322.4K]
      [Size: 32768, Min: 1024, Max: 16777216]
      [Entries: 44696, Load: 136.4%, Cached: 805, Added: 58154, Removed: 13458]
      [Resize Count: 5, Shrink Threshold: 21845(66.7%), Grow Threshold: 65536(200.0%)]
      [Rehash Count: 1, Rehash Threshold: 120, Hash Seed: 0xc4e8cebb]
      [Age Threshold: 3]
   [Queue]
      [Dropped: 0]
2016-06-27T18:01:30.507+0300: 56.765: Total time for which application threads were stopped: 0.0038314 seconds, Stopping threads took: 0.0032852 seconds
2016-06-27T18:01:30.509+0300: 56.766: Total time for which application threads were stopped: 0.0005803 seconds, Stopping threads took: 0.0000586 seconds
2016-06-27T18:01:30.625+0300: 56.882: [GC pause (G1 Evacuation Pause) (young) (initial-mark)
Desired survivor size 3670016 bytes, new threshold 1 (max 15)
- age   1:    7096048 bytes,    7096048 total
, 0.0046614 secs]
   [Parallel Time: 3.5 ms, GC Workers: 4]
      [GC Worker Start (ms): Min: 56882.4, Avg: 56882.4, Max: 56882.5, Diff: 0.0]
      [Ext Root Scanning (ms): Min: 0.5, Avg: 0.6, Max: 0.6, Diff: 0.1, Sum: 2.4]
      [Update RS (ms): Min: 0.6, Avg: 0.7, Max: 0.8, Diff: 0.2, Sum: 2.6]
         [Processed Buffers: Min: 9, Avg: 11.5, Max: 14, Diff: 5, Sum: 46]
      [Scan RS (ms): Min: 0.0, Avg: 0.0, Max: 0.0, Diff: 0.0, Sum: 0.0]
      [Code Root Scanning (ms): Min: 0.0, Avg: 0.0, Max: 0.0, Diff: 0.0, Sum: 0.0]
      [Object Copy (ms): Min: 2.1, Avg: 2.2, Max: 2.4, Diff: 0.3, Sum: 8.9]
      [Termination (ms): Min: 0.0, Avg: 0.0, Max: 0.0, Diff: 0.0, Sum: 0.0]
         [Termination Attempts: Min: 1, Avg: 1.0, Max: 1, Diff: 0, Sum: 4]
      [GC Worker Other (ms): Min: 0.0, Avg: 0.0, Max: 0.0, Diff: 0.0, Sum: 0.1]
      [GC Worker Total (ms): Min: 3.5, Avg: 3.5, Max: 3.5, Diff: 0.0, Sum: 14.0]
      [GC Worker End (ms): Min: 56886.0, Avg: 56886.0, Max: 56886.0, Diff: 0.0]
   [Code Root Fixup: 0.0 ms]
   [Code Root Purge: 0.0 ms]
   [String Dedup Fixup: 0.5 ms, GC Workers: 4]
      [Queue Fixup (ms): Min: 0.0, Avg: 0.0, Max: 0.0, Diff: 0.0, Sum: 0.0]
      [Table Fixup (ms): Min: 0.5, Avg: 0.5, Max: 0.5, Diff: 0.0, Sum: 1.9]
   [Clear CT: 0.0 ms]
   [Other: 0.6 ms]
      [Choose CSet: 0.0 ms]
      [Ref Proc: 0.0 ms]
      [Ref Enq: 0.0 ms]
      [Redirty Cards: 0.0 ms]
      [Humongous Register: 0.0 ms]
      [Humongous Reclaim: 0.0 ms]
      [Free CSet: 0.1 ms]
   [Eden: 44.0M(44.0M)->0.0B(44.0M) Survivors: 7168.0K->7168.0K Heap: 920.0M(1038.0M)->884.5M(1038.0M)]
 [Times: user=0.02 sys=0.00, real=0.01 secs] 
2016-06-27T18:01:30.630+0300: 56.887: [GC concurrent-root-region-scan-start]
2016-06-27T18:01:30.630+0300: 56.887: Total time for which application threads were stopped: 0.0100396 seconds, Stopping threads took: 0.0046490 seconds
2016-06-27T18:01:30.630+0300: 56.888: [GC concurrent-root-region-scan-end, 0.0006239 secs]
2016-06-27T18:01:30.630+0300: 56.888: [GC concurrent-mark-start]
2016-06-27T18:01:30.635+0300: 56.892: [GC concurrent-string-deduplication, 7008.7K->6725.3K(283.5K), avg 2.3%, 0.0050895 secs]
   [Last Exec: 0.0050895 secs, Idle: 0.3501343 secs, Blocked: 0/0.0000000 secs]
      [Inspected:             357]
         [Skipped:              0(  0.0%)]
         [Hashed:             357(100.0%)]
         [Known:                0(  0.0%)]
         [New:                357(100.0%)   7008.7K]
      [Deduplicated:           21(  5.9%)    283.5K(  4.0%)]
         [Young:                0(  0.0%)      0.0B(  0.0%)]
         [Old:                 21(100.0%)    283.5K(100.0%)]
   [Total Exec: 254/0.7759369 secs, Idle: 254/55.8655609 secs, Blocked: 5/0.0108620 secs]
      [Inspected:           62408]
         [Skipped:            518(  0.8%)]
         [Hashed:           60912( 97.6%)]
         [Known:             4319(  6.9%)]
         [New:              57571( 92.2%)   1057.1M]
      [Deduplicated:         3342(  5.8%)     23.9M(  2.3%)]
         [Young:                6(  0.2%)     25.1K(  0.1%)]
         [Old:               3336( 99.8%)     23.9M( 99.9%)]
   [Table]
      [Memory Usage: 1322.4K]
      [Size: 32768, Min: 1024, Max: 16777216]
      [Entries: 45054, Load: 137.5%, Cached: 447, Added: 58512, Removed: 13458]
      [Resize Count: 5, Shrink Threshold: 21845(66.7%), Grow Threshold: 65536(200.0%)]
      [Rehash Count: 1, Rehash Threshold: 120, Hash Seed: 0xc4e8cebb]
      [Age Threshold: 3]
   [Queue]
      [Dropped: 0]
2016-06-27T18:01:30.683+0300: 56.940: [GC concurrent-mark-end, 0.0516790 secs]
2016-06-27T18:01:30.702+0300: 56.959: [GC remark 2016-06-27T18:01:30.702+0300: 56.959: [Finalize Marking, 0.0005042 secs] 2016-06-27T18:01:30.703+0300: 56.960: [GC ref-proc, 0.0000902 secs] 2016-06-27T18:01:30.703+0300: 56.960: [Unloading, 0.0074207 secs], 0.0121441 secs]
 [Times: user=0.03 sys=0.00, real=0.01 secs] 
2016-06-27T18:01:30.714+0300: 56.972: Total time for which application threads were stopped: 0.0167200 seconds, Stopping threads took: 0.0040353 seconds
2016-06-27T18:01:30.717+0300: 56.974: [GC cleanup 897M->897M(1038M), 0.0023461 secs]
 [Times: user=0.00 sys=0.00, real=0.00 secs] 
2016-06-27T18:01:30.719+0300: 56.977: Total time for which application threads were stopped: 0.0035957 seconds, Stopping threads took: 0.0006654 seconds
2016-06-27T18:01:30.980+0300: 57.237: [GC pause (G1 Evacuation Pause) (young)
Desired survivor size 3670016 bytes, new threshold 1 (max 15)
- age   1:    7208608 bytes,    7208608 total
, 0.0046687 secs]
   [Parallel Time: 3.6 ms, GC Workers: 4]
      [GC Worker Start (ms): Min: 57237.4, Avg: 57237.4, Max: 57237.4, Diff: 0.0]
      [Ext Root Scanning (ms): Min: 0.6, Avg: 0.6, Max: 0.6, Diff: 0.1, Sum: 2.3]
      [Update RS (ms): Min: 0.7, Avg: 0.8, Max: 0.9, Diff: 0.1, Sum: 3.2]
         [Processed Buffers: Min: 2, Avg: 4.8, Max: 7, Diff: 5, Sum: 19]
      [Scan RS (ms): Min: 0.0, Avg: 0.0, Max: 0.0, Diff: 0.0, Sum: 0.0]
      [Code Root Scanning (ms): Min: 0.0, Avg: 0.0, Max: 0.0, Diff: 0.0, Sum: 0.0]
      [Object Copy (ms): Min: 2.1, Avg: 2.2, Max: 2.3, Diff: 0.1, Sum: 8.8]
      [Termination (ms): Min: 0.0, Avg: 0.0, Max: 0.0, Diff: 0.0, Sum: 0.0]
         [Termination Attempts: Min: 1, Avg: 1.0, Max: 1, Diff: 0, Sum: 4]
      [GC Worker Other (ms): Min: 0.0, Avg: 0.0, Max: 0.0, Diff: 0.0, Sum: 0.1]
      [GC Worker Total (ms): Min: 3.6, Avg: 3.6, Max: 3.6, Diff: 0.0, Sum: 14.4]
      [GC Worker End (ms): Min: 57241.0, Avg: 57241.0, Max: 57241.0, Diff: 0.0]
   [Code Root Fixup: 0.0 ms]
   [Code Root Purge: 0.0 ms]
   [String Dedup Fixup: 0.5 ms, GC Workers: 4]
      [Queue Fixup (ms): Min: 0.0, Avg: 0.0, Max: 0.0, Diff: 0.0, Sum: 0.0]
      [Table Fixup (ms): Min: 0.4, Avg: 0.5, Max: 0.5, Diff: 0.0, Sum: 1.9]
   [Clear CT: 0.0 ms]
   [Other: 0.5 ms]
      [Choose CSet: 0.0 ms]
      [Ref Proc: 0.1 ms]
      [Ref Enq: 0.0 ms]
      [Redirty Cards: 0.0 ms]
      [Humongous Register: 0.0 ms]
      [Humongous Reclaim: 0.0 ms]
      [Free CSet: 0.1 ms]
   [Eden: 44.0M(44.0M)->0.0B(44.0M) Survivors: 7168.0K->7168.0K Heap: 928.5M(1038.0M)->893.0M(1038.0M)]
 [Times: user=0.00 sys=0.00, real=0.00 secs] 
2016-06-27T18:01:30.985+0300: 57.242: Total time for which application threads were stopped: 0.0086707 seconds, Stopping threads took: 0.0032348 seconds
2016-06-27T18:01:30.990+0300: 57.247: [GC concurrent-string-deduplication, 6995.6K->6746.1K(249.4K), avg 2.3%, 0.0049685 secs]
   [Last Exec: 0.0049685 secs, Idle: 0.3498918 secs, Blocked: 0/0.0000000 secs]
      [Inspected:             419]
         [Skipped:              6(  1.4%)]
         [Hashed:             413( 98.6%)]
         [Known:               23(  5.5%)]
         [New:                390( 93.1%)   6995.6K]
      [Deduplicated:           40( 10.3%)    249.4K(  3.6%)]
         [Young:                0(  0.0%)      0.0B(  0.0%)]
         [Old:                 40(100.0%)    249.4K(100.0%)]
   [Total Exec: 255/0.7809054 secs, Idle: 255/56.2154527 secs, Blocked: 5/0.0108620 secs]
      [Inspected:           62827]
         [Skipped:            524(  0.8%)]
         [Hashed:           61325( 97.6%)]
         [Known:             4342(  6.9%)]
         [New:              57961( 92.3%)   1063.9M]
      [Deduplicated:         3382(  5.8%)     24.1M(  2.3%)]
         [Young:                6(  0.2%)     25.1K(  0.1%)]
         [Old:               3376( 99.8%)     24.1M( 99.9%)]
   [Table]
      [Memory Usage: 1322.4K]
      [Size: 32768, Min: 1024, Max: 16777216]
      [Entries: 43955, Load: 134.1%, Cached: 1546, Added: 58862, Removed: 14907]
      [Resize Count: 5, Shrink Threshold: 21845(66.7%), Grow Threshold: 65536(200.0%)]
      [Rehash Count: 1, Rehash Threshold: 120, Hash Seed: 0xc4e8cebb]
      [Age Threshold: 3]
   [Queue]
      [Dropped: 0]
2016-06-27T18:01:31.329+0300: 57.586: [GC pause (G1 Evacuation Pause) (mixed)
Desired survivor size 3670016 bytes, new threshold 1 (max 15)
- age   1:    7179584 bytes,    7179584 total
, 0.0197658 secs]
   [Parallel Time: 17.8 ms, GC Workers: 4]
      [GC Worker Start (ms): Min: 57586.3, Avg: 57586.3, Max: 57586.4, Diff: 0.1]
      [Ext Root Scanning (ms): Min: 0.5, Avg: 0.7, Max: 1.1, Diff: 0.7, Sum: 3.0]
      [Update RS (ms): Min: 0.4, Avg: 0.7, Max: 0.9, Diff: 0.5, Sum: 2.8]
         [Processed Buffers: Min: 3, Avg: 9.0, Max: 21, Diff: 18, Sum: 36]
      [Scan RS (ms): Min: 3.0, Avg: 3.0, Max: 3.0, Diff: 0.1, Sum: 12.0]
      [Code Root Scanning (ms): Min: 0.0, Avg: 0.0, Max: 0.1, Diff: 0.1, Sum: 0.1]
      [Object Copy (ms): Min: 13.2, Avg: 13.3, Max: 13.3, Diff: 0.0, Sum: 53.0]
      [Termination (ms): Min: 0.0, Avg: 0.0, Max: 0.0, Diff: 0.0, Sum: 0.0]
         [Termination Attempts: Min: 1, Avg: 5.0, Max: 9, Diff: 8, Sum: 20]
      [GC Worker Other (ms): Min: 0.0, Avg: 0.0, Max: 0.0, Diff: 0.0, Sum: 0.1]
      [GC Worker Total (ms): Min: 17.7, Avg: 17.7, Max: 17.8, Diff: 0.1, Sum: 70.9]
      [GC Worker End (ms): Min: 57604.1, Avg: 57604.1, Max: 57604.1, Diff: 0.0]
   [Code Root Fixup: 0.0 ms]
   [Code Root Purge: 0.0 ms]
   [String Dedup Fixup: 0.7 ms, GC Workers: 4]
      [Queue Fixup (ms): Min: 0.0, Avg: 0.0, Max: 0.0, Diff: 0.0, Sum: 0.0]
      [Table Fixup (ms): Min: 0.3, Avg: 0.6, Max: 0.7, Diff: 0.4, Sum: 2.3]
   [Clear CT: 0.2 ms]
   [Other: 1.1 ms]
      [Choose CSet: 0.2 ms]
      [Ref Proc: 0.0 ms]
      [Ref Enq: 0.0 ms]
      [Redirty Cards: 0.1 ms]
      [Humongous Register: 0.0 ms]
      [Humongous Reclaim: 0.0 ms]
      [Free CSet: 0.5 ms]
   [Eden: 44.0M(44.0M)->0.0B(44.0M) Survivors: 7168.0K->7168.0K Heap: 937.0M(1038.0M)->865.0M(1038.0M)]
 [Times: user=0.08 sys=0.00, real=0.02 secs] 
2016-06-27T18:01:31.349+0300: 57.606: Total time for which application threads were stopped: 0.0236497 seconds, Stopping threads took: 0.0032078 seconds
2016-06-27T18:01:31.354+0300: 57.611: [GC concurrent-string-deduplication, 7449.9K->7105.5K(344.3K), avg 2.3%, 0.0052289 secs]
   [Last Exec: 0.0052289 secs, Idle: 0.3588550 secs, Blocked: 0/0.0000000 secs]
      [Inspected:             378]
         [Skipped:              2(  0.5%)]
         [Hashed:             376( 99.5%)]
         [Known:                0(  0.0%)]
         [New:                376( 99.5%)   7449.9K]
      [Deduplicated:           21(  5.6%)    344.3K(  4.6%)]
         [Young:                0(  0.0%)      0.0B(  0.0%)]
         [Old:                 21(100.0%)    344.3K(100.0%)]
   [Total Exec: 256/0.7861343 secs, Idle: 256/56.5743077 secs, Blocked: 5/0.0108620 secs]
      [Inspected:           63205]
         [Skipped:            526(  0.8%)]
         [Hashed:           61701( 97.6%)]
         [Known:             4342(  6.9%)]
         [New:              58337( 92.3%)   1071.2M]
      [Deduplicated:         3403(  5.8%)     24.5M(  2.3%)]
         [Young:                6(  0.2%)     25.1K(  0.1%)]
         [Old:               3397( 99.8%)     24.4M( 99.9%)]
   [Table]
      [Memory Usage: 1322.4K]
      [Size: 32768, Min: 1024, Max: 16777216]
      [Entries: 44313, Load: 135.2%, Cached: 1188, Added: 59220, Removed: 14907]
      [Resize Count: 5, Shrink Threshold: 21845(66.7%), Grow Threshold: 65536(200.0%)]
      [Rehash Count: 1, Rehash Threshold: 120, Hash Seed: 0xc4e8cebb]
      [Age Threshold: 3]
   [Queue]
      [Dropped: 0]
2016-06-27T18:01:31.718+0300: 57.975: [GC pause (G1 Evacuation Pause) (young)
Desired survivor size 3670016 bytes, new threshold 1 (max 15)
- age   1:    6779856 bytes,    6779856 total
, 0.0132410 secs]
   [Parallel Time: 12.0 ms, GC Workers: 4]
      [GC Worker Start (ms): Min: 57975.0, Avg: 57975.0, Max: 57975.0, Diff: 0.0]
      [Ext Root Scanning (ms): Min: 0.5, Avg: 0.5, Max: 0.6, Diff: 0.1, Sum: 2.0]
      [Update RS (ms): Min: 9.3, Avg: 9.5, Max: 9.7, Diff: 0.4, Sum: 37.8]
         [Processed Buffers: Min: 10, Avg: 15.0, Max: 21, Diff: 11, Sum: 60]
      [Scan RS (ms): Min: 0.0, Avg: 0.0, Max: 0.0, Diff: 0.0, Sum: 0.0]
      [Code Root Scanning (ms): Min: 0.0, Avg: 0.0, Max: 0.0, Diff: 0.0, Sum: 0.0]
      [Object Copy (ms): Min: 1.7, Avg: 2.0, Max: 2.2, Diff: 0.5, Sum: 7.9]
      [Termination (ms): Min: 0.0, Avg: 0.0, Max: 0.0, Diff: 0.0, Sum: 0.0]
         [Termination Attempts: Min: 1, Avg: 1.0, Max: 1, Diff: 0, Sum: 4]
      [GC Worker Other (ms): Min: 0.0, Avg: 0.0, Max: 0.0, Diff: 0.0, Sum: 0.1]
      [GC Worker Total (ms): Min: 11.9, Avg: 11.9, Max: 12.0, Diff: 0.0, Sum: 47.8]
      [GC Worker End (ms): Min: 57987.0, Avg: 57987.0, Max: 57987.0, Diff: 0.0]
   [Code Root Fixup: 0.0 ms]
   [Code Root Purge: 0.0 ms]
   [String Dedup Fixup: 0.7 ms, GC Workers: 4]
      [Queue Fixup (ms): Min: 0.0, Avg: 0.0, Max: 0.0, Diff: 0.0, Sum: 0.0]
      [Table Fixup (ms): Min: 0.4, Avg: 0.6, Max: 0.7, Diff: 0.3, Sum: 2.5]
   [Clear CT: 0.0 ms]
   [Other: 0.5 ms]
      [Choose CSet: 0.0 ms]
      [Ref Proc: 0.1 ms]
      [Ref Enq: 0.0 ms]
      [Redirty Cards: 0.0 ms]
      [Humongous Register: 0.0 ms]
      [Humongous Reclaim: 0.0 ms]
      [Free CSet: 0.1 ms]
   [Eden: 44.0M(44.0M)->0.0B(44.0M) Survivors: 7168.0K->7168.0K Heap: 909.0M(1038.0M)->873.0M(1038.0M)]
 [Times: user=0.06 sys=0.00, real=0.01 secs] 
2016-06-27T18:01:31.731+0300: 57.988: Total time for which application threads were stopped: 0.0171331 seconds, Stopping threads took: 0.0032433 seconds
2016-06-27T18:01:31.736+0300: 57.993: [GC concurrent-string-deduplication, 6488.5K->6285.3K(203.3K), avg 2.3%, 0.0045554 secs]
   [Last Exec: 0.0045554 secs, Idle: 0.3770068 secs, Blocked: 0/0.0000000 secs]
      [Inspected:             337]
         [Skipped:              2(  0.6%)]
         [Hashed:             335( 99.4%)]
         [Known:                3(  0.9%)]
         [New:                332( 98.5%)   6488.5K]
      [Deduplicated:           14(  4.2%)    203.3K(  3.1%)]
         [Young:                1(  7.1%)     20.0K(  9.8%)]
         [Old:                 13( 92.9%)    183.3K( 90.2%)]
   [Total Exec: 257/0.7906897 secs, Idle: 257/56.9513145 secs, Blocked: 5/0.0108620 secs]
      [Inspected:           63542]
         [Skipped:            528(  0.8%)]
         [Hashed:           62036( 97.6%)]
         [Known:             4345(  6.8%)]
         [New:              58669( 92.3%)   1077.5M]
      [Deduplicated:         3417(  5.8%)     24.7M(  2.3%)]
         [Young:                7(  0.2%)     45.1K(  0.2%)]
         [Old:               3410( 99.8%)     24.6M( 99.8%)]
   [Table]
      [Memory Usage: 1322.4K]
      [Size: 32768, Min: 1024, Max: 16777216]
      [Entries: 44631, Load: 136.2%, Cached: 870, Added: 59538, Removed: 14907]
      [Resize Count: 5, Shrink Threshold: 21845(66.7%), Grow Threshold: 65536(200.0%)]
      [Rehash Count: 1, Rehash Threshold: 120, Hash Seed: 0xc4e8cebb]
      [Age Threshold: 3]
   [Queue]
      [Dropped: 0]
2016-06-27T18:01:32.109+0300: 58.367: [GC pause (G1 Evacuation Pause) (young) (initial-mark)
Desired survivor size 3670016 bytes, new threshold 1 (max 15)
- age   1:    7128216 bytes,    7128216 total
, 0.0055249 secs]
   [Parallel Time: 4.3 ms, GC Workers: 4]
      [GC Worker Start (ms): Min: 58367.2, Avg: 58367.4, Max: 58367.7, Diff: 0.6]
      [Ext Root Scanning (ms): Min: 0.5, Avg: 0.7, Max: 0.8, Diff: 0.4, Sum: 2.7]
      [Update RS (ms): Min: 1.0, Avg: 1.2, Max: 1.5, Diff: 0.6, Sum: 4.6]
         [Processed Buffers: Min: 1, Avg: 12.0, Max: 23, Diff: 22, Sum: 48]
      [Scan RS (ms): Min: 0.0, Avg: 0.0, Max: 0.0, Diff: 0.0, Sum: 0.0]
      [Code Root Scanning (ms): Min: 0.0, Avg: 0.0, Max: 0.0, Diff: 0.0, Sum: 0.0]
      [Object Copy (ms): Min: 1.5, Avg: 2.1, Max: 2.4, Diff: 0.8, Sum: 8.5]
      [Termination (ms): Min: 0.0, Avg: 0.0, Max: 0.0, Diff: 0.0, Sum: 0.0]
         [Termination Attempts: Min: 1, Avg: 1.0, Max: 1, Diff: 0, Sum: 4]
      [GC Worker Other (ms): Min: 0.0, Avg: 0.0, Max: 0.0, Diff: 0.0, Sum: 0.1]
      [GC Worker Total (ms): Min: 3.7, Avg: 4.0, Max: 4.2, Diff: 0.6, Sum: 15.8]
      [GC Worker End (ms): Min: 58371.4, Avg: 58371.4, Max: 58371.4, Diff: 0.0]
   [Code Root Fixup: 0.0 ms]
   [Code Root Purge: 0.0 ms]
   [String Dedup Fixup: 0.5 ms, GC Workers: 4]
      [Queue Fixup (ms): Min: 0.0, Avg: 0.0, Max: 0.0, Diff: 0.0, Sum: 0.0]
      [Table Fixup (ms): Min: 0.5, Avg: 0.5, Max: 0.5, Diff: 0.0, Sum: 1.9]
   [Clear CT: 0.0 ms]
   [Other: 0.7 ms]
      [Choose CSet: 0.0 ms]
      [Ref Proc: 0.0 ms]
      [Ref Enq: 0.0 ms]
      [Redirty Cards: 0.0 ms]
      [Humongous Register: 0.0 ms]
      [Humongous Reclaim: 0.0 ms]
      [Free CSet: 0.1 ms]
   [Eden: 44.0M(44.0M)->0.0B(44.0M) Survivors: 7168.0K->7168.0K Heap: 917.0M(1038.0M)->882.0M(1038.0M)]
 [Times: user=0.06 sys=0.00, real=0.01 secs] 
2016-06-27T18:01:32.115+0300: 58.373: [GC concurrent-root-region-scan-start]
2016-06-27T18:01:32.115+0300: 58.373: Total time for which application threads were stopped: 0.0112187 seconds, Stopping threads took: 0.0049625 seconds
2016-06-27T18:01:32.116+0300: 58.373: [GC concurrent-root-region-scan-end, 0.0007869 secs]
2016-06-27T18:01:32.116+0300: 58.373: [GC concurrent-mark-start]
2016-06-27T18:01:32.120+0300: 58.378: [GC concurrent-string-deduplication, 6946.4K->6705.2K(241.2K), avg 2.3%, 0.0052811 secs]
   [Last Exec: 0.0052811 secs, Idle: 0.3795501 secs, Blocked: 0/0.0000000 secs]
      [Inspected:             351]
         [Skipped:              3(  0.9%)]
         [Hashed:             348( 99.1%)]
         [Known:                0(  0.0%)]
         [New:                348( 99.1%)   6946.4K]
      [Deduplicated:           13(  3.7%)    241.2K(  3.5%)]
         [Young:                0(  0.0%)      0.0B(  0.0%)]
         [Old:                 13(100.0%)    241.2K(100.0%)]
   [Total Exec: 258/0.7959708 secs, Idle: 258/57.3308646 secs, Blocked: 5/0.0108620 secs]
      [Inspected:           63893]
         [Skipped:            531(  0.8%)]
         [Hashed:           62384( 97.6%)]
         [Known:             4345(  6.8%)]
         [New:              59017( 92.4%)   1084.3M]
      [Deduplicated:         3430(  5.8%)     24.9M(  2.3%)]
         [Young:                7(  0.2%)     45.1K(  0.2%)]
         [Old:               3423( 99.8%)     24.9M( 99.8%)]
   [Table]
      [Memory Usage: 1322.4K]
      [Size: 32768, Min: 1024, Max: 16777216]
      [Entries: 44966, Load: 137.2%, Cached: 535, Added: 59873, Removed: 14907]
      [Resize Count: 5, Shrink Threshold: 21845(66.7%), Grow Threshold: 65536(200.0%)]
      [Rehash Count: 1, Rehash Threshold: 120, Hash Seed: 0xc4e8cebb]
      [Age Threshold: 3]
   [Queue]
      [Dropped: 0]
2016-06-27T18:01:32.169+0300: 58.427: [GC concurrent-mark-end, 0.0528217 secs]
2016-06-27T18:01:32.194+0300: 58.451: [GC remark 2016-06-27T18:01:32.194+0300: 58.451: [Finalize Marking, 0.0001937 secs] 2016-06-27T18:01:32.194+0300: 58.452: [GC ref-proc, 0.0000924 secs] 2016-06-27T18:01:32.194+0300: 58.452: [Unloading, 0.0025552 secs], 0.0065393 secs]
 [Times: user=0.00 sys=0.00, real=0.01 secs] 
2016-06-27T18:01:32.200+0300: 58.458: Total time for which application threads were stopped: 0.0142730 seconds, Stopping threads took: 0.0072205 seconds
2016-06-27T18:01:32.201+0300: 58.459: [GC cleanup 895M->895M(1038M), 0.0017842 secs]
 [Times: user=0.00 sys=0.00, real=0.00 secs] 
2016-06-27T18:01:32.204+0300: 58.461: Total time for which application threads were stopped: 0.0032673 seconds, Stopping threads took: 0.0000594 seconds
2016-06-27T18:01:32.461+0300: 58.718: [GC pause (G1 Evacuation Pause) (young)
Desired survivor size 3670016 bytes, new threshold 1 (max 15)
- age   1:    7205568 bytes,    7205568 total
, 0.0044258 secs]
   [Parallel Time: 3.4 ms, GC Workers: 4]
      [GC Worker Start (ms): Min: 58718.4, Avg: 58718.4, Max: 58718.5, Diff: 0.0]
      [Ext Root Scanning (ms): Min: 0.5, Avg: 0.5, Max: 0.6, Diff: 0.0, Sum: 2.1]
      [Update RS (ms): Min: 0.5, Avg: 0.6, Max: 0.6, Diff: 0.1, Sum: 2.3]
         [Processed Buffers: Min: 2, Avg: 9.5, Max: 21, Diff: 19, Sum: 38]
      [Scan RS (ms): Min: 0.0, Avg: 0.0, Max: 0.0, Diff: 0.0, Sum: 0.0]
      [Code Root Scanning (ms): Min: 0.0, Avg: 0.0, Max: 0.0, Diff: 0.0, Sum: 0.0]
      [Object Copy (ms): Min: 2.2, Avg: 2.2, Max: 2.3, Diff: 0.1, Sum: 8.9]
      [Termination (ms): Min: 0.0, Avg: 0.0, Max: 0.0, Diff: 0.0, Sum: 0.0]
         [Termination Attempts: Min: 1, Avg: 1.0, Max: 1, Diff: 0, Sum: 4]
      [GC Worker Other (ms): Min: 0.0, Avg: 0.0, Max: 0.0, Diff: 0.0, Sum: 0.1]
      [GC Worker Total (ms): Min: 3.4, Avg: 3.4, Max: 3.4, Diff: 0.0, Sum: 13.4]
      [GC Worker End (ms): Min: 58721.8, Avg: 58721.8, Max: 58721.8, Diff: 0.0]
   [Code Root Fixup: 0.0 ms]
   [Code Root Purge: 0.0 ms]
   [String Dedup Fixup: 0.5 ms, GC Workers: 4]
      [Queue Fixup (ms): Min: 0.0, Avg: 0.0, Max: 0.0, Diff: 0.0, Sum: 0.0]
      [Table Fixup (ms): Min: 0.5, Avg: 0.5, Max: 0.5, Diff: 0.0, Sum: 1.8]
   [Clear CT: 0.0 ms]
   [Other: 0.5 ms]
      [Choose CSet: 0.0 ms]
      [Ref Proc: 0.1 ms]
      [Ref Enq: 0.0 ms]
      [Redirty Cards: 0.0 ms]
      [Humongous Register: 0.0 ms]
      [Humongous Reclaim: 0.0 ms]
      [Free CSet: 0.1 ms]
   [Eden: 44.0M(44.0M)->0.0B(44.0M) Survivors: 7168.0K->7168.0K Heap: 926.0M(1038.0M)->891.0M(1038.0M)]
 [Times: user=0.00 sys=0.00, real=0.01 secs] 
2016-06-27T18:01:32.466+0300: 58.723: Total time for which application threads were stopped: 0.0103685 seconds, Stopping threads took: 0.0052097 seconds
2016-06-27T18:01:32.471+0300: 58.728: [GC concurrent-string-deduplication, 6930.5K->6625.2K(305.3K), avg 2.3%, 0.0048115 secs]
   [Last Exec: 0.0048115 secs, Idle: 0.3450161 secs, Blocked: 0/0.0000000 secs]
      [Inspected:             353]
         [Skipped:              2(  0.6%)]
         [Hashed:             351( 99.4%)]
         [Known:                0(  0.0%)]
         [New:                351( 99.4%)   6930.5K]
      [Deduplicated:           20(  5.7%)    305.3K(  4.4%)]
         [Young:                0(  0.0%)      0.0B(  0.0%)]
         [Old:                 20(100.0%)    305.3K(100.0%)]
   [Total Exec: 259/0.8007824 secs, Idle: 259/57.6758808 secs, Blocked: 5/0.0108620 secs]
      [Inspected:           64246]
         [Skipped:            533(  0.8%)]
         [Hashed:           62735( 97.6%)]
         [Known:             4345(  6.8%)]
         [New:              59368( 92.4%)   1091.1M]
      [Deduplicated:         3450(  5.8%)     25.2M(  2.3%)]
         [Young:                7(  0.2%)     45.1K(  0.2%)]
         [Old:               3443( 99.8%)     25.2M( 99.8%)]
   [Table]
      [Memory Usage: 1322.4K]
      [Size: 32768, Min: 1024, Max: 16777216]
      [Entries: 43564, Load: 132.9%, Cached: 1937, Added: 60204, Removed: 16640]
      [Resize Count: 5, Shrink Threshold: 21845(66.7%), Grow Threshold: 65536(200.0%)]
      [Rehash Count: 1, Rehash Threshold: 120, Hash Seed: 0xc4e8cebb]
      [Age Threshold: 3]
   [Queue]
      [Dropped: 0]
2016-06-27T18:01:32.842+0300: 59.100: [GC pause (G1 Evacuation Pause) (mixed)
Desired survivor size 3670016 bytes, new threshold 1 (max 15)
- age   1:    7078392 bytes,    7078392 total
, 0.0197619 secs]
   [Parallel Time: 17.9 ms, GC Workers: 4]
      [GC Worker Start (ms): Min: 59100.1, Avg: 59100.2, Max: 59100.2, Diff: 0.0]
      [Ext Root Scanning (ms): Min: 0.5, Avg: 0.5, Max: 0.6, Diff: 0.1, Sum: 2.2]
      [Update RS (ms): Min: 0.9, Avg: 1.0, Max: 1.0, Diff: 0.1, Sum: 3.9]
         [Processed Buffers: Min: 10, Avg: 14.0, Max: 24, Diff: 14, Sum: 56]
      [Scan RS (ms): Min: 2.7, Avg: 2.8, Max: 2.9, Diff: 0.1, Sum: 11.3]
      [Code Root Scanning (ms): Min: 0.0, Avg: 0.0, Max: 0.0, Diff: 0.0, Sum: 0.0]
      [Object Copy (ms): Min: 13.4, Avg: 13.5, Max: 13.5, Diff: 0.1, Sum: 53.8]
      [Termination (ms): Min: 0.0, Avg: 0.0, Max: 0.0, Diff: 0.0, Sum: 0.0]
         [Termination Attempts: Min: 1, Avg: 5.0, Max: 7, Diff: 6, Sum: 20]
      [GC Worker Other (ms): Min: 0.0, Avg: 0.0, Max: 0.0, Diff: 0.0, Sum: 0.1]
      [GC Worker Total (ms): Min: 17.8, Avg: 17.8, Max: 17.8, Diff: 0.0, Sum: 71.2]
      [GC Worker End (ms): Min: 59118.0, Avg: 59118.0, Max: 59118.0, Diff: 0.0]
   [Code Root Fixup: 0.0 ms]
   [Code Root Purge: 0.0 ms]
   [String Dedup Fixup: 0.6 ms, GC Workers: 4]
      [Queue Fixup (ms): Min: 0.0, Avg: 0.0, Max: 0.0, Diff: 0.0, Sum: 0.0]
      [Table Fixup (ms): Min: 0.6, Avg: 0.6, Max: 0.6, Diff: 0.0, Sum: 2.3]
   [Clear CT: 0.2 ms]
   [Other: 1.1 ms]
      [Choose CSet: 0.2 ms]
      [Ref Proc: 0.1 ms]
      [Ref Enq: 0.0 ms]
      [Redirty Cards: 0.1 ms]
      [Humongous Register: 0.0 ms]
      [Humongous Reclaim: 0.0 ms]
      [Free CSet: 0.5 ms]
   [Eden: 44.0M(44.0M)->0.0B(44.0M) Survivors: 7168.0K->7168.0K Heap: 935.0M(1038.0M)->863.0M(1038.0M)]
 [Times: user=0.06 sys=0.00, real=0.02 secs] 
2016-06-27T18:01:32.862+0300: 59.120: Total time for which application threads were stopped: 0.0251880 seconds, Stopping threads took: 0.0046807 seconds
2016-06-27T18:01:32.867+0300: 59.125: [GC concurrent-string-deduplication, 7273.8K->6905.4K(368.4K), avg 2.3%, 0.0050621 secs]
   [Last Exec: 0.0050621 secs, Idle: 0.3919551 secs, Blocked: 0/0.0000000 secs]
      [Inspected:             372]
         [Skipped:              1(  0.3%)]
         [Hashed:             371( 99.7%)]
         [Known:                0(  0.0%)]
         [New:                371( 99.7%)   7273.8K]
      [Deduplicated:           26(  7.0%)    368.4K(  5.1%)]
         [Young:                0(  0.0%)      0.0B(  0.0%)]
         [Old:                 26(100.0%)    368.4K(100.0%)]
   [Total Exec: 260/0.8058445 secs, Idle: 260/58.0678358 secs, Blocked: 5/0.0108620 secs]
      [Inspected:           64618]
         [Skipped:            534(  0.8%)]
         [Hashed:           63106( 97.7%)]
         [Known:             4345(  6.7%)]
         [New:              59739( 92.4%)   1098.2M]
      [Deduplicated:         3476(  5.8%)     25.6M(  2.3%)]
         [Young:                7(  0.2%)     45.1K(  0.2%)]
         [Old:               3469( 99.8%)     25.5M( 99.8%)]
   [Table]
      [Memory Usage: 1322.4K]
      [Size: 32768, Min: 1024, Max: 16777216]
      [Entries: 43909, Load: 134.0%, Cached: 1592, Added: 60549, Removed: 16640]
      [Resize Count: 5, Shrink Threshold: 21845(66.7%), Grow Threshold: 65536(200.0%)]
      [Rehash Count: 1, Rehash Threshold: 120, Hash Seed: 0xc4e8cebb]
      [Age Threshold: 3]
   [Queue]
      [Dropped: 0]
2016-06-27T18:01:33.255+0300: 59.512: [GC pause (G1 Evacuation Pause) (mixed)
Desired survivor size 3670016 bytes, new threshold 1 (max 15)
- age   1:    6962936 bytes,    6962936 total
, 0.0147973 secs]
   [Parallel Time: 13.5 ms, GC Workers: 4]
      [GC Worker Start (ms): Min: 59512.0, Avg: 59512.0, Max: 59512.0, Diff: 0.0]
      [Ext Root Scanning (ms): Min: 0.5, Avg: 0.6, Max: 0.6, Diff: 0.1, Sum: 2.3]
      [Update RS (ms): Min: 8.0, Avg: 8.1, Max: 8.2, Diff: 0.2, Sum: 32.3]
         [Processed Buffers: Min: 11, Avg: 18.8, Max: 28, Diff: 17, Sum: 75]
      [Scan RS (ms): Min: 0.7, Avg: 0.8, Max: 0.8, Diff: 0.1, Sum: 3.2]
      [Code Root Scanning (ms): Min: 0.0, Avg: 0.0, Max: 0.0, Diff: 0.0, Sum: 0.0]
      [Object Copy (ms): Min: 3.9, Avg: 4.0, Max: 4.0, Diff: 0.1, Sum: 16.0]
      [Termination (ms): Min: 0.0, Avg: 0.0, Max: 0.0, Diff: 0.0, Sum: 0.0]
         [Termination Attempts: Min: 1, Avg: 1.8, Max: 4, Diff: 3, Sum: 7]
      [GC Worker Other (ms): Min: 0.0, Avg: 0.0, Max: 0.0, Diff: 0.0, Sum: 0.1]
      [GC Worker Total (ms): Min: 13.5, Avg: 13.5, Max: 13.5, Diff: 0.0, Sum: 53.9]
      [GC Worker End (ms): Min: 59525.5, Avg: 59525.5, Max: 59525.5, Diff: 0.0]
   [Code Root Fixup: 0.0 ms]
   [Code Root Purge: 0.0 ms]
   [String Dedup Fixup: 0.5 ms, GC Workers: 4]
      [Queue Fixup (ms): Min: 0.0, Avg: 0.0, Max: 0.0, Diff: 0.0, Sum: 0.0]
      [Table Fixup (ms): Min: 0.5, Avg: 0.5, Max: 0.5, Diff: 0.0, Sum: 1.9]
   [Clear CT: 0.2 ms]
   [Other: 0.6 ms]
      [Choose CSet: 0.0 ms]
      [Ref Proc: 0.0 ms]
      [Ref Enq: 0.0 ms]
      [Redirty Cards: 0.1 ms]
      [Humongous Register: 0.0 ms]
      [Humongous Reclaim: 0.0 ms]
      [Free CSet: 0.1 ms]
   [Eden: 44.0M(44.0M)->0.0B(44.0M) Survivors: 7168.0K->7168.0K Heap: 907.0M(1038.0M)->868.0M(1038.0M)]
 [Times: user=0.00 sys=0.02, real=0.01 secs] 
2016-06-27T18:01:33.270+0300: 59.527: Total time for which application threads were stopped: 0.0235924 seconds, Stopping threads took: 0.0080151 seconds
2016-06-27T18:01:33.274+0300: 59.532: [GC concurrent-string-deduplication, 7027.5K->6765.3K(262.2K), avg 2.3%, 0.0049300 secs]
   [Last Exec: 0.0049300 secs, Idle: 0.4019066 secs, Blocked: 0/0.0000000 secs]
      [Inspected:             354]
         [Skipped:              1(  0.3%)]
         [Hashed:             353( 99.7%)]
         [Known:                0(  0.0%)]
         [New:                353( 99.7%)   7027.5K]
      [Deduplicated:           15(  4.2%)    262.2K(  3.7%)]
         [Young:                0(  0.0%)      0.0B(  0.0%)]
         [Old:                 15(100.0%)    262.2K(100.0%)]
   [Total Exec: 261/0.8107745 secs, Idle: 261/58.4697424 secs, Blocked: 5/0.0108620 secs]
      [Inspected:           64972]
         [Skipped:            535(  0.8%)]
         [Hashed:           63459( 97.7%)]
         [Known:             4345(  6.7%)]
         [New:              60092( 92.5%)   1105.1M]
      [Deduplicated:         3491(  5.8%)     25.8M(  2.3%)]
         [Young:                7(  0.2%)     45.1K(  0.2%)]
         [Old:               3484( 99.8%)     25.8M( 99.8%)]
   [Table]
      [Memory Usage: 1322.4K]
      [Size: 32768, Min: 1024, Max: 16777216]
      [Entries: 44247, Load: 135.0%, Cached: 1254, Added: 60887, Removed: 16640]
      [Resize Count: 5, Shrink Threshold: 21845(66.7%), Grow Threshold: 65536(200.0%)]
      [Rehash Count: 1, Rehash Threshold: 120, Hash Seed: 0xc4e8cebb]
      [Age Threshold: 3]
   [Queue]
      [Dropped: 0]
2016-06-27T18:01:33.620+0300: 59.878: [GC pause (G1 Evacuation Pause) (young)
Desired survivor size 3670016 bytes, new threshold 1 (max 15)
- age   1:    7045784 bytes,    7045784 total
, 0.0071679 secs]
   [Parallel Time: 6.1 ms, GC Workers: 4]
      [GC Worker Start (ms): Min: 59878.2, Avg: 59878.2, Max: 59878.2, Diff: 0.0]
      [Ext Root Scanning (ms): Min: 0.5, Avg: 0.5, Max: 0.6, Diff: 0.1, Sum: 2.1]
      [Update RS (ms): Min: 3.1, Avg: 3.4, Max: 3.8, Diff: 0.7, Sum: 13.6]
         [Processed Buffers: Min: 4, Avg: 10.8, Max: 24, Diff: 20, Sum: 43]
      [Scan RS (ms): Min: 0.0, Avg: 0.0, Max: 0.0, Diff: 0.0, Sum: 0.0]
      [Code Root Scanning (ms): Min: 0.0, Avg: 0.0, Max: 0.0, Diff: 0.0, Sum: 0.0]
      [Object Copy (ms): Min: 1.8, Avg: 2.1, Max: 2.3, Diff: 0.5, Sum: 8.4]
      [Termination (ms): Min: 0.0, Avg: 0.0, Max: 0.0, Diff: 0.0, Sum: 0.0]
         [Termination Attempts: Min: 1, Avg: 1.0, Max: 1, Diff: 0, Sum: 4]
      [GC Worker Other (ms): Min: 0.0, Avg: 0.0, Max: 0.0, Diff: 0.0, Sum: 0.1]
      [GC Worker Total (ms): Min: 6.0, Avg: 6.1, Max: 6.1, Diff: 0.0, Sum: 24.2]
      [GC Worker End (ms): Min: 59884.2, Avg: 59884.2, Max: 59884.2, Diff: 0.0]
   [Code Root Fixup: 0.0 ms]
   [Code Root Purge: 0.0 ms]
   [String Dedup Fixup: 0.5 ms, GC Workers: 4]
      [Queue Fixup (ms): Min: 0.0, Avg: 0.0, Max: 0.0, Diff: 0.0, Sum: 0.0]
      [Table Fixup (ms): Min: 0.5, Avg: 0.5, Max: 0.5, Diff: 0.0, Sum: 1.9]
   [Clear CT: 0.0 ms]
   [Other: 0.6 ms]
      [Choose CSet: 0.0 ms]
      [Ref Proc: 0.0 ms]
      [Ref Enq: 0.0 ms]
      [Redirty Cards: 0.0 ms]
      [Humongous Register: 0.0 ms]
      [Humongous Reclaim: 0.0 ms]
      [Free CSet: 0.1 ms]
   [Eden: 44.0M(44.0M)->0.0B(49.0M) Survivors: 7168.0K->7168.0K Heap: 912.0M(1038.0M)->876.0M(1038.0M)]
 [Times: user=0.00 sys=0.00, real=0.01 secs] 
2016-06-27T18:01:33.628+0300: 59.885: Total time for which application threads were stopped: 0.0115916 seconds, Stopping threads took: 0.0037941 seconds
2016-06-27T18:01:33.632+0300: 59.890: [GC concurrent-string-deduplication, 6707.3K->6585.1K(122.1K), avg 2.3%, 0.0046768 secs]
   [Last Exec: 0.0046768 secs, Idle: 0.3534662 secs, Blocked: 0/0.0000000 secs]
      [Inspected:             337]
         [Skipped:              0(  0.0%)]
         [Hashed:             337(100.0%)]
         [Known:                0(  0.0%)]
         [New:                337(100.0%)   6707.3K]
      [Deduplicated:            8(  2.4%)    122.1K(  1.8%)]
         [Young:                0(  0.0%)      0.0B(  0.0%)]
         [Old:                  8(100.0%)    122.1K(100.0%)]
   [Total Exec: 262/0.8154513 secs, Idle: 262/58.8232085 secs, Blocked: 5/0.0108620 secs]
      [Inspected:           65309]
         [Skipped:            535(  0.8%)]
         [Hashed:           63796( 97.7%)]
         [Known:             4345(  6.7%)]
         [New:              60429( 92.5%)   1111.6M]
      [Deduplicated:         3499(  5.8%)     25.9M(  2.3%)]
         [Young:                7(  0.2%)     45.1K(  0.2%)]
         [Old:               3492( 99.8%)     25.9M( 99.8%)]
   [Table]
      [Memory Usage: 1322.4K]
      [Size: 32768, Min: 1024, Max: 16777216]
      [Entries: 44576, Load: 136.0%, Cached: 925, Added: 61216, Removed: 16640]
      [Resize Count: 5, Shrink Threshold: 21845(66.7%), Grow Threshold: 65536(200.0%)]
      [Rehash Count: 1, Rehash Threshold: 120, Hash Seed: 0xc4e8cebb]
      [Age Threshold: 3]
   [Queue]
      [Dropped: 0]
2016-06-27T18:01:34.054+0300: 60.311: [GC pause (G1 Evacuation Pause) (young) (initial-mark)
Desired survivor size 3670016 bytes, new threshold 1 (max 15)
- age   1:    7199496 bytes,    7199496 total
, 0.0051768 secs]
   [Parallel Time: 3.8 ms, GC Workers: 4]
      [GC Worker Start (ms): Min: 60311.5, Avg: 60311.5, Max: 60311.5, Diff: 0.0]
      [Ext Root Scanning (ms): Min: 0.5, Avg: 0.6, Max: 0.7, Diff: 0.2, Sum: 2.4]
      [Update RS (ms): Min: 0.6, Avg: 0.7, Max: 0.8, Diff: 0.2, Sum: 2.8]
         [Processed Buffers: Min: 2, Avg: 10.0, Max: 17, Diff: 15, Sum: 40]
      [Scan RS (ms): Min: 0.0, Avg: 0.0, Max: 0.0, Diff: 0.0, Sum: 0.0]
      [Code Root Scanning (ms): Min: 0.0, Avg: 0.0, Max: 0.0, Diff: 0.0, Sum: 0.0]
      [Object Copy (ms): Min: 2.4, Avg: 2.4, Max: 2.5, Diff: 0.1, Sum: 9.6]
      [Termination (ms): Min: 0.0, Avg: 0.0, Max: 0.0, Diff: 0.0, Sum: 0.0]
         [Termination Attempts: Min: 1, Avg: 1.0, Max: 1, Diff: 0, Sum: 4]
      [GC Worker Other (ms): Min: 0.0, Avg: 0.0, Max: 0.0, Diff: 0.0, Sum: 0.1]
      [GC Worker Total (ms): Min: 3.7, Avg: 3.7, Max: 3.7, Diff: 0.0, Sum: 14.9]
      [GC Worker End (ms): Min: 60315.2, Avg: 60315.2, Max: 60315.2, Diff: 0.0]
   [Code Root Fixup: 0.0 ms]
   [Code Root Purge: 0.0 ms]
   [String Dedup Fixup: 0.7 ms, GC Workers: 4]
      [Queue Fixup (ms): Min: 0.0, Avg: 0.0, Max: 0.0, Diff: 0.0, Sum: 0.0]
      [Table Fixup (ms): Min: 0.4, Avg: 0.6, Max: 0.6, Diff: 0.3, Sum: 2.2]
   [Clear CT: 0.0 ms]
   [Other: 0.6 ms]
      [Choose CSet: 0.0 ms]
      [Ref Proc: 0.1 ms]
      [Ref Enq: 0.0 ms]
      [Redirty Cards: 0.0 ms]
      [Humongous Register: 0.0 ms]
      [Humongous Reclaim: 0.0 ms]
      [Free CSet: 0.1 ms]
   [Eden: 49.0M(49.0M)->0.0B(44.0M) Survivors: 7168.0K->7168.0K Heap: 925.0M(1038.0M)->885.5M(1038.0M)]
 [Times: user=0.00 sys=0.00, real=0.01 secs] 
2016-06-27T18:01:34.059+0300: 60.317: [GC concurrent-root-region-scan-start]
2016-06-27T18:01:34.059+0300: 60.317: Total time for which application threads were stopped: 0.0151591 seconds, Stopping threads took: 0.0093442 seconds
2016-06-27T18:01:34.060+0300: 60.317: [GC concurrent-root-region-scan-end, 0.0008527 secs]
2016-06-27T18:01:34.060+0300: 60.317: [GC concurrent-mark-start]
2016-06-27T18:01:34.065+0300: 60.322: [GC concurrent-string-deduplication, 7870.2K->7686.0K(184.2K), avg 2.3%, 0.0055313 secs]
   [Last Exec: 0.0055313 secs, Idle: 0.4265369 secs, Blocked: 0/0.0000000 secs]
      [Inspected:             399]
         [Skipped:              2(  0.5%)]
         [Hashed:             397( 99.5%)]
         [Known:                0(  0.0%)]
         [New:                397( 99.5%)   7870.2K]
      [Deduplicated:           13(  3.3%)    184.2K(  2.3%)]
         [Young:                0(  0.0%)      0.0B(  0.0%)]
         [Old:                 13(100.0%)    184.2K(100.0%)]
   [Total Exec: 263/0.8209826 secs, Idle: 263/59.2497454 secs, Blocked: 5/0.0108620 secs]
      [Inspected:           65708]
         [Skipped:            537(  0.8%)]
         [Hashed:           64193( 97.7%)]
         [Known:             4345(  6.6%)]
         [New:              60826( 92.6%)   1119.3M]
      [Deduplicated:         3512(  5.8%)     26.1M(  2.3%)]
         [Young:                7(  0.2%)     45.1K(  0.2%)]
         [Old:               3505( 99.8%)     26.1M( 99.8%)]
   [Table]
      [Memory Usage: 1322.4K]
      [Size: 32768, Min: 1024, Max: 16777216]
      [Entries: 44960, Load: 137.2%, Cached: 541, Added: 61600, Removed: 16640]
      [Resize Count: 5, Shrink Threshold: 21845(66.7%), Grow Threshold: 65536(200.0%)]
      [Rehash Count: 1, Rehash Threshold: 120, Hash Seed: 0xc4e8cebb]
      [Age Threshold: 3]
   [Queue]
      [Dropped: 0]
2016-06-27T18:01:34.116+0300: 60.373: [GC concurrent-mark-end, 0.0557003 secs]
2016-06-27T18:01:34.134+0300: 60.392: [GC remark 2016-06-27T18:01:34.134+0300: 60.392: [Finalize Marking, 0.0001916 secs] 2016-06-27T18:01:34.134+0300: 60.392: [GC ref-proc, 0.0001018 secs] 2016-06-27T18:01:34.134+0300: 60.392: [Unloading, 0.0024569 secs], 0.0064152 secs]
 [Times: user=0.00 sys=0.00, real=0.01 secs] 
2016-06-27T18:01:34.141+0300: 60.398: Total time for which application threads were stopped: 0.0080266 seconds, Stopping threads took: 0.0011641 seconds
2016-06-27T18:01:34.141+0300: 60.399: [GC cleanup 897M->897M(1038M), 0.0018564 secs]
 [Times: user=0.00 sys=0.00, real=0.00 secs] 
2016-06-27T18:01:34.143+0300: 60.401: Total time for which application threads were stopped: 0.0023752 seconds, Stopping threads took: 0.0000633 seconds
2016-06-27T18:01:34.419+0300: 60.676: [GC pause (G1 Evacuation Pause) (young)
Desired survivor size 3670016 bytes, new threshold 1 (max 15)
- age   1:    7233288 bytes,    7233288 total
, 0.0047222 secs]
   [Parallel Time: 3.7 ms, GC Workers: 4]
      [GC Worker Start (ms): Min: 60676.1, Avg: 60676.1, Max: 60676.1, Diff: 0.0]
      [Ext Root Scanning (ms): Min: 0.5, Avg: 0.5, Max: 0.6, Diff: 0.2, Sum: 2.1]
      [Update RS (ms): Min: 0.7, Avg: 0.8, Max: 1.0, Diff: 0.3, Sum: 3.2]
         [Processed Buffers: Min: 5, Avg: 9.5, Max: 21, Diff: 16, Sum: 38]
      [Scan RS (ms): Min: 0.0, Avg: 0.0, Max: 0.0, Diff: 0.0, Sum: 0.0]
      [Code Root Scanning (ms): Min: 0.0, Avg: 0.0, Max: 0.0, Diff: 0.0, Sum: 0.0]
      [Object Copy (ms): Min: 2.2, Avg: 2.3, Max: 2.3, Diff: 0.2, Sum: 9.1]
      [Termination (ms): Min: 0.0, Avg: 0.0, Max: 0.0, Diff: 0.0, Sum: 0.0]
         [Termination Attempts: Min: 1, Avg: 1.3, Max: 2, Diff: 1, Sum: 5]
      [GC Worker Other (ms): Min: 0.0, Avg: 0.0, Max: 0.0, Diff: 0.0, Sum: 0.1]
      [GC Worker Total (ms): Min: 3.6, Avg: 3.6, Max: 3.6, Diff: 0.0, Sum: 14.5]
      [GC Worker End (ms): Min: 60679.7, Avg: 60679.7, Max: 60679.7, Diff: 0.0]
   [Code Root Fixup: 0.0 ms]
   [Code Root Purge: 0.0 ms]
   [String Dedup Fixup: 0.5 ms, GC Workers: 4]
      [Queue Fixup (ms): Min: 0.0, Avg: 0.0, Max: 0.0, Diff: 0.0, Sum: 0.0]
      [Table Fixup (ms): Min: 0.5, Avg: 0.5, Max: 0.5, Diff: 0.0, Sum: 2.0]
   [Clear CT: 0.0 ms]
   [Other: 0.5 ms]
      [Choose CSet: 0.0 ms]
      [Ref Proc: 0.0 ms]
      [Ref Enq: 0.0 ms]
      [Redirty Cards: 0.0 ms]
      [Humongous Register: 0.0 ms]
      [Humongous Reclaim: 0.0 ms]
      [Free CSet: 0.1 ms]
   [Eden: 44.0M(44.0M)->0.0B(44.0M) Survivors: 7168.0K->7168.0K Heap: 929.5M(1038.0M)->894.5M(1038.0M)]
 [Times: user=0.00 sys=0.00, real=0.01 secs] 
2016-06-27T18:01:34.424+0300: 60.681: Total time for which application threads were stopped: 0.0088798 seconds, Stopping threads took: 0.0034922 seconds
2016-06-27T18:01:34.429+0300: 60.686: [GC concurrent-string-deduplication, 7470.9K->7165.6K(305.3K), avg 2.3%, 0.0051383 secs]
   [Last Exec: 0.0051383 secs, Idle: 0.3586677 secs, Blocked: 0/0.0000000 secs]
      [Inspected:             381]
         [Skipped:              3(  0.8%)]
         [Hashed:             378( 99.2%)]
         [Known:                0(  0.0%)]
         [New:                378( 99.2%)   7470.9K]
      [Deduplicated:           20(  5.3%)    305.3K(  4.1%)]
         [Young:                0(  0.0%)      0.0B(  0.0%)]
         [Old:                 20(100.0%)    305.3K(100.0%)]
   [Total Exec: 264/0.8261209 secs, Idle: 264/59.6084132 secs, Blocked: 5/0.0108620 secs]
      [Inspected:           66089]
         [Skipped:            540(  0.8%)]
         [Hashed:           64571( 97.7%)]
         [Known:             4345(  6.6%)]
         [New:              61204( 92.6%)   1126.6M]
      [Deduplicated:         3532(  5.8%)     26.4M(  2.3%)]
         [Young:                7(  0.2%)     45.1K(  0.2%)]
         [Old:               3525( 99.8%)     26.4M( 99.8%)]
   [Table]
      [Memory Usage: 1322.4K]
      [Size: 32768, Min: 1024, Max: 16777216]
      [Entries: 43016, Load: 131.3%, Cached: 2485, Added: 61958, Removed: 18942]
      [Resize Count: 5, Shrink Threshold: 21845(66.7%), Grow Threshold: 65536(200.0%)]
      [Rehash Count: 1, Rehash Threshold: 120, Hash Seed: 0xc4e8cebb]
      [Age Threshold: 3]
   [Queue]
      [Dropped: 0]
2016-06-27T18:01:34.799+0300: 61.057: [GC pause (G1 Evacuation Pause) (mixed)
Desired survivor size 3670016 bytes, new threshold 1 (max 15)
- age   1:    6613616 bytes,    6613616 total
, 0.0183618 secs]
   [Parallel Time: 16.6 ms, GC Workers: 4]
      [GC Worker Start (ms): Min: 61057.1, Avg: 61057.1, Max: 61057.1, Diff: 0.0]
      [Ext Root Scanning (ms): Min: 0.4, Avg: 0.5, Max: 0.6, Diff: 0.2, Sum: 2.0]
      [Update RS (ms): Min: 0.8, Avg: 0.9, Max: 1.0, Diff: 0.2, Sum: 3.8]
         [Processed Buffers: Min: 6, Avg: 10.3, Max: 15, Diff: 9, Sum: 41]
      [Scan RS (ms): Min: 2.3, Avg: 2.4, Max: 2.5, Diff: 0.1, Sum: 9.6]
      [Code Root Scanning (ms): Min: 0.0, Avg: 0.0, Max: 0.0, Diff: 0.0, Sum: 0.0]
      [Object Copy (ms): Min: 12.7, Avg: 12.7, Max: 12.7, Diff: 0.1, Sum: 50.8]
      [Termination (ms): Min: 0.0, Avg: 0.0, Max: 0.0, Diff: 0.0, Sum: 0.0]
         [Termination Attempts: Min: 1, Avg: 2.0, Max: 4, Diff: 3, Sum: 8]
      [GC Worker Other (ms): Min: 0.0, Avg: 0.0, Max: 0.0, Diff: 0.0, Sum: 0.1]
      [GC Worker Total (ms): Min: 16.6, Avg: 16.6, Max: 16.6, Diff: 0.0, Sum: 66.3]
      [GC Worker End (ms): Min: 61073.6, Avg: 61073.6, Max: 61073.6, Diff: 0.0]
   [Code Root Fixup: 0.0 ms]
   [Code Root Purge: 0.0 ms]
   [String Dedup Fixup: 0.6 ms, GC Workers: 4]
      [Queue Fixup (ms): Min: 0.0, Avg: 0.0, Max: 0.0, Diff: 0.0, Sum: 0.0]
      [Table Fixup (ms): Min: 0.6, Avg: 0.6, Max: 0.6, Diff: 0.0, Sum: 2.3]
   [Clear CT: 0.2 ms]
   [Other: 1.0 ms]
      [Choose CSet: 0.1 ms]
      [Ref Proc: 0.0 ms]
      [Ref Enq: 0.0 ms]
      [Redirty Cards: 0.1 ms]
      [Humongous Register: 0.0 ms]
      [Humongous Reclaim: 0.0 ms]
      [Free CSet: 0.4 ms]
   [Eden: 44.0M(44.0M)->0.0B(44.0M) Survivors: 7168.0K->7168.0K Heap: 938.5M(1038.0M)->863.5M(1038.0M)]
 [Times: user=0.13 sys=0.00, real=0.02 secs] 
2016-06-27T18:01:34.818+0300: 61.075: Total time for which application threads were stopped: 0.0280366 seconds, Stopping threads took: 0.0089547 seconds
2016-06-27T18:01:34.823+0300: 61.080: [GC concurrent-string-deduplication, 6891.5K->6565.1K(326.3K), avg 2.4%, 0.0047551 secs]
   [Last Exec: 0.0047551 secs, Idle: 0.3893074 secs, Blocked: 0/0.0000000 secs]
      [Inspected:             351]
         [Skipped:              1(  0.3%)]
         [Hashed:             350( 99.7%)]
         [Known:                0(  0.0%)]
         [New:                350( 99.7%)   6891.5K]
      [Deduplicated:           22(  6.3%)    326.3K(  4.7%)]
         [Young:                0(  0.0%)      0.0B(  0.0%)]
         [Old:                 22(100.0%)    326.3K(100.0%)]
   [Total Exec: 265/0.8308760 secs, Idle: 265/59.9977206 secs, Blocked: 5/0.0108620 secs]
      [Inspected:           66440]
         [Skipped:            541(  0.8%)]
         [Hashed:           64921( 97.7%)]
         [Known:             4345(  6.5%)]
         [New:              61554( 92.6%)   1133.3M]
      [Deduplicated:         3554(  5.8%)     26.7M(  2.4%)]
         [Young:                7(  0.2%)     45.1K(  0.2%)]
         [Old:               3547( 99.8%)     26.7M( 99.8%)]
   [Table]
      [Memory Usage: 1322.4K]
      [Size: 32768, Min: 1024, Max: 16777216]
      [Entries: 43344, Load: 132.3%, Cached: 2157, Added: 62286, Removed: 18942]
      [Resize Count: 5, Shrink Threshold: 21845(66.7%), Grow Threshold: 65536(200.0%)]
      [Rehash Count: 1, Rehash Threshold: 120, Hash Seed: 0xc4e8cebb]
      [Age Threshold: 3]
   [Queue]
      [Dropped: 0]
2016-06-27T18:01:35.201+0300: 61.458: [GC pause (G1 Evacuation Pause) (mixed)
Desired survivor size 3670016 bytes, new threshold 1 (max 15)
- age   1:    6939320 bytes,    6939320 total
, 0.0206805 secs]
   [Parallel Time: 19.0 ms, GC Workers: 4]
      [GC Worker Start (ms): Min: 61458.6, Avg: 61458.6, Max: 61458.6, Diff: 0.0]
      [Ext Root Scanning (ms): Min: 0.5, Avg: 0.5, Max: 0.6, Diff: 0.1, Sum: 2.2]
      [Update RS (ms): Min: 7.3, Avg: 7.4, Max: 7.5, Diff: 0.1, Sum: 29.5]
         [Processed Buffers: Min: 10, Avg: 17.8, Max: 31, Diff: 21, Sum: 71]
      [Scan RS (ms): Min: 2.3, Avg: 2.4, Max: 2.4, Diff: 0.1, Sum: 9.5]
      [Code Root Scanning (ms): Min: 0.0, Avg: 0.0, Max: 0.0, Diff: 0.0, Sum: 0.0]
      [Object Copy (ms): Min: 8.6, Avg: 8.7, Max: 8.7, Diff: 0.1, Sum: 34.8]
      [Termination (ms): Min: 0.0, Avg: 0.0, Max: 0.0, Diff: 0.0, Sum: 0.0]
         [Termination Attempts: Min: 1, Avg: 1.8, Max: 2, Diff: 1, Sum: 7]
      [GC Worker Other (ms): Min: 0.0, Avg: 0.0, Max: 0.0, Diff: 0.0, Sum: 0.1]
      [GC Worker Total (ms): Min: 19.0, Avg: 19.0, Max: 19.0, Diff: 0.0, Sum: 76.0]
      [GC Worker End (ms): Min: 61477.6, Avg: 61477.6, Max: 61477.6, Diff: 0.0]
   [Code Root Fixup: 0.0 ms]
   [Code Root Purge: 0.0 ms]
   [String Dedup Fixup: 0.6 ms, GC Workers: 4]
      [Queue Fixup (ms): Min: 0.0, Avg: 0.0, Max: 0.0, Diff: 0.0, Sum: 0.0]
      [Table Fixup (ms): Min: 0.5, Avg: 0.5, Max: 0.5, Diff: 0.0, Sum: 2.1]
   [Clear CT: 0.2 ms]
   [Other: 0.9 ms]
      [Choose CSet: 0.1 ms]
      [Ref Proc: 0.1 ms]
      [Ref Enq: 0.0 ms]
      [Redirty Cards: 0.0 ms]
      [Humongous Register: 0.0 ms]
      [Humongous Reclaim: 0.0 ms]
      [Free CSet: 0.3 ms]
   [Eden: 44.0M(44.0M)->0.0B(44.0M) Survivors: 7168.0K->7168.0K Heap: 907.5M(1038.0M)->854.0M(1038.0M)]
 [Times: user=0.06 sys=0.00, real=0.02 secs] 
2016-06-27T18:01:35.222+0300: 61.479: Total time for which application threads were stopped: 0.0291404 seconds, Stopping threads took: 0.0076623 seconds
2016-06-27T18:01:35.227+0300: 61.484: [GC concurrent-string-deduplication, 6550.2K->6224.9K(325.3K), avg 2.4%, 0.0044733 secs]
   [Last Exec: 0.0044733 secs, Idle: 0.3990306 secs, Blocked: 0/0.0000000 secs]
      [Inspected:             335]
         [Skipped:              3(  0.9%)]
         [Hashed:             332( 99.1%)]
         [Known:                0(  0.0%)]
         [New:                332( 99.1%)   6550.2K]
      [Deduplicated:           21(  6.3%)    325.3K(  5.0%)]
         [Young:                0(  0.0%)      0.0B(  0.0%)]
         [Old:                 21(100.0%)    325.3K(100.0%)]
   [Total Exec: 266/0.8353492 secs, Idle: 266/60.3967512 secs, Blocked: 5/0.0108620 secs]
      [Inspected:           66775]
         [Skipped:            544(  0.8%)]
         [Hashed:           65253( 97.7%)]
         [Known:             4345(  6.5%)]
         [New:              61886( 92.7%)   1139.7M]
      [Deduplicated:         3575(  5.8%)     27.0M(  2.4%)]
         [Young:                7(  0.2%)     45.1K(  0.2%)]
         [Old:               3568( 99.8%)     27.0M( 99.8%)]
   [Table]
      [Memory Usage: 1322.4K]
      [Size: 32768, Min: 1024, Max: 16777216]
      [Entries: 43658, Load: 133.2%, Cached: 1843, Added: 62600, Removed: 18942]
      [Resize Count: 5, Shrink Threshold: 21845(66.7%), Grow Threshold: 65536(200.0%)]
      [Rehash Count: 1, Rehash Threshold: 120, Hash Seed: 0xc4e8cebb]
      [Age Threshold: 3]
   [Queue]
      [Dropped: 0]
2016-06-27T18:01:35.583+0300: 61.840: [GC pause (G1 Evacuation Pause) (young)
Desired survivor size 3670016 bytes, new threshold 1 (max 15)
- age   1:    7208784 bytes,    7208784 total
, 0.0115321 secs]
   [Parallel Time: 10.3 ms, GC Workers: 4]
      [GC Worker Start (ms): Min: 61840.7, Avg: 61840.7, Max: 61840.7, Diff: 0.0]
      [Ext Root Scanning (ms): Min: 0.5, Avg: 0.5, Max: 0.6, Diff: 0.1, Sum: 2.2]
      [Update RS (ms): Min: 7.5, Avg: 7.5, Max: 7.6, Diff: 0.1, Sum: 30.1]
         [Processed Buffers: Min: 13, Avg: 15.3, Max: 20, Diff: 7, Sum: 61]
      [Scan RS (ms): Min: 0.0, Avg: 0.0, Max: 0.0, Diff: 0.0, Sum: 0.0]
      [Code Root Scanning (ms): Min: 0.0, Avg: 0.0, Max: 0.0, Diff: 0.0, Sum: 0.0]
      [Object Copy (ms): Min: 2.1, Avg: 2.2, Max: 2.2, Diff: 0.2, Sum: 8.7]
      [Termination (ms): Min: 0.0, Avg: 0.0, Max: 0.0, Diff: 0.0, Sum: 0.0]
         [Termination Attempts: Min: 1, Avg: 1.0, Max: 1, Diff: 0, Sum: 4]
      [GC Worker Other (ms): Min: 0.0, Avg: 0.0, Max: 0.0, Diff: 0.0, Sum: 0.1]
      [GC Worker Total (ms): Min: 10.3, Avg: 10.3, Max: 10.3, Diff: 0.0, Sum: 41.2]
      [GC Worker End (ms): Min: 61851.0, Avg: 61851.0, Max: 61851.0, Diff: 0.0]
   [Code Root Fixup: 0.0 ms]
   [Code Root Purge: 0.0 ms]
   [String Dedup Fixup: 0.6 ms, GC Workers: 4]
      [Queue Fixup (ms): Min: 0.0, Avg: 0.0, Max: 0.0, Diff: 0.0, Sum: 0.0]
      [Table Fixup (ms): Min: 0.5, Avg: 0.5, Max: 0.5, Diff: 0.0, Sum: 2.1]
   [Clear CT: 0.0 ms]
   [Other: 0.6 ms]
      [Choose CSet: 0.0 ms]
      [Ref Proc: 0.0 ms]
      [Ref Enq: 0.0 ms]
      [Redirty Cards: 0.0 ms]
      [Humongous Register: 0.0 ms]
      [Humongous Reclaim: 0.0 ms]
      [Free CSet: 0.1 ms]
   [Eden: 44.0M(44.0M)->0.0B(44.0M) Survivors: 7168.0K->7168.0K Heap: 898.0M(1038.0M)->862.5M(1038.0M)]
 [Times: user=0.00 sys=0.00, real=0.01 secs] 
2016-06-27T18:01:35.595+0300: 61.852: Total time for which application threads were stopped: 0.0214439 seconds, Stopping threads took: 0.0090688 seconds
2016-06-27T18:01:35.600+0300: 61.857: [GC concurrent-string-deduplication, 7069.6K->6785.3K(284.3K), avg 2.4%, 0.0048534 secs]
   [Last Exec: 0.0048534 secs, Idle: 0.3684199 secs, Blocked: 0/0.0000000 secs]
      [Inspected:             358]
         [Skipped:              1(  0.3%)]
         [Hashed:             357( 99.7%)]
         [Known:                0(  0.0%)]
         [New:                357( 99.7%)   7069.6K]
      [Deduplicated:           18(  5.0%)    284.3K(  4.0%)]
         [Young:                0(  0.0%)      0.0B(  0.0%)]
         [Old:                 18(100.0%)    284.3K(100.0%)]
   [Total Exec: 267/0.8402027 secs, Idle: 267/60.7651711 secs, Blocked: 5/0.0108620 secs]
      [Inspected:           67133]
         [Skipped:            545(  0.8%)]
         [Hashed:           65610( 97.7%)]
         [Known:             4345(  6.5%)]
         [New:              62243( 92.7%)   1146.6M]
      [Deduplicated:         3593(  5.8%)     27.3M(  2.4%)]
         [Young:                7(  0.2%)     45.1K(  0.2%)]
         [Old:               3586( 99.8%)     27.3M( 99.8%)]
   [Table]
      [Memory Usage: 1322.4K]
      [Size: 32768, Min: 1024, Max: 16777216]
      [Entries: 43997, Load: 134.3%, Cached: 1504, Added: 62939, Removed: 18942]
      [Resize Count: 5, Shrink Threshold: 21845(66.7%), Grow Threshold: 65536(200.0%)]
      [Rehash Count: 1, Rehash Threshold: 120, Hash Seed: 0xc4e8cebb]
      [Age Threshold: 3]
   [Queue]
      [Dropped: 0]
2016-06-27T18:01:35.978+0300: 62.235: [GC pause (G1 Evacuation Pause) (young) (initial-mark)
Desired survivor size 3670016 bytes, new threshold 1 (max 15)
- age   1:    7081576 bytes,    7081576 total
, 0.0047401 secs]
   [Parallel Time: 3.4 ms, GC Workers: 4]
      [GC Worker Start (ms): Min: 62235.7, Avg: 62235.7, Max: 62235.7, Diff: 0.0]
      [Ext Root Scanning (ms): Min: 0.5, Avg: 0.6, Max: 0.7, Diff: 0.2, Sum: 2.3]
      [Update RS (ms): Min: 0.4, Avg: 0.5, Max: 0.6, Diff: 0.2, Sum: 2.1]
         [Processed Buffers: Min: 3, Avg: 7.0, Max: 16, Diff: 13, Sum: 28]
      [Scan RS (ms): Min: 0.0, Avg: 0.0, Max: 0.0, Diff: 0.0, Sum: 0.0]
      [Code Root Scanning (ms): Min: 0.0, Avg: 0.0, Max: 0.0, Diff: 0.0, Sum: 0.0]
      [Object Copy (ms): Min: 2.2, Avg: 2.3, Max: 2.3, Diff: 0.1, Sum: 9.1]
      [Termination (ms): Min: 0.0, Avg: 0.0, Max: 0.0, Diff: 0.0, Sum: 0.0]
         [Termination Attempts: Min: 1, Avg: 1.0, Max: 1, Diff: 0, Sum: 4]
      [GC Worker Other (ms): Min: 0.0, Avg: 0.0, Max: 0.0, Diff: 0.0, Sum: 0.1]
      [GC Worker Total (ms): Min: 3.4, Avg: 3.4, Max: 3.4, Diff: 0.0, Sum: 13.6]
      [GC Worker End (ms): Min: 62239.1, Avg: 62239.1, Max: 62239.1, Diff: 0.0]
   [Code Root Fixup: 0.0 ms]
   [Code Root Purge: 0.0 ms]
   [String Dedup Fixup: 0.5 ms, GC Workers: 4]
      [Queue Fixup (ms): Min: 0.0, Avg: 0.0, Max: 0.0, Diff: 0.0, Sum: 0.0]
      [Table Fixup (ms): Min: 0.5, Avg: 0.5, Max: 0.5, Diff: 0.0, Sum: 2.1]
   [Clear CT: 0.0 ms]
   [Other: 0.7 ms]
      [Choose CSet: 0.0 ms]
      [Ref Proc: 0.1 ms]
      [Ref Enq: 0.0 ms]
      [Redirty Cards: 0.0 ms]
      [Humongous Register: 0.0 ms]
      [Humongous Reclaim: 0.0 ms]
      [Free CSet: 0.1 ms]
   [Eden: 44.0M(44.0M)->0.0B(53.0M) Survivors: 7168.0K->7168.0K Heap: 906.5M(1038.0M)->871.0M(1038.0M)]
 [Times: user=0.00 sys=0.00, real=0.01 secs] 
2016-06-27T18:01:35.983+0300: 62.240: [GC concurrent-root-region-scan-start]
2016-06-27T18:01:35.983+0300: 62.240: Total time for which application threads were stopped: 0.0095551 seconds, Stopping threads took: 0.0040606 seconds
2016-06-27T18:01:35.984+0300: 62.241: [GC concurrent-root-region-scan-end, 0.0006278 secs]
2016-06-27T18:01:35.984+0300: 62.241: [GC concurrent-mark-start]
2016-06-27T18:01:35.988+0300: 62.245: [GC concurrent-string-deduplication, 6908.4K->6745.3K(163.2K), avg 2.4%, 0.0049095 secs]
   [Last Exec: 0.0049095 secs, Idle: 0.3831056 secs, Blocked: 0/0.0000000 secs]
      [Inspected:             351]
         [Skipped:              0(  0.0%)]
         [Hashed:             351(100.0%)]
         [Known:                3(  0.9%)]
         [New:                348( 99.1%)   6908.4K]
      [Deduplicated:           11(  3.2%)    163.2K(  2.4%)]
         [Young:                0(  0.0%)      0.0B(  0.0%)]
         [Old:                 11(100.0%)    163.2K(100.0%)]
   [Total Exec: 268/0.8451121 secs, Idle: 268/61.1482767 secs, Blocked: 5/0.0108620 secs]
      [Inspected:           67484]
         [Skipped:            545(  0.8%)]
         [Hashed:           65961( 97.7%)]
         [Known:             4348(  6.4%)]
         [New:              62591( 92.7%)   1153.4M]
      [Deduplicated:         3604(  5.8%)     27.5M(  2.4%)]
         [Young:                7(  0.2%)     45.1K(  0.2%)]
         [Old:               3597( 99.8%)     27.4M( 99.8%)]
   [Table]
      [Memory Usage: 1322.4K]
      [Size: 32768, Min: 1024, Max: 16777216]
      [Entries: 44334, Load: 135.3%, Cached: 1167, Added: 63276, Removed: 18942]
      [Resize Count: 5, Shrink Threshold: 21845(66.7%), Grow Threshold: 65536(200.0%)]
      [Rehash Count: 1, Rehash Threshold: 120, Hash Seed: 0xc4e8cebb]
      [Age Threshold: 3]
   [Queue]
      [Dropped: 0]
2016-06-27T18:01:36.042+0300: 62.300: [GC concurrent-mark-end, 0.0584514 secs]
2016-06-27T18:01:36.064+0300: 62.321: [GC remark 2016-06-27T18:01:36.064+0300: 62.321: [Finalize Marking, 0.0001942 secs] 2016-06-27T18:01:36.064+0300: 62.322: [GC ref-proc, 0.0000984 secs] 2016-06-27T18:01:36.064+0300: 62.322: [Unloading, 0.0032989 secs], 0.0072256 secs]
 [Times: user=0.05 sys=0.00, real=0.01 secs] 
2016-06-27T18:01:36.071+0300: 62.329: Total time for which application threads were stopped: 0.0107816 seconds, Stopping threads took: 0.0029577 seconds
2016-06-27T18:01:36.072+0300: 62.330: [GC cleanup 885M->885M(1038M), 0.0018257 secs]
 [Times: user=0.00 sys=0.00, real=0.00 secs] 
2016-06-27T18:01:36.074+0300: 62.332: Total time for which application threads were stopped: 0.0027763 seconds, Stopping threads took: 0.0003464 seconds
2016-06-27T18:01:36.400+0300: 62.657: [GC pause (G1 Evacuation Pause) (young)
Desired survivor size 4194304 bytes, new threshold 1 (max 15)
- age   1:    7215592 bytes,    7215592 total
, 0.0052225 secs]
   [Parallel Time: 4.1 ms, GC Workers: 4]
      [GC Worker Start (ms): Min: 62657.3, Avg: 62657.3, Max: 62657.3, Diff: 0.0]
      [Ext Root Scanning (ms): Min: 0.5, Avg: 0.6, Max: 0.6, Diff: 0.1, Sum: 2.3]
      [Update RS (ms): Min: 1.0, Avg: 1.0, Max: 1.0, Diff: 0.0, Sum: 3.9]
         [Processed Buffers: Min: 9, Avg: 14.8, Max: 20, Diff: 11, Sum: 59]
      [Scan RS (ms): Min: 0.0, Avg: 0.0, Max: 0.0, Diff: 0.0, Sum: 0.0]
      [Code Root Scanning (ms): Min: 0.0, Avg: 0.0, Max: 0.0, Diff: 0.0, Sum: 0.0]
      [Object Copy (ms): Min: 2.5, Avg: 2.5, Max: 2.6, Diff: 0.1, Sum: 10.1]
      [Termination (ms): Min: 0.0, Avg: 0.0, Max: 0.0, Diff: 0.0, Sum: 0.0]
         [Termination Attempts: Min: 1, Avg: 1.0, Max: 1, Diff: 0, Sum: 4]
      [GC Worker Other (ms): Min: 0.0, Avg: 0.0, Max: 0.0, Diff: 0.0, Sum: 0.1]
      [GC Worker Total (ms): Min: 4.1, Avg: 4.1, Max: 4.1, Diff: 0.0, Sum: 16.4]
      [GC Worker End (ms): Min: 62661.4, Avg: 62661.4, Max: 62661.4, Diff: 0.0]
   [Code Root Fixup: 0.0 ms]
   [Code Root Purge: 0.0 ms]
   [String Dedup Fixup: 0.5 ms, GC Workers: 4]
      [Queue Fixup (ms): Min: 0.0, Avg: 0.0, Max: 0.0, Diff: 0.0, Sum: 0.0]
      [Table Fixup (ms): Min: 0.5, Avg: 0.5, Max: 0.5, Diff: 0.0, Sum: 2.0]
   [Clear CT: 0.0 ms]
   [Other: 0.5 ms]
      [Choose CSet: 0.0 ms]
      [Ref Proc: 0.0 ms]
      [Ref Enq: 0.0 ms]
      [Redirty Cards: 0.0 ms]
      [Humongous Register: 0.0 ms]
      [Humongous Reclaim: 0.0 ms]
      [Free CSet: 0.1 ms]
   [Eden: 53.0M(53.0M)->0.0B(43.0M) Survivors: 7168.0K->8192.0K Heap: 924.0M(1038.0M)->882.0M(1038.0M)]
 [Times: user=0.00 sys=0.00, real=0.00 secs] 
2016-06-27T18:01:36.405+0300: 62.663: Total time for which application threads were stopped: 0.0084060 seconds, Stopping threads took: 0.0024115 seconds
2016-06-27T18:01:36.411+0300: 62.668: [GC concurrent-string-deduplication, 7832.2K->7525.9K(306.3K), avg 2.4%, 0.0054607 secs]
   [Last Exec: 0.0054607 secs, Idle: 0.4172495 secs, Blocked: 0/0.0000000 secs]
      [Inspected:             400]
         [Skipped:              3(  0.8%)]
         [Hashed:             397( 99.3%)]
         [Known:                0(  0.0%)]
         [New:                397( 99.3%)   7832.2K]
      [Deduplicated:           21(  5.3%)    306.3K(  3.9%)]
         [Young:                0(  0.0%)      0.0B(  0.0%)]
         [Old:                 21(100.0%)    306.3K(100.0%)]
   [Total Exec: 269/0.8505729 secs, Idle: 269/61.5655263 secs, Blocked: 5/0.0108620 secs]
      [Inspected:           67884]
         [Skipped:            548(  0.8%)]
         [Hashed:           66358( 97.8%)]
         [Known:             4348(  6.4%)]
         [New:              62988( 92.8%)   1161.0M]
      [Deduplicated:         3625(  5.8%)     27.8M(  2.4%)]
         [Young:                7(  0.2%)     45.1K(  0.2%)]
         [Old:               3618( 99.8%)     27.7M( 99.8%)]
   [Table]
      [Memory Usage: 1322.4K]
      [Size: 32768, Min: 1024, Max: 16777216]
      [Entries: 42986, Load: 131.2%, Cached: 2515, Added: 63652, Removed: 20666]
      [Resize Count: 5, Shrink Threshold: 21845(66.7%), Grow Threshold: 65536(200.0%)]
      [Rehash Count: 1, Rehash Threshold: 120, Hash Seed: 0xc4e8cebb]
      [Age Threshold: 3]
   [Queue]
      [Dropped: 0]
2016-06-27T18:01:36.777+0300: 63.035: [GC pause (G1 Evacuation Pause) (mixed)
Desired survivor size 3670016 bytes, new threshold 1 (max 15)
- age   1:    8037504 bytes,    8037504 total
, 0.0192688 secs]
   [Parallel Time: 17.4 ms, GC Workers: 4]
      [GC Worker Start (ms): Min: 63034.9, Avg: 63034.9, Max: 63034.9, Diff: 0.0]
      [Ext Root Scanning (ms): Min: 0.6, Avg: 0.6, Max: 0.6, Diff: 0.0, Sum: 2.4]
      [Update RS (ms): Min: 0.8, Avg: 0.9, Max: 0.9, Diff: 0.1, Sum: 3.5]
         [Processed Buffers: Min: 10, Avg: 11.0, Max: 13, Diff: 3, Sum: 44]
      [Scan RS (ms): Min: 2.4, Avg: 2.5, Max: 2.6, Diff: 0.1, Sum: 10.0]
      [Code Root Scanning (ms): Min: 0.0, Avg: 0.0, Max: 0.0, Diff: 0.0, Sum: 0.0]
      [Object Copy (ms): Min: 13.3, Avg: 13.3, Max: 13.3, Diff: 0.0, Sum: 53.3]
      [Termination (ms): Min: 0.0, Avg: 0.0, Max: 0.0, Diff: 0.0, Sum: 0.0]
         [Termination Attempts: Min: 1, Avg: 2.0, Max: 3, Diff: 2, Sum: 8]
      [GC Worker Other (ms): Min: 0.0, Avg: 0.0, Max: 0.0, Diff: 0.0, Sum: 0.1]
      [GC Worker Total (ms): Min: 17.3, Avg: 17.3, Max: 17.3, Diff: 0.0, Sum: 69.3]
      [GC Worker End (ms): Min: 63052.3, Avg: 63052.3, Max: 63052.3, Diff: 0.0]
   [Code Root Fixup: 0.0 ms]
   [Code Root Purge: 0.0 ms]
   [String Dedup Fixup: 0.6 ms, GC Workers: 4]
      [Queue Fixup (ms): Min: 0.0, Avg: 0.0, Max: 0.0, Diff: 0.0, Sum: 0.0]
      [Table Fixup (ms): Min: 0.6, Avg: 0.6, Max: 0.6, Diff: 0.0, Sum: 2.3]
   [Clear CT: 0.2 ms]
   [Other: 1.0 ms]
      [Choose CSet: 0.1 ms]
      [Ref Proc: 0.0 ms]
      [Ref Enq: 0.0 ms]
      [Redirty Cards: 0.0 ms]
      [Humongous Register: 0.0 ms]
      [Humongous Reclaim: 0.0 ms]
      [Free CSet: 0.5 ms]
   [Eden: 43.0M(43.0M)->0.0B(44.0M) Survivors: 8192.0K->7168.0K Heap: 925.0M(1038.0M)->854.5M(1038.0M)]
 [Times: user=0.06 sys=0.00, real=0.02 secs] 
2016-06-27T18:01:36.797+0300: 63.054: Total time for which application threads were stopped: 0.0222393 seconds, Stopping threads took: 0.0022238 seconds
2016-06-27T18:01:36.802+0300: 63.060: [GC concurrent-string-deduplication, 7848.2K->7485.8K(362.3K), avg 2.4%, 0.0054800 secs]
   [Last Exec: 0.0054800 secs, Idle: 0.3860132 secs, Blocked: 0/0.0000000 secs]
      [Inspected:             394]
         [Skipped:              0(  0.0%)]
         [Hashed:             394(100.0%)]
         [Known:                0(  0.0%)]
         [New:                394(100.0%)   7848.2K]
      [Deduplicated:           20(  5.1%)    362.3K(  4.6%)]
         [Young:                0(  0.0%)      0.0B(  0.0%)]
         [Old:                 20(100.0%)    362.3K(100.0%)]
   [Total Exec: 270/0.8560528 secs, Idle: 270/61.9515395 secs, Blocked: 5/0.0108620 secs]
      [Inspected:           68278]
         [Skipped:            548(  0.8%)]
         [Hashed:           66752( 97.8%)]
         [Known:             4348(  6.4%)]
         [New:              63382( 92.8%)   1168.7M]
      [Deduplicated:         3645(  5.8%)     28.1M(  2.4%)]
         [Young:                7(  0.2%)     45.1K(  0.2%)]
         [Old:               3638( 99.8%)     28.1M( 99.8%)]
   [Table]
      [Memory Usage: 1322.4K]
      [Size: 32768, Min: 1024, Max: 16777216]
      [Entries: 43360, Load: 132.3%, Cached: 2141, Added: 64026, Removed: 20666]
      [Resize Count: 5, Shrink Threshold: 21845(66.7%), Grow Threshold: 65536(200.0%)]
      [Rehash Count: 1, Rehash Threshold: 120, Hash Seed: 0xc4e8cebb]
      [Age Threshold: 3]
   [Queue]
      [Dropped: 0]
2016-06-27T18:01:37.112+0300: 63.369: [GC pause (G1 Evacuation Pause) (mixed)
Desired survivor size 3670016 bytes, new threshold 1 (max 15)
- age   1:    6839808 bytes,    6839808 total
, 0.0173444 secs]
   [Parallel Time: 15.8 ms, GC Workers: 4]
      [GC Worker Start (ms): Min: 63369.5, Avg: 63369.5, Max: 63369.5, Diff: 0.0]
      [Ext Root Scanning (ms): Min: 0.4, Avg: 0.5, Max: 0.6, Diff: 0.2, Sum: 2.0]
      [Update RS (ms): Min: 8.2, Avg: 8.4, Max: 8.7, Diff: 0.5, Sum: 33.4]
         [Processed Buffers: Min: 10, Avg: 14.8, Max: 18, Diff: 8, Sum: 59]
      [Scan RS (ms): Min: 1.3, Avg: 1.6, Max: 1.7, Diff: 0.5, Sum: 6.3]
      [Code Root Scanning (ms): Min: 0.0, Avg: 0.0, Max: 0.0, Diff: 0.0, Sum: 0.0]
      [Object Copy (ms): Min: 5.3, Avg: 5.3, Max: 5.4, Diff: 0.1, Sum: 21.3]
      [Termination (ms): Min: 0.0, Avg: 0.0, Max: 0.0, Diff: 0.0, Sum: 0.0]
         [Termination Attempts: Min: 1, Avg: 2.0, Max: 3, Diff: 2, Sum: 8]
      [GC Worker Other (ms): Min: 0.0, Avg: 0.0, Max: 0.0, Diff: 0.0, Sum: 0.1]
      [GC Worker Total (ms): Min: 15.8, Avg: 15.8, Max: 15.8, Diff: 0.0, Sum: 63.1]
      [GC Worker End (ms): Min: 63385.3, Avg: 63385.3, Max: 63385.3, Diff: 0.0]
   [Code Root Fixup: 0.0 ms]
   [Code Root Purge: 0.0 ms]
   [String Dedup Fixup: 0.7 ms, GC Workers: 4]
      [Queue Fixup (ms): Min: 0.0, Avg: 0.0, Max: 0.0, Diff: 0.0, Sum: 0.0]
      [Table Fixup (ms): Min: 0.3, Avg: 0.5, Max: 0.6, Diff: 0.3, Sum: 2.1]
   [Clear CT: 0.2 ms]
   [Other: 0.7 ms]
      [Choose CSet: 0.1 ms]
      [Ref Proc: 0.1 ms]
      [Ref Enq: 0.0 ms]
      [Redirty Cards: 0.0 ms]
      [Humongous Register: 0.0 ms]
      [Humongous Reclaim: 0.0 ms]
      [Free CSet: 0.2 ms]
   [Eden: 44.0M(44.0M)->0.0B(44.0M) Survivors: 7168.0K->7168.0K Heap: 898.5M(1038.0M)->854.0M(1038.0M)]
 [Times: user=0.08 sys=0.00, real=0.02 secs] 
2016-06-27T18:01:37.129+0300: 63.387: Total time for which application threads were stopped: 0.0248480 seconds, Stopping threads took: 0.0068476 seconds
2016-06-27T18:01:37.134+0300: 63.392: [GC concurrent-string-deduplication, 6569.2K->6465.0K(104.1K), avg 2.4%, 0.0045956 secs]
   [Last Exec: 0.0045956 secs, Idle: 0.3272039 secs, Blocked: 0/0.0000000 secs]
      [Inspected:             334]
         [Skipped:              2(  0.6%)]
         [Hashed:             332( 99.4%)]
         [Known:                0(  0.0%)]
         [New:                332( 99.4%)   6569.2K]
      [Deduplicated:            9(  2.7%)    104.1K(  1.6%)]
         [Young:                0(  0.0%)      0.0B(  0.0%)]
         [Old:                  9(100.0%)    104.1K(100.0%)]
   [Total Exec: 271/0.8606484 secs, Idle: 271/62.2787434 secs, Blocked: 5/0.0108620 secs]
      [Inspected:           68612]
         [Skipped:            550(  0.8%)]
         [Hashed:           67084( 97.8%)]
         [Known:             4348(  6.3%)]
         [New:              63714( 92.9%)   1175.1M]
      [Deduplicated:         3654(  5.7%)     28.2M(  2.4%)]
         [Young:                7(  0.2%)     45.1K(  0.2%)]
         [Old:               3647( 99.8%)     28.2M( 99.8%)]
   [Table]
      [Memory Usage: 1322.4K]
      [Size: 32768, Min: 1024, Max: 16777216]
      [Entries: 43701, Load: 133.4%, Cached: 1800, Added: 64367, Removed: 20666]
      [Resize Count: 5, Shrink Threshold: 21845(66.7%), Grow Threshold: 65536(200.0%)]
      [Rehash Count: 1, Rehash Threshold: 120, Hash Seed: 0xc4e8cebb]
      [Age Threshold: 3]
   [Queue]
      [Dropped: 0]
2016-06-27T18:01:37.521+0300: 63.779: [GC pause (G1 Evacuation Pause) (young)
Desired survivor size 3670016 bytes, new threshold 1 (max 15)
- age   1:    7213328 bytes,    7213328 total
, 0.0092168 secs]
   [Parallel Time: 8.0 ms, GC Workers: 4]
      [GC Worker Start (ms): Min: 63778.9, Avg: 63778.9, Max: 63778.9, Diff: 0.0]
      [Ext Root Scanning (ms): Min: 0.5, Avg: 0.6, Max: 0.7, Diff: 0.2, Sum: 2.2]
      [Update RS (ms): Min: 4.9, Avg: 5.2, Max: 5.4, Diff: 0.5, Sum: 20.8]
         [Processed Buffers: Min: 6, Avg: 11.3, Max: 17, Diff: 11, Sum: 45]
      [Scan RS (ms): Min: 0.0, Avg: 0.0, Max: 0.0, Diff: 0.0, Sum: 0.0]
      [Code Root Scanning (ms): Min: 0.0, Avg: 0.0, Max: 0.0, Diff: 0.0, Sum: 0.0]
      [Object Copy (ms): Min: 1.8, Avg: 2.1, Max: 2.4, Diff: 0.5, Sum: 8.4]
      [Termination (ms): Min: 0.0, Avg: 0.0, Max: 0.0, Diff: 0.0, Sum: 0.0]
         [Termination Attempts: Min: 1, Avg: 1.0, Max: 1, Diff: 0, Sum: 4]
      [GC Worker Other (ms): Min: 0.0, Avg: 0.0, Max: 0.0, Diff: 0.0, Sum: 0.1]
      [GC Worker Total (ms): Min: 7.9, Avg: 7.9, Max: 7.9, Diff: 0.0, Sum: 31.6]
      [GC Worker End (ms): Min: 63786.8, Avg: 63786.8, Max: 63786.8, Diff: 0.0]
   [Code Root Fixup: 0.0 ms]
   [Code Root Purge: 0.0 ms]
   [String Dedup Fixup: 0.6 ms, GC Workers: 4]
      [Queue Fixup (ms): Min: 0.0, Avg: 0.0, Max: 0.0, Diff: 0.0, Sum: 0.0]
      [Table Fixup (ms): Min: 0.2, Avg: 0.5, Max: 0.6, Diff: 0.3, Sum: 1.9]
   [Clear CT: 0.1 ms]
   [Other: 0.6 ms]
      [Choose CSet: 0.0 ms]
      [Ref Proc: 0.1 ms]
      [Ref Enq: 0.0 ms]
      [Redirty Cards: 0.0 ms]
      [Humongous Register: 0.0 ms]
      [Humongous Reclaim: 0.0 ms]
      [Free CSet: 0.1 ms]
   [Eden: 44.0M(44.0M)->0.0B(60.0M) Survivors: 7168.0K->7168.0K Heap: 898.0M(1038.0M)->862.5M(1038.0M)]
 [Times: user=0.00 sys=0.00, real=0.01 secs] 
2016-06-27T18:01:37.531+0300: 63.788: Total time for which application threads were stopped: 0.0198645 seconds, Stopping threads took: 0.0099934 seconds
2016-06-27T18:01:37.536+0300: 63.793: [GC concurrent-string-deduplication, 7228.7K->6905.4K(323.3K), avg 2.4%, 0.0050609 secs]
   [Last Exec: 0.0050609 secs, Idle: 0.3964732 secs, Blocked: 0/0.0000000 secs]
      [Inspected:             383]
         [Skipped:              1(  0.3%)]
         [Hashed:             382( 99.7%)]
         [Known:               18(  4.7%)]
         [New:                364( 95.0%)   7228.7K]
      [Deduplicated:           19(  5.2%)    323.3K(  4.5%)]
         [Young:                0(  0.0%)      0.0B(  0.0%)]
         [Old:                 19(100.0%)    323.3K(100.0%)]
   [Total Exec: 272/0.8657093 secs, Idle: 272/62.6752166 secs, Blocked: 5/0.0108620 secs]
      [Inspected:           68995]
         [Skipped:            551(  0.8%)]
         [Hashed:           67466( 97.8%)]
         [Known:             4366(  6.3%)]
         [New:              64078( 92.9%)   1182.2M]
      [Deduplicated:         3673(  5.7%)     28.6M(  2.4%)]
         [Young:                7(  0.2%)     45.1K(  0.2%)]
         [Old:               3666( 99.8%)     28.5M( 99.8%)]
   [Table]
      [Memory Usage: 1322.4K]
      [Size: 32768, Min: 1024, Max: 16777216]
      [Entries: 44046, Load: 134.4%, Cached: 1455, Added: 64712, Removed: 20666]
      [Resize Count: 5, Shrink Threshold: 21845(66.7%), Grow Threshold: 65536(200.0%)]
      [Rehash Count: 1, Rehash Threshold: 120, Hash Seed: 0xc4e8cebb]
      [Age Threshold: 3]
   [Queue]
      [Dropped: 0]
2016-06-27T18:01:38.038+0300: 64.295: [GC pause (G1 Evacuation Pause) (young) (initial-mark)
Desired survivor size 4718592 bytes, new threshold 1 (max 15)
- age   1:    7108048 bytes,    7108048 total
, 0.0056335 secs]
   [Parallel Time: 4.5 ms, GC Workers: 4]
      [GC Worker Start (ms): Min: 64295.2, Avg: 64295.2, Max: 64295.2, Diff: 0.0]
      [Ext Root Scanning (ms): Min: 0.5, Avg: 0.8, Max: 1.2, Diff: 0.7, Sum: 3.0]
      [Update RS (ms): Min: 0.4, Avg: 0.9, Max: 1.3, Diff: 0.9, Sum: 3.8]
         [Processed Buffers: Min: 3, Avg: 11.0, Max: 16, Diff: 13, Sum: 44]
      [Scan RS (ms): Min: 0.0, Avg: 0.0, Max: 0.0, Diff: 0.0, Sum: 0.0]
      [Code Root Scanning (ms): Min: 0.0, Avg: 0.0, Max: 0.0, Diff: 0.0, Sum: 0.0]
      [Object Copy (ms): Min: 2.6, Avg: 2.7, Max: 2.8, Diff: 0.2, Sum: 10.8]
      [Termination (ms): Min: 0.0, Avg: 0.0, Max: 0.0, Diff: 0.0, Sum: 0.0]
         [Termination Attempts: Min: 1, Avg: 1.0, Max: 1, Diff: 0, Sum: 4]
      [GC Worker Other (ms): Min: 0.0, Avg: 0.0, Max: 0.0, Diff: 0.0, Sum: 0.1]
      [GC Worker Total (ms): Min: 4.4, Avg: 4.4, Max: 4.4, Diff: 0.0, Sum: 17.7]
      [GC Worker End (ms): Min: 64299.6, Avg: 64299.6, Max: 64299.6, Diff: 0.0]
   [Code Root Fixup: 0.0 ms]
   [Code Root Purge: 0.0 ms]
   [String Dedup Fixup: 0.5 ms, GC Workers: 4]
      [Queue Fixup (ms): Min: 0.0, Avg: 0.0, Max: 0.0, Diff: 0.0, Sum: 0.0]
      [Table Fixup (ms): Min: 0.5, Avg: 0.5, Max: 0.5, Diff: 0.0, Sum: 2.1]
   [Clear CT: 0.0 ms]
   [Other: 0.6 ms]
      [Choose CSet: 0.0 ms]
      [Ref Proc: 0.1 ms]
      [Ref Enq: 0.0 ms]
      [Redirty Cards: 0.0 ms]
      [Humongous Register: 0.0 ms]
      [Humongous Reclaim: 0.0 ms]
      [Free CSet: 0.1 ms]
   [Eden: 60.0M(60.0M)->0.0B(50.0M) Survivors: 7168.0K->9216.0K Heap: 922.5M(1038.0M)->873.5M(1038.0M)]
 [Times: user=0.00 sys=0.00, real=0.01 secs] 
2016-06-27T18:01:38.044+0300: 64.301: 2016-06-27T18:01:38.044+0300: [GC concurrent-root-region-scan-start]
64.301: Total time for which application threads were stopped: 0.0147173 seconds, Stopping threads took: 0.0084590 seconds
2016-06-27T18:01:38.045+0300: 64.302: [GC concurrent-root-region-scan-end, 0.0008784 secs]
2016-06-27T18:01:38.045+0300: 64.302: [GC concurrent-mark-start]
2016-06-27T18:01:38.049+0300: 64.306: [GC concurrent-string-deduplication, 7749.1K->7365.8K(383.3K), avg 2.4%, 0.0054718 secs]
   [Last Exec: 0.0054718 secs, Idle: 0.5076612 secs, Blocked: 0/0.0000000 secs]
      [Inspected:             391]
         [Skipped:              1(  0.3%)]
         [Hashed:             390( 99.7%)]
         [Known:                0(  0.0%)]
         [New:                390( 99.7%)   7749.1K]
      [Deduplicated:           22(  5.6%)    383.3K(  4.9%)]
         [Young:                0(  0.0%)      0.0B(  0.0%)]
         [Old:                 22(100.0%)    383.3K(100.0%)]
   [Total Exec: 273/0.8711811 secs, Idle: 273/63.1828778 secs, Blocked: 5/0.0108620 secs]
      [Inspected:           69386]
         [Skipped:            552(  0.8%)]
         [Hashed:           67856( 97.8%)]
         [Known:             4366(  6.3%)]
         [New:              64468( 92.9%)   1189.7M]
      [Deduplicated:         3695(  5.7%)     28.9M(  2.4%)]
         [Young:                7(  0.2%)     45.1K(  0.2%)]
         [Old:               3688( 99.8%)     28.9M( 99.8%)]
   [Table]
      [Memory Usage: 1322.4K]
      [Size: 32768, Min: 1024, Max: 16777216]
      [Entries: 44414, Load: 135.5%, Cached: 1087, Added: 65080, Removed: 20666]
      [Resize Count: 5, Shrink Threshold: 21845(66.7%), Grow Threshold: 65536(200.0%)]
      [Rehash Count: 1, Rehash Threshold: 120, Hash Seed: 0xc4e8cebb]
      [Age Threshold: 3]
   [Queue]
      [Dropped: 0]
2016-06-27T18:01:38.102+0300: 64.359: [GC concurrent-mark-end, 0.0569503 secs]
2016-06-27T18:01:38.138+0300: 64.395: [GC remark 2016-06-27T18:01:38.138+0300: 64.395: [Finalize Marking, 0.0002472 secs] 2016-06-27T18:01:38.138+0300: 64.396: [GC ref-proc, 0.0001920 secs] 2016-06-27T18:01:38.139+0300: 64.396: [Unloading, 0.0030419 secs], 0.0070986 secs]
 [Times: user=0.06 sys=0.00, real=0.01 secs] 
2016-06-27T18:01:38.145+0300: 64.403: Total time for which application threads were stopped: 0.0152523 seconds, Stopping threads took: 0.0076751 seconds
2016-06-27T18:01:38.318+0300: 64.575: [GC cleanup 908M->908M(1038M), 0.0018445 secs]
 [Times: user=0.00 sys=0.00, real=0.00 secs] 
2016-06-27T18:01:38.320+0300: 64.577: Total time for which application threads were stopped: 0.0087233 seconds, Stopping threads took: 0.0063921 seconds
2016-06-27T18:01:38.432+0300: 64.690: [GC pause (G1 Evacuation Pause) (young)
Desired survivor size 4194304 bytes, new threshold 1 (max 15)
- age   1:    9185672 bytes,    9185672 total
, 0.0052264 secs]
   [Parallel Time: 4.1 ms, GC Workers: 4]
      [GC Worker Start (ms): Min: 64690.0, Avg: 64690.1, Max: 64690.1, Diff: 0.1]
      [Ext Root Scanning (ms): Min: 0.4, Avg: 0.6, Max: 0.7, Diff: 0.2, Sum: 2.3]
      [Update RS (ms): Min: 0.7, Avg: 0.7, Max: 0.8, Diff: 0.1, Sum: 2.9]
         [Processed Buffers: Min: 2, Avg: 10.3, Max: 21, Diff: 19, Sum: 41]
      [Scan RS (ms): Min: 0.0, Avg: 0.0, Max: 0.0, Diff: 0.0, Sum: 0.0]
      [Code Root Scanning (ms): Min: 0.0, Avg: 0.0, Max: 0.0, Diff: 0.0, Sum: 0.0]
      [Object Copy (ms): Min: 2.7, Avg: 2.7, Max: 2.8, Diff: 0.1, Sum: 10.9]
      [Termination (ms): Min: 0.0, Avg: 0.0, Max: 0.0, Diff: 0.0, Sum: 0.0]
         [Termination Attempts: Min: 1, Avg: 1.3, Max: 2, Diff: 1, Sum: 5]
      [GC Worker Other (ms): Min: 0.0, Avg: 0.0, Max: 0.0, Diff: 0.0, Sum: 0.1]
      [GC Worker Total (ms): Min: 4.0, Avg: 4.0, Max: 4.1, Diff: 0.1, Sum: 16.2]
      [GC Worker End (ms): Min: 64694.1, Avg: 64694.1, Max: 64694.1, Diff: 0.0]
   [Code Root Fixup: 0.0 ms]
   [Code Root Purge: 0.0 ms]
   [String Dedup Fixup: 0.5 ms, GC Workers: 4]
      [Queue Fixup (ms): Min: 0.0, Avg: 0.0, Max: 0.0, Diff: 0.0, Sum: 0.0]
      [Table Fixup (ms): Min: 0.5, Avg: 0.5, Max: 0.5, Diff: 0.0, Sum: 1.9]
   [Clear CT: 0.1 ms]
   [Other: 0.5 ms]
      [Choose CSet: 0.0 ms]
      [Ref Proc: 0.1 ms]
      [Ref Enq: 0.0 ms]
      [Redirty Cards: 0.0 ms]
      [Humongous Register: 0.0 ms]
      [Humongous Reclaim: 0.0 ms]
      [Free CSet: 0.1 ms]
   [Eden: 50.0M(50.0M)->0.0B(43.0M) Survivors: 9216.0K->8192.0K Heap: 923.5M(1038.0M)->883.5M(1038.0M)]
 [Times: user=0.00 sys=0.00, real=0.01 secs] 
2016-06-27T18:01:38.438+0300: 64.695: Total time for which application threads were stopped: 0.0093147 seconds, Stopping threads took: 0.0034388 seconds
2016-06-27T18:01:38.444+0300: 64.702: [GC concurrent-string-deduplication, 8877.1K->8626.7K(250.3K), avg 2.4%, 0.0062335 secs]
   [Last Exec: 0.0062335 secs, Idle: 0.3889367 secs, Blocked: 0/0.0000000 secs]
      [Inspected:             455]
         [Skipped:              2(  0.4%)]
         [Hashed:             453( 99.6%)]
         [Known:                0(  0.0%)]
         [New:                453( 99.6%)   8877.1K]
      [Deduplicated:           22(  4.9%)    250.3K(  2.8%)]
         [Young:                0(  0.0%)      0.0B(  0.0%)]
         [Old:                 22(100.0%)    250.3K(100.0%)]
   [Total Exec: 274/0.8774146 secs, Idle: 274/63.5718145 secs, Blocked: 5/0.0108620 secs]
      [Inspected:           69841]
         [Skipped:            554(  0.8%)]
         [Hashed:           68309( 97.8%)]
         [Known:             4366(  6.3%)]
         [New:              64921( 93.0%)   1198.4M]
      [Deduplicated:         3717(  5.7%)     29.2M(  2.4%)]
         [Young:                7(  0.2%)     45.1K(  0.2%)]
         [Old:               3710( 99.8%)     29.1M( 99.8%)]
   [Table]
      [Memory Usage: 1322.4K]
      [Size: 32768, Min: 1024, Max: 16777216]
      [Entries: 42405, Load: 129.4%, Cached: 3096, Added: 65512, Removed: 23107]
      [Resize Count: 5, Shrink Threshold: 21845(66.7%), Grow Threshold: 65536(200.0%)]
      [Rehash Count: 1, Rehash Threshold: 120, Hash Seed: 0xc4e8cebb]
      [Age Threshold: 3]
   [Queue]
      [Dropped: 0]
2016-06-27T18:01:38.751+0300: 65.008: Total time for which application threads were stopped: 0.0083786 seconds, Stopping threads took: 0.0079437 seconds
2016-06-27T18:01:38.761+0300: 65.018: [GC pause (G1 Evacuation Pause) (mixed)
Desired survivor size 3670016 bytes, new threshold 1 (max 15)
- age   1:    7844504 bytes,    7844504 total
, 0.0190533 secs]
   [Parallel Time: 17.0 ms, GC Workers: 4]
      [GC Worker Start (ms): Min: 65018.1, Avg: 65018.1, Max: 65018.1, Diff: 0.0]
      [Ext Root Scanning (ms): Min: 0.4, Avg: 0.5, Max: 0.7, Diff: 0.3, Sum: 2.1]
      [Update RS (ms): Min: 0.9, Avg: 1.0, Max: 1.1, Diff: 0.2, Sum: 3.9]
         [Processed Buffers: Min: 1, Avg: 8.0, Max: 17, Diff: 16, Sum: 32]
      [Scan RS (ms): Min: 2.7, Avg: 2.7, Max: 2.7, Diff: 0.1, Sum: 10.7]
      [Code Root Scanning (ms): Min: 0.0, Avg: 0.0, Max: 0.1, Diff: 0.1, Sum: 0.1]
      [Object Copy (ms): Min: 12.7, Avg: 12.8, Max: 12.8, Diff: 0.1, Sum: 51.1]
      [Termination (ms): Min: 0.0, Avg: 0.0, Max: 0.0, Diff: 0.0, Sum: 0.0]
         [Termination Attempts: Min: 1, Avg: 2.0, Max: 4, Diff: 3, Sum: 8]
      [GC Worker Other (ms): Min: 0.0, Avg: 0.0, Max: 0.0, Diff: 0.0, Sum: 0.1]
      [GC Worker Total (ms): Min: 17.0, Avg: 17.0, Max: 17.0, Diff: 0.0, Sum: 68.0]
      [GC Worker End (ms): Min: 65035.1, Avg: 65035.1, Max: 65035.1, Diff: 0.0]
   [Code Root Fixup: 0.0 ms]
   [Code Root Purge: 0.0 ms]
   [String Dedup Fixup: 0.8 ms, GC Workers: 4]
      [Queue Fixup (ms): Min: 0.0, Avg: 0.0, Max: 0.0, Diff: 0.0, Sum: 0.0]
      [Table Fixup (ms): Min: 0.1, Avg: 0.6, Max: 0.7, Diff: 0.6, Sum: 2.3]
   [Clear CT: 0.2 ms]
   [Other: 1.0 ms]
      [Choose CSet: 0.1 ms]
      [Ref Proc: 0.1 ms]
      [Ref Enq: 0.0 ms]
      [Redirty Cards: 0.0 ms]
      [Humongous Register: 0.0 ms]
      [Humongous Reclaim: 0.0 ms]
      [Free CSet: 0.4 ms]
   [Eden: 43.0M(43.0M)->0.0B(44.0M) Survivors: 8192.0K->7168.0K Heap: 926.5M(1038.0M)->850.5M(1038.0M)]
 [Times: user=0.06 sys=0.00, real=0.02 secs] 
2016-06-27T18:01:38.780+0300: 65.037: Total time for which application threads were stopped: 0.0197286 seconds, Stopping threads took: 0.0000693 seconds
2016-06-27T18:01:38.785+0300: 65.043: [GC concurrent-string-deduplication, 7731.1K->7425.8K(305.3K), avg 2.4%, 0.0055467 secs]
   [Last Exec: 0.0055467 secs, Idle: 0.3354504 secs, Blocked: 0/0.0000000 secs]
      [Inspected:             394]
         [Skipped:              2(  0.5%)]
         [Hashed:             392( 99.5%)]
         [Known:                1(  0.3%)]
         [New:                391( 99.2%)   7731.1K]
      [Deduplicated:           20(  5.1%)    305.3K(  3.9%)]
         [Young:                0(  0.0%)      0.0B(  0.0%)]
         [Old:                 20(100.0%)    305.3K(100.0%)]
   [Total Exec: 275/0.8829613 secs, Idle: 275/63.9072649 secs, Blocked: 5/0.0108620 secs]
      [Inspected:           70235]
         [Skipped:            556(  0.8%)]
         [Hashed:           68701( 97.8%)]
         [Known:             4367(  6.2%)]
         [New:              65312( 93.0%)   1205.9M]
      [Deduplicated:         3737(  5.7%)     29.5M(  2.4%)]
         [Young:                7(  0.2%)     45.1K(  0.1%)]
         [Old:               3730( 99.8%)     29.4M( 99.9%)]
   [Table]
      [Memory Usage: 1322.4K]
      [Size: 32768, Min: 1024, Max: 16777216]
      [Entries: 42776, Load: 130.5%, Cached: 2725, Added: 65883, Removed: 23107]
      [Resize Count: 5, Shrink Threshold: 21845(66.7%), Grow Threshold: 65536(200.0%)]
      [Rehash Count: 1, Rehash Threshold: 120, Hash Seed: 0xc4e8cebb]
      [Age Threshold: 3]
   [Queue]
      [Dropped: 0]
2016-06-27T18:01:39.139+0300: 65.396: [GC pause (G1 Evacuation Pause) (mixed)
Desired survivor size 3670016 bytes, new threshold 1 (max 15)
- age   1:    7093896 bytes,    7093896 total
, 0.0216628 secs]
   [Parallel Time: 19.5 ms, GC Workers: 4]
      [GC Worker Start (ms): Min: 65396.6, Avg: 65396.6, Max: 65396.6, Diff: 0.0]
      [Ext Root Scanning (ms): Min: 0.4, Avg: 0.5, Max: 0.6, Diff: 0.2, Sum: 1.9]
      [Update RS (ms): Min: 7.6, Avg: 7.7, Max: 7.9, Diff: 0.3, Sum: 31.0]
         [Processed Buffers: Min: 10, Avg: 16.3, Max: 27, Diff: 17, Sum: 65]
      [Scan RS (ms): Min: 2.5, Avg: 2.6, Max: 2.6, Diff: 0.2, Sum: 10.2]
      [Code Root Scanning (ms): Min: 0.0, Avg: 0.0, Max: 0.0, Diff: 0.0, Sum: 0.1]
      [Object Copy (ms): Min: 8.6, Avg: 8.7, Max: 8.7, Diff: 0.1, Sum: 34.7]
      [Termination (ms): Min: 0.0, Avg: 0.0, Max: 0.0, Diff: 0.0, Sum: 0.0]
         [Termination Attempts: Min: 1, Avg: 2.0, Max: 4, Diff: 3, Sum: 8]
      [GC Worker Other (ms): Min: 0.0, Avg: 0.0, Max: 0.0, Diff: 0.0, Sum: 0.0]
      [GC Worker Total (ms): Min: 19.5, Avg: 19.5, Max: 19.5, Diff: 0.0, Sum: 78.0]
      [GC Worker End (ms): Min: 65416.1, Avg: 65416.1, Max: 65416.1, Diff: 0.0]
   [Code Root Fixup: 0.0 ms]
   [Code Root Purge: 0.0 ms]
   [String Dedup Fixup: 0.9 ms, GC Workers: 4]
      [Queue Fixup (ms): Min: 0.0, Avg: 0.0, Max: 0.0, Diff: 0.0, Sum: 0.0]
      [Table Fixup (ms): Min: 0.2, Avg: 0.6, Max: 0.8, Diff: 0.6, Sum: 2.5]
   [Clear CT: 0.2 ms]
   [Other: 1.1 ms]
      [Choose CSet: 0.1 ms]
      [Ref Proc: 0.1 ms]
      [Ref Enq: 0.0 ms]
      [Redirty Cards: 0.0 ms]
      [Humongous Register: 0.1 ms]
      [Humongous Reclaim: 0.0 ms]
      [Free CSet: 0.3 ms]
   [Eden: 44.0M(44.0M)->0.0B(44.0M) Survivors: 7168.0K->7168.0K Heap: 894.5M(1038.0M)->842.5M(1038.0M)]
 [Times: user=0.08 sys=0.00, real=0.02 secs] 
2016-06-27T18:01:39.161+0300: 65.418: Total time for which application threads were stopped: 0.0318354 seconds, Stopping threads took: 0.0095239 seconds
2016-06-27T18:01:39.166+0300: 65.423: [GC concurrent-string-deduplication, 7158.9K->6865.4K(293.5K), avg 2.5%, 0.0050335 secs]
   [Last Exec: 0.0050335 secs, Idle: 0.3753950 secs, Blocked: 0/0.0000000 secs]
      [Inspected:             399]
         [Skipped:             28(  7.0%)]
         [Hashed:             371( 93.0%)]
         [Known:                0(  0.0%)]
         [New:                371( 93.0%)   7158.9K]
      [Deduplicated:           28(  7.5%)    293.5K(  4.1%)]
         [Young:                0(  0.0%)      0.0B(  0.0%)]
         [Old:                 28(100.0%)    293.5K(100.0%)]
   [Total Exec: 276/0.8879948 secs, Idle: 276/64.2826599 secs, Blocked: 5/0.0108620 secs]
      [Inspected:           70634]
         [Skipped:            584(  0.8%)]
         [Hashed:           69072( 97.8%)]
         [Known:             4367(  6.2%)]
         [New:              65683( 93.0%)   1212.9M]
      [Deduplicated:         3765(  5.7%)     29.8M(  2.5%)]
         [Young:                7(  0.2%)     45.1K(  0.1%)]
         [Old:               3758( 99.8%)     29.7M( 99.9%)]
   [Table]
      [Memory Usage: 1322.4K]
      [Size: 32768, Min: 1024, Max: 16777216]
      [Entries: 43119, Load: 131.6%, Cached: 2382, Added: 66226, Removed: 23107]
      [Resize Count: 5, Shrink Threshold: 21845(66.7%), Grow Threshold: 65536(200.0%)]
      [Rehash Count: 1, Rehash Threshold: 120, Hash Seed: 0xc4e8cebb]
      [Age Threshold: 3]
   [Queue]
      [Dropped: 0]
2016-06-27T18:01:39.524+0300: 65.781: [GC pause (G1 Evacuation Pause) (young)
Desired survivor size 3670016 bytes, new threshold 1 (max 15)
- age   1:    6875400 bytes,    6875400 total
, 0.0117750 secs]
   [Parallel Time: 10.5 ms, GC Workers: 4]
      [GC Worker Start (ms): Min: 65781.7, Avg: 65781.7, Max: 65781.7, Diff: 0.0]
      [Ext Root Scanning (ms): Min: 0.4, Avg: 0.5, Max: 0.6, Diff: 0.1, Sum: 2.0]
      [Update RS (ms): Min: 7.6, Avg: 7.7, Max: 7.8, Diff: 0.2, Sum: 30.8]
         [Processed Buffers: Min: 9, Avg: 17.8, Max: 27, Diff: 18, Sum: 71]
      [Scan RS (ms): Min: 0.0, Avg: 0.0, Max: 0.0, Diff: 0.0, Sum: 0.0]
      [Code Root Scanning (ms): Min: 0.0, Avg: 0.0, Max: 0.0, Diff: 0.0, Sum: 0.0]
      [Object Copy (ms): Min: 2.2, Avg: 2.3, Max: 2.3, Diff: 0.0, Sum: 9.0]
      [Termination (ms): Min: 0.0, Avg: 0.0, Max: 0.0, Diff: 0.0, Sum: 0.0]
         [Termination Attempts: Min: 1, Avg: 1.0, Max: 1, Diff: 0, Sum: 4]
      [GC Worker Other (ms): Min: 0.0, Avg: 0.0, Max: 0.0, Diff: 0.0, Sum: 0.1]
      [GC Worker Total (ms): Min: 10.5, Avg: 10.5, Max: 10.5, Diff: 0.0, Sum: 41.9]
      [GC Worker End (ms): Min: 65792.2, Avg: 65792.2, Max: 65792.2, Diff: 0.0]
   [Code Root Fixup: 0.0 ms]
   [Code Root Purge: 0.0 ms]
   [String Dedup Fixup: 0.6 ms, GC Workers: 4]
      [Queue Fixup (ms): Min: 0.0, Avg: 0.0, Max: 0.0, Diff: 0.0, Sum: 0.0]
      [Table Fixup (ms): Min: 0.5, Avg: 0.5, Max: 0.5, Diff: 0.0, Sum: 2.1]
   [Clear CT: 0.0 ms]
   [Other: 0.6 ms]
      [Choose CSet: 0.0 ms]
      [Ref Proc: 0.0 ms]
      [Ref Enq: 0.0 ms]
      [Redirty Cards: 0.0 ms]
      [Humongous Register: 0.0 ms]
      [Humongous Reclaim: 0.0 ms]
      [Free CSet: 0.1 ms]
   [Eden: 44.0M(44.0M)->0.0B(44.0M) Survivors: 7168.0K->7168.0K Heap: 886.5M(1038.0M)->851.0M(1038.0M)]
 [Times: user=0.06 sys=0.00, real=0.01 secs] 
2016-06-27T18:01:39.536+0300: 65.793: Total time for which application threads were stopped: 0.0183601 seconds, Stopping threads took: 0.0059016 seconds
2016-06-27T18:01:39.541+0300: 65.798: [GC concurrent-string-deduplication, 6770.4K->6645.2K(125.2K), avg 2.4%, 0.0049813 secs]
   [Last Exec: 0.0049813 secs, Idle: 0.3701579 secs, Blocked: 0/0.0000000 secs]
      [Inspected:             345]
         [Skipped:              2(  0.6%)]
         [Hashed:             343( 99.4%)]
         [Known:                0(  0.0%)]
         [New:                343( 99.4%)   6770.4K]
      [Deduplicated:           11(  3.2%)    125.2K(  1.8%)]
         [Young:                1(  9.1%)   1040.0B(  0.8%)]
         [Old:                 10( 90.9%)    124.2K( 99.2%)]
   [Total Exec: 277/0.8929761 secs, Idle: 277/64.6528178 secs, Blocked: 5/0.0108620 secs]
      [Inspected:           70979]
         [Skipped:            586(  0.8%)]
         [Hashed:           69415( 97.8%)]
         [Known:             4367(  6.2%)]
         [New:              66026( 93.0%)   1219.5M]
      [Deduplicated:         3776(  5.7%)     29.9M(  2.4%)]
         [Young:                8(  0.2%)     46.1K(  0.2%)]
         [Old:               3768( 99.8%)     29.8M( 99.8%)]
   [Table]
      [Memory Usage: 1322.4K]
      [Size: 32768, Min: 1024, Max: 16777216]
      [Entries: 43451, Load: 132.6%, Cached: 2050, Added: 66558, Removed: 23107]
      [Resize Count: 5, Shrink Threshold: 21845(66.7%), Grow Threshold: 65536(200.0%)]
      [Rehash Count: 1, Rehash Threshold: 120, Hash Seed: 0xc4e8cebb]
      [Age Threshold: 3]
   [Queue]
      [Dropped: 0]
2016-06-27T18:01:39.889+0300: 66.146: [GC pause (G1 Evacuation Pause) (young) (initial-mark)
Desired survivor size 3670016 bytes, new threshold 1 (max 15)
- age   1:    7227728 bytes,    7227728 total
, 0.0056455 secs]
   [Parallel Time: 4.4 ms, GC Workers: 4]
      [GC Worker Start (ms): Min: 66146.3, Avg: 66146.3, Max: 66146.4, Diff: 0.1]
      [Ext Root Scanning (ms): Min: 0.7, Avg: 0.9, Max: 1.2, Diff: 0.5, Sum: 3.6]
      [Update RS (ms): Min: 0.8, Avg: 0.9, Max: 0.9, Diff: 0.1, Sum: 3.4]
         [Processed Buffers: Min: 3, Avg: 8.8, Max: 16, Diff: 13, Sum: 35]
      [Scan RS (ms): Min: 0.0, Avg: 0.0, Max: 0.0, Diff: 0.0, Sum: 0.0]
      [Code Root Scanning (ms): Min: 0.0, Avg: 0.0, Max: 0.0, Diff: 0.0, Sum: 0.0]
      [Object Copy (ms): Min: 2.4, Avg: 2.6, Max: 2.8, Diff: 0.4, Sum: 10.4]
      [Termination (ms): Min: 0.0, Avg: 0.0, Max: 0.0, Diff: 0.0, Sum: 0.0]
         [Termination Attempts: Min: 1, Avg: 1.3, Max: 2, Diff: 1, Sum: 5]
      [GC Worker Other (ms): Min: 0.0, Avg: 0.0, Max: 0.0, Diff: 0.0, Sum: 0.1]
      [GC Worker Total (ms): Min: 4.3, Avg: 4.4, Max: 4.4, Diff: 0.1, Sum: 17.5]
      [GC Worker End (ms): Min: 66150.7, Avg: 66150.7, Max: 66150.7, Diff: 0.0]
   [Code Root Fixup: 0.0 ms]
   [Code Root Purge: 0.0 ms]
   [String Dedup Fixup: 0.5 ms, GC Workers: 4]
      [Queue Fixup (ms): Min: 0.0, Avg: 0.0, Max: 0.0, Diff: 0.0, Sum: 0.0]
      [Table Fixup (ms): Min: 0.5, Avg: 0.5, Max: 0.5, Diff: 0.0, Sum: 2.1]
   [Clear CT: 0.0 ms]
   [Other: 0.6 ms]
      [Choose CSet: 0.0 ms]
      [Ref Proc: 0.0 ms]
      [Ref Enq: 0.0 ms]
      [Redirty Cards: 0.0 ms]
      [Humongous Register: 0.0 ms]
      [Humongous Reclaim: 0.0 ms]
      [Free CSet: 0.1 ms]
   [Eden: 44.0M(44.0M)->0.0B(63.0M) Survivors: 7168.0K->7168.0K Heap: 895.0M(1038.0M)->859.5M(1038.0M)]
 [Times: user=0.00 sys=0.00, real=0.01 secs] 
2016-06-27T18:01:39.894+0300: 66.152: [GC concurrent-root-region-scan-start]
2016-06-27T18:01:39.894+0300: 66.152: Total time for which application threads were stopped: 0.0122912 seconds, Stopping threads took: 0.0059021 seconds
2016-06-27T18:01:39.895+0300: 66.153: [GC concurrent-root-region-scan-end, 0.0006470 secs]
2016-06-27T18:01:39.895+0300: 66.153: [GC concurrent-mark-start]
2016-06-27T18:01:39.900+0300: 66.157: [GC concurrent-string-deduplication, 7230.7K->6945.4K(285.3K), avg 2.5%, 0.0051917 secs]
   [Last Exec: 0.0051917 secs, Idle: 0.3534409 secs, Blocked: 0/0.0000000 secs]
      [Inspected:             367]
         [Skipped:              1(  0.3%)]
         [Hashed:             366( 99.7%)]
         [Known:                0(  0.0%)]
         [New:                366( 99.7%)   7230.7K]
      [Deduplicated:           19(  5.2%)    285.3K(  3.9%)]
         [Young:                0(  0.0%)      0.0B(  0.0%)]
         [Old:                 19(100.0%)    285.3K(100.0%)]
   [Total Exec: 278/0.8981678 secs, Idle: 278/65.0062587 secs, Blocked: 5/0.0108620 secs]
      [Inspected:           71346]
         [Skipped:            587(  0.8%)]
         [Hashed:           69781( 97.8%)]
         [Known:             4367(  6.1%)]
         [New:              66392( 93.1%)   1226.6M]
      [Deduplicated:         3795(  5.7%)     30.2M(  2.5%)]
         [Young:                8(  0.2%)     46.1K(  0.1%)]
         [Old:               3787( 99.8%)     30.1M( 99.9%)]
   [Table]
      [Memory Usage: 1322.4K]
      [Size: 32768, Min: 1024, Max: 16777216]
      [Entries: 43798, Load: 133.7%, Cached: 1703, Added: 66905, Removed: 23107]
      [Resize Count: 5, Shrink Threshold: 21845(66.7%), Grow Threshold: 65536(200.0%)]
      [Rehash Count: 1, Rehash Threshold: 120, Hash Seed: 0xc4e8cebb]
      [Age Threshold: 3]
   [Queue]
      [Dropped: 0]
2016-06-27T18:01:39.951+0300: 66.208: [GC concurrent-mark-end, 0.0548326 secs]
2016-06-27T18:01:39.978+0300: 66.235: [GC remark 2016-06-27T18:01:39.978+0300: 66.235: [Finalize Marking, 0.0001702 secs] 2016-06-27T18:01:39.978+0300: 66.235: [GC ref-proc, 0.0000860 secs] 2016-06-27T18:01:39.978+0300: 66.236: [Unloading, 0.0025770 secs], 0.0063969 secs]
 [Times: user=0.00 sys=0.00, real=0.01 secs] 
2016-06-27T18:01:39.984+0300: 66.242: Total time for which application threads were stopped: 0.0096504 seconds, Stopping threads took: 0.0027537 seconds
2016-06-27T18:01:40.096+0300: 66.353: [GC cleanup 887M->887M(1038M), 0.0029337 secs]
 [Times: user=0.06 sys=0.00, real=0.00 secs] 
2016-06-27T18:01:40.099+0300: 66.356: Total time for which application threads were stopped: 0.0116938 seconds, Stopping threads took: 0.0082336 seconds
2016-06-27T18:01:40.383+0300: 66.640: [GC pause (G1 Evacuation Pause) (young)
Desired survivor size 4718592 bytes, new threshold 1 (max 15)
- age   1:    6926784 bytes,    6926784 total
, 0.0055822 secs]
   [Parallel Time: 4.5 ms, GC Workers: 4]
      [GC Worker Start (ms): Min: 66640.5, Avg: 66640.5, Max: 66640.5, Diff: 0.0]
      [Ext Root Scanning (ms): Min: 0.6, Avg: 0.6, Max: 0.7, Diff: 0.1, Sum: 2.4]
      [Update RS (ms): Min: 1.1, Avg: 1.1, Max: 1.3, Diff: 0.2, Sum: 4.5]
         [Processed Buffers: Min: 10, Avg: 13.3, Max: 16, Diff: 6, Sum: 53]
      [Scan RS (ms): Min: 0.0, Avg: 0.0, Max: 0.0, Diff: 0.0, Sum: 0.0]
      [Code Root Scanning (ms): Min: 0.0, Avg: 0.0, Max: 0.0, Diff: 0.0, Sum: 0.0]
      [Object Copy (ms): Min: 2.6, Avg: 2.7, Max: 2.8, Diff: 0.2, Sum: 10.8]
      [Termination (ms): Min: 0.0, Avg: 0.0, Max: 0.0, Diff: 0.0, Sum: 0.0]
         [Termination Attempts: Min: 1, Avg: 1.0, Max: 1, Diff: 0, Sum: 4]
      [GC Worker Other (ms): Min: 0.0, Avg: 0.0, Max: 0.0, Diff: 0.0, Sum: 0.1]
      [GC Worker Total (ms): Min: 4.5, Avg: 4.5, Max: 4.5, Diff: 0.0, Sum: 17.9]
      [GC Worker End (ms): Min: 66644.9, Avg: 66644.9, Max: 66644.9, Diff: 0.0]
   [Code Root Fixup: 0.0 ms]
   [Code Root Purge: 0.0 ms]
   [String Dedup Fixup: 0.5 ms, GC Workers: 4]
      [Queue Fixup (ms): Min: 0.0, Avg: 0.0, Max: 0.0, Diff: 0.0, Sum: 0.0]
      [Table Fixup (ms): Min: 0.4, Avg: 0.5, Max: 0.5, Diff: 0.0, Sum: 1.8]
   [Clear CT: 0.0 ms]
   [Other: 0.5 ms]
      [Choose CSet: 0.0 ms]
      [Ref Proc: 0.0 ms]
      [Ref Enq: 0.0 ms]
      [Redirty Cards: 0.0 ms]
      [Humongous Register: 0.0 ms]
      [Humongous Reclaim: 0.0 ms]
      [Free CSet: 0.1 ms]
   [Eden: 63.0M(63.0M)->0.0B(42.0M) Survivors: 7168.0K->9216.0K Heap: 922.5M(1038.0M)->871.0M(1038.0M)]
 [Times: user=0.00 sys=0.00, real=0.01 secs] 
2016-06-27T18:01:40.389+0300: 66.646: Total time for which application threads were stopped: 0.0144427 seconds, Stopping threads took: 0.0081673 seconds
2016-06-27T18:01:40.394+0300: 66.652: [GC concurrent-string-deduplication, 7809.1K->7646.0K(163.2K), avg 2.5%, 0.0053825 secs]
   [Last Exec: 0.0053825 secs, Idle: 0.4888902 secs, Blocked: 0/0.0000000 secs]
      [Inspected:             396]
         [Skipped:              3(  0.8%)]
         [Hashed:             393( 99.2%)]
         [Known:                0(  0.0%)]
         [New:                393( 99.2%)   7809.1K]
      [Deduplicated:           11(  2.8%)    163.2K(  2.1%)]
         [Young:                0(  0.0%)      0.0B(  0.0%)]
         [Old:                 11(100.0%)    163.2K(100.0%)]
   [Total Exec: 279/0.9035503 secs, Idle: 279/65.4951489 secs, Blocked: 5/0.0108620 secs]
      [Inspected:           71742]
         [Skipped:            590(  0.8%)]
         [Hashed:           70174( 97.8%)]
         [Known:             4367(  6.1%)]
         [New:              66785( 93.1%)   1234.2M]
      [Deduplicated:         3806(  5.7%)     30.3M(  2.5%)]
         [Young:                8(  0.2%)     46.1K(  0.1%)]
         [Old:               3798( 99.8%)     30.3M( 99.9%)]
   [Table]
      [Memory Usage: 1321.0K]
      [Size: 32768, Min: 1024, Max: 16777216]
      [Entries: 42162, Load: 128.7%, Cached: 3276, Added: 67287, Removed: 25125]
      [Resize Count: 5, Shrink Threshold: 21845(66.7%), Grow Threshold: 65536(200.0%)]
      [Rehash Count: 1, Rehash Threshold: 120, Hash Seed: 0xc4e8cebb]
      [Age Threshold: 3]
   [Queue]
      [Dropped: 0]
2016-06-27T18:01:40.726+0300: 66.983: [GC pause (G1 Evacuation Pause) (mixed)
Desired survivor size 3670016 bytes, new threshold 1 (max 15)
- age   1:    9231016 bytes,    9231016 total
, 0.0205047 secs]
   [Parallel Time: 18.3 ms, GC Workers: 4]
      [GC Worker Start (ms): Min: 66983.3, Avg: 66983.3, Max: 66983.3, Diff: 0.0]
      [Ext Root Scanning (ms): Min: 0.5, Avg: 0.6, Max: 0.8, Diff: 0.3, Sum: 2.4]
      [Update RS (ms): Min: 0.8, Avg: 1.0, Max: 1.1, Diff: 0.2, Sum: 3.8]
         [Processed Buffers: Min: 4, Avg: 9.5, Max: 17, Diff: 13, Sum: 38]
      [Scan RS (ms): Min: 2.8, Avg: 2.8, Max: 2.9, Diff: 0.2, Sum: 11.3]
      [Code Root Scanning (ms): Min: 0.0, Avg: 0.0, Max: 0.1, Diff: 0.1, Sum: 0.1]
      [Object Copy (ms): Min: 13.7, Avg: 13.8, Max: 13.8, Diff: 0.1, Sum: 55.1]
      [Termination (ms): Min: 0.0, Avg: 0.0, Max: 0.0, Diff: 0.0, Sum: 0.0]
         [Termination Attempts: Min: 1, Avg: 3.5, Max: 5, Diff: 4, Sum: 14]
      [GC Worker Other (ms): Min: 0.0, Avg: 0.0, Max: 0.0, Diff: 0.0, Sum: 0.1]
      [GC Worker Total (ms): Min: 18.2, Avg: 18.2, Max: 18.2, Diff: 0.0, Sum: 72.9]
      [GC Worker End (ms): Min: 67001.5, Avg: 67001.5, Max: 67001.5, Diff: 0.0]
   [Code Root Fixup: 0.0 ms]
   [Code Root Purge: 0.0 ms]
   [String Dedup Fixup: 0.9 ms, GC Workers: 4]
      [Queue Fixup (ms): Min: 0.0, Avg: 0.0, Max: 0.0, Diff: 0.0, Sum: 0.0]
      [Table Fixup (ms): Min: 0.2, Avg: 0.7, Max: 0.8, Diff: 0.6, Sum: 2.7]
   [Clear CT: 0.2 ms]
   [Other: 1.2 ms]
      [Choose CSet: 0.2 ms]
      [Ref Proc: 0.1 ms]
      [Ref Enq: 0.0 ms]
      [Redirty Cards: 0.1 ms]
      [Humongous Register: 0.0 ms]
      [Humongous Reclaim: 0.0 ms]
      [Free CSet: 0.5 ms]
   [Eden: 42.0M(42.0M)->0.0B(44.0M) Survivors: 9216.0K->7168.0K Heap: 913.0M(1038.0M)->839.0M(1038.0M)]
 [Times: user=0.05 sys=0.00, real=0.02 secs] 
2016-06-27T18:01:40.747+0300: 67.004: Total time for which application threads were stopped: 0.0294735 seconds, Stopping threads took: 0.0082550 seconds
2016-06-27T18:01:40.753+0300: 67.010: [GC concurrent-string-deduplication, 8693.9K->8486.6K(207.3K), avg 2.5%, 0.0060611 secs]
   [Last Exec: 0.0060611 secs, Idle: 0.3521443 secs, Blocked: 0/0.0000000 secs]
      [Inspected:             441]
         [Skipped:              0(  0.0%)]
         [Hashed:             441(100.0%)]
         [Known:                0(  0.0%)]
         [New:                441(100.0%)   8693.9K]
      [Deduplicated:           17(  3.9%)    207.3K(  2.4%)]
         [Young:                0(  0.0%)      0.0B(  0.0%)]
         [Old:                 17(100.0%)    207.3K(100.0%)]
   [Total Exec: 280/0.9096114 secs, Idle: 280/65.8472932 secs, Blocked: 5/0.0108620 secs]
      [Inspected:           72183]
         [Skipped:            590(  0.8%)]
         [Hashed:           70615( 97.8%)]
         [Known:             4367(  6.0%)]
         [New:              67226( 93.1%)   1242.7M]
      [Deduplicated:         3823(  5.7%)     30.5M(  2.5%)]
         [Young:                8(  0.2%)     46.1K(  0.1%)]
         [Old:               3815( 99.8%)     30.5M( 99.9%)]
   [Table]
      [Memory Usage: 1321.0K]
      [Size: 32768, Min: 1024, Max: 16777216]
      [Entries: 42586, Load: 130.0%, Cached: 2852, Added: 67711, Removed: 25125]
      [Resize Count: 5, Shrink Threshold: 21845(66.7%), Grow Threshold: 65536(200.0%)]
      [Rehash Count: 1, Rehash Threshold: 120, Hash Seed: 0xc4e8cebb]
      [Age Threshold: 3]
   [Queue]
      [Dropped: 0]
2016-06-27T18:01:40.847+0300: 67.104: Total time for which application threads were stopped: 0.0078847 seconds, Stopping threads took: 0.0074095 seconds
2016-06-27T18:01:41.099+0300: 67.356: [GC pause (G1 Evacuation Pause) (mixed)
Desired survivor size 3670016 bytes, new threshold 1 (max 15)
- age   1:    6807664 bytes,    6807664 total
, 0.0194318 secs]
   [Parallel Time: 18.0 ms, GC Workers: 4]
      [GC Worker Start (ms): Min: 67356.4, Avg: 67356.7, Max: 67357.1, Diff: 0.7]
      [Ext Root Scanning (ms): Min: 0.5, Avg: 1.2, Max: 2.5, Diff: 2.0, Sum: 4.9]
      [Update RS (ms): Min: 7.8, Avg: 9.5, Max: 10.2, Diff: 2.4, Sum: 38.0]
         [Processed Buffers: Min: 12, Avg: 17.8, Max: 35, Diff: 23, Sum: 71]
      [Scan RS (ms): Min: 1.3, Avg: 1.4, Max: 1.6, Diff: 0.3, Sum: 5.8]
      [Code Root Scanning (ms): Min: 0.0, Avg: 0.0, Max: 0.0, Diff: 0.0, Sum: 0.1]
      [Object Copy (ms): Min: 5.3, Avg: 5.4, Max: 5.5, Diff: 0.1, Sum: 21.5]
      [Termination (ms): Min: 0.0, Avg: 0.0, Max: 0.0, Diff: 0.0, Sum: 0.0]
         [Termination Attempts: Min: 1, Avg: 1.3, Max: 2, Diff: 1, Sum: 5]
      [GC Worker Other (ms): Min: 0.0, Avg: 0.0, Max: 0.0, Diff: 0.0, Sum: 0.1]
      [GC Worker Total (ms): Min: 17.2, Avg: 17.6, Max: 17.9, Diff: 0.7, Sum: 70.3]
      [GC Worker End (ms): Min: 67374.3, Avg: 67374.3, Max: 67374.3, Diff: 0.0]
   [Code Root Fixup: 0.0 ms]
   [Code Root Purge: 0.0 ms]
   [String Dedup Fixup: 0.6 ms, GC Workers: 4]
      [Queue Fixup (ms): Min: 0.0, Avg: 0.0, Max: 0.0, Diff: 0.0, Sum: 0.0]
      [Table Fixup (ms): Min: 0.5, Avg: 0.5, Max: 0.5, Diff: 0.0, Sum: 2.2]
   [Clear CT: 0.2 ms]
   [Other: 0.7 ms]
      [Choose CSet: 0.1 ms]
      [Ref Proc: 0.1 ms]
      [Ref Enq: 0.0 ms]
      [Redirty Cards: 0.0 ms]
      [Humongous Register: 0.0 ms]
      [Humongous Reclaim: 0.0 ms]
      [Free CSet: 0.2 ms]
   [Eden: 44.0M(44.0M)->0.0B(44.0M) Survivors: 7168.0K->7168.0K Heap: 883.0M(1038.0M)->839.0M(1038.0M)]
 [Times: user=0.05 sys=0.00, real=0.02 secs] 
2016-06-27T18:01:41.118+0300: 67.376: Total time for which application threads were stopped: 0.0279977 seconds, Stopping threads took: 0.0078706 seconds
2016-06-27T18:01:41.124+0300: 67.381: [GC concurrent-string-deduplication, 6887.4K->6725.3K(162.2K), avg 2.5%, 0.0050536 secs]
   [Last Exec: 0.0050536 secs, Idle: 0.3659849 secs, Blocked: 0/0.0000000 secs]
      [Inspected:             346]
         [Skipped:              0(  0.0%)]
         [Hashed:             346(100.0%)]
         [Known:                0(  0.0%)]
         [New:                346(100.0%)   6887.4K]
      [Deduplicated:           10(  2.9%)    162.2K(  2.4%)]
         [Young:                0(  0.0%)      0.0B(  0.0%)]
         [Old:                 10(100.0%)    162.2K(100.0%)]
   [Total Exec: 281/0.9146650 secs, Idle: 281/66.2132781 secs, Blocked: 5/0.0108620 secs]
      [Inspected:           72529]
         [Skipped:            590(  0.8%)]
         [Hashed:           70961( 97.8%)]
         [Known:             4367(  6.0%)]
         [New:              67572( 93.2%)   1249.4M]
      [Deduplicated:         3833(  5.7%)     30.7M(  2.5%)]
         [Young:                8(  0.2%)     46.1K(  0.1%)]
         [Old:               3825( 99.8%)     30.6M( 99.9%)]
   [Table]
      [Memory Usage: 1321.0K]
      [Size: 32768, Min: 1024, Max: 16777216]
      [Entries: 42932, Load: 131.0%, Cached: 2506, Added: 68057, Removed: 25125]
      [Resize Count: 5, Shrink Threshold: 21845(66.7%), Grow Threshold: 65536(200.0%)]
      [Rehash Count: 1, Rehash Threshold: 120, Hash Seed: 0xc4e8cebb]
      [Age Threshold: 3]
   [Queue]
      [Dropped: 0]
2016-06-27T18:01:41.473+0300: 67.730: [GC pause (G1 Evacuation Pause) (young)
Desired survivor size 3670016 bytes, new threshold 1 (max 15)
- age   1:    7047392 bytes,    7047392 total
, 0.0092587 secs]
   [Parallel Time: 8.0 ms, GC Workers: 4]
      [GC Worker Start (ms): Min: 67730.7, Avg: 67730.7, Max: 67730.7, Diff: 0.0]
      [Ext Root Scanning (ms): Min: 0.5, Avg: 0.6, Max: 0.7, Diff: 0.1, Sum: 2.3]
      [Update RS (ms): Min: 5.0, Avg: 5.2, Max: 5.4, Diff: 0.4, Sum: 20.7]
         [Processed Buffers: Min: 6, Avg: 12.5, Max: 19, Diff: 13, Sum: 50]
      [Scan RS (ms): Min: 0.0, Avg: 0.0, Max: 0.0, Diff: 0.0, Sum: 0.0]
      [Code Root Scanning (ms): Min: 0.0, Avg: 0.0, Max: 0.0, Diff: 0.0, Sum: 0.0]
      [Object Copy (ms): Min: 2.0, Avg: 2.2, Max: 2.3, Diff: 0.3, Sum: 8.8]
      [Termination (ms): Min: 0.0, Avg: 0.0, Max: 0.0, Diff: 0.0, Sum: 0.0]
         [Termination Attempts: Min: 1, Avg: 1.0, Max: 1, Diff: 0, Sum: 4]
      [GC Worker Other (ms): Min: 0.0, Avg: 0.0, Max: 0.0, Diff: 0.0, Sum: 0.0]
      [GC Worker Total (ms): Min: 7.9, Avg: 8.0, Max: 8.0, Diff: 0.0, Sum: 31.8]
      [GC Worker End (ms): Min: 67738.7, Avg: 67738.7, Max: 67738.7, Diff: 0.0]
   [Code Root Fixup: 0.0 ms]
   [Code Root Purge: 0.0 ms]
   [String Dedup Fixup: 0.5 ms, GC Workers: 4]
      [Queue Fixup (ms): Min: 0.0, Avg: 0.0, Max: 0.0, Diff: 0.0, Sum: 0.0]
      [Table Fixup (ms): Min: 0.5, Avg: 0.5, Max: 0.5, Diff: 0.0, Sum: 2.0]
   [Clear CT: 0.0 ms]
   [Other: 0.7 ms]
      [Choose CSet: 0.0 ms]
      [Ref Proc: 0.1 ms]
      [Ref Enq: 0.0 ms]
      [Redirty Cards: 0.1 ms]
      [Humongous Register: 0.0 ms]
      [Humongous Reclaim: 0.0 ms]
      [Free CSet: 0.1 ms]
   [Eden: 44.0M(44.0M)->0.0B(73.0M) Survivors: 7168.0K->7168.0K Heap: 883.0M(1038.0M)->848.0M(1038.0M)]
 [Times: user=0.02 sys=0.00, real=0.01 secs] 
2016-06-27T18:01:41.483+0300: 67.740: Total time for which application threads were stopped: 0.0151077 seconds, Stopping threads took: 0.0050869 seconds
2016-06-27T18:01:41.488+0300: 67.745: [GC concurrent-string-deduplication, 7120.3K->6965.4K(154.8K), avg 2.5%, 0.0049394 secs]
   [Last Exec: 0.0049394 secs, Idle: 0.3589833 secs, Blocked: 0/0.0000000 secs]
      [Inspected:             392]
         [Skipped:              6(  1.5%)]
         [Hashed:             386( 98.5%)]
         [Known:               10(  2.6%)]
         [New:                376( 95.9%)   7120.3K]
      [Deduplicated:           28(  7.4%)    154.8K(  2.2%)]
         [Young:                0(  0.0%)      0.0B(  0.0%)]
         [Old:                 28(100.0%)    154.8K(100.0%)]
   [Total Exec: 282/0.9196044 secs, Idle: 282/66.5722614 secs, Blocked: 5/0.0108620 secs]
      [Inspected:           72921]
         [Skipped:            596(  0.8%)]
         [Hashed:           71347( 97.8%)]
         [Known:             4377(  6.0%)]
         [New:              67948( 93.2%)   1256.4M]
      [Deduplicated:         3861(  5.7%)     30.8M(  2.5%)]
         [Young:                8(  0.2%)     46.1K(  0.1%)]
         [Old:               3853( 99.8%)     30.8M( 99.9%)]
   [Table]
      [Memory Usage: 1321.0K]
      [Size: 32768, Min: 1024, Max: 16777216]
      [Entries: 43280, Load: 132.1%, Cached: 2158, Added: 68405, Removed: 25125]
      [Resize Count: 5, Shrink Threshold: 21845(66.7%), Grow Threshold: 65536(200.0%)]
      [Rehash Count: 1, Rehash Threshold: 120, Hash Seed: 0xc4e8cebb]
      [Age Threshold: 3]
   [Queue]
      [Dropped: 0]
2016-06-27T18:01:41.833+0300: 68.090: Total time for which application threads were stopped: 0.0067099 seconds, Stopping threads took: 0.0062600 seconds
2016-06-27T18:01:42.061+0300: 68.319: [GC pause (G1 Evacuation Pause) (young) (initial-mark)
Desired survivor size 5242880 bytes, new threshold 1 (max 15)
- age   1:    6864320 bytes,    6864320 total
, 0.0066560 secs]
   [Parallel Time: 5.4 ms, GC Workers: 4]
      [GC Worker Start (ms): Min: 68318.9, Avg: 68319.1, Max: 68319.4, Diff: 0.5]
      [Ext Root Scanning (ms): Min: 0.6, Avg: 0.7, Max: 0.8, Diff: 0.2, Sum: 2.8]
      [Update RS (ms): Min: 0.9, Avg: 1.8, Max: 3.8, Diff: 2.9, Sum: 7.2]
         [Processed Buffers: Min: 1, Avg: 15.8, Max: 36, Diff: 35, Sum: 63]
      [Scan RS (ms): Min: 0.0, Avg: 0.0, Max: 0.0, Diff: 0.0, Sum: 0.1]
      [Code Root Scanning (ms): Min: 0.0, Avg: 0.0, Max: 0.0, Diff: 0.0, Sum: 0.0]
      [Object Copy (ms): Min: 0.7, Avg: 2.6, Max: 3.3, Diff: 2.5, Sum: 10.4]
      [Termination (ms): Min: 0.0, Avg: 0.0, Max: 0.0, Diff: 0.0, Sum: 0.0]
         [Termination Attempts: Min: 1, Avg: 1.3, Max: 2, Diff: 1, Sum: 5]
      [GC Worker Other (ms): Min: 0.0, Avg: 0.0, Max: 0.0, Diff: 0.0, Sum: 0.1]
      [GC Worker Total (ms): Min: 4.9, Avg: 5.1, Max: 5.3, Diff: 0.5, Sum: 20.5]
      [GC Worker End (ms): Min: 68324.3, Avg: 68324.3, Max: 68324.3, Diff: 0.0]
   [Code Root Fixup: 0.0 ms]
   [Code Root Purge: 0.0 ms]
   [String Dedup Fixup: 0.5 ms, GC Workers: 4]
      [Queue Fixup (ms): Min: 0.0, Avg: 0.0, Max: 0.0, Diff: 0.0, Sum: 0.0]
      [Table Fixup (ms): Min: 0.5, Avg: 0.5, Max: 0.5, Diff: 0.0, Sum: 2.1]
   [Clear CT: 0.0 ms]
   [Other: 0.7 ms]
      [Choose CSet: 0.0 ms]
      [Ref Proc: 0.0 ms]
      [Ref Enq: 0.0 ms]
      [Redirty Cards: 0.0 ms]
      [Humongous Register: 0.0 ms]
      [Humongous Reclaim: 0.0 ms]
      [Free CSet: 0.1 ms]
   [Eden: 73.0M(73.0M)->0.0B(61.0M) Survivors: 7168.0K->10.0M Heap: 921.0M(1038.0M)->861.0M(1038.0M)]
 [Times: user=0.06 sys=0.00, real=0.01 secs] 
2016-06-27T18:01:42.068+0300: 68.326: [GC concurrent-root-region-scan-start]
2016-06-27T18:01:42.068+0300: 68.326: Total time for which application threads were stopped: 0.0146378 seconds, Stopping threads took: 0.0073223 seconds
2016-06-27T18:01:42.069+0300: 68.327: [GC concurrent-root-region-scan-end, 0.0009939 secs]
2016-06-27T18:01:42.069+0300: 68.327: [GC concurrent-mark-start]
2016-06-27T18:01:42.075+0300: 68.332: [GC concurrent-string-deduplication, 8788.9K->8326.5K(462.4K), avg 2.5%, 0.0066333 secs]
   [Last Exec: 0.0066333 secs, Idle: 0.5805434 secs, Blocked: 0/0.0000000 secs]
      [Inspected:             441]
         [Skipped:              0(  0.0%)]
         [Hashed:             441(100.0%)]
         [Known:                0(  0.0%)]
         [New:                441(100.0%)   8788.9K]
      [Deduplicated:           25(  5.7%)    462.4K(  5.3%)]
         [Young:                0(  0.0%)      0.0B(  0.0%)]
         [Old:                 25(100.0%)    462.4K(100.0%)]
   [Total Exec: 283/0.9262377 secs, Idle: 283/67.1528047 secs, Blocked: 5/0.0108620 secs]
      [Inspected:           73362]
         [Skipped:            596(  0.8%)]
         [Hashed:           71788( 97.9%)]
         [Known:             4377(  6.0%)]
         [New:              68389( 93.2%)   1265.0M]
      [Deduplicated:         3886(  5.7%)     31.3M(  2.5%)]
         [Young:                8(  0.2%)     46.1K(  0.1%)]
         [Old:               3878( 99.8%)     31.2M( 99.9%)]
   [Table]
      [Memory Usage: 1321.0K]
      [Size: 32768, Min: 1024, Max: 16777216]
      [Entries: 43696, Load: 133.3%, Cached: 1742, Added: 68821, Removed: 25125]
      [Resize Count: 5, Shrink Threshold: 21845(66.7%), Grow Threshold: 65536(200.0%)]
      [Rehash Count: 1, Rehash Threshold: 120, Hash Seed: 0xc4e8cebb]
      [Age Threshold: 3]
   [Queue]
      [Dropped: 0]
2016-06-27T18:01:42.123+0300: 68.380: [GC concurrent-mark-end, 0.0532263 secs]
2016-06-27T18:01:42.150+0300: 68.407: [GC remark 2016-06-27T18:01:42.150+0300: 68.407: [Finalize Marking, 0.0001826 secs] 2016-06-27T18:01:42.150+0300: 68.408: [GC ref-proc, 0.0000941 secs] 2016-06-27T18:01:42.151+0300: 68.408: [Unloading, 0.0026309 secs], 0.0066868 secs]
 [Times: user=0.00 sys=0.00, real=0.01 secs] 
2016-06-27T18:01:42.157+0300: 68.414: Total time for which application threads were stopped: 0.0104365 seconds, Stopping threads took: 0.0032694 seconds
2016-06-27T18:01:42.158+0300: 68.415: [GC cleanup 874M->874M(1038M), 0.0019351 secs]
 [Times: user=0.00 sys=0.00, real=0.00 secs] 
2016-06-27T18:01:42.160+0300: 68.417: Total time for which application threads were stopped: 0.0024954 seconds, Stopping threads took: 0.0000633 seconds
2016-06-27T18:01:42.536+0300: 68.793: [GC pause (G1 Evacuation Pause) (young)
Desired survivor size 4718592 bytes, new threshold 1 (max 15)
- age   1:   10367208 bytes,   10367208 total
, 0.0064306 secs]
   [Parallel Time: 5.0 ms, GC Workers: 4]
      [GC Worker Start (ms): Min: 68793.5, Avg: 68793.5, Max: 68793.6, Diff: 0.0]
      [Ext Root Scanning (ms): Min: 0.5, Avg: 0.6, Max: 0.8, Diff: 0.3, Sum: 2.4]
      [Update RS (ms): Min: 0.8, Avg: 0.9, Max: 1.0, Diff: 0.2, Sum: 3.6]
         [Processed Buffers: Min: 5, Avg: 12.5, Max: 22, Diff: 17, Sum: 50]
      [Scan RS (ms): Min: 0.0, Avg: 0.0, Max: 0.0, Diff: 0.0, Sum: 0.0]
      [Code Root Scanning (ms): Min: 0.0, Avg: 0.0, Max: 0.0, Diff: 0.0, Sum: 0.0]
      [Object Copy (ms): Min: 3.4, Avg: 3.4, Max: 3.6, Diff: 0.2, Sum: 13.8]
      [Termination (ms): Min: 0.0, Avg: 0.0, Max: 0.0, Diff: 0.0, Sum: 0.0]
         [Termination Attempts: Min: 1, Avg: 1.0, Max: 1, Diff: 0, Sum: 4]
      [GC Worker Other (ms): Min: 0.0, Avg: 0.0, Max: 0.0, Diff: 0.0, Sum: 0.1]
      [GC Worker Total (ms): Min: 5.0, Avg: 5.0, Max: 5.0, Diff: 0.0, Sum: 19.9]
      [GC Worker End (ms): Min: 68798.5, Avg: 68798.5, Max: 68798.5, Diff: 0.0]
   [Code Root Fixup: 0.0 ms]
   [Code Root Purge: 0.0 ms]
   [String Dedup Fixup: 0.8 ms, GC Workers: 4]
      [Queue Fixup (ms): Min: 0.0, Avg: 0.0, Max: 0.0, Diff: 0.0, Sum: 0.0]
      [Table Fixup (ms): Min: 0.1, Avg: 0.5, Max: 0.7, Diff: 0.6, Sum: 2.2]
   [Clear CT: 0.0 ms]
   [Other: 0.6 ms]
      [Choose CSet: 0.0 ms]
      [Ref Proc: 0.1 ms]
      [Ref Enq: 0.0 ms]
      [Redirty Cards: 0.0 ms]
      [Humongous Register: 0.0 ms]
      [Humongous Reclaim: 0.0 ms]
      [Free CSet: 0.1 ms]
   [Eden: 61.0M(61.0M)->0.0B(42.0M) Survivors: 10.0M->9216.0K Heap: 922.0M(1038.0M)->872.5M(1038.0M)]
 [Times: user=0.00 sys=0.00, real=0.01 secs] 
2016-06-27T18:01:42.543+0300: 68.800: Total time for which application threads were stopped: 0.0114102 seconds, Stopping threads took: 0.0042821 seconds
2016-06-27T18:01:42.550+0300: 68.808: [GC concurrent-string-deduplication, 10.3M->10239.0K(337.1K), avg 2.5%, 0.0075455 secs]
   [Last Exec: 0.0075455 secs, Idle: 0.4677337 secs, Blocked: 0/0.0000000 secs]
      [Inspected:             848]
         [Skipped:             18(  2.1%)]
         [Hashed:             830( 97.9%)]
         [Known:                1(  0.1%)]
         [New:                829( 97.8%)     10.3M]
      [Deduplicated:          184( 22.2%)    337.1K(  3.2%)]
         [Young:                0(  0.0%)      0.0B(  0.0%)]
         [Old:                184(100.0%)    337.1K(100.0%)]
   [Total Exec: 284/0.9337833 secs, Idle: 284/67.6205384 secs, Blocked: 5/0.0108620 secs]
      [Inspected:           74210]
         [Skipped:            614(  0.8%)]
         [Hashed:           72618( 97.9%)]
         [Known:             4378(  5.9%)]
         [New:              69218( 93.3%)   1275.3M]
      [Deduplicated:         4070(  5.9%)     31.6M(  2.5%)]
         [Young:                8(  0.2%)     46.1K(  0.1%)]
         [Old:               4062( 99.8%)     31.6M( 99.9%)]
   [Table]
      [Memory Usage: 1297.9K]
      [Size: 32768, Min: 1024, Max: 16777216]
      [Entries: 41177, Load: 125.7%, Cached: 3276, Added: 69466, Removed: 28289]
      [Resize Count: 5, Shrink Threshold: 21845(66.7%), Grow Threshold: 65536(200.0%)]
      [Rehash Count: 1, Rehash Threshold: 120, Hash Seed: 0xc4e8cebb]
      [Age Threshold: 3]
   [Queue]
      [Dropped: 0]
2016-06-27T18:01:42.867+0300: 69.124: [GC pause (G1 Evacuation Pause) (mixed)
Desired survivor size 3670016 bytes, new threshold 1 (max 15)
- age   1:    9251960 bytes,    9251960 total
, 0.0197871 secs]
   [Parallel Time: 17.7 ms, GC Workers: 4]
      [GC Worker Start (ms): Min: 69124.0, Avg: 69124.0, Max: 69124.0, Diff: 0.0]
      [Ext Root Scanning (ms): Min: 0.5, Avg: 0.5, Max: 0.6, Diff: 0.1, Sum: 2.2]
      [Update RS (ms): Min: 1.2, Avg: 1.3, Max: 1.3, Diff: 0.1, Sum: 5.0]
         [Processed Buffers: Min: 5, Avg: 12.3, Max: 22, Diff: 17, Sum: 49]
      [Scan RS (ms): Min: 2.6, Avg: 2.6, Max: 2.7, Diff: 0.1, Sum: 10.5]
      [Code Root Scanning (ms): Min: 0.0, Avg: 0.0, Max: 0.0, Diff: 0.0, Sum: 0.0]
      [Object Copy (ms): Min: 13.1, Avg: 13.1, Max: 13.2, Diff: 0.1, Sum: 52.6]
      [Termination (ms): Min: 0.0, Avg: 0.0, Max: 0.0, Diff: 0.0, Sum: 0.0]
         [Termination Attempts: Min: 1, Avg: 3.8, Max: 6, Diff: 5, Sum: 15]
      [GC Worker Other (ms): Min: 0.0, Avg: 0.0, Max: 0.0, Diff: 0.0, Sum: 0.1]
      [GC Worker Total (ms): Min: 17.6, Avg: 17.6, Max: 17.6, Diff: 0.0, Sum: 70.4]
      [GC Worker End (ms): Min: 69141.6, Avg: 69141.6, Max: 69141.6, Diff: 0.0]
   [Code Root Fixup: 0.0 ms]
   [Code Root Purge: 0.0 ms]
   [String Dedup Fixup: 0.9 ms, GC Workers: 4]
      [Queue Fixup (ms): Min: 0.0, Avg: 0.0, Max: 0.0, Diff: 0.0, Sum: 0.0]
      [Table Fixup (ms): Min: 0.1, Avg: 0.7, Max: 0.9, Diff: 0.7, Sum: 2.7]
   [Clear CT: 0.2 ms]
   [Other: 1.0 ms]
      [Choose CSet: 0.1 ms]
      [Ref Proc: 0.1 ms]
      [Ref Enq: 0.0 ms]
      [Redirty Cards: 0.0 ms]
      [Humongous Register: 0.0 ms]
      [Humongous Reclaim: 0.0 ms]
      [Free CSet: 0.4 ms]
   [Eden: 42.0M(42.0M)->0.0B(44.0M) Survivors: 9216.0K->7168.0K Heap: 914.5M(1038.0M)->839.0M(1038.0M)]
 [Times: user=0.06 sys=0.00, real=0.02 secs] 
2016-06-27T18:01:42.887+0300: 69.144: Total time for which application threads were stopped: 0.0259714 seconds, Stopping threads took: 0.0054611 seconds
2016-06-27T18:01:42.893+0300: 69.150: [GC concurrent-string-deduplication, 8431.7K->8126.3K(305.3K), avg 2.5%, 0.0059538 secs]
   [Last Exec: 0.0059538 secs, Idle: 0.3360833 secs, Blocked: 0/0.0000000 secs]
      [Inspected:             430]
         [Skipped:              4(  0.9%)]
         [Hashed:             426( 99.1%)]
         [Known:                0(  0.0%)]
         [New:                426( 99.1%)   8431.7K]
      [Deduplicated:           20(  4.7%)    305.3K(  3.6%)]
         [Young:                0(  0.0%)      0.0B(  0.0%)]
         [Old:                 20(100.0%)    305.3K(100.0%)]
   [Total Exec: 285/0.9397371 secs, Idle: 285/67.9566217 secs, Blocked: 5/0.0108620 secs]
      [Inspected:           74640]
         [Skipped:            618(  0.8%)]
         [Hashed:           73044( 97.9%)]
         [Known:             4378(  5.9%)]
         [New:              69644( 93.3%)   1283.5M]
      [Deduplicated:         4090(  5.9%)     31.9M(  2.5%)]
         [Young:                8(  0.2%)     46.1K(  0.1%)]
         [Old:               4082( 99.8%)     31.9M( 99.9%)]
   [Table]
      [Memory Usage: 1297.9K]
      [Size: 32768, Min: 1024, Max: 16777216]
      [Entries: 41583, Load: 126.9%, Cached: 2870, Added: 69872, Removed: 28289]
      [Resize Count: 5, Shrink Threshold: 21845(66.7%), Grow Threshold: 65536(200.0%)]
      [Rehash Count: 1, Rehash Threshold: 120, Hash Seed: 0xc4e8cebb]
      [Age Threshold: 3]
   [Queue]
      [Dropped: 0]
2016-06-27T18:01:43.249+0300: 69.506: [GC pause (G1 Evacuation Pause) (mixed)
Desired survivor size 3670016 bytes, new threshold 1 (max 15)
- age   1:    7099704 bytes,    7099704 total
, 0.0268554 secs]
   [Parallel Time: 24.8 ms, GC Workers: 4]
      [GC Worker Start (ms): Min: 69506.5, Avg: 69506.6, Max: 69506.7, Diff: 0.2]
      [Ext Root Scanning (ms): Min: 0.4, Avg: 0.5, Max: 0.6, Diff: 0.2, Sum: 2.1]
      [Update RS (ms): Min: 7.1, Avg: 7.3, Max: 7.4, Diff: 0.3, Sum: 29.0]
         [Processed Buffers: Min: 9, Avg: 15.8, Max: 27, Diff: 18, Sum: 63]
      [Scan RS (ms): Min: 3.2, Avg: 3.4, Max: 3.6, Diff: 0.3, Sum: 13.7]
      [Code Root Scanning (ms): Min: 0.0, Avg: 0.0, Max: 0.0, Diff: 0.0, Sum: 0.1]
      [Object Copy (ms): Min: 13.5, Avg: 13.5, Max: 13.5, Diff: 0.0, Sum: 54.0]
      [Termination (ms): Min: 0.0, Avg: 0.0, Max: 0.0, Diff: 0.0, Sum: 0.0]
         [Termination Attempts: Min: 1, Avg: 1.5, Max: 2, Diff: 1, Sum: 6]
      [GC Worker Other (ms): Min: 0.0, Avg: 0.0, Max: 0.0, Diff: 0.0, Sum: 0.1]
      [GC Worker Total (ms): Min: 24.6, Avg: 24.7, Max: 24.8, Diff: 0.2, Sum: 99.0]
      [GC Worker End (ms): Min: 69531.3, Avg: 69531.3, Max: 69531.3, Diff: 0.0]
   [Code Root Fixup: 0.0 ms]
   [Code Root Purge: 0.0 ms]
   [String Dedup Fixup: 0.7 ms, GC Workers: 4]
      [Queue Fixup (ms): Min: 0.0, Avg: 0.0, Max: 0.0, Diff: 0.0, Sum: 0.0]
      [Table Fixup (ms): Min: 0.6, Avg: 0.6, Max: 0.6, Diff: 0.0, Sum: 2.5]
   [Clear CT: 0.2 ms]
   [Other: 1.2 ms]
      [Choose CSet: 0.2 ms]
      [Ref Proc: 0.1 ms]
      [Ref Enq: 0.0 ms]
      [Redirty Cards: 0.1 ms]
      [Humongous Register: 0.0 ms]
      [Humongous Reclaim: 0.0 ms]
      [Free CSet: 0.5 ms]
   [Eden: 44.0M(44.0M)->0.0B(44.0M) Survivors: 7168.0K->7168.0K Heap: 883.0M(1038.0M)->818.0M(1038.0M)]
 [Times: user=0.13 sys=0.00, real=0.03 secs] 
2016-06-27T18:01:43.276+0300: 69.533: Total time for which application threads were stopped: 0.0360247 seconds, Stopping threads took: 0.0084244 seconds
2016-06-27T18:01:43.281+0300: 69.538: [GC concurrent-string-deduplication, 7126.6K->6905.4K(221.2K), avg 2.5%, 0.0048949 secs]
   [Last Exec: 0.0048949 secs, Idle: 0.3835739 secs, Blocked: 0/0.0000000 secs]
      [Inspected:             358]
         [Skipped:              1(  0.3%)]
         [Hashed:             357( 99.7%)]
         [Known:                0(  0.0%)]
         [New:                357( 99.7%)   7126.6K]
      [Deduplicated:           12(  3.4%)    221.2K(  3.1%)]
         [Young:                0(  0.0%)      0.0B(  0.0%)]
         [Old:                 12(100.0%)    221.2K(100.0%)]
   [Total Exec: 286/0.9446320 secs, Idle: 286/68.3401956 secs, Blocked: 5/0.0108620 secs]
      [Inspected:           74998]
         [Skipped:            619(  0.8%)]
         [Hashed:           73401( 97.9%)]
         [Known:             4378(  5.8%)]
         [New:              70001( 93.3%)   1290.5M]
      [Deduplicated:         4102(  5.9%)     32.1M(  2.5%)]
         [Young:                8(  0.2%)     46.1K(  0.1%)]
         [Old:               4094( 99.8%)     32.1M( 99.9%)]
   [Table]
      [Memory Usage: 1297.9K]
      [Size: 32768, Min: 1024, Max: 16777216]
      [Entries: 41928, Load: 128.0%, Cached: 2525, Added: 70217, Removed: 28289]
      [Resize Count: 5, Shrink Threshold: 21845(66.7%), Grow Threshold: 65536(200.0%)]
      [Rehash Count: 1, Rehash Threshold: 120, Hash Seed: 0xc4e8cebb]
      [Age Threshold: 3]
   [Queue]
      [Dropped: 0]
2016-06-27T18:01:43.666+0300: 69.923: [GC pause (G1 Evacuation Pause) (young)
Desired survivor size 3670016 bytes, new threshold 1 (max 15)
- age   1:    7154056 bytes,    7154056 total
, 0.0138162 secs]
   [Parallel Time: 12.6 ms, GC Workers: 4]
      [GC Worker Start (ms): Min: 69923.2, Avg: 69923.2, Max: 69923.2, Diff: 0.0]
      [Ext Root Scanning (ms): Min: 0.6, Avg: 0.6, Max: 0.6, Diff: 0.0, Sum: 2.4]
      [Update RS (ms): Min: 9.6, Avg: 9.8, Max: 10.2, Diff: 0.6, Sum: 39.4]
         [Processed Buffers: Min: 11, Avg: 19.3, Max: 32, Diff: 21, Sum: 77]
      [Scan RS (ms): Min: 0.0, Avg: 0.0, Max: 0.0, Diff: 0.0, Sum: 0.0]
      [Code Root Scanning (ms): Min: 0.0, Avg: 0.0, Max: 0.0, Diff: 0.0, Sum: 0.0]
      [Object Copy (ms): Min: 1.7, Avg: 2.0, Max: 2.3, Diff: 0.6, Sum: 8.1]
      [Termination (ms): Min: 0.0, Avg: 0.0, Max: 0.0, Diff: 0.0, Sum: 0.0]
         [Termination Attempts: Min: 1, Avg: 1.0, Max: 1, Diff: 0, Sum: 4]
      [GC Worker Other (ms): Min: 0.0, Avg: 0.0, Max: 0.0, Diff: 0.0, Sum: 0.1]
      [GC Worker Total (ms): Min: 12.5, Avg: 12.5, Max: 12.5, Diff: 0.0, Sum: 50.0]
      [GC Worker End (ms): Min: 69935.7, Avg: 69935.7, Max: 69935.7, Diff: 0.0]
   [Code Root Fixup: 0.0 ms]
   [Code Root Purge: 0.0 ms]
   [String Dedup Fixup: 0.6 ms, GC Workers: 4]
      [Queue Fixup (ms): Min: 0.0, Avg: 0.0, Max: 0.0, Diff: 0.0, Sum: 0.0]
      [Table Fixup (ms): Min: 0.5, Avg: 0.5, Max: 0.5, Diff: 0.0, Sum: 2.0]
   [Clear CT: 0.0 ms]
   [Other: 0.7 ms]
      [Choose CSet: 0.0 ms]
      [Ref Proc: 0.1 ms]
      [Ref Enq: 0.0 ms]
      [Redirty Cards: 0.1 ms]
      [Humongous Register: 0.0 ms]
      [Humongous Reclaim: 0.0 ms]
      [Free CSet: 0.1 ms]
   [Eden: 44.0M(44.0M)->0.0B(44.0M) Survivors: 7168.0K->7168.0K Heap: 862.0M(1038.0M)->826.5M(1038.0M)]
 [Times: user=0.06 sys=0.00, real=0.01 secs] 
2016-06-27T18:01:43.680+0300: 69.937: Total time for which application threads were stopped: 0.0244588 seconds, Stopping threads took: 0.0098844 seconds
2016-06-27T18:01:43.685+0300: 69.942: [GC concurrent-string-deduplication, 6948.5K->6825.3K(123.1K), avg 2.5%, 0.0048706 secs]
   [Last Exec: 0.0048706 secs, Idle: 0.3987535 secs, Blocked: 0/0.0000000 secs]
      [Inspected:             351]
         [Skipped:              1(  0.3%)]
         [Hashed:             350( 99.7%)]
         [Known:                0(  0.0%)]
         [New:                350( 99.7%)   6948.5K]
      [Deduplicated:            9(  2.6%)    123.1K(  1.8%)]
         [Young:                0(  0.0%)      0.0B(  0.0%)]
         [Old:                  9(100.0%)    123.1K(100.0%)]
   [Total Exec: 287/0.9495026 secs, Idle: 287/68.7389491 secs, Blocked: 5/0.0108620 secs]
      [Inspected:           75349]
         [Skipped:            620(  0.8%)]
         [Hashed:           73751( 97.9%)]
         [Known:             4378(  5.8%)]
         [New:              70351( 93.4%)   1297.3M]
      [Deduplicated:         4111(  5.8%)     32.2M(  2.5%)]
         [Young:                8(  0.2%)     46.1K(  0.1%)]
         [Old:               4103( 99.8%)     32.2M( 99.9%)]
   [Table]
      [Memory Usage: 1297.9K]
      [Size: 32768, Min: 1024, Max: 16777216]
      [Entries: 42270, Load: 129.0%, Cached: 2183, Added: 70559, Removed: 28289]
      [Resize Count: 5, Shrink Threshold: 21845(66.7%), Grow Threshold: 65536(200.0%)]
      [Rehash Count: 1, Rehash Threshold: 120, Hash Seed: 0xc4e8cebb]
      [Age Threshold: 3]
   [Queue]
      [Dropped: 0]
2016-06-27T18:01:44.061+0300: 70.318: [GC pause (G1 Evacuation Pause) (young) (initial-mark)
Desired survivor size 3670016 bytes, new threshold 1 (max 15)
- age   1:    7200304 bytes,    7200304 total
, 0.0055060 secs]
   [Parallel Time: 3.9 ms, GC Workers: 4]
      [GC Worker Start (ms): Min: 70318.6, Avg: 70318.6, Max: 70318.7, Diff: 0.1]
      [Ext Root Scanning (ms): Min: 0.5, Avg: 0.6, Max: 0.7, Diff: 0.2, Sum: 2.3]
      [Update RS (ms): Min: 0.9, Avg: 0.9, Max: 1.1, Diff: 0.2, Sum: 3.7]
         [Processed Buffers: Min: 3, Avg: 13.5, Max: 27, Diff: 24, Sum: 54]
      [Scan RS (ms): Min: 0.0, Avg: 0.0, Max: 0.0, Diff: 0.0, Sum: 0.0]
      [Code Root Scanning (ms): Min: 0.0, Avg: 0.0, Max: 0.0, Diff: 0.0, Sum: 0.0]
      [Object Copy (ms): Min: 2.1, Avg: 2.3, Max: 2.3, Diff: 0.2, Sum: 9.0]
      [Termination (ms): Min: 0.0, Avg: 0.0, Max: 0.0, Diff: 0.0, Sum: 0.0]
         [Termination Attempts: Min: 1, Avg: 1.0, Max: 1, Diff: 0, Sum: 4]
      [GC Worker Other (ms): Min: 0.0, Avg: 0.0, Max: 0.0, Diff: 0.0, Sum: 0.1]
      [GC Worker Total (ms): Min: 3.7, Avg: 3.8, Max: 3.8, Diff: 0.1, Sum: 15.1]
      [GC Worker End (ms): Min: 70322.4, Avg: 70322.4, Max: 70322.4, Diff: 0.0]
   [Code Root Fixup: 0.0 ms]
   [Code Root Purge: 0.0 ms]
   [String Dedup Fixup: 0.9 ms, GC Workers: 4]
      [Queue Fixup (ms): Min: 0.0, Avg: 0.0, Max: 0.0, Diff: 0.0, Sum: 0.0]
      [Table Fixup (ms): Min: 0.5, Avg: 0.6, Max: 0.8, Diff: 0.3, Sum: 2.4]
   [Clear CT: 0.0 ms]
   [Other: 0.7 ms]
      [Choose CSet: 0.0 ms]
      [Ref Proc: 0.1 ms]
      [Ref Enq: 0.0 ms]
      [Redirty Cards: 0.1 ms]
      [Humongous Register: 0.0 ms]
      [Humongous Reclaim: 0.0 ms]
      [Free CSet: 0.1 ms]
   [Eden: 44.0M(44.0M)->0.0B(44.0M) Survivors: 7168.0K->7168.0K Heap: 870.5M(1038.0M)->836.0M(1038.0M)]
 [Times: user=0.00 sys=0.00, real=0.01 secs] 
2016-06-27T18:01:44.067+0300: 70.324: [GC concurrent-root-region-scan-start]
2016-06-27T18:01:44.067+0300: 70.324: Total time for which application threads were stopped: 0.0140112 seconds, Stopping threads took: 0.0077050 seconds
2016-06-27T18:01:44.067+0300: 70.325: [GC concurrent-root-region-scan-end, 0.0006996 secs]
2016-06-27T18:01:44.067+0300: 70.325: [GC concurrent-mark-start]
2016-06-27T18:01:44.072+0300: 70.329: [GC concurrent-string-deduplication, 7574.0K->7365.8K(208.3K), avg 2.5%, 0.0053495 secs]
   [Last Exec: 0.0053495 secs, Idle: 0.3820420 secs, Blocked: 0/0.0000000 secs]
      [Inspected:             387]
         [Skipped:              0(  0.0%)]
         [Hashed:             387(100.0%)]
         [Known:                1(  0.3%)]
         [New:                386( 99.7%)   7574.0K]
      [Deduplicated:           18(  4.7%)    208.3K(  2.7%)]
         [Young:                0(  0.0%)      0.0B(  0.0%)]
         [Old:                 18(100.0%)    208.3K(100.0%)]
   [Total Exec: 288/0.9548521 secs, Idle: 288/69.1209911 secs, Blocked: 5/0.0108620 secs]
      [Inspected:           75736]
         [Skipped:            620(  0.8%)]
         [Hashed:           74138( 97.9%)]
         [Known:             4379(  5.8%)]
         [New:              70737( 93.4%)   1304.7M]
      [Deduplicated:         4129(  5.8%)     32.4M(  2.5%)]
         [Young:                8(  0.2%)     46.1K(  0.1%)]
         [Old:               4121( 99.8%)     32.4M( 99.9%)]
   [Table]
      [Memory Usage: 1297.9K]
      [Size: 32768, Min: 1024, Max: 16777216]
      [Entries: 42638, Load: 130.1%, Cached: 1815, Added: 70927, Removed: 28289]
      [Resize Count: 5, Shrink Threshold: 21845(66.7%), Grow Threshold: 65536(200.0%)]
      [Rehash Count: 1, Rehash Threshold: 120, Hash Seed: 0xc4e8cebb]
      [Age Threshold: 3]
   [Queue]
      [Dropped: 0]
2016-06-27T18:01:44.119+0300: 70.376: [GC concurrent-mark-end, 0.0513985 secs]
2016-06-27T18:01:44.140+0300: 70.398: [GC remark 2016-06-27T18:01:44.140+0300: 70.398: [Finalize Marking, 0.0004024 secs] 2016-06-27T18:01:44.141+0300: 70.398: [GC ref-proc, 0.0001082 secs] 2016-06-27T18:01:44.141+0300: 70.398: [Unloading, 0.0027387 secs], 0.0067565 secs]
 [Times: user=0.06 sys=0.00, real=0.01 secs] 
2016-06-27T18:01:44.147+0300: 70.405: Total time for which application threads were stopped: 0.0106028 seconds, Stopping threads took: 0.0032493 seconds
2016-06-27T18:01:44.149+0300: 70.406: [GC cleanup 847M->847M(1038M), 0.0018385 secs]
 [Times: user=0.00 sys=0.00, real=0.00 secs] 
2016-06-27T18:01:44.151+0300: 70.408: Total time for which application threads were stopped: 0.0025629 seconds, Stopping threads took: 0.0000783 seconds
2016-06-27T18:01:44.185+0300: 70.442: Total time for which application threads were stopped: 0.0019197 seconds, Stopping threads took: 0.0013732 seconds
2016-06-27T18:01:44.424+0300: 70.681: [GC pause (G1 Evacuation Pause) (young)
Desired survivor size 3670016 bytes, new threshold 1 (max 15)
- age   1:    6661824 bytes,    6661824 total
, 0.0059572 secs]
   [Parallel Time: 4.5 ms, GC Workers: 4]
      [GC Worker Start (ms): Min: 70681.3, Avg: 70681.4, Max: 70681.5, Diff: 0.2]
      [Ext Root Scanning (ms): Min: 0.6, Avg: 1.7, Max: 4.4, Diff: 3.8, Sum: 7.0]
      [Update RS (ms): Min: 0.0, Avg: 0.7, Max: 1.1, Diff: 1.1, Sum: 2.8]
         [Processed Buffers: Min: 0, Avg: 10.5, Max: 28, Diff: 28, Sum: 42]
      [Scan RS (ms): Min: 0.0, Avg: 0.0, Max: 0.0, Diff: 0.0, Sum: 0.0]
      [Code Root Scanning (ms): Min: 0.0, Avg: 0.0, Max: 0.0, Diff: 0.0, Sum: 0.0]
      [Object Copy (ms): Min: 0.1, Avg: 1.8, Max: 2.4, Diff: 2.3, Sum: 7.4]
      [Termination (ms): Min: 0.0, Avg: 0.1, Max: 0.2, Diff: 0.2, Sum: 0.5]
         [Termination Attempts: Min: 1, Avg: 2.5, Max: 4, Diff: 3, Sum: 10]
      [GC Worker Other (ms): Min: 0.0, Avg: 0.0, Max: 0.0, Diff: 0.0, Sum: 0.0]
      [GC Worker Total (ms): Min: 4.3, Avg: 4.4, Max: 4.5, Diff: 0.2, Sum: 17.7]
      [GC Worker End (ms): Min: 70685.8, Avg: 70685.8, Max: 70685.8, Diff: 0.0]
   [Code Root Fixup: 0.0 ms]
   [Code Root Purge: 0.0 ms]
   [String Dedup Fixup: 0.8 ms, GC Workers: 4]
      [Queue Fixup (ms): Min: 0.0, Avg: 0.0, Max: 0.0, Diff: 0.0, Sum: 0.0]
      [Table Fixup (ms): Min: 0.0, Avg: 0.5, Max: 0.7, Diff: 0.7, Sum: 2.2]
   [Clear CT: 0.0 ms]
   [Other: 0.6 ms]
      [Choose CSet: 0.0 ms]
      [Ref Proc: 0.1 ms]
      [Ref Enq: 0.0 ms]
      [Redirty Cards: 0.1 ms]
      [Humongous Register: 0.1 ms]
      [Humongous Reclaim: 0.0 ms]
      [Free CSet: 0.1 ms]
   [Eden: 44.0M(44.0M)->0.0B(44.0M) Survivors: 7168.0K->7168.0K Heap: 880.0M(1038.0M)->845.0M(1038.0M)]
 [Times: user=0.05 sys=0.00, real=0.01 secs] 
2016-06-27T18:01:44.430+0300: 70.687: Total time for which application threads were stopped: 0.0112272 seconds, Stopping threads took: 0.0044857 seconds
2016-06-27T18:01:44.435+0300: 70.692: [GC concurrent-string-deduplication, 6991.8K->6785.5K(206.3K), avg 2.5%, 0.0049206 secs]
   [Last Exec: 0.0049206 secs, Idle: 0.3578817 secs, Blocked: 0/0.0000000 secs]
      [Inspected:             357]
         [Skipped:              1(  0.3%)]
         [Hashed:             356( 99.7%)]
         [Known:                0(  0.0%)]
         [New:                356( 99.7%)   6991.8K]
      [Deduplicated:           16(  4.5%)    206.3K(  2.9%)]
         [Young:                0(  0.0%)      0.0B(  0.0%)]
         [Old:                 16(100.0%)    206.3K(100.0%)]
   [Total Exec: 289/0.9597727 secs, Idle: 289/69.4788728 secs, Blocked: 5/0.0108620 secs]
      [Inspected:           76093]
         [Skipped:            621(  0.8%)]
         [Hashed:           74494( 97.9%)]
         [Known:             4379(  5.8%)]
         [New:              71093( 93.4%)   1311.5M]
      [Deduplicated:         4145(  5.8%)     32.6M(  2.5%)]
         [Young:                8(  0.2%)     46.1K(  0.1%)]
         [Old:               4137( 99.8%)     32.6M( 99.9%)]
   [Table]
      [Memory Usage: 1297.9K]
      [Size: 32768, Min: 1024, Max: 16777216]
      [Entries: 41401, Load: 126.3%, Cached: 3052, Added: 71278, Removed: 29877]
      [Resize Count: 5, Shrink Threshold: 21845(66.7%), Grow Threshold: 65536(200.0%)]
      [Rehash Count: 1, Rehash Threshold: 120, Hash Seed: 0xc4e8cebb]
      [Age Threshold: 3]
   [Queue]
      [Dropped: 0]
2016-06-27T18:01:44.820+0300: 71.078: [GC pause (G1 Evacuation Pause) (mixed)
Desired survivor size 3670016 bytes, new threshold 1 (max 15)
- age   1:    6391552 bytes,    6391552 total
, 0.0213630 secs]
   [Parallel Time: 19.4 ms, GC Workers: 4]
      [GC Worker Start (ms): Min: 71078.2, Avg: 71078.2, Max: 71078.4, Diff: 0.2]
      [Ext Root Scanning (ms): Min: 0.7, Avg: 0.8, Max: 0.9, Diff: 0.1, Sum: 3.1]
      [Update RS (ms): Min: 0.9, Avg: 2.0, Max: 4.8, Diff: 3.9, Sum: 8.0]
         [Processed Buffers: Min: 1, Avg: 11.0, Max: 26, Diff: 25, Sum: 44]
      [Scan RS (ms): Min: 0.6, Avg: 3.3, Max: 4.3, Diff: 3.7, Sum: 13.2]
      [Code Root Scanning (ms): Min: 0.0, Avg: 0.0, Max: 0.1, Diff: 0.1, Sum: 0.1]
      [Object Copy (ms): Min: 13.1, Avg: 13.2, Max: 13.3, Diff: 0.2, Sum: 52.8]
      [Termination (ms): Min: 0.0, Avg: 0.0, Max: 0.0, Diff: 0.0, Sum: 0.0]
         [Termination Attempts: Min: 1, Avg: 2.0, Max: 3, Diff: 2, Sum: 8]
      [GC Worker Other (ms): Min: 0.0, Avg: 0.0, Max: 0.0, Diff: 0.0, Sum: 0.1]
      [GC Worker Total (ms): Min: 19.2, Avg: 19.3, Max: 19.4, Diff: 0.2, Sum: 77.4]
      [GC Worker End (ms): Min: 71097.6, Avg: 71097.6, Max: 71097.6, Diff: 0.0]
   [Code Root Fixup: 0.0 ms]
   [Code Root Purge: 0.0 ms]
   [String Dedup Fixup: 0.6 ms, GC Workers: 4]
      [Queue Fixup (ms): Min: 0.0, Avg: 0.0, Max: 0.0, Diff: 0.0, Sum: 0.0]
      [Table Fixup (ms): Min: 0.6, Avg: 0.6, Max: 0.6, Diff: 0.0, Sum: 2.5]
   [Clear CT: 0.2 ms]
   [Other: 1.1 ms]
      [Choose CSet: 0.2 ms]
      [Ref Proc: 0.0 ms]
      [Ref Enq: 0.0 ms]
      [Redirty Cards: 0.1 ms]
      [Humongous Register: 0.0 ms]
      [Humongous Reclaim: 0.0 ms]
      [Free CSet: 0.5 ms]
   [Eden: 44.0M(44.0M)->0.0B(44.0M) Survivors: 7168.0K->7168.0K Heap: 889.0M(1038.0M)->815.0M(1038.0M)]
 [Times: user=0.06 sys=0.00, real=0.02 secs] 
2016-06-27T18:01:44.842+0300: 71.100: Total time for which application threads were stopped: 0.0288359 seconds, Stopping threads took: 0.0066248 seconds
2016-06-27T18:01:44.847+0300: 71.105: [GC concurrent-string-deduplication, 7009.5K->6665.2K(344.3K), avg 2.5%, 0.0050660 secs]
   [Last Exec: 0.0050660 secs, Idle: 0.4071577 secs, Blocked: 0/0.0000000 secs]
      [Inspected:             366]
         [Skipped:              1(  0.3%)]
         [Hashed:             365( 99.7%)]
         [Known:               11(  3.0%)]
         [New:                354( 96.7%)   7009.5K]
      [Deduplicated:           21(  5.9%)    344.3K(  4.9%)]
         [Young:                0(  0.0%)      0.0B(  0.0%)]
         [Old:                 21(100.0%)    344.3K(100.0%)]
   [Total Exec: 290/0.9648387 secs, Idle: 290/69.8860305 secs, Blocked: 5/0.0108620 secs]
      [Inspected:           76459]
         [Skipped:            622(  0.8%)]
         [Hashed:           74859( 97.9%)]
         [Known:             4390(  5.7%)]
         [New:              71447( 93.4%)   1318.4M]
      [Deduplicated:         4166(  5.8%)     33.0M(  2.5%)]
         [Young:                8(  0.2%)     46.1K(  0.1%)]
         [Old:               4158( 99.8%)     32.9M( 99.9%)]
   [Table]
      [Memory Usage: 1297.9K]
      [Size: 32768, Min: 1024, Max: 16777216]
      [Entries: 41734, Load: 127.4%, Cached: 2719, Added: 71611, Removed: 29877]
      [Resize Count: 5, Shrink Threshold: 21845(66.7%), Grow Threshold: 65536(200.0%)]
      [Rehash Count: 1, Rehash Threshold: 120, Hash Seed: 0xc4e8cebb]
      [Age Threshold: 3]
   [Queue]
      [Dropped: 0]
2016-06-27T18:01:44.928+0300: 71.185: Total time for which application threads were stopped: 0.0045224 seconds, Stopping threads took: 0.0039887 seconds
2016-06-27T18:01:44.929+0300: 71.187: Total time for which application threads were stopped: 0.0005880 seconds, Stopping threads took: 0.0000560 seconds
2016-06-27T18:01:45.232+0300: 71.489: [GC pause (G1 Evacuation Pause) (mixed)
Desired survivor size 3670016 bytes, new threshold 1 (max 15)
- age   1:    6609168 bytes,    6609168 total
, 0.0209072 secs]
   [Parallel Time: 19.3 ms, GC Workers: 4]
      [GC Worker Start (ms): Min: 71489.0, Avg: 71489.1, Max: 71489.4, Diff: 0.4]
      [Ext Root Scanning (ms): Min: 0.4, Avg: 2.1, Max: 6.4, Diff: 6.0, Sum: 8.4]
      [Update RS (ms): Min: 8.0, Avg: 13.5, Max: 18.3, Diff: 10.4, Sum: 53.8]
         [Processed Buffers: Min: 13, Avg: 17.5, Max: 25, Diff: 12, Sum: 70]
      [Scan RS (ms): Min: 0.0, Avg: 0.5, Max: 0.8, Diff: 0.8, Sum: 2.0]
      [Code Root Scanning (ms): Min: 0.0, Avg: 0.0, Max: 0.0, Diff: 0.0, Sum: 0.0]
      [Object Copy (ms): Min: 0.1, Avg: 2.6, Max: 3.6, Diff: 3.5, Sum: 10.3]
      [Termination (ms): Min: 0.0, Avg: 0.5, Max: 0.7, Diff: 0.7, Sum: 2.2]
         [Termination Attempts: Min: 1, Avg: 10.0, Max: 16, Diff: 15, Sum: 40]
      [GC Worker Other (ms): Min: 0.0, Avg: 0.0, Max: 0.0, Diff: 0.0, Sum: 0.0]
      [GC Worker Total (ms): Min: 18.9, Avg: 19.2, Max: 19.3, Diff: 0.4, Sum: 76.7]
      [GC Worker End (ms): Min: 71508.3, Avg: 71508.3, Max: 71508.3, Diff: 0.0]
   [Code Root Fixup: 0.0 ms]
   [Code Root Purge: 0.0 ms]
   [String Dedup Fixup: 0.9 ms, GC Workers: 4]
      [Queue Fixup (ms): Min: 0.0, Avg: 0.0, Max: 0.0, Diff: 0.0, Sum: 0.0]
      [Table Fixup (ms): Min: 0.0, Avg: 0.7, Max: 0.9, Diff: 0.9, Sum: 2.7]
   [Clear CT: 0.1 ms]
   [Other: 0.5 ms]
      [Choose CSet: 0.0 ms]
      [Ref Proc: 0.1 ms]
      [Ref Enq: 0.0 ms]
      [Redirty Cards: 0.0 ms]
      [Humongous Register: 0.0 ms]
      [Humongous Reclaim: 0.0 ms]
      [Free CSet: 0.1 ms]
   [Eden: 44.0M(44.0M)->0.0B(44.0M) Survivors: 7168.0K->7168.0K Heap: 859.0M(1038.0M)->821.0M(1038.0M)]
 [Times: user=0.05 sys=0.00, real=0.02 secs] 
2016-06-27T18:01:45.253+0300: 71.510: Total time for which application threads were stopped: 0.0272814 seconds, Stopping threads took: 0.0056934 seconds
2016-06-27T18:01:45.258+0300: 71.515: [GC concurrent-string-deduplication, 6848.5K->6545.2K(303.3K), avg 2.5%, 0.0048646 secs]
   [Last Exec: 0.0048646 secs, Idle: 0.4053060 secs, Blocked: 0/0.0000000 secs]
      [Inspected:             347]
         [Skipped:              1(  0.3%)]
         [Hashed:             346( 99.7%)]
         [Known:                0(  0.0%)]
         [New:                346( 99.7%)   6848.5K]
      [Deduplicated:           18(  5.2%)    303.3K(  4.4%)]
         [Young:                0(  0.0%)      0.0B(  0.0%)]
         [Old:                 18(100.0%)    303.3K(100.0%)]
   [Total Exec: 291/0.9697033 secs, Idle: 291/70.2913365 secs, Blocked: 5/0.0108620 secs]
      [Inspected:           76806]
         [Skipped:            623(  0.8%)]
         [Hashed:           75205( 97.9%)]
         [Known:             4390(  5.7%)]
         [New:              71793( 93.5%)   1325.0M]
      [Deduplicated:         4184(  5.8%)     33.3M(  2.5%)]
         [Young:                8(  0.2%)     46.1K(  0.1%)]
         [Old:               4176( 99.8%)     33.2M( 99.9%)]
   [Table]
      [Memory Usage: 1297.9K]
      [Size: 32768, Min: 1024, Max: 16777216]
      [Entries: 42070, Load: 128.4%, Cached: 2383, Added: 71947, Removed: 29877]
      [Resize Count: 5, Shrink Threshold: 21845(66.7%), Grow Threshold: 65536(200.0%)]
      [Rehash Count: 1, Rehash Threshold: 120, Hash Seed: 0xc4e8cebb]
      [Age Threshold: 3]
   [Queue]
      [Dropped: 0]
2016-06-27T18:01:45.604+0300: 71.861: [GC pause (G1 Evacuation Pause) (young)
Desired survivor size 3670016 bytes, new threshold 1 (max 15)
- age   1:    6748848 bytes,    6748848 total
, 0.0228320 secs]
   [Parallel Time: 17.5 ms, GC Workers: 4]
      [GC Worker Start (ms): Min: 71861.8, Avg: 71861.8, Max: 71861.9, Diff: 0.2]
      [Ext Root Scanning (ms): Min: 0.4, Avg: 1.0, Max: 2.2, Diff: 1.8, Sum: 3.9]
      [Update RS (ms): Min: 3.4, Avg: 6.2, Max: 9.1, Diff: 5.7, Sum: 24.7]
         [Processed Buffers: Min: 2, Avg: 10.3, Max: 26, Diff: 24, Sum: 41]
      [Scan RS (ms): Min: 0.0, Avg: 0.0, Max: 0.0, Diff: 0.0, Sum: 0.0]
      [Code Root Scanning (ms): Min: 0.0, Avg: 0.0, Max: 0.0, Diff: 0.0, Sum: 0.0]
      [Object Copy (ms): Min: 0.2, Avg: 2.0, Max: 3.2, Diff: 3.0, Sum: 7.8]
      [Termination (ms): Min: 0.0, Avg: 6.4, Max: 8.8, Diff: 8.8, Sum: 25.5]
         [Termination Attempts: Min: 1, Avg: 1.0, Max: 1, Diff: 0, Sum: 4]
      [GC Worker Other (ms): Min: 0.0, Avg: 0.0, Max: 0.0, Diff: 0.0, Sum: 0.0]
      [GC Worker Total (ms): Min: 9.9, Avg: 15.5, Max: 17.4, Diff: 7.5, Sum: 62.0]
      [GC Worker End (ms): Min: 71871.7, Avg: 71877.3, Max: 71879.2, Diff: 7.5]
   [Code Root Fixup: 0.0 ms]
   [Code Root Purge: 0.0 ms]
   [String Dedup Fixup: 4.5 ms, GC Workers: 4]
      [Queue Fixup (ms): Min: 0.0, Avg: 0.0, Max: 0.0, Diff: 0.0, Sum: 0.0]
      [Table Fixup (ms): Min: 0.0, Avg: 2.0, Max: 4.5, Diff: 4.5, Sum: 8.1]
   [Clear CT: 0.0 ms]
   [Other: 0.8 ms]
      [Choose CSet: 0.0 ms]
      [Ref Proc: 0.1 ms]
      [Ref Enq: 0.0 ms]
      [Redirty Cards: 0.0 ms]
      [Humongous Register: 0.0 ms]
      [Humongous Reclaim: 0.0 ms]
      [Free CSet: 0.1 ms]
   [Eden: 44.0M(44.0M)->0.0B(44.0M) Survivors: 7168.0K->7168.0K Heap: 865.0M(1038.0M)->829.5M(1038.0M)]
 [Times: user=0.02 sys=0.00, real=0.02 secs] 
2016-06-27T18:01:45.627+0300: 71.885: Total time for which application threads were stopped: 0.0285023 seconds, Stopping threads took: 0.0049373 seconds
2016-06-27T18:01:45.633+0300: 71.890: [GC concurrent-string-deduplication, 6869.6K->6645.4K(224.2K), avg 2.5%, 0.0058619 secs]
   [Last Exec: 0.0058619 secs, Idle: 0.3696174 secs, Blocked: 0/0.0000000 secs]
      [Inspected:             380]
         [Skipped:              7(  1.8%)]
         [Hashed:             373( 98.2%)]
         [Known:                8(  2.1%)]
         [New:                365( 96.1%)   6869.6K]
      [Deduplicated:           29(  7.9%)    224.2K(  3.3%)]
         [Young:                0(  0.0%)      0.0B(  0.0%)]
         [Old:                 29(100.0%)    224.2K(100.0%)]
   [Total Exec: 292/0.9755651 secs, Idle: 292/70.6609539 secs, Blocked: 5/0.0108620 secs]
      [Inspected:           77186]
         [Skipped:            630(  0.8%)]
         [Hashed:           75578( 97.9%)]
         [Known:             4398(  5.7%)]
         [New:              72158( 93.5%)   1331.8M]
      [Deduplicated:         4213(  5.8%)     33.5M(  2.5%)]
         [Young:                8(  0.2%)     46.1K(  0.1%)]
         [Old:               4205( 99.8%)     33.5M( 99.9%)]
   [Table]
      [Memory Usage: 1297.9K]
      [Size: 32768, Min: 1024, Max: 16777216]
      [Entries: 42406, Load: 129.4%, Cached: 2047, Added: 72283, Removed: 29877]
      [Resize Count: 5, Shrink Threshold: 21845(66.7%), Grow Threshold: 65536(200.0%)]
      [Rehash Count: 1, Rehash Threshold: 120, Hash Seed: 0xc4e8cebb]
      [Age Threshold: 3]
   [Queue]
      [Dropped: 0]
2016-06-27T18:01:46.010+0300: 72.268: [GC pause (G1 Evacuation Pause) (young) (initial-mark)
Desired survivor size 3670016 bytes, new threshold 1 (max 15)
- age   1:    6823224 bytes,    6823224 total
, 0.0047970 secs]
   [Parallel Time: 3.7 ms, GC Workers: 4]
      [GC Worker Start (ms): Min: 72268.0, Avg: 72268.0, Max: 72268.0, Diff: 0.0]
      [Ext Root Scanning (ms): Min: 0.5, Avg: 0.6, Max: 0.7, Diff: 0.2, Sum: 2.3]
      [Update RS (ms): Min: 0.7, Avg: 0.8, Max: 0.9, Diff: 0.2, Sum: 3.1]
         [Processed Buffers: Min: 3, Avg: 14.0, Max: 27, Diff: 24, Sum: 56]
      [Scan RS (ms): Min: 0.0, Avg: 0.0, Max: 0.0, Diff: 0.0, Sum: 0.0]
      [Code Root Scanning (ms): Min: 0.0, Avg: 0.0, Max: 0.0, Diff: 0.0, Sum: 0.0]
      [Object Copy (ms): Min: 2.2, Avg: 2.2, Max: 2.3, Diff: 0.1, Sum: 8.9]
      [Termination (ms): Min: 0.0, Avg: 0.0, Max: 0.0, Diff: 0.0, Sum: 0.0]
         [Termination Attempts: Min: 1, Avg: 1.0, Max: 1, Diff: 0, Sum: 4]
      [GC Worker Other (ms): Min: 0.0, Avg: 0.0, Max: 0.0, Diff: 0.0, Sum: 0.1]
      [GC Worker Total (ms): Min: 3.6, Avg: 3.6, Max: 3.6, Diff: 0.0, Sum: 14.4]
      [GC Worker End (ms): Min: 72271.6, Avg: 72271.6, Max: 72271.6, Diff: 0.0]
   [Code Root Fixup: 0.0 ms]
   [Code Root Purge: 0.0 ms]
   [String Dedup Fixup: 0.5 ms, GC Workers: 4]
      [Queue Fixup (ms): Min: 0.0, Avg: 0.0, Max: 0.0, Diff: 0.0, Sum: 0.0]
      [Table Fixup (ms): Min: 0.5, Avg: 0.5, Max: 0.5, Diff: 0.0, Sum: 2.0]
   [Clear CT: 0.0 ms]
   [Other: 0.6 ms]
      [Choose CSet: 0.0 ms]
      [Ref Proc: 0.0 ms]
      [Ref Enq: 0.0 ms]
      [Redirty Cards: 0.0 ms]
      [Humongous Register: 0.0 ms]
      [Humongous Reclaim: 0.0 ms]
      [Free CSet: 0.1 ms]
   [Eden: 44.0M(44.0M)->0.0B(80.0M) Survivors: 7168.0K->7168.0K Heap: 873.5M(1038.0M)->838.5M(1038.0M)]
 [Times: user=0.00 sys=0.00, real=0.01 secs] 
2016-06-27T18:01:46.015+0300: 72.273: [GC concurrent-root-region-scan-start]
2016-06-27T18:01:46.015+0300: 72.273: Total time for which application threads were stopped: 0.0092780 seconds, Stopping threads took: 0.0037381 seconds
2016-06-27T18:01:46.016+0300: 72.273: [GC concurrent-root-region-scan-end, 0.0005974 secs]
2016-06-27T18:01:46.016+0300: 72.273: [GC concurrent-mark-start]
2016-06-27T18:01:46.021+0300: 72.278: [GC concurrent-string-deduplication, 7108.6K->6905.4K(203.2K), avg 2.5%, 0.0051088 secs]
   [Last Exec: 0.0051088 secs, Idle: 0.3823170 secs, Blocked: 0/0.0000000 secs]
      [Inspected:             358]
         [Skipped:              0(  0.0%)]
         [Hashed:             358(100.0%)]
         [Known:                0(  0.0%)]
         [New:                358(100.0%)   7108.6K]
      [Deduplicated:           13(  3.6%)    203.2K(  2.9%)]
         [Young:                0(  0.0%)      0.0B(  0.0%)]
         [Old:                 13(100.0%)    203.2K(100.0%)]
   [Total Exec: 293/0.9806739 secs, Idle: 293/71.0432709 secs, Blocked: 5/0.0108620 secs]
      [Inspected:           77544]
         [Skipped:            630(  0.8%)]
         [Hashed:           75936( 97.9%)]
         [Known:             4398(  5.7%)]
         [New:              72516( 93.5%)   1338.7M]
      [Deduplicated:         4226(  5.8%)     33.7M(  2.5%)]
         [Young:                8(  0.2%)     46.1K(  0.1%)]
         [Old:               4218( 99.8%)     33.7M( 99.9%)]
   [Table]
      [Memory Usage: 1297.9K]
      [Size: 32768, Min: 1024, Max: 16777216]
      [Entries: 42751, Load: 130.5%, Cached: 1702, Added: 72628, Removed: 29877]
      [Resize Count: 5, Shrink Threshold: 21845(66.7%), Grow Threshold: 65536(200.0%)]
      [Rehash Count: 1, Rehash Threshold: 120, Hash Seed: 0xc4e8cebb]
      [Age Threshold: 3]
   [Queue]
      [Dropped: 0]
2016-06-27T18:01:46.072+0300: 72.329: [GC concurrent-mark-end, 0.0556058 secs]
2016-06-27T18:01:46.103+0300: 72.360: [GC remark 2016-06-27T18:01:46.103+0300: 72.361: [Finalize Marking, 0.0004918 secs] 2016-06-27T18:01:46.104+0300: 72.361: [GC ref-proc, 0.0001082 secs] 2016-06-27T18:01:46.104+0300: 72.361: [Unloading, 0.0029773 secs], 0.0070593 secs]
 [Times: user=0.00 sys=0.00, real=0.01 secs] 
2016-06-27T18:01:46.110+0300: 72.368: Total time for which application threads were stopped: 0.0112182 seconds, Stopping threads took: 0.0036004 seconds
2016-06-27T18:01:46.273+0300: 72.531: [GC cleanup 869M->869M(1038M), 0.0018663 secs]
 [Times: user=0.00 sys=0.00, real=0.00 secs] 
2016-06-27T18:01:46.275+0300: 72.533: Total time for which application threads were stopped: 0.0049766 seconds, Stopping threads took: 0.0024646 seconds
2016-06-27T18:01:46.695+0300: 72.952: [GC pause (G1 Evacuation Pause) (young)
Desired survivor size 5767168 bytes, new threshold 1 (max 15)
- age   1:    6828856 bytes,    6828856 total
, 0.0056720 secs]
   [Parallel Time: 4.6 ms, GC Workers: 4]
      [GC Worker Start (ms): Min: 72952.7, Avg: 72952.7, Max: 72952.7, Diff: 0.0]
      [Ext Root Scanning (ms): Min: 0.5, Avg: 0.6, Max: 0.6, Diff: 0.1, Sum: 2.2]
      [Update RS (ms): Min: 0.8, Avg: 0.9, Max: 1.0, Diff: 0.2, Sum: 3.6]
         [Processed Buffers: Min: 8, Avg: 18.8, Max: 28, Diff: 20, Sum: 75]
      [Scan RS (ms): Min: 0.0, Avg: 0.0, Max: 0.0, Diff: 0.0, Sum: 0.1]
      [Code Root Scanning (ms): Min: 0.0, Avg: 0.0, Max: 0.0, Diff: 0.0, Sum: 0.0]
      [Object Copy (ms): Min: 3.0, Avg: 3.1, Max: 3.1, Diff: 0.1, Sum: 12.3]
      [Termination (ms): Min: 0.0, Avg: 0.0, Max: 0.0, Diff: 0.0, Sum: 0.0]
         [Termination Attempts: Min: 1, Avg: 1.0, Max: 1, Diff: 0, Sum: 4]
      [GC Worker Other (ms): Min: 0.0, Avg: 0.0, Max: 0.0, Diff: 0.0, Sum: 0.1]
      [GC Worker Total (ms): Min: 4.5, Avg: 4.5, Max: 4.5, Diff: 0.0, Sum: 18.2]
      [GC Worker End (ms): Min: 72957.2, Avg: 72957.2, Max: 72957.2, Diff: 0.0]
   [Code Root Fixup: 0.0 ms]
   [Code Root Purge: 0.0 ms]
   [String Dedup Fixup: 0.5 ms, GC Workers: 4]
      [Queue Fixup (ms): Min: 0.0, Avg: 0.0, Max: 0.0, Diff: 0.0, Sum: 0.0]
      [Table Fixup (ms): Min: 0.5, Avg: 0.5, Max: 0.5, Diff: 0.0, Sum: 1.9]
   [Clear CT: 0.0 ms]
   [Other: 0.6 ms]
      [Choose CSet: 0.0 ms]
      [Ref Proc: 0.1 ms]
      [Ref Enq: 0.0 ms]
      [Redirty Cards: 0.0 ms]
      [Humongous Register: 0.0 ms]
      [Humongous Reclaim: 0.0 ms]
      [Free CSet: 0.1 ms]
   [Eden: 80.0M(80.0M)->0.0B(40.0M) Survivors: 7168.0K->11.0M Heap: 918.5M(1038.0M)->852.5M(1038.0M)]
 [Times: user=0.00 sys=0.00, real=0.01 secs] 
2016-06-27T18:01:46.701+0300: 72.958: Total time for which application threads were stopped: 0.0093015 seconds, Stopping threads took: 0.0028362 seconds
2016-06-27T18:01:46.707+0300: 72.965: [GC concurrent-string-deduplication, 8729.9K->8546.7K(183.2K), avg 2.5%, 0.0060492 secs]
   [Last Exec: 0.0060492 secs, Idle: 0.6804357 secs, Blocked: 0/0.0000000 secs]
      [Inspected:             439]
         [Skipped:              0(  0.0%)]
         [Hashed:             439(100.0%)]
         [Known:                0(  0.0%)]
         [New:                439(100.0%)   8729.9K]
      [Deduplicated:           12(  2.7%)    183.2K(  2.1%)]
         [Young:                0(  0.0%)      0.0B(  0.0%)]
         [Old:                 12(100.0%)    183.2K(100.0%)]
   [Total Exec: 294/0.9867230 secs, Idle: 294/71.7237066 secs, Blocked: 5/0.0108620 secs]
      [Inspected:           77983]
         [Skipped:            630(  0.8%)]
         [Hashed:           76375( 97.9%)]
         [Known:             4398(  5.6%)]
         [New:              72955( 93.6%)   1347.2M]
      [Deduplicated:         4238(  5.8%)     33.9M(  2.5%)]
         [Young:                8(  0.2%)     46.1K(  0.1%)]
         [Old:               4230( 99.8%)     33.8M( 99.9%)]
   [Table]
      [Memory Usage: 1297.0K]
      [Size: 32768, Min: 1024, Max: 16777216]
      [Entries: 41141, Load: 125.6%, Cached: 3276, Added: 73055, Removed: 31914]
      [Resize Count: 5, Shrink Threshold: 21845(66.7%), Grow Threshold: 65536(200.0%)]
      [Rehash Count: 1, Rehash Threshold: 120, Hash Seed: 0xc4e8cebb]
      [Age Threshold: 3]
   [Queue]
      [Dropped: 0]
2016-06-27T18:01:46.796+0300: 73.054: Total time for which application threads were stopped: 0.0050275 seconds, Stopping threads took: 0.0046148 seconds
2016-06-27T18:01:46.873+0300: 73.130: Total time for which application threads were stopped: 0.0013373 seconds, Stopping threads took: 0.0010097 seconds
2016-06-27T18:01:46.975+0300: 73.232: [GC pause (G1 Evacuation Pause) (mixed)
Desired survivor size 3670016 bytes, new threshold 1 (max 15)
- age   1:   11340560 bytes,   11340560 total
, 0.0194908 secs]
   [Parallel Time: 17.5 ms, GC Workers: 4]
      [GC Worker Start (ms): Min: 73232.5, Avg: 73232.5, Max: 73232.5, Diff: 0.0]
      [Ext Root Scanning (ms): Min: 0.3, Avg: 0.4, Max: 0.6, Diff: 0.2, Sum: 1.7]
      [Update RS (ms): Min: 0.7, Avg: 0.8, Max: 0.9, Diff: 0.2, Sum: 3.2]
         [Processed Buffers: Min: 3, Avg: 6.8, Max: 12, Diff: 9, Sum: 27]
      [Scan RS (ms): Min: 2.9, Avg: 3.0, Max: 3.1, Diff: 0.2, Sum: 12.1]
      [Code Root Scanning (ms): Min: 0.0, Avg: 0.0, Max: 0.1, Diff: 0.1, Sum: 0.1]
      [Object Copy (ms): Min: 13.1, Avg: 13.2, Max: 13.2, Diff: 0.2, Sum: 52.7]
      [Termination (ms): Min: 0.0, Avg: 0.0, Max: 0.0, Diff: 0.0, Sum: 0.0]
         [Termination Attempts: Min: 1, Avg: 1.0, Max: 1, Diff: 0, Sum: 4]
      [GC Worker Other (ms): Min: 0.0, Avg: 0.0, Max: 0.0, Diff: 0.0, Sum: 0.1]
      [GC Worker Total (ms): Min: 17.5, Avg: 17.5, Max: 17.5, Diff: 0.0, Sum: 69.9]
      [GC Worker End (ms): Min: 73249.9, Avg: 73249.9, Max: 73249.9, Diff: 0.0]
   [Code Root Fixup: 0.0 ms]
   [Code Root Purge: 0.0 ms]
   [String Dedup Fixup: 0.7 ms, GC Workers: 4]
      [Queue Fixup (ms): Min: 0.0, Avg: 0.0, Max: 0.0, Diff: 0.0, Sum: 0.0]
      [Table Fixup (ms): Min: 0.6, Avg: 0.6, Max: 0.7, Diff: 0.0, Sum: 2.6]
   [Clear CT: 0.2 ms]
   [Other: 1.1 ms]
      [Choose CSet: 0.2 ms]
      [Ref Proc: 0.1 ms]
      [Ref Enq: 0.0 ms]
      [Redirty Cards: 0.1 ms]
      [Humongous Register: 0.0 ms]
      [Humongous Reclaim: 0.0 ms]
      [Free CSet: 0.5 ms]
   [Eden: 40.0M(40.0M)->0.0B(44.0M) Survivors: 11.0M->7168.0K Heap: 892.5M(1038.0M)->819.0M(1038.0M)]
 [Times: user=0.06 sys=0.00, real=0.02 secs] 
2016-06-27T18:01:46.995+0300: 73.252: Total time for which application threads were stopped: 0.0218065 seconds, Stopping threads took: 0.0015160 seconds
2016-06-27T18:01:47.002+0300: 73.259: [GC concurrent-string-deduplication, 10.1M->9807.7K(506.5K), avg 2.5%, 0.0073095 secs]
   [Last Exec: 0.0073095 secs, Idle: 0.2875240 secs, Blocked: 0/0.0000000 secs]
      [Inspected:             526]
         [Skipped:              5(  1.0%)]
         [Hashed:             521( 99.0%)]
         [Known:                0(  0.0%)]
         [New:                521( 99.0%)     10.1M]
      [Deduplicated:           31(  6.0%)    506.5K(  4.9%)]
         [Young:                0(  0.0%)      0.0B(  0.0%)]
         [Old:                 31(100.0%)    506.5K(100.0%)]
   [Total Exec: 295/0.9940325 secs, Idle: 295/72.0112306 secs, Blocked: 5/0.0108620 secs]
      [Inspected:           78509]
         [Skipped:            635(  0.8%)]
         [Hashed:           76896( 97.9%)]
         [Known:             4398(  5.6%)]
         [New:              73476( 93.6%)   1357.3M]
      [Deduplicated:         4269(  5.8%)     34.4M(  2.5%)]
         [Young:                8(  0.2%)     46.1K(  0.1%)]
         [Old:               4261( 99.8%)     34.3M( 99.9%)]
   [Table]
      [Memory Usage: 1297.0K]
      [Size: 32768, Min: 1024, Max: 16777216]
      [Entries: 41664, Load: 127.1%, Cached: 2753, Added: 73579, Removed: 31915]
      [Resize Count: 5, Shrink Threshold: 21845(66.7%), Grow Threshold: 65536(200.0%)]
      [Rehash Count: 1, Rehash Threshold: 120, Hash Seed: 0xc4e8cebb]
      [Age Threshold: 3]
   [Queue]
      [Dropped: 0]
2016-06-27T18:01:47.367+0300: 73.624: [GC pause (G1 Evacuation Pause) (mixed)
Desired survivor size 3670016 bytes, new threshold 1 (max 15)
- age   1:    6554832 bytes,    6554832 total
, 0.0188951 secs]
   [Parallel Time: 17.5 ms, GC Workers: 4]
      [GC Worker Start (ms): Min: 73623.9, Avg: 73623.9, Max: 73624.0, Diff: 0.0]
      [Ext Root Scanning (ms): Min: 0.4, Avg: 0.5, Max: 0.6, Diff: 0.1, Sum: 2.0]
      [Update RS (ms): Min: 9.2, Avg: 9.2, Max: 9.2, Diff: 0.1, Sum: 36.8]
         [Processed Buffers: Min: 10, Avg: 15.0, Max: 19, Diff: 9, Sum: 60]
      [Scan RS (ms): Min: 1.6, Avg: 1.6, Max: 1.6, Diff: 0.0, Sum: 6.4]
      [Code Root Scanning (ms): Min: 0.0, Avg: 0.0, Max: 0.0, Diff: 0.0, Sum: 0.0]
      [Object Copy (ms): Min: 6.1, Avg: 6.1, Max: 6.1, Diff: 0.1, Sum: 24.4]
      [Termination (ms): Min: 0.0, Avg: 0.0, Max: 0.0, Diff: 0.0, Sum: 0.1]
         [Termination Attempts: Min: 1, Avg: 3.8, Max: 6, Diff: 5, Sum: 15]
      [GC Worker Other (ms): Min: 0.0, Avg: 0.0, Max: 0.0, Diff: 0.0, Sum: 0.1]
      [GC Worker Total (ms): Min: 17.4, Avg: 17.4, Max: 17.4, Diff: 0.0, Sum: 69.7]
      [GC Worker End (ms): Min: 73641.4, Avg: 73641.4, Max: 73641.4, Diff: 0.0]
   [Code Root Fixup: 0.0 ms]
   [Code Root Purge: 0.0 ms]
   [String Dedup Fixup: 0.6 ms, GC Workers: 4]
      [Queue Fixup (ms): Min: 0.0, Avg: 0.0, Max: 0.0, Diff: 0.0, Sum: 0.0]
      [Table Fixup (ms): Min: 0.5, Avg: 0.5, Max: 0.5, Diff: 0.0, Sum: 2.1]
   [Clear CT: 0.2 ms]
   [Other: 0.7 ms]
      [Choose CSet: 0.1 ms]
      [Ref Proc: 0.1 ms]
      [Ref Enq: 0.0 ms]
      [Redirty Cards: 0.0 ms]
      [Humongous Register: 0.0 ms]
      [Humongous Reclaim: 0.0 ms]
      [Free CSet: 0.2 ms]
   [Eden: 44.0M(44.0M)->0.0B(44.0M) Survivors: 7168.0K->7168.0K Heap: 863.0M(1038.0M)->818.0M(1038.0M)]
 [Times: user=0.06 sys=0.00, real=0.02 secs] 
2016-06-27T18:01:47.386+0300: 73.643: Total time for which application threads were stopped: 0.0260574 seconds, Stopping threads took: 0.0065448 seconds
2016-06-27T18:01:47.390+0300: 73.648: [GC concurrent-string-deduplication, 6574.8K->6266.2K(308.5K), avg 2.5%, 0.0047217 secs]
   [Last Exec: 0.0047217 secs, Idle: 0.3833904 secs, Blocked: 0/0.0000000 secs]
      [Inspected:             455]
         [Skipped:              3(  0.7%)]
         [Hashed:             452( 99.3%)]
         [Known:               44(  9.7%)]
         [New:                408( 89.7%)   6574.8K]
      [Deduplicated:           77( 18.9%)    308.5K(  4.7%)]
         [Young:                0(  0.0%)      0.0B(  0.0%)]
         [Old:                 77(100.0%)    308.5K(100.0%)]
   [Total Exec: 296/0.9987542 secs, Idle: 296/72.3946210 secs, Blocked: 5/0.0108620 secs]
      [Inspected:           78964]
         [Skipped:            638(  0.8%)]
         [Hashed:           77348( 98.0%)]
         [Known:             4442(  5.6%)]
         [New:              73884( 93.6%)   1363.7M]
      [Deduplicated:         4346(  5.9%)     34.7M(  2.5%)]
         [Young:                8(  0.2%)     46.1K(  0.1%)]
         [Old:               4338( 99.8%)     34.6M( 99.9%)]
   [Table]
      [Memory Usage: 1297.0K]
      [Size: 32768, Min: 1024, Max: 16777216]
      [Entries: 42009, Load: 128.2%, Cached: 2408, Added: 73924, Removed: 31915]
      [Resize Count: 5, Shrink Threshold: 21845(66.7%), Grow Threshold: 65536(200.0%)]
      [Rehash Count: 1, Rehash Threshold: 120, Hash Seed: 0xc4e8cebb]
      [Age Threshold: 3]
   [Queue]
      [Dropped: 0]
2016-06-27T18:01:47.761+0300: 74.019: [GC pause (G1 Evacuation Pause) (young)
Desired survivor size 3670016 bytes, new threshold 1 (max 15)
- age   1:    7169848 bytes,    7169848 total
, 0.0094909 secs]
   [Parallel Time: 8.4 ms, GC Workers: 4]
      [GC Worker Start (ms): Min: 74018.8, Avg: 74018.8, Max: 74018.9, Diff: 0.0]
      [Ext Root Scanning (ms): Min: 0.4, Avg: 0.5, Max: 0.6, Diff: 0.1, Sum: 1.9]
      [Update RS (ms): Min: 5.6, Avg: 5.6, Max: 5.7, Diff: 0.1, Sum: 22.5]
         [Processed Buffers: Min: 7, Avg: 13.8, Max: 21, Diff: 14, Sum: 55]
      [Scan RS (ms): Min: 0.0, Avg: 0.0, Max: 0.0, Diff: 0.0, Sum: 0.0]
      [Code Root Scanning (ms): Min: 0.0, Avg: 0.0, Max: 0.0, Diff: 0.0, Sum: 0.0]
      [Object Copy (ms): Min: 2.0, Avg: 2.2, Max: 2.2, Diff: 0.2, Sum: 8.8]
      [Termination (ms): Min: 0.0, Avg: 0.0, Max: 0.0, Diff: 0.0, Sum: 0.0]
         [Termination Attempts: Min: 1, Avg: 1.0, Max: 1, Diff: 0, Sum: 4]
      [GC Worker Other (ms): Min: 0.0, Avg: 0.0, Max: 0.0, Diff: 0.0, Sum: 0.1]
      [GC Worker Total (ms): Min: 8.3, Avg: 8.3, Max: 8.3, Diff: 0.0, Sum: 33.3]
      [GC Worker End (ms): Min: 74027.2, Avg: 74027.2, Max: 74027.2, Diff: 0.0]
   [Code Root Fixup: 0.0 ms]
   [Code Root Purge: 0.0 ms]
   [String Dedup Fixup: 0.5 ms, GC Workers: 4]
      [Queue Fixup (ms): Min: 0.0, Avg: 0.0, Max: 0.0, Diff: 0.0, Sum: 0.0]
      [Table Fixup (ms): Min: 0.5, Avg: 0.5, Max: 0.5, Diff: 0.0, Sum: 2.0]
   [Clear CT: 0.0 ms]
   [Other: 0.6 ms]
      [Choose CSet: 0.0 ms]
      [Ref Proc: 0.0 ms]
      [Ref Enq: 0.0 ms]
      [Redirty Cards: 0.0 ms]
      [Humongous Register: 0.0 ms]
      [Humongous Reclaim: 0.0 ms]
      [Free CSet: 0.1 ms]
   [Eden: 44.0M(44.0M)->0.0B(92.0M) Survivors: 7168.0K->7168.0K Heap: 862.0M(1038.0M)->826.0M(1038.0M)]
 [Times: user=0.06 sys=0.00, real=0.01 secs] 
2016-06-27T18:01:47.771+0300: 74.028: Total time for which application threads were stopped: 0.0147601 seconds, Stopping threads took: 0.0046349 seconds
2016-06-27T18:01:47.776+0300: 74.033: [GC concurrent-string-deduplication, 6887.4K->6765.3K(122.1K), avg 2.5%, 0.0047217 secs]
   [Last Exec: 0.0047217 secs, Idle: 0.3806329 secs, Blocked: 0/0.0000000 secs]
      [Inspected:             347]
         [Skipped:              0(  0.0%)]
         [Hashed:             347(100.0%)]
         [Known:                1(  0.3%)]
         [New:                346( 99.7%)   6887.4K]
      [Deduplicated:            8(  2.3%)    122.1K(  1.8%)]
         [Young:                0(  0.0%)      0.0B(  0.0%)]
         [Old:                  8(100.0%)    122.1K(100.0%)]
   [Total Exec: 297/1.0034760 secs, Idle: 297/72.7752540 secs, Blocked: 5/0.0108620 secs]
      [Inspected:           79311]
         [Skipped:            638(  0.8%)]
         [Hashed:           77695( 98.0%)]
         [Known:             4443(  5.6%)]
         [New:              74230( 93.6%)   1370.4M]
      [Deduplicated:         4354(  5.9%)     34.8M(  2.5%)]
         [Young:                8(  0.2%)     46.1K(  0.1%)]
         [Old:               4346( 99.8%)     34.7M( 99.9%)]
   [Table]
      [Memory Usage: 1297.0K]
      [Size: 32768, Min: 1024, Max: 16777216]
      [Entries: 42347, Load: 129.2%, Cached: 2070, Added: 74262, Removed: 31915]
      [Resize Count: 5, Shrink Threshold: 21845(66.7%), Grow Threshold: 65536(200.0%)]
      [Rehash Count: 1, Rehash Threshold: 120, Hash Seed: 0xc4e8cebb]
      [Age Threshold: 3]
   [Queue]
      [Dropped: 0]
2016-06-27T18:01:48.542+0300: 74.800: [GC pause (G1 Evacuation Pause) (young) (initial-mark)
Desired survivor size 6815744 bytes, new threshold 1 (max 15)
- age   1:    7196416 bytes,    7196416 total
, 0.0066180 secs]
   [Parallel Time: 5.3 ms, GC Workers: 4]
      [GC Worker Start (ms): Min: 74800.1, Avg: 74800.1, Max: 74800.1, Diff: 0.0]
      [Ext Root Scanning (ms): Min: 0.5, Avg: 0.6, Max: 0.8, Diff: 0.3, Sum: 2.4]
      [Update RS (ms): Min: 0.9, Avg: 1.0, Max: 1.0, Diff: 0.2, Sum: 3.9]
         [Processed Buffers: Min: 9, Avg: 16.8, Max: 26, Diff: 17, Sum: 67]
      [Scan RS (ms): Min: 0.0, Avg: 0.0, Max: 0.0, Diff: 0.0, Sum: 0.1]
      [Code Root Scanning (ms): Min: 0.0, Avg: 0.0, Max: 0.0, Diff: 0.0, Sum: 0.0]
      [Object Copy (ms): Min: 3.5, Avg: 3.6, Max: 3.6, Diff: 0.1, Sum: 14.4]
      [Termination (ms): Min: 0.0, Avg: 0.0, Max: 0.0, Diff: 0.0, Sum: 0.0]
         [Termination Attempts: Min: 1, Avg: 1.0, Max: 1, Diff: 0, Sum: 4]
      [GC Worker Other (ms): Min: 0.0, Avg: 0.0, Max: 0.0, Diff: 0.0, Sum: 0.1]
      [GC Worker Total (ms): Min: 5.2, Avg: 5.2, Max: 5.2, Diff: 0.0, Sum: 20.9]
      [GC Worker End (ms): Min: 74805.3, Avg: 74805.3, Max: 74805.3, Diff: 0.0]
   [Code Root Fixup: 0.0 ms]
   [Code Root Purge: 0.0 ms]
   [String Dedup Fixup: 0.6 ms, GC Workers: 4]
      [Queue Fixup (ms): Min: 0.0, Avg: 0.0, Max: 0.0, Diff: 0.0, Sum: 0.0]
      [Table Fixup (ms): Min: 0.5, Avg: 0.5, Max: 0.5, Diff: 0.0, Sum: 2.0]
   [Clear CT: 0.1 ms]
   [Other: 0.7 ms]
      [Choose CSet: 0.0 ms]
      [Ref Proc: 0.1 ms]
      [Ref Enq: 0.0 ms]
      [Redirty Cards: 0.0 ms]
      [Humongous Register: 0.0 ms]
      [Humongous Reclaim: 0.0 ms]
      [Free CSet: 0.1 ms]
   [Eden: 92.0M(92.0M)->0.0B(77.0M) Survivors: 7168.0K->13.0M Heap: 918.0M(1038.0M)->843.0M(1038.0M)]
 [Times: user=0.00 sys=0.00, real=0.01 secs] 
2016-06-27T18:01:48.549+0300: 74.807: [GC concurrent-root-region-scan-start]
2016-06-27T18:01:48.549+0300: 74.807: Total time for which application threads were stopped: 0.0166969 seconds, Stopping threads took: 0.0093767 seconds
2016-06-27T18:01:48.550+0300: 74.807: [GC concurrent-root-region-scan-end, 0.0008904 secs]
2016-06-27T18:01:48.550+0300: 74.807: [GC concurrent-mark-start]
2016-06-27T18:01:48.556+0300: 74.813: [GC concurrent-string-deduplication, 9270.6K->8866.9K(403.7K), avg 2.6%, 0.0066286 secs]
   [Last Exec: 0.0066286 secs, Idle: 0.7734865 secs, Blocked: 0/0.0000000 secs]
      [Inspected:             488]
         [Skipped:              3(  0.6%)]
         [Hashed:             485( 99.4%)]
         [Known:               13(  2.7%)]
         [New:                472( 96.7%)   9270.6K]
      [Deduplicated:           29(  6.1%)    403.7K(  4.4%)]
         [Young:                0(  0.0%)      0.0B(  0.0%)]
         [Old:                 29(100.0%)    403.7K(100.0%)]
   [Total Exec: 298/1.0101046 secs, Idle: 298/73.5487404 secs, Blocked: 5/0.0108620 secs]
      [Inspected:           79799]
         [Skipped:            641(  0.8%)]
         [Hashed:           78180( 98.0%)]
         [Known:             4456(  5.6%)]
         [New:              74702( 93.6%)   1379.5M]
      [Deduplicated:         4383(  5.9%)     35.2M(  2.6%)]
         [Young:                8(  0.2%)     46.1K(  0.1%)]
         [Old:               4375( 99.8%)     35.1M( 99.9%)]
   [Table]
      [Memory Usage: 1297.0K]
      [Size: 32768, Min: 1024, Max: 16777216]
      [Entries: 42790, Load: 130.6%, Cached: 1627, Added: 74705, Removed: 31915]
      [Resize Count: 5, Shrink Threshold: 21845(66.7%), Grow Threshold: 65536(200.0%)]
      [Rehash Count: 1, Rehash Threshold: 120, Hash Seed: 0xc4e8cebb]
      [Age Threshold: 3]
   [Queue]
      [Dropped: 0]
2016-06-27T18:01:48.609+0300: 74.866: [GC concurrent-mark-end, 0.0580515 secs]
2016-06-27T18:01:48.634+0300: 74.892: [GC remark 2016-06-27T18:01:48.634+0300: 74.892: [Finalize Marking, 0.0002519 secs] 2016-06-27T18:01:48.634+0300: 74.892: [GC ref-proc, 0.0001172 secs] 2016-06-27T18:01:48.635+0300: 74.892: [Unloading, 0.0026463 secs], 0.0065705 secs]
 [Times: user=0.00 sys=0.00, real=0.01 secs] 
2016-06-27T18:01:48.641+0300: 74.898: Total time for which application threads were stopped: 0.0113080 seconds, Stopping threads took: 0.0042077 seconds
2016-06-27T18:01:48.642+0300: 74.900: [GC cleanup 855M->855M(1038M), 0.0020549 secs]
 [Times: user=0.00 sys=0.00, real=0.00 secs] 
2016-06-27T18:01:48.644+0300: 74.902: Total time for which application threads were stopped: 0.0026639 seconds, Stopping threads took: 0.0000530 seconds
2016-06-27T18:01:49.164+0300: 75.421: [GC pause (G1 Evacuation Pause) (young)
Desired survivor size 6291456 bytes, new threshold 1 (max 15)
- age   1:   13409144 bytes,   13409144 total
, 0.0069353 secs]
   [Parallel Time: 5.7 ms, GC Workers: 4]
      [GC Worker Start (ms): Min: 75421.6, Avg: 75421.6, Max: 75421.7, Diff: 0.1]
      [Ext Root Scanning (ms): Min: 0.6, Avg: 0.8, Max: 1.1, Diff: 0.5, Sum: 3.1]
      [Update RS (ms): Min: 0.6, Avg: 0.8, Max: 1.1, Diff: 0.5, Sum: 3.3]
         [Processed Buffers: Min: 2, Avg: 14.3, Max: 29, Diff: 27, Sum: 57]
      [Scan RS (ms): Min: 0.0, Avg: 0.0, Max: 0.0, Diff: 0.0, Sum: 0.1]
      [Code Root Scanning (ms): Min: 0.0, Avg: 0.0, Max: 0.0, Diff: 0.0, Sum: 0.0]
      [Object Copy (ms): Min: 3.9, Avg: 4.0, Max: 4.1, Diff: 0.2, Sum: 16.0]
      [Termination (ms): Min: 0.0, Avg: 0.0, Max: 0.0, Diff: 0.0, Sum: 0.0]
         [Termination Attempts: Min: 1, Avg: 1.0, Max: 1, Diff: 0, Sum: 4]
      [GC Worker Other (ms): Min: 0.0, Avg: 0.0, Max: 0.0, Diff: 0.0, Sum: 0.1]
      [GC Worker Total (ms): Min: 5.6, Avg: 5.6, Max: 5.7, Diff: 0.1, Sum: 22.6]
      [GC Worker End (ms): Min: 75427.3, Avg: 75427.3, Max: 75427.3, Diff: 0.0]
   [Code Root Fixup: 0.0 ms]
   [Code Root Purge: 0.0 ms]
   [String Dedup Fixup: 0.6 ms, GC Workers: 4]
      [Queue Fixup (ms): Min: 0.0, Avg: 0.0, Max: 0.0, Diff: 0.0, Sum: 0.0]
      [Table Fixup (ms): Min: 0.0, Avg: 0.5, Max: 0.6, Diff: 0.6, Sum: 1.9]
   [Clear CT: 0.0 ms]
   [Other: 0.6 ms]
      [Choose CSet: 0.0 ms]
      [Ref Proc: 0.0 ms]
      [Ref Enq: 0.0 ms]
      [Redirty Cards: 0.0 ms]
      [Humongous Register: 0.0 ms]
      [Humongous Reclaim: 0.0 ms]
      [Free CSet: 0.1 ms]
   [Eden: 77.0M(77.0M)->0.0B(39.0M) Survivors: 13.0M->12.0M Heap: 920.0M(1038.0M)->857.0M(1038.0M)]
 [Times: user=0.00 sys=0.00, real=0.01 secs] 
2016-06-27T18:01:49.171+0300: 75.429: Total time for which application threads were stopped: 0.0180701 seconds, Stopping threads took: 0.0103736 seconds
2016-06-27T18:01:49.180+0300: 75.438: [GC concurrent-string-deduplication, 12.6M->11.9M(629.6K), avg 2.6%, 0.0089465 secs]
   [Last Exec: 0.0089465 secs, Idle: 0.6152967 secs, Blocked: 0/0.0000000 secs]
      [Inspected:             653]
         [Skipped:              2(  0.3%)]
         [Hashed:             651( 99.7%)]
         [Known:                0(  0.0%)]
         [New:                651( 99.7%)     12.6M]
      [Deduplicated:           40(  6.1%)    629.6K(  4.9%)]
         [Young:                0(  0.0%)      0.0B(  0.0%)]
         [Old:                 40(100.0%)    629.6K(100.0%)]
   [Total Exec: 299/1.0190511 secs, Idle: 299/74.1640371 secs, Blocked: 5/0.0108620 secs]
      [Inspected:           80452]
         [Skipped:            643(  0.8%)]
         [Hashed:           78831( 98.0%)]
         [Known:             4456(  5.5%)]
         [New:              75353( 93.7%)   1392.1M]
      [Deduplicated:         4423(  5.9%)     35.8M(  2.6%)]
         [Young:                8(  0.2%)     46.1K(  0.1%)]
         [Old:               4415( 99.8%)     35.8M( 99.9%)]
   [Table]
      [Memory Usage: 1297.0K]
      [Size: 32768, Min: 1024, Max: 16777216]
      [Entries: 41238, Load: 125.8%, Cached: 3179, Added: 75316, Removed: 34078]
      [Resize Count: 5, Shrink Threshold: 21845(66.7%), Grow Threshold: 65536(200.0%)]
      [Rehash Count: 1, Rehash Threshold: 120, Hash Seed: 0xc4e8cebb]
      [Age Threshold: 3]
   [Queue]
      [Dropped: 0]
2016-06-27T18:01:49.494+0300: 75.751: [GC pause (G1 Evacuation Pause) (mixed)
Desired survivor size 3670016 bytes, new threshold 1 (max 15)
- age   1:   12259576 bytes,   12259576 total
, 0.0206715 secs]
   [Parallel Time: 18.7 ms, GC Workers: 4]
      [GC Worker Start (ms): Min: 75751.2, Avg: 75751.2, Max: 75751.2, Diff: 0.0]
      [Ext Root Scanning (ms): Min: 0.6, Avg: 0.6, Max: 0.6, Diff: 0.1, Sum: 2.4]
      [Update RS (ms): Min: 0.7, Avg: 0.7, Max: 0.8, Diff: 0.1, Sum: 3.0]
         [Processed Buffers: Min: 2, Avg: 9.8, Max: 19, Diff: 17, Sum: 39]
      [Scan RS (ms): Min: 2.9, Avg: 3.1, Max: 3.5, Diff: 0.6, Sum: 12.5]
      [Code Root Scanning (ms): Min: 0.0, Avg: 0.0, Max: 0.1, Diff: 0.1, Sum: 0.1]
      [Object Copy (ms): Min: 13.7, Avg: 14.1, Max: 14.3, Diff: 0.6, Sum: 56.6]
      [Termination (ms): Min: 0.0, Avg: 0.0, Max: 0.0, Diff: 0.0, Sum: 0.0]
         [Termination Attempts: Min: 1, Avg: 2.0, Max: 3, Diff: 2, Sum: 8]
      [GC Worker Other (ms): Min: 0.0, Avg: 0.0, Max: 0.0, Diff: 0.0, Sum: 0.1]
      [GC Worker Total (ms): Min: 18.6, Avg: 18.7, Max: 18.7, Diff: 0.0, Sum: 74.6]
      [GC Worker End (ms): Min: 75769.9, Avg: 75769.9, Max: 75769.9, Diff: 0.0]
   [Code Root Fixup: 0.0 ms]
   [Code Root Purge: 0.0 ms]
   [String Dedup Fixup: 0.6 ms, GC Workers: 4]
      [Queue Fixup (ms): Min: 0.0, Avg: 0.0, Max: 0.0, Diff: 0.0, Sum: 0.0]
      [Table Fixup (ms): Min: 0.5, Avg: 0.6, Max: 0.6, Diff: 0.0, Sum: 2.2]
   [Clear CT: 0.2 ms]
   [Other: 1.1 ms]
      [Choose CSet: 0.2 ms]
      [Ref Proc: 0.1 ms]
      [Ref Enq: 0.0 ms]
      [Redirty Cards: 0.1 ms]
      [Humongous Register: 0.0 ms]
      [Humongous Reclaim: 0.0 ms]
      [Free CSet: 0.5 ms]
   [Eden: 39.0M(39.0M)->0.0B(44.0M) Survivors: 12.0M->7168.0K Heap: 896.0M(1038.0M)->827.5M(1038.0M)]
 [Times: user=0.06 sys=0.00, real=0.02 secs] 
2016-06-27T18:01:49.515+0300: 75.772: Total time for which application threads were stopped: 0.0306081 seconds, Stopping threads took: 0.0090368 seconds
2016-06-27T18:01:49.523+0300: 75.780: [GC concurrent-string-deduplication, 11.2M->10.9M(363.5K), avg 2.6%, 0.0080057 secs]
   [Last Exec: 0.0080057 secs, Idle: 0.3342140 secs, Blocked: 0/0.0000000 secs]
      [Inspected:             583]
         [Skipped:              3(  0.5%)]
         [Hashed:             580( 99.5%)]
         [Known:                0(  0.0%)]
         [New:                580( 99.5%)     11.2M]
      [Deduplicated:           24(  4.1%)    363.5K(  3.2%)]
         [Young:                0(  0.0%)      0.0B(  0.0%)]
         [Old:                 24(100.0%)    363.5K(100.0%)]
   [Total Exec: 300/1.0270568 secs, Idle: 300/74.4982511 secs, Blocked: 5/0.0108620 secs]
      [Inspected:           81035]
         [Skipped:            646(  0.8%)]
         [Hashed:           79411( 98.0%)]
         [Known:             4456(  5.5%)]
         [New:              75933( 93.7%)   1403.3M]
      [Deduplicated:         4447(  5.9%)     36.2M(  2.6%)]
         [Young:                8(  0.2%)     46.1K(  0.1%)]
         [Old:               4439( 99.8%)     36.1M( 99.9%)]
   [Table]
      [Memory Usage: 1297.0K]
      [Size: 32768, Min: 1024, Max: 16777216]
      [Entries: 41795, Load: 127.5%, Cached: 2622, Added: 75873, Removed: 34078]
      [Resize Count: 5, Shrink Threshold: 21845(66.7%), Grow Threshold: 65536(200.0%)]
      [Rehash Count: 1, Rehash Threshold: 120, Hash Seed: 0xc4e8cebb]
      [Age Threshold: 3]
   [Queue]
      [Dropped: 0]
2016-06-27T18:01:49.872+0300: 76.129: [GC pause (G1 Evacuation Pause) (mixed)
Desired survivor size 3670016 bytes, new threshold 1 (max 15)
- age   1:    6445616 bytes,    6445616 total
, 0.0212856 secs]
   [Parallel Time: 19.6 ms, GC Workers: 4]
      [GC Worker Start (ms): Min: 76129.8, Avg: 76129.8, Max: 76129.8, Diff: 0.1]
      [Ext Root Scanning (ms): Min: 0.5, Avg: 0.6, Max: 0.6, Diff: 0.1, Sum: 2.4]
      [Update RS (ms): Min: 8.4, Avg: 8.5, Max: 8.5, Diff: 0.1, Sum: 33.8]
         [Processed Buffers: Min: 13, Avg: 17.3, Max: 20, Diff: 7, Sum: 69]
      [Scan RS (ms): Min: 2.4, Avg: 2.4, Max: 2.5, Diff: 0.1, Sum: 9.8]
      [Code Root Scanning (ms): Min: 0.0, Avg: 0.0, Max: 0.1, Diff: 0.1, Sum: 0.1]
      [Object Copy (ms): Min: 7.9, Avg: 7.9, Max: 8.0, Diff: 0.0, Sum: 31.8]
      [Termination (ms): Min: 0.0, Avg: 0.0, Max: 0.0, Diff: 0.0, Sum: 0.0]
         [Termination Attempts: Min: 1, Avg: 3.5, Max: 7, Diff: 6, Sum: 14]
      [GC Worker Other (ms): Min: 0.0, Avg: 0.0, Max: 0.0, Diff: 0.0, Sum: 0.1]
      [GC Worker Total (ms): Min: 19.4, Avg: 19.5, Max: 19.5, Diff: 0.1, Sum: 77.9]
      [GC Worker End (ms): Min: 76149.3, Avg: 76149.3, Max: 76149.3, Diff: 0.0]
   [Code Root Fixup: 0.0 ms]
   [Code Root Purge: 0.0 ms]
   [String Dedup Fixup: 0.6 ms, GC Workers: 4]
      [Queue Fixup (ms): Min: 0.0, Avg: 0.0, Max: 0.0, Diff: 0.0, Sum: 0.0]
      [Table Fixup (ms): Min: 0.6, Avg: 0.6, Max: 0.6, Diff: 0.0, Sum: 2.4]
   [Clear CT: 0.2 ms]
   [Other: 0.9 ms]
      [Choose CSet: 0.1 ms]
      [Ref Proc: 0.1 ms]
      [Ref Enq: 0.0 ms]
      [Redirty Cards: 0.0 ms]
      [Humongous Register: 0.0 ms]
      [Humongous Reclaim: 0.0 ms]
      [Free CSet: 0.3 ms]
   [Eden: 44.0M(44.0M)->0.0B(44.0M) Survivors: 7168.0K->7168.0K Heap: 871.5M(1038.0M)->820.0M(1038.0M)]
 [Times: user=0.06 sys=0.00, real=0.02 secs] 
2016-06-27T18:01:49.894+0300: 76.151: Total time for which application threads were stopped: 0.0287093 seconds, Stopping threads took: 0.0066509 seconds
2016-06-27T18:01:49.898+0300: 76.156: [GC concurrent-string-deduplication, 6486.1K->6164.8K(321.3K), avg 2.6%, 0.0045896 secs]
   [Last Exec: 0.0045896 secs, Idle: 0.3709778 secs, Blocked: 0/0.0000000 secs]
      [Inspected:             326]
         [Skipped:              0(  0.0%)]
         [Hashed:             326(100.0%)]
         [Known:                1(  0.3%)]
         [New:                325( 99.7%)   6486.1K]
      [Deduplicated:           17(  5.2%)    321.3K(  5.0%)]
         [Young:                0(  0.0%)      0.0B(  0.0%)]
         [Old:                 17(100.0%)    321.3K(100.0%)]
   [Total Exec: 301/1.0316464 secs, Idle: 301/74.8692289 secs, Blocked: 5/0.0108620 secs]
      [Inspected:           81361]
         [Skipped:            646(  0.8%)]
         [Hashed:           79737( 98.0%)]
         [Known:             4457(  5.5%)]
         [New:              76258( 93.7%)   1409.6M]
      [Deduplicated:         4464(  5.9%)     36.5M(  2.6%)]
         [Young:                8(  0.2%)     46.1K(  0.1%)]
         [Old:               4456( 99.8%)     36.4M( 99.9%)]
   [Table]
      [Memory Usage: 1297.0K]
      [Size: 32768, Min: 1024, Max: 16777216]
      [Entries: 42103, Load: 128.5%, Cached: 2314, Added: 76181, Removed: 34078]
      [Resize Count: 5, Shrink Threshold: 21845(66.7%), Grow Threshold: 65536(200.0%)]
      [Rehash Count: 1, Rehash Threshold: 120, Hash Seed: 0xc4e8cebb]
      [Age Threshold: 3]
   [Queue]
      [Dropped: 0]
2016-06-27T18:01:50.265+0300: 76.522: [GC pause (G1 Evacuation Pause) (young)
Desired survivor size 3670016 bytes, new threshold 1 (max 15)
- age   1:    7072752 bytes,    7072752 total
, 0.0115924 secs]
   [Parallel Time: 10.4 ms, GC Workers: 4]
      [GC Worker Start (ms): Min: 76522.3, Avg: 76522.3, Max: 76522.3, Diff: 0.0]
      [Ext Root Scanning (ms): Min: 0.5, Avg: 0.6, Max: 0.6, Diff: 0.1, Sum: 2.2]
      [Update RS (ms): Min: 7.5, Avg: 7.6, Max: 7.8, Diff: 0.3, Sum: 30.4]
         [Processed Buffers: Min: 8, Avg: 18.0, Max: 36, Diff: 28, Sum: 72]
      [Scan RS (ms): Min: 0.0, Avg: 0.0, Max: 0.0, Diff: 0.0, Sum: 0.0]
      [Code Root Scanning (ms): Min: 0.0, Avg: 0.0, Max: 0.0, Diff: 0.0, Sum: 0.0]
      [Object Copy (ms): Min: 2.0, Avg: 2.2, Max: 2.3, Diff: 0.3, Sum: 8.8]
      [Termination (ms): Min: 0.0, Avg: 0.0, Max: 0.0, Diff: 0.0, Sum: 0.0]
         [Termination Attempts: Min: 1, Avg: 1.0, Max: 1, Diff: 0, Sum: 4]
      [GC Worker Other (ms): Min: 0.0, Avg: 0.0, Max: 0.0, Diff: 0.0, Sum: 0.1]
      [GC Worker Total (ms): Min: 10.4, Avg: 10.4, Max: 10.4, Diff: 0.0, Sum: 41.5]
      [GC Worker End (ms): Min: 76532.6, Avg: 76532.6, Max: 76532.6, Diff: 0.0]
   [Code Root Fixup: 0.0 ms]
   [Code Root Purge: 0.0 ms]
   [String Dedup Fixup: 0.5 ms, GC Workers: 4]
      [Queue Fixup (ms): Min: 0.0, Avg: 0.0, Max: 0.0, Diff: 0.0, Sum: 0.0]
      [Table Fixup (ms): Min: 0.5, Avg: 0.5, Max: 0.5, Diff: 0.0, Sum: 2.0]
   [Clear CT: 0.0 ms]
   [Other: 0.6 ms]
      [Choose CSet: 0.0 ms]
      [Ref Proc: 0.0 ms]
      [Ref Enq: 0.0 ms]
      [Redirty Cards: 0.0 ms]
      [Humongous Register: 0.0 ms]
      [Humongous Reclaim: 0.0 ms]
      [Free CSet: 0.1 ms]
   [Eden: 44.0M(44.0M)->0.0B(89.0M) Survivors: 7168.0K->7168.0K Heap: 864.0M(1038.0M)->829.0M(1038.0M)]
 [Times: user=0.06 sys=0.00, real=0.01 secs] 
2016-06-27T18:01:50.277+0300: 76.534: Total time for which application threads were stopped: 0.0221837 seconds, Stopping threads took: 0.0097813 seconds
2016-06-27T18:01:50.282+0300: 76.539: [GC concurrent-string-deduplication, 7431.9K->7185.6K(246.3K), avg 2.6%, 0.0052426 secs]
   [Last Exec: 0.0052426 secs, Idle: 0.3782671 secs, Blocked: 0/0.0000000 secs]
      [Inspected:             379]
         [Skipped:              2(  0.5%)]
         [Hashed:             377( 99.5%)]
         [Known:                0(  0.0%)]
         [New:                377( 99.5%)   7431.9K]
      [Deduplicated:           18(  4.8%)    246.3K(  3.3%)]
         [Young:                0(  0.0%)      0.0B(  0.0%)]
         [Old:                 18(100.0%)    246.3K(100.0%)]
   [Total Exec: 302/1.0368890 secs, Idle: 302/75.2474960 secs, Blocked: 5/0.0108620 secs]
      [Inspected:           81740]
         [Skipped:            648(  0.8%)]
         [Hashed:           80114( 98.0%)]
         [Known:             4457(  5.5%)]
         [New:              76635( 93.8%)   1416.9M]
      [Deduplicated:         4482(  5.8%)     36.7M(  2.6%)]
         [Young:                8(  0.2%)     46.1K(  0.1%)]
         [Old:               4474( 99.8%)     36.7M( 99.9%)]
   [Table]
      [Memory Usage: 1297.0K]
      [Size: 32768, Min: 1024, Max: 16777216]
      [Entries: 42462, Load: 129.6%, Cached: 1955, Added: 76540, Removed: 34078]
      [Resize Count: 5, Shrink Threshold: 21845(66.7%), Grow Threshold: 65536(200.0%)]
      [Rehash Count: 1, Rehash Threshold: 120, Hash Seed: 0xc4e8cebb]
      [Age Threshold: 3]
   [Queue]
      [Dropped: 0]
2016-06-27T18:01:51.004+0300: 77.262: [GC pause (G1 Evacuation Pause) (young) (initial-mark)
Desired survivor size 6291456 bytes, new threshold 1 (max 15)
- age   1:    6725704 bytes,    6725704 total
, 0.0066911 secs]
   [Parallel Time: 5.5 ms, GC Workers: 4]
      [GC Worker Start (ms): Min: 77261.8, Avg: 77261.8, Max: 77261.8, Diff: 0.0]
      [Ext Root Scanning (ms): Min: 0.5, Avg: 0.6, Max: 0.7, Diff: 0.2, Sum: 2.3]
      [Update RS (ms): Min: 1.0, Avg: 1.5, Max: 2.7, Diff: 1.7, Sum: 6.1]
         [Processed Buffers: Min: 2, Avg: 11.0, Max: 16, Diff: 14, Sum: 44]
      [Scan RS (ms): Min: 0.0, Avg: 0.0, Max: 0.0, Diff: 0.0, Sum: 0.1]
      [Code Root Scanning (ms): Min: 0.0, Avg: 0.0, Max: 0.0, Diff: 0.0, Sum: 0.0]
      [Object Copy (ms): Min: 2.2, Avg: 3.3, Max: 3.7, Diff: 1.6, Sum: 13.1]
      [Termination (ms): Min: 0.0, Avg: 0.0, Max: 0.0, Diff: 0.0, Sum: 0.0]
         [Termination Attempts: Min: 1, Avg: 1.3, Max: 2, Diff: 1, Sum: 5]
      [GC Worker Other (ms): Min: 0.0, Avg: 0.0, Max: 0.0, Diff: 0.0, Sum: 0.1]
      [GC Worker Total (ms): Min: 5.4, Avg: 5.4, Max: 5.5, Diff: 0.0, Sum: 21.8]
      [GC Worker End (ms): Min: 77267.3, Avg: 77267.3, Max: 77267.3, Diff: 0.0]
   [Code Root Fixup: 0.0 ms]
   [Code Root Purge: 0.0 ms]
   [String Dedup Fixup: 0.5 ms, GC Workers: 4]
      [Queue Fixup (ms): Min: 0.0, Avg: 0.0, Max: 0.0, Diff: 0.0, Sum: 0.0]
      [Table Fixup (ms): Min: 0.5, Avg: 0.5, Max: 0.5, Diff: 0.0, Sum: 2.0]
   [Clear CT: 0.0 ms]
   [Other: 0.6 ms]
      [Choose CSet: 0.0 ms]
      [Ref Proc: 0.0 ms]
      [Ref Enq: 0.0 ms]
      [Redirty Cards: 0.0 ms]
      [Humongous Register: 0.0 ms]
      [Humongous Reclaim: 0.0 ms]
      [Free CSet: 0.1 ms]
   [Eden: 89.0M(89.0M)->0.0B(75.0M) Survivors: 7168.0K->12.0M Heap: 918.0M(1038.0M)->844.5M(1038.0M)]
 [Times: user=0.01 sys=0.00, real=0.01 secs] 
2016-06-27T18:01:51.011+0300: 77.269: [GC concurrent-root-region-scan-start]
2016-06-27T18:01:51.011+0300: 77.269: Total time for which application threads were stopped: 0.0165601 seconds, Stopping threads took: 0.0090590 seconds
2016-06-27T18:01:51.012+0300: 77.270: [GC concurrent-root-region-scan-end, 0.0010935 secs]
2016-06-27T18:01:51.012+0300: 77.270: [GC concurrent-mark-start]
2016-06-27T18:01:51.018+0300: 77.275: [GC concurrent-string-deduplication, 9247.2K->8866.9K(380.3K), avg 2.6%, 0.0065470 secs]
   [Last Exec: 0.0065470 secs, Idle: 0.7293162 secs, Blocked: 0/0.0000000 secs]
      [Inspected:             462]
         [Skipped:              0(  0.0%)]
         [Hashed:             462(100.0%)]
         [Known:                0(  0.0%)]
         [New:                462(100.0%)   9247.2K]
      [Deduplicated:           19(  4.1%)    380.3K(  4.1%)]
         [Young:                0(  0.0%)      0.0B(  0.0%)]
         [Old:                 19(100.0%)    380.3K(100.0%)]
   [Total Exec: 303/1.0434360 secs, Idle: 303/75.9768122 secs, Blocked: 5/0.0108620 secs]
      [Inspected:           82202]
         [Skipped:            648(  0.8%)]
         [Hashed:           80576( 98.0%)]
         [Known:             4457(  5.4%)]
         [New:              77097( 93.8%)   1425.9M]
      [Deduplicated:         4501(  5.8%)     37.1M(  2.6%)]
         [Young:                8(  0.2%)     46.1K(  0.1%)]
         [Old:               4493( 99.8%)     37.0M( 99.9%)]
   [Table]
      [Memory Usage: 1297.0K]
      [Size: 32768, Min: 1024, Max: 16777216]
      [Entries: 42905, Load: 130.9%, Cached: 1512, Added: 76983, Removed: 34078]
      [Resize Count: 5, Shrink Threshold: 21845(66.7%), Grow Threshold: 65536(200.0%)]
      [Rehash Count: 1, Rehash Threshold: 120, Hash Seed: 0xc4e8cebb]
      [Age Threshold: 3]
   [Queue]
      [Dropped: 0]
2016-06-27T18:01:51.071+0300: 77.328: [GC concurrent-mark-end, 0.0574566 secs]
2016-06-27T18:01:51.095+0300: 77.352: [GC remark 2016-06-27T18:01:51.095+0300: 77.352: [Finalize Marking, 0.0002707 secs] 2016-06-27T18:01:51.095+0300: 77.353: [GC ref-proc, 0.0000984 secs] 2016-06-27T18:01:51.095+0300: 77.353: [Unloading, 0.0027182 secs], 0.0066299 secs]
 [Times: user=0.06 sys=0.00, real=0.01 secs] 
2016-06-27T18:01:51.102+0300: 77.359: Total time for which application threads were stopped: 0.0166464 seconds, Stopping threads took: 0.0094093 seconds
2016-06-27T18:01:51.569+0300: 77.827: [GC cleanup 919M->919M(1038M), 0.0019005 secs]
 [Times: user=0.00 sys=0.00, real=0.00 secs] 
2016-06-27T18:01:51.571+0300: 77.829: Total time for which application threads were stopped: 0.0072975 seconds, Stopping threads took: 0.0048124 seconds
2016-06-27T18:01:51.577+0300: 77.834: [GC pause (G1 Evacuation Pause) (young)
Desired survivor size 5767168 bytes, new threshold 1 (max 15)
- age   1:   12389960 bytes,   12389960 total
, 0.0064028 secs]
   [Parallel Time: 5.2 ms, GC Workers: 4]
      [GC Worker Start (ms): Min: 77834.0, Avg: 77834.0, Max: 77834.1, Diff: 0.0]
      [Ext Root Scanning (ms): Min: 0.4, Avg: 0.5, Max: 0.6, Diff: 0.2, Sum: 2.0]
      [Update RS (ms): Min: 0.7, Avg: 0.8, Max: 0.9, Diff: 0.2, Sum: 3.2]
         [Processed Buffers: Min: 2, Avg: 18.8, Max: 35, Diff: 33, Sum: 75]
      [Scan RS (ms): Min: 0.0, Avg: 0.0, Max: 0.0, Diff: 0.0, Sum: 0.1]
      [Code Root Scanning (ms): Min: 0.0, Avg: 0.0, Max: 0.0, Diff: 0.0, Sum: 0.0]
      [Object Copy (ms): Min: 3.9, Avg: 3.9, Max: 3.9, Diff: 0.0, Sum: 15.5]
      [Termination (ms): Min: 0.0, Avg: 0.0, Max: 0.0, Diff: 0.0, Sum: 0.0]
         [Termination Attempts: Min: 1, Avg: 1.0, Max: 1, Diff: 0, Sum: 4]
      [GC Worker Other (ms): Min: 0.0, Avg: 0.0, Max: 0.0, Diff: 0.0, Sum: 0.1]
      [GC Worker Total (ms): Min: 5.2, Avg: 5.2, Max: 5.2, Diff: 0.0, Sum: 20.9]
      [GC Worker End (ms): Min: 77839.3, Avg: 77839.3, Max: 77839.3, Diff: 0.0]
   [Code Root Fixup: 0.0 ms]
   [Code Root Purge: 0.0 ms]
   [String Dedup Fixup: 0.6 ms, GC Workers: 4]
      [Queue Fixup (ms): Min: 0.0, Avg: 0.0, Max: 0.0, Diff: 0.0, Sum: 0.0]
      [Table Fixup (ms): Min: 0.5, Avg: 0.5, Max: 0.5, Diff: 0.0, Sum: 2.1]
   [Clear CT: 0.0 ms]
   [Other: 0.5 ms]
      [Choose CSet: 0.0 ms]
      [Ref Proc: 0.0 ms]
      [Ref Enq: 0.0 ms]
      [Redirty Cards: 0.0 ms]
      [Humongous Register: 0.0 ms]
      [Humongous Reclaim: 0.0 ms]
      [Free CSet: 0.1 ms]
   [Eden: 75.0M(75.0M)->0.0B(40.0M) Survivors: 12.0M->11.0M Heap: 919.5M(1038.0M)->858.5M(1038.0M)]
 [Times: user=0.06 sys=0.00, real=0.01 secs] 
2016-06-27T18:01:51.583+0300: 77.841: Total time for which application threads were stopped: 0.0069930 seconds, Stopping threads took: 0.0000556 seconds
2016-06-27T18:01:51.594+0300: 77.851: [GC concurrent-string-deduplication, 12.5M->12.1M(387.4K), avg 2.6%, 0.0101311 secs]
   [Last Exec: 0.0101311 secs, Idle: 0.5653484 secs, Blocked: 0/0.0000000 secs]
      [Inspected:             648]
         [Skipped:              2(  0.3%)]
         [Hashed:             646( 99.7%)]
         [Known:                0(  0.0%)]
         [New:                646( 99.7%)     12.5M]
      [Deduplicated:           26(  4.0%)    387.4K(  3.0%)]
         [Young:                0(  0.0%)      0.0B(  0.0%)]
         [Old:                 26(100.0%)    387.4K(100.0%)]
   [Total Exec: 304/1.0535671 secs, Idle: 304/76.5421605 secs, Blocked: 5/0.0108620 secs]
      [Inspected:           82850]
         [Skipped:            650(  0.8%)]
         [Hashed:           81222( 98.0%)]
         [Known:             4457(  5.4%)]
         [New:              77743( 93.8%)   1438.4M]
      [Deduplicated:         4527(  5.8%)     37.5M(  2.6%)]
         [Young:                8(  0.2%)     46.1K(  0.1%)]
         [Old:               4519( 99.8%)     37.4M( 99.9%)]
   [Table]
      [Memory Usage: 1297.0K]
      [Size: 32768, Min: 1024, Max: 16777216]
      [Entries: 41502, Load: 126.7%, Cached: 2915, Added: 77603, Removed: 36101]
      [Resize Count: 5, Shrink Threshold: 21845(66.7%), Grow Threshold: 65536(200.0%)]
      [Rehash Count: 1, Rehash Threshold: 120, Hash Seed: 0xc4e8cebb]
      [Age Threshold: 3]
   [Queue]
      [Dropped: 0]
2016-06-27T18:01:51.903+0300: 78.160: [GC pause (G1 Evacuation Pause) (mixed)
Desired survivor size 3670016 bytes, new threshold 1 (max 15)
- age   1:   11163696 bytes,   11163696 total
, 0.0210714 secs]
   [Parallel Time: 18.7 ms, GC Workers: 4]
      [GC Worker Start (ms): Min: 78160.2, Avg: 78160.2, Max: 78160.2, Diff: 0.0]
      [Ext Root Scanning (ms): Min: 0.5, Avg: 0.6, Max: 0.7, Diff: 0.3, Sum: 2.2]
      [Update RS (ms): Min: 1.0, Avg: 1.0, Max: 1.1, Diff: 0.1, Sum: 4.1]
         [Processed Buffers: Min: 2, Avg: 11.8, Max: 26, Diff: 24, Sum: 47]
      [Scan RS (ms): Min: 3.4, Avg: 3.4, Max: 3.5, Diff: 0.1, Sum: 13.8]
      [Code Root Scanning (ms): Min: 0.0, Avg: 0.0, Max: 0.0, Diff: 0.0, Sum: 0.1]
      [Object Copy (ms): Min: 13.6, Avg: 13.6, Max: 13.7, Diff: 0.1, Sum: 54.5]
      [Termination (ms): Min: 0.0, Avg: 0.0, Max: 0.0, Diff: 0.0, Sum: 0.0]
         [Termination Attempts: Min: 1, Avg: 1.8, Max: 3, Diff: 2, Sum: 7]
      [GC Worker Other (ms): Min: 0.0, Avg: 0.0, Max: 0.0, Diff: 0.0, Sum: 0.1]
      [GC Worker Total (ms): Min: 18.7, Avg: 18.7, Max: 18.7, Diff: 0.0, Sum: 74.8]
      [GC Worker End (ms): Min: 78178.9, Avg: 78178.9, Max: 78178.9, Diff: 0.0]
   [Code Root Fixup: 0.0 ms]
   [Code Root Purge: 0.0 ms]
   [String Dedup Fixup: 0.7 ms, GC Workers: 4]
      [Queue Fixup (ms): Min: 0.0, Avg: 0.0, Max: 0.0, Diff: 0.0, Sum: 0.0]
      [Table Fixup (ms): Min: 0.7, Avg: 0.7, Max: 0.7, Diff: 0.0, Sum: 2.7]
   [Clear CT: 0.5 ms]
   [Other: 1.1 ms]
      [Choose CSet: 0.2 ms]
      [Ref Proc: 0.1 ms]
      [Ref Enq: 0.0 ms]
      [Redirty Cards: 0.1 ms]
      [Humongous Register: 0.0 ms]
      [Humongous Reclaim: 0.0 ms]
      [Free CSet: 0.5 ms]
   [Eden: 40.0M(40.0M)->0.0B(44.0M) Survivors: 11.0M->7168.0K Heap: 898.5M(1038.0M)->826.5M(1038.0M)]
 [Times: user=0.06 sys=0.00, real=0.02 secs] 
2016-06-27T18:01:51.924+0300: 78.181: Total time for which application threads were stopped: 0.0259565 seconds, Stopping threads took: 0.0042261 seconds
2016-06-27T18:01:51.931+0300: 78.189: [GC concurrent-string-deduplication, 10.2M->10107.9K(386.5K), avg 2.6%, 0.0073856 secs]
   [Last Exec: 0.0073856 secs, Idle: 0.3305259 secs, Blocked: 0/0.0000000 secs]
      [Inspected:             591]
         [Skipped:             28(  4.7%)]
         [Hashed:             563( 95.3%)]
         [Known:                0(  0.0%)]
         [New:                563( 95.3%)     10.2M]
      [Deduplicated:           58( 10.3%)    386.5K(  3.7%)]
         [Young:                0(  0.0%)      0.0B(  0.0%)]
         [Old:                 58(100.0%)    386.5K(100.0%)]
   [Total Exec: 305/1.0609527 secs, Idle: 305/76.8726864 secs, Blocked: 5/0.0108620 secs]
      [Inspected:           83441]
         [Skipped:            678(  0.8%)]
         [Hashed:           81785( 98.0%)]
         [Known:             4457(  5.3%)]
         [New:              78306( 93.8%)   1448.6M]
      [Deduplicated:         4585(  5.9%)     37.8M(  2.6%)]
         [Young:                8(  0.2%)     46.1K(  0.1%)]
         [Old:               4577( 99.8%)     37.8M( 99.9%)]
   [Table]
      [Memory Usage: 1297.0K]
      [Size: 32768, Min: 1024, Max: 16777216]
      [Entries: 42007, Load: 128.2%, Cached: 2410, Added: 78108, Removed: 36101]
      [Resize Count: 5, Shrink Threshold: 21845(66.7%), Grow Threshold: 65536(200.0%)]
      [Rehash Count: 1, Rehash Threshold: 120, Hash Seed: 0xc4e8cebb]
      [Age Threshold: 3]
   [Queue]
      [Dropped: 0]
2016-06-27T18:01:52.273+0300: 78.530: [GC pause (G1 Evacuation Pause) (mixed)
Desired survivor size 3670016 bytes, new threshold 1 (max 15)
- age   1:    6487248 bytes,    6487248 total
, 0.0185948 secs]
   [Parallel Time: 16.9 ms, GC Workers: 4]
      [GC Worker Start (ms): Min: 78530.6, Avg: 78530.6, Max: 78530.6, Diff: 0.0]
      [Ext Root Scanning (ms): Min: 0.5, Avg: 0.5, Max: 0.6, Diff: 0.1, Sum: 2.0]
      [Update RS (ms): Min: 9.1, Avg: 9.2, Max: 9.3, Diff: 0.2, Sum: 36.7]
         [Processed Buffers: Min: 10, Avg: 15.3, Max: 27, Diff: 17, Sum: 61]
      [Scan RS (ms): Min: 1.7, Avg: 1.8, Max: 1.9, Diff: 0.2, Sum: 7.4]
      [Code Root Scanning (ms): Min: 0.0, Avg: 0.0, Max: 0.0, Diff: 0.0, Sum: 0.0]
      [Object Copy (ms): Min: 5.3, Avg: 5.3, Max: 5.4, Diff: 0.1, Sum: 21.4]
      [Termination (ms): Min: 0.0, Avg: 0.0, Max: 0.0, Diff: 0.0, Sum: 0.0]
         [Termination Attempts: Min: 1, Avg: 1.0, Max: 1, Diff: 0, Sum: 4]
      [GC Worker Other (ms): Min: 0.0, Avg: 0.0, Max: 0.0, Diff: 0.0, Sum: 0.1]
      [GC Worker Total (ms): Min: 16.9, Avg: 16.9, Max: 16.9, Diff: 0.0, Sum: 67.6]
      [GC Worker End (ms): Min: 78547.5, Avg: 78547.5, Max: 78547.5, Diff: 0.0]
   [Code Root Fixup: 0.0 ms]
   [Code Root Purge: 0.0 ms]
   [String Dedup Fixup: 0.8 ms, GC Workers: 4]
      [Queue Fixup (ms): Min: 0.0, Avg: 0.0, Max: 0.0, Diff: 0.0, Sum: 0.0]
      [Table Fixup (ms): Min: 0.2, Avg: 0.6, Max: 0.7, Diff: 0.5, Sum: 2.3]
   [Clear CT: 0.2 ms]
   [Other: 0.7 ms]
      [Choose CSet: 0.1 ms]
      [Ref Proc: 0.1 ms]
      [Ref Enq: 0.0 ms]
      [Redirty Cards: 0.0 ms]
      [Humongous Register: 0.0 ms]
      [Humongous Reclaim: 0.0 ms]
      [Free CSet: 0.2 ms]
   [Eden: 44.0M(44.0M)->0.0B(44.0M) Survivors: 7168.0K->7168.0K Heap: 870.5M(1038.0M)->825.0M(1038.0M)]
 [Times: user=0.06 sys=0.00, real=0.02 secs] 
2016-06-27T18:01:52.292+0300: 78.549: Total time for which application threads were stopped: 0.0272296 seconds, Stopping threads took: 0.0079244 seconds
2016-06-27T18:01:52.297+0300: 78.554: [GC concurrent-string-deduplication, 6687.6K->6385.0K(302.6K), avg 2.6%, 0.0044981 secs]
   [Last Exec: 0.0044981 secs, Idle: 0.3605096 secs, Blocked: 0/0.0000000 secs]
      [Inspected:             343]
         [Skipped:              1(  0.3%)]
         [Hashed:             342( 99.7%)]
         [Known:                0(  0.0%)]
         [New:                342( 99.7%)   6687.6K]
      [Deduplicated:           23(  6.7%)    302.6K(  4.5%)]
         [Young:                0(  0.0%)      0.0B(  0.0%)]
         [Old:                 23(100.0%)    302.6K(100.0%)]
   [Total Exec: 306/1.0654508 secs, Idle: 306/77.2331961 secs, Blocked: 5/0.0108620 secs]
      [Inspected:           83784]
         [Skipped:            679(  0.8%)]
         [Hashed:           82127( 98.0%)]
         [Known:             4457(  5.3%)]
         [New:              78648( 93.9%)   1455.2M]
      [Deduplicated:         4608(  5.9%)     38.1M(  2.6%)]
         [Young:                8(  0.2%)     46.1K(  0.1%)]
         [Old:               4600( 99.8%)     38.1M( 99.9%)]
   [Table]
      [Memory Usage: 1297.0K]
      [Size: 32768, Min: 1024, Max: 16777216]
      [Entries: 42326, Load: 129.2%, Cached: 2091, Added: 78427, Removed: 36101]
      [Resize Count: 5, Shrink Threshold: 21845(66.7%), Grow Threshold: 65536(200.0%)]
      [Rehash Count: 1, Rehash Threshold: 120, Hash Seed: 0xc4e8cebb]
      [Age Threshold: 3]
   [Queue]
      [Dropped: 0]
2016-06-27T18:01:52.640+0300: 78.897: [GC pause (G1 Evacuation Pause) (young)
Desired survivor size 3670016 bytes, new threshold 1 (max 15)
- age   1:    6967520 bytes,    6967520 total
, 0.0095675 secs]
   [Parallel Time: 8.3 ms, GC Workers: 4]
      [GC Worker Start (ms): Min: 78897.4, Avg: 78897.4, Max: 78897.4, Diff: 0.0]
      [Ext Root Scanning (ms): Min: 0.6, Avg: 0.6, Max: 0.8, Diff: 0.2, Sum: 2.6]
      [Update RS (ms): Min: 5.3, Avg: 5.3, Max: 5.3, Diff: 0.1, Sum: 21.2]
         [Processed Buffers: Min: 9, Avg: 12.5, Max: 16, Diff: 7, Sum: 50]
      [Scan RS (ms): Min: 0.0, Avg: 0.0, Max: 0.0, Diff: 0.0, Sum: 0.0]
      [Code Root Scanning (ms): Min: 0.0, Avg: 0.0, Max: 0.0, Diff: 0.0, Sum: 0.0]
      [Object Copy (ms): Min: 2.2, Avg: 2.3, Max: 2.3, Diff: 0.1, Sum: 9.1]
      [Termination (ms): Min: 0.0, Avg: 0.0, Max: 0.0, Diff: 0.0, Sum: 0.0]
         [Termination Attempts: Min: 1, Avg: 1.0, Max: 1, Diff: 0, Sum: 4]
      [GC Worker Other (ms): Min: 0.0, Avg: 0.0, Max: 0.0, Diff: 0.0, Sum: 0.1]
      [GC Worker Total (ms): Min: 8.2, Avg: 8.2, Max: 8.3, Diff: 0.0, Sum: 33.0]
      [GC Worker End (ms): Min: 78905.6, Avg: 78905.6, Max: 78905.6, Diff: 0.0]
   [Code Root Fixup: 0.0 ms]
   [Code Root Purge: 0.0 ms]
   [String Dedup Fixup: 0.5 ms, GC Workers: 4]
      [Queue Fixup (ms): Min: 0.0, Avg: 0.0, Max: 0.0, Diff: 0.0, Sum: 0.0]
      [Table Fixup (ms): Min: 0.5, Avg: 0.5, Max: 0.5, Diff: 0.0, Sum: 2.0]
   [Clear CT: 0.0 ms]
   [Other: 0.7 ms]
      [Choose CSet: 0.0 ms]
      [Ref Proc: 0.1 ms]
      [Ref Enq: 0.0 ms]
      [Redirty Cards: 0.0 ms]
      [Humongous Register: 0.1 ms]
      [Humongous Reclaim: 0.0 ms]
      [Free CSet: 0.1 ms]
   [Eden: 44.0M(44.0M)->0.0B(85.0M) Survivors: 7168.0K->7168.0K Heap: 869.0M(1038.0M)->834.0M(1038.0M)]
 [Times: user=0.06 sys=0.00, real=0.01 secs] 
2016-06-27T18:01:52.649+0300: 78.907: Total time for which application threads were stopped: 0.0145886 seconds, Stopping threads took: 0.0043544 seconds
2016-06-27T18:01:52.654+0300: 78.912: [GC concurrent-string-deduplication, 7068.6K->6785.3K(283.3K), avg 2.6%, 0.0049668 secs]
   [Last Exec: 0.0049668 secs, Idle: 0.3530471 secs, Blocked: 0/0.0000000 secs]
      [Inspected:             360]
         [Skipped:              4(  1.1%)]
         [Hashed:             356( 98.9%)]
         [Known:                0(  0.0%)]
         [New:                356( 98.9%)   7068.6K]
      [Deduplicated:           17(  4.8%)    283.3K(  4.0%)]
         [Young:                0(  0.0%)      0.0B(  0.0%)]
         [Old:                 17(100.0%)    283.3K(100.0%)]
   [Total Exec: 307/1.0704176 secs, Idle: 307/77.5862431 secs, Blocked: 5/0.0108620 secs]
      [Inspected:           84144]
         [Skipped:            683(  0.8%)]
         [Hashed:           82483( 98.0%)]
         [Known:             4457(  5.3%)]
         [New:              79004( 93.9%)   1462.1M]
      [Deduplicated:         4625(  5.9%)     38.4M(  2.6%)]
         [Young:                8(  0.2%)     46.1K(  0.1%)]
         [Old:               4617( 99.8%)     38.4M( 99.9%)]
   [Table]
      [Memory Usage: 1297.0K]
      [Size: 32768, Min: 1024, Max: 16777216]
      [Entries: 42665, Load: 130.2%, Cached: 1752, Added: 78766, Removed: 36101]
      [Resize Count: 5, Shrink Threshold: 21845(66.7%), Grow Threshold: 65536(200.0%)]
      [Rehash Count: 1, Rehash Threshold: 120, Hash Seed: 0xc4e8cebb]
      [Age Threshold: 3]
   [Queue]
      [Dropped: 0]
2016-06-27T18:01:53.342+0300: 79.600: [GC pause (G1 Evacuation Pause) (young) (initial-mark)
Desired survivor size 6291456 bytes, new threshold 1 (max 15)
- age   1:    6916296 bytes,    6916296 total
, 0.0060496 secs]
   [Parallel Time: 4.8 ms, GC Workers: 4]
      [GC Worker Start (ms): Min: 79600.1, Avg: 79600.1, Max: 79600.1, Diff: 0.0]
      [Ext Root Scanning (ms): Min: 0.5, Avg: 0.6, Max: 0.6, Diff: 0.1, Sum: 2.2]
      [Update RS (ms): Min: 0.7, Avg: 0.8, Max: 0.9, Diff: 0.1, Sum: 3.2]
         [Processed Buffers: Min: 10, Avg: 15.5, Max: 20, Diff: 10, Sum: 62]
      [Scan RS (ms): Min: 0.0, Avg: 0.0, Max: 0.0, Diff: 0.0, Sum: 0.1]
      [Code Root Scanning (ms): Min: 0.0, Avg: 0.0, Max: 0.0, Diff: 0.0, Sum: 0.0]
      [Object Copy (ms): Min: 3.4, Avg: 3.4, Max: 3.5, Diff: 0.1, Sum: 13.7]
      [Termination (ms): Min: 0.0, Avg: 0.0, Max: 0.0, Diff: 0.0, Sum: 0.0]
         [Termination Attempts: Min: 1, Avg: 1.0, Max: 1, Diff: 0, Sum: 4]
      [GC Worker Other (ms): Min: 0.0, Avg: 0.0, Max: 0.0, Diff: 0.0, Sum: 0.1]
      [GC Worker Total (ms): Min: 4.8, Avg: 4.8, Max: 4.8, Diff: 0.0, Sum: 19.2]
      [GC Worker End (ms): Min: 79604.8, Avg: 79604.8, Max: 79604.8, Diff: 0.0]
   [Code Root Fixup: 0.0 ms]
   [Code Root Purge: 0.0 ms]
   [String Dedup Fixup: 0.5 ms, GC Workers: 4]
      [Queue Fixup (ms): Min: 0.0, Avg: 0.0, Max: 0.0, Diff: 0.0, Sum: 0.0]
      [Table Fixup (ms): Min: 0.5, Avg: 0.5, Max: 0.5, Diff: 0.0, Sum: 1.9]
   [Clear CT: 0.0 ms]
   [Other: 0.6 ms]
      [Choose CSet: 0.0 ms]
      [Ref Proc: 0.1 ms]
      [Ref Enq: 0.0 ms]
      [Redirty Cards: 0.0 ms]
      [Humongous Register: 0.0 ms]
      [Humongous Reclaim: 0.0 ms]
      [Free CSet: 0.1 ms]
   [Eden: 85.0M(85.0M)->0.0B(71.0M) Survivors: 7168.0K->12.0M Heap: 919.0M(1038.0M)->849.5M(1038.0M)]
 [Times: user=0.06 sys=0.00, real=0.01 secs] 
2016-06-27T18:01:53.349+0300: 79.606: [GC concurrent-root-region-scan-start]
2016-06-27T18:01:53.349+0300: 79.606: Total time for which application threads were stopped: 0.0155380 seconds, Stopping threads took: 0.0087977 seconds
2016-06-27T18:01:53.350+0300: 79.607: [GC concurrent-root-region-scan-end, 0.0009169 secs]
2016-06-27T18:01:53.350+0300: 79.607: [GC concurrent-mark-start]
2016-06-27T18:01:53.355+0300: 79.612: [GC concurrent-string-deduplication, 8789.0K->8546.7K(242.4K), avg 2.6%, 0.0060526 secs]
   [Last Exec: 0.0060526 secs, Idle: 0.6941805 secs, Blocked: 0/0.0000000 secs]
      [Inspected:             446]
         [Skipped:              2(  0.4%)]
         [Hashed:             444( 99.6%)]
         [Known:                0(  0.0%)]
         [New:                444( 99.6%)   8789.0K]
      [Deduplicated:           17(  3.8%)    242.4K(  2.8%)]
         [Young:                0(  0.0%)      0.0B(  0.0%)]
         [Old:                 17(100.0%)    242.4K(100.0%)]
   [Total Exec: 308/1.0764702 secs, Idle: 308/78.2804237 secs, Blocked: 5/0.0108620 secs]
      [Inspected:           84590]
         [Skipped:            685(  0.8%)]
         [Hashed:           82927( 98.0%)]
         [Known:             4457(  5.3%)]
         [New:              79448( 93.9%)   1470.7M]
      [Deduplicated:         4642(  5.8%)     38.6M(  2.6%)]
         [Young:                8(  0.2%)     46.1K(  0.1%)]
         [Old:               4634( 99.8%)     38.6M( 99.9%)]
   [Table]
      [Memory Usage: 1297.0K]
      [Size: 32768, Min: 1024, Max: 16777216]
      [Entries: 43102, Load: 131.5%, Cached: 1315, Added: 79203, Removed: 36101]
      [Resize Count: 5, Shrink Threshold: 21845(66.7%), Grow Threshold: 65536(200.0%)]
      [Rehash Count: 1, Rehash Threshold: 120, Hash Seed: 0xc4e8cebb]
      [Age Threshold: 3]
   [Queue]
      [Dropped: 0]
2016-06-27T18:01:53.408+0300: 79.665: [GC concurrent-mark-end, 0.0582773 secs]
2016-06-27T18:01:53.443+0300: 79.700: [GC remark 2016-06-27T18:01:53.443+0300: 79.700: [Finalize Marking, 0.0002801 secs] 2016-06-27T18:01:53.443+0300: 79.700: [GC ref-proc, 0.0000979 secs] 2016-06-27T18:01:53.443+0300: 79.700: [Unloading, 0.0025728 secs], 0.0064892 secs]
 [Times: user=0.00 sys=0.00, real=0.01 secs] 
2016-06-27T18:01:53.449+0300: 79.707: Total time for which application threads were stopped: 0.0145971 seconds, Stopping threads took: 0.0076268 seconds
2016-06-27T18:01:53.450+0300: 79.707: [GC cleanup 863M->863M(1038M), 0.0018470 secs]
 [Times: user=0.00 sys=0.00, real=0.00 secs] 
2016-06-27T18:01:53.452+0300: 79.709: Total time for which application threads were stopped: 0.0024385 seconds, Stopping threads took: 0.0000851 seconds
2016-06-27T18:01:53.912+0300: 80.169: [GC pause (G1 Evacuation Pause) (young)
Desired survivor size 5767168 bytes, new threshold 1 (max 15)
- age   1:   12367544 bytes,   12367544 total
, 0.0064619 secs]
   [Parallel Time: 5.3 ms, GC Workers: 4]
      [GC Worker Start (ms): Min: 80169.3, Avg: 80169.3, Max: 80169.3, Diff: 0.0]
      [Ext Root Scanning (ms): Min: 0.4, Avg: 0.5, Max: 0.6, Diff: 0.2, Sum: 2.0]
      [Update RS (ms): Min: 0.9, Avg: 0.9, Max: 1.0, Diff: 0.1, Sum: 3.8]
         [Processed Buffers: Min: 2, Avg: 9.5, Max: 21, Diff: 19, Sum: 38]
      [Scan RS (ms): Min: 0.0, Avg: 0.0, Max: 0.0, Diff: 0.0, Sum: 0.1]
      [Code Root Scanning (ms): Min: 0.0, Avg: 0.0, Max: 0.0, Diff: 0.0, Sum: 0.0]
      [Object Copy (ms): Min: 3.8, Avg: 3.8, Max: 3.8, Diff: 0.1, Sum: 15.2]
      [Termination (ms): Min: 0.0, Avg: 0.0, Max: 0.0, Diff: 0.0, Sum: 0.0]
         [Termination Attempts: Min: 1, Avg: 1.0, Max: 1, Diff: 0, Sum: 4]
      [GC Worker Other (ms): Min: 0.0, Avg: 0.0, Max: 0.0, Diff: 0.0, Sum: 0.1]
      [GC Worker Total (ms): Min: 5.3, Avg: 5.3, Max: 5.3, Diff: 0.0, Sum: 21.1]
      [GC Worker End (ms): Min: 80174.5, Avg: 80174.5, Max: 80174.6, Diff: 0.0]
   [Code Root Fixup: 0.0 ms]
   [Code Root Purge: 0.0 ms]
   [String Dedup Fixup: 0.6 ms, GC Workers: 4]
      [Queue Fixup (ms): Min: 0.0, Avg: 0.0, Max: 0.0, Diff: 0.0, Sum: 0.0]
      [Table Fixup (ms): Min: 0.5, Avg: 0.5, Max: 0.6, Diff: 0.0, Sum: 2.1]
   [Clear CT: 0.0 ms]
   [Other: 0.5 ms]
      [Choose CSet: 0.0 ms]
      [Ref Proc: 0.1 ms]
      [Ref Enq: 0.0 ms]
      [Redirty Cards: 0.0 ms]
      [Humongous Register: 0.0 ms]
      [Humongous Reclaim: 0.0 ms]
      [Free CSet: 0.1 ms]
   [Eden: 71.0M(71.0M)->0.0B(40.0M) Survivors: 12.0M->11.0M Heap: 920.5M(1038.0M)->863.0M(1038.0M)]
 [Times: user=0.00 sys=0.00, real=0.01 secs] 
2016-06-27T18:01:53.919+0300: 80.176: Total time for which application threads were stopped: 0.0113824 seconds, Stopping threads took: 0.0041970 seconds
2016-06-27T18:01:53.927+0300: 80.184: [GC concurrent-string-deduplication, 11.6M->11.0M(604.8K), avg 2.6%, 0.0081554 secs]
   [Last Exec: 0.0081554 secs, Idle: 0.5636236 secs, Blocked: 0/0.0000000 secs]
      [Inspected:             603]
         [Skipped:              1(  0.2%)]
         [Hashed:             602( 99.8%)]
         [Known:                0(  0.0%)]
         [New:                602( 99.8%)     11.6M]
      [Deduplicated:           40(  6.6%)    604.8K(  5.1%)]
         [Young:                0(  0.0%)      0.0B(  0.0%)]
         [Old:                 40(100.0%)    604.8K(100.0%)]
   [Total Exec: 309/1.0846255 secs, Idle: 309/78.8440473 secs, Blocked: 5/0.0108620 secs]
      [Inspected:           85193]
         [Skipped:            686(  0.8%)]
         [Hashed:           83529( 98.0%)]
         [Known:             4457(  5.2%)]
         [New:              80050( 94.0%)   1482.2M]
      [Deduplicated:         4682(  5.8%)     39.2M(  2.6%)]
         [Young:                8(  0.2%)     46.1K(  0.1%)]
         [Old:               4674( 99.8%)     39.2M( 99.9%)]
   [Table]
      [Memory Usage: 1297.0K]
      [Size: 32768, Min: 1024, Max: 16777216]
      [Entries: 42065, Load: 128.4%, Cached: 2352, Added: 79765, Removed: 37700]
      [Resize Count: 5, Shrink Threshold: 21845(66.7%), Grow Threshold: 65536(200.0%)]
      [Rehash Count: 1, Rehash Threshold: 120, Hash Seed: 0xc4e8cebb]
      [Age Threshold: 3]
   [Queue]
      [Dropped: 0]
2016-06-27T18:01:54.252+0300: 80.510: [GC pause (G1 Evacuation Pause) (mixed)
Desired survivor size 3670016 bytes, new threshold 1 (max 15)
- age   1:   11314120 bytes,   11314120 total
, 0.0206531 secs]
   [Parallel Time: 18.6 ms, GC Workers: 4]
      [GC Worker Start (ms): Min: 80509.8, Avg: 80509.8, Max: 80509.8, Diff: 0.0]
      [Ext Root Scanning (ms): Min: 0.4, Avg: 0.5, Max: 0.7, Diff: 0.2, Sum: 2.0]
      [Update RS (ms): Min: 0.7, Avg: 0.8, Max: 0.9, Diff: 0.2, Sum: 3.4]
         [Processed Buffers: Min: 2, Avg: 7.5, Max: 13, Diff: 11, Sum: 30]
      [Scan RS (ms): Min: 3.6, Avg: 3.7, Max: 3.8, Diff: 0.1, Sum: 14.8]
      [Code Root Scanning (ms): Min: 0.0, Avg: 0.0, Max: 0.1, Diff: 0.1, Sum: 0.2]
      [Object Copy (ms): Min: 13.4, Avg: 13.5, Max: 13.5, Diff: 0.1, Sum: 53.9]
      [Termination (ms): Min: 0.0, Avg: 0.0, Max: 0.0, Diff: 0.0, Sum: 0.0]
         [Termination Attempts: Min: 1, Avg: 1.0, Max: 1, Diff: 0, Sum: 4]
      [GC Worker Other (ms): Min: 0.0, Avg: 0.0, Max: 0.0, Diff: 0.0, Sum: 0.1]
      [GC Worker Total (ms): Min: 18.6, Avg: 18.6, Max: 18.6, Diff: 0.0, Sum: 74.3]
      [GC Worker End (ms): Min: 80528.4, Avg: 80528.4, Max: 80528.4, Diff: 0.0]
   [Code Root Fixup: 0.0 ms]
   [Code Root Purge: 0.0 ms]
   [String Dedup Fixup: 0.7 ms, GC Workers: 4]
      [Queue Fixup (ms): Min: 0.0, Avg: 0.0, Max: 0.0, Diff: 0.0, Sum: 0.0]
      [Table Fixup (ms): Min: 0.7, Avg: 0.7, Max: 0.7, Diff: 0.0, Sum: 2.8]
   [Clear CT: 0.2 ms]
   [Other: 1.1 ms]
      [Choose CSet: 0.2 ms]
      [Ref Proc: 0.1 ms]
      [Ref Enq: 0.0 ms]
      [Redirty Cards: 0.1 ms]
      [Humongous Register: 0.0 ms]
      [Humongous Reclaim: 0.0 ms]
      [Free CSet: 0.5 ms]
   [Eden: 40.0M(40.0M)->0.0B(44.0M) Survivors: 11.0M->7168.0K Heap: 903.0M(1038.0M)->830.5M(1038.0M)]
 [Times: user=0.13 sys=0.00, real=0.02 secs] 
2016-06-27T18:01:54.273+0300: 80.530: Total time for which application threads were stopped: 0.0301163 seconds, Stopping threads took: 0.0087896 seconds
2016-06-27T18:01:54.280+0300: 80.538: [GC concurrent-string-deduplication, 10.2M->10067.9K(352.5K), avg 2.7%, 0.0074617 secs]
   [Last Exec: 0.0074617 secs, Idle: 0.3463423 secs, Blocked: 0/0.0000000 secs]
      [Inspected:             547]
         [Skipped:              5(  0.9%)]
         [Hashed:             542( 99.1%)]
         [Known:               10(  1.8%)]
         [New:                532( 97.3%)     10.2M]
      [Deduplicated:           29(  5.5%)    352.5K(  3.4%)]
         [Young:                0(  0.0%)      0.0B(  0.0%)]
         [Old:                 29(100.0%)    352.5K(100.0%)]
   [Total Exec: 310/1.0920872 secs, Idle: 310/79.1903896 secs, Blocked: 5/0.0108620 secs]
      [Inspected:           85740]
         [Skipped:            691(  0.8%)]
         [Hashed:           84071( 98.1%)]
         [Known:             4467(  5.2%)]
         [New:              80582( 94.0%)   1492.4M]
      [Deduplicated:         4711(  5.8%)     39.6M(  2.7%)]
         [Young:                8(  0.2%)     46.1K(  0.1%)]
         [Old:               4703( 99.8%)     39.5M( 99.9%)]
   [Table]
      [Memory Usage: 1297.0K]
      [Size: 32768, Min: 1024, Max: 16777216]
      [Entries: 42568, Load: 129.9%, Cached: 1849, Added: 80268, Removed: 37700]
      [Resize Count: 5, Shrink Threshold: 21845(66.7%), Grow Threshold: 65536(200.0%)]
      [Rehash Count: 1, Rehash Threshold: 120, Hash Seed: 0xc4e8cebb]
      [Age Threshold: 3]
   [Queue]
      [Dropped: 0]
2016-06-27T18:01:54.629+0300: 80.887: [GC pause (G1 Evacuation Pause) (mixed)
Desired survivor size 3670016 bytes, new threshold 1 (max 15)
- age   1:    6830784 bytes,    6830784 total
, 0.0161162 secs]
   [Parallel Time: 14.8 ms, GC Workers: 4]
      [GC Worker Start (ms): Min: 80886.8, Avg: 80886.8, Max: 80886.8, Diff: 0.0]
      [Ext Root Scanning (ms): Min: 0.5, Avg: 0.5, Max: 0.6, Diff: 0.2, Sum: 2.1]
      [Update RS (ms): Min: 10.2, Avg: 10.4, Max: 10.8, Diff: 0.6, Sum: 41.7]
         [Processed Buffers: Min: 14, Avg: 17.5, Max: 21, Diff: 7, Sum: 70]
      [Scan RS (ms): Min: 0.1, Avg: 0.6, Max: 0.8, Diff: 0.7, Sum: 2.4]
      [Code Root Scanning (ms): Min: 0.0, Avg: 0.0, Max: 0.0, Diff: 0.0, Sum: 0.0]
      [Object Copy (ms): Min: 3.2, Avg: 3.2, Max: 3.3, Diff: 0.1, Sum: 12.9]
      [Termination (ms): Min: 0.0, Avg: 0.0, Max: 0.0, Diff: 0.0, Sum: 0.0]
         [Termination Attempts: Min: 1, Avg: 1.0, Max: 1, Diff: 0, Sum: 4]
      [GC Worker Other (ms): Min: 0.0, Avg: 0.0, Max: 0.0, Diff: 0.0, Sum: 0.1]
      [GC Worker Total (ms): Min: 14.8, Avg: 14.8, Max: 14.8, Diff: 0.0, Sum: 59.1]
      [GC Worker End (ms): Min: 80901.5, Avg: 80901.5, Max: 80901.5, Diff: 0.0]
   [Code Root Fixup: 0.0 ms]
   [Code Root Purge: 0.0 ms]
   [String Dedup Fixup: 0.6 ms, GC Workers: 4]
      [Queue Fixup (ms): Min: 0.0, Avg: 0.0, Max: 0.0, Diff: 0.0, Sum: 0.0]
      [Table Fixup (ms): Min: 0.5, Avg: 0.5, Max: 0.5, Diff: 0.0, Sum: 2.1]
   [Clear CT: 0.1 ms]
   [Other: 0.6 ms]
      [Choose CSet: 0.0 ms]
      [Ref Proc: 0.1 ms]
      [Ref Enq: 0.0 ms]
      [Redirty Cards: 0.1 ms]
      [Humongous Register: 0.0 ms]
      [Humongous Reclaim: 0.0 ms]
      [Free CSet: 0.1 ms]
   [Eden: 44.0M(44.0M)->0.0B(44.0M) Survivors: 7168.0K->7168.0K Heap: 874.5M(1038.0M)->836.5M(1038.0M)]
 [Times: user=0.13 sys=0.00, real=0.02 secs] 
2016-06-27T18:01:54.646+0300: 80.903: Total time for which application threads were stopped: 0.0205655 seconds, Stopping threads took: 0.0037971 seconds
2016-06-27T18:01:54.651+0300: 80.908: [GC concurrent-string-deduplication, 7047.7K->6765.3K(282.4K), avg 2.7%, 0.0049129 secs]
   [Last Exec: 0.0049129 secs, Idle: 0.3649363 secs, Blocked: 0/0.0000000 secs]
      [Inspected:             360]
         [Skipped:              3(  0.8%)]
         [Hashed:             357( 99.2%)]
         [Known:                0(  0.0%)]
         [New:                357( 99.2%)   7047.7K]
      [Deduplicated:           19(  5.3%)    282.4K(  4.0%)]
         [Young:                0(  0.0%)      0.0B(  0.0%)]
         [Old:                 19(100.0%)    282.4K(100.0%)]
   [Total Exec: 311/1.0970001 secs, Idle: 311/79.5553259 secs, Blocked: 5/0.0108620 secs]
      [Inspected:           86100]
         [Skipped:            694(  0.8%)]
         [Hashed:           84428( 98.1%)]
         [Known:             4467(  5.2%)]
         [New:              80939( 94.0%)   1499.3M]
      [Deduplicated:         4730(  5.8%)     39.9M(  2.7%)]
         [Young:                8(  0.2%)     46.1K(  0.1%)]
         [Old:               4722( 99.8%)     39.8M( 99.9%)]
   [Table]
      [Memory Usage: 1297.0K]
      [Size: 32768, Min: 1024, Max: 16777216]
      [Entries: 42906, Load: 130.9%, Cached: 1511, Added: 80606, Removed: 37700]
      [Resize Count: 5, Shrink Threshold: 21845(66.7%), Grow Threshold: 65536(200.0%)]
      [Rehash Count: 1, Rehash Threshold: 120, Hash Seed: 0xc4e8cebb]
      [Age Threshold: 3]
   [Queue]
      [Dropped: 0]
2016-06-27T18:01:55.001+0300: 81.259: [GC pause (G1 Evacuation Pause) (young)
Desired survivor size 3670016 bytes, new threshold 1 (max 15)
- age   1:    6828672 bytes,    6828672 total
, 0.0064725 secs]
   [Parallel Time: 5.1 ms, GC Workers: 4]
      [GC Worker Start (ms): Min: 81259.3, Avg: 81259.3, Max: 81259.3, Diff: 0.0]
      [Ext Root Scanning (ms): Min: 0.4, Avg: 0.5, Max: 0.6, Diff: 0.1, Sum: 2.1]
      [Update RS (ms): Min: 2.0, Avg: 2.2, Max: 2.6, Diff: 0.6, Sum: 8.7]
         [Processed Buffers: Min: 2, Avg: 12.0, Max: 25, Diff: 23, Sum: 48]
      [Scan RS (ms): Min: 0.0, Avg: 0.0, Max: 0.0, Diff: 0.0, Sum: 0.0]
      [Code Root Scanning (ms): Min: 0.0, Avg: 0.0, Max: 0.0, Diff: 0.0, Sum: 0.0]
      [Object Copy (ms): Min: 1.9, Avg: 2.3, Max: 2.5, Diff: 0.6, Sum: 9.3]
      [Termination (ms): Min: 0.0, Avg: 0.0, Max: 0.0, Diff: 0.0, Sum: 0.0]
         [Termination Attempts: Min: 1, Avg: 1.0, Max: 1, Diff: 0, Sum: 4]
      [GC Worker Other (ms): Min: 0.0, Avg: 0.0, Max: 0.0, Diff: 0.0, Sum: 0.1]
      [GC Worker Total (ms): Min: 5.0, Avg: 5.1, Max: 5.1, Diff: 0.0, Sum: 20.2]
      [GC Worker End (ms): Min: 81264.4, Avg: 81264.4, Max: 81264.4, Diff: 0.0]
   [Code Root Fixup: 0.0 ms]
   [Code Root Purge: 0.0 ms]
   [String Dedup Fixup: 0.7 ms, GC Workers: 4]
      [Queue Fixup (ms): Min: 0.0, Avg: 0.0, Max: 0.0, Diff: 0.0, Sum: 0.0]
      [Table Fixup (ms): Min: 0.3, Avg: 0.6, Max: 0.7, Diff: 0.4, Sum: 2.2]
   [Clear CT: 0.0 ms]
   [Other: 0.7 ms]
      [Choose CSet: 0.0 ms]
      [Ref Proc: 0.1 ms]
      [Ref Enq: 0.0 ms]
      [Redirty Cards: 0.0 ms]
      [Humongous Register: 0.0 ms]
      [Humongous Reclaim: 0.0 ms]
      [Free CSet: 0.1 ms]
   [Eden: 44.0M(44.0M)->0.0B(75.0M) Survivors: 7168.0K->7168.0K Heap: 880.5M(1038.0M)->844.5M(1038.0M)]
 [Times: user=0.06 sys=0.00, real=0.01 secs] 
2016-06-27T18:01:55.008+0300: 81.266: Total time for which application threads were stopped: 0.0144650 seconds, Stopping threads took: 0.0072915 seconds
2016-06-27T18:01:55.013+0300: 81.270: [GC concurrent-string-deduplication, 6750.3K->6605.2K(145.2K), avg 2.7%, 0.0046858 secs]
   [Last Exec: 0.0046858 secs, Idle: 0.3578522 secs, Blocked: 0/0.0000000 secs]
      [Inspected:             342]
         [Skipped:              0(  0.0%)]
         [Hashed:             342(100.0%)]
         [Known:                0(  0.0%)]
         [New:                342(100.0%)   6750.3K]
      [Deduplicated:           12(  3.5%)    145.2K(  2.2%)]
         [Young:                0(  0.0%)      0.0B(  0.0%)]
         [Old:                 12(100.0%)    145.2K(100.0%)]
   [Total Exec: 312/1.1016859 secs, Idle: 312/79.9131780 secs, Blocked: 5/0.0108620 secs]
      [Inspected:           86442]
         [Skipped:            694(  0.8%)]
         [Hashed:           84770( 98.1%)]
         [Known:             4467(  5.2%)]
         [New:              81281( 94.0%)   1505.9M]
      [Deduplicated:         4742(  5.8%)     40.0M(  2.7%)]
         [Young:                8(  0.2%)     46.1K(  0.1%)]
         [Old:               4734( 99.8%)     40.0M( 99.9%)]
   [Table]
      [Memory Usage: 1297.0K]
      [Size: 32768, Min: 1024, Max: 16777216]
      [Entries: 43236, Load: 131.9%, Cached: 1181, Added: 80936, Removed: 37700]
      [Resize Count: 5, Shrink Threshold: 21845(66.7%), Grow Threshold: 65536(200.0%)]
      [Rehash Count: 1, Rehash Threshold: 120, Hash Seed: 0xc4e8cebb]
      [Age Threshold: 3]
   [Queue]
      [Dropped: 0]
2016-06-27T18:01:55.606+0300: 81.864: [GC pause (G1 Evacuation Pause) (young) (initial-mark)
Desired survivor size 5767168 bytes, new threshold 1 (max 15)
- age   1:    7163632 bytes,    7163632 total
, 0.0057922 secs]
   [Parallel Time: 4.6 ms, GC Workers: 4]
      [GC Worker Start (ms): Min: 81864.0, Avg: 81864.0, Max: 81864.0, Diff: 0.0]
      [Ext Root Scanning (ms): Min: 0.5, Avg: 0.6, Max: 0.6, Diff: 0.1, Sum: 2.2]
      [Update RS (ms): Min: 0.8, Avg: 0.8, Max: 0.9, Diff: 0.1, Sum: 3.2]
         [Processed Buffers: Min: 6, Avg: 15.3, Max: 21, Diff: 15, Sum: 61]
      [Scan RS (ms): Min: 0.0, Avg: 0.0, Max: 0.0, Diff: 0.0, Sum: 0.0]
      [Code Root Scanning (ms): Min: 0.0, Avg: 0.0, Max: 0.0, Diff: 0.0, Sum: 0.0]
      [Object Copy (ms): Min: 3.1, Avg: 3.2, Max: 3.2, Diff: 0.1, Sum: 12.7]
      [Termination (ms): Min: 0.0, Avg: 0.0, Max: 0.0, Diff: 0.0, Sum: 0.0]
         [Termination Attempts: Min: 1, Avg: 1.0, Max: 1, Diff: 0, Sum: 4]
      [GC Worker Other (ms): Min: 0.0, Avg: 0.0, Max: 0.0, Diff: 0.0, Sum: 0.1]
      [GC Worker Total (ms): Min: 4.6, Avg: 4.6, Max: 4.6, Diff: 0.0, Sum: 18.3]
      [GC Worker End (ms): Min: 81868.6, Avg: 81868.6, Max: 81868.6, Diff: 0.0]
   [Code Root Fixup: 0.0 ms]
   [Code Root Purge: 0.0 ms]
   [String Dedup Fixup: 0.5 ms, GC Workers: 4]
      [Queue Fixup (ms): Min: 0.0, Avg: 0.0, Max: 0.0, Diff: 0.0, Sum: 0.0]
      [Table Fixup (ms): Min: 0.5, Avg: 0.5, Max: 0.5, Diff: 0.0, Sum: 1.8]
   [Clear CT: 0.1 ms]
   [Other: 0.6 ms]
      [Choose CSet: 0.0 ms]
      [Ref Proc: 0.1 ms]
      [Ref Enq: 0.0 ms]
      [Redirty Cards: 0.0 ms]
      [Humongous Register: 0.0 ms]
      [Humongous Reclaim: 0.0 ms]
      [Free CSet: 0.1 ms]
   [Eden: 75.0M(75.0M)->0.0B(63.0M) Survivors: 7168.0K->11.0M Heap: 919.5M(1038.0M)->859.0M(1038.0M)]
 [Times: user=0.00 sys=0.00, real=0.01 secs] 
2016-06-27T18:01:55.612+0300: 81.870: [GC concurrent-root-region-scan-start]
2016-06-27T18:01:55.612+0300: 81.870: Total time for which application threads were stopped: 0.0145561 seconds, Stopping threads took: 0.0079839 seconds
2016-06-27T18:01:55.613+0300: 81.871: [GC concurrent-root-region-scan-end, 0.0009374 secs]
2016-06-27T18:01:55.613+0300: 81.871: [GC concurrent-mark-start]
2016-06-27T18:01:55.619+0300: 81.876: [GC concurrent-string-deduplication, 8648.8K->8366.5K(282.3K), avg 2.7%, 0.0062343 secs]
   [Last Exec: 0.0062343 secs, Idle: 0.5992862 secs, Blocked: 0/0.0000000 secs]
      [Inspected:             436]
         [Skipped:              2(  0.5%)]
         [Hashed:             434( 99.5%)]
         [Known:                0(  0.0%)]
         [New:                434( 99.5%)   8648.8K]
      [Deduplicated:           16(  3.7%)    282.3K(  3.3%)]
         [Young:                0(  0.0%)      0.0B(  0.0%)]
         [Old:                 16(100.0%)    282.3K(100.0%)]
   [Total Exec: 313/1.1079203 secs, Idle: 313/80.5124642 secs, Blocked: 5/0.0108620 secs]
      [Inspected:           86878]
         [Skipped:            696(  0.8%)]
         [Hashed:           85204( 98.1%)]
         [Known:             4467(  5.1%)]
         [New:              81715( 94.1%)   1514.3M]
      [Deduplicated:         4758(  5.8%)     40.3M(  2.7%)]
         [Young:                8(  0.2%)     46.1K(  0.1%)]
         [Old:               4750( 99.8%)     40.2M( 99.9%)]
   [Table]
      [Memory Usage: 1297.0K]
      [Size: 32768, Min: 1024, Max: 16777216]
      [Entries: 43656, Load: 133.2%, Cached: 761, Added: 81356, Removed: 37700]
      [Resize Count: 5, Shrink Threshold: 21845(66.7%), Grow Threshold: 65536(200.0%)]
      [Rehash Count: 1, Rehash Threshold: 120, Hash Seed: 0xc4e8cebb]
      [Age Threshold: 3]
   [Queue]
      [Dropped: 0]
2016-06-27T18:01:55.674+0300: 81.932: [GC concurrent-mark-end, 0.0598331 secs]
2016-06-27T18:01:55.701+0300: 81.958: [GC remark 2016-06-27T18:01:55.701+0300: 81.958: [Finalize Marking, 0.0001950 secs] 2016-06-27T18:01:55.701+0300: 81.958: [GC ref-proc, 0.0000996 secs] 2016-06-27T18:01:55.701+0300: 81.959: [Unloading, 0.0026177 secs], 0.0065559 secs]
 [Times: user=0.00 sys=0.00, real=0.01 secs] 
2016-06-27T18:01:55.707+0300: 81.965: Total time for which application threads were stopped: 0.0132184 seconds, Stopping threads took: 0.0061480 seconds
2016-06-27T18:01:56.097+0300: 82.355: [GC pause (G1 Evacuation Pause) (young)
Desired survivor size 5242880 bytes, new threshold 1 (max 15)
- age   1:   11073064 bytes,   11073064 total
, 0.0066552 secs]
   [Parallel Time: 5.4 ms, GC Workers: 4]
      [GC Worker Start (ms): Min: 82354.8, Avg: 82354.9, Max: 82355.0, Diff: 0.2]
      [Ext Root Scanning (ms): Min: 0.6, Avg: 1.4, Max: 3.6, Diff: 3.1, Sum: 5.7]
      [Update RS (ms): Min: 0.0, Avg: 0.8, Max: 1.2, Diff: 1.2, Sum: 3.3]
         [Processed Buffers: Min: 0, Avg: 11.3, Max: 34, Diff: 34, Sum: 45]
      [Scan RS (ms): Min: 0.0, Avg: 0.0, Max: 0.0, Diff: 0.0, Sum: 0.1]
      [Code Root Scanning (ms): Min: 0.0, Avg: 0.0, Max: 0.0, Diff: 0.0, Sum: 0.0]
      [Object Copy (ms): Min: 1.7, Avg: 3.0, Max: 3.5, Diff: 1.8, Sum: 12.0]
      [Termination (ms): Min: 0.0, Avg: 0.0, Max: 0.0, Diff: 0.0, Sum: 0.0]
         [Termination Attempts: Min: 1, Avg: 1.0, Max: 1, Diff: 0, Sum: 4]
      [GC Worker Other (ms): Min: 0.0, Avg: 0.0, Max: 0.0, Diff: 0.0, Sum: 0.1]
      [GC Worker Total (ms): Min: 5.2, Avg: 5.3, Max: 5.4, Diff: 0.2, Sum: 21.1]
      [GC Worker End (ms): Min: 82360.1, Avg: 82360.2, Max: 82360.2, Diff: 0.0]
   [Code Root Fixup: 0.0 ms]
   [Code Root Purge: 0.0 ms]
   [String Dedup Fixup: 0.7 ms, GC Workers: 4]
      [Queue Fixup (ms): Min: 0.0, Avg: 0.0, Max: 0.0, Diff: 0.0, Sum: 0.0]
      [Table Fixup (ms): Min: 0.2, Avg: 0.5, Max: 0.6, Diff: 0.4, Sum: 2.0]
   [Clear CT: 0.0 ms]
   [Other: 0.5 ms]
      [Choose CSet: 0.0 ms]
      [Ref Proc: 0.1 ms]
      [Ref Enq: 0.0 ms]
      [Redirty Cards: 0.0 ms]
      [Humongous Register: 0.0 ms]
      [Humongous Reclaim: 0.0 ms]
      [Free CSet: 0.1 ms]
   [Eden: 63.0M(63.0M)->0.0B(53.0M) Survivors: 11.0M->10.0M Heap: 922.0M(1038.0M)->870.5M(1038.0M)]
 [Times: user=0.03 sys=0.00, real=0.01 secs] 
2016-06-27T18:01:56.104+0300: 82.362: Total time for which application threads were stopped: 0.0134245 seconds, Stopping threads took: 0.0061604 seconds
2016-06-27T18:01:56.105+0300: 82.362: [GC cleanup 870M->870M(1038M), 0.0019360 secs]
 [Times: user=0.00 sys=0.00, real=0.00 secs] 
2016-06-27T18:01:56.107+0300: 82.364: Total time for which application threads were stopped: 0.0024081 seconds, Stopping threads took: 0.0000402 seconds
2016-06-27T18:01:56.114+0300: 82.372: [GC concurrent-string-deduplication, 10.2M->10007.8K(404.0K), avg 2.7%, 0.0078111 secs]
   [Last Exec: 0.0078111 secs, Idle: 0.4853548 secs, Blocked: 1/0.0024248 secs]
      [Inspected:             538]
         [Skipped:              1(  0.2%)]
         [Hashed:             537( 99.8%)]
         [Known:                2(  0.4%)]
         [New:                535( 99.4%)     10.2M]
      [Deduplicated:           35(  6.5%)    404.0K(  3.9%)]
         [Young:                0(  0.0%)      0.0B(  0.0%)]
         [Old:                 35(100.0%)    404.0K(100.0%)]
   [Total Exec: 314/1.1157314 secs, Idle: 314/80.9978190 secs, Blocked: 6/0.0132868 secs]
      [Inspected:           87416]
         [Skipped:            697(  0.8%)]
         [Hashed:           85741( 98.1%)]
         [Known:             4469(  5.1%)]
         [New:              82250( 94.1%)   1524.5M]
      [Deduplicated:         4793(  5.8%)     40.7M(  2.7%)]
         [Young:                8(  0.2%)     46.1K(  0.1%)]
         [Old:               4785( 99.8%)     40.6M( 99.9%)]
   [Table]
      [Memory Usage: 1297.0K]
      [Size: 32768, Min: 1024, Max: 16777216]
      [Entries: 42426, Load: 129.5%, Cached: 1991, Added: 81857, Removed: 39431]
      [Resize Count: 5, Shrink Threshold: 21845(66.7%), Grow Threshold: 65536(200.0%)]
      [Rehash Count: 1, Rehash Threshold: 120, Hash Seed: 0xc4e8cebb]
      [Age Threshold: 3]
   [Queue]
      [Dropped: 0]
2016-06-27T18:01:56.528+0300: 82.785: [GC pause (G1 Evacuation Pause) (young)
Desired survivor size 4194304 bytes, new threshold 1 (max 15)
- age   1:   10281376 bytes,   10281376 total
, 0.0055539 secs]
   [Parallel Time: 4.4 ms, GC Workers: 4]
      [GC Worker Start (ms): Min: 82785.1, Avg: 82785.1, Max: 82785.1, Diff: 0.0]
      [Ext Root Scanning (ms): Min: 0.5, Avg: 0.5, Max: 0.6, Diff: 0.2, Sum: 2.1]
      [Update RS (ms): Min: 0.8, Avg: 1.0, Max: 1.5, Diff: 0.7, Sum: 4.1]
         [Processed Buffers: Min: 2, Avg: 9.5, Max: 22, Diff: 20, Sum: 38]
      [Scan RS (ms): Min: 0.0, Avg: 0.0, Max: 0.0, Diff: 0.0, Sum: 0.1]
      [Code Root Scanning (ms): Min: 0.0, Avg: 0.0, Max: 0.0, Diff: 0.0, Sum: 0.0]
      [Object Copy (ms): Min: 2.4, Avg: 2.8, Max: 3.0, Diff: 0.6, Sum: 11.3]
      [Termination (ms): Min: 0.0, Avg: 0.0, Max: 0.0, Diff: 0.0, Sum: 0.0]
         [Termination Attempts: Min: 1, Avg: 1.0, Max: 1, Diff: 0, Sum: 4]
      [GC Worker Other (ms): Min: 0.0, Avg: 0.0, Max: 0.0, Diff: 0.0, Sum: 0.1]
      [GC Worker Total (ms): Min: 4.4, Avg: 4.4, Max: 4.4, Diff: 0.0, Sum: 17.6]
      [GC Worker End (ms): Min: 82789.5, Avg: 82789.5, Max: 82789.5, Diff: 0.0]
   [Code Root Fixup: 0.0 ms]
   [Code Root Purge: 0.0 ms]
   [String Dedup Fixup: 0.6 ms, GC Workers: 4]
      [Queue Fixup (ms): Min: 0.0, Avg: 0.0, Max: 0.0, Diff: 0.0, Sum: 0.0]
      [Table Fixup (ms): Min: 0.5, Avg: 0.5, Max: 0.5, Diff: 0.0, Sum: 2.1]
   [Clear CT: 0.0 ms]
   [Other: 0.5 ms]
      [Choose CSet: 0.0 ms]
      [Ref Proc: 0.1 ms]
      [Ref Enq: 0.0 ms]
      [Redirty Cards: 0.0 ms]
      [Humongous Register: 0.0 ms]
      [Humongous Reclaim: 0.0 ms]
      [Free CSet: 0.1 ms]
   [Eden: 53.0M(53.0M)->0.0B(43.0M) Survivors: 10.0M->8192.0K Heap: 923.5M(1038.0M)->880.0M(1038.0M)]
 [Times: user=0.00 sys=0.00, real=0.01 secs] 
2016-06-27T18:01:56.534+0300: 82.791: Total time for which application threads were stopped: 0.0101196 seconds, Stopping threads took: 0.0038891 seconds
2016-06-27T18:01:56.541+0300: 82.798: [GC concurrent-string-deduplication, 10.2M->10107.9K(287.3K), avg 2.7%, 0.0076191 secs]
   [Last Exec: 0.0076191 secs, Idle: 0.4189114 secs, Blocked: 0/0.0000000 secs]
      [Inspected:             531]
         [Skipped:              4(  0.8%)]
         [Hashed:             527( 99.2%)]
         [Known:                1(  0.2%)]
         [New:                526( 99.1%)     10.2M]
      [Deduplicated:           21(  4.0%)    287.3K(  2.8%)]
         [Young:                0(  0.0%)      0.0B(  0.0%)]
         [Old:                 21(100.0%)    287.3K(100.0%)]
   [Total Exec: 315/1.1233505 secs, Idle: 315/81.4167304 secs, Blocked: 6/0.0132868 secs]
      [Inspected:           87947]
         [Skipped:            701(  0.8%)]
         [Hashed:           86268( 98.1%)]
         [Known:             4470(  5.1%)]
         [New:              82776( 94.1%)   1534.7M]
      [Deduplicated:         4814(  5.8%)     40.9M(  2.7%)]
         [Young:                8(  0.2%)     46.1K(  0.1%)]
         [Old:               4806( 99.8%)     40.9M( 99.9%)]
   [Table]
      [Memory Usage: 1297.0K]
      [Size: 32768, Min: 1024, Max: 16777216]
      [Entries: 42931, Load: 131.0%, Cached: 1486, Added: 82362, Removed: 39431]
      [Resize Count: 5, Shrink Threshold: 21845(66.7%), Grow Threshold: 65536(200.0%)]
      [Rehash Count: 1, Rehash Threshold: 120, Hash Seed: 0xc4e8cebb]
      [Age Threshold: 3]
   [Queue]
      [Dropped: 0]
2016-06-27T18:01:56.861+0300: 83.118: [GC pause (G1 Evacuation Pause) (mixed)
Desired survivor size 3670016 bytes, new threshold 1 (max 15)
- age   1:    8234880 bytes,    8234880 total
, 0.0198842 secs]
   [Parallel Time: 18.0 ms, GC Workers: 4]
      [GC Worker Start (ms): Min: 83118.4, Avg: 83118.4, Max: 83118.4, Diff: 0.0]
      [Ext Root Scanning (ms): Min: 0.5, Avg: 0.5, Max: 0.6, Diff: 0.1, Sum: 2.2]
      [Update RS (ms): Min: 0.4, Avg: 0.5, Max: 0.5, Diff: 0.1, Sum: 1.9]
         [Processed Buffers: Min: 2, Avg: 7.8, Max: 14, Diff: 12, Sum: 31]
      [Scan RS (ms): Min: 3.1, Avg: 3.2, Max: 3.2, Diff: 0.1, Sum: 12.8]
      [Code Root Scanning (ms): Min: 0.0, Avg: 0.0, Max: 0.1, Diff: 0.1, Sum: 0.1]
      [Object Copy (ms): Min: 13.6, Avg: 13.7, Max: 13.7, Diff: 0.1, Sum: 54.7]
      [Termination (ms): Min: 0.0, Avg: 0.0, Max: 0.0, Diff: 0.0, Sum: 0.0]
         [Termination Attempts: Min: 1, Avg: 3.0, Max: 8, Diff: 7, Sum: 12]
      [GC Worker Other (ms): Min: 0.0, Avg: 0.0, Max: 0.0, Diff: 0.0, Sum: 0.1]
      [GC Worker Total (ms): Min: 17.9, Avg: 17.9, Max: 18.0, Diff: 0.0, Sum: 71.8]
      [GC Worker End (ms): Min: 83136.3, Avg: 83136.3, Max: 83136.3, Diff: 0.0]
   [Code Root Fixup: 0.0 ms]
   [Code Root Purge: 0.0 ms]
   [String Dedup Fixup: 0.6 ms, GC Workers: 4]
      [Queue Fixup (ms): Min: 0.0, Avg: 0.0, Max: 0.0, Diff: 0.0, Sum: 0.0]
      [Table Fixup (ms): Min: 0.6, Avg: 0.6, Max: 0.6, Diff: 0.0, Sum: 2.3]
   [Clear CT: 0.2 ms]
   [Other: 1.1 ms]
      [Choose CSet: 0.2 ms]
      [Ref Proc: 0.1 ms]
      [Ref Enq: 0.0 ms]
      [Redirty Cards: 0.0 ms]
      [Humongous Register: 0.0 ms]
      [Humongous Reclaim: 0.0 ms]
      [Free CSet: 0.4 ms]
   [Eden: 43.0M(43.0M)->0.0B(44.0M) Survivors: 8192.0K->7168.0K Heap: 923.0M(1038.0M)->851.0M(1038.0M)]
 [Times: user=0.13 sys=0.00, real=0.02 secs] 
2016-06-27T18:01:56.881+0300: 83.138: Total time for which application threads were stopped: 0.0257324 seconds, Stopping threads took: 0.0051866 seconds
2016-06-27T18:01:56.886+0300: 83.144: [GC concurrent-string-deduplication, 8052.5K->7786.1K(266.5K), avg 2.7%, 0.0055997 secs]
   [Last Exec: 0.0055997 secs, Idle: 0.3397521 secs, Blocked: 0/0.0000000 secs]
      [Inspected:             412]
         [Skipped:              1(  0.2%)]
         [Hashed:             411( 99.8%)]
         [Known:                0(  0.0%)]
         [New:                411( 99.8%)   8052.5K]
      [Deduplicated:           22(  5.4%)    266.5K(  3.3%)]
         [Young:                0(  0.0%)      0.0B(  0.0%)]
         [Old:                 22(100.0%)    266.5K(100.0%)]
   [Total Exec: 316/1.1289502 secs, Idle: 316/81.7564825 secs, Blocked: 6/0.0132868 secs]
      [Inspected:           88359]
         [Skipped:            702(  0.8%)]
         [Hashed:           86679( 98.1%)]
         [Known:             4470(  5.1%)]
         [New:              83187( 94.1%)   1542.5M]
      [Deduplicated:         4836(  5.8%)     41.2M(  2.7%)]
         [Young:                8(  0.2%)     46.1K(  0.1%)]
         [Old:               4828( 99.8%)     41.2M( 99.9%)]
   [Table]
      [Memory Usage: 1297.0K]
      [Size: 32768, Min: 1024, Max: 16777216]
      [Entries: 43320, Load: 132.2%, Cached: 1097, Added: 82751, Removed: 39431]
      [Resize Count: 5, Shrink Threshold: 21845(66.7%), Grow Threshold: 65536(200.0%)]
      [Rehash Count: 1, Rehash Threshold: 120, Hash Seed: 0xc4e8cebb]
      [Age Threshold: 3]
   [Queue]
      [Dropped: 0]
2016-06-27T18:01:57.216+0300: 83.473: [GC pause (G1 Evacuation Pause) (mixed)
Desired survivor size 3670016 bytes, new threshold 1 (max 15)
- age   1:    6798560 bytes,    6798560 total
, 0.0192915 secs]
   [Parallel Time: 17.9 ms, GC Workers: 4]
      [GC Worker Start (ms): Min: 83473.1, Avg: 83473.2, Max: 83473.3, Diff: 0.2]
      [Ext Root Scanning (ms): Min: 0.7, Avg: 0.8, Max: 1.0, Diff: 0.4, Sum: 3.2]
      [Update RS (ms): Min: 9.8, Avg: 10.2, Max: 10.3, Diff: 0.5, Sum: 40.7]
         [Processed Buffers: Min: 11, Avg: 15.5, Max: 19, Diff: 8, Sum: 62]
      [Scan RS (ms): Min: 1.5, Avg: 1.5, Max: 1.6, Diff: 0.1, Sum: 6.1]
      [Code Root Scanning (ms): Min: 0.0, Avg: 0.0, Max: 0.0, Diff: 0.0, Sum: 0.0]
      [Object Copy (ms): Min: 5.2, Avg: 5.3, Max: 5.3, Diff: 0.1, Sum: 21.0]
      [Termination (ms): Min: 0.0, Avg: 0.0, Max: 0.0, Diff: 0.0, Sum: 0.0]
         [Termination Attempts: Min: 1, Avg: 1.0, Max: 1, Diff: 0, Sum: 4]
      [GC Worker Other (ms): Min: 0.0, Avg: 0.0, Max: 0.0, Diff: 0.0, Sum: 0.0]
      [GC Worker Total (ms): Min: 17.6, Avg: 17.8, Max: 17.9, Diff: 0.2, Sum: 71.1]
      [GC Worker End (ms): Min: 83490.9, Avg: 83490.9, Max: 83490.9, Diff: 0.0]
   [Code Root Fixup: 0.0 ms]
   [Code Root Purge: 0.0 ms]
   [String Dedup Fixup: 0.5 ms, GC Workers: 4]
      [Queue Fixup (ms): Min: 0.0, Avg: 0.0, Max: 0.0, Diff: 0.0, Sum: 0.0]
      [Table Fixup (ms): Min: 0.5, Avg: 0.5, Max: 0.5, Diff: 0.0, Sum: 2.0]
   [Clear CT: 0.2 ms]
   [Other: 0.7 ms]
      [Choose CSet: 0.1 ms]
      [Ref Proc: 0.1 ms]
      [Ref Enq: 0.0 ms]
      [Redirty Cards: 0.0 ms]
      [Humongous Register: 0.0 ms]
      [Humongous Reclaim: 0.0 ms]
      [Free CSet: 0.2 ms]
   [Eden: 44.0M(44.0M)->0.0B(44.0M) Survivors: 7168.0K->7168.0K Heap: 895.0M(1038.0M)->852.0M(1038.0M)]
 [Times: user=0.06 sys=0.00, real=0.02 secs] 
2016-06-27T18:01:57.235+0300: 83.492: Total time for which application threads were stopped: 0.0240290 seconds, Stopping threads took: 0.0039691 seconds
2016-06-27T18:01:57.240+0300: 83.497: [GC concurrent-string-deduplication, 6967.6K->6705.2K(262.4K), avg 2.7%, 0.0049078 secs]
   [Last Exec: 0.0049078 secs, Idle: 0.3486157 secs, Blocked: 0/0.0000000 secs]
      [Inspected:             354]
         [Skipped:              1(  0.3%)]
         [Hashed:             353( 99.7%)]
         [Known:                0(  0.0%)]
         [New:                353( 99.7%)   6967.6K]
      [Deduplicated:           18(  5.1%)    262.4K(  3.8%)]
         [Young:                0(  0.0%)      0.0B(  0.0%)]
         [Old:                 18(100.0%)    262.4K(100.0%)]
   [Total Exec: 317/1.1338580 secs, Idle: 317/82.1050982 secs, Blocked: 6/0.0132868 secs]
      [Inspected:           88713]
         [Skipped:            703(  0.8%)]
         [Hashed:           87032( 98.1%)]
         [Known:             4470(  5.0%)]
         [New:              83540( 94.2%)   1549.3M]
      [Deduplicated:         4854(  5.8%)     41.5M(  2.7%)]
         [Young:                8(  0.2%)     46.1K(  0.1%)]
         [Old:               4846( 99.8%)     41.4M( 99.9%)]
   [Table]
      [Memory Usage: 1297.0K]
      [Size: 32768, Min: 1024, Max: 16777216]
      [Entries: 43657, Load: 133.2%, Cached: 760, Added: 83088, Removed: 39431]
      [Resize Count: 5, Shrink Threshold: 21845(66.7%), Grow Threshold: 65536(200.0%)]
      [Rehash Count: 1, Rehash Threshold: 120, Hash Seed: 0xc4e8cebb]
      [Age Threshold: 3]
   [Queue]
      [Dropped: 0]
2016-06-27T18:01:57.598+0300: 83.855: [GC pause (G1 Evacuation Pause) (young)
Desired survivor size 3670016 bytes, new threshold 1 (max 15)
- age   1:    7000512 bytes,    7000512 total
, 0.0088101 secs]
   [Parallel Time: 7.4 ms, GC Workers: 4]
      [GC Worker Start (ms): Min: 83855.2, Avg: 83855.2, Max: 83855.2, Diff: 0.0]
      [Ext Root Scanning (ms): Min: 0.5, Avg: 0.6, Max: 0.7, Diff: 0.1, Sum: 2.3]
      [Update RS (ms): Min: 4.5, Avg: 4.7, Max: 5.2, Diff: 0.7, Sum: 18.7]
         [Processed Buffers: Min: 5, Avg: 13.3, Max: 32, Diff: 27, Sum: 53]
      [Scan RS (ms): Min: 0.0, Avg: 0.0, Max: 0.0, Diff: 0.0, Sum: 0.0]
      [Code Root Scanning (ms): Min: 0.0, Avg: 0.0, Max: 0.0, Diff: 0.0, Sum: 0.0]
      [Object Copy (ms): Min: 1.6, Avg: 2.1, Max: 2.3, Diff: 0.7, Sum: 8.4]
      [Termination (ms): Min: 0.0, Avg: 0.0, Max: 0.0, Diff: 0.0, Sum: 0.0]
         [Termination Attempts: Min: 1, Avg: 1.0, Max: 1, Diff: 0, Sum: 4]
      [GC Worker Other (ms): Min: 0.0, Avg: 0.0, Max: 0.0, Diff: 0.0, Sum: 0.1]
      [GC Worker Total (ms): Min: 7.4, Avg: 7.4, Max: 7.4, Diff: 0.0, Sum: 29.6]
      [GC Worker End (ms): Min: 83862.6, Avg: 83862.6, Max: 83862.6, Diff: 0.0]
   [Code Root Fixup: 0.0 ms]
   [Code Root Purge: 0.0 ms]
   [String Dedup Fixup: 0.6 ms, GC Workers: 4]
      [Queue Fixup (ms): Min: 0.0, Avg: 0.0, Max: 0.0, Diff: 0.0, Sum: 0.0]
      [Table Fixup (ms): Min: 0.5, Avg: 0.5, Max: 0.5, Diff: 0.0, Sum: 2.1]
   [Clear CT: 0.1 ms]
   [Other: 0.7 ms]
      [Choose CSet: 0.0 ms]
      [Ref Proc: 0.1 ms]
      [Ref Enq: 0.0 ms]
      [Redirty Cards: 0.1 ms]
      [Humongous Register: 0.0 ms]
      [Humongous Reclaim: 0.0 ms]
      [Free CSet: 0.1 ms]
   [Eden: 44.0M(44.0M)->0.0B(62.0M) Survivors: 7168.0K->7168.0K Heap: 896.0M(1038.0M)->861.0M(1038.0M)]
 [Times: user=0.06 sys=0.00, real=0.01 secs] 
2016-06-27T18:01:57.607+0300: 83.864: Total time for which application threads were stopped: 0.0141968 seconds, Stopping threads took: 0.0046131 seconds
2016-06-27T18:01:57.612+0300: 83.869: [GC concurrent-string-deduplication, 6851.6K->6705.2K(146.4K), avg 2.7%, 0.0049330 secs]
   [Last Exec: 0.0049330 secs, Idle: 0.3665361 secs, Blocked: 0/0.0000000 secs]
      [Inspected:             354]
         [Skipped:              1(  0.3%)]
         [Hashed:             353( 99.7%)]
         [Known:                2(  0.6%)]
         [New:                351( 99.2%)   6851.6K]
      [Deduplicated:           16(  4.6%)    146.4K(  2.1%)]
         [Young:                0(  0.0%)      0.0B(  0.0%)]
         [Old:                 16(100.0%)    146.4K(100.0%)]
   [Total Exec: 318/1.1387909 secs, Idle: 318/82.4716343 secs, Blocked: 6/0.0132868 secs]
      [Inspected:           89067]
         [Skipped:            704(  0.8%)]
         [Hashed:           87385( 98.1%)]
         [Known:             4472(  5.0%)]
         [New:              83891( 94.2%)   1556.0M]
      [Deduplicated:         4870(  5.8%)     41.6M(  2.7%)]
         [Young:                8(  0.2%)     46.1K(  0.1%)]
         [Old:               4862( 99.8%)     41.6M( 99.9%)]
   [Table]
      [Memory Usage: 1297.0K]
      [Size: 32768, Min: 1024, Max: 16777216]
      [Entries: 43992, Load: 134.3%, Cached: 425, Added: 83423, Removed: 39431]
      [Resize Count: 5, Shrink Threshold: 21845(66.7%), Grow Threshold: 65536(200.0%)]
      [Rehash Count: 1, Rehash Threshold: 120, Hash Seed: 0xc4e8cebb]
      [Age Threshold: 3]
   [Queue]
      [Dropped: 0]
2016-06-27T18:01:58.106+0300: 84.364: [GC pause (G1 Evacuation Pause) (young) (initial-mark)
Desired survivor size 4718592 bytes, new threshold 1 (max 15)
- age   1:    7028080 bytes,    7028080 total
, 0.0056232 secs]
   [Parallel Time: 4.4 ms, GC Workers: 4]
      [GC Worker Start (ms): Min: 84363.8, Avg: 84363.9, Max: 84364.0, Diff: 0.2]
      [Ext Root Scanning (ms): Min: 0.5, Avg: 0.6, Max: 0.8, Diff: 0.3, Sum: 2.5]
      [Update RS (ms): Min: 0.9, Avg: 1.0, Max: 1.0, Diff: 0.1, Sum: 3.9]
         [Processed Buffers: Min: 4, Avg: 15.8, Max: 30, Diff: 26, Sum: 63]
      [Scan RS (ms): Min: 0.0, Avg: 0.0, Max: 0.0, Diff: 0.0, Sum: 0.0]
      [Code Root Scanning (ms): Min: 0.0, Avg: 0.0, Max: 0.0, Diff: 0.0, Sum: 0.0]
      [Object Copy (ms): Min: 2.6, Avg: 2.7, Max: 2.8, Diff: 0.2, Sum: 10.9]
      [Termination (ms): Min: 0.0, Avg: 0.0, Max: 0.0, Diff: 0.0, Sum: 0.0]
         [Termination Attempts: Min: 1, Avg: 1.0, Max: 1, Diff: 0, Sum: 4]
      [GC Worker Other (ms): Min: 0.0, Avg: 0.0, Max: 0.0, Diff: 0.0, Sum: 0.1]
      [GC Worker Total (ms): Min: 4.2, Avg: 4.3, Max: 4.4, Diff: 0.2, Sum: 17.4]
      [GC Worker End (ms): Min: 84368.2, Avg: 84368.2, Max: 84368.2, Diff: 0.0]
   [Code Root Fixup: 0.0 ms]
   [Code Root Purge: 0.0 ms]
   [String Dedup Fixup: 0.5 ms, GC Workers: 4]
      [Queue Fixup (ms): Min: 0.0, Avg: 0.0, Max: 0.0, Diff: 0.0, Sum: 0.0]
      [Table Fixup (ms): Min: 0.5, Avg: 0.5, Max: 0.5, Diff: 0.0, Sum: 2.1]
   [Clear CT: 0.0 ms]
   [Other: 0.6 ms]
      [Choose CSet: 0.0 ms]
      [Ref Proc: 0.1 ms]
      [Ref Enq: 0.0 ms]
      [Redirty Cards: 0.0 ms]
      [Humongous Register: 0.0 ms]
      [Humongous Reclaim: 0.0 ms]
      [Free CSet: 0.1 ms]
   [Eden: 62.0M(62.0M)->0.0B(52.0M) Survivors: 7168.0K->9216.0K Heap: 923.0M(1038.0M)->872.0M(1038.0M)]
 [Times: user=0.00 sys=0.00, real=0.01 secs] 
2016-06-27T18:01:58.112+0300: 84.369: [GC concurrent-root-region-scan-start]
2016-06-27T18:01:58.112+0300: 84.369: Total time for which application threads were stopped: 0.0134258 seconds, Stopping threads took: 0.0070503 seconds
2016-06-27T18:01:58.113+0300: 84.370: [GC concurrent-root-region-scan-end, 0.0007065 secs]
2016-06-27T18:01:58.113+0300: 84.370: [GC concurrent-mark-start]
2016-06-27T18:01:58.119+0300: 84.376: [GC concurrent-string-deduplication, 8146.4K->7926.2K(220.2K), avg 2.7%, 0.0063883 secs]
   [Last Exec: 0.0063883 secs, Idle: 0.5004274 secs, Blocked: 0/0.0000000 secs]
      [Inspected:             407]
         [Skipped:              0(  0.0%)]
         [Hashed:             407(100.0%)]
         [Known:                0(  0.0%)]
         [New:                407(100.0%)   8146.4K]
      [Deduplicated:           11(  2.7%)    220.2K(  2.7%)]
         [Young:                0(  0.0%)      0.0B(  0.0%)]
         [Old:                 11(100.0%)    220.2K(100.0%)]
   [Total Exec: 319/1.1451792 secs, Idle: 319/82.9720618 secs, Blocked: 6/0.0132868 secs]
      [Inspected:           89474]
         [Skipped:            704(  0.8%)]
         [Hashed:           87792( 98.1%)]
         [Known:             4472(  5.0%)]
         [New:              84298( 94.2%)   1564.0M]
      [Deduplicated:         4881(  5.8%)     41.8M(  2.7%)]
         [Young:                8(  0.2%)     46.1K(  0.1%)]
         [Old:               4873( 99.8%)     41.8M( 99.9%)]
   [Table]
      [Memory Usage: 1297.0K]
      [Size: 32768, Min: 1024, Max: 16777216]
      [Entries: 44388, Load: 135.5%, Cached: 29, Added: 83819, Removed: 39431]
      [Resize Count: 5, Shrink Threshold: 21845(66.7%), Grow Threshold: 65536(200.0%)]
      [Rehash Count: 1, Rehash Threshold: 120, Hash Seed: 0xc4e8cebb]
      [Age Threshold: 3]
   [Queue]
      [Dropped: 0]
2016-06-27T18:01:58.170+0300: 84.427: [GC concurrent-mark-end, 0.0571590 secs]
2016-06-27T18:01:58.205+0300: 84.462: [GC remark 2016-06-27T18:01:58.205+0300: 84.462: [Finalize Marking, 0.0002066 secs] 2016-06-27T18:01:58.205+0300: 84.462: [GC ref-proc, 0.0001236 secs] 2016-06-27T18:01:58.205+0300: 84.462: [Unloading, 0.0027806 secs], 0.0068463 secs]
 [Times: user=0.06 sys=0.00, real=0.01 secs] 
2016-06-27T18:01:58.212+0300: 84.469: Total time for which application threads were stopped: 0.0094619 seconds, Stopping threads took: 0.0021849 seconds
2016-06-27T18:01:58.250+0300: 84.508: [GC cleanup 891M->891M(1038M), 0.0019262 secs]
 [Times: user=0.00 sys=0.00, real=0.00 secs] 
2016-06-27T18:01:58.252+0300: 84.510: Total time for which application threads were stopped: 0.0091107 seconds, Stopping threads took: 0.0067137 seconds
2016-06-27T18:01:58.508+0300: 84.765: [GC pause (G1 Evacuation Pause) (young)
Desired survivor size 4194304 bytes, new threshold 1 (max 15)
- age   1:    9221976 bytes,    9221976 total
, 0.0050686 secs]
   [Parallel Time: 3.9 ms, GC Workers: 4]
      [GC Worker Start (ms): Min: 84765.5, Avg: 84765.5, Max: 84765.6, Diff: 0.0]
      [Ext Root Scanning (ms): Min: 0.4, Avg: 0.5, Max: 0.6, Diff: 0.2, Sum: 1.9]
      [Update RS (ms): Min: 0.6, Avg: 0.6, Max: 0.7, Diff: 0.1, Sum: 2.5]
         [Processed Buffers: Min: 5, Avg: 10.5, Max: 15, Diff: 10, Sum: 42]
      [Scan RS (ms): Min: 0.0, Avg: 0.0, Max: 0.0, Diff: 0.0, Sum: 0.0]
      [Code Root Scanning (ms): Min: 0.0, Avg: 0.0, Max: 0.0, Diff: 0.0, Sum: 0.0]
      [Object Copy (ms): Min: 2.5, Avg: 2.7, Max: 2.8, Diff: 0.3, Sum: 11.0]
      [Termination (ms): Min: 0.0, Avg: 0.0, Max: 0.0, Diff: 0.0, Sum: 0.0]
         [Termination Attempts: Min: 1, Avg: 1.0, Max: 1, Diff: 0, Sum: 4]
      [GC Worker Other (ms): Min: 0.0, Avg: 0.0, Max: 0.0, Diff: 0.0, Sum: 0.1]
      [GC Worker Total (ms): Min: 3.9, Avg: 3.9, Max: 3.9, Diff: 0.0, Sum: 15.5]
      [GC Worker End (ms): Min: 84769.4, Avg: 84769.4, Max: 84769.4, Diff: 0.0]
   [Code Root Fixup: 0.0 ms]
   [Code Root Purge: 0.0 ms]
   [String Dedup Fixup: 0.6 ms, GC Workers: 4]
      [Queue Fixup (ms): Min: 0.0, Avg: 0.0, Max: 0.0, Diff: 0.0, Sum: 0.0]
      [Table Fixup (ms): Min: 0.5, Avg: 0.5, Max: 0.5, Diff: 0.0, Sum: 2.1]
   [Clear CT: 0.0 ms]
   [Other: 0.6 ms]
      [Choose CSet: 0.0 ms]
      [Ref Proc: 0.1 ms]
      [Ref Enq: 0.0 ms]
      [Redirty Cards: 0.1 ms]
      [Humongous Register: 0.0 ms]
      [Humongous Reclaim: 0.0 ms]
      [Free CSet: 0.1 ms]
   [Eden: 52.0M(52.0M)->0.0B(43.0M) Survivors: 9216.0K->8192.0K Heap: 924.0M(1038.0M)->881.5M(1038.0M)]
 [Times: user=0.00 sys=0.00, real=0.01 secs] 
2016-06-27T18:01:58.513+0300: 84.771: Total time for which application threads were stopped: 0.0111494 seconds, Stopping threads took: 0.0054505 seconds
2016-06-27T18:01:58.519+0300: 84.777: [GC concurrent-string-deduplication, 9010.1K->8626.7K(383.3K), avg 2.7%, 0.0063246 secs]
   [Last Exec: 0.0063246 secs, Idle: 0.3947498 secs, Blocked: 0/0.0000000 secs]
      [Inspected:             455]
         [Skipped:              2(  0.4%)]
         [Hashed:             453( 99.6%)]
         [Known:                0(  0.0%)]
         [New:                453( 99.6%)   9010.1K]
      [Deduplicated:           22(  4.9%)    383.3K(  4.3%)]
         [Young:                0(  0.0%)      0.0B(  0.0%)]
         [Old:                 22(100.0%)    383.3K(100.0%)]
   [Total Exec: 320/1.1515038 secs, Idle: 320/83.3668115 secs, Blocked: 6/0.0132868 secs]
      [Inspected:           89929]
         [Skipped:            706(  0.8%)]
         [Hashed:           88245( 98.1%)]
         [Known:             4472(  5.0%)]
         [New:              84751( 94.2%)   1572.8M]
      [Deduplicated:         4903(  5.8%)     42.2M(  2.7%)]
         [Young:                8(  0.2%)     46.1K(  0.1%)]
         [Old:               4895( 99.8%)     42.2M( 99.9%)]
   [Table]
      [Memory Usage: 1297.0K]
      [Size: 32768, Min: 1024, Max: 16777216]
      [Entries: 43364, Load: 132.3%, Cached: 1053, Added: 84250, Removed: 40886]
      [Resize Count: 5, Shrink Threshold: 21845(66.7%), Grow Threshold: 65536(200.0%)]
      [Rehash Count: 1, Rehash Threshold: 120, Hash Seed: 0xc4e8cebb]
      [Age Threshold: 3]
   [Queue]
      [Dropped: 0]
2016-06-27T18:01:58.863+0300: 85.120: [GC pause (G1 Evacuation Pause) (mixed)
Desired survivor size 3670016 bytes, new threshold 1 (max 15)
- age   1:    8188000 bytes,    8188000 total
, 0.0204628 secs]
   [Parallel Time: 18.4 ms, GC Workers: 4]
      [GC Worker Start (ms): Min: 85120.6, Avg: 85120.6, Max: 85120.6, Diff: 0.0]
      [Ext Root Scanning (ms): Min: 0.4, Avg: 0.5, Max: 0.6, Diff: 0.2, Sum: 2.0]
      [Update RS (ms): Min: 0.5, Avg: 0.6, Max: 0.7, Diff: 0.2, Sum: 2.5]
         [Processed Buffers: Min: 2, Avg: 10.0, Max: 18, Diff: 16, Sum: 40]
      [Scan RS (ms): Min: 3.4, Avg: 3.6, Max: 3.6, Diff: 0.2, Sum: 14.2]
      [Code Root Scanning (ms): Min: 0.0, Avg: 0.0, Max: 0.1, Diff: 0.1, Sum: 0.1]
      [Object Copy (ms): Min: 13.6, Avg: 13.6, Max: 13.7, Diff: 0.1, Sum: 54.5]
      [Termination (ms): Min: 0.0, Avg: 0.0, Max: 0.0, Diff: 0.0, Sum: 0.0]
         [Termination Attempts: Min: 1, Avg: 3.0, Max: 4, Diff: 3, Sum: 12]
      [GC Worker Other (ms): Min: 0.0, Avg: 0.0, Max: 0.0, Diff: 0.0, Sum: 0.1]
      [GC Worker Total (ms): Min: 18.4, Avg: 18.4, Max: 18.4, Diff: 0.0, Sum: 73.4]
      [GC Worker End (ms): Min: 85139.0, Avg: 85139.0, Max: 85139.0, Diff: 0.0]
   [Code Root Fixup: 0.0 ms]
   [Code Root Purge: 0.0 ms]
   [String Dedup Fixup: 0.7 ms, GC Workers: 4]
      [Queue Fixup (ms): Min: 0.0, Avg: 0.0, Max: 0.0, Diff: 0.0, Sum: 0.0]
      [Table Fixup (ms): Min: 0.3, Avg: 0.6, Max: 0.7, Diff: 0.4, Sum: 2.4]
   [Clear CT: 0.2 ms]
   [Other: 1.1 ms]
      [Choose CSet: 0.2 ms]
      [Ref Proc: 0.1 ms]
      [Ref Enq: 0.0 ms]
      [Redirty Cards: 0.0 ms]
      [Humongous Register: 0.0 ms]
      [Humongous Reclaim: 0.0 ms]
      [Free CSet: 0.5 ms]
   [Eden: 43.0M(43.0M)->0.0B(44.0M) Survivors: 8192.0K->7168.0K Heap: 924.5M(1038.0M)->852.5M(1038.0M)]
 [Times: user=0.13 sys=0.00, real=0.02 secs] 
2016-06-27T18:01:58.884+0300: 85.141: Total time for which application threads were stopped: 0.0241633 seconds, Stopping threads took: 0.0030522 seconds
2016-06-27T18:01:58.890+0300: 85.147: [GC concurrent-string-deduplication, 8254.6K->7906.2K(348.4K), avg 2.7%, 0.0058204 secs]
   [Last Exec: 0.0058204 secs, Idle: 0.3639039 secs, Blocked: 0/0.0000000 secs]
      [Inspected:             425]
         [Skipped:              5(  1.2%)]
         [Hashed:             420( 98.8%)]
         [Known:                0(  0.0%)]
         [New:                420( 98.8%)   8254.6K]
      [Deduplicated:           25(  6.0%)    348.4K(  4.2%)]
         [Young:                0(  0.0%)      0.0B(  0.0%)]
         [Old:                 25(100.0%)    348.4K(100.0%)]
   [Total Exec: 321/1.1573242 secs, Idle: 321/83.7307155 secs, Blocked: 6/0.0132868 secs]
      [Inspected:           90354]
         [Skipped:            711(  0.8%)]
         [Hashed:           88665( 98.1%)]
         [Known:             4472(  4.9%)]
         [New:              85171( 94.3%)   1580.8M]
      [Deduplicated:         4928(  5.8%)     42.5M(  2.7%)]
         [Young:                8(  0.2%)     46.1K(  0.1%)]
         [Old:               4920( 99.8%)     42.5M( 99.9%)]
   [Table]
      [Memory Usage: 1297.0K]
      [Size: 32768, Min: 1024, Max: 16777216]
      [Entries: 43759, Load: 133.5%, Cached: 658, Added: 84645, Removed: 40886]
      [Resize Count: 5, Shrink Threshold: 21845(66.7%), Grow Threshold: 65536(200.0%)]
      [Rehash Count: 1, Rehash Threshold: 120, Hash Seed: 0xc4e8cebb]
      [Age Threshold: 3]
   [Queue]
      [Dropped: 0]
2016-06-27T18:01:59.239+0300: 85.496: [GC pause (G1 Evacuation Pause) (mixed)
Desired survivor size 3670016 bytes, new threshold 1 (max 15)
- age   1:    6711416 bytes,    6711416 total
, 0.0149735 secs]
   [Parallel Time: 13.8 ms, GC Workers: 4]
      [GC Worker Start (ms): Min: 85496.4, Avg: 85496.4, Max: 85496.5, Diff: 0.1]
      [Ext Root Scanning (ms): Min: 0.4, Avg: 0.7, Max: 1.3, Diff: 0.9, Sum: 2.9]
      [Update RS (ms): Min: 9.8, Avg: 10.3, Max: 11.0, Diff: 1.2, Sum: 41.1]
         [Processed Buffers: Min: 10, Avg: 16.8, Max: 24, Diff: 14, Sum: 67]
      [Scan RS (ms): Min: 0.0, Avg: 0.2, Max: 0.3, Diff: 0.3, Sum: 0.8]
      [Code Root Scanning (ms): Min: 0.0, Avg: 0.0, Max: 0.0, Diff: 0.0, Sum: 0.0]
      [Object Copy (ms): Min: 2.1, Avg: 2.5, Max: 3.1, Diff: 1.0, Sum: 10.1]
      [Termination (ms): Min: 0.0, Avg: 0.0, Max: 0.0, Diff: 0.0, Sum: 0.0]
         [Termination Attempts: Min: 1, Avg: 1.3, Max: 2, Diff: 1, Sum: 5]
      [GC Worker Other (ms): Min: 0.0, Avg: 0.0, Max: 0.0, Diff: 0.0, Sum: 0.0]
      [GC Worker Total (ms): Min: 13.7, Avg: 13.7, Max: 13.8, Diff: 0.1, Sum: 55.0]
      [GC Worker End (ms): Min: 85510.2, Avg: 85510.2, Max: 85510.2, Diff: 0.0]
   [Code Root Fixup: 0.0 ms]
   [Code Root Purge: 0.0 ms]
   [String Dedup Fixup: 0.5 ms, GC Workers: 4]
      [Queue Fixup (ms): Min: 0.0, Avg: 0.0, Max: 0.0, Diff: 0.0, Sum: 0.0]
      [Table Fixup (ms): Min: 0.5, Avg: 0.5, Max: 0.5, Diff: 0.0, Sum: 2.1]
   [Clear CT: 0.1 ms]
   [Other: 0.5 ms]
      [Choose CSet: 0.0 ms]
      [Ref Proc: 0.1 ms]
      [Ref Enq: 0.0 ms]
      [Redirty Cards: 0.0 ms]
      [Humongous Register: 0.0 ms]
      [Humongous Reclaim: 0.0 ms]
      [Free CSet: 0.1 ms]
   [Eden: 44.0M(44.0M)->0.0B(44.0M) Survivors: 7168.0K->7168.0K Heap: 896.5M(1038.0M)->860.5M(1038.0M)]
 [Times: user=0.00 sys=0.00, real=0.01 secs] 
2016-06-27T18:01:59.254+0300: 85.511: Total time for which application threads were stopped: 0.0216881 seconds, Stopping threads took: 0.0060222 seconds
2016-06-27T18:01:59.259+0300: 85.516: [GC concurrent-string-deduplication, 6690.3K->6505.1K(185.2K), avg 2.7%, 0.0046191 secs]
   [Last Exec: 0.0046191 secs, Idle: 0.3645202 secs, Blocked: 0/0.0000000 secs]
      [Inspected:             342]
         [Skipped:              3(  0.9%)]
         [Hashed:             339( 99.1%)]
         [Known:                0(  0.0%)]
         [New:                339( 99.1%)   6690.3K]
      [Deduplicated:           14(  4.1%)    185.2K(  2.8%)]
         [Young:                0(  0.0%)      0.0B(  0.0%)]
         [Old:                 14(100.0%)    185.2K(100.0%)]
   [Total Exec: 322/1.1619433 secs, Idle: 322/84.0952356 secs, Blocked: 6/0.0132868 secs]
      [Inspected:           90696]
         [Skipped:            714(  0.8%)]
         [Hashed:           89004( 98.1%)]
         [Known:             4472(  4.9%)]
         [New:              85510( 94.3%)   1587.4M]
      [Deduplicated:         4942(  5.8%)     42.7M(  2.7%)]
         [Young:                8(  0.2%)     46.1K(  0.1%)]
         [Old:               4934( 99.8%)     42.7M( 99.9%)]
   [Table]
      [Memory Usage: 1297.0K]
      [Size: 32768, Min: 1024, Max: 16777216]
      [Entries: 44085, Load: 134.5%, Cached: 332, Added: 84971, Removed: 40886]
      [Resize Count: 5, Shrink Threshold: 21845(66.7%), Grow Threshold: 65536(200.0%)]
      [Rehash Count: 1, Rehash Threshold: 120, Hash Seed: 0xc4e8cebb]
      [Age Threshold: 3]
   [Queue]
      [Dropped: 0]
2016-06-27T18:01:59.615+0300: 85.872: [GC pause (G1 Evacuation Pause) (young)
Desired survivor size 3670016 bytes, new threshold 1 (max 15)
- age   1:    7099784 bytes,    7099784 total
, 0.0053611 secs]
   [Parallel Time: 4.2 ms, GC Workers: 4]
      [GC Worker Start (ms): Min: 85872.4, Avg: 85872.4, Max: 85872.4, Diff: 0.0]
      [Ext Root Scanning (ms): Min: 0.5, Avg: 0.5, Max: 0.6, Diff: 0.1, Sum: 2.2]
      [Update RS (ms): Min: 1.3, Avg: 1.3, Max: 1.4, Diff: 0.1, Sum: 5.3]
         [Processed Buffers: Min: 3, Avg: 10.3, Max: 21, Diff: 18, Sum: 41]
      [Scan RS (ms): Min: 0.0, Avg: 0.0, Max: 0.0, Diff: 0.0, Sum: 0.0]
      [Code Root Scanning (ms): Min: 0.0, Avg: 0.0, Max: 0.0, Diff: 0.0, Sum: 0.0]
      [Object Copy (ms): Min: 2.2, Avg: 2.2, Max: 2.3, Diff: 0.1, Sum: 8.9]
      [Termination (ms): Min: 0.0, Avg: 0.0, Max: 0.0, Diff: 0.0, Sum: 0.0]
         [Termination Attempts: Min: 1, Avg: 1.0, Max: 1, Diff: 0, Sum: 4]
      [GC Worker Other (ms): Min: 0.0, Avg: 0.0, Max: 0.0, Diff: 0.0, Sum: 0.1]
      [GC Worker Total (ms): Min: 4.1, Avg: 4.1, Max: 4.1, Diff: 0.0, Sum: 16.5]
      [GC Worker End (ms): Min: 85876.5, Avg: 85876.5, Max: 85876.5, Diff: 0.0]
   [Code Root Fixup: 0.0 ms]
   [Code Root Purge: 0.0 ms]
   [String Dedup Fixup: 0.5 ms, GC Workers: 4]
      [Queue Fixup (ms): Min: 0.0, Avg: 0.0, Max: 0.0, Diff: 0.0, Sum: 0.0]
      [Table Fixup (ms): Min: 0.5, Avg: 0.5, Max: 0.5, Diff: 0.0, Sum: 2.1]
   [Clear CT: 0.0 ms]
   [Other: 0.6 ms]
      [Choose CSet: 0.0 ms]
      [Ref Proc: 0.1 ms]
      [Ref Enq: 0.0 ms]
      [Redirty Cards: 0.0 ms]
      [Humongous Register: 0.0 ms]
      [Humongous Reclaim: 0.0 ms]
      [Free CSet: 0.1 ms]
   [Eden: 44.0M(44.0M)->0.0B(55.0M) Survivors: 7168.0K->7168.0K Heap: 904.5M(1038.0M)->869.0M(1038.0M)]
 [Times: user=0.00 sys=0.00, real=0.00 secs] 
2016-06-27T18:01:59.620+0300: 85.878: Total time for which application threads were stopped: 0.0091488 seconds, Stopping threads took: 0.0031108 seconds
2016-06-27T18:01:59.626+0300: 85.883: [GC concurrent-string-deduplication, 7309.5K->6905.4K(404.1K), avg 2.7%, 0.0051691 secs]
   [Last Exec: 0.0051691 secs, Idle: 0.3615976 secs, Blocked: 0/0.0000000 secs]
      [Inspected:             386]
         [Skipped:              2(  0.5%)]
         [Hashed:             384( 99.5%)]
         [Known:                1(  0.3%)]
         [New:                383( 99.2%)   7309.5K]
      [Deduplicated:           38(  9.9%)    404.1K(  5.5%)]
         [Young:                0(  0.0%)      0.0B(  0.0%)]
         [Old:                 38(100.0%)    404.1K(100.0%)]
   [Total Exec: 323/1.1671124 secs, Idle: 323/84.4568332 secs, Blocked: 6/0.0132868 secs]
      [Inspected:           91082]
         [Skipped:            716(  0.8%)]
         [Hashed:           89388( 98.1%)]
         [Known:             4473(  4.9%)]
         [New:              85893( 94.3%)   1594.5M]
      [Deduplicated:         4980(  5.8%)     43.1M(  2.7%)]
         [Young:                8(  0.2%)     46.1K(  0.1%)]
         [Old:               4972( 99.8%)     43.1M( 99.9%)]
   [Table]
      [Memory Usage: 1297.3K]
      [Size: 32768, Min: 1024, Max: 16777216]
      [Entries: 44430, Load: 135.6%, Cached: 0, Added: 85316, Removed: 40886]
      [Resize Count: 5, Shrink Threshold: 21845(66.7%), Grow Threshold: 65536(200.0%)]
      [Rehash Count: 1, Rehash Threshold: 120, Hash Seed: 0xc4e8cebb]
      [Age Threshold: 3]
   [Queue]
      [Dropped: 0]
2016-06-27T18:02:00.100+0300: 86.357: [GC pause (G1 Evacuation Pause) (young) (initial-mark)
Desired survivor size 4194304 bytes, new threshold 1 (max 15)
- age   1:    6839592 bytes,    6839592 total
, 0.0056981 secs]
   [Parallel Time: 4.5 ms, GC Workers: 4]
      [GC Worker Start (ms): Min: 86357.2, Avg: 86357.2, Max: 86357.2, Diff: 0.0]
      [Ext Root Scanning (ms): Min: 0.5, Avg: 0.5, Max: 0.7, Diff: 0.2, Sum: 2.2]
      [Update RS (ms): Min: 1.0, Avg: 1.2, Max: 1.7, Diff: 0.7, Sum: 4.8]
         [Processed Buffers: Min: 1, Avg: 11.3, Max: 24, Diff: 23, Sum: 45]
      [Scan RS (ms): Min: 0.0, Avg: 0.0, Max: 0.0, Diff: 0.0, Sum: 0.0]
      [Code Root Scanning (ms): Min: 0.0, Avg: 0.0, Max: 0.0, Diff: 0.0, Sum: 0.0]
      [Object Copy (ms): Min: 2.1, Avg: 2.6, Max: 2.8, Diff: 0.7, Sum: 10.4]
      [Termination (ms): Min: 0.0, Avg: 0.0, Max: 0.1, Diff: 0.1, Sum: 0.2]
         [Termination Attempts: Min: 1, Avg: 1.0, Max: 1, Diff: 0, Sum: 4]
      [GC Worker Other (ms): Min: 0.0, Avg: 0.0, Max: 0.0, Diff: 0.0, Sum: 0.0]
      [GC Worker Total (ms): Min: 4.4, Avg: 4.4, Max: 4.4, Diff: 0.0, Sum: 17.6]
      [GC Worker End (ms): Min: 86361.6, Avg: 86361.6, Max: 86361.6, Diff: 0.0]
   [Code Root Fixup: 0.0 ms]
   [Code Root Purge: 0.0 ms]
   [String Dedup Fixup: 0.6 ms, GC Workers: 4]
      [Queue Fixup (ms): Min: 0.0, Avg: 0.0, Max: 0.0, Diff: 0.0, Sum: 0.0]
      [Table Fixup (ms): Min: 0.0, Avg: 0.5, Max: 0.6, Diff: 0.6, Sum: 1.8]
   [Clear CT: 0.0 ms]
   [Other: 0.6 ms]
      [Choose CSet: 0.0 ms]
      [Ref Proc: 0.1 ms]
      [Ref Enq: 0.0 ms]
      [Redirty Cards: 0.0 ms]
      [Humongous Register: 0.0 ms]
      [Humongous Reclaim: 0.0 ms]
      [Free CSet: 0.1 ms]
   [Eden: 55.0M(55.0M)->0.0B(45.0M) Survivors: 7168.0K->8192.0K Heap: 924.0M(1038.0M)->879.5M(1038.0M)]
 [Times: user=0.00 sys=0.00, real=0.01 secs] 
2016-06-27T18:02:00.106+0300: 86.363: [GC concurrent-root-region-scan-start]
2016-06-27T18:02:00.106+0300: 86.363: Total time for which application threads were stopped: 0.0170694 seconds, Stopping threads took: 0.0107333 seconds
2016-06-27T18:02:00.106+0300: 86.364: [GC concurrent-root-region-scan-end, 0.0007741 secs]
2016-06-27T18:02:00.106+0300: 86.364: [GC concurrent-mark-start]
2016-06-27T18:02:00.111+0300: 86.369: [GC concurrent-string-deduplication, 7688.2K->7365.8K(322.4K), avg 2.7%, 0.0056544 secs]
   [Last Exec: 0.0056544 secs, Idle: 0.4798675 secs, Blocked: 0/0.0000000 secs]
      [Inspected:             390]
         [Skipped:              1(  0.3%)]
         [Hashed:             389( 99.7%)]
         [Known:                0(  0.0%)]
         [New:                389( 99.7%)   7688.2K]
      [Deduplicated:           21(  5.4%)    322.4K(  4.2%)]
         [Young:                0(  0.0%)      0.0B(  0.0%)]
         [Old:                 21(100.0%)    322.4K(100.0%)]
   [Total Exec: 324/1.1727668 secs, Idle: 324/84.9367007 secs, Blocked: 6/0.0132868 secs]
      [Inspected:           91472]
         [Skipped:            717(  0.8%)]
         [Hashed:           89777( 98.1%)]
         [Known:             4473(  4.9%)]
         [New:              86282( 94.3%)   1602.0M]
      [Deduplicated:         5001(  5.8%)     43.4M(  2.7%)]
         [Young:                8(  0.2%)     46.1K(  0.1%)]
         [Old:               4993( 99.8%)     43.4M( 99.9%)]
   [Table]
      [Memory Usage: 1306.0K]
      [Size: 32768, Min: 1024, Max: 16777216]
      [Entries: 44798, Load: 136.7%, Cached: 0, Added: 85684, Removed: 40886]
      [Resize Count: 5, Shrink Threshold: 21845(66.7%), Grow Threshold: 65536(200.0%)]
      [Rehash Count: 1, Rehash Threshold: 120, Hash Seed: 0xc4e8cebb]
      [Age Threshold: 3]
   [Queue]
      [Dropped: 0]
2016-06-27T18:02:00.165+0300: 86.422: [GC concurrent-mark-end, 0.0586464 secs]
2016-06-27T18:02:00.207+0300: 86.464: [GC remark 2016-06-27T18:02:00.207+0300: 86.464: [Finalize Marking, 0.0004730 secs] 2016-06-27T18:02:00.207+0300: 86.464: [GC ref-proc, 0.0001287 secs] 2016-06-27T18:02:00.207+0300: 86.464: [Unloading, 0.0028790 secs], 0.0071679 secs]
 [Times: user=0.02 sys=0.00, real=0.01 secs] 
2016-06-27T18:02:00.214+0300: 86.471: Total time for which application threads were stopped: 0.0167055 seconds, Stopping threads took: 0.0090445 seconds
2016-06-27T18:02:00.450+0300: 86.707: [GC pause (G1 Evacuation Pause) (young)
Desired survivor size 3670016 bytes, new threshold 1 (max 15)
- age   1:    8083912 bytes,    8083912 total
, 0.0052726 secs]
   [Parallel Time: 4.2 ms, GC Workers: 4]
      [GC Worker Start (ms): Min: 86707.1, Avg: 86707.2, Max: 86707.3, Diff: 0.1]
      [Ext Root Scanning (ms): Min: 0.5, Avg: 0.7, Max: 0.8, Diff: 0.4, Sum: 2.6]
      [Update RS (ms): Min: 0.8, Avg: 1.0, Max: 1.1, Diff: 0.3, Sum: 3.9]
         [Processed Buffers: Min: 3, Avg: 10.3, Max: 18, Diff: 15, Sum: 41]
      [Scan RS (ms): Min: 0.0, Avg: 0.0, Max: 0.0, Diff: 0.0, Sum: 0.0]
      [Code Root Scanning (ms): Min: 0.0, Avg: 0.0, Max: 0.0, Diff: 0.0, Sum: 0.0]
      [Object Copy (ms): Min: 2.4, Avg: 2.4, Max: 2.5, Diff: 0.1, Sum: 9.7]
      [Termination (ms): Min: 0.0, Avg: 0.0, Max: 0.0, Diff: 0.0, Sum: 0.0]
         [Termination Attempts: Min: 1, Avg: 1.0, Max: 1, Diff: 0, Sum: 4]
      [GC Worker Other (ms): Min: 0.0, Avg: 0.0, Max: 0.0, Diff: 0.0, Sum: 0.1]
      [GC Worker Total (ms): Min: 4.0, Avg: 4.1, Max: 4.1, Diff: 0.1, Sum: 16.4]
      [GC Worker End (ms): Min: 86711.3, Avg: 86711.3, Max: 86711.3, Diff: 0.0]
   [Code Root Fixup: 0.0 ms]
   [Code Root Purge: 0.0 ms]
   [String Dedup Fixup: 0.6 ms, GC Workers: 4]
      [Queue Fixup (ms): Min: 0.0, Avg: 0.0, Max: 0.0, Diff: 0.0, Sum: 0.0]
      [Table Fixup (ms): Min: 0.5, Avg: 0.5, Max: 0.6, Diff: 0.1, Sum: 2.2]
   [Clear CT: 0.0 ms]
   [Other: 0.5 ms]
      [Choose CSet: 0.0 ms]
      [Ref Proc: 0.1 ms]
      [Ref Enq: 0.0 ms]
      [Redirty Cards: 0.0 ms]
      [Humongous Register: 0.0 ms]
      [Humongous Reclaim: 0.0 ms]
      [Free CSet: 0.0 ms]
   [Eden: 45.0M(45.0M)->0.0B(44.0M) Survivors: 8192.0K->7168.0K Heap: 924.5M(1038.0M)->888.0M(1038.0M)]
 [Times: user=0.00 sys=0.00, real=0.00 secs] 
2016-06-27T18:02:00.455+0300: 86.712: Total time for which application threads were stopped: 0.0093772 seconds, Stopping threads took: 0.0034507 seconds
2016-06-27T18:02:00.461+0300: 86.718: [GC concurrent-string-deduplication, 8176.7K->7746.0K(430.6K), avg 2.7%, 0.0057943 secs]
   [Last Exec: 0.0057943 secs, Idle: 0.3438657 secs, Blocked: 0/0.0000000 secs]
      [Inspected:             421]
         [Skipped:              0(  0.0%)]
         [Hashed:             421(100.0%)]
         [Known:                0(  0.0%)]
         [New:                421(100.0%)   8176.7K]
      [Deduplicated:           34(  8.1%)    430.6K(  5.3%)]
         [Young:                0(  0.0%)      0.0B(  0.0%)]
         [Old:                 34(100.0%)    430.6K(100.0%)]
   [Total Exec: 325/1.1785611 secs, Idle: 325/85.2805665 secs, Blocked: 6/0.0132868 secs]
      [Inspected:           91893]
         [Skipped:            717(  0.8%)]
         [Hashed:           90198( 98.2%)]
         [Known:             4473(  4.9%)]
         [New:              86703( 94.4%)   1610.0M]
      [Deduplicated:         5035(  5.8%)     43.8M(  2.7%)]
         [Young:                8(  0.2%)     46.1K(  0.1%)]
         [Old:               5027( 99.8%)     43.8M( 99.9%)]
   [Table]
      [Memory Usage: 1306.0K]
      [Size: 32768, Min: 1024, Max: 16777216]
      [Entries: 43471, Load: 132.7%, Cached: 1327, Added: 86071, Removed: 42600]
      [Resize Count: 5, Shrink Threshold: 21845(66.7%), Grow Threshold: 65536(200.0%)]
      [Rehash Count: 1, Rehash Threshold: 120, Hash Seed: 0xc4e8cebb]
      [Age Threshold: 3]
   [Queue]
      [Dropped: 0]
2016-06-27T18:02:00.814+0300: 87.071: [GC pause (G1 Evacuation Pause) (young)
Desired survivor size 3670016 bytes, new threshold 1 (max 15)
- age   1:    6793056 bytes,    6793056 total
, 0.0048107 secs]
   [Parallel Time: 3.8 ms, GC Workers: 4]
      [GC Worker Start (ms): Min: 87071.1, Avg: 87071.1, Max: 87071.1, Diff: 0.0]
      [Ext Root Scanning (ms): Min: 0.5, Avg: 0.6, Max: 0.6, Diff: 0.1, Sum: 2.3]
      [Update RS (ms): Min: 0.9, Avg: 1.0, Max: 1.0, Diff: 0.1, Sum: 3.8]
         [Processed Buffers: Min: 3, Avg: 10.8, Max: 20, Diff: 17, Sum: 43]
      [Scan RS (ms): Min: 0.0, Avg: 0.0, Max: 0.0, Diff: 0.0, Sum: 0.0]
      [Code Root Scanning (ms): Min: 0.0, Avg: 0.0, Max: 0.0, Diff: 0.0, Sum: 0.0]
      [Object Copy (ms): Min: 2.1, Avg: 2.2, Max: 2.3, Diff: 0.2, Sum: 8.9]
      [Termination (ms): Min: 0.0, Avg: 0.0, Max: 0.0, Diff: 0.0, Sum: 0.1]
         [Termination Attempts: Min: 1, Avg: 1.0, Max: 1, Diff: 0, Sum: 4]
      [GC Worker Other (ms): Min: 0.0, Avg: 0.0, Max: 0.0, Diff: 0.0, Sum: 0.0]
      [GC Worker Total (ms): Min: 3.8, Avg: 3.8, Max: 3.8, Diff: 0.0, Sum: 15.2]
      [GC Worker End (ms): Min: 87074.9, Avg: 87074.9, Max: 87074.9, Diff: 0.0]
   [Code Root Fixup: 0.0 ms]
   [Code Root Purge: 0.0 ms]
   [String Dedup Fixup: 0.5 ms, GC Workers: 4]
      [Queue Fixup (ms): Min: 0.0, Avg: 0.0, Max: 0.0, Diff: 0.0, Sum: 0.0]
      [Table Fixup (ms): Min: 0.5, Avg: 0.5, Max: 0.5, Diff: 0.0, Sum: 1.8]
   [Clear CT: 0.0 ms]
   [Other: 0.5 ms]
      [Choose CSet: 0.0 ms]
      [Ref Proc: 0.1 ms]
      [Ref Enq: 0.0 ms]
      [Redirty Cards: 0.0 ms]
      [Humongous Register: 0.0 ms]
      [Humongous Reclaim: 0.0 ms]
      [Free CSet: 0.1 ms]
   [Eden: 44.0M(44.0M)->0.0B(44.0M) Survivors: 7168.0K->7168.0K Heap: 932.0M(1038.0M)->895.5M(1038.0M)]
 [Times: user=0.06 sys=0.00, real=0.01 secs] 
2016-06-27T18:02:00.819+0300: 87.076: Total time for which application threads were stopped: 0.0119003 seconds, Stopping threads took: 0.0063327 seconds
2016-06-27T18:02:00.824+0300: 87.081: [GC concurrent-string-deduplication, 6773.6K->6445.0K(328.5K), avg 2.7%, 0.0051263 secs]
   [Last Exec: 0.0051263 secs, Idle: 0.3576768 secs, Blocked: 0/0.0000000 secs]
      [Inspected:             352]
         [Skipped:              3(  0.9%)]
         [Hashed:             349( 99.1%)]
         [Known:                0(  0.0%)]
         [New:                349( 99.1%)   6773.6K]
      [Deduplicated:           27(  7.7%)    328.5K(  4.9%)]
         [Young:                0(  0.0%)      0.0B(  0.0%)]
         [Old:                 27(100.0%)    328.5K(100.0%)]
   [Total Exec: 326/1.1836874 secs, Idle: 326/85.6382433 secs, Blocked: 6/0.0132868 secs]
      [Inspected:           92245]
         [Skipped:            720(  0.8%)]
         [Hashed:           90547( 98.2%)]
         [Known:             4473(  4.8%)]
         [New:              87052( 94.4%)   1616.6M]
      [Deduplicated:         5062(  5.8%)     44.2M(  2.7%)]
         [Young:                8(  0.2%)     46.1K(  0.1%)]
         [Old:               5054( 99.8%)     44.1M( 99.9%)]
   [Table]
      [Memory Usage: 1306.0K]
      [Size: 32768, Min: 1024, Max: 16777216]
      [Entries: 43793, Load: 133.6%, Cached: 1005, Added: 86393, Removed: 42600]
      [Resize Count: 5, Shrink Threshold: 21845(66.7%), Grow Threshold: 65536(200.0%)]
      [Rehash Count: 1, Rehash Threshold: 120, Hash Seed: 0xc4e8cebb]
      [Age Threshold: 3]
   [Queue]
      [Dropped: 0]
2016-06-27T18:02:01.201+0300: 87.458: [GC pause (G1 Evacuation Pause) (young)
Desired survivor size 3670016 bytes, new threshold 1 (max 15)
- age   1:    7137392 bytes,    7137392 total
, 0.0046400 secs]
   [Parallel Time: 3.6 ms, GC Workers: 4]
      [GC Worker Start (ms): Min: 87458.5, Avg: 87458.5, Max: 87458.5, Diff: 0.0]
      [Ext Root Scanning (ms): Min: 0.5, Avg: 0.6, Max: 0.6, Diff: 0.1, Sum: 2.2]
      [Update RS (ms): Min: 0.7, Avg: 0.8, Max: 0.9, Diff: 0.3, Sum: 3.1]
         [Processed Buffers: Min: 2, Avg: 11.8, Max: 21, Diff: 19, Sum: 47]
      [Scan RS (ms): Min: 0.0, Avg: 0.0, Max: 0.0, Diff: 0.0, Sum: 0.0]
      [Code Root Scanning (ms): Min: 0.0, Avg: 0.0, Max: 0.0, Diff: 0.0, Sum: 0.0]
      [Object Copy (ms): Min: 2.0, Avg: 2.2, Max: 2.2, Diff: 0.2, Sum: 8.7]
      [Termination (ms): Min: 0.0, Avg: 0.0, Max: 0.1, Diff: 0.0, Sum: 0.1]
         [Termination Attempts: Min: 1, Avg: 1.0, Max: 1, Diff: 0, Sum: 4]
      [GC Worker Other (ms): Min: 0.0, Avg: 0.0, Max: 0.0, Diff: 0.0, Sum: 0.0]
      [GC Worker Total (ms): Min: 3.5, Avg: 3.6, Max: 3.6, Diff: 0.0, Sum: 14.3]
      [GC Worker End (ms): Min: 87462.1, Avg: 87462.1, Max: 87462.1, Diff: 0.0]
   [Code Root Fixup: 0.0 ms]
   [Code Root Purge: 0.0 ms]
   [String Dedup Fixup: 0.5 ms, GC Workers: 4]
      [Queue Fixup (ms): Min: 0.0, Avg: 0.0, Max: 0.0, Diff: 0.0, Sum: 0.0]
      [Table Fixup (ms): Min: 0.5, Avg: 0.5, Max: 0.5, Diff: 0.0, Sum: 1.9]
   [Clear CT: 0.0 ms]
   [Other: 0.4 ms]
      [Choose CSet: 0.0 ms]
      [Ref Proc: 0.0 ms]
      [Ref Enq: 0.0 ms]
      [Redirty Cards: 0.0 ms]
      [Humongous Register: 0.0 ms]
      [Humongous Reclaim: 0.0 ms]
      [Free CSet: 0.0 ms]
   [Eden: 44.0M(44.0M)->0.0B(44.0M) Survivors: 7168.0K->7168.0K Heap: 939.5M(1038.0M)->904.5M(1038.0M)]
 [Times: user=0.00 sys=0.00, real=0.01 secs] 
2016-06-27T18:02:01.206+0300: 87.463: Total time for which application threads were stopped: 0.0135284 seconds, Stopping threads took: 0.0082259 seconds
2016-06-27T18:02:01.211+0300: 87.468: [GC concurrent-string-deduplication, 7307.7K->7005.5K(302.3K), avg 2.7%, 0.0051571 secs]
   [Last Exec: 0.0051571 secs, Idle: 0.3819629 secs, Blocked: 0/0.0000000 secs]
      [Inspected:             368]
         [Skipped:              1(  0.3%)]
         [Hashed:             367( 99.7%)]
         [Known:                0(  0.0%)]
         [New:                367( 99.7%)   7307.7K]
      [Deduplicated:           17(  4.6%)    302.3K(  4.1%)]
         [Young:                0(  0.0%)      0.0B(  0.0%)]
         [Old:                 17(100.0%)    302.3K(100.0%)]
   [Total Exec: 327/1.1888445 secs, Idle: 327/86.0202062 secs, Blocked: 6/0.0132868 secs]
      [Inspected:           92613]
         [Skipped:            721(  0.8%)]
         [Hashed:           90914( 98.2%)]
         [Known:             4473(  4.8%)]
         [New:              87419( 94.4%)   1623.7M]
      [Deduplicated:         5079(  5.8%)     44.5M(  2.7%)]
         [Young:                8(  0.2%)     46.1K(  0.1%)]
         [Old:               5071( 99.8%)     44.4M( 99.9%)]
   [Table]
      [Memory Usage: 1306.0K]
      [Size: 32768, Min: 1024, Max: 16777216]
      [Entries: 44143, Load: 134.7%, Cached: 655, Added: 86743, Removed: 42600]
      [Resize Count: 5, Shrink Threshold: 21845(66.7%), Grow Threshold: 65536(200.0%)]
      [Rehash Count: 1, Rehash Threshold: 120, Hash Seed: 0xc4e8cebb]
      [Age Threshold: 3]
   [Queue]
      [Dropped: 0]
2016-06-27T18:02:01.592+0300: 87.850: [GC pause (G1 Evacuation Pause) (young)
Desired survivor size 3670016 bytes, new threshold 1 (max 15)
- age   1:    6939400 bytes,    6939400 total
, 0.0044433 secs]
   [Parallel Time: 3.4 ms, GC Workers: 4]
      [GC Worker Start (ms): Min: 87849.7, Avg: 87849.7, Max: 87849.7, Diff: 0.0]
      [Ext Root Scanning (ms): Min: 0.5, Avg: 0.5, Max: 0.5, Diff: 0.1, Sum: 2.1]
      [Update RS (ms): Min: 0.6, Avg: 0.7, Max: 0.8, Diff: 0.2, Sum: 2.6]
         [Processed Buffers: Min: 2, Avg: 11.5, Max: 17, Diff: 15, Sum: 46]
      [Scan RS (ms): Min: 0.0, Avg: 0.0, Max: 0.0, Diff: 0.0, Sum: 0.0]
      [Code Root Scanning (ms): Min: 0.0, Avg: 0.0, Max: 0.0, Diff: 0.0, Sum: 0.0]
      [Object Copy (ms): Min: 2.0, Avg: 2.2, Max: 2.3, Diff: 0.2, Sum: 8.6]
      [Termination (ms): Min: 0.0, Avg: 0.0, Max: 0.0, Diff: 0.0, Sum: 0.0]
         [Termination Attempts: Min: 1, Avg: 1.0, Max: 1, Diff: 0, Sum: 4]
      [GC Worker Other (ms): Min: 0.0, Avg: 0.0, Max: 0.0, Diff: 0.0, Sum: 0.1]
      [GC Worker Total (ms): Min: 3.4, Avg: 3.4, Max: 3.4, Diff: 0.0, Sum: 13.5]
      [GC Worker End (ms): Min: 87853.1, Avg: 87853.1, Max: 87853.1, Diff: 0.0]
   [Code Root Fixup: 0.0 ms]
   [Code Root Purge: 0.0 ms]
   [String Dedup Fixup: 0.5 ms, GC Workers: 4]
      [Queue Fixup (ms): Min: 0.0, Avg: 0.0, Max: 0.0, Diff: 0.0, Sum: 0.0]
      [Table Fixup (ms): Min: 0.5, Avg: 0.5, Max: 0.5, Diff: 0.0, Sum: 1.9]
   [Clear CT: 0.0 ms]
   [Other: 0.5 ms]
      [Choose CSet: 0.0 ms]
      [Ref Proc: 0.1 ms]
      [Ref Enq: 0.0 ms]
      [Redirty Cards: 0.0 ms]
      [Humongous Register: 0.0 ms]
      [Humongous Reclaim: 0.0 ms]
      [Free CSet: 0.0 ms]
   [Eden: 44.0M(44.0M)->0.0B(44.0M) Survivors: 7168.0K->7168.0K Heap: 948.5M(1038.0M)->913.0M(1038.0M)]
 [Times: user=0.00 sys=0.00, real=0.00 secs] 
2016-06-27T18:02:01.597+0300: 87.854: Total time for which application threads were stopped: 0.0095222 seconds, Stopping threads took: 0.0043745 seconds
2016-06-27T18:02:01.602+0300: 87.859: [GC concurrent-string-deduplication, 6711.3K->6565.1K(146.2K), avg 2.7%, 0.0046396 secs]
   [Last Exec: 0.0046396 secs, Idle: 0.3857943 secs, Blocked: 0/0.0000000 secs]
      [Inspected:             344]
         [Skipped:              3(  0.9%)]
         [Hashed:             341( 99.1%)]
         [Known:                0(  0.0%)]
         [New:                341( 99.1%)   6711.3K]
      [Deduplicated:           13(  3.8%)    146.2K(  2.2%)]
         [Young:                1(  7.7%)     20.0K( 13.7%)]
         [Old:                 12( 92.3%)    126.2K( 86.3%)]
   [Total Exec: 328/1.1934841 secs, Idle: 328/86.4060005 secs, Blocked: 6/0.0132868 secs]
      [Inspected:           92957]
         [Skipped:            724(  0.8%)]
         [Hashed:           91255( 98.2%)]
         [Known:             4473(  4.8%)]
         [New:              87760( 94.4%)   1630.3M]
      [Deduplicated:         5092(  5.8%)     44.6M(  2.7%)]
         [Young:                9(  0.2%)     66.1K(  0.1%)]
         [Old:               5083( 99.8%)     44.5M( 99.9%)]
   [Table]
      [Memory Usage: 1306.0K]
      [Size: 32768, Min: 1024, Max: 16777216]
      [Entries: 44471, Load: 135.7%, Cached: 327, Added: 87071, Removed: 42600]
      [Resize Count: 5, Shrink Threshold: 21845(66.7%), Grow Threshold: 65536(200.0%)]
      [Rehash Count: 1, Rehash Threshold: 120, Hash Seed: 0xc4e8cebb]
      [Age Threshold: 3]
   [Queue]
      [Dropped: 0]
2016-06-27T18:02:01.986+0300: 88.243: [GC cleanup 957M->957M(1038M), 0.0018915 secs]
 [Times: user=0.00 sys=0.00, real=0.00 secs] 
2016-06-27T18:02:01.988+0300: 88.245: Total time for which application threads were stopped: 0.0115450 seconds, Stopping threads took: 0.0092339 seconds
2016-06-27T18:02:01.990+0300: 88.247: [GC pause (G1 Evacuation Pause) (young)
Desired survivor size 3670016 bytes, new threshold 1 (max 15)
- age   1:    7219088 bytes,    7219088 total
, 0.0046349 secs]
   [Parallel Time: 3.6 ms, GC Workers: 4]
      [GC Worker Start (ms): Min: 88247.4, Avg: 88247.4, Max: 88247.4, Diff: 0.0]
      [Ext Root Scanning (ms): Min: 0.5, Avg: 0.5, Max: 0.5, Diff: 0.0, Sum: 1.9]
      [Update RS (ms): Min: 0.6, Avg: 0.7, Max: 0.8, Diff: 0.2, Sum: 2.9]
         [Processed Buffers: Min: 3, Avg: 14.5, Max: 23, Diff: 20, Sum: 58]
      [Scan RS (ms): Min: 0.0, Avg: 0.0, Max: 0.0, Diff: 0.0, Sum: 0.0]
      [Code Root Scanning (ms): Min: 0.0, Avg: 0.0, Max: 0.0, Diff: 0.0, Sum: 0.0]
      [Object Copy (ms): Min: 2.2, Avg: 2.3, Max: 2.3, Diff: 0.2, Sum: 9.1]
      [Termination (ms): Min: 0.0, Avg: 0.0, Max: 0.0, Diff: 0.0, Sum: 0.0]
         [Termination Attempts: Min: 1, Avg: 1.0, Max: 1, Diff: 0, Sum: 4]
      [GC Worker Other (ms): Min: 0.0, Avg: 0.0, Max: 0.0, Diff: 0.0, Sum: 0.1]
      [GC Worker Total (ms): Min: 3.5, Avg: 3.5, Max: 3.5, Diff: 0.0, Sum: 14.0]
      [GC Worker End (ms): Min: 88250.9, Avg: 88250.9, Max: 88250.9, Diff: 0.0]
   [Code Root Fixup: 0.0 ms]
   [Code Root Purge: 0.0 ms]
   [String Dedup Fixup: 0.5 ms, GC Workers: 4]
      [Queue Fixup (ms): Min: 0.0, Avg: 0.0, Max: 0.0, Diff: 0.0, Sum: 0.0]
      [Table Fixup (ms): Min: 0.5, Avg: 0.5, Max: 0.5, Diff: 0.0, Sum: 1.9]
   [Clear CT: 0.0 ms]
   [Other: 0.5 ms]
      [Choose CSet: 0.0 ms]
      [Ref Proc: 0.1 ms]
      [Ref Enq: 0.0 ms]
      [Redirty Cards: 0.0 ms]
      [Humongous Register: 0.0 ms]
      [Humongous Reclaim: 0.0 ms]
      [Free CSet: 0.1 ms]
   [Eden: 44.0M(44.0M)->0.0B(44.0M) Survivors: 7168.0K->7168.0K Heap: 957.0M(1038.0M)->922.5M(1038.0M)]
 [Times: user=0.00 sys=0.00, real=0.00 secs] 
2016-06-27T18:02:01.995+0300: 88.252: Total time for which application threads were stopped: 0.0052601 seconds, Stopping threads took: 0.0000650 seconds
2016-06-27T18:02:02.000+0300: 88.258: [GC concurrent-string-deduplication, 7648.0K->7365.8K(282.3K), avg 2.7%, 0.0054821 secs]
   [Last Exec: 0.0054821 secs, Idle: 0.3931260 secs, Blocked: 0/0.0000000 secs]
      [Inspected:             384]
         [Skipped:              0(  0.0%)]
         [Hashed:             384(100.0%)]
         [Known:                0(  0.0%)]
         [New:                384(100.0%)   7648.0K]
      [Deduplicated:           16(  4.2%)    282.3K(  3.7%)]
         [Young:                0(  0.0%)      0.0B(  0.0%)]
         [Old:                 16(100.0%)    282.3K(100.0%)]
   [Total Exec: 329/1.1989662 secs, Idle: 329/86.7991265 secs, Blocked: 6/0.0132868 secs]
      [Inspected:           93341]
         [Skipped:            724(  0.8%)]
         [Hashed:           91639( 98.2%)]
         [Known:             4473(  4.8%)]
         [New:              88144( 94.4%)   1637.8M]
      [Deduplicated:         5108(  5.8%)     44.9M(  2.7%)]
         [Young:                9(  0.2%)     66.1K(  0.1%)]
         [Old:               5099( 99.8%)     44.8M( 99.9%)]
   [Table]
      [Memory Usage: 1306.9K]
      [Size: 32768, Min: 1024, Max: 16777216]
      [Entries: 44839, Load: 136.8%, Cached: 0, Added: 87439, Removed: 42600]
      [Resize Count: 5, Shrink Threshold: 21845(66.7%), Grow Threshold: 65536(200.0%)]
      [Rehash Count: 1, Rehash Threshold: 120, Hash Seed: 0xc4e8cebb]
      [Age Threshold: 3]
   [Queue]
      [Dropped: 0]
2016-06-27T18:02:02.338+0300: 88.596: [GC pause (G1 Evacuation Pause) (mixed)
Desired survivor size 3670016 bytes, new threshold 1 (max 15)
- age   1:    6668768 bytes,    6668768 total
, 0.0216449 secs]
   [Parallel Time: 19.6 ms, GC Workers: 4]
      [GC Worker Start (ms): Min: 88595.9, Avg: 88595.9, Max: 88595.9, Diff: 0.0]
      [Ext Root Scanning (ms): Min: 0.4, Avg: 0.5, Max: 0.6, Diff: 0.2, Sum: 1.9]
      [Update RS (ms): Min: 0.9, Avg: 1.2, Max: 1.7, Diff: 0.8, Sum: 4.8]
         [Processed Buffers: Min: 2, Avg: 9.5, Max: 23, Diff: 21, Sum: 38]
      [Scan RS (ms): Min: 3.3, Avg: 3.8, Max: 4.1, Diff: 0.7, Sum: 15.0]
      [Code Root Scanning (ms): Min: 0.0, Avg: 0.0, Max: 0.1, Diff: 0.1, Sum: 0.1]
      [Object Copy (ms): Min: 14.1, Avg: 14.1, Max: 14.1, Diff: 0.1, Sum: 56.5]
      [Termination (ms): Min: 0.0, Avg: 0.0, Max: 0.0, Diff: 0.0, Sum: 0.0]
         [Termination Attempts: Min: 1, Avg: 4.8, Max: 8, Diff: 7, Sum: 19]
      [GC Worker Other (ms): Min: 0.0, Avg: 0.0, Max: 0.0, Diff: 0.0, Sum: 0.0]
      [GC Worker Total (ms): Min: 19.6, Avg: 19.6, Max: 19.6, Diff: 0.0, Sum: 78.4]
      [GC Worker End (ms): Min: 88615.5, Avg: 88615.5, Max: 88615.5, Diff: 0.0]
   [Code Root Fixup: 0.0 ms]
   [Code Root Purge: 0.0 ms]
   [String Dedup Fixup: 0.6 ms, GC Workers: 4]
      [Queue Fixup (ms): Min: 0.0, Avg: 0.0, Max: 0.0, Diff: 0.0, Sum: 0.0]
      [Table Fixup (ms): Min: 0.6, Avg: 0.6, Max: 0.6, Diff: 0.0, Sum: 2.4]
   [Clear CT: 0.2 ms]
   [Other: 1.2 ms]
      [Choose CSet: 0.2 ms]
      [Ref Proc: 0.1 ms]
      [Ref Enq: 0.0 ms]
      [Redirty Cards: 0.1 ms]
      [Humongous Register: 0.0 ms]
      [Humongous Reclaim: 0.0 ms]
      [Free CSet: 0.6 ms]
   [Eden: 44.0M(44.0M)->0.0B(45.0M) Survivors: 7168.0K->7168.0K Heap: 966.5M(1038.0M)->893.0M(1048.0M)]
 [Times: user=0.06 sys=0.00, real=0.02 secs] 
2016-06-27T18:02:02.360+0300: 88.617: Total time for which application threads were stopped: 0.0281234 seconds, Stopping threads took: 0.0058939 seconds
2016-06-27T18:02:02.365+0300: 88.622: [GC concurrent-string-deduplication, 6267.2K->5944.6K(322.6K), avg 2.7%, 0.0044408 secs]
   [Last Exec: 0.0044408 secs, Idle: 0.3597809 secs, Blocked: 0/0.0000000 secs]
      [Inspected:             360]
         [Skipped:             26(  7.2%)]
         [Hashed:             334( 92.8%)]
         [Known:                0(  0.0%)]
         [New:                334( 92.8%)   6267.2K]
      [Deduplicated:           37( 11.1%)    322.6K(  5.1%)]
         [Young:                0(  0.0%)      0.0B(  0.0%)]
         [Old:                 37(100.0%)    322.6K(100.0%)]
   [Total Exec: 330/1.2034070 secs, Idle: 330/87.1589074 secs, Blocked: 6/0.0132868 secs]
      [Inspected:           93701]
         [Skipped:            750(  0.8%)]
         [Hashed:           91973( 98.2%)]
         [Known:             4473(  4.8%)]
         [New:              88478( 94.4%)   1643.9M]
      [Deduplicated:         5145(  5.8%)     45.2M(  2.7%)]
         [Young:                9(  0.2%)     66.1K(  0.1%)]
         [Old:               5136( 99.8%)     45.1M( 99.9%)]
   [Table]
      [Memory Usage: 1313.9K]
      [Size: 32768, Min: 1024, Max: 16777216]
      [Entries: 45136, Load: 137.7%, Cached: 0, Added: 87736, Removed: 42600]
      [Resize Count: 5, Shrink Threshold: 21845(66.7%), Grow Threshold: 65536(200.0%)]
      [Rehash Count: 1, Rehash Threshold: 120, Hash Seed: 0xc4e8cebb]
      [Age Threshold: 3]
   [Queue]
      [Dropped: 0]
2016-06-27T18:02:02.751+0300: 89.009: [GC pause (G1 Evacuation Pause) (mixed)
Desired survivor size 3670016 bytes, new threshold 1 (max 15)
- age   1:    7210248 bytes,    7210248 total
, 0.0186355 secs]
   [Parallel Time: 17.3 ms, GC Workers: 4]
      [GC Worker Start (ms): Min: 89009.0, Avg: 89009.0, Max: 89009.0, Diff: 0.0]
      [Ext Root Scanning (ms): Min: 0.4, Avg: 0.5, Max: 0.5, Diff: 0.1, Sum: 1.9]
      [Update RS (ms): Min: 10.5, Avg: 10.6, Max: 10.7, Diff: 0.1, Sum: 42.4]
         [Processed Buffers: Min: 11, Avg: 17.8, Max: 31, Diff: 20, Sum: 71]
      [Scan RS (ms): Min: 1.2, Avg: 1.3, Max: 1.3, Diff: 0.2, Sum: 5.2]
      [Code Root Scanning (ms): Min: 0.0, Avg: 0.0, Max: 0.0, Diff: 0.0, Sum: 0.0]
      [Object Copy (ms): Min: 4.8, Avg: 4.8, Max: 4.9, Diff: 0.1, Sum: 19.3]
      [Termination (ms): Min: 0.0, Avg: 0.0, Max: 0.0, Diff: 0.0, Sum: 0.0]
         [Termination Attempts: Min: 1, Avg: 1.3, Max: 2, Diff: 1, Sum: 5]
      [GC Worker Other (ms): Min: 0.0, Avg: 0.0, Max: 0.0, Diff: 0.0, Sum: 0.1]
      [GC Worker Total (ms): Min: 17.2, Avg: 17.2, Max: 17.2, Diff: 0.0, Sum: 68.9]
      [GC Worker End (ms): Min: 89026.3, Avg: 89026.3, Max: 89026.3, Diff: 0.0]
   [Code Root Fixup: 0.0 ms]
   [Code Root Purge: 0.0 ms]
   [String Dedup Fixup: 0.6 ms, GC Workers: 4]
      [Queue Fixup (ms): Min: 0.0, Avg: 0.0, Max: 0.0, Diff: 0.0, Sum: 0.0]
      [Table Fixup (ms): Min: 0.6, Avg: 0.6, Max: 0.6, Diff: 0.0, Sum: 2.2]
   [Clear CT: 0.2 ms]
   [Other: 0.6 ms]
      [Choose CSet: 0.1 ms]
      [Ref Proc: 0.0 ms]
      [Ref Enq: 0.0 ms]
      [Redirty Cards: 0.0 ms]
      [Humongous Register: 0.0 ms]
      [Humongous Reclaim: 0.0 ms]
      [Free CSet: 0.1 ms]
   [Eden: 45.0M(45.0M)->0.0B(45.0M) Survivors: 7168.0K->7168.0K Heap: 938.0M(1048.0M)->895.5M(1048.0M)]
 [Times: user=0.06 sys=0.02, real=0.02 secs] 
2016-06-27T18:02:02.771+0300: 89.028: Total time for which application threads were stopped: 0.0252581 seconds, Stopping threads took: 0.0059991 seconds
2016-06-27T18:02:02.776+0300: 89.033: [GC concurrent-string-deduplication, 7449.9K->7105.5K(344.3K), avg 2.8%, 0.0055954 secs]
   [Last Exec: 0.0055954 secs, Idle: 0.4057020 secs, Blocked: 0/0.0000000 secs]
      [Inspected:             377]
         [Skipped:              1(  0.3%)]
         [Hashed:             376( 99.7%)]
         [Known:                0(  0.0%)]
         [New:                376( 99.7%)   7449.9K]
      [Deduplicated:           21(  5.6%)    344.3K(  4.6%)]
         [Young:                0(  0.0%)      0.0B(  0.0%)]
         [Old:                 21(100.0%)    344.3K(100.0%)]
   [Total Exec: 331/1.2090024 secs, Idle: 331/87.5646094 secs, Blocked: 6/0.0132868 secs]
      [Inspected:           94078]
         [Skipped:            751(  0.8%)]
         [Hashed:           92349( 98.2%)]
         [Known:             4473(  4.8%)]
         [New:              88854( 94.4%)   1651.2M]
      [Deduplicated:         5166(  5.8%)     45.5M(  2.8%)]
         [Young:                9(  0.2%)     66.1K(  0.1%)]
         [Old:               5157( 99.8%)     45.5M( 99.9%)]
   [Table]
      [Memory Usage: 1322.2K]
      [Size: 32768, Min: 1024, Max: 16777216]
      [Entries: 45491, Load: 138.8%, Cached: 0, Added: 88091, Removed: 42600]
      [Resize Count: 5, Shrink Threshold: 21845(66.7%), Grow Threshold: 65536(200.0%)]
      [Rehash Count: 1, Rehash Threshold: 120, Hash Seed: 0xc4e8cebb]
      [Age Threshold: 3]
   [Queue]
      [Dropped: 0]
2016-06-27T18:02:03.144+0300: 89.402: [GC pause (G1 Evacuation Pause) (young)
Desired survivor size 3670016 bytes, new threshold 1 (max 15)
- age   1:    7115256 bytes,    7115256 total
, 0.0085069 secs]
   [Parallel Time: 7.2 ms, GC Workers: 4]
      [GC Worker Start (ms): Min: 89401.9, Avg: 89401.9, Max: 89401.9, Diff: 0.0]
      [Ext Root Scanning (ms): Min: 0.5, Avg: 0.6, Max: 0.7, Diff: 0.2, Sum: 2.2]
      [Update RS (ms): Min: 4.2, Avg: 4.4, Max: 4.7, Diff: 0.5, Sum: 17.4]
         [Processed Buffers: Min: 4, Avg: 14.5, Max: 27, Diff: 23, Sum: 58]
      [Scan RS (ms): Min: 0.0, Avg: 0.0, Max: 0.0, Diff: 0.0, Sum: 0.0]
      [Code Root Scanning (ms): Min: 0.0, Avg: 0.0, Max: 0.0, Diff: 0.0, Sum: 0.0]
      [Object Copy (ms): Min: 2.0, Avg: 2.2, Max: 2.3, Diff: 0.3, Sum: 8.8]
      [Termination (ms): Min: 0.0, Avg: 0.0, Max: 0.0, Diff: 0.0, Sum: 0.0]
         [Termination Attempts: Min: 1, Avg: 1.0, Max: 1, Diff: 0, Sum: 4]
      [GC Worker Other (ms): Min: 0.0, Avg: 0.0, Max: 0.0, Diff: 0.0, Sum: 0.1]
      [GC Worker Total (ms): Min: 7.1, Avg: 7.1, Max: 7.2, Diff: 0.0, Sum: 28.5]
      [GC Worker End (ms): Min: 89409.1, Avg: 89409.1, Max: 89409.1, Diff: 0.0]
   [Code Root Fixup: 0.0 ms]
   [Code Root Purge: 0.0 ms]
   [String Dedup Fixup: 0.6 ms, GC Workers: 4]
      [Queue Fixup (ms): Min: 0.0, Avg: 0.0, Max: 0.0, Diff: 0.0, Sum: 0.0]
      [Table Fixup (ms): Min: 0.5, Avg: 0.5, Max: 0.6, Diff: 0.0, Sum: 2.2]
   [Clear CT: 0.1 ms]
   [Other: 0.6 ms]
      [Choose CSet: 0.0 ms]
      [Ref Proc: 0.1 ms]
      [Ref Enq: 0.0 ms]
      [Redirty Cards: 0.1 ms]
      [Humongous Register: 0.0 ms]
      [Humongous Reclaim: 0.0 ms]
      [Free CSet: 0.1 ms]
   [Eden: 45.0M(45.0M)->0.0B(45.0M) Survivors: 7168.0K->7168.0K Heap: 940.5M(1048.0M)->904.5M(1048.0M)]
 [Times: user=0.06 sys=0.00, real=0.01 secs] 
2016-06-27T18:02:03.153+0300: 89.410: Total time for which application threads were stopped: 0.0172238 seconds, Stopping threads took: 0.0080309 seconds
2016-06-27T18:02:03.158+0300: 89.416: [GC concurrent-string-deduplication, 7434.9K->7025.5K(409.5K), avg 2.8%, 0.0053239 secs]
   [Last Exec: 0.0053239 secs, Idle: 0.3769837 secs, Blocked: 0/0.0000000 secs]
      [Inspected:             381]
         [Skipped:              1(  0.3%)]
         [Hashed:             380( 99.7%)]
         [Known:                0(  0.0%)]
         [New:                380( 99.7%)   7434.9K]
      [Deduplicated:           29(  7.6%)    409.5K(  5.5%)]
         [Young:                0(  0.0%)      0.0B(  0.0%)]
         [Old:                 29(100.0%)    409.5K(100.0%)]
   [Total Exec: 332/1.2143262 secs, Idle: 332/87.9415931 secs, Blocked: 6/0.0132868 secs]
      [Inspected:           94459]
         [Skipped:            752(  0.8%)]
         [Hashed:           92729( 98.2%)]
         [Known:             4473(  4.7%)]
         [New:              89234( 94.5%)   1658.4M]
      [Deduplicated:         5195(  5.8%)     45.9M(  2.8%)]
         [Young:                9(  0.2%)     66.1K(  0.1%)]
         [Old:               5186( 99.8%)     45.9M( 99.9%)]
   [Table]
      [Memory Usage: 1330.4K]
      [Size: 32768, Min: 1024, Max: 16777216]
      [Entries: 45842, Load: 139.9%, Cached: 0, Added: 88442, Removed: 42600]
      [Resize Count: 5, Shrink Threshold: 21845(66.7%), Grow Threshold: 65536(200.0%)]
      [Rehash Count: 1, Rehash Threshold: 120, Hash Seed: 0xc4e8cebb]
      [Age Threshold: 3]
   [Queue]
      [Dropped: 0]
2016-06-27T18:02:03.539+0300: 89.796: [GC pause (G1 Evacuation Pause) (young) (initial-mark)
Desired survivor size 3670016 bytes, new threshold 1 (max 15)
- age   1:    6743208 bytes,    6743208 total
, 0.0054522 secs]
   [Parallel Time: 4.3 ms, GC Workers: 4]
      [GC Worker Start (ms): Min: 89795.9, Avg: 89795.9, Max: 89796.0, Diff: 0.1]
      [Ext Root Scanning (ms): Min: 0.4, Avg: 0.5, Max: 0.7, Diff: 0.3, Sum: 2.1]
      [Update RS (ms): Min: 1.2, Avg: 1.4, Max: 1.6, Diff: 0.4, Sum: 5.4]
         [Processed Buffers: Min: 3, Avg: 12.3, Max: 19, Diff: 16, Sum: 49]
      [Scan RS (ms): Min: 0.0, Avg: 0.0, Max: 0.0, Diff: 0.0, Sum: 0.0]
      [Code Root Scanning (ms): Min: 0.0, Avg: 0.0, Max: 0.0, Diff: 0.0, Sum: 0.0]
      [Object Copy (ms): Min: 1.8, Avg: 2.2, Max: 2.4, Diff: 0.6, Sum: 9.0]
      [Termination (ms): Min: 0.0, Avg: 0.0, Max: 0.0, Diff: 0.0, Sum: 0.0]
         [Termination Attempts: Min: 1, Avg: 1.0, Max: 1, Diff: 0, Sum: 4]
      [GC Worker Other (ms): Min: 0.0, Avg: 0.0, Max: 0.0, Diff: 0.0, Sum: 0.1]
      [GC Worker Total (ms): Min: 4.1, Avg: 4.2, Max: 4.2, Diff: 0.1, Sum: 16.6]
      [GC Worker End (ms): Min: 89800.1, Avg: 89800.1, Max: 89800.1, Diff: 0.0]
   [Code Root Fixup: 0.0 ms]
   [Code Root Purge: 0.0 ms]
   [String Dedup Fixup: 0.5 ms, GC Workers: 4]
      [Queue Fixup (ms): Min: 0.0, Avg: 0.0, Max: 0.0, Diff: 0.0, Sum: 0.0]
      [Table Fixup (ms): Min: 0.5, Avg: 0.5, Max: 0.5, Diff: 0.0, Sum: 2.0]
   [Clear CT: 0.1 ms]
   [Other: 0.6 ms]
      [Choose CSet: 0.0 ms]
      [Ref Proc: 0.1 ms]
      [Ref Enq: 0.0 ms]
      [Redirty Cards: 0.0 ms]
      [Humongous Register: 0.0 ms]
      [Humongous Reclaim: 0.0 ms]
      [Free CSet: 0.0 ms]
   [Eden: 45.0M(45.0M)->0.0B(45.0M) Survivors: 7168.0K->7168.0K Heap: 949.5M(1048.0M)->912.5M(1048.0M)]
 [Times: user=0.00 sys=0.00, real=0.00 secs] 
2016-06-27T18:02:03.544+0300: 89.801: [GC concurrent-root-region-scan-start]
2016-06-27T18:02:03.544+0300: 89.801: Total time for which application threads were stopped: 0.0116455 seconds, Stopping threads took: 0.0054795 seconds
2016-06-27T18:02:03.545+0300: 89.802: [GC concurrent-root-region-scan-end, 0.0006577 secs]
2016-06-27T18:02:03.545+0300: 89.802: [GC concurrent-mark-start]
2016-06-27T18:02:03.549+0300: 89.806: [GC concurrent-string-deduplication, 6609.2K->6365.0K(244.3K), avg 2.8%, 0.0049189 secs]
   [Last Exec: 0.0049189 secs, Idle: 0.3855766 secs, Blocked: 0/0.0000000 secs]
      [Inspected:             337]
         [Skipped:              3(  0.9%)]
         [Hashed:             334( 99.1%)]
         [Known:                0(  0.0%)]
         [New:                334( 99.1%)   6609.2K]
      [Deduplicated:           16(  4.8%)    244.3K(  3.7%)]
         [Young:                0(  0.0%)      0.0B(  0.0%)]
         [Old:                 16(100.0%)    244.3K(100.0%)]
   [Total Exec: 333/1.2192451 secs, Idle: 333/88.3271697 secs, Blocked: 6/0.0132868 secs]
      [Inspected:           94796]
         [Skipped:            755(  0.8%)]
         [Hashed:           93063( 98.2%)]
         [Known:             4473(  4.7%)]
         [New:              89568( 94.5%)   1664.9M]
      [Deduplicated:         5211(  5.8%)     46.2M(  2.8%)]
         [Young:                9(  0.2%)     66.1K(  0.1%)]
         [Old:               5202( 99.8%)     46.1M( 99.9%)]
   [Table]
      [Memory Usage: 1337.9K]
      [Size: 32768, Min: 1024, Max: 16777216]
      [Entries: 46160, Load: 140.9%, Cached: 0, Added: 88760, Removed: 42600]
      [Resize Count: 5, Shrink Threshold: 21845(66.7%), Grow Threshold: 65536(200.0%)]
      [Rehash Count: 1, Rehash Threshold: 120, Hash Seed: 0xc4e8cebb]
      [Age Threshold: 3]
   [Queue]
      [Dropped: 0]
2016-06-27T18:02:03.609+0300: 89.866: [GC concurrent-mark-end, 0.0635828 secs]
2016-06-27T18:02:03.630+0300: 89.887: [GC remark 2016-06-27T18:02:03.630+0300: 89.887: [Finalize Marking, 0.0002549 secs] 2016-06-27T18:02:03.630+0300: 89.888: [GC ref-proc, 0.0001150 secs] 2016-06-27T18:02:03.631+0300: 89.888: [Unloading, 0.0027361 secs], 0.0067428 secs]
 [Times: user=0.00 sys=0.00, real=0.01 secs] 
2016-06-27T18:02:03.637+0300: 89.894: Total time for which application threads were stopped: 0.0119414 seconds, Stopping threads took: 0.0046867 seconds
2016-06-27T18:02:03.878+0300: 90.135: [GC cleanup 957M->957M(1048M), 0.0020237 secs]
 [Times: user=0.06 sys=0.00, real=0.00 secs] 
2016-06-27T18:02:03.880+0300: 90.137: Total time for which application threads were stopped: 0.0105357 seconds, Stopping threads took: 0.0080189 seconds
2016-06-27T18:02:03.881+0300: 90.138: [GC pause (G1 Evacuation Pause) (young)
Desired survivor size 3670016 bytes, new threshold 1 (max 15)
- age   1:    7222648 bytes,    7222648 total
, 0.0044951 secs]
   [Parallel Time: 3.5 ms, GC Workers: 4]
      [GC Worker Start (ms): Min: 90138.4, Avg: 90138.5, Max: 90138.5, Diff: 0.0]
      [Ext Root Scanning (ms): Min: 0.4, Avg: 0.5, Max: 0.6, Diff: 0.1, Sum: 2.0]
      [Update RS (ms): Min: 0.5, Avg: 0.7, Max: 1.0, Diff: 0.6, Sum: 2.7]
         [Processed Buffers: Min: 2, Avg: 9.8, Max: 27, Diff: 25, Sum: 39]
      [Scan RS (ms): Min: 0.0, Avg: 0.0, Max: 0.0, Diff: 0.0, Sum: 0.0]
      [Code Root Scanning (ms): Min: 0.0, Avg: 0.0, Max: 0.0, Diff: 0.0, Sum: 0.0]
      [Object Copy (ms): Min: 1.9, Avg: 2.2, Max: 2.4, Diff: 0.4, Sum: 8.9]
      [Termination (ms): Min: 0.0, Avg: 0.0, Max: 0.0, Diff: 0.0, Sum: 0.0]
         [Termination Attempts: Min: 1, Avg: 1.0, Max: 1, Diff: 0, Sum: 4]
      [GC Worker Other (ms): Min: 0.0, Avg: 0.0, Max: 0.0, Diff: 0.0, Sum: 0.1]
      [GC Worker Total (ms): Min: 3.4, Avg: 3.4, Max: 3.4, Diff: 0.0, Sum: 13.7]
      [GC Worker End (ms): Min: 90141.9, Avg: 90141.9, Max: 90141.9, Diff: 0.0]
   [Code Root Fixup: 0.0 ms]
   [Code Root Purge: 0.0 ms]
   [String Dedup Fixup: 0.5 ms, GC Workers: 4]
      [Queue Fixup (ms): Min: 0.0, Avg: 0.0, Max: 0.0, Diff: 0.0, Sum: 0.0]
      [Table Fixup (ms): Min: 0.5, Avg: 0.5, Max: 0.5, Diff: 0.0, Sum: 1.8]
   [Clear CT: 0.0 ms]
   [Other: 0.5 ms]
      [Choose CSet: 0.0 ms]
      [Ref Proc: 0.1 ms]
      [Ref Enq: 0.0 ms]
      [Redirty Cards: 0.0 ms]
      [Humongous Register: 0.0 ms]
      [Humongous Reclaim: 0.0 ms]
      [Free CSet: 0.1 ms]
   [Eden: 45.0M(45.0M)->0.0B(45.0M) Survivors: 7168.0K->7168.0K Heap: 957.5M(1048.0M)->921.5M(1048.0M)]
 [Times: user=0.00 sys=0.00, real=0.00 secs] 
2016-06-27T18:02:03.886+0300: 90.143: Total time for which application threads were stopped: 0.0051130 seconds, Stopping threads took: 0.0000483 seconds
2016-06-27T18:02:03.891+0300: 90.148: [GC concurrent-string-deduplication, 7372.9K->7205.6K(167.2K), avg 2.8%, 0.0052495 secs]
   [Last Exec: 0.0052495 secs, Idle: 0.3366435 secs, Blocked: 0/0.0000000 secs]
      [Inspected:             379]
         [Skipped:              4(  1.1%)]
         [Hashed:             375( 98.9%)]
         [Known:                0(  0.0%)]
         [New:                375( 98.9%)   7372.9K]
      [Deduplicated:           15(  4.0%)    167.2K(  2.3%)]
         [Young:                0(  0.0%)      0.0B(  0.0%)]
         [Old:                 15(100.0%)    167.2K(100.0%)]
   [Total Exec: 334/1.2244946 secs, Idle: 334/88.6638132 secs, Blocked: 6/0.0132868 secs]
      [Inspected:           95175]
         [Skipped:            759(  0.8%)]
         [Hashed:           93438( 98.2%)]
         [Known:             4473(  4.7%)]
         [New:              89943( 94.5%)   1672.1M]
      [Deduplicated:         5226(  5.8%)     46.3M(  2.8%)]
         [Young:                9(  0.2%)     66.1K(  0.1%)]
         [Old:               5217( 99.8%)     46.3M( 99.9%)]
   [Table]
      [Memory Usage: 1337.9K]
      [Size: 32768, Min: 1024, Max: 16777216]
      [Entries: 42942, Load: 131.0%, Cached: 3218, Added: 89137, Removed: 46195]
      [Resize Count: 5, Shrink Threshold: 21845(66.7%), Grow Threshold: 65536(200.0%)]
      [Rehash Count: 1, Rehash Threshold: 120, Hash Seed: 0xc4e8cebb]
      [Age Threshold: 3]
   [Queue]
      [Dropped: 0]
2016-06-27T18:02:04.268+0300: 90.525: [GC pause (G1 Evacuation Pause) (mixed)
Desired survivor size 3670016 bytes, new threshold 1 (max 15)
- age   1:    7050520 bytes,    7050520 total
, 0.0185812 secs]
   [Parallel Time: 16.8 ms, GC Workers: 4]
      [GC Worker Start (ms): Min: 90525.6, Avg: 90525.6, Max: 90525.6, Diff: 0.0]
      [Ext Root Scanning (ms): Min: 0.4, Avg: 0.5, Max: 0.6, Diff: 0.2, Sum: 1.9]
      [Update RS (ms): Min: 0.6, Avg: 0.7, Max: 0.8, Diff: 0.2, Sum: 2.9]
         [Processed Buffers: Min: 4, Avg: 9.0, Max: 13, Diff: 9, Sum: 36]
      [Scan RS (ms): Min: 2.2, Avg: 2.3, Max: 2.3, Diff: 0.1, Sum: 9.1]
      [Code Root Scanning (ms): Min: 0.0, Avg: 0.0, Max: 0.1, Diff: 0.1, Sum: 0.1]
      [Object Copy (ms): Min: 13.2, Avg: 13.2, Max: 13.2, Diff: 0.0, Sum: 52.8]
      [Termination (ms): Min: 0.0, Avg: 0.0, Max: 0.0, Diff: 0.0, Sum: 0.0]
         [Termination Attempts: Min: 1, Avg: 2.0, Max: 3, Diff: 2, Sum: 8]
      [GC Worker Other (ms): Min: 0.0, Avg: 0.0, Max: 0.0, Diff: 0.0, Sum: 0.0]
      [GC Worker Total (ms): Min: 16.7, Avg: 16.7, Max: 16.7, Diff: 0.0, Sum: 66.8]
      [GC Worker End (ms): Min: 90542.3, Avg: 90542.3, Max: 90542.3, Diff: 0.0]
   [Code Root Fixup: 0.0 ms]
   [Code Root Purge: 0.0 ms]
   [String Dedup Fixup: 0.6 ms, GC Workers: 4]
      [Queue Fixup (ms): Min: 0.0, Avg: 0.0, Max: 0.0, Diff: 0.0, Sum: 0.0]
      [Table Fixup (ms): Min: 0.6, Avg: 0.6, Max: 0.6, Diff: 0.0, Sum: 2.4]
   [Clear CT: 0.2 ms]
   [Other: 1.0 ms]
      [Choose CSet: 0.1 ms]
      [Ref Proc: 0.0 ms]
      [Ref Enq: 0.0 ms]
      [Redirty Cards: 0.0 ms]
      [Humongous Register: 0.0 ms]
      [Humongous Reclaim: 0.0 ms]
      [Free CSet: 0.5 ms]
   [Eden: 45.0M(45.0M)->0.0B(45.0M) Survivors: 7168.0K->7168.0K Heap: 966.5M(1048.0M)->891.0M(1048.0M)]
 [Times: user=0.13 sys=0.00, real=0.02 secs] 
2016-06-27T18:02:04.287+0300: 90.544: Total time for which application threads were stopped: 0.0260950 seconds, Stopping threads took: 0.0068784 seconds
2016-06-27T18:02:04.292+0300: 90.550: [GC concurrent-string-deduplication, 7517.0K->7225.6K(291.3K), avg 2.8%, 0.0053619 secs]
   [Last Exec: 0.0053619 secs, Idle: 0.3958300 secs, Blocked: 0/0.0000000 secs]
      [Inspected:             428]
         [Skipped:              8(  1.9%)]
         [Hashed:             420( 98.1%)]
         [Known:               17(  4.0%)]
         [New:                403( 94.2%)   7517.0K]
      [Deduplicated:           42( 10.4%)    291.3K(  3.9%)]
         [Young:                0(  0.0%)      0.0B(  0.0%)]
         [Old:                 42(100.0%)    291.3K(100.0%)]
   [Total Exec: 335/1.2298565 secs, Idle: 335/89.0596432 secs, Blocked: 6/0.0132868 secs]
      [Inspected:           95603]
         [Skipped:            767(  0.8%)]
         [Hashed:           93858( 98.2%)]
         [Known:             4490(  4.7%)]
         [New:              90346( 94.5%)   1679.4M]
      [Deduplicated:         5268(  5.8%)     46.6M(  2.8%)]
         [Young:                9(  0.2%)     66.1K(  0.1%)]
         [Old:               5259( 99.8%)     46.6M( 99.9%)]
   [Table]
      [Memory Usage: 1337.9K]
      [Size: 32768, Min: 1024, Max: 16777216]
      [Entries: 43303, Load: 132.2%, Cached: 2857, Added: 89498, Removed: 46195]
      [Resize Count: 5, Shrink Threshold: 21845(66.7%), Grow Threshold: 65536(200.0%)]
      [Rehash Count: 1, Rehash Threshold: 120, Hash Seed: 0xc4e8cebb]
      [Age Threshold: 3]
   [Queue]
      [Dropped: 0]
2016-06-27T18:02:04.668+0300: 90.925: [GC pause (G1 Evacuation Pause) (mixed)
Desired survivor size 3670016 bytes, new threshold 1 (max 15)
- age   1:    6846864 bytes,    6846864 total
, 0.0276427 secs]
   [Parallel Time: 25.4 ms, GC Workers: 4]
      [GC Worker Start (ms): Min: 90925.8, Avg: 90925.8, Max: 90925.8, Diff: 0.0]
      [Ext Root Scanning (ms): Min: 0.4, Avg: 0.5, Max: 0.7, Diff: 0.2, Sum: 2.0]
      [Update RS (ms): Min: 6.9, Avg: 7.0, Max: 7.0, Diff: 0.1, Sum: 27.8]
         [Processed Buffers: Min: 9, Avg: 16.0, Max: 24, Diff: 15, Sum: 64]
      [Scan RS (ms): Min: 3.8, Avg: 3.9, Max: 3.9, Diff: 0.1, Sum: 15.4]
      [Code Root Scanning (ms): Min: 0.0, Avg: 0.0, Max: 0.1, Diff: 0.1, Sum: 0.1]
      [Object Copy (ms): Min: 14.0, Avg: 14.0, Max: 14.1, Diff: 0.1, Sum: 56.2]
      [Termination (ms): Min: 0.0, Avg: 0.0, Max: 0.0, Diff: 0.0, Sum: 0.0]
         [Termination Attempts: Min: 1, Avg: 1.8, Max: 3, Diff: 2, Sum: 7]
      [GC Worker Other (ms): Min: 0.0, Avg: 0.0, Max: 0.0, Diff: 0.0, Sum: 0.1]
      [GC Worker Total (ms): Min: 25.4, Avg: 25.4, Max: 25.4, Diff: 0.0, Sum: 101.6]
      [GC Worker End (ms): Min: 90951.2, Avg: 90951.2, Max: 90951.2, Diff: 0.0]
   [Code Root Fixup: 0.0 ms]
   [Code Root Purge: 0.0 ms]
   [String Dedup Fixup: 0.8 ms, GC Workers: 4]
      [Queue Fixup (ms): Min: 0.0, Avg: 0.0, Max: 0.0, Diff: 0.0, Sum: 0.0]
      [Table Fixup (ms): Min: 0.7, Avg: 0.7, Max: 0.7, Diff: 0.0, Sum: 2.8]
   [Clear CT: 0.2 ms]
   [Other: 1.2 ms]
      [Choose CSet: 0.2 ms]
      [Ref Proc: 0.1 ms]
      [Ref Enq: 0.0 ms]
      [Redirty Cards: 0.1 ms]
      [Humongous Register: 0.0 ms]
      [Humongous Reclaim: 0.0 ms]
      [Free CSet: 0.5 ms]
   [Eden: 45.0M(45.0M)->0.0B(45.0M) Survivors: 7168.0K->7168.0K Heap: 936.0M(1048.0M)->862.5M(1048.0M)]
 [Times: user=0.13 sys=0.00, real=0.03 secs] 
2016-06-27T18:02:04.696+0300: 90.953: Total time for which application threads were stopped: 0.0359140 seconds, Stopping threads took: 0.0075806 seconds
2016-06-27T18:02:04.701+0300: 90.958: [GC concurrent-string-deduplication, 6769.3K->6625.2K(144.2K), avg 2.8%, 0.0048085 secs]
   [Last Exec: 0.0048085 secs, Idle: 0.4037763 secs, Blocked: 0/0.0000000 secs]
      [Inspected:             345]
         [Skipped:              3(  0.9%)]
         [Hashed:             342( 99.1%)]
         [Known:                0(  0.0%)]
         [New:                342( 99.1%)   6769.3K]
      [Deduplicated:           11(  3.2%)    144.2K(  2.1%)]
         [Young:                0(  0.0%)      0.0B(  0.0%)]
         [Old:                 11(100.0%)    144.2K(100.0%)]
   [Total Exec: 336/1.2346651 secs, Idle: 336/89.4634195 secs, Blocked: 6/0.0132868 secs]
      [Inspected:           95948]
         [Skipped:            770(  0.8%)]
         [Hashed:           94200( 98.2%)]
         [Known:             4490(  4.7%)]
         [New:              90688( 94.5%)   1686.0M]
      [Deduplicated:         5279(  5.8%)     46.8M(  2.8%)]
         [Young:                9(  0.2%)     66.1K(  0.1%)]
         [Old:               5270( 99.8%)     46.7M( 99.9%)]
   [Table]
      [Memory Usage: 1337.9K]
      [Size: 32768, Min: 1024, Max: 16777216]
      [Entries: 43634, Load: 133.2%, Cached: 2526, Added: 89829, Removed: 46195]
      [Resize Count: 5, Shrink Threshold: 21845(66.7%), Grow Threshold: 65536(200.0%)]
      [Rehash Count: 1, Rehash Threshold: 120, Hash Seed: 0xc4e8cebb]
      [Age Threshold: 3]
   [Queue]
      [Dropped: 0]
2016-06-27T18:02:05.090+0300: 91.347: [GC pause (G1 Evacuation Pause) (mixed)
Desired survivor size 3670016 bytes, new threshold 1 (max 15)
- age   1:    7086176 bytes,    7086176 total
, 0.0227037 secs]
   [Parallel Time: 21.1 ms, GC Workers: 4]
      [GC Worker Start (ms): Min: 91347.5, Avg: 91347.5, Max: 91347.5, Diff: 0.0]
      [Ext Root Scanning (ms): Min: 0.5, Avg: 0.5, Max: 0.6, Diff: 0.1, Sum: 2.1]
      [Update RS (ms): Min: 9.5, Avg: 9.6, Max: 9.8, Diff: 0.3, Sum: 38.4]
         [Processed Buffers: Min: 12, Avg: 19.8, Max: 43, Diff: 31, Sum: 79]
      [Scan RS (ms): Min: 2.3, Avg: 2.5, Max: 2.6, Diff: 0.4, Sum: 9.9]
      [Code Root Scanning (ms): Min: 0.0, Avg: 0.0, Max: 0.1, Diff: 0.1, Sum: 0.1]
      [Object Copy (ms): Min: 8.3, Avg: 8.4, Max: 8.4, Diff: 0.1, Sum: 33.4]
      [Termination (ms): Min: 0.0, Avg: 0.0, Max: 0.0, Diff: 0.0, Sum: 0.0]
         [Termination Attempts: Min: 1, Avg: 6.3, Max: 13, Diff: 12, Sum: 25]
      [GC Worker Other (ms): Min: 0.0, Avg: 0.0, Max: 0.0, Diff: 0.0, Sum: 0.1]
      [GC Worker Total (ms): Min: 21.0, Avg: 21.0, Max: 21.0, Diff: 0.0, Sum: 84.0]
      [GC Worker End (ms): Min: 91368.5, Avg: 91368.5, Max: 91368.5, Diff: 0.0]
   [Code Root Fixup: 0.0 ms]
   [Code Root Purge: 0.0 ms]
   [String Dedup Fixup: 0.6 ms, GC Workers: 4]
      [Queue Fixup (ms): Min: 0.0, Avg: 0.0, Max: 0.0, Diff: 0.0, Sum: 0.0]
      [Table Fixup (ms): Min: 0.5, Avg: 0.5, Max: 0.5, Diff: 0.0, Sum: 2.1]
   [Clear CT: 0.2 ms]
   [Other: 0.9 ms]
      [Choose CSet: 0.1 ms]
      [Ref Proc: 0.0 ms]
      [Ref Enq: 0.0 ms]
      [Redirty Cards: 0.0 ms]
      [Humongous Register: 0.0 ms]
      [Humongous Reclaim: 0.0 ms]
      [Free CSet: 0.3 ms]
   [Eden: 45.0M(45.0M)->0.0B(45.0M) Survivors: 7168.0K->7168.0K Heap: 907.5M(1048.0M)->858.0M(1048.0M)]
 [Times: user=0.06 sys=0.00, real=0.02 secs] 
2016-06-27T18:02:05.113+0300: 91.370: Total time for which application threads were stopped: 0.0282068 seconds, Stopping threads took: 0.0048201 seconds
2016-06-27T18:02:05.118+0300: 91.375: [GC concurrent-string-deduplication, 7351.8K->7125.6K(226.3K), avg 2.8%, 0.0051156 secs]
   [Last Exec: 0.0051156 secs, Idle: 0.4118123 secs, Blocked: 0/0.0000000 secs]
      [Inspected:             377]
         [Skipped:              4(  1.1%)]
         [Hashed:             373( 98.9%)]
         [Known:                0(  0.0%)]
         [New:                373( 98.9%)   7351.8K]
      [Deduplicated:           17(  4.6%)    226.3K(  3.1%)]
         [Young:                0(  0.0%)      0.0B(  0.0%)]
         [Old:                 17(100.0%)    226.3K(100.0%)]
   [Total Exec: 337/1.2397807 secs, Idle: 337/89.8752318 secs, Blocked: 6/0.0132868 secs]
      [Inspected:           96325]
         [Skipped:            774(  0.8%)]
         [Hashed:           94573( 98.2%)]
         [Known:             4490(  4.7%)]
         [New:              91061( 94.5%)   1693.2M]
      [Deduplicated:         5296(  5.8%)     47.0M(  2.8%)]
         [Young:                9(  0.2%)     66.1K(  0.1%)]
         [Old:               5287( 99.8%)     46.9M( 99.9%)]
   [Table]
      [Memory Usage: 1337.9K]
      [Size: 32768, Min: 1024, Max: 16777216]
      [Entries: 43990, Load: 134.2%, Cached: 2170, Added: 90185, Removed: 46195]
      [Resize Count: 5, Shrink Threshold: 21845(66.7%), Grow Threshold: 65536(200.0%)]
      [Rehash Count: 1, Rehash Threshold: 120, Hash Seed: 0xc4e8cebb]
      [Age Threshold: 3]
   [Queue]
      [Dropped: 0]
2016-06-27T18:02:05.501+0300: 91.759: [GC pause (G1 Evacuation Pause) (young)
Desired survivor size 3670016 bytes, new threshold 1 (max 15)
- age   1:    7002000 bytes,    7002000 total
, 0.0114774 secs]
   [Parallel Time: 10.3 ms, GC Workers: 4]
      [GC Worker Start (ms): Min: 91758.9, Avg: 91758.9, Max: 91759.0, Diff: 0.0]
      [Ext Root Scanning (ms): Min: 0.5, Avg: 0.5, Max: 0.6, Diff: 0.1, Sum: 2.2]
      [Update RS (ms): Min: 7.4, Avg: 7.6, Max: 7.9, Diff: 0.4, Sum: 30.2]
         [Processed Buffers: Min: 8, Avg: 19.0, Max: 35, Diff: 27, Sum: 76]
      [Scan RS (ms): Min: 0.0, Avg: 0.0, Max: 0.0, Diff: 0.0, Sum: 0.0]
      [Code Root Scanning (ms): Min: 0.0, Avg: 0.0, Max: 0.0, Diff: 0.0, Sum: 0.0]
      [Object Copy (ms): Min: 1.8, Avg: 2.1, Max: 2.2, Diff: 0.4, Sum: 8.4]
      [Termination (ms): Min: 0.0, Avg: 0.0, Max: 0.0, Diff: 0.0, Sum: 0.0]
         [Termination Attempts: Min: 1, Avg: 1.0, Max: 1, Diff: 0, Sum: 4]
      [GC Worker Other (ms): Min: 0.0, Avg: 0.0, Max: 0.0, Diff: 0.0, Sum: 0.1]
      [GC Worker Total (ms): Min: 10.2, Avg: 10.2, Max: 10.2, Diff: 0.0, Sum: 41.0]
      [GC Worker End (ms): Min: 91769.2, Avg: 91769.2, Max: 91769.2, Diff: 0.0]
   [Code Root Fixup: 0.0 ms]
   [Code Root Purge: 0.0 ms]
   [String Dedup Fixup: 0.6 ms, GC Workers: 4]
      [Queue Fixup (ms): Min: 0.0, Avg: 0.0, Max: 0.0, Diff: 0.0, Sum: 0.0]
      [Table Fixup (ms): Min: 0.5, Avg: 0.5, Max: 0.5, Diff: 0.0, Sum: 2.1]
   [Clear CT: 0.0 ms]
   [Other: 0.6 ms]
      [Choose CSet: 0.0 ms]
      [Ref Proc: 0.1 ms]
      [Ref Enq: 0.0 ms]
      [Redirty Cards: 0.0 ms]
      [Humongous Register: 0.0 ms]
      [Humongous Reclaim: 0.0 ms]
      [Free CSet: 0.1 ms]
   [Eden: 45.0M(45.0M)->0.0B(45.0M) Survivors: 7168.0K->7168.0K Heap: 903.0M(1048.0M)->867.0M(1048.0M)]
 [Times: user=0.06 sys=0.00, real=0.01 secs] 
2016-06-27T18:02:05.513+0300: 91.770: Total time for which application threads were stopped: 0.0162941 seconds, Stopping threads took: 0.0040956 seconds
2016-06-27T18:02:05.518+0300: 91.775: [GC concurrent-string-deduplication, 7148.6K->6945.4K(203.2K), avg 2.8%, 0.0050476 secs]
   [Last Exec: 0.0050476 secs, Idle: 0.3951146 secs, Blocked: 0/0.0000000 secs]
      [Inspected:             364]
         [Skipped:              4(  1.1%)]
         [Hashed:             360( 98.9%)]
         [Known:                0(  0.0%)]
         [New:                360( 98.9%)   7148.6K]
      [Deduplicated:           13(  3.6%)    203.2K(  2.8%)]
         [Young:                0(  0.0%)      0.0B(  0.0%)]
         [Old:                 13(100.0%)    203.2K(100.0%)]
   [Total Exec: 338/1.2448283 secs, Idle: 338/90.2703464 secs, Blocked: 6/0.0132868 secs]
      [Inspected:           96689]
         [Skipped:            778(  0.8%)]
         [Hashed:           94933( 98.2%)]
         [Known:             4490(  4.6%)]
         [New:              91421( 94.6%)   1700.2M]
      [Deduplicated:         5309(  5.8%)     47.2M(  2.8%)]
         [Young:                9(  0.2%)     66.1K(  0.1%)]
         [Old:               5300( 99.8%)     47.1M( 99.9%)]
   [Table]
      [Memory Usage: 1337.9K]
      [Size: 32768, Min: 1024, Max: 16777216]
      [Entries: 44337, Load: 135.3%, Cached: 1823, Added: 90532, Removed: 46195]
      [Resize Count: 5, Shrink Threshold: 21845(66.7%), Grow Threshold: 65536(200.0%)]
      [Rehash Count: 1, Rehash Threshold: 120, Hash Seed: 0xc4e8cebb]
      [Age Threshold: 3]
   [Queue]
      [Dropped: 0]
2016-06-27T18:02:05.905+0300: 92.163: [GC pause (G1 Evacuation Pause) (young) (initial-mark)
Desired survivor size 3670016 bytes, new threshold 1 (max 15)
- age   1:    6989744 bytes,    6989744 total
, 0.0047239 secs]
   [Parallel Time: 3.5 ms, GC Workers: 4]
      [GC Worker Start (ms): Min: 92163.0, Avg: 92163.0, Max: 92163.0, Diff: 0.0]
      [Ext Root Scanning (ms): Min: 0.5, Avg: 0.6, Max: 0.7, Diff: 0.2, Sum: 2.4]
      [Update RS (ms): Min: 0.5, Avg: 0.5, Max: 0.6, Diff: 0.1, Sum: 2.0]
         [Processed Buffers: Min: 4, Avg: 10.3, Max: 17, Diff: 13, Sum: 41]
      [Scan RS (ms): Min: 0.0, Avg: 0.0, Max: 0.0, Diff: 0.0, Sum: 0.0]
      [Code Root Scanning (ms): Min: 0.0, Avg: 0.0, Max: 0.0, Diff: 0.0, Sum: 0.0]
      [Object Copy (ms): Min: 2.1, Avg: 2.3, Max: 2.4, Diff: 0.3, Sum: 9.2]
      [Termination (ms): Min: 0.0, Avg: 0.0, Max: 0.0, Diff: 0.0, Sum: 0.1]
         [Termination Attempts: Min: 1, Avg: 1.0, Max: 1, Diff: 0, Sum: 4]
      [GC Worker Other (ms): Min: 0.0, Avg: 0.0, Max: 0.0, Diff: 0.0, Sum: 0.0]
      [GC Worker Total (ms): Min: 3.4, Avg: 3.4, Max: 3.4, Diff: 0.0, Sum: 13.8]
      [GC Worker End (ms): Min: 92166.4, Avg: 92166.4, Max: 92166.4, Diff: 0.0]
   [Code Root Fixup: 0.0 ms]
   [Code Root Purge: 0.0 ms]
   [String Dedup Fixup: 0.5 ms, GC Workers: 4]
      [Queue Fixup (ms): Min: 0.0, Avg: 0.0, Max: 0.0, Diff: 0.0, Sum: 0.0]
      [Table Fixup (ms): Min: 0.5, Avg: 0.5, Max: 0.5, Diff: 0.0, Sum: 2.1]
   [Clear CT: 0.0 ms]
   [Other: 0.6 ms]
      [Choose CSet: 0.0 ms]
      [Ref Proc: 0.1 ms]
      [Ref Enq: 0.0 ms]
      [Redirty Cards: 0.0 ms]
      [Humongous Register: 0.0 ms]
      [Humongous Reclaim: 0.0 ms]
      [Free CSet: 0.1 ms]
   [Eden: 45.0M(45.0M)->0.0B(45.0M) Survivors: 7168.0K->7168.0K Heap: 912.0M(1048.0M)->876.0M(1048.0M)]
 [Times: user=0.00 sys=0.00, real=0.01 secs] 
2016-06-27T18:02:05.910+0300: 92.168: [GC concurrent-root-region-scan-start]
2016-06-27T18:02:05.910+0300: 92.168: Total time for which application threads were stopped: 0.0097159 seconds, Stopping threads took: 0.0042406 seconds
2016-06-27T18:02:05.911+0300: 92.168: [GC concurrent-root-region-scan-end, 0.0006860 secs]
2016-06-27T18:02:05.911+0300: 92.168: [GC concurrent-mark-start]
2016-06-27T18:02:05.916+0300: 92.173: [GC concurrent-string-deduplication, 7288.7K->7025.5K(263.3K), avg 2.8%, 0.0051451 secs]
   [Last Exec: 0.0051451 secs, Idle: 0.3921372 secs, Blocked: 0/0.0000000 secs]
      [Inspected:             369]
         [Skipped:              2(  0.5%)]
         [Hashed:             367( 99.5%)]
         [Known:                0(  0.0%)]
         [New:                367( 99.5%)   7288.7K]
      [Deduplicated:           16(  4.4%)    263.3K(  3.6%)]
         [Young:                0(  0.0%)      0.0B(  0.0%)]
         [Old:                 16(100.0%)    263.3K(100.0%)]
   [Total Exec: 339/1.2499734 secs, Idle: 339/90.6624836 secs, Blocked: 6/0.0132868 secs]
      [Inspected:           97058]
         [Skipped:            780(  0.8%)]
         [Hashed:           95300( 98.2%)]
         [Known:             4490(  4.6%)]
         [New:              91788( 94.6%)   1707.3M]
      [Deduplicated:         5325(  5.8%)     47.4M(  2.8%)]
         [Young:                9(  0.2%)     66.1K(  0.1%)]
         [Old:               5316( 99.8%)     47.4M( 99.9%)]
   [Table]
      [Memory Usage: 1337.9K]
      [Size: 32768, Min: 1024, Max: 16777216]
      [Entries: 44688, Load: 136.4%, Cached: 1472, Added: 90883, Removed: 46195]
      [Resize Count: 5, Shrink Threshold: 21845(66.7%), Grow Threshold: 65536(200.0%)]
      [Rehash Count: 1, Rehash Threshold: 120, Hash Seed: 0xc4e8cebb]
      [Age Threshold: 3]
   [Queue]
      [Dropped: 0]
2016-06-27T18:02:05.971+0300: 92.228: [GC concurrent-mark-end, 0.0582127 secs]
2016-06-27T18:02:06.000+0300: 92.258: [GC remark 2016-06-27T18:02:06.000+0300: 92.258: [Finalize Marking, 0.0001890 secs] 2016-06-27T18:02:06.000+0300: 92.258: [GC ref-proc, 0.0001146 secs] 2016-06-27T18:02:06.001+0300: 92.258: [Unloading, 0.0026510 secs], 0.0066646 secs]
 [Times: user=0.06 sys=0.00, real=0.01 secs] 
2016-06-27T18:02:06.007+0300: 92.264: Total time for which application threads were stopped: 0.0083414 seconds, Stopping threads took: 0.0012068 seconds
2016-06-27T18:02:06.271+0300: 92.529: [GC cleanup 921M->921M(1048M), 0.0019279 secs]
 [Times: user=0.00 sys=0.00, real=0.00 secs] 
2016-06-27T18:02:06.273+0300: 92.531: Total time for which application threads were stopped: 0.0086091 seconds, Stopping threads took: 0.0062493 seconds
2016-06-27T18:02:06.275+0300: 92.532: [GC pause (G1 Evacuation Pause) (young)
Desired survivor size 3670016 bytes, new threshold 1 (max 15)
- age   1:    7050224 bytes,    7050224 total
, 0.0042877 secs]
   [Parallel Time: 3.3 ms, GC Workers: 4]
      [GC Worker Start (ms): Min: 92532.3, Avg: 92532.3, Max: 92532.3, Diff: 0.0]
      [Ext Root Scanning (ms): Min: 0.4, Avg: 0.5, Max: 0.5, Diff: 0.1, Sum: 1.8]
      [Update RS (ms): Min: 0.5, Avg: 0.6, Max: 0.7, Diff: 0.2, Sum: 2.6]
         [Processed Buffers: Min: 5, Avg: 9.3, Max: 16, Diff: 11, Sum: 37]
      [Scan RS (ms): Min: 0.0, Avg: 0.0, Max: 0.0, Diff: 0.0, Sum: 0.0]
      [Code Root Scanning (ms): Min: 0.0, Avg: 0.0, Max: 0.0, Diff: 0.0, Sum: 0.0]
      [Object Copy (ms): Min: 2.1, Avg: 2.2, Max: 2.2, Diff: 0.1, Sum: 8.6]
      [Termination (ms): Min: 0.0, Avg: 0.0, Max: 0.0, Diff: 0.0, Sum: 0.0]
         [Termination Attempts: Min: 1, Avg: 1.0, Max: 1, Diff: 0, Sum: 4]
      [GC Worker Other (ms): Min: 0.0, Avg: 0.0, Max: 0.0, Diff: 0.0, Sum: 0.1]
      [GC Worker Total (ms): Min: 3.3, Avg: 3.3, Max: 3.3, Diff: 0.0, Sum: 13.1]
      [GC Worker End (ms): Min: 92535.5, Avg: 92535.5, Max: 92535.5, Diff: 0.0]
   [Code Root Fixup: 0.0 ms]
   [Code Root Purge: 0.0 ms]
   [String Dedup Fixup: 0.5 ms, GC Workers: 4]
      [Queue Fixup (ms): Min: 0.0, Avg: 0.0, Max: 0.0, Diff: 0.0, Sum: 0.0]
      [Table Fixup (ms): Min: 0.5, Avg: 0.5, Max: 0.5, Diff: 0.0, Sum: 1.8]
   [Clear CT: 0.0 ms]
   [Other: 0.5 ms]
      [Choose CSet: 0.0 ms]
      [Ref Proc: 0.0 ms]
      [Ref Enq: 0.0 ms]
      [Redirty Cards: 0.0 ms]
      [Humongous Register: 0.0 ms]
      [Humongous Reclaim: 0.0 ms]
      [Free CSet: 0.1 ms]
   [Eden: 45.0M(45.0M)->0.0B(45.0M) Survivors: 7168.0K->7168.0K Heap: 921.0M(1048.0M)->884.0M(1048.0M)]
 [Times: user=0.00 sys=0.00, real=0.00 secs] 
2016-06-27T18:02:06.279+0300: 92.537: Total time for which application threads were stopped: 0.0049043 seconds, Stopping threads took: 0.0000650 seconds
2016-06-27T18:02:06.284+0300: 92.541: [GC concurrent-string-deduplication, 6845.3K->6605.2K(240.2K), avg 2.8%, 0.0046743 secs]
   [Last Exec: 0.0046743 secs, Idle: 0.3637205 secs, Blocked: 0/0.0000000 secs]
      [Inspected:             343]
         [Skipped:              1(  0.3%)]
         [Hashed:             342( 99.7%)]
         [Known:                0(  0.0%)]
         [New:                342( 99.7%)   6845.3K]
      [Deduplicated:           12(  3.5%)    240.2K(  3.5%)]
         [Young:                0(  0.0%)      0.0B(  0.0%)]
         [Old:                 12(100.0%)    240.2K(100.0%)]
   [Total Exec: 340/1.2546476 secs, Idle: 340/91.0262041 secs, Blocked: 6/0.0132868 secs]
      [Inspected:           97401]
         [Skipped:            781(  0.8%)]
         [Hashed:           95642( 98.2%)]
         [Known:             4490(  4.6%)]
         [New:              92130( 94.6%)   1714.0M]
      [Deduplicated:         5337(  5.8%)     47.7M(  2.8%)]
         [Young:                9(  0.2%)     66.1K(  0.1%)]
         [Old:               5328( 99.8%)     47.6M( 99.9%)]
   [Table]
      [Memory Usage: 1337.9K]
      [Size: 32768, Min: 1024, Max: 16777216]
      [Entries: 43714, Load: 133.4%, Cached: 2446, Added: 91213, Removed: 47499]
      [Resize Count: 5, Shrink Threshold: 21845(66.7%), Grow Threshold: 65536(200.0%)]
      [Rehash Count: 1, Rehash Threshold: 120, Hash Seed: 0xc4e8cebb]
      [Age Threshold: 3]
   [Queue]
      [Dropped: 0]
2016-06-27T18:02:06.630+0300: 92.887: [GC pause (G1 Evacuation Pause) (mixed)
Desired survivor size 3670016 bytes, new threshold 1 (max 15)
- age   1:    7210880 bytes,    7210880 total
, 0.0200711 secs]
   [Parallel Time: 18.1 ms, GC Workers: 4]
      [GC Worker Start (ms): Min: 92887.3, Avg: 92887.3, Max: 92887.3, Diff: 0.0]
      [Ext Root Scanning (ms): Min: 0.4, Avg: 0.5, Max: 0.6, Diff: 0.1, Sum: 1.8]
      [Update RS (ms): Min: 0.5, Avg: 0.6, Max: 0.7, Diff: 0.2, Sum: 2.3]
         [Processed Buffers: Min: 4, Avg: 11.3, Max: 19, Diff: 15, Sum: 45]
      [Scan RS (ms): Min: 3.2, Avg: 3.3, Max: 3.3, Diff: 0.1, Sum: 13.2]
      [Code Root Scanning (ms): Min: 0.0, Avg: 0.0, Max: 0.1, Diff: 0.1, Sum: 0.1]
      [Object Copy (ms): Min: 13.7, Avg: 13.7, Max: 13.7, Diff: 0.1, Sum: 54.9]
      [Termination (ms): Min: 0.0, Avg: 0.0, Max: 0.0, Diff: 0.0, Sum: 0.0]
         [Termination Attempts: Min: 1, Avg: 1.3, Max: 2, Diff: 1, Sum: 5]
      [GC Worker Other (ms): Min: 0.0, Avg: 0.0, Max: 0.0, Diff: 0.0, Sum: 0.1]
      [GC Worker Total (ms): Min: 18.1, Avg: 18.1, Max: 18.1, Diff: 0.0, Sum: 72.4]
      [GC Worker End (ms): Min: 92905.4, Avg: 92905.4, Max: 92905.4, Diff: 0.0]
   [Code Root Fixup: 0.0 ms]
   [Code Root Purge: 0.0 ms]
   [String Dedup Fixup: 0.7 ms, GC Workers: 4]
      [Queue Fixup (ms): Min: 0.0, Avg: 0.0, Max: 0.0, Diff: 0.0, Sum: 0.0]
      [Table Fixup (ms): Min: 0.6, Avg: 0.6, Max: 0.6, Diff: 0.0, Sum: 2.5]
   [Clear CT: 0.2 ms]
   [Other: 1.1 ms]
      [Choose CSet: 0.2 ms]
      [Ref Proc: 0.1 ms]
      [Ref Enq: 0.0 ms]
      [Redirty Cards: 0.1 ms]
      [Humongous Register: 0.0 ms]
      [Humongous Reclaim: 0.0 ms]
      [Free CSet: 0.5 ms]
   [Eden: 45.0M(45.0M)->0.0B(45.0M) Survivors: 7168.0K->7168.0K Heap: 929.0M(1048.0M)->856.5M(1048.0M)]
 [Times: user=0.06 sys=0.00, real=0.02 secs] 
2016-06-27T18:02:06.650+0300: 92.907: Total time for which application threads were stopped: 0.0254429 seconds, Stopping threads took: 0.0047666 seconds
2016-06-27T18:02:06.655+0300: 92.912: [GC concurrent-string-deduplication, 7160.3K->6905.4K(255.0K), avg 2.8%, 0.0050540 secs]
   [Last Exec: 0.0050540 secs, Idle: 0.3659460 secs, Blocked: 0/0.0000000 secs]
      [Inspected:             412]
         [Skipped:             12(  2.9%)]
         [Hashed:             400( 97.1%)]
         [Known:                0(  0.0%)]
         [New:                400( 97.1%)   7160.3K]
      [Deduplicated:           55( 13.8%)    255.0K(  3.6%)]
         [Young:                0(  0.0%)      0.0B(  0.0%)]
         [Old:                 55(100.0%)    255.0K(100.0%)]
   [Total Exec: 341/1.2597017 secs, Idle: 341/91.3921501 secs, Blocked: 6/0.0132868 secs]
      [Inspected:           97813]
         [Skipped:            793(  0.8%)]
         [Hashed:           96042( 98.2%)]
         [Known:             4490(  4.6%)]
         [New:              92530( 94.6%)   1721.0M]
      [Deduplicated:         5392(  5.8%)     47.9M(  2.8%)]
         [Young:                9(  0.2%)     66.1K(  0.1%)]
         [Old:               5383( 99.8%)     47.9M( 99.9%)]
   [Table]
      [Memory Usage: 1337.9K]
      [Size: 32768, Min: 1024, Max: 16777216]
      [Entries: 44062, Load: 134.5%, Cached: 2098, Added: 91561, Removed: 47499]
      [Resize Count: 5, Shrink Threshold: 21845(66.7%), Grow Threshold: 65536(200.0%)]
      [Rehash Count: 1, Rehash Threshold: 120, Hash Seed: 0xc4e8cebb]
      [Age Threshold: 3]
   [Queue]
      [Dropped: 0]
2016-06-27T18:02:07.034+0300: 93.291: [GC pause (G1 Evacuation Pause) (young)
Desired survivor size 3670016 bytes, new threshold 1 (max 15)
- age   1:    7202672 bytes,    7202672 total
, 0.0138004 secs]
   [Parallel Time: 12.8 ms, GC Workers: 4]
      [GC Worker Start (ms): Min: 93291.2, Avg: 93291.2, Max: 93291.2, Diff: 0.0]
      [Ext Root Scanning (ms): Min: 0.4, Avg: 0.5, Max: 0.6, Diff: 0.2, Sum: 2.0]
      [Update RS (ms): Min: 9.9, Avg: 9.9, Max: 10.0, Diff: 0.1, Sum: 39.7]
         [Processed Buffers: Min: 12, Avg: 15.3, Max: 20, Diff: 8, Sum: 61]
      [Scan RS (ms): Min: 0.0, Avg: 0.0, Max: 0.0, Diff: 0.0, Sum: 0.0]
      [Code Root Scanning (ms): Min: 0.0, Avg: 0.0, Max: 0.0, Diff: 0.0, Sum: 0.0]
      [Object Copy (ms): Min: 2.3, Avg: 2.3, Max: 2.4, Diff: 0.1, Sum: 9.3]
      [Termination (ms): Min: 0.0, Avg: 0.0, Max: 0.0, Diff: 0.0, Sum: 0.0]
         [Termination Attempts: Min: 1, Avg: 1.0, Max: 1, Diff: 0, Sum: 4]
      [GC Worker Other (ms): Min: 0.0, Avg: 0.0, Max: 0.0, Diff: 0.0, Sum: 0.1]
      [GC Worker Total (ms): Min: 12.7, Avg: 12.8, Max: 12.8, Diff: 0.0, Sum: 51.0]
      [GC Worker End (ms): Min: 93304.0, Avg: 93304.0, Max: 93304.0, Diff: 0.0]
   [Code Root Fixup: 0.0 ms]
   [Code Root Purge: 0.0 ms]
   [String Dedup Fixup: 0.5 ms, GC Workers: 4]
      [Queue Fixup (ms): Min: 0.0, Avg: 0.0, Max: 0.0, Diff: 0.0, Sum: 0.0]
      [Table Fixup (ms): Min: 0.5, Avg: 0.5, Max: 0.5, Diff: 0.0, Sum: 1.9]
   [Clear CT: 0.0 ms]
   [Other: 0.5 ms]
      [Choose CSet: 0.0 ms]
      [Ref Proc: 0.1 ms]
      [Ref Enq: 0.0 ms]
      [Redirty Cards: 0.0 ms]
      [Humongous Register: 0.0 ms]
      [Humongous Reclaim: 0.0 ms]
      [Free CSet: 0.1 ms]
   [Eden: 45.0M(45.0M)->0.0B(45.0M) Survivors: 7168.0K->7168.0K Heap: 901.5M(1048.0M)->865.0M(1048.0M)]
 [Times: user=0.06 sys=0.00, real=0.01 secs] 
2016-06-27T18:02:07.048+0300: 93.305: Total time for which application threads were stopped: 0.0195481 seconds, Stopping threads took: 0.0050976 seconds
2016-06-27T18:02:07.053+0300: 93.310: [GC concurrent-string-deduplication, 7446.8K->7225.6K(221.2K), avg 2.8%, 0.0052028 secs]
   [Last Exec: 0.0052028 secs, Idle: 0.3926479 secs, Blocked: 0/0.0000000 secs]
      [Inspected:             376]
         [Skipped:              0(  0.0%)]
         [Hashed:             376(100.0%)]
         [Known:                3(  0.8%)]
         [New:                373( 99.2%)   7446.8K]
      [Deduplicated:           12(  3.2%)    221.2K(  3.0%)]
         [Young:                0(  0.0%)      0.0B(  0.0%)]
         [Old:                 12(100.0%)    221.2K(100.0%)]
   [Total Exec: 342/1.2649045 secs, Idle: 342/91.7847979 secs, Blocked: 6/0.0132868 secs]
      [Inspected:           98189]
         [Skipped:            793(  0.8%)]
         [Hashed:           96418( 98.2%)]
         [Known:             4493(  4.6%)]
         [New:              92903( 94.6%)   1728.3M]
      [Deduplicated:         5404(  5.8%)     48.1M(  2.8%)]
         [Young:                9(  0.2%)     66.1K(  0.1%)]
         [Old:               5395( 99.8%)     48.1M( 99.9%)]
   [Table]
      [Memory Usage: 1337.9K]
      [Size: 32768, Min: 1024, Max: 16777216]
      [Entries: 44423, Load: 135.6%, Cached: 1737, Added: 91922, Removed: 47499]
      [Resize Count: 5, Shrink Threshold: 21845(66.7%), Grow Threshold: 65536(200.0%)]
      [Rehash Count: 1, Rehash Threshold: 120, Hash Seed: 0xc4e8cebb]
      [Age Threshold: 3]
   [Queue]
      [Dropped: 0]
2016-06-27T18:02:07.434+0300: 93.691: [GC pause (G1 Evacuation Pause) (young) (initial-mark)
Desired survivor size 3670016 bytes, new threshold 1 (max 15)
- age   1:    7148808 bytes,    7148808 total
, 0.0048804 secs]
   [Parallel Time: 3.7 ms, GC Workers: 4]
      [GC Worker Start (ms): Min: 93691.6, Avg: 93691.6, Max: 93691.6, Diff: 0.0]
      [Ext Root Scanning (ms): Min: 0.5, Avg: 0.6, Max: 0.6, Diff: 0.2, Sum: 2.2]
      [Update RS (ms): Min: 0.5, Avg: 0.7, Max: 0.9, Diff: 0.4, Sum: 2.9]
         [Processed Buffers: Min: 1, Avg: 10.3, Max: 22, Diff: 21, Sum: 41]
      [Scan RS (ms): Min: 0.0, Avg: 0.0, Max: 0.0, Diff: 0.0, Sum: 0.0]
      [Code Root Scanning (ms): Min: 0.0, Avg: 0.0, Max: 0.0, Diff: 0.0, Sum: 0.0]
      [Object Copy (ms): Min: 2.2, Avg: 2.3, Max: 2.4, Diff: 0.2, Sum: 9.2]
      [Termination (ms): Min: 0.0, Avg: 0.0, Max: 0.0, Diff: 0.0, Sum: 0.0]
         [Termination Attempts: Min: 1, Avg: 1.0, Max: 1, Diff: 0, Sum: 4]
      [GC Worker Other (ms): Min: 0.0, Avg: 0.0, Max: 0.0, Diff: 0.0, Sum: 0.1]
      [GC Worker Total (ms): Min: 3.6, Avg: 3.6, Max: 3.6, Diff: 0.0, Sum: 14.4]
      [GC Worker End (ms): Min: 93695.2, Avg: 93695.2, Max: 93695.2, Diff: 0.0]
   [Code Root Fixup: 0.0 ms]
   [Code Root Purge: 0.0 ms]
   [String Dedup Fixup: 0.5 ms, GC Workers: 4]
      [Queue Fixup (ms): Min: 0.0, Avg: 0.0, Max: 0.0, Diff: 0.0, Sum: 0.0]
      [Table Fixup (ms): Min: 0.5, Avg: 0.5, Max: 0.5, Diff: 0.0, Sum: 1.9]
   [Clear CT: 0.0 ms]
   [Other: 0.7 ms]
      [Choose CSet: 0.0 ms]
      [Ref Proc: 0.1 ms]
      [Ref Enq: 0.0 ms]
      [Redirty Cards: 0.0 ms]
      [Humongous Register: 0.0 ms]
      [Humongous Reclaim: 0.0 ms]
      [Free CSet: 0.1 ms]
   [Eden: 45.0M(45.0M)->0.0B(58.0M) Survivors: 7168.0K->7168.0K Heap: 910.0M(1048.0M)->873.5M(1048.0M)]
 [Times: user=0.00 sys=0.00, real=0.00 secs] 
2016-06-27T18:02:07.439+0300: 93.696: [GC concurrent-root-region-scan-start]
2016-06-27T18:02:07.439+0300: 93.696: Total time for which application threads were stopped: 0.0108996 seconds, Stopping threads took: 0.0053790 seconds
2016-06-27T18:02:07.440+0300: 93.697: [GC concurrent-root-region-scan-end, 0.0006248 secs]
2016-06-27T18:02:07.440+0300: 93.697: [GC concurrent-mark-start]
2016-06-27T18:02:07.444+0300: 93.701: [GC concurrent-string-deduplication, 6946.6K->6645.2K(301.4K), avg 2.8%, 0.0048633 secs]
   [Last Exec: 0.0048633 secs, Idle: 0.3859854 secs, Blocked: 0/0.0000000 secs]
      [Inspected:             352]
         [Skipped:              1(  0.3%)]
         [Hashed:             351( 99.7%)]
         [Known:                0(  0.0%)]
         [New:                351( 99.7%)   6946.6K]
      [Deduplicated:           19(  5.4%)    301.4K(  4.3%)]
         [Young:                0(  0.0%)      0.0B(  0.0%)]
         [Old:                 19(100.0%)    301.4K(100.0%)]
   [Total Exec: 343/1.2697678 secs, Idle: 343/92.1707833 secs, Blocked: 6/0.0132868 secs]
      [Inspected:           98541]
         [Skipped:            794(  0.8%)]
         [Hashed:           96769( 98.2%)]
         [Known:             4493(  4.6%)]
         [New:              93254( 94.6%)   1735.0M]
      [Deduplicated:         5423(  5.8%)     48.4M(  2.8%)]
         [Young:                9(  0.2%)     66.1K(  0.1%)]
         [Old:               5414( 99.8%)     48.4M( 99.9%)]
   [Table]
      [Memory Usage: 1337.9K]
      [Size: 32768, Min: 1024, Max: 16777216]
      [Entries: 44755, Load: 136.6%, Cached: 1405, Added: 92254, Removed: 47499]
      [Resize Count: 5, Shrink Threshold: 21845(66.7%), Grow Threshold: 65536(200.0%)]
      [Rehash Count: 1, Rehash Threshold: 120, Hash Seed: 0xc4e8cebb]
      [Age Threshold: 3]
   [Queue]
      [Dropped: 0]
2016-06-27T18:02:07.498+0300: 93.755: [GC concurrent-mark-end, 0.0572261 secs]
2016-06-27T18:02:07.526+0300: 93.783: [GC remark 2016-06-27T18:02:07.526+0300: 93.783: [Finalize Marking, 0.0002044 secs] 2016-06-27T18:02:07.526+0300: 93.783: [GC ref-proc, 0.0001159 secs] 2016-06-27T18:02:07.526+0300: 93.783: [Unloading, 0.0026515 secs], 0.0066304 secs]
 [Times: user=0.00 sys=0.00, real=0.01 secs] 
2016-06-27T18:02:07.532+0300: 93.790: Total time for which application threads were stopped: 0.0112392 seconds, Stopping threads took: 0.0041329 seconds
2016-06-27T18:02:07.533+0300: 93.791: [GC cleanup 887M->887M(1048M), 0.0021143 secs]
 [Times: user=0.02 sys=0.00, real=0.00 secs] 
2016-06-27T18:02:07.536+0300: 93.793: Total time for which application threads were stopped: 0.0029209 seconds, Stopping threads took: 0.0003148 seconds
2016-06-27T18:02:07.914+0300: 94.171: [GC pause (G1 Evacuation Pause) (young)
Desired survivor size 4718592 bytes, new threshold 1 (max 15)
- age   1:    7160648 bytes,    7160648 total
, 0.0052982 secs]
   [Parallel Time: 4.3 ms, GC Workers: 4]
      [GC Worker Start (ms): Min: 94171.0, Avg: 94171.0, Max: 94171.0, Diff: 0.0]
      [Ext Root Scanning (ms): Min: 0.5, Avg: 0.6, Max: 0.6, Diff: 0.1, Sum: 2.3]
      [Update RS (ms): Min: 1.0, Avg: 1.1, Max: 1.1, Diff: 0.1, Sum: 4.2]
         [Processed Buffers: Min: 2, Avg: 8.0, Max: 18, Diff: 16, Sum: 32]
      [Scan RS (ms): Min: 0.0, Avg: 0.0, Max: 0.0, Diff: 0.0, Sum: 0.0]
      [Code Root Scanning (ms): Min: 0.0, Avg: 0.0, Max: 0.0, Diff: 0.0, Sum: 0.0]
      [Object Copy (ms): Min: 2.6, Avg: 2.6, Max: 2.7, Diff: 0.1, Sum: 10.4]
      [Termination (ms): Min: 0.0, Avg: 0.0, Max: 0.0, Diff: 0.0, Sum: 0.0]
         [Termination Attempts: Min: 1, Avg: 1.0, Max: 1, Diff: 0, Sum: 4]
      [GC Worker Other (ms): Min: 0.0, Avg: 0.0, Max: 0.0, Diff: 0.0, Sum: 0.1]
      [GC Worker Total (ms): Min: 4.2, Avg: 4.3, Max: 4.3, Diff: 0.0, Sum: 17.0]
      [GC Worker End (ms): Min: 94175.3, Avg: 94175.3, Max: 94175.3, Diff: 0.0]
   [Code Root Fixup: 0.0 ms]
   [Code Root Purge: 0.0 ms]
   [String Dedup Fixup: 0.5 ms, GC Workers: 4]
      [Queue Fixup (ms): Min: 0.0, Avg: 0.0, Max: 0.0, Diff: 0.0, Sum: 0.0]
      [Table Fixup (ms): Min: 0.5, Avg: 0.5, Max: 0.5, Diff: 0.0, Sum: 1.9]
   [Clear CT: 0.0 ms]
   [Other: 0.5 ms]
      [Choose CSet: 0.0 ms]
      [Ref Proc: 0.0 ms]
      [Ref Enq: 0.0 ms]
      [Redirty Cards: 0.0 ms]
      [Humongous Register: 0.0 ms]
      [Humongous Reclaim: 0.0 ms]
      [Free CSet: 0.1 ms]
   [Eden: 58.0M(58.0M)->0.0B(43.0M) Survivors: 7168.0K->9216.0K Heap: 931.5M(1048.0M)->884.5M(1048.0M)]
 [Times: user=0.00 sys=0.00, real=0.00 secs] 
2016-06-27T18:02:07.919+0300: 94.176: Total time for which application threads were stopped: 0.0098305 seconds, Stopping threads took: 0.0038793 seconds
2016-06-27T18:02:07.924+0300: 94.182: [GC concurrent-string-deduplication, 7250.9K->6965.4K(285.5K), avg 2.8%, 0.0051686 secs]
   [Last Exec: 0.0051686 secs, Idle: 0.4750350 secs, Blocked: 0/0.0000000 secs]
      [Inspected:             371]
         [Skipped:              1(  0.3%)]
         [Hashed:             370( 99.7%)]
         [Known:                0(  0.0%)]
         [New:                370( 99.7%)   7250.9K]
      [Deduplicated:           22(  5.9%)    285.5K(  3.9%)]
         [Young:                0(  0.0%)      0.0B(  0.0%)]
         [Old:                 22(100.0%)    285.5K(100.0%)]
   [Total Exec: 344/1.2749364 secs, Idle: 344/92.6458184 secs, Blocked: 6/0.0132868 secs]
      [Inspected:           98912]
         [Skipped:            795(  0.8%)]
         [Hashed:           97139( 98.2%)]
         [Known:             4493(  4.5%)]
         [New:              93624( 94.7%)   1742.1M]
      [Deduplicated:         5445(  5.8%)     48.7M(  2.8%)]
         [Young:                9(  0.2%)     66.1K(  0.1%)]
         [Old:               5436( 99.8%)     48.6M( 99.9%)]
   [Table]
      [Memory Usage: 1337.9K]
      [Size: 32768, Min: 1024, Max: 16777216]
      [Entries: 43219, Load: 131.9%, Cached: 2941, Added: 92602, Removed: 49383]
      [Resize Count: 5, Shrink Threshold: 21845(66.7%), Grow Threshold: 65536(200.0%)]
      [Rehash Count: 1, Rehash Threshold: 120, Hash Seed: 0xc4e8cebb]
      [Age Threshold: 3]
   [Queue]
      [Dropped: 0]
2016-06-27T18:02:08.303+0300: 94.560: [GC pause (G1 Evacuation Pause) (mixed)
Desired survivor size 3670016 bytes, new threshold 1 (max 15)
- age   1:    9280064 bytes,    9280064 total
, 0.0199351 secs]
   [Parallel Time: 18.1 ms, GC Workers: 4]
      [GC Worker Start (ms): Min: 94560.8, Avg: 94560.8, Max: 94560.8, Diff: 0.0]
      [Ext Root Scanning (ms): Min: 0.4, Avg: 0.5, Max: 0.6, Diff: 0.2, Sum: 2.0]
      [Update RS (ms): Min: 0.5, Avg: 0.6, Max: 0.7, Diff: 0.2, Sum: 2.4]
         [Processed Buffers: Min: 2, Avg: 7.3, Max: 16, Diff: 14, Sum: 29]
      [Scan RS (ms): Min: 3.0, Avg: 3.1, Max: 3.2, Diff: 0.1, Sum: 12.4]
      [Code Root Scanning (ms): Min: 0.0, Avg: 0.0, Max: 0.0, Diff: 0.0, Sum: 0.0]
      [Object Copy (ms): Min: 13.8, Avg: 13.9, Max: 13.9, Diff: 0.1, Sum: 55.4]
      [Termination (ms): Min: 0.0, Avg: 0.0, Max: 0.0, Diff: 0.0, Sum: 0.0]
         [Termination Attempts: Min: 1, Avg: 2.3, Max: 4, Diff: 3, Sum: 9]
      [GC Worker Other (ms): Min: 0.0, Avg: 0.0, Max: 0.0, Diff: 0.0, Sum: 0.1]
      [GC Worker Total (ms): Min: 18.1, Avg: 18.1, Max: 18.1, Diff: 0.0, Sum: 72.4]
      [GC Worker End (ms): Min: 94578.9, Avg: 94578.9, Max: 94578.9, Diff: 0.0]
   [Code Root Fixup: 0.0 ms]
   [Code Root Purge: 0.0 ms]
   [String Dedup Fixup: 0.6 ms, GC Workers: 4]
      [Queue Fixup (ms): Min: 0.0, Avg: 0.0, Max: 0.0, Diff: 0.0, Sum: 0.0]
      [Table Fixup (ms): Min: 0.6, Avg: 0.6, Max: 0.6, Diff: 0.0, Sum: 2.3]
   [Clear CT: 0.2 ms]
   [Other: 1.0 ms]
      [Choose CSet: 0.2 ms]
      [Ref Proc: 0.0 ms]
      [Ref Enq: 0.0 ms]
      [Redirty Cards: 0.0 ms]
      [Humongous Register: 0.0 ms]
      [Humongous Reclaim: 0.0 ms]
      [Free CSet: 0.4 ms]
   [Eden: 43.0M(43.0M)->0.0B(45.0M) Survivors: 9216.0K->7168.0K Heap: 927.5M(1048.0M)->858.5M(1048.0M)]
 [Times: user=0.06 sys=0.00, real=0.02 secs] 
2016-06-27T18:02:08.323+0300: 94.581: Total time for which application threads were stopped: 0.0278933 seconds, Stopping threads took: 0.0073013 seconds
2016-06-27T18:02:08.330+0300: 94.587: [GC concurrent-string-deduplication, 9291.3K->8987.0K(304.3K), avg 2.8%, 0.0065401 secs]
   [Last Exec: 0.0065401 secs, Idle: 0.3990652 secs, Blocked: 0/0.0000000 secs]
      [Inspected:             468]
         [Skipped:              0(  0.0%)]
         [Hashed:             468(100.0%)]
         [Known:                0(  0.0%)]
         [New:                468(100.0%)   9291.3K]
      [Deduplicated:           19(  4.1%)    304.3K(  3.3%)]
         [Young:                1(  5.3%)     20.0K(  6.6%)]
         [Old:                 18( 94.7%)    284.3K( 93.4%)]
   [Total Exec: 345/1.2814765 secs, Idle: 345/93.0448836 secs, Blocked: 6/0.0132868 secs]
      [Inspected:           99380]
         [Skipped:            795(  0.8%)]
         [Hashed:           97607( 98.2%)]
         [Known:             4493(  4.5%)]
         [New:              94092( 94.7%)   1751.2M]
      [Deduplicated:         5464(  5.8%)     49.0M(  2.8%)]
         [Young:               10(  0.2%)     86.2K(  0.2%)]
         [Old:               5454( 99.8%)     48.9M( 99.8%)]
   [Table]
      [Memory Usage: 1337.9K]
      [Size: 32768, Min: 1024, Max: 16777216]
      [Entries: 43668, Load: 133.3%, Cached: 2492, Added: 93051, Removed: 49383]
      [Resize Count: 5, Shrink Threshold: 21845(66.7%), Grow Threshold: 65536(200.0%)]
      [Rehash Count: 1, Rehash Threshold: 120, Hash Seed: 0xc4e8cebb]
      [Age Threshold: 3]
   [Queue]
      [Dropped: 0]
2016-06-27T18:02:08.720+0300: 94.977: [GC pause (G1 Evacuation Pause) (mixed)
Desired survivor size 3670016 bytes, new threshold 1 (max 15)
- age   1:    6767224 bytes,    6767224 total
, 0.0182403 secs]
   [Parallel Time: 16.7 ms, GC Workers: 4]
      [GC Worker Start (ms): Min: 94977.5, Avg: 94977.5, Max: 94977.5, Diff: 0.0]
      [Ext Root Scanning (ms): Min: 0.5, Avg: 0.5, Max: 0.5, Diff: 0.1, Sum: 2.0]
      [Update RS (ms): Min: 9.1, Avg: 9.2, Max: 9.3, Diff: 0.3, Sum: 36.7]
         [Processed Buffers: Min: 12, Avg: 17.8, Max: 25, Diff: 13, Sum: 71]
      [Scan RS (ms): Min: 1.6, Avg: 1.8, Max: 1.9, Diff: 0.3, Sum: 7.1]
      [Code Root Scanning (ms): Min: 0.0, Avg: 0.0, Max: 0.0, Diff: 0.0, Sum: 0.1]
      [Object Copy (ms): Min: 5.2, Avg: 5.3, Max: 5.3, Diff: 0.0, Sum: 21.0]
      [Termination (ms): Min: 0.0, Avg: 0.0, Max: 0.0, Diff: 0.0, Sum: 0.0]
         [Termination Attempts: Min: 1, Avg: 2.5, Max: 4, Diff: 3, Sum: 10]
      [GC Worker Other (ms): Min: 0.0, Avg: 0.0, Max: 0.0, Diff: 0.0, Sum: 0.1]
      [GC Worker Total (ms): Min: 16.7, Avg: 16.7, Max: 16.7, Diff: 0.0, Sum: 66.9]
      [GC Worker End (ms): Min: 94994.2, Avg: 94994.2, Max: 94994.2, Diff: 0.0]
   [Code Root Fixup: 0.0 ms]
   [Code Root Purge: 0.0 ms]
   [String Dedup Fixup: 0.6 ms, GC Workers: 4]
      [Queue Fixup (ms): Min: 0.0, Avg: 0.0, Max: 0.0, Diff: 0.0, Sum: 0.0]
      [Table Fixup (ms): Min: 0.5, Avg: 0.6, Max: 0.6, Diff: 0.0, Sum: 2.2]
   [Clear CT: 0.2 ms]
   [Other: 0.7 ms]
      [Choose CSet: 0.1 ms]
      [Ref Proc: 0.1 ms]
      [Ref Enq: 0.0 ms]
      [Redirty Cards: 0.0 ms]
      [Humongous Register: 0.0 ms]
      [Humongous Reclaim: 0.0 ms]
      [Free CSet: 0.2 ms]
   [Eden: 45.0M(45.0M)->0.0B(45.0M) Survivors: 7168.0K->7168.0K Heap: 903.5M(1048.0M)->859.0M(1048.0M)]
 [Times: user=0.06 sys=0.00, real=0.02 secs] 
2016-06-27T18:02:08.738+0300: 94.996: Total time for which application threads were stopped: 0.0242732 seconds, Stopping threads took: 0.0053743 seconds
2016-06-27T18:02:08.743+0300: 95.001: [GC concurrent-string-deduplication, 6709.3K->6525.1K(184.2K), avg 2.8%, 0.0047196 secs]
   [Last Exec: 0.0047196 secs, Idle: 0.4084467 secs, Blocked: 0/0.0000000 secs]
      [Inspected:             343]
         [Skipped:              4(  1.2%)]
         [Hashed:             339( 98.8%)]
         [Known:                0(  0.0%)]
         [New:                339( 98.8%)   6709.3K]
      [Deduplicated:           13(  3.8%)    184.2K(  2.7%)]
         [Young:                0(  0.0%)      0.0B(  0.0%)]
         [Old:                 13(100.0%)    184.2K(100.0%)]
   [Total Exec: 346/1.2861961 secs, Idle: 346/93.4533303 secs, Blocked: 6/0.0132868 secs]
      [Inspected:           99723]
         [Skipped:            799(  0.8%)]
         [Hashed:           97946( 98.2%)]
         [Known:             4493(  4.5%)]
         [New:              94431( 94.7%)   1757.7M]
      [Deduplicated:         5477(  5.8%)     49.2M(  2.8%)]
         [Young:               10(  0.2%)     86.2K(  0.2%)]
         [Old:               5467( 99.8%)     49.1M( 99.8%)]
   [Table]
      [Memory Usage: 1337.9K]
      [Size: 32768, Min: 1024, Max: 16777216]
      [Entries: 43994, Load: 134.3%, Cached: 2166, Added: 93377, Removed: 49383]
      [Resize Count: 5, Shrink Threshold: 21845(66.7%), Grow Threshold: 65536(200.0%)]
      [Rehash Count: 1, Rehash Threshold: 120, Hash Seed: 0xc4e8cebb]
      [Age Threshold: 3]
   [Queue]
      [Dropped: 0]
2016-06-27T18:02:09.132+0300: 95.389: [GC pause (G1 Evacuation Pause) (young)
Desired survivor size 3670016 bytes, new threshold 1 (max 15)
- age   1:    7137456 bytes,    7137456 total
, 0.0100952 secs]
   [Parallel Time: 9.0 ms, GC Workers: 4]
      [GC Worker Start (ms): Min: 95389.5, Avg: 95389.6, Max: 95389.7, Diff: 0.2]
      [Ext Root Scanning (ms): Min: 0.7, Avg: 0.8, Max: 0.8, Diff: 0.2, Sum: 3.0]
      [Update RS (ms): Min: 5.7, Avg: 5.9, Max: 5.9, Diff: 0.2, Sum: 23.4]
         [Processed Buffers: Min: 9, Avg: 15.5, Max: 28, Diff: 19, Sum: 62]
      [Scan RS (ms): Min: 0.0, Avg: 0.0, Max: 0.0, Diff: 0.0, Sum: 0.0]
      [Code Root Scanning (ms): Min: 0.0, Avg: 0.0, Max: 0.0, Diff: 0.0, Sum: 0.0]
      [Object Copy (ms): Min: 2.2, Avg: 2.2, Max: 2.2, Diff: 0.1, Sum: 8.9]
      [Termination (ms): Min: 0.0, Avg: 0.0, Max: 0.0, Diff: 0.0, Sum: 0.0]
         [Termination Attempts: Min: 1, Avg: 1.0, Max: 1, Diff: 0, Sum: 4]
      [GC Worker Other (ms): Min: 0.0, Avg: 0.0, Max: 0.0, Diff: 0.0, Sum: 0.1]
      [GC Worker Total (ms): Min: 8.7, Avg: 8.9, Max: 9.0, Diff: 0.2, Sum: 35.4]
      [GC Worker End (ms): Min: 95398.4, Avg: 95398.4, Max: 95398.4, Diff: 0.0]
   [Code Root Fixup: 0.0 ms]
   [Code Root Purge: 0.0 ms]
   [String Dedup Fixup: 0.5 ms, GC Workers: 4]
      [Queue Fixup (ms): Min: 0.0, Avg: 0.0, Max: 0.0, Diff: 0.0, Sum: 0.0]
      [Table Fixup (ms): Min: 0.5, Avg: 0.5, Max: 0.5, Diff: 0.0, Sum: 1.9]
   [Clear CT: 0.0 ms]
   [Other: 0.5 ms]
      [Choose CSet: 0.0 ms]
      [Ref Proc: 0.0 ms]
      [Ref Enq: 0.0 ms]
      [Redirty Cards: 0.0 ms]
      [Humongous Register: 0.0 ms]
      [Humongous Reclaim: 0.0 ms]
      [Free CSet: 0.1 ms]
   [Eden: 45.0M(45.0M)->0.0B(63.0M) Survivors: 7168.0K->7168.0K Heap: 904.0M(1048.0M)->867.5M(1048.0M)]
 [Times: user=0.00 sys=0.00, real=0.01 secs] 
2016-06-27T18:02:09.142+0300: 95.400: Total time for which application threads were stopped: 0.0148092 seconds, Stopping threads took: 0.0040217 seconds
2016-06-27T18:02:09.148+0300: 95.405: [GC concurrent-string-deduplication, 7369.8K->7085.5K(284.3K), avg 2.8%, 0.0052093 secs]
   [Last Exec: 0.0052093 secs, Idle: 0.3989759 secs, Blocked: 0/0.0000000 secs]
      [Inspected:             375]
         [Skipped:              3(  0.8%)]
         [Hashed:             372( 99.2%)]
         [Known:                0(  0.0%)]
         [New:                372( 99.2%)   7369.8K]
      [Deduplicated:           18(  4.8%)    284.3K(  3.9%)]
         [Young:                0(  0.0%)      0.0B(  0.0%)]
         [Old:                 18(100.0%)    284.3K(100.0%)]
   [Total Exec: 347/1.2914054 secs, Idle: 347/93.8523061 secs, Blocked: 6/0.0132868 secs]
      [Inspected:          100098]
         [Skipped:            802(  0.8%)]
         [Hashed:           98318( 98.2%)]
         [Known:             4493(  4.5%)]
         [New:              94803( 94.7%)   1764.9M]
      [Deduplicated:         5495(  5.8%)     49.5M(  2.8%)]
         [Young:               10(  0.2%)     86.2K(  0.2%)]
         [Old:               5485( 99.8%)     49.4M( 99.8%)]
   [Table]
      [Memory Usage: 1337.9K]
      [Size: 32768, Min: 1024, Max: 16777216]
      [Entries: 44348, Load: 135.3%, Cached: 1812, Added: 93731, Removed: 49383]
      [Resize Count: 5, Shrink Threshold: 21845(66.7%), Grow Threshold: 65536(200.0%)]
      [Rehash Count: 1, Rehash Threshold: 120, Hash Seed: 0xc4e8cebb]
      [Age Threshold: 3]
   [Queue]
      [Dropped: 0]
2016-06-27T18:02:09.693+0300: 95.951: [GC pause (G1 Evacuation Pause) (young) (initial-mark)
Desired survivor size 4718592 bytes, new threshold 1 (max 15)
- age   1:    7020000 bytes,    7020000 total
, 0.0053842 secs]
   [Parallel Time: 4.2 ms, GC Workers: 4]
      [GC Worker Start (ms): Min: 95950.8, Avg: 95950.9, Max: 95950.9, Diff: 0.0]
      [Ext Root Scanning (ms): Min: 0.5, Avg: 0.6, Max: 0.7, Diff: 0.2, Sum: 2.3]
      [Update RS (ms): Min: 0.7, Avg: 0.8, Max: 0.9, Diff: 0.2, Sum: 3.2]
         [Processed Buffers: Min: 4, Avg: 14.5, Max: 23, Diff: 19, Sum: 58]
      [Scan RS (ms): Min: 0.0, Avg: 0.0, Max: 0.0, Diff: 0.0, Sum: 0.0]
      [Code Root Scanning (ms): Min: 0.0, Avg: 0.0, Max: 0.0, Diff: 0.0, Sum: 0.0]
      [Object Copy (ms): Min: 2.7, Avg: 2.8, Max: 2.8, Diff: 0.1, Sum: 11.1]
      [Termination (ms): Min: 0.0, Avg: 0.0, Max: 0.0, Diff: 0.0, Sum: 0.1]
         [Termination Attempts: Min: 1, Avg: 1.0, Max: 1, Diff: 0, Sum: 4]
      [GC Worker Other (ms): Min: 0.0, Avg: 0.0, Max: 0.0, Diff: 0.0, Sum: 0.0]
      [GC Worker Total (ms): Min: 4.2, Avg: 4.2, Max: 4.2, Diff: 0.0, Sum: 16.8]
      [GC Worker End (ms): Min: 95955.1, Avg: 95955.1, Max: 95955.1, Diff: 0.0]
   [Code Root Fixup: 0.0 ms]
   [Code Root Purge: 0.0 ms]
   [String Dedup Fixup: 0.5 ms, GC Workers: 4]
      [Queue Fixup (ms): Min: 0.0, Avg: 0.0, Max: 0.0, Diff: 0.0, Sum: 0.0]
      [Table Fixup (ms): Min: 0.5, Avg: 0.5, Max: 0.5, Diff: 0.0, Sum: 1.9]
   [Clear CT: 0.0 ms]
   [Other: 0.6 ms]
      [Choose CSet: 0.0 ms]
      [Ref Proc: 0.0 ms]
      [Ref Enq: 0.0 ms]
      [Redirty Cards: 0.0 ms]
      [Humongous Register: 0.0 ms]
      [Humongous Reclaim: 0.0 ms]
      [Free CSet: 0.1 ms]
   [Eden: 63.0M(63.0M)->0.0B(53.0M) Survivors: 7168.0K->9216.0K Heap: 930.5M(1048.0M)->879.5M(1048.0M)]
 [Times: user=0.00 sys=0.00, real=0.01 secs] 
2016-06-27T18:02:09.699+0300: 95.956: [GC concurrent-root-region-scan-start]
2016-06-27T18:02:09.699+0300: 95.956: Total time for which application threads were stopped: 0.0088024 seconds, Stopping threads took: 0.0025176 seconds
2016-06-27T18:02:09.700+0300: 95.957: [GC concurrent-root-region-scan-end, 0.0007924 secs]
2016-06-27T18:02:09.700+0300: 95.957: [GC concurrent-mark-start]
2016-06-27T18:02:09.705+0300: 95.962: [GC concurrent-string-deduplication, 8033.4K->7706.0K(327.4K), avg 2.8%, 0.0057802 secs]
   [Last Exec: 0.0057802 secs, Idle: 0.5514406 secs, Blocked: 0/0.0000000 secs]
      [Inspected:             408]
         [Skipped:              0(  0.0%)]
         [Hashed:             408(100.0%)]
         [Known:                0(  0.0%)]
         [New:                408(100.0%)   8033.4K]
      [Deduplicated:           23(  5.6%)    327.4K(  4.1%)]
         [Young:                0(  0.0%)      0.0B(  0.0%)]
         [Old:                 23(100.0%)    327.4K(100.0%)]
   [Total Exec: 348/1.2971856 secs, Idle: 348/94.4037468 secs, Blocked: 6/0.0132868 secs]
      [Inspected:          100506]
         [Skipped:            802(  0.8%)]
         [Hashed:           98726( 98.2%)]
         [Known:             4493(  4.5%)]
         [New:              95211( 94.7%)   1772.8M]
      [Deduplicated:         5518(  5.8%)     49.8M(  2.8%)]
         [Young:               10(  0.2%)     86.2K(  0.2%)]
         [Old:               5508( 99.8%)     49.7M( 99.8%)]
   [Table]
      [Memory Usage: 1337.9K]
      [Size: 32768, Min: 1024, Max: 16777216]
      [Entries: 44733, Load: 136.5%, Cached: 1427, Added: 94116, Removed: 49383]
      [Resize Count: 5, Shrink Threshold: 21845(66.7%), Grow Threshold: 65536(200.0%)]
      [Rehash Count: 1, Rehash Threshold: 120, Hash Seed: 0xc4e8cebb]
      [Age Threshold: 3]
   [Queue]
      [Dropped: 0]
2016-06-27T18:02:09.764+0300: 96.021: [GC concurrent-mark-end, 0.0622609 secs]
2016-06-27T18:02:09.788+0300: 96.045: [GC remark 2016-06-27T18:02:09.788+0300: 96.045: [Finalize Marking, 0.0002720 secs] 2016-06-27T18:02:09.788+0300: 96.045: [GC ref-proc, 0.0001108 secs] 2016-06-27T18:02:09.788+0300: 96.045: [Unloading, 0.0027203 secs], 0.0068177 secs]
 [Times: user=0.00 sys=0.00, real=0.01 secs] 
2016-06-27T18:02:09.795+0300: 96.052: Total time for which application threads were stopped: 0.0087528 seconds, Stopping threads took: 0.0014134 seconds
2016-06-27T18:02:09.798+0300: 96.055: [GC cleanup 894M->894M(1048M), 0.0018569 secs]
 [Times: user=0.00 sys=0.00, real=0.00 secs] 
2016-06-27T18:02:09.800+0300: 96.057: Total time for which application threads were stopped: 0.0024949 seconds, Stopping threads took: 0.0000718 seconds
2016-06-27T18:02:10.129+0300: 96.386: [GC pause (G1 Evacuation Pause) (young)
Desired survivor size 4194304 bytes, new threshold 1 (max 15)
- age   1:    9264800 bytes,    9264800 total
, 0.0058965 secs]
   [Parallel Time: 4.8 ms, GC Workers: 4]
      [GC Worker Start (ms): Min: 96386.4, Avg: 96386.5, Max: 96386.6, Diff: 0.1]
      [Ext Root Scanning (ms): Min: 0.6, Avg: 1.3, Max: 3.1, Diff: 2.5, Sum: 5.4]
      [Update RS (ms): Min: 0.0, Avg: 0.8, Max: 1.2, Diff: 1.2, Sum: 3.2]
         [Processed Buffers: Min: 0, Avg: 11.8, Max: 19, Diff: 19, Sum: 47]
      [Scan RS (ms): Min: 0.0, Avg: 0.0, Max: 0.0, Diff: 0.0, Sum: 0.0]
      [Code Root Scanning (ms): Min: 0.0, Avg: 0.0, Max: 0.0, Diff: 0.0, Sum: 0.0]
      [Object Copy (ms): Min: 1.7, Avg: 2.5, Max: 2.9, Diff: 1.2, Sum: 10.2]
      [Termination (ms): Min: 0.0, Avg: 0.0, Max: 0.0, Diff: 0.0, Sum: 0.0]
         [Termination Attempts: Min: 1, Avg: 1.3, Max: 2, Diff: 1, Sum: 5]
      [GC Worker Other (ms): Min: 0.0, Avg: 0.0, Max: 0.0, Diff: 0.0, Sum: 0.1]
      [GC Worker Total (ms): Min: 4.6, Avg: 4.7, Max: 4.8, Diff: 0.1, Sum: 18.9]
      [GC Worker End (ms): Min: 96391.2, Avg: 96391.2, Max: 96391.2, Diff: 0.0]
   [Code Root Fixup: 0.0 ms]
   [Code Root Purge: 0.0 ms]
   [String Dedup Fixup: 0.5 ms, GC Workers: 4]
      [Queue Fixup (ms): Min: 0.0, Avg: 0.0, Max: 0.0, Diff: 0.0, Sum: 0.0]
      [Table Fixup (ms): Min: 0.5, Avg: 0.5, Max: 0.5, Diff: 0.0, Sum: 1.9]
   [Clear CT: 0.0 ms]
   [Other: 0.6 ms]
      [Choose CSet: 0.0 ms]
      [Ref Proc: 0.0 ms]
      [Ref Enq: 0.0 ms]
      [Redirty Cards: 0.0 ms]
      [Humongous Register: 0.0 ms]
      [Humongous Reclaim: 0.0 ms]
      [Free CSet: 0.1 ms]
   [Eden: 53.0M(53.0M)->0.0B(44.0M) Survivors: 9216.0K->8192.0K Heap: 932.5M(1048.0M)->889.5M(1048.0M)]
 [Times: user=0.03 sys=0.00, real=0.01 secs] 
2016-06-27T18:02:10.135+0300: 96.392: Total time for which application threads were stopped: 0.0083602 seconds, Stopping threads took: 0.0018171 seconds
2016-06-27T18:02:10.142+0300: 96.399: [GC concurrent-string-deduplication, 9452.2K->9107.1K(345.1K), avg 2.8%, 0.0066859 secs]
   [Last Exec: 0.0066859 secs, Idle: 0.4302746 secs, Blocked: 0/0.0000000 secs]
      [Inspected:             492]
         [Skipped:              1(  0.2%)]
         [Hashed:             491( 99.8%)]
         [Known:                0(  0.0%)]
         [New:                491( 99.8%)   9452.2K]
      [Deduplicated:           36(  7.3%)    345.1K(  3.7%)]
         [Young:                0(  0.0%)      0.0B(  0.0%)]
         [Old:                 36(100.0%)    345.1K(100.0%)]
   [Total Exec: 349/1.3038715 secs, Idle: 349/94.8340214 secs, Blocked: 6/0.0132868 secs]
      [Inspected:          100998]
         [Skipped:            803(  0.8%)]
         [Hashed:           99217( 98.2%)]
         [Known:             4493(  4.4%)]
         [New:              95702( 94.8%)   1782.0M]
      [Deduplicated:         5554(  5.8%)     50.1M(  2.8%)]
         [Young:               10(  0.2%)     86.2K(  0.2%)]
         [Old:               5544( 99.8%)     50.0M( 99.8%)]
   [Table]
      [Memory Usage: 1337.9K]
      [Size: 32768, Min: 1024, Max: 16777216]
      [Entries: 43882, Load: 133.9%, Cached: 2278, Added: 94571, Removed: 50689]
      [Resize Count: 5, Shrink Threshold: 21845(66.7%), Grow Threshold: 65536(200.0%)]
      [Rehash Count: 1, Rehash Threshold: 120, Hash Seed: 0xc4e8cebb]
      [Age Threshold: 3]
   [Queue]
      [Dropped: 0]
2016-06-27T18:02:10.554+0300: 96.811: [GC pause (G1 Evacuation Pause) (mixed)
Desired survivor size 3670016 bytes, new threshold 1 (max 15)
- age   1:    7950344 bytes,    7950344 total
, 0.0412789 secs]
   [Parallel Time: 36.0 ms, GC Workers: 4]
      [GC Worker Start (ms): Min: 96811.0, Avg: 96811.1, Max: 96811.3, Diff: 0.3]
      [Ext Root Scanning (ms): Min: 0.8, Avg: 1.5, Max: 2.8, Diff: 2.1, Sum: 6.1]
      [Update RS (ms): Min: 0.0, Avg: 9.1, Max: 34.3, Diff: 34.3, Sum: 36.2]
         [Processed Buffers: Min: 0, Avg: 8.5, Max: 23, Diff: 23, Sum: 34]
      [Scan RS (ms): Min: 0.1, Avg: 10.3, Max: 23.3, Diff: 23.2, Sum: 41.1]
      [Code Root Scanning (ms): Min: 0.0, Avg: 0.0, Max: 0.1, Diff: 0.1, Sum: 0.1]
      [Object Copy (ms): Min: 0.6, Avg: 14.2, Max: 23.8, Diff: 23.2, Sum: 56.9]
      [Termination (ms): Min: 0.0, Avg: 0.7, Max: 1.0, Diff: 1.0, Sum: 2.9]
         [Termination Attempts: Min: 1, Avg: 1.5, Max: 2, Diff: 1, Sum: 6]
      [GC Worker Other (ms): Min: 0.0, Avg: 0.0, Max: 0.0, Diff: 0.0, Sum: 0.0]
      [GC Worker Total (ms): Min: 35.7, Avg: 35.9, Max: 36.0, Diff: 0.3, Sum: 143.5]
      [GC Worker End (ms): Min: 96847.0, Avg: 96847.0, Max: 96847.0, Diff: 0.1]
   [Code Root Fixup: 0.0 ms]
   [Code Root Purge: 0.0 ms]
   [String Dedup Fixup: 2.5 ms, GC Workers: 4]
      [Queue Fixup (ms): Min: 0.0, Avg: 0.0, Max: 0.0, Diff: 0.0, Sum: 0.0]
      [Table Fixup (ms): Min: 0.0, Avg: 1.6, Max: 2.5, Diff: 2.5, Sum: 6.5]
   [Clear CT: 0.4 ms]
   [Other: 2.3 ms]
      [Choose CSet: 0.2 ms]
      [Ref Proc: 1.2 ms]
      [Ref Enq: 0.0 ms]
      [Redirty Cards: 0.1 ms]
      [Humongous Register: 0.0 ms]
      [Humongous Reclaim: 0.0 ms]
      [Free CSet: 0.5 ms]
   [Eden: 44.0M(44.0M)->0.0B(45.0M) Survivors: 8192.0K->7168.0K Heap: 933.5M(1048.0M)->864.5M(1048.0M)]
 [Times: user=0.05 sys=0.00, real=0.04 secs] 
2016-06-27T18:02:10.595+0300: 96.852: Total time for which application threads were stopped: 0.0739350 seconds, Stopping threads took: 0.0319856 seconds
2016-06-27T18:02:10.601+0300: 96.858: [GC concurrent-string-deduplication, 7951.4K->7686.0K(265.4K), avg 2.8%, 0.0061822 secs]
   [Last Exec: 0.0061822 secs, Idle: 0.4530716 secs, Blocked: 0/0.0000000 secs]
      [Inspected:             410]
         [Skipped:              5(  1.2%)]
         [Hashed:             405( 98.8%)]
         [Known:                0(  0.0%)]
         [New:                405( 98.8%)   7951.4K]
      [Deduplicated:           21(  5.2%)    265.4K(  3.3%)]
         [Young:                0(  0.0%)      0.0B(  0.0%)]
         [Old:                 21(100.0%)    265.4K(100.0%)]
   [Total Exec: 350/1.3100537 secs, Idle: 350/95.2870929 secs, Blocked: 6/0.0132868 secs]
      [Inspected:          101408]
         [Skipped:            808(  0.8%)]
         [Hashed:           99622( 98.2%)]
         [Known:             4493(  4.4%)]
         [New:              96107( 94.8%)   1789.8M]
      [Deduplicated:         5575(  5.8%)     50.4M(  2.8%)]
         [Young:               10(  0.2%)     86.2K(  0.2%)]
         [Old:               5565( 99.8%)     50.3M( 99.8%)]
   [Table]
      [Memory Usage: 1337.9K]
      [Size: 32768, Min: 1024, Max: 16777216]
      [Entries: 44266, Load: 135.1%, Cached: 1894, Added: 94955, Removed: 50689]
      [Resize Count: 5, Shrink Threshold: 21845(66.7%), Grow Threshold: 65536(200.0%)]
      [Rehash Count: 1, Rehash Threshold: 120, Hash Seed: 0xc4e8cebb]
      [Age Threshold: 3]
   [Queue]
      [Dropped: 0]
2016-06-27T18:02:10.935+0300: 97.192: [GC pause (G1 Evacuation Pause) (young)
Desired survivor size 3670016 bytes, new threshold 1 (max 15)
- age   1:    6810304 bytes,    6810304 total
, 0.0147584 secs]
   [Parallel Time: 13.5 ms, GC Workers: 4]
      [GC Worker Start (ms): Min: 97192.6, Avg: 97192.6, Max: 97192.6, Diff: 0.0]
      [Ext Root Scanning (ms): Min: 0.5, Avg: 0.5, Max: 0.6, Diff: 0.1, Sum: 2.1]
      [Update RS (ms): Min: 10.6, Avg: 10.8, Max: 11.2, Diff: 0.5, Sum: 43.1]
         [Processed Buffers: Min: 11, Avg: 15.5, Max: 20, Diff: 9, Sum: 62]
      [Scan RS (ms): Min: 0.0, Avg: 0.0, Max: 0.0, Diff: 0.0, Sum: 0.0]
      [Code Root Scanning (ms): Min: 0.0, Avg: 0.0, Max: 0.0, Diff: 0.0, Sum: 0.0]
      [Object Copy (ms): Min: 1.7, Avg: 2.1, Max: 2.3, Diff: 0.6, Sum: 8.6]
      [Termination (ms): Min: 0.0, Avg: 0.0, Max: 0.0, Diff: 0.0, Sum: 0.0]
         [Termination Attempts: Min: 1, Avg: 1.0, Max: 1, Diff: 0, Sum: 4]
      [GC Worker Other (ms): Min: 0.0, Avg: 0.0, Max: 0.0, Diff: 0.0, Sum: 0.0]
      [GC Worker Total (ms): Min: 13.5, Avg: 13.5, Max: 13.5, Diff: 0.0, Sum: 53.9]
      [GC Worker End (ms): Min: 97206.1, Avg: 97206.1, Max: 97206.1, Diff: 0.0]
   [Code Root Fixup: 0.0 ms]
   [Code Root Purge: 0.0 ms]
   [String Dedup Fixup: 0.7 ms, GC Workers: 4]
      [Queue Fixup (ms): Min: 0.0, Avg: 0.0, Max: 0.0, Diff: 0.0, Sum: 0.0]
      [Table Fixup (ms): Min: 0.7, Avg: 0.7, Max: 0.7, Diff: 0.0, Sum: 2.7]
   [Clear CT: 0.0 ms]
   [Other: 0.5 ms]
      [Choose CSet: 0.0 ms]
      [Ref Proc: 0.1 ms]
      [Ref Enq: 0.0 ms]
      [Redirty Cards: 0.0 ms]
      [Humongous Register: 0.0 ms]
      [Humongous Reclaim: 0.0 ms]
      [Free CSet: 0.1 ms]
   [Eden: 45.0M(45.0M)->0.0B(45.0M) Survivors: 7168.0K->7168.0K Heap: 909.5M(1048.0M)->873.0M(1048.0M)]
 [Times: user=0.06 sys=0.00, real=0.02 secs] 
2016-06-27T18:02:10.950+0300: 97.207: Total time for which application threads were stopped: 0.0229073 seconds, Stopping threads took: 0.0074942 seconds
2016-06-27T18:02:10.955+0300: 97.212: [GC concurrent-string-deduplication, 6668.4K->6445.0K(223.4K), avg 2.8%, 0.0046118 secs]
   [Last Exec: 0.0046118 secs, Idle: 0.3489116 secs, Blocked: 0/0.0000000 secs]
      [Inspected:             340]
         [Skipped:              1(  0.3%)]
         [Hashed:             339( 99.7%)]
         [Known:                0(  0.0%)]
         [New:                339( 99.7%)   6668.4K]
      [Deduplicated:           17(  5.0%)    223.4K(  3.3%)]
         [Young:                0(  0.0%)      0.0B(  0.0%)]
         [Old:                 17(100.0%)    223.4K(100.0%)]
   [Total Exec: 351/1.3146655 secs, Idle: 351/95.6360046 secs, Blocked: 6/0.0132868 secs]
      [Inspected:          101748]
         [Skipped:            809(  0.8%)]
         [Hashed:           99961( 98.2%)]
         [Known:             4493(  4.4%)]
         [New:              96446( 94.8%)   1796.3M]
      [Deduplicated:         5592(  5.8%)     50.6M(  2.8%)]
         [Young:               10(  0.2%)     86.2K(  0.2%)]
         [Old:               5582( 99.8%)     50.5M( 99.8%)]
   [Table]
      [Memory Usage: 1337.9K]
      [Size: 32768, Min: 1024, Max: 16777216]
      [Entries: 44588, Load: 136.1%, Cached: 1572, Added: 95277, Removed: 50689]
      [Resize Count: 5, Shrink Threshold: 21845(66.7%), Grow Threshold: 65536(200.0%)]
      [Rehash Count: 1, Rehash Threshold: 120, Hash Seed: 0xc4e8cebb]
      [Age Threshold: 3]
   [Queue]
      [Dropped: 0]
2016-06-27T18:02:11.330+0300: 97.587: [GC pause (G1 Evacuation Pause) (young) (initial-mark)
Desired survivor size 3670016 bytes, new threshold 1 (max 15)
- age   1:    7112080 bytes,    7112080 total
, 0.0053320 secs]
   [Parallel Time: 4.1 ms, GC Workers: 4]
      [GC Worker Start (ms): Min: 97587.1, Avg: 97587.2, Max: 97587.4, Diff: 0.3]
      [Ext Root Scanning (ms): Min: 0.5, Avg: 0.8, Max: 1.2, Diff: 0.7, Sum: 3.0]
      [Update RS (ms): Min: 0.5, Avg: 1.0, Max: 1.7, Diff: 1.2, Sum: 4.2]
         [Processed Buffers: Min: 1, Avg: 10.0, Max: 19, Diff: 18, Sum: 40]
      [Scan RS (ms): Min: 0.0, Avg: 0.0, Max: 0.0, Diff: 0.0, Sum: 0.0]
      [Code Root Scanning (ms): Min: 0.0, Avg: 0.0, Max: 0.0, Diff: 0.0, Sum: 0.0]
      [Object Copy (ms): Min: 1.5, Avg: 2.1, Max: 2.3, Diff: 0.8, Sum: 8.6]
      [Termination (ms): Min: 0.0, Avg: 0.0, Max: 0.0, Diff: 0.0, Sum: 0.0]
         [Termination Attempts: Min: 1, Avg: 1.0, Max: 1, Diff: 0, Sum: 4]
      [GC Worker Other (ms): Min: 0.0, Avg: 0.0, Max: 0.0, Diff: 0.0, Sum: 0.0]
      [GC Worker Total (ms): Min: 3.8, Avg: 4.0, Max: 4.1, Diff: 0.3, Sum: 15.8]
      [GC Worker End (ms): Min: 97591.2, Avg: 97591.2, Max: 97591.2, Diff: 0.0]
   [Code Root Fixup: 0.0 ms]
   [Code Root Purge: 0.0 ms]
   [String Dedup Fixup: 0.5 ms, GC Workers: 4]
      [Queue Fixup (ms): Min: 0.0, Avg: 0.0, Max: 0.0, Diff: 0.0, Sum: 0.0]
      [Table Fixup (ms): Min: 0.5, Avg: 0.5, Max: 0.5, Diff: 0.0, Sum: 1.9]
   [Clear CT: 0.0 ms]
   [Other: 0.7 ms]
      [Choose CSet: 0.0 ms]
      [Ref Proc: 0.1 ms]
      [Ref Enq: 0.0 ms]
      [Redirty Cards: 0.0 ms]
      [Humongous Register: 0.0 ms]
      [Humongous Reclaim: 0.0 ms]
      [Free CSet: 0.1 ms]
   [Eden: 45.0M(45.0M)->0.0B(52.0M) Survivors: 7168.0K->7168.0K Heap: 918.0M(1048.0M)->881.0M(1048.0M)]
 [Times: user=0.06 sys=0.00, real=0.01 secs] 
2016-06-27T18:02:11.335+0300: 97.592: [GC concurrent-root-region-scan-start]
2016-06-27T18:02:11.335+0300: 97.593: Total time for which application threads were stopped: 0.0095743 seconds, Stopping threads took: 0.0034456 seconds
2016-06-27T18:02:11.336+0300: 97.593: [GC concurrent-root-region-scan-end, 0.0005739 secs]
2016-06-27T18:02:11.336+0300: 97.593: [GC concurrent-mark-start]
2016-06-27T18:02:11.341+0300: 97.598: [GC concurrent-string-deduplication, 7305.9K->7005.5K(300.4K), avg 2.8%, 0.0053051 secs]
   [Last Exec: 0.0053051 secs, Idle: 0.3803408 secs, Blocked: 0/0.0000000 secs]
      [Inspected:             368]
         [Skipped:              0(  0.0%)]
         [Hashed:             368(100.0%)]
         [Known:                0(  0.0%)]
         [New:                368(100.0%)   7305.9K]
      [Deduplicated:           18(  4.9%)    300.4K(  4.1%)]
         [Young:                0(  0.0%)      0.0B(  0.0%)]
         [Old:                 18(100.0%)    300.4K(100.0%)]
   [Total Exec: 352/1.3199706 secs, Idle: 352/96.0163454 secs, Blocked: 6/0.0132868 secs]
      [Inspected:          102116]
         [Skipped:            809(  0.8%)]
         [Hashed:          100329( 98.3%)]
         [Known:             4493(  4.4%)]
         [New:              96814( 94.8%)   1803.4M]
      [Deduplicated:         5610(  5.8%)     50.9M(  2.8%)]
         [Young:               10(  0.2%)     86.2K(  0.2%)]
         [Old:               5600( 99.8%)     50.8M( 99.8%)]
   [Table]
      [Memory Usage: 1337.9K]
      [Size: 32768, Min: 1024, Max: 16777216]
      [Entries: 44938, Load: 137.1%, Cached: 1222, Added: 95627, Removed: 50689]
      [Resize Count: 5, Shrink Threshold: 21845(66.7%), Grow Threshold: 65536(200.0%)]
      [Rehash Count: 1, Rehash Threshold: 120, Hash Seed: 0xc4e8cebb]
      [Age Threshold: 3]
   [Queue]
      [Dropped: 0]
2016-06-27T18:02:11.398+0300: 97.655: [GC concurrent-mark-end, 0.0615044 secs]
2016-06-27T18:02:11.429+0300: 97.686: [GC remark 2016-06-27T18:02:11.429+0300: 97.686: [Finalize Marking, 0.0002609 secs] 2016-06-27T18:02:11.429+0300: 97.687: [GC ref-proc, 0.0001108 secs] 2016-06-27T18:02:11.430+0300: 97.687: [Unloading, 0.0026562 secs], 0.0068027 secs]
 [Times: user=0.00 sys=0.00, real=0.01 secs] 
2016-06-27T18:02:11.436+0300: 97.693: Total time for which application threads were stopped: 0.0079732 seconds, Stopping threads took: 0.0006530 seconds
2016-06-27T18:02:11.437+0300: 97.694: [GC cleanup 895M->895M(1048M), 0.0018607 secs]
 [Times: user=0.00 sys=0.00, real=0.00 secs] 
2016-06-27T18:02:11.439+0300: 97.696: Total time for which application threads were stopped: 0.0024808 seconds, Stopping threads took: 0.0000864 seconds
2016-06-27T18:02:11.743+0300: 98.001: [GC pause (G1 Evacuation Pause) (young)
Desired survivor size 4194304 bytes, new threshold 1 (max 15)
- age   1:    7214720 bytes,    7214720 total
, 0.0052353 secs]
   [Parallel Time: 4.1 ms, GC Workers: 4]
      [GC Worker Start (ms): Min: 98001.2, Avg: 98001.2, Max: 98001.2, Diff: 0.1]
      [Ext Root Scanning (ms): Min: 0.4, Avg: 0.5, Max: 0.7, Diff: 0.2, Sum: 2.2]
      [Update RS (ms): Min: 0.8, Avg: 0.9, Max: 0.9, Diff: 0.2, Sum: 3.4]
         [Processed Buffers: Min: 5, Avg: 12.0, Max: 19, Diff: 14, Sum: 48]
      [Scan RS (ms): Min: 0.0, Avg: 0.0, Max: 0.0, Diff: 0.0, Sum: 0.0]
      [Code Root Scanning (ms): Min: 0.0, Avg: 0.0, Max: 0.0, Diff: 0.0, Sum: 0.0]
      [Object Copy (ms): Min: 2.5, Avg: 2.5, Max: 2.6, Diff: 0.1, Sum: 10.1]
      [Termination (ms): Min: 0.0, Avg: 0.0, Max: 0.0, Diff: 0.0, Sum: 0.0]
         [Termination Attempts: Min: 1, Avg: 1.0, Max: 1, Diff: 0, Sum: 4]
      [GC Worker Other (ms): Min: 0.0, Avg: 0.0, Max: 0.0, Diff: 0.0, Sum: 0.0]
      [GC Worker Total (ms): Min: 3.9, Avg: 3.9, Max: 4.0, Diff: 0.1, Sum: 15.8]
      [GC Worker End (ms): Min: 98005.1, Avg: 98005.1, Max: 98005.1, Diff: 0.0]
   [Code Root Fixup: 0.0 ms]
   [Code Root Purge: 0.0 ms]
   [String Dedup Fixup: 0.6 ms, GC Workers: 4]
      [Queue Fixup (ms): Min: 0.0, Avg: 0.0, Max: 0.0, Diff: 0.0, Sum: 0.0]
      [Table Fixup (ms): Min: 0.5, Avg: 0.6, Max: 0.6, Diff: 0.0, Sum: 2.3]
   [Clear CT: 0.0 ms]
   [Other: 0.5 ms]
      [Choose CSet: 0.0 ms]
      [Ref Proc: 0.1 ms]
      [Ref Enq: 0.0 ms]
      [Redirty Cards: 0.0 ms]
      [Humongous Register: 0.0 ms]
      [Humongous Reclaim: 0.0 ms]
      [Free CSet: 0.1 ms]
   [Eden: 52.0M(52.0M)->0.0B(44.0M) Survivors: 7168.0K->8192.0K Heap: 933.0M(1048.0M)->892.0M(1048.0M)]
 [Times: user=0.00 sys=0.00, real=0.01 secs] 
2016-06-27T18:02:11.749+0300: 98.006: Total time for which application threads were stopped: 0.0143812 seconds, Stopping threads took: 0.0084646 seconds
2016-06-27T18:02:11.754+0300: 98.012: [GC concurrent-string-deduplication, 7787.3K->7646.0K(141.3K), avg 2.8%, 0.0053478 secs]
   [Last Exec: 0.0053478 secs, Idle: 0.4085113 secs, Blocked: 0/0.0000000 secs]
      [Inspected:             393]
         [Skipped:              0(  0.0%)]
         [Hashed:             393(100.0%)]
         [Known:                0(  0.0%)]
         [New:                393(100.0%)   7787.3K]
      [Deduplicated:           11(  2.8%)    141.3K(  1.8%)]
         [Young:                0(  0.0%)      0.0B(  0.0%)]
         [Old:                 11(100.0%)    141.3K(100.0%)]
   [Total Exec: 353/1.3253184 secs, Idle: 353/96.4248566 secs, Blocked: 6/0.0132868 secs]
      [Inspected:          102509]
         [Skipped:            809(  0.8%)]
         [Hashed:          100722( 98.3%)]
         [Known:             4493(  4.4%)]
         [New:              97207( 94.8%)   1811.0M]
      [Deduplicated:         5621(  5.8%)     51.0M(  2.8%)]
         [Young:               10(  0.2%)     86.2K(  0.2%)]
         [Old:               5611( 99.8%)     50.9M( 99.8%)]
   [Table]
      [Memory Usage: 1337.9K]
      [Size: 32768, Min: 1024, Max: 16777216]
      [Entries: 43584, Load: 133.0%, Cached: 2576, Added: 96009, Removed: 52425]
      [Resize Count: 5, Shrink Threshold: 21845(66.7%), Grow Threshold: 65536(200.0%)]
      [Rehash Count: 1, Rehash Threshold: 120, Hash Seed: 0xc4e8cebb]
      [Age Threshold: 3]
   [Queue]
      [Dropped: 0]
2016-06-27T18:02:12.109+0300: 98.366: [GC pause (G1 Evacuation Pause) (mixed)
Desired survivor size 3670016 bytes, new threshold 1 (max 15)
- age   1:    7739368 bytes,    7739368 total
, 0.0219656 secs]
   [Parallel Time: 19.8 ms, GC Workers: 4]
      [GC Worker Start (ms): Min: 98366.4, Avg: 98366.4, Max: 98366.4, Diff: 0.0]
      [Ext Root Scanning (ms): Min: 0.6, Avg: 0.7, Max: 1.1, Diff: 0.6, Sum: 2.8]
      [Update RS (ms): Min: 0.4, Avg: 0.7, Max: 0.9, Diff: 0.5, Sum: 2.9]
         [Processed Buffers: Min: 4, Avg: 9.3, Max: 22, Diff: 18, Sum: 37]
      [Scan RS (ms): Min: 3.5, Avg: 3.5, Max: 3.6, Diff: 0.1, Sum: 14.2]
      [Code Root Scanning (ms): Min: 0.0, Avg: 0.0, Max: 0.1, Diff: 0.1, Sum: 0.2]
      [Object Copy (ms): Min: 14.6, Avg: 14.7, Max: 14.7, Diff: 0.1, Sum: 58.7]
      [Termination (ms): Min: 0.0, Avg: 0.0, Max: 0.0, Diff: 0.0, Sum: 0.0]
         [Termination Attempts: Min: 1, Avg: 3.3, Max: 6, Diff: 5, Sum: 13]
      [GC Worker Other (ms): Min: 0.0, Avg: 0.0, Max: 0.0, Diff: 0.0, Sum: 0.0]
      [GC Worker Total (ms): Min: 19.7, Avg: 19.7, Max: 19.7, Diff: 0.0, Sum: 78.9]
      [GC Worker End (ms): Min: 98386.1, Avg: 98386.1, Max: 98386.1, Diff: 0.0]
   [Code Root Fixup: 0.0 ms]
   [Code Root Purge: 0.0 ms]
   [String Dedup Fixup: 0.8 ms, GC Workers: 4]
      [Queue Fixup (ms): Min: 0.0, Avg: 0.0, Max: 0.0, Diff: 0.0, Sum: 0.0]
      [Table Fixup (ms): Min: 0.0, Avg: 0.6, Max: 0.8, Diff: 0.8, Sum: 2.4]
   [Clear CT: 0.2 ms]
   [Other: 1.1 ms]
      [Choose CSet: 0.2 ms]
      [Ref Proc: 0.1 ms]
      [Ref Enq: 0.0 ms]
      [Redirty Cards: 0.1 ms]
      [Humongous Register: 0.0 ms]
      [Humongous Reclaim: 0.0 ms]
      [Free CSet: 0.5 ms]
   [Eden: 44.0M(44.0M)->0.0B(45.0M) Survivors: 8192.0K->7168.0K Heap: 936.0M(1048.0M)->865.0M(1048.0M)]
 [Times: user=0.11 sys=0.00, real=0.02 secs] 
2016-06-27T18:02:12.131+0300: 98.388: Total time for which application threads were stopped: 0.0326082 seconds, Stopping threads took: 0.0099451 seconds
2016-06-27T18:02:12.137+0300: 98.394: [GC concurrent-string-deduplication, 7790.2K->7646.0K(144.2K), avg 2.8%, 0.0054808 secs]
   [Last Exec: 0.0054808 secs, Idle: 0.3764983 secs, Blocked: 0/0.0000000 secs]
      [Inspected:             398]
         [Skipped:              4(  1.0%)]
         [Hashed:             394( 99.0%)]
         [Known:                0(  0.0%)]
         [New:                394( 99.0%)   7790.2K]
      [Deduplicated:           12(  3.0%)    144.2K(  1.9%)]
         [Young:                0(  0.0%)      0.0B(  0.0%)]
         [Old:                 12(100.0%)    144.2K(100.0%)]
   [Total Exec: 354/1.3307992 secs, Idle: 354/96.8013550 secs, Blocked: 6/0.0132868 secs]
      [Inspected:          102907]
         [Skipped:            813(  0.8%)]
         [Hashed:          101116( 98.3%)]
         [Known:             4493(  4.4%)]
         [New:              97601( 94.8%)   1818.6M]
      [Deduplicated:         5633(  5.8%)     51.2M(  2.8%)]
         [Young:               10(  0.2%)     86.2K(  0.2%)]
         [Old:               5623( 99.8%)     51.1M( 99.8%)]
   [Table]
      [Memory Usage: 1337.9K]
      [Size: 32768, Min: 1024, Max: 16777216]
      [Entries: 43966, Load: 134.2%, Cached: 2194, Added: 96391, Removed: 52425]
      [Resize Count: 5, Shrink Threshold: 21845(66.7%), Grow Threshold: 65536(200.0%)]
      [Rehash Count: 1, Rehash Threshold: 120, Hash Seed: 0xc4e8cebb]
      [Age Threshold: 3]
   [Queue]
      [Dropped: 0]
2016-06-27T18:02:12.137+0300: 98.394: Total time for which application threads were stopped: 0.0003879 seconds, Stopping threads took: 0.0000603 seconds
2016-06-27T18:02:12.445+0300: 98.702: [GC pause (G1 Evacuation Pause) (mixed)
Desired survivor size 3670016 bytes, new threshold 1 (max 15)
- age   1:    6870584 bytes,    6870584 total
, 0.0315010 secs]
   [Parallel Time: 29.7 ms, GC Workers: 4]
      [GC Worker Start (ms): Min: 98702.7, Avg: 98702.7, Max: 98702.7, Diff: 0.1]
      [Ext Root Scanning (ms): Min: 0.5, Avg: 0.6, Max: 0.9, Diff: 0.4, Sum: 2.5]
      [Update RS (ms): Min: 17.2, Avg: 18.4, Max: 20.7, Diff: 3.5, Sum: 73.7]
         [Processed Buffers: Min: 8, Avg: 18.3, Max: 34, Diff: 26, Sum: 73]
      [Scan RS (ms): Min: 0.0, Avg: 4.1, Max: 11.3, Diff: 11.3, Sum: 16.4]
      [Code Root Scanning (ms): Min: 0.0, Avg: 0.0, Max: 0.1, Diff: 0.1, Sum: 0.1]
      [Object Copy (ms): Min: 0.1, Avg: 6.3, Max: 8.5, Diff: 8.4, Sum: 25.3]
      [Termination (ms): Min: 0.0, Avg: 0.1, Max: 0.1, Diff: 0.1, Sum: 0.3]
         [Termination Attempts: Min: 1, Avg: 3.0, Max: 5, Diff: 4, Sum: 12]
      [GC Worker Other (ms): Min: 0.0, Avg: 0.0, Max: 0.0, Diff: 0.0, Sum: 0.0]
      [GC Worker Total (ms): Min: 29.5, Avg: 29.6, Max: 29.6, Diff: 0.1, Sum: 118.3]
      [GC Worker End (ms): Min: 98732.2, Avg: 98732.2, Max: 98732.3, Diff: 0.0]
   [Code Root Fixup: 0.0 ms]
   [Code Root Purge: 0.0 ms]
   [String Dedup Fixup: 0.9 ms, GC Workers: 4]
      [Queue Fixup (ms): Min: 0.0, Avg: 0.0, Max: 0.0, Diff: 0.0, Sum: 0.0]
      [Table Fixup (ms): Min: 0.0, Avg: 0.6, Max: 0.8, Diff: 0.8, Sum: 2.5]
   [Clear CT: 0.2 ms]
   [Other: 0.7 ms]
      [Choose CSet: 0.1 ms]
      [Ref Proc: 0.1 ms]
      [Ref Enq: 0.0 ms]
      [Redirty Cards: 0.0 ms]
      [Humongous Register: 0.0 ms]
      [Humongous Reclaim: 0.0 ms]
      [Free CSet: 0.2 ms]
   [Eden: 45.0M(45.0M)->0.0B(45.0M) Survivors: 7168.0K->7168.0K Heap: 910.0M(1048.0M)->866.5M(1048.0M)]
 [Times: user=0.06 sys=0.00, real=0.03 secs] 
2016-06-27T18:02:12.477+0300: 98.734: Total time for which application threads were stopped: 0.0434937 seconds, Stopping threads took: 0.0113807 seconds
2016-06-27T18:02:12.482+0300: 98.739: [GC concurrent-string-deduplication, 7033.6K->6665.2K(368.4K), avg 2.8%, 0.0051665 secs]
   [Last Exec: 0.0051665 secs, Idle: 0.3402581 secs, Blocked: 0/0.0000000 secs]
      [Inspected:             362]
         [Skipped:              3(  0.8%)]
         [Hashed:             359( 99.2%)]
         [Known:                0(  0.0%)]
         [New:                359( 99.2%)   7033.6K]
      [Deduplicated:           26(  7.2%)    368.4K(  5.2%)]
         [Young:                0(  0.0%)      0.0B(  0.0%)]
         [Old:                 26(100.0%)    368.4K(100.0%)]
   [Total Exec: 355/1.3359657 secs, Idle: 355/97.1416130 secs, Blocked: 6/0.0132868 secs]
      [Inspected:          103269]
         [Skipped:            816(  0.8%)]
         [Hashed:          101475( 98.3%)]
         [Known:             4493(  4.4%)]
         [New:              97960( 94.9%)   1825.5M]
      [Deduplicated:         5659(  5.8%)     51.5M(  2.8%)]
         [Young:               10(  0.2%)     86.2K(  0.2%)]
         [Old:               5649( 99.8%)     51.4M( 99.8%)]
   [Table]
      [Memory Usage: 1337.9K]
      [Size: 32768, Min: 1024, Max: 16777216]
      [Entries: 44299, Load: 135.2%, Cached: 1861, Added: 96724, Removed: 52425]
      [Resize Count: 5, Shrink Threshold: 21845(66.7%), Grow Threshold: 65536(200.0%)]
      [Rehash Count: 1, Rehash Threshold: 120, Hash Seed: 0xc4e8cebb]
      [Age Threshold: 3]
   [Queue]
      [Dropped: 0]
2016-06-27T18:02:12.825+0300: 99.082: [GC pause (G1 Evacuation Pause) (young)
Desired survivor size 3670016 bytes, new threshold 1 (max 15)
- age   1:    6937576 bytes,    6937576 total
, 0.0106516 secs]
   [Parallel Time: 9.4 ms, GC Workers: 4]
      [GC Worker Start (ms): Min: 99082.5, Avg: 99082.5, Max: 99082.5, Diff: 0.0]
      [Ext Root Scanning (ms): Min: 0.4, Avg: 0.5, Max: 0.6, Diff: 0.1, Sum: 2.0]
      [Update RS (ms): Min: 6.5, Avg: 6.6, Max: 6.7, Diff: 0.2, Sum: 26.4]
         [Processed Buffers: Min: 7, Avg: 11.8, Max: 25, Diff: 18, Sum: 47]
      [Scan RS (ms): Min: 0.0, Avg: 0.0, Max: 0.0, Diff: 0.0, Sum: 0.1]
      [Code Root Scanning (ms): Min: 0.0, Avg: 0.0, Max: 0.0, Diff: 0.0, Sum: 0.0]
      [Object Copy (ms): Min: 2.0, Avg: 2.2, Max: 2.3, Diff: 0.3, Sum: 8.9]
      [Termination (ms): Min: 0.0, Avg: 0.0, Max: 0.0, Diff: 0.0, Sum: 0.0]
         [Termination Attempts: Min: 1, Avg: 1.0, Max: 1, Diff: 0, Sum: 4]
      [GC Worker Other (ms): Min: 0.0, Avg: 0.0, Max: 0.0, Diff: 0.0, Sum: 0.0]
      [GC Worker Total (ms): Min: 9.3, Avg: 9.3, Max: 9.3, Diff: 0.0, Sum: 37.3]
      [GC Worker End (ms): Min: 99091.9, Avg: 99091.9, Max: 99091.9, Diff: 0.0]
   [Code Root Fixup: 0.0 ms]
   [Code Root Purge: 0.0 ms]
   [String Dedup Fixup: 0.7 ms, GC Workers: 4]
      [Queue Fixup (ms): Min: 0.0, Avg: 0.0, Max: 0.0, Diff: 0.0, Sum: 0.0]
      [Table Fixup (ms): Min: 0.6, Avg: 0.6, Max: 0.7, Diff: 0.0, Sum: 2.6]
   [Clear CT: 0.0 ms]
   [Other: 0.6 ms]
      [Choose CSet: 0.0 ms]
      [Ref Proc: 0.0 ms]
      [Ref Enq: 0.0 ms]
      [Redirty Cards: 0.0 ms]
      [Humongous Register: 0.1 ms]
      [Humongous Reclaim: 0.0 ms]
      [Free CSet: 0.1 ms]
   [Eden: 45.0M(45.0M)->0.0B(57.0M) Survivors: 7168.0K->7168.0K Heap: 911.5M(1048.0M)->875.0M(1048.0M)]
 [Times: user=0.06 sys=0.00, real=0.01 secs] 
2016-06-27T18:02:12.836+0300: 99.093: Total time for which application threads were stopped: 0.0189117 seconds, Stopping threads took: 0.0075874 seconds
2016-06-27T18:02:12.841+0300: 99.098: [GC concurrent-string-deduplication, 7054.7K->6745.3K(309.5K), avg 2.8%, 0.0049052 secs]
   [Last Exec: 0.0049052 secs, Idle: 0.3537651 secs, Blocked: 0/0.0000000 secs]
      [Inspected:             369]
         [Skipped:              6(  1.6%)]
         [Hashed:             363( 98.4%)]
         [Known:                0(  0.0%)]
         [New:                363( 98.4%)   7054.7K]
      [Deduplicated:           26(  7.2%)    309.5K(  4.4%)]
         [Young:                0(  0.0%)      0.0B(  0.0%)]
         [Old:                 26(100.0%)    309.5K(100.0%)]
   [Total Exec: 356/1.3408709 secs, Idle: 356/97.4953781 secs, Blocked: 6/0.0132868 secs]
      [Inspected:          103638]
         [Skipped:            822(  0.8%)]
         [Hashed:          101838( 98.3%)]
         [Known:             4493(  4.3%)]
         [New:              98323( 94.9%)   1832.4M]
      [Deduplicated:         5685(  5.8%)     51.8M(  2.8%)]
         [Young:               10(  0.2%)     86.2K(  0.2%)]
         [Old:               5675( 99.8%)     51.7M( 99.8%)]
   [Table]
      [Memory Usage: 1337.9K]
      [Size: 32768, Min: 1024, Max: 16777216]
      [Entries: 44636, Load: 136.2%, Cached: 1524, Added: 97061, Removed: 52425]
      [Resize Count: 5, Shrink Threshold: 21845(66.7%), Grow Threshold: 65536(200.0%)]
      [Rehash Count: 1, Rehash Threshold: 120, Hash Seed: 0xc4e8cebb]
      [Age Threshold: 3]
   [Queue]
      [Dropped: 0]
2016-06-27T18:02:13.106+0300: 99.363: [GC pause (G1 Evacuation Pause) (young) (initial-mark)
Desired survivor size 4194304 bytes, new threshold 1 (max 15)
- age   1:    7061160 bytes,    7061160 total
, 0.0065414 secs]
   [Parallel Time: 5.4 ms, GC Workers: 4]
      [GC Worker Start (ms): Min: 99363.6, Avg: 99363.6, Max: 99363.7, Diff: 0.1]
      [Ext Root Scanning (ms): Min: 0.4, Avg: 1.8, Max: 4.8, Diff: 4.4, Sum: 7.3]
      [Update RS (ms): Min: 0.0, Avg: 1.2, Max: 1.8, Diff: 1.8, Sum: 4.7]
         [Processed Buffers: Min: 0, Avg: 6.5, Max: 18, Diff: 18, Sum: 26]
      [Scan RS (ms): Min: 0.0, Avg: 0.0, Max: 0.0, Diff: 0.0, Sum: 0.1]
      [Code Root Scanning (ms): Min: 0.0, Avg: 0.0, Max: 0.0, Diff: 0.0, Sum: 0.0]
      [Object Copy (ms): Min: 0.6, Avg: 2.3, Max: 3.3, Diff: 2.7, Sum: 9.4]
      [Termination (ms): Min: 0.0, Avg: 0.0, Max: 0.0, Diff: 0.0, Sum: 0.0]
         [Termination Attempts: Min: 1, Avg: 1.0, Max: 1, Diff: 0, Sum: 4]
      [GC Worker Other (ms): Min: 0.0, Avg: 0.0, Max: 0.0, Diff: 0.0, Sum: 0.1]
      [GC Worker Total (ms): Min: 5.3, Avg: 5.4, Max: 5.4, Diff: 0.1, Sum: 21.5]
      [GC Worker End (ms): Min: 99369.0, Avg: 99369.0, Max: 99369.0, Diff: 0.0]
   [Code Root Fixup: 0.0 ms]
   [Code Root Purge: 0.0 ms]
   [String Dedup Fixup: 0.5 ms, GC Workers: 4]
      [Queue Fixup (ms): Min: 0.0, Avg: 0.0, Max: 0.0, Diff: 0.0, Sum: 0.0]
      [Table Fixup (ms): Min: 0.5, Avg: 0.5, Max: 0.5, Diff: 0.0, Sum: 1.9]
   [Clear CT: 0.0 ms]
   [Other: 0.6 ms]
      [Choose CSet: 0.0 ms]
      [Ref Proc: 0.0 ms]
      [Ref Enq: 0.0 ms]
      [Redirty Cards: 0.0 ms]
      [Humongous Register: 0.0 ms]
      [Humongous Reclaim: 0.0 ms]
      [Free CSet: 0.1 ms]
   [Eden: 57.0M(57.0M)->0.0B(48.0M) Survivors: 7168.0K->8192.0K Heap: 932.0M(1048.0M)->885.5M(1048.0M)]
 [Times: user=0.00 sys=0.00, real=0.01 secs] 
2016-06-27T18:02:13.113+0300: 99.370: [GC concurrent-root-region-scan-start]
2016-06-27T18:02:13.113+0300: 99.370: Total time for which application threads were stopped: 0.0240530 seconds, Stopping threads took: 0.0168423 seconds
2016-06-27T18:02:13.113+0300: 99.371: [GC concurrent-root-region-scan-end, 0.0005205 secs]
2016-06-27T18:02:13.113+0300: 99.371: [GC concurrent-mark-start]
2016-06-27T18:02:13.118+0300: 99.376: [GC concurrent-string-deduplication, 7671.1K->7445.8K(225.3K), avg 2.8%, 0.0054218 secs]
   [Last Exec: 0.0054218 secs, Idle: 0.2719664 secs, Blocked: 0/0.0000000 secs]
      [Inspected:             391]
         [Skipped:              3(  0.8%)]
         [Hashed:             388( 99.2%)]
         [Known:                0(  0.0%)]
         [New:                388( 99.2%)   7671.1K]
      [Deduplicated:           16(  4.1%)    225.3K(  2.9%)]
         [Young:                0(  0.0%)      0.0B(  0.0%)]
         [Old:                 16(100.0%)    225.3K(100.0%)]
   [Total Exec: 357/1.3462927 secs, Idle: 357/97.7673445 secs, Blocked: 6/0.0132868 secs]
      [Inspected:          104029]
         [Skipped:            825(  0.8%)]
         [Hashed:          102226( 98.3%)]
         [Known:             4493(  4.3%)]
         [New:              98711( 94.9%)   1839.9M]
      [Deduplicated:         5701(  5.8%)     52.1M(  2.8%)]
         [Young:               10(  0.2%)     86.2K(  0.2%)]
         [Old:               5691( 99.8%)     52.0M( 99.8%)]
   [Table]
      [Memory Usage: 1337.9K]
      [Size: 32768, Min: 1024, Max: 16777216]
      [Entries: 45008, Load: 137.4%, Cached: 1152, Added: 97433, Removed: 52425]
      [Resize Count: 5, Shrink Threshold: 21845(66.7%), Grow Threshold: 65536(200.0%)]
      [Rehash Count: 1, Rehash Threshold: 120, Hash Seed: 0xc4e8cebb]
      [Age Threshold: 3]
   [Queue]
      [Dropped: 0]
2016-06-27T18:02:13.187+0300: 99.444: [GC concurrent-mark-end, 0.0732427 secs]
2016-06-27T18:02:13.250+0300: 99.508: [GC remark 2016-06-27T18:02:13.250+0300: 99.508: [Finalize Marking, 0.0003011 secs] 2016-06-27T18:02:13.251+0300: 99.508: [GC ref-proc, 0.0001155 secs] 2016-06-27T18:02:13.251+0300: 99.508: [Unloading, 0.0033088 secs], 0.0088152 secs]
 [Times: user=0.01 sys=0.00, real=0.01 secs] 
2016-06-27T18:02:13.259+0300: 99.517: Total time for which application threads were stopped: 0.0289509 seconds, Stopping threads took: 0.0196789 seconds
2016-06-27T18:02:13.276+0300: 99.533: [GC cleanup 925M->925M(1048M), 0.0027028 secs]
 [Times: user=0.00 sys=0.00, real=0.00 secs] 
2016-06-27T18:02:13.278+0300: 99.536: Total time for which application threads were stopped: 0.0144098 seconds, Stopping threads took: 0.0112097 seconds
2016-06-27T18:02:13.328+0300: 99.585: [GC pause (G1 Evacuation Pause) (young)
Desired survivor size 3670016 bytes, new threshold 1 (max 15)
- age   1:    8251056 bytes,    8251056 total
, 0.0047324 secs]
   [Parallel Time: 3.6 ms, GC Workers: 4]
      [GC Worker Start (ms): Min: 99585.4, Avg: 99585.4, Max: 99585.4, Diff: 0.0]
      [Ext Root Scanning (ms): Min: 0.4, Avg: 0.4, Max: 0.5, Diff: 0.1, Sum: 1.8]
      [Update RS (ms): Min: 0.4, Avg: 0.5, Max: 0.6, Diff: 0.2, Sum: 2.2]
         [Processed Buffers: Min: 4, Avg: 5.3, Max: 8, Diff: 4, Sum: 21]
      [Scan RS (ms): Min: 0.0, Avg: 0.0, Max: 0.0, Diff: 0.0, Sum: 0.0]
      [Code Root Scanning (ms): Min: 0.0, Avg: 0.0, Max: 0.0, Diff: 0.0, Sum: 0.0]
      [Object Copy (ms): Min: 2.4, Avg: 2.5, Max: 2.6, Diff: 0.2, Sum: 10.1]
      [Termination (ms): Min: 0.0, Avg: 0.0, Max: 0.0, Diff: 0.0, Sum: 0.1]
         [Termination Attempts: Min: 1, Avg: 1.0, Max: 1, Diff: 0, Sum: 4]
      [GC Worker Other (ms): Min: 0.0, Avg: 0.0, Max: 0.0, Diff: 0.0, Sum: 0.0]
      [GC Worker Total (ms): Min: 3.6, Avg: 3.6, Max: 3.6, Diff: 0.0, Sum: 14.3]
      [GC Worker End (ms): Min: 99589.0, Avg: 99589.0, Max: 99589.0, Diff: 0.0]
   [Code Root Fixup: 0.0 ms]
   [Code Root Purge: 0.0 ms]
   [String Dedup Fixup: 0.6 ms, GC Workers: 4]
      [Queue Fixup (ms): Min: 0.0, Avg: 0.0, Max: 0.0, Diff: 0.0, Sum: 0.0]
      [Table Fixup (ms): Min: 0.0, Avg: 0.5, Max: 0.6, Diff: 0.6, Sum: 1.8]
   [Clear CT: 0.0 ms]
   [Other: 0.5 ms]
      [Choose CSet: 0.0 ms]
      [Ref Proc: 0.1 ms]
      [Ref Enq: 0.0 ms]
      [Redirty Cards: 0.0 ms]
      [Humongous Register: 0.0 ms]
      [Humongous Reclaim: 0.0 ms]
      [Free CSet: 0.1 ms]
   [Eden: 48.0M(48.0M)->0.0B(45.0M) Survivors: 8192.0K->7168.0K Heap: 933.5M(1048.0M)->894.5M(1048.0M)]
 [Times: user=0.02 sys=0.00, real=0.00 secs] 
2016-06-27T18:02:13.333+0300: 99.590: Total time for which application threads were stopped: 0.0087468 seconds, Stopping threads took: 0.0034567 seconds
2016-06-27T18:02:13.339+0300: 99.597: [GC concurrent-string-deduplication, 8910.0K->8726.8K(183.2K), avg 2.8%, 0.0063207 secs]
   [Last Exec: 0.0063207 secs, Idle: 0.2145820 secs, Blocked: 0/0.0000000 secs]
      [Inspected:             449]
         [Skipped:              1(  0.2%)]
         [Hashed:             448( 99.8%)]
         [Known:                0(  0.0%)]
         [New:                448( 99.8%)   8910.0K]
      [Deduplicated:           12(  2.7%)    183.2K(  2.1%)]
         [Young:                0(  0.0%)      0.0B(  0.0%)]
         [Old:                 12(100.0%)    183.2K(100.0%)]
   [Total Exec: 358/1.3526134 secs, Idle: 358/97.9819265 secs, Blocked: 6/0.0132868 secs]
      [Inspected:          104478]
         [Skipped:            826(  0.8%)]
         [Hashed:          102674( 98.3%)]
         [Known:             4493(  4.3%)]
         [New:              99159( 94.9%)   1848.6M]
      [Deduplicated:         5713(  5.8%)     52.2M(  2.8%)]
         [Young:               10(  0.2%)     86.2K(  0.2%)]
         [Old:               5703( 99.8%)     52.1M( 99.8%)]
   [Table]
      [Memory Usage: 1337.9K]
      [Size: 32768, Min: 1024, Max: 16777216]
      [Entries: 43126, Load: 131.6%, Cached: 3034, Added: 97869, Removed: 54743]
      [Resize Count: 5, Shrink Threshold: 21845(66.7%), Grow Threshold: 65536(200.0%)]
      [Rehash Count: 1, Rehash Threshold: 120, Hash Seed: 0xc4e8cebb]
      [Age Threshold: 3]
   [Queue]
      [Dropped: 0]
2016-06-27T18:02:13.609+0300: 99.867: [GC pause (G1 Evacuation Pause) (mixed)
Desired survivor size 3670016 bytes, new threshold 1 (max 15)
- age   1:    6916416 bytes,    6916416 total
, 0.0199809 secs]
   [Parallel Time: 17.8 ms, GC Workers: 4]
      [GC Worker Start (ms): Min: 99866.8, Avg: 99866.8, Max: 99866.9, Diff: 0.0]
      [Ext Root Scanning (ms): Min: 0.4, Avg: 0.5, Max: 0.6, Diff: 0.2, Sum: 1.9]
      [Update RS (ms): Min: 0.5, Avg: 0.6, Max: 0.7, Diff: 0.2, Sum: 2.6]
         [Processed Buffers: Min: 3, Avg: 8.5, Max: 22, Diff: 19, Sum: 34]
      [Scan RS (ms): Min: 2.4, Avg: 2.5, Max: 2.6, Diff: 0.2, Sum: 10.1]
      [Code Root Scanning (ms): Min: 0.0, Avg: 0.0, Max: 0.1, Diff: 0.1, Sum: 0.1]
      [Object Copy (ms): Min: 14.0, Avg: 14.1, Max: 14.2, Diff: 0.1, Sum: 56.5]
      [Termination (ms): Min: 0.0, Avg: 0.0, Max: 0.0, Diff: 0.0, Sum: 0.0]
         [Termination Attempts: Min: 1, Avg: 1.5, Max: 2, Diff: 1, Sum: 6]
      [GC Worker Other (ms): Min: 0.0, Avg: 0.0, Max: 0.0, Diff: 0.0, Sum: 0.1]
      [GC Worker Total (ms): Min: 17.8, Avg: 17.8, Max: 17.8, Diff: 0.0, Sum: 71.2]
      [GC Worker End (ms): Min: 99884.7, Avg: 99884.7, Max: 99884.7, Diff: 0.0]
   [Code Root Fixup: 0.0 ms]
   [Code Root Purge: 0.0 ms]
   [String Dedup Fixup: 0.8 ms, GC Workers: 4]
      [Queue Fixup (ms): Min: 0.0, Avg: 0.0, Max: 0.0, Diff: 0.0, Sum: 0.0]
      [Table Fixup (ms): Min: 0.1, Avg: 0.6, Max: 0.8, Diff: 0.7, Sum: 2.4]
   [Clear CT: 0.2 ms]
   [Other: 1.1 ms]
      [Choose CSet: 0.2 ms]
      [Ref Proc: 0.1 ms]
      [Ref Enq: 0.0 ms]
      [Redirty Cards: 0.1 ms]
      [Humongous Register: 0.0 ms]
      [Humongous Reclaim: 0.0 ms]
      [Free CSet: 0.4 ms]
   [Eden: 45.0M(45.0M)->0.0B(45.0M) Survivors: 7168.0K->7168.0K Heap: 939.5M(1048.0M)->867.0M(1048.0M)]
 [Times: user=0.06 sys=0.00, real=0.02 secs] 
2016-06-27T18:02:13.629+0300: 99.887: Total time for which application threads were stopped: 0.0286139 seconds, Stopping threads took: 0.0080493 seconds
2016-06-27T18:02:13.635+0300: 99.892: [GC concurrent-string-deduplication, 7711.1K->7285.7K(425.4K), avg 2.8%, 0.0055565 secs]
   [Last Exec: 0.0055565 secs, Idle: 0.2901019 secs, Blocked: 0/0.0000000 secs]
      [Inspected:             397]
         [Skipped:              7(  1.8%)]
         [Hashed:             390( 98.2%)]
         [Known:                0(  0.0%)]
         [New:                390( 98.2%)   7711.1K]
      [Deduplicated:           26(  6.7%)    425.4K(  5.5%)]
         [Young:                0(  0.0%)      0.0B(  0.0%)]
         [Old:                 26(100.0%)    425.4K(100.0%)]
   [Total Exec: 359/1.3581699 secs, Idle: 359/98.2720284 secs, Blocked: 6/0.0132868 secs]
      [Inspected:          104875]
         [Skipped:            833(  0.8%)]
         [Hashed:          103064( 98.3%)]
         [Known:             4493(  4.3%)]
         [New:              99549( 94.9%)   1856.1M]
      [Deduplicated:         5739(  5.8%)     52.6M(  2.8%)]
         [Young:               10(  0.2%)     86.2K(  0.2%)]
         [Old:               5729( 99.8%)     52.6M( 99.8%)]
   [Table]
      [Memory Usage: 1337.9K]
      [Size: 32768, Min: 1024, Max: 16777216]
      [Entries: 43490, Load: 132.7%, Cached: 2670, Added: 98233, Removed: 54743]
      [Resize Count: 5, Shrink Threshold: 21845(66.7%), Grow Threshold: 65536(200.0%)]
      [Rehash Count: 1, Rehash Threshold: 120, Hash Seed: 0xc4e8cebb]
      [Age Threshold: 3]
   [Queue]
      [Dropped: 0]
2016-06-27T18:02:13.980+0300: 100.238: [GC pause (G1 Evacuation Pause) (mixed)
Desired survivor size 3670016 bytes, new threshold 1 (max 15)
- age   1:    6647392 bytes,    6647392 total
, 0.0292374 secs]
   [Parallel Time: 26.0 ms, GC Workers: 4]
      [GC Worker Start (ms): Min: 100237.8, Avg: 100237.9, Max: 100237.9, Diff: 0.0]
      [Ext Root Scanning (ms): Min: 0.7, Avg: 0.8, Max: 1.0, Diff: 0.2, Sum: 3.3]
      [Update RS (ms): Min: 8.2, Avg: 8.4, Max: 8.4, Diff: 0.3, Sum: 33.4]
         [Processed Buffers: Min: 10, Avg: 14.8, Max: 21, Diff: 11, Sum: 59]
      [Scan RS (ms): Min: 4.0, Avg: 4.1, Max: 4.1, Diff: 0.1, Sum: 16.3]
      [Code Root Scanning (ms): Min: 0.0, Avg: 0.0, Max: 0.0, Diff: 0.0, Sum: 0.0]
      [Object Copy (ms): Min: 12.6, Avg: 12.6, Max: 12.6, Diff: 0.1, Sum: 50.3]
      [Termination (ms): Min: 0.0, Avg: 0.0, Max: 0.0, Diff: 0.0, Sum: 0.0]
         [Termination Attempts: Min: 1, Avg: 4.0, Max: 6, Diff: 5, Sum: 16]
      [GC Worker Other (ms): Min: 0.0, Avg: 0.0, Max: 0.0, Diff: 0.0, Sum: 0.1]
      [GC Worker Total (ms): Min: 25.8, Avg: 25.9, Max: 25.9, Diff: 0.0, Sum: 103.5]
      [GC Worker End (ms): Min: 100263.7, Avg: 100263.7, Max: 100263.7, Diff: 0.0]
   [Code Root Fixup: 0.0 ms]
   [Code Root Purge: 0.0 ms]
   [String Dedup Fixup: 1.1 ms, GC Workers: 4]
      [Queue Fixup (ms): Min: 0.0, Avg: 0.0, Max: 0.0, Diff: 0.0, Sum: 0.0]
      [Table Fixup (ms): Min: 0.8, Avg: 1.0, Max: 1.0, Diff: 0.2, Sum: 3.8]
   [Clear CT: 0.2 ms]
   [Other: 2.0 ms]
      [Choose CSet: 0.2 ms]
      [Ref Proc: 1.1 ms]
      [Ref Enq: 0.0 ms]
      [Redirty Cards: 0.1 ms]
      [Humongous Register: 0.0 ms]
      [Humongous Reclaim: 0.0 ms]
      [Free CSet: 0.4 ms]
   [Eden: 45.0M(45.0M)->0.0B(45.0M) Survivors: 7168.0K->7168.0K Heap: 912.0M(1048.0M)->854.0M(1048.0M)]
 [Times: user=0.13 sys=0.00, real=0.03 secs] 
2016-06-27T18:02:14.010+0300: 100.267: Total time for which application threads were stopped: 0.0390034 seconds, Stopping threads took: 0.0091693 seconds
2016-06-27T18:02:14.015+0300: 100.272: [GC concurrent-string-deduplication, 6965.4K->6765.3K(200.2K), avg 2.8%, 0.0051840 secs]
   [Last Exec: 0.0051840 secs, Idle: 0.3746564 secs, Blocked: 0/0.0000000 secs]
      [Inspected:             349]
         [Skipped:              1(  0.3%)]
         [Hashed:             348( 99.7%)]
         [Known:                0(  0.0%)]
         [New:                348( 99.7%)   6965.4K]
      [Deduplicated:           10(  2.9%)    200.2K(  2.9%)]
         [Young:                0(  0.0%)      0.0B(  0.0%)]
         [Old:                 10(100.0%)    200.2K(100.0%)]
   [Total Exec: 360/1.3633540 secs, Idle: 360/98.6466848 secs, Blocked: 6/0.0132868 secs]
      [Inspected:          105224]
         [Skipped:            834(  0.8%)]
         [Hashed:          103412( 98.3%)]
         [Known:             4493(  4.3%)]
         [New:              99897( 94.9%)   1862.9M]
      [Deduplicated:         5749(  5.8%)     52.8M(  2.8%)]
         [Young:               10(  0.2%)     86.2K(  0.2%)]
         [Old:               5739( 99.8%)     52.8M( 99.8%)]
   [Table]
      [Memory Usage: 1337.9K]
      [Size: 32768, Min: 1024, Max: 16777216]
      [Entries: 43828, Load: 133.8%, Cached: 2332, Added: 98571, Removed: 54743]
      [Resize Count: 5, Shrink Threshold: 21845(66.7%), Grow Threshold: 65536(200.0%)]
      [Rehash Count: 1, Rehash Threshold: 120, Hash Seed: 0xc4e8cebb]
      [Age Threshold: 3]
   [Queue]
      [Dropped: 0]
2016-06-27T18:02:14.244+0300: 100.502: [GC pause (G1 Evacuation Pause) (young)
Desired survivor size 3670016 bytes, new threshold 1 (max 15)
- age   1:    7047888 bytes,    7047888 total
, 0.0198072 secs]
   [Parallel Time: 18.5 ms, GC Workers: 4]
      [GC Worker Start (ms): Min: 100501.8, Avg: 100501.9, Max: 100502.0, Diff: 0.2]
      [Ext Root Scanning (ms): Min: 0.4, Avg: 1.1, Max: 2.2, Diff: 1.7, Sum: 4.2]
      [Update RS (ms): Min: 14.0, Avg: 15.1, Max: 15.7, Diff: 1.6, Sum: 60.2]
         [Processed Buffers: Min: 7, Avg: 14.5, Max: 27, Diff: 20, Sum: 58]
      [Scan RS (ms): Min: 0.0, Avg: 0.0, Max: 0.0, Diff: 0.0, Sum: 0.0]
      [Code Root Scanning (ms): Min: 0.0, Avg: 0.0, Max: 0.0, Diff: 0.0, Sum: 0.0]
      [Object Copy (ms): Min: 2.2, Avg: 2.2, Max: 2.3, Diff: 0.2, Sum: 9.0]
      [Termination (ms): Min: 0.0, Avg: 0.0, Max: 0.0, Diff: 0.0, Sum: 0.0]
         [Termination Attempts: Min: 1, Avg: 1.0, Max: 1, Diff: 0, Sum: 4]
      [GC Worker Other (ms): Min: 0.0, Avg: 0.0, Max: 0.0, Diff: 0.0, Sum: 0.0]
      [GC Worker Total (ms): Min: 18.3, Avg: 18.4, Max: 18.5, Diff: 0.2, Sum: 73.5]
      [GC Worker End (ms): Min: 100520.3, Avg: 100520.3, Max: 100520.3, Diff: 0.0]
   [Code Root Fixup: 0.0 ms]
   [Code Root Purge: 0.0 ms]
   [String Dedup Fixup: 0.7 ms, GC Workers: 4]
      [Queue Fixup (ms): Min: 0.0, Avg: 0.0, Max: 0.0, Diff: 0.0, Sum: 0.0]
      [Table Fixup (ms): Min: 0.6, Avg: 0.7, Max: 0.7, Diff: 0.0, Sum: 2.6]
   [Clear CT: 0.0 ms]
   [Other: 0.6 ms]
      [Choose CSet: 0.0 ms]
      [Ref Proc: 0.1 ms]
      [Ref Enq: 0.0 ms]
      [Redirty Cards: 0.0 ms]
      [Humongous Register: 0.0 ms]
      [Humongous Reclaim: 0.0 ms]
      [Free CSet: 0.1 ms]
   [Eden: 45.0M(45.0M)->0.0B(45.0M) Survivors: 7168.0K->7168.0K Heap: 899.0M(1048.0M)->863.0M(1048.0M)]
 [Times: user=0.05 sys=0.00, real=0.02 secs] 
2016-06-27T18:02:14.264+0300: 100.522: Total time for which application threads were stopped: 0.0320223 seconds, Stopping threads took: 0.0115552 seconds
2016-06-27T18:02:14.269+0300: 100.527: [GC concurrent-string-deduplication, 6945.4K->6645.2K(300.2K), avg 2.8%, 0.0049903 secs]
   [Last Exec: 0.0049903 secs, Idle: 0.2492763 secs, Blocked: 0/0.0000000 secs]
      [Inspected:             348]
         [Skipped:              1(  0.3%)]
         [Hashed:             347( 99.7%)]
         [Known:                0(  0.0%)]
         [New:                347( 99.7%)   6945.4K]
      [Deduplicated:           15(  4.3%)    300.2K(  4.3%)]
         [Young:                0(  0.0%)      0.0B(  0.0%)]
         [Old:                 15(100.0%)    300.2K(100.0%)]
   [Total Exec: 361/1.3683443 secs, Idle: 361/98.8959611 secs, Blocked: 6/0.0132868 secs]
      [Inspected:          105572]
         [Skipped:            835(  0.8%)]
         [Hashed:          103759( 98.3%)]
         [Known:             4493(  4.3%)]
         [New:             100244( 95.0%)   1869.7M]
      [Deduplicated:         5764(  5.7%)     53.1M(  2.8%)]
         [Young:               10(  0.2%)     86.2K(  0.2%)]
         [Old:               5754( 99.8%)     53.1M( 99.8%)]
   [Table]
      [Memory Usage: 1337.9K]
      [Size: 32768, Min: 1024, Max: 16777216]
      [Entries: 44160, Load: 134.8%, Cached: 2000, Added: 98903, Removed: 54743]
      [Resize Count: 5, Shrink Threshold: 21845(66.7%), Grow Threshold: 65536(200.0%)]
      [Rehash Count: 1, Rehash Threshold: 120, Hash Seed: 0xc4e8cebb]
      [Age Threshold: 3]
   [Queue]
      [Dropped: 0]
2016-06-27T18:02:14.538+0300: 100.795: [GC pause (G1 Evacuation Pause) (young) (initial-mark)
Desired survivor size 3670016 bytes, new threshold 1 (max 15)
- age   1:    6976280 bytes,    6976280 total
, 0.0066060 secs]
   [Parallel Time: 5.1 ms, GC Workers: 4]
      [GC Worker Start (ms): Min: 100795.3, Avg: 100795.3, Max: 100795.3, Diff: 0.1]
      [Ext Root Scanning (ms): Min: 0.5, Avg: 0.8, Max: 1.3, Diff: 0.8, Sum: 3.2]
      [Update RS (ms): Min: 1.0, Avg: 1.7, Max: 3.5, Diff: 2.5, Sum: 6.9]
         [Processed Buffers: Min: 1, Avg: 7.5, Max: 14, Diff: 13, Sum: 30]
      [Scan RS (ms): Min: 0.0, Avg: 0.0, Max: 0.0, Diff: 0.0, Sum: 0.0]
      [Code Root Scanning (ms): Min: 0.0, Avg: 0.0, Max: 0.0, Diff: 0.0, Sum: 0.0]
      [Object Copy (ms): Min: 0.2, Avg: 2.3, Max: 3.0, Diff: 2.8, Sum: 9.0]
      [Termination (ms): Min: 0.0, Avg: 0.2, Max: 0.3, Diff: 0.3, Sum: 0.7]
         [Termination Attempts: Min: 1, Avg: 1.0, Max: 1, Diff: 0, Sum: 4]
      [GC Worker Other (ms): Min: 0.0, Avg: 0.0, Max: 0.0, Diff: 0.0, Sum: 0.0]
      [GC Worker Total (ms): Min: 4.9, Avg: 5.0, Max: 5.0, Diff: 0.1, Sum: 19.9]
      [GC Worker End (ms): Min: 100800.3, Avg: 100800.3, Max: 100800.3, Diff: 0.0]
   [Code Root Fixup: 0.0 ms]
   [Code Root Purge: 0.0 ms]
   [String Dedup Fixup: 0.8 ms, GC Workers: 4]
      [Queue Fixup (ms): Min: 0.0, Avg: 0.0, Max: 0.0, Diff: 0.0, Sum: 0.0]
      [Table Fixup (ms): Min: 0.0, Avg: 0.5, Max: 0.8, Diff: 0.8, Sum: 2.1]
   [Clear CT: 0.1 ms]
   [Other: 0.6 ms]
      [Choose CSet: 0.0 ms]
      [Ref Proc: 0.1 ms]
      [Ref Enq: 0.0 ms]
      [Redirty Cards: 0.0 ms]
      [Humongous Register: 0.0 ms]
      [Humongous Reclaim: 0.0 ms]
      [Free CSet: 0.1 ms]
   [Eden: 45.0M(45.0M)->0.0B(60.0M) Survivors: 7168.0K->7168.0K Heap: 908.0M(1048.0M)->872.0M(1048.0M)]
 [Times: user=0.00 sys=0.00, real=0.01 secs] 
2016-06-27T18:02:14.544+0300: 100.802: [GC concurrent-root-region-scan-start]
2016-06-27T18:02:14.544+0300: 100.802: Total time for which application threads were stopped: 0.0176938 seconds, Stopping threads took: 0.0104536 seconds
2016-06-27T18:02:14.545+0300: 100.802: [GC concurrent-root-region-scan-end, 0.0006667 secs]
2016-06-27T18:02:14.545+0300: 100.803: [GC concurrent-mark-start]
2016-06-27T18:02:14.550+0300: 100.807: [GC concurrent-string-deduplication, 7408.8K->7185.6K(223.2K), avg 2.8%, 0.0054633 secs]
   [Last Exec: 0.0054633 secs, Idle: 0.2751896 secs, Blocked: 0/0.0000000 secs]
      [Inspected:             373]
         [Skipped:              0(  0.0%)]
         [Hashed:             373(100.0%)]
         [Known:                0(  0.0%)]
         [New:                373(100.0%)   7408.8K]
      [Deduplicated:           14(  3.8%)    223.2K(  3.0%)]
         [Young:                0(  0.0%)      0.0B(  0.0%)]
         [Old:                 14(100.0%)    223.2K(100.0%)]
   [Total Exec: 362/1.3738075 secs, Idle: 362/99.1711507 secs, Blocked: 6/0.0132868 secs]
      [Inspected:          105945]
         [Skipped:            835(  0.8%)]
         [Hashed:          104132( 98.3%)]
         [Known:             4493(  4.2%)]
         [New:             100617( 95.0%)   1876.9M]
      [Deduplicated:         5778(  5.7%)     53.4M(  2.8%)]
         [Young:               10(  0.2%)     86.2K(  0.2%)]
         [Old:               5768( 99.8%)     53.3M( 99.8%)]
   [Table]
      [Memory Usage: 1337.9K]
      [Size: 32768, Min: 1024, Max: 16777216]
      [Entries: 44519, Load: 135.9%, Cached: 1641, Added: 99262, Removed: 54743]
      [Resize Count: 5, Shrink Threshold: 21845(66.7%), Grow Threshold: 65536(200.0%)]
      [Rehash Count: 1, Rehash Threshold: 120, Hash Seed: 0xc4e8cebb]
      [Age Threshold: 3]
   [Queue]
      [Dropped: 0]
2016-06-27T18:02:14.611+0300: 100.868: [GC concurrent-mark-end, 0.0656304 secs]
2016-06-27T18:02:14.638+0300: 100.895: [GC remark 2016-06-27T18:02:14.638+0300: 100.895: [Finalize Marking, 0.0001903 secs] 2016-06-27T18:02:14.638+0300: 100.895: [GC ref-proc, 0.0000860 secs] 2016-06-27T18:02:14.638+0300: 100.895: [Unloading, 0.0029996 secs], 0.0071393 secs]
 [Times: user=0.00 sys=0.00, real=0.01 secs] 
2016-06-27T18:02:14.645+0300: 100.902: Total time for which application threads were stopped: 0.0158198 seconds, Stopping threads took: 0.0082636 seconds
2016-06-27T18:02:14.646+0300: 100.904: [GC cleanup 889M->889M(1048M), 0.0020934 secs]
 [Times: user=0.00 sys=0.00, real=0.00 secs] 
2016-06-27T18:02:14.649+0300: 100.906: Total time for which application threads were stopped: 0.0026651 seconds, Stopping threads took: 0.0001343 seconds
2016-06-27T18:02:14.988+0300: 101.245: [GC pause (G1 Evacuation Pause) (young)
Desired survivor size 4718592 bytes, new threshold 1 (max 15)
- age   1:    6895160 bytes,    6895160 total
, 0.0053401 secs]
   [Parallel Time: 4.1 ms, GC Workers: 4]
      [GC Worker Start (ms): Min: 101245.0, Avg: 101245.0, Max: 101245.1, Diff: 0.0]
      [Ext Root Scanning (ms): Min: 0.5, Avg: 0.5, Max: 0.6, Diff: 0.1, Sum: 2.1]
      [Update RS (ms): Min: 0.5, Avg: 0.6, Max: 0.6, Diff: 0.1, Sum: 2.2]
         [Processed Buffers: Min: 4, Avg: 10.0, Max: 19, Diff: 15, Sum: 40]
      [Scan RS (ms): Min: 0.0, Avg: 0.0, Max: 0.0, Diff: 0.0, Sum: 0.0]
      [Code Root Scanning (ms): Min: 0.0, Avg: 0.0, Max: 0.0, Diff: 0.0, Sum: 0.0]
      [Object Copy (ms): Min: 2.9, Avg: 2.9, Max: 3.0, Diff: 0.1, Sum: 11.7]
      [Termination (ms): Min: 0.0, Avg: 0.0, Max: 0.0, Diff: 0.0, Sum: 0.0]
         [Termination Attempts: Min: 1, Avg: 1.0, Max: 1, Diff: 0, Sum: 4]
      [GC Worker Other (ms): Min: 0.0, Avg: 0.0, Max: 0.0, Diff: 0.0, Sum: 0.1]
      [GC Worker Total (ms): Min: 4.0, Avg: 4.0, Max: 4.0, Diff: 0.0, Sum: 16.1]
      [GC Worker End (ms): Min: 101249.1, Avg: 101249.1, Max: 101249.1, Diff: 0.0]
   [Code Root Fixup: 0.0 ms]
   [Code Root Purge: 0.0 ms]
   [String Dedup Fixup: 0.7 ms, GC Workers: 4]
      [Queue Fixup (ms): Min: 0.0, Avg: 0.0, Max: 0.0, Diff: 0.0, Sum: 0.0]
      [Table Fixup (ms): Min: 0.2, Avg: 0.6, Max: 0.7, Diff: 0.5, Sum: 2.3]
   [Clear CT: 0.0 ms]
   [Other: 0.5 ms]
      [Choose CSet: 0.0 ms]
      [Ref Proc: 0.1 ms]
      [Ref Enq: 0.0 ms]
      [Redirty Cards: 0.0 ms]
      [Humongous Register: 0.0 ms]
      [Humongous Reclaim: 0.0 ms]
      [Free CSet: 0.1 ms]
   [Eden: 60.0M(60.0M)->0.0B(43.0M) Survivors: 7168.0K->9216.0K Heap: 932.0M(1048.0M)->882.5M(1048.0M)]
 [Times: user=0.06 sys=0.00, real=0.01 secs] 
2016-06-27T18:02:14.993+0300: 101.250: Total time for which application threads were stopped: 0.0107713 seconds, Stopping threads took: 0.0047512 seconds
2016-06-27T18:02:14.999+0300: 101.256: [GC concurrent-string-deduplication, 7513.0K->7265.7K(247.3K), avg 2.8%, 0.0053735 secs]
   [Last Exec: 0.0053735 secs, Idle: 0.4430687 secs, Blocked: 0/0.0000000 secs]
      [Inspected:             383]
         [Skipped:              1(  0.3%)]
         [Hashed:             382( 99.7%)]
         [Known:                0(  0.0%)]
         [New:                382( 99.7%)   7513.0K]
      [Deduplicated:           19(  5.0%)    247.3K(  3.3%)]
         [Young:                0(  0.0%)      0.0B(  0.0%)]
         [Old:                 19(100.0%)    247.3K(100.0%)]
   [Total Exec: 363/1.3791810 secs, Idle: 363/99.6142194 secs, Blocked: 6/0.0132868 secs]
      [Inspected:          106328]
         [Skipped:            836(  0.8%)]
         [Hashed:          104514( 98.3%)]
         [Known:             4493(  4.2%)]
         [New:             100999( 95.0%)   1884.3M]
      [Deduplicated:         5797(  5.7%)     53.6M(  2.8%)]
         [Young:               10(  0.2%)     86.2K(  0.2%)]
         [Old:               5787( 99.8%)     53.5M( 99.8%)]
   [Table]
      [Memory Usage: 1337.4K]
      [Size: 32768, Min: 1024, Max: 16777216]
      [Entries: 42863, Load: 130.8%, Cached: 3276, Added: 99625, Removed: 56762]
      [Resize Count: 5, Shrink Threshold: 21845(66.7%), Grow Threshold: 65536(200.0%)]
      [Rehash Count: 1, Rehash Threshold: 120, Hash Seed: 0xc4e8cebb]
      [Age Threshold: 3]
   [Queue]
      [Dropped: 0]
2016-06-27T18:02:15.286+0300: 101.544: [GC pause (G1 Evacuation Pause) (mixed)
Desired survivor size 3670016 bytes, new threshold 1 (max 15)
- age   1:    9180392 bytes,    9180392 total
, 0.0259702 secs]
   [Parallel Time: 23.1 ms, GC Workers: 4]
      [GC Worker Start (ms): Min: 101543.9, Avg: 101543.9, Max: 101543.9, Diff: 0.1]
      [Ext Root Scanning (ms): Min: 0.6, Avg: 6.1, Max: 22.4, Diff: 21.8, Sum: 24.5]
      [Update RS (ms): Min: 0.0, Avg: 0.6, Max: 0.9, Diff: 0.9, Sum: 2.5]
         [Processed Buffers: Min: 0, Avg: 8.3, Max: 25, Diff: 25, Sum: 33]
      [Scan RS (ms): Min: 0.0, Avg: 4.0, Max: 5.4, Diff: 5.3, Sum: 15.8]
      [Code Root Scanning (ms): Min: 0.0, Avg: 0.0, Max: 0.2, Diff: 0.2, Sum: 0.2]
      [Object Copy (ms): Min: 0.1, Avg: 11.7, Max: 15.5, Diff: 15.4, Sum: 46.7]
      [Termination (ms): Min: 0.0, Avg: 0.5, Max: 0.7, Diff: 0.7, Sum: 2.2]
         [Termination Attempts: Min: 1, Avg: 1.0, Max: 1, Diff: 0, Sum: 4]
      [GC Worker Other (ms): Min: 0.0, Avg: 0.0, Max: 0.0, Diff: 0.0, Sum: 0.0]
      [GC Worker Total (ms): Min: 22.6, Avg: 23.0, Max: 23.1, Diff: 0.5, Sum: 91.9]
      [GC Worker End (ms): Min: 101566.5, Avg: 101566.9, Max: 101567.0, Diff: 0.5]
   [Code Root Fixup: 0.0 ms]
   [Code Root Purge: 0.0 ms]
   [String Dedup Fixup: 1.0 ms, GC Workers: 4]
      [Queue Fixup (ms): Min: 0.0, Avg: 0.0, Max: 0.0, Diff: 0.0, Sum: 0.0]
      [Table Fixup (ms): Min: 0.0, Avg: 0.7, Max: 0.9, Diff: 0.9, Sum: 2.8]
   [Clear CT: 0.3 ms]
   [Other: 1.5 ms]
      [Choose CSet: 0.2 ms]
      [Ref Proc: 0.4 ms]
      [Ref Enq: 0.0 ms]
      [Redirty Cards: 0.1 ms]
      [Humongous Register: 0.0 ms]
      [Humongous Reclaim: 0.0 ms]
      [Free CSet: 0.5 ms]
   [Eden: 43.0M(43.0M)->0.0B(45.0M) Survivors: 9216.0K->7168.0K Heap: 925.5M(1048.0M)->852.0M(1048.0M)]
 [Times: user=0.05 sys=0.00, real=0.03 secs] 
2016-06-27T18:02:15.312+0300: 101.570: Total time for which application threads were stopped: 0.0392129 seconds, Stopping threads took: 0.0125269 seconds
2016-06-27T18:02:15.319+0300: 101.576: [GC concurrent-string-deduplication, 8648.8K->8406.6K(242.2K), avg 2.8%, 0.0062147 secs]
   [Last Exec: 0.0062147 secs, Idle: 0.3139039 secs, Blocked: 0/0.0000000 secs]
      [Inspected:             435]
         [Skipped:              1(  0.2%)]
         [Hashed:             434( 99.8%)]
         [Known:                0(  0.0%)]
         [New:                434( 99.8%)   8648.8K]
      [Deduplicated:           14(  3.2%)    242.2K(  2.8%)]
         [Young:                0(  0.0%)      0.0B(  0.0%)]
         [Old:                 14(100.0%)    242.2K(100.0%)]
   [Total Exec: 364/1.3853957 secs, Idle: 364/99.9281233 secs, Blocked: 6/0.0132868 secs]
      [Inspected:          106763]
         [Skipped:            837(  0.8%)]
         [Hashed:          104948( 98.3%)]
         [Known:             4493(  4.2%)]
         [New:             101433( 95.0%)   1892.7M]
      [Deduplicated:         5811(  5.7%)     53.8M(  2.8%)]
         [Young:               10(  0.2%)     86.2K(  0.2%)]
         [Old:               5801( 99.8%)     53.7M( 99.8%)]
   [Table]
      [Memory Usage: 1337.4K]
      [Size: 32768, Min: 1024, Max: 16777216]
      [Entries: 43283, Load: 132.1%, Cached: 2856, Added: 100045, Removed: 56762]
      [Resize Count: 5, Shrink Threshold: 21845(66.7%), Grow Threshold: 65536(200.0%)]
      [Rehash Count: 1, Rehash Threshold: 120, Hash Seed: 0xc4e8cebb]
      [Age Threshold: 3]
   [Queue]
      [Dropped: 0]
2016-06-27T18:02:15.628+0300: 101.885: [GC pause (G1 Evacuation Pause) (mixed)
Desired survivor size 3670016 bytes, new threshold 1 (max 15)
- age   1:    7180896 bytes,    7180896 total
, 0.0306085 secs]
   [Parallel Time: 28.5 ms, GC Workers: 4]
      [GC Worker Start (ms): Min: 101885.1, Avg: 101885.2, Max: 101885.3, Diff: 0.2]
      [Ext Root Scanning (ms): Min: 0.5, Avg: 0.7, Max: 1.0, Diff: 0.4, Sum: 2.7]
      [Update RS (ms): Min: 15.7, Avg: 18.7, Max: 27.4, Diff: 11.7, Sum: 74.7]
         [Processed Buffers: Min: 9, Avg: 16.3, Max: 21, Diff: 12, Sum: 65]
      [Scan RS (ms): Min: 0.0, Avg: 2.7, Max: 3.6, Diff: 3.6, Sum: 10.8]
      [Code Root Scanning (ms): Min: 0.0, Avg: 0.0, Max: 0.0, Diff: 0.0, Sum: 0.1]
      [Object Copy (ms): Min: 0.1, Avg: 5.7, Max: 7.6, Diff: 7.6, Sum: 22.8]
      [Termination (ms): Min: 0.0, Avg: 0.7, Max: 0.9, Diff: 0.9, Sum: 2.6]
         [Termination Attempts: Min: 1, Avg: 8.8, Max: 13, Diff: 12, Sum: 35]
      [GC Worker Other (ms): Min: 0.0, Avg: 0.0, Max: 0.0, Diff: 0.0, Sum: 0.0]
      [GC Worker Total (ms): Min: 28.3, Avg: 28.5, Max: 28.5, Diff: 0.2, Sum: 113.8]
      [GC Worker End (ms): Min: 101913.6, Avg: 101913.6, Max: 101913.6, Diff: 0.0]
   [Code Root Fixup: 0.0 ms]
   [Code Root Purge: 0.0 ms]
   [String Dedup Fixup: 0.9 ms, GC Workers: 4]
      [Queue Fixup (ms): Min: 0.0, Avg: 0.0, Max: 0.0, Diff: 0.0, Sum: 0.0]
      [Table Fixup (ms): Min: 0.5, Avg: 0.7, Max: 0.9, Diff: 0.4, Sum: 2.9]
   [Clear CT: 0.3 ms]
   [Other: 0.9 ms]
      [Choose CSet: 0.1 ms]
      [Ref Proc: 0.1 ms]
      [Ref Enq: 0.0 ms]
      [Redirty Cards: 0.1 ms]
      [Humongous Register: 0.0 ms]
      [Humongous Reclaim: 0.0 ms]
      [Free CSet: 0.3 ms]
   [Eden: 45.0M(45.0M)->0.0B(45.0M) Survivors: 7168.0K->7168.0K Heap: 897.0M(1048.0M)->850.0M(1048.0M)]
 [Times: user=0.09 sys=0.00, real=0.03 secs] 
2016-06-27T18:02:15.659+0300: 101.916: Total time for which application threads were stopped: 0.0512693 seconds, Stopping threads took: 0.0199360 seconds
2016-06-27T18:02:15.664+0300: 101.921: [GC concurrent-string-deduplication, 7576.1K->7325.7K(250.3K), avg 2.8%, 0.0054526 secs]
   [Last Exec: 0.0054526 secs, Idle: 0.3396568 secs, Blocked: 0/0.0000000 secs]
      [Inspected:             389]
         [Skipped:              1(  0.3%)]
         [Hashed:             388( 99.7%)]
         [Known:                0(  0.0%)]
         [New:                388( 99.7%)   7576.1K]
      [Deduplicated:           22(  5.7%)    250.3K(  3.3%)]
         [Young:                0(  0.0%)      0.0B(  0.0%)]
         [Old:                 22(100.0%)    250.3K(100.0%)]
   [Total Exec: 365/1.3908483 secs, Idle: 365/100.2677801 secs, Blocked: 6/0.0132868 secs]
      [Inspected:          107152]
         [Skipped:            838(  0.8%)]
         [Hashed:          105336( 98.3%)]
         [Known:             4493(  4.2%)]
         [New:             101821( 95.0%)   1900.1M]
      [Deduplicated:         5833(  5.7%)     54.1M(  2.8%)]
         [Young:               10(  0.2%)     86.2K(  0.2%)]
         [Old:               5823( 99.8%)     54.0M( 99.8%)]
   [Table]
      [Memory Usage: 1337.4K]
      [Size: 32768, Min: 1024, Max: 16777216]
      [Entries: 43649, Load: 133.2%, Cached: 2490, Added: 100411, Removed: 56762]
      [Resize Count: 5, Shrink Threshold: 21845(66.7%), Grow Threshold: 65536(200.0%)]
      [Rehash Count: 1, Rehash Threshold: 120, Hash Seed: 0xc4e8cebb]
      [Age Threshold: 3]
   [Queue]
      [Dropped: 0]
2016-06-27T18:02:16.035+0300: 102.293: [GC pause (G1 Evacuation Pause) (young)
Desired survivor size 3670016 bytes, new threshold 1 (max 15)
- age   1:    6772360 bytes,    6772360 total
, 0.0124674 secs]
   [Parallel Time: 11.3 ms, GC Workers: 4]
      [GC Worker Start (ms): Min: 102292.8, Avg: 102292.9, Max: 102293.0, Diff: 0.2]
      [Ext Root Scanning (ms): Min: 0.5, Avg: 0.8, Max: 1.3, Diff: 0.7, Sum: 3.1]
      [Update RS (ms): Min: 7.9, Avg: 8.3, Max: 8.4, Diff: 0.5, Sum: 33.1]
         [Processed Buffers: Min: 7, Avg: 14.3, Max: 22, Diff: 15, Sum: 57]
      [Scan RS (ms): Min: 0.0, Avg: 0.0, Max: 0.0, Diff: 0.0, Sum: 0.0]
      [Code Root Scanning (ms): Min: 0.0, Avg: 0.0, Max: 0.0, Diff: 0.0, Sum: 0.0]
      [Object Copy (ms): Min: 2.1, Avg: 2.2, Max: 2.2, Diff: 0.2, Sum: 8.7]
      [Termination (ms): Min: 0.0, Avg: 0.0, Max: 0.0, Diff: 0.0, Sum: 0.0]
         [Termination Attempts: Min: 1, Avg: 1.0, Max: 1, Diff: 0, Sum: 4]
      [GC Worker Other (ms): Min: 0.0, Avg: 0.0, Max: 0.0, Diff: 0.0, Sum: 0.1]
      [GC Worker Total (ms): Min: 11.1, Avg: 11.2, Max: 11.3, Diff: 0.2, Sum: 45.0]
      [GC Worker End (ms): Min: 102304.1, Avg: 102304.1, Max: 102304.1, Diff: 0.0]
   [Code Root Fixup: 0.0 ms]
   [Code Root Purge: 0.0 ms]
   [String Dedup Fixup: 0.5 ms, GC Workers: 4]
      [Queue Fixup (ms): Min: 0.0, Avg: 0.0, Max: 0.0, Diff: 0.0, Sum: 0.0]
      [Table Fixup (ms): Min: 0.5, Avg: 0.5, Max: 0.5, Diff: 0.0, Sum: 2.1]
   [Clear CT: 0.0 ms]
   [Other: 0.6 ms]
      [Choose CSet: 0.0 ms]
      [Ref Proc: 0.1 ms]
      [Ref Enq: 0.0 ms]
      [Redirty Cards: 0.0 ms]
      [Humongous Register: 0.0 ms]
      [Humongous Reclaim: 0.0 ms]
      [Free CSet: 0.1 ms]
   [Eden: 45.0M(45.0M)->0.0B(45.0M) Survivors: 7168.0K->7168.0K Heap: 895.0M(1048.0M)->858.5M(1048.0M)]
 [Times: user=0.05 sys=0.00, real=0.01 secs] 
2016-06-27T18:02:16.048+0300: 102.305: Total time for which application threads were stopped: 0.0331770 seconds, Stopping threads took: 0.0199715 seconds
2016-06-27T18:02:16.053+0300: 102.310: [GC concurrent-string-deduplication, 7125.6K->6925.4K(200.2K), avg 2.8%, 0.0050467 secs]
   [Last Exec: 0.0050467 secs, Idle: 0.3839823 secs, Blocked: 0/0.0000000 secs]
      [Inspected:             356]
         [Skipped:              0(  0.0%)]
         [Hashed:             356(100.0%)]
         [Known:                0(  0.0%)]
         [New:                356(100.0%)   7125.6K]
      [Deduplicated:           10(  2.8%)    200.2K(  2.8%)]
         [Young:                0(  0.0%)      0.0B(  0.0%)]
         [Old:                 10(100.0%)    200.2K(100.0%)]
   [Total Exec: 366/1.3958950 secs, Idle: 366/100.6517623 secs, Blocked: 6/0.0132868 secs]
      [Inspected:          107508]
         [Skipped:            838(  0.8%)]
         [Hashed:          105692( 98.3%)]
         [Known:             4493(  4.2%)]
         [New:             102177( 95.0%)   1907.1M]
      [Deduplicated:         5843(  5.7%)     54.3M(  2.8%)]
         [Young:               10(  0.2%)     86.2K(  0.2%)]
         [Old:               5833( 99.8%)     54.2M( 99.8%)]
   [Table]
      [Memory Usage: 1337.4K]
      [Size: 32768, Min: 1024, Max: 16777216]
      [Entries: 43995, Load: 134.3%, Cached: 2144, Added: 100757, Removed: 56762]
      [Resize Count: 5, Shrink Threshold: 21845(66.7%), Grow Threshold: 65536(200.0%)]
      [Rehash Count: 1, Rehash Threshold: 120, Hash Seed: 0xc4e8cebb]
      [Age Threshold: 3]
   [Queue]
      [Dropped: 0]
2016-06-27T18:02:16.405+0300: 102.662: [GC pause (G1 Evacuation Pause) (young) (initial-mark)
Desired survivor size 3670016 bytes, new threshold 1 (max 15)
- age   1:    6963104 bytes,    6963104 total
, 0.0052353 secs]
   [Parallel Time: 4.0 ms, GC Workers: 4]
      [GC Worker Start (ms): Min: 102662.8, Avg: 102662.8, Max: 102662.8, Diff: 0.0]
      [Ext Root Scanning (ms): Min: 0.5, Avg: 0.6, Max: 0.6, Diff: 0.1, Sum: 2.3]
      [Update RS (ms): Min: 0.7, Avg: 0.7, Max: 0.8, Diff: 0.2, Sum: 2.8]
         [Processed Buffers: Min: 4, Avg: 9.3, Max: 14, Diff: 10, Sum: 37]
      [Scan RS (ms): Min: 0.0, Avg: 0.0, Max: 0.0, Diff: 0.0, Sum: 0.0]
      [Code Root Scanning (ms): Min: 0.0, Avg: 0.0, Max: 0.0, Diff: 0.0, Sum: 0.0]
      [Object Copy (ms): Min: 2.5, Avg: 2.6, Max: 2.7, Diff: 0.2, Sum: 10.6]
      [Termination (ms): Min: 0.0, Avg: 0.0, Max: 0.0, Diff: 0.0, Sum: 0.0]
         [Termination Attempts: Min: 1, Avg: 1.0, Max: 1, Diff: 0, Sum: 4]
      [GC Worker Other (ms): Min: 0.0, Avg: 0.0, Max: 0.0, Diff: 0.0, Sum: 0.1]
      [GC Worker Total (ms): Min: 3.9, Avg: 3.9, Max: 4.0, Diff: 0.1, Sum: 15.7]
      [GC Worker End (ms): Min: 102666.7, Avg: 102666.7, Max: 102666.7, Diff: 0.0]
   [Code Root Fixup: 0.0 ms]
   [Code Root Purge: 0.0 ms]
   [String Dedup Fixup: 0.5 ms, GC Workers: 4]
      [Queue Fixup (ms): Min: 0.0, Avg: 0.0, Max: 0.0, Diff: 0.0, Sum: 0.0]
      [Table Fixup (ms): Min: 0.5, Avg: 0.5, Max: 0.5, Diff: 0.0, Sum: 2.1]
   [Clear CT: 0.0 ms]
   [Other: 0.7 ms]
      [Choose CSet: 0.0 ms]
      [Ref Proc: 0.1 ms]
      [Ref Enq: 0.0 ms]
      [Redirty Cards: 0.0 ms]
      [Humongous Register: 0.0 ms]
      [Humongous Reclaim: 0.0 ms]
      [Free CSet: 0.1 ms]
   [Eden: 45.0M(45.0M)->0.0B(64.0M) Survivors: 7168.0K->7168.0K Heap: 903.5M(1048.0M)->867.0M(1048.0M)]
 [Times: user=0.02 sys=0.00, real=0.01 secs] 
2016-06-27T18:02:16.411+0300: 102.668: [GC concurrent-root-region-scan-start]
2016-06-27T18:02:16.411+0300: 102.668: Total time for which application threads were stopped: 0.0132128 seconds, Stopping threads took: 0.0072248 seconds
2016-06-27T18:02:16.411+0300: 102.669: [GC concurrent-root-region-scan-end, 0.0007150 secs]
2016-06-27T18:02:16.411+0300: 102.669: [GC concurrent-mark-start]
2016-06-27T18:02:16.416+0300: 102.673: [GC concurrent-string-deduplication, 6986.5K->6705.2K(281.2K), avg 2.9%, 0.0050925 secs]
   [Last Exec: 0.0050925 secs, Idle: 0.3575460 secs, Blocked: 0/0.0000000 secs]
      [Inspected:             352]
         [Skipped:              2(  0.6%)]
         [Hashed:             350( 99.4%)]
         [Known:                0(  0.0%)]
         [New:                350( 99.4%)   6986.5K]
      [Deduplicated:           15(  4.3%)    281.2K(  4.0%)]
         [Young:                0(  0.0%)      0.0B(  0.0%)]
         [Old:                 15(100.0%)    281.2K(100.0%)]
   [Total Exec: 367/1.4009875 secs, Idle: 367/101.0093083 secs, Blocked: 6/0.0132868 secs]
      [Inspected:          107860]
         [Skipped:            840(  0.8%)]
         [Hashed:          106042( 98.3%)]
         [Known:             4493(  4.2%)]
         [New:             102527( 95.1%)   1913.9M]
      [Deduplicated:         5858(  5.7%)     54.5M(  2.9%)]
         [Young:               10(  0.2%)     86.2K(  0.2%)]
         [Old:               5848( 99.8%)     54.5M( 99.8%)]
   [Table]
      [Memory Usage: 1337.4K]
      [Size: 32768, Min: 1024, Max: 16777216]
      [Entries: 44330, Load: 135.3%, Cached: 1809, Added: 101092, Removed: 56762]
      [Resize Count: 5, Shrink Threshold: 21845(66.7%), Grow Threshold: 65536(200.0%)]
      [Rehash Count: 1, Rehash Threshold: 120, Hash Seed: 0xc4e8cebb]
      [Age Threshold: 3]
   [Queue]
      [Dropped: 0]
2016-06-27T18:02:16.470+0300: 102.727: [GC concurrent-mark-end, 0.0586866 secs]
2016-06-27T18:02:16.495+0300: 102.752: [GC remark 2016-06-27T18:02:16.495+0300: 102.752: [Finalize Marking, 0.0002463 secs] 2016-06-27T18:02:16.495+0300: 102.752: [GC ref-proc, 0.0000911 secs] 2016-06-27T18:02:16.495+0300: 102.752: [Unloading, 0.0036231 secs], 0.0076118 secs]
 [Times: user=0.00 sys=0.00, real=0.01 secs] 
2016-06-27T18:02:16.502+0300: 102.760: Total time for which application threads were stopped: 0.0132474 seconds, Stopping threads took: 0.0050925 seconds
2016-06-27T18:02:16.504+0300: 102.761: [GC cleanup 879M->879M(1048M), 0.0019475 secs]
 [Times: user=0.06 sys=0.00, real=0.00 secs] 
2016-06-27T18:02:16.506+0300: 102.763: Total time for which application threads were stopped: 0.0026891 seconds, Stopping threads took: 0.0001753 seconds
2016-06-27T18:02:16.892+0300: 103.149: [GC pause (G1 Evacuation Pause) (young)
Desired survivor size 4718592 bytes, new threshold 1 (max 15)
- age   1:    7100120 bytes,    7100120 total
, 0.0062048 secs]
   [Parallel Time: 4.8 ms, GC Workers: 4]
      [GC Worker Start (ms): Min: 103149.3, Avg: 103149.4, Max: 103149.5, Diff: 0.2]
      [Ext Root Scanning (ms): Min: 0.6, Avg: 0.7, Max: 1.0, Diff: 0.3, Sum: 3.0]
      [Update RS (ms): Min: 0.6, Avg: 1.0, Max: 1.2, Diff: 0.5, Sum: 4.0]
         [Processed Buffers: Min: 4, Avg: 16.3, Max: 30, Diff: 26, Sum: 65]
      [Scan RS (ms): Min: 0.0, Avg: 0.0, Max: 0.0, Diff: 0.0, Sum: 0.0]
      [Code Root Scanning (ms): Min: 0.0, Avg: 0.0, Max: 0.0, Diff: 0.0, Sum: 0.0]
      [Object Copy (ms): Min: 2.8, Avg: 2.9, Max: 2.9, Diff: 0.1, Sum: 11.4]
      [Termination (ms): Min: 0.0, Avg: 0.0, Max: 0.1, Diff: 0.1, Sum: 0.1]
         [Termination Attempts: Min: 1, Avg: 1.0, Max: 1, Diff: 0, Sum: 4]
      [GC Worker Other (ms): Min: 0.0, Avg: 0.0, Max: 0.0, Diff: 0.0, Sum: 0.0]
      [GC Worker Total (ms): Min: 4.6, Avg: 4.7, Max: 4.7, Diff: 0.2, Sum: 18.7]
      [GC Worker End (ms): Min: 103154.1, Avg: 103154.1, Max: 103154.1, Diff: 0.0]
   [Code Root Fixup: 0.0 ms]
   [Code Root Purge: 0.0 ms]
   [String Dedup Fixup: 0.8 ms, GC Workers: 4]
      [Queue Fixup (ms): Min: 0.0, Avg: 0.0, Max: 0.0, Diff: 0.0, Sum: 0.0]
      [Table Fixup (ms): Min: 0.2, Avg: 0.6, Max: 0.7, Diff: 0.5, Sum: 2.3]
   [Clear CT: 0.0 ms]
   [Other: 0.6 ms]
      [Choose CSet: 0.0 ms]
      [Ref Proc: 0.1 ms]
      [Ref Enq: 0.0 ms]
      [Redirty Cards: 0.0 ms]
      [Humongous Register: 0.1 ms]
      [Humongous Reclaim: 0.0 ms]
      [Free CSet: 0.1 ms]
   [Eden: 64.0M(64.0M)->0.0B(43.0M) Survivors: 7168.0K->9216.0K Heap: 931.0M(1048.0M)->879.0M(1048.0M)]
 [Times: user=0.06 sys=0.00, real=0.01 secs] 
2016-06-27T18:02:16.898+0300: 103.156: Total time for which application threads were stopped: 0.0140540 seconds, Stopping threads took: 0.0069310 seconds
2016-06-27T18:02:16.904+0300: 103.161: [GC concurrent-string-deduplication, 8131.4K->7966.2K(165.2K), avg 2.8%, 0.0057070 secs]
   [Last Exec: 0.0057070 secs, Idle: 0.4823791 secs, Blocked: 0/0.0000000 secs]
      [Inspected:             412]
         [Skipped:              1(  0.2%)]
         [Hashed:             411( 99.8%)]
         [Known:                0(  0.0%)]
         [New:                411( 99.8%)   8131.4K]
      [Deduplicated:           13(  3.2%)    165.2K(  2.0%)]
         [Young:                0(  0.0%)      0.0B(  0.0%)]
         [Old:                 13(100.0%)    165.2K(100.0%)]
   [Total Exec: 368/1.4066946 secs, Idle: 368/101.4916875 secs, Blocked: 6/0.0132868 secs]
      [Inspected:          108272]
         [Skipped:            841(  0.8%)]
         [Hashed:          106453( 98.3%)]
         [Known:             4493(  4.1%)]
         [New:             102938( 95.1%)   1921.8M]
      [Deduplicated:         5871(  5.7%)     54.7M(  2.8%)]
         [Young:               10(  0.2%)     86.2K(  0.2%)]
         [Old:               5861( 99.8%)     54.6M( 99.8%)]
   [Table]
      [Memory Usage: 1334.1K]
      [Size: 32768, Min: 1024, Max: 16777216]
      [Entries: 42722, Load: 130.4%, Cached: 3276, Added: 101490, Removed: 58768]
      [Resize Count: 5, Shrink Threshold: 21845(66.7%), Grow Threshold: 65536(200.0%)]
      [Rehash Count: 1, Rehash Threshold: 120, Hash Seed: 0xc4e8cebb]
      [Age Threshold: 3]
   [Queue]
      [Dropped: 0]
2016-06-27T18:02:17.128+0300: 103.386: [GC pause (G1 Evacuation Pause) (mixed)
Desired survivor size 3670016 bytes, new threshold 1 (max 15)
- age   1:    9272312 bytes,    9272312 total
, 0.0234102 secs]
   [Parallel Time: 19.9 ms, GC Workers: 4]
      [GC Worker Start (ms): Min: 103386.1, Avg: 103386.1, Max: 103386.1, Diff: 0.0]
      [Ext Root Scanning (ms): Min: 0.6, Avg: 0.7, Max: 0.8, Diff: 0.1, Sum: 2.7]
      [Update RS (ms): Min: 0.9, Avg: 1.0, Max: 1.0, Diff: 0.1, Sum: 3.9]
         [Processed Buffers: Min: 3, Avg: 7.5, Max: 11, Diff: 8, Sum: 30]
      [Scan RS (ms): Min: 3.6, Avg: 3.6, Max: 3.7, Diff: 0.1, Sum: 14.5]
      [Code Root Scanning (ms): Min: 0.0, Avg: 0.0, Max: 0.1, Diff: 0.1, Sum: 0.2]
      [Object Copy (ms): Min: 14.4, Avg: 14.5, Max: 14.5, Diff: 0.1, Sum: 57.9]
      [Termination (ms): Min: 0.0, Avg: 0.0, Max: 0.0, Diff: 0.0, Sum: 0.0]
         [Termination Attempts: Min: 1, Avg: 1.5, Max: 3, Diff: 2, Sum: 6]
      [GC Worker Other (ms): Min: 0.0, Avg: 0.0, Max: 0.0, Diff: 0.0, Sum: 0.1]
      [GC Worker Total (ms): Min: 19.8, Avg: 19.8, Max: 19.8, Diff: 0.0, Sum: 79.3]
      [GC Worker End (ms): Min: 103405.9, Avg: 103405.9, Max: 103405.9, Diff: 0.0]
   [Code Root Fixup: 0.0 ms]
   [Code Root Purge: 0.0 ms]
   [String Dedup Fixup: 2.0 ms, GC Workers: 4]
      [Queue Fixup (ms): Min: 0.0, Avg: 0.0, Max: 0.0, Diff: 0.0, Sum: 0.0]
      [Table Fixup (ms): Min: 0.0, Avg: 1.3, Max: 1.9, Diff: 1.9, Sum: 5.3]
   [Clear CT: 0.3 ms]
   [Other: 1.3 ms]
      [Choose CSet: 0.2 ms]
      [Ref Proc: 0.1 ms]
      [Ref Enq: 0.0 ms]
      [Redirty Cards: 0.1 ms]
      [Humongous Register: 0.0 ms]
      [Humongous Reclaim: 0.0 ms]
      [Free CSet: 0.5 ms]
   [Eden: 43.0M(43.0M)->0.0B(45.0M) Survivors: 9216.0K->7168.0K Heap: 922.0M(1048.0M)->849.0M(1048.0M)]
 [Times: user=0.13 sys=0.00, real=0.02 secs] 
2016-06-27T18:02:17.152+0300: 103.409: Total time for which application threads were stopped: 0.0345010 seconds, Stopping threads took: 0.0103296 seconds
2016-06-27T18:02:17.159+0300: 103.416: [GC concurrent-string-deduplication, 8796.0K->8426.6K(369.4K), avg 2.9%, 0.0065910 secs]
   [Last Exec: 0.0065910 secs, Idle: 0.2480241 secs, Blocked: 0/0.0000000 secs]
      [Inspected:             448]
         [Skipped:              0(  0.0%)]
         [Hashed:             448(100.0%)]
         [Known:                0(  0.0%)]
         [New:                448(100.0%)   8796.0K]
      [Deduplicated:           27(  6.0%)    369.4K(  4.2%)]
         [Young:                0(  0.0%)      0.0B(  0.0%)]
         [Old:                 27(100.0%)    369.4K(100.0%)]
   [Total Exec: 369/1.4132856 secs, Idle: 369/101.7397116 secs, Blocked: 6/0.0132868 secs]
      [Inspected:          108720]
         [Skipped:            841(  0.8%)]
         [Hashed:          106901( 98.3%)]
         [Known:             4493(  4.1%)]
         [New:             103386( 95.1%)   1930.4M]
      [Deduplicated:         5898(  5.7%)     55.1M(  2.9%)]
         [Young:               10(  0.2%)     86.2K(  0.2%)]
         [Old:               5888( 99.8%)     55.0M( 99.8%)]
   [Table]
      [Memory Usage: 1334.1K]
      [Size: 32768, Min: 1024, Max: 16777216]
      [Entries: 43143, Load: 131.7%, Cached: 2855, Added: 101911, Removed: 58768]
      [Resize Count: 5, Shrink Threshold: 21845(66.7%), Grow Threshold: 65536(200.0%)]
      [Rehash Count: 1, Rehash Threshold: 120, Hash Seed: 0xc4e8cebb]
      [Age Threshold: 3]
   [Queue]
      [Dropped: 0]
2016-06-27T18:02:17.452+0300: 103.710: [GC pause (G1 Evacuation Pause) (mixed)
Desired survivor size 3670016 bytes, new threshold 1 (max 15)
- age   1:    6904488 bytes,    6904488 total
, 0.0194249 secs]
   [Parallel Time: 17.9 ms, GC Workers: 4]
      [GC Worker Start (ms): Min: 103709.8, Avg: 103709.8, Max: 103709.8, Diff: 0.0]
      [Ext Root Scanning (ms): Min: 0.5, Avg: 0.6, Max: 0.6, Diff: 0.1, Sum: 2.2]
      [Update RS (ms): Min: 10.1, Avg: 10.2, Max: 10.4, Diff: 0.4, Sum: 40.9]
         [Processed Buffers: Min: 12, Avg: 17.5, Max: 28, Diff: 16, Sum: 70]
      [Scan RS (ms): Min: 1.5, Avg: 1.7, Max: 1.9, Diff: 0.3, Sum: 7.0]
      [Code Root Scanning (ms): Min: 0.0, Avg: 0.0, Max: 0.0, Diff: 0.0, Sum: 0.0]
      [Object Copy (ms): Min: 5.3, Avg: 5.4, Max: 5.4, Diff: 0.1, Sum: 21.4]
      [Termination (ms): Min: 0.0, Avg: 0.0, Max: 0.0, Diff: 0.0, Sum: 0.0]
         [Termination Attempts: Min: 1, Avg: 2.5, Max: 4, Diff: 3, Sum: 10]
      [GC Worker Other (ms): Min: 0.0, Avg: 0.0, Max: 0.0, Diff: 0.0, Sum: 0.1]
      [GC Worker Total (ms): Min: 17.9, Avg: 17.9, Max: 17.9, Diff: 0.0, Sum: 71.5]
      [GC Worker End (ms): Min: 103727.7, Avg: 103727.7, Max: 103727.7, Diff: 0.0]
   [Code Root Fixup: 0.0 ms]
   [Code Root Purge: 0.0 ms]
   [String Dedup Fixup: 0.6 ms, GC Workers: 4]
      [Queue Fixup (ms): Min: 0.0, Avg: 0.0, Max: 0.0, Diff: 0.0, Sum: 0.0]
      [Table Fixup (ms): Min: 0.5, Avg: 0.5, Max: 0.6, Diff: 0.0, Sum: 2.2]
   [Clear CT: 0.2 ms]
   [Other: 0.7 ms]
      [Choose CSet: 0.1 ms]
      [Ref Proc: 0.0 ms]
      [Ref Enq: 0.0 ms]
      [Redirty Cards: 0.1 ms]
      [Humongous Register: 0.0 ms]
      [Humongous Reclaim: 0.0 ms]
      [Free CSet: 0.2 ms]
   [Eden: 45.0M(45.0M)->0.0B(45.0M) Survivors: 7168.0K->7168.0K Heap: 894.0M(1048.0M)->849.5M(1048.0M)]
 [Times: user=0.05 sys=0.00, real=0.02 secs] 
2016-06-27T18:02:17.472+0300: 103.729: Total time for which application threads were stopped: 0.0253552 seconds, Stopping threads took: 0.0050891 seconds
2016-06-27T18:02:17.477+0300: 103.735: [GC concurrent-string-deduplication, 7166.6K->7045.5K(121.1K), avg 2.8%, 0.0053175 secs]
   [Last Exec: 0.0053175 secs, Idle: 0.3132953 secs, Blocked: 0/0.0000000 secs]
      [Inspected:             362]
         [Skipped:              2(  0.6%)]
         [Hashed:             360( 99.4%)]
         [Known:                0(  0.0%)]
         [New:                360( 99.4%)   7166.6K]
      [Deduplicated:            8(  2.2%)    121.1K(  1.7%)]
         [Young:                0(  0.0%)      0.0B(  0.0%)]
         [Old:                  8(100.0%)    121.1K(100.0%)]
   [Total Exec: 370/1.4186030 secs, Idle: 370/102.0530069 secs, Blocked: 6/0.0132868 secs]
      [Inspected:          109082]
         [Skipped:            843(  0.8%)]
         [Hashed:          107261( 98.3%)]
         [Known:             4493(  4.1%)]
         [New:             103746( 95.1%)   1937.4M]
      [Deduplicated:         5906(  5.7%)     55.2M(  2.8%)]
         [Young:               10(  0.2%)     86.2K(  0.2%)]
         [Old:               5896( 99.8%)     55.1M( 99.8%)]
   [Table]
      [Memory Usage: 1334.1K]
      [Size: 32768, Min: 1024, Max: 16777216]
      [Entries: 43496, Load: 132.7%, Cached: 2502, Added: 102264, Removed: 58768]
      [Resize Count: 5, Shrink Threshold: 21845(66.7%), Grow Threshold: 65536(200.0%)]
      [Rehash Count: 1, Rehash Threshold: 120, Hash Seed: 0xc4e8cebb]
      [Age Threshold: 3]
   [Queue]
      [Dropped: 0]
2016-06-27T18:02:17.497+0300: 103.754: Total time for which application threads were stopped: 0.0048919 seconds, Stopping threads took: 0.0043766 seconds
2016-06-27T18:02:17.497+0300: 103.755: Total time for which application threads were stopped: 0.0005376 seconds, Stopping threads took: 0.0000475 seconds
2016-06-27T18:02:17.498+0300: 103.755: Total time for which application threads were stopped: 0.0005081 seconds, Stopping threads took: 0.0000359 seconds
2016-06-27T18:02:17.498+0300: 103.756: Total time for which application threads were stopped: 0.0005128 seconds, Stopping threads took: 0.0000393 seconds
2016-06-27T18:02:17.499+0300: 103.756: Total time for which application threads were stopped: 0.0005149 seconds, Stopping threads took: 0.0000295 seconds
2016-06-27T18:02:17.499+0300: 103.757: Total time for which application threads were stopped: 0.0005329 seconds, Stopping threads took: 0.0000458 seconds
2016-06-27T18:02:17.500+0300: 103.758: Total time for which application threads were stopped: 0.0005371 seconds, Stopping threads took: 0.0000462 seconds
2016-06-27T18:02:17.504+0300: 103.762: Total time for which application threads were stopped: 0.0017234 seconds, Stopping threads took: 0.0002622 seconds
2016-06-27T18:02:17.571+0300: 103.828: Total time for which application threads were stopped: 0.0066372 seconds, Stopping threads took: 0.0060975 seconds
2016-06-27T18:02:17.664+0300: 103.921: [GC pause (G1 Evacuation Pause) (young)
Desired survivor size 3670016 bytes, new threshold 1 (max 15)
- age   1:    7127496 bytes,    7127496 total
, 0.0092502 secs]
   [Parallel Time: 7.8 ms, GC Workers: 4]
      [GC Worker Start (ms): Min: 103921.3, Avg: 103921.3, Max: 103921.4, Diff: 0.0]
      [Ext Root Scanning (ms): Min: 0.4, Avg: 0.5, Max: 0.6, Diff: 0.1, Sum: 2.0]
      [Update RS (ms): Min: 4.8, Avg: 4.9, Max: 5.0, Diff: 0.2, Sum: 19.8]
         [Processed Buffers: Min: 5, Avg: 10.8, Max: 16, Diff: 11, Sum: 43]
      [Scan RS (ms): Min: 0.0, Avg: 0.0, Max: 0.0, Diff: 0.0, Sum: 0.0]
      [Code Root Scanning (ms): Min: 0.0, Avg: 0.0, Max: 0.0, Diff: 0.0, Sum: 0.0]
      [Object Copy (ms): Min: 2.2, Avg: 2.3, Max: 2.3, Diff: 0.1, Sum: 9.1]
      [Termination (ms): Min: 0.0, Avg: 0.0, Max: 0.0, Diff: 0.0, Sum: 0.0]
         [Termination Attempts: Min: 1, Avg: 1.0, Max: 1, Diff: 0, Sum: 4]
      [GC Worker Other (ms): Min: 0.0, Avg: 0.0, Max: 0.0, Diff: 0.0, Sum: 0.1]
      [GC Worker Total (ms): Min: 7.7, Avg: 7.7, Max: 7.8, Diff: 0.0, Sum: 31.0]
      [GC Worker End (ms): Min: 103929.1, Avg: 103929.1, Max: 103929.1, Diff: 0.0]
   [Code Root Fixup: 0.0 ms]
   [Code Root Purge: 0.0 ms]
   [String Dedup Fixup: 0.7 ms, GC Workers: 4]
      [Queue Fixup (ms): Min: 0.0, Avg: 0.0, Max: 0.0, Diff: 0.0, Sum: 0.0]
      [Table Fixup (ms): Min: 0.3, Avg: 0.6, Max: 0.7, Diff: 0.4, Sum: 2.3]
   [Clear CT: 0.0 ms]
   [Other: 0.7 ms]
      [Choose CSet: 0.0 ms]
      [Ref Proc: 0.2 ms]
      [Ref Enq: 0.0 ms]
      [Redirty Cards: 0.0 ms]
      [Humongous Register: 0.0 ms]
      [Humongous Reclaim: 0.0 ms]
      [Free CSet: 0.1 ms]
   [Eden: 45.0M(45.0M)->0.0B(45.0M) Survivors: 7168.0K->7168.0K Heap: 894.5M(1048.0M)->858.0M(1048.0M)]
 [Times: user=0.00 sys=0.00, real=0.01 secs] 
2016-06-27T18:02:17.673+0300: 103.931: Total time for which application threads were stopped: 0.0189045 seconds, Stopping threads took: 0.0088490 seconds
2016-06-27T18:02:17.678+0300: 103.936: [GC concurrent-string-deduplication, 6733.1K->6565.1K(168.0K), avg 2.8%, 0.0048868 secs]
   [Last Exec: 0.0048868 secs, Idle: 0.1959350 secs, Blocked: 0/0.0000000 secs]
      [Inspected:             396]
         [Skipped:              0(  0.0%)]
         [Hashed:             396(100.0%)]
         [Known:                1(  0.3%)]
         [New:                395( 99.7%)   6733.1K]
      [Deduplicated:           67( 17.0%)    168.0K(  2.5%)]
         [Young:                0(  0.0%)      0.0B(  0.0%)]
         [Old:                 67(100.0%)    168.0K(100.0%)]
   [Total Exec: 371/1.4234899 secs, Idle: 371/102.2489419 secs, Blocked: 6/0.0132868 secs]
      [Inspected:          109478]
         [Skipped:            843(  0.8%)]
         [Hashed:          107657( 98.3%)]
         [Known:             4494(  4.1%)]
         [New:             104141( 95.1%)   1944.0M]
      [Deduplicated:         5973(  5.7%)     55.4M(  2.8%)]
         [Young:               10(  0.2%)     86.2K(  0.2%)]
         [Old:               5963( 99.8%)     55.3M( 99.8%)]
   [Table]
      [Memory Usage: 1334.1K]
      [Size: 32768, Min: 1024, Max: 16777216]
      [Entries: 43900, Load: 134.0%, Cached: 2098, Added: 102668, Removed: 58768]
      [Resize Count: 5, Shrink Threshold: 21845(66.7%), Grow Threshold: 65536(200.0%)]
      [Rehash Count: 1, Rehash Threshold: 120, Hash Seed: 0xc4e8cebb]
      [Age Threshold: 3]
   [Queue]
      [Dropped: 0]
2016-06-27T18:02:17.858+0300: 104.115: Total time for which application threads were stopped: 0.0035555 seconds, Stopping threads took: 0.0031753 seconds
2016-06-27T18:02:17.861+0300: 104.118: Total time for which application threads were stopped: 0.0003537 seconds, Stopping threads took: 0.0000616 seconds
2016-06-27T18:02:17.861+0300: 104.118: Total time for which application threads were stopped: 0.0002857 seconds, Stopping threads took: 0.0000449 seconds
2016-06-27T18:02:17.861+0300: 104.119: Total time for which application threads were stopped: 0.0002694 seconds, Stopping threads took: 0.0000406 seconds
2016-06-27T18:02:17.974+0300: 104.231: [GC pause (G1 Evacuation Pause) (young) (initial-mark)
Desired survivor size 3670016 bytes, new threshold 1 (max 15)
- age   1:    7102376 bytes,    7102376 total
, 0.0057408 secs]
   [Parallel Time: 4.5 ms, GC Workers: 4]
      [GC Worker Start (ms): Min: 104231.3, Avg: 104231.5, Max: 104232.1, Diff: 0.8]
      [Ext Root Scanning (ms): Min: 0.3, Avg: 0.7, Max: 1.1, Diff: 0.7, Sum: 2.9]
      [Update RS (ms): Min: 1.0, Avg: 1.1, Max: 1.2, Diff: 0.2, Sum: 4.2]
         [Processed Buffers: Min: 4, Avg: 10.5, Max: 14, Diff: 10, Sum: 42]
      [Scan RS (ms): Min: 0.0, Avg: 0.0, Max: 0.0, Diff: 0.0, Sum: 0.0]
      [Code Root Scanning (ms): Min: 0.0, Avg: 0.0, Max: 0.0, Diff: 0.0, Sum: 0.0]
      [Object Copy (ms): Min: 2.3, Avg: 2.4, Max: 2.6, Diff: 0.3, Sum: 9.7]
      [Termination (ms): Min: 0.0, Avg: 0.0, Max: 0.0, Diff: 0.0, Sum: 0.0]
         [Termination Attempts: Min: 1, Avg: 1.0, Max: 1, Diff: 0, Sum: 4]
      [GC Worker Other (ms): Min: 0.0, Avg: 0.0, Max: 0.0, Diff: 0.0, Sum: 0.0]
      [GC Worker Total (ms): Min: 3.7, Avg: 4.2, Max: 4.4, Diff: 0.8, Sum: 17.0]
      [GC Worker End (ms): Min: 104235.8, Avg: 104235.8, Max: 104235.8, Diff: 0.0]
   [Code Root Fixup: 0.0 ms]
   [Code Root Purge: 0.0 ms]
   [String Dedup Fixup: 0.6 ms, GC Workers: 4]
      [Queue Fixup (ms): Min: 0.0, Avg: 0.0, Max: 0.0, Diff: 0.0, Sum: 0.0]
      [Table Fixup (ms): Min: 0.5, Avg: 0.5, Max: 0.5, Diff: 0.0, Sum: 2.1]
   [Clear CT: 0.0 ms]
   [Other: 0.7 ms]
      [Choose CSet: 0.0 ms]
      [Ref Proc: 0.1 ms]
      [Ref Enq: 0.0 ms]
      [Redirty Cards: 0.0 ms]
      [Humongous Register: 0.0 ms]
      [Humongous Reclaim: 0.0 ms]
      [Free CSet: 0.1 ms]
   [Eden: 45.0M(45.0M)->0.0B(64.0M) Survivors: 7168.0K->7168.0K Heap: 903.0M(1048.0M)->867.0M(1048.0M)]
 [Times: user=0.00 sys=0.00, real=0.01 secs] 
2016-06-27T18:02:17.980+0300: 104.237: [GC concurrent-root-region-scan-start]
2016-06-27T18:02:17.980+0300: 104.237: Total time for which application threads were stopped: 0.0098874 seconds, Stopping threads took: 0.0035247 seconds
2016-06-27T18:02:17.980+0300: 104.238: [GC concurrent-root-region-scan-end, 0.0008134 secs]
2016-06-27T18:02:17.981+0300: 104.238: [GC concurrent-mark-start]
2016-06-27T18:02:17.985+0300: 104.243: [GC concurrent-string-deduplication, 7594.6K->7385.8K(208.8K), avg 2.8%, 0.0055013 secs]
   [Last Exec: 0.0055013 secs, Idle: 0.3014424 secs, Blocked: 0/0.0000000 secs]
      [Inspected:             478]
         [Skipped:              2(  0.4%)]
         [Hashed:             476( 99.6%)]
         [Known:               79( 16.5%)]
         [New:                397( 83.1%)   7594.6K]
      [Deduplicated:           28(  7.1%)    208.8K(  2.7%)]
         [Young:                0(  0.0%)      0.0B(  0.0%)]
         [Old:                 28(100.0%)    208.8K(100.0%)]
   [Total Exec: 372/1.4289912 secs, Idle: 372/102.5503843 secs, Blocked: 6/0.0132868 secs]
      [Inspected:          109956]
         [Skipped:            845(  0.8%)]
         [Hashed:          108133( 98.3%)]
         [Known:             4573(  4.2%)]
         [New:             104538( 95.1%)   1951.4M]
      [Deduplicated:         6001(  5.7%)     55.6M(  2.8%)]
         [Young:               10(  0.2%)     86.2K(  0.2%)]
         [Old:               5991( 99.8%)     55.5M( 99.8%)]
   [Table]
      [Memory Usage: 1334.1K]
      [Size: 32768, Min: 1024, Max: 16777216]
      [Entries: 44271, Load: 135.1%, Cached: 1727, Added: 103039, Removed: 58768]
      [Resize Count: 5, Shrink Threshold: 21845(66.7%), Grow Threshold: 65536(200.0%)]
      [Rehash Count: 1, Rehash Threshold: 120, Hash Seed: 0xc4e8cebb]
      [Age Threshold: 3]
   [Queue]
      [Dropped: 0]
2016-06-27T18:02:18.047+0300: 104.304: [GC concurrent-mark-end, 0.0665353 secs]
2016-06-27T18:02:18.087+0300: 104.344: [GC remark 2016-06-27T18:02:18.087+0300: 104.344: [Finalize Marking, 0.0003558 secs] 2016-06-27T18:02:18.087+0300: 104.344: [GC ref-proc, 0.0000881 secs] 2016-06-27T18:02:18.087+0300: 104.345: [Unloading, 0.0031578 secs], 0.0079787 secs]
 [Times: user=0.00 sys=0.00, real=0.01 secs] 
2016-06-27T18:02:18.095+0300: 104.352: Total time for which application threads were stopped: 0.0142725 seconds, Stopping threads took: 0.0058935 seconds
2016-06-27T18:02:18.202+0300: 104.459: [GC cleanup 906M->906M(1048M), 0.0020211 secs]
 [Times: user=0.00 sys=0.00, real=0.00 secs] 
2016-06-27T18:02:18.204+0300: 104.462: Total time for which application threads were stopped: 0.0071581 seconds, Stopping threads took: 0.0047042 seconds
2016-06-27T18:02:18.383+0300: 104.640: [GC pause (G1 Evacuation Pause) (young)
Desired survivor size 4718592 bytes, new threshold 1 (max 15)
- age   1:    7005856 bytes,    7005856 total
, 0.0053102 secs]
   [Parallel Time: 4.2 ms, GC Workers: 4]
      [GC Worker Start (ms): Min: 104640.5, Avg: 104640.6, Max: 104640.6, Diff: 0.0]
      [Ext Root Scanning (ms): Min: 0.5, Avg: 0.5, Max: 0.6, Diff: 0.1, Sum: 1.9]
      [Update RS (ms): Min: 0.8, Avg: 0.9, Max: 1.0, Diff: 0.2, Sum: 3.6]
         [Processed Buffers: Min: 3, Avg: 6.8, Max: 10, Diff: 7, Sum: 27]
      [Scan RS (ms): Min: 0.0, Avg: 0.0, Max: 0.0, Diff: 0.0, Sum: 0.0]
      [Code Root Scanning (ms): Min: 0.0, Avg: 0.0, Max: 0.0, Diff: 0.0, Sum: 0.0]
      [Object Copy (ms): Min: 2.7, Avg: 2.8, Max: 2.8, Diff: 0.1, Sum: 11.0]
      [Termination (ms): Min: 0.0, Avg: 0.0, Max: 0.0, Diff: 0.0, Sum: 0.0]
         [Termination Attempts: Min: 1, Avg: 1.0, Max: 1, Diff: 0, Sum: 4]
      [GC Worker Other (ms): Min: 0.0, Avg: 0.0, Max: 0.0, Diff: 0.0, Sum: 0.0]
      [GC Worker Total (ms): Min: 4.2, Avg: 4.2, Max: 4.2, Diff: 0.0, Sum: 16.7]
      [GC Worker End (ms): Min: 104644.7, Avg: 104644.7, Max: 104644.7, Diff: 0.0]
   [Code Root Fixup: 0.0 ms]
   [Code Root Purge: 0.0 ms]
   [String Dedup Fixup: 0.5 ms, GC Workers: 4]
      [Queue Fixup (ms): Min: 0.0, Avg: 0.0, Max: 0.0, Diff: 0.0, Sum: 0.0]
      [Table Fixup (ms): Min: 0.5, Avg: 0.5, Max: 0.5, Diff: 0.0, Sum: 2.0]
   [Clear CT: 0.0 ms]
   [Other: 0.5 ms]
      [Choose CSet: 0.0 ms]
      [Ref Proc: 0.0 ms]
      [Ref Enq: 0.0 ms]
      [Redirty Cards: 0.0 ms]
      [Humongous Register: 0.0 ms]
      [Humongous Reclaim: 0.0 ms]
      [Free CSet: 0.1 ms]
   [Eden: 64.0M(64.0M)->0.0B(43.0M) Survivors: 7168.0K->9216.0K Heap: 931.0M(1048.0M)->878.0M(1048.0M)]
 [Times: user=0.00 sys=0.00, real=0.01 secs] 
2016-06-27T18:02:18.389+0300: 104.646: Total time for which application threads were stopped: 0.0082653 seconds, Stopping threads took: 0.0023410 seconds
2016-06-27T18:02:18.394+0300: 104.652: [GC concurrent-string-deduplication, 7811.3K->7445.8K(365.5K), avg 2.9%, 0.0056840 secs]
   [Last Exec: 0.0056840 secs, Idle: 0.4032930 secs, Blocked: 0/0.0000000 secs]
      [Inspected:             405]
         [Skipped:              6(  1.5%)]
         [Hashed:             399( 98.5%)]
         [Known:                2(  0.5%)]
         [New:                397( 98.0%)   7811.3K]
      [Deduplicated:           25(  6.3%)    365.5K(  4.7%)]
         [Young:                0(  0.0%)      0.0B(  0.0%)]
         [Old:                 25(100.0%)    365.5K(100.0%)]
   [Total Exec: 373/1.4346752 secs, Idle: 373/102.9536773 secs, Blocked: 6/0.0132868 secs]
      [Inspected:          110361]
         [Skipped:            851(  0.8%)]
         [Hashed:          108532( 98.3%)]
         [Known:             4575(  4.1%)]
         [New:             104935( 95.1%)   1959.1M]
      [Deduplicated:         6026(  5.7%)     55.9M(  2.9%)]
         [Young:               10(  0.2%)     86.2K(  0.2%)]
         [Old:               6016( 99.8%)     55.8M( 99.8%)]
   [Table]
      [Memory Usage: 1331.5K]
      [Size: 32768, Min: 1024, Max: 16777216]
      [Entries: 42610, Load: 130.0%, Cached: 3276, Added: 103411, Removed: 60801]
      [Resize Count: 5, Shrink Threshold: 21845(66.7%), Grow Threshold: 65536(200.0%)]
      [Rehash Count: 1, Rehash Threshold: 120, Hash Seed: 0xc4e8cebb]
      [Age Threshold: 3]
   [Queue]
      [Dropped: 0]
2016-06-27T18:02:18.745+0300: 105.002: [GC pause (G1 Evacuation Pause) (mixed)
Desired survivor size 3670016 bytes, new threshold 1 (max 15)
- age   1:    9272408 bytes,    9272408 total
, 0.0207583 secs]
   [Parallel Time: 18.6 ms, GC Workers: 4]
      [GC Worker Start (ms): Min: 105002.3, Avg: 105002.3, Max: 105002.3, Diff: 0.0]
      [Ext Root Scanning (ms): Min: 0.4, Avg: 0.5, Max: 0.6, Diff: 0.2, Sum: 2.0]
      [Update RS (ms): Min: 0.8, Avg: 0.9, Max: 1.0, Diff: 0.2, Sum: 3.6]
         [Processed Buffers: Min: 3, Avg: 11.0, Max: 21, Diff: 18, Sum: 44]
      [Scan RS (ms): Min: 3.0, Avg: 3.1, Max: 3.2, Diff: 0.1, Sum: 12.4]
      [Code Root Scanning (ms): Min: 0.0, Avg: 0.0, Max: 0.1, Diff: 0.1, Sum: 0.1]
      [Object Copy (ms): Min: 14.0, Avg: 14.1, Max: 14.1, Diff: 0.1, Sum: 56.3]
      [Termination (ms): Min: 0.0, Avg: 0.0, Max: 0.0, Diff: 0.0, Sum: 0.0]
         [Termination Attempts: Min: 1, Avg: 1.3, Max: 2, Diff: 1, Sum: 5]
      [GC Worker Other (ms): Min: 0.0, Avg: 0.0, Max: 0.0, Diff: 0.0, Sum: 0.1]
      [GC Worker Total (ms): Min: 18.6, Avg: 18.6, Max: 18.6, Diff: 0.0, Sum: 74.4]
      [GC Worker End (ms): Min: 105020.9, Avg: 105020.9, Max: 105020.9, Diff: 0.0]
   [Code Root Fixup: 0.0 ms]
   [Code Root Purge: 0.0 ms]
   [String Dedup Fixup: 0.8 ms, GC Workers: 4]
      [Queue Fixup (ms): Min: 0.0, Avg: 0.0, Max: 0.0, Diff: 0.0, Sum: 0.0]
      [Table Fixup (ms): Min: 0.4, Avg: 0.7, Max: 0.8, Diff: 0.5, Sum: 2.7]
   [Clear CT: 0.2 ms]
   [Other: 1.1 ms]
      [Choose CSet: 0.2 ms]
      [Ref Proc: 0.1 ms]
      [Ref Enq: 0.0 ms]
      [Redirty Cards: 0.0 ms]
      [Humongous Register: 0.0 ms]
      [Humongous Reclaim: 0.0 ms]
      [Free CSet: 0.4 ms]
   [Eden: 43.0M(43.0M)->0.0B(45.0M) Survivors: 9216.0K->7168.0K Heap: 921.0M(1048.0M)->849.0M(1048.0M)]
 [Times: user=0.06 sys=0.00, real=0.02 secs] 
2016-06-27T18:02:18.766+0300: 105.023: Total time for which application threads were stopped: 0.0239970 seconds, Stopping threads took: 0.0026698 seconds
2016-06-27T18:02:18.772+0300: 105.030: [GC concurrent-string-deduplication, 9353.7K->8987.0K(366.7K), avg 2.9%, 0.0065825 secs]
   [Last Exec: 0.0065825 secs, Idle: 0.3712446 secs, Blocked: 0/0.0000000 secs]
      [Inspected:             480]
         [Skipped:              1(  0.2%)]
         [Hashed:             479( 99.8%)]
         [Known:                0(  0.0%)]
         [New:                479( 99.8%)   9353.7K]
      [Deduplicated:           30(  6.3%)    366.7K(  3.9%)]
         [Young:                0(  0.0%)      0.0B(  0.0%)]
         [Old:                 30(100.0%)    366.7K(100.0%)]
   [Total Exec: 374/1.4412576 secs, Idle: 374/103.3249219 secs, Blocked: 6/0.0132868 secs]
      [Inspected:          110841]
         [Skipped:            852(  0.8%)]
         [Hashed:          109011( 98.3%)]
         [Known:             4575(  4.1%)]
         [New:             105414( 95.1%)   1968.2M]
      [Deduplicated:         6056(  5.7%)     56.3M(  2.9%)]
         [Young:               10(  0.2%)     86.2K(  0.1%)]
         [Old:               6046( 99.8%)     56.2M( 99.9%)]
   [Table]
      [Memory Usage: 1331.5K]
      [Size: 32768, Min: 1024, Max: 16777216]
      [Entries: 43059, Load: 131.4%, Cached: 2827, Added: 103860, Removed: 60801]
      [Resize Count: 5, Shrink Threshold: 21845(66.7%), Grow Threshold: 65536(200.0%)]
      [Rehash Count: 1, Rehash Threshold: 120, Hash Seed: 0xc4e8cebb]
      [Age Threshold: 3]
   [Queue]
      [Dropped: 0]
2016-06-27T18:02:19.064+0300: 105.321: [GC pause (G1 Evacuation Pause) (mixed)
Desired survivor size 3670016 bytes, new threshold 1 (max 15)
- age   1:    6962176 bytes,    6962176 total
, 0.0236117 secs]
   [Parallel Time: 21.5 ms, GC Workers: 4]
      [GC Worker Start (ms): Min: 105321.4, Avg: 105321.5, Max: 105321.5, Diff: 0.1]
      [Ext Root Scanning (ms): Min: 0.5, Avg: 1.1, Max: 2.9, Diff: 2.4, Sum: 4.5]
      [Update RS (ms): Min: 8.5, Avg: 10.2, Max: 10.8, Diff: 2.3, Sum: 40.7]
         [Processed Buffers: Min: 13, Avg: 15.3, Max: 18, Diff: 5, Sum: 61]
      [Scan RS (ms): Min: 2.5, Avg: 2.6, Max: 2.7, Diff: 0.2, Sum: 10.5]
      [Code Root Scanning (ms): Min: 0.0, Avg: 0.1, Max: 0.1, Diff: 0.1, Sum: 0.2]
      [Object Copy (ms): Min: 7.4, Avg: 7.4, Max: 7.4, Diff: 0.1, Sum: 29.6]
      [Termination (ms): Min: 0.0, Avg: 0.0, Max: 0.0, Diff: 0.0, Sum: 0.0]
         [Termination Attempts: Min: 1, Avg: 1.5, Max: 2, Diff: 1, Sum: 6]
      [GC Worker Other (ms): Min: 0.0, Avg: 0.0, Max: 0.0, Diff: 0.0, Sum: 0.1]
      [GC Worker Total (ms): Min: 21.3, Avg: 21.4, Max: 21.4, Diff: 0.1, Sum: 85.6]
      [GC Worker End (ms): Min: 105342.8, Avg: 105342.8, Max: 105342.8, Diff: 0.0]
   [Code Root Fixup: 0.0 ms]
   [Code Root Purge: 0.0 ms]
   [String Dedup Fixup: 0.9 ms, GC Workers: 4]
      [Queue Fixup (ms): Min: 0.0, Avg: 0.0, Max: 0.0, Diff: 0.0, Sum: 0.0]
      [Table Fixup (ms): Min: 0.2, Avg: 0.6, Max: 0.8, Diff: 0.6, Sum: 2.5]
   [Clear CT: 0.3 ms]
   [Other: 0.9 ms]
      [Choose CSet: 0.1 ms]
      [Ref Proc: 0.2 ms]
      [Ref Enq: 0.0 ms]
      [Redirty Cards: 0.0 ms]
      [Humongous Register: 0.0 ms]
      [Humongous Reclaim: 0.0 ms]
      [Free CSet: 0.3 ms]
   [Eden: 45.0M(45.0M)->0.0B(45.0M) Survivors: 7168.0K->7168.0K Heap: 894.0M(1048.0M)->845.0M(1048.0M)]
 [Times: user=0.11 sys=0.00, real=0.02 secs] 
2016-06-27T18:02:19.088+0300: 105.345: Total time for which application threads were stopped: 0.0346148 seconds, Stopping threads took: 0.0103988 seconds
2016-06-27T18:02:19.093+0300: 105.350: [GC concurrent-string-deduplication, 6618.5K->6345.0K(273.6K), avg 2.9%, 0.0049039 secs]
   [Last Exec: 0.0049039 secs, Idle: 0.3154173 secs, Blocked: 0/0.0000000 secs]
      [Inspected:             363]
         [Skipped:             17(  4.7%)]
         [Hashed:             346( 95.3%)]
         [Known:                0(  0.0%)]
         [New:                346( 95.3%)   6618.5K]
      [Deduplicated:           29(  8.4%)    273.6K(  4.1%)]
         [Young:                0(  0.0%)      0.0B(  0.0%)]
         [Old:                 29(100.0%)    273.6K(100.0%)]
   [Total Exec: 375/1.4461615 secs, Idle: 375/103.6403393 secs, Blocked: 6/0.0132868 secs]
      [Inspected:          111204]
         [Skipped:            869(  0.8%)]
         [Hashed:          109357( 98.3%)]
         [Known:             4575(  4.1%)]
         [New:             105760( 95.1%)   1974.7M]
      [Deduplicated:         6085(  5.8%)     56.5M(  2.9%)]
         [Young:               10(  0.2%)     86.2K(  0.1%)]
         [Old:               6075( 99.8%)     56.5M( 99.9%)]
   [Table]
      [Memory Usage: 1331.5K]
      [Size: 32768, Min: 1024, Max: 16777216]
      [Entries: 43376, Load: 132.4%, Cached: 2510, Added: 104177, Removed: 60801]
      [Resize Count: 5, Shrink Threshold: 21845(66.7%), Grow Threshold: 65536(200.0%)]
      [Rehash Count: 1, Rehash Threshold: 120, Hash Seed: 0xc4e8cebb]
      [Age Threshold: 3]
   [Queue]
      [Dropped: 0]
2016-06-27T18:02:19.436+0300: 105.693: [GC pause (G1 Evacuation Pause) (young)
Desired survivor size 3670016 bytes, new threshold 1 (max 15)
- age   1:    7175024 bytes,    7175024 total
, 0.0120090 secs]
   [Parallel Time: 10.8 ms, GC Workers: 4]
      [GC Worker Start (ms): Min: 105693.5, Avg: 105693.5, Max: 105693.6, Diff: 0.0]
      [Ext Root Scanning (ms): Min: 0.4, Avg: 0.5, Max: 0.5, Diff: 0.1, Sum: 1.9]
      [Update RS (ms): Min: 7.8, Avg: 7.9, Max: 8.2, Diff: 0.4, Sum: 31.7]
         [Processed Buffers: Min: 7, Avg: 14.0, Max: 22, Diff: 15, Sum: 56]
      [Scan RS (ms): Min: 0.0, Avg: 0.0, Max: 0.0, Diff: 0.0, Sum: 0.0]
      [Code Root Scanning (ms): Min: 0.0, Avg: 0.0, Max: 0.0, Diff: 0.0, Sum: 0.0]
      [Object Copy (ms): Min: 2.1, Avg: 2.3, Max: 2.4, Diff: 0.3, Sum: 9.2]
      [Termination (ms): Min: 0.0, Avg: 0.0, Max: 0.0, Diff: 0.0, Sum: 0.0]
         [Termination Attempts: Min: 1, Avg: 1.0, Max: 1, Diff: 0, Sum: 4]
      [GC Worker Other (ms): Min: 0.0, Avg: 0.0, Max: 0.0, Diff: 0.0, Sum: 0.0]
      [GC Worker Total (ms): Min: 10.7, Avg: 10.7, Max: 10.8, Diff: 0.0, Sum: 43.0]
      [GC Worker End (ms): Min: 105704.3, Avg: 105704.3, Max: 105704.3, Diff: 0.0]
   [Code Root Fixup: 0.0 ms]
   [Code Root Purge: 0.0 ms]
   [String Dedup Fixup: 0.6 ms, GC Workers: 4]
      [Queue Fixup (ms): Min: 0.0, Avg: 0.0, Max: 0.0, Diff: 0.0, Sum: 0.0]
      [Table Fixup (ms): Min: 0.5, Avg: 0.5, Max: 0.5, Diff: 0.0, Sum: 2.1]
   [Clear CT: 0.1 ms]
   [Other: 0.6 ms]
      [Choose CSet: 0.0 ms]
      [Ref Proc: 0.1 ms]
      [Ref Enq: 0.0 ms]
      [Redirty Cards: 0.1 ms]
      [Humongous Register: 0.0 ms]
      [Humongous Reclaim: 0.0 ms]
      [Free CSet: 0.1 ms]
   [Eden: 45.0M(45.0M)->0.0B(45.0M) Survivors: 7168.0K->7168.0K Heap: 890.0M(1048.0M)->854.0M(1048.0M)]
 [Times: user=0.06 sys=0.00, real=0.01 secs] 
2016-06-27T18:02:19.448+0300: 105.706: Total time for which application threads were stopped: 0.0210975 seconds, Stopping threads took: 0.0084795 seconds
2016-06-27T18:02:19.453+0300: 105.711: [GC concurrent-string-deduplication, 7647.1K->7345.7K(301.4K), avg 2.9%, 0.0053273 secs]
   [Last Exec: 0.0053273 secs, Idle: 0.3554808 secs, Blocked: 0/0.0000000 secs]
      [Inspected:             387]
         [Skipped:              1(  0.3%)]
         [Hashed:             386( 99.7%)]
         [Known:                0(  0.0%)]
         [New:                386( 99.7%)   7647.1K]
      [Deduplicated:           19(  4.9%)    301.4K(  3.9%)]
         [Young:                0(  0.0%)      0.0B(  0.0%)]
         [Old:                 19(100.0%)    301.4K(100.0%)]
   [Total Exec: 376/1.4514888 secs, Idle: 376/103.9958201 secs, Blocked: 6/0.0132868 secs]
      [Inspected:          111591]
         [Skipped:            870(  0.8%)]
         [Hashed:          109743( 98.3%)]
         [Known:             4575(  4.1%)]
         [New:             106146( 95.1%)   1982.1M]
      [Deduplicated:         6104(  5.8%)     56.8M(  2.9%)]
         [Young:               10(  0.2%)     86.2K(  0.1%)]
         [Old:               6094( 99.8%)     56.7M( 99.9%)]
   [Table]
      [Memory Usage: 1331.5K]
      [Size: 32768, Min: 1024, Max: 16777216]
      [Entries: 43743, Load: 133.5%, Cached: 2143, Added: 104544, Removed: 60801]
      [Resize Count: 5, Shrink Threshold: 21845(66.7%), Grow Threshold: 65536(200.0%)]
      [Rehash Count: 1, Rehash Threshold: 120, Hash Seed: 0xc4e8cebb]
      [Age Threshold: 3]
   [Queue]
      [Dropped: 0]
2016-06-27T18:02:19.596+0300: 105.853: Total time for which application threads were stopped: 0.0126051 seconds, Stopping threads took: 0.0103155 seconds
2016-06-27T18:02:19.596+0300: 105.854: Total time for which application threads were stopped: 0.0004041 seconds, Stopping threads took: 0.0000359 seconds
2016-06-27T18:02:19.596+0300: 105.854: Total time for which application threads were stopped: 0.0004020 seconds, Stopping threads took: 0.0000513 seconds
2016-06-27T18:02:19.599+0300: 105.856: Total time for which application threads were stopped: 0.0017615 seconds, Stopping threads took: 0.0000445 seconds
2016-06-27T18:02:19.721+0300: 105.978: [GC pause (G1 Evacuation Pause) (young) (initial-mark)
Desired survivor size 3670016 bytes, new threshold 1 (max 15)
- age   1:    6958592 bytes,    6958592 total
, 0.0054757 secs]
   [Parallel Time: 4.1 ms, GC Workers: 4]
      [GC Worker Start (ms): Min: 105978.6, Avg: 105978.7, Max: 105978.7, Diff: 0.0]
      [Ext Root Scanning (ms): Min: 0.5, Avg: 0.5, Max: 0.6, Diff: 0.2, Sum: 2.1]
      [Update RS (ms): Min: 0.7, Avg: 0.8, Max: 1.0, Diff: 0.3, Sum: 3.1]
         [Processed Buffers: Min: 2, Avg: 5.5, Max: 9, Diff: 7, Sum: 22]
      [Scan RS (ms): Min: 0.0, Avg: 0.0, Max: 0.0, Diff: 0.0, Sum: 0.0]
      [Code Root Scanning (ms): Min: 0.0, Avg: 0.0, Max: 0.0, Diff: 0.0, Sum: 0.0]
      [Object Copy (ms): Min: 2.6, Avg: 2.8, Max: 2.9, Diff: 0.2, Sum: 11.0]
      [Termination (ms): Min: 0.0, Avg: 0.0, Max: 0.0, Diff: 0.0, Sum: 0.1]
         [Termination Attempts: Min: 1, Avg: 1.0, Max: 1, Diff: 0, Sum: 4]
      [GC Worker Other (ms): Min: 0.0, Avg: 0.0, Max: 0.0, Diff: 0.0, Sum: 0.0]
      [GC Worker Total (ms): Min: 4.1, Avg: 4.1, Max: 4.1, Diff: 0.0, Sum: 16.3]
      [GC Worker End (ms): Min: 105982.7, Avg: 105982.7, Max: 105982.7, Diff: 0.0]
   [Code Root Fixup: 0.0 ms]
   [Code Root Purge: 0.0 ms]
   [String Dedup Fixup: 0.6 ms, GC Workers: 4]
      [Queue Fixup (ms): Min: 0.0, Avg: 0.0, Max: 0.0, Diff: 0.0, Sum: 0.0]
      [Table Fixup (ms): Min: 0.5, Avg: 0.6, Max: 0.6, Diff: 0.1, Sum: 2.3]
   [Clear CT: 0.0 ms]
   [Other: 0.7 ms]
      [Choose CSet: 0.0 ms]
      [Ref Proc: 0.1 ms]
      [Ref Enq: 0.0 ms]
      [Redirty Cards: 0.0 ms]
      [Humongous Register: 0.0 ms]
      [Humongous Reclaim: 0.0 ms]
      [Free CSet: 0.1 ms]
   [Eden: 45.0M(45.0M)->0.0B(69.0M) Survivors: 7168.0K->7168.0K Heap: 899.0M(1048.0M)->862.0M(1048.0M)]
 [Times: user=0.06 sys=0.00, real=0.01 secs] 
2016-06-27T18:02:19.727+0300: 105.984: [GC concurrent-root-region-scan-start]
2016-06-27T18:02:19.727+0300: 105.984: Total time for which application threads were stopped: 0.0099250 seconds, Stopping threads took: 0.0037689 seconds
2016-06-27T18:02:19.728+0300: 105.985: [GC concurrent-root-region-scan-end, 0.0005927 secs]
2016-06-27T18:02:19.728+0300: 105.985: [GC concurrent-mark-start]
2016-06-27T18:02:19.732+0300: 105.989: [GC concurrent-string-deduplication, 6512.3K->6264.9K(247.5K), avg 2.9%, 0.0046931 secs]
   [Last Exec: 0.0046931 secs, Idle: 0.2731270 secs, Blocked: 0/0.0000000 secs]
      [Inspected:             336]
         [Skipped:              1(  0.3%)]
         [Hashed:             335( 99.7%)]
         [Known:                0(  0.0%)]
         [New:                335( 99.7%)   6512.3K]
      [Deduplicated:           22(  6.6%)    247.5K(  3.8%)]
         [Young:                0(  0.0%)      0.0B(  0.0%)]
         [Old:                 22(100.0%)    247.5K(100.0%)]
   [Total Exec: 377/1.4561819 secs, Idle: 377/104.2689471 secs, Blocked: 6/0.0132868 secs]
      [Inspected:          111927]
         [Skipped:            871(  0.8%)]
         [Hashed:          110078( 98.3%)]
         [Known:             4575(  4.1%)]
         [New:             106481( 95.1%)   1988.5M]
      [Deduplicated:         6126(  5.8%)     57.1M(  2.9%)]
         [Young:               10(  0.2%)     86.2K(  0.1%)]
         [Old:               6116( 99.8%)     57.0M( 99.9%)]
   [Table]
      [Memory Usage: 1331.5K]
      [Size: 32768, Min: 1024, Max: 16777216]
      [Entries: 44070, Load: 134.5%, Cached: 1816, Added: 104871, Removed: 60801]
      [Resize Count: 5, Shrink Threshold: 21845(66.7%), Grow Threshold: 65536(200.0%)]
      [Rehash Count: 1, Rehash Threshold: 120, Hash Seed: 0xc4e8cebb]
      [Age Threshold: 3]
   [Queue]
      [Dropped: 0]
2016-06-27T18:02:19.787+0300: 106.045: [GC concurrent-mark-end, 0.0598318 secs]
2016-06-27T18:02:19.823+0300: 106.081: [GC remark 2016-06-27T18:02:19.823+0300: 106.081: [Finalize Marking, 0.0001753 secs] 2016-06-27T18:02:19.824+0300: 106.081: [GC ref-proc, 0.0000979 secs] 2016-06-27T18:02:19.824+0300: 106.081: [Unloading, 0.0030141 secs], 0.0068630 secs]
 [Times: user=0.00 sys=0.00, real=0.01 secs] 
2016-06-27T18:02:19.830+0300: 106.088: Total time for which application threads were stopped: 0.0103621 seconds, Stopping threads took: 0.0031185 seconds
2016-06-27T18:02:20.030+0300: 106.287: [GC cleanup 914M->914M(1048M), 0.0030210 secs]
 [Times: user=0.00 sys=0.00, real=0.00 secs] 
2016-06-27T18:02:20.033+0300: 106.290: Total time for which application threads were stopped: 0.0203439 seconds, Stopping threads took: 0.0168876 seconds
2016-06-27T18:02:20.074+0300: 106.331: [GC pause (G1 Evacuation Pause) (young)
Desired survivor size 5242880 bytes, new threshold 1 (max 15)
- age   1:    7103408 bytes,    7103408 total
, 0.0073685 secs]
   [Parallel Time: 5.9 ms, GC Workers: 4]
      [GC Worker Start (ms): Min: 106331.5, Avg: 106331.7, Max: 106332.0, Diff: 0.5]
      [Ext Root Scanning (ms): Min: 0.7, Avg: 1.8, Max: 5.0, Diff: 4.3, Sum: 7.2]
      [Update RS (ms): Min: 0.0, Avg: 0.8, Max: 1.2, Diff: 1.2, Sum: 3.3]
         [Processed Buffers: Min: 0, Avg: 6.3, Max: 12, Diff: 12, Sum: 25]
      [Scan RS (ms): Min: 0.0, Avg: 0.0, Max: 0.0, Diff: 0.0, Sum: 0.0]
      [Code Root Scanning (ms): Min: 0.0, Avg: 0.0, Max: 0.0, Diff: 0.0, Sum: 0.0]
      [Object Copy (ms): Min: 0.2, Avg: 2.6, Max: 3.5, Diff: 3.4, Sum: 10.4]
      [Termination (ms): Min: 0.0, Avg: 0.4, Max: 0.5, Diff: 0.5, Sum: 1.4]
         [Termination Attempts: Min: 1, Avg: 1.0, Max: 1, Diff: 0, Sum: 4]
      [GC Worker Other (ms): Min: 0.0, Avg: 0.0, Max: 0.0, Diff: 0.0, Sum: 0.0]
      [GC Worker Total (ms): Min: 5.1, Avg: 5.6, Max: 5.8, Diff: 0.7, Sum: 22.4]
      [GC Worker End (ms): Min: 106337.1, Avg: 106337.3, Max: 106337.3, Diff: 0.2]
   [Code Root Fixup: 0.0 ms]
   [Code Root Purge: 0.0 ms]
   [String Dedup Fixup: 0.9 ms, GC Workers: 4]
      [Queue Fixup (ms): Min: 0.0, Avg: 0.0, Max: 0.0, Diff: 0.0, Sum: 0.0]
      [Table Fixup (ms): Min: 0.0, Avg: 0.6, Max: 0.8, Diff: 0.8, Sum: 2.4]
   [Clear CT: 0.0 ms]
   [Other: 0.6 ms]
      [Choose CSet: 0.0 ms]
      [Ref Proc: 0.1 ms]
      [Ref Enq: 0.0 ms]
      [Redirty Cards: 0.0 ms]
      [Humongous Register: 0.1 ms]
      [Humongous Reclaim: 0.0 ms]
      [Free CSet: 0.1 ms]
   [Eden: 69.0M(69.0M)->0.0B(42.0M) Survivors: 7168.0K->10.0M Heap: 931.0M(1048.0M)->874.5M(1048.0M)]
 [Times: user=0.00 sys=0.00, real=0.01 secs] 
2016-06-27T18:02:20.081+0300: 106.339: Total time for which application threads were stopped: 0.0079775 seconds, Stopping threads took: 0.0000612 seconds
2016-06-27T18:02:20.088+0300: 106.345: [GC concurrent-string-deduplication, 8148.4K->7926.2K(222.2K), avg 2.9%, 0.0061766 secs]
   [Last Exec: 0.0061766 secs, Idle: 0.3500069 secs, Blocked: 0/0.0000000 secs]
      [Inspected:             425]
         [Skipped:              2(  0.5%)]
         [Hashed:             423( 99.5%)]
         [Known:               14(  3.3%)]
         [New:                409( 96.2%)   8148.4K]
      [Deduplicated:           13(  3.2%)    222.2K(  2.7%)]
         [Young:                0(  0.0%)      0.0B(  0.0%)]
         [Old:                 13(100.0%)    222.2K(100.0%)]
   [Total Exec: 378/1.4623585 secs, Idle: 378/104.6189540 secs, Blocked: 6/0.0132868 secs]
      [Inspected:          112352]
         [Skipped:            873(  0.8%)]
         [Hashed:          110501( 98.4%)]
         [Known:             4589(  4.1%)]
         [New:             106890( 95.1%)   1996.4M]
      [Deduplicated:         6139(  5.7%)     57.3M(  2.9%)]
         [Young:               10(  0.2%)     86.2K(  0.1%)]
         [Old:               6129( 99.8%)     57.2M( 99.9%)]
   [Table]
      [Memory Usage: 1320.6K]
      [Size: 32768, Min: 1024, Max: 16777216]
      [Entries: 42147, Load: 128.6%, Cached: 3276, Added: 105270, Removed: 63123]
      [Resize Count: 5, Shrink Threshold: 21845(66.7%), Grow Threshold: 65536(200.0%)]
      [Rehash Count: 1, Rehash Threshold: 120, Hash Seed: 0xc4e8cebb]
      [Age Threshold: 3]
   [Queue]
      [Dropped: 0]
2016-06-27T18:02:20.320+0300: 106.577: [GC pause (G1 Evacuation Pause) (mixed)
Desired survivor size 3670016 bytes, new threshold 1 (max 15)
- age   1:   10299552 bytes,   10299552 total
, 0.0221486 secs]
   [Parallel Time: 19.5 ms, GC Workers: 4]
      [GC Worker Start (ms): Min: 106577.6, Avg: 106577.6, Max: 106577.6, Diff: 0.0]
      [Ext Root Scanning (ms): Min: 0.5, Avg: 0.5, Max: 0.6, Diff: 0.1, Sum: 2.0]
      [Update RS (ms): Min: 0.5, Avg: 0.6, Max: 0.7, Diff: 0.1, Sum: 2.4]
         [Processed Buffers: Min: 2, Avg: 8.0, Max: 13, Diff: 11, Sum: 32]
      [Scan RS (ms): Min: 4.0, Avg: 4.0, Max: 4.1, Diff: 0.1, Sum: 16.1]
      [Code Root Scanning (ms): Min: 0.0, Avg: 0.0, Max: 0.0, Diff: 0.0, Sum: 0.0]
      [Object Copy (ms): Min: 14.2, Avg: 14.3, Max: 14.3, Diff: 0.1, Sum: 57.0]
      [Termination (ms): Min: 0.0, Avg: 0.0, Max: 0.1, Diff: 0.1, Sum: 0.2]
         [Termination Attempts: Min: 1, Avg: 2.0, Max: 4, Diff: 3, Sum: 8]
      [GC Worker Other (ms): Min: 0.0, Avg: 0.0, Max: 0.0, Diff: 0.0, Sum: 0.0]
      [GC Worker Total (ms): Min: 19.4, Avg: 19.4, Max: 19.5, Diff: 0.0, Sum: 77.8]
      [GC Worker End (ms): Min: 106597.0, Avg: 106597.0, Max: 106597.1, Diff: 0.0]
   [Code Root Fixup: 0.0 ms]
   [Code Root Purge: 0.0 ms]
   [String Dedup Fixup: 1.1 ms, GC Workers: 4]
      [Queue Fixup (ms): Min: 0.0, Avg: 0.0, Max: 0.0, Diff: 0.0, Sum: 0.0]
      [Table Fixup (ms): Min: 0.5, Avg: 0.8, Max: 1.1, Diff: 0.6, Sum: 3.3]
   [Clear CT: 0.2 ms]
   [Other: 1.3 ms]
      [Choose CSet: 0.2 ms]
      [Ref Proc: 0.1 ms]
      [Ref Enq: 0.0 ms]
      [Redirty Cards: 0.1 ms]
      [Humongous Register: 0.0 ms]
      [Humongous Reclaim: 0.0 ms]
      [Free CSet: 0.5 ms]
   [Eden: 42.0M(42.0M)->0.0B(45.0M) Survivors: 10.0M->7168.0K Heap: 916.5M(1048.0M)->843.0M(1048.0M)]
 [Times: user=0.06 sys=0.00, real=0.02 secs] 
2016-06-27T18:02:20.343+0300: 106.600: Total time for which application threads were stopped: 0.0338027 seconds, Stopping threads took: 0.0109937 seconds
2016-06-27T18:02:20.350+0300: 106.607: [GC concurrent-string-deduplication, 9725.2K->9227.2K(498.0K), avg 2.9%, 0.0070212 secs]
   [Last Exec: 0.0070212 secs, Idle: 0.2545493 secs, Blocked: 0/0.0000000 secs]
      [Inspected:             521]
         [Skipped:             11(  2.1%)]
         [Hashed:             510( 97.9%)]
         [Known:                2(  0.4%)]
         [New:                508( 97.5%)   9725.2K]
      [Deduplicated:           47(  9.3%)    498.0K(  5.1%)]
         [Young:                0(  0.0%)      0.0B(  0.0%)]
         [Old:                 47(100.0%)    498.0K(100.0%)]
   [Total Exec: 379/1.4693797 secs, Idle: 379/104.8735033 secs, Blocked: 6/0.0132868 secs]
      [Inspected:          112873]
         [Skipped:            884(  0.8%)]
         [Hashed:          111011( 98.4%)]
         [Known:             4591(  4.1%)]
         [New:             107398( 95.1%)   2005.9M]
      [Deduplicated:         6186(  5.8%)     57.8M(  2.9%)]
         [Young:               10(  0.2%)     86.2K(  0.1%)]
         [Old:               6176( 99.8%)     57.7M( 99.9%)]
   [Table]
      [Memory Usage: 1320.6K]
      [Size: 32768, Min: 1024, Max: 16777216]
      [Entries: 42610, Load: 130.0%, Cached: 2813, Added: 105733, Removed: 63123]
      [Resize Count: 5, Shrink Threshold: 21845(66.7%), Grow Threshold: 65536(200.0%)]
      [Rehash Count: 1, Rehash Threshold: 120, Hash Seed: 0xc4e8cebb]
      [Age Threshold: 3]
   [Queue]
      [Dropped: 0]
2016-06-27T18:02:20.652+0300: 106.909: [GC pause (G1 Evacuation Pause) (mixed)
Desired survivor size 3670016 bytes, new threshold 1 (max 15)
- age   1:    7142456 bytes,    7142456 total
, 0.0242014 secs]
   [Parallel Time: 22.0 ms, GC Workers: 4]
      [GC Worker Start (ms): Min: 106909.3, Avg: 106909.3, Max: 106909.3, Diff: 0.0]
      [Ext Root Scanning (ms): Min: 0.5, Avg: 0.5, Max: 0.6, Diff: 0.1, Sum: 2.1]
      [Update RS (ms): Min: 9.5, Avg: 9.6, Max: 9.7, Diff: 0.2, Sum: 38.3]
         [Processed Buffers: Min: 12, Avg: 14.8, Max: 19, Diff: 7, Sum: 59]
      [Scan RS (ms): Min: 2.8, Avg: 3.0, Max: 3.0, Diff: 0.2, Sum: 11.8]
      [Code Root Scanning (ms): Min: 0.0, Avg: 0.0, Max: 0.1, Diff: 0.1, Sum: 0.1]
      [Object Copy (ms): Min: 8.9, Avg: 8.9, Max: 8.9, Diff: 0.1, Sum: 35.6]
      [Termination (ms): Min: 0.0, Avg: 0.0, Max: 0.0, Diff: 0.0, Sum: 0.0]
         [Termination Attempts: Min: 1, Avg: 1.0, Max: 1, Diff: 0, Sum: 4]
      [GC Worker Other (ms): Min: 0.0, Avg: 0.0, Max: 0.0, Diff: 0.0, Sum: 0.1]
      [GC Worker Total (ms): Min: 22.0, Avg: 22.0, Max: 22.0, Diff: 0.0, Sum: 88.0]
      [GC Worker End (ms): Min: 106931.3, Avg: 106931.3, Max: 106931.3, Diff: 0.0]
   [Code Root Fixup: 0.1 ms]
   [Code Root Purge: 0.0 ms]
   [String Dedup Fixup: 0.9 ms, GC Workers: 4]
      [Queue Fixup (ms): Min: 0.0, Avg: 0.0, Max: 0.0, Diff: 0.0, Sum: 0.0]
      [Table Fixup (ms): Min: 0.3, Avg: 0.7, Max: 0.9, Diff: 0.5, Sum: 2.9]
   [Clear CT: 0.2 ms]
   [Other: 0.9 ms]
      [Choose CSet: 0.1 ms]
      [Ref Proc: 0.1 ms]
      [Ref Enq: 0.0 ms]
      [Redirty Cards: 0.1 ms]
      [Humongous Register: 0.0 ms]
      [Humongous Reclaim: 0.0 ms]
      [Free CSet: 0.3 ms]
   [Eden: 45.0M(45.0M)->0.0B(45.0M) Survivors: 7168.0K->7168.0K Heap: 888.0M(1048.0M)->836.0M(1048.0M)]
 [Times: user=0.06 sys=0.00, real=0.02 secs] 
2016-06-27T18:02:20.676+0300: 106.934: Total time for which application threads were stopped: 0.0309190 seconds, Stopping threads took: 0.0060919 seconds
2016-06-27T18:02:20.682+0300: 106.939: [GC concurrent-string-deduplication, 7389.2K->7185.6K(203.6K), avg 2.9%, 0.0052704 secs]
   [Last Exec: 0.0052704 secs, Idle: 0.3267446 secs, Blocked: 0/0.0000000 secs]
      [Inspected:             381]
         [Skipped:              0(  0.0%)]
         [Hashed:             381(100.0%)]
         [Known:                3(  0.8%)]
         [New:                378( 99.2%)   7389.2K]
      [Deduplicated:           19(  5.0%)    203.6K(  2.8%)]
         [Young:                0(  0.0%)      0.0B(  0.0%)]
         [Old:                 19(100.0%)    203.6K(100.0%)]
   [Total Exec: 380/1.4746501 secs, Idle: 380/105.2002479 secs, Blocked: 6/0.0132868 secs]
      [Inspected:          113254]
         [Skipped:            884(  0.8%)]
         [Hashed:          111392( 98.4%)]
         [Known:             4594(  4.1%)]
         [New:             107776( 95.2%)   2013.2M]
      [Deduplicated:         6205(  5.8%)     58.0M(  2.9%)]
         [Young:               10(  0.2%)     86.2K(  0.1%)]
         [Old:               6195( 99.8%)     57.9M( 99.9%)]
   [Table]
      [Memory Usage: 1320.6K]
      [Size: 32768, Min: 1024, Max: 16777216]
      [Entries: 42983, Load: 131.2%, Cached: 2440, Added: 106106, Removed: 63123]
      [Resize Count: 5, Shrink Threshold: 21845(66.7%), Grow Threshold: 65536(200.0%)]
      [Rehash Count: 1, Rehash Threshold: 120, Hash Seed: 0xc4e8cebb]
      [Age Threshold: 3]
   [Queue]
      [Dropped: 0]
2016-06-27T18:02:21.009+0300: 107.267: [GC pause (G1 Evacuation Pause) (young)
Desired survivor size 3670016 bytes, new threshold 1 (max 15)
- age   1:    7050256 bytes,    7050256 total
, 0.0131867 secs]
   [Parallel Time: 11.8 ms, GC Workers: 4]
      [GC Worker Start (ms): Min: 107267.2, Avg: 107267.2, Max: 107267.2, Diff: 0.0]
      [Ext Root Scanning (ms): Min: 0.5, Avg: 0.5, Max: 0.6, Diff: 0.1, Sum: 2.0]
      [Update RS (ms): Min: 8.9, Avg: 9.0, Max: 9.4, Diff: 0.6, Sum: 36.2]
         [Processed Buffers: Min: 9, Avg: 15.0, Max: 31, Diff: 22, Sum: 60]
      [Scan RS (ms): Min: 0.0, Avg: 0.0, Max: 0.0, Diff: 0.0, Sum: 0.0]
      [Code Root Scanning (ms): Min: 0.0, Avg: 0.0, Max: 0.0, Diff: 0.0, Sum: 0.0]
      [Object Copy (ms): Min: 1.9, Avg: 2.2, Max: 2.4, Diff: 0.5, Sum: 8.9]
      [Termination (ms): Min: 0.0, Avg: 0.0, Max: 0.0, Diff: 0.0, Sum: 0.0]
         [Termination Attempts: Min: 1, Avg: 1.0, Max: 1, Diff: 0, Sum: 4]
      [GC Worker Other (ms): Min: 0.0, Avg: 0.0, Max: 0.0, Diff: 0.0, Sum: 0.1]
      [GC Worker Total (ms): Min: 11.8, Avg: 11.8, Max: 11.8, Diff: 0.0, Sum: 47.2]
      [GC Worker End (ms): Min: 107279.0, Avg: 107279.0, Max: 107279.0, Diff: 0.0]
   [Code Root Fixup: 0.0 ms]
   [Code Root Purge: 0.0 ms]
   [String Dedup Fixup: 0.7 ms, GC Workers: 4]
      [Queue Fixup (ms): Min: 0.0, Avg: 0.0, Max: 0.0, Diff: 0.0, Sum: 0.0]
      [Table Fixup (ms): Min: 0.7, Avg: 0.7, Max: 0.7, Diff: 0.0, Sum: 2.7]
   [Clear CT: 0.0 ms]
   [Other: 0.6 ms]
      [Choose CSet: 0.0 ms]
      [Ref Proc: 0.1 ms]
      [Ref Enq: 0.0 ms]
      [Redirty Cards: 0.0 ms]
      [Humongous Register: 0.0 ms]
      [Humongous Reclaim: 0.0 ms]
      [Free CSet: 0.1 ms]
   [Eden: 45.0M(45.0M)->0.0B(45.0M) Survivors: 7168.0K->7168.0K Heap: 881.0M(1048.0M)->845.0M(1048.0M)]
 [Times: user=0.06 sys=0.00, real=0.01 secs] 
2016-06-27T18:02:21.023+0300: 107.280: Total time for which application threads were stopped: 0.0185465 seconds, Stopping threads took: 0.0047337 seconds
2016-06-27T18:02:21.028+0300: 107.285: [GC concurrent-string-deduplication, 7048.7K->6625.2K(423.5K), avg 2.9%, 0.0049073 secs]
   [Last Exec: 0.0049073 secs, Idle: 0.3414931 secs, Blocked: 0/0.0000000 secs]
      [Inspected:             358]
         [Skipped:              0(  0.0%)]
         [Hashed:             358(100.0%)]
         [Known:                0(  0.0%)]
         [New:                358(100.0%)   7048.7K]
      [Deduplicated:           27(  7.5%)    423.5K(  6.0%)]
         [Young:                0(  0.0%)      0.0B(  0.0%)]
         [Old:                 27(100.0%)    423.5K(100.0%)]
   [Total Exec: 381/1.4795575 secs, Idle: 381/105.5417410 secs, Blocked: 6/0.0132868 secs]
      [Inspected:          113612]
         [Skipped:            884(  0.8%)]
         [Hashed:          111750( 98.4%)]
         [Known:             4594(  4.0%)]
         [New:             108134( 95.2%)   2020.0M]
      [Deduplicated:         6232(  5.8%)     58.4M(  2.9%)]
         [Young:               10(  0.2%)     86.2K(  0.1%)]
         [Old:               6222( 99.8%)     58.3M( 99.9%)]
   [Table]
      [Memory Usage: 1320.6K]
      [Size: 32768, Min: 1024, Max: 16777216]
      [Entries: 43314, Load: 132.2%, Cached: 2109, Added: 106437, Removed: 63123]
      [Resize Count: 5, Shrink Threshold: 21845(66.7%), Grow Threshold: 65536(200.0%)]
      [Rehash Count: 1, Rehash Threshold: 120, Hash Seed: 0xc4e8cebb]
      [Age Threshold: 3]
   [Queue]
      [Dropped: 0]
2016-06-27T18:02:21.345+0300: 107.602: [GC pause (G1 Evacuation Pause) (young) (initial-mark)
Desired survivor size 3670016 bytes, new threshold 1 (max 15)
- age   1:    7203904 bytes,    7203904 total
, 0.0049672 secs]
   [Parallel Time: 3.7 ms, GC Workers: 4]
      [GC Worker Start (ms): Min: 107602.7, Avg: 107602.8, Max: 107602.9, Diff: 0.2]
      [Ext Root Scanning (ms): Min: 0.4, Avg: 0.5, Max: 0.7, Diff: 0.3, Sum: 2.1]
      [Update RS (ms): Min: 0.7, Avg: 0.7, Max: 0.9, Diff: 0.2, Sum: 3.0]
         [Processed Buffers: Min: 3, Avg: 9.0, Max: 17, Diff: 14, Sum: 36]
      [Scan RS (ms): Min: 0.0, Avg: 0.0, Max: 0.0, Diff: 0.0, Sum: 0.0]
      [Code Root Scanning (ms): Min: 0.0, Avg: 0.0, Max: 0.0, Diff: 0.0, Sum: 0.0]
      [Object Copy (ms): Min: 2.2, Avg: 2.3, Max: 2.4, Diff: 0.2, Sum: 9.3]
      [Termination (ms): Min: 0.0, Avg: 0.0, Max: 0.0, Diff: 0.0, Sum: 0.0]
         [Termination Attempts: Min: 1, Avg: 1.0, Max: 1, Diff: 0, Sum: 4]
      [GC Worker Other (ms): Min: 0.0, Avg: 0.0, Max: 0.0, Diff: 0.0, Sum: 0.1]
      [GC Worker Total (ms): Min: 3.5, Avg: 3.6, Max: 3.7, Diff: 0.2, Sum: 14.5]
      [GC Worker End (ms): Min: 107606.4, Avg: 107606.4, Max: 107606.4, Diff: 0.0]
   [Code Root Fixup: 0.0 ms]
   [Code Root Purge: 0.0 ms]
   [String Dedup Fixup: 0.6 ms, GC Workers: 4]
      [Queue Fixup (ms): Min: 0.0, Avg: 0.0, Max: 0.0, Diff: 0.0, Sum: 0.0]
      [Table Fixup (ms): Min: 0.5, Avg: 0.5, Max: 0.5, Diff: 0.0, Sum: 2.1]
   [Clear CT: 0.0 ms]
   [Other: 0.7 ms]
      [Choose CSet: 0.0 ms]
      [Ref Proc: 0.0 ms]
      [Ref Enq: 0.0 ms]
      [Redirty Cards: 0.0 ms]
      [Humongous Register: 0.0 ms]
      [Humongous Reclaim: 0.0 ms]
      [Free CSet: 0.1 ms]
   [Eden: 45.0M(45.0M)->0.0B(75.0M) Survivors: 7168.0K->7168.0K Heap: 890.0M(1048.0M)->853.5M(1048.0M)]
 [Times: user=0.06 sys=0.00, real=0.00 secs] 
2016-06-27T18:02:21.350+0300: 107.608: [GC concurrent-root-region-scan-start]
2016-06-27T18:02:21.350+0300: 107.608: Total time for which application threads were stopped: 0.0100811 seconds, Stopping threads took: 0.0044284 seconds
2016-06-27T18:02:21.351+0300: 107.608: [GC concurrent-root-region-scan-end, 0.0006599 secs]
2016-06-27T18:02:21.351+0300: 107.608: [GC concurrent-mark-start]
2016-06-27T18:02:21.356+0300: 107.613: [GC concurrent-string-deduplication, 7511.1K->7225.6K(285.5K), avg 2.9%, 0.0053487 secs]
   [Last Exec: 0.0053487 secs, Idle: 0.3222897 secs, Blocked: 0/0.0000000 secs]
      [Inspected:             398]
         [Skipped:              1(  0.3%)]
         [Hashed:             397( 99.7%)]
         [Known:               14(  3.5%)]
         [New:                383( 96.2%)   7511.1K]
      [Deduplicated:           22(  5.7%)    285.5K(  3.8%)]
         [Young:                0(  0.0%)      0.0B(  0.0%)]
         [Old:                 22(100.0%)    285.5K(100.0%)]
   [Total Exec: 382/1.4849062 secs, Idle: 382/105.8640307 secs, Blocked: 6/0.0132868 secs]
      [Inspected:          114010]
         [Skipped:            885(  0.8%)]
         [Hashed:          112147( 98.4%)]
         [Known:             4608(  4.0%)]
         [New:             108517( 95.2%)   2027.4M]
      [Deduplicated:         6254(  5.8%)     58.7M(  2.9%)]
         [Young:               10(  0.2%)     86.2K(  0.1%)]
         [Old:               6244( 99.8%)     58.6M( 99.9%)]
   [Table]
      [Memory Usage: 1320.6K]
      [Size: 32768, Min: 1024, Max: 16777216]
      [Entries: 43675, Load: 133.3%, Cached: 1748, Added: 106798, Removed: 63123]
      [Resize Count: 5, Shrink Threshold: 21845(66.7%), Grow Threshold: 65536(200.0%)]
      [Rehash Count: 1, Rehash Threshold: 120, Hash Seed: 0xc4e8cebb]
      [Age Threshold: 3]
   [Queue]
      [Dropped: 0]
2016-06-27T18:02:21.412+0300: 107.669: [GC concurrent-mark-end, 0.0605781 secs]
2016-06-27T18:02:21.440+0300: 107.697: Total time for which application threads were stopped: 0.0086117 seconds, Stopping threads took: 0.0081413 seconds
2016-06-27T18:02:21.440+0300: 107.698: Total time for which application threads were stopped: 0.0004328 seconds, Stopping threads took: 0.0000364 seconds
2016-06-27T18:02:21.446+0300: 107.703: Total time for which application threads were stopped: 0.0016948 seconds, Stopping threads took: 0.0000582 seconds
2016-06-27T18:02:21.703+0300: 107.960: [GC pause (G1 Evacuation Pause) (young)
Desired survivor size 5767168 bytes, new threshold 1 (max 15)
- age   1:    6924584 bytes,    6924584 total
, 0.0083187 secs]
   [Parallel Time: 6.9 ms, GC Workers: 4]
      [GC Worker Start (ms): Min: 107960.2, Avg: 107960.3, Max: 107960.4, Diff: 0.2]
      [Ext Root Scanning (ms): Min: 0.5, Avg: 1.8, Max: 5.6, Diff: 5.1, Sum: 7.3]
      [Update RS (ms): Min: 0.0, Avg: 1.1, Max: 2.1, Diff: 2.1, Sum: 4.6]
         [Processed Buffers: Min: 0, Avg: 7.3, Max: 17, Diff: 17, Sum: 29]
      [Scan RS (ms): Min: 0.0, Avg: 0.0, Max: 0.0, Diff: 0.0, Sum: 0.1]
      [Code Root Scanning (ms): Min: 0.0, Avg: 0.0, Max: 0.0, Diff: 0.0, Sum: 0.0]
      [Object Copy (ms): Min: 0.5, Avg: 2.6, Max: 3.6, Diff: 3.1, Sum: 10.4]
      [Termination (ms): Min: 0.0, Avg: 0.9, Max: 1.2, Diff: 1.2, Sum: 3.7]
         [Termination Attempts: Min: 1, Avg: 1.0, Max: 1, Diff: 0, Sum: 4]
      [GC Worker Other (ms): Min: 0.0, Avg: 0.0, Max: 0.1, Diff: 0.1, Sum: 0.1]
      [GC Worker Total (ms): Min: 6.1, Avg: 6.5, Max: 6.9, Diff: 0.8, Sum: 26.2]
      [GC Worker End (ms): Min: 107966.3, Avg: 107966.8, Max: 107967.1, Diff: 0.8]
   [Code Root Fixup: 0.0 ms]
   [Code Root Purge: 0.0 ms]
   [String Dedup Fixup: 0.8 ms, GC Workers: 4]
      [Queue Fixup (ms): Min: 0.0, Avg: 0.0, Max: 0.0, Diff: 0.0, Sum: 0.0]
      [Table Fixup (ms): Min: 0.0, Avg: 0.6, Max: 0.8, Diff: 0.8, Sum: 2.2]
   [Clear CT: 0.0 ms]
   [Other: 0.6 ms]
      [Choose CSet: 0.0 ms]
      [Ref Proc: 0.2 ms]
      [Ref Enq: 0.0 ms]
      [Redirty Cards: 0.0 ms]
      [Humongous Register: 0.0 ms]
      [Humongous Reclaim: 0.0 ms]
      [Free CSet: 0.1 ms]
   [Eden: 75.0M(75.0M)->0.0B(64.0M) Survivors: 7168.0K->11.0M Heap: 928.5M(1048.0M)->867.0M(1048.0M)]
 [Times: user=0.03 sys=0.00, real=0.01 secs] 
2016-06-27T18:02:21.711+0300: 107.969: Total time for which application threads were stopped: 0.0223035 seconds, Stopping threads took: 0.0133219 seconds
2016-06-27T18:02:21.717+0300: 107.974: [GC concurrent-string-deduplication, 7554.0K->7365.8K(188.3K), avg 2.9%, 0.0053333 secs]
   [Last Exec: 0.0053333 secs, Idle: 0.3556519 secs, Blocked: 0/0.0000000 secs]
      [Inspected:             387]
         [Skipped:              2(  0.5%)]
         [Hashed:             385( 99.5%)]
         [Known:                0(  0.0%)]
         [New:                385( 99.5%)   7554.0K]
      [Deduplicated:           17(  4.4%)    188.3K(  2.5%)]
         [Young:                0(  0.0%)      0.0B(  0.0%)]
         [Old:                 17(100.0%)    188.3K(100.0%)]
   [Total Exec: 383/1.4902394 secs, Idle: 383/106.2196826 secs, Blocked: 6/0.0132868 secs]
      [Inspected:          114397]
         [Skipped:            887(  0.8%)]
         [Hashed:          112532( 98.4%)]
         [Known:             4608(  4.0%)]
         [New:             108902( 95.2%)   2034.7M]
      [Deduplicated:         6271(  5.8%)     58.9M(  2.9%)]
         [Young:               10(  0.2%)     86.2K(  0.1%)]
         [Old:               6261( 99.8%)     58.8M( 99.9%)]
   [Table]
      [Memory Usage: 1320.6K]
      [Size: 32768, Min: 1024, Max: 16777216]
      [Entries: 44045, Load: 134.4%, Cached: 1378, Added: 107168, Removed: 63123]
      [Resize Count: 5, Shrink Threshold: 21845(66.7%), Grow Threshold: 65536(200.0%)]
      [Rehash Count: 1, Rehash Threshold: 120, Hash Seed: 0xc4e8cebb]
      [Age Threshold: 3]
   [Queue]
      [Dropped: 0]
2016-06-27T18:02:22.116+0300: 108.373: [GC pause (G1 Evacuation Pause) (young)
Desired survivor size 5242880 bytes, new threshold 1 (max 15)
- age   1:   11152704 bytes,   11152704 total
, 0.0062275 secs]
   [Parallel Time: 4.9 ms, GC Workers: 4]
      [GC Worker Start (ms): Min: 108373.1, Avg: 108373.2, Max: 108373.3, Diff: 0.1]
      [Ext Root Scanning (ms): Min: 0.4, Avg: 0.6, Max: 0.6, Diff: 0.2, Sum: 2.2]
      [Update RS (ms): Min: 0.8, Avg: 0.8, Max: 0.9, Diff: 0.1, Sum: 3.2]
         [Processed Buffers: Min: 2, Avg: 9.3, Max: 19, Diff: 17, Sum: 37]
      [Scan RS (ms): Min: 0.0, Avg: 0.0, Max: 0.0, Diff: 0.0, Sum: 0.0]
      [Code Root Scanning (ms): Min: 0.0, Avg: 0.0, Max: 0.0, Diff: 0.0, Sum: 0.0]
      [Object Copy (ms): Min: 3.4, Avg: 3.4, Max: 3.5, Diff: 0.1, Sum: 13.8]
      [Termination (ms): Min: 0.0, Avg: 0.0, Max: 0.0, Diff: 0.0, Sum: 0.0]
         [Termination Attempts: Min: 1, Avg: 1.0, Max: 1, Diff: 0, Sum: 4]
      [GC Worker Other (ms): Min: 0.0, Avg: 0.0, Max: 0.0, Diff: 0.0, Sum: 0.1]
      [GC Worker Total (ms): Min: 4.7, Avg: 4.8, Max: 4.9, Diff: 0.1, Sum: 19.3]
      [GC Worker End (ms): Min: 108378.0, Avg: 108378.0, Max: 108378.0, Diff: 0.0]
   [Code Root Fixup: 0.0 ms]
   [Code Root Purge: 0.0 ms]
   [String Dedup Fixup: 0.8 ms, GC Workers: 4]
      [Queue Fixup (ms): Min: 0.0, Avg: 0.0, Max: 0.0, Diff: 0.0, Sum: 0.0]
      [Table Fixup (ms): Min: 0.2, Avg: 0.6, Max: 0.7, Diff: 0.5, Sum: 2.3]
   [Clear CT: 0.0 ms]
   [Other: 0.5 ms]
      [Choose CSet: 0.0 ms]
      [Ref Proc: 0.1 ms]
      [Ref Enq: 0.0 ms]
      [Redirty Cards: 0.0 ms]
      [Humongous Register: 0.0 ms]
      [Humongous Reclaim: 0.0 ms]
      [Free CSet: 0.1 ms]
   [Eden: 64.0M(64.0M)->0.0B(54.0M) Survivors: 11.0M->10.0M Heap: 931.0M(1048.0M)->878.5M(1048.0M)]
 [Times: user=0.00 sys=0.00, real=0.01 secs] 
2016-06-27T18:02:22.122+0300: 108.379: Total time for which application threads were stopped: 0.0128095 seconds, Stopping threads took: 0.0059585 seconds
2016-06-27T18:02:22.131+0300: 108.388: [GC concurrent-string-deduplication, 11.2M->10.7M(504.1K), avg 2.9%, 0.0084718 secs]
   [Last Exec: 0.0084718 secs, Idle: 0.4052641 secs, Blocked: 0/0.0000000 secs]
      [Inspected:             597]
         [Skipped:              1(  0.2%)]
         [Hashed:             596( 99.8%)]
         [Known:                3(  0.5%)]
         [New:                593( 99.3%)     11.2M]
      [Deduplicated:           43(  7.3%)    504.1K(  4.4%)]
         [Young:                0(  0.0%)      0.0B(  0.0%)]
         [Old:                 43(100.0%)    504.1K(100.0%)]
   [Total Exec: 384/1.4987113 secs, Idle: 384/106.6249467 secs, Blocked: 6/0.0132868 secs]
      [Inspected:          114994]
         [Skipped:            888(  0.8%)]
         [Hashed:          113128( 98.4%)]
         [Known:             4611(  4.0%)]
         [New:             109495( 95.2%)   2046.0M]
      [Deduplicated:         6314(  5.8%)     59.3M(  2.9%)]
         [Young:               10(  0.2%)     86.2K(  0.1%)]
         [Old:               6304( 99.8%)     59.3M( 99.9%)]
   [Table]
      [Memory Usage: 1320.6K]
      [Size: 32768, Min: 1024, Max: 16777216]
      [Entries: 44595, Load: 136.1%, Cached: 828, Added: 107718, Removed: 63123]
      [Resize Count: 5, Shrink Threshold: 21845(66.7%), Grow Threshold: 65536(200.0%)]
      [Rehash Count: 1, Rehash Threshold: 120, Hash Seed: 0xc4e8cebb]
      [Age Threshold: 3]
   [Queue]
      [Dropped: 0]
2016-06-27T18:02:22.532+0300: 108.789: [GC pause (G1 Evacuation Pause) (young)
Desired survivor size 4194304 bytes, new threshold 1 (max 15)
- age   1:   10199456 bytes,   10199456 total
, 0.0054043 secs]
   [Parallel Time: 4.4 ms, GC Workers: 4]
      [GC Worker Start (ms): Min: 108789.1, Avg: 108789.1, Max: 108789.1, Diff: 0.0]
      [Ext Root Scanning (ms): Min: 0.5, Avg: 0.5, Max: 0.6, Diff: 0.1, Sum: 2.0]
      [Update RS (ms): Min: 0.8, Avg: 0.8, Max: 0.8, Diff: 0.0, Sum: 3.4]
         [Processed Buffers: Min: 2, Avg: 10.8, Max: 23, Diff: 21, Sum: 43]
      [Scan RS (ms): Min: 0.0, Avg: 0.0, Max: 0.0, Diff: 0.0, Sum: 0.0]
      [Code Root Scanning (ms): Min: 0.0, Avg: 0.0, Max: 0.0, Diff: 0.0, Sum: 0.0]
      [Object Copy (ms): Min: 2.9, Avg: 3.0, Max: 3.0, Diff: 0.0, Sum: 11.9]
      [Termination (ms): Min: 0.0, Avg: 0.0, Max: 0.0, Diff: 0.0, Sum: 0.0]
         [Termination Attempts: Min: 1, Avg: 1.3, Max: 2, Diff: 1, Sum: 5]
      [GC Worker Other (ms): Min: 0.0, Avg: 0.0, Max: 0.0, Diff: 0.0, Sum: 0.0]
      [GC Worker Total (ms): Min: 4.3, Avg: 4.4, Max: 4.4, Diff: 0.0, Sum: 17.4]
      [GC Worker End (ms): Min: 108793.5, Avg: 108793.5, Max: 108793.5, Diff: 0.0]
   [Code Root Fixup: 0.0 ms]
   [Code Root Purge: 0.0 ms]
   [String Dedup Fixup: 0.5 ms, GC Workers: 4]
      [Queue Fixup (ms): Min: 0.0, Avg: 0.0, Max: 0.0, Diff: 0.0, Sum: 0.0]
      [Table Fixup (ms): Min: 0.5, Avg: 0.5, Max: 0.5, Diff: 0.0, Sum: 2.0]
   [Clear CT: 0.0 ms]
   [Other: 0.5 ms]
      [Choose CSet: 0.0 ms]
      [Ref Proc: 0.1 ms]
      [Ref Enq: 0.0 ms]
      [Redirty Cards: 0.0 ms]
      [Humongous Register: 0.0 ms]
      [Humongous Reclaim: 0.0 ms]
      [Free CSet: 0.1 ms]
   [Eden: 54.0M(54.0M)->0.0B(45.0M) Survivors: 10.0M->8192.0K Heap: 932.5M(1048.0M)->888.5M(1048.0M)]
 [Times: user=0.06 sys=0.00, real=0.00 secs] 
2016-06-27T18:02:22.537+0300: 108.795: Total time for which application threads were stopped: 0.0093370 seconds, Stopping threads took: 0.0032972 seconds
2016-06-27T18:02:22.545+0300: 108.802: [GC concurrent-string-deduplication, 10.3M->10067.9K(520.7K), avg 2.9%, 0.0073997 secs]
   [Last Exec: 0.0073997 secs, Idle: 0.4065855 secs, Blocked: 0/0.0000000 secs]
      [Inspected:             535]
         [Skipped:              0(  0.0%)]
         [Hashed:             535(100.0%)]
         [Known:                0(  0.0%)]
         [New:                535(100.0%)     10.3M]
      [Deduplicated:           32(  6.0%)    520.7K(  4.9%)]
         [Young:                0(  0.0%)      0.0B(  0.0%)]
         [Old:                 32(100.0%)    520.7K(100.0%)]
   [Total Exec: 385/1.5061110 secs, Idle: 385/107.0315322 secs, Blocked: 6/0.0132868 secs]
      [Inspected:          115529]
         [Skipped:            888(  0.8%)]
         [Hashed:          113663( 98.4%)]
         [Known:             4611(  4.0%)]
         [New:             110030( 95.2%)   2056.3M]
      [Deduplicated:         6346(  5.8%)     59.9M(  2.9%)]
         [Young:               10(  0.2%)     86.2K(  0.1%)]
         [Old:               6336( 99.8%)     59.8M( 99.9%)]
   [Table]
      [Memory Usage: 1320.6K]
      [Size: 32768, Min: 1024, Max: 16777216]
      [Entries: 45098, Load: 137.6%, Cached: 325, Added: 108221, Removed: 63123]
      [Resize Count: 5, Shrink Threshold: 21845(66.7%), Grow Threshold: 65536(200.0%)]
      [Rehash Count: 1, Rehash Threshold: 120, Hash Seed: 0xc4e8cebb]
      [Age Threshold: 3]
   [Queue]
      [Dropped: 0]
2016-06-27T18:02:22.930+0300: 109.187: [GC pause (G1 Evacuation Pause) (young)
Desired survivor size 3670016 bytes, new threshold 1 (max 15)
- age   1:    8223680 bytes,    8223680 total
, 0.0052067 secs]
   [Parallel Time: 4.1 ms, GC Workers: 4]
      [GC Worker Start (ms): Min: 109187.5, Avg: 109187.5, Max: 109187.5, Diff: 0.0]
      [Ext Root Scanning (ms): Min: 0.5, Avg: 0.7, Max: 0.9, Diff: 0.4, Sum: 2.8]
      [Update RS (ms): Min: 0.7, Avg: 0.9, Max: 1.0, Diff: 0.3, Sum: 3.5]
         [Processed Buffers: Min: 4, Avg: 9.8, Max: 14, Diff: 10, Sum: 39]
      [Scan RS (ms): Min: 0.0, Avg: 0.0, Max: 0.0, Diff: 0.0, Sum: 0.0]
      [Code Root Scanning (ms): Min: 0.0, Avg: 0.0, Max: 0.0, Diff: 0.0, Sum: 0.0]
      [Object Copy (ms): Min: 2.4, Avg: 2.4, Max: 2.6, Diff: 0.2, Sum: 9.8]
      [Termination (ms): Min: 0.0, Avg: 0.0, Max: 0.0, Diff: 0.0, Sum: 0.0]
         [Termination Attempts: Min: 1, Avg: 1.0, Max: 1, Diff: 0, Sum: 4]
      [GC Worker Other (ms): Min: 0.0, Avg: 0.0, Max: 0.0, Diff: 0.0, Sum: 0.1]
      [GC Worker Total (ms): Min: 4.0, Avg: 4.1, Max: 4.1, Diff: 0.0, Sum: 16.2]
      [GC Worker End (ms): Min: 109191.6, Avg: 109191.6, Max: 109191.6, Diff: 0.0]
   [Code Root Fixup: 0.0 ms]
   [Code Root Purge: 0.0 ms]
   [String Dedup Fixup: 0.6 ms, GC Workers: 4]
      [Queue Fixup (ms): Min: 0.0, Avg: 0.0, Max: 0.0, Diff: 0.0, Sum: 0.0]
      [Table Fixup (ms): Min: 0.5, Avg: 0.5, Max: 0.5, Diff: 0.0, Sum: 2.1]
   [Clear CT: 0.0 ms]
   [Other: 0.5 ms]
      [Choose CSet: 0.0 ms]
      [Ref Proc: 0.1 ms]
      [Ref Enq: 0.0 ms]
      [Redirty Cards: 0.0 ms]
      [Humongous Register: 0.0 ms]
      [Humongous Reclaim: 0.0 ms]
      [Free CSet: 0.1 ms]
   [Eden: 45.0M(45.0M)->0.0B(45.0M) Survivors: 8192.0K->7168.0K Heap: 933.5M(1048.0M)->897.5M(1048.0M)]
 [Times: user=0.00 sys=0.00, real=0.00 secs] 
2016-06-27T18:02:22.935+0300: 109.193: Total time for which application threads were stopped: 0.0117395 seconds, Stopping threads took: 0.0058503 seconds
2016-06-27T18:02:22.941+0300: 109.199: [GC concurrent-string-deduplication, 8259.8K->7906.2K(353.6K), avg 2.9%, 0.0058251 secs]
   [Last Exec: 0.0058251 secs, Idle: 0.3907388 secs, Blocked: 0/0.0000000 secs]
      [Inspected:             430]
         [Skipped:              2(  0.5%)]
         [Hashed:             428( 99.5%)]
         [Known:                0(  0.0%)]
         [New:                428( 99.5%)   8259.8K]
      [Deduplicated:           33(  7.7%)    353.6K(  4.3%)]
         [Young:                0(  0.0%)      0.0B(  0.0%)]
         [Old:                 33(100.0%)    353.6K(100.0%)]
   [Total Exec: 386/1.5119360 secs, Idle: 386/107.4222710 secs, Blocked: 6/0.0132868 secs]
      [Inspected:          115959]
         [Skipped:            890(  0.8%)]
         [Hashed:          114091( 98.4%)]
         [Known:             4611(  4.0%)]
         [New:             110458( 95.3%)   2064.4M]
      [Deduplicated:         6379(  5.8%)     60.2M(  2.9%)]
         [Young:               10(  0.2%)     86.2K(  0.1%)]
         [Old:               6369( 99.8%)     60.1M( 99.9%)]
   [Table]
      [Memory Usage: 1322.2K]
      [Size: 32768, Min: 1024, Max: 16777216]
      [Entries: 45493, Load: 138.8%, Cached: 0, Added: 108616, Removed: 63123]
      [Resize Count: 5, Shrink Threshold: 21845(66.7%), Grow Threshold: 65536(200.0%)]
      [Rehash Count: 1, Rehash Threshold: 120, Hash Seed: 0xc4e8cebb]
      [Age Threshold: 3]
   [Queue]
      [Dropped: 0]
2016-06-27T18:02:23.270+0300: 109.527: [GC pause (G1 Evacuation Pause) (young)
Desired survivor size 3670016 bytes, new threshold 1 (max 15)
- age   1:    6970400 bytes,    6970400 total
, 0.0047658 secs]
   [Parallel Time: 3.7 ms, GC Workers: 4]
      [GC Worker Start (ms): Min: 109527.0, Avg: 109527.0, Max: 109527.1, Diff: 0.2]
      [Ext Root Scanning (ms): Min: 0.4, Avg: 0.6, Max: 0.7, Diff: 0.3, Sum: 2.3]
      [Update RS (ms): Min: 0.7, Avg: 0.9, Max: 1.0, Diff: 0.3, Sum: 3.4]
         [Processed Buffers: Min: 2, Avg: 10.8, Max: 22, Diff: 20, Sum: 43]
      [Scan RS (ms): Min: 0.0, Avg: 0.0, Max: 0.0, Diff: 0.0, Sum: 0.0]
      [Code Root Scanning (ms): Min: 0.0, Avg: 0.0, Max: 0.0, Diff: 0.0, Sum: 0.0]
      [Object Copy (ms): Min: 2.1, Avg: 2.2, Max: 2.2, Diff: 0.1, Sum: 8.6]
      [Termination (ms): Min: 0.0, Avg: 0.0, Max: 0.0, Diff: 0.0, Sum: 0.0]
         [Termination Attempts: Min: 1, Avg: 1.0, Max: 1, Diff: 0, Sum: 4]
      [GC Worker Other (ms): Min: 0.0, Avg: 0.0, Max: 0.0, Diff: 0.0, Sum: 0.1]
      [GC Worker Total (ms): Min: 3.5, Avg: 3.6, Max: 3.6, Diff: 0.2, Sum: 14.4]
      [GC Worker End (ms): Min: 109530.6, Avg: 109530.6, Max: 109530.6, Diff: 0.0]
   [Code Root Fixup: 0.0 ms]
   [Code Root Purge: 0.0 ms]
   [String Dedup Fixup: 0.5 ms, GC Workers: 4]
      [Queue Fixup (ms): Min: 0.0, Avg: 0.0, Max: 0.0, Diff: 0.0, Sum: 0.0]
      [Table Fixup (ms): Min: 0.5, Avg: 0.5, Max: 0.5, Diff: 0.0, Sum: 2.1]
   [Clear CT: 0.0 ms]
   [Other: 0.5 ms]
      [Choose CSet: 0.0 ms]
      [Ref Proc: 0.0 ms]
      [Ref Enq: 0.0 ms]
      [Redirty Cards: 0.0 ms]
      [Humongous Register: 0.0 ms]
      [Humongous Reclaim: 0.0 ms]
      [Free CSet: 0.1 ms]
   [Eden: 45.0M(45.0M)->0.0B(45.0M) Survivors: 7168.0K->7168.0K Heap: 942.5M(1048.0M)->906.0M(1048.0M)]
 [Times: user=0.05 sys=0.00, real=0.01 secs] 
2016-06-27T18:02:23.275+0300: 109.532: Total time for which application threads were stopped: 0.0116703 seconds, Stopping threads took: 0.0062027 seconds
2016-06-27T18:02:23.280+0300: 109.537: [GC concurrent-string-deduplication, 7092.8K->6785.3K(307.5K), avg 2.9%, 0.0049471 secs]
   [Last Exec: 0.0049471 secs, Idle: 0.3331368 secs, Blocked: 0/0.0000000 secs]
      [Inspected:             366]
         [Skipped:              2(  0.5%)]
         [Hashed:             364( 99.5%)]
         [Known:                0(  0.0%)]
         [New:                364( 99.5%)   7092.8K]
      [Deduplicated:           25(  6.9%)    307.5K(  4.3%)]
         [Young:                0(  0.0%)      0.0B(  0.0%)]
         [Old:                 25(100.0%)    307.5K(100.0%)]
   [Total Exec: 387/1.5168832 secs, Idle: 387/107.7554078 secs, Blocked: 6/0.0132868 secs]
      [Inspected:          116325]
         [Skipped:            892(  0.8%)]
         [Hashed:          114455( 98.4%)]
         [Known:             4611(  4.0%)]
         [New:             110822( 95.3%)   2071.3M]
      [Deduplicated:         6404(  5.8%)     60.5M(  2.9%)]
         [Young:               10(  0.2%)     86.2K(  0.1%)]
         [Old:               6394( 99.8%)     60.4M( 99.9%)]
   [Table]
      [Memory Usage: 1330.2K]
      [Size: 32768, Min: 1024, Max: 16777216]
      [Entries: 45832, Load: 139.9%, Cached: 0, Added: 108955, Removed: 63123]
      [Resize Count: 5, Shrink Threshold: 21845(66.7%), Grow Threshold: 65536(200.0%)]
      [Rehash Count: 1, Rehash Threshold: 120, Hash Seed: 0xc4e8cebb]
      [Age Threshold: 3]
   [Queue]
      [Dropped: 0]
2016-06-27T18:02:23.505+0300: 109.762: [GC pause (G1 Evacuation Pause) (young)
Desired survivor size 3670016 bytes, new threshold 1 (max 15)
- age   1:    6886168 bytes,    6886168 total
, 0.0088644 secs]
   [Parallel Time: 7.0 ms, GC Workers: 4]
      [GC Worker Start (ms): Min: 109762.3, Avg: 109762.4, Max: 109762.6, Diff: 0.3]
      [Ext Root Scanning (ms): Min: 0.9, Avg: 2.3, Max: 6.5, Diff: 5.7, Sum: 9.2]
      [Update RS (ms): Min: 0.0, Avg: 2.4, Max: 5.5, Diff: 5.5, Sum: 9.8]
         [Processed Buffers: Min: 0, Avg: 8.0, Max: 17, Diff: 17, Sum: 32]
      [Scan RS (ms): Min: 0.0, Avg: 0.0, Max: 0.1, Diff: 0.0, Sum: 0.1]
      [Code Root Scanning (ms): Min: 0.0, Avg: 0.0, Max: 0.0, Diff: 0.0, Sum: 0.0]
      [Object Copy (ms): Min: 0.0, Avg: 1.5, Max: 3.4, Diff: 3.4, Sum: 6.0]
      [Termination (ms): Min: 0.0, Avg: 0.4, Max: 0.8, Diff: 0.8, Sum: 1.7]
         [Termination Attempts: Min: 1, Avg: 1.0, Max: 1, Diff: 0, Sum: 4]
      [GC Worker Other (ms): Min: 0.0, Avg: 0.0, Max: 0.1, Diff: 0.0, Sum: 0.1]
      [GC Worker Total (ms): Min: 6.6, Avg: 6.8, Max: 6.9, Diff: 0.3, Sum: 27.1]
      [GC Worker End (ms): Min: 109769.1, Avg: 109769.2, Max: 109769.2, Diff: 0.1]
   [Code Root Fixup: 0.0 ms]
   [Code Root Purge: 0.0 ms]
   [String Dedup Fixup: 1.1 ms, GC Workers: 4]
      [Queue Fixup (ms): Min: 0.0, Avg: 0.0, Max: 0.0, Diff: 0.0, Sum: 0.0]
      [Table Fixup (ms): Min: 0.0, Avg: 0.5, Max: 1.1, Diff: 1.1, Sum: 2.1]
   [Clear CT: 0.1 ms]
   [Other: 0.7 ms]
      [Choose CSet: 0.0 ms]
      [Ref Proc: 0.3 ms]
      [Ref Enq: 0.0 ms]
      [Redirty Cards: 0.0 ms]
      [Humongous Register: 0.0 ms]
      [Humongous Reclaim: 0.0 ms]
      [Free CSet: 0.1 ms]
   [Eden: 45.0M(45.0M)->0.0B(45.0M) Survivors: 7168.0K->7168.0K Heap: 951.0M(1048.0M)->915.0M(1048.0M)]
 [Times: user=0.00 sys=0.00, real=0.01 secs] 
2016-06-27T18:02:23.514+0300: 109.771: Total time for which application threads were stopped: 0.0205745 seconds, Stopping threads took: 0.0109685 seconds
2016-06-27T18:02:23.520+0300: 109.777: [GC concurrent-string-deduplication, 7331.8K->7105.5K(226.3K), avg 2.9%, 0.0056976 secs]
   [Last Exec: 0.0056976 secs, Idle: 0.2343208 secs, Blocked: 0/0.0000000 secs]
      [Inspected:             374]
         [Skipped:              2(  0.5%)]
         [Hashed:             372( 99.5%)]
         [Known:                0(  0.0%)]
         [New:                372( 99.5%)   7331.8K]
      [Deduplicated:           17(  4.6%)    226.3K(  3.1%)]
         [Young:                0(  0.0%)      0.0B(  0.0%)]
         [Old:                 17(100.0%)    226.3K(100.0%)]
   [Total Exec: 388/1.5225808 secs, Idle: 388/107.9897286 secs, Blocked: 6/0.0132868 secs]
      [Inspected:          116699]
         [Skipped:            894(  0.8%)]
         [Hashed:          114827( 98.4%)]
         [Known:             4611(  4.0%)]
         [New:             111194( 95.3%)   2078.5M]
      [Deduplicated:         6421(  5.8%)     60.7M(  2.9%)]
         [Young:               10(  0.2%)     86.2K(  0.1%)]
         [Old:               6411( 99.8%)     60.6M( 99.9%)]
   [Table]
      [Memory Usage: 1338.5K]
      [Size: 32768, Min: 1024, Max: 16777216]
      [Entries: 46187, Load: 141.0%, Cached: 0, Added: 109310, Removed: 63123]
      [Resize Count: 5, Shrink Threshold: 21845(66.7%), Grow Threshold: 65536(200.0%)]
      [Rehash Count: 1, Rehash Threshold: 120, Hash Seed: 0xc4e8cebb]
      [Age Threshold: 3]
   [Queue]
      [Dropped: 0]
2016-06-27T18:02:23.551+0300: 109.809: Total time for which application threads were stopped: 0.0088229 seconds, Stopping threads took: 0.0083568 seconds
2016-06-27T18:02:23.553+0300: 109.810: Total time for which application threads were stopped: 0.0005038 seconds, Stopping threads took: 0.0000586 seconds
2016-06-27T18:02:23.750+0300: 110.008: [GC pause (G1 Evacuation Pause) (young)
Desired survivor size 3670016 bytes, new threshold 1 (max 15)
- age   1:    6502840 bytes,    6502840 total
, 0.0045070 secs]
   [Parallel Time: 3.4 ms, GC Workers: 4]
      [GC Worker Start (ms): Min: 110007.7, Avg: 110007.7, Max: 110007.8, Diff: 0.0]
      [Ext Root Scanning (ms): Min: 0.5, Avg: 0.5, Max: 0.6, Diff: 0.1, Sum: 2.1]
      [Update RS (ms): Min: 0.6, Avg: 0.6, Max: 0.7, Diff: 0.1, Sum: 2.5]
         [Processed Buffers: Min: 3, Avg: 6.3, Max: 12, Diff: 9, Sum: 25]
      [Scan RS (ms): Min: 0.0, Avg: 0.0, Max: 0.0, Diff: 0.0, Sum: 0.0]
      [Code Root Scanning (ms): Min: 0.0, Avg: 0.0, Max: 0.0, Diff: 0.0, Sum: 0.0]
      [Object Copy (ms): Min: 2.1, Avg: 2.1, Max: 2.2, Diff: 0.1, Sum: 8.5]
      [Termination (ms): Min: 0.0, Avg: 0.0, Max: 0.0, Diff: 0.0, Sum: 0.0]
         [Termination Attempts: Min: 1, Avg: 1.0, Max: 1, Diff: 0, Sum: 4]
      [GC Worker Other (ms): Min: 0.0, Avg: 0.0, Max: 0.0, Diff: 0.0, Sum: 0.1]
      [GC Worker Total (ms): Min: 3.3, Avg: 3.3, Max: 3.3, Diff: 0.0, Sum: 13.3]
      [GC Worker End (ms): Min: 110011.1, Avg: 110011.1, Max: 110011.1, Diff: 0.0]
   [Code Root Fixup: 0.0 ms]
   [Code Root Purge: 0.0 ms]
   [String Dedup Fixup: 0.6 ms, GC Workers: 4]
      [Queue Fixup (ms): Min: 0.0, Avg: 0.0, Max: 0.0, Diff: 0.0, Sum: 0.0]
      [Table Fixup (ms): Min: 0.6, Avg: 0.6, Max: 0.6, Diff: 0.0, Sum: 2.3]
   [Clear CT: 0.0 ms]
   [Other: 0.5 ms]
      [Choose CSet: 0.0 ms]
      [Ref Proc: 0.1 ms]
      [Ref Enq: 0.0 ms]
      [Redirty Cards: 0.0 ms]
      [Humongous Register: 0.0 ms]
      [Humongous Reclaim: 0.0 ms]
      [Free CSet: 0.1 ms]
   [Eden: 45.0M(45.0M)->0.0B(45.0M) Survivors: 7168.0K->7168.0K Heap: 960.0M(1048.0M)->923.0M(1048.0M)]
 [Times: user=0.06 sys=0.00, real=0.01 secs] 
2016-06-27T18:02:23.755+0300: 110.012: Total time for which application threads were stopped: 0.0119628 seconds, Stopping threads took: 0.0068600 seconds
2016-06-27T18:02:23.760+0300: 110.017: [GC concurrent-string-deduplication, 6687.4K->6425.0K(262.4K), avg 2.9%, 0.0050476 secs]
   [Last Exec: 0.0050476 secs, Idle: 0.2353001 secs, Blocked: 0/0.0000000 secs]
      [Inspected:             339]
         [Skipped:              0(  0.0%)]
         [Hashed:             339(100.0%)]
         [Known:                0(  0.0%)]
         [New:                339(100.0%)   6687.4K]
      [Deduplicated:           18(  5.3%)    262.4K(  3.9%)]
         [Young:                0(  0.0%)      0.0B(  0.0%)]
         [Old:                 18(100.0%)    262.4K(100.0%)]
   [Total Exec: 389/1.5276284 secs, Idle: 389/108.2250287 secs, Blocked: 6/0.0132868 secs]
      [Inspected:          117038]
         [Skipped:            894(  0.8%)]
         [Hashed:          115166( 98.4%)]
         [Known:             4611(  3.9%)]
         [New:             111533( 95.3%)   2085.0M]
      [Deduplicated:         6439(  5.8%)     61.0M(  2.9%)]
         [Young:               10(  0.2%)     86.2K(  0.1%)]
         [Old:               6429( 99.8%)     60.9M( 99.9%)]
   [Table]
      [Memory Usage: 1346.1K]
      [Size: 32768, Min: 1024, Max: 16777216]
      [Entries: 46512, Load: 141.9%, Cached: 0, Added: 109635, Removed: 63123]
      [Resize Count: 5, Shrink Threshold: 21845(66.7%), Grow Threshold: 65536(200.0%)]
      [Rehash Count: 1, Rehash Threshold: 120, Hash Seed: 0xc4e8cebb]
      [Age Threshold: 3]
   [Queue]
      [Dropped: 0]
2016-06-27T18:02:24.068+0300: 110.325: [GC pause (G1 Evacuation Pause) (young)
Desired survivor size 3670016 bytes, new threshold 1 (max 15)
- age   1:    7022992 bytes,    7022992 total
, 0.0047128 secs]
   [Parallel Time: 3.3 ms, GC Workers: 4]
      [GC Worker Start (ms): Min: 110325.4, Avg: 110325.4, Max: 110325.4, Diff: 0.0]
      [Ext Root Scanning (ms): Min: 0.5, Avg: 0.5, Max: 0.6, Diff: 0.0, Sum: 2.1]
      [Update RS (ms): Min: 0.5, Avg: 0.5, Max: 0.6, Diff: 0.1, Sum: 2.1]
         [Processed Buffers: Min: 3, Avg: 8.3, Max: 17, Diff: 14, Sum: 33]
      [Scan RS (ms): Min: 0.0, Avg: 0.0, Max: 0.0, Diff: 0.0, Sum: 0.0]
      [Code Root Scanning (ms): Min: 0.0, Avg: 0.0, Max: 0.0, Diff: 0.0, Sum: 0.0]
      [Object Copy (ms): Min: 2.1, Avg: 2.2, Max: 2.2, Diff: 0.1, Sum: 8.8]
      [Termination (ms): Min: 0.0, Avg: 0.0, Max: 0.0, Diff: 0.0, Sum: 0.0]
         [Termination Attempts: Min: 1, Avg: 1.0, Max: 1, Diff: 0, Sum: 4]
      [GC Worker Other (ms): Min: 0.0, Avg: 0.0, Max: 0.0, Diff: 0.0, Sum: 0.1]
      [GC Worker Total (ms): Min: 3.3, Avg: 3.3, Max: 3.3, Diff: 0.0, Sum: 13.2]
      [GC Worker End (ms): Min: 110328.7, Avg: 110328.7, Max: 110328.7, Diff: 0.0]
   [Code Root Fixup: 0.0 ms]
   [Code Root Purge: 0.0 ms]
   [String Dedup Fixup: 0.8 ms, GC Workers: 4]
      [Queue Fixup (ms): Min: 0.0, Avg: 0.0, Max: 0.0, Diff: 0.0, Sum: 0.0]
      [Table Fixup (ms): Min: 0.5, Avg: 0.7, Max: 0.8, Diff: 0.4, Sum: 2.8]
   [Clear CT: 0.0 ms]
   [Other: 0.5 ms]
      [Choose CSet: 0.0 ms]
      [Ref Proc: 0.1 ms]
      [Ref Enq: 0.0 ms]
      [Redirty Cards: 0.0 ms]
      [Humongous Register: 0.0 ms]
      [Humongous Reclaim: 0.0 ms]
      [Free CSet: 0.0 ms]
   [Eden: 45.0M(45.0M)->0.0B(45.0M) Survivors: 7168.0K->7168.0K Heap: 968.0M(1048.0M)->931.5M(1048.0M)]
 [Times: user=0.00 sys=0.00, real=0.00 secs] 
2016-06-27T18:02:24.073+0300: 110.330: Total time for which application threads were stopped: 0.0099678 seconds, Stopping threads took: 0.0046533 seconds
2016-06-27T18:02:24.078+0300: 110.336: [GC concurrent-string-deduplication, 7367.0K->7005.5K(361.6K), avg 2.9%, 0.0052961 secs]
   [Last Exec: 0.0052961 secs, Idle: 0.3127458 secs, Blocked: 0/0.0000000 secs]
      [Inspected:             378]
         [Skipped:              0(  0.0%)]
         [Hashed:             378(100.0%)]
         [Known:                4(  1.1%)]
         [New:                374( 98.9%)   7367.0K]
      [Deduplicated:           24(  6.4%)    361.6K(  4.9%)]
         [Young:                0(  0.0%)      0.0B(  0.0%)]
         [Old:                 24(100.0%)    361.6K(100.0%)]
   [Total Exec: 390/1.5329245 secs, Idle: 390/108.5377745 secs, Blocked: 6/0.0132868 secs]
      [Inspected:          117416]
         [Skipped:            894(  0.8%)]
         [Hashed:          115544( 98.4%)]
         [Known:             4615(  3.9%)]
         [New:             111907( 95.3%)   2092.2M]
      [Deduplicated:         6463(  5.8%)     61.3M(  2.9%)]
         [Young:               10(  0.2%)     86.2K(  0.1%)]
         [Old:               6453( 99.8%)     61.2M( 99.9%)]
   [Table]
      [Memory Usage: 1354.3K]
      [Size: 32768, Min: 1024, Max: 16777216]
      [Entries: 46862, Load: 143.0%, Cached: 0, Added: 109985, Removed: 63123]
      [Resize Count: 5, Shrink Threshold: 21845(66.7%), Grow Threshold: 65536(200.0%)]
      [Rehash Count: 1, Rehash Threshold: 120, Hash Seed: 0xc4e8cebb]
      [Age Threshold: 3]
   [Queue]
      [Dropped: 0]
2016-06-27T18:02:24.467+0300: 110.725: [GC pause (G1 Evacuation Pause) (young)
Desired survivor size 3670016 bytes, new threshold 1 (max 15)
- age   1:    7146592 bytes,    7146592 total
, 0.0044536 secs]
   [Parallel Time: 3.4 ms, GC Workers: 4]
      [GC Worker Start (ms): Min: 110724.7, Avg: 110724.7, Max: 110724.7, Diff: 0.0]
      [Ext Root Scanning (ms): Min: 0.5, Avg: 0.6, Max: 0.6, Diff: 0.1, Sum: 2.3]
      [Update RS (ms): Min: 0.5, Avg: 0.6, Max: 0.7, Diff: 0.3, Sum: 2.3]
         [Processed Buffers: Min: 2, Avg: 10.5, Max: 22, Diff: 20, Sum: 42]
      [Scan RS (ms): Min: 0.0, Avg: 0.0, Max: 0.0, Diff: 0.0, Sum: 0.0]
      [Code Root Scanning (ms): Min: 0.0, Avg: 0.0, Max: 0.0, Diff: 0.0, Sum: 0.0]
      [Object Copy (ms): Min: 2.1, Avg: 2.2, Max: 2.3, Diff: 0.2, Sum: 8.8]
      [Termination (ms): Min: 0.0, Avg: 0.0, Max: 0.0, Diff: 0.0, Sum: 0.1]
         [Termination Attempts: Min: 1, Avg: 1.0, Max: 1, Diff: 0, Sum: 4]
      [GC Worker Other (ms): Min: 0.0, Avg: 0.0, Max: 0.0, Diff: 0.0, Sum: 0.0]
      [GC Worker Total (ms): Min: 3.4, Avg: 3.4, Max: 3.4, Diff: 0.0, Sum: 13.5]
      [GC Worker End (ms): Min: 110728.0, Avg: 110728.0, Max: 110728.0, Diff: 0.0]
   [Code Root Fixup: 0.0 ms]
   [Code Root Purge: 0.0 ms]
   [String Dedup Fixup: 0.6 ms, GC Workers: 4]
      [Queue Fixup (ms): Min: 0.0, Avg: 0.0, Max: 0.0, Diff: 0.0, Sum: 0.0]
      [Table Fixup (ms): Min: 0.5, Avg: 0.6, Max: 0.6, Diff: 0.0, Sum: 2.2]
   [Clear CT: 0.0 ms]
   [Other: 0.4 ms]
      [Choose CSet: 0.0 ms]
      [Ref Proc: 0.1 ms]
      [Ref Enq: 0.0 ms]
      [Redirty Cards: 0.0 ms]
      [Humongous Register: 0.0 ms]
      [Humongous Reclaim: 0.0 ms]
      [Free CSet: 0.0 ms]
   [Eden: 45.0M(45.0M)->0.0B(45.0M) Survivors: 7168.0K->7168.0K Heap: 976.5M(1048.0M)->940.5M(1048.0M)]
 [Times: user=0.00 sys=0.00, real=0.00 secs] 
2016-06-27T18:02:24.472+0300: 110.729: Total time for which application threads were stopped: 0.0108000 seconds, Stopping threads took: 0.0057118 seconds
2016-06-27T18:02:24.477+0300: 110.735: [GC concurrent-string-deduplication, 7352.0K->6985.5K(366.5K), avg 2.9%, 0.0053598 secs]
   [Last Exec: 0.0053598 secs, Idle: 0.3936054 secs, Blocked: 0/0.0000000 secs]
      [Inspected:             378]
         [Skipped:              2(  0.5%)]
         [Hashed:             376( 99.5%)]
         [Known:                0(  0.0%)]
         [New:                376( 99.5%)   7352.0K]
      [Deduplicated:           27(  7.2%)    366.5K(  5.0%)]
         [Young:                0(  0.0%)      0.0B(  0.0%)]
         [Old:                 27(100.0%)    366.5K(100.0%)]
   [Total Exec: 391/1.5382843 secs, Idle: 391/108.9313799 secs, Blocked: 6/0.0132868 secs]
      [Inspected:          117794]
         [Skipped:            896(  0.8%)]
         [Hashed:          115920( 98.4%)]
         [Known:             4615(  3.9%)]
         [New:             112283( 95.3%)   2099.4M]
      [Deduplicated:         6490(  5.8%)     61.7M(  2.9%)]
         [Young:               10(  0.2%)     86.2K(  0.1%)]
         [Old:               6480( 99.8%)     61.6M( 99.9%)]
   [Table]
      [Memory Usage: 1362.5K]
      [Size: 32768, Min: 1024, Max: 16777216]
      [Entries: 47211, Load: 144.1%, Cached: 0, Added: 110334, Removed: 63123]
      [Resize Count: 5, Shrink Threshold: 21845(66.7%), Grow Threshold: 65536(200.0%)]
      [Rehash Count: 1, Rehash Threshold: 120, Hash Seed: 0xc4e8cebb]
      [Age Threshold: 3]
   [Queue]
      [Dropped: 0]
2016-06-27T18:02:24.846+0300: 111.103: [GC pause (G1 Evacuation Pause) (young)
Desired survivor size 3670016 bytes, new threshold 1 (max 15)
- age   1:    7041448 bytes,    7041448 total
, 0.0066321 secs]
   [Parallel Time: 5.1 ms, GC Workers: 4]
      [GC Worker Start (ms): Min: 111103.7, Avg: 111103.8, Max: 111103.9, Diff: 0.2]
      [Ext Root Scanning (ms): Min: 0.8, Avg: 1.2, Max: 2.0, Diff: 1.2, Sum: 4.8]
      [Update RS (ms): Min: 0.3, Avg: 1.6, Max: 3.6, Diff: 3.4, Sum: 6.3]
         [Processed Buffers: Min: 2, Avg: 10.8, Max: 19, Diff: 17, Sum: 43]
      [Scan RS (ms): Min: 0.0, Avg: 0.0, Max: 0.0, Diff: 0.0, Sum: 0.0]
      [Code Root Scanning (ms): Min: 0.0, Avg: 0.0, Max: 0.0, Diff: 0.0, Sum: 0.0]
      [Object Copy (ms): Min: 0.1, Avg: 1.9, Max: 2.6, Diff: 2.5, Sum: 7.6]
      [Termination (ms): Min: 0.0, Avg: 0.3, Max: 0.4, Diff: 0.4, Sum: 1.0]
         [Termination Attempts: Min: 1, Avg: 1.8, Max: 4, Diff: 3, Sum: 7]
      [GC Worker Other (ms): Min: 0.0, Avg: 0.0, Max: 0.0, Diff: 0.0, Sum: 0.0]
      [GC Worker Total (ms): Min: 4.8, Avg: 4.9, Max: 5.1, Diff: 0.2, Sum: 19.8]
      [GC Worker End (ms): Min: 111108.7, Avg: 111108.7, Max: 111108.7, Diff: 0.0]
   [Code Root Fixup: 0.0 ms]
   [Code Root Purge: 0.0 ms]
   [String Dedup Fixup: 0.9 ms, GC Workers: 4]
      [Queue Fixup (ms): Min: 0.0, Avg: 0.0, Max: 0.0, Diff: 0.0, Sum: 0.0]
      [Table Fixup (ms): Min: 0.0, Avg: 0.6, Max: 0.9, Diff: 0.9, Sum: 2.5]
   [Clear CT: 0.1 ms]
   [Other: 0.5 ms]
      [Choose CSet: 0.0 ms]
      [Ref Proc: 0.1 ms]
      [Ref Enq: 0.0 ms]
      [Redirty Cards: 0.0 ms]
      [Humongous Register: 0.0 ms]
      [Humongous Reclaim: 0.0 ms]
      [Free CSet: 0.1 ms]
   [Eden: 45.0M(45.0M)->0.0B(45.0M) Survivors: 7168.0K->7168.0K Heap: 985.5M(1048.0M)->949.5M(1048.0M)]
 [Times: user=0.05 sys=0.00, real=0.01 secs] 
2016-06-27T18:02:24.853+0300: 111.110: Total time for which application threads were stopped: 0.0201973 seconds, Stopping threads took: 0.0128532 seconds
2016-06-27T18:02:24.859+0300: 111.116: [GC concurrent-string-deduplication, 7289.9K->6905.4K(384.5K), avg 2.9%, 0.0056031 secs]
   [Last Exec: 0.0056031 secs, Idle: 0.3757615 secs, Blocked: 0/0.0000000 secs]
      [Inspected:             371]
         [Skipped:              0(  0.0%)]
         [Hashed:             371(100.0%)]
         [Known:                0(  0.0%)]
         [New:                371(100.0%)   7289.9K]
      [Deduplicated:           26(  7.0%)    384.5K(  5.3%)]
         [Young:                0(  0.0%)      0.0B(  0.0%)]
         [Old:                 26(100.0%)    384.5K(100.0%)]
   [Total Exec: 392/1.5438874 secs, Idle: 392/109.3071414 secs, Blocked: 6/0.0132868 secs]
      [Inspected:          118165]
         [Skipped:            896(  0.8%)]
         [Hashed:          116291( 98.4%)]
         [Known:             4615(  3.9%)]
         [New:             112654( 95.3%)   2106.5M]
      [Deduplicated:         6516(  5.8%)     62.1M(  2.9%)]
         [Young:               10(  0.2%)     86.2K(  0.1%)]
         [Old:               6506( 99.8%)     62.0M( 99.9%)]
   [Table]
      [Memory Usage: 1370.6K]
      [Size: 32768, Min: 1024, Max: 16777216]
      [Entries: 47556, Load: 145.1%, Cached: 0, Added: 110679, Removed: 63123]
      [Resize Count: 5, Shrink Threshold: 21845(66.7%), Grow Threshold: 65536(200.0%)]
      [Rehash Count: 1, Rehash Threshold: 120, Hash Seed: 0xc4e8cebb]
      [Age Threshold: 3]
   [Queue]
      [Dropped: 0]
2016-06-27T18:02:25.068+0300: 111.325: [GC pause (G1 Evacuation Pause) (young)
Desired survivor size 3670016 bytes, new threshold 1 (max 15)
- age   1:    6983048 bytes,    6983048 total
, 0.0054808 secs]
   [Parallel Time: 3.9 ms, GC Workers: 4]
      [GC Worker Start (ms): Min: 111325.2, Avg: 111325.2, Max: 111325.2, Diff: 0.0]
      [Ext Root Scanning (ms): Min: 0.5, Avg: 0.6, Max: 0.7, Diff: 0.2, Sum: 2.2]
      [Update RS (ms): Min: 1.0, Avg: 1.0, Max: 1.0, Diff: 0.1, Sum: 4.0]
         [Processed Buffers: Min: 1, Avg: 6.8, Max: 12, Diff: 11, Sum: 27]
      [Scan RS (ms): Min: 0.0, Avg: 0.0, Max: 0.0, Diff: 0.0, Sum: 0.0]
      [Code Root Scanning (ms): Min: 0.0, Avg: 0.0, Max: 0.0, Diff: 0.0, Sum: 0.0]
      [Object Copy (ms): Min: 2.2, Avg: 2.3, Max: 2.4, Diff: 0.3, Sum: 9.1]
      [Termination (ms): Min: 0.0, Avg: 0.0, Max: 0.0, Diff: 0.0, Sum: 0.0]
         [Termination Attempts: Min: 1, Avg: 1.0, Max: 1, Diff: 0, Sum: 4]
      [GC Worker Other (ms): Min: 0.0, Avg: 0.0, Max: 0.0, Diff: 0.0, Sum: 0.1]
      [GC Worker Total (ms): Min: 3.9, Avg: 3.9, Max: 3.9, Diff: 0.0, Sum: 15.5]
      [GC Worker End (ms): Min: 111329.1, Avg: 111329.1, Max: 111329.1, Diff: 0.0]
   [Code Root Fixup: 0.0 ms]
   [Code Root Purge: 0.0 ms]
   [String Dedup Fixup: 1.0 ms, GC Workers: 4]
      [Queue Fixup (ms): Min: 0.0, Avg: 0.0, Max: 0.0, Diff: 0.0, Sum: 0.0]
      [Table Fixup (ms): Min: 0.0, Avg: 0.7, Max: 0.9, Diff: 0.9, Sum: 2.7]
   [Clear CT: 0.0 ms]
   [Other: 0.6 ms]
      [Choose CSet: 0.0 ms]
      [Ref Proc: 0.1 ms]
      [Ref Enq: 0.0 ms]
      [Redirty Cards: 0.1 ms]
      [Humongous Register: 0.0 ms]
      [Humongous Reclaim: 0.0 ms]
      [Free CSet: 0.1 ms]
   [Eden: 45.0M(45.0M)->0.0B(45.0M) Survivors: 7168.0K->7168.0K Heap: 994.5M(1048.0M)->958.0M(1048.0M)]
 [Times: user=0.00 sys=0.00, real=0.00 secs] 
2016-06-27T18:02:25.073+0300: 111.331: Total time for which application threads were stopped: 0.0105836 seconds, Stopping threads took: 0.0044207 seconds
2016-06-27T18:02:25.078+0300: 111.336: [GC concurrent-string-deduplication, 6692.3K->6505.1K(187.3K), avg 2.9%, 0.0051066 secs]
   [Last Exec: 0.0051066 secs, Idle: 0.2146401 secs, Blocked: 0/0.0000000 secs]
      [Inspected:             347]
         [Skipped:              6(  1.7%)]
         [Hashed:             341( 98.3%)]
         [Known:                0(  0.0%)]
         [New:                341( 98.3%)   6692.3K]
      [Deduplicated:           16(  4.7%)    187.3K(  2.8%)]
         [Young:                0(  0.0%)      0.0B(  0.0%)]
         [Old:                 16(100.0%)    187.3K(100.0%)]
   [Total Exec: 393/1.5489940 secs, Idle: 393/109.5217815 secs, Blocked: 6/0.0132868 secs]
      [Inspected:          118512]
         [Skipped:            902(  0.8%)]
         [Hashed:          116632( 98.4%)]
         [Known:             4615(  3.9%)]
         [New:             112995( 95.3%)   2113.0M]
      [Deduplicated:         6532(  5.8%)     62.2M(  2.9%)]
         [Young:               10(  0.2%)     86.2K(  0.1%)]
         [Old:               6522( 99.8%)     62.2M( 99.9%)]
   [Table]
      [Memory Usage: 1378.2K]
      [Size: 32768, Min: 1024, Max: 16777216]
      [Entries: 47881, Load: 146.1%, Cached: 0, Added: 111004, Removed: 63123]
      [Resize Count: 5, Shrink Threshold: 21845(66.7%), Grow Threshold: 65536(200.0%)]
      [Rehash Count: 1, Rehash Threshold: 120, Hash Seed: 0xc4e8cebb]
      [Age Threshold: 3]
   [Queue]
      [Dropped: 0]
2016-06-27T18:02:25.265+0300: 111.522: [GC pause (G1 Evacuation Pause) (young)
Desired survivor size 3670016 bytes, new threshold 1 (max 15)
- age   1:    7016984 bytes,    7016984 total
, 0.0052306 secs]
   [Parallel Time: 4.1 ms, GC Workers: 4]
      [GC Worker Start (ms): Min: 111522.2, Avg: 111522.2, Max: 111522.2, Diff: 0.1]
      [Ext Root Scanning (ms): Min: 0.5, Avg: 0.6, Max: 0.6, Diff: 0.1, Sum: 2.2]
      [Update RS (ms): Min: 1.0, Avg: 1.1, Max: 1.5, Diff: 0.5, Sum: 4.4]
         [Processed Buffers: Min: 1, Avg: 7.3, Max: 14, Diff: 13, Sum: 29]
      [Scan RS (ms): Min: 0.0, Avg: 0.0, Max: 0.0, Diff: 0.0, Sum: 0.0]
      [Code Root Scanning (ms): Min: 0.0, Avg: 0.0, Max: 0.0, Diff: 0.0, Sum: 0.0]
      [Object Copy (ms): Min: 1.9, Avg: 2.3, Max: 2.4, Diff: 0.5, Sum: 9.0]
      [Termination (ms): Min: 0.0, Avg: 0.0, Max: 0.0, Diff: 0.0, Sum: 0.0]
         [Termination Attempts: Min: 1, Avg: 1.0, Max: 1, Diff: 0, Sum: 4]
      [GC Worker Other (ms): Min: 0.0, Avg: 0.0, Max: 0.0, Diff: 0.0, Sum: 0.0]
      [GC Worker Total (ms): Min: 3.9, Avg: 4.0, Max: 4.0, Diff: 0.1, Sum: 15.8]
      [GC Worker End (ms): Min: 111526.2, Avg: 111526.2, Max: 111526.2, Diff: 0.0]
   [Code Root Fixup: 0.0 ms]
   [Code Root Purge: 0.0 ms]
   [String Dedup Fixup: 0.6 ms, GC Workers: 4]
      [Queue Fixup (ms): Min: 0.0, Avg: 0.0, Max: 0.0, Diff: 0.0, Sum: 0.0]
      [Table Fixup (ms): Min: 0.5, Avg: 0.6, Max: 0.6, Diff: 0.0, Sum: 2.3]
   [Clear CT: 0.0 ms]
   [Other: 0.5 ms]
      [Choose CSet: 0.0 ms]
      [Ref Proc: 0.1 ms]
      [Ref Enq: 0.0 ms]
      [Redirty Cards: 0.0 ms]
      [Humongous Register: 0.0 ms]
      [Humongous Reclaim: 0.0 ms]
      [Free CSet: 0.0 ms]
   [Eden: 45.0M(45.0M)->0.0B(45.0M) Survivors: 7168.0K->7168.0K Heap: 1003.0M(1048.0M)->966.5M(1048.0M)]
 [Times: user=0.00 sys=0.00, real=0.00 secs] 
2016-06-27T18:02:25.270+0300: 111.527: Total time for which application threads were stopped: 0.0072710 seconds, Stopping threads took: 0.0013488 seconds
2016-06-27T18:02:25.276+0300: 111.533: [GC concurrent-string-deduplication, 7510.9K->7225.6K(285.3K), avg 2.9%, 0.0056792 secs]
   [Last Exec: 0.0056792 secs, Idle: 0.1915391 secs, Blocked: 0/0.0000000 secs]
      [Inspected:             383]
         [Skipped:              3(  0.8%)]
         [Hashed:             380( 99.2%)]
         [Known:                0(  0.0%)]
         [New:                380( 99.2%)   7510.9K]
      [Deduplicated:           19(  5.0%)    285.3K(  3.8%)]
         [Young:                0(  0.0%)      0.0B(  0.0%)]
         [Old:                 19(100.0%)    285.3K(100.0%)]
   [Total Exec: 394/1.5546733 secs, Idle: 394/109.7133206 secs, Blocked: 6/0.0132868 secs]
      [Inspected:          118895]
         [Skipped:            905(  0.8%)]
         [Hashed:          117012( 98.4%)]
         [Known:             4615(  3.9%)]
         [New:             113375( 95.4%)   2120.4M]
      [Deduplicated:         6551(  5.8%)     62.5M(  2.9%)]
         [Young:               10(  0.2%)     86.2K(  0.1%)]
         [Old:               6541( 99.8%)     62.4M( 99.9%)]
   [Table]
      [Memory Usage: 1386.9K]
      [Size: 32768, Min: 1024, Max: 16777216]
      [Entries: 48251, Load: 147.3%, Cached: 0, Added: 111374, Removed: 63123]
      [Resize Count: 5, Shrink Threshold: 21845(66.7%), Grow Threshold: 65536(200.0%)]
      [Rehash Count: 1, Rehash Threshold: 120, Hash Seed: 0xc4e8cebb]
      [Age Threshold: 3]
   [Queue]
      [Dropped: 0]
2016-06-27T18:02:25.656+0300: 111.914: [GC pause (G1 Evacuation Pause) (young)
Desired survivor size 3670016 bytes, new threshold 1 (max 15)
- age   1:    6539576 bytes,    6539576 total
, 0.0048376 secs]
   [Parallel Time: 3.5 ms, GC Workers: 4]
      [GC Worker Start (ms): Min: 111913.9, Avg: 111913.9, Max: 111913.9, Diff: 0.0]
      [Ext Root Scanning (ms): Min: 0.5, Avg: 0.6, Max: 0.7, Diff: 0.2, Sum: 2.3]
      [Update RS (ms): Min: 0.6, Avg: 0.7, Max: 0.8, Diff: 0.2, Sum: 2.8]
         [Processed Buffers: Min: 6, Avg: 12.5, Max: 17, Diff: 11, Sum: 50]
      [Scan RS (ms): Min: 0.0, Avg: 0.0, Max: 0.0, Diff: 0.0, Sum: 0.0]
      [Code Root Scanning (ms): Min: 0.0, Avg: 0.0, Max: 0.0, Diff: 0.0, Sum: 0.0]
      [Object Copy (ms): Min: 2.1, Avg: 2.2, Max: 2.2, Diff: 0.1, Sum: 8.8]
      [Termination (ms): Min: 0.0, Avg: 0.0, Max: 0.0, Diff: 0.0, Sum: 0.0]
         [Termination Attempts: Min: 1, Avg: 1.0, Max: 1, Diff: 0, Sum: 4]
      [GC Worker Other (ms): Min: 0.0, Avg: 0.0, Max: 0.0, Diff: 0.0, Sum: 0.1]
      [GC Worker Total (ms): Min: 3.5, Avg: 3.5, Max: 3.5, Diff: 0.0, Sum: 14.0]
      [GC Worker End (ms): Min: 111917.4, Avg: 111917.4, Max: 111917.4, Diff: 0.0]
   [Code Root Fixup: 0.0 ms]
   [Code Root Purge: 0.0 ms]
   [String Dedup Fixup: 0.6 ms, GC Workers: 4]
      [Queue Fixup (ms): Min: 0.0, Avg: 0.0, Max: 0.0, Diff: 0.0, Sum: 0.0]
      [Table Fixup (ms): Min: 0.6, Avg: 0.6, Max: 0.6, Diff: 0.0, Sum: 2.3]
   [Clear CT: 0.0 ms]
   [Other: 0.6 ms]
      [Choose CSet: 0.0 ms]
      [Ref Proc: 0.1 ms]
      [Ref Enq: 0.0 ms]
      [Redirty Cards: 0.0 ms]
      [Humongous Register: 0.0 ms]
      [Humongous Reclaim: 0.0 ms]
      [Free CSet: 0.1 ms]
   [Eden: 45.0M(45.0M)->0.0B(45.0M) Survivors: 7168.0K->7168.0K Heap: 1011.5M(1048.0M)->975.0M(1048.0M)]
 [Times: user=0.06 sys=0.00, real=0.01 secs] 
2016-06-27T18:02:25.661+0300: 111.919: Total time for which application threads were stopped: 0.0085959 seconds, Stopping threads took: 0.0030611 seconds
2016-06-27T18:02:25.666+0300: 111.924: [GC concurrent-string-deduplication, 6805.1K->6386.2K(418.9K), avg 3.0%, 0.0049587 secs]
   [Last Exec: 0.0049587 secs, Idle: 0.3855509 secs, Blocked: 0/0.0000000 secs]
      [Inspected:             808]
         [Skipped:              1(  0.1%)]
         [Hashed:             807( 99.9%)]
         [Known:              131( 16.2%)]
         [New:                676( 83.7%)   6805.1K]
      [Deduplicated:          339( 50.1%)    418.9K(  6.2%)]
         [Young:                0(  0.0%)      0.0B(  0.0%)]
         [Old:                339(100.0%)    418.9K(100.0%)]
   [Total Exec: 395/1.5596319 secs, Idle: 395/110.0988715 secs, Blocked: 6/0.0132868 secs]
      [Inspected:          119703]
         [Skipped:            906(  0.8%)]
         [Hashed:          117819( 98.4%)]
         [Known:             4746(  4.0%)]
         [New:             114051( 95.3%)   2127.0M]
      [Deduplicated:         6890(  6.0%)     62.9M(  3.0%)]
         [Young:               10(  0.1%)     86.2K(  0.1%)]
         [Old:               6880( 99.9%)     62.8M( 99.9%)]
   [Table]
      [Memory Usage: 1394.8K]
      [Size: 32768, Min: 1024, Max: 16777216]
      [Entries: 48588, Load: 148.3%, Cached: 0, Added: 111711, Removed: 63123]
      [Resize Count: 5, Shrink Threshold: 21845(66.7%), Grow Threshold: 65536(200.0%)]
      [Rehash Count: 1, Rehash Threshold: 120, Hash Seed: 0xc4e8cebb]
      [Age Threshold: 3]
   [Queue]
      [Dropped: 0]
2016-06-27T18:02:25.764+0300: 112.021: [GC remark 2016-06-27T18:02:25.764+0300: 112.021: [Finalize Marking, 0.0001959 secs] 2016-06-27T18:02:25.764+0300: 112.022: [GC ref-proc, 0.0000984 secs] 2016-06-27T18:02:25.764+0300: 112.022: [Unloading, 0.0029192 secs], 0.0067291 secs]
 [Times: user=0.06 sys=0.00, real=0.01 secs] 
2016-06-27T18:02:25.771+0300: 112.028: Total time for which application threads were stopped: 0.0081661 seconds, Stopping threads took: 0.0010144 seconds
2016-06-27T18:02:25.805+0300: 112.062: [GC cleanup 990M->990M(1048M), 0.0022161 secs]
 [Times: user=0.00 sys=0.00, real=0.00 secs] 
2016-06-27T18:02:25.807+0300: 112.064: Total time for which application threads were stopped: 0.0043800 seconds, Stopping threads took: 0.0017016 seconds
2016-06-27T18:02:26.059+0300: 112.316: [GC pause (G1 Evacuation Pause) (young)
Desired survivor size 3670016 bytes, new threshold 1 (max 15)
- age   1:    7197824 bytes,    7197824 total
, 0.0047157 secs]
   [Parallel Time: 3.5 ms, GC Workers: 4]
      [GC Worker Start (ms): Min: 112316.5, Avg: 112316.6, Max: 112316.7, Diff: 0.1]
      [Ext Root Scanning (ms): Min: 0.5, Avg: 0.6, Max: 0.6, Diff: 0.1, Sum: 2.2]
      [Update RS (ms): Min: 0.6, Avg: 0.7, Max: 1.1, Diff: 0.5, Sum: 2.9]
         [Processed Buffers: Min: 2, Avg: 9.0, Max: 30, Diff: 28, Sum: 36]
      [Scan RS (ms): Min: 0.0, Avg: 0.0, Max: 0.0, Diff: 0.0, Sum: 0.0]
      [Code Root Scanning (ms): Min: 0.0, Avg: 0.0, Max: 0.0, Diff: 0.0, Sum: 0.0]
      [Object Copy (ms): Min: 1.7, Avg: 2.1, Max: 2.3, Diff: 0.6, Sum: 8.4]
      [Termination (ms): Min: 0.0, Avg: 0.0, Max: 0.0, Diff: 0.0, Sum: 0.0]
         [Termination Attempts: Min: 1, Avg: 1.0, Max: 1, Diff: 0, Sum: 4]
      [GC Worker Other (ms): Min: 0.0, Avg: 0.0, Max: 0.0, Diff: 0.0, Sum: 0.1]
      [GC Worker Total (ms): Min: 3.3, Avg: 3.4, Max: 3.4, Diff: 0.1, Sum: 13.6]
      [GC Worker End (ms): Min: 112320.0, Avg: 112320.0, Max: 112320.0, Diff: 0.0]
   [Code Root Fixup: 0.0 ms]
   [Code Root Purge: 0.0 ms]
   [String Dedup Fixup: 0.6 ms, GC Workers: 4]
      [Queue Fixup (ms): Min: 0.0, Avg: 0.0, Max: 0.0, Diff: 0.0, Sum: 0.0]
      [Table Fixup (ms): Min: 0.6, Avg: 0.6, Max: 0.6, Diff: 0.0, Sum: 2.3]
   [Clear CT: 0.0 ms]
   [Other: 0.6 ms]
      [Choose CSet: 0.0 ms]
      [Ref Proc: 0.2 ms]
      [Ref Enq: 0.0 ms]
      [Redirty Cards: 0.0 ms]
      [Humongous Register: 0.0 ms]
      [Humongous Reclaim: 0.0 ms]
      [Free CSet: 0.1 ms]
   [Eden: 45.0M(45.0M)->0.0B(45.0M) Survivors: 7168.0K->7168.0K Heap: 1020.0M(1048.0M)->984.0M(1048.0M)]
 [Times: user=0.00 sys=0.00, real=0.00 secs] 
2016-06-27T18:02:26.064+0300: 112.321: Total time for which application threads were stopped: 0.0111515 seconds, Stopping threads took: 0.0058259 seconds
2016-06-27T18:02:26.070+0300: 112.327: [GC concurrent-string-deduplication, 7547.9K->7125.6K(422.4K), avg 3.0%, 0.0053328 secs]
   [Last Exec: 0.0053328 secs, Idle: 0.3975017 secs, Blocked: 0/0.0000000 secs]
      [Inspected:             379]
         [Skipped:              0(  0.0%)]
         [Hashed:             379(100.0%)]
         [Known:                0(  0.0%)]
         [New:                379(100.0%)   7547.9K]
      [Deduplicated:           23(  6.1%)    422.4K(  5.6%)]
         [Young:                1(  4.3%)   1040.0B(  0.2%)]
         [Old:                 22( 95.7%)    421.3K( 99.8%)]
   [Total Exec: 396/1.5649648 secs, Idle: 396/110.4963733 secs, Blocked: 6/0.0132868 secs]
      [Inspected:          120082]
         [Skipped:            906(  0.8%)]
         [Hashed:          118198( 98.4%)]
         [Known:             4746(  4.0%)]
         [New:             114430( 95.3%)   2134.4M]
      [Deduplicated:         6913(  6.0%)     63.3M(  3.0%)]
         [Young:               11(  0.2%)     87.2K(  0.1%)]
         [Old:               6902( 99.8%)     63.3M( 99.9%)]
   [Table]
      [Memory Usage: 1394.8K]
      [Size: 32768, Min: 1024, Max: 16777216]
      [Entries: 46793, Load: 142.8%, Cached: 1795, Added: 112067, Removed: 65274]
      [Resize Count: 5, Shrink Threshold: 21845(66.7%), Grow Threshold: 65536(200.0%)]
      [Rehash Count: 1, Rehash Threshold: 120, Hash Seed: 0xc4e8cebb]
      [Age Threshold: 3]
   [Queue]
      [Dropped: 0]
2016-06-27T18:02:26.162+0300: 112.419: Total time for which application threads were stopped: 0.0074177 seconds, Stopping threads took: 0.0062172 seconds
2016-06-27T18:02:26.316+0300: 112.573: [GC pause (G1 Evacuation Pause) (mixed)
Desired survivor size 3670016 bytes, new threshold 1 (max 15)
- age   1:    6944576 bytes,    6944576 total
, 0.0281585 secs]
   [Parallel Time: 25.6 ms, GC Workers: 4]
      [GC Worker Start (ms): Min: 112573.2, Avg: 112573.2, Max: 112573.3, Diff: 0.0]
      [Ext Root Scanning (ms): Min: 0.4, Avg: 0.5, Max: 0.6, Diff: 0.1, Sum: 1.9]
      [Update RS (ms): Min: 0.4, Avg: 0.5, Max: 0.5, Diff: 0.2, Sum: 1.9]
         [Processed Buffers: Min: 1, Avg: 6.5, Max: 12, Diff: 11, Sum: 26]
      [Scan RS (ms): Min: 4.6, Avg: 4.9, Max: 5.9, Diff: 1.3, Sum: 19.8]
      [Code Root Scanning (ms): Min: 0.0, Avg: 0.0, Max: 0.0, Diff: 0.0, Sum: 0.1]
      [Object Copy (ms): Min: 18.5, Avg: 19.5, Max: 19.8, Diff: 1.3, Sum: 78.0]
      [Termination (ms): Min: 0.0, Avg: 0.0, Max: 0.1, Diff: 0.1, Sum: 0.2]
         [Termination Attempts: Min: 1, Avg: 1.0, Max: 1, Diff: 0, Sum: 4]
      [GC Worker Other (ms): Min: 0.0, Avg: 0.0, Max: 0.0, Diff: 0.0, Sum: 0.0]
      [GC Worker Total (ms): Min: 25.4, Avg: 25.5, Max: 25.5, Diff: 0.1, Sum: 101.9]
      [GC Worker End (ms): Min: 112598.7, Avg: 112598.7, Max: 112598.8, Diff: 0.1]
   [Code Root Fixup: 0.0 ms]
   [Code Root Purge: 0.0 ms]
   [String Dedup Fixup: 1.2 ms, GC Workers: 4]
      [Queue Fixup (ms): Min: 0.0, Avg: 0.0, Max: 0.0, Diff: 0.0, Sum: 0.0]
      [Table Fixup (ms): Min: 0.5, Avg: 1.0, Max: 1.1, Diff: 0.6, Sum: 3.8]
   [Clear CT: 0.2 ms]
   [Other: 1.2 ms]
      [Choose CSet: 0.2 ms]
      [Ref Proc: 0.1 ms]
      [Ref Enq: 0.0 ms]
      [Redirty Cards: 0.1 ms]
      [Humongous Register: 0.0 ms]
      [Humongous Reclaim: 0.0 ms]
      [Free CSet: 0.5 ms]
   [Eden: 45.0M(45.0M)->0.0B(48.0M) Survivors: 7168.0K->7168.0K Heap: 1029.0M(1048.0M)->952.5M(1110.0M)]
 [Times: user=0.06 sys=0.06, real=0.03 secs] 
2016-06-27T18:02:26.344+0300: 112.601: Total time for which application threads were stopped: 0.0369173 seconds, Stopping threads took: 0.0081383 seconds
2016-06-27T18:02:26.349+0300: 112.606: [GC concurrent-string-deduplication, 6971.5K->6745.3K(226.3K), avg 3.0%, 0.0048765 secs]
   [Last Exec: 0.0048765 secs, Idle: 0.2746114 secs, Blocked: 0/0.0000000 secs]
      [Inspected:             356]
         [Skipped:              2(  0.6%)]
         [Hashed:             354( 99.4%)]
         [Known:                0(  0.0%)]
         [New:                354( 99.4%)   6971.5K]
      [Deduplicated:           17(  4.8%)    226.3K(  3.2%)]
         [Young:                0(  0.0%)      0.0B(  0.0%)]
         [Old:                 17(100.0%)    226.3K(100.0%)]
   [Total Exec: 397/1.5698413 secs, Idle: 397/110.7709847 secs, Blocked: 6/0.0132868 secs]
      [Inspected:          120438]
         [Skipped:            908(  0.8%)]
         [Hashed:          118552( 98.4%)]
         [Known:             4746(  3.9%)]
         [New:             114784( 95.3%)   2141.2M]
      [Deduplicated:         6930(  6.0%)     63.6M(  3.0%)]
         [Young:               11(  0.2%)     87.2K(  0.1%)]
         [Old:               6919( 99.8%)     63.5M( 99.9%)]
   [Table]
      [Memory Usage: 1394.8K]
      [Size: 32768, Min: 1024, Max: 16777216]
      [Entries: 47137, Load: 143.9%, Cached: 1451, Added: 112411, Removed: 65274]
      [Resize Count: 5, Shrink Threshold: 21845(66.7%), Grow Threshold: 65536(200.0%)]
      [Rehash Count: 1, Rehash Threshold: 120, Hash Seed: 0xc4e8cebb]
      [Age Threshold: 3]
   [Queue]
      [Dropped: 0]
2016-06-27T18:02:26.634+0300: 112.892: [GC pause (G1 Evacuation Pause) (mixed)
Desired survivor size 3670016 bytes, new threshold 1 (max 15)
- age   1:    6893080 bytes,    6893080 total
, 0.0201323 secs]
   [Parallel Time: 18.6 ms, GC Workers: 4]
      [GC Worker Start (ms): Min: 112892.1, Avg: 112892.1, Max: 112892.2, Diff: 0.0]
      [Ext Root Scanning (ms): Min: 0.5, Avg: 0.5, Max: 0.5, Diff: 0.1, Sum: 2.0]
      [Update RS (ms): Min: 10.2, Avg: 10.3, Max: 10.3, Diff: 0.1, Sum: 41.1]
         [Processed Buffers: Min: 11, Avg: 16.3, Max: 28, Diff: 17, Sum: 65]
      [Scan RS (ms): Min: 2.1, Avg: 2.2, Max: 2.2, Diff: 0.1, Sum: 8.8]
      [Code Root Scanning (ms): Min: 0.0, Avg: 0.0, Max: 0.1, Diff: 0.1, Sum: 0.1]
      [Object Copy (ms): Min: 5.5, Avg: 5.5, Max: 5.5, Diff: 0.1, Sum: 22.0]
      [Termination (ms): Min: 0.0, Avg: 0.0, Max: 0.0, Diff: 0.0, Sum: 0.0]
         [Termination Attempts: Min: 1, Avg: 1.0, Max: 1, Diff: 0, Sum: 4]
      [GC Worker Other (ms): Min: 0.0, Avg: 0.0, Max: 0.0, Diff: 0.0, Sum: 0.1]
      [GC Worker Total (ms): Min: 18.5, Avg: 18.5, Max: 18.5, Diff: 0.0, Sum: 74.1]
      [GC Worker End (ms): Min: 112910.7, Avg: 112910.7, Max: 112910.7, Diff: 0.0]
   [Code Root Fixup: 0.0 ms]
   [Code Root Purge: 0.0 ms]
   [String Dedup Fixup: 0.6 ms, GC Workers: 4]
      [Queue Fixup (ms): Min: 0.0, Avg: 0.0, Max: 0.0, Diff: 0.0, Sum: 0.0]
      [Table Fixup (ms): Min: 0.6, Avg: 0.6, Max: 0.6, Diff: 0.0, Sum: 2.4]
   [Clear CT: 0.2 ms]
   [Other: 0.7 ms]
      [Choose CSet: 0.1 ms]
      [Ref Proc: 0.1 ms]
      [Ref Enq: 0.0 ms]
      [Redirty Cards: 0.0 ms]
      [Humongous Register: 0.0 ms]
      [Humongous Reclaim: 0.0 ms]
      [Free CSet: 0.2 ms]
   [Eden: 48.0M(48.0M)->0.0B(48.0M) Survivors: 7168.0K->7168.0K Heap: 1000.5M(1110.0M)->951.5M(1110.0M)]
 [Times: user=0.06 sys=0.00, real=0.02 secs] 
2016-06-27T18:02:26.655+0300: 112.912: Total time for which application threads were stopped: 0.0263957 seconds, Stopping threads took: 0.0056780 seconds
2016-06-27T18:02:26.660+0300: 112.918: [GC concurrent-string-deduplication, 7339.6K->6945.6K(394.1K), avg 3.0%, 0.0052991 secs]
   [Last Exec: 0.0052991 secs, Idle: 0.3059328 secs, Blocked: 0/0.0000000 secs]
      [Inspected:             666]
         [Skipped:              3(  0.5%)]
         [Hashed:             663( 99.5%)]
         [Known:               22(  3.3%)]
         [New:                641( 96.2%)   7339.6K]
      [Deduplicated:          293( 45.7%)    394.1K(  5.4%)]
         [Young:                0(  0.0%)      0.0B(  0.0%)]
         [Old:                293(100.0%)    394.1K(100.0%)]
   [Total Exec: 398/1.5751404 secs, Idle: 398/111.0769175 secs, Blocked: 6/0.0132868 secs]
      [Inspected:          121104]
         [Skipped:            911(  0.8%)]
         [Hashed:          119215( 98.4%)]
         [Known:             4768(  3.9%)]
         [New:             115425( 95.3%)   2148.4M]
      [Deduplicated:         7223(  6.3%)     64.0M(  3.0%)]
         [Young:               11(  0.2%)     87.2K(  0.1%)]
         [Old:               7212( 99.8%)     63.9M( 99.9%)]
   [Table]
      [Memory Usage: 1394.8K]
      [Size: 32768, Min: 1024, Max: 16777216]
      [Entries: 47485, Load: 144.9%, Cached: 1103, Added: 112759, Removed: 65274]
      [Resize Count: 5, Shrink Threshold: 21845(66.7%), Grow Threshold: 65536(200.0%)]
      [Rehash Count: 1, Rehash Threshold: 120, Hash Seed: 0xc4e8cebb]
      [Age Threshold: 3]
   [Queue]
      [Dropped: 0]
2016-06-27T18:02:26.978+0300: 113.235: [GC pause (G1 Evacuation Pause) (young)
Desired survivor size 3670016 bytes, new threshold 1 (max 15)
- age   1:    7215992 bytes,    7215992 total
, 0.0137281 secs]
   [Parallel Time: 12.5 ms, GC Workers: 4]
      [GC Worker Start (ms): Min: 113235.2, Avg: 113235.2, Max: 113235.3, Diff: 0.1]
      [Ext Root Scanning (ms): Min: 0.6, Avg: 0.9, Max: 1.7, Diff: 1.1, Sum: 3.4]
      [Update RS (ms): Min: 9.0, Avg: 9.4, Max: 10.6, Diff: 1.6, Sum: 37.7]
         [Processed Buffers: Min: 4, Avg: 13.8, Max: 28, Diff: 24, Sum: 55]
      [Scan RS (ms): Min: 0.0, Avg: 0.0, Max: 0.0, Diff: 0.0, Sum: 0.0]
      [Code Root Scanning (ms): Min: 0.0, Avg: 0.0, Max: 0.0, Diff: 0.0, Sum: 0.0]
      [Object Copy (ms): Min: 0.1, Avg: 1.9, Max: 2.6, Diff: 2.5, Sum: 7.6]
      [Termination (ms): Min: 0.0, Avg: 0.2, Max: 0.3, Diff: 0.3, Sum: 0.9]
         [Termination Attempts: Min: 1, Avg: 1.0, Max: 1, Diff: 0, Sum: 4]
      [GC Worker Other (ms): Min: 0.0, Avg: 0.0, Max: 0.0, Diff: 0.0, Sum: 0.0]
      [GC Worker Total (ms): Min: 12.4, Avg: 12.4, Max: 12.5, Diff: 0.1, Sum: 49.7]
      [GC Worker End (ms): Min: 113247.6, Avg: 113247.6, Max: 113247.6, Diff: 0.0]
   [Code Root Fixup: 0.0 ms]
   [Code Root Purge: 0.0 ms]
   [String Dedup Fixup: 0.6 ms, GC Workers: 4]
      [Queue Fixup (ms): Min: 0.0, Avg: 0.0, Max: 0.0, Diff: 0.0, Sum: 0.0]
      [Table Fixup (ms): Min: 0.6, Avg: 0.6, Max: 0.6, Diff: 0.0, Sum: 2.3]
   [Clear CT: 0.0 ms]
   [Other: 0.6 ms]
      [Choose CSet: 0.0 ms]
      [Ref Proc: 0.0 ms]
      [Ref Enq: 0.0 ms]
      [Redirty Cards: 0.0 ms]
      [Humongous Register: 0.0 ms]
      [Humongous Reclaim: 0.0 ms]
      [Free CSet: 0.1 ms]
   [Eden: 48.0M(48.0M)->0.0B(48.0M) Survivors: 7168.0K->7168.0K Heap: 999.5M(1110.0M)->961.0M(1110.0M)]
 [Times: user=0.05 sys=0.00, real=0.01 secs] 
2016-06-27T18:02:26.992+0300: 113.249: Total time for which application threads were stopped: 0.0243464 seconds, Stopping threads took: 0.0099930 seconds
2016-06-27T18:02:26.997+0300: 113.255: [GC concurrent-string-deduplication, 8229.5K->8006.3K(223.2K), avg 3.0%, 0.0058666 secs]
   [Last Exec: 0.0058666 secs, Idle: 0.3312435 secs, Blocked: 0/0.0000000 secs]
      [Inspected:             417]
         [Skipped:              3(  0.7%)]
         [Hashed:             414( 99.3%)]
         [Known:                0(  0.0%)]
         [New:                414( 99.3%)   8229.5K]
      [Deduplicated:           14(  3.4%)    223.2K(  2.7%)]
         [Young:                0(  0.0%)      0.0B(  0.0%)]
         [Old:                 14(100.0%)    223.2K(100.0%)]
   [Total Exec: 399/1.5810069 secs, Idle: 399/111.4081610 secs, Blocked: 6/0.0132868 secs]
      [Inspected:          121521]
         [Skipped:            914(  0.8%)]
         [Hashed:          119629( 98.4%)]
         [Known:             4768(  3.9%)]
         [New:             115839( 95.3%)   2156.4M]
      [Deduplicated:         7237(  6.2%)     64.2M(  3.0%)]
         [Young:               11(  0.2%)     87.2K(  0.1%)]
         [Old:               7226( 99.8%)     64.1M( 99.9%)]
   [Table]
      [Memory Usage: 1394.8K]
      [Size: 32768, Min: 1024, Max: 16777216]
      [Entries: 47885, Load: 146.1%, Cached: 703, Added: 113159, Removed: 65274]
      [Resize Count: 5, Shrink Threshold: 21845(66.7%), Grow Threshold: 65536(200.0%)]
      [Rehash Count: 1, Rehash Threshold: 120, Hash Seed: 0xc4e8cebb]
      [Age Threshold: 3]
   [Queue]
      [Dropped: 0]
2016-06-27T18:02:27.167+0300: 113.424: Total time for which application threads were stopped: 0.0121655 seconds, Stopping threads took: 0.0105930 seconds
2016-06-27T18:02:27.246+0300: 113.504: [GC pause (G1 Evacuation Pause) (young) (initial-mark)
Desired survivor size 3670016 bytes, new threshold 1 (max 15)
- age   1:    6814736 bytes,    6814736 total
, 0.0100418 secs]
   [Parallel Time: 6.5 ms, GC Workers: 4]
      [GC Worker Start (ms): Min: 113503.8, Avg: 113504.2, Max: 113504.6, Diff: 0.8]
      [Ext Root Scanning (ms): Min: 0.4, Avg: 2.9, Max: 5.6, Diff: 5.2, Sum: 11.6]
      [Update RS (ms): Min: 0.0, Avg: 0.8, Max: 1.6, Diff: 1.6, Sum: 3.1]
         [Processed Buffers: Min: 0, Avg: 7.0, Max: 16, Diff: 16, Sum: 28]
      [Scan RS (ms): Min: 0.0, Avg: 0.0, Max: 0.0, Diff: 0.0, Sum: 0.0]
      [Code Root Scanning (ms): Min: 0.0, Avg: 0.0, Max: 0.0, Diff: 0.0, Sum: 0.0]
      [Object Copy (ms): Min: 0.0, Avg: 2.3, Max: 3.8, Diff: 3.8, Sum: 9.2]
      [Termination (ms): Min: 0.0, Avg: 0.1, Max: 0.1, Diff: 0.1, Sum: 0.3]
         [Termination Attempts: Min: 1, Avg: 1.8, Max: 3, Diff: 2, Sum: 7]
      [GC Worker Other (ms): Min: 0.0, Avg: 0.0, Max: 0.0, Diff: 0.0, Sum: 0.0]
      [GC Worker Total (ms): Min: 5.7, Avg: 6.1, Max: 6.5, Diff: 0.8, Sum: 24.3]
      [GC Worker End (ms): Min: 113510.3, Avg: 113510.3, Max: 113510.3, Diff: 0.0]
   [Code Root Fixup: 0.0 ms]
   [Code Root Purge: 0.0 ms]
   [String Dedup Fixup: 2.9 ms, GC Workers: 4]
      [Queue Fixup (ms): Min: 0.0, Avg: 0.0, Max: 0.0, Diff: 0.0, Sum: 0.0]
      [Table Fixup (ms): Min: 0.0, Avg: 2.0, Max: 2.8, Diff: 2.8, Sum: 8.1]
   [Clear CT: 0.1 ms]
   [Other: 0.6 ms]
      [Choose CSet: 0.0 ms]
      [Ref Proc: 0.1 ms]
      [Ref Enq: 0.0 ms]
      [Redirty Cards: 0.0 ms]
      [Humongous Register: 0.0 ms]
      [Humongous Reclaim: 0.0 ms]
      [Free CSet: 0.1 ms]
   [Eden: 48.0M(48.0M)->0.0B(48.0M) Survivors: 7168.0K->7168.0K Heap: 1009.0M(1110.0M)->970.0M(1110.0M)]
 [Times: user=0.01 sys=0.00, real=0.01 secs] 
2016-06-27T18:02:27.256+0300: 113.514: [GC concurrent-root-region-scan-start]
2016-06-27T18:02:27.257+0300: 113.514: Total time for which application threads were stopped: 0.0201228 seconds, Stopping threads took: 0.0093353 seconds
2016-06-27T18:02:27.257+0300: 113.515: [GC concurrent-root-region-scan-end, 0.0008489 secs]
2016-06-27T18:02:27.257+0300: 113.515: [GC concurrent-mark-start]
2016-06-27T18:02:27.262+0300: 113.520: [GC concurrent-string-deduplication, 6789.4K->6425.0K(364.3K), avg 3.0%, 0.0054611 secs]
   [Last Exec: 0.0054611 secs, Idle: 0.2594014 secs, Blocked: 0/0.0000000 secs]
      [Inspected:             344]
         [Skipped:              1(  0.3%)]
         [Hashed:             343( 99.7%)]
         [Known:                0(  0.0%)]
         [New:                343( 99.7%)   6789.4K]
      [Deduplicated:           22(  6.4%)    364.3K(  5.4%)]
         [Young:                0(  0.0%)      0.0B(  0.0%)]
         [Old:                 22(100.0%)    364.3K(100.0%)]
   [Total Exec: 400/1.5864681 secs, Idle: 400/111.6675625 secs, Blocked: 6/0.0132868 secs]
      [Inspected:          121865]
         [Skipped:            915(  0.8%)]
         [Hashed:          119972( 98.4%)]
         [Known:             4768(  3.9%)]
         [New:             116182( 95.3%)   2163.0M]
      [Deduplicated:         7259(  6.2%)     64.5M(  3.0%)]
         [Young:               11(  0.2%)     87.2K(  0.1%)]
         [Old:               7248( 99.8%)     64.4M( 99.9%)]
   [Table]
      [Memory Usage: 1394.8K]
      [Size: 32768, Min: 1024, Max: 16777216]
      [Entries: 48210, Load: 147.1%, Cached: 378, Added: 113484, Removed: 65274]
      [Resize Count: 5, Shrink Threshold: 21845(66.7%), Grow Threshold: 65536(200.0%)]
      [Rehash Count: 1, Rehash Threshold: 120, Hash Seed: 0xc4e8cebb]
      [Age Threshold: 3]
   [Queue]
      [Dropped: 0]
2016-06-27T18:02:27.322+0300: 113.580: [GC concurrent-mark-end, 0.0648991 secs]
2016-06-27T18:02:27.359+0300: 113.617: [GC remark 2016-06-27T18:02:27.359+0300: 113.617: [Finalize Marking, 0.0001899 secs] 2016-06-27T18:02:27.359+0300: 113.617: [GC ref-proc, 0.0001219 secs] 2016-06-27T18:02:27.360+0300: 113.617: [Unloading, 0.0030021 secs], 0.0068668 secs]
 [Times: user=0.06 sys=0.00, real=0.01 secs] 
2016-06-27T18:02:27.366+0300: 113.624: Total time for which application threads were stopped: 0.0171720 seconds, Stopping threads took: 0.0098519 seconds
2016-06-27T18:02:27.624+0300: 113.882: [GC cleanup 1018M->1018M(1110M), 0.0026570 secs]
 [Times: user=0.00 sys=0.00, real=0.00 secs] 
2016-06-27T18:02:27.627+0300: 113.884: Total time for which application threads were stopped: 0.0099656 seconds, Stopping threads took: 0.0068686 seconds
2016-06-27T18:02:27.629+0300: 113.886: [GC pause (G1 Evacuation Pause) (young)
Desired survivor size 3670016 bytes, new threshold 1 (max 15)
- age   1:    7226256 bytes,    7226256 total
, 0.0057135 secs]
   [Parallel Time: 4.4 ms, GC Workers: 4]
      [GC Worker Start (ms): Min: 113886.2, Avg: 113886.2, Max: 113886.3, Diff: 0.0]
      [Ext Root Scanning (ms): Min: 0.5, Avg: 0.5, Max: 0.5, Diff: 0.1, Sum: 1.9]
      [Update RS (ms): Min: 0.9, Avg: 1.2, Max: 1.8, Diff: 0.9, Sum: 4.8]
         [Processed Buffers: Min: 6, Avg: 8.3, Max: 12, Diff: 6, Sum: 33]
      [Scan RS (ms): Min: 0.0, Avg: 0.0, Max: 0.0, Diff: 0.0, Sum: 0.0]
      [Code Root Scanning (ms): Min: 0.0, Avg: 0.0, Max: 0.0, Diff: 0.0, Sum: 0.0]
      [Object Copy (ms): Min: 2.1, Avg: 2.6, Max: 2.9, Diff: 0.8, Sum: 10.5]
      [Termination (ms): Min: 0.0, Avg: 0.1, Max: 0.1, Diff: 0.1, Sum: 0.3]
         [Termination Attempts: Min: 1, Avg: 1.0, Max: 1, Diff: 0, Sum: 4]
      [GC Worker Other (ms): Min: 0.0, Avg: 0.0, Max: 0.0, Diff: 0.0, Sum: 0.0]
      [GC Worker Total (ms): Min: 4.4, Avg: 4.4, Max: 4.4, Diff: 0.1, Sum: 17.6]
      [GC Worker End (ms): Min: 113890.6, Avg: 113890.6, Max: 113890.7, Diff: 0.1]
   [Code Root Fixup: 0.0 ms]
   [Code Root Purge: 0.0 ms]
   [String Dedup Fixup: 0.7 ms, GC Workers: 4]
      [Queue Fixup (ms): Min: 0.0, Avg: 0.0, Max: 0.0, Diff: 0.0, Sum: 0.0]
      [Table Fixup (ms): Min: 0.0, Avg: 0.5, Max: 0.7, Diff: 0.7, Sum: 2.1]
   [Clear CT: 0.0 ms]
   [Other: 0.5 ms]
      [Choose CSet: 0.0 ms]
      [Ref Proc: 0.1 ms]
      [Ref Enq: 0.0 ms]
      [Redirty Cards: 0.0 ms]
      [Humongous Register: 0.0 ms]
      [Humongous Reclaim: 0.0 ms]
      [Free CSet: 0.1 ms]
   [Eden: 48.0M(48.0M)->0.0B(48.0M) Survivors: 7168.0K->7168.0K Heap: 1018.0M(1110.0M)->979.5M(1110.0M)]
 [Times: user=0.06 sys=0.00, real=0.01 secs] 
2016-06-27T18:02:27.635+0300: 113.892: Total time for which application threads were stopped: 0.0063631 seconds, Stopping threads took: 0.0000872 seconds
2016-06-27T18:02:27.641+0300: 113.898: [GC concurrent-string-deduplication, 8032.1K->7826.5K(205.6K), avg 3.0%, 0.0060462 secs]
   [Last Exec: 0.0060462 secs, Idle: 0.3722457 secs, Blocked: 0/0.0000000 secs]
      [Inspected:             434]
         [Skipped:              2(  0.5%)]
         [Hashed:             432( 99.5%)]
         [Known:               13(  3.0%)]
         [New:                419( 96.5%)   8032.1K]
      [Deduplicated:           24(  5.7%)    205.6K(  2.6%)]
         [Young:                0(  0.0%)      0.0B(  0.0%)]
         [Old:                 24(100.0%)    205.6K(100.0%)]
   [Total Exec: 401/1.5925143 secs, Idle: 401/112.0398082 secs, Blocked: 6/0.0132868 secs]
      [Inspected:          122299]
         [Skipped:            917(  0.7%)]
         [Hashed:          120404( 98.5%)]
         [Known:             4781(  3.9%)]
         [New:             116601( 95.3%)   2170.9M]
      [Deduplicated:         7283(  6.2%)     64.7M(  3.0%)]
         [Young:               11(  0.2%)     87.2K(  0.1%)]
         [Old:               7272( 99.8%)     64.6M( 99.9%)]
   [Table]
      [Memory Usage: 1312.4K]
      [Size: 32768, Min: 1024, Max: 16777216]
      [Entries: 41799, Load: 127.6%, Cached: 3276, Added: 113879, Removed: 72080]
      [Resize Count: 5, Shrink Threshold: 21845(66.7%), Grow Threshold: 65536(200.0%)]
      [Rehash Count: 1, Rehash Threshold: 120, Hash Seed: 0xc4e8cebb]
      [Age Threshold: 3]
   [Queue]
      [Dropped: 0]
2016-06-27T18:02:28.021+0300: 114.278: [GC pause (G1 Evacuation Pause) (mixed)
Desired survivor size 3670016 bytes, new threshold 1 (max 15)
- age   1:    7135800 bytes,    7135800 total
, 0.0171853 secs]
   [Parallel Time: 15.3 ms, GC Workers: 4]
      [GC Worker Start (ms): Min: 114278.7, Avg: 114278.7, Max: 114278.7, Diff: 0.0]
      [Ext Root Scanning (ms): Min: 0.5, Avg: 0.6, Max: 0.6, Diff: 0.0, Sum: 2.2]
      [Update RS (ms): Min: 0.8, Avg: 0.8, Max: 0.9, Diff: 0.1, Sum: 3.2]
         [Processed Buffers: Min: 2, Avg: 13.8, Max: 30, Diff: 28, Sum: 55]
      [Scan RS (ms): Min: 1.9, Avg: 2.0, Max: 2.0, Diff: 0.1, Sum: 7.8]
      [Code Root Scanning (ms): Min: 0.0, Avg: 0.0, Max: 0.0, Diff: 0.0, Sum: 0.0]
      [Object Copy (ms): Min: 11.9, Avg: 11.9, Max: 12.0, Diff: 0.0, Sum: 47.8]
      [Termination (ms): Min: 0.0, Avg: 0.0, Max: 0.0, Diff: 0.0, Sum: 0.0]
         [Termination Attempts: Min: 1, Avg: 2.0, Max: 3, Diff: 2, Sum: 8]
      [GC Worker Other (ms): Min: 0.0, Avg: 0.0, Max: 0.0, Diff: 0.0, Sum: 0.1]
      [GC Worker Total (ms): Min: 15.3, Avg: 15.3, Max: 15.3, Diff: 0.0, Sum: 61.1]
      [GC Worker End (ms): Min: 114294.0, Avg: 114294.0, Max: 114294.0, Diff: 0.0]
   [Code Root Fixup: 0.0 ms]
   [Code Root Purge: 0.0 ms]
   [String Dedup Fixup: 0.6 ms, GC Workers: 4]
      [Queue Fixup (ms): Min: 0.0, Avg: 0.0, Max: 0.0, Diff: 0.0, Sum: 0.0]
      [Table Fixup (ms): Min: 0.6, Avg: 0.6, Max: 0.6, Diff: 0.0, Sum: 2.2]
   [Clear CT: 0.2 ms]
   [Other: 1.1 ms]
      [Choose CSet: 0.2 ms]
      [Ref Proc: 0.1 ms]
      [Ref Enq: 0.0 ms]
      [Redirty Cards: 0.0 ms]
      [Humongous Register: 0.0 ms]
      [Humongous Reclaim: 0.0 ms]
      [Free CSet: 0.4 ms]
   [Eden: 48.0M(48.0M)->0.0B(48.0M) Survivors: 7168.0K->7168.0K Heap: 1027.5M(1110.0M)->936.5M(1110.0M)]
 [Times: user=0.06 sys=0.00, real=0.02 secs] 
2016-06-27T18:02:28.038+0300: 114.296: Total time for which application threads were stopped: 0.0230720 seconds, Stopping threads took: 0.0052413 seconds
2016-06-27T18:02:28.043+0300: 114.301: [GC concurrent-string-deduplication, 7824.4K->7585.9K(238.5K), avg 3.0%, 0.0052178 secs]
   [Last Exec: 0.0052178 secs, Idle: 0.3976091 secs, Blocked: 0/0.0000000 secs]
      [Inspected:             430]
         [Skipped:             22(  5.1%)]
         [Hashed:             408( 94.9%)]
         [Known:                0(  0.0%)]
         [New:                408( 94.9%)   7824.4K]
      [Deduplicated:           29(  7.1%)    238.5K(  3.0%)]
         [Young:                0(  0.0%)      0.0B(  0.0%)]
         [Old:                 29(100.0%)    238.5K(100.0%)]
   [Total Exec: 402/1.5977321 secs, Idle: 402/112.4374173 secs, Blocked: 6/0.0132868 secs]
      [Inspected:          122729]
         [Skipped:            939(  0.8%)]
         [Hashed:          120812( 98.4%)]
         [Known:             4781(  3.9%)]
         [New:             117009( 95.3%)   2178.5M]
      [Deduplicated:         7312(  6.2%)     65.0M(  3.0%)]
         [Young:               11(  0.2%)     87.2K(  0.1%)]
         [Old:               7301( 99.8%)     64.9M( 99.9%)]
   [Table]
      [Memory Usage: 1312.4K]
      [Size: 32768, Min: 1024, Max: 16777216]
      [Entries: 42178, Load: 128.7%, Cached: 2897, Added: 114258, Removed: 72080]
      [Resize Count: 5, Shrink Threshold: 21845(66.7%), Grow Threshold: 65536(200.0%)]
      [Rehash Count: 1, Rehash Threshold: 120, Hash Seed: 0xc4e8cebb]
      [Age Threshold: 3]
   [Queue]
      [Dropped: 0]
2016-06-27T18:02:28.407+0300: 114.664: [GC pause (G1 Evacuation Pause) (mixed)
Desired survivor size 3670016 bytes, new threshold 1 (max 15)
- age   1:    7091512 bytes,    7091512 total
, 0.0243994 secs]
   [Parallel Time: 22.4 ms, GC Workers: 4]
      [GC Worker Start (ms): Min: 114664.3, Avg: 114664.4, Max: 114664.5, Diff: 0.2]
      [Ext Root Scanning (ms): Min: 0.5, Avg: 0.5, Max: 0.6, Diff: 0.1, Sum: 2.2]
      [Update RS (ms): Min: 5.3, Avg: 5.4, Max: 5.5, Diff: 0.1, Sum: 21.6]
         [Processed Buffers: Min: 8, Avg: 11.8, Max: 21, Diff: 13, Sum: 47]
      [Scan RS (ms): Min: 3.8, Avg: 3.8, Max: 3.9, Diff: 0.1, Sum: 15.4]
      [Code Root Scanning (ms): Min: 0.0, Avg: 0.0, Max: 0.0, Diff: 0.0, Sum: 0.1]
      [Object Copy (ms): Min: 12.5, Avg: 12.5, Max: 12.5, Diff: 0.0, Sum: 50.1]
      [Termination (ms): Min: 0.0, Avg: 0.0, Max: 0.0, Diff: 0.0, Sum: 0.0]
         [Termination Attempts: Min: 1, Avg: 3.8, Max: 6, Diff: 5, Sum: 15]
      [GC Worker Other (ms): Min: 0.0, Avg: 0.0, Max: 0.0, Diff: 0.0, Sum: 0.1]
      [GC Worker Total (ms): Min: 22.2, Avg: 22.4, Max: 22.4, Diff: 0.2, Sum: 89.4]
      [GC Worker End (ms): Min: 114686.7, Avg: 114686.7, Max: 114686.7, Diff: 0.0]
   [Code Root Fixup: 0.0 ms]
   [Code Root Purge: 0.0 ms]
   [String Dedup Fixup: 0.6 ms, GC Workers: 4]
      [Queue Fixup (ms): Min: 0.0, Avg: 0.0, Max: 0.0, Diff: 0.0, Sum: 0.0]
      [Table Fixup (ms): Min: 0.6, Avg: 0.6, Max: 0.6, Diff: 0.0, Sum: 2.3]
   [Clear CT: 0.2 ms]
   [Other: 1.2 ms]
      [Choose CSet: 0.2 ms]
      [Ref Proc: 0.0 ms]
      [Ref Enq: 0.0 ms]
      [Redirty Cards: 0.1 ms]
      [Humongous Register: 0.0 ms]
      [Humongous Reclaim: 0.0 ms]
      [Free CSet: 0.5 ms]
   [Eden: 48.0M(48.0M)->0.0B(48.0M) Survivors: 7168.0K->7168.0K Heap: 984.5M(1110.0M)->893.5M(1110.0M)]
 [Times: user=0.13 sys=0.00, real=0.02 secs] 
2016-06-27T18:02:28.431+0300: 114.689: Total time for which application threads were stopped: 0.0288987 seconds, Stopping threads took: 0.0038391 seconds
2016-06-27T18:02:28.437+0300: 114.694: [GC concurrent-string-deduplication, 7449.6K->7225.6K(223.9K), avg 3.0%, 0.0052443 secs]
   [Last Exec: 0.0052443 secs, Idle: 0.3875476 secs, Blocked: 0/0.0000000 secs]
      [Inspected:             407]
         [Skipped:              0(  0.0%)]
         [Hashed:             407(100.0%)]
         [Known:                0(  0.0%)]
         [New:                407(100.0%)   7449.6K]
      [Deduplicated:           46( 11.3%)    223.9K(  3.0%)]
         [Young:                0(  0.0%)      0.0B(  0.0%)]
         [Old:                 46(100.0%)    223.9K(100.0%)]
   [Total Exec: 403/1.6029764 secs, Idle: 403/112.8249649 secs, Blocked: 6/0.0132868 secs]
      [Inspected:          123136]
         [Skipped:            939(  0.8%)]
         [Hashed:          121219( 98.4%)]
         [Known:             4781(  3.9%)]
         [New:             117416( 95.4%)   2185.8M]
      [Deduplicated:         7358(  6.3%)     65.2M(  3.0%)]
         [Young:               11(  0.1%)     87.2K(  0.1%)]
         [Old:               7347( 99.9%)     65.1M( 99.9%)]
   [Table]
      [Memory Usage: 1312.4K]
      [Size: 32768, Min: 1024, Max: 16777216]
      [Entries: 42539, Load: 129.8%, Cached: 2536, Added: 114619, Removed: 72080]
      [Resize Count: 5, Shrink Threshold: 21845(66.7%), Grow Threshold: 65536(200.0%)]
      [Rehash Count: 1, Rehash Threshold: 120, Hash Seed: 0xc4e8cebb]
      [Age Threshold: 3]
   [Queue]
      [Dropped: 0]
2016-06-27T18:02:28.840+0300: 115.097: [GC pause (G1 Evacuation Pause) (mixed)
Desired survivor size 3670016 bytes, new threshold 1 (max 15)
- age   1:    7072296 bytes,    7072296 total
, 0.0297656 secs]
   [Parallel Time: 27.6 ms, GC Workers: 4]
      [GC Worker Start (ms): Min: 115097.4, Avg: 115097.4, Max: 115097.4, Diff: 0.0]
      [Ext Root Scanning (ms): Min: 0.5, Avg: 0.5, Max: 0.5, Diff: 0.0, Sum: 2.1]
      [Update RS (ms): Min: 8.7, Avg: 8.8, Max: 9.0, Diff: 0.3, Sum: 35.1]
         [Processed Buffers: Min: 12, Avg: 19.8, Max: 34, Diff: 22, Sum: 79]
      [Scan RS (ms): Min: 4.0, Avg: 4.2, Max: 4.3, Diff: 0.3, Sum: 16.6]
      [Code Root Scanning (ms): Min: 0.0, Avg: 0.0, Max: 0.1, Diff: 0.1, Sum: 0.2]
      [Object Copy (ms): Min: 14.0, Avg: 14.1, Max: 14.1, Diff: 0.0, Sum: 56.2]
      [Termination (ms): Min: 0.0, Avg: 0.0, Max: 0.0, Diff: 0.0, Sum: 0.0]
         [Termination Attempts: Min: 1, Avg: 2.3, Max: 6, Diff: 5, Sum: 9]
      [GC Worker Other (ms): Min: 0.0, Avg: 0.0, Max: 0.0, Diff: 0.0, Sum: 0.1]
      [GC Worker Total (ms): Min: 27.6, Avg: 27.6, Max: 27.6, Diff: 0.0, Sum: 110.3]
      [GC Worker End (ms): Min: 115125.0, Avg: 115125.0, Max: 115125.0, Diff: 0.0]
   [Code Root Fixup: 0.0 ms]
   [Code Root Purge: 0.0 ms]
   [String Dedup Fixup: 0.7 ms, GC Workers: 4]
      [Queue Fixup (ms): Min: 0.0, Avg: 0.0, Max: 0.0, Diff: 0.0, Sum: 0.0]
      [Table Fixup (ms): Min: 0.6, Avg: 0.7, Max: 0.7, Diff: 0.0, Sum: 2.6]
   [Clear CT: 0.2 ms]
   [Other: 1.2 ms]
      [Choose CSet: 0.2 ms]
      [Ref Proc: 0.1 ms]
      [Ref Enq: 0.0 ms]
      [Redirty Cards: 0.0 ms]
      [Humongous Register: 0.0 ms]
      [Humongous Reclaim: 0.0 ms]
      [Free CSet: 0.5 ms]
   [Eden: 48.0M(48.0M)->0.0B(48.0M) Survivors: 7168.0K->7168.0K Heap: 941.5M(1110.0M)->860.0M(1110.0M)]
 [Times: user=0.13 sys=0.00, real=0.03 secs] 
2016-06-27T18:02:28.870+0300: 115.127: Total time for which application threads were stopped: 0.0345134 seconds, Stopping threads took: 0.0039635 seconds
2016-06-27T18:02:28.875+0300: 115.133: [GC concurrent-string-deduplication, 7829.3K->7626.0K(203.4K), avg 3.0%, 0.0055052 secs]
   [Last Exec: 0.0055052 secs, Idle: 0.4331168 secs, Blocked: 0/0.0000000 secs]
      [Inspected:             399]
         [Skipped:              2(  0.5%)]
         [Hashed:             397( 99.5%)]
         [Known:                0(  0.0%)]
         [New:                397( 99.5%)   7829.3K]
      [Deduplicated:           16(  4.0%)    203.4K(  2.6%)]
         [Young:                0(  0.0%)      0.0B(  0.0%)]
         [Old:                 16(100.0%)    203.4K(100.0%)]
   [Total Exec: 404/1.6084816 secs, Idle: 404/113.2580817 secs, Blocked: 6/0.0132868 secs]
      [Inspected:          123535]
         [Skipped:            941(  0.8%)]
         [Hashed:          121616( 98.4%)]
         [Known:             4781(  3.9%)]
         [New:             117813( 95.4%)   2193.4M]
      [Deduplicated:         7374(  6.3%)     65.4M(  3.0%)]
         [Young:               11(  0.1%)     87.2K(  0.1%)]
         [Old:               7363( 99.9%)     65.3M( 99.9%)]
   [Table]
      [Memory Usage: 1312.4K]
      [Size: 32768, Min: 1024, Max: 16777216]
      [Entries: 42920, Load: 131.0%, Cached: 2155, Added: 115000, Removed: 72080]
      [Resize Count: 5, Shrink Threshold: 21845(66.7%), Grow Threshold: 65536(200.0%)]
      [Rehash Count: 1, Rehash Threshold: 120, Hash Seed: 0xc4e8cebb]
      [Age Threshold: 3]
   [Queue]
      [Dropped: 0]
2016-06-27T18:02:29.251+0300: 115.508: [GC pause (G1 Evacuation Pause) (mixed)
Desired survivor size 3670016 bytes, new threshold 1 (max 15)
- age   1:    7025632 bytes,    7025632 total
, 0.0342196 secs]
   [Parallel Time: 31.6 ms, GC Workers: 4]
      [GC Worker Start (ms): Min: 115508.8, Avg: 115510.1, Max: 115510.6, Diff: 1.9]
      [Ext Root Scanning (ms): Min: 0.5, Avg: 3.1, Max: 9.8, Diff: 9.3, Sum: 12.4]
      [Update RS (ms): Min: 6.2, Avg: 11.9, Max: 14.2, Diff: 7.9, Sum: 47.8]
         [Processed Buffers: Min: 16, Avg: 18.8, Max: 22, Diff: 6, Sum: 75]
      [Scan RS (ms): Min: 3.5, Avg: 3.7, Max: 3.8, Diff: 0.2, Sum: 14.8]
      [Code Root Scanning (ms): Min: 0.0, Avg: 0.1, Max: 0.1, Diff: 0.1, Sum: 0.2]
      [Object Copy (ms): Min: 10.9, Avg: 11.1, Max: 11.5, Diff: 0.5, Sum: 44.3]
      [Termination (ms): Min: 0.0, Avg: 0.2, Max: 0.3, Diff: 0.3, Sum: 1.0]
         [Termination Attempts: Min: 1, Avg: 1.0, Max: 1, Diff: 0, Sum: 4]
      [GC Worker Other (ms): Min: 0.0, Avg: 0.0, Max: 0.0, Diff: 0.0, Sum: 0.0]
      [GC Worker Total (ms): Min: 29.7, Avg: 30.1, Max: 31.3, Diff: 1.6, Sum: 120.5]
      [GC Worker End (ms): Min: 115540.0, Avg: 115540.2, Max: 115540.3, Diff: 0.3]
   [Code Root Fixup: 0.1 ms]
   [Code Root Purge: 0.0 ms]
   [String Dedup Fixup: 1.2 ms, GC Workers: 4]
      [Queue Fixup (ms): Min: 0.0, Avg: 0.0, Max: 0.0, Diff: 0.0, Sum: 0.0]
      [Table Fixup (ms): Min: 0.0, Avg: 0.7, Max: 1.1, Diff: 1.1, Sum: 2.7]
   [Clear CT: 0.2 ms]
   [Other: 1.2 ms]
      [Choose CSet: 0.2 ms]
      [Ref Proc: 0.1 ms]
      [Ref Enq: 0.0 ms]
      [Redirty Cards: 0.1 ms]
      [Humongous Register: 0.0 ms]
      [Humongous Reclaim: 0.0 ms]
      [Free CSet: 0.4 ms]
   [Eden: 48.0M(48.0M)->0.0B(48.0M) Survivors: 7168.0K->7168.0K Heap: 908.0M(1110.0M)->844.5M(1110.0M)]
 [Times: user=0.09 sys=0.00, real=0.03 secs] 
2016-06-27T18:02:29.285+0300: 115.543: Total time for which application threads were stopped: 0.0598327 seconds, Stopping threads took: 0.0249340 seconds
2016-06-27T18:02:29.291+0300: 115.548: [GC concurrent-string-deduplication, 7569.1K->7265.7K(303.4K), avg 3.0%, 0.0056485 secs]
   [Last Exec: 0.0056485 secs, Idle: 0.4100991 secs, Blocked: 0/0.0000000 secs]
      [Inspected:             386]
         [Skipped:              2(  0.5%)]
         [Hashed:             384( 99.5%)]
         [Known:                0(  0.0%)]
         [New:                384( 99.5%)   7569.1K]
      [Deduplicated:           21(  5.5%)    303.4K(  4.0%)]
         [Young:                0(  0.0%)      0.0B(  0.0%)]
         [Old:                 21(100.0%)    303.4K(100.0%)]
   [Total Exec: 405/1.6141300 secs, Idle: 405/113.6681808 secs, Blocked: 6/0.0132868 secs]
      [Inspected:          123921]
         [Skipped:            943(  0.8%)]
         [Hashed:          122000( 98.4%)]
         [Known:             4781(  3.9%)]
         [New:             118197( 95.4%)   2200.8M]
      [Deduplicated:         7395(  6.3%)     65.7M(  3.0%)]
         [Young:               11(  0.1%)     87.2K(  0.1%)]
         [Old:               7384( 99.9%)     65.6M( 99.9%)]
   [Table]
      [Memory Usage: 1312.4K]
      [Size: 32768, Min: 1024, Max: 16777216]
      [Entries: 43283, Load: 132.1%, Cached: 1792, Added: 115363, Removed: 72080]
      [Resize Count: 5, Shrink Threshold: 21845(66.7%), Grow Threshold: 65536(200.0%)]
      [Rehash Count: 1, Rehash Threshold: 120, Hash Seed: 0xc4e8cebb]
      [Age Threshold: 3]
   [Queue]
      [Dropped: 0]
2016-06-27T18:02:29.605+0300: 115.862: [GC pause (G1 Evacuation Pause) (young)
Desired survivor size 3670016 bytes, new threshold 1 (max 15)
- age   1:    7087976 bytes,    7087976 total
, 0.0142772 secs]
   [Parallel Time: 13.1 ms, GC Workers: 4]
      [GC Worker Start (ms): Min: 115862.1, Avg: 115862.1, Max: 115862.1, Diff: 0.0]
      [Ext Root Scanning (ms): Min: 0.5, Avg: 0.5, Max: 0.5, Diff: 0.1, Sum: 2.0]
      [Update RS (ms): Min: 10.1, Avg: 10.2, Max: 10.5, Diff: 0.4, Sum: 40.9]
         [Processed Buffers: Min: 11, Avg: 15.8, Max: 23, Diff: 12, Sum: 63]
      [Scan RS (ms): Min: 0.0, Avg: 0.0, Max: 0.0, Diff: 0.0, Sum: 0.0]
      [Code Root Scanning (ms): Min: 0.0, Avg: 0.0, Max: 0.0, Diff: 0.0, Sum: 0.0]
      [Object Copy (ms): Min: 2.0, Avg: 2.3, Max: 2.4, Diff: 0.4, Sum: 9.1]
      [Termination (ms): Min: 0.0, Avg: 0.0, Max: 0.0, Diff: 0.0, Sum: 0.0]
         [Termination Attempts: Min: 1, Avg: 1.0, Max: 1, Diff: 0, Sum: 4]
      [GC Worker Other (ms): Min: 0.0, Avg: 0.0, Max: 0.0, Diff: 0.0, Sum: 0.1]
      [GC Worker Total (ms): Min: 13.0, Avg: 13.0, Max: 13.0, Diff: 0.0, Sum: 52.1]
      [GC Worker End (ms): Min: 115875.1, Avg: 115875.1, Max: 115875.1, Diff: 0.0]
   [Code Root Fixup: 0.0 ms]
   [Code Root Purge: 0.0 ms]
   [String Dedup Fixup: 0.6 ms, GC Workers: 4]
      [Queue Fixup (ms): Min: 0.0, Avg: 0.0, Max: 0.0, Diff: 0.0, Sum: 0.0]
      [Table Fixup (ms): Min: 0.5, Avg: 0.5, Max: 0.5, Diff: 0.0, Sum: 2.1]
   [Clear CT: 0.0 ms]
   [Other: 0.6 ms]
      [Choose CSet: 0.0 ms]
      [Ref Proc: 0.1 ms]
      [Ref Enq: 0.0 ms]
      [Redirty Cards: 0.0 ms]
      [Humongous Register: 0.0 ms]
      [Humongous Reclaim: 0.0 ms]
      [Free CSet: 0.1 ms]
   [Eden: 48.0M(48.0M)->0.0B(48.0M) Survivors: 7168.0K->7168.0K Heap: 892.5M(1110.0M)->853.5M(1110.0M)]
 [Times: user=0.06 sys=0.00, real=0.01 secs] 
2016-06-27T18:02:29.619+0300: 115.876: Total time for which application threads were stopped: 0.0196751 seconds, Stopping threads took: 0.0047209 seconds
2016-06-27T18:02:29.624+0300: 115.882: [GC concurrent-string-deduplication, 7488.0K->7245.7K(242.4K), avg 3.0%, 0.0052050 secs]
   [Last Exec: 0.0052050 secs, Idle: 0.3278411 secs, Blocked: 0/0.0000000 secs]
      [Inspected:             385]
         [Skipped:              6(  1.6%)]
         [Hashed:             379( 98.4%)]
         [Known:                0(  0.0%)]
         [New:                379( 98.4%)   7488.0K]
      [Deduplicated:           17(  4.5%)    242.4K(  3.2%)]
         [Young:                0(  0.0%)      0.0B(  0.0%)]
         [Old:                 17(100.0%)    242.4K(100.0%)]
   [Total Exec: 406/1.6193350 secs, Idle: 406/113.9960220 secs, Blocked: 6/0.0132868 secs]
      [Inspected:          124306]
         [Skipped:            949(  0.8%)]
         [Hashed:          122379( 98.4%)]
         [Known:             4781(  3.8%)]
         [New:             118576( 95.4%)   2208.1M]
      [Deduplicated:         7412(  6.3%)     65.9M(  3.0%)]
         [Young:               11(  0.1%)     87.2K(  0.1%)]
         [Old:               7401( 99.9%)     65.8M( 99.9%)]
   [Table]
      [Memory Usage: 1312.4K]
      [Size: 32768, Min: 1024, Max: 16777216]
      [Entries: 43645, Load: 133.2%, Cached: 1430, Added: 115725, Removed: 72080]
      [Resize Count: 5, Shrink Threshold: 21845(66.7%), Grow Threshold: 65536(200.0%)]
      [Rehash Count: 1, Rehash Threshold: 120, Hash Seed: 0xc4e8cebb]
      [Age Threshold: 3]
   [Queue]
      [Dropped: 0]
2016-06-27T18:02:29.983+0300: 116.240: [GC pause (G1 Evacuation Pause) (young) (initial-mark)
Desired survivor size 3670016 bytes, new threshold 1 (max 15)
- age   1:    7130328 bytes,    7130328 total
, 0.0053414 secs]
   [Parallel Time: 3.9 ms, GC Workers: 4]
      [GC Worker Start (ms): Min: 116240.8, Avg: 116240.8, Max: 116240.8, Diff: 0.0]
      [Ext Root Scanning (ms): Min: 0.5, Avg: 0.6, Max: 0.7, Diff: 0.2, Sum: 2.2]
      [Update RS (ms): Min: 0.6, Avg: 0.7, Max: 0.8, Diff: 0.1, Sum: 2.7]
         [Processed Buffers: Min: 2, Avg: 9.0, Max: 14, Diff: 12, Sum: 36]
      [Scan RS (ms): Min: 0.0, Avg: 0.0, Max: 0.0, Diff: 0.0, Sum: 0.0]
      [Code Root Scanning (ms): Min: 0.0, Avg: 0.0, Max: 0.0, Diff: 0.0, Sum: 0.0]
      [Object Copy (ms): Min: 2.5, Avg: 2.5, Max: 2.6, Diff: 0.1, Sum: 10.1]
      [Termination (ms): Min: 0.0, Avg: 0.1, Max: 0.1, Diff: 0.1, Sum: 0.3]
         [Termination Attempts: Min: 1, Avg: 2.0, Max: 4, Diff: 3, Sum: 8]
      [GC Worker Other (ms): Min: 0.0, Avg: 0.0, Max: 0.0, Diff: 0.0, Sum: 0.1]
      [GC Worker Total (ms): Min: 3.8, Avg: 3.8, Max: 3.9, Diff: 0.0, Sum: 15.4]
      [GC Worker End (ms): Min: 116244.6, Avg: 116244.6, Max: 116244.6, Diff: 0.0]
   [Code Root Fixup: 0.0 ms]
   [Code Root Purge: 0.0 ms]
   [String Dedup Fixup: 0.7 ms, GC Workers: 4]
      [Queue Fixup (ms): Min: 0.0, Avg: 0.0, Max: 0.0, Diff: 0.0, Sum: 0.0]
      [Table Fixup (ms): Min: 0.0, Avg: 0.5, Max: 0.7, Diff: 0.7, Sum: 2.1]
   [Clear CT: 0.0 ms]
   [Other: 0.7 ms]
      [Choose CSet: 0.0 ms]
      [Ref Proc: 0.1 ms]
      [Ref Enq: 0.0 ms]
      [Redirty Cards: 0.0 ms]
      [Humongous Register: 0.0 ms]
      [Humongous Reclaim: 0.0 ms]
      [Free CSet: 0.1 ms]
   [Eden: 48.0M(48.0M)->0.0B(48.0M) Survivors: 7168.0K->7168.0K Heap: 901.5M(1110.0M)->863.0M(1110.0M)]
 [Times: user=0.02 sys=0.00, real=0.01 secs] 
2016-06-27T18:02:29.989+0300: 116.246: [GC concurrent-root-region-scan-start]
2016-06-27T18:02:29.989+0300: 116.246: Total time for which application threads were stopped: 0.0166212 seconds, Stopping threads took: 0.0106353 seconds
2016-06-27T18:02:29.989+0300: 116.247: [GC concurrent-root-region-scan-end, 0.0006714 secs]
2016-06-27T18:02:29.989+0300: 116.247: [GC concurrent-mark-start]
2016-06-27T18:02:29.994+0300: 116.252: [GC concurrent-string-deduplication, 7912.4K->7565.9K(346.5K), avg 3.0%, 0.0056707 secs]
   [Last Exec: 0.0056707 secs, Idle: 0.3643615 secs, Blocked: 0/0.0000000 secs]
      [Inspected:             407]
         [Skipped:              3(  0.7%)]
         [Hashed:             404( 99.3%)]
         [Known:                0(  0.0%)]
         [New:                404( 99.3%)   7912.4K]
      [Deduplicated:           26(  6.4%)    346.5K(  4.4%)]
         [Young:                0(  0.0%)      0.0B(  0.0%)]
         [Old:                 26(100.0%)    346.5K(100.0%)]
   [Total Exec: 407/1.6250057 secs, Idle: 407/114.3603835 secs, Blocked: 6/0.0132868 secs]
      [Inspected:          124713]
         [Skipped:            952(  0.8%)]
         [Hashed:          122783( 98.5%)]
         [Known:             4781(  3.8%)]
         [New:             118980( 95.4%)   2215.9M]
      [Deduplicated:         7438(  6.3%)     66.2M(  3.0%)]
         [Young:               11(  0.1%)     87.2K(  0.1%)]
         [Old:               7427( 99.9%)     66.2M( 99.9%)]
   [Table]
      [Memory Usage: 1312.4K]
      [Size: 32768, Min: 1024, Max: 16777216]
      [Entries: 44023, Load: 134.3%, Cached: 1052, Added: 116103, Removed: 72080]
      [Resize Count: 5, Shrink Threshold: 21845(66.7%), Grow Threshold: 65536(200.0%)]
      [Rehash Count: 1, Rehash Threshold: 120, Hash Seed: 0xc4e8cebb]
      [Age Threshold: 3]
   [Queue]
      [Dropped: 0]
2016-06-27T18:02:30.054+0300: 116.311: [GC concurrent-mark-end, 0.0643406 secs]
2016-06-27T18:02:30.092+0300: 116.350: [GC remark 2016-06-27T18:02:30.092+0300: 116.350: [Finalize Marking, 0.0001617 secs] 2016-06-27T18:02:30.093+0300: 116.350: [GC ref-proc, 0.0001103 secs] 2016-06-27T18:02:30.093+0300: 116.350: [Unloading, 0.0028225 secs], 0.0066928 secs]
 [Times: user=0.06 sys=0.00, real=0.01 secs] 
2016-06-27T18:02:30.099+0300: 116.357: Total time for which application threads were stopped: 0.0149760 seconds, Stopping threads took: 0.0078368 seconds
2016-06-27T18:02:30.138+0300: 116.396: [GC cleanup 880M->880M(1110M), 0.0021319 secs]
 [Times: user=0.00 sys=0.00, real=0.00 secs] 
2016-06-27T18:02:30.140+0300: 116.398: Total time for which application threads were stopped: 0.0088045 seconds, Stopping threads took: 0.0061685 seconds
2016-06-27T18:02:30.353+0300: 116.611: [GC pause (G1 Evacuation Pause) (young)
Desired survivor size 3670016 bytes, new threshold 1 (max 15)
- age   1:    6817880 bytes,    6817880 total
, 0.0047170 secs]
   [Parallel Time: 3.6 ms, GC Workers: 4]
      [GC Worker Start (ms): Min: 116610.8, Avg: 116610.9, Max: 116610.9, Diff: 0.0]
      [Ext Root Scanning (ms): Min: 0.5, Avg: 0.6, Max: 0.6, Diff: 0.1, Sum: 2.3]
      [Update RS (ms): Min: 0.7, Avg: 0.7, Max: 0.9, Diff: 0.2, Sum: 2.9]
         [Processed Buffers: Min: 3, Avg: 9.0, Max: 19, Diff: 16, Sum: 36]
      [Scan RS (ms): Min: 0.0, Avg: 0.0, Max: 0.0, Diff: 0.0, Sum: 0.0]
      [Code Root Scanning (ms): Min: 0.0, Avg: 0.0, Max: 0.0, Diff: 0.0, Sum: 0.0]
      [Object Copy (ms): Min: 2.1, Avg: 2.2, Max: 2.3, Diff: 0.2, Sum: 8.9]
      [Termination (ms): Min: 0.0, Avg: 0.0, Max: 0.0, Diff: 0.0, Sum: 0.0]
         [Termination Attempts: Min: 1, Avg: 1.0, Max: 1, Diff: 0, Sum: 4]
      [GC Worker Other (ms): Min: 0.0, Avg: 0.0, Max: 0.0, Diff: 0.0, Sum: 0.1]
      [GC Worker Total (ms): Min: 3.5, Avg: 3.5, Max: 3.6, Diff: 0.0, Sum: 14.2]
      [GC Worker End (ms): Min: 116614.4, Avg: 116614.4, Max: 116614.4, Diff: 0.0]
   [Code Root Fixup: 0.0 ms]
   [Code Root Purge: 0.0 ms]
   [String Dedup Fixup: 0.6 ms, GC Workers: 4]
      [Queue Fixup (ms): Min: 0.0, Avg: 0.0, Max: 0.0, Diff: 0.0, Sum: 0.0]
      [Table Fixup (ms): Min: 0.5, Avg: 0.5, Max: 0.5, Diff: 0.0, Sum: 2.0]
   [Clear CT: 0.0 ms]
   [Other: 0.5 ms]
      [Choose CSet: 0.0 ms]
      [Ref Proc: 0.1 ms]
      [Ref Enq: 0.0 ms]
      [Redirty Cards: 0.0 ms]
      [Humongous Register: 0.0 ms]
      [Humongous Reclaim: 0.0 ms]
      [Free CSet: 0.1 ms]
   [Eden: 48.0M(48.0M)->0.0B(48.0M) Survivors: 7168.0K->7168.0K Heap: 911.0M(1110.0M)->872.0M(1110.0M)]
 [Times: user=0.00 sys=0.00, real=0.01 secs] 
2016-06-27T18:02:30.358+0300: 116.616: Total time for which application threads were stopped: 0.0136015 seconds, Stopping threads took: 0.0081374 seconds
2016-06-27T18:02:30.364+0300: 116.621: [GC concurrent-string-deduplication, 7551.1K->7185.6K(365.5K), avg 3.0%, 0.0052738 secs]
   [Last Exec: 0.0052738 secs, Idle: 0.3638560 secs, Blocked: 0/0.0000000 secs]
      [Inspected:             387]
         [Skipped:              2(  0.5%)]
         [Hashed:             385( 99.5%)]
         [Known:                0(  0.0%)]
         [New:                385( 99.5%)   7551.1K]
      [Deduplicated:           26(  6.8%)    365.5K(  4.8%)]
         [Young:                0(  0.0%)      0.0B(  0.0%)]
         [Old:                 26(100.0%)    365.5K(100.0%)]
   [Total Exec: 408/1.6302796 secs, Idle: 408/114.7242395 secs, Blocked: 6/0.0132868 secs]
      [Inspected:          125100]
         [Skipped:            954(  0.8%)]
         [Hashed:          123168( 98.5%)]
         [Known:             4781(  3.8%)]
         [New:             119365( 95.4%)   2223.2M]
      [Deduplicated:         7464(  6.3%)     66.6M(  3.0%)]
         [Young:               11(  0.1%)     87.2K(  0.1%)]
         [Old:               7453( 99.9%)     66.5M( 99.9%)]
   [Table]
      [Memory Usage: 1312.4K]
      [Size: 32768, Min: 1024, Max: 16777216]
      [Entries: 42227, Load: 128.9%, Cached: 2848, Added: 116462, Removed: 74235]
      [Resize Count: 5, Shrink Threshold: 21845(66.7%), Grow Threshold: 65536(200.0%)]
      [Rehash Count: 1, Rehash Threshold: 120, Hash Seed: 0xc4e8cebb]
      [Age Threshold: 3]
   [Queue]
      [Dropped: 0]
2016-06-27T18:02:30.759+0300: 117.016: [GC pause (G1 Evacuation Pause) (mixed)
Desired survivor size 3670016 bytes, new threshold 1 (max 15)
- age   1:    6962512 bytes,    6962512 total
, 0.0213806 secs]
   [Parallel Time: 19.1 ms, GC Workers: 4]
      [GC Worker Start (ms): Min: 117016.8, Avg: 117016.8, Max: 117016.8, Diff: 0.0]
      [Ext Root Scanning (ms): Min: 0.6, Avg: 0.7, Max: 0.7, Diff: 0.1, Sum: 2.7]
      [Update RS (ms): Min: 0.5, Avg: 0.6, Max: 0.6, Diff: 0.1, Sum: 2.4]
         [Processed Buffers: Min: 3, Avg: 9.8, Max: 25, Diff: 22, Sum: 39]
      [Scan RS (ms): Min: 3.4, Avg: 3.4, Max: 3.5, Diff: 0.1, Sum: 13.6]
      [Code Root Scanning (ms): Min: 0.0, Avg: 0.1, Max: 0.1, Diff: 0.1, Sum: 0.2]
      [Object Copy (ms): Min: 14.2, Avg: 14.3, Max: 14.3, Diff: 0.1, Sum: 57.1]
      [Termination (ms): Min: 0.0, Avg: 0.0, Max: 0.0, Diff: 0.0, Sum: 0.0]
         [Termination Attempts: Min: 1, Avg: 1.8, Max: 3, Diff: 2, Sum: 7]
      [GC Worker Other (ms): Min: 0.0, Avg: 0.0, Max: 0.0, Diff: 0.0, Sum: 0.1]
      [GC Worker Total (ms): Min: 19.0, Avg: 19.0, Max: 19.0, Diff: 0.0, Sum: 76.1]
      [GC Worker End (ms): Min: 117035.8, Avg: 117035.8, Max: 117035.8, Diff: 0.0]
   [Code Root Fixup: 0.1 ms]
   [Code Root Purge: 0.0 ms]
   [String Dedup Fixup: 0.7 ms, GC Workers: 4]
      [Queue Fixup (ms): Min: 0.0, Avg: 0.0, Max: 0.0, Diff: 0.0, Sum: 0.0]
      [Table Fixup (ms): Min: 0.7, Avg: 0.7, Max: 0.7, Diff: 0.0, Sum: 2.7]
   [Clear CT: 0.2 ms]
   [Other: 1.3 ms]
      [Choose CSet: 0.2 ms]
      [Ref Proc: 0.1 ms]
      [Ref Enq: 0.0 ms]
      [Redirty Cards: 0.1 ms]
      [Humongous Register: 0.0 ms]
      [Humongous Reclaim: 0.0 ms]
      [Free CSet: 0.5 ms]
   [Eden: 48.0M(48.0M)->0.0B(48.0M) Survivors: 7168.0K->7168.0K Heap: 920.0M(1110.0M)->839.0M(1110.0M)]
 [Times: user=0.06 sys=0.00, real=0.02 secs] 
2016-06-27T18:02:30.780+0300: 117.038: Total time for which application threads were stopped: 0.0320531 seconds, Stopping threads took: 0.0098916 seconds
2016-06-27T18:02:30.786+0300: 117.044: [GC concurrent-string-deduplication, 7809.3K->7505.9K(303.4K), avg 3.0%, 0.0055475 secs]
   [Last Exec: 0.0055475 secs, Idle: 0.4169827 secs, Blocked: 0/0.0000000 secs]
      [Inspected:             399]
         [Skipped:              3(  0.8%)]
         [Hashed:             396( 99.2%)]
         [Known:                0(  0.0%)]
         [New:                396( 99.2%)   7809.3K]
      [Deduplicated:           21(  5.3%)    303.4K(  3.9%)]
         [Young:                0(  0.0%)      0.0B(  0.0%)]
         [Old:                 21(100.0%)    303.4K(100.0%)]
   [Total Exec: 409/1.6358271 secs, Idle: 409/115.1412222 secs, Blocked: 6/0.0132868 secs]
      [Inspected:          125499]
         [Skipped:            957(  0.8%)]
         [Hashed:          123564( 98.5%)]
         [Known:             4781(  3.8%)]
         [New:             119761( 95.4%)   2230.9M]
      [Deduplicated:         7485(  6.2%)     66.9M(  3.0%)]
         [Young:               11(  0.1%)     87.2K(  0.1%)]
         [Old:               7474( 99.9%)     66.8M( 99.9%)]
   [Table]
      [Memory Usage: 1312.4K]
      [Size: 32768, Min: 1024, Max: 16777216]
      [Entries: 42602, Load: 130.0%, Cached: 2473, Added: 116837, Removed: 74235]
      [Resize Count: 5, Shrink Threshold: 21845(66.7%), Grow Threshold: 65536(200.0%)]
      [Rehash Count: 1, Rehash Threshold: 120, Hash Seed: 0xc4e8cebb]
      [Age Threshold: 3]
   [Queue]
      [Dropped: 0]
2016-06-27T18:02:31.193+0300: 117.450: [GC pause (G1 Evacuation Pause) (mixed)
Desired survivor size 3670016 bytes, new threshold 1 (max 15)
- age   1:    6846368 bytes,    6846368 total
, 0.0205385 secs]
   [Parallel Time: 19.1 ms, GC Workers: 4]
      [GC Worker Start (ms): Min: 117450.1, Avg: 117450.1, Max: 117450.1, Diff: 0.0]
      [Ext Root Scanning (ms): Min: 0.5, Avg: 0.6, Max: 0.6, Diff: 0.1, Sum: 2.2]
      [Update RS (ms): Min: 9.5, Avg: 9.6, Max: 9.6, Diff: 0.1, Sum: 38.4]
         [Processed Buffers: Min: 12, Avg: 17.0, Max: 26, Diff: 14, Sum: 68]
      [Scan RS (ms): Min: 2.1, Avg: 2.1, Max: 2.2, Diff: 0.1, Sum: 8.5]
      [Code Root Scanning (ms): Min: 0.0, Avg: 0.0, Max: 0.0, Diff: 0.0, Sum: 0.0]
      [Object Copy (ms): Min: 6.8, Avg: 6.8, Max: 6.8, Diff: 0.0, Sum: 27.1]
      [Termination (ms): Min: 0.0, Avg: 0.0, Max: 0.0, Diff: 0.0, Sum: 0.0]
         [Termination Attempts: Min: 1, Avg: 1.8, Max: 3, Diff: 2, Sum: 7]
      [GC Worker Other (ms): Min: 0.0, Avg: 0.0, Max: 0.0, Diff: 0.0, Sum: 0.1]
      [GC Worker Total (ms): Min: 19.1, Avg: 19.1, Max: 19.1, Diff: 0.0, Sum: 76.3]
      [GC Worker End (ms): Min: 117469.2, Avg: 117469.2, Max: 117469.2, Diff: 0.0]
   [Code Root Fixup: 0.0 ms]
   [Code Root Purge: 0.0 ms]
   [String Dedup Fixup: 0.5 ms, GC Workers: 4]
      [Queue Fixup (ms): Min: 0.0, Avg: 0.0, Max: 0.0, Diff: 0.0, Sum: 0.0]
      [Table Fixup (ms): Min: 0.5, Avg: 0.5, Max: 0.5, Diff: 0.0, Sum: 2.0]
   [Clear CT: 0.2 ms]
   [Other: 0.7 ms]
      [Choose CSet: 0.1 ms]
      [Ref Proc: 0.0 ms]
      [Ref Enq: 0.0 ms]
      [Redirty Cards: 0.0 ms]
      [Humongous Register: 0.0 ms]
      [Humongous Reclaim: 0.0 ms]
      [Free CSet: 0.2 ms]
   [Eden: 48.0M(48.0M)->0.0B(48.0M) Survivors: 7168.0K->7168.0K Heap: 887.0M(1110.0M)->837.0M(1110.0M)]
 [Times: user=0.06 sys=0.00, real=0.02 secs] 
2016-06-27T18:02:31.213+0300: 117.471: Total time for which application threads were stopped: 0.0290198 seconds, Stopping threads took: 0.0077696 seconds
2016-06-27T18:02:31.219+0300: 117.476: [GC concurrent-string-deduplication, 7187.6K->7025.5K(162.2K), avg 3.0%, 0.0052097 secs]
   [Last Exec: 0.0052097 secs, Idle: 0.4270753 secs, Blocked: 0/0.0000000 secs]
      [Inspected:             362]
         [Skipped:              1(  0.3%)]
         [Hashed:             361( 99.7%)]
         [Known:                0(  0.0%)]
         [New:                361( 99.7%)   7187.6K]
      [Deduplicated:           10(  2.8%)    162.2K(  2.3%)]
         [Young:                0(  0.0%)      0.0B(  0.0%)]
         [Old:                 10(100.0%)    162.2K(100.0%)]
   [Total Exec: 410/1.6410368 secs, Idle: 410/115.5682975 secs, Blocked: 6/0.0132868 secs]
      [Inspected:          125861]
         [Skipped:            958(  0.8%)]
         [Hashed:          123925( 98.5%)]
         [Known:             4781(  3.8%)]
         [New:             120122( 95.4%)   2237.9M]
      [Deduplicated:         7495(  6.2%)     67.1M(  3.0%)]
         [Young:               11(  0.1%)     87.2K(  0.1%)]
         [Old:               7484( 99.9%)     67.0M( 99.9%)]
   [Table]
      [Memory Usage: 1312.4K]
      [Size: 32768, Min: 1024, Max: 16777216]
      [Entries: 42953, Load: 131.1%, Cached: 2122, Added: 117188, Removed: 74235]
      [Resize Count: 5, Shrink Threshold: 21845(66.7%), Grow Threshold: 65536(200.0%)]
      [Rehash Count: 1, Rehash Threshold: 120, Hash Seed: 0xc4e8cebb]
      [Age Threshold: 3]
   [Queue]
      [Dropped: 0]
2016-06-27T18:02:31.608+0300: 117.865: [GC pause (G1 Evacuation Pause) (young)
Desired survivor size 3670016 bytes, new threshold 1 (max 15)
- age   1:    7206880 bytes,    7206880 total
, 0.0106986 secs]
   [Parallel Time: 9.5 ms, GC Workers: 4]
      [GC Worker Start (ms): Min: 117865.1, Avg: 117865.1, Max: 117865.1, Diff: 0.1]
      [Ext Root Scanning (ms): Min: 0.5, Avg: 0.6, Max: 0.6, Diff: 0.1, Sum: 2.4]
      [Update RS (ms): Min: 6.4, Avg: 6.4, Max: 6.5, Diff: 0.1, Sum: 25.8]
         [Processed Buffers: Min: 9, Avg: 16.3, Max: 25, Diff: 16, Sum: 65]
      [Scan RS (ms): Min: 0.0, Avg: 0.0, Max: 0.0, Diff: 0.0, Sum: 0.0]
      [Code Root Scanning (ms): Min: 0.0, Avg: 0.0, Max: 0.0, Diff: 0.0, Sum: 0.0]
      [Object Copy (ms): Min: 2.3, Avg: 2.4, Max: 2.4, Diff: 0.1, Sum: 9.5]
      [Termination (ms): Min: 0.0, Avg: 0.0, Max: 0.0, Diff: 0.0, Sum: 0.0]
         [Termination Attempts: Min: 1, Avg: 1.0, Max: 1, Diff: 0, Sum: 4]
      [GC Worker Other (ms): Min: 0.0, Avg: 0.0, Max: 0.0, Diff: 0.0, Sum: 0.1]
      [GC Worker Total (ms): Min: 9.4, Avg: 9.4, Max: 9.5, Diff: 0.1, Sum: 37.8]
      [GC Worker End (ms): Min: 117874.6, Avg: 117874.6, Max: 117874.6, Diff: 0.0]
   [Code Root Fixup: 0.0 ms]
   [Code Root Purge: 0.0 ms]
   [String Dedup Fixup: 0.6 ms, GC Workers: 4]
      [Queue Fixup (ms): Min: 0.0, Avg: 0.0, Max: 0.0, Diff: 0.0, Sum: 0.0]
      [Table Fixup (ms): Min: 0.5, Avg: 0.5, Max: 0.5, Diff: 0.0, Sum: 2.1]
   [Clear CT: 0.0 ms]
   [Other: 0.6 ms]
      [Choose CSet: 0.0 ms]
      [Ref Proc: 0.1 ms]
      [Ref Enq: 0.0 ms]
      [Redirty Cards: 0.0 ms]
      [Humongous Register: 0.0 ms]
      [Humongous Reclaim: 0.0 ms]
      [Free CSet: 0.1 ms]
   [Eden: 48.0M(48.0M)->0.0B(48.0M) Survivors: 7168.0K->7168.0K Heap: 885.0M(1110.0M)->846.0M(1110.0M)]
 [Times: user=0.06 sys=0.00, real=0.01 secs] 
2016-06-27T18:02:31.619+0300: 117.876: Total time for which application threads were stopped: 0.0181839 seconds, Stopping threads took: 0.0067518 seconds
2016-06-27T18:02:31.624+0300: 117.881: [GC concurrent-string-deduplication, 7732.1K->7465.8K(266.3K), avg 3.0%, 0.0054552 secs]
   [Last Exec: 0.0054552 secs, Idle: 0.3997704 secs, Blocked: 0/0.0000000 secs]
      [Inspected:             393]
         [Skipped:              1(  0.3%)]
         [Hashed:             392( 99.7%)]
         [Known:                0(  0.0%)]
         [New:                392( 99.7%)   7732.1K]
      [Deduplicated:           19(  4.8%)    266.3K(  3.4%)]
         [Young:                0(  0.0%)      0.0B(  0.0%)]
         [Old:                 19(100.0%)    266.3K(100.0%)]
   [Total Exec: 411/1.6464919 secs, Idle: 411/115.9680679 secs, Blocked: 6/0.0132868 secs]
      [Inspected:          126254]
         [Skipped:            959(  0.8%)]
         [Hashed:          124317( 98.5%)]
         [Known:             4781(  3.8%)]
         [New:             120514( 95.5%)   2245.4M]
      [Deduplicated:         7514(  6.2%)     67.3M(  3.0%)]
         [Young:               11(  0.1%)     87.2K(  0.1%)]
         [Old:               7503( 99.9%)     67.2M( 99.9%)]
   [Table]
      [Memory Usage: 1312.4K]
      [Size: 32768, Min: 1024, Max: 16777216]
      [Entries: 43326, Load: 132.2%, Cached: 1749, Added: 117561, Removed: 74235]
      [Resize Count: 5, Shrink Threshold: 21845(66.7%), Grow Threshold: 65536(200.0%)]
      [Rehash Count: 1, Rehash Threshold: 120, Hash Seed: 0xc4e8cebb]
      [Age Threshold: 3]
   [Queue]
      [Dropped: 0]
2016-06-27T18:02:32.042+0300: 118.299: [GC pause (G1 Evacuation Pause) (young) (initial-mark)
Desired survivor size 3670016 bytes, new threshold 1 (max 15)
- age   1:    7087200 bytes,    7087200 total
, 0.0050309 secs]
   [Parallel Time: 3.7 ms, GC Workers: 4]
      [GC Worker Start (ms): Min: 118299.2, Avg: 118299.2, Max: 118299.3, Diff: 0.0]
      [Ext Root Scanning (ms): Min: 0.5, Avg: 0.6, Max: 0.7, Diff: 0.2, Sum: 2.4]
      [Update RS (ms): Min: 0.6, Avg: 0.6, Max: 0.7, Diff: 0.1, Sum: 2.4]
         [Processed Buffers: Min: 4, Avg: 13.8, Max: 28, Diff: 24, Sum: 55]
      [Scan RS (ms): Min: 0.0, Avg: 0.0, Max: 0.0, Diff: 0.0, Sum: 0.0]
      [Code Root Scanning (ms): Min: 0.0, Avg: 0.0, Max: 0.0, Diff: 0.0, Sum: 0.0]
      [Object Copy (ms): Min: 2.3, Avg: 2.4, Max: 2.5, Diff: 0.2, Sum: 9.6]
      [Termination (ms): Min: 0.0, Avg: 0.0, Max: 0.0, Diff: 0.0, Sum: 0.0]
         [Termination Attempts: Min: 1, Avg: 1.0, Max: 1, Diff: 0, Sum: 4]
      [GC Worker Other (ms): Min: 0.0, Avg: 0.0, Max: 0.0, Diff: 0.0, Sum: 0.1]
      [GC Worker Total (ms): Min: 3.6, Avg: 3.6, Max: 3.6, Diff: 0.0, Sum: 14.5]
      [GC Worker End (ms): Min: 118302.9, Avg: 118302.9, Max: 118302.9, Diff: 0.0]
   [Code Root Fixup: 0.0 ms]
   [Code Root Purge: 0.0 ms]
   [String Dedup Fixup: 0.6 ms, GC Workers: 4]
      [Queue Fixup (ms): Min: 0.0, Avg: 0.0, Max: 0.0, Diff: 0.0, Sum: 0.0]
      [Table Fixup (ms): Min: 0.5, Avg: 0.5, Max: 0.5, Diff: 0.0, Sum: 2.1]
   [Clear CT: 0.0 ms]
   [Other: 0.7 ms]
      [Choose CSet: 0.0 ms]
      [Ref Proc: 0.1 ms]
      [Ref Enq: 0.0 ms]
      [Redirty Cards: 0.1 ms]
      [Humongous Register: 0.0 ms]
      [Humongous Reclaim: 0.0 ms]
      [Free CSet: 0.1 ms]
   [Eden: 48.0M(48.0M)->0.0B(122.0M) Survivors: 7168.0K->7168.0K Heap: 894.0M(1110.0M)->855.5M(1110.0M)]
 [Times: user=0.00 sys=0.00, real=0.00 secs] 
2016-06-27T18:02:32.047+0300: 118.304: [GC concurrent-root-region-scan-start]
2016-06-27T18:02:32.047+0300: 118.304: Total time for which application threads were stopped: 0.0153909 seconds, Stopping threads took: 0.0095854 seconds
2016-06-27T18:02:32.047+0300: 118.305: [GC concurrent-root-region-scan-end, 0.0006098 secs]
2016-06-27T18:02:32.047+0300: 118.305: [GC concurrent-mark-start]
2016-06-27T18:02:32.053+0300: 118.310: [GC concurrent-string-deduplication, 7867.2K->7485.8K(381.3K), avg 3.0%, 0.0058901 secs]
   [Last Exec: 0.0058901 secs, Idle: 0.4229185 secs, Blocked: 0/0.0000000 secs]
      [Inspected:             398]
         [Skipped:              4(  1.0%)]
         [Hashed:             394( 99.0%)]
         [Known:                0(  0.0%)]
         [New:                394( 99.0%)   7867.2K]
      [Deduplicated:           20(  5.1%)    381.3K(  4.8%)]
         [Young:                0(  0.0%)      0.0B(  0.0%)]
         [Old:                 20(100.0%)    381.3K(100.0%)]
   [Total Exec: 412/1.6523820 secs, Idle: 412/116.3909864 secs, Blocked: 6/0.0132868 secs]
      [Inspected:          126652]
         [Skipped:            963(  0.8%)]
         [Hashed:          124711( 98.5%)]
         [Known:             4781(  3.8%)]
         [New:             120908( 95.5%)   2253.1M]
      [Deduplicated:         7534(  6.2%)     67.7M(  3.0%)]
         [Young:               11(  0.1%)     87.2K(  0.1%)]
         [Old:               7523( 99.9%)     67.6M( 99.9%)]
   [Table]
      [Memory Usage: 1312.4K]
      [Size: 32768, Min: 1024, Max: 16777216]
      [Entries: 43700, Load: 133.4%, Cached: 1375, Added: 117935, Removed: 74235]
      [Resize Count: 5, Shrink Threshold: 21845(66.7%), Grow Threshold: 65536(200.0%)]
      [Rehash Count: 1, Rehash Threshold: 120, Hash Seed: 0xc4e8cebb]
      [Age Threshold: 3]
   [Queue]
      [Dropped: 0]
2016-06-27T18:02:32.108+0300: 118.365: [GC concurrent-mark-end, 0.0602539 secs]
2016-06-27T18:02:32.131+0300: 118.388: [GC remark 2016-06-27T18:02:32.131+0300: 118.388: [Finalize Marking, 0.0002074 secs] 2016-06-27T18:02:32.131+0300: 118.388: [GC ref-proc, 0.0001073 secs] 2016-06-27T18:02:32.131+0300: 118.389: [Unloading, 0.0028345 secs], 0.0067693 secs]
 [Times: user=0.00 sys=0.00, real=0.01 secs] 
2016-06-27T18:02:32.138+0300: 118.395: Total time for which application threads were stopped: 0.0136169 seconds, Stopping threads took: 0.0062763 seconds
2016-06-27T18:02:32.138+0300: 118.396: [GC cleanup 871M->871M(1110M), 0.0020117 secs]
 [Times: user=0.00 sys=0.00, real=0.00 secs] 
2016-06-27T18:02:32.140+0300: 118.398: Total time for which application threads were stopped: 0.0026865 seconds, Stopping threads took: 0.0000637 seconds
2016-06-27T18:02:32.841+0300: 119.098: [GC pause (G1 Evacuation Pause) (young)
Desired survivor size 8912896 bytes, new threshold 15 (max 15)
- age   1:    6944416 bytes,    6944416 total
, 0.0071675 secs]
   [Parallel Time: 6.0 ms, GC Workers: 4]
      [GC Worker Start (ms): Min: 119098.6, Avg: 119098.6, Max: 119098.6, Diff: 0.0]
      [Ext Root Scanning (ms): Min: 0.6, Avg: 0.7, Max: 0.7, Diff: 0.1, Sum: 2.6]
      [Update RS (ms): Min: 0.9, Avg: 0.9, Max: 1.0, Diff: 0.1, Sum: 3.7]
         [Processed Buffers: Min: 10, Avg: 13.8, Max: 18, Diff: 8, Sum: 55]
      [Scan RS (ms): Min: 0.0, Avg: 0.0, Max: 0.0, Diff: 0.0, Sum: 0.1]
      [Code Root Scanning (ms): Min: 0.0, Avg: 0.0, Max: 0.0, Diff: 0.0, Sum: 0.0]
      [Object Copy (ms): Min: 4.3, Avg: 4.3, Max: 4.4, Diff: 0.1, Sum: 17.3]
      [Termination (ms): Min: 0.0, Avg: 0.0, Max: 0.0, Diff: 0.0, Sum: 0.0]
         [Termination Attempts: Min: 1, Avg: 1.0, Max: 1, Diff: 0, Sum: 4]
      [GC Worker Other (ms): Min: 0.0, Avg: 0.0, Max: 0.0, Diff: 0.0, Sum: 0.1]
      [GC Worker Total (ms): Min: 5.9, Avg: 6.0, Max: 6.0, Diff: 0.0, Sum: 23.8]
      [GC Worker End (ms): Min: 119104.6, Avg: 119104.6, Max: 119104.6, Diff: 0.0]
   [Code Root Fixup: 0.0 ms]
   [Code Root Purge: 0.0 ms]
   [String Dedup Fixup: 0.5 ms, GC Workers: 4]
      [Queue Fixup (ms): Min: 0.0, Avg: 0.0, Max: 0.0, Diff: 0.0, Sum: 0.0]
      [Table Fixup (ms): Min: 0.5, Avg: 0.5, Max: 0.5, Diff: 0.0, Sum: 1.9]
   [Clear CT: 0.1 ms]
   [Other: 0.6 ms]
      [Choose CSet: 0.0 ms]
      [Ref Proc: 0.1 ms]
      [Ref Enq: 0.0 ms]
      [Redirty Cards: 0.0 ms]
      [Humongous Register: 0.0 ms]
      [Humongous Reclaim: 0.0 ms]
      [Free CSet: 0.1 ms]
   [Eden: 122.0M(122.0M)->0.0B(38.0M) Survivors: 7168.0K->17.0M Heap: 977.5M(1110.0M)->876.0M(1110.0M)]
 [Times: user=0.02 sys=0.00, real=0.01 secs] 
2016-06-27T18:02:32.848+0300: 119.106: Total time for which application threads were stopped: 0.0122912 seconds, Stopping threads took: 0.0044480 seconds
2016-06-27T18:02:32.855+0300: 119.113: [GC concurrent-string-deduplication, 9528.3K->9227.2K(301.1K), avg 3.0%, 0.0066842 secs]
   [Last Exec: 0.0066842 secs, Idle: 0.7956086 secs, Blocked: 0/0.0000000 secs]
      [Inspected:             493]
         [Skipped:              0(  0.0%)]
         [Hashed:             493(100.0%)]
         [Known:                0(  0.0%)]
         [New:                493(100.0%)   9528.3K]
      [Deduplicated:           32(  6.5%)    301.1K(  3.2%)]
         [Young:                0(  0.0%)      0.0B(  0.0%)]
         [Old:                 32(100.0%)    301.1K(100.0%)]
   [Total Exec: 413/1.6590663 secs, Idle: 413/117.1865950 secs, Blocked: 6/0.0132868 secs]
      [Inspected:          127145]
         [Skipped:            963(  0.8%)]
         [Hashed:          125204( 98.5%)]
         [Known:             4781(  3.8%)]
         [New:             121401( 95.5%)   2262.4M]
      [Deduplicated:         7566(  6.2%)     68.0M(  3.0%)]
         [Young:               11(  0.1%)     87.2K(  0.1%)]
         [Old:               7555( 99.9%)     67.9M( 99.9%)]
   [Table]
      [Memory Usage: 1312.4K]
      [Size: 32768, Min: 1024, Max: 16777216]
      [Entries: 43004, Load: 131.2%, Cached: 2071, Added: 118396, Removed: 75392]
      [Resize Count: 5, Shrink Threshold: 21845(66.7%), Grow Threshold: 65536(200.0%)]
      [Rehash Count: 1, Rehash Threshold: 120, Hash Seed: 0xc4e8cebb]
      [Age Threshold: 3]
   [Queue]
      [Dropped: 0]
2016-06-27T18:02:33.184+0300: 119.441: [GC pause (G1 Evacuation Pause) (mixed)
Desired survivor size 3670016 bytes, new threshold 1 (max 15)
- age   1:   14130408 bytes,   14130408 total
- age   2:    3424464 bytes,   17554872 total
, 0.0213352 secs]
   [Parallel Time: 19.1 ms, GC Workers: 4]
      [GC Worker Start (ms): Min: 119441.7, Avg: 119441.8, Max: 119441.8, Diff: 0.1]
      [Ext Root Scanning (ms): Min: 0.6, Avg: 0.6, Max: 0.7, Diff: 0.1, Sum: 2.6]
      [Update RS (ms): Min: 0.9, Avg: 0.9, Max: 1.0, Diff: 0.1, Sum: 3.8]
         [Processed Buffers: Min: 3, Avg: 7.8, Max: 11, Diff: 8, Sum: 31]
      [Scan RS (ms): Min: 3.5, Avg: 3.6, Max: 3.8, Diff: 0.4, Sum: 14.4]
      [Code Root Scanning (ms): Min: 0.0, Avg: 0.0, Max: 0.1, Diff: 0.1, Sum: 0.1]
      [Object Copy (ms): Min: 13.5, Avg: 13.8, Max: 13.9, Diff: 0.4, Sum: 55.1]
      [Termination (ms): Min: 0.0, Avg: 0.1, Max: 0.1, Diff: 0.1, Sum: 0.3]
         [Termination Attempts: Min: 1, Avg: 1.0, Max: 1, Diff: 0, Sum: 4]
      [GC Worker Other (ms): Min: 0.0, Avg: 0.0, Max: 0.0, Diff: 0.0, Sum: 0.0]
      [GC Worker Total (ms): Min: 19.0, Avg: 19.1, Max: 19.1, Diff: 0.1, Sum: 76.3]
      [GC Worker End (ms): Min: 119460.8, Avg: 119460.8, Max: 119460.9, Diff: 0.1]
   [Code Root Fixup: 0.0 ms]
   [Code Root Purge: 0.0 ms]
   [String Dedup Fixup: 0.9 ms, GC Workers: 4]
      [Queue Fixup (ms): Min: 0.0, Avg: 0.0, Max: 0.0, Diff: 0.0, Sum: 0.0]
      [Table Fixup (ms): Min: 0.0, Avg: 0.6, Max: 0.9, Diff: 0.9, Sum: 2.5]
   [Clear CT: 0.2 ms]
   [Other: 1.0 ms]
      [Choose CSet: 0.1 ms]
      [Ref Proc: 0.1 ms]
      [Ref Enq: 0.0 ms]
      [Redirty Cards: 0.1 ms]
      [Humongous Register: 0.0 ms]
      [Humongous Reclaim: 0.0 ms]
      [Free CSet: 0.4 ms]
   [Eden: 38.0M(38.0M)->0.0B(48.0M) Survivors: 17.0M->7168.0K Heap: 914.0M(1110.0M)->855.0M(1110.0M)]
 [Times: user=0.03 sys=0.00, real=0.02 secs] 
2016-06-27T18:02:33.206+0300: 119.463: Total time for which application threads were stopped: 0.0474517 seconds, Stopping threads took: 0.0253911 seconds
2016-06-27T18:02:33.217+0300: 119.474: [GC concurrent-string-deduplication, 15.4M->14.9M(608.8K), avg 3.0%, 0.0114017 secs]
   [Last Exec: 0.0114017 secs, Idle: 0.3504627 secs, Blocked: 0/0.0000000 secs]
      [Inspected:             804]
         [Skipped:              1(  0.1%)]
         [Hashed:             803( 99.9%)]
         [Known:                0(  0.0%)]
         [New:                803( 99.9%)     15.4M]
      [Deduplicated:           42(  5.2%)    608.8K(  3.8%)]
         [Young:                0(  0.0%)      0.0B(  0.0%)]
         [Old:                 42(100.0%)    608.8K(100.0%)]
   [Total Exec: 414/1.6704679 secs, Idle: 414/117.5370577 secs, Blocked: 6/0.0132868 secs]
      [Inspected:          127949]
         [Skipped:            964(  0.8%)]
         [Hashed:          126007( 98.5%)]
         [Known:             4781(  3.7%)]
         [New:             122204( 95.5%)   2277.9M]
      [Deduplicated:         7608(  6.2%)     68.6M(  3.0%)]
         [Young:               11(  0.1%)     87.2K(  0.1%)]
         [Old:               7597( 99.9%)     68.5M( 99.9%)]
   [Table]
      [Memory Usage: 1312.4K]
      [Size: 32768, Min: 1024, Max: 16777216]
      [Entries: 43770, Load: 133.6%, Cached: 1305, Added: 119162, Removed: 75392]
      [Resize Count: 5, Shrink Threshold: 21845(66.7%), Grow Threshold: 65536(200.0%)]
      [Rehash Count: 1, Rehash Threshold: 120, Hash Seed: 0xc4e8cebb]
      [Age Threshold: 3]
   [Queue]
      [Dropped: 0]
2016-06-27T18:02:33.349+0300: 119.606: [GC pause (G1 Evacuation Pause) (young)
Desired survivor size 3670016 bytes, new threshold 1 (max 15)
- age   1:    6820584 bytes,    6820584 total
, 0.0182001 secs]
   [Parallel Time: 17.2 ms, GC Workers: 4]
      [GC Worker Start (ms): Min: 119606.1, Avg: 119606.2, Max: 119606.4, Diff: 0.3]
      [Ext Root Scanning (ms): Min: 0.3, Avg: 0.8, Max: 1.4, Diff: 1.1, Sum: 3.0]
      [Update RS (ms): Min: 13.5, Avg: 13.8, Max: 14.2, Diff: 0.8, Sum: 55.4]
         [Processed Buffers: Min: 13, Avg: 14.5, Max: 16, Diff: 3, Sum: 58]
      [Scan RS (ms): Min: 0.0, Avg: 0.0, Max: 0.0, Diff: 0.0, Sum: 0.0]
      [Code Root Scanning (ms): Min: 0.0, Avg: 0.0, Max: 0.0, Diff: 0.0, Sum: 0.0]
      [Object Copy (ms): Min: 2.1, Avg: 2.4, Max: 2.7, Diff: 0.6, Sum: 9.4]
      [Termination (ms): Min: 0.0, Avg: 0.1, Max: 0.1, Diff: 0.1, Sum: 0.3]
         [Termination Attempts: Min: 1, Avg: 1.0, Max: 1, Diff: 0, Sum: 4]
      [GC Worker Other (ms): Min: 0.0, Avg: 0.0, Max: 0.0, Diff: 0.0, Sum: 0.0]
      [GC Worker Total (ms): Min: 16.8, Avg: 17.0, Max: 17.1, Diff: 0.3, Sum: 68.1]
      [GC Worker End (ms): Min: 119623.2, Avg: 119623.2, Max: 119623.2, Diff: 0.1]
   [Code Root Fixup: 0.0 ms]
   [Code Root Purge: 0.0 ms]
   [String Dedup Fixup: 0.6 ms, GC Workers: 4]
      [Queue Fixup (ms): Min: 0.0, Avg: 0.0, Max: 0.0, Diff: 0.0, Sum: 0.0]
      [Table Fixup (ms): Min: 0.5, Avg: 0.5, Max: 0.5, Diff: 0.0, Sum: 2.2]
   [Clear CT: 0.0 ms]
   [Other: 0.4 ms]
      [Choose CSet: 0.0 ms]
      [Ref Proc: 0.1 ms]
      [Ref Enq: 0.0 ms]
      [Redirty Cards: 0.0 ms]
      [Humongous Register: 0.0 ms]
      [Humongous Reclaim: 0.0 ms]
      [Free CSet: 0.1 ms]
   [Eden: 48.0M(48.0M)->0.0B(115.0M) Survivors: 7168.0K->7168.0K Heap: 903.0M(1110.0M)->863.5M(1110.0M)]
 [Times: user=0.06 sys=0.00, real=0.02 secs] 
2016-06-27T18:02:33.367+0300: 119.624: Total time for which application threads were stopped: 0.0312496 seconds, Stopping threads took: 0.0123904 seconds
2016-06-27T18:02:33.372+0300: 119.630: [GC concurrent-string-deduplication, 6967.9K->6565.2K(402.7K), avg 3.0%, 0.0050596 secs]
   [Last Exec: 0.0050596 secs, Idle: 0.1499053 secs, Blocked: 0/0.0000000 secs]
      [Inspected:             700]
         [Skipped:              0(  0.0%)]
         [Hashed:             700(100.0%)]
         [Known:               10(  1.4%)]
         [New:                690( 98.6%)   6967.9K]
      [Deduplicated:          361( 52.3%)    402.7K(  5.8%)]
         [Young:                0(  0.0%)      0.0B(  0.0%)]
         [Old:                361(100.0%)    402.7K(100.0%)]
   [Total Exec: 415/1.6755275 secs, Idle: 415/117.6869630 secs, Blocked: 6/0.0132868 secs]
      [Inspected:          128649]
         [Skipped:            964(  0.7%)]
         [Hashed:          126707( 98.5%)]
         [Known:             4791(  3.7%)]
         [New:             122894( 95.5%)   2284.7M]
      [Deduplicated:         7969(  6.5%)     69.0M(  3.0%)]
         [Young:               11(  0.1%)     87.2K(  0.1%)]
         [Old:               7958( 99.9%)     68.9M( 99.9%)]
   [Table]
      [Memory Usage: 1312.4K]
      [Size: 32768, Min: 1024, Max: 16777216]
      [Entries: 44104, Load: 134.6%, Cached: 971, Added: 119496, Removed: 75392]
      [Resize Count: 5, Shrink Threshold: 21845(66.7%), Grow Threshold: 65536(200.0%)]
      [Rehash Count: 1, Rehash Threshold: 120, Hash Seed: 0xc4e8cebb]
      [Age Threshold: 3]
   [Queue]
      [Dropped: 0]
2016-06-27T18:02:34.169+0300: 120.427: Total time for which application threads were stopped: 0.0101311 seconds, Stopping threads took: 0.0087421 seconds
2016-06-27T18:02:34.331+0300: 120.589: [GC pause (G1 Evacuation Pause) (young) (initial-mark)
Desired survivor size 8388608 bytes, new threshold 15 (max 15)
- age   1:    6858168 bytes,    6858168 total
, 0.0072731 secs]
   [Parallel Time: 5.9 ms, GC Workers: 4]
      [GC Worker Start (ms): Min: 120589.0, Avg: 120589.0, Max: 120589.0, Diff: 0.0]
      [Ext Root Scanning (ms): Min: 0.5, Avg: 0.5, Max: 0.7, Diff: 0.3, Sum: 2.2]
      [Update RS (ms): Min: 0.9, Avg: 1.0, Max: 1.1, Diff: 0.2, Sum: 4.1]
         [Processed Buffers: Min: 18, Avg: 29.5, Max: 40, Diff: 22, Sum: 118]
      [Scan RS (ms): Min: 0.0, Avg: 0.0, Max: 0.0, Diff: 0.0, Sum: 0.1]
      [Code Root Scanning (ms): Min: 0.0, Avg: 0.0, Max: 0.0, Diff: 0.0, Sum: 0.0]
      [Object Copy (ms): Min: 4.2, Avg: 4.3, Max: 4.3, Diff: 0.1, Sum: 17.2]
      [Termination (ms): Min: 0.0, Avg: 0.0, Max: 0.0, Diff: 0.0, Sum: 0.0]
         [Termination Attempts: Min: 1, Avg: 1.0, Max: 1, Diff: 0, Sum: 4]
      [GC Worker Other (ms): Min: 0.0, Avg: 0.0, Max: 0.0, Diff: 0.0, Sum: 0.1]
      [GC Worker Total (ms): Min: 5.9, Avg: 5.9, Max: 5.9, Diff: 0.0, Sum: 23.6]
      [GC Worker End (ms): Min: 120594.9, Avg: 120594.9, Max: 120594.9, Diff: 0.0]
   [Code Root Fixup: 0.0 ms]
   [Code Root Purge: 0.0 ms]
   [String Dedup Fixup: 0.5 ms, GC Workers: 4]
      [Queue Fixup (ms): Min: 0.0, Avg: 0.0, Max: 0.0, Diff: 0.0, Sum: 0.0]
      [Table Fixup (ms): Min: 0.5, Avg: 0.5, Max: 0.5, Diff: 0.0, Sum: 2.0]
   [Clear CT: 0.0 ms]
   [Other: 0.8 ms]
      [Choose CSet: 0.0 ms]
      [Ref Proc: 0.1 ms]
      [Ref Enq: 0.0 ms]
      [Redirty Cards: 0.0 ms]
      [Humongous Register: 0.0 ms]
      [Humongous Reclaim: 0.0 ms]
      [Free CSet: 0.1 ms]
   [Eden: 115.0M(115.0M)->0.0B(96.0M) Survivors: 7168.0K->16.0M Heap: 978.5M(1110.0M)->884.5M(1110.0M)]
 [Times: user=0.06 sys=0.00, real=0.01 secs] 
2016-06-27T18:02:34.339+0300: 120.596: [GC concurrent-root-region-scan-start]
2016-06-27T18:02:34.339+0300: 120.596: Total time for which application threads were stopped: 0.0146249 seconds, Stopping threads took: 0.0067651 seconds
2016-06-27T18:02:34.340+0300: 120.597: [GC concurrent-root-region-scan-end, 0.0010957 secs]
2016-06-27T18:02:34.340+0300: 120.597: [GC concurrent-mark-start]
2016-06-27T18:02:34.346+0300: 120.604: [GC concurrent-string-deduplication, 10.2M->10068.1K(416.9K), avg 3.0%, 0.0077341 secs]
   [Last Exec: 0.0077341 secs, Idle: 0.9665446 secs, Blocked: 0/0.0000000 secs]
      [Inspected:             960]
         [Skipped:              0(  0.0%)]
         [Hashed:             960(100.0%)]
         [Known:               17(  1.8%)]
         [New:                943( 98.2%)     10.2M]
      [Deduplicated:          438( 46.4%)    416.9K(  4.0%)]
         [Young:                0(  0.0%)      0.0B(  0.0%)]
         [Old:                438(100.0%)    416.9K(100.0%)]
   [Total Exec: 416/1.6832617 secs, Idle: 416/118.6535076 secs, Blocked: 6/0.0132868 secs]
      [Inspected:          129609]
         [Skipped:            964(  0.7%)]
         [Hashed:          127667( 98.5%)]
         [Known:             4808(  3.7%)]
         [New:             123837( 95.5%)   2294.9M]
      [Deduplicated:         8407(  6.8%)     69.4M(  3.0%)]
         [Young:               11(  0.1%)     87.2K(  0.1%)]
         [Old:               8396( 99.9%)     69.3M( 99.9%)]
   [Table]
      [Memory Usage: 1312.4K]
      [Size: 32768, Min: 1024, Max: 16777216]
      [Entries: 44609, Load: 136.1%, Cached: 466, Added: 120001, Removed: 75392]
      [Resize Count: 5, Shrink Threshold: 21845(66.7%), Grow Threshold: 65536(200.0%)]
      [Rehash Count: 1, Rehash Threshold: 120, Hash Seed: 0xc4e8cebb]
      [Age Threshold: 3]
   [Queue]
      [Dropped: 0]
2016-06-27T18:02:34.402+0300: 120.659: [GC concurrent-mark-end, 0.0616827 secs]
2016-06-27T18:02:34.432+0300: 120.689: [GC remark 2016-06-27T18:02:34.432+0300: 120.689: [Finalize Marking, 0.0002172 secs] 2016-06-27T18:02:34.432+0300: 120.689: [GC ref-proc, 0.0001112 secs] 2016-06-27T18:02:34.432+0300: 120.690: [Unloading, 0.0027100 secs], 0.0066090 secs]
 [Times: user=0.00 sys=0.00, real=0.01 secs] 
2016-06-27T18:02:34.439+0300: 120.696: Total time for which application threads were stopped: 0.0097432 seconds, Stopping threads took: 0.0027327 seconds
2016-06-27T18:02:34.442+0300: 120.699: [GC cleanup 901M->901M(1110M), 0.0020964 secs]
 [Times: user=0.00 sys=0.00, real=0.00 secs] 
2016-06-27T18:02:34.444+0300: 120.701: Total time for which application threads were stopped: 0.0027152 seconds, Stopping threads took: 0.0001617 seconds
2016-06-27T18:02:35.129+0300: 121.386: [GC pause (G1 Evacuation Pause) (young)
Desired survivor size 7340032 bytes, new threshold 1 (max 15)
- age   1:   13951848 bytes,   13951848 total
- age   2:    2563480 bytes,   16515328 total
, 0.0082045 secs]
   [Parallel Time: 7.0 ms, GC Workers: 4]
      [GC Worker Start (ms): Min: 121386.3, Avg: 121386.4, Max: 121386.4, Diff: 0.1]
      [Ext Root Scanning (ms): Min: 0.4, Avg: 0.5, Max: 0.6, Diff: 0.2, Sum: 2.0]
      [Update RS (ms): Min: 1.3, Avg: 1.3, Max: 1.4, Diff: 0.1, Sum: 5.4]
         [Processed Buffers: Min: 11, Avg: 15.8, Max: 20, Diff: 9, Sum: 63]
      [Scan RS (ms): Min: 0.0, Avg: 0.0, Max: 0.0, Diff: 0.0, Sum: 0.1]
      [Code Root Scanning (ms): Min: 0.0, Avg: 0.0, Max: 0.0, Diff: 0.0, Sum: 0.0]
      [Object Copy (ms): Min: 4.9, Avg: 5.0, Max: 5.1, Diff: 0.2, Sum: 20.0]
      [Termination (ms): Min: 0.0, Avg: 0.0, Max: 0.0, Diff: 0.0, Sum: 0.0]
         [Termination Attempts: Min: 1, Avg: 1.0, Max: 1, Diff: 0, Sum: 4]
      [GC Worker Other (ms): Min: 0.0, Avg: 0.0, Max: 0.0, Diff: 0.0, Sum: 0.1]
      [GC Worker Total (ms): Min: 6.8, Avg: 6.9, Max: 6.9, Diff: 0.1, Sum: 27.6]
      [GC Worker End (ms): Min: 121393.3, Avg: 121393.3, Max: 121393.3, Diff: 0.0]
   [Code Root Fixup: 0.0 ms]
   [Code Root Purge: 0.0 ms]
   [String Dedup Fixup: 0.6 ms, GC Workers: 4]
      [Queue Fixup (ms): Min: 0.0, Avg: 0.0, Max: 0.0, Diff: 0.0, Sum: 0.0]
      [Table Fixup (ms): Min: 0.5, Avg: 0.5, Max: 0.5, Diff: 0.0, Sum: 2.0]
   [Clear CT: 0.0 ms]
   [Other: 0.6 ms]
      [Choose CSet: 0.0 ms]
      [Ref Proc: 0.1 ms]
      [Ref Enq: 0.0 ms]
      [Redirty Cards: 0.0 ms]
      [Humongous Register: 0.0 ms]
      [Humongous Reclaim: 0.0 ms]
      [Free CSet: 0.1 ms]
   [Eden: 96.0M(96.0M)->0.0B(41.0M) Survivors: 16.0M->14.0M Heap: 980.5M(1110.0M)->901.5M(1110.0M)]
 [Times: user=0.06 sys=0.00, real=0.01 secs] 
2016-06-27T18:02:35.137+0300: 121.395: Total time for which application threads were stopped: 0.0180342 seconds, Stopping threads took: 0.0091518 seconds
2016-06-27T18:02:35.150+0300: 121.407: [GC concurrent-string-deduplication, 16.4M->15.7M(701.3K), avg 3.0%, 0.0121565 secs]
   [Last Exec: 0.0121565 secs, Idle: 0.7906414 secs, Blocked: 0/0.0000000 secs]
      [Inspected:             914]
         [Skipped:             28(  3.1%)]
         [Hashed:             886( 96.9%)]
         [Known:                5(  0.5%)]
         [New:                881( 96.4%)     16.4M]
      [Deduplicated:           77(  8.7%)    701.3K(  4.2%)]
         [Young:                0(  0.0%)      0.0B(  0.0%)]
         [Old:                 77(100.0%)    701.3K(100.0%)]
   [Total Exec: 417/1.6954182 secs, Idle: 417/119.4441490 secs, Blocked: 6/0.0132868 secs]
      [Inspected:          130523]
         [Skipped:            992(  0.8%)]
         [Hashed:          128553( 98.5%)]
         [Known:             4813(  3.7%)]
         [New:             124718( 95.6%)   2311.3M]
      [Deduplicated:         8484(  6.8%)     70.1M(  3.0%)]
         [Young:               11(  0.1%)     87.2K(  0.1%)]
         [Old:               8473( 99.9%)     70.0M( 99.9%)]
   [Table]
      [Memory Usage: 1312.4K]
      [Size: 32768, Min: 1024, Max: 16777216]
      [Entries: 42540, Load: 129.8%, Cached: 2535, Added: 120805, Removed: 78265]
      [Resize Count: 5, Shrink Threshold: 21845(66.7%), Grow Threshold: 65536(200.0%)]
      [Rehash Count: 1, Rehash Threshold: 120, Hash Seed: 0xc4e8cebb]
      [Age Threshold: 3]
   [Queue]
      [Dropped: 0]
2016-06-27T18:02:35.442+0300: 121.699: [GC pause (G1 Evacuation Pause) (mixed)
Desired survivor size 3670016 bytes, new threshold 1 (max 15)
- age   1:   14464640 bytes,   14464640 total
, 0.0224583 secs]
   [Parallel Time: 20.3 ms, GC Workers: 4]
      [GC Worker Start (ms): Min: 121699.3, Avg: 121699.3, Max: 121699.3, Diff: 0.0]
      [Ext Root Scanning (ms): Min: 0.5, Avg: 0.6, Max: 0.6, Diff: 0.1, Sum: 2.2]
      [Update RS (ms): Min: 1.1, Avg: 1.2, Max: 1.4, Diff: 0.3, Sum: 4.9]
         [Processed Buffers: Min: 3, Avg: 8.5, Max: 14, Diff: 11, Sum: 34]
      [Scan RS (ms): Min: 3.1, Avg: 3.2, Max: 3.4, Diff: 0.3, Sum: 12.9]
      [Code Root Scanning (ms): Min: 0.0, Avg: 0.1, Max: 0.2, Diff: 0.2, Sum: 0.3]
      [Object Copy (ms): Min: 15.1, Avg: 15.2, Max: 15.2, Diff: 0.1, Sum: 60.6]
      [Termination (ms): Min: 0.0, Avg: 0.0, Max: 0.0, Diff: 0.0, Sum: 0.0]
         [Termination Attempts: Min: 1, Avg: 2.0, Max: 3, Diff: 2, Sum: 8]
      [GC Worker Other (ms): Min: 0.0, Avg: 0.0, Max: 0.0, Diff: 0.0, Sum: 0.1]
      [GC Worker Total (ms): Min: 20.2, Avg: 20.2, Max: 20.2, Diff: 0.0, Sum: 81.0]
      [GC Worker End (ms): Min: 121719.6, Avg: 121719.6, Max: 121719.6, Diff: 0.0]
   [Code Root Fixup: 0.1 ms]
   [Code Root Purge: 0.0 ms]
   [String Dedup Fixup: 0.7 ms, GC Workers: 4]
      [Queue Fixup (ms): Min: 0.0, Avg: 0.0, Max: 0.0, Diff: 0.0, Sum: 0.0]
      [Table Fixup (ms): Min: 0.6, Avg: 0.6, Max: 0.6, Diff: 0.0, Sum: 2.6]
   [Clear CT: 0.2 ms]
   [Other: 1.2 ms]
      [Choose CSet: 0.2 ms]
      [Ref Proc: 0.1 ms]
      [Ref Enq: 0.0 ms]
      [Redirty Cards: 0.1 ms]
      [Humongous Register: 0.0 ms]
      [Humongous Reclaim: 0.0 ms]
      [Free CSet: 0.6 ms]
   [Eden: 41.0M(41.0M)->0.0B(48.0M) Survivors: 14.0M->7168.0K Heap: 942.5M(1110.0M)->867.5M(1110.0M)]
 [Times: user=0.08 sys=0.00, real=0.02 secs] 
2016-06-27T18:02:35.464+0300: 121.722: Total time for which application threads were stopped: 0.0266249 seconds, Stopping threads took: 0.0034525 seconds
2016-06-27T18:02:35.473+0300: 121.731: [GC concurrent-string-deduplication, 12.6M->12.2M(385.4K), avg 3.0%, 0.0090389 secs]
   [Last Exec: 0.0090389 secs, Idle: 0.3148609 secs, Blocked: 0/0.0000000 secs]
      [Inspected:             651]
         [Skipped:              1(  0.2%)]
         [Hashed:             650( 99.8%)]
         [Known:                0(  0.0%)]
         [New:                650( 99.8%)     12.6M]
      [Deduplicated:           24(  3.7%)    385.4K(  3.0%)]
         [Young:                0(  0.0%)      0.0B(  0.0%)]
         [Old:                 24(100.0%)    385.4K(100.0%)]
   [Total Exec: 418/1.7044571 secs, Idle: 418/119.7590099 secs, Blocked: 6/0.0132868 secs]
      [Inspected:          131174]
         [Skipped:            993(  0.8%)]
         [Hashed:          129203( 98.5%)]
         [Known:             4813(  3.7%)]
         [New:             125368( 95.6%)   2323.9M]
      [Deduplicated:         8508(  6.8%)     70.4M(  3.0%)]
         [Young:               11(  0.1%)     87.2K(  0.1%)]
         [Old:               8497( 99.9%)     70.4M( 99.9%)]
   [Table]
      [Memory Usage: 1312.4K]
      [Size: 32768, Min: 1024, Max: 16777216]
      [Entries: 43166, Load: 131.7%, Cached: 1909, Added: 121431, Removed: 78265]
      [Resize Count: 5, Shrink Threshold: 21845(66.7%), Grow Threshold: 65536(200.0%)]
      [Rehash Count: 1, Rehash Threshold: 120, Hash Seed: 0xc4e8cebb]
      [Age Threshold: 3]
   [Queue]
      [Dropped: 0]
2016-06-27T18:02:35.877+0300: 122.134: [GC pause (G1 Evacuation Pause) (mixed)
Desired survivor size 3670016 bytes, new threshold 1 (max 15)
- age   1:    7139088 bytes,    7139088 total
, 0.0283633 secs]
   [Parallel Time: 26.3 ms, GC Workers: 4]
      [GC Worker Start (ms): Min: 122134.6, Avg: 122134.6, Max: 122134.6, Diff: 0.0]
      [Ext Root Scanning (ms): Min: 0.5, Avg: 0.6, Max: 0.6, Diff: 0.1, Sum: 2.3]
      [Update RS (ms): Min: 9.1, Avg: 9.2, Max: 9.3, Diff: 0.3, Sum: 36.8]
         [Processed Buffers: Min: 12, Avg: 18.3, Max: 34, Diff: 22, Sum: 73]
      [Scan RS (ms): Min: 3.9, Avg: 3.9, Max: 4.0, Diff: 0.1, Sum: 15.8]
      [Code Root Scanning (ms): Min: 0.0, Avg: 0.0, Max: 0.1, Diff: 0.1, Sum: 0.1]
      [Object Copy (ms): Min: 12.5, Avg: 12.5, Max: 12.6, Diff: 0.1, Sum: 50.1]
      [Termination (ms): Min: 0.0, Avg: 0.0, Max: 0.0, Diff: 0.0, Sum: 0.0]
         [Termination Attempts: Min: 1, Avg: 1.5, Max: 2, Diff: 1, Sum: 6]
      [GC Worker Other (ms): Min: 0.0, Avg: 0.0, Max: 0.0, Diff: 0.0, Sum: 0.0]
      [GC Worker Total (ms): Min: 26.3, Avg: 26.3, Max: 26.3, Diff: 0.0, Sum: 105.2]
      [GC Worker End (ms): Min: 122160.9, Avg: 122160.9, Max: 122160.9, Diff: 0.0]
   [Code Root Fixup: 0.0 ms]
   [Code Root Purge: 0.0 ms]
   [String Dedup Fixup: 0.7 ms, GC Workers: 4]
      [Queue Fixup (ms): Min: 0.0, Avg: 0.0, Max: 0.0, Diff: 0.0, Sum: 0.0]
      [Table Fixup (ms): Min: 0.6, Avg: 0.6, Max: 0.7, Diff: 0.0, Sum: 2.6]
   [Clear CT: 0.2 ms]
   [Other: 1.1 ms]
      [Choose CSet: 0.2 ms]
      [Ref Proc: 0.0 ms]
      [Ref Enq: 0.0 ms]
      [Redirty Cards: 0.1 ms]
      [Humongous Register: 0.0 ms]
      [Humongous Reclaim: 0.0 ms]
      [Free CSet: 0.4 ms]
   [Eden: 48.0M(48.0M)->0.0B(48.0M) Survivors: 7168.0K->7168.0K Heap: 915.5M(1110.0M)->849.5M(1110.0M)]
 [Times: user=0.13 sys=0.00, real=0.03 secs] 
2016-06-27T18:02:35.906+0300: 122.163: Total time for which application threads were stopped: 0.0352037 seconds, Stopping threads took: 0.0061048 seconds
2016-06-27T18:02:35.911+0300: 122.168: [GC concurrent-string-deduplication, 7793.2K->7505.9K(287.3K), avg 3.0%, 0.0054663 secs]
   [Last Exec: 0.0054663 secs, Idle: 0.4320293 secs, Blocked: 0/0.0000000 secs]
      [Inspected:             400]
         [Skipped:              4(  1.0%)]
         [Hashed:             396( 99.0%)]
         [Known:                0(  0.0%)]
         [New:                396( 99.0%)   7793.2K]
      [Deduplicated:           21(  5.3%)    287.3K(  3.7%)]
         [Young:                0(  0.0%)      0.0B(  0.0%)]
         [Old:                 21(100.0%)    287.3K(100.0%)]
   [Total Exec: 419/1.7099233 secs, Idle: 419/120.1910392 secs, Blocked: 6/0.0132868 secs]
      [Inspected:          131574]
         [Skipped:            997(  0.8%)]
         [Hashed:          129599( 98.5%)]
         [Known:             4813(  3.7%)]
         [New:             125764( 95.6%)   2331.5M]
      [Deduplicated:         8529(  6.8%)     70.7M(  3.0%)]
         [Young:               11(  0.1%)     87.2K(  0.1%)]
         [Old:               8518( 99.9%)     70.6M( 99.9%)]
   [Table]
      [Memory Usage: 1312.4K]
      [Size: 32768, Min: 1024, Max: 16777216]
      [Entries: 43541, Load: 132.9%, Cached: 1534, Added: 121806, Removed: 78265]
      [Resize Count: 5, Shrink Threshold: 21845(66.7%), Grow Threshold: 65536(200.0%)]
      [Rehash Count: 1, Rehash Threshold: 120, Hash Seed: 0xc4e8cebb]
      [Age Threshold: 3]
   [Queue]
      [Dropped: 0]
2016-06-27T18:02:36.260+0300: 122.518: [GC pause (G1 Evacuation Pause) (young)
Desired survivor size 3670016 bytes, new threshold 1 (max 15)
- age   1:    7203728 bytes,    7203728 total
, 0.0146425 secs]
   [Parallel Time: 13.4 ms, GC Workers: 4]
      [GC Worker Start (ms): Min: 122517.9, Avg: 122517.9, Max: 122518.0, Diff: 0.0]
      [Ext Root Scanning (ms): Min: 0.5, Avg: 0.6, Max: 0.6, Diff: 0.1, Sum: 2.2]
      [Update RS (ms): Min: 10.4, Avg: 10.6, Max: 11.3, Diff: 0.9, Sum: 42.5]
         [Processed Buffers: Min: 11, Avg: 22.8, Max: 49, Diff: 38, Sum: 91]
      [Scan RS (ms): Min: 0.0, Avg: 0.0, Max: 0.0, Diff: 0.0, Sum: 0.0]
      [Code Root Scanning (ms): Min: 0.0, Avg: 0.0, Max: 0.0, Diff: 0.0, Sum: 0.0]
      [Object Copy (ms): Min: 1.5, Avg: 2.2, Max: 2.4, Diff: 0.9, Sum: 8.6]
      [Termination (ms): Min: 0.0, Avg: 0.0, Max: 0.0, Diff: 0.0, Sum: 0.0]
         [Termination Attempts: Min: 1, Avg: 1.0, Max: 1, Diff: 0, Sum: 4]
      [GC Worker Other (ms): Min: 0.0, Avg: 0.0, Max: 0.0, Diff: 0.0, Sum: 0.1]
      [GC Worker Total (ms): Min: 13.4, Avg: 13.4, Max: 13.4, Diff: 0.0, Sum: 53.5]
      [GC Worker End (ms): Min: 122531.3, Avg: 122531.3, Max: 122531.3, Diff: 0.0]
   [Code Root Fixup: 0.0 ms]
   [Code Root Purge: 0.0 ms]
   [String Dedup Fixup: 0.6 ms, GC Workers: 4]
      [Queue Fixup (ms): Min: 0.0, Avg: 0.0, Max: 0.0, Diff: 0.0, Sum: 0.0]
      [Table Fixup (ms): Min: 0.5, Avg: 0.5, Max: 0.5, Diff: 0.0, Sum: 2.2]
   [Clear CT: 0.0 ms]
   [Other: 0.6 ms]
      [Choose CSet: 0.0 ms]
      [Ref Proc: 0.0 ms]
      [Ref Enq: 0.0 ms]
      [Redirty Cards: 0.0 ms]
      [Humongous Register: 0.0 ms]
      [Humongous Reclaim: 0.0 ms]
      [Free CSet: 0.1 ms]
   [Eden: 48.0M(48.0M)->0.0B(48.0M) Survivors: 7168.0K->7168.0K Heap: 897.5M(1110.0M)->858.5M(1110.0M)]
 [Times: user=0.06 sys=0.00, real=0.02 secs] 
2016-06-27T18:02:36.275+0300: 122.533: Total time for which application threads were stopped: 0.0222128 seconds, Stopping threads took: 0.0066898 seconds
2016-06-27T18:02:36.281+0300: 122.538: [GC concurrent-string-deduplication, 7493.0K->7245.7K(247.3K), avg 3.0%, 0.0054847 secs]
   [Last Exec: 0.0054847 secs, Idle: 0.3642572 secs, Blocked: 0/0.0000000 secs]
      [Inspected:             382]
         [Skipped:              1(  0.3%)]
         [Hashed:             381( 99.7%)]
         [Known:                0(  0.0%)]
         [New:                381( 99.7%)   7493.0K]
      [Deduplicated:           19(  5.0%)    247.3K(  3.3%)]
         [Young:                0(  0.0%)      0.0B(  0.0%)]
         [Old:                 19(100.0%)    247.3K(100.0%)]
   [Total Exec: 420/1.7154080 secs, Idle: 420/120.5552963 secs, Blocked: 6/0.0132868 secs]
      [Inspected:          131956]
         [Skipped:            998(  0.8%)]
         [Hashed:          129980( 98.5%)]
         [Known:             4813(  3.6%)]
         [New:             126145( 95.6%)   2338.8M]
      [Deduplicated:         8548(  6.8%)     71.0M(  3.0%)]
         [Young:               11(  0.1%)     87.2K(  0.1%)]
         [Old:               8537( 99.9%)     70.9M( 99.9%)]
   [Table]
      [Memory Usage: 1312.4K]
      [Size: 32768, Min: 1024, Max: 16777216]
      [Entries: 43911, Load: 134.0%, Cached: 1164, Added: 122176, Removed: 78265]
      [Resize Count: 5, Shrink Threshold: 21845(66.7%), Grow Threshold: 65536(200.0%)]
      [Rehash Count: 1, Rehash Threshold: 120, Hash Seed: 0xc4e8cebb]
      [Age Threshold: 3]
   [Queue]
      [Dropped: 0]
2016-06-27T18:02:36.663+0300: 122.920: [GC pause (G1 Evacuation Pause) (young) (initial-mark)
Desired survivor size 3670016 bytes, new threshold 1 (max 15)
- age   1:    7228432 bytes,    7228432 total
, 0.0050544 secs]
   [Parallel Time: 3.8 ms, GC Workers: 4]
      [GC Worker Start (ms): Min: 122920.3, Avg: 122920.4, Max: 122920.4, Diff: 0.0]
      [Ext Root Scanning (ms): Min: 0.5, Avg: 0.6, Max: 0.7, Diff: 0.2, Sum: 2.4]
      [Update RS (ms): Min: 0.5, Avg: 0.6, Max: 0.6, Diff: 0.2, Sum: 2.2]
         [Processed Buffers: Min: 2, Avg: 10.5, Max: 16, Diff: 14, Sum: 42]
      [Scan RS (ms): Min: 0.0, Avg: 0.0, Max: 0.0, Diff: 0.0, Sum: 0.0]
      [Code Root Scanning (ms): Min: 0.0, Avg: 0.0, Max: 0.1, Diff: 0.1, Sum: 0.1]
      [Object Copy (ms): Min: 2.5, Avg: 2.5, Max: 2.6, Diff: 0.1, Sum: 10.0]
      [Termination (ms): Min: 0.0, Avg: 0.0, Max: 0.0, Diff: 0.0, Sum: 0.0]
         [Termination Attempts: Min: 1, Avg: 1.0, Max: 1, Diff: 0, Sum: 4]
      [GC Worker Other (ms): Min: 0.0, Avg: 0.0, Max: 0.0, Diff: 0.0, Sum: 0.1]
      [GC Worker Total (ms): Min: 3.7, Avg: 3.7, Max: 3.7, Diff: 0.0, Sum: 14.9]
      [GC Worker End (ms): Min: 122924.1, Avg: 122924.1, Max: 122924.1, Diff: 0.0]
   [Code Root Fixup: 0.0 ms]
   [Code Root Purge: 0.0 ms]
   [String Dedup Fixup: 0.6 ms, GC Workers: 4]
      [Queue Fixup (ms): Min: 0.0, Avg: 0.0, Max: 0.0, Diff: 0.0, Sum: 0.0]
      [Table Fixup (ms): Min: 0.5, Avg: 0.6, Max: 0.6, Diff: 0.0, Sum: 2.2]
   [Clear CT: 0.0 ms]
   [Other: 0.7 ms]
      [Choose CSet: 0.0 ms]
      [Ref Proc: 0.0 ms]
      [Ref Enq: 0.0 ms]
      [Redirty Cards: 0.0 ms]
      [Humongous Register: 0.0 ms]
      [Humongous Reclaim: 0.0 ms]
      [Free CSet: 0.1 ms]
   [Eden: 48.0M(48.0M)->0.0B(48.0M) Survivors: 7168.0K->7168.0K Heap: 906.5M(1110.0M)->867.5M(1110.0M)]
 [Times: user=0.00 sys=0.00, real=0.00 secs] 
2016-06-27T18:02:36.668+0300: 122.925: [GC concurrent-root-region-scan-start]
2016-06-27T18:02:36.668+0300: 122.925: Total time for which application threads were stopped: 0.0134078 seconds, Stopping threads took: 0.0075874 seconds
2016-06-27T18:02:36.669+0300: 122.926: [GC concurrent-root-region-scan-end, 0.0010939 secs]
2016-06-27T18:02:36.669+0300: 122.926: [GC concurrent-mark-start]
2016-06-27T18:02:36.674+0300: 122.931: [GC concurrent-string-deduplication, 7769.1K->7525.9K(243.2K), avg 3.0%, 0.0055471 secs]
   [Last Exec: 0.0055471 secs, Idle: 0.3871405 secs, Blocked: 0/0.0000000 secs]
      [Inspected:             400]
         [Skipped:              1(  0.3%)]
         [Hashed:             399( 99.8%)]
         [Known:                8(  2.0%)]
         [New:                391( 97.8%)   7769.1K]
      [Deduplicated:           15(  3.8%)    243.2K(  3.1%)]
         [Young:                0(  0.0%)      0.0B(  0.0%)]
         [Old:                 15(100.0%)    243.2K(100.0%)]
   [Total Exec: 421/1.7209551 secs, Idle: 421/120.9424369 secs, Blocked: 6/0.0132868 secs]
      [Inspected:          132356]
         [Skipped:            999(  0.8%)]
         [Hashed:          130379( 98.5%)]
         [Known:             4821(  3.6%)]
         [New:             126536( 95.6%)   2346.4M]
      [Deduplicated:         8563(  6.8%)     71.2M(  3.0%)]
         [Young:               11(  0.1%)     87.2K(  0.1%)]
         [Old:               8552( 99.9%)     71.1M( 99.9%)]
   [Table]
      [Memory Usage: 1312.4K]
      [Size: 32768, Min: 1024, Max: 16777216]
      [Entries: 44287, Load: 135.2%, Cached: 788, Added: 122552, Removed: 78265]
      [Resize Count: 5, Shrink Threshold: 21845(66.7%), Grow Threshold: 65536(200.0%)]
      [Rehash Count: 1, Rehash Threshold: 120, Hash Seed: 0xc4e8cebb]
      [Age Threshold: 3]
   [Queue]
      [Dropped: 0]
2016-06-27T18:02:36.730+0300: 122.987: [GC concurrent-mark-end, 0.0601522 secs]
2016-06-27T18:02:36.744+0300: 123.001: [GC remark 2016-06-27T18:02:36.744+0300: 123.001: [Finalize Marking, 0.0002220 secs] 2016-06-27T18:02:36.744+0300: 123.002: [GC ref-proc, 0.0001339 secs] 2016-06-27T18:02:36.745+0300: 123.002: [Unloading, 0.0029410 secs], 0.0070597 secs]
 [Times: user=0.00 sys=0.00, real=0.01 secs] 
2016-06-27T18:02:36.751+0300: 123.008: Total time for which application threads were stopped: 0.0135733 seconds, Stopping threads took: 0.0059440 seconds
2016-06-27T18:02:37.069+0300: 123.327: [GC cleanup 915M->915M(1110M), 0.0023273 secs]
 [Times: user=0.00 sys=0.00, real=0.00 secs] 
2016-06-27T18:02:37.072+0300: 123.329: Total time for which application threads were stopped: 0.0111921 seconds, Stopping threads took: 0.0083589 seconds
2016-06-27T18:02:37.077+0300: 123.334: [GC pause (G1 Evacuation Pause) (young)
Desired survivor size 3670016 bytes, new threshold 1 (max 15)
- age   1:    7208544 bytes,    7208544 total
, 0.0047867 secs]
   [Parallel Time: 3.7 ms, GC Workers: 4]
      [GC Worker Start (ms): Min: 123334.3, Avg: 123334.3, Max: 123334.4, Diff: 0.1]
      [Ext Root Scanning (ms): Min: 0.5, Avg: 0.6, Max: 0.9, Diff: 0.4, Sum: 2.6]
      [Update RS (ms): Min: 0.5, Avg: 0.7, Max: 0.9, Diff: 0.4, Sum: 2.8]
         [Processed Buffers: Min: 5, Avg: 11.5, Max: 22, Diff: 17, Sum: 46]
      [Scan RS (ms): Min: 0.0, Avg: 0.0, Max: 0.0, Diff: 0.0, Sum: 0.0]
      [Code Root Scanning (ms): Min: 0.0, Avg: 0.0, Max: 0.0, Diff: 0.0, Sum: 0.0]
      [Object Copy (ms): Min: 2.2, Avg: 2.3, Max: 2.4, Diff: 0.2, Sum: 9.3]
      [Termination (ms): Min: 0.0, Avg: 0.0, Max: 0.0, Diff: 0.0, Sum: 0.0]
         [Termination Attempts: Min: 1, Avg: 1.0, Max: 1, Diff: 0, Sum: 4]
      [GC Worker Other (ms): Min: 0.0, Avg: 0.0, Max: 0.0, Diff: 0.0, Sum: 0.1]
      [GC Worker Total (ms): Min: 3.6, Avg: 3.7, Max: 3.7, Diff: 0.1, Sum: 14.8]
      [GC Worker End (ms): Min: 123338.0, Avg: 123338.0, Max: 123338.0, Diff: 0.0]
   [Code Root Fixup: 0.0 ms]
   [Code Root Purge: 0.0 ms]
   [String Dedup Fixup: 0.5 ms, GC Workers: 4]
      [Queue Fixup (ms): Min: 0.0, Avg: 0.0, Max: 0.0, Diff: 0.0, Sum: 0.0]
      [Table Fixup (ms): Min: 0.5, Avg: 0.5, Max: 0.5, Diff: 0.0, Sum: 2.0]
   [Clear CT: 0.0 ms]
   [Other: 0.5 ms]
      [Choose CSet: 0.0 ms]
      [Ref Proc: 0.1 ms]
      [Ref Enq: 0.0 ms]
      [Redirty Cards: 0.0 ms]
      [Humongous Register: 0.0 ms]
      [Humongous Reclaim: 0.0 ms]
      [Free CSet: 0.1 ms]
   [Eden: 48.0M(48.0M)->0.0B(48.0M) Survivors: 7168.0K->7168.0K Heap: 915.5M(1110.0M)->877.5M(1110.0M)]
 [Times: user=0.00 sys=0.00, real=0.01 secs] 
2016-06-27T18:02:37.082+0300: 123.339: Total time for which application threads were stopped: 0.0054124 seconds, Stopping threads took: 0.0000526 seconds
2016-06-27T18:02:37.087+0300: 123.345: [GC concurrent-string-deduplication, 7690.0K->7545.9K(144.1K), avg 3.0%, 0.0054599 secs]
   [Last Exec: 0.0054599 secs, Idle: 0.4082128 secs, Blocked: 0/0.0000000 secs]
      [Inspected:             408]
         [Skipped:              3(  0.7%)]
         [Hashed:             405( 99.3%)]
         [Known:                0(  0.0%)]
         [New:                405( 99.3%)   7690.0K]
      [Deduplicated:           28(  6.9%)    144.1K(  1.9%)]
         [Young:                0(  0.0%)      0.0B(  0.0%)]
         [Old:                 28(100.0%)    144.1K(100.0%)]
   [Total Exec: 422/1.7264150 secs, Idle: 422/121.3506496 secs, Blocked: 6/0.0132868 secs]
      [Inspected:          132764]
         [Skipped:           1002(  0.8%)]
         [Hashed:          130784( 98.5%)]
         [Known:             4821(  3.6%)]
         [New:             126941( 95.6%)   2353.9M]
      [Deduplicated:         8591(  6.8%)     71.3M(  3.0%)]
         [Young:               11(  0.1%)     87.2K(  0.1%)]
         [Old:               8580( 99.9%)     71.3M( 99.9%)]
   [Table]
      [Memory Usage: 1312.4K]
      [Size: 32768, Min: 1024, Max: 16777216]
      [Entries: 42647, Load: 130.1%, Cached: 2428, Added: 122929, Removed: 80282]
      [Resize Count: 5, Shrink Threshold: 21845(66.7%), Grow Threshold: 65536(200.0%)]
      [Rehash Count: 1, Rehash Threshold: 120, Hash Seed: 0xc4e8cebb]
      [Age Threshold: 3]
   [Queue]
      [Dropped: 0]
2016-06-27T18:02:37.166+0300: 123.423: Total time for which application threads were stopped: 0.0066073 seconds, Stopping threads took: 0.0042445 seconds
2016-06-27T18:02:37.395+0300: 123.652: [GC pause (G1 Evacuation Pause) (mixed)
Desired survivor size 3670016 bytes, new threshold 1 (max 15)
- age   1:    7011848 bytes,    7011848 total
, 0.0237797 secs]
   [Parallel Time: 21.3 ms, GC Workers: 4]
      [GC Worker Start (ms): Min: 123652.2, Avg: 123652.2, Max: 123652.3, Diff: 0.1]
      [Ext Root Scanning (ms): Min: 0.5, Avg: 0.9, Max: 1.6, Diff: 1.0, Sum: 3.5]
      [Update RS (ms): Min: 0.3, Avg: 0.9, Max: 1.2, Diff: 0.9, Sum: 3.8]
         [Processed Buffers: Min: 3, Avg: 9.3, Max: 13, Diff: 10, Sum: 37]
      [Scan RS (ms): Min: 3.6, Avg: 3.6, Max: 3.7, Diff: 0.1, Sum: 14.5]
      [Code Root Scanning (ms): Min: 0.0, Avg: 0.1, Max: 0.1, Diff: 0.1, Sum: 0.2]
      [Object Copy (ms): Min: 15.6, Avg: 15.6, Max: 15.7, Diff: 0.2, Sum: 62.5]
      [Termination (ms): Min: 0.0, Avg: 0.1, Max: 0.1, Diff: 0.1, Sum: 0.2]
         [Termination Attempts: Min: 1, Avg: 1.3, Max: 2, Diff: 1, Sum: 5]
      [GC Worker Other (ms): Min: 0.0, Avg: 0.0, Max: 0.0, Diff: 0.0, Sum: 0.0]
      [GC Worker Total (ms): Min: 21.1, Avg: 21.2, Max: 21.3, Diff: 0.2, Sum: 84.8]
      [GC Worker End (ms): Min: 123673.4, Avg: 123673.4, Max: 123673.4, Diff: 0.0]
   [Code Root Fixup: 0.1 ms]
   [Code Root Purge: 0.0 ms]
   [String Dedup Fixup: 1.0 ms, GC Workers: 4]
      [Queue Fixup (ms): Min: 0.0, Avg: 0.0, Max: 0.0, Diff: 0.0, Sum: 0.0]
      [Table Fixup (ms): Min: 0.9, Avg: 0.9, Max: 0.9, Diff: 0.0, Sum: 3.4]
   [Clear CT: 0.2 ms]
   [Other: 1.2 ms]
      [Choose CSet: 0.2 ms]
      [Ref Proc: 0.1 ms]
      [Ref Enq: 0.0 ms]
      [Redirty Cards: 0.1 ms]
      [Humongous Register: 0.0 ms]
      [Humongous Reclaim: 0.0 ms]
      [Free CSet: 0.5 ms]
   [Eden: 48.0M(48.0M)->0.0B(48.0M) Survivors: 7168.0K->7168.0K Heap: 925.5M(1110.0M)->845.5M(1110.0M)]
 [Times: user=0.08 sys=0.02, real=0.02 secs] 
2016-06-27T18:02:37.419+0300: 123.676: Total time for which application threads were stopped: 0.0279699 seconds, Stopping threads took: 0.0034781 seconds
2016-06-27T18:02:37.424+0300: 123.681: [GC concurrent-string-deduplication, 7498.0K->7165.6K(332.4K), avg 3.0%, 0.0053529 secs]
   [Last Exec: 0.0053529 secs, Idle: 0.3311195 secs, Blocked: 0/0.0000000 secs]
      [Inspected:             413]
         [Skipped:             27(  6.5%)]
         [Hashed:             386( 93.5%)]
         [Known:                0(  0.0%)]
         [New:                386( 93.5%)   7498.0K]
      [Deduplicated:           28(  7.3%)    332.4K(  4.4%)]
         [Young:                0(  0.0%)      0.0B(  0.0%)]
         [Old:                 28(100.0%)    332.4K(100.0%)]
   [Total Exec: 423/1.7317679 secs, Idle: 423/121.6817691 secs, Blocked: 6/0.0132868 secs]
      [Inspected:          133177]
         [Skipped:           1029(  0.8%)]
         [Hashed:          131170( 98.5%)]
         [Known:             4821(  3.6%)]
         [New:             127327( 95.6%)   2361.3M]
      [Deduplicated:         8619(  6.8%)     71.7M(  3.0%)]
         [Young:               11(  0.1%)     87.2K(  0.1%)]
         [Old:               8608( 99.9%)     71.6M( 99.9%)]
   [Table]
      [Memory Usage: 1312.4K]
      [Size: 32768, Min: 1024, Max: 16777216]
      [Entries: 43013, Load: 131.3%, Cached: 2062, Added: 123295, Removed: 80282]
      [Resize Count: 5, Shrink Threshold: 21845(66.7%), Grow Threshold: 65536(200.0%)]
      [Rehash Count: 1, Rehash Threshold: 120, Hash Seed: 0xc4e8cebb]
      [Age Threshold: 3]
   [Queue]
      [Dropped: 0]
2016-06-27T18:02:37.804+0300: 124.061: [GC pause (G1 Evacuation Pause) (mixed)
Desired survivor size 3670016 bytes, new threshold 1 (max 15)
- age   1:    6686176 bytes,    6686176 total
, 0.0184618 secs]
   [Parallel Time: 17.0 ms, GC Workers: 4]
      [GC Worker Start (ms): Min: 124061.2, Avg: 124061.2, Max: 124061.2, Diff: 0.0]
      [Ext Root Scanning (ms): Min: 0.5, Avg: 0.5, Max: 0.5, Diff: 0.1, Sum: 2.0]
      [Update RS (ms): Min: 9.8, Avg: 9.9, Max: 10.1, Diff: 0.4, Sum: 39.8]
         [Processed Buffers: Min: 12, Avg: 15.0, Max: 23, Diff: 11, Sum: 60]
      [Scan RS (ms): Min: 1.3, Avg: 1.7, Max: 1.9, Diff: 0.6, Sum: 6.7]
      [Code Root Scanning (ms): Min: 0.0, Avg: 0.1, Max: 0.2, Diff: 0.2, Sum: 0.2]
      [Object Copy (ms): Min: 4.8, Avg: 4.8, Max: 4.8, Diff: 0.1, Sum: 19.2]
      [Termination (ms): Min: 0.0, Avg: 0.0, Max: 0.0, Diff: 0.0, Sum: 0.0]
         [Termination Attempts: Min: 1, Avg: 1.0, Max: 1, Diff: 0, Sum: 4]
      [GC Worker Other (ms): Min: 0.0, Avg: 0.0, Max: 0.0, Diff: 0.0, Sum: 0.1]
      [GC Worker Total (ms): Min: 17.0, Avg: 17.0, Max: 17.0, Diff: 0.0, Sum: 67.9]
      [GC Worker End (ms): Min: 124078.2, Avg: 124078.2, Max: 124078.2, Diff: 0.0]
   [Code Root Fixup: 0.0 ms]
   [Code Root Purge: 0.0 ms]
   [String Dedup Fixup: 0.6 ms, GC Workers: 4]
      [Queue Fixup (ms): Min: 0.0, Avg: 0.0, Max: 0.0, Diff: 0.0, Sum: 0.0]
      [Table Fixup (ms): Min: 0.5, Avg: 0.5, Max: 0.5, Diff: 0.0, Sum: 2.1]
   [Clear CT: 0.2 ms]
   [Other: 0.7 ms]
      [Choose CSet: 0.1 ms]
      [Ref Proc: 0.0 ms]
      [Ref Enq: 0.0 ms]
      [Redirty Cards: 0.0 ms]
      [Humongous Register: 0.1 ms]
      [Humongous Reclaim: 0.0 ms]
      [Free CSet: 0.2 ms]
   [Eden: 48.0M(48.0M)->0.0B(48.0M) Survivors: 7168.0K->7168.0K Heap: 893.5M(1110.0M)->847.0M(1110.0M)]
 [Times: user=0.06 sys=0.00, real=0.02 secs] 
2016-06-27T18:02:37.822+0300: 124.080: Total time for which application threads were stopped: 0.0238169 seconds, Stopping threads took: 0.0046696 seconds
2016-06-27T18:02:37.828+0300: 124.085: [GC concurrent-string-deduplication, 7385.8K->6985.5K(400.3K), avg 3.0%, 0.0053136 secs]
   [Last Exec: 0.0053136 secs, Idle: 0.3984789 secs, Blocked: 0/0.0000000 secs]
      [Inspected:             379]
         [Skipped:              0(  0.0%)]
         [Hashed:             379(100.0%)]
         [Known:               10(  2.6%)]
         [New:                369( 97.4%)   7385.8K]
      [Deduplicated:           20(  5.4%)    400.3K(  5.4%)]
         [Young:                0(  0.0%)      0.0B(  0.0%)]
         [Old:                 20(100.0%)    400.3K(100.0%)]
   [Total Exec: 424/1.7370815 secs, Idle: 424/122.0802481 secs, Blocked: 6/0.0132868 secs]
      [Inspected:          133556]
         [Skipped:           1029(  0.8%)]
         [Hashed:          131549( 98.5%)]
         [Known:             4831(  3.6%)]
         [New:             127696( 95.6%)   2368.5M]
      [Deduplicated:         8639(  6.8%)     72.1M(  3.0%)]
         [Young:               11(  0.1%)     87.2K(  0.1%)]
         [Old:               8628( 99.9%)     72.0M( 99.9%)]
   [Table]
      [Memory Usage: 1312.4K]
      [Size: 32768, Min: 1024, Max: 16777216]
      [Entries: 43362, Load: 132.3%, Cached: 1713, Added: 123644, Removed: 80282]
      [Resize Count: 5, Shrink Threshold: 21845(66.7%), Grow Threshold: 65536(200.0%)]
      [Rehash Count: 1, Rehash Threshold: 120, Hash Seed: 0xc4e8cebb]
      [Age Threshold: 3]
   [Queue]
      [Dropped: 0]
2016-06-27T18:02:38.173+0300: 124.431: [GC pause (G1 Evacuation Pause) (young)
Desired survivor size 3670016 bytes, new threshold 1 (max 15)
- age   1:    7200848 bytes,    7200848 total
, 0.0093083 secs]
   [Parallel Time: 8.1 ms, GC Workers: 4]
      [GC Worker Start (ms): Min: 124430.9, Avg: 124430.9, Max: 124430.9, Diff: 0.0]
      [Ext Root Scanning (ms): Min: 0.5, Avg: 0.6, Max: 0.6, Diff: 0.1, Sum: 2.3]
      [Update RS (ms): Min: 5.0, Avg: 5.2, Max: 5.3, Diff: 0.2, Sum: 20.7]
         [Processed Buffers: Min: 4, Avg: 11.8, Max: 22, Diff: 18, Sum: 47]
      [Scan RS (ms): Min: 0.0, Avg: 0.0, Max: 0.0, Diff: 0.0, Sum: 0.0]
      [Code Root Scanning (ms): Min: 0.0, Avg: 0.0, Max: 0.0, Diff: 0.0, Sum: 0.0]
      [Object Copy (ms): Min: 2.3, Avg: 2.3, Max: 2.4, Diff: 0.1, Sum: 9.3]
      [Termination (ms): Min: 0.0, Avg: 0.0, Max: 0.0, Diff: 0.0, Sum: 0.0]
         [Termination Attempts: Min: 1, Avg: 1.0, Max: 1, Diff: 0, Sum: 4]
      [GC Worker Other (ms): Min: 0.0, Avg: 0.0, Max: 0.0, Diff: 0.0, Sum: 0.1]
      [GC Worker Total (ms): Min: 8.1, Avg: 8.1, Max: 8.1, Diff: 0.0, Sum: 32.4]
      [GC Worker End (ms): Min: 124439.0, Avg: 124439.0, Max: 124439.0, Diff: 0.0]
   [Code Root Fixup: 0.0 ms]
   [Code Root Purge: 0.0 ms]
   [String Dedup Fixup: 0.6 ms, GC Workers: 4]
      [Queue Fixup (ms): Min: 0.0, Avg: 0.0, Max: 0.0, Diff: 0.0, Sum: 0.0]
      [Table Fixup (ms): Min: 0.5, Avg: 0.5, Max: 0.5, Diff: 0.0, Sum: 2.1]
   [Clear CT: 0.0 ms]
   [Other: 0.6 ms]
      [Choose CSet: 0.0 ms]
      [Ref Proc: 0.0 ms]
      [Ref Enq: 0.0 ms]
      [Redirty Cards: 0.0 ms]
      [Humongous Register: 0.0 ms]
      [Humongous Reclaim: 0.0 ms]
      [Free CSet: 0.1 ms]
   [Eden: 48.0M(48.0M)->0.0B(48.0M) Survivors: 7168.0K->7168.0K Heap: 895.0M(1110.0M)->855.5M(1110.0M)]
 [Times: user=0.06 sys=0.00, real=0.01 secs] 
2016-06-27T18:02:38.183+0300: 124.440: Total time for which application threads were stopped: 0.0208789 seconds, Stopping threads took: 0.0109296 seconds
2016-06-27T18:02:38.188+0300: 124.446: [GC concurrent-string-deduplication, 7589.0K->7305.7K(283.3K), avg 3.0%, 0.0053465 secs]
   [Last Exec: 0.0053465 secs, Idle: 0.3550203 secs, Blocked: 0/0.0000000 secs]
      [Inspected:             383]
         [Skipped:              1(  0.3%)]
         [Hashed:             382( 99.7%)]
         [Known:                0(  0.0%)]
         [New:                382( 99.7%)   7589.0K]
      [Deduplicated:           17(  4.5%)    283.3K(  3.7%)]
         [Young:                0(  0.0%)      0.0B(  0.0%)]
         [Old:                 17(100.0%)    283.3K(100.0%)]
   [Total Exec: 425/1.7424281 secs, Idle: 425/122.4352683 secs, Blocked: 6/0.0132868 secs]
      [Inspected:          133939]
         [Skipped:           1030(  0.8%)]
         [Hashed:          131931( 98.5%)]
         [Known:             4831(  3.6%)]
         [New:             128078( 95.6%)   2375.9M]
      [Deduplicated:         8656(  6.8%)     72.3M(  3.0%)]
         [Young:               11(  0.1%)     87.2K(  0.1%)]
         [Old:               8645( 99.9%)     72.2M( 99.9%)]
   [Table]
      [Memory Usage: 1312.4K]
      [Size: 32768, Min: 1024, Max: 16777216]
      [Entries: 43727, Load: 133.4%, Cached: 1348, Added: 124009, Removed: 80282]
      [Resize Count: 5, Shrink Threshold: 21845(66.7%), Grow Threshold: 65536(200.0%)]
      [Rehash Count: 1, Rehash Threshold: 120, Hash Seed: 0xc4e8cebb]
      [Age Threshold: 3]
   [Queue]
      [Dropped: 0]
2016-06-27T18:02:38.607+0300: 124.864: [GC pause (G1 Evacuation Pause) (young) (initial-mark)
Desired survivor size 3670016 bytes, new threshold 1 (max 15)
- age   1:    7205720 bytes,    7205720 total
, 0.0049539 secs]
   [Parallel Time: 3.7 ms, GC Workers: 4]
      [GC Worker Start (ms): Min: 124864.4, Avg: 124864.4, Max: 124864.4, Diff: 0.0]
      [Ext Root Scanning (ms): Min: 0.5, Avg: 0.6, Max: 0.7, Diff: 0.2, Sum: 2.3]
      [Update RS (ms): Min: 0.5, Avg: 0.6, Max: 0.7, Diff: 0.2, Sum: 2.5]
         [Processed Buffers: Min: 2, Avg: 8.0, Max: 14, Diff: 12, Sum: 32]
      [Scan RS (ms): Min: 0.0, Avg: 0.0, Max: 0.0, Diff: 0.0, Sum: 0.1]
      [Code Root Scanning (ms): Min: 0.0, Avg: 0.0, Max: 0.0, Diff: 0.0, Sum: 0.0]
      [Object Copy (ms): Min: 2.3, Avg: 2.4, Max: 2.5, Diff: 0.1, Sum: 9.6]
      [Termination (ms): Min: 0.0, Avg: 0.0, Max: 0.0, Diff: 0.0, Sum: 0.0]
         [Termination Attempts: Min: 1, Avg: 1.0, Max: 1, Diff: 0, Sum: 4]
      [GC Worker Other (ms): Min: 0.0, Avg: 0.0, Max: 0.0, Diff: 0.0, Sum: 0.1]
      [GC Worker Total (ms): Min: 3.6, Avg: 3.6, Max: 3.6, Diff: 0.0, Sum: 14.5]
      [GC Worker End (ms): Min: 124868.0, Avg: 124868.0, Max: 124868.0, Diff: 0.0]
   [Code Root Fixup: 0.0 ms]
   [Code Root Purge: 0.0 ms]
   [String Dedup Fixup: 0.6 ms, GC Workers: 4]
      [Queue Fixup (ms): Min: 0.0, Avg: 0.0, Max: 0.0, Diff: 0.0, Sum: 0.0]
      [Table Fixup (ms): Min: 0.5, Avg: 0.5, Max: 0.5, Diff: 0.0, Sum: 2.1]
   [Clear CT: 0.0 ms]
   [Other: 0.7 ms]
      [Choose CSet: 0.0 ms]
      [Ref Proc: 0.0 ms]
      [Ref Enq: 0.0 ms]
      [Redirty Cards: 0.1 ms]
      [Humongous Register: 0.0 ms]
      [Humongous Reclaim: 0.0 ms]
      [Free CSet: 0.1 ms]
   [Eden: 48.0M(48.0M)->0.0B(112.0M) Survivors: 7168.0K->7168.0K Heap: 903.5M(1110.0M)->864.5M(1110.0M)]
 [Times: user=0.00 sys=0.00, real=0.00 secs] 
2016-06-27T18:02:38.612+0300: 124.869: [GC concurrent-root-region-scan-start]
2016-06-27T18:02:38.612+0300: 124.869: Total time for which application threads were stopped: 0.0173966 seconds, Stopping threads took: 0.0117874 seconds
2016-06-27T18:02:38.612+0300: 124.870: [GC concurrent-root-region-scan-end, 0.0006620 secs]
2016-06-27T18:02:38.612+0300: 124.870: [GC concurrent-mark-start]
2016-06-27T18:02:38.617+0300: 124.875: [GC concurrent-string-deduplication, 7826.1K->7585.9K(240.2K), avg 3.0%, 0.0054881 secs]
   [Last Exec: 0.0054881 secs, Idle: 0.4236447 secs, Blocked: 0/0.0000000 secs]
      [Inspected:             392]
         [Skipped:              1(  0.3%)]
         [Hashed:             391( 99.7%)]
         [Known:                0(  0.0%)]
         [New:                391( 99.7%)   7826.1K]
      [Deduplicated:           12(  3.1%)    240.2K(  3.1%)]
         [Young:                0(  0.0%)      0.0B(  0.0%)]
         [Old:                 12(100.0%)    240.2K(100.0%)]
   [Total Exec: 426/1.7479161 secs, Idle: 426/122.8589130 secs, Blocked: 6/0.0132868 secs]
      [Inspected:          134331]
         [Skipped:           1031(  0.8%)]
         [Hashed:          132322( 98.5%)]
         [Known:             4831(  3.6%)]
         [New:             128469( 95.6%)   2383.5M]
      [Deduplicated:         8668(  6.7%)     72.6M(  3.0%)]
         [Young:               11(  0.1%)     87.2K(  0.1%)]
         [Old:               8657( 99.9%)     72.5M( 99.9%)]
   [Table]
      [Memory Usage: 1312.4K]
      [Size: 32768, Min: 1024, Max: 16777216]
      [Entries: 44106, Load: 134.6%, Cached: 969, Added: 124388, Removed: 80282]
      [Resize Count: 5, Shrink Threshold: 21845(66.7%), Grow Threshold: 65536(200.0%)]
      [Rehash Count: 1, Rehash Threshold: 120, Hash Seed: 0xc4e8cebb]
      [Age Threshold: 3]
   [Queue]
      [Dropped: 0]
2016-06-27T18:02:38.675+0300: 124.932: [GC concurrent-mark-end, 0.0624961 secs]
2016-06-27T18:02:38.710+0300: 124.967: [GC remark 2016-06-27T18:02:38.710+0300: 124.967: [Finalize Marking, 0.0001877 secs] 2016-06-27T18:02:38.711+0300: 124.968: [GC ref-proc, 0.0001146 secs] 2016-06-27T18:02:38.711+0300: 124.968: [Unloading, 0.0030860 secs], 0.0070174 secs]
 [Times: user=0.00 sys=0.00, real=0.01 secs] 
2016-06-27T18:02:38.717+0300: 124.974: Total time for which application threads were stopped: 0.0181022 seconds, Stopping threads took: 0.0106589 seconds
2016-06-27T18:02:39.427+0300: 125.684: [GC cleanup 973M->973M(1110M), 0.0020669 secs]
 [Times: user=0.00 sys=0.00, real=0.00 secs] 
2016-06-27T18:02:39.429+0300: 125.686: Total time for which application threads were stopped: 0.0140981 seconds, Stopping threads took: 0.0114398 seconds
2016-06-27T18:02:39.460+0300: 125.717: [GC pause (G1 Evacuation Pause) (young)
Desired survivor size 7864320 bytes, new threshold 15 (max 15)
- age   1:    7213440 bytes,    7213440 total
, 0.0069447 secs]
   [Parallel Time: 5.8 ms, GC Workers: 4]
      [GC Worker Start (ms): Min: 125717.5, Avg: 125717.5, Max: 125717.5, Diff: 0.0]
      [Ext Root Scanning (ms): Min: 0.4, Avg: 0.5, Max: 0.5, Diff: 0.1, Sum: 1.9]
      [Update RS (ms): Min: 1.0, Avg: 1.0, Max: 1.1, Diff: 0.1, Sum: 4.1]
         [Processed Buffers: Min: 7, Avg: 11.3, Max: 16, Diff: 9, Sum: 45]
      [Scan RS (ms): Min: 0.0, Avg: 0.0, Max: 0.0, Diff: 0.0, Sum: 0.1]
      [Code Root Scanning (ms): Min: 0.0, Avg: 0.0, Max: 0.0, Diff: 0.0, Sum: 0.0]
      [Object Copy (ms): Min: 4.2, Avg: 4.2, Max: 4.2, Diff: 0.1, Sum: 16.8]
      [Termination (ms): Min: 0.0, Avg: 0.0, Max: 0.0, Diff: 0.0, Sum: 0.0]
         [Termination Attempts: Min: 1, Avg: 1.0, Max: 1, Diff: 0, Sum: 4]
      [GC Worker Other (ms): Min: 0.0, Avg: 0.0, Max: 0.0, Diff: 0.0, Sum: 0.1]
      [GC Worker Total (ms): Min: 5.7, Avg: 5.7, Max: 5.8, Diff: 0.0, Sum: 23.0]
      [GC Worker End (ms): Min: 125723.2, Avg: 125723.2, Max: 125723.2, Diff: 0.0]
   [Code Root Fixup: 0.0 ms]
   [Code Root Purge: 0.0 ms]
   [String Dedup Fixup: 0.6 ms, GC Workers: 4]
      [Queue Fixup (ms): Min: 0.0, Avg: 0.0, Max: 0.0, Diff: 0.0, Sum: 0.0]
      [Table Fixup (ms): Min: 0.5, Avg: 0.5, Max: 0.5, Diff: 0.0, Sum: 2.1]
   [Clear CT: 0.0 ms]
   [Other: 0.6 ms]
      [Choose CSet: 0.0 ms]
      [Ref Proc: 0.1 ms]
      [Ref Enq: 0.0 ms]
      [Redirty Cards: 0.0 ms]
      [Humongous Register: 0.0 ms]
      [Humongous Reclaim: 0.0 ms]
      [Free CSet: 0.1 ms]
   [Eden: 112.0M(112.0M)->0.0B(40.0M) Survivors: 7168.0K->15.0M Heap: 976.5M(1110.0M)->884.5M(1110.0M)]
 [Times: user=0.00 sys=0.00, real=0.01 secs] 
2016-06-27T18:02:39.467+0300: 125.725: Total time for which application threads were stopped: 0.0075712 seconds, Stopping threads took: 0.0000659 seconds
2016-06-27T18:02:39.474+0300: 125.732: [GC concurrent-string-deduplication, 10.0M->9887.7K(380.3K), avg 3.0%, 0.0070884 secs]
   [Last Exec: 0.0070884 secs, Idle: 0.8496517 secs, Blocked: 0/0.0000000 secs]
      [Inspected:             513]
         [Skipped:              0(  0.0%)]
         [Hashed:             513(100.0%)]
         [Known:                0(  0.0%)]
         [New:                513(100.0%)     10.0M]
      [Deduplicated:           19(  3.7%)    380.3K(  3.7%)]
         [Young:                0(  0.0%)      0.0B(  0.0%)]
         [Old:                 19(100.0%)    380.3K(100.0%)]
   [Total Exec: 427/1.7550045 secs, Idle: 427/123.7085647 secs, Blocked: 6/0.0132868 secs]
      [Inspected:          134844]
         [Skipped:           1031(  0.8%)]
         [Hashed:          132835( 98.5%)]
         [Known:             4831(  3.6%)]
         [New:             128982( 95.7%)   2393.6M]
      [Deduplicated:         8687(  6.7%)     72.9M(  3.0%)]
         [Young:               11(  0.1%)     87.2K(  0.1%)]
         [Old:               8676( 99.9%)     72.9M( 99.9%)]
   [Table]
      [Memory Usage: 1312.4K]
      [Size: 32768, Min: 1024, Max: 16777216]
      [Entries: 42561, Load: 129.9%, Cached: 2514, Added: 124882, Removed: 82321]
      [Resize Count: 5, Shrink Threshold: 21845(66.7%), Grow Threshold: 65536(200.0%)]
      [Rehash Count: 1, Rehash Threshold: 120, Hash Seed: 0xc4e8cebb]
      [Age Threshold: 3]
   [Queue]
      [Dropped: 0]
2016-06-27T18:02:39.780+0300: 126.037: [GC pause (G1 Evacuation Pause) (mixed)
Desired survivor size 3670016 bytes, new threshold 1 (max 15)
- age   1:   12717264 bytes,   12717264 total
- age   2:    2766192 bytes,   15483456 total
, 0.0226097 secs]
   [Parallel Time: 20.5 ms, GC Workers: 4]
      [GC Worker Start (ms): Min: 126037.4, Avg: 126037.4, Max: 126037.4, Diff: 0.0]
      [Ext Root Scanning (ms): Min: 0.5, Avg: 0.5, Max: 0.5, Diff: 0.1, Sum: 2.0]
      [Update RS (ms): Min: 0.8, Avg: 0.8, Max: 0.9, Diff: 0.1, Sum: 3.3]
         [Processed Buffers: Min: 6, Avg: 9.5, Max: 12, Diff: 6, Sum: 38]
      [Scan RS (ms): Min: 3.6, Avg: 3.6, Max: 3.7, Diff: 0.1, Sum: 14.5]
      [Code Root Scanning (ms): Min: 0.0, Avg: 0.1, Max: 0.1, Diff: 0.1, Sum: 0.2]
      [Object Copy (ms): Min: 15.4, Avg: 15.4, Max: 15.5, Diff: 0.0, Sum: 61.7]
      [Termination (ms): Min: 0.0, Avg: 0.0, Max: 0.0, Diff: 0.0, Sum: 0.0]
         [Termination Attempts: Min: 1, Avg: 3.5, Max: 5, Diff: 4, Sum: 14]
      [GC Worker Other (ms): Min: 0.0, Avg: 0.0, Max: 0.0, Diff: 0.0, Sum: 0.1]
      [GC Worker Total (ms): Min: 20.4, Avg: 20.5, Max: 20.5, Diff: 0.0, Sum: 81.8]
      [GC Worker End (ms): Min: 126057.8, Avg: 126057.8, Max: 126057.8, Diff: 0.0]
   [Code Root Fixup: 0.1 ms]
   [Code Root Purge: 0.0 ms]
   [String Dedup Fixup: 0.7 ms, GC Workers: 4]
      [Queue Fixup (ms): Min: 0.0, Avg: 0.0, Max: 0.0, Diff: 0.0, Sum: 0.0]
      [Table Fixup (ms): Min: 0.7, Avg: 0.7, Max: 0.7, Diff: 0.0, Sum: 2.7]
   [Clear CT: 0.2 ms]
   [Other: 1.1 ms]
      [Choose CSet: 0.2 ms]
      [Ref Proc: 0.1 ms]
      [Ref Enq: 0.0 ms]
      [Redirty Cards: 0.1 ms]
      [Humongous Register: 0.0 ms]
      [Humongous Reclaim: 0.0 ms]
      [Free CSet: 0.5 ms]
   [Eden: 40.0M(40.0M)->0.0B(48.0M) Survivors: 15.0M->7168.0K Heap: 924.5M(1110.0M)->851.5M(1110.0M)]
 [Times: user=0.13 sys=0.00, real=0.02 secs] 
2016-06-27T18:02:39.802+0300: 126.060: Total time for which application threads were stopped: 0.0271971 seconds, Stopping threads took: 0.0039887 seconds
2016-06-27T18:02:39.813+0300: 126.070: [GC concurrent-string-deduplication, 14.1M->13.5M(542.0K), avg 3.1%, 0.0105772 secs]
   [Last Exec: 0.0105772 secs, Idle: 0.3281926 secs, Blocked: 0/0.0000000 secs]
      [Inspected:             784]
         [Skipped:             26(  3.3%)]
         [Hashed:             758( 96.7%)]
         [Known:                0(  0.0%)]
         [New:                758( 96.7%)     14.1M]
      [Deduplicated:           66(  8.7%)    542.0K(  3.8%)]
         [Young:                0(  0.0%)      0.0B(  0.0%)]
         [Old:                 66(100.0%)    542.0K(100.0%)]
   [Total Exec: 428/1.7655817 secs, Idle: 428/124.0367573 secs, Blocked: 6/0.0132868 secs]
      [Inspected:          135628]
         [Skipped:           1057(  0.8%)]
         [Hashed:          133593( 98.5%)]
         [Known:             4831(  3.6%)]
         [New:             129740( 95.7%)   2407.6M]
      [Deduplicated:         8753(  6.7%)     73.5M(  3.1%)]
         [Young:               11(  0.1%)     87.2K(  0.1%)]
         [Old:               8742( 99.9%)     73.4M( 99.9%)]
   [Table]
      [Memory Usage: 1312.4K]
      [Size: 32768, Min: 1024, Max: 16777216]
      [Entries: 43253, Load: 132.0%, Cached: 1822, Added: 125574, Removed: 82321]
      [Resize Count: 5, Shrink Threshold: 21845(66.7%), Grow Threshold: 65536(200.0%)]
      [Rehash Count: 1, Rehash Threshold: 120, Hash Seed: 0xc4e8cebb]
      [Age Threshold: 3]
   [Queue]
      [Dropped: 0]
2016-06-27T18:02:40.195+0300: 126.453: [GC pause (G1 Evacuation Pause) (mixed)
Desired survivor size 3670016 bytes, new threshold 1 (max 15)
- age   1:    6567952 bytes,    6567952 total
, 0.0193787 secs]
   [Parallel Time: 17.8 ms, GC Workers: 4]
      [GC Worker Start (ms): Min: 126452.7, Avg: 126452.7, Max: 126452.7, Diff: 0.0]
      [Ext Root Scanning (ms): Min: 0.5, Avg: 0.5, Max: 0.6, Diff: 0.1, Sum: 2.0]
      [Update RS (ms): Min: 10.8, Avg: 10.9, Max: 11.3, Diff: 0.5, Sum: 43.7]
         [Processed Buffers: Min: 14, Avg: 16.5, Max: 18, Diff: 4, Sum: 66]
      [Scan RS (ms): Min: 1.1, Avg: 1.5, Max: 1.6, Diff: 0.5, Sum: 5.9]
      [Code Root Scanning (ms): Min: 0.0, Avg: 0.0, Max: 0.0, Diff: 0.0, Sum: 0.0]
      [Object Copy (ms): Min: 4.8, Avg: 4.8, Max: 4.8, Diff: 0.0, Sum: 19.2]
      [Termination (ms): Min: 0.0, Avg: 0.0, Max: 0.0, Diff: 0.0, Sum: 0.0]
         [Termination Attempts: Min: 1, Avg: 1.0, Max: 1, Diff: 0, Sum: 4]
      [GC Worker Other (ms): Min: 0.0, Avg: 0.0, Max: 0.0, Diff: 0.0, Sum: 0.1]
      [GC Worker Total (ms): Min: 17.7, Avg: 17.7, Max: 17.7, Diff: 0.0, Sum: 70.9]
      [GC Worker End (ms): Min: 126470.5, Avg: 126470.5, Max: 126470.5, Diff: 0.0]
   [Code Root Fixup: 0.0 ms]
   [Code Root Purge: 0.0 ms]
   [String Dedup Fixup: 0.7 ms, GC Workers: 4]
      [Queue Fixup (ms): Min: 0.0, Avg: 0.0, Max: 0.0, Diff: 0.0, Sum: 0.0]
      [Table Fixup (ms): Min: 0.7, Avg: 0.7, Max: 0.7, Diff: 0.0, Sum: 2.9]
   [Clear CT: 0.2 ms]
   [Other: 0.7 ms]
      [Choose CSet: 0.1 ms]
      [Ref Proc: 0.0 ms]
      [Ref Enq: 0.0 ms]
      [Redirty Cards: 0.0 ms]
      [Humongous Register: 0.0 ms]
      [Humongous Reclaim: 0.0 ms]
      [Free CSet: 0.2 ms]
   [Eden: 48.0M(48.0M)->0.0B(48.0M) Survivors: 7168.0K->7168.0K Heap: 899.5M(1110.0M)->853.5M(1110.0M)]
 [Times: user=0.06 sys=0.00, real=0.02 secs] 
2016-06-27T18:02:40.215+0300: 126.472: Total time for which application threads were stopped: 0.0203179 seconds, Stopping threads took: 0.0002805 seconds
2016-06-27T18:02:40.220+0300: 126.477: [GC concurrent-string-deduplication, 6868.4K->6585.1K(283.3K), avg 3.1%, 0.0048586 secs]
   [Last Exec: 0.0048586 secs, Idle: 0.4016342 secs, Blocked: 0/0.0000000 secs]
      [Inspected:             347]
         [Skipped:              1(  0.3%)]
         [Hashed:             346( 99.7%)]
         [Known:                0(  0.0%)]
         [New:                346( 99.7%)   6868.4K]
      [Deduplicated:           17(  4.9%)    283.3K(  4.1%)]
         [Young:                0(  0.0%)      0.0B(  0.0%)]
         [Old:                 17(100.0%)    283.3K(100.0%)]
   [Total Exec: 429/1.7704403 secs, Idle: 429/124.4383915 secs, Blocked: 6/0.0132868 secs]
      [Inspected:          135975]
         [Skipped:           1058(  0.8%)]
         [Hashed:          133939( 98.5%)]
         [Known:             4831(  3.6%)]
         [New:             130086( 95.7%)   2414.3M]
      [Deduplicated:         8770(  6.7%)     73.7M(  3.1%)]
         [Young:               11(  0.1%)     87.2K(  0.1%)]
         [Old:               8759( 99.9%)     73.7M( 99.9%)]
   [Table]
      [Memory Usage: 1312.4K]
      [Size: 32768, Min: 1024, Max: 16777216]
      [Entries: 43582, Load: 133.0%, Cached: 1493, Added: 125903, Removed: 82321]
      [Resize Count: 5, Shrink Threshold: 21845(66.7%), Grow Threshold: 65536(200.0%)]
      [Rehash Count: 1, Rehash Threshold: 120, Hash Seed: 0xc4e8cebb]
      [Age Threshold: 3]
   [Queue]
      [Dropped: 0]
2016-06-27T18:02:40.640+0300: 126.898: [GC pause (G1 Evacuation Pause) (young)
Desired survivor size 3670016 bytes, new threshold 1 (max 15)
- age   1:    7181608 bytes,    7181608 total
, 0.0085360 secs]
   [Parallel Time: 7.4 ms, GC Workers: 4]
      [GC Worker Start (ms): Min: 126898.2, Avg: 126898.2, Max: 126898.2, Diff: 0.0]
      [Ext Root Scanning (ms): Min: 0.5, Avg: 0.5, Max: 0.6, Diff: 0.1, Sum: 2.1]
      [Update RS (ms): Min: 4.4, Avg: 4.6, Max: 5.1, Diff: 0.7, Sum: 18.3]
         [Processed Buffers: Min: 5, Avg: 8.3, Max: 13, Diff: 8, Sum: 33]
      [Scan RS (ms): Min: 0.0, Avg: 0.0, Max: 0.0, Diff: 0.0, Sum: 0.0]
      [Code Root Scanning (ms): Min: 0.0, Avg: 0.0, Max: 0.0, Diff: 0.0, Sum: 0.0]
      [Object Copy (ms): Min: 1.7, Avg: 2.2, Max: 2.4, Diff: 0.7, Sum: 8.7]
      [Termination (ms): Min: 0.0, Avg: 0.0, Max: 0.0, Diff: 0.0, Sum: 0.0]
         [Termination Attempts: Min: 1, Avg: 1.0, Max: 1, Diff: 0, Sum: 4]
      [GC Worker Other (ms): Min: 0.0, Avg: 0.0, Max: 0.0, Diff: 0.0, Sum: 0.0]
      [GC Worker Total (ms): Min: 7.3, Avg: 7.3, Max: 7.3, Diff: 0.0, Sum: 29.2]
      [GC Worker End (ms): Min: 126905.5, Avg: 126905.5, Max: 126905.5, Diff: 0.0]
   [Code Root Fixup: 0.0 ms]
   [Code Root Purge: 0.0 ms]
   [String Dedup Fixup: 0.6 ms, GC Workers: 4]
      [Queue Fixup (ms): Min: 0.0, Avg: 0.0, Max: 0.0, Diff: 0.0, Sum: 0.0]
      [Table Fixup (ms): Min: 0.5, Avg: 0.5, Max: 0.5, Diff: 0.0, Sum: 2.1]
   [Clear CT: 0.0 ms]
   [Other: 0.6 ms]
      [Choose CSet: 0.0 ms]
      [Ref Proc: 0.0 ms]
      [Ref Enq: 0.0 ms]
      [Redirty Cards: 0.0 ms]
      [Humongous Register: 0.0 ms]
      [Humongous Reclaim: 0.0 ms]
      [Free CSet: 0.1 ms]
   [Eden: 48.0M(48.0M)->0.0B(115.0M) Survivors: 7168.0K->7168.0K Heap: 901.5M(1110.0M)->863.0M(1110.0M)]
 [Times: user=0.06 sys=0.00, real=0.01 secs] 
2016-06-27T18:02:40.649+0300: 126.907: Total time for which application threads were stopped: 0.0094554 seconds, Stopping threads took: 0.0002570 seconds
2016-06-27T18:02:40.655+0300: 126.912: [GC concurrent-string-deduplication, 8029.3K->7666.0K(363.3K), avg 3.1%, 0.0055997 secs]
   [Last Exec: 0.0055997 secs, Idle: 0.4296036 secs, Blocked: 0/0.0000000 secs]
      [Inspected:             405]
         [Skipped:              1(  0.2%)]
         [Hashed:             404( 99.8%)]
         [Known:                0(  0.0%)]
         [New:                404( 99.8%)   8029.3K]
      [Deduplicated:           21(  5.2%)    363.3K(  4.5%)]
         [Young:                0(  0.0%)      0.0B(  0.0%)]
         [Old:                 21(100.0%)    363.3K(100.0%)]
   [Total Exec: 430/1.7760400 secs, Idle: 430/124.8679951 secs, Blocked: 6/0.0132868 secs]
      [Inspected:          136380]
         [Skipped:           1059(  0.8%)]
         [Hashed:          134343( 98.5%)]
         [Known:             4831(  3.5%)]
         [New:             130490( 95.7%)   2422.2M]
      [Deduplicated:         8791(  6.7%)     74.1M(  3.1%)]
         [Young:               11(  0.1%)     87.2K(  0.1%)]
         [Old:               8780( 99.9%)     74.0M( 99.9%)]
   [Table]
      [Memory Usage: 1312.4K]
      [Size: 32768, Min: 1024, Max: 16777216]
      [Entries: 43972, Load: 134.2%, Cached: 1103, Added: 126293, Removed: 82321]
      [Resize Count: 5, Shrink Threshold: 21845(66.7%), Grow Threshold: 65536(200.0%)]
      [Rehash Count: 1, Rehash Threshold: 120, Hash Seed: 0xc4e8cebb]
      [Age Threshold: 3]
   [Queue]
      [Dropped: 0]
2016-06-27T18:02:41.694+0300: 127.951: [GC pause (G1 Evacuation Pause) (young) (initial-mark)
Desired survivor size 8388608 bytes, new threshold 15 (max 15)
- age   1:    6836960 bytes,    6836960 total
, 0.0066894 secs]
   [Parallel Time: 5.4 ms, GC Workers: 4]
      [GC Worker Start (ms): Min: 127951.7, Avg: 127951.7, Max: 127951.7, Diff: 0.0]
      [Ext Root Scanning (ms): Min: 0.6, Avg: 0.6, Max: 0.6, Diff: 0.1, Sum: 2.4]
      [Update RS (ms): Min: 0.5, Avg: 0.6, Max: 0.7, Diff: 0.1, Sum: 2.4]
         [Processed Buffers: Min: 2, Avg: 12.0, Max: 21, Diff: 19, Sum: 48]
      [Scan RS (ms): Min: 0.0, Avg: 0.0, Max: 0.0, Diff: 0.0, Sum: 0.1]
      [Code Root Scanning (ms): Min: 0.0, Avg: 0.0, Max: 0.0, Diff: 0.0, Sum: 0.0]
      [Object Copy (ms): Min: 4.0, Avg: 4.1, Max: 4.2, Diff: 0.1, Sum: 16.4]
      [Termination (ms): Min: 0.0, Avg: 0.0, Max: 0.0, Diff: 0.0, Sum: 0.0]
         [Termination Attempts: Min: 1, Avg: 1.0, Max: 1, Diff: 0, Sum: 4]
      [GC Worker Other (ms): Min: 0.0, Avg: 0.0, Max: 0.0, Diff: 0.0, Sum: 0.1]
      [GC Worker Total (ms): Min: 5.3, Avg: 5.3, Max: 5.4, Diff: 0.0, Sum: 21.4]
      [GC Worker End (ms): Min: 127957.0, Avg: 127957.1, Max: 127957.1, Diff: 0.0]
   [Code Root Fixup: 0.0 ms]
   [Code Root Purge: 0.0 ms]
   [String Dedup Fixup: 0.6 ms, GC Workers: 4]
      [Queue Fixup (ms): Min: 0.0, Avg: 0.0, Max: 0.0, Diff: 0.0, Sum: 0.0]
      [Table Fixup (ms): Min: 0.5, Avg: 0.5, Max: 0.6, Diff: 0.0, Sum: 2.2]
   [Clear CT: 0.0 ms]
   [Other: 0.7 ms]
      [Choose CSet: 0.0 ms]
      [Ref Proc: 0.0 ms]
      [Ref Enq: 0.0 ms]
      [Redirty Cards: 0.0 ms]
      [Humongous Register: 0.0 ms]
      [Humongous Reclaim: 0.0 ms]
      [Free CSet: 0.1 ms]
   [Eden: 115.0M(115.0M)->0.0B(99.0M) Survivors: 7168.0K->16.0M Heap: 978.0M(1110.0M)->882.0M(1110.0M)]
 [Times: user=0.00 sys=0.00, real=0.01 secs] 
2016-06-27T18:02:41.701+0300: 127.958: [GC concurrent-root-region-scan-start]
2016-06-27T18:02:41.701+0300: 127.958: Total time for which application threads were stopped: 0.0238276 seconds, Stopping threads took: 0.0164335 seconds
2016-06-27T18:02:41.702+0300: 127.959: [GC concurrent-root-region-scan-end, 0.0009130 secs]
2016-06-27T18:02:41.702+0300: 127.959: [GC concurrent-mark-start]
2016-06-27T18:02:41.708+0300: 127.965: [GC concurrent-string-deduplication, 9547.5K->9147.1K(400.3K), avg 3.1%, 0.0067595 secs]
   [Last Exec: 0.0067595 secs, Idle: 1.0459976 secs, Blocked: 0/0.0000000 secs]
      [Inspected:             477]
         [Skipped:              0(  0.0%)]
         [Hashed:             477(100.0%)]
         [Known:                0(  0.0%)]
         [New:                477(100.0%)   9547.5K]
      [Deduplicated:           20(  4.2%)    400.3K(  4.2%)]
         [Young:                0(  0.0%)      0.0B(  0.0%)]
         [Old:                 20(100.0%)    400.3K(100.0%)]
   [Total Exec: 431/1.7827995 secs, Idle: 431/125.9139927 secs, Blocked: 6/0.0132868 secs]
      [Inspected:          136857]
         [Skipped:           1059(  0.8%)]
         [Hashed:          134820( 98.5%)]
         [Known:             4831(  3.5%)]
         [New:             130967( 95.7%)   2431.5M]
      [Deduplicated:         8811(  6.7%)     74.5M(  3.1%)]
         [Young:               11(  0.1%)     87.2K(  0.1%)]
         [Old:               8800( 99.9%)     74.4M( 99.9%)]
   [Table]
      [Memory Usage: 1312.4K]
      [Size: 32768, Min: 1024, Max: 16777216]
      [Entries: 44429, Load: 135.6%, Cached: 646, Added: 126750, Removed: 82321]
      [Resize Count: 5, Shrink Threshold: 21845(66.7%), Grow Threshold: 65536(200.0%)]
      [Rehash Count: 1, Rehash Threshold: 120, Hash Seed: 0xc4e8cebb]
      [Age Threshold: 3]
   [Queue]
      [Dropped: 0]
2016-06-27T18:02:42.571+0300: 128.828: [GC pause (G1 Evacuation Pause) (young)
Desired survivor size 7864320 bytes, new threshold 1 (max 15)
- age   1:   13283792 bytes,   13283792 total
- age   2:    3198864 bytes,   16482656 total
, 0.0076127 secs]
   [Parallel Time: 6.3 ms, GC Workers: 4]
      [GC Worker Start (ms): Min: 128828.2, Avg: 128828.2, Max: 128828.2, Diff: 0.0]
      [Ext Root Scanning (ms): Min: 0.5, Avg: 0.6, Max: 0.6, Diff: 0.0, Sum: 2.3]
      [Update RS (ms): Min: 0.6, Avg: 0.6, Max: 0.7, Diff: 0.1, Sum: 2.5]
         [Processed Buffers: Min: 3, Avg: 10.0, Max: 23, Diff: 20, Sum: 40]
      [Scan RS (ms): Min: 0.0, Avg: 0.0, Max: 0.0, Diff: 0.0, Sum: 0.1]
      [Code Root Scanning (ms): Min: 0.0, Avg: 0.0, Max: 0.0, Diff: 0.0, Sum: 0.0]
      [Object Copy (ms): Min: 5.0, Avg: 5.1, Max: 5.1, Diff: 0.0, Sum: 20.2]
      [Termination (ms): Min: 0.0, Avg: 0.0, Max: 0.0, Diff: 0.0, Sum: 0.0]
         [Termination Attempts: Min: 1, Avg: 1.0, Max: 1, Diff: 0, Sum: 4]
      [GC Worker Other (ms): Min: 0.0, Avg: 0.0, Max: 0.0, Diff: 0.0, Sum: 0.1]
      [GC Worker Total (ms): Min: 6.3, Avg: 6.3, Max: 6.3, Diff: 0.0, Sum: 25.2]
      [GC Worker End (ms): Min: 128834.5, Avg: 128834.5, Max: 128834.5, Diff: 0.0]
   [Code Root Fixup: 0.0 ms]
   [Code Root Purge: 0.0 ms]
   [String Dedup Fixup: 0.7 ms, GC Workers: 4]
      [Queue Fixup (ms): Min: 0.0, Avg: 0.0, Max: 0.0, Diff: 0.0, Sum: 0.0]
      [Table Fixup (ms): Min: 0.3, Avg: 0.5, Max: 0.6, Diff: 0.3, Sum: 2.1]
   [Clear CT: 0.0 ms]
   [Other: 0.6 ms]
      [Choose CSet: 0.0 ms]
      [Ref Proc: 0.1 ms]
      [Ref Enq: 0.0 ms]
      [Redirty Cards: 0.0 ms]
      [Humongous Register: 0.0 ms]
      [Humongous Reclaim: 0.0 ms]
      [Free CSet: 0.1 ms]
   [Eden: 99.0M(99.0M)->0.0B(85.0M) Survivors: 16.0M->15.0M Heap: 981.0M(1110.0M)->899.0M(1110.0M)]
 [Times: user=0.00 sys=0.00, real=0.01 secs] 
2016-06-27T18:02:42.578+0300: 128.836: Total time for which application threads were stopped: 0.0086758 seconds, Stopping threads took: 0.0003656 seconds
2016-06-27T18:02:42.590+0300: 128.847: [GC concurrent-string-deduplication, 16.1M->15.6M(564.5K), avg 3.1%, 0.0115497 secs]
   [Last Exec: 0.0115497 secs, Idle: 0.8706303 secs, Blocked: 0/0.0000000 secs]
      [Inspected:             836]
         [Skipped:              1(  0.1%)]
         [Hashed:             835( 99.9%)]
         [Known:                7(  0.8%)]
         [New:                828( 99.0%)     16.1M]
      [Deduplicated:           32(  3.9%)    564.5K(  3.4%)]
         [Young:                0(  0.0%)      0.0B(  0.0%)]
         [Old:                 32(100.0%)    564.5K(100.0%)]
   [Total Exec: 432/1.7943491 secs, Idle: 432/126.7846230 secs, Blocked: 6/0.0132868 secs]
      [Inspected:          137693]
         [Skipped:           1060(  0.8%)]
         [Hashed:          135655( 98.5%)]
         [Known:             4838(  3.5%)]
         [New:             131795( 95.7%)   2447.6M]
      [Deduplicated:         8843(  6.7%)     75.0M(  3.1%)]
         [Young:               11(  0.1%)     87.2K(  0.1%)]
         [Old:               8832( 99.9%)     75.0M( 99.9%)]
   [Table]
      [Memory Usage: 1316.0K]
      [Size: 32768, Min: 1024, Max: 16777216]
      [Entries: 45225, Load: 138.0%, Cached: 0, Added: 127546, Removed: 82321]
      [Resize Count: 5, Shrink Threshold: 21845(66.7%), Grow Threshold: 65536(200.0%)]
      [Rehash Count: 1, Rehash Threshold: 120, Hash Seed: 0xc4e8cebb]
      [Age Threshold: 3]
   [Queue]
      [Dropped: 0]
2016-06-27T18:02:43.354+0300: 129.611: [GC pause (G1 Evacuation Pause) (young)
Desired survivor size 6815744 bytes, new threshold 1 (max 15)
- age   1:   15439744 bytes,   15439744 total
, 0.0075284 secs]
   [Parallel Time: 6.3 ms, GC Workers: 4]
      [GC Worker Start (ms): Min: 129611.6, Avg: 129611.6, Max: 129611.6, Diff: 0.0]
      [Ext Root Scanning (ms): Min: 0.5, Avg: 0.5, Max: 0.6, Diff: 0.1, Sum: 2.2]
      [Update RS (ms): Min: 1.0, Avg: 1.0, Max: 1.2, Diff: 0.2, Sum: 4.1]
         [Processed Buffers: Min: 5, Avg: 10.3, Max: 15, Diff: 10, Sum: 41]
      [Scan RS (ms): Min: 0.0, Avg: 0.0, Max: 0.0, Diff: 0.0, Sum: 0.1]
      [Code Root Scanning (ms): Min: 0.0, Avg: 0.0, Max: 0.0, Diff: 0.0, Sum: 0.0]
      [Object Copy (ms): Min: 4.5, Avg: 4.6, Max: 4.7, Diff: 0.2, Sum: 18.5]
      [Termination (ms): Min: 0.0, Avg: 0.0, Max: 0.0, Diff: 0.0, Sum: 0.0]
         [Termination Attempts: Min: 1, Avg: 1.0, Max: 1, Diff: 0, Sum: 4]
      [GC Worker Other (ms): Min: 0.0, Avg: 0.0, Max: 0.0, Diff: 0.0, Sum: 0.1]
      [GC Worker Total (ms): Min: 6.2, Avg: 6.2, Max: 6.3, Diff: 0.0, Sum: 25.0]
      [GC Worker End (ms): Min: 129617.9, Avg: 129617.9, Max: 129617.9, Diff: 0.0]
   [Code Root Fixup: 0.0 ms]
   [Code Root Purge: 0.0 ms]
   [String Dedup Fixup: 0.7 ms, GC Workers: 4]
      [Queue Fixup (ms): Min: 0.0, Avg: 0.0, Max: 0.0, Diff: 0.0, Sum: 0.0]
      [Table Fixup (ms): Min: 0.6, Avg: 0.6, Max: 0.6, Diff: 0.0, Sum: 2.5]
   [Clear CT: 0.0 ms]
   [Other: 0.6 ms]
      [Choose CSet: 0.0 ms]
      [Ref Proc: 0.1 ms]
      [Ref Enq: 0.0 ms]
      [Redirty Cards: 0.0 ms]
      [Humongous Register: 0.0 ms]
      [Humongous Reclaim: 0.0 ms]
      [Free CSet: 0.1 ms]
   [Eden: 85.0M(85.0M)->0.0B(71.0M) Survivors: 15.0M->13.0M Heap: 984.0M(1110.0M)->914.5M(1110.0M)]
 [Times: user=0.00 sys=0.00, real=0.01 secs] 
2016-06-27T18:02:43.362+0300: 129.619: Total time for which application threads were stopped: 0.0260831 seconds, Stopping threads took: 0.0178358 seconds
2016-06-27T18:02:43.373+0300: 129.630: [GC concurrent-string-deduplication, 15.2M->14.7M(500.4K), avg 3.1%, 0.0110869 secs]
   [Last Exec: 0.0110869 secs, Idle: 0.7717143 secs, Blocked: 0/0.0000000 secs]
      [Inspected:             779]
         [Skipped:              1(  0.1%)]
         [Hashed:             778( 99.9%)]
         [Known:                0(  0.0%)]
         [New:                778( 99.9%)     15.2M]
      [Deduplicated:           25(  3.2%)    500.4K(  3.2%)]
         [Young:                0(  0.0%)      0.0B(  0.0%)]
         [Old:                 25(100.0%)    500.4K(100.0%)]
   [Total Exec: 433/1.8054361 secs, Idle: 433/127.5563373 secs, Blocked: 6/0.0132868 secs]
      [Inspected:          138472]
         [Skipped:           1061(  0.8%)]
         [Hashed:          136433( 98.5%)]
         [Known:             4838(  3.5%)]
         [New:             132573( 95.7%)   2462.8M]
      [Deduplicated:         8868(  6.7%)     75.5M(  3.1%)]
         [Young:               11(  0.1%)     87.2K(  0.1%)]
         [Old:               8857( 99.9%)     75.4M( 99.9%)]
   [Table]
      [Memory Usage: 1333.6K]
      [Size: 32768, Min: 1024, Max: 16777216]
      [Entries: 45978, Load: 140.3%, Cached: 0, Added: 128299, Removed: 82321]
      [Resize Count: 5, Shrink Threshold: 21845(66.7%), Grow Threshold: 65536(200.0%)]
      [Rehash Count: 1, Rehash Threshold: 120, Hash Seed: 0xc4e8cebb]
      [Age Threshold: 3]
   [Queue]
      [Dropped: 0]
2016-06-27T18:02:43.984+0300: 130.242: [GC pause (G1 Evacuation Pause) (young)
Desired survivor size 5767168 bytes, new threshold 1 (max 15)
- age   1:   13380856 bytes,   13380856 total
, 0.0063579 secs]
   [Parallel Time: 5.3 ms, GC Workers: 4]
      [GC Worker Start (ms): Min: 130242.0, Avg: 130242.1, Max: 130242.1, Diff: 0.1]
      [Ext Root Scanning (ms): Min: 0.5, Avg: 0.5, Max: 0.6, Diff: 0.1, Sum: 2.1]
      [Update RS (ms): Min: 0.8, Avg: 0.8, Max: 0.9, Diff: 0.1, Sum: 3.4]
         [Processed Buffers: Min: 2, Avg: 8.0, Max: 16, Diff: 14, Sum: 32]
      [Scan RS (ms): Min: 0.0, Avg: 0.0, Max: 0.0, Diff: 0.0, Sum: 0.1]
      [Code Root Scanning (ms): Min: 0.0, Avg: 0.0, Max: 0.0, Diff: 0.0, Sum: 0.0]
      [Object Copy (ms): Min: 3.8, Avg: 3.8, Max: 3.9, Diff: 0.1, Sum: 15.3]
      [Termination (ms): Min: 0.0, Avg: 0.0, Max: 0.0, Diff: 0.0, Sum: 0.0]
         [Termination Attempts: Min: 1, Avg: 1.3, Max: 2, Diff: 1, Sum: 5]
      [GC Worker Other (ms): Min: 0.0, Avg: 0.0, Max: 0.0, Diff: 0.0, Sum: 0.1]
      [GC Worker Total (ms): Min: 5.2, Avg: 5.2, Max: 5.3, Diff: 0.1, Sum: 21.0]
      [GC Worker End (ms): Min: 130247.3, Avg: 130247.3, Max: 130247.3, Diff: 0.0]
   [Code Root Fixup: 0.0 ms]
   [Code Root Purge: 0.0 ms]
   [String Dedup Fixup: 0.5 ms, GC Workers: 4]
      [Queue Fixup (ms): Min: 0.0, Avg: 0.0, Max: 0.0, Diff: 0.0, Sum: 0.0]
      [Table Fixup (ms): Min: 0.5, Avg: 0.5, Max: 0.5, Diff: 0.0, Sum: 2.0]
   [Clear CT: 0.0 ms]
   [Other: 0.5 ms]
      [Choose CSet: 0.0 ms]
      [Ref Proc: 0.0 ms]
      [Ref Enq: 0.0 ms]
      [Redirty Cards: 0.0 ms]
      [Humongous Register: 0.0 ms]
      [Humongous Reclaim: 0.0 ms]
      [Free CSet: 0.1 ms]
   [Eden: 71.0M(71.0M)->0.0B(60.0M) Survivors: 13.0M->11.0M Heap: 985.5M(1110.0M)->927.5M(1110.0M)]
 [Times: user=0.06 sys=0.00, real=0.01 secs] 
2016-06-27T18:02:43.991+0300: 130.249: Total time for which application threads were stopped: 0.0079505 seconds, Stopping threads took: 0.0008476 seconds
2016-06-27T18:02:44.001+0300: 130.258: [GC concurrent-string-deduplication, 13.2M->12.7M(463.4K), avg 3.1%, 0.0096410 secs]
   [Last Exec: 0.0096410 secs, Idle: 0.6181106 secs, Blocked: 0/0.0000000 secs]
      [Inspected:             679]
         [Skipped:              3(  0.4%)]
         [Hashed:             676( 99.6%)]
         [Known:                0(  0.0%)]
         [New:                676( 99.6%)     13.2M]
      [Deduplicated:           26(  3.8%)    463.4K(  3.4%)]
         [Young:                0(  0.0%)      0.0B(  0.0%)]
         [Old:                 26(100.0%)    463.4K(100.0%)]
   [Total Exec: 434/1.8150771 secs, Idle: 434/128.1744479 secs, Blocked: 6/0.0132868 secs]
      [Inspected:          139151]
         [Skipped:           1064(  0.8%)]
         [Hashed:          137109( 98.5%)]
         [Known:             4838(  3.5%)]
         [New:             133249( 95.8%)   2476.0M]
      [Deduplicated:         8894(  6.7%)     76.0M(  3.1%)]
         [Young:               11(  0.1%)     87.2K(  0.1%)]
         [Old:               8883( 99.9%)     75.9M( 99.9%)]
   [Table]
      [Memory Usage: 1348.9K]
      [Size: 32768, Min: 1024, Max: 16777216]
      [Entries: 46630, Load: 142.3%, Cached: 0, Added: 128951, Removed: 82321]
      [Resize Count: 5, Shrink Threshold: 21845(66.7%), Grow Threshold: 65536(200.0%)]
      [Rehash Count: 1, Rehash Threshold: 120, Hash Seed: 0xc4e8cebb]
      [Age Threshold: 3]
   [Queue]
      [Dropped: 0]
2016-06-27T18:02:44.527+0300: 130.784: [GC pause (G1 Evacuation Pause) (young)
Desired survivor size 4718592 bytes, new threshold 1 (max 15)
- age   1:   10976968 bytes,   10976968 total
, 0.0061877 secs]
   [Parallel Time: 5.0 ms, GC Workers: 4]
      [GC Worker Start (ms): Min: 130784.3, Avg: 130784.3, Max: 130784.4, Diff: 0.1]
      [Ext Root Scanning (ms): Min: 0.5, Avg: 0.6, Max: 0.6, Diff: 0.1, Sum: 2.3]
      [Update RS (ms): Min: 1.1, Avg: 1.1, Max: 1.2, Diff: 0.2, Sum: 4.6]
         [Processed Buffers: Min: 6, Avg: 8.3, Max: 10, Diff: 4, Sum: 33]
      [Scan RS (ms): Min: 0.0, Avg: 0.0, Max: 0.0, Diff: 0.0, Sum: 0.0]
      [Code Root Scanning (ms): Min: 0.0, Avg: 0.0, Max: 0.0, Diff: 0.0, Sum: 0.0]
      [Object Copy (ms): Min: 3.1, Avg: 3.2, Max: 3.3, Diff: 0.2, Sum: 12.9]
      [Termination (ms): Min: 0.0, Avg: 0.0, Max: 0.0, Diff: 0.0, Sum: 0.0]
         [Termination Attempts: Min: 1, Avg: 1.0, Max: 1, Diff: 0, Sum: 4]
      [GC Worker Other (ms): Min: 0.0, Avg: 0.0, Max: 0.0, Diff: 0.0, Sum: 0.1]
      [GC Worker Total (ms): Min: 4.9, Avg: 5.0, Max: 5.0, Diff: 0.1, Sum: 19.9]
      [GC Worker End (ms): Min: 130789.3, Avg: 130789.3, Max: 130789.3, Diff: 0.0]
   [Code Root Fixup: 0.0 ms]
   [Code Root Purge: 0.0 ms]
   [String Dedup Fixup: 0.6 ms, GC Workers: 4]
      [Queue Fixup (ms): Min: 0.0, Avg: 0.0, Max: 0.0, Diff: 0.0, Sum: 0.0]
      [Table Fixup (ms): Min: 0.5, Avg: 0.5, Max: 0.6, Diff: 0.0, Sum: 2.2]
   [Clear CT: 0.0 ms]
   [Other: 0.5 ms]
      [Choose CSet: 0.0 ms]
      [Ref Proc: 0.1 ms]
      [Ref Enq: 0.0 ms]
      [Redirty Cards: 0.0 ms]
      [Humongous Register: 0.0 ms]
      [Humongous Reclaim: 0.0 ms]
      [Free CSet: 0.1 ms]
   [Eden: 60.0M(60.0M)->0.0B(51.0M) Survivors: 11.0M->9216.0K Heap: 987.5M(1110.0M)->938.5M(1110.0M)]
 [Times: user=0.00 sys=0.00, real=0.01 secs] 
2016-06-27T18:02:44.533+0300: 130.791: Total time for which application threads were stopped: 0.0076785 seconds, Stopping threads took: 0.0007582 seconds
2016-06-27T18:02:44.541+0300: 130.799: [GC concurrent-string-deduplication, 11.4M->10.9M(441.4K), avg 3.1%, 0.0081934 secs]
   [Last Exec: 0.0081934 secs, Idle: 0.5323262 secs, Blocked: 0/0.0000000 secs]
      [Inspected:             586]
         [Skipped:              1(  0.2%)]
         [Hashed:             585( 99.8%)]
         [Known:                2(  0.3%)]
         [New:                583( 99.5%)     11.4M]
      [Deduplicated:           23(  3.9%)    441.4K(  3.8%)]
         [Young:                0(  0.0%)      0.0B(  0.0%)]
         [Old:                 23(100.0%)    441.4K(100.0%)]
   [Total Exec: 435/1.8232706 secs, Idle: 435/128.7067741 secs, Blocked: 6/0.0132868 secs]
      [Inspected:          139737]
         [Skipped:           1065(  0.8%)]
         [Hashed:          137694( 98.5%)]
         [Known:             4840(  3.5%)]
         [New:             133832( 95.8%)   2487.3M]
      [Deduplicated:         8917(  6.7%)     76.4M(  3.1%)]
         [Young:               11(  0.1%)     87.2K(  0.1%)]
         [Old:               8906( 99.9%)     76.3M( 99.9%)]
   [Table]
      [Memory Usage: 1362.0K]
      [Size: 32768, Min: 1024, Max: 16777216]
      [Entries: 47190, Load: 144.0%, Cached: 0, Added: 129511, Removed: 82321]
      [Resize Count: 5, Shrink Threshold: 21845(66.7%), Grow Threshold: 65536(200.0%)]
      [Rehash Count: 1, Rehash Threshold: 120, Hash Seed: 0xc4e8cebb]
      [Age Threshold: 3]
   [Queue]
      [Dropped: 0]
2016-06-27T18:02:44.992+0300: 131.249: [GC pause (G1 Evacuation Pause) (young)
Desired survivor size 4194304 bytes, new threshold 1 (max 15)
- age   1:    8923456 bytes,    8923456 total
, 0.0055403 secs]
   [Parallel Time: 4.4 ms, GC Workers: 4]
      [GC Worker Start (ms): Min: 131249.1, Avg: 131249.1, Max: 131249.1, Diff: 0.0]
      [Ext Root Scanning (ms): Min: 0.5, Avg: 0.6, Max: 0.6, Diff: 0.1, Sum: 2.3]
      [Update RS (ms): Min: 0.9, Avg: 1.1, Max: 1.2, Diff: 0.3, Sum: 4.3]
         [Processed Buffers: Min: 3, Avg: 8.8, Max: 12, Diff: 9, Sum: 35]
      [Scan RS (ms): Min: 0.0, Avg: 0.0, Max: 0.0, Diff: 0.0, Sum: 0.0]
      [Code Root Scanning (ms): Min: 0.0, Avg: 0.0, Max: 0.0, Diff: 0.0, Sum: 0.0]
      [Object Copy (ms): Min: 2.6, Avg: 2.7, Max: 2.8, Diff: 0.2, Sum: 10.8]
      [Termination (ms): Min: 0.0, Avg: 0.0, Max: 0.0, Diff: 0.0, Sum: 0.0]
         [Termination Attempts: Min: 1, Avg: 1.0, Max: 1, Diff: 0, Sum: 4]
      [GC Worker Other (ms): Min: 0.0, Avg: 0.0, Max: 0.0, Diff: 0.0, Sum: 0.1]
      [GC Worker Total (ms): Min: 4.4, Avg: 4.4, Max: 4.4, Diff: 0.0, Sum: 17.5]
      [GC Worker End (ms): Min: 131253.4, Avg: 131253.4, Max: 131253.4, Diff: 0.0]
   [Code Root Fixup: 0.0 ms]
   [Code Root Purge: 0.0 ms]
   [String Dedup Fixup: 0.6 ms, GC Workers: 4]
      [Queue Fixup (ms): Min: 0.0, Avg: 0.0, Max: 0.0, Diff: 0.0, Sum: 0.0]
      [Table Fixup (ms): Min: 0.6, Avg: 0.6, Max: 0.6, Diff: 0.0, Sum: 2.3]
   [Clear CT: 0.0 ms]
   [Other: 0.5 ms]
      [Choose CSet: 0.0 ms]
      [Ref Proc: 0.0 ms]
      [Ref Enq: 0.0 ms]
      [Redirty Cards: 0.0 ms]
      [Humongous Register: 0.0 ms]
      [Humongous Reclaim: 0.0 ms]
      [Free CSet: 0.1 ms]
   [Eden: 51.0M(51.0M)->0.0B(47.0M) Survivors: 9216.0K->8192.0K Heap: 989.5M(1110.0M)->948.5M(1110.0M)]
 [Times: user=0.00 sys=0.00, real=0.01 secs] 
2016-06-27T18:02:44.998+0300: 131.255: Total time for which application threads were stopped: 0.0184007 seconds, Stopping threads took: 0.0121001 seconds
2016-06-27T18:02:45.004+0300: 131.261: [GC concurrent-string-deduplication, 9027.0K->8666.8K(360.3K), avg 3.1%, 0.0064276 secs]
   [Last Exec: 0.0064276 secs, Idle: 0.4558355 secs, Blocked: 0/0.0000000 secs]
      [Inspected:             452]
         [Skipped:              1(  0.2%)]
         [Hashed:             451( 99.8%)]
         [Known:                0(  0.0%)]
         [New:                451( 99.8%)   9027.0K]
      [Deduplicated:           18(  4.0%)    360.3K(  4.0%)]
         [Young:                0(  0.0%)      0.0B(  0.0%)]
         [Old:                 18(100.0%)    360.3K(100.0%)]
   [Total Exec: 436/1.8296982 secs, Idle: 436/129.1626096 secs, Blocked: 6/0.0132868 secs]
      [Inspected:          140189]
         [Skipped:           1066(  0.8%)]
         [Hashed:          138145( 98.5%)]
         [Known:             4840(  3.5%)]
         [New:             134283( 95.8%)   2496.2M]
      [Deduplicated:         8935(  6.7%)     76.8M(  3.1%)]
         [Young:               11(  0.1%)     87.2K(  0.1%)]
         [Old:               8924( 99.9%)     76.7M( 99.9%)]
   [Table]
      [Memory Usage: 1372.2K]
      [Size: 32768, Min: 1024, Max: 16777216]
      [Entries: 47623, Load: 145.3%, Cached: 0, Added: 129944, Removed: 82321]
      [Resize Count: 5, Shrink Threshold: 21845(66.7%), Grow Threshold: 65536(200.0%)]
      [Rehash Count: 1, Rehash Threshold: 120, Hash Seed: 0xc4e8cebb]
      [Age Threshold: 3]
   [Queue]
      [Dropped: 0]
2016-06-27T18:02:45.420+0300: 131.678: [GC pause (G1 Evacuation Pause) (young)
Desired survivor size 3670016 bytes, new threshold 1 (max 15)
- age   1:    7871360 bytes,    7871360 total
, 0.0055232 secs]
   [Parallel Time: 4.3 ms, GC Workers: 4]
      [GC Worker Start (ms): Min: 131678.0, Avg: 131678.1, Max: 131678.1, Diff: 0.0]
      [Ext Root Scanning (ms): Min: 0.6, Avg: 0.6, Max: 0.7, Diff: 0.1, Sum: 2.6]
      [Update RS (ms): Min: 1.2, Avg: 1.2, Max: 1.3, Diff: 0.1, Sum: 4.8]
         [Processed Buffers: Min: 4, Avg: 6.8, Max: 8, Diff: 4, Sum: 27]
      [Scan RS (ms): Min: 0.0, Avg: 0.0, Max: 0.0, Diff: 0.0, Sum: 0.0]
      [Code Root Scanning (ms): Min: 0.0, Avg: 0.0, Max: 0.0, Diff: 0.0, Sum: 0.0]
      [Object Copy (ms): Min: 2.4, Avg: 2.4, Max: 2.4, Diff: 0.1, Sum: 9.6]
      [Termination (ms): Min: 0.0, Avg: 0.0, Max: 0.0, Diff: 0.0, Sum: 0.0]
         [Termination Attempts: Min: 1, Avg: 1.0, Max: 1, Diff: 0, Sum: 4]
      [GC Worker Other (ms): Min: 0.0, Avg: 0.0, Max: 0.0, Diff: 0.0, Sum: 0.1]
      [GC Worker Total (ms): Min: 4.3, Avg: 4.3, Max: 4.3, Diff: 0.0, Sum: 17.2]
      [GC Worker End (ms): Min: 131682.3, Avg: 131682.4, Max: 131682.4, Diff: 0.0]
   [Code Root Fixup: 0.0 ms]
   [Code Root Purge: 0.0 ms]
   [String Dedup Fixup: 0.7 ms, GC Workers: 4]
      [Queue Fixup (ms): Min: 0.0, Avg: 0.0, Max: 0.0, Diff: 0.0, Sum: 0.0]
      [Table Fixup (ms): Min: 0.6, Avg: 0.6, Max: 0.7, Diff: 0.1, Sum: 2.5]
   [Clear CT: 0.0 ms]
   [Other: 0.5 ms]
      [Choose CSet: 0.0 ms]
      [Ref Proc: 0.1 ms]
      [Ref Enq: 0.0 ms]
      [Redirty Cards: 0.0 ms]
      [Humongous Register: 0.0 ms]
      [Humongous Reclaim: 0.0 ms]
      [Free CSet: 0.1 ms]
   [Eden: 47.0M(47.0M)->0.0B(48.0M) Survivors: 8192.0K->7168.0K Heap: 995.5M(1110.0M)->957.0M(1110.0M)]
 [Times: user=0.02 sys=0.00, real=0.01 secs] 
2016-06-27T18:02:45.426+0300: 131.684: Total time for which application threads were stopped: 0.0066928 seconds, Stopping threads took: 0.0005393 seconds
2016-06-27T18:02:45.427+0300: 131.684: Total time for which application threads were stopped: 0.0003686 seconds, Stopping threads took: 0.0000513 seconds
2016-06-27T18:02:45.429+0300: 131.686: Total time for which application threads were stopped: 0.0004067 seconds, Stopping threads took: 0.0000710 seconds
2016-06-27T18:02:45.433+0300: 131.690: [GC concurrent-string-deduplication, 8047.3K->7766.1K(281.2K), avg 3.1%, 0.0057032 secs]
   [Last Exec: 0.0057032 secs, Idle: 0.4224994 secs, Blocked: 2/0.0008113 secs]
      [Inspected:             406]
         [Skipped:              3(  0.7%)]
         [Hashed:             403( 99.3%)]
         [Known:                0(  0.0%)]
         [New:                403( 99.3%)   8047.3K]
      [Deduplicated:           15(  3.7%)    281.2K(  3.5%)]
         [Young:                0(  0.0%)      0.0B(  0.0%)]
         [Old:                 15(100.0%)    281.2K(100.0%)]
   [Total Exec: 437/1.8354014 secs, Idle: 437/129.5851090 secs, Blocked: 8/0.0140981 secs]
      [Inspected:          140595]
         [Skipped:           1069(  0.8%)]
         [Hashed:          138548( 98.5%)]
         [Known:             4840(  3.4%)]
         [New:             134686( 95.8%)   2504.0M]
      [Deduplicated:         8950(  6.6%)     77.0M(  3.1%)]
         [Young:               11(  0.1%)     87.2K(  0.1%)]
         [Old:               8939( 99.9%)     77.0M( 99.9%)]
   [Table]
      [Memory Usage: 1381.3K]
      [Size: 32768, Min: 1024, Max: 16777216]
      [Entries: 48011, Load: 146.5%, Cached: 0, Added: 130332, Removed: 82321]
      [Resize Count: 5, Shrink Threshold: 21845(66.7%), Grow Threshold: 65536(200.0%)]
      [Rehash Count: 1, Rehash Threshold: 120, Hash Seed: 0xc4e8cebb]
      [Age Threshold: 3]
   [Queue]
      [Dropped: 0]
2016-06-27T18:02:45.857+0300: 132.114: [GC pause (G1 Evacuation Pause) (young)
Desired survivor size 3670016 bytes, new threshold 1 (max 15)
- age   1:    7202616 bytes,    7202616 total
, 0.0048718 secs]
   [Parallel Time: 3.8 ms, GC Workers: 4]
      [GC Worker Start (ms): Min: 132114.5, Avg: 132114.5, Max: 132114.5, Diff: 0.0]
      [Ext Root Scanning (ms): Min: 0.5, Avg: 0.6, Max: 0.6, Diff: 0.0, Sum: 2.2]
      [Update RS (ms): Min: 0.7, Avg: 0.7, Max: 0.8, Diff: 0.2, Sum: 3.0]
         [Processed Buffers: Min: 2, Avg: 5.8, Max: 16, Diff: 14, Sum: 23]
      [Scan RS (ms): Min: 0.0, Avg: 0.0, Max: 0.0, Diff: 0.0, Sum: 0.0]
      [Code Root Scanning (ms): Min: 0.0, Avg: 0.0, Max: 0.0, Diff: 0.0, Sum: 0.0]
      [Object Copy (ms): Min: 2.3, Avg: 2.4, Max: 2.4, Diff: 0.1, Sum: 9.5]
      [Termination (ms): Min: 0.0, Avg: 0.0, Max: 0.0, Diff: 0.0, Sum: 0.0]
         [Termination Attempts: Min: 1, Avg: 1.0, Max: 1, Diff: 0, Sum: 4]
      [GC Worker Other (ms): Min: 0.0, Avg: 0.0, Max: 0.0, Diff: 0.0, Sum: 0.1]
      [GC Worker Total (ms): Min: 3.7, Avg: 3.7, Max: 3.7, Diff: 0.0, Sum: 14.9]
      [GC Worker End (ms): Min: 132118.2, Avg: 132118.2, Max: 132118.2, Diff: 0.0]
   [Code Root Fixup: 0.0 ms]
   [Code Root Purge: 0.0 ms]
   [String Dedup Fixup: 0.6 ms, GC Workers: 4]
      [Queue Fixup (ms): Min: 0.0, Avg: 0.0, Max: 0.0, Diff: 0.0, Sum: 0.0]
      [Table Fixup (ms): Min: 0.6, Avg: 0.6, Max: 0.6, Diff: 0.0, Sum: 2.3]
   [Clear CT: 0.0 ms]
   [Other: 0.5 ms]
      [Choose CSet: 0.0 ms]
      [Ref Proc: 0.0 ms]
      [Ref Enq: 0.0 ms]
      [Redirty Cards: 0.0 ms]
      [Humongous Register: 0.0 ms]
      [Humongous Reclaim: 0.0 ms]
      [Free CSet: 0.1 ms]
   [Eden: 48.0M(48.0M)->0.0B(48.0M) Survivors: 7168.0K->7168.0K Heap: 1005.0M(1110.0M)->966.0M(1110.0M)]
 [Times: user=0.00 sys=0.00, real=0.00 secs] 
2016-06-27T18:02:45.862+0300: 132.119: Total time for which application threads were stopped: 0.0149487 seconds, Stopping threads took: 0.0094884 seconds
2016-06-27T18:02:45.868+0300: 132.125: [GC concurrent-string-deduplication, 7608.0K->7385.8K(222.2K), avg 3.1%, 0.0053080 secs]
   [Last Exec: 0.0053080 secs, Idle: 0.4291631 secs, Blocked: 0/0.0000000 secs]
      [Inspected:             383]
         [Skipped:              1(  0.3%)]
         [Hashed:             382( 99.7%)]
         [Known:                0(  0.0%)]
         [New:                382( 99.7%)   7608.0K]
      [Deduplicated:           13(  3.4%)    222.2K(  2.9%)]
         [Young:                0(  0.0%)      0.0B(  0.0%)]
         [Old:                 13(100.0%)    222.2K(100.0%)]
   [Total Exec: 438/1.8407094 secs, Idle: 438/130.0142721 secs, Blocked: 8/0.0140981 secs]
      [Inspected:          140978]
         [Skipped:           1070(  0.8%)]
         [Hashed:          138930( 98.5%)]
         [Known:             4840(  3.4%)]
         [New:             135068( 95.8%)   2511.4M]
      [Deduplicated:         8963(  6.6%)     77.3M(  3.1%)]
         [Young:               11(  0.1%)     87.2K(  0.1%)]
         [Old:               8952( 99.9%)     77.2M( 99.9%)]
   [Table]
      [Memory Usage: 1389.9K]
      [Size: 32768, Min: 1024, Max: 16777216]
      [Entries: 48380, Load: 147.6%, Cached: 0, Added: 130701, Removed: 82321]
      [Resize Count: 5, Shrink Threshold: 21845(66.7%), Grow Threshold: 65536(200.0%)]
      [Rehash Count: 1, Rehash Threshold: 120, Hash Seed: 0xc4e8cebb]
      [Age Threshold: 3]
   [Queue]
      [Dropped: 0]
2016-06-27T18:02:46.292+0300: 132.549: [GC pause (G1 Evacuation Pause) (young)
Desired survivor size 3670016 bytes, new threshold 1 (max 15)
- age   1:    7195512 bytes,    7195512 total
, 0.0046225 secs]
   [Parallel Time: 3.5 ms, GC Workers: 4]
      [GC Worker Start (ms): Min: 132549.4, Avg: 132549.4, Max: 132549.4, Diff: 0.0]
      [Ext Root Scanning (ms): Min: 0.5, Avg: 0.5, Max: 0.6, Diff: 0.1, Sum: 2.1]
      [Update RS (ms): Min: 0.5, Avg: 0.6, Max: 0.7, Diff: 0.2, Sum: 2.3]
         [Processed Buffers: Min: 1, Avg: 5.8, Max: 9, Diff: 8, Sum: 23]
      [Scan RS (ms): Min: 0.0, Avg: 0.0, Max: 0.0, Diff: 0.0, Sum: 0.0]
      [Code Root Scanning (ms): Min: 0.0, Avg: 0.0, Max: 0.0, Diff: 0.0, Sum: 0.0]
      [Object Copy (ms): Min: 2.2, Avg: 2.3, Max: 2.3, Diff: 0.2, Sum: 9.1]
      [Termination (ms): Min: 0.0, Avg: 0.0, Max: 0.0, Diff: 0.0, Sum: 0.0]
         [Termination Attempts: Min: 1, Avg: 1.0, Max: 1, Diff: 0, Sum: 4]
      [GC Worker Other (ms): Min: 0.0, Avg: 0.0, Max: 0.0, Diff: 0.0, Sum: 0.1]
      [GC Worker Total (ms): Min: 3.4, Avg: 3.4, Max: 3.4, Diff: 0.0, Sum: 13.7]
      [GC Worker End (ms): Min: 132552.8, Avg: 132552.8, Max: 132552.8, Diff: 0.0]
   [Code Root Fixup: 0.0 ms]
   [Code Root Purge: 0.0 ms]
   [String Dedup Fixup: 0.7 ms, GC Workers: 4]
      [Queue Fixup (ms): Min: 0.0, Avg: 0.0, Max: 0.0, Diff: 0.0, Sum: 0.0]
      [Table Fixup (ms): Min: 0.6, Avg: 0.6, Max: 0.7, Diff: 0.1, Sum: 2.5]
   [Clear CT: 0.0 ms]
   [Other: 0.5 ms]
      [Choose CSet: 0.0 ms]
      [Ref Proc: 0.1 ms]
      [Ref Enq: 0.0 ms]
      [Redirty Cards: 0.0 ms]
      [Humongous Register: 0.0 ms]
      [Humongous Reclaim: 0.0 ms]
      [Free CSet: 0.1 ms]
   [Eden: 48.0M(48.0M)->0.0B(48.0M) Survivors: 7168.0K->7168.0K Heap: 1014.0M(1110.0M)->975.5M(1110.0M)]
 [Times: user=0.00 sys=0.00, real=0.00 secs] 
2016-06-27T18:02:46.297+0300: 132.554: Total time for which application threads were stopped: 0.0131782 seconds, Stopping threads took: 0.0079155 seconds
2016-06-27T18:02:46.302+0300: 132.560: [GC concurrent-string-deduplication, 8091.4K->7786.1K(305.3K), avg 3.1%, 0.0058469 secs]
   [Last Exec: 0.0058469 secs, Idle: 0.4293004 secs, Blocked: 0/0.0000000 secs]
      [Inspected:             411]
         [Skipped:              2(  0.5%)]
         [Hashed:             409( 99.5%)]
         [Known:                0(  0.0%)]
         [New:                409( 99.5%)   8091.4K]
      [Deduplicated:           20(  4.9%)    305.3K(  3.8%)]
         [Young:                0(  0.0%)      0.0B(  0.0%)]
         [Old:                 20(100.0%)    305.3K(100.0%)]
   [Total Exec: 439/1.8465563 secs, Idle: 439/130.4435725 secs, Blocked: 8/0.0140981 secs]
      [Inspected:          141389]
         [Skipped:           1072(  0.8%)]
         [Hashed:          139339( 98.6%)]
         [Known:             4840(  3.4%)]
         [New:             135477( 95.8%)   2519.3M]
      [Deduplicated:         8983(  6.6%)     77.6M(  3.1%)]
         [Young:               11(  0.1%)     87.2K(  0.1%)]
         [Old:               8972( 99.9%)     77.5M( 99.9%)]
   [Table]
      [Memory Usage: 1399.0K]
      [Size: 32768, Min: 1024, Max: 16777216]
      [Entries: 48769, Load: 148.8%, Cached: 0, Added: 131090, Removed: 82321]
      [Resize Count: 5, Shrink Threshold: 21845(66.7%), Grow Threshold: 65536(200.0%)]
      [Rehash Count: 1, Rehash Threshold: 120, Hash Seed: 0xc4e8cebb]
      [Age Threshold: 3]
   [Queue]
      [Dropped: 0]
2016-06-27T18:02:46.705+0300: 132.963: [GC pause (G1 Evacuation Pause) (young)
Desired survivor size 3670016 bytes, new threshold 1 (max 15)
- age   1:    6863256 bytes,    6863256 total
, 0.0045947 secs]
   [Parallel Time: 3.3 ms, GC Workers: 4]
      [GC Worker Start (ms): Min: 132962.7, Avg: 132962.7, Max: 132962.7, Diff: 0.0]
      [Ext Root Scanning (ms): Min: 0.5, Avg: 0.5, Max: 0.6, Diff: 0.1, Sum: 2.1]
      [Update RS (ms): Min: 0.4, Avg: 0.4, Max: 0.5, Diff: 0.1, Sum: 1.6]
         [Processed Buffers: Min: 1, Avg: 5.8, Max: 17, Diff: 16, Sum: 23]
      [Scan RS (ms): Min: 0.0, Avg: 0.0, Max: 0.0, Diff: 0.0, Sum: 0.0]
      [Code Root Scanning (ms): Min: 0.0, Avg: 0.0, Max: 0.0, Diff: 0.0, Sum: 0.0]
      [Object Copy (ms): Min: 2.1, Avg: 2.2, Max: 2.3, Diff: 0.1, Sum: 9.0]
      [Termination (ms): Min: 0.0, Avg: 0.0, Max: 0.0, Diff: 0.0, Sum: 0.0]
         [Termination Attempts: Min: 1, Avg: 1.0, Max: 1, Diff: 0, Sum: 4]
      [GC Worker Other (ms): Min: 0.0, Avg: 0.0, Max: 0.0, Diff: 0.0, Sum: 0.1]
      [GC Worker Total (ms): Min: 3.2, Avg: 3.2, Max: 3.2, Diff: 0.0, Sum: 12.9]
      [GC Worker End (ms): Min: 132965.9, Avg: 132965.9, Max: 132965.9, Diff: 0.0]
   [Code Root Fixup: 0.0 ms]
   [Code Root Purge: 0.0 ms]
   [String Dedup Fixup: 0.8 ms, GC Workers: 4]
      [Queue Fixup (ms): Min: 0.0, Avg: 0.0, Max: 0.0, Diff: 0.0, Sum: 0.0]
      [Table Fixup (ms): Min: 0.7, Avg: 0.7, Max: 0.7, Diff: 0.1, Sum: 2.7]
   [Clear CT: 0.0 ms]
   [Other: 0.5 ms]
      [Choose CSet: 0.0 ms]
      [Ref Proc: 0.1 ms]
      [Ref Enq: 0.0 ms]
      [Redirty Cards: 0.0 ms]
      [Humongous Register: 0.0 ms]
      [Humongous Reclaim: 0.0 ms]
      [Free CSet: 0.1 ms]
   [Eden: 48.0M(48.0M)->0.0B(48.0M) Survivors: 7168.0K->7168.0K Heap: 1023.5M(1110.0M)->984.5M(1110.0M)]
 [Times: user=0.06 sys=0.00, real=0.01 secs] 
2016-06-27T18:02:46.710+0300: 132.967: Total time for which application threads were stopped: 0.0157873 seconds, Stopping threads took: 0.0105635 seconds
2016-06-27T18:02:46.715+0300: 132.973: [GC concurrent-string-deduplication, 7307.7K->7005.5K(302.3K), avg 3.1%, 0.0051969 secs]
   [Last Exec: 0.0051969 secs, Idle: 0.4072954 secs, Blocked: 0/0.0000000 secs]
      [Inspected:             368]
         [Skipped:              1(  0.3%)]
         [Hashed:             367( 99.7%)]
         [Known:                0(  0.0%)]
         [New:                367( 99.7%)   7307.7K]
      [Deduplicated:           17(  4.6%)    302.3K(  4.1%)]
         [Young:                0(  0.0%)      0.0B(  0.0%)]
         [Old:                 17(100.0%)    302.3K(100.0%)]
   [Total Exec: 440/1.8517532 secs, Idle: 440/130.8508679 secs, Blocked: 8/0.0140981 secs]
      [Inspected:          141757]
         [Skipped:           1073(  0.8%)]
         [Hashed:          139706( 98.6%)]
         [Known:             4840(  3.4%)]
         [New:             135844( 95.8%)   2526.5M]
      [Deduplicated:         9000(  6.6%)     77.9M(  3.1%)]
         [Young:               11(  0.1%)     87.2K(  0.1%)]
         [Old:               8989( 99.9%)     77.8M( 99.9%)]
   [Table]
      [Memory Usage: 1407.2K]
      [Size: 32768, Min: 1024, Max: 16777216]
      [Entries: 49119, Load: 149.9%, Cached: 0, Added: 131440, Removed: 82321]
      [Resize Count: 5, Shrink Threshold: 21845(66.7%), Grow Threshold: 65536(200.0%)]
      [Rehash Count: 1, Rehash Threshold: 120, Hash Seed: 0xc4e8cebb]
      [Age Threshold: 3]
   [Queue]
      [Dropped: 0]
2016-06-27T18:02:46.717+0300: 132.974: Total time for which application threads were stopped: 0.0004773 seconds, Stopping threads took: 0.0001424 seconds
2016-06-27T18:02:47.147+0300: 133.405: [GC pause (G1 Evacuation Pause) (young)
Desired survivor size 3670016 bytes, new threshold 1 (max 15)
- age   1:    7208784 bytes,    7208784 total
, 0.0046554 secs]
   [Parallel Time: 3.4 ms, GC Workers: 4]
      [GC Worker Start (ms): Min: 133404.8, Avg: 133404.8, Max: 133404.8, Diff: 0.0]
      [Ext Root Scanning (ms): Min: 0.5, Avg: 0.5, Max: 0.6, Diff: 0.1, Sum: 2.1]
      [Update RS (ms): Min: 0.4, Avg: 0.5, Max: 0.6, Diff: 0.2, Sum: 2.0]
         [Processed Buffers: Min: 2, Avg: 7.0, Max: 13, Diff: 11, Sum: 28]
      [Scan RS (ms): Min: 0.0, Avg: 0.0, Max: 0.0, Diff: 0.0, Sum: 0.0]
      [Code Root Scanning (ms): Min: 0.0, Avg: 0.0, Max: 0.0, Diff: 0.0, Sum: 0.0]
      [Object Copy (ms): Min: 2.2, Avg: 2.3, Max: 2.4, Diff: 0.1, Sum: 9.3]
      [Termination (ms): Min: 0.0, Avg: 0.0, Max: 0.0, Diff: 0.0, Sum: 0.0]
         [Termination Attempts: Min: 1, Avg: 1.0, Max: 1, Diff: 0, Sum: 4]
      [GC Worker Other (ms): Min: 0.0, Avg: 0.0, Max: 0.0, Diff: 0.0, Sum: 0.1]
      [GC Worker Total (ms): Min: 3.4, Avg: 3.4, Max: 3.4, Diff: 0.0, Sum: 13.5]
      [GC Worker End (ms): Min: 133408.1, Avg: 133408.1, Max: 133408.1, Diff: 0.0]
   [Code Root Fixup: 0.0 ms]
   [Code Root Purge: 0.0 ms]
   [String Dedup Fixup: 0.6 ms, GC Workers: 4]
      [Queue Fixup (ms): Min: 0.0, Avg: 0.0, Max: 0.0, Diff: 0.0, Sum: 0.0]
      [Table Fixup (ms): Min: 0.6, Avg: 0.6, Max: 0.6, Diff: 0.0, Sum: 2.4]
   [Clear CT: 0.0 ms]
   [Other: 0.5 ms]
      [Choose CSet: 0.0 ms]
      [Ref Proc: 0.1 ms]
      [Ref Enq: 0.0 ms]
      [Redirty Cards: 0.0 ms]
      [Humongous Register: 0.0 ms]
      [Humongous Reclaim: 0.0 ms]
      [Free CSet: 0.1 ms]
   [Eden: 48.0M(48.0M)->0.0B(48.0M) Survivors: 7168.0K->7168.0K Heap: 1032.5M(1110.0M)->993.0M(1110.0M)]
 [Times: user=0.00 sys=0.00, real=0.00 secs] 
2016-06-27T18:02:47.152+0300: 133.409: Total time for which application threads were stopped: 0.0162030 seconds, Stopping threads took: 0.0109432 seconds
2016-06-27T18:02:47.153+0300: 133.410: Total time for which application threads were stopped: 0.0003601 seconds, Stopping threads took: 0.0000620 seconds
2016-06-27T18:02:47.158+0300: 133.416: [GC concurrent-string-deduplication, 7807.1K->7425.8K(381.3K), avg 3.1%, 0.0056348 secs]
   [Last Exec: 0.0056348 secs, Idle: 0.4368562 secs, Blocked: 1/0.0003759 secs]
      [Inspected:             391]
         [Skipped:              0(  0.0%)]
         [Hashed:             391(100.0%)]
         [Known:                0(  0.0%)]
         [New:                391(100.0%)   7807.1K]
      [Deduplicated:           20(  5.1%)    381.3K(  4.9%)]
         [Young:                0(  0.0%)      0.0B(  0.0%)]
         [Old:                 20(100.0%)    381.3K(100.0%)]
   [Total Exec: 441/1.8573880 secs, Idle: 441/131.2877241 secs, Blocked: 9/0.0144740 secs]
      [Inspected:          142148]
         [Skipped:           1073(  0.8%)]
         [Hashed:          140097( 98.6%)]
         [Known:             4840(  3.4%)]
         [New:             136235( 95.8%)   2534.1M]
      [Deduplicated:         9020(  6.6%)     78.2M(  3.1%)]
         [Young:               11(  0.1%)     87.2K(  0.1%)]
         [Old:               9009( 99.9%)     78.1M( 99.9%)]
   [Table]
      [Memory Usage: 1415.9K]
      [Size: 32768, Min: 1024, Max: 16777216]
      [Entries: 49490, Load: 151.0%, Cached: 0, Added: 131811, Removed: 82321]
      [Resize Count: 5, Shrink Threshold: 21845(66.7%), Grow Threshold: 65536(200.0%)]
      [Rehash Count: 1, Rehash Threshold: 120, Hash Seed: 0xc4e8cebb]
      [Age Threshold: 3]
   [Queue]
      [Dropped: 0]
2016-06-27T18:02:47.575+0300: 133.833: [GC pause (G1 Evacuation Pause) (young)
Desired survivor size 3670016 bytes, new threshold 1 (max 15)
- age   1:    7201008 bytes,    7201008 total
, 0.0046627 secs]
   [Parallel Time: 3.5 ms, GC Workers: 4]
      [GC Worker Start (ms): Min: 133832.8, Avg: 133832.8, Max: 133832.8, Diff: 0.0]
      [Ext Root Scanning (ms): Min: 0.5, Avg: 0.6, Max: 0.7, Diff: 0.1, Sum: 2.4]
      [Update RS (ms): Min: 0.4, Avg: 0.5, Max: 0.7, Diff: 0.3, Sum: 2.1]
         [Processed Buffers: Min: 5, Avg: 6.8, Max: 8, Diff: 3, Sum: 27]
      [Scan RS (ms): Min: 0.0, Avg: 0.0, Max: 0.0, Diff: 0.0, Sum: 0.0]
      [Code Root Scanning (ms): Min: 0.0, Avg: 0.0, Max: 0.0, Diff: 0.0, Sum: 0.0]
      [Object Copy (ms): Min: 2.1, Avg: 2.3, Max: 2.4, Diff: 0.2, Sum: 9.0]
      [Termination (ms): Min: 0.0, Avg: 0.0, Max: 0.0, Diff: 0.0, Sum: 0.0]
         [Termination Attempts: Min: 1, Avg: 1.0, Max: 1, Diff: 0, Sum: 4]
      [GC Worker Other (ms): Min: 0.0, Avg: 0.0, Max: 0.0, Diff: 0.0, Sum: 0.1]
      [GC Worker Total (ms): Min: 3.4, Avg: 3.4, Max: 3.4, Diff: 0.0, Sum: 13.6]
      [GC Worker End (ms): Min: 133836.2, Avg: 133836.2, Max: 133836.2, Diff: 0.0]
   [Code Root Fixup: 0.0 ms]
   [Code Root Purge: 0.0 ms]
   [String Dedup Fixup: 0.7 ms, GC Workers: 4]
      [Queue Fixup (ms): Min: 0.0, Avg: 0.0, Max: 0.0, Diff: 0.0, Sum: 0.0]
      [Table Fixup (ms): Min: 0.6, Avg: 0.6, Max: 0.6, Diff: 0.0, Sum: 2.4]
   [Clear CT: 0.0 ms]
   [Other: 0.5 ms]
      [Choose CSet: 0.0 ms]
      [Ref Proc: 0.0 ms]
      [Ref Enq: 0.0 ms]
      [Redirty Cards: 0.0 ms]
      [Humongous Register: 0.0 ms]
      [Humongous Reclaim: 0.0 ms]
      [Free CSet: 0.1 ms]
   [Eden: 48.0M(48.0M)->0.0B(48.0M) Survivors: 7168.0K->7168.0K Heap: 1041.0M(1110.0M)->1001.5M(1110.0M)]
 [Times: user=0.00 sys=0.00, real=0.00 secs] 
2016-06-27T18:02:47.580+0300: 133.838: Total time for which application threads were stopped: 0.0141417 seconds, Stopping threads took: 0.0088443 seconds
2016-06-27T18:02:47.605+0300: 133.862: [GC concurrent-string-deduplication, 7570.0K->7265.7K(304.3K), avg 3.1%, 0.0244362 secs]
   [Last Exec: 0.0244362 secs, Idle: 0.4219956 secs, Blocked: 0/0.0000000 secs]
      [Inspected:             383]
         [Skipped:              1(  0.3%)]
         [Hashed:             382( 99.7%)]
         [Known:                0(  0.0%)]
         [New:                382( 99.7%)   7570.0K]
      [Deduplicated:           19(  5.0%)    304.3K(  4.0%)]
         [Young:                0(  0.0%)      0.0B(  0.0%)]
         [Old:                 19(100.0%)    304.3K(100.0%)]
   [Total Exec: 442/1.8818241 secs, Idle: 442/131.7097198 secs, Blocked: 9/0.0144740 secs]
      [Inspected:          142531]
         [Skipped:           1074(  0.8%)]
         [Hashed:          140479( 98.6%)]
         [Known:             4840(  3.4%)]
         [New:             136617( 95.9%)   2541.5M]
      [Deduplicated:         9039(  6.6%)     78.5M(  3.1%)]
         [Young:               11(  0.1%)     87.2K(  0.1%)]
         [Old:               9028( 99.9%)     78.4M( 99.9%)]
   [Table]
      [Memory Usage: 1424.4K]
      [Size: 32768, Min: 1024, Max: 16777216]
      [Entries: 49853, Load: 152.1%, Cached: 0, Added: 132174, Removed: 82321]
      [Resize Count: 5, Shrink Threshold: 21845(66.7%), Grow Threshold: 65536(200.0%)]
      [Rehash Count: 1, Rehash Threshold: 120, Hash Seed: 0xc4e8cebb]
      [Age Threshold: 3]
   [Queue]
      [Dropped: 0]
2016-06-27T18:02:48.002+0300: 134.259: [GC pause (G1 Evacuation Pause) (young)
Desired survivor size 3670016 bytes, new threshold 1 (max 15)
- age   1:    7206680 bytes,    7206680 total
, 0.0046482 secs]
   [Parallel Time: 3.5 ms, GC Workers: 4]
      [GC Worker Start (ms): Min: 134258.9, Avg: 134258.9, Max: 134258.9, Diff: 0.0]
      [Ext Root Scanning (ms): Min: 0.5, Avg: 0.5, Max: 0.6, Diff: 0.1, Sum: 2.1]
      [Update RS (ms): Min: 0.5, Avg: 0.6, Max: 0.7, Diff: 0.2, Sum: 2.4]
         [Processed Buffers: Min: 2, Avg: 4.8, Max: 8, Diff: 6, Sum: 19]
      [Scan RS (ms): Min: 0.0, Avg: 0.0, Max: 0.0, Diff: 0.0, Sum: 0.0]
      [Code Root Scanning (ms): Min: 0.0, Avg: 0.0, Max: 0.0, Diff: 0.0, Sum: 0.0]
      [Object Copy (ms): Min: 2.3, Avg: 2.3, Max: 2.4, Diff: 0.1, Sum: 9.2]
      [Termination (ms): Min: 0.0, Avg: 0.0, Max: 0.0, Diff: 0.0, Sum: 0.0]
         [Termination Attempts: Min: 1, Avg: 1.0, Max: 1, Diff: 0, Sum: 4]
      [GC Worker Other (ms): Min: 0.0, Avg: 0.0, Max: 0.0, Diff: 0.0, Sum: 0.1]
      [GC Worker Total (ms): Min: 3.5, Avg: 3.5, Max: 3.5, Diff: 0.0, Sum: 13.9]
      [GC Worker End (ms): Min: 134262.4, Avg: 134262.4, Max: 134262.4, Diff: 0.0]
   [Code Root Fixup: 0.0 ms]
   [Code Root Purge: 0.0 ms]
   [String Dedup Fixup: 0.6 ms, GC Workers: 4]
      [Queue Fixup (ms): Min: 0.0, Avg: 0.0, Max: 0.0, Diff: 0.0, Sum: 0.0]
      [Table Fixup (ms): Min: 0.6, Avg: 0.6, Max: 0.6, Diff: 0.0, Sum: 2.4]
   [Clear CT: 0.0 ms]
   [Other: 0.5 ms]
      [Choose CSet: 0.0 ms]
      [Ref Proc: 0.0 ms]
      [Ref Enq: 0.0 ms]
      [Redirty Cards: 0.0 ms]
      [Humongous Register: 0.1 ms]
      [Humongous Reclaim: 0.0 ms]
      [Free CSet: 0.1 ms]
   [Eden: 48.0M(48.0M)->0.0B(48.0M) Survivors: 7168.0K->7168.0K Heap: 1049.5M(1110.0M)->1011.0M(1110.0M)]
 [Times: user=0.06 sys=0.00, real=0.00 secs] 
2016-06-27T18:02:48.006+0300: 134.264: Total time for which application threads were stopped: 0.0057182 seconds, Stopping threads took: 0.0003956 seconds
2016-06-27T18:02:48.012+0300: 134.269: [GC concurrent-string-deduplication, 7766.1K->7505.9K(260.2K), avg 3.1%, 0.0055646 secs]
   [Last Exec: 0.0055646 secs, Idle: 0.4015957 secs, Blocked: 0/0.0000000 secs]
      [Inspected:             394]
         [Skipped:              6(  1.5%)]
         [Hashed:             388( 98.5%)]
         [Known:                0(  0.0%)]
         [New:                388( 98.5%)   7766.1K]
      [Deduplicated:           13(  3.4%)    260.2K(  3.4%)]
         [Young:                0(  0.0%)      0.0B(  0.0%)]
         [Old:                 13(100.0%)    260.2K(100.0%)]
   [Total Exec: 443/1.8873888 secs, Idle: 443/132.1113154 secs, Blocked: 9/0.0144740 secs]
      [Inspected:          142925]
         [Skipped:           1080(  0.8%)]
         [Hashed:          140867( 98.6%)]
         [Known:             4840(  3.4%)]
         [New:             137005( 95.9%)   2549.1M]
      [Deduplicated:         9052(  6.6%)     78.8M(  3.1%)]
         [Young:               11(  0.1%)     87.2K(  0.1%)]
         [Old:               9041( 99.9%)     78.7M( 99.9%)]
   [Table]
      [Memory Usage: 1433.2K]
      [Size: 32768, Min: 1024, Max: 16777216]
      [Entries: 50228, Load: 153.3%, Cached: 0, Added: 132549, Removed: 82321]
      [Resize Count: 5, Shrink Threshold: 21845(66.7%), Grow Threshold: 65536(200.0%)]
      [Rehash Count: 1, Rehash Threshold: 120, Hash Seed: 0xc4e8cebb]
      [Age Threshold: 3]
   [Queue]
      [Dropped: 0]
2016-06-27T18:02:48.430+0300: 134.688: [GC pause (G1 Evacuation Pause) (young)
Desired survivor size 3670016 bytes, new threshold 1 (max 15)
- age   1:    7045648 bytes,    7045648 total
, 0.0045678 secs]
   [Parallel Time: 3.4 ms, GC Workers: 4]
      [GC Worker Start (ms): Min: 134688.0, Avg: 134688.0, Max: 134688.0, Diff: 0.0]
      [Ext Root Scanning (ms): Min: 0.5, Avg: 0.5, Max: 0.6, Diff: 0.1, Sum: 2.1]
      [Update RS (ms): Min: 0.4, Avg: 0.5, Max: 0.7, Diff: 0.3, Sum: 2.1]
         [Processed Buffers: Min: 1, Avg: 6.0, Max: 11, Diff: 10, Sum: 24]
      [Scan RS (ms): Min: 0.0, Avg: 0.0, Max: 0.0, Diff: 0.0, Sum: 0.0]
      [Code Root Scanning (ms): Min: 0.0, Avg: 0.0, Max: 0.0, Diff: 0.0, Sum: 0.0]
      [Object Copy (ms): Min: 2.1, Avg: 2.3, Max: 2.3, Diff: 0.2, Sum: 9.1]
      [Termination (ms): Min: 0.0, Avg: 0.0, Max: 0.0, Diff: 0.0, Sum: 0.0]
         [Termination Attempts: Min: 1, Avg: 1.0, Max: 1, Diff: 0, Sum: 4]
      [GC Worker Other (ms): Min: 0.0, Avg: 0.0, Max: 0.0, Diff: 0.0, Sum: 0.0]
      [GC Worker Total (ms): Min: 3.3, Avg: 3.3, Max: 3.4, Diff: 0.0, Sum: 13.4]
      [GC Worker End (ms): Min: 134691.3, Avg: 134691.3, Max: 134691.3, Diff: 0.0]
   [Code Root Fixup: 0.0 ms]
   [Code Root Purge: 0.0 ms]
   [String Dedup Fixup: 0.6 ms, GC Workers: 4]
      [Queue Fixup (ms): Min: 0.0, Avg: 0.0, Max: 0.0, Diff: 0.0, Sum: 0.0]
      [Table Fixup (ms): Min: 0.6, Avg: 0.6, Max: 0.6, Diff: 0.0, Sum: 2.4]
   [Clear CT: 0.1 ms]
   [Other: 0.5 ms]
      [Choose CSet: 0.0 ms]
      [Ref Proc: 0.1 ms]
      [Ref Enq: 0.0 ms]
      [Redirty Cards: 0.0 ms]
      [Humongous Register: 0.0 ms]
      [Humongous Reclaim: 0.0 ms]
      [Free CSet: 0.1 ms]
   [Eden: 48.0M(48.0M)->0.0B(48.0M) Survivors: 7168.0K->7168.0K Heap: 1059.0M(1110.0M)->1020.5M(1110.0M)]
 [Times: user=0.00 sys=0.00, real=0.00 secs] 
2016-06-27T18:02:48.435+0300: 134.693: Total time for which application threads were stopped: 0.0057224 seconds, Stopping threads took: 0.0004978 seconds
2016-06-27T18:02:48.441+0300: 134.698: [GC concurrent-string-deduplication, 7787.1K->7345.7K(441.4K), avg 3.1%, 0.0057045 secs]
   [Last Exec: 0.0057045 secs, Idle: 0.4233308 secs, Blocked: 0/0.0000000 secs]
      [Inspected:             390]
         [Skipped:              0(  0.0%)]
         [Hashed:             390(100.0%)]
         [Known:                0(  0.0%)]
         [New:                390(100.0%)   7787.1K]
      [Deduplicated:           23(  5.9%)    441.4K(  5.7%)]
         [Young:                0(  0.0%)      0.0B(  0.0%)]
         [Old:                 23(100.0%)    441.4K(100.0%)]
   [Total Exec: 444/1.8930933 secs, Idle: 444/132.5346462 secs, Blocked: 9/0.0144740 secs]
      [Inspected:          143315]
         [Skipped:           1080(  0.8%)]
         [Hashed:          141257( 98.6%)]
         [Known:             4840(  3.4%)]
         [New:             137395( 95.9%)   2556.7M]
      [Deduplicated:         9075(  6.6%)     79.2M(  3.1%)]
         [Young:               11(  0.1%)     87.2K(  0.1%)]
         [Old:               9064( 99.9%)     79.1M( 99.9%)]
   [Table]
      [Memory Usage: 1441.8K]
      [Size: 32768, Min: 1024, Max: 16777216]
      [Entries: 50595, Load: 154.4%, Cached: 0, Added: 132916, Removed: 82321]
      [Resize Count: 5, Shrink Threshold: 21845(66.7%), Grow Threshold: 65536(200.0%)]
      [Rehash Count: 1, Rehash Threshold: 120, Hash Seed: 0xc4e8cebb]
      [Age Threshold: 3]
   [Queue]
      [Dropped: 0]
2016-06-27T18:02:48.442+0300: 134.700: Total time for which application threads were stopped: 0.0005311 seconds, Stopping threads took: 0.0001766 seconds
2016-06-27T18:02:48.858+0300: 135.115: [GC pause (G1 Evacuation Pause) (young)
Desired survivor size 3670016 bytes, new threshold 1 (max 15)
- age   1:    6931480 bytes,    6931480 total
, 0.0048094 secs]
   [Parallel Time: 3.7 ms, GC Workers: 4]
      [GC Worker Start (ms): Min: 135115.6, Avg: 135115.6, Max: 135115.6, Diff: 0.0]
      [Ext Root Scanning (ms): Min: 0.6, Avg: 0.6, Max: 0.6, Diff: 0.0, Sum: 2.3]
      [Update RS (ms): Min: 0.6, Avg: 0.7, Max: 0.8, Diff: 0.1, Sum: 2.9]
         [Processed Buffers: Min: 3, Avg: 6.3, Max: 11, Diff: 8, Sum: 25]
      [Scan RS (ms): Min: 0.0, Avg: 0.0, Max: 0.0, Diff: 0.0, Sum: 0.0]
      [Code Root Scanning (ms): Min: 0.0, Avg: 0.0, Max: 0.0, Diff: 0.0, Sum: 0.0]
      [Object Copy (ms): Min: 2.3, Avg: 2.3, Max: 2.4, Diff: 0.1, Sum: 9.2]
      [Termination (ms): Min: 0.0, Avg: 0.0, Max: 0.0, Diff: 0.0, Sum: 0.0]
         [Termination Attempts: Min: 1, Avg: 1.0, Max: 1, Diff: 0, Sum: 4]
      [GC Worker Other (ms): Min: 0.0, Avg: 0.0, Max: 0.0, Diff: 0.0, Sum: 0.1]
      [GC Worker Total (ms): Min: 3.6, Avg: 3.6, Max: 3.6, Diff: 0.0, Sum: 14.5]
      [GC Worker End (ms): Min: 135119.2, Avg: 135119.2, Max: 135119.2, Diff: 0.0]
   [Code Root Fixup: 0.0 ms]
   [Code Root Purge: 0.0 ms]
   [String Dedup Fixup: 0.7 ms, GC Workers: 4]
      [Queue Fixup (ms): Min: 0.0, Avg: 0.0, Max: 0.0, Diff: 0.0, Sum: 0.0]
      [Table Fixup (ms): Min: 0.6, Avg: 0.6, Max: 0.6, Diff: 0.0, Sum: 2.5]
   [Clear CT: 0.0 ms]
   [Other: 0.4 ms]
      [Choose CSet: 0.0 ms]
      [Ref Proc: 0.1 ms]
      [Ref Enq: 0.0 ms]
      [Redirty Cards: 0.0 ms]
      [Humongous Register: 0.0 ms]
      [Humongous Reclaim: 0.0 ms]
      [Free CSet: 0.0 ms]
   [Eden: 48.0M(48.0M)->0.0B(48.0M) Survivors: 7168.0K->7168.0K Heap: 1068.5M(1110.0M)->1029.0M(1110.0M)]
 [Times: user=0.00 sys=0.00, real=0.00 secs] 
2016-06-27T18:02:48.863+0300: 135.120: Total time for which application threads were stopped: 0.0154216 seconds, Stopping threads took: 0.0099943 seconds
2016-06-27T18:02:48.869+0300: 135.126: [GC concurrent-string-deduplication, 7565.9K->7065.5K(500.4K), avg 3.1%, 0.0053790 secs]
   [Last Exec: 0.0053790 secs, Idle: 0.4220068 secs, Blocked: 0/0.0000000 secs]
      [Inspected:             378]
         [Skipped:              0(  0.0%)]
         [Hashed:             378(100.0%)]
         [Known:                0(  0.0%)]
         [New:                378(100.0%)   7565.9K]
      [Deduplicated:           25(  6.6%)    500.4K(  6.6%)]
         [Young:                0(  0.0%)      0.0B(  0.0%)]
         [Old:                 25(100.0%)    500.4K(100.0%)]
   [Total Exec: 445/1.8984723 secs, Idle: 445/132.9566530 secs, Blocked: 9/0.0144740 secs]
      [Inspected:          143693]
         [Skipped:           1080(  0.8%)]
         [Hashed:          141635( 98.6%)]
         [Known:             4840(  3.4%)]
         [New:             137773( 95.9%)   2564.1M]
      [Deduplicated:         9100(  6.6%)     79.7M(  3.1%)]
         [Young:               11(  0.1%)     87.2K(  0.1%)]
         [Old:               9089( 99.9%)     79.6M( 99.9%)]
   [Table]
      [Memory Usage: 1450.1K]
      [Size: 32768, Min: 1024, Max: 16777216]
      [Entries: 50948, Load: 155.5%, Cached: 0, Added: 133269, Removed: 82321]
      [Resize Count: 5, Shrink Threshold: 21845(66.7%), Grow Threshold: 65536(200.0%)]
      [Rehash Count: 1, Rehash Threshold: 120, Hash Seed: 0xc4e8cebb]
      [Age Threshold: 3]
   [Queue]
      [Dropped: 0]
2016-06-27T18:02:49.298+0300: 135.555: [GC pause (G1 Evacuation Pause) (young)
Desired survivor size 3670016 bytes, new threshold 1 (max 15)
- age   1:    7072760 bytes,    7072760 total
, 0.0044775 secs]
   [Parallel Time: 3.3 ms, GC Workers: 4]
      [GC Worker Start (ms): Min: 135555.3, Avg: 135555.3, Max: 135555.3, Diff: 0.0]
      [Ext Root Scanning (ms): Min: 0.5, Avg: 0.5, Max: 0.6, Diff: 0.1, Sum: 2.2]
      [Update RS (ms): Min: 0.4, Avg: 0.4, Max: 0.4, Diff: 0.1, Sum: 1.5]
         [Processed Buffers: Min: 2, Avg: 4.5, Max: 8, Diff: 6, Sum: 18]
      [Scan RS (ms): Min: 0.0, Avg: 0.0, Max: 0.0, Diff: 0.0, Sum: 0.0]
      [Code Root Scanning (ms): Min: 0.0, Avg: 0.0, Max: 0.0, Diff: 0.0, Sum: 0.0]
      [Object Copy (ms): Min: 2.3, Avg: 2.3, Max: 2.3, Diff: 0.0, Sum: 9.1]
      [Termination (ms): Min: 0.0, Avg: 0.0, Max: 0.0, Diff: 0.0, Sum: 0.0]
         [Termination Attempts: Min: 1, Avg: 1.0, Max: 1, Diff: 0, Sum: 4]
      [GC Worker Other (ms): Min: 0.0, Avg: 0.0, Max: 0.0, Diff: 0.0, Sum: 0.1]
      [GC Worker Total (ms): Min: 3.2, Avg: 3.2, Max: 3.3, Diff: 0.0, Sum: 13.0]
      [GC Worker End (ms): Min: 135558.6, Avg: 135558.6, Max: 135558.6, Diff: 0.0]
   [Code Root Fixup: 0.0 ms]
   [Code Root Purge: 0.0 ms]
   [String Dedup Fixup: 0.7 ms, GC Workers: 4]
      [Queue Fixup (ms): Min: 0.0, Avg: 0.0, Max: 0.0, Diff: 0.0, Sum: 0.0]
      [Table Fixup (ms): Min: 0.6, Avg: 0.6, Max: 0.7, Diff: 0.0, Sum: 2.5]
   [Clear CT: 0.0 ms]
   [Other: 0.5 ms]
      [Choose CSet: 0.0 ms]
      [Ref Proc: 0.1 ms]
      [Ref Enq: 0.0 ms]
      [Redirty Cards: 0.0 ms]
      [Humongous Register: 0.0 ms]
      [Humongous Reclaim: 0.0 ms]
      [Free CSet: 0.1 ms]
   [Eden: 48.0M(48.0M)->0.0B(48.0M) Survivors: 7168.0K->7168.0K Heap: 1077.0M(1110.0M)->1037.5M(1110.0M)]
 [Times: user=0.02 sys=0.00, real=0.00 secs] 
2016-06-27T18:02:49.303+0300: 135.560: Total time for which application threads were stopped: 0.0130238 seconds, Stopping threads took: 0.0079415 seconds
2016-06-27T18:02:49.308+0300: 135.565: [GC concurrent-string-deduplication, 7430.9K->7085.5K(345.3K), avg 3.1%, 0.0053110 secs]
   [Last Exec: 0.0053110 secs, Idle: 0.4339563 secs, Blocked: 0/0.0000000 secs]
      [Inspected:             378]
         [Skipped:              2(  0.5%)]
         [Hashed:             376( 99.5%)]
         [Known:                0(  0.0%)]
         [New:                376( 99.5%)   7430.9K]
      [Deduplicated:           22(  5.9%)    345.3K(  4.6%)]
         [Young:                0(  0.0%)      0.0B(  0.0%)]
         [Old:                 22(100.0%)    345.3K(100.0%)]
   [Total Exec: 446/1.9037833 secs, Idle: 446/133.3906092 secs, Blocked: 9/0.0144740 secs]
      [Inspected:          144071]
         [Skipped:           1082(  0.8%)]
         [Hashed:          142011( 98.6%)]
         [Known:             4840(  3.4%)]
         [New:             138149( 95.9%)   2571.3M]
      [Deduplicated:         9122(  6.6%)     80.0M(  3.1%)]
         [Young:               11(  0.1%)     87.2K(  0.1%)]
         [Old:               9111( 99.9%)     79.9M( 99.9%)]
   [Table]
      [Memory Usage: 1458.4K]
      [Size: 32768, Min: 1024, Max: 16777216]
      [Entries: 51302, Load: 156.6%, Cached: 0, Added: 133623, Removed: 82321]
      [Resize Count: 5, Shrink Threshold: 21845(66.7%), Grow Threshold: 65536(200.0%)]
      [Rehash Count: 1, Rehash Threshold: 120, Hash Seed: 0xc4e8cebb]
      [Age Threshold: 3]
   [Queue]
      [Dropped: 0]
2016-06-27T18:02:49.710+0300: 135.968: [GC pause (G1 Evacuation Pause) (young)
Desired survivor size 3670016 bytes, new threshold 1 (max 15)
- age   1:    7209144 bytes,    7209144 total
, 0.0051579 secs]
   [Parallel Time: 3.8 ms, GC Workers: 4]
      [GC Worker Start (ms): Min: 135967.7, Avg: 135967.7, Max: 135967.7, Diff: 0.0]
      [Ext Root Scanning (ms): Min: 0.5, Avg: 0.5, Max: 0.6, Diff: 0.1, Sum: 2.1]
      [Update RS (ms): Min: 0.7, Avg: 0.7, Max: 0.8, Diff: 0.1, Sum: 2.9]
         [Processed Buffers: Min: 3, Avg: 5.8, Max: 9, Diff: 6, Sum: 23]
      [Scan RS (ms): Min: 0.0, Avg: 0.0, Max: 0.0, Diff: 0.0, Sum: 0.0]
      [Code Root Scanning (ms): Min: 0.0, Avg: 0.0, Max: 0.0, Diff: 0.0, Sum: 0.0]
      [Object Copy (ms): Min: 2.4, Avg: 2.4, Max: 2.5, Diff: 0.1, Sum: 9.8]
      [Termination (ms): Min: 0.0, Avg: 0.0, Max: 0.0, Diff: 0.0, Sum: 0.0]
         [Termination Attempts: Min: 1, Avg: 1.0, Max: 1, Diff: 0, Sum: 4]
      [GC Worker Other (ms): Min: 0.0, Avg: 0.0, Max: 0.0, Diff: 0.0, Sum: 0.1]
      [GC Worker Total (ms): Min: 3.7, Avg: 3.7, Max: 3.7, Diff: 0.0, Sum: 14.9]
      [GC Worker End (ms): Min: 135971.5, Avg: 135971.5, Max: 135971.5, Diff: 0.0]
   [Code Root Fixup: 0.0 ms]
   [Code Root Purge: 0.0 ms]
   [String Dedup Fixup: 0.9 ms, GC Workers: 4]
      [Queue Fixup (ms): Min: 0.0, Avg: 0.0, Max: 0.0, Diff: 0.0, Sum: 0.0]
      [Table Fixup (ms): Min: 0.0, Avg: 0.6, Max: 0.8, Diff: 0.8, Sum: 2.5]
   [Clear CT: 0.0 ms]
   [Other: 0.5 ms]
      [Choose CSet: 0.0 ms]
      [Ref Proc: 0.1 ms]
      [Ref Enq: 0.0 ms]
      [Redirty Cards: 0.0 ms]
      [Humongous Register: 0.0 ms]
      [Humongous Reclaim: 0.0 ms]
      [Free CSet: 0.1 ms]
   [Eden: 48.0M(48.0M)->0.0B(48.0M) Survivors: 7168.0K->7168.0K Heap: 1085.5M(1110.0M)->1046.0M(1110.0M)]
 [Times: user=0.00 sys=0.00, real=0.00 secs] 
2016-06-27T18:02:49.716+0300: 135.973: Total time for which application threads were stopped: 0.0061108 seconds, Stopping threads took: 0.0003019 seconds
2016-06-27T18:02:49.721+0300: 135.979: [GC concurrent-string-deduplication, 7827.1K->7525.9K(301.3K), avg 3.1%, 0.0055223 secs]
   [Last Exec: 0.0055223 secs, Idle: 0.4077218 secs, Blocked: 0/0.0000000 secs]
      [Inspected:             392]
         [Skipped:              0(  0.0%)]
         [Hashed:             392(100.0%)]
         [Known:                0(  0.0%)]
         [New:                392(100.0%)   7827.1K]
      [Deduplicated:           16(  4.1%)    301.3K(  3.8%)]
         [Young:                0(  0.0%)      0.0B(  0.0%)]
         [Old:                 16(100.0%)    301.3K(100.0%)]
   [Total Exec: 447/1.9093056 secs, Idle: 447/133.7983310 secs, Blocked: 9/0.0144740 secs]
      [Inspected:          144463]
         [Skipped:           1082(  0.7%)]
         [Hashed:          142403( 98.6%)]
         [Known:             4840(  3.4%)]
         [New:             138541( 95.9%)   2579.0M]
      [Deduplicated:         9138(  6.6%)     80.3M(  3.1%)]
         [Young:               11(  0.1%)     87.2K(  0.1%)]
         [Old:               9127( 99.9%)     80.2M( 99.9%)]
   [Table]
      [Memory Usage: 1467.2K]
      [Size: 32768, Min: 1024, Max: 16777216]
      [Entries: 51678, Load: 157.7%, Cached: 0, Added: 133999, Removed: 82321]
      [Resize Count: 5, Shrink Threshold: 21845(66.7%), Grow Threshold: 65536(200.0%)]
      [Rehash Count: 1, Rehash Threshold: 120, Hash Seed: 0xc4e8cebb]
      [Age Threshold: 3]
   [Queue]
      [Dropped: 0]
2016-06-27T18:02:50.139+0300: 136.396: [GC pause (G1 Evacuation Pause) (young)
Desired survivor size 3670016 bytes, new threshold 1 (max 15)
- age   1:    7217080 bytes,    7217080 total
, 0.0050378 secs]
   [Parallel Time: 3.9 ms, GC Workers: 4]
      [GC Worker Start (ms): Min: 136396.6, Avg: 136396.6, Max: 136396.6, Diff: 0.0]
      [Ext Root Scanning (ms): Min: 0.5, Avg: 0.5, Max: 0.6, Diff: 0.1, Sum: 2.0]
      [Update RS (ms): Min: 0.7, Avg: 0.8, Max: 0.8, Diff: 0.1, Sum: 3.1]
         [Processed Buffers: Min: 3, Avg: 5.3, Max: 9, Diff: 6, Sum: 21]
      [Scan RS (ms): Min: 0.0, Avg: 0.0, Max: 0.0, Diff: 0.0, Sum: 0.0]
      [Code Root Scanning (ms): Min: 0.0, Avg: 0.0, Max: 0.0, Diff: 0.0, Sum: 0.0]
      [Object Copy (ms): Min: 2.5, Avg: 2.5, Max: 2.6, Diff: 0.1, Sum: 10.1]
      [Termination (ms): Min: 0.0, Avg: 0.0, Max: 0.0, Diff: 0.0, Sum: 0.0]
         [Termination Attempts: Min: 1, Avg: 1.0, Max: 1, Diff: 0, Sum: 4]
      [GC Worker Other (ms): Min: 0.0, Avg: 0.0, Max: 0.0, Diff: 0.0, Sum: 0.1]
      [GC Worker Total (ms): Min: 3.8, Avg: 3.8, Max: 3.8, Diff: 0.0, Sum: 15.3]
      [GC Worker End (ms): Min: 136400.4, Avg: 136400.4, Max: 136400.4, Diff: 0.0]
   [Code Root Fixup: 0.0 ms]
   [Code Root Purge: 0.0 ms]
   [String Dedup Fixup: 0.7 ms, GC Workers: 4]
      [Queue Fixup (ms): Min: 0.0, Avg: 0.0, Max: 0.0, Diff: 0.0, Sum: 0.0]
      [Table Fixup (ms): Min: 0.6, Avg: 0.6, Max: 0.6, Diff: 0.0, Sum: 2.5]
   [Clear CT: 0.0 ms]
   [Other: 0.5 ms]
      [Choose CSet: 0.0 ms]
      [Ref Proc: 0.0 ms]
      [Ref Enq: 0.0 ms]
      [Redirty Cards: 0.0 ms]
      [Humongous Register: 0.0 ms]
      [Humongous Reclaim: 0.0 ms]
      [Free CSet: 0.1 ms]
   [Eden: 48.0M(48.0M)->0.0B(48.0M) Survivors: 7168.0K->7168.0K Heap: 1094.0M(1110.0M)->1055.0M(1110.0M)]
 [Times: user=0.00 sys=0.00, real=0.01 secs] 
2016-06-27T18:02:50.144+0300: 136.402: Total time for which application threads were stopped: 0.0060385 seconds, Stopping threads took: 0.0003836 seconds
2016-06-27T18:02:50.150+0300: 136.407: [GC concurrent-string-deduplication, 7592.0K->7325.7K(266.3K), avg 3.1%, 0.0053936 secs]
   [Last Exec: 0.0053936 secs, Idle: 0.4230780 secs, Blocked: 0/0.0000000 secs]
      [Inspected:             459]
         [Skipped:              0(  0.0%)]
         [Hashed:             459(100.0%)]
         [Known:                0(  0.0%)]
         [New:                459(100.0%)   7592.0K]
      [Deduplicated:           93( 20.3%)    266.3K(  3.5%)]
         [Young:                0(  0.0%)      0.0B(  0.0%)]
         [Old:                 93(100.0%)    266.3K(100.0%)]
   [Total Exec: 448/1.9146992 secs, Idle: 448/134.2214091 secs, Blocked: 9/0.0144740 secs]
      [Inspected:          144922]
         [Skipped:           1082(  0.7%)]
         [Hashed:          142862( 98.6%)]
         [Known:             4840(  3.3%)]
         [New:             139000( 95.9%)   2586.4M]
      [Deduplicated:         9231(  6.6%)     80.6M(  3.1%)]
         [Young:               11(  0.1%)     87.2K(  0.1%)]
         [Old:               9220( 99.9%)     80.5M( 99.9%)]
   [Table]
      [Memory Usage: 1475.8K]
      [Size: 32768, Min: 1024, Max: 16777216]
      [Entries: 52044, Load: 158.8%, Cached: 0, Added: 134365, Removed: 82321]
      [Resize Count: 5, Shrink Threshold: 21845(66.7%), Grow Threshold: 65536(200.0%)]
      [Rehash Count: 1, Rehash Threshold: 120, Hash Seed: 0xc4e8cebb]
      [Age Threshold: 3]
   [Queue]
      [Dropped: 0]
2016-06-27T18:02:50.591+0300: 136.848: [GC pause (G1 Evacuation Pause) (young)
Desired survivor size 3670016 bytes, new threshold 1 (max 15)
- age   1:    7111472 bytes,    7111472 total
, 0.0056339 secs]
   [Parallel Time: 4.5 ms, GC Workers: 4]
      [GC Worker Start (ms): Min: 136848.0, Avg: 136848.0, Max: 136848.0, Diff: 0.0]
      [Ext Root Scanning (ms): Min: 0.5, Avg: 0.6, Max: 0.6, Diff: 0.1, Sum: 2.3]
      [Update RS (ms): Min: 0.9, Avg: 1.1, Max: 1.2, Diff: 0.3, Sum: 4.4]
         [Processed Buffers: Min: 2, Avg: 5.5, Max: 13, Diff: 11, Sum: 22]
      [Scan RS (ms): Min: 0.0, Avg: 0.0, Max: 0.0, Diff: 0.0, Sum: 0.0]
      [Code Root Scanning (ms): Min: 0.0, Avg: 0.0, Max: 0.0, Diff: 0.0, Sum: 0.0]
      [Object Copy (ms): Min: 2.6, Avg: 2.7, Max: 2.9, Diff: 0.3, Sum: 10.9]
      [Termination (ms): Min: 0.0, Avg: 0.0, Max: 0.0, Diff: 0.0, Sum: 0.0]
         [Termination Attempts: Min: 1, Avg: 1.0, Max: 1, Diff: 0, Sum: 4]
      [GC Worker Other (ms): Min: 0.0, Avg: 0.0, Max: 0.0, Diff: 0.0, Sum: 0.0]
      [GC Worker Total (ms): Min: 4.4, Avg: 4.4, Max: 4.4, Diff: 0.0, Sum: 17.7]
      [GC Worker End (ms): Min: 136852.5, Avg: 136852.5, Max: 136852.5, Diff: 0.0]
   [Code Root Fixup: 0.0 ms]
   [Code Root Purge: 0.0 ms]
   [String Dedup Fixup: 0.7 ms, GC Workers: 4]
      [Queue Fixup (ms): Min: 0.0, Avg: 0.0, Max: 0.0, Diff: 0.0, Sum: 0.0]
      [Table Fixup (ms): Min: 0.6, Avg: 0.6, Max: 0.7, Diff: 0.0, Sum: 2.6]
   [Clear CT: 0.0 ms]
   [Other: 0.4 ms]
      [Choose CSet: 0.0 ms]
      [Ref Proc: 0.1 ms]
      [Ref Enq: 0.0 ms]
      [Redirty Cards: 0.0 ms]
      [Humongous Register: 0.0 ms]
      [Humongous Reclaim: 0.0 ms]
      [Free CSet: 0.0 ms]
   [Eden: 48.0M(48.0M)->0.0B(48.0M) Survivors: 7168.0K->7168.0K Heap: 1103.0M(1110.0M)->1064.0M(1119.0M)]
 [Times: user=0.00 sys=0.00, real=0.01 secs] 
2016-06-27T18:02:50.597+0300: 136.854: Total time for which application threads were stopped: 0.0222030 seconds, Stopping threads took: 0.0159365 seconds
2016-06-27T18:02:50.602+0300: 136.859: [GC concurrent-string-deduplication, 7629.0K->7305.7K(323.3K), avg 3.1%, 0.0053632 secs]
   [Last Exec: 0.0053632 secs, Idle: 0.4466213 secs, Blocked: 0/0.0000000 secs]
      [Inspected:             386]
         [Skipped:              2(  0.5%)]
         [Hashed:             384( 99.5%)]
         [Known:                0(  0.0%)]
         [New:                384( 99.5%)   7629.0K]
      [Deduplicated:           19(  4.9%)    323.3K(  4.2%)]
         [Young:                0(  0.0%)      0.0B(  0.0%)]
         [Old:                 19(100.0%)    323.3K(100.0%)]
   [Total Exec: 449/1.9200624 secs, Idle: 449/134.6680303 secs, Blocked: 9/0.0144740 secs]
      [Inspected:          145308]
         [Skipped:           1084(  0.7%)]
         [Hashed:          143246( 98.6%)]
         [Known:             4840(  3.3%)]
         [New:             139384( 95.9%)   2593.8M]
      [Deduplicated:         9250(  6.6%)     80.9M(  3.1%)]
         [Young:               11(  0.1%)     87.2K(  0.1%)]
         [Old:               9239( 99.9%)     80.8M( 99.9%)]
   [Table]
      [Memory Usage: 1484.3K]
      [Size: 32768, Min: 1024, Max: 16777216]
      [Entries: 52409, Load: 159.9%, Cached: 0, Added: 134730, Removed: 82321]
      [Resize Count: 5, Shrink Threshold: 21845(66.7%), Grow Threshold: 65536(200.0%)]
      [Rehash Count: 1, Rehash Threshold: 120, Hash Seed: 0xc4e8cebb]
      [Age Threshold: 3]
   [Queue]
      [Dropped: 0]
2016-06-27T18:02:51.021+0300: 137.279: [GC pause (G1 Evacuation Pause) (young)
Desired survivor size 3670016 bytes, new threshold 1 (max 15)
- age   1:    7024240 bytes,    7024240 total
, 0.0050673 secs]
   [Parallel Time: 3.8 ms, GC Workers: 4]
      [GC Worker Start (ms): Min: 137279.0, Avg: 137279.0, Max: 137279.1, Diff: 0.0]
      [Ext Root Scanning (ms): Min: 0.5, Avg: 0.5, Max: 0.6, Diff: 0.1, Sum: 2.0]
      [Update RS (ms): Min: 0.4, Avg: 0.5, Max: 0.6, Diff: 0.2, Sum: 1.9]
         [Processed Buffers: Min: 1, Avg: 5.8, Max: 9, Diff: 8, Sum: 23]
      [Scan RS (ms): Min: 0.0, Avg: 0.0, Max: 0.0, Diff: 0.0, Sum: 0.0]
      [Code Root Scanning (ms): Min: 0.0, Avg: 0.0, Max: 0.0, Diff: 0.0, Sum: 0.0]
      [Object Copy (ms): Min: 2.7, Avg: 2.8, Max: 2.8, Diff: 0.1, Sum: 11.0]
      [Termination (ms): Min: 0.0, Avg: 0.0, Max: 0.0, Diff: 0.0, Sum: 0.0]
         [Termination Attempts: Min: 1, Avg: 1.0, Max: 1, Diff: 0, Sum: 4]
      [GC Worker Other (ms): Min: 0.0, Avg: 0.0, Max: 0.0, Diff: 0.0, Sum: 0.0]
      [GC Worker Total (ms): Min: 3.7, Avg: 3.8, Max: 3.8, Diff: 0.0, Sum: 15.0]
      [GC Worker End (ms): Min: 137282.8, Avg: 137282.8, Max: 137282.8, Diff: 0.0]
   [Code Root Fixup: 0.0 ms]
   [Code Root Purge: 0.0 ms]
   [String Dedup Fixup: 0.8 ms, GC Workers: 4]
      [Queue Fixup (ms): Min: 0.0, Avg: 0.0, Max: 0.0, Diff: 0.0, Sum: 0.0]
      [Table Fixup (ms): Min: 0.7, Avg: 0.7, Max: 0.7, Diff: 0.1, Sum: 2.7]
   [Clear CT: 0.0 ms]
   [Other: 0.5 ms]
      [Choose CSet: 0.0 ms]
      [Ref Proc: 0.0 ms]
      [Ref Enq: 0.0 ms]
      [Redirty Cards: 0.0 ms]
      [Humongous Register: 0.0 ms]
      [Humongous Reclaim: 0.0 ms]
      [Free CSet: 0.1 ms]
   [Eden: 48.0M(48.0M)->0.0B(49.0M) Survivors: 7168.0K->7168.0K Heap: 1112.0M(1119.0M)->1073.0M(1128.0M)]
 [Times: user=0.00 sys=0.00, real=0.01 secs] 
2016-06-27T18:02:51.027+0300: 137.284: Total time for which application threads were stopped: 0.0141216 seconds, Stopping threads took: 0.0084209 seconds
2016-06-27T18:02:51.032+0300: 137.290: [GC concurrent-string-deduplication, 7767.4K->7345.7K(421.7K), avg 3.1%, 0.0055792 secs]
   [Last Exec: 0.0055792 secs, Idle: 0.4249747 secs, Blocked: 0/0.0000000 secs]
      [Inspected:             395]
         [Skipped:              0(  0.0%)]
         [Hashed:             395(100.0%)]
         [Known:                0(  0.0%)]
         [New:                395(100.0%)   7767.4K]
      [Deduplicated:           28(  7.1%)    421.7K(  5.4%)]
         [Young:                0(  0.0%)      0.0B(  0.0%)]
         [Old:                 28(100.0%)    421.7K(100.0%)]
   [Total Exec: 450/1.9256416 secs, Idle: 450/135.0930050 secs, Blocked: 9/0.0144740 secs]
      [Inspected:          145703]
         [Skipped:           1084(  0.7%)]
         [Hashed:          143641( 98.6%)]
         [Known:             4840(  3.3%)]
         [New:             139779( 95.9%)   2601.4M]
      [Deduplicated:         9278(  6.6%)     81.3M(  3.1%)]
         [Young:               11(  0.1%)     87.2K(  0.1%)]
         [Old:               9267( 99.9%)     81.2M( 99.9%)]
   [Table]
      [Memory Usage: 1492.9K]
      [Size: 32768, Min: 1024, Max: 16777216]
      [Entries: 52776, Load: 161.1%, Cached: 0, Added: 135097, Removed: 82321]
      [Resize Count: 5, Shrink Threshold: 21845(66.7%), Grow Threshold: 65536(200.0%)]
      [Rehash Count: 1, Rehash Threshold: 120, Hash Seed: 0xc4e8cebb]
      [Age Threshold: 3]
   [Queue]
      [Dropped: 0]
2016-06-27T18:02:51.466+0300: 137.723: [GC pause (G1 Evacuation Pause) (young)
Desired survivor size 3670016 bytes, new threshold 1 (max 15)
- age   1:    6911496 bytes,    6911496 total
, 0.0050275 secs]
   [Parallel Time: 3.9 ms, GC Workers: 4]
      [GC Worker Start (ms): Min: 137723.3, Avg: 137723.3, Max: 137723.3, Diff: 0.0]
      [Ext Root Scanning (ms): Min: 0.5, Avg: 0.5, Max: 0.6, Diff: 0.1, Sum: 2.1]
      [Update RS (ms): Min: 0.4, Avg: 0.5, Max: 0.7, Diff: 0.3, Sum: 2.1]
         [Processed Buffers: Min: 2, Avg: 5.5, Max: 10, Diff: 8, Sum: 22]
      [Scan RS (ms): Min: 0.0, Avg: 0.0, Max: 0.0, Diff: 0.0, Sum: 0.0]
      [Code Root Scanning (ms): Min: 0.0, Avg: 0.0, Max: 0.0, Diff: 0.0, Sum: 0.0]
      [Object Copy (ms): Min: 2.6, Avg: 2.8, Max: 2.9, Diff: 0.2, Sum: 11.2]
      [Termination (ms): Min: 0.0, Avg: 0.0, Max: 0.0, Diff: 0.0, Sum: 0.0]
         [Termination Attempts: Min: 1, Avg: 1.0, Max: 1, Diff: 0, Sum: 4]
      [GC Worker Other (ms): Min: 0.0, Avg: 0.0, Max: 0.0, Diff: 0.0, Sum: 0.0]
      [GC Worker Total (ms): Min: 3.9, Avg: 3.9, Max: 3.9, Diff: 0.0, Sum: 15.4]
      [GC Worker End (ms): Min: 137727.2, Avg: 137727.2, Max: 137727.2, Diff: 0.0]
   [Code Root Fixup: 0.0 ms]
   [Code Root Purge: 0.0 ms]
   [String Dedup Fixup: 0.7 ms, GC Workers: 4]
      [Queue Fixup (ms): Min: 0.0, Avg: 0.0, Max: 0.0, Diff: 0.0, Sum: 0.0]
      [Table Fixup (ms): Min: 0.6, Avg: 0.6, Max: 0.6, Diff: 0.0, Sum: 2.5]
   [Clear CT: 0.0 ms]
   [Other: 0.5 ms]
      [Choose CSet: 0.0 ms]
      [Ref Proc: 0.1 ms]
      [Ref Enq: 0.0 ms]
      [Redirty Cards: 0.0 ms]
      [Humongous Register: 0.0 ms]
      [Humongous Reclaim: 0.0 ms]
      [Free CSet: 0.0 ms]
   [Eden: 49.0M(49.0M)->0.0B(49.0M) Survivors: 7168.0K->7168.0K Heap: 1122.0M(1128.0M)->1081.5M(1138.0M)]
 [Times: user=0.00 sys=0.00, real=0.00 secs] 
2016-06-27T18:02:51.471+0300: 137.728: Total time for which application threads were stopped: 0.0059820 seconds, Stopping threads took: 0.0002784 seconds
2016-06-27T18:02:51.477+0300: 137.734: [GC concurrent-string-deduplication, 7687.0K->7285.7K(401.3K), avg 3.1%, 0.0055475 secs]
   [Last Exec: 0.0055475 secs, Idle: 0.4385548 secs, Blocked: 0/0.0000000 secs]
      [Inspected:             385]
         [Skipped:              0(  0.0%)]
         [Hashed:             385(100.0%)]
         [Known:                0(  0.0%)]
         [New:                385(100.0%)   7687.0K]
      [Deduplicated:           21(  5.5%)    401.3K(  5.2%)]
         [Young:                0(  0.0%)      0.0B(  0.0%)]
         [Old:                 21(100.0%)    401.3K(100.0%)]
   [Total Exec: 451/1.9311891 secs, Idle: 451/135.5315598 secs, Blocked: 9/0.0144740 secs]
      [Inspected:          146088]
         [Skipped:           1084(  0.7%)]
         [Hashed:          144026( 98.6%)]
         [Known:             4840(  3.3%)]
         [New:             140164( 95.9%)   2608.9M]
      [Deduplicated:         9299(  6.6%)     81.7M(  3.1%)]
         [Young:               11(  0.1%)     87.2K(  0.1%)]
         [Old:               9288( 99.9%)     81.6M( 99.9%)]
   [Table]
      [Memory Usage: 1501.5K]
      [Size: 32768, Min: 1024, Max: 16777216]
      [Entries: 53140, Load: 162.2%, Cached: 0, Added: 135461, Removed: 82321]
      [Resize Count: 5, Shrink Threshold: 21845(66.7%), Grow Threshold: 65536(200.0%)]
      [Rehash Count: 1, Rehash Threshold: 120, Hash Seed: 0xc4e8cebb]
      [Age Threshold: 3]
   [Queue]
      [Dropped: 0]
2016-06-27T18:02:51.901+0300: 138.159: [GC pause (G1 Evacuation Pause) (young)
Desired survivor size 3670016 bytes, new threshold 1 (max 15)
- age   1:    7024360 bytes,    7024360 total
, 0.0052576 secs]
   [Parallel Time: 4.1 ms, GC Workers: 4]
      [GC Worker Start (ms): Min: 138159.1, Avg: 138159.1, Max: 138159.2, Diff: 0.0]
      [Ext Root Scanning (ms): Min: 0.5, Avg: 0.5, Max: 0.6, Diff: 0.1, Sum: 2.0]
      [Update RS (ms): Min: 0.6, Avg: 0.7, Max: 0.8, Diff: 0.1, Sum: 2.8]
         [Processed Buffers: Min: 3, Avg: 6.5, Max: 12, Diff: 9, Sum: 26]
      [Scan RS (ms): Min: 0.0, Avg: 0.0, Max: 0.0, Diff: 0.0, Sum: 0.0]
      [Code Root Scanning (ms): Min: 0.0, Avg: 0.0, Max: 0.0, Diff: 0.0, Sum: 0.0]
      [Object Copy (ms): Min: 2.8, Avg: 2.8, Max: 2.8, Diff: 0.1, Sum: 11.2]
      [Termination (ms): Min: 0.0, Avg: 0.0, Max: 0.0, Diff: 0.0, Sum: 0.1]
         [Termination Attempts: Min: 1, Avg: 1.0, Max: 1, Diff: 0, Sum: 4]
      [GC Worker Other (ms): Min: 0.0, Avg: 0.0, Max: 0.0, Diff: 0.0, Sum: 0.0]
      [GC Worker Total (ms): Min: 4.1, Avg: 4.1, Max: 4.1, Diff: 0.0, Sum: 16.3]
      [GC Worker End (ms): Min: 138163.2, Avg: 138163.2, Max: 138163.2, Diff: 0.0]
   [Code Root Fixup: 0.0 ms]
   [Code Root Purge: 0.0 ms]
   [String Dedup Fixup: 0.7 ms, GC Workers: 4]
      [Queue Fixup (ms): Min: 0.0, Avg: 0.0, Max: 0.0, Diff: 0.0, Sum: 0.0]
      [Table Fixup (ms): Min: 0.6, Avg: 0.6, Max: 0.6, Diff: 0.0, Sum: 2.6]
   [Clear CT: 0.0 ms]
   [Other: 0.5 ms]
      [Choose CSet: 0.0 ms]
      [Ref Proc: 0.0 ms]
      [Ref Enq: 0.0 ms]
      [Redirty Cards: 0.0 ms]
      [Humongous Register: 0.0 ms]
      [Humongous Reclaim: 0.0 ms]
      [Free CSet: 0.1 ms]
   [Eden: 49.0M(49.0M)->0.0B(50.0M) Survivors: 7168.0K->7168.0K Heap: 1130.5M(1138.0M)->1090.5M(1147.0M)]
 [Times: user=0.00 sys=0.00, real=0.01 secs] 
2016-06-27T18:02:51.907+0300: 138.165: Total time for which application threads were stopped: 0.0117913 seconds, Stopping threads took: 0.0059136 seconds
2016-06-27T18:02:51.913+0300: 138.170: [GC concurrent-string-deduplication, 7686.0K->7445.8K(240.2K), avg 3.1%, 0.0055082 secs]
   [Last Exec: 0.0055082 secs, Idle: 0.4304508 secs, Blocked: 0/0.0000000 secs]
      [Inspected:             385]
         [Skipped:              1(  0.3%)]
         [Hashed:             384( 99.7%)]
         [Known:                0(  0.0%)]
         [New:                384( 99.7%)   7686.0K]
      [Deduplicated:           12(  3.1%)    240.2K(  3.1%)]
         [Young:                0(  0.0%)      0.0B(  0.0%)]
         [Old:                 12(100.0%)    240.2K(100.0%)]
   [Total Exec: 452/1.9366973 secs, Idle: 452/135.9620106 secs, Blocked: 9/0.0144740 secs]
      [Inspected:          146473]
         [Skipped:           1085(  0.7%)]
         [Hashed:          144410( 98.6%)]
         [Known:             4840(  3.3%)]
         [New:             140548( 96.0%)   2616.4M]
      [Deduplicated:         9311(  6.6%)     81.9M(  3.1%)]
         [Young:               11(  0.1%)     87.2K(  0.1%)]
         [Old:               9300( 99.9%)     81.9M( 99.9%)]
   [Table]
      [Memory Usage: 1510.2K]
      [Size: 32768, Min: 1024, Max: 16777216]
      [Entries: 53512, Load: 163.3%, Cached: 0, Added: 135833, Removed: 82321]
      [Resize Count: 5, Shrink Threshold: 21845(66.7%), Grow Threshold: 65536(200.0%)]
      [Rehash Count: 1, Rehash Threshold: 120, Hash Seed: 0xc4e8cebb]
      [Age Threshold: 3]
   [Queue]
      [Dropped: 0]
2016-06-27T18:02:52.353+0300: 138.611: [GC pause (G1 Evacuation Pause) (young)
Desired survivor size 4194304 bytes, new threshold 1 (max 15)
- age   1:    7201744 bytes,    7201744 total
, 0.0053448 secs]
   [Parallel Time: 4.2 ms, GC Workers: 4]
      [GC Worker Start (ms): Min: 138611.0, Avg: 138611.0, Max: 138611.0, Diff: 0.0]
      [Ext Root Scanning (ms): Min: 0.5, Avg: 0.5, Max: 0.6, Diff: 0.0, Sum: 2.2]
      [Update RS (ms): Min: 0.5, Avg: 0.6, Max: 0.7, Diff: 0.2, Sum: 2.4]
         [Processed Buffers: Min: 2, Avg: 6.8, Max: 12, Diff: 10, Sum: 27]
      [Scan RS (ms): Min: 0.0, Avg: 0.0, Max: 0.0, Diff: 0.0, Sum: 0.0]
      [Code Root Scanning (ms): Min: 0.0, Avg: 0.0, Max: 0.0, Diff: 0.0, Sum: 0.0]
      [Object Copy (ms): Min: 2.9, Avg: 3.0, Max: 3.0, Diff: 0.1, Sum: 11.9]
      [Termination (ms): Min: 0.0, Avg: 0.0, Max: 0.0, Diff: 0.0, Sum: 0.0]
         [Termination Attempts: Min: 1, Avg: 1.0, Max: 1, Diff: 0, Sum: 4]
      [GC Worker Other (ms): Min: 0.0, Avg: 0.0, Max: 0.0, Diff: 0.0, Sum: 0.1]
      [GC Worker Total (ms): Min: 4.1, Avg: 4.1, Max: 4.2, Diff: 0.0, Sum: 16.6]
      [GC Worker End (ms): Min: 138615.1, Avg: 138615.1, Max: 138615.1, Diff: 0.0]
   [Code Root Fixup: 0.0 ms]
   [Code Root Purge: 0.0 ms]
   [String Dedup Fixup: 0.7 ms, GC Workers: 4]
      [Queue Fixup (ms): Min: 0.0, Avg: 0.0, Max: 0.0, Diff: 0.0, Sum: 0.0]
      [Table Fixup (ms): Min: 0.6, Avg: 0.6, Max: 0.7, Diff: 0.0, Sum: 2.6]
   [Clear CT: 0.0 ms]
   [Other: 0.5 ms]
      [Choose CSet: 0.0 ms]
      [Ref Proc: 0.0 ms]
      [Ref Enq: 0.0 ms]
      [Redirty Cards: 0.0 ms]
      [Humongous Register: 0.0 ms]
      [Humongous Reclaim: 0.0 ms]
      [Free CSet: 0.1 ms]
   [Eden: 50.0M(50.0M)->0.0B(49.0M) Survivors: 7168.0K->8192.0K Heap: 1140.5M(1147.0M)->1100.0M(1157.0M)]
 [Times: user=0.00 sys=0.00, real=0.01 secs] 
2016-06-27T18:02:52.359+0300: 138.616: Total time for which application threads were stopped: 0.0075960 seconds, Stopping threads took: 0.0015853 seconds
2016-06-27T18:02:52.364+0300: 138.622: [GC concurrent-string-deduplication, 7349.8K->7025.5K(324.3K), avg 3.1%, 0.0052499 secs]
   [Last Exec: 0.0052499 secs, Idle: 0.4463001 secs, Blocked: 0/0.0000000 secs]
      [Inspected:             371]
         [Skipped:              0(  0.0%)]
         [Hashed:             371(100.0%)]
         [Known:                0(  0.0%)]
         [New:                371(100.0%)   7349.8K]
      [Deduplicated:           20(  5.4%)    324.3K(  4.4%)]
         [Young:                0(  0.0%)      0.0B(  0.0%)]
         [Old:                 20(100.0%)    324.3K(100.0%)]
   [Total Exec: 453/1.9419472 secs, Idle: 453/136.4083107 secs, Blocked: 9/0.0144740 secs]
      [Inspected:          146844]
         [Skipped:           1085(  0.7%)]
         [Hashed:          144781( 98.6%)]
         [Known:             4840(  3.3%)]
         [New:             140919( 96.0%)   2623.6M]
      [Deduplicated:         9331(  6.6%)     82.3M(  3.1%)]
         [Young:               11(  0.1%)     87.2K(  0.1%)]
         [Old:               9320( 99.9%)     82.2M( 99.9%)]
   [Table]
      [Memory Usage: 1518.4K]
      [Size: 32768, Min: 1024, Max: 16777216]
      [Entries: 53863, Load: 164.4%, Cached: 0, Added: 136184, Removed: 82321]
      [Resize Count: 5, Shrink Threshold: 21845(66.7%), Grow Threshold: 65536(200.0%)]
      [Rehash Count: 1, Rehash Threshold: 120, Hash Seed: 0xc4e8cebb]
      [Age Threshold: 3]
   [Queue]
      [Dropped: 0]
2016-06-27T18:02:52.794+0300: 139.051: [GC concurrent-mark-end, 10.6608132 secs]
2016-06-27T18:02:52.805+0300: 139.062: [GC pause (G1 Evacuation Pause) (young)
Desired survivor size 4194304 bytes, new threshold 1 (max 15)
- age   1:    7807880 bytes,    7807880 total
, 0.0058524 secs]
   [Parallel Time: 4.5 ms, GC Workers: 4]
      [GC Worker Start (ms): Min: 139062.3, Avg: 139062.3, Max: 139062.3, Diff: 0.0]
      [Ext Root Scanning (ms): Min: 0.5, Avg: 0.5, Max: 0.6, Diff: 0.1, Sum: 2.0]
      [Update RS (ms): Min: 0.8, Avg: 0.8, Max: 0.9, Diff: 0.1, Sum: 3.2]
         [Processed Buffers: Min: 3, Avg: 6.8, Max: 14, Diff: 11, Sum: 27]
      [Scan RS (ms): Min: 0.0, Avg: 0.0, Max: 0.0, Diff: 0.0, Sum: 0.0]
      [Code Root Scanning (ms): Min: 0.0, Avg: 0.0, Max: 0.0, Diff: 0.0, Sum: 0.0]
      [Object Copy (ms): Min: 3.0, Avg: 3.0, Max: 3.0, Diff: 0.0, Sum: 12.1]
      [Termination (ms): Min: 0.0, Avg: 0.0, Max: 0.1, Diff: 0.1, Sum: 0.2]
         [Termination Attempts: Min: 1, Avg: 1.0, Max: 1, Diff: 0, Sum: 4]
      [GC Worker Other (ms): Min: 0.0, Avg: 0.0, Max: 0.0, Diff: 0.0, Sum: 0.0]
      [GC Worker Total (ms): Min: 4.4, Avg: 4.4, Max: 4.4, Diff: 0.0, Sum: 17.6]
      [GC Worker End (ms): Min: 139066.7, Avg: 139066.7, Max: 139066.7, Diff: 0.0]
   [Code Root Fixup: 0.0 ms]
   [Code Root Purge: 0.0 ms]
   [String Dedup Fixup: 0.9 ms, GC Workers: 4]
      [Queue Fixup (ms): Min: 0.0, Avg: 0.0, Max: 0.0, Diff: 0.0, Sum: 0.0]
      [Table Fixup (ms): Min: 0.6, Avg: 0.8, Max: 0.8, Diff: 0.3, Sum: 3.0]
   [Clear CT: 0.0 ms]
   [Other: 0.5 ms]
      [Choose CSet: 0.0 ms]
      [Ref Proc: 0.1 ms]
      [Ref Enq: 0.0 ms]
      [Redirty Cards: 0.0 ms]
      [Humongous Register: 0.0 ms]
      [Humongous Reclaim: 0.0 ms]
      [Free CSet: 0.1 ms]
   [Eden: 49.0M(49.0M)->0.0B(50.0M) Survivors: 8192.0K->8192.0K Heap: 1149.0M(1157.0M)->1109.5M(1167.0M)]
 [Times: user=0.00 sys=0.00, real=0.01 secs] 
2016-06-27T18:02:52.811+0300: 139.068: Total time for which application threads were stopped: 0.0176164 seconds, Stopping threads took: 0.0110985 seconds
2016-06-27T18:02:52.817+0300: 139.074: [GC concurrent-string-deduplication, 7907.2K->7545.9K(361.3K), avg 3.1%, 0.0056540 secs]
   [Last Exec: 0.0056540 secs, Idle: 0.4465229 secs, Blocked: 0/0.0000000 secs]
      [Inspected:             397]
         [Skipped:              1(  0.3%)]
         [Hashed:             396( 99.7%)]
         [Known:                0(  0.0%)]
         [New:                396( 99.7%)   7907.2K]
      [Deduplicated:           19(  4.8%)    361.3K(  4.6%)]
         [Young:                0(  0.0%)      0.0B(  0.0%)]
         [Old:                 19(100.0%)    361.3K(100.0%)]
   [Total Exec: 454/1.9476012 secs, Idle: 454/136.8548336 secs, Blocked: 9/0.0144740 secs]
      [Inspected:          147241]
         [Skipped:           1086(  0.7%)]
         [Hashed:          145177( 98.6%)]
         [Known:             4840(  3.3%)]
         [New:             141315( 96.0%)   2631.3M]
      [Deduplicated:         9350(  6.6%)     82.6M(  3.1%)]
         [Young:               11(  0.1%)     87.2K(  0.1%)]
         [Old:               9339( 99.9%)     82.5M( 99.9%)]
   [Table]
      [Memory Usage: 1527.3K]
      [Size: 32768, Min: 1024, Max: 16777216]
      [Entries: 54240, Load: 165.5%, Cached: 0, Added: 136561, Removed: 82321]
      [Resize Count: 5, Shrink Threshold: 21845(66.7%), Grow Threshold: 65536(200.0%)]
      [Rehash Count: 1, Rehash Threshold: 120, Hash Seed: 0xc4e8cebb]
      [Age Threshold: 3]
   [Queue]
      [Dropped: 0]
2016-06-27T18:02:53.269+0300: 139.526: [GC pause (G1 Evacuation Pause) (young)
Desired survivor size 4194304 bytes, new threshold 1 (max 15)
- age   1:    7752368 bytes,    7752368 total
, 0.0054735 secs]
   [Parallel Time: 4.3 ms, GC Workers: 4]
      [GC Worker Start (ms): Min: 139526.2, Avg: 139526.2, Max: 139526.2, Diff: 0.0]
      [Ext Root Scanning (ms): Min: 0.5, Avg: 0.5, Max: 0.6, Diff: 0.1, Sum: 2.1]
      [Update RS (ms): Min: 0.6, Avg: 0.7, Max: 0.7, Diff: 0.1, Sum: 2.7]
         [Processed Buffers: Min: 2, Avg: 6.3, Max: 10, Diff: 8, Sum: 25]
      [Scan RS (ms): Min: 0.0, Avg: 0.0, Max: 0.0, Diff: 0.0, Sum: 0.0]
      [Code Root Scanning (ms): Min: 0.0, Avg: 0.0, Max: 0.0, Diff: 0.0, Sum: 0.0]
      [Object Copy (ms): Min: 3.0, Avg: 3.0, Max: 3.0, Diff: 0.0, Sum: 12.1]
      [Termination (ms): Min: 0.0, Avg: 0.0, Max: 0.0, Diff: 0.0, Sum: 0.0]
         [Termination Attempts: Min: 1, Avg: 1.0, Max: 1, Diff: 0, Sum: 4]
      [GC Worker Other (ms): Min: 0.0, Avg: 0.0, Max: 0.0, Diff: 0.0, Sum: 0.1]
      [GC Worker Total (ms): Min: 4.2, Avg: 4.2, Max: 4.3, Diff: 0.0, Sum: 17.0]
      [GC Worker End (ms): Min: 139530.4, Avg: 139530.4, Max: 139530.4, Diff: 0.0]
   [Code Root Fixup: 0.0 ms]
   [Code Root Purge: 0.0 ms]
   [String Dedup Fixup: 0.7 ms, GC Workers: 4]
      [Queue Fixup (ms): Min: 0.0, Avg: 0.0, Max: 0.0, Diff: 0.0, Sum: 0.0]
      [Table Fixup (ms): Min: 0.6, Avg: 0.6, Max: 0.7, Diff: 0.0, Sum: 2.6]
   [Clear CT: 0.0 ms]
   [Other: 0.5 ms]
      [Choose CSet: 0.0 ms]
      [Ref Proc: 0.1 ms]
      [Ref Enq: 0.0 ms]
      [Redirty Cards: 0.0 ms]
      [Humongous Register: 0.0 ms]
      [Humongous Reclaim: 0.0 ms]
      [Free CSet: 0.1 ms]
   [Eden: 50.0M(50.0M)->0.0B(50.0M) Survivors: 8192.0K->8192.0K Heap: 1159.5M(1167.0M)->1118.5M(1177.0M)]
 [Times: user=0.06 sys=0.00, real=0.00 secs] 
2016-06-27T18:02:53.274+0300: 139.532: Total time for which application threads were stopped: 0.0135789 seconds, Stopping threads took: 0.0073638 seconds
2016-06-27T18:02:53.280+0300: 139.537: [GC concurrent-string-deduplication, 7828.1K->7345.7K(482.4K), avg 3.1%, 0.0056044 secs]
   [Last Exec: 0.0056044 secs, Idle: 0.4577561 secs, Blocked: 0/0.0000000 secs]
      [Inspected:             394]
         [Skipped:              1(  0.3%)]
         [Hashed:             393( 99.7%)]
         [Known:                0(  0.0%)]
         [New:                393( 99.7%)   7828.1K]
      [Deduplicated:           26(  6.6%)    482.4K(  6.2%)]
         [Young:                0(  0.0%)      0.0B(  0.0%)]
         [Old:                 26(100.0%)    482.4K(100.0%)]
   [Total Exec: 455/1.9532056 secs, Idle: 455/137.3125897 secs, Blocked: 9/0.0144740 secs]
      [Inspected:          147635]
         [Skipped:           1087(  0.7%)]
         [Hashed:          145570( 98.6%)]
         [Known:             4840(  3.3%)]
         [New:             141708( 96.0%)   2639.0M]
      [Deduplicated:         9376(  6.6%)     83.1M(  3.1%)]
         [Young:               11(  0.1%)     87.2K(  0.1%)]
         [Old:               9365( 99.9%)     83.0M( 99.9%)]
   [Table]
      [Memory Usage: 1535.9K]
      [Size: 32768, Min: 1024, Max: 16777216]
      [Entries: 54607, Load: 166.6%, Cached: 0, Added: 136928, Removed: 82321]
      [Resize Count: 5, Shrink Threshold: 21845(66.7%), Grow Threshold: 65536(200.0%)]
      [Rehash Count: 1, Rehash Threshold: 120, Hash Seed: 0xc4e8cebb]
      [Age Threshold: 3]
   [Queue]
      [Dropped: 0]
2016-06-27T18:02:53.730+0300: 139.987: [GC pause (G1 Evacuation Pause) (young)
Desired survivor size 4194304 bytes, new threshold 1 (max 15)
- age   1:    7797960 bytes,    7797960 total
, 0.0056771 secs]
   [Parallel Time: 4.4 ms, GC Workers: 4]
      [GC Worker Start (ms): Min: 139987.5, Avg: 139987.5, Max: 139987.5, Diff: 0.0]
      [Ext Root Scanning (ms): Min: 0.6, Avg: 0.6, Max: 0.6, Diff: 0.0, Sum: 2.3]
      [Update RS (ms): Min: 0.7, Avg: 0.7, Max: 0.8, Diff: 0.1, Sum: 2.8]
         [Processed Buffers: Min: 2, Avg: 8.0, Max: 11, Diff: 9, Sum: 32]
      [Scan RS (ms): Min: 0.0, Avg: 0.0, Max: 0.0, Diff: 0.0, Sum: 0.0]
      [Code Root Scanning (ms): Min: 0.0, Avg: 0.0, Max: 0.0, Diff: 0.0, Sum: 0.0]
      [Object Copy (ms): Min: 2.9, Avg: 3.0, Max: 3.0, Diff: 0.1, Sum: 12.0]
      [Termination (ms): Min: 0.0, Avg: 0.0, Max: 0.0, Diff: 0.0, Sum: 0.1]
         [Termination Attempts: Min: 1, Avg: 1.0, Max: 1, Diff: 0, Sum: 4]
      [GC Worker Other (ms): Min: 0.0, Avg: 0.0, Max: 0.0, Diff: 0.0, Sum: 0.0]
      [GC Worker Total (ms): Min: 4.3, Avg: 4.3, Max: 4.4, Diff: 0.0, Sum: 17.4]
      [GC Worker End (ms): Min: 139991.9, Avg: 139991.9, Max: 139991.9, Diff: 0.0]
   [Code Root Fixup: 0.0 ms]
   [Code Root Purge: 0.0 ms]
   [String Dedup Fixup: 0.8 ms, GC Workers: 4]
      [Queue Fixup (ms): Min: 0.0, Avg: 0.0, Max: 0.0, Diff: 0.0, Sum: 0.0]
      [Table Fixup (ms): Min: 0.7, Avg: 0.7, Max: 0.8, Diff: 0.1, Sum: 3.0]
   [Clear CT: 0.0 ms]
   [Other: 0.5 ms]
      [Choose CSet: 0.0 ms]
      [Ref Proc: 0.1 ms]
      [Ref Enq: 0.0 ms]
      [Redirty Cards: 0.0 ms]
      [Humongous Register: 0.0 ms]
      [Humongous Reclaim: 0.0 ms]
      [Free CSet: 0.1 ms]
   [Eden: 50.0M(50.0M)->0.0B(51.0M) Survivors: 8192.0K->8192.0K Heap: 1168.5M(1177.0M)->1128.5M(1187.0M)]
 [Times: user=0.00 sys=0.00, real=0.01 secs] 
2016-06-27T18:02:53.736+0300: 139.993: Total time for which application threads were stopped: 0.0158378 seconds, Stopping threads took: 0.0094435 seconds
2016-06-27T18:02:53.742+0300: 139.999: [GC concurrent-string-deduplication, 8589.8K->8286.5K(303.3K), avg 3.1%, 0.0060060 secs]
   [Last Exec: 0.0060060 secs, Idle: 0.4558432 secs, Blocked: 0/0.0000000 secs]
      [Inspected:             433]
         [Skipped:              1(  0.2%)]
         [Hashed:             432( 99.8%)]
         [Known:                0(  0.0%)]
         [New:                432( 99.8%)   8589.8K]
      [Deduplicated:           18(  4.2%)    303.3K(  3.5%)]
         [Young:                0(  0.0%)      0.0B(  0.0%)]
         [Old:                 18(100.0%)    303.3K(100.0%)]
   [Total Exec: 456/1.9592116 secs, Idle: 456/137.7684329 secs, Blocked: 9/0.0144740 secs]
      [Inspected:          148068]
         [Skipped:           1088(  0.7%)]
         [Hashed:          146002( 98.6%)]
         [Known:             4840(  3.3%)]
         [New:             142140( 96.0%)   2647.4M]
      [Deduplicated:         9394(  6.6%)     83.4M(  3.1%)]
         [Young:               11(  0.1%)     87.2K(  0.1%)]
         [Old:               9383( 99.9%)     83.3M( 99.9%)]
   [Table]
      [Memory Usage: 1545.6K]
      [Size: 32768, Min: 1024, Max: 16777216]
      [Entries: 55021, Load: 167.9%, Cached: 0, Added: 137342, Removed: 82321]
      [Resize Count: 5, Shrink Threshold: 21845(66.7%), Grow Threshold: 65536(200.0%)]
      [Rehash Count: 1, Rehash Threshold: 120, Hash Seed: 0xc4e8cebb]
      [Age Threshold: 3]
   [Queue]
      [Dropped: 0]
2016-06-27T18:02:54.197+0300: 140.454: [GC pause (G1 Evacuation Pause) (young)
Desired survivor size 4194304 bytes, new threshold 1 (max 15)
- age   1:    7309696 bytes,    7309696 total
, 0.0053341 secs]
   [Parallel Time: 4.1 ms, GC Workers: 4]
      [GC Worker Start (ms): Min: 140454.6, Avg: 140454.6, Max: 140454.6, Diff: 0.0]
      [Ext Root Scanning (ms): Min: 0.5, Avg: 0.6, Max: 0.6, Diff: 0.1, Sum: 2.2]
      [Update RS (ms): Min: 0.5, Avg: 0.5, Max: 0.6, Diff: 0.1, Sum: 2.1]
         [Processed Buffers: Min: 5, Avg: 6.5, Max: 8, Diff: 3, Sum: 26]
      [Scan RS (ms): Min: 0.0, Avg: 0.0, Max: 0.0, Diff: 0.0, Sum: 0.0]
      [Code Root Scanning (ms): Min: 0.0, Avg: 0.0, Max: 0.0, Diff: 0.0, Sum: 0.0]
      [Object Copy (ms): Min: 2.9, Avg: 3.0, Max: 3.0, Diff: 0.2, Sum: 11.9]
      [Termination (ms): Min: 0.0, Avg: 0.0, Max: 0.0, Diff: 0.0, Sum: 0.0]
         [Termination Attempts: Min: 1, Avg: 1.0, Max: 1, Diff: 0, Sum: 4]
      [GC Worker Other (ms): Min: 0.0, Avg: 0.0, Max: 0.0, Diff: 0.0, Sum: 0.0]
      [GC Worker Total (ms): Min: 4.1, Avg: 4.1, Max: 4.1, Diff: 0.0, Sum: 16.4]
      [GC Worker End (ms): Min: 140458.7, Avg: 140458.7, Max: 140458.7, Diff: 0.0]
   [Code Root Fixup: 0.0 ms]
   [Code Root Purge: 0.0 ms]
   [String Dedup Fixup: 0.7 ms, GC Workers: 4]
      [Queue Fixup (ms): Min: 0.0, Avg: 0.0, Max: 0.0, Diff: 0.0, Sum: 0.0]
      [Table Fixup (ms): Min: 0.7, Avg: 0.7, Max: 0.7, Diff: 0.0, Sum: 2.7]
   [Clear CT: 0.0 ms]
   [Other: 0.5 ms]
      [Choose CSet: 0.0 ms]
      [Ref Proc: 0.0 ms]
      [Ref Enq: 0.0 ms]
      [Redirty Cards: 0.0 ms]
      [Humongous Register: 0.0 ms]
      [Humongous Reclaim: 0.0 ms]
      [Free CSet: 0.1 ms]
   [Eden: 51.0M(51.0M)->0.0B(51.0M) Survivors: 8192.0K->8192.0K Heap: 1179.5M(1187.0M)->1137.5M(1197.0M)]
 [Times: user=0.00 sys=0.00, real=0.01 secs] 
2016-06-27T18:02:54.203+0300: 140.460: Total time for which application threads were stopped: 0.0172251 seconds, Stopping threads took: 0.0111549 seconds
2016-06-27T18:02:54.208+0300: 140.465: [GC concurrent-string-deduplication, 7547.0K->7305.7K(241.3K), avg 3.1%, 0.0053991 secs]
   [Last Exec: 0.0053991 secs, Idle: 0.4606838 secs, Blocked: 0/0.0000000 secs]
      [Inspected:             399]
         [Skipped:              1(  0.3%)]
         [Hashed:             398( 99.7%)]
         [Known:                0(  0.0%)]
         [New:                398( 99.7%)   7547.0K]
      [Deduplicated:           33(  8.3%)    241.3K(  3.2%)]
         [Young:                0(  0.0%)      0.0B(  0.0%)]
         [Old:                 33(100.0%)    241.3K(100.0%)]
   [Total Exec: 457/1.9646107 secs, Idle: 457/138.2291167 secs, Blocked: 9/0.0144740 secs]
      [Inspected:          148467]
         [Skipped:           1089(  0.7%)]
         [Hashed:          146400( 98.6%)]
         [Known:             4840(  3.3%)]
         [New:             142538( 96.0%)   2654.7M]
      [Deduplicated:         9427(  6.6%)     83.6M(  3.1%)]
         [Young:               11(  0.1%)     87.2K(  0.1%)]
         [Old:               9416( 99.9%)     83.5M( 99.9%)]
   [Table]
      [Memory Usage: 1554.1K]
      [Size: 32768, Min: 1024, Max: 16777216]
      [Entries: 55386, Load: 169.0%, Cached: 0, Added: 137707, Removed: 82321]
      [Resize Count: 5, Shrink Threshold: 21845(66.7%), Grow Threshold: 65536(200.0%)]
      [Rehash Count: 1, Rehash Threshold: 120, Hash Seed: 0xc4e8cebb]
      [Age Threshold: 3]
   [Queue]
      [Dropped: 0]
2016-06-27T18:02:54.675+0300: 140.933: [GC pause (G1 Evacuation Pause) (young)
Desired survivor size 4194304 bytes, new threshold 1 (max 15)
- age   1:    7991216 bytes,    7991216 total
, 0.0056429 secs]
   [Parallel Time: 4.4 ms, GC Workers: 4]
      [GC Worker Start (ms): Min: 140933.0, Avg: 140933.0, Max: 140933.0, Diff: 0.0]
      [Ext Root Scanning (ms): Min: 0.5, Avg: 0.6, Max: 0.6, Diff: 0.1, Sum: 2.2]
      [Update RS (ms): Min: 0.7, Avg: 0.7, Max: 0.9, Diff: 0.2, Sum: 3.0]
         [Processed Buffers: Min: 2, Avg: 5.3, Max: 9, Diff: 7, Sum: 21]
      [Scan RS (ms): Min: 0.0, Avg: 0.0, Max: 0.0, Diff: 0.0, Sum: 0.0]
      [Code Root Scanning (ms): Min: 0.0, Avg: 0.0, Max: 0.0, Diff: 0.0, Sum: 0.0]
      [Object Copy (ms): Min: 2.8, Avg: 3.0, Max: 3.1, Diff: 0.2, Sum: 11.9]
      [Termination (ms): Min: 0.0, Avg: 0.0, Max: 0.0, Diff: 0.0, Sum: 0.0]
         [Termination Attempts: Min: 1, Avg: 1.0, Max: 1, Diff: 0, Sum: 4]
      [GC Worker Other (ms): Min: 0.0, Avg: 0.0, Max: 0.0, Diff: 0.0, Sum: 0.0]
      [GC Worker Total (ms): Min: 4.3, Avg: 4.3, Max: 4.3, Diff: 0.0, Sum: 17.3]
      [GC Worker End (ms): Min: 140937.4, Avg: 140937.4, Max: 140937.4, Diff: 0.0]
   [Code Root Fixup: 0.0 ms]
   [Code Root Purge: 0.0 ms]
   [String Dedup Fixup: 0.8 ms, GC Workers: 4]
      [Queue Fixup (ms): Min: 0.0, Avg: 0.0, Max: 0.0, Diff: 0.0, Sum: 0.0]
      [Table Fixup (ms): Min: 0.7, Avg: 0.7, Max: 0.7, Diff: 0.1, Sum: 2.8]
   [Clear CT: 0.0 ms]
   [Other: 0.5 ms]
      [Choose CSet: 0.0 ms]
      [Ref Proc: 0.0 ms]
      [Ref Enq: 0.0 ms]
      [Redirty Cards: 0.0 ms]
      [Humongous Register: 0.1 ms]
      [Humongous Reclaim: 0.0 ms]
      [Free CSet: 0.1 ms]
   [Eden: 51.0M(51.0M)->0.0B(52.0M) Survivors: 8192.0K->8192.0K Heap: 1188.5M(1197.0M)->1147.0M(1206.0M)]
 [Times: user=0.06 sys=0.00, real=0.01 secs] 
2016-06-27T18:02:54.681+0300: 140.939: Total time for which application threads were stopped: 0.0214238 seconds, Stopping threads took: 0.0150522 seconds
2016-06-27T18:02:54.687+0300: 140.945: [GC concurrent-string-deduplication, 8108.4K->7786.1K(322.3K), avg 3.2%, 0.0057100 secs]
   [Last Exec: 0.0057100 secs, Idle: 0.4733154 secs, Blocked: 0/0.0000000 secs]
      [Inspected:             408]
         [Skipped:              1(  0.2%)]
         [Hashed:             407( 99.8%)]
         [Known:                0(  0.0%)]
         [New:                407( 99.8%)   8108.4K]
      [Deduplicated:           18(  4.4%)    322.3K(  4.0%)]
         [Young:                0(  0.0%)      0.0B(  0.0%)]
         [Old:                 18(100.0%)    322.3K(100.0%)]
   [Total Exec: 458/1.9703208 secs, Idle: 458/138.7024321 secs, Blocked: 9/0.0144740 secs]
      [Inspected:          148875]
         [Skipped:           1090(  0.7%)]
         [Hashed:          146807( 98.6%)]
         [Known:             4840(  3.3%)]
         [New:             142945( 96.0%)   2662.7M]
      [Deduplicated:         9445(  6.6%)     83.9M(  3.2%)]
         [Young:               11(  0.1%)     87.2K(  0.1%)]
         [Old:               9434( 99.9%)     83.8M( 99.9%)]
   [Table]
      [Memory Usage: 1563.2K]
      [Size: 32768, Min: 1024, Max: 16777216]
      [Entries: 55775, Load: 170.2%, Cached: 0, Added: 138096, Removed: 82321]
      [Resize Count: 5, Shrink Threshold: 21845(66.7%), Grow Threshold: 65536(200.0%)]
      [Rehash Count: 1, Rehash Threshold: 120, Hash Seed: 0xc4e8cebb]
      [Age Threshold: 3]
   [Queue]
      [Dropped: 0]
2016-06-27T18:02:55.144+0300: 141.401: [GC pause (G1 Evacuation Pause) (young)
Desired survivor size 4194304 bytes, new threshold 1 (max 15)
- age   1:    7930272 bytes,    7930272 total
, 0.0055202 secs]
   [Parallel Time: 4.3 ms, GC Workers: 4]
      [GC Worker Start (ms): Min: 141401.5, Avg: 141401.5, Max: 141401.5, Diff: 0.0]
      [Ext Root Scanning (ms): Min: 0.5, Avg: 0.5, Max: 0.6, Diff: 0.1, Sum: 2.1]
      [Update RS (ms): Min: 0.5, Avg: 0.6, Max: 0.7, Diff: 0.2, Sum: 2.3]
         [Processed Buffers: Min: 2, Avg: 5.5, Max: 10, Diff: 8, Sum: 22]
      [Scan RS (ms): Min: 0.0, Avg: 0.0, Max: 0.0, Diff: 0.0, Sum: 0.0]
      [Code Root Scanning (ms): Min: 0.0, Avg: 0.0, Max: 0.0, Diff: 0.0, Sum: 0.0]
      [Object Copy (ms): Min: 3.0, Avg: 3.1, Max: 3.1, Diff: 0.1, Sum: 12.4]
      [Termination (ms): Min: 0.0, Avg: 0.0, Max: 0.0, Diff: 0.0, Sum: 0.0]
         [Termination Attempts: Min: 1, Avg: 1.0, Max: 1, Diff: 0, Sum: 4]
      [GC Worker Other (ms): Min: 0.0, Avg: 0.0, Max: 0.0, Diff: 0.0, Sum: 0.0]
      [GC Worker Total (ms): Min: 4.2, Avg: 4.2, Max: 4.2, Diff: 0.0, Sum: 16.9]
      [GC Worker End (ms): Min: 141405.7, Avg: 141405.7, Max: 141405.7, Diff: 0.0]
   [Code Root Fixup: 0.0 ms]
   [Code Root Purge: 0.0 ms]
   [String Dedup Fixup: 0.8 ms, GC Workers: 4]
      [Queue Fixup (ms): Min: 0.0, Avg: 0.0, Max: 0.0, Diff: 0.0, Sum: 0.0]
      [Table Fixup (ms): Min: 0.7, Avg: 0.7, Max: 0.7, Diff: 0.1, Sum: 2.8]
   [Clear CT: 0.0 ms]
   [Other: 0.4 ms]
      [Choose CSet: 0.0 ms]
      [Ref Proc: 0.0 ms]
      [Ref Enq: 0.0 ms]
      [Redirty Cards: 0.0 ms]
      [Humongous Register: 0.0 ms]
      [Humongous Reclaim: 0.0 ms]
      [Free CSet: 0.1 ms]
   [Eden: 52.0M(52.0M)->0.0B(52.0M) Survivors: 8192.0K->8192.0K Heap: 1199.0M(1206.0M)->1156.0M(1216.0M)]
 [Times: user=0.06 sys=0.00, real=0.01 secs] 
2016-06-27T18:02:55.150+0300: 141.407: Total time for which application threads were stopped: 0.0168316 seconds, Stopping threads took: 0.0106914 seconds
2016-06-27T18:02:55.155+0300: 141.413: [GC concurrent-string-deduplication, 8007.6K->7646.0K(361.6K), avg 3.2%, 0.0056249 secs]
   [Last Exec: 0.0056249 secs, Idle: 0.4624410 secs, Blocked: 0/0.0000000 secs]
      [Inspected:             408]
         [Skipped:              1(  0.2%)]
         [Hashed:             407( 99.8%)]
         [Known:                0(  0.0%)]
         [New:                407( 99.8%)   8007.6K]
      [Deduplicated:           25(  6.1%)    361.6K(  4.5%)]
         [Young:                0(  0.0%)      0.0B(  0.0%)]
         [Old:                 25(100.0%)    361.6K(100.0%)]
   [Total Exec: 459/1.9759457 secs, Idle: 459/139.1648732 secs, Blocked: 9/0.0144740 secs]
      [Inspected:          149283]
         [Skipped:           1091(  0.7%)]
         [Hashed:          147214( 98.6%)]
         [Known:             4840(  3.2%)]
         [New:             143352( 96.0%)   2670.5M]
      [Deduplicated:         9470(  6.6%)     84.3M(  3.2%)]
         [Young:               11(  0.1%)     87.2K(  0.1%)]
         [Old:               9459( 99.9%)     84.2M( 99.9%)]
   [Table]
      [Memory Usage: 1572.2K]
      [Size: 32768, Min: 1024, Max: 16777216]
      [Entries: 56157, Load: 171.4%, Cached: 0, Added: 138478, Removed: 82321]
      [Resize Count: 5, Shrink Threshold: 21845(66.7%), Grow Threshold: 65536(200.0%)]
      [Rehash Count: 1, Rehash Threshold: 120, Hash Seed: 0xc4e8cebb]
      [Age Threshold: 3]
   [Queue]
      [Dropped: 0]
2016-06-27T18:02:55.621+0300: 141.878: [GC pause (G1 Evacuation Pause) (young)
Desired survivor size 4194304 bytes, new threshold 1 (max 15)
- age   1:    8240024 bytes,    8240024 total
, 0.0056844 secs]
   [Parallel Time: 4.3 ms, GC Workers: 4]
      [GC Worker Start (ms): Min: 141878.4, Avg: 141878.5, Max: 141878.5, Diff: 0.0]
      [Ext Root Scanning (ms): Min: 0.5, Avg: 0.5, Max: 0.6, Diff: 0.1, Sum: 2.1]
      [Update RS (ms): Min: 0.5, Avg: 0.6, Max: 0.7, Diff: 0.2, Sum: 2.5]
         [Processed Buffers: Min: 2, Avg: 6.3, Max: 15, Diff: 13, Sum: 25]
      [Scan RS (ms): Min: 0.0, Avg: 0.0, Max: 0.0, Diff: 0.0, Sum: 0.0]
      [Code Root Scanning (ms): Min: 0.0, Avg: 0.0, Max: 0.0, Diff: 0.0, Sum: 0.0]
      [Object Copy (ms): Min: 3.0, Avg: 3.1, Max: 3.2, Diff: 0.1, Sum: 12.4]
      [Termination (ms): Min: 0.0, Avg: 0.0, Max: 0.0, Diff: 0.0, Sum: 0.0]
         [Termination Attempts: Min: 1, Avg: 1.0, Max: 1, Diff: 0, Sum: 4]
      [GC Worker Other (ms): Min: 0.0, Avg: 0.0, Max: 0.0, Diff: 0.0, Sum: 0.0]
      [GC Worker Total (ms): Min: 4.3, Avg: 4.3, Max: 4.3, Diff: 0.0, Sum: 17.1]
      [GC Worker End (ms): Min: 141882.7, Avg: 141882.7, Max: 141882.7, Diff: 0.0]
   [Code Root Fixup: 0.0 ms]
   [Code Root Purge: 0.0 ms]
   [String Dedup Fixup: 0.8 ms, GC Workers: 4]
      [Queue Fixup (ms): Min: 0.0, Avg: 0.0, Max: 0.0, Diff: 0.0, Sum: 0.0]
      [Table Fixup (ms): Min: 0.8, Avg: 0.8, Max: 0.8, Diff: 0.0, Sum: 3.1]
   [Clear CT: 0.0 ms]
   [Other: 0.5 ms]
      [Choose CSet: 0.0 ms]
      [Ref Proc: 0.1 ms]
      [Ref Enq: 0.0 ms]
      [Redirty Cards: 0.0 ms]
      [Humongous Register: 0.1 ms]
      [Humongous Reclaim: 0.0 ms]
      [Free CSet: 0.1 ms]
   [Eden: 52.0M(52.0M)->0.0B(53.0M) Survivors: 8192.0K->8192.0K Heap: 1208.0M(1216.0M)->1166.0M(1226.0M)]
 [Times: user=0.00 sys=0.00, real=0.01 secs] 
2016-06-27T18:02:55.627+0300: 141.884: Total time for which application threads were stopped: 0.0157082 seconds, Stopping threads took: 0.0093413 seconds
2016-06-27T18:02:55.633+0300: 141.890: [GC concurrent-string-deduplication, 8352.6K->7906.2K(446.4K), avg 3.2%, 0.0060449 secs]
   [Last Exec: 0.0060449 secs, Idle: 0.4714231 secs, Blocked: 0/0.0000000 secs]
      [Inspected:             423]
         [Skipped:              0(  0.0%)]
         [Hashed:             423(100.0%)]
         [Known:                0(  0.0%)]
         [New:                423(100.0%)   8352.6K]
      [Deduplicated:           28(  6.6%)    446.4K(  5.3%)]
         [Young:                0(  0.0%)      0.0B(  0.0%)]
         [Old:                 28(100.0%)    446.4K(100.0%)]
   [Total Exec: 460/1.9819906 secs, Idle: 460/139.6362962 secs, Blocked: 9/0.0144740 secs]
      [Inspected:          149706]
         [Skipped:           1091(  0.7%)]
         [Hashed:          147637( 98.6%)]
         [Known:             4840(  3.2%)]
         [New:             143775( 96.0%)   2678.6M]
      [Deduplicated:         9498(  6.6%)     84.7M(  3.2%)]
         [Young:               11(  0.1%)     87.2K(  0.1%)]
         [Old:               9487( 99.9%)     84.6M( 99.9%)]
   [Table]
      [Memory Usage: 1581.4K]
      [Size: 32768, Min: 1024, Max: 16777216]
      [Entries: 56552, Load: 172.6%, Cached: 0, Added: 138873, Removed: 82321]
      [Resize Count: 5, Shrink Threshold: 21845(66.7%), Grow Threshold: 65536(200.0%)]
      [Rehash Count: 1, Rehash Threshold: 120, Hash Seed: 0xc4e8cebb]
      [Age Threshold: 3]
   [Queue]
      [Dropped: 0]
2016-06-27T18:02:56.102+0300: 142.359: [GC pause (G1 Evacuation Pause) (young)
Desired survivor size 4194304 bytes, new threshold 1 (max 15)
- age   1:    8225464 bytes,    8225464 total
, 0.0056292 secs]
   [Parallel Time: 4.4 ms, GC Workers: 4]
      [GC Worker Start (ms): Min: 142359.3, Avg: 142359.4, Max: 142359.4, Diff: 0.0]
      [Ext Root Scanning (ms): Min: 0.5, Avg: 0.5, Max: 0.6, Diff: 0.1, Sum: 2.1]
      [Update RS (ms): Min: 0.6, Avg: 0.7, Max: 0.7, Diff: 0.2, Sum: 2.7]
         [Processed Buffers: Min: 3, Avg: 6.3, Max: 15, Diff: 12, Sum: 25]
      [Scan RS (ms): Min: 0.0, Avg: 0.0, Max: 0.0, Diff: 0.0, Sum: 0.0]
      [Code Root Scanning (ms): Min: 0.0, Avg: 0.0, Max: 0.0, Diff: 0.0, Sum: 0.0]
      [Object Copy (ms): Min: 3.1, Avg: 3.2, Max: 3.2, Diff: 0.1, Sum: 12.6]
      [Termination (ms): Min: 0.0, Avg: 0.0, Max: 0.0, Diff: 0.0, Sum: 0.0]
         [Termination Attempts: Min: 1, Avg: 1.0, Max: 1, Diff: 0, Sum: 4]
      [GC Worker Other (ms): Min: 0.0, Avg: 0.0, Max: 0.0, Diff: 0.0, Sum: 0.0]
      [GC Worker Total (ms): Min: 4.4, Avg: 4.4, Max: 4.4, Diff: 0.0, Sum: 17.6]
      [GC Worker End (ms): Min: 142363.7, Avg: 142363.7, Max: 142363.7, Diff: 0.0]
   [Code Root Fixup: 0.0 ms]
   [Code Root Purge: 0.0 ms]
   [String Dedup Fixup: 0.7 ms, GC Workers: 4]
      [Queue Fixup (ms): Min: 0.0, Avg: 0.0, Max: 0.0, Diff: 0.0, Sum: 0.0]
      [Table Fixup (ms): Min: 0.7, Avg: 0.7, Max: 0.7, Diff: 0.0, Sum: 2.7]
   [Clear CT: 0.0 ms]
   [Other: 0.5 ms]
      [Choose CSet: 0.0 ms]
      [Ref Proc: 0.0 ms]
      [Ref Enq: 0.0 ms]
      [Redirty Cards: 0.0 ms]
      [Humongous Register: 0.0 ms]
      [Humongous Reclaim: 0.0 ms]
      [Free CSet: 0.1 ms]
   [Eden: 53.0M(53.0M)->0.0B(53.0M) Survivors: 8192.0K->8192.0K Heap: 1219.0M(1226.0M)->1176.0M(1237.0M)]
 [Times: user=0.00 sys=0.00, real=0.01 secs] 
2016-06-27T18:02:56.108+0300: 142.365: Total time for which application threads were stopped: 0.0171926 seconds, Stopping threads took: 0.0108735 seconds
2016-06-27T18:02:56.114+0300: 142.371: [GC concurrent-string-deduplication, 8628.8K->8286.5K(342.3K), avg 3.2%, 0.0061501 secs]
   [Last Exec: 0.0061501 secs, Idle: 0.4747335 secs, Blocked: 0/0.0000000 secs]
      [Inspected:             433]
         [Skipped:              0(  0.0%)]
         [Hashed:             433(100.0%)]
         [Known:                0(  0.0%)]
         [New:                433(100.0%)   8628.8K]
      [Deduplicated:           19(  4.4%)    342.3K(  4.0%)]
         [Young:                0(  0.0%)      0.0B(  0.0%)]
         [Old:                 19(100.0%)    342.3K(100.0%)]
   [Total Exec: 461/1.9881407 secs, Idle: 461/140.1110298 secs, Blocked: 9/0.0144740 secs]
      [Inspected:          150139]
         [Skipped:           1091(  0.7%)]
         [Hashed:          148070( 98.6%)]
         [Known:             4840(  3.2%)]
         [New:             144208( 96.0%)   2687.1M]
      [Deduplicated:         9517(  6.6%)     85.1M(  3.2%)]
         [Young:               11(  0.1%)     87.2K(  0.1%)]
         [Old:               9506( 99.9%)     85.0M( 99.9%)]
   [Table]
      [Memory Usage: 1591.1K]
      [Size: 32768, Min: 1024, Max: 16777216]
      [Entries: 56966, Load: 173.8%, Cached: 0, Added: 139287, Removed: 82321]
      [Resize Count: 5, Shrink Threshold: 21845(66.7%), Grow Threshold: 65536(200.0%)]
      [Rehash Count: 1, Rehash Threshold: 120, Hash Seed: 0xc4e8cebb]
      [Age Threshold: 3]
   [Queue]
      [Dropped: 0]
2016-06-27T18:02:56.573+0300: 142.830: [GC pause (G1 Evacuation Pause) (young)
Desired survivor size 4194304 bytes, new threshold 1 (max 15)
- age   1:    8064856 bytes,    8064856 total
, 0.0057477 secs]
   [Parallel Time: 4.5 ms, GC Workers: 4]
      [GC Worker Start (ms): Min: 142830.6, Avg: 142830.6, Max: 142830.6, Diff: 0.0]
      [Ext Root Scanning (ms): Min: 0.5, Avg: 0.5, Max: 0.6, Diff: 0.1, Sum: 2.2]
      [Update RS (ms): Min: 0.4, Avg: 0.6, Max: 0.8, Diff: 0.4, Sum: 2.3]
         [Processed Buffers: Min: 2, Avg: 6.5, Max: 11, Diff: 9, Sum: 26]
      [Scan RS (ms): Min: 0.0, Avg: 0.0, Max: 0.0, Diff: 0.0, Sum: 0.0]
      [Code Root Scanning (ms): Min: 0.0, Avg: 0.0, Max: 0.0, Diff: 0.0, Sum: 0.0]
      [Object Copy (ms): Min: 3.1, Avg: 3.3, Max: 3.4, Diff: 0.3, Sum: 13.2]
      [Termination (ms): Min: 0.0, Avg: 0.0, Max: 0.0, Diff: 0.0, Sum: 0.0]
         [Termination Attempts: Min: 1, Avg: 1.3, Max: 2, Diff: 1, Sum: 5]
      [GC Worker Other (ms): Min: 0.0, Avg: 0.0, Max: 0.0, Diff: 0.0, Sum: 0.0]
      [GC Worker Total (ms): Min: 4.4, Avg: 4.4, Max: 4.4, Diff: 0.0, Sum: 17.8]
      [GC Worker End (ms): Min: 142835.1, Avg: 142835.1, Max: 142835.1, Diff: 0.0]
   [Code Root Fixup: 0.0 ms]
   [Code Root Purge: 0.0 ms]
   [String Dedup Fixup: 0.7 ms, GC Workers: 4]
      [Queue Fixup (ms): Min: 0.0, Avg: 0.0, Max: 0.0, Diff: 0.0, Sum: 0.0]
      [Table Fixup (ms): Min: 0.6, Avg: 0.6, Max: 0.6, Diff: 0.0, Sum: 2.5]
   [Clear CT: 0.0 ms]
   [Other: 0.6 ms]
      [Choose CSet: 0.0 ms]
      [Ref Proc: 0.1 ms]
      [Ref Enq: 0.0 ms]
      [Redirty Cards: 0.1 ms]
      [Humongous Register: 0.1 ms]
      [Humongous Reclaim: 0.0 ms]
      [Free CSet: 0.1 ms]
   [Eden: 53.0M(53.0M)->0.0B(54.0M) Survivors: 8192.0K->8192.0K Heap: 1229.0M(1237.0M)->1186.0M(1247.0M)]
 [Times: user=0.00 sys=0.00, real=0.01 secs] 
2016-06-27T18:02:56.579+0300: 142.837: Total time for which application threads were stopped: 0.0068677 seconds, Stopping threads took: 0.0003571 seconds
2016-06-27T18:02:56.585+0300: 142.843: [GC concurrent-string-deduplication, 8648.8K->8286.5K(362.3K), avg 3.2%, 0.0061770 secs]
   [Last Exec: 0.0061770 secs, Idle: 0.4651695 secs, Blocked: 0/0.0000000 secs]
      [Inspected:             434]
         [Skipped:              0(  0.0%)]
         [Hashed:             434(100.0%)]
         [Known:                0(  0.0%)]
         [New:                434(100.0%)   8648.8K]
      [Deduplicated:           20(  4.6%)    362.3K(  4.2%)]
         [Young:                0(  0.0%)      0.0B(  0.0%)]
         [Old:                 20(100.0%)    362.3K(100.0%)]
   [Total Exec: 462/1.9943178 secs, Idle: 462/140.5761992 secs, Blocked: 9/0.0144740 secs]
      [Inspected:          150573]
         [Skipped:           1091(  0.7%)]
         [Hashed:          148504( 98.6%)]
         [Known:             4840(  3.2%)]
         [New:             144642( 96.1%)   2695.5M]
      [Deduplicated:         9537(  6.6%)     85.4M(  3.2%)]
         [Young:               11(  0.1%)     87.2K(  0.1%)]
         [Old:               9526( 99.9%)     85.3M( 99.9%)]
   [Table]
      [Memory Usage: 1600.8K]
      [Size: 32768, Min: 1024, Max: 16777216]
      [Entries: 57380, Load: 175.1%, Cached: 0, Added: 139701, Removed: 82321]
      [Resize Count: 5, Shrink Threshold: 21845(66.7%), Grow Threshold: 65536(200.0%)]
      [Rehash Count: 1, Rehash Threshold: 120, Hash Seed: 0xc4e8cebb]
      [Age Threshold: 3]
   [Queue]
      [Dropped: 0]
2016-06-27T18:02:57.057+0300: 143.314: [GC pause (G1 Evacuation Pause) (young)
Desired survivor size 4194304 bytes, new threshold 1 (max 15)
- age   1:    7813912 bytes,    7813912 total
, 0.0059688 secs]
   [Parallel Time: 4.7 ms, GC Workers: 4]
      [GC Worker Start (ms): Min: 143314.0, Avg: 143314.0, Max: 143314.0, Diff: 0.0]
      [Ext Root Scanning (ms): Min: 0.5, Avg: 0.6, Max: 0.6, Diff: 0.1, Sum: 2.2]
      [Update RS (ms): Min: 0.7, Avg: 0.8, Max: 0.9, Diff: 0.2, Sum: 3.1]
         [Processed Buffers: Min: 2, Avg: 8.3, Max: 16, Diff: 14, Sum: 33]
      [Scan RS (ms): Min: 0.0, Avg: 0.0, Max: 0.0, Diff: 0.0, Sum: 0.0]
      [Code Root Scanning (ms): Min: 0.0, Avg: 0.0, Max: 0.0, Diff: 0.0, Sum: 0.0]
      [Object Copy (ms): Min: 3.2, Avg: 3.3, Max: 3.3, Diff: 0.2, Sum: 13.2]
      [Termination (ms): Min: 0.0, Avg: 0.0, Max: 0.0, Diff: 0.0, Sum: 0.0]
         [Termination Attempts: Min: 1, Avg: 1.0, Max: 1, Diff: 0, Sum: 4]
      [GC Worker Other (ms): Min: 0.0, Avg: 0.0, Max: 0.0, Diff: 0.0, Sum: 0.0]
      [GC Worker Total (ms): Min: 4.7, Avg: 4.7, Max: 4.7, Diff: 0.0, Sum: 18.7]
      [GC Worker End (ms): Min: 143318.7, Avg: 143318.7, Max: 143318.7, Diff: 0.0]
   [Code Root Fixup: 0.0 ms]
   [Code Root Purge: 0.0 ms]
   [String Dedup Fixup: 0.7 ms, GC Workers: 4]
      [Queue Fixup (ms): Min: 0.0, Avg: 0.0, Max: 0.0, Diff: 0.0, Sum: 0.0]
      [Table Fixup (ms): Min: 0.7, Avg: 0.7, Max: 0.7, Diff: 0.0, Sum: 2.8]
   [Clear CT: 0.1 ms]
   [Other: 0.5 ms]
      [Choose CSet: 0.0 ms]
      [Ref Proc: 0.0 ms]
      [Ref Enq: 0.0 ms]
      [Redirty Cards: 0.0 ms]
      [Humongous Register: 0.0 ms]
      [Humongous Reclaim: 0.0 ms]
      [Free CSet: 0.1 ms]
   [Eden: 54.0M(54.0M)->0.0B(54.0M) Survivors: 8192.0K->8192.0K Heap: 1240.0M(1247.0M)->1196.0M(1258.0M)]
 [Times: user=0.00 sys=0.00, real=0.01 secs] 
2016-06-27T18:02:57.063+0300: 143.320: Total time for which application threads were stopped: 0.0122446 seconds, Stopping threads took: 0.0055467 seconds
2016-06-27T18:02:57.070+0300: 143.327: [GC concurrent-string-deduplication, 9050.7K->8626.7K(424.0K), avg 3.2%, 0.0068053 secs]
   [Last Exec: 0.0068053 secs, Idle: 0.4773076 secs, Blocked: 0/0.0000000 secs]
      [Inspected:             467]
         [Skipped:              0(  0.0%)]
         [Hashed:             467(100.0%)]
         [Known:                0(  0.0%)]
         [New:                467(100.0%)   9050.7K]
      [Deduplicated:           36(  7.7%)    424.0K(  4.7%)]
         [Young:                0(  0.0%)      0.0B(  0.0%)]
         [Old:                 36(100.0%)    424.0K(100.0%)]
   [Total Exec: 463/2.0011230 secs, Idle: 463/141.0535068 secs, Blocked: 9/0.0144740 secs]
      [Inspected:          151040]
         [Skipped:           1091(  0.7%)]
         [Hashed:          148971( 98.6%)]
         [Known:             4840(  3.2%)]
         [New:             145109( 96.1%)   2704.3M]
      [Deduplicated:         9573(  6.6%)     85.8M(  3.2%)]
         [Young:               11(  0.1%)     87.2K(  0.1%)]
         [Old:               9562( 99.9%)     85.7M( 99.9%)]
   [Table]
      [Memory Usage: 1610.9K]
      [Size: 32768, Min: 1024, Max: 16777216]
      [Entries: 57811, Load: 176.4%, Cached: 0, Added: 140132, Removed: 82321]
      [Resize Count: 5, Shrink Threshold: 21845(66.7%), Grow Threshold: 65536(200.0%)]
      [Rehash Count: 1, Rehash Threshold: 120, Hash Seed: 0xc4e8cebb]
      [Age Threshold: 3]
   [Queue]
      [Dropped: 0]
2016-06-27T18:02:57.540+0300: 143.797: [GC pause (G1 Evacuation Pause) (young)
Desired survivor size 4194304 bytes, new threshold 1 (max 15)
- age   1:    7466656 bytes,    7466656 total
, 0.0056352 secs]
   [Parallel Time: 4.4 ms, GC Workers: 4]
      [GC Worker Start (ms): Min: 143797.5, Avg: 143797.5, Max: 143797.5, Diff: 0.0]
      [Ext Root Scanning (ms): Min: 0.5, Avg: 0.5, Max: 0.6, Diff: 0.1, Sum: 2.1]
      [Update RS (ms): Min: 0.6, Avg: 0.6, Max: 0.7, Diff: 0.1, Sum: 2.5]
         [Processed Buffers: Min: 3, Avg: 6.8, Max: 12, Diff: 9, Sum: 27]
      [Scan RS (ms): Min: 0.0, Avg: 0.0, Max: 0.0, Diff: 0.0, Sum: 0.0]
      [Code Root Scanning (ms): Min: 0.0, Avg: 0.0, Max: 0.0, Diff: 0.0, Sum: 0.0]
      [Object Copy (ms): Min: 3.0, Avg: 3.1, Max: 3.1, Diff: 0.2, Sum: 12.2]
      [Termination (ms): Min: 0.0, Avg: 0.1, Max: 0.1, Diff: 0.1, Sum: 0.3]
         [Termination Attempts: Min: 1, Avg: 1.0, Max: 1, Diff: 0, Sum: 4]
      [GC Worker Other (ms): Min: 0.0, Avg: 0.0, Max: 0.0, Diff: 0.0, Sum: 0.0]
      [GC Worker Total (ms): Min: 4.3, Avg: 4.3, Max: 4.4, Diff: 0.0, Sum: 17.4]
      [GC Worker End (ms): Min: 143801.9, Avg: 143801.9, Max: 143801.9, Diff: 0.0]
   [Code Root Fixup: 0.0 ms]
   [Code Root Purge: 0.0 ms]
   [String Dedup Fixup: 0.7 ms, GC Workers: 4]
      [Queue Fixup (ms): Min: 0.0, Avg: 0.0, Max: 0.0, Diff: 0.0, Sum: 0.0]
      [Table Fixup (ms): Min: 0.7, Avg: 0.7, Max: 0.7, Diff: 0.0, Sum: 2.9]
   [Clear CT: 0.0 ms]
   [Other: 0.5 ms]
      [Choose CSet: 0.0 ms]
      [Ref Proc: 0.1 ms]
      [Ref Enq: 0.0 ms]
      [Redirty Cards: 0.0 ms]
      [Humongous Register: 0.0 ms]
      [Humongous Reclaim: 0.0 ms]
      [Free CSet: 0.1 ms]
   [Eden: 54.0M(54.0M)->0.0B(55.0M) Survivors: 8192.0K->8192.0K Heap: 1250.0M(1258.0M)->1205.5M(1268.0M)]
 [Times: user=0.00 sys=0.00, real=0.01 secs] 
2016-06-27T18:02:57.546+0300: 143.803: Total time for which application threads were stopped: 0.0166370 seconds, Stopping threads took: 0.0102996 seconds
2016-06-27T18:02:57.552+0300: 143.809: [GC concurrent-string-deduplication, 8108.4K->7585.9K(522.4K), avg 3.2%, 0.0058268 secs]
   [Last Exec: 0.0058268 secs, Idle: 0.4762799 secs, Blocked: 0/0.0000000 secs]
      [Inspected:             408]
         [Skipped:              1(  0.2%)]
         [Hashed:             407( 99.8%)]
         [Known:                0(  0.0%)]
         [New:                407( 99.8%)   8108.4K]
      [Deduplicated:           28(  6.9%)    522.4K(  6.4%)]
         [Young:                0(  0.0%)      0.0B(  0.0%)]
         [Old:                 28(100.0%)    522.4K(100.0%)]
   [Total Exec: 464/2.0069498 secs, Idle: 464/141.5297868 secs, Blocked: 9/0.0144740 secs]
      [Inspected:          151448]
         [Skipped:           1092(  0.7%)]
         [Hashed:          149378( 98.6%)]
         [Known:             4840(  3.2%)]
         [New:             145516( 96.1%)   2712.3M]
      [Deduplicated:         9601(  6.6%)     86.3M(  3.2%)]
         [Young:               11(  0.1%)     87.2K(  0.1%)]
         [Old:               9590( 99.9%)     86.2M( 99.9%)]
   [Table]
      [Memory Usage: 1619.8K]
      [Size: 32768, Min: 1024, Max: 16777216]
      [Entries: 58190, Load: 177.6%, Cached: 0, Added: 140511, Removed: 82321]
      [Resize Count: 5, Shrink Threshold: 21845(66.7%), Grow Threshold: 65536(200.0%)]
      [Rehash Count: 1, Rehash Threshold: 120, Hash Seed: 0xc4e8cebb]
      [Age Threshold: 3]
   [Queue]
      [Dropped: 0]
2016-06-27T18:02:58.037+0300: 144.295: [GC pause (G1 Evacuation Pause) (young)
Desired survivor size 4194304 bytes, new threshold 1 (max 15)
- age   1:    8042880 bytes,    8042880 total
, 0.0055745 secs]
   [Parallel Time: 4.4 ms, GC Workers: 4]
      [GC Worker Start (ms): Min: 144294.8, Avg: 144294.8, Max: 144294.8, Diff: 0.0]
      [Ext Root Scanning (ms): Min: 0.5, Avg: 0.5, Max: 0.6, Diff: 0.1, Sum: 2.1]
      [Update RS (ms): Min: 0.5, Avg: 0.6, Max: 0.6, Diff: 0.1, Sum: 2.3]
         [Processed Buffers: Min: 5, Avg: 6.5, Max: 8, Diff: 3, Sum: 26]
      [Scan RS (ms): Min: 0.0, Avg: 0.0, Max: 0.0, Diff: 0.0, Sum: 0.0]
      [Code Root Scanning (ms): Min: 0.0, Avg: 0.0, Max: 0.0, Diff: 0.0, Sum: 0.0]
      [Object Copy (ms): Min: 3.2, Avg: 3.2, Max: 3.2, Diff: 0.0, Sum: 12.8]
      [Termination (ms): Min: 0.0, Avg: 0.0, Max: 0.0, Diff: 0.0, Sum: 0.0]
         [Termination Attempts: Min: 1, Avg: 1.0, Max: 1, Diff: 0, Sum: 4]
      [GC Worker Other (ms): Min: 0.0, Avg: 0.0, Max: 0.0, Diff: 0.0, Sum: 0.0]
      [GC Worker Total (ms): Min: 4.3, Avg: 4.3, Max: 4.3, Diff: 0.0, Sum: 17.3]
      [GC Worker End (ms): Min: 144299.1, Avg: 144299.1, Max: 144299.1, Diff: 0.0]
   [Code Root Fixup: 0.0 ms]
   [Code Root Purge: 0.0 ms]
   [String Dedup Fixup: 0.7 ms, GC Workers: 4]
      [Queue Fixup (ms): Min: 0.0, Avg: 0.0, Max: 0.0, Diff: 0.0, Sum: 0.0]
      [Table Fixup (ms): Min: 0.6, Avg: 0.6, Max: 0.6, Diff: 0.0, Sum: 2.5]
   [Clear CT: 0.0 ms]
   [Other: 0.5 ms]
      [Choose CSet: 0.0 ms]
      [Ref Proc: 0.0 ms]
      [Ref Enq: 0.0 ms]
      [Redirty Cards: 0.0 ms]
      [Humongous Register: 0.0 ms]
      [Humongous Reclaim: 0.0 ms]
      [Free CSet: 0.1 ms]
   [Eden: 55.0M(55.0M)->0.0B(55.0M) Survivors: 8192.0K->8192.0K Heap: 1260.5M(1268.0M)->1216.0M(1279.0M)]
 [Times: user=0.00 sys=0.00, real=0.01 secs] 
2016-06-27T18:02:58.043+0300: 144.300: Total time for which application threads were stopped: 0.0162581 seconds, Stopping threads took: 0.0099537 seconds
2016-06-27T18:02:58.050+0300: 144.307: [GC concurrent-string-deduplication, 8933.1K->8446.6K(486.5K), avg 3.2%, 0.0064221 secs]
   [Last Exec: 0.0064221 secs, Idle: 0.4913056 secs, Blocked: 0/0.0000000 secs]
      [Inspected:             453]
         [Skipped:              1(  0.2%)]
         [Hashed:             452( 99.8%)]
         [Known:                0(  0.0%)]
         [New:                452( 99.8%)   8933.1K]
      [Deduplicated:           30(  6.6%)    486.5K(  5.4%)]
         [Young:                0(  0.0%)      0.0B(  0.0%)]
         [Old:                 30(100.0%)    486.5K(100.0%)]
   [Total Exec: 465/2.0133719 secs, Idle: 465/142.0210923 secs, Blocked: 9/0.0144740 secs]
      [Inspected:          151901]
         [Skipped:           1093(  0.7%)]
         [Hashed:          149830( 98.6%)]
         [Known:             4840(  3.2%)]
         [New:             145968( 96.1%)   2721.0M]
      [Deduplicated:         9631(  6.6%)     86.8M(  3.2%)]
         [Young:               11(  0.1%)     87.2K(  0.1%)]
         [Old:               9620( 99.9%)     86.7M( 99.9%)]
   [Table]
      [Memory Usage: 1629.7K]
      [Size: 32768, Min: 1024, Max: 16777216]
      [Entries: 58612, Load: 178.9%, Cached: 0, Added: 140933, Removed: 82321]
      [Resize Count: 5, Shrink Threshold: 21845(66.7%), Grow Threshold: 65536(200.0%)]
      [Rehash Count: 1, Rehash Threshold: 120, Hash Seed: 0xc4e8cebb]
      [Age Threshold: 3]
   [Queue]
      [Dropped: 0]
2016-06-27T18:02:58.532+0300: 144.789: [GC pause (G1 Evacuation Pause) (young)
Desired survivor size 4194304 bytes, new threshold 1 (max 15)
- age   1:    7869384 bytes,    7869384 total
, 0.0057969 secs]
   [Parallel Time: 4.6 ms, GC Workers: 4]
      [GC Worker Start (ms): Min: 144789.1, Avg: 144789.1, Max: 144789.1, Diff: 0.0]
      [Ext Root Scanning (ms): Min: 0.5, Avg: 0.6, Max: 0.6, Diff: 0.1, Sum: 2.3]
      [Update RS (ms): Min: 0.7, Avg: 0.8, Max: 0.8, Diff: 0.1, Sum: 3.0]
         [Processed Buffers: Min: 5, Avg: 8.8, Max: 20, Diff: 15, Sum: 35]
      [Scan RS (ms): Min: 0.0, Avg: 0.0, Max: 0.0, Diff: 0.0, Sum: 0.0]
      [Code Root Scanning (ms): Min: 0.0, Avg: 0.0, Max: 0.0, Diff: 0.0, Sum: 0.0]
      [Object Copy (ms): Min: 3.2, Avg: 3.2, Max: 3.2, Diff: 0.1, Sum: 12.9]
      [Termination (ms): Min: 0.0, Avg: 0.0, Max: 0.0, Diff: 0.0, Sum: 0.0]
         [Termination Attempts: Min: 1, Avg: 1.0, Max: 1, Diff: 0, Sum: 4]
      [GC Worker Other (ms): Min: 0.0, Avg: 0.0, Max: 0.0, Diff: 0.0, Sum: 0.1]
      [GC Worker Total (ms): Min: 4.6, Avg: 4.6, Max: 4.6, Diff: 0.0, Sum: 18.3]
      [GC Worker End (ms): Min: 144793.6, Avg: 144793.6, Max: 144793.7, Diff: 0.0]
   [Code Root Fixup: 0.0 ms]
   [Code Root Purge: 0.0 ms]
   [String Dedup Fixup: 0.7 ms, GC Workers: 4]
      [Queue Fixup (ms): Min: 0.0, Avg: 0.0, Max: 0.0, Diff: 0.0, Sum: 0.0]
      [Table Fixup (ms): Min: 0.6, Avg: 0.6, Max: 0.6, Diff: 0.0, Sum: 2.5]
   [Clear CT: 0.0 ms]
   [Other: 0.5 ms]
      [Choose CSet: 0.0 ms]
      [Ref Proc: 0.1 ms]
      [Ref Enq: 0.0 ms]
      [Redirty Cards: 0.0 ms]
      [Humongous Register: 0.0 ms]
      [Humongous Reclaim: 0.0 ms]
      [Free CSet: 0.1 ms]
   [Eden: 55.0M(55.0M)->0.0B(56.0M) Survivors: 8192.0K->8192.0K Heap: 1271.0M(1279.0M)->1226.0M(1289.0M)]
 [Times: user=0.06 sys=0.00, real=0.01 secs] 
2016-06-27T18:02:58.538+0300: 144.795: Total time for which application threads were stopped: 0.0121343 seconds, Stopping threads took: 0.0055959 seconds
2016-06-27T18:02:58.544+0300: 144.801: [GC concurrent-string-deduplication, 8547.7K->8066.3K(481.4K), avg 3.2%, 0.0059363 secs]
   [Last Exec: 0.0059363 secs, Idle: 0.4879900 secs, Blocked: 0/0.0000000 secs]
      [Inspected:             429]
         [Skipped:              1(  0.2%)]
         [Hashed:             428( 99.8%)]
         [Known:                0(  0.0%)]
         [New:                428( 99.8%)   8547.7K]
      [Deduplicated:           25(  5.8%)    481.4K(  5.6%)]
         [Young:                0(  0.0%)      0.0B(  0.0%)]
         [Old:                 25(100.0%)    481.4K(100.0%)]
   [Total Exec: 466/2.0193082 secs, Idle: 466/142.5090823 secs, Blocked: 9/0.0144740 secs]
      [Inspected:          152330]
         [Skipped:           1094(  0.7%)]
         [Hashed:          150258( 98.6%)]
         [Known:             4840(  3.2%)]
         [New:             146396( 96.1%)   2729.3M]
      [Deduplicated:         9656(  6.6%)     87.3M(  3.2%)]
         [Young:               11(  0.1%)     87.2K(  0.1%)]
         [Old:               9645( 99.9%)     87.2M( 99.9%)]
   [Table]
      [Memory Usage: 1639.2K]
      [Size: 32768, Min: 1024, Max: 16777216]
      [Entries: 59015, Load: 180.1%, Cached: 0, Added: 141336, Removed: 82321]
      [Resize Count: 5, Shrink Threshold: 21845(66.7%), Grow Threshold: 65536(200.0%)]
      [Rehash Count: 1, Rehash Threshold: 120, Hash Seed: 0xc4e8cebb]
      [Age Threshold: 3]
   [Queue]
      [Dropped: 0]
2016-06-27T18:02:59.018+0300: 145.276: [GC pause (G1 Evacuation Pause) (young)
Desired survivor size 4194304 bytes, new threshold 1 (max 15)
- age   1:    8207376 bytes,    8207376 total
, 0.0061026 secs]
   [Parallel Time: 4.8 ms, GC Workers: 4]
      [GC Worker Start (ms): Min: 145276.1, Avg: 145276.1, Max: 145276.1, Diff: 0.0]
      [Ext Root Scanning (ms): Min: 0.6, Avg: 0.6, Max: 0.6, Diff: 0.0, Sum: 2.4]
      [Update RS (ms): Min: 0.7, Avg: 0.8, Max: 0.9, Diff: 0.1, Sum: 3.2]
         [Processed Buffers: Min: 3, Avg: 8.8, Max: 18, Diff: 15, Sum: 35]
      [Scan RS (ms): Min: 0.0, Avg: 0.0, Max: 0.0, Diff: 0.0, Sum: 0.0]
      [Code Root Scanning (ms): Min: 0.0, Avg: 0.0, Max: 0.0, Diff: 0.0, Sum: 0.0]
      [Object Copy (ms): Min: 3.3, Avg: 3.3, Max: 3.4, Diff: 0.1, Sum: 13.3]
      [Termination (ms): Min: 0.0, Avg: 0.0, Max: 0.0, Diff: 0.0, Sum: 0.0]
         [Termination Attempts: Min: 1, Avg: 1.3, Max: 2, Diff: 1, Sum: 5]
      [GC Worker Other (ms): Min: 0.0, Avg: 0.0, Max: 0.0, Diff: 0.0, Sum: 0.0]
      [GC Worker Total (ms): Min: 4.8, Avg: 4.8, Max: 4.8, Diff: 0.0, Sum: 19.1]
      [GC Worker End (ms): Min: 145280.9, Avg: 145280.9, Max: 145280.9, Diff: 0.0]
   [Code Root Fixup: 0.0 ms]
   [Code Root Purge: 0.0 ms]
   [String Dedup Fixup: 0.8 ms, GC Workers: 4]
      [Queue Fixup (ms): Min: 0.0, Avg: 0.0, Max: 0.0, Diff: 0.0, Sum: 0.0]
      [Table Fixup (ms): Min: 0.6, Avg: 0.7, Max: 0.7, Diff: 0.1, Sum: 2.7]
   [Clear CT: 0.0 ms]
   [Other: 0.5 ms]
      [Choose CSet: 0.0 ms]
      [Ref Proc: 0.1 ms]
      [Ref Enq: 0.0 ms]
      [Redirty Cards: 0.0 ms]
      [Humongous Register: 0.0 ms]
      [Humongous Reclaim: 0.0 ms]
      [Free CSet: 0.1 ms]
   [Eden: 56.0M(56.0M)->0.0B(57.0M) Survivors: 8192.0K->8192.0K Heap: 1282.0M(1289.0M)->1237.0M(1301.0M)]
 [Times: user=0.06 sys=0.00, real=0.01 secs] 
2016-06-27T18:02:59.025+0300: 145.282: Total time for which application threads were stopped: 0.0098181 seconds, Stopping threads took: 0.0029397 seconds
2016-06-27T18:02:59.032+0300: 145.289: [GC concurrent-string-deduplication, 9171.8K->8606.7K(565.1K), avg 3.2%, 0.0064285 secs]
   [Last Exec: 0.0064285 secs, Idle: 0.4813036 secs, Blocked: 0/0.0000000 secs]
      [Inspected:             474]
         [Skipped:              0(  0.0%)]
         [Hashed:             474(100.0%)]
         [Known:                0(  0.0%)]
         [New:                474(100.0%)   9171.8K]
      [Deduplicated:           44(  9.3%)    565.1K(  6.2%)]
         [Young:                0(  0.0%)      0.0B(  0.0%)]
         [Old:                 44(100.0%)    565.1K(100.0%)]
   [Total Exec: 467/2.0257367 secs, Idle: 467/142.9903859 secs, Blocked: 9/0.0144740 secs]
      [Inspected:          152804]
         [Skipped:           1094(  0.7%)]
         [Hashed:          150732( 98.6%)]
         [Known:             4840(  3.2%)]
         [New:             146870( 96.1%)   2738.3M]
      [Deduplicated:         9700(  6.6%)     87.8M(  3.2%)]
         [Young:               11(  0.1%)     87.2K(  0.1%)]
         [Old:               9689( 99.9%)     87.7M( 99.9%)]
   [Table]
      [Memory Usage: 1649.2K]
      [Size: 32768, Min: 1024, Max: 16777216]
      [Entries: 59445, Load: 181.4%, Cached: 0, Added: 141766, Removed: 82321]
      [Resize Count: 5, Shrink Threshold: 21845(66.7%), Grow Threshold: 65536(200.0%)]
      [Rehash Count: 1, Rehash Threshold: 120, Hash Seed: 0xc4e8cebb]
      [Age Threshold: 3]
   [Queue]
      [Dropped: 0]
2016-06-27T18:02:59.542+0300: 145.799: [GC pause (G1 Evacuation Pause) (young)
Desired survivor size 4718592 bytes, new threshold 1 (max 15)
- age   1:    7851264 bytes,    7851264 total
, 0.0061527 secs]
   [Parallel Time: 4.9 ms, GC Workers: 4]
      [GC Worker Start (ms): Min: 145799.4, Avg: 145799.4, Max: 145799.5, Diff: 0.0]
      [Ext Root Scanning (ms): Min: 0.6, Avg: 0.6, Max: 0.6, Diff: 0.0, Sum: 2.3]
      [Update RS (ms): Min: 1.0, Avg: 1.0, Max: 1.1, Diff: 0.2, Sum: 4.0]
         [Processed Buffers: Min: 7, Avg: 8.5, Max: 10, Diff: 3, Sum: 34]
      [Scan RS (ms): Min: 0.0, Avg: 0.0, Max: 0.0, Diff: 0.0, Sum: 0.0]
      [Code Root Scanning (ms): Min: 0.0, Avg: 0.0, Max: 0.0, Diff: 0.0, Sum: 0.0]
      [Object Copy (ms): Min: 3.2, Avg: 3.3, Max: 3.3, Diff: 0.2, Sum: 13.1]
      [Termination (ms): Min: 0.0, Avg: 0.0, Max: 0.0, Diff: 0.0, Sum: 0.0]
         [Termination Attempts: Min: 1, Avg: 1.0, Max: 1, Diff: 0, Sum: 4]
      [GC Worker Other (ms): Min: 0.0, Avg: 0.0, Max: 0.0, Diff: 0.0, Sum: 0.1]
      [GC Worker Total (ms): Min: 4.9, Avg: 4.9, Max: 4.9, Diff: 0.0, Sum: 19.7]
      [GC Worker End (ms): Min: 145804.4, Avg: 145804.4, Max: 145804.4, Diff: 0.0]
   [Code Root Fixup: 0.0 ms]
   [Code Root Purge: 0.0 ms]
   [String Dedup Fixup: 0.7 ms, GC Workers: 4]
      [Queue Fixup (ms): Min: 0.0, Avg: 0.0, Max: 0.0, Diff: 0.0, Sum: 0.0]
      [Table Fixup (ms): Min: 0.6, Avg: 0.7, Max: 0.7, Diff: 0.0, Sum: 2.6]
   [Clear CT: 0.0 ms]
   [Other: 0.5 ms]
      [Choose CSet: 0.0 ms]
      [Ref Proc: 0.1 ms]
      [Ref Enq: 0.0 ms]
      [Redirty Cards: 0.0 ms]
      [Humongous Register: 0.1 ms]
      [Humongous Reclaim: 0.0 ms]
      [Free CSet: 0.1 ms]
   [Eden: 57.0M(57.0M)->0.0B(56.0M) Survivors: 8192.0K->9216.0K Heap: 1294.0M(1301.0M)->1247.0M(1312.0M)]
 [Times: user=0.00 sys=0.00, real=0.01 secs] 
2016-06-27T18:02:59.548+0300: 145.806: Total time for which application threads were stopped: 0.0142212 seconds, Stopping threads took: 0.0072992 seconds
2016-06-27T18:02:59.554+0300: 145.812: [GC concurrent-string-deduplication, 8287.5K->7806.1K(481.4K), avg 3.2%, 0.0058362 secs]
   [Last Exec: 0.0058362 secs, Idle: 0.5168836 secs, Blocked: 0/0.0000000 secs]
      [Inspected:             416]
         [Skipped:              1(  0.2%)]
         [Hashed:             415( 99.8%)]
         [Known:                0(  0.0%)]
         [New:                415( 99.8%)   8287.5K]
      [Deduplicated:           25(  6.0%)    481.4K(  5.8%)]
         [Young:                0(  0.0%)      0.0B(  0.0%)]
         [Old:                 25(100.0%)    481.4K(100.0%)]
   [Total Exec: 468/2.0315729 secs, Idle: 468/143.5072695 secs, Blocked: 9/0.0144740 secs]
      [Inspected:          153220]
         [Skipped:           1095(  0.7%)]
         [Hashed:          151147( 98.6%)]
         [Known:             4840(  3.2%)]
         [New:             147285( 96.1%)   2746.4M]
      [Deduplicated:         9725(  6.6%)     88.3M(  3.2%)]
         [Young:               11(  0.1%)     87.2K(  0.1%)]
         [Old:               9714( 99.9%)     88.2M( 99.9%)]
   [Table]
      [Memory Usage: 1658.4K]
      [Size: 32768, Min: 1024, Max: 16777216]
      [Entries: 59835, Load: 182.6%, Cached: 0, Added: 142156, Removed: 82321]
      [Resize Count: 5, Shrink Threshold: 21845(66.7%), Grow Threshold: 65536(200.0%)]
      [Rehash Count: 1, Rehash Threshold: 120, Hash Seed: 0xc4e8cebb]
      [Age Threshold: 3]
   [Queue]
      [Dropped: 0]
2016-06-27T18:03:00.047+0300: 146.304: [GC pause (G1 Evacuation Pause) (young)
Desired survivor size 4718592 bytes, new threshold 1 (max 15)
- age   1:    8746616 bytes,    8746616 total
, 0.0059769 secs]
   [Parallel Time: 4.7 ms, GC Workers: 4]
      [GC Worker Start (ms): Min: 146304.6, Avg: 146304.6, Max: 146304.6, Diff: 0.0]
      [Ext Root Scanning (ms): Min: 0.6, Avg: 0.6, Max: 0.6, Diff: 0.1, Sum: 2.3]
      [Update RS (ms): Min: 0.7, Avg: 0.8, Max: 0.9, Diff: 0.2, Sum: 3.3]
         [Processed Buffers: Min: 3, Avg: 7.8, Max: 13, Diff: 10, Sum: 31]
      [Scan RS (ms): Min: 0.0, Avg: 0.0, Max: 0.0, Diff: 0.0, Sum: 0.0]
      [Code Root Scanning (ms): Min: 0.0, Avg: 0.0, Max: 0.0, Diff: 0.0, Sum: 0.0]
      [Object Copy (ms): Min: 3.2, Avg: 3.3, Max: 3.4, Diff: 0.2, Sum: 13.1]
      [Termination (ms): Min: 0.0, Avg: 0.0, Max: 0.0, Diff: 0.0, Sum: 0.0]
         [Termination Attempts: Min: 1, Avg: 1.0, Max: 1, Diff: 0, Sum: 4]
      [GC Worker Other (ms): Min: 0.0, Avg: 0.0, Max: 0.0, Diff: 0.0, Sum: 0.0]
      [GC Worker Total (ms): Min: 4.7, Avg: 4.7, Max: 4.7, Diff: 0.0, Sum: 18.8]
      [GC Worker End (ms): Min: 146309.3, Avg: 146309.3, Max: 146309.3, Diff: 0.0]
   [Code Root Fixup: 0.0 ms]
   [Code Root Purge: 0.0 ms]
   [String Dedup Fixup: 0.7 ms, GC Workers: 4]
      [Queue Fixup (ms): Min: 0.0, Avg: 0.0, Max: 0.0, Diff: 0.0, Sum: 0.0]
      [Table Fixup (ms): Min: 0.7, Avg: 0.7, Max: 0.7, Diff: 0.0, Sum: 2.7]
   [Clear CT: 0.0 ms]
   [Other: 0.5 ms]
      [Choose CSet: 0.0 ms]
      [Ref Proc: 0.0 ms]
      [Ref Enq: 0.0 ms]
      [Redirty Cards: 0.0 ms]
      [Humongous Register: 0.1 ms]
      [Humongous Reclaim: 0.0 ms]
      [Free CSet: 0.1 ms]
   [Eden: 56.0M(56.0M)->0.0B(57.0M) Survivors: 9216.0K->9216.0K Heap: 1303.0M(1312.0M)->1257.0M(1322.0M)]
 [Times: user=0.06 sys=0.00, real=0.01 secs] 
2016-06-27T18:03:00.053+0300: 146.311: Total time for which application threads were stopped: 0.0118725 seconds, Stopping threads took: 0.0051571 seconds
2016-06-27T18:03:00.060+0300: 146.317: [GC concurrent-string-deduplication, 8608.8K->8186.4K(422.4K), avg 3.2%, 0.0061420 secs]
   [Last Exec: 0.0061420 secs, Idle: 0.4990889 secs, Blocked: 0/0.0000000 secs]
      [Inspected:             432]
         [Skipped:              0(  0.0%)]
         [Hashed:             432(100.0%)]
         [Known:                0(  0.0%)]
         [New:                432(100.0%)   8608.8K]
      [Deduplicated:           23(  5.3%)    422.4K(  4.9%)]
         [Young:                0(  0.0%)      0.0B(  0.0%)]
         [Old:                 23(100.0%)    422.4K(100.0%)]
   [Total Exec: 469/2.0377148 secs, Idle: 469/144.0063584 secs, Blocked: 9/0.0144740 secs]
      [Inspected:          153652]
         [Skipped:           1095(  0.7%)]
         [Hashed:          151579( 98.7%)]
         [Known:             4840(  3.1%)]
         [New:             147717( 96.1%)   2754.8M]
      [Deduplicated:         9748(  6.6%)     88.7M(  3.2%)]
         [Young:               11(  0.1%)     87.2K(  0.1%)]
         [Old:               9737( 99.9%)     88.6M( 99.9%)]
   [Table]
      [Memory Usage: 1668.0K]
      [Size: 32768, Min: 1024, Max: 16777216]
      [Entries: 60244, Load: 183.9%, Cached: 0, Added: 142565, Removed: 82321]
      [Resize Count: 5, Shrink Threshold: 21845(66.7%), Grow Threshold: 65536(200.0%)]
      [Rehash Count: 1, Rehash Threshold: 120, Hash Seed: 0xc4e8cebb]
      [Age Threshold: 3]
   [Queue]
      [Dropped: 0]
2016-06-27T18:03:00.569+0300: 146.826: [GC pause (G1 Evacuation Pause) (young)
Desired survivor size 4718592 bytes, new threshold 1 (max 15)
- age   1:    9150328 bytes,    9150328 total
, 0.0061415 secs]
   [Parallel Time: 4.9 ms, GC Workers: 4]
      [GC Worker Start (ms): Min: 146826.1, Avg: 146826.1, Max: 146826.2, Diff: 0.1]
      [Ext Root Scanning (ms): Min: 0.5, Avg: 0.6, Max: 0.6, Diff: 0.1, Sum: 2.3]
      [Update RS (ms): Min: 0.7, Avg: 0.7, Max: 0.8, Diff: 0.1, Sum: 2.9]
         [Processed Buffers: Min: 2, Avg: 7.3, Max: 19, Diff: 17, Sum: 29]
      [Scan RS (ms): Min: 0.0, Avg: 0.0, Max: 0.0, Diff: 0.0, Sum: 0.0]
      [Code Root Scanning (ms): Min: 0.0, Avg: 0.0, Max: 0.0, Diff: 0.0, Sum: 0.0]
      [Object Copy (ms): Min: 3.5, Avg: 3.5, Max: 3.6, Diff: 0.1, Sum: 14.1]
      [Termination (ms): Min: 0.0, Avg: 0.0, Max: 0.0, Diff: 0.0, Sum: 0.0]
         [Termination Attempts: Min: 1, Avg: 1.0, Max: 1, Diff: 0, Sum: 4]
      [GC Worker Other (ms): Min: 0.0, Avg: 0.0, Max: 0.0, Diff: 0.0, Sum: 0.1]
      [GC Worker Total (ms): Min: 4.8, Avg: 4.9, Max: 4.9, Diff: 0.1, Sum: 19.4]
      [GC Worker End (ms): Min: 146831.0, Avg: 146831.0, Max: 146831.0, Diff: 0.0]
   [Code Root Fixup: 0.0 ms]
   [Code Root Purge: 0.0 ms]
   [String Dedup Fixup: 0.7 ms, GC Workers: 4]
      [Queue Fixup (ms): Min: 0.0, Avg: 0.0, Max: 0.0, Diff: 0.0, Sum: 0.0]
      [Table Fixup (ms): Min: 0.7, Avg: 0.7, Max: 0.7, Diff: 0.0, Sum: 2.6]
   [Clear CT: 0.1 ms]
   [Other: 0.5 ms]
      [Choose CSet: 0.0 ms]
      [Ref Proc: 0.0 ms]
      [Ref Enq: 0.0 ms]
      [Redirty Cards: 0.0 ms]
      [Humongous Register: 0.0 ms]
      [Humongous Reclaim: 0.0 ms]
      [Free CSet: 0.1 ms]
   [Eden: 57.0M(57.0M)->0.0B(57.0M) Survivors: 9216.0K->9216.0K Heap: 1314.0M(1322.0M)->1267.5M(1334.0M)]
 [Times: user=0.00 sys=0.00, real=0.01 secs] 
2016-06-27T18:03:00.575+0300: 146.832: Total time for which application threads were stopped: 0.0128998 seconds, Stopping threads took: 0.0059769 seconds
2016-06-27T18:03:00.581+0300: 146.839: [GC concurrent-string-deduplication, 8951.0K->8546.7K(404.4K), avg 3.2%, 0.0062040 secs]
   [Last Exec: 0.0062040 secs, Idle: 0.5153881 secs, Blocked: 0/0.0000000 secs]
      [Inspected:             452]
         [Skipped:              1(  0.2%)]
         [Hashed:             451( 99.8%)]
         [Known:                0(  0.0%)]
         [New:                451( 99.8%)   8951.0K]
      [Deduplicated:           24(  5.3%)    404.4K(  4.5%)]
         [Young:                0(  0.0%)      0.0B(  0.0%)]
         [Old:                 24(100.0%)    404.4K(100.0%)]
   [Total Exec: 470/2.0439188 secs, Idle: 470/144.5217464 secs, Blocked: 9/0.0144740 secs]
      [Inspected:          154104]
         [Skipped:           1096(  0.7%)]
         [Hashed:          152030( 98.7%)]
         [Known:             4840(  3.1%)]
         [New:             148168( 96.1%)   2763.5M]
      [Deduplicated:         9772(  6.6%)     89.1M(  3.2%)]
         [Young:               11(  0.1%)     87.2K(  0.1%)]
         [Old:               9761( 99.9%)     89.0M( 99.9%)]
   [Table]
      [Memory Usage: 1678.0K]
      [Size: 32768, Min: 1024, Max: 16777216]
      [Entries: 60671, Load: 185.2%, Cached: 0, Added: 142992, Removed: 82321]
      [Resize Count: 5, Shrink Threshold: 21845(66.7%), Grow Threshold: 65536(200.0%)]
      [Rehash Count: 1, Rehash Threshold: 120, Hash Seed: 0xc4e8cebb]
      [Age Threshold: 3]
   [Queue]
      [Dropped: 0]
2016-06-27T18:03:00.910+0300: 147.168: [GC remark 2016-06-27T18:03:00.911+0300: 147.168: [Finalize Marking, 0.0016302 secs] 2016-06-27T18:03:00.912+0300: 147.170: [GC ref-proc, 0.0001091 secs] 2016-06-27T18:03:00.912+0300: 147.170: [Unloading, 0.0033443 secs], 0.0086998 secs]
 [Times: user=0.00 sys=0.01, real=0.01 secs] 
2016-06-27T18:03:00.919+0300: 147.177: Total time for which application threads were stopped: 0.0142289 seconds, Stopping threads took: 0.0049587 seconds
2016-06-27T18:03:01.092+0300: 147.350: [GC pause (G1 Evacuation Pause) (young)
Desired survivor size 4718592 bytes, new threshold 1 (max 15)
- age   1:    9223144 bytes,    9223144 total
, 0.0063430 secs]
   [Parallel Time: 5.0 ms, GC Workers: 4]
      [GC Worker Start (ms): Min: 147350.2, Avg: 147350.2, Max: 147350.2, Diff: 0.0]
      [Ext Root Scanning (ms): Min: 0.5, Avg: 0.5, Max: 0.6, Diff: 0.1, Sum: 2.1]
      [Update RS (ms): Min: 1.0, Avg: 1.0, Max: 1.1, Diff: 0.2, Sum: 4.1]
         [Processed Buffers: Min: 2, Avg: 9.8, Max: 23, Diff: 21, Sum: 39]
      [Scan RS (ms): Min: 0.0, Avg: 0.0, Max: 0.0, Diff: 0.0, Sum: 0.0]
      [Code Root Scanning (ms): Min: 0.0, Avg: 0.0, Max: 0.0, Diff: 0.0, Sum: 0.0]
      [Object Copy (ms): Min: 3.3, Avg: 3.4, Max: 3.5, Diff: 0.2, Sum: 13.7]
      [Termination (ms): Min: 0.0, Avg: 0.0, Max: 0.0, Diff: 0.0, Sum: 0.0]
         [Termination Attempts: Min: 1, Avg: 1.0, Max: 1, Diff: 0, Sum: 4]
      [GC Worker Other (ms): Min: 0.0, Avg: 0.0, Max: 0.0, Diff: 0.0, Sum: 0.0]
      [GC Worker Total (ms): Min: 5.0, Avg: 5.0, Max: 5.0, Diff: 0.0, Sum: 20.0]
      [GC Worker End (ms): Min: 147355.2, Avg: 147355.2, Max: 147355.2, Diff: 0.0]
   [Code Root Fixup: 0.0 ms]
   [Code Root Purge: 0.0 ms]
   [String Dedup Fixup: 0.7 ms, GC Workers: 4]
      [Queue Fixup (ms): Min: 0.0, Avg: 0.0, Max: 0.0, Diff: 0.0, Sum: 0.0]
      [Table Fixup (ms): Min: 0.6, Avg: 0.7, Max: 0.7, Diff: 0.0, Sum: 2.6]
   [Clear CT: 0.1 ms]
   [Other: 0.5 ms]
      [Choose CSet: 0.0 ms]
      [Ref Proc: 0.1 ms]
      [Ref Enq: 0.0 ms]
      [Redirty Cards: 0.0 ms]
      [Humongous Register: 0.1 ms]
      [Humongous Reclaim: 0.0 ms]
      [Free CSet: 0.1 ms]
   [Eden: 57.0M(57.0M)->0.0B(58.0M) Survivors: 9216.0K->9216.0K Heap: 1324.5M(1334.0M)->1279.0M(1345.0M)]
 [Times: user=0.06 sys=0.00, real=0.01 secs] 
2016-06-27T18:03:01.099+0300: 147.357: Total time for which application threads were stopped: 0.0114073 seconds, Stopping threads took: 0.0044010 seconds
2016-06-27T18:03:01.100+0300: 147.357: [GC cleanup 1279M->1279M(1345M), 0.0026976 secs]
 [Times: user=0.00 sys=0.00, real=0.00 secs] 
2016-06-27T18:03:01.102+0300: 147.360: Total time for which application threads were stopped: 0.0033006 seconds, Stopping threads took: 0.0000761 seconds
2016-06-27T18:03:01.110+0300: 147.367: [GC concurrent-string-deduplication, 9888.7K->9447.4K(441.4K), avg 3.2%, 0.0072137 secs]
   [Last Exec: 0.0072137 secs, Idle: 0.5180297 secs, Blocked: 1/0.0033169 secs]
      [Inspected:             495]
         [Skipped:              0(  0.0%)]
         [Hashed:             495(100.0%)]
         [Known:                0(  0.0%)]
         [New:                495(100.0%)   9888.7K]
      [Deduplicated:           23(  4.6%)    441.4K(  4.5%)]
         [Young:                0(  0.0%)      0.0B(  0.0%)]
         [Old:                 23(100.0%)    441.4K(100.0%)]
   [Total Exec: 471/2.0511325 secs, Idle: 471/145.0397761 secs, Blocked: 10/0.0177908 secs]
      [Inspected:          154599]
         [Skipped:           1096(  0.7%)]
         [Hashed:          152525( 98.7%)]
         [Known:             4840(  3.1%)]
         [New:             148663( 96.2%)   2773.2M]
      [Deduplicated:         9795(  6.6%)     89.5M(  3.2%)]
         [Young:               11(  0.1%)     87.2K(  0.1%)]
         [Old:               9784( 99.9%)     89.4M( 99.9%)]
   [Table]
      [Memory Usage: 1678.0K]
      [Size: 32768, Min: 1024, Max: 16777216]
      [Entries: 58574, Load: 178.8%, Cached: 2097, Added: 143464, Removed: 84890]
      [Resize Count: 5, Shrink Threshold: 21845(66.7%), Grow Threshold: 65536(200.0%)]
      [Rehash Count: 1, Rehash Threshold: 120, Hash Seed: 0xc4e8cebb]
      [Age Threshold: 3]
   [Queue]
      [Dropped: 0]
Heap
 garbage-first heap   total 1377280K, used 1311744K [0x0000000680000000, 0x0000000680102a08, 0x00000007c0000000)
  region size 1024K, 12 young (12288K), 9 survivors (9216K)
 Metaspace       used 8927K, capacity 9306K, committed 9472K, reserved 1056768K
  class space    used 1069K, capacity 1156K, committed 1280K, reserved 1048576K
