Java HotSpot(TM) 64-Bit Server VM (25.65-b01) for windows-amd64 JRE (1.8.0_65-b17), built on Oct  6 2015 16:39:20 by "java_re" with MS VC++ 10.0 (VS2010)
Memory: 4k page, physical 16685676k(13575680k free), swap 19176044k(15361952k free)
CommandLine flags: -XX:InitialHeapSize=266970816 -XX:MaxHeapSize=5368709120 -XX:+PrintGC -XX:+PrintGCApplicationStoppedTime -XX:+PrintGCCause -XX:+PrintGCDateStamps -XX:+PrintGCDetails -XX:+PrintGCTimeStamps -XX:+PrintTenuringDistribution -XX:+UseCompressedClassPointers -XX:+UseCompressedOops -XX:+UseG1GC -XX:-UseLargePagesIndividualAllocation 
2016-06-27T20:24:57.896+0300: 0.173: [GC pause (G1 Evacuation Pause) (young)
Desired survivor size 1048576 bytes, new threshold 15 (max 15)
, 0.0012731 secs]
   [Parallel Time: 1.0 ms, GC Workers: 4]
      [GC Worker Start (ms): Min: 173.4, Avg: 173.4, Max: 173.4, Diff: 0.0]
      [Ext Root Scanning (ms): Min: 0.3, Avg: 0.3, Max: 0.3, Diff: 0.0, Sum: 1.2]
      [Update RS (ms): Min: 0.0, Avg: 0.0, Max: 0.0, Diff: 0.0, Sum: 0.0]
         [Processed Buffers: Min: 0, Avg: 0.0, Max: 0, Diff: 0, Sum: 0]
      [Scan RS (ms): Min: 0.0, Avg: 0.0, Max: 0.0, Diff: 0.0, Sum: 0.0]
      [Code Root Scanning (ms): Min: 0.0, Avg: 0.0, Max: 0.0, Diff: 0.0, Sum: 0.0]
      [Object Copy (ms): Min: 0.6, Avg: 0.6, Max: 0.6, Diff: 0.0, Sum: 2.4]
      [Termination (ms): Min: 0.0, Avg: 0.0, Max: 0.0, Diff: 0.0, Sum: 0.0]
         [Termination Attempts: Min: 1, Avg: 1.0, Max: 1, Diff: 0, Sum: 4]
      [GC Worker Other (ms): Min: 0.0, Avg: 0.0, Max: 0.0, Diff: 0.0, Sum: 0.1]
      [GC Worker Total (ms): Min: 0.9, Avg: 0.9, Max: 0.9, Diff: 0.0, Sum: 3.7]
      [GC Worker End (ms): Min: 174.3, Avg: 174.3, Max: 174.3, Diff: 0.0]
   [Code Root Fixup: 0.0 ms]
   [Code Root Purge: 0.0 ms]
   [Clear CT: 0.0 ms]
   [Other: 0.3 ms]
      [Choose CSet: 0.0 ms]
      [Ref Proc: 0.1 ms]
      [Ref Enq: 0.0 ms]
      [Redirty Cards: 0.0 ms]
      [Humongous Register: 0.0 ms]
      [Humongous Reclaim: 0.0 ms]
      [Free CSet: 0.0 ms]
   [Eden: 12.0M(12.0M)->0.0B(18.0M) Survivors: 0.0B->2048.0K Heap: 12.0M(256.0M)->2081.0K(256.0M)]
 [Times: user=0.00 sys=0.00, real=0.00 secs] 
2016-06-27T20:24:57.896+0300: 0.175: Total time for which application threads were stopped: 0.0037967 seconds, Stopping threads took: 0.0020686 seconds
2016-06-27T20:24:58.029+0300: 0.301: [GC pause (G1 Evacuation Pause) (young)
Desired survivor size 1572864 bytes, new threshold 1 (max 15)
- age   1:    2011408 bytes,    2011408 total
, 0.0017910 secs]
   [Parallel Time: 1.5 ms, GC Workers: 4]
      [GC Worker Start (ms): Min: 301.1, Avg: 301.1, Max: 301.1, Diff: 0.0]
      [Ext Root Scanning (ms): Min: 0.2, Avg: 0.2, Max: 0.2, Diff: 0.0, Sum: 0.9]
      [Update RS (ms): Min: 0.0, Avg: 0.0, Max: 0.0, Diff: 0.0, Sum: 0.0]
         [Processed Buffers: Min: 0, Avg: 0.3, Max: 1, Diff: 1, Sum: 1]
      [Scan RS (ms): Min: 0.0, Avg: 0.0, Max: 0.0, Diff: 0.0, Sum: 0.0]
      [Code Root Scanning (ms): Min: 0.0, Avg: 0.0, Max: 0.0, Diff: 0.0, Sum: 0.0]
      [Object Copy (ms): Min: 1.2, Avg: 1.2, Max: 1.3, Diff: 0.1, Sum: 4.9]
      [Termination (ms): Min: 0.0, Avg: 0.0, Max: 0.0, Diff: 0.0, Sum: 0.0]
         [Termination Attempts: Min: 1, Avg: 1.0, Max: 1, Diff: 0, Sum: 4]
      [GC Worker Other (ms): Min: 0.0, Avg: 0.0, Max: 0.0, Diff: 0.0, Sum: 0.0]
      [GC Worker Total (ms): Min: 1.5, Avg: 1.5, Max: 1.5, Diff: 0.0, Sum: 6.0]
      [GC Worker End (ms): Min: 302.6, Avg: 302.6, Max: 302.6, Diff: 0.0]
   [Code Root Fixup: 0.0 ms]
   [Code Root Purge: 0.0 ms]
   [Clear CT: 0.0 ms]
   [Other: 0.2 ms]
      [Choose CSet: 0.0 ms]
      [Ref Proc: 0.0 ms]
      [Ref Enq: 0.0 ms]
      [Redirty Cards: 0.0 ms]
      [Humongous Register: 0.0 ms]
      [Humongous Reclaim: 0.0 ms]
      [Free CSet: 0.0 ms]
   [Eden: 18.0M(18.0M)->0.0B(36.0M) Survivors: 2048.0K->3072.0K Heap: 20.0M(256.0M)->4960.5K(256.0M)]
 [Times: user=0.00 sys=0.00, real=0.00 secs] 
2016-06-27T20:24:58.031+0300: 0.303: Total time for which application threads were stopped: 0.0089983 seconds, Stopping threads took: 0.0069310 seconds
2016-06-27T20:24:58.273+0300: 0.545: [GC pause (G1 Evacuation Pause) (young)
Desired survivor size 2621440 bytes, new threshold 1 (max 15)
- age   1:    2972456 bytes,    2972456 total
, 0.0024145 secs]
   [Parallel Time: 2.1 ms, GC Workers: 4]
      [GC Worker Start (ms): Min: 545.1, Avg: 545.1, Max: 545.2, Diff: 0.0]
      [Ext Root Scanning (ms): Min: 0.2, Avg: 0.2, Max: 0.2, Diff: 0.0, Sum: 0.9]
      [Update RS (ms): Min: 0.0, Avg: 0.1, Max: 0.1, Diff: 0.1, Sum: 0.3]
         [Processed Buffers: Min: 1, Avg: 1.8, Max: 4, Diff: 3, Sum: 7]
      [Scan RS (ms): Min: 0.0, Avg: 0.0, Max: 0.0, Diff: 0.0, Sum: 0.0]
      [Code Root Scanning (ms): Min: 0.0, Avg: 0.0, Max: 0.0, Diff: 0.0, Sum: 0.0]
      [Object Copy (ms): Min: 1.6, Avg: 1.7, Max: 1.7, Diff: 0.1, Sum: 6.8]
      [Termination (ms): Min: 0.0, Avg: 0.0, Max: 0.0, Diff: 0.0, Sum: 0.0]
         [Termination Attempts: Min: 1, Avg: 1.0, Max: 1, Diff: 0, Sum: 4]
      [GC Worker Other (ms): Min: 0.0, Avg: 0.0, Max: 0.0, Diff: 0.0, Sum: 0.1]
      [GC Worker Total (ms): Min: 2.0, Avg: 2.0, Max: 2.0, Diff: 0.0, Sum: 8.1]
      [GC Worker End (ms): Min: 547.2, Avg: 547.2, Max: 547.2, Diff: 0.0]
   [Code Root Fixup: 0.0 ms]
   [Code Root Purge: 0.0 ms]
   [Clear CT: 0.0 ms]
   [Other: 0.3 ms]
      [Choose CSet: 0.0 ms]
      [Ref Proc: 0.1 ms]
      [Ref Enq: 0.0 ms]
      [Redirty Cards: 0.0 ms]
      [Humongous Register: 0.0 ms]
      [Humongous Reclaim: 0.0 ms]
      [Free CSet: 0.0 ms]
   [Eden: 36.0M(36.0M)->0.0B(62.0M) Survivors: 3072.0K->5120.0K Heap: 40.8M(256.0M)->9977.0K(256.0M)]
 [Times: user=0.00 sys=0.00, real=0.00 secs] 
2016-06-27T20:24:58.276+0300: 0.548: Total time for which application threads were stopped: 0.0036094 seconds, Stopping threads took: 0.0007441 seconds
2016-06-27T20:24:58.705+0300: 0.977: [GC pause (G1 Evacuation Pause) (young)
Desired survivor size 4718592 bytes, new threshold 1 (max 15)
- age   1:    5131752 bytes,    5131752 total
, 0.0037762 secs]
   [Parallel Time: 3.4 ms, GC Workers: 4]
      [GC Worker Start (ms): Min: 977.4, Avg: 977.4, Max: 977.4, Diff: 0.0]
      [Ext Root Scanning (ms): Min: 0.3, Avg: 0.3, Max: 0.3, Diff: 0.0, Sum: 1.1]
      [Update RS (ms): Min: 0.0, Avg: 0.1, Max: 0.2, Diff: 0.2, Sum: 0.3]
         [Processed Buffers: Min: 0, Avg: 1.5, Max: 3, Diff: 3, Sum: 6]
      [Scan RS (ms): Min: 0.0, Avg: 0.0, Max: 0.0, Diff: 0.0, Sum: 0.0]
      [Code Root Scanning (ms): Min: 0.0, Avg: 0.0, Max: 0.0, Diff: 0.0, Sum: 0.0]
      [Object Copy (ms): Min: 2.9, Avg: 3.0, Max: 3.1, Diff: 0.2, Sum: 11.9]
      [Termination (ms): Min: 0.0, Avg: 0.0, Max: 0.0, Diff: 0.0, Sum: 0.0]
         [Termination Attempts: Min: 1, Avg: 1.0, Max: 1, Diff: 0, Sum: 4]
      [GC Worker Other (ms): Min: 0.0, Avg: 0.0, Max: 0.0, Diff: 0.0, Sum: 0.0]
      [GC Worker Total (ms): Min: 3.3, Avg: 3.4, Max: 3.4, Diff: 0.0, Sum: 13.5]
      [GC Worker End (ms): Min: 980.8, Avg: 980.8, Max: 980.8, Diff: 0.0]
   [Code Root Fixup: 0.0 ms]
   [Code Root Purge: 0.0 ms]
   [Clear CT: 0.0 ms]
   [Other: 0.3 ms]
      [Choose CSet: 0.0 ms]
      [Ref Proc: 0.0 ms]
      [Ref Enq: 0.0 ms]
      [Redirty Cards: 0.0 ms]
      [Humongous Register: 0.0 ms]
      [Humongous Reclaim: 0.0 ms]
      [Free CSet: 0.1 ms]
   [Eden: 62.0M(62.0M)->0.0B(71.0M) Survivors: 5120.0K->9216.0K Heap: 71.7M(256.0M)->19.3M(256.0M)]
 [Times: user=0.03 sys=0.03, real=0.00 secs] 
2016-06-27T20:24:58.709+0300: 0.981: Total time for which application threads were stopped: 0.0055120 seconds, Stopping threads took: 0.0012334 seconds
2016-06-27T20:24:59.215+0300: 1.487: [GC pause (G1 Evacuation Pause) (young)
Desired survivor size 5242880 bytes, new threshold 1 (max 15)
- age   1:    8506048 bytes,    8506048 total
, 0.0047307 secs]
   [Parallel Time: 4.3 ms, GC Workers: 4]
      [GC Worker Start (ms): Min: 1487.1, Avg: 1487.1, Max: 1487.1, Diff: 0.0]
      [Ext Root Scanning (ms): Min: 0.3, Avg: 0.4, Max: 0.4, Diff: 0.0, Sum: 1.4]
      [Update RS (ms): Min: 0.0, Avg: 0.1, Max: 0.1, Diff: 0.1, Sum: 0.2]
         [Processed Buffers: Min: 0, Avg: 1.5, Max: 3, Diff: 3, Sum: 6]
      [Scan RS (ms): Min: 0.0, Avg: 0.0, Max: 0.0, Diff: 0.0, Sum: 0.0]
      [Code Root Scanning (ms): Min: 0.0, Avg: 0.0, Max: 0.0, Diff: 0.0, Sum: 0.0]
      [Object Copy (ms): Min: 3.7, Avg: 3.8, Max: 3.8, Diff: 0.1, Sum: 15.1]
      [Termination (ms): Min: 0.0, Avg: 0.0, Max: 0.0, Diff: 0.0, Sum: 0.0]
         [Termination Attempts: Min: 1, Avg: 1.0, Max: 1, Diff: 0, Sum: 4]
      [GC Worker Other (ms): Min: 0.0, Avg: 0.0, Max: 0.0, Diff: 0.0, Sum: 0.1]
      [GC Worker Total (ms): Min: 4.2, Avg: 4.2, Max: 4.2, Diff: 0.0, Sum: 16.8]
      [GC Worker End (ms): Min: 1491.3, Avg: 1491.3, Max: 1491.3, Diff: 0.0]
   [Code Root Fixup: 0.0 ms]
   [Code Root Purge: 0.0 ms]
   [Clear CT: 0.0 ms]
   [Other: 0.4 ms]
      [Choose CSet: 0.0 ms]
      [Ref Proc: 0.0 ms]
      [Ref Enq: 0.0 ms]
      [Redirty Cards: 0.0 ms]
      [Humongous Register: 0.0 ms]
      [Humongous Reclaim: 0.0 ms]
      [Free CSet: 0.1 ms]
   [Eden: 71.0M(71.0M)->0.0B(94.0M) Survivors: 9216.0K->10.0M Heap: 90.3M(256.0M)->29.1M(256.0M)]
 [Times: user=0.00 sys=0.00, real=0.01 secs] 
2016-06-27T20:24:59.220+0300: 1.492: Total time for which application threads were stopped: 0.0112755 seconds, Stopping threads took: 0.0059200 seconds
2016-06-27T20:24:59.887+0300: 2.159: [GC pause (G1 Evacuation Pause) (young)
Desired survivor size 6815744 bytes, new threshold 1 (max 15)
- age   1:   10314104 bytes,   10314104 total
, 0.0065277 secs]
   [Parallel Time: 6.0 ms, GC Workers: 4]
      [GC Worker Start (ms): Min: 2159.3, Avg: 2159.3, Max: 2159.3, Diff: 0.0]
      [Ext Root Scanning (ms): Min: 0.4, Avg: 0.4, Max: 0.4, Diff: 0.0, Sum: 1.8]
      [Update RS (ms): Min: 0.0, Avg: 0.1, Max: 0.2, Diff: 0.1, Sum: 0.4]
         [Processed Buffers: Min: 1, Avg: 3.3, Max: 9, Diff: 8, Sum: 13]
      [Scan RS (ms): Min: 0.0, Avg: 0.0, Max: 0.0, Diff: 0.0, Sum: 0.1]
      [Code Root Scanning (ms): Min: 0.0, Avg: 0.0, Max: 0.0, Diff: 0.0, Sum: 0.0]
      [Object Copy (ms): Min: 5.3, Avg: 5.4, Max: 5.4, Diff: 0.1, Sum: 21.4]
      [Termination (ms): Min: 0.0, Avg: 0.0, Max: 0.0, Diff: 0.0, Sum: 0.0]
         [Termination Attempts: Min: 1, Avg: 1.0, Max: 1, Diff: 0, Sum: 4]
      [GC Worker Other (ms): Min: 0.0, Avg: 0.0, Max: 0.0, Diff: 0.0, Sum: 0.1]
      [GC Worker Total (ms): Min: 5.9, Avg: 5.9, Max: 6.0, Diff: 0.0, Sum: 23.8]
      [GC Worker End (ms): Min: 2165.2, Avg: 2165.2, Max: 2165.2, Diff: 0.0]
   [Code Root Fixup: 0.0 ms]
   [Code Root Purge: 0.0 ms]
   [Clear CT: 0.1 ms]
   [Other: 0.5 ms]
      [Choose CSet: 0.0 ms]
      [Ref Proc: 0.1 ms]
      [Ref Enq: 0.0 ms]
      [Redirty Cards: 0.0 ms]
      [Humongous Register: 0.0 ms]
      [Humongous Reclaim: 0.0 ms]
      [Free CSet: 0.1 ms]
   [Eden: 94.0M(94.0M)->0.0B(120.0M) Survivors: 10.0M->13.0M Heap: 123.1M(256.0M)->43.9M(256.0M)]
 [Times: user=0.00 sys=0.00, real=0.01 secs] 
2016-06-27T20:24:59.894+0300: 2.166: Total time for which application threads were stopped: 0.0100033 seconds, Stopping threads took: 0.0028212 seconds
2016-06-27T20:25:00.791+0300: 3.063: [GC pause (G1 Evacuation Pause) (young)
Desired survivor size 8912896 bytes, new threshold 1 (max 15)
- age   1:   13368032 bytes,   13368032 total
, 0.0077320 secs]
   [Parallel Time: 7.2 ms, GC Workers: 4]
      [GC Worker Start (ms): Min: 3063.2, Avg: 3063.2, Max: 3063.2, Diff: 0.0]
      [Ext Root Scanning (ms): Min: 0.5, Avg: 0.5, Max: 0.6, Diff: 0.1, Sum: 2.1]
      [Update RS (ms): Min: 0.1, Avg: 0.2, Max: 0.2, Diff: 0.0, Sum: 0.7]
         [Processed Buffers: Min: 1, Avg: 4.0, Max: 13, Diff: 12, Sum: 16]
      [Scan RS (ms): Min: 0.0, Avg: 0.0, Max: 0.0, Diff: 0.0, Sum: 0.1]
      [Code Root Scanning (ms): Min: 0.0, Avg: 0.0, Max: 0.0, Diff: 0.0, Sum: 0.0]
      [Object Copy (ms): Min: 6.4, Avg: 6.4, Max: 6.5, Diff: 0.1, Sum: 25.7]
      [Termination (ms): Min: 0.0, Avg: 0.0, Max: 0.0, Diff: 0.0, Sum: 0.0]
         [Termination Attempts: Min: 1, Avg: 1.0, Max: 1, Diff: 0, Sum: 4]
      [GC Worker Other (ms): Min: 0.0, Avg: 0.0, Max: 0.0, Diff: 0.0, Sum: 0.1]
      [GC Worker Total (ms): Min: 7.1, Avg: 7.1, Max: 7.1, Diff: 0.0, Sum: 28.5]
      [GC Worker End (ms): Min: 3070.3, Avg: 3070.3, Max: 3070.3, Diff: 0.0]
   [Code Root Fixup: 0.0 ms]
   [Code Root Purge: 0.0 ms]
   [Clear CT: 0.0 ms]
   [Other: 0.5 ms]
      [Choose CSet: 0.0 ms]
      [Ref Proc: 0.0 ms]
      [Ref Enq: 0.0 ms]
      [Redirty Cards: 0.0 ms]
      [Humongous Register: 0.1 ms]
      [Humongous Reclaim: 0.0 ms]
      [Free CSet: 0.1 ms]
   [Eden: 120.0M(120.0M)->0.0B(135.0M) Survivors: 13.0M->17.0M Heap: 163.9M(256.0M)->63.0M(256.0M)]
 [Times: user=0.00 sys=0.00, real=0.01 secs] 
2016-06-27T20:25:00.799+0300: 3.071: Total time for which application threads were stopped: 0.0116472 seconds, Stopping threads took: 0.0030684 seconds
2016-06-27T20:25:01.832+0300: 4.104: Total time for which application threads were stopped: 0.0199201 seconds, Stopping threads took: 0.0193834 seconds
2016-06-27T20:25:01.874+0300: 4.146: [GC pause (G1 Evacuation Pause) (young)
Desired survivor size 9961472 bytes, new threshold 1 (max 15)
- age   1:   17528896 bytes,   17528896 total
, 0.0106276 secs]
   [Parallel Time: 10.0 ms, GC Workers: 4]
      [GC Worker Start (ms): Min: 4145.9, Avg: 4145.9, Max: 4145.9, Diff: 0.0]
      [Ext Root Scanning (ms): Min: 0.6, Avg: 0.8, Max: 1.3, Diff: 0.8, Sum: 3.2]
      [Update RS (ms): Min: 0.2, Avg: 2.1, Max: 7.5, Diff: 7.3, Sum: 8.3]
         [Processed Buffers: Min: 1, Avg: 7.0, Max: 20, Diff: 19, Sum: 28]
      [Scan RS (ms): Min: 0.0, Avg: 0.0, Max: 0.0, Diff: 0.0, Sum: 0.1]
      [Code Root Scanning (ms): Min: 0.0, Avg: 0.0, Max: 0.0, Diff: 0.0, Sum: 0.0]
      [Object Copy (ms): Min: 1.8, Avg: 6.4, Max: 9.0, Diff: 7.2, Sum: 25.8]
      [Termination (ms): Min: 0.0, Avg: 0.6, Max: 1.4, Diff: 1.4, Sum: 2.5]
         [Termination Attempts: Min: 1, Avg: 1.5, Max: 2, Diff: 1, Sum: 6]
      [GC Worker Other (ms): Min: 0.0, Avg: 0.0, Max: 0.0, Diff: 0.0, Sum: 0.1]
      [GC Worker Total (ms): Min: 10.0, Avg: 10.0, Max: 10.0, Diff: 0.0, Sum: 40.1]
      [GC Worker End (ms): Min: 4155.9, Avg: 4155.9, Max: 4155.9, Diff: 0.0]
   [Code Root Fixup: 0.0 ms]
   [Code Root Purge: 0.0 ms]
   [Clear CT: 0.0 ms]
   [Other: 0.5 ms]
      [Choose CSet: 0.0 ms]
      [Ref Proc: 0.1 ms]
      [Ref Enq: 0.0 ms]
      [Redirty Cards: 0.0 ms]
      [Humongous Register: 0.0 ms]
      [Humongous Reclaim: 0.0 ms]
      [Free CSet: 0.1 ms]
   [Eden: 135.0M(135.0M)->0.0B(120.0M) Survivors: 17.0M->19.0M Heap: 198.0M(256.0M)->84.5M(256.0M)]
 [Times: user=0.00 sys=0.05, real=0.01 secs] 
2016-06-27T20:25:01.884+0300: 4.157: Total time for which application threads were stopped: 0.0208233 seconds, Stopping threads took: 0.0094187 seconds
2016-06-27T20:25:02.848+0300: 5.120: [GC pause (G1 Evacuation Pause) (young)
Desired survivor size 9437184 bytes, new threshold 1 (max 15)
- age   1:   19192040 bytes,   19192040 total
, 0.0079668 secs]
   [Parallel Time: 7.4 ms, GC Workers: 4]
      [GC Worker Start (ms): Min: 5120.5, Avg: 5120.5, Max: 5120.5, Diff: 0.0]
      [Ext Root Scanning (ms): Min: 0.5, Avg: 0.5, Max: 0.6, Diff: 0.1, Sum: 2.2]
      [Update RS (ms): Min: 0.3, Avg: 0.4, Max: 0.5, Diff: 0.2, Sum: 1.6]
         [Processed Buffers: Min: 1, Avg: 7.8, Max: 14, Diff: 13, Sum: 31]
      [Scan RS (ms): Min: 0.0, Avg: 0.0, Max: 0.0, Diff: 0.0, Sum: 0.1]
      [Code Root Scanning (ms): Min: 0.0, Avg: 0.0, Max: 0.0, Diff: 0.0, Sum: 0.0]
      [Object Copy (ms): Min: 6.2, Avg: 6.4, Max: 6.4, Diff: 0.2, Sum: 25.4]
      [Termination (ms): Min: 0.0, Avg: 0.0, Max: 0.0, Diff: 0.0, Sum: 0.0]
         [Termination Attempts: Min: 1, Avg: 1.0, Max: 1, Diff: 0, Sum: 4]
      [GC Worker Other (ms): Min: 0.0, Avg: 0.0, Max: 0.0, Diff: 0.0, Sum: 0.1]
      [GC Worker Total (ms): Min: 7.3, Avg: 7.3, Max: 7.3, Diff: 0.0, Sum: 29.3]
      [GC Worker End (ms): Min: 5127.8, Avg: 5127.8, Max: 5127.8, Diff: 0.0]
   [Code Root Fixup: 0.0 ms]
   [Code Root Purge: 0.0 ms]
   [Clear CT: 0.1 ms]
   [Other: 0.5 ms]
      [Choose CSet: 0.0 ms]
      [Ref Proc: 0.1 ms]
      [Ref Enq: 0.0 ms]
      [Redirty Cards: 0.0 ms]
      [Humongous Register: 0.0 ms]
      [Humongous Reclaim: 0.0 ms]
      [Free CSet: 0.1 ms]
   [Eden: 120.0M(120.0M)->0.0B(106.0M) Survivors: 19.0M->18.0M Heap: 204.5M(256.0M)->104.0M(256.0M)]
 [Times: user=0.01 sys=0.00, real=0.01 secs] 
2016-06-27T20:25:02.857+0300: 5.129: Total time for which application threads were stopped: 0.0169223 seconds, Stopping threads took: 0.0081284 seconds
2016-06-27T20:25:03.715+0300: 5.987: [GC pause (G1 Evacuation Pause) (young)
Desired survivor size 8388608 bytes, new threshold 1 (max 15)
- age   1:   18404896 bytes,   18404896 total
, 0.0069472 secs]
   [Parallel Time: 6.4 ms, GC Workers: 4]
      [GC Worker Start (ms): Min: 5987.2, Avg: 5987.3, Max: 5987.3, Diff: 0.0]
      [Ext Root Scanning (ms): Min: 0.5, Avg: 0.5, Max: 0.6, Diff: 0.1, Sum: 2.1]
      [Update RS (ms): Min: 0.4, Avg: 0.4, Max: 0.4, Diff: 0.0, Sum: 1.6]
         [Processed Buffers: Min: 2, Avg: 5.0, Max: 9, Diff: 7, Sum: 20]
      [Scan RS (ms): Min: 0.0, Avg: 0.0, Max: 0.0, Diff: 0.0, Sum: 0.1]
      [Code Root Scanning (ms): Min: 0.0, Avg: 0.0, Max: 0.0, Diff: 0.0, Sum: 0.0]
      [Object Copy (ms): Min: 5.4, Avg: 5.4, Max: 5.4, Diff: 0.1, Sum: 21.7]
      [Termination (ms): Min: 0.0, Avg: 0.0, Max: 0.0, Diff: 0.0, Sum: 0.0]
         [Termination Attempts: Min: 1, Avg: 1.0, Max: 1, Diff: 0, Sum: 4]
      [GC Worker Other (ms): Min: 0.0, Avg: 0.0, Max: 0.0, Diff: 0.0, Sum: 0.1]
      [GC Worker Total (ms): Min: 6.4, Avg: 6.4, Max: 6.4, Diff: 0.0, Sum: 25.5]
      [GC Worker End (ms): Min: 5993.6, Avg: 5993.6, Max: 5993.6, Diff: 0.0]
   [Code Root Fixup: 0.0 ms]
   [Code Root Purge: 0.0 ms]
   [Clear CT: 0.0 ms]
   [Other: 0.5 ms]
      [Choose CSet: 0.0 ms]
      [Ref Proc: 0.0 ms]
      [Ref Enq: 0.0 ms]
      [Redirty Cards: 0.0 ms]
      [Humongous Register: 0.0 ms]
      [Humongous Reclaim: 0.0 ms]
      [Free CSet: 0.1 ms]
   [Eden: 106.0M(106.0M)->0.0B(92.0M) Survivors: 18.0M->16.0M Heap: 210.0M(256.0M)->122.0M(256.0M)]
 [Times: user=0.00 sys=0.00, real=0.01 secs] 
2016-06-27T20:25:03.722+0300: 5.994: Total time for which application threads were stopped: 0.0110112 seconds, Stopping threads took: 0.0033502 seconds
2016-06-27T20:25:04.480+0300: 6.752: [GC pause (G1 Evacuation Pause) (young)
Desired survivor size 7340032 bytes, new threshold 1 (max 15)
- age   1:   16497160 bytes,   16497160 total
, 0.0064931 secs]
   [Parallel Time: 5.9 ms, GC Workers: 4]
      [GC Worker Start (ms): Min: 6752.6, Avg: 6752.6, Max: 6752.6, Diff: 0.0]
      [Ext Root Scanning (ms): Min: 0.5, Avg: 0.5, Max: 0.6, Diff: 0.1, Sum: 2.1]
      [Update RS (ms): Min: 0.4, Avg: 0.4, Max: 0.4, Diff: 0.0, Sum: 1.7]
         [Processed Buffers: Min: 2, Avg: 11.3, Max: 17, Diff: 15, Sum: 45]
      [Scan RS (ms): Min: 0.0, Avg: 0.0, Max: 0.0, Diff: 0.0, Sum: 0.1]
      [Code Root Scanning (ms): Min: 0.0, Avg: 0.0, Max: 0.0, Diff: 0.0, Sum: 0.0]
      [Object Copy (ms): Min: 4.8, Avg: 4.8, Max: 4.8, Diff: 0.0, Sum: 19.1]
      [Termination (ms): Min: 0.0, Avg: 0.0, Max: 0.0, Diff: 0.0, Sum: 0.0]
         [Termination Attempts: Min: 1, Avg: 1.0, Max: 1, Diff: 0, Sum: 4]
      [GC Worker Other (ms): Min: 0.0, Avg: 0.0, Max: 0.1, Diff: 0.1, Sum: 0.2]
      [GC Worker Total (ms): Min: 5.7, Avg: 5.8, Max: 5.9, Diff: 0.1, Sum: 23.1]
      [GC Worker End (ms): Min: 6758.3, Avg: 6758.4, Max: 6758.5, Diff: 0.1]
   [Code Root Fixup: 0.0 ms]
   [Code Root Purge: 0.0 ms]
   [Clear CT: 0.0 ms]
   [Other: 0.5 ms]
      [Choose CSet: 0.0 ms]
      [Ref Proc: 0.1 ms]
      [Ref Enq: 0.0 ms]
      [Redirty Cards: 0.1 ms]
      [Humongous Register: 0.0 ms]
      [Humongous Reclaim: 0.0 ms]
      [Free CSet: 0.1 ms]
   [Eden: 92.0M(92.0M)->0.0B(78.0M) Survivors: 16.0M->14.0M Heap: 214.0M(256.0M)->138.0M(256.0M)]
 [Times: user=0.00 sys=0.00, real=0.01 secs] 
2016-06-27T20:25:04.487+0300: 6.759: Total time for which application threads were stopped: 0.0099874 seconds, Stopping threads took: 0.0027716 seconds
2016-06-27T20:25:05.147+0300: 7.419: [GC pause (G1 Evacuation Pause) (young) (initial-mark)
Desired survivor size 6291456 bytes, new threshold 1 (max 15)
- age   1:   14432048 bytes,   14432048 total
, 0.0058717 secs]
   [Parallel Time: 5.3 ms, GC Workers: 4]
      [GC Worker Start (ms): Min: 7419.7, Avg: 7419.7, Max: 7419.7, Diff: 0.0]
      [Ext Root Scanning (ms): Min: 0.5, Avg: 0.5, Max: 0.6, Diff: 0.0, Sum: 2.2]
      [Update RS (ms): Min: 0.4, Avg: 0.4, Max: 0.4, Diff: 0.0, Sum: 1.6]
         [Processed Buffers: Min: 8, Avg: 13.5, Max: 24, Diff: 16, Sum: 54]
      [Scan RS (ms): Min: 0.0, Avg: 0.0, Max: 0.0, Diff: 0.0, Sum: 0.0]
      [Code Root Scanning (ms): Min: 0.0, Avg: 0.0, Max: 0.0, Diff: 0.0, Sum: 0.0]
      [Object Copy (ms): Min: 4.2, Avg: 4.3, Max: 4.3, Diff: 0.0, Sum: 17.1]
      [Termination (ms): Min: 0.0, Avg: 0.0, Max: 0.0, Diff: 0.0, Sum: 0.0]
         [Termination Attempts: Min: 1, Avg: 1.0, Max: 1, Diff: 0, Sum: 4]
      [GC Worker Other (ms): Min: 0.0, Avg: 0.0, Max: 0.0, Diff: 0.0, Sum: 0.1]
      [GC Worker Total (ms): Min: 5.2, Avg: 5.3, Max: 5.3, Diff: 0.0, Sum: 21.0]
      [GC Worker End (ms): Min: 7424.9, Avg: 7424.9, Max: 7424.9, Diff: 0.0]
   [Code Root Fixup: 0.0 ms]
   [Code Root Purge: 0.0 ms]
   [Clear CT: 0.0 ms]
   [Other: 0.6 ms]
      [Choose CSet: 0.0 ms]
      [Ref Proc: 0.0 ms]
      [Ref Enq: 0.0 ms]
      [Redirty Cards: 0.0 ms]
      [Humongous Register: 0.0 ms]
      [Humongous Reclaim: 0.0 ms]
      [Free CSet: 0.1 ms]
   [Eden: 78.0M(78.0M)->0.0B(65.0M) Survivors: 14.0M->12.0M Heap: 216.0M(256.0M)->152.5M(256.0M)]
 [Times: user=0.00 sys=0.00, real=0.01 secs] 
2016-06-27T20:25:05.154+0300: 7.426: [GC concurrent-root-region-scan-start]
2016-06-27T20:25:05.154+0300: 7.426: Total time for which application threads were stopped: 0.0104805 seconds, Stopping threads took: 0.0038232 seconds
2016-06-27T20:25:05.154+0300: 7.426: [GC concurrent-root-region-scan-end, 0.0005825 secs]
2016-06-27T20:25:05.154+0300: 7.426: [GC concurrent-mark-start]
2016-06-27T20:25:05.168+0300: 7.440: [GC concurrent-mark-end, 0.0075511 secs]
2016-06-27T20:25:05.194+0300: 7.466: [GC remark 2016-06-27T20:25:05.194+0300: 7.466: [Finalize Marking, 0.0002019 secs] 2016-06-27T20:25:05.194+0300: 7.466: [GC ref-proc, 0.0000569 secs] 2016-06-27T20:25:05.194+0300: 7.466: [Unloading, 0.0009656 secs], 0.0025706 secs]
 [Times: user=0.00 sys=0.00, real=0.00 secs] 
2016-06-27T20:25:05.197+0300: 7.469: Total time for which application threads were stopped: 0.0047914 seconds, Stopping threads took: 0.0016448 seconds
2016-06-27T20:25:05.198+0300: 7.470: [GC cleanup 158M->158M(256M), 0.0002938 secs]
 [Times: user=0.00 sys=0.00, real=0.00 secs] 
2016-06-27T20:25:05.199+0300: 7.471: Total time for which application threads were stopped: 0.0010144 seconds, Stopping threads took: 0.0001300 seconds
2016-06-27T20:25:05.697+0300: 7.969: [GC pause (G1 Evacuation Pause) (young)
Desired survivor size 5242880 bytes, new threshold 1 (max 15)
- age   1:   12348976 bytes,   12348976 total
, 0.0049980 secs]
   [Parallel Time: 4.4 ms, GC Workers: 4]
      [GC Worker Start (ms): Min: 7969.3, Avg: 7969.3, Max: 7969.3, Diff: 0.0]
      [Ext Root Scanning (ms): Min: 0.5, Avg: 0.5, Max: 0.5, Diff: 0.0, Sum: 2.0]
      [Update RS (ms): Min: 0.4, Avg: 0.4, Max: 0.4, Diff: 0.0, Sum: 1.6]
         [Processed Buffers: Min: 1, Avg: 8.5, Max: 23, Diff: 22, Sum: 34]
      [Scan RS (ms): Min: 0.0, Avg: 0.0, Max: 0.0, Diff: 0.0, Sum: 0.0]
      [Code Root Scanning (ms): Min: 0.0, Avg: 0.0, Max: 0.0, Diff: 0.0, Sum: 0.0]
      [Object Copy (ms): Min: 3.4, Avg: 3.5, Max: 3.5, Diff: 0.0, Sum: 13.8]
      [Termination (ms): Min: 0.0, Avg: 0.0, Max: 0.0, Diff: 0.0, Sum: 0.0]
         [Termination Attempts: Min: 1, Avg: 1.0, Max: 1, Diff: 0, Sum: 4]
      [GC Worker Other (ms): Min: 0.0, Avg: 0.0, Max: 0.0, Diff: 0.0, Sum: 0.1]
      [GC Worker Total (ms): Min: 4.4, Avg: 4.4, Max: 4.4, Diff: 0.0, Sum: 17.5]
      [GC Worker End (ms): Min: 7973.7, Avg: 7973.7, Max: 7973.7, Diff: 0.0]
   [Code Root Fixup: 0.0 ms]
   [Code Root Purge: 0.0 ms]
   [Clear CT: 0.0 ms]
   [Other: 0.6 ms]
      [Choose CSet: 0.0 ms]
      [Ref Proc: 0.2 ms]
      [Ref Enq: 0.0 ms]
      [Redirty Cards: 0.0 ms]
      [Humongous Register: 0.0 ms]
      [Humongous Reclaim: 0.0 ms]
      [Free CSet: 0.1 ms]
   [Eden: 65.0M(65.0M)->0.0B(56.0M) Survivors: 12.0M->10.0M Heap: 217.5M(256.0M)->163.5M(256.0M)]
 [Times: user=0.00 sys=0.00, real=0.00 secs] 
2016-06-27T20:25:05.703+0300: 7.974: Total time for which application threads were stopped: 0.0113846 seconds, Stopping threads took: 0.0056245 seconds
2016-06-27T20:25:06.184+0300: 8.456: [GC pause (G1 Evacuation Pause) (young)
Desired survivor size 4718592 bytes, new threshold 1 (max 15)
- age   1:   10229816 bytes,   10229816 total
, 0.0045451 secs]
   [Parallel Time: 4.0 ms, GC Workers: 4]
      [GC Worker Start (ms): Min: 8456.6, Avg: 8456.6, Max: 8456.7, Diff: 0.0]
      [Ext Root Scanning (ms): Min: 0.5, Avg: 0.5, Max: 0.6, Diff: 0.1, Sum: 2.2]
      [Update RS (ms): Min: 0.4, Avg: 0.4, Max: 0.4, Diff: 0.0, Sum: 1.5]
         [Processed Buffers: Min: 2, Avg: 10.8, Max: 29, Diff: 27, Sum: 43]
      [Scan RS (ms): Min: 0.0, Avg: 0.0, Max: 0.0, Diff: 0.0, Sum: 0.0]
      [Code Root Scanning (ms): Min: 0.0, Avg: 0.0, Max: 0.0, Diff: 0.0, Sum: 0.0]
      [Object Copy (ms): Min: 3.0, Avg: 3.0, Max: 3.1, Diff: 0.1, Sum: 12.1]
      [Termination (ms): Min: 0.0, Avg: 0.0, Max: 0.0, Diff: 0.0, Sum: 0.0]
         [Termination Attempts: Min: 1, Avg: 1.0, Max: 1, Diff: 0, Sum: 4]
      [GC Worker Other (ms): Min: 0.0, Avg: 0.0, Max: 0.0, Diff: 0.0, Sum: 0.1]
      [GC Worker Total (ms): Min: 4.0, Avg: 4.0, Max: 4.0, Diff: 0.0, Sum: 15.9]
      [GC Worker End (ms): Min: 8460.6, Avg: 8460.6, Max: 8460.6, Diff: 0.0]
   [Code Root Fixup: 0.0 ms]
   [Code Root Purge: 0.0 ms]
   [Clear CT: 0.1 ms]
   [Other: 0.5 ms]
      [Choose CSet: 0.0 ms]
      [Ref Proc: 0.1 ms]
      [Ref Enq: 0.0 ms]
      [Redirty Cards: 0.0 ms]
      [Humongous Register: 0.0 ms]
      [Humongous Reclaim: 0.0 ms]
      [Free CSet: 0.1 ms]
   [Eden: 56.0M(56.0M)->0.0B(47.0M) Survivors: 10.0M->9216.0K Heap: 219.5M(256.0M)->174.0M(256.0M)]
 [Times: user=0.00 sys=0.00, real=0.00 secs] 
2016-06-27T20:25:06.189+0300: 8.461: Total time for which application threads were stopped: 0.0072034 seconds, Stopping threads took: 0.0018907 seconds
2016-06-27T20:25:06.582+0300: 8.854: [GC pause (G1 Evacuation Pause) (young) (initial-mark)
Desired survivor size 3670016 bytes, new threshold 1 (max 15)
- age   1:    9119256 bytes,    9119256 total
, 0.0042594 secs]
   [Parallel Time: 3.7 ms, GC Workers: 4]
      [GC Worker Start (ms): Min: 8854.1, Avg: 8854.1, Max: 8854.2, Diff: 0.0]
      [Ext Root Scanning (ms): Min: 0.5, Avg: 0.5, Max: 0.5, Diff: 0.0, Sum: 2.1]
      [Update RS (ms): Min: 0.4, Avg: 0.4, Max: 0.4, Diff: 0.0, Sum: 1.4]
         [Processed Buffers: Min: 5, Avg: 13.0, Max: 20, Diff: 15, Sum: 52]
      [Scan RS (ms): Min: 0.0, Avg: 0.0, Max: 0.0, Diff: 0.0, Sum: 0.0]
      [Code Root Scanning (ms): Min: 0.0, Avg: 0.0, Max: 0.0, Diff: 0.0, Sum: 0.0]
      [Object Copy (ms): Min: 2.6, Avg: 2.6, Max: 2.6, Diff: 0.1, Sum: 10.5]
      [Termination (ms): Min: 0.0, Avg: 0.0, Max: 0.0, Diff: 0.0, Sum: 0.0]
         [Termination Attempts: Min: 1, Avg: 1.0, Max: 1, Diff: 0, Sum: 4]
      [GC Worker Other (ms): Min: 0.0, Avg: 0.0, Max: 0.0, Diff: 0.0, Sum: 0.1]
      [GC Worker Total (ms): Min: 3.5, Avg: 3.5, Max: 3.6, Diff: 0.0, Sum: 14.1]
      [GC Worker End (ms): Min: 8857.7, Avg: 8857.7, Max: 8857.7, Diff: 0.0]
   [Code Root Fixup: 0.0 ms]
   [Code Root Purge: 0.0 ms]
   [Clear CT: 0.0 ms]
   [Other: 0.6 ms]
      [Choose CSet: 0.0 ms]
      [Ref Proc: 0.1 ms]
      [Ref Enq: 0.0 ms]
      [Redirty Cards: 0.1 ms]
      [Humongous Register: 0.0 ms]
      [Humongous Reclaim: 0.0 ms]
      [Free CSet: 0.1 ms]
   [Eden: 47.0M(47.0M)->0.0B(39.0M) Survivors: 9216.0K->7168.0K Heap: 221.0M(256.0M)->183.0M(256.0M)]
 [Times: user=0.06 sys=0.00, real=0.00 secs] 
2016-06-27T20:25:06.586+0300: 8.858: 2016-06-27T20:25:06.586+0300: Total time for which application threads were stopped: 0.0081058 seconds, Stopping threads took: 0.0031082 seconds
8.858: [GC concurrent-root-region-scan-start]
2016-06-27T20:25:06.587+0300: 8.859: [GC concurrent-root-region-scan-end, 0.0003045 secs]
2016-06-27T20:25:06.587+0300: 8.859: [GC concurrent-mark-start]
2016-06-27T20:25:06.595+0300: 8.867: [GC concurrent-mark-end, 0.0080540 secs]
2016-06-27T20:25:06.616+0300: 8.888: [GC remark 2016-06-27T20:25:06.616+0300: 8.888: [Finalize Marking, 0.0002155 secs] 2016-06-27T20:25:06.616+0300: 8.888: [GC ref-proc, 0.0000599 secs] 2016-06-27T20:25:06.617+0300: 8.889: [Unloading, 0.0009374 secs], 0.0021113 secs]
 [Times: user=0.00 sys=0.00, real=0.00 secs] 
2016-06-27T20:25:06.618+0300: 8.890: Total time for which application threads were stopped: 0.0031599 seconds, Stopping threads took: 0.0004909 seconds
2016-06-27T20:25:06.619+0300: 8.891: [GC cleanup 186M->186M(256M), 0.0002613 secs]
 [Times: user=0.00 sys=0.00, real=0.00 secs] 
2016-06-27T20:25:06.619+0300: 8.891: Total time for which application threads were stopped: 0.0008587 seconds, Stopping threads took: 0.0000479 seconds
2016-06-27T20:25:06.919+0300: 9.192: [GC pause (G1 Evacuation Pause) (young)
Desired survivor size 3145728 bytes, new threshold 1 (max 15)
- age   1:    7101408 bytes,    7101408 total
, 0.0034174 secs]
   [Parallel Time: 3.0 ms, GC Workers: 4]
      [GC Worker Start (ms): Min: 9191.8, Avg: 9191.8, Max: 9191.8, Diff: 0.0]
      [Ext Root Scanning (ms): Min: 0.5, Avg: 0.6, Max: 0.7, Diff: 0.2, Sum: 2.3]
      [Update RS (ms): Min: 0.2, Avg: 0.3, Max: 0.4, Diff: 0.1, Sum: 1.2]
         [Processed Buffers: Min: 1, Avg: 6.8, Max: 13, Diff: 12, Sum: 27]
      [Scan RS (ms): Min: 0.0, Avg: 0.0, Max: 0.0, Diff: 0.0, Sum: 0.0]
      [Code Root Scanning (ms): Min: 0.0, Avg: 0.0, Max: 0.0, Diff: 0.0, Sum: 0.0]
      [Object Copy (ms): Min: 2.0, Avg: 2.0, Max: 2.0, Diff: 0.0, Sum: 8.1]
      [Termination (ms): Min: 0.0, Avg: 0.0, Max: 0.0, Diff: 0.0, Sum: 0.0]
         [Termination Attempts: Min: 1, Avg: 1.0, Max: 1, Diff: 0, Sum: 4]
      [GC Worker Other (ms): Min: 0.0, Avg: 0.0, Max: 0.0, Diff: 0.0, Sum: 0.1]
      [GC Worker Total (ms): Min: 2.9, Avg: 2.9, Max: 2.9, Diff: 0.0, Sum: 11.7]
      [GC Worker End (ms): Min: 9194.8, Avg: 9194.8, Max: 9194.8, Diff: 0.0]
   [Code Root Fixup: 0.0 ms]
   [Code Root Purge: 0.0 ms]
   [Clear CT: 0.0 ms]
   [Other: 0.4 ms]
      [Choose CSet: 0.0 ms]
      [Ref Proc: 0.0 ms]
      [Ref Enq: 0.0 ms]
      [Redirty Cards: 0.0 ms]
      [Humongous Register: 0.0 ms]
      [Humongous Reclaim: 0.0 ms]
      [Free CSet: 0.1 ms]
   [Eden: 39.0M(39.0M)->0.0B(6144.0K) Survivors: 7168.0K->6144.0K Heap: 222.0M(256.0M)->190.0M(256.0M)]
 [Times: user=0.00 sys=0.00, real=0.00 secs] 
2016-06-27T20:25:06.923+0300: 9.195: Total time for which application threads were stopped: 0.0056130 seconds, Stopping threads took: 0.0014403 seconds
2016-06-27T20:25:06.974+0300: 9.246: [GC pause (G1 Evacuation Pause) (mixed)
Desired survivor size 1048576 bytes, new threshold 1 (max 15)
- age   1:    6160816 bytes,    6160816 total
, 0.0022636 secs]
   [Parallel Time: 1.9 ms, GC Workers: 4]
      [GC Worker Start (ms): Min: 9246.5, Avg: 9246.5, Max: 9246.5, Diff: 0.0]
      [Ext Root Scanning (ms): Min: 0.5, Avg: 0.5, Max: 0.6, Diff: 0.1, Sum: 2.1]
      [Update RS (ms): Min: 0.2, Avg: 0.2, Max: 0.3, Diff: 0.1, Sum: 0.8]
         [Processed Buffers: Min: 1, Avg: 1.8, Max: 4, Diff: 3, Sum: 7]
      [Scan RS (ms): Min: 0.0, Avg: 0.0, Max: 0.0, Diff: 0.0, Sum: 0.0]
      [Code Root Scanning (ms): Min: 0.0, Avg: 0.0, Max: 0.0, Diff: 0.0, Sum: 0.0]
      [Object Copy (ms): Min: 1.0, Avg: 1.0, Max: 1.1, Diff: 0.1, Sum: 4.2]
      [Termination (ms): Min: 0.0, Avg: 0.0, Max: 0.0, Diff: 0.0, Sum: 0.0]
         [Termination Attempts: Min: 1, Avg: 1.0, Max: 1, Diff: 0, Sum: 4]
      [GC Worker Other (ms): Min: 0.0, Avg: 0.0, Max: 0.0, Diff: 0.0, Sum: 0.1]
      [GC Worker Total (ms): Min: 1.8, Avg: 1.8, Max: 1.8, Diff: 0.0, Sum: 7.3]
      [GC Worker End (ms): Min: 9248.3, Avg: 9248.3, Max: 9248.3, Diff: 0.0]
   [Code Root Fixup: 0.0 ms]
   [Code Root Purge: 0.0 ms]
   [Clear CT: 0.0 ms]
   [Other: 0.4 ms]
      [Choose CSet: 0.0 ms]
      [Ref Proc: 0.1 ms]
      [Ref Enq: 0.0 ms]
      [Redirty Cards: 0.0 ms]
      [Humongous Register: 0.0 ms]
      [Humongous Reclaim: 0.0 ms]
      [Free CSet: 0.0 ms]
   [Eden: 6144.0K(6144.0K)->0.0B(33.0M) Survivors: 6144.0K->2048.0K Heap: 196.0M(256.0M)->190.0M(256.0M)]
 [Times: user=0.00 sys=0.00, real=0.00 secs] 
2016-06-27T20:25:06.977+0300: 9.249: Total time for which application threads were stopped: 0.0038224 seconds, Stopping threads took: 0.0007638 seconds
2016-06-27T20:25:07.260+0300: 9.532: [GC pause (G1 Evacuation Pause) (young)
Desired survivor size 2621440 bytes, new threshold 15 (max 15)
- age   1:    1103040 bytes,    1103040 total
, 0.0022944 secs]
   [Parallel Time: 1.8 ms, GC Workers: 4]
      [GC Worker Start (ms): Min: 9532.1, Avg: 9532.1, Max: 9532.1, Diff: 0.0]
      [Ext Root Scanning (ms): Min: 0.5, Avg: 0.5, Max: 0.5, Diff: 0.0, Sum: 2.1]
      [Update RS (ms): Min: 0.2, Avg: 0.2, Max: 0.2, Diff: 0.0, Sum: 1.0]
         [Processed Buffers: Min: 4, Avg: 10.3, Max: 15, Diff: 11, Sum: 41]
      [Scan RS (ms): Min: 0.0, Avg: 0.0, Max: 0.0, Diff: 0.0, Sum: 0.0]
      [Code Root Scanning (ms): Min: 0.0, Avg: 0.0, Max: 0.0, Diff: 0.0, Sum: 0.0]
      [Object Copy (ms): Min: 1.0, Avg: 1.0, Max: 1.0, Diff: 0.0, Sum: 4.0]
      [Termination (ms): Min: 0.0, Avg: 0.0, Max: 0.0, Diff: 0.0, Sum: 0.0]
         [Termination Attempts: Min: 1, Avg: 1.0, Max: 1, Diff: 0, Sum: 4]
      [GC Worker Other (ms): Min: 0.0, Avg: 0.0, Max: 0.0, Diff: 0.0, Sum: 0.1]
      [GC Worker Total (ms): Min: 1.8, Avg: 1.8, Max: 1.8, Diff: 0.0, Sum: 7.2]
      [GC Worker End (ms): Min: 9533.9, Avg: 9533.9, Max: 9533.9, Diff: 0.0]
   [Code Root Fixup: 0.0 ms]
   [Code Root Purge: 0.0 ms]
   [Clear CT: 0.0 ms]
   [Other: 0.4 ms]
      [Choose CSet: 0.0 ms]
      [Ref Proc: 0.1 ms]
      [Ref Enq: 0.0 ms]
      [Redirty Cards: 0.0 ms]
      [Humongous Register: 0.0 ms]
      [Humongous Reclaim: 0.0 ms]
      [Free CSet: 0.0 ms]
   [Eden: 33.0M(33.0M)->0.0B(28.0M) Survivors: 2048.0K->5120.0K Heap: 223.0M(256.0M)->196.0M(256.0M)]
 [Times: user=0.00 sys=0.00, real=0.00 secs] 
2016-06-27T20:25:07.262+0300: 9.534: Total time for which application threads were stopped: 0.0046948 seconds, Stopping threads took: 0.0016430 seconds
2016-06-27T20:25:07.501+0300: 9.773: [GC pause (G1 Evacuation Pause) (young) (initial-mark)
Desired survivor size 2621440 bytes, new threshold 1 (max 15)
- age   1:    4497304 bytes,    4497304 total
- age   2:     468792 bytes,    4966096 total
, 0.0027772 secs]
   [Parallel Time: 2.2 ms, GC Workers: 4]
      [GC Worker Start (ms): Min: 9773.3, Avg: 9773.4, Max: 9773.4, Diff: 0.0]
      [Ext Root Scanning (ms): Min: 0.5, Avg: 0.5, Max: 0.6, Diff: 0.0, Sum: 2.1]
      [Update RS (ms): Min: 0.1, Avg: 0.2, Max: 0.2, Diff: 0.0, Sum: 0.6]
         [Processed Buffers: Min: 7, Avg: 9.3, Max: 11, Diff: 4, Sum: 37]
      [Scan RS (ms): Min: 0.0, Avg: 0.0, Max: 0.0, Diff: 0.0, Sum: 0.0]
      [Code Root Scanning (ms): Min: 0.0, Avg: 0.0, Max: 0.0, Diff: 0.0, Sum: 0.0]
      [Object Copy (ms): Min: 1.5, Avg: 1.5, Max: 1.5, Diff: 0.0, Sum: 6.0]
      [Termination (ms): Min: 0.0, Avg: 0.0, Max: 0.0, Diff: 0.0, Sum: 0.0]
         [Termination Attempts: Min: 1, Avg: 1.0, Max: 1, Diff: 0, Sum: 4]
      [GC Worker Other (ms): Min: 0.0, Avg: 0.0, Max: 0.0, Diff: 0.0, Sum: 0.1]
      [GC Worker Total (ms): Min: 2.2, Avg: 2.2, Max: 2.2, Diff: 0.0, Sum: 8.8]
      [GC Worker End (ms): Min: 9775.6, Avg: 9775.6, Max: 9775.6, Diff: 0.0]
   [Code Root Fixup: 0.0 ms]
   [Code Root Purge: 0.0 ms]
   [Clear CT: 0.0 ms]
   [Other: 0.5 ms]
      [Choose CSet: 0.0 ms]
      [Ref Proc: 0.1 ms]
      [Ref Enq: 0.0 ms]
      [Redirty Cards: 0.1 ms]
      [Humongous Register: 0.0 ms]
      [Humongous Reclaim: 0.0 ms]
      [Free CSet: 0.0 ms]
   [Eden: 28.0M(28.0M)->0.0B(22.0M) Survivors: 5120.0K->5120.0K Heap: 224.0M(256.0M)->202.5M(256.0M)]
 [Times: user=0.00 sys=0.00, real=0.00 secs] 
2016-06-27T20:25:07.504+0300: 9.776: [GC concurrent-root-region-scan-start]
2016-06-27T20:25:07.504+0300: 9.776: Total time for which application threads were stopped: 0.0065867 seconds, Stopping threads took: 0.0030629 seconds
2016-06-27T20:25:07.504+0300: 9.776: [GC concurrent-root-region-scan-end, 0.0002857 secs]
2016-06-27T20:25:07.504+0300: 9.776: [GC concurrent-mark-start]
2016-06-27T20:25:07.518+0300: 9.790: [GC concurrent-mark-end, 0.0119050 secs]
2016-06-27T20:25:07.538+0300: 9.810: [GC remark 2016-06-27T20:25:07.538+0300: 9.810: [Finalize Marking, 0.0001937 secs] 2016-06-27T20:25:07.538+0300: 9.810: [GC ref-proc, 0.0000552 secs] 2016-06-27T20:25:07.538+0300: 9.810: [Unloading, 0.0009682 secs], 0.0021999 secs]
 [Times: user=0.00 sys=0.00, real=0.00 secs] 
2016-06-27T20:25:07.540+0300: 9.812: Total time for which application threads were stopped: 0.0044151 seconds, Stopping threads took: 0.0016251 seconds
2016-06-27T20:25:07.541+0300: 9.813: [GC cleanup 206M->206M(256M), 0.0002617 secs]
 [Times: user=0.00 sys=0.00, real=0.00 secs] 
2016-06-27T20:25:07.541+0300: 9.813: Total time for which application threads were stopped: 0.0008895 seconds, Stopping threads took: 0.0000530 seconds
2016-06-27T20:25:07.697+0300: 9.969: [GC pause (G1 Evacuation Pause) (young)
Desired survivor size 2097152 bytes, new threshold 1 (max 15)
- age   1:    4801032 bytes,    4801032 total
, 0.0024492 secs]
   [Parallel Time: 2.0 ms, GC Workers: 4]
      [GC Worker Start (ms): Min: 9969.0, Avg: 9969.1, Max: 9969.1, Diff: 0.0]
      [Ext Root Scanning (ms): Min: 0.5, Avg: 0.5, Max: 0.5, Diff: 0.0, Sum: 2.0]
      [Update RS (ms): Min: 0.2, Avg: 0.2, Max: 0.2, Diff: 0.0, Sum: 0.8]
         [Processed Buffers: Min: 2, Avg: 7.3, Max: 10, Diff: 8, Sum: 29]
      [Scan RS (ms): Min: 0.0, Avg: 0.0, Max: 0.0, Diff: 0.0, Sum: 0.0]
      [Code Root Scanning (ms): Min: 0.0, Avg: 0.0, Max: 0.0, Diff: 0.0, Sum: 0.0]
      [Object Copy (ms): Min: 1.3, Avg: 1.3, Max: 1.3, Diff: 0.0, Sum: 5.1]
      [Termination (ms): Min: 0.0, Avg: 0.0, Max: 0.0, Diff: 0.0, Sum: 0.0]
         [Termination Attempts: Min: 1, Avg: 1.0, Max: 1, Diff: 0, Sum: 4]
      [GC Worker Other (ms): Min: 0.0, Avg: 0.0, Max: 0.0, Diff: 0.0, Sum: 0.1]
      [GC Worker Total (ms): Min: 2.0, Avg: 2.0, Max: 2.0, Diff: 0.0, Sum: 8.0]
      [GC Worker End (ms): Min: 9971.1, Avg: 9971.1, Max: 9971.1, Diff: 0.0]
   [Code Root Fixup: 0.0 ms]
   [Code Root Purge: 0.0 ms]
   [Clear CT: 0.0 ms]
   [Other: 0.4 ms]
      [Choose CSet: 0.0 ms]
      [Ref Proc: 0.0 ms]
      [Ref Enq: 0.0 ms]
      [Redirty Cards: 0.0 ms]
      [Humongous Register: 0.0 ms]
      [Humongous Reclaim: 0.0 ms]
      [Free CSet: 0.0 ms]
   [Eden: 22.0M(22.0M)->0.0B(8192.0K) Survivors: 5120.0K->4096.0K Heap: 224.5M(256.0M)->207.5M(256.0M)]
 [Times: user=0.00 sys=0.00, real=0.00 secs] 
2016-06-27T20:25:07.699+0300: 9.972: Total time for which application threads were stopped: 0.0051165 seconds, Stopping threads took: 0.0018988 seconds
2016-06-27T20:25:07.772+0300: 10.044: [GC pause (G1 Evacuation Pause) (mixed)
Desired survivor size 1048576 bytes, new threshold 1 (max 15)
- age   1:    3699024 bytes,    3699024 total
, 0.0022289 secs]
   [Parallel Time: 1.8 ms, GC Workers: 4]
      [GC Worker Start (ms): Min: 10044.3, Avg: 10044.3, Max: 10044.3, Diff: 0.0]
      [Ext Root Scanning (ms): Min: 0.5, Avg: 0.5, Max: 0.5, Diff: 0.0, Sum: 2.1]
      [Update RS (ms): Min: 0.2, Avg: 0.2, Max: 0.2, Diff: 0.0, Sum: 0.7]
         [Processed Buffers: Min: 1, Avg: 4.0, Max: 7, Diff: 6, Sum: 16]
      [Scan RS (ms): Min: 0.0, Avg: 0.0, Max: 0.0, Diff: 0.0, Sum: 0.1]
      [Code Root Scanning (ms): Min: 0.0, Avg: 0.0, Max: 0.0, Diff: 0.0, Sum: 0.0]
      [Object Copy (ms): Min: 1.0, Avg: 1.0, Max: 1.1, Diff: 0.0, Sum: 4.2]
      [Termination (ms): Min: 0.0, Avg: 0.0, Max: 0.0, Diff: 0.0, Sum: 0.0]
         [Termination Attempts: Min: 1, Avg: 1.0, Max: 1, Diff: 0, Sum: 4]
      [GC Worker Other (ms): Min: 0.0, Avg: 0.0, Max: 0.0, Diff: 0.0, Sum: 0.1]
      [GC Worker Total (ms): Min: 1.8, Avg: 1.8, Max: 1.8, Diff: 0.0, Sum: 7.1]
      [GC Worker End (ms): Min: 10046.1, Avg: 10046.1, Max: 10046.1, Diff: 0.0]
   [Code Root Fixup: 0.0 ms]
   [Code Root Purge: 0.0 ms]
   [Clear CT: 0.0 ms]
   [Other: 0.4 ms]
      [Choose CSet: 0.0 ms]
      [Ref Proc: 0.0 ms]
      [Ref Enq: 0.0 ms]
      [Redirty Cards: 0.0 ms]
      [Humongous Register: 0.0 ms]
      [Humongous Reclaim: 0.0 ms]
      [Free CSet: 0.0 ms]
   [Eden: 8192.0K(8192.0K)->0.0B(20.0M) Survivors: 4096.0K->2048.0K Heap: 215.5M(256.0M)->205.5M(256.0M)]
 [Times: user=0.00 sys=0.00, real=0.00 secs] 
2016-06-27T20:25:07.775+0300: 10.047: Total time for which application threads were stopped: 0.0048971 seconds, Stopping threads took: 0.0018646 seconds
2016-06-27T20:25:07.946+0300: 10.218: [GC pause (G1 Evacuation Pause) (young)
Desired survivor size 1572864 bytes, new threshold 15 (max 15)
- age   1:    1215096 bytes,    1215096 total
, 0.0019800 secs]
   [Parallel Time: 1.5 ms, GC Workers: 4]
      [GC Worker Start (ms): Min: 10217.7, Avg: 10217.7, Max: 10217.8, Diff: 0.0]
      [Ext Root Scanning (ms): Min: 0.5, Avg: 0.5, Max: 0.5, Diff: 0.0, Sum: 2.0]
      [Update RS (ms): Min: 0.2, Avg: 0.3, Max: 0.3, Diff: 0.1, Sum: 1.0]
         [Processed Buffers: Min: 1, Avg: 5.8, Max: 18, Diff: 17, Sum: 23]
      [Scan RS (ms): Min: 0.0, Avg: 0.0, Max: 0.0, Diff: 0.0, Sum: 0.0]
      [Code Root Scanning (ms): Min: 0.0, Avg: 0.0, Max: 0.0, Diff: 0.0, Sum: 0.0]
      [Object Copy (ms): Min: 0.6, Avg: 0.6, Max: 0.7, Diff: 0.1, Sum: 2.6]
      [Termination (ms): Min: 0.0, Avg: 0.0, Max: 0.0, Diff: 0.0, Sum: 0.0]
         [Termination Attempts: Min: 1, Avg: 1.0, Max: 1, Diff: 0, Sum: 4]
      [GC Worker Other (ms): Min: 0.0, Avg: 0.0, Max: 0.0, Diff: 0.0, Sum: 0.1]
      [GC Worker Total (ms): Min: 1.4, Avg: 1.4, Max: 1.4, Diff: 0.0, Sum: 5.7]
      [GC Worker End (ms): Min: 10219.2, Avg: 10219.2, Max: 10219.2, Diff: 0.0]
   [Code Root Fixup: 0.0 ms]
   [Code Root Purge: 0.0 ms]
   [Clear CT: 0.0 ms]
   [Other: 0.5 ms]
      [Choose CSet: 0.0 ms]
      [Ref Proc: 0.1 ms]
      [Ref Enq: 0.0 ms]
      [Redirty Cards: 0.0 ms]
      [Humongous Register: 0.0 ms]
      [Humongous Reclaim: 0.0 ms]
      [Free CSet: 0.0 ms]
   [Eden: 20.0M(20.0M)->0.0B(16.0M) Survivors: 2048.0K->3072.0K Heap: 225.5M(256.0M)->210.0M(256.0M)]
 [Times: user=0.00 sys=0.00, real=0.00 secs] 
2016-06-27T20:25:07.948+0300: 10.220: Total time for which application threads were stopped: 0.0041055 seconds, Stopping threads took: 0.0014408 seconds
2016-06-27T20:25:08.087+0300: 10.359: [GC pause (G1 Evacuation Pause) (young) (initial-mark)
Desired survivor size 1572864 bytes, new threshold 1 (max 15)
- age   1:    1620808 bytes,    1620808 total
- age   2:     494376 bytes,    2115184 total
, 0.0019706 secs]
   [Parallel Time: 1.4 ms, GC Workers: 4]
      [GC Worker Start (ms): Min: 10359.4, Avg: 10359.5, Max: 10359.5, Diff: 0.0]
      [Ext Root Scanning (ms): Min: 0.5, Avg: 0.5, Max: 0.6, Diff: 0.1, Sum: 2.1]
      [Update RS (ms): Min: 0.0, Avg: 0.1, Max: 0.2, Diff: 0.1, Sum: 0.5]
         [Processed Buffers: Min: 2, Avg: 6.0, Max: 8, Diff: 6, Sum: 24]
      [Scan RS (ms): Min: 0.0, Avg: 0.0, Max: 0.0, Diff: 0.0, Sum: 0.0]
      [Code Root Scanning (ms): Min: 0.0, Avg: 0.0, Max: 0.0, Diff: 0.0, Sum: 0.0]
      [Object Copy (ms): Min: 0.7, Avg: 0.7, Max: 0.7, Diff: 0.0, Sum: 2.9]
      [Termination (ms): Min: 0.0, Avg: 0.0, Max: 0.0, Diff: 0.0, Sum: 0.0]
         [Termination Attempts: Min: 1, Avg: 1.0, Max: 1, Diff: 0, Sum: 4]
      [GC Worker Other (ms): Min: 0.0, Avg: 0.0, Max: 0.0, Diff: 0.0, Sum: 0.1]
      [GC Worker Total (ms): Min: 1.4, Avg: 1.4, Max: 1.4, Diff: 0.0, Sum: 5.6]
      [GC Worker End (ms): Min: 10360.9, Avg: 10360.9, Max: 10360.9, Diff: 0.0]
   [Code Root Fixup: 0.0 ms]
   [Code Root Purge: 0.0 ms]
   [Clear CT: 0.0 ms]
   [Other: 0.5 ms]
      [Choose CSet: 0.0 ms]
      [Ref Proc: 0.0 ms]
      [Ref Enq: 0.0 ms]
      [Redirty Cards: 0.1 ms]
      [Humongous Register: 0.0 ms]
      [Humongous Reclaim: 0.0 ms]
      [Free CSet: 0.0 ms]
   [Eden: 16.0M(16.0M)->0.0B(13.0M) Survivors: 3072.0K->3072.0K Heap: 226.0M(256.0M)->213.5M(256.0M)]
 [Times: user=0.00 sys=0.00, real=0.00 secs] 
2016-06-27T20:25:08.089+0300: 10.361: [GC concurrent-root-region-scan-start]
2016-06-27T20:25:08.089+0300: 10.362: Total time for which application threads were stopped: 0.0055112 seconds, Stopping threads took: 0.0028353 seconds
2016-06-27T20:25:08.090+0300: 10.362: [GC concurrent-root-region-scan-end, 0.0001826 secs]
2016-06-27T20:25:08.090+0300: 10.362: [GC concurrent-mark-start]
2016-06-27T20:25:08.100+0300: 10.372: [GC concurrent-mark-end, 0.0098754 secs]
2016-06-27T20:25:08.128+0300: 10.400: [GC remark 2016-06-27T20:25:08.128+0300: 10.400: [Finalize Marking, 0.0001411 secs] 2016-06-27T20:25:08.128+0300: 10.400: [GC ref-proc, 0.0000560 secs] 2016-06-27T20:25:08.128+0300: 10.400: [Unloading, 0.0007304 secs], 0.0019907 secs]
 [Times: user=0.06 sys=0.00, real=0.00 secs] 
2016-06-27T20:25:08.130+0300: 10.402: Total time for which application threads were stopped: 0.0049527 seconds, Stopping threads took: 0.0025933 seconds
2016-06-27T20:25:08.131+0300: 10.404: [GC cleanup 218M->218M(256M), 0.0002878 secs]
 [Times: user=0.00 sys=0.00, real=0.00 secs] 
2016-06-27T20:25:08.132+0300: 10.404: Total time for which application threads were stopped: 0.0008160 seconds, Stopping threads took: 0.0001180 seconds
2016-06-27T20:25:08.196+0300: 10.469: [GC pause (G1 Evacuation Pause) (young)
Desired survivor size 1048576 bytes, new threshold 1 (max 15)
- age   1:    2385880 bytes,    2385880 total
, 0.0017213 secs]
   [Parallel Time: 1.3 ms, GC Workers: 4]
      [GC Worker Start (ms): Min: 10468.8, Avg: 10468.8, Max: 10468.8, Diff: 0.0]
      [Ext Root Scanning (ms): Min: 0.4, Avg: 0.4, Max: 0.5, Diff: 0.0, Sum: 1.8]
      [Update RS (ms): Min: 0.1, Avg: 0.1, Max: 0.1, Diff: 0.0, Sum: 0.5]
         [Processed Buffers: Min: 2, Avg: 4.5, Max: 9, Diff: 7, Sum: 18]
      [Scan RS (ms): Min: 0.0, Avg: 0.0, Max: 0.0, Diff: 0.0, Sum: 0.0]
      [Code Root Scanning (ms): Min: 0.0, Avg: 0.0, Max: 0.0, Diff: 0.0, Sum: 0.0]
      [Object Copy (ms): Min: 0.6, Avg: 0.7, Max: 0.7, Diff: 0.0, Sum: 2.6]
      [Termination (ms): Min: 0.0, Avg: 0.0, Max: 0.0, Diff: 0.0, Sum: 0.0]
         [Termination Attempts: Min: 1, Avg: 1.0, Max: 1, Diff: 0, Sum: 4]
      [GC Worker Other (ms): Min: 0.0, Avg: 0.0, Max: 0.0, Diff: 0.0, Sum: 0.1]
      [GC Worker Total (ms): Min: 1.2, Avg: 1.2, Max: 1.3, Diff: 0.0, Sum: 5.0]
      [GC Worker End (ms): Min: 10470.0, Avg: 10470.0, Max: 10470.0, Diff: 0.0]
   [Code Root Fixup: 0.0 ms]
   [Code Root Purge: 0.0 ms]
   [Clear CT: 0.1 ms]
   [Other: 0.4 ms]
      [Choose CSet: 0.0 ms]
      [Ref Proc: 0.1 ms]
      [Ref Enq: 0.0 ms]
      [Redirty Cards: 0.0 ms]
      [Humongous Register: 0.0 ms]
      [Humongous Reclaim: 0.0 ms]
      [Free CSet: 0.0 ms]
   [Eden: 13.0M(13.0M)->0.0B(10.0M) Survivors: 3072.0K->2048.0K Heap: 226.5M(256.0M)->216.5M(256.0M)]
 [Times: user=0.00 sys=0.00, real=0.00 secs] 
2016-06-27T20:25:08.198+0300: 10.471: Total time for which application threads were stopped: 0.0029367 seconds, Stopping threads took: 0.0006817 seconds
2016-06-27T20:25:08.284+0300: 10.556: [GC pause (G1 Evacuation Pause) (mixed)
Desired survivor size 1048576 bytes, new threshold 1 (max 15)
- age   1:    1874624 bytes,    1874624 total
, 0.0021515 secs]
   [Parallel Time: 1.7 ms, GC Workers: 4]
      [GC Worker Start (ms): Min: 10556.1, Avg: 10556.1, Max: 10556.1, Diff: 0.0]
      [Ext Root Scanning (ms): Min: 0.4, Avg: 0.5, Max: 0.5, Diff: 0.1, Sum: 1.9]
      [Update RS (ms): Min: 0.1, Avg: 0.1, Max: 0.2, Diff: 0.1, Sum: 0.5]
         [Processed Buffers: Min: 1, Avg: 3.8, Max: 9, Diff: 8, Sum: 15]
      [Scan RS (ms): Min: 0.0, Avg: 0.0, Max: 0.1, Diff: 0.1, Sum: 0.2]
      [Code Root Scanning (ms): Min: 0.0, Avg: 0.0, Max: 0.0, Diff: 0.0, Sum: 0.0]
      [Object Copy (ms): Min: 1.0, Avg: 1.0, Max: 1.0, Diff: 0.0, Sum: 4.0]
      [Termination (ms): Min: 0.0, Avg: 0.0, Max: 0.0, Diff: 0.0, Sum: 0.1]
         [Termination Attempts: Min: 1, Avg: 1.0, Max: 1, Diff: 0, Sum: 4]
      [GC Worker Other (ms): Min: 0.0, Avg: 0.0, Max: 0.0, Diff: 0.0, Sum: 0.0]
      [GC Worker Total (ms): Min: 1.6, Avg: 1.7, Max: 1.7, Diff: 0.0, Sum: 6.6]
      [GC Worker End (ms): Min: 10557.8, Avg: 10557.8, Max: 10557.8, Diff: 0.0]
   [Code Root Fixup: 0.0 ms]
   [Code Root Purge: 0.0 ms]
   [Clear CT: 0.1 ms]
   [Other: 0.4 ms]
      [Choose CSet: 0.0 ms]
      [Ref Proc: 0.0 ms]
      [Ref Enq: 0.0 ms]
      [Redirty Cards: 0.0 ms]
      [Humongous Register: 0.0 ms]
      [Humongous Reclaim: 0.0 ms]
      [Free CSet: 0.0 ms]
   [Eden: 10.0M(10.0M)->0.0B(12.0M) Survivors: 2048.0K->2048.0K Heap: 226.5M(256.0M)->214.5M(256.0M)]
 [Times: user=0.06 sys=0.00, real=0.00 secs] 
2016-06-27T20:25:08.286+0300: 10.558: Total time for which application threads were stopped: 0.0045156 seconds, Stopping threads took: 0.0017850 seconds
2016-06-27T20:25:08.391+0300: 10.664: [GC pause (G1 Evacuation Pause) (young)
Desired survivor size 1048576 bytes, new threshold 1 (max 15)
- age   1:    1569728 bytes,    1569728 total
, 0.0017093 secs]
   [Parallel Time: 1.2 ms, GC Workers: 4]
      [GC Worker Start (ms): Min: 10663.7, Avg: 10663.7, Max: 10663.7, Diff: 0.0]
      [Ext Root Scanning (ms): Min: 0.4, Avg: 0.5, Max: 0.5, Diff: 0.1, Sum: 1.8]
      [Update RS (ms): Min: 0.2, Avg: 0.2, Max: 0.2, Diff: 0.0, Sum: 0.8]
         [Processed Buffers: Min: 1, Avg: 4.8, Max: 10, Diff: 9, Sum: 19]
      [Scan RS (ms): Min: 0.0, Avg: 0.0, Max: 0.0, Diff: 0.0, Sum: 0.0]
      [Code Root Scanning (ms): Min: 0.0, Avg: 0.0, Max: 0.0, Diff: 0.0, Sum: 0.0]
      [Object Copy (ms): Min: 0.5, Avg: 0.5, Max: 0.5, Diff: 0.0, Sum: 2.1]
      [Termination (ms): Min: 0.0, Avg: 0.0, Max: 0.0, Diff: 0.0, Sum: 0.0]
         [Termination Attempts: Min: 1, Avg: 1.0, Max: 1, Diff: 0, Sum: 4]
      [GC Worker Other (ms): Min: 0.0, Avg: 0.0, Max: 0.0, Diff: 0.0, Sum: 0.0]
      [GC Worker Total (ms): Min: 1.2, Avg: 1.2, Max: 1.2, Diff: 0.0, Sum: 4.8]
      [GC Worker End (ms): Min: 10664.9, Avg: 10664.9, Max: 10664.9, Diff: 0.0]
   [Code Root Fixup: 0.0 ms]
   [Code Root Purge: 0.0 ms]
   [Clear CT: 0.0 ms]
   [Other: 0.4 ms]
      [Choose CSet: 0.0 ms]
      [Ref Proc: 0.0 ms]
      [Ref Enq: 0.0 ms]
      [Redirty Cards: 0.1 ms]
      [Humongous Register: 0.0 ms]
      [Humongous Reclaim: 0.0 ms]
      [Free CSet: 0.0 ms]
   [Eden: 12.0M(12.0M)->0.0B(10.0M) Survivors: 2048.0K->2048.0K Heap: 226.5M(256.0M)->218.0M(256.0M)]
 [Times: user=0.00 sys=0.00, real=0.00 secs] 
2016-06-27T20:25:08.393+0300: 10.665: Total time for which application threads were stopped: 0.0052093 seconds, Stopping threads took: 0.0029358 seconds
2016-06-27T20:25:08.481+0300: 10.753: [GC pause (G1 Evacuation Pause) (young) (initial-mark)
Desired survivor size 1048576 bytes, new threshold 1 (max 15)
- age   1:    1553768 bytes,    1553768 total
, 0.0015892 secs]
   [Parallel Time: 1.1 ms, GC Workers: 4]
      [GC Worker Start (ms): Min: 10753.2, Avg: 10753.3, Max: 10753.3, Diff: 0.0]
      [Ext Root Scanning (ms): Min: 0.4, Avg: 0.4, Max: 0.5, Diff: 0.2, Sum: 1.7]
      [Update RS (ms): Min: 0.1, Avg: 0.1, Max: 0.1, Diff: 0.0, Sum: 0.4]
         [Processed Buffers: Min: 1, Avg: 4.3, Max: 6, Diff: 5, Sum: 17]
      [Scan RS (ms): Min: 0.0, Avg: 0.0, Max: 0.0, Diff: 0.0, Sum: 0.0]
      [Code Root Scanning (ms): Min: 0.0, Avg: 0.0, Max: 0.0, Diff: 0.0, Sum: 0.0]
      [Object Copy (ms): Min: 0.4, Avg: 0.5, Max: 0.5, Diff: 0.1, Sum: 2.0]
      [Termination (ms): Min: 0.0, Avg: 0.0, Max: 0.0, Diff: 0.0, Sum: 0.0]
         [Termination Attempts: Min: 1, Avg: 1.0, Max: 1, Diff: 0, Sum: 4]
      [GC Worker Other (ms): Min: 0.0, Avg: 0.0, Max: 0.0, Diff: 0.0, Sum: 0.1]
      [GC Worker Total (ms): Min: 1.0, Avg: 1.0, Max: 1.1, Diff: 0.0, Sum: 4.2]
      [GC Worker End (ms): Min: 10754.3, Avg: 10754.3, Max: 10754.3, Diff: 0.0]
   [Code Root Fixup: 0.0 ms]
   [Code Root Purge: 0.0 ms]
   [Clear CT: 0.1 ms]
   [Other: 0.4 ms]
      [Choose CSet: 0.0 ms]
      [Ref Proc: 0.1 ms]
      [Ref Enq: 0.0 ms]
      [Redirty Cards: 0.0 ms]
      [Humongous Register: 0.0 ms]
      [Humongous Reclaim: 0.0 ms]
      [Free CSet: 0.0 ms]
   [Eden: 10.0M(10.0M)->0.0B(10.0M) Survivors: 2048.0K->2048.0K Heap: 228.0M(256.0M)->220.5M(256.0M)]
 [Times: user=0.00 sys=0.00, real=0.00 secs] 
2016-06-27T20:25:08.483+0300: 10.755: [GC concurrent-root-region-scan-start]
2016-06-27T20:25:08.483+0300: 10.755: Total time for which application threads were stopped: 0.0034242 seconds, Stopping threads took: 0.0012736 seconds
2016-06-27T20:25:08.483+0300: 10.755: [GC concurrent-root-region-scan-end, 0.0001244 secs]
2016-06-27T20:25:08.483+0300: 10.755: [GC concurrent-mark-start]
2016-06-27T20:25:08.496+0300: 10.768: [GC concurrent-mark-end, 0.0124742 secs]
2016-06-27T20:25:08.518+0300: 10.789: [GC remark 2016-06-27T20:25:08.518+0300: 10.790: [Finalize Marking, 0.0001629 secs] 2016-06-27T20:25:08.518+0300: 10.790: [GC ref-proc, 0.0000582 secs] 2016-06-27T20:25:08.518+0300: 10.790: [Unloading, 0.0007830 secs], 0.0021207 secs]
 [Times: user=0.00 sys=0.00, real=0.00 secs] 
2016-06-27T20:25:08.520+0300: 10.792: Total time for which application threads were stopped: 0.0044438 seconds, Stopping threads took: 0.0019390 seconds
2016-06-27T20:25:08.536+0300: 10.808: [GC cleanup 226M->226M(256M), 0.0003049 secs]
 [Times: user=0.00 sys=0.00, real=0.00 secs] 
2016-06-27T20:25:08.536+0300: 10.808: Total time for which application threads were stopped: 0.0045135 seconds, Stopping threads took: 0.0038100 seconds
2016-06-27T20:25:08.574+0300: 10.846: [GC pause (G1 Evacuation Pause) (young)
Desired survivor size 1048576 bytes, new threshold 1 (max 15)
- age   1:    1240256 bytes,    1240256 total
, 0.0015759 secs]
   [Parallel Time: 1.1 ms, GC Workers: 4]
      [GC Worker Start (ms): Min: 10846.3, Avg: 10846.3, Max: 10846.3, Diff: 0.0]
      [Ext Root Scanning (ms): Min: 0.5, Avg: 0.5, Max: 0.5, Diff: 0.0, Sum: 2.0]
      [Update RS (ms): Min: 0.1, Avg: 0.1, Max: 0.2, Diff: 0.2, Sum: 0.5]
         [Processed Buffers: Min: 2, Avg: 4.0, Max: 6, Diff: 4, Sum: 16]
      [Scan RS (ms): Min: 0.0, Avg: 0.0, Max: 0.0, Diff: 0.0, Sum: 0.0]
      [Code Root Scanning (ms): Min: 0.0, Avg: 0.0, Max: 0.0, Diff: 0.0, Sum: 0.0]
      [Object Copy (ms): Min: 0.3, Avg: 0.4, Max: 0.5, Diff: 0.1, Sum: 1.7]
      [Termination (ms): Min: 0.0, Avg: 0.0, Max: 0.0, Diff: 0.0, Sum: 0.0]
         [Termination Attempts: Min: 1, Avg: 1.5, Max: 2, Diff: 1, Sum: 6]
      [GC Worker Other (ms): Min: 0.0, Avg: 0.0, Max: 0.0, Diff: 0.0, Sum: 0.0]
      [GC Worker Total (ms): Min: 1.1, Avg: 1.1, Max: 1.1, Diff: 0.0, Sum: 4.3]
      [GC Worker End (ms): Min: 10847.4, Avg: 10847.4, Max: 10847.4, Diff: 0.0]
   [Code Root Fixup: 0.0 ms]
   [Code Root Purge: 0.0 ms]
   [Clear CT: 0.1 ms]
   [Other: 0.4 ms]
      [Choose CSet: 0.0 ms]
      [Ref Proc: 0.0 ms]
      [Ref Enq: 0.0 ms]
      [Redirty Cards: 0.1 ms]
      [Humongous Register: 0.0 ms]
      [Humongous Reclaim: 0.0 ms]
      [Free CSet: 0.0 ms]
   [Eden: 10.0M(10.0M)->0.0B(10.0M) Survivors: 2048.0K->2048.0K Heap: 230.5M(256.0M)->223.0M(256.0M)]
 [Times: user=0.00 sys=0.00, real=0.00 secs] 
2016-06-27T20:25:08.576+0300: 10.848: Total time for which application threads were stopped: 0.0043989 seconds, Stopping threads took: 0.0022700 seconds
2016-06-27T20:25:08.662+0300: 10.934: [GC pause (G1 Evacuation Pause) (mixed)
Desired survivor size 1048576 bytes, new threshold 1 (max 15)
- age   1:    1739896 bytes,    1739896 total
, 0.0020579 secs]
   [Parallel Time: 1.6 ms, GC Workers: 4]
      [GC Worker Start (ms): Min: 10934.1, Avg: 10934.1, Max: 10934.1, Diff: 0.0]
      [Ext Root Scanning (ms): Min: 0.4, Avg: 0.5, Max: 0.5, Diff: 0.1, Sum: 1.8]
      [Update RS (ms): Min: 0.0, Avg: 0.1, Max: 0.1, Diff: 0.1, Sum: 0.3]
         [Processed Buffers: Min: 1, Avg: 3.8, Max: 5, Diff: 4, Sum: 15]
      [Scan RS (ms): Min: 0.0, Avg: 0.0, Max: 0.0, Diff: 0.0, Sum: 0.1]
      [Code Root Scanning (ms): Min: 0.0, Avg: 0.0, Max: 0.0, Diff: 0.0, Sum: 0.0]
      [Object Copy (ms): Min: 1.0, Avg: 1.0, Max: 1.0, Diff: 0.0, Sum: 4.1]
      [Termination (ms): Min: 0.0, Avg: 0.0, Max: 0.0, Diff: 0.0, Sum: 0.0]
         [Termination Attempts: Min: 1, Avg: 1.0, Max: 1, Diff: 0, Sum: 4]
      [GC Worker Other (ms): Min: 0.0, Avg: 0.0, Max: 0.0, Diff: 0.0, Sum: 0.0]
      [GC Worker Total (ms): Min: 1.6, Avg: 1.6, Max: 1.6, Diff: 0.0, Sum: 6.4]
      [GC Worker End (ms): Min: 10935.7, Avg: 10935.7, Max: 10935.7, Diff: 0.0]
   [Code Root Fixup: 0.0 ms]
   [Code Root Purge: 0.0 ms]
   [Clear CT: 0.0 ms]
   [Other: 0.4 ms]
      [Choose CSet: 0.0 ms]
      [Ref Proc: 0.1 ms]
      [Ref Enq: 0.0 ms]
      [Redirty Cards: 0.0 ms]
      [Humongous Register: 0.0 ms]
      [Humongous Reclaim: 0.0 ms]
      [Free CSet: 0.0 ms]
   [Eden: 10.0M(10.0M)->0.0B(10.0M) Survivors: 2048.0K->2048.0K Heap: 233.0M(256.0M)->223.3M(256.0M)]
 [Times: user=0.00 sys=0.00, real=0.00 secs] 
2016-06-27T20:25:08.664+0300: 10.936: Total time for which application threads were stopped: 0.0038626 seconds, Stopping threads took: 0.0012218 seconds
2016-06-27T20:25:08.750+0300: 11.022: [GC pause (G1 Evacuation Pause) (young)
Desired survivor size 1048576 bytes, new threshold 1 (max 15)
- age   1:    1265504 bytes,    1265504 total
, 0.0015118 secs]
   [Parallel Time: 1.2 ms, GC Workers: 4]
      [GC Worker Start (ms): Min: 11022.2, Avg: 11022.3, Max: 11022.3, Diff: 0.0]
      [Ext Root Scanning (ms): Min: 0.4, Avg: 0.5, Max: 0.5, Diff: 0.1, Sum: 1.9]
      [Update RS (ms): Min: 0.2, Avg: 0.2, Max: 0.3, Diff: 0.1, Sum: 0.9]
         [Processed Buffers: Min: 1, Avg: 4.3, Max: 9, Diff: 8, Sum: 17]
      [Scan RS (ms): Min: 0.0, Avg: 0.0, Max: 0.0, Diff: 0.0, Sum: 0.0]
      [Code Root Scanning (ms): Min: 0.0, Avg: 0.0, Max: 0.0, Diff: 0.0, Sum: 0.0]
      [Object Copy (ms): Min: 0.4, Avg: 0.4, Max: 0.4, Diff: 0.0, Sum: 1.7]
      [Termination (ms): Min: 0.0, Avg: 0.0, Max: 0.0, Diff: 0.0, Sum: 0.0]
         [Termination Attempts: Min: 1, Avg: 1.0, Max: 1, Diff: 0, Sum: 4]
      [GC Worker Other (ms): Min: 0.0, Avg: 0.0, Max: 0.0, Diff: 0.0, Sum: 0.1]
      [GC Worker Total (ms): Min: 1.1, Avg: 1.1, Max: 1.1, Diff: 0.0, Sum: 4.5]
      [GC Worker End (ms): Min: 11023.4, Avg: 11023.4, Max: 11023.4, Diff: 0.0]
   [Code Root Fixup: 0.0 ms]
   [Code Root Purge: 0.0 ms]
   [Clear CT: 0.0 ms]
   [Other: 0.3 ms]
      [Choose CSet: 0.0 ms]
      [Ref Proc: 0.0 ms]
      [Ref Enq: 0.0 ms]
      [Redirty Cards: 0.0 ms]
      [Humongous Register: 0.0 ms]
      [Humongous Reclaim: 0.0 ms]
      [Free CSet: 0.0 ms]
   [Eden: 10.0M(10.0M)->0.0B(10.0M) Survivors: 2048.0K->2048.0K Heap: 233.3M(256.0M)->226.0M(256.0M)]
 [Times: user=0.00 sys=0.00, real=0.00 secs] 
2016-06-27T20:25:08.752+0300: 11.024: Total time for which application threads were stopped: 0.0028837 seconds, Stopping threads took: 0.0008190 seconds
2016-06-27T20:25:08.839+0300: 11.111: [GC pause (G1 Evacuation Pause) (young) (initial-mark)
Desired survivor size 1048576 bytes, new threshold 1 (max 15)
- age   1:    1796384 bytes,    1796384 total
, 0.0016093 secs]
   [Parallel Time: 1.2 ms, GC Workers: 4]
      [GC Worker Start (ms): Min: 11111.4, Avg: 11111.4, Max: 11111.4, Diff: 0.0]
      [Ext Root Scanning (ms): Min: 0.4, Avg: 0.5, Max: 0.5, Diff: 0.1, Sum: 1.9]
      [Update RS (ms): Min: 0.0, Avg: 0.1, Max: 0.2, Diff: 0.1, Sum: 0.4]
         [Processed Buffers: Min: 2, Avg: 4.0, Max: 6, Diff: 4, Sum: 16]
      [Scan RS (ms): Min: 0.0, Avg: 0.0, Max: 0.0, Diff: 0.0, Sum: 0.0]
      [Code Root Scanning (ms): Min: 0.0, Avg: 0.0, Max: 0.0, Diff: 0.0, Sum: 0.0]
      [Object Copy (ms): Min: 0.5, Avg: 0.5, Max: 0.6, Diff: 0.0, Sum: 2.1]
      [Termination (ms): Min: 0.0, Avg: 0.0, Max: 0.0, Diff: 0.0, Sum: 0.0]
         [Termination Attempts: Min: 1, Avg: 1.0, Max: 1, Diff: 0, Sum: 4]
      [GC Worker Other (ms): Min: 0.0, Avg: 0.0, Max: 0.0, Diff: 0.0, Sum: 0.0]
      [GC Worker Total (ms): Min: 1.1, Avg: 1.1, Max: 1.1, Diff: 0.0, Sum: 4.5]
      [GC Worker End (ms): Min: 11112.5, Avg: 11112.5, Max: 11112.5, Diff: 0.0]
   [Code Root Fixup: 0.0 ms]
   [Code Root Purge: 0.0 ms]
   [Clear CT: 0.0 ms]
   [Other: 0.4 ms]
      [Choose CSet: 0.0 ms]
      [Ref Proc: 0.0 ms]
      [Ref Enq: 0.0 ms]
      [Redirty Cards: 0.0 ms]
      [Humongous Register: 0.0 ms]
      [Humongous Reclaim: 0.0 ms]
      [Free CSet: 0.0 ms]
   [Eden: 10.0M(10.0M)->0.0B(10.0M) Survivors: 2048.0K->2048.0K Heap: 236.0M(256.0M)->230.4M(256.0M)]
 [Times: user=0.00 sys=0.00, real=0.00 secs] 
2016-06-27T20:25:08.841+0300: 11.113: [GC concurrent-root-region-scan-start]
2016-06-27T20:25:08.841+0300: 11.113: Total time for which application threads were stopped: 0.0036996 seconds, Stopping threads took: 0.0015071 seconds
2016-06-27T20:25:08.841+0300: 11.113: [GC concurrent-root-region-scan-end, 0.0001493 secs]
2016-06-27T20:25:08.841+0300: 11.113: [GC concurrent-mark-start]
2016-06-27T20:25:08.854+0300: 11.126: [GC concurrent-mark-end, 0.0109963 secs]
2016-06-27T20:25:08.879+0300: 11.151: [GC remark 2016-06-27T20:25:08.879+0300: 11.151: [Finalize Marking, 0.0001475 secs] 2016-06-27T20:25:08.879+0300: 11.151: [GC ref-proc, 0.0000556 secs] 2016-06-27T20:25:08.879+0300: 11.151: [Unloading, 0.0007484 secs], 0.0021002 secs]
 [Times: user=0.06 sys=0.00, real=0.00 secs] 
2016-06-27T20:25:08.881+0300: 11.153: Total time for which application threads were stopped: 0.0038981 seconds, Stopping threads took: 0.0013826 seconds
2016-06-27T20:25:08.881+0300: 11.153: [GC cleanup 235M->235M(256M), 0.0002793 secs]
 [Times: user=0.00 sys=0.00, real=0.00 secs] 
2016-06-27T20:25:08.882+0300: 11.154: Total time for which application threads were stopped: 0.0006915 seconds, Stopping threads took: 0.0000372 seconds
2016-06-27T20:25:08.922+0300: 11.194: [GC pause (G1 Evacuation Pause) (young)
Desired survivor size 1048576 bytes, new threshold 1 (max 15)
- age   1:    1261312 bytes,    1261312 total
, 0.0014852 secs]
   [Parallel Time: 1.1 ms, GC Workers: 4]
      [GC Worker Start (ms): Min: 11194.3, Avg: 11194.3, Max: 11194.3, Diff: 0.0]
      [Ext Root Scanning (ms): Min: 0.4, Avg: 0.5, Max: 0.5, Diff: 0.0, Sum: 1.8]
      [Update RS (ms): Min: 0.1, Avg: 0.1, Max: 0.1, Diff: 0.0, Sum: 0.4]
         [Processed Buffers: Min: 3, Avg: 4.8, Max: 7, Diff: 4, Sum: 19]
      [Scan RS (ms): Min: 0.0, Avg: 0.0, Max: 0.0, Diff: 0.0, Sum: 0.0]
      [Code Root Scanning (ms): Min: 0.0, Avg: 0.0, Max: 0.0, Diff: 0.0, Sum: 0.0]
      [Object Copy (ms): Min: 0.4, Avg: 0.4, Max: 0.4, Diff: 0.0, Sum: 1.7]
      [Termination (ms): Min: 0.0, Avg: 0.0, Max: 0.0, Diff: 0.0, Sum: 0.0]
         [Termination Attempts: Min: 1, Avg: 1.0, Max: 1, Diff: 0, Sum: 4]
      [GC Worker Other (ms): Min: 0.0, Avg: 0.0, Max: 0.0, Diff: 0.0, Sum: 0.1]
      [GC Worker Total (ms): Min: 1.0, Avg: 1.0, Max: 1.0, Diff: 0.0, Sum: 4.0]
      [GC Worker End (ms): Min: 11195.3, Avg: 11195.3, Max: 11195.3, Diff: 0.0]
   [Code Root Fixup: 0.0 ms]
   [Code Root Purge: 0.0 ms]
   [Clear CT: 0.0 ms]
   [Other: 0.4 ms]
      [Choose CSet: 0.0 ms]
      [Ref Proc: 0.0 ms]
      [Ref Enq: 0.0 ms]
      [Redirty Cards: 0.0 ms]
      [Humongous Register: 0.0 ms]
      [Humongous Reclaim: 0.0 ms]
      [Free CSet: 0.0 ms]
   [Eden: 10.0M(10.0M)->0.0B(10.0M) Survivors: 2048.0K->2048.0K Heap: 240.4M(256.0M)->232.5M(256.0M)]
 [Times: user=0.00 sys=0.00, real=0.00 secs] 
2016-06-27T20:25:08.924+0300: 11.196: Total time for which application threads were stopped: 0.0024192 seconds, Stopping threads took: 0.0003674 seconds
2016-06-27T20:25:09.007+0300: 11.280: [GC pause (G1 Evacuation Pause) (mixed)
Desired survivor size 1048576 bytes, new threshold 1 (max 15)
- age   1:    1761688 bytes,    1761688 total
, 0.0028525 secs]
   [Parallel Time: 2.3 ms, GC Workers: 4]
      [GC Worker Start (ms): Min: 11279.6, Avg: 11279.6, Max: 11279.7, Diff: 0.0]
      [Ext Root Scanning (ms): Min: 0.4, Avg: 0.4, Max: 0.5, Diff: 0.1, Sum: 1.7]
      [Update RS (ms): Min: 0.1, Avg: 0.1, Max: 0.2, Diff: 0.1, Sum: 0.5]
         [Processed Buffers: Min: 1, Avg: 4.0, Max: 6, Diff: 5, Sum: 16]
      [Scan RS (ms): Min: 0.0, Avg: 0.1, Max: 0.1, Diff: 0.0, Sum: 0.2]
      [Code Root Scanning (ms): Min: 0.0, Avg: 0.0, Max: 0.0, Diff: 0.0, Sum: 0.0]
      [Object Copy (ms): Min: 1.6, Avg: 1.7, Max: 1.7, Diff: 0.1, Sum: 6.7]
      [Termination (ms): Min: 0.0, Avg: 0.0, Max: 0.0, Diff: 0.0, Sum: 0.0]
         [Termination Attempts: Min: 1, Avg: 1.0, Max: 1, Diff: 0, Sum: 4]
      [GC Worker Other (ms): Min: 0.0, Avg: 0.0, Max: 0.0, Diff: 0.0, Sum: 0.0]
      [GC Worker Total (ms): Min: 2.3, Avg: 2.3, Max: 2.3, Diff: 0.0, Sum: 9.2]
      [GC Worker End (ms): Min: 11281.9, Avg: 11281.9, Max: 11281.9, Diff: 0.0]
   [Code Root Fixup: 0.0 ms]
   [Code Root Purge: 0.0 ms]
   [Clear CT: 0.1 ms]
   [Other: 0.4 ms]
      [Choose CSet: 0.0 ms]
      [Ref Proc: 0.0 ms]
      [Ref Enq: 0.0 ms]
      [Redirty Cards: 0.0 ms]
      [Humongous Register: 0.0 ms]
      [Humongous Reclaim: 0.0 ms]
      [Free CSet: 0.0 ms]
   [Eden: 10.0M(10.0M)->0.0B(10.0M) Survivors: 2048.0K->2048.0K Heap: 242.5M(256.0M)->230.8M(258.0M)]
 [Times: user=0.00 sys=0.00, real=0.00 secs] 
2016-06-27T20:25:09.010+0300: 11.283: Total time for which application threads were stopped: 0.0043437 seconds, Stopping threads took: 0.0008198 seconds
2016-06-27T20:25:09.098+0300: 11.371: [GC pause (G1 Evacuation Pause) (young)
Desired survivor size 1048576 bytes, new threshold 1 (max 15)
- age   1:    1285968 bytes,    1285968 total
, 0.0015964 secs]
   [Parallel Time: 1.2 ms, GC Workers: 4]
      [GC Worker Start (ms): Min: 11370.8, Avg: 11370.8, Max: 11370.8, Diff: 0.0]
      [Ext Root Scanning (ms): Min: 0.4, Avg: 0.5, Max: 0.5, Diff: 0.1, Sum: 1.9]
      [Update RS (ms): Min: 0.3, Avg: 0.3, Max: 0.3, Diff: 0.0, Sum: 1.1]
         [Processed Buffers: Min: 1, Avg: 3.0, Max: 9, Diff: 8, Sum: 12]
      [Scan RS (ms): Min: 0.0, Avg: 0.0, Max: 0.0, Diff: 0.0, Sum: 0.0]
      [Code Root Scanning (ms): Min: 0.0, Avg: 0.0, Max: 0.0, Diff: 0.0, Sum: 0.0]
      [Object Copy (ms): Min: 0.4, Avg: 0.4, Max: 0.4, Diff: 0.1, Sum: 1.6]
      [Termination (ms): Min: 0.0, Avg: 0.0, Max: 0.0, Diff: 0.0, Sum: 0.0]
         [Termination Attempts: Min: 1, Avg: 1.0, Max: 1, Diff: 0, Sum: 4]
      [GC Worker Other (ms): Min: 0.0, Avg: 0.0, Max: 0.0, Diff: 0.0, Sum: 0.0]
      [GC Worker Total (ms): Min: 1.2, Avg: 1.2, Max: 1.2, Diff: 0.0, Sum: 4.6]
      [GC Worker End (ms): Min: 11372.0, Avg: 11372.0, Max: 11372.0, Diff: 0.0]
   [Code Root Fixup: 0.0 ms]
   [Code Root Purge: 0.0 ms]
   [Clear CT: 0.0 ms]
   [Other: 0.4 ms]
      [Choose CSet: 0.0 ms]
      [Ref Proc: 0.1 ms]
      [Ref Enq: 0.0 ms]
      [Redirty Cards: 0.0 ms]
      [Humongous Register: 0.0 ms]
      [Humongous Reclaim: 0.0 ms]
      [Free CSet: 0.0 ms]
   [Eden: 10.0M(10.0M)->0.0B(10.0M) Survivors: 2048.0K->2048.0K Heap: 240.8M(258.0M)->233.0M(258.0M)]
 [Times: user=0.00 sys=0.00, real=0.00 secs] 
2016-06-27T20:25:09.100+0300: 11.373: Total time for which application threads were stopped: 0.0047525 seconds, Stopping threads took: 0.0025959 seconds
2016-06-27T20:25:09.189+0300: 11.461: [GC pause (G1 Evacuation Pause) (young) (initial-mark)
Desired survivor size 1048576 bytes, new threshold 1 (max 15)
- age   1:    1734224 bytes,    1734224 total
, 0.0016456 secs]
   [Parallel Time: 1.2 ms, GC Workers: 4]
      [GC Worker Start (ms): Min: 11460.9, Avg: 11460.9, Max: 11460.9, Diff: 0.0]
      [Ext Root Scanning (ms): Min: 0.4, Avg: 0.5, Max: 0.5, Diff: 0.1, Sum: 1.9]
      [Update RS (ms): Min: 0.0, Avg: 0.1, Max: 0.2, Diff: 0.1, Sum: 0.3]
         [Processed Buffers: Min: 1, Avg: 4.3, Max: 7, Diff: 6, Sum: 17]
      [Scan RS (ms): Min: 0.0, Avg: 0.0, Max: 0.0, Diff: 0.0, Sum: 0.0]
      [Code Root Scanning (ms): Min: 0.0, Avg: 0.0, Max: 0.0, Diff: 0.0, Sum: 0.0]
      [Object Copy (ms): Min: 0.5, Avg: 0.5, Max: 0.6, Diff: 0.0, Sum: 2.2]
      [Termination (ms): Min: 0.0, Avg: 0.0, Max: 0.0, Diff: 0.0, Sum: 0.0]
         [Termination Attempts: Min: 1, Avg: 1.0, Max: 1, Diff: 0, Sum: 4]
      [GC Worker Other (ms): Min: 0.0, Avg: 0.0, Max: 0.0, Diff: 0.0, Sum: 0.0]
      [GC Worker Total (ms): Min: 1.1, Avg: 1.1, Max: 1.1, Diff: 0.0, Sum: 4.4]
      [GC Worker End (ms): Min: 11462.0, Avg: 11462.0, Max: 11462.0, Diff: 0.0]
   [Code Root Fixup: 0.0 ms]
   [Code Root Purge: 0.0 ms]
   [Clear CT: 0.1 ms]
   [Other: 0.4 ms]
      [Choose CSet: 0.0 ms]
      [Ref Proc: 0.1 ms]
      [Ref Enq: 0.0 ms]
      [Redirty Cards: 0.0 ms]
      [Humongous Register: 0.0 ms]
      [Humongous Reclaim: 0.0 ms]
      [Free CSet: 0.0 ms]
   [Eden: 10.0M(10.0M)->0.0B(10.0M) Survivors: 2048.0K->2048.0K Heap: 243.0M(258.0M)->236.5M(258.0M)]
 [Times: user=0.00 sys=0.00, real=0.00 secs] 
2016-06-27T20:25:09.191+0300: 11.463: [GC concurrent-root-region-scan-start]
2016-06-27T20:25:09.191+0300: 11.463: Total time for which application threads were stopped: 0.0051721 seconds, Stopping threads took: 0.0029354 seconds
2016-06-27T20:25:09.191+0300: 11.463: [GC concurrent-root-region-scan-end, 0.0001313 secs]
2016-06-27T20:25:09.191+0300: 11.463: [GC concurrent-mark-start]
2016-06-27T20:25:09.205+0300: 11.477: [GC concurrent-mark-end, 0.0141601 secs]
2016-06-27T20:25:09.227+0300: 11.499: [GC remark 2016-06-27T20:25:09.227+0300: 11.499: [Finalize Marking, 0.0001758 secs] 2016-06-27T20:25:09.227+0300: 11.499: [GC ref-proc, 0.0000552 secs] 2016-06-27T20:25:09.227+0300: 11.499: [Unloading, 0.0007809 secs], 0.0021605 secs]
 [Times: user=0.00 sys=0.00, real=0.00 secs] 
2016-06-27T20:25:09.229+0300: 11.501: Total time for which application threads were stopped: 0.0052892 seconds, Stopping threads took: 0.0027216 seconds
2016-06-27T20:25:09.231+0300: 11.502: [GC cleanup 241M->241M(258M), 0.0003092 secs]
 [Times: user=0.00 sys=0.00, real=0.00 secs] 
2016-06-27T20:25:09.231+0300: 11.503: Total time for which application threads were stopped: 0.0007869 seconds, Stopping threads took: 0.0000770 seconds
2016-06-27T20:25:09.271+0300: 11.543: [GC pause (G1 Evacuation Pause) (young)
Desired survivor size 1048576 bytes, new threshold 1 (max 15)
- age   1:    1225792 bytes,    1225792 total
, 0.0014177 secs]
   [Parallel Time: 1.0 ms, GC Workers: 4]
      [GC Worker Start (ms): Min: 11543.1, Avg: 11543.1, Max: 11543.1, Diff: 0.0]
      [Ext Root Scanning (ms): Min: 0.4, Avg: 0.4, Max: 0.5, Diff: 0.0, Sum: 1.8]
      [Update RS (ms): Min: 0.1, Avg: 0.1, Max: 0.2, Diff: 0.1, Sum: 0.5]
         [Processed Buffers: Min: 1, Avg: 4.3, Max: 6, Diff: 5, Sum: 17]
      [Scan RS (ms): Min: 0.0, Avg: 0.0, Max: 0.0, Diff: 0.0, Sum: 0.0]
      [Code Root Scanning (ms): Min: 0.0, Avg: 0.0, Max: 0.0, Diff: 0.0, Sum: 0.0]
      [Object Copy (ms): Min: 0.4, Avg: 0.4, Max: 0.4, Diff: 0.0, Sum: 1.6]
      [Termination (ms): Min: 0.0, Avg: 0.0, Max: 0.0, Diff: 0.0, Sum: 0.0]
         [Termination Attempts: Min: 1, Avg: 1.0, Max: 1, Diff: 0, Sum: 4]
      [GC Worker Other (ms): Min: 0.0, Avg: 0.0, Max: 0.0, Diff: 0.0, Sum: 0.0]
      [GC Worker Total (ms): Min: 1.0, Avg: 1.0, Max: 1.0, Diff: 0.0, Sum: 4.0]
      [GC Worker End (ms): Min: 11544.1, Avg: 11544.1, Max: 11544.1, Diff: 0.0]
   [Code Root Fixup: 0.0 ms]
   [Code Root Purge: 0.0 ms]
   [Clear CT: 0.0 ms]
   [Other: 0.4 ms]
      [Choose CSet: 0.0 ms]
      [Ref Proc: 0.0 ms]
      [Ref Enq: 0.0 ms]
      [Redirty Cards: 0.0 ms]
      [Humongous Register: 0.0 ms]
      [Humongous Reclaim: 0.0 ms]
      [Free CSet: 0.0 ms]
   [Eden: 10.0M(10.0M)->0.0B(10.0M) Survivors: 2048.0K->2048.0K Heap: 246.5M(258.0M)->239.0M(258.0M)]
 [Times: user=0.00 sys=0.00, real=0.00 secs] 
2016-06-27T20:25:09.273+0300: 11.545: Total time for which application threads were stopped: 0.0024748 seconds, Stopping threads took: 0.0004888 seconds
2016-06-27T20:25:09.357+0300: 11.629: [GC pause (G1 Evacuation Pause) (mixed)
Desired survivor size 1048576 bytes, new threshold 1 (max 15)
- age   1:    1482736 bytes,    1482736 total
, 0.0032412 secs]
   [Parallel Time: 2.7 ms, GC Workers: 4]
      [GC Worker Start (ms): Min: 11629.0, Avg: 11629.0, Max: 11629.0, Diff: 0.0]
      [Ext Root Scanning (ms): Min: 0.4, Avg: 0.4, Max: 0.5, Diff: 0.1, Sum: 1.8]
      [Update RS (ms): Min: 0.1, Avg: 0.1, Max: 0.1, Diff: 0.1, Sum: 0.4]
         [Processed Buffers: Min: 1, Avg: 4.0, Max: 6, Diff: 5, Sum: 16]
      [Scan RS (ms): Min: 0.1, Avg: 0.1, Max: 0.1, Diff: 0.0, Sum: 0.3]
      [Code Root Scanning (ms): Min: 0.0, Avg: 0.0, Max: 0.0, Diff: 0.0, Sum: 0.0]
      [Object Copy (ms): Min: 2.0, Avg: 2.1, Max: 2.1, Diff: 0.0, Sum: 8.2]
      [Termination (ms): Min: 0.0, Avg: 0.0, Max: 0.0, Diff: 0.0, Sum: 0.0]
         [Termination Attempts: Min: 1, Avg: 1.0, Max: 1, Diff: 0, Sum: 4]
      [GC Worker Other (ms): Min: 0.0, Avg: 0.0, Max: 0.0, Diff: 0.0, Sum: 0.0]
      [GC Worker Total (ms): Min: 2.7, Avg: 2.7, Max: 2.7, Diff: 0.0, Sum: 10.7]
      [GC Worker End (ms): Min: 11631.6, Avg: 11631.7, Max: 11631.7, Diff: 0.0]
   [Code Root Fixup: 0.0 ms]
   [Code Root Purge: 0.0 ms]
   [Clear CT: 0.0 ms]
   [Other: 0.5 ms]
      [Choose CSet: 0.0 ms]
      [Ref Proc: 0.0 ms]
      [Ref Enq: 0.0 ms]
      [Redirty Cards: 0.1 ms]
      [Humongous Register: 0.0 ms]
      [Humongous Reclaim: 0.0 ms]
      [Free CSet: 0.1 ms]
   [Eden: 10.0M(10.0M)->0.0B(11.0M) Survivors: 2048.0K->2048.0K Heap: 249.0M(258.0M)->235.9M(264.0M)]
 [Times: user=0.00 sys=0.00, real=0.00 secs] 
2016-06-27T20:25:09.360+0300: 11.632: Total time for which application threads were stopped: 0.0046572 seconds, Stopping threads took: 0.0008048 seconds
2016-06-27T20:25:09.456+0300: 11.729: [GC pause (G1 Evacuation Pause) (young)
Desired survivor size 1048576 bytes, new threshold 1 (max 15)
- age   1:    1287808 bytes,    1287808 total
, 0.0017799 secs]
   [Parallel Time: 1.3 ms, GC Workers: 4]
      [GC Worker Start (ms): Min: 11728.7, Avg: 11728.7, Max: 11728.7, Diff: 0.0]
      [Ext Root Scanning (ms): Min: 0.5, Avg: 0.5, Max: 0.5, Diff: 0.0, Sum: 2.0]
      [Update RS (ms): Min: 0.3, Avg: 0.3, Max: 0.3, Diff: 0.1, Sum: 1.2]
         [Processed Buffers: Min: 1, Avg: 2.8, Max: 7, Diff: 6, Sum: 11]
      [Scan RS (ms): Min: 0.0, Avg: 0.0, Max: 0.0, Diff: 0.0, Sum: 0.0]
      [Code Root Scanning (ms): Min: 0.0, Avg: 0.0, Max: 0.0, Diff: 0.0, Sum: 0.0]
      [Object Copy (ms): Min: 0.4, Avg: 0.4, Max: 0.5, Diff: 0.0, Sum: 1.8]
      [Termination (ms): Min: 0.0, Avg: 0.0, Max: 0.0, Diff: 0.0, Sum: 0.0]
         [Termination Attempts: Min: 1, Avg: 1.0, Max: 1, Diff: 0, Sum: 4]
      [GC Worker Other (ms): Min: 0.0, Avg: 0.0, Max: 0.0, Diff: 0.0, Sum: 0.0]
      [GC Worker Total (ms): Min: 1.3, Avg: 1.3, Max: 1.3, Diff: 0.0, Sum: 5.1]
      [GC Worker End (ms): Min: 11729.9, Avg: 11729.9, Max: 11729.9, Diff: 0.0]
   [Code Root Fixup: 0.0 ms]
   [Code Root Purge: 0.0 ms]
   [Clear CT: 0.0 ms]
   [Other: 0.4 ms]
      [Choose CSet: 0.0 ms]
      [Ref Proc: 0.1 ms]
      [Ref Enq: 0.0 ms]
      [Redirty Cards: 0.0 ms]
      [Humongous Register: 0.0 ms]
      [Humongous Reclaim: 0.0 ms]
      [Free CSet: 0.0 ms]
   [Eden: 11.0M(11.0M)->0.0B(11.0M) Survivors: 2048.0K->2048.0K Heap: 246.9M(264.0M)->238.5M(264.0M)]
 [Times: user=0.06 sys=0.00, real=0.00 secs] 
2016-06-27T20:25:09.458+0300: 11.731: Total time for which application threads were stopped: 0.0032386 seconds, Stopping threads took: 0.0008835 seconds
2016-06-27T20:25:09.553+0300: 11.826: [GC pause (G1 Evacuation Pause) (young) (initial-mark)
Desired survivor size 1048576 bytes, new threshold 1 (max 15)
- age   1:    1861944 bytes,    1861944 total
, 0.0016170 secs]
   [Parallel Time: 1.2 ms, GC Workers: 4]
      [GC Worker Start (ms): Min: 11825.7, Avg: 11825.7, Max: 11825.7, Diff: 0.0]
      [Ext Root Scanning (ms): Min: 0.4, Avg: 0.4, Max: 0.5, Diff: 0.1, Sum: 1.8]
      [Update RS (ms): Min: 0.0, Avg: 0.1, Max: 0.1, Diff: 0.1, Sum: 0.4]
         [Processed Buffers: Min: 1, Avg: 4.3, Max: 7, Diff: 6, Sum: 17]
      [Scan RS (ms): Min: 0.0, Avg: 0.0, Max: 0.0, Diff: 0.0, Sum: 0.0]
      [Code Root Scanning (ms): Min: 0.0, Avg: 0.0, Max: 0.0, Diff: 0.0, Sum: 0.0]
      [Object Copy (ms): Min: 0.5, Avg: 0.6, Max: 0.6, Diff: 0.1, Sum: 2.3]
      [Termination (ms): Min: 0.0, Avg: 0.0, Max: 0.0, Diff: 0.0, Sum: 0.0]
         [Termination Attempts: Min: 1, Avg: 1.0, Max: 1, Diff: 0, Sum: 4]
      [GC Worker Other (ms): Min: 0.0, Avg: 0.0, Max: 0.0, Diff: 0.0, Sum: 0.0]
      [GC Worker Total (ms): Min: 1.1, Avg: 1.1, Max: 1.1, Diff: 0.0, Sum: 4.5]
      [GC Worker End (ms): Min: 11826.9, Avg: 11826.9, Max: 11826.9, Diff: 0.0]
   [Code Root Fixup: 0.0 ms]
   [Code Root Purge: 0.0 ms]
   [Clear CT: 0.0 ms]
   [Other: 0.4 ms]
      [Choose CSet: 0.0 ms]
      [Ref Proc: 0.0 ms]
      [Ref Enq: 0.0 ms]
      [Redirty Cards: 0.0 ms]
      [Humongous Register: 0.0 ms]
      [Humongous Reclaim: 0.0 ms]
      [Free CSet: 0.0 ms]
   [Eden: 11.0M(11.0M)->0.0B(11.0M) Survivors: 2048.0K->2048.0K Heap: 249.5M(264.0M)->242.5M(264.0M)]
 [Times: user=0.00 sys=0.00, real=0.00 secs] 
2016-06-27T20:25:09.555+0300: 11.827: [GC concurrent-root-region-scan-start]
2016-06-27T20:25:09.555+0300: 11.827: Total time for which application threads were stopped: 0.0026925 seconds, Stopping threads took: 0.0004922 seconds
2016-06-27T20:25:09.555+0300: 11.828: [GC concurrent-root-region-scan-end, 0.0001732 secs]
2016-06-27T20:25:09.555+0300: 11.828: [GC concurrent-mark-start]
2016-06-27T20:25:09.566+0300: 11.838: [GC concurrent-mark-end, 0.0106772 secs]
2016-06-27T20:25:09.588+0300: 11.860: [GC remark 2016-06-27T20:25:09.588+0300: 11.860: [Finalize Marking, 0.0001471 secs] 2016-06-27T20:25:09.588+0300: 11.860: [GC ref-proc, 0.0000547 secs] 2016-06-27T20:25:09.588+0300: 11.860: [Unloading, 0.0008510 secs], 0.0022084 secs]
 [Times: user=0.00 sys=0.00, real=0.00 secs] 
2016-06-27T20:25:09.590+0300: 11.862: Total time for which application threads were stopped: 0.0031578 seconds, Stopping threads took: 0.0005294 seconds
2016-06-27T20:25:09.591+0300: 11.863: [GC cleanup 246M->246M(264M), 0.0002976 secs]
 [Times: user=0.00 sys=0.00, real=0.00 secs] 
2016-06-27T20:25:09.591+0300: 11.863: Total time for which application threads were stopped: 0.0007689 seconds, Stopping threads took: 0.0000535 seconds
2016-06-27T20:25:09.646+0300: 11.918: [GC pause (G1 Evacuation Pause) (young)
Desired survivor size 1048576 bytes, new threshold 1 (max 15)
- age   1:    1270904 bytes,    1270904 total
, 0.0014399 secs]
   [Parallel Time: 1.1 ms, GC Workers: 4]
      [GC Worker Start (ms): Min: 11917.8, Avg: 11917.8, Max: 11917.8, Diff: 0.0]
      [Ext Root Scanning (ms): Min: 0.4, Avg: 0.5, Max: 0.5, Diff: 0.0, Sum: 1.8]
      [Update RS (ms): Min: 0.1, Avg: 0.1, Max: 0.2, Diff: 0.1, Sum: 0.5]
         [Processed Buffers: Min: 4, Avg: 4.8, Max: 6, Diff: 2, Sum: 19]
      [Scan RS (ms): Min: 0.0, Avg: 0.0, Max: 0.0, Diff: 0.0, Sum: 0.0]
      [Code Root Scanning (ms): Min: 0.0, Avg: 0.0, Max: 0.0, Diff: 0.0, Sum: 0.0]
      [Object Copy (ms): Min: 0.4, Avg: 0.5, Max: 0.5, Diff: 0.0, Sum: 1.8]
      [Termination (ms): Min: 0.0, Avg: 0.0, Max: 0.0, Diff: 0.0, Sum: 0.0]
         [Termination Attempts: Min: 1, Avg: 1.0, Max: 1, Diff: 0, Sum: 4]
      [GC Worker Other (ms): Min: 0.0, Avg: 0.0, Max: 0.0, Diff: 0.0, Sum: 0.0]
      [GC Worker Total (ms): Min: 1.0, Avg: 1.0, Max: 1.0, Diff: 0.0, Sum: 4.2]
      [GC Worker End (ms): Min: 11918.9, Avg: 11918.9, Max: 11918.9, Diff: 0.0]
   [Code Root Fixup: 0.0 ms]
   [Code Root Purge: 0.0 ms]
   [Clear CT: 0.0 ms]
   [Other: 0.3 ms]
      [Choose CSet: 0.0 ms]
      [Ref Proc: 0.0 ms]
      [Ref Enq: 0.0 ms]
      [Redirty Cards: 0.0 ms]
      [Humongous Register: 0.0 ms]
      [Humongous Reclaim: 0.0 ms]
      [Free CSet: 0.0 ms]
   [Eden: 11.0M(11.0M)->0.0B(11.0M) Survivors: 2048.0K->2048.0K Heap: 253.5M(264.0M)->244.5M(264.0M)]
 [Times: user=0.00 sys=0.00, real=0.00 secs] 
2016-06-27T20:25:09.647+0300: 11.919: Total time for which application threads were stopped: 0.0030252 seconds, Stopping threads took: 0.0009785 seconds
2016-06-27T20:25:09.742+0300: 12.014: [GC pause (G1 Evacuation Pause) (mixed)
Desired survivor size 1048576 bytes, new threshold 1 (max 15)
- age   1:    1731664 bytes,    1731664 total
, 0.0032356 secs]
   [Parallel Time: 2.8 ms, GC Workers: 4]
      [GC Worker Start (ms): Min: 12014.0, Avg: 12014.1, Max: 12014.1, Diff: 0.0]
      [Ext Root Scanning (ms): Min: 0.4, Avg: 0.5, Max: 0.5, Diff: 0.1, Sum: 1.9]
      [Update RS (ms): Min: 0.1, Avg: 0.1, Max: 0.1, Diff: 0.1, Sum: 0.4]
         [Processed Buffers: Min: 2, Avg: 4.3, Max: 7, Diff: 5, Sum: 17]
      [Scan RS (ms): Min: 0.0, Avg: 0.1, Max: 0.1, Diff: 0.0, Sum: 0.2]
      [Code Root Scanning (ms): Min: 0.0, Avg: 0.0, Max: 0.0, Diff: 0.0, Sum: 0.0]
      [Object Copy (ms): Min: 2.1, Avg: 2.1, Max: 2.1, Diff: 0.0, Sum: 8.4]
      [Termination (ms): Min: 0.0, Avg: 0.0, Max: 0.0, Diff: 0.0, Sum: 0.0]
         [Termination Attempts: Min: 1, Avg: 1.0, Max: 1, Diff: 0, Sum: 4]
      [GC Worker Other (ms): Min: 0.0, Avg: 0.0, Max: 0.0, Diff: 0.0, Sum: 0.0]
      [GC Worker Total (ms): Min: 2.7, Avg: 2.8, Max: 2.8, Diff: 0.0, Sum: 11.0]
      [GC Worker End (ms): Min: 12016.8, Avg: 12016.8, Max: 12016.8, Diff: 0.0]
   [Code Root Fixup: 0.0 ms]
   [Code Root Purge: 0.0 ms]
   [Clear CT: 0.0 ms]
   [Other: 0.4 ms]
      [Choose CSet: 0.0 ms]
      [Ref Proc: 0.0 ms]
      [Ref Enq: 0.0 ms]
      [Redirty Cards: 0.0 ms]
      [Humongous Register: 0.0 ms]
      [Humongous Reclaim: 0.0 ms]
      [Free CSet: 0.1 ms]
   [Eden: 11.0M(11.0M)->0.0B(11.0M) Survivors: 2048.0K->2048.0K Heap: 255.5M(264.0M)->241.9M(270.0M)]
 [Times: user=0.00 sys=0.00, real=0.00 secs] 
2016-06-27T20:25:09.745+0300: 12.017: Total time for which application threads were stopped: 0.0052905 seconds, Stopping threads took: 0.0014395 seconds
2016-06-27T20:25:09.841+0300: 12.113: [GC pause (G1 Evacuation Pause) (young)
Desired survivor size 1048576 bytes, new threshold 1 (max 15)
- age   1:    1503296 bytes,    1503296 total
, 0.0017718 secs]
   [Parallel Time: 1.4 ms, GC Workers: 4]
      [GC Worker Start (ms): Min: 12113.2, Avg: 12113.2, Max: 12113.2, Diff: 0.0]
      [Ext Root Scanning (ms): Min: 0.5, Avg: 0.5, Max: 0.5, Diff: 0.0, Sum: 1.9]
      [Update RS (ms): Min: 0.3, Avg: 0.3, Max: 0.4, Diff: 0.1, Sum: 1.4]
         [Processed Buffers: Min: 1, Avg: 3.5, Max: 8, Diff: 7, Sum: 14]
      [Scan RS (ms): Min: 0.0, Avg: 0.0, Max: 0.0, Diff: 0.0, Sum: 0.0]
      [Code Root Scanning (ms): Min: 0.0, Avg: 0.0, Max: 0.0, Diff: 0.0, Sum: 0.0]
      [Object Copy (ms): Min: 0.5, Avg: 0.5, Max: 0.5, Diff: 0.0, Sum: 1.9]
      [Termination (ms): Min: 0.0, Avg: 0.0, Max: 0.0, Diff: 0.0, Sum: 0.0]
         [Termination Attempts: Min: 1, Avg: 1.0, Max: 1, Diff: 0, Sum: 4]
      [GC Worker Other (ms): Min: 0.0, Avg: 0.0, Max: 0.0, Diff: 0.0, Sum: 0.0]
      [GC Worker Total (ms): Min: 1.3, Avg: 1.3, Max: 1.3, Diff: 0.0, Sum: 5.3]
      [GC Worker End (ms): Min: 12114.6, Avg: 12114.6, Max: 12114.6, Diff: 0.0]
   [Code Root Fixup: 0.0 ms]
   [Code Root Purge: 0.0 ms]
   [Clear CT: 0.0 ms]
   [Other: 0.4 ms]
      [Choose CSet: 0.0 ms]
      [Ref Proc: 0.0 ms]
      [Ref Enq: 0.0 ms]
      [Redirty Cards: 0.0 ms]
      [Humongous Register: 0.0 ms]
      [Humongous Reclaim: 0.0 ms]
      [Free CSet: 0.0 ms]
   [Eden: 11.0M(11.0M)->0.0B(11.0M) Survivors: 2048.0K->2048.0K Heap: 252.9M(270.0M)->245.0M(270.0M)]
 [Times: user=0.00 sys=0.00, real=0.00 secs] 
2016-06-27T20:25:09.843+0300: 12.115: Total time for which application threads were stopped: 0.0040332 seconds, Stopping threads took: 0.0016555 seconds
2016-06-27T20:25:09.938+0300: 12.210: [GC pause (G1 Evacuation Pause) (young) (initial-mark)
Desired survivor size 1048576 bytes, new threshold 1 (max 15)
- age   1:    1290200 bytes,    1290200 total
, 0.0015674 secs]
   [Parallel Time: 1.1 ms, GC Workers: 4]
      [GC Worker Start (ms): Min: 12210.2, Avg: 12210.2, Max: 12210.2, Diff: 0.0]
      [Ext Root Scanning (ms): Min: 0.4, Avg: 0.5, Max: 0.6, Diff: 0.1, Sum: 1.9]
      [Update RS (ms): Min: 0.0, Avg: 0.1, Max: 0.1, Diff: 0.1, Sum: 0.4]
         [Processed Buffers: Min: 1, Avg: 3.8, Max: 8, Diff: 7, Sum: 15]
      [Scan RS (ms): Min: 0.0, Avg: 0.0, Max: 0.0, Diff: 0.0, Sum: 0.0]
      [Code Root Scanning (ms): Min: 0.0, Avg: 0.0, Max: 0.0, Diff: 0.0, Sum: 0.0]
      [Object Copy (ms): Min: 0.5, Avg: 0.5, Max: 0.5, Diff: 0.1, Sum: 2.0]
      [Termination (ms): Min: 0.0, Avg: 0.0, Max: 0.0, Diff: 0.0, Sum: 0.0]
         [Termination Attempts: Min: 1, Avg: 1.0, Max: 1, Diff: 0, Sum: 4]
      [GC Worker Other (ms): Min: 0.0, Avg: 0.0, Max: 0.0, Diff: 0.0, Sum: 0.1]
      [GC Worker Total (ms): Min: 1.1, Avg: 1.1, Max: 1.1, Diff: 0.0, Sum: 4.4]
      [GC Worker End (ms): Min: 12211.3, Avg: 12211.3, Max: 12211.3, Diff: 0.0]
   [Code Root Fixup: 0.0 ms]
   [Code Root Purge: 0.0 ms]
   [Clear CT: 0.0 ms]
   [Other: 0.4 ms]
      [Choose CSet: 0.0 ms]
      [Ref Proc: 0.0 ms]
      [Ref Enq: 0.0 ms]
      [Redirty Cards: 0.0 ms]
      [Humongous Register: 0.0 ms]
      [Humongous Reclaim: 0.0 ms]
      [Free CSet: 0.0 ms]
   [Eden: 11.0M(11.0M)->0.0B(11.0M) Survivors: 2048.0K->2048.0K Heap: 256.0M(270.0M)->247.5M(270.0M)]
 [Times: user=0.00 sys=0.00, real=0.00 secs] 
2016-06-27T20:25:09.940+0300: 12.212: [GC concurrent-root-region-scan-start]
2016-06-27T20:25:09.940+0300: 12.212: Total time for which application threads were stopped: 0.0035098 seconds, Stopping threads took: 0.0013120 seconds
2016-06-27T20:25:09.940+0300: 12.212: [GC concurrent-root-region-scan-end, 0.0001694 secs]
2016-06-27T20:25:09.940+0300: 12.212: [GC concurrent-mark-start]
2016-06-27T20:25:09.953+0300: 12.225: [GC concurrent-mark-end, 0.0124845 secs]
2016-06-27T20:25:09.974+0300: 12.246: [GC remark 2016-06-27T20:25:09.974+0300: 12.246: [Finalize Marking, 0.0001493 secs] 2016-06-27T20:25:09.975+0300: 12.247: [GC ref-proc, 0.0000590 secs] 2016-06-27T20:25:09.975+0300: 12.247: [Unloading, 0.0007950 secs], 0.0022131 secs]
 [Times: user=0.00 sys=0.00, real=0.00 secs] 
2016-06-27T20:25:09.977+0300: 12.249: Total time for which application threads were stopped: 0.0035376 seconds, Stopping threads took: 0.0008810 seconds
2016-06-27T20:25:09.977+0300: 12.249: [GC cleanup 252M->252M(270M), 0.0003421 secs]
 [Times: user=0.00 sys=0.00, real=0.00 secs] 
2016-06-27T20:25:09.978+0300: 12.250: Total time for which application threads were stopped: 0.0008468 seconds, Stopping threads took: 0.0000492 seconds
2016-06-27T20:25:10.028+0300: 12.300: [GC pause (G1 Evacuation Pause) (young)
Desired survivor size 1048576 bytes, new threshold 1 (max 15)
- age   1:    1659312 bytes,    1659312 total
, 0.0015678 secs]
   [Parallel Time: 1.2 ms, GC Workers: 4]
      [GC Worker Start (ms): Min: 12300.6, Avg: 12300.6, Max: 12300.6, Diff: 0.0]
      [Ext Root Scanning (ms): Min: 0.5, Avg: 0.5, Max: 0.5, Diff: 0.0, Sum: 2.1]
      [Update RS (ms): Min: 0.1, Avg: 0.1, Max: 0.1, Diff: 0.0, Sum: 0.4]
         [Processed Buffers: Min: 3, Avg: 4.5, Max: 6, Diff: 3, Sum: 18]
      [Scan RS (ms): Min: 0.0, Avg: 0.0, Max: 0.0, Diff: 0.0, Sum: 0.0]
      [Code Root Scanning (ms): Min: 0.0, Avg: 0.0, Max: 0.0, Diff: 0.0, Sum: 0.0]
      [Object Copy (ms): Min: 0.5, Avg: 0.5, Max: 0.5, Diff: 0.0, Sum: 2.0]
      [Termination (ms): Min: 0.0, Avg: 0.0, Max: 0.0, Diff: 0.0, Sum: 0.0]
         [Termination Attempts: Min: 1, Avg: 1.0, Max: 1, Diff: 0, Sum: 4]
      [GC Worker Other (ms): Min: 0.0, Avg: 0.0, Max: 0.0, Diff: 0.0, Sum: 0.1]
      [GC Worker Total (ms): Min: 1.1, Avg: 1.1, Max: 1.1, Diff: 0.0, Sum: 4.6]
      [GC Worker End (ms): Min: 12301.7, Avg: 12301.7, Max: 12301.7, Diff: 0.0]
   [Code Root Fixup: 0.0 ms]
   [Code Root Purge: 0.0 ms]
   [Clear CT: 0.0 ms]
   [Other: 0.4 ms]
      [Choose CSet: 0.0 ms]
      [Ref Proc: 0.0 ms]
      [Ref Enq: 0.0 ms]
      [Redirty Cards: 0.0 ms]
      [Humongous Register: 0.0 ms]
      [Humongous Reclaim: 0.0 ms]
      [Free CSet: 0.0 ms]
   [Eden: 11.0M(11.0M)->0.0B(11.0M) Survivors: 2048.0K->2048.0K Heap: 258.5M(270.0M)->250.5M(270.0M)]
 [Times: user=0.00 sys=0.00, real=0.00 secs] 
2016-06-27T20:25:10.030+0300: 12.302: Total time for which application threads were stopped: 0.0029290 seconds, Stopping threads took: 0.0007283 seconds
2016-06-27T20:25:10.127+0300: 12.399: [GC pause (G1 Evacuation Pause) (mixed)
Desired survivor size 1048576 bytes, new threshold 1 (max 15)
- age   1:    1536264 bytes,    1536264 total
, 0.0018158 secs]
   [Parallel Time: 1.4 ms, GC Workers: 4]
      [GC Worker Start (ms): Min: 12398.7, Avg: 12398.7, Max: 12398.7, Diff: 0.0]
      [Ext Root Scanning (ms): Min: 0.4, Avg: 0.5, Max: 0.5, Diff: 0.1, Sum: 1.9]
      [Update RS (ms): Min: 0.1, Avg: 0.1, Max: 0.1, Diff: 0.1, Sum: 0.4]
         [Processed Buffers: Min: 1, Avg: 4.3, Max: 7, Diff: 6, Sum: 17]
      [Scan RS (ms): Min: 0.0, Avg: 0.0, Max: 0.0, Diff: 0.0, Sum: 0.1]
      [Code Root Scanning (ms): Min: 0.0, Avg: 0.0, Max: 0.0, Diff: 0.0, Sum: 0.0]
      [Object Copy (ms): Min: 0.8, Avg: 0.8, Max: 0.8, Diff: 0.0, Sum: 3.0]
      [Termination (ms): Min: 0.0, Avg: 0.0, Max: 0.0, Diff: 0.0, Sum: 0.0]
         [Termination Attempts: Min: 1, Avg: 1.0, Max: 1, Diff: 0, Sum: 4]
      [GC Worker Other (ms): Min: 0.0, Avg: 0.0, Max: 0.0, Diff: 0.0, Sum: 0.1]
      [GC Worker Total (ms): Min: 1.4, Avg: 1.4, Max: 1.4, Diff: 0.0, Sum: 5.5]
      [GC Worker End (ms): Min: 12400.0, Avg: 12400.1, Max: 12400.1, Diff: 0.0]
   [Code Root Fixup: 0.0 ms]
   [Code Root Purge: 0.0 ms]
   [Clear CT: 0.0 ms]
   [Other: 0.4 ms]
      [Choose CSet: 0.0 ms]
      [Ref Proc: 0.0 ms]
      [Ref Enq: 0.0 ms]
      [Redirty Cards: 0.0 ms]
      [Humongous Register: 0.0 ms]
      [Humongous Reclaim: 0.0 ms]
      [Free CSet: 0.0 ms]
   [Eden: 11.0M(11.0M)->0.0B(11.0M) Survivors: 2048.0K->2048.0K Heap: 261.5M(270.0M)->250.5M(270.0M)]
 [Times: user=0.00 sys=0.00, real=0.00 secs] 
2016-06-27T20:25:10.129+0300: 12.401: Total time for which application threads were stopped: 0.0049386 seconds, Stopping threads took: 0.0024710 seconds
2016-06-27T20:25:10.225+0300: 12.497: [GC pause (G1 Evacuation Pause) (young)
Desired survivor size 1048576 bytes, new threshold 1 (max 15)
- age   1:    1238024 bytes,    1238024 total
, 0.0014912 secs]
   [Parallel Time: 1.1 ms, GC Workers: 4]
      [GC Worker Start (ms): Min: 12497.0, Avg: 12497.0, Max: 12497.1, Diff: 0.0]
      [Ext Root Scanning (ms): Min: 0.4, Avg: 0.4, Max: 0.4, Diff: 0.0, Sum: 1.7]
      [Update RS (ms): Min: 0.2, Avg: 0.2, Max: 0.2, Diff: 0.1, Sum: 0.7]
         [Processed Buffers: Min: 1, Avg: 3.5, Max: 9, Diff: 8, Sum: 14]
      [Scan RS (ms): Min: 0.0, Avg: 0.0, Max: 0.0, Diff: 0.0, Sum: 0.0]
      [Code Root Scanning (ms): Min: 0.0, Avg: 0.0, Max: 0.0, Diff: 0.0, Sum: 0.0]
      [Object Copy (ms): Min: 0.4, Avg: 0.4, Max: 0.4, Diff: 0.1, Sum: 1.7]
      [Termination (ms): Min: 0.0, Avg: 0.0, Max: 0.0, Diff: 0.0, Sum: 0.0]
         [Termination Attempts: Min: 1, Avg: 1.0, Max: 1, Diff: 0, Sum: 4]
      [GC Worker Other (ms): Min: 0.0, Avg: 0.0, Max: 0.0, Diff: 0.0, Sum: 0.0]
      [GC Worker Total (ms): Min: 1.0, Avg: 1.1, Max: 1.1, Diff: 0.0, Sum: 4.2]
      [GC Worker End (ms): Min: 12498.1, Avg: 12498.1, Max: 12498.1, Diff: 0.0]
   [Code Root Fixup: 0.0 ms]
   [Code Root Purge: 0.0 ms]
   [Clear CT: 0.0 ms]
   [Other: 0.4 ms]
      [Choose CSet: 0.0 ms]
      [Ref Proc: 0.0 ms]
      [Ref Enq: 0.0 ms]
      [Redirty Cards: 0.0 ms]
      [Humongous Register: 0.0 ms]
      [Humongous Reclaim: 0.0 ms]
      [Free CSet: 0.0 ms]
   [Eden: 11.0M(11.0M)->0.0B(11.0M) Survivors: 2048.0K->2048.0K Heap: 261.5M(270.0M)->252.5M(270.0M)]
 [Times: user=0.00 sys=0.00, real=0.00 secs] 
2016-06-27T20:25:10.227+0300: 12.499: Total time for which application threads were stopped: 0.0043766 seconds, Stopping threads took: 0.0023273 seconds
2016-06-27T20:25:10.319+0300: 12.592: [GC pause (G1 Evacuation Pause) (young) (initial-mark)
Desired survivor size 1048576 bytes, new threshold 1 (max 15)
- age   1:    1859560 bytes,    1859560 total
, 0.0017833 secs]
   [Parallel Time: 1.3 ms, GC Workers: 4]
      [GC Worker Start (ms): Min: 12591.7, Avg: 12591.7, Max: 12591.8, Diff: 0.0]
      [Ext Root Scanning (ms): Min: 0.5, Avg: 0.6, Max: 0.6, Diff: 0.1, Sum: 2.4]
      [Update RS (ms): Min: 0.0, Avg: 0.1, Max: 0.1, Diff: 0.1, Sum: 0.4]
         [Processed Buffers: Min: 3, Avg: 4.3, Max: 6, Diff: 3, Sum: 17]
      [Scan RS (ms): Min: 0.0, Avg: 0.0, Max: 0.0, Diff: 0.0, Sum: 0.0]
      [Code Root Scanning (ms): Min: 0.0, Avg: 0.0, Max: 0.0, Diff: 0.0, Sum: 0.0]
      [Object Copy (ms): Min: 0.5, Avg: 0.6, Max: 0.6, Diff: 0.1, Sum: 2.3]
      [Termination (ms): Min: 0.0, Avg: 0.0, Max: 0.0, Diff: 0.0, Sum: 0.0]
         [Termination Attempts: Min: 1, Avg: 1.0, Max: 1, Diff: 0, Sum: 4]
      [GC Worker Other (ms): Min: 0.0, Avg: 0.0, Max: 0.0, Diff: 0.0, Sum: 0.1]
      [GC Worker Total (ms): Min: 1.3, Avg: 1.3, Max: 1.3, Diff: 0.0, Sum: 5.1]
      [GC Worker End (ms): Min: 12593.0, Avg: 12593.0, Max: 12593.0, Diff: 0.0]
   [Code Root Fixup: 0.0 ms]
   [Code Root Purge: 0.0 ms]
   [Clear CT: 0.0 ms]
   [Other: 0.4 ms]
      [Choose CSet: 0.0 ms]
      [Ref Proc: 0.1 ms]
      [Ref Enq: 0.0 ms]
      [Redirty Cards: 0.0 ms]
      [Humongous Register: 0.0 ms]
      [Humongous Reclaim: 0.0 ms]
      [Free CSet: 0.0 ms]
   [Eden: 11.0M(11.0M)->0.0B(11.0M) Survivors: 2048.0K->2048.0K Heap: 263.5M(270.0M)->256.5M(270.0M)]
 [Times: user=0.00 sys=0.00, real=0.00 secs] 
2016-06-27T20:25:10.321+0300: 12.594: [GC concurrent-root-region-scan-start]
2016-06-27T20:25:10.321+0300: 12.594: Total time for which application threads were stopped: 0.0030838 seconds, Stopping threads took: 0.0007313 seconds
2016-06-27T20:25:10.322+0300: 12.594: [GC concurrent-root-region-scan-end, 0.0001758 secs]
2016-06-27T20:25:10.322+0300: 12.594: [GC concurrent-mark-start]
2016-06-27T20:25:10.335+0300: 12.607: [GC concurrent-mark-end, 0.0119914 secs]
2016-06-27T20:25:10.363+0300: 12.636: [GC remark 2016-06-27T20:25:10.363+0300: 12.636: [Finalize Marking, 0.0001407 secs] 2016-06-27T20:25:10.364+0300: 12.636: [GC ref-proc, 0.0000586 secs] 2016-06-27T20:25:10.364+0300: 12.636: [Unloading, 0.0007304 secs], 0.0021515 secs]
 [Times: user=0.06 sys=0.00, real=0.00 secs] 
2016-06-27T20:25:10.366+0300: 12.638: Total time for which application threads were stopped: 0.0031061 seconds, Stopping threads took: 0.0005987 seconds
2016-06-27T20:25:10.373+0300: 12.646: [GC cleanup 262M->262M(270M), 0.0003015 secs]
 [Times: user=0.00 sys=0.00, real=0.00 secs] 
2016-06-27T20:25:10.374+0300: 12.646: Total time for which application threads were stopped: 0.0008382 seconds, Stopping threads took: 0.0001445 seconds
2016-06-27T20:25:10.414+0300: 12.686: [GC pause (G1 Evacuation Pause) (young)
Desired survivor size 1048576 bytes, new threshold 1 (max 15)
- age   1:    1525472 bytes,    1525472 total
, 0.0015096 secs]
   [Parallel Time: 1.1 ms, GC Workers: 4]
      [GC Worker Start (ms): Min: 12686.3, Avg: 12686.3, Max: 12686.3, Diff: 0.0]
      [Ext Root Scanning (ms): Min: 0.4, Avg: 0.4, Max: 0.4, Diff: 0.0, Sum: 1.6]
      [Update RS (ms): Min: 0.0, Avg: 0.1, Max: 0.2, Diff: 0.1, Sum: 0.4]
         [Processed Buffers: Min: 2, Avg: 4.0, Max: 9, Diff: 7, Sum: 16]
      [Scan RS (ms): Min: 0.0, Avg: 0.0, Max: 0.0, Diff: 0.0, Sum: 0.0]
      [Code Root Scanning (ms): Min: 0.0, Avg: 0.0, Max: 0.0, Diff: 0.0, Sum: 0.0]
      [Object Copy (ms): Min: 0.5, Avg: 0.6, Max: 0.6, Diff: 0.1, Sum: 2.3]
      [Termination (ms): Min: 0.0, Avg: 0.0, Max: 0.0, Diff: 0.0, Sum: 0.0]
         [Termination Attempts: Min: 1, Avg: 1.0, Max: 1, Diff: 0, Sum: 4]
      [GC Worker Other (ms): Min: 0.0, Avg: 0.0, Max: 0.0, Diff: 0.0, Sum: 0.1]
      [GC Worker Total (ms): Min: 1.1, Avg: 1.1, Max: 1.1, Diff: 0.0, Sum: 4.4]
      [GC Worker End (ms): Min: 12687.4, Avg: 12687.4, Max: 12687.4, Diff: 0.0]
   [Code Root Fixup: 0.0 ms]
   [Code Root Purge: 0.0 ms]
   [Clear CT: 0.0 ms]
   [Other: 0.4 ms]
      [Choose CSet: 0.0 ms]
      [Ref Proc: 0.0 ms]
      [Ref Enq: 0.0 ms]
      [Redirty Cards: 0.0 ms]
      [Humongous Register: 0.0 ms]
      [Humongous Reclaim: 0.0 ms]
      [Free CSet: 0.0 ms]
   [Eden: 11.0M(11.0M)->0.0B(11.0M) Survivors: 2048.0K->2048.0K Heap: 267.5M(270.0M)->259.0M(272.0M)]
 [Times: user=0.00 sys=0.00, real=0.00 secs] 
2016-06-27T20:25:10.416+0300: 12.688: Total time for which application threads were stopped: 0.0047170 seconds, Stopping threads took: 0.0026630 seconds
2016-06-27T20:25:10.511+0300: 12.783: [GC pause (G1 Evacuation Pause) (mixed)
Desired survivor size 1048576 bytes, new threshold 1 (max 15)
- age   1:    1514264 bytes,    1514264 total
, 0.0029367 secs]
   [Parallel Time: 2.5 ms, GC Workers: 4]
      [GC Worker Start (ms): Min: 12783.5, Avg: 12783.5, Max: 12783.5, Diff: 0.0]
      [Ext Root Scanning (ms): Min: 0.3, Avg: 0.4, Max: 0.4, Diff: 0.1, Sum: 1.5]
      [Update RS (ms): Min: 0.0, Avg: 0.1, Max: 0.2, Diff: 0.2, Sum: 0.4]
         [Processed Buffers: Min: 0, Avg: 4.3, Max: 9, Diff: 9, Sum: 17]
      [Scan RS (ms): Min: 0.0, Avg: 0.0, Max: 0.1, Diff: 0.1, Sum: 0.2]
      [Code Root Scanning (ms): Min: 0.0, Avg: 0.0, Max: 0.0, Diff: 0.0, Sum: 0.0]
      [Object Copy (ms): Min: 1.9, Avg: 2.0, Max: 2.0, Diff: 0.1, Sum: 7.8]
      [Termination (ms): Min: 0.0, Avg: 0.0, Max: 0.0, Diff: 0.0, Sum: 0.0]
         [Termination Attempts: Min: 1, Avg: 1.0, Max: 1, Diff: 0, Sum: 4]
      [GC Worker Other (ms): Min: 0.0, Avg: 0.0, Max: 0.0, Diff: 0.0, Sum: 0.0]
      [GC Worker Total (ms): Min: 2.5, Avg: 2.5, Max: 2.5, Diff: 0.0, Sum: 9.9]
      [GC Worker End (ms): Min: 12786.0, Avg: 12786.0, Max: 12786.0, Diff: 0.0]
   [Code Root Fixup: 0.0 ms]
   [Code Root Purge: 0.0 ms]
   [Clear CT: 0.0 ms]
   [Other: 0.4 ms]
      [Choose CSet: 0.0 ms]
      [Ref Proc: 0.0 ms]
      [Ref Enq: 0.0 ms]
      [Redirty Cards: 0.0 ms]
      [Humongous Register: 0.0 ms]
      [Humongous Reclaim: 0.0 ms]
      [Free CSet: 0.0 ms]
   [Eden: 11.0M(11.0M)->0.0B(12.0M) Survivors: 2048.0K->2048.0K Heap: 270.0M(272.0M)->257.0M(281.0M)]
 [Times: user=0.00 sys=0.00, real=0.00 secs] 
2016-06-27T20:25:10.514+0300: 12.787: Total time for which application threads were stopped: 0.0054517 seconds, Stopping threads took: 0.0019651 seconds
2016-06-27T20:25:10.618+0300: 12.890: [GC pause (G1 Evacuation Pause) (young)
Desired survivor size 1048576 bytes, new threshold 1 (max 15)
- age   1:    1382896 bytes,    1382896 total
, 0.0016657 secs]
   [Parallel Time: 1.3 ms, GC Workers: 4]
      [GC Worker Start (ms): Min: 12890.0, Avg: 12890.0, Max: 12890.0, Diff: 0.0]
      [Ext Root Scanning (ms): Min: 0.4, Avg: 0.4, Max: 0.4, Diff: 0.0, Sum: 1.7]
      [Update RS (ms): Min: 0.3, Avg: 0.3, Max: 0.3, Diff: 0.0, Sum: 1.2]
         [Processed Buffers: Min: 1, Avg: 4.3, Max: 10, Diff: 9, Sum: 17]
      [Scan RS (ms): Min: 0.0, Avg: 0.0, Max: 0.0, Diff: 0.0, Sum: 0.0]
      [Code Root Scanning (ms): Min: 0.0, Avg: 0.0, Max: 0.0, Diff: 0.0, Sum: 0.0]
      [Object Copy (ms): Min: 0.5, Avg: 0.5, Max: 0.5, Diff: 0.0, Sum: 2.0]
      [Termination (ms): Min: 0.0, Avg: 0.0, Max: 0.0, Diff: 0.0, Sum: 0.0]
         [Termination Attempts: Min: 1, Avg: 1.0, Max: 1, Diff: 0, Sum: 4]
      [GC Worker Other (ms): Min: 0.0, Avg: 0.0, Max: 0.0, Diff: 0.0, Sum: 0.1]
      [GC Worker Total (ms): Min: 1.2, Avg: 1.2, Max: 1.2, Diff: 0.0, Sum: 5.0]
      [GC Worker End (ms): Min: 12891.2, Avg: 12891.2, Max: 12891.2, Diff: 0.0]
   [Code Root Fixup: 0.0 ms]
   [Code Root Purge: 0.0 ms]
   [Clear CT: 0.0 ms]
   [Other: 0.4 ms]
      [Choose CSet: 0.0 ms]
      [Ref Proc: 0.0 ms]
      [Ref Enq: 0.0 ms]
      [Redirty Cards: 0.0 ms]
      [Humongous Register: 0.0 ms]
      [Humongous Reclaim: 0.0 ms]
      [Free CSet: 0.0 ms]
   [Eden: 12.0M(12.0M)->0.0B(12.0M) Survivors: 2048.0K->2048.0K Heap: 269.0M(281.0M)->260.0M(281.0M)]
 [Times: user=0.00 sys=0.00, real=0.00 secs] 
2016-06-27T20:25:10.620+0300: 12.892: Total time for which application threads were stopped: 0.0032446 seconds, Stopping threads took: 0.0010460 seconds
2016-06-27T20:25:10.724+0300: 12.996: [GC pause (G1 Evacuation Pause) (young) (initial-mark)
Desired survivor size 1048576 bytes, new threshold 1 (max 15)
- age   1:    1365136 bytes,    1365136 total
, 0.0015579 secs]
   [Parallel Time: 1.1 ms, GC Workers: 4]
      [GC Worker Start (ms): Min: 12995.7, Avg: 12995.7, Max: 12995.7, Diff: 0.0]
      [Ext Root Scanning (ms): Min: 0.3, Avg: 0.4, Max: 0.5, Diff: 0.1, Sum: 1.6]
      [Update RS (ms): Min: 0.0, Avg: 0.1, Max: 0.1, Diff: 0.1, Sum: 0.4]
         [Processed Buffers: Min: 1, Avg: 4.3, Max: 6, Diff: 5, Sum: 17]
      [Scan RS (ms): Min: 0.0, Avg: 0.0, Max: 0.0, Diff: 0.0, Sum: 0.0]
      [Code Root Scanning (ms): Min: 0.0, Avg: 0.0, Max: 0.0, Diff: 0.0, Sum: 0.0]
      [Object Copy (ms): Min: 0.5, Avg: 0.5, Max: 0.6, Diff: 0.1, Sum: 2.2]
      [Termination (ms): Min: 0.0, Avg: 0.0, Max: 0.0, Diff: 0.0, Sum: 0.0]
         [Termination Attempts: Min: 1, Avg: 1.0, Max: 1, Diff: 0, Sum: 4]
      [GC Worker Other (ms): Min: 0.0, Avg: 0.0, Max: 0.0, Diff: 0.0, Sum: 0.1]
      [GC Worker Total (ms): Min: 1.1, Avg: 1.1, Max: 1.1, Diff: 0.0, Sum: 4.3]
      [GC Worker End (ms): Min: 12996.8, Avg: 12996.8, Max: 12996.8, Diff: 0.0]
   [Code Root Fixup: 0.0 ms]
   [Code Root Purge: 0.0 ms]
   [Clear CT: 0.0 ms]
   [Other: 0.4 ms]
      [Choose CSet: 0.0 ms]
      [Ref Proc: 0.0 ms]
      [Ref Enq: 0.0 ms]
      [Redirty Cards: 0.0 ms]
      [Humongous Register: 0.0 ms]
      [Humongous Reclaim: 0.0 ms]
      [Free CSet: 0.0 ms]
   [Eden: 12.0M(12.0M)->0.0B(12.0M) Survivors: 2048.0K->2048.0K Heap: 272.0M(281.0M)->263.0M(281.0M)]
 [Times: user=0.00 sys=0.00, real=0.00 secs] 
2016-06-27T20:25:10.725+0300: 12.997: [GC concurrent-root-region-scan-start]
2016-06-27T20:25:10.725+0300: 12.997: Total time for which application threads were stopped: 0.0038870 seconds, Stopping threads took: 0.0017936 seconds
2016-06-27T20:25:10.726+0300: 12.998: [GC concurrent-root-region-scan-end, 0.0001843 secs]
2016-06-27T20:25:10.726+0300: 12.998: [GC concurrent-mark-start]
2016-06-27T20:25:10.737+0300: 13.009: [GC concurrent-mark-end, 0.0118122 secs]
2016-06-27T20:25:10.759+0300: 13.031: [GC remark 2016-06-27T20:25:10.759+0300: 13.031: [Finalize Marking, 0.0001317 secs] 2016-06-27T20:25:10.759+0300: 13.031: [GC ref-proc, 0.0000586 secs] 2016-06-27T20:25:10.759+0300: 13.031: [Unloading, 0.0007304 secs], 0.0021832 secs]
 [Times: user=0.00 sys=0.00, real=0.00 secs] 
2016-06-27T20:25:10.761+0300: 13.033: Total time for which application threads were stopped: 0.0034507 seconds, Stopping threads took: 0.0008818 seconds
2016-06-27T20:25:10.762+0300: 13.034: [GC cleanup 267M->267M(281M), 0.0004020 secs]
 [Times: user=0.00 sys=0.00, real=0.00 secs] 
2016-06-27T20:25:10.762+0300: 13.034: Total time for which application threads were stopped: 0.0008185 seconds, Stopping threads took: 0.0000650 seconds
2016-06-27T20:25:10.828+0300: 13.100: [GC pause (G1 Evacuation Pause) (young)
Desired survivor size 1048576 bytes, new threshold 1 (max 15)
- age   1:    1848664 bytes,    1848664 total
, 0.0015626 secs]
   [Parallel Time: 1.2 ms, GC Workers: 4]
      [GC Worker Start (ms): Min: 13100.5, Avg: 13100.5, Max: 13100.5, Diff: 0.0]
      [Ext Root Scanning (ms): Min: 0.4, Avg: 0.4, Max: 0.4, Diff: 0.0, Sum: 1.7]
      [Update RS (ms): Min: 0.1, Avg: 0.1, Max: 0.1, Diff: 0.0, Sum: 0.5]
         [Processed Buffers: Min: 1, Avg: 4.5, Max: 8, Diff: 7, Sum: 18]
      [Scan RS (ms): Min: 0.0, Avg: 0.0, Max: 0.0, Diff: 0.0, Sum: 0.0]
      [Code Root Scanning (ms): Min: 0.0, Avg: 0.0, Max: 0.0, Diff: 0.0, Sum: 0.0]
      [Object Copy (ms): Min: 0.6, Avg: 0.6, Max: 0.6, Diff: 0.0, Sum: 2.4]
      [Termination (ms): Min: 0.0, Avg: 0.0, Max: 0.0, Diff: 0.0, Sum: 0.0]
         [Termination Attempts: Min: 1, Avg: 1.5, Max: 2, Diff: 1, Sum: 6]
      [GC Worker Other (ms): Min: 0.0, Avg: 0.0, Max: 0.0, Diff: 0.0, Sum: 0.0]
      [GC Worker Total (ms): Min: 1.1, Avg: 1.1, Max: 1.2, Diff: 0.0, Sum: 4.6]
      [GC Worker End (ms): Min: 13101.6, Avg: 13101.6, Max: 13101.6, Diff: 0.0]
   [Code Root Fixup: 0.0 ms]
   [Code Root Purge: 0.0 ms]
   [Clear CT: 0.0 ms]
   [Other: 0.4 ms]
      [Choose CSet: 0.0 ms]
      [Ref Proc: 0.0 ms]
      [Ref Enq: 0.0 ms]
      [Redirty Cards: 0.0 ms]
      [Humongous Register: 0.0 ms]
      [Humongous Reclaim: 0.0 ms]
      [Free CSet: 0.0 ms]
   [Eden: 12.0M(12.0M)->0.0B(12.0M) Survivors: 2048.0K->2048.0K Heap: 275.0M(281.0M)->266.7M(281.0M)]
 [Times: user=0.00 sys=0.00, real=0.00 secs] 
2016-06-27T20:25:10.830+0300: 13.102: Total time for which application threads were stopped: 0.0023559 seconds, Stopping threads took: 0.0002493 seconds
2016-06-27T20:25:10.933+0300: 13.205: [GC pause (G1 Evacuation Pause) (mixed)
Desired survivor size 1048576 bytes, new threshold 1 (max 15)
- age   1:    1589096 bytes,    1589096 total
, 0.0023803 secs]
   [Parallel Time: 1.9 ms, GC Workers: 4]
      [GC Worker Start (ms): Min: 13204.8, Avg: 13204.8, Max: 13204.8, Diff: 0.0]
      [Ext Root Scanning (ms): Min: 0.4, Avg: 0.4, Max: 0.4, Diff: 0.0, Sum: 1.7]
      [Update RS (ms): Min: 0.0, Avg: 0.1, Max: 0.2, Diff: 0.2, Sum: 0.4]
         [Processed Buffers: Min: 2, Avg: 4.0, Max: 7, Diff: 5, Sum: 16]
      [Scan RS (ms): Min: 0.0, Avg: 0.0, Max: 0.0, Diff: 0.0, Sum: 0.1]
      [Code Root Scanning (ms): Min: 0.0, Avg: 0.0, Max: 0.0, Diff: 0.0, Sum: 0.0]
      [Object Copy (ms): Min: 1.3, Avg: 1.3, Max: 1.4, Diff: 0.2, Sum: 5.4]
      [Termination (ms): Min: 0.0, Avg: 0.0, Max: 0.0, Diff: 0.0, Sum: 0.0]
         [Termination Attempts: Min: 1, Avg: 1.0, Max: 1, Diff: 0, Sum: 4]
      [GC Worker Other (ms): Min: 0.0, Avg: 0.0, Max: 0.0, Diff: 0.0, Sum: 0.0]
      [GC Worker Total (ms): Min: 1.9, Avg: 1.9, Max: 1.9, Diff: 0.0, Sum: 7.7]
      [GC Worker End (ms): Min: 13206.7, Avg: 13206.7, Max: 13206.7, Diff: 0.0]
   [Code Root Fixup: 0.0 ms]
   [Code Root Purge: 0.0 ms]
   [Clear CT: 0.0 ms]
   [Other: 0.4 ms]
      [Choose CSet: 0.0 ms]
      [Ref Proc: 0.0 ms]
      [Ref Enq: 0.0 ms]
      [Redirty Cards: 0.1 ms]
      [Humongous Register: 0.0 ms]
      [Humongous Reclaim: 0.0 ms]
      [Free CSet: 0.0 ms]
   [Eden: 12.0M(12.0M)->0.0B(12.0M) Survivors: 2048.0K->2048.0K Heap: 278.7M(281.0M)->267.0M(287.0M)]
 [Times: user=0.00 sys=0.00, real=0.00 secs] 
2016-06-27T20:25:10.935+0300: 13.207: Total time for which application threads were stopped: 0.0034965 seconds, Stopping threads took: 0.0005320 seconds
2016-06-27T20:25:11.041+0300: 13.313: [GC pause (G1 Evacuation Pause) (young)
Desired survivor size 1048576 bytes, new threshold 1 (max 15)
- age   1:    1369752 bytes,    1369752 total
, 0.0015716 secs]
   [Parallel Time: 1.2 ms, GC Workers: 4]
      [GC Worker Start (ms): Min: 13312.9, Avg: 13312.9, Max: 13312.9, Diff: 0.0]
      [Ext Root Scanning (ms): Min: 0.4, Avg: 0.4, Max: 0.5, Diff: 0.0, Sum: 1.8]
      [Update RS (ms): Min: 0.2, Avg: 0.2, Max: 0.2, Diff: 0.1, Sum: 0.8]
         [Processed Buffers: Min: 1, Avg: 4.0, Max: 13, Diff: 12, Sum: 16]
      [Scan RS (ms): Min: 0.0, Avg: 0.0, Max: 0.0, Diff: 0.0, Sum: 0.0]
      [Code Root Scanning (ms): Min: 0.0, Avg: 0.0, Max: 0.0, Diff: 0.0, Sum: 0.0]
      [Object Copy (ms): Min: 0.5, Avg: 0.5, Max: 0.5, Diff: 0.0, Sum: 2.0]
      [Termination (ms): Min: 0.0, Avg: 0.0, Max: 0.0, Diff: 0.0, Sum: 0.0]
         [Termination Attempts: Min: 1, Avg: 1.0, Max: 1, Diff: 0, Sum: 4]
      [GC Worker Other (ms): Min: 0.0, Avg: 0.0, Max: 0.0, Diff: 0.0, Sum: 0.0]
      [GC Worker Total (ms): Min: 1.2, Avg: 1.2, Max: 1.2, Diff: 0.0, Sum: 4.7]
      [GC Worker End (ms): Min: 13314.1, Avg: 13314.1, Max: 13314.1, Diff: 0.0]
   [Code Root Fixup: 0.0 ms]
   [Code Root Purge: 0.0 ms]
   [Clear CT: 0.0 ms]
   [Other: 0.4 ms]
      [Choose CSet: 0.0 ms]
      [Ref Proc: 0.0 ms]
      [Ref Enq: 0.0 ms]
      [Redirty Cards: 0.0 ms]
      [Humongous Register: 0.0 ms]
      [Humongous Reclaim: 0.0 ms]
      [Free CSet: 0.0 ms]
   [Eden: 12.0M(12.0M)->0.0B(12.0M) Survivors: 2048.0K->2048.0K Heap: 279.0M(287.0M)->270.5M(287.0M)]
 [Times: user=0.00 sys=0.00, real=0.00 secs] 
2016-06-27T20:25:11.042+0300: 13.315: Total time for which application threads were stopped: 0.0046405 seconds, Stopping threads took: 0.0025078 seconds
2016-06-27T20:25:11.147+0300: 13.419: [GC pause (G1 Evacuation Pause) (young) (initial-mark)
Desired survivor size 1048576 bytes, new threshold 1 (max 15)
- age   1:    1386696 bytes,    1386696 total
, 0.0016144 secs]
   [Parallel Time: 1.2 ms, GC Workers: 4]
      [GC Worker Start (ms): Min: 13419.2, Avg: 13419.2, Max: 13419.2, Diff: 0.0]
      [Ext Root Scanning (ms): Min: 0.3, Avg: 0.4, Max: 0.5, Diff: 0.1, Sum: 1.7]
      [Update RS (ms): Min: 0.1, Avg: 0.1, Max: 0.2, Diff: 0.1, Sum: 0.4]
         [Processed Buffers: Min: 1, Avg: 5.0, Max: 9, Diff: 8, Sum: 20]
      [Scan RS (ms): Min: 0.0, Avg: 0.0, Max: 0.0, Diff: 0.0, Sum: 0.0]
      [Code Root Scanning (ms): Min: 0.0, Avg: 0.0, Max: 0.0, Diff: 0.0, Sum: 0.0]
      [Object Copy (ms): Min: 0.5, Avg: 0.6, Max: 0.6, Diff: 0.1, Sum: 2.3]
      [Termination (ms): Min: 0.0, Avg: 0.0, Max: 0.1, Diff: 0.1, Sum: 0.2]
         [Termination Attempts: Min: 1, Avg: 1.0, Max: 1, Diff: 0, Sum: 4]
      [GC Worker Other (ms): Min: 0.0, Avg: 0.0, Max: 0.0, Diff: 0.0, Sum: 0.0]
      [GC Worker Total (ms): Min: 1.1, Avg: 1.1, Max: 1.2, Diff: 0.0, Sum: 4.6]
      [GC Worker End (ms): Min: 13420.4, Avg: 13420.4, Max: 13420.4, Diff: 0.0]
   [Code Root Fixup: 0.0 ms]
   [Code Root Purge: 0.0 ms]
   [Clear CT: 0.0 ms]
   [Other: 0.4 ms]
      [Choose CSet: 0.0 ms]
      [Ref Proc: 0.0 ms]
      [Ref Enq: 0.0 ms]
      [Redirty Cards: 0.0 ms]
      [Humongous Register: 0.0 ms]
      [Humongous Reclaim: 0.0 ms]
      [Free CSet: 0.0 ms]
   [Eden: 12.0M(12.0M)->0.0B(12.0M) Survivors: 2048.0K->2048.0K Heap: 282.5M(287.0M)->274.0M(288.0M)]
 [Times: user=0.00 sys=0.00, real=0.00 secs] 
2016-06-27T20:25:11.149+0300: 13.421: [GC concurrent-root-region-scan-start]
2016-06-27T20:25:11.149+0300: 13.421: Total time for which application threads were stopped: 0.0030731 seconds, Stopping threads took: 0.0008805 seconds
2016-06-27T20:25:11.149+0300: 13.421: [GC concurrent-root-region-scan-end, 0.0002870 secs]
2016-06-27T20:25:11.149+0300: 13.421: [GC concurrent-mark-start]
2016-06-27T20:25:11.161+0300: 13.434: [GC concurrent-mark-end, 0.0124063 secs]
2016-06-27T20:25:11.182+0300: 13.454: [GC remark 2016-06-27T20:25:11.182+0300: 13.454: [Finalize Marking, 0.0001471 secs] 2016-06-27T20:25:11.182+0300: 13.454: [GC ref-proc, 0.0000624 secs] 2016-06-27T20:25:11.182+0300: 13.454: [Unloading, 0.0007587 secs], 0.0022743 secs]
 [Times: user=0.00 sys=0.00, real=0.00 secs] 
2016-06-27T20:25:11.184+0300: 13.456: Total time for which application threads were stopped: 0.0035021 seconds, Stopping threads took: 0.0008472 seconds
2016-06-27T20:25:11.216+0300: 13.488: [GC cleanup 282M->282M(288M), 0.0003310 secs]
 [Times: user=0.00 sys=0.00, real=0.00 secs] 
2016-06-27T20:25:11.216+0300: 13.489: Total time for which application threads were stopped: 0.0009126 seconds, Stopping threads took: 0.0001976 seconds
2016-06-27T20:25:11.248+0300: 13.520: [GC pause (G1 Evacuation Pause) (young)
Desired survivor size 1048576 bytes, new threshold 1 (max 15)
- age   1:    1208304 bytes,    1208304 total
, 0.0017752 secs]
   [Parallel Time: 1.3 ms, GC Workers: 4]
      [GC Worker Start (ms): Min: 13520.2, Avg: 13520.3, Max: 13520.3, Diff: 0.0]
      [Ext Root Scanning (ms): Min: 0.5, Avg: 0.6, Max: 0.6, Diff: 0.1, Sum: 2.3]
      [Update RS (ms): Min: 0.1, Avg: 0.1, Max: 0.1, Diff: 0.1, Sum: 0.4]
         [Processed Buffers: Min: 1, Avg: 4.3, Max: 10, Diff: 9, Sum: 17]
      [Scan RS (ms): Min: 0.0, Avg: 0.0, Max: 0.0, Diff: 0.0, Sum: 0.0]
      [Code Root Scanning (ms): Min: 0.0, Avg: 0.0, Max: 0.0, Diff: 0.0, Sum: 0.0]
      [Object Copy (ms): Min: 0.6, Avg: 0.6, Max: 0.6, Diff: 0.1, Sum: 2.3]
      [Termination (ms): Min: 0.0, Avg: 0.0, Max: 0.0, Diff: 0.0, Sum: 0.0]
         [Termination Attempts: Min: 1, Avg: 1.0, Max: 1, Diff: 0, Sum: 4]
      [GC Worker Other (ms): Min: 0.0, Avg: 0.0, Max: 0.0, Diff: 0.0, Sum: 0.0]
      [GC Worker Total (ms): Min: 1.3, Avg: 1.3, Max: 1.3, Diff: 0.0, Sum: 5.1]
      [GC Worker End (ms): Min: 13521.5, Avg: 13521.5, Max: 13521.5, Diff: 0.0]
   [Code Root Fixup: 0.0 ms]
   [Code Root Purge: 0.0 ms]
   [Clear CT: 0.0 ms]
   [Other: 0.4 ms]
      [Choose CSet: 0.0 ms]
      [Ref Proc: 0.1 ms]
      [Ref Enq: 0.0 ms]
      [Redirty Cards: 0.0 ms]
      [Humongous Register: 0.0 ms]
      [Humongous Reclaim: 0.0 ms]
      [Free CSet: 0.0 ms]
   [Eden: 12.0M(12.0M)->0.0B(12.0M) Survivors: 2048.0K->2048.0K Heap: 286.0M(288.0M)->277.0M(291.0M)]
 [Times: user=0.00 sys=0.00, real=0.00 secs] 
2016-06-27T20:25:11.250+0300: 13.522: Total time for which application threads were stopped: 0.0024885 seconds, Stopping threads took: 0.0001108 seconds
2016-06-27T20:25:11.356+0300: 13.628: [GC pause (G1 Evacuation Pause) (mixed)
Desired survivor size 1048576 bytes, new threshold 1 (max 15)
- age   1:    1839984 bytes,    1839984 total
, 0.0028683 secs]
   [Parallel Time: 2.4 ms, GC Workers: 4]
      [GC Worker Start (ms): Min: 13628.4, Avg: 13628.5, Max: 13628.5, Diff: 0.1]
      [Ext Root Scanning (ms): Min: 0.4, Avg: 0.5, Max: 0.5, Diff: 0.0, Sum: 1.8]
      [Update RS (ms): Min: 0.0, Avg: 0.1, Max: 0.2, Diff: 0.2, Sum: 0.4]
         [Processed Buffers: Min: 0, Avg: 4.5, Max: 10, Diff: 10, Sum: 18]
      [Scan RS (ms): Min: 0.0, Avg: 0.0, Max: 0.0, Diff: 0.0, Sum: 0.1]
      [Code Root Scanning (ms): Min: 0.0, Avg: 0.0, Max: 0.0, Diff: 0.0, Sum: 0.0]
      [Object Copy (ms): Min: 1.8, Avg: 1.8, Max: 1.9, Diff: 0.1, Sum: 7.2]
      [Termination (ms): Min: 0.0, Avg: 0.0, Max: 0.0, Diff: 0.0, Sum: 0.0]
         [Termination Attempts: Min: 1, Avg: 1.0, Max: 1, Diff: 0, Sum: 4]
      [GC Worker Other (ms): Min: 0.0, Avg: 0.0, Max: 0.0, Diff: 0.0, Sum: 0.0]
      [GC Worker Total (ms): Min: 2.4, Avg: 2.4, Max: 2.4, Diff: 0.1, Sum: 9.6]
      [GC Worker End (ms): Min: 13630.9, Avg: 13630.9, Max: 13630.9, Diff: 0.0]
   [Code Root Fixup: 0.0 ms]
   [Code Root Purge: 0.0 ms]
   [Clear CT: 0.0 ms]
   [Other: 0.4 ms]
      [Choose CSet: 0.0 ms]
      [Ref Proc: 0.0 ms]
      [Ref Enq: 0.0 ms]
      [Redirty Cards: 0.0 ms]
      [Humongous Register: 0.0 ms]
      [Humongous Reclaim: 0.0 ms]
      [Free CSet: 0.0 ms]
   [Eden: 12.0M(12.0M)->0.0B(13.0M) Survivors: 2048.0K->2048.0K Heap: 289.0M(291.0M)->276.3M(301.0M)]
 [Times: user=0.00 sys=0.00, real=0.00 secs] 
2016-06-27T20:25:11.360+0300: 13.631: Total time for which application threads were stopped: 0.0060932 seconds, Stopping threads took: 0.0026408 seconds
2016-06-27T20:25:11.472+0300: 13.744: [GC pause (G1 Evacuation Pause) (young)
Desired survivor size 1048576 bytes, new threshold 1 (max 15)
- age   1:    1526768 bytes,    1526768 total
, 0.0016875 secs]
   [Parallel Time: 1.3 ms, GC Workers: 4]
      [GC Worker Start (ms): Min: 13743.6, Avg: 13743.6, Max: 13743.7, Diff: 0.0]
      [Ext Root Scanning (ms): Min: 0.4, Avg: 0.5, Max: 0.5, Diff: 0.1, Sum: 1.8]
      [Update RS (ms): Min: 0.2, Avg: 0.2, Max: 0.3, Diff: 0.1, Sum: 1.0]
         [Processed Buffers: Min: 1, Avg: 3.3, Max: 4, Diff: 3, Sum: 13]
      [Scan RS (ms): Min: 0.0, Avg: 0.0, Max: 0.0, Diff: 0.0, Sum: 0.0]
      [Code Root Scanning (ms): Min: 0.0, Avg: 0.0, Max: 0.0, Diff: 0.0, Sum: 0.0]
      [Object Copy (ms): Min: 0.4, Avg: 0.5, Max: 0.6, Diff: 0.1, Sum: 2.1]
      [Termination (ms): Min: 0.0, Avg: 0.0, Max: 0.0, Diff: 0.0, Sum: 0.0]
         [Termination Attempts: Min: 1, Avg: 1.0, Max: 1, Diff: 0, Sum: 4]
      [GC Worker Other (ms): Min: 0.0, Avg: 0.0, Max: 0.0, Diff: 0.0, Sum: 0.0]
      [GC Worker Total (ms): Min: 1.2, Avg: 1.3, Max: 1.3, Diff: 0.0, Sum: 5.0]
      [GC Worker End (ms): Min: 13744.9, Avg: 13744.9, Max: 13744.9, Diff: 0.0]
   [Code Root Fixup: 0.0 ms]
   [Code Root Purge: 0.0 ms]
   [Clear CT: 0.0 ms]
   [Other: 0.4 ms]
      [Choose CSet: 0.0 ms]
      [Ref Proc: 0.0 ms]
      [Ref Enq: 0.0 ms]
      [Redirty Cards: 0.0 ms]
      [Humongous Register: 0.0 ms]
      [Humongous Reclaim: 0.0 ms]
      [Free CSet: 0.0 ms]
   [Eden: 13.0M(13.0M)->0.0B(13.0M) Survivors: 2048.0K->2048.0K Heap: 289.3M(301.0M)->280.0M(301.0M)]
 [Times: user=0.02 sys=0.00, real=0.00 secs] 
2016-06-27T20:25:11.473+0300: 13.745: Total time for which application threads were stopped: 0.0030821 seconds, Stopping threads took: 0.0007788 seconds
2016-06-27T20:25:11.587+0300: 13.859: [GC pause (G1 Evacuation Pause) (young) (initial-mark)
Desired survivor size 1048576 bytes, new threshold 1 (max 15)
- age   1:    1195760 bytes,    1195760 total
, 0.0019723 secs]
   [Parallel Time: 1.5 ms, GC Workers: 4]
      [GC Worker Start (ms): Min: 13859.0, Avg: 13859.0, Max: 13859.0, Diff: 0.0]
      [Ext Root Scanning (ms): Min: 0.4, Avg: 0.5, Max: 0.5, Diff: 0.2, Sum: 1.9]
      [Update RS (ms): Min: 0.1, Avg: 0.1, Max: 0.2, Diff: 0.1, Sum: 0.6]
         [Processed Buffers: Min: 1, Avg: 5.3, Max: 12, Diff: 11, Sum: 21]
      [Scan RS (ms): Min: 0.0, Avg: 0.0, Max: 0.0, Diff: 0.0, Sum: 0.0]
      [Code Root Scanning (ms): Min: 0.0, Avg: 0.0, Max: 0.0, Diff: 0.0, Sum: 0.0]
      [Object Copy (ms): Min: 0.5, Avg: 0.6, Max: 0.6, Diff: 0.0, Sum: 2.3]
      [Termination (ms): Min: 0.0, Avg: 0.2, Max: 0.3, Diff: 0.3, Sum: 0.9]
         [Termination Attempts: Min: 1, Avg: 1.0, Max: 1, Diff: 0, Sum: 4]
      [GC Worker Other (ms): Min: 0.0, Avg: 0.0, Max: 0.0, Diff: 0.0, Sum: 0.0]
      [GC Worker Total (ms): Min: 1.2, Avg: 1.4, Max: 1.5, Diff: 0.3, Sum: 5.7]
      [GC Worker End (ms): Min: 13860.2, Avg: 13860.4, Max: 13860.5, Diff: 0.3]
   [Code Root Fixup: 0.0 ms]
   [Code Root Purge: 0.0 ms]
   [Clear CT: 0.0 ms]
   [Other: 0.4 ms]
      [Choose CSet: 0.0 ms]
      [Ref Proc: 0.0 ms]
      [Ref Enq: 0.0 ms]
      [Redirty Cards: 0.0 ms]
      [Humongous Register: 0.0 ms]
      [Humongous Reclaim: 0.0 ms]
      [Free CSet: 0.0 ms]
   [Eden: 13.0M(13.0M)->0.0B(13.0M) Survivors: 2048.0K->2048.0K Heap: 293.0M(301.0M)->283.0M(301.0M)]
 [Times: user=0.00 sys=0.00, real=0.00 secs] 
2016-06-27T20:25:11.589+0300: 13.861: [GC concurrent-root-region-scan-start]
2016-06-27T20:25:11.589+0300: 13.861: Total time for which application threads were stopped: 0.0037501 seconds, Stopping threads took: 0.0011816 seconds
2016-06-27T20:25:11.589+0300: 13.861: [GC concurrent-root-region-scan-end, 0.0001463 secs]
2016-06-27T20:25:11.589+0300: 13.861: [GC concurrent-mark-start]
2016-06-27T20:25:11.602+0300: 13.874: [GC concurrent-mark-end, 0.0125025 secs]
2016-06-27T20:25:11.626+0300: 13.899: [GC remark 2016-06-27T20:25:11.627+0300: 13.899: [Finalize Marking, 0.0001390 secs] 2016-06-27T20:25:11.627+0300: 13.899: [GC ref-proc, 0.0000552 secs] 2016-06-27T20:25:11.627+0300: 13.899: [Unloading, 0.0007043 secs], 0.0022345 secs]
 [Times: user=0.00 sys=0.00, real=0.00 secs] 
2016-06-27T20:25:11.629+0300: 13.901: Total time for which application threads were stopped: 0.0032519 seconds, Stopping threads took: 0.0006492 seconds
2016-06-27T20:25:11.634+0300: 13.907: [GC cleanup 289M->289M(301M), 0.0004687 secs]
 [Times: user=0.00 sys=0.00, real=0.00 secs] 
2016-06-27T20:25:11.635+0300: 13.907: Total time for which application threads were stopped: 0.0009319 seconds, Stopping threads took: 0.0000701 seconds
2016-06-27T20:25:11.695+0300: 13.967: [GC pause (G1 Evacuation Pause) (young)
Desired survivor size 1048576 bytes, new threshold 1 (max 15)
- age   1:    1836464 bytes,    1836464 total
, 0.0017230 secs]
   [Parallel Time: 1.3 ms, GC Workers: 4]
      [GC Worker Start (ms): Min: 13966.9, Avg: 13966.9, Max: 13966.9, Diff: 0.0]
      [Ext Root Scanning (ms): Min: 0.5, Avg: 0.6, Max: 1.1, Diff: 0.6, Sum: 2.5]
      [Update RS (ms): Min: 0.0, Avg: 0.1, Max: 0.1, Diff: 0.1, Sum: 0.4]
         [Processed Buffers: Min: 0, Avg: 4.0, Max: 10, Diff: 10, Sum: 16]
      [Scan RS (ms): Min: 0.0, Avg: 0.0, Max: 0.0, Diff: 0.0, Sum: 0.0]
      [Code Root Scanning (ms): Min: 0.0, Avg: 0.0, Max: 0.0, Diff: 0.0, Sum: 0.0]
      [Object Copy (ms): Min: 0.2, Avg: 0.5, Max: 0.7, Diff: 0.5, Sum: 2.1]
      [Termination (ms): Min: 0.0, Avg: 0.0, Max: 0.1, Diff: 0.1, Sum: 0.1]
         [Termination Attempts: Min: 1, Avg: 1.0, Max: 1, Diff: 0, Sum: 4]
      [GC Worker Other (ms): Min: 0.0, Avg: 0.0, Max: 0.0, Diff: 0.0, Sum: 0.0]
      [GC Worker Total (ms): Min: 1.3, Avg: 1.3, Max: 1.3, Diff: 0.0, Sum: 5.2]
      [GC Worker End (ms): Min: 13968.2, Avg: 13968.2, Max: 13968.2, Diff: 0.0]
   [Code Root Fixup: 0.0 ms]
   [Code Root Purge: 0.0 ms]
   [Clear CT: 0.0 ms]
   [Other: 0.4 ms]
      [Choose CSet: 0.0 ms]
      [Ref Proc: 0.0 ms]
      [Ref Enq: 0.0 ms]
      [Redirty Cards: 0.0 ms]
      [Humongous Register: 0.0 ms]
      [Humongous Reclaim: 0.0 ms]
      [Free CSet: 0.0 ms]
   [Eden: 13.0M(13.0M)->0.0B(13.0M) Survivors: 2048.0K->2048.0K Heap: 296.0M(301.0M)->287.7M(303.0M)]
 [Times: user=0.00 sys=0.00, real=0.00 secs] 
2016-06-27T20:25:11.697+0300: 13.969: Total time for which application threads were stopped: 0.0026895 seconds, Stopping threads took: 0.0004217 seconds
2016-06-27T20:25:11.807+0300: 14.079: [GC pause (G1 Evacuation Pause) (mixed)
Desired survivor size 1048576 bytes, new threshold 1 (max 15)
- age   1:    1632864 bytes,    1632864 total
, 0.0033926 secs]
   [Parallel Time: 2.9 ms, GC Workers: 4]
      [GC Worker Start (ms): Min: 14079.2, Avg: 14079.3, Max: 14079.3, Diff: 0.0]
      [Ext Root Scanning (ms): Min: 0.4, Avg: 0.5, Max: 0.5, Diff: 0.1, Sum: 1.9]
      [Update RS (ms): Min: 0.0, Avg: 0.1, Max: 0.2, Diff: 0.2, Sum: 0.4]
         [Processed Buffers: Min: 0, Avg: 4.3, Max: 15, Diff: 15, Sum: 17]
      [Scan RS (ms): Min: 0.0, Avg: 0.1, Max: 0.1, Diff: 0.0, Sum: 0.2]
      [Code Root Scanning (ms): Min: 0.0, Avg: 0.0, Max: 0.0, Diff: 0.0, Sum: 0.0]
      [Object Copy (ms): Min: 2.1, Avg: 2.2, Max: 2.2, Diff: 0.2, Sum: 8.7]
      [Termination (ms): Min: 0.0, Avg: 0.0, Max: 0.0, Diff: 0.0, Sum: 0.0]
         [Termination Attempts: Min: 1, Avg: 1.0, Max: 1, Diff: 0, Sum: 4]
      [GC Worker Other (ms): Min: 0.0, Avg: 0.0, Max: 0.0, Diff: 0.0, Sum: 0.1]
      [GC Worker Total (ms): Min: 2.8, Avg: 2.8, Max: 2.8, Diff: 0.0, Sum: 11.2]
      [GC Worker End (ms): Min: 14082.1, Avg: 14082.1, Max: 14082.1, Diff: 0.0]
   [Code Root Fixup: 0.0 ms]
   [Code Root Purge: 0.0 ms]
   [Clear CT: 0.1 ms]
   [Other: 0.5 ms]
      [Choose CSet: 0.0 ms]
      [Ref Proc: 0.0 ms]
      [Ref Enq: 0.0 ms]
      [Redirty Cards: 0.1 ms]
      [Humongous Register: 0.0 ms]
      [Humongous Reclaim: 0.0 ms]
      [Free CSet: 0.0 ms]
   [Eden: 13.0M(13.0M)->0.0B(13.0M) Survivors: 2048.0K->2048.0K Heap: 300.7M(303.0M)->285.0M(313.0M)]
 [Times: user=0.00 sys=0.00, real=0.00 secs] 
2016-06-27T20:25:11.810+0300: 14.083: Total time for which application threads were stopped: 0.0044185 seconds, Stopping threads took: 0.0005320 seconds
2016-06-27T20:25:11.920+0300: 14.193: [GC pause (G1 Evacuation Pause) (young)
Desired survivor size 1048576 bytes, new threshold 1 (max 15)
- age   1:    1603152 bytes,    1603152 total
, 0.0017859 secs]
   [Parallel Time: 1.3 ms, GC Workers: 4]
      [GC Worker Start (ms): Min: 14192.7, Avg: 14192.7, Max: 14192.7, Diff: 0.0]
      [Ext Root Scanning (ms): Min: 0.4, Avg: 0.5, Max: 0.5, Diff: 0.0, Sum: 1.8]
      [Update RS (ms): Min: 0.3, Avg: 0.3, Max: 0.3, Diff: 0.1, Sum: 1.2]
         [Processed Buffers: Min: 1, Avg: 3.8, Max: 10, Diff: 9, Sum: 15]
      [Scan RS (ms): Min: 0.0, Avg: 0.0, Max: 0.0, Diff: 0.0, Sum: 0.0]
      [Code Root Scanning (ms): Min: 0.0, Avg: 0.0, Max: 0.0, Diff: 0.0, Sum: 0.0]
      [Object Copy (ms): Min: 0.5, Avg: 0.5, Max: 0.6, Diff: 0.1, Sum: 2.1]
      [Termination (ms): Min: 0.0, Avg: 0.0, Max: 0.0, Diff: 0.0, Sum: 0.0]
         [Termination Attempts: Min: 1, Avg: 1.0, Max: 1, Diff: 0, Sum: 4]
      [GC Worker Other (ms): Min: 0.0, Avg: 0.0, Max: 0.0, Diff: 0.0, Sum: 0.1]
      [GC Worker Total (ms): Min: 1.3, Avg: 1.3, Max: 1.3, Diff: 0.0, Sum: 5.2]
      [GC Worker End (ms): Min: 14194.0, Avg: 14194.0, Max: 14194.0, Diff: 0.0]
   [Code Root Fixup: 0.0 ms]
   [Code Root Purge: 0.0 ms]
   [Clear CT: 0.1 ms]
   [Other: 0.3 ms]
      [Choose CSet: 0.0 ms]
      [Ref Proc: 0.0 ms]
      [Ref Enq: 0.0 ms]
      [Redirty Cards: 0.0 ms]
      [Humongous Register: 0.0 ms]
      [Humongous Reclaim: 0.0 ms]
      [Free CSet: 0.0 ms]
   [Eden: 13.0M(13.0M)->0.0B(13.0M) Survivors: 2048.0K->2048.0K Heap: 298.0M(313.0M)->288.5M(313.0M)]
 [Times: user=0.00 sys=0.00, real=0.00 secs] 
2016-06-27T20:25:11.922+0300: 14.195: Total time for which application threads were stopped: 0.0026925 seconds, Stopping threads took: 0.0003575 seconds
2016-06-27T20:25:12.034+0300: 14.306: [GC pause (G1 Evacuation Pause) (young) (initial-mark)
Desired survivor size 1048576 bytes, new threshold 1 (max 15)
- age   1:    1570944 bytes,    1570944 total
, 0.0017042 secs]
   [Parallel Time: 1.2 ms, GC Workers: 4]
      [GC Worker Start (ms): Min: 14305.8, Avg: 14305.9, Max: 14305.9, Diff: 0.0]
      [Ext Root Scanning (ms): Min: 0.3, Avg: 0.4, Max: 0.5, Diff: 0.2, Sum: 1.8]
      [Update RS (ms): Min: 0.1, Avg: 0.1, Max: 0.2, Diff: 0.1, Sum: 0.5]
         [Processed Buffers: Min: 1, Avg: 3.5, Max: 9, Diff: 8, Sum: 14]
      [Scan RS (ms): Min: 0.0, Avg: 0.0, Max: 0.0, Diff: 0.0, Sum: 0.0]
      [Code Root Scanning (ms): Min: 0.0, Avg: 0.0, Max: 0.0, Diff: 0.0, Sum: 0.0]
      [Object Copy (ms): Min: 0.6, Avg: 0.6, Max: 0.6, Diff: 0.1, Sum: 2.4]
      [Termination (ms): Min: 0.0, Avg: 0.0, Max: 0.0, Diff: 0.0, Sum: 0.0]
         [Termination Attempts: Min: 1, Avg: 1.0, Max: 1, Diff: 0, Sum: 4]
      [GC Worker Other (ms): Min: 0.0, Avg: 0.0, Max: 0.0, Diff: 0.0, Sum: 0.1]
      [GC Worker Total (ms): Min: 1.1, Avg: 1.2, Max: 1.2, Diff: 0.0, Sum: 4.7]
      [GC Worker End (ms): Min: 14307.0, Avg: 14307.0, Max: 14307.0, Diff: 0.0]
   [Code Root Fixup: 0.0 ms]
   [Code Root Purge: 0.0 ms]
   [Clear CT: 0.1 ms]
   [Other: 0.4 ms]
      [Choose CSet: 0.0 ms]
      [Ref Proc: 0.1 ms]
      [Ref Enq: 0.0 ms]
      [Redirty Cards: 0.0 ms]
      [Humongous Register: 0.0 ms]
      [Humongous Reclaim: 0.0 ms]
      [Free CSet: 0.0 ms]
   [Eden: 13.0M(13.0M)->0.0B(13.0M) Survivors: 2048.0K->2048.0K Heap: 301.5M(313.0M)->292.0M(313.0M)]
 [Times: user=0.00 sys=0.00, real=0.00 secs] 
2016-06-27T20:25:12.036+0300: 14.308: [GC concurrent-root-region-scan-start]
2016-06-27T20:25:12.036+0300: 14.308: Total time for which application threads were stopped: 0.0049899 seconds, Stopping threads took: 0.0027434 seconds
2016-06-27T20:25:12.036+0300: 14.308: [GC concurrent-root-region-scan-end, 0.0001475 secs]
2016-06-27T20:25:12.036+0300: 14.308: [GC concurrent-mark-start]
2016-06-27T20:25:12.050+0300: 14.322: [GC concurrent-mark-end, 0.0136285 secs]
2016-06-27T20:25:12.069+0300: 14.340: [GC remark 2016-06-27T20:25:12.069+0300: 14.340: [Finalize Marking, 0.0001266 secs] 2016-06-27T20:25:12.069+0300: 14.341: [GC ref-proc, 0.0000612 secs] 2016-06-27T20:25:12.069+0300: 14.341: [Unloading, 0.0007043 secs], 0.0022636 secs]
 [Times: user=0.00 sys=0.00, real=0.00 secs] 
2016-06-27T20:25:12.071+0300: 14.343: Total time for which application threads were stopped: 0.0032177 seconds, Stopping threads took: 0.0006137 seconds
2016-06-27T20:25:12.144+0300: 14.416: [GC pause (G1 Evacuation Pause) (young)
Desired survivor size 1048576 bytes, new threshold 1 (max 15)
- age   1:    1536360 bytes,    1536360 total
, 0.0016110 secs]
   [Parallel Time: 1.2 ms, GC Workers: 4]
      [GC Worker Start (ms): Min: 14416.0, Avg: 14416.0, Max: 14416.0, Diff: 0.0]
      [Ext Root Scanning (ms): Min: 0.4, Avg: 0.6, Max: 1.1, Diff: 0.7, Sum: 2.3]
      [Update RS (ms): Min: 0.0, Avg: 0.1, Max: 0.2, Diff: 0.2, Sum: 0.5]
         [Processed Buffers: Min: 0, Avg: 3.5, Max: 8, Diff: 8, Sum: 14]
      [Scan RS (ms): Min: 0.0, Avg: 0.0, Max: 0.0, Diff: 0.0, Sum: 0.0]
      [Code Root Scanning (ms): Min: 0.0, Avg: 0.0, Max: 0.0, Diff: 0.0, Sum: 0.0]
      [Object Copy (ms): Min: 0.1, Avg: 0.5, Max: 0.6, Diff: 0.5, Sum: 1.9]
      [Termination (ms): Min: 0.0, Avg: 0.0, Max: 0.0, Diff: 0.0, Sum: 0.0]
         [Termination Attempts: Min: 1, Avg: 1.0, Max: 1, Diff: 0, Sum: 4]
      [GC Worker Other (ms): Min: 0.0, Avg: 0.0, Max: 0.0, Diff: 0.0, Sum: 0.0]
      [GC Worker Total (ms): Min: 1.2, Avg: 1.2, Max: 1.2, Diff: 0.0, Sum: 4.8]
      [GC Worker End (ms): Min: 14417.2, Avg: 14417.2, Max: 14417.2, Diff: 0.0]
   [Code Root Fixup: 0.0 ms]
   [Code Root Purge: 0.0 ms]
   [Clear CT: 0.0 ms]
   [Other: 0.3 ms]
      [Choose CSet: 0.0 ms]
      [Ref Proc: 0.0 ms]
      [Ref Enq: 0.0 ms]
      [Redirty Cards: 0.0 ms]
      [Humongous Register: 0.0 ms]
      [Humongous Reclaim: 0.0 ms]
      [Free CSet: 0.0 ms]
   [Eden: 13.0M(13.0M)->0.0B(13.0M) Survivors: 2048.0K->2048.0K Heap: 305.0M(313.0M)->295.0M(313.0M)]
 [Times: user=0.05 sys=0.00, real=0.00 secs] 
2016-06-27T20:25:12.146+0300: 14.418: Total time for which application threads were stopped: 0.0023346 seconds, Stopping threads took: 0.0001912 seconds
2016-06-27T20:25:12.258+0300: 14.530: [GC pause (G1 Evacuation Pause) (young)
Desired survivor size 1048576 bytes, new threshold 1 (max 15)
- age   1:    1500616 bytes,    1500616 total
, 0.0016003 secs]
   [Parallel Time: 1.2 ms, GC Workers: 4]
      [GC Worker Start (ms): Min: 14529.8, Avg: 14529.8, Max: 14529.8, Diff: 0.0]
      [Ext Root Scanning (ms): Min: 0.4, Avg: 0.4, Max: 0.5, Diff: 0.1, Sum: 1.7]
      [Update RS (ms): Min: 0.1, Avg: 0.2, Max: 0.4, Diff: 0.3, Sum: 0.8]
         [Processed Buffers: Min: 1, Avg: 3.5, Max: 11, Diff: 10, Sum: 14]
      [Scan RS (ms): Min: 0.0, Avg: 0.0, Max: 0.0, Diff: 0.0, Sum: 0.0]
      [Code Root Scanning (ms): Min: 0.0, Avg: 0.0, Max: 0.0, Diff: 0.0, Sum: 0.0]
      [Object Copy (ms): Min: 0.4, Avg: 0.5, Max: 0.6, Diff: 0.2, Sum: 2.1]
      [Termination (ms): Min: 0.0, Avg: 0.0, Max: 0.0, Diff: 0.0, Sum: 0.0]
         [Termination Attempts: Min: 1, Avg: 1.0, Max: 1, Diff: 0, Sum: 4]
      [GC Worker Other (ms): Min: 0.0, Avg: 0.0, Max: 0.0, Diff: 0.0, Sum: 0.0]
      [GC Worker Total (ms): Min: 1.1, Avg: 1.1, Max: 1.2, Diff: 0.0, Sum: 4.6]
      [GC Worker End (ms): Min: 14531.0, Avg: 14531.0, Max: 14531.0, Diff: 0.0]
   [Code Root Fixup: 0.0 ms]
   [Code Root Purge: 0.0 ms]
   [Clear CT: 0.0 ms]
   [Other: 0.4 ms]
      [Choose CSet: 0.0 ms]
      [Ref Proc: 0.1 ms]
      [Ref Enq: 0.0 ms]
      [Redirty Cards: 0.0 ms]
      [Humongous Register: 0.0 ms]
      [Humongous Reclaim: 0.0 ms]
      [Free CSet: 0.0 ms]
   [Eden: 13.0M(13.0M)->0.0B(13.0M) Survivors: 2048.0K->2048.0K Heap: 308.0M(313.0M)->298.5M(314.0M)]
 [Times: user=0.00 sys=0.00, real=0.00 secs] 
2016-06-27T20:25:12.259+0300: 14.532: Total time for which application threads were stopped: 0.0025548 seconds, Stopping threads took: 0.0004666 seconds
2016-06-27T20:25:12.367+0300: 14.639: [GC pause (G1 Evacuation Pause) (young)
Desired survivor size 1048576 bytes, new threshold 1 (max 15)
- age   1:    1468384 bytes,    1468384 total
, 0.0016670 secs]
   [Parallel Time: 1.2 ms, GC Workers: 4]
      [GC Worker Start (ms): Min: 14638.8, Avg: 14638.8, Max: 14638.8, Diff: 0.0]
      [Ext Root Scanning (ms): Min: 0.4, Avg: 0.4, Max: 0.4, Diff: 0.0, Sum: 1.6]
      [Update RS (ms): Min: 0.1, Avg: 0.1, Max: 0.2, Diff: 0.1, Sum: 0.5]
         [Processed Buffers: Min: 2, Avg: 4.0, Max: 7, Diff: 5, Sum: 16]
      [Scan RS (ms): Min: 0.0, Avg: 0.0, Max: 0.0, Diff: 0.0, Sum: 0.0]
      [Code Root Scanning (ms): Min: 0.0, Avg: 0.0, Max: 0.0, Diff: 0.0, Sum: 0.0]
      [Object Copy (ms): Min: 0.6, Avg: 0.6, Max: 0.7, Diff: 0.1, Sum: 2.6]
      [Termination (ms): Min: 0.0, Avg: 0.0, Max: 0.0, Diff: 0.0, Sum: 0.0]
         [Termination Attempts: Min: 1, Avg: 1.0, Max: 1, Diff: 0, Sum: 4]
      [GC Worker Other (ms): Min: 0.0, Avg: 0.0, Max: 0.0, Diff: 0.0, Sum: 0.0]
      [GC Worker Total (ms): Min: 1.2, Avg: 1.2, Max: 1.2, Diff: 0.0, Sum: 4.8]
      [GC Worker End (ms): Min: 14640.0, Avg: 14640.0, Max: 14640.0, Diff: 0.0]
   [Code Root Fixup: 0.0 ms]
   [Code Root Purge: 0.0 ms]
   [Clear CT: 0.1 ms]
   [Other: 0.4 ms]
      [Choose CSet: 0.0 ms]
      [Ref Proc: 0.1 ms]
      [Ref Enq: 0.0 ms]
      [Redirty Cards: 0.0 ms]
      [Humongous Register: 0.0 ms]
      [Humongous Reclaim: 0.0 ms]
      [Free CSet: 0.0 ms]
   [Eden: 13.0M(13.0M)->0.0B(13.0M) Survivors: 2048.0K->2048.0K Heap: 311.5M(314.0M)->301.5M(317.0M)]
 [Times: user=0.00 sys=0.00, real=0.00 secs] 
2016-06-27T20:25:12.369+0300: 14.641: Total time for which application threads were stopped: 0.0028076 seconds, Stopping threads took: 0.0005602 seconds
2016-06-27T20:25:12.482+0300: 14.754: [GC pause (G1 Evacuation Pause) (young)
Desired survivor size 1048576 bytes, new threshold 1 (max 15)
- age   1:    1435400 bytes,    1435400 total
, 0.0019702 secs]
   [Parallel Time: 1.5 ms, GC Workers: 4]
      [GC Worker Start (ms): Min: 14754.4, Avg: 14754.4, Max: 14754.4, Diff: 0.0]
      [Ext Root Scanning (ms): Min: 0.5, Avg: 0.6, Max: 0.6, Diff: 0.1, Sum: 2.2]
      [Update RS (ms): Min: 0.1, Avg: 0.1, Max: 0.2, Diff: 0.2, Sum: 0.5]
         [Processed Buffers: Min: 2, Avg: 5.0, Max: 7, Diff: 5, Sum: 20]
      [Scan RS (ms): Min: 0.0, Avg: 0.0, Max: 0.0, Diff: 0.0, Sum: 0.0]
      [Code Root Scanning (ms): Min: 0.0, Avg: 0.0, Max: 0.0, Diff: 0.0, Sum: 0.0]
      [Object Copy (ms): Min: 0.7, Avg: 0.8, Max: 0.8, Diff: 0.1, Sum: 3.1]
      [Termination (ms): Min: 0.0, Avg: 0.0, Max: 0.0, Diff: 0.0, Sum: 0.1]
         [Termination Attempts: Min: 1, Avg: 1.0, Max: 1, Diff: 0, Sum: 4]
      [GC Worker Other (ms): Min: 0.0, Avg: 0.0, Max: 0.0, Diff: 0.0, Sum: 0.0]
      [GC Worker Total (ms): Min: 1.5, Avg: 1.5, Max: 1.5, Diff: 0.0, Sum: 6.0]
      [GC Worker End (ms): Min: 14755.9, Avg: 14755.9, Max: 14755.9, Diff: 0.0]
   [Code Root Fixup: 0.0 ms]
   [Code Root Purge: 0.0 ms]
   [Clear CT: 0.0 ms]
   [Other: 0.4 ms]
      [Choose CSet: 0.0 ms]
      [Ref Proc: 0.0 ms]
      [Ref Enq: 0.0 ms]
      [Redirty Cards: 0.1 ms]
      [Humongous Register: 0.0 ms]
      [Humongous Reclaim: 0.0 ms]
      [Free CSet: 0.0 ms]
   [Eden: 13.0M(13.0M)->0.0B(14.0M) Survivors: 2048.0K->2048.0K Heap: 314.5M(317.0M)->305.5M(321.0M)]
 [Times: user=0.00 sys=0.00, real=0.00 secs] 
2016-06-27T20:25:12.484+0300: 14.757: Total time for which application threads were stopped: 0.0035701 seconds, Stopping threads took: 0.0010285 seconds
2016-06-27T20:25:12.600+0300: 14.872: [GC pause (G1 Evacuation Pause) (young)
Desired survivor size 1048576 bytes, new threshold 1 (max 15)
- age   1:    1396592 bytes,    1396592 total
, 0.0018239 secs]
   [Parallel Time: 1.4 ms, GC Workers: 4]
      [GC Worker Start (ms): Min: 14872.3, Avg: 14872.3, Max: 14872.3, Diff: 0.0]
      [Ext Root Scanning (ms): Min: 0.4, Avg: 0.4, Max: 0.4, Diff: 0.1, Sum: 1.6]
      [Update RS (ms): Min: 0.1, Avg: 0.1, Max: 0.3, Diff: 0.2, Sum: 0.6]
         [Processed Buffers: Min: 1, Avg: 4.3, Max: 7, Diff: 6, Sum: 17]
      [Scan RS (ms): Min: 0.0, Avg: 0.0, Max: 0.0, Diff: 0.0, Sum: 0.0]
      [Code Root Scanning (ms): Min: 0.0, Avg: 0.0, Max: 0.0, Diff: 0.0, Sum: 0.0]
      [Object Copy (ms): Min: 0.7, Avg: 0.8, Max: 0.9, Diff: 0.2, Sum: 3.2]
      [Termination (ms): Min: 0.0, Avg: 0.0, Max: 0.0, Diff: 0.0, Sum: 0.0]
         [Termination Attempts: Min: 1, Avg: 1.0, Max: 1, Diff: 0, Sum: 4]
      [GC Worker Other (ms): Min: 0.0, Avg: 0.0, Max: 0.0, Diff: 0.0, Sum: 0.0]
      [GC Worker Total (ms): Min: 1.4, Avg: 1.4, Max: 1.4, Diff: 0.0, Sum: 5.5]
      [GC Worker End (ms): Min: 14873.7, Avg: 14873.7, Max: 14873.7, Diff: 0.0]
   [Code Root Fixup: 0.0 ms]
   [Code Root Purge: 0.0 ms]
   [Clear CT: 0.0 ms]
   [Other: 0.4 ms]
      [Choose CSet: 0.0 ms]
      [Ref Proc: 0.0 ms]
      [Ref Enq: 0.0 ms]
      [Redirty Cards: 0.0 ms]
      [Humongous Register: 0.0 ms]
      [Humongous Reclaim: 0.0 ms]
      [Free CSet: 0.0 ms]
   [Eden: 14.0M(14.0M)->0.0B(14.0M) Survivors: 2048.0K->2048.0K Heap: 319.5M(321.0M)->309.7M(326.0M)]
 [Times: user=0.00 sys=0.00, real=0.00 secs] 
2016-06-27T20:25:12.602+0300: 14.874: Total time for which application threads were stopped: 0.0036937 seconds, Stopping threads took: 0.0013373 seconds
2016-06-27T20:25:12.725+0300: 14.997: [GC pause (G1 Evacuation Pause) (young)
Desired survivor size 1048576 bytes, new threshold 1 (max 15)
- age   1:    1378064 bytes,    1378064 total
, 0.0017008 secs]
   [Parallel Time: 1.3 ms, GC Workers: 4]
      [GC Worker Start (ms): Min: 14996.8, Avg: 14996.8, Max: 14996.8, Diff: 0.0]
      [Ext Root Scanning (ms): Min: 0.4, Avg: 0.5, Max: 0.5, Diff: 0.0, Sum: 1.8]
      [Update RS (ms): Min: 0.1, Avg: 0.2, Max: 0.2, Diff: 0.2, Sum: 0.6]
         [Processed Buffers: Min: 1, Avg: 4.3, Max: 10, Diff: 9, Sum: 17]
      [Scan RS (ms): Min: 0.0, Avg: 0.0, Max: 0.0, Diff: 0.0, Sum: 0.0]
      [Code Root Scanning (ms): Min: 0.0, Avg: 0.0, Max: 0.0, Diff: 0.0, Sum: 0.0]
      [Object Copy (ms): Min: 0.6, Avg: 0.6, Max: 0.7, Diff: 0.1, Sum: 2.6]
      [Termination (ms): Min: 0.0, Avg: 0.0, Max: 0.0, Diff: 0.0, Sum: 0.0]
         [Termination Attempts: Min: 1, Avg: 1.0, Max: 1, Diff: 0, Sum: 4]
      [GC Worker Other (ms): Min: 0.0, Avg: 0.0, Max: 0.0, Diff: 0.0, Sum: 0.1]
      [GC Worker Total (ms): Min: 1.3, Avg: 1.3, Max: 1.3, Diff: 0.0, Sum: 5.1]
      [GC Worker End (ms): Min: 14998.1, Avg: 14998.1, Max: 14998.1, Diff: 0.0]
   [Code Root Fixup: 0.0 ms]
   [Code Root Purge: 0.0 ms]
   [Clear CT: 0.0 ms]
   [Other: 0.4 ms]
      [Choose CSet: 0.0 ms]
      [Ref Proc: 0.0 ms]
      [Ref Enq: 0.0 ms]
      [Redirty Cards: 0.0 ms]
      [Humongous Register: 0.0 ms]
      [Humongous Reclaim: 0.0 ms]
      [Free CSet: 0.0 ms]
   [Eden: 14.0M(14.0M)->0.0B(14.0M) Survivors: 2048.0K->2048.0K Heap: 323.7M(326.0M)->312.0M(328.0M)]
 [Times: user=0.00 sys=0.00, real=0.00 secs] 
2016-06-27T20:25:12.727+0300: 14.999: Total time for which application threads were stopped: 0.0040790 seconds, Stopping threads took: 0.0017602 seconds
2016-06-27T20:25:12.847+0300: 15.119: [GC pause (G1 Evacuation Pause) (young)
Desired survivor size 1048576 bytes, new threshold 1 (max 15)
- age   1:    2011024 bytes,    2011024 total
, 0.0019552 secs]
   [Parallel Time: 1.5 ms, GC Workers: 4]
      [GC Worker Start (ms): Min: 15119.0, Avg: 15119.1, Max: 15119.1, Diff: 0.0]
      [Ext Root Scanning (ms): Min: 0.4, Avg: 0.5, Max: 0.5, Diff: 0.0, Sum: 1.9]
      [Update RS (ms): Min: 0.1, Avg: 0.1, Max: 0.2, Diff: 0.1, Sum: 0.5]
         [Processed Buffers: Min: 1, Avg: 5.3, Max: 13, Diff: 12, Sum: 21]
      [Scan RS (ms): Min: 0.0, Avg: 0.0, Max: 0.0, Diff: 0.0, Sum: 0.0]
      [Code Root Scanning (ms): Min: 0.0, Avg: 0.0, Max: 0.0, Diff: 0.0, Sum: 0.0]
      [Object Copy (ms): Min: 0.8, Avg: 0.9, Max: 0.9, Diff: 0.1, Sum: 3.4]
      [Termination (ms): Min: 0.0, Avg: 0.0, Max: 0.0, Diff: 0.0, Sum: 0.0]
         [Termination Attempts: Min: 1, Avg: 1.0, Max: 1, Diff: 0, Sum: 4]
      [GC Worker Other (ms): Min: 0.0, Avg: 0.0, Max: 0.0, Diff: 0.0, Sum: 0.0]
      [GC Worker Total (ms): Min: 1.4, Avg: 1.5, Max: 1.5, Diff: 0.0, Sum: 5.9]
      [GC Worker End (ms): Min: 15120.5, Avg: 15120.5, Max: 15120.5, Diff: 0.0]
   [Code Root Fixup: 0.0 ms]
   [Code Root Purge: 0.0 ms]
   [Clear CT: 0.1 ms]
   [Other: 0.4 ms]
      [Choose CSet: 0.0 ms]
      [Ref Proc: 0.1 ms]
      [Ref Enq: 0.0 ms]
      [Redirty Cards: 0.1 ms]
      [Humongous Register: 0.0 ms]
      [Humongous Reclaim: 0.0 ms]
      [Free CSet: 0.0 ms]
   [Eden: 14.0M(14.0M)->0.0B(14.0M) Survivors: 2048.0K->2048.0K Heap: 326.0M(328.0M)->316.0M(332.0M)]
 [Times: user=0.05 sys=0.02, real=0.00 secs] 
2016-06-27T20:25:12.849+0300: 15.121: Total time for which application threads were stopped: 0.0032912 seconds, Stopping threads took: 0.0007963 seconds
2016-06-27T20:25:12.961+0300: 15.233: [GC pause (G1 Evacuation Pause) (young)
Desired survivor size 1048576 bytes, new threshold 1 (max 15)
- age   1:    1653888 bytes,    1653888 total
, 0.0017641 secs]
   [Parallel Time: 1.3 ms, GC Workers: 4]
      [GC Worker Start (ms): Min: 15233.2, Avg: 15233.2, Max: 15233.2, Diff: 0.0]
      [Ext Root Scanning (ms): Min: 0.3, Avg: 0.4, Max: 0.4, Diff: 0.1, Sum: 1.6]
      [Update RS (ms): Min: 0.1, Avg: 0.2, Max: 0.4, Diff: 0.3, Sum: 0.7]
         [Processed Buffers: Min: 2, Avg: 5.5, Max: 13, Diff: 11, Sum: 22]
      [Scan RS (ms): Min: 0.0, Avg: 0.0, Max: 0.0, Diff: 0.0, Sum: 0.0]
      [Code Root Scanning (ms): Min: 0.0, Avg: 0.0, Max: 0.0, Diff: 0.0, Sum: 0.0]
      [Object Copy (ms): Min: 0.6, Avg: 0.7, Max: 0.8, Diff: 0.2, Sum: 2.8]
      [Termination (ms): Min: 0.0, Avg: 0.0, Max: 0.0, Diff: 0.0, Sum: 0.0]
         [Termination Attempts: Min: 1, Avg: 1.0, Max: 1, Diff: 0, Sum: 4]
      [GC Worker Other (ms): Min: 0.0, Avg: 0.0, Max: 0.0, Diff: 0.0, Sum: 0.0]
      [GC Worker Total (ms): Min: 1.3, Avg: 1.3, Max: 1.3, Diff: 0.0, Sum: 5.2]
      [GC Worker End (ms): Min: 15234.5, Avg: 15234.5, Max: 15234.5, Diff: 0.0]
   [Code Root Fixup: 0.0 ms]
   [Code Root Purge: 0.0 ms]
   [Clear CT: 0.0 ms]
   [Other: 0.4 ms]
      [Choose CSet: 0.0 ms]
      [Ref Proc: 0.1 ms]
      [Ref Enq: 0.0 ms]
      [Redirty Cards: 0.0 ms]
      [Humongous Register: 0.0 ms]
      [Humongous Reclaim: 0.0 ms]
      [Free CSet: 0.0 ms]
   [Eden: 14.0M(14.0M)->0.0B(14.0M) Survivors: 2048.0K->2048.0K Heap: 330.0M(332.0M)->320.0M(336.0M)]
 [Times: user=0.00 sys=0.00, real=0.00 secs] 
2016-06-27T20:25:12.963+0300: 15.235: Total time for which application threads were stopped: 0.0067368 seconds, Stopping threads took: 0.0043415 seconds
2016-06-27T20:25:13.086+0300: 15.358: [GC pause (G1 Evacuation Pause) (young)
Desired survivor size 1048576 bytes, new threshold 1 (max 15)
- age   1:    1572152 bytes,    1572152 total
, 0.0017414 secs]
   [Parallel Time: 1.3 ms, GC Workers: 4]
      [GC Worker Start (ms): Min: 15357.9, Avg: 15357.9, Max: 15357.9, Diff: 0.0]
      [Ext Root Scanning (ms): Min: 0.3, Avg: 0.4, Max: 0.5, Diff: 0.1, Sum: 1.7]
      [Update RS (ms): Min: 0.1, Avg: 0.2, Max: 0.2, Diff: 0.1, Sum: 0.6]
         [Processed Buffers: Min: 1, Avg: 5.5, Max: 15, Diff: 14, Sum: 22]
      [Scan RS (ms): Min: 0.0, Avg: 0.0, Max: 0.0, Diff: 0.0, Sum: 0.0]
      [Code Root Scanning (ms): Min: 0.0, Avg: 0.0, Max: 0.0, Diff: 0.0, Sum: 0.0]
      [Object Copy (ms): Min: 0.7, Avg: 0.7, Max: 0.7, Diff: 0.0, Sum: 2.9]
      [Termination (ms): Min: 0.0, Avg: 0.0, Max: 0.0, Diff: 0.0, Sum: 0.0]
         [Termination Attempts: Min: 1, Avg: 1.0, Max: 1, Diff: 0, Sum: 4]
      [GC Worker Other (ms): Min: 0.0, Avg: 0.0, Max: 0.0, Diff: 0.0, Sum: 0.0]
      [GC Worker Total (ms): Min: 1.3, Avg: 1.3, Max: 1.3, Diff: 0.0, Sum: 5.3]
      [GC Worker End (ms): Min: 15359.2, Avg: 15359.3, Max: 15359.3, Diff: 0.0]
   [Code Root Fixup: 0.0 ms]
   [Code Root Purge: 0.0 ms]
   [Clear CT: 0.0 ms]
   [Other: 0.4 ms]
      [Choose CSet: 0.0 ms]
      [Ref Proc: 0.1 ms]
      [Ref Enq: 0.0 ms]
      [Redirty Cards: 0.0 ms]
      [Humongous Register: 0.0 ms]
      [Humongous Reclaim: 0.0 ms]
      [Free CSet: 0.0 ms]
   [Eden: 14.0M(14.0M)->0.0B(15.0M) Survivors: 2048.0K->2048.0K Heap: 334.0M(336.0M)->323.5M(340.0M)]
 [Times: user=0.00 sys=0.00, real=0.00 secs] 
2016-06-27T20:25:13.088+0300: 15.360: Total time for which application threads were stopped: 0.0045165 seconds, Stopping threads took: 0.0022076 seconds
2016-06-27T20:25:13.219+0300: 15.491: [GC pause (G1 Evacuation Pause) (young)
Desired survivor size 1572864 bytes, new threshold 15 (max 15)
- age   1:    1558936 bytes,    1558936 total
, 0.0019865 secs]
   [Parallel Time: 1.5 ms, GC Workers: 4]
      [GC Worker Start (ms): Min: 15491.3, Avg: 15491.3, Max: 15491.3, Diff: 0.0]
      [Ext Root Scanning (ms): Min: 0.4, Avg: 0.4, Max: 0.5, Diff: 0.1, Sum: 1.8]
      [Update RS (ms): Min: 0.1, Avg: 0.2, Max: 0.4, Diff: 0.3, Sum: 0.8]
         [Processed Buffers: Min: 1, Avg: 4.8, Max: 13, Diff: 12, Sum: 19]
      [Scan RS (ms): Min: 0.0, Avg: 0.0, Max: 0.0, Diff: 0.0, Sum: 0.0]
      [Code Root Scanning (ms): Min: 0.0, Avg: 0.0, Max: 0.0, Diff: 0.0, Sum: 0.0]
      [Object Copy (ms): Min: 0.6, Avg: 0.8, Max: 0.9, Diff: 0.3, Sum: 3.2]
      [Termination (ms): Min: 0.0, Avg: 0.0, Max: 0.0, Diff: 0.0, Sum: 0.0]
         [Termination Attempts: Min: 1, Avg: 1.0, Max: 1, Diff: 0, Sum: 4]
      [GC Worker Other (ms): Min: 0.0, Avg: 0.0, Max: 0.0, Diff: 0.0, Sum: 0.0]
      [GC Worker Total (ms): Min: 1.5, Avg: 1.5, Max: 1.5, Diff: 0.0, Sum: 5.9]
      [GC Worker End (ms): Min: 15492.8, Avg: 15492.8, Max: 15492.8, Diff: 0.0]
   [Code Root Fixup: 0.0 ms]
   [Code Root Purge: 0.0 ms]
   [Clear CT: 0.1 ms]
   [Other: 0.4 ms]
      [Choose CSet: 0.0 ms]
      [Ref Proc: 0.1 ms]
      [Ref Enq: 0.0 ms]
      [Redirty Cards: 0.0 ms]
      [Humongous Register: 0.0 ms]
      [Humongous Reclaim: 0.0 ms]
      [Free CSet: 0.0 ms]
   [Eden: 15.0M(15.0M)->0.0B(14.0M) Survivors: 2048.0K->3072.0K Heap: 338.5M(340.0M)->327.5M(345.0M)]
 [Times: user=0.00 sys=0.00, real=0.00 secs] 
2016-06-27T20:25:13.221+0300: 15.493: Total time for which application threads were stopped: 0.0051537 seconds, Stopping threads took: 0.0024992 seconds
2016-06-27T20:25:13.328+0300: 15.600: [GC cleanup 339M->339M(345M), 0.0003571 secs]
 [Times: user=0.00 sys=0.00, real=0.00 secs] 
2016-06-27T20:25:13.329+0300: 15.601: Total time for which application threads were stopped: 0.0029209 seconds, Stopping threads took: 0.0021900 seconds
2016-06-27T20:25:13.342+0300: 15.614: [GC pause (G1 Evacuation Pause) (young)
Desired survivor size 1572864 bytes, new threshold 2 (max 15)
- age   1:    1407880 bytes,    1407880 total
- age   2:     869272 bytes,    2277152 total
, 0.0019296 secs]
   [Parallel Time: 1.5 ms, GC Workers: 4]
      [GC Worker Start (ms): Min: 15614.0, Avg: 15614.0, Max: 15614.0, Diff: 0.0]
      [Ext Root Scanning (ms): Min: 0.4, Avg: 0.5, Max: 0.5, Diff: 0.1, Sum: 2.0]
      [Update RS (ms): Min: 0.1, Avg: 0.1, Max: 0.2, Diff: 0.1, Sum: 0.5]
         [Processed Buffers: Min: 1, Avg: 5.8, Max: 12, Diff: 11, Sum: 23]
      [Scan RS (ms): Min: 0.0, Avg: 0.0, Max: 0.0, Diff: 0.0, Sum: 0.0]
      [Code Root Scanning (ms): Min: 0.0, Avg: 0.0, Max: 0.0, Diff: 0.0, Sum: 0.0]
      [Object Copy (ms): Min: 0.7, Avg: 0.8, Max: 0.8, Diff: 0.1, Sum: 3.1]
      [Termination (ms): Min: 0.0, Avg: 0.0, Max: 0.0, Diff: 0.0, Sum: 0.0]
         [Termination Attempts: Min: 1, Avg: 1.0, Max: 1, Diff: 0, Sum: 4]
      [GC Worker Other (ms): Min: 0.0, Avg: 0.0, Max: 0.0, Diff: 0.0, Sum: 0.1]
      [GC Worker Total (ms): Min: 1.4, Avg: 1.4, Max: 1.4, Diff: 0.0, Sum: 5.7]
      [GC Worker End (ms): Min: 15615.4, Avg: 15615.4, Max: 15615.5, Diff: 0.0]
   [Code Root Fixup: 0.0 ms]
   [Code Root Purge: 0.0 ms]
   [Clear CT: 0.0 ms]
   [Other: 0.4 ms]
      [Choose CSet: 0.0 ms]
      [Ref Proc: 0.0 ms]
      [Ref Enq: 0.0 ms]
      [Redirty Cards: 0.1 ms]
      [Humongous Register: 0.0 ms]
      [Humongous Reclaim: 0.0 ms]
      [Free CSet: 0.0 ms]
   [Eden: 14.0M(14.0M)->0.0B(14.0M) Survivors: 3072.0K->3072.0K Heap: 341.5M(345.0M)->330.5M(348.0M)]
 [Times: user=0.00 sys=0.00, real=0.00 secs] 
2016-06-27T20:25:13.344+0300: 15.616: Total time for which application threads were stopped: 0.0024582 seconds, Stopping threads took: 0.0000419 seconds
2016-06-27T20:25:13.462+0300: 15.734: [GC pause (G1 Evacuation Pause) (mixed)
Desired survivor size 1572864 bytes, new threshold 1 (max 15)
- age   1:    2384800 bytes,    2384800 total
- age   2:     681160 bytes,    3065960 total
, 0.0023624 secs]
   [Parallel Time: 1.9 ms, GC Workers: 4]
      [GC Worker Start (ms): Min: 15733.6, Avg: 15733.6, Max: 15733.6, Diff: 0.0]
      [Ext Root Scanning (ms): Min: 0.4, Avg: 0.5, Max: 0.5, Diff: 0.1, Sum: 1.9]
      [Update RS (ms): Min: 0.1, Avg: 0.1, Max: 0.2, Diff: 0.1, Sum: 0.6]
         [Processed Buffers: Min: 2, Avg: 5.5, Max: 9, Diff: 7, Sum: 22]
      [Scan RS (ms): Min: 0.0, Avg: 0.0, Max: 0.0, Diff: 0.0, Sum: 0.1]
      [Code Root Scanning (ms): Min: 0.0, Avg: 0.0, Max: 0.0, Diff: 0.0, Sum: 0.0]
      [Object Copy (ms): Min: 1.2, Avg: 1.2, Max: 1.2, Diff: 0.0, Sum: 4.9]
      [Termination (ms): Min: 0.0, Avg: 0.0, Max: 0.0, Diff: 0.0, Sum: 0.0]
         [Termination Attempts: Min: 1, Avg: 1.0, Max: 1, Diff: 0, Sum: 4]
      [GC Worker Other (ms): Min: 0.0, Avg: 0.0, Max: 0.0, Diff: 0.0, Sum: 0.0]
      [GC Worker Total (ms): Min: 1.9, Avg: 1.9, Max: 1.9, Diff: 0.0, Sum: 7.5]
      [GC Worker End (ms): Min: 15735.5, Avg: 15735.5, Max: 15735.5, Diff: 0.0]
   [Code Root Fixup: 0.0 ms]
   [Code Root Purge: 0.0 ms]
   [Clear CT: 0.1 ms]
   [Other: 0.4 ms]
      [Choose CSet: 0.0 ms]
      [Ref Proc: 0.0 ms]
      [Ref Enq: 0.0 ms]
      [Redirty Cards: 0.0 ms]
      [Humongous Register: 0.0 ms]
      [Humongous Reclaim: 0.0 ms]
      [Free CSet: 0.0 ms]
   [Eden: 14.0M(14.0M)->0.0B(14.0M) Survivors: 3072.0K->3072.0K Heap: 344.5M(348.0M)->330.3M(354.0M)]
 [Times: user=0.00 sys=0.00, real=0.00 secs] 
2016-06-27T20:25:13.464+0300: 15.736: Total time for which application threads were stopped: 0.0042359 seconds, Stopping threads took: 0.0013398 seconds
2016-06-27T20:25:13.586+0300: 15.858: [GC pause (G1 Evacuation Pause) (young)
Desired survivor size 1572864 bytes, new threshold 1 (max 15)
- age   1:    2393752 bytes,    2393752 total
, 0.0018958 secs]
   [Parallel Time: 1.4 ms, GC Workers: 4]
      [GC Worker Start (ms): Min: 15858.1, Avg: 15858.2, Max: 15858.2, Diff: 0.0]
      [Ext Root Scanning (ms): Min: 0.4, Avg: 0.5, Max: 0.5, Diff: 0.0, Sum: 1.9]
      [Update RS (ms): Min: 0.2, Avg: 0.2, Max: 0.2, Diff: 0.1, Sum: 0.9]
         [Processed Buffers: Min: 1, Avg: 3.8, Max: 7, Diff: 6, Sum: 15]
      [Scan RS (ms): Min: 0.0, Avg: 0.0, Max: 0.0, Diff: 0.0, Sum: 0.0]
      [Code Root Scanning (ms): Min: 0.0, Avg: 0.0, Max: 0.0, Diff: 0.0, Sum: 0.0]
      [Object Copy (ms): Min: 0.6, Avg: 0.7, Max: 0.7, Diff: 0.1, Sum: 2.7]
      [Termination (ms): Min: 0.0, Avg: 0.0, Max: 0.0, Diff: 0.0, Sum: 0.0]
         [Termination Attempts: Min: 1, Avg: 1.0, Max: 1, Diff: 0, Sum: 4]
      [GC Worker Other (ms): Min: 0.0, Avg: 0.0, Max: 0.0, Diff: 0.0, Sum: 0.1]
      [GC Worker Total (ms): Min: 1.4, Avg: 1.4, Max: 1.4, Diff: 0.0, Sum: 5.5]
      [GC Worker End (ms): Min: 15859.5, Avg: 15859.5, Max: 15859.5, Diff: 0.0]
   [Code Root Fixup: 0.0 ms]
   [Code Root Purge: 0.0 ms]
   [Clear CT: 0.1 ms]
   [Other: 0.4 ms]
      [Choose CSet: 0.0 ms]
      [Ref Proc: 0.1 ms]
      [Ref Enq: 0.0 ms]
      [Redirty Cards: 0.0 ms]
      [Humongous Register: 0.0 ms]
      [Humongous Reclaim: 0.0 ms]
      [Free CSet: 0.0 ms]
   [Eden: 14.0M(14.0M)->0.0B(14.0M) Survivors: 3072.0K->3072.0K Heap: 344.3M(354.0M)->333.5M(354.0M)]
 [Times: user=0.00 sys=0.00, real=0.00 secs] 
2016-06-27T20:25:13.588+0300: 15.860: Total time for which application threads were stopped: 0.0035632 seconds, Stopping threads took: 0.0011358 seconds
2016-06-27T20:25:13.708+0300: 15.980: [GC pause (G1 Evacuation Pause) (young) (initial-mark)
Desired survivor size 1572864 bytes, new threshold 1 (max 15)
- age   1:    2431208 bytes,    2431208 total
, 0.0019510 secs]
   [Parallel Time: 1.4 ms, GC Workers: 4]
      [GC Worker Start (ms): Min: 15980.6, Avg: 15980.6, Max: 15980.6, Diff: 0.0]
      [Ext Root Scanning (ms): Min: 0.5, Avg: 0.5, Max: 0.5, Diff: 0.0, Sum: 1.9]
      [Update RS (ms): Min: 0.1, Avg: 0.1, Max: 0.1, Diff: 0.0, Sum: 0.5]
         [Processed Buffers: Min: 1, Avg: 4.0, Max: 9, Diff: 8, Sum: 16]
      [Scan RS (ms): Min: 0.0, Avg: 0.0, Max: 0.0, Diff: 0.0, Sum: 0.0]
      [Code Root Scanning (ms): Min: 0.0, Avg: 0.0, Max: 0.0, Diff: 0.0, Sum: 0.0]
      [Object Copy (ms): Min: 0.7, Avg: 0.8, Max: 0.8, Diff: 0.0, Sum: 3.0]
      [Termination (ms): Min: 0.0, Avg: 0.0, Max: 0.0, Diff: 0.0, Sum: 0.0]
         [Termination Attempts: Min: 1, Avg: 1.0, Max: 1, Diff: 0, Sum: 4]
      [GC Worker Other (ms): Min: 0.0, Avg: 0.0, Max: 0.0, Diff: 0.0, Sum: 0.1]
      [GC Worker Total (ms): Min: 1.4, Avg: 1.4, Max: 1.4, Diff: 0.0, Sum: 5.5]
      [GC Worker End (ms): Min: 15982.0, Avg: 15982.0, Max: 15982.0, Diff: 0.0]
   [Code Root Fixup: 0.0 ms]
   [Code Root Purge: 0.0 ms]
   [Clear CT: 0.1 ms]
   [Other: 0.4 ms]
      [Choose CSet: 0.0 ms]
      [Ref Proc: 0.0 ms]
      [Ref Enq: 0.0 ms]
      [Redirty Cards: 0.0 ms]
      [Humongous Register: 0.0 ms]
      [Humongous Reclaim: 0.0 ms]
      [Free CSet: 0.0 ms]
   [Eden: 14.0M(14.0M)->0.0B(14.0M) Survivors: 3072.0K->3072.0K Heap: 347.5M(354.0M)->337.0M(354.0M)]
 [Times: user=0.00 sys=0.00, real=0.00 secs] 
2016-06-27T20:25:13.711+0300: 15.983: [GC concurrent-root-region-scan-start]
2016-06-27T20:25:13.711+0300: 15.983: Total time for which application threads were stopped: 0.0030453 seconds, Stopping threads took: 0.0005551 seconds
2016-06-27T20:25:13.711+0300: 15.983: [GC concurrent-root-region-scan-end, 0.0001954 secs]
2016-06-27T20:25:13.711+0300: 15.983: [GC concurrent-mark-start]
2016-06-27T20:25:13.725+0300: 15.997: [GC concurrent-mark-end, 0.0143534 secs]
2016-06-27T20:25:13.753+0300: 16.026: [GC remark 2016-06-27T20:25:13.754+0300: 16.026: [Finalize Marking, 0.0001535 secs] 2016-06-27T20:25:13.754+0300: 16.026: [GC ref-proc, 0.0000560 secs] 2016-06-27T20:25:13.754+0300: 16.026: [Unloading, 0.0007463 secs], 0.0025454 secs]
 [Times: user=0.06 sys=0.00, real=0.00 secs] 
2016-06-27T20:25:13.756+0300: 16.028: Total time for which application threads were stopped: 0.0050698 seconds, Stopping threads took: 0.0021421 seconds
2016-06-27T20:25:13.766+0300: 16.038: [GC cleanup 344M->344M(354M), 0.0003541 secs]
 [Times: user=0.00 sys=0.00, real=0.00 secs] 
2016-06-27T20:25:13.766+0300: 16.039: Total time for which application threads were stopped: 0.0007783 seconds, Stopping threads took: 0.0000701 seconds
2016-06-27T20:25:13.826+0300: 16.098: [GC pause (G1 Evacuation Pause) (young)
Desired survivor size 1572864 bytes, new threshold 1 (max 15)
- age   1:    2521528 bytes,    2521528 total
, 0.0018077 secs]
   [Parallel Time: 1.4 ms, GC Workers: 4]
      [GC Worker Start (ms): Min: 16098.5, Avg: 16098.6, Max: 16098.6, Diff: 0.0]
      [Ext Root Scanning (ms): Min: 0.4, Avg: 0.4, Max: 0.4, Diff: 0.1, Sum: 1.6]
      [Update RS (ms): Min: 0.1, Avg: 0.1, Max: 0.2, Diff: 0.0, Sum: 0.5]
         [Processed Buffers: Min: 1, Avg: 4.3, Max: 12, Diff: 11, Sum: 17]
      [Scan RS (ms): Min: 0.0, Avg: 0.0, Max: 0.0, Diff: 0.0, Sum: 0.0]
      [Code Root Scanning (ms): Min: 0.0, Avg: 0.0, Max: 0.0, Diff: 0.0, Sum: 0.0]
      [Object Copy (ms): Min: 0.8, Avg: 0.8, Max: 0.8, Diff: 0.0, Sum: 3.1]
      [Termination (ms): Min: 0.0, Avg: 0.0, Max: 0.0, Diff: 0.0, Sum: 0.0]
         [Termination Attempts: Min: 1, Avg: 1.0, Max: 1, Diff: 0, Sum: 4]
      [GC Worker Other (ms): Min: 0.0, Avg: 0.0, Max: 0.0, Diff: 0.0, Sum: 0.1]
      [GC Worker Total (ms): Min: 1.3, Avg: 1.3, Max: 1.4, Diff: 0.0, Sum: 5.4]
      [GC Worker End (ms): Min: 16099.9, Avg: 16099.9, Max: 16099.9, Diff: 0.0]
   [Code Root Fixup: 0.0 ms]
   [Code Root Purge: 0.0 ms]
   [Clear CT: 0.0 ms]
   [Other: 0.4 ms]
      [Choose CSet: 0.0 ms]
      [Ref Proc: 0.0 ms]
      [Ref Enq: 0.0 ms]
      [Redirty Cards: 0.0 ms]
      [Humongous Register: 0.0 ms]
      [Humongous Reclaim: 0.0 ms]
      [Free CSet: 0.0 ms]
   [Eden: 14.0M(14.0M)->0.0B(14.0M) Survivors: 3072.0K->3072.0K Heap: 351.0M(354.0M)->340.5M(358.0M)]
 [Times: user=0.00 sys=0.00, real=0.00 secs] 
2016-06-27T20:25:13.829+0300: 16.101: Total time for which application threads were stopped: 0.0029025 seconds, Stopping threads took: 0.0002091 seconds
2016-06-27T20:25:13.945+0300: 16.217: [GC pause (G1 Evacuation Pause) (mixed)
Desired survivor size 1572864 bytes, new threshold 1 (max 15)
- age   1:    2657768 bytes,    2657768 total
, 0.0060368 secs]
   [Parallel Time: 5.5 ms, GC Workers: 4]
      [GC Worker Start (ms): Min: 16217.2, Avg: 16217.2, Max: 16217.2, Diff: 0.0]
      [Ext Root Scanning (ms): Min: 0.4, Avg: 0.4, Max: 0.4, Diff: 0.0, Sum: 1.7]
      [Update RS (ms): Min: 0.1, Avg: 0.2, Max: 0.2, Diff: 0.1, Sum: 0.7]
         [Processed Buffers: Min: 2, Avg: 3.3, Max: 5, Diff: 3, Sum: 13]
      [Scan RS (ms): Min: 0.1, Avg: 0.1, Max: 0.2, Diff: 0.1, Sum: 0.5]
      [Code Root Scanning (ms): Min: 0.0, Avg: 0.0, Max: 0.0, Diff: 0.0, Sum: 0.0]
      [Object Copy (ms): Min: 4.7, Avg: 4.8, Max: 4.8, Diff: 0.1, Sum: 19.0]
      [Termination (ms): Min: 0.0, Avg: 0.0, Max: 0.0, Diff: 0.0, Sum: 0.0]
         [Termination Attempts: Min: 1, Avg: 1.0, Max: 1, Diff: 0, Sum: 4]
      [GC Worker Other (ms): Min: 0.0, Avg: 0.0, Max: 0.0, Diff: 0.0, Sum: 0.0]
      [GC Worker Total (ms): Min: 5.5, Avg: 5.5, Max: 5.5, Diff: 0.0, Sum: 22.0]
      [GC Worker End (ms): Min: 16222.7, Avg: 16222.7, Max: 16222.7, Diff: 0.0]
   [Code Root Fixup: 0.0 ms]
   [Code Root Purge: 0.0 ms]
   [Clear CT: 0.1 ms]
   [Other: 0.4 ms]
      [Choose CSet: 0.0 ms]
      [Ref Proc: 0.0 ms]
      [Ref Enq: 0.0 ms]
      [Redirty Cards: 0.0 ms]
      [Humongous Register: 0.0 ms]
      [Humongous Reclaim: 0.0 ms]
      [Free CSet: 0.1 ms]
   [Eden: 14.0M(14.0M)->0.0B(15.0M) Survivors: 3072.0K->3072.0K Heap: 354.5M(358.0M)->326.0M(379.0M)]
 [Times: user=0.00 sys=0.00, real=0.01 secs] 
2016-06-27T20:25:13.951+0300: 16.223: Total time for which application threads were stopped: 0.0075353 seconds, Stopping threads took: 0.0009532 seconds
2016-06-27T20:25:14.080+0300: 16.352: [GC pause (G1 Evacuation Pause) (young)
Desired survivor size 1572864 bytes, new threshold 1 (max 15)
- age   1:    2394968 bytes,    2394968 total
, 0.0022353 secs]
   [Parallel Time: 1.9 ms, GC Workers: 4]
      [GC Worker Start (ms): Min: 16352.3, Avg: 16352.3, Max: 16352.3, Diff: 0.0]
      [Ext Root Scanning (ms): Min: 0.4, Avg: 0.5, Max: 0.5, Diff: 0.1, Sum: 1.8]
      [Update RS (ms): Min: 0.6, Avg: 0.6, Max: 0.8, Diff: 0.2, Sum: 2.6]
         [Processed Buffers: Min: 2, Avg: 4.3, Max: 8, Diff: 6, Sum: 17]
      [Scan RS (ms): Min: 0.0, Avg: 0.0, Max: 0.0, Diff: 0.0, Sum: 0.0]
      [Code Root Scanning (ms): Min: 0.0, Avg: 0.0, Max: 0.0, Diff: 0.0, Sum: 0.0]
      [Object Copy (ms): Min: 0.6, Avg: 0.7, Max: 0.8, Diff: 0.2, Sum: 2.8]
      [Termination (ms): Min: 0.0, Avg: 0.0, Max: 0.0, Diff: 0.0, Sum: 0.0]
         [Termination Attempts: Min: 1, Avg: 1.0, Max: 1, Diff: 0, Sum: 4]
      [GC Worker Other (ms): Min: 0.0, Avg: 0.0, Max: 0.0, Diff: 0.0, Sum: 0.1]
      [GC Worker Total (ms): Min: 1.8, Avg: 1.8, Max: 1.8, Diff: 0.0, Sum: 7.3]
      [GC Worker End (ms): Min: 16354.1, Avg: 16354.1, Max: 16354.1, Diff: 0.0]
   [Code Root Fixup: 0.0 ms]
   [Code Root Purge: 0.0 ms]
   [Clear CT: 0.0 ms]
   [Other: 0.3 ms]
      [Choose CSet: 0.0 ms]
      [Ref Proc: 0.1 ms]
      [Ref Enq: 0.0 ms]
      [Redirty Cards: 0.0 ms]
      [Humongous Register: 0.0 ms]
      [Humongous Reclaim: 0.0 ms]
      [Free CSet: 0.0 ms]
   [Eden: 15.0M(15.0M)->0.0B(15.0M) Survivors: 3072.0K->3072.0K Heap: 341.0M(379.0M)->329.0M(379.0M)]
 [Times: user=0.00 sys=0.00, real=0.00 secs] 
2016-06-27T20:25:14.083+0300: 16.355: Total time for which application threads were stopped: 0.0035568 seconds, Stopping threads took: 0.0008262 seconds
2016-06-27T20:25:14.203+0300: 16.475: [GC pause (G1 Evacuation Pause) (young) (initial-mark)
Desired survivor size 1572864 bytes, new threshold 1 (max 15)
- age   1:    2541464 bytes,    2541464 total
, 0.0020985 secs]
   [Parallel Time: 1.6 ms, GC Workers: 4]
      [GC Worker Start (ms): Min: 16474.9, Avg: 16474.9, Max: 16474.9, Diff: 0.0]
      [Ext Root Scanning (ms): Min: 0.4, Avg: 0.4, Max: 0.5, Diff: 0.1, Sum: 1.8]
      [Update RS (ms): Min: 0.2, Avg: 0.3, Max: 0.5, Diff: 0.3, Sum: 1.3]
         [Processed Buffers: Min: 1, Avg: 3.8, Max: 8, Diff: 7, Sum: 15]
      [Scan RS (ms): Min: 0.0, Avg: 0.0, Max: 0.0, Diff: 0.0, Sum: 0.0]
      [Code Root Scanning (ms): Min: 0.0, Avg: 0.0, Max: 0.0, Diff: 0.0, Sum: 0.0]
      [Object Copy (ms): Min: 0.7, Avg: 0.8, Max: 0.9, Diff: 0.2, Sum: 3.1]
      [Termination (ms): Min: 0.0, Avg: 0.0, Max: 0.1, Diff: 0.1, Sum: 0.1]
         [Termination Attempts: Min: 1, Avg: 1.0, Max: 1, Diff: 0, Sum: 4]
      [GC Worker Other (ms): Min: 0.0, Avg: 0.0, Max: 0.0, Diff: 0.0, Sum: 0.0]
      [GC Worker Total (ms): Min: 1.6, Avg: 1.6, Max: 1.6, Diff: 0.0, Sum: 6.4]
      [GC Worker End (ms): Min: 16476.5, Avg: 16476.5, Max: 16476.5, Diff: 0.0]
   [Code Root Fixup: 0.0 ms]
   [Code Root Purge: 0.0 ms]
   [Clear CT: 0.0 ms]
   [Other: 0.5 ms]
      [Choose CSet: 0.0 ms]
      [Ref Proc: 0.0 ms]
      [Ref Enq: 0.0 ms]
      [Redirty Cards: 0.0 ms]
      [Humongous Register: 0.0 ms]
      [Humongous Reclaim: 0.0 ms]
      [Free CSet: 0.0 ms]
   [Eden: 15.0M(15.0M)->0.0B(15.0M) Survivors: 3072.0K->3072.0K Heap: 344.0M(379.0M)->332.5M(379.0M)]
 [Times: user=0.00 sys=0.00, real=0.00 secs] 
2016-06-27T20:25:14.205+0300: 16.477: [GC concurrent-root-region-scan-start]
2016-06-27T20:25:14.205+0300: 16.477: Total time for which application threads were stopped: 0.0039592 seconds, Stopping threads took: 0.0013236 seconds
2016-06-27T20:25:14.205+0300: 16.477: [GC concurrent-root-region-scan-end, 0.0002348 secs]
2016-06-27T20:25:14.205+0300: 16.477: [GC concurrent-mark-start]
2016-06-27T20:25:14.222+0300: 16.493: [GC concurrent-mark-end, 0.0156064 secs]
2016-06-27T20:25:14.253+0300: 16.525: [GC remark 2016-06-27T20:25:14.253+0300: 16.525: [Finalize Marking, 0.0001608 secs] 2016-06-27T20:25:14.254+0300: 16.526: [GC ref-proc, 0.0000543 secs] 2016-06-27T20:25:14.254+0300: 16.526: [Unloading, 0.0007950 secs], 0.0026318 secs]
 [Times: user=0.06 sys=0.00, real=0.00 secs] 
2016-06-27T20:25:14.256+0300: 16.528: Total time for which application threads were stopped: 0.0035769 seconds, Stopping threads took: 0.0005662 seconds
2016-06-27T20:25:14.331+0300: 16.603: [GC cleanup 347M->347M(379M), 0.0003695 secs]
 [Times: user=0.00 sys=0.00, real=0.00 secs] 
2016-06-27T20:25:14.332+0300: 16.604: Total time for which application threads were stopped: 0.0016277 seconds, Stopping threads took: 0.0009323 seconds
2016-06-27T20:25:14.332+0300: 16.604: [GC pause (G1 Evacuation Pause) (young)
Desired survivor size 1572864 bytes, new threshold 1 (max 15)
- age   1:    2664488 bytes,    2664488 total
, 0.0019950 secs]
   [Parallel Time: 1.5 ms, GC Workers: 4]
      [GC Worker Start (ms): Min: 16604.6, Avg: 16604.6, Max: 16604.6, Diff: 0.0]
      [Ext Root Scanning (ms): Min: 0.4, Avg: 0.6, Max: 1.1, Diff: 0.7, Sum: 2.4]
      [Update RS (ms): Min: 0.0, Avg: 0.2, Max: 0.3, Diff: 0.3, Sum: 0.7]
         [Processed Buffers: Min: 0, Avg: 5.3, Max: 15, Diff: 15, Sum: 21]
      [Scan RS (ms): Min: 0.0, Avg: 0.0, Max: 0.0, Diff: 0.0, Sum: 0.0]
      [Code Root Scanning (ms): Min: 0.0, Avg: 0.0, Max: 0.0, Diff: 0.0, Sum: 0.0]
      [Object Copy (ms): Min: 0.4, Avg: 0.7, Max: 0.8, Diff: 0.4, Sum: 2.7]
      [Termination (ms): Min: 0.0, Avg: 0.0, Max: 0.0, Diff: 0.0, Sum: 0.0]
         [Termination Attempts: Min: 1, Avg: 1.0, Max: 1, Diff: 0, Sum: 4]
      [GC Worker Other (ms): Min: 0.0, Avg: 0.0, Max: 0.0, Diff: 0.0, Sum: 0.0]
      [GC Worker Total (ms): Min: 1.5, Avg: 1.5, Max: 1.5, Diff: 0.0, Sum: 5.9]
      [GC Worker End (ms): Min: 16606.0, Avg: 16606.0, Max: 16606.0, Diff: 0.0]
   [Code Root Fixup: 0.0 ms]
   [Code Root Purge: 0.0 ms]
   [Clear CT: 0.0 ms]
   [Other: 0.5 ms]
      [Choose CSet: 0.0 ms]
      [Ref Proc: 0.1 ms]
      [Ref Enq: 0.0 ms]
      [Redirty Cards: 0.0 ms]
      [Humongous Register: 0.0 ms]
      [Humongous Reclaim: 0.0 ms]
      [Free CSet: 0.0 ms]
   [Eden: 15.0M(15.0M)->0.0B(15.0M) Survivors: 3072.0K->3072.0K Heap: 347.5M(379.0M)->336.0M(379.0M)]
 [Times: user=0.02 sys=0.00, real=0.00 secs] 
2016-06-27T20:25:14.335+0300: 16.607: Total time for which application threads were stopped: 0.0025800 seconds, Stopping threads took: 0.0000864 seconds
2016-06-27T20:25:14.462+0300: 16.734: [GC pause (G1 Evacuation Pause) (mixed)
Desired survivor size 1572864 bytes, new threshold 1 (max 15)
- age   1:    2477240 bytes,    2477240 total
, 0.0041371 secs]
   [Parallel Time: 3.6 ms, GC Workers: 4]
      [GC Worker Start (ms): Min: 16734.2, Avg: 16734.2, Max: 16734.2, Diff: 0.0]
      [Ext Root Scanning (ms): Min: 0.4, Avg: 0.4, Max: 0.4, Diff: 0.0, Sum: 1.7]
      [Update RS (ms): Min: 0.1, Avg: 0.2, Max: 0.5, Diff: 0.4, Sum: 0.9]
         [Processed Buffers: Min: 1, Avg: 5.0, Max: 9, Diff: 8, Sum: 20]
      [Scan RS (ms): Min: 0.0, Avg: 0.1, Max: 0.1, Diff: 0.1, Sum: 0.4]
      [Code Root Scanning (ms): Min: 0.0, Avg: 0.0, Max: 0.0, Diff: 0.0, Sum: 0.0]
      [Object Copy (ms): Min: 2.6, Avg: 2.8, Max: 2.9, Diff: 0.2, Sum: 11.2]
      [Termination (ms): Min: 0.0, Avg: 0.0, Max: 0.0, Diff: 0.0, Sum: 0.0]
         [Termination Attempts: Min: 1, Avg: 1.0, Max: 1, Diff: 0, Sum: 4]
      [GC Worker Other (ms): Min: 0.0, Avg: 0.0, Max: 0.0, Diff: 0.0, Sum: 0.0]
      [GC Worker Total (ms): Min: 3.6, Avg: 3.6, Max: 3.6, Diff: 0.0, Sum: 14.3]
      [GC Worker End (ms): Min: 16737.7, Avg: 16737.8, Max: 16737.8, Diff: 0.0]
   [Code Root Fixup: 0.0 ms]
   [Code Root Purge: 0.0 ms]
   [Clear CT: 0.0 ms]
   [Other: 0.5 ms]
      [Choose CSet: 0.0 ms]
      [Ref Proc: 0.0 ms]
      [Ref Enq: 0.0 ms]
      [Redirty Cards: 0.0 ms]
      [Humongous Register: 0.0 ms]
      [Humongous Reclaim: 0.0 ms]
      [Free CSet: 0.1 ms]
   [Eden: 15.0M(15.0M)->0.0B(15.0M) Survivors: 3072.0K->3072.0K Heap: 351.0M(379.0M)->332.5M(379.0M)]
 [Times: user=0.00 sys=0.00, real=0.00 secs] 
2016-06-27T20:25:14.466+0300: 16.738: Total time for which application threads were stopped: 0.0051562 seconds, Stopping threads took: 0.0004850 seconds
2016-06-27T20:25:14.597+0300: 16.869: [GC pause (G1 Evacuation Pause) (young)
Desired survivor size 1572864 bytes, new threshold 1 (max 15)
- age   1:    2382384 bytes,    2382384 total
, 0.0020215 secs]
   [Parallel Time: 1.6 ms, GC Workers: 4]
      [GC Worker Start (ms): Min: 16869.0, Avg: 16869.0, Max: 16869.0, Diff: 0.0]
      [Ext Root Scanning (ms): Min: 0.4, Avg: 0.4, Max: 0.4, Diff: 0.0, Sum: 1.7]
      [Update RS (ms): Min: 0.4, Avg: 0.4, Max: 0.5, Diff: 0.1, Sum: 1.7]
         [Processed Buffers: Min: 1, Avg: 4.0, Max: 7, Diff: 6, Sum: 16]
      [Scan RS (ms): Min: 0.0, Avg: 0.0, Max: 0.0, Diff: 0.0, Sum: 0.0]
      [Code Root Scanning (ms): Min: 0.0, Avg: 0.0, Max: 0.0, Diff: 0.0, Sum: 0.0]
      [Object Copy (ms): Min: 0.7, Avg: 0.7, Max: 0.8, Diff: 0.1, Sum: 2.8]
      [Termination (ms): Min: 0.0, Avg: 0.0, Max: 0.0, Diff: 0.0, Sum: 0.0]
         [Termination Attempts: Min: 1, Avg: 1.0, Max: 1, Diff: 0, Sum: 4]
      [GC Worker Other (ms): Min: 0.0, Avg: 0.0, Max: 0.0, Diff: 0.0, Sum: 0.1]
      [GC Worker Total (ms): Min: 1.6, Avg: 1.6, Max: 1.6, Diff: 0.0, Sum: 6.3]
      [GC Worker End (ms): Min: 16870.6, Avg: 16870.6, Max: 16870.6, Diff: 0.0]
   [Code Root Fixup: 0.0 ms]
   [Code Root Purge: 0.0 ms]
   [Clear CT: 0.0 ms]
   [Other: 0.4 ms]
      [Choose CSet: 0.0 ms]
      [Ref Proc: 0.0 ms]
      [Ref Enq: 0.0 ms]
      [Redirty Cards: 0.0 ms]
      [Humongous Register: 0.0 ms]
      [Humongous Reclaim: 0.0 ms]
      [Free CSet: 0.0 ms]
   [Eden: 15.0M(15.0M)->0.0B(15.0M) Survivors: 3072.0K->3072.0K Heap: 347.5M(379.0M)->335.5M(379.0M)]
 [Times: user=0.05 sys=0.01, real=0.00 secs] 
2016-06-27T20:25:14.599+0300: 16.871: Total time for which application threads were stopped: 0.0050921 seconds, Stopping threads took: 0.0025685 seconds
2016-06-27T20:25:14.730+0300: 17.002: [GC pause (G1 Evacuation Pause) (young) (initial-mark)
Desired survivor size 1572864 bytes, new threshold 1 (max 15)
- age   1:    2780624 bytes,    2780624 total
, 0.0019454 secs]
   [Parallel Time: 1.5 ms, GC Workers: 4]
      [GC Worker Start (ms): Min: 17002.1, Avg: 17002.1, Max: 17002.1, Diff: 0.0]
      [Ext Root Scanning (ms): Min: 0.4, Avg: 0.5, Max: 0.6, Diff: 0.1, Sum: 1.9]
      [Update RS (ms): Min: 0.1, Avg: 0.1, Max: 0.2, Diff: 0.1, Sum: 0.5]
         [Processed Buffers: Min: 2, Avg: 5.3, Max: 9, Diff: 7, Sum: 21]
      [Scan RS (ms): Min: 0.0, Avg: 0.0, Max: 0.0, Diff: 0.0, Sum: 0.0]
      [Code Root Scanning (ms): Min: 0.0, Avg: 0.0, Max: 0.0, Diff: 0.0, Sum: 0.0]
      [Object Copy (ms): Min: 0.8, Avg: 0.8, Max: 0.8, Diff: 0.1, Sum: 3.2]
      [Termination (ms): Min: 0.0, Avg: 0.0, Max: 0.0, Diff: 0.0, Sum: 0.0]
         [Termination Attempts: Min: 1, Avg: 1.0, Max: 1, Diff: 0, Sum: 4]
      [GC Worker Other (ms): Min: 0.0, Avg: 0.0, Max: 0.0, Diff: 0.0, Sum: 0.1]
      [GC Worker Total (ms): Min: 1.4, Avg: 1.4, Max: 1.4, Diff: 0.0, Sum: 5.7]
      [GC Worker End (ms): Min: 17003.6, Avg: 17003.6, Max: 17003.6, Diff: 0.0]
   [Code Root Fixup: 0.0 ms]
   [Code Root Purge: 0.0 ms]
   [Clear CT: 0.0 ms]
   [Other: 0.4 ms]
      [Choose CSet: 0.0 ms]
      [Ref Proc: 0.1 ms]
      [Ref Enq: 0.0 ms]
      [Redirty Cards: 0.0 ms]
      [Humongous Register: 0.0 ms]
      [Humongous Reclaim: 0.0 ms]
      [Free CSet: 0.0 ms]
   [Eden: 15.0M(15.0M)->0.0B(15.0M) Survivors: 3072.0K->3072.0K Heap: 350.5M(379.0M)->339.0M(379.0M)]
 [Times: user=0.00 sys=0.00, real=0.00 secs] 
2016-06-27T20:25:14.732+0300: 17.004: [GC concurrent-root-region-scan-start]
2016-06-27T20:25:14.732+0300: 17.004: Total time for which application threads were stopped: 0.0048603 seconds, Stopping threads took: 0.0024141 seconds
2016-06-27T20:25:14.732+0300: 17.004: [GC concurrent-root-region-scan-end, 0.0001723 secs]
2016-06-27T20:25:14.732+0300: 17.004: [GC concurrent-mark-start]
2016-06-27T20:25:14.747+0300: 17.020: [GC concurrent-mark-end, 0.0151317 secs]
2016-06-27T20:25:14.774+0300: 17.046: [GC remark 2016-06-27T20:25:14.774+0300: 17.046: [Finalize Marking, 0.0001326 secs] 2016-06-27T20:25:14.775+0300: 17.046: [GC ref-proc, 0.0000539 secs] 2016-06-27T20:25:14.775+0300: 17.046: [Unloading, 0.0006633 secs], 0.0024111 secs]
 [Times: user=0.00 sys=0.00, real=0.00 secs] 
2016-06-27T20:25:14.777+0300: 17.049: Total time for which application threads were stopped: 0.0052123 seconds, Stopping threads took: 0.0024774 seconds
2016-06-27T20:25:14.778+0300: 17.049: [GC cleanup 344M->344M(379M), 0.0003635 secs]
 [Times: user=0.00 sys=0.00, real=0.00 secs] 
2016-06-27T20:25:14.778+0300: 17.050: Total time for which application threads were stopped: 0.0007454 seconds, Stopping threads took: 0.0000500 seconds
2016-06-27T20:25:14.854+0300: 17.126: [GC pause (G1 Evacuation Pause) (young)
Desired survivor size 1572864 bytes, new threshold 1 (max 15)
- age   1:    2575640 bytes,    2575640 total
, 0.0017457 secs]
   [Parallel Time: 1.3 ms, GC Workers: 4]
      [GC Worker Start (ms): Min: 17125.6, Avg: 17125.7, Max: 17125.7, Diff: 0.0]
      [Ext Root Scanning (ms): Min: 0.4, Avg: 0.4, Max: 0.4, Diff: 0.1, Sum: 1.7]
      [Update RS (ms): Min: 0.1, Avg: 0.2, Max: 0.3, Diff: 0.2, Sum: 0.7]
         [Processed Buffers: Min: 1, Avg: 3.0, Max: 6, Diff: 5, Sum: 12]
      [Scan RS (ms): Min: 0.0, Avg: 0.0, Max: 0.0, Diff: 0.0, Sum: 0.0]
      [Code Root Scanning (ms): Min: 0.0, Avg: 0.0, Max: 0.0, Diff: 0.0, Sum: 0.0]
      [Object Copy (ms): Min: 0.6, Avg: 0.7, Max: 0.7, Diff: 0.1, Sum: 2.8]
      [Termination (ms): Min: 0.0, Avg: 0.0, Max: 0.0, Diff: 0.0, Sum: 0.0]
         [Termination Attempts: Min: 1, Avg: 1.0, Max: 1, Diff: 0, Sum: 4]
      [GC Worker Other (ms): Min: 0.0, Avg: 0.0, Max: 0.0, Diff: 0.0, Sum: 0.1]
      [GC Worker Total (ms): Min: 1.3, Avg: 1.3, Max: 1.3, Diff: 0.0, Sum: 5.2]
      [GC Worker End (ms): Min: 17127.0, Avg: 17127.0, Max: 17127.0, Diff: 0.0]
   [Code Root Fixup: 0.0 ms]
   [Code Root Purge: 0.0 ms]
   [Clear CT: 0.0 ms]
   [Other: 0.4 ms]
      [Choose CSet: 0.0 ms]
      [Ref Proc: 0.0 ms]
      [Ref Enq: 0.0 ms]
      [Redirty Cards: 0.0 ms]
      [Humongous Register: 0.0 ms]
      [Humongous Reclaim: 0.0 ms]
      [Free CSet: 0.0 ms]
   [Eden: 15.0M(15.0M)->0.0B(15.0M) Survivors: 3072.0K->3072.0K Heap: 354.0M(379.0M)->342.0M(379.0M)]
 [Times: user=0.00 sys=0.00, real=0.00 secs] 
2016-06-27T20:25:14.856+0300: 17.127: Total time for which application threads were stopped: 0.0025894 seconds, Stopping threads took: 0.0003618 seconds
2016-06-27T20:25:14.984+0300: 17.256: [GC pause (G1 Evacuation Pause) (mixed)
Desired survivor size 1572864 bytes, new threshold 1 (max 15)
- age   1:    2571672 bytes,    2571672 total
, 0.0036731 secs]
   [Parallel Time: 3.1 ms, GC Workers: 4]
      [GC Worker Start (ms): Min: 17256.5, Avg: 17256.5, Max: 17256.5, Diff: 0.0]
      [Ext Root Scanning (ms): Min: 0.4, Avg: 0.4, Max: 0.4, Diff: 0.0, Sum: 1.7]
      [Update RS (ms): Min: 0.1, Avg: 0.1, Max: 0.2, Diff: 0.1, Sum: 0.6]
         [Processed Buffers: Min: 1, Avg: 4.3, Max: 7, Diff: 6, Sum: 17]
      [Scan RS (ms): Min: 0.1, Avg: 0.1, Max: 0.1, Diff: 0.0, Sum: 0.4]
      [Code Root Scanning (ms): Min: 0.0, Avg: 0.0, Max: 0.0, Diff: 0.0, Sum: 0.0]
      [Object Copy (ms): Min: 2.4, Avg: 2.4, Max: 2.4, Diff: 0.0, Sum: 9.7]
      [Termination (ms): Min: 0.0, Avg: 0.0, Max: 0.0, Diff: 0.0, Sum: 0.0]
         [Termination Attempts: Min: 1, Avg: 1.0, Max: 1, Diff: 0, Sum: 4]
      [GC Worker Other (ms): Min: 0.0, Avg: 0.0, Max: 0.0, Diff: 0.0, Sum: 0.0]
      [GC Worker Total (ms): Min: 3.1, Avg: 3.1, Max: 3.1, Diff: 0.0, Sum: 12.4]
      [GC Worker End (ms): Min: 17259.6, Avg: 17259.6, Max: 17259.6, Diff: 0.0]
   [Code Root Fixup: 0.0 ms]
   [Code Root Purge: 0.0 ms]
   [Clear CT: 0.1 ms]
   [Other: 0.4 ms]
      [Choose CSet: 0.0 ms]
      [Ref Proc: 0.0 ms]
      [Ref Enq: 0.0 ms]
      [Redirty Cards: 0.0 ms]
      [Humongous Register: 0.0 ms]
      [Humongous Reclaim: 0.0 ms]
      [Free CSet: 0.1 ms]
   [Eden: 15.0M(15.0M)->0.0B(15.0M) Survivors: 3072.0K->3072.0K Heap: 357.0M(379.0M)->340.5M(379.0M)]
 [Times: user=0.00 sys=0.00, real=0.00 secs] 
2016-06-27T20:25:14.988+0300: 17.260: Total time for which application threads were stopped: 0.0052362 seconds, Stopping threads took: 0.0010328 seconds
2016-06-27T20:25:15.117+0300: 17.389: [GC pause (G1 Evacuation Pause) (young)
Desired survivor size 1572864 bytes, new threshold 1 (max 15)
- age   1:    2449128 bytes,    2449128 total
, 0.0021973 secs]
   [Parallel Time: 1.7 ms, GC Workers: 4]
      [GC Worker Start (ms): Min: 17389.3, Avg: 17389.3, Max: 17389.3, Diff: 0.0]
      [Ext Root Scanning (ms): Min: 0.4, Avg: 0.5, Max: 0.5, Diff: 0.1, Sum: 1.9]
      [Update RS (ms): Min: 0.5, Avg: 0.5, Max: 0.6, Diff: 0.1, Sum: 2.1]
         [Processed Buffers: Min: 1, Avg: 3.8, Max: 10, Diff: 9, Sum: 15]
      [Scan RS (ms): Min: 0.0, Avg: 0.0, Max: 0.0, Diff: 0.0, Sum: 0.0]
      [Code Root Scanning (ms): Min: 0.0, Avg: 0.0, Max: 0.0, Diff: 0.0, Sum: 0.0]
      [Object Copy (ms): Min: 0.6, Avg: 0.7, Max: 0.7, Diff: 0.1, Sum: 2.7]
      [Termination (ms): Min: 0.0, Avg: 0.0, Max: 0.0, Diff: 0.0, Sum: 0.0]
         [Termination Attempts: Min: 1, Avg: 1.0, Max: 1, Diff: 0, Sum: 4]
      [GC Worker Other (ms): Min: 0.0, Avg: 0.0, Max: 0.0, Diff: 0.0, Sum: 0.1]
      [GC Worker Total (ms): Min: 1.7, Avg: 1.7, Max: 1.7, Diff: 0.0, Sum: 6.9]
      [GC Worker End (ms): Min: 17391.0, Avg: 17391.0, Max: 17391.0, Diff: 0.0]
   [Code Root Fixup: 0.0 ms]
   [Code Root Purge: 0.0 ms]
   [Clear CT: 0.0 ms]
   [Other: 0.4 ms]
      [Choose CSet: 0.0 ms]
      [Ref Proc: 0.1 ms]
      [Ref Enq: 0.0 ms]
      [Redirty Cards: 0.0 ms]
      [Humongous Register: 0.0 ms]
      [Humongous Reclaim: 0.0 ms]
      [Free CSet: 0.0 ms]
   [Eden: 15.0M(15.0M)->0.0B(15.0M) Survivors: 3072.0K->3072.0K Heap: 355.5M(379.0M)->344.0M(379.0M)]
 [Times: user=0.00 sys=0.00, real=0.00 secs] 
2016-06-27T20:25:15.119+0300: 17.392: Total time for which application threads were stopped: 0.0034627 seconds, Stopping threads took: 0.0007249 seconds
2016-06-27T20:25:15.251+0300: 17.523: [GC pause (G1 Evacuation Pause) (young) (initial-mark)
Desired survivor size 1572864 bytes, new threshold 1 (max 15)
- age   1:    2569512 bytes,    2569512 total
, 0.0018274 secs]
   [Parallel Time: 1.4 ms, GC Workers: 4]
      [GC Worker Start (ms): Min: 17523.2, Avg: 17523.2, Max: 17523.2, Diff: 0.0]
      [Ext Root Scanning (ms): Min: 0.3, Avg: 0.4, Max: 0.5, Diff: 0.1, Sum: 1.6]
      [Update RS (ms): Min: 0.1, Avg: 0.1, Max: 0.2, Diff: 0.1, Sum: 0.6]
         [Processed Buffers: Min: 1, Avg: 3.8, Max: 9, Diff: 8, Sum: 15]
      [Scan RS (ms): Min: 0.0, Avg: 0.0, Max: 0.0, Diff: 0.0, Sum: 0.0]
      [Code Root Scanning (ms): Min: 0.0, Avg: 0.0, Max: 0.0, Diff: 0.0, Sum: 0.0]
      [Object Copy (ms): Min: 0.8, Avg: 0.8, Max: 0.8, Diff: 0.1, Sum: 3.1]
      [Termination (ms): Min: 0.0, Avg: 0.0, Max: 0.0, Diff: 0.0, Sum: 0.0]
         [Termination Attempts: Min: 1, Avg: 1.0, Max: 1, Diff: 0, Sum: 4]
      [GC Worker Other (ms): Min: 0.0, Avg: 0.0, Max: 0.0, Diff: 0.0, Sum: 0.1]
      [GC Worker Total (ms): Min: 1.3, Avg: 1.3, Max: 1.4, Diff: 0.0, Sum: 5.4]
      [GC Worker End (ms): Min: 17524.6, Avg: 17524.6, Max: 17524.6, Diff: 0.0]
   [Code Root Fixup: 0.0 ms]
   [Code Root Purge: 0.0 ms]
   [Clear CT: 0.0 ms]
   [Other: 0.4 ms]
      [Choose CSet: 0.0 ms]
      [Ref Proc: 0.0 ms]
      [Ref Enq: 0.0 ms]
      [Redirty Cards: 0.0 ms]
      [Humongous Register: 0.0 ms]
      [Humongous Reclaim: 0.0 ms]
      [Free CSet: 0.0 ms]
   [Eden: 15.0M(15.0M)->0.0B(15.0M) Survivors: 3072.0K->3072.0K Heap: 359.0M(379.0M)->347.5M(379.0M)]
 [Times: user=0.00 sys=0.00, real=0.00 secs] 
2016-06-27T20:25:15.253+0300: 17.525: [GC concurrent-root-region-scan-start]
2016-06-27T20:25:15.253+0300: 17.525: Total time for which application threads were stopped: 0.0072868 seconds, Stopping threads took: 0.0049103 seconds
2016-06-27T20:25:15.253+0300: 17.525: [GC concurrent-root-region-scan-end, 0.0001959 secs]
2016-06-27T20:25:15.253+0300: 17.525: [GC concurrent-mark-start]
2016-06-27T20:25:15.270+0300: 17.542: [GC concurrent-mark-end, 0.0166653 secs]
2016-06-27T20:25:15.302+0300: 17.574: [GC remark 2016-06-27T20:25:15.302+0300: 17.575: [Finalize Marking, 0.0001274 secs] 2016-06-27T20:25:15.302+0300: 17.575: [GC ref-proc, 0.0000577 secs] 2016-06-27T20:25:15.303+0300: 17.575: [Unloading, 0.0007364 secs], 0.0025368 secs]
 [Times: user=0.00 sys=0.00, real=0.00 secs] 
2016-06-27T20:25:15.305+0300: 17.577: Total time for which application threads were stopped: 0.0033430 seconds, Stopping threads took: 0.0004430 seconds
2016-06-27T20:25:15.376+0300: 17.648: [GC pause (G1 Evacuation Pause) (young)
Desired survivor size 1572864 bytes, new threshold 1 (max 15)
- age   1:    2623336 bytes,    2623336 total
, 0.0017645 secs]
   [Parallel Time: 1.4 ms, GC Workers: 4]
      [GC Worker Start (ms): Min: 17648.2, Avg: 17648.2, Max: 17648.2, Diff: 0.0]
      [Ext Root Scanning (ms): Min: 0.4, Avg: 0.4, Max: 0.4, Diff: 0.0, Sum: 1.6]
      [Update RS (ms): Min: 0.1, Avg: 0.2, Max: 0.6, Diff: 0.4, Sum: 1.0]
         [Processed Buffers: Min: 1, Avg: 4.3, Max: 10, Diff: 9, Sum: 17]
      [Scan RS (ms): Min: 0.0, Avg: 0.0, Max: 0.0, Diff: 0.0, Sum: 0.0]
      [Code Root Scanning (ms): Min: 0.0, Avg: 0.0, Max: 0.0, Diff: 0.0, Sum: 0.0]
      [Object Copy (ms): Min: 0.3, Avg: 0.7, Max: 0.8, Diff: 0.4, Sum: 2.6]
      [Termination (ms): Min: 0.0, Avg: 0.0, Max: 0.0, Diff: 0.0, Sum: 0.0]
         [Termination Attempts: Min: 1, Avg: 1.0, Max: 1, Diff: 0, Sum: 4]
      [GC Worker Other (ms): Min: 0.0, Avg: 0.0, Max: 0.0, Diff: 0.0, Sum: 0.1]
      [GC Worker Total (ms): Min: 1.3, Avg: 1.3, Max: 1.3, Diff: 0.0, Sum: 5.3]
      [GC Worker End (ms): Min: 17649.5, Avg: 17649.5, Max: 17649.5, Diff: 0.0]
   [Code Root Fixup: 0.0 ms]
   [Code Root Purge: 0.0 ms]
   [Clear CT: 0.0 ms]
   [Other: 0.4 ms]
      [Choose CSet: 0.0 ms]
      [Ref Proc: 0.0 ms]
      [Ref Enq: 0.0 ms]
      [Redirty Cards: 0.0 ms]
      [Humongous Register: 0.0 ms]
      [Humongous Reclaim: 0.0 ms]
      [Free CSet: 0.0 ms]
   [Eden: 15.0M(15.0M)->0.0B(15.0M) Survivors: 3072.0K->3072.0K Heap: 362.5M(379.0M)->351.0M(379.0M)]
 [Times: user=0.00 sys=0.00, real=0.00 secs] 
2016-06-27T20:25:15.378+0300: 17.650: Total time for which application threads were stopped: 0.0062810 seconds, Stopping threads took: 0.0040178 seconds
2016-06-27T20:25:15.378+0300: 17.651: [GC cleanup 351M->351M(379M), 0.0003567 secs]
 [Times: user=0.00 sys=0.00, real=0.00 secs] 
2016-06-27T20:25:15.379+0300: 17.651: Total time for which application threads were stopped: 0.0007433 seconds, Stopping threads took: 0.0000684 seconds
2016-06-27T20:25:15.504+0300: 17.776: [GC pause (G1 Evacuation Pause) (young)
Desired survivor size 1572864 bytes, new threshold 1 (max 15)
- age   1:    2468632 bytes,    2468632 total
, 0.0017401 secs]
   [Parallel Time: 1.3 ms, GC Workers: 4]
      [GC Worker Start (ms): Min: 17775.7, Avg: 17775.7, Max: 17775.7, Diff: 0.0]
      [Ext Root Scanning (ms): Min: 0.4, Avg: 0.4, Max: 0.4, Diff: 0.0, Sum: 1.7]
      [Update RS (ms): Min: 0.1, Avg: 0.1, Max: 0.2, Diff: 0.1, Sum: 0.5]
         [Processed Buffers: Min: 1, Avg: 3.8, Max: 12, Diff: 11, Sum: 15]
      [Scan RS (ms): Min: 0.0, Avg: 0.0, Max: 0.0, Diff: 0.0, Sum: 0.0]
      [Code Root Scanning (ms): Min: 0.0, Avg: 0.0, Max: 0.0, Diff: 0.0, Sum: 0.0]
      [Object Copy (ms): Min: 0.7, Avg: 0.7, Max: 0.7, Diff: 0.0, Sum: 2.8]
      [Termination (ms): Min: 0.0, Avg: 0.0, Max: 0.0, Diff: 0.0, Sum: 0.0]
         [Termination Attempts: Min: 1, Avg: 1.0, Max: 1, Diff: 0, Sum: 4]
      [GC Worker Other (ms): Min: 0.0, Avg: 0.0, Max: 0.0, Diff: 0.0, Sum: 0.1]
      [GC Worker Total (ms): Min: 1.3, Avg: 1.3, Max: 1.3, Diff: 0.0, Sum: 5.1]
      [GC Worker End (ms): Min: 17777.0, Avg: 17777.0, Max: 17777.0, Diff: 0.0]
   [Code Root Fixup: 0.0 ms]
   [Code Root Purge: 0.0 ms]
   [Clear CT: 0.0 ms]
   [Other: 0.4 ms]
      [Choose CSet: 0.0 ms]
      [Ref Proc: 0.0 ms]
      [Ref Enq: 0.0 ms]
      [Redirty Cards: 0.0 ms]
      [Humongous Register: 0.0 ms]
      [Humongous Reclaim: 0.0 ms]
      [Free CSet: 0.0 ms]
   [Eden: 15.0M(15.0M)->0.0B(15.0M) Survivors: 3072.0K->3072.0K Heap: 366.0M(379.0M)->354.0M(379.0M)]
 [Times: user=0.06 sys=0.00, real=0.00 secs] 
2016-06-27T20:25:15.506+0300: 17.778: Total time for which application threads were stopped: 0.0038835 seconds, Stopping threads took: 0.0016123 seconds
2016-06-27T20:25:15.636+0300: 17.908: [GC pause (G1 Evacuation Pause) (mixed)
Desired survivor size 1572864 bytes, new threshold 1 (max 15)
- age   1:    2578456 bytes,    2578456 total
, 0.0031458 secs]
   [Parallel Time: 2.7 ms, GC Workers: 4]
      [GC Worker Start (ms): Min: 17907.7, Avg: 17907.8, Max: 17907.8, Diff: 0.0]
      [Ext Root Scanning (ms): Min: 0.4, Avg: 0.4, Max: 0.4, Diff: 0.1, Sum: 1.7]
      [Update RS (ms): Min: 0.1, Avg: 0.1, Max: 0.2, Diff: 0.1, Sum: 0.5]
         [Processed Buffers: Min: 1, Avg: 4.8, Max: 15, Diff: 14, Sum: 19]
      [Scan RS (ms): Min: 0.0, Avg: 0.0, Max: 0.1, Diff: 0.0, Sum: 0.2]
      [Code Root Scanning (ms): Min: 0.0, Avg: 0.0, Max: 0.0, Diff: 0.0, Sum: 0.0]
      [Object Copy (ms): Min: 2.0, Avg: 2.0, Max: 2.0, Diff: 0.0, Sum: 8.2]
      [Termination (ms): Min: 0.0, Avg: 0.0, Max: 0.0, Diff: 0.0, Sum: 0.0]
         [Termination Attempts: Min: 1, Avg: 1.0, Max: 1, Diff: 0, Sum: 4]
      [GC Worker Other (ms): Min: 0.0, Avg: 0.0, Max: 0.0, Diff: 0.0, Sum: 0.0]
      [GC Worker Total (ms): Min: 2.6, Avg: 2.6, Max: 2.6, Diff: 0.0, Sum: 10.6]
      [GC Worker End (ms): Min: 17910.4, Avg: 17910.4, Max: 17910.4, Diff: 0.0]
   [Code Root Fixup: 0.0 ms]
   [Code Root Purge: 0.0 ms]
   [Clear CT: 0.1 ms]
   [Other: 0.4 ms]
      [Choose CSet: 0.0 ms]
      [Ref Proc: 0.0 ms]
      [Ref Enq: 0.0 ms]
      [Redirty Cards: 0.0 ms]
      [Humongous Register: 0.0 ms]
      [Humongous Reclaim: 0.0 ms]
      [Free CSet: 0.0 ms]
   [Eden: 15.0M(15.0M)->0.0B(16.0M) Survivors: 3072.0K->3072.0K Heap: 369.0M(379.0M)->352.5M(383.0M)]
 [Times: user=0.00 sys=0.00, real=0.01 secs] 
2016-06-27T20:25:15.642+0300: 17.914: Total time for which application threads were stopped: 0.0088734 seconds, Stopping threads took: 0.0022815 seconds
2016-06-27T20:25:15.779+0300: 18.051: [GC pause (G1 Evacuation Pause) (young)
Desired survivor size 1572864 bytes, new threshold 1 (max 15)
- age   1:    2580104 bytes,    2580104 total
, 0.0019471 secs]
   [Parallel Time: 1.5 ms, GC Workers: 4]
      [GC Worker Start (ms): Min: 18051.4, Avg: 18051.4, Max: 18051.4, Diff: 0.0]
      [Ext Root Scanning (ms): Min: 0.3, Avg: 0.4, Max: 0.4, Diff: 0.1, Sum: 1.5]
      [Update RS (ms): Min: 0.3, Avg: 0.3, Max: 0.3, Diff: 0.0, Sum: 1.3]
         [Processed Buffers: Min: 1, Avg: 3.0, Max: 9, Diff: 8, Sum: 12]
      [Scan RS (ms): Min: 0.0, Avg: 0.0, Max: 0.0, Diff: 0.0, Sum: 0.0]
      [Code Root Scanning (ms): Min: 0.0, Avg: 0.0, Max: 0.0, Diff: 0.0, Sum: 0.0]
      [Object Copy (ms): Min: 0.7, Avg: 0.8, Max: 0.8, Diff: 0.1, Sum: 3.1]
      [Termination (ms): Min: 0.0, Avg: 0.0, Max: 0.0, Diff: 0.0, Sum: 0.0]
         [Termination Attempts: Min: 1, Avg: 1.0, Max: 1, Diff: 0, Sum: 4]
      [GC Worker Other (ms): Min: 0.0, Avg: 0.0, Max: 0.0, Diff: 0.0, Sum: 0.1]
      [GC Worker Total (ms): Min: 1.5, Avg: 1.5, Max: 1.5, Diff: 0.0, Sum: 6.0]
      [GC Worker End (ms): Min: 18052.9, Avg: 18052.9, Max: 18052.9, Diff: 0.0]
   [Code Root Fixup: 0.0 ms]
   [Code Root Purge: 0.0 ms]
   [Clear CT: 0.0 ms]
   [Other: 0.4 ms]
      [Choose CSet: 0.0 ms]
      [Ref Proc: 0.0 ms]
      [Ref Enq: 0.0 ms]
      [Redirty Cards: 0.0 ms]
      [Humongous Register: 0.0 ms]
      [Humongous Reclaim: 0.0 ms]
      [Free CSet: 0.0 ms]
   [Eden: 16.0M(16.0M)->0.0B(16.0M) Survivors: 3072.0K->3072.0K Heap: 368.5M(383.0M)->356.0M(383.0M)]
 [Times: user=0.00 sys=0.00, real=0.00 secs] 
2016-06-27T20:25:15.781+0300: 18.053: Total time for which application threads were stopped: 0.0049381 seconds, Stopping threads took: 0.0024355 seconds
2016-06-27T20:25:15.917+0300: 18.190: [GC pause (G1 Evacuation Pause) (young) (initial-mark)
Desired survivor size 1572864 bytes, new threshold 1 (max 15)
- age   1:    2701712 bytes,    2701712 total
, 0.0018817 secs]
   [Parallel Time: 1.4 ms, GC Workers: 4]
      [GC Worker Start (ms): Min: 18189.8, Avg: 18189.8, Max: 18189.8, Diff: 0.0]
      [Ext Root Scanning (ms): Min: 0.4, Avg: 0.4, Max: 0.5, Diff: 0.1, Sum: 1.7]
      [Update RS (ms): Min: 0.0, Avg: 0.1, Max: 0.2, Diff: 0.2, Sum: 0.6]
         [Processed Buffers: Min: 1, Avg: 3.3, Max: 7, Diff: 6, Sum: 13]
      [Scan RS (ms): Min: 0.0, Avg: 0.0, Max: 0.0, Diff: 0.0, Sum: 0.0]
      [Code Root Scanning (ms): Min: 0.0, Avg: 0.0, Max: 0.0, Diff: 0.0, Sum: 0.0]
      [Object Copy (ms): Min: 0.7, Avg: 0.8, Max: 0.9, Diff: 0.1, Sum: 3.2]
      [Termination (ms): Min: 0.0, Avg: 0.0, Max: 0.0, Diff: 0.0, Sum: 0.0]
         [Termination Attempts: Min: 1, Avg: 1.0, Max: 1, Diff: 0, Sum: 4]
      [GC Worker Other (ms): Min: 0.0, Avg: 0.0, Max: 0.0, Diff: 0.0, Sum: 0.1]
      [GC Worker Total (ms): Min: 1.4, Avg: 1.4, Max: 1.4, Diff: 0.0, Sum: 5.5]
      [GC Worker End (ms): Min: 18191.2, Avg: 18191.2, Max: 18191.2, Diff: 0.0]
   [Code Root Fixup: 0.0 ms]
   [Code Root Purge: 0.0 ms]
   [Clear CT: 0.0 ms]
   [Other: 0.4 ms]
      [Choose CSet: 0.0 ms]
      [Ref Proc: 0.0 ms]
      [Ref Enq: 0.0 ms]
      [Redirty Cards: 0.0 ms]
      [Humongous Register: 0.0 ms]
      [Humongous Reclaim: 0.0 ms]
      [Free CSet: 0.0 ms]
   [Eden: 16.0M(16.0M)->0.0B(16.0M) Survivors: 3072.0K->3072.0K Heap: 372.0M(383.0M)->359.5M(383.0M)]
 [Times: user=0.00 sys=0.00, real=0.00 secs] 
2016-06-27T20:25:15.920+0300: 18.192: [GC concurrent-root-region-scan-start]
2016-06-27T20:25:15.920+0300: 18.192: Total time for which application threads were stopped: 0.0029170 seconds, Stopping threads took: 0.0005273 seconds
2016-06-27T20:25:15.920+0300: 18.192: [GC concurrent-root-region-scan-end, 0.0001933 secs]
2016-06-27T20:25:15.920+0300: 18.192: [GC concurrent-mark-start]
2016-06-27T20:25:15.938+0300: 18.210: [GC concurrent-mark-end, 0.0160208 secs]
2016-06-27T20:25:15.968+0300: 18.240: [GC remark 2016-06-27T20:25:15.968+0300: 18.241: [Finalize Marking, 0.0001557 secs] 2016-06-27T20:25:15.969+0300: 18.241: [GC ref-proc, 0.0000573 secs] 2016-06-27T20:25:15.969+0300: 18.241: [Unloading, 0.0007048 secs], 0.0025877 secs]
 [Times: user=0.00 sys=0.00, real=0.00 secs] 
2016-06-27T20:25:15.971+0300: 18.243: Total time for which application threads were stopped: 0.0034289 seconds, Stopping threads took: 0.0005209 seconds
2016-06-27T20:25:15.973+0300: 18.245: [GC cleanup 366M->366M(383M), 0.0003550 secs]
 [Times: user=0.01 sys=0.02, real=0.00 secs] 
2016-06-27T20:25:15.973+0300: 18.245: Total time for which application threads were stopped: 0.0007625 seconds, Stopping threads took: 0.0000577 seconds
2016-06-27T20:25:16.049+0300: 18.322: [GC pause (G1 Evacuation Pause) (young)
Desired survivor size 1572864 bytes, new threshold 1 (max 15)
- age   1:    2706600 bytes,    2706600 total
, 0.0018996 secs]
   [Parallel Time: 1.5 ms, GC Workers: 4]
      [GC Worker Start (ms): Min: 18321.8, Avg: 18321.8, Max: 18321.8, Diff: 0.0]
      [Ext Root Scanning (ms): Min: 0.4, Avg: 0.5, Max: 0.5, Diff: 0.1, Sum: 1.9]
      [Update RS (ms): Min: 0.1, Avg: 0.1, Max: 0.2, Diff: 0.1, Sum: 0.6]
         [Processed Buffers: Min: 1, Avg: 4.0, Max: 10, Diff: 9, Sum: 16]
      [Scan RS (ms): Min: 0.0, Avg: 0.0, Max: 0.0, Diff: 0.0, Sum: 0.0]
      [Code Root Scanning (ms): Min: 0.0, Avg: 0.0, Max: 0.0, Diff: 0.0, Sum: 0.0]
      [Object Copy (ms): Min: 0.8, Avg: 0.8, Max: 0.8, Diff: 0.0, Sum: 3.1]
      [Termination (ms): Min: 0.0, Avg: 0.0, Max: 0.0, Diff: 0.0, Sum: 0.0]
         [Termination Attempts: Min: 1, Avg: 1.0, Max: 1, Diff: 0, Sum: 4]
      [GC Worker Other (ms): Min: 0.0, Avg: 0.0, Max: 0.0, Diff: 0.0, Sum: 0.1]
      [GC Worker Total (ms): Min: 1.4, Avg: 1.4, Max: 1.4, Diff: 0.0, Sum: 5.7]
      [GC Worker End (ms): Min: 18323.2, Avg: 18323.2, Max: 18323.2, Diff: 0.0]
   [Code Root Fixup: 0.0 ms]
   [Code Root Purge: 0.0 ms]
   [Clear CT: 0.1 ms]
   [Other: 0.4 ms]
      [Choose CSet: 0.0 ms]
      [Ref Proc: 0.0 ms]
      [Ref Enq: 0.0 ms]
      [Redirty Cards: 0.0 ms]
      [Humongous Register: 0.0 ms]
      [Humongous Reclaim: 0.0 ms]
      [Free CSet: 0.0 ms]
   [Eden: 16.0M(16.0M)->0.0B(16.0M) Survivors: 3072.0K->3072.0K Heap: 375.5M(383.0M)->363.5M(383.0M)]
 [Times: user=0.02 sys=0.00, real=0.00 secs] 
2016-06-27T20:25:16.052+0300: 18.324: Total time for which application threads were stopped: 0.0049595 seconds, Stopping threads took: 0.0025219 seconds
2016-06-27T20:25:16.186+0300: 18.458: [GC pause (G1 Evacuation Pause) (mixed)
Desired survivor size 1572864 bytes, new threshold 1 (max 15)
- age   1:    2659736 bytes,    2659736 total
, 0.0032865 secs]
   [Parallel Time: 2.8 ms, GC Workers: 4]
      [GC Worker Start (ms): Min: 18458.4, Avg: 18458.4, Max: 18458.4, Diff: 0.0]
      [Ext Root Scanning (ms): Min: 0.5, Avg: 0.5, Max: 0.5, Diff: 0.0, Sum: 1.9]
      [Update RS (ms): Min: 0.0, Avg: 0.1, Max: 0.3, Diff: 0.2, Sum: 0.5]
         [Processed Buffers: Min: 2, Avg: 4.0, Max: 9, Diff: 7, Sum: 16]
      [Scan RS (ms): Min: 0.0, Avg: 0.0, Max: 0.0, Diff: 0.0, Sum: 0.1]
      [Code Root Scanning (ms): Min: 0.0, Avg: 0.0, Max: 0.0, Diff: 0.0, Sum: 0.0]
      [Object Copy (ms): Min: 2.0, Avg: 2.1, Max: 2.2, Diff: 0.2, Sum: 8.5]
      [Termination (ms): Min: 0.0, Avg: 0.0, Max: 0.0, Diff: 0.0, Sum: 0.0]
         [Termination Attempts: Min: 1, Avg: 1.0, Max: 1, Diff: 0, Sum: 4]
      [GC Worker Other (ms): Min: 0.0, Avg: 0.0, Max: 0.0, Diff: 0.0, Sum: 0.0]
      [GC Worker Total (ms): Min: 2.8, Avg: 2.8, Max: 2.8, Diff: 0.0, Sum: 11.1]
      [GC Worker End (ms): Min: 18461.2, Avg: 18461.2, Max: 18461.2, Diff: 0.0]
   [Code Root Fixup: 0.0 ms]
   [Code Root Purge: 0.0 ms]
   [Clear CT: 0.1 ms]
   [Other: 0.4 ms]
      [Choose CSet: 0.0 ms]
      [Ref Proc: 0.0 ms]
      [Ref Enq: 0.0 ms]
      [Redirty Cards: 0.0 ms]
      [Humongous Register: 0.0 ms]
      [Humongous Reclaim: 0.0 ms]
      [Free CSet: 0.0 ms]
   [Eden: 16.0M(16.0M)->0.0B(16.0M) Survivors: 3072.0K->3072.0K Heap: 379.5M(383.0M)->364.0M(392.0M)]
 [Times: user=0.00 sys=0.00, real=0.00 secs] 
2016-06-27T20:25:16.190+0300: 18.462: Total time for which application threads were stopped: 0.0042834 seconds, Stopping threads took: 0.0004764 seconds
2016-06-27T20:25:16.327+0300: 18.599: [GC pause (G1 Evacuation Pause) (young)
Desired survivor size 1572864 bytes, new threshold 1 (max 15)
- age   1:    2547536 bytes,    2547536 total
, 0.0019167 secs]
   [Parallel Time: 1.5 ms, GC Workers: 4]
      [GC Worker Start (ms): Min: 18599.4, Avg: 18599.4, Max: 18599.4, Diff: 0.0]
      [Ext Root Scanning (ms): Min: 0.4, Avg: 0.4, Max: 0.5, Diff: 0.1, Sum: 1.8]
      [Update RS (ms): Min: 0.2, Avg: 0.3, Max: 0.3, Diff: 0.1, Sum: 1.1]
         [Processed Buffers: Min: 1, Avg: 4.0, Max: 7, Diff: 6, Sum: 16]
      [Scan RS (ms): Min: 0.0, Avg: 0.0, Max: 0.0, Diff: 0.0, Sum: 0.0]
      [Code Root Scanning (ms): Min: 0.0, Avg: 0.0, Max: 0.0, Diff: 0.0, Sum: 0.0]
      [Object Copy (ms): Min: 0.7, Avg: 0.8, Max: 0.8, Diff: 0.0, Sum: 3.0]
      [Termination (ms): Min: 0.0, Avg: 0.0, Max: 0.0, Diff: 0.0, Sum: 0.0]
         [Termination Attempts: Min: 1, Avg: 1.0, Max: 1, Diff: 0, Sum: 4]
      [GC Worker Other (ms): Min: 0.0, Avg: 0.0, Max: 0.0, Diff: 0.0, Sum: 0.1]
      [GC Worker Total (ms): Min: 1.5, Avg: 1.5, Max: 1.5, Diff: 0.0, Sum: 5.9]
      [GC Worker End (ms): Min: 18600.9, Avg: 18600.9, Max: 18600.9, Diff: 0.0]
   [Code Root Fixup: 0.0 ms]
   [Code Root Purge: 0.0 ms]
   [Clear CT: 0.0 ms]
   [Other: 0.4 ms]
      [Choose CSet: 0.0 ms]
      [Ref Proc: 0.0 ms]
      [Ref Enq: 0.0 ms]
      [Redirty Cards: 0.0 ms]
      [Humongous Register: 0.0 ms]
      [Humongous Reclaim: 0.0 ms]
      [Free CSet: 0.0 ms]
   [Eden: 16.0M(16.0M)->0.0B(16.0M) Survivors: 3072.0K->3072.0K Heap: 380.0M(392.0M)->368.0M(392.0M)]
 [Times: user=0.00 sys=0.00, real=0.00 secs] 
2016-06-27T20:25:16.330+0300: 18.601: Total time for which application threads were stopped: 0.0066188 seconds, Stopping threads took: 0.0041453 seconds
2016-06-27T20:25:16.459+0300: 18.731: [GC pause (G1 Evacuation Pause) (young) (initial-mark)
Desired survivor size 1572864 bytes, new threshold 1 (max 15)
- age   1:    2771144 bytes,    2771144 total
, 0.0019946 secs]
   [Parallel Time: 1.5 ms, GC Workers: 4]
      [GC Worker Start (ms): Min: 18731.5, Avg: 18731.5, Max: 18731.5, Diff: 0.0]
      [Ext Root Scanning (ms): Min: 0.4, Avg: 0.4, Max: 0.5, Diff: 0.1, Sum: 1.7]
      [Update RS (ms): Min: 0.1, Avg: 0.2, Max: 0.2, Diff: 0.0, Sum: 0.6]
         [Processed Buffers: Min: 1, Avg: 5.0, Max: 11, Diff: 10, Sum: 20]
      [Scan RS (ms): Min: 0.0, Avg: 0.0, Max: 0.0, Diff: 0.0, Sum: 0.0]
      [Code Root Scanning (ms): Min: 0.0, Avg: 0.0, Max: 0.0, Diff: 0.0, Sum: 0.0]
      [Object Copy (ms): Min: 0.7, Avg: 0.8, Max: 0.9, Diff: 0.1, Sum: 3.3]
      [Termination (ms): Min: 0.0, Avg: 0.0, Max: 0.0, Diff: 0.0, Sum: 0.0]
         [Termination Attempts: Min: 1, Avg: 1.0, Max: 1, Diff: 0, Sum: 4]
      [GC Worker Other (ms): Min: 0.0, Avg: 0.0, Max: 0.0, Diff: 0.0, Sum: 0.1]
      [GC Worker Total (ms): Min: 1.4, Avg: 1.4, Max: 1.4, Diff: 0.0, Sum: 5.7]
      [GC Worker End (ms): Min: 18732.9, Avg: 18732.9, Max: 18732.9, Diff: 0.0]
   [Code Root Fixup: 0.0 ms]
   [Code Root Purge: 0.0 ms]
   [Clear CT: 0.1 ms]
   [Other: 0.5 ms]
      [Choose CSet: 0.0 ms]
      [Ref Proc: 0.1 ms]
      [Ref Enq: 0.0 ms]
      [Redirty Cards: 0.1 ms]
      [Humongous Register: 0.0 ms]
      [Humongous Reclaim: 0.0 ms]
      [Free CSet: 0.0 ms]
   [Eden: 16.0M(16.0M)->0.0B(16.0M) Survivors: 3072.0K->3072.0K Heap: 384.0M(392.0M)->372.0M(392.0M)]
 [Times: user=0.00 sys=0.00, real=0.00 secs] 
2016-06-27T20:25:16.461+0300: 18.734: [GC concurrent-root-region-scan-start]
2016-06-27T20:25:16.461+0300: 18.734: Total time for which application threads were stopped: 0.0033276 seconds, Stopping threads took: 0.0007877 seconds
2016-06-27T20:25:16.462+0300: 18.734: [GC concurrent-root-region-scan-end, 0.0002023 secs]
2016-06-27T20:25:16.462+0300: 18.734: [GC concurrent-mark-start]
2016-06-27T20:25:16.482+0300: 18.754: [GC concurrent-mark-end, 0.0193467 secs]
2016-06-27T20:25:16.505+0300: 18.777: [GC remark 2016-06-27T20:25:16.505+0300: 18.777: [Finalize Marking, 0.0001428 secs] 2016-06-27T20:25:16.505+0300: 18.778: [GC ref-proc, 0.0000577 secs] 2016-06-27T20:25:16.506+0300: 18.778: [Unloading, 0.0007454 secs], 0.0026716 secs]
 [Times: user=0.00 sys=0.00, real=0.00 secs] 
2016-06-27T20:25:16.508+0300: 18.780: Total time for which application threads were stopped: 0.0035187 seconds, Stopping threads took: 0.0004499 seconds
2016-06-27T20:25:16.511+0300: 18.783: [GC cleanup 378M->378M(392M), 0.0003772 secs]
 [Times: user=0.00 sys=0.00, real=0.00 secs] 
2016-06-27T20:25:16.511+0300: 18.783: Total time for which application threads were stopped: 0.0008245 seconds, Stopping threads took: 0.0000689 seconds
2016-06-27T20:25:16.596+0300: 18.868: [GC pause (G1 Evacuation Pause) (young)
Desired survivor size 1572864 bytes, new threshold 1 (max 15)
- age   1:    2576376 bytes,    2576376 total
, 0.0019617 secs]
   [Parallel Time: 1.5 ms, GC Workers: 4]
      [GC Worker Start (ms): Min: 18868.0, Avg: 18868.0, Max: 18868.0, Diff: 0.0]
      [Ext Root Scanning (ms): Min: 0.4, Avg: 0.5, Max: 0.5, Diff: 0.1, Sum: 1.8]
      [Update RS (ms): Min: 0.1, Avg: 0.2, Max: 0.2, Diff: 0.1, Sum: 0.7]
         [Processed Buffers: Min: 1, Avg: 3.8, Max: 9, Diff: 8, Sum: 15]
      [Scan RS (ms): Min: 0.0, Avg: 0.0, Max: 0.0, Diff: 0.0, Sum: 0.0]
      [Code Root Scanning (ms): Min: 0.0, Avg: 0.0, Max: 0.0, Diff: 0.0, Sum: 0.0]
      [Object Copy (ms): Min: 0.8, Avg: 0.9, Max: 0.9, Diff: 0.1, Sum: 3.4]
      [Termination (ms): Min: 0.0, Avg: 0.0, Max: 0.0, Diff: 0.0, Sum: 0.0]
         [Termination Attempts: Min: 1, Avg: 1.0, Max: 1, Diff: 0, Sum: 4]
      [GC Worker Other (ms): Min: 0.0, Avg: 0.0, Max: 0.0, Diff: 0.0, Sum: 0.0]
      [GC Worker Total (ms): Min: 1.5, Avg: 1.5, Max: 1.5, Diff: 0.0, Sum: 6.0]
      [GC Worker End (ms): Min: 18869.5, Avg: 18869.5, Max: 18869.5, Diff: 0.0]
   [Code Root Fixup: 0.0 ms]
   [Code Root Purge: 0.0 ms]
   [Clear CT: 0.0 ms]
   [Other: 0.4 ms]
      [Choose CSet: 0.0 ms]
      [Ref Proc: 0.0 ms]
      [Ref Enq: 0.0 ms]
      [Redirty Cards: 0.0 ms]
      [Humongous Register: 0.0 ms]
      [Humongous Reclaim: 0.0 ms]
      [Free CSet: 0.0 ms]
   [Eden: 16.0M(16.0M)->0.0B(16.0M) Survivors: 3072.0K->3072.0K Heap: 388.0M(392.0M)->375.5M(395.0M)]
 [Times: user=0.00 sys=0.00, real=0.00 secs] 
2016-06-27T20:25:16.598+0300: 18.870: Total time for which application threads were stopped: 0.0049625 seconds, Stopping threads took: 0.0024919 seconds
2016-06-27T20:25:16.735+0300: 19.007: [GC pause (G1 Evacuation Pause) (mixed)
Desired survivor size 1572864 bytes, new threshold 1 (max 15)
- age   1:    2669304 bytes,    2669304 total
, 0.0028602 secs]
   [Parallel Time: 2.4 ms, GC Workers: 4]
      [GC Worker Start (ms): Min: 19007.1, Avg: 19007.1, Max: 19007.2, Diff: 0.0]
      [Ext Root Scanning (ms): Min: 0.4, Avg: 0.5, Max: 0.5, Diff: 0.1, Sum: 1.9]
      [Update RS (ms): Min: 0.1, Avg: 0.2, Max: 0.2, Diff: 0.1, Sum: 0.6]
         [Processed Buffers: Min: 1, Avg: 3.5, Max: 11, Diff: 10, Sum: 14]
      [Scan RS (ms): Min: 0.0, Avg: 0.0, Max: 0.0, Diff: 0.0, Sum: 0.1]
      [Code Root Scanning (ms): Min: 0.0, Avg: 0.0, Max: 0.0, Diff: 0.0, Sum: 0.0]
      [Object Copy (ms): Min: 1.7, Avg: 1.7, Max: 1.8, Diff: 0.1, Sum: 6.9]
      [Termination (ms): Min: 0.0, Avg: 0.0, Max: 0.0, Diff: 0.0, Sum: 0.1]
         [Termination Attempts: Min: 1, Avg: 1.0, Max: 1, Diff: 0, Sum: 4]
      [GC Worker Other (ms): Min: 0.0, Avg: 0.0, Max: 0.0, Diff: 0.0, Sum: 0.0]
      [GC Worker Total (ms): Min: 2.4, Avg: 2.4, Max: 2.4, Diff: 0.0, Sum: 9.6]
      [GC Worker End (ms): Min: 19009.5, Avg: 19009.5, Max: 19009.5, Diff: 0.0]
   [Code Root Fixup: 0.0 ms]
   [Code Root Purge: 0.0 ms]
   [Clear CT: 0.0 ms]
   [Other: 0.4 ms]
      [Choose CSet: 0.0 ms]
      [Ref Proc: 0.0 ms]
      [Ref Enq: 0.0 ms]
      [Redirty Cards: 0.0 ms]
      [Humongous Register: 0.0 ms]
      [Humongous Reclaim: 0.0 ms]
      [Free CSet: 0.0 ms]
   [Eden: 16.0M(16.0M)->0.0B(17.0M) Survivors: 3072.0K->3072.0K Heap: 391.5M(395.0M)->375.5M(403.0M)]
 [Times: user=0.00 sys=0.00, real=0.00 secs] 
2016-06-27T20:25:16.738+0300: 19.010: Total time for which application threads were stopped: 0.0044326 seconds, Stopping threads took: 0.0010832 seconds
2016-06-27T20:25:16.882+0300: 19.154: [GC pause (G1 Evacuation Pause) (young)
Desired survivor size 1572864 bytes, new threshold 1 (max 15)
- age   1:    2677872 bytes,    2677872 total
, 0.0020326 secs]
   [Parallel Time: 1.6 ms, GC Workers: 4]
      [GC Worker Start (ms): Min: 19154.1, Avg: 19154.1, Max: 19154.1, Diff: 0.0]
      [Ext Root Scanning (ms): Min: 0.4, Avg: 0.4, Max: 0.5, Diff: 0.1, Sum: 1.7]
      [Update RS (ms): Min: 0.2, Avg: 0.3, Max: 0.4, Diff: 0.2, Sum: 1.2]
         [Processed Buffers: Min: 1, Avg: 4.0, Max: 11, Diff: 10, Sum: 16]
      [Scan RS (ms): Min: 0.0, Avg: 0.0, Max: 0.0, Diff: 0.0, Sum: 0.0]
      [Code Root Scanning (ms): Min: 0.0, Avg: 0.0, Max: 0.0, Diff: 0.0, Sum: 0.0]
      [Object Copy (ms): Min: 0.6, Avg: 0.8, Max: 0.8, Diff: 0.2, Sum: 3.0]
      [Termination (ms): Min: 0.0, Avg: 0.0, Max: 0.0, Diff: 0.0, Sum: 0.0]
         [Termination Attempts: Min: 1, Avg: 1.0, Max: 1, Diff: 0, Sum: 4]
      [GC Worker Other (ms): Min: 0.0, Avg: 0.0, Max: 0.0, Diff: 0.0, Sum: 0.0]
      [GC Worker Total (ms): Min: 1.5, Avg: 1.5, Max: 1.5, Diff: 0.0, Sum: 6.1]
      [GC Worker End (ms): Min: 19155.6, Avg: 19155.6, Max: 19155.6, Diff: 0.0]
   [Code Root Fixup: 0.0 ms]
   [Code Root Purge: 0.0 ms]
   [Clear CT: 0.0 ms]
   [Other: 0.4 ms]
      [Choose CSet: 0.0 ms]
      [Ref Proc: 0.1 ms]
      [Ref Enq: 0.0 ms]
      [Redirty Cards: 0.0 ms]
      [Humongous Register: 0.0 ms]
      [Humongous Reclaim: 0.0 ms]
      [Free CSet: 0.0 ms]
   [Eden: 17.0M(17.0M)->0.0B(17.0M) Survivors: 3072.0K->3072.0K Heap: 392.5M(403.0M)->379.0M(403.0M)]
 [Times: user=0.00 sys=0.00, real=0.00 secs] 
2016-06-27T20:25:16.884+0300: 19.156: Total time for which application threads were stopped: 0.0032942 seconds, Stopping threads took: 0.0007445 seconds
2016-06-27T20:25:17.026+0300: 19.298: [GC pause (G1 Evacuation Pause) (young) (initial-mark)
Desired survivor size 1572864 bytes, new threshold 1 (max 15)
- age   1:    2645248 bytes,    2645248 total
, 0.0021674 secs]
   [Parallel Time: 1.7 ms, GC Workers: 4]
      [GC Worker Start (ms): Min: 19298.3, Avg: 19298.4, Max: 19298.4, Diff: 0.1]
      [Ext Root Scanning (ms): Min: 0.3, Avg: 0.5, Max: 0.5, Diff: 0.2, Sum: 1.8]
      [Update RS (ms): Min: 0.1, Avg: 0.2, Max: 0.3, Diff: 0.2, Sum: 0.8]
         [Processed Buffers: Min: 1, Avg: 5.0, Max: 11, Diff: 10, Sum: 20]
      [Scan RS (ms): Min: 0.0, Avg: 0.0, Max: 0.0, Diff: 0.0, Sum: 0.0]
      [Code Root Scanning (ms): Min: 0.0, Avg: 0.0, Max: 0.0, Diff: 0.0, Sum: 0.0]
      [Object Copy (ms): Min: 0.7, Avg: 0.8, Max: 0.9, Diff: 0.2, Sum: 3.3]
      [Termination (ms): Min: 0.0, Avg: 0.0, Max: 0.0, Diff: 0.0, Sum: 0.0]
         [Termination Attempts: Min: 1, Avg: 1.0, Max: 1, Diff: 0, Sum: 4]
      [GC Worker Other (ms): Min: 0.0, Avg: 0.0, Max: 0.0, Diff: 0.0, Sum: 0.1]
      [GC Worker Total (ms): Min: 1.5, Avg: 1.5, Max: 1.6, Diff: 0.1, Sum: 6.1]
      [GC Worker End (ms): Min: 19299.9, Avg: 19299.9, Max: 19299.9, Diff: 0.0]
   [Code Root Fixup: 0.0 ms]
   [Code Root Purge: 0.0 ms]
   [Clear CT: 0.1 ms]
   [Other: 0.4 ms]
      [Choose CSet: 0.0 ms]
      [Ref Proc: 0.0 ms]
      [Ref Enq: 0.0 ms]
      [Redirty Cards: 0.1 ms]
      [Humongous Register: 0.0 ms]
      [Humongous Reclaim: 0.0 ms]
      [Free CSet: 0.0 ms]
   [Eden: 17.0M(17.0M)->0.0B(17.0M) Survivors: 3072.0K->3072.0K Heap: 396.0M(403.0M)->382.5M(403.0M)]
 [Times: user=0.00 sys=0.00, real=0.00 secs] 
2016-06-27T20:25:17.029+0300: 19.301: [GC concurrent-root-region-scan-start]
2016-06-27T20:25:17.029+0300: 19.301: Total time for which application threads were stopped: 0.0039289 seconds, Stopping threads took: 0.0012128 seconds
2016-06-27T20:25:17.029+0300: 19.301: [GC concurrent-root-region-scan-end, 0.0002566 secs]
2016-06-27T20:25:17.029+0300: 19.301: [GC concurrent-mark-start]
2016-06-27T20:25:17.052+0300: 19.323: [GC concurrent-mark-end, 0.0223047 secs]
2016-06-27T20:25:17.086+0300: 19.358: [GC remark 2016-06-27T20:25:17.086+0300: 19.358: [Finalize Marking, 0.0001428 secs] 2016-06-27T20:25:17.087+0300: 19.359: [GC ref-proc, 0.0000526 secs] 2016-06-27T20:25:17.087+0300: 19.359: [Unloading, 0.0007009 secs], 0.0026882 secs]
 [Times: user=0.00 sys=0.00, real=0.00 secs] 
2016-06-27T20:25:17.089+0300: 19.361: Total time for which application threads were stopped: 0.0055967 seconds, Stopping threads took: 0.0025428 seconds
2016-06-27T20:25:17.090+0300: 19.362: [GC cleanup 389M->389M(403M), 0.0004097 secs]
 [Times: user=0.00 sys=0.00, real=0.00 secs] 
2016-06-27T20:25:17.091+0300: 19.363: Total time for which application threads were stopped: 0.0008433 seconds, Stopping threads took: 0.0000556 seconds
2016-06-27T20:25:17.176+0300: 19.448: [GC pause (G1 Evacuation Pause) (young)
Desired survivor size 1572864 bytes, new threshold 1 (max 15)
- age   1:    2678312 bytes,    2678312 total
, 0.0020309 secs]
   [Parallel Time: 1.6 ms, GC Workers: 4]
      [GC Worker Start (ms): Min: 19447.9, Avg: 19447.9, Max: 19447.9, Diff: 0.0]
      [Ext Root Scanning (ms): Min: 0.4, Avg: 0.4, Max: 0.4, Diff: 0.0, Sum: 1.7]
      [Update RS (ms): Min: 0.2, Avg: 0.2, Max: 0.2, Diff: 0.1, Sum: 0.8]
         [Processed Buffers: Min: 1, Avg: 5.0, Max: 9, Diff: 8, Sum: 20]
      [Scan RS (ms): Min: 0.0, Avg: 0.0, Max: 0.0, Diff: 0.0, Sum: 0.0]
      [Code Root Scanning (ms): Min: 0.0, Avg: 0.0, Max: 0.0, Diff: 0.0, Sum: 0.0]
      [Object Copy (ms): Min: 0.9, Avg: 0.9, Max: 1.0, Diff: 0.0, Sum: 3.8]
      [Termination (ms): Min: 0.0, Avg: 0.0, Max: 0.0, Diff: 0.0, Sum: 0.1]
         [Termination Attempts: Min: 1, Avg: 1.0, Max: 1, Diff: 0, Sum: 4]
      [GC Worker Other (ms): Min: 0.0, Avg: 0.0, Max: 0.0, Diff: 0.0, Sum: 0.0]
      [GC Worker Total (ms): Min: 1.6, Avg: 1.6, Max: 1.6, Diff: 0.0, Sum: 6.4]
      [GC Worker End (ms): Min: 19449.5, Avg: 19449.5, Max: 19449.5, Diff: 0.0]
   [Code Root Fixup: 0.0 ms]
   [Code Root Purge: 0.0 ms]
   [Clear CT: 0.0 ms]
   [Other: 0.4 ms]
      [Choose CSet: 0.0 ms]
      [Ref Proc: 0.0 ms]
      [Ref Enq: 0.0 ms]
      [Redirty Cards: 0.0 ms]
      [Humongous Register: 0.0 ms]
      [Humongous Reclaim: 0.0 ms]
      [Free CSet: 0.0 ms]
   [Eden: 17.0M(17.0M)->0.0B(17.0M) Survivors: 3072.0K->3072.0K Heap: 399.5M(403.0M)->387.0M(407.0M)]
 [Times: user=0.06 sys=0.00, real=0.00 secs] 
2016-06-27T20:25:17.178+0300: 19.450: Total time for which application threads were stopped: 0.0052982 seconds, Stopping threads took: 0.0027802 seconds
2016-06-27T20:25:17.328+0300: 19.601: [GC pause (G1 Evacuation Pause) (mixed)
Desired survivor size 1572864 bytes, new threshold 1 (max 15)
- age   1:    2364328 bytes,    2364328 total
, 0.0034764 secs]
   [Parallel Time: 3.0 ms, GC Workers: 4]
      [GC Worker Start (ms): Min: 19600.7, Avg: 19600.7, Max: 19600.8, Diff: 0.0]
      [Ext Root Scanning (ms): Min: 0.4, Avg: 0.4, Max: 0.4, Diff: 0.0, Sum: 1.6]
      [Update RS (ms): Min: 0.1, Avg: 0.2, Max: 0.4, Diff: 0.3, Sum: 1.0]
         [Processed Buffers: Min: 1, Avg: 4.5, Max: 8, Diff: 7, Sum: 18]
      [Scan RS (ms): Min: 0.0, Avg: 0.1, Max: 0.1, Diff: 0.1, Sum: 0.3]
      [Code Root Scanning (ms): Min: 0.0, Avg: 0.0, Max: 0.0, Diff: 0.0, Sum: 0.0]
      [Object Copy (ms): Min: 2.2, Avg: 2.3, Max: 2.4, Diff: 0.2, Sum: 9.1]
      [Termination (ms): Min: 0.0, Avg: 0.0, Max: 0.0, Diff: 0.0, Sum: 0.0]
         [Termination Attempts: Min: 1, Avg: 1.0, Max: 1, Diff: 0, Sum: 4]
      [GC Worker Other (ms): Min: 0.0, Avg: 0.0, Max: 0.0, Diff: 0.0, Sum: 0.1]
      [GC Worker Total (ms): Min: 3.0, Avg: 3.0, Max: 3.0, Diff: 0.0, Sum: 12.0]
      [GC Worker End (ms): Min: 19603.8, Avg: 19603.8, Max: 19603.8, Diff: 0.0]
   [Code Root Fixup: 0.0 ms]
   [Code Root Purge: 0.0 ms]
   [Clear CT: 0.0 ms]
   [Other: 0.4 ms]
      [Choose CSet: 0.0 ms]
      [Ref Proc: 0.0 ms]
      [Ref Enq: 0.0 ms]
      [Redirty Cards: 0.0 ms]
      [Humongous Register: 0.0 ms]
      [Humongous Reclaim: 0.0 ms]
      [Free CSet: 0.0 ms]
   [Eden: 17.0M(17.0M)->0.0B(17.0M) Survivors: 3072.0K->3072.0K Heap: 404.0M(407.0M)->386.0M(417.0M)]
 [Times: user=0.00 sys=0.00, real=0.00 secs] 
2016-06-27T20:25:17.332+0300: 19.604: Total time for which application threads were stopped: 0.0074840 seconds, Stopping threads took: 0.0034730 seconds
2016-06-27T20:25:17.476+0300: 19.748: [GC pause (G1 Evacuation Pause) (young)
Desired survivor size 1572864 bytes, new threshold 1 (max 15)
- age   1:    2438240 bytes,    2438240 total
, 0.0020677 secs]
   [Parallel Time: 1.6 ms, GC Workers: 4]
      [GC Worker Start (ms): Min: 19748.1, Avg: 19748.1, Max: 19748.1, Diff: 0.0]
      [Ext Root Scanning (ms): Min: 0.4, Avg: 0.4, Max: 0.4, Diff: 0.0, Sum: 1.6]
      [Update RS (ms): Min: 0.4, Avg: 0.5, Max: 0.6, Diff: 0.2, Sum: 1.8]
         [Processed Buffers: Min: 1, Avg: 3.8, Max: 8, Diff: 7, Sum: 15]
      [Scan RS (ms): Min: 0.0, Avg: 0.0, Max: 0.0, Diff: 0.0, Sum: 0.0]
      [Code Root Scanning (ms): Min: 0.0, Avg: 0.0, Max: 0.0, Diff: 0.0, Sum: 0.0]
      [Object Copy (ms): Min: 0.6, Avg: 0.7, Max: 0.8, Diff: 0.2, Sum: 2.8]
      [Termination (ms): Min: 0.0, Avg: 0.0, Max: 0.0, Diff: 0.0, Sum: 0.0]
         [Termination Attempts: Min: 1, Avg: 1.0, Max: 1, Diff: 0, Sum: 4]
      [GC Worker Other (ms): Min: 0.0, Avg: 0.0, Max: 0.0, Diff: 0.0, Sum: 0.1]
      [GC Worker Total (ms): Min: 1.6, Avg: 1.6, Max: 1.6, Diff: 0.0, Sum: 6.4]
      [GC Worker End (ms): Min: 19749.7, Avg: 19749.7, Max: 19749.7, Diff: 0.0]
   [Code Root Fixup: 0.0 ms]
   [Code Root Purge: 0.0 ms]
   [Clear CT: 0.0 ms]
   [Other: 0.4 ms]
      [Choose CSet: 0.0 ms]
      [Ref Proc: 0.1 ms]
      [Ref Enq: 0.0 ms]
      [Redirty Cards: 0.0 ms]
      [Humongous Register: 0.0 ms]
      [Humongous Reclaim: 0.0 ms]
      [Free CSet: 0.0 ms]
   [Eden: 17.0M(17.0M)->0.0B(17.0M) Survivors: 3072.0K->3072.0K Heap: 403.0M(417.0M)->389.5M(417.0M)]
 [Times: user=0.00 sys=0.00, real=0.00 secs] 
2016-06-27T20:25:17.478+0300: 19.750: Total time for which application threads were stopped: 0.0034392 seconds, Stopping threads took: 0.0006761 seconds
2016-06-27T20:25:17.628+0300: 19.900: [GC pause (G1 Evacuation Pause) (young) (initial-mark)
Desired survivor size 1572864 bytes, new threshold 1 (max 15)
- age   1:    2944992 bytes,    2944992 total
, 0.0020651 secs]
   [Parallel Time: 1.6 ms, GC Workers: 4]
      [GC Worker Start (ms): Min: 19899.7, Avg: 19899.7, Max: 19899.7, Diff: 0.0]
      [Ext Root Scanning (ms): Min: 0.4, Avg: 0.5, Max: 0.5, Diff: 0.1, Sum: 1.8]
      [Update RS (ms): Min: 0.1, Avg: 0.3, Max: 0.6, Diff: 0.4, Sum: 1.1]
         [Processed Buffers: Min: 1, Avg: 4.3, Max: 7, Diff: 6, Sum: 17]
      [Scan RS (ms): Min: 0.0, Avg: 0.0, Max: 0.0, Diff: 0.0, Sum: 0.0]
      [Code Root Scanning (ms): Min: 0.0, Avg: 0.0, Max: 0.0, Diff: 0.0, Sum: 0.0]
      [Object Copy (ms): Min: 0.5, Avg: 0.8, Max: 0.9, Diff: 0.4, Sum: 3.2]
      [Termination (ms): Min: 0.0, Avg: 0.0, Max: 0.0, Diff: 0.0, Sum: 0.0]
         [Termination Attempts: Min: 1, Avg: 1.0, Max: 1, Diff: 0, Sum: 4]
      [GC Worker Other (ms): Min: 0.0, Avg: 0.0, Max: 0.0, Diff: 0.0, Sum: 0.0]
      [GC Worker Total (ms): Min: 1.5, Avg: 1.6, Max: 1.6, Diff: 0.0, Sum: 6.3]
      [GC Worker End (ms): Min: 19901.2, Avg: 19901.2, Max: 19901.2, Diff: 0.0]
   [Code Root Fixup: 0.0 ms]
   [Code Root Purge: 0.0 ms]
   [Clear CT: 0.0 ms]
   [Other: 0.4 ms]
      [Choose CSet: 0.0 ms]
      [Ref Proc: 0.0 ms]
      [Ref Enq: 0.0 ms]
      [Redirty Cards: 0.1 ms]
      [Humongous Register: 0.0 ms]
      [Humongous Reclaim: 0.0 ms]
      [Free CSet: 0.0 ms]
   [Eden: 17.0M(17.0M)->0.0B(17.0M) Survivors: 3072.0K->3072.0K Heap: 406.5M(417.0M)->394.5M(417.0M)]
 [Times: user=0.00 sys=0.00, real=0.00 secs] 
2016-06-27T20:25:17.630+0300: 19.902: [GC concurrent-root-region-scan-start]
2016-06-27T20:25:17.630+0300: 19.902: Total time for which application threads were stopped: 0.0090115 seconds, Stopping threads took: 0.0064229 seconds
2016-06-27T20:25:17.630+0300: 19.902: [GC concurrent-root-region-scan-end, 0.0001839 secs]
2016-06-27T20:25:17.630+0300: 19.902: [GC concurrent-mark-start]
2016-06-27T20:25:17.650+0300: 19.922: [GC concurrent-mark-end, 0.0197546 secs]
2016-06-27T20:25:17.676+0300: 19.948: [GC remark 2016-06-27T20:25:17.676+0300: 19.948: [Finalize Marking, 0.0001180 secs] 2016-06-27T20:25:17.676+0300: 19.948: [GC ref-proc, 0.0000607 secs] 2016-06-27T20:25:17.676+0300: 19.948: [Unloading, 0.0006992 secs], 0.0026780 secs]
 [Times: user=0.06 sys=0.00, real=0.00 secs] 
2016-06-27T20:25:17.678+0300: 19.950: Total time for which application threads were stopped: 0.0039776 seconds, Stopping threads took: 0.0009584 seconds
2016-06-27T20:25:17.772+0300: 20.044: [GC cleanup 411M->411M(417M), 0.0004093 secs]
 [Times: user=0.00 sys=0.00, real=0.00 secs] 
2016-06-27T20:25:17.772+0300: 20.044: Total time for which application threads were stopped: 0.0029949 seconds, Stopping threads took: 0.0022696 seconds
2016-06-27T20:25:17.775+0300: 20.047: [GC pause (G1 Evacuation Pause) (young)
Desired survivor size 1572864 bytes, new threshold 1 (max 15)
- age   1:    2304112 bytes,    2304112 total
, 0.0021143 secs]
   [Parallel Time: 1.5 ms, GC Workers: 4]
      [GC Worker Start (ms): Min: 20046.6, Avg: 20046.6, Max: 20046.6, Diff: 0.0]
      [Ext Root Scanning (ms): Min: 0.4, Avg: 0.5, Max: 0.5, Diff: 0.0, Sum: 1.8]
      [Update RS (ms): Min: 0.2, Avg: 0.3, Max: 0.4, Diff: 0.3, Sum: 1.1]
         [Processed Buffers: Min: 1, Avg: 3.8, Max: 7, Diff: 6, Sum: 15]
      [Scan RS (ms): Min: 0.0, Avg: 0.0, Max: 0.0, Diff: 0.0, Sum: 0.0]
      [Code Root Scanning (ms): Min: 0.0, Avg: 0.0, Max: 0.0, Diff: 0.0, Sum: 0.0]
      [Object Copy (ms): Min: 0.6, Avg: 0.7, Max: 0.8, Diff: 0.3, Sum: 2.9]
      [Termination (ms): Min: 0.0, Avg: 0.0, Max: 0.0, Diff: 0.0, Sum: 0.0]
         [Termination Attempts: Min: 1, Avg: 1.0, Max: 1, Diff: 0, Sum: 4]
      [GC Worker Other (ms): Min: 0.0, Avg: 0.0, Max: 0.0, Diff: 0.0, Sum: 0.0]
      [GC Worker Total (ms): Min: 1.5, Avg: 1.5, Max: 1.5, Diff: 0.0, Sum: 6.0]
      [GC Worker End (ms): Min: 20048.1, Avg: 20048.1, Max: 20048.1, Diff: 0.0]
   [Code Root Fixup: 0.0 ms]
   [Code Root Purge: 0.0 ms]
   [Clear CT: 0.0 ms]
   [Other: 0.5 ms]
      [Choose CSet: 0.0 ms]
      [Ref Proc: 0.2 ms]
      [Ref Enq: 0.0 ms]
      [Redirty Cards: 0.0 ms]
      [Humongous Register: 0.0 ms]
      [Humongous Reclaim: 0.0 ms]
      [Free CSet: 0.0 ms]
   [Eden: 17.0M(17.0M)->0.0B(17.0M) Survivors: 3072.0K->3072.0K Heap: 411.5M(417.0M)->398.0M(418.0M)]
 [Times: user=0.00 sys=0.00, real=0.00 secs] 
2016-06-27T20:25:17.777+0300: 20.049: Total time for which application threads were stopped: 0.0026480 seconds, Stopping threads took: 0.0000547 seconds
2016-06-27T20:25:17.921+0300: 20.193: [GC pause (G1 Evacuation Pause) (mixed)
Desired survivor size 1572864 bytes, new threshold 1 (max 15)
- age   1:    2736536 bytes,    2736536 total
, 0.0072363 secs]
   [Parallel Time: 6.7 ms, GC Workers: 4]
      [GC Worker Start (ms): Min: 20193.6, Avg: 20193.6, Max: 20193.6, Diff: 0.0]
      [Ext Root Scanning (ms): Min: 0.3, Avg: 0.4, Max: 0.4, Diff: 0.1, Sum: 1.5]
      [Update RS (ms): Min: 0.1, Avg: 0.2, Max: 0.3, Diff: 0.2, Sum: 0.7]
         [Processed Buffers: Min: 1, Avg: 6.3, Max: 10, Diff: 9, Sum: 25]
      [Scan RS (ms): Min: 0.2, Avg: 0.2, Max: 0.2, Diff: 0.0, Sum: 0.9]
      [Code Root Scanning (ms): Min: 0.0, Avg: 0.0, Max: 0.0, Diff: 0.0, Sum: 0.0]
      [Object Copy (ms): Min: 5.8, Avg: 5.8, Max: 5.9, Diff: 0.1, Sum: 23.3]
      [Termination (ms): Min: 0.0, Avg: 0.0, Max: 0.0, Diff: 0.0, Sum: 0.0]
         [Termination Attempts: Min: 1, Avg: 1.0, Max: 1, Diff: 0, Sum: 4]
      [GC Worker Other (ms): Min: 0.0, Avg: 0.0, Max: 0.0, Diff: 0.0, Sum: 0.1]
      [GC Worker Total (ms): Min: 6.6, Avg: 6.6, Max: 6.6, Diff: 0.0, Sum: 26.5]
      [GC Worker End (ms): Min: 20200.2, Avg: 20200.2, Max: 20200.2, Diff: 0.0]
   [Code Root Fixup: 0.0 ms]
   [Code Root Purge: 0.0 ms]
   [Clear CT: 0.1 ms]
   [Other: 0.5 ms]
      [Choose CSet: 0.0 ms]
      [Ref Proc: 0.0 ms]
      [Ref Enq: 0.0 ms]
      [Redirty Cards: 0.1 ms]
      [Humongous Register: 0.0 ms]
      [Humongous Reclaim: 0.0 ms]
      [Free CSet: 0.1 ms]
   [Eden: 17.0M(17.0M)->0.0B(19.0M) Survivors: 3072.0K->3072.0K Heap: 415.0M(418.0M)->392.0M(444.0M)]
 [Times: user=0.03 sys=0.03, real=0.01 secs] 
2016-06-27T20:25:17.929+0300: 20.201: Total time for which application threads were stopped: 0.0100802 seconds, Stopping threads took: 0.0023530 seconds
2016-06-27T20:25:18.088+0300: 20.360: [GC pause (G1 Evacuation Pause) (young)
Desired survivor size 1572864 bytes, new threshold 1 (max 15)
- age   1:    2497272 bytes,    2497272 total
, 0.0028208 secs]
   [Parallel Time: 2.4 ms, GC Workers: 4]
      [GC Worker Start (ms): Min: 20360.3, Avg: 20360.3, Max: 20360.3, Diff: 0.0]
      [Ext Root Scanning (ms): Min: 0.4, Avg: 0.4, Max: 0.4, Diff: 0.0, Sum: 1.7]
      [Update RS (ms): Min: 0.8, Avg: 1.1, Max: 1.7, Diff: 0.9, Sum: 4.5]
         [Processed Buffers: Min: 2, Avg: 4.5, Max: 8, Diff: 6, Sum: 18]
      [Scan RS (ms): Min: 0.0, Avg: 0.0, Max: 0.0, Diff: 0.0, Sum: 0.0]
      [Code Root Scanning (ms): Min: 0.0, Avg: 0.0, Max: 0.0, Diff: 0.0, Sum: 0.0]
      [Object Copy (ms): Min: 0.2, Avg: 0.8, Max: 1.1, Diff: 0.9, Sum: 3.2]
      [Termination (ms): Min: 0.0, Avg: 0.0, Max: 0.0, Diff: 0.0, Sum: 0.1]
         [Termination Attempts: Min: 1, Avg: 1.0, Max: 1, Diff: 0, Sum: 4]
      [GC Worker Other (ms): Min: 0.0, Avg: 0.0, Max: 0.0, Diff: 0.0, Sum: 0.0]
      [GC Worker Total (ms): Min: 2.4, Avg: 2.4, Max: 2.4, Diff: 0.0, Sum: 9.5]
      [GC Worker End (ms): Min: 20362.6, Avg: 20362.6, Max: 20362.6, Diff: 0.0]
   [Code Root Fixup: 0.0 ms]
   [Code Root Purge: 0.0 ms]
   [Clear CT: 0.0 ms]
   [Other: 0.4 ms]
      [Choose CSet: 0.0 ms]
      [Ref Proc: 0.1 ms]
      [Ref Enq: 0.0 ms]
      [Redirty Cards: 0.0 ms]
      [Humongous Register: 0.0 ms]
      [Humongous Reclaim: 0.0 ms]
      [Free CSet: 0.0 ms]
   [Eden: 19.0M(19.0M)->0.0B(19.0M) Survivors: 3072.0K->3072.0K Heap: 411.0M(444.0M)->396.5M(444.0M)]
 [Times: user=0.00 sys=0.00, real=0.00 secs] 
2016-06-27T20:25:18.091+0300: 20.363: Total time for which application threads were stopped: 0.0038643 seconds, Stopping threads took: 0.0005213 seconds
2016-06-27T20:25:18.245+0300: 20.517: [GC pause (G1 Evacuation Pause) (young) (initial-mark)
Desired survivor size 1572864 bytes, new threshold 1 (max 15)
- age   1:    2656528 bytes,    2656528 total
, 0.0020339 secs]
   [Parallel Time: 1.6 ms, GC Workers: 4]
      [GC Worker Start (ms): Min: 20517.1, Avg: 20517.1, Max: 20517.1, Diff: 0.0]
      [Ext Root Scanning (ms): Min: 0.4, Avg: 0.4, Max: 0.5, Diff: 0.1, Sum: 1.7]
      [Update RS (ms): Min: 0.1, Avg: 0.2, Max: 0.2, Diff: 0.1, Sum: 0.7]
         [Processed Buffers: Min: 1, Avg: 3.8, Max: 9, Diff: 8, Sum: 15]
      [Scan RS (ms): Min: 0.0, Avg: 0.0, Max: 0.0, Diff: 0.0, Sum: 0.0]
      [Code Root Scanning (ms): Min: 0.0, Avg: 0.0, Max: 0.0, Diff: 0.0, Sum: 0.0]
      [Object Copy (ms): Min: 0.9, Avg: 0.9, Max: 0.9, Diff: 0.0, Sum: 3.6]
      [Termination (ms): Min: 0.0, Avg: 0.0, Max: 0.0, Diff: 0.0, Sum: 0.0]
         [Termination Attempts: Min: 1, Avg: 1.0, Max: 1, Diff: 0, Sum: 4]
      [GC Worker Other (ms): Min: 0.0, Avg: 0.0, Max: 0.0, Diff: 0.0, Sum: 0.1]
      [GC Worker Total (ms): Min: 1.5, Avg: 1.5, Max: 1.5, Diff: 0.0, Sum: 6.1]
      [GC Worker End (ms): Min: 20518.6, Avg: 20518.6, Max: 20518.6, Diff: 0.0]
   [Code Root Fixup: 0.0 ms]
   [Code Root Purge: 0.0 ms]
   [Clear CT: 0.0 ms]
   [Other: 0.4 ms]
      [Choose CSet: 0.0 ms]
      [Ref Proc: 0.0 ms]
      [Ref Enq: 0.0 ms]
      [Redirty Cards: 0.0 ms]
      [Humongous Register: 0.0 ms]
      [Humongous Reclaim: 0.0 ms]
      [Free CSet: 0.0 ms]
   [Eden: 19.0M(19.0M)->0.0B(19.0M) Survivors: 3072.0K->3072.0K Heap: 415.5M(444.0M)->400.5M(444.0M)]
 [Times: user=0.00 sys=0.00, real=0.01 secs] 
2016-06-27T20:25:18.251+0300: 20.523: [GC concurrent-root-region-scan-start]
2016-06-27T20:25:18.251+0300: 20.523: Total time for which application threads were stopped: 0.0072402 seconds, Stopping threads took: 0.0009314 seconds
2016-06-27T20:25:18.251+0300: 20.523: [GC concurrent-root-region-scan-end, 0.0001694 secs]
2016-06-27T20:25:18.251+0300: 20.523: [GC concurrent-mark-start]
2016-06-27T20:25:18.275+0300: 20.547: [GC concurrent-mark-end, 0.0238892 secs]
2016-06-27T20:25:18.288+0300: 20.559: [GC remark 2016-06-27T20:25:18.288+0300: 20.560: [Finalize Marking, 0.0001249 secs] 2016-06-27T20:25:18.288+0300: 20.560: [GC ref-proc, 0.0000582 secs] 2016-06-27T20:25:18.288+0300: 20.560: [Unloading, 0.0006907 secs], 0.0029038 secs]
 [Times: user=0.00 sys=0.00, real=0.00 secs] 
2016-06-27T20:25:18.291+0300: 20.562: Total time for which application threads were stopped: 0.0035859 seconds, Stopping threads took: 0.0003250 seconds
2016-06-27T20:25:18.324+0300: 20.596: [GC cleanup 410M->410M(444M), 0.0004345 secs]
 [Times: user=0.00 sys=0.00, real=0.00 secs] 
2016-06-27T20:25:18.324+0300: 20.596: Total time for which application threads were stopped: 0.0013916 seconds, Stopping threads took: 0.0005863 seconds
2016-06-27T20:25:18.388+0300: 20.660: [GC pause (G1 Evacuation Pause) (young)
Desired survivor size 1572864 bytes, new threshold 1 (max 15)
- age   1:    2908656 bytes,    2908656 total
, 0.0019634 secs]
   [Parallel Time: 1.5 ms, GC Workers: 4]
      [GC Worker Start (ms): Min: 20660.0, Avg: 20660.0, Max: 20660.0, Diff: 0.0]
      [Ext Root Scanning (ms): Min: 0.4, Avg: 0.4, Max: 0.4, Diff: 0.0, Sum: 1.7]
      [Update RS (ms): Min: 0.2, Avg: 0.2, Max: 0.4, Diff: 0.3, Sum: 1.0]
         [Processed Buffers: Min: 1, Avg: 2.5, Max: 7, Diff: 6, Sum: 10]
      [Scan RS (ms): Min: 0.0, Avg: 0.0, Max: 0.0, Diff: 0.0, Sum: 0.0]
      [Code Root Scanning (ms): Min: 0.0, Avg: 0.0, Max: 0.0, Diff: 0.0, Sum: 0.0]
      [Object Copy (ms): Min: 0.6, Avg: 0.8, Max: 0.9, Diff: 0.3, Sum: 3.3]
      [Termination (ms): Min: 0.0, Avg: 0.0, Max: 0.0, Diff: 0.0, Sum: 0.0]
         [Termination Attempts: Min: 1, Avg: 1.0, Max: 1, Diff: 0, Sum: 4]
      [GC Worker Other (ms): Min: 0.0, Avg: 0.0, Max: 0.0, Diff: 0.0, Sum: 0.1]
      [GC Worker Total (ms): Min: 1.5, Avg: 1.5, Max: 1.5, Diff: 0.0, Sum: 6.0]
      [GC Worker End (ms): Min: 20661.5, Avg: 20661.5, Max: 20661.5, Diff: 0.0]
   [Code Root Fixup: 0.0 ms]
   [Code Root Purge: 0.0 ms]
   [Clear CT: 0.0 ms]
   [Other: 0.4 ms]
      [Choose CSet: 0.0 ms]
      [Ref Proc: 0.0 ms]
      [Ref Enq: 0.0 ms]
      [Redirty Cards: 0.0 ms]
      [Humongous Register: 0.0 ms]
      [Humongous Reclaim: 0.0 ms]
      [Free CSet: 0.0 ms]
   [Eden: 19.0M(19.0M)->0.0B(19.0M) Survivors: 3072.0K->3072.0K Heap: 419.5M(444.0M)->405.0M(444.0M)]
 [Times: user=0.00 sys=0.00, real=0.00 secs] 
2016-06-27T20:25:18.390+0300: 20.662: Total time for which application threads were stopped: 0.0027738 seconds, Stopping threads took: 0.0003028 seconds
2016-06-27T20:25:18.550+0300: 20.822: [GC pause (G1 Evacuation Pause) (mixed)
Desired survivor size 1572864 bytes, new threshold 1 (max 15)
- age   1:    2674856 bytes,    2674856 total
, 0.0026074 secs]
   [Parallel Time: 2.2 ms, GC Workers: 4]
      [GC Worker Start (ms): Min: 20822.4, Avg: 20822.4, Max: 20822.4, Diff: 0.0]
      [Ext Root Scanning (ms): Min: 0.4, Avg: 0.4, Max: 0.5, Diff: 0.1, Sum: 1.7]
      [Update RS (ms): Min: 0.1, Avg: 0.1, Max: 0.2, Diff: 0.0, Sum: 0.6]
         [Processed Buffers: Min: 1, Avg: 4.8, Max: 8, Diff: 7, Sum: 19]
      [Scan RS (ms): Min: 0.1, Avg: 0.1, Max: 0.1, Diff: 0.0, Sum: 0.3]
      [Code Root Scanning (ms): Min: 0.0, Avg: 0.0, Max: 0.0, Diff: 0.0, Sum: 0.0]
      [Object Copy (ms): Min: 1.4, Avg: 1.5, Max: 1.5, Diff: 0.1, Sum: 5.9]
      [Termination (ms): Min: 0.0, Avg: 0.0, Max: 0.0, Diff: 0.0, Sum: 0.0]
         [Termination Attempts: Min: 1, Avg: 1.0, Max: 1, Diff: 0, Sum: 4]
      [GC Worker Other (ms): Min: 0.0, Avg: 0.0, Max: 0.0, Diff: 0.0, Sum: 0.1]
      [GC Worker Total (ms): Min: 2.1, Avg: 2.1, Max: 2.1, Diff: 0.0, Sum: 8.5]
      [GC Worker End (ms): Min: 20824.5, Avg: 20824.5, Max: 20824.5, Diff: 0.0]
   [Code Root Fixup: 0.0 ms]
   [Code Root Purge: 0.0 ms]
   [Clear CT: 0.0 ms]
   [Other: 0.4 ms]
      [Choose CSet: 0.0 ms]
      [Ref Proc: 0.0 ms]
      [Ref Enq: 0.0 ms]
      [Redirty Cards: 0.0 ms]
      [Humongous Register: 0.0 ms]
      [Humongous Reclaim: 0.0 ms]
      [Free CSet: 0.1 ms]
   [Eden: 19.0M(19.0M)->0.0B(19.0M) Survivors: 3072.0K->3072.0K Heap: 424.0M(444.0M)->404.5M(444.0M)]
 [Times: user=0.06 sys=0.00, real=0.00 secs] 
2016-06-27T20:25:18.553+0300: 20.825: Total time for which application threads were stopped: 0.0036667 seconds, Stopping threads took: 0.0005320 seconds
2016-06-27T20:25:18.715+0300: 20.987: [GC pause (G1 Evacuation Pause) (young)
Desired survivor size 1572864 bytes, new threshold 1 (max 15)
- age   1:    2991200 bytes,    2991200 total
, 0.0026472 secs]
   [Parallel Time: 2.2 ms, GC Workers: 4]
      [GC Worker Start (ms): Min: 20987.2, Avg: 20987.3, Max: 20987.3, Diff: 0.0]
      [Ext Root Scanning (ms): Min: 0.4, Avg: 0.5, Max: 0.8, Diff: 0.5, Sum: 2.2]
      [Update RS (ms): Min: 0.1, Avg: 0.8, Max: 1.6, Diff: 1.5, Sum: 3.1]
         [Processed Buffers: Min: 1, Avg: 5.0, Max: 9, Diff: 8, Sum: 20]
      [Scan RS (ms): Min: 0.0, Avg: 0.0, Max: 0.0, Diff: 0.0, Sum: 0.0]
      [Code Root Scanning (ms): Min: 0.0, Avg: 0.0, Max: 0.0, Diff: 0.0, Sum: 0.0]
      [Object Copy (ms): Min: 0.1, Avg: 0.7, Max: 1.1, Diff: 1.0, Sum: 2.7]
      [Termination (ms): Min: 0.0, Avg: 0.1, Max: 0.2, Diff: 0.2, Sum: 0.5]
         [Termination Attempts: Min: 1, Avg: 1.3, Max: 2, Diff: 1, Sum: 5]
      [GC Worker Other (ms): Min: 0.0, Avg: 0.0, Max: 0.0, Diff: 0.0, Sum: 0.0]
      [GC Worker Total (ms): Min: 2.1, Avg: 2.1, Max: 2.1, Diff: 0.0, Sum: 8.6]
      [GC Worker End (ms): Min: 20989.4, Avg: 20989.4, Max: 20989.4, Diff: 0.0]
   [Code Root Fixup: 0.0 ms]
   [Code Root Purge: 0.0 ms]
   [Clear CT: 0.0 ms]
   [Other: 0.4 ms]
      [Choose CSet: 0.0 ms]
      [Ref Proc: 0.1 ms]
      [Ref Enq: 0.0 ms]
      [Redirty Cards: 0.0 ms]
      [Humongous Register: 0.0 ms]
      [Humongous Reclaim: 0.0 ms]
      [Free CSet: 0.0 ms]
   [Eden: 19.0M(19.0M)->0.0B(19.0M) Survivors: 3072.0K->3072.0K Heap: 423.5M(444.0M)->409.5M(444.0M)]
 [Times: user=0.00 sys=0.00, real=0.00 secs] 
2016-06-27T20:25:18.718+0300: 20.990: Total time for which application threads were stopped: 0.0043266 seconds, Stopping threads took: 0.0011517 seconds
2016-06-27T20:25:18.832+0300: 21.104: [GC pause (G1 Evacuation Pause) (young) (initial-mark)
Desired survivor size 1572864 bytes, new threshold 1 (max 15)
- age   1:    2485544 bytes,    2485544 total
, 0.0019826 secs]
   [Parallel Time: 1.5 ms, GC Workers: 4]
      [GC Worker Start (ms): Min: 21104.6, Avg: 21104.6, Max: 21104.6, Diff: 0.0]
      [Ext Root Scanning (ms): Min: 0.4, Avg: 0.5, Max: 0.6, Diff: 0.1, Sum: 1.9]
      [Update RS (ms): Min: 0.1, Avg: 0.2, Max: 0.3, Diff: 0.2, Sum: 0.7]
         [Processed Buffers: Min: 1, Avg: 3.8, Max: 8, Diff: 7, Sum: 15]
      [Scan RS (ms): Min: 0.0, Avg: 0.0, Max: 0.0, Diff: 0.0, Sum: 0.0]
      [Code Root Scanning (ms): Min: 0.0, Avg: 0.0, Max: 0.0, Diff: 0.0, Sum: 0.0]
      [Object Copy (ms): Min: 0.7, Avg: 0.8, Max: 0.9, Diff: 0.1, Sum: 3.2]
      [Termination (ms): Min: 0.0, Avg: 0.0, Max: 0.0, Diff: 0.0, Sum: 0.0]
         [Termination Attempts: Min: 1, Avg: 1.0, Max: 1, Diff: 0, Sum: 4]
      [GC Worker Other (ms): Min: 0.0, Avg: 0.0, Max: 0.0, Diff: 0.0, Sum: 0.1]
      [GC Worker Total (ms): Min: 1.5, Avg: 1.5, Max: 1.5, Diff: 0.0, Sum: 5.9]
      [GC Worker End (ms): Min: 21106.1, Avg: 21106.1, Max: 21106.1, Diff: 0.0]
   [Code Root Fixup: 0.0 ms]
   [Code Root Purge: 0.0 ms]
   [Clear CT: 0.0 ms]
   [Other: 0.4 ms]
      [Choose CSet: 0.0 ms]
      [Ref Proc: 0.0 ms]
      [Ref Enq: 0.0 ms]
      [Redirty Cards: 0.0 ms]
      [Humongous Register: 0.0 ms]
      [Humongous Reclaim: 0.0 ms]
      [Free CSet: 0.0 ms]
   [Eden: 19.0M(19.0M)->0.0B(19.0M) Survivors: 3072.0K->3072.0K Heap: 428.5M(444.0M)->413.5M(444.0M)]
 [Times: user=0.05 sys=0.00, real=0.00 secs] 
2016-06-27T20:25:18.834+0300: 21.107: [GC concurrent-root-region-scan-start]
2016-06-27T20:25:18.834+0300: 21.107: Total time for which application threads were stopped: 0.0035564 seconds, Stopping threads took: 0.0010371 seconds
2016-06-27T20:25:18.835+0300: 21.107: [GC concurrent-root-region-scan-end, 0.0002006 secs]
2016-06-27T20:25:18.835+0300: 21.107: [GC concurrent-mark-start]
2016-06-27T20:25:18.858+0300: 21.130: [GC concurrent-mark-end, 0.0183981 secs]
2016-06-27T20:25:18.887+0300: 21.159: [GC remark 2016-06-27T20:25:18.887+0300: 21.160: [Finalize Marking, 0.0001903 secs] 2016-06-27T20:25:18.887+0300: 21.160: [GC ref-proc, 0.0000556 secs] 2016-06-27T20:25:18.888+0300: 21.160: [Unloading, 0.0007082 secs], 0.0028576 secs]
 [Times: user=0.00 sys=0.00, real=0.00 secs] 
2016-06-27T20:25:18.890+0300: 21.162: Total time for which application threads were stopped: 0.0101003 seconds, Stopping threads took: 0.0068750 seconds
2016-06-27T20:25:18.892+0300: 21.165: [GC cleanup 420M->420M(444M), 0.0004858 secs]
 [Times: user=0.00 sys=0.00, real=0.00 secs] 
2016-06-27T20:25:18.893+0300: 21.165: Total time for which application threads were stopped: 0.0010362 seconds, Stopping threads took: 0.0001672 seconds
2016-06-27T20:25:18.983+0300: 21.255: [GC pause (G1 Evacuation Pause) (young)
Desired survivor size 1572864 bytes, new threshold 1 (max 15)
- age   1:    2692696 bytes,    2692696 total
, 0.0019959 secs]
   [Parallel Time: 1.5 ms, GC Workers: 4]
      [GC Worker Start (ms): Min: 21255.6, Avg: 21255.6, Max: 21255.6, Diff: 0.0]
      [Ext Root Scanning (ms): Min: 0.4, Avg: 0.4, Max: 0.5, Diff: 0.0, Sum: 1.8]
      [Update RS (ms): Min: 0.1, Avg: 0.2, Max: 0.2, Diff: 0.1, Sum: 0.6]
         [Processed Buffers: Min: 4, Avg: 5.8, Max: 10, Diff: 6, Sum: 23]
      [Scan RS (ms): Min: 0.0, Avg: 0.0, Max: 0.0, Diff: 0.0, Sum: 0.0]
      [Code Root Scanning (ms): Min: 0.0, Avg: 0.0, Max: 0.0, Diff: 0.0, Sum: 0.0]
      [Object Copy (ms): Min: 0.9, Avg: 0.9, Max: 0.9, Diff: 0.0, Sum: 3.5]
      [Termination (ms): Min: 0.0, Avg: 0.0, Max: 0.0, Diff: 0.0, Sum: 0.0]
         [Termination Attempts: Min: 1, Avg: 1.0, Max: 1, Diff: 0, Sum: 4]
      [GC Worker Other (ms): Min: 0.0, Avg: 0.0, Max: 0.0, Diff: 0.0, Sum: 0.1]
      [GC Worker Total (ms): Min: 1.5, Avg: 1.5, Max: 1.5, Diff: 0.0, Sum: 6.0]
      [GC Worker End (ms): Min: 21257.1, Avg: 21257.1, Max: 21257.1, Diff: 0.0]
   [Code Root Fixup: 0.0 ms]
   [Code Root Purge: 0.0 ms]
   [Clear CT: 0.0 ms]
   [Other: 0.4 ms]
      [Choose CSet: 0.0 ms]
      [Ref Proc: 0.1 ms]
      [Ref Enq: 0.0 ms]
      [Redirty Cards: 0.0 ms]
      [Humongous Register: 0.0 ms]
      [Humongous Reclaim: 0.0 ms]
      [Free CSet: 0.0 ms]
   [Eden: 19.0M(19.0M)->0.0B(19.0M) Survivors: 3072.0K->3072.0K Heap: 432.5M(444.0M)->418.0M(444.0M)]
 [Times: user=0.00 sys=0.00, real=0.00 secs] 
2016-06-27T20:25:18.985+0300: 21.258: Total time for which application threads were stopped: 0.0037108 seconds, Stopping threads took: 0.0011624 seconds
2016-06-27T20:25:19.152+0300: 21.424: [GC pause (G1 Evacuation Pause) (mixed)
Desired survivor size 1572864 bytes, new threshold 1 (max 15)
- age   1:    2684056 bytes,    2684056 total
, 0.0029551 secs]
   [Parallel Time: 2.5 ms, GC Workers: 4]
      [GC Worker Start (ms): Min: 21423.6, Avg: 21423.6, Max: 21423.6, Diff: 0.0]
      [Ext Root Scanning (ms): Min: 0.5, Avg: 0.5, Max: 0.5, Diff: 0.1, Sum: 1.9]
      [Update RS (ms): Min: 0.1, Avg: 0.2, Max: 0.2, Diff: 0.1, Sum: 0.6]
         [Processed Buffers: Min: 2, Avg: 4.8, Max: 9, Diff: 7, Sum: 19]
      [Scan RS (ms): Min: 0.0, Avg: 0.0, Max: 0.0, Diff: 0.0, Sum: 0.1]
      [Code Root Scanning (ms): Min: 0.0, Avg: 0.0, Max: 0.0, Diff: 0.0, Sum: 0.0]
      [Object Copy (ms): Min: 1.8, Avg: 1.8, Max: 1.8, Diff: 0.0, Sum: 7.2]
      [Termination (ms): Min: 0.0, Avg: 0.0, Max: 0.0, Diff: 0.0, Sum: 0.0]
         [Termination Attempts: Min: 1, Avg: 1.0, Max: 1, Diff: 0, Sum: 4]
      [GC Worker Other (ms): Min: 0.0, Avg: 0.0, Max: 0.0, Diff: 0.0, Sum: 0.0]
      [GC Worker Total (ms): Min: 2.5, Avg: 2.5, Max: 2.5, Diff: 0.0, Sum: 10.0]
      [GC Worker End (ms): Min: 21426.1, Avg: 21426.1, Max: 21426.1, Diff: 0.0]
   [Code Root Fixup: 0.0 ms]
   [Code Root Purge: 0.0 ms]
   [Clear CT: 0.0 ms]
   [Other: 0.4 ms]
      [Choose CSet: 0.0 ms]
      [Ref Proc: 0.0 ms]
      [Ref Enq: 0.0 ms]
      [Redirty Cards: 0.0 ms]
      [Humongous Register: 0.0 ms]
      [Humongous Reclaim: 0.0 ms]
      [Free CSet: 0.1 ms]
   [Eden: 19.0M(19.0M)->0.0B(19.0M) Survivors: 3072.0K->3072.0K Heap: 437.0M(444.0M)->417.5M(449.0M)]
 [Times: user=0.00 sys=0.00, real=0.00 secs] 
2016-06-27T20:25:19.155+0300: 21.427: Total time for which application threads were stopped: 0.0073296 seconds, Stopping threads took: 0.0037865 seconds
2016-06-27T20:25:19.317+0300: 21.589: [GC pause (G1 Evacuation Pause) (young)
Desired survivor size 1572864 bytes, new threshold 1 (max 15)
- age   1:    2813088 bytes,    2813088 total
, 0.0021156 secs]
   [Parallel Time: 1.7 ms, GC Workers: 4]
      [GC Worker Start (ms): Min: 21588.9, Avg: 21588.9, Max: 21588.9, Diff: 0.0]
      [Ext Root Scanning (ms): Min: 0.4, Avg: 0.4, Max: 0.5, Diff: 0.1, Sum: 1.7]
      [Update RS (ms): Min: 0.3, Avg: 0.3, Max: 0.4, Diff: 0.1, Sum: 1.2]
         [Processed Buffers: Min: 1, Avg: 6.0, Max: 13, Diff: 12, Sum: 24]
      [Scan RS (ms): Min: 0.0, Avg: 0.0, Max: 0.0, Diff: 0.0, Sum: 0.0]
      [Code Root Scanning (ms): Min: 0.0, Avg: 0.0, Max: 0.0, Diff: 0.0, Sum: 0.0]
      [Object Copy (ms): Min: 0.9, Avg: 0.9, Max: 0.9, Diff: 0.0, Sum: 3.6]
      [Termination (ms): Min: 0.0, Avg: 0.0, Max: 0.0, Diff: 0.0, Sum: 0.0]
         [Termination Attempts: Min: 1, Avg: 1.0, Max: 1, Diff: 0, Sum: 4]
      [GC Worker Other (ms): Min: 0.0, Avg: 0.0, Max: 0.0, Diff: 0.0, Sum: 0.1]
      [GC Worker Total (ms): Min: 1.6, Avg: 1.6, Max: 1.7, Diff: 0.0, Sum: 6.6]
      [GC Worker End (ms): Min: 21590.5, Avg: 21590.5, Max: 21590.5, Diff: 0.0]
   [Code Root Fixup: 0.0 ms]
   [Code Root Purge: 0.0 ms]
   [Clear CT: 0.0 ms]
   [Other: 0.4 ms]
      [Choose CSet: 0.0 ms]
      [Ref Proc: 0.0 ms]
      [Ref Enq: 0.0 ms]
      [Redirty Cards: 0.0 ms]
      [Humongous Register: 0.0 ms]
      [Humongous Reclaim: 0.0 ms]
      [Free CSet: 0.0 ms]
   [Eden: 19.0M(19.0M)->0.0B(19.0M) Survivors: 3072.0K->3072.0K Heap: 436.5M(449.0M)->422.0M(449.0M)]
 [Times: user=0.06 sys=0.00, real=0.00 secs] 
2016-06-27T20:25:19.319+0300: 21.591: Total time for which application threads were stopped: 0.0043458 seconds, Stopping threads took: 0.0016430 seconds
2016-06-27T20:25:19.486+0300: 21.758: [GC pause (G1 Evacuation Pause) (young) (initial-mark)
Desired survivor size 1572864 bytes, new threshold 1 (max 15)
- age   1:    2458120 bytes,    2458120 total
, 0.0020763 secs]
   [Parallel Time: 1.6 ms, GC Workers: 4]
      [GC Worker Start (ms): Min: 21758.1, Avg: 21758.1, Max: 21758.1, Diff: 0.0]
      [Ext Root Scanning (ms): Min: 0.4, Avg: 0.5, Max: 0.6, Diff: 0.2, Sum: 1.8]
      [Update RS (ms): Min: 0.1, Avg: 0.2, Max: 0.3, Diff: 0.2, Sum: 0.9]
         [Processed Buffers: Min: 2, Avg: 6.5, Max: 13, Diff: 11, Sum: 26]
      [Scan RS (ms): Min: 0.0, Avg: 0.0, Max: 0.0, Diff: 0.0, Sum: 0.0]
      [Code Root Scanning (ms): Min: 0.0, Avg: 0.0, Max: 0.0, Diff: 0.0, Sum: 0.0]
      [Object Copy (ms): Min: 0.8, Avg: 0.8, Max: 0.9, Diff: 0.1, Sum: 3.4]
      [Termination (ms): Min: 0.0, Avg: 0.0, Max: 0.0, Diff: 0.0, Sum: 0.0]
         [Termination Attempts: Min: 1, Avg: 1.0, Max: 1, Diff: 0, Sum: 4]
      [GC Worker Other (ms): Min: 0.0, Avg: 0.0, Max: 0.0, Diff: 0.0, Sum: 0.1]
      [GC Worker Total (ms): Min: 1.6, Avg: 1.6, Max: 1.6, Diff: 0.0, Sum: 6.2]
      [GC Worker End (ms): Min: 21759.7, Avg: 21759.7, Max: 21759.7, Diff: 0.0]
   [Code Root Fixup: 0.0 ms]
   [Code Root Purge: 0.0 ms]
   [Clear CT: 0.0 ms]
   [Other: 0.4 ms]
      [Choose CSet: 0.0 ms]
      [Ref Proc: 0.0 ms]
      [Ref Enq: 0.0 ms]
      [Redirty Cards: 0.0 ms]
      [Humongous Register: 0.0 ms]
      [Humongous Reclaim: 0.0 ms]
      [Free CSet: 0.0 ms]
   [Eden: 19.0M(19.0M)->0.0B(19.0M) Survivors: 3072.0K->3072.0K Heap: 441.0M(449.0M)->426.5M(449.0M)]
 [Times: user=0.00 sys=0.00, real=0.00 secs] 
2016-06-27T20:25:19.488+0300: 21.760: [GC concurrent-root-region-scan-start]
2016-06-27T20:25:19.488+0300: 21.760: Total time for which application threads were stopped: 0.0071752 seconds, Stopping threads took: 0.0045130 seconds
2016-06-27T20:25:19.488+0300: 21.761: [GC concurrent-root-region-scan-end, 0.0002386 secs]
2016-06-27T20:25:19.488+0300: 21.761: [GC concurrent-mark-start]
2016-06-27T20:25:19.513+0300: 21.785: [GC concurrent-mark-end, 0.0234722 secs]
2016-06-27T20:25:19.529+0300: 21.801: [GC remark 2016-06-27T20:25:19.529+0300: 21.801: [Finalize Marking, 0.0001591 secs] 2016-06-27T20:25:19.529+0300: 21.801: [GC ref-proc, 0.0000573 secs] 2016-06-27T20:25:19.529+0300: 21.801: [Unloading, 0.0007587 secs], 0.0029329 secs]
 [Times: user=0.00 sys=0.00, real=0.00 secs] 
2016-06-27T20:25:19.532+0300: 21.804: Total time for which application threads were stopped: 0.0041867 seconds, Stopping threads took: 0.0008433 seconds
2016-06-27T20:25:19.533+0300: 21.806: [GC cleanup 432M->432M(449M), 0.0005264 secs]
 [Times: user=0.00 sys=0.00, real=0.00 secs] 
2016-06-27T20:25:19.534+0300: 21.806: Total time for which application threads were stopped: 0.0010118 seconds, Stopping threads took: 0.0000535 seconds
2016-06-27T20:25:19.645+0300: 21.917: [GC pause (G1 Evacuation Pause) (young)
Desired survivor size 1572864 bytes, new threshold 1 (max 15)
- age   1:    2427344 bytes,    2427344 total
, 0.0021019 secs]
   [Parallel Time: 1.7 ms, GC Workers: 4]
      [GC Worker Start (ms): Min: 21917.5, Avg: 21917.5, Max: 21917.5, Diff: 0.0]
      [Ext Root Scanning (ms): Min: 0.4, Avg: 0.4, Max: 0.4, Diff: 0.1, Sum: 1.7]
      [Update RS (ms): Min: 0.2, Avg: 0.2, Max: 0.2, Diff: 0.0, Sum: 0.8]
         [Processed Buffers: Min: 1, Avg: 3.3, Max: 4, Diff: 3, Sum: 13]
      [Scan RS (ms): Min: 0.0, Avg: 0.0, Max: 0.0, Diff: 0.0, Sum: 0.0]
      [Code Root Scanning (ms): Min: 0.0, Avg: 0.0, Max: 0.0, Diff: 0.0, Sum: 0.0]
      [Object Copy (ms): Min: 0.9, Avg: 1.0, Max: 1.0, Diff: 0.0, Sum: 3.8]
      [Termination (ms): Min: 0.0, Avg: 0.0, Max: 0.1, Diff: 0.1, Sum: 0.2]
         [Termination Attempts: Min: 1, Avg: 1.0, Max: 1, Diff: 0, Sum: 4]
      [GC Worker Other (ms): Min: 0.0, Avg: 0.0, Max: 0.0, Diff: 0.0, Sum: 0.0]
      [GC Worker Total (ms): Min: 1.6, Avg: 1.6, Max: 1.6, Diff: 0.0, Sum: 6.5]
      [GC Worker End (ms): Min: 21919.1, Avg: 21919.1, Max: 21919.1, Diff: 0.0]
   [Code Root Fixup: 0.0 ms]
   [Code Root Purge: 0.0 ms]
   [Clear CT: 0.0 ms]
   [Other: 0.4 ms]
      [Choose CSet: 0.0 ms]
      [Ref Proc: 0.0 ms]
      [Ref Enq: 0.0 ms]
      [Redirty Cards: 0.1 ms]
      [Humongous Register: 0.0 ms]
      [Humongous Reclaim: 0.0 ms]
      [Free CSet: 0.0 ms]
   [Eden: 19.0M(19.0M)->0.0B(19.0M) Survivors: 3072.0K->3072.0K Heap: 445.5M(449.0M)->430.5M(453.0M)]
 [Times: user=0.00 sys=0.00, real=0.01 secs] 
2016-06-27T20:25:19.651+0300: 21.924: Total time for which application threads were stopped: 0.0109830 seconds, Stopping threads took: 0.0045207 seconds
2016-06-27T20:25:19.809+0300: 22.081: [GC pause (G1 Evacuation Pause) (mixed)
Desired survivor size 1572864 bytes, new threshold 1 (max 15)
- age   1:    3052712 bytes,    3052712 total
, 0.0035530 secs]
   [Parallel Time: 2.7 ms, GC Workers: 4]
      [GC Worker Start (ms): Min: 22080.7, Avg: 22080.7, Max: 22080.7, Diff: 0.0]
      [Ext Root Scanning (ms): Min: 0.5, Avg: 0.5, Max: 0.6, Diff: 0.1, Sum: 2.2]
      [Update RS (ms): Min: 0.1, Avg: 0.2, Max: 0.5, Diff: 0.4, Sum: 0.8]
         [Processed Buffers: Min: 1, Avg: 4.0, Max: 8, Diff: 7, Sum: 16]
      [Scan RS (ms): Min: 0.0, Avg: 0.0, Max: 0.0, Diff: 0.0, Sum: 0.1]
      [Code Root Scanning (ms): Min: 0.0, Avg: 0.0, Max: 0.0, Diff: 0.0, Sum: 0.0]
      [Object Copy (ms): Min: 1.7, Avg: 1.9, Max: 2.0, Diff: 0.3, Sum: 7.5]
      [Termination (ms): Min: 0.0, Avg: 0.0, Max: 0.0, Diff: 0.0, Sum: 0.0]
         [Termination Attempts: Min: 1, Avg: 1.0, Max: 1, Diff: 0, Sum: 4]
      [GC Worker Other (ms): Min: 0.0, Avg: 0.0, Max: 0.0, Diff: 0.0, Sum: 0.1]
      [GC Worker Total (ms): Min: 2.7, Avg: 2.7, Max: 2.7, Diff: 0.0, Sum: 10.7]
      [GC Worker End (ms): Min: 22083.3, Avg: 22083.3, Max: 22083.3, Diff: 0.0]
   [Code Root Fixup: 0.0 ms]
   [Code Root Purge: 0.0 ms]
   [Clear CT: 0.0 ms]
   [Other: 0.8 ms]
      [Choose CSet: 0.0 ms]
      [Ref Proc: 0.4 ms]
      [Ref Enq: 0.0 ms]
      [Redirty Cards: 0.0 ms]
      [Humongous Register: 0.0 ms]
      [Humongous Reclaim: 0.0 ms]
      [Free CSet: 0.0 ms]
   [Eden: 19.0M(19.0M)->0.0B(20.0M) Survivors: 3072.0K->3072.0K Heap: 449.5M(453.0M)->430.5M(461.0M)]
 [Times: user=0.00 sys=0.00, real=0.00 secs] 
2016-06-27T20:25:19.812+0300: 22.084: Total time for which application threads were stopped: 0.0043890 seconds, Stopping threads took: 0.0003306 seconds
2016-06-27T20:25:19.977+0300: 22.249: [GC pause (G1 Evacuation Pause) (young)
Desired survivor size 1572864 bytes, new threshold 1 (max 15)
- age   1:    3090664 bytes,    3090664 total
, 0.0021361 secs]
   [Parallel Time: 1.7 ms, GC Workers: 4]
      [GC Worker Start (ms): Min: 22249.5, Avg: 22249.6, Max: 22249.6, Diff: 0.0]
      [Ext Root Scanning (ms): Min: 0.3, Avg: 0.4, Max: 0.4, Diff: 0.1, Sum: 1.6]
      [Update RS (ms): Min: 0.2, Avg: 0.3, Max: 0.3, Diff: 0.1, Sum: 1.1]
         [Processed Buffers: Min: 1, Avg: 5.0, Max: 12, Diff: 11, Sum: 20]
      [Scan RS (ms): Min: 0.0, Avg: 0.0, Max: 0.0, Diff: 0.0, Sum: 0.0]
      [Code Root Scanning (ms): Min: 0.0, Avg: 0.0, Max: 0.0, Diff: 0.0, Sum: 0.0]
      [Object Copy (ms): Min: 0.9, Avg: 1.0, Max: 1.0, Diff: 0.0, Sum: 3.8]
      [Termination (ms): Min: 0.0, Avg: 0.0, Max: 0.0, Diff: 0.0, Sum: 0.0]
         [Termination Attempts: Min: 1, Avg: 1.0, Max: 1, Diff: 0, Sum: 4]
      [GC Worker Other (ms): Min: 0.0, Avg: 0.0, Max: 0.0, Diff: 0.0, Sum: 0.0]
      [GC Worker Total (ms): Min: 1.6, Avg: 1.6, Max: 1.6, Diff: 0.0, Sum: 6.5]
      [GC Worker End (ms): Min: 22251.2, Avg: 22251.2, Max: 22251.2, Diff: 0.0]
   [Code Root Fixup: 0.0 ms]
   [Code Root Purge: 0.0 ms]
   [Clear CT: 0.0 ms]
   [Other: 0.4 ms]
      [Choose CSet: 0.0 ms]
      [Ref Proc: 0.0 ms]
      [Ref Enq: 0.0 ms]
      [Redirty Cards: 0.1 ms]
      [Humongous Register: 0.0 ms]
      [Humongous Reclaim: 0.0 ms]
      [Free CSet: 0.0 ms]
   [Eden: 20.0M(20.0M)->0.0B(20.0M) Survivors: 3072.0K->3072.0K Heap: 450.5M(461.0M)->435.5M(461.0M)]
 [Times: user=0.00 sys=0.00, real=0.00 secs] 
2016-06-27T20:25:19.980+0300: 22.252: Total time for which application threads were stopped: 0.0038151 seconds, Stopping threads took: 0.0011555 seconds
2016-06-27T20:25:20.135+0300: 22.407: [GC pause (G1 Evacuation Pause) (young) (initial-mark)
Desired survivor size 1572864 bytes, new threshold 1 (max 15)
- age   1:    2968808 bytes,    2968808 total
, 0.0024440 secs]
   [Parallel Time: 2.0 ms, GC Workers: 4]
      [GC Worker Start (ms): Min: 22407.1, Avg: 22407.2, Max: 22407.2, Diff: 0.1]
      [Ext Root Scanning (ms): Min: 0.4, Avg: 0.7, Max: 1.2, Diff: 0.8, Sum: 2.7]
      [Update RS (ms): Min: 0.0, Avg: 0.1, Max: 0.3, Diff: 0.3, Sum: 0.6]
         [Processed Buffers: Min: 0, Avg: 4.5, Max: 14, Diff: 14, Sum: 18]
      [Scan RS (ms): Min: 0.0, Avg: 0.0, Max: 0.0, Diff: 0.0, Sum: 0.0]
      [Code Root Scanning (ms): Min: 0.0, Avg: 0.0, Max: 0.0, Diff: 0.0, Sum: 0.0]
      [Object Copy (ms): Min: 0.7, Avg: 1.0, Max: 1.2, Diff: 0.5, Sum: 4.1]
      [Termination (ms): Min: 0.0, Avg: 0.0, Max: 0.0, Diff: 0.0, Sum: 0.1]
         [Termination Attempts: Min: 1, Avg: 1.0, Max: 1, Diff: 0, Sum: 4]
      [GC Worker Other (ms): Min: 0.0, Avg: 0.0, Max: 0.0, Diff: 0.0, Sum: 0.0]
      [GC Worker Total (ms): Min: 1.8, Avg: 1.9, Max: 1.9, Diff: 0.1, Sum: 7.6]
      [GC Worker End (ms): Min: 22409.0, Avg: 22409.0, Max: 22409.1, Diff: 0.0]
   [Code Root Fixup: 0.0 ms]
   [Code Root Purge: 0.0 ms]
   [Clear CT: 0.0 ms]
   [Other: 0.5 ms]
      [Choose CSet: 0.0 ms]
      [Ref Proc: 0.1 ms]
      [Ref Enq: 0.0 ms]
      [Redirty Cards: 0.0 ms]
      [Humongous Register: 0.0 ms]
      [Humongous Reclaim: 0.0 ms]
      [Free CSet: 0.0 ms]
   [Eden: 20.0M(20.0M)->0.0B(20.0M) Survivors: 3072.0K->3072.0K Heap: 455.5M(461.0M)->440.5M(464.0M)]
 [Times: user=0.00 sys=0.00, real=0.00 secs] 
2016-06-27T20:25:20.137+0300: 22.410: [GC concurrent-root-region-scan-start]
2016-06-27T20:25:20.137+0300: 22.410: Total time for which application threads were stopped: 0.0062998 seconds, Stopping threads took: 0.0032981 seconds
2016-06-27T20:25:20.138+0300: 22.410: [GC concurrent-root-region-scan-end, 0.0002399 secs]
2016-06-27T20:25:20.138+0300: 22.410: [GC concurrent-mark-start]
2016-06-27T20:25:20.164+0300: 22.436: [GC concurrent-mark-end, 0.0258064 secs]
2016-06-27T20:25:20.188+0300: 22.461: [GC remark 2016-06-27T20:25:20.188+0300: 22.461: [Finalize Marking, 0.0001253 secs] 2016-06-27T20:25:20.188+0300: 22.461: [GC ref-proc, 0.0000573 secs] 2016-06-27T20:25:20.189+0300: 22.461: [Unloading, 0.0007031 secs], 0.0028815 secs]
 [Times: user=0.00 sys=0.00, real=0.00 secs] 
2016-06-27T20:25:20.191+0300: 22.463: Total time for which application threads were stopped: 0.0042586 seconds, Stopping threads took: 0.0010011 seconds
2016-06-27T20:25:20.192+0300: 22.464: [GC cleanup 450M->450M(464M), 0.0004529 secs]
 [Times: user=0.06 sys=0.00, real=0.00 secs] 
2016-06-27T20:25:20.192+0300: 22.464: Total time for which application threads were stopped: 0.0008553 seconds, Stopping threads took: 0.0000423 seconds
2016-06-27T20:25:20.265+0300: 22.540: [GC pause (G1 Evacuation Pause) (young)
Desired survivor size 1572864 bytes, new threshold 1 (max 15)
- age   1:    3031952 bytes,    3031952 total
, 0.0021614 secs]
   [Parallel Time: 1.8 ms, GC Workers: 4]
      [GC Worker Start (ms): Min: 22540.2, Avg: 22540.2, Max: 22540.2, Diff: 0.0]
      [Ext Root Scanning (ms): Min: 0.4, Avg: 0.4, Max: 0.4, Diff: 0.1, Sum: 1.7]
      [Update RS (ms): Min: 0.0, Avg: 0.2, Max: 0.3, Diff: 0.3, Sum: 0.6]
         [Processed Buffers: Min: 2, Avg: 3.0, Max: 4, Diff: 2, Sum: 12]
      [Scan RS (ms): Min: 0.0, Avg: 0.0, Max: 0.0, Diff: 0.0, Sum: 0.0]
      [Code Root Scanning (ms): Min: 0.0, Avg: 0.0, Max: 0.0, Diff: 0.0, Sum: 0.0]
      [Object Copy (ms): Min: 1.0, Avg: 1.1, Max: 1.2, Diff: 0.3, Sum: 4.5]
      [Termination (ms): Min: 0.0, Avg: 0.0, Max: 0.0, Diff: 0.0, Sum: 0.1]
         [Termination Attempts: Min: 1, Avg: 1.0, Max: 1, Diff: 0, Sum: 4]
      [GC Worker Other (ms): Min: 0.0, Avg: 0.0, Max: 0.0, Diff: 0.0, Sum: 0.0]
      [GC Worker Total (ms): Min: 1.7, Avg: 1.7, Max: 1.7, Diff: 0.0, Sum: 6.9]
      [GC Worker End (ms): Min: 22541.9, Avg: 22541.9, Max: 22542.0, Diff: 0.0]
   [Code Root Fixup: 0.0 ms]
   [Code Root Purge: 0.0 ms]
   [Clear CT: 0.0 ms]
   [Other: 0.4 ms]
      [Choose CSet: 0.0 ms]
      [Ref Proc: 0.0 ms]
      [Ref Enq: 0.0 ms]
      [Redirty Cards: 0.0 ms]
      [Humongous Register: 0.0 ms]
      [Humongous Reclaim: 0.0 ms]
      [Free CSet: 0.0 ms]
   [Eden: 20.0M(20.0M)->0.0B(20.0M) Survivors: 3072.0K->3072.0K Heap: 460.5M(464.0M)->445.0M(468.0M)]
 [Times: user=0.00 sys=0.00, real=0.00 secs] 
2016-06-27T20:25:20.265+0300: 22.542: Total time for which application threads were stopped: 0.0028939 seconds, Stopping threads took: 0.0002775 seconds
2016-06-27T20:25:20.439+0300: 22.711: [GC pause (G1 Evacuation Pause) (mixed)
Desired survivor size 1572864 bytes, new threshold 1 (max 15)
- age   1:    3077176 bytes,    3077176 total
, 0.0034294 secs]
   [Parallel Time: 3.0 ms, GC Workers: 4]
      [GC Worker Start (ms): Min: 22711.0, Avg: 22711.0, Max: 22711.1, Diff: 0.0]
      [Ext Root Scanning (ms): Min: 0.4, Avg: 0.5, Max: 0.5, Diff: 0.2, Sum: 1.8]
      [Update RS (ms): Min: 0.1, Avg: 0.1, Max: 0.2, Diff: 0.1, Sum: 0.5]
         [Processed Buffers: Min: 2, Avg: 5.8, Max: 10, Diff: 8, Sum: 23]
      [Scan RS (ms): Min: 0.0, Avg: 0.0, Max: 0.0, Diff: 0.0, Sum: 0.2]
      [Code Root Scanning (ms): Min: 0.0, Avg: 0.0, Max: 0.0, Diff: 0.0, Sum: 0.0]
      [Object Copy (ms): Min: 2.2, Avg: 2.3, Max: 2.4, Diff: 0.2, Sum: 9.0]
      [Termination (ms): Min: 0.0, Avg: 0.0, Max: 0.0, Diff: 0.0, Sum: 0.1]
         [Termination Attempts: Min: 1, Avg: 1.0, Max: 1, Diff: 0, Sum: 4]
      [GC Worker Other (ms): Min: 0.0, Avg: 0.0, Max: 0.0, Diff: 0.0, Sum: 0.0]
      [GC Worker Total (ms): Min: 2.9, Avg: 2.9, Max: 2.9, Diff: 0.1, Sum: 11.7]
      [GC Worker End (ms): Min: 22713.9, Avg: 22713.9, Max: 22713.9, Diff: 0.0]
   [Code Root Fixup: 0.0 ms]
   [Code Root Purge: 0.0 ms]
   [Clear CT: 0.0 ms]
   [Other: 0.4 ms]
      [Choose CSet: 0.0 ms]
      [Ref Proc: 0.0 ms]
      [Ref Enq: 0.0 ms]
      [Redirty Cards: 0.0 ms]
      [Humongous Register: 0.0 ms]
      [Humongous Reclaim: 0.0 ms]
      [Free CSet: 0.0 ms]
   [Eden: 20.0M(20.0M)->0.0B(20.0M) Survivors: 3072.0K->3072.0K Heap: 465.0M(468.0M)->443.5M(478.0M)]
 [Times: user=0.00 sys=0.00, real=0.00 secs] 
2016-06-27T20:25:20.442+0300: 22.715: Total time for which application threads were stopped: 0.0046512 seconds, Stopping threads took: 0.0007073 seconds
2016-06-27T20:25:20.611+0300: 22.883: [GC pause (G1 Evacuation Pause) (young)
Desired survivor size 1572864 bytes, new threshold 1 (max 15)
- age   1:    2957496 bytes,    2957496 total
, 0.0023936 secs]
   [Parallel Time: 1.9 ms, GC Workers: 4]
      [GC Worker Start (ms): Min: 22883.4, Avg: 22883.4, Max: 22883.4, Diff: 0.0]
      [Ext Root Scanning (ms): Min: 0.5, Avg: 0.5, Max: 0.6, Diff: 0.1, Sum: 1.9]
      [Update RS (ms): Min: 0.4, Avg: 0.5, Max: 0.5, Diff: 0.1, Sum: 1.9]
         [Processed Buffers: Min: 1, Avg: 3.8, Max: 8, Diff: 7, Sum: 15]
      [Scan RS (ms): Min: 0.0, Avg: 0.0, Max: 0.0, Diff: 0.0, Sum: 0.0]
      [Code Root Scanning (ms): Min: 0.0, Avg: 0.0, Max: 0.0, Diff: 0.0, Sum: 0.0]
      [Object Copy (ms): Min: 0.9, Avg: 0.9, Max: 1.0, Diff: 0.1, Sum: 3.6]
      [Termination (ms): Min: 0.0, Avg: 0.0, Max: 0.0, Diff: 0.0, Sum: 0.0]
         [Termination Attempts: Min: 1, Avg: 1.0, Max: 1, Diff: 0, Sum: 4]
      [GC Worker Other (ms): Min: 0.0, Avg: 0.0, Max: 0.0, Diff: 0.0, Sum: 0.0]
      [GC Worker Total (ms): Min: 1.9, Avg: 1.9, Max: 1.9, Diff: 0.0, Sum: 7.5]
      [GC Worker End (ms): Min: 22885.2, Avg: 22885.2, Max: 22885.2, Diff: 0.0]
   [Code Root Fixup: 0.0 ms]
   [Code Root Purge: 0.0 ms]
   [Clear CT: 0.0 ms]
   [Other: 0.4 ms]
      [Choose CSet: 0.0 ms]
      [Ref Proc: 0.1 ms]
      [Ref Enq: 0.0 ms]
      [Redirty Cards: 0.0 ms]
      [Humongous Register: 0.0 ms]
      [Humongous Reclaim: 0.0 ms]
      [Free CSet: 0.0 ms]
   [Eden: 20.0M(20.0M)->0.0B(20.0M) Survivors: 3072.0K->3072.0K Heap: 463.5M(478.0M)->447.5M(478.0M)]
 [Times: user=0.02 sys=0.00, real=0.00 secs] 
2016-06-27T20:25:20.614+0300: 22.886: Total time for which application threads were stopped: 0.0052238 seconds, Stopping threads took: 0.0022828 seconds
2016-06-27T20:25:20.788+0300: 23.060: [GC pause (G1 Evacuation Pause) (young) (initial-mark)
Desired survivor size 1572864 bytes, new threshold 1 (max 15)
- age   1:    2852088 bytes,    2852088 total
, 0.0021887 secs]
   [Parallel Time: 1.7 ms, GC Workers: 4]
      [GC Worker Start (ms): Min: 23060.3, Avg: 23060.3, Max: 23060.3, Diff: 0.0]
      [Ext Root Scanning (ms): Min: 0.4, Avg: 0.5, Max: 0.5, Diff: 0.1, Sum: 1.8]
      [Update RS (ms): Min: 0.2, Avg: 0.3, Max: 0.3, Diff: 0.1, Sum: 1.1]
         [Processed Buffers: Min: 1, Avg: 4.8, Max: 8, Diff: 7, Sum: 19]
      [Scan RS (ms): Min: 0.0, Avg: 0.0, Max: 0.0, Diff: 0.0, Sum: 0.0]
      [Code Root Scanning (ms): Min: 0.0, Avg: 0.0, Max: 0.0, Diff: 0.0, Sum: 0.0]
      [Object Copy (ms): Min: 0.8, Avg: 0.9, Max: 1.0, Diff: 0.2, Sum: 3.7]
      [Termination (ms): Min: 0.0, Avg: 0.0, Max: 0.0, Diff: 0.0, Sum: 0.0]
         [Termination Attempts: Min: 1, Avg: 1.0, Max: 1, Diff: 0, Sum: 4]
      [GC Worker Other (ms): Min: 0.0, Avg: 0.0, Max: 0.0, Diff: 0.0, Sum: 0.1]
      [GC Worker Total (ms): Min: 1.6, Avg: 1.7, Max: 1.7, Diff: 0.0, Sum: 6.6]
      [GC Worker End (ms): Min: 23062.0, Avg: 23062.0, Max: 23062.0, Diff: 0.0]
   [Code Root Fixup: 0.0 ms]
   [Code Root Purge: 0.0 ms]
   [Clear CT: 0.0 ms]
   [Other: 0.5 ms]
      [Choose CSet: 0.0 ms]
      [Ref Proc: 0.0 ms]
      [Ref Enq: 0.0 ms]
      [Redirty Cards: 0.1 ms]
      [Humongous Register: 0.0 ms]
      [Humongous Reclaim: 0.0 ms]
      [Free CSet: 0.0 ms]
   [Eden: 20.0M(20.0M)->0.0B(20.0M) Survivors: 3072.0K->3072.0K Heap: 467.5M(478.0M)->452.0M(478.0M)]
 [Times: user=0.00 sys=0.00, real=0.00 secs] 
2016-06-27T20:25:20.790+0300: 23.063: [GC concurrent-root-region-scan-start]
2016-06-27T20:25:20.790+0300: 23.063: Total time for which application threads were stopped: 0.0073869 seconds, Stopping threads took: 0.0046678 seconds
2016-06-27T20:25:20.791+0300: 23.063: [GC concurrent-root-region-scan-end, 0.0002955 secs]
2016-06-27T20:25:20.791+0300: 23.063: [GC concurrent-mark-start]
2016-06-27T20:25:20.812+0300: 23.084: [GC concurrent-mark-end, 0.0212886 secs]
2016-06-27T20:25:20.835+0300: 23.106: [GC remark 2016-06-27T20:25:20.835+0300: 23.107: [Finalize Marking, 0.0001916 secs] 2016-06-27T20:25:20.835+0300: 23.107: [GC ref-proc, 0.0000565 secs] 2016-06-27T20:25:20.835+0300: 23.107: [Unloading, 0.0008117 secs], 0.0036945 secs]
 [Times: user=0.00 sys=0.00, real=0.00 secs] 
2016-06-27T20:25:20.838+0300: 23.110: Total time for which application threads were stopped: 0.0047705 seconds, Stopping threads took: 0.0006778 seconds
2016-06-27T20:25:20.841+0300: 23.113: [GC cleanup 459M->459M(478M), 0.0004362 secs]
 [Times: user=0.00 sys=0.00, real=0.00 secs] 
2016-06-27T20:25:20.842+0300: 23.114: Total time for which application threads were stopped: 0.0008784 seconds, Stopping threads took: 0.0000624 seconds
2016-06-27T20:25:20.950+0300: 23.222: [GC pause (G1 Evacuation Pause) (young)
Desired survivor size 1572864 bytes, new threshold 1 (max 15)
- age   1:    3100376 bytes,    3100376 total
, 0.0022413 secs]
   [Parallel Time: 1.8 ms, GC Workers: 4]
      [GC Worker Start (ms): Min: 23221.9, Avg: 23221.9, Max: 23222.0, Diff: 0.1]
      [Ext Root Scanning (ms): Min: 0.4, Avg: 0.5, Max: 0.5, Diff: 0.1, Sum: 1.9]
      [Update RS (ms): Min: 0.2, Avg: 0.4, Max: 0.6, Diff: 0.4, Sum: 1.6]
         [Processed Buffers: Min: 1, Avg: 3.8, Max: 12, Diff: 11, Sum: 15]
      [Scan RS (ms): Min: 0.0, Avg: 0.0, Max: 0.0, Diff: 0.0, Sum: 0.0]
      [Code Root Scanning (ms): Min: 0.0, Avg: 0.0, Max: 0.0, Diff: 0.0, Sum: 0.0]
      [Object Copy (ms): Min: 0.7, Avg: 0.9, Max: 1.1, Diff: 0.4, Sum: 3.6]
      [Termination (ms): Min: 0.0, Avg: 0.0, Max: 0.0, Diff: 0.0, Sum: 0.0]
         [Termination Attempts: Min: 1, Avg: 1.0, Max: 1, Diff: 0, Sum: 4]
      [GC Worker Other (ms): Min: 0.0, Avg: 0.0, Max: 0.0, Diff: 0.0, Sum: 0.0]
      [GC Worker Total (ms): Min: 1.7, Avg: 1.8, Max: 1.8, Diff: 0.1, Sum: 7.0]
      [GC Worker End (ms): Min: 23223.7, Avg: 23223.7, Max: 23223.7, Diff: 0.0]
   [Code Root Fixup: 0.0 ms]
   [Code Root Purge: 0.0 ms]
   [Clear CT: 0.0 ms]
   [Other: 0.4 ms]
      [Choose CSet: 0.0 ms]
      [Ref Proc: 0.0 ms]
      [Ref Enq: 0.0 ms]
      [Redirty Cards: 0.0 ms]
      [Humongous Register: 0.0 ms]
      [Humongous Reclaim: 0.0 ms]
      [Free CSet: 0.0 ms]
   [Eden: 20.0M(20.0M)->0.0B(21.0M) Survivors: 3072.0K->3072.0K Heap: 472.0M(478.0M)->457.0M(480.0M)]
 [Times: user=0.00 sys=0.00, real=0.00 secs] 
2016-06-27T20:25:20.952+0300: 23.224: Total time for which application threads were stopped: 0.0052559 seconds, Stopping threads took: 0.0024616 seconds
2016-06-27T20:25:21.129+0300: 23.401: [GC pause (G1 Evacuation Pause) (mixed)
Desired survivor size 1572864 bytes, new threshold 1 (max 15)
- age   1:    2834944 bytes,    2834944 total
, 0.0033135 secs]
   [Parallel Time: 2.8 ms, GC Workers: 4]
      [GC Worker Start (ms): Min: 23400.9, Avg: 23400.9, Max: 23400.9, Diff: 0.1]
      [Ext Root Scanning (ms): Min: 0.4, Avg: 0.5, Max: 0.5, Diff: 0.1, Sum: 1.8]
      [Update RS (ms): Min: 0.0, Avg: 0.3, Max: 0.7, Diff: 0.7, Sum: 1.3]
         [Processed Buffers: Min: 0, Avg: 4.5, Max: 9, Diff: 9, Sum: 18]
      [Scan RS (ms): Min: 0.0, Avg: 0.0, Max: 0.1, Diff: 0.0, Sum: 0.1]
      [Code Root Scanning (ms): Min: 0.0, Avg: 0.0, Max: 0.0, Diff: 0.0, Sum: 0.0]
      [Object Copy (ms): Min: 1.7, Avg: 2.0, Max: 2.3, Diff: 0.6, Sum: 7.9]
      [Termination (ms): Min: 0.0, Avg: 0.0, Max: 0.0, Diff: 0.0, Sum: 0.0]
         [Termination Attempts: Min: 1, Avg: 1.0, Max: 1, Diff: 0, Sum: 4]
      [GC Worker Other (ms): Min: 0.0, Avg: 0.0, Max: 0.0, Diff: 0.0, Sum: 0.0]
      [GC Worker Total (ms): Min: 2.7, Avg: 2.8, Max: 2.8, Diff: 0.1, Sum: 11.1]
      [GC Worker End (ms): Min: 23403.7, Avg: 23403.7, Max: 23403.7, Diff: 0.0]
   [Code Root Fixup: 0.0 ms]
   [Code Root Purge: 0.0 ms]
   [Clear CT: 0.0 ms]
   [Other: 0.4 ms]
      [Choose CSet: 0.0 ms]
      [Ref Proc: 0.1 ms]
      [Ref Enq: 0.0 ms]
      [Redirty Cards: 0.0 ms]
      [Humongous Register: 0.0 ms]
      [Humongous Reclaim: 0.0 ms]
      [Free CSet: 0.0 ms]
   [Eden: 21.0M(21.0M)->0.0B(21.0M) Survivors: 3072.0K->3072.0K Heap: 478.0M(480.0M)->458.0M(489.0M)]
 [Times: user=0.05 sys=0.00, real=0.01 secs] 
2016-06-27T20:25:21.138+0300: 23.410: Total time for which application threads were stopped: 0.0100537 seconds, Stopping threads took: 0.0004969 seconds
2016-06-27T20:25:21.311+0300: 23.584: [GC pause (G1 Evacuation Pause) (young)
Desired survivor size 1572864 bytes, new threshold 1 (max 15)
- age   1:    3032696 bytes,    3032696 total
, 0.0022101 secs]
   [Parallel Time: 1.8 ms, GC Workers: 4]
      [GC Worker Start (ms): Min: 23583.7, Avg: 23583.7, Max: 23583.7, Diff: 0.0]
      [Ext Root Scanning (ms): Min: 0.4, Avg: 0.4, Max: 0.4, Diff: 0.0, Sum: 1.6]
      [Update RS (ms): Min: 0.3, Avg: 0.4, Max: 0.4, Diff: 0.1, Sum: 1.5]
         [Processed Buffers: Min: 1, Avg: 4.3, Max: 8, Diff: 7, Sum: 17]
      [Scan RS (ms): Min: 0.0, Avg: 0.0, Max: 0.0, Diff: 0.0, Sum: 0.0]
      [Code Root Scanning (ms): Min: 0.0, Avg: 0.0, Max: 0.0, Diff: 0.0, Sum: 0.0]
      [Object Copy (ms): Min: 0.9, Avg: 0.9, Max: 1.0, Diff: 0.0, Sum: 3.8]
      [Termination (ms): Min: 0.0, Avg: 0.0, Max: 0.0, Diff: 0.0, Sum: 0.0]
         [Termination Attempts: Min: 1, Avg: 1.0, Max: 1, Diff: 0, Sum: 4]
      [GC Worker Other (ms): Min: 0.0, Avg: 0.0, Max: 0.0, Diff: 0.0, Sum: 0.1]
      [GC Worker Total (ms): Min: 1.7, Avg: 1.7, Max: 1.8, Diff: 0.0, Sum: 7.0]
      [GC Worker End (ms): Min: 23585.5, Avg: 23585.5, Max: 23585.5, Diff: 0.0]
   [Code Root Fixup: 0.0 ms]
   [Code Root Purge: 0.0 ms]
   [Clear CT: 0.0 ms]
   [Other: 0.4 ms]
      [Choose CSet: 0.0 ms]
      [Ref Proc: 0.0 ms]
      [Ref Enq: 0.0 ms]
      [Redirty Cards: 0.0 ms]
      [Humongous Register: 0.0 ms]
      [Humongous Reclaim: 0.0 ms]
      [Free CSet: 0.0 ms]
   [Eden: 21.0M(21.0M)->0.0B(21.0M) Survivors: 3072.0K->3072.0K Heap: 479.0M(489.0M)->463.0M(489.0M)]
 [Times: user=0.00 sys=0.00, real=0.00 secs] 
2016-06-27T20:25:21.314+0300: 23.586: Total time for which application threads were stopped: 0.0031150 seconds, Stopping threads took: 0.0002998 seconds
2016-06-27T20:25:21.493+0300: 23.765: [GC pause (G1 Evacuation Pause) (young) (initial-mark)
Desired survivor size 1572864 bytes, new threshold 1 (max 15)
- age   1:    3093616 bytes,    3093616 total
, 0.0023406 secs]
   [Parallel Time: 1.9 ms, GC Workers: 4]
      [GC Worker Start (ms): Min: 23765.3, Avg: 23765.3, Max: 23765.3, Diff: 0.0]
      [Ext Root Scanning (ms): Min: 0.4, Avg: 0.4, Max: 0.5, Diff: 0.1, Sum: 1.7]
      [Update RS (ms): Min: 0.2, Avg: 0.3, Max: 0.4, Diff: 0.2, Sum: 1.3]
         [Processed Buffers: Min: 1, Avg: 5.8, Max: 9, Diff: 8, Sum: 23]
      [Scan RS (ms): Min: 0.0, Avg: 0.0, Max: 0.0, Diff: 0.0, Sum: 0.0]
      [Code Root Scanning (ms): Min: 0.0, Avg: 0.0, Max: 0.0, Diff: 0.0, Sum: 0.0]
      [Object Copy (ms): Min: 1.1, Avg: 1.1, Max: 1.2, Diff: 0.1, Sum: 4.6]
      [Termination (ms): Min: 0.0, Avg: 0.0, Max: 0.0, Diff: 0.0, Sum: 0.0]
         [Termination Attempts: Min: 1, Avg: 1.0, Max: 1, Diff: 0, Sum: 4]
      [GC Worker Other (ms): Min: 0.0, Avg: 0.0, Max: 0.0, Diff: 0.0, Sum: 0.0]
      [GC Worker Total (ms): Min: 1.9, Avg: 1.9, Max: 1.9, Diff: 0.0, Sum: 7.7]
      [GC Worker End (ms): Min: 23767.2, Avg: 23767.2, Max: 23767.2, Diff: 0.0]
   [Code Root Fixup: 0.0 ms]
   [Code Root Purge: 0.0 ms]
   [Clear CT: 0.0 ms]
   [Other: 0.4 ms]
      [Choose CSet: 0.0 ms]
      [Ref Proc: 0.0 ms]
      [Ref Enq: 0.0 ms]
      [Redirty Cards: 0.0 ms]
      [Humongous Register: 0.0 ms]
      [Humongous Reclaim: 0.0 ms]
      [Free CSet: 0.0 ms]
   [Eden: 21.0M(21.0M)->0.0B(21.0M) Survivors: 3072.0K->3072.0K Heap: 484.0M(489.0M)->468.0M(492.0M)]
 [Times: user=0.00 sys=0.00, real=0.00 secs] 
2016-06-27T20:25:21.495+0300: 23.768: [GC concurrent-root-region-scan-start]
2016-06-27T20:25:21.495+0300: 23.768: Total time for which application threads were stopped: 0.0030889 seconds, Stopping threads took: 0.0003532 seconds
2016-06-27T20:25:21.496+0300: 23.768: [GC concurrent-root-region-scan-end, 0.0002793 secs]
2016-06-27T20:25:21.496+0300: 23.768: [GC concurrent-mark-start]
2016-06-27T20:25:21.523+0300: 23.795: [GC concurrent-mark-end, 0.0222517 secs]
2016-06-27T20:25:21.530+0300: 23.802: [GC remark 2016-06-27T20:25:21.530+0300: 23.802: [Finalize Marking, 0.0001860 secs] 2016-06-27T20:25:21.530+0300: 23.802: [GC ref-proc, 0.0000406 secs] 2016-06-27T20:25:21.530+0300: 23.802: [Unloading, 0.0006201 secs], 0.0029115 secs]
 [Times: user=0.00 sys=0.00, real=0.00 secs] 
2016-06-27T20:25:21.533+0300: 23.805: Total time for which application threads were stopped: 0.0033229 seconds, Stopping threads took: 0.0001390 seconds
2016-06-27T20:25:21.565+0300: 23.837: [GC cleanup 476M->476M(492M), 0.0004478 secs]
 [Times: user=0.00 sys=0.00, real=0.00 secs] 
2016-06-27T20:25:21.566+0300: 23.838: Total time for which application threads were stopped: 0.0008070 seconds, Stopping threads took: 0.0000992 seconds
2016-06-27T20:25:21.668+0300: 23.940: [GC pause (G1 Evacuation Pause) (young)
Desired survivor size 1572864 bytes, new threshold 1 (max 15)
- age   1:    2716648 bytes,    2716648 total
, 0.0021823 secs]
   [Parallel Time: 1.9 ms, GC Workers: 4]
      [GC Worker Start (ms): Min: 23940.4, Avg: 23940.4, Max: 23940.4, Diff: 0.0]
      [Ext Root Scanning (ms): Min: 0.4, Avg: 0.4, Max: 0.4, Diff: 0.1, Sum: 1.7]
      [Update RS (ms): Min: 0.3, Avg: 0.4, Max: 0.5, Diff: 0.2, Sum: 1.5]
         [Processed Buffers: Min: 1, Avg: 4.8, Max: 9, Diff: 8, Sum: 19]
      [Scan RS (ms): Min: 0.0, Avg: 0.0, Max: 0.0, Diff: 0.0, Sum: 0.0]
      [Code Root Scanning (ms): Min: 0.0, Avg: 0.0, Max: 0.0, Diff: 0.0, Sum: 0.0]
      [Object Copy (ms): Min: 0.9, Avg: 1.0, Max: 1.1, Diff: 0.2, Sum: 4.1]
      [Termination (ms): Min: 0.0, Avg: 0.0, Max: 0.0, Diff: 0.0, Sum: 0.0]
         [Termination Attempts: Min: 1, Avg: 1.0, Max: 1, Diff: 0, Sum: 4]
      [GC Worker Other (ms): Min: 0.0, Avg: 0.0, Max: 0.0, Diff: 0.0, Sum: 0.0]
      [GC Worker Total (ms): Min: 1.8, Avg: 1.8, Max: 1.9, Diff: 0.0, Sum: 7.4]
      [GC Worker End (ms): Min: 23942.3, Avg: 23942.3, Max: 23942.3, Diff: 0.0]
   [Code Root Fixup: 0.0 ms]
   [Code Root Purge: 0.0 ms]
   [Clear CT: 0.0 ms]
   [Other: 0.3 ms]
      [Choose CSet: 0.0 ms]
      [Ref Proc: 0.0 ms]
      [Ref Enq: 0.0 ms]
      [Redirty Cards: 0.0 ms]
      [Humongous Register: 0.0 ms]
      [Humongous Reclaim: 0.0 ms]
      [Free CSet: 0.0 ms]
   [Eden: 21.0M(21.0M)->0.0B(21.0M) Survivors: 3072.0K->3072.0K Heap: 489.0M(492.0M)->472.0M(496.0M)]
 [Times: user=0.00 sys=0.00, real=0.00 secs] 
2016-06-27T20:25:21.671+0300: 23.943: Total time for which application threads were stopped: 0.0030697 seconds, Stopping threads took: 0.0004473 seconds
2016-06-27T20:25:21.847+0300: 24.119: [GC pause (G1 Evacuation Pause) (mixed)
Desired survivor size 1572864 bytes, new threshold 1 (max 15)
- age   1:    3094784 bytes,    3094784 total
, 0.0040336 secs]
   [Parallel Time: 3.7 ms, GC Workers: 4]
      [GC Worker Start (ms): Min: 24119.1, Avg: 24119.1, Max: 24119.2, Diff: 0.0]
      [Ext Root Scanning (ms): Min: 0.4, Avg: 0.4, Max: 0.4, Diff: 0.0, Sum: 1.7]
      [Update RS (ms): Min: 0.2, Avg: 0.4, Max: 0.5, Diff: 0.3, Sum: 1.4]
         [Processed Buffers: Min: 1, Avg: 4.5, Max: 12, Diff: 11, Sum: 18]
      [Scan RS (ms): Min: 0.0, Avg: 0.1, Max: 0.2, Diff: 0.2, Sum: 0.4]
      [Code Root Scanning (ms): Min: 0.0, Avg: 0.0, Max: 0.0, Diff: 0.0, Sum: 0.0]
      [Object Copy (ms): Min: 2.7, Avg: 2.8, Max: 2.8, Diff: 0.2, Sum: 11.1]
      [Termination (ms): Min: 0.0, Avg: 0.0, Max: 0.0, Diff: 0.0, Sum: 0.0]
         [Termination Attempts: Min: 1, Avg: 1.0, Max: 1, Diff: 0, Sum: 4]
      [GC Worker Other (ms): Min: 0.0, Avg: 0.0, Max: 0.0, Diff: 0.0, Sum: 0.0]
      [GC Worker Total (ms): Min: 3.7, Avg: 3.7, Max: 3.7, Diff: 0.0, Sum: 14.6]
      [GC Worker End (ms): Min: 24122.8, Avg: 24122.8, Max: 24122.8, Diff: 0.0]
   [Code Root Fixup: 0.0 ms]
   [Code Root Purge: 0.0 ms]
   [Clear CT: 0.0 ms]
   [Other: 0.3 ms]
      [Choose CSet: 0.0 ms]
      [Ref Proc: 0.0 ms]
      [Ref Enq: 0.0 ms]
      [Redirty Cards: 0.0 ms]
      [Humongous Register: 0.0 ms]
      [Humongous Reclaim: 0.0 ms]
      [Free CSet: 0.0 ms]
   [Eden: 21.0M(21.0M)->0.0B(22.0M) Survivors: 3072.0K->3072.0K Heap: 493.0M(496.0M)->470.5M(509.0M)]
 [Times: user=0.06 sys=0.00, real=0.00 secs] 
2016-06-27T20:25:21.851+0300: 24.123: Total time for which application threads were stopped: 0.0047183 seconds, Stopping threads took: 0.0002686 seconds
2016-06-27T20:25:22.039+0300: 24.311: [GC pause (G1 Evacuation Pause) (young)
Desired survivor size 2097152 bytes, new threshold 1 (max 15)
- age   1:    2382160 bytes,    2382160 total
, 0.0024479 secs]
   [Parallel Time: 2.0 ms, GC Workers: 4]
      [GC Worker Start (ms): Min: 24311.4, Avg: 24311.4, Max: 24311.5, Diff: 0.0]
      [Ext Root Scanning (ms): Min: 0.4, Avg: 0.4, Max: 0.5, Diff: 0.1, Sum: 1.7]
      [Update RS (ms): Min: 0.6, Avg: 0.6, Max: 0.7, Diff: 0.1, Sum: 2.5]
         [Processed Buffers: Min: 1, Avg: 4.3, Max: 9, Diff: 8, Sum: 17]
      [Scan RS (ms): Min: 0.0, Avg: 0.0, Max: 0.0, Diff: 0.0, Sum: 0.0]
      [Code Root Scanning (ms): Min: 0.0, Avg: 0.0, Max: 0.0, Diff: 0.0, Sum: 0.0]
      [Object Copy (ms): Min: 0.8, Avg: 0.9, Max: 1.0, Diff: 0.1, Sum: 3.6]
      [Termination (ms): Min: 0.0, Avg: 0.0, Max: 0.0, Diff: 0.0, Sum: 0.0]
         [Termination Attempts: Min: 1, Avg: 1.0, Max: 1, Diff: 0, Sum: 4]
      [GC Worker Other (ms): Min: 0.0, Avg: 0.0, Max: 0.0, Diff: 0.0, Sum: 0.1]
      [GC Worker Total (ms): Min: 2.0, Avg: 2.0, Max: 2.0, Diff: 0.0, Sum: 7.9]
      [GC Worker End (ms): Min: 24313.4, Avg: 24313.4, Max: 24313.4, Diff: 0.0]
   [Code Root Fixup: 0.0 ms]
   [Code Root Purge: 0.0 ms]
   [Clear CT: 0.0 ms]
   [Other: 0.4 ms]
      [Choose CSet: 0.0 ms]
      [Ref Proc: 0.0 ms]
      [Ref Enq: 0.0 ms]
      [Redirty Cards: 0.0 ms]
      [Humongous Register: 0.0 ms]
      [Humongous Reclaim: 0.0 ms]
      [Free CSet: 0.0 ms]
   [Eden: 22.0M(22.0M)->0.0B(21.0M) Survivors: 3072.0K->4096.0K Heap: 492.5M(509.0M)->475.0M(509.0M)]
 [Times: user=0.00 sys=0.00, real=0.00 secs] 
2016-06-27T20:25:22.042+0300: 24.314: Total time for which application threads were stopped: 0.0033156 seconds, Stopping threads took: 0.0004020 seconds
2016-06-27T20:25:22.220+0300: 24.492: [GC pause (G1 Evacuation Pause) (young) (initial-mark)
Desired survivor size 2097152 bytes, new threshold 1 (max 15)
- age   1:    3913296 bytes,    3913296 total
, 0.0022379 secs]
   [Parallel Time: 1.9 ms, GC Workers: 4]
      [GC Worker Start (ms): Min: 24492.0, Avg: 24492.0, Max: 24492.0, Diff: 0.0]
      [Ext Root Scanning (ms): Min: 0.3, Avg: 0.4, Max: 0.4, Diff: 0.1, Sum: 1.6]
      [Update RS (ms): Min: 0.2, Avg: 0.3, Max: 0.3, Diff: 0.1, Sum: 1.1]
         [Processed Buffers: Min: 2, Avg: 5.0, Max: 9, Diff: 7, Sum: 20]
      [Scan RS (ms): Min: 0.0, Avg: 0.0, Max: 0.0, Diff: 0.0, Sum: 0.0]
      [Code Root Scanning (ms): Min: 0.0, Avg: 0.0, Max: 0.0, Diff: 0.0, Sum: 0.0]
      [Object Copy (ms): Min: 1.1, Avg: 1.2, Max: 1.2, Diff: 0.1, Sum: 4.6]
      [Termination (ms): Min: 0.0, Avg: 0.0, Max: 0.0, Diff: 0.0, Sum: 0.0]
         [Termination Attempts: Min: 1, Avg: 1.0, Max: 1, Diff: 0, Sum: 4]
      [GC Worker Other (ms): Min: 0.0, Avg: 0.0, Max: 0.0, Diff: 0.0, Sum: 0.1]
      [GC Worker Total (ms): Min: 1.8, Avg: 1.8, Max: 1.9, Diff: 0.0, Sum: 7.4]
      [GC Worker End (ms): Min: 24493.9, Avg: 24493.9, Max: 24493.9, Diff: 0.0]
   [Code Root Fixup: 0.0 ms]
   [Code Root Purge: 0.0 ms]
   [Clear CT: 0.0 ms]
   [Other: 0.3 ms]
      [Choose CSet: 0.0 ms]
      [Ref Proc: 0.0 ms]
      [Ref Enq: 0.0 ms]
      [Redirty Cards: 0.0 ms]
      [Humongous Register: 0.0 ms]
      [Humongous Reclaim: 0.0 ms]
      [Free CSet: 0.0 ms]
   [Eden: 21.0M(21.0M)->0.0B(21.0M) Survivors: 4096.0K->4096.0K Heap: 496.0M(509.0M)->479.5M(509.0M)]
 [Times: user=0.00 sys=0.00, real=0.00 secs] 
2016-06-27T20:25:22.222+0300: 24.494: [GC concurrent-root-region-scan-start]
2016-06-27T20:25:22.222+0300: 24.494: Total time for which application threads were stopped: 0.0030009 seconds, Stopping threads took: 0.0003836 seconds
2016-06-27T20:25:22.222+0300: 24.495: [GC concurrent-root-region-scan-end, 0.0004225 secs]
2016-06-27T20:25:22.222+0300: 24.495: [GC concurrent-mark-start]
2016-06-27T20:25:22.253+0300: 24.525: [GC concurrent-mark-end, 0.0272091 secs]
2016-06-27T20:25:22.287+0300: 24.559: [GC remark 2016-06-27T20:25:22.287+0300: 24.559: [Finalize Marking, 0.0001510 secs] 2016-06-27T20:25:22.287+0300: 24.559: [GC ref-proc, 0.0000556 secs] 2016-06-27T20:25:22.287+0300: 24.559: [Unloading, 0.0007219 secs], 0.0031082 secs]
 [Times: user=0.00 sys=0.00, real=0.00 secs] 
2016-06-27T20:25:22.290+0300: 24.562: Total time for which application threads were stopped: 0.0035598 seconds, Stopping threads took: 0.0001612 seconds
2016-06-27T20:25:22.322+0300: 24.594: [GC cleanup 492M->492M(509M), 0.0005008 secs]
 [Times: user=0.00 sys=0.00, real=0.00 secs] 
2016-06-27T20:25:22.323+0300: 24.595: Total time for which application threads were stopped: 0.0009028 seconds, Stopping threads took: 0.0001279 seconds
2016-06-27T20:25:22.395+0300: 24.667: [GC pause (G1 Evacuation Pause) (young)
Desired survivor size 2097152 bytes, new threshold 1 (max 15)
- age   1:    3684832 bytes,    3684832 total
, 0.0023192 secs]
   [Parallel Time: 2.0 ms, GC Workers: 4]
      [GC Worker Start (ms): Min: 24667.2, Avg: 24667.2, Max: 24667.3, Diff: 0.0]
      [Ext Root Scanning (ms): Min: 0.5, Avg: 0.5, Max: 0.5, Diff: 0.0, Sum: 1.9]
      [Update RS (ms): Min: 0.3, Avg: 0.4, Max: 0.5, Diff: 0.2, Sum: 1.6]
         [Processed Buffers: Min: 1, Avg: 3.8, Max: 7, Diff: 6, Sum: 15]
      [Scan RS (ms): Min: 0.0, Avg: 0.0, Max: 0.0, Diff: 0.0, Sum: 0.0]
      [Code Root Scanning (ms): Min: 0.0, Avg: 0.0, Max: 0.0, Diff: 0.0, Sum: 0.0]
      [Object Copy (ms): Min: 1.0, Avg: 1.1, Max: 1.1, Diff: 0.1, Sum: 4.2]
      [Termination (ms): Min: 0.0, Avg: 0.0, Max: 0.0, Diff: 0.0, Sum: 0.0]
         [Termination Attempts: Min: 1, Avg: 1.0, Max: 1, Diff: 0, Sum: 4]
      [GC Worker Other (ms): Min: 0.0, Avg: 0.0, Max: 0.0, Diff: 0.0, Sum: 0.1]
      [GC Worker Total (ms): Min: 1.9, Avg: 1.9, Max: 1.9, Diff: 0.0, Sum: 7.8]
      [GC Worker End (ms): Min: 24669.2, Avg: 24669.2, Max: 24669.2, Diff: 0.0]
   [Code Root Fixup: 0.0 ms]
   [Code Root Purge: 0.0 ms]
   [Clear CT: 0.0 ms]
   [Other: 0.3 ms]
      [Choose CSet: 0.0 ms]
      [Ref Proc: 0.0 ms]
      [Ref Enq: 0.0 ms]
      [Redirty Cards: 0.0 ms]
      [Humongous Register: 0.0 ms]
      [Humongous Reclaim: 0.0 ms]
      [Free CSet: 0.0 ms]
   [Eden: 21.0M(21.0M)->0.0B(21.0M) Survivors: 4096.0K->4096.0K Heap: 500.5M(509.0M)->484.0M(509.0M)]
 [Times: user=0.00 sys=0.00, real=0.00 secs] 
2016-06-27T20:25:22.398+0300: 24.670: Total time for which application threads were stopped: 0.0030530 seconds, Stopping threads took: 0.0002442 seconds
2016-06-27T20:25:22.575+0300: 24.847: [GC pause (G1 Evacuation Pause) (mixed)
Desired survivor size 2097152 bytes, new threshold 1 (max 15)
- age   1:    3764424 bytes,    3764424 total
, 0.0069857 secs]
   [Parallel Time: 6.6 ms, GC Workers: 4]
      [GC Worker Start (ms): Min: 24847.3, Avg: 24847.3, Max: 24847.3, Diff: 0.0]
      [Ext Root Scanning (ms): Min: 0.4, Avg: 0.5, Max: 0.5, Diff: 0.1, Sum: 1.8]
      [Update RS (ms): Min: 0.5, Avg: 0.5, Max: 0.6, Diff: 0.1, Sum: 2.1]
         [Processed Buffers: Min: 1, Avg: 4.0, Max: 9, Diff: 8, Sum: 16]
      [Scan RS (ms): Min: 0.2, Avg: 0.2, Max: 0.3, Diff: 0.1, Sum: 1.0]
      [Code Root Scanning (ms): Min: 0.0, Avg: 0.0, Max: 0.0, Diff: 0.0, Sum: 0.0]
      [Object Copy (ms): Min: 5.3, Avg: 5.3, Max: 5.3, Diff: 0.0, Sum: 21.2]
      [Termination (ms): Min: 0.0, Avg: 0.0, Max: 0.0, Diff: 0.0, Sum: 0.0]
         [Termination Attempts: Min: 1, Avg: 1.0, Max: 1, Diff: 0, Sum: 4]
      [GC Worker Other (ms): Min: 0.0, Avg: 0.0, Max: 0.0, Diff: 0.0, Sum: 0.0]
      [GC Worker Total (ms): Min: 6.5, Avg: 6.5, Max: 6.6, Diff: 0.0, Sum: 26.2]
      [GC Worker End (ms): Min: 24853.9, Avg: 24853.9, Max: 24853.9, Diff: 0.0]
   [Code Root Fixup: 0.0 ms]
   [Code Root Purge: 0.0 ms]
   [Clear CT: 0.1 ms]
   [Other: 0.3 ms]
      [Choose CSet: 0.0 ms]
      [Ref Proc: 0.0 ms]
      [Ref Enq: 0.0 ms]
      [Redirty Cards: 0.0 ms]
      [Humongous Register: 0.0 ms]
      [Humongous Reclaim: 0.0 ms]
      [Free CSet: 0.1 ms]
   [Eden: 21.0M(21.0M)->0.0B(22.0M) Survivors: 4096.0K->4096.0K Heap: 505.0M(509.0M)->479.0M(532.0M)]
 [Times: user=0.00 sys=0.00, real=0.01 secs] 
2016-06-27T20:25:22.582+0300: 24.854: Total time for which application threads were stopped: 0.0077576 seconds, Stopping threads took: 0.0003156 seconds
2016-06-27T20:25:22.767+0300: 25.040: [GC pause (G1 Evacuation Pause) (young)
Desired survivor size 2097152 bytes, new threshold 1 (max 15)
- age   1:    3709800 bytes,    3709800 total
, 0.0030428 secs]
   [Parallel Time: 2.7 ms, GC Workers: 4]
      [GC Worker Start (ms): Min: 25039.8, Avg: 25039.8, Max: 25039.8, Diff: 0.0]
      [Ext Root Scanning (ms): Min: 0.4, Avg: 0.5, Max: 0.5, Diff: 0.1, Sum: 1.8]
      [Update RS (ms): Min: 1.0, Avg: 1.1, Max: 1.2, Diff: 0.2, Sum: 4.5]
         [Processed Buffers: Min: 3, Avg: 5.3, Max: 11, Diff: 8, Sum: 21]
      [Scan RS (ms): Min: 0.0, Avg: 0.0, Max: 0.0, Diff: 0.0, Sum: 0.0]
      [Code Root Scanning (ms): Min: 0.0, Avg: 0.0, Max: 0.0, Diff: 0.0, Sum: 0.0]
      [Object Copy (ms): Min: 1.0, Avg: 1.1, Max: 1.2, Diff: 0.1, Sum: 4.4]
      [Termination (ms): Min: 0.0, Avg: 0.0, Max: 0.0, Diff: 0.0, Sum: 0.0]
         [Termination Attempts: Min: 1, Avg: 1.0, Max: 1, Diff: 0, Sum: 4]
      [GC Worker Other (ms): Min: 0.0, Avg: 0.0, Max: 0.0, Diff: 0.0, Sum: 0.1]
      [GC Worker Total (ms): Min: 2.7, Avg: 2.7, Max: 2.7, Diff: 0.0, Sum: 10.8]
      [GC Worker End (ms): Min: 25042.4, Avg: 25042.4, Max: 25042.4, Diff: 0.0]
   [Code Root Fixup: 0.0 ms]
   [Code Root Purge: 0.0 ms]
   [Clear CT: 0.0 ms]
   [Other: 0.3 ms]
      [Choose CSet: 0.0 ms]
      [Ref Proc: 0.0 ms]
      [Ref Enq: 0.0 ms]
      [Redirty Cards: 0.0 ms]
      [Humongous Register: 0.0 ms]
      [Humongous Reclaim: 0.0 ms]
      [Free CSet: 0.0 ms]
   [Eden: 22.0M(22.0M)->0.0B(22.0M) Survivors: 4096.0K->4096.0K Heap: 501.0M(532.0M)->484.0M(532.0M)]
 [Times: user=0.06 sys=0.00, real=0.00 secs] 
2016-06-27T20:25:22.771+0300: 25.043: Total time for which application threads were stopped: 0.0038168 seconds, Stopping threads took: 0.0003922 seconds
2016-06-27T20:25:22.957+0300: 25.229: [GC pause (G1 Evacuation Pause) (young) (initial-mark)
Desired survivor size 2097152 bytes, new threshold 1 (max 15)
- age   1:    3718560 bytes,    3718560 total
, 0.0025753 secs]
   [Parallel Time: 2.1 ms, GC Workers: 4]
      [GC Worker Start (ms): Min: 25228.8, Avg: 25228.8, Max: 25228.9, Diff: 0.0]
      [Ext Root Scanning (ms): Min: 0.4, Avg: 0.4, Max: 0.5, Diff: 0.1, Sum: 1.8]
      [Update RS (ms): Min: 0.4, Avg: 0.5, Max: 0.6, Diff: 0.2, Sum: 2.1]
         [Processed Buffers: Min: 1, Avg: 5.5, Max: 10, Diff: 9, Sum: 22]
      [Scan RS (ms): Min: 0.0, Avg: 0.0, Max: 0.0, Diff: 0.0, Sum: 0.0]
      [Code Root Scanning (ms): Min: 0.0, Avg: 0.0, Max: 0.0, Diff: 0.0, Sum: 0.0]
      [Object Copy (ms): Min: 1.1, Avg: 1.1, Max: 1.2, Diff: 0.1, Sum: 4.4]
      [Termination (ms): Min: 0.0, Avg: 0.0, Max: 0.0, Diff: 0.0, Sum: 0.0]
         [Termination Attempts: Min: 1, Avg: 1.0, Max: 1, Diff: 0, Sum: 4]
      [GC Worker Other (ms): Min: 0.0, Avg: 0.0, Max: 0.0, Diff: 0.0, Sum: 0.1]
      [GC Worker Total (ms): Min: 2.1, Avg: 2.1, Max: 2.1, Diff: 0.0, Sum: 8.4]
      [GC Worker End (ms): Min: 25230.9, Avg: 25230.9, Max: 25230.9, Diff: 0.0]
   [Code Root Fixup: 0.0 ms]
   [Code Root Purge: 0.0 ms]
   [Clear CT: 0.0 ms]
   [Other: 0.4 ms]
      [Choose CSet: 0.0 ms]
      [Ref Proc: 0.0 ms]
      [Ref Enq: 0.0 ms]
      [Redirty Cards: 0.0 ms]
      [Humongous Register: 0.0 ms]
      [Humongous Reclaim: 0.0 ms]
      [Free CSet: 0.0 ms]
   [Eden: 22.0M(22.0M)->0.0B(22.0M) Survivors: 4096.0K->4096.0K Heap: 506.0M(532.0M)->488.5M(532.0M)]
 [Times: user=0.06 sys=0.00, real=0.00 secs] 
2016-06-27T20:25:22.960+0300: 25.232: [GC concurrent-root-region-scan-start]
2016-06-27T20:25:22.960+0300: 25.232: Total time for which application threads were stopped: 0.0034174 seconds, Stopping threads took: 0.0003195 seconds
2016-06-27T20:25:22.960+0300: 25.232: [GC concurrent-root-region-scan-end, 0.0002485 secs]
2016-06-27T20:25:22.960+0300: 25.232: [GC concurrent-mark-start]
2016-06-27T20:25:22.985+0300: 25.256: [GC concurrent-mark-end, 0.0244768 secs]
2016-06-27T20:25:23.018+0300: 25.289: [GC remark 2016-06-27T20:25:23.018+0300: 25.289: [Finalize Marking, 0.0001334 secs] 2016-06-27T20:25:23.018+0300: 25.290: [GC ref-proc, 0.0000560 secs] 2016-06-27T20:25:23.018+0300: 25.290: [Unloading, 0.0006222 secs], 0.0030107 secs]
 [Times: user=0.06 sys=0.00, real=0.00 secs] 
2016-06-27T20:25:23.021+0300: 25.292: Total time for which application threads were stopped: 0.0035448 seconds, Stopping threads took: 0.0002288 seconds
2016-06-27T20:25:23.138+0300: 25.410: [GC cleanup 510M->510M(532M), 0.0005282 secs]
 [Times: user=0.00 sys=0.00, real=0.00 secs] 
2016-06-27T20:25:23.139+0300: 25.411: Total time for which application threads were stopped: 0.0009994 seconds, Stopping threads took: 0.0002113 seconds
2016-06-27T20:25:23.139+0300: 25.411: [GC pause (G1 Evacuation Pause) (young)
Desired survivor size 2097152 bytes, new threshold 1 (max 15)
- age   1:    3578784 bytes,    3578784 total
, 0.0023568 secs]
   [Parallel Time: 2.0 ms, GC Workers: 4]
      [GC Worker Start (ms): Min: 25411.3, Avg: 25411.3, Max: 25411.3, Diff: 0.0]
      [Ext Root Scanning (ms): Min: 0.5, Avg: 0.5, Max: 0.5, Diff: 0.0, Sum: 2.0]
      [Update RS (ms): Min: 0.3, Avg: 0.3, Max: 0.4, Diff: 0.2, Sum: 1.3]
         [Processed Buffers: Min: 1, Avg: 5.5, Max: 8, Diff: 7, Sum: 22]
      [Scan RS (ms): Min: 0.0, Avg: 0.0, Max: 0.0, Diff: 0.0, Sum: 0.0]
      [Code Root Scanning (ms): Min: 0.0, Avg: 0.0, Max: 0.0, Diff: 0.0, Sum: 0.0]
      [Object Copy (ms): Min: 1.0, Avg: 1.1, Max: 1.2, Diff: 0.2, Sum: 4.5]
      [Termination (ms): Min: 0.0, Avg: 0.0, Max: 0.0, Diff: 0.0, Sum: 0.0]
         [Termination Attempts: Min: 1, Avg: 1.0, Max: 1, Diff: 0, Sum: 4]
      [GC Worker Other (ms): Min: 0.0, Avg: 0.0, Max: 0.0, Diff: 0.0, Sum: 0.0]
      [GC Worker Total (ms): Min: 2.0, Avg: 2.0, Max: 2.0, Diff: 0.0, Sum: 7.9]
      [GC Worker End (ms): Min: 25413.3, Avg: 25413.3, Max: 25413.3, Diff: 0.0]
   [Code Root Fixup: 0.0 ms]
   [Code Root Purge: 0.0 ms]
   [Clear CT: 0.0 ms]
   [Other: 0.3 ms]
      [Choose CSet: 0.0 ms]
      [Ref Proc: 0.1 ms]
      [Ref Enq: 0.0 ms]
      [Redirty Cards: 0.0 ms]
      [Humongous Register: 0.0 ms]
      [Humongous Reclaim: 0.0 ms]
      [Free CSet: 0.0 ms]
   [Eden: 22.0M(22.0M)->0.0B(22.0M) Survivors: 4096.0K->4096.0K Heap: 510.5M(532.0M)->493.0M(532.0M)]
 [Times: user=0.00 sys=0.00, real=0.00 secs] 
2016-06-27T20:25:23.142+0300: 25.414: Total time for which application threads were stopped: 0.0027691 seconds, Stopping threads took: 0.0000449 seconds
2016-06-27T20:25:23.286+0300: 25.558: [GC pause (G1 Evacuation Pause) (mixed)
Desired survivor size 2097152 bytes, new threshold 1 (max 15)
- age   1:    3598152 bytes,    3598152 total
, 0.0079548 secs]
   [Parallel Time: 7.5 ms, GC Workers: 4]
      [GC Worker Start (ms): Min: 25558.3, Avg: 25558.3, Max: 25558.3, Diff: 0.0]
      [Ext Root Scanning (ms): Min: 0.5, Avg: 0.5, Max: 0.6, Diff: 0.1, Sum: 2.1]
      [Update RS (ms): Min: 0.3, Avg: 0.4, Max: 0.4, Diff: 0.1, Sum: 1.4]
         [Processed Buffers: Min: 1, Avg: 5.0, Max: 9, Diff: 8, Sum: 20]
      [Scan RS (ms): Min: 0.3, Avg: 0.4, Max: 0.4, Diff: 0.2, Sum: 1.5]
      [Code Root Scanning (ms): Min: 0.0, Avg: 0.0, Max: 0.0, Diff: 0.0, Sum: 0.0]
      [Object Copy (ms): Min: 6.1, Avg: 6.2, Max: 6.2, Diff: 0.1, Sum: 24.6]
      [Termination (ms): Min: 0.0, Avg: 0.0, Max: 0.0, Diff: 0.0, Sum: 0.1]
         [Termination Attempts: Min: 1, Avg: 1.0, Max: 1, Diff: 0, Sum: 4]
      [GC Worker Other (ms): Min: 0.0, Avg: 0.0, Max: 0.0, Diff: 0.0, Sum: 0.0]
      [GC Worker Total (ms): Min: 7.4, Avg: 7.4, Max: 7.5, Diff: 0.0, Sum: 29.8]
      [GC Worker End (ms): Min: 25565.7, Avg: 25565.8, Max: 25565.8, Diff: 0.0]
   [Code Root Fixup: 0.0 ms]
   [Code Root Purge: 0.0 ms]
   [Clear CT: 0.1 ms]
   [Other: 0.4 ms]
      [Choose CSet: 0.0 ms]
      [Ref Proc: 0.1 ms]
      [Ref Enq: 0.0 ms]
      [Redirty Cards: 0.0 ms]
      [Humongous Register: 0.0 ms]
      [Humongous Reclaim: 0.0 ms]
      [Free CSet: 0.1 ms]
   [Eden: 22.0M(22.0M)->0.0B(23.0M) Survivors: 4096.0K->4096.0K Heap: 515.0M(532.0M)->486.0M(549.0M)]
 [Times: user=0.00 sys=0.00, real=0.01 secs] 
2016-06-27T20:25:23.294+0300: 25.566: Total time for which application threads were stopped: 0.0087306 seconds, Stopping threads took: 0.0003276 seconds
2016-06-27T20:25:23.361+0300: 25.633: Total time for which application threads were stopped: 0.0022478 seconds, Stopping threads took: 0.0001518 seconds
2016-06-27T20:25:23.398+0300: 25.670: [GC pause (G1 Evacuation Pause) (young)
Desired survivor size 2097152 bytes, new threshold 1 (max 15)
- age   1:    3684024 bytes,    3684024 total
, 0.0042197 secs]
   [Parallel Time: 3.8 ms, GC Workers: 4]
      [GC Worker Start (ms): Min: 25670.4, Avg: 25670.4, Max: 25670.5, Diff: 0.1]
      [Ext Root Scanning (ms): Min: 0.6, Avg: 0.7, Max: 0.9, Diff: 0.3, Sum: 2.7]
      [Update RS (ms): Min: 1.2, Avg: 1.4, Max: 1.5, Diff: 0.4, Sum: 5.7]
         [Processed Buffers: Min: 3, Avg: 6.0, Max: 9, Diff: 6, Sum: 24]
      [Scan RS (ms): Min: 0.0, Avg: 0.0, Max: 0.0, Diff: 0.0, Sum: 0.0]
      [Code Root Scanning (ms): Min: 0.0, Avg: 0.0, Max: 0.0, Diff: 0.0, Sum: 0.0]
      [Object Copy (ms): Min: 1.6, Avg: 1.6, Max: 1.7, Diff: 0.1, Sum: 6.5]
      [Termination (ms): Min: 0.0, Avg: 0.0, Max: 0.0, Diff: 0.0, Sum: 0.0]
         [Termination Attempts: Min: 1, Avg: 1.3, Max: 2, Diff: 1, Sum: 5]
      [GC Worker Other (ms): Min: 0.0, Avg: 0.0, Max: 0.0, Diff: 0.0, Sum: 0.1]
      [GC Worker Total (ms): Min: 3.7, Avg: 3.8, Max: 3.8, Diff: 0.1, Sum: 15.0]
      [GC Worker End (ms): Min: 25674.1, Avg: 25674.1, Max: 25674.1, Diff: 0.0]
   [Code Root Fixup: 0.0 ms]
   [Code Root Purge: 0.0 ms]
   [Clear CT: 0.0 ms]
   [Other: 0.4 ms]
      [Choose CSet: 0.0 ms]
      [Ref Proc: 0.1 ms]
      [Ref Enq: 0.0 ms]
      [Redirty Cards: 0.0 ms]
      [Humongous Register: 0.0 ms]
      [Humongous Reclaim: 0.0 ms]
      [Free CSet: 0.0 ms]
   [Eden: 23.0M(23.0M)->0.0B(23.0M) Survivors: 4096.0K->4096.0K Heap: 509.0M(549.0M)->492.0M(549.0M)]
 [Times: user=0.00 sys=0.00, real=0.00 secs] 
2016-06-27T20:25:23.403+0300: 25.675: Total time for which application threads were stopped: 0.0048150 seconds, Stopping threads took: 0.0000582 seconds
2016-06-27T20:25:23.570+0300: 25.843: [GC pause (G1 Evacuation Pause) (young) (initial-mark)
Desired survivor size 2097152 bytes, new threshold 1 (max 15)
- age   1:    3461168 bytes,    3461168 total
, 0.0030389 secs]
   [Parallel Time: 2.6 ms, GC Workers: 4]
      [GC Worker Start (ms): Min: 25842.9, Avg: 25842.9, Max: 25842.9, Diff: 0.0]
      [Ext Root Scanning (ms): Min: 0.5, Avg: 0.5, Max: 0.6, Diff: 0.1, Sum: 2.0]
      [Update RS (ms): Min: 0.6, Avg: 0.7, Max: 0.8, Diff: 0.1, Sum: 2.8]
         [Processed Buffers: Min: 3, Avg: 6.3, Max: 9, Diff: 6, Sum: 25]
      [Scan RS (ms): Min: 0.0, Avg: 0.0, Max: 0.0, Diff: 0.0, Sum: 0.0]
      [Code Root Scanning (ms): Min: 0.0, Avg: 0.0, Max: 0.0, Diff: 0.0, Sum: 0.0]
      [Object Copy (ms): Min: 1.3, Avg: 1.4, Max: 1.4, Diff: 0.1, Sum: 5.4]
      [Termination (ms): Min: 0.0, Avg: 0.0, Max: 0.0, Diff: 0.0, Sum: 0.0]
         [Termination Attempts: Min: 1, Avg: 1.3, Max: 2, Diff: 1, Sum: 5]
      [GC Worker Other (ms): Min: 0.0, Avg: 0.0, Max: 0.0, Diff: 0.0, Sum: 0.0]
      [GC Worker Total (ms): Min: 2.6, Avg: 2.6, Max: 2.6, Diff: 0.0, Sum: 10.2]
      [GC Worker End (ms): Min: 25845.4, Avg: 25845.4, Max: 25845.4, Diff: 0.0]
   [Code Root Fixup: 0.0 ms]
   [Code Root Purge: 0.0 ms]
   [Clear CT: 0.0 ms]
   [Other: 0.4 ms]
      [Choose CSet: 0.0 ms]
      [Ref Proc: 0.0 ms]
      [Ref Enq: 0.0 ms]
      [Redirty Cards: 0.0 ms]
      [Humongous Register: 0.0 ms]
      [Humongous Reclaim: 0.0 ms]
      [Free CSet: 0.0 ms]
   [Eden: 23.0M(23.0M)->0.0B(23.0M) Survivors: 4096.0K->4096.0K Heap: 515.0M(549.0M)->496.5M(549.0M)]
 [Times: user=0.00 sys=0.00, real=0.00 secs] 
2016-06-27T20:25:23.574+0300: 25.846: [GC concurrent-root-region-scan-start]
2016-06-27T20:25:23.574+0300: 25.846: Total time for which application threads were stopped: 0.0039721 seconds, Stopping threads took: 0.0003849 seconds
2016-06-27T20:25:23.574+0300: 25.846: [GC concurrent-root-region-scan-end, 0.0005393 secs]
2016-06-27T20:25:23.574+0300: 25.847: [GC concurrent-mark-start]
2016-06-27T20:25:23.606+0300: 25.878: [GC concurrent-mark-end, 0.0316674 secs]
2016-06-27T20:25:23.633+0300: 25.905: Total time for which application threads were stopped: 0.0010473 seconds, Stopping threads took: 0.0004392 seconds
2016-06-27T20:25:23.636+0300: 25.909: Total time for which application threads were stopped: 0.0002318 seconds, Stopping threads took: 0.0000577 seconds
2016-06-27T20:25:23.637+0300: 25.909: Total time for which application threads were stopped: 0.0002014 seconds, Stopping threads took: 0.0000539 seconds
2016-06-27T20:25:23.637+0300: 25.910: Total time for which application threads were stopped: 0.0002587 seconds, Stopping threads took: 0.0000398 seconds
2016-06-27T20:25:23.643+0300: 25.916: Total time for which application threads were stopped: 0.0001865 seconds, Stopping threads took: 0.0000453 seconds
2016-06-27T20:25:23.692+0300: 25.967: [GC pause (G1 Evacuation Pause) (young)
Desired survivor size 2097152 bytes, new threshold 1 (max 15)
- age   1:    3671072 bytes,    3671072 total
, 0.0028422 secs]
   [Parallel Time: 2.5 ms, GC Workers: 4]
      [GC Worker Start (ms): Min: 25967.2, Avg: 25967.2, Max: 25967.2, Diff: 0.0]
      [Ext Root Scanning (ms): Min: 0.5, Avg: 0.5, Max: 0.5, Diff: 0.1, Sum: 2.1]
      [Update RS (ms): Min: 0.7, Avg: 0.8, Max: 1.0, Diff: 0.3, Sum: 3.4]
         [Processed Buffers: Min: 2, Avg: 6.0, Max: 11, Diff: 9, Sum: 24]
      [Scan RS (ms): Min: 0.0, Avg: 0.0, Max: 0.0, Diff: 0.0, Sum: 0.0]
      [Code Root Scanning (ms): Min: 0.0, Avg: 0.0, Max: 0.0, Diff: 0.0, Sum: 0.0]
      [Object Copy (ms): Min: 0.9, Avg: 1.1, Max: 1.2, Diff: 0.3, Sum: 4.3]
      [Termination (ms): Min: 0.0, Avg: 0.0, Max: 0.0, Diff: 0.0, Sum: 0.0]
         [Termination Attempts: Min: 1, Avg: 1.3, Max: 2, Diff: 1, Sum: 5]
      [GC Worker Other (ms): Min: 0.0, Avg: 0.0, Max: 0.0, Diff: 0.0, Sum: 0.1]
      [GC Worker Total (ms): Min: 2.5, Avg: 2.5, Max: 2.5, Diff: 0.0, Sum: 9.8]
      [GC Worker End (ms): Min: 25969.7, Avg: 25969.7, Max: 25969.7, Diff: 0.0]
   [Code Root Fixup: 0.0 ms]
   [Code Root Purge: 0.0 ms]
   [Clear CT: 0.0 ms]
   [Other: 0.3 ms]
      [Choose CSet: 0.0 ms]
      [Ref Proc: 0.1 ms]
      [Ref Enq: 0.0 ms]
      [Redirty Cards: 0.0 ms]
      [Humongous Register: 0.0 ms]
      [Humongous Reclaim: 0.0 ms]
      [Free CSet: 0.0 ms]
   [Eden: 23.0M(23.0M)->0.0B(23.0M) Survivors: 4096.0K->4096.0K Heap: 519.5M(549.0M)->501.0M(549.0M)]
 [Times: user=0.00 sys=0.00, real=0.00 secs] 
2016-06-27T20:25:23.692+0300: 25.970: Total time for which application threads were stopped: 0.0033930 seconds, Stopping threads took: 0.0001065 seconds
2016-06-27T20:25:23.861+0300: 26.134: [GC pause (G1 Evacuation Pause) (young)
Desired survivor size 2097152 bytes, new threshold 1 (max 15)
- age   1:    3836840 bytes,    3836840 total
, 0.0028879 secs]
   [Parallel Time: 2.5 ms, GC Workers: 4]
      [GC Worker Start (ms): Min: 26133.7, Avg: 26133.7, Max: 26133.7, Diff: 0.0]
      [Ext Root Scanning (ms): Min: 0.5, Avg: 0.5, Max: 0.5, Diff: 0.1, Sum: 2.0]
      [Update RS (ms): Min: 0.5, Avg: 0.6, Max: 0.7, Diff: 0.2, Sum: 2.4]
         [Processed Buffers: Min: 2, Avg: 4.8, Max: 9, Diff: 7, Sum: 19]
      [Scan RS (ms): Min: 0.0, Avg: 0.0, Max: 0.0, Diff: 0.0, Sum: 0.0]
      [Code Root Scanning (ms): Min: 0.0, Avg: 0.0, Max: 0.0, Diff: 0.0, Sum: 0.0]
      [Object Copy (ms): Min: 1.2, Avg: 1.3, Max: 1.4, Diff: 0.2, Sum: 5.2]
      [Termination (ms): Min: 0.0, Avg: 0.0, Max: 0.0, Diff: 0.0, Sum: 0.0]
         [Termination Attempts: Min: 1, Avg: 1.0, Max: 1, Diff: 0, Sum: 4]
      [GC Worker Other (ms): Min: 0.0, Avg: 0.0, Max: 0.0, Diff: 0.0, Sum: 0.0]
      [GC Worker Total (ms): Min: 2.4, Avg: 2.4, Max: 2.4, Diff: 0.0, Sum: 9.7]
      [GC Worker End (ms): Min: 26136.1, Avg: 26136.1, Max: 26136.1, Diff: 0.0]
   [Code Root Fixup: 0.0 ms]
   [Code Root Purge: 0.0 ms]
   [Clear CT: 0.0 ms]
   [Other: 0.4 ms]
      [Choose CSet: 0.0 ms]
      [Ref Proc: 0.0 ms]
      [Ref Enq: 0.0 ms]
      [Redirty Cards: 0.0 ms]
      [Humongous Register: 0.0 ms]
      [Humongous Reclaim: 0.0 ms]
      [Free CSet: 0.0 ms]
   [Eden: 23.0M(23.0M)->0.0B(23.0M) Survivors: 4096.0K->4096.0K Heap: 524.0M(549.0M)->506.5M(549.0M)]
 [Times: user=0.06 sys=0.00, real=0.00 secs] 
2016-06-27T20:25:23.865+0300: 26.137: Total time for which application threads were stopped: 0.0044515 seconds, Stopping threads took: 0.0009242 seconds
2016-06-27T20:25:24.058+0300: 26.330: [GC pause (G1 Evacuation Pause) (young)
Desired survivor size 2097152 bytes, new threshold 1 (max 15)
- age   1:    3644792 bytes,    3644792 total
, 0.0029564 secs]
   [Parallel Time: 2.6 ms, GC Workers: 4]
      [GC Worker Start (ms): Min: 26330.4, Avg: 26330.5, Max: 26330.5, Diff: 0.0]
      [Ext Root Scanning (ms): Min: 0.5, Avg: 0.5, Max: 0.5, Diff: 0.1, Sum: 2.0]
      [Update RS (ms): Min: 0.7, Avg: 0.7, Max: 0.8, Diff: 0.1, Sum: 3.0]
         [Processed Buffers: Min: 1, Avg: 6.3, Max: 11, Diff: 10, Sum: 25]
      [Scan RS (ms): Min: 0.0, Avg: 0.0, Max: 0.0, Diff: 0.0, Sum: 0.0]
      [Code Root Scanning (ms): Min: 0.0, Avg: 0.0, Max: 0.0, Diff: 0.0, Sum: 0.0]
      [Object Copy (ms): Min: 1.2, Avg: 1.3, Max: 1.3, Diff: 0.1, Sum: 5.1]
      [Termination (ms): Min: 0.0, Avg: 0.0, Max: 0.0, Diff: 0.0, Sum: 0.0]
         [Termination Attempts: Min: 1, Avg: 1.0, Max: 1, Diff: 0, Sum: 4]
      [GC Worker Other (ms): Min: 0.0, Avg: 0.0, Max: 0.0, Diff: 0.0, Sum: 0.1]
      [GC Worker Total (ms): Min: 2.5, Avg: 2.5, Max: 2.5, Diff: 0.0, Sum: 10.1]
      [GC Worker End (ms): Min: 26333.0, Avg: 26333.0, Max: 26333.0, Diff: 0.0]
   [Code Root Fixup: 0.0 ms]
   [Code Root Purge: 0.0 ms]
   [Clear CT: 0.0 ms]
   [Other: 0.3 ms]
      [Choose CSet: 0.0 ms]
      [Ref Proc: 0.0 ms]
      [Ref Enq: 0.0 ms]
      [Redirty Cards: 0.0 ms]
      [Humongous Register: 0.0 ms]
      [Humongous Reclaim: 0.0 ms]
      [Free CSet: 0.0 ms]
   [Eden: 23.0M(23.0M)->0.0B(23.0M) Survivors: 4096.0K->4096.0K Heap: 529.5M(549.0M)->511.0M(549.0M)]
 [Times: user=0.00 sys=0.00, real=0.01 secs] 
2016-06-27T20:25:24.065+0300: 26.337: Total time for which application threads were stopped: 0.0075515 seconds, Stopping threads took: 0.0007005 seconds
2016-06-27T20:25:24.253+0300: 26.525: [GC pause (G1 Evacuation Pause) (young)
Desired survivor size 2097152 bytes, new threshold 1 (max 15)
- age   1:    3790200 bytes,    3790200 total
, 0.0026211 secs]
   [Parallel Time: 2.3 ms, GC Workers: 4]
      [GC Worker Start (ms): Min: 26525.2, Avg: 26525.2, Max: 26525.2, Diff: 0.0]
      [Ext Root Scanning (ms): Min: 0.5, Avg: 0.5, Max: 0.5, Diff: 0.1, Sum: 2.0]
      [Update RS (ms): Min: 0.5, Avg: 0.6, Max: 0.6, Diff: 0.1, Sum: 2.4]
         [Processed Buffers: Min: 2, Avg: 6.5, Max: 11, Diff: 9, Sum: 26]
      [Scan RS (ms): Min: 0.0, Avg: 0.0, Max: 0.0, Diff: 0.0, Sum: 0.0]
      [Code Root Scanning (ms): Min: 0.0, Avg: 0.0, Max: 0.0, Diff: 0.0, Sum: 0.0]
      [Object Copy (ms): Min: 1.1, Avg: 1.1, Max: 1.2, Diff: 0.1, Sum: 4.5]
      [Termination (ms): Min: 0.0, Avg: 0.0, Max: 0.0, Diff: 0.0, Sum: 0.0]
         [Termination Attempts: Min: 1, Avg: 1.0, Max: 1, Diff: 0, Sum: 4]
      [GC Worker Other (ms): Min: 0.0, Avg: 0.0, Max: 0.0, Diff: 0.0, Sum: 0.1]
      [GC Worker Total (ms): Min: 2.2, Avg: 2.2, Max: 2.3, Diff: 0.0, Sum: 9.0]
      [GC Worker End (ms): Min: 26527.5, Avg: 26527.5, Max: 26527.5, Diff: 0.0]
   [Code Root Fixup: 0.0 ms]
   [Code Root Purge: 0.0 ms]
   [Clear CT: 0.0 ms]
   [Other: 0.3 ms]
      [Choose CSet: 0.0 ms]
      [Ref Proc: 0.0 ms]
      [Ref Enq: 0.0 ms]
      [Redirty Cards: 0.0 ms]
      [Humongous Register: 0.0 ms]
      [Humongous Reclaim: 0.0 ms]
      [Free CSet: 0.0 ms]
   [Eden: 23.0M(23.0M)->0.0B(23.0M) Survivors: 4096.0K->4096.0K Heap: 534.0M(549.0M)->516.5M(549.0M)]
 [Times: user=0.06 sys=0.00, real=0.00 secs] 
2016-06-27T20:25:24.256+0300: 26.528: Total time for which application threads were stopped: 0.0035944 seconds, Stopping threads took: 0.0004341 seconds
2016-06-27T20:25:24.448+0300: 26.720: [GC pause (G1 Evacuation Pause) (young)
Desired survivor size 2097152 bytes, new threshold 1 (max 15)
- age   1:    3568904 bytes,    3568904 total
, 0.0026036 secs]
   [Parallel Time: 2.3 ms, GC Workers: 4]
      [GC Worker Start (ms): Min: 26720.2, Avg: 26720.3, Max: 26720.3, Diff: 0.0]
      [Ext Root Scanning (ms): Min: 0.5, Avg: 0.5, Max: 0.6, Diff: 0.1, Sum: 2.0]
      [Update RS (ms): Min: 0.5, Avg: 0.6, Max: 0.7, Diff: 0.2, Sum: 2.3]
         [Processed Buffers: Min: 2, Avg: 5.5, Max: 13, Diff: 11, Sum: 22]
      [Scan RS (ms): Min: 0.0, Avg: 0.0, Max: 0.0, Diff: 0.0, Sum: 0.0]
      [Code Root Scanning (ms): Min: 0.0, Avg: 0.0, Max: 0.0, Diff: 0.0, Sum: 0.0]
      [Object Copy (ms): Min: 0.9, Avg: 1.1, Max: 1.2, Diff: 0.3, Sum: 4.5]
      [Termination (ms): Min: 0.0, Avg: 0.0, Max: 0.0, Diff: 0.0, Sum: 0.0]
         [Termination Attempts: Min: 1, Avg: 1.0, Max: 1, Diff: 0, Sum: 4]
      [GC Worker Other (ms): Min: 0.0, Avg: 0.0, Max: 0.0, Diff: 0.0, Sum: 0.0]
      [GC Worker Total (ms): Min: 2.2, Avg: 2.2, Max: 2.2, Diff: 0.0, Sum: 8.9]
      [GC Worker End (ms): Min: 26722.5, Avg: 26722.5, Max: 26722.5, Diff: 0.0]
   [Code Root Fixup: 0.0 ms]
   [Code Root Purge: 0.0 ms]
   [Clear CT: 0.0 ms]
   [Other: 0.3 ms]
      [Choose CSet: 0.0 ms]
      [Ref Proc: 0.0 ms]
      [Ref Enq: 0.0 ms]
      [Redirty Cards: 0.0 ms]
      [Humongous Register: 0.0 ms]
      [Humongous Reclaim: 0.0 ms]
      [Free CSet: 0.0 ms]
   [Eden: 23.0M(23.0M)->0.0B(23.0M) Survivors: 4096.0K->4096.0K Heap: 539.5M(549.0M)->521.0M(549.0M)]
 [Times: user=0.00 sys=0.00, real=0.00 secs] 
2016-06-27T20:25:24.451+0300: 26.723: Total time for which application threads were stopped: 0.0035166 seconds, Stopping threads took: 0.0003956 seconds
2016-06-27T20:25:24.644+0300: 26.916: [GC pause (G1 Evacuation Pause) (young)
Desired survivor size 2097152 bytes, new threshold 1 (max 15)
- age   1:    3725848 bytes,    3725848 total
, 0.0027823 secs]
   [Parallel Time: 2.4 ms, GC Workers: 4]
      [GC Worker Start (ms): Min: 26916.3, Avg: 26916.3, Max: 26916.4, Diff: 0.0]
      [Ext Root Scanning (ms): Min: 0.5, Avg: 0.5, Max: 0.6, Diff: 0.1, Sum: 2.1]
      [Update RS (ms): Min: 0.5, Avg: 0.5, Max: 0.6, Diff: 0.2, Sum: 2.2]
         [Processed Buffers: Min: 2, Avg: 7.8, Max: 20, Diff: 18, Sum: 31]
      [Scan RS (ms): Min: 0.0, Avg: 0.0, Max: 0.0, Diff: 0.0, Sum: 0.0]
      [Code Root Scanning (ms): Min: 0.0, Avg: 0.0, Max: 0.0, Diff: 0.0, Sum: 0.0]
      [Object Copy (ms): Min: 1.2, Avg: 1.3, Max: 1.3, Diff: 0.1, Sum: 5.1]
      [Termination (ms): Min: 0.0, Avg: 0.0, Max: 0.0, Diff: 0.0, Sum: 0.0]
         [Termination Attempts: Min: 1, Avg: 1.0, Max: 1, Diff: 0, Sum: 4]
      [GC Worker Other (ms): Min: 0.0, Avg: 0.0, Max: 0.0, Diff: 0.0, Sum: 0.0]
      [GC Worker Total (ms): Min: 2.4, Avg: 2.4, Max: 2.4, Diff: 0.0, Sum: 9.5]
      [GC Worker End (ms): Min: 26918.7, Avg: 26918.7, Max: 26918.7, Diff: 0.0]
   [Code Root Fixup: 0.0 ms]
   [Code Root Purge: 0.0 ms]
   [Clear CT: 0.0 ms]
   [Other: 0.4 ms]
      [Choose CSet: 0.0 ms]
      [Ref Proc: 0.0 ms]
      [Ref Enq: 0.0 ms]
      [Redirty Cards: 0.0 ms]
      [Humongous Register: 0.0 ms]
      [Humongous Reclaim: 0.0 ms]
      [Free CSet: 0.0 ms]
   [Eden: 23.0M(23.0M)->0.0B(23.0M) Survivors: 4096.0K->4096.0K Heap: 544.0M(549.0M)->526.0M(553.0M)]
 [Times: user=0.06 sys=0.00, real=0.00 secs] 
2016-06-27T20:25:24.647+0300: 26.919: Total time for which application threads were stopped: 0.0038425 seconds, Stopping threads took: 0.0005684 seconds
2016-06-27T20:25:24.846+0300: 27.118: [GC pause (G1 Evacuation Pause) (young)
Desired survivor size 2097152 bytes, new threshold 1 (max 15)
- age   1:    3880680 bytes,    3880680 total
, 0.0029495 secs]
   [Parallel Time: 2.5 ms, GC Workers: 4]
      [GC Worker Start (ms): Min: 27118.2, Avg: 27118.2, Max: 27118.2, Diff: 0.0]
      [Ext Root Scanning (ms): Min: 0.4, Avg: 0.5, Max: 0.5, Diff: 0.1, Sum: 1.9]
      [Update RS (ms): Min: 0.6, Avg: 0.6, Max: 0.7, Diff: 0.1, Sum: 2.5]
         [Processed Buffers: Min: 1, Avg: 4.0, Max: 7, Diff: 6, Sum: 16]
      [Scan RS (ms): Min: 0.0, Avg: 0.0, Max: 0.0, Diff: 0.0, Sum: 0.0]
      [Code Root Scanning (ms): Min: 0.0, Avg: 0.0, Max: 0.0, Diff: 0.0, Sum: 0.0]
      [Object Copy (ms): Min: 1.3, Avg: 1.4, Max: 1.4, Diff: 0.1, Sum: 5.4]
      [Termination (ms): Min: 0.0, Avg: 0.0, Max: 0.0, Diff: 0.0, Sum: 0.0]
         [Termination Attempts: Min: 1, Avg: 1.0, Max: 1, Diff: 0, Sum: 4]
      [GC Worker Other (ms): Min: 0.0, Avg: 0.0, Max: 0.0, Diff: 0.0, Sum: 0.0]
      [GC Worker Total (ms): Min: 2.5, Avg: 2.5, Max: 2.5, Diff: 0.0, Sum: 10.0]
      [GC Worker End (ms): Min: 27120.7, Avg: 27120.7, Max: 27120.7, Diff: 0.0]
   [Code Root Fixup: 0.0 ms]
   [Code Root Purge: 0.0 ms]
   [Clear CT: 0.0 ms]
   [Other: 0.4 ms]
      [Choose CSet: 0.0 ms]
      [Ref Proc: 0.0 ms]
      [Ref Enq: 0.0 ms]
      [Redirty Cards: 0.0 ms]
      [Humongous Register: 0.0 ms]
      [Humongous Reclaim: 0.0 ms]
      [Free CSet: 0.0 ms]
   [Eden: 23.0M(23.0M)->0.0B(23.0M) Survivors: 4096.0K->4096.0K Heap: 549.0M(553.0M)->530.5M(558.0M)]
 [Times: user=0.05 sys=0.02, real=0.00 secs] 
2016-06-27T20:25:24.849+0300: 27.121: Total time for which application threads were stopped: 0.0043129 seconds, Stopping threads took: 0.0008399 seconds
2016-06-27T20:25:25.042+0300: 27.314: [GC pause (G1 Evacuation Pause) (young)
Desired survivor size 2097152 bytes, new threshold 1 (max 15)
- age   1:    3940328 bytes,    3940328 total
, 0.0025942 secs]
   [Parallel Time: 2.2 ms, GC Workers: 4]
      [GC Worker Start (ms): Min: 27314.2, Avg: 27314.2, Max: 27314.2, Diff: 0.0]
      [Ext Root Scanning (ms): Min: 0.5, Avg: 0.5, Max: 0.6, Diff: 0.1, Sum: 2.0]
      [Update RS (ms): Min: 0.2, Avg: 0.3, Max: 0.4, Diff: 0.2, Sum: 1.1]
         [Processed Buffers: Min: 1, Avg: 5.5, Max: 8, Diff: 7, Sum: 22]
      [Scan RS (ms): Min: 0.0, Avg: 0.0, Max: 0.0, Diff: 0.0, Sum: 0.0]
      [Code Root Scanning (ms): Min: 0.0, Avg: 0.0, Max: 0.0, Diff: 0.0, Sum: 0.0]
      [Object Copy (ms): Min: 1.2, Avg: 1.3, Max: 1.4, Diff: 0.2, Sum: 5.3]
      [Termination (ms): Min: 0.0, Avg: 0.0, Max: 0.1, Diff: 0.1, Sum: 0.2]
         [Termination Attempts: Min: 1, Avg: 1.0, Max: 1, Diff: 0, Sum: 4]
      [GC Worker Other (ms): Min: 0.0, Avg: 0.0, Max: 0.0, Diff: 0.0, Sum: 0.0]
      [GC Worker Total (ms): Min: 2.1, Avg: 2.2, Max: 2.2, Diff: 0.0, Sum: 8.6]
      [GC Worker End (ms): Min: 27316.4, Avg: 27316.4, Max: 27316.4, Diff: 0.0]
   [Code Root Fixup: 0.0 ms]
   [Code Root Purge: 0.0 ms]
   [Clear CT: 0.1 ms]
   [Other: 0.3 ms]
      [Choose CSet: 0.0 ms]
      [Ref Proc: 0.0 ms]
      [Ref Enq: 0.0 ms]
      [Redirty Cards: 0.0 ms]
      [Humongous Register: 0.0 ms]
      [Humongous Reclaim: 0.0 ms]
      [Free CSet: 0.0 ms]
   [Eden: 23.0M(23.0M)->0.0B(24.0M) Survivors: 4096.0K->4096.0K Heap: 553.5M(558.0M)->535.5M(563.0M)]
 [Times: user=0.00 sys=0.00, real=0.00 secs] 
2016-06-27T20:25:25.045+0300: 27.317: Total time for which application threads were stopped: 0.0038694 seconds, Stopping threads took: 0.0008818 seconds
2016-06-27T20:25:25.258+0300: 27.530: [GC pause (G1 Evacuation Pause) (young)
Desired survivor size 2097152 bytes, new threshold 1 (max 15)
- age   1:    4100576 bytes,    4100576 total
, 0.0028071 secs]
   [Parallel Time: 2.4 ms, GC Workers: 4]
      [GC Worker Start (ms): Min: 27530.4, Avg: 27530.4, Max: 27530.5, Diff: 0.0]
      [Ext Root Scanning (ms): Min: 0.4, Avg: 0.5, Max: 0.6, Diff: 0.1, Sum: 1.9]
      [Update RS (ms): Min: 0.2, Avg: 0.3, Max: 0.4, Diff: 0.1, Sum: 1.4]
         [Processed Buffers: Min: 1, Avg: 6.5, Max: 22, Diff: 21, Sum: 26]
      [Scan RS (ms): Min: 0.0, Avg: 0.0, Max: 0.0, Diff: 0.0, Sum: 0.0]
      [Code Root Scanning (ms): Min: 0.0, Avg: 0.0, Max: 0.0, Diff: 0.0, Sum: 0.0]
      [Object Copy (ms): Min: 1.5, Avg: 1.5, Max: 1.6, Diff: 0.1, Sum: 6.1]
      [Termination (ms): Min: 0.0, Avg: 0.0, Max: 0.0, Diff: 0.0, Sum: 0.0]
         [Termination Attempts: Min: 1, Avg: 1.0, Max: 1, Diff: 0, Sum: 4]
      [GC Worker Other (ms): Min: 0.0, Avg: 0.0, Max: 0.0, Diff: 0.0, Sum: 0.0]
      [GC Worker Total (ms): Min: 2.4, Avg: 2.4, Max: 2.4, Diff: 0.0, Sum: 9.5]
      [GC Worker End (ms): Min: 27532.8, Avg: 27532.8, Max: 27532.8, Diff: 0.0]
   [Code Root Fixup: 0.0 ms]
   [Code Root Purge: 0.0 ms]
   [Clear CT: 0.0 ms]
   [Other: 0.4 ms]
      [Choose CSet: 0.0 ms]
      [Ref Proc: 0.0 ms]
      [Ref Enq: 0.0 ms]
      [Redirty Cards: 0.0 ms]
      [Humongous Register: 0.0 ms]
      [Humongous Reclaim: 0.0 ms]
      [Free CSet: 0.0 ms]
   [Eden: 24.0M(24.0M)->0.0B(24.0M) Survivors: 4096.0K->4096.0K Heap: 559.5M(563.0M)->541.0M(569.0M)]
 [Times: user=0.00 sys=0.00, real=0.00 secs] 
2016-06-27T20:25:25.261+0300: 27.533: Total time for which application threads were stopped: 0.0041444 seconds, Stopping threads took: 0.0008023 seconds
2016-06-27T20:25:25.466+0300: 27.738: [GC pause (G1 Evacuation Pause) (young)
Desired survivor size 2097152 bytes, new threshold 1 (max 15)
- age   1:    3994416 bytes,    3994416 total
, 0.0027785 secs]
   [Parallel Time: 2.3 ms, GC Workers: 4]
      [GC Worker Start (ms): Min: 27737.9, Avg: 27737.9, Max: 27737.9, Diff: 0.0]
      [Ext Root Scanning (ms): Min: 0.4, Avg: 0.5, Max: 0.6, Diff: 0.1, Sum: 1.9]
      [Update RS (ms): Min: 0.3, Avg: 0.4, Max: 0.5, Diff: 0.2, Sum: 1.6]
         [Processed Buffers: Min: 1, Avg: 6.8, Max: 15, Diff: 14, Sum: 27]
      [Scan RS (ms): Min: 0.0, Avg: 0.0, Max: 0.0, Diff: 0.0, Sum: 0.0]
      [Code Root Scanning (ms): Min: 0.0, Avg: 0.0, Max: 0.0, Diff: 0.0, Sum: 0.0]
      [Object Copy (ms): Min: 1.3, Avg: 1.4, Max: 1.6, Diff: 0.3, Sum: 5.6]
      [Termination (ms): Min: 0.0, Avg: 0.0, Max: 0.0, Diff: 0.0, Sum: 0.0]
         [Termination Attempts: Min: 1, Avg: 1.0, Max: 1, Diff: 0, Sum: 4]
      [GC Worker Other (ms): Min: 0.0, Avg: 0.0, Max: 0.0, Diff: 0.0, Sum: 0.0]
      [GC Worker Total (ms): Min: 2.3, Avg: 2.3, Max: 2.3, Diff: 0.0, Sum: 9.3]
      [GC Worker End (ms): Min: 27740.2, Avg: 27740.2, Max: 27740.2, Diff: 0.0]
   [Code Root Fixup: 0.0 ms]
   [Code Root Purge: 0.0 ms]
   [Clear CT: 0.0 ms]
   [Other: 0.4 ms]
      [Choose CSet: 0.0 ms]
      [Ref Proc: 0.0 ms]
      [Ref Enq: 0.0 ms]
      [Redirty Cards: 0.0 ms]
      [Humongous Register: 0.0 ms]
      [Humongous Reclaim: 0.0 ms]
      [Free CSet: 0.0 ms]
   [Eden: 24.0M(24.0M)->0.0B(24.0M) Survivors: 4096.0K->4096.0K Heap: 565.0M(569.0M)->546.0M(574.0M)]
 [Times: user=0.00 sys=0.00, real=0.00 secs] 
2016-06-27T20:25:25.469+0300: 27.741: Total time for which application threads were stopped: 0.0047837 seconds, Stopping threads took: 0.0014669 seconds
2016-06-27T20:25:25.670+0300: 27.942: [GC pause (G1 Evacuation Pause) (young)
Desired survivor size 2097152 bytes, new threshold 1 (max 15)
- age   1:    3941328 bytes,    3941328 total
, 0.0027118 secs]
   [Parallel Time: 2.3 ms, GC Workers: 4]
      [GC Worker Start (ms): Min: 27942.1, Avg: 27942.1, Max: 27942.1, Diff: 0.0]
      [Ext Root Scanning (ms): Min: 0.5, Avg: 0.6, Max: 0.6, Diff: 0.1, Sum: 2.2]
      [Update RS (ms): Min: 0.2, Avg: 0.3, Max: 0.3, Diff: 0.1, Sum: 1.1]
         [Processed Buffers: Min: 1, Avg: 5.8, Max: 9, Diff: 8, Sum: 23]
      [Scan RS (ms): Min: 0.0, Avg: 0.0, Max: 0.0, Diff: 0.0, Sum: 0.0]
      [Code Root Scanning (ms): Min: 0.0, Avg: 0.0, Max: 0.0, Diff: 0.0, Sum: 0.0]
      [Object Copy (ms): Min: 1.3, Avg: 1.4, Max: 1.5, Diff: 0.2, Sum: 5.8]
      [Termination (ms): Min: 0.0, Avg: 0.0, Max: 0.0, Diff: 0.0, Sum: 0.0]
         [Termination Attempts: Min: 1, Avg: 1.0, Max: 1, Diff: 0, Sum: 4]
      [GC Worker Other (ms): Min: 0.0, Avg: 0.0, Max: 0.0, Diff: 0.0, Sum: 0.0]
      [GC Worker Total (ms): Min: 2.3, Avg: 2.3, Max: 2.3, Diff: 0.0, Sum: 9.1]
      [GC Worker End (ms): Min: 27944.4, Avg: 27944.4, Max: 27944.4, Diff: 0.0]
   [Code Root Fixup: 0.0 ms]
   [Code Root Purge: 0.0 ms]
   [Clear CT: 0.0 ms]
   [Other: 0.3 ms]
      [Choose CSet: 0.0 ms]
      [Ref Proc: 0.1 ms]
      [Ref Enq: 0.0 ms]
      [Redirty Cards: 0.0 ms]
      [Humongous Register: 0.0 ms]
      [Humongous Reclaim: 0.0 ms]
      [Free CSet: 0.0 ms]
   [Eden: 24.0M(24.0M)->0.0B(25.0M) Survivors: 4096.0K->4096.0K Heap: 570.0M(574.0M)->552.0M(580.0M)]
 [Times: user=0.00 sys=0.00, real=0.00 secs] 
2016-06-27T20:25:25.673+0300: 27.945: Total time for which application threads were stopped: 0.0037018 seconds, Stopping threads took: 0.0005333 seconds
2016-06-27T20:25:25.885+0300: 28.157: [GC pause (G1 Evacuation Pause) (young)
Desired survivor size 2097152 bytes, new threshold 1 (max 15)
- age   1:    3672904 bytes,    3672904 total
, 0.0027875 secs]
   [Parallel Time: 2.4 ms, GC Workers: 4]
      [GC Worker Start (ms): Min: 28157.1, Avg: 28157.1, Max: 28157.1, Diff: 0.0]
      [Ext Root Scanning (ms): Min: 0.5, Avg: 0.6, Max: 0.7, Diff: 0.2, Sum: 2.3]
      [Update RS (ms): Min: 0.2, Avg: 0.4, Max: 0.6, Diff: 0.3, Sum: 1.5]
         [Processed Buffers: Min: 1, Avg: 8.3, Max: 12, Diff: 11, Sum: 33]
      [Scan RS (ms): Min: 0.0, Avg: 0.0, Max: 0.0, Diff: 0.0, Sum: 0.0]
      [Code Root Scanning (ms): Min: 0.0, Avg: 0.0, Max: 0.0, Diff: 0.0, Sum: 0.0]
      [Object Copy (ms): Min: 1.2, Avg: 1.4, Max: 1.6, Diff: 0.4, Sum: 5.7]
      [Termination (ms): Min: 0.0, Avg: 0.0, Max: 0.0, Diff: 0.0, Sum: 0.0]
         [Termination Attempts: Min: 1, Avg: 1.0, Max: 1, Diff: 0, Sum: 4]
      [GC Worker Other (ms): Min: 0.0, Avg: 0.0, Max: 0.0, Diff: 0.0, Sum: 0.1]
      [GC Worker Total (ms): Min: 2.4, Avg: 2.4, Max: 2.4, Diff: 0.0, Sum: 9.6]
      [GC Worker End (ms): Min: 28159.5, Avg: 28159.5, Max: 28159.5, Diff: 0.0]
   [Code Root Fixup: 0.0 ms]
   [Code Root Purge: 0.0 ms]
   [Clear CT: 0.0 ms]
   [Other: 0.3 ms]
      [Choose CSet: 0.0 ms]
      [Ref Proc: 0.0 ms]
      [Ref Enq: 0.0 ms]
      [Redirty Cards: 0.0 ms]
      [Humongous Register: 0.0 ms]
      [Humongous Reclaim: 0.0 ms]
      [Free CSet: 0.0 ms]
   [Eden: 25.0M(25.0M)->0.0B(25.0M) Survivors: 4096.0K->4096.0K Heap: 577.0M(580.0M)->557.0M(586.0M)]
 [Times: user=0.00 sys=0.00, real=0.00 secs] 
2016-06-27T20:25:25.888+0300: 28.160: Total time for which application threads were stopped: 0.0041675 seconds, Stopping threads took: 0.0007826 seconds
2016-06-27T20:25:26.098+0300: 28.370: [GC pause (G1 Evacuation Pause) (young)
Desired survivor size 2097152 bytes, new threshold 1 (max 15)
- age   1:    3578000 bytes,    3578000 total
, 0.0026818 secs]
   [Parallel Time: 2.3 ms, GC Workers: 4]
      [GC Worker Start (ms): Min: 28370.0, Avg: 28370.0, Max: 28370.0, Diff: 0.0]
      [Ext Root Scanning (ms): Min: 0.5, Avg: 0.5, Max: 0.5, Diff: 0.0, Sum: 2.1]
      [Update RS (ms): Min: 0.3, Avg: 0.3, Max: 0.5, Diff: 0.2, Sum: 1.3]
         [Processed Buffers: Min: 1, Avg: 8.0, Max: 14, Diff: 13, Sum: 32]
      [Scan RS (ms): Min: 0.0, Avg: 0.0, Max: 0.0, Diff: 0.0, Sum: 0.0]
      [Code Root Scanning (ms): Min: 0.0, Avg: 0.0, Max: 0.0, Diff: 0.0, Sum: 0.0]
      [Object Copy (ms): Min: 1.2, Avg: 1.4, Max: 1.4, Diff: 0.2, Sum: 5.5]
      [Termination (ms): Min: 0.0, Avg: 0.0, Max: 0.0, Diff: 0.0, Sum: 0.0]
         [Termination Attempts: Min: 1, Avg: 1.0, Max: 1, Diff: 0, Sum: 4]
      [GC Worker Other (ms): Min: 0.0, Avg: 0.0, Max: 0.0, Diff: 0.0, Sum: 0.0]
      [GC Worker Total (ms): Min: 2.2, Avg: 2.2, Max: 2.3, Diff: 0.0, Sum: 9.0]
      [GC Worker End (ms): Min: 28372.2, Avg: 28372.2, Max: 28372.2, Diff: 0.0]
   [Code Root Fixup: 0.0 ms]
   [Code Root Purge: 0.0 ms]
   [Clear CT: 0.0 ms]
   [Other: 0.4 ms]
      [Choose CSet: 0.0 ms]
      [Ref Proc: 0.0 ms]
      [Ref Enq: 0.0 ms]
      [Redirty Cards: 0.0 ms]
      [Humongous Register: 0.0 ms]
      [Humongous Reclaim: 0.0 ms]
      [Free CSet: 0.0 ms]
   [Eden: 25.0M(25.0M)->0.0B(25.0M) Survivors: 4096.0K->4096.0K Heap: 582.0M(586.0M)->562.5M(592.0M)]
 [Times: user=0.05 sys=0.00, real=0.00 secs] 
2016-06-27T20:25:26.100+0300: 28.373: Total time for which application threads were stopped: 0.0052948 seconds, Stopping threads took: 0.0019719 seconds
2016-06-27T20:25:26.315+0300: 28.587: [GC pause (G1 Evacuation Pause) (young)
Desired survivor size 2097152 bytes, new threshold 1 (max 15)
- age   1:    3600520 bytes,    3600520 total
, 0.0027092 secs]
   [Parallel Time: 2.2 ms, GC Workers: 4]
      [GC Worker Start (ms): Min: 28587.2, Avg: 28587.2, Max: 28587.2, Diff: 0.0]
      [Ext Root Scanning (ms): Min: 0.5, Avg: 0.5, Max: 0.6, Diff: 0.1, Sum: 2.1]
      [Update RS (ms): Min: 0.2, Avg: 0.2, Max: 0.2, Diff: 0.0, Sum: 0.9]
         [Processed Buffers: Min: 7, Avg: 8.3, Max: 11, Diff: 4, Sum: 33]
      [Scan RS (ms): Min: 0.0, Avg: 0.0, Max: 0.0, Diff: 0.0, Sum: 0.0]
      [Code Root Scanning (ms): Min: 0.0, Avg: 0.0, Max: 0.0, Diff: 0.0, Sum: 0.0]
      [Object Copy (ms): Min: 1.4, Avg: 1.4, Max: 1.4, Diff: 0.0, Sum: 5.7]
      [Termination (ms): Min: 0.0, Avg: 0.0, Max: 0.0, Diff: 0.0, Sum: 0.0]
         [Termination Attempts: Min: 1, Avg: 1.0, Max: 1, Diff: 0, Sum: 4]
      [GC Worker Other (ms): Min: 0.0, Avg: 0.0, Max: 0.0, Diff: 0.0, Sum: 0.1]
      [GC Worker Total (ms): Min: 2.2, Avg: 2.2, Max: 2.2, Diff: 0.0, Sum: 8.8]
      [GC Worker End (ms): Min: 28589.4, Avg: 28589.4, Max: 28589.4, Diff: 0.0]
   [Code Root Fixup: 0.0 ms]
   [Code Root Purge: 0.0 ms]
   [Clear CT: 0.0 ms]
   [Other: 0.5 ms]
      [Choose CSet: 0.0 ms]
      [Ref Proc: 0.1 ms]
      [Ref Enq: 0.0 ms]
      [Redirty Cards: 0.0 ms]
      [Humongous Register: 0.0 ms]
      [Humongous Reclaim: 0.0 ms]
      [Free CSet: 0.0 ms]
   [Eden: 25.0M(25.0M)->0.0B(25.0M) Survivors: 4096.0K->4096.0K Heap: 587.5M(592.0M)->567.0M(596.0M)]
 [Times: user=0.03 sys=0.02, real=0.00 secs] 
2016-06-27T20:25:26.318+0300: 28.590: Total time for which application threads were stopped: 0.0067381 seconds, Stopping threads took: 0.0033301 seconds
2016-06-27T20:25:26.530+0300: 28.802: [GC pause (G1 Evacuation Pause) (young)
Desired survivor size 2097152 bytes, new threshold 1 (max 15)
- age   1:    4017192 bytes,    4017192 total
, 0.0029371 secs]
   [Parallel Time: 2.4 ms, GC Workers: 4]
      [GC Worker Start (ms): Min: 28801.8, Avg: 28801.8, Max: 28801.9, Diff: 0.0]
      [Ext Root Scanning (ms): Min: 0.5, Avg: 0.6, Max: 0.6, Diff: 0.0, Sum: 2.3]
      [Update RS (ms): Min: 0.2, Avg: 0.3, Max: 0.4, Diff: 0.1, Sum: 1.0]
         [Processed Buffers: Min: 2, Avg: 5.3, Max: 8, Diff: 6, Sum: 21]
      [Scan RS (ms): Min: 0.0, Avg: 0.0, Max: 0.0, Diff: 0.0, Sum: 0.0]
      [Code Root Scanning (ms): Min: 0.0, Avg: 0.0, Max: 0.0, Diff: 0.0, Sum: 0.0]
      [Object Copy (ms): Min: 1.4, Avg: 1.5, Max: 1.6, Diff: 0.2, Sum: 6.1]
      [Termination (ms): Min: 0.0, Avg: 0.0, Max: 0.0, Diff: 0.0, Sum: 0.0]
         [Termination Attempts: Min: 1, Avg: 1.0, Max: 1, Diff: 0, Sum: 4]
      [GC Worker Other (ms): Min: 0.0, Avg: 0.0, Max: 0.0, Diff: 0.0, Sum: 0.1]
      [GC Worker Total (ms): Min: 2.3, Avg: 2.4, Max: 2.4, Diff: 0.0, Sum: 9.4]
      [GC Worker End (ms): Min: 28804.2, Avg: 28804.2, Max: 28804.2, Diff: 0.0]
   [Code Root Fixup: 0.0 ms]
   [Code Root Purge: 0.0 ms]
   [Clear CT: 0.1 ms]
   [Other: 0.5 ms]
      [Choose CSet: 0.0 ms]
      [Ref Proc: 0.1 ms]
      [Ref Enq: 0.0 ms]
      [Redirty Cards: 0.1 ms]
      [Humongous Register: 0.0 ms]
      [Humongous Reclaim: 0.0 ms]
      [Free CSet: 0.0 ms]
   [Eden: 25.0M(25.0M)->0.0B(26.0M) Survivors: 4096.0K->4096.0K Heap: 592.0M(596.0M)->573.0M(602.0M)]
 [Times: user=0.00 sys=0.00, real=0.00 secs] 
2016-06-27T20:25:26.533+0300: 28.805: Total time for which application threads were stopped: 0.0061279 seconds, Stopping threads took: 0.0026459 seconds
2016-06-27T20:25:26.753+0300: 29.025: [GC pause (G1 Evacuation Pause) (young)
Desired survivor size 2097152 bytes, new threshold 1 (max 15)
- age   1:    4027312 bytes,    4027312 total
, 0.0028871 secs]
   [Parallel Time: 2.4 ms, GC Workers: 4]
      [GC Worker Start (ms): Min: 29024.9, Avg: 29024.9, Max: 29024.9, Diff: 0.0]
      [Ext Root Scanning (ms): Min: 0.4, Avg: 0.5, Max: 0.6, Diff: 0.2, Sum: 2.0]
      [Update RS (ms): Min: 0.2, Avg: 0.3, Max: 0.5, Diff: 0.2, Sum: 1.4]
         [Processed Buffers: Min: 1, Avg: 6.3, Max: 9, Diff: 8, Sum: 25]
      [Scan RS (ms): Min: 0.0, Avg: 0.0, Max: 0.0, Diff: 0.0, Sum: 0.0]
      [Code Root Scanning (ms): Min: 0.0, Avg: 0.0, Max: 0.0, Diff: 0.0, Sum: 0.0]
      [Object Copy (ms): Min: 1.4, Avg: 1.5, Max: 1.5, Diff: 0.1, Sum: 6.0]
      [Termination (ms): Min: 0.0, Avg: 0.0, Max: 0.0, Diff: 0.0, Sum: 0.0]
         [Termination Attempts: Min: 1, Avg: 1.0, Max: 1, Diff: 0, Sum: 4]
      [GC Worker Other (ms): Min: 0.0, Avg: 0.0, Max: 0.0, Diff: 0.0, Sum: 0.0]
      [GC Worker Total (ms): Min: 2.4, Avg: 2.4, Max: 2.4, Diff: 0.0, Sum: 9.5]
      [GC Worker End (ms): Min: 29027.3, Avg: 29027.3, Max: 29027.3, Diff: 0.0]
   [Code Root Fixup: 0.0 ms]
   [Code Root Purge: 0.0 ms]
   [Clear CT: 0.1 ms]
   [Other: 0.4 ms]
      [Choose CSet: 0.0 ms]
      [Ref Proc: 0.0 ms]
      [Ref Enq: 0.0 ms]
      [Redirty Cards: 0.0 ms]
      [Humongous Register: 0.0 ms]
      [Humongous Reclaim: 0.0 ms]
      [Free CSet: 0.0 ms]
   [Eden: 26.0M(26.0M)->0.0B(26.0M) Survivors: 4096.0K->4096.0K Heap: 599.0M(602.0M)->578.0M(608.0M)]
 [Times: user=0.05 sys=0.02, real=0.00 secs] 
2016-06-27T20:25:26.756+0300: 29.028: Total time for which application threads were stopped: 0.0047183 seconds, Stopping threads took: 0.0012432 seconds
2016-06-27T20:25:26.764+0300: 29.037: Total time for which application threads were stopped: 0.0003926 seconds, Stopping threads took: 0.0000667 seconds
2016-06-27T20:25:26.964+0300: 29.236: [GC pause (G1 Evacuation Pause) (young)
Desired survivor size 2097152 bytes, new threshold 1 (max 15)
- age   1:    3963016 bytes,    3963016 total
, 0.0031001 secs]
   [Parallel Time: 2.6 ms, GC Workers: 4]
      [GC Worker Start (ms): Min: 29235.7, Avg: 29235.7, Max: 29235.7, Diff: 0.0]
      [Ext Root Scanning (ms): Min: 0.5, Avg: 0.5, Max: 0.6, Diff: 0.1, Sum: 2.2]
      [Update RS (ms): Min: 0.3, Avg: 0.5, Max: 0.7, Diff: 0.3, Sum: 1.8]
         [Processed Buffers: Min: 1, Avg: 9.3, Max: 28, Diff: 27, Sum: 37]
      [Scan RS (ms): Min: 0.0, Avg: 0.0, Max: 0.0, Diff: 0.0, Sum: 0.0]
      [Code Root Scanning (ms): Min: 0.0, Avg: 0.0, Max: 0.0, Diff: 0.0, Sum: 0.0]
      [Object Copy (ms): Min: 1.3, Avg: 1.5, Max: 1.6, Diff: 0.3, Sum: 6.0]
      [Termination (ms): Min: 0.0, Avg: 0.0, Max: 0.1, Diff: 0.1, Sum: 0.2]
         [Termination Attempts: Min: 1, Avg: 1.0, Max: 1, Diff: 0, Sum: 4]
      [GC Worker Other (ms): Min: 0.0, Avg: 0.0, Max: 0.0, Diff: 0.0, Sum: 0.0]
      [GC Worker Total (ms): Min: 2.5, Avg: 2.6, Max: 2.6, Diff: 0.0, Sum: 10.2]
      [GC Worker End (ms): Min: 29238.2, Avg: 29238.3, Max: 29238.3, Diff: 0.0]
   [Code Root Fixup: 0.0 ms]
   [Code Root Purge: 0.0 ms]
   [Clear CT: 0.0 ms]
   [Other: 0.4 ms]
      [Choose CSet: 0.0 ms]
      [Ref Proc: 0.1 ms]
      [Ref Enq: 0.0 ms]
      [Redirty Cards: 0.0 ms]
      [Humongous Register: 0.0 ms]
      [Humongous Reclaim: 0.0 ms]
      [Free CSet: 0.0 ms]
   [Eden: 26.0M(26.0M)->0.0B(26.0M) Survivors: 4096.0K->4096.0K Heap: 604.0M(608.0M)->584.0M(614.0M)]
 [Times: user=0.00 sys=0.00, real=0.00 secs] 
2016-06-27T20:25:26.967+0300: 29.239: Total time for which application threads were stopped: 0.0040439 seconds, Stopping threads took: 0.0004200 seconds
2016-06-27T20:25:27.184+0300: 29.456: [GC pause (G1 Evacuation Pause) (young)
Desired survivor size 2097152 bytes, new threshold 1 (max 15)
- age   1:    3917920 bytes,    3917920 total
, 0.0033862 secs]
   [Parallel Time: 2.8 ms, GC Workers: 4]
      [GC Worker Start (ms): Min: 29456.6, Avg: 29456.7, Max: 29456.8, Diff: 0.2]
      [Ext Root Scanning (ms): Min: 0.5, Avg: 0.7, Max: 0.8, Diff: 0.3, Sum: 2.7]
      [Update RS (ms): Min: 0.3, Avg: 0.7, Max: 1.7, Diff: 1.4, Sum: 2.9]
         [Processed Buffers: Min: 1, Avg: 6.3, Max: 13, Diff: 12, Sum: 25]
      [Scan RS (ms): Min: 0.0, Avg: 0.0, Max: 0.0, Diff: 0.0, Sum: 0.0]
      [Code Root Scanning (ms): Min: 0.0, Avg: 0.0, Max: 0.0, Diff: 0.0, Sum: 0.0]
      [Object Copy (ms): Min: 0.2, Avg: 1.3, Max: 1.7, Diff: 1.5, Sum: 5.1]
      [Termination (ms): Min: 0.0, Avg: 0.0, Max: 0.0, Diff: 0.0, Sum: 0.0]
         [Termination Attempts: Min: 1, Avg: 1.0, Max: 1, Diff: 0, Sum: 4]
      [GC Worker Other (ms): Min: 0.0, Avg: 0.0, Max: 0.0, Diff: 0.0, Sum: 0.1]
      [GC Worker Total (ms): Min: 2.6, Avg: 2.7, Max: 2.8, Diff: 0.2, Sum: 10.9]
      [GC Worker End (ms): Min: 29459.4, Avg: 29459.4, Max: 29459.4, Diff: 0.0]
   [Code Root Fixup: 0.0 ms]
   [Code Root Purge: 0.0 ms]
   [Clear CT: 0.0 ms]
   [Other: 0.5 ms]
      [Choose CSet: 0.0 ms]
      [Ref Proc: 0.1 ms]
      [Ref Enq: 0.0 ms]
      [Redirty Cards: 0.0 ms]
      [Humongous Register: 0.1 ms]
      [Humongous Reclaim: 0.0 ms]
      [Free CSet: 0.0 ms]
   [Eden: 26.0M(26.0M)->0.0B(27.0M) Survivors: 4096.0K->4096.0K Heap: 610.0M(614.0M)->589.5M(620.0M)]
 [Times: user=0.00 sys=0.00, real=0.00 secs] 
2016-06-27T20:25:27.188+0300: 29.460: Total time for which application threads were stopped: 0.0050262 seconds, Stopping threads took: 0.0011123 seconds
2016-06-27T20:25:27.392+0300: 29.664: [GC pause (G1 Evacuation Pause) (young)
Desired survivor size 2097152 bytes, new threshold 1 (max 15)
- age   1:    3791792 bytes,    3791792 total
, 0.0029273 secs]
   [Parallel Time: 2.5 ms, GC Workers: 4]
      [GC Worker Start (ms): Min: 29664.3, Avg: 29664.3, Max: 29664.3, Diff: 0.0]
      [Ext Root Scanning (ms): Min: 0.5, Avg: 0.5, Max: 0.6, Diff: 0.1, Sum: 2.2]
      [Update RS (ms): Min: 0.2, Avg: 0.4, Max: 0.5, Diff: 0.3, Sum: 1.4]
         [Processed Buffers: Min: 1, Avg: 6.3, Max: 11, Diff: 10, Sum: 25]
      [Scan RS (ms): Min: 0.0, Avg: 0.0, Max: 0.0, Diff: 0.0, Sum: 0.0]
      [Code Root Scanning (ms): Min: 0.0, Avg: 0.0, Max: 0.0, Diff: 0.0, Sum: 0.0]
      [Object Copy (ms): Min: 1.4, Avg: 1.6, Max: 1.7, Diff: 0.2, Sum: 6.3]
      [Termination (ms): Min: 0.0, Avg: 0.0, Max: 0.0, Diff: 0.0, Sum: 0.0]
         [Termination Attempts: Min: 1, Avg: 1.0, Max: 1, Diff: 0, Sum: 4]
      [GC Worker Other (ms): Min: 0.0, Avg: 0.0, Max: 0.0, Diff: 0.0, Sum: 0.0]
      [GC Worker Total (ms): Min: 2.5, Avg: 2.5, Max: 2.5, Diff: 0.0, Sum: 10.0]
      [GC Worker End (ms): Min: 29666.8, Avg: 29666.8, Max: 29666.8, Diff: 0.0]
   [Code Root Fixup: 0.0 ms]
   [Code Root Purge: 0.0 ms]
   [Clear CT: 0.0 ms]
   [Other: 0.4 ms]
      [Choose CSet: 0.0 ms]
      [Ref Proc: 0.0 ms]
      [Ref Enq: 0.0 ms]
      [Redirty Cards: 0.0 ms]
      [Humongous Register: 0.0 ms]
      [Humongous Reclaim: 0.0 ms]
      [Free CSet: 0.0 ms]
   [Eden: 27.0M(27.0M)->0.0B(27.0M) Survivors: 4096.0K->4096.0K Heap: 616.5M(620.0M)->595.5M(627.0M)]
 [Times: user=0.00 sys=0.02, real=0.00 secs] 
2016-06-27T20:25:27.395+0300: 29.667: Total time for which application threads were stopped: 0.0077491 seconds, Stopping threads took: 0.0042718 seconds
2016-06-27T20:25:27.619+0300: 29.891: [GC pause (G1 Evacuation Pause) (young)
Desired survivor size 2097152 bytes, new threshold 1 (max 15)
- age   1:    3887360 bytes,    3887360 total
, 0.0032716 secs]
   [Parallel Time: 2.7 ms, GC Workers: 4]
      [GC Worker Start (ms): Min: 29891.2, Avg: 29891.2, Max: 29891.2, Diff: 0.0]
      [Ext Root Scanning (ms): Min: 0.6, Avg: 0.7, Max: 1.1, Diff: 0.5, Sum: 2.8]
      [Update RS (ms): Min: 0.0, Avg: 0.5, Max: 1.0, Diff: 1.0, Sum: 1.9]
         [Processed Buffers: Min: 1, Avg: 7.0, Max: 16, Diff: 15, Sum: 28]
      [Scan RS (ms): Min: 0.0, Avg: 0.0, Max: 0.0, Diff: 0.0, Sum: 0.0]
      [Code Root Scanning (ms): Min: 0.0, Avg: 0.0, Max: 0.0, Diff: 0.0, Sum: 0.0]
      [Object Copy (ms): Min: 1.1, Avg: 1.5, Max: 1.7, Diff: 0.7, Sum: 6.0]
      [Termination (ms): Min: 0.0, Avg: 0.0, Max: 0.0, Diff: 0.0, Sum: 0.0]
         [Termination Attempts: Min: 1, Avg: 1.0, Max: 1, Diff: 0, Sum: 4]
      [GC Worker Other (ms): Min: 0.0, Avg: 0.0, Max: 0.0, Diff: 0.0, Sum: 0.0]
      [GC Worker Total (ms): Min: 2.7, Avg: 2.7, Max: 2.7, Diff: 0.0, Sum: 10.9]
      [GC Worker End (ms): Min: 29893.9, Avg: 29893.9, Max: 29893.9, Diff: 0.0]
   [Code Root Fixup: 0.0 ms]
   [Code Root Purge: 0.0 ms]
   [Clear CT: 0.1 ms]
   [Other: 0.4 ms]
      [Choose CSet: 0.0 ms]
      [Ref Proc: 0.1 ms]
      [Ref Enq: 0.0 ms]
      [Redirty Cards: 0.0 ms]
      [Humongous Register: 0.0 ms]
      [Humongous Reclaim: 0.0 ms]
      [Free CSet: 0.0 ms]
   [Eden: 27.0M(27.0M)->0.0B(27.0M) Survivors: 4096.0K->4096.0K Heap: 622.5M(627.0M)->600.5M(632.0M)]
 [Times: user=0.00 sys=0.00, real=0.00 secs] 
2016-06-27T20:25:27.623+0300: 29.895: Total time for which application threads were stopped: 0.0079296 seconds, Stopping threads took: 0.0040674 seconds
2016-06-27T20:25:27.635+0300: 29.907: [GC remark 2016-06-27T20:25:27.635+0300: 29.907: [Finalize Marking, 0.0001565 secs] 2016-06-27T20:25:27.635+0300: 29.907: [GC ref-proc, 0.0000800 secs] 2016-06-27T20:25:27.635+0300: 29.907: [Unloading, 0.0011722 secs], 0.0037266 secs]
 [Times: user=0.00 sys=0.00, real=0.00 secs] 
2016-06-27T20:25:27.638+0300: 29.910: Total time for which application threads were stopped: 0.0042286 seconds, Stopping threads took: 0.0000706 seconds
2016-06-27T20:25:27.640+0300: 29.912: [GC cleanup 602M->602M(632M), 0.0007480 secs]
 [Times: user=0.00 sys=0.00, real=0.00 secs] 
2016-06-27T20:25:27.641+0300: 29.913: Total time for which application threads were stopped: 0.0012748 seconds, Stopping threads took: 0.0000825 seconds
2016-06-27T20:25:27.849+0300: 30.121: [GC pause (G1 Evacuation Pause) (young)
Desired survivor size 2097152 bytes, new threshold 1 (max 15)
- age   1:    4046360 bytes,    4046360 total
, 0.0032373 secs]
   [Parallel Time: 2.7 ms, GC Workers: 4]
      [GC Worker Start (ms): Min: 30121.2, Avg: 30121.2, Max: 30121.2, Diff: 0.0]
      [Ext Root Scanning (ms): Min: 0.5, Avg: 0.5, Max: 0.6, Diff: 0.1, Sum: 2.2]
      [Update RS (ms): Min: 0.4, Avg: 0.5, Max: 0.6, Diff: 0.2, Sum: 2.1]
         [Processed Buffers: Min: 4, Avg: 6.8, Max: 9, Diff: 5, Sum: 27]
      [Scan RS (ms): Min: 0.0, Avg: 0.0, Max: 0.0, Diff: 0.0, Sum: 0.0]
      [Code Root Scanning (ms): Min: 0.0, Avg: 0.0, Max: 0.0, Diff: 0.0, Sum: 0.0]
      [Object Copy (ms): Min: 1.5, Avg: 1.6, Max: 1.7, Diff: 0.1, Sum: 6.4]
      [Termination (ms): Min: 0.0, Avg: 0.0, Max: 0.0, Diff: 0.0, Sum: 0.0]
         [Termination Attempts: Min: 1, Avg: 1.0, Max: 1, Diff: 0, Sum: 4]
      [GC Worker Other (ms): Min: 0.0, Avg: 0.0, Max: 0.0, Diff: 0.0, Sum: 0.0]
      [GC Worker Total (ms): Min: 2.7, Avg: 2.7, Max: 2.7, Diff: 0.0, Sum: 10.9]
      [GC Worker End (ms): Min: 30123.9, Avg: 30123.9, Max: 30123.9, Diff: 0.0]
   [Code Root Fixup: 0.0 ms]
   [Code Root Purge: 0.0 ms]
   [Clear CT: 0.0 ms]
   [Other: 0.4 ms]
      [Choose CSet: 0.0 ms]
      [Ref Proc: 0.0 ms]
      [Ref Enq: 0.0 ms]
      [Redirty Cards: 0.1 ms]
      [Humongous Register: 0.0 ms]
      [Humongous Reclaim: 0.0 ms]
      [Free CSet: 0.0 ms]
   [Eden: 27.0M(27.0M)->0.0B(27.0M) Survivors: 4096.0K->4096.0K Heap: 627.5M(632.0M)->607.0M(638.0M)]
 [Times: user=0.00 sys=0.00, real=0.00 secs] 
2016-06-27T20:25:27.852+0300: 30.124: Total time for which application threads were stopped: 0.0088495 seconds, Stopping threads took: 0.0050621 seconds
2016-06-27T20:25:27.890+0300: 30.162: Total time for which application threads were stopped: 0.0045259 seconds, Stopping threads took: 0.0042351 seconds
2016-06-27T20:25:27.891+0300: 30.163: Total time for which application threads were stopped: 0.0002048 seconds, Stopping threads took: 0.0000325 seconds
2016-06-27T20:25:27.891+0300: 30.163: Total time for which application threads were stopped: 0.0003015 seconds, Stopping threads took: 0.0000359 seconds
2016-06-27T20:25:27.891+0300: 30.163: Total time for which application threads were stopped: 0.0002865 seconds, Stopping threads took: 0.0000381 seconds
2016-06-27T20:25:27.892+0300: 30.164: Total time for which application threads were stopped: 0.0002083 seconds, Stopping threads took: 0.0000368 seconds
2016-06-27T20:25:27.892+0300: 30.164: Total time for which application threads were stopped: 0.0001796 seconds, Stopping threads took: 0.0000188 seconds
2016-06-27T20:25:28.083+0300: 30.355: [GC pause (G1 Evacuation Pause) (mixed)
Desired survivor size 2097152 bytes, new threshold 1 (max 15)
- age   1:    3711832 bytes,    3711832 total
, 0.0067800 secs]
   [Parallel Time: 6.2 ms, GC Workers: 4]
      [GC Worker Start (ms): Min: 30355.4, Avg: 30355.4, Max: 30355.4, Diff: 0.0]
      [Ext Root Scanning (ms): Min: 0.6, Avg: 0.6, Max: 0.7, Diff: 0.1, Sum: 2.4]
      [Update RS (ms): Min: 0.5, Avg: 0.5, Max: 0.5, Diff: 0.1, Sum: 2.0]
         [Processed Buffers: Min: 1, Avg: 6.8, Max: 17, Diff: 16, Sum: 27]
      [Scan RS (ms): Min: 0.4, Avg: 0.4, Max: 0.5, Diff: 0.1, Sum: 1.7]
      [Code Root Scanning (ms): Min: 0.0, Avg: 0.0, Max: 0.0, Diff: 0.0, Sum: 0.0]
      [Object Copy (ms): Min: 4.5, Avg: 4.6, Max: 4.6, Diff: 0.1, Sum: 18.4]
      [Termination (ms): Min: 0.0, Avg: 0.0, Max: 0.0, Diff: 0.0, Sum: 0.1]
         [Termination Attempts: Min: 1, Avg: 1.0, Max: 1, Diff: 0, Sum: 4]
      [GC Worker Other (ms): Min: 0.0, Avg: 0.0, Max: 0.0, Diff: 0.0, Sum: 0.0]
      [GC Worker Total (ms): Min: 6.2, Avg: 6.2, Max: 6.2, Diff: 0.0, Sum: 24.7]
      [GC Worker End (ms): Min: 30361.5, Avg: 30361.5, Max: 30361.5, Diff: 0.0]
   [Code Root Fixup: 0.0 ms]
   [Code Root Purge: 0.0 ms]
   [Clear CT: 0.1 ms]
   [Other: 0.5 ms]
      [Choose CSet: 0.0 ms]
      [Ref Proc: 0.1 ms]
      [Ref Enq: 0.0 ms]
      [Redirty Cards: 0.0 ms]
      [Humongous Register: 0.0 ms]
      [Humongous Reclaim: 0.0 ms]
      [Free CSet: 0.1 ms]
   [Eden: 27.0M(27.0M)->0.0B(28.0M) Survivors: 4096.0K->4096.0K Heap: 634.0M(638.0M)->602.5M(657.0M)]
 [Times: user=0.00 sys=0.00, real=0.01 secs] 
2016-06-27T20:25:28.090+0300: 30.362: Total time for which application threads were stopped: 0.0082533 seconds, Stopping threads took: 0.0009306 seconds
2016-06-27T20:25:28.325+0300: 30.597: [GC pause (G1 Evacuation Pause) (young)
Desired survivor size 2097152 bytes, new threshold 1 (max 15)
- age   1:    4110816 bytes,    4110816 total
, 0.0041337 secs]
   [Parallel Time: 3.6 ms, GC Workers: 4]
      [GC Worker Start (ms): Min: 30596.7, Avg: 30596.7, Max: 30596.7, Diff: 0.0]
      [Ext Root Scanning (ms): Min: 0.5, Avg: 0.5, Max: 0.6, Diff: 0.1, Sum: 2.2]
      [Update RS (ms): Min: 1.7, Avg: 1.7, Max: 1.8, Diff: 0.1, Sum: 6.8]
         [Processed Buffers: Min: 3, Avg: 6.8, Max: 10, Diff: 7, Sum: 27]
      [Scan RS (ms): Min: 0.0, Avg: 0.0, Max: 0.0, Diff: 0.0, Sum: 0.0]
      [Code Root Scanning (ms): Min: 0.0, Avg: 0.0, Max: 0.0, Diff: 0.0, Sum: 0.0]
      [Object Copy (ms): Min: 1.2, Avg: 1.3, Max: 1.4, Diff: 0.2, Sum: 5.3]
      [Termination (ms): Min: 0.0, Avg: 0.0, Max: 0.0, Diff: 0.0, Sum: 0.0]
         [Termination Attempts: Min: 1, Avg: 1.0, Max: 1, Diff: 0, Sum: 4]
      [GC Worker Other (ms): Min: 0.0, Avg: 0.0, Max: 0.0, Diff: 0.0, Sum: 0.0]
      [GC Worker Total (ms): Min: 3.6, Avg: 3.6, Max: 3.6, Diff: 0.0, Sum: 14.4]
      [GC Worker End (ms): Min: 30600.3, Avg: 30600.3, Max: 30600.3, Diff: 0.0]
   [Code Root Fixup: 0.0 ms]
   [Code Root Purge: 0.0 ms]
   [Clear CT: 0.0 ms]
   [Other: 0.5 ms]
      [Choose CSet: 0.0 ms]
      [Ref Proc: 0.1 ms]
      [Ref Enq: 0.0 ms]
      [Redirty Cards: 0.0 ms]
      [Humongous Register: 0.0 ms]
      [Humongous Reclaim: 0.0 ms]
      [Free CSet: 0.1 ms]
   [Eden: 28.0M(28.0M)->0.0B(28.0M) Survivors: 4096.0K->4096.0K Heap: 630.5M(657.0M)->608.5M(657.0M)]
 [Times: user=0.00 sys=0.00, real=0.00 secs] 
2016-06-27T20:25:28.329+0300: 30.601: Total time for which application threads were stopped: 0.0071175 seconds, Stopping threads took: 0.0024103 seconds
2016-06-27T20:25:28.542+0300: 30.814: [GC pause (G1 Evacuation Pause) (young) (initial-mark)
Desired survivor size 2097152 bytes, new threshold 1 (max 15)
- age   1:    3963888 bytes,    3963888 total
, 0.0035149 secs]
   [Parallel Time: 2.8 ms, GC Workers: 4]
      [GC Worker Start (ms): Min: 30814.2, Avg: 30814.2, Max: 30814.2, Diff: 0.0]
      [Ext Root Scanning (ms): Min: 0.6, Avg: 0.8, Max: 1.1, Diff: 0.4, Sum: 3.1]
      [Update RS (ms): Min: 0.2, Avg: 0.6, Max: 0.7, Diff: 0.5, Sum: 2.3]
         [Processed Buffers: Min: 4, Avg: 6.5, Max: 8, Diff: 4, Sum: 26]
      [Scan RS (ms): Min: 0.0, Avg: 0.0, Max: 0.0, Diff: 0.0, Sum: 0.0]
      [Code Root Scanning (ms): Min: 0.0, Avg: 0.0, Max: 0.0, Diff: 0.0, Sum: 0.0]
      [Object Copy (ms): Min: 1.3, Avg: 1.4, Max: 1.5, Diff: 0.1, Sum: 5.6]
      [Termination (ms): Min: 0.0, Avg: 0.0, Max: 0.0, Diff: 0.0, Sum: 0.0]
         [Termination Attempts: Min: 1, Avg: 1.0, Max: 1, Diff: 0, Sum: 4]
      [GC Worker Other (ms): Min: 0.0, Avg: 0.0, Max: 0.0, Diff: 0.0, Sum: 0.1]
      [GC Worker Total (ms): Min: 2.8, Avg: 2.8, Max: 2.8, Diff: 0.0, Sum: 11.0]
      [GC Worker End (ms): Min: 30817.0, Avg: 30817.0, Max: 30817.0, Diff: 0.0]
   [Code Root Fixup: 0.0 ms]
   [Code Root Purge: 0.0 ms]
   [Clear CT: 0.1 ms]
   [Other: 0.6 ms]
      [Choose CSet: 0.0 ms]
      [Ref Proc: 0.2 ms]
      [Ref Enq: 0.0 ms]
      [Redirty Cards: 0.0 ms]
      [Humongous Register: 0.0 ms]
      [Humongous Reclaim: 0.0 ms]
      [Free CSet: 0.0 ms]
   [Eden: 28.0M(28.0M)->0.0B(28.0M) Survivors: 4096.0K->4096.0K Heap: 636.5M(657.0M)->614.5M(657.0M)]
 [Times: user=0.00 sys=0.00, real=0.00 secs] 
2016-06-27T20:25:28.546+0300: 2016-06-27T20:25:28.546+0300: 30.81830.818: : [GC concurrent-root-region-scan-start]
Total time for which application threads were stopped: 0.0054214 seconds, Stopping threads took: 0.0013125 seconds
2016-06-27T20:25:28.546+0300: 30.818: [GC concurrent-root-region-scan-end, 0.0006522 secs]
2016-06-27T20:25:28.546+0300: 30.818: [GC concurrent-mark-start]
2016-06-27T20:25:28.581+0300: 30.853: [GC concurrent-mark-end, 0.0348688 secs]
2016-06-27T20:25:28.603+0300: 30.875: [GC remark 2016-06-27T20:25:28.603+0300: 30.875: [Finalize Marking, 0.0001420 secs] 2016-06-27T20:25:28.603+0300: 30.876: [GC ref-proc, 0.0000834 secs] 2016-06-27T20:25:28.604+0300: 30.876: [Unloading, 0.0011551 secs], 0.0039169 secs]
 [Times: user=0.00 sys=0.00, real=0.00 secs] 
2016-06-27T20:25:28.607+0300: 30.879: Total time for which application threads were stopped: 0.0072197 seconds, Stopping threads took: 0.0029346 seconds
2016-06-27T20:25:28.716+0300: 30.988: [GC cleanup 642M->642M(657M), 0.0008545 secs]
 [Times: user=0.00 sys=0.00, real=0.00 secs] 
2016-06-27T20:25:28.717+0300: 30.989: Total time for which application threads were stopped: 0.0048907 seconds, Stopping threads took: 0.0036496 seconds
2016-06-27T20:25:28.718+0300: 30.990: [GC pause (G1 Evacuation Pause) (young)
Desired survivor size 2097152 bytes, new threshold 1 (max 15)
- age   1:    3868120 bytes,    3868120 total
, 0.0032870 secs]
   [Parallel Time: 2.8 ms, GC Workers: 4]
      [GC Worker Start (ms): Min: 30990.4, Avg: 30990.5, Max: 30990.8, Diff: 0.4]
      [Ext Root Scanning (ms): Min: 0.6, Avg: 1.0, Max: 1.8, Diff: 1.2, Sum: 4.0]
      [Update RS (ms): Min: 0.0, Avg: 0.5, Max: 0.7, Diff: 0.7, Sum: 1.9]
         [Processed Buffers: Min: 0, Avg: 4.5, Max: 13, Diff: 13, Sum: 18]
      [Scan RS (ms): Min: 0.0, Avg: 0.0, Max: 0.0, Diff: 0.0, Sum: 0.0]
      [Code Root Scanning (ms): Min: 0.0, Avg: 0.0, Max: 0.0, Diff: 0.0, Sum: 0.0]
      [Object Copy (ms): Min: 0.5, Avg: 1.2, Max: 1.5, Diff: 1.0, Sum: 4.7]
      [Termination (ms): Min: 0.0, Avg: 0.0, Max: 0.0, Diff: 0.0, Sum: 0.0]
         [Termination Attempts: Min: 1, Avg: 1.0, Max: 1, Diff: 0, Sum: 4]
      [GC Worker Other (ms): Min: 0.0, Avg: 0.0, Max: 0.0, Diff: 0.0, Sum: 0.0]
      [GC Worker Total (ms): Min: 2.4, Avg: 2.7, Max: 2.8, Diff: 0.4, Sum: 10.6]
      [GC Worker End (ms): Min: 30993.2, Avg: 30993.2, Max: 30993.2, Diff: 0.0]
   [Code Root Fixup: 0.0 ms]
   [Code Root Purge: 0.0 ms]
   [Clear CT: 0.0 ms]
   [Other: 0.5 ms]
      [Choose CSet: 0.0 ms]
      [Ref Proc: 0.1 ms]
      [Ref Enq: 0.0 ms]
      [Redirty Cards: 0.0 ms]
      [Humongous Register: 0.0 ms]
      [Humongous Reclaim: 0.0 ms]
      [Free CSet: 0.1 ms]
   [Eden: 28.0M(28.0M)->0.0B(28.0M) Survivors: 4096.0K->4096.0K Heap: 642.5M(657.0M)->620.0M(657.0M)]
 [Times: user=0.00 sys=0.00, real=0.00 secs] 
2016-06-27T20:25:28.722+0300: 30.994: Total time for which application threads were stopped: 0.0039062 seconds, Stopping threads took: 0.0000748 seconds
2016-06-27T20:25:28.956+0300: 31.228: [GC pause (G1 Evacuation Pause) (mixed)
Desired survivor size 2097152 bytes, new threshold 1 (max 15)
- age   1:    4090440 bytes,    4090440 total
, 0.0115214 secs]
   [Parallel Time: 10.7 ms, GC Workers: 4]
      [GC Worker Start (ms): Min: 31228.3, Avg: 31228.4, Max: 31228.4, Diff: 0.0]
      [Ext Root Scanning (ms): Min: 0.5, Avg: 0.5, Max: 0.6, Diff: 0.1, Sum: 2.1]
      [Update RS (ms): Min: 0.5, Avg: 0.6, Max: 0.6, Diff: 0.1, Sum: 2.2]
         [Processed Buffers: Min: 3, Avg: 8.5, Max: 18, Diff: 15, Sum: 34]
      [Scan RS (ms): Min: 0.4, Avg: 0.5, Max: 0.5, Diff: 0.0, Sum: 1.8]
      [Code Root Scanning (ms): Min: 0.0, Avg: 0.0, Max: 0.0, Diff: 0.0, Sum: 0.0]
      [Object Copy (ms): Min: 9.1, Avg: 9.1, Max: 9.1, Diff: 0.1, Sum: 36.5]
      [Termination (ms): Min: 0.0, Avg: 0.0, Max: 0.0, Diff: 0.0, Sum: 0.0]
         [Termination Attempts: Min: 1, Avg: 1.0, Max: 1, Diff: 0, Sum: 4]
      [GC Worker Other (ms): Min: 0.0, Avg: 0.0, Max: 0.0, Diff: 0.0, Sum: 0.0]
      [GC Worker Total (ms): Min: 10.7, Avg: 10.7, Max: 10.7, Diff: 0.0, Sum: 42.7]
      [GC Worker End (ms): Min: 31239.0, Avg: 31239.0, Max: 31239.0, Diff: 0.0]
   [Code Root Fixup: 0.0 ms]
   [Code Root Purge: 0.0 ms]
   [Clear CT: 0.1 ms]
   [Other: 0.7 ms]
      [Choose CSet: 0.1 ms]
      [Ref Proc: 0.0 ms]
      [Ref Enq: 0.0 ms]
      [Redirty Cards: 0.0 ms]
      [Humongous Register: 0.0 ms]
      [Humongous Reclaim: 0.0 ms]
      [Free CSet: 0.2 ms]
   [Eden: 28.0M(28.0M)->0.0B(30.0M) Survivors: 4096.0K->4096.0K Heap: 648.0M(657.0M)->595.0M(693.0M)]
 [Times: user=0.05 sys=0.01, real=0.01 secs] 
2016-06-27T20:25:28.968+0300: 31.240: Total time for which application threads were stopped: 0.0145283 seconds, Stopping threads took: 0.0024376 seconds
2016-06-27T20:25:29.213+0300: 31.485: [GC pause (G1 Evacuation Pause) (mixed)
Desired survivor size 2621440 bytes, new threshold 1 (max 15)
- age   1:    4088096 bytes,    4088096 total
, 0.0141186 secs]
   [Parallel Time: 13.2 ms, GC Workers: 4]
      [GC Worker Start (ms): Min: 31485.0, Avg: 31485.0, Max: 31485.0, Diff: 0.0]
      [Ext Root Scanning (ms): Min: 0.5, Avg: 0.6, Max: 0.6, Diff: 0.1, Sum: 2.3]
      [Update RS (ms): Min: 1.9, Avg: 1.9, Max: 2.0, Diff: 0.1, Sum: 7.7]
         [Processed Buffers: Min: 6, Avg: 7.8, Max: 10, Diff: 4, Sum: 31]
      [Scan RS (ms): Min: 1.0, Avg: 1.0, Max: 1.0, Diff: 0.1, Sum: 4.0]
      [Code Root Scanning (ms): Min: 0.0, Avg: 0.0, Max: 0.0, Diff: 0.0, Sum: 0.0]
      [Object Copy (ms): Min: 9.5, Avg: 9.5, Max: 9.6, Diff: 0.1, Sum: 38.2]
      [Termination (ms): Min: 0.0, Avg: 0.0, Max: 0.1, Diff: 0.1, Sum: 0.2]
         [Termination Attempts: Min: 1, Avg: 1.3, Max: 2, Diff: 1, Sum: 5]
      [GC Worker Other (ms): Min: 0.0, Avg: 0.0, Max: 0.0, Diff: 0.0, Sum: 0.0]
      [GC Worker Total (ms): Min: 13.1, Avg: 13.1, Max: 13.1, Diff: 0.0, Sum: 52.4]
      [GC Worker End (ms): Min: 31498.1, Avg: 31498.1, Max: 31498.1, Diff: 0.0]
   [Code Root Fixup: 0.0 ms]
   [Code Root Purge: 0.0 ms]
   [Clear CT: 0.1 ms]
   [Other: 0.8 ms]
      [Choose CSet: 0.1 ms]
      [Ref Proc: 0.1 ms]
      [Ref Enq: 0.0 ms]
      [Redirty Cards: 0.0 ms]
      [Humongous Register: 0.0 ms]
      [Humongous Reclaim: 0.0 ms]
      [Free CSet: 0.3 ms]
   [Eden: 30.0M(30.0M)->0.0B(35.0M) Survivors: 4096.0K->5120.0K Heap: 625.0M(693.0M)->581.0M(693.0M)]
 [Times: user=0.05 sys=0.02, real=0.01 secs] 
2016-06-27T20:25:29.227+0300: 31.499: Total time for which application threads were stopped: 0.0164472 seconds, Stopping threads took: 0.0017808 seconds
2016-06-27T20:25:29.523+0300: 31.795: [GC pause (G1 Evacuation Pause) (young)
Desired survivor size 2621440 bytes, new threshold 1 (max 15)
- age   1:    4884160 bytes,    4884160 total
, 0.0062442 secs]
   [Parallel Time: 5.7 ms, GC Workers: 4]
      [GC Worker Start (ms): Min: 31795.4, Avg: 31795.4, Max: 31795.4, Diff: 0.0]
      [Ext Root Scanning (ms): Min: 0.5, Avg: 0.6, Max: 0.6, Diff: 0.1, Sum: 2.2]
      [Update RS (ms): Min: 3.3, Avg: 3.3, Max: 3.3, Diff: 0.0, Sum: 13.2]
         [Processed Buffers: Min: 5, Avg: 11.0, Max: 19, Diff: 14, Sum: 44]
      [Scan RS (ms): Min: 0.0, Avg: 0.0, Max: 0.0, Diff: 0.0, Sum: 0.0]
      [Code Root Scanning (ms): Min: 0.0, Avg: 0.0, Max: 0.0, Diff: 0.0, Sum: 0.0]
      [Object Copy (ms): Min: 1.6, Avg: 1.7, Max: 1.8, Diff: 0.1, Sum: 6.9]
      [Termination (ms): Min: 0.0, Avg: 0.0, Max: 0.0, Diff: 0.0, Sum: 0.0]
         [Termination Attempts: Min: 1, Avg: 1.0, Max: 1, Diff: 0, Sum: 4]
      [GC Worker Other (ms): Min: 0.0, Avg: 0.0, Max: 0.0, Diff: 0.0, Sum: 0.0]
      [GC Worker Total (ms): Min: 5.6, Avg: 5.6, Max: 5.6, Diff: 0.0, Sum: 22.4]
      [GC Worker End (ms): Min: 31801.0, Avg: 31801.0, Max: 31801.0, Diff: 0.0]
   [Code Root Fixup: 0.0 ms]
   [Code Root Purge: 0.0 ms]
   [Clear CT: 0.0 ms]
   [Other: 0.5 ms]
      [Choose CSet: 0.0 ms]
      [Ref Proc: 0.1 ms]
      [Ref Enq: 0.0 ms]
      [Redirty Cards: 0.1 ms]
      [Humongous Register: 0.0 ms]
      [Humongous Reclaim: 0.0 ms]
      [Free CSet: 0.0 ms]
   [Eden: 35.0M(35.0M)->0.0B(29.0M) Survivors: 5120.0K->5120.0K Heap: 616.0M(693.0M)->587.5M(693.0M)]
 [Times: user=0.00 sys=0.00, real=0.01 secs] 
2016-06-27T20:25:29.532+0300: 31.804: Total time for which application threads were stopped: 0.0145013 seconds, Stopping threads took: 0.0050831 seconds
2016-06-27T20:25:29.780+0300: 32.052: [GC pause (G1 Evacuation Pause) (young) (initial-mark)
Desired survivor size 2621440 bytes, new threshold 1 (max 15)
- age   1:    5179912 bytes,    5179912 total
, 0.0038386 secs]
   [Parallel Time: 3.2 ms, GC Workers: 4]
      [GC Worker Start (ms): Min: 32052.4, Avg: 32052.4, Max: 32052.5, Diff: 0.0]
      [Ext Root Scanning (ms): Min: 0.5, Avg: 0.5, Max: 0.7, Diff: 0.2, Sum: 2.2]
      [Update RS (ms): Min: 1.0, Avg: 1.0, Max: 1.1, Diff: 0.1, Sum: 4.2]
         [Processed Buffers: Min: 3, Avg: 7.5, Max: 14, Diff: 11, Sum: 30]
      [Scan RS (ms): Min: 0.0, Avg: 0.0, Max: 0.0, Diff: 0.0, Sum: 0.0]
      [Code Root Scanning (ms): Min: 0.0, Avg: 0.0, Max: 0.0, Diff: 0.0, Sum: 0.0]
      [Object Copy (ms): Min: 1.4, Avg: 1.6, Max: 1.7, Diff: 0.2, Sum: 6.3]
      [Termination (ms): Min: 0.0, Avg: 0.0, Max: 0.0, Diff: 0.0, Sum: 0.0]
         [Termination Attempts: Min: 1, Avg: 1.0, Max: 1, Diff: 0, Sum: 4]
      [GC Worker Other (ms): Min: 0.0, Avg: 0.0, Max: 0.0, Diff: 0.0, Sum: 0.1]
      [GC Worker Total (ms): Min: 3.2, Avg: 3.2, Max: 3.2, Diff: 0.0, Sum: 12.7]
      [GC Worker End (ms): Min: 32055.6, Avg: 32055.6, Max: 32055.6, Diff: 0.0]
   [Code Root Fixup: 0.0 ms]
   [Code Root Purge: 0.0 ms]
   [Clear CT: 0.0 ms]
   [Other: 0.6 ms]
      [Choose CSet: 0.0 ms]
      [Ref Proc: 0.1 ms]
      [Ref Enq: 0.0 ms]
      [Redirty Cards: 0.0 ms]
      [Humongous Register: 0.0 ms]
      [Humongous Reclaim: 0.0 ms]
      [Free CSet: 0.0 ms]
   [Eden: 29.0M(29.0M)->0.0B(29.0M) Survivors: 5120.0K->5120.0K Heap: 616.5M(693.0M)->594.0M(693.0M)]
 [Times: user=0.00 sys=0.00, real=0.00 secs] 
2016-06-27T20:25:29.784+0300: 32.056: [GC concurrent-root-region-scan-start]
2016-06-27T20:25:29.784+0300: 32.056: Total time for which application threads were stopped: 0.0081378 seconds, Stopping threads took: 0.0037163 seconds
2016-06-27T20:25:29.785+0300: 32.057: [GC concurrent-root-region-scan-end, 0.0004140 secs]
2016-06-27T20:25:29.785+0300: 32.057: [GC concurrent-mark-start]
2016-06-27T20:25:29.825+0300: 32.096: [GC concurrent-mark-end, 0.0394438 secs]
2016-06-27T20:25:29.852+0300: 32.124: [GC remark 2016-06-27T20:25:29.852+0300: 32.124: [Finalize Marking, 0.0001552 secs] 2016-06-27T20:25:29.852+0300: 32.124: [GC ref-proc, 0.0000842 secs] 2016-06-27T20:25:29.852+0300: 32.124: [Unloading, 0.0011906 secs], 0.0039793 secs]
 [Times: user=0.00 sys=0.00, real=0.00 secs] 
2016-06-27T20:25:29.856+0300: 32.128: Total time for which application threads were stopped: 0.0076135 seconds, Stopping threads took: 0.0032219 seconds
2016-06-27T20:25:29.857+0300: 32.129: [GC cleanup 603M->603M(693M), 0.0008442 secs]
 [Times: user=0.00 sys=0.00, real=0.00 secs] 
2016-06-27T20:25:29.858+0300: 32.130: Total time for which application threads were stopped: 0.0013458 seconds, Stopping threads took: 0.0000492 seconds
2016-06-27T20:25:30.026+0300: 32.298: [GC pause (G1 Evacuation Pause) (young)
Desired survivor size 2621440 bytes, new threshold 1 (max 15)
- age   1:    4719920 bytes,    4719920 total
, 0.0032788 secs]
   [Parallel Time: 2.8 ms, GC Workers: 4]
      [GC Worker Start (ms): Min: 32298.5, Avg: 32298.5, Max: 32298.5, Diff: 0.0]
      [Ext Root Scanning (ms): Min: 0.5, Avg: 0.5, Max: 0.5, Diff: 0.1, Sum: 2.1]
      [Update RS (ms): Min: 0.7, Avg: 0.8, Max: 0.9, Diff: 0.1, Sum: 3.2]
         [Processed Buffers: Min: 2, Avg: 5.0, Max: 7, Diff: 5, Sum: 20]
      [Scan RS (ms): Min: 0.0, Avg: 0.0, Max: 0.0, Diff: 0.0, Sum: 0.0]
      [Code Root Scanning (ms): Min: 0.0, Avg: 0.0, Max: 0.0, Diff: 0.0, Sum: 0.0]
      [Object Copy (ms): Min: 1.4, Avg: 1.4, Max: 1.5, Diff: 0.1, Sum: 5.7]
      [Termination (ms): Min: 0.0, Avg: 0.0, Max: 0.0, Diff: 0.0, Sum: 0.0]
         [Termination Attempts: Min: 1, Avg: 1.0, Max: 1, Diff: 0, Sum: 4]
      [GC Worker Other (ms): Min: 0.0, Avg: 0.0, Max: 0.0, Diff: 0.0, Sum: 0.0]
      [GC Worker Total (ms): Min: 2.8, Avg: 2.8, Max: 2.8, Diff: 0.0, Sum: 11.1]
      [GC Worker End (ms): Min: 32301.3, Avg: 32301.3, Max: 32301.3, Diff: 0.0]
   [Code Root Fixup: 0.0 ms]
   [Code Root Purge: 0.0 ms]
   [Clear CT: 0.0 ms]
   [Other: 0.5 ms]
      [Choose CSet: 0.0 ms]
      [Ref Proc: 0.0 ms]
      [Ref Enq: 0.0 ms]
      [Redirty Cards: 0.0 ms]
      [Humongous Register: 0.0 ms]
      [Humongous Reclaim: 0.0 ms]
      [Free CSet: 0.0 ms]
   [Eden: 29.0M(29.0M)->0.0B(29.0M) Survivors: 5120.0K->5120.0K Heap: 623.0M(693.0M)->599.0M(693.0M)]
 [Times: user=0.00 sys=0.00, real=0.00 secs] 
2016-06-27T20:25:30.030+0300: 32.302: Total time for which application threads were stopped: 0.0083251 seconds, Stopping threads took: 0.0044840 seconds
2016-06-27T20:25:30.275+0300: 32.547: [GC pause (G1 Evacuation Pause) (mixed)
Desired survivor size 2621440 bytes, new threshold 1 (max 15)
- age   1:    4848096 bytes,    4848096 total
, 0.0118285 secs]
   [Parallel Time: 10.9 ms, GC Workers: 4]
      [GC Worker Start (ms): Min: 32547.3, Avg: 32547.3, Max: 32547.3, Diff: 0.0]
      [Ext Root Scanning (ms): Min: 0.5, Avg: 0.6, Max: 0.6, Diff: 0.1, Sum: 2.3]
      [Update RS (ms): Min: 0.3, Avg: 0.4, Max: 0.5, Diff: 0.2, Sum: 1.7]
         [Processed Buffers: Min: 1, Avg: 6.3, Max: 13, Diff: 12, Sum: 25]
      [Scan RS (ms): Min: 0.9, Avg: 1.0, Max: 1.1, Diff: 0.2, Sum: 4.0]
      [Code Root Scanning (ms): Min: 0.0, Avg: 0.0, Max: 0.0, Diff: 0.0, Sum: 0.0]
      [Object Copy (ms): Min: 8.8, Avg: 8.8, Max: 8.8, Diff: 0.0, Sum: 35.2]
      [Termination (ms): Min: 0.0, Avg: 0.0, Max: 0.0, Diff: 0.0, Sum: 0.0]
         [Termination Attempts: Min: 1, Avg: 1.0, Max: 1, Diff: 0, Sum: 4]
      [GC Worker Other (ms): Min: 0.0, Avg: 0.0, Max: 0.0, Diff: 0.0, Sum: 0.1]
      [GC Worker Total (ms): Min: 10.8, Avg: 10.8, Max: 10.8, Diff: 0.0, Sum: 43.3]
      [GC Worker End (ms): Min: 32558.1, Avg: 32558.1, Max: 32558.1, Diff: 0.0]
   [Code Root Fixup: 0.0 ms]
   [Code Root Purge: 0.0 ms]
   [Clear CT: 0.2 ms]
   [Other: 0.8 ms]
      [Choose CSet: 0.1 ms]
      [Ref Proc: 0.1 ms]
      [Ref Enq: 0.0 ms]
      [Redirty Cards: 0.0 ms]
      [Humongous Register: 0.0 ms]
      [Humongous Reclaim: 0.0 ms]
      [Free CSet: 0.3 ms]
   [Eden: 29.0M(29.0M)->0.0B(33.0M) Survivors: 5120.0K->5120.0K Heap: 628.0M(693.0M)->583.5M(693.0M)]
 [Times: user=0.06 sys=0.00, real=0.01 secs] 
2016-06-27T20:25:30.287+0300: 32.559: Total time for which application threads were stopped: 0.0154443 seconds, Stopping threads took: 0.0030697 seconds
2016-06-27T20:25:30.565+0300: 32.837: [GC pause (G1 Evacuation Pause) (young)
Desired survivor size 2621440 bytes, new threshold 1 (max 15)
- age   1:    4778400 bytes,    4778400 total
, 0.0059204 secs]
   [Parallel Time: 5.5 ms, GC Workers: 4]
      [GC Worker Start (ms): Min: 32837.5, Avg: 32837.5, Max: 32837.5, Diff: 0.0]
      [Ext Root Scanning (ms): Min: 0.5, Avg: 0.5, Max: 0.5, Diff: 0.1, Sum: 2.0]
      [Update RS (ms): Min: 3.3, Avg: 3.4, Max: 3.5, Diff: 0.2, Sum: 13.5]
         [Processed Buffers: Min: 5, Avg: 10.0, Max: 17, Diff: 12, Sum: 40]
      [Scan RS (ms): Min: 0.0, Avg: 0.0, Max: 0.0, Diff: 0.0, Sum: 0.0]
      [Code Root Scanning (ms): Min: 0.0, Avg: 0.0, Max: 0.0, Diff: 0.0, Sum: 0.0]
      [Object Copy (ms): Min: 1.4, Avg: 1.5, Max: 1.6, Diff: 0.2, Sum: 6.1]
      [Termination (ms): Min: 0.0, Avg: 0.0, Max: 0.0, Diff: 0.0, Sum: 0.0]
         [Termination Attempts: Min: 1, Avg: 1.0, Max: 1, Diff: 0, Sum: 4]
      [GC Worker Other (ms): Min: 0.0, Avg: 0.0, Max: 0.0, Diff: 0.0, Sum: 0.1]
      [GC Worker Total (ms): Min: 5.4, Avg: 5.4, Max: 5.4, Diff: 0.0, Sum: 21.7]
      [GC Worker End (ms): Min: 32842.9, Avg: 32842.9, Max: 32842.9, Diff: 0.0]
   [Code Root Fixup: 0.0 ms]
   [Code Root Purge: 0.0 ms]
   [Clear CT: 0.0 ms]
   [Other: 0.4 ms]
      [Choose CSet: 0.0 ms]
      [Ref Proc: 0.0 ms]
      [Ref Enq: 0.0 ms]
      [Redirty Cards: 0.0 ms]
      [Humongous Register: 0.0 ms]
      [Humongous Reclaim: 0.0 ms]
      [Free CSet: 0.1 ms]
   [Eden: 33.0M(33.0M)->0.0B(29.0M) Survivors: 5120.0K->5120.0K Heap: 616.5M(693.0M)->589.5M(693.0M)]
 [Times: user=0.05 sys=0.02, real=0.01 secs] 
2016-06-27T20:25:30.571+0300: 32.843: Total time for which application threads were stopped: 0.0092964 seconds, Stopping threads took: 0.0028028 seconds
2016-06-27T20:25:30.816+0300: 33.088: [GC pause (G1 Evacuation Pause) (young) (initial-mark)
Desired survivor size 2621440 bytes, new threshold 1 (max 15)
- age   1:    4969560 bytes,    4969560 total
, 0.0032160 secs]
   [Parallel Time: 2.6 ms, GC Workers: 4]
      [GC Worker Start (ms): Min: 33088.6, Avg: 33088.6, Max: 33088.6, Diff: 0.0]
      [Ext Root Scanning (ms): Min: 0.5, Avg: 0.5, Max: 0.6, Diff: 0.2, Sum: 2.1]
      [Update RS (ms): Min: 0.4, Avg: 0.5, Max: 0.5, Diff: 0.1, Sum: 1.9]
         [Processed Buffers: Min: 3, Avg: 6.8, Max: 11, Diff: 8, Sum: 27]
      [Scan RS (ms): Min: 0.0, Avg: 0.0, Max: 0.0, Diff: 0.0, Sum: 0.0]
      [Code Root Scanning (ms): Min: 0.0, Avg: 0.0, Max: 0.0, Diff: 0.0, Sum: 0.0]
      [Object Copy (ms): Min: 1.4, Avg: 1.5, Max: 1.6, Diff: 0.2, Sum: 6.0]
      [Termination (ms): Min: 0.0, Avg: 0.0, Max: 0.0, Diff: 0.0, Sum: 0.0]
         [Termination Attempts: Min: 1, Avg: 1.0, Max: 1, Diff: 0, Sum: 4]
      [GC Worker Other (ms): Min: 0.0, Avg: 0.0, Max: 0.0, Diff: 0.0, Sum: 0.1]
      [GC Worker Total (ms): Min: 2.5, Avg: 2.5, Max: 2.5, Diff: 0.0, Sum: 10.1]
      [GC Worker End (ms): Min: 33091.1, Avg: 33091.1, Max: 33091.1, Diff: 0.0]
   [Code Root Fixup: 0.0 ms]
   [Code Root Purge: 0.0 ms]
   [Clear CT: 0.0 ms]
   [Other: 0.6 ms]
      [Choose CSet: 0.0 ms]
      [Ref Proc: 0.0 ms]
      [Ref Enq: 0.0 ms]
      [Redirty Cards: 0.0 ms]
      [Humongous Register: 0.0 ms]
      [Humongous Reclaim: 0.0 ms]
      [Free CSet: 0.1 ms]
   [Eden: 29.0M(29.0M)->0.0B(29.0M) Survivors: 5120.0K->5120.0K Heap: 618.5M(693.0M)->596.0M(693.0M)]
 [Times: user=0.06 sys=0.00, real=0.00 secs] 
2016-06-27T20:25:30.820+0300: 33.092: [GC concurrent-root-region-scan-start]
2016-06-27T20:25:30.820+0300: 33.092: Total time for which application threads were stopped: 0.0097706 seconds, Stopping threads took: 0.0059726 seconds
2016-06-27T20:25:30.820+0300: 33.092: [GC concurrent-root-region-scan-end, 0.0005453 secs]
2016-06-27T20:25:30.820+0300: 33.092: [GC concurrent-mark-start]
2016-06-27T20:25:30.854+0300: 33.126: [GC concurrent-mark-end, 0.0333147 secs]
2016-06-27T20:25:30.889+0300: 33.161: [GC remark 2016-06-27T20:25:30.889+0300: 33.161: [Finalize Marking, 0.0001818 secs] 2016-06-27T20:25:30.889+0300: 33.162: [GC ref-proc, 0.0000847 secs] 2016-06-27T20:25:30.889+0300: 33.162: [Unloading, 0.0011491 secs], 0.0042094 secs]
 [Times: user=0.00 sys=0.00, real=0.00 secs] 
2016-06-27T20:25:30.893+0300: 33.166: Total time for which application threads were stopped: 0.0084060 seconds, Stopping threads took: 0.0037676 seconds
2016-06-27T20:25:30.894+0300: 33.167: [GC cleanup 605M->605M(693M), 0.0008891 secs]
 [Times: user=0.06 sys=0.00, real=0.00 secs] 
2016-06-27T20:25:30.895+0300: 33.168: Total time for which application threads were stopped: 0.0014036 seconds, Stopping threads took: 0.0000603 seconds
2016-06-27T20:25:31.056+0300: 33.329: [GC pause (G1 Evacuation Pause) (young)
Desired survivor size 2621440 bytes, new threshold 1 (max 15)
- age   1:    4659800 bytes,    4659800 total
, 0.0030966 secs]
   [Parallel Time: 2.6 ms, GC Workers: 4]
      [GC Worker Start (ms): Min: 33328.7, Avg: 33328.7, Max: 33328.7, Diff: 0.0]
      [Ext Root Scanning (ms): Min: 0.6, Avg: 0.6, Max: 0.7, Diff: 0.1, Sum: 2.4]
      [Update RS (ms): Min: 0.4, Avg: 0.5, Max: 0.6, Diff: 0.2, Sum: 2.0]
         [Processed Buffers: Min: 1, Avg: 5.8, Max: 9, Diff: 8, Sum: 23]
      [Scan RS (ms): Min: 0.0, Avg: 0.0, Max: 0.0, Diff: 0.0, Sum: 0.0]
      [Code Root Scanning (ms): Min: 0.0, Avg: 0.0, Max: 0.0, Diff: 0.0, Sum: 0.0]
      [Object Copy (ms): Min: 1.3, Avg: 1.4, Max: 1.4, Diff: 0.1, Sum: 5.5]
      [Termination (ms): Min: 0.0, Avg: 0.0, Max: 0.0, Diff: 0.0, Sum: 0.0]
         [Termination Attempts: Min: 1, Avg: 1.0, Max: 1, Diff: 0, Sum: 4]
      [GC Worker Other (ms): Min: 0.0, Avg: 0.0, Max: 0.0, Diff: 0.0, Sum: 0.1]
      [GC Worker Total (ms): Min: 2.5, Avg: 2.5, Max: 2.5, Diff: 0.0, Sum: 10.1]
      [GC Worker End (ms): Min: 33331.2, Avg: 33331.2, Max: 33331.2, Diff: 0.0]
   [Code Root Fixup: 0.0 ms]
   [Code Root Purge: 0.0 ms]
   [Clear CT: 0.0 ms]
   [Other: 0.5 ms]
      [Choose CSet: 0.0 ms]
      [Ref Proc: 0.1 ms]
      [Ref Enq: 0.0 ms]
      [Redirty Cards: 0.0 ms]
      [Humongous Register: 0.0 ms]
      [Humongous Reclaim: 0.0 ms]
      [Free CSet: 0.1 ms]
   [Eden: 29.0M(29.0M)->0.0B(29.0M) Survivors: 5120.0K->5120.0K Heap: 625.0M(693.0M)->602.0M(693.0M)]
 [Times: user=0.00 sys=0.00, real=0.00 secs] 
2016-06-27T20:25:31.060+0300: 33.332: Total time for which application threads were stopped: 0.0051892 seconds, Stopping threads took: 0.0014814 seconds
2016-06-27T20:25:31.302+0300: 33.574: [GC pause (G1 Evacuation Pause) (mixed)
Desired survivor size 2621440 bytes, new threshold 1 (max 15)
- age   1:    4660752 bytes,    4660752 total
, 0.0115890 secs]
   [Parallel Time: 10.7 ms, GC Workers: 4]
      [GC Worker Start (ms): Min: 33574.1, Avg: 33574.1, Max: 33574.1, Diff: 0.0]
      [Ext Root Scanning (ms): Min: 0.5, Avg: 0.5, Max: 0.6, Diff: 0.1, Sum: 2.1]
      [Update RS (ms): Min: 0.4, Avg: 0.5, Max: 0.6, Diff: 0.2, Sum: 1.9]
         [Processed Buffers: Min: 2, Avg: 6.8, Max: 18, Diff: 16, Sum: 27]
      [Scan RS (ms): Min: 1.0, Avg: 1.1, Max: 1.1, Diff: 0.2, Sum: 4.3]
      [Code Root Scanning (ms): Min: 0.0, Avg: 0.0, Max: 0.0, Diff: 0.0, Sum: 0.0]
      [Object Copy (ms): Min: 8.5, Avg: 8.6, Max: 8.6, Diff: 0.1, Sum: 34.3]
      [Termination (ms): Min: 0.0, Avg: 0.0, Max: 0.0, Diff: 0.0, Sum: 0.0]
         [Termination Attempts: Min: 1, Avg: 1.0, Max: 1, Diff: 0, Sum: 4]
      [GC Worker Other (ms): Min: 0.0, Avg: 0.0, Max: 0.0, Diff: 0.0, Sum: 0.1]
      [GC Worker Total (ms): Min: 10.7, Avg: 10.7, Max: 10.7, Diff: 0.0, Sum: 42.7]
      [GC Worker End (ms): Min: 33584.7, Avg: 33584.8, Max: 33584.8, Diff: 0.0]
   [Code Root Fixup: 0.0 ms]
   [Code Root Purge: 0.0 ms]
   [Clear CT: 0.1 ms]
   [Other: 0.7 ms]
      [Choose CSet: 0.1 ms]
      [Ref Proc: 0.0 ms]
      [Ref Enq: 0.0 ms]
      [Redirty Cards: 0.0 ms]
      [Humongous Register: 0.0 ms]
      [Humongous Reclaim: 0.0 ms]
      [Free CSet: 0.2 ms]
   [Eden: 29.0M(29.0M)->0.0B(29.0M) Survivors: 5120.0K->5120.0K Heap: 631.0M(693.0M)->588.0M(693.0M)]
 [Times: user=0.00 sys=0.00, real=0.01 secs] 
2016-06-27T20:25:31.314+0300: 33.586: Total time for which application threads were stopped: 0.0151834 seconds, Stopping threads took: 0.0030150 seconds
2016-06-27T20:25:31.562+0300: 33.835: [GC pause (G1 Evacuation Pause) (young)
Desired survivor size 2621440 bytes, new threshold 1 (max 15)
- age   1:    4913808 bytes,    4913808 total
, 0.0061856 secs]
   [Parallel Time: 5.7 ms, GC Workers: 4]
      [GC Worker Start (ms): Min: 33834.8, Avg: 33834.8, Max: 33834.8, Diff: 0.0]
      [Ext Root Scanning (ms): Min: 0.5, Avg: 0.6, Max: 0.6, Diff: 0.1, Sum: 2.2]
      [Update RS (ms): Min: 3.5, Avg: 3.5, Max: 3.6, Diff: 0.1, Sum: 14.1]
         [Processed Buffers: Min: 5, Avg: 10.5, Max: 22, Diff: 17, Sum: 42]
      [Scan RS (ms): Min: 0.0, Avg: 0.0, Max: 0.0, Diff: 0.0, Sum: 0.0]
      [Code Root Scanning (ms): Min: 0.0, Avg: 0.0, Max: 0.0, Diff: 0.0, Sum: 0.0]
      [Object Copy (ms): Min: 1.5, Avg: 1.5, Max: 1.5, Diff: 0.1, Sum: 5.9]
      [Termination (ms): Min: 0.0, Avg: 0.0, Max: 0.1, Diff: 0.1, Sum: 0.1]
         [Termination Attempts: Min: 1, Avg: 1.0, Max: 1, Diff: 0, Sum: 4]
      [GC Worker Other (ms): Min: 0.0, Avg: 0.0, Max: 0.0, Diff: 0.0, Sum: 0.0]
      [GC Worker Total (ms): Min: 5.6, Avg: 5.6, Max: 5.6, Diff: 0.0, Sum: 22.4]
      [GC Worker End (ms): Min: 33840.4, Avg: 33840.4, Max: 33840.4, Diff: 0.0]
   [Code Root Fixup: 0.0 ms]
   [Code Root Purge: 0.0 ms]
   [Clear CT: 0.0 ms]
   [Other: 0.5 ms]
      [Choose CSet: 0.0 ms]
      [Ref Proc: 0.1 ms]
      [Ref Enq: 0.0 ms]
      [Redirty Cards: 0.0 ms]
      [Humongous Register: 0.0 ms]
      [Humongous Reclaim: 0.0 ms]
      [Free CSet: 0.0 ms]
   [Eden: 29.0M(29.0M)->0.0B(29.0M) Survivors: 5120.0K->5120.0K Heap: 617.0M(693.0M)->594.0M(693.0M)]
 [Times: user=0.06 sys=0.00, real=0.01 secs] 
2016-06-27T20:25:31.569+0300: 33.841: Total time for which application threads were stopped: 0.0099806 seconds, Stopping threads took: 0.0032296 seconds
2016-06-27T20:25:31.815+0300: 34.087: [GC pause (G1 Evacuation Pause) (young) (initial-mark)
Desired survivor size 2621440 bytes, new threshold 1 (max 15)
- age   1:    4736480 bytes,    4736480 total
, 0.0033832 secs]
   [Parallel Time: 2.8 ms, GC Workers: 4]
      [GC Worker Start (ms): Min: 34087.3, Avg: 34087.3, Max: 34087.3, Diff: 0.0]
      [Ext Root Scanning (ms): Min: 0.5, Avg: 0.6, Max: 0.7, Diff: 0.2, Sum: 2.2]
      [Update RS (ms): Min: 0.5, Avg: 0.6, Max: 0.8, Diff: 0.3, Sum: 2.6]
         [Processed Buffers: Min: 5, Avg: 7.3, Max: 10, Diff: 5, Sum: 29]
      [Scan RS (ms): Min: 0.0, Avg: 0.0, Max: 0.0, Diff: 0.0, Sum: 0.0]
      [Code Root Scanning (ms): Min: 0.0, Avg: 0.0, Max: 0.0, Diff: 0.0, Sum: 0.0]
      [Object Copy (ms): Min: 1.4, Avg: 1.5, Max: 1.6, Diff: 0.1, Sum: 6.1]
      [Termination (ms): Min: 0.0, Avg: 0.0, Max: 0.0, Diff: 0.0, Sum: 0.0]
         [Termination Attempts: Min: 1, Avg: 1.0, Max: 1, Diff: 0, Sum: 4]
      [GC Worker Other (ms): Min: 0.0, Avg: 0.0, Max: 0.0, Diff: 0.0, Sum: 0.0]
      [GC Worker Total (ms): Min: 2.7, Avg: 2.7, Max: 2.7, Diff: 0.0, Sum: 10.9]
      [GC Worker End (ms): Min: 34090.0, Avg: 34090.0, Max: 34090.0, Diff: 0.0]
   [Code Root Fixup: 0.0 ms]
   [Code Root Purge: 0.0 ms]
   [Clear CT: 0.0 ms]
   [Other: 0.6 ms]
      [Choose CSet: 0.0 ms]
      [Ref Proc: 0.1 ms]
      [Ref Enq: 0.0 ms]
      [Redirty Cards: 0.0 ms]
      [Humongous Register: 0.0 ms]
      [Humongous Reclaim: 0.0 ms]
      [Free CSet: 0.0 ms]
   [Eden: 29.0M(29.0M)->0.0B(29.0M) Survivors: 5120.0K->5120.0K Heap: 623.0M(693.0M)->599.5M(693.0M)]
 [Times: user=0.06 sys=0.00, real=0.00 secs] 
2016-06-27T20:25:31.819+0300: 34.091: [GC concurrent-root-region-scan-start]
2016-06-27T20:25:31.819+0300: 34.091: Total time for which application threads were stopped: 0.0111643 seconds, Stopping threads took: 0.0071363 seconds
2016-06-27T20:25:31.819+0300: 34.091: [GC concurrent-root-region-scan-end, 0.0006107 secs]
2016-06-27T20:25:31.819+0300: 34.091: [GC concurrent-mark-start]
2016-06-27T20:25:31.854+0300: 34.126: [GC concurrent-mark-end, 0.0346289 secs]
2016-06-27T20:25:31.888+0300: 34.159: [GC remark 2016-06-27T20:25:31.888+0300: 34.159: [Finalize Marking, 0.0001595 secs] 2016-06-27T20:25:31.888+0300: 34.160: [GC ref-proc, 0.0000842 secs] 2016-06-27T20:25:31.888+0300: 34.160: [Unloading, 0.0011568 secs], 0.0041444 secs]
 [Times: user=0.00 sys=0.00, real=0.00 secs] 
2016-06-27T20:25:31.892+0300: 34.164: Total time for which application threads were stopped: 0.0075964 seconds, Stopping threads took: 0.0030308 seconds
2016-06-27T20:25:31.893+0300: 34.165: [GC cleanup 610M->610M(693M), 0.0011778 secs]
 [Times: user=0.00 sys=0.00, real=0.00 secs] 
2016-06-27T20:25:31.894+0300: 34.166: Total time for which application threads were stopped: 0.0017329 seconds, Stopping threads took: 0.0000932 seconds
2016-06-27T20:25:32.044+0300: 34.316: [GC pause (G1 Evacuation Pause) (young)
Desired survivor size 2621440 bytes, new threshold 1 (max 15)
- age   1:    5125720 bytes,    5125720 total
, 0.0030817 secs]
   [Parallel Time: 2.6 ms, GC Workers: 4]
      [GC Worker Start (ms): Min: 34315.9, Avg: 34315.9, Max: 34315.9, Diff: 0.0]
      [Ext Root Scanning (ms): Min: 0.5, Avg: 0.5, Max: 0.6, Diff: 0.1, Sum: 2.1]
      [Update RS (ms): Min: 0.4, Avg: 0.5, Max: 0.6, Diff: 0.1, Sum: 2.0]
         [Processed Buffers: Min: 2, Avg: 8.0, Max: 14, Diff: 12, Sum: 32]
      [Scan RS (ms): Min: 0.0, Avg: 0.0, Max: 0.0, Diff: 0.0, Sum: 0.0]
      [Code Root Scanning (ms): Min: 0.0, Avg: 0.0, Max: 0.0, Diff: 0.0, Sum: 0.0]
      [Object Copy (ms): Min: 1.5, Avg: 1.5, Max: 1.6, Diff: 0.1, Sum: 6.1]
      [Termination (ms): Min: 0.0, Avg: 0.0, Max: 0.0, Diff: 0.0, Sum: 0.0]
         [Termination Attempts: Min: 1, Avg: 1.0, Max: 1, Diff: 0, Sum: 4]
      [GC Worker Other (ms): Min: 0.0, Avg: 0.0, Max: 0.0, Diff: 0.0, Sum: 0.1]
      [GC Worker Total (ms): Min: 2.6, Avg: 2.6, Max: 2.6, Diff: 0.0, Sum: 10.2]
      [GC Worker End (ms): Min: 34318.4, Avg: 34318.4, Max: 34318.4, Diff: 0.0]
   [Code Root Fixup: 0.0 ms]
   [Code Root Purge: 0.0 ms]
   [Clear CT: 0.0 ms]
   [Other: 0.5 ms]
      [Choose CSet: 0.0 ms]
      [Ref Proc: 0.0 ms]
      [Ref Enq: 0.0 ms]
      [Redirty Cards: 0.0 ms]
      [Humongous Register: 0.0 ms]
      [Humongous Reclaim: 0.0 ms]
      [Free CSet: 0.1 ms]
   [Eden: 29.0M(29.0M)->0.0B(29.0M) Survivors: 5120.0K->5120.0K Heap: 628.5M(693.0M)->605.5M(693.0M)]
 [Times: user=0.00 sys=0.00, real=0.00 secs] 
2016-06-27T20:25:32.047+0300: 34.319: Total time for which application threads were stopped: 0.0096877 seconds, Stopping threads took: 0.0059534 seconds
2016-06-27T20:25:32.285+0300: 34.557: [GC pause (G1 Evacuation Pause) (mixed)
Desired survivor size 2621440 bytes, new threshold 1 (max 15)
- age   1:    4733296 bytes,    4733296 total
, 0.0043933 secs]
   [Parallel Time: 3.8 ms, GC Workers: 4]
      [GC Worker Start (ms): Min: 34557.0, Avg: 34557.1, Max: 34557.1, Diff: 0.0]
      [Ext Root Scanning (ms): Min: 0.5, Avg: 0.5, Max: 0.6, Diff: 0.1, Sum: 2.2]
      [Update RS (ms): Min: 0.6, Avg: 0.6, Max: 0.8, Diff: 0.2, Sum: 2.6]
         [Processed Buffers: Min: 2, Avg: 6.5, Max: 13, Diff: 11, Sum: 26]
      [Scan RS (ms): Min: 0.0, Avg: 0.1, Max: 0.2, Diff: 0.2, Sum: 0.5]
      [Code Root Scanning (ms): Min: 0.0, Avg: 0.0, Max: 0.0, Diff: 0.0, Sum: 0.0]
      [Object Copy (ms): Min: 2.5, Avg: 2.5, Max: 2.5, Diff: 0.0, Sum: 9.8]
      [Termination (ms): Min: 0.0, Avg: 0.0, Max: 0.0, Diff: 0.0, Sum: 0.0]
         [Termination Attempts: Min: 1, Avg: 1.0, Max: 1, Diff: 0, Sum: 4]
      [GC Worker Other (ms): Min: 0.0, Avg: 0.0, Max: 0.0, Diff: 0.0, Sum: 0.1]
      [GC Worker Total (ms): Min: 3.8, Avg: 3.8, Max: 3.8, Diff: 0.0, Sum: 15.2]
      [GC Worker End (ms): Min: 34560.8, Avg: 34560.8, Max: 34560.8, Diff: 0.0]
   [Code Root Fixup: 0.0 ms]
   [Code Root Purge: 0.0 ms]
   [Clear CT: 0.1 ms]
   [Other: 0.5 ms]
      [Choose CSet: 0.0 ms]
      [Ref Proc: 0.0 ms]
      [Ref Enq: 0.0 ms]
      [Redirty Cards: 0.0 ms]
      [Humongous Register: 0.0 ms]
      [Humongous Reclaim: 0.0 ms]
      [Free CSet: 0.1 ms]
   [Eden: 29.0M(29.0M)->0.0B(29.0M) Survivors: 5120.0K->5120.0K Heap: 634.5M(693.0M)->606.0M(693.0M)]
 [Times: user=0.06 sys=0.00, real=0.00 secs] 
2016-06-27T20:25:32.289+0300: 34.562: Total time for which application threads were stopped: 0.0139757 seconds, Stopping threads took: 0.0089217 seconds
2016-06-27T20:25:32.516+0300: 34.788: [GC pause (G1 Evacuation Pause) (young)
Desired survivor size 2621440 bytes, new threshold 1 (max 15)
- age   1:    4876032 bytes,    4876032 total
, 0.0035530 secs]
   [Parallel Time: 3.0 ms, GC Workers: 4]
      [GC Worker Start (ms): Min: 34787.8, Avg: 34787.8, Max: 34787.8, Diff: 0.0]
      [Ext Root Scanning (ms): Min: 0.6, Avg: 0.6, Max: 0.6, Diff: 0.1, Sum: 2.3]
      [Update RS (ms): Min: 0.7, Avg: 1.2, Max: 1.7, Diff: 1.0, Sum: 4.9]
         [Processed Buffers: Min: 2, Avg: 8.0, Max: 16, Diff: 14, Sum: 32]
      [Scan RS (ms): Min: 0.0, Avg: 0.0, Max: 0.0, Diff: 0.0, Sum: 0.0]
      [Code Root Scanning (ms): Min: 0.0, Avg: 0.0, Max: 0.0, Diff: 0.0, Sum: 0.0]
      [Object Copy (ms): Min: 0.7, Avg: 1.1, Max: 1.6, Diff: 0.9, Sum: 4.6]
      [Termination (ms): Min: 0.0, Avg: 0.0, Max: 0.0, Diff: 0.0, Sum: 0.0]
         [Termination Attempts: Min: 1, Avg: 1.0, Max: 1, Diff: 0, Sum: 4]
      [GC Worker Other (ms): Min: 0.0, Avg: 0.0, Max: 0.0, Diff: 0.0, Sum: 0.0]
      [GC Worker Total (ms): Min: 3.0, Avg: 3.0, Max: 3.0, Diff: 0.0, Sum: 12.0]
      [GC Worker End (ms): Min: 34790.8, Avg: 34790.8, Max: 34790.8, Diff: 0.0]
   [Code Root Fixup: 0.0 ms]
   [Code Root Purge: 0.0 ms]
   [Clear CT: 0.0 ms]
   [Other: 0.5 ms]
      [Choose CSet: 0.0 ms]
      [Ref Proc: 0.1 ms]
      [Ref Enq: 0.0 ms]
      [Redirty Cards: 0.0 ms]
      [Humongous Register: 0.0 ms]
      [Humongous Reclaim: 0.0 ms]
      [Free CSet: 0.0 ms]
   [Eden: 29.0M(29.0M)->0.0B(29.0M) Survivors: 5120.0K->5120.0K Heap: 635.0M(693.0M)->611.5M(693.0M)]
 [Times: user=0.00 sys=0.00, real=0.00 secs] 
2016-06-27T20:25:32.520+0300: 34.791: Total time for which application threads were stopped: 0.0085454 seconds, Stopping threads took: 0.0043527 seconds
2016-06-27T20:25:32.750+0300: 35.022: [GC pause (G1 Evacuation Pause) (young) (initial-mark)
Desired survivor size 2621440 bytes, new threshold 1 (max 15)
- age   1:    5058936 bytes,    5058936 total
, 0.0031869 secs]
   [Parallel Time: 2.7 ms, GC Workers: 4]
      [GC Worker Start (ms): Min: 35022.1, Avg: 35022.1, Max: 35022.1, Diff: 0.0]
      [Ext Root Scanning (ms): Min: 0.5, Avg: 0.6, Max: 0.7, Diff: 0.2, Sum: 2.4]
      [Update RS (ms): Min: 0.3, Avg: 0.4, Max: 0.5, Diff: 0.2, Sum: 1.7]
         [Processed Buffers: Min: 1, Avg: 7.3, Max: 16, Diff: 15, Sum: 29]
      [Scan RS (ms): Min: 0.0, Avg: 0.0, Max: 0.0, Diff: 0.0, Sum: 0.0]
      [Code Root Scanning (ms): Min: 0.0, Avg: 0.0, Max: 0.0, Diff: 0.0, Sum: 0.0]
      [Object Copy (ms): Min: 1.5, Avg: 1.6, Max: 1.6, Diff: 0.1, Sum: 6.2]
      [Termination (ms): Min: 0.0, Avg: 0.0, Max: 0.0, Diff: 0.0, Sum: 0.0]
         [Termination Attempts: Min: 1, Avg: 1.0, Max: 1, Diff: 0, Sum: 4]
      [GC Worker Other (ms): Min: 0.0, Avg: 0.0, Max: 0.0, Diff: 0.0, Sum: 0.0]
      [GC Worker Total (ms): Min: 2.6, Avg: 2.6, Max: 2.6, Diff: 0.0, Sum: 10.4]
      [GC Worker End (ms): Min: 35024.7, Avg: 35024.7, Max: 35024.7, Diff: 0.0]
   [Code Root Fixup: 0.0 ms]
   [Code Root Purge: 0.0 ms]
   [Clear CT: 0.0 ms]
   [Other: 0.5 ms]
      [Choose CSet: 0.0 ms]
      [Ref Proc: 0.0 ms]
      [Ref Enq: 0.0 ms]
      [Redirty Cards: 0.0 ms]
      [Humongous Register: 0.0 ms]
      [Humongous Reclaim: 0.0 ms]
      [Free CSet: 0.1 ms]
   [Eden: 29.0M(29.0M)->0.0B(29.0M) Survivors: 5120.0K->5120.0K Heap: 640.5M(693.0M)->618.0M(693.0M)]
 [Times: user=0.00 sys=0.00, real=0.00 secs] 
2016-06-27T20:25:32.753+0300: 35.025: [GC concurrent-root-region-scan-start]
2016-06-27T20:25:32.753+0300: 35.025: Total time for which application threads were stopped: 0.0040097 seconds, Stopping threads took: 0.0001788 seconds
2016-06-27T20:25:32.754+0300: 35.026: [GC concurrent-root-region-scan-end, 0.0004118 secs]
2016-06-27T20:25:32.754+0300: 35.026: [GC concurrent-mark-start]
2016-06-27T20:25:33.011+0300: 35.283: [GC pause (G1 Evacuation Pause) (young)
Desired survivor size 2621440 bytes, new threshold 1 (max 15)
- age   1:    4790008 bytes,    4790008 total
, 0.0030342 secs]
   [Parallel Time: 2.5 ms, GC Workers: 4]
      [GC Worker Start (ms): Min: 35283.2, Avg: 35283.2, Max: 35283.2, Diff: 0.0]
      [Ext Root Scanning (ms): Min: 0.6, Avg: 0.6, Max: 0.6, Diff: 0.1, Sum: 2.3]
      [Update RS (ms): Min: 0.3, Avg: 0.4, Max: 0.5, Diff: 0.2, Sum: 1.6]
         [Processed Buffers: Min: 1, Avg: 5.0, Max: 10, Diff: 9, Sum: 20]
      [Scan RS (ms): Min: 0.0, Avg: 0.0, Max: 0.0, Diff: 0.0, Sum: 0.0]
      [Code Root Scanning (ms): Min: 0.0, Avg: 0.0, Max: 0.0, Diff: 0.0, Sum: 0.0]
      [Object Copy (ms): Min: 1.4, Avg: 1.4, Max: 1.5, Diff: 0.2, Sum: 5.7]
      [Termination (ms): Min: 0.0, Avg: 0.0, Max: 0.0, Diff: 0.0, Sum: 0.0]
         [Termination Attempts: Min: 1, Avg: 1.0, Max: 1, Diff: 0, Sum: 4]
      [GC Worker Other (ms): Min: 0.0, Avg: 0.0, Max: 0.0, Diff: 0.0, Sum: 0.1]
      [GC Worker Total (ms): Min: 2.4, Avg: 2.4, Max: 2.4, Diff: 0.0, Sum: 9.7]
      [GC Worker End (ms): Min: 35285.7, Avg: 35285.7, Max: 35285.7, Diff: 0.0]
   [Code Root Fixup: 0.0 ms]
   [Code Root Purge: 0.0 ms]
   [Clear CT: 0.0 ms]
   [Other: 0.5 ms]
      [Choose CSet: 0.0 ms]
      [Ref Proc: 0.1 ms]
      [Ref Enq: 0.0 ms]
      [Redirty Cards: 0.0 ms]
      [Humongous Register: 0.0 ms]
      [Humongous Reclaim: 0.0 ms]
      [Free CSet: 0.0 ms]
   [Eden: 29.0M(29.0M)->0.0B(29.0M) Survivors: 5120.0K->5120.0K Heap: 647.0M(693.0M)->624.0M(693.0M)]
 [Times: user=0.00 sys=0.00, real=0.00 secs] 
2016-06-27T20:25:33.014+0300: 35.286: Total time for which application threads were stopped: 0.0101572 seconds, Stopping threads took: 0.0064075 seconds
2016-06-27T20:25:33.270+0300: 35.542: [GC pause (G1 Evacuation Pause) (young)
Desired survivor size 2621440 bytes, new threshold 1 (max 15)
- age   1:    4729472 bytes,    4729472 total
, 0.0028700 secs]
   [Parallel Time: 2.5 ms, GC Workers: 4]
      [GC Worker Start (ms): Min: 35542.2, Avg: 35542.2, Max: 35542.2, Diff: 0.0]
      [Ext Root Scanning (ms): Min: 0.5, Avg: 0.6, Max: 0.6, Diff: 0.1, Sum: 2.2]
      [Update RS (ms): Min: 0.3, Avg: 0.4, Max: 0.5, Diff: 0.2, Sum: 1.7]
         [Processed Buffers: Min: 1, Avg: 4.5, Max: 10, Diff: 9, Sum: 18]
      [Scan RS (ms): Min: 0.0, Avg: 0.0, Max: 0.0, Diff: 0.0, Sum: 0.0]
      [Code Root Scanning (ms): Min: 0.0, Avg: 0.0, Max: 0.0, Diff: 0.0, Sum: 0.0]
      [Object Copy (ms): Min: 1.3, Avg: 1.4, Max: 1.5, Diff: 0.1, Sum: 5.7]
      [Termination (ms): Min: 0.0, Avg: 0.0, Max: 0.0, Diff: 0.0, Sum: 0.0]
         [Termination Attempts: Min: 1, Avg: 1.0, Max: 1, Diff: 0, Sum: 4]
      [GC Worker Other (ms): Min: 0.0, Avg: 0.0, Max: 0.0, Diff: 0.0, Sum: 0.1]
      [GC Worker Total (ms): Min: 2.4, Avg: 2.4, Max: 2.4, Diff: 0.0, Sum: 9.7]
      [GC Worker End (ms): Min: 35544.6, Avg: 35544.6, Max: 35544.6, Diff: 0.0]
   [Code Root Fixup: 0.0 ms]
   [Code Root Purge: 0.0 ms]
   [Clear CT: 0.0 ms]
   [Other: 0.4 ms]
      [Choose CSet: 0.0 ms]
      [Ref Proc: 0.0 ms]
      [Ref Enq: 0.0 ms]
      [Redirty Cards: 0.0 ms]
      [Humongous Register: 0.0 ms]
      [Humongous Reclaim: 0.0 ms]
      [Free CSet: 0.0 ms]
   [Eden: 29.0M(29.0M)->0.0B(29.0M) Survivors: 5120.0K->5120.0K Heap: 653.0M(693.0M)->630.5M(693.0M)]
 [Times: user=0.00 sys=0.00, real=0.00 secs] 
2016-06-27T20:25:33.273+0300: 35.545: Total time for which application threads were stopped: 0.0037090 seconds, Stopping threads took: 0.0001540 seconds
2016-06-27T20:25:33.530+0300: 35.802: [GC pause (G1 Evacuation Pause) (young)
Desired survivor size 2621440 bytes, new threshold 1 (max 15)
- age   1:    4799584 bytes,    4799584 total
, 0.0031638 secs]
   [Parallel Time: 2.7 ms, GC Workers: 4]
      [GC Worker Start (ms): Min: 35801.9, Avg: 35801.9, Max: 35801.9, Diff: 0.0]
      [Ext Root Scanning (ms): Min: 0.5, Avg: 0.6, Max: 0.6, Diff: 0.0, Sum: 2.2]
      [Update RS (ms): Min: 0.5, Avg: 0.5, Max: 0.6, Diff: 0.1, Sum: 2.1]
         [Processed Buffers: Min: 1, Avg: 4.0, Max: 8, Diff: 7, Sum: 16]
      [Scan RS (ms): Min: 0.0, Avg: 0.0, Max: 0.0, Diff: 0.0, Sum: 0.0]
      [Code Root Scanning (ms): Min: 0.0, Avg: 0.0, Max: 0.0, Diff: 0.0, Sum: 0.0]
      [Object Copy (ms): Min: 1.4, Avg: 1.5, Max: 1.5, Diff: 0.1, Sum: 5.9]
      [Termination (ms): Min: 0.0, Avg: 0.0, Max: 0.1, Diff: 0.1, Sum: 0.2]
         [Termination Attempts: Min: 1, Avg: 1.0, Max: 1, Diff: 0, Sum: 4]
      [GC Worker Other (ms): Min: 0.0, Avg: 0.0, Max: 0.0, Diff: 0.0, Sum: 0.0]
      [GC Worker Total (ms): Min: 2.6, Avg: 2.6, Max: 2.6, Diff: 0.0, Sum: 10.5]
      [GC Worker End (ms): Min: 35804.5, Avg: 35804.5, Max: 35804.5, Diff: 0.0]
   [Code Root Fixup: 0.0 ms]
   [Code Root Purge: 0.0 ms]
   [Clear CT: 0.1 ms]
   [Other: 0.4 ms]
      [Choose CSet: 0.0 ms]
      [Ref Proc: 0.0 ms]
      [Ref Enq: 0.0 ms]
      [Redirty Cards: 0.1 ms]
      [Humongous Register: 0.0 ms]
      [Humongous Reclaim: 0.0 ms]
      [Free CSet: 0.0 ms]
   [Eden: 29.0M(29.0M)->0.0B(29.0M) Survivors: 5120.0K->5120.0K Heap: 659.5M(693.0M)->636.0M(693.0M)]
 [Times: user=0.00 sys=0.00, real=0.00 secs] 
2016-06-27T20:25:33.533+0300: 35.805: Total time for which application threads were stopped: 0.0100648 seconds, Stopping threads took: 0.0061864 seconds
2016-06-27T20:25:33.796+0300: 36.069: [GC pause (G1 Evacuation Pause) (young)
Desired survivor size 2621440 bytes, new threshold 1 (max 15)
- age   1:    4756024 bytes,    4756024 total
, 0.0030197 secs]
   [Parallel Time: 2.6 ms, GC Workers: 4]
      [GC Worker Start (ms): Min: 36068.9, Avg: 36068.9, Max: 36068.9, Diff: 0.0]
      [Ext Root Scanning (ms): Min: 0.5, Avg: 0.5, Max: 0.5, Diff: 0.1, Sum: 2.0]
      [Update RS (ms): Min: 0.5, Avg: 0.5, Max: 0.6, Diff: 0.2, Sum: 2.2]
         [Processed Buffers: Min: 2, Avg: 4.8, Max: 11, Diff: 9, Sum: 19]
      [Scan RS (ms): Min: 0.0, Avg: 0.0, Max: 0.0, Diff: 0.0, Sum: 0.0]
      [Code Root Scanning (ms): Min: 0.0, Avg: 0.0, Max: 0.0, Diff: 0.0, Sum: 0.0]
      [Object Copy (ms): Min: 1.4, Avg: 1.5, Max: 1.5, Diff: 0.1, Sum: 5.8]
      [Termination (ms): Min: 0.0, Avg: 0.0, Max: 0.0, Diff: 0.0, Sum: 0.0]
         [Termination Attempts: Min: 1, Avg: 1.0, Max: 1, Diff: 0, Sum: 4]
      [GC Worker Other (ms): Min: 0.0, Avg: 0.0, Max: 0.0, Diff: 0.0, Sum: 0.0]
      [GC Worker Total (ms): Min: 2.5, Avg: 2.5, Max: 2.5, Diff: 0.0, Sum: 10.1]
      [GC Worker End (ms): Min: 36071.4, Avg: 36071.4, Max: 36071.4, Diff: 0.0]
   [Code Root Fixup: 0.0 ms]
   [Code Root Purge: 0.0 ms]
   [Clear CT: 0.0 ms]
   [Other: 0.4 ms]
      [Choose CSet: 0.0 ms]
      [Ref Proc: 0.0 ms]
      [Ref Enq: 0.0 ms]
      [Redirty Cards: 0.0 ms]
      [Humongous Register: 0.0 ms]
      [Humongous Reclaim: 0.0 ms]
      [Free CSet: 0.0 ms]
   [Eden: 29.0M(29.0M)->0.0B(29.0M) Survivors: 5120.0K->5120.0K Heap: 665.0M(693.0M)->642.0M(693.0M)]
 [Times: user=0.00 sys=0.00, real=0.00 secs] 
2016-06-27T20:25:33.800+0300: 36.072: Total time for which application threads were stopped: 0.0091753 seconds, Stopping threads took: 0.0055993 seconds
2016-06-27T20:25:33.826+0300: 36.098: [GC concurrent-mark-end, 1.0707152 secs]
2016-06-27T20:25:33.860+0300: 36.132: [GC remark 2016-06-27T20:25:33.860+0300: 36.132: [Finalize Marking, 0.0009130 secs] 2016-06-27T20:25:33.861+0300: 36.133: [GC ref-proc, 0.0000868 secs] 2016-06-27T20:25:33.861+0300: 36.133: [Unloading, 0.0016828 secs], 0.0069250 secs]
 [Times: user=0.03 sys=0.00, real=0.01 secs] 
2016-06-27T20:25:33.867+0300: 36.139: Total time for which application threads were stopped: 0.0100700 seconds, Stopping threads took: 0.0027537 seconds
2016-06-27T20:25:33.871+0300: 36.143: [GC cleanup 651M->651M(693M), 0.0013052 secs]
 [Times: user=0.00 sys=0.00, real=0.00 secs] 
2016-06-27T20:25:33.872+0300: 36.145: Total time for which application threads were stopped: 0.0018838 seconds, Stopping threads took: 0.0001796 seconds
2016-06-27T20:25:34.008+0300: 36.280: [GC pause (G1 Evacuation Pause) (young)
Desired survivor size 2621440 bytes, new threshold 1 (max 15)
- age   1:    4695048 bytes,    4695048 total
, 0.0043202 secs]
   [Parallel Time: 3.3 ms, GC Workers: 4]
      [GC Worker Start (ms): Min: 36280.1, Avg: 36280.1, Max: 36280.1, Diff: 0.0]
      [Ext Root Scanning (ms): Min: 0.4, Avg: 0.5, Max: 0.5, Diff: 0.1, Sum: 1.9]
      [Update RS (ms): Min: 0.6, Avg: 0.7, Max: 0.7, Diff: 0.1, Sum: 2.7]
         [Processed Buffers: Min: 2, Avg: 5.0, Max: 8, Diff: 6, Sum: 20]
      [Scan RS (ms): Min: 0.0, Avg: 0.0, Max: 0.0, Diff: 0.0, Sum: 0.0]
      [Code Root Scanning (ms): Min: 0.0, Avg: 0.0, Max: 0.0, Diff: 0.0, Sum: 0.0]
      [Object Copy (ms): Min: 1.6, Avg: 1.7, Max: 1.7, Diff: 0.1, Sum: 6.7]
      [Termination (ms): Min: 0.0, Avg: 0.2, Max: 0.3, Diff: 0.3, Sum: 0.6]
         [Termination Attempts: Min: 1, Avg: 1.0, Max: 1, Diff: 0, Sum: 4]
      [GC Worker Other (ms): Min: 0.0, Avg: 0.0, Max: 0.1, Diff: 0.0, Sum: 0.1]
      [GC Worker Total (ms): Min: 2.9, Avg: 3.0, Max: 3.2, Diff: 0.3, Sum: 12.2]
      [GC Worker End (ms): Min: 36283.0, Avg: 36283.2, Max: 36283.3, Diff: 0.3]
   [Code Root Fixup: 0.0 ms]
   [Code Root Purge: 0.0 ms]
   [Clear CT: 0.1 ms]
   [Other: 1.0 ms]
      [Choose CSet: 0.0 ms]
      [Ref Proc: 0.1 ms]
      [Ref Enq: 0.0 ms]
      [Redirty Cards: 0.1 ms]
      [Humongous Register: 0.0 ms]
      [Humongous Reclaim: 0.0 ms]
      [Free CSet: 0.2 ms]
   [Eden: 29.0M(29.0M)->0.0B(29.0M) Survivors: 5120.0K->5120.0K Heap: 671.0M(693.0M)->648.0M(693.0M)]
 [Times: user=0.00 sys=0.00, real=0.01 secs] 
2016-06-27T20:25:34.013+0300: 36.285: Total time for which application threads were stopped: 0.0083410 seconds, Stopping threads took: 0.0034392 seconds
2016-06-27T20:25:34.242+0300: 36.515: [GC pause (G1 Evacuation Pause) (mixed)
Desired survivor size 2621440 bytes, new threshold 1 (max 15)
- age   1:    5011576 bytes,    5011576 total
, 0.0072346 secs]
   [Parallel Time: 6.6 ms, GC Workers: 4]
      [GC Worker Start (ms): Min: 36514.7, Avg: 36514.7, Max: 36514.7, Diff: 0.0]
      [Ext Root Scanning (ms): Min: 0.6, Avg: 0.6, Max: 0.7, Diff: 0.1, Sum: 2.4]
      [Update RS (ms): Min: 0.6, Avg: 0.6, Max: 0.7, Diff: 0.1, Sum: 2.5]
         [Processed Buffers: Min: 4, Avg: 7.3, Max: 9, Diff: 5, Sum: 29]
      [Scan RS (ms): Min: 0.5, Avg: 0.6, Max: 0.6, Diff: 0.1, Sum: 2.3]
      [Code Root Scanning (ms): Min: 0.0, Avg: 0.0, Max: 0.0, Diff: 0.0, Sum: 0.0]
      [Object Copy (ms): Min: 4.7, Avg: 4.7, Max: 4.7, Diff: 0.1, Sum: 18.8]
      [Termination (ms): Min: 0.0, Avg: 0.0, Max: 0.0, Diff: 0.0, Sum: 0.0]
         [Termination Attempts: Min: 1, Avg: 1.0, Max: 1, Diff: 0, Sum: 4]
      [GC Worker Other (ms): Min: 0.0, Avg: 0.0, Max: 0.0, Diff: 0.0, Sum: 0.0]
      [GC Worker Total (ms): Min: 6.5, Avg: 6.5, Max: 6.5, Diff: 0.0, Sum: 26.1]
      [GC Worker End (ms): Min: 36521.3, Avg: 36521.3, Max: 36521.3, Diff: 0.0]
   [Code Root Fixup: 0.0 ms]
   [Code Root Purge: 0.0 ms]
   [Clear CT: 0.1 ms]
   [Other: 0.6 ms]
      [Choose CSet: 0.0 ms]
      [Ref Proc: 0.1 ms]
      [Ref Enq: 0.0 ms]
      [Redirty Cards: 0.0 ms]
      [Humongous Register: 0.0 ms]
      [Humongous Reclaim: 0.0 ms]
      [Free CSet: 0.1 ms]
   [Eden: 29.0M(29.0M)->0.0B(30.0M) Survivors: 5120.0K->5120.0K Heap: 677.0M(693.0M)->646.0M(704.0M)]
 [Times: user=0.00 sys=0.00, real=0.01 secs] 
2016-06-27T20:25:34.250+0300: 36.522: Total time for which application threads were stopped: 0.0093130 seconds, Stopping threads took: 0.0015126 seconds
2016-06-27T20:25:34.448+0300: 36.720: Total time for which application threads were stopped: 0.0025715 seconds, Stopping threads took: 0.0022140 seconds
2016-06-27T20:25:34.478+0300: 36.750: [GC pause (G1 Evacuation Pause) (young)
Desired survivor size 2621440 bytes, new threshold 1 (max 15)
- age   1:    4917808 bytes,    4917808 total
, 0.0051233 secs]
   [Parallel Time: 4.5 ms, GC Workers: 4]
      [GC Worker Start (ms): Min: 36750.0, Avg: 36750.0, Max: 36750.0, Diff: 0.0]
      [Ext Root Scanning (ms): Min: 0.4, Avg: 0.5, Max: 0.5, Diff: 0.1, Sum: 2.0]
      [Update RS (ms): Min: 2.4, Avg: 2.5, Max: 2.7, Diff: 0.3, Sum: 10.0]
         [Processed Buffers: Min: 4, Avg: 8.0, Max: 15, Diff: 11, Sum: 32]
      [Scan RS (ms): Min: 0.0, Avg: 0.0, Max: 0.0, Diff: 0.0, Sum: 0.0]
      [Code Root Scanning (ms): Min: 0.0, Avg: 0.0, Max: 0.0, Diff: 0.0, Sum: 0.0]
      [Object Copy (ms): Min: 1.3, Avg: 1.5, Max: 1.6, Diff: 0.3, Sum: 5.8]
      [Termination (ms): Min: 0.0, Avg: 0.0, Max: 0.0, Diff: 0.0, Sum: 0.0]
         [Termination Attempts: Min: 1, Avg: 1.3, Max: 2, Diff: 1, Sum: 5]
      [GC Worker Other (ms): Min: 0.0, Avg: 0.0, Max: 0.0, Diff: 0.0, Sum: 0.0]
      [GC Worker Total (ms): Min: 4.5, Avg: 4.5, Max: 4.5, Diff: 0.0, Sum: 17.9]
      [GC Worker End (ms): Min: 36754.4, Avg: 36754.4, Max: 36754.4, Diff: 0.0]
   [Code Root Fixup: 0.0 ms]
   [Code Root Purge: 0.0 ms]
   [Clear CT: 0.1 ms]
   [Other: 0.5 ms]
      [Choose CSet: 0.0 ms]
      [Ref Proc: 0.1 ms]
      [Ref Enq: 0.0 ms]
      [Redirty Cards: 0.0 ms]
      [Humongous Register: 0.0 ms]
      [Humongous Reclaim: 0.0 ms]
      [Free CSet: 0.1 ms]
   [Eden: 30.0M(30.0M)->0.0B(30.0M) Survivors: 5120.0K->5120.0K Heap: 676.0M(704.0M)->652.0M(704.0M)]
 [Times: user=0.00 sys=0.00, real=0.01 secs] 
2016-06-27T20:25:34.483+0300: 36.755: Total time for which application threads were stopped: 0.0056929 seconds, Stopping threads took: 0.0000445 seconds
2016-06-27T20:25:34.732+0300: 37.004: [GC pause (G1 Evacuation Pause) (young) (initial-mark)
Desired survivor size 2621440 bytes, new threshold 1 (max 15)
- age   1:    5058184 bytes,    5058184 total
, 0.0035311 secs]
   [Parallel Time: 3.0 ms, GC Workers: 4]
      [GC Worker Start (ms): Min: 37004.1, Avg: 37004.1, Max: 37004.1, Diff: 0.0]
      [Ext Root Scanning (ms): Min: 0.5, Avg: 0.5, Max: 0.7, Diff: 0.2, Sum: 2.2]
      [Update RS (ms): Min: 0.7, Avg: 0.8, Max: 0.9, Diff: 0.2, Sum: 3.1]
         [Processed Buffers: Min: 6, Avg: 9.3, Max: 13, Diff: 7, Sum: 37]
      [Scan RS (ms): Min: 0.0, Avg: 0.0, Max: 0.0, Diff: 0.0, Sum: 0.0]
      [Code Root Scanning (ms): Min: 0.0, Avg: 0.0, Max: 0.0, Diff: 0.0, Sum: 0.0]
      [Object Copy (ms): Min: 1.5, Avg: 1.6, Max: 1.6, Diff: 0.1, Sum: 6.3]
      [Termination (ms): Min: 0.0, Avg: 0.0, Max: 0.0, Diff: 0.0, Sum: 0.0]
         [Termination Attempts: Min: 1, Avg: 1.0, Max: 1, Diff: 0, Sum: 4]
      [GC Worker Other (ms): Min: 0.0, Avg: 0.0, Max: 0.0, Diff: 0.0, Sum: 0.1]
      [GC Worker Total (ms): Min: 2.9, Avg: 2.9, Max: 2.9, Diff: 0.0, Sum: 11.6]
      [GC Worker End (ms): Min: 37007.0, Avg: 37007.0, Max: 37007.0, Diff: 0.0]
   [Code Root Fixup: 0.0 ms]
   [Code Root Purge: 0.0 ms]
   [Clear CT: 0.0 ms]
   [Other: 0.5 ms]
      [Choose CSet: 0.0 ms]
      [Ref Proc: 0.0 ms]
      [Ref Enq: 0.0 ms]
      [Redirty Cards: 0.0 ms]
      [Humongous Register: 0.0 ms]
      [Humongous Reclaim: 0.0 ms]
      [Free CSet: 0.0 ms]
   [Eden: 30.0M(30.0M)->0.0B(30.0M) Survivors: 5120.0K->5120.0K Heap: 682.0M(704.0M)->659.0M(704.0M)]
 [Times: user=0.00 sys=0.00, real=0.00 secs] 
2016-06-27T20:25:34.736+0300: 37.008: [GC concurrent-root-region-scan-start]
2016-06-27T20:25:34.736+0300: 37.008: Total time for which application threads were stopped: 0.0067762 seconds, Stopping threads took: 0.0027011 seconds
2016-06-27T20:25:34.736+0300: 37.008: [GC concurrent-root-region-scan-end, 0.0005914 secs]
2016-06-27T20:25:34.736+0300: 37.008: [GC concurrent-mark-start]
2016-06-27T20:25:34.779+0300: 37.051: [GC concurrent-mark-end, 0.0428185 secs]
2016-06-27T20:25:34.788+0300: 37.060: [GC remark 2016-06-27T20:25:34.788+0300: 37.060: [Finalize Marking, 0.0001621 secs] 2016-06-27T20:25:34.788+0300: 37.060: [GC ref-proc, 0.0000907 secs] 2016-06-27T20:25:34.788+0300: 37.060: [Unloading, 0.0011136 secs], 0.0042470 secs]
 [Times: user=0.00 sys=0.00, real=0.00 secs] 
2016-06-27T20:25:34.792+0300: 37.064: Total time for which application threads were stopped: 0.0057306 seconds, Stopping threads took: 0.0010991 seconds
2016-06-27T20:25:34.794+0300: 37.066: [GC cleanup 668M->668M(704M), 0.0010661 secs]
 [Times: user=0.00 sys=0.00, real=0.00 secs] 
2016-06-27T20:25:34.795+0300: 37.067: Total time for which application threads were stopped: 0.0017910 seconds, Stopping threads took: 0.0001989 seconds
2016-06-27T20:25:34.971+0300: 37.243: [GC pause (G1 Evacuation Pause) (young)
Desired survivor size 2621440 bytes, new threshold 1 (max 15)
- age   1:    4857440 bytes,    4857440 total
, 0.0031646 secs]
   [Parallel Time: 2.7 ms, GC Workers: 4]
      [GC Worker Start (ms): Min: 37242.8, Avg: 37242.8, Max: 37242.8, Diff: 0.0]
      [Ext Root Scanning (ms): Min: 0.6, Avg: 0.6, Max: 0.6, Diff: 0.1, Sum: 2.3]
      [Update RS (ms): Min: 0.5, Avg: 0.6, Max: 0.7, Diff: 0.2, Sum: 2.4]
         [Processed Buffers: Min: 3, Avg: 4.0, Max: 6, Diff: 3, Sum: 16]
      [Scan RS (ms): Min: 0.0, Avg: 0.0, Max: 0.0, Diff: 0.0, Sum: 0.0]
      [Code Root Scanning (ms): Min: 0.0, Avg: 0.0, Max: 0.0, Diff: 0.0, Sum: 0.0]
      [Object Copy (ms): Min: 1.3, Avg: 1.4, Max: 1.5, Diff: 0.2, Sum: 5.7]
      [Termination (ms): Min: 0.0, Avg: 0.0, Max: 0.0, Diff: 0.0, Sum: 0.0]
         [Termination Attempts: Min: 1, Avg: 1.0, Max: 1, Diff: 0, Sum: 4]
      [GC Worker Other (ms): Min: 0.0, Avg: 0.0, Max: 0.0, Diff: 0.0, Sum: 0.0]
      [GC Worker Total (ms): Min: 2.6, Avg: 2.6, Max: 2.6, Diff: 0.0, Sum: 10.5]
      [GC Worker End (ms): Min: 37245.5, Avg: 37245.5, Max: 37245.5, Diff: 0.0]
   [Code Root Fixup: 0.0 ms]
   [Code Root Purge: 0.0 ms]
   [Clear CT: 0.0 ms]
   [Other: 0.5 ms]
      [Choose CSet: 0.0 ms]
      [Ref Proc: 0.1 ms]
      [Ref Enq: 0.0 ms]
      [Redirty Cards: 0.0 ms]
      [Humongous Register: 0.0 ms]
      [Humongous Reclaim: 0.0 ms]
      [Free CSet: 0.1 ms]
   [Eden: 30.0M(30.0M)->0.0B(30.0M) Survivors: 5120.0K->5120.0K Heap: 689.0M(704.0M)->664.5M(704.0M)]
 [Times: user=0.06 sys=0.00, real=0.00 secs] 
2016-06-27T20:25:34.974+0300: 37.246: Total time for which application threads were stopped: 0.0048372 seconds, Stopping threads took: 0.0011380 seconds
2016-06-27T20:25:35.078+0300: 37.350: Total time for which application threads were stopped: 0.0047615 seconds, Stopping threads took: 0.0044450 seconds
2016-06-27T20:25:35.114+0300: 37.386: Total time for which application threads were stopped: 0.0050438 seconds, Stopping threads took: 0.0047358 seconds
2016-06-27T20:25:35.116+0300: 37.388: Total time for which application threads were stopped: 0.0003994 seconds, Stopping threads took: 0.0000594 seconds
2016-06-27T20:25:35.229+0300: 37.501: [GC pause (G1 Evacuation Pause) (mixed)
Desired survivor size 2621440 bytes, new threshold 1 (max 15)
- age   1:    5078096 bytes,    5078096 total
, 0.0147631 secs]
   [Parallel Time: 13.9 ms, GC Workers: 4]
      [GC Worker Start (ms): Min: 37501.5, Avg: 37501.5, Max: 37501.5, Diff: 0.0]
      [Ext Root Scanning (ms): Min: 0.5, Avg: 0.7, Max: 1.0, Diff: 0.5, Sum: 2.6]
      [Update RS (ms): Min: 0.4, Avg: 0.7, Max: 0.9, Diff: 0.4, Sum: 2.8]
         [Processed Buffers: Min: 3, Avg: 5.8, Max: 12, Diff: 9, Sum: 23]
      [Scan RS (ms): Min: 1.0, Avg: 1.1, Max: 1.1, Diff: 0.2, Sum: 4.3]
      [Code Root Scanning (ms): Min: 0.0, Avg: 0.0, Max: 0.0, Diff: 0.0, Sum: 0.0]
      [Object Copy (ms): Min: 11.3, Avg: 11.4, Max: 11.5, Diff: 0.1, Sum: 45.7]
      [Termination (ms): Min: 0.0, Avg: 0.0, Max: 0.0, Diff: 0.0, Sum: 0.0]
         [Termination Attempts: Min: 1, Avg: 1.3, Max: 2, Diff: 1, Sum: 5]
      [GC Worker Other (ms): Min: 0.0, Avg: 0.0, Max: 0.0, Diff: 0.0, Sum: 0.0]
      [GC Worker Total (ms): Min: 13.9, Avg: 13.9, Max: 13.9, Diff: 0.0, Sum: 55.5]
      [GC Worker End (ms): Min: 37515.4, Avg: 37515.4, Max: 37515.4, Diff: 0.0]
   [Code Root Fixup: 0.0 ms]
   [Code Root Purge: 0.0 ms]
   [Clear CT: 0.1 ms]
   [Other: 0.7 ms]
      [Choose CSet: 0.1 ms]
      [Ref Proc: 0.0 ms]
      [Ref Enq: 0.0 ms]
      [Redirty Cards: 0.0 ms]
      [Humongous Register: 0.0 ms]
      [Humongous Reclaim: 0.0 ms]
      [Free CSet: 0.3 ms]
   [Eden: 30.0M(30.0M)->0.0B(32.0M) Survivors: 5120.0K->5120.0K Heap: 694.5M(704.0M)->645.0M(751.0M)]
 [Times: user=0.05 sys=0.02, real=0.01 secs] 
2016-06-27T20:25:35.244+0300: 37.516: Total time for which application threads were stopped: 0.0159100 seconds, Stopping threads took: 0.0005662 seconds
2016-06-27T20:25:35.253+0300: 37.526: Total time for which application threads were stopped: 0.0003259 seconds, Stopping threads took: 0.0000671 seconds
2016-06-27T20:25:35.254+0300: 37.527: Total time for which application threads were stopped: 0.0003413 seconds, Stopping threads took: 0.0000633 seconds
2016-06-27T20:25:35.255+0300: 37.527: Total time for which application threads were stopped: 0.0002647 seconds, Stopping threads took: 0.0000329 seconds
2016-06-27T20:25:35.288+0300: 37.560: Total time for which application threads were stopped: 0.0016157 seconds, Stopping threads took: 0.0013360 seconds
2016-06-27T20:25:35.292+0300: 37.564: Total time for which application threads were stopped: 0.0024552 seconds, Stopping threads took: 0.0021806 seconds
2016-06-27T20:25:35.359+0300: 37.631: Total time for which application threads were stopped: 0.0014716 seconds, Stopping threads took: 0.0011961 seconds
2016-06-27T20:25:35.504+0300: 37.776: [GC pause (G1 Evacuation Pause) (mixed)
Desired survivor size 2621440 bytes, new threshold 1 (max 15)
- age   1:    4696792 bytes,    4696792 total
, 0.0135335 secs]
   [Parallel Time: 12.6 ms, GC Workers: 4]
      [GC Worker Start (ms): Min: 37776.1, Avg: 37776.1, Max: 37776.1, Diff: 0.0]
      [Ext Root Scanning (ms): Min: 0.5, Avg: 0.7, Max: 1.1, Diff: 0.5, Sum: 2.8]
      [Update RS (ms): Min: 3.6, Avg: 3.9, Max: 4.1, Diff: 0.5, Sum: 15.8]
         [Processed Buffers: Min: 6, Avg: 8.8, Max: 14, Diff: 8, Sum: 35]
      [Scan RS (ms): Min: 1.1, Avg: 1.2, Max: 1.3, Diff: 0.2, Sum: 4.9]
      [Code Root Scanning (ms): Min: 0.0, Avg: 0.0, Max: 0.0, Diff: 0.0, Sum: 0.0]
      [Object Copy (ms): Min: 6.6, Avg: 6.7, Max: 6.8, Diff: 0.2, Sum: 26.8]
      [Termination (ms): Min: 0.0, Avg: 0.0, Max: 0.0, Diff: 0.0, Sum: 0.0]
         [Termination Attempts: Min: 1, Avg: 2.0, Max: 4, Diff: 3, Sum: 8]
      [GC Worker Other (ms): Min: 0.0, Avg: 0.0, Max: 0.0, Diff: 0.0, Sum: 0.1]
      [GC Worker Total (ms): Min: 12.6, Avg: 12.6, Max: 12.6, Diff: 0.0, Sum: 50.4]
      [GC Worker End (ms): Min: 37788.7, Avg: 37788.7, Max: 37788.7, Diff: 0.0]
   [Code Root Fixup: 0.0 ms]
   [Code Root Purge: 0.0 ms]
   [Clear CT: 0.2 ms]
   [Other: 0.7 ms]
      [Choose CSet: 0.1 ms]
      [Ref Proc: 0.1 ms]
      [Ref Enq: 0.0 ms]
      [Redirty Cards: 0.0 ms]
      [Humongous Register: 0.0 ms]
      [Humongous Reclaim: 0.0 ms]
      [Free CSet: 0.2 ms]
   [Eden: 32.0M(32.0M)->0.0B(32.0M) Survivors: 5120.0K->5120.0K Heap: 677.0M(751.0M)->638.5M(751.0M)]
 [Times: user=0.05 sys=0.00, real=0.01 secs] 
2016-06-27T20:25:35.518+0300: 37.790: Total time for which application threads were stopped: 0.0167918 seconds, Stopping threads took: 0.0027075 seconds
2016-06-27T20:25:35.790+0300: 38.062: [GC pause (G1 Evacuation Pause) (young)
Desired survivor size 2621440 bytes, new threshold 1 (max 15)
- age   1:    4949032 bytes,    4949032 total
, 0.0079779 secs]
   [Parallel Time: 7.4 ms, GC Workers: 4]
      [GC Worker Start (ms): Min: 38062.4, Avg: 38062.4, Max: 38062.5, Diff: 0.1]
      [Ext Root Scanning (ms): Min: 0.5, Avg: 0.5, Max: 0.6, Diff: 0.2, Sum: 2.1]
      [Update RS (ms): Min: 5.2, Avg: 5.3, Max: 5.4, Diff: 0.2, Sum: 21.0]
         [Processed Buffers: Min: 6, Avg: 10.0, Max: 14, Diff: 8, Sum: 40]
      [Scan RS (ms): Min: 0.0, Avg: 0.0, Max: 0.0, Diff: 0.0, Sum: 0.0]
      [Code Root Scanning (ms): Min: 0.0, Avg: 0.0, Max: 0.0, Diff: 0.0, Sum: 0.0]
      [Object Copy (ms): Min: 1.4, Avg: 1.5, Max: 1.6, Diff: 0.2, Sum: 6.2]
      [Termination (ms): Min: 0.0, Avg: 0.0, Max: 0.0, Diff: 0.0, Sum: 0.0]
         [Termination Attempts: Min: 1, Avg: 1.0, Max: 1, Diff: 0, Sum: 4]
      [GC Worker Other (ms): Min: 0.0, Avg: 0.0, Max: 0.0, Diff: 0.0, Sum: 0.1]
      [GC Worker Total (ms): Min: 7.3, Avg: 7.4, Max: 7.4, Diff: 0.1, Sum: 29.4]
      [GC Worker End (ms): Min: 38069.8, Avg: 38069.8, Max: 38069.8, Diff: 0.0]
   [Code Root Fixup: 0.0 ms]
   [Code Root Purge: 0.0 ms]
   [Clear CT: 0.0 ms]
   [Other: 0.5 ms]
      [Choose CSet: 0.0 ms]
      [Ref Proc: 0.0 ms]
      [Ref Enq: 0.0 ms]
      [Redirty Cards: 0.0 ms]
      [Humongous Register: 0.0 ms]
      [Humongous Reclaim: 0.0 ms]
      [Free CSet: 0.1 ms]
   [Eden: 32.0M(32.0M)->0.0B(32.0M) Survivors: 5120.0K->5120.0K Heap: 670.5M(751.0M)->644.5M(751.0M)]
 [Times: user=0.00 sys=0.00, real=0.01 secs] 
2016-06-27T20:25:35.798+0300: 38.070: Total time for which application threads were stopped: 0.0109813 seconds, Stopping threads took: 0.0023936 seconds
2016-06-27T20:25:36.071+0300: 38.343: [GC pause (G1 Evacuation Pause) (young) (initial-mark)
Desired survivor size 2621440 bytes, new threshold 1 (max 15)
- age   1:    5150520 bytes,    5150520 total
, 0.0036458 secs]
   [Parallel Time: 3.0 ms, GC Workers: 4]
      [GC Worker Start (ms): Min: 38343.6, Avg: 38343.6, Max: 38343.6, Diff: 0.0]
      [Ext Root Scanning (ms): Min: 0.4, Avg: 0.5, Max: 0.6, Diff: 0.2, Sum: 2.1]
      [Update RS (ms): Min: 0.6, Avg: 0.8, Max: 1.0, Diff: 0.3, Sum: 3.1]
         [Processed Buffers: Min: 2, Avg: 8.5, Max: 18, Diff: 16, Sum: 34]
      [Scan RS (ms): Min: 0.0, Avg: 0.0, Max: 0.0, Diff: 0.0, Sum: 0.0]
      [Code Root Scanning (ms): Min: 0.0, Avg: 0.0, Max: 0.0, Diff: 0.0, Sum: 0.0]
      [Object Copy (ms): Min: 1.5, Avg: 1.6, Max: 1.6, Diff: 0.2, Sum: 6.3]
      [Termination (ms): Min: 0.0, Avg: 0.0, Max: 0.0, Diff: 0.0, Sum: 0.0]
         [Termination Attempts: Min: 1, Avg: 1.0, Max: 1, Diff: 0, Sum: 4]
      [GC Worker Other (ms): Min: 0.0, Avg: 0.0, Max: 0.0, Diff: 0.0, Sum: 0.1]
      [GC Worker Total (ms): Min: 2.9, Avg: 2.9, Max: 2.9, Diff: 0.0, Sum: 11.6]
      [GC Worker End (ms): Min: 38346.5, Avg: 38346.5, Max: 38346.5, Diff: 0.0]
   [Code Root Fixup: 0.0 ms]
   [Code Root Purge: 0.0 ms]
   [Clear CT: 0.1 ms]
   [Other: 0.6 ms]
      [Choose CSet: 0.0 ms]
      [Ref Proc: 0.0 ms]
      [Ref Enq: 0.0 ms]
      [Redirty Cards: 0.0 ms]
      [Humongous Register: 0.0 ms]
      [Humongous Reclaim: 0.0 ms]
      [Free CSet: 0.1 ms]
   [Eden: 32.0M(32.0M)->0.0B(32.0M) Survivors: 5120.0K->5120.0K Heap: 676.5M(751.0M)->651.0M(751.0M)]
 [Times: user=0.00 sys=0.00, real=0.00 secs] 
2016-06-27T20:25:36.075+0300: 38.347: [GC concurrent-root-region-scan-start]
2016-06-27T20:25:36.075+0300: 38.347: Total time for which application threads were stopped: 0.0072017 seconds, Stopping threads took: 0.0029474 seconds
2016-06-27T20:25:36.076+0300: 38.348: [GC concurrent-root-region-scan-end, 0.0004178 secs]
2016-06-27T20:25:36.076+0300: 38.348: [GC concurrent-mark-start]
2016-06-27T20:25:36.123+0300: 38.395: [GC concurrent-mark-end, 0.0463629 secs]
2016-06-27T20:25:36.155+0300: 38.427: [GC remark 2016-06-27T20:25:36.155+0300: 38.427: [Finalize Marking, 0.0001668 secs] 2016-06-27T20:25:36.155+0300: 38.427: [GC ref-proc, 0.0000932 secs] 2016-06-27T20:25:36.155+0300: 38.427: [Unloading, 0.0011914 secs], 0.0043800 secs]
 [Times: user=0.00 sys=0.00, real=0.00 secs] 
2016-06-27T20:25:36.159+0300: 38.431: Total time for which application threads were stopped: 0.0059072 seconds, Stopping threads took: 0.0011444 seconds
2016-06-27T20:25:36.337+0300: 38.609: [GC cleanup 683M->683M(751M), 0.0012222 secs]
 [Times: user=0.00 sys=0.00, real=0.00 secs] 
2016-06-27T20:25:36.339+0300: 38.611: Total time for which application threads were stopped: 0.0044138 seconds, Stopping threads took: 0.0027870 seconds
2016-06-27T20:25:36.339+0300: 38.611: [GC pause (G1 Evacuation Pause) (young)
Desired survivor size 2621440 bytes, new threshold 1 (max 15)
- age   1:    5099016 bytes,    5099016 total
, 0.0029675 secs]
   [Parallel Time: 2.5 ms, GC Workers: 4]
      [GC Worker Start (ms): Min: 38611.5, Avg: 38611.5, Max: 38611.5, Diff: 0.0]
      [Ext Root Scanning (ms): Min: 0.5, Avg: 0.5, Max: 0.6, Diff: 0.1, Sum: 2.0]
      [Update RS (ms): Min: 0.3, Avg: 0.4, Max: 0.7, Diff: 0.4, Sum: 1.8]
         [Processed Buffers: Min: 1, Avg: 4.5, Max: 8, Diff: 7, Sum: 18]
      [Scan RS (ms): Min: 0.0, Avg: 0.0, Max: 0.0, Diff: 0.0, Sum: 0.0]
      [Code Root Scanning (ms): Min: 0.0, Avg: 0.0, Max: 0.0, Diff: 0.0, Sum: 0.0]
      [Object Copy (ms): Min: 1.2, Avg: 1.4, Max: 1.5, Diff: 0.3, Sum: 5.8]
      [Termination (ms): Min: 0.0, Avg: 0.0, Max: 0.0, Diff: 0.0, Sum: 0.0]
         [Termination Attempts: Min: 1, Avg: 1.0, Max: 1, Diff: 0, Sum: 4]
      [GC Worker Other (ms): Min: 0.0, Avg: 0.0, Max: 0.0, Diff: 0.0, Sum: 0.0]
      [GC Worker Total (ms): Min: 2.4, Avg: 2.4, Max: 2.4, Diff: 0.0, Sum: 9.7]
      [GC Worker End (ms): Min: 38613.9, Avg: 38613.9, Max: 38613.9, Diff: 0.0]
   [Code Root Fixup: 0.0 ms]
   [Code Root Purge: 0.0 ms]
   [Clear CT: 0.0 ms]
   [Other: 0.5 ms]
      [Choose CSet: 0.0 ms]
      [Ref Proc: 0.0 ms]
      [Ref Enq: 0.0 ms]
      [Redirty Cards: 0.1 ms]
      [Humongous Register: 0.0 ms]
      [Humongous Reclaim: 0.0 ms]
      [Free CSet: 0.0 ms]
   [Eden: 32.0M(32.0M)->0.0B(32.0M) Survivors: 5120.0K->5120.0K Heap: 683.0M(751.0M)->657.5M(751.0M)]
 [Times: user=0.00 sys=0.00, real=0.00 secs] 
2016-06-27T20:25:36.343+0300: 38.615: Total time for which application threads were stopped: 0.0036894 seconds, Stopping threads took: 0.0000440 seconds
2016-06-27T20:25:36.608+0300: 38.881: [GC pause (G1 Evacuation Pause) (mixed)
Desired survivor size 2621440 bytes, new threshold 1 (max 15)
- age   1:    5118928 bytes,    5118928 total
, 0.0124580 secs]
   [Parallel Time: 11.3 ms, GC Workers: 4]
      [GC Worker Start (ms): Min: 38880.8, Avg: 38880.8, Max: 38880.8, Diff: 0.0]
      [Ext Root Scanning (ms): Min: 0.4, Avg: 0.5, Max: 0.6, Diff: 0.1, Sum: 1.9]
      [Update RS (ms): Min: 0.3, Avg: 0.3, Max: 0.3, Diff: 0.1, Sum: 1.2]
         [Processed Buffers: Min: 1, Avg: 6.0, Max: 14, Diff: 13, Sum: 24]
      [Scan RS (ms): Min: 1.3, Avg: 1.5, Max: 1.5, Diff: 0.2, Sum: 5.8]
      [Code Root Scanning (ms): Min: 0.0, Avg: 0.0, Max: 0.0, Diff: 0.0, Sum: 0.0]
      [Object Copy (ms): Min: 9.0, Avg: 9.0, Max: 9.1, Diff: 0.1, Sum: 36.1]
      [Termination (ms): Min: 0.0, Avg: 0.0, Max: 0.0, Diff: 0.0, Sum: 0.0]
         [Termination Attempts: Min: 1, Avg: 1.0, Max: 1, Diff: 0, Sum: 4]
      [GC Worker Other (ms): Min: 0.0, Avg: 0.0, Max: 0.0, Diff: 0.0, Sum: 0.1]
      [GC Worker Total (ms): Min: 11.3, Avg: 11.3, Max: 11.3, Diff: 0.0, Sum: 45.2]
      [GC Worker End (ms): Min: 38892.1, Avg: 38892.1, Max: 38892.1, Diff: 0.0]
   [Code Root Fixup: 0.0 ms]
   [Code Root Purge: 0.0 ms]
   [Clear CT: 0.2 ms]
   [Other: 0.9 ms]
      [Choose CSet: 0.1 ms]
      [Ref Proc: 0.1 ms]
      [Ref Enq: 0.0 ms]
      [Redirty Cards: 0.1 ms]
      [Humongous Register: 0.0 ms]
      [Humongous Reclaim: 0.0 ms]
      [Free CSet: 0.3 ms]
   [Eden: 32.0M(32.0M)->0.0B(32.0M) Survivors: 5120.0K->5120.0K Heap: 689.5M(751.0M)->644.0M(751.0M)]
 [Times: user=0.06 sys=0.00, real=0.01 secs] 
2016-06-27T20:25:36.621+0300: 38.893: Total time for which application threads were stopped: 0.0152433 seconds, Stopping threads took: 0.0022161 seconds
2016-06-27T20:25:36.884+0300: 39.156: [GC pause (G1 Evacuation Pause) (young)
Desired survivor size 2621440 bytes, new threshold 1 (max 15)
- age   1:    4909736 bytes,    4909736 total
, 0.0072008 secs]
   [Parallel Time: 6.7 ms, GC Workers: 4]
      [GC Worker Start (ms): Min: 39156.4, Avg: 39156.4, Max: 39156.4, Diff: 0.0]
      [Ext Root Scanning (ms): Min: 0.5, Avg: 0.5, Max: 0.6, Diff: 0.1, Sum: 2.1]
      [Update RS (ms): Min: 4.5, Avg: 4.6, Max: 4.9, Diff: 0.4, Sum: 18.6]
         [Processed Buffers: Min: 7, Avg: 11.0, Max: 18, Diff: 11, Sum: 44]
      [Scan RS (ms): Min: 0.0, Avg: 0.0, Max: 0.0, Diff: 0.0, Sum: 0.0]
      [Code Root Scanning (ms): Min: 0.0, Avg: 0.0, Max: 0.0, Diff: 0.0, Sum: 0.0]
      [Object Copy (ms): Min: 1.3, Avg: 1.5, Max: 1.6, Diff: 0.3, Sum: 6.0]
      [Termination (ms): Min: 0.0, Avg: 0.0, Max: 0.0, Diff: 0.0, Sum: 0.0]
         [Termination Attempts: Min: 1, Avg: 1.0, Max: 1, Diff: 0, Sum: 4]
      [GC Worker Other (ms): Min: 0.0, Avg: 0.0, Max: 0.0, Diff: 0.0, Sum: 0.0]
      [GC Worker Total (ms): Min: 6.7, Avg: 6.7, Max: 6.7, Diff: 0.0, Sum: 26.7]
      [GC Worker End (ms): Min: 39163.1, Avg: 39163.1, Max: 39163.1, Diff: 0.0]
   [Code Root Fixup: 0.0 ms]
   [Code Root Purge: 0.0 ms]
   [Clear CT: 0.0 ms]
   [Other: 0.5 ms]
      [Choose CSet: 0.0 ms]
      [Ref Proc: 0.1 ms]
      [Ref Enq: 0.0 ms]
      [Redirty Cards: 0.0 ms]
      [Humongous Register: 0.0 ms]
      [Humongous Reclaim: 0.0 ms]
      [Free CSet: 0.1 ms]
   [Eden: 32.0M(32.0M)->0.0B(32.0M) Survivors: 5120.0K->5120.0K Heap: 676.0M(751.0M)->650.5M(751.0M)]
 [Times: user=0.00 sys=0.00, real=0.01 secs] 
2016-06-27T20:25:36.892+0300: 39.164: Total time for which application threads were stopped: 0.0115638 seconds, Stopping threads took: 0.0037368 seconds
2016-06-27T20:25:37.160+0300: 39.432: [GC pause (G1 Evacuation Pause) (young) (initial-mark)
Desired survivor size 2621440 bytes, new threshold 1 (max 15)
- age   1:    5132496 bytes,    5132496 total
, 0.0035350 secs]
   [Parallel Time: 2.8 ms, GC Workers: 4]
      [GC Worker Start (ms): Min: 39431.9, Avg: 39431.9, Max: 39432.0, Diff: 0.0]
      [Ext Root Scanning (ms): Min: 0.5, Avg: 0.6, Max: 0.7, Diff: 0.1, Sum: 2.4]
      [Update RS (ms): Min: 0.4, Avg: 0.5, Max: 0.6, Diff: 0.2, Sum: 2.2]
         [Processed Buffers: Min: 1, Avg: 5.8, Max: 11, Diff: 10, Sum: 23]
      [Scan RS (ms): Min: 0.0, Avg: 0.0, Max: 0.0, Diff: 0.0, Sum: 0.0]
      [Code Root Scanning (ms): Min: 0.0, Avg: 0.0, Max: 0.0, Diff: 0.0, Sum: 0.0]
      [Object Copy (ms): Min: 1.5, Avg: 1.7, Max: 1.7, Diff: 0.2, Sum: 6.6]
      [Termination (ms): Min: 0.0, Avg: 0.0, Max: 0.0, Diff: 0.0, Sum: 0.0]
         [Termination Attempts: Min: 1, Avg: 1.0, Max: 1, Diff: 0, Sum: 4]
      [GC Worker Other (ms): Min: 0.0, Avg: 0.0, Max: 0.0, Diff: 0.0, Sum: 0.1]
      [GC Worker Total (ms): Min: 2.8, Avg: 2.8, Max: 2.8, Diff: 0.0, Sum: 11.2]
      [GC Worker End (ms): Min: 39434.8, Avg: 39434.8, Max: 39434.8, Diff: 0.0]
   [Code Root Fixup: 0.0 ms]
   [Code Root Purge: 0.0 ms]
   [Clear CT: 0.0 ms]
   [Other: 0.7 ms]
      [Choose CSet: 0.0 ms]
      [Ref Proc: 0.1 ms]
      [Ref Enq: 0.0 ms]
      [Redirty Cards: 0.0 ms]
      [Humongous Register: 0.0 ms]
      [Humongous Reclaim: 0.0 ms]
      [Free CSet: 0.1 ms]
   [Eden: 32.0M(32.0M)->0.0B(32.0M) Survivors: 5120.0K->5120.0K Heap: 682.5M(751.0M)->657.0M(751.0M)]
 [Times: user=0.06 sys=0.00, real=0.00 secs] 
2016-06-27T20:25:37.163+0300: 39.435: [GC concurrent-root-region-scan-start]
2016-06-27T20:25:37.163+0300: 39.435: Total time for which application threads were stopped: 0.0066351 seconds, Stopping threads took: 0.0024804 seconds
2016-06-27T20:25:37.164+0300: 39.436: [GC concurrent-root-region-scan-end, 0.0004610 secs]
2016-06-27T20:25:37.164+0300: 39.436: [GC concurrent-mark-start]
2016-06-27T20:25:37.203+0300: 39.475: [GC concurrent-mark-end, 0.0391163 secs]
2016-06-27T20:25:37.230+0300: 39.502: [GC remark 2016-06-27T20:25:37.230+0300: 39.502: [Finalize Marking, 0.0001488 secs] 2016-06-27T20:25:37.230+0300: 39.502: [GC ref-proc, 0.0000941 secs] 2016-06-27T20:25:37.230+0300: 39.502: [Unloading, 0.0012030 secs], 0.0043505 secs]
 [Times: user=0.00 sys=0.00, real=0.00 secs] 
2016-06-27T20:25:37.234+0300: 39.506: Total time for which application threads were stopped: 0.0058691 seconds, Stopping threads took: 0.0011055 seconds
2016-06-27T20:25:37.429+0300: 39.701: [GC pause (G1 Evacuation Pause) (young)
Desired survivor size 2621440 bytes, new threshold 1 (max 15)
- age   1:    5057152 bytes,    5057152 total
, 0.0031933 secs]
   [Parallel Time: 2.7 ms, GC Workers: 4]
      [GC Worker Start (ms): Min: 39701.3, Avg: 39701.3, Max: 39701.3, Diff: 0.0]
      [Ext Root Scanning (ms): Min: 0.5, Avg: 0.5, Max: 0.6, Diff: 0.1, Sum: 2.1]
      [Update RS (ms): Min: 0.5, Avg: 0.7, Max: 0.9, Diff: 0.4, Sum: 2.6]
         [Processed Buffers: Min: 2, Avg: 5.3, Max: 10, Diff: 8, Sum: 21]
      [Scan RS (ms): Min: 0.0, Avg: 0.0, Max: 0.0, Diff: 0.0, Sum: 0.0]
      [Code Root Scanning (ms): Min: 0.0, Avg: 0.0, Max: 0.0, Diff: 0.0, Sum: 0.0]
      [Object Copy (ms): Min: 1.2, Avg: 1.5, Max: 1.6, Diff: 0.4, Sum: 5.9]
      [Termination (ms): Min: 0.0, Avg: 0.0, Max: 0.0, Diff: 0.0, Sum: 0.0]
         [Termination Attempts: Min: 1, Avg: 1.0, Max: 1, Diff: 0, Sum: 4]
      [GC Worker Other (ms): Min: 0.0, Avg: 0.0, Max: 0.0, Diff: 0.0, Sum: 0.1]
      [GC Worker Total (ms): Min: 2.7, Avg: 2.7, Max: 2.7, Diff: 0.0, Sum: 10.8]
      [GC Worker End (ms): Min: 39704.0, Avg: 39704.0, Max: 39704.0, Diff: 0.0]
   [Code Root Fixup: 0.0 ms]
   [Code Root Purge: 0.0 ms]
   [Clear CT: 0.0 ms]
   [Other: 0.4 ms]
      [Choose CSet: 0.0 ms]
      [Ref Proc: 0.1 ms]
      [Ref Enq: 0.0 ms]
      [Redirty Cards: 0.0 ms]
      [Humongous Register: 0.0 ms]
      [Humongous Reclaim: 0.0 ms]
      [Free CSet: 0.0 ms]
   [Eden: 32.0M(32.0M)->0.0B(32.0M) Survivors: 5120.0K->5120.0K Heap: 689.0M(751.0M)->663.0M(751.0M)]
 [Times: user=0.00 sys=0.00, real=0.00 secs] 
2016-06-27T20:25:37.433+0300: 39.705: Total time for which application threads were stopped: 0.0104100 seconds, Stopping threads took: 0.0066633 seconds
2016-06-27T20:25:37.433+0300: 39.705: [GC cleanup 663M->663M(751M), 0.0011431 secs]
 [Times: user=0.00 sys=0.00, real=0.00 secs] 
2016-06-27T20:25:37.434+0300: 39.706: Total time for which application threads were stopped: 0.0016046 seconds, Stopping threads took: 0.0000620 seconds
2016-06-27T20:25:37.705+0300: 39.977: [GC pause (G1 Evacuation Pause) (young)
Desired survivor size 2621440 bytes, new threshold 1 (max 15)
- age   1:    5133952 bytes,    5133952 total
, 0.0030941 secs]
   [Parallel Time: 2.6 ms, GC Workers: 4]
      [GC Worker Start (ms): Min: 39977.4, Avg: 39977.4, Max: 39977.4, Diff: 0.0]
      [Ext Root Scanning (ms): Min: 0.5, Avg: 0.5, Max: 0.6, Diff: 0.1, Sum: 2.0]
      [Update RS (ms): Min: 0.4, Avg: 0.5, Max: 0.6, Diff: 0.2, Sum: 1.9]
         [Processed Buffers: Min: 1, Avg: 6.0, Max: 13, Diff: 12, Sum: 24]
      [Scan RS (ms): Min: 0.0, Avg: 0.0, Max: 0.0, Diff: 0.0, Sum: 0.0]
      [Code Root Scanning (ms): Min: 0.0, Avg: 0.0, Max: 0.0, Diff: 0.0, Sum: 0.0]
      [Object Copy (ms): Min: 1.4, Avg: 1.5, Max: 1.6, Diff: 0.2, Sum: 6.2]
      [Termination (ms): Min: 0.0, Avg: 0.0, Max: 0.0, Diff: 0.0, Sum: 0.0]
         [Termination Attempts: Min: 1, Avg: 1.0, Max: 1, Diff: 0, Sum: 4]
      [GC Worker Other (ms): Min: 0.0, Avg: 0.0, Max: 0.0, Diff: 0.0, Sum: 0.1]
      [GC Worker Total (ms): Min: 2.5, Avg: 2.6, Max: 2.6, Diff: 0.0, Sum: 10.2]
      [GC Worker End (ms): Min: 39980.0, Avg: 39980.0, Max: 39980.0, Diff: 0.0]
   [Code Root Fixup: 0.0 ms]
   [Code Root Purge: 0.0 ms]
   [Clear CT: 0.0 ms]
   [Other: 0.5 ms]
      [Choose CSet: 0.0 ms]
      [Ref Proc: 0.0 ms]
      [Ref Enq: 0.0 ms]
      [Redirty Cards: 0.0 ms]
      [Humongous Register: 0.0 ms]
      [Humongous Reclaim: 0.0 ms]
      [Free CSet: 0.1 ms]
   [Eden: 32.0M(32.0M)->0.0B(32.0M) Survivors: 5120.0K->5120.0K Heap: 695.0M(751.0M)->669.5M(751.0M)]
 [Times: user=0.06 sys=0.00, real=0.00 secs] 
2016-06-27T20:25:37.709+0300: 39.981: Total time for which application threads were stopped: 0.0084248 seconds, Stopping threads took: 0.0047602 seconds
2016-06-27T20:25:37.978+0300: 40.250: [GC pause (G1 Evacuation Pause) (mixed)
Desired survivor size 2621440 bytes, new threshold 1 (max 15)
- age   1:    5133336 bytes,    5133336 total
, 0.0068621 secs]
   [Parallel Time: 6.1 ms, GC Workers: 4]
      [GC Worker Start (ms): Min: 40250.5, Avg: 40250.5, Max: 40250.5, Diff: 0.0]
      [Ext Root Scanning (ms): Min: 0.5, Avg: 0.5, Max: 0.6, Diff: 0.1, Sum: 2.1]
      [Update RS (ms): Min: 0.5, Avg: 0.6, Max: 0.6, Diff: 0.2, Sum: 2.3]
         [Processed Buffers: Min: 5, Avg: 7.5, Max: 11, Diff: 6, Sum: 30]
      [Scan RS (ms): Min: 0.7, Avg: 0.7, Max: 0.8, Diff: 0.1, Sum: 3.0]
      [Code Root Scanning (ms): Min: 0.0, Avg: 0.0, Max: 0.0, Diff: 0.0, Sum: 0.0]
      [Object Copy (ms): Min: 4.2, Avg: 4.2, Max: 4.3, Diff: 0.1, Sum: 16.9]
      [Termination (ms): Min: 0.0, Avg: 0.0, Max: 0.0, Diff: 0.0, Sum: 0.0]
         [Termination Attempts: Min: 1, Avg: 1.0, Max: 1, Diff: 0, Sum: 4]
      [GC Worker Other (ms): Min: 0.0, Avg: 0.0, Max: 0.0, Diff: 0.0, Sum: 0.1]
      [GC Worker Total (ms): Min: 6.1, Avg: 6.1, Max: 6.1, Diff: 0.0, Sum: 24.3]
      [GC Worker End (ms): Min: 40256.6, Avg: 40256.6, Max: 40256.6, Diff: 0.0]
   [Code Root Fixup: 0.0 ms]
   [Code Root Purge: 0.0 ms]
   [Clear CT: 0.1 ms]
   [Other: 0.6 ms]
      [Choose CSet: 0.0 ms]
      [Ref Proc: 0.1 ms]
      [Ref Enq: 0.0 ms]
      [Redirty Cards: 0.1 ms]
      [Humongous Register: 0.0 ms]
      [Humongous Reclaim: 0.0 ms]
      [Free CSet: 0.1 ms]
   [Eden: 32.0M(32.0M)->0.0B(32.0M) Survivors: 5120.0K->5120.0K Heap: 701.5M(751.0M)->664.0M(751.0M)]
 [Times: user=0.00 sys=0.00, real=0.01 secs] 
2016-06-27T20:25:37.985+0300: 40.257: Total time for which application threads were stopped: 0.0137756 seconds, Stopping threads took: 0.0062827 seconds
2016-06-27T20:25:38.257+0300: 40.529: [GC pause (G1 Evacuation Pause) (young)
Desired survivor size 2621440 bytes, new threshold 1 (max 15)
- age   1:    5027056 bytes,    5027056 total
, 0.0052443 secs]
   [Parallel Time: 4.7 ms, GC Workers: 4]
      [GC Worker Start (ms): Min: 40529.1, Avg: 40529.1, Max: 40529.1, Diff: 0.0]
      [Ext Root Scanning (ms): Min: 0.5, Avg: 0.5, Max: 0.6, Diff: 0.1, Sum: 2.1]
      [Update RS (ms): Min: 2.5, Avg: 2.6, Max: 2.6, Diff: 0.1, Sum: 10.3]
         [Processed Buffers: Min: 3, Avg: 10.0, Max: 25, Diff: 22, Sum: 40]
      [Scan RS (ms): Min: 0.0, Avg: 0.0, Max: 0.0, Diff: 0.0, Sum: 0.0]
      [Code Root Scanning (ms): Min: 0.0, Avg: 0.0, Max: 0.0, Diff: 0.0, Sum: 0.0]
      [Object Copy (ms): Min: 1.5, Avg: 1.6, Max: 1.6, Diff: 0.1, Sum: 6.3]
      [Termination (ms): Min: 0.0, Avg: 0.0, Max: 0.0, Diff: 0.0, Sum: 0.0]
         [Termination Attempts: Min: 1, Avg: 1.0, Max: 1, Diff: 0, Sum: 4]
      [GC Worker Other (ms): Min: 0.0, Avg: 0.0, Max: 0.0, Diff: 0.0, Sum: 0.1]
      [GC Worker Total (ms): Min: 4.7, Avg: 4.7, Max: 4.7, Diff: 0.0, Sum: 18.8]
      [GC Worker End (ms): Min: 40533.8, Avg: 40533.8, Max: 40533.8, Diff: 0.0]
   [Code Root Fixup: 0.0 ms]
   [Code Root Purge: 0.0 ms]
   [Clear CT: 0.0 ms]
   [Other: 0.5 ms]
      [Choose CSet: 0.0 ms]
      [Ref Proc: 0.1 ms]
      [Ref Enq: 0.0 ms]
      [Redirty Cards: 0.0 ms]
      [Humongous Register: 0.0 ms]
      [Humongous Reclaim: 0.0 ms]
      [Free CSet: 0.0 ms]
   [Eden: 32.0M(32.0M)->0.0B(32.0M) Survivors: 5120.0K->5120.0K Heap: 696.0M(751.0M)->671.5M(751.0M)]
 [Times: user=0.00 sys=0.00, real=0.01 secs] 
2016-06-27T20:25:38.262+0300: 40.534: Total time for which application threads were stopped: 0.0117584 seconds, Stopping threads took: 0.0058905 seconds
2016-06-27T20:25:38.540+0300: 40.812: [GC pause (G1 Evacuation Pause) (young) (initial-mark)
Desired survivor size 2621440 bytes, new threshold 1 (max 15)
- age   1:    4804176 bytes,    4804176 total
, 0.0035175 secs]
   [Parallel Time: 3.0 ms, GC Workers: 4]
      [GC Worker Start (ms): Min: 40812.6, Avg: 40812.6, Max: 40812.6, Diff: 0.0]
      [Ext Root Scanning (ms): Min: 0.5, Avg: 0.5, Max: 0.6, Diff: 0.1, Sum: 2.1]
      [Update RS (ms): Min: 0.6, Avg: 0.7, Max: 0.8, Diff: 0.2, Sum: 2.9]
         [Processed Buffers: Min: 2, Avg: 8.8, Max: 23, Diff: 21, Sum: 35]
      [Scan RS (ms): Min: 0.0, Avg: 0.0, Max: 0.0, Diff: 0.0, Sum: 0.0]
      [Code Root Scanning (ms): Min: 0.0, Avg: 0.0, Max: 0.0, Diff: 0.0, Sum: 0.0]
      [Object Copy (ms): Min: 1.6, Avg: 1.6, Max: 1.6, Diff: 0.1, Sum: 6.4]
      [Termination (ms): Min: 0.0, Avg: 0.0, Max: 0.1, Diff: 0.1, Sum: 0.2]
         [Termination Attempts: Min: 1, Avg: 1.0, Max: 1, Diff: 0, Sum: 4]
      [GC Worker Other (ms): Min: 0.0, Avg: 0.0, Max: 0.0, Diff: 0.0, Sum: 0.0]
      [GC Worker Total (ms): Min: 2.9, Avg: 2.9, Max: 2.9, Diff: 0.0, Sum: 11.6]
      [GC Worker End (ms): Min: 40815.5, Avg: 40815.5, Max: 40815.5, Diff: 0.0]
   [Code Root Fixup: 0.0 ms]
   [Code Root Purge: 0.0 ms]
   [Clear CT: 0.0 ms]
   [Other: 0.5 ms]
      [Choose CSet: 0.0 ms]
      [Ref Proc: 0.1 ms]
      [Ref Enq: 0.0 ms]
      [Redirty Cards: 0.0 ms]
      [Humongous Register: 0.0 ms]
      [Humongous Reclaim: 0.0 ms]
      [Free CSet: 0.0 ms]
   [Eden: 32.0M(32.0M)->0.0B(32.0M) Survivors: 5120.0K->5120.0K Heap: 703.5M(751.0M)->678.0M(751.0M)]
 [Times: user=0.00 sys=0.00, real=0.00 secs] 
2016-06-27T20:25:38.544+0300: 40.816: [GC concurrent-root-region-scan-start]
2016-06-27T20:25:38.544+0300: 40.816: Total time for which application threads were stopped: 0.0110309 seconds, Stopping threads took: 0.0068916 seconds
2016-06-27T20:25:38.544+0300: 40.817: [GC concurrent-root-region-scan-end, 0.0004401 secs]
2016-06-27T20:25:38.544+0300: 40.817: [GC concurrent-mark-start]
2016-06-27T20:25:38.591+0300: 40.863: [GC concurrent-mark-end, 0.0464929 secs]
2016-06-27T20:25:38.607+0300: 40.879: [GC remark 2016-06-27T20:25:38.607+0300: 40.879: [Finalize Marking, 0.0002279 secs] 2016-06-27T20:25:38.607+0300: 40.879: [GC ref-proc, 0.0000971 secs] 2016-06-27T20:25:38.607+0300: 40.879: [Unloading, 0.0012830 secs], 0.0045870 secs]
 [Times: user=0.00 sys=0.00, real=0.00 secs] 
2016-06-27T20:25:38.611+0300: 40.884: Total time for which application threads were stopped: 0.0091903 seconds, Stopping threads took: 0.0041222 seconds
2016-06-27T20:25:38.612+0300: 40.884: [GC cleanup 686M->686M(751M), 0.0012877 secs]
 [Times: user=0.00 sys=0.00, real=0.00 secs] 
2016-06-27T20:25:38.613+0300: 40.886: Total time for which application threads were stopped: 0.0018325 seconds, Stopping threads took: 0.0000462 seconds
2016-06-27T20:25:38.806+0300: 41.078: [GC pause (G1 Evacuation Pause) (young)
Desired survivor size 2621440 bytes, new threshold 1 (max 15)
- age   1:    4837768 bytes,    4837768 total
, 0.0033883 secs]
   [Parallel Time: 2.9 ms, GC Workers: 4]
      [GC Worker Start (ms): Min: 41078.0, Avg: 41078.0, Max: 41078.0, Diff: 0.0]
      [Ext Root Scanning (ms): Min: 0.5, Avg: 0.5, Max: 0.6, Diff: 0.1, Sum: 2.1]
      [Update RS (ms): Min: 0.6, Avg: 0.7, Max: 0.7, Diff: 0.1, Sum: 2.7]
         [Processed Buffers: Min: 3, Avg: 7.3, Max: 10, Diff: 7, Sum: 29]
      [Scan RS (ms): Min: 0.0, Avg: 0.0, Max: 0.0, Diff: 0.0, Sum: 0.0]
      [Code Root Scanning (ms): Min: 0.0, Avg: 0.0, Max: 0.0, Diff: 0.0, Sum: 0.0]
      [Object Copy (ms): Min: 1.5, Avg: 1.6, Max: 1.6, Diff: 0.1, Sum: 6.4]
      [Termination (ms): Min: 0.0, Avg: 0.0, Max: 0.0, Diff: 0.0, Sum: 0.0]
         [Termination Attempts: Min: 1, Avg: 1.0, Max: 1, Diff: 0, Sum: 4]
      [GC Worker Other (ms): Min: 0.0, Avg: 0.0, Max: 0.0, Diff: 0.0, Sum: 0.0]
      [GC Worker Total (ms): Min: 2.8, Avg: 2.8, Max: 2.8, Diff: 0.0, Sum: 11.3]
      [GC Worker End (ms): Min: 41080.8, Avg: 41080.8, Max: 41080.8, Diff: 0.0]
   [Code Root Fixup: 0.0 ms]
   [Code Root Purge: 0.0 ms]
   [Clear CT: 0.0 ms]
   [Other: 0.5 ms]
      [Choose CSet: 0.0 ms]
      [Ref Proc: 0.1 ms]
      [Ref Enq: 0.0 ms]
      [Redirty Cards: 0.0 ms]
      [Humongous Register: 0.0 ms]
      [Humongous Reclaim: 0.0 ms]
      [Free CSet: 0.0 ms]
   [Eden: 32.0M(32.0M)->0.0B(32.0M) Survivors: 5120.0K->5120.0K Heap: 710.0M(751.0M)->684.5M(751.0M)]
 [Times: user=0.00 sys=0.00, real=0.00 secs] 
2016-06-27T20:25:38.810+0300: 41.081: Total time for which application threads were stopped: 0.0079886 seconds, Stopping threads took: 0.0039853 seconds
2016-06-27T20:25:39.077+0300: 41.349: [GC pause (G1 Evacuation Pause) (mixed)
Desired survivor size 2621440 bytes, new threshold 1 (max 15)
- age   1:    4918952 bytes,    4918952 total
, 0.0084000 secs]
   [Parallel Time: 7.6 ms, GC Workers: 4]
      [GC Worker Start (ms): Min: 41348.9, Avg: 41349.0, Max: 41349.2, Diff: 0.3]
      [Ext Root Scanning (ms): Min: 0.4, Avg: 0.6, Max: 0.7, Diff: 0.3, Sum: 2.4]
      [Update RS (ms): Min: 0.5, Avg: 0.6, Max: 0.7, Diff: 0.2, Sum: 2.4]
         [Processed Buffers: Min: 4, Avg: 8.0, Max: 14, Diff: 10, Sum: 32]
      [Scan RS (ms): Min: 0.8, Avg: 0.9, Max: 1.0, Diff: 0.2, Sum: 3.7]
      [Code Root Scanning (ms): Min: 0.0, Avg: 0.0, Max: 0.0, Diff: 0.0, Sum: 0.0]
      [Object Copy (ms): Min: 5.3, Avg: 5.3, Max: 5.3, Diff: 0.1, Sum: 21.2]
      [Termination (ms): Min: 0.0, Avg: 0.0, Max: 0.0, Diff: 0.0, Sum: 0.0]
         [Termination Attempts: Min: 1, Avg: 1.0, Max: 1, Diff: 0, Sum: 4]
      [GC Worker Other (ms): Min: 0.0, Avg: 0.0, Max: 0.0, Diff: 0.0, Sum: 0.1]
      [GC Worker Total (ms): Min: 7.2, Avg: 7.5, Max: 7.5, Diff: 0.3, Sum: 29.8]
      [GC Worker End (ms): Min: 41356.5, Avg: 41356.5, Max: 41356.5, Diff: 0.0]
   [Code Root Fixup: 0.0 ms]
   [Code Root Purge: 0.0 ms]
   [Clear CT: 0.1 ms]
   [Other: 0.7 ms]
      [Choose CSet: 0.1 ms]
      [Ref Proc: 0.1 ms]
      [Ref Enq: 0.0 ms]
      [Redirty Cards: 0.0 ms]
      [Humongous Register: 0.0 ms]
      [Humongous Reclaim: 0.0 ms]
      [Free CSet: 0.2 ms]
   [Eden: 32.0M(32.0M)->0.0B(32.0M) Survivors: 5120.0K->5120.0K Heap: 716.5M(751.0M)->678.5M(751.0M)]
 [Times: user=0.06 sys=0.00, real=0.01 secs] 
2016-06-27T20:25:39.085+0300: 41.357: Total time for which application threads were stopped: 0.0136370 seconds, Stopping threads took: 0.0046242 seconds
2016-06-27T20:25:39.361+0300: 41.634: [GC pause (G1 Evacuation Pause) (young)
Desired survivor size 2621440 bytes, new threshold 1 (max 15)
- age   1:    4903720 bytes,    4903720 total
, 0.0066547 secs]
   [Parallel Time: 6.2 ms, GC Workers: 4]
      [GC Worker Start (ms): Min: 41633.9, Avg: 41633.9, Max: 41634.0, Diff: 0.2]
      [Ext Root Scanning (ms): Min: 0.4, Avg: 0.6, Max: 0.6, Diff: 0.2, Sum: 2.3]
      [Update RS (ms): Min: 3.9, Avg: 4.0, Max: 4.0, Diff: 0.1, Sum: 15.8]
         [Processed Buffers: Min: 6, Avg: 12.0, Max: 22, Diff: 16, Sum: 48]
      [Scan RS (ms): Min: 0.0, Avg: 0.0, Max: 0.0, Diff: 0.0, Sum: 0.0]
      [Code Root Scanning (ms): Min: 0.0, Avg: 0.0, Max: 0.0, Diff: 0.0, Sum: 0.0]
      [Object Copy (ms): Min: 1.5, Avg: 1.5, Max: 1.6, Diff: 0.1, Sum: 6.1]
      [Termination (ms): Min: 0.0, Avg: 0.0, Max: 0.0, Diff: 0.0, Sum: 0.0]
         [Termination Attempts: Min: 1, Avg: 1.0, Max: 1, Diff: 0, Sum: 4]
      [GC Worker Other (ms): Min: 0.0, Avg: 0.0, Max: 0.0, Diff: 0.0, Sum: 0.1]
      [GC Worker Total (ms): Min: 6.0, Avg: 6.1, Max: 6.1, Diff: 0.2, Sum: 24.4]
      [GC Worker End (ms): Min: 41640.0, Avg: 41640.0, Max: 41640.0, Diff: 0.0]
   [Code Root Fixup: 0.0 ms]
   [Code Root Purge: 0.0 ms]
   [Clear CT: 0.0 ms]
   [Other: 0.4 ms]
      [Choose CSet: 0.0 ms]
      [Ref Proc: 0.0 ms]
      [Ref Enq: 0.0 ms]
      [Redirty Cards: 0.0 ms]
      [Humongous Register: 0.0 ms]
      [Humongous Reclaim: 0.0 ms]
      [Free CSet: 0.0 ms]
   [Eden: 32.0M(32.0M)->0.0B(32.0M) Survivors: 5120.0K->5120.0K Heap: 710.5M(751.0M)->684.5M(751.0M)]
 [Times: user=0.06 sys=0.00, real=0.01 secs] 
2016-06-27T20:25:39.368+0300: 41.641: Total time for which application threads were stopped: 0.0153421 seconds, Stopping threads took: 0.0080664 seconds
2016-06-27T20:25:39.637+0300: 41.909: [GC pause (G1 Evacuation Pause) (young) (initial-mark)
Desired survivor size 2621440 bytes, new threshold 1 (max 15)
- age   1:    5141272 bytes,    5141272 total
, 0.0034170 secs]
   [Parallel Time: 2.9 ms, GC Workers: 4]
      [GC Worker Start (ms): Min: 41909.4, Avg: 41909.4, Max: 41909.4, Diff: 0.0]
      [Ext Root Scanning (ms): Min: 0.5, Avg: 0.6, Max: 0.7, Diff: 0.2, Sum: 2.2]
      [Update RS (ms): Min: 0.6, Avg: 0.7, Max: 0.8, Diff: 0.3, Sum: 2.7]
         [Processed Buffers: Min: 2, Avg: 6.5, Max: 15, Diff: 13, Sum: 26]
      [Scan RS (ms): Min: 0.0, Avg: 0.0, Max: 0.0, Diff: 0.0, Sum: 0.0]
      [Code Root Scanning (ms): Min: 0.0, Avg: 0.0, Max: 0.0, Diff: 0.0, Sum: 0.0]
      [Object Copy (ms): Min: 1.5, Avg: 1.6, Max: 1.7, Diff: 0.2, Sum: 6.3]
      [Termination (ms): Min: 0.0, Avg: 0.0, Max: 0.0, Diff: 0.0, Sum: 0.0]
         [Termination Attempts: Min: 1, Avg: 1.0, Max: 1, Diff: 0, Sum: 4]
      [GC Worker Other (ms): Min: 0.0, Avg: 0.0, Max: 0.0, Diff: 0.0, Sum: 0.0]
      [GC Worker Total (ms): Min: 2.8, Avg: 2.8, Max: 2.8, Diff: 0.0, Sum: 11.3]
      [GC Worker End (ms): Min: 41912.2, Avg: 41912.2, Max: 41912.2, Diff: 0.0]
   [Code Root Fixup: 0.0 ms]
   [Code Root Purge: 0.0 ms]
   [Clear CT: 0.0 ms]
   [Other: 0.5 ms]
      [Choose CSet: 0.0 ms]
      [Ref Proc: 0.1 ms]
      [Ref Enq: 0.0 ms]
      [Redirty Cards: 0.0 ms]
      [Humongous Register: 0.0 ms]
      [Humongous Reclaim: 0.0 ms]
      [Free CSet: 0.1 ms]
   [Eden: 32.0M(32.0M)->0.0B(32.0M) Survivors: 5120.0K->5120.0K Heap: 716.5M(751.0M)->690.5M(751.0M)]
 [Times: user=0.00 sys=0.00, real=0.00 secs] 
2016-06-27T20:25:39.641+0300: 41.913: [GC concurrent-root-region-scan-start]
2016-06-27T20:25:39.641+0300: 41.913: Total time for which application threads were stopped: 0.0083820 seconds, Stopping threads took: 0.0042885 seconds
2016-06-27T20:25:39.641+0300: 41.913: [GC concurrent-root-region-scan-end, 0.0005299 secs]
2016-06-27T20:25:39.641+0300: 41.913: [GC concurrent-mark-start]
2016-06-27T20:25:39.685+0300: 41.956: [GC concurrent-mark-end, 0.0431225 secs]
2016-06-27T20:25:39.718+0300: 41.990: [GC remark 2016-06-27T20:25:39.718+0300: 41.990: [Finalize Marking, 0.0001313 secs] 2016-06-27T20:25:39.718+0300: 41.990: [GC ref-proc, 0.0000971 secs] 2016-06-27T20:25:39.719+0300: 41.991: [Unloading, 0.0011568 secs], 0.0044523 secs]
 [Times: user=0.00 sys=0.00, real=0.01 secs] 
2016-06-27T20:25:39.723+0300: 41.995: Total time for which application threads were stopped: 0.0062891 seconds, Stopping threads took: 0.0014532 seconds
2016-06-27T20:25:39.896+0300: 42.168: [GC cleanup 722M->722M(751M), 0.0013086 secs]
 [Times: user=0.00 sys=0.00, real=0.00 secs] 
2016-06-27T20:25:39.897+0300: 42.169: Total time for which application threads were stopped: 0.0038318 seconds, Stopping threads took: 0.0021071 seconds
2016-06-27T20:25:39.899+0300: 42.171: [GC pause (G1 Evacuation Pause) (young)
Desired survivor size 2621440 bytes, new threshold 1 (max 15)
- age   1:    4991792 bytes,    4991792 total
, 0.0031749 secs]
   [Parallel Time: 2.7 ms, GC Workers: 4]
      [GC Worker Start (ms): Min: 42170.8, Avg: 42170.8, Max: 42170.8, Diff: 0.0]
      [Ext Root Scanning (ms): Min: 0.4, Avg: 0.5, Max: 0.5, Diff: 0.1, Sum: 1.9]
      [Update RS (ms): Min: 0.6, Avg: 0.6, Max: 0.6, Diff: 0.1, Sum: 2.4]
         [Processed Buffers: Min: 2, Avg: 6.3, Max: 12, Diff: 10, Sum: 25]
      [Scan RS (ms): Min: 0.0, Avg: 0.0, Max: 0.0, Diff: 0.0, Sum: 0.0]
      [Code Root Scanning (ms): Min: 0.0, Avg: 0.0, Max: 0.0, Diff: 0.0, Sum: 0.0]
      [Object Copy (ms): Min: 1.5, Avg: 1.5, Max: 1.6, Diff: 0.1, Sum: 6.2]
      [Termination (ms): Min: 0.0, Avg: 0.0, Max: 0.0, Diff: 0.0, Sum: 0.0]
         [Termination Attempts: Min: 1, Avg: 1.0, Max: 1, Diff: 0, Sum: 4]
      [GC Worker Other (ms): Min: 0.0, Avg: 0.0, Max: 0.0, Diff: 0.0, Sum: 0.1]
      [GC Worker Total (ms): Min: 2.6, Avg: 2.6, Max: 2.6, Diff: 0.0, Sum: 10.5]
      [GC Worker End (ms): Min: 42173.4, Avg: 42173.4, Max: 42173.4, Diff: 0.0]
   [Code Root Fixup: 0.0 ms]
   [Code Root Purge: 0.0 ms]
   [Clear CT: 0.0 ms]
   [Other: 0.5 ms]
      [Choose CSet: 0.0 ms]
      [Ref Proc: 0.1 ms]
      [Ref Enq: 0.0 ms]
      [Redirty Cards: 0.0 ms]
      [Humongous Register: 0.0 ms]
      [Humongous Reclaim: 0.0 ms]
      [Free CSet: 0.1 ms]
   [Eden: 32.0M(32.0M)->0.0B(32.0M) Survivors: 5120.0K->5120.0K Heap: 722.5M(751.0M)->696.5M(751.0M)]
 [Times: user=0.00 sys=0.00, real=0.00 secs] 
2016-06-27T20:25:39.902+0300: 42.174: Total time for which application threads were stopped: 0.0037835 seconds, Stopping threads took: 0.0000624 seconds
2016-06-27T20:25:40.165+0300: 42.438: [GC pause (G1 Evacuation Pause) (mixed)
Desired survivor size 2621440 bytes, new threshold 1 (max 15)
- age   1:    5079096 bytes,    5079096 total
, 0.0118456 secs]
   [Parallel Time: 10.9 ms, GC Workers: 4]
      [GC Worker Start (ms): Min: 42437.9, Avg: 42437.9, Max: 42438.0, Diff: 0.0]
      [Ext Root Scanning (ms): Min: 0.4, Avg: 0.5, Max: 0.6, Diff: 0.1, Sum: 1.9]
      [Update RS (ms): Min: 0.5, Avg: 0.6, Max: 0.6, Diff: 0.1, Sum: 2.3]
         [Processed Buffers: Min: 2, Avg: 9.5, Max: 14, Diff: 12, Sum: 38]
      [Scan RS (ms): Min: 1.3, Avg: 1.3, Max: 1.4, Diff: 0.0, Sum: 5.4]
      [Code Root Scanning (ms): Min: 0.0, Avg: 0.0, Max: 0.0, Diff: 0.0, Sum: 0.0]
      [Object Copy (ms): Min: 8.3, Avg: 8.4, Max: 8.4, Diff: 0.1, Sum: 33.5]
      [Termination (ms): Min: 0.0, Avg: 0.0, Max: 0.1, Diff: 0.1, Sum: 0.2]
         [Termination Attempts: Min: 1, Avg: 1.0, Max: 1, Diff: 0, Sum: 4]
      [GC Worker Other (ms): Min: 0.0, Avg: 0.0, Max: 0.0, Diff: 0.0, Sum: 0.0]
      [GC Worker Total (ms): Min: 10.8, Avg: 10.9, Max: 10.9, Diff: 0.0, Sum: 43.4]
      [GC Worker End (ms): Min: 42448.8, Avg: 42448.8, Max: 42448.8, Diff: 0.0]
   [Code Root Fixup: 0.0 ms]
   [Code Root Purge: 0.0 ms]
   [Clear CT: 0.2 ms]
   [Other: 0.8 ms]
      [Choose CSet: 0.1 ms]
      [Ref Proc: 0.1 ms]
      [Ref Enq: 0.0 ms]
      [Redirty Cards: 0.0 ms]
      [Humongous Register: 0.0 ms]
      [Humongous Reclaim: 0.0 ms]
      [Free CSet: 0.3 ms]
   [Eden: 32.0M(32.0M)->0.0B(33.0M) Survivors: 5120.0K->5120.0K Heap: 728.5M(751.0M)->689.0M(773.0M)]
 [Times: user=0.02 sys=0.05, real=0.01 secs] 
2016-06-27T20:25:40.178+0300: 42.450: Total time for which application threads were stopped: 0.0142131 seconds, Stopping threads took: 0.0017795 seconds
2016-06-27T20:25:40.459+0300: 42.731: [GC pause (G1 Evacuation Pause) (young)
Desired survivor size 2621440 bytes, new threshold 1 (max 15)
- age   1:    5038696 bytes,    5038696 total
, 0.0078252 secs]
   [Parallel Time: 7.4 ms, GC Workers: 4]
      [GC Worker Start (ms): Min: 42731.2, Avg: 42731.3, Max: 42731.3, Diff: 0.0]
      [Ext Root Scanning (ms): Min: 0.5, Avg: 0.5, Max: 0.6, Diff: 0.1, Sum: 2.1]
      [Update RS (ms): Min: 5.1, Avg: 5.2, Max: 5.3, Diff: 0.3, Sum: 20.7]
         [Processed Buffers: Min: 6, Avg: 11.5, Max: 22, Diff: 16, Sum: 46]
      [Scan RS (ms): Min: 0.0, Avg: 0.0, Max: 0.0, Diff: 0.0, Sum: 0.0]
      [Code Root Scanning (ms): Min: 0.0, Avg: 0.0, Max: 0.0, Diff: 0.0, Sum: 0.0]
      [Object Copy (ms): Min: 1.4, Avg: 1.6, Max: 1.6, Diff: 0.2, Sum: 6.3]
      [Termination (ms): Min: 0.0, Avg: 0.0, Max: 0.0, Diff: 0.0, Sum: 0.0]
         [Termination Attempts: Min: 1, Avg: 1.0, Max: 1, Diff: 0, Sum: 4]
      [GC Worker Other (ms): Min: 0.0, Avg: 0.0, Max: 0.0, Diff: 0.0, Sum: 0.1]
      [GC Worker Total (ms): Min: 7.3, Avg: 7.3, Max: 7.3, Diff: 0.0, Sum: 29.2]
      [GC Worker End (ms): Min: 42738.6, Avg: 42738.6, Max: 42738.6, Diff: 0.0]
   [Code Root Fixup: 0.0 ms]
   [Code Root Purge: 0.0 ms]
   [Clear CT: 0.0 ms]
   [Other: 0.4 ms]
      [Choose CSet: 0.0 ms]
      [Ref Proc: 0.0 ms]
      [Ref Enq: 0.0 ms]
      [Redirty Cards: 0.0 ms]
      [Humongous Register: 0.0 ms]
      [Humongous Reclaim: 0.0 ms]
      [Free CSet: 0.1 ms]
   [Eden: 33.0M(33.0M)->0.0B(33.0M) Survivors: 5120.0K->5120.0K Heap: 722.0M(773.0M)->695.5M(773.0M)]
 [Times: user=0.00 sys=0.00, real=0.01 secs] 
2016-06-27T20:25:40.467+0300: 42.739: Total time for which application threads were stopped: 0.0148097 seconds, Stopping threads took: 0.0064075 seconds
2016-06-27T20:25:40.743+0300: 43.015: [GC pause (G1 Evacuation Pause) (young) (initial-mark)
Desired survivor size 2621440 bytes, new threshold 1 (max 15)
- age   1:    4834248 bytes,    4834248 total
, 0.0034700 secs]
   [Parallel Time: 2.9 ms, GC Workers: 4]
      [GC Worker Start (ms): Min: 43015.5, Avg: 43015.5, Max: 43015.6, Diff: 0.1]
      [Ext Root Scanning (ms): Min: 0.4, Avg: 0.5, Max: 0.6, Diff: 0.2, Sum: 2.1]
      [Update RS (ms): Min: 0.6, Avg: 0.6, Max: 0.7, Diff: 0.1, Sum: 2.5]
         [Processed Buffers: Min: 1, Avg: 7.0, Max: 15, Diff: 14, Sum: 28]
      [Scan RS (ms): Min: 0.0, Avg: 0.0, Max: 0.0, Diff: 0.0, Sum: 0.0]
      [Code Root Scanning (ms): Min: 0.0, Avg: 0.0, Max: 0.0, Diff: 0.0, Sum: 0.0]
      [Object Copy (ms): Min: 1.6, Avg: 1.6, Max: 1.7, Diff: 0.1, Sum: 6.5]
      [Termination (ms): Min: 0.0, Avg: 0.0, Max: 0.0, Diff: 0.0, Sum: 0.0]
         [Termination Attempts: Min: 1, Avg: 1.0, Max: 1, Diff: 0, Sum: 4]
      [GC Worker Other (ms): Min: 0.0, Avg: 0.0, Max: 0.0, Diff: 0.0, Sum: 0.0]
      [GC Worker Total (ms): Min: 2.8, Avg: 2.8, Max: 2.8, Diff: 0.1, Sum: 11.2]
      [GC Worker End (ms): Min: 43018.3, Avg: 43018.3, Max: 43018.3, Diff: 0.0]
   [Code Root Fixup: 0.0 ms]
   [Code Root Purge: 0.0 ms]
   [Clear CT: 0.0 ms]
   [Other: 0.6 ms]
      [Choose CSet: 0.0 ms]
      [Ref Proc: 0.0 ms]
      [Ref Enq: 0.0 ms]
      [Redirty Cards: 0.0 ms]
      [Humongous Register: 0.0 ms]
      [Humongous Reclaim: 0.0 ms]
      [Free CSet: 0.1 ms]
   [Eden: 33.0M(33.0M)->0.0B(33.0M) Survivors: 5120.0K->5120.0K Heap: 728.5M(773.0M)->702.0M(773.0M)]
 [Times: user=0.00 sys=0.00, real=0.00 secs] 
2016-06-27T20:25:40.747+0300: 43.019: [GC concurrent-root-region-scan-start]
2016-06-27T20:25:40.747+0300: 43.019: Total time for which application threads were stopped: 0.0068780 seconds, Stopping threads took: 0.0027999 seconds
2016-06-27T20:25:40.747+0300: 43.020: [GC concurrent-root-region-scan-end, 0.0006462 secs]
2016-06-27T20:25:40.747+0300: 43.020: [GC concurrent-mark-start]
2016-06-27T20:25:40.800+0300: 43.073: [GC concurrent-mark-end, 0.0530381 secs]
2016-06-27T20:25:40.828+0300: 43.100: [GC remark 2016-06-27T20:25:40.828+0300: 43.100: [Finalize Marking, 0.0001480 secs] 2016-06-27T20:25:40.828+0300: 43.100: [GC ref-proc, 0.0000941 secs] 2016-06-27T20:25:40.828+0300: 43.100: [Unloading, 0.0011974 secs], 0.0045631 secs]
 [Times: user=0.00 sys=0.00, real=0.00 secs] 
2016-06-27T20:25:40.832+0300: 43.105: Total time for which application threads were stopped: 0.0063815 seconds, Stopping threads took: 0.0013869 seconds
2016-06-27T20:25:40.833+0300: 43.105: [GC cleanup 714M->714M(773M), 0.0013595 secs]
 [Times: user=0.00 sys=0.00, real=0.00 secs] 
2016-06-27T20:25:40.834+0300: 43.107: Total time for which application threads were stopped: 0.0018864 seconds, Stopping threads took: 0.0000727 seconds
2016-06-27T20:25:41.007+0300: 43.279: [GC pause (G1 Evacuation Pause) (young)
Desired survivor size 2621440 bytes, new threshold 1 (max 15)
- age   1:    5033392 bytes,    5033392 total
, 0.0031026 secs]
   [Parallel Time: 2.7 ms, GC Workers: 4]
      [GC Worker Start (ms): Min: 43279.0, Avg: 43279.0, Max: 43279.0, Diff: 0.0]
      [Ext Root Scanning (ms): Min: 0.5, Avg: 0.6, Max: 0.6, Diff: 0.1, Sum: 2.3]
      [Update RS (ms): Min: 0.4, Avg: 0.5, Max: 0.8, Diff: 0.4, Sum: 2.0]
         [Processed Buffers: Min: 1, Avg: 6.8, Max: 14, Diff: 13, Sum: 27]
      [Scan RS (ms): Min: 0.0, Avg: 0.0, Max: 0.0, Diff: 0.0, Sum: 0.0]
      [Code Root Scanning (ms): Min: 0.0, Avg: 0.0, Max: 0.0, Diff: 0.0, Sum: 0.0]
      [Object Copy (ms): Min: 1.3, Avg: 1.5, Max: 1.7, Diff: 0.4, Sum: 6.2]
      [Termination (ms): Min: 0.0, Avg: 0.0, Max: 0.0, Diff: 0.0, Sum: 0.0]
         [Termination Attempts: Min: 1, Avg: 1.0, Max: 1, Diff: 0, Sum: 4]
      [GC Worker Other (ms): Min: 0.0, Avg: 0.0, Max: 0.0, Diff: 0.0, Sum: 0.1]
      [GC Worker Total (ms): Min: 2.6, Avg: 2.6, Max: 2.6, Diff: 0.0, Sum: 10.5]
      [GC Worker End (ms): Min: 43281.6, Avg: 43281.6, Max: 43281.6, Diff: 0.0]
   [Code Root Fixup: 0.0 ms]
   [Code Root Purge: 0.0 ms]
   [Clear CT: 0.0 ms]
   [Other: 0.4 ms]
      [Choose CSet: 0.0 ms]
      [Ref Proc: 0.0 ms]
      [Ref Enq: 0.0 ms]
      [Redirty Cards: 0.0 ms]
      [Humongous Register: 0.0 ms]
      [Humongous Reclaim: 0.0 ms]
      [Free CSet: 0.0 ms]
   [Eden: 33.0M(33.0M)->0.0B(33.0M) Survivors: 5120.0K->5120.0K Heap: 735.0M(773.0M)->709.0M(773.0M)]
 [Times: user=0.00 sys=0.00, real=0.00 secs] 
2016-06-27T20:25:41.010+0300: 43.282: Total time for which application threads were stopped: 0.0062566 seconds, Stopping threads took: 0.0025475 seconds
2016-06-27T20:25:41.294+0300: 43.566: [GC pause (G1 Evacuation Pause) (mixed)
Desired survivor size 2621440 bytes, new threshold 1 (max 15)
- age   1:    4888680 bytes,    4888680 total
, 0.0075177 secs]
   [Parallel Time: 6.8 ms, GC Workers: 4]
      [GC Worker Start (ms): Min: 43566.1, Avg: 43566.1, Max: 43566.2, Diff: 0.0]
      [Ext Root Scanning (ms): Min: 0.5, Avg: 0.5, Max: 0.5, Diff: 0.0, Sum: 2.0]
      [Update RS (ms): Min: 0.6, Avg: 0.6, Max: 0.6, Diff: 0.1, Sum: 2.4]
         [Processed Buffers: Min: 3, Avg: 7.8, Max: 12, Diff: 9, Sum: 31]
      [Scan RS (ms): Min: 0.8, Avg: 0.9, Max: 0.9, Diff: 0.1, Sum: 3.6]
      [Code Root Scanning (ms): Min: 0.0, Avg: 0.0, Max: 0.0, Diff: 0.0, Sum: 0.0]
      [Object Copy (ms): Min: 4.7, Avg: 4.8, Max: 4.8, Diff: 0.0, Sum: 19.0]
      [Termination (ms): Min: 0.0, Avg: 0.0, Max: 0.0, Diff: 0.0, Sum: 0.0]
         [Termination Attempts: Min: 1, Avg: 1.8, Max: 3, Diff: 2, Sum: 7]
      [GC Worker Other (ms): Min: 0.0, Avg: 0.0, Max: 0.0, Diff: 0.0, Sum: 0.1]
      [GC Worker Total (ms): Min: 6.8, Avg: 6.8, Max: 6.8, Diff: 0.0, Sum: 27.1]
      [GC Worker End (ms): Min: 43572.9, Avg: 43572.9, Max: 43572.9, Diff: 0.0]
   [Code Root Fixup: 0.0 ms]
   [Code Root Purge: 0.0 ms]
   [Clear CT: 0.1 ms]
   [Other: 0.6 ms]
      [Choose CSet: 0.0 ms]
      [Ref Proc: 0.1 ms]
      [Ref Enq: 0.0 ms]
      [Redirty Cards: 0.0 ms]
      [Humongous Register: 0.0 ms]
      [Humongous Reclaim: 0.0 ms]
      [Free CSet: 0.1 ms]
   [Eden: 33.0M(33.0M)->0.0B(33.0M) Survivors: 5120.0K->5120.0K Heap: 742.0M(773.0M)->706.5M(773.0M)]
 [Times: user=0.01 sys=0.00, real=0.01 secs] 
2016-06-27T20:25:41.302+0300: 43.574: Total time for which application threads were stopped: 0.0130289 seconds, Stopping threads took: 0.0048440 seconds
2016-06-27T20:25:41.588+0300: 43.860: [GC pause (G1 Evacuation Pause) (young)
Desired survivor size 2621440 bytes, new threshold 1 (max 15)
- age   1:    4939360 bytes,    4939360 total
, 0.0059807 secs]
   [Parallel Time: 5.5 ms, GC Workers: 4]
      [GC Worker Start (ms): Min: 43860.3, Avg: 43860.3, Max: 43860.3, Diff: 0.0]
      [Ext Root Scanning (ms): Min: 0.5, Avg: 0.5, Max: 0.6, Diff: 0.1, Sum: 2.1]
      [Update RS (ms): Min: 3.2, Avg: 3.4, Max: 4.0, Diff: 0.8, Sum: 13.8]
         [Processed Buffers: Min: 4, Avg: 10.3, Max: 20, Diff: 16, Sum: 41]
      [Scan RS (ms): Min: 0.0, Avg: 0.0, Max: 0.0, Diff: 0.0, Sum: 0.0]
      [Code Root Scanning (ms): Min: 0.0, Avg: 0.0, Max: 0.0, Diff: 0.0, Sum: 0.0]
      [Object Copy (ms): Min: 0.8, Avg: 1.5, Max: 1.7, Diff: 0.9, Sum: 5.9]
      [Termination (ms): Min: 0.0, Avg: 0.0, Max: 0.0, Diff: 0.0, Sum: 0.0]
         [Termination Attempts: Min: 1, Avg: 1.0, Max: 1, Diff: 0, Sum: 4]
      [GC Worker Other (ms): Min: 0.0, Avg: 0.0, Max: 0.0, Diff: 0.0, Sum: 0.0]
      [GC Worker Total (ms): Min: 5.4, Avg: 5.4, Max: 5.5, Diff: 0.0, Sum: 21.8]
      [GC Worker End (ms): Min: 43865.8, Avg: 43865.8, Max: 43865.8, Diff: 0.0]
   [Code Root Fixup: 0.0 ms]
   [Code Root Purge: 0.0 ms]
   [Clear CT: 0.0 ms]
   [Other: 0.4 ms]
      [Choose CSet: 0.0 ms]
      [Ref Proc: 0.1 ms]
      [Ref Enq: 0.0 ms]
      [Redirty Cards: 0.0 ms]
      [Humongous Register: 0.0 ms]
      [Humongous Reclaim: 0.0 ms]
      [Free CSet: 0.0 ms]
   [Eden: 33.0M(33.0M)->0.0B(33.0M) Survivors: 5120.0K->5120.0K Heap: 739.5M(773.0M)->713.0M(773.0M)]
 [Times: user=0.00 sys=0.00, real=0.01 secs] 
2016-06-27T20:25:41.594+0300: 43.866: Total time for which application threads were stopped: 0.0167837 seconds, Stopping threads took: 0.0101961 seconds
2016-06-27T20:25:41.878+0300: 44.150: [GC pause (G1 Evacuation Pause) (young) (initial-mark)
Desired survivor size 2621440 bytes, new threshold 1 (max 15)
- age   1:    5146048 bytes,    5146048 total
, 0.0033669 secs]
   [Parallel Time: 2.8 ms, GC Workers: 4]
      [GC Worker Start (ms): Min: 44150.6, Avg: 44150.6, Max: 44150.6, Diff: 0.0]
      [Ext Root Scanning (ms): Min: 0.5, Avg: 0.5, Max: 0.7, Diff: 0.2, Sum: 2.1]
      [Update RS (ms): Min: 0.4, Avg: 0.4, Max: 0.5, Diff: 0.1, Sum: 1.8]
         [Processed Buffers: Min: 1, Avg: 8.3, Max: 17, Diff: 16, Sum: 33]
      [Scan RS (ms): Min: 0.0, Avg: 0.0, Max: 0.0, Diff: 0.0, Sum: 0.0]
      [Code Root Scanning (ms): Min: 0.0, Avg: 0.0, Max: 0.0, Diff: 0.0, Sum: 0.0]
      [Object Copy (ms): Min: 1.6, Avg: 1.7, Max: 1.7, Diff: 0.2, Sum: 6.6]
      [Termination (ms): Min: 0.0, Avg: 0.0, Max: 0.0, Diff: 0.0, Sum: 0.0]
         [Termination Attempts: Min: 1, Avg: 1.0, Max: 1, Diff: 0, Sum: 4]
      [GC Worker Other (ms): Min: 0.0, Avg: 0.0, Max: 0.0, Diff: 0.0, Sum: 0.1]
      [GC Worker Total (ms): Min: 2.7, Avg: 2.7, Max: 2.7, Diff: 0.0, Sum: 10.7]
      [GC Worker End (ms): Min: 44153.3, Avg: 44153.3, Max: 44153.3, Diff: 0.0]
   [Code Root Fixup: 0.0 ms]
   [Code Root Purge: 0.0 ms]
   [Clear CT: 0.0 ms]
   [Other: 0.5 ms]
      [Choose CSet: 0.0 ms]
      [Ref Proc: 0.0 ms]
      [Ref Enq: 0.0 ms]
      [Redirty Cards: 0.0 ms]
      [Humongous Register: 0.0 ms]
      [Humongous Reclaim: 0.0 ms]
      [Free CSet: 0.0 ms]
   [Eden: 33.0M(33.0M)->0.0B(33.0M) Survivors: 5120.0K->5120.0K Heap: 746.0M(773.0M)->719.5M(773.0M)]
 [Times: user=0.06 sys=0.00, real=0.00 secs] 
2016-06-27T20:25:41.882+0300: 44.154: [GC concurrent-root-region-scan-start]
2016-06-27T20:25:41.882+0300: 44.154: Total time for which application threads were stopped: 0.0115971 seconds, Stopping threads took: 0.0075306 seconds
2016-06-27T20:25:41.882+0300: 44.154: [GC concurrent-root-region-scan-end, 0.0004683 secs]
2016-06-27T20:25:41.882+0300: 44.154: [GC concurrent-mark-start]
2016-06-27T20:25:41.930+0300: 44.202: [GC concurrent-mark-end, 0.0470638 secs]
2016-06-27T20:25:41.967+0300: 44.239: [GC remark 2016-06-27T20:25:41.967+0300: 44.239: [Finalize Marking, 0.0001668 secs] 2016-06-27T20:25:41.967+0300: 44.239: [GC ref-proc, 0.0000937 secs] 2016-06-27T20:25:41.967+0300: 44.239: [Unloading, 0.0012351 secs], 0.0046242 secs]
 [Times: user=0.00 sys=0.00, real=0.00 secs] 
2016-06-27T20:25:41.972+0300: 44.244: Total time for which application threads were stopped: 0.0117049 seconds, Stopping threads took: 0.0066120 seconds
2016-06-27T20:25:41.973+0300: 44.245: [GC cleanup 732M->732M(773M), 0.0014091 secs]
 [Times: user=0.06 sys=0.00, real=0.00 secs] 
2016-06-27T20:25:41.974+0300: 44.246: Total time for which application threads were stopped: 0.0019775 seconds, Stopping threads took: 0.0000565 seconds
2016-06-27T20:25:42.141+0300: 44.413: [GC pause (G1 Evacuation Pause) (young)
Desired survivor size 2621440 bytes, new threshold 1 (max 15)
- age   1:    4906544 bytes,    4906544 total
, 0.0032318 secs]
   [Parallel Time: 2.6 ms, GC Workers: 4]
      [GC Worker Start (ms): Min: 44413.2, Avg: 44413.2, Max: 44413.2, Diff: 0.0]
      [Ext Root Scanning (ms): Min: 0.5, Avg: 0.5, Max: 0.5, Diff: 0.1, Sum: 2.0]
      [Update RS (ms): Min: 0.3, Avg: 0.4, Max: 0.6, Diff: 0.2, Sum: 1.7]
         [Processed Buffers: Min: 1, Avg: 9.3, Max: 18, Diff: 17, Sum: 37]
      [Scan RS (ms): Min: 0.0, Avg: 0.0, Max: 0.0, Diff: 0.0, Sum: 0.0]
      [Code Root Scanning (ms): Min: 0.0, Avg: 0.0, Max: 0.0, Diff: 0.0, Sum: 0.0]
      [Object Copy (ms): Min: 1.5, Avg: 1.6, Max: 1.7, Diff: 0.3, Sum: 6.3]
      [Termination (ms): Min: 0.0, Avg: 0.0, Max: 0.0, Diff: 0.0, Sum: 0.1]
         [Termination Attempts: Min: 1, Avg: 1.0, Max: 1, Diff: 0, Sum: 4]
      [GC Worker Other (ms): Min: 0.0, Avg: 0.0, Max: 0.0, Diff: 0.0, Sum: 0.0]
      [GC Worker Total (ms): Min: 2.5, Avg: 2.6, Max: 2.6, Diff: 0.1, Sum: 10.3]
      [GC Worker End (ms): Min: 44415.8, Avg: 44415.8, Max: 44415.8, Diff: 0.0]
   [Code Root Fixup: 0.0 ms]
   [Code Root Purge: 0.0 ms]
   [Clear CT: 0.0 ms]
   [Other: 0.6 ms]
      [Choose CSet: 0.0 ms]
      [Ref Proc: 0.1 ms]
      [Ref Enq: 0.0 ms]
      [Redirty Cards: 0.1 ms]
      [Humongous Register: 0.0 ms]
      [Humongous Reclaim: 0.0 ms]
      [Free CSet: 0.1 ms]
   [Eden: 33.0M(33.0M)->0.0B(33.0M) Survivors: 5120.0K->5120.0K Heap: 752.5M(773.0M)->726.5M(773.0M)]
 [Times: user=0.00 sys=0.00, real=0.00 secs] 
2016-06-27T20:25:42.144+0300: 44.417: Total time for which application threads were stopped: 0.0078825 seconds, Stopping threads took: 0.0040046 seconds
2016-06-27T20:25:42.423+0300: 44.694: [GC pause (G1 Evacuation Pause) (mixed)
Desired survivor size 2621440 bytes, new threshold 1 (max 15)
- age   1:    5012888 bytes,    5012888 total
, 0.0118011 secs]
   [Parallel Time: 10.9 ms, GC Workers: 4]
      [GC Worker Start (ms): Min: 44694.6, Avg: 44694.7, Max: 44694.7, Diff: 0.0]
      [Ext Root Scanning (ms): Min: 0.5, Avg: 0.5, Max: 0.6, Diff: 0.1, Sum: 2.0]
      [Update RS (ms): Min: 0.3, Avg: 0.4, Max: 0.5, Diff: 0.2, Sum: 1.5]
         [Processed Buffers: Min: 1, Avg: 7.0, Max: 14, Diff: 13, Sum: 28]
      [Scan RS (ms): Min: 1.2, Avg: 1.2, Max: 1.3, Diff: 0.1, Sum: 4.9]
      [Code Root Scanning (ms): Min: 0.0, Avg: 0.0, Max: 0.0, Diff: 0.0, Sum: 0.0]
      [Object Copy (ms): Min: 8.7, Avg: 8.8, Max: 8.8, Diff: 0.1, Sum: 35.1]
      [Termination (ms): Min: 0.0, Avg: 0.0, Max: 0.0, Diff: 0.0, Sum: 0.0]
         [Termination Attempts: Min: 1, Avg: 1.0, Max: 1, Diff: 0, Sum: 4]
      [GC Worker Other (ms): Min: 0.0, Avg: 0.0, Max: 0.0, Diff: 0.0, Sum: 0.1]
      [GC Worker Total (ms): Min: 10.9, Avg: 10.9, Max: 10.9, Diff: 0.0, Sum: 43.6]
      [GC Worker End (ms): Min: 44705.6, Avg: 44705.6, Max: 44705.6, Diff: 0.0]
   [Code Root Fixup: 0.0 ms]
   [Code Root Purge: 0.0 ms]
   [Clear CT: 0.2 ms]
   [Other: 0.7 ms]
      [Choose CSet: 0.1 ms]
      [Ref Proc: 0.0 ms]
      [Ref Enq: 0.0 ms]
      [Redirty Cards: 0.0 ms]
      [Humongous Register: 0.0 ms]
      [Humongous Reclaim: 0.0 ms]
      [Free CSet: 0.2 ms]
   [Eden: 33.0M(33.0M)->0.0B(35.0M) Survivors: 5120.0K->5120.0K Heap: 759.5M(773.0M)->717.0M(804.0M)]
 [Times: user=0.06 sys=0.00, real=0.01 secs] 
2016-06-27T20:25:42.435+0300: 44.706: Total time for which application threads were stopped: 0.0151441 seconds, Stopping threads took: 0.0026643 seconds
2016-06-27T20:25:42.735+0300: 45.007: [GC pause (G1 Evacuation Pause) (young)
Desired survivor size 2621440 bytes, new threshold 1 (max 15)
- age   1:    4900824 bytes,    4900824 total
, 0.0068160 secs]
   [Parallel Time: 6.4 ms, GC Workers: 4]
      [GC Worker Start (ms): Min: 45007.0, Avg: 45007.0, Max: 45007.0, Diff: 0.0]
      [Ext Root Scanning (ms): Min: 0.4, Avg: 0.5, Max: 0.5, Diff: 0.1, Sum: 1.9]
      [Update RS (ms): Min: 4.2, Avg: 4.5, Max: 5.3, Diff: 1.1, Sum: 17.8]
         [Processed Buffers: Min: 5, Avg: 10.3, Max: 20, Diff: 15, Sum: 41]
      [Scan RS (ms): Min: 0.0, Avg: 0.0, Max: 0.0, Diff: 0.0, Sum: 0.0]
      [Code Root Scanning (ms): Min: 0.0, Avg: 0.0, Max: 0.0, Diff: 0.0, Sum: 0.0]
      [Object Copy (ms): Min: 0.6, Avg: 1.4, Max: 1.7, Diff: 1.1, Sum: 5.5]
      [Termination (ms): Min: 0.0, Avg: 0.0, Max: 0.0, Diff: 0.0, Sum: 0.0]
         [Termination Attempts: Min: 1, Avg: 1.0, Max: 1, Diff: 0, Sum: 4]
      [GC Worker Other (ms): Min: 0.0, Avg: 0.0, Max: 0.0, Diff: 0.0, Sum: 0.1]
      [GC Worker Total (ms): Min: 6.3, Avg: 6.3, Max: 6.3, Diff: 0.0, Sum: 25.3]
      [GC Worker End (ms): Min: 45013.3, Avg: 45013.3, Max: 45013.3, Diff: 0.0]
   [Code Root Fixup: 0.0 ms]
   [Code Root Purge: 0.0 ms]
   [Clear CT: 0.0 ms]
   [Other: 0.4 ms]
      [Choose CSet: 0.0 ms]
      [Ref Proc: 0.0 ms]
      [Ref Enq: 0.0 ms]
      [Redirty Cards: 0.0 ms]
      [Humongous Register: 0.0 ms]
      [Humongous Reclaim: 0.0 ms]
      [Free CSet: 0.0 ms]
   [Eden: 35.0M(35.0M)->0.0B(35.0M) Survivors: 5120.0K->5120.0K Heap: 752.0M(804.0M)->724.0M(804.0M)]
 [Times: user=0.06 sys=0.00, real=0.01 secs] 
2016-06-27T20:25:42.742+0300: 45.014: Total time for which application threads were stopped: 0.0163928 seconds, Stopping threads took: 0.0089491 seconds
2016-06-27T20:25:43.038+0300: 45.310: [GC pause (G1 Evacuation Pause) (young) (initial-mark)
Desired survivor size 2621440 bytes, new threshold 1 (max 15)
- age   1:    5140464 bytes,    5140464 total
, 0.0031942 secs]
   [Parallel Time: 2.6 ms, GC Workers: 4]
      [GC Worker Start (ms): Min: 45310.2, Avg: 45310.2, Max: 45310.2, Diff: 0.1]
      [Ext Root Scanning (ms): Min: 0.4, Avg: 0.5, Max: 0.6, Diff: 0.2, Sum: 2.0]
      [Update RS (ms): Min: 0.3, Avg: 0.4, Max: 0.5, Diff: 0.2, Sum: 1.6]
         [Processed Buffers: Min: 1, Avg: 8.0, Max: 14, Diff: 13, Sum: 32]
      [Scan RS (ms): Min: 0.0, Avg: 0.0, Max: 0.0, Diff: 0.0, Sum: 0.0]
      [Code Root Scanning (ms): Min: 0.0, Avg: 0.0, Max: 0.0, Diff: 0.0, Sum: 0.0]
      [Object Copy (ms): Min: 1.6, Avg: 1.7, Max: 1.7, Diff: 0.1, Sum: 6.8]
      [Termination (ms): Min: 0.0, Avg: 0.0, Max: 0.0, Diff: 0.0, Sum: 0.0]
         [Termination Attempts: Min: 1, Avg: 1.0, Max: 1, Diff: 0, Sum: 4]
      [GC Worker Other (ms): Min: 0.0, Avg: 0.0, Max: 0.0, Diff: 0.0, Sum: 0.1]
      [GC Worker Total (ms): Min: 2.6, Avg: 2.6, Max: 2.6, Diff: 0.1, Sum: 10.4]
      [GC Worker End (ms): Min: 45312.8, Avg: 45312.8, Max: 45312.8, Diff: 0.0]
   [Code Root Fixup: 0.0 ms]
   [Code Root Purge: 0.0 ms]
   [Clear CT: 0.0 ms]
   [Other: 0.5 ms]
      [Choose CSet: 0.0 ms]
      [Ref Proc: 0.0 ms]
      [Ref Enq: 0.0 ms]
      [Redirty Cards: 0.0 ms]
      [Humongous Register: 0.0 ms]
      [Humongous Reclaim: 0.0 ms]
      [Free CSet: 0.0 ms]
   [Eden: 35.0M(35.0M)->0.0B(35.0M) Survivors: 5120.0K->5120.0K Heap: 759.0M(804.0M)->731.0M(804.0M)]
 [Times: user=0.00 sys=0.00, real=0.00 secs] 
2016-06-27T20:25:43.041+0300: 45.313: [GC concurrent-root-region-scan-start]
2016-06-27T20:25:43.042+0300: 45.313: Total time for which application threads were stopped: 0.0080677 seconds, Stopping threads took: 0.0042834 seconds
2016-06-27T20:25:43.042+0300: 45.314: [GC concurrent-root-region-scan-end, 0.0005508 secs]
2016-06-27T20:25:43.042+0300: 45.314: [GC concurrent-mark-start]
2016-06-27T20:25:43.091+0300: 45.362: [GC concurrent-mark-end, 0.0471865 secs]
2016-06-27T20:25:43.127+0300: 45.399: [GC remark 2016-06-27T20:25:43.127+0300: 45.399: [Finalize Marking, 0.0002019 secs] 2016-06-27T20:25:43.128+0300: 45.400: [GC ref-proc, 0.0000907 secs] 2016-06-27T20:25:43.128+0300: 45.400: [Unloading, 0.0012158 secs], 0.0047568 secs]
 [Times: user=0.06 sys=0.00, real=0.00 secs] 
2016-06-27T20:25:43.132+0300: 45.404: Total time for which application threads were stopped: 0.0112366 seconds, Stopping threads took: 0.0060205 seconds
2016-06-27T20:25:43.330+0300: 45.602: [GC cleanup 766M->766M(804M), 0.0013946 secs]
 [Times: user=0.00 sys=0.00, real=0.00 secs] 
2016-06-27T20:25:43.332+0300: 45.604: Total time for which application threads were stopped: 0.0062168 seconds, Stopping threads took: 0.0043625 seconds
2016-06-27T20:25:43.335+0300: 45.607: [GC pause (G1 Evacuation Pause) (young)
Desired survivor size 2621440 bytes, new threshold 1 (max 15)
- age   1:    5166800 bytes,    5166800 total
, 0.0031749 secs]
   [Parallel Time: 2.7 ms, GC Workers: 4]
      [GC Worker Start (ms): Min: 45606.7, Avg: 45606.7, Max: 45606.8, Diff: 0.0]
      [Ext Root Scanning (ms): Min: 0.4, Avg: 0.5, Max: 0.6, Diff: 0.2, Sum: 1.8]
      [Update RS (ms): Min: 0.4, Avg: 0.5, Max: 0.6, Diff: 0.2, Sum: 2.0]
         [Processed Buffers: Min: 1, Avg: 7.8, Max: 24, Diff: 23, Sum: 31]
      [Scan RS (ms): Min: 0.0, Avg: 0.0, Max: 0.0, Diff: 0.0, Sum: 0.0]
      [Code Root Scanning (ms): Min: 0.0, Avg: 0.0, Max: 0.0, Diff: 0.0, Sum: 0.0]
      [Object Copy (ms): Min: 1.6, Avg: 1.7, Max: 1.7, Diff: 0.1, Sum: 6.7]
      [Termination (ms): Min: 0.0, Avg: 0.0, Max: 0.0, Diff: 0.0, Sum: 0.0]
         [Termination Attempts: Min: 1, Avg: 1.0, Max: 1, Diff: 0, Sum: 4]
      [GC Worker Other (ms): Min: 0.0, Avg: 0.0, Max: 0.0, Diff: 0.0, Sum: 0.0]
      [GC Worker Total (ms): Min: 2.6, Avg: 2.6, Max: 2.7, Diff: 0.0, Sum: 10.6]
      [GC Worker End (ms): Min: 45609.4, Avg: 45609.4, Max: 45609.4, Diff: 0.0]
   [Code Root Fixup: 0.0 ms]
   [Code Root Purge: 0.0 ms]
   [Clear CT: 0.0 ms]
   [Other: 0.4 ms]
      [Choose CSet: 0.0 ms]
      [Ref Proc: 0.0 ms]
      [Ref Enq: 0.0 ms]
      [Redirty Cards: 0.0 ms]
      [Humongous Register: 0.0 ms]
      [Humongous Reclaim: 0.0 ms]
      [Free CSet: 0.1 ms]
   [Eden: 35.0M(35.0M)->0.0B(35.0M) Survivors: 5120.0K->5120.0K Heap: 766.0M(804.0M)->738.5M(804.0M)]
 [Times: user=0.00 sys=0.00, real=0.00 secs] 
2016-06-27T20:25:43.338+0300: 45.610: Total time for which application threads were stopped: 0.0037565 seconds, Stopping threads took: 0.0000582 seconds
2016-06-27T20:25:43.632+0300: 45.904: [GC pause (G1 Evacuation Pause) (mixed)
Desired survivor size 2621440 bytes, new threshold 1 (max 15)
- age   1:    4998920 bytes,    4998920 total
, 0.0053290 secs]
   [Parallel Time: 4.7 ms, GC Workers: 4]
      [GC Worker Start (ms): Min: 45904.5, Avg: 45904.5, Max: 45904.5, Diff: 0.0]
      [Ext Root Scanning (ms): Min: 0.4, Avg: 0.5, Max: 0.6, Diff: 0.2, Sum: 1.9]
      [Update RS (ms): Min: 0.5, Avg: 0.6, Max: 0.7, Diff: 0.2, Sum: 2.4]
         [Processed Buffers: Min: 2, Avg: 11.0, Max: 26, Diff: 24, Sum: 44]
      [Scan RS (ms): Min: 0.3, Avg: 0.3, Max: 0.4, Diff: 0.2, Sum: 1.4]
      [Code Root Scanning (ms): Min: 0.0, Avg: 0.0, Max: 0.0, Diff: 0.0, Sum: 0.0]
      [Object Copy (ms): Min: 3.2, Avg: 3.3, Max: 3.3, Diff: 0.1, Sum: 13.0]
      [Termination (ms): Min: 0.0, Avg: 0.0, Max: 0.0, Diff: 0.0, Sum: 0.0]
         [Termination Attempts: Min: 1, Avg: 1.0, Max: 1, Diff: 0, Sum: 4]
      [GC Worker Other (ms): Min: 0.0, Avg: 0.0, Max: 0.0, Diff: 0.0, Sum: 0.0]
      [GC Worker Total (ms): Min: 4.7, Avg: 4.7, Max: 4.7, Diff: 0.0, Sum: 18.7]
      [GC Worker End (ms): Min: 45909.2, Avg: 45909.2, Max: 45909.2, Diff: 0.0]
   [Code Root Fixup: 0.0 ms]
   [Code Root Purge: 0.0 ms]
   [Clear CT: 0.1 ms]
   [Other: 0.5 ms]
      [Choose CSet: 0.0 ms]
      [Ref Proc: 0.0 ms]
      [Ref Enq: 0.0 ms]
      [Redirty Cards: 0.0 ms]
      [Humongous Register: 0.0 ms]
      [Humongous Reclaim: 0.0 ms]
      [Free CSet: 0.1 ms]
   [Eden: 35.0M(35.0M)->0.0B(35.0M) Survivors: 5120.0K->5120.0K Heap: 773.5M(804.0M)->738.5M(804.0M)]
 [Times: user=0.00 sys=0.00, real=0.01 secs] 
2016-06-27T20:25:43.638+0300: 45.910: Total time for which application threads were stopped: 0.0074275 seconds, Stopping threads took: 0.0015378 seconds
2016-06-27T20:25:43.932+0300: 46.204: [GC pause (G1 Evacuation Pause) (young)
Desired survivor size 2621440 bytes, new threshold 1 (max 15)
- age   1:    5139160 bytes,    5139160 total
, 0.0042894 secs]
   [Parallel Time: 3.8 ms, GC Workers: 4]
      [GC Worker Start (ms): Min: 46204.1, Avg: 46204.1, Max: 46204.1, Diff: 0.0]
      [Ext Root Scanning (ms): Min: 0.5, Avg: 0.6, Max: 0.6, Diff: 0.1, Sum: 2.2]
      [Update RS (ms): Min: 1.5, Avg: 1.6, Max: 2.1, Diff: 0.6, Sum: 6.5]
         [Processed Buffers: Min: 2, Avg: 7.5, Max: 19, Diff: 17, Sum: 30]
      [Scan RS (ms): Min: 0.0, Avg: 0.0, Max: 0.0, Diff: 0.0, Sum: 0.0]
      [Code Root Scanning (ms): Min: 0.0, Avg: 0.0, Max: 0.0, Diff: 0.0, Sum: 0.0]
      [Object Copy (ms): Min: 1.1, Avg: 1.5, Max: 1.7, Diff: 0.6, Sum: 6.0]
      [Termination (ms): Min: 0.0, Avg: 0.0, Max: 0.0, Diff: 0.0, Sum: 0.0]
         [Termination Attempts: Min: 1, Avg: 1.3, Max: 2, Diff: 1, Sum: 5]
      [GC Worker Other (ms): Min: 0.0, Avg: 0.0, Max: 0.0, Diff: 0.0, Sum: 0.1]
      [GC Worker Total (ms): Min: 3.7, Avg: 3.7, Max: 3.7, Diff: 0.0, Sum: 14.9]
      [GC Worker End (ms): Min: 46207.8, Avg: 46207.8, Max: 46207.8, Diff: 0.0]
   [Code Root Fixup: 0.0 ms]
   [Code Root Purge: 0.0 ms]
   [Clear CT: 0.1 ms]
   [Other: 0.5 ms]
      [Choose CSet: 0.0 ms]
      [Ref Proc: 0.1 ms]
      [Ref Enq: 0.0 ms]
      [Redirty Cards: 0.0 ms]
      [Humongous Register: 0.0 ms]
      [Humongous Reclaim: 0.0 ms]
      [Free CSet: 0.1 ms]
   [Eden: 35.0M(35.0M)->0.0B(35.0M) Survivors: 5120.0K->5120.0K Heap: 773.5M(804.0M)->745.5M(804.0M)]
 [Times: user=0.00 sys=0.00, real=0.00 secs] 
2016-06-27T20:25:43.936+0300: 46.208: Total time for which application threads were stopped: 0.0076311 seconds, Stopping threads took: 0.0027502 seconds
2016-06-27T20:25:44.230+0300: 46.502: [GC pause (G1 Evacuation Pause) (young) (initial-mark)
Desired survivor size 2621440 bytes, new threshold 1 (max 15)
- age   1:    5144256 bytes,    5144256 total
, 0.0035196 secs]
   [Parallel Time: 2.9 ms, GC Workers: 4]
      [GC Worker Start (ms): Min: 46502.2, Avg: 46502.2, Max: 46502.3, Diff: 0.1]
      [Ext Root Scanning (ms): Min: 0.5, Avg: 0.6, Max: 0.7, Diff: 0.2, Sum: 2.4]
      [Update RS (ms): Min: 0.4, Avg: 0.5, Max: 0.6, Diff: 0.2, Sum: 2.2]
         [Processed Buffers: Min: 2, Avg: 8.3, Max: 16, Diff: 14, Sum: 33]
      [Scan RS (ms): Min: 0.0, Avg: 0.0, Max: 0.0, Diff: 0.0, Sum: 0.0]
      [Code Root Scanning (ms): Min: 0.0, Avg: 0.0, Max: 0.0, Diff: 0.0, Sum: 0.0]
      [Object Copy (ms): Min: 1.6, Avg: 1.7, Max: 1.8, Diff: 0.2, Sum: 6.8]
      [Termination (ms): Min: 0.0, Avg: 0.0, Max: 0.0, Diff: 0.0, Sum: 0.0]
         [Termination Attempts: Min: 1, Avg: 1.0, Max: 1, Diff: 0, Sum: 4]
      [GC Worker Other (ms): Min: 0.0, Avg: 0.0, Max: 0.0, Diff: 0.0, Sum: 0.0]
      [GC Worker Total (ms): Min: 2.8, Avg: 2.9, Max: 2.9, Diff: 0.1, Sum: 11.5]
      [GC Worker End (ms): Min: 46505.1, Avg: 46505.1, Max: 46505.1, Diff: 0.0]
   [Code Root Fixup: 0.0 ms]
   [Code Root Purge: 0.0 ms]
   [Clear CT: 0.0 ms]
   [Other: 0.6 ms]
      [Choose CSet: 0.0 ms]
      [Ref Proc: 0.1 ms]
      [Ref Enq: 0.0 ms]
      [Redirty Cards: 0.0 ms]
      [Humongous Register: 0.0 ms]
      [Humongous Reclaim: 0.0 ms]
      [Free CSet: 0.1 ms]
   [Eden: 35.0M(35.0M)->0.0B(35.0M) Survivors: 5120.0K->5120.0K Heap: 780.5M(804.0M)->753.0M(804.0M)]
 [Times: user=0.00 sys=0.00, real=0.00 secs] 
2016-06-27T20:25:44.234+0300: 46.506: [GC concurrent-root-region-scan-start]
2016-06-27T20:25:44.234+0300: 46.506: Total time for which application threads were stopped: 0.0064093 seconds, Stopping threads took: 0.0022572 seconds
2016-06-27T20:25:44.234+0300: 46.506: [GC concurrent-root-region-scan-end, 0.0005474 secs]
2016-06-27T20:25:44.234+0300: 46.506: [GC concurrent-mark-start]
2016-06-27T20:25:44.287+0300: 46.559: [GC concurrent-mark-end, 0.0513878 secs]
2016-06-27T20:25:44.309+0300: 46.581: [GC remark 2016-06-27T20:25:44.309+0300: 46.581: [Finalize Marking, 0.0001723 secs] 2016-06-27T20:25:44.309+0300: 46.581: [GC ref-proc, 0.0000898 secs] 2016-06-27T20:25:44.309+0300: 46.581: [Unloading, 0.0012120 secs], 0.0047705 secs]
 [Times: user=0.00 sys=0.00, real=0.00 secs] 
2016-06-27T20:25:44.314+0300: 46.586: Total time for which application threads were stopped: 0.0096954 seconds, Stopping threads took: 0.0044395 seconds
2016-06-27T20:25:44.314+0300: 46.587: [GC cleanup 763M->763M(804M), 0.0014130 secs]
 [Times: user=0.00 sys=0.00, real=0.00 secs] 
2016-06-27T20:25:44.316+0300: 46.588: Total time for which application threads were stopped: 0.0020027 seconds, Stopping threads took: 0.0001103 seconds
2016-06-27T20:25:44.525+0300: 46.797: [GC pause (G1 Evacuation Pause) (young)
Desired survivor size 2621440 bytes, new threshold 1 (max 15)
- age   1:    4996536 bytes,    4996536 total
, 0.0033237 secs]
   [Parallel Time: 2.9 ms, GC Workers: 4]
      [GC Worker Start (ms): Min: 46797.3, Avg: 46797.3, Max: 46797.3, Diff: 0.0]
      [Ext Root Scanning (ms): Min: 0.5, Avg: 0.6, Max: 0.6, Diff: 0.1, Sum: 2.2]
      [Update RS (ms): Min: 0.4, Avg: 0.4, Max: 0.5, Diff: 0.2, Sum: 1.7]
         [Processed Buffers: Min: 1, Avg: 6.0, Max: 20, Diff: 19, Sum: 24]
      [Scan RS (ms): Min: 0.0, Avg: 0.0, Max: 0.0, Diff: 0.0, Sum: 0.0]
      [Code Root Scanning (ms): Min: 0.0, Avg: 0.0, Max: 0.0, Diff: 0.0, Sum: 0.0]
      [Object Copy (ms): Min: 1.8, Avg: 1.8, Max: 1.8, Diff: 0.1, Sum: 7.3]
      [Termination (ms): Min: 0.0, Avg: 0.0, Max: 0.0, Diff: 0.0, Sum: 0.0]
         [Termination Attempts: Min: 1, Avg: 1.0, Max: 1, Diff: 0, Sum: 4]
      [GC Worker Other (ms): Min: 0.0, Avg: 0.0, Max: 0.0, Diff: 0.0, Sum: 0.0]
      [GC Worker Total (ms): Min: 2.8, Avg: 2.8, Max: 2.8, Diff: 0.0, Sum: 11.3]
      [GC Worker End (ms): Min: 46800.2, Avg: 46800.2, Max: 46800.2, Diff: 0.0]
   [Code Root Fixup: 0.0 ms]
   [Code Root Purge: 0.0 ms]
   [Clear CT: 0.0 ms]
   [Other: 0.4 ms]
      [Choose CSet: 0.0 ms]
      [Ref Proc: 0.0 ms]
      [Ref Enq: 0.0 ms]
      [Redirty Cards: 0.0 ms]
      [Humongous Register: 0.0 ms]
      [Humongous Reclaim: 0.0 ms]
      [Free CSet: 0.1 ms]
   [Eden: 35.0M(35.0M)->0.0B(35.0M) Survivors: 5120.0K->5120.0K Heap: 788.0M(804.0M)->760.0M(804.0M)]
 [Times: user=0.00 sys=0.00, real=0.00 secs] 
2016-06-27T20:25:44.529+0300: 46.801: Total time for which application threads were stopped: 0.0066624 seconds, Stopping threads took: 0.0027143 seconds
2016-06-27T20:25:44.825+0300: 47.098: [GC pause (G1 Evacuation Pause) (mixed)
Desired survivor size 2621440 bytes, new threshold 1 (max 15)
- age   1:    5175240 bytes,    5175240 total
, 0.0120983 secs]
   [Parallel Time: 11.2 ms, GC Workers: 4]
      [GC Worker Start (ms): Min: 47097.7, Avg: 47097.7, Max: 47097.8, Diff: 0.0]
      [Ext Root Scanning (ms): Min: 0.5, Avg: 0.5, Max: 0.7, Diff: 0.2, Sum: 2.1]
      [Update RS (ms): Min: 0.3, Avg: 0.5, Max: 0.6, Diff: 0.3, Sum: 1.8]
         [Processed Buffers: Min: 1, Avg: 8.0, Max: 18, Diff: 17, Sum: 32]
      [Scan RS (ms): Min: 1.4, Avg: 1.5, Max: 1.6, Diff: 0.2, Sum: 6.2]
      [Code Root Scanning (ms): Min: 0.0, Avg: 0.0, Max: 0.0, Diff: 0.0, Sum: 0.0]
      [Object Copy (ms): Min: 8.5, Avg: 8.6, Max: 8.6, Diff: 0.1, Sum: 34.2]
      [Termination (ms): Min: 0.0, Avg: 0.0, Max: 0.0, Diff: 0.0, Sum: 0.0]
         [Termination Attempts: Min: 1, Avg: 2.0, Max: 5, Diff: 4, Sum: 8]
      [GC Worker Other (ms): Min: 0.0, Avg: 0.0, Max: 0.0, Diff: 0.0, Sum: 0.0]
      [GC Worker Total (ms): Min: 11.1, Avg: 11.1, Max: 11.1, Diff: 0.0, Sum: 44.5]
      [GC Worker End (ms): Min: 47108.9, Avg: 47108.9, Max: 47108.9, Diff: 0.0]
   [Code Root Fixup: 0.0 ms]
   [Code Root Purge: 0.0 ms]
   [Clear CT: 0.2 ms]
   [Other: 0.8 ms]
      [Choose CSet: 0.1 ms]
      [Ref Proc: 0.0 ms]
      [Ref Enq: 0.0 ms]
      [Redirty Cards: 0.1 ms]
      [Humongous Register: 0.0 ms]
      [Humongous Reclaim: 0.0 ms]
      [Free CSet: 0.2 ms]
   [Eden: 35.0M(35.0M)->0.0B(36.0M) Survivors: 5120.0K->5120.0K Heap: 795.0M(804.0M)->752.0M(838.0M)]
 [Times: user=0.05 sys=0.02, real=0.01 secs] 
2016-06-27T20:25:44.838+0300: 47.110: Total time for which application threads were stopped: 0.0153211 seconds, Stopping threads took: 0.0025664 seconds
2016-06-27T20:25:45.146+0300: 47.418: [GC pause (G1 Evacuation Pause) (young)
Desired survivor size 3145728 bytes, new threshold 1 (max 15)
- age   1:    4765344 bytes,    4765344 total
, 0.0073433 secs]
   [Parallel Time: 6.8 ms, GC Workers: 4]
      [GC Worker Start (ms): Min: 47418.2, Avg: 47418.2, Max: 47418.2, Diff: 0.0]
      [Ext Root Scanning (ms): Min: 0.5, Avg: 0.5, Max: 0.6, Diff: 0.1, Sum: 2.1]
      [Update RS (ms): Min: 4.5, Avg: 4.6, Max: 4.7, Diff: 0.1, Sum: 18.4]
         [Processed Buffers: Min: 5, Avg: 12.8, Max: 30, Diff: 25, Sum: 51]
      [Scan RS (ms): Min: 0.0, Avg: 0.0, Max: 0.0, Diff: 0.0, Sum: 0.0]
      [Code Root Scanning (ms): Min: 0.0, Avg: 0.0, Max: 0.0, Diff: 0.0, Sum: 0.0]
      [Object Copy (ms): Min: 1.5, Avg: 1.6, Max: 1.7, Diff: 0.2, Sum: 6.6]
      [Termination (ms): Min: 0.0, Avg: 0.0, Max: 0.0, Diff: 0.0, Sum: 0.0]
         [Termination Attempts: Min: 1, Avg: 1.0, Max: 1, Diff: 0, Sum: 4]
      [GC Worker Other (ms): Min: 0.0, Avg: 0.0, Max: 0.0, Diff: 0.0, Sum: 0.1]
      [GC Worker Total (ms): Min: 6.8, Avg: 6.8, Max: 6.8, Diff: 0.0, Sum: 27.2]
      [GC Worker End (ms): Min: 47425.0, Avg: 47425.0, Max: 47425.0, Diff: 0.0]
   [Code Root Fixup: 0.0 ms]
   [Code Root Purge: 0.0 ms]
   [Clear CT: 0.0 ms]
   [Other: 0.5 ms]
      [Choose CSet: 0.0 ms]
      [Ref Proc: 0.0 ms]
      [Ref Enq: 0.0 ms]
      [Redirty Cards: 0.0 ms]
      [Humongous Register: 0.0 ms]
      [Humongous Reclaim: 0.0 ms]
      [Free CSet: 0.1 ms]
   [Eden: 36.0M(36.0M)->0.0B(35.0M) Survivors: 5120.0K->6144.0K Heap: 788.0M(838.0M)->759.0M(838.0M)]
 [Times: user=0.00 sys=0.00, real=0.01 secs] 
2016-06-27T20:25:45.154+0300: 47.426: Total time for which application threads were stopped: 0.0112896 seconds, Stopping threads took: 0.0032609 seconds
2016-06-27T20:25:45.452+0300: 47.724: [GC pause (G1 Evacuation Pause) (young) (initial-mark)
Desired survivor size 3145728 bytes, new threshold 1 (max 15)
- age   1:    6051792 bytes,    6051792 total
, 0.0034909 secs]
   [Parallel Time: 2.9 ms, GC Workers: 4]
      [GC Worker Start (ms): Min: 47724.1, Avg: 47724.1, Max: 47724.2, Diff: 0.0]
      [Ext Root Scanning (ms): Min: 0.5, Avg: 0.6, Max: 0.7, Diff: 0.2, Sum: 2.2]
      [Update RS (ms): Min: 0.4, Avg: 0.4, Max: 0.5, Diff: 0.1, Sum: 1.8]
         [Processed Buffers: Min: 2, Avg: 7.8, Max: 17, Diff: 15, Sum: 31]
      [Scan RS (ms): Min: 0.0, Avg: 0.0, Max: 0.0, Diff: 0.0, Sum: 0.0]
      [Code Root Scanning (ms): Min: 0.0, Avg: 0.0, Max: 0.0, Diff: 0.0, Sum: 0.0]
      [Object Copy (ms): Min: 1.6, Avg: 1.8, Max: 1.9, Diff: 0.3, Sum: 7.3]
      [Termination (ms): Min: 0.0, Avg: 0.0, Max: 0.0, Diff: 0.0, Sum: 0.0]
         [Termination Attempts: Min: 1, Avg: 1.0, Max: 1, Diff: 0, Sum: 4]
      [GC Worker Other (ms): Min: 0.0, Avg: 0.0, Max: 0.0, Diff: 0.0, Sum: 0.0]
      [GC Worker Total (ms): Min: 2.8, Avg: 2.8, Max: 2.8, Diff: 0.0, Sum: 11.3]
      [GC Worker End (ms): Min: 47727.0, Avg: 47727.0, Max: 47727.0, Diff: 0.0]
   [Code Root Fixup: 0.0 ms]
   [Code Root Purge: 0.0 ms]
   [Clear CT: 0.0 ms]
   [Other: 0.6 ms]
      [Choose CSet: 0.0 ms]
      [Ref Proc: 0.1 ms]
      [Ref Enq: 0.0 ms]
      [Redirty Cards: 0.0 ms]
      [Humongous Register: 0.0 ms]
      [Humongous Reclaim: 0.0 ms]
      [Free CSet: 0.1 ms]
   [Eden: 35.0M(35.0M)->0.0B(35.0M) Survivors: 6144.0K->6144.0K Heap: 794.0M(838.0M)->766.0M(838.0M)]
 [Times: user=0.00 sys=0.00, real=0.00 secs] 
2016-06-27T20:25:45.456+0300: 47.728: [GC concurrent-root-region-scan-start]
2016-06-27T20:25:45.456+0300: 47.728: Total time for which application threads were stopped: 0.0068057 seconds, Stopping threads took: 0.0026309 seconds
2016-06-27T20:25:45.456+0300: 47.728: [GC concurrent-root-region-scan-end, 0.0005470 secs]
2016-06-27T20:25:45.456+0300: 47.728: [GC concurrent-mark-start]
2016-06-27T20:25:45.503+0300: 47.776: [GC concurrent-mark-end, 0.0473324 secs]
2016-06-27T20:25:45.526+0300: 47.799: [GC remark 2016-06-27T20:25:45.526+0300: 47.799: [Finalize Marking, 0.0002001 secs] 2016-06-27T20:25:45.527+0300: 47.799: [GC ref-proc, 0.0000894 secs] 2016-06-27T20:25:45.527+0300: 47.799: [Unloading, 0.0012693 secs], 0.0050412 secs]
 [Times: user=0.00 sys=0.00, real=0.01 secs] 
2016-06-27T20:25:45.532+0300: 47.804: Total time for which application threads were stopped: 0.0080600 seconds, Stopping threads took: 0.0025052 seconds
2016-06-27T20:25:45.533+0300: 47.805: [GC cleanup 777M->777M(838M), 0.0014194 secs]
 [Times: user=0.00 sys=0.00, real=0.00 secs] 
2016-06-27T20:25:45.535+0300: 47.807: Total time for which application threads were stopped: 0.0020420 seconds, Stopping threads took: 0.0000911 seconds
2016-06-27T20:25:45.731+0300: 48.004: [GC pause (G1 Evacuation Pause) (young)
Desired survivor size 3145728 bytes, new threshold 1 (max 15)
- age   1:    5870472 bytes,    5870472 total
, 0.0032604 secs]
   [Parallel Time: 2.7 ms, GC Workers: 4]
      [GC Worker Start (ms): Min: 48003.8, Avg: 48003.8, Max: 48003.8, Diff: 0.0]
      [Ext Root Scanning (ms): Min: 0.4, Avg: 0.5, Max: 0.6, Diff: 0.1, Sum: 2.0]
      [Update RS (ms): Min: 0.4, Avg: 0.4, Max: 0.4, Diff: 0.0, Sum: 1.7]
         [Processed Buffers: Min: 1, Avg: 6.0, Max: 17, Diff: 16, Sum: 24]
      [Scan RS (ms): Min: 0.0, Avg: 0.0, Max: 0.0, Diff: 0.0, Sum: 0.0]
      [Code Root Scanning (ms): Min: 0.0, Avg: 0.0, Max: 0.0, Diff: 0.0, Sum: 0.0]
      [Object Copy (ms): Min: 1.7, Avg: 1.7, Max: 1.8, Diff: 0.1, Sum: 6.9]
      [Termination (ms): Min: 0.0, Avg: 0.0, Max: 0.0, Diff: 0.0, Sum: 0.0]
         [Termination Attempts: Min: 1, Avg: 1.0, Max: 1, Diff: 0, Sum: 4]
      [GC Worker Other (ms): Min: 0.0, Avg: 0.0, Max: 0.0, Diff: 0.0, Sum: 0.1]
      [GC Worker Total (ms): Min: 2.7, Avg: 2.7, Max: 2.7, Diff: 0.0, Sum: 10.7]
      [GC Worker End (ms): Min: 48006.5, Avg: 48006.5, Max: 48006.5, Diff: 0.0]
   [Code Root Fixup: 0.0 ms]
   [Code Root Purge: 0.0 ms]
   [Clear CT: 0.0 ms]
   [Other: 0.5 ms]
      [Choose CSet: 0.0 ms]
      [Ref Proc: 0.1 ms]
      [Ref Enq: 0.0 ms]
      [Redirty Cards: 0.0 ms]
      [Humongous Register: 0.0 ms]
      [Humongous Reclaim: 0.0 ms]
      [Free CSet: 0.1 ms]
   [Eden: 35.0M(35.0M)->0.0B(35.0M) Survivors: 6144.0K->6144.0K Heap: 801.0M(838.0M)->773.0M(838.0M)]
 [Times: user=0.00 sys=0.00, real=0.00 secs] 
2016-06-27T20:25:45.735+0300: 48.007: Total time for which application threads were stopped: 0.0072051 seconds, Stopping threads took: 0.0033408 seconds
2016-06-27T20:25:46.033+0300: 48.305: [GC pause (G1 Evacuation Pause) (mixed)
Desired survivor size 3145728 bytes, new threshold 1 (max 15)
- age   1:    5585568 bytes,    5585568 total
, 0.0059063 secs]
   [Parallel Time: 5.2 ms, GC Workers: 4]
      [GC Worker Start (ms): Min: 48304.9, Avg: 48305.0, Max: 48305.0, Diff: 0.0]
      [Ext Root Scanning (ms): Min: 0.5, Avg: 0.5, Max: 0.6, Diff: 0.2, Sum: 2.1]
      [Update RS (ms): Min: 0.4, Avg: 0.5, Max: 0.6, Diff: 0.2, Sum: 1.9]
         [Processed Buffers: Min: 1, Avg: 7.5, Max: 21, Diff: 20, Sum: 30]
      [Scan RS (ms): Min: 0.2, Avg: 0.3, Max: 0.4, Diff: 0.2, Sum: 1.3]
      [Code Root Scanning (ms): Min: 0.0, Avg: 0.0, Max: 0.0, Diff: 0.0, Sum: 0.0]
      [Object Copy (ms): Min: 3.8, Avg: 3.9, Max: 3.9, Diff: 0.1, Sum: 15.5]
      [Termination (ms): Min: 0.0, Avg: 0.0, Max: 0.0, Diff: 0.0, Sum: 0.0]
         [Termination Attempts: Min: 1, Avg: 1.0, Max: 1, Diff: 0, Sum: 4]
      [GC Worker Other (ms): Min: 0.0, Avg: 0.0, Max: 0.0, Diff: 0.0, Sum: 0.0]
      [GC Worker Total (ms): Min: 5.2, Avg: 5.2, Max: 5.2, Diff: 0.0, Sum: 20.8]
      [GC Worker End (ms): Min: 48310.1, Avg: 48310.1, Max: 48310.1, Diff: 0.0]
   [Code Root Fixup: 0.0 ms]
   [Code Root Purge: 0.0 ms]
   [Clear CT: 0.1 ms]
   [Other: 0.6 ms]
      [Choose CSet: 0.0 ms]
      [Ref Proc: 0.1 ms]
      [Ref Enq: 0.0 ms]
      [Redirty Cards: 0.0 ms]
      [Humongous Register: 0.0 ms]
      [Humongous Reclaim: 0.0 ms]
      [Free CSet: 0.1 ms]
   [Eden: 35.0M(35.0M)->0.0B(35.0M) Survivors: 6144.0K->6144.0K Heap: 808.0M(838.0M)->772.5M(838.0M)]
 [Times: user=0.06 sys=0.00, real=0.01 secs] 
2016-06-27T20:25:46.039+0300: 48.311: Total time for which application threads were stopped: 0.0078868 seconds, Stopping threads took: 0.0013424 seconds
2016-06-27T20:25:46.333+0300: 48.605: [GC pause (G1 Evacuation Pause) (young)
Desired survivor size 3145728 bytes, new threshold 1 (max 15)
- age   1:    5995072 bytes,    5995072 total
, 0.0044964 secs]
   [Parallel Time: 3.9 ms, GC Workers: 4]
      [GC Worker Start (ms): Min: 48605.6, Avg: 48605.6, Max: 48605.6, Diff: 0.0]
      [Ext Root Scanning (ms): Min: 0.5, Avg: 0.6, Max: 0.6, Diff: 0.1, Sum: 2.2]
      [Update RS (ms): Min: 1.4, Avg: 1.6, Max: 1.7, Diff: 0.3, Sum: 6.2]
         [Processed Buffers: Min: 2, Avg: 9.5, Max: 19, Diff: 17, Sum: 38]
      [Scan RS (ms): Min: 0.0, Avg: 0.0, Max: 0.0, Diff: 0.0, Sum: 0.0]
      [Code Root Scanning (ms): Min: 0.0, Avg: 0.0, Max: 0.0, Diff: 0.0, Sum: 0.0]
      [Object Copy (ms): Min: 1.6, Avg: 1.7, Max: 1.8, Diff: 0.2, Sum: 6.9]
      [Termination (ms): Min: 0.0, Avg: 0.0, Max: 0.0, Diff: 0.0, Sum: 0.0]
         [Termination Attempts: Min: 1, Avg: 1.0, Max: 1, Diff: 0, Sum: 4]
      [GC Worker Other (ms): Min: 0.0, Avg: 0.0, Max: 0.0, Diff: 0.0, Sum: 0.1]
      [GC Worker Total (ms): Min: 3.9, Avg: 3.9, Max: 3.9, Diff: 0.0, Sum: 15.5]
      [GC Worker End (ms): Min: 48609.5, Avg: 48609.5, Max: 48609.5, Diff: 0.0]
   [Code Root Fixup: 0.0 ms]
   [Code Root Purge: 0.0 ms]
   [Clear CT: 0.1 ms]
   [Other: 0.5 ms]
      [Choose CSet: 0.0 ms]
      [Ref Proc: 0.1 ms]
      [Ref Enq: 0.0 ms]
      [Redirty Cards: 0.0 ms]
      [Humongous Register: 0.0 ms]
      [Humongous Reclaim: 0.0 ms]
      [Free CSet: 0.1 ms]
   [Eden: 35.0M(35.0M)->0.0B(35.0M) Survivors: 6144.0K->6144.0K Heap: 807.5M(838.0M)->779.5M(838.0M)]
 [Times: user=0.00 sys=0.00, real=0.01 secs] 
2016-06-27T20:25:46.338+0300: 48.610: Total time for which application threads were stopped: 0.0063220 seconds, Stopping threads took: 0.0011649 seconds
2016-06-27T20:25:46.613+0300: 48.885: Total time for which application threads were stopped: 0.0022255 seconds, Stopping threads took: 0.0017778 seconds
2016-06-27T20:25:46.613+0300: 48.885: Total time for which application threads were stopped: 0.0004687 seconds, Stopping threads took: 0.0000483 seconds
2016-06-27T20:25:46.634+0300: 48.906: [GC pause (G1 Evacuation Pause) (young) (initial-mark)
Desired survivor size 3145728 bytes, new threshold 1 (max 15)
- age   1:    6025952 bytes,    6025952 total
, 0.0035393 secs]
   [Parallel Time: 2.9 ms, GC Workers: 4]
      [GC Worker Start (ms): Min: 48906.4, Avg: 48906.5, Max: 48906.5, Diff: 0.0]
      [Ext Root Scanning (ms): Min: 0.4, Avg: 0.5, Max: 0.6, Diff: 0.2, Sum: 2.1]
      [Update RS (ms): Min: 0.4, Avg: 0.5, Max: 0.6, Diff: 0.3, Sum: 2.0]
         [Processed Buffers: Min: 1, Avg: 8.5, Max: 22, Diff: 21, Sum: 34]
      [Scan RS (ms): Min: 0.0, Avg: 0.0, Max: 0.0, Diff: 0.0, Sum: 0.0]
      [Code Root Scanning (ms): Min: 0.0, Avg: 0.0, Max: 0.0, Diff: 0.0, Sum: 0.0]
      [Object Copy (ms): Min: 1.7, Avg: 1.8, Max: 1.9, Diff: 0.2, Sum: 7.3]
      [Termination (ms): Min: 0.0, Avg: 0.0, Max: 0.0, Diff: 0.0, Sum: 0.0]
         [Termination Attempts: Min: 1, Avg: 1.0, Max: 1, Diff: 0, Sum: 4]
      [GC Worker Other (ms): Min: 0.0, Avg: 0.0, Max: 0.0, Diff: 0.0, Sum: 0.0]
      [GC Worker Total (ms): Min: 2.9, Avg: 2.9, Max: 2.9, Diff: 0.0, Sum: 11.6]
      [GC Worker End (ms): Min: 48909.3, Avg: 48909.3, Max: 48909.3, Diff: 0.0]
   [Code Root Fixup: 0.0 ms]
   [Code Root Purge: 0.0 ms]
   [Clear CT: 0.1 ms]
   [Other: 0.6 ms]
      [Choose CSet: 0.0 ms]
      [Ref Proc: 0.0 ms]
      [Ref Enq: 0.0 ms]
      [Redirty Cards: 0.0 ms]
      [Humongous Register: 0.0 ms]
      [Humongous Reclaim: 0.0 ms]
      [Free CSet: 0.0 ms]
   [Eden: 35.0M(35.0M)->0.0B(35.0M) Survivors: 6144.0K->6144.0K Heap: 814.5M(838.0M)->786.5M(838.0M)]
 [Times: user=0.00 sys=0.00, real=0.00 secs] 
2016-06-27T20:25:46.638+0300: 48.910: [GC concurrent-root-region-scan-start]
2016-06-27T20:25:46.638+0300: 48.910: Total time for which application threads were stopped: 0.0041179 seconds, Stopping threads took: 0.0000535 seconds
2016-06-27T20:25:46.639+0300: 48.911: [GC concurrent-root-region-scan-end, 0.0005897 secs]
2016-06-27T20:25:46.639+0300: 48.911: [GC concurrent-mark-start]
2016-06-27T20:25:46.687+0300: 48.959: [GC concurrent-mark-end, 0.0487868 secs]
2016-06-27T20:25:46.694+0300: 48.966: [GC remark 2016-06-27T20:25:46.694+0300: 48.966: [Finalize Marking, 0.0001835 secs] 2016-06-27T20:25:46.694+0300: 48.966: [GC ref-proc, 0.0000838 secs] 2016-06-27T20:25:46.694+0300: 48.966: [Unloading, 0.0011512 secs], 0.0048620 secs]
 [Times: user=0.00 sys=0.00, real=0.00 secs] 
2016-06-27T20:25:46.699+0300: 48.971: Total time for which application threads were stopped: 0.0057139 seconds, Stopping threads took: 0.0004807 seconds
2016-06-27T20:25:46.699+0300: 48.971: [GC cleanup 795M->795M(838M), 0.0014468 secs]
 [Times: user=0.00 sys=0.00, real=0.00 secs] 
2016-06-27T20:25:46.701+0300: 48.973: Total time for which application threads were stopped: 0.0018500 seconds, Stopping threads took: 0.0000393 seconds
2016-06-27T20:25:46.911+0300: 49.184: [GC pause (G1 Evacuation Pause) (young)
Desired survivor size 3145728 bytes, new threshold 1 (max 15)
- age   1:    5989816 bytes,    5989816 total
, 0.0033434 secs]
   [Parallel Time: 2.8 ms, GC Workers: 4]
      [GC Worker Start (ms): Min: 49183.7, Avg: 49183.7, Max: 49183.7, Diff: 0.0]
      [Ext Root Scanning (ms): Min: 0.4, Avg: 0.5, Max: 0.6, Diff: 0.1, Sum: 1.9]
      [Update RS (ms): Min: 0.4, Avg: 0.5, Max: 0.6, Diff: 0.2, Sum: 1.9]
         [Processed Buffers: Min: 1, Avg: 5.0, Max: 13, Diff: 12, Sum: 20]
      [Scan RS (ms): Min: 0.0, Avg: 0.0, Max: 0.0, Diff: 0.0, Sum: 0.0]
      [Code Root Scanning (ms): Min: 0.0, Avg: 0.0, Max: 0.0, Diff: 0.0, Sum: 0.0]
      [Object Copy (ms): Min: 1.7, Avg: 1.8, Max: 1.8, Diff: 0.1, Sum: 7.1]
      [Termination (ms): Min: 0.0, Avg: 0.0, Max: 0.0, Diff: 0.0, Sum: 0.0]
         [Termination Attempts: Min: 1, Avg: 1.0, Max: 1, Diff: 0, Sum: 4]
      [GC Worker Other (ms): Min: 0.0, Avg: 0.0, Max: 0.0, Diff: 0.0, Sum: 0.0]
      [GC Worker Total (ms): Min: 2.7, Avg: 2.7, Max: 2.7, Diff: 0.0, Sum: 10.9]
      [GC Worker End (ms): Min: 49186.4, Avg: 49186.4, Max: 49186.4, Diff: 0.0]
   [Code Root Fixup: 0.0 ms]
   [Code Root Purge: 0.0 ms]
   [Clear CT: 0.0 ms]
   [Other: 0.5 ms]
      [Choose CSet: 0.0 ms]
      [Ref Proc: 0.1 ms]
      [Ref Enq: 0.0 ms]
      [Redirty Cards: 0.0 ms]
      [Humongous Register: 0.0 ms]
      [Humongous Reclaim: 0.0 ms]
      [Free CSet: 0.1 ms]
   [Eden: 35.0M(35.0M)->0.0B(35.0M) Survivors: 6144.0K->6144.0K Heap: 821.5M(838.0M)->793.0M(838.0M)]
 [Times: user=0.00 sys=0.00, real=0.00 secs] 
2016-06-27T20:25:46.915+0300: 49.187: Total time for which application threads were stopped: 0.0056810 seconds, Stopping threads took: 0.0017559 seconds
2016-06-27T20:25:47.089+0300: 49.361: Total time for which application threads were stopped: 0.0016790 seconds, Stopping threads took: 0.0013514 seconds
2016-06-27T20:25:47.211+0300: 49.483: [GC pause (G1 Evacuation Pause) (mixed)
Desired survivor size 3145728 bytes, new threshold 1 (max 15)
- age   1:    6034920 bytes,    6034920 total
, 0.0099344 secs]
   [Parallel Time: 9.2 ms, GC Workers: 4]
      [GC Worker Start (ms): Min: 49483.2, Avg: 49483.2, Max: 49483.2, Diff: 0.0]
      [Ext Root Scanning (ms): Min: 0.4, Avg: 0.5, Max: 0.6, Diff: 0.2, Sum: 2.0]
      [Update RS (ms): Min: 0.5, Avg: 0.5, Max: 0.6, Diff: 0.1, Sum: 2.1]
         [Processed Buffers: Min: 1, Avg: 5.5, Max: 13, Diff: 12, Sum: 22]
      [Scan RS (ms): Min: 0.8, Avg: 0.9, Max: 0.9, Diff: 0.0, Sum: 3.4]
      [Code Root Scanning (ms): Min: 0.0, Avg: 0.0, Max: 0.0, Diff: 0.0, Sum: 0.0]
      [Object Copy (ms): Min: 7.1, Avg: 7.2, Max: 7.3, Diff: 0.1, Sum: 28.8]
      [Termination (ms): Min: 0.0, Avg: 0.0, Max: 0.0, Diff: 0.0, Sum: 0.1]
         [Termination Attempts: Min: 1, Avg: 1.0, Max: 1, Diff: 0, Sum: 4]
      [GC Worker Other (ms): Min: 0.0, Avg: 0.0, Max: 0.0, Diff: 0.0, Sum: 0.0]
      [GC Worker Total (ms): Min: 9.1, Avg: 9.1, Max: 9.1, Diff: 0.0, Sum: 36.5]
      [GC Worker End (ms): Min: 49492.4, Avg: 49492.4, Max: 49492.4, Diff: 0.0]
   [Code Root Fixup: 0.0 ms]
   [Code Root Purge: 0.0 ms]
   [Clear CT: 0.1 ms]
   [Other: 0.6 ms]
      [Choose CSet: 0.1 ms]
      [Ref Proc: 0.0 ms]
      [Ref Enq: 0.0 ms]
      [Redirty Cards: 0.0 ms]
      [Humongous Register: 0.0 ms]
      [Humongous Reclaim: 0.0 ms]
      [Free CSet: 0.2 ms]
   [Eden: 35.0M(35.0M)->0.0B(37.0M) Survivors: 6144.0K->6144.0K Heap: 828.0M(838.0M)->789.0M(865.0M)]
 [Times: user=0.00 sys=0.00, real=0.01 secs] 
2016-06-27T20:25:47.221+0300: 49.493: Total time for which application threads were stopped: 0.0167247 seconds, Stopping threads took: 0.0062425 seconds
2016-06-27T20:25:47.531+0300: 49.803: [GC pause (G1 Evacuation Pause) (young)
Desired survivor size 3145728 bytes, new threshold 1 (max 15)
- age   1:    5803792 bytes,    5803792 total
, 0.0060090 secs]
   [Parallel Time: 5.5 ms, GC Workers: 4]
      [GC Worker Start (ms): Min: 49802.8, Avg: 49802.8, Max: 49802.8, Diff: 0.0]
      [Ext Root Scanning (ms): Min: 0.5, Avg: 0.6, Max: 0.8, Diff: 0.3, Sum: 2.4]
      [Update RS (ms): Min: 3.0, Avg: 3.1, Max: 3.3, Diff: 0.3, Sum: 12.4]
         [Processed Buffers: Min: 4, Avg: 8.5, Max: 14, Diff: 10, Sum: 34]
      [Scan RS (ms): Min: 0.0, Avg: 0.0, Max: 0.0, Diff: 0.0, Sum: 0.0]
      [Code Root Scanning (ms): Min: 0.0, Avg: 0.0, Max: 0.0, Diff: 0.0, Sum: 0.0]
      [Object Copy (ms): Min: 1.6, Avg: 1.7, Max: 1.9, Diff: 0.3, Sum: 6.9]
      [Termination (ms): Min: 0.0, Avg: 0.0, Max: 0.0, Diff: 0.0, Sum: 0.0]
         [Termination Attempts: Min: 1, Avg: 1.0, Max: 1, Diff: 0, Sum: 4]
      [GC Worker Other (ms): Min: 0.0, Avg: 0.0, Max: 0.0, Diff: 0.0, Sum: 0.1]
      [GC Worker Total (ms): Min: 5.4, Avg: 5.4, Max: 5.5, Diff: 0.0, Sum: 21.8]
      [GC Worker End (ms): Min: 49808.2, Avg: 49808.2, Max: 49808.2, Diff: 0.0]
   [Code Root Fixup: 0.0 ms]
   [Code Root Purge: 0.0 ms]
   [Clear CT: 0.1 ms]
   [Other: 0.5 ms]
      [Choose CSet: 0.0 ms]
      [Ref Proc: 0.0 ms]
      [Ref Enq: 0.0 ms]
      [Redirty Cards: 0.1 ms]
      [Humongous Register: 0.0 ms]
      [Humongous Reclaim: 0.0 ms]
      [Free CSet: 0.1 ms]
   [Eden: 37.0M(37.0M)->0.0B(37.0M) Survivors: 6144.0K->6144.0K Heap: 826.0M(865.0M)->796.5M(865.0M)]
 [Times: user=0.06 sys=0.00, real=0.01 secs] 
2016-06-27T20:25:47.537+0300: 49.809: Total time for which application threads were stopped: 0.0092467 seconds, Stopping threads took: 0.0026814 seconds
2016-06-27T20:25:47.844+0300: 50.116: [GC pause (G1 Evacuation Pause) (young) (initial-mark)
Desired survivor size 3145728 bytes, new threshold 1 (max 15)
- age   1:    6065480 bytes,    6065480 total
, 0.0036842 secs]
   [Parallel Time: 3.1 ms, GC Workers: 4]
      [GC Worker Start (ms): Min: 50116.7, Avg: 50116.7, Max: 50116.7, Diff: 0.1]
      [Ext Root Scanning (ms): Min: 0.4, Avg: 0.5, Max: 0.7, Diff: 0.2, Sum: 2.2]
      [Update RS (ms): Min: 0.4, Avg: 0.6, Max: 1.1, Diff: 0.7, Sum: 2.6]
         [Processed Buffers: Min: 1, Avg: 7.0, Max: 23, Diff: 22, Sum: 28]
      [Scan RS (ms): Min: 0.0, Avg: 0.0, Max: 0.0, Diff: 0.0, Sum: 0.0]
      [Code Root Scanning (ms): Min: 0.0, Avg: 0.0, Max: 0.0, Diff: 0.0, Sum: 0.0]
      [Object Copy (ms): Min: 1.4, Avg: 1.8, Max: 2.0, Diff: 0.6, Sum: 7.1]
      [Termination (ms): Min: 0.0, Avg: 0.0, Max: 0.0, Diff: 0.0, Sum: 0.0]
         [Termination Attempts: Min: 1, Avg: 1.0, Max: 1, Diff: 0, Sum: 4]
      [GC Worker Other (ms): Min: 0.0, Avg: 0.0, Max: 0.0, Diff: 0.0, Sum: 0.1]
      [GC Worker Total (ms): Min: 3.0, Avg: 3.0, Max: 3.1, Diff: 0.1, Sum: 12.0]
      [GC Worker End (ms): Min: 50119.7, Avg: 50119.7, Max: 50119.7, Diff: 0.0]
   [Code Root Fixup: 0.0 ms]
   [Code Root Purge: 0.0 ms]
   [Clear CT: 0.0 ms]
   [Other: 0.6 ms]
      [Choose CSet: 0.0 ms]
      [Ref Proc: 0.1 ms]
      [Ref Enq: 0.0 ms]
      [Redirty Cards: 0.1 ms]
      [Humongous Register: 0.0 ms]
      [Humongous Reclaim: 0.0 ms]
      [Free CSet: 0.1 ms]
   [Eden: 37.0M(37.0M)->0.0B(37.0M) Survivors: 6144.0K->6144.0K Heap: 833.5M(865.0M)->803.0M(865.0M)]
 [Times: user=0.00 sys=0.02, real=0.00 secs] 
2016-06-27T20:25:47.848+03002016-06-27T20:25:47.848+0300: : 50.12050.120: : [GC concurrent-root-region-scan-start]
Total time for which application threads were stopped: 0.0127958 seconds, Stopping threads took: 0.0085501 seconds
2016-06-27T20:25:47.848+0300: 50.121: [GC concurrent-root-region-scan-end, 0.0004046 secs]
2016-06-27T20:25:47.848+0300: 50.121: [GC concurrent-mark-start]
2016-06-27T20:25:47.902+0300: 50.174: [GC concurrent-mark-end, 0.0534542 secs]
2016-06-27T20:25:47.945+0300: 50.217: [GC remark 2016-06-27T20:25:47.945+0300: 50.217: [Finalize Marking, 0.0002160 secs] 2016-06-27T20:25:47.945+0300: 50.217: [GC ref-proc, 0.0000885 secs] 2016-06-27T20:25:47.945+0300: 50.218: [Unloading, 0.0011521 secs], 0.0049441 secs]
 [Times: user=0.00 sys=0.00, real=0.01 secs] 
2016-06-27T20:25:47.950+0300: 50.222: Total time for which application threads were stopped: 0.0222171 seconds, Stopping threads took: 0.0168628 seconds
2016-06-27T20:25:47.951+0300: 50.223: [GC cleanup 816M->816M(865M), 0.0014579 secs]
 [Times: user=0.00 sys=0.00, real=0.00 secs] 
2016-06-27T20:25:47.952+0300: 50.224: Total time for which application threads were stopped: 0.0019441 seconds, Stopping threads took: 0.0000458 seconds
2016-06-27T20:25:48.141+0300: 50.413: [GC pause (G1 Evacuation Pause) (young)
Desired survivor size 3145728 bytes, new threshold 1 (max 15)
- age   1:    6144256 bytes,    6144256 total
, 0.0034815 secs]
   [Parallel Time: 2.9 ms, GC Workers: 4]
      [GC Worker Start (ms): Min: 50412.7, Avg: 50412.7, Max: 50412.7, Diff: 0.0]
      [Ext Root Scanning (ms): Min: 0.5, Avg: 0.5, Max: 0.6, Diff: 0.1, Sum: 2.1]
      [Update RS (ms): Min: 0.4, Avg: 0.5, Max: 0.7, Diff: 0.3, Sum: 2.1]
         [Processed Buffers: Min: 1, Avg: 6.3, Max: 13, Diff: 12, Sum: 25]
      [Scan RS (ms): Min: 0.0, Avg: 0.0, Max: 0.0, Diff: 0.0, Sum: 0.0]
      [Code Root Scanning (ms): Min: 0.0, Avg: 0.0, Max: 0.0, Diff: 0.0, Sum: 0.0]
      [Object Copy (ms): Min: 1.6, Avg: 1.8, Max: 1.9, Diff: 0.2, Sum: 7.2]
      [Termination (ms): Min: 0.0, Avg: 0.0, Max: 0.0, Diff: 0.0, Sum: 0.0]
         [Termination Attempts: Min: 1, Avg: 1.0, Max: 1, Diff: 0, Sum: 4]
      [GC Worker Other (ms): Min: 0.0, Avg: 0.0, Max: 0.0, Diff: 0.0, Sum: 0.0]
      [GC Worker Total (ms): Min: 2.8, Avg: 2.9, Max: 2.9, Diff: 0.0, Sum: 11.4]
      [GC Worker End (ms): Min: 50415.6, Avg: 50415.6, Max: 50415.6, Diff: 0.0]
   [Code Root Fixup: 0.0 ms]
   [Code Root Purge: 0.0 ms]
   [Clear CT: 0.1 ms]
   [Other: 0.5 ms]
      [Choose CSet: 0.0 ms]
      [Ref Proc: 0.0 ms]
      [Ref Enq: 0.0 ms]
      [Redirty Cards: 0.0 ms]
      [Humongous Register: 0.0 ms]
      [Humongous Reclaim: 0.0 ms]
      [Free CSet: 0.1 ms]
   [Eden: 37.0M(37.0M)->0.0B(37.0M) Survivors: 6144.0K->6144.0K Heap: 840.0M(865.0M)->810.5M(865.0M)]
 [Times: user=0.00 sys=0.00, real=0.00 secs] 
2016-06-27T20:25:48.144+0300: 50.416: Total time for which application threads were stopped: 0.0106054 seconds, Stopping threads took: 0.0064897 seconds
2016-06-27T20:25:48.460+0300: 50.732: [GC pause (G1 Evacuation Pause) (mixed)
Desired survivor size 3145728 bytes, new threshold 1 (max 15)
- age   1:    6000072 bytes,    6000072 total
, 0.0116613 secs]
   [Parallel Time: 10.8 ms, GC Workers: 4]
      [GC Worker Start (ms): Min: 50732.5, Avg: 50732.5, Max: 50732.5, Diff: 0.0]
      [Ext Root Scanning (ms): Min: 0.5, Avg: 0.5, Max: 0.6, Diff: 0.2, Sum: 2.1]
      [Update RS (ms): Min: 0.2, Avg: 0.3, Max: 0.4, Diff: 0.2, Sum: 1.2]
         [Processed Buffers: Min: 1, Avg: 7.3, Max: 13, Diff: 12, Sum: 29]
      [Scan RS (ms): Min: 1.2, Avg: 1.2, Max: 1.3, Diff: 0.1, Sum: 4.9]
      [Code Root Scanning (ms): Min: 0.0, Avg: 0.0, Max: 0.0, Diff: 0.0, Sum: 0.0]
      [Object Copy (ms): Min: 8.6, Avg: 8.7, Max: 8.7, Diff: 0.1, Sum: 34.7]
      [Termination (ms): Min: 0.0, Avg: 0.0, Max: 0.0, Diff: 0.0, Sum: 0.0]
         [Termination Attempts: Min: 1, Avg: 1.3, Max: 2, Diff: 1, Sum: 5]
      [GC Worker Other (ms): Min: 0.0, Avg: 0.0, Max: 0.0, Diff: 0.0, Sum: 0.0]
      [GC Worker Total (ms): Min: 10.7, Avg: 10.8, Max: 10.8, Diff: 0.0, Sum: 43.0]
      [GC Worker End (ms): Min: 50743.3, Avg: 50743.3, Max: 50743.3, Diff: 0.0]
   [Code Root Fixup: 0.0 ms]
   [Code Root Purge: 0.0 ms]
   [Clear CT: 0.2 ms]
   [Other: 0.7 ms]
      [Choose CSet: 0.1 ms]
      [Ref Proc: 0.1 ms]
      [Ref Enq: 0.0 ms]
      [Redirty Cards: 0.0 ms]
      [Humongous Register: 0.0 ms]
      [Humongous Reclaim: 0.0 ms]
      [Free CSet: 0.2 ms]
   [Eden: 37.0M(37.0M)->0.0B(38.0M) Survivors: 6144.0K->6144.0K Heap: 847.5M(865.0M)->803.0M(893.0M)]
 [Times: user=0.00 sys=0.00, real=0.01 secs] 
2016-06-27T20:25:48.472+0300: 50.744: Total time for which application threads were stopped: 0.0180650 seconds, Stopping threads took: 0.0057874 seconds
2016-06-27T20:25:48.801+0300: 51.073: [GC pause (G1 Evacuation Pause) (young)
Desired survivor size 3145728 bytes, new threshold 1 (max 15)
- age   1:    5936928 bytes,    5936928 total
, 0.0074596 secs]
   [Parallel Time: 7.0 ms, GC Workers: 4]
      [GC Worker Start (ms): Min: 51073.1, Avg: 51073.1, Max: 51073.1, Diff: 0.0]
      [Ext Root Scanning (ms): Min: 0.5, Avg: 0.6, Max: 0.6, Diff: 0.0, Sum: 2.2]
      [Update RS (ms): Min: 4.5, Avg: 4.6, Max: 4.8, Diff: 0.3, Sum: 18.3]
         [Processed Buffers: Min: 6, Avg: 13.5, Max: 20, Diff: 14, Sum: 54]
      [Scan RS (ms): Min: 0.0, Avg: 0.0, Max: 0.0, Diff: 0.0, Sum: 0.0]
      [Code Root Scanning (ms): Min: 0.0, Avg: 0.0, Max: 0.0, Diff: 0.0, Sum: 0.0]
      [Object Copy (ms): Min: 1.6, Avg: 1.8, Max: 1.9, Diff: 0.3, Sum: 7.3]
      [Termination (ms): Min: 0.0, Avg: 0.0, Max: 0.0, Diff: 0.0, Sum: 0.0]
         [Termination Attempts: Min: 1, Avg: 1.0, Max: 1, Diff: 0, Sum: 4]
      [GC Worker Other (ms): Min: 0.0, Avg: 0.0, Max: 0.0, Diff: 0.0, Sum: 0.1]
      [GC Worker Total (ms): Min: 7.0, Avg: 7.0, Max: 7.0, Diff: 0.0, Sum: 27.9]
      [GC Worker End (ms): Min: 51080.1, Avg: 51080.1, Max: 51080.1, Diff: 0.0]
   [Code Root Fixup: 0.0 ms]
   [Code Root Purge: 0.0 ms]
   [Clear CT: 0.0 ms]
   [Other: 0.4 ms]
      [Choose CSet: 0.0 ms]
      [Ref Proc: 0.0 ms]
      [Ref Enq: 0.0 ms]
      [Redirty Cards: 0.0 ms]
      [Humongous Register: 0.0 ms]
      [Humongous Reclaim: 0.0 ms]
      [Free CSet: 0.1 ms]
   [Eden: 38.0M(38.0M)->0.0B(38.0M) Survivors: 6144.0K->6144.0K Heap: 841.0M(893.0M)->810.5M(893.0M)]
 [Times: user=0.05 sys=0.00, real=0.01 secs] 
2016-06-27T20:25:48.809+0300: 51.081: Total time for which application threads were stopped: 0.0167773 seconds, Stopping threads took: 0.0086591 seconds
2016-06-27T20:25:49.133+0300: 51.405: [GC pause (G1 Evacuation Pause) (young) (initial-mark)
Desired survivor size 3145728 bytes, new threshold 1 (max 15)
- age   1:    6018392 bytes,    6018392 total
, 0.0036316 secs]
   [Parallel Time: 3.0 ms, GC Workers: 4]
      [GC Worker Start (ms): Min: 51405.5, Avg: 51405.5, Max: 51405.6, Diff: 0.1]
      [Ext Root Scanning (ms): Min: 0.5, Avg: 0.6, Max: 0.7, Diff: 0.2, Sum: 2.3]
      [Update RS (ms): Min: 0.4, Avg: 0.5, Max: 0.6, Diff: 0.2, Sum: 2.0]
         [Processed Buffers: Min: 2, Avg: 8.3, Max: 14, Diff: 12, Sum: 33]
      [Scan RS (ms): Min: 0.0, Avg: 0.0, Max: 0.0, Diff: 0.0, Sum: 0.0]
      [Code Root Scanning (ms): Min: 0.0, Avg: 0.0, Max: 0.0, Diff: 0.0, Sum: 0.0]
      [Object Copy (ms): Min: 1.7, Avg: 1.9, Max: 2.0, Diff: 0.3, Sum: 7.4]
      [Termination (ms): Min: 0.0, Avg: 0.0, Max: 0.0, Diff: 0.0, Sum: 0.0]
         [Termination Attempts: Min: 1, Avg: 1.0, Max: 1, Diff: 0, Sum: 4]
      [GC Worker Other (ms): Min: 0.0, Avg: 0.0, Max: 0.0, Diff: 0.0, Sum: 0.1]
      [GC Worker Total (ms): Min: 2.9, Avg: 2.9, Max: 3.0, Diff: 0.1, Sum: 11.8]
      [GC Worker End (ms): Min: 51408.5, Avg: 51408.5, Max: 51408.5, Diff: 0.0]
   [Code Root Fixup: 0.0 ms]
   [Code Root Purge: 0.0 ms]
   [Clear CT: 0.0 ms]
   [Other: 0.6 ms]
      [Choose CSet: 0.0 ms]
      [Ref Proc: 0.1 ms]
      [Ref Enq: 0.0 ms]
      [Redirty Cards: 0.0 ms]
      [Humongous Register: 0.0 ms]
      [Humongous Reclaim: 0.0 ms]
      [Free CSet: 0.1 ms]
   [Eden: 38.0M(38.0M)->0.0B(38.0M) Survivors: 6144.0K->6144.0K Heap: 848.5M(893.0M)->818.0M(893.0M)]
 [Times: user=0.00 sys=0.00, real=0.00 secs] 
2016-06-27T20:25:49.137+0300: 51.409: [GC concurrent-root-region-scan-start]
2016-06-27T20:25:49.137+0300: 51.409: Total time for which application threads were stopped: 0.0097676 seconds, Stopping threads took: 0.0054188 seconds
2016-06-27T20:25:49.137+0300: 51.410: [GC concurrent-root-region-scan-end, 0.0004909 secs]
2016-06-27T20:25:49.137+0300: 51.410: [GC concurrent-mark-start]
2016-06-27T20:25:49.188+0300: 51.460: [GC concurrent-mark-end, 0.0501720 secs]
2016-06-27T20:25:49.223+0300: 51.495: [GC remark 2016-06-27T20:25:49.223+0300: 51.495: [Finalize Marking, 0.0001565 secs] 2016-06-27T20:25:49.223+0300: 51.496: [GC ref-proc, 0.0000787 secs] 2016-06-27T20:25:49.223+0300: 51.496: [Unloading, 0.0012646 secs], 0.0052670 secs]
 [Times: user=0.00 sys=0.00, real=0.00 secs] 
2016-06-27T20:25:49.228+0300: 51.501: Total time for which application threads were stopped: 0.0113854 seconds, Stopping threads took: 0.0055989 seconds
2016-06-27T20:25:49.229+0300: 51.502: [GC cleanup 830M->830M(893M), 0.0015541 secs]
 [Times: user=0.00 sys=0.00, real=0.00 secs] 
2016-06-27T20:25:49.231+0300: 51.503: Total time for which application threads were stopped: 0.0022807 seconds, Stopping threads took: 0.0001411 seconds
2016-06-27T20:25:49.446+0300: 51.718: [GC pause (G1 Evacuation Pause) (young)
Desired survivor size 3145728 bytes, new threshold 1 (max 15)
- age   1:    5925240 bytes,    5925240 total
, 0.0035572 secs]
   [Parallel Time: 3.1 ms, GC Workers: 4]
      [GC Worker Start (ms): Min: 51718.3, Avg: 51718.3, Max: 51718.3, Diff: 0.0]
      [Ext Root Scanning (ms): Min: 0.5, Avg: 0.6, Max: 0.6, Diff: 0.1, Sum: 2.2]
      [Update RS (ms): Min: 0.5, Avg: 0.6, Max: 0.7, Diff: 0.3, Sum: 2.4]
         [Processed Buffers: Min: 1, Avg: 8.5, Max: 15, Diff: 14, Sum: 34]
      [Scan RS (ms): Min: 0.0, Avg: 0.0, Max: 0.0, Diff: 0.0, Sum: 0.0]
      [Code Root Scanning (ms): Min: 0.0, Avg: 0.0, Max: 0.0, Diff: 0.0, Sum: 0.0]
      [Object Copy (ms): Min: 1.8, Avg: 1.8, Max: 1.9, Diff: 0.1, Sum: 7.4]
      [Termination (ms): Min: 0.0, Avg: 0.0, Max: 0.0, Diff: 0.0, Sum: 0.0]
         [Termination Attempts: Min: 1, Avg: 1.0, Max: 1, Diff: 0, Sum: 4]
      [GC Worker Other (ms): Min: 0.0, Avg: 0.0, Max: 0.0, Diff: 0.0, Sum: 0.1]
      [GC Worker Total (ms): Min: 3.0, Avg: 3.0, Max: 3.0, Diff: 0.0, Sum: 12.0]
      [GC Worker End (ms): Min: 51721.3, Avg: 51721.3, Max: 51721.3, Diff: 0.0]
   [Code Root Fixup: 0.0 ms]
   [Code Root Purge: 0.0 ms]
   [Clear CT: 0.0 ms]
   [Other: 0.5 ms]
      [Choose CSet: 0.0 ms]
      [Ref Proc: 0.1 ms]
      [Ref Enq: 0.0 ms]
      [Redirty Cards: 0.0 ms]
      [Humongous Register: 0.0 ms]
      [Humongous Reclaim: 0.0 ms]
      [Free CSet: 0.1 ms]
   [Eden: 38.0M(38.0M)->0.0B(38.0M) Survivors: 6144.0K->6144.0K Heap: 856.0M(893.0M)->825.5M(893.0M)]
 [Times: user=0.00 sys=0.00, real=0.00 secs] 
2016-06-27T20:25:49.450+0300: 51.722: Total time for which application threads were stopped: 0.0106161 seconds, Stopping threads took: 0.0064268 seconds
2016-06-27T20:25:49.777+0300: 52.049: [GC pause (G1 Evacuation Pause) (mixed)
Desired survivor size 3145728 bytes, new threshold 1 (max 15)
- age   1:    5771640 bytes,    5771640 total
, 0.0144299 secs]
   [Parallel Time: 13.4 ms, GC Workers: 4]
      [GC Worker Start (ms): Min: 52049.4, Avg: 52049.4, Max: 52049.4, Diff: 0.1]
      [Ext Root Scanning (ms): Min: 0.4, Avg: 0.5, Max: 0.6, Diff: 0.1, Sum: 2.1]
      [Update RS (ms): Min: 0.4, Avg: 0.5, Max: 0.5, Diff: 0.1, Sum: 1.9]
         [Processed Buffers: Min: 1, Avg: 8.5, Max: 13, Diff: 12, Sum: 34]
      [Scan RS (ms): Min: 1.8, Avg: 1.8, Max: 1.9, Diff: 0.1, Sum: 7.4]
      [Code Root Scanning (ms): Min: 0.0, Avg: 0.0, Max: 0.0, Diff: 0.0, Sum: 0.0]
      [Object Copy (ms): Min: 10.4, Avg: 10.5, Max: 10.5, Diff: 0.1, Sum: 41.9]
      [Termination (ms): Min: 0.0, Avg: 0.0, Max: 0.0, Diff: 0.0, Sum: 0.0]
         [Termination Attempts: Min: 1, Avg: 1.0, Max: 1, Diff: 0, Sum: 4]
      [GC Worker Other (ms): Min: 0.0, Avg: 0.0, Max: 0.0, Diff: 0.0, Sum: 0.0]
      [GC Worker Total (ms): Min: 13.3, Avg: 13.4, Max: 13.4, Diff: 0.1, Sum: 53.4]
      [GC Worker End (ms): Min: 52062.7, Avg: 52062.8, Max: 52062.8, Diff: 0.0]
   [Code Root Fixup: 0.0 ms]
   [Code Root Purge: 0.0 ms]
   [Clear CT: 0.2 ms]
   [Other: 0.8 ms]
      [Choose CSet: 0.1 ms]
      [Ref Proc: 0.0 ms]
      [Ref Enq: 0.0 ms]
      [Redirty Cards: 0.0 ms]
      [Humongous Register: 0.1 ms]
      [Humongous Reclaim: 0.0 ms]
      [Free CSet: 0.3 ms]
   [Eden: 38.0M(38.0M)->0.0B(40.0M) Survivors: 6144.0K->6144.0K Heap: 863.5M(893.0M)->813.0M(920.0M)]
 [Times: user=0.03 sys=0.03, real=0.02 secs] 
2016-06-27T20:25:49.792+0300: 52.064: Total time for which application threads were stopped: 0.0194617 seconds, Stopping threads took: 0.0043873 seconds
2016-06-27T20:25:50.130+0300: 52.402: [GC pause (G1 Evacuation Pause) (young)
Desired survivor size 3145728 bytes, new threshold 1 (max 15)
- age   1:    6112392 bytes,    6112392 total
, 0.0092835 secs]
   [Parallel Time: 8.8 ms, GC Workers: 4]
      [GC Worker Start (ms): Min: 52402.0, Avg: 52402.0, Max: 52402.0, Diff: 0.0]
      [Ext Root Scanning (ms): Min: 0.5, Avg: 0.5, Max: 0.5, Diff: 0.0, Sum: 2.1]
      [Update RS (ms): Min: 6.2, Avg: 6.2, Max: 6.3, Diff: 0.1, Sum: 25.0]
         [Processed Buffers: Min: 12, Avg: 16.3, Max: 21, Diff: 9, Sum: 65]
      [Scan RS (ms): Min: 0.0, Avg: 0.0, Max: 0.0, Diff: 0.0, Sum: 0.0]
      [Code Root Scanning (ms): Min: 0.0, Avg: 0.0, Max: 0.0, Diff: 0.0, Sum: 0.0]
      [Object Copy (ms): Min: 2.0, Avg: 2.0, Max: 2.0, Diff: 0.1, Sum: 7.9]
      [Termination (ms): Min: 0.0, Avg: 0.0, Max: 0.0, Diff: 0.0, Sum: 0.0]
         [Termination Attempts: Min: 1, Avg: 1.0, Max: 1, Diff: 0, Sum: 4]
      [GC Worker Other (ms): Min: 0.0, Avg: 0.0, Max: 0.0, Diff: 0.0, Sum: 0.1]
      [GC Worker Total (ms): Min: 8.8, Avg: 8.8, Max: 8.8, Diff: 0.0, Sum: 35.0]
      [GC Worker End (ms): Min: 52410.8, Avg: 52410.8, Max: 52410.8, Diff: 0.0]
   [Code Root Fixup: 0.0 ms]
   [Code Root Purge: 0.0 ms]
   [Clear CT: 0.0 ms]
   [Other: 0.5 ms]
      [Choose CSet: 0.0 ms]
      [Ref Proc: 0.0 ms]
      [Ref Enq: 0.0 ms]
      [Redirty Cards: 0.0 ms]
      [Humongous Register: 0.0 ms]
      [Humongous Reclaim: 0.0 ms]
      [Free CSet: 0.1 ms]
   [Eden: 40.0M(40.0M)->0.0B(40.0M) Survivors: 6144.0K->6144.0K Heap: 853.0M(920.0M)->820.5M(920.0M)]
 [Times: user=0.00 sys=0.00, real=0.01 secs] 
2016-06-27T20:25:50.139+0300: 52.411: Total time for which application threads were stopped: 0.0160601 seconds, Stopping threads took: 0.0061137 seconds
2016-06-27T20:25:50.489+0300: 52.762: [GC pause (G1 Evacuation Pause) (young) (initial-mark)
Desired survivor size 3145728 bytes, new threshold 1 (max 15)
- age   1:    6028832 bytes,    6028832 total
, 0.0038784 secs]
   [Parallel Time: 3.3 ms, GC Workers: 4]
      [GC Worker Start (ms): Min: 52761.9, Avg: 52761.9, Max: 52761.9, Diff: 0.0]
      [Ext Root Scanning (ms): Min: 0.5, Avg: 0.6, Max: 0.7, Diff: 0.2, Sum: 2.2]
      [Update RS (ms): Min: 0.6, Avg: 0.7, Max: 0.9, Diff: 0.3, Sum: 3.0]
         [Processed Buffers: Min: 2, Avg: 10.8, Max: 23, Diff: 21, Sum: 43]
      [Scan RS (ms): Min: 0.0, Avg: 0.0, Max: 0.0, Diff: 0.0, Sum: 0.0]
      [Code Root Scanning (ms): Min: 0.0, Avg: 0.0, Max: 0.0, Diff: 0.0, Sum: 0.0]
      [Object Copy (ms): Min: 1.8, Avg: 1.9, Max: 2.0, Diff: 0.1, Sum: 7.6]
      [Termination (ms): Min: 0.0, Avg: 0.0, Max: 0.0, Diff: 0.0, Sum: 0.0]
         [Termination Attempts: Min: 1, Avg: 1.0, Max: 1, Diff: 0, Sum: 4]
      [GC Worker Other (ms): Min: 0.0, Avg: 0.0, Max: 0.0, Diff: 0.0, Sum: 0.1]
      [GC Worker Total (ms): Min: 3.2, Avg: 3.2, Max: 3.2, Diff: 0.0, Sum: 12.9]
      [GC Worker End (ms): Min: 52765.1, Avg: 52765.1, Max: 52765.1, Diff: 0.0]
   [Code Root Fixup: 0.0 ms]
   [Code Root Purge: 0.0 ms]
   [Clear CT: 0.0 ms]
   [Other: 0.6 ms]
      [Choose CSet: 0.0 ms]
      [Ref Proc: 0.1 ms]
      [Ref Enq: 0.0 ms]
      [Redirty Cards: 0.0 ms]
      [Humongous Register: 0.0 ms]
      [Humongous Reclaim: 0.0 ms]
      [Free CSet: 0.1 ms]
   [Eden: 40.0M(40.0M)->0.0B(40.0M) Survivors: 6144.0K->6144.0K Heap: 860.5M(920.0M)->828.0M(920.0M)]
 [Times: user=0.00 sys=0.00, real=0.00 secs] 
2016-06-27T20:25:50.494+0300: 52.766: [GC concurrent-root-region-scan-start]
2016-06-27T20:25:50.494+0300: 52.766: Total time for which application threads were stopped: 0.0142653 seconds, Stopping threads took: 0.0096915 seconds
2016-06-27T20:25:50.494+0300: 52.766: [GC concurrent-root-region-scan-end, 0.0006073 secs]
2016-06-27T20:25:50.494+0300: 52.766: [GC concurrent-mark-start]
2016-06-27T20:25:50.544+0300: 52.816: [GC concurrent-mark-end, 0.0496874 secs]
2016-06-27T20:25:50.572+0300: 52.844: [GC remark 2016-06-27T20:25:50.572+0300: 52.844: [Finalize Marking, 0.0001646 secs] 2016-06-27T20:25:50.572+0300: 52.844: [GC ref-proc, 0.0000860 secs] 2016-06-27T20:25:50.572+0300: 52.844: [Unloading, 0.0012757 secs], 0.0050694 secs]
 [Times: user=0.00 sys=0.00, real=0.00 secs] 
2016-06-27T20:25:50.577+0300: 52.849: Total time for which application threads were stopped: 0.0078321 seconds, Stopping threads took: 0.0022452 seconds
2016-06-27T20:25:50.578+0300: 52.850: [GC cleanup 839M->839M(920M), 0.0016212 secs]
 [Times: user=0.00 sys=0.00, real=0.00 secs] 
2016-06-27T20:25:50.580+0300: 52.852: Total time for which application threads were stopped: 0.0022563 seconds, Stopping threads took: 0.0000693 seconds
2016-06-27T20:25:50.812+0300: 53.084: [GC pause (G1 Evacuation Pause) (young)
Desired survivor size 3145728 bytes, new threshold 1 (max 15)
- age   1:    5990544 bytes,    5990544 total
, 0.0037437 secs]
   [Parallel Time: 3.2 ms, GC Workers: 4]
      [GC Worker Start (ms): Min: 53084.4, Avg: 53084.5, Max: 53084.6, Diff: 0.2]
      [Ext Root Scanning (ms): Min: 0.4, Avg: 0.6, Max: 0.7, Diff: 0.3, Sum: 2.3]
      [Update RS (ms): Min: 0.6, Avg: 0.7, Max: 0.8, Diff: 0.3, Sum: 2.8]
         [Processed Buffers: Min: 2, Avg: 7.5, Max: 13, Diff: 11, Sum: 30]
      [Scan RS (ms): Min: 0.0, Avg: 0.0, Max: 0.0, Diff: 0.0, Sum: 0.0]
      [Code Root Scanning (ms): Min: 0.0, Avg: 0.0, Max: 0.0, Diff: 0.0, Sum: 0.0]
      [Object Copy (ms): Min: 1.8, Avg: 1.9, Max: 1.9, Diff: 0.2, Sum: 7.5]
      [Termination (ms): Min: 0.0, Avg: 0.0, Max: 0.0, Diff: 0.0, Sum: 0.0]
         [Termination Attempts: Min: 1, Avg: 1.0, Max: 1, Diff: 0, Sum: 4]
      [GC Worker Other (ms): Min: 0.0, Avg: 0.0, Max: 0.0, Diff: 0.0, Sum: 0.0]
      [GC Worker Total (ms): Min: 3.0, Avg: 3.2, Max: 3.2, Diff: 0.2, Sum: 12.6]
      [GC Worker End (ms): Min: 53087.7, Avg: 53087.7, Max: 53087.7, Diff: 0.0]
   [Code Root Fixup: 0.0 ms]
   [Code Root Purge: 0.0 ms]
   [Clear CT: 0.0 ms]
   [Other: 0.5 ms]
      [Choose CSet: 0.0 ms]
      [Ref Proc: 0.1 ms]
      [Ref Enq: 0.0 ms]
      [Redirty Cards: 0.0 ms]
      [Humongous Register: 0.0 ms]
      [Humongous Reclaim: 0.0 ms]
      [Free CSet: 0.0 ms]
   [Eden: 40.0M(40.0M)->0.0B(40.0M) Survivors: 6144.0K->6144.0K Heap: 868.0M(920.0M)->835.5M(920.0M)]
 [Times: user=0.00 sys=0.00, real=0.00 secs] 
2016-06-27T20:25:50.816+0300: 53.088: Total time for which application threads were stopped: 0.0062194 seconds, Stopping threads took: 0.0018517 seconds
2016-06-27T20:25:51.145+0300: 53.417: [GC pause (G1 Evacuation Pause) (mixed)
Desired survivor size 3145728 bytes, new threshold 1 (max 15)
- age   1:    6182984 bytes,    6182984 total
, 0.0201374 secs]
   [Parallel Time: 19.1 ms, GC Workers: 4]
      [GC Worker Start (ms): Min: 53417.2, Avg: 53417.2, Max: 53417.2, Diff: 0.0]
      [Ext Root Scanning (ms): Min: 0.5, Avg: 0.5, Max: 0.6, Diff: 0.1, Sum: 2.2]
      [Update RS (ms): Min: 0.6, Avg: 0.6, Max: 0.6, Diff: 0.1, Sum: 2.4]
         [Processed Buffers: Min: 2, Avg: 7.0, Max: 13, Diff: 11, Sum: 28]
      [Scan RS (ms): Min: 2.1, Avg: 2.2, Max: 2.2, Diff: 0.1, Sum: 8.7]
      [Code Root Scanning (ms): Min: 0.0, Avg: 0.0, Max: 0.0, Diff: 0.0, Sum: 0.1]
      [Object Copy (ms): Min: 15.6, Avg: 15.7, Max: 15.7, Diff: 0.0, Sum: 62.6]
      [Termination (ms): Min: 0.0, Avg: 0.0, Max: 0.1, Diff: 0.1, Sum: 0.2]
         [Termination Attempts: Min: 1, Avg: 1.8, Max: 4, Diff: 3, Sum: 7]
      [GC Worker Other (ms): Min: 0.0, Avg: 0.0, Max: 0.0, Diff: 0.0, Sum: 0.0]
      [GC Worker Total (ms): Min: 19.0, Avg: 19.0, Max: 19.0, Diff: 0.0, Sum: 76.1]
      [GC Worker End (ms): Min: 53436.2, Avg: 53436.2, Max: 53436.2, Diff: 0.0]
   [Code Root Fixup: 0.0 ms]
   [Code Root Purge: 0.0 ms]
   [Clear CT: 0.2 ms]
   [Other: 0.9 ms]
      [Choose CSet: 0.1 ms]
      [Ref Proc: 0.1 ms]
      [Ref Enq: 0.0 ms]
      [Redirty Cards: 0.1 ms]
      [Humongous Register: 0.0 ms]
      [Humongous Reclaim: 0.0 ms]
      [Free CSet: 0.3 ms]
   [Eden: 40.0M(40.0M)->0.0B(41.0M) Survivors: 6144.0K->6144.0K Heap: 875.5M(920.0M)->820.0M(940.0M)]
 [Times: user=0.02 sys=0.05, real=0.02 secs] 
2016-06-27T20:25:51.165+0300: 53.437: Total time for which application threads were stopped: 0.0230531 seconds, Stopping threads took: 0.0023393 seconds
2016-06-27T20:25:51.508+0300: 53.780: [GC pause (G1 Evacuation Pause) (young)
Desired survivor size 3145728 bytes, new threshold 1 (max 15)
- age   1:    5860896 bytes,    5860896 total
, 0.0103219 secs]
   [Parallel Time: 9.8 ms, GC Workers: 4]
      [GC Worker Start (ms): Min: 53780.1, Avg: 53780.1, Max: 53780.1, Diff: 0.0]
      [Ext Root Scanning (ms): Min: 0.4, Avg: 0.5, Max: 0.6, Diff: 0.2, Sum: 2.1]
      [Update RS (ms): Min: 7.2, Avg: 7.3, Max: 7.3, Diff: 0.1, Sum: 29.0]
         [Processed Buffers: Min: 8, Avg: 15.0, Max: 24, Diff: 16, Sum: 60]
      [Scan RS (ms): Min: 0.0, Avg: 0.0, Max: 0.0, Diff: 0.0, Sum: 0.0]
      [Code Root Scanning (ms): Min: 0.0, Avg: 0.0, Max: 0.0, Diff: 0.0, Sum: 0.0]
      [Object Copy (ms): Min: 1.9, Avg: 2.0, Max: 2.0, Diff: 0.1, Sum: 7.9]
      [Termination (ms): Min: 0.0, Avg: 0.0, Max: 0.0, Diff: 0.0, Sum: 0.0]
         [Termination Attempts: Min: 1, Avg: 1.0, Max: 1, Diff: 0, Sum: 4]
      [GC Worker Other (ms): Min: 0.0, Avg: 0.0, Max: 0.0, Diff: 0.0, Sum: 0.0]
      [GC Worker Total (ms): Min: 9.8, Avg: 9.8, Max: 9.8, Diff: 0.0, Sum: 39.1]
      [GC Worker End (ms): Min: 53789.9, Avg: 53789.9, Max: 53789.9, Diff: 0.0]
   [Code Root Fixup: 0.0 ms]
   [Code Root Purge: 0.0 ms]
   [Clear CT: 0.0 ms]
   [Other: 0.5 ms]
      [Choose CSet: 0.0 ms]
      [Ref Proc: 0.0 ms]
      [Ref Enq: 0.0 ms]
      [Redirty Cards: 0.0 ms]
      [Humongous Register: 0.0 ms]
      [Humongous Reclaim: 0.0 ms]
      [Free CSet: 0.1 ms]
   [Eden: 41.0M(41.0M)->0.0B(41.0M) Survivors: 6144.0K->6144.0K Heap: 861.0M(940.0M)->828.0M(940.0M)]
 [Times: user=0.00 sys=0.00, real=0.01 secs] 
2016-06-27T20:25:51.519+0300: 53.790: Total time for which application threads were stopped: 0.0127958 seconds, Stopping threads took: 0.0018398 seconds
2016-06-27T20:25:51.871+0300: 54.143: [GC pause (G1 Evacuation Pause) (young) (initial-mark)
Desired survivor size 3145728 bytes, new threshold 1 (max 15)
- age   1:    6173320 bytes,    6173320 total
, 0.0040939 secs]
   [Parallel Time: 3.4 ms, GC Workers: 4]
      [GC Worker Start (ms): Min: 54143.5, Avg: 54143.5, Max: 54143.5, Diff: 0.0]
      [Ext Root Scanning (ms): Min: 0.5, Avg: 0.5, Max: 0.7, Diff: 0.2, Sum: 2.1]
      [Update RS (ms): Min: 0.7, Avg: 0.8, Max: 0.9, Diff: 0.2, Sum: 3.3]
         [Processed Buffers: Min: 2, Avg: 9.0, Max: 17, Diff: 15, Sum: 36]
      [Scan RS (ms): Min: 0.0, Avg: 0.0, Max: 0.0, Diff: 0.0, Sum: 0.0]
      [Code Root Scanning (ms): Min: 0.0, Avg: 0.0, Max: 0.0, Diff: 0.0, Sum: 0.0]
      [Object Copy (ms): Min: 2.0, Avg: 2.0, Max: 2.1, Diff: 0.1, Sum: 8.0]
      [Termination (ms): Min: 0.0, Avg: 0.0, Max: 0.0, Diff: 0.0, Sum: 0.0]
         [Termination Attempts: Min: 1, Avg: 1.0, Max: 1, Diff: 0, Sum: 4]
      [GC Worker Other (ms): Min: 0.0, Avg: 0.0, Max: 0.0, Diff: 0.0, Sum: 0.0]
      [GC Worker Total (ms): Min: 3.4, Avg: 3.4, Max: 3.4, Diff: 0.0, Sum: 13.5]
      [GC Worker End (ms): Min: 54146.9, Avg: 54146.9, Max: 54146.9, Diff: 0.0]
   [Code Root Fixup: 0.0 ms]
   [Code Root Purge: 0.0 ms]
   [Clear CT: 0.1 ms]
   [Other: 0.6 ms]
      [Choose CSet: 0.0 ms]
      [Ref Proc: 0.1 ms]
      [Ref Enq: 0.0 ms]
      [Redirty Cards: 0.0 ms]
      [Humongous Register: 0.0 ms]
      [Humongous Reclaim: 0.0 ms]
      [Free CSet: 0.1 ms]
   [Eden: 41.0M(41.0M)->0.0B(41.0M) Survivors: 6144.0K->6144.0K Heap: 869.0M(940.0M)->836.0M(940.0M)]
 [Times: user=0.00 sys=0.00, real=0.00 secs] 
2016-06-27T20:25:51.875+0300: 54.148: [GC concurrent-root-region-scan-start]
2016-06-27T20:25:51.875+0300: 54.148: Total time for which application threads were stopped: 0.0097467 seconds, Stopping threads took: 0.0050463 seconds
2016-06-27T20:25:51.876+0300: 54.148: [GC concurrent-root-region-scan-end, 0.0005735 secs]
2016-06-27T20:25:51.876+0300: 54.148: [GC concurrent-mark-start]
2016-06-27T20:25:51.930+0300: 54.202: [GC concurrent-mark-end, 0.0539931 secs]
2016-06-27T20:25:51.955+0300: 54.227: [GC remark 2016-06-27T20:25:51.955+0300: 54.227: [Finalize Marking, 0.0001770 secs] 2016-06-27T20:25:51.955+0300: 54.227: [GC ref-proc, 0.0000817 secs] 2016-06-27T20:25:51.955+0300: 54.228: [Unloading, 0.0012188 secs], 0.0050493 secs]
 [Times: user=0.06 sys=0.00, real=0.01 secs] 
2016-06-27T20:25:51.960+0300: 54.232: Total time for which application threads were stopped: 0.0060432 seconds, Stopping threads took: 0.0005230 seconds
2016-06-27T20:25:51.994+0300: 54.266: [GC cleanup 852M->852M(940M), 0.0018975 secs]
 [Times: user=0.00 sys=0.00, real=0.00 secs] 
2016-06-27T20:25:51.996+0300: 54.268: Total time for which application threads were stopped: 0.0035966 seconds, Stopping threads took: 0.0012321 seconds
2016-06-27T20:25:52.202+0300: 54.473: [GC pause (G1 Evacuation Pause) (young)
Desired survivor size 3145728 bytes, new threshold 1 (max 15)
- age   1:    5988744 bytes,    5988744 total
, 0.0035495 secs]
   [Parallel Time: 3.0 ms, GC Workers: 4]
      [GC Worker Start (ms): Min: 54473.5, Avg: 54473.6, Max: 54473.6, Diff: 0.0]
      [Ext Root Scanning (ms): Min: 0.4, Avg: 0.5, Max: 0.6, Diff: 0.2, Sum: 2.1]
      [Update RS (ms): Min: 0.4, Avg: 0.5, Max: 0.5, Diff: 0.1, Sum: 1.9]
         [Processed Buffers: Min: 1, Avg: 7.8, Max: 11, Diff: 10, Sum: 31]
      [Scan RS (ms): Min: 0.0, Avg: 0.0, Max: 0.0, Diff: 0.0, Sum: 0.0]
      [Code Root Scanning (ms): Min: 0.0, Avg: 0.0, Max: 0.0, Diff: 0.0, Sum: 0.0]
      [Object Copy (ms): Min: 1.9, Avg: 2.0, Max: 2.0, Diff: 0.0, Sum: 7.8]
      [Termination (ms): Min: 0.0, Avg: 0.0, Max: 0.0, Diff: 0.0, Sum: 0.0]
         [Termination Attempts: Min: 1, Avg: 1.0, Max: 1, Diff: 0, Sum: 4]
      [GC Worker Other (ms): Min: 0.0, Avg: 0.0, Max: 0.0, Diff: 0.0, Sum: 0.0]
      [GC Worker Total (ms): Min: 3.0, Avg: 3.0, Max: 3.0, Diff: 0.0, Sum: 11.9]
      [GC Worker End (ms): Min: 54476.5, Avg: 54476.5, Max: 54476.5, Diff: 0.0]
   [Code Root Fixup: 0.0 ms]
   [Code Root Purge: 0.0 ms]
   [Clear CT: 0.0 ms]
   [Other: 0.5 ms]
      [Choose CSet: 0.0 ms]
      [Ref Proc: 0.0 ms]
      [Ref Enq: 0.0 ms]
      [Redirty Cards: 0.0 ms]
      [Humongous Register: 0.0 ms]
      [Humongous Reclaim: 0.0 ms]
      [Free CSet: 0.1 ms]
   [Eden: 41.0M(41.0M)->0.0B(41.0M) Survivors: 6144.0K->6144.0K Heap: 877.0M(940.0M)->844.0M(940.0M)]
 [Times: user=0.00 sys=0.00, real=0.00 secs] 
2016-06-27T20:25:52.205+0300: 54.477: Total time for which application threads were stopped: 0.0052713 seconds, Stopping threads took: 0.0010927 seconds
2016-06-27T20:25:52.211+0300: 54.483: Total time for which application threads were stopped: 0.0033554 seconds, Stopping threads took: 0.0029833 seconds
2016-06-27T20:25:52.212+0300: 54.484: Total time for which application threads were stopped: 0.0004020 seconds, Stopping threads took: 0.0000475 seconds
2016-06-27T20:25:52.212+0300: 54.484: Total time for which application threads were stopped: 0.0003952 seconds, Stopping threads took: 0.0000445 seconds
2016-06-27T20:25:52.553+0300: 54.826: [GC pause (G1 Evacuation Pause) (mixed)
Desired survivor size 3145728 bytes, new threshold 1 (max 15)
- age   1:    5958008 bytes,    5958008 total
, 0.0164232 secs]
   [Parallel Time: 15.1 ms, GC Workers: 4]
      [GC Worker Start (ms): Min: 54825.8, Avg: 54825.8, Max: 54825.8, Diff: 0.0]
      [Ext Root Scanning (ms): Min: 0.6, Avg: 0.7, Max: 0.8, Diff: 0.1, Sum: 2.7]
      [Update RS (ms): Min: 0.4, Avg: 0.5, Max: 0.5, Diff: 0.0, Sum: 1.8]
         [Processed Buffers: Min: 1, Avg: 8.3, Max: 15, Diff: 14, Sum: 33]
      [Scan RS (ms): Min: 2.4, Avg: 2.4, Max: 2.4, Diff: 0.0, Sum: 9.5]
      [Code Root Scanning (ms): Min: 0.0, Avg: 0.0, Max: 0.0, Diff: 0.0, Sum: 0.1]
      [Object Copy (ms): Min: 11.4, Avg: 11.5, Max: 11.6, Diff: 0.2, Sum: 46.1]
      [Termination (ms): Min: 0.0, Avg: 0.0, Max: 0.1, Diff: 0.1, Sum: 0.1]
         [Termination Attempts: Min: 1, Avg: 2.0, Max: 4, Diff: 3, Sum: 8]
      [GC Worker Other (ms): Min: 0.0, Avg: 0.0, Max: 0.0, Diff: 0.0, Sum: 0.0]
      [GC Worker Total (ms): Min: 15.1, Avg: 15.1, Max: 15.1, Diff: 0.0, Sum: 60.4]
      [GC Worker End (ms): Min: 54840.9, Avg: 54840.9, Max: 54840.9, Diff: 0.0]
   [Code Root Fixup: 0.0 ms]
   [Code Root Purge: 0.0 ms]
   [Clear CT: 0.2 ms]
   [Other: 1.0 ms]
      [Choose CSet: 0.1 ms]
      [Ref Proc: 0.1 ms]
      [Ref Enq: 0.0 ms]
      [Redirty Cards: 0.0 ms]
      [Humongous Register: 0.0 ms]
      [Humongous Reclaim: 0.0 ms]
      [Free CSet: 0.4 ms]
   [Eden: 41.0M(41.0M)->0.0B(41.0M) Survivors: 6144.0K->6144.0K Heap: 885.0M(940.0M)->824.0M(953.0M)]
 [Times: user=0.03 sys=0.03, real=0.02 secs] 
2016-06-27T20:25:52.570+0300: 54.842: Total time for which application threads were stopped: 0.0176732 seconds, Stopping threads took: 0.0006552 seconds
2016-06-27T20:25:52.731+0300: 55.004: Total time for which application threads were stopped: 0.0007497 seconds, Stopping threads took: 0.0003819 seconds
2016-06-27T20:25:52.732+0300: 55.004: Total time for which application threads were stopped: 0.0004721 seconds, Stopping threads took: 0.0001463 seconds
2016-06-27T20:25:52.733+0300: 55.005: Total time for which application threads were stopped: 0.0003772 seconds, Stopping threads took: 0.0000821 seconds
2016-06-27T20:25:52.733+0300: 55.005: Total time for which application threads were stopped: 0.0003169 seconds, Stopping threads took: 0.0000329 seconds
2016-06-27T20:25:52.733+0300: 55.006: Total time for which application threads were stopped: 0.0003242 seconds, Stopping threads took: 0.0000368 seconds
2016-06-27T20:25:52.734+0300: 55.006: Total time for which application threads were stopped: 0.0003276 seconds, Stopping threads took: 0.0000428 seconds
2016-06-27T20:25:52.734+0300: 55.006: Total time for which application threads were stopped: 0.0003443 seconds, Stopping threads took: 0.0000432 seconds
2016-06-27T20:25:52.735+0300: 55.007: Total time for which application threads were stopped: 0.0003122 seconds, Stopping threads took: 0.0000436 seconds
2016-06-27T20:25:52.912+0300: 55.184: [GC pause (G1 Evacuation Pause) (young)
Desired survivor size 3145728 bytes, new threshold 1 (max 15)
- age   1:    6164968 bytes,    6164968 total
, 0.0103958 secs]
   [Parallel Time: 9.9 ms, GC Workers: 4]
      [GC Worker Start (ms): Min: 55183.8, Avg: 55183.8, Max: 55183.8, Diff: 0.0]
      [Ext Root Scanning (ms): Min: 0.6, Avg: 0.6, Max: 0.7, Diff: 0.1, Sum: 2.5]
      [Update RS (ms): Min: 7.1, Avg: 7.4, Max: 7.9, Diff: 0.8, Sum: 29.4]
         [Processed Buffers: Min: 9, Avg: 15.5, Max: 26, Diff: 17, Sum: 62]
      [Scan RS (ms): Min: 0.0, Avg: 0.0, Max: 0.0, Diff: 0.0, Sum: 0.0]
      [Code Root Scanning (ms): Min: 0.0, Avg: 0.0, Max: 0.0, Diff: 0.0, Sum: 0.0]
      [Object Copy (ms): Min: 1.3, Avg: 1.8, Max: 2.0, Diff: 0.7, Sum: 7.2]
      [Termination (ms): Min: 0.0, Avg: 0.0, Max: 0.0, Diff: 0.0, Sum: 0.0]
         [Termination Attempts: Min: 1, Avg: 1.0, Max: 1, Diff: 0, Sum: 4]
      [GC Worker Other (ms): Min: 0.0, Avg: 0.0, Max: 0.0, Diff: 0.0, Sum: 0.1]
      [GC Worker Total (ms): Min: 9.8, Avg: 9.8, Max: 9.8, Diff: 0.0, Sum: 39.3]
      [GC Worker End (ms): Min: 55193.6, Avg: 55193.6, Max: 55193.6, Diff: 0.0]
   [Code Root Fixup: 0.0 ms]
   [Code Root Purge: 0.0 ms]
   [Clear CT: 0.1 ms]
   [Other: 0.4 ms]
      [Choose CSet: 0.0 ms]
      [Ref Proc: 0.0 ms]
      [Ref Enq: 0.0 ms]
      [Redirty Cards: 0.0 ms]
      [Humongous Register: 0.0 ms]
      [Humongous Reclaim: 0.0 ms]
      [Free CSet: 0.1 ms]
   [Eden: 41.0M(41.0M)->0.0B(41.0M) Survivors: 6144.0K->6144.0K Heap: 865.0M(953.0M)->831.5M(953.0M)]
 [Times: user=0.00 sys=0.00, real=0.01 secs] 
2016-06-27T20:25:52.922+0300: 55.194: Total time for which application threads were stopped: 0.0113953 seconds, Stopping threads took: 0.0004217 seconds
2016-06-27T20:25:53.271+0300: 55.543: [GC pause (G1 Evacuation Pause) (young) (initial-mark)
Desired survivor size 3145728 bytes, new threshold 1 (max 15)
- age   1:    6171064 bytes,    6171064 total
, 0.0036851 secs]
   [Parallel Time: 3.1 ms, GC Workers: 4]
      [GC Worker Start (ms): Min: 55543.6, Avg: 55543.6, Max: 55543.6, Diff: 0.0]
      [Ext Root Scanning (ms): Min: 0.5, Avg: 0.5, Max: 0.6, Diff: 0.2, Sum: 2.1]
      [Update RS (ms): Min: 0.4, Avg: 0.5, Max: 0.7, Diff: 0.3, Sum: 2.2]
         [Processed Buffers: Min: 2, Avg: 7.0, Max: 12, Diff: 10, Sum: 28]
      [Scan RS (ms): Min: 0.0, Avg: 0.0, Max: 0.0, Diff: 0.0, Sum: 0.0]
      [Code Root Scanning (ms): Min: 0.0, Avg: 0.0, Max: 0.0, Diff: 0.0, Sum: 0.0]
      [Object Copy (ms): Min: 1.9, Avg: 2.0, Max: 2.1, Diff: 0.2, Sum: 7.9]
      [Termination (ms): Min: 0.0, Avg: 0.0, Max: 0.0, Diff: 0.0, Sum: 0.0]
         [Termination Attempts: Min: 1, Avg: 1.0, Max: 1, Diff: 0, Sum: 4]
      [GC Worker Other (ms): Min: 0.0, Avg: 0.0, Max: 0.0, Diff: 0.0, Sum: 0.1]
      [GC Worker Total (ms): Min: 3.1, Avg: 3.1, Max: 3.1, Diff: 0.0, Sum: 12.3]
      [GC Worker End (ms): Min: 55546.7, Avg: 55546.7, Max: 55546.7, Diff: 0.0]
   [Code Root Fixup: 0.0 ms]
   [Code Root Purge: 0.0 ms]
   [Clear CT: 0.0 ms]
   [Other: 0.5 ms]
      [Choose CSet: 0.0 ms]
      [Ref Proc: 0.1 ms]
      [Ref Enq: 0.0 ms]
      [Redirty Cards: 0.0 ms]
      [Humongous Register: 0.0 ms]
      [Humongous Reclaim: 0.0 ms]
      [Free CSet: 0.0 ms]
   [Eden: 41.0M(41.0M)->0.0B(41.0M) Survivors: 6144.0K->6144.0K Heap: 872.5M(953.0M)->839.0M(953.0M)]
 [Times: user=0.00 sys=0.00, real=0.00 secs] 
2016-06-27T20:25:53.275+0300: 55.547: [GC concurrent-root-region-scan-start]
2016-06-27T20:25:53.275+0300: 55.547: Total time for which application threads were stopped: 0.0049206 seconds, Stopping threads took: 0.0007103 seconds
2016-06-27T20:25:53.276+0300: 55.548: [GC concurrent-root-region-scan-end, 0.0006120 secs]
2016-06-27T20:25:53.276+0300: 55.548: [GC concurrent-mark-start]
2016-06-27T20:25:53.329+0300: 55.601: [GC concurrent-mark-end, 0.0524065 secs]
2016-06-27T20:25:53.361+0300: 55.633: [GC remark 2016-06-27T20:25:53.361+0300: 55.633: [Finalize Marking, 0.0001770 secs] 2016-06-27T20:25:53.361+0300: 55.633: [GC ref-proc, 0.0000556 secs] 2016-06-27T20:25:53.361+0300: 55.633: [Unloading, 0.0010952 secs], 0.0049591 secs]
 [Times: user=0.06 sys=0.00, real=0.00 secs] 
2016-06-27T20:25:53.366+0300: 55.638: Total time for which application threads were stopped: 0.0055813 seconds, Stopping threads took: 0.0002027 seconds
2016-06-27T20:25:53.370+0300: 55.642: [GC cleanup 852M->852M(953M), 0.0016144 secs]
 [Times: user=0.00 sys=0.00, real=0.00 secs] 
2016-06-27T20:25:53.372+0300: 55.644: Total time for which application threads were stopped: 0.0020420 seconds, Stopping threads took: 0.0000701 seconds
2016-06-27T20:25:53.602+0300: 55.874: [GC pause (G1 Evacuation Pause) (young)
Desired survivor size 3145728 bytes, new threshold 1 (max 15)
- age   1:    6168872 bytes,    6168872 total
, 0.0034413 secs]
   [Parallel Time: 3.0 ms, GC Workers: 4]
      [GC Worker Start (ms): Min: 55874.2, Avg: 55874.2, Max: 55874.2, Diff: 0.0]
      [Ext Root Scanning (ms): Min: 0.4, Avg: 0.5, Max: 0.5, Diff: 0.1, Sum: 1.9]
      [Update RS (ms): Min: 0.4, Avg: 0.5, Max: 0.8, Diff: 0.3, Sum: 2.1]
         [Processed Buffers: Min: 1, Avg: 8.0, Max: 16, Diff: 15, Sum: 32]
      [Scan RS (ms): Min: 0.0, Avg: 0.0, Max: 0.0, Diff: 0.0, Sum: 0.0]
      [Code Root Scanning (ms): Min: 0.0, Avg: 0.0, Max: 0.0, Diff: 0.0, Sum: 0.0]
      [Object Copy (ms): Min: 1.7, Avg: 1.9, Max: 2.0, Diff: 0.3, Sum: 7.5]
      [Termination (ms): Min: 0.0, Avg: 0.0, Max: 0.0, Diff: 0.0, Sum: 0.0]
         [Termination Attempts: Min: 1, Avg: 1.0, Max: 1, Diff: 0, Sum: 4]
      [GC Worker Other (ms): Min: 0.0, Avg: 0.0, Max: 0.0, Diff: 0.0, Sum: 0.1]
      [GC Worker Total (ms): Min: 2.9, Avg: 2.9, Max: 2.9, Diff: 0.0, Sum: 11.7]
      [GC Worker End (ms): Min: 55877.1, Avg: 55877.1, Max: 55877.1, Diff: 0.0]
   [Code Root Fixup: 0.0 ms]
   [Code Root Purge: 0.0 ms]
   [Clear CT: 0.0 ms]
   [Other: 0.5 ms]
      [Choose CSet: 0.0 ms]
      [Ref Proc: 0.1 ms]
      [Ref Enq: 0.0 ms]
      [Redirty Cards: 0.0 ms]
      [Humongous Register: 0.0 ms]
      [Humongous Reclaim: 0.0 ms]
      [Free CSet: 0.1 ms]
   [Eden: 41.0M(41.0M)->0.0B(41.0M) Survivors: 6144.0K->6144.0K Heap: 880.0M(953.0M)->847.0M(953.0M)]
 [Times: user=0.00 sys=0.00, real=0.00 secs] 
2016-06-27T20:25:53.606+0300: 55.878: Total time for which application threads were stopped: 0.0045092 seconds, Stopping threads took: 0.0004999 seconds
2016-06-27T20:25:53.955+0300: 56.227: [GC pause (G1 Evacuation Pause) (mixed)
Desired survivor size 3145728 bytes, new threshold 1 (max 15)
- age   1:    5973872 bytes,    5973872 total
, 0.0086168 secs]
   [Parallel Time: 7.7 ms, GC Workers: 4]
      [GC Worker Start (ms): Min: 56227.5, Avg: 56227.5, Max: 56227.5, Diff: 0.0]
      [Ext Root Scanning (ms): Min: 0.4, Avg: 0.5, Max: 0.6, Diff: 0.2, Sum: 1.9]
      [Update RS (ms): Min: 0.5, Avg: 0.5, Max: 0.5, Diff: 0.0, Sum: 2.2]
         [Processed Buffers: Min: 1, Avg: 8.5, Max: 14, Diff: 13, Sum: 34]
      [Scan RS (ms): Min: 1.2, Avg: 1.3, Max: 1.3, Diff: 0.1, Sum: 5.1]
      [Code Root Scanning (ms): Min: 0.0, Avg: 0.0, Max: 0.0, Diff: 0.0, Sum: 0.0]
      [Object Copy (ms): Min: 5.4, Avg: 5.4, Max: 5.4, Diff: 0.1, Sum: 21.6]
      [Termination (ms): Min: 0.0, Avg: 0.0, Max: 0.0, Diff: 0.0, Sum: 0.0]
         [Termination Attempts: Min: 1, Avg: 3.0, Max: 5, Diff: 4, Sum: 12]
      [GC Worker Other (ms): Min: 0.0, Avg: 0.0, Max: 0.0, Diff: 0.0, Sum: 0.1]
      [GC Worker Total (ms): Min: 7.7, Avg: 7.7, Max: 7.7, Diff: 0.0, Sum: 30.8]
      [GC Worker End (ms): Min: 56235.2, Avg: 56235.2, Max: 56235.2, Diff: 0.0]
   [Code Root Fixup: 0.0 ms]
   [Code Root Purge: 0.0 ms]
   [Clear CT: 0.2 ms]
   [Other: 0.7 ms]
      [Choose CSet: 0.1 ms]
      [Ref Proc: 0.1 ms]
      [Ref Enq: 0.0 ms]
      [Redirty Cards: 0.0 ms]
      [Humongous Register: 0.0 ms]
      [Humongous Reclaim: 0.0 ms]
      [Free CSet: 0.2 ms]
   [Eden: 41.0M(41.0M)->0.0B(41.0M) Survivors: 6144.0K->6144.0K Heap: 888.0M(953.0M)->840.5M(953.0M)]
 [Times: user=0.06 sys=0.00, real=0.01 secs] 
2016-06-27T20:25:53.964+0300: 56.236: Total time for which application threads were stopped: 0.0102453 seconds, Stopping threads took: 0.0009310 seconds
2016-06-27T20:25:54.309+0300: 56.581: [GC pause (G1 Evacuation Pause) (young)
Desired survivor size 3145728 bytes, new threshold 1 (max 15)
- age   1:    6098552 bytes,    6098552 total
, 0.0070122 secs]
   [Parallel Time: 6.5 ms, GC Workers: 4]
      [GC Worker Start (ms): Min: 56581.3, Avg: 56581.3, Max: 56581.3, Diff: 0.0]
      [Ext Root Scanning (ms): Min: 0.5, Avg: 0.5, Max: 0.5, Diff: 0.1, Sum: 2.0]
      [Update RS (ms): Min: 3.9, Avg: 4.0, Max: 4.1, Diff: 0.2, Sum: 15.9]
         [Processed Buffers: Min: 4, Avg: 11.8, Max: 20, Diff: 16, Sum: 47]
      [Scan RS (ms): Min: 0.0, Avg: 0.0, Max: 0.0, Diff: 0.0, Sum: 0.0]
      [Code Root Scanning (ms): Min: 0.0, Avg: 0.0, Max: 0.0, Diff: 0.0, Sum: 0.0]
      [Object Copy (ms): Min: 1.8, Avg: 2.0, Max: 2.0, Diff: 0.2, Sum: 7.9]
      [Termination (ms): Min: 0.0, Avg: 0.0, Max: 0.0, Diff: 0.0, Sum: 0.0]
         [Termination Attempts: Min: 1, Avg: 1.0, Max: 1, Diff: 0, Sum: 4]
      [GC Worker Other (ms): Min: 0.0, Avg: 0.0, Max: 0.0, Diff: 0.0, Sum: 0.1]
      [GC Worker Total (ms): Min: 6.5, Avg: 6.5, Max: 6.5, Diff: 0.0, Sum: 25.9]
      [GC Worker End (ms): Min: 56587.7, Avg: 56587.7, Max: 56587.7, Diff: 0.0]
   [Code Root Fixup: 0.0 ms]
   [Code Root Purge: 0.0 ms]
   [Clear CT: 0.0 ms]
   [Other: 0.5 ms]
      [Choose CSet: 0.0 ms]
      [Ref Proc: 0.1 ms]
      [Ref Enq: 0.0 ms]
      [Redirty Cards: 0.0 ms]
      [Humongous Register: 0.0 ms]
      [Humongous Reclaim: 0.0 ms]
      [Free CSet: 0.1 ms]
   [Eden: 41.0M(41.0M)->0.0B(41.0M) Survivors: 6144.0K->6144.0K Heap: 881.5M(953.0M)->848.5M(953.0M)]
 [Times: user=0.00 sys=0.00, real=0.01 secs] 
2016-06-27T20:25:54.316+0300: 56.588: Total time for which application threads were stopped: 0.0085296 seconds, Stopping threads took: 0.0009113 seconds
2016-06-27T20:25:54.667+0300: 56.940: [GC pause (G1 Evacuation Pause) (young) (initial-mark)
Desired survivor size 3145728 bytes, new threshold 1 (max 15)
- age   1:    6104232 bytes,    6104232 total
, 0.0036535 secs]
   [Parallel Time: 3.1 ms, GC Workers: 4]
      [GC Worker Start (ms): Min: 56939.8, Avg: 56939.8, Max: 56939.8, Diff: 0.0]
      [Ext Root Scanning (ms): Min: 0.5, Avg: 0.5, Max: 0.7, Diff: 0.2, Sum: 2.2]
      [Update RS (ms): Min: 0.4, Avg: 0.5, Max: 0.5, Diff: 0.1, Sum: 1.9]
         [Processed Buffers: Min: 3, Avg: 9.5, Max: 14, Diff: 11, Sum: 38]
      [Scan RS (ms): Min: 0.0, Avg: 0.0, Max: 0.0, Diff: 0.0, Sum: 0.0]
      [Code Root Scanning (ms): Min: 0.0, Avg: 0.0, Max: 0.0, Diff: 0.0, Sum: 0.0]
      [Object Copy (ms): Min: 2.0, Avg: 2.0, Max: 2.1, Diff: 0.1, Sum: 8.1]
      [Termination (ms): Min: 0.0, Avg: 0.0, Max: 0.0, Diff: 0.0, Sum: 0.0]
         [Termination Attempts: Min: 1, Avg: 1.0, Max: 1, Diff: 0, Sum: 4]
      [GC Worker Other (ms): Min: 0.0, Avg: 0.0, Max: 0.0, Diff: 0.0, Sum: 0.0]
      [GC Worker Total (ms): Min: 3.1, Avg: 3.1, Max: 3.1, Diff: 0.0, Sum: 12.3]
      [GC Worker End (ms): Min: 56942.9, Avg: 56942.9, Max: 56942.9, Diff: 0.0]
   [Code Root Fixup: 0.0 ms]
   [Code Root Purge: 0.0 ms]
   [Clear CT: 0.0 ms]
   [Other: 0.5 ms]
      [Choose CSet: 0.0 ms]
      [Ref Proc: 0.1 ms]
      [Ref Enq: 0.0 ms]
      [Redirty Cards: 0.0 ms]
      [Humongous Register: 0.0 ms]
      [Humongous Reclaim: 0.0 ms]
      [Free CSet: 0.0 ms]
   [Eden: 41.0M(41.0M)->0.0B(41.0M) Survivors: 6144.0K->6144.0K Heap: 889.5M(953.0M)->856.5M(953.0M)]
 [Times: user=0.00 sys=0.00, real=0.00 secs] 
2016-06-27T20:25:54.671+0300: 56.943: [GC concurrent-root-region-scan-start]
2016-06-27T20:25:54.671+0300: 56.944: Total time for which application threads were stopped: 0.0050698 seconds, Stopping threads took: 0.0007531 seconds
2016-06-27T20:25:54.672+0300: 56.944: [GC concurrent-root-region-scan-end, 0.0005649 secs]
2016-06-27T20:25:54.672+0300: 56.944: [GC concurrent-mark-start]
2016-06-27T20:25:54.729+0300: 57.000: [GC concurrent-mark-end, 0.0560146 secs]
2016-06-27T20:25:54.761+0300: 57.033: [GC remark 2016-06-27T20:25:54.761+0300: 57.033: [Finalize Marking, 0.0002549 secs] 2016-06-27T20:25:54.761+0300: 57.033: [GC ref-proc, 0.0000898 secs] 2016-06-27T20:25:54.761+0300: 57.033: [Unloading, 0.0013775 secs], 0.0065726 secs]
 [Times: user=0.00 sys=0.00, real=0.01 secs] 
2016-06-27T20:25:54.767+0300: 57.039: Total time for which application threads were stopped: 0.0073569 seconds, Stopping threads took: 0.0002763 seconds
2016-06-27T20:25:54.881+0300: 57.153: [GC cleanup 885M->885M(953M), 0.0016037 secs]
 [Times: user=0.00 sys=0.00, real=0.00 secs] 
2016-06-27T20:25:54.882+0300: 57.154: Total time for which application threads were stopped: 0.0023760 seconds, Stopping threads took: 0.0002515 seconds
2016-06-27T20:25:54.985+0300: 57.257: [GC pause (G1 Evacuation Pause) (young)
Desired survivor size 3145728 bytes, new threshold 1 (max 15)
- age   1:    6180304 bytes,    6180304 total
, 0.0034187 secs]
   [Parallel Time: 2.9 ms, GC Workers: 4]
      [GC Worker Start (ms): Min: 57257.2, Avg: 57257.2, Max: 57257.2, Diff: 0.0]
      [Ext Root Scanning (ms): Min: 0.4, Avg: 0.5, Max: 0.5, Diff: 0.1, Sum: 1.9]
      [Update RS (ms): Min: 0.4, Avg: 0.5, Max: 0.6, Diff: 0.1, Sum: 2.2]
         [Processed Buffers: Min: 1, Avg: 5.8, Max: 10, Diff: 9, Sum: 23]
      [Scan RS (ms): Min: 0.0, Avg: 0.0, Max: 0.0, Diff: 0.0, Sum: 0.0]
      [Code Root Scanning (ms): Min: 0.0, Avg: 0.0, Max: 0.0, Diff: 0.0, Sum: 0.0]
      [Object Copy (ms): Min: 1.8, Avg: 1.9, Max: 2.0, Diff: 0.2, Sum: 7.5]
      [Termination (ms): Min: 0.0, Avg: 0.0, Max: 0.0, Diff: 0.0, Sum: 0.0]
         [Termination Attempts: Min: 1, Avg: 1.0, Max: 1, Diff: 0, Sum: 4]
      [GC Worker Other (ms): Min: 0.0, Avg: 0.0, Max: 0.0, Diff: 0.0, Sum: 0.1]
      [GC Worker Total (ms): Min: 2.9, Avg: 2.9, Max: 2.9, Diff: 0.0, Sum: 11.6]
      [GC Worker End (ms): Min: 57260.1, Avg: 57260.1, Max: 57260.1, Diff: 0.0]
   [Code Root Fixup: 0.0 ms]
   [Code Root Purge: 0.0 ms]
   [Clear CT: 0.0 ms]
   [Other: 0.4 ms]
      [Choose CSet: 0.0 ms]
      [Ref Proc: 0.0 ms]
      [Ref Enq: 0.0 ms]
      [Redirty Cards: 0.0 ms]
      [Humongous Register: 0.0 ms]
      [Humongous Reclaim: 0.0 ms]
      [Free CSet: 0.1 ms]
   [Eden: 41.0M(41.0M)->0.0B(41.0M) Survivors: 6144.0K->6144.0K Heap: 897.5M(953.0M)->864.0M(953.0M)]
 [Times: user=0.00 sys=0.00, real=0.00 secs] 
2016-06-27T20:25:54.989+0300: 57.261: Total time for which application threads were stopped: 0.0042714 seconds, Stopping threads took: 0.0003233 seconds
2016-06-27T20:25:55.336+0300: 57.609: [GC pause (G1 Evacuation Pause) (mixed)
Desired survivor size 3145728 bytes, new threshold 1 (max 15)
- age   1:    6192136 bytes,    6192136 total
, 0.0119046 secs]
   [Parallel Time: 10.9 ms, GC Workers: 4]
      [GC Worker Start (ms): Min: 57609.0, Avg: 57609.0, Max: 57609.0, Diff: 0.0]
      [Ext Root Scanning (ms): Min: 0.4, Avg: 0.5, Max: 0.6, Diff: 0.2, Sum: 2.0]
      [Update RS (ms): Min: 0.4, Avg: 0.4, Max: 0.5, Diff: 0.1, Sum: 1.7]
         [Processed Buffers: Min: 1, Avg: 9.0, Max: 26, Diff: 25, Sum: 36]
      [Scan RS (ms): Min: 1.6, Avg: 1.7, Max: 1.7, Diff: 0.1, Sum: 6.7]
      [Code Root Scanning (ms): Min: 0.0, Avg: 0.0, Max: 0.0, Diff: 0.0, Sum: 0.0]
      [Object Copy (ms): Min: 8.2, Avg: 8.3, Max: 8.3, Diff: 0.1, Sum: 33.0]
      [Termination (ms): Min: 0.0, Avg: 0.0, Max: 0.0, Diff: 0.0, Sum: 0.0]
         [Termination Attempts: Min: 1, Avg: 1.0, Max: 1, Diff: 0, Sum: 4]
      [GC Worker Other (ms): Min: 0.0, Avg: 0.0, Max: 0.0, Diff: 0.0, Sum: 0.0]
      [GC Worker Total (ms): Min: 10.9, Avg: 10.9, Max: 10.9, Diff: 0.0, Sum: 43.6]
      [GC Worker End (ms): Min: 57619.9, Avg: 57619.9, Max: 57619.9, Diff: 0.0]
   [Code Root Fixup: 0.0 ms]
   [Code Root Purge: 0.0 ms]
   [Clear CT: 0.2 ms]
   [Other: 0.8 ms]
      [Choose CSet: 0.1 ms]
      [Ref Proc: 0.0 ms]
      [Ref Enq: 0.0 ms]
      [Redirty Cards: 0.0 ms]
      [Humongous Register: 0.0 ms]
      [Humongous Reclaim: 0.0 ms]
      [Free CSet: 0.3 ms]
   [Eden: 41.0M(41.0M)->0.0B(41.0M) Survivors: 6144.0K->6144.0K Heap: 905.0M(953.0M)->855.5M(956.0M)]
 [Times: user=0.02 sys=0.00, real=0.01 secs] 
2016-06-27T20:25:55.350+0300: 57.622: Total time for which application threads were stopped: 0.0147785 seconds, Stopping threads took: 0.0012671 seconds
2016-06-27T20:25:55.698+0300: 57.970: [GC pause (G1 Evacuation Pause) (young)
Desired survivor size 3145728 bytes, new threshold 1 (max 15)
- age   1:    5868600 bytes,    5868600 total
, 0.0086656 secs]
   [Parallel Time: 8.1 ms, GC Workers: 4]
      [GC Worker Start (ms): Min: 57970.0, Avg: 57970.1, Max: 57970.1, Diff: 0.0]
      [Ext Root Scanning (ms): Min: 0.4, Avg: 0.5, Max: 0.5, Diff: 0.1, Sum: 1.8]
      [Update RS (ms): Min: 5.6, Avg: 5.7, Max: 5.7, Diff: 0.1, Sum: 22.8]
         [Processed Buffers: Min: 7, Avg: 10.5, Max: 12, Diff: 5, Sum: 42]
      [Scan RS (ms): Min: 0.0, Avg: 0.0, Max: 0.0, Diff: 0.0, Sum: 0.0]
      [Code Root Scanning (ms): Min: 0.0, Avg: 0.0, Max: 0.0, Diff: 0.0, Sum: 0.0]
      [Object Copy (ms): Min: 1.9, Avg: 1.9, Max: 2.0, Diff: 0.1, Sum: 7.7]
      [Termination (ms): Min: 0.0, Avg: 0.0, Max: 0.0, Diff: 0.0, Sum: 0.0]
         [Termination Attempts: Min: 1, Avg: 1.0, Max: 1, Diff: 0, Sum: 4]
      [GC Worker Other (ms): Min: 0.0, Avg: 0.0, Max: 0.0, Diff: 0.0, Sum: 0.0]
      [GC Worker Total (ms): Min: 8.1, Avg: 8.1, Max: 8.1, Diff: 0.0, Sum: 32.4]
      [GC Worker End (ms): Min: 57978.2, Avg: 57978.2, Max: 57978.2, Diff: 0.0]
   [Code Root Fixup: 0.0 ms]
   [Code Root Purge: 0.0 ms]
   [Clear CT: 0.0 ms]
   [Other: 0.5 ms]
      [Choose CSet: 0.0 ms]
      [Ref Proc: 0.1 ms]
      [Ref Enq: 0.0 ms]
      [Redirty Cards: 0.0 ms]
      [Humongous Register: 0.0 ms]
      [Humongous Reclaim: 0.0 ms]
      [Free CSet: 0.1 ms]
   [Eden: 41.0M(41.0M)->0.0B(41.0M) Survivors: 6144.0K->6144.0K Heap: 896.5M(956.0M)->863.5M(956.0M)]
 [Times: user=0.00 sys=0.00, real=0.01 secs] 
2016-06-27T20:25:55.707+0300: 57.979: Total time for which application threads were stopped: 0.0104745 seconds, Stopping threads took: 0.0011902 seconds
2016-06-27T20:25:56.058+0300: 58.331: [GC pause (G1 Evacuation Pause) (young) (initial-mark)
Desired survivor size 3145728 bytes, new threshold 1 (max 15)
- age   1:    6177192 bytes,    6177192 total
, 0.0037941 secs]
   [Parallel Time: 3.1 ms, GC Workers: 4]
      [GC Worker Start (ms): Min: 58331.0, Avg: 58331.0, Max: 58331.0, Diff: 0.0]
      [Ext Root Scanning (ms): Min: 0.5, Avg: 0.5, Max: 0.7, Diff: 0.2, Sum: 2.1]
      [Update RS (ms): Min: 0.4, Avg: 0.4, Max: 0.5, Diff: 0.0, Sum: 1.8]
         [Processed Buffers: Min: 1, Avg: 8.3, Max: 15, Diff: 14, Sum: 33]
      [Scan RS (ms): Min: 0.0, Avg: 0.0, Max: 0.0, Diff: 0.0, Sum: 0.0]
      [Code Root Scanning (ms): Min: 0.0, Avg: 0.0, Max: 0.0, Diff: 0.0, Sum: 0.0]
      [Object Copy (ms): Min: 1.9, Avg: 2.0, Max: 2.1, Diff: 0.2, Sum: 8.1]
      [Termination (ms): Min: 0.0, Avg: 0.0, Max: 0.0, Diff: 0.0, Sum: 0.0]
         [Termination Attempts: Min: 1, Avg: 1.0, Max: 1, Diff: 0, Sum: 4]
      [GC Worker Other (ms): Min: 0.0, Avg: 0.0, Max: 0.0, Diff: 0.0, Sum: 0.1]
      [GC Worker Total (ms): Min: 3.0, Avg: 3.0, Max: 3.0, Diff: 0.0, Sum: 12.1]
      [GC Worker End (ms): Min: 58334.0, Avg: 58334.0, Max: 58334.0, Diff: 0.0]
   [Code Root Fixup: 0.0 ms]
   [Code Root Purge: 0.0 ms]
   [Clear CT: 0.0 ms]
   [Other: 0.7 ms]
      [Choose CSet: 0.0 ms]
      [Ref Proc: 0.1 ms]
      [Ref Enq: 0.0 ms]
      [Redirty Cards: 0.0 ms]
      [Humongous Register: 0.0 ms]
      [Humongous Reclaim: 0.0 ms]
      [Free CSet: 0.1 ms]
   [Eden: 41.0M(41.0M)->0.0B(41.0M) Survivors: 6144.0K->6144.0K Heap: 904.5M(956.0M)->872.0M(956.0M)]
 [Times: user=0.00 sys=0.00, real=0.00 secs] 
2016-06-27T20:25:56.063+0300: 58.335: [GC concurrent-root-region-scan-start]
2016-06-27T20:25:56.063+0300: 58.335: Total time for which application threads were stopped: 0.0055715 seconds, Stopping threads took: 0.0010811 seconds
2016-06-27T20:25:56.063+0300: 58.335: [GC concurrent-root-region-scan-end, 0.0005162 secs]
2016-06-27T20:25:56.063+0300: 58.335: [GC concurrent-mark-start]
2016-06-27T20:25:56.123+0300: 58.395: [GC concurrent-mark-end, 0.0600093 secs]
2016-06-27T20:25:56.140+0300: 58.412: [GC remark 2016-06-27T20:25:56.140+0300: 58.412: [Finalize Marking, 0.0002271 secs] 2016-06-27T20:25:56.141+0300: 58.412: [GC ref-proc, 0.0000877 secs] 2016-06-27T20:25:56.141+0300: 58.413: [Unloading, 0.0012517 secs], 0.0055206 secs]
 [Times: user=0.06 sys=0.00, real=0.01 secs] 
2016-06-27T20:25:56.146+0300: 58.418: Total time for which application threads were stopped: 0.0064661 seconds, Stopping threads took: 0.0004174 seconds
2016-06-27T20:25:56.153+0300: 58.425: [GC cleanup 884M->884M(956M), 0.0016050 secs]
 [Times: user=0.00 sys=0.00, real=0.00 secs] 
2016-06-27T20:25:56.155+0300: 58.427: Total time for which application threads were stopped: 0.0021524 seconds, Stopping threads took: 0.0000744 seconds
2016-06-27T20:25:56.393+0300: 58.665: [GC pause (G1 Evacuation Pause) (young)
Desired survivor size 3145728 bytes, new threshold 1 (max 15)
- age   1:    6152512 bytes,    6152512 total
, 0.0038284 secs]
   [Parallel Time: 3.3 ms, GC Workers: 4]
      [GC Worker Start (ms): Min: 58665.6, Avg: 58665.6, Max: 58665.6, Diff: 0.0]
      [Ext Root Scanning (ms): Min: 0.4, Avg: 0.5, Max: 0.6, Diff: 0.2, Sum: 1.9]
      [Update RS (ms): Min: 0.7, Avg: 0.8, Max: 0.8, Diff: 0.2, Sum: 3.0]
         [Processed Buffers: Min: 2, Avg: 7.0, Max: 11, Diff: 9, Sum: 28]
      [Scan RS (ms): Min: 0.0, Avg: 0.0, Max: 0.0, Diff: 0.0, Sum: 0.0]
      [Code Root Scanning (ms): Min: 0.0, Avg: 0.0, Max: 0.0, Diff: 0.0, Sum: 0.0]
      [Object Copy (ms): Min: 2.0, Avg: 2.0, Max: 2.1, Diff: 0.1, Sum: 8.0]
      [Termination (ms): Min: 0.0, Avg: 0.0, Max: 0.0, Diff: 0.0, Sum: 0.0]
         [Termination Attempts: Min: 1, Avg: 1.0, Max: 1, Diff: 0, Sum: 4]
      [GC Worker Other (ms): Min: 0.0, Avg: 0.0, Max: 0.0, Diff: 0.0, Sum: 0.0]
      [GC Worker Total (ms): Min: 3.3, Avg: 3.3, Max: 3.3, Diff: 0.0, Sum: 13.1]
      [GC Worker End (ms): Min: 58668.8, Avg: 58668.8, Max: 58668.8, Diff: 0.0]
   [Code Root Fixup: 0.0 ms]
   [Code Root Purge: 0.0 ms]
   [Clear CT: 0.0 ms]
   [Other: 0.5 ms]
      [Choose CSet: 0.0 ms]
      [Ref Proc: 0.0 ms]
      [Ref Enq: 0.0 ms]
      [Redirty Cards: 0.1 ms]
      [Humongous Register: 0.0 ms]
      [Humongous Reclaim: 0.0 ms]
      [Free CSet: 0.1 ms]
   [Eden: 41.0M(41.0M)->0.0B(41.0M) Survivors: 6144.0K->6144.0K Heap: 913.0M(956.0M)->880.5M(956.0M)]
 [Times: user=0.06 sys=0.00, real=0.00 secs] 
2016-06-27T20:25:56.397+0300: 58.669: Total time for which application threads were stopped: 0.0050331 seconds, Stopping threads took: 0.0005842 seconds
2016-06-27T20:25:56.749+0300: 59.021: [GC pause (G1 Evacuation Pause) (mixed)
Desired survivor size 3145728 bytes, new threshold 1 (max 15)
- age   1:    6184608 bytes,    6184608 total
, 0.0147494 secs]
   [Parallel Time: 13.6 ms, GC Workers: 4]
      [GC Worker Start (ms): Min: 59021.6, Avg: 59021.7, Max: 59021.7, Diff: 0.0]
      [Ext Root Scanning (ms): Min: 0.5, Avg: 0.5, Max: 0.6, Diff: 0.1, Sum: 2.1]
      [Update RS (ms): Min: 0.5, Avg: 0.6, Max: 0.6, Diff: 0.2, Sum: 2.3]
         [Processed Buffers: Min: 2, Avg: 9.8, Max: 15, Diff: 13, Sum: 39]
      [Scan RS (ms): Min: 1.9, Avg: 2.0, Max: 2.1, Diff: 0.2, Sum: 7.8]
      [Code Root Scanning (ms): Min: 0.0, Avg: 0.0, Max: 0.0, Diff: 0.0, Sum: 0.0]
      [Object Copy (ms): Min: 10.4, Avg: 10.5, Max: 10.5, Diff: 0.1, Sum: 41.8]
      [Termination (ms): Min: 0.0, Avg: 0.0, Max: 0.0, Diff: 0.0, Sum: 0.0]
         [Termination Attempts: Min: 1, Avg: 1.0, Max: 1, Diff: 0, Sum: 4]
      [GC Worker Other (ms): Min: 0.0, Avg: 0.0, Max: 0.0, Diff: 0.0, Sum: 0.0]
      [GC Worker Total (ms): Min: 13.5, Avg: 13.5, Max: 13.5, Diff: 0.0, Sum: 54.1]
      [GC Worker End (ms): Min: 59035.2, Avg: 59035.2, Max: 59035.2, Diff: 0.0]
   [Code Root Fixup: 0.0 ms]
   [Code Root Purge: 0.0 ms]
   [Clear CT: 0.2 ms]
   [Other: 1.0 ms]
      [Choose CSet: 0.1 ms]
      [Ref Proc: 0.1 ms]
      [Ref Enq: 0.0 ms]
      [Redirty Cards: 0.0 ms]
      [Humongous Register: 0.0 ms]
      [Humongous Reclaim: 0.0 ms]
      [Free CSet: 0.4 ms]
   [Eden: 41.0M(41.0M)->0.0B(42.0M) Survivors: 6144.0K->6144.0K Heap: 921.5M(956.0M)->867.5M(979.0M)]
 [Times: user=0.05 sys=0.00, real=0.01 secs] 
2016-06-27T20:25:56.764+0300: 59.036: Total time for which application threads were stopped: 0.0195092 seconds, Stopping threads took: 0.0040037 seconds
2016-06-27T20:25:57.116+0300: 59.388: [GC pause (G1 Evacuation Pause) (young)
Desired survivor size 3145728 bytes, new threshold 1 (max 15)
- age   1:    6188576 bytes,    6188576 total
, 0.0095444 secs]
   [Parallel Time: 9.1 ms, GC Workers: 4]
      [GC Worker Start (ms): Min: 59388.6, Avg: 59388.6, Max: 59388.7, Diff: 0.0]
      [Ext Root Scanning (ms): Min: 0.4, Avg: 0.5, Max: 0.6, Diff: 0.1, Sum: 2.0]
      [Update RS (ms): Min: 6.4, Avg: 6.5, Max: 6.6, Diff: 0.2, Sum: 26.0]
         [Processed Buffers: Min: 8, Avg: 13.5, Max: 21, Diff: 13, Sum: 54]
      [Scan RS (ms): Min: 0.0, Avg: 0.0, Max: 0.0, Diff: 0.0, Sum: 0.0]
      [Code Root Scanning (ms): Min: 0.0, Avg: 0.0, Max: 0.0, Diff: 0.0, Sum: 0.0]
      [Object Copy (ms): Min: 1.8, Avg: 2.0, Max: 2.2, Diff: 0.3, Sum: 7.9]
      [Termination (ms): Min: 0.0, Avg: 0.0, Max: 0.0, Diff: 0.0, Sum: 0.0]
         [Termination Attempts: Min: 1, Avg: 1.0, Max: 1, Diff: 0, Sum: 4]
      [GC Worker Other (ms): Min: 0.0, Avg: 0.0, Max: 0.0, Diff: 0.0, Sum: 0.1]
      [GC Worker Total (ms): Min: 9.0, Avg: 9.0, Max: 9.0, Diff: 0.0, Sum: 36.1]
      [GC Worker End (ms): Min: 59397.7, Avg: 59397.7, Max: 59397.7, Diff: 0.0]
   [Code Root Fixup: 0.0 ms]
   [Code Root Purge: 0.0 ms]
   [Clear CT: 0.0 ms]
   [Other: 0.4 ms]
      [Choose CSet: 0.0 ms]
      [Ref Proc: 0.0 ms]
      [Ref Enq: 0.0 ms]
      [Redirty Cards: 0.0 ms]
      [Humongous Register: 0.0 ms]
      [Humongous Reclaim: 0.0 ms]
      [Free CSet: 0.1 ms]
   [Eden: 42.0M(42.0M)->0.0B(42.0M) Survivors: 6144.0K->6144.0K Heap: 909.5M(979.0M)->876.0M(979.0M)]
 [Times: user=0.00 sys=0.00, real=0.01 secs] 
2016-06-27T20:25:57.126+0300: 59.398: Total time for which application threads were stopped: 0.0114522 seconds, Stopping threads took: 0.0011799 seconds
2016-06-27T20:25:57.322+0300: 59.594: Total time for which application threads were stopped: 0.0011008 seconds, Stopping threads took: 0.0006612 seconds
2016-06-27T20:25:57.322+0300: 59.594: Total time for which application threads were stopped: 0.0004371 seconds, Stopping threads took: 0.0000415 seconds
2016-06-27T20:25:57.323+0300: 59.595: Total time for which application threads were stopped: 0.0004093 seconds, Stopping threads took: 0.0000210 seconds
2016-06-27T20:25:57.327+0300: 59.599: Total time for which application threads were stopped: 0.0005234 seconds, Stopping threads took: 0.0000766 seconds
2016-06-27T20:25:57.328+0300: 59.600: Total time for which application threads were stopped: 0.0004306 seconds, Stopping threads took: 0.0000239 seconds
2016-06-27T20:25:57.480+0300: 59.752: [GC pause (G1 Evacuation Pause) (young) (initial-mark)
Desired survivor size 3145728 bytes, new threshold 1 (max 15)
- age   1:    6175720 bytes,    6175720 total
, 0.0039481 secs]
   [Parallel Time: 3.3 ms, GC Workers: 4]
      [GC Worker Start (ms): Min: 59752.1, Avg: 59752.1, Max: 59752.2, Diff: 0.0]
      [Ext Root Scanning (ms): Min: 0.4, Avg: 0.5, Max: 0.6, Diff: 0.2, Sum: 2.1]
      [Update RS (ms): Min: 0.6, Avg: 0.7, Max: 0.8, Diff: 0.3, Sum: 2.7]
         [Processed Buffers: Min: 2, Avg: 9.5, Max: 15, Diff: 13, Sum: 38]
      [Scan RS (ms): Min: 0.0, Avg: 0.0, Max: 0.0, Diff: 0.0, Sum: 0.0]
      [Code Root Scanning (ms): Min: 0.0, Avg: 0.0, Max: 0.0, Diff: 0.0, Sum: 0.0]
      [Object Copy (ms): Min: 2.0, Avg: 2.0, Max: 2.1, Diff: 0.1, Sum: 8.1]
      [Termination (ms): Min: 0.0, Avg: 0.0, Max: 0.0, Diff: 0.0, Sum: 0.0]
         [Termination Attempts: Min: 1, Avg: 1.0, Max: 1, Diff: 0, Sum: 4]
      [GC Worker Other (ms): Min: 0.0, Avg: 0.0, Max: 0.0, Diff: 0.0, Sum: 0.1]
      [GC Worker Total (ms): Min: 3.2, Avg: 3.2, Max: 3.3, Diff: 0.0, Sum: 13.0]
      [GC Worker End (ms): Min: 59755.4, Avg: 59755.4, Max: 59755.4, Diff: 0.0]
   [Code Root Fixup: 0.0 ms]
   [Code Root Purge: 0.0 ms]
   [Clear CT: 0.0 ms]
   [Other: 0.6 ms]
      [Choose CSet: 0.0 ms]
      [Ref Proc: 0.1 ms]
      [Ref Enq: 0.0 ms]
      [Redirty Cards: 0.0 ms]
      [Humongous Register: 0.0 ms]
      [Humongous Reclaim: 0.0 ms]
      [Free CSet: 0.1 ms]
   [Eden: 42.0M(42.0M)->0.0B(42.0M) Survivors: 6144.0K->6144.0K Heap: 918.0M(979.0M)->884.5M(979.0M)]
 [Times: user=0.00 sys=0.00, real=0.00 secs] 
2016-06-27T20:25:57.484+0300: 59.756: [GC concurrent-root-region-scan-start]
2016-06-27T20:25:57.484+0300: 59.756: Total time for which application threads were stopped: 0.0062955 seconds, Stopping threads took: 0.0017376 seconds
2016-06-27T20:25:57.484+0300: 59.757: [GC concurrent-root-region-scan-end, 0.0005217 secs]
2016-06-27T20:25:57.484+0300: 59.757: [GC concurrent-mark-start]
2016-06-27T20:25:57.542+0300: 59.813: [GC concurrent-mark-end, 0.0536509 secs]
2016-06-27T20:25:57.578+0300: 59.849: [GC remark 2016-06-27T20:25:57.578+0300: 59.849: [Finalize Marking, 0.0001317 secs] 2016-06-27T20:25:57.578+0300: 59.850: [GC ref-proc, 0.0000877 secs] 2016-06-27T20:25:57.578+0300: 59.850: [Unloading, 0.0012552 secs], 0.0052473 secs]
 [Times: user=0.06 sys=0.00, real=0.00 secs] 
2016-06-27T20:25:57.583+0300: 59.855: Total time for which application threads were stopped: 0.0118362 seconds, Stopping threads took: 0.0062134 seconds
2016-06-27T20:25:57.816+0300: 60.088: [GC cleanup 925M->925M(979M), 0.0017641 secs]
 [Times: user=0.06 sys=0.00, real=0.00 secs] 
2016-06-27T20:25:57.817+0300: 60.089: Total time for which application threads were stopped: 0.0046212 seconds, Stopping threads took: 0.0024244 seconds
2016-06-27T20:25:57.826+0300: 60.098: [GC pause (G1 Evacuation Pause) (young)
Desired survivor size 3145728 bytes, new threshold 1 (max 15)
- age   1:    5946744 bytes,    5946744 total
, 0.0037424 secs]
   [Parallel Time: 3.2 ms, GC Workers: 4]
      [GC Worker Start (ms): Min: 60098.2, Avg: 60098.2, Max: 60098.2, Diff: 0.0]
      [Ext Root Scanning (ms): Min: 0.4, Avg: 0.5, Max: 0.5, Diff: 0.1, Sum: 1.8]
      [Update RS (ms): Min: 0.6, Avg: 0.6, Max: 0.7, Diff: 0.1, Sum: 2.3]
         [Processed Buffers: Min: 5, Avg: 9.0, Max: 16, Diff: 11, Sum: 36]
      [Scan RS (ms): Min: 0.0, Avg: 0.0, Max: 0.0, Diff: 0.0, Sum: 0.0]
      [Code Root Scanning (ms): Min: 0.0, Avg: 0.0, Max: 0.0, Diff: 0.0, Sum: 0.0]
      [Object Copy (ms): Min: 2.0, Avg: 2.1, Max: 2.2, Diff: 0.2, Sum: 8.5]
      [Termination (ms): Min: 0.0, Avg: 0.0, Max: 0.0, Diff: 0.0, Sum: 0.0]
         [Termination Attempts: Min: 1, Avg: 1.0, Max: 1, Diff: 0, Sum: 4]
      [GC Worker Other (ms): Min: 0.0, Avg: 0.0, Max: 0.0, Diff: 0.0, Sum: 0.1]
      [GC Worker Total (ms): Min: 3.2, Avg: 3.2, Max: 3.2, Diff: 0.0, Sum: 12.8]
      [GC Worker End (ms): Min: 60101.4, Avg: 60101.4, Max: 60101.4, Diff: 0.0]
   [Code Root Fixup: 0.0 ms]
   [Code Root Purge: 0.0 ms]
   [Clear CT: 0.0 ms]
   [Other: 0.5 ms]
      [Choose CSet: 0.0 ms]
      [Ref Proc: 0.0 ms]
      [Ref Enq: 0.0 ms]
      [Redirty Cards: 0.0 ms]
      [Humongous Register: 0.0 ms]
      [Humongous Reclaim: 0.0 ms]
      [Free CSet: 0.1 ms]
   [Eden: 42.0M(42.0M)->0.0B(42.0M) Survivors: 6144.0K->6144.0K Heap: 926.5M(979.0M)->892.0M(979.0M)]
 [Times: user=0.00 sys=0.00, real=0.00 secs] 
2016-06-27T20:25:57.830+0300: 60.102: Total time for which application threads were stopped: 0.0043886 seconds, Stopping threads took: 0.0000432 seconds
2016-06-27T20:25:58.190+0300: 60.462: [GC pause (G1 Evacuation Pause) (mixed)
Desired survivor size 3145728 bytes, new threshold 1 (max 15)
- age   1:    6166680 bytes,    6166680 total
, 0.0193056 secs]
   [Parallel Time: 18.2 ms, GC Workers: 4]
      [GC Worker Start (ms): Min: 60462.6, Avg: 60462.6, Max: 60462.6, Diff: 0.1]
      [Ext Root Scanning (ms): Min: 0.4, Avg: 0.5, Max: 0.7, Diff: 0.2, Sum: 2.0]
      [Update RS (ms): Min: 0.6, Avg: 0.7, Max: 0.8, Diff: 0.1, Sum: 2.8]
         [Processed Buffers: Min: 8, Avg: 13.3, Max: 19, Diff: 11, Sum: 53]
      [Scan RS (ms): Min: 2.4, Avg: 2.5, Max: 2.6, Diff: 0.2, Sum: 10.0]
      [Code Root Scanning (ms): Min: 0.0, Avg: 0.0, Max: 0.0, Diff: 0.0, Sum: 0.0]
      [Object Copy (ms): Min: 14.2, Avg: 14.4, Max: 14.5, Diff: 0.2, Sum: 57.5]
      [Termination (ms): Min: 0.0, Avg: 0.0, Max: 0.0, Diff: 0.0, Sum: 0.0]
         [Termination Attempts: Min: 1, Avg: 1.3, Max: 2, Diff: 1, Sum: 5]
      [GC Worker Other (ms): Min: 0.0, Avg: 0.0, Max: 0.0, Diff: 0.0, Sum: 0.0]
      [GC Worker Total (ms): Min: 18.1, Avg: 18.1, Max: 18.1, Diff: 0.1, Sum: 72.4]
      [GC Worker End (ms): Min: 60480.7, Avg: 60480.7, Max: 60480.7, Diff: 0.0]
   [Code Root Fixup: 0.0 ms]
   [Code Root Purge: 0.0 ms]
   [Clear CT: 0.2 ms]
   [Other: 0.9 ms]
      [Choose CSet: 0.1 ms]
      [Ref Proc: 0.0 ms]
      [Ref Enq: 0.0 ms]
      [Redirty Cards: 0.0 ms]
      [Humongous Register: 0.0 ms]
      [Humongous Reclaim: 0.0 ms]
      [Free CSet: 0.4 ms]
   [Eden: 42.0M(42.0M)->0.0B(44.0M) Survivors: 6144.0K->6144.0K Heap: 934.0M(979.0M)->869.0M(1012.0M)]
 [Times: user=0.09 sys=0.03, real=0.02 secs] 
2016-06-27T20:25:58.209+0300: 60.482: Total time for which application threads were stopped: 0.0252393 seconds, Stopping threads took: 0.0053654 seconds
2016-06-27T20:25:58.309+0300: 60.581: Total time for which application threads were stopped: 0.0029760 seconds, Stopping threads took: 0.0007963 seconds
2016-06-27T20:25:58.567+0300: 60.839: [GC pause (G1 Evacuation Pause) (young)
Desired survivor size 3670016 bytes, new threshold 1 (max 15)
- age   1:    6094648 bytes,    6094648 total
, 0.0109629 secs]
   [Parallel Time: 10.4 ms, GC Workers: 4]
      [GC Worker Start (ms): Min: 60839.6, Avg: 60839.6, Max: 60839.7, Diff: 0.0]
      [Ext Root Scanning (ms): Min: 0.5, Avg: 0.5, Max: 0.7, Diff: 0.2, Sum: 2.2]
      [Update RS (ms): Min: 7.7, Avg: 7.8, Max: 8.0, Diff: 0.4, Sum: 31.4]
         [Processed Buffers: Min: 10, Avg: 16.0, Max: 23, Diff: 13, Sum: 64]
      [Scan RS (ms): Min: 0.0, Avg: 0.0, Max: 0.0, Diff: 0.0, Sum: 0.0]
      [Code Root Scanning (ms): Min: 0.0, Avg: 0.0, Max: 0.0, Diff: 0.0, Sum: 0.0]
      [Object Copy (ms): Min: 1.9, Avg: 2.0, Max: 2.1, Diff: 0.1, Sum: 8.0]
      [Termination (ms): Min: 0.0, Avg: 0.0, Max: 0.0, Diff: 0.0, Sum: 0.0]
         [Termination Attempts: Min: 1, Avg: 1.0, Max: 1, Diff: 0, Sum: 4]
      [GC Worker Other (ms): Min: 0.0, Avg: 0.0, Max: 0.0, Diff: 0.0, Sum: 0.1]
      [GC Worker Total (ms): Min: 10.4, Avg: 10.4, Max: 10.4, Diff: 0.0, Sum: 41.7]
      [GC Worker End (ms): Min: 60850.1, Avg: 60850.1, Max: 60850.1, Diff: 0.0]
   [Code Root Fixup: 0.0 ms]
   [Code Root Purge: 0.0 ms]
   [Clear CT: 0.0 ms]
   [Other: 0.5 ms]
      [Choose CSet: 0.0 ms]
      [Ref Proc: 0.1 ms]
      [Ref Enq: 0.0 ms]
      [Redirty Cards: 0.0 ms]
      [Humongous Register: 0.0 ms]
      [Humongous Reclaim: 0.0 ms]
      [Free CSet: 0.1 ms]
   [Eden: 44.0M(44.0M)->0.0B(43.0M) Survivors: 6144.0K->7168.0K Heap: 913.0M(1012.0M)->877.5M(1012.0M)]
 [Times: user=0.00 sys=0.00, real=0.01 secs] 
2016-06-27T20:25:58.579+0300: 60.851: Total time for which application threads were stopped: 0.0124281 seconds, Stopping threads took: 0.0008296 seconds
2016-06-27T20:25:58.943+0300: 61.215: [GC pause (G1 Evacuation Pause) (young) (initial-mark)
Desired survivor size 3670016 bytes, new threshold 1 (max 15)
- age   1:    7028376 bytes,    7028376 total
, 0.0045468 secs]
   [Parallel Time: 3.8 ms, GC Workers: 4]
      [GC Worker Start (ms): Min: 61215.4, Avg: 61215.4, Max: 61215.5, Diff: 0.0]
      [Ext Root Scanning (ms): Min: 0.5, Avg: 0.6, Max: 0.7, Diff: 0.2, Sum: 2.3]
      [Update RS (ms): Min: 0.8, Avg: 0.9, Max: 1.1, Diff: 0.3, Sum: 3.7]
         [Processed Buffers: Min: 3, Avg: 8.5, Max: 15, Diff: 12, Sum: 34]
      [Scan RS (ms): Min: 0.0, Avg: 0.0, Max: 0.0, Diff: 0.0, Sum: 0.0]
      [Code Root Scanning (ms): Min: 0.0, Avg: 0.0, Max: 0.0, Diff: 0.0, Sum: 0.0]
      [Object Copy (ms): Min: 2.1, Avg: 2.2, Max: 2.3, Diff: 0.2, Sum: 8.8]
      [Termination (ms): Min: 0.0, Avg: 0.0, Max: 0.0, Diff: 0.0, Sum: 0.0]
         [Termination Attempts: Min: 1, Avg: 1.0, Max: 1, Diff: 0, Sum: 4]
      [GC Worker Other (ms): Min: 0.0, Avg: 0.0, Max: 0.0, Diff: 0.0, Sum: 0.1]
      [GC Worker Total (ms): Min: 3.7, Avg: 3.7, Max: 3.7, Diff: 0.0, Sum: 14.9]
      [GC Worker End (ms): Min: 61219.2, Avg: 61219.2, Max: 61219.2, Diff: 0.0]
   [Code Root Fixup: 0.0 ms]
   [Code Root Purge: 0.0 ms]
   [Clear CT: 0.1 ms]
   [Other: 0.7 ms]
      [Choose CSet: 0.0 ms]
      [Ref Proc: 0.1 ms]
      [Ref Enq: 0.0 ms]
      [Redirty Cards: 0.0 ms]
      [Humongous Register: 0.0 ms]
      [Humongous Reclaim: 0.0 ms]
      [Free CSet: 0.1 ms]
   [Eden: 43.0M(43.0M)->0.0B(43.0M) Survivors: 7168.0K->7168.0K Heap: 920.5M(1012.0M)->886.0M(1012.0M)]
 [Times: user=0.00 sys=0.00, real=0.00 secs] 
2016-06-27T20:25:58.948+0300: 61.220: [GC concurrent-root-region-scan-start]
2016-06-27T20:25:58.948+0300: 61.220: Total time for which application threads were stopped: 0.0085817 seconds, Stopping threads took: 0.0034597 seconds
2016-06-27T20:25:58.949+0300: 61.221: [GC concurrent-root-region-scan-end, 0.0007835 secs]
2016-06-27T20:25:58.949+0300: 61.221: [GC concurrent-mark-start]
2016-06-27T20:25:59.014+0300: 61.286: [GC concurrent-mark-end, 0.0650022 secs]
2016-06-27T20:25:59.048+0300: 61.320: [GC remark 2016-06-27T20:25:59.048+0300: 61.320: [Finalize Marking, 0.0001719 secs] 2016-06-27T20:25:59.048+0300: 61.320: [GC ref-proc, 0.0000791 secs] 2016-06-27T20:25:59.048+0300: 61.320: [Unloading, 0.0012295 secs], 0.0052217 secs]
 [Times: user=0.06 sys=0.00, real=0.00 secs] 
2016-06-27T20:25:59.053+0300: 61.325: Total time for which application threads were stopped: 0.0087229 seconds, Stopping threads took: 0.0030526 seconds
2016-06-27T20:25:59.054+0300: 61.326: [GC cleanup 900M->900M(1012M), 0.0017085 secs]
 [Times: user=0.00 sys=0.00, real=0.00 secs] 
2016-06-27T20:25:59.056+0300: 61.328: Total time for which application threads were stopped: 0.0022289 seconds, Stopping threads took: 0.0000560 seconds
2016-06-27T20:25:59.291+0300: 61.564: [GC pause (G1 Evacuation Pause) (young)
Desired survivor size 3670016 bytes, new threshold 1 (max 15)
- age   1:    7145344 bytes,    7145344 total
, 0.0040525 secs]
   [Parallel Time: 3.5 ms, GC Workers: 4]
      [GC Worker Start (ms): Min: 61563.7, Avg: 61563.7, Max: 61563.7, Diff: 0.0]
      [Ext Root Scanning (ms): Min: 0.5, Avg: 0.5, Max: 0.6, Diff: 0.2, Sum: 2.1]
      [Update RS (ms): Min: 0.6, Avg: 0.6, Max: 0.7, Diff: 0.1, Sum: 2.5]
         [Processed Buffers: Min: 2, Avg: 9.3, Max: 24, Diff: 22, Sum: 37]
      [Scan RS (ms): Min: 0.0, Avg: 0.0, Max: 0.0, Diff: 0.0, Sum: 0.0]
      [Code Root Scanning (ms): Min: 0.0, Avg: 0.0, Max: 0.0, Diff: 0.0, Sum: 0.0]
      [Object Copy (ms): Min: 2.2, Avg: 2.3, Max: 2.3, Diff: 0.1, Sum: 9.2]
      [Termination (ms): Min: 0.0, Avg: 0.0, Max: 0.0, Diff: 0.0, Sum: 0.0]
         [Termination Attempts: Min: 1, Avg: 1.0, Max: 1, Diff: 0, Sum: 4]
      [GC Worker Other (ms): Min: 0.0, Avg: 0.0, Max: 0.0, Diff: 0.0, Sum: 0.1]
      [GC Worker Total (ms): Min: 3.5, Avg: 3.5, Max: 3.5, Diff: 0.0, Sum: 13.9]
      [GC Worker End (ms): Min: 61567.2, Avg: 61567.2, Max: 61567.2, Diff: 0.0]
   [Code Root Fixup: 0.0 ms]
   [Code Root Purge: 0.0 ms]
   [Clear CT: 0.0 ms]
   [Other: 0.5 ms]
      [Choose CSet: 0.0 ms]
      [Ref Proc: 0.1 ms]
      [Ref Enq: 0.0 ms]
      [Redirty Cards: 0.0 ms]
      [Humongous Register: 0.0 ms]
      [Humongous Reclaim: 0.0 ms]
      [Free CSet: 0.1 ms]
   [Eden: 43.0M(43.0M)->0.0B(43.0M) Survivors: 7168.0K->7168.0K Heap: 929.0M(1012.0M)->894.5M(1012.0M)]
 [Times: user=0.00 sys=0.00, real=0.01 secs] 
2016-06-27T20:25:59.296+0300: 61.568: Total time for which application threads were stopped: 0.0088392 seconds, Stopping threads took: 0.0041055 seconds
2016-06-27T20:25:59.657+0300: 61.929: [GC pause (G1 Evacuation Pause) (mixed)
Desired survivor size 3670016 bytes, new threshold 1 (max 15)
- age   1:    6801840 bytes,    6801840 total
, 0.0193993 secs]
   [Parallel Time: 18.2 ms, GC Workers: 4]
      [GC Worker Start (ms): Min: 61929.4, Avg: 61929.4, Max: 61929.5, Diff: 0.0]
      [Ext Root Scanning (ms): Min: 0.6, Avg: 0.6, Max: 0.8, Diff: 0.2, Sum: 2.5]
      [Update RS (ms): Min: 0.6, Avg: 0.7, Max: 0.9, Diff: 0.3, Sum: 2.8]
         [Processed Buffers: Min: 2, Avg: 9.0, Max: 22, Diff: 20, Sum: 36]
      [Scan RS (ms): Min: 2.3, Avg: 2.5, Max: 2.5, Diff: 0.2, Sum: 9.9]
      [Code Root Scanning (ms): Min: 0.0, Avg: 0.0, Max: 0.0, Diff: 0.0, Sum: 0.0]
      [Object Copy (ms): Min: 14.3, Avg: 14.4, Max: 14.5, Diff: 0.2, Sum: 57.6]
      [Termination (ms): Min: 0.0, Avg: 0.0, Max: 0.0, Diff: 0.0, Sum: 0.0]
         [Termination Attempts: Min: 1, Avg: 2.5, Max: 4, Diff: 3, Sum: 10]
      [GC Worker Other (ms): Min: 0.0, Avg: 0.0, Max: 0.0, Diff: 0.0, Sum: 0.0]
      [GC Worker Total (ms): Min: 18.2, Avg: 18.2, Max: 18.2, Diff: 0.0, Sum: 72.9]
      [GC Worker End (ms): Min: 61947.7, Avg: 61947.7, Max: 61947.7, Diff: 0.0]
   [Code Root Fixup: 0.0 ms]
   [Code Root Purge: 0.0 ms]
   [Clear CT: 0.2 ms]
   [Other: 1.0 ms]
      [Choose CSet: 0.1 ms]
      [Ref Proc: 0.1 ms]
      [Ref Enq: 0.0 ms]
      [Redirty Cards: 0.0 ms]
      [Humongous Register: 0.0 ms]
      [Humongous Reclaim: 0.0 ms]
      [Free CSet: 0.4 ms]
   [Eden: 43.0M(43.0M)->0.0B(44.0M) Survivors: 7168.0K->7168.0K Heap: 937.5M(1012.0M)->870.0M(1022.0M)]
 [Times: user=0.08 sys=0.00, real=0.02 secs] 
2016-06-27T20:25:59.677+0300: 61.949: Total time for which application threads were stopped: 0.0254373 seconds, Stopping threads took: 0.0054466 seconds
2016-06-27T20:26:00.045+0300: 62.318: [GC pause (G1 Evacuation Pause) (mixed)
Desired survivor size 3670016 bytes, new threshold 1 (max 15)
- age   1:    7192376 bytes,    7192376 total
, 0.0127916 secs]
   [Parallel Time: 12.2 ms, GC Workers: 4]
      [GC Worker Start (ms): Min: 62317.7, Avg: 62317.8, Max: 62317.9, Diff: 0.2]
      [Ext Root Scanning (ms): Min: 0.6, Avg: 0.7, Max: 0.9, Diff: 0.3, Sum: 2.9]
      [Update RS (ms): Min: 7.9, Avg: 8.0, Max: 8.0, Diff: 0.1, Sum: 31.9]
         [Processed Buffers: Min: 10, Avg: 16.0, Max: 22, Diff: 12, Sum: 64]
      [Scan RS (ms): Min: 0.1, Avg: 0.3, Max: 0.4, Diff: 0.2, Sum: 1.0]
      [Code Root Scanning (ms): Min: 0.0, Avg: 0.0, Max: 0.0, Diff: 0.0, Sum: 0.0]
      [Object Copy (ms): Min: 2.7, Avg: 2.8, Max: 2.8, Diff: 0.1, Sum: 11.1]
      [Termination (ms): Min: 0.0, Avg: 0.0, Max: 0.0, Diff: 0.0, Sum: 0.0]
         [Termination Attempts: Min: 1, Avg: 1.0, Max: 1, Diff: 0, Sum: 4]
      [GC Worker Other (ms): Min: 0.0, Avg: 0.0, Max: 0.0, Diff: 0.0, Sum: 0.1]
      [GC Worker Total (ms): Min: 11.6, Avg: 11.8, Max: 11.8, Diff: 0.2, Sum: 47.1]
      [GC Worker End (ms): Min: 62329.5, Avg: 62329.5, Max: 62329.5, Diff: 0.0]
   [Code Root Fixup: 0.0 ms]
   [Code Root Purge: 0.0 ms]
   [Clear CT: 0.1 ms]
   [Other: 0.5 ms]
      [Choose CSet: 0.0 ms]
      [Ref Proc: 0.0 ms]
      [Ref Enq: 0.0 ms]
      [Redirty Cards: 0.0 ms]
      [Humongous Register: 0.0 ms]
      [Humongous Reclaim: 0.0 ms]
      [Free CSet: 0.1 ms]
   [Eden: 44.0M(44.0M)->0.0B(44.0M) Survivors: 7168.0K->7168.0K Heap: 914.0M(1022.0M)->877.5M(1022.0M)]
 [Times: user=0.06 sys=0.00, real=0.01 secs] 
2016-06-27T20:26:00.058+0300: 62.331: Total time for which application threads were stopped: 0.0208122 seconds, Stopping threads took: 0.0073219 seconds
2016-06-27T20:26:00.432+0300: 62.703: [GC pause (G1 Evacuation Pause) (young)
Desired survivor size 3670016 bytes, new threshold 1 (max 15)
- age   1:    6812568 bytes,    6812568 total
, 0.0049903 secs]
   [Parallel Time: 4.3 ms, GC Workers: 4]
      [GC Worker Start (ms): Min: 62703.8, Avg: 62703.8, Max: 62703.8, Diff: 0.0]
      [Ext Root Scanning (ms): Min: 0.5, Avg: 0.5, Max: 0.5, Diff: 0.0, Sum: 2.1]
      [Update RS (ms): Min: 1.5, Avg: 1.5, Max: 1.6, Diff: 0.1, Sum: 6.1]
         [Processed Buffers: Min: 2, Avg: 12.8, Max: 37, Diff: 35, Sum: 51]
      [Scan RS (ms): Min: 0.0, Avg: 0.0, Max: 0.0, Diff: 0.0, Sum: 0.0]
      [Code Root Scanning (ms): Min: 0.0, Avg: 0.0, Max: 0.0, Diff: 0.0, Sum: 0.0]
      [Object Copy (ms): Min: 2.2, Avg: 2.2, Max: 2.3, Diff: 0.1, Sum: 8.9]
      [Termination (ms): Min: 0.0, Avg: 0.0, Max: 0.0, Diff: 0.0, Sum: 0.0]
         [Termination Attempts: Min: 1, Avg: 1.0, Max: 1, Diff: 0, Sum: 4]
      [GC Worker Other (ms): Min: 0.0, Avg: 0.0, Max: 0.0, Diff: 0.0, Sum: 0.1]
      [GC Worker Total (ms): Min: 4.3, Avg: 4.3, Max: 4.3, Diff: 0.0, Sum: 17.2]
      [GC Worker End (ms): Min: 62708.1, Avg: 62708.1, Max: 62708.1, Diff: 0.0]
   [Code Root Fixup: 0.0 ms]
   [Code Root Purge: 0.0 ms]
   [Clear CT: 0.0 ms]
   [Other: 0.6 ms]
      [Choose CSet: 0.0 ms]
      [Ref Proc: 0.0 ms]
      [Ref Enq: 0.0 ms]
      [Redirty Cards: 0.0 ms]
      [Humongous Register: 0.0 ms]
      [Humongous Reclaim: 0.0 ms]
      [Free CSet: 0.1 ms]
   [Eden: 44.0M(44.0M)->0.0B(44.0M) Survivors: 7168.0K->7168.0K Heap: 921.5M(1022.0M)->886.0M(1022.0M)]
 [Times: user=0.00 sys=0.00, real=0.01 secs] 
2016-06-27T20:26:00.437+0300: 62.709: Total time for which application threads were stopped: 0.0127924 seconds, Stopping threads took: 0.0071388 seconds
2016-06-27T20:26:00.814+0300: 63.086: [GC pause (G1 Evacuation Pause) (young) (initial-mark)
Desired survivor size 3670016 bytes, new threshold 1 (max 15)
- age   1:    6926872 bytes,    6926872 total
, 0.0046413 secs]
   [Parallel Time: 4.0 ms, GC Workers: 4]
      [GC Worker Start (ms): Min: 63086.7, Avg: 63086.7, Max: 63086.7, Diff: 0.0]
      [Ext Root Scanning (ms): Min: 0.5, Avg: 0.6, Max: 0.7, Diff: 0.2, Sum: 2.3]
      [Update RS (ms): Min: 1.0, Avg: 1.1, Max: 1.1, Diff: 0.1, Sum: 4.3]
         [Processed Buffers: Min: 2, Avg: 14.0, Max: 27, Diff: 25, Sum: 56]
      [Scan RS (ms): Min: 0.0, Avg: 0.0, Max: 0.0, Diff: 0.0, Sum: 0.0]
      [Code Root Scanning (ms): Min: 0.0, Avg: 0.0, Max: 0.0, Diff: 0.0, Sum: 0.0]
      [Object Copy (ms): Min: 2.3, Avg: 2.3, Max: 2.3, Diff: 0.1, Sum: 9.2]
      [Termination (ms): Min: 0.0, Avg: 0.0, Max: 0.0, Diff: 0.0, Sum: 0.0]
         [Termination Attempts: Min: 1, Avg: 1.0, Max: 1, Diff: 0, Sum: 4]
      [GC Worker Other (ms): Min: 0.0, Avg: 0.0, Max: 0.0, Diff: 0.0, Sum: 0.1]
      [GC Worker Total (ms): Min: 4.0, Avg: 4.0, Max: 4.0, Diff: 0.0, Sum: 15.9]
      [GC Worker End (ms): Min: 63090.7, Avg: 63090.7, Max: 63090.7, Diff: 0.0]
   [Code Root Fixup: 0.0 ms]
   [Code Root Purge: 0.0 ms]
   [Clear CT: 0.0 ms]
   [Other: 0.6 ms]
      [Choose CSet: 0.0 ms]
      [Ref Proc: 0.1 ms]
      [Ref Enq: 0.0 ms]
      [Redirty Cards: 0.0 ms]
      [Humongous Register: 0.0 ms]
      [Humongous Reclaim: 0.0 ms]
      [Free CSet: 0.1 ms]
   [Eden: 44.0M(44.0M)->0.0B(44.0M) Survivors: 7168.0K->7168.0K Heap: 930.0M(1022.0M)->894.5M(1022.0M)]
 [Times: user=0.06 sys=0.00, real=0.01 secs] 
2016-06-27T20:26:00.819+0300: 63.091: [GC concurrent-root-region-scan-start]
2016-06-27T20:26:00.819+0300: 63.091: Total time for which application threads were stopped: 0.0148837 seconds, Stopping threads took: 0.0095281 seconds
2016-06-27T20:26:00.820+0300: 63.092: [GC concurrent-root-region-scan-end, 0.0004790 secs]
2016-06-27T20:26:00.820+0300: 63.092: [GC concurrent-mark-start]
2016-06-27T20:26:00.875+0300: 63.147: [GC concurrent-mark-end, 0.0550545 secs]
2016-06-27T20:26:00.901+0300: 63.174: [GC remark 2016-06-27T20:26:00.901+0300: 63.174: [Finalize Marking, 0.0002553 secs] 2016-06-27T20:26:00.902+0300: 63.174: [GC ref-proc, 0.0000975 secs] 2016-06-27T20:26:00.902+0300: 63.174: [Unloading, 0.0013535 secs], 0.0056763 secs]
 [Times: user=0.00 sys=0.00, real=0.01 secs] 
2016-06-27T20:26:00.907+0300: 63.179: Total time for which application threads were stopped: 0.0104463 seconds, Stopping threads took: 0.0042209 seconds
2016-06-27T20:26:01.170+0300: 63.442: [GC cleanup 938M->938M(1022M), 0.0016982 secs]
 [Times: user=0.00 sys=0.00, real=0.00 secs] 
2016-06-27T20:26:01.172+0300: 63.444: Total time for which application threads were stopped: 0.0052482 seconds, Stopping threads took: 0.0030992 seconds
2016-06-27T20:26:01.174+0300: 63.446: [GC pause (G1 Evacuation Pause) (young)
Desired survivor size 3670016 bytes, new threshold 1 (max 15)
- age   1:    6864616 bytes,    6864616 total
, 0.0040037 secs]
   [Parallel Time: 3.4 ms, GC Workers: 4]
      [GC Worker Start (ms): Min: 63446.3, Avg: 63446.3, Max: 63446.3, Diff: 0.0]
      [Ext Root Scanning (ms): Min: 0.5, Avg: 0.5, Max: 0.6, Diff: 0.2, Sum: 2.1]
      [Update RS (ms): Min: 0.7, Avg: 0.7, Max: 0.9, Diff: 0.2, Sum: 3.0]
         [Processed Buffers: Min: 4, Avg: 8.8, Max: 15, Diff: 11, Sum: 35]
      [Scan RS (ms): Min: 0.0, Avg: 0.0, Max: 0.0, Diff: 0.0, Sum: 0.0]
      [Code Root Scanning (ms): Min: 0.0, Avg: 0.0, Max: 0.0, Diff: 0.0, Sum: 0.0]
      [Object Copy (ms): Min: 2.0, Avg: 2.1, Max: 2.2, Diff: 0.2, Sum: 8.5]
      [Termination (ms): Min: 0.0, Avg: 0.0, Max: 0.0, Diff: 0.0, Sum: 0.0]
         [Termination Attempts: Min: 1, Avg: 1.0, Max: 1, Diff: 0, Sum: 4]
      [GC Worker Other (ms): Min: 0.0, Avg: 0.0, Max: 0.0, Diff: 0.0, Sum: 0.0]
      [GC Worker Total (ms): Min: 3.4, Avg: 3.4, Max: 3.4, Diff: 0.0, Sum: 13.6]
      [GC Worker End (ms): Min: 63449.7, Avg: 63449.7, Max: 63449.7, Diff: 0.0]
   [Code Root Fixup: 0.0 ms]
   [Code Root Purge: 0.0 ms]
   [Clear CT: 0.0 ms]
   [Other: 0.5 ms]
      [Choose CSet: 0.0 ms]
      [Ref Proc: 0.1 ms]
      [Ref Enq: 0.0 ms]
      [Redirty Cards: 0.0 ms]
      [Humongous Register: 0.1 ms]
      [Humongous Reclaim: 0.0 ms]
      [Free CSet: 0.1 ms]
   [Eden: 44.0M(44.0M)->0.0B(44.0M) Survivors: 7168.0K->7168.0K Heap: 938.5M(1022.0M)->902.5M(1022.0M)]
 [Times: user=0.06 sys=0.00, real=0.00 secs] 
2016-06-27T20:26:01.178+0300: 63.450: Total time for which application threads were stopped: 0.0046388 seconds, Stopping threads took: 0.0000659 seconds
2016-06-27T20:26:01.552+0300: 63.825: [GC pause (G1 Evacuation Pause) (mixed)
Desired survivor size 3670016 bytes, new threshold 1 (max 15)
- age   1:    7157328 bytes,    7157328 total
, 0.0188921 secs]
   [Parallel Time: 17.6 ms, GC Workers: 4]
      [GC Worker Start (ms): Min: 63825.0, Avg: 63825.0, Max: 63825.1, Diff: 0.0]
      [Ext Root Scanning (ms): Min: 0.5, Avg: 0.5, Max: 0.7, Diff: 0.2, Sum: 2.1]
      [Update RS (ms): Min: 0.6, Avg: 0.6, Max: 0.7, Diff: 0.0, Sum: 2.6]
         [Processed Buffers: Min: 3, Avg: 11.5, Max: 20, Diff: 17, Sum: 46]
      [Scan RS (ms): Min: 2.7, Avg: 2.7, Max: 2.7, Diff: 0.1, Sum: 10.9]
      [Code Root Scanning (ms): Min: 0.0, Avg: 0.0, Max: 0.0, Diff: 0.0, Sum: 0.0]
      [Object Copy (ms): Min: 13.6, Avg: 13.7, Max: 13.7, Diff: 0.1, Sum: 54.6]
      [Termination (ms): Min: 0.0, Avg: 0.0, Max: 0.0, Diff: 0.0, Sum: 0.0]
         [Termination Attempts: Min: 1, Avg: 3.5, Max: 8, Diff: 7, Sum: 14]
      [GC Worker Other (ms): Min: 0.0, Avg: 0.0, Max: 0.0, Diff: 0.0, Sum: 0.0]
      [GC Worker Total (ms): Min: 17.6, Avg: 17.6, Max: 17.6, Diff: 0.0, Sum: 70.3]
      [GC Worker End (ms): Min: 63842.6, Avg: 63842.6, Max: 63842.6, Diff: 0.0]
   [Code Root Fixup: 0.0 ms]
   [Code Root Purge: 0.0 ms]
   [Clear CT: 0.2 ms]
   [Other: 1.1 ms]
      [Choose CSet: 0.2 ms]
      [Ref Proc: 0.1 ms]
      [Ref Enq: 0.0 ms]
      [Redirty Cards: 0.1 ms]
      [Humongous Register: 0.0 ms]
      [Humongous Reclaim: 0.0 ms]
      [Free CSet: 0.5 ms]
   [Eden: 44.0M(44.0M)->0.0B(44.0M) Survivors: 7168.0K->7168.0K Heap: 946.5M(1022.0M)->874.0M(1028.0M)]
 [Times: user=0.06 sys=0.00, real=0.02 secs] 
2016-06-27T20:26:01.572+0300: 63.844: Total time for which application threads were stopped: 0.0216179 seconds, Stopping threads took: 0.0021434 seconds
2016-06-27T20:26:01.940+0300: 64.212: [GC pause (G1 Evacuation Pause) (mixed)
Desired survivor size 3670016 bytes, new threshold 1 (max 15)
- age   1:    7104664 bytes,    7104664 total
, 0.0179119 secs]
   [Parallel Time: 16.9 ms, GC Workers: 4]
      [GC Worker Start (ms): Min: 64212.3, Avg: 64212.3, Max: 64212.4, Diff: 0.0]
      [Ext Root Scanning (ms): Min: 0.4, Avg: 0.5, Max: 0.6, Diff: 0.1, Sum: 2.0]
      [Update RS (ms): Min: 8.6, Avg: 8.6, Max: 8.7, Diff: 0.1, Sum: 34.5]
         [Processed Buffers: Min: 11, Avg: 13.3, Max: 18, Diff: 7, Sum: 53]
      [Scan RS (ms): Min: 1.3, Avg: 1.4, Max: 1.4, Diff: 0.1, Sum: 5.5]
      [Code Root Scanning (ms): Min: 0.0, Avg: 0.0, Max: 0.0, Diff: 0.0, Sum: 0.0]
      [Object Copy (ms): Min: 6.3, Avg: 6.4, Max: 6.4, Diff: 0.1, Sum: 25.5]
      [Termination (ms): Min: 0.0, Avg: 0.0, Max: 0.0, Diff: 0.0, Sum: 0.0]
         [Termination Attempts: Min: 1, Avg: 1.8, Max: 3, Diff: 2, Sum: 7]
      [GC Worker Other (ms): Min: 0.0, Avg: 0.0, Max: 0.0, Diff: 0.0, Sum: 0.1]
      [GC Worker Total (ms): Min: 16.9, Avg: 16.9, Max: 16.9, Diff: 0.0, Sum: 67.6]
      [GC Worker End (ms): Min: 64229.2, Avg: 64229.2, Max: 64229.2, Diff: 0.0]
   [Code Root Fixup: 0.0 ms]
   [Code Root Purge: 0.0 ms]
   [Clear CT: 0.2 ms]
   [Other: 0.8 ms]
      [Choose CSet: 0.1 ms]
      [Ref Proc: 0.1 ms]
      [Ref Enq: 0.0 ms]
      [Redirty Cards: 0.1 ms]
      [Humongous Register: 0.0 ms]
      [Humongous Reclaim: 0.0 ms]
      [Free CSet: 0.2 ms]
   [Eden: 44.0M(44.0M)->0.0B(44.0M) Survivors: 7168.0K->7168.0K Heap: 918.0M(1028.0M)->874.0M(1028.0M)]
 [Times: user=0.06 sys=0.02, real=0.02 secs] 
2016-06-27T20:26:01.958+0300: 64.230: Total time for which application threads were stopped: 0.0207006 seconds, Stopping threads took: 0.0021806 seconds
2016-06-27T20:26:02.321+0300: 64.593: [GC pause (G1 Evacuation Pause) (young)
Desired survivor size 3670016 bytes, new threshold 1 (max 15)
- age   1:    7146968 bytes,    7146968 total
, 0.0091565 secs]
   [Parallel Time: 8.5 ms, GC Workers: 4]
      [GC Worker Start (ms): Min: 64593.7, Avg: 64593.8, Max: 64593.8, Diff: 0.1]
      [Ext Root Scanning (ms): Min: 0.4, Avg: 0.5, Max: 0.6, Diff: 0.2, Sum: 2.1]
      [Update RS (ms): Min: 5.3, Avg: 5.4, Max: 5.5, Diff: 0.1, Sum: 21.7]
         [Processed Buffers: Min: 5, Avg: 11.3, Max: 21, Diff: 16, Sum: 45]
      [Scan RS (ms): Min: 0.0, Avg: 0.0, Max: 0.0, Diff: 0.0, Sum: 0.0]
      [Code Root Scanning (ms): Min: 0.0, Avg: 0.0, Max: 0.0, Diff: 0.0, Sum: 0.0]
      [Object Copy (ms): Min: 2.4, Avg: 2.4, Max: 2.4, Diff: 0.1, Sum: 9.6]
      [Termination (ms): Min: 0.0, Avg: 0.0, Max: 0.0, Diff: 0.0, Sum: 0.0]
         [Termination Attempts: Min: 1, Avg: 1.0, Max: 1, Diff: 0, Sum: 4]
      [GC Worker Other (ms): Min: 0.0, Avg: 0.0, Max: 0.0, Diff: 0.0, Sum: 0.0]
      [GC Worker Total (ms): Min: 8.4, Avg: 8.4, Max: 8.4, Diff: 0.1, Sum: 33.5]
      [GC Worker End (ms): Min: 64602.2, Avg: 64602.2, Max: 64602.2, Diff: 0.0]
   [Code Root Fixup: 0.0 ms]
   [Code Root Purge: 0.0 ms]
   [Clear CT: 0.1 ms]
   [Other: 0.6 ms]
      [Choose CSet: 0.0 ms]
      [Ref Proc: 0.0 ms]
      [Ref Enq: 0.0 ms]
      [Redirty Cards: 0.1 ms]
      [Humongous Register: 0.0 ms]
      [Humongous Reclaim: 0.0 ms]
      [Free CSet: 0.1 ms]
   [Eden: 44.0M(44.0M)->0.0B(44.0M) Survivors: 7168.0K->7168.0K Heap: 918.0M(1028.0M)->882.5M(1028.0M)]
 [Times: user=0.00 sys=0.00, real=0.01 secs] 
2016-06-27T20:26:02.331+0300: 64.603: Total time for which application threads were stopped: 0.0117237 seconds, Stopping threads took: 0.0019428 seconds
2016-06-27T20:26:02.700+0300: 64.972: [GC pause (G1 Evacuation Pause) (young) (initial-mark)
Desired survivor size 3670016 bytes, new threshold 1 (max 15)
- age   1:    7120256 bytes,    7120256 total
, 0.0045772 secs]
   [Parallel Time: 3.9 ms, GC Workers: 4]
      [GC Worker Start (ms): Min: 64972.2, Avg: 64972.3, Max: 64972.4, Diff: 0.2]
      [Ext Root Scanning (ms): Min: 0.6, Avg: 0.6, Max: 0.7, Diff: 0.2, Sum: 2.5]
      [Update RS (ms): Min: 0.8, Avg: 0.9, Max: 1.0, Diff: 0.2, Sum: 3.4]
         [Processed Buffers: Min: 2, Avg: 9.5, Max: 22, Diff: 20, Sum: 38]
      [Scan RS (ms): Min: 0.0, Avg: 0.0, Max: 0.0, Diff: 0.0, Sum: 0.0]
      [Code Root Scanning (ms): Min: 0.0, Avg: 0.0, Max: 0.0, Diff: 0.0, Sum: 0.0]
      [Object Copy (ms): Min: 2.2, Avg: 2.3, Max: 2.3, Diff: 0.1, Sum: 9.1]
      [Termination (ms): Min: 0.0, Avg: 0.0, Max: 0.0, Diff: 0.0, Sum: 0.0]
         [Termination Attempts: Min: 1, Avg: 1.0, Max: 1, Diff: 0, Sum: 4]
      [GC Worker Other (ms): Min: 0.0, Avg: 0.0, Max: 0.0, Diff: 0.0, Sum: 0.1]
      [GC Worker Total (ms): Min: 3.7, Avg: 3.8, Max: 3.8, Diff: 0.2, Sum: 15.1]
      [GC Worker End (ms): Min: 64976.0, Avg: 64976.0, Max: 64976.0, Diff: 0.0]
   [Code Root Fixup: 0.0 ms]
   [Code Root Purge: 0.0 ms]
   [Clear CT: 0.0 ms]
   [Other: 0.7 ms]
      [Choose CSet: 0.0 ms]
      [Ref Proc: 0.1 ms]
      [Ref Enq: 0.0 ms]
      [Redirty Cards: 0.1 ms]
      [Humongous Register: 0.0 ms]
      [Humongous Reclaim: 0.0 ms]
      [Free CSet: 0.1 ms]
   [Eden: 44.0M(44.0M)->0.0B(44.0M) Survivors: 7168.0K->7168.0K Heap: 926.5M(1028.0M)->891.0M(1028.0M)]
 [Times: user=0.00 sys=0.00, real=0.00 secs] 
2016-06-27T20:26:02.705+0300: 64.977: [GC concurrent-root-region-scan-start]
2016-06-27T20:26:02.705+0300: 64.977: Total time for which application threads were stopped: 0.0084996 seconds, Stopping threads took: 0.0032181 seconds
2016-06-27T20:26:02.705+0300: 64.977: [GC concurrent-root-region-scan-end, 0.0005876 secs]
2016-06-27T20:26:02.705+0300: 64.977: [GC concurrent-mark-start]
2016-06-27T20:26:02.761+0300: 65.033: [GC concurrent-mark-end, 0.0555083 secs]
2016-06-27T20:26:02.781+0300: 65.053: [GC remark 2016-06-27T20:26:02.781+0300: 65.053: [Finalize Marking, 0.0001608 secs] 2016-06-27T20:26:02.781+0300: 65.054: [GC ref-proc, 0.0000817 secs] 2016-06-27T20:26:02.782+0300: 65.054: [Unloading, 0.0013193 secs], 0.0054338 secs]
 [Times: user=0.06 sys=0.00, real=0.01 secs] 
2016-06-27T20:26:02.787+0300: 65.059: Total time for which application threads were stopped: 0.0106332 seconds, Stopping threads took: 0.0047021 seconds
2016-06-27T20:26:02.821+0300: 65.093: [GC cleanup 908M->908M(1028M), 0.0019073 secs]
 [Times: user=0.00 sys=0.00, real=0.00 secs] 
2016-06-27T20:26:02.823+0300: 65.095: Total time for which application threads were stopped: 0.0035769 seconds, Stopping threads took: 0.0011812 seconds
2016-06-27T20:26:03.030+0300: 65.302: [GC pause (G1 Evacuation Pause) (young)
Desired survivor size 3670016 bytes, new threshold 1 (max 15)
- age   1:    7079136 bytes,    7079136 total
, 0.0042620 secs]
   [Parallel Time: 3.7 ms, GC Workers: 4]
      [GC Worker Start (ms): Min: 65302.0, Avg: 65302.0, Max: 65302.0, Diff: 0.0]
      [Ext Root Scanning (ms): Min: 0.5, Avg: 0.5, Max: 0.6, Diff: 0.1, Sum: 2.1]
      [Update RS (ms): Min: 0.8, Avg: 0.8, Max: 0.9, Diff: 0.2, Sum: 3.4]
         [Processed Buffers: Min: 3, Avg: 6.0, Max: 10, Diff: 7, Sum: 24]
      [Scan RS (ms): Min: 0.0, Avg: 0.0, Max: 0.0, Diff: 0.0, Sum: 0.0]
      [Code Root Scanning (ms): Min: 0.0, Avg: 0.0, Max: 0.0, Diff: 0.0, Sum: 0.0]
      [Object Copy (ms): Min: 2.2, Avg: 2.3, Max: 2.3, Diff: 0.1, Sum: 9.1]
      [Termination (ms): Min: 0.0, Avg: 0.0, Max: 0.0, Diff: 0.0, Sum: 0.0]
         [Termination Attempts: Min: 1, Avg: 1.0, Max: 1, Diff: 0, Sum: 4]
      [GC Worker Other (ms): Min: 0.0, Avg: 0.0, Max: 0.0, Diff: 0.0, Sum: 0.1]
      [GC Worker Total (ms): Min: 3.7, Avg: 3.7, Max: 3.7, Diff: 0.0, Sum: 14.7]
      [GC Worker End (ms): Min: 65305.7, Avg: 65305.7, Max: 65305.7, Diff: 0.0]
   [Code Root Fixup: 0.0 ms]
   [Code Root Purge: 0.0 ms]
   [Clear CT: 0.0 ms]
   [Other: 0.5 ms]
      [Choose CSet: 0.0 ms]
      [Ref Proc: 0.1 ms]
      [Ref Enq: 0.0 ms]
      [Redirty Cards: 0.0 ms]
      [Humongous Register: 0.0 ms]
      [Humongous Reclaim: 0.0 ms]
      [Free CSet: 0.1 ms]
   [Eden: 44.0M(44.0M)->0.0B(44.0M) Survivors: 7168.0K->7168.0K Heap: 935.0M(1028.0M)->899.5M(1028.0M)]
 [Times: user=0.00 sys=0.00, real=0.00 secs] 
2016-06-27T20:26:03.034+0300: 65.306: Total time for which application threads were stopped: 0.0073847 seconds, Stopping threads took: 0.0025313 seconds
2016-06-27T20:26:03.397+0300: 65.669: [GC pause (G1 Evacuation Pause) (mixed)
Desired survivor size 3670016 bytes, new threshold 1 (max 15)
- age   1:    7054120 bytes,    7054120 total
, 0.0190901 secs]
   [Parallel Time: 17.8 ms, GC Workers: 4]
      [GC Worker Start (ms): Min: 65669.0, Avg: 65669.0, Max: 65669.1, Diff: 0.0]
      [Ext Root Scanning (ms): Min: 0.4, Avg: 0.5, Max: 0.6, Diff: 0.2, Sum: 2.0]
      [Update RS (ms): Min: 0.7, Avg: 0.8, Max: 0.8, Diff: 0.1, Sum: 3.0]
         [Processed Buffers: Min: 2, Avg: 9.5, Max: 20, Diff: 18, Sum: 38]
      [Scan RS (ms): Min: 2.6, Avg: 2.6, Max: 2.6, Diff: 0.0, Sum: 10.5]
      [Code Root Scanning (ms): Min: 0.0, Avg: 0.0, Max: 0.0, Diff: 0.0, Sum: 0.0]
      [Object Copy (ms): Min: 13.8, Avg: 13.8, Max: 13.9, Diff: 0.1, Sum: 55.3]
      [Termination (ms): Min: 0.0, Avg: 0.0, Max: 0.0, Diff: 0.0, Sum: 0.0]
         [Termination Attempts: Min: 1, Avg: 1.3, Max: 2, Diff: 1, Sum: 5]
      [GC Worker Other (ms): Min: 0.0, Avg: 0.0, Max: 0.0, Diff: 0.0, Sum: 0.1]
      [GC Worker Total (ms): Min: 17.7, Avg: 17.7, Max: 17.7, Diff: 0.0, Sum: 70.9]
      [GC Worker End (ms): Min: 65686.8, Avg: 65686.8, Max: 65686.8, Diff: 0.0]
   [Code Root Fixup: 0.0 ms]
   [Code Root Purge: 0.0 ms]
   [Clear CT: 0.2 ms]
   [Other: 1.1 ms]
      [Choose CSet: 0.2 ms]
      [Ref Proc: 0.1 ms]
      [Ref Enq: 0.0 ms]
      [Redirty Cards: 0.0 ms]
      [Humongous Register: 0.0 ms]
      [Humongous Reclaim: 0.0 ms]
      [Free CSet: 0.5 ms]
   [Eden: 44.0M(44.0M)->0.0B(44.0M) Survivors: 7168.0K->7168.0K Heap: 943.5M(1028.0M)->870.5M(1028.0M)]
 [Times: user=0.06 sys=0.00, real=0.02 secs] 
2016-06-27T20:26:03.416+0300: 65.688: Total time for which application threads were stopped: 0.0241342 seconds, Stopping threads took: 0.0044352 seconds
2016-06-27T20:26:03.793+0300: 66.065: [GC pause (G1 Evacuation Pause) (mixed)
Desired survivor size 3670016 bytes, new threshold 1 (max 15)
- age   1:    7114008 bytes,    7114008 total
, 0.0203790 secs]
   [Parallel Time: 19.3 ms, GC Workers: 4]
      [GC Worker Start (ms): Min: 66065.5, Avg: 66065.5, Max: 66065.5, Diff: 0.0]
      [Ext Root Scanning (ms): Min: 0.4, Avg: 0.5, Max: 0.5, Diff: 0.1, Sum: 1.9]
      [Update RS (ms): Min: 8.3, Avg: 8.5, Max: 8.9, Diff: 0.6, Sum: 34.0]
         [Processed Buffers: Min: 10, Avg: 13.0, Max: 20, Diff: 10, Sum: 52]
      [Scan RS (ms): Min: 1.6, Avg: 2.0, Max: 2.3, Diff: 0.6, Sum: 8.2]
      [Code Root Scanning (ms): Min: 0.0, Avg: 0.0, Max: 0.0, Diff: 0.0, Sum: 0.0]
      [Object Copy (ms): Min: 8.2, Avg: 8.2, Max: 8.3, Diff: 0.1, Sum: 32.9]
      [Termination (ms): Min: 0.0, Avg: 0.0, Max: 0.1, Diff: 0.1, Sum: 0.2]
         [Termination Attempts: Min: 1, Avg: 5.3, Max: 12, Diff: 11, Sum: 21]
      [GC Worker Other (ms): Min: 0.0, Avg: 0.0, Max: 0.0, Diff: 0.0, Sum: 0.0]
      [GC Worker Total (ms): Min: 19.3, Avg: 19.3, Max: 19.3, Diff: 0.0, Sum: 77.2]
      [GC Worker End (ms): Min: 66084.8, Avg: 66084.8, Max: 66084.8, Diff: 0.0]
   [Code Root Fixup: 0.0 ms]
   [Code Root Purge: 0.0 ms]
   [Clear CT: 0.2 ms]
   [Other: 0.8 ms]
      [Choose CSet: 0.1 ms]
      [Ref Proc: 0.1 ms]
      [Ref Enq: 0.0 ms]
      [Redirty Cards: 0.0 ms]
      [Humongous Register: 0.0 ms]
      [Humongous Reclaim: 0.0 ms]
      [Free CSet: 0.3 ms]
   [Eden: 44.0M(44.0M)->0.0B(44.0M) Survivors: 7168.0K->7168.0K Heap: 914.5M(1028.0M)->865.0M(1028.0M)]
 [Times: user=0.06 sys=0.00, real=0.02 secs] 
2016-06-27T20:26:03.814+0300: 66.086: Total time for which application threads were stopped: 0.0285395 seconds, Stopping threads took: 0.0075340 seconds
2016-06-27T20:26:04.205+0300: 66.477: [GC pause (G1 Evacuation Pause) (young)
Desired survivor size 3670016 bytes, new threshold 1 (max 15)
- age   1:    6924488 bytes,    6924488 total
, 0.0118426 secs]
   [Parallel Time: 11.2 ms, GC Workers: 4]
      [GC Worker Start (ms): Min: 66477.1, Avg: 66477.1, Max: 66477.2, Diff: 0.1]
      [Ext Root Scanning (ms): Min: 0.5, Avg: 0.6, Max: 0.6, Diff: 0.1, Sum: 2.3]
      [Update RS (ms): Min: 8.2, Avg: 8.4, Max: 8.7, Diff: 0.5, Sum: 33.6]
         [Processed Buffers: Min: 6, Avg: 10.0, Max: 13, Diff: 7, Sum: 40]
      [Scan RS (ms): Min: 0.0, Avg: 0.0, Max: 0.0, Diff: 0.0, Sum: 0.0]
      [Code Root Scanning (ms): Min: 0.0, Avg: 0.0, Max: 0.0, Diff: 0.0, Sum: 0.0]
      [Object Copy (ms): Min: 1.8, Avg: 2.1, Max: 2.3, Diff: 0.5, Sum: 8.5]
      [Termination (ms): Min: 0.0, Avg: 0.0, Max: 0.0, Diff: 0.0, Sum: 0.0]
         [Termination Attempts: Min: 1, Avg: 1.0, Max: 1, Diff: 0, Sum: 4]
      [GC Worker Other (ms): Min: 0.0, Avg: 0.0, Max: 0.0, Diff: 0.0, Sum: 0.1]
      [GC Worker Total (ms): Min: 11.0, Avg: 11.1, Max: 11.2, Diff: 0.1, Sum: 44.5]
      [GC Worker End (ms): Min: 66488.2, Avg: 66488.3, Max: 66488.3, Diff: 0.0]
   [Code Root Fixup: 0.0 ms]
   [Code Root Purge: 0.0 ms]
   [Clear CT: 0.0 ms]
   [Other: 0.6 ms]
      [Choose CSet: 0.0 ms]
      [Ref Proc: 0.1 ms]
      [Ref Enq: 0.0 ms]
      [Redirty Cards: 0.0 ms]
      [Humongous Register: 0.0 ms]
      [Humongous Reclaim: 0.0 ms]
      [Free CSet: 0.1 ms]
   [Eden: 44.0M(44.0M)->0.0B(44.0M) Survivors: 7168.0K->7168.0K Heap: 909.0M(1028.0M)->873.0M(1028.0M)]
 [Times: user=0.06 sys=0.00, real=0.01 secs] 
2016-06-27T20:26:04.217+0300: 66.489: Total time for which application threads were stopped: 0.0161842 seconds, Stopping threads took: 0.0037805 seconds
2016-06-27T20:26:04.547+0300: 66.820: [GC pause (G1 Evacuation Pause) (young) (initial-mark)
Desired survivor size 3670016 bytes, new threshold 1 (max 15)
- age   1:    6852944 bytes,    6852944 total
, 0.0040572 secs]
   [Parallel Time: 3.4 ms, GC Workers: 4]
      [GC Worker Start (ms): Min: 66820.0, Avg: 66820.0, Max: 66820.0, Diff: 0.0]
      [Ext Root Scanning (ms): Min: 0.5, Avg: 0.5, Max: 0.6, Diff: 0.1, Sum: 2.1]
      [Update RS (ms): Min: 0.5, Avg: 0.6, Max: 0.7, Diff: 0.2, Sum: 2.3]
         [Processed Buffers: Min: 3, Avg: 8.5, Max: 14, Diff: 11, Sum: 34]
      [Scan RS (ms): Min: 0.0, Avg: 0.0, Max: 0.0, Diff: 0.0, Sum: 0.0]
      [Code Root Scanning (ms): Min: 0.0, Avg: 0.0, Max: 0.0, Diff: 0.0, Sum: 0.0]
      [Object Copy (ms): Min: 2.2, Avg: 2.2, Max: 2.3, Diff: 0.1, Sum: 9.0]
      [Termination (ms): Min: 0.0, Avg: 0.0, Max: 0.0, Diff: 0.0, Sum: 0.0]
         [Termination Attempts: Min: 1, Avg: 1.0, Max: 1, Diff: 0, Sum: 4]
      [GC Worker Other (ms): Min: 0.0, Avg: 0.0, Max: 0.0, Diff: 0.0, Sum: 0.1]
      [GC Worker Total (ms): Min: 3.4, Avg: 3.4, Max: 3.4, Diff: 0.0, Sum: 13.5]
      [GC Worker End (ms): Min: 66823.4, Avg: 66823.4, Max: 66823.4, Diff: 0.0]
   [Code Root Fixup: 0.0 ms]
   [Code Root Purge: 0.0 ms]
   [Clear CT: 0.0 ms]
   [Other: 0.6 ms]
      [Choose CSet: 0.0 ms]
      [Ref Proc: 0.1 ms]
      [Ref Enq: 0.0 ms]
      [Redirty Cards: 0.0 ms]
      [Humongous Register: 0.0 ms]
      [Humongous Reclaim: 0.0 ms]
      [Free CSet: 0.1 ms]
   [Eden: 44.0M(44.0M)->0.0B(44.0M) Survivors: 7168.0K->7168.0K Heap: 917.0M(1028.0M)->881.0M(1028.0M)]
 [Times: user=0.06 sys=0.00, real=0.01 secs] 
2016-06-27T20:26:04.552+0300: 66.824: [GC concurrent-root-region-scan-start]
2016-06-27T20:26:04.552+0300: 66.824: Total time for which application threads were stopped: 0.0140955 seconds, Stopping threads took: 0.0094383 seconds
2016-06-27T20:26:04.552+0300: 66.825: [GC concurrent-root-region-scan-end, 0.0006381 secs]
2016-06-27T20:26:04.552+0300: 66.825: [GC concurrent-mark-start]
2016-06-27T20:26:04.606+0300: 66.878: [GC concurrent-mark-end, 0.0532062 secs]
2016-06-27T20:26:04.638+0300: 66.910: [GC remark 2016-06-27T20:26:04.638+0300: 66.910: [Finalize Marking, 0.0001719 secs] 2016-06-27T20:26:04.638+0300: 66.910: [GC ref-proc, 0.0000932 secs] 2016-06-27T20:26:04.638+0300: 66.910: [Unloading, 0.0012398 secs], 0.0052041 secs]
 [Times: user=0.00 sys=0.00, real=0.00 secs] 
2016-06-27T20:26:04.643+0300: 66.915: Total time for which application threads were stopped: 0.0117827 seconds, Stopping threads took: 0.0061535 seconds
2016-06-27T20:26:04.645+0300: 66.917: [GC cleanup 893M->893M(1028M), 0.0019163 secs]
 [Times: user=0.05 sys=0.00, real=0.00 secs] 
2016-06-27T20:26:04.647+0300: 66.919: Total time for which application threads were stopped: 0.0024291 seconds, Stopping threads took: 0.0000637 seconds
2016-06-27T20:26:04.916+0300: 67.188: [GC pause (G1 Evacuation Pause) (young)
Desired survivor size 3670016 bytes, new threshold 1 (max 15)
- age   1:    7018208 bytes,    7018208 total
, 0.0039755 secs]
   [Parallel Time: 3.5 ms, GC Workers: 4]
      [GC Worker Start (ms): Min: 67188.5, Avg: 67188.5, Max: 67188.5, Diff: 0.0]
      [Ext Root Scanning (ms): Min: 0.5, Avg: 0.5, Max: 0.6, Diff: 0.1, Sum: 2.2]
      [Update RS (ms): Min: 0.7, Avg: 0.7, Max: 0.8, Diff: 0.1, Sum: 3.0]
         [Processed Buffers: Min: 2, Avg: 7.8, Max: 16, Diff: 14, Sum: 31]
      [Scan RS (ms): Min: 0.0, Avg: 0.0, Max: 0.0, Diff: 0.0, Sum: 0.0]
      [Code Root Scanning (ms): Min: 0.0, Avg: 0.0, Max: 0.0, Diff: 0.0, Sum: 0.0]
      [Object Copy (ms): Min: 2.1, Avg: 2.1, Max: 2.2, Diff: 0.1, Sum: 8.5]
      [Termination (ms): Min: 0.0, Avg: 0.0, Max: 0.0, Diff: 0.0, Sum: 0.0]
         [Termination Attempts: Min: 1, Avg: 1.0, Max: 1, Diff: 0, Sum: 4]
      [GC Worker Other (ms): Min: 0.0, Avg: 0.0, Max: 0.0, Diff: 0.0, Sum: 0.1]
      [GC Worker Total (ms): Min: 3.4, Avg: 3.4, Max: 3.5, Diff: 0.0, Sum: 13.8]
      [GC Worker End (ms): Min: 67192.0, Avg: 67192.0, Max: 67192.0, Diff: 0.0]
   [Code Root Fixup: 0.0 ms]
   [Code Root Purge: 0.0 ms]
   [Clear CT: 0.0 ms]
   [Other: 0.4 ms]
      [Choose CSet: 0.0 ms]
      [Ref Proc: 0.1 ms]
      [Ref Enq: 0.0 ms]
      [Redirty Cards: 0.0 ms]
      [Humongous Register: 0.0 ms]
      [Humongous Reclaim: 0.0 ms]
      [Free CSet: 0.1 ms]
   [Eden: 44.0M(44.0M)->0.0B(44.0M) Survivors: 7168.0K->7168.0K Heap: 925.0M(1028.0M)->889.5M(1028.0M)]
 [Times: user=0.00 sys=0.00, real=0.00 secs] 
2016-06-27T20:26:04.920+0300: 67.193: Total time for which application threads were stopped: 0.0148665 seconds, Stopping threads took: 0.0103257 seconds
2016-06-27T20:26:05.298+0300: 67.570: [GC pause (G1 Evacuation Pause) (mixed)
Desired survivor size 3670016 bytes, new threshold 1 (max 15)
- age   1:    7075176 bytes,    7075176 total
, 0.0211056 secs]
   [Parallel Time: 19.8 ms, GC Workers: 4]
      [GC Worker Start (ms): Min: 67569.8, Avg: 67569.8, Max: 67569.9, Diff: 0.1]
      [Ext Root Scanning (ms): Min: 0.5, Avg: 0.6, Max: 0.8, Diff: 0.3, Sum: 2.5]
      [Update RS (ms): Min: 0.7, Avg: 5.2, Max: 18.6, Diff: 17.9, Sum: 20.9]
         [Processed Buffers: Min: 1, Avg: 9.8, Max: 17, Diff: 16, Sum: 39]
      [Scan RS (ms): Min: 0.0, Avg: 2.7, Max: 3.6, Diff: 3.6, Sum: 10.6]
      [Code Root Scanning (ms): Min: 0.0, Avg: 0.0, Max: 0.0, Diff: 0.0, Sum: 0.0]
      [Object Copy (ms): Min: 0.6, Avg: 10.5, Max: 14.0, Diff: 13.4, Sum: 42.2]
      [Termination (ms): Min: 0.0, Avg: 0.7, Max: 1.1, Diff: 1.1, Sum: 2.8]
         [Termination Attempts: Min: 1, Avg: 1.3, Max: 2, Diff: 1, Sum: 5]
      [GC Worker Other (ms): Min: 0.0, Avg: 0.0, Max: 0.0, Diff: 0.0, Sum: 0.0]
      [GC Worker Total (ms): Min: 19.7, Avg: 19.8, Max: 19.8, Diff: 0.1, Sum: 79.0]
      [GC Worker End (ms): Min: 67589.6, Avg: 67589.6, Max: 67589.6, Diff: 0.0]
   [Code Root Fixup: 0.0 ms]
   [Code Root Purge: 0.0 ms]
   [Clear CT: 0.2 ms]
   [Other: 1.1 ms]
      [Choose CSet: 0.1 ms]
      [Ref Proc: 0.1 ms]
      [Ref Enq: 0.0 ms]
      [Redirty Cards: 0.1 ms]
      [Humongous Register: 0.0 ms]
      [Humongous Reclaim: 0.0 ms]
      [Free CSet: 0.5 ms]
   [Eden: 44.0M(44.0M)->0.0B(44.0M) Survivors: 7168.0K->7168.0K Heap: 933.5M(1028.0M)->864.0M(1028.0M)]
 [Times: user=0.06 sys=0.00, real=0.02 secs] 
2016-06-27T20:26:05.319+0300: 67.591: Total time for which application threads were stopped: 0.0319659 seconds, Stopping threads took: 0.0102470 seconds
2016-06-27T20:26:05.674+0300: 67.946: [GC pause (G1 Evacuation Pause) (mixed)
Desired survivor size 3670016 bytes, new threshold 1 (max 15)
- age   1:    6949680 bytes,    6949680 total
, 0.0201036 secs]
   [Parallel Time: 19.1 ms, GC Workers: 4]
      [GC Worker Start (ms): Min: 67946.7, Avg: 67946.7, Max: 67946.7, Diff: 0.0]
      [Ext Root Scanning (ms): Min: 0.4, Avg: 0.5, Max: 0.6, Diff: 0.2, Sum: 2.0]
      [Update RS (ms): Min: 8.4, Avg: 8.4, Max: 8.4, Diff: 0.0, Sum: 33.6]
         [Processed Buffers: Min: 13, Avg: 15.5, Max: 18, Diff: 5, Sum: 62]
      [Scan RS (ms): Min: 2.2, Avg: 2.2, Max: 2.3, Diff: 0.1, Sum: 8.9]
      [Code Root Scanning (ms): Min: 0.0, Avg: 0.0, Max: 0.0, Diff: 0.0, Sum: 0.0]
      [Object Copy (ms): Min: 7.8, Avg: 7.9, Max: 7.9, Diff: 0.1, Sum: 31.4]
      [Termination (ms): Min: 0.0, Avg: 0.0, Max: 0.0, Diff: 0.0, Sum: 0.0]
         [Termination Attempts: Min: 1, Avg: 1.0, Max: 1, Diff: 0, Sum: 4]
      [GC Worker Other (ms): Min: 0.0, Avg: 0.0, Max: 0.0, Diff: 0.0, Sum: 0.1]
      [GC Worker Total (ms): Min: 19.0, Avg: 19.0, Max: 19.0, Diff: 0.0, Sum: 76.1]
      [GC Worker End (ms): Min: 67965.8, Avg: 67965.8, Max: 67965.8, Diff: 0.0]
   [Code Root Fixup: 0.0 ms]
   [Code Root Purge: 0.0 ms]
   [Clear CT: 0.2 ms]
   [Other: 0.8 ms]
      [Choose CSet: 0.1 ms]
      [Ref Proc: 0.0 ms]
      [Ref Enq: 0.0 ms]
      [Redirty Cards: 0.0 ms]
      [Humongous Register: 0.0 ms]
      [Humongous Reclaim: 0.0 ms]
      [Free CSet: 0.3 ms]
   [Eden: 44.0M(44.0M)->0.0B(44.0M) Survivors: 7168.0K->7168.0K Heap: 908.0M(1028.0M)->857.0M(1028.0M)]
 [Times: user=0.13 sys=0.00, real=0.02 secs] 
2016-06-27T20:26:05.695+0300: 67.967: Total time for which application threads were stopped: 0.0228136 seconds, Stopping threads took: 0.0020489 seconds
2016-06-27T20:26:05.869+0300: 68.142: Total time for which application threads were stopped: 0.0032147 seconds, Stopping threads took: 0.0028537 seconds
2016-06-27T20:26:06.050+0300: 68.321: [GC pause (G1 Evacuation Pause) (young)
Desired survivor size 3670016 bytes, new threshold 1 (max 15)
- age   1:    7115904 bytes,    7115904 total
, 0.0107029 secs]
   [Parallel Time: 10.0 ms, GC Workers: 4]
      [GC Worker Start (ms): Min: 68321.6, Avg: 68321.7, Max: 68321.7, Diff: 0.0]
      [Ext Root Scanning (ms): Min: 0.5, Avg: 0.5, Max: 0.6, Diff: 0.1, Sum: 2.1]
      [Update RS (ms): Min: 7.1, Avg: 7.2, Max: 7.3, Diff: 0.2, Sum: 28.9]
         [Processed Buffers: Min: 7, Avg: 14.0, Max: 24, Diff: 17, Sum: 56]
      [Scan RS (ms): Min: 0.0, Avg: 0.0, Max: 0.0, Diff: 0.0, Sum: 0.0]
      [Code Root Scanning (ms): Min: 0.0, Avg: 0.0, Max: 0.0, Diff: 0.0, Sum: 0.0]
      [Object Copy (ms): Min: 2.2, Avg: 2.2, Max: 2.3, Diff: 0.1, Sum: 9.0]
      [Termination (ms): Min: 0.0, Avg: 0.0, Max: 0.0, Diff: 0.0, Sum: 0.0]
         [Termination Attempts: Min: 1, Avg: 1.0, Max: 1, Diff: 0, Sum: 4]
      [GC Worker Other (ms): Min: 0.0, Avg: 0.0, Max: 0.0, Diff: 0.0, Sum: 0.1]
      [GC Worker Total (ms): Min: 10.0, Avg: 10.0, Max: 10.0, Diff: 0.0, Sum: 40.0]
      [GC Worker End (ms): Min: 68331.7, Avg: 68331.7, Max: 68331.7, Diff: 0.0]
   [Code Root Fixup: 0.0 ms]
   [Code Root Purge: 0.0 ms]
   [Clear CT: 0.0 ms]
   [Other: 0.6 ms]
      [Choose CSet: 0.0 ms]
      [Ref Proc: 0.1 ms]
      [Ref Enq: 0.0 ms]
      [Redirty Cards: 0.0 ms]
      [Humongous Register: 0.0 ms]
      [Humongous Reclaim: 0.0 ms]
      [Free CSet: 0.1 ms]
   [Eden: 44.0M(44.0M)->0.0B(49.0M) Survivors: 7168.0K->7168.0K Heap: 901.0M(1028.0M)->866.0M(1028.0M)]
 [Times: user=0.06 sys=0.00, real=0.01 secs] 
2016-06-27T20:26:06.060+0300: 68.332: Total time for which application threads were stopped: 0.0135776 seconds, Stopping threads took: 0.0023055 seconds
2016-06-27T20:26:06.476+0300: 68.748: [GC pause (G1 Evacuation Pause) (young) (initial-mark)
Desired survivor size 3670016 bytes, new threshold 1 (max 15)
- age   1:    7187656 bytes,    7187656 total
, 0.0048462 secs]
   [Parallel Time: 4.2 ms, GC Workers: 4]
      [GC Worker Start (ms): Min: 68748.4, Avg: 68748.4, Max: 68748.4, Diff: 0.0]
      [Ext Root Scanning (ms): Min: 0.5, Avg: 0.5, Max: 0.7, Diff: 0.2, Sum: 2.1]
      [Update RS (ms): Min: 0.8, Avg: 1.0, Max: 1.4, Diff: 0.6, Sum: 4.1]
         [Processed Buffers: Min: 7, Avg: 12.5, Max: 15, Diff: 8, Sum: 50]
      [Scan RS (ms): Min: 0.0, Avg: 0.0, Max: 0.0, Diff: 0.0, Sum: 0.0]
      [Code Root Scanning (ms): Min: 0.0, Avg: 0.0, Max: 0.0, Diff: 0.0, Sum: 0.0]
      [Object Copy (ms): Min: 2.2, Avg: 2.6, Max: 2.7, Diff: 0.5, Sum: 10.2]
      [Termination (ms): Min: 0.0, Avg: 0.0, Max: 0.0, Diff: 0.0, Sum: 0.0]
         [Termination Attempts: Min: 1, Avg: 1.0, Max: 1, Diff: 0, Sum: 4]
      [GC Worker Other (ms): Min: 0.0, Avg: 0.0, Max: 0.0, Diff: 0.0, Sum: 0.1]
      [GC Worker Total (ms): Min: 4.1, Avg: 4.1, Max: 4.1, Diff: 0.0, Sum: 16.5]
      [GC Worker End (ms): Min: 68752.5, Avg: 68752.5, Max: 68752.5, Diff: 0.0]
   [Code Root Fixup: 0.0 ms]
   [Code Root Purge: 0.0 ms]
   [Clear CT: 0.0 ms]
   [Other: 0.6 ms]
      [Choose CSet: 0.0 ms]
      [Ref Proc: 0.0 ms]
      [Ref Enq: 0.0 ms]
      [Redirty Cards: 0.0 ms]
      [Humongous Register: 0.0 ms]
      [Humongous Reclaim: 0.0 ms]
      [Free CSet: 0.1 ms]
   [Eden: 49.0M(49.0M)->0.0B(44.0M) Survivors: 7168.0K->7168.0K Heap: 915.0M(1028.0M)->875.0M(1028.0M)]
 [Times: user=0.00 sys=0.00, real=0.00 secs] 
2016-06-27T20:26:06.481+0300: 68.753: [GC concurrent-root-region-scan-start]
2016-06-27T20:26:06.481+0300: 68.753: Total time for which application threads were stopped: 0.0071273 seconds, Stopping threads took: 0.0016589 seconds
2016-06-27T20:26:06.482+0300: 68.754: [GC concurrent-root-region-scan-end, 0.0005453 secs]
2016-06-27T20:26:06.482+0300: 68.754: [GC concurrent-mark-start]
2016-06-27T20:26:06.540+0300: 68.812: [GC concurrent-mark-end, 0.0575807 secs]
2016-06-27T20:26:06.570+0300: 68.842: [GC remark 2016-06-27T20:26:06.570+0300: 68.842: [Finalize Marking, 0.0001629 secs] 2016-06-27T20:26:06.570+0300: 68.842: [GC ref-proc, 0.0000830 secs] 2016-06-27T20:26:06.570+0300: 68.842: [Unloading, 0.0012171 secs], 0.0050822 secs]
 [Times: user=0.00 sys=0.00, real=0.01 secs] 
2016-06-27T20:26:06.575+0300: 68.847: Total time for which application threads were stopped: 0.0075665 seconds, Stopping threads took: 0.0020557 seconds
2016-06-27T20:26:06.609+0300: 68.881: [GC cleanup 891M->891M(1028M), 0.0019026 secs]
 [Times: user=0.00 sys=0.00, real=0.00 secs] 
2016-06-27T20:26:06.611+0300: 68.883: Total time for which application threads were stopped: 0.0039994 seconds, Stopping threads took: 0.0016542 seconds
2016-06-27T20:26:06.743+0300: 69.015: Total time for which application threads were stopped: 0.0011850 seconds, Stopping threads took: 0.0008245 seconds
2016-06-27T20:26:06.744+0300: 69.016: Total time for which application threads were stopped: 0.0004679 seconds, Stopping threads took: 0.0000689 seconds
2016-06-27T20:26:06.745+0300: 69.017: Total time for which application threads were stopped: 0.0005025 seconds, Stopping threads took: 0.0000894 seconds
2016-06-27T20:26:06.745+0300: 69.017: Total time for which application threads were stopped: 0.0004088 seconds, Stopping threads took: 0.0000299 seconds
2016-06-27T20:26:06.746+0300: 69.018: Total time for which application threads were stopped: 0.0003755 seconds, Stopping threads took: 0.0000274 seconds
2016-06-27T20:26:06.839+0300: 69.111: [GC pause (G1 Evacuation Pause) (young)
Desired survivor size 3670016 bytes, new threshold 1 (max 15)
- age   1:    7214496 bytes,    7214496 total
, 0.0041465 secs]
   [Parallel Time: 3.6 ms, GC Workers: 4]
      [GC Worker Start (ms): Min: 69110.7, Avg: 69110.8, Max: 69110.8, Diff: 0.1]
      [Ext Root Scanning (ms): Min: 0.5, Avg: 0.6, Max: 0.7, Diff: 0.1, Sum: 2.3]
      [Update RS (ms): Min: 0.7, Avg: 0.8, Max: 0.8, Diff: 0.2, Sum: 3.0]
         [Processed Buffers: Min: 2, Avg: 7.0, Max: 12, Diff: 10, Sum: 28]
      [Scan RS (ms): Min: 0.0, Avg: 0.0, Max: 0.0, Diff: 0.0, Sum: 0.0]
      [Code Root Scanning (ms): Min: 0.0, Avg: 0.0, Max: 0.0, Diff: 0.0, Sum: 0.0]
      [Object Copy (ms): Min: 2.1, Avg: 2.2, Max: 2.2, Diff: 0.1, Sum: 8.7]
      [Termination (ms): Min: 0.0, Avg: 0.0, Max: 0.0, Diff: 0.0, Sum: 0.0]
         [Termination Attempts: Min: 1, Avg: 1.0, Max: 1, Diff: 0, Sum: 4]
      [GC Worker Other (ms): Min: 0.0, Avg: 0.0, Max: 0.0, Diff: 0.0, Sum: 0.0]
      [GC Worker Total (ms): Min: 3.5, Avg: 3.5, Max: 3.6, Diff: 0.1, Sum: 14.1]
      [GC Worker End (ms): Min: 69114.3, Avg: 69114.3, Max: 69114.3, Diff: 0.0]
   [Code Root Fixup: 0.0 ms]
   [Code Root Purge: 0.0 ms]
   [Clear CT: 0.0 ms]
   [Other: 0.5 ms]
      [Choose CSet: 0.0 ms]
      [Ref Proc: 0.1 ms]
      [Ref Enq: 0.0 ms]
      [Redirty Cards: 0.0 ms]
      [Humongous Register: 0.0 ms]
      [Humongous Reclaim: 0.0 ms]
      [Free CSet: 0.1 ms]
   [Eden: 44.0M(44.0M)->0.0B(44.0M) Survivors: 7168.0K->7168.0K Heap: 919.0M(1028.0M)->883.5M(1028.0M)]
 [Times: user=0.00 sys=0.00, real=0.00 secs] 
2016-06-27T20:26:06.843+0300: 69.115: Total time for which application threads were stopped: 0.0058657 seconds, Stopping threads took: 0.0011089 seconds
2016-06-27T20:26:07.213+0300: 69.485: [GC pause (G1 Evacuation Pause) (mixed)
Desired survivor size 3670016 bytes, new threshold 1 (max 15)
- age   1:    7207504 bytes,    7207504 total
, 0.0181159 secs]
   [Parallel Time: 16.9 ms, GC Workers: 4]
      [GC Worker Start (ms): Min: 69485.5, Avg: 69485.5, Max: 69485.5, Diff: 0.0]
      [Ext Root Scanning (ms): Min: 0.5, Avg: 0.6, Max: 0.7, Diff: 0.2, Sum: 2.4]
      [Update RS (ms): Min: 0.4, Avg: 0.5, Max: 0.6, Diff: 0.2, Sum: 2.1]
         [Processed Buffers: Min: 5, Avg: 10.0, Max: 18, Diff: 13, Sum: 40]
      [Scan RS (ms): Min: 2.6, Avg: 2.6, Max: 2.6, Diff: 0.1, Sum: 10.4]
      [Code Root Scanning (ms): Min: 0.0, Avg: 0.0, Max: 0.0, Diff: 0.0, Sum: 0.0]
      [Object Copy (ms): Min: 13.1, Avg: 13.1, Max: 13.1, Diff: 0.1, Sum: 52.4]
      [Termination (ms): Min: 0.0, Avg: 0.0, Max: 0.0, Diff: 0.0, Sum: 0.0]
         [Termination Attempts: Min: 1, Avg: 2.3, Max: 4, Diff: 3, Sum: 9]
      [GC Worker Other (ms): Min: 0.0, Avg: 0.0, Max: 0.0, Diff: 0.0, Sum: 0.1]
      [GC Worker Total (ms): Min: 16.9, Avg: 16.9, Max: 16.9, Diff: 0.0, Sum: 67.5]
      [GC Worker End (ms): Min: 69502.4, Avg: 69502.4, Max: 69502.4, Diff: 0.0]
   [Code Root Fixup: 0.0 ms]
   [Code Root Purge: 0.0 ms]
   [Clear CT: 0.2 ms]
   [Other: 1.0 ms]
      [Choose CSet: 0.1 ms]
      [Ref Proc: 0.0 ms]
      [Ref Enq: 0.0 ms]
      [Redirty Cards: 0.0 ms]
      [Humongous Register: 0.0 ms]
      [Humongous Reclaim: 0.0 ms]
      [Free CSet: 0.4 ms]
   [Eden: 44.0M(44.0M)->0.0B(44.0M) Survivors: 7168.0K->7168.0K Heap: 927.5M(1028.0M)->853.5M(1028.0M)]
 [Times: user=0.06 sys=0.00, real=0.02 secs] 
2016-06-27T20:26:07.231+0300: 69.504: Total time for which application threads were stopped: 0.0228774 seconds, Stopping threads took: 0.0041692 seconds
2016-06-27T20:26:07.604+0300: 69.876: [GC pause (G1 Evacuation Pause) (mixed)
Desired survivor size 3670016 bytes, new threshold 1 (max 15)
- age   1:    7188168 bytes,    7188168 total
, 0.0193975 secs]
   [Parallel Time: 18.4 ms, GC Workers: 4]
      [GC Worker Start (ms): Min: 69876.3, Avg: 69876.3, Max: 69876.3, Diff: 0.0]
      [Ext Root Scanning (ms): Min: 0.5, Avg: 0.5, Max: 0.7, Diff: 0.2, Sum: 2.2]
      [Update RS (ms): Min: 7.6, Avg: 7.7, Max: 7.8, Diff: 0.2, Sum: 30.9]
         [Processed Buffers: Min: 10, Avg: 15.3, Max: 23, Diff: 13, Sum: 61]
      [Scan RS (ms): Min: 2.2, Avg: 2.3, Max: 2.3, Diff: 0.2, Sum: 9.0]
      [Code Root Scanning (ms): Min: 0.0, Avg: 0.0, Max: 0.0, Diff: 0.0, Sum: 0.0]
      [Object Copy (ms): Min: 7.8, Avg: 7.8, Max: 7.9, Diff: 0.1, Sum: 31.3]
      [Termination (ms): Min: 0.0, Avg: 0.0, Max: 0.0, Diff: 0.0, Sum: 0.0]
         [Termination Attempts: Min: 1, Avg: 1.3, Max: 2, Diff: 1, Sum: 5]
      [GC Worker Other (ms): Min: 0.0, Avg: 0.0, Max: 0.0, Diff: 0.0, Sum: 0.1]
      [GC Worker Total (ms): Min: 18.3, Avg: 18.4, Max: 18.4, Diff: 0.0, Sum: 73.4]
      [GC Worker End (ms): Min: 69894.7, Avg: 69894.7, Max: 69894.7, Diff: 0.0]
   [Code Root Fixup: 0.0 ms]
   [Code Root Purge: 0.0 ms]
   [Clear CT: 0.2 ms]
   [Other: 0.8 ms]
      [Choose CSet: 0.1 ms]
      [Ref Proc: 0.0 ms]
      [Ref Enq: 0.0 ms]
      [Redirty Cards: 0.0 ms]
      [Humongous Register: 0.0 ms]
      [Humongous Reclaim: 0.0 ms]
      [Free CSet: 0.3 ms]
   [Eden: 44.0M(44.0M)->0.0B(44.0M) Survivors: 7168.0K->7168.0K Heap: 897.5M(1028.0M)->846.5M(1028.0M)]
 [Times: user=0.06 sys=0.00, real=0.02 secs] 
2016-06-27T20:26:07.624+0300: 69.896: Total time for which application threads were stopped: 0.0215820 seconds, Stopping threads took: 0.0015323 seconds
2016-06-27T20:26:07.893+0300: 70.165: Total time for which application threads were stopped: 0.0050852 seconds, Stopping threads took: 0.0046820 seconds
2016-06-27T20:26:08.004+0300: 70.276: [GC pause (G1 Evacuation Pause) (young)
Desired survivor size 3670016 bytes, new threshold 1 (max 15)
- age   1:    6942128 bytes,    6942128 total
, 0.0106204 secs]
   [Parallel Time: 10.0 ms, GC Workers: 4]
      [GC Worker Start (ms): Min: 70276.4, Avg: 70276.5, Max: 70276.6, Diff: 0.2]
      [Ext Root Scanning (ms): Min: 0.6, Avg: 0.6, Max: 0.7, Diff: 0.2, Sum: 2.6]
      [Update RS (ms): Min: 6.8, Avg: 7.1, Max: 7.2, Diff: 0.4, Sum: 28.2]
         [Processed Buffers: Min: 8, Avg: 16.3, Max: 24, Diff: 16, Sum: 65]
      [Scan RS (ms): Min: 0.0, Avg: 0.0, Max: 0.0, Diff: 0.0, Sum: 0.0]
      [Code Root Scanning (ms): Min: 0.0, Avg: 0.0, Max: 0.0, Diff: 0.0, Sum: 0.0]
      [Object Copy (ms): Min: 2.1, Avg: 2.2, Max: 2.2, Diff: 0.1, Sum: 8.7]
      [Termination (ms): Min: 0.0, Avg: 0.0, Max: 0.0, Diff: 0.0, Sum: 0.0]
         [Termination Attempts: Min: 1, Avg: 1.0, Max: 1, Diff: 0, Sum: 4]
      [GC Worker Other (ms): Min: 0.0, Avg: 0.0, Max: 0.0, Diff: 0.0, Sum: 0.0]
      [GC Worker Total (ms): Min: 9.8, Avg: 9.9, Max: 9.9, Diff: 0.2, Sum: 39.6]
      [GC Worker End (ms): Min: 70286.4, Avg: 70286.4, Max: 70286.4, Diff: 0.0]
   [Code Root Fixup: 0.0 ms]
   [Code Root Purge: 0.0 ms]
   [Clear CT: 0.0 ms]
   [Other: 0.6 ms]
      [Choose CSet: 0.0 ms]
      [Ref Proc: 0.0 ms]
      [Ref Enq: 0.0 ms]
      [Redirty Cards: 0.1 ms]
      [Humongous Register: 0.0 ms]
      [Humongous Reclaim: 0.0 ms]
      [Free CSet: 0.1 ms]
   [Eden: 44.0M(44.0M)->0.0B(59.0M) Survivors: 7168.0K->7168.0K Heap: 890.5M(1028.0M)->855.0M(1028.0M)]
 [Times: user=0.02 sys=0.00, real=0.01 secs] 
2016-06-27T20:26:08.015+0300: 70.287: Total time for which application threads were stopped: 0.0156445 seconds, Stopping threads took: 0.0044044 seconds
2016-06-27T20:26:08.520+0300: 70.792: [GC pause (G1 Evacuation Pause) (young) (initial-mark)
Desired survivor size 4718592 bytes, new threshold 1 (max 15)
- age   1:    7208792 bytes,    7208792 total
, 0.0047645 secs]
   [Parallel Time: 4.0 ms, GC Workers: 4]
      [GC Worker Start (ms): Min: 70792.0, Avg: 70792.0, Max: 70792.0, Diff: 0.0]
      [Ext Root Scanning (ms): Min: 0.4, Avg: 0.5, Max: 0.7, Diff: 0.3, Sum: 2.1]
      [Update RS (ms): Min: 0.7, Avg: 0.8, Max: 0.9, Diff: 0.2, Sum: 3.1]
         [Processed Buffers: Min: 7, Avg: 11.0, Max: 15, Diff: 8, Sum: 44]
      [Scan RS (ms): Min: 0.0, Avg: 0.0, Max: 0.0, Diff: 0.0, Sum: 0.0]
      [Code Root Scanning (ms): Min: 0.0, Avg: 0.0, Max: 0.0, Diff: 0.0, Sum: 0.0]
      [Object Copy (ms): Min: 2.6, Avg: 2.6, Max: 2.7, Diff: 0.2, Sum: 10.5]
      [Termination (ms): Min: 0.0, Avg: 0.0, Max: 0.0, Diff: 0.0, Sum: 0.0]
         [Termination Attempts: Min: 1, Avg: 1.0, Max: 1, Diff: 0, Sum: 4]
      [GC Worker Other (ms): Min: 0.0, Avg: 0.0, Max: 0.0, Diff: 0.0, Sum: 0.0]
      [GC Worker Total (ms): Min: 4.0, Avg: 4.0, Max: 4.0, Diff: 0.0, Sum: 15.9]
      [GC Worker End (ms): Min: 70795.9, Avg: 70795.9, Max: 70795.9, Diff: 0.0]
   [Code Root Fixup: 0.0 ms]
   [Code Root Purge: 0.0 ms]
   [Clear CT: 0.1 ms]
   [Other: 0.7 ms]
      [Choose CSet: 0.0 ms]
      [Ref Proc: 0.1 ms]
      [Ref Enq: 0.0 ms]
      [Redirty Cards: 0.0 ms]
      [Humongous Register: 0.0 ms]
      [Humongous Reclaim: 0.0 ms]
      [Free CSet: 0.1 ms]
   [Eden: 59.0M(59.0M)->0.0B(49.0M) Survivors: 7168.0K->9216.0K Heap: 914.0M(1028.0M)->866.5M(1028.0M)]
 [Times: user=0.06 sys=0.00, real=0.00 secs] 
2016-06-27T20:26:08.524+0300: 70.797: Total time for which application threads were stopped: 0.0109621 seconds, Stopping threads took: 0.0055557 seconds
2016-06-27T20:26:08.525+0300: 70.797: [GC concurrent-root-region-scan-start]
2016-06-27T20:26:08.525+0300: 70.797: [GC concurrent-root-region-scan-end, 0.0006599 secs]
2016-06-27T20:26:08.525+0300: 70.797: [GC concurrent-mark-start]
2016-06-27T20:26:08.584+0300: 70.856: [GC concurrent-mark-end, 0.0559252 secs]
2016-06-27T20:26:08.613+0300: 70.885: [GC remark 2016-06-27T20:26:08.613+0300: 70.885: [Finalize Marking, 0.0001856 secs] 2016-06-27T20:26:08.613+0300: 70.885: [GC ref-proc, 0.0000825 secs] 2016-06-27T20:26:08.613+0300: 70.885: [Unloading, 0.0012676 secs], 0.0052755 secs]
 [Times: user=0.06 sys=0.00, real=0.01 secs] 
2016-06-27T20:26:08.618+0300: 70.890: Total time for which application threads were stopped: 0.0087006 seconds, Stopping threads took: 0.0029577 seconds
2016-06-27T20:26:08.619+0300: 70.892: [GC cleanup 880M->880M(1028M), 0.0017769 secs]
 [Times: user=0.00 sys=0.00, real=0.00 secs] 
2016-06-27T20:26:08.621+0300: 70.894: Total time for which application threads were stopped: 0.0023222 seconds, Stopping threads took: 0.0000577 seconds
2016-06-27T20:26:08.740+0300: 71.013: Total time for which application threads were stopped: 0.0055505 seconds, Stopping threads took: 0.0030958 seconds
2016-06-27T20:26:08.867+0300: 71.139: [GC pause (G1 Evacuation Pause) (young)
Desired survivor size 4194304 bytes, new threshold 1 (max 15)
- age   1:    9247704 bytes,    9247704 total
, 0.0047431 secs]
   [Parallel Time: 4.2 ms, GC Workers: 4]
      [GC Worker Start (ms): Min: 71139.1, Avg: 71139.1, Max: 71139.1, Diff: 0.0]
      [Ext Root Scanning (ms): Min: 0.5, Avg: 0.6, Max: 0.6, Diff: 0.1, Sum: 2.2]
      [Update RS (ms): Min: 0.8, Avg: 0.9, Max: 0.9, Diff: 0.1, Sum: 3.5]
         [Processed Buffers: Min: 8, Avg: 11.3, Max: 15, Diff: 7, Sum: 45]
      [Scan RS (ms): Min: 0.0, Avg: 0.0, Max: 0.0, Diff: 0.0, Sum: 0.0]
      [Code Root Scanning (ms): Min: 0.0, Avg: 0.0, Max: 0.0, Diff: 0.0, Sum: 0.0]
      [Object Copy (ms): Min: 2.7, Avg: 2.7, Max: 2.8, Diff: 0.1, Sum: 10.8]
      [Termination (ms): Min: 0.0, Avg: 0.0, Max: 0.0, Diff: 0.0, Sum: 0.0]
         [Termination Attempts: Min: 1, Avg: 1.0, Max: 1, Diff: 0, Sum: 4]
      [GC Worker Other (ms): Min: 0.0, Avg: 0.0, Max: 0.0, Diff: 0.0, Sum: 0.1]
      [GC Worker Total (ms): Min: 4.2, Avg: 4.2, Max: 4.2, Diff: 0.0, Sum: 16.7]
      [GC Worker End (ms): Min: 71143.3, Avg: 71143.3, Max: 71143.3, Diff: 0.0]
   [Code Root Fixup: 0.0 ms]
   [Code Root Purge: 0.0 ms]
   [Clear CT: 0.0 ms]
   [Other: 0.5 ms]
      [Choose CSet: 0.0 ms]
      [Ref Proc: 0.1 ms]
      [Ref Enq: 0.0 ms]
      [Redirty Cards: 0.0 ms]
      [Humongous Register: 0.0 ms]
      [Humongous Reclaim: 0.0 ms]
      [Free CSet: 0.1 ms]
   [Eden: 49.0M(49.0M)->0.0B(43.0M) Survivors: 9216.0K->8192.0K Heap: 915.5M(1028.0M)->876.0M(1028.0M)]
 [Times: user=0.00 sys=0.00, real=0.00 secs] 
2016-06-27T20:26:08.872+0300: 71.144: Total time for which application threads were stopped: 0.0082033 seconds, Stopping threads took: 0.0027584 seconds
2016-06-27T20:26:09.239+0300: 71.512: [GC pause (G1 Evacuation Pause) (mixed)
Desired survivor size 3670016 bytes, new threshold 1 (max 15)
- age   1:    8042472 bytes,    8042472 total
, 0.0194095 secs]
   [Parallel Time: 18.0 ms, GC Workers: 4]
      [GC Worker Start (ms): Min: 71511.9, Avg: 71511.9, Max: 71511.9, Diff: 0.0]
      [Ext Root Scanning (ms): Min: 0.5, Avg: 0.6, Max: 0.7, Diff: 0.1, Sum: 2.2]
      [Update RS (ms): Min: 0.9, Avg: 0.9, Max: 1.0, Diff: 0.1, Sum: 3.7]
         [Processed Buffers: Min: 2, Avg: 12.0, Max: 19, Diff: 17, Sum: 48]
      [Scan RS (ms): Min: 2.9, Avg: 3.0, Max: 3.1, Diff: 0.1, Sum: 12.1]
      [Code Root Scanning (ms): Min: 0.0, Avg: 0.0, Max: 0.0, Diff: 0.0, Sum: 0.1]
      [Object Copy (ms): Min: 13.4, Avg: 13.5, Max: 13.5, Diff: 0.1, Sum: 53.9]
      [Termination (ms): Min: 0.0, Avg: 0.0, Max: 0.0, Diff: 0.0, Sum: 0.0]
         [Termination Attempts: Min: 1, Avg: 3.8, Max: 7, Diff: 6, Sum: 15]
      [GC Worker Other (ms): Min: 0.0, Avg: 0.0, Max: 0.0, Diff: 0.0, Sum: 0.1]
      [GC Worker Total (ms): Min: 18.0, Avg: 18.0, Max: 18.0, Diff: 0.0, Sum: 72.0]
      [GC Worker End (ms): Min: 71529.9, Avg: 71529.9, Max: 71529.9, Diff: 0.0]
   [Code Root Fixup: 0.0 ms]
   [Code Root Purge: 0.0 ms]
   [Clear CT: 0.2 ms]
   [Other: 1.1 ms]
      [Choose CSet: 0.2 ms]
      [Ref Proc: 0.1 ms]
      [Ref Enq: 0.0 ms]
      [Redirty Cards: 0.1 ms]
      [Humongous Register: 0.0 ms]
      [Humongous Reclaim: 0.0 ms]
      [Free CSet: 0.4 ms]
   [Eden: 43.0M(43.0M)->0.0B(44.0M) Survivors: 8192.0K->7168.0K Heap: 919.0M(1028.0M)->847.5M(1028.0M)]
 [Times: user=0.06 sys=0.00, real=0.02 secs] 
2016-06-27T20:26:09.259+0300: 71.531: Total time for which application threads were stopped: 0.0216517 seconds, Stopping threads took: 0.0015674 seconds
2016-06-27T20:26:09.633+0300: 71.905: [GC pause (G1 Evacuation Pause) (mixed)
Desired survivor size 3670016 bytes, new threshold 1 (max 15)
- age   1:    6738632 bytes,    6738632 total
, 0.0155067 secs]
   [Parallel Time: 14.8 ms, GC Workers: 4]
      [GC Worker Start (ms): Min: 71904.9, Avg: 71904.9, Max: 71904.9, Diff: 0.0]
      [Ext Root Scanning (ms): Min: 0.5, Avg: 0.5, Max: 0.5, Diff: 0.1, Sum: 2.1]
      [Update RS (ms): Min: 9.6, Avg: 9.7, Max: 9.7, Diff: 0.1, Sum: 38.7]
         [Processed Buffers: Min: 11, Avg: 19.0, Max: 32, Diff: 21, Sum: 76]
      [Scan RS (ms): Min: 0.8, Avg: 0.9, Max: 0.9, Diff: 0.1, Sum: 3.5]
      [Code Root Scanning (ms): Min: 0.0, Avg: 0.0, Max: 0.0, Diff: 0.0, Sum: 0.0]
      [Object Copy (ms): Min: 3.6, Avg: 3.7, Max: 3.7, Diff: 0.0, Sum: 14.6]
      [Termination (ms): Min: 0.0, Avg: 0.0, Max: 0.0, Diff: 0.0, Sum: 0.0]
         [Termination Attempts: Min: 1, Avg: 2.3, Max: 3, Diff: 2, Sum: 9]
      [GC Worker Other (ms): Min: 0.0, Avg: 0.0, Max: 0.0, Diff: 0.0, Sum: 0.1]
      [GC Worker Total (ms): Min: 14.7, Avg: 14.7, Max: 14.8, Diff: 0.0, Sum: 59.0]
      [GC Worker End (ms): Min: 71919.6, Avg: 71919.6, Max: 71919.6, Diff: 0.0]
   [Code Root Fixup: 0.0 ms]
   [Code Root Purge: 0.0 ms]
   [Clear CT: 0.1 ms]
   [Other: 0.6 ms]
      [Choose CSet: 0.0 ms]
      [Ref Proc: 0.0 ms]
      [Ref Enq: 0.0 ms]
      [Redirty Cards: 0.0 ms]
      [Humongous Register: 0.0 ms]
      [Humongous Reclaim: 0.0 ms]
      [Free CSet: 0.1 ms]
   [Eden: 44.0M(44.0M)->0.0B(61.0M) Survivors: 7168.0K->7168.0K Heap: 891.5M(1028.0M)->852.5M(1028.0M)]
 [Times: user=0.06 sys=0.00, real=0.02 secs] 
2016-06-27T20:26:09.648+0300: 71.920: Total time for which application threads were stopped: 0.0196473 seconds, Stopping threads took: 0.0033849 seconds
2016-06-27T20:26:10.166+0300: 72.438: [GC pause (G1 Evacuation Pause) (young)
Desired survivor size 4718592 bytes, new threshold 1 (max 15)
- age   1:    7015376 bytes,    7015376 total
, 0.0076118 secs]
   [Parallel Time: 6.9 ms, GC Workers: 4]
      [GC Worker Start (ms): Min: 72438.8, Avg: 72438.8, Max: 72438.8, Diff: 0.0]
      [Ext Root Scanning (ms): Min: 0.5, Avg: 0.6, Max: 0.6, Diff: 0.1, Sum: 2.3]
      [Update RS (ms): Min: 3.6, Avg: 3.6, Max: 3.7, Diff: 0.1, Sum: 14.5]
         [Processed Buffers: Min: 9, Avg: 20.0, Max: 32, Diff: 23, Sum: 80]
      [Scan RS (ms): Min: 0.0, Avg: 0.0, Max: 0.0, Diff: 0.0, Sum: 0.0]
      [Code Root Scanning (ms): Min: 0.0, Avg: 0.0, Max: 0.0, Diff: 0.0, Sum: 0.0]
      [Object Copy (ms): Min: 2.6, Avg: 2.7, Max: 2.7, Diff: 0.1, Sum: 10.6]
      [Termination (ms): Min: 0.0, Avg: 0.0, Max: 0.0, Diff: 0.0, Sum: 0.0]
         [Termination Attempts: Min: 1, Avg: 1.0, Max: 1, Diff: 0, Sum: 4]
      [GC Worker Other (ms): Min: 0.0, Avg: 0.0, Max: 0.0, Diff: 0.0, Sum: 0.1]
      [GC Worker Total (ms): Min: 6.9, Avg: 6.9, Max: 6.9, Diff: 0.0, Sum: 27.5]
      [GC Worker End (ms): Min: 72445.6, Avg: 72445.6, Max: 72445.6, Diff: 0.0]
   [Code Root Fixup: 0.0 ms]
   [Code Root Purge: 0.0 ms]
   [Clear CT: 0.0 ms]
   [Other: 0.7 ms]
      [Choose CSet: 0.0 ms]
      [Ref Proc: 0.0 ms]
      [Ref Enq: 0.0 ms]
      [Redirty Cards: 0.0 ms]
      [Humongous Register: 0.0 ms]
      [Humongous Reclaim: 0.0 ms]
      [Free CSet: 0.1 ms]
   [Eden: 61.0M(61.0M)->0.0B(51.0M) Survivors: 7168.0K->9216.0K Heap: 913.5M(1028.0M)->864.0M(1028.0M)]
 [Times: user=0.00 sys=0.00, real=0.01 secs] 
2016-06-27T20:26:10.174+0300: 72.446: Total time for which application threads were stopped: 0.0104463 seconds, Stopping threads took: 0.0020416 seconds
2016-06-27T20:26:10.603+0300: 72.875: [GC pause (G1 Evacuation Pause) (young) (initial-mark)
Desired survivor size 4194304 bytes, new threshold 1 (max 15)
- age   1:    8938560 bytes,    8938560 total
, 0.0052781 secs]
   [Parallel Time: 4.5 ms, GC Workers: 4]
      [GC Worker Start (ms): Min: 72875.0, Avg: 72875.0, Max: 72875.0, Diff: 0.0]
      [Ext Root Scanning (ms): Min: 0.5, Avg: 0.6, Max: 0.7, Diff: 0.2, Sum: 2.4]
      [Update RS (ms): Min: 1.0, Avg: 1.1, Max: 1.2, Diff: 0.2, Sum: 4.2]
         [Processed Buffers: Min: 4, Avg: 11.0, Max: 17, Diff: 13, Sum: 44]
      [Scan RS (ms): Min: 0.0, Avg: 0.0, Max: 0.0, Diff: 0.0, Sum: 0.0]
      [Code Root Scanning (ms): Min: 0.0, Avg: 0.0, Max: 0.0, Diff: 0.0, Sum: 0.0]
      [Object Copy (ms): Min: 2.6, Avg: 2.7, Max: 2.9, Diff: 0.3, Sum: 10.9]
      [Termination (ms): Min: 0.0, Avg: 0.0, Max: 0.0, Diff: 0.0, Sum: 0.1]
         [Termination Attempts: Min: 1, Avg: 1.0, Max: 1, Diff: 0, Sum: 4]
      [GC Worker Other (ms): Min: 0.0, Avg: 0.0, Max: 0.0, Diff: 0.0, Sum: 0.1]
      [GC Worker Total (ms): Min: 4.4, Avg: 4.4, Max: 4.5, Diff: 0.0, Sum: 17.8]
      [GC Worker End (ms): Min: 72879.5, Avg: 72879.5, Max: 72879.5, Diff: 0.0]
   [Code Root Fixup: 0.0 ms]
   [Code Root Purge: 0.0 ms]
   [Clear CT: 0.1 ms]
   [Other: 0.7 ms]
      [Choose CSet: 0.0 ms]
      [Ref Proc: 0.1 ms]
      [Ref Enq: 0.0 ms]
      [Redirty Cards: 0.1 ms]
      [Humongous Register: 0.0 ms]
      [Humongous Reclaim: 0.0 ms]
      [Free CSet: 0.1 ms]
   [Eden: 51.0M(51.0M)->0.0B(44.0M) Survivors: 9216.0K->8192.0K Heap: 915.0M(1028.0M)->873.0M(1028.0M)]
 [Times: user=0.00 sys=0.00, real=0.01 secs] 
2016-06-27T20:26:10.608+0300: 2016-06-27T20:26:10.608+0300: 72.880: Total time for which application threads were stopped: 0.0073877 seconds, Stopping threads took: 0.0013116 seconds
72.880: [GC concurrent-root-region-scan-start]
2016-06-27T20:26:10.609+0300: 72.881: [GC concurrent-root-region-scan-end, 0.0007480 secs]
2016-06-27T20:26:10.609+0300: 72.881: [GC concurrent-mark-start]
2016-06-27T20:26:10.667+0300: 72.939: [GC concurrent-mark-end, 0.0573972 secs]
2016-06-27T20:26:10.679+0300: 72.951: [GC remark 2016-06-27T20:26:10.679+0300: 72.951: [Finalize Marking, 0.0002181 secs] 2016-06-27T20:26:10.680+0300: 72.952: [GC ref-proc, 0.0000864 secs] 2016-06-27T20:26:10.680+0300: 72.952: [Unloading, 0.0014326 secs], 0.0052854 secs]
 [Times: user=0.00 sys=0.00, real=0.01 secs] 
2016-06-27T20:26:10.685+0300: 72.957: Total time for which application threads were stopped: 0.0080946 seconds, Stopping threads took: 0.0022242 seconds
2016-06-27T20:26:10.686+0300: 72.958: [GC cleanup 883M->883M(1028M), 0.0018257 secs]
 [Times: user=0.00 sys=0.00, real=0.00 secs] 
2016-06-27T20:26:10.688+0300: 72.960: Total time for which application threads were stopped: 0.0025043 seconds, Stopping threads took: 0.0000475 seconds
2016-06-27T20:26:10.964+0300: 73.236: [GC pause (G1 Evacuation Pause) (young)
Desired survivor size 3670016 bytes, new threshold 1 (max 15)
- age   1:    8249672 bytes,    8249672 total
, 0.0048239 secs]
   [Parallel Time: 4.3 ms, GC Workers: 4]
      [GC Worker Start (ms): Min: 73236.2, Avg: 73236.2, Max: 73236.2, Diff: 0.0]
      [Ext Root Scanning (ms): Min: 0.6, Avg: 0.6, Max: 0.6, Diff: 0.1, Sum: 2.4]
      [Update RS (ms): Min: 1.2, Avg: 1.2, Max: 1.3, Diff: 0.1, Sum: 5.0]
         [Processed Buffers: Min: 2, Avg: 9.5, Max: 18, Diff: 16, Sum: 38]
      [Scan RS (ms): Min: 0.0, Avg: 0.0, Max: 0.0, Diff: 0.0, Sum: 0.0]
      [Code Root Scanning (ms): Min: 0.0, Avg: 0.0, Max: 0.0, Diff: 0.0, Sum: 0.0]
      [Object Copy (ms): Min: 2.4, Avg: 2.4, Max: 2.4, Diff: 0.0, Sum: 9.6]
      [Termination (ms): Min: 0.0, Avg: 0.0, Max: 0.0, Diff: 0.0, Sum: 0.0]
         [Termination Attempts: Min: 1, Avg: 1.0, Max: 1, Diff: 0, Sum: 4]
      [GC Worker Other (ms): Min: 0.0, Avg: 0.0, Max: 0.0, Diff: 0.0, Sum: 0.1]
      [GC Worker Total (ms): Min: 4.3, Avg: 4.3, Max: 4.3, Diff: 0.0, Sum: 17.1]
      [GC Worker End (ms): Min: 73240.4, Avg: 73240.4, Max: 73240.4, Diff: 0.0]
   [Code Root Fixup: 0.0 ms]
   [Code Root Purge: 0.0 ms]
   [Clear CT: 0.0 ms]
   [Other: 0.5 ms]
      [Choose CSet: 0.0 ms]
      [Ref Proc: 0.0 ms]
      [Ref Enq: 0.0 ms]
      [Redirty Cards: 0.0 ms]
      [Humongous Register: 0.0 ms]
      [Humongous Reclaim: 0.0 ms]
      [Free CSet: 0.1 ms]
   [Eden: 44.0M(44.0M)->0.0B(44.0M) Survivors: 8192.0K->7168.0K Heap: 917.0M(1028.0M)->882.0M(1028.0M)]
 [Times: user=0.00 sys=0.00, real=0.01 secs] 
2016-06-27T20:26:10.969+0300: 73.241: Total time for which application threads were stopped: 0.0075986 seconds, Stopping threads took: 0.0020219 seconds
2016-06-27T20:26:11.340+0300: 73.612: [GC pause (G1 Evacuation Pause) (mixed)
Desired survivor size 3670016 bytes, new threshold 1 (max 15)
- age   1:    7013840 bytes,    7013840 total
, 0.0179328 secs]
   [Parallel Time: 16.4 ms, GC Workers: 4]
      [GC Worker Start (ms): Min: 73612.7, Avg: 73612.7, Max: 73612.7, Diff: 0.0]
      [Ext Root Scanning (ms): Min: 0.5, Avg: 0.6, Max: 0.6, Diff: 0.0, Sum: 2.2]
      [Update RS (ms): Min: 0.8, Avg: 0.9, Max: 0.9, Diff: 0.0, Sum: 3.5]
         [Processed Buffers: Min: 6, Avg: 14.3, Max: 21, Diff: 15, Sum: 57]
      [Scan RS (ms): Min: 2.7, Avg: 2.7, Max: 2.7, Diff: 0.0, Sum: 10.8]
      [Code Root Scanning (ms): Min: 0.0, Avg: 0.0, Max: 0.0, Diff: 0.0, Sum: 0.0]
      [Object Copy (ms): Min: 12.2, Avg: 12.2, Max: 12.3, Diff: 0.0, Sum: 49.0]
      [Termination (ms): Min: 0.0, Avg: 0.0, Max: 0.0, Diff: 0.0, Sum: 0.0]
         [Termination Attempts: Min: 1, Avg: 1.0, Max: 1, Diff: 0, Sum: 4]
      [GC Worker Other (ms): Min: 0.0, Avg: 0.0, Max: 0.0, Diff: 0.0, Sum: 0.1]
      [GC Worker Total (ms): Min: 16.4, Avg: 16.4, Max: 16.4, Diff: 0.0, Sum: 65.5]
      [GC Worker End (ms): Min: 73629.1, Avg: 73629.1, Max: 73629.1, Diff: 0.0]
   [Code Root Fixup: 0.0 ms]
   [Code Root Purge: 0.0 ms]
   [Clear CT: 0.2 ms]
   [Other: 1.3 ms]
      [Choose CSet: 0.2 ms]
      [Ref Proc: 0.3 ms]
      [Ref Enq: 0.0 ms]
      [Redirty Cards: 0.1 ms]
      [Humongous Register: 0.0 ms]
      [Humongous Reclaim: 0.0 ms]
      [Free CSet: 0.4 ms]
   [Eden: 44.0M(44.0M)->0.0B(44.0M) Survivors: 7168.0K->7168.0K Heap: 926.0M(1028.0M)->846.0M(1028.0M)]
 [Times: user=0.06 sys=0.00, real=0.02 secs] 
2016-06-27T20:26:11.358+0300: 73.631: Total time for which application threads were stopped: 0.0202836 seconds, Stopping threads took: 0.0015703 seconds
2016-06-27T20:26:11.732+0300: 74.004: [GC pause (G1 Evacuation Pause) (mixed)
Desired survivor size 3670016 bytes, new threshold 1 (max 15)
- age   1:    6855464 bytes,    6855464 total
, 0.0216543 secs]
   [Parallel Time: 20.5 ms, GC Workers: 4]
      [GC Worker Start (ms): Min: 74004.7, Avg: 74004.7, Max: 74004.8, Diff: 0.1]
      [Ext Root Scanning (ms): Min: 0.5, Avg: 0.6, Max: 0.7, Diff: 0.2, Sum: 2.4]
      [Update RS (ms): Min: 7.5, Avg: 7.6, Max: 7.7, Diff: 0.1, Sum: 30.5]
         [Processed Buffers: Min: 8, Avg: 18.8, Max: 36, Diff: 28, Sum: 75]
      [Scan RS (ms): Min: 2.8, Avg: 2.9, Max: 2.9, Diff: 0.2, Sum: 11.5]
      [Code Root Scanning (ms): Min: 0.0, Avg: 0.0, Max: 0.0, Diff: 0.0, Sum: 0.0]
      [Object Copy (ms): Min: 9.2, Avg: 9.3, Max: 9.3, Diff: 0.1, Sum: 37.1]
      [Termination (ms): Min: 0.0, Avg: 0.0, Max: 0.0, Diff: 0.0, Sum: 0.0]
         [Termination Attempts: Min: 1, Avg: 3.8, Max: 7, Diff: 6, Sum: 15]
      [GC Worker Other (ms): Min: 0.0, Avg: 0.0, Max: 0.0, Diff: 0.0, Sum: 0.1]
      [GC Worker Total (ms): Min: 20.4, Avg: 20.4, Max: 20.5, Diff: 0.1, Sum: 81.7]
      [GC Worker End (ms): Min: 74025.2, Avg: 74025.2, Max: 74025.2, Diff: 0.0]
   [Code Root Fixup: 0.0 ms]
   [Code Root Purge: 0.0 ms]
   [Clear CT: 0.2 ms]
   [Other: 1.0 ms]
      [Choose CSet: 0.2 ms]
      [Ref Proc: 0.0 ms]
      [Ref Enq: 0.0 ms]
      [Redirty Cards: 0.0 ms]
      [Humongous Register: 0.0 ms]
      [Humongous Reclaim: 0.0 ms]
      [Free CSet: 0.3 ms]
   [Eden: 44.0M(44.0M)->0.0B(44.0M) Survivors: 7168.0K->7168.0K Heap: 890.0M(1028.0M)->830.0M(1028.0M)]
 [Times: user=0.06 sys=0.00, real=0.02 secs] 
2016-06-27T20:26:11.754+0300: 74.026: Total time for which application threads were stopped: 0.0239555 seconds, Stopping threads took: 0.0015400 seconds
2016-06-27T20:26:12.121+0300: 74.394: [GC pause (G1 Evacuation Pause) (young)
Desired survivor size 3670016 bytes, new threshold 1 (max 15)
- age   1:    6585968 bytes,    6585968 total
, 0.0124516 secs]
   [Parallel Time: 11.8 ms, GC Workers: 4]
      [GC Worker Start (ms): Min: 74393.9, Avg: 74393.9, Max: 74393.9, Diff: 0.0]
      [Ext Root Scanning (ms): Min: 0.5, Avg: 0.7, Max: 0.8, Diff: 0.2, Sum: 2.6]
      [Update RS (ms): Min: 8.8, Avg: 8.9, Max: 9.2, Diff: 0.4, Sum: 35.8]
         [Processed Buffers: Min: 9, Avg: 14.0, Max: 22, Diff: 13, Sum: 56]
      [Scan RS (ms): Min: 0.0, Avg: 0.0, Max: 0.0, Diff: 0.0, Sum: 0.0]
      [Code Root Scanning (ms): Min: 0.0, Avg: 0.0, Max: 0.0, Diff: 0.0, Sum: 0.0]
      [Object Copy (ms): Min: 1.8, Avg: 2.1, Max: 2.3, Diff: 0.4, Sum: 8.3]
      [Termination (ms): Min: 0.0, Avg: 0.0, Max: 0.0, Diff: 0.0, Sum: 0.0]
         [Termination Attempts: Min: 1, Avg: 1.0, Max: 1, Diff: 0, Sum: 4]
      [GC Worker Other (ms): Min: 0.0, Avg: 0.0, Max: 0.0, Diff: 0.0, Sum: 0.1]
      [GC Worker Total (ms): Min: 11.7, Avg: 11.7, Max: 11.7, Diff: 0.0, Sum: 46.8]
      [GC Worker End (ms): Min: 74405.6, Avg: 74405.6, Max: 74405.6, Diff: 0.0]
   [Code Root Fixup: 0.0 ms]
   [Code Root Purge: 0.0 ms]
   [Clear CT: 0.1 ms]
   [Other: 0.6 ms]
      [Choose CSet: 0.0 ms]
      [Ref Proc: 0.1 ms]
      [Ref Enq: 0.0 ms]
      [Redirty Cards: 0.0 ms]
      [Humongous Register: 0.0 ms]
      [Humongous Reclaim: 0.0 ms]
      [Free CSet: 0.1 ms]
   [Eden: 44.0M(44.0M)->0.0B(44.0M) Survivors: 7168.0K->7168.0K Heap: 874.0M(1028.0M)->838.0M(1028.0M)]
 [Times: user=0.06 sys=0.00, real=0.01 secs] 
2016-06-27T20:26:12.134+0300: 74.406: Total time for which application threads were stopped: 0.0141199 seconds, Stopping threads took: 0.0009088 seconds
2016-06-27T20:26:12.513+0300: 74.785: [GC pause (G1 Evacuation Pause) (young) (initial-mark)
Desired survivor size 3670016 bytes, new threshold 1 (max 15)
- age   1:    7077880 bytes,    7077880 total
, 0.0042697 secs]
   [Parallel Time: 3.6 ms, GC Workers: 4]
      [GC Worker Start (ms): Min: 74785.1, Avg: 74785.1, Max: 74785.1, Diff: 0.0]
      [Ext Root Scanning (ms): Min: 0.5, Avg: 0.6, Max: 0.7, Diff: 0.1, Sum: 2.5]
      [Update RS (ms): Min: 0.5, Avg: 0.6, Max: 0.6, Diff: 0.1, Sum: 2.3]
         [Processed Buffers: Min: 2, Avg: 13.5, Max: 28, Diff: 26, Sum: 54]
      [Scan RS (ms): Min: 0.0, Avg: 0.0, Max: 0.0, Diff: 0.0, Sum: 0.0]
      [Code Root Scanning (ms): Min: 0.0, Avg: 0.0, Max: 0.0, Diff: 0.0, Sum: 0.0]
      [Object Copy (ms): Min: 2.2, Avg: 2.3, Max: 2.4, Diff: 0.2, Sum: 9.3]
      [Termination (ms): Min: 0.0, Avg: 0.0, Max: 0.0, Diff: 0.0, Sum: 0.0]
         [Termination Attempts: Min: 1, Avg: 1.0, Max: 1, Diff: 0, Sum: 4]
      [GC Worker Other (ms): Min: 0.0, Avg: 0.0, Max: 0.0, Diff: 0.0, Sum: 0.1]
      [GC Worker Total (ms): Min: 3.5, Avg: 3.6, Max: 3.6, Diff: 0.0, Sum: 14.2]
      [GC Worker End (ms): Min: 74788.7, Avg: 74788.7, Max: 74788.7, Diff: 0.0]
   [Code Root Fixup: 0.0 ms]
   [Code Root Purge: 0.0 ms]
   [Clear CT: 0.0 ms]
   [Other: 0.6 ms]
      [Choose CSet: 0.0 ms]
      [Ref Proc: 0.0 ms]
      [Ref Enq: 0.0 ms]
      [Redirty Cards: 0.0 ms]
      [Humongous Register: 0.0 ms]
      [Humongous Reclaim: 0.0 ms]
      [Free CSet: 0.1 ms]
   [Eden: 44.0M(44.0M)->0.0B(66.0M) Survivors: 7168.0K->7168.0K Heap: 882.0M(1028.0M)->847.0M(1028.0M)]
 [Times: user=0.00 sys=0.00, real=0.00 secs] 
2016-06-27T20:26:12.517+0300: 74.789: [GC concurrent-root-region-scan-start]
2016-06-27T20:26:12.517+0300: 74.789: Total time for which application threads were stopped: 0.0065628 seconds, Stopping threads took: 0.0014510 seconds
2016-06-27T20:26:12.518+0300: 74.790: [GC concurrent-root-region-scan-end, 0.0004743 secs]
2016-06-27T20:26:12.518+0300: 74.790: [GC concurrent-mark-start]
2016-06-27T20:26:12.526+0300: 74.798: Total time for which application threads were stopped: 0.0007522 seconds, Stopping threads took: 0.0002040 seconds
2016-06-27T20:26:12.576+0300: 74.848: [GC concurrent-mark-end, 0.0577214 secs]
2016-06-27T20:26:12.599+0300: 74.871: [GC remark 2016-06-27T20:26:12.599+0300: 74.871: [Finalize Marking, 0.0001728 secs] 2016-06-27T20:26:12.599+0300: 74.871: [GC ref-proc, 0.0000766 secs] 2016-06-27T20:26:12.599+0300: 74.871: [Unloading, 0.0013441 secs], 0.0051558 secs]
 [Times: user=0.00 sys=0.00, real=0.01 secs] 
2016-06-27T20:26:12.604+0300: 74.876: Total time for which application threads were stopped: 0.0060902 seconds, Stopping threads took: 0.0003738 seconds
2016-06-27T20:26:12.605+0300: 74.877: [GC cleanup 862M->862M(1028M), 0.0018411 secs]
 [Times: user=0.00 sys=0.00, real=0.00 secs] 
2016-06-27T20:26:12.607+0300: 74.879: Total time for which application threads were stopped: 0.0024612 seconds, Stopping threads took: 0.0000526 seconds
2016-06-27T20:26:13.032+0300: 75.304: [GC pause (G1 Evacuation Pause) (young)
Desired survivor size 5242880 bytes, new threshold 1 (max 15)
- age   1:    6692064 bytes,    6692064 total
, 0.0047157 secs]
   [Parallel Time: 4.1 ms, GC Workers: 4]
      [GC Worker Start (ms): Min: 75304.2, Avg: 75304.2, Max: 75304.2, Diff: 0.0]
      [Ext Root Scanning (ms): Min: 0.5, Avg: 0.6, Max: 0.6, Diff: 0.1, Sum: 2.3]
      [Update RS (ms): Min: 0.7, Avg: 0.8, Max: 0.8, Diff: 0.1, Sum: 3.2]
         [Processed Buffers: Min: 8, Avg: 13.0, Max: 16, Diff: 8, Sum: 52]
      [Scan RS (ms): Min: 0.0, Avg: 0.0, Max: 0.0, Diff: 0.0, Sum: 0.0]
      [Code Root Scanning (ms): Min: 0.0, Avg: 0.0, Max: 0.0, Diff: 0.0, Sum: 0.0]
      [Object Copy (ms): Min: 2.7, Avg: 2.7, Max: 2.8, Diff: 0.1, Sum: 10.8]
      [Termination (ms): Min: 0.0, Avg: 0.0, Max: 0.0, Diff: 0.0, Sum: 0.0]
         [Termination Attempts: Min: 1, Avg: 1.0, Max: 1, Diff: 0, Sum: 4]
      [GC Worker Other (ms): Min: 0.0, Avg: 0.0, Max: 0.0, Diff: 0.0, Sum: 0.1]
      [GC Worker Total (ms): Min: 4.1, Avg: 4.1, Max: 4.1, Diff: 0.0, Sum: 16.3]
      [GC Worker End (ms): Min: 75308.3, Avg: 75308.3, Max: 75308.3, Diff: 0.0]
   [Code Root Fixup: 0.0 ms]
   [Code Root Purge: 0.0 ms]
   [Clear CT: 0.0 ms]
   [Other: 0.5 ms]
      [Choose CSet: 0.0 ms]
      [Ref Proc: 0.0 ms]
      [Ref Enq: 0.0 ms]
      [Redirty Cards: 0.0 ms]
      [Humongous Register: 0.0 ms]
      [Humongous Reclaim: 0.0 ms]
      [Free CSet: 0.1 ms]
   [Eden: 66.0M(66.0M)->0.0B(41.0M) Survivors: 7168.0K->10.0M Heap: 913.0M(1028.0M)->858.5M(1028.0M)]
 [Times: user=0.06 sys=0.00, real=0.00 secs] 
2016-06-27T20:26:13.037+0300: 75.309: Total time for which application threads were stopped: 0.0085514 seconds, Stopping threads took: 0.0030791 seconds
2016-06-27T20:26:13.380+0300: 75.652: [GC pause (G1 Evacuation Pause) (mixed)
Desired survivor size 3670016 bytes, new threshold 1 (max 15)
- age   1:   10270456 bytes,   10270456 total
, 0.0185581 secs]
   [Parallel Time: 17.2 ms, GC Workers: 4]
      [GC Worker Start (ms): Min: 75652.5, Avg: 75652.5, Max: 75652.5, Diff: 0.0]
      [Ext Root Scanning (ms): Min: 0.5, Avg: 0.6, Max: 0.6, Diff: 0.1, Sum: 2.3]
      [Update RS (ms): Min: 0.5, Avg: 0.6, Max: 0.6, Diff: 0.1, Sum: 2.2]
         [Processed Buffers: Min: 4, Avg: 10.3, Max: 21, Diff: 17, Sum: 41]
      [Scan RS (ms): Min: 3.0, Avg: 3.1, Max: 3.1, Diff: 0.1, Sum: 12.3]
      [Code Root Scanning (ms): Min: 0.0, Avg: 0.0, Max: 0.0, Diff: 0.0, Sum: 0.0]
      [Object Copy (ms): Min: 12.9, Avg: 12.9, Max: 13.0, Diff: 0.1, Sum: 51.7]
      [Termination (ms): Min: 0.0, Avg: 0.0, Max: 0.0, Diff: 0.0, Sum: 0.0]
         [Termination Attempts: Min: 1, Avg: 2.8, Max: 4, Diff: 3, Sum: 11]
      [GC Worker Other (ms): Min: 0.0, Avg: 0.0, Max: 0.0, Diff: 0.0, Sum: 0.1]
      [GC Worker Total (ms): Min: 17.2, Avg: 17.2, Max: 17.2, Diff: 0.0, Sum: 68.7]
      [GC Worker End (ms): Min: 75669.7, Avg: 75669.7, Max: 75669.7, Diff: 0.0]
   [Code Root Fixup: 0.0 ms]
   [Code Root Purge: 0.0 ms]
   [Clear CT: 0.2 ms]
   [Other: 1.1 ms]
      [Choose CSet: 0.2 ms]
      [Ref Proc: 0.1 ms]
      [Ref Enq: 0.0 ms]
      [Redirty Cards: 0.0 ms]
      [Humongous Register: 0.0 ms]
      [Humongous Reclaim: 0.0 ms]
      [Free CSet: 0.5 ms]
   [Eden: 41.0M(41.0M)->0.0B(44.0M) Survivors: 10.0M->7168.0K Heap: 899.5M(1028.0M)->825.0M(1028.0M)]
 [Times: user=0.06 sys=0.00, real=0.02 secs] 
2016-06-27T20:26:13.399+0300: 75.671: Total time for which application threads were stopped: 0.0219147 seconds, Stopping threads took: 0.0026074 seconds
2016-06-27T20:26:13.754+0300: 76.026: [GC pause (G1 Evacuation Pause) (mixed)
Desired survivor size 3670016 bytes, new threshold 1 (max 15)
- age   1:    6904400 bytes,    6904400 total
, 0.0145834 secs]
   [Parallel Time: 13.8 ms, GC Workers: 4]
      [GC Worker Start (ms): Min: 76025.8, Avg: 76025.8, Max: 76025.8, Diff: 0.0]
      [Ext Root Scanning (ms): Min: 0.5, Avg: 0.6, Max: 0.7, Diff: 0.1, Sum: 2.3]
      [Update RS (ms): Min: 8.7, Avg: 8.8, Max: 8.8, Diff: 0.1, Sum: 35.1]
         [Processed Buffers: Min: 10, Avg: 16.3, Max: 23, Diff: 13, Sum: 65]
      [Scan RS (ms): Min: 1.0, Avg: 1.0, Max: 1.0, Diff: 0.0, Sum: 3.9]
      [Code Root Scanning (ms): Min: 0.0, Avg: 0.0, Max: 0.0, Diff: 0.0, Sum: 0.0]
      [Object Copy (ms): Min: 3.4, Avg: 3.4, Max: 3.4, Diff: 0.0, Sum: 13.7]
      [Termination (ms): Min: 0.0, Avg: 0.0, Max: 0.0, Diff: 0.0, Sum: 0.0]
         [Termination Attempts: Min: 1, Avg: 1.5, Max: 2, Diff: 1, Sum: 6]
      [GC Worker Other (ms): Min: 0.0, Avg: 0.0, Max: 0.0, Diff: 0.0, Sum: 0.0]
      [GC Worker Total (ms): Min: 13.8, Avg: 13.8, Max: 13.8, Diff: 0.0, Sum: 55.2]
      [GC Worker End (ms): Min: 76039.6, Avg: 76039.6, Max: 76039.6, Diff: 0.0]
   [Code Root Fixup: 0.0 ms]
   [Code Root Purge: 0.0 ms]
   [Clear CT: 0.2 ms]
   [Other: 0.6 ms]
      [Choose CSet: 0.0 ms]
      [Ref Proc: 0.1 ms]
      [Ref Enq: 0.0 ms]
      [Redirty Cards: 0.0 ms]
      [Humongous Register: 0.0 ms]
      [Humongous Reclaim: 0.0 ms]
      [Free CSet: 0.1 ms]
   [Eden: 44.0M(44.0M)->0.0B(44.0M) Survivors: 7168.0K->7168.0K Heap: 869.0M(1028.0M)->828.5M(1028.0M)]
 [Times: user=0.06 sys=0.00, real=0.02 secs] 
2016-06-27T20:26:13.769+0300: 76.040: Total time for which application threads were stopped: 0.0196182 seconds, Stopping threads took: 0.0043454 seconds
2016-06-27T20:26:14.133+0300: 76.405: [GC pause (G1 Evacuation Pause) (young)
Desired survivor size 3670016 bytes, new threshold 1 (max 15)
- age   1:    7204288 bytes,    7204288 total
, 0.0067480 secs]
   [Parallel Time: 6.1 ms, GC Workers: 4]
      [GC Worker Start (ms): Min: 76405.1, Avg: 76405.1, Max: 76405.1, Diff: 0.0]
      [Ext Root Scanning (ms): Min: 0.5, Avg: 0.5, Max: 0.6, Diff: 0.1, Sum: 2.2]
      [Update RS (ms): Min: 3.2, Avg: 3.3, Max: 3.4, Diff: 0.2, Sum: 13.1]
         [Processed Buffers: Min: 4, Avg: 11.0, Max: 20, Diff: 16, Sum: 44]
      [Scan RS (ms): Min: 0.0, Avg: 0.0, Max: 0.0, Diff: 0.0, Sum: 0.0]
      [Code Root Scanning (ms): Min: 0.0, Avg: 0.0, Max: 0.0, Diff: 0.0, Sum: 0.0]
      [Object Copy (ms): Min: 2.2, Avg: 2.2, Max: 2.3, Diff: 0.1, Sum: 8.8]
      [Termination (ms): Min: 0.0, Avg: 0.0, Max: 0.0, Diff: 0.0, Sum: 0.0]
         [Termination Attempts: Min: 1, Avg: 1.0, Max: 1, Diff: 0, Sum: 4]
      [GC Worker Other (ms): Min: 0.0, Avg: 0.0, Max: 0.0, Diff: 0.0, Sum: 0.1]
      [GC Worker Total (ms): Min: 6.0, Avg: 6.0, Max: 6.0, Diff: 0.0, Sum: 24.1]
      [GC Worker End (ms): Min: 76411.1, Avg: 76411.1, Max: 76411.1, Diff: 0.0]
   [Code Root Fixup: 0.0 ms]
   [Code Root Purge: 0.0 ms]
   [Clear CT: 0.1 ms]
   [Other: 0.6 ms]
      [Choose CSet: 0.0 ms]
      [Ref Proc: 0.1 ms]
      [Ref Enq: 0.0 ms]
      [Redirty Cards: 0.1 ms]
      [Humongous Register: 0.0 ms]
      [Humongous Reclaim: 0.0 ms]
      [Free CSet: 0.1 ms]
   [Eden: 44.0M(44.0M)->0.0B(74.0M) Survivors: 7168.0K->7168.0K Heap: 872.5M(1028.0M)->837.0M(1028.0M)]
 [Times: user=0.00 sys=0.00, real=0.01 secs] 
2016-06-27T20:26:14.140+0300: 76.412: Total time for which application threads were stopped: 0.0101179 seconds, Stopping threads took: 0.0027434 seconds
2016-06-27T20:26:14.767+0300: 77.039: [GC pause (G1 Evacuation Pause) (young) (initial-mark)
Desired survivor size 5767168 bytes, new threshold 1 (max 15)
- age   1:    7218712 bytes,    7218712 total
, 0.0053068 secs]
   [Parallel Time: 4.6 ms, GC Workers: 4]
      [GC Worker Start (ms): Min: 77039.1, Avg: 77039.1, Max: 77039.1, Diff: 0.0]
      [Ext Root Scanning (ms): Min: 0.5, Avg: 0.6, Max: 0.8, Diff: 0.2, Sum: 2.4]
      [Update RS (ms): Min: 0.8, Avg: 0.9, Max: 0.9, Diff: 0.2, Sum: 3.5]
         [Processed Buffers: Min: 2, Avg: 14.5, Max: 33, Diff: 31, Sum: 58]
      [Scan RS (ms): Min: 0.0, Avg: 0.0, Max: 0.0, Diff: 0.0, Sum: 0.0]
      [Code Root Scanning (ms): Min: 0.0, Avg: 0.0, Max: 0.0, Diff: 0.0, Sum: 0.0]
      [Object Copy (ms): Min: 3.0, Avg: 3.1, Max: 3.1, Diff: 0.1, Sum: 12.3]
      [Termination (ms): Min: 0.0, Avg: 0.0, Max: 0.0, Diff: 0.0, Sum: 0.0]
         [Termination Attempts: Min: 1, Avg: 1.0, Max: 1, Diff: 0, Sum: 4]
      [GC Worker Other (ms): Min: 0.0, Avg: 0.0, Max: 0.0, Diff: 0.0, Sum: 0.1]
      [GC Worker Total (ms): Min: 4.6, Avg: 4.6, Max: 4.6, Diff: 0.0, Sum: 18.3]
      [GC Worker End (ms): Min: 77043.6, Avg: 77043.6, Max: 77043.7, Diff: 0.0]
   [Code Root Fixup: 0.0 ms]
   [Code Root Purge: 0.0 ms]
   [Clear CT: 0.0 ms]
   [Other: 0.7 ms]
      [Choose CSet: 0.0 ms]
      [Ref Proc: 0.1 ms]
      [Ref Enq: 0.0 ms]
      [Redirty Cards: 0.1 ms]
      [Humongous Register: 0.0 ms]
      [Humongous Reclaim: 0.0 ms]
      [Free CSet: 0.1 ms]
   [Eden: 74.0M(74.0M)->0.0B(62.0M) Survivors: 7168.0K->11.0M Heap: 911.0M(1028.0M)->851.0M(1028.0M)]
 [Times: user=0.06 sys=0.00, real=0.01 secs] 
2016-06-27T20:26:14.772+0300: 77.044: [GC concurrent-root-region-scan-start]
2016-06-27T20:26:14.772+0300: 77.044: Total time for which application threads were stopped: 0.0126107 seconds, Stopping threads took: 0.0066633 seconds
2016-06-27T20:26:14.773+0300: 77.045: [GC concurrent-root-region-scan-end, 0.0007989 secs]
2016-06-27T20:26:14.773+0300: 77.045: [GC concurrent-mark-start]
2016-06-27T20:26:14.830+0300: 77.102: [GC concurrent-mark-end, 0.0566039 secs]
2016-06-27T20:26:14.843+0300: 77.115: [GC remark 2016-06-27T20:26:14.843+0300: 77.115: [Finalize Marking, 0.0001698 secs] 2016-06-27T20:26:14.843+0300: 77.115: [GC ref-proc, 0.0000877 secs] 2016-06-27T20:26:14.843+0300: 77.115: [Unloading, 0.0013108 secs], 0.0051348 secs]
 [Times: user=0.00 sys=0.00, real=0.01 secs] 
2016-06-27T20:26:14.848+0300: 77.120: Total time for which application threads were stopped: 0.0096906 seconds, Stopping threads took: 0.0040743 seconds
2016-06-27T20:26:14.884+0300: 77.156: [GC cleanup 865M->865M(1028M), 0.0017876 secs]
 [Times: user=0.00 sys=0.00, real=0.00 secs] 
2016-06-27T20:26:14.885+0300: 77.158: Total time for which application threads were stopped: 0.0054440 seconds, Stopping threads took: 0.0031373 seconds
2016-06-27T20:26:15.267+0300: 77.539: [GC pause (G1 Evacuation Pause) (young)
Desired survivor size 5242880 bytes, new threshold 1 (max 15)
- age   1:   11354816 bytes,   11354816 total
, 0.0053157 secs]
   [Parallel Time: 4.8 ms, GC Workers: 4]
      [GC Worker Start (ms): Min: 77539.4, Avg: 77539.4, Max: 77539.4, Diff: 0.0]
      [Ext Root Scanning (ms): Min: 0.5, Avg: 0.6, Max: 0.6, Diff: 0.1, Sum: 2.3]
      [Update RS (ms): Min: 0.8, Avg: 0.8, Max: 0.8, Diff: 0.0, Sum: 3.3]
         [Processed Buffers: Min: 3, Avg: 11.5, Max: 17, Diff: 14, Sum: 46]
      [Scan RS (ms): Min: 0.0, Avg: 0.0, Max: 0.0, Diff: 0.0, Sum: 0.0]
      [Code Root Scanning (ms): Min: 0.0, Avg: 0.0, Max: 0.0, Diff: 0.0, Sum: 0.0]
      [Object Copy (ms): Min: 3.3, Avg: 3.3, Max: 3.4, Diff: 0.1, Sum: 13.3]
      [Termination (ms): Min: 0.0, Avg: 0.0, Max: 0.0, Diff: 0.0, Sum: 0.0]
         [Termination Attempts: Min: 1, Avg: 1.0, Max: 1, Diff: 0, Sum: 4]
      [GC Worker Other (ms): Min: 0.0, Avg: 0.0, Max: 0.0, Diff: 0.0, Sum: 0.0]
      [GC Worker Total (ms): Min: 4.7, Avg: 4.7, Max: 4.7, Diff: 0.0, Sum: 19.0]
      [GC Worker End (ms): Min: 77544.1, Avg: 77544.1, Max: 77544.2, Diff: 0.0]
   [Code Root Fixup: 0.0 ms]
   [Code Root Purge: 0.0 ms]
   [Clear CT: 0.0 ms]
   [Other: 0.5 ms]
      [Choose CSet: 0.0 ms]
      [Ref Proc: 0.1 ms]
      [Ref Enq: 0.0 ms]
      [Redirty Cards: 0.0 ms]
      [Humongous Register: 0.0 ms]
      [Humongous Reclaim: 0.0 ms]
      [Free CSet: 0.1 ms]
   [Eden: 62.0M(62.0M)->0.0B(41.0M) Survivors: 11.0M->10.0M Heap: 913.0M(1028.0M)->862.5M(1028.0M)]
 [Times: user=0.06 sys=0.00, real=0.01 secs] 
2016-06-27T20:26:15.273+0300: 77.545: Total time for which application threads were stopped: 0.0101897 seconds, Stopping threads took: 0.0041991 seconds
2016-06-27T20:26:15.615+0300: 77.887: [GC pause (G1 Evacuation Pause) (mixed)
Desired survivor size 3670016 bytes, new threshold 1 (max 15)
- age   1:   10300432 bytes,   10300432 total
, 0.0185717 secs]
   [Parallel Time: 17.3 ms, GC Workers: 4]
      [GC Worker Start (ms): Min: 77887.6, Avg: 77887.6, Max: 77887.6, Diff: 0.0]
      [Ext Root Scanning (ms): Min: 0.5, Avg: 0.6, Max: 0.6, Diff: 0.1, Sum: 2.3]
      [Update RS (ms): Min: 0.6, Avg: 0.7, Max: 0.8, Diff: 0.2, Sum: 2.8]
         [Processed Buffers: Min: 2, Avg: 8.3, Max: 18, Diff: 16, Sum: 33]
      [Scan RS (ms): Min: 2.8, Avg: 3.0, Max: 3.1, Diff: 0.2, Sum: 11.9]
      [Code Root Scanning (ms): Min: 0.0, Avg: 0.0, Max: 0.0, Diff: 0.0, Sum: 0.0]
      [Object Copy (ms): Min: 13.0, Avg: 13.0, Max: 13.0, Diff: 0.0, Sum: 52.0]
      [Termination (ms): Min: 0.0, Avg: 0.0, Max: 0.0, Diff: 0.0, Sum: 0.0]
         [Termination Attempts: Min: 1, Avg: 2.0, Max: 3, Diff: 2, Sum: 8]
      [GC Worker Other (ms): Min: 0.0, Avg: 0.0, Max: 0.0, Diff: 0.0, Sum: 0.1]
      [GC Worker Total (ms): Min: 17.3, Avg: 17.3, Max: 17.3, Diff: 0.0, Sum: 69.1]
      [GC Worker End (ms): Min: 77904.9, Avg: 77904.9, Max: 77904.9, Diff: 0.0]
   [Code Root Fixup: 0.0 ms]
   [Code Root Purge: 0.0 ms]
   [Clear CT: 0.2 ms]
   [Other: 1.1 ms]
      [Choose CSet: 0.2 ms]
      [Ref Proc: 0.1 ms]
      [Ref Enq: 0.0 ms]
      [Redirty Cards: 0.1 ms]
      [Humongous Register: 0.0 ms]
      [Humongous Reclaim: 0.0 ms]
      [Free CSet: 0.4 ms]
   [Eden: 41.0M(41.0M)->0.0B(44.0M) Survivors: 10.0M->7168.0K Heap: 903.5M(1028.0M)->830.5M(1028.0M)]
 [Times: user=0.06 sys=0.00, real=0.02 secs] 
2016-06-27T20:26:15.634+0300: 77.906: Total time for which application threads were stopped: 0.0220960 seconds, Stopping threads took: 0.0028328 seconds
2016-06-27T20:26:16.011+0300: 78.283: [GC pause (G1 Evacuation Pause) (mixed)
Desired survivor size 3670016 bytes, new threshold 1 (max 15)
- age   1:    6744288 bytes,    6744288 total
, 0.0125204 secs]
   [Parallel Time: 11.9 ms, GC Workers: 4]
      [GC Worker Start (ms): Min: 78283.5, Avg: 78283.5, Max: 78283.5, Diff: 0.0]
      [Ext Root Scanning (ms): Min: 0.5, Avg: 0.6, Max: 0.6, Diff: 0.1, Sum: 2.3]
      [Update RS (ms): Min: 8.7, Avg: 8.8, Max: 8.9, Diff: 0.2, Sum: 35.0]
         [Processed Buffers: Min: 11, Avg: 18.5, Max: 26, Diff: 15, Sum: 74]
      [Scan RS (ms): Min: 0.0, Avg: 0.2, Max: 0.2, Diff: 0.2, Sum: 0.6]
      [Code Root Scanning (ms): Min: 0.0, Avg: 0.0, Max: 0.0, Diff: 0.0, Sum: 0.0]
      [Object Copy (ms): Min: 2.3, Avg: 2.4, Max: 2.5, Diff: 0.2, Sum: 9.6]
      [Termination (ms): Min: 0.0, Avg: 0.0, Max: 0.0, Diff: 0.0, Sum: 0.0]
         [Termination Attempts: Min: 1, Avg: 1.0, Max: 1, Diff: 0, Sum: 4]
      [GC Worker Other (ms): Min: 0.0, Avg: 0.0, Max: 0.0, Diff: 0.0, Sum: 0.1]
      [GC Worker Total (ms): Min: 11.9, Avg: 11.9, Max: 11.9, Diff: 0.0, Sum: 47.6]
      [GC Worker End (ms): Min: 78295.4, Avg: 78295.4, Max: 78295.4, Diff: 0.0]
   [Code Root Fixup: 0.0 ms]
   [Code Root Purge: 0.0 ms]
   [Clear CT: 0.1 ms]
   [Other: 0.5 ms]
      [Choose CSet: 0.0 ms]
      [Ref Proc: 0.1 ms]
      [Ref Enq: 0.0 ms]
      [Redirty Cards: 0.0 ms]
      [Humongous Register: 0.0 ms]
      [Humongous Reclaim: 0.0 ms]
      [Free CSet: 0.1 ms]
   [Eden: 44.0M(44.0M)->0.0B(72.0M) Survivors: 7168.0K->7168.0K Heap: 874.5M(1028.0M)->838.5M(1028.0M)]
 [Times: user=0.06 sys=0.00, real=0.01 secs] 
2016-06-27T20:26:16.024+0300: 78.296: Total time for which application threads were stopped: 0.0145775 seconds, Stopping threads took: 0.0013202 seconds
2016-06-27T20:26:16.651+0300: 78.923: [GC pause (G1 Evacuation Pause) (young)
Desired survivor size 5242880 bytes, new threshold 1 (max 15)
- age   1:    6896432 bytes,    6896432 total
, 0.0052512 secs]
   [Parallel Time: 4.5 ms, GC Workers: 4]
      [GC Worker Start (ms): Min: 78923.1, Avg: 78923.1, Max: 78923.1, Diff: 0.0]
      [Ext Root Scanning (ms): Min: 0.5, Avg: 0.5, Max: 0.6, Diff: 0.1, Sum: 2.1]
      [Update RS (ms): Min: 1.0, Avg: 1.1, Max: 1.1, Diff: 0.1, Sum: 4.3]
         [Processed Buffers: Min: 7, Avg: 15.0, Max: 23, Diff: 16, Sum: 60]
      [Scan RS (ms): Min: 0.0, Avg: 0.0, Max: 0.0, Diff: 0.0, Sum: 0.0]
      [Code Root Scanning (ms): Min: 0.0, Avg: 0.0, Max: 0.0, Diff: 0.0, Sum: 0.0]
      [Object Copy (ms): Min: 2.9, Avg: 2.9, Max: 2.9, Diff: 0.1, Sum: 11.5]
      [Termination (ms): Min: 0.0, Avg: 0.0, Max: 0.0, Diff: 0.0, Sum: 0.0]
         [Termination Attempts: Min: 1, Avg: 1.0, Max: 1, Diff: 0, Sum: 4]
      [GC Worker Other (ms): Min: 0.0, Avg: 0.0, Max: 0.0, Diff: 0.0, Sum: 0.1]
      [GC Worker Total (ms): Min: 4.5, Avg: 4.5, Max: 4.5, Diff: 0.0, Sum: 18.1]
      [GC Worker End (ms): Min: 78927.6, Avg: 78927.6, Max: 78927.6, Diff: 0.0]
   [Code Root Fixup: 0.0 ms]
   [Code Root Purge: 0.0 ms]
   [Clear CT: 0.0 ms]
   [Other: 0.7 ms]
      [Choose CSet: 0.0 ms]
      [Ref Proc: 0.1 ms]
      [Ref Enq: 0.0 ms]
      [Redirty Cards: 0.0 ms]
      [Humongous Register: 0.0 ms]
      [Humongous Reclaim: 0.0 ms]
      [Free CSet: 0.1 ms]
   [Eden: 72.0M(72.0M)->0.0B(61.0M) Survivors: 7168.0K->10.0M Heap: 910.5M(1028.0M)->851.5M(1028.0M)]
 [Times: user=0.00 sys=0.00, real=0.00 secs] 
2016-06-27T20:26:16.656+0300: 78.928: Total time for which application threads were stopped: 0.0112178 seconds, Stopping threads took: 0.0052144 seconds
2016-06-27T20:26:17.185+0300: 79.457: [GC pause (G1 Evacuation Pause) (young) (initial-mark)
Desired survivor size 4718592 bytes, new threshold 1 (max 15)
- age   1:   10285664 bytes,   10285664 total
, 0.0051892 secs]
   [Parallel Time: 4.6 ms, GC Workers: 4]
      [GC Worker Start (ms): Min: 79457.1, Avg: 79457.1, Max: 79457.1, Diff: 0.0]
      [Ext Root Scanning (ms): Min: 0.5, Avg: 0.6, Max: 0.8, Diff: 0.2, Sum: 2.4]
      [Update RS (ms): Min: 0.7, Avg: 0.8, Max: 0.9, Diff: 0.2, Sum: 3.1]
         [Processed Buffers: Min: 2, Avg: 11.0, Max: 26, Diff: 24, Sum: 44]
      [Scan RS (ms): Min: 0.0, Avg: 0.0, Max: 0.0, Diff: 0.0, Sum: 0.0]
      [Code Root Scanning (ms): Min: 0.0, Avg: 0.0, Max: 0.0, Diff: 0.0, Sum: 0.0]
      [Object Copy (ms): Min: 3.1, Avg: 3.1, Max: 3.2, Diff: 0.1, Sum: 12.5]
      [Termination (ms): Min: 0.0, Avg: 0.0, Max: 0.0, Diff: 0.0, Sum: 0.0]
         [Termination Attempts: Min: 1, Avg: 1.0, Max: 1, Diff: 0, Sum: 4]
      [GC Worker Other (ms): Min: 0.0, Avg: 0.0, Max: 0.0, Diff: 0.0, Sum: 0.1]
      [GC Worker Total (ms): Min: 4.5, Avg: 4.6, Max: 4.6, Diff: 0.0, Sum: 18.2]
      [GC Worker End (ms): Min: 79461.6, Avg: 79461.6, Max: 79461.6, Diff: 0.0]
   [Code Root Fixup: 0.0 ms]
   [Code Root Purge: 0.0 ms]
   [Clear CT: 0.0 ms]
   [Other: 0.5 ms]
      [Choose CSet: 0.0 ms]
      [Ref Proc: 0.1 ms]
      [Ref Enq: 0.0 ms]
      [Redirty Cards: 0.0 ms]
      [Humongous Register: 0.0 ms]
      [Humongous Reclaim: 0.0 ms]
      [Free CSet: 0.1 ms]
   [Eden: 61.0M(61.0M)->0.0B(52.0M) Survivors: 10.0M->9216.0K Heap: 912.5M(1028.0M)->862.5M(1028.0M)]
 [Times: user=0.00 sys=0.00, real=0.01 secs] 
2016-06-27T20:26:17.190+0300: 2016-06-27T20:26:17.190+0300: 79.462: 79.462: [GC concurrent-root-region-scan-start]
Total time for which application threads were stopped: 0.0095606 seconds, Stopping threads took: 0.0037180 seconds
2016-06-27T20:26:17.191+0300: 79.463: [GC concurrent-root-region-scan-end, 0.0007206 secs]
2016-06-27T20:26:17.191+0300: 79.463: [GC concurrent-mark-start]
2016-06-27T20:26:17.244+0300: 79.515: [GC concurrent-mark-end, 0.0513835 secs]
2016-06-27T20:26:17.278+0300: 79.550: [GC remark 2016-06-27T20:26:17.278+0300: 79.550: [Finalize Marking, 0.0001552 secs] 2016-06-27T20:26:17.278+0300: 79.550: [GC ref-proc, 0.0000868 secs] 2016-06-27T20:26:17.278+0300: 79.550: [Unloading, 0.0013005 secs], 0.0051793 secs]
 [Times: user=0.00 sys=0.00, real=0.00 secs] 
2016-06-27T20:26:17.283+0300: 79.555: Total time for which application threads were stopped: 0.0090047 seconds, Stopping threads took: 0.0033430 seconds
2016-06-27T20:26:17.317+0300: 79.589: [GC cleanup 878M->878M(1028M), 0.0018201 secs]
 [Times: user=0.02 sys=0.02, real=0.00 secs] 
2016-06-27T20:26:17.319+0300: 79.591: Total time for which application threads were stopped: 0.0037390 seconds, Stopping threads took: 0.0013621 seconds
2016-06-27T20:26:17.636+0300: 79.908: [GC pause (G1 Evacuation Pause) (young)
Desired survivor size 4194304 bytes, new threshold 1 (max 15)
- age   1:    9270840 bytes,    9270840 total
, 0.0048034 secs]
   [Parallel Time: 4.2 ms, GC Workers: 4]
      [GC Worker Start (ms): Min: 79908.5, Avg: 79908.5, Max: 79908.5, Diff: 0.0]
      [Ext Root Scanning (ms): Min: 0.5, Avg: 0.6, Max: 0.6, Diff: 0.2, Sum: 2.2]
      [Update RS (ms): Min: 0.7, Avg: 0.7, Max: 0.8, Diff: 0.0, Sum: 3.0]
         [Processed Buffers: Min: 2, Avg: 11.3, Max: 21, Diff: 19, Sum: 45]
      [Scan RS (ms): Min: 0.0, Avg: 0.0, Max: 0.0, Diff: 0.0, Sum: 0.0]
      [Code Root Scanning (ms): Min: 0.0, Avg: 0.0, Max: 0.0, Diff: 0.0, Sum: 0.0]
      [Object Copy (ms): Min: 2.7, Avg: 2.8, Max: 2.9, Diff: 0.2, Sum: 11.2]
      [Termination (ms): Min: 0.0, Avg: 0.0, Max: 0.0, Diff: 0.0, Sum: 0.0]
         [Termination Attempts: Min: 1, Avg: 1.0, Max: 1, Diff: 0, Sum: 4]
      [GC Worker Other (ms): Min: 0.0, Avg: 0.0, Max: 0.0, Diff: 0.0, Sum: 0.1]
      [GC Worker Total (ms): Min: 4.1, Avg: 4.1, Max: 4.1, Diff: 0.0, Sum: 16.5]
      [GC Worker End (ms): Min: 79912.6, Avg: 79912.6, Max: 79912.6, Diff: 0.0]
   [Code Root Fixup: 0.0 ms]
   [Code Root Purge: 0.0 ms]
   [Clear CT: 0.1 ms]
   [Other: 0.6 ms]
      [Choose CSet: 0.0 ms]
      [Ref Proc: 0.1 ms]
      [Ref Enq: 0.0 ms]
      [Redirty Cards: 0.0 ms]
      [Humongous Register: 0.0 ms]
      [Humongous Reclaim: 0.0 ms]
      [Free CSet: 0.1 ms]
   [Eden: 52.0M(52.0M)->0.0B(43.0M) Survivors: 9216.0K->8192.0K Heap: 914.5M(1028.0M)->872.0M(1028.0M)]
 [Times: user=0.00 sys=0.00, real=0.01 secs] 
2016-06-27T20:26:17.641+0300: 79.913: Total time for which application threads were stopped: 0.0143410 seconds, Stopping threads took: 0.0088341 seconds
2016-06-27T20:26:18.014+0300: 80.286: [GC pause (G1 Evacuation Pause) (mixed)
Desired survivor size 3670016 bytes, new threshold 1 (max 15)
- age   1:    8229232 bytes,    8229232 total
, 0.0188955 secs]
   [Parallel Time: 17.6 ms, GC Workers: 4]
      [GC Worker Start (ms): Min: 80286.2, Avg: 80286.2, Max: 80286.2, Diff: 0.0]
      [Ext Root Scanning (ms): Min: 0.5, Avg: 0.6, Max: 0.7, Diff: 0.2, Sum: 2.5]
      [Update RS (ms): Min: 0.8, Avg: 0.9, Max: 0.9, Diff: 0.1, Sum: 3.5]
         [Processed Buffers: Min: 7, Avg: 11.8, Max: 19, Diff: 12, Sum: 47]
      [Scan RS (ms): Min: 3.0, Avg: 3.1, Max: 3.1, Diff: 0.1, Sum: 12.3]
      [Code Root Scanning (ms): Min: 0.0, Avg: 0.0, Max: 0.0, Diff: 0.0, Sum: 0.0]
      [Object Copy (ms): Min: 13.0, Avg: 13.0, Max: 13.0, Diff: 0.0, Sum: 52.1]
      [Termination (ms): Min: 0.0, Avg: 0.0, Max: 0.0, Diff: 0.0, Sum: 0.0]
         [Termination Attempts: Min: 1, Avg: 2.5, Max: 5, Diff: 4, Sum: 10]
      [GC Worker Other (ms): Min: 0.0, Avg: 0.0, Max: 0.0, Diff: 0.0, Sum: 0.1]
      [GC Worker Total (ms): Min: 17.6, Avg: 17.6, Max: 17.6, Diff: 0.0, Sum: 70.4]
      [GC Worker End (ms): Min: 80303.8, Avg: 80303.8, Max: 80303.8, Diff: 0.0]
   [Code Root Fixup: 0.0 ms]
   [Code Root Purge: 0.0 ms]
   [Clear CT: 0.2 ms]
   [Other: 1.0 ms]
      [Choose CSet: 0.1 ms]
      [Ref Proc: 0.0 ms]
      [Ref Enq: 0.0 ms]
      [Redirty Cards: 0.1 ms]
      [Humongous Register: 0.0 ms]
      [Humongous Reclaim: 0.0 ms]
      [Free CSet: 0.4 ms]
   [Eden: 43.0M(43.0M)->0.0B(44.0M) Survivors: 8192.0K->7168.0K Heap: 915.0M(1028.0M)->843.0M(1028.0M)]
 [Times: user=0.06 sys=0.00, real=0.02 secs] 
2016-06-27T20:26:18.033+0300: 80.305: Total time for which application threads were stopped: 0.0235873 seconds, Stopping threads took: 0.0039798 seconds
2016-06-27T20:26:18.409+0300: 80.681: [GC pause (G1 Evacuation Pause) (mixed)
Desired survivor size 3670016 bytes, new threshold 1 (max 15)
- age   1:    6620176 bytes,    6620176 total
, 0.0144906 secs]
   [Parallel Time: 13.7 ms, GC Workers: 4]
      [GC Worker Start (ms): Min: 80681.2, Avg: 80681.2, Max: 80681.2, Diff: 0.1]
      [Ext Root Scanning (ms): Min: 0.6, Avg: 0.6, Max: 0.6, Diff: 0.1, Sum: 2.3]
      [Update RS (ms): Min: 8.8, Avg: 8.9, Max: 9.1, Diff: 0.3, Sum: 35.7]
         [Processed Buffers: Min: 11, Avg: 15.3, Max: 25, Diff: 14, Sum: 61]
      [Scan RS (ms): Min: 0.6, Avg: 0.8, Max: 0.9, Diff: 0.3, Sum: 3.0]
      [Code Root Scanning (ms): Min: 0.0, Avg: 0.0, Max: 0.0, Diff: 0.0, Sum: 0.0]
      [Object Copy (ms): Min: 3.4, Avg: 3.4, Max: 3.4, Diff: 0.0, Sum: 13.7]
      [Termination (ms): Min: 0.0, Avg: 0.0, Max: 0.0, Diff: 0.0, Sum: 0.0]
         [Termination Attempts: Min: 1, Avg: 1.0, Max: 1, Diff: 0, Sum: 4]
      [GC Worker Other (ms): Min: 0.0, Avg: 0.0, Max: 0.0, Diff: 0.0, Sum: 0.1]
      [GC Worker Total (ms): Min: 13.7, Avg: 13.7, Max: 13.7, Diff: 0.1, Sum: 54.8]
      [GC Worker End (ms): Min: 80694.9, Avg: 80694.9, Max: 80694.9, Diff: 0.0]
   [Code Root Fixup: 0.0 ms]
   [Code Root Purge: 0.0 ms]
   [Clear CT: 0.1 ms]
   [Other: 0.6 ms]
      [Choose CSet: 0.0 ms]
      [Ref Proc: 0.0 ms]
      [Ref Enq: 0.0 ms]
      [Redirty Cards: 0.0 ms]
      [Humongous Register: 0.0 ms]
      [Humongous Reclaim: 0.0 ms]
      [Free CSet: 0.1 ms]
   [Eden: 44.0M(44.0M)->0.0B(65.0M) Survivors: 7168.0K->7168.0K Heap: 887.0M(1028.0M)->847.5M(1028.0M)]
 [Times: user=0.06 sys=0.00, real=0.01 secs] 
2016-06-27T20:26:18.423+0300: 80.696: Total time for which application threads were stopped: 0.0203794 seconds, Stopping threads took: 0.0051289 seconds
2016-06-27T20:26:18.974+0300: 81.246: [GC pause (G1 Evacuation Pause) (young)
Desired survivor size 4718592 bytes, new threshold 1 (max 15)
- age   1:    7206544 bytes,    7206544 total
, 0.0093451 secs]
   [Parallel Time: 8.7 ms, GC Workers: 4]
      [GC Worker Start (ms): Min: 81245.9, Avg: 81246.0, Max: 81246.2, Diff: 0.2]
      [Ext Root Scanning (ms): Min: 0.8, Avg: 1.6, Max: 3.5, Diff: 2.7, Sum: 6.3]
      [Update RS (ms): Min: 1.6, Avg: 4.3, Max: 7.5, Diff: 5.8, Sum: 17.1]
         [Processed Buffers: Min: 2, Avg: 20.8, Max: 46, Diff: 44, Sum: 83]
      [Scan RS (ms): Min: 0.0, Avg: 0.0, Max: 0.0, Diff: 0.0, Sum: 0.0]
      [Code Root Scanning (ms): Min: 0.0, Avg: 0.0, Max: 0.0, Diff: 0.0, Sum: 0.0]
      [Object Copy (ms): Min: 0.2, Avg: 2.3, Max: 3.1, Diff: 2.9, Sum: 9.2]
      [Termination (ms): Min: 0.0, Avg: 0.4, Max: 0.5, Diff: 0.5, Sum: 1.4]
         [Termination Attempts: Min: 1, Avg: 1.0, Max: 1, Diff: 0, Sum: 4]
      [GC Worker Other (ms): Min: 0.0, Avg: 0.0, Max: 0.0, Diff: 0.0, Sum: 0.1]
      [GC Worker Total (ms): Min: 8.4, Avg: 8.5, Max: 8.6, Diff: 0.2, Sum: 34.1]
      [GC Worker End (ms): Min: 81254.6, Avg: 81254.6, Max: 81254.6, Diff: 0.0]
   [Code Root Fixup: 0.0 ms]
   [Code Root Purge: 0.0 ms]
   [Clear CT: 0.0 ms]
   [Other: 0.7 ms]
      [Choose CSet: 0.0 ms]
      [Ref Proc: 0.1 ms]
      [Ref Enq: 0.0 ms]
      [Redirty Cards: 0.0 ms]
      [Humongous Register: 0.0 ms]
      [Humongous Reclaim: 0.0 ms]
      [Free CSet: 0.1 ms]
   [Eden: 65.0M(65.0M)->0.0B(55.0M) Survivors: 7168.0K->9216.0K Heap: 912.5M(1028.0M)->860.0M(1028.0M)]
 [Times: user=0.00 sys=0.00, real=0.01 secs] 
2016-06-27T20:26:18.983+0300: 81.255: Total time for which application threads were stopped: 0.0160627 seconds, Stopping threads took: 0.0058388 seconds
2016-06-27T20:26:19.454+0300: 81.726: [GC pause (G1 Evacuation Pause) (young) (initial-mark)
Desired survivor size 4194304 bytes, new threshold 1 (max 15)
- age   1:    9124184 bytes,    9124184 total
, 0.0051579 secs]
   [Parallel Time: 4.5 ms, GC Workers: 4]
      [GC Worker Start (ms): Min: 81726.1, Avg: 81726.1, Max: 81726.1, Diff: 0.0]
      [Ext Root Scanning (ms): Min: 0.6, Avg: 0.7, Max: 0.8, Diff: 0.2, Sum: 2.7]
      [Update RS (ms): Min: 0.8, Avg: 0.9, Max: 1.0, Diff: 0.1, Sum: 3.7]
         [Processed Buffers: Min: 3, Avg: 12.8, Max: 21, Diff: 18, Sum: 51]
      [Scan RS (ms): Min: 0.0, Avg: 0.0, Max: 0.0, Diff: 0.0, Sum: 0.0]
      [Code Root Scanning (ms): Min: 0.0, Avg: 0.0, Max: 0.0, Diff: 0.0, Sum: 0.0]
      [Object Copy (ms): Min: 2.7, Avg: 2.8, Max: 2.9, Diff: 0.2, Sum: 11.3]
      [Termination (ms): Min: 0.0, Avg: 0.0, Max: 0.0, Diff: 0.0, Sum: 0.0]
         [Termination Attempts: Min: 1, Avg: 1.0, Max: 1, Diff: 0, Sum: 4]
      [GC Worker Other (ms): Min: 0.0, Avg: 0.0, Max: 0.0, Diff: 0.0, Sum: 0.0]
      [GC Worker Total (ms): Min: 4.4, Avg: 4.4, Max: 4.4, Diff: 0.0, Sum: 17.8]
      [GC Worker End (ms): Min: 81730.5, Avg: 81730.5, Max: 81730.5, Diff: 0.0]
   [Code Root Fixup: 0.0 ms]
   [Code Root Purge: 0.0 ms]
   [Clear CT: 0.0 ms]
   [Other: 0.7 ms]
      [Choose CSet: 0.0 ms]
      [Ref Proc: 0.1 ms]
      [Ref Enq: 0.0 ms]
      [Redirty Cards: 0.1 ms]
      [Humongous Register: 0.0 ms]
      [Humongous Reclaim: 0.0 ms]
      [Free CSet: 0.1 ms]
   [Eden: 55.0M(55.0M)->0.0B(46.0M) Survivors: 9216.0K->8192.0K Heap: 915.0M(1028.0M)->870.0M(1028.0M)]
 [Times: user=0.06 sys=0.00, real=0.01 secs] 
2016-06-27T20:26:19.459+0300: 81.731: [GC concurrent-root-region-scan-start]
2016-06-27T20:26:19.459+0300: 81.731: Total time for which application threads were stopped: 0.0164754 seconds, Stopping threads took: 0.0105708 seconds
2016-06-27T20:26:19.460+0300: 81.732: [GC concurrent-root-region-scan-end, 0.0008959 secs]
2016-06-27T20:26:19.460+0300: 81.732: [GC concurrent-mark-start]
2016-06-27T20:26:19.518+0300: 81.790: [GC concurrent-mark-end, 0.0575678 secs]
2016-06-27T20:26:19.546+0300: 81.818: [GC remark 2016-06-27T20:26:19.546+0300: 81.818: [Finalize Marking, 0.0002053 secs] 2016-06-27T20:26:19.546+0300: 81.818: [GC ref-proc, 0.0000885 secs] 2016-06-27T20:26:19.546+0300: 81.818: [Unloading, 0.0017072 secs], 0.0068001 secs]
 [Times: user=0.05 sys=0.00, real=0.01 secs] 
2016-06-27T20:26:19.553+0300: 81.825: Total time for which application threads were stopped: 0.0190712 seconds, Stopping threads took: 0.0118092 seconds
2016-06-27T20:26:19.555+0300: 81.827: [GC cleanup 882M->882M(1028M), 0.0025061 secs]
 [Times: user=0.00 sys=0.00, real=0.00 secs] 
2016-06-27T20:26:19.558+0300: 81.830: Total time for which application threads were stopped: 0.0030406 seconds, Stopping threads took: 0.0000680 seconds
2016-06-27T20:26:19.839+0300: 82.111: [GC pause (G1 Evacuation Pause) (young)
Desired survivor size 3670016 bytes, new threshold 1 (max 15)
- age   1:    8156632 bytes,    8156632 total
, 0.0048137 secs]
   [Parallel Time: 4.3 ms, GC Workers: 4]
      [GC Worker Start (ms): Min: 82110.9, Avg: 82111.0, Max: 82111.2, Diff: 0.2]
      [Ext Root Scanning (ms): Min: 0.7, Avg: 0.9, Max: 1.1, Diff: 0.4, Sum: 3.4]
      [Update RS (ms): Min: 0.6, Avg: 0.9, Max: 1.1, Diff: 0.5, Sum: 3.7]
         [Processed Buffers: Min: 6, Avg: 9.5, Max: 18, Diff: 12, Sum: 38]
      [Scan RS (ms): Min: 0.0, Avg: 0.0, Max: 0.0, Diff: 0.0, Sum: 0.0]
      [Code Root Scanning (ms): Min: 0.0, Avg: 0.0, Max: 0.0, Diff: 0.0, Sum: 0.0]
      [Object Copy (ms): Min: 2.3, Avg: 2.3, Max: 2.4, Diff: 0.1, Sum: 9.4]
      [Termination (ms): Min: 0.0, Avg: 0.0, Max: 0.0, Diff: 0.0, Sum: 0.0]
         [Termination Attempts: Min: 1, Avg: 1.8, Max: 2, Diff: 1, Sum: 7]
      [GC Worker Other (ms): Min: 0.0, Avg: 0.0, Max: 0.0, Diff: 0.0, Sum: 0.1]
      [GC Worker Total (ms): Min: 4.0, Avg: 4.1, Max: 4.3, Diff: 0.2, Sum: 16.6]
      [GC Worker End (ms): Min: 82115.2, Avg: 82115.2, Max: 82115.2, Diff: 0.0]
   [Code Root Fixup: 0.0 ms]
   [Code Root Purge: 0.0 ms]
   [Clear CT: 0.0 ms]
   [Other: 0.5 ms]
      [Choose CSet: 0.0 ms]
      [Ref Proc: 0.1 ms]
      [Ref Enq: 0.0 ms]
      [Redirty Cards: 0.0 ms]
      [Humongous Register: 0.0 ms]
      [Humongous Reclaim: 0.0 ms]
      [Free CSet: 0.1 ms]
   [Eden: 46.0M(46.0M)->0.0B(44.0M) Survivors: 8192.0K->7168.0K Heap: 916.0M(1028.0M)->878.5M(1028.0M)]
 [Times: user=0.00 sys=0.00, real=0.01 secs] 
2016-06-27T20:26:19.844+0300: 82.116: Total time for which application threads were stopped: 0.0100542 seconds, Stopping threads took: 0.0045639 seconds
2016-06-27T20:26:20.224+0300: 82.496: [GC pause (G1 Evacuation Pause) (mixed)
Desired survivor size 3670016 bytes, new threshold 1 (max 15)
- age   1:    7212960 bytes,    7212960 total
, 0.0187479 secs]
   [Parallel Time: 17.4 ms, GC Workers: 4]
      [GC Worker Start (ms): Min: 82496.1, Avg: 82496.1, Max: 82496.2, Diff: 0.2]
      [Ext Root Scanning (ms): Min: 0.6, Avg: 0.7, Max: 0.8, Diff: 0.2, Sum: 2.8]
      [Update RS (ms): Min: 0.8, Avg: 0.9, Max: 1.0, Diff: 0.2, Sum: 3.7]
         [Processed Buffers: Min: 3, Avg: 11.3, Max: 25, Diff: 22, Sum: 45]
      [Scan RS (ms): Min: 2.9, Avg: 3.0, Max: 3.0, Diff: 0.1, Sum: 11.9]
      [Code Root Scanning (ms): Min: 0.0, Avg: 0.0, Max: 0.0, Diff: 0.0, Sum: 0.1]
      [Object Copy (ms): Min: 12.6, Avg: 12.7, Max: 12.9, Diff: 0.2, Sum: 50.9]
      [Termination (ms): Min: 0.0, Avg: 0.0, Max: 0.0, Diff: 0.0, Sum: 0.0]
         [Termination Attempts: Min: 1, Avg: 3.3, Max: 5, Diff: 4, Sum: 13]
      [GC Worker Other (ms): Min: 0.0, Avg: 0.0, Max: 0.0, Diff: 0.0, Sum: 0.1]
      [GC Worker Total (ms): Min: 17.2, Avg: 17.4, Max: 17.4, Diff: 0.2, Sum: 69.4]
      [GC Worker End (ms): Min: 82513.5, Avg: 82513.5, Max: 82513.5, Diff: 0.0]
   [Code Root Fixup: 0.0 ms]
   [Code Root Purge: 0.0 ms]
   [Clear CT: 0.2 ms]
   [Other: 1.1 ms]
      [Choose CSet: 0.2 ms]
      [Ref Proc: 0.1 ms]
      [Ref Enq: 0.0 ms]
      [Redirty Cards: 0.1 ms]
      [Humongous Register: 0.0 ms]
      [Humongous Reclaim: 0.0 ms]
      [Free CSet: 0.5 ms]
   [Eden: 44.0M(44.0M)->0.0B(44.0M) Survivors: 7168.0K->7168.0K Heap: 922.5M(1028.0M)->848.5M(1028.0M)]
 [Times: user=0.06 sys=0.00, real=0.02 secs] 
2016-06-27T20:26:20.243+0300: 82.515: Total time for which application threads were stopped: 0.0230386 seconds, Stopping threads took: 0.0036133 seconds
2016-06-27T20:26:20.632+0300: 82.905: [GC pause (G1 Evacuation Pause) (mixed)
Desired survivor size 3670016 bytes, new threshold 1 (max 15)
- age   1:    6995680 bytes,    6995680 total
, 0.0197995 secs]
   [Parallel Time: 18.8 ms, GC Workers: 4]
      [GC Worker Start (ms): Min: 82904.9, Avg: 82904.9, Max: 82905.1, Diff: 0.2]
      [Ext Root Scanning (ms): Min: 0.5, Avg: 0.7, Max: 1.1, Diff: 0.6, Sum: 2.9]
      [Update RS (ms): Min: 8.7, Avg: 9.2, Max: 9.4, Diff: 0.7, Sum: 36.7]
         [Processed Buffers: Min: 9, Avg: 15.0, Max: 23, Diff: 14, Sum: 60]
      [Scan RS (ms): Min: 2.2, Avg: 2.3, Max: 2.4, Diff: 0.2, Sum: 9.0]
      [Code Root Scanning (ms): Min: 0.0, Avg: 0.0, Max: 0.0, Diff: 0.0, Sum: 0.0]
      [Object Copy (ms): Min: 6.5, Avg: 6.5, Max: 6.5, Diff: 0.0, Sum: 26.0]
      [Termination (ms): Min: 0.0, Avg: 0.0, Max: 0.0, Diff: 0.0, Sum: 0.0]
         [Termination Attempts: Min: 1, Avg: 1.0, Max: 1, Diff: 0, Sum: 4]
      [GC Worker Other (ms): Min: 0.0, Avg: 0.0, Max: 0.0, Diff: 0.0, Sum: 0.0]
      [GC Worker Total (ms): Min: 18.6, Avg: 18.7, Max: 18.8, Diff: 0.2, Sum: 74.8]
      [GC Worker End (ms): Min: 82923.6, Avg: 82923.6, Max: 82923.7, Diff: 0.0]
   [Code Root Fixup: 0.0 ms]
   [Code Root Purge: 0.0 ms]
   [Clear CT: 0.2 ms]
   [Other: 0.8 ms]
      [Choose CSet: 0.1 ms]
      [Ref Proc: 0.1 ms]
      [Ref Enq: 0.0 ms]
      [Redirty Cards: 0.0 ms]
      [Humongous Register: 0.0 ms]
      [Humongous Reclaim: 0.0 ms]
      [Free CSet: 0.2 ms]
   [Eden: 44.0M(44.0M)->0.0B(44.0M) Survivors: 7168.0K->7168.0K Heap: 892.5M(1028.0M)->843.0M(1028.0M)]
 [Times: user=0.06 sys=0.00, real=0.02 secs] 
2016-06-27T20:26:20.652+0300: 82.925: Total time for which application threads were stopped: 0.0307107 seconds, Stopping threads took: 0.0101752 seconds
2016-06-27T20:26:21.036+0300: 83.308: [GC pause (G1 Evacuation Pause) (young)
Desired survivor size 3670016 bytes, new threshold 1 (max 15)
- age   1:    7056256 bytes,    7056256 total
, 0.0103296 secs]
   [Parallel Time: 9.7 ms, GC Workers: 4]
      [GC Worker Start (ms): Min: 83308.5, Avg: 83308.6, Max: 83308.7, Diff: 0.2]
      [Ext Root Scanning (ms): Min: 0.5, Avg: 0.9, Max: 1.6, Diff: 1.1, Sum: 3.5]
      [Update RS (ms): Min: 6.1, Avg: 6.5, Max: 6.7, Diff: 0.6, Sum: 26.2]
         [Processed Buffers: Min: 6, Avg: 16.3, Max: 34, Diff: 28, Sum: 65]
      [Scan RS (ms): Min: 0.0, Avg: 0.0, Max: 0.0, Diff: 0.0, Sum: 0.0]
      [Code Root Scanning (ms): Min: 0.0, Avg: 0.0, Max: 0.0, Diff: 0.0, Sum: 0.0]
      [Object Copy (ms): Min: 1.8, Avg: 2.1, Max: 2.2, Diff: 0.4, Sum: 8.5]
      [Termination (ms): Min: 0.0, Avg: 0.0, Max: 0.0, Diff: 0.0, Sum: 0.0]
         [Termination Attempts: Min: 1, Avg: 1.0, Max: 1, Diff: 0, Sum: 4]
      [GC Worker Other (ms): Min: 0.0, Avg: 0.0, Max: 0.0, Diff: 0.0, Sum: 0.1]
      [GC Worker Total (ms): Min: 9.5, Avg: 9.5, Max: 9.6, Diff: 0.2, Sum: 38.2]
      [GC Worker End (ms): Min: 83318.2, Avg: 83318.2, Max: 83318.2, Diff: 0.0]
   [Code Root Fixup: 0.0 ms]
   [Code Root Purge: 0.0 ms]
   [Clear CT: 0.0 ms]
   [Other: 0.6 ms]
      [Choose CSet: 0.0 ms]
      [Ref Proc: 0.0 ms]
      [Ref Enq: 0.0 ms]
      [Redirty Cards: 0.0 ms]
      [Humongous Register: 0.0 ms]
      [Humongous Reclaim: 0.0 ms]
      [Free CSet: 0.1 ms]
   [Eden: 44.0M(44.0M)->0.0B(61.0M) Survivors: 7168.0K->7168.0K Heap: 887.0M(1028.0M)->851.5M(1028.0M)]
 [Times: user=0.00 sys=0.00, real=0.01 secs] 
2016-06-27T20:26:21.047+0300: 83.319: Total time for which application threads were stopped: 0.0148665 seconds, Stopping threads took: 0.0037933 seconds
2016-06-27T20:26:21.582+0300: 83.854: [GC pause (G1 Evacuation Pause) (young) (initial-mark)
Desired survivor size 4718592 bytes, new threshold 1 (max 15)
- age   1:    7094320 bytes,    7094320 total
, 0.0055569 secs]
   [Parallel Time: 4.9 ms, GC Workers: 4]
      [GC Worker Start (ms): Min: 83854.6, Avg: 83854.8, Max: 83855.1, Diff: 0.5]
      [Ext Root Scanning (ms): Min: 0.6, Avg: 1.8, Max: 4.2, Diff: 3.6, Sum: 7.1]
      [Update RS (ms): Min: 0.0, Avg: 0.5, Max: 0.7, Diff: 0.7, Sum: 1.8]
         [Processed Buffers: Min: 0, Avg: 18.5, Max: 42, Diff: 42, Sum: 74]
      [Scan RS (ms): Min: 0.0, Avg: 0.0, Max: 0.0, Diff: 0.0, Sum: 0.0]
      [Code Root Scanning (ms): Min: 0.0, Avg: 0.0, Max: 0.0, Diff: 0.0, Sum: 0.0]
      [Object Copy (ms): Min: 0.3, Avg: 2.2, Max: 2.8, Diff: 2.5, Sum: 8.6]
      [Termination (ms): Min: 0.0, Avg: 0.1, Max: 0.1, Diff: 0.1, Sum: 0.4]
         [Termination Attempts: Min: 1, Avg: 1.3, Max: 2, Diff: 1, Sum: 5]
      [GC Worker Other (ms): Min: 0.0, Avg: 0.0, Max: 0.0, Diff: 0.0, Sum: 0.0]
      [GC Worker Total (ms): Min: 4.2, Avg: 4.5, Max: 4.7, Diff: 0.5, Sum: 18.0]
      [GC Worker End (ms): Min: 83859.3, Avg: 83859.3, Max: 83859.3, Diff: 0.0]
   [Code Root Fixup: 0.0 ms]
   [Code Root Purge: 0.0 ms]
   [Clear CT: 0.0 ms]
   [Other: 0.7 ms]
      [Choose CSet: 0.0 ms]
      [Ref Proc: 0.1 ms]
      [Ref Enq: 0.0 ms]
      [Redirty Cards: 0.0 ms]
      [Humongous Register: 0.0 ms]
      [Humongous Reclaim: 0.0 ms]
      [Free CSet: 0.1 ms]
   [Eden: 61.0M(61.0M)->0.0B(52.0M) Survivors: 7168.0K->9216.0K Heap: 912.5M(1028.0M)->863.0M(1028.0M)]
 [Times: user=0.02 sys=0.00, real=0.01 secs] 
2016-06-27T20:26:21.588+0300: 83.860: [GC concurrent-root-region-scan-start]
2016-06-27T20:26:21.588+0300: 83.860: Total time for which application threads were stopped: 0.0127287 seconds, Stopping threads took: 0.0063652 seconds
2016-06-27T20:26:21.589+0300: 83.861: [GC concurrent-root-region-scan-end, 0.0005645 secs]
2016-06-27T20:26:21.589+0300: 83.861: [GC concurrent-mark-start]
2016-06-27T20:26:21.641+0300: 83.913: [GC concurrent-mark-end, 0.0517030 secs]
2016-06-27T20:26:21.669+0300: 83.941: [GC remark 2016-06-27T20:26:21.669+0300: 83.941: [Finalize Marking, 0.0002455 secs] 2016-06-27T20:26:21.670+0300: 83.942: [GC ref-proc, 0.0001018 secs] 2016-06-27T20:26:21.670+0300: 83.942: [Unloading, 0.0016093 secs], 0.0056142 secs]
 [Times: user=0.00 sys=0.00, real=0.01 secs] 
2016-06-27T20:26:21.675+0300: 83.947: Total time for which application threads were stopped: 0.0088212 seconds, Stopping threads took: 0.0026352 seconds
2016-06-27T20:26:21.678+0300: 83.950: [GC cleanup 878M->878M(1028M), 0.0018411 secs]
 [Times: user=0.00 sys=0.00, real=0.00 secs] 
2016-06-27T20:26:21.680+0300: 83.952: Total time for which application threads were stopped: 0.0025561 seconds, Stopping threads took: 0.0000766 seconds
2016-06-27T20:26:21.962+0300: 84.234: [GC pause (G1 Evacuation Pause) (young)
Desired survivor size 4194304 bytes, new threshold 1 (max 15)
- age   1:    8923176 bytes,    8923176 total
, 0.0042513 secs]
   [Parallel Time: 3.7 ms, GC Workers: 4]
      [GC Worker Start (ms): Min: 84234.3, Avg: 84234.3, Max: 84234.3, Diff: 0.0]
      [Ext Root Scanning (ms): Min: 0.6, Avg: 0.6, Max: 0.6, Diff: 0.0, Sum: 2.3]
      [Update RS (ms): Min: 0.4, Avg: 0.5, Max: 0.5, Diff: 0.1, Sum: 1.8]
         [Processed Buffers: Min: 1, Avg: 8.8, Max: 16, Diff: 15, Sum: 35]
      [Scan RS (ms): Min: 0.0, Avg: 0.0, Max: 0.0, Diff: 0.0, Sum: 0.0]
      [Code Root Scanning (ms): Min: 0.0, Avg: 0.0, Max: 0.0, Diff: 0.0, Sum: 0.0]
      [Object Copy (ms): Min: 2.6, Avg: 2.6, Max: 2.7, Diff: 0.1, Sum: 10.6]
      [Termination (ms): Min: 0.0, Avg: 0.0, Max: 0.0, Diff: 0.0, Sum: 0.0]
         [Termination Attempts: Min: 1, Avg: 1.0, Max: 1, Diff: 0, Sum: 4]
      [GC Worker Other (ms): Min: 0.0, Avg: 0.0, Max: 0.0, Diff: 0.0, Sum: 0.1]
      [GC Worker Total (ms): Min: 3.7, Avg: 3.7, Max: 3.7, Diff: 0.0, Sum: 14.8]
      [GC Worker End (ms): Min: 84238.0, Avg: 84238.0, Max: 84238.0, Diff: 0.0]
   [Code Root Fixup: 0.0 ms]
   [Code Root Purge: 0.0 ms]
   [Clear CT: 0.0 ms]
   [Other: 0.5 ms]
      [Choose CSet: 0.0 ms]
      [Ref Proc: 0.1 ms]
      [Ref Enq: 0.0 ms]
      [Redirty Cards: 0.0 ms]
      [Humongous Register: 0.0 ms]
      [Humongous Reclaim: 0.0 ms]
      [Free CSet: 0.1 ms]
   [Eden: 52.0M(52.0M)->0.0B(43.0M) Survivors: 9216.0K->8192.0K Heap: 915.0M(1028.0M)->872.5M(1028.0M)]
 [Times: user=0.00 sys=0.00, real=0.00 secs] 
2016-06-27T20:26:21.966+0300: 84.239: Total time for which application threads were stopped: 0.0080540 seconds, Stopping threads took: 0.0030389 seconds
2016-06-27T20:26:22.327+0300: 84.599: [GC pause (G1 Evacuation Pause) (mixed)
Desired survivor size 3670016 bytes, new threshold 1 (max 15)
- age   1:    8127688 bytes,    8127688 total
, 0.0154105 secs]
   [Parallel Time: 14.3 ms, GC Workers: 4]
      [GC Worker Start (ms): Min: 84599.2, Avg: 84599.3, Max: 84599.3, Diff: 0.0]
      [Ext Root Scanning (ms): Min: 0.5, Avg: 0.6, Max: 0.6, Diff: 0.1, Sum: 2.3]
      [Update RS (ms): Min: 0.4, Avg: 0.6, Max: 0.7, Diff: 0.2, Sum: 2.2]
         [Processed Buffers: Min: 2, Avg: 8.8, Max: 13, Diff: 11, Sum: 35]
      [Scan RS (ms): Min: 2.6, Avg: 2.7, Max: 2.8, Diff: 0.2, Sum: 10.8]
      [Code Root Scanning (ms): Min: 0.0, Avg: 0.0, Max: 0.0, Diff: 0.0, Sum: 0.1]
      [Object Copy (ms): Min: 10.3, Avg: 10.4, Max: 10.4, Diff: 0.1, Sum: 41.5]
      [Termination (ms): Min: 0.0, Avg: 0.0, Max: 0.0, Diff: 0.0, Sum: 0.0]
         [Termination Attempts: Min: 1, Avg: 1.5, Max: 3, Diff: 2, Sum: 6]
      [GC Worker Other (ms): Min: 0.0, Avg: 0.0, Max: 0.0, Diff: 0.0, Sum: 0.1]
      [GC Worker Total (ms): Min: 14.2, Avg: 14.2, Max: 14.2, Diff: 0.0, Sum: 56.9]
      [GC Worker End (ms): Min: 84613.5, Avg: 84613.5, Max: 84613.5, Diff: 0.0]
   [Code Root Fixup: 0.0 ms]
   [Code Root Purge: 0.0 ms]
   [Clear CT: 0.2 ms]
   [Other: 0.9 ms]
      [Choose CSet: 0.1 ms]
      [Ref Proc: 0.0 ms]
      [Ref Enq: 0.0 ms]
      [Redirty Cards: 0.0 ms]
      [Humongous Register: 0.0 ms]
      [Humongous Reclaim: 0.0 ms]
      [Free CSet: 0.3 ms]
   [Eden: 43.0M(43.0M)->0.0B(62.0M) Survivors: 8192.0K->7168.0K Heap: 915.5M(1028.0M)->851.0M(1028.0M)]
 [Times: user=0.06 sys=0.00, real=0.02 secs] 
2016-06-27T20:26:22.343+0300: 84.615: Total time for which application threads were stopped: 0.0180132 seconds, Stopping threads took: 0.0019522 seconds
2016-06-27T20:26:22.871+0300: 85.143: [GC pause (G1 Evacuation Pause) (young)
Desired survivor size 4718592 bytes, new threshold 1 (max 15)
- age   1:    7221432 bytes,    7221432 total
, 0.0118546 secs]
   [Parallel Time: 11.3 ms, GC Workers: 4]
      [GC Worker Start (ms): Min: 85143.4, Avg: 85143.4, Max: 85143.4, Diff: 0.0]
      [Ext Root Scanning (ms): Min: 0.5, Avg: 0.5, Max: 0.6, Diff: 0.1, Sum: 2.2]
      [Update RS (ms): Min: 8.0, Avg: 8.0, Max: 8.1, Diff: 0.1, Sum: 32.2]
         [Processed Buffers: Min: 14, Avg: 17.0, Max: 20, Diff: 6, Sum: 68]
      [Scan RS (ms): Min: 0.0, Avg: 0.0, Max: 0.0, Diff: 0.0, Sum: 0.0]
      [Code Root Scanning (ms): Min: 0.0, Avg: 0.0, Max: 0.0, Diff: 0.0, Sum: 0.0]
      [Object Copy (ms): Min: 2.6, Avg: 2.7, Max: 2.7, Diff: 0.2, Sum: 10.7]
      [Termination (ms): Min: 0.0, Avg: 0.0, Max: 0.0, Diff: 0.0, Sum: 0.0]
         [Termination Attempts: Min: 1, Avg: 1.3, Max: 2, Diff: 1, Sum: 5]
      [GC Worker Other (ms): Min: 0.0, Avg: 0.0, Max: 0.0, Diff: 0.0, Sum: 0.1]
      [GC Worker Total (ms): Min: 11.3, Avg: 11.3, Max: 11.3, Diff: 0.0, Sum: 45.1]
      [GC Worker End (ms): Min: 85154.7, Avg: 85154.7, Max: 85154.7, Diff: 0.0]
   [Code Root Fixup: 0.0 ms]
   [Code Root Purge: 0.0 ms]
   [Clear CT: 0.0 ms]
   [Other: 0.5 ms]
      [Choose CSet: 0.0 ms]
      [Ref Proc: 0.0 ms]
      [Ref Enq: 0.0 ms]
      [Redirty Cards: 0.0 ms]
      [Humongous Register: 0.0 ms]
      [Humongous Reclaim: 0.0 ms]
      [Free CSet: 0.1 ms]
   [Eden: 62.0M(62.0M)->0.0B(52.0M) Survivors: 7168.0K->9216.0K Heap: 913.0M(1028.0M)->862.5M(1028.0M)]
 [Times: user=0.06 sys=0.00, real=0.01 secs] 
2016-06-27T20:26:22.883+0300: 85.155: Total time for which application threads were stopped: 0.0145693 seconds, Stopping threads took: 0.0020989 seconds
2016-06-27T20:26:23.311+0300: 85.583: [GC pause (G1 Evacuation Pause) (young) (initial-mark)
Desired survivor size 4194304 bytes, new threshold 1 (max 15)
- age   1:    9268448 bytes,    9268448 total
, 0.0053765 secs]
   [Parallel Time: 4.6 ms, GC Workers: 4]
      [GC Worker Start (ms): Min: 85583.2, Avg: 85583.2, Max: 85583.2, Diff: 0.0]
      [Ext Root Scanning (ms): Min: 0.5, Avg: 0.6, Max: 0.8, Diff: 0.3, Sum: 2.5]
      [Update RS (ms): Min: 1.1, Avg: 1.1, Max: 1.2, Diff: 0.0, Sum: 4.6]
         [Processed Buffers: Min: 2, Avg: 12.0, Max: 26, Diff: 24, Sum: 48]
      [Scan RS (ms): Min: 0.0, Avg: 0.0, Max: 0.0, Diff: 0.0, Sum: 0.0]
      [Code Root Scanning (ms): Min: 0.0, Avg: 0.0, Max: 0.0, Diff: 0.0, Sum: 0.0]
      [Object Copy (ms): Min: 2.6, Avg: 2.8, Max: 2.8, Diff: 0.2, Sum: 11.0]
      [Termination (ms): Min: 0.0, Avg: 0.0, Max: 0.0, Diff: 0.0, Sum: 0.0]
         [Termination Attempts: Min: 1, Avg: 1.0, Max: 1, Diff: 0, Sum: 4]
      [GC Worker Other (ms): Min: 0.0, Avg: 0.0, Max: 0.0, Diff: 0.0, Sum: 0.1]
      [GC Worker Total (ms): Min: 4.5, Avg: 4.6, Max: 4.6, Diff: 0.0, Sum: 18.3]
      [GC Worker End (ms): Min: 85587.7, Avg: 85587.7, Max: 85587.7, Diff: 0.0]
   [Code Root Fixup: 0.0 ms]
   [Code Root Purge: 0.0 ms]
   [Clear CT: 0.0 ms]
   [Other: 0.7 ms]
      [Choose CSet: 0.0 ms]
      [Ref Proc: 0.1 ms]
      [Ref Enq: 0.0 ms]
      [Redirty Cards: 0.0 ms]
      [Humongous Register: 0.0 ms]
      [Humongous Reclaim: 0.0 ms]
      [Free CSet: 0.1 ms]
   [Eden: 52.0M(52.0M)->0.0B(44.0M) Survivors: 9216.0K->8192.0K Heap: 914.5M(1028.0M)->872.0M(1028.0M)]
 [Times: user=0.00 sys=0.00, real=0.00 secs] 
2016-06-27T20:26:23.316+0300: 85.589: [GC concurrent-root-region-scan-start]
2016-06-27T20:26:23.316+0300: 85.589: Total time for which application threads were stopped: 0.0147712 seconds, Stopping threads took: 0.0086583 seconds
2016-06-27T20:26:23.317+0300: 85.589: [GC concurrent-root-region-scan-end, 0.0005979 secs]
2016-06-27T20:26:23.317+0300: 85.589: [GC concurrent-mark-start]
2016-06-27T20:26:23.383+0300: 85.655: [GC concurrent-mark-end, 0.0658049 secs]
2016-06-27T20:26:23.399+0300: 85.671: [GC remark 2016-06-27T20:26:23.399+0300: 85.672: [Finalize Marking, 0.0001522 secs] 2016-06-27T20:26:23.399+0300: 85.672: [GC ref-proc, 0.0000966 secs] 2016-06-27T20:26:23.400+0300: 85.672: [Unloading, 0.0012949 secs], 0.0051733 secs]
 [Times: user=0.00 sys=0.00, real=0.01 secs] 
2016-06-27T20:26:23.404+0300: 85.677: Total time for which application threads were stopped: 0.0089500 seconds, Stopping threads took: 0.0033118 seconds
2016-06-27T20:26:23.406+0300: 85.678: [GC cleanup 884M->884M(1028M), 0.0018372 secs]
 [Times: user=0.00 sys=0.00, real=0.00 secs] 
2016-06-27T20:26:23.408+0300: 85.680: Total time for which application threads were stopped: 0.0023816 seconds, Stopping threads took: 0.0000582 seconds
2016-06-27T20:26:23.674+0300: 85.946: [GC pause (G1 Evacuation Pause) (young)
Desired survivor size 3670016 bytes, new threshold 1 (max 15)
- age   1:    8221608 bytes,    8221608 total
, 0.0045528 secs]
   [Parallel Time: 3.9 ms, GC Workers: 4]
      [GC Worker Start (ms): Min: 85945.8, Avg: 85945.8, Max: 85945.8, Diff: 0.0]
      [Ext Root Scanning (ms): Min: 0.4, Avg: 0.5, Max: 0.6, Diff: 0.2, Sum: 2.0]
      [Update RS (ms): Min: 0.9, Avg: 1.0, Max: 1.0, Diff: 0.1, Sum: 3.9]
         [Processed Buffers: Min: 2, Avg: 13.0, Max: 19, Diff: 17, Sum: 52]
      [Scan RS (ms): Min: 0.0, Avg: 0.0, Max: 0.0, Diff: 0.0, Sum: 0.0]
      [Code Root Scanning (ms): Min: 0.0, Avg: 0.0, Max: 0.0, Diff: 0.0, Sum: 0.0]
      [Object Copy (ms): Min: 2.2, Avg: 2.3, Max: 2.4, Diff: 0.2, Sum: 9.3]
      [Termination (ms): Min: 0.0, Avg: 0.0, Max: 0.0, Diff: 0.0, Sum: 0.0]
         [Termination Attempts: Min: 1, Avg: 1.0, Max: 1, Diff: 0, Sum: 4]
      [GC Worker Other (ms): Min: 0.0, Avg: 0.0, Max: 0.0, Diff: 0.0, Sum: 0.1]
      [GC Worker Total (ms): Min: 3.8, Avg: 3.8, Max: 3.9, Diff: 0.0, Sum: 15.4]
      [GC Worker End (ms): Min: 85949.7, Avg: 85949.7, Max: 85949.7, Diff: 0.0]
   [Code Root Fixup: 0.0 ms]
   [Code Root Purge: 0.0 ms]
   [Clear CT: 0.0 ms]
   [Other: 0.6 ms]
      [Choose CSet: 0.0 ms]
      [Ref Proc: 0.1 ms]
      [Ref Enq: 0.0 ms]
      [Redirty Cards: 0.1 ms]
      [Humongous Register: 0.0 ms]
      [Humongous Reclaim: 0.0 ms]
      [Free CSet: 0.1 ms]
   [Eden: 44.0M(44.0M)->0.0B(44.0M) Survivors: 8192.0K->7168.0K Heap: 916.0M(1028.0M)->881.0M(1028.0M)]
 [Times: user=0.06 sys=0.00, real=0.00 secs] 
2016-06-27T20:26:23.678+0300: 85.950: Total time for which application threads were stopped: 0.0076302 seconds, Stopping threads took: 0.0024958 seconds
2016-06-27T20:26:24.056+0300: 86.328: [GC pause (G1 Evacuation Pause) (mixed)
Desired survivor size 3670016 bytes, new threshold 1 (max 15)
- age   1:    6591056 bytes,    6591056 total
, 0.0186735 secs]
   [Parallel Time: 17.4 ms, GC Workers: 4]
      [GC Worker Start (ms): Min: 86328.5, Avg: 86328.5, Max: 86328.5, Diff: 0.0]
      [Ext Root Scanning (ms): Min: 0.5, Avg: 0.5, Max: 0.7, Diff: 0.2, Sum: 2.2]
      [Update RS (ms): Min: 0.8, Avg: 0.9, Max: 1.1, Diff: 0.3, Sum: 3.5]
         [Processed Buffers: Min: 1, Avg: 11.3, Max: 20, Diff: 19, Sum: 45]
      [Scan RS (ms): Min: 2.7, Avg: 3.0, Max: 3.1, Diff: 0.4, Sum: 12.0]
      [Code Root Scanning (ms): Min: 0.0, Avg: 0.0, Max: 0.0, Diff: 0.0, Sum: 0.0]
      [Object Copy (ms): Min: 12.8, Avg: 12.9, Max: 12.9, Diff: 0.1, Sum: 51.6]
      [Termination (ms): Min: 0.0, Avg: 0.0, Max: 0.0, Diff: 0.0, Sum: 0.0]
         [Termination Attempts: Min: 1, Avg: 3.5, Max: 7, Diff: 6, Sum: 14]
      [GC Worker Other (ms): Min: 0.0, Avg: 0.0, Max: 0.0, Diff: 0.0, Sum: 0.1]
      [GC Worker Total (ms): Min: 17.4, Avg: 17.4, Max: 17.4, Diff: 0.0, Sum: 69.4]
      [GC Worker End (ms): Min: 86345.9, Avg: 86345.9, Max: 86345.9, Diff: 0.0]
   [Code Root Fixup: 0.0 ms]
   [Code Root Purge: 0.0 ms]
   [Clear CT: 0.2 ms]
   [Other: 1.0 ms]
      [Choose CSet: 0.2 ms]
      [Ref Proc: 0.0 ms]
      [Ref Enq: 0.0 ms]
      [Redirty Cards: 0.0 ms]
      [Humongous Register: 0.0 ms]
      [Humongous Reclaim: 0.0 ms]
      [Free CSet: 0.4 ms]
   [Eden: 44.0M(44.0M)->0.0B(44.0M) Survivors: 7168.0K->7168.0K Heap: 925.0M(1028.0M)->851.5M(1028.0M)]
 [Times: user=0.06 sys=0.00, real=0.02 secs] 
2016-06-27T20:26:24.075+0300: 86.347: Total time for which application threads were stopped: 0.0229950 seconds, Stopping threads took: 0.0037527 seconds
2016-06-27T20:26:24.446+0300: 86.718: [GC pause (G1 Evacuation Pause) (mixed)
Desired survivor size 3670016 bytes, new threshold 1 (max 15)
- age   1:    7040760 bytes,    7040760 total
, 0.0154807 secs]
   [Parallel Time: 14.6 ms, GC Workers: 4]
      [GC Worker Start (ms): Min: 86718.5, Avg: 86718.5, Max: 86718.5, Diff: 0.0]
      [Ext Root Scanning (ms): Min: 0.5, Avg: 0.5, Max: 0.6, Diff: 0.1, Sum: 2.0]
      [Update RS (ms): Min: 8.3, Avg: 8.5, Max: 8.7, Diff: 0.3, Sum: 33.8]
         [Processed Buffers: Min: 12, Avg: 15.3, Max: 21, Diff: 9, Sum: 61]
      [Scan RS (ms): Min: 1.0, Avg: 1.2, Max: 1.3, Diff: 0.3, Sum: 5.0]
      [Code Root Scanning (ms): Min: 0.0, Avg: 0.0, Max: 0.0, Diff: 0.0, Sum: 0.0]
      [Object Copy (ms): Min: 4.3, Avg: 4.4, Max: 4.4, Diff: 0.1, Sum: 17.5]
      [Termination (ms): Min: 0.0, Avg: 0.0, Max: 0.0, Diff: 0.0, Sum: 0.0]
         [Termination Attempts: Min: 1, Avg: 1.5, Max: 2, Diff: 1, Sum: 6]
      [GC Worker Other (ms): Min: 0.0, Avg: 0.0, Max: 0.0, Diff: 0.0, Sum: 0.1]
      [GC Worker Total (ms): Min: 14.6, Avg: 14.6, Max: 14.6, Diff: 0.0, Sum: 58.4]
      [GC Worker End (ms): Min: 86733.1, Avg: 86733.1, Max: 86733.1, Diff: 0.0]
   [Code Root Fixup: 0.0 ms]
   [Code Root Purge: 0.0 ms]
   [Clear CT: 0.2 ms]
   [Other: 0.6 ms]
      [Choose CSet: 0.1 ms]
      [Ref Proc: 0.0 ms]
      [Ref Enq: 0.0 ms]
      [Redirty Cards: 0.0 ms]
      [Humongous Register: 0.0 ms]
      [Humongous Reclaim: 0.0 ms]
      [Free CSet: 0.1 ms]
   [Eden: 44.0M(44.0M)->0.0B(60.0M) Survivors: 7168.0K->7168.0K Heap: 895.5M(1028.0M)->854.0M(1028.0M)]
 [Times: user=0.06 sys=0.00, real=0.02 secs] 
2016-06-27T20:26:24.462+0300: 86.734: Total time for which application threads were stopped: 0.0208785 seconds, Stopping threads took: 0.0047709 seconds
2016-06-27T20:26:24.984+0300: 87.256: [GC pause (G1 Evacuation Pause) (young)
Desired survivor size 4718592 bytes, new threshold 1 (max 15)
- age   1:    6924072 bytes,    6924072 total
, 0.0077145 secs]
   [Parallel Time: 7.1 ms, GC Workers: 4]
      [GC Worker Start (ms): Min: 87256.0, Avg: 87256.0, Max: 87256.0, Diff: 0.0]
      [Ext Root Scanning (ms): Min: 0.4, Avg: 0.5, Max: 0.6, Diff: 0.2, Sum: 2.0]
      [Update RS (ms): Min: 3.9, Avg: 4.1, Max: 4.6, Diff: 0.7, Sum: 16.5]
         [Processed Buffers: Min: 4, Avg: 14.8, Max: 45, Diff: 41, Sum: 59]
      [Scan RS (ms): Min: 0.0, Avg: 0.0, Max: 0.0, Diff: 0.0, Sum: 0.0]
      [Code Root Scanning (ms): Min: 0.0, Avg: 0.0, Max: 0.0, Diff: 0.0, Sum: 0.0]
      [Object Copy (ms): Min: 2.0, Avg: 2.4, Max: 2.7, Diff: 0.7, Sum: 9.7]
      [Termination (ms): Min: 0.0, Avg: 0.0, Max: 0.0, Diff: 0.0, Sum: 0.0]
         [Termination Attempts: Min: 1, Avg: 1.0, Max: 1, Diff: 0, Sum: 4]
      [GC Worker Other (ms): Min: 0.0, Avg: 0.0, Max: 0.0, Diff: 0.0, Sum: 0.1]
      [GC Worker Total (ms): Min: 7.1, Avg: 7.1, Max: 7.1, Diff: 0.0, Sum: 28.3]
      [GC Worker End (ms): Min: 87263.1, Avg: 87263.1, Max: 87263.1, Diff: 0.0]
   [Code Root Fixup: 0.0 ms]
   [Code Root Purge: 0.0 ms]
   [Clear CT: 0.0 ms]
   [Other: 0.6 ms]
      [Choose CSet: 0.0 ms]
      [Ref Proc: 0.0 ms]
      [Ref Enq: 0.0 ms]
      [Redirty Cards: 0.0 ms]
      [Humongous Register: 0.0 ms]
      [Humongous Reclaim: 0.0 ms]
      [Free CSet: 0.1 ms]
   [Eden: 60.0M(60.0M)->0.0B(49.0M) Survivors: 7168.0K->9216.0K Heap: 914.0M(1028.0M)->865.5M(1028.0M)]
 [Times: user=0.06 sys=0.00, real=0.01 secs] 
2016-06-27T20:26:24.992+0300: 87.264: Total time for which application threads were stopped: 0.0148926 seconds, Stopping threads took: 0.0064871 seconds
2016-06-27T20:26:25.418+0300: 87.690: [GC pause (G1 Evacuation Pause) (young) (initial-mark)
Desired survivor size 4194304 bytes, new threshold 1 (max 15)
- age   1:    9257920 bytes,    9257920 total
, 0.0046875 secs]
   [Parallel Time: 3.9 ms, GC Workers: 4]
      [GC Worker Start (ms): Min: 87690.2, Avg: 87690.2, Max: 87690.2, Diff: 0.0]
      [Ext Root Scanning (ms): Min: 0.5, Avg: 0.5, Max: 0.6, Diff: 0.1, Sum: 2.2]
      [Update RS (ms): Min: 0.6, Avg: 0.6, Max: 0.7, Diff: 0.1, Sum: 2.6]
         [Processed Buffers: Min: 1, Avg: 10.8, Max: 23, Diff: 22, Sum: 43]
      [Scan RS (ms): Min: 0.0, Avg: 0.0, Max: 0.0, Diff: 0.0, Sum: 0.0]
      [Code Root Scanning (ms): Min: 0.0, Avg: 0.0, Max: 0.0, Diff: 0.0, Sum: 0.0]
      [Object Copy (ms): Min: 2.5, Avg: 2.7, Max: 2.7, Diff: 0.2, Sum: 10.7]
      [Termination (ms): Min: 0.0, Avg: 0.0, Max: 0.0, Diff: 0.0, Sum: 0.0]
         [Termination Attempts: Min: 1, Avg: 1.0, Max: 1, Diff: 0, Sum: 4]
      [GC Worker Other (ms): Min: 0.0, Avg: 0.0, Max: 0.0, Diff: 0.0, Sum: 0.1]
      [GC Worker Total (ms): Min: 3.9, Avg: 3.9, Max: 3.9, Diff: 0.0, Sum: 15.6]
      [GC Worker End (ms): Min: 87694.1, Avg: 87694.1, Max: 87694.1, Diff: 0.0]
   [Code Root Fixup: 0.0 ms]
   [Code Root Purge: 0.0 ms]
   [Clear CT: 0.0 ms]
   [Other: 0.7 ms]
      [Choose CSet: 0.0 ms]
      [Ref Proc: 0.1 ms]
      [Ref Enq: 0.0 ms]
      [Redirty Cards: 0.1 ms]
      [Humongous Register: 0.0 ms]
      [Humongous Reclaim: 0.0 ms]
      [Free CSet: 0.1 ms]
   [Eden: 49.0M(49.0M)->0.0B(43.0M) Survivors: 9216.0K->8192.0K Heap: 914.5M(1028.0M)->875.5M(1028.0M)]
 [Times: user=0.00 sys=0.00, real=0.01 secs] 
2016-06-27T20:26:25.423+03002016-06-27T20:26:25.423+0300: : 87.69587.695: : [GC concurrent-root-region-scan-start]
Total time for which application threads were stopped: 0.0120487 seconds, Stopping threads took: 0.0066783 seconds
2016-06-27T20:26:25.423+0300: 87.695: [GC concurrent-root-region-scan-end, 0.0005423 secs]
2016-06-27T20:26:25.423+0300: 87.695: [GC concurrent-mark-start]
2016-06-27T20:26:25.484+0300: 87.756: [GC concurrent-mark-end, 0.0604673 secs]
2016-06-27T20:26:25.510+0300: 87.782: [GC remark 2016-06-27T20:26:25.510+0300: 87.782: [Finalize Marking, 0.0001741 secs] 2016-06-27T20:26:25.510+0300: 87.782: [GC ref-proc, 0.0000984 secs] 2016-06-27T20:26:25.510+0300: 87.782: [Unloading, 0.0013736 secs], 0.0053478 secs]
 [Times: user=0.00 sys=0.00, real=0.01 secs] 
2016-06-27T20:26:25.515+0300: 87.787: Total time for which application threads were stopped: 0.0151257 seconds, Stopping threads took: 0.0092446 seconds
2016-06-27T20:26:25.517+0300: 87.789: [GC cleanup 887M->887M(1028M), 0.0018641 secs]
 [Times: user=0.00 sys=0.00, real=0.00 secs] 
2016-06-27T20:26:25.519+0300: 87.791: Total time for which application threads were stopped: 0.0024817 seconds, Stopping threads took: 0.0000641 seconds
2016-06-27T20:26:25.753+0300: 88.025: [GC pause (G1 Evacuation Pause) (young)
Desired survivor size 3670016 bytes, new threshold 1 (max 15)
- age   1:    7797968 bytes,    7797968 total
, 0.0040726 secs]
   [Parallel Time: 3.6 ms, GC Workers: 4]
      [GC Worker Start (ms): Min: 88025.1, Avg: 88025.1, Max: 88025.2, Diff: 0.1]
      [Ext Root Scanning (ms): Min: 0.5, Avg: 0.6, Max: 0.6, Diff: 0.1, Sum: 2.2]
      [Update RS (ms): Min: 0.6, Avg: 0.6, Max: 0.8, Diff: 0.2, Sum: 2.6]
         [Processed Buffers: Min: 1, Avg: 8.3, Max: 15, Diff: 14, Sum: 33]
      [Scan RS (ms): Min: 0.0, Avg: 0.0, Max: 0.0, Diff: 0.0, Sum: 0.0]
      [Code Root Scanning (ms): Min: 0.0, Avg: 0.0, Max: 0.0, Diff: 0.0, Sum: 0.0]
      [Object Copy (ms): Min: 2.1, Avg: 2.2, Max: 2.3, Diff: 0.2, Sum: 8.9]
      [Termination (ms): Min: 0.0, Avg: 0.0, Max: 0.0, Diff: 0.0, Sum: 0.0]
         [Termination Attempts: Min: 1, Avg: 1.0, Max: 1, Diff: 0, Sum: 4]
      [GC Worker Other (ms): Min: 0.0, Avg: 0.0, Max: 0.0, Diff: 0.0, Sum: 0.0]
      [GC Worker Total (ms): Min: 3.3, Avg: 3.5, Max: 3.5, Diff: 0.1, Sum: 13.8]
      [GC Worker End (ms): Min: 88028.6, Avg: 88028.6, Max: 88028.6, Diff: 0.0]
   [Code Root Fixup: 0.0 ms]
   [Code Root Purge: 0.0 ms]
   [Clear CT: 0.0 ms]
   [Other: 0.5 ms]
      [Choose CSet: 0.0 ms]
      [Ref Proc: 0.0 ms]
      [Ref Enq: 0.0 ms]
      [Redirty Cards: 0.0 ms]
      [Humongous Register: 0.0 ms]
      [Humongous Reclaim: 0.0 ms]
      [Free CSet: 0.1 ms]
   [Eden: 43.0M(43.0M)->0.0B(44.0M) Survivors: 8192.0K->7168.0K Heap: 918.5M(1028.0M)->883.5M(1028.0M)]
 [Times: user=0.06 sys=0.00, real=0.00 secs] 
2016-06-27T20:26:25.757+0300: 88.029: Total time for which application threads were stopped: 0.0094383 seconds, Stopping threads took: 0.0046653 seconds
2016-06-27T20:26:26.128+0300: 88.400: [GC pause (G1 Evacuation Pause) (mixed)
Desired survivor size 3670016 bytes, new threshold 1 (max 15)
- age   1:    6821568 bytes,    6821568 total
, 0.0167803 secs]
   [Parallel Time: 15.6 ms, GC Workers: 4]
      [GC Worker Start (ms): Min: 88400.3, Avg: 88400.3, Max: 88400.4, Diff: 0.0]
      [Ext Root Scanning (ms): Min: 0.5, Avg: 0.6, Max: 0.6, Diff: 0.1, Sum: 2.3]
      [Update RS (ms): Min: 0.6, Avg: 0.6, Max: 0.7, Diff: 0.1, Sum: 2.5]
         [Processed Buffers: Min: 5, Avg: 10.0, Max: 16, Diff: 11, Sum: 40]
      [Scan RS (ms): Min: 2.8, Avg: 2.8, Max: 2.9, Diff: 0.1, Sum: 11.3]
      [Code Root Scanning (ms): Min: 0.0, Avg: 0.0, Max: 0.0, Diff: 0.0, Sum: 0.1]
      [Object Copy (ms): Min: 11.5, Avg: 11.5, Max: 11.5, Diff: 0.0, Sum: 46.1]
      [Termination (ms): Min: 0.0, Avg: 0.0, Max: 0.0, Diff: 0.0, Sum: 0.0]
         [Termination Attempts: Min: 1, Avg: 1.0, Max: 1, Diff: 0, Sum: 4]
      [GC Worker Other (ms): Min: 0.0, Avg: 0.0, Max: 0.0, Diff: 0.0, Sum: 0.1]
      [GC Worker Total (ms): Min: 15.6, Avg: 15.6, Max: 15.6, Diff: 0.0, Sum: 62.3]
      [GC Worker End (ms): Min: 88415.9, Avg: 88415.9, Max: 88415.9, Diff: 0.0]
   [Code Root Fixup: 0.0 ms]
   [Code Root Purge: 0.0 ms]
   [Clear CT: 0.2 ms]
   [Other: 0.9 ms]
      [Choose CSet: 0.1 ms]
      [Ref Proc: 0.0 ms]
      [Ref Enq: 0.0 ms]
      [Redirty Cards: 0.1 ms]
      [Humongous Register: 0.0 ms]
      [Humongous Reclaim: 0.0 ms]
      [Free CSet: 0.4 ms]
   [Eden: 44.0M(44.0M)->0.0B(54.0M) Survivors: 7168.0K->7168.0K Heap: 927.5M(1028.0M)->860.5M(1028.0M)]
 [Times: user=0.06 sys=0.00, real=0.02 secs] 
2016-06-27T20:26:26.145+0300: 88.417: Total time for which application threads were stopped: 0.0216774 seconds, Stopping threads took: 0.0041628 seconds
2016-06-27T20:26:26.611+0300: 88.883: [GC pause (G1 Evacuation Pause) (young)
Desired survivor size 4194304 bytes, new threshold 1 (max 15)
- age   1:    7177392 bytes,    7177392 total
, 0.0122664 secs]
   [Parallel Time: 11.7 ms, GC Workers: 4]
      [GC Worker Start (ms): Min: 88883.4, Avg: 88883.4, Max: 88883.4, Diff: 0.0]
      [Ext Root Scanning (ms): Min: 0.6, Avg: 0.6, Max: 0.6, Diff: 0.0, Sum: 2.4]
      [Update RS (ms): Min: 8.6, Avg: 8.6, Max: 8.6, Diff: 0.0, Sum: 34.3]
         [Processed Buffers: Min: 10, Avg: 18.3, Max: 32, Diff: 22, Sum: 73]
      [Scan RS (ms): Min: 0.0, Avg: 0.0, Max: 0.0, Diff: 0.0, Sum: 0.0]
      [Code Root Scanning (ms): Min: 0.0, Avg: 0.0, Max: 0.0, Diff: 0.0, Sum: 0.0]
      [Object Copy (ms): Min: 2.5, Avg: 2.5, Max: 2.5, Diff: 0.0, Sum: 9.9]
      [Termination (ms): Min: 0.0, Avg: 0.0, Max: 0.0, Diff: 0.0, Sum: 0.0]
         [Termination Attempts: Min: 1, Avg: 1.0, Max: 1, Diff: 0, Sum: 4]
      [GC Worker Other (ms): Min: 0.0, Avg: 0.0, Max: 0.0, Diff: 0.0, Sum: 0.1]
      [GC Worker Total (ms): Min: 11.7, Avg: 11.7, Max: 11.7, Diff: 0.0, Sum: 46.8]
      [GC Worker End (ms): Min: 88895.0, Avg: 88895.0, Max: 88895.0, Diff: 0.0]
   [Code Root Fixup: 0.0 ms]
   [Code Root Purge: 0.0 ms]
   [Clear CT: 0.0 ms]
   [Other: 0.5 ms]
      [Choose CSet: 0.0 ms]
      [Ref Proc: 0.1 ms]
      [Ref Enq: 0.0 ms]
      [Redirty Cards: 0.0 ms]
      [Humongous Register: 0.0 ms]
      [Humongous Reclaim: 0.0 ms]
      [Free CSet: 0.1 ms]
   [Eden: 54.0M(54.0M)->0.0B(45.0M) Survivors: 7168.0K->8192.0K Heap: 914.5M(1028.0M)->870.5M(1028.0M)]
 [Times: user=0.06 sys=0.00, real=0.01 secs] 
2016-06-27T20:26:26.624+0300: 88.896: Total time for which application threads were stopped: 0.0163569 seconds, Stopping threads took: 0.0032767 seconds
2016-06-27T20:26:27.011+0300: 89.284: [GC pause (G1 Evacuation Pause) (young) (initial-mark)
Desired survivor size 3670016 bytes, new threshold 1 (max 15)
- age   1:    8233216 bytes,    8233216 total
, 0.0046768 secs]
   [Parallel Time: 3.9 ms, GC Workers: 4]
      [GC Worker Start (ms): Min: 89283.9, Avg: 89283.9, Max: 89283.9, Diff: 0.0]
      [Ext Root Scanning (ms): Min: 0.5, Avg: 0.6, Max: 0.8, Diff: 0.2, Sum: 2.4]
      [Update RS (ms): Min: 0.7, Avg: 0.9, Max: 1.1, Diff: 0.4, Sum: 3.7]
         [Processed Buffers: Min: 3, Avg: 8.5, Max: 15, Diff: 12, Sum: 34]
      [Scan RS (ms): Min: 0.0, Avg: 0.0, Max: 0.0, Diff: 0.0, Sum: 0.0]
      [Code Root Scanning (ms): Min: 0.0, Avg: 0.0, Max: 0.0, Diff: 0.0, Sum: 0.0]
      [Object Copy (ms): Min: 2.2, Avg: 2.4, Max: 2.4, Diff: 0.3, Sum: 9.4]
      [Termination (ms): Min: 0.0, Avg: 0.0, Max: 0.0, Diff: 0.0, Sum: 0.0]
         [Termination Attempts: Min: 1, Avg: 1.0, Max: 1, Diff: 0, Sum: 4]
      [GC Worker Other (ms): Min: 0.0, Avg: 0.0, Max: 0.0, Diff: 0.0, Sum: 0.1]
      [GC Worker Total (ms): Min: 3.9, Avg: 3.9, Max: 3.9, Diff: 0.0, Sum: 15.6]
      [GC Worker End (ms): Min: 89287.8, Avg: 89287.8, Max: 89287.8, Diff: 0.0]
   [Code Root Fixup: 0.0 ms]
   [Code Root Purge: 0.0 ms]
   [Clear CT: 0.0 ms]
   [Other: 0.7 ms]
      [Choose CSet: 0.0 ms]
      [Ref Proc: 0.1 ms]
      [Ref Enq: 0.0 ms]
      [Redirty Cards: 0.0 ms]
      [Humongous Register: 0.0 ms]
      [Humongous Reclaim: 0.0 ms]
      [Free CSet: 0.1 ms]
   [Eden: 45.0M(45.0M)->0.0B(44.0M) Survivors: 8192.0K->7168.0K Heap: 915.5M(1028.0M)->879.0M(1028.0M)]
 [Times: user=0.00 sys=0.00, real=0.01 secs] 
2016-06-27T20:26:27.016+0300: 89.288: [GC concurrent-root-region-scan-start]
2016-06-27T20:26:27.016+0300: 89.288: Total time for which application threads were stopped: 0.0070648 seconds, Stopping threads took: 0.0016696 seconds
2016-06-27T20:26:27.017+0300: 89.289: [GC concurrent-root-region-scan-end, 0.0006342 secs]
2016-06-27T20:26:27.017+0300: 89.289: [GC concurrent-mark-start]
2016-06-27T20:26:27.074+0300: 89.346: [GC concurrent-mark-end, 0.0569191 secs]
2016-06-27T20:26:27.087+0300: 89.359: [GC remark 2016-06-27T20:26:27.087+0300: 89.359: [Finalize Marking, 0.0002078 secs] 2016-06-27T20:26:27.087+0300: 89.359: [GC ref-proc, 0.0001039 secs] 2016-06-27T20:26:27.088+0300: 89.359: [Unloading, 0.0014296 secs], 0.0054526 secs]
 [Times: user=0.00 sys=0.00, real=0.01 secs] 
2016-06-27T20:26:27.093+0300: 89.365: Total time for which application threads were stopped: 0.0091933 seconds, Stopping threads took: 0.0031253 seconds
2016-06-27T20:26:27.094+0300: 89.366: [GC cleanup 889M->889M(1028M), 0.0018445 secs]
 [Times: user=0.00 sys=0.00, real=0.00 secs] 
2016-06-27T20:26:27.096+0300: 89.368: Total time for which application threads were stopped: 0.0024637 seconds, Stopping threads took: 0.0000483 seconds
2016-06-27T20:26:27.376+0300: 89.648: [GC pause (G1 Evacuation Pause) (young)
Desired survivor size 3670016 bytes, new threshold 1 (max 15)
- age   1:    7226792 bytes,    7226792 total
, 0.0041833 secs]
   [Parallel Time: 3.6 ms, GC Workers: 4]
      [GC Worker Start (ms): Min: 89648.0, Avg: 89648.0, Max: 89648.0, Diff: 0.0]
      [Ext Root Scanning (ms): Min: 0.5, Avg: 0.6, Max: 0.6, Diff: 0.1, Sum: 2.3]
      [Update RS (ms): Min: 0.6, Avg: 0.7, Max: 0.8, Diff: 0.2, Sum: 2.8]
         [Processed Buffers: Min: 3, Avg: 10.0, Max: 17, Diff: 14, Sum: 40]
      [Scan RS (ms): Min: 0.0, Avg: 0.0, Max: 0.0, Diff: 0.0, Sum: 0.0]
      [Code Root Scanning (ms): Min: 0.0, Avg: 0.0, Max: 0.0, Diff: 0.0, Sum: 0.0]
      [Object Copy (ms): Min: 2.1, Avg: 2.2, Max: 2.3, Diff: 0.2, Sum: 8.9]
      [Termination (ms): Min: 0.0, Avg: 0.0, Max: 0.0, Diff: 0.0, Sum: 0.0]
         [Termination Attempts: Min: 1, Avg: 1.0, Max: 1, Diff: 0, Sum: 4]
      [GC Worker Other (ms): Min: 0.0, Avg: 0.0, Max: 0.0, Diff: 0.0, Sum: 0.1]
      [GC Worker Total (ms): Min: 3.5, Avg: 3.5, Max: 3.5, Diff: 0.0, Sum: 14.1]
      [GC Worker End (ms): Min: 89651.5, Avg: 89651.5, Max: 89651.5, Diff: 0.0]
   [Code Root Fixup: 0.0 ms]
   [Code Root Purge: 0.0 ms]
   [Clear CT: 0.0 ms]
   [Other: 0.6 ms]
      [Choose CSet: 0.0 ms]
      [Ref Proc: 0.1 ms]
      [Ref Enq: 0.0 ms]
      [Redirty Cards: 0.1 ms]
      [Humongous Register: 0.0 ms]
      [Humongous Reclaim: 0.0 ms]
      [Free CSet: 0.1 ms]
   [Eden: 44.0M(44.0M)->0.0B(44.0M) Survivors: 7168.0K->7168.0K Heap: 923.0M(1028.0M)->887.5M(1028.0M)]
 [Times: user=0.02 sys=0.00, real=0.00 secs] 
2016-06-27T20:26:27.380+0300: 89.652: Total time for which application threads were stopped: 0.0077003 seconds, Stopping threads took: 0.0027391 seconds
2016-06-27T20:26:27.755+0300: 90.028: [GC pause (G1 Evacuation Pause) (mixed)
Desired survivor size 3670016 bytes, new threshold 1 (max 15)
- age   1:    7101320 bytes,    7101320 total
, 0.0193082 secs]
   [Parallel Time: 18.0 ms, GC Workers: 4]
      [GC Worker Start (ms): Min: 90028.0, Avg: 90028.0, Max: 90028.0, Diff: 0.0]
      [Ext Root Scanning (ms): Min: 0.5, Avg: 0.6, Max: 0.7, Diff: 0.2, Sum: 2.2]
      [Update RS (ms): Min: 0.6, Avg: 0.6, Max: 0.6, Diff: 0.0, Sum: 2.4]
         [Processed Buffers: Min: 3, Avg: 9.8, Max: 13, Diff: 10, Sum: 39]
      [Scan RS (ms): Min: 2.9, Avg: 3.0, Max: 3.0, Diff: 0.1, Sum: 11.9]
      [Code Root Scanning (ms): Min: 0.0, Avg: 0.0, Max: 0.0, Diff: 0.0, Sum: 0.0]
      [Object Copy (ms): Min: 13.8, Avg: 13.8, Max: 13.9, Diff: 0.1, Sum: 55.4]
      [Termination (ms): Min: 0.0, Avg: 0.0, Max: 0.0, Diff: 0.0, Sum: 0.0]
         [Termination Attempts: Min: 1, Avg: 2.5, Max: 4, Diff: 3, Sum: 10]
      [GC Worker Other (ms): Min: 0.0, Avg: 0.0, Max: 0.0, Diff: 0.0, Sum: 0.1]
      [GC Worker Total (ms): Min: 18.0, Avg: 18.0, Max: 18.0, Diff: 0.0, Sum: 72.0]
      [GC Worker End (ms): Min: 90046.0, Avg: 90046.0, Max: 90046.0, Diff: 0.0]
   [Code Root Fixup: 0.0 ms]
   [Code Root Purge: 0.0 ms]
   [Clear CT: 0.2 ms]
   [Other: 1.0 ms]
      [Choose CSet: 0.1 ms]
      [Ref Proc: 0.1 ms]
      [Ref Enq: 0.0 ms]
      [Redirty Cards: 0.1 ms]
      [Humongous Register: 0.0 ms]
      [Humongous Reclaim: 0.0 ms]
      [Free CSet: 0.4 ms]
   [Eden: 44.0M(44.0M)->0.0B(44.0M) Survivors: 7168.0K->7168.0K Heap: 931.5M(1028.0M)->864.5M(1028.0M)]
 [Times: user=0.06 sys=0.00, real=0.02 secs] 
2016-06-27T20:26:27.775+0300: 90.047: Total time for which application threads were stopped: 0.0258461 seconds, Stopping threads took: 0.0058875 seconds
2016-06-27T20:26:28.153+0300: 90.425: [GC pause (G1 Evacuation Pause) (mixed)
Desired survivor size 3670016 bytes, new threshold 1 (max 15)
- age   1:    6911016 bytes,    6911016 total
, 0.0192034 secs]
   [Parallel Time: 18.2 ms, GC Workers: 4]
      [GC Worker Start (ms): Min: 90425.5, Avg: 90425.5, Max: 90425.6, Diff: 0.0]
      [Ext Root Scanning (ms): Min: 0.5, Avg: 0.5, Max: 0.6, Diff: 0.1, Sum: 2.2]
      [Update RS (ms): Min: 9.2, Avg: 9.3, Max: 9.3, Diff: 0.1, Sum: 37.0]
         [Processed Buffers: Min: 12, Avg: 17.0, Max: 32, Diff: 20, Sum: 68]
      [Scan RS (ms): Min: 1.9, Avg: 1.9, Max: 1.9, Diff: 0.1, Sum: 7.7]
      [Code Root Scanning (ms): Min: 0.0, Avg: 0.0, Max: 0.0, Diff: 0.0, Sum: 0.0]
      [Object Copy (ms): Min: 6.4, Avg: 6.4, Max: 6.4, Diff: 0.1, Sum: 25.6]
      [Termination (ms): Min: 0.0, Avg: 0.0, Max: 0.0, Diff: 0.0, Sum: 0.0]
         [Termination Attempts: Min: 1, Avg: 2.0, Max: 3, Diff: 2, Sum: 8]
      [GC Worker Other (ms): Min: 0.0, Avg: 0.0, Max: 0.0, Diff: 0.0, Sum: 0.0]
      [GC Worker Total (ms): Min: 18.1, Avg: 18.1, Max: 18.2, Diff: 0.0, Sum: 72.6]
      [GC Worker End (ms): Min: 90443.7, Avg: 90443.7, Max: 90443.7, Diff: 0.0]
   [Code Root Fixup: 0.0 ms]
   [Code Root Purge: 0.0 ms]
   [Clear CT: 0.2 ms]
   [Other: 0.8 ms]
      [Choose CSet: 0.1 ms]
      [Ref Proc: 0.1 ms]
      [Ref Enq: 0.0 ms]
      [Redirty Cards: 0.0 ms]
      [Humongous Register: 0.0 ms]
      [Humongous Reclaim: 0.0 ms]
      [Free CSet: 0.2 ms]
   [Eden: 44.0M(44.0M)->0.0B(44.0M) Survivors: 7168.0K->7168.0K Heap: 908.5M(1028.0M)->864.0M(1028.0M)]
 [Times: user=0.06 sys=0.00, real=0.02 secs] 
2016-06-27T20:26:28.173+0300: 90.445: Total time for which application threads were stopped: 0.0236258 seconds, Stopping threads took: 0.0036954 seconds
2016-06-27T20:26:28.548+0300: 90.819: [GC pause (G1 Evacuation Pause) (young)
Desired survivor size 3670016 bytes, new threshold 1 (max 15)
- age   1:    6973264 bytes,    6973264 total
, 0.0098322 secs]
   [Parallel Time: 9.2 ms, GC Workers: 4]
      [GC Worker Start (ms): Min: 90819.7, Avg: 90819.7, Max: 90819.8, Diff: 0.0]
      [Ext Root Scanning (ms): Min: 0.5, Avg: 0.5, Max: 0.6, Diff: 0.1, Sum: 2.1]
      [Update RS (ms): Min: 6.3, Avg: 6.4, Max: 6.5, Diff: 0.2, Sum: 25.8]
         [Processed Buffers: Min: 7, Avg: 14.8, Max: 21, Diff: 14, Sum: 59]
      [Scan RS (ms): Min: 0.0, Avg: 0.0, Max: 0.0, Diff: 0.0, Sum: 0.0]
      [Code Root Scanning (ms): Min: 0.0, Avg: 0.0, Max: 0.0, Diff: 0.0, Sum: 0.0]
      [Object Copy (ms): Min: 2.1, Avg: 2.2, Max: 2.2, Diff: 0.1, Sum: 8.6]
      [Termination (ms): Min: 0.0, Avg: 0.0, Max: 0.0, Diff: 0.0, Sum: 0.0]
         [Termination Attempts: Min: 1, Avg: 1.0, Max: 1, Diff: 0, Sum: 4]
      [GC Worker Other (ms): Min: 0.0, Avg: 0.0, Max: 0.0, Diff: 0.0, Sum: 0.1]
      [GC Worker Total (ms): Min: 9.2, Avg: 9.2, Max: 9.2, Diff: 0.0, Sum: 36.6]
      [GC Worker End (ms): Min: 90828.9, Avg: 90828.9, Max: 90828.9, Diff: 0.0]
   [Code Root Fixup: 0.0 ms]
   [Code Root Purge: 0.0 ms]
   [Clear CT: 0.0 ms]
   [Other: 0.6 ms]
      [Choose CSet: 0.0 ms]
      [Ref Proc: 0.1 ms]
      [Ref Enq: 0.0 ms]
      [Redirty Cards: 0.0 ms]
      [Humongous Register: 0.0 ms]
      [Humongous Reclaim: 0.0 ms]
      [Free CSet: 0.1 ms]
   [Eden: 44.0M(44.0M)->0.0B(44.0M) Survivors: 7168.0K->7168.0K Heap: 908.0M(1028.0M)->872.0M(1028.0M)]
 [Times: user=0.06 sys=0.00, real=0.01 secs] 
2016-06-27T20:26:28.558+0300: 90.830: Total time for which application threads were stopped: 0.0169924 seconds, Stopping threads took: 0.0064807 seconds
2016-06-27T20:26:28.934+0300: 91.206: [GC pause (G1 Evacuation Pause) (young) (initial-mark)
Desired survivor size 3670016 bytes, new threshold 1 (max 15)
- age   1:    7159096 bytes,    7159096 total
, 0.0044532 secs]
   [Parallel Time: 3.8 ms, GC Workers: 4]
      [GC Worker Start (ms): Min: 91206.4, Avg: 91206.4, Max: 91206.4, Diff: 0.0]
      [Ext Root Scanning (ms): Min: 0.5, Avg: 0.6, Max: 0.7, Diff: 0.2, Sum: 2.3]
      [Update RS (ms): Min: 0.8, Avg: 1.0, Max: 1.1, Diff: 0.3, Sum: 3.9]
         [Processed Buffers: Min: 3, Avg: 10.5, Max: 16, Diff: 13, Sum: 42]
      [Scan RS (ms): Min: 0.0, Avg: 0.0, Max: 0.0, Diff: 0.0, Sum: 0.0]
      [Code Root Scanning (ms): Min: 0.0, Avg: 0.0, Max: 0.0, Diff: 0.0, Sum: 0.0]
      [Object Copy (ms): Min: 2.1, Avg: 2.2, Max: 2.3, Diff: 0.2, Sum: 8.8]
      [Termination (ms): Min: 0.0, Avg: 0.0, Max: 0.0, Diff: 0.0, Sum: 0.0]
         [Termination Attempts: Min: 1, Avg: 1.0, Max: 1, Diff: 0, Sum: 4]
      [GC Worker Other (ms): Min: 0.0, Avg: 0.0, Max: 0.0, Diff: 0.0, Sum: 0.1]
      [GC Worker Total (ms): Min: 3.8, Avg: 3.8, Max: 3.8, Diff: 0.0, Sum: 15.1]
      [GC Worker End (ms): Min: 91210.2, Avg: 91210.2, Max: 91210.2, Diff: 0.0]
   [Code Root Fixup: 0.0 ms]
   [Code Root Purge: 0.0 ms]
   [Clear CT: 0.0 ms]
   [Other: 0.6 ms]
      [Choose CSet: 0.0 ms]
      [Ref Proc: 0.0 ms]
      [Ref Enq: 0.0 ms]
      [Redirty Cards: 0.0 ms]
      [Humongous Register: 0.0 ms]
      [Humongous Reclaim: 0.0 ms]
      [Free CSet: 0.1 ms]
   [Eden: 44.0M(44.0M)->0.0B(44.0M) Survivors: 7168.0K->7168.0K Heap: 916.0M(1028.0M)->880.0M(1028.0M)]
 [Times: user=0.00 sys=0.00, real=0.00 secs] 
2016-06-27T20:26:28.939+0300: 91.211: [GC concurrent-root-region-scan-start]
2016-06-27T20:26:28.939+0300: 91.211: Total time for which application threads were stopped: 0.0122100 seconds, Stopping threads took: 0.0070879 seconds
2016-06-27T20:26:28.939+0300: 91.211: [GC concurrent-root-region-scan-end, 0.0006269 secs]
2016-06-27T20:26:28.939+0300: 91.211: [GC concurrent-mark-start]
2016-06-27T20:26:28.998+0300: 91.270: [GC concurrent-mark-end, 0.0583043 secs]
2016-06-27T20:26:29.023+0300: 91.295: [GC remark 2016-06-27T20:26:29.023+0300: 91.295: [Finalize Marking, 0.0001822 secs] 2016-06-27T20:26:29.023+0300: 91.295: [GC ref-proc, 0.0000966 secs] 2016-06-27T20:26:29.023+0300: 91.295: [Unloading, 0.0013574 secs], 0.0052379 secs]
 [Times: user=0.00 sys=0.00, real=0.01 secs] 
2016-06-27T20:26:29.028+0300: 91.300: Total time for which application threads were stopped: 0.0072599 seconds, Stopping threads took: 0.0015045 seconds
2016-06-27T20:26:29.030+0300: 91.302: [GC cleanup 892M->892M(1028M), 0.0018902 secs]
 [Times: user=0.00 sys=0.00, real=0.00 secs] 
2016-06-27T20:26:29.032+0300: 91.304: Total time for which application threads were stopped: 0.0024919 seconds, Stopping threads took: 0.0000569 seconds
2016-06-27T20:26:29.303+0300: 91.575: [GC pause (G1 Evacuation Pause) (young)
Desired survivor size 3670016 bytes, new threshold 1 (max 15)
- age   1:    7178336 bytes,    7178336 total
, 0.0044267 secs]
   [Parallel Time: 3.9 ms, GC Workers: 4]
      [GC Worker Start (ms): Min: 91575.1, Avg: 91575.1, Max: 91575.1, Diff: 0.0]
      [Ext Root Scanning (ms): Min: 0.5, Avg: 0.6, Max: 0.6, Diff: 0.0, Sum: 2.2]
      [Update RS (ms): Min: 1.1, Avg: 1.1, Max: 1.2, Diff: 0.1, Sum: 4.4]
         [Processed Buffers: Min: 6, Avg: 13.8, Max: 19, Diff: 13, Sum: 55]
      [Scan RS (ms): Min: 0.0, Avg: 0.0, Max: 0.0, Diff: 0.0, Sum: 0.0]
      [Code Root Scanning (ms): Min: 0.0, Avg: 0.0, Max: 0.0, Diff: 0.0, Sum: 0.0]
      [Object Copy (ms): Min: 2.2, Avg: 2.2, Max: 2.2, Diff: 0.1, Sum: 8.8]
      [Termination (ms): Min: 0.0, Avg: 0.0, Max: 0.0, Diff: 0.0, Sum: 0.0]
         [Termination Attempts: Min: 1, Avg: 1.0, Max: 1, Diff: 0, Sum: 4]
      [GC Worker Other (ms): Min: 0.0, Avg: 0.0, Max: 0.0, Diff: 0.0, Sum: 0.0]
      [GC Worker Total (ms): Min: 3.9, Avg: 3.9, Max: 3.9, Diff: 0.0, Sum: 15.5]
      [GC Worker End (ms): Min: 91579.0, Avg: 91579.0, Max: 91579.0, Diff: 0.0]
   [Code Root Fixup: 0.0 ms]
   [Code Root Purge: 0.0 ms]
   [Clear CT: 0.0 ms]
   [Other: 0.5 ms]
      [Choose CSet: 0.0 ms]
      [Ref Proc: 0.0 ms]
      [Ref Enq: 0.0 ms]
      [Redirty Cards: 0.0 ms]
      [Humongous Register: 0.0 ms]
      [Humongous Reclaim: 0.0 ms]
      [Free CSet: 0.1 ms]
   [Eden: 44.0M(44.0M)->0.0B(44.0M) Survivors: 7168.0K->7168.0K Heap: 924.0M(1028.0M)->889.0M(1028.0M)]
 [Times: user=0.00 sys=0.00, real=0.01 secs] 
2016-06-27T20:26:29.308+0300: 91.580: Total time for which application threads were stopped: 0.0102098 seconds, Stopping threads took: 0.0050780 seconds
2016-06-27T20:26:29.682+0300: 91.954: [GC pause (G1 Evacuation Pause) (mixed)
Desired survivor size 3670016 bytes, new threshold 1 (max 15)
- age   1:    7176240 bytes,    7176240 total
, 0.0181757 secs]
   [Parallel Time: 16.8 ms, GC Workers: 4]
      [GC Worker Start (ms): Min: 91954.1, Avg: 91954.1, Max: 91954.1, Diff: 0.0]
      [Ext Root Scanning (ms): Min: 0.5, Avg: 0.6, Max: 0.6, Diff: 0.1, Sum: 2.4]
      [Update RS (ms): Min: 0.7, Avg: 0.7, Max: 0.8, Diff: 0.1, Sum: 3.0]
         [Processed Buffers: Min: 2, Avg: 12.0, Max: 18, Diff: 16, Sum: 48]
      [Scan RS (ms): Min: 2.9, Avg: 2.9, Max: 3.0, Diff: 0.1, Sum: 11.8]
      [Code Root Scanning (ms): Min: 0.0, Avg: 0.0, Max: 0.0, Diff: 0.0, Sum: 0.0]
      [Object Copy (ms): Min: 12.5, Avg: 12.5, Max: 12.5, Diff: 0.1, Sum: 50.0]
      [Termination (ms): Min: 0.0, Avg: 0.0, Max: 0.0, Diff: 0.0, Sum: 0.0]
         [Termination Attempts: Min: 1, Avg: 5.0, Max: 8, Diff: 7, Sum: 20]
      [GC Worker Other (ms): Min: 0.0, Avg: 0.0, Max: 0.0, Diff: 0.0, Sum: 0.1]
      [GC Worker Total (ms): Min: 16.8, Avg: 16.8, Max: 16.8, Diff: 0.0, Sum: 67.2]
      [GC Worker End (ms): Min: 91970.9, Avg: 91970.9, Max: 91970.9, Diff: 0.0]
   [Code Root Fixup: 0.0 ms]
   [Code Root Purge: 0.0 ms]
   [Clear CT: 0.2 ms]
   [Other: 1.1 ms]
      [Choose CSet: 0.2 ms]
      [Ref Proc: 0.1 ms]
      [Ref Enq: 0.0 ms]
      [Redirty Cards: 0.1 ms]
      [Humongous Register: 0.0 ms]
      [Humongous Reclaim: 0.0 ms]
      [Free CSet: 0.4 ms]
   [Eden: 44.0M(44.0M)->0.0B(44.0M) Survivors: 7168.0K->7168.0K Heap: 933.0M(1028.0M)->857.5M(1028.0M)]
 [Times: user=0.06 sys=0.00, real=0.02 secs] 
2016-06-27T20:26:29.700+0300: 91.972: Total time for which application threads were stopped: 0.0209375 seconds, Stopping threads took: 0.0020044 seconds
2016-06-27T20:26:30.080+0300: 92.352: [GC pause (G1 Evacuation Pause) (mixed)
Desired survivor size 3670016 bytes, new threshold 1 (max 15)
- age   1:    7032008 bytes,    7032008 total
, 0.0229257 secs]
   [Parallel Time: 21.7 ms, GC Workers: 4]
      [GC Worker Start (ms): Min: 92352.5, Avg: 92352.5, Max: 92352.5, Diff: 0.0]
      [Ext Root Scanning (ms): Min: 0.5, Avg: 0.5, Max: 0.6, Diff: 0.1, Sum: 2.1]
      [Update RS (ms): Min: 8.2, Avg: 8.4, Max: 8.5, Diff: 0.2, Sum: 33.5]
         [Processed Buffers: Min: 10, Avg: 15.3, Max: 24, Diff: 14, Sum: 61]
      [Scan RS (ms): Min: 2.9, Avg: 2.9, Max: 3.0, Diff: 0.1, Sum: 11.7]
      [Code Root Scanning (ms): Min: 0.0, Avg: 0.0, Max: 0.0, Diff: 0.0, Sum: 0.1]
      [Object Copy (ms): Min: 9.8, Avg: 9.8, Max: 9.8, Diff: 0.1, Sum: 39.3]
      [Termination (ms): Min: 0.0, Avg: 0.0, Max: 0.0, Diff: 0.0, Sum: 0.0]
         [Termination Attempts: Min: 1, Avg: 2.3, Max: 3, Diff: 2, Sum: 9]
      [GC Worker Other (ms): Min: 0.0, Avg: 0.0, Max: 0.0, Diff: 0.0, Sum: 0.1]
      [GC Worker Total (ms): Min: 21.7, Avg: 21.7, Max: 21.7, Diff: 0.0, Sum: 86.7]
      [GC Worker End (ms): Min: 92374.2, Avg: 92374.2, Max: 92374.2, Diff: 0.0]
   [Code Root Fixup: 0.0 ms]
   [Code Root Purge: 0.0 ms]
   [Clear CT: 0.2 ms]
   [Other: 1.0 ms]
      [Choose CSet: 0.2 ms]
      [Ref Proc: 0.1 ms]
      [Ref Enq: 0.0 ms]
      [Redirty Cards: 0.1 ms]
      [Humongous Register: 0.0 ms]
      [Humongous Reclaim: 0.0 ms]
      [Free CSet: 0.4 ms]
   [Eden: 44.0M(44.0M)->0.0B(44.0M) Survivors: 7168.0K->7168.0K Heap: 901.5M(1028.0M)->844.0M(1028.0M)]
 [Times: user=0.13 sys=0.00, real=0.02 secs] 
2016-06-27T20:26:30.103+0300: 92.375: Total time for which application threads were stopped: 0.0263957 seconds, Stopping threads took: 0.0028755 seconds
2016-06-27T20:26:30.487+0300: 92.759: [GC pause (G1 Evacuation Pause) (young)
Desired survivor size 3670016 bytes, new threshold 1 (max 15)
- age   1:    7161392 bytes,    7161392 total
, 0.0120581 secs]
   [Parallel Time: 11.4 ms, GC Workers: 4]
      [GC Worker Start (ms): Min: 92759.4, Avg: 92759.4, Max: 92759.4, Diff: 0.0]
      [Ext Root Scanning (ms): Min: 0.5, Avg: 0.5, Max: 0.6, Diff: 0.1, Sum: 2.1]
      [Update RS (ms): Min: 8.7, Avg: 8.8, Max: 9.1, Diff: 0.4, Sum: 35.2]
         [Processed Buffers: Min: 9, Avg: 16.3, Max: 35, Diff: 26, Sum: 65]
      [Scan RS (ms): Min: 0.0, Avg: 0.0, Max: 0.0, Diff: 0.0, Sum: 0.0]
      [Code Root Scanning (ms): Min: 0.0, Avg: 0.0, Max: 0.0, Diff: 0.0, Sum: 0.0]
      [Object Copy (ms): Min: 1.7, Avg: 2.1, Max: 2.3, Diff: 0.5, Sum: 8.2]
      [Termination (ms): Min: 0.0, Avg: 0.0, Max: 0.0, Diff: 0.0, Sum: 0.0]
         [Termination Attempts: Min: 1, Avg: 1.0, Max: 1, Diff: 0, Sum: 4]
      [GC Worker Other (ms): Min: 0.0, Avg: 0.0, Max: 0.0, Diff: 0.0, Sum: 0.1]
      [GC Worker Total (ms): Min: 11.4, Avg: 11.4, Max: 11.4, Diff: 0.0, Sum: 45.6]
      [GC Worker End (ms): Min: 92770.8, Avg: 92770.8, Max: 92770.8, Diff: 0.0]
   [Code Root Fixup: 0.0 ms]
   [Code Root Purge: 0.0 ms]
   [Clear CT: 0.0 ms]
   [Other: 0.6 ms]
      [Choose CSet: 0.0 ms]
      [Ref Proc: 0.0 ms]
      [Ref Enq: 0.0 ms]
      [Redirty Cards: 0.0 ms]
      [Humongous Register: 0.0 ms]
      [Humongous Reclaim: 0.0 ms]
      [Free CSet: 0.1 ms]
   [Eden: 44.0M(44.0M)->0.0B(44.0M) Survivors: 7168.0K->7168.0K Heap: 888.0M(1028.0M)->853.0M(1028.0M)]
 [Times: user=0.06 sys=0.00, real=0.01 secs] 
2016-06-27T20:26:30.499+0300: 92.771: Total time for which application threads were stopped: 0.0165716 seconds, Stopping threads took: 0.0038138 seconds
2016-06-27T20:26:30.882+0300: 93.154: [GC pause (G1 Evacuation Pause) (young) (initial-mark)
Desired survivor size 3670016 bytes, new threshold 1 (max 15)
- age   1:    7060264 bytes,    7060264 total
, 0.0042470 secs]
   [Parallel Time: 3.6 ms, GC Workers: 4]
      [GC Worker Start (ms): Min: 93154.0, Avg: 93154.0, Max: 93154.0, Diff: 0.0]
      [Ext Root Scanning (ms): Min: 0.5, Avg: 0.5, Max: 0.6, Diff: 0.2, Sum: 2.1]
      [Update RS (ms): Min: 0.8, Avg: 0.8, Max: 0.8, Diff: 0.1, Sum: 3.2]
         [Processed Buffers: Min: 8, Avg: 9.3, Max: 11, Diff: 3, Sum: 37]
      [Scan RS (ms): Min: 0.0, Avg: 0.0, Max: 0.0, Diff: 0.0, Sum: 0.0]
      [Code Root Scanning (ms): Min: 0.0, Avg: 0.0, Max: 0.0, Diff: 0.0, Sum: 0.0]
      [Object Copy (ms): Min: 2.1, Avg: 2.2, Max: 2.3, Diff: 0.2, Sum: 8.8]
      [Termination (ms): Min: 0.0, Avg: 0.0, Max: 0.0, Diff: 0.0, Sum: 0.0]
         [Termination Attempts: Min: 1, Avg: 1.0, Max: 1, Diff: 0, Sum: 4]
      [GC Worker Other (ms): Min: 0.0, Avg: 0.0, Max: 0.0, Diff: 0.0, Sum: 0.1]
      [GC Worker Total (ms): Min: 3.5, Avg: 3.5, Max: 3.6, Diff: 0.0, Sum: 14.2]
      [GC Worker End (ms): Min: 93157.6, Avg: 93157.6, Max: 93157.6, Diff: 0.0]
   [Code Root Fixup: 0.0 ms]
   [Code Root Purge: 0.0 ms]
   [Clear CT: 0.0 ms]
   [Other: 0.6 ms]
      [Choose CSet: 0.0 ms]
      [Ref Proc: 0.0 ms]
      [Ref Enq: 0.0 ms]
      [Redirty Cards: 0.0 ms]
      [Humongous Register: 0.0 ms]
      [Humongous Reclaim: 0.0 ms]
      [Free CSet: 0.1 ms]
   [Eden: 44.0M(44.0M)->0.0B(54.0M) Survivors: 7168.0K->7168.0K Heap: 897.0M(1028.0M)->861.0M(1028.0M)]
 [Times: user=0.00 sys=0.00, real=0.00 secs] 
2016-06-27T20:26:30.886+0300: 93.158: [GC concurrent-root-region-scan-start]
2016-06-27T20:26:30.886+0300: 93.158: Total time for which application threads were stopped: 0.0068754 seconds, Stopping threads took: 0.0020318 seconds
2016-06-27T20:26:30.887+0300: 93.159: [GC concurrent-root-region-scan-end, 0.0007933 secs]
2016-06-27T20:26:30.887+0300: 93.159: [GC concurrent-mark-start]
2016-06-27T20:26:30.942+0300: 93.214: [GC concurrent-mark-end, 0.0534093 secs]
2016-06-27T20:26:30.962+0300: 93.234: [GC remark 2016-06-27T20:26:30.962+0300: 93.234: [Finalize Marking, 0.0001664 secs] 2016-06-27T20:26:30.962+0300: 93.234: [GC ref-proc, 0.0000988 secs] 2016-06-27T20:26:30.962+0300: 93.234: [Unloading, 0.0012992 secs], 0.0052473 secs]
 [Times: user=0.00 sys=0.00, real=0.01 secs] 
2016-06-27T20:26:30.967+0300: 93.239: Total time for which application threads were stopped: 0.0068459 seconds, Stopping threads took: 0.0011508 seconds
2016-06-27T20:26:31.001+0300: 93.273: [GC cleanup 877M->877M(1028M), 0.0018393 secs]
 [Times: user=0.00 sys=0.00, real=0.00 secs] 
2016-06-27T20:26:31.002+0300: 93.275: Total time for which application threads were stopped: 0.0034345 seconds, Stopping threads took: 0.0011311 seconds
2016-06-27T20:26:31.326+0300: 93.598: [GC pause (G1 Evacuation Pause) (young)
Desired survivor size 4194304 bytes, new threshold 1 (max 15)
- age   1:    7236168 bytes,    7236168 total
, 0.0042402 secs]
   [Parallel Time: 3.7 ms, GC Workers: 4]
      [GC Worker Start (ms): Min: 93598.3, Avg: 93598.3, Max: 93598.4, Diff: 0.0]
      [Ext Root Scanning (ms): Min: 0.4, Avg: 0.5, Max: 0.7, Diff: 0.2, Sum: 2.0]
      [Update RS (ms): Min: 0.6, Avg: 0.7, Max: 0.7, Diff: 0.1, Sum: 2.7]
         [Processed Buffers: Min: 2, Avg: 10.8, Max: 19, Diff: 17, Sum: 43]
      [Scan RS (ms): Min: 0.0, Avg: 0.0, Max: 0.0, Diff: 0.0, Sum: 0.0]
      [Code Root Scanning (ms): Min: 0.0, Avg: 0.0, Max: 0.0, Diff: 0.0, Sum: 0.0]
      [Object Copy (ms): Min: 2.4, Avg: 2.5, Max: 2.6, Diff: 0.2, Sum: 10.0]
      [Termination (ms): Min: 0.0, Avg: 0.0, Max: 0.0, Diff: 0.0, Sum: 0.0]
         [Termination Attempts: Min: 1, Avg: 1.0, Max: 1, Diff: 0, Sum: 4]
      [GC Worker Other (ms): Min: 0.0, Avg: 0.0, Max: 0.0, Diff: 0.0, Sum: 0.1]
      [GC Worker Total (ms): Min: 3.7, Avg: 3.7, Max: 3.7, Diff: 0.0, Sum: 14.8]
      [GC Worker End (ms): Min: 93602.0, Avg: 93602.0, Max: 93602.0, Diff: 0.0]
   [Code Root Fixup: 0.0 ms]
   [Code Root Purge: 0.0 ms]
   [Clear CT: 0.0 ms]
   [Other: 0.5 ms]
      [Choose CSet: 0.0 ms]
      [Ref Proc: 0.1 ms]
      [Ref Enq: 0.0 ms]
      [Redirty Cards: 0.0 ms]
      [Humongous Register: 0.0 ms]
      [Humongous Reclaim: 0.0 ms]
      [Free CSet: 0.1 ms]
   [Eden: 54.0M(54.0M)->0.0B(43.0M) Survivors: 7168.0K->8192.0K Heap: 915.0M(1028.0M)->871.5M(1028.0M)]
 [Times: user=0.00 sys=0.00, real=0.01 secs] 
2016-06-27T20:26:31.331+0300: 93.603: Total time for which application threads were stopped: 0.0058294 seconds, Stopping threads took: 0.0009511 seconds
2016-06-27T20:26:31.700+0300: 93.972: [GC pause (G1 Evacuation Pause) (mixed)
Desired survivor size 3670016 bytes, new threshold 1 (max 15)
- age   1:    8006856 bytes,    8006856 total
, 0.0193886 secs]
   [Parallel Time: 18.0 ms, GC Workers: 4]
      [GC Worker Start (ms): Min: 93972.8, Avg: 93972.8, Max: 93972.9, Diff: 0.1]
      [Ext Root Scanning (ms): Min: 0.6, Avg: 0.8, Max: 1.1, Diff: 0.5, Sum: 3.0]
      [Update RS (ms): Min: 0.7, Avg: 1.0, Max: 1.1, Diff: 0.4, Sum: 3.9]
         [Processed Buffers: Min: 8, Avg: 10.3, Max: 13, Diff: 5, Sum: 41]
      [Scan RS (ms): Min: 3.4, Avg: 3.4, Max: 3.5, Diff: 0.1, Sum: 13.8]
      [Code Root Scanning (ms): Min: 0.0, Avg: 0.0, Max: 0.0, Diff: 0.0, Sum: 0.1]
      [Object Copy (ms): Min: 12.7, Avg: 12.8, Max: 12.8, Diff: 0.2, Sum: 51.1]
      [Termination (ms): Min: 0.0, Avg: 0.0, Max: 0.0, Diff: 0.0, Sum: 0.0]
         [Termination Attempts: Min: 1, Avg: 1.3, Max: 2, Diff: 1, Sum: 5]
      [GC Worker Other (ms): Min: 0.0, Avg: 0.0, Max: 0.0, Diff: 0.0, Sum: 0.0]
      [GC Worker Total (ms): Min: 17.9, Avg: 18.0, Max: 18.0, Diff: 0.1, Sum: 72.0]
      [GC Worker End (ms): Min: 93990.8, Avg: 93990.8, Max: 93990.8, Diff: 0.0]
   [Code Root Fixup: 0.0 ms]
   [Code Root Purge: 0.0 ms]
   [Clear CT: 0.2 ms]
   [Other: 1.1 ms]
      [Choose CSet: 0.2 ms]
      [Ref Proc: 0.1 ms]
      [Ref Enq: 0.0 ms]
      [Redirty Cards: 0.1 ms]
      [Humongous Register: 0.0 ms]
      [Humongous Reclaim: 0.0 ms]
      [Free CSet: 0.5 ms]
   [Eden: 43.0M(43.0M)->0.0B(44.0M) Survivors: 8192.0K->7168.0K Heap: 914.5M(1028.0M)->841.0M(1028.0M)]
 [Times: user=0.06 sys=0.00, real=0.02 secs] 
2016-06-27T20:26:31.720+0300: 93.992: Total time for which application threads were stopped: 0.0218104 seconds, Stopping threads took: 0.0017431 seconds
2016-06-27T20:26:32.109+0300: 94.381: [GC pause (G1 Evacuation Pause) (mixed)
Desired survivor size 3670016 bytes, new threshold 1 (max 15)
- age   1:    6997448 bytes,    6997448 total
, 0.0185521 secs]
   [Parallel Time: 17.8 ms, GC Workers: 4]
      [GC Worker Start (ms): Min: 94381.3, Avg: 94381.4, Max: 94381.7, Diff: 0.4]
      [Ext Root Scanning (ms): Min: 1.2, Avg: 3.4, Max: 7.5, Diff: 6.4, Sum: 13.6]
      [Update RS (ms): Min: 6.2, Avg: 10.3, Max: 12.8, Diff: 6.6, Sum: 41.4]
         [Processed Buffers: Min: 13, Avg: 17.5, Max: 28, Diff: 15, Sum: 70]
      [Scan RS (ms): Min: 0.5, Avg: 0.8, Max: 0.9, Diff: 0.4, Sum: 3.1]
      [Code Root Scanning (ms): Min: 0.0, Avg: 0.0, Max: 0.0, Diff: 0.0, Sum: 0.0]
      [Object Copy (ms): Min: 3.1, Avg: 3.1, Max: 3.3, Diff: 0.2, Sum: 12.6]
      [Termination (ms): Min: 0.0, Avg: 0.0, Max: 0.0, Diff: 0.0, Sum: 0.0]
         [Termination Attempts: Min: 1, Avg: 1.0, Max: 1, Diff: 0, Sum: 4]
      [GC Worker Other (ms): Min: 0.0, Avg: 0.0, Max: 0.0, Diff: 0.0, Sum: 0.0]
      [GC Worker Total (ms): Min: 17.4, Avg: 17.7, Max: 17.8, Diff: 0.4, Sum: 70.7]
      [GC Worker End (ms): Min: 94399.1, Avg: 94399.1, Max: 94399.1, Diff: 0.0]
   [Code Root Fixup: 0.0 ms]
   [Code Root Purge: 0.0 ms]
   [Clear CT: 0.1 ms]
   [Other: 0.6 ms]
      [Choose CSet: 0.0 ms]
      [Ref Proc: 0.0 ms]
      [Ref Enq: 0.0 ms]
      [Redirty Cards: 0.0 ms]
      [Humongous Register: 0.0 ms]
      [Humongous Reclaim: 0.0 ms]
      [Free CSet: 0.1 ms]
   [Eden: 44.0M(44.0M)->0.0B(44.0M) Survivors: 7168.0K->7168.0K Heap: 885.0M(1028.0M)->847.0M(1028.0M)]
 [Times: user=0.05 sys=0.00, real=0.02 secs] 
2016-06-27T20:26:32.128+0300: 94.400: Total time for which application threads were stopped: 0.0253060 seconds, Stopping threads took: 0.0060919 seconds
2016-06-27T20:26:32.512+0300: 94.784: [GC pause (G1 Evacuation Pause) (young)
Desired survivor size 3670016 bytes, new threshold 1 (max 15)
- age   1:    7043904 bytes,    7043904 total
, 0.0059572 secs]
   [Parallel Time: 5.3 ms, GC Workers: 4]
      [GC Worker Start (ms): Min: 94784.3, Avg: 94784.3, Max: 94784.3, Diff: 0.0]
      [Ext Root Scanning (ms): Min: 0.4, Avg: 0.5, Max: 0.6, Diff: 0.1, Sum: 2.0]
      [Update RS (ms): Min: 2.5, Avg: 2.6, Max: 2.7, Diff: 0.2, Sum: 10.4]
         [Processed Buffers: Min: 3, Avg: 10.0, Max: 20, Diff: 17, Sum: 40]
      [Scan RS (ms): Min: 0.0, Avg: 0.0, Max: 0.0, Diff: 0.0, Sum: 0.0]
      [Code Root Scanning (ms): Min: 0.0, Avg: 0.0, Max: 0.0, Diff: 0.0, Sum: 0.0]
      [Object Copy (ms): Min: 2.0, Avg: 2.1, Max: 2.2, Diff: 0.2, Sum: 8.5]
      [Termination (ms): Min: 0.0, Avg: 0.0, Max: 0.0, Diff: 0.0, Sum: 0.0]
         [Termination Attempts: Min: 1, Avg: 1.0, Max: 1, Diff: 0, Sum: 4]
      [GC Worker Other (ms): Min: 0.0, Avg: 0.0, Max: 0.0, Diff: 0.0, Sum: 0.0]
      [GC Worker Total (ms): Min: 5.2, Avg: 5.3, Max: 5.3, Diff: 0.0, Sum: 21.0]
      [GC Worker End (ms): Min: 94789.5, Avg: 94789.5, Max: 94789.5, Diff: 0.0]
   [Code Root Fixup: 0.0 ms]
   [Code Root Purge: 0.0 ms]
   [Clear CT: 0.0 ms]
   [Other: 0.6 ms]
      [Choose CSet: 0.0 ms]
      [Ref Proc: 0.1 ms]
      [Ref Enq: 0.0 ms]
      [Redirty Cards: 0.0 ms]
      [Humongous Register: 0.0 ms]
      [Humongous Reclaim: 0.0 ms]
      [Free CSet: 0.1 ms]
   [Eden: 44.0M(44.0M)->0.0B(58.0M) Survivors: 7168.0K->7168.0K Heap: 891.0M(1028.0M)->855.0M(1028.0M)]
 [Times: user=0.00 sys=0.00, real=0.01 secs] 
2016-06-27T20:26:32.518+0300: 94.790: Total time for which application threads were stopped: 0.0081605 seconds, Stopping threads took: 0.0016140 seconds
2016-06-27T20:26:33.012+0300: 95.284: [GC pause (G1 Evacuation Pause) (young) (initial-mark)
Desired survivor size 4718592 bytes, new threshold 1 (max 15)
- age   1:    7124088 bytes,    7124088 total
, 0.0047752 secs]
   [Parallel Time: 4.2 ms, GC Workers: 4]
      [GC Worker Start (ms): Min: 95284.3, Avg: 95284.3, Max: 95284.4, Diff: 0.1]
      [Ext Root Scanning (ms): Min: 0.5, Avg: 0.8, Max: 0.9, Diff: 0.4, Sum: 3.1]
      [Update RS (ms): Min: 0.5, Avg: 0.8, Max: 0.9, Diff: 0.4, Sum: 3.1]
         [Processed Buffers: Min: 2, Avg: 12.3, Max: 25, Diff: 23, Sum: 49]
      [Scan RS (ms): Min: 0.0, Avg: 0.0, Max: 0.0, Diff: 0.0, Sum: 0.0]
      [Code Root Scanning (ms): Min: 0.0, Avg: 0.0, Max: 0.0, Diff: 0.0, Sum: 0.0]
      [Object Copy (ms): Min: 2.4, Avg: 2.6, Max: 2.6, Diff: 0.2, Sum: 10.2]
      [Termination (ms): Min: 0.0, Avg: 0.0, Max: 0.0, Diff: 0.0, Sum: 0.0]
         [Termination Attempts: Min: 1, Avg: 1.0, Max: 1, Diff: 0, Sum: 4]
      [GC Worker Other (ms): Min: 0.0, Avg: 0.0, Max: 0.0, Diff: 0.0, Sum: 0.1]
      [GC Worker Total (ms): Min: 4.1, Avg: 4.1, Max: 4.1, Diff: 0.1, Sum: 16.5]
      [GC Worker End (ms): Min: 95288.4, Avg: 95288.4, Max: 95288.4, Diff: 0.0]
   [Code Root Fixup: 0.0 ms]
   [Code Root Purge: 0.0 ms]
   [Clear CT: 0.0 ms]
   [Other: 0.6 ms]
      [Choose CSet: 0.0 ms]
      [Ref Proc: 0.0 ms]
      [Ref Enq: 0.0 ms]
      [Redirty Cards: 0.0 ms]
      [Humongous Register: 0.0 ms]
      [Humongous Reclaim: 0.0 ms]
      [Free CSet: 0.1 ms]
   [Eden: 58.0M(58.0M)->0.0B(49.0M) Survivors: 7168.0K->9216.0K Heap: 913.0M(1028.0M)->866.0M(1028.0M)]
 [Times: user=0.00 sys=0.00, real=0.00 secs] 
2016-06-27T20:26:33.017+0300: 95.289: [GC concurrent-root-region-scan-start]
2016-06-27T20:26:33.017+0300: 95.289: Total time for which application threads were stopped: 0.0100593 seconds, Stopping threads took: 0.0046503 seconds
2016-06-27T20:26:33.018+0300: 95.290: [GC concurrent-root-region-scan-end, 0.0006488 secs]
2016-06-27T20:26:33.018+0300: 95.290: [GC concurrent-mark-start]
2016-06-27T20:26:33.075+0300: 95.347: [GC concurrent-mark-end, 0.0575708 secs]
2016-06-27T20:26:33.085+0300: 95.357: [GC remark 2016-06-27T20:26:33.085+0300: 95.357: [Finalize Marking, 0.0001681 secs] 2016-06-27T20:26:33.085+0300: 95.358: [GC ref-proc, 0.0000992 secs] 2016-06-27T20:26:33.086+0300: 95.358: [Unloading, 0.0013433 secs], 0.0052430 secs]
 [Times: user=0.00 sys=0.00, real=0.00 secs] 
2016-06-27T20:26:33.091+0300: 95.363: Total time for which application threads were stopped: 0.0068057 seconds, Stopping threads took: 0.0010811 seconds
2016-06-27T20:26:33.424+0300: 95.696: [GC cleanup 915M->915M(1028M), 0.0018761 secs]
 [Times: user=0.00 sys=0.00, real=0.00 secs] 
2016-06-27T20:26:33.426+0300: 95.698: Total time for which application threads were stopped: 0.0030462 seconds, Stopping threads took: 0.0006013 seconds
2016-06-27T20:26:33.427+0300: 95.699: [GC pause (G1 Evacuation Pause) (young)
Desired survivor size 4194304 bytes, new threshold 1 (max 15)
- age   1:    9245384 bytes,    9245384 total
, 0.0044775 secs]
   [Parallel Time: 3.9 ms, GC Workers: 4]
      [GC Worker Start (ms): Min: 95699.2, Avg: 95699.2, Max: 95699.2, Diff: 0.0]
      [Ext Root Scanning (ms): Min: 0.4, Avg: 0.5, Max: 0.6, Diff: 0.2, Sum: 2.0]
      [Update RS (ms): Min: 0.6, Avg: 0.7, Max: 0.8, Diff: 0.2, Sum: 2.8]
         [Processed Buffers: Min: 3, Avg: 8.8, Max: 18, Diff: 15, Sum: 35]
      [Scan RS (ms): Min: 0.0, Avg: 0.0, Max: 0.0, Diff: 0.0, Sum: 0.0]
      [Code Root Scanning (ms): Min: 0.0, Avg: 0.0, Max: 0.0, Diff: 0.0, Sum: 0.0]
      [Object Copy (ms): Min: 2.7, Avg: 2.7, Max: 2.7, Diff: 0.1, Sum: 10.8]
      [Termination (ms): Min: 0.0, Avg: 0.0, Max: 0.0, Diff: 0.0, Sum: 0.0]
         [Termination Attempts: Min: 1, Avg: 1.0, Max: 1, Diff: 0, Sum: 4]
      [GC Worker Other (ms): Min: 0.0, Avg: 0.0, Max: 0.0, Diff: 0.0, Sum: 0.1]
      [GC Worker Total (ms): Min: 3.9, Avg: 3.9, Max: 3.9, Diff: 0.0, Sum: 15.6]
      [GC Worker End (ms): Min: 95703.1, Avg: 95703.1, Max: 95703.1, Diff: 0.0]
   [Code Root Fixup: 0.0 ms]
   [Code Root Purge: 0.0 ms]
   [Clear CT: 0.0 ms]
   [Other: 0.5 ms]
      [Choose CSet: 0.0 ms]
      [Ref Proc: 0.0 ms]
      [Ref Enq: 0.0 ms]
      [Redirty Cards: 0.0 ms]
      [Humongous Register: 0.0 ms]
      [Humongous Reclaim: 0.0 ms]
      [Free CSet: 0.1 ms]
   [Eden: 49.0M(49.0M)->0.0B(43.0M) Survivors: 9216.0K->8192.0K Heap: 915.0M(1028.0M)->876.0M(1028.0M)]
 [Times: user=0.00 sys=0.00, real=0.00 secs] 
2016-06-27T20:26:33.432+0300: 95.704: Total time for which application threads were stopped: 0.0051648 seconds, Stopping threads took: 0.0000795 seconds
2016-06-27T20:26:33.792+0300: 96.065: [GC pause (G1 Evacuation Pause) (mixed)
Desired survivor size 3670016 bytes, new threshold 1 (max 15)
- age   1:    7978160 bytes,    7978160 total
, 0.0191837 secs]
   [Parallel Time: 17.8 ms, GC Workers: 4]
      [GC Worker Start (ms): Min: 96064.9, Avg: 96064.9, Max: 96064.9, Diff: 0.0]
      [Ext Root Scanning (ms): Min: 0.5, Avg: 0.5, Max: 0.6, Diff: 0.2, Sum: 2.1]
      [Update RS (ms): Min: 0.7, Avg: 0.8, Max: 0.8, Diff: 0.1, Sum: 3.1]
         [Processed Buffers: Min: 4, Avg: 8.5, Max: 13, Diff: 9, Sum: 34]
      [Scan RS (ms): Min: 3.3, Avg: 3.4, Max: 3.4, Diff: 0.1, Sum: 13.6]
      [Code Root Scanning (ms): Min: 0.0, Avg: 0.0, Max: 0.0, Diff: 0.0, Sum: 0.1]
      [Object Copy (ms): Min: 13.0, Avg: 13.1, Max: 13.1, Diff: 0.1, Sum: 52.2]
      [Termination (ms): Min: 0.0, Avg: 0.0, Max: 0.0, Diff: 0.0, Sum: 0.0]
         [Termination Attempts: Min: 1, Avg: 2.5, Max: 4, Diff: 3, Sum: 10]
      [GC Worker Other (ms): Min: 0.0, Avg: 0.0, Max: 0.0, Diff: 0.0, Sum: 0.1]
      [GC Worker Total (ms): Min: 17.8, Avg: 17.8, Max: 17.8, Diff: 0.0, Sum: 71.2]
      [GC Worker End (ms): Min: 96082.7, Avg: 96082.7, Max: 96082.7, Diff: 0.0]
   [Code Root Fixup: 0.0 ms]
   [Code Root Purge: 0.0 ms]
   [Clear CT: 0.3 ms]
   [Other: 1.1 ms]
      [Choose CSet: 0.2 ms]
      [Ref Proc: 0.1 ms]
      [Ref Enq: 0.0 ms]
      [Redirty Cards: 0.1 ms]
      [Humongous Register: 0.0 ms]
      [Humongous Reclaim: 0.0 ms]
      [Free CSet: 0.4 ms]
   [Eden: 43.0M(43.0M)->0.0B(44.0M) Survivors: 8192.0K->7168.0K Heap: 919.0M(1028.0M)->847.5M(1028.0M)]
 [Times: user=0.06 sys=0.00, real=0.02 secs] 
2016-06-27T20:26:33.812+0300: 96.084: Total time for which application threads were stopped: 0.0216906 seconds, Stopping threads took: 0.0018616 seconds
2016-06-27T20:26:34.194+0300: 96.466: [GC pause (G1 Evacuation Pause) (mixed)
Desired survivor size 3670016 bytes, new threshold 1 (max 15)
- age   1:    6918896 bytes,    6918896 total
, 0.0149645 secs]
   [Parallel Time: 14.2 ms, GC Workers: 4]
      [GC Worker Start (ms): Min: 96465.8, Avg: 96465.8, Max: 96465.8, Diff: 0.0]
      [Ext Root Scanning (ms): Min: 0.4, Avg: 0.5, Max: 0.6, Diff: 0.1, Sum: 1.9]
      [Update RS (ms): Min: 9.9, Avg: 9.9, Max: 10.0, Diff: 0.0, Sum: 39.8]
         [Processed Buffers: Min: 12, Avg: 16.0, Max: 23, Diff: 11, Sum: 64]
      [Scan RS (ms): Min: 0.7, Avg: 0.7, Max: 0.7, Diff: 0.1, Sum: 2.8]
      [Code Root Scanning (ms): Min: 0.0, Avg: 0.0, Max: 0.0, Diff: 0.0, Sum: 0.0]
      [Object Copy (ms): Min: 3.0, Avg: 3.1, Max: 3.1, Diff: 0.1, Sum: 12.3]
      [Termination (ms): Min: 0.0, Avg: 0.0, Max: 0.0, Diff: 0.0, Sum: 0.0]
         [Termination Attempts: Min: 1, Avg: 1.5, Max: 2, Diff: 1, Sum: 6]
      [GC Worker Other (ms): Min: 0.0, Avg: 0.0, Max: 0.0, Diff: 0.0, Sum: 0.1]
      [GC Worker Total (ms): Min: 14.2, Avg: 14.2, Max: 14.2, Diff: 0.0, Sum: 56.8]
      [GC Worker End (ms): Min: 96480.0, Avg: 96480.0, Max: 96480.0, Diff: 0.0]
   [Code Root Fixup: 0.0 ms]
   [Code Root Purge: 0.0 ms]
   [Clear CT: 0.2 ms]
   [Other: 0.6 ms]
      [Choose CSet: 0.0 ms]
      [Ref Proc: 0.0 ms]
      [Ref Enq: 0.0 ms]
      [Redirty Cards: 0.0 ms]
      [Humongous Register: 0.0 ms]
      [Humongous Reclaim: 0.0 ms]
      [Free CSet: 0.1 ms]
   [Eden: 44.0M(44.0M)->0.0B(44.0M) Survivors: 7168.0K->7168.0K Heap: 891.5M(1028.0M)->853.5M(1028.0M)]
 [Times: user=0.06 sys=0.00, real=0.02 secs] 
2016-06-27T20:26:34.209+0300: 96.481: Total time for which application threads were stopped: 0.0205120 seconds, Stopping threads took: 0.0049133 seconds
2016-06-27T20:26:34.592+0300: 96.864: [GC pause (G1 Evacuation Pause) (young)
Desired survivor size 3670016 bytes, new threshold 1 (max 15)
- age   1:    7122200 bytes,    7122200 total
, 0.0060162 secs]
   [Parallel Time: 5.4 ms, GC Workers: 4]
      [GC Worker Start (ms): Min: 96864.1, Avg: 96864.1, Max: 96864.1, Diff: 0.0]
      [Ext Root Scanning (ms): Min: 0.5, Avg: 0.5, Max: 0.6, Diff: 0.1, Sum: 2.1]
      [Update RS (ms): Min: 2.6, Avg: 2.8, Max: 3.2, Diff: 0.7, Sum: 11.0]
         [Processed Buffers: Min: 3, Avg: 10.8, Max: 21, Diff: 18, Sum: 43]
      [Scan RS (ms): Min: 0.0, Avg: 0.0, Max: 0.0, Diff: 0.0, Sum: 0.0]
      [Code Root Scanning (ms): Min: 0.0, Avg: 0.0, Max: 0.0, Diff: 0.0, Sum: 0.0]
      [Object Copy (ms): Min: 1.5, Avg: 2.1, Max: 2.3, Diff: 0.8, Sum: 8.3]
      [Termination (ms): Min: 0.0, Avg: 0.0, Max: 0.0, Diff: 0.0, Sum: 0.0]
         [Termination Attempts: Min: 1, Avg: 1.0, Max: 1, Diff: 0, Sum: 4]
      [GC Worker Other (ms): Min: 0.0, Avg: 0.0, Max: 0.0, Diff: 0.0, Sum: 0.1]
      [GC Worker Total (ms): Min: 5.4, Avg: 5.4, Max: 5.4, Diff: 0.0, Sum: 21.6]
      [GC Worker End (ms): Min: 96869.5, Avg: 96869.5, Max: 96869.5, Diff: 0.0]
   [Code Root Fixup: 0.0 ms]
   [Code Root Purge: 0.0 ms]
   [Clear CT: 0.0 ms]
   [Other: 0.6 ms]
      [Choose CSet: 0.0 ms]
      [Ref Proc: 0.0 ms]
      [Ref Enq: 0.0 ms]
      [Redirty Cards: 0.0 ms]
      [Humongous Register: 0.0 ms]
      [Humongous Reclaim: 0.0 ms]
      [Free CSet: 0.1 ms]
   [Eden: 44.0M(44.0M)->0.0B(53.0M) Survivors: 7168.0K->7168.0K Heap: 897.5M(1028.0M)->862.0M(1028.0M)]
 [Times: user=0.00 sys=0.00, real=0.01 secs] 
2016-06-27T20:26:34.598+0300: 96.870: Total time for which application threads were stopped: 0.0139338 seconds, Stopping threads took: 0.0072928 seconds
2016-06-27T20:26:35.030+0300: 97.302: [GC pause (G1 Evacuation Pause) (young) (initial-mark)
Desired survivor size 4194304 bytes, new threshold 1 (max 15)
- age   1:    7187792 bytes,    7187792 total
, 0.0045490 secs]
   [Parallel Time: 3.9 ms, GC Workers: 4]
      [GC Worker Start (ms): Min: 97302.5, Avg: 97302.5, Max: 97302.5, Diff: 0.0]
      [Ext Root Scanning (ms): Min: 0.5, Avg: 0.5, Max: 0.7, Diff: 0.2, Sum: 2.2]
      [Update RS (ms): Min: 0.8, Avg: 0.8, Max: 0.9, Diff: 0.1, Sum: 3.4]
         [Processed Buffers: Min: 2, Avg: 11.0, Max: 18, Diff: 16, Sum: 44]
      [Scan RS (ms): Min: 0.0, Avg: 0.0, Max: 0.0, Diff: 0.0, Sum: 0.0]
      [Code Root Scanning (ms): Min: 0.0, Avg: 0.0, Max: 0.0, Diff: 0.0, Sum: 0.0]
      [Object Copy (ms): Min: 2.4, Avg: 2.4, Max: 2.5, Diff: 0.2, Sum: 9.8]
      [Termination (ms): Min: 0.0, Avg: 0.0, Max: 0.0, Diff: 0.0, Sum: 0.0]
         [Termination Attempts: Min: 1, Avg: 1.0, Max: 1, Diff: 0, Sum: 4]
      [GC Worker Other (ms): Min: 0.0, Avg: 0.0, Max: 0.0, Diff: 0.0, Sum: 0.1]
      [GC Worker Total (ms): Min: 3.9, Avg: 3.9, Max: 3.9, Diff: 0.0, Sum: 15.5]
      [GC Worker End (ms): Min: 97306.4, Avg: 97306.4, Max: 97306.4, Diff: 0.0]
   [Code Root Fixup: 0.0 ms]
   [Code Root Purge: 0.0 ms]
   [Clear CT: 0.0 ms]
   [Other: 0.6 ms]
      [Choose CSet: 0.0 ms]
      [Ref Proc: 0.0 ms]
      [Ref Enq: 0.0 ms]
      [Redirty Cards: 0.0 ms]
      [Humongous Register: 0.0 ms]
      [Humongous Reclaim: 0.0 ms]
      [Free CSet: 0.1 ms]
   [Eden: 53.0M(53.0M)->0.0B(44.0M) Survivors: 7168.0K->8192.0K Heap: 915.0M(1028.0M)->872.0M(1028.0M)]
 [Times: user=0.00 sys=0.00, real=0.01 secs] 
2016-06-27T20:26:35.035+0300: 97.307: [GC concurrent-root-region-scan-start]
2016-06-27T20:26:35.035+0300: 97.307: Total time for which application threads were stopped: 0.0103450 seconds, Stopping threads took: 0.0051160 seconds
2016-06-27T20:26:35.036+0300: 97.308: [GC concurrent-root-region-scan-end, 0.0006800 secs]
2016-06-27T20:26:35.036+0300: 97.308: [GC concurrent-mark-start]
2016-06-27T20:26:35.092+0300: 97.364: [GC concurrent-mark-end, 0.0565145 secs]
2016-06-27T20:26:35.122+0300: 97.394: [GC remark 2016-06-27T20:26:35.122+0300: 97.394: [Finalize Marking, 0.0001565 secs] 2016-06-27T20:26:35.122+0300: 97.394: [GC ref-proc, 0.0001099 secs] 2016-06-27T20:26:35.122+0300: 97.394: [Unloading, 0.0013210 secs], 0.0052319 secs]
 [Times: user=0.00 sys=0.00, real=0.01 secs] 
2016-06-27T20:26:35.127+0300: 97.399: Total time for which application threads were stopped: 0.0082636 seconds, Stopping threads took: 0.0026202 seconds
2016-06-27T20:26:35.128+0300: 97.400: [GC cleanup 884M->884M(1028M), 0.0018971 secs]
 [Times: user=0.06 sys=0.00, real=0.00 secs] 
2016-06-27T20:26:35.130+0300: 97.402: Total time for which application threads were stopped: 0.0023837 seconds, Stopping threads took: 0.0000479 seconds
2016-06-27T20:26:35.408+0300: 97.680: [GC pause (G1 Evacuation Pause) (young)
Desired survivor size 3670016 bytes, new threshold 1 (max 15)
- age   1:    8252720 bytes,    8252720 total
, 0.0040105 secs]
   [Parallel Time: 3.5 ms, GC Workers: 4]
      [GC Worker Start (ms): Min: 97680.2, Avg: 97680.3, Max: 97680.3, Diff: 0.0]
      [Ext Root Scanning (ms): Min: 0.5, Avg: 0.5, Max: 0.6, Diff: 0.1, Sum: 2.1]
      [Update RS (ms): Min: 0.6, Avg: 0.7, Max: 0.8, Diff: 0.2, Sum: 2.8]
         [Processed Buffers: Min: 2, Avg: 9.0, Max: 24, Diff: 22, Sum: 36]
      [Scan RS (ms): Min: 0.0, Avg: 0.0, Max: 0.0, Diff: 0.0, Sum: 0.0]
      [Code Root Scanning (ms): Min: 0.0, Avg: 0.0, Max: 0.0, Diff: 0.0, Sum: 0.0]
      [Object Copy (ms): Min: 2.2, Avg: 2.2, Max: 2.3, Diff: 0.1, Sum: 9.0]
      [Termination (ms): Min: 0.0, Avg: 0.0, Max: 0.0, Diff: 0.0, Sum: 0.0]
         [Termination Attempts: Min: 1, Avg: 1.0, Max: 1, Diff: 0, Sum: 4]
      [GC Worker Other (ms): Min: 0.0, Avg: 0.0, Max: 0.0, Diff: 0.0, Sum: 0.1]
      [GC Worker Total (ms): Min: 3.5, Avg: 3.5, Max: 3.5, Diff: 0.0, Sum: 13.9]
      [GC Worker End (ms): Min: 97683.7, Avg: 97683.7, Max: 97683.7, Diff: 0.0]
   [Code Root Fixup: 0.0 ms]
   [Code Root Purge: 0.0 ms]
   [Clear CT: 0.0 ms]
   [Other: 0.5 ms]
      [Choose CSet: 0.0 ms]
      [Ref Proc: 0.0 ms]
      [Ref Enq: 0.0 ms]
      [Redirty Cards: 0.0 ms]
      [Humongous Register: 0.0 ms]
      [Humongous Reclaim: 0.0 ms]
      [Free CSet: 0.1 ms]
   [Eden: 44.0M(44.0M)->0.0B(44.0M) Survivors: 8192.0K->7168.0K Heap: 916.0M(1028.0M)->880.0M(1028.0M)]
 [Times: user=0.06 sys=0.00, real=0.00 secs] 
2016-06-27T20:26:35.412+0300: 97.684: Total time for which application threads were stopped: 0.0077542 seconds, Stopping threads took: 0.0031843 seconds
2016-06-27T20:26:35.782+0300: 98.054: [GC pause (G1 Evacuation Pause) (mixed)
Desired survivor size 3670016 bytes, new threshold 1 (max 15)
- age   1:    7200664 bytes,    7200664 total
, 0.0183451 secs]
   [Parallel Time: 17.0 ms, GC Workers: 4]
      [GC Worker Start (ms): Min: 98054.0, Avg: 98054.0, Max: 98054.0, Diff: 0.0]
      [Ext Root Scanning (ms): Min: 0.4, Avg: 0.5, Max: 0.6, Diff: 0.2, Sum: 1.9]
      [Update RS (ms): Min: 0.5, Avg: 0.6, Max: 0.8, Diff: 0.3, Sum: 2.4]
         [Processed Buffers: Min: 3, Avg: 10.0, Max: 14, Diff: 11, Sum: 40]
      [Scan RS (ms): Min: 2.7, Avg: 3.0, Max: 3.1, Diff: 0.4, Sum: 12.0]
      [Code Root Scanning (ms): Min: 0.0, Avg: 0.0, Max: 0.0, Diff: 0.0, Sum: 0.1]
      [Object Copy (ms): Min: 12.8, Avg: 12.9, Max: 12.9, Diff: 0.1, Sum: 51.5]
      [Termination (ms): Min: 0.0, Avg: 0.0, Max: 0.0, Diff: 0.0, Sum: 0.0]
         [Termination Attempts: Min: 1, Avg: 1.5, Max: 2, Diff: 1, Sum: 6]
      [GC Worker Other (ms): Min: 0.0, Avg: 0.0, Max: 0.0, Diff: 0.0, Sum: 0.1]
      [GC Worker Total (ms): Min: 17.0, Avg: 17.0, Max: 17.0, Diff: 0.0, Sum: 67.9]
      [GC Worker End (ms): Min: 98071.0, Avg: 98071.0, Max: 98071.0, Diff: 0.0]
   [Code Root Fixup: 0.0 ms]
   [Code Root Purge: 0.0 ms]
   [Clear CT: 0.3 ms]
   [Other: 1.0 ms]
      [Choose CSet: 0.1 ms]
      [Ref Proc: 0.1 ms]
      [Ref Enq: 0.0 ms]
      [Redirty Cards: 0.1 ms]
      [Humongous Register: 0.0 ms]
      [Humongous Reclaim: 0.0 ms]
      [Free CSet: 0.4 ms]
   [Eden: 44.0M(44.0M)->0.0B(44.0M) Survivors: 7168.0K->7168.0K Heap: 924.0M(1028.0M)->851.0M(1028.0M)]
 [Times: user=0.06 sys=0.00, real=0.02 secs] 
2016-06-27T20:26:35.800+0300: 98.072: Total time for which application threads were stopped: 0.0203037 seconds, Stopping threads took: 0.0013522 seconds
2016-06-27T20:26:36.177+0300: 98.449: [GC pause (G1 Evacuation Pause) (mixed)
Desired survivor size 3670016 bytes, new threshold 1 (max 15)
- age   1:    6933720 bytes,    6933720 total
, 0.0197482 secs]
   [Parallel Time: 18.7 ms, GC Workers: 4]
      [GC Worker Start (ms): Min: 98449.6, Avg: 98449.6, Max: 98449.6, Diff: 0.0]
      [Ext Root Scanning (ms): Min: 0.5, Avg: 0.5, Max: 0.6, Diff: 0.2, Sum: 2.2]
      [Update RS (ms): Min: 8.4, Avg: 8.4, Max: 8.5, Diff: 0.0, Sum: 33.8]
         [Processed Buffers: Min: 11, Avg: 16.3, Max: 27, Diff: 16, Sum: 65]
      [Scan RS (ms): Min: 2.4, Avg: 2.4, Max: 2.5, Diff: 0.0, Sum: 9.8]
      [Code Root Scanning (ms): Min: 0.0, Avg: 0.0, Max: 0.0, Diff: 0.0, Sum: 0.0]
      [Object Copy (ms): Min: 7.1, Avg: 7.2, Max: 7.2, Diff: 0.1, Sum: 28.7]
      [Termination (ms): Min: 0.0, Avg: 0.0, Max: 0.0, Diff: 0.0, Sum: 0.0]
         [Termination Attempts: Min: 1, Avg: 5.0, Max: 10, Diff: 9, Sum: 20]
      [GC Worker Other (ms): Min: 0.0, Avg: 0.0, Max: 0.0, Diff: 0.0, Sum: 0.1]
      [GC Worker Total (ms): Min: 18.6, Avg: 18.6, Max: 18.6, Diff: 0.0, Sum: 74.5]
      [GC Worker End (ms): Min: 98468.3, Avg: 98468.3, Max: 98468.3, Diff: 0.0]
   [Code Root Fixup: 0.0 ms]
   [Code Root Purge: 0.0 ms]
   [Clear CT: 0.2 ms]
   [Other: 0.8 ms]
      [Choose CSet: 0.1 ms]
      [Ref Proc: 0.1 ms]
      [Ref Enq: 0.0 ms]
      [Redirty Cards: 0.0 ms]
      [Humongous Register: 0.0 ms]
      [Humongous Reclaim: 0.0 ms]
      [Free CSet: 0.3 ms]
   [Eden: 44.0M(44.0M)->0.0B(44.0M) Survivors: 7168.0K->7168.0K Heap: 895.0M(1028.0M)->845.0M(1028.0M)]
 [Times: user=0.06 sys=0.00, real=0.02 secs] 
2016-06-27T20:26:36.197+0300: 98.469: Total time for which application threads were stopped: 0.0245255 seconds, Stopping threads took: 0.0040803 seconds
2016-06-27T20:26:36.546+0300: 98.818: [GC pause (G1 Evacuation Pause) (young)
Desired survivor size 3670016 bytes, new threshold 1 (max 15)
- age   1:    7162200 bytes,    7162200 total
, 0.0106687 secs]
   [Parallel Time: 10.0 ms, GC Workers: 4]
      [GC Worker Start (ms): Min: 98818.4, Avg: 98818.4, Max: 98818.4, Diff: 0.0]
      [Ext Root Scanning (ms): Min: 0.5, Avg: 0.5, Max: 0.6, Diff: 0.1, Sum: 2.1]
      [Update RS (ms): Min: 7.2, Avg: 7.3, Max: 7.3, Diff: 0.1, Sum: 29.0]
         [Processed Buffers: Min: 11, Avg: 15.8, Max: 23, Diff: 12, Sum: 63]
      [Scan RS (ms): Min: 0.0, Avg: 0.0, Max: 0.0, Diff: 0.0, Sum: 0.0]
      [Code Root Scanning (ms): Min: 0.0, Avg: 0.0, Max: 0.0, Diff: 0.0, Sum: 0.0]
      [Object Copy (ms): Min: 2.1, Avg: 2.2, Max: 2.2, Diff: 0.1, Sum: 8.7]
      [Termination (ms): Min: 0.0, Avg: 0.0, Max: 0.0, Diff: 0.0, Sum: 0.0]
         [Termination Attempts: Min: 1, Avg: 1.0, Max: 1, Diff: 0, Sum: 4]
      [GC Worker Other (ms): Min: 0.0, Avg: 0.0, Max: 0.0, Diff: 0.0, Sum: 0.1]
      [GC Worker Total (ms): Min: 10.0, Avg: 10.0, Max: 10.0, Diff: 0.0, Sum: 40.0]
      [GC Worker End (ms): Min: 98828.4, Avg: 98828.4, Max: 98828.4, Diff: 0.0]
   [Code Root Fixup: 0.0 ms]
   [Code Root Purge: 0.0 ms]
   [Clear CT: 0.0 ms]
   [Other: 0.6 ms]
      [Choose CSet: 0.0 ms]
      [Ref Proc: 0.1 ms]
      [Ref Enq: 0.0 ms]
      [Redirty Cards: 0.0 ms]
      [Humongous Register: 0.0 ms]
      [Humongous Reclaim: 0.0 ms]
      [Free CSet: 0.1 ms]
   [Eden: 44.0M(44.0M)->0.0B(60.0M) Survivors: 7168.0K->7168.0K Heap: 889.0M(1028.0M)->853.5M(1028.0M)]
 [Times: user=0.06 sys=0.00, real=0.01 secs] 
2016-06-27T20:26:36.557+0300: 98.829: Total time for which application threads were stopped: 0.0165340 seconds, Stopping threads took: 0.0051922 seconds
2016-06-27T20:26:37.081+0300: 99.353: [GC pause (G1 Evacuation Pause) (young) (initial-mark)
Desired survivor size 4718592 bytes, new threshold 1 (max 15)
- age   1:    6935264 bytes,    6935264 total
, 0.0047867 secs]
   [Parallel Time: 4.1 ms, GC Workers: 4]
      [GC Worker Start (ms): Min: 99352.9, Avg: 99353.0, Max: 99353.0, Diff: 0.1]
      [Ext Root Scanning (ms): Min: 0.6, Avg: 0.7, Max: 0.9, Diff: 0.2, Sum: 2.9]
      [Update RS (ms): Min: 0.6, Avg: 0.7, Max: 0.7, Diff: 0.1, Sum: 2.6]
         [Processed Buffers: Min: 14, Avg: 14.5, Max: 16, Diff: 2, Sum: 58]
      [Scan RS (ms): Min: 0.0, Avg: 0.0, Max: 0.0, Diff: 0.0, Sum: 0.0]
      [Code Root Scanning (ms): Min: 0.0, Avg: 0.0, Max: 0.0, Diff: 0.0, Sum: 0.0]
      [Object Copy (ms): Min: 2.5, Avg: 2.6, Max: 2.7, Diff: 0.2, Sum: 10.5]
      [Termination (ms): Min: 0.0, Avg: 0.0, Max: 0.0, Diff: 0.0, Sum: 0.0]
         [Termination Attempts: Min: 1, Avg: 1.0, Max: 1, Diff: 0, Sum: 4]
      [GC Worker Other (ms): Min: 0.0, Avg: 0.0, Max: 0.0, Diff: 0.0, Sum: 0.1]
      [GC Worker Total (ms): Min: 4.0, Avg: 4.0, Max: 4.1, Diff: 0.1, Sum: 16.2]
      [GC Worker End (ms): Min: 99357.0, Avg: 99357.0, Max: 99357.0, Diff: 0.0]
   [Code Root Fixup: 0.0 ms]
   [Code Root Purge: 0.0 ms]
   [Clear CT: 0.1 ms]
   [Other: 0.6 ms]
      [Choose CSet: 0.0 ms]
      [Ref Proc: 0.1 ms]
      [Ref Enq: 0.0 ms]
      [Redirty Cards: 0.0 ms]
      [Humongous Register: 0.0 ms]
      [Humongous Reclaim: 0.0 ms]
      [Free CSet: 0.1 ms]
   [Eden: 60.0M(60.0M)->0.0B(51.0M) Survivors: 7168.0K->9216.0K Heap: 913.5M(1028.0M)->864.0M(1028.0M)]
 [Times: user=0.06 sys=0.00, real=0.00 secs] 
2016-06-27T20:26:37.086+0300: 99.358: Total time for which application threads were stopped: 0.0161940 seconds, Stopping threads took: 0.0107499 seconds
2016-06-27T20:26:37.086+0300: 99.358: [GC concurrent-root-region-scan-start]
2016-06-27T20:26:37.086+0300: 99.358: [GC concurrent-root-region-scan-end, 0.0007048 secs]
2016-06-27T20:26:37.086+0300: 99.358: [GC concurrent-mark-start]
2016-06-27T20:26:37.148+0300: 99.420: [GC concurrent-mark-end, 0.0612170 secs]
2016-06-27T20:26:37.174+0300: 99.446: [GC remark 2016-06-27T20:26:37.174+0300: 99.446: [Finalize Marking, 0.0001557 secs] 2016-06-27T20:26:37.174+0300: 99.446: [GC ref-proc, 0.0000979 secs] 2016-06-27T20:26:37.174+0300: 99.446: [Unloading, 0.0012992 secs], 0.0052135 secs]
 [Times: user=0.06 sys=0.00, real=0.00 secs] 
2016-06-27T20:26:37.179+0300: 99.451: Total time for which application threads were stopped: 0.0069070 seconds, Stopping threads took: 0.0012505 seconds
2016-06-27T20:26:37.185+0300: 99.457: [GC cleanup 877M->877M(1028M), 0.0019843 secs]
 [Times: user=0.00 sys=0.00, real=0.00 secs] 
2016-06-27T20:26:37.187+0300: 99.459: Total time for which application threads were stopped: 0.0025415 seconds, Stopping threads took: 0.0000676 seconds
2016-06-27T20:26:37.324+0300: 99.596: Total time for which application threads were stopped: 0.0049291 seconds, Stopping threads took: 0.0045220 seconds
2016-06-27T20:26:37.472+0300: 99.745: [GC pause (G1 Evacuation Pause) (young)
Desired survivor size 4194304 bytes, new threshold 1 (max 15)
- age   1:    9269664 bytes,    9269664 total
, 0.0050224 secs]
   [Parallel Time: 4.5 ms, GC Workers: 4]
      [GC Worker Start (ms): Min: 99744.8, Avg: 99745.0, Max: 99745.2, Diff: 0.4]
      [Ext Root Scanning (ms): Min: 0.4, Avg: 0.6, Max: 0.8, Diff: 0.4, Sum: 2.4]
      [Update RS (ms): Min: 0.8, Avg: 0.9, Max: 1.0, Diff: 0.2, Sum: 3.6]
         [Processed Buffers: Min: 2, Avg: 12.5, Max: 20, Diff: 18, Sum: 50]
      [Scan RS (ms): Min: 0.0, Avg: 0.0, Max: 0.0, Diff: 0.0, Sum: 0.0]
      [Code Root Scanning (ms): Min: 0.0, Avg: 0.0, Max: 0.0, Diff: 0.0, Sum: 0.0]
      [Object Copy (ms): Min: 2.7, Avg: 2.7, Max: 2.8, Diff: 0.1, Sum: 10.9]
      [Termination (ms): Min: 0.0, Avg: 0.0, Max: 0.0, Diff: 0.0, Sum: 0.0]
         [Termination Attempts: Min: 1, Avg: 1.0, Max: 1, Diff: 0, Sum: 4]
      [GC Worker Other (ms): Min: 0.0, Avg: 0.0, Max: 0.0, Diff: 0.0, Sum: 0.1]
      [GC Worker Total (ms): Min: 4.1, Avg: 4.3, Max: 4.5, Diff: 0.4, Sum: 17.1]
      [GC Worker End (ms): Min: 99749.2, Avg: 99749.2, Max: 99749.2, Diff: 0.0]
   [Code Root Fixup: 0.0 ms]
   [Code Root Purge: 0.0 ms]
   [Clear CT: 0.0 ms]
   [Other: 0.5 ms]
      [Choose CSet: 0.0 ms]
      [Ref Proc: 0.0 ms]
      [Ref Enq: 0.0 ms]
      [Redirty Cards: 0.0 ms]
      [Humongous Register: 0.0 ms]
      [Humongous Reclaim: 0.0 ms]
      [Free CSet: 0.1 ms]
   [Eden: 51.0M(51.0M)->0.0B(43.0M) Survivors: 9216.0K->8192.0K Heap: 915.0M(1028.0M)->874.0M(1028.0M)]
 [Times: user=0.05 sys=0.00, real=0.01 secs] 
2016-06-27T20:26:37.478+0300: 99.750: Total time for which application threads were stopped: 0.0065106 seconds, Stopping threads took: 0.0009126 seconds
2016-06-27T20:26:37.638+0300: 99.910: Total time for which application threads were stopped: 0.0037437 seconds, Stopping threads took: 0.0034264 seconds
2016-06-27T20:26:37.822+0300: 100.094: [GC pause (G1 Evacuation Pause) (mixed)
Desired survivor size 3670016 bytes, new threshold 1 (max 15)
- age   1:    8221976 bytes,    8221976 total
, 0.0192530 secs]
   [Parallel Time: 17.9 ms, GC Workers: 4]
      [GC Worker Start (ms): Min: 100094.8, Avg: 100094.8, Max: 100094.8, Diff: 0.0]
      [Ext Root Scanning (ms): Min: 0.4, Avg: 0.5, Max: 0.6, Diff: 0.1, Sum: 2.0]
      [Update RS (ms): Min: 0.6, Avg: 0.7, Max: 0.8, Diff: 0.2, Sum: 2.7]
         [Processed Buffers: Min: 4, Avg: 5.8, Max: 7, Diff: 3, Sum: 23]
      [Scan RS (ms): Min: 3.3, Avg: 3.3, Max: 3.4, Diff: 0.1, Sum: 13.2]
      [Code Root Scanning (ms): Min: 0.0, Avg: 0.0, Max: 0.0, Diff: 0.0, Sum: 0.1]
      [Object Copy (ms): Min: 13.3, Avg: 13.4, Max: 13.4, Diff: 0.1, Sum: 53.4]
      [Termination (ms): Min: 0.0, Avg: 0.0, Max: 0.0, Diff: 0.0, Sum: 0.0]
         [Termination Attempts: Min: 1, Avg: 2.8, Max: 5, Diff: 4, Sum: 11]
      [GC Worker Other (ms): Min: 0.0, Avg: 0.0, Max: 0.0, Diff: 0.0, Sum: 0.1]
      [GC Worker Total (ms): Min: 17.9, Avg: 17.9, Max: 17.9, Diff: 0.0, Sum: 71.6]
      [GC Worker End (ms): Min: 100112.7, Avg: 100112.7, Max: 100112.7, Diff: 0.0]
   [Code Root Fixup: 0.0 ms]
   [Code Root Purge: 0.0 ms]
   [Clear CT: 0.2 ms]
   [Other: 1.1 ms]
      [Choose CSet: 0.2 ms]
      [Ref Proc: 0.0 ms]
      [Ref Enq: 0.0 ms]
      [Redirty Cards: 0.1 ms]
      [Humongous Register: 0.0 ms]
      [Humongous Reclaim: 0.0 ms]
      [Free CSet: 0.5 ms]
   [Eden: 43.0M(43.0M)->0.0B(44.0M) Survivors: 8192.0K->7168.0K Heap: 917.0M(1028.0M)->846.0M(1028.0M)]
 [Times: user=0.06 sys=0.00, real=0.02 secs] 
2016-06-27T20:26:37.842+0300: 100.114: Total time for which application threads were stopped: 0.0252697 seconds, Stopping threads took: 0.0054376 seconds
2016-06-27T20:26:37.854+0300: 100.126: Total time for which application threads were stopped: 0.0015776 seconds, Stopping threads took: 0.0012423 seconds
2016-06-27T20:26:38.115+0300: 100.387: [GC pause (G1 Evacuation Pause) (mixed)
Desired survivor size 3670016 bytes, new threshold 1 (max 15)
- age   1:    6877688 bytes,    6877688 total
, 0.0162055 secs]
   [Parallel Time: 15.4 ms, GC Workers: 4]
      [GC Worker Start (ms): Min: 100387.6, Avg: 100387.7, Max: 100387.7, Diff: 0.0]
      [Ext Root Scanning (ms): Min: 0.5, Avg: 0.6, Max: 0.6, Diff: 0.1, Sum: 2.2]
      [Update RS (ms): Min: 9.8, Avg: 9.9, Max: 10.1, Diff: 0.3, Sum: 39.5]
         [Processed Buffers: Min: 11, Avg: 14.0, Max: 17, Diff: 6, Sum: 56]
      [Scan RS (ms): Min: 1.0, Avg: 1.1, Max: 1.3, Diff: 0.3, Sum: 4.6]
      [Code Root Scanning (ms): Min: 0.0, Avg: 0.0, Max: 0.0, Diff: 0.0, Sum: 0.0]
      [Object Copy (ms): Min: 3.7, Avg: 3.7, Max: 3.8, Diff: 0.1, Sum: 15.0]
      [Termination (ms): Min: 0.0, Avg: 0.0, Max: 0.0, Diff: 0.0, Sum: 0.0]
         [Termination Attempts: Min: 1, Avg: 1.0, Max: 1, Diff: 0, Sum: 4]
      [GC Worker Other (ms): Min: 0.0, Avg: 0.0, Max: 0.0, Diff: 0.0, Sum: 0.0]
      [GC Worker Total (ms): Min: 15.3, Avg: 15.3, Max: 15.3, Diff: 0.0, Sum: 61.3]
      [GC Worker End (ms): Min: 100403.0, Avg: 100403.0, Max: 100403.0, Diff: 0.0]
   [Code Root Fixup: 0.0 ms]
   [Code Root Purge: 0.0 ms]
   [Clear CT: 0.2 ms]
   [Other: 0.6 ms]
      [Choose CSet: 0.1 ms]
      [Ref Proc: 0.1 ms]
      [Ref Enq: 0.0 ms]
      [Redirty Cards: 0.1 ms]
      [Humongous Register: 0.0 ms]
      [Humongous Reclaim: 0.0 ms]
      [Free CSet: 0.1 ms]
   [Eden: 44.0M(44.0M)->0.0B(44.0M) Survivors: 7168.0K->7168.0K Heap: 890.0M(1028.0M)->849.0M(1028.0M)]
 [Times: user=0.06 sys=0.00, real=0.02 secs] 
2016-06-27T20:26:38.132+0300: 100.404: Total time for which application threads were stopped: 0.0212925 seconds, Stopping threads took: 0.0044763 seconds
2016-06-27T20:26:38.515+0300: 100.787: [GC pause (G1 Evacuation Pause) (young)
Desired survivor size 3670016 bytes, new threshold 1 (max 15)
- age   1:    7129624 bytes,    7129624 total
, 0.0074587 secs]
   [Parallel Time: 6.9 ms, GC Workers: 4]
      [GC Worker Start (ms): Min: 100787.0, Avg: 100787.0, Max: 100787.0, Diff: 0.0]
      [Ext Root Scanning (ms): Min: 0.5, Avg: 0.5, Max: 0.6, Diff: 0.1, Sum: 2.0]
      [Update RS (ms): Min: 4.0, Avg: 4.3, Max: 4.6, Diff: 0.6, Sum: 17.1]
         [Processed Buffers: Min: 4, Avg: 10.3, Max: 28, Diff: 24, Sum: 41]
      [Scan RS (ms): Min: 0.0, Avg: 0.0, Max: 0.0, Diff: 0.0, Sum: 0.0]
      [Code Root Scanning (ms): Min: 0.0, Avg: 0.0, Max: 0.0, Diff: 0.0, Sum: 0.0]
      [Object Copy (ms): Min: 1.7, Avg: 2.0, Max: 2.2, Diff: 0.5, Sum: 8.2]
      [Termination (ms): Min: 0.0, Avg: 0.0, Max: 0.0, Diff: 0.0, Sum: 0.0]
         [Termination Attempts: Min: 1, Avg: 1.0, Max: 1, Diff: 0, Sum: 4]
      [GC Worker Other (ms): Min: 0.0, Avg: 0.0, Max: 0.0, Diff: 0.0, Sum: 0.0]
      [GC Worker Total (ms): Min: 6.8, Avg: 6.8, Max: 6.8, Diff: 0.0, Sum: 27.3]
      [GC Worker End (ms): Min: 100793.8, Avg: 100793.8, Max: 100793.8, Diff: 0.0]
   [Code Root Fixup: 0.0 ms]
   [Code Root Purge: 0.0 ms]
   [Clear CT: 0.0 ms]
   [Other: 0.6 ms]
      [Choose CSet: 0.0 ms]
      [Ref Proc: 0.1 ms]
      [Ref Enq: 0.0 ms]
      [Redirty Cards: 0.0 ms]
      [Humongous Register: 0.0 ms]
      [Humongous Reclaim: 0.0 ms]
      [Free CSet: 0.1 ms]
   [Eden: 44.0M(44.0M)->0.0B(57.0M) Survivors: 7168.0K->7168.0K Heap: 893.0M(1028.0M)->857.5M(1028.0M)]
 [Times: user=0.06 sys=0.00, real=0.01 secs] 
2016-06-27T20:26:38.522+0300: 100.794: Total time for which application threads were stopped: 0.0172058 seconds, Stopping threads took: 0.0091304 seconds
2016-06-27T20:26:39.010+0300: 101.282: [GC pause (G1 Evacuation Pause) (young) (initial-mark)
Desired survivor size 4194304 bytes, new threshold 1 (max 15)
- age   1:    7127344 bytes,    7127344 total
, 0.0044369 secs]
   [Parallel Time: 3.8 ms, GC Workers: 4]
      [GC Worker Start (ms): Min: 101282.6, Avg: 101282.6, Max: 101282.6, Diff: 0.0]
      [Ext Root Scanning (ms): Min: 0.5, Avg: 0.5, Max: 0.7, Diff: 0.2, Sum: 2.1]
      [Update RS (ms): Min: 0.5, Avg: 0.6, Max: 0.6, Diff: 0.2, Sum: 2.3]
         [Processed Buffers: Min: 2, Avg: 12.0, Max: 18, Diff: 16, Sum: 48]
      [Scan RS (ms): Min: 0.0, Avg: 0.0, Max: 0.0, Diff: 0.0, Sum: 0.0]
      [Code Root Scanning (ms): Min: 0.0, Avg: 0.0, Max: 0.0, Diff: 0.0, Sum: 0.0]
      [Object Copy (ms): Min: 2.5, Avg: 2.6, Max: 2.6, Diff: 0.1, Sum: 10.3]
      [Termination (ms): Min: 0.0, Avg: 0.0, Max: 0.0, Diff: 0.0, Sum: 0.0]
         [Termination Attempts: Min: 1, Avg: 1.0, Max: 1, Diff: 0, Sum: 4]
      [GC Worker Other (ms): Min: 0.0, Avg: 0.0, Max: 0.0, Diff: 0.0, Sum: 0.1]
      [GC Worker Total (ms): Min: 3.7, Avg: 3.7, Max: 3.7, Diff: 0.0, Sum: 14.9]
      [GC Worker End (ms): Min: 101286.3, Avg: 101286.3, Max: 101286.3, Diff: 0.0]
   [Code Root Fixup: 0.0 ms]
   [Code Root Purge: 0.0 ms]
   [Clear CT: 0.0 ms]
   [Other: 0.6 ms]
      [Choose CSet: 0.0 ms]
      [Ref Proc: 0.1 ms]
      [Ref Enq: 0.0 ms]
      [Redirty Cards: 0.1 ms]
      [Humongous Register: 0.0 ms]
      [Humongous Reclaim: 0.0 ms]
      [Free CSet: 0.1 ms]
   [Eden: 57.0M(57.0M)->0.0B(48.0M) Survivors: 7168.0K->8192.0K Heap: 914.5M(1028.0M)->867.5M(1028.0M)]
 [Times: user=0.00 sys=0.00, real=0.01 secs] 
2016-06-27T20:26:39.015+0300: 101.287: [GC concurrent-root-region-scan-start]
2016-06-27T20:26:39.015+0300: 101.287: Total time for which application threads were stopped: 0.0131940 seconds, Stopping threads took: 0.0081169 seconds
2016-06-27T20:26:39.016+0300: 101.288: [GC concurrent-root-region-scan-end, 0.0006804 secs]
2016-06-27T20:26:39.016+0300: 101.288: [GC concurrent-mark-start]
2016-06-27T20:26:39.080+0300: 101.352: [GC concurrent-mark-end, 0.0632591 secs]
2016-06-27T20:26:39.113+0300: 101.385: [GC remark 2016-06-27T20:26:39.113+0300: 101.385: [Finalize Marking, 0.0001711 secs] 2016-06-27T20:26:39.113+0300: 101.385: [GC ref-proc, 0.0001001 secs] 2016-06-27T20:26:39.113+0300: 101.385: [Unloading, 0.0014078 secs], 0.0053645 secs]
 [Times: user=0.06 sys=0.00, real=0.01 secs] 
2016-06-27T20:26:39.118+0300: 101.390: Total time for which application threads were stopped: 0.0089521 seconds, Stopping threads took: 0.0031518 seconds
2016-06-27T20:26:39.152+0300: 101.424: [GC cleanup 884M->884M(1028M), 0.0018372 secs]
 [Times: user=0.00 sys=0.00, real=0.00 secs] 
2016-06-27T20:26:39.154+0300: 101.426: Total time for which application threads were stopped: 0.0039135 seconds, Stopping threads took: 0.0016063 seconds
2016-06-27T20:26:39.417+0300: 101.689: [GC pause (G1 Evacuation Pause) (young)
Desired survivor size 3670016 bytes, new threshold 1 (max 15)
- age   1:    8258744 bytes,    8258744 total
, 0.0039421 secs]
   [Parallel Time: 3.4 ms, GC Workers: 4]
      [GC Worker Start (ms): Min: 101689.2, Avg: 101689.2, Max: 101689.2, Diff: 0.0]
      [Ext Root Scanning (ms): Min: 0.4, Avg: 0.5, Max: 0.6, Diff: 0.2, Sum: 2.0]
      [Update RS (ms): Min: 0.3, Avg: 0.4, Max: 0.4, Diff: 0.1, Sum: 1.4]
         [Processed Buffers: Min: 1, Avg: 5.5, Max: 14, Diff: 13, Sum: 22]
      [Scan RS (ms): Min: 0.0, Avg: 0.0, Max: 0.0, Diff: 0.0, Sum: 0.0]
      [Code Root Scanning (ms): Min: 0.0, Avg: 0.0, Max: 0.0, Diff: 0.0, Sum: 0.0]
      [Object Copy (ms): Min: 2.4, Avg: 2.4, Max: 2.5, Diff: 0.0, Sum: 9.8]
      [Termination (ms): Min: 0.0, Avg: 0.0, Max: 0.0, Diff: 0.0, Sum: 0.0]
         [Termination Attempts: Min: 1, Avg: 1.0, Max: 1, Diff: 0, Sum: 4]
      [GC Worker Other (ms): Min: 0.0, Avg: 0.0, Max: 0.0, Diff: 0.0, Sum: 0.1]
      [GC Worker Total (ms): Min: 3.3, Avg: 3.3, Max: 3.3, Diff: 0.0, Sum: 13.3]
      [GC Worker End (ms): Min: 101692.5, Avg: 101692.5, Max: 101692.5, Diff: 0.0]
   [Code Root Fixup: 0.0 ms]
   [Code Root Purge: 0.0 ms]
   [Clear CT: 0.0 ms]
   [Other: 0.5 ms]
      [Choose CSet: 0.0 ms]
      [Ref Proc: 0.1 ms]
      [Ref Enq: 0.0 ms]
      [Redirty Cards: 0.0 ms]
      [Humongous Register: 0.0 ms]
      [Humongous Reclaim: 0.0 ms]
      [Free CSet: 0.1 ms]
   [Eden: 48.0M(48.0M)->0.0B(44.0M) Survivors: 8192.0K->7168.0K Heap: 915.5M(1028.0M)->877.5M(1028.0M)]
 [Times: user=0.00 sys=0.00, real=0.00 secs] 
2016-06-27T20:26:39.421+0300: 101.693: Total time for which application threads were stopped: 0.0059260 seconds, Stopping threads took: 0.0013959 seconds
2016-06-27T20:26:39.798+0300: 102.069: [GC pause (G1 Evacuation Pause) (mixed)
Desired survivor size 3670016 bytes, new threshold 1 (max 15)
- age   1:    6927048 bytes,    6927048 total
, 0.0164463 secs]
   [Parallel Time: 15.2 ms, GC Workers: 4]
      [GC Worker Start (ms): Min: 102069.8, Avg: 102069.8, Max: 102069.8, Diff: 0.0]
      [Ext Root Scanning (ms): Min: 0.5, Avg: 0.5, Max: 0.6, Diff: 0.2, Sum: 2.0]
      [Update RS (ms): Min: 0.5, Avg: 0.5, Max: 0.5, Diff: 0.1, Sum: 1.9]
         [Processed Buffers: Min: 1, Avg: 8.5, Max: 16, Diff: 15, Sum: 34]
      [Scan RS (ms): Min: 3.2, Avg: 3.2, Max: 3.2, Diff: 0.1, Sum: 12.8]
      [Code Root Scanning (ms): Min: 0.0, Avg: 0.0, Max: 0.0, Diff: 0.0, Sum: 0.0]
      [Object Copy (ms): Min: 10.9, Avg: 10.9, Max: 11.0, Diff: 0.1, Sum: 43.7]
      [Termination (ms): Min: 0.0, Avg: 0.0, Max: 0.0, Diff: 0.0, Sum: 0.0]
         [Termination Attempts: Min: 1, Avg: 3.0, Max: 6, Diff: 5, Sum: 12]
      [GC Worker Other (ms): Min: 0.0, Avg: 0.0, Max: 0.0, Diff: 0.0, Sum: 0.1]
      [GC Worker Total (ms): Min: 15.1, Avg: 15.1, Max: 15.1, Diff: 0.0, Sum: 60.5]
      [GC Worker End (ms): Min: 102084.9, Avg: 102084.9, Max: 102084.9, Diff: 0.0]
   [Code Root Fixup: 0.0 ms]
   [Code Root Purge: 0.0 ms]
   [Clear CT: 0.2 ms]
   [Other: 1.1 ms]
      [Choose CSet: 0.2 ms]
      [Ref Proc: 0.0 ms]
      [Ref Enq: 0.0 ms]
      [Redirty Cards: 0.0 ms]
      [Humongous Register: 0.0 ms]
      [Humongous Reclaim: 0.0 ms]
      [Free CSet: 0.5 ms]
   [Eden: 44.0M(44.0M)->0.0B(44.0M) Survivors: 7168.0K->7168.0K Heap: 921.5M(1028.0M)->851.0M(1028.0M)]
 [Times: user=0.06 sys=0.00, real=0.02 secs] 
2016-06-27T20:26:39.814+0300: 102.086: Total time for which application threads were stopped: 0.0202156 seconds, Stopping threads took: 0.0030945 seconds
2016-06-27T20:26:40.187+0300: 102.459: [GC pause (G1 Evacuation Pause) (young)
Desired survivor size 3670016 bytes, new threshold 1 (max 15)
- age   1:    7073720 bytes,    7073720 total
, 0.0115616 secs]
   [Parallel Time: 10.9 ms, GC Workers: 4]
      [GC Worker Start (ms): Min: 102459.0, Avg: 102459.1, Max: 102459.1, Diff: 0.0]
      [Ext Root Scanning (ms): Min: 0.4, Avg: 0.5, Max: 0.6, Diff: 0.2, Sum: 2.0]
      [Update RS (ms): Min: 8.0, Avg: 8.3, Max: 8.8, Diff: 0.8, Sum: 33.2]
         [Processed Buffers: Min: 9, Avg: 13.5, Max: 19, Diff: 10, Sum: 54]
      [Scan RS (ms): Min: 0.0, Avg: 0.0, Max: 0.0, Diff: 0.0, Sum: 0.0]
      [Code Root Scanning (ms): Min: 0.0, Avg: 0.0, Max: 0.0, Diff: 0.0, Sum: 0.0]
      [Object Copy (ms): Min: 1.6, Avg: 2.0, Max: 2.2, Diff: 0.6, Sum: 8.1]
      [Termination (ms): Min: 0.0, Avg: 0.0, Max: 0.0, Diff: 0.0, Sum: 0.0]
         [Termination Attempts: Min: 1, Avg: 1.0, Max: 1, Diff: 0, Sum: 4]
      [GC Worker Other (ms): Min: 0.0, Avg: 0.0, Max: 0.0, Diff: 0.0, Sum: 0.0]
      [GC Worker Total (ms): Min: 10.8, Avg: 10.8, Max: 10.9, Diff: 0.0, Sum: 43.4]
      [GC Worker End (ms): Min: 102469.9, Avg: 102469.9, Max: 102469.9, Diff: 0.0]
   [Code Root Fixup: 0.0 ms]
   [Code Root Purge: 0.0 ms]
   [Clear CT: 0.1 ms]
   [Other: 0.6 ms]
      [Choose CSet: 0.0 ms]
      [Ref Proc: 0.1 ms]
      [Ref Enq: 0.0 ms]
      [Redirty Cards: 0.0 ms]
      [Humongous Register: 0.0 ms]
      [Humongous Reclaim: 0.0 ms]
      [Free CSet: 0.1 ms]
   [Eden: 44.0M(44.0M)->0.0B(54.0M) Survivors: 7168.0K->7168.0K Heap: 895.0M(1028.0M)->859.5M(1028.0M)]
 [Times: user=0.06 sys=0.00, real=0.01 secs] 
2016-06-27T20:26:40.198+0300: 102.471: Total time for which application threads were stopped: 0.0147507 seconds, Stopping threads took: 0.0025779 seconds
2016-06-27T20:26:40.669+0300: 102.941: [GC pause (G1 Evacuation Pause) (young) (initial-mark)
Desired survivor size 4194304 bytes, new threshold 1 (max 15)
- age   1:    6985496 bytes,    6985496 total
, 0.0044874 secs]
   [Parallel Time: 3.8 ms, GC Workers: 4]
      [GC Worker Start (ms): Min: 102941.7, Avg: 102941.7, Max: 102941.7, Diff: 0.0]
      [Ext Root Scanning (ms): Min: 0.5, Avg: 0.6, Max: 0.8, Diff: 0.3, Sum: 2.4]
      [Update RS (ms): Min: 0.5, Avg: 0.7, Max: 0.8, Diff: 0.3, Sum: 2.7]
         [Processed Buffers: Min: 8, Avg: 11.8, Max: 20, Diff: 12, Sum: 47]
      [Scan RS (ms): Min: 0.0, Avg: 0.0, Max: 0.0, Diff: 0.0, Sum: 0.0]
      [Code Root Scanning (ms): Min: 0.0, Avg: 0.0, Max: 0.0, Diff: 0.0, Sum: 0.0]
      [Object Copy (ms): Min: 2.4, Avg: 2.5, Max: 2.5, Diff: 0.2, Sum: 9.9]
      [Termination (ms): Min: 0.0, Avg: 0.0, Max: 0.0, Diff: 0.0, Sum: 0.0]
         [Termination Attempts: Min: 1, Avg: 1.0, Max: 1, Diff: 0, Sum: 4]
      [GC Worker Other (ms): Min: 0.0, Avg: 0.0, Max: 0.0, Diff: 0.0, Sum: 0.1]
      [GC Worker Total (ms): Min: 3.8, Avg: 3.8, Max: 3.8, Diff: 0.0, Sum: 15.1]
      [GC Worker End (ms): Min: 102945.5, Avg: 102945.5, Max: 102945.5, Diff: 0.0]
   [Code Root Fixup: 0.0 ms]
   [Code Root Purge: 0.0 ms]
   [Clear CT: 0.0 ms]
   [Other: 0.6 ms]
      [Choose CSet: 0.0 ms]
      [Ref Proc: 0.0 ms]
      [Ref Enq: 0.0 ms]
      [Redirty Cards: 0.0 ms]
      [Humongous Register: 0.0 ms]
      [Humongous Reclaim: 0.0 ms]
      [Free CSet: 0.1 ms]
   [Eden: 54.0M(54.0M)->0.0B(46.0M) Survivors: 7168.0K->8192.0K Heap: 913.5M(1028.0M)->870.0M(1028.0M)]
 [Times: user=0.00 sys=0.00, real=0.01 secs] 
2016-06-27T20:26:40.674+0300: 102.946: [GC concurrent-root-region-scan-start]
2016-06-27T20:26:40.674+0300: 102.946: Total time for which application threads were stopped: 0.0112721 seconds, Stopping threads took: 0.0061377 seconds
2016-06-27T20:26:40.675+0300: 102.947: [GC concurrent-root-region-scan-end, 0.0008728 secs]
2016-06-27T20:26:40.675+0300: 102.947: [GC concurrent-mark-start]
2016-06-27T20:26:40.730+0300: 103.002: [GC concurrent-mark-end, 0.0535795 secs]
2016-06-27T20:26:40.758+0300: 103.030: [GC remark 2016-06-27T20:26:40.758+0300: 103.030: [Finalize Marking, 0.0002433 secs] 2016-06-27T20:26:40.759+0300: 103.031: [GC ref-proc, 0.0001014 secs] 2016-06-27T20:26:40.759+0300: 103.031: [Unloading, 0.0014014 secs], 0.0054765 secs]
 [Times: user=0.00 sys=0.00, real=0.01 secs] 
2016-06-27T20:26:40.764+0300: 103.036: Total time for which application threads were stopped: 0.0088503 seconds, Stopping threads took: 0.0028935 seconds
2016-06-27T20:26:41.044+0300: 103.316: [GC pause (G1 Evacuation Pause) (young)
Desired survivor size 3670016 bytes, new threshold 1 (max 15)
- age   1:    8256288 bytes,    8256288 total
, 0.0042577 secs]
   [Parallel Time: 3.7 ms, GC Workers: 4]
      [GC Worker Start (ms): Min: 103316.6, Avg: 103316.6, Max: 103316.6, Diff: 0.0]
      [Ext Root Scanning (ms): Min: 0.5, Avg: 0.5, Max: 0.6, Diff: 0.1, Sum: 2.0]
      [Update RS (ms): Min: 0.6, Avg: 0.8, Max: 0.9, Diff: 0.2, Sum: 3.2]
         [Processed Buffers: Min: 2, Avg: 5.3, Max: 12, Diff: 10, Sum: 21]
      [Scan RS (ms): Min: 0.0, Avg: 0.0, Max: 0.0, Diff: 0.0, Sum: 0.0]
      [Code Root Scanning (ms): Min: 0.0, Avg: 0.0, Max: 0.0, Diff: 0.0, Sum: 0.0]
      [Object Copy (ms): Min: 2.3, Avg: 2.4, Max: 2.4, Diff: 0.1, Sum: 9.5]
      [Termination (ms): Min: 0.0, Avg: 0.0, Max: 0.0, Diff: 0.0, Sum: 0.0]
         [Termination Attempts: Min: 1, Avg: 1.0, Max: 1, Diff: 0, Sum: 4]
      [GC Worker Other (ms): Min: 0.0, Avg: 0.0, Max: 0.0, Diff: 0.0, Sum: 0.1]
      [GC Worker Total (ms): Min: 3.7, Avg: 3.7, Max: 3.7, Diff: 0.0, Sum: 14.8]
      [GC Worker End (ms): Min: 103320.3, Avg: 103320.3, Max: 103320.3, Diff: 0.0]
   [Code Root Fixup: 0.0 ms]
   [Code Root Purge: 0.0 ms]
   [Clear CT: 0.0 ms]
   [Other: 0.5 ms]
      [Choose CSet: 0.0 ms]
      [Ref Proc: 0.1 ms]
      [Ref Enq: 0.0 ms]
      [Redirty Cards: 0.0 ms]
      [Humongous Register: 0.0 ms]
      [Humongous Reclaim: 0.0 ms]
      [Free CSet: 0.1 ms]
   [Eden: 46.0M(46.0M)->0.0B(44.0M) Survivors: 8192.0K->7168.0K Heap: 916.0M(1028.0M)->878.5M(1028.0M)]
 [Times: user=0.00 sys=0.00, real=0.01 secs] 
2016-06-27T20:26:41.049+0300: 103.321: Total time for which application threads were stopped: 0.0063404 seconds, Stopping threads took: 0.0014831 seconds
2016-06-27T20:26:41.049+0300: 103.321: [GC cleanup 878M->878M(1028M), 0.0018133 secs]
 [Times: user=0.00 sys=0.00, real=0.00 secs] 
2016-06-27T20:26:41.051+0300: 103.323: Total time for which application threads were stopped: 0.0023162 seconds, Stopping threads took: 0.0000646 seconds
2016-06-27T20:26:41.429+0300: 103.701: [GC pause (G1 Evacuation Pause) (young)
Desired survivor size 3670016 bytes, new threshold 1 (max 15)
- age   1:    7002320 bytes,    7002320 total
, 0.0042085 secs]
   [Parallel Time: 3.7 ms, GC Workers: 4]
      [GC Worker Start (ms): Min: 103700.8, Avg: 103700.8, Max: 103700.8, Diff: 0.0]
      [Ext Root Scanning (ms): Min: 0.5, Avg: 0.5, Max: 0.6, Diff: 0.1, Sum: 2.0]
      [Update RS (ms): Min: 0.9, Avg: 1.0, Max: 1.1, Diff: 0.1, Sum: 4.1]
         [Processed Buffers: Min: 3, Avg: 9.3, Max: 16, Diff: 13, Sum: 37]
      [Scan RS (ms): Min: 0.0, Avg: 0.0, Max: 0.0, Diff: 0.0, Sum: 0.0]
      [Code Root Scanning (ms): Min: 0.0, Avg: 0.0, Max: 0.0, Diff: 0.0, Sum: 0.0]
      [Object Copy (ms): Min: 2.0, Avg: 2.1, Max: 2.2, Diff: 0.3, Sum: 8.5]
      [Termination (ms): Min: 0.0, Avg: 0.0, Max: 0.0, Diff: 0.0, Sum: 0.0]
         [Termination Attempts: Min: 1, Avg: 1.0, Max: 1, Diff: 0, Sum: 4]
      [GC Worker Other (ms): Min: 0.0, Avg: 0.0, Max: 0.0, Diff: 0.0, Sum: 0.1]
      [GC Worker Total (ms): Min: 3.7, Avg: 3.7, Max: 3.7, Diff: 0.0, Sum: 14.7]
      [GC Worker End (ms): Min: 103704.5, Avg: 103704.5, Max: 103704.5, Diff: 0.0]
   [Code Root Fixup: 0.0 ms]
   [Code Root Purge: 0.0 ms]
   [Clear CT: 0.0 ms]
   [Other: 0.5 ms]
      [Choose CSet: 0.0 ms]
      [Ref Proc: 0.0 ms]
      [Ref Enq: 0.0 ms]
      [Redirty Cards: 0.0 ms]
      [Humongous Register: 0.0 ms]
      [Humongous Reclaim: 0.0 ms]
      [Free CSet: 0.1 ms]
   [Eden: 44.0M(44.0M)->0.0B(44.0M) Survivors: 7168.0K->7168.0K Heap: 922.5M(1028.0M)->887.0M(1028.0M)]
 [Times: user=0.00 sys=0.00, real=0.00 secs] 
2016-06-27T20:26:41.433+0300: 103.705: Total time for which application threads were stopped: 0.0076170 seconds, Stopping threads took: 0.0027994 seconds
2016-06-27T20:26:41.811+0300: 104.083: [GC pause (G1 Evacuation Pause) (mixed)
Desired survivor size 3670016 bytes, new threshold 1 (max 15)
- age   1:    7062160 bytes,    7062160 total
, 0.0145167 secs]
   [Parallel Time: 13.3 ms, GC Workers: 4]
      [GC Worker Start (ms): Min: 104083.3, Avg: 104083.3, Max: 104083.4, Diff: 0.1]
      [Ext Root Scanning (ms): Min: 0.5, Avg: 0.6, Max: 0.6, Diff: 0.1, Sum: 2.4]
      [Update RS (ms): Min: 0.7, Avg: 0.7, Max: 0.8, Diff: 0.1, Sum: 2.9]
         [Processed Buffers: Min: 5, Avg: 9.8, Max: 15, Diff: 10, Sum: 39]
      [Scan RS (ms): Min: 2.6, Avg: 2.6, Max: 2.7, Diff: 0.1, Sum: 10.5]
      [Code Root Scanning (ms): Min: 0.0, Avg: 0.0, Max: 0.0, Diff: 0.0, Sum: 0.0]
      [Object Copy (ms): Min: 9.2, Avg: 9.2, Max: 9.3, Diff: 0.1, Sum: 36.9]
      [Termination (ms): Min: 0.0, Avg: 0.0, Max: 0.0, Diff: 0.0, Sum: 0.0]
         [Termination Attempts: Min: 1, Avg: 1.0, Max: 1, Diff: 0, Sum: 4]
      [GC Worker Other (ms): Min: 0.0, Avg: 0.0, Max: 0.0, Diff: 0.0, Sum: 0.1]
      [GC Worker Total (ms): Min: 13.2, Avg: 13.2, Max: 13.2, Diff: 0.1, Sum: 52.9]
      [GC Worker End (ms): Min: 104096.6, Avg: 104096.6, Max: 104096.6, Diff: 0.0]
   [Code Root Fixup: 0.0 ms]
   [Code Root Purge: 0.0 ms]
   [Clear CT: 0.2 ms]
   [Other: 1.0 ms]
      [Choose CSet: 0.1 ms]
      [Ref Proc: 0.1 ms]
      [Ref Enq: 0.0 ms]
      [Redirty Cards: 0.0 ms]
      [Humongous Register: 0.0 ms]
      [Humongous Reclaim: 0.0 ms]
      [Free CSet: 0.3 ms]
   [Eden: 44.0M(44.0M)->0.0B(47.0M) Survivors: 7168.0K->7168.0K Heap: 931.0M(1028.0M)->868.5M(1028.0M)]
 [Times: user=0.06 sys=0.00, real=0.01 secs] 
2016-06-27T20:26:41.825+0300: 104.098: Total time for which application threads were stopped: 0.0173179 seconds, Stopping threads took: 0.0021768 seconds
2016-06-27T20:26:42.232+0300: 104.504: [GC pause (G1 Evacuation Pause) (young)
Desired survivor size 3670016 bytes, new threshold 1 (max 15)
- age   1:    7188024 bytes,    7188024 total
, 0.0112409 secs]
   [Parallel Time: 10.7 ms, GC Workers: 4]
      [GC Worker Start (ms): Min: 104504.0, Avg: 104504.0, Max: 104504.0, Diff: 0.0]
      [Ext Root Scanning (ms): Min: 0.5, Avg: 0.5, Max: 0.6, Diff: 0.1, Sum: 2.1]
      [Update RS (ms): Min: 7.8, Avg: 7.9, Max: 8.0, Diff: 0.3, Sum: 31.6]
         [Processed Buffers: Min: 9, Avg: 13.3, Max: 19, Diff: 10, Sum: 53]
      [Scan RS (ms): Min: 0.0, Avg: 0.0, Max: 0.0, Diff: 0.0, Sum: 0.0]
      [Code Root Scanning (ms): Min: 0.0, Avg: 0.0, Max: 0.0, Diff: 0.0, Sum: 0.0]
      [Object Copy (ms): Min: 2.1, Avg: 2.2, Max: 2.3, Diff: 0.2, Sum: 8.8]
      [Termination (ms): Min: 0.0, Avg: 0.0, Max: 0.0, Diff: 0.0, Sum: 0.0]
         [Termination Attempts: Min: 1, Avg: 1.0, Max: 1, Diff: 0, Sum: 4]
      [GC Worker Other (ms): Min: 0.0, Avg: 0.0, Max: 0.0, Diff: 0.0, Sum: 0.1]
      [GC Worker Total (ms): Min: 10.6, Avg: 10.6, Max: 10.7, Diff: 0.0, Sum: 42.6]
      [GC Worker End (ms): Min: 104514.6, Avg: 104514.6, Max: 104514.6, Diff: 0.0]
   [Code Root Fixup: 0.0 ms]
   [Code Root Purge: 0.0 ms]
   [Clear CT: 0.0 ms]
   [Other: 0.5 ms]
      [Choose CSet: 0.0 ms]
      [Ref Proc: 0.1 ms]
      [Ref Enq: 0.0 ms]
      [Redirty Cards: 0.0 ms]
      [Humongous Register: 0.0 ms]
      [Humongous Reclaim: 0.0 ms]
      [Free CSet: 0.1 ms]
   [Eden: 47.0M(47.0M)->0.0B(44.0M) Survivors: 7168.0K->7168.0K Heap: 915.5M(1028.0M)->877.0M(1028.0M)]
 [Times: user=0.06 sys=0.00, real=0.01 secs] 
2016-06-27T20:26:42.243+0300: 104.515: Total time for which application threads were stopped: 0.0157655 seconds, Stopping threads took: 0.0038686 seconds
2016-06-27T20:26:42.626+0300: 104.898: [GC pause (G1 Evacuation Pause) (young) (initial-mark)
Desired survivor size 3670016 bytes, new threshold 1 (max 15)
- age   1:    7160800 bytes,    7160800 total
, 0.0045293 secs]
   [Parallel Time: 3.8 ms, GC Workers: 4]
      [GC Worker Start (ms): Min: 104897.9, Avg: 104897.9, Max: 104897.9, Diff: 0.0]
      [Ext Root Scanning (ms): Min: 0.6, Avg: 0.6, Max: 0.6, Diff: 0.1, Sum: 2.4]
      [Update RS (ms): Min: 0.8, Avg: 0.9, Max: 1.0, Diff: 0.2, Sum: 3.5]
         [Processed Buffers: Min: 9, Avg: 11.8, Max: 14, Diff: 5, Sum: 47]
      [Scan RS (ms): Min: 0.0, Avg: 0.0, Max: 0.0, Diff: 0.0, Sum: 0.0]
      [Code Root Scanning (ms): Min: 0.0, Avg: 0.0, Max: 0.0, Diff: 0.0, Sum: 0.0]
      [Object Copy (ms): Min: 2.1, Avg: 2.3, Max: 2.3, Diff: 0.2, Sum: 9.1]
      [Termination (ms): Min: 0.0, Avg: 0.0, Max: 0.0, Diff: 0.0, Sum: 0.0]
         [Termination Attempts: Min: 1, Avg: 1.0, Max: 1, Diff: 0, Sum: 4]
      [GC Worker Other (ms): Min: 0.0, Avg: 0.0, Max: 0.0, Diff: 0.0, Sum: 0.1]
      [GC Worker Total (ms): Min: 3.8, Avg: 3.8, Max: 3.8, Diff: 0.0, Sum: 15.1]
      [GC Worker End (ms): Min: 104901.7, Avg: 104901.7, Max: 104901.7, Diff: 0.0]
   [Code Root Fixup: 0.0 ms]
   [Code Root Purge: 0.0 ms]
   [Clear CT: 0.0 ms]
   [Other: 0.7 ms]
      [Choose CSet: 0.0 ms]
      [Ref Proc: 0.1 ms]
      [Ref Enq: 0.0 ms]
      [Redirty Cards: 0.1 ms]
      [Humongous Register: 0.0 ms]
      [Humongous Reclaim: 0.0 ms]
      [Free CSet: 0.1 ms]
   [Eden: 44.0M(44.0M)->0.0B(44.0M) Survivors: 7168.0K->7168.0K Heap: 921.0M(1028.0M)->885.5M(1028.0M)]
 [Times: user=0.06 sys=0.00, real=0.00 secs] 
2016-06-27T20:26:42.630+0300: 104.902: [GC concurrent-root-region-scan-start]
2016-06-27T20:26:42.630+0300: 104.902: Total time for which application threads were stopped: 0.0065136 seconds, Stopping threads took: 0.0012919 seconds
2016-06-27T20:26:42.631+0300: 104.903: [GC concurrent-root-region-scan-end, 0.0007274 secs]
2016-06-27T20:26:42.631+0300: 104.903: [GC concurrent-mark-start]
2016-06-27T20:26:42.689+0300: 104.961: [GC concurrent-mark-end, 0.0555968 secs]
2016-06-27T20:26:42.722+0300: 104.994: [GC remark 2016-06-27T20:26:42.722+0300: 104.994: [Finalize Marking, 0.0001877 secs] 2016-06-27T20:26:42.722+0300: 104.994: [GC ref-proc, 0.0001321 secs] 2016-06-27T20:26:42.722+0300: 104.994: [Unloading, 0.0014510 secs], 0.0054509 secs]
 [Times: user=0.06 sys=0.00, real=0.01 secs] 
2016-06-27T20:26:42.727+0300: 104.999: Total time for which application threads were stopped: 0.0085471 seconds, Stopping threads took: 0.0025865 seconds
2016-06-27T20:26:42.761+0300: 105.033: [GC cleanup 902M->902M(1028M), 0.0018667 secs]
 [Times: user=0.00 sys=0.00, real=0.00 secs] 
2016-06-27T20:26:42.763+0300: 105.035: Total time for which application threads were stopped: 0.0041431 seconds, Stopping threads took: 0.0017423 seconds
2016-06-27T20:26:42.984+0300: 105.256: [GC pause (G1 Evacuation Pause) (young)
Desired survivor size 3670016 bytes, new threshold 1 (max 15)
- age   1:    7118856 bytes,    7118856 total
, 0.0041358 secs]
   [Parallel Time: 3.6 ms, GC Workers: 4]
      [GC Worker Start (ms): Min: 105256.5, Avg: 105256.5, Max: 105256.5, Diff: 0.0]
      [Ext Root Scanning (ms): Min: 0.5, Avg: 0.6, Max: 0.6, Diff: 0.1, Sum: 2.2]
      [Update RS (ms): Min: 0.7, Avg: 0.8, Max: 0.8, Diff: 0.1, Sum: 3.2]
         [Processed Buffers: Min: 2, Avg: 10.5, Max: 27, Diff: 25, Sum: 42]
      [Scan RS (ms): Min: 0.0, Avg: 0.0, Max: 0.0, Diff: 0.0, Sum: 0.0]
      [Code Root Scanning (ms): Min: 0.0, Avg: 0.0, Max: 0.0, Diff: 0.0, Sum: 0.0]
      [Object Copy (ms): Min: 2.1, Avg: 2.2, Max: 2.3, Diff: 0.2, Sum: 8.7]
      [Termination (ms): Min: 0.0, Avg: 0.0, Max: 0.0, Diff: 0.0, Sum: 0.0]
         [Termination Attempts: Min: 1, Avg: 1.0, Max: 1, Diff: 0, Sum: 4]
      [GC Worker Other (ms): Min: 0.0, Avg: 0.0, Max: 0.0, Diff: 0.0, Sum: 0.1]
      [GC Worker Total (ms): Min: 3.5, Avg: 3.6, Max: 3.6, Diff: 0.0, Sum: 14.2]
      [GC Worker End (ms): Min: 105260.0, Avg: 105260.0, Max: 105260.0, Diff: 0.0]
   [Code Root Fixup: 0.0 ms]
   [Code Root Purge: 0.0 ms]
   [Clear CT: 0.0 ms]
   [Other: 0.5 ms]
      [Choose CSet: 0.0 ms]
      [Ref Proc: 0.0 ms]
      [Ref Enq: 0.0 ms]
      [Redirty Cards: 0.0 ms]
      [Humongous Register: 0.0 ms]
      [Humongous Reclaim: 0.0 ms]
      [Free CSet: 0.1 ms]
   [Eden: 44.0M(44.0M)->0.0B(44.0M) Survivors: 7168.0K->7168.0K Heap: 929.5M(1028.0M)->894.0M(1028.0M)]
 [Times: user=0.00 sys=0.00, real=0.00 secs] 
2016-06-27T20:26:42.988+0300: 105.261: Total time for which application threads were stopped: 0.0062981 seconds, Stopping threads took: 0.0014549 seconds
2016-06-27T20:26:43.324+0300: 105.596: [GC pause (G1 Evacuation Pause) (mixed)
Desired survivor size 3670016 bytes, new threshold 1 (max 15)
- age   1:    7083400 bytes,    7083400 total
, 0.0182540 secs]
   [Parallel Time: 17.0 ms, GC Workers: 4]
      [GC Worker Start (ms): Min: 105596.7, Avg: 105596.7, Max: 105596.7, Diff: 0.0]
      [Ext Root Scanning (ms): Min: 0.5, Avg: 0.5, Max: 0.6, Diff: 0.2, Sum: 2.1]
      [Update RS (ms): Min: 0.6, Avg: 0.7, Max: 0.8, Diff: 0.2, Sum: 2.8]
         [Processed Buffers: Min: 2, Avg: 10.5, Max: 22, Diff: 20, Sum: 42]
      [Scan RS (ms): Min: 2.7, Avg: 2.8, Max: 2.9, Diff: 0.2, Sum: 11.3]
      [Code Root Scanning (ms): Min: 0.0, Avg: 0.0, Max: 0.0, Diff: 0.0, Sum: 0.0]
      [Object Copy (ms): Min: 12.9, Avg: 12.9, Max: 12.9, Diff: 0.1, Sum: 51.6]
      [Termination (ms): Min: 0.0, Avg: 0.0, Max: 0.0, Diff: 0.0, Sum: 0.0]
         [Termination Attempts: Min: 1, Avg: 2.5, Max: 4, Diff: 3, Sum: 10]
      [GC Worker Other (ms): Min: 0.0, Avg: 0.0, Max: 0.0, Diff: 0.0, Sum: 0.0]
      [GC Worker Total (ms): Min: 17.0, Avg: 17.0, Max: 17.0, Diff: 0.0, Sum: 68.0]
      [GC Worker End (ms): Min: 105613.7, Avg: 105613.7, Max: 105613.7, Diff: 0.0]
   [Code Root Fixup: 0.0 ms]
   [Code Root Purge: 0.0 ms]
   [Clear CT: 0.2 ms]
   [Other: 1.0 ms]
      [Choose CSet: 0.1 ms]
      [Ref Proc: 0.1 ms]
      [Ref Enq: 0.0 ms]
      [Redirty Cards: 0.0 ms]
      [Humongous Register: 0.0 ms]
      [Humongous Reclaim: 0.0 ms]
      [Free CSet: 0.4 ms]
   [Eden: 44.0M(44.0M)->0.0B(44.0M) Survivors: 7168.0K->7168.0K Heap: 938.0M(1028.0M)->865.0M(1028.0M)]
 [Times: user=0.06 sys=0.00, real=0.02 secs] 
2016-06-27T20:26:43.343+0300: 105.615: Total time for which application threads were stopped: 0.0225113 seconds, Stopping threads took: 0.0036825 seconds
2016-06-27T20:26:43.723+0300: 105.996: [GC pause (G1 Evacuation Pause) (mixed)
Desired survivor size 3670016 bytes, new threshold 1 (max 15)
- age   1:    7112952 bytes,    7112952 total
, 0.0210188 secs]
   [Parallel Time: 19.9 ms, GC Workers: 4]
      [GC Worker Start (ms): Min: 105995.9, Avg: 105995.9, Max: 105995.9, Diff: 0.0]
      [Ext Root Scanning (ms): Min: 0.4, Avg: 0.5, Max: 0.6, Diff: 0.2, Sum: 2.0]
      [Update RS (ms): Min: 7.5, Avg: 7.5, Max: 7.6, Diff: 0.1, Sum: 30.1]
         [Processed Buffers: Min: 9, Avg: 15.8, Max: 24, Diff: 15, Sum: 63]
      [Scan RS (ms): Min: 2.9, Avg: 3.0, Max: 3.0, Diff: 0.1, Sum: 11.8]
      [Code Root Scanning (ms): Min: 0.0, Avg: 0.0, Max: 0.1, Diff: 0.1, Sum: 0.1]
      [Object Copy (ms): Min: 8.8, Avg: 8.8, Max: 8.9, Diff: 0.1, Sum: 35.3]
      [Termination (ms): Min: 0.0, Avg: 0.0, Max: 0.0, Diff: 0.0, Sum: 0.0]
         [Termination Attempts: Min: 1, Avg: 1.5, Max: 2, Diff: 1, Sum: 6]
      [GC Worker Other (ms): Min: 0.0, Avg: 0.0, Max: 0.0, Diff: 0.0, Sum: 0.1]
      [GC Worker Total (ms): Min: 19.9, Avg: 19.9, Max: 19.9, Diff: 0.0, Sum: 79.5]
      [GC Worker End (ms): Min: 106015.7, Avg: 106015.7, Max: 106015.7, Diff: 0.0]
   [Code Root Fixup: 0.0 ms]
   [Code Root Purge: 0.0 ms]
   [Clear CT: 0.2 ms]
   [Other: 0.9 ms]
      [Choose CSet: 0.1 ms]
      [Ref Proc: 0.1 ms]
      [Ref Enq: 0.0 ms]
      [Redirty Cards: 0.0 ms]
      [Humongous Register: 0.0 ms]
      [Humongous Reclaim: 0.0 ms]
      [Free CSet: 0.3 ms]
   [Eden: 44.0M(44.0M)->0.0B(44.0M) Survivors: 7168.0K->7168.0K Heap: 909.0M(1028.0M)->854.0M(1028.0M)]
 [Times: user=0.06 sys=0.00, real=0.02 secs] 
2016-06-27T20:26:43.745+0300: 106.017: Total time for which application threads were stopped: 0.0231541 seconds, Stopping threads took: 0.0014968 seconds
2016-06-27T20:26:44.117+0300: 106.389: [GC pause (G1 Evacuation Pause) (young)
Desired survivor size 3670016 bytes, new threshold 1 (max 15)
- age   1:    6928832 bytes,    6928832 total
, 0.0116591 secs]
   [Parallel Time: 11.0 ms, GC Workers: 4]
      [GC Worker Start (ms): Min: 106388.8, Avg: 106388.8, Max: 106388.8, Diff: 0.0]
      [Ext Root Scanning (ms): Min: 0.4, Avg: 0.5, Max: 0.6, Diff: 0.2, Sum: 2.0]
      [Update RS (ms): Min: 8.2, Avg: 8.3, Max: 8.5, Diff: 0.2, Sum: 33.3]
         [Processed Buffers: Min: 15, Avg: 17.3, Max: 20, Diff: 5, Sum: 69]
      [Scan RS (ms): Min: 0.0, Avg: 0.0, Max: 0.0, Diff: 0.0, Sum: 0.0]
      [Code Root Scanning (ms): Min: 0.0, Avg: 0.0, Max: 0.0, Diff: 0.0, Sum: 0.0]
      [Object Copy (ms): Min: 2.1, Avg: 2.2, Max: 2.2, Diff: 0.2, Sum: 8.6]
      [Termination (ms): Min: 0.0, Avg: 0.0, Max: 0.0, Diff: 0.0, Sum: 0.0]
         [Termination Attempts: Min: 1, Avg: 1.0, Max: 1, Diff: 0, Sum: 4]
      [GC Worker Other (ms): Min: 0.0, Avg: 0.0, Max: 0.0, Diff: 0.0, Sum: 0.0]
      [GC Worker Total (ms): Min: 11.0, Avg: 11.0, Max: 11.0, Diff: 0.0, Sum: 44.1]
      [GC Worker End (ms): Min: 106399.8, Avg: 106399.8, Max: 106399.8, Diff: 0.0]
   [Code Root Fixup: 0.0 ms]
   [Code Root Purge: 0.0 ms]
   [Clear CT: 0.0 ms]
   [Other: 0.6 ms]
      [Choose CSet: 0.0 ms]
      [Ref Proc: 0.0 ms]
      [Ref Enq: 0.0 ms]
      [Redirty Cards: 0.0 ms]
      [Humongous Register: 0.0 ms]
      [Humongous Reclaim: 0.0 ms]
      [Free CSet: 0.1 ms]
   [Eden: 44.0M(44.0M)->0.0B(44.0M) Survivors: 7168.0K->7168.0K Heap: 898.0M(1028.0M)->863.0M(1028.0M)]
 [Times: user=0.00 sys=0.00, real=0.01 secs] 
2016-06-27T20:26:44.128+0300: 106.400: Total time for which application threads were stopped: 0.0144077 seconds, Stopping threads took: 0.0020775 seconds
2016-06-27T20:26:44.510+0300: 106.782: [GC pause (G1 Evacuation Pause) (young) (initial-mark)
Desired survivor size 3670016 bytes, new threshold 1 (max 15)
- age   1:    6945608 bytes,    6945608 total
, 0.0045036 secs]
   [Parallel Time: 3.9 ms, GC Workers: 4]
      [GC Worker Start (ms): Min: 106782.6, Avg: 106782.6, Max: 106782.6, Diff: 0.0]
      [Ext Root Scanning (ms): Min: 0.5, Avg: 0.6, Max: 0.7, Diff: 0.2, Sum: 2.4]
      [Update RS (ms): Min: 0.8, Avg: 0.9, Max: 1.0, Diff: 0.2, Sum: 3.6]
         [Processed Buffers: Min: 9, Avg: 14.8, Max: 22, Diff: 13, Sum: 59]
      [Scan RS (ms): Min: 0.0, Avg: 0.0, Max: 0.0, Diff: 0.0, Sum: 0.0]
      [Code Root Scanning (ms): Min: 0.0, Avg: 0.0, Max: 0.0, Diff: 0.0, Sum: 0.0]
      [Object Copy (ms): Min: 2.2, Avg: 2.3, Max: 2.3, Diff: 0.1, Sum: 9.2]
      [Termination (ms): Min: 0.0, Avg: 0.0, Max: 0.0, Diff: 0.0, Sum: 0.0]
         [Termination Attempts: Min: 1, Avg: 1.0, Max: 1, Diff: 0, Sum: 4]
      [GC Worker Other (ms): Min: 0.0, Avg: 0.0, Max: 0.0, Diff: 0.0, Sum: 0.1]
      [GC Worker Total (ms): Min: 3.8, Avg: 3.8, Max: 3.8, Diff: 0.0, Sum: 15.2]
      [GC Worker End (ms): Min: 106786.4, Avg: 106786.4, Max: 106786.4, Diff: 0.0]
   [Code Root Fixup: 0.0 ms]
   [Code Root Purge: 0.0 ms]
   [Clear CT: 0.0 ms]
   [Other: 0.6 ms]
      [Choose CSet: 0.0 ms]
      [Ref Proc: 0.0 ms]
      [Ref Enq: 0.0 ms]
      [Redirty Cards: 0.0 ms]
      [Humongous Register: 0.0 ms]
      [Humongous Reclaim: 0.0 ms]
      [Free CSet: 0.1 ms]
   [Eden: 44.0M(44.0M)->0.0B(44.0M) Survivors: 7168.0K->7168.0K Heap: 907.0M(1028.0M)->872.0M(1028.0M)]
 [Times: user=0.00 sys=0.00, real=0.01 secs] 
2016-06-27T20:26:44.515+0300: 106.787: [GC concurrent-root-region-scan-start]
2016-06-27T20:26:44.515+0300: 106.787: Total time for which application threads were stopped: 0.0077786 seconds, Stopping threads took: 0.0025839 seconds
2016-06-27T20:26:44.515+0300: 106.788: [GC concurrent-root-region-scan-end, 0.0006740 secs]
2016-06-27T20:26:44.515+0300: 106.788: [GC concurrent-mark-start]
2016-06-27T20:26:44.574+0300: 106.846: [GC concurrent-mark-end, 0.0568793 secs]
2016-06-27T20:26:44.611+0300: 106.884: [GC remark 2016-06-27T20:26:44.612+0300: 106.884: [Finalize Marking, 0.0001779 secs] 2016-06-27T20:26:44.612+0300: 106.884: [GC ref-proc, 0.0001061 secs] 2016-06-27T20:26:44.612+0300: 106.884: [Unloading, 0.0015520 secs], 0.0055527 secs]
 [Times: user=0.00 sys=0.01, real=0.01 secs] 
2016-06-27T20:26:44.617+0300: 106.889: Total time for which application threads were stopped: 0.0075960 seconds, Stopping threads took: 0.0015130 seconds
2016-06-27T20:26:44.619+0300: 106.891: [GC cleanup 886M->886M(1028M), 0.0017880 secs]
 [Times: user=0.00 sys=0.00, real=0.00 secs] 
2016-06-27T20:26:44.621+0300: 106.893: Total time for which application threads were stopped: 0.0024192 seconds, Stopping threads took: 0.0000693 seconds
2016-06-27T20:26:44.873+0300: 107.145: [GC pause (G1 Evacuation Pause) (young)
Desired survivor size 3670016 bytes, new threshold 1 (max 15)
- age   1:    6758960 bytes,    6758960 total
, 0.0044181 secs]
   [Parallel Time: 3.9 ms, GC Workers: 4]
      [GC Worker Start (ms): Min: 107144.7, Avg: 107144.7, Max: 107144.7, Diff: 0.0]
      [Ext Root Scanning (ms): Min: 0.5, Avg: 0.5, Max: 0.6, Diff: 0.2, Sum: 2.1]
      [Update RS (ms): Min: 1.1, Avg: 1.2, Max: 1.3, Diff: 0.2, Sum: 4.8]
         [Processed Buffers: Min: 4, Avg: 11.3, Max: 21, Diff: 17, Sum: 45]
      [Scan RS (ms): Min: 0.0, Avg: 0.0, Max: 0.0, Diff: 0.0, Sum: 0.0]
      [Code Root Scanning (ms): Min: 0.0, Avg: 0.0, Max: 0.0, Diff: 0.0, Sum: 0.0]
      [Object Copy (ms): Min: 2.1, Avg: 2.1, Max: 2.2, Diff: 0.2, Sum: 8.5]
      [Termination (ms): Min: 0.0, Avg: 0.0, Max: 0.0, Diff: 0.0, Sum: 0.0]
         [Termination Attempts: Min: 1, Avg: 1.0, Max: 1, Diff: 0, Sum: 4]
      [GC Worker Other (ms): Min: 0.0, Avg: 0.0, Max: 0.0, Diff: 0.0, Sum: 0.1]
      [GC Worker Total (ms): Min: 3.9, Avg: 3.9, Max: 3.9, Diff: 0.0, Sum: 15.5]
      [GC Worker End (ms): Min: 107148.6, Avg: 107148.6, Max: 107148.6, Diff: 0.0]
   [Code Root Fixup: 0.0 ms]
   [Code Root Purge: 0.0 ms]
   [Clear CT: 0.0 ms]
   [Other: 0.5 ms]
      [Choose CSet: 0.0 ms]
      [Ref Proc: 0.0 ms]
      [Ref Enq: 0.0 ms]
      [Redirty Cards: 0.0 ms]
      [Humongous Register: 0.0 ms]
      [Humongous Reclaim: 0.0 ms]
      [Free CSet: 0.1 ms]
   [Eden: 44.0M(44.0M)->0.0B(44.0M) Survivors: 7168.0K->7168.0K Heap: 916.0M(1028.0M)->881.0M(1028.0M)]
 [Times: user=0.00 sys=0.00, real=0.00 secs] 
2016-06-27T20:26:44.877+0300: 107.149: Total time for which application threads were stopped: 0.0083974 seconds, Stopping threads took: 0.0033485 seconds
2016-06-27T20:26:45.264+0300: 107.537: [GC pause (G1 Evacuation Pause) (mixed)
Desired survivor size 3670016 bytes, new threshold 1 (max 15)
- age   1:    6853560 bytes,    6853560 total
, 0.0184567 secs]
   [Parallel Time: 17.2 ms, GC Workers: 4]
      [GC Worker Start (ms): Min: 107536.8, Avg: 107536.8, Max: 107536.9, Diff: 0.0]
      [Ext Root Scanning (ms): Min: 0.5, Avg: 0.5, Max: 0.5, Diff: 0.1, Sum: 2.1]
      [Update RS (ms): Min: 0.8, Avg: 0.8, Max: 0.9, Diff: 0.1, Sum: 3.3]
         [Processed Buffers: Min: 3, Avg: 10.0, Max: 21, Diff: 18, Sum: 40]
      [Scan RS (ms): Min: 3.0, Avg: 3.1, Max: 3.1, Diff: 0.1, Sum: 12.4]
      [Code Root Scanning (ms): Min: 0.0, Avg: 0.0, Max: 0.0, Diff: 0.0, Sum: 0.0]
      [Object Copy (ms): Min: 12.7, Avg: 12.8, Max: 12.8, Diff: 0.0, Sum: 51.0]
      [Termination (ms): Min: 0.0, Avg: 0.0, Max: 0.0, Diff: 0.0, Sum: 0.0]
         [Termination Attempts: Min: 1, Avg: 2.0, Max: 3, Diff: 2, Sum: 8]
      [GC Worker Other (ms): Min: 0.0, Avg: 0.0, Max: 0.0, Diff: 0.0, Sum: 0.1]
      [GC Worker Total (ms): Min: 17.2, Avg: 17.2, Max: 17.2, Diff: 0.0, Sum: 68.8]
      [GC Worker End (ms): Min: 107554.1, Avg: 107554.1, Max: 107554.1, Diff: 0.0]
   [Code Root Fixup: 0.0 ms]
   [Code Root Purge: 0.0 ms]
   [Clear CT: 0.2 ms]
   [Other: 1.0 ms]
      [Choose CSet: 0.1 ms]
      [Ref Proc: 0.0 ms]
      [Ref Enq: 0.0 ms]
      [Redirty Cards: 0.1 ms]
      [Humongous Register: 0.0 ms]
      [Humongous Reclaim: 0.0 ms]
      [Free CSet: 0.4 ms]
   [Eden: 44.0M(44.0M)->0.0B(44.0M) Survivors: 7168.0K->7168.0K Heap: 925.0M(1028.0M)->850.5M(1028.0M)]
 [Times: user=0.05 sys=0.02, real=0.02 secs] 
2016-06-27T20:26:45.283+0300: 107.555: Total time for which application threads were stopped: 0.0245593 seconds, Stopping threads took: 0.0053401 seconds
2016-06-27T20:26:45.667+0300: 107.939: [GC pause (G1 Evacuation Pause) (mixed)
Desired survivor size 3670016 bytes, new threshold 1 (max 15)
- age   1:    7136976 bytes,    7136976 total
, 0.0192705 secs]
   [Parallel Time: 18.2 ms, GC Workers: 4]
      [GC Worker Start (ms): Min: 107939.0, Avg: 107939.0, Max: 107939.0, Diff: 0.0]
      [Ext Root Scanning (ms): Min: 0.5, Avg: 0.5, Max: 0.6, Diff: 0.1, Sum: 2.2]
      [Update RS (ms): Min: 8.6, Avg: 8.7, Max: 8.9, Diff: 0.3, Sum: 34.9]
         [Processed Buffers: Min: 11, Avg: 16.8, Max: 22, Diff: 11, Sum: 67]
      [Scan RS (ms): Min: 2.0, Avg: 2.2, Max: 2.3, Diff: 0.2, Sum: 8.7]
      [Code Root Scanning (ms): Min: 0.0, Avg: 0.0, Max: 0.0, Diff: 0.0, Sum: 0.0]
      [Object Copy (ms): Min: 6.6, Avg: 6.7, Max: 6.7, Diff: 0.1, Sum: 26.8]
      [Termination (ms): Min: 0.0, Avg: 0.0, Max: 0.0, Diff: 0.0, Sum: 0.0]
         [Termination Attempts: Min: 1, Avg: 1.0, Max: 1, Diff: 0, Sum: 4]
      [GC Worker Other (ms): Min: 0.0, Avg: 0.0, Max: 0.0, Diff: 0.0, Sum: 0.0]
      [GC Worker Total (ms): Min: 18.2, Avg: 18.2, Max: 18.2, Diff: 0.0, Sum: 72.7]
      [GC Worker End (ms): Min: 107957.1, Avg: 107957.1, Max: 107957.1, Diff: 0.0]
   [Code Root Fixup: 0.0 ms]
   [Code Root Purge: 0.0 ms]
   [Clear CT: 0.2 ms]
   [Other: 0.9 ms]
      [Choose CSet: 0.1 ms]
      [Ref Proc: 0.1 ms]
      [Ref Enq: 0.0 ms]
      [Redirty Cards: 0.0 ms]
      [Humongous Register: 0.0 ms]
      [Humongous Reclaim: 0.0 ms]
      [Free CSet: 0.3 ms]
   [Eden: 44.0M(44.0M)->0.0B(44.0M) Survivors: 7168.0K->7168.0K Heap: 894.5M(1028.0M)->847.0M(1028.0M)]
 [Times: user=0.06 sys=0.00, real=0.02 secs] 
2016-06-27T20:26:45.686+0300: 107.958: Total time for which application threads were stopped: 0.0231934 seconds, Stopping threads took: 0.0032001 seconds
2016-06-27T20:26:46.061+0300: 108.333: [GC pause (G1 Evacuation Pause) (young)
Desired survivor size 3670016 bytes, new threshold 1 (max 15)
- age   1:    6926072 bytes,    6926072 total
, 0.0106640 secs]
   [Parallel Time: 10.1 ms, GC Workers: 4]
      [GC Worker Start (ms): Min: 108333.6, Avg: 108333.6, Max: 108333.6, Diff: 0.1]
      [Ext Root Scanning (ms): Min: 0.6, Avg: 0.6, Max: 0.7, Diff: 0.1, Sum: 2.5]
      [Update RS (ms): Min: 6.7, Avg: 6.9, Max: 7.4, Diff: 0.7, Sum: 27.4]
         [Processed Buffers: Min: 7, Avg: 17.0, Max: 36, Diff: 29, Sum: 68]
      [Scan RS (ms): Min: 0.0, Avg: 0.0, Max: 0.0, Diff: 0.0, Sum: 0.0]
      [Code Root Scanning (ms): Min: 0.0, Avg: 0.0, Max: 0.0, Diff: 0.0, Sum: 0.0]
      [Object Copy (ms): Min: 1.6, Avg: 2.1, Max: 2.3, Diff: 0.7, Sum: 8.3]
      [Termination (ms): Min: 0.0, Avg: 0.0, Max: 0.0, Diff: 0.0, Sum: 0.0]
         [Termination Attempts: Min: 1, Avg: 1.0, Max: 1, Diff: 0, Sum: 4]
      [GC Worker Other (ms): Min: 0.0, Avg: 0.0, Max: 0.0, Diff: 0.0, Sum: 0.1]
      [GC Worker Total (ms): Min: 9.6, Avg: 9.6, Max: 9.6, Diff: 0.1, Sum: 38.4]
      [GC Worker End (ms): Min: 108343.2, Avg: 108343.2, Max: 108343.2, Diff: 0.0]
   [Code Root Fixup: 0.0 ms]
   [Code Root Purge: 0.0 ms]
   [Clear CT: 0.0 ms]
   [Other: 0.5 ms]
      [Choose CSet: 0.0 ms]
      [Ref Proc: 0.0 ms]
      [Ref Enq: 0.0 ms]
      [Redirty Cards: 0.0 ms]
      [Humongous Register: 0.0 ms]
      [Humongous Reclaim: 0.0 ms]
      [Free CSet: 0.1 ms]
   [Eden: 44.0M(44.0M)->0.0B(58.0M) Survivors: 7168.0K->7168.0K Heap: 891.0M(1028.0M)->856.0M(1028.0M)]
 [Times: user=0.06 sys=0.00, real=0.01 secs] 
2016-06-27T20:26:46.073+0300: 108.344: Total time for which application threads were stopped: 0.0134617 seconds, Stopping threads took: 0.0018569 seconds
2016-06-27T20:26:46.556+0300: 108.828: [GC pause (G1 Evacuation Pause) (young) (initial-mark)
Desired survivor size 4718592 bytes, new threshold 1 (max 15)
- age   1:    6997680 bytes,    6997680 total
, 0.0049270 secs]
   [Parallel Time: 4.3 ms, GC Workers: 4]
      [GC Worker Start (ms): Min: 108828.3, Avg: 108828.4, Max: 108828.4, Diff: 0.0]
      [Ext Root Scanning (ms): Min: 0.5, Avg: 0.6, Max: 0.8, Diff: 0.2, Sum: 2.4]
      [Update RS (ms): Min: 0.9, Avg: 0.9, Max: 0.9, Diff: 0.1, Sum: 3.7]
         [Processed Buffers: Min: 11, Avg: 16.3, Max: 25, Diff: 14, Sum: 65]
      [Scan RS (ms): Min: 0.0, Avg: 0.0, Max: 0.0, Diff: 0.0, Sum: 0.0]
      [Code Root Scanning (ms): Min: 0.0, Avg: 0.0, Max: 0.0, Diff: 0.0, Sum: 0.0]
      [Object Copy (ms): Min: 2.6, Avg: 2.7, Max: 2.7, Diff: 0.1, Sum: 10.7]
      [Termination (ms): Min: 0.0, Avg: 0.0, Max: 0.0, Diff: 0.0, Sum: 0.0]
         [Termination Attempts: Min: 1, Avg: 1.0, Max: 1, Diff: 0, Sum: 4]
      [GC Worker Other (ms): Min: 0.0, Avg: 0.0, Max: 0.0, Diff: 0.0, Sum: 0.1]
      [GC Worker Total (ms): Min: 4.2, Avg: 4.2, Max: 4.2, Diff: 0.0, Sum: 16.9]
      [GC Worker End (ms): Min: 108832.6, Avg: 108832.6, Max: 108832.6, Diff: 0.0]
   [Code Root Fixup: 0.0 ms]
   [Code Root Purge: 0.0 ms]
   [Clear CT: 0.0 ms]
   [Other: 0.6 ms]
      [Choose CSet: 0.0 ms]
      [Ref Proc: 0.0 ms]
      [Ref Enq: 0.0 ms]
      [Redirty Cards: 0.0 ms]
      [Humongous Register: 0.0 ms]
      [Humongous Reclaim: 0.0 ms]
      [Free CSet: 0.1 ms]
   [Eden: 58.0M(58.0M)->0.0B(49.0M) Survivors: 7168.0K->9216.0K Heap: 914.0M(1028.0M)->867.0M(1028.0M)]
 [Times: user=0.00 sys=0.00, real=0.01 secs] 
2016-06-27T20:26:46.561+0300: 108.833: [GC concurrent-root-region-scan-start]
2016-06-27T20:26:46.561+0300: 108.833: Total time for which application threads were stopped: 0.0076007 seconds, Stopping threads took: 0.0019309 seconds
2016-06-27T20:26:46.562+0300: 108.834: [GC concurrent-root-region-scan-end, 0.0010614 secs]
2016-06-27T20:26:46.562+0300: 108.834: [GC concurrent-mark-start]
2016-06-27T20:26:46.616+0300: 108.888: [GC concurrent-mark-end, 0.0534987 secs]
2016-06-27T20:26:46.652+0300: 108.924: [GC remark 2016-06-27T20:26:46.652+0300: 108.924: [Finalize Marking, 0.0001963 secs] 2016-06-27T20:26:46.652+0300: 108.924: [GC ref-proc, 0.0001009 secs] 2016-06-27T20:26:46.652+0300: 108.924: [Unloading, 0.0015118 secs], 0.0054043 secs]
 [Times: user=0.00 sys=0.00, real=0.01 secs] 
2016-06-27T20:26:46.657+0300: 108.929: Total time for which application threads were stopped: 0.0096560 seconds, Stopping threads took: 0.0036825 seconds
2016-06-27T20:26:46.658+0300: 108.930: [GC cleanup 879M->879M(1028M), 0.0017919 secs]
 [Times: user=0.00 sys=0.00, real=0.00 secs] 
2016-06-27T20:26:46.660+0300: 108.932: Total time for which application threads were stopped: 0.0024517 seconds, Stopping threads took: 0.0000543 seconds
2016-06-27T20:26:46.965+0300: 109.237: [GC pause (G1 Evacuation Pause) (young)
Desired survivor size 4194304 bytes, new threshold 1 (max 15)
- age   1:    8980192 bytes,    8980192 total
, 0.0047252 secs]
   [Parallel Time: 4.2 ms, GC Workers: 4]
      [GC Worker Start (ms): Min: 109237.7, Avg: 109237.7, Max: 109237.7, Diff: 0.0]
      [Ext Root Scanning (ms): Min: 0.5, Avg: 0.6, Max: 0.6, Diff: 0.1, Sum: 2.2]
      [Update RS (ms): Min: 0.9, Avg: 0.9, Max: 0.9, Diff: 0.0, Sum: 3.7]
         [Processed Buffers: Min: 8, Avg: 11.5, Max: 20, Diff: 12, Sum: 46]
      [Scan RS (ms): Min: 0.0, Avg: 0.0, Max: 0.0, Diff: 0.0, Sum: 0.0]
      [Code Root Scanning (ms): Min: 0.0, Avg: 0.0, Max: 0.0, Diff: 0.0, Sum: 0.0]
      [Object Copy (ms): Min: 2.6, Avg: 2.6, Max: 2.7, Diff: 0.1, Sum: 10.4]
      [Termination (ms): Min: 0.0, Avg: 0.0, Max: 0.0, Diff: 0.0, Sum: 0.0]
         [Termination Attempts: Min: 1, Avg: 1.0, Max: 1, Diff: 0, Sum: 4]
      [GC Worker Other (ms): Min: 0.0, Avg: 0.0, Max: 0.0, Diff: 0.0, Sum: 0.1]
      [GC Worker Total (ms): Min: 4.1, Avg: 4.1, Max: 4.1, Diff: 0.0, Sum: 16.5]
      [GC Worker End (ms): Min: 109241.8, Avg: 109241.8, Max: 109241.8, Diff: 0.0]
   [Code Root Fixup: 0.0 ms]
   [Code Root Purge: 0.0 ms]
   [Clear CT: 0.0 ms]
   [Other: 0.5 ms]
      [Choose CSet: 0.0 ms]
      [Ref Proc: 0.0 ms]
      [Ref Enq: 0.0 ms]
      [Redirty Cards: 0.0 ms]
      [Humongous Register: 0.0 ms]
      [Humongous Reclaim: 0.0 ms]
      [Free CSet: 0.1 ms]
   [Eden: 49.0M(49.0M)->0.0B(43.0M) Survivors: 9216.0K->8192.0K Heap: 916.0M(1028.0M)->875.5M(1028.0M)]
 [Times: user=0.00 sys=0.00, real=0.01 secs] 
2016-06-27T20:26:46.970+0300: 109.242: Total time for which application threads were stopped: 0.0066231 seconds, Stopping threads took: 0.0011371 seconds
2016-06-27T20:26:47.346+0300: 109.618: [GC pause (G1 Evacuation Pause) (mixed)
Desired survivor size 3670016 bytes, new threshold 1 (max 15)
- age   1:    8241848 bytes,    8241848 total
, 0.0185880 secs]
   [Parallel Time: 17.3 ms, GC Workers: 4]
      [GC Worker Start (ms): Min: 109618.4, Avg: 109618.4, Max: 109618.4, Diff: 0.0]
      [Ext Root Scanning (ms): Min: 0.5, Avg: 0.5, Max: 0.6, Diff: 0.1, Sum: 2.0]
      [Update RS (ms): Min: 1.0, Avg: 1.0, Max: 1.0, Diff: 0.1, Sum: 3.9]
         [Processed Buffers: Min: 2, Avg: 9.8, Max: 20, Diff: 18, Sum: 39]
      [Scan RS (ms): Min: 3.0, Avg: 3.0, Max: 3.1, Diff: 0.1, Sum: 12.2]
      [Code Root Scanning (ms): Min: 0.0, Avg: 0.0, Max: 0.1, Diff: 0.1, Sum: 0.1]
      [Object Copy (ms): Min: 12.6, Avg: 12.7, Max: 12.7, Diff: 0.1, Sum: 50.7]
      [Termination (ms): Min: 0.0, Avg: 0.0, Max: 0.0, Diff: 0.0, Sum: 0.0]
         [Termination Attempts: Min: 1, Avg: 1.8, Max: 4, Diff: 3, Sum: 7]
      [GC Worker Other (ms): Min: 0.0, Avg: 0.0, Max: 0.0, Diff: 0.0, Sum: 0.1]
      [GC Worker Total (ms): Min: 17.2, Avg: 17.2, Max: 17.3, Diff: 0.0, Sum: 69.0]
      [GC Worker End (ms): Min: 109635.6, Avg: 109635.6, Max: 109635.6, Diff: 0.0]
   [Code Root Fixup: 0.0 ms]
   [Code Root Purge: 0.0 ms]
   [Clear CT: 0.2 ms]
   [Other: 1.1 ms]
      [Choose CSet: 0.1 ms]
      [Ref Proc: 0.1 ms]
      [Ref Enq: 0.0 ms]
      [Redirty Cards: 0.1 ms]
      [Humongous Register: 0.0 ms]
      [Humongous Reclaim: 0.0 ms]
      [Free CSet: 0.5 ms]
   [Eden: 43.0M(43.0M)->0.0B(44.0M) Survivors: 8192.0K->7168.0K Heap: 918.5M(1028.0M)->843.5M(1028.0M)]
 [Times: user=0.13 sys=0.00, real=0.02 secs] 
2016-06-27T20:26:47.365+0300: 109.637: Total time for which application threads were stopped: 0.0228928 seconds, Stopping threads took: 0.0037078 seconds
2016-06-27T20:26:47.749+0300: 110.021: [GC pause (G1 Evacuation Pause) (mixed)
Desired survivor size 3670016 bytes, new threshold 1 (max 15)
- age   1:    7169472 bytes,    7169472 total
, 0.0214041 secs]
   [Parallel Time: 20.2 ms, GC Workers: 4]
      [GC Worker Start (ms): Min: 110021.0, Avg: 110021.0, Max: 110021.0, Diff: 0.0]
      [Ext Root Scanning (ms): Min: 0.4, Avg: 0.5, Max: 0.6, Diff: 0.1, Sum: 1.9]
      [Update RS (ms): Min: 8.0, Avg: 8.1, Max: 8.3, Diff: 0.4, Sum: 32.5]
         [Processed Buffers: Min: 10, Avg: 14.0, Max: 21, Diff: 11, Sum: 56]
      [Scan RS (ms): Min: 2.6, Avg: 2.8, Max: 3.0, Diff: 0.4, Sum: 11.3]
      [Code Root Scanning (ms): Min: 0.0, Avg: 0.0, Max: 0.0, Diff: 0.0, Sum: 0.0]
      [Object Copy (ms): Min: 8.7, Avg: 8.7, Max: 8.7, Diff: 0.1, Sum: 34.9]
      [Termination (ms): Min: 0.0, Avg: 0.0, Max: 0.0, Diff: 0.0, Sum: 0.0]
         [Termination Attempts: Min: 1, Avg: 2.0, Max: 3, Diff: 2, Sum: 8]
      [GC Worker Other (ms): Min: 0.0, Avg: 0.0, Max: 0.0, Diff: 0.0, Sum: 0.1]
      [GC Worker Total (ms): Min: 20.2, Avg: 20.2, Max: 20.2, Diff: 0.0, Sum: 80.7]
      [GC Worker End (ms): Min: 110041.1, Avg: 110041.1, Max: 110041.1, Diff: 0.0]
   [Code Root Fixup: 0.0 ms]
   [Code Root Purge: 0.0 ms]
   [Clear CT: 0.2 ms]
   [Other: 1.0 ms]
      [Choose CSet: 0.1 ms]
      [Ref Proc: 0.2 ms]
      [Ref Enq: 0.0 ms]
      [Redirty Cards: 0.0 ms]
      [Humongous Register: 0.0 ms]
      [Humongous Reclaim: 0.0 ms]
      [Free CSet: 0.3 ms]
   [Eden: 44.0M(44.0M)->0.0B(44.0M) Survivors: 7168.0K->7168.0K Heap: 887.5M(1028.0M)->834.5M(1028.0M)]
 [Times: user=0.08 sys=0.00, real=0.02 secs] 
2016-06-27T20:26:47.770+0300: 110.042: Total time for which application threads were stopped: 0.0252111 seconds, Stopping threads took: 0.0031860 seconds
2016-06-27T20:26:48.139+0300: 110.411: [GC pause (G1 Evacuation Pause) (young)
Desired survivor size 3670016 bytes, new threshold 1 (max 15)
- age   1:    7193376 bytes,    7193376 total
, 0.0111588 secs]
   [Parallel Time: 10.6 ms, GC Workers: 4]
      [GC Worker Start (ms): Min: 110411.7, Avg: 110411.7, Max: 110411.7, Diff: 0.0]
      [Ext Root Scanning (ms): Min: 0.5, Avg: 0.5, Max: 0.6, Diff: 0.2, Sum: 2.0]
      [Update RS (ms): Min: 7.8, Avg: 7.8, Max: 8.0, Diff: 0.2, Sum: 31.4]
         [Processed Buffers: Min: 8, Avg: 16.0, Max: 26, Diff: 18, Sum: 64]
      [Scan RS (ms): Min: 0.0, Avg: 0.0, Max: 0.0, Diff: 0.0, Sum: 0.0]
      [Code Root Scanning (ms): Min: 0.0, Avg: 0.0, Max: 0.0, Diff: 0.0, Sum: 0.0]
      [Object Copy (ms): Min: 2.1, Avg: 2.2, Max: 2.2, Diff: 0.2, Sum: 8.6]
      [Termination (ms): Min: 0.0, Avg: 0.0, Max: 0.0, Diff: 0.0, Sum: 0.0]
         [Termination Attempts: Min: 1, Avg: 1.0, Max: 1, Diff: 0, Sum: 4]
      [GC Worker Other (ms): Min: 0.0, Avg: 0.0, Max: 0.0, Diff: 0.0, Sum: 0.0]
      [GC Worker Total (ms): Min: 10.5, Avg: 10.5, Max: 10.5, Diff: 0.0, Sum: 42.1]
      [GC Worker End (ms): Min: 110422.2, Avg: 110422.2, Max: 110422.2, Diff: 0.0]
   [Code Root Fixup: 0.0 ms]
   [Code Root Purge: 0.0 ms]
   [Clear CT: 0.0 ms]
   [Other: 0.5 ms]
      [Choose CSet: 0.0 ms]
      [Ref Proc: 0.0 ms]
      [Ref Enq: 0.0 ms]
      [Redirty Cards: 0.0 ms]
      [Humongous Register: 0.0 ms]
      [Humongous Reclaim: 0.0 ms]
      [Free CSet: 0.1 ms]
   [Eden: 44.0M(44.0M)->0.0B(44.0M) Survivors: 7168.0K->7168.0K Heap: 878.5M(1028.0M)->843.0M(1028.0M)]
 [Times: user=0.06 sys=0.00, real=0.01 secs] 
2016-06-27T20:26:48.151+0300: 110.423: Total time for which application threads were stopped: 0.0143649 seconds, Stopping threads took: 0.0025296 seconds
2016-06-27T20:26:48.536+0300: 110.808: [GC pause (G1 Evacuation Pause) (young) (initial-mark)
Desired survivor size 3670016 bytes, new threshold 1 (max 15)
- age   1:    7106192 bytes,    7106192 total
, 0.0043172 secs]
   [Parallel Time: 3.6 ms, GC Workers: 4]
      [GC Worker Start (ms): Min: 110808.7, Avg: 110808.7, Max: 110808.7, Diff: 0.0]
      [Ext Root Scanning (ms): Min: 0.5, Avg: 0.6, Max: 0.7, Diff: 0.2, Sum: 2.3]
      [Update RS (ms): Min: 0.6, Avg: 0.8, Max: 0.9, Diff: 0.3, Sum: 3.2]
         [Processed Buffers: Min: 2, Avg: 11.8, Max: 30, Diff: 28, Sum: 47]
      [Scan RS (ms): Min: 0.0, Avg: 0.0, Max: 0.0, Diff: 0.0, Sum: 0.0]
      [Code Root Scanning (ms): Min: 0.0, Avg: 0.0, Max: 0.0, Diff: 0.0, Sum: 0.0]
      [Object Copy (ms): Min: 2.1, Avg: 2.2, Max: 2.2, Diff: 0.2, Sum: 8.6]
      [Termination (ms): Min: 0.0, Avg: 0.0, Max: 0.0, Diff: 0.0, Sum: 0.0]
         [Termination Attempts: Min: 1, Avg: 1.0, Max: 1, Diff: 0, Sum: 4]
      [GC Worker Other (ms): Min: 0.0, Avg: 0.0, Max: 0.0, Diff: 0.0, Sum: 0.1]
      [GC Worker Total (ms): Min: 3.5, Avg: 3.6, Max: 3.6, Diff: 0.0, Sum: 14.2]
      [GC Worker End (ms): Min: 110812.3, Avg: 110812.3, Max: 110812.3, Diff: 0.0]
   [Code Root Fixup: 0.0 ms]
   [Code Root Purge: 0.0 ms]
   [Clear CT: 0.0 ms]
   [Other: 0.7 ms]
      [Choose CSet: 0.0 ms]
      [Ref Proc: 0.1 ms]
      [Ref Enq: 0.0 ms]
      [Redirty Cards: 0.0 ms]
      [Humongous Register: 0.0 ms]
      [Humongous Reclaim: 0.0 ms]
      [Free CSet: 0.1 ms]
   [Eden: 44.0M(44.0M)->0.0B(61.0M) Survivors: 7168.0K->7168.0K Heap: 887.0M(1028.0M)->851.5M(1028.0M)]
 [Times: user=0.00 sys=0.00, real=0.00 secs] 
2016-06-27T20:26:48.541+0300: 110.813: [GC concurrent-root-region-scan-start]
2016-06-27T20:26:48.541+0300: 110.813: Total time for which application threads were stopped: 0.0076824 seconds, Stopping threads took: 0.0026686 seconds
2016-06-27T20:26:48.541+0300: 110.813: [GC concurrent-root-region-scan-end, 0.0005354 secs]
2016-06-27T20:26:48.541+0300: 110.813: [GC concurrent-mark-start]
2016-06-27T20:26:48.599+0300: 110.871: [GC concurrent-mark-end, 0.0578899 secs]
2016-06-27T20:26:48.617+0300: 110.890: [GC remark 2016-06-27T20:26:48.617+0300: 110.890: [Finalize Marking, 0.0001736 secs] 2016-06-27T20:26:48.617+0300: 110.890: [GC ref-proc, 0.0000984 secs] 2016-06-27T20:26:48.618+0300: 110.890: [Unloading, 0.0014442 secs], 0.0053016 secs]
 [Times: user=0.00 sys=0.00, real=0.01 secs] 
2016-06-27T20:26:48.623+0300: 110.895: Total time for which application threads were stopped: 0.0077867 seconds, Stopping threads took: 0.0019706 seconds
2016-06-27T20:26:49.059+0300: 111.331: [GC cleanup 912M->912M(1028M), 0.0018727 secs]
 [Times: user=0.00 sys=0.00, real=0.00 secs] 
2016-06-27T20:26:49.061+0300: 111.333: Total time for which application threads were stopped: 0.0085257 seconds, Stopping threads took: 0.0061167 seconds
2016-06-27T20:26:49.064+0300: 111.336: [GC pause (G1 Evacuation Pause) (young)
Desired survivor size 4718592 bytes, new threshold 1 (max 15)
- age   1:    7027400 bytes,    7027400 total
, 0.0047384 secs]
   [Parallel Time: 4.2 ms, GC Workers: 4]
      [GC Worker Start (ms): Min: 111336.2, Avg: 111336.2, Max: 111336.2, Diff: 0.0]
      [Ext Root Scanning (ms): Min: 0.4, Avg: 0.5, Max: 0.6, Diff: 0.2, Sum: 2.1]
      [Update RS (ms): Min: 0.8, Avg: 1.0, Max: 1.2, Diff: 0.4, Sum: 3.9]
         [Processed Buffers: Min: 5, Avg: 12.5, Max: 18, Diff: 13, Sum: 50]
      [Scan RS (ms): Min: 0.0, Avg: 0.0, Max: 0.0, Diff: 0.0, Sum: 0.0]
      [Code Root Scanning (ms): Min: 0.0, Avg: 0.0, Max: 0.0, Diff: 0.0, Sum: 0.0]
      [Object Copy (ms): Min: 2.5, Avg: 2.6, Max: 2.7, Diff: 0.2, Sum: 10.5]
      [Termination (ms): Min: 0.0, Avg: 0.0, Max: 0.0, Diff: 0.0, Sum: 0.0]
         [Termination Attempts: Min: 1, Avg: 1.0, Max: 1, Diff: 0, Sum: 4]
      [GC Worker Other (ms): Min: 0.0, Avg: 0.0, Max: 0.0, Diff: 0.0, Sum: 0.1]
      [GC Worker Total (ms): Min: 4.1, Avg: 4.1, Max: 4.1, Diff: 0.0, Sum: 16.6]
      [GC Worker End (ms): Min: 111340.4, Avg: 111340.4, Max: 111340.4, Diff: 0.0]
   [Code Root Fixup: 0.0 ms]
   [Code Root Purge: 0.0 ms]
   [Clear CT: 0.0 ms]
   [Other: 0.5 ms]
      [Choose CSet: 0.0 ms]
      [Ref Proc: 0.1 ms]
      [Ref Enq: 0.0 ms]
      [Redirty Cards: 0.0 ms]
      [Humongous Register: 0.0 ms]
      [Humongous Reclaim: 0.0 ms]
      [Free CSet: 0.1 ms]
   [Eden: 61.0M(61.0M)->0.0B(42.0M) Survivors: 7168.0K->9216.0K Heap: 912.5M(1028.0M)->862.5M(1028.0M)]
 [Times: user=0.06 sys=0.00, real=0.01 secs] 
2016-06-27T20:26:49.069+0300: 111.341: Total time for which application threads were stopped: 0.0053769 seconds, Stopping threads took: 0.0000761 seconds
2016-06-27T20:26:49.422+0300: 111.694: [GC pause (G1 Evacuation Pause) (mixed)
Desired survivor size 3670016 bytes, new threshold 1 (max 15)
- age   1:    9300088 bytes,    9300088 total
, 0.0181248 secs]
   [Parallel Time: 16.9 ms, GC Workers: 4]
      [GC Worker Start (ms): Min: 111694.3, Avg: 111694.3, Max: 111694.3, Diff: 0.0]
      [Ext Root Scanning (ms): Min: 0.4, Avg: 0.5, Max: 0.6, Diff: 0.2, Sum: 1.9]
      [Update RS (ms): Min: 0.8, Avg: 0.9, Max: 0.9, Diff: 0.1, Sum: 3.5]
         [Processed Buffers: Min: 7, Avg: 13.5, Max: 19, Diff: 12, Sum: 54]
      [Scan RS (ms): Min: 3.2, Avg: 3.2, Max: 3.2, Diff: 0.0, Sum: 12.8]
      [Code Root Scanning (ms): Min: 0.0, Avg: 0.0, Max: 0.0, Diff: 0.0, Sum: 0.1]
      [Object Copy (ms): Min: 12.2, Avg: 12.2, Max: 12.3, Diff: 0.1, Sum: 49.0]
      [Termination (ms): Min: 0.0, Avg: 0.0, Max: 0.0, Diff: 0.0, Sum: 0.0]
         [Termination Attempts: Min: 1, Avg: 2.0, Max: 3, Diff: 2, Sum: 8]
      [GC Worker Other (ms): Min: 0.0, Avg: 0.0, Max: 0.0, Diff: 0.0, Sum: 0.1]
      [GC Worker Total (ms): Min: 16.8, Avg: 16.8, Max: 16.8, Diff: 0.0, Sum: 67.3]
      [GC Worker End (ms): Min: 111711.2, Avg: 111711.2, Max: 111711.2, Diff: 0.0]
   [Code Root Fixup: 0.0 ms]
   [Code Root Purge: 0.0 ms]
   [Clear CT: 0.2 ms]
   [Other: 1.0 ms]
      [Choose CSet: 0.1 ms]
      [Ref Proc: 0.0 ms]
      [Ref Enq: 0.0 ms]
      [Redirty Cards: 0.1 ms]
      [Humongous Register: 0.0 ms]
      [Humongous Reclaim: 0.0 ms]
      [Free CSet: 0.4 ms]
   [Eden: 42.0M(42.0M)->0.0B(44.0M) Survivors: 9216.0K->7168.0K Heap: 904.5M(1028.0M)->834.5M(1028.0M)]
 [Times: user=0.06 sys=0.00, real=0.02 secs] 
2016-06-27T20:26:49.440+0300: 111.712: Total time for which application threads were stopped: 0.0220452 seconds, Stopping threads took: 0.0033498 seconds
2016-06-27T20:26:49.829+0300: 112.101: [GC pause (G1 Evacuation Pause) (young)
Desired survivor size 3670016 bytes, new threshold 1 (max 15)
- age   1:    7181328 bytes,    7181328 total
, 0.0130285 secs]
   [Parallel Time: 12.5 ms, GC Workers: 4]
      [GC Worker Start (ms): Min: 112100.9, Avg: 112100.9, Max: 112100.9, Diff: 0.0]
      [Ext Root Scanning (ms): Min: 0.4, Avg: 0.5, Max: 0.6, Diff: 0.2, Sum: 2.0]
      [Update RS (ms): Min: 9.7, Avg: 9.9, Max: 10.4, Diff: 0.8, Sum: 39.5]
         [Processed Buffers: Min: 11, Avg: 15.0, Max: 25, Diff: 14, Sum: 60]
      [Scan RS (ms): Min: 0.0, Avg: 0.0, Max: 0.0, Diff: 0.0, Sum: 0.0]
      [Code Root Scanning (ms): Min: 0.0, Avg: 0.0, Max: 0.0, Diff: 0.0, Sum: 0.0]
      [Object Copy (ms): Min: 1.5, Avg: 2.0, Max: 2.2, Diff: 0.7, Sum: 8.1]
      [Termination (ms): Min: 0.0, Avg: 0.0, Max: 0.0, Diff: 0.0, Sum: 0.0]
         [Termination Attempts: Min: 1, Avg: 1.0, Max: 1, Diff: 0, Sum: 4]
      [GC Worker Other (ms): Min: 0.0, Avg: 0.0, Max: 0.0, Diff: 0.0, Sum: 0.1]
      [GC Worker Total (ms): Min: 12.4, Avg: 12.4, Max: 12.5, Diff: 0.0, Sum: 49.8]
      [GC Worker End (ms): Min: 112113.4, Avg: 112113.4, Max: 112113.4, Diff: 0.0]
   [Code Root Fixup: 0.0 ms]
   [Code Root Purge: 0.0 ms]
   [Clear CT: 0.1 ms]
   [Other: 0.5 ms]
      [Choose CSet: 0.0 ms]
      [Ref Proc: 0.0 ms]
      [Ref Enq: 0.0 ms]
      [Redirty Cards: 0.0 ms]
      [Humongous Register: 0.0 ms]
      [Humongous Reclaim: 0.0 ms]
      [Free CSet: 0.1 ms]
   [Eden: 44.0M(44.0M)->0.0B(69.0M) Survivors: 7168.0K->7168.0K Heap: 878.5M(1028.0M)->843.0M(1028.0M)]
 [Times: user=0.06 sys=0.00, real=0.01 secs] 
2016-06-27T20:26:49.842+0300: 112.114: Total time for which application threads were stopped: 0.0189117 seconds, Stopping threads took: 0.0052418 seconds
2016-06-27T20:26:50.432+0300: 112.704: [GC pause (G1 Evacuation Pause) (young) (initial-mark)
Desired survivor size 5242880 bytes, new threshold 1 (max 15)
- age   1:    7202472 bytes,    7202472 total
, 0.0047996 secs]
   [Parallel Time: 4.1 ms, GC Workers: 4]
      [GC Worker Start (ms): Min: 112704.4, Avg: 112704.4, Max: 112704.5, Diff: 0.0]
      [Ext Root Scanning (ms): Min: 0.5, Avg: 0.6, Max: 0.7, Diff: 0.2, Sum: 2.3]
      [Update RS (ms): Min: 0.5, Avg: 0.6, Max: 0.8, Diff: 0.3, Sum: 2.5]
         [Processed Buffers: Min: 6, Avg: 12.5, Max: 27, Diff: 21, Sum: 50]
      [Scan RS (ms): Min: 0.0, Avg: 0.0, Max: 0.0, Diff: 0.0, Sum: 0.0]
      [Code Root Scanning (ms): Min: 0.0, Avg: 0.0, Max: 0.0, Diff: 0.0, Sum: 0.0]
      [Object Copy (ms): Min: 2.7, Avg: 2.8, Max: 2.9, Diff: 0.2, Sum: 11.3]
      [Termination (ms): Min: 0.0, Avg: 0.0, Max: 0.0, Diff: 0.0, Sum: 0.0]
         [Termination Attempts: Min: 1, Avg: 1.0, Max: 1, Diff: 0, Sum: 4]
      [GC Worker Other (ms): Min: 0.0, Avg: 0.0, Max: 0.0, Diff: 0.0, Sum: 0.1]
      [GC Worker Total (ms): Min: 4.1, Avg: 4.1, Max: 4.1, Diff: 0.0, Sum: 16.3]
      [GC Worker End (ms): Min: 112708.5, Avg: 112708.5, Max: 112708.5, Diff: 0.0]
   [Code Root Fixup: 0.0 ms]
   [Code Root Purge: 0.0 ms]
   [Clear CT: 0.0 ms]
   [Other: 0.6 ms]
      [Choose CSet: 0.0 ms]
      [Ref Proc: 0.0 ms]
      [Ref Enq: 0.0 ms]
      [Redirty Cards: 0.0 ms]
      [Humongous Register: 0.0 ms]
      [Humongous Reclaim: 0.0 ms]
      [Free CSet: 0.1 ms]
   [Eden: 69.0M(69.0M)->0.0B(58.0M) Survivors: 7168.0K->10.0M Heap: 912.0M(1028.0M)->855.5M(1028.0M)]
 [Times: user=0.00 sys=0.00, real=0.01 secs] 
2016-06-27T20:26:50.437+0300: 112.709: [GC concurrent-root-region-scan-start]
2016-06-27T20:26:50.437+0300: 112.709: Total time for which application threads were stopped: 0.0094135 seconds, Stopping threads took: 0.0039477 seconds
2016-06-27T20:26:50.438+0300: 112.710: [GC concurrent-root-region-scan-end, 0.0006838 secs]
2016-06-27T20:26:50.438+0300: 112.710: [GC concurrent-mark-start]
2016-06-27T20:26:50.495+0300: 112.767: [GC concurrent-mark-end, 0.0554685 secs]
2016-06-27T20:26:50.517+0300: 112.789: [GC remark 2016-06-27T20:26:50.517+0300: 112.789: [Finalize Marking, 0.0001950 secs] 2016-06-27T20:26:50.517+0300: 112.789: [GC ref-proc, 0.0000992 secs] 2016-06-27T20:26:50.517+0300: 112.789: [Unloading, 0.0013766 secs], 0.0052430 secs]
 [Times: user=0.06 sys=0.00, real=0.01 secs] 
2016-06-27T20:26:50.522+0300: 112.794: Total time for which application threads were stopped: 0.0121103 seconds, Stopping threads took: 0.0063853 seconds
2016-06-27T20:26:50.682+0300: 112.955: [GC cleanup 884M->884M(1028M), 0.0019009 secs]
 [Times: user=0.00 sys=0.00, real=0.00 secs] 
2016-06-27T20:26:50.684+0300: 112.957: Total time for which application threads were stopped: 0.0034114 seconds, Stopping threads took: 0.0010093 seconds
2016-06-27T20:26:50.935+0300: 113.207: [GC pause (G1 Evacuation Pause) (young)
Desired survivor size 4718592 bytes, new threshold 1 (max 15)
- age   1:   10318592 bytes,   10318592 total
, 0.0046601 secs]
   [Parallel Time: 4.1 ms, GC Workers: 4]
      [GC Worker Start (ms): Min: 113207.3, Avg: 113207.3, Max: 113207.3, Diff: 0.0]
      [Ext Root Scanning (ms): Min: 0.5, Avg: 0.5, Max: 0.6, Diff: 0.2, Sum: 2.1]
      [Update RS (ms): Min: 0.5, Avg: 0.6, Max: 0.8, Diff: 0.3, Sum: 2.4]
         [Processed Buffers: Min: 5, Avg: 5.8, Max: 6, Diff: 1, Sum: 23]
      [Scan RS (ms): Min: 0.0, Avg: 0.0, Max: 0.0, Diff: 0.0, Sum: 0.0]
      [Code Root Scanning (ms): Min: 0.0, Avg: 0.0, Max: 0.0, Diff: 0.0, Sum: 0.0]
      [Object Copy (ms): Min: 2.8, Avg: 2.9, Max: 3.1, Diff: 0.3, Sum: 11.8]
      [Termination (ms): Min: 0.0, Avg: 0.0, Max: 0.0, Diff: 0.0, Sum: 0.0]
         [Termination Attempts: Min: 1, Avg: 1.0, Max: 1, Diff: 0, Sum: 4]
      [GC Worker Other (ms): Min: 0.0, Avg: 0.0, Max: 0.0, Diff: 0.0, Sum: 0.1]
      [GC Worker Total (ms): Min: 4.1, Avg: 4.1, Max: 4.1, Diff: 0.0, Sum: 16.4]
      [GC Worker End (ms): Min: 113211.4, Avg: 113211.4, Max: 113211.4, Diff: 0.0]
   [Code Root Fixup: 0.0 ms]
   [Code Root Purge: 0.0 ms]
   [Clear CT: 0.0 ms]
   [Other: 0.5 ms]
      [Choose CSet: 0.0 ms]
      [Ref Proc: 0.1 ms]
      [Ref Enq: 0.0 ms]
      [Redirty Cards: 0.0 ms]
      [Humongous Register: 0.0 ms]
      [Humongous Reclaim: 0.0 ms]
      [Free CSet: 0.1 ms]
   [Eden: 58.0M(58.0M)->0.0B(42.0M) Survivors: 10.0M->9216.0K Heap: 913.5M(1028.0M)->866.5M(1028.0M)]
 [Times: user=0.00 sys=0.00, real=0.01 secs] 
2016-06-27T20:26:50.940+0300: 113.212: Total time for which application threads were stopped: 0.0061655 seconds, Stopping threads took: 0.0009545 seconds
2016-06-27T20:26:51.299+0300: 113.571: [GC pause (G1 Evacuation Pause) (mixed)
Desired survivor size 3670016 bytes, new threshold 1 (max 15)
- age   1:    9010248 bytes,    9010248 total
, 0.0192188 secs]
   [Parallel Time: 17.9 ms, GC Workers: 4]
      [GC Worker Start (ms): Min: 113571.7, Avg: 113571.7, Max: 113571.7, Diff: 0.0]
      [Ext Root Scanning (ms): Min: 0.5, Avg: 0.5, Max: 0.7, Diff: 0.2, Sum: 2.2]
      [Update RS (ms): Min: 0.5, Avg: 0.6, Max: 0.8, Diff: 0.3, Sum: 2.5]
         [Processed Buffers: Min: 2, Avg: 9.0, Max: 24, Diff: 22, Sum: 36]
      [Scan RS (ms): Min: 3.3, Avg: 3.4, Max: 3.5, Diff: 0.2, Sum: 13.6]
      [Code Root Scanning (ms): Min: 0.0, Avg: 0.0, Max: 0.1, Diff: 0.1, Sum: 0.1]
      [Object Copy (ms): Min: 13.2, Avg: 13.2, Max: 13.3, Diff: 0.1, Sum: 52.9]
      [Termination (ms): Min: 0.0, Avg: 0.0, Max: 0.0, Diff: 0.0, Sum: 0.0]
         [Termination Attempts: Min: 1, Avg: 4.3, Max: 8, Diff: 7, Sum: 17]
      [GC Worker Other (ms): Min: 0.0, Avg: 0.0, Max: 0.0, Diff: 0.0, Sum: 0.1]
      [GC Worker Total (ms): Min: 17.8, Avg: 17.8, Max: 17.9, Diff: 0.0, Sum: 71.4]
      [GC Worker End (ms): Min: 113589.6, Avg: 113589.6, Max: 113589.6, Diff: 0.0]
   [Code Root Fixup: 0.0 ms]
   [Code Root Purge: 0.0 ms]
   [Clear CT: 0.2 ms]
   [Other: 1.1 ms]
      [Choose CSet: 0.2 ms]
      [Ref Proc: 0.1 ms]
      [Ref Enq: 0.0 ms]
      [Redirty Cards: 0.0 ms]
      [Humongous Register: 0.0 ms]
      [Humongous Reclaim: 0.0 ms]
      [Free CSet: 0.5 ms]
   [Eden: 42.0M(42.0M)->0.0B(44.0M) Survivors: 9216.0K->7168.0K Heap: 908.5M(1028.0M)->837.0M(1028.0M)]
 [Times: user=0.13 sys=0.00, real=0.02 secs] 
2016-06-27T20:26:51.319+0300: 113.591: Total time for which application threads were stopped: 0.0208764 seconds, Stopping threads took: 0.0010777 seconds
2016-06-27T20:26:51.701+0300: 113.973: [GC pause (G1 Evacuation Pause) (mixed)
Desired survivor size 3670016 bytes, new threshold 1 (max 15)
- age   1:    7208312 bytes,    7208312 total
, 0.0154216 secs]
   [Parallel Time: 14.7 ms, GC Workers: 4]
      [GC Worker Start (ms): Min: 113972.7, Avg: 113972.7, Max: 113972.7, Diff: 0.0]
      [Ext Root Scanning (ms): Min: 0.4, Avg: 0.5, Max: 0.6, Diff: 0.1, Sum: 1.9]
      [Update RS (ms): Min: 9.3, Avg: 9.5, Max: 9.6, Diff: 0.3, Sum: 37.8]
         [Processed Buffers: Min: 11, Avg: 14.5, Max: 25, Diff: 14, Sum: 58]
      [Scan RS (ms): Min: 0.7, Avg: 0.9, Max: 1.0, Diff: 0.3, Sum: 3.7]
      [Code Root Scanning (ms): Min: 0.0, Avg: 0.0, Max: 0.1, Diff: 0.1, Sum: 0.1]
      [Object Copy (ms): Min: 3.7, Avg: 3.8, Max: 3.8, Diff: 0.0, Sum: 15.1]
      [Termination (ms): Min: 0.0, Avg: 0.0, Max: 0.0, Diff: 0.0, Sum: 0.0]
         [Termination Attempts: Min: 1, Avg: 1.0, Max: 1, Diff: 0, Sum: 4]
      [GC Worker Other (ms): Min: 0.0, Avg: 0.0, Max: 0.0, Diff: 0.0, Sum: 0.1]
      [GC Worker Total (ms): Min: 14.7, Avg: 14.7, Max: 14.7, Diff: 0.0, Sum: 58.7]
      [GC Worker End (ms): Min: 113987.4, Avg: 113987.4, Max: 113987.4, Diff: 0.0]
   [Code Root Fixup: 0.0 ms]
   [Code Root Purge: 0.0 ms]
   [Clear CT: 0.1 ms]
   [Other: 0.6 ms]
      [Choose CSet: 0.0 ms]
      [Ref Proc: 0.0 ms]
      [Ref Enq: 0.0 ms]
      [Redirty Cards: 0.0 ms]
      [Humongous Register: 0.0 ms]
      [Humongous Reclaim: 0.0 ms]
      [Free CSet: 0.1 ms]
   [Eden: 44.0M(44.0M)->0.0B(44.0M) Survivors: 7168.0K->7168.0K Heap: 881.0M(1028.0M)->842.0M(1028.0M)]
 [Times: user=0.06 sys=0.00, real=0.02 secs] 
2016-06-27T20:26:51.716+0300: 113.988: Total time for which application threads were stopped: 0.0177019 seconds, Stopping threads took: 0.0016691 seconds
2016-06-27T20:26:52.100+0300: 114.372: [GC pause (G1 Evacuation Pause) (young)
Desired survivor size 3670016 bytes, new threshold 1 (max 15)
- age   1:    7035448 bytes,    7035448 total
, 0.0068540 secs]
   [Parallel Time: 6.2 ms, GC Workers: 4]
      [GC Worker Start (ms): Min: 114372.1, Avg: 114372.2, Max: 114372.2, Diff: 0.0]
      [Ext Root Scanning (ms): Min: 0.5, Avg: 0.5, Max: 0.6, Diff: 0.1, Sum: 2.1]
      [Update RS (ms): Min: 3.4, Avg: 3.5, Max: 3.5, Diff: 0.1, Sum: 13.9]
         [Processed Buffers: Min: 3, Avg: 11.3, Max: 19, Diff: 16, Sum: 45]
      [Scan RS (ms): Min: 0.0, Avg: 0.0, Max: 0.0, Diff: 0.0, Sum: 0.0]
      [Code Root Scanning (ms): Min: 0.0, Avg: 0.0, Max: 0.0, Diff: 0.0, Sum: 0.0]
      [Object Copy (ms): Min: 2.1, Avg: 2.2, Max: 2.2, Diff: 0.1, Sum: 8.8]
      [Termination (ms): Min: 0.0, Avg: 0.0, Max: 0.0, Diff: 0.0, Sum: 0.0]
         [Termination Attempts: Min: 1, Avg: 1.0, Max: 1, Diff: 0, Sum: 4]
      [GC Worker Other (ms): Min: 0.0, Avg: 0.0, Max: 0.0, Diff: 0.0, Sum: 0.1]
      [GC Worker Total (ms): Min: 6.2, Avg: 6.2, Max: 6.2, Diff: 0.0, Sum: 24.8]
      [GC Worker End (ms): Min: 114378.4, Avg: 114378.4, Max: 114378.4, Diff: 0.0]
   [Code Root Fixup: 0.0 ms]
   [Code Root Purge: 0.0 ms]
   [Clear CT: 0.0 ms]
   [Other: 0.6 ms]
      [Choose CSet: 0.0 ms]
      [Ref Proc: 0.0 ms]
      [Ref Enq: 0.0 ms]
      [Redirty Cards: 0.0 ms]
      [Humongous Register: 0.0 ms]
      [Humongous Reclaim: 0.0 ms]
      [Free CSet: 0.1 ms]
   [Eden: 44.0M(44.0M)->0.0B(62.0M) Survivors: 7168.0K->7168.0K Heap: 886.0M(1028.0M)->851.0M(1028.0M)]
 [Times: user=0.00 sys=0.00, real=0.01 secs] 
2016-06-27T20:26:52.107+0300: 114.379: Total time for which application threads were stopped: 0.0092365 seconds, Stopping threads took: 0.0017564 seconds
2016-06-27T20:26:52.619+0300: 114.891: [GC pause (G1 Evacuation Pause) (young) (initial-mark)
Desired survivor size 4718592 bytes, new threshold 1 (max 15)
- age   1:    7218752 bytes,    7218752 total
, 0.0046294 secs]
   [Parallel Time: 4.0 ms, GC Workers: 4]
      [GC Worker Start (ms): Min: 114891.1, Avg: 114891.1, Max: 114891.1, Diff: 0.0]
      [Ext Root Scanning (ms): Min: 0.5, Avg: 0.5, Max: 0.6, Diff: 0.1, Sum: 2.2]
      [Update RS (ms): Min: 0.5, Avg: 0.6, Max: 0.7, Diff: 0.1, Sum: 2.4]
         [Processed Buffers: Min: 6, Avg: 12.5, Max: 21, Diff: 15, Sum: 50]
      [Scan RS (ms): Min: 0.0, Avg: 0.0, Max: 0.1, Diff: 0.1, Sum: 0.1]
      [Code Root Scanning (ms): Min: 0.0, Avg: 0.0, Max: 0.0, Diff: 0.0, Sum: 0.0]
      [Object Copy (ms): Min: 2.7, Avg: 2.8, Max: 2.9, Diff: 0.2, Sum: 11.0]
      [Termination (ms): Min: 0.0, Avg: 0.0, Max: 0.0, Diff: 0.0, Sum: 0.0]
         [Termination Attempts: Min: 1, Avg: 1.0, Max: 1, Diff: 0, Sum: 4]
      [GC Worker Other (ms): Min: 0.0, Avg: 0.0, Max: 0.0, Diff: 0.0, Sum: 0.1]
      [GC Worker Total (ms): Min: 3.9, Avg: 3.9, Max: 4.0, Diff: 0.0, Sum: 15.8]
      [GC Worker End (ms): Min: 114895.1, Avg: 114895.1, Max: 114895.1, Diff: 0.0]
   [Code Root Fixup: 0.0 ms]
   [Code Root Purge: 0.0 ms]
   [Clear CT: 0.0 ms]
   [Other: 0.6 ms]
      [Choose CSet: 0.0 ms]
      [Ref Proc: 0.1 ms]
      [Ref Enq: 0.0 ms]
      [Redirty Cards: 0.0 ms]
      [Humongous Register: 0.0 ms]
      [Humongous Reclaim: 0.0 ms]
      [Free CSet: 0.1 ms]
   [Eden: 62.0M(62.0M)->0.0B(52.0M) Survivors: 7168.0K->9216.0K Heap: 913.0M(1028.0M)->863.0M(1028.0M)]
 [Times: user=0.00 sys=0.00, real=0.01 secs] 
2016-06-27T20:26:52.624+0300: 114.896: [GC concurrent-root-region-scan-start]
2016-06-27T20:26:52.624+0300: 114.896: Total time for which application threads were stopped: 0.0063126 seconds, Stopping threads took: 0.0009994 seconds
2016-06-27T20:26:52.624+0300: 114.897: [GC concurrent-root-region-scan-end, 0.0008391 secs]
2016-06-27T20:26:52.624+0300: 114.897: [GC concurrent-mark-start]
2016-06-27T20:26:52.681+0300: 114.953: [GC concurrent-mark-end, 0.0543861 secs]
2016-06-27T20:26:52.715+0300: 114.987: [GC remark 2016-06-27T20:26:52.715+0300: 114.987: [Finalize Marking, 0.0001745 secs] 2016-06-27T20:26:52.715+0300: 114.987: [GC ref-proc, 0.0000996 secs] 2016-06-27T20:26:52.715+0300: 114.987: [Unloading, 0.0016251 secs], 0.0055612 secs]
 [Times: user=0.00 sys=0.00, real=0.01 secs] 
2016-06-27T20:26:52.720+0300: 114.992: Total time for which application threads were stopped: 0.0087036 seconds, Stopping threads took: 0.0026185 seconds
2016-06-27T20:26:52.721+0300: 114.993: [GC cleanup 884M->884M(1028M), 0.0017752 secs]
 [Times: user=0.00 sys=0.00, real=0.00 secs] 
2016-06-27T20:26:52.723+0300: 114.995: Total time for which application threads were stopped: 0.0023731 seconds, Stopping threads took: 0.0000671 seconds
2016-06-27T20:26:52.970+0300: 115.242: [GC pause (G1 Evacuation Pause) (young)
Desired survivor size 4194304 bytes, new threshold 1 (max 15)
- age   1:    9280336 bytes,    9280336 total
, 0.0045549 secs]
   [Parallel Time: 4.0 ms, GC Workers: 4]
      [GC Worker Start (ms): Min: 115242.1, Avg: 115242.1, Max: 115242.1, Diff: 0.0]
      [Ext Root Scanning (ms): Min: 0.5, Avg: 0.5, Max: 0.6, Diff: 0.1, Sum: 2.1]
      [Update RS (ms): Min: 0.6, Avg: 0.7, Max: 0.8, Diff: 0.2, Sum: 2.7]
         [Processed Buffers: Min: 2, Avg: 8.8, Max: 26, Diff: 24, Sum: 35]
      [Scan RS (ms): Min: 0.0, Avg: 0.0, Max: 0.0, Diff: 0.0, Sum: 0.0]
      [Code Root Scanning (ms): Min: 0.0, Avg: 0.0, Max: 0.0, Diff: 0.0, Sum: 0.0]
      [Object Copy (ms): Min: 2.6, Avg: 2.7, Max: 2.8, Diff: 0.2, Sum: 10.9]
      [Termination (ms): Min: 0.0, Avg: 0.0, Max: 0.0, Diff: 0.0, Sum: 0.0]
         [Termination Attempts: Min: 1, Avg: 1.0, Max: 1, Diff: 0, Sum: 4]
      [GC Worker Other (ms): Min: 0.0, Avg: 0.0, Max: 0.0, Diff: 0.0, Sum: 0.1]
      [GC Worker Total (ms): Min: 3.9, Avg: 4.0, Max: 4.0, Diff: 0.0, Sum: 15.8]
      [GC Worker End (ms): Min: 115246.0, Avg: 115246.0, Max: 115246.0, Diff: 0.0]
   [Code Root Fixup: 0.0 ms]
   [Code Root Purge: 0.0 ms]
   [Clear CT: 0.0 ms]
   [Other: 0.5 ms]
      [Choose CSet: 0.0 ms]
      [Ref Proc: 0.0 ms]
      [Ref Enq: 0.0 ms]
      [Redirty Cards: 0.0 ms]
      [Humongous Register: 0.0 ms]
      [Humongous Reclaim: 0.0 ms]
      [Free CSet: 0.1 ms]
   [Eden: 52.0M(52.0M)->0.0B(43.0M) Survivors: 9216.0K->8192.0K Heap: 915.0M(1028.0M)->872.5M(1028.0M)]
 [Times: user=0.06 sys=0.00, real=0.00 secs] 
2016-06-27T20:26:52.975+0300: 115.247: Total time for which application threads were stopped: 0.0067510 seconds, Stopping threads took: 0.0013736 seconds
2016-06-27T20:26:53.329+0300: 115.601: [GC pause (G1 Evacuation Pause) (mixed)
Desired survivor size 3670016 bytes, new threshold 1 (max 15)
- age   1:    8237424 bytes,    8237424 total
, 0.0184024 secs]
   [Parallel Time: 17.1 ms, GC Workers: 4]
      [GC Worker Start (ms): Min: 115601.5, Avg: 115601.5, Max: 115601.5, Diff: 0.0]
      [Ext Root Scanning (ms): Min: 0.5, Avg: 0.5, Max: 0.6, Diff: 0.1, Sum: 2.2]
      [Update RS (ms): Min: 1.1, Avg: 1.2, Max: 1.3, Diff: 0.2, Sum: 4.7]
         [Processed Buffers: Min: 2, Avg: 11.3, Max: 33, Diff: 31, Sum: 45]
      [Scan RS (ms): Min: 3.2, Avg: 3.3, Max: 3.4, Diff: 0.1, Sum: 13.3]
      [Code Root Scanning (ms): Min: 0.0, Avg: 0.0, Max: 0.1, Diff: 0.1, Sum: 0.1]
      [Object Copy (ms): Min: 11.9, Avg: 11.9, Max: 12.0, Diff: 0.1, Sum: 47.7]
      [Termination (ms): Min: 0.0, Avg: 0.0, Max: 0.0, Diff: 0.0, Sum: 0.0]
         [Termination Attempts: Min: 1, Avg: 1.3, Max: 2, Diff: 1, Sum: 5]
      [GC Worker Other (ms): Min: 0.0, Avg: 0.0, Max: 0.0, Diff: 0.0, Sum: 0.1]
      [GC Worker Total (ms): Min: 17.0, Avg: 17.1, Max: 17.1, Diff: 0.0, Sum: 68.2]
      [GC Worker End (ms): Min: 115618.5, Avg: 115618.5, Max: 115618.5, Diff: 0.0]
   [Code Root Fixup: 0.0 ms]
   [Code Root Purge: 0.0 ms]
   [Clear CT: 0.2 ms]
   [Other: 1.1 ms]
      [Choose CSet: 0.1 ms]
      [Ref Proc: 0.1 ms]
      [Ref Enq: 0.0 ms]
      [Redirty Cards: 0.1 ms]
      [Humongous Register: 0.1 ms]
      [Humongous Reclaim: 0.0 ms]
      [Free CSet: 0.4 ms]
   [Eden: 43.0M(43.0M)->0.0B(44.0M) Survivors: 8192.0K->7168.0K Heap: 915.5M(1028.0M)->852.5M(1028.0M)]
 [Times: user=0.06 sys=0.00, real=0.02 secs] 
2016-06-27T20:26:53.348+0300: 115.620: Total time for which application threads were stopped: 0.0232340 seconds, Stopping threads took: 0.0040422 seconds
2016-06-27T20:26:53.716+0300: 115.988: [GC pause (G1 Evacuation Pause) (young)
Desired survivor size 3670016 bytes, new threshold 1 (max 15)
- age   1:    6931400 bytes,    6931400 total
, 0.0128228 secs]
   [Parallel Time: 12.2 ms, GC Workers: 4]
      [GC Worker Start (ms): Min: 115988.6, Avg: 115988.6, Max: 115988.6, Diff: 0.0]
      [Ext Root Scanning (ms): Min: 0.5, Avg: 0.6, Max: 0.6, Diff: 0.1, Sum: 2.3]
      [Update RS (ms): Min: 9.3, Avg: 9.3, Max: 9.4, Diff: 0.1, Sum: 37.3]
         [Processed Buffers: Min: 11, Avg: 19.5, Max: 29, Diff: 18, Sum: 78]
      [Scan RS (ms): Min: 0.0, Avg: 0.0, Max: 0.0, Diff: 0.0, Sum: 0.0]
      [Code Root Scanning (ms): Min: 0.0, Avg: 0.0, Max: 0.0, Diff: 0.0, Sum: 0.0]
      [Object Copy (ms): Min: 2.2, Avg: 2.2, Max: 2.3, Diff: 0.1, Sum: 8.9]
      [Termination (ms): Min: 0.0, Avg: 0.0, Max: 0.0, Diff: 0.0, Sum: 0.0]
         [Termination Attempts: Min: 1, Avg: 1.0, Max: 1, Diff: 0, Sum: 4]
      [GC Worker Other (ms): Min: 0.0, Avg: 0.0, Max: 0.0, Diff: 0.0, Sum: 0.1]
      [GC Worker Total (ms): Min: 12.1, Avg: 12.1, Max: 12.1, Diff: 0.0, Sum: 48.5]
      [GC Worker End (ms): Min: 116000.7, Avg: 116000.7, Max: 116000.7, Diff: 0.0]
   [Code Root Fixup: 0.0 ms]
   [Code Root Purge: 0.0 ms]
   [Clear CT: 0.0 ms]
   [Other: 0.6 ms]
      [Choose CSet: 0.0 ms]
      [Ref Proc: 0.1 ms]
      [Ref Enq: 0.0 ms]
      [Redirty Cards: 0.0 ms]
      [Humongous Register: 0.0 ms]
      [Humongous Reclaim: 0.0 ms]
      [Free CSet: 0.1 ms]
   [Eden: 44.0M(44.0M)->0.0B(54.0M) Survivors: 7168.0K->7168.0K Heap: 896.5M(1028.0M)->861.0M(1028.0M)]
 [Times: user=0.06 sys=0.00, real=0.01 secs] 
2016-06-27T20:26:53.730+0300: 116.001: Total time for which application threads were stopped: 0.0176591 seconds, Stopping threads took: 0.0039922 seconds
2016-06-27T20:26:54.200+0300: 116.472: [GC pause (G1 Evacuation Pause) (young) (initial-mark)
Desired survivor size 4194304 bytes, new threshold 1 (max 15)
- age   1:    7219448 bytes,    7219448 total
, 0.0048227 secs]
   [Parallel Time: 4.2 ms, GC Workers: 4]
      [GC Worker Start (ms): Min: 116472.5, Avg: 116472.5, Max: 116472.5, Diff: 0.0]
      [Ext Root Scanning (ms): Min: 0.6, Avg: 0.6, Max: 0.7, Diff: 0.2, Sum: 2.4]
      [Update RS (ms): Min: 0.8, Avg: 1.0, Max: 1.1, Diff: 0.3, Sum: 4.0]
         [Processed Buffers: Min: 2, Avg: 7.5, Max: 13, Diff: 11, Sum: 30]
      [Scan RS (ms): Min: 0.0, Avg: 0.0, Max: 0.0, Diff: 0.0, Sum: 0.0]
      [Code Root Scanning (ms): Min: 0.0, Avg: 0.0, Max: 0.0, Diff: 0.0, Sum: 0.0]
      [Object Copy (ms): Min: 2.4, Avg: 2.5, Max: 2.6, Diff: 0.1, Sum: 10.0]
      [Termination (ms): Min: 0.0, Avg: 0.0, Max: 0.0, Diff: 0.0, Sum: 0.0]
         [Termination Attempts: Min: 1, Avg: 1.0, Max: 1, Diff: 0, Sum: 4]
      [GC Worker Other (ms): Min: 0.0, Avg: 0.0, Max: 0.0, Diff: 0.0, Sum: 0.1]
      [GC Worker Total (ms): Min: 4.1, Avg: 4.1, Max: 4.1, Diff: 0.0, Sum: 16.5]
      [GC Worker End (ms): Min: 116476.7, Avg: 116476.7, Max: 116476.7, Diff: 0.0]
   [Code Root Fixup: 0.0 ms]
   [Code Root Purge: 0.0 ms]
   [Clear CT: 0.0 ms]
   [Other: 0.6 ms]
      [Choose CSet: 0.0 ms]
      [Ref Proc: 0.0 ms]
      [Ref Enq: 0.0 ms]
      [Redirty Cards: 0.0 ms]
      [Humongous Register: 0.0 ms]
      [Humongous Reclaim: 0.0 ms]
      [Free CSet: 0.1 ms]
   [Eden: 54.0M(54.0M)->0.0B(45.0M) Survivors: 7168.0K->8192.0K Heap: 915.0M(1028.0M)->871.5M(1028.0M)]
 [Times: user=0.00 sys=0.00, real=0.00 secs] 
2016-06-27T20:26:54.205+0300: 116.477: [GC concurrent-root-region-scan-start]
2016-06-27T20:26:54.205+0300: 116.477: Total time for which application threads were stopped: 0.0058285 seconds, Stopping threads took: 0.0002096 seconds
2016-06-27T20:26:54.206+0300: 116.478: [GC concurrent-root-region-scan-end, 0.0007219 secs]
2016-06-27T20:26:54.206+0300: 116.478: [GC concurrent-mark-start]
2016-06-27T20:26:54.590+0300: 116.862: [GC pause (G1 Evacuation Pause) (young)
Desired survivor size 3670016 bytes, new threshold 1 (max 15)
- age   1:    7920256 bytes,    7920256 total
, 0.0045413 secs]
   [Parallel Time: 4.0 ms, GC Workers: 4]
      [GC Worker Start (ms): Min: 116862.5, Avg: 116862.5, Max: 116862.5, Diff: 0.0]
      [Ext Root Scanning (ms): Min: 0.6, Avg: 0.6, Max: 0.7, Diff: 0.1, Sum: 2.4]
      [Update RS (ms): Min: 0.9, Avg: 1.0, Max: 1.1, Diff: 0.2, Sum: 4.0]
         [Processed Buffers: Min: 3, Avg: 6.8, Max: 9, Diff: 6, Sum: 27]
      [Scan RS (ms): Min: 0.0, Avg: 0.0, Max: 0.0, Diff: 0.0, Sum: 0.0]
      [Code Root Scanning (ms): Min: 0.0, Avg: 0.0, Max: 0.0, Diff: 0.0, Sum: 0.0]
      [Object Copy (ms): Min: 2.3, Avg: 2.3, Max: 2.4, Diff: 0.2, Sum: 9.4]
      [Termination (ms): Min: 0.0, Avg: 0.0, Max: 0.0, Diff: 0.0, Sum: 0.0]
         [Termination Attempts: Min: 1, Avg: 1.0, Max: 1, Diff: 0, Sum: 4]
      [GC Worker Other (ms): Min: 0.0, Avg: 0.0, Max: 0.0, Diff: 0.0, Sum: 0.1]
      [GC Worker Total (ms): Min: 4.0, Avg: 4.0, Max: 4.0, Diff: 0.0, Sum: 15.9]
      [GC Worker End (ms): Min: 116866.5, Avg: 116866.5, Max: 116866.5, Diff: 0.0]
   [Code Root Fixup: 0.0 ms]
   [Code Root Purge: 0.0 ms]
   [Clear CT: 0.0 ms]
   [Other: 0.5 ms]
      [Choose CSet: 0.0 ms]
      [Ref Proc: 0.1 ms]
      [Ref Enq: 0.0 ms]
      [Redirty Cards: 0.0 ms]
      [Humongous Register: 0.0 ms]
      [Humongous Reclaim: 0.0 ms]
      [Free CSet: 0.0 ms]
   [Eden: 45.0M(45.0M)->0.0B(44.0M) Survivors: 8192.0K->7168.0K Heap: 916.5M(1028.0M)->880.0M(1028.0M)]
 [Times: user=0.00 sys=0.00, real=0.01 secs] 
2016-06-27T20:26:54.595+0300: 116.867: Total time for which application threads were stopped: 0.0076678 seconds, Stopping threads took: 0.0023358 seconds
2016-06-27T20:26:54.980+0300: 117.252: [GC pause (G1 Evacuation Pause) (young)
Desired survivor size 3670016 bytes, new threshold 1 (max 15)
- age   1:    6931104 bytes,    6931104 total
, 0.0042342 secs]
   [Parallel Time: 3.7 ms, GC Workers: 4]
      [GC Worker Start (ms): Min: 117252.4, Avg: 117252.4, Max: 117252.4, Diff: 0.0]
      [Ext Root Scanning (ms): Min: 0.5, Avg: 0.5, Max: 0.6, Diff: 0.1, Sum: 2.0]
      [Update RS (ms): Min: 0.9, Avg: 1.0, Max: 1.0, Diff: 0.1, Sum: 3.9]
         [Processed Buffers: Min: 2, Avg: 6.0, Max: 8, Diff: 6, Sum: 24]
      [Scan RS (ms): Min: 0.0, Avg: 0.0, Max: 0.0, Diff: 0.0, Sum: 0.0]
      [Code Root Scanning (ms): Min: 0.0, Avg: 0.0, Max: 0.0, Diff: 0.0, Sum: 0.0]
      [Object Copy (ms): Min: 2.1, Avg: 2.2, Max: 2.2, Diff: 0.1, Sum: 8.7]
      [Termination (ms): Min: 0.0, Avg: 0.0, Max: 0.0, Diff: 0.0, Sum: 0.0]
         [Termination Attempts: Min: 1, Avg: 1.3, Max: 2, Diff: 1, Sum: 5]
      [GC Worker Other (ms): Min: 0.0, Avg: 0.0, Max: 0.0, Diff: 0.0, Sum: 0.1]
      [GC Worker Total (ms): Min: 3.7, Avg: 3.7, Max: 3.7, Diff: 0.0, Sum: 14.7]
      [GC Worker End (ms): Min: 117256.0, Avg: 117256.0, Max: 117256.0, Diff: 0.0]
   [Code Root Fixup: 0.0 ms]
   [Code Root Purge: 0.0 ms]
   [Clear CT: 0.0 ms]
   [Other: 0.5 ms]
      [Choose CSet: 0.0 ms]
      [Ref Proc: 0.0 ms]
      [Ref Enq: 0.0 ms]
      [Redirty Cards: 0.0 ms]
      [Humongous Register: 0.0 ms]
      [Humongous Reclaim: 0.0 ms]
      [Free CSet: 0.1 ms]
   [Eden: 44.0M(44.0M)->0.0B(44.0M) Survivors: 7168.0K->7168.0K Heap: 924.0M(1028.0M)->888.0M(1028.0M)]
 [Times: user=0.00 sys=0.00, real=0.00 secs] 
2016-06-27T20:26:54.984+0300: 117.257: Total time for which application threads were stopped: 0.0049852 seconds, Stopping threads took: 0.0001950 seconds
2016-06-27T20:26:55.361+0300: 117.633: [GC pause (G1 Evacuation Pause) (young)
Desired survivor size 3670016 bytes, new threshold 1 (max 15)
- age   1:    7159992 bytes,    7159992 total
, 0.0040627 secs]
   [Parallel Time: 3.5 ms, GC Workers: 4]
      [GC Worker Start (ms): Min: 117633.6, Avg: 117633.6, Max: 117633.6, Diff: 0.0]
      [Ext Root Scanning (ms): Min: 0.4, Avg: 0.5, Max: 0.5, Diff: 0.1, Sum: 1.9]
      [Update RS (ms): Min: 0.7, Avg: 0.7, Max: 0.8, Diff: 0.1, Sum: 2.9]
         [Processed Buffers: Min: 2, Avg: 4.5, Max: 8, Diff: 6, Sum: 18]
      [Scan RS (ms): Min: 0.0, Avg: 0.0, Max: 0.0, Diff: 0.0, Sum: 0.0]
      [Code Root Scanning (ms): Min: 0.0, Avg: 0.0, Max: 0.0, Diff: 0.0, Sum: 0.0]
      [Object Copy (ms): Min: 2.3, Avg: 2.3, Max: 2.3, Diff: 0.0, Sum: 9.1]
      [Termination (ms): Min: 0.0, Avg: 0.0, Max: 0.0, Diff: 0.0, Sum: 0.0]
         [Termination Attempts: Min: 1, Avg: 1.0, Max: 1, Diff: 0, Sum: 4]
      [GC Worker Other (ms): Min: 0.0, Avg: 0.0, Max: 0.0, Diff: 0.0, Sum: 0.1]
      [GC Worker Total (ms): Min: 3.5, Avg: 3.5, Max: 3.5, Diff: 0.0, Sum: 14.0]
      [GC Worker End (ms): Min: 117637.1, Avg: 117637.1, Max: 117637.1, Diff: 0.0]
   [Code Root Fixup: 0.0 ms]
   [Code Root Purge: 0.0 ms]
   [Clear CT: 0.1 ms]
   [Other: 0.5 ms]
      [Choose CSet: 0.0 ms]
      [Ref Proc: 0.0 ms]
      [Ref Enq: 0.0 ms]
      [Redirty Cards: 0.0 ms]
      [Humongous Register: 0.0 ms]
      [Humongous Reclaim: 0.0 ms]
      [Free CSet: 0.1 ms]
   [Eden: 44.0M(44.0M)->0.0B(44.0M) Survivors: 7168.0K->7168.0K Heap: 932.0M(1028.0M)->896.0M(1028.0M)]
 [Times: user=0.06 sys=0.00, real=0.00 secs] 
2016-06-27T20:26:55.366+0300: 117.638: Total time for which application threads were stopped: 0.0051434 seconds, Stopping threads took: 0.0005247 seconds
2016-06-27T20:26:55.752+0300: 118.024: [GC pause (G1 Evacuation Pause) (young)
Desired survivor size 3670016 bytes, new threshold 1 (max 15)
- age   1:    6916032 bytes,    6916032 total
, 0.0040939 secs]
   [Parallel Time: 3.5 ms, GC Workers: 4]
      [GC Worker Start (ms): Min: 118023.8, Avg: 118023.8, Max: 118023.8, Diff: 0.0]
      [Ext Root Scanning (ms): Min: 0.5, Avg: 0.5, Max: 0.6, Diff: 0.1, Sum: 2.1]
      [Update RS (ms): Min: 0.7, Avg: 0.7, Max: 0.8, Diff: 0.1, Sum: 2.9]
         [Processed Buffers: Min: 4, Avg: 4.8, Max: 7, Diff: 3, Sum: 19]
      [Scan RS (ms): Min: 0.0, Avg: 0.0, Max: 0.0, Diff: 0.0, Sum: 0.0]
      [Code Root Scanning (ms): Min: 0.0, Avg: 0.0, Max: 0.0, Diff: 0.0, Sum: 0.0]
      [Object Copy (ms): Min: 2.1, Avg: 2.1, Max: 2.2, Diff: 0.2, Sum: 8.5]
      [Termination (ms): Min: 0.0, Avg: 0.0, Max: 0.0, Diff: 0.0, Sum: 0.0]
         [Termination Attempts: Min: 1, Avg: 1.3, Max: 2, Diff: 1, Sum: 5]
      [GC Worker Other (ms): Min: 0.0, Avg: 0.0, Max: 0.0, Diff: 0.0, Sum: 0.0]
      [GC Worker Total (ms): Min: 3.4, Avg: 3.4, Max: 3.4, Diff: 0.0, Sum: 13.7]
      [GC Worker End (ms): Min: 118027.2, Avg: 118027.2, Max: 118027.2, Diff: 0.0]
   [Code Root Fixup: 0.0 ms]
   [Code Root Purge: 0.0 ms]
   [Clear CT: 0.0 ms]
   [Other: 0.6 ms]
      [Choose CSet: 0.0 ms]
      [Ref Proc: 0.1 ms]
      [Ref Enq: 0.0 ms]
      [Redirty Cards: 0.1 ms]
      [Humongous Register: 0.0 ms]
      [Humongous Reclaim: 0.0 ms]
      [Free CSet: 0.0 ms]
   [Eden: 44.0M(44.0M)->0.0B(44.0M) Survivors: 7168.0K->7168.0K Heap: 940.0M(1028.0M)->904.5M(1028.0M)]
 [Times: user=0.06 sys=0.00, real=0.00 secs] 
2016-06-27T20:26:55.756+0300: 118.028: Total time for which application threads were stopped: 0.0048748 seconds, Stopping threads took: 0.0002044 seconds
2016-06-27T20:26:56.151+0300: 118.423: [GC pause (G1 Evacuation Pause) (young)
Desired survivor size 3670016 bytes, new threshold 1 (max 15)
- age   1:    6874536 bytes,    6874536 total
, 0.0041799 secs]
   [Parallel Time: 3.6 ms, GC Workers: 4]
      [GC Worker Start (ms): Min: 118423.6, Avg: 118423.7, Max: 118423.8, Diff: 0.1]
      [Ext Root Scanning (ms): Min: 0.5, Avg: 0.6, Max: 0.6, Diff: 0.1, Sum: 2.3]
      [Update RS (ms): Min: 0.6, Avg: 0.7, Max: 0.7, Diff: 0.1, Sum: 2.7]
         [Processed Buffers: Min: 2, Avg: 4.8, Max: 7, Diff: 5, Sum: 19]
      [Scan RS (ms): Min: 0.0, Avg: 0.0, Max: 0.0, Diff: 0.0, Sum: 0.0]
      [Code Root Scanning (ms): Min: 0.0, Avg: 0.0, Max: 0.0, Diff: 0.0, Sum: 0.0]
      [Object Copy (ms): Min: 2.2, Avg: 2.2, Max: 2.2, Diff: 0.0, Sum: 8.8]
      [Termination (ms): Min: 0.0, Avg: 0.0, Max: 0.0, Diff: 0.0, Sum: 0.0]
         [Termination Attempts: Min: 1, Avg: 1.0, Max: 1, Diff: 0, Sum: 4]
      [GC Worker Other (ms): Min: 0.0, Avg: 0.0, Max: 0.0, Diff: 0.0, Sum: 0.1]
      [GC Worker Total (ms): Min: 3.4, Avg: 3.5, Max: 3.5, Diff: 0.1, Sum: 13.9]
      [GC Worker End (ms): Min: 118427.1, Avg: 118427.1, Max: 118427.1, Diff: 0.0]
   [Code Root Fixup: 0.0 ms]
   [Code Root Purge: 0.0 ms]
   [Clear CT: 0.0 ms]
   [Other: 0.6 ms]
      [Choose CSet: 0.0 ms]
      [Ref Proc: 0.0 ms]
      [Ref Enq: 0.0 ms]
      [Redirty Cards: 0.0 ms]
      [Humongous Register: 0.1 ms]
      [Humongous Reclaim: 0.0 ms]
      [Free CSet: 0.1 ms]
   [Eden: 44.0M(44.0M)->0.0B(44.0M) Survivors: 7168.0K->7168.0K Heap: 948.5M(1028.0M)->912.5M(1028.0M)]
 [Times: user=0.00 sys=0.00, real=0.00 secs] 
2016-06-27T20:26:56.156+0300: 118.428: Total time for which application threads were stopped: 0.0151514 seconds, Stopping threads took: 0.0100058 seconds
2016-06-27T20:26:56.201+0300: 118.473: [GC concurrent-mark-end, 1.9953078 secs]
2016-06-27T20:26:56.233+0300: 118.506: [GC remark 2016-06-27T20:26:56.233+0300: 118.506: [Finalize Marking, 0.0023209 secs] 2016-06-27T20:26:56.236+0300: 118.508: [GC ref-proc, 0.0001103 secs] 2016-06-27T20:26:56.236+0300: 118.508: [Unloading, 0.0022063 secs], 0.0124670 secs]
 [Times: user=0.03 sys=0.00, real=0.01 secs] 
2016-06-27T20:26:56.246+0300: 118.518: Total time for which application threads were stopped: 0.0255566 seconds, Stopping threads took: 0.0125863 seconds
2016-06-27T20:26:56.250+0300: 118.522: [GC cleanup 922M->922M(1028M), 0.0038959 secs]
 [Times: user=0.00 sys=0.00, real=0.00 secs] 
2016-06-27T20:26:56.254+0300: 118.526: Total time for which application threads were stopped: 0.0045460 seconds, Stopping threads took: 0.0001993 seconds
2016-06-27T20:26:56.486+0300: 118.758: [GC pause (G1 Evacuation Pause) (young)
Desired survivor size 3670016 bytes, new threshold 1 (max 15)
- age   1:    7140560 bytes,    7140560 total
, 0.0040028 secs]
   [Parallel Time: 3.5 ms, GC Workers: 4]
      [GC Worker Start (ms): Min: 118757.8, Avg: 118757.8, Max: 118757.8, Diff: 0.0]
      [Ext Root Scanning (ms): Min: 0.5, Avg: 0.5, Max: 0.6, Diff: 0.1, Sum: 2.0]
      [Update RS (ms): Min: 0.6, Avg: 0.7, Max: 0.9, Diff: 0.2, Sum: 2.9]
         [Processed Buffers: Min: 2, Avg: 6.5, Max: 12, Diff: 10, Sum: 26]
      [Scan RS (ms): Min: 0.0, Avg: 0.0, Max: 0.0, Diff: 0.0, Sum: 0.0]
      [Code Root Scanning (ms): Min: 0.0, Avg: 0.0, Max: 0.0, Diff: 0.0, Sum: 0.0]
      [Object Copy (ms): Min: 2.1, Avg: 2.2, Max: 2.3, Diff: 0.2, Sum: 8.8]
      [Termination (ms): Min: 0.0, Avg: 0.0, Max: 0.0, Diff: 0.0, Sum: 0.0]
         [Termination Attempts: Min: 1, Avg: 1.0, Max: 1, Diff: 0, Sum: 4]
      [GC Worker Other (ms): Min: 0.0, Avg: 0.0, Max: 0.0, Diff: 0.0, Sum: 0.1]
      [GC Worker Total (ms): Min: 3.4, Avg: 3.4, Max: 3.5, Diff: 0.0, Sum: 13.8]
      [GC Worker End (ms): Min: 118761.2, Avg: 118761.2, Max: 118761.2, Diff: 0.0]
   [Code Root Fixup: 0.0 ms]
   [Code Root Purge: 0.0 ms]
   [Clear CT: 0.0 ms]
   [Other: 0.5 ms]
      [Choose CSet: 0.0 ms]
      [Ref Proc: 0.0 ms]
      [Ref Enq: 0.0 ms]
      [Redirty Cards: 0.0 ms]
      [Humongous Register: 0.0 ms]
      [Humongous Reclaim: 0.0 ms]
      [Free CSet: 0.1 ms]
   [Eden: 44.0M(44.0M)->0.0B(44.0M) Survivors: 7168.0K->7168.0K Heap: 956.5M(1028.0M)->921.5M(1028.0M)]
 [Times: user=0.06 sys=0.00, real=0.00 secs] 
2016-06-27T20:26:56.490+0300: 118.762: Total time for which application threads were stopped: 0.0080882 seconds, Stopping threads took: 0.0034794 seconds
2016-06-27T20:26:56.493+0300: 118.764: Total time for which application threads were stopped: 0.0006056 seconds, Stopping threads took: 0.0002545 seconds
2016-06-27T20:26:56.493+0300: 118.765: Total time for which application threads were stopped: 0.0003648 seconds, Stopping threads took: 0.0000334 seconds
2016-06-27T20:26:56.493+0300: 118.765: Total time for which application threads were stopped: 0.0003721 seconds, Stopping threads took: 0.0000368 seconds
2016-06-27T20:26:56.494+0300: 118.766: Total time for which application threads were stopped: 0.0003284 seconds, Stopping threads took: 0.0000257 seconds
2016-06-27T20:26:56.494+0300: 118.766: Total time for which application threads were stopped: 0.0003344 seconds, Stopping threads took: 0.0000304 seconds
2016-06-27T20:26:56.494+0300: 118.766: Total time for which application threads were stopped: 0.0003118 seconds, Stopping threads took: 0.0000210 seconds
2016-06-27T20:26:56.495+0300: 118.767: Total time for which application threads were stopped: 0.0003969 seconds, Stopping threads took: 0.0000971 seconds
2016-06-27T20:26:56.495+0300: 118.767: Total time for which application threads were stopped: 0.0003096 seconds, Stopping threads took: 0.0000244 seconds
2016-06-27T20:26:56.496+0300: 118.767: Total time for which application threads were stopped: 0.0003019 seconds, Stopping threads took: 0.0000231 seconds
2016-06-27T20:26:56.496+0300: 118.768: Total time for which application threads were stopped: 0.0003105 seconds, Stopping threads took: 0.0000291 seconds
2016-06-27T20:26:56.496+0300: 118.768: Total time for which application threads were stopped: 0.0003049 seconds, Stopping threads took: 0.0000231 seconds
2016-06-27T20:26:56.497+0300: 118.768: Total time for which application threads were stopped: 0.0002703 seconds, Stopping threads took: 0.0000227 seconds
2016-06-27T20:26:56.497+0300: 118.769: Total time for which application threads were stopped: 0.0002951 seconds, Stopping threads took: 0.0000167 seconds
2016-06-27T20:26:56.499+0300: 118.771: Total time for which application threads were stopped: 0.0017384 seconds, Stopping threads took: 0.0000257 seconds
2016-06-27T20:26:56.874+0300: 119.146: [GC pause (G1 Evacuation Pause) (mixed)
Desired survivor size 3670016 bytes, new threshold 1 (max 15)
- age   1:    6791280 bytes,    6791280 total
, 0.0196730 secs]
   [Parallel Time: 18.3 ms, GC Workers: 4]
      [GC Worker Start (ms): Min: 119146.5, Avg: 119146.5, Max: 119146.5, Diff: 0.0]
      [Ext Root Scanning (ms): Min: 0.5, Avg: 0.5, Max: 0.6, Diff: 0.1, Sum: 2.2]
      [Update RS (ms): Min: 0.5, Avg: 0.6, Max: 0.8, Diff: 0.3, Sum: 2.5]
         [Processed Buffers: Min: 2, Avg: 9.8, Max: 18, Diff: 16, Sum: 39]
      [Scan RS (ms): Min: 3.8, Avg: 4.0, Max: 4.0, Diff: 0.2, Sum: 15.9]
      [Code Root Scanning (ms): Min: 0.0, Avg: 0.0, Max: 0.0, Diff: 0.0, Sum: 0.1]
      [Object Copy (ms): Min: 13.0, Avg: 13.1, Max: 13.1, Diff: 0.1, Sum: 52.3]
      [Termination (ms): Min: 0.0, Avg: 0.0, Max: 0.1, Diff: 0.1, Sum: 0.2]
         [Termination Attempts: Min: 1, Avg: 3.0, Max: 5, Diff: 4, Sum: 12]
      [GC Worker Other (ms): Min: 0.0, Avg: 0.0, Max: 0.0, Diff: 0.0, Sum: 0.0]
      [GC Worker Total (ms): Min: 18.3, Avg: 18.3, Max: 18.3, Diff: 0.0, Sum: 73.1]
      [GC Worker End (ms): Min: 119164.8, Avg: 119164.8, Max: 119164.8, Diff: 0.0]
   [Code Root Fixup: 0.0 ms]
   [Code Root Purge: 0.0 ms]
   [Clear CT: 0.2 ms]
   [Other: 1.1 ms]
      [Choose CSet: 0.2 ms]
      [Ref Proc: 0.1 ms]
      [Ref Enq: 0.0 ms]
      [Redirty Cards: 0.1 ms]
      [Humongous Register: 0.0 ms]
      [Humongous Reclaim: 0.0 ms]
      [Free CSet: 0.5 ms]
   [Eden: 44.0M(44.0M)->0.0B(45.0M) Survivors: 7168.0K->7168.0K Heap: 965.5M(1028.0M)->888.5M(1042.0M)]
 [Times: user=0.06 sys=0.00, real=0.02 secs] 
2016-06-27T20:26:56.894+0300: 119.166: Total time for which application threads were stopped: 0.0288500 seconds, Stopping threads took: 0.0085864 seconds
2016-06-27T20:26:57.235+0300: 119.507: [GC pause (G1 Evacuation Pause) (young)
Desired survivor size 3670016 bytes, new threshold 1 (max 15)
- age   1:    6788848 bytes,    6788848 total
, 0.0137469 secs]
   [Parallel Time: 13.2 ms, GC Workers: 4]
      [GC Worker Start (ms): Min: 119507.2, Avg: 119507.2, Max: 119507.2, Diff: 0.0]
      [Ext Root Scanning (ms): Min: 0.5, Avg: 0.5, Max: 0.6, Diff: 0.2, Sum: 2.1]
      [Update RS (ms): Min: 10.2, Avg: 10.6, Max: 11.4, Diff: 1.2, Sum: 42.2]
         [Processed Buffers: Min: 12, Avg: 15.8, Max: 23, Diff: 11, Sum: 63]
      [Scan RS (ms): Min: 0.0, Avg: 0.0, Max: 0.0, Diff: 0.0, Sum: 0.0]
      [Code Root Scanning (ms): Min: 0.0, Avg: 0.0, Max: 0.0, Diff: 0.0, Sum: 0.0]
      [Object Copy (ms): Min: 1.3, Avg: 2.0, Max: 2.3, Diff: 1.1, Sum: 8.1]
      [Termination (ms): Min: 0.0, Avg: 0.0, Max: 0.0, Diff: 0.0, Sum: 0.0]
         [Termination Attempts: Min: 1, Avg: 1.0, Max: 1, Diff: 0, Sum: 4]
      [GC Worker Other (ms): Min: 0.0, Avg: 0.0, Max: 0.0, Diff: 0.0, Sum: 0.1]
      [GC Worker Total (ms): Min: 13.1, Avg: 13.1, Max: 13.1, Diff: 0.0, Sum: 52.6]
      [GC Worker End (ms): Min: 119520.3, Avg: 119520.3, Max: 119520.3, Diff: 0.0]
   [Code Root Fixup: 0.0 ms]
   [Code Root Purge: 0.0 ms]
   [Clear CT: 0.1 ms]
   [Other: 0.5 ms]
      [Choose CSet: 0.0 ms]
      [Ref Proc: 0.1 ms]
      [Ref Enq: 0.0 ms]
      [Redirty Cards: 0.0 ms]
      [Humongous Register: 0.0 ms]
      [Humongous Reclaim: 0.0 ms]
      [Free CSet: 0.1 ms]
   [Eden: 45.0M(45.0M)->0.0B(45.0M) Survivors: 7168.0K->7168.0K Heap: 933.5M(1042.0M)->897.0M(1042.0M)]
 [Times: user=0.06 sys=0.00, real=0.01 secs] 
2016-06-27T20:26:57.249+0300: 119.521: Total time for which application threads were stopped: 0.0195408 seconds, Stopping threads took: 0.0051635 seconds
2016-06-27T20:26:57.632+0300: 119.904: [GC pause (G1 Evacuation Pause) (young) (initial-mark)
Desired survivor size 3670016 bytes, new threshold 1 (max 15)
- age   1:    6920392 bytes,    6920392 total
, 0.0042517 secs]
   [Parallel Time: 3.5 ms, GC Workers: 4]
      [GC Worker Start (ms): Min: 119904.7, Avg: 119904.7, Max: 119904.7, Diff: 0.0]
      [Ext Root Scanning (ms): Min: 0.5, Avg: 0.6, Max: 0.8, Diff: 0.3, Sum: 2.4]
      [Update RS (ms): Min: 0.5, Avg: 0.6, Max: 0.8, Diff: 0.3, Sum: 2.6]
         [Processed Buffers: Min: 2, Avg: 8.5, Max: 21, Diff: 19, Sum: 34]
      [Scan RS (ms): Min: 0.0, Avg: 0.0, Max: 0.0, Diff: 0.0, Sum: 0.0]
      [Code Root Scanning (ms): Min: 0.0, Avg: 0.0, Max: 0.0, Diff: 0.0, Sum: 0.0]
      [Object Copy (ms): Min: 2.0, Avg: 2.2, Max: 2.3, Diff: 0.3, Sum: 8.8]
      [Termination (ms): Min: 0.0, Avg: 0.0, Max: 0.0, Diff: 0.0, Sum: 0.0]
         [Termination Attempts: Min: 1, Avg: 1.0, Max: 1, Diff: 0, Sum: 4]
      [GC Worker Other (ms): Min: 0.0, Avg: 0.0, Max: 0.0, Diff: 0.0, Sum: 0.1]
      [GC Worker Total (ms): Min: 3.5, Avg: 3.5, Max: 3.5, Diff: 0.0, Sum: 13.9]
      [GC Worker End (ms): Min: 119908.2, Avg: 119908.2, Max: 119908.2, Diff: 0.0]
   [Code Root Fixup: 0.0 ms]
   [Code Root Purge: 0.0 ms]
   [Clear CT: 0.0 ms]
   [Other: 0.7 ms]
      [Choose CSet: 0.0 ms]
      [Ref Proc: 0.1 ms]
      [Ref Enq: 0.0 ms]
      [Redirty Cards: 0.0 ms]
      [Humongous Register: 0.0 ms]
      [Humongous Reclaim: 0.0 ms]
      [Free CSet: 0.1 ms]
   [Eden: 45.0M(45.0M)->0.0B(45.0M) Survivors: 7168.0K->7168.0K Heap: 942.0M(1042.0M)->905.5M(1042.0M)]
 [Times: user=0.00 sys=0.00, real=0.01 secs] 
2016-06-27T20:26:57.637+0300: 119.909: [GC concurrent-root-region-scan-start]
2016-06-27T20:26:57.637+0300: 119.909: Total time for which application threads were stopped: 0.0133441 seconds, Stopping threads took: 0.0084432 seconds
2016-06-27T20:26:57.637+0300: 119.910: [GC concurrent-root-region-scan-end, 0.0006945 secs]
2016-06-27T20:26:57.637+0300: 119.910: [GC concurrent-mark-start]
2016-06-27T20:26:57.699+0300: 119.971: [GC concurrent-mark-end, 0.0606555 secs]
2016-06-27T20:26:57.714+0300: 119.986: [GC remark 2016-06-27T20:26:57.714+0300: 119.986: [Finalize Marking, 0.0001582 secs] 2016-06-27T20:26:57.714+0300: 119.987: [GC ref-proc, 0.0000971 secs] 2016-06-27T20:26:57.714+0300: 119.987: [Unloading, 0.0013865 secs], 0.0052345 secs]
 [Times: user=0.00 sys=0.00, real=0.01 secs] 
2016-06-27T20:26:57.719+0300: 119.992: Total time for which application threads were stopped: 0.0114342 seconds, Stopping threads took: 0.0057609 seconds
2016-06-27T20:26:58.004+0300: 120.276: [GC pause (G1 Evacuation Pause) (young)
Desired survivor size 3670016 bytes, new threshold 1 (max 15)
- age   1:    7237616 bytes,    7237616 total
, 0.0043646 secs]
   [Parallel Time: 3.9 ms, GC Workers: 4]
      [GC Worker Start (ms): Min: 120276.4, Avg: 120276.4, Max: 120276.4, Diff: 0.0]
      [Ext Root Scanning (ms): Min: 0.5, Avg: 0.7, Max: 1.1, Diff: 0.6, Sum: 2.8]
      [Update RS (ms): Min: 0.4, Avg: 0.9, Max: 1.4, Diff: 1.0, Sum: 3.6]
         [Processed Buffers: Min: 3, Avg: 8.5, Max: 23, Diff: 20, Sum: 34]
      [Scan RS (ms): Min: 0.0, Avg: 0.0, Max: 0.0, Diff: 0.0, Sum: 0.0]
      [Code Root Scanning (ms): Min: 0.0, Avg: 0.0, Max: 0.0, Diff: 0.0, Sum: 0.0]
      [Object Copy (ms): Min: 1.9, Avg: 2.2, Max: 2.3, Diff: 0.5, Sum: 8.7]
      [Termination (ms): Min: 0.0, Avg: 0.0, Max: 0.0, Diff: 0.0, Sum: 0.0]
         [Termination Attempts: Min: 1, Avg: 1.3, Max: 2, Diff: 1, Sum: 5]
      [GC Worker Other (ms): Min: 0.0, Avg: 0.0, Max: 0.0, Diff: 0.0, Sum: 0.1]
      [GC Worker Total (ms): Min: 3.8, Avg: 3.8, Max: 3.8, Diff: 0.0, Sum: 15.3]
      [GC Worker End (ms): Min: 120280.2, Avg: 120280.2, Max: 120280.2, Diff: 0.0]
   [Code Root Fixup: 0.0 ms]
   [Code Root Purge: 0.0 ms]
   [Clear CT: 0.0 ms]
   [Other: 0.5 ms]
      [Choose CSet: 0.0 ms]
      [Ref Proc: 0.0 ms]
      [Ref Enq: 0.0 ms]
      [Redirty Cards: 0.0 ms]
      [Humongous Register: 0.0 ms]
      [Humongous Reclaim: 0.0 ms]
      [Free CSet: 0.1 ms]
   [Eden: 45.0M(45.0M)->0.0B(45.0M) Survivors: 7168.0K->7168.0K Heap: 950.5M(1042.0M)->914.0M(1042.0M)]
 [Times: user=0.05 sys=0.00, real=0.01 secs] 
2016-06-27T20:26:58.009+0300: 120.281: Total time for which application threads were stopped: 0.0148862 seconds, Stopping threads took: 0.0099511 seconds
2016-06-27T20:26:58.378+0300: 120.650: [GC pause (G1 Evacuation Pause) (young)
Desired survivor size 3670016 bytes, new threshold 1 (max 15)
- age   1:    7146400 bytes,    7146400 total
, 0.0044339 secs]
   [Parallel Time: 3.8 ms, GC Workers: 4]
      [GC Worker Start (ms): Min: 120650.5, Avg: 120650.5, Max: 120650.6, Diff: 0.1]
      [Ext Root Scanning (ms): Min: 0.5, Avg: 0.5, Max: 0.6, Diff: 0.2, Sum: 2.2]
      [Update RS (ms): Min: 0.8, Avg: 0.9, Max: 0.9, Diff: 0.1, Sum: 3.5]
         [Processed Buffers: Min: 2, Avg: 8.8, Max: 19, Diff: 17, Sum: 35]
      [Scan RS (ms): Min: 0.0, Avg: 0.0, Max: 0.0, Diff: 0.0, Sum: 0.0]
      [Code Root Scanning (ms): Min: 0.0, Avg: 0.0, Max: 0.0, Diff: 0.0, Sum: 0.0]
      [Object Copy (ms): Min: 2.3, Avg: 2.3, Max: 2.4, Diff: 0.1, Sum: 9.3]
      [Termination (ms): Min: 0.0, Avg: 0.0, Max: 0.0, Diff: 0.0, Sum: 0.0]
         [Termination Attempts: Min: 1, Avg: 1.0, Max: 1, Diff: 0, Sum: 4]
      [GC Worker Other (ms): Min: 0.0, Avg: 0.0, Max: 0.0, Diff: 0.0, Sum: 0.1]
      [GC Worker Total (ms): Min: 3.7, Avg: 3.8, Max: 3.8, Diff: 0.0, Sum: 15.1]
      [GC Worker End (ms): Min: 120654.3, Avg: 120654.3, Max: 120654.3, Diff: 0.0]
   [Code Root Fixup: 0.0 ms]
   [Code Root Purge: 0.0 ms]
   [Clear CT: 0.1 ms]
   [Other: 0.5 ms]
      [Choose CSet: 0.0 ms]
      [Ref Proc: 0.1 ms]
      [Ref Enq: 0.0 ms]
      [Redirty Cards: 0.0 ms]
      [Humongous Register: 0.0 ms]
      [Humongous Reclaim: 0.0 ms]
      [Free CSet: 0.1 ms]
   [Eden: 45.0M(45.0M)->0.0B(45.0M) Survivors: 7168.0K->7168.0K Heap: 959.0M(1042.0M)->922.0M(1042.0M)]
 [Times: user=0.06 sys=0.00, real=0.00 secs] 
2016-06-27T20:26:58.383+0300: 120.655: Total time for which application threads were stopped: 0.0118007 seconds, Stopping threads took: 0.0067270 seconds
2016-06-27T20:26:58.734+0300: 121.006: [GC pause (G1 Evacuation Pause) (young)
Desired survivor size 3670016 bytes, new threshold 1 (max 15)
- age   1:    7055904 bytes,    7055904 total
, 0.0041431 secs]
   [Parallel Time: 3.6 ms, GC Workers: 4]
      [GC Worker Start (ms): Min: 121005.7, Avg: 121005.7, Max: 121005.7, Diff: 0.0]
      [Ext Root Scanning (ms): Min: 0.5, Avg: 0.5, Max: 0.6, Diff: 0.2, Sum: 2.2]
      [Update RS (ms): Min: 0.7, Avg: 0.7, Max: 0.9, Diff: 0.2, Sum: 3.0]
         [Processed Buffers: Min: 8, Avg: 11.5, Max: 15, Diff: 7, Sum: 46]
      [Scan RS (ms): Min: 0.0, Avg: 0.0, Max: 0.0, Diff: 0.0, Sum: 0.0]
      [Code Root Scanning (ms): Min: 0.0, Avg: 0.0, Max: 0.0, Diff: 0.0, Sum: 0.0]
      [Object Copy (ms): Min: 2.2, Avg: 2.2, Max: 2.3, Diff: 0.1, Sum: 8.9]
      [Termination (ms): Min: 0.0, Avg: 0.0, Max: 0.0, Diff: 0.0, Sum: 0.0]
         [Termination Attempts: Min: 1, Avg: 1.0, Max: 1, Diff: 0, Sum: 4]
      [GC Worker Other (ms): Min: 0.0, Avg: 0.0, Max: 0.0, Diff: 0.0, Sum: 0.1]
      [GC Worker Total (ms): Min: 3.5, Avg: 3.5, Max: 3.6, Diff: 0.0, Sum: 14.2]
      [GC Worker End (ms): Min: 121009.3, Avg: 121009.3, Max: 121009.3, Diff: 0.0]
   [Code Root Fixup: 0.0 ms]
   [Code Root Purge: 0.0 ms]
   [Clear CT: 0.0 ms]
   [Other: 0.5 ms]
      [Choose CSet: 0.0 ms]
      [Ref Proc: 0.1 ms]
      [Ref Enq: 0.0 ms]
      [Redirty Cards: 0.0 ms]
      [Humongous Register: 0.0 ms]
      [Humongous Reclaim: 0.0 ms]
      [Free CSet: 0.1 ms]
   [Eden: 45.0M(45.0M)->0.0B(45.0M) Survivors: 7168.0K->7168.0K Heap: 967.0M(1042.0M)->930.5M(1042.0M)]
 [Times: user=0.00 sys=0.00, real=0.00 secs] 
2016-06-27T20:26:58.738+0300: 121.010: Total time for which application threads were stopped: 0.0080763 seconds, Stopping threads took: 0.0032690 seconds
2016-06-27T20:26:58.790+0300: 121.062: Total time for which application threads were stopped: 0.0055569 seconds, Stopping threads took: 0.0051622 seconds
2016-06-27T20:26:59.116+0300: 121.389: [GC pause (G1 Evacuation Pause) (young)
Desired survivor size 3670016 bytes, new threshold 1 (max 15)
- age   1:    6988144 bytes,    6988144 total
, 0.0038673 secs]
   [Parallel Time: 3.3 ms, GC Workers: 4]
      [GC Worker Start (ms): Min: 121388.9, Avg: 121388.9, Max: 121388.9, Diff: 0.0]
      [Ext Root Scanning (ms): Min: 0.4, Avg: 0.5, Max: 0.6, Diff: 0.2, Sum: 2.1]
      [Update RS (ms): Min: 0.5, Avg: 0.6, Max: 0.6, Diff: 0.1, Sum: 2.2]
         [Processed Buffers: Min: 1, Avg: 10.8, Max: 23, Diff: 22, Sum: 43]
      [Scan RS (ms): Min: 0.0, Avg: 0.0, Max: 0.0, Diff: 0.0, Sum: 0.0]
      [Code Root Scanning (ms): Min: 0.0, Avg: 0.0, Max: 0.0, Diff: 0.0, Sum: 0.0]
      [Object Copy (ms): Min: 2.1, Avg: 2.2, Max: 2.2, Diff: 0.1, Sum: 8.8]
      [Termination (ms): Min: 0.0, Avg: 0.0, Max: 0.0, Diff: 0.0, Sum: 0.0]
         [Termination Attempts: Min: 1, Avg: 1.0, Max: 1, Diff: 0, Sum: 4]
      [GC Worker Other (ms): Min: 0.0, Avg: 0.0, Max: 0.0, Diff: 0.0, Sum: 0.1]
      [GC Worker Total (ms): Min: 3.3, Avg: 3.3, Max: 3.3, Diff: 0.0, Sum: 13.2]
      [GC Worker End (ms): Min: 121392.2, Avg: 121392.2, Max: 121392.2, Diff: 0.0]
   [Code Root Fixup: 0.0 ms]
   [Code Root Purge: 0.0 ms]
   [Clear CT: 0.0 ms]
   [Other: 0.5 ms]
      [Choose CSet: 0.0 ms]
      [Ref Proc: 0.1 ms]
      [Ref Enq: 0.0 ms]
      [Redirty Cards: 0.0 ms]
      [Humongous Register: 0.0 ms]
      [Humongous Reclaim: 0.0 ms]
      [Free CSet: 0.1 ms]
   [Eden: 45.0M(45.0M)->0.0B(45.0M) Survivors: 7168.0K->7168.0K Heap: 975.5M(1042.0M)->939.5M(1042.0M)]
 [Times: user=0.00 sys=0.00, real=0.01 secs] 
2016-06-27T20:26:59.121+0300: 121.393: Total time for which application threads were stopped: 0.0093879 seconds, Stopping threads took: 0.0048924 seconds
2016-06-27T20:26:59.477+0300: 121.749: [GC pause (G1 Evacuation Pause) (young)
Desired survivor size 3670016 bytes, new threshold 1 (max 15)
- age   1:    6783224 bytes,    6783224 total
, 0.0038848 secs]
   [Parallel Time: 3.3 ms, GC Workers: 4]
      [GC Worker Start (ms): Min: 121749.6, Avg: 121749.6, Max: 121749.6, Diff: 0.0]
      [Ext Root Scanning (ms): Min: 0.5, Avg: 0.6, Max: 0.8, Diff: 0.2, Sum: 2.4]
      [Update RS (ms): Min: 0.4, Avg: 0.5, Max: 0.7, Diff: 0.3, Sum: 2.2]
         [Processed Buffers: Min: 6, Avg: 8.8, Max: 14, Diff: 8, Sum: 35]
      [Scan RS (ms): Min: 0.0, Avg: 0.0, Max: 0.0, Diff: 0.0, Sum: 0.0]
      [Code Root Scanning (ms): Min: 0.0, Avg: 0.0, Max: 0.0, Diff: 0.0, Sum: 0.0]
      [Object Copy (ms): Min: 2.0, Avg: 2.1, Max: 2.2, Diff: 0.2, Sum: 8.4]
      [Termination (ms): Min: 0.0, Avg: 0.0, Max: 0.0, Diff: 0.0, Sum: 0.0]
         [Termination Attempts: Min: 1, Avg: 1.0, Max: 1, Diff: 0, Sum: 4]
      [GC Worker Other (ms): Min: 0.0, Avg: 0.0, Max: 0.0, Diff: 0.0, Sum: 0.1]
      [GC Worker Total (ms): Min: 3.3, Avg: 3.3, Max: 3.3, Diff: 0.0, Sum: 13.1]
      [GC Worker End (ms): Min: 121752.9, Avg: 121752.9, Max: 121752.9, Diff: 0.0]
   [Code Root Fixup: 0.0 ms]
   [Code Root Purge: 0.0 ms]
   [Clear CT: 0.0 ms]
   [Other: 0.5 ms]
      [Choose CSet: 0.0 ms]
      [Ref Proc: 0.0 ms]
      [Ref Enq: 0.0 ms]
      [Redirty Cards: 0.0 ms]
      [Humongous Register: 0.0 ms]
      [Humongous Reclaim: 0.0 ms]
      [Free CSet: 0.0 ms]
   [Eden: 45.0M(45.0M)->0.0B(45.0M) Survivors: 7168.0K->7168.0K Heap: 984.5M(1042.0M)->947.5M(1042.0M)]
 [Times: user=0.00 sys=0.00, real=0.00 secs] 
2016-06-27T20:26:59.481+0300: 121.753: Total time for which application threads were stopped: 0.0086322 seconds, Stopping threads took: 0.0041346 seconds
2016-06-27T20:26:59.834+0300: 122.107: [GC pause (G1 Evacuation Pause) (young)
Desired survivor size 3670016 bytes, new threshold 1 (max 15)
- age   1:    7153064 bytes,    7153064 total
, 0.0049907 secs]
   [Parallel Time: 4.5 ms, GC Workers: 4]
      [GC Worker Start (ms): Min: 122106.8, Avg: 122106.9, Max: 122107.0, Diff: 0.2]
      [Ext Root Scanning (ms): Min: 0.9, Avg: 2.1, Max: 4.2, Diff: 3.3, Sum: 8.3]
      [Update RS (ms): Min: 0.0, Avg: 0.4, Max: 0.9, Diff: 0.9, Sum: 1.7]
         [Processed Buffers: Min: 0, Avg: 8.5, Max: 24, Diff: 24, Sum: 34]
      [Scan RS (ms): Min: 0.0, Avg: 0.0, Max: 0.0, Diff: 0.0, Sum: 0.0]
      [Code Root Scanning (ms): Min: 0.0, Avg: 0.0, Max: 0.0, Diff: 0.0, Sum: 0.0]
      [Object Copy (ms): Min: 0.1, Avg: 1.8, Max: 2.5, Diff: 2.4, Sum: 7.2]
      [Termination (ms): Min: 0.0, Avg: 0.1, Max: 0.1, Diff: 0.1, Sum: 0.2]
         [Termination Attempts: Min: 1, Avg: 1.3, Max: 2, Diff: 1, Sum: 5]
      [GC Worker Other (ms): Min: 0.0, Avg: 0.0, Max: 0.0, Diff: 0.0, Sum: 0.0]
      [GC Worker Total (ms): Min: 4.3, Avg: 4.4, Max: 4.5, Diff: 0.2, Sum: 17.5]
      [GC Worker End (ms): Min: 122111.3, Avg: 122111.3, Max: 122111.3, Diff: 0.0]
   [Code Root Fixup: 0.0 ms]
   [Code Root Purge: 0.0 ms]
   [Clear CT: 0.0 ms]
   [Other: 0.5 ms]
      [Choose CSet: 0.0 ms]
      [Ref Proc: 0.1 ms]
      [Ref Enq: 0.0 ms]
      [Redirty Cards: 0.0 ms]
      [Humongous Register: 0.0 ms]
      [Humongous Reclaim: 0.0 ms]
      [Free CSet: 0.0 ms]
   [Eden: 45.0M(45.0M)->0.0B(45.0M) Survivors: 7168.0K->7168.0K Heap: 992.5M(1042.0M)->956.5M(1042.0M)]
 [Times: user=0.00 sys=0.00, real=0.01 secs] 
2016-06-27T20:26:59.840+0300: 122.112: Total time for which application threads were stopped: 0.0248989 seconds, Stopping threads took: 0.0192594 seconds
2016-06-27T20:27:00.202+0300: 122.474: [GC pause (G1 Evacuation Pause) (young)
Desired survivor size 3670016 bytes, new threshold 1 (max 15)
- age   1:    6868408 bytes,    6868408 total
, 0.0041290 secs]
   [Parallel Time: 3.6 ms, GC Workers: 4]
      [GC Worker Start (ms): Min: 122474.4, Avg: 122474.5, Max: 122474.5, Diff: 0.0]
      [Ext Root Scanning (ms): Min: 0.5, Avg: 0.5, Max: 0.6, Diff: 0.1, Sum: 2.1]
      [Update RS (ms): Min: 0.7, Avg: 0.8, Max: 0.9, Diff: 0.2, Sum: 3.1]
         [Processed Buffers: Min: 7, Avg: 9.0, Max: 12, Diff: 5, Sum: 36]
      [Scan RS (ms): Min: 0.0, Avg: 0.0, Max: 0.0, Diff: 0.0, Sum: 0.0]
      [Code Root Scanning (ms): Min: 0.0, Avg: 0.0, Max: 0.0, Diff: 0.0, Sum: 0.0]
      [Object Copy (ms): Min: 2.2, Avg: 2.2, Max: 2.3, Diff: 0.1, Sum: 9.0]
      [Termination (ms): Min: 0.0, Avg: 0.0, Max: 0.0, Diff: 0.0, Sum: 0.0]
         [Termination Attempts: Min: 1, Avg: 1.0, Max: 1, Diff: 0, Sum: 4]
      [GC Worker Other (ms): Min: 0.0, Avg: 0.0, Max: 0.0, Diff: 0.0, Sum: 0.1]
      [GC Worker Total (ms): Min: 3.6, Avg: 3.6, Max: 3.6, Diff: 0.0, Sum: 14.3]
      [GC Worker End (ms): Min: 122478.0, Avg: 122478.0, Max: 122478.0, Diff: 0.0]
   [Code Root Fixup: 0.0 ms]
   [Code Root Purge: 0.0 ms]
   [Clear CT: 0.0 ms]
   [Other: 0.5 ms]
      [Choose CSet: 0.0 ms]
      [Ref Proc: 0.1 ms]
      [Ref Enq: 0.0 ms]
      [Redirty Cards: 0.0 ms]
      [Humongous Register: 0.0 ms]
      [Humongous Reclaim: 0.0 ms]
      [Free CSet: 0.0 ms]
   [Eden: 45.0M(45.0M)->0.0B(45.0M) Survivors: 7168.0K->7168.0K Heap: 1001.5M(1042.0M)->965.0M(1042.0M)]
 [Times: user=0.00 sys=0.00, real=0.01 secs] 
2016-06-27T20:27:00.207+0300: 122.479: Total time for which application threads were stopped: 0.0060192 seconds, Stopping threads took: 0.0012736 seconds
2016-06-27T20:27:00.458+0300: 122.730: [GC cleanup 994M->994M(1042M), 0.0020822 secs]
 [Times: user=0.00 sys=0.00, real=0.00 secs] 
2016-06-27T20:27:00.460+0300: 122.732: Total time for which application threads were stopped: 0.0072616 seconds, Stopping threads took: 0.0045323 seconds
2016-06-27T20:27:00.467+0300: 122.739: Total time for which application threads were stopped: 0.0004666 seconds, Stopping threads took: 0.0000718 seconds
2016-06-27T20:27:00.575+0300: 122.848: [GC pause (G1 Evacuation Pause) (young)
Desired survivor size 3670016 bytes, new threshold 1 (max 15)
- age   1:    6982832 bytes,    6982832 total
, 0.0045584 secs]
   [Parallel Time: 4.0 ms, GC Workers: 4]
      [GC Worker Start (ms): Min: 122847.7, Avg: 122847.7, Max: 122847.8, Diff: 0.1]
      [Ext Root Scanning (ms): Min: 0.5, Avg: 0.5, Max: 0.6, Diff: 0.1, Sum: 2.2]
      [Update RS (ms): Min: 0.8, Avg: 0.8, Max: 0.9, Diff: 0.1, Sum: 3.4]
         [Processed Buffers: Min: 2, Avg: 11.3, Max: 16, Diff: 14, Sum: 45]
      [Scan RS (ms): Min: 0.0, Avg: 0.0, Max: 0.0, Diff: 0.0, Sum: 0.0]
      [Code Root Scanning (ms): Min: 0.0, Avg: 0.0, Max: 0.0, Diff: 0.0, Sum: 0.0]
      [Object Copy (ms): Min: 2.5, Avg: 2.5, Max: 2.5, Diff: 0.1, Sum: 10.0]
      [Termination (ms): Min: 0.0, Avg: 0.0, Max: 0.1, Diff: 0.1, Sum: 0.2]
         [Termination Attempts: Min: 1, Avg: 1.3, Max: 2, Diff: 1, Sum: 5]
      [GC Worker Other (ms): Min: 0.0, Avg: 0.0, Max: 0.0, Diff: 0.0, Sum: 0.0]
      [GC Worker Total (ms): Min: 3.9, Avg: 4.0, Max: 4.0, Diff: 0.1, Sum: 15.8]
      [GC Worker End (ms): Min: 122851.6, Avg: 122851.6, Max: 122851.7, Diff: 0.0]
   [Code Root Fixup: 0.0 ms]
   [Code Root Purge: 0.0 ms]
   [Clear CT: 0.0 ms]
   [Other: 0.5 ms]
      [Choose CSet: 0.0 ms]
      [Ref Proc: 0.1 ms]
      [Ref Enq: 0.0 ms]
      [Redirty Cards: 0.0 ms]
      [Humongous Register: 0.0 ms]
      [Humongous Reclaim: 0.0 ms]
      [Free CSet: 0.1 ms]
   [Eden: 45.0M(45.0M)->0.0B(45.0M) Survivors: 7168.0K->7168.0K Heap: 1010.0M(1042.0M)->974.0M(1042.0M)]
 [Times: user=0.00 sys=0.00, real=0.00 secs] 
2016-06-27T20:27:00.580+0300: 122.852: Total time for which application threads were stopped: 0.0114791 seconds, Stopping threads took: 0.0063562 seconds
2016-06-27T20:27:00.897+0300: 123.169: [GC pause (G1 Evacuation Pause) (mixed)
Desired survivor size 3670016 bytes, new threshold 1 (max 15)
- age   1:    6809264 bytes,    6809264 total
, 0.0222710 secs]
   [Parallel Time: 21.0 ms, GC Workers: 4]
      [GC Worker Start (ms): Min: 123169.2, Avg: 123169.3, Max: 123169.4, Diff: 0.2]
      [Ext Root Scanning (ms): Min: 0.7, Avg: 0.9, Max: 1.2, Diff: 0.5, Sum: 3.6]
      [Update RS (ms): Min: 0.8, Avg: 1.1, Max: 1.2, Diff: 0.4, Sum: 4.4]
         [Processed Buffers: Min: 2, Avg: 10.5, Max: 30, Diff: 28, Sum: 42]
      [Scan RS (ms): Min: 2.9, Avg: 2.9, Max: 3.0, Diff: 0.1, Sum: 11.7]
      [Code Root Scanning (ms): Min: 0.0, Avg: 0.0, Max: 0.1, Diff: 0.1, Sum: 0.1]
      [Object Copy (ms): Min: 15.9, Avg: 15.9, Max: 15.9, Diff: 0.0, Sum: 63.7]
      [Termination (ms): Min: 0.0, Avg: 0.0, Max: 0.0, Diff: 0.0, Sum: 0.0]
         [Termination Attempts: Min: 1, Avg: 2.0, Max: 3, Diff: 2, Sum: 8]
      [GC Worker Other (ms): Min: 0.0, Avg: 0.0, Max: 0.0, Diff: 0.0, Sum: 0.0]
      [GC Worker Total (ms): Min: 20.8, Avg: 20.9, Max: 20.9, Diff: 0.2, Sum: 83.6]
      [GC Worker End (ms): Min: 123190.2, Avg: 123190.2, Max: 123190.2, Diff: 0.0]
   [Code Root Fixup: 0.0 ms]
   [Code Root Purge: 0.0 ms]
   [Clear CT: 0.2 ms]
   [Other: 1.1 ms]
      [Choose CSet: 0.1 ms]
      [Ref Proc: 0.1 ms]
      [Ref Enq: 0.0 ms]
      [Redirty Cards: 0.0 ms]
      [Humongous Register: 0.0 ms]
      [Humongous Reclaim: 0.0 ms]
      [Free CSet: 0.5 ms]
   [Eden: 45.0M(45.0M)->0.0B(47.0M) Survivors: 7168.0K->7168.0K Heap: 1019.0M(1042.0M)->938.5M(1096.0M)]
 [Times: user=0.02 sys=0.05, real=0.02 secs] 
2016-06-27T20:27:00.919+0300: 123.191: Total time for which application threads were stopped: 0.0266908 seconds, Stopping threads took: 0.0038348 seconds
2016-06-27T20:27:01.307+0300: 123.579: [GC pause (G1 Evacuation Pause) (mixed)
Desired survivor size 3670016 bytes, new threshold 1 (max 15)
- age   1:    6783896 bytes,    6783896 total
, 0.0285340 secs]
   [Parallel Time: 27.0 ms, GC Workers: 4]
      [GC Worker Start (ms): Min: 123579.6, Avg: 123579.6, Max: 123579.6, Diff: 0.0]
      [Ext Root Scanning (ms): Min: 0.5, Avg: 0.5, Max: 0.6, Diff: 0.1, Sum: 2.1]
      [Update RS (ms): Min: 7.7, Avg: 7.8, Max: 7.8, Diff: 0.1, Sum: 31.0]
         [Processed Buffers: Min: 9, Avg: 14.8, Max: 20, Diff: 11, Sum: 59]
      [Scan RS (ms): Min: 3.9, Avg: 4.0, Max: 4.0, Diff: 0.2, Sum: 15.9]
      [Code Root Scanning (ms): Min: 0.0, Avg: 0.0, Max: 0.1, Diff: 0.1, Sum: 0.1]
      [Object Copy (ms): Min: 14.6, Avg: 14.6, Max: 14.7, Diff: 0.0, Sum: 58.6]
      [Termination (ms): Min: 0.0, Avg: 0.0, Max: 0.0, Diff: 0.0, Sum: 0.0]
         [Termination Attempts: Min: 1, Avg: 2.0, Max: 3, Diff: 2, Sum: 8]
      [GC Worker Other (ms): Min: 0.0, Avg: 0.0, Max: 0.0, Diff: 0.0, Sum: 0.1]
      [GC Worker Total (ms): Min: 26.9, Avg: 26.9, Max: 26.9, Diff: 0.0, Sum: 107.7]
      [GC Worker End (ms): Min: 123606.5, Avg: 123606.5, Max: 123606.5, Diff: 0.0]
   [Code Root Fixup: 0.0 ms]
   [Code Root Purge: 0.0 ms]
   [Clear CT: 0.2 ms]
   [Other: 1.3 ms]
      [Choose CSet: 0.2 ms]
      [Ref Proc: 0.0 ms]
      [Ref Enq: 0.0 ms]
      [Redirty Cards: 0.1 ms]
      [Humongous Register: 0.0 ms]
      [Humongous Reclaim: 0.0 ms]
      [Free CSet: 0.6 ms]
   [Eden: 47.0M(47.0M)->0.0B(47.0M) Survivors: 7168.0K->7168.0K Heap: 985.5M(1096.0M)->909.5M(1096.0M)]
 [Times: user=0.13 sys=0.00, real=0.03 secs] 
2016-06-27T20:27:01.336+0300: 123.608: Total time for which application threads were stopped: 0.0334631 seconds, Stopping threads took: 0.0043146 seconds
2016-06-27T20:27:01.436+0300: 123.708: Total time for which application threads were stopped: 0.0016961 seconds, Stopping threads took: 0.0013202 seconds
2016-06-27T20:27:01.437+0300: 123.709: Total time for which application threads were stopped: 0.0004093 seconds, Stopping threads took: 0.0000329 seconds
2016-06-27T20:27:01.438+0300: 123.710: Total time for which application threads were stopped: 0.0010379 seconds, Stopping threads took: 0.0000556 seconds
2016-06-27T20:27:01.724+0300: 123.996: [GC pause (G1 Evacuation Pause) (mixed)
Desired survivor size 3670016 bytes, new threshold 1 (max 15)
- age   1:    7191872 bytes,    7191872 total
, 0.0185906 secs]
   [Parallel Time: 17.6 ms, GC Workers: 4]
      [GC Worker Start (ms): Min: 123996.7, Avg: 123996.7, Max: 123996.7, Diff: 0.0]
      [Ext Root Scanning (ms): Min: 0.5, Avg: 0.6, Max: 0.6, Diff: 0.1, Sum: 2.2]
      [Update RS (ms): Min: 10.0, Avg: 10.1, Max: 10.3, Diff: 0.3, Sum: 40.4]
         [Processed Buffers: Min: 12, Avg: 16.5, Max: 22, Diff: 10, Sum: 66]
      [Scan RS (ms): Min: 1.4, Avg: 1.6, Max: 1.7, Diff: 0.3, Sum: 6.4]
      [Code Root Scanning (ms): Min: 0.0, Avg: 0.0, Max: 0.0, Diff: 0.0, Sum: 0.0]
      [Object Copy (ms): Min: 5.3, Avg: 5.3, Max: 5.3, Diff: 0.1, Sum: 21.2]
      [Termination (ms): Min: 0.0, Avg: 0.0, Max: 0.0, Diff: 0.0, Sum: 0.0]
         [Termination Attempts: Min: 1, Avg: 2.3, Max: 3, Diff: 2, Sum: 9]
      [GC Worker Other (ms): Min: 0.0, Avg: 0.0, Max: 0.0, Diff: 0.0, Sum: 0.1]
      [GC Worker Total (ms): Min: 17.6, Avg: 17.6, Max: 17.6, Diff: 0.0, Sum: 70.3]
      [GC Worker End (ms): Min: 124014.3, Avg: 124014.3, Max: 124014.3, Diff: 0.0]
   [Code Root Fixup: 0.0 ms]
   [Code Root Purge: 0.0 ms]
   [Clear CT: 0.2 ms]
   [Other: 0.8 ms]
      [Choose CSet: 0.1 ms]
      [Ref Proc: 0.0 ms]
      [Ref Enq: 0.0 ms]
      [Redirty Cards: 0.0 ms]
      [Humongous Register: 0.0 ms]
      [Humongous Reclaim: 0.0 ms]
      [Free CSet: 0.2 ms]
   [Eden: 47.0M(47.0M)->0.0B(47.0M) Survivors: 7168.0K->7168.0K Heap: 956.5M(1096.0M)->910.0M(1096.0M)]
 [Times: user=0.06 sys=0.00, real=0.02 secs] 
2016-06-27T20:27:01.743+0300: 124.015: Total time for which application threads were stopped: 0.0212844 seconds, Stopping threads took: 0.0020194 seconds
2016-06-27T20:27:02.118+0300: 124.390: [GC pause (G1 Evacuation Pause) (young)
Desired survivor size 3670016 bytes, new threshold 1 (max 15)
- age   1:    7187064 bytes,    7187064 total
, 0.0092758 secs]
   [Parallel Time: 8.6 ms, GC Workers: 4]
      [GC Worker Start (ms): Min: 124390.6, Avg: 124390.6, Max: 124390.6, Diff: 0.0]
      [Ext Root Scanning (ms): Min: 0.5, Avg: 0.6, Max: 0.6, Diff: 0.0, Sum: 2.3]
      [Update RS (ms): Min: 5.7, Avg: 5.8, Max: 6.1, Diff: 0.4, Sum: 23.2]
         [Processed Buffers: Min: 7, Avg: 14.5, Max: 19, Diff: 12, Sum: 58]
      [Scan RS (ms): Min: 0.0, Avg: 0.0, Max: 0.0, Diff: 0.0, Sum: 0.0]
      [Code Root Scanning (ms): Min: 0.0, Avg: 0.0, Max: 0.0, Diff: 0.0, Sum: 0.0]
      [Object Copy (ms): Min: 1.9, Avg: 2.2, Max: 2.3, Diff: 0.4, Sum: 8.8]
      [Termination (ms): Min: 0.0, Avg: 0.0, Max: 0.0, Diff: 0.0, Sum: 0.0]
         [Termination Attempts: Min: 1, Avg: 1.0, Max: 1, Diff: 0, Sum: 4]
      [GC Worker Other (ms): Min: 0.0, Avg: 0.0, Max: 0.0, Diff: 0.0, Sum: 0.0]
      [GC Worker Total (ms): Min: 8.6, Avg: 8.6, Max: 8.6, Diff: 0.0, Sum: 34.4]
      [GC Worker End (ms): Min: 124399.2, Avg: 124399.2, Max: 124399.2, Diff: 0.0]
   [Code Root Fixup: 0.0 ms]
   [Code Root Purge: 0.0 ms]
   [Clear CT: 0.0 ms]
   [Other: 0.6 ms]
      [Choose CSet: 0.0 ms]
      [Ref Proc: 0.1 ms]
      [Ref Enq: 0.0 ms]
      [Redirty Cards: 0.0 ms]
      [Humongous Register: 0.0 ms]
      [Humongous Reclaim: 0.0 ms]
      [Free CSet: 0.1 ms]
   [Eden: 47.0M(47.0M)->0.0B(47.0M) Survivors: 7168.0K->7168.0K Heap: 957.0M(1096.0M)->919.0M(1096.0M)]
 [Times: user=0.00 sys=0.00, real=0.01 secs] 
2016-06-27T20:27:02.128+0300: 124.400: Total time for which application threads were stopped: 0.0115219 seconds, Stopping threads took: 0.0016110 seconds
2016-06-27T20:27:02.507+0300: 124.779: [GC pause (G1 Evacuation Pause) (young) (initial-mark)
Desired survivor size 3670016 bytes, new threshold 1 (max 15)
- age   1:    7201672 bytes,    7201672 total
, 0.0043903 secs]
   [Parallel Time: 3.7 ms, GC Workers: 4]
      [GC Worker Start (ms): Min: 124779.5, Avg: 124779.5, Max: 124779.5, Diff: 0.0]
      [Ext Root Scanning (ms): Min: 0.5, Avg: 0.6, Max: 0.7, Diff: 0.2, Sum: 2.2]
      [Update RS (ms): Min: 0.7, Avg: 0.8, Max: 0.8, Diff: 0.2, Sum: 3.0]
         [Processed Buffers: Min: 5, Avg: 10.8, Max: 17, Diff: 12, Sum: 43]
      [Scan RS (ms): Min: 0.0, Avg: 0.0, Max: 0.0, Diff: 0.0, Sum: 0.0]
      [Code Root Scanning (ms): Min: 0.0, Avg: 0.0, Max: 0.0, Diff: 0.0, Sum: 0.0]
      [Object Copy (ms): Min: 2.3, Avg: 2.3, Max: 2.4, Diff: 0.1, Sum: 9.2]
      [Termination (ms): Min: 0.0, Avg: 0.0, Max: 0.0, Diff: 0.0, Sum: 0.0]
         [Termination Attempts: Min: 1, Avg: 1.0, Max: 1, Diff: 0, Sum: 4]
      [GC Worker Other (ms): Min: 0.0, Avg: 0.0, Max: 0.0, Diff: 0.0, Sum: 0.1]
      [GC Worker Total (ms): Min: 3.6, Avg: 3.7, Max: 3.7, Diff: 0.0, Sum: 14.6]
      [GC Worker End (ms): Min: 124783.2, Avg: 124783.2, Max: 124783.2, Diff: 0.0]
   [Code Root Fixup: 0.0 ms]
   [Code Root Purge: 0.0 ms]
   [Clear CT: 0.0 ms]
   [Other: 0.6 ms]
      [Choose CSet: 0.0 ms]
      [Ref Proc: 0.0 ms]
      [Ref Enq: 0.0 ms]
      [Redirty Cards: 0.0 ms]
      [Humongous Register: 0.0 ms]
      [Humongous Reclaim: 0.0 ms]
      [Free CSet: 0.1 ms]
   [Eden: 47.0M(47.0M)->0.0B(49.0M) Survivors: 7168.0K->7168.0K Heap: 966.0M(1096.0M)->928.0M(1096.0M)]
 [Times: user=0.00 sys=0.00, real=0.01 secs] 
2016-06-27T20:27:02.512+0300: 124.784: [GC concurrent-root-region-scan-start]
2016-06-27T20:27:02.512+0300: 124.784: Total time for which application threads were stopped: 0.0071337 seconds, Stopping threads took: 0.0020724 seconds
2016-06-27T20:27:02.512+0300: 124.785: [GC concurrent-root-region-scan-end, 0.0007180 secs]
2016-06-27T20:27:02.512+0300: 124.785: [GC concurrent-mark-start]
2016-06-27T20:27:02.571+0300: 124.843: [GC concurrent-mark-end, 0.0581443 secs]
2016-06-27T20:27:02.586+0300: 124.858: [GC remark 2016-06-27T20:27:02.586+0300: 124.858: [Finalize Marking, 0.0001818 secs] 2016-06-27T20:27:02.586+0300: 124.858: [GC ref-proc, 0.0000945 secs] 2016-06-27T20:27:02.586+0300: 124.858: [Unloading, 0.0015464 secs], 0.0054359 secs]
 [Times: user=0.00 sys=0.00, real=0.01 secs] 
2016-06-27T20:27:02.591+0300: 124.863: Total time for which application threads were stopped: 0.0065931 seconds, Stopping threads took: 0.0006723 seconds
2016-06-27T20:27:02.624+0300: 124.896: [GC cleanup 943M->943M(1096M), 0.0021071 secs]
 [Times: user=0.00 sys=0.00, real=0.00 secs] 
2016-06-27T20:27:02.626+0300: 124.899: Total time for which application threads were stopped: 0.0032314 seconds, Stopping threads took: 0.0005825 seconds
2016-06-27T20:27:02.888+0300: 125.160: [GC pause (G1 Evacuation Pause) (young)
Desired survivor size 3670016 bytes, new threshold 1 (max 15)
- age   1:    7208904 bytes,    7208904 total
, 0.0042197 secs]
   [Parallel Time: 3.7 ms, GC Workers: 4]
      [GC Worker Start (ms): Min: 125160.3, Avg: 125160.3, Max: 125160.3, Diff: 0.0]
      [Ext Root Scanning (ms): Min: 0.5, Avg: 0.5, Max: 0.6, Diff: 0.0, Sum: 2.2]
      [Update RS (ms): Min: 0.6, Avg: 0.7, Max: 0.8, Diff: 0.1, Sum: 2.9]
         [Processed Buffers: Min: 4, Avg: 11.3, Max: 20, Diff: 16, Sum: 45]
      [Scan RS (ms): Min: 0.0, Avg: 0.0, Max: 0.0, Diff: 0.0, Sum: 0.0]
      [Code Root Scanning (ms): Min: 0.0, Avg: 0.0, Max: 0.0, Diff: 0.0, Sum: 0.0]
      [Object Copy (ms): Min: 2.3, Avg: 2.4, Max: 2.4, Diff: 0.1, Sum: 9.5]
      [Termination (ms): Min: 0.0, Avg: 0.0, Max: 0.0, Diff: 0.0, Sum: 0.0]
         [Termination Attempts: Min: 1, Avg: 1.0, Max: 1, Diff: 0, Sum: 4]
      [GC Worker Other (ms): Min: 0.0, Avg: 0.0, Max: 0.0, Diff: 0.0, Sum: 0.1]
      [GC Worker Total (ms): Min: 3.6, Avg: 3.7, Max: 3.7, Diff: 0.0, Sum: 14.6]
      [GC Worker End (ms): Min: 125163.9, Avg: 125163.9, Max: 125163.9, Diff: 0.0]
   [Code Root Fixup: 0.0 ms]
   [Code Root Purge: 0.0 ms]
   [Clear CT: 0.1 ms]
   [Other: 0.5 ms]
      [Choose CSet: 0.0 ms]
      [Ref Proc: 0.0 ms]
      [Ref Enq: 0.0 ms]
      [Redirty Cards: 0.0 ms]
      [Humongous Register: 0.0 ms]
      [Humongous Reclaim: 0.0 ms]
      [Free CSet: 0.1 ms]
   [Eden: 49.0M(49.0M)->0.0B(47.0M) Survivors: 7168.0K->7168.0K Heap: 977.0M(1096.0M)->937.5M(1096.0M)]
 [Times: user=0.00 sys=0.00, real=0.00 secs] 
2016-06-27T20:27:02.893+0300: 125.165: Total time for which application threads were stopped: 0.0073441 seconds, Stopping threads took: 0.0024184 seconds
2016-06-27T20:27:03.300+0300: 125.572: [GC pause (G1 Evacuation Pause) (mixed)
Desired survivor size 3670016 bytes, new threshold 1 (max 15)
- age   1:    7221192 bytes,    7221192 total
, 0.0177968 secs]
   [Parallel Time: 16.5 ms, GC Workers: 4]
      [GC Worker Start (ms): Min: 125572.5, Avg: 125572.5, Max: 125572.5, Diff: 0.0]
      [Ext Root Scanning (ms): Min: 0.5, Avg: 0.5, Max: 0.6, Diff: 0.1, Sum: 2.1]
      [Update RS (ms): Min: 0.9, Avg: 0.9, Max: 0.9, Diff: 0.1, Sum: 3.5]
         [Processed Buffers: Min: 4, Avg: 15.5, Max: 37, Diff: 33, Sum: 62]
      [Scan RS (ms): Min: 2.6, Avg: 2.6, Max: 2.7, Diff: 0.1, Sum: 10.6]
      [Code Root Scanning (ms): Min: 0.0, Avg: 0.0, Max: 0.0, Diff: 0.0, Sum: 0.1]
      [Object Copy (ms): Min: 12.3, Avg: 12.4, Max: 12.4, Diff: 0.0, Sum: 49.5]
      [Termination (ms): Min: 0.0, Avg: 0.0, Max: 0.0, Diff: 0.0, Sum: 0.0]
         [Termination Attempts: Min: 1, Avg: 2.0, Max: 4, Diff: 3, Sum: 8]
      [GC Worker Other (ms): Min: 0.0, Avg: 0.0, Max: 0.0, Diff: 0.0, Sum: 0.0]
      [GC Worker Total (ms): Min: 16.4, Avg: 16.5, Max: 16.5, Diff: 0.0, Sum: 65.8]
      [GC Worker End (ms): Min: 125589.0, Avg: 125589.0, Max: 125589.0, Diff: 0.0]
   [Code Root Fixup: 0.0 ms]
   [Code Root Purge: 0.0 ms]
   [Clear CT: 0.2 ms]
   [Other: 1.1 ms]
      [Choose CSet: 0.1 ms]
      [Ref Proc: 0.1 ms]
      [Ref Enq: 0.0 ms]
      [Redirty Cards: 0.0 ms]
      [Humongous Register: 0.0 ms]
      [Humongous Reclaim: 0.0 ms]
      [Free CSet: 0.4 ms]
   [Eden: 47.0M(47.0M)->0.0B(47.0M) Survivors: 7168.0K->7168.0K Heap: 984.5M(1096.0M)->899.0M(1096.0M)]
 [Times: user=0.13 sys=0.00, real=0.02 secs] 
2016-06-27T20:27:03.318+0300: 125.590: Total time for which application threads were stopped: 0.0214439 seconds, Stopping threads took: 0.0029089 seconds
2016-06-27T20:27:03.507+0300: 125.779: Total time for which application threads were stopped: 0.0059970 seconds, Stopping threads took: 0.0054633 seconds
2016-06-27T20:27:03.562+0300: 125.834: [GC pause (G1 Evacuation Pause) (mixed)
Desired survivor size 3670016 bytes, new threshold 1 (max 15)
- age   1:    7195880 bytes,    7195880 total
, 0.0287773 secs]
   [Parallel Time: 27.3 ms, GC Workers: 4]
      [GC Worker Start (ms): Min: 125833.9, Avg: 125833.9, Max: 125833.9, Diff: 0.0]
      [Ext Root Scanning (ms): Min: 0.4, Avg: 0.5, Max: 0.5, Diff: 0.1, Sum: 1.9]
      [Update RS (ms): Min: 8.2, Avg: 8.2, Max: 8.3, Diff: 0.1, Sum: 33.0]
         [Processed Buffers: Min: 9, Avg: 15.5, Max: 20, Diff: 11, Sum: 62]
      [Scan RS (ms): Min: 3.9, Avg: 3.9, Max: 3.9, Diff: 0.1, Sum: 15.6]
      [Code Root Scanning (ms): Min: 0.0, Avg: 0.0, Max: 0.1, Diff: 0.1, Sum: 0.1]
      [Object Copy (ms): Min: 14.6, Avg: 14.6, Max: 14.7, Diff: 0.1, Sum: 58.5]
      [Termination (ms): Min: 0.0, Avg: 0.0, Max: 0.0, Diff: 0.0, Sum: 0.0]
         [Termination Attempts: Min: 1, Avg: 4.5, Max: 8, Diff: 7, Sum: 18]
      [GC Worker Other (ms): Min: 0.0, Avg: 0.0, Max: 0.0, Diff: 0.0, Sum: 0.1]
      [GC Worker Total (ms): Min: 27.3, Avg: 27.3, Max: 27.3, Diff: 0.0, Sum: 109.2]
      [GC Worker End (ms): Min: 125861.2, Avg: 125861.2, Max: 125861.2, Diff: 0.0]
   [Code Root Fixup: 0.0 ms]
   [Code Root Purge: 0.0 ms]
   [Clear CT: 0.2 ms]
   [Other: 1.2 ms]
      [Choose CSet: 0.2 ms]
      [Ref Proc: 0.1 ms]
      [Ref Enq: 0.0 ms]
      [Redirty Cards: 0.1 ms]
      [Humongous Register: 0.0 ms]
      [Humongous Reclaim: 0.0 ms]
      [Free CSet: 0.6 ms]
   [Eden: 47.0M(47.0M)->0.0B(47.0M) Survivors: 7168.0K->7168.0K Heap: 946.0M(1096.0M)->868.0M(1096.0M)]
 [Times: user=0.13 sys=0.00, real=0.03 secs] 
2016-06-27T20:27:03.591+0300: 125.863: Total time for which application threads were stopped: 0.0329649 seconds, Stopping threads took: 0.0036192 seconds
2016-06-27T20:27:03.828+0300: 126.100: [GC pause (G1 Evacuation Pause) (mixed)
Desired survivor size 3670016 bytes, new threshold 1 (max 15)
- age   1:    6807704 bytes,    6807704 total
, 0.0259026 secs]
   [Parallel Time: 24.5 ms, GC Workers: 4]
      [GC Worker Start (ms): Min: 126100.3, Avg: 126100.3, Max: 126100.4, Diff: 0.1]
      [Ext Root Scanning (ms): Min: 0.5, Avg: 0.6, Max: 0.9, Diff: 0.4, Sum: 2.5]
      [Update RS (ms): Min: 11.5, Avg: 11.6, Max: 11.7, Diff: 0.2, Sum: 46.5]
         [Processed Buffers: Min: 10, Avg: 16.8, Max: 32, Diff: 22, Sum: 67]
      [Scan RS (ms): Min: 2.7, Avg: 2.8, Max: 2.9, Diff: 0.1, Sum: 11.3]
      [Code Root Scanning (ms): Min: 0.0, Avg: 0.0, Max: 0.1, Diff: 0.1, Sum: 0.1]
      [Object Copy (ms): Min: 9.2, Avg: 9.3, Max: 9.3, Diff: 0.1, Sum: 37.0]
      [Termination (ms): Min: 0.0, Avg: 0.1, Max: 0.1, Diff: 0.1, Sum: 0.2]
         [Termination Attempts: Min: 1, Avg: 1.8, Max: 3, Diff: 2, Sum: 7]
      [GC Worker Other (ms): Min: 0.0, Avg: 0.0, Max: 0.0, Diff: 0.0, Sum: 0.0]
      [GC Worker Total (ms): Min: 24.3, Avg: 24.4, Max: 24.4, Diff: 0.2, Sum: 97.6]
      [GC Worker End (ms): Min: 126124.7, Avg: 126124.7, Max: 126124.7, Diff: 0.0]
   [Code Root Fixup: 0.0 ms]
   [Code Root Purge: 0.0 ms]
   [Clear CT: 0.2 ms]
   [Other: 1.2 ms]
      [Choose CSet: 0.1 ms]
      [Ref Proc: 0.1 ms]
      [Ref Enq: 0.0 ms]
      [Redirty Cards: 0.1 ms]
      [Humongous Register: 0.0 ms]
      [Humongous Reclaim: 0.0 ms]
      [Free CSet: 0.4 ms]
   [Eden: 47.0M(47.0M)->0.0B(47.0M) Survivors: 7168.0K->7168.0K Heap: 915.0M(1096.0M)->859.0M(1096.0M)]
 [Times: user=0.08 sys=0.00, real=0.03 secs] 
2016-06-27T20:27:03.854+0300: 126.126: Total time for which application threads were stopped: 0.0317482 seconds, Stopping threads took: 0.0052554 seconds
2016-06-27T20:27:04.155+0300: 126.427: Total time for which application threads were stopped: 0.0034311 seconds, Stopping threads took: 0.0025933 seconds
2016-06-27T20:27:04.206+0300: 126.478: [GC pause (G1 Evacuation Pause) (young)
Desired survivor size 3670016 bytes, new threshold 1 (max 15)
- age   1:    6803192 bytes,    6803192 total
, 0.0118811 secs]
   [Parallel Time: 11.2 ms, GC Workers: 4]
      [GC Worker Start (ms): Min: 126478.3, Avg: 126478.3, Max: 126478.3, Diff: 0.0]
      [Ext Root Scanning (ms): Min: 0.5, Avg: 0.5, Max: 0.5, Diff: 0.1, Sum: 2.0]
      [Update RS (ms): Min: 8.3, Avg: 8.5, Max: 8.9, Diff: 0.6, Sum: 33.9]
         [Processed Buffers: Min: 9, Avg: 13.8, Max: 20, Diff: 11, Sum: 55]
      [Scan RS (ms): Min: 0.0, Avg: 0.0, Max: 0.0, Diff: 0.0, Sum: 0.0]
      [Code Root Scanning (ms): Min: 0.0, Avg: 0.0, Max: 0.0, Diff: 0.0, Sum: 0.0]
      [Object Copy (ms): Min: 1.7, Avg: 2.1, Max: 2.3, Diff: 0.6, Sum: 8.4]
      [Termination (ms): Min: 0.0, Avg: 0.0, Max: 0.0, Diff: 0.0, Sum: 0.0]
         [Termination Attempts: Min: 1, Avg: 1.0, Max: 1, Diff: 0, Sum: 4]
      [GC Worker Other (ms): Min: 0.0, Avg: 0.0, Max: 0.0, Diff: 0.0, Sum: 0.1]
      [GC Worker Total (ms): Min: 11.1, Avg: 11.1, Max: 11.1, Diff: 0.0, Sum: 44.4]
      [GC Worker End (ms): Min: 126489.4, Avg: 126489.4, Max: 126489.4, Diff: 0.0]
   [Code Root Fixup: 0.0 ms]
   [Code Root Purge: 0.0 ms]
   [Clear CT: 0.1 ms]
   [Other: 0.6 ms]
      [Choose CSet: 0.0 ms]
      [Ref Proc: 0.1 ms]
      [Ref Enq: 0.0 ms]
      [Redirty Cards: 0.0 ms]
      [Humongous Register: 0.0 ms]
      [Humongous Reclaim: 0.0 ms]
      [Free CSet: 0.1 ms]
   [Eden: 47.0M(47.0M)->0.0B(47.0M) Survivors: 7168.0K->7168.0K Heap: 906.0M(1096.0M)->868.0M(1096.0M)]
 [Times: user=0.06 sys=0.00, real=0.01 secs] 
2016-06-27T20:27:04.218+0300: 126.490: Total time for which application threads were stopped: 0.0125859 seconds, Stopping threads took: 0.0001659 seconds
2016-06-27T20:27:04.618+0300: 126.890: [GC pause (G1 Evacuation Pause) (young) (initial-mark)
Desired survivor size 3670016 bytes, new threshold 1 (max 15)
- age   1:    7112864 bytes,    7112864 total
, 0.0045648 secs]
   [Parallel Time: 3.9 ms, GC Workers: 4]
      [GC Worker Start (ms): Min: 126890.4, Avg: 126890.4, Max: 126890.4, Diff: 0.0]
      [Ext Root Scanning (ms): Min: 0.4, Avg: 0.5, Max: 0.7, Diff: 0.2, Sum: 2.1]
      [Update RS (ms): Min: 0.9, Avg: 0.9, Max: 1.0, Diff: 0.2, Sum: 3.8]
         [Processed Buffers: Min: 5, Avg: 13.3, Max: 19, Diff: 14, Sum: 53]
      [Scan RS (ms): Min: 0.0, Avg: 0.0, Max: 0.0, Diff: 0.0, Sum: 0.0]
      [Code Root Scanning (ms): Min: 0.0, Avg: 0.0, Max: 0.0, Diff: 0.0, Sum: 0.0]
      [Object Copy (ms): Min: 2.3, Avg: 2.3, Max: 2.4, Diff: 0.1, Sum: 9.3]
      [Termination (ms): Min: 0.0, Avg: 0.0, Max: 0.0, Diff: 0.0, Sum: 0.0]
         [Termination Attempts: Min: 1, Avg: 1.0, Max: 1, Diff: 0, Sum: 4]
      [GC Worker Other (ms): Min: 0.0, Avg: 0.0, Max: 0.0, Diff: 0.0, Sum: 0.1]
      [GC Worker Total (ms): Min: 3.8, Avg: 3.8, Max: 3.8, Diff: 0.0, Sum: 15.3]
      [GC Worker End (ms): Min: 126894.3, Avg: 126894.3, Max: 126894.3, Diff: 0.0]
   [Code Root Fixup: 0.0 ms]
   [Code Root Purge: 0.0 ms]
   [Clear CT: 0.0 ms]
   [Other: 0.6 ms]
      [Choose CSet: 0.0 ms]
      [Ref Proc: 0.1 ms]
      [Ref Enq: 0.0 ms]
      [Redirty Cards: 0.0 ms]
      [Humongous Register: 0.0 ms]
      [Humongous Reclaim: 0.0 ms]
      [Free CSet: 0.1 ms]
   [Eden: 47.0M(47.0M)->0.0B(47.0M) Survivors: 7168.0K->7168.0K Heap: 915.0M(1096.0M)->877.0M(1096.0M)]
 [Times: user=0.00 sys=0.00, real=0.00 secs] 
2016-06-27T20:27:04.623+0300: 126.895: [GC concurrent-root-region-scan-start]
2016-06-27T20:27:04.623+0300: 126.895: Total time for which application threads were stopped: 0.0071953 seconds, Stopping threads took: 0.0020036 seconds
2016-06-27T20:27:04.624+0300: 126.896: [GC concurrent-root-region-scan-end, 0.0007933 secs]
2016-06-27T20:27:04.624+0300: 126.896: [GC concurrent-mark-start]
2016-06-27T20:27:04.685+0300: 126.957: [GC concurrent-mark-end, 0.0608274 secs]
2016-06-27T20:27:04.693+0300: 126.965: [GC remark 2016-06-27T20:27:04.693+0300: 126.965: [Finalize Marking, 0.0001450 secs] 2016-06-27T20:27:04.693+0300: 126.965: [GC ref-proc, 0.0000962 secs] 2016-06-27T20:27:04.693+0300: 126.965: [Unloading, 0.0013826 secs], 0.0052276 secs]
 [Times: user=0.00 sys=0.00, real=0.00 secs] 
2016-06-27T20:27:04.698+0300: 126.970: Total time for which application threads were stopped: 0.0079321 seconds, Stopping threads took: 0.0023196 seconds
2016-06-27T20:27:04.699+0300: 126.971: [GC cleanup 887M->887M(1096M), 0.0020185 secs]
 [Times: user=0.00 sys=0.00, real=0.00 secs] 
2016-06-27T20:27:04.701+0300: 126.973: Total time for which application threads were stopped: 0.0025578 seconds, Stopping threads took: 0.0001416 seconds
2016-06-27T20:27:04.951+0300: 127.223: [GC pause (G1 Evacuation Pause) (young)
Desired survivor size 3670016 bytes, new threshold 1 (max 15)
- age   1:    7179624 bytes,    7179624 total
, 0.0042629 secs]
   [Parallel Time: 3.7 ms, GC Workers: 4]
      [GC Worker Start (ms): Min: 127222.7, Avg: 127222.7, Max: 127222.7, Diff: 0.0]
      [Ext Root Scanning (ms): Min: 0.5, Avg: 0.6, Max: 0.7, Diff: 0.1, Sum: 2.2]
      [Update RS (ms): Min: 0.8, Avg: 0.8, Max: 0.8, Diff: 0.0, Sum: 3.1]
         [Processed Buffers: Min: 2, Avg: 9.8, Max: 13, Diff: 11, Sum: 39]
      [Scan RS (ms): Min: 0.0, Avg: 0.0, Max: 0.0, Diff: 0.0, Sum: 0.0]
      [Code Root Scanning (ms): Min: 0.0, Avg: 0.0, Max: 0.0, Diff: 0.0, Sum: 0.0]
      [Object Copy (ms): Min: 2.2, Avg: 2.3, Max: 2.3, Diff: 0.1, Sum: 9.1]
      [Termination (ms): Min: 0.0, Avg: 0.0, Max: 0.0, Diff: 0.0, Sum: 0.0]
         [Termination Attempts: Min: 1, Avg: 1.0, Max: 1, Diff: 0, Sum: 4]
      [GC Worker Other (ms): Min: 0.0, Avg: 0.0, Max: 0.0, Diff: 0.0, Sum: 0.1]
      [GC Worker Total (ms): Min: 3.6, Avg: 3.6, Max: 3.6, Diff: 0.0, Sum: 14.5]
      [GC Worker End (ms): Min: 127226.3, Avg: 127226.3, Max: 127226.3, Diff: 0.0]
   [Code Root Fixup: 0.0 ms]
   [Code Root Purge: 0.0 ms]
   [Clear CT: 0.0 ms]
   [Other: 0.5 ms]
      [Choose CSet: 0.0 ms]
      [Ref Proc: 0.0 ms]
      [Ref Enq: 0.0 ms]
      [Redirty Cards: 0.0 ms]
      [Humongous Register: 0.0 ms]
      [Humongous Reclaim: 0.0 ms]
      [Free CSet: 0.1 ms]
   [Eden: 47.0M(47.0M)->0.0B(47.0M) Survivors: 7168.0K->7168.0K Heap: 924.0M(1096.0M)->886.0M(1096.0M)]
 [Times: user=0.00 sys=0.00, real=0.00 secs] 
2016-06-27T20:27:04.955+0300: 127.227: Total time for which application threads were stopped: 0.0121364 seconds, Stopping threads took: 0.0072936 seconds
2016-06-27T20:27:05.331+0300: 127.603: [GC pause (G1 Evacuation Pause) (mixed)
Desired survivor size 3670016 bytes, new threshold 1 (max 15)
- age   1:    6906336 bytes,    6906336 total
, 0.0193514 secs]
   [Parallel Time: 18.0 ms, GC Workers: 4]
      [GC Worker Start (ms): Min: 127603.8, Avg: 127603.8, Max: 127603.8, Diff: 0.0]
      [Ext Root Scanning (ms): Min: 0.5, Avg: 0.6, Max: 0.7, Diff: 0.1, Sum: 2.2]
      [Update RS (ms): Min: 0.9, Avg: 0.9, Max: 1.0, Diff: 0.1, Sum: 3.7]
         [Processed Buffers: Min: 5, Avg: 11.0, Max: 15, Diff: 10, Sum: 44]
      [Scan RS (ms): Min: 3.0, Avg: 3.0, Max: 3.0, Diff: 0.1, Sum: 12.0]
      [Code Root Scanning (ms): Min: 0.0, Avg: 0.0, Max: 0.1, Diff: 0.1, Sum: 0.1]
      [Object Copy (ms): Min: 13.4, Avg: 13.4, Max: 13.4, Diff: 0.1, Sum: 53.6]
      [Termination (ms): Min: 0.0, Avg: 0.0, Max: 0.0, Diff: 0.0, Sum: 0.0]
         [Termination Attempts: Min: 1, Avg: 1.8, Max: 4, Diff: 3, Sum: 7]
      [GC Worker Other (ms): Min: 0.0, Avg: 0.0, Max: 0.0, Diff: 0.0, Sum: 0.1]
      [GC Worker Total (ms): Min: 17.9, Avg: 18.0, Max: 18.0, Diff: 0.0, Sum: 71.8]
      [GC Worker End (ms): Min: 127621.8, Avg: 127621.8, Max: 127621.8, Diff: 0.0]
   [Code Root Fixup: 0.0 ms]
   [Code Root Purge: 0.0 ms]
   [Clear CT: 0.2 ms]
   [Other: 1.1 ms]
      [Choose CSet: 0.2 ms]
      [Ref Proc: 0.0 ms]
      [Ref Enq: 0.0 ms]
      [Redirty Cards: 0.1 ms]
      [Humongous Register: 0.0 ms]
      [Humongous Reclaim: 0.0 ms]
      [Free CSet: 0.5 ms]
   [Eden: 47.0M(47.0M)->0.0B(47.0M) Survivors: 7168.0K->7168.0K Heap: 933.0M(1096.0M)->852.0M(1096.0M)]
 [Times: user=0.13 sys=0.00, real=0.02 secs] 
2016-06-27T20:27:05.351+0300: 127.623: Total time for which application threads were stopped: 0.0239978 seconds, Stopping threads took: 0.0040657 seconds
2016-06-27T20:27:05.752+0300: 128.024: [GC pause (G1 Evacuation Pause) (mixed)
Desired survivor size 3670016 bytes, new threshold 1 (max 15)
- age   1:    6861736 bytes,    6861736 total
, 0.0227658 secs]
   [Parallel Time: 21.6 ms, GC Workers: 4]
      [GC Worker Start (ms): Min: 128023.8, Avg: 128023.8, Max: 128023.8, Diff: 0.0]
      [Ext Root Scanning (ms): Min: 0.5, Avg: 0.5, Max: 0.6, Diff: 0.2, Sum: 2.1]
      [Update RS (ms): Min: 8.2, Avg: 8.3, Max: 8.4, Diff: 0.2, Sum: 33.2]
         [Processed Buffers: Min: 10, Avg: 16.3, Max: 22, Diff: 12, Sum: 65]
      [Scan RS (ms): Min: 3.0, Avg: 3.0, Max: 3.1, Diff: 0.1, Sum: 12.2]
      [Code Root Scanning (ms): Min: 0.0, Avg: 0.0, Max: 0.0, Diff: 0.0, Sum: 0.1]
      [Object Copy (ms): Min: 9.6, Avg: 9.7, Max: 9.7, Diff: 0.1, Sum: 38.6]
      [Termination (ms): Min: 0.0, Avg: 0.0, Max: 0.0, Diff: 0.0, Sum: 0.0]
         [Termination Attempts: Min: 1, Avg: 2.8, Max: 6, Diff: 5, Sum: 11]
      [GC Worker Other (ms): Min: 0.0, Avg: 0.0, Max: 0.0, Diff: 0.0, Sum: 0.1]
      [GC Worker Total (ms): Min: 21.6, Avg: 21.6, Max: 21.6, Diff: 0.0, Sum: 86.2]
      [GC Worker End (ms): Min: 128045.4, Avg: 128045.4, Max: 128045.4, Diff: 0.0]
   [Code Root Fixup: 0.0 ms]
   [Code Root Purge: 0.0 ms]
   [Clear CT: 0.2 ms]
   [Other: 0.9 ms]
      [Choose CSet: 0.1 ms]
      [Ref Proc: 0.1 ms]
      [Ref Enq: 0.0 ms]
      [Redirty Cards: 0.0 ms]
      [Humongous Register: 0.0 ms]
      [Humongous Reclaim: 0.0 ms]
      [Free CSet: 0.4 ms]
   [Eden: 47.0M(47.0M)->0.0B(47.0M) Survivors: 7168.0K->7168.0K Heap: 899.0M(1096.0M)->838.0M(1096.0M)]
 [Times: user=0.11 sys=0.00, real=0.02 secs] 
2016-06-27T20:27:05.774+0300: 128.047: Total time for which application threads were stopped: 0.0262439 seconds, Stopping threads took: 0.0028516 seconds
2016-06-27T20:27:06.119+0300: 128.391: [GC pause (G1 Evacuation Pause) (young)
Desired survivor size 3670016 bytes, new threshold 1 (max 15)
- age   1:    7216064 bytes,    7216064 total
, 0.0122660 secs]
   [Parallel Time: 11.6 ms, GC Workers: 4]
      [GC Worker Start (ms): Min: 128391.3, Avg: 128391.3, Max: 128391.3, Diff: 0.0]
      [Ext Root Scanning (ms): Min: 0.4, Avg: 0.5, Max: 0.6, Diff: 0.2, Sum: 2.1]
      [Update RS (ms): Min: 8.3, Avg: 8.4, Max: 8.5, Diff: 0.2, Sum: 33.6]
         [Processed Buffers: Min: 9, Avg: 16.3, Max: 27, Diff: 18, Sum: 65]
      [Scan RS (ms): Min: 0.0, Avg: 0.0, Max: 0.0, Diff: 0.0, Sum: 0.0]
      [Code Root Scanning (ms): Min: 0.0, Avg: 0.0, Max: 0.0, Diff: 0.0, Sum: 0.0]
      [Object Copy (ms): Min: 2.5, Avg: 2.6, Max: 2.8, Diff: 0.3, Sum: 10.4]
      [Termination (ms): Min: 0.0, Avg: 0.0, Max: 0.0, Diff: 0.0, Sum: 0.0]
         [Termination Attempts: Min: 1, Avg: 1.0, Max: 1, Diff: 0, Sum: 4]
      [GC Worker Other (ms): Min: 0.0, Avg: 0.0, Max: 0.0, Diff: 0.0, Sum: 0.0]
      [GC Worker Total (ms): Min: 11.5, Avg: 11.5, Max: 11.6, Diff: 0.0, Sum: 46.2]
      [GC Worker End (ms): Min: 128402.9, Avg: 128402.9, Max: 128402.9, Diff: 0.0]
   [Code Root Fixup: 0.0 ms]
   [Code Root Purge: 0.0 ms]
   [Clear CT: 0.1 ms]
   [Other: 0.6 ms]
      [Choose CSet: 0.0 ms]
      [Ref Proc: 0.1 ms]
      [Ref Enq: 0.0 ms]
      [Redirty Cards: 0.0 ms]
      [Humongous Register: 0.0 ms]
      [Humongous Reclaim: 0.0 ms]
      [Free CSet: 0.1 ms]
   [Eden: 47.0M(47.0M)->0.0B(47.0M) Survivors: 7168.0K->7168.0K Heap: 885.0M(1096.0M)->847.0M(1096.0M)]
 [Times: user=0.06 sys=0.00, real=0.01 secs] 
2016-06-27T20:27:06.131+0300: 128.404: Total time for which application threads were stopped: 0.0167320 seconds, Stopping threads took: 0.0037954 seconds
2016-06-27T20:27:06.505+0300: 128.777: [GC pause (G1 Evacuation Pause) (young) (initial-mark)
Desired survivor size 3670016 bytes, new threshold 1 (max 15)
- age   1:    7090496 bytes,    7090496 total
, 0.0051712 secs]
   [Parallel Time: 4.3 ms, GC Workers: 4]
      [GC Worker Start (ms): Min: 128777.2, Avg: 128777.2, Max: 128777.3, Diff: 0.1]
      [Ext Root Scanning (ms): Min: 0.5, Avg: 0.6, Max: 0.7, Diff: 0.2, Sum: 2.4]
      [Update RS (ms): Min: 1.0, Avg: 1.1, Max: 1.3, Diff: 0.3, Sum: 4.5]
         [Processed Buffers: Min: 3, Avg: 8.5, Max: 19, Diff: 16, Sum: 34]
      [Scan RS (ms): Min: 0.0, Avg: 0.0, Max: 0.0, Diff: 0.0, Sum: 0.0]
      [Code Root Scanning (ms): Min: 0.0, Avg: 0.0, Max: 0.0, Diff: 0.0, Sum: 0.0]
      [Object Copy (ms): Min: 2.4, Avg: 2.5, Max: 2.6, Diff: 0.2, Sum: 10.1]
      [Termination (ms): Min: 0.0, Avg: 0.0, Max: 0.0, Diff: 0.0, Sum: 0.0]
         [Termination Attempts: Min: 1, Avg: 1.0, Max: 1, Diff: 0, Sum: 4]
      [GC Worker Other (ms): Min: 0.0, Avg: 0.0, Max: 0.0, Diff: 0.0, Sum: 0.0]
      [GC Worker Total (ms): Min: 4.2, Avg: 4.3, Max: 4.3, Diff: 0.1, Sum: 17.0]
      [GC Worker End (ms): Min: 128781.5, Avg: 128781.5, Max: 128781.5, Diff: 0.0]
   [Code Root Fixup: 0.0 ms]
   [Code Root Purge: 0.0 ms]
   [Clear CT: 0.1 ms]
   [Other: 0.8 ms]
      [Choose CSet: 0.0 ms]
      [Ref Proc: 0.1 ms]
      [Ref Enq: 0.0 ms]
      [Redirty Cards: 0.0 ms]
      [Humongous Register: 0.0 ms]
      [Humongous Reclaim: 0.0 ms]
      [Free CSet: 0.1 ms]
   [Eden: 47.0M(47.0M)->0.0B(109.0M) Survivors: 7168.0K->7168.0K Heap: 894.0M(1096.0M)->855.5M(1096.0M)]
 [Times: user=0.00 sys=0.00, real=0.00 secs] 
2016-06-27T20:27:06.510+0300: 128.782: [GC concurrent-root-region-scan-start]
2016-06-27T20:27:06.510+0300: 128.782: Total time for which application threads were stopped: 0.0160554 seconds, Stopping threads took: 0.0102552 seconds
2016-06-27T20:27:06.511+0300: 128.783: [GC concurrent-root-region-scan-end, 0.0008151 secs]
2016-06-27T20:27:06.511+0300: 128.783: [GC concurrent-mark-start]
2016-06-27T20:27:06.573+0300: 128.845: [GC concurrent-mark-end, 0.0604789 secs]
2016-06-27T20:27:06.604+0300: 128.876: [GC remark 2016-06-27T20:27:06.604+0300: 128.876: [Finalize Marking, 0.0001608 secs] 2016-06-27T20:27:06.604+0300: 128.876: [GC ref-proc, 0.0000992 secs] 2016-06-27T20:27:06.604+0300: 128.876: [Unloading, 0.0015259 secs], 0.0054008 secs]
 [Times: user=0.00 sys=0.00, real=0.00 secs] 
2016-06-27T20:27:06.609+0300: 128.881: Total time for which application threads were stopped: 0.0108312 seconds, Stopping threads took: 0.0050014 seconds
2016-06-27T20:27:06.646+0300: 128.918: [GC cleanup 873M->873M(1096M), 0.0019351 secs]
 [Times: user=0.00 sys=0.00, real=0.00 secs] 
2016-06-27T20:27:06.648+0300: 128.920: Total time for which application threads were stopped: 0.0065718 seconds, Stopping threads took: 0.0041773 seconds
2016-06-27T20:27:07.261+0300: 129.533: [GC pause (G1 Evacuation Pause) (young)
Desired survivor size 7864320 bytes, new threshold 15 (max 15)
- age   1:    7124240 bytes,    7124240 total
, 0.0066034 secs]
   [Parallel Time: 5.9 ms, GC Workers: 4]
      [GC Worker Start (ms): Min: 129533.3, Avg: 129533.3, Max: 129533.3, Diff: 0.0]
      [Ext Root Scanning (ms): Min: 0.5, Avg: 0.5, Max: 0.6, Diff: 0.0, Sum: 2.2]
      [Update RS (ms): Min: 0.8, Avg: 0.9, Max: 0.9, Diff: 0.1, Sum: 3.5]
         [Processed Buffers: Min: 8, Avg: 14.3, Max: 24, Diff: 16, Sum: 57]
      [Scan RS (ms): Min: 0.0, Avg: 0.0, Max: 0.0, Diff: 0.0, Sum: 0.1]
      [Code Root Scanning (ms): Min: 0.0, Avg: 0.0, Max: 0.0, Diff: 0.0, Sum: 0.0]
      [Object Copy (ms): Min: 4.4, Avg: 4.4, Max: 4.4, Diff: 0.1, Sum: 17.6]
      [Termination (ms): Min: 0.0, Avg: 0.0, Max: 0.0, Diff: 0.0, Sum: 0.0]
         [Termination Attempts: Min: 1, Avg: 1.3, Max: 2, Diff: 1, Sum: 5]
      [GC Worker Other (ms): Min: 0.0, Avg: 0.0, Max: 0.0, Diff: 0.0, Sum: 0.1]
      [GC Worker Total (ms): Min: 5.9, Avg: 5.9, Max: 5.9, Diff: 0.0, Sum: 23.5]
      [GC Worker End (ms): Min: 129539.2, Avg: 129539.2, Max: 129539.2, Diff: 0.0]
   [Code Root Fixup: 0.0 ms]
   [Code Root Purge: 0.0 ms]
   [Clear CT: 0.0 ms]
   [Other: 0.6 ms]
      [Choose CSet: 0.0 ms]
      [Ref Proc: 0.1 ms]
      [Ref Enq: 0.0 ms]
      [Redirty Cards: 0.0 ms]
      [Humongous Register: 0.0 ms]
      [Humongous Reclaim: 0.0 ms]
      [Free CSet: 0.1 ms]
   [Eden: 109.0M(109.0M)->0.0B(39.0M) Survivors: 7168.0K->15.0M Heap: 964.5M(1096.0M)->874.0M(1096.0M)]
 [Times: user=0.00 sys=0.00, real=0.01 secs] 
2016-06-27T20:27:07.268+0300: 129.540: Total time for which application threads were stopped: 0.0090098 seconds, Stopping threads took: 0.0017525 seconds
2016-06-27T20:27:07.584+0300: 129.856: [GC pause (G1 Evacuation Pause) (mixed)
Desired survivor size 3670016 bytes, new threshold 1 (max 15)
- age   1:   12736448 bytes,   12736448 total
- age   2:    2740920 bytes,   15477368 total
, 0.0174034 secs]
   [Parallel Time: 16.1 ms, GC Workers: 4]
      [GC Worker Start (ms): Min: 129856.1, Avg: 129856.1, Max: 129856.2, Diff: 0.0]
      [Ext Root Scanning (ms): Min: 0.5, Avg: 0.6, Max: 0.6, Diff: 0.1, Sum: 2.3]
      [Update RS (ms): Min: 0.8, Avg: 0.8, Max: 0.9, Diff: 0.1, Sum: 3.4]
         [Processed Buffers: Min: 3, Avg: 8.3, Max: 12, Diff: 9, Sum: 33]
      [Scan RS (ms): Min: 2.7, Avg: 2.9, Max: 2.9, Diff: 0.2, Sum: 11.4]
      [Code Root Scanning (ms): Min: 0.0, Avg: 0.0, Max: 0.1, Diff: 0.1, Sum: 0.1]
      [Object Copy (ms): Min: 11.7, Avg: 11.8, Max: 11.8, Diff: 0.1, Sum: 47.1]
      [Termination (ms): Min: 0.0, Avg: 0.0, Max: 0.0, Diff: 0.0, Sum: 0.0]
         [Termination Attempts: Min: 1, Avg: 1.0, Max: 1, Diff: 0, Sum: 4]
      [GC Worker Other (ms): Min: 0.0, Avg: 0.0, Max: 0.0, Diff: 0.0, Sum: 0.1]
      [GC Worker Total (ms): Min: 16.0, Avg: 16.1, Max: 16.1, Diff: 0.0, Sum: 64.3]
      [GC Worker End (ms): Min: 129872.2, Avg: 129872.2, Max: 129872.2, Diff: 0.0]
   [Code Root Fixup: 0.0 ms]
   [Code Root Purge: 0.0 ms]
   [Clear CT: 0.2 ms]
   [Other: 1.1 ms]
      [Choose CSet: 0.1 ms]
      [Ref Proc: 0.0 ms]
      [Ref Enq: 0.0 ms]
      [Redirty Cards: 0.0 ms]
      [Humongous Register: 0.0 ms]
      [Humongous Reclaim: 0.0 ms]
      [Free CSet: 0.5 ms]
   [Eden: 39.0M(39.0M)->0.0B(47.0M) Survivors: 15.0M->7168.0K Heap: 913.0M(1096.0M)->849.0M(1096.0M)]
 [Times: user=0.05 sys=0.00, real=0.02 secs] 
2016-06-27T20:27:07.601+0300: 129.873: Total time for which application threads were stopped: 0.0223471 seconds, Stopping threads took: 0.0042701 seconds
2016-06-27T20:27:07.967+0300: 130.239: [GC pause (G1 Evacuation Pause) (young)
Desired survivor size 3670016 bytes, new threshold 1 (max 15)
- age   1:    6734624 bytes,    6734624 total
, 0.0125730 secs]
   [Parallel Time: 12.0 ms, GC Workers: 4]
      [GC Worker Start (ms): Min: 130239.2, Avg: 130239.2, Max: 130239.2, Diff: 0.0]
      [Ext Root Scanning (ms): Min: 0.5, Avg: 0.6, Max: 0.7, Diff: 0.2, Sum: 2.4]
      [Update RS (ms): Min: 9.0, Avg: 9.2, Max: 9.8, Diff: 0.8, Sum: 36.9]
         [Processed Buffers: Min: 10, Avg: 16.3, Max: 29, Diff: 19, Sum: 65]
      [Scan RS (ms): Min: 0.0, Avg: 0.0, Max: 0.0, Diff: 0.0, Sum: 0.0]
      [Code Root Scanning (ms): Min: 0.0, Avg: 0.0, Max: 0.0, Diff: 0.0, Sum: 0.0]
      [Object Copy (ms): Min: 1.5, Avg: 2.1, Max: 2.3, Diff: 0.8, Sum: 8.3]
      [Termination (ms): Min: 0.0, Avg: 0.0, Max: 0.0, Diff: 0.0, Sum: 0.0]
         [Termination Attempts: Min: 1, Avg: 1.0, Max: 1, Diff: 0, Sum: 4]
      [GC Worker Other (ms): Min: 0.0, Avg: 0.0, Max: 0.0, Diff: 0.0, Sum: 0.1]
      [GC Worker Total (ms): Min: 11.9, Avg: 12.0, Max: 12.0, Diff: 0.0, Sum: 47.8]
      [GC Worker End (ms): Min: 130251.1, Avg: 130251.1, Max: 130251.2, Diff: 0.0]
   [Code Root Fixup: 0.0 ms]
   [Code Root Purge: 0.0 ms]
   [Clear CT: 0.0 ms]
   [Other: 0.5 ms]
      [Choose CSet: 0.0 ms]
      [Ref Proc: 0.0 ms]
      [Ref Enq: 0.0 ms]
      [Redirty Cards: 0.1 ms]
      [Humongous Register: 0.0 ms]
      [Humongous Reclaim: 0.0 ms]
      [Free CSet: 0.1 ms]
   [Eden: 47.0M(47.0M)->0.0B(108.0M) Survivors: 7168.0K->7168.0K Heap: 896.0M(1096.0M)->858.0M(1096.0M)]
 [Times: user=0.06 sys=0.00, real=0.01 secs] 
2016-06-27T20:27:07.980+0300: 130.252: Total time for which application threads were stopped: 0.0164292 seconds, Stopping threads took: 0.0030774 seconds
2016-06-27T20:27:08.807+0300: 131.080: [GC pause (G1 Evacuation Pause) (young) (initial-mark)
Desired survivor size 7864320 bytes, new threshold 15 (max 15)
- age   1:    7025616 bytes,    7025616 total
, 0.0066107 secs]
   [Parallel Time: 5.7 ms, GC Workers: 4]
      [GC Worker Start (ms): Min: 131080.0, Avg: 131080.0, Max: 131080.0, Diff: 0.0]
      [Ext Root Scanning (ms): Min: 0.5, Avg: 0.6, Max: 0.7, Diff: 0.2, Sum: 2.4]
      [Update RS (ms): Min: 0.7, Avg: 0.8, Max: 0.9, Diff: 0.2, Sum: 3.3]
         [Processed Buffers: Min: 7, Avg: 18.3, Max: 29, Diff: 22, Sum: 73]
      [Scan RS (ms): Min: 0.0, Avg: 0.0, Max: 0.0, Diff: 0.0, Sum: 0.1]
      [Code Root Scanning (ms): Min: 0.0, Avg: 0.0, Max: 0.0, Diff: 0.0, Sum: 0.0]
      [Object Copy (ms): Min: 4.1, Avg: 4.2, Max: 4.2, Diff: 0.1, Sum: 16.7]
      [Termination (ms): Min: 0.0, Avg: 0.0, Max: 0.0, Diff: 0.0, Sum: 0.0]
         [Termination Attempts: Min: 1, Avg: 1.0, Max: 1, Diff: 0, Sum: 4]
      [GC Worker Other (ms): Min: 0.0, Avg: 0.0, Max: 0.0, Diff: 0.0, Sum: 0.1]
      [GC Worker Total (ms): Min: 5.6, Avg: 5.6, Max: 5.6, Diff: 0.0, Sum: 22.5]
      [GC Worker End (ms): Min: 131085.6, Avg: 131085.6, Max: 131085.6, Diff: 0.0]
   [Code Root Fixup: 0.0 ms]
   [Code Root Purge: 0.0 ms]
   [Clear CT: 0.0 ms]
   [Other: 0.9 ms]
      [Choose CSet: 0.0 ms]
      [Ref Proc: 0.1 ms]
      [Ref Enq: 0.0 ms]
      [Redirty Cards: 0.0 ms]
      [Humongous Register: 0.0 ms]
      [Humongous Reclaim: 0.0 ms]
      [Free CSet: 0.1 ms]
   [Eden: 108.0M(108.0M)->0.0B(91.0M) Survivors: 7168.0K->15.0M Heap: 966.0M(1096.0M)->877.5M(1096.0M)]
 [Times: user=0.00 sys=0.00, real=0.01 secs] 
2016-06-27T20:27:08.814+0300: 131.086: [GC concurrent-root-region-scan-start]
2016-06-27T20:27:08.814+0300: 131.086: Total time for which application threads were stopped: 0.0168333 seconds, Stopping threads took: 0.0094691 seconds
2016-06-27T20:27:08.815+0300: 131.088: [GC concurrent-root-region-scan-end, 0.0012269 secs]
2016-06-27T20:27:08.815+0300: 131.088: [GC concurrent-mark-start]
2016-06-27T20:27:08.875+0300: 131.147: [GC concurrent-mark-end, 0.0593452 secs]
2016-06-27T20:27:08.908+0300: 131.180: [GC remark 2016-06-27T20:27:08.908+0300: 131.180: [Finalize Marking, 0.0002403 secs] 2016-06-27T20:27:08.908+0300: 131.181: [GC ref-proc, 0.0001069 secs] 2016-06-27T20:27:08.909+0300: 131.181: [Unloading, 0.0017307 secs], 0.0056587 secs]
 [Times: user=0.06 sys=0.00, real=0.01 secs] 
2016-06-27T20:27:08.914+0300: 131.186: Total time for which application threads were stopped: 0.0078342 seconds, Stopping threads took: 0.0016490 seconds
2016-06-27T20:27:08.947+0300: 131.219: [GC cleanup 905M->905M(1096M), 0.0022007 secs]
 [Times: user=0.00 sys=0.00, real=0.00 secs] 
2016-06-27T20:27:08.949+0300: 131.222: Total time for which application threads were stopped: 0.0029820 seconds, Stopping threads took: 0.0001984 seconds
2016-06-27T20:27:09.155+0300: 131.427: Total time for which application threads were stopped: 0.0016345 seconds, Stopping threads took: 0.0004606 seconds
2016-06-27T20:27:09.353+0300: 131.625: [GC pause (G1 Evacuation Pause) (young)
Desired survivor size 7340032 bytes, new threshold 1 (max 15)
- age   1:   12689392 bytes,   12689392 total
- age   2:    2761792 bytes,   15451184 total
, 0.0068827 secs]
   [Parallel Time: 6.3 ms, GC Workers: 4]
      [GC Worker Start (ms): Min: 131625.0, Avg: 131625.0, Max: 131625.0, Diff: 0.0]
      [Ext Root Scanning (ms): Min: 0.5, Avg: 0.6, Max: 0.6, Diff: 0.1, Sum: 2.3]
      [Update RS (ms): Min: 0.9, Avg: 0.9, Max: 0.9, Diff: 0.1, Sum: 3.5]
         [Processed Buffers: Min: 5, Avg: 13.8, Max: 23, Diff: 18, Sum: 55]
      [Scan RS (ms): Min: 0.0, Avg: 0.0, Max: 0.0, Diff: 0.0, Sum: 0.1]
      [Code Root Scanning (ms): Min: 0.0, Avg: 0.0, Max: 0.0, Diff: 0.0, Sum: 0.0]
      [Object Copy (ms): Min: 4.7, Avg: 4.8, Max: 4.8, Diff: 0.1, Sum: 19.1]
      [Termination (ms): Min: 0.0, Avg: 0.0, Max: 0.0, Diff: 0.0, Sum: 0.0]
         [Termination Attempts: Min: 1, Avg: 1.0, Max: 1, Diff: 0, Sum: 4]
      [GC Worker Other (ms): Min: 0.0, Avg: 0.0, Max: 0.0, Diff: 0.0, Sum: 0.1]
      [GC Worker Total (ms): Min: 6.2, Avg: 6.3, Max: 6.3, Diff: 0.0, Sum: 25.0]
      [GC Worker End (ms): Min: 131631.3, Avg: 131631.3, Max: 131631.3, Diff: 0.0]
   [Code Root Fixup: 0.0 ms]
   [Code Root Purge: 0.0 ms]
   [Clear CT: 0.0 ms]
   [Other: 0.5 ms]
      [Choose CSet: 0.0 ms]
      [Ref Proc: 0.0 ms]
      [Ref Enq: 0.0 ms]
      [Redirty Cards: 0.0 ms]
      [Humongous Register: 0.0 ms]
      [Humongous Reclaim: 0.0 ms]
      [Free CSet: 0.1 ms]
   [Eden: 91.0M(91.0M)->0.0B(40.0M) Survivors: 15.0M->14.0M Heap: 968.5M(1096.0M)->894.0M(1096.0M)]
 [Times: user=0.00 sys=0.00, real=0.01 secs] 
2016-06-27T20:27:09.360+0300: 131.632: Total time for which application threads were stopped: 0.0079894 seconds, Stopping threads took: 0.0004336 seconds
2016-06-27T20:27:09.706+0300: 131.978: [GC pause (G1 Evacuation Pause) (mixed)
Desired survivor size 3670016 bytes, new threshold 1 (max 15)
- age   1:   14129144 bytes,   14129144 total
, 0.0200942 secs]
   [Parallel Time: 18.7 ms, GC Workers: 4]
      [GC Worker Start (ms): Min: 131978.7, Avg: 131978.7, Max: 131978.7, Diff: 0.0]
      [Ext Root Scanning (ms): Min: 0.5, Avg: 0.5, Max: 0.6, Diff: 0.1, Sum: 2.2]
      [Update RS (ms): Min: 1.2, Avg: 1.2, Max: 1.3, Diff: 0.1, Sum: 5.0]
         [Processed Buffers: Min: 4, Avg: 12.8, Max: 24, Diff: 20, Sum: 51]
      [Scan RS (ms): Min: 3.0, Avg: 3.1, Max: 3.1, Diff: 0.2, Sum: 12.2]
      [Code Root Scanning (ms): Min: 0.0, Avg: 0.0, Max: 0.1, Diff: 0.1, Sum: 0.1]
      [Object Copy (ms): Min: 13.8, Avg: 13.8, Max: 13.9, Diff: 0.1, Sum: 55.3]
      [Termination (ms): Min: 0.0, Avg: 0.0, Max: 0.0, Diff: 0.0, Sum: 0.0]
         [Termination Attempts: Min: 1, Avg: 1.0, Max: 1, Diff: 0, Sum: 4]
      [GC Worker Other (ms): Min: 0.0, Avg: 0.0, Max: 0.0, Diff: 0.0, Sum: 0.1]
      [GC Worker Total (ms): Min: 18.7, Avg: 18.7, Max: 18.7, Diff: 0.0, Sum: 74.8]
      [GC Worker End (ms): Min: 131997.4, Avg: 131997.4, Max: 131997.4, Diff: 0.0]
   [Code Root Fixup: 0.0 ms]
   [Code Root Purge: 0.0 ms]
   [Clear CT: 0.2 ms]
   [Other: 1.1 ms]
      [Choose CSet: 0.2 ms]
      [Ref Proc: 0.0 ms]
      [Ref Enq: 0.0 ms]
      [Redirty Cards: 0.0 ms]
      [Humongous Register: 0.0 ms]
      [Humongous Reclaim: 0.0 ms]
      [Free CSet: 0.5 ms]
   [Eden: 40.0M(40.0M)->0.0B(47.0M) Survivors: 14.0M->7168.0K Heap: 934.0M(1096.0M)->857.5M(1096.0M)]
 [Times: user=0.13 sys=0.00, real=0.02 secs] 
2016-06-27T20:27:09.726+0300: 131.999: Total time for which application threads were stopped: 0.0213374 seconds, Stopping threads took: 0.0005098 seconds
2016-06-27T20:27:10.138+0300: 132.411: [GC pause (G1 Evacuation Pause) (mixed)
Desired survivor size 3670016 bytes, new threshold 1 (max 15)
- age   1:    6710544 bytes,    6710544 total
, 0.0182933 secs]
   [Parallel Time: 17.2 ms, GC Workers: 4]
      [GC Worker Start (ms): Min: 132410.8, Avg: 132410.8, Max: 132410.8, Diff: 0.0]
      [Ext Root Scanning (ms): Min: 0.6, Avg: 0.6, Max: 0.7, Diff: 0.1, Sum: 2.5]
      [Update RS (ms): Min: 8.9, Avg: 9.0, Max: 9.2, Diff: 0.3, Sum: 36.1]
         [Processed Buffers: Min: 10, Avg: 22.0, Max: 37, Diff: 27, Sum: 88]
      [Scan RS (ms): Min: 1.9, Avg: 2.0, Max: 2.0, Diff: 0.1, Sum: 7.9]
      [Code Root Scanning (ms): Min: 0.0, Avg: 0.0, Max: 0.1, Diff: 0.1, Sum: 0.1]
      [Object Copy (ms): Min: 5.5, Avg: 5.5, Max: 5.5, Diff: 0.0, Sum: 22.1]
      [Termination (ms): Min: 0.0, Avg: 0.0, Max: 0.0, Diff: 0.0, Sum: 0.0]
         [Termination Attempts: Min: 1, Avg: 2.0, Max: 3, Diff: 2, Sum: 8]
      [GC Worker Other (ms): Min: 0.0, Avg: 0.0, Max: 0.0, Diff: 0.0, Sum: 0.1]
      [GC Worker Total (ms): Min: 17.2, Avg: 17.2, Max: 17.2, Diff: 0.0, Sum: 68.8]
      [GC Worker End (ms): Min: 132428.0, Avg: 132428.0, Max: 132428.0, Diff: 0.0]
   [Code Root Fixup: 0.0 ms]
   [Code Root Purge: 0.0 ms]
   [Clear CT: 0.2 ms]
   [Other: 0.8 ms]
      [Choose CSet: 0.1 ms]
      [Ref Proc: 0.1 ms]
      [Ref Enq: 0.0 ms]
      [Redirty Cards: 0.0 ms]
      [Humongous Register: 0.0 ms]
      [Humongous Reclaim: 0.0 ms]
      [Free CSet: 0.2 ms]
   [Eden: 47.0M(47.0M)->0.0B(47.0M) Survivors: 7168.0K->7168.0K Heap: 904.5M(1096.0M)->855.0M(1096.0M)]
 [Times: user=0.06 sys=0.00, real=0.02 secs] 
2016-06-27T20:27:10.157+0300: 132.429: Total time for which application threads were stopped: 0.0204633 seconds, Stopping threads took: 0.0014442 seconds
2016-06-27T20:27:10.560+0300: 132.832: [GC pause (G1 Evacuation Pause) (young)
Desired survivor size 3670016 bytes, new threshold 1 (max 15)
- age   1:    7206088 bytes,    7206088 total
, 0.0096064 secs]
   [Parallel Time: 8.9 ms, GC Workers: 4]
      [GC Worker Start (ms): Min: 132831.8, Avg: 132831.8, Max: 132831.9, Diff: 0.0]
      [Ext Root Scanning (ms): Min: 0.6, Avg: 0.6, Max: 0.6, Diff: 0.1, Sum: 2.4]
      [Update RS (ms): Min: 5.8, Avg: 6.0, Max: 6.5, Diff: 0.7, Sum: 24.2]
         [Processed Buffers: Min: 6, Avg: 19.3, Max: 49, Diff: 43, Sum: 77]
      [Scan RS (ms): Min: 0.0, Avg: 0.0, Max: 0.0, Diff: 0.0, Sum: 0.0]
      [Code Root Scanning (ms): Min: 0.0, Avg: 0.0, Max: 0.0, Diff: 0.0, Sum: 0.0]
      [Object Copy (ms): Min: 1.7, Avg: 2.2, Max: 2.4, Diff: 0.7, Sum: 8.7]
      [Termination (ms): Min: 0.0, Avg: 0.0, Max: 0.1, Diff: 0.1, Sum: 0.1]
         [Termination Attempts: Min: 1, Avg: 1.0, Max: 1, Diff: 0, Sum: 4]
      [GC Worker Other (ms): Min: 0.0, Avg: 0.0, Max: 0.0, Diff: 0.0, Sum: 0.0]
      [GC Worker Total (ms): Min: 8.9, Avg: 8.9, Max: 8.9, Diff: 0.0, Sum: 35.6]
      [GC Worker End (ms): Min: 132840.7, Avg: 132840.7, Max: 132840.7, Diff: 0.0]
   [Code Root Fixup: 0.0 ms]
   [Code Root Purge: 0.0 ms]
   [Clear CT: 0.0 ms]
   [Other: 0.6 ms]
      [Choose CSet: 0.0 ms]
      [Ref Proc: 0.0 ms]
      [Ref Enq: 0.0 ms]
      [Redirty Cards: 0.0 ms]
      [Humongous Register: 0.0 ms]
      [Humongous Reclaim: 0.0 ms]
      [Free CSet: 0.1 ms]
   [Eden: 47.0M(47.0M)->0.0B(102.0M) Survivors: 7168.0K->7168.0K Heap: 902.0M(1096.0M)->864.5M(1096.0M)]
 [Times: user=0.06 sys=0.00, real=0.01 secs] 
2016-06-27T20:27:10.570+0300: 132.841: Total time for which application threads were stopped: 0.0113371 seconds, Stopping threads took: 0.0007758 seconds
2016-06-27T20:27:11.242+0300: 133.514: Total time for which application threads were stopped: 0.0056613 seconds, Stopping threads took: 0.0050549 seconds
2016-06-27T20:27:11.244+0300: 133.516: Total time for which application threads were stopped: 0.0006295 seconds, Stopping threads took: 0.0000663 seconds
2016-06-27T20:27:11.244+0300: 133.516: Total time for which application threads were stopped: 0.0005726 seconds, Stopping threads took: 0.0000449 seconds
2016-06-27T20:27:11.246+0300: 133.518: Total time for which application threads were stopped: 0.0014822 seconds, Stopping threads took: 0.0000483 seconds
2016-06-27T20:27:11.257+0300: 133.529: [GC pause (G1 Evacuation Pause) (young) (initial-mark)
Desired survivor size 7340032 bytes, new threshold 15 (max 15)
- age   1:    7158224 bytes,    7158224 total
, 0.0061988 secs]
   [Parallel Time: 5.4 ms, GC Workers: 4]
      [GC Worker Start (ms): Min: 133529.6, Avg: 133529.6, Max: 133529.6, Diff: 0.0]
      [Ext Root Scanning (ms): Min: 0.6, Avg: 0.6, Max: 0.8, Diff: 0.2, Sum: 2.5]
      [Update RS (ms): Min: 0.7, Avg: 0.9, Max: 1.0, Diff: 0.4, Sum: 3.4]
         [Processed Buffers: Min: 6, Avg: 12.8, Max: 19, Diff: 13, Sum: 51]
      [Scan RS (ms): Min: 0.0, Avg: 0.0, Max: 0.0, Diff: 0.0, Sum: 0.1]
      [Code Root Scanning (ms): Min: 0.0, Avg: 0.0, Max: 0.0, Diff: 0.0, Sum: 0.0]
      [Object Copy (ms): Min: 3.7, Avg: 3.8, Max: 3.9, Diff: 0.2, Sum: 15.2]
      [Termination (ms): Min: 0.0, Avg: 0.0, Max: 0.0, Diff: 0.0, Sum: 0.0]
         [Termination Attempts: Min: 1, Avg: 1.0, Max: 1, Diff: 0, Sum: 4]
      [GC Worker Other (ms): Min: 0.0, Avg: 0.0, Max: 0.0, Diff: 0.0, Sum: 0.1]
      [GC Worker Total (ms): Min: 5.3, Avg: 5.3, Max: 5.3, Diff: 0.0, Sum: 21.3]
      [GC Worker End (ms): Min: 133534.9, Avg: 133534.9, Max: 133534.9, Diff: 0.0]
   [Code Root Fixup: 0.0 ms]
   [Code Root Purge: 0.0 ms]
   [Clear CT: 0.0 ms]
   [Other: 0.8 ms]
      [Choose CSet: 0.0 ms]
      [Ref Proc: 0.0 ms]
      [Ref Enq: 0.0 ms]
      [Redirty Cards: 0.0 ms]
      [Humongous Register: 0.0 ms]
      [Humongous Reclaim: 0.0 ms]
      [Free CSet: 0.1 ms]
   [Eden: 102.0M(102.0M)->0.0B(88.0M) Survivors: 7168.0K->14.0M Heap: 966.5M(1096.0M)->882.0M(1096.0M)]
 [Times: user=0.00 sys=0.00, real=0.01 secs] 
2016-06-27T20:27:11.264+0300: 133.536: [GC concurrent-root-region-scan-start]
2016-06-27T20:27:11.264+0300: 133.536: Total time for which application threads were stopped: 0.0074202 seconds, Stopping threads took: 0.0004063 seconds
2016-06-27T20:27:11.265+0300: 133.537: [GC concurrent-root-region-scan-end, 0.0015648 secs]
2016-06-27T20:27:11.265+0300: 133.537: [GC concurrent-mark-start]
2016-06-27T20:27:11.339+0300: 133.611: [GC concurrent-mark-end, 0.0698851 secs]
2016-06-27T20:27:11.355+0300: 133.627: [GC remark 2016-06-27T20:27:11.355+0300: 133.627: [Finalize Marking, 0.0003011 secs] 2016-06-27T20:27:11.355+0300: 133.627: [GC ref-proc, 0.0000860 secs] 2016-06-27T20:27:11.355+0300: 133.627: [Unloading, 0.0016277 secs], 0.0057070 secs]
 [Times: user=0.00 sys=0.00, real=0.00 secs] 
2016-06-27T20:27:11.360+0300: 133.632: Total time for which application threads were stopped: 0.0094743 seconds, Stopping threads took: 0.0032617 seconds
2016-06-27T20:27:11.977+0300: 134.249: [GC pause (G1 Evacuation Pause) (young)
Desired survivor size 6815744 bytes, new threshold 1 (max 15)
- age   1:   11746328 bytes,   11746328 total
- age   2:    2685672 bytes,   14432000 total
, 0.0070229 secs]
   [Parallel Time: 6.4 ms, GC Workers: 4]
      [GC Worker Start (ms): Min: 134249.3, Avg: 134249.3, Max: 134249.4, Diff: 0.2]
      [Ext Root Scanning (ms): Min: 0.5, Avg: 0.6, Max: 0.8, Diff: 0.3, Sum: 2.4]
      [Update RS (ms): Min: 0.9, Avg: 1.0, Max: 1.0, Diff: 0.1, Sum: 3.8]
         [Processed Buffers: Min: 13, Avg: 18.8, Max: 27, Diff: 14, Sum: 75]
      [Scan RS (ms): Min: 0.0, Avg: 0.0, Max: 0.0, Diff: 0.0, Sum: 0.1]
      [Code Root Scanning (ms): Min: 0.0, Avg: 0.0, Max: 0.0, Diff: 0.0, Sum: 0.0]
      [Object Copy (ms): Min: 4.7, Avg: 4.7, Max: 4.8, Diff: 0.1, Sum: 18.9]
      [Termination (ms): Min: 0.0, Avg: 0.0, Max: 0.0, Diff: 0.0, Sum: 0.0]
         [Termination Attempts: Min: 1, Avg: 1.0, Max: 1, Diff: 0, Sum: 4]
      [GC Worker Other (ms): Min: 0.0, Avg: 0.0, Max: 0.0, Diff: 0.0, Sum: 0.1]
      [GC Worker Total (ms): Min: 6.2, Avg: 6.3, Max: 6.4, Diff: 0.2, Sum: 25.3]
      [GC Worker End (ms): Min: 134255.7, Avg: 134255.7, Max: 134255.7, Diff: 0.0]
   [Code Root Fixup: 0.0 ms]
   [Code Root Purge: 0.0 ms]
   [Clear CT: 0.0 ms]
   [Other: 0.6 ms]
      [Choose CSet: 0.0 ms]
      [Ref Proc: 0.0 ms]
      [Ref Enq: 0.0 ms]
      [Redirty Cards: 0.0 ms]
      [Humongous Register: 0.1 ms]
      [Humongous Reclaim: 0.0 ms]
      [Free CSet: 0.1 ms]
   [Eden: 88.0M(88.0M)->0.0B(74.0M) Survivors: 14.0M->13.0M Heap: 970.0M(1096.0M)->898.0M(1096.0M)]
 [Times: user=0.00 sys=0.00, real=0.01 secs] 
2016-06-27T20:27:11.984+0300: 134.256: Total time for which application threads were stopped: 0.0088631 seconds, Stopping threads took: 0.0011431 seconds
2016-06-27T20:27:12.161+0300: 134.434: Total time for which application threads were stopped: 0.0021507 seconds, Stopping threads took: 0.0004867 seconds
2016-06-27T20:27:12.628+0300: 134.900: [GC pause (G1 Evacuation Pause) (young)
Desired survivor size 5767168 bytes, new threshold 1 (max 15)
- age   1:   13416456 bytes,   13416456 total
, 0.0066333 secs]
   [Parallel Time: 6.1 ms, GC Workers: 4]
      [GC Worker Start (ms): Min: 134899.7, Avg: 134899.7, Max: 134899.7, Diff: 0.0]
      [Ext Root Scanning (ms): Min: 0.5, Avg: 0.6, Max: 0.7, Diff: 0.2, Sum: 2.2]
      [Update RS (ms): Min: 1.5, Avg: 1.6, Max: 1.6, Diff: 0.1, Sum: 6.3]
         [Processed Buffers: Min: 4, Avg: 15.8, Max: 31, Diff: 27, Sum: 63]
      [Scan RS (ms): Min: 0.0, Avg: 0.0, Max: 0.0, Diff: 0.0, Sum: 0.0]
      [Code Root Scanning (ms): Min: 0.0, Avg: 0.0, Max: 0.0, Diff: 0.0, Sum: 0.0]
      [Object Copy (ms): Min: 3.7, Avg: 3.9, Max: 4.0, Diff: 0.2, Sum: 15.6]
      [Termination (ms): Min: 0.0, Avg: 0.0, Max: 0.0, Diff: 0.0, Sum: 0.0]
         [Termination Attempts: Min: 1, Avg: 1.0, Max: 1, Diff: 0, Sum: 4]
      [GC Worker Other (ms): Min: 0.0, Avg: 0.0, Max: 0.0, Diff: 0.0, Sum: 0.1]
      [GC Worker Total (ms): Min: 6.0, Avg: 6.1, Max: 6.1, Diff: 0.0, Sum: 24.2]
      [GC Worker End (ms): Min: 134905.8, Avg: 134905.8, Max: 134905.8, Diff: 0.0]
   [Code Root Fixup: 0.0 ms]
   [Code Root Purge: 0.0 ms]
   [Clear CT: 0.0 ms]
   [Other: 0.5 ms]
      [Choose CSet: 0.0 ms]
      [Ref Proc: 0.0 ms]
      [Ref Enq: 0.0 ms]
      [Redirty Cards: 0.0 ms]
      [Humongous Register: 0.0 ms]
      [Humongous Reclaim: 0.0 ms]
      [Free CSet: 0.1 ms]
   [Eden: 74.0M(74.0M)->0.0B(62.0M) Survivors: 13.0M->11.0M Heap: 972.0M(1096.0M)->912.0M(1096.0M)]
 [Times: user=0.06 sys=0.00, real=0.01 secs] 
2016-06-27T20:27:12.635+0300: 134.906: Total time for which application threads were stopped: 0.0079334 seconds, Stopping threads took: 0.0006765 seconds
2016-06-27T20:27:13.170+0300: 135.442: [GC pause (G1 Evacuation Pause) (young)
Desired survivor size 5242880 bytes, new threshold 1 (max 15)
- age   1:   11049576 bytes,   11049576 total
, 0.0065547 secs]
   [Parallel Time: 6.0 ms, GC Workers: 4]
      [GC Worker Start (ms): Min: 135442.6, Avg: 135442.6, Max: 135442.7, Diff: 0.1]
      [Ext Root Scanning (ms): Min: 0.6, Avg: 1.9, Max: 5.7, Diff: 5.1, Sum: 7.7]
      [Update RS (ms): Min: 0.0, Avg: 1.1, Max: 1.5, Diff: 1.5, Sum: 4.5]
         [Processed Buffers: Min: 0, Avg: 11.3, Max: 18, Diff: 18, Sum: 45]
      [Scan RS (ms): Min: 0.0, Avg: 0.0, Max: 0.0, Diff: 0.0, Sum: 0.0]
      [Code Root Scanning (ms): Min: 0.0, Avg: 0.0, Max: 0.0, Diff: 0.0, Sum: 0.0]
      [Object Copy (ms): Min: 0.1, Avg: 2.7, Max: 3.6, Diff: 3.5, Sum: 10.9]
      [Termination (ms): Min: 0.0, Avg: 0.2, Max: 0.2, Diff: 0.2, Sum: 0.7]
         [Termination Attempts: Min: 1, Avg: 1.3, Max: 2, Diff: 1, Sum: 5]
      [GC Worker Other (ms): Min: 0.0, Avg: 0.0, Max: 0.0, Diff: 0.0, Sum: 0.0]
      [GC Worker Total (ms): Min: 5.9, Avg: 6.0, Max: 6.0, Diff: 0.1, Sum: 23.8]
      [GC Worker End (ms): Min: 135448.6, Avg: 135448.6, Max: 135448.6, Diff: 0.0]
   [Code Root Fixup: 0.0 ms]
   [Code Root Purge: 0.0 ms]
   [Clear CT: 0.0 ms]
   [Other: 0.5 ms]
      [Choose CSet: 0.0 ms]
      [Ref Proc: 0.1 ms]
      [Ref Enq: 0.0 ms]
      [Redirty Cards: 0.0 ms]
      [Humongous Register: 0.0 ms]
      [Humongous Reclaim: 0.0 ms]
      [Free CSet: 0.1 ms]
   [Eden: 62.0M(62.0M)->0.0B(53.0M) Survivors: 11.0M->10.0M Heap: 974.0M(1096.0M)->923.0M(1096.0M)]
 [Times: user=0.05 sys=0.00, real=0.01 secs] 
2016-06-27T20:27:13.177+0300: 135.449: Total time for which application threads were stopped: 0.0168547 seconds, Stopping threads took: 0.0096167 seconds
2016-06-27T20:27:13.620+0300: 135.892: [GC pause (G1 Evacuation Pause) (young)
Desired survivor size 4194304 bytes, new threshold 1 (max 15)
- age   1:   10276984 bytes,   10276984 total
, 0.0050733 secs]
   [Parallel Time: 4.5 ms, GC Workers: 4]
      [GC Worker Start (ms): Min: 135892.3, Avg: 135892.3, Max: 135892.3, Diff: 0.0]
      [Ext Root Scanning (ms): Min: 0.6, Avg: 0.7, Max: 0.9, Diff: 0.3, Sum: 2.9]
      [Update RS (ms): Min: 0.7, Avg: 0.8, Max: 0.9, Diff: 0.2, Sum: 3.3]
         [Processed Buffers: Min: 4, Avg: 13.3, Max: 27, Diff: 23, Sum: 53]
      [Scan RS (ms): Min: 0.0, Avg: 0.0, Max: 0.0, Diff: 0.0, Sum: 0.0]
      [Code Root Scanning (ms): Min: 0.0, Avg: 0.0, Max: 0.0, Diff: 0.0, Sum: 0.0]
      [Object Copy (ms): Min: 2.8, Avg: 2.9, Max: 3.0, Diff: 0.2, Sum: 11.6]
      [Termination (ms): Min: 0.0, Avg: 0.0, Max: 0.0, Diff: 0.0, Sum: 0.0]
         [Termination Attempts: Min: 1, Avg: 1.0, Max: 1, Diff: 0, Sum: 4]
      [GC Worker Other (ms): Min: 0.0, Avg: 0.0, Max: 0.0, Diff: 0.0, Sum: 0.1]
      [GC Worker Total (ms): Min: 4.5, Avg: 4.5, Max: 4.5, Diff: 0.0, Sum: 17.9]
      [GC Worker End (ms): Min: 135896.8, Avg: 135896.8, Max: 135896.8, Diff: 0.0]
   [Code Root Fixup: 0.0 ms]
   [Code Root Purge: 0.0 ms]
   [Clear CT: 0.0 ms]
   [Other: 0.5 ms]
      [Choose CSet: 0.0 ms]
      [Ref Proc: 0.1 ms]
      [Ref Enq: 0.0 ms]
      [Redirty Cards: 0.0 ms]
      [Humongous Register: 0.0 ms]
      [Humongous Reclaim: 0.0 ms]
      [Free CSet: 0.1 ms]
   [Eden: 53.0M(53.0M)->0.0B(46.0M) Survivors: 10.0M->8192.0K Heap: 976.0M(1096.0M)->933.0M(1096.0M)]
 [Times: user=0.00 sys=0.00, real=0.01 secs] 
2016-06-27T20:27:13.625+0300: 135.897: Total time for which application threads were stopped: 0.0088097 seconds, Stopping threads took: 0.0030098 seconds
2016-06-27T20:27:14.024+0300: 136.295: [GC pause (G1 Evacuation Pause) (young)
Desired survivor size 3670016 bytes, new threshold 1 (max 15)
- age   1:    8173144 bytes,    8173144 total
, 0.0043980 secs]
   [Parallel Time: 3.9 ms, GC Workers: 4]
      [GC Worker Start (ms): Min: 136295.6, Avg: 136295.6, Max: 136295.7, Diff: 0.0]
      [Ext Root Scanning (ms): Min: 0.6, Avg: 0.6, Max: 0.7, Diff: 0.1, Sum: 2.5]
      [Update RS (ms): Min: 0.8, Avg: 0.8, Max: 0.8, Diff: 0.1, Sum: 3.2]
         [Processed Buffers: Min: 2, Avg: 14.0, Max: 24, Diff: 22, Sum: 56]
      [Scan RS (ms): Min: 0.0, Avg: 0.0, Max: 0.0, Diff: 0.0, Sum: 0.0]
      [Code Root Scanning (ms): Min: 0.0, Avg: 0.0, Max: 0.0, Diff: 0.0, Sum: 0.0]
      [Object Copy (ms): Min: 2.3, Avg: 2.4, Max: 2.4, Diff: 0.2, Sum: 9.5]
      [Termination (ms): Min: 0.0, Avg: 0.0, Max: 0.0, Diff: 0.0, Sum: 0.0]
         [Termination Attempts: Min: 1, Avg: 1.0, Max: 1, Diff: 0, Sum: 4]
      [GC Worker Other (ms): Min: 0.0, Avg: 0.0, Max: 0.0, Diff: 0.0, Sum: 0.1]
      [GC Worker Total (ms): Min: 3.8, Avg: 3.8, Max: 3.8, Diff: 0.0, Sum: 15.3]
      [GC Worker End (ms): Min: 136299.5, Avg: 136299.5, Max: 136299.5, Diff: 0.0]
   [Code Root Fixup: 0.0 ms]
   [Code Root Purge: 0.0 ms]
   [Clear CT: 0.0 ms]
   [Other: 0.5 ms]
      [Choose CSet: 0.0 ms]
      [Ref Proc: 0.0 ms]
      [Ref Enq: 0.0 ms]
      [Redirty Cards: 0.1 ms]
      [Humongous Register: 0.0 ms]
      [Humongous Reclaim: 0.0 ms]
      [Free CSet: 0.1 ms]
   [Eden: 46.0M(46.0M)->0.0B(47.0M) Survivors: 8192.0K->7168.0K Heap: 979.0M(1096.0M)->942.0M(1096.0M)]
 [Times: user=0.00 sys=0.00, real=0.00 secs] 
2016-06-27T20:27:14.028+0300: 136.300: Total time for which application threads were stopped: 0.0070512 seconds, Stopping threads took: 0.0019497 seconds
2016-06-27T20:27:14.396+0300: 136.668: [GC pause (G1 Evacuation Pause) (young)
Desired survivor size 3670016 bytes, new threshold 1 (max 15)
- age   1:    7167400 bytes,    7167400 total
, 0.0045644 secs]
   [Parallel Time: 4.0 ms, GC Workers: 4]
      [GC Worker Start (ms): Min: 136668.0, Avg: 136668.0, Max: 136668.0, Diff: 0.1]
      [Ext Root Scanning (ms): Min: 0.6, Avg: 0.7, Max: 0.8, Diff: 0.2, Sum: 2.6]
      [Update RS (ms): Min: 0.8, Avg: 1.0, Max: 1.1, Diff: 0.3, Sum: 3.8]
         [Processed Buffers: Min: 7, Avg: 11.5, Max: 14, Diff: 7, Sum: 46]
      [Scan RS (ms): Min: 0.0, Avg: 0.0, Max: 0.0, Diff: 0.0, Sum: 0.0]
      [Code Root Scanning (ms): Min: 0.0, Avg: 0.0, Max: 0.0, Diff: 0.0, Sum: 0.0]
      [Object Copy (ms): Min: 2.2, Avg: 2.3, Max: 2.4, Diff: 0.2, Sum: 9.2]
      [Termination (ms): Min: 0.0, Avg: 0.0, Max: 0.0, Diff: 0.0, Sum: 0.0]
         [Termination Attempts: Min: 1, Avg: 1.0, Max: 1, Diff: 0, Sum: 4]
      [GC Worker Other (ms): Min: 0.0, Avg: 0.0, Max: 0.0, Diff: 0.0, Sum: 0.1]
      [GC Worker Total (ms): Min: 3.9, Avg: 3.9, Max: 3.9, Diff: 0.1, Sum: 15.7]
      [GC Worker End (ms): Min: 136671.9, Avg: 136671.9, Max: 136671.9, Diff: 0.0]
   [Code Root Fixup: 0.0 ms]
   [Code Root Purge: 0.0 ms]
   [Clear CT: 0.0 ms]
   [Other: 0.5 ms]
      [Choose CSet: 0.0 ms]
      [Ref Proc: 0.0 ms]
      [Ref Enq: 0.0 ms]
      [Redirty Cards: 0.0 ms]
      [Humongous Register: 0.0 ms]
      [Humongous Reclaim: 0.0 ms]
      [Free CSet: 0.1 ms]
   [Eden: 47.0M(47.0M)->0.0B(47.0M) Survivors: 7168.0K->7168.0K Heap: 989.0M(1096.0M)->951.5M(1096.0M)]
 [Times: user=0.00 sys=0.00, real=0.00 secs] 
2016-06-27T20:27:14.400+0300: 136.673: Total time for which application threads were stopped: 0.0063969 seconds, Stopping threads took: 0.0010490 seconds
2016-06-27T20:27:14.453+0300: 136.725: [GC cleanup 961M->961M(1096M), 0.0027327 secs]
 [Times: user=0.00 sys=0.00, real=0.00 secs] 
2016-06-27T20:27:14.456+0300: 136.728: Total time for which application threads were stopped: 0.0107517 seconds, Stopping threads took: 0.0073796 seconds
2016-06-27T20:27:14.732+0300: 137.004: [GC pause (G1 Evacuation Pause) (young)
Desired survivor size 3670016 bytes, new threshold 1 (max 15)
- age   1:    7033368 bytes,    7033368 total
, 0.0051186 secs]
   [Parallel Time: 4.6 ms, GC Workers: 4]
      [GC Worker Start (ms): Min: 137004.0, Avg: 137004.1, Max: 137004.2, Diff: 0.2]
      [Ext Root Scanning (ms): Min: 0.7, Avg: 1.7, Max: 4.2, Diff: 3.5, Sum: 6.7]
      [Update RS (ms): Min: 0.0, Avg: 0.8, Max: 1.0, Diff: 1.0, Sum: 3.1]
         [Processed Buffers: Min: 0, Avg: 11.5, Max: 21, Diff: 21, Sum: 46]
      [Scan RS (ms): Min: 0.0, Avg: 0.0, Max: 0.0, Diff: 0.0, Sum: 0.0]
      [Code Root Scanning (ms): Min: 0.0, Avg: 0.0, Max: 0.0, Diff: 0.0, Sum: 0.0]
      [Object Copy (ms): Min: 0.1, Avg: 1.9, Max: 2.5, Diff: 2.4, Sum: 7.4]
      [Termination (ms): Min: 0.0, Avg: 0.1, Max: 0.2, Diff: 0.2, Sum: 0.5]
         [Termination Attempts: Min: 1, Avg: 1.3, Max: 2, Diff: 1, Sum: 5]
      [GC Worker Other (ms): Min: 0.0, Avg: 0.0, Max: 0.0, Diff: 0.0, Sum: 0.0]
      [GC Worker Total (ms): Min: 4.4, Avg: 4.5, Max: 4.6, Diff: 0.2, Sum: 17.9]
      [GC Worker End (ms): Min: 137008.5, Avg: 137008.5, Max: 137008.6, Diff: 0.0]
   [Code Root Fixup: 0.0 ms]
   [Code Root Purge: 0.0 ms]
   [Clear CT: 0.0 ms]
   [Other: 0.5 ms]
      [Choose CSet: 0.0 ms]
      [Ref Proc: 0.1 ms]
      [Ref Enq: 0.0 ms]
      [Redirty Cards: 0.0 ms]
      [Humongous Register: 0.0 ms]
      [Humongous Reclaim: 0.0 ms]
      [Free CSet: 0.1 ms]
   [Eden: 47.0M(47.0M)->0.0B(47.0M) Survivors: 7168.0K->7168.0K Heap: 998.5M(1096.0M)->960.0M(1096.0M)]
 [Times: user=0.00 sys=0.00, real=0.00 secs] 
2016-06-27T20:27:14.737+0300: 137.009: Total time for which application threads were stopped: 0.0111186 seconds, Stopping threads took: 0.0052097 seconds
2016-06-27T20:27:15.133+0300: 137.405: [GC pause (G1 Evacuation Pause) (mixed)
Desired survivor size 3670016 bytes, new threshold 1 (max 15)
- age   1:    7189592 bytes,    7189592 total
, 0.0207678 secs]
   [Parallel Time: 19.4 ms, GC Workers: 4]
      [GC Worker Start (ms): Min: 137405.5, Avg: 137405.5, Max: 137405.5, Diff: 0.0]
      [Ext Root Scanning (ms): Min: 0.6, Avg: 0.6, Max: 0.6, Diff: 0.1, Sum: 2.4]
      [Update RS (ms): Min: 1.0, Avg: 1.0, Max: 1.1, Diff: 0.1, Sum: 4.1]
         [Processed Buffers: Min: 6, Avg: 11.5, Max: 20, Diff: 14, Sum: 46]
      [Scan RS (ms): Min: 3.5, Avg: 3.6, Max: 3.6, Diff: 0.1, Sum: 14.3]
      [Code Root Scanning (ms): Min: 0.0, Avg: 0.0, Max: 0.1, Diff: 0.1, Sum: 0.1]
      [Object Copy (ms): Min: 14.1, Avg: 14.1, Max: 14.1, Diff: 0.0, Sum: 56.4]
      [Termination (ms): Min: 0.0, Avg: 0.0, Max: 0.0, Diff: 0.0, Sum: 0.0]
         [Termination Attempts: Min: 1, Avg: 5.3, Max: 10, Diff: 9, Sum: 21]
      [GC Worker Other (ms): Min: 0.0, Avg: 0.0, Max: 0.0, Diff: 0.0, Sum: 0.1]
      [GC Worker Total (ms): Min: 19.3, Avg: 19.4, Max: 19.4, Diff: 0.0, Sum: 77.4]
      [GC Worker End (ms): Min: 137424.9, Avg: 137424.9, Max: 137424.9, Diff: 0.0]
   [Code Root Fixup: 0.0 ms]
   [Code Root Purge: 0.0 ms]
   [Clear CT: 0.2 ms]
   [Other: 1.1 ms]
      [Choose CSet: 0.2 ms]
      [Ref Proc: 0.1 ms]
      [Ref Enq: 0.0 ms]
      [Redirty Cards: 0.0 ms]
      [Humongous Register: 0.0 ms]
      [Humongous Reclaim: 0.0 ms]
      [Free CSet: 0.5 ms]
   [Eden: 47.0M(47.0M)->0.0B(47.0M) Survivors: 7168.0K->7168.0K Heap: 1007.0M(1096.0M)->926.5M(1096.0M)]
 [Times: user=0.06 sys=0.00, real=0.02 secs] 
2016-06-27T20:27:15.154+0300: 137.426: Total time for which application threads were stopped: 0.0274345 seconds, Stopping threads took: 0.0059127 seconds
2016-06-27T20:27:15.527+0300: 137.799: [GC pause (G1 Evacuation Pause) (mixed)
Desired survivor size 3670016 bytes, new threshold 1 (max 15)
- age   1:    7039232 bytes,    7039232 total
, 0.0184268 secs]
   [Parallel Time: 17.5 ms, GC Workers: 4]
      [GC Worker Start (ms): Min: 137799.2, Avg: 137799.2, Max: 137799.2, Diff: 0.0]
      [Ext Root Scanning (ms): Min: 0.5, Avg: 0.5, Max: 0.6, Diff: 0.2, Sum: 2.1]
      [Update RS (ms): Min: 9.8, Avg: 9.9, Max: 10.3, Diff: 0.5, Sum: 39.8]
         [Processed Buffers: Min: 12, Avg: 17.5, Max: 23, Diff: 11, Sum: 70]
      [Scan RS (ms): Min: 1.2, Avg: 1.5, Max: 1.6, Diff: 0.4, Sum: 6.1]
      [Code Root Scanning (ms): Min: 0.0, Avg: 0.0, Max: 0.0, Diff: 0.0, Sum: 0.0]
      [Object Copy (ms): Min: 5.4, Avg: 5.5, Max: 5.5, Diff: 0.1, Sum: 21.8]
      [Termination (ms): Min: 0.0, Avg: 0.0, Max: 0.0, Diff: 0.0, Sum: 0.0]
         [Termination Attempts: Min: 1, Avg: 3.5, Max: 6, Diff: 5, Sum: 14]
      [GC Worker Other (ms): Min: 0.0, Avg: 0.0, Max: 0.0, Diff: 0.0, Sum: 0.1]
      [GC Worker Total (ms): Min: 17.4, Avg: 17.5, Max: 17.5, Diff: 0.0, Sum: 69.8]
      [GC Worker End (ms): Min: 137816.6, Avg: 137816.6, Max: 137816.6, Diff: 0.0]
   [Code Root Fixup: 0.0 ms]
   [Code Root Purge: 0.0 ms]
   [Clear CT: 0.2 ms]
   [Other: 0.7 ms]
      [Choose CSet: 0.1 ms]
      [Ref Proc: 0.1 ms]
      [Ref Enq: 0.0 ms]
      [Redirty Cards: 0.0 ms]
      [Humongous Register: 0.0 ms]
      [Humongous Reclaim: 0.0 ms]
      [Free CSet: 0.2 ms]
   [Eden: 47.0M(47.0M)->0.0B(47.0M) Survivors: 7168.0K->7168.0K Heap: 973.5M(1096.0M)->927.0M(1096.0M)]
 [Times: user=0.06 sys=0.00, real=0.02 secs] 
2016-06-27T20:27:15.546+0300: 137.818: Total time for which application threads were stopped: 0.0212754 seconds, Stopping threads took: 0.0021815 seconds
2016-06-27T20:27:15.922+0300: 138.194: [GC pause (G1 Evacuation Pause) (young)
Desired survivor size 3670016 bytes, new threshold 1 (max 15)
- age   1:    7203848 bytes,    7203848 total
, 0.0087472 secs]
   [Parallel Time: 8.1 ms, GC Workers: 4]
      [GC Worker Start (ms): Min: 138194.5, Avg: 138194.5, Max: 138194.5, Diff: 0.0]
      [Ext Root Scanning (ms): Min: 0.5, Avg: 0.6, Max: 0.6, Diff: 0.1, Sum: 2.2]
      [Update RS (ms): Min: 5.2, Avg: 5.3, Max: 5.5, Diff: 0.4, Sum: 21.3]
         [Processed Buffers: Min: 6, Avg: 13.8, Max: 26, Diff: 20, Sum: 55]
      [Scan RS (ms): Min: 0.0, Avg: 0.0, Max: 0.0, Diff: 0.0, Sum: 0.0]
      [Code Root Scanning (ms): Min: 0.0, Avg: 0.0, Max: 0.0, Diff: 0.0, Sum: 0.0]
      [Object Copy (ms): Min: 2.0, Avg: 2.2, Max: 2.3, Diff: 0.3, Sum: 8.8]
      [Termination (ms): Min: 0.0, Avg: 0.0, Max: 0.0, Diff: 0.0, Sum: 0.0]
         [Termination Attempts: Min: 1, Avg: 1.0, Max: 1, Diff: 0, Sum: 4]
      [GC Worker Other (ms): Min: 0.0, Avg: 0.0, Max: 0.0, Diff: 0.0, Sum: 0.1]
      [GC Worker Total (ms): Min: 8.1, Avg: 8.1, Max: 8.1, Diff: 0.0, Sum: 32.4]
      [GC Worker End (ms): Min: 138202.6, Avg: 138202.6, Max: 138202.6, Diff: 0.0]
   [Code Root Fixup: 0.0 ms]
   [Code Root Purge: 0.0 ms]
   [Clear CT: 0.0 ms]
   [Other: 0.6 ms]
      [Choose CSet: 0.0 ms]
      [Ref Proc: 0.0 ms]
      [Ref Enq: 0.0 ms]
      [Redirty Cards: 0.0 ms]
      [Humongous Register: 0.0 ms]
      [Humongous Reclaim: 0.0 ms]
      [Free CSet: 0.1 ms]
   [Eden: 47.0M(47.0M)->0.0B(47.0M) Survivors: 7168.0K->7168.0K Heap: 974.0M(1096.0M)->936.0M(1096.0M)]
 [Times: user=0.06 sys=0.00, real=0.01 secs] 
2016-06-27T20:27:15.931+0300: 138.203: Total time for which application threads were stopped: 0.0133441 seconds, Stopping threads took: 0.0040105 seconds
2016-06-27T20:27:16.329+0300: 138.601: [GC pause (G1 Evacuation Pause) (young) (initial-mark)
Desired survivor size 3670016 bytes, new threshold 1 (max 15)
- age   1:    7215688 bytes,    7215688 total
, 0.0047594 secs]
   [Parallel Time: 4.1 ms, GC Workers: 4]
      [GC Worker Start (ms): Min: 138601.6, Avg: 138601.6, Max: 138601.6, Diff: 0.0]
      [Ext Root Scanning (ms): Min: 0.5, Avg: 0.6, Max: 0.7, Diff: 0.2, Sum: 2.3]
      [Update RS (ms): Min: 1.0, Avg: 1.1, Max: 1.1, Diff: 0.0, Sum: 4.2]
         [Processed Buffers: Min: 6, Avg: 10.8, Max: 20, Diff: 14, Sum: 43]
      [Scan RS (ms): Min: 0.0, Avg: 0.0, Max: 0.0, Diff: 0.0, Sum: 0.0]
      [Code Root Scanning (ms): Min: 0.0, Avg: 0.0, Max: 0.0, Diff: 0.0, Sum: 0.0]
      [Object Copy (ms): Min: 2.2, Avg: 2.3, Max: 2.4, Diff: 0.2, Sum: 9.4]
      [Termination (ms): Min: 0.0, Avg: 0.0, Max: 0.0, Diff: 0.0, Sum: 0.0]
         [Termination Attempts: Min: 1, Avg: 1.0, Max: 1, Diff: 0, Sum: 4]
      [GC Worker Other (ms): Min: 0.0, Avg: 0.0, Max: 0.0, Diff: 0.0, Sum: 0.1]
      [GC Worker Total (ms): Min: 4.0, Avg: 4.0, Max: 4.0, Diff: 0.0, Sum: 16.0]
      [GC Worker End (ms): Min: 138605.6, Avg: 138605.6, Max: 138605.6, Diff: 0.0]
   [Code Root Fixup: 0.0 ms]
   [Code Root Purge: 0.0 ms]
   [Clear CT: 0.0 ms]
   [Other: 0.7 ms]
      [Choose CSet: 0.0 ms]
      [Ref Proc: 0.0 ms]
      [Ref Enq: 0.0 ms]
      [Redirty Cards: 0.0 ms]
      [Humongous Register: 0.0 ms]
      [Humongous Reclaim: 0.0 ms]
      [Free CSet: 0.1 ms]
   [Eden: 47.0M(47.0M)->0.0B(47.0M) Survivors: 7168.0K->7168.0K Heap: 983.0M(1096.0M)->944.5M(1096.0M)]
 [Times: user=0.06 sys=0.00, real=0.01 secs] 
2016-06-27T20:27:16.334+0300: 138.606: [GC concurrent-root-region-scan-start]
2016-06-27T20:27:16.334+0300: 138.606: Total time for which application threads were stopped: 0.0069152 seconds, Stopping threads took: 0.0015032 seconds
2016-06-27T20:27:16.335+0300: 138.607: [GC concurrent-root-region-scan-end, 0.0009259 secs]
2016-06-27T20:27:16.335+0300: 138.607: [GC concurrent-mark-start]
2016-06-27T20:27:16.395+0300: 138.667: [GC concurrent-mark-end, 0.0575743 secs]
2016-06-27T20:27:16.425+0300: 138.697: [GC remark 2016-06-27T20:27:16.425+0300: 138.697: [Finalize Marking, 0.0001634 secs] 2016-06-27T20:27:16.425+0300: 138.697: [GC ref-proc, 0.0001073 secs] 2016-06-27T20:27:16.425+0300: 138.697: [Unloading, 0.0015999 secs], 0.0054539 secs]
 [Times: user=0.06 sys=0.00, real=0.01 secs] 
2016-06-27T20:27:16.430+0300: 138.702: Total time for which application threads were stopped: 0.0061112 seconds, Stopping threads took: 0.0002258 seconds
2016-06-27T20:27:16.463+0300: 138.735: [GC cleanup 961M->961M(1096M), 0.0023042 secs]
 [Times: user=0.00 sys=0.00, real=0.00 secs] 
2016-06-27T20:27:16.465+0300: 138.737: Total time for which application threads were stopped: 0.0030252 seconds, Stopping threads took: 0.0002446 seconds
2016-06-27T20:27:16.719+0300: 138.991: [GC pause (G1 Evacuation Pause) (young)
Desired survivor size 3670016 bytes, new threshold 1 (max 15)
- age   1:    7231056 bytes,    7231056 total
, 0.0043176 secs]
   [Parallel Time: 3.8 ms, GC Workers: 4]
      [GC Worker Start (ms): Min: 138991.1, Avg: 138991.1, Max: 138991.1, Diff: 0.0]
      [Ext Root Scanning (ms): Min: 0.5, Avg: 0.5, Max: 0.6, Diff: 0.1, Sum: 2.1]
      [Update RS (ms): Min: 0.8, Avg: 0.9, Max: 0.9, Diff: 0.1, Sum: 3.4]
         [Processed Buffers: Min: 3, Avg: 9.8, Max: 15, Diff: 12, Sum: 39]
      [Scan RS (ms): Min: 0.0, Avg: 0.0, Max: 0.0, Diff: 0.0, Sum: 0.0]
      [Code Root Scanning (ms): Min: 0.0, Avg: 0.0, Max: 0.0, Diff: 0.0, Sum: 0.0]
      [Object Copy (ms): Min: 2.3, Avg: 2.3, Max: 2.3, Diff: 0.0, Sum: 9.2]
      [Termination (ms): Min: 0.0, Avg: 0.0, Max: 0.0, Diff: 0.0, Sum: 0.1]
         [Termination Attempts: Min: 1, Avg: 1.0, Max: 1, Diff: 0, Sum: 4]
      [GC Worker Other (ms): Min: 0.0, Avg: 0.0, Max: 0.0, Diff: 0.0, Sum: 0.0]
      [GC Worker Total (ms): Min: 3.7, Avg: 3.7, Max: 3.7, Diff: 0.0, Sum: 14.9]
      [GC Worker End (ms): Min: 138994.8, Avg: 138994.8, Max: 138994.8, Diff: 0.0]
   [Code Root Fixup: 0.0 ms]
   [Code Root Purge: 0.0 ms]
   [Clear CT: 0.0 ms]
   [Other: 0.5 ms]
      [Choose CSet: 0.0 ms]
      [Ref Proc: 0.0 ms]
      [Ref Enq: 0.0 ms]
      [Redirty Cards: 0.0 ms]
      [Humongous Register: 0.0 ms]
      [Humongous Reclaim: 0.0 ms]
      [Free CSet: 0.1 ms]
   [Eden: 47.0M(47.0M)->0.0B(47.0M) Survivors: 7168.0K->7168.0K Heap: 991.5M(1096.0M)->953.0M(1096.0M)]
 [Times: user=0.02 sys=0.00, real=0.00 secs] 
2016-06-27T20:27:16.723+0300: 138.996: Total time for which application threads were stopped: 0.0055676 seconds, Stopping threads took: 0.0006321 seconds
2016-06-27T20:27:17.120+0300: 139.392: [GC pause (G1 Evacuation Pause) (mixed)
Desired survivor size 3670016 bytes, new threshold 1 (max 15)
- age   1:    7214376 bytes,    7214376 total
, 0.0168804 secs]
   [Parallel Time: 15.6 ms, GC Workers: 4]
      [GC Worker Start (ms): Min: 139392.8, Avg: 139392.8, Max: 139392.8, Diff: 0.0]
      [Ext Root Scanning (ms): Min: 0.5, Avg: 0.6, Max: 0.7, Diff: 0.2, Sum: 2.4]
      [Update RS (ms): Min: 0.8, Avg: 0.9, Max: 1.0, Diff: 0.2, Sum: 3.7]
         [Processed Buffers: Min: 2, Avg: 10.3, Max: 25, Diff: 23, Sum: 41]
      [Scan RS (ms): Min: 1.9, Avg: 1.9, Max: 2.1, Diff: 0.2, Sum: 7.8]
      [Code Root Scanning (ms): Min: 0.0, Avg: 0.0, Max: 0.0, Diff: 0.0, Sum: 0.0]
      [Object Copy (ms): Min: 11.9, Avg: 12.0, Max: 12.0, Diff: 0.1, Sum: 48.1]
      [Termination (ms): Min: 0.0, Avg: 0.0, Max: 0.0, Diff: 0.0, Sum: 0.0]
         [Termination Attempts: Min: 1, Avg: 1.0, Max: 1, Diff: 0, Sum: 4]
      [GC Worker Other (ms): Min: 0.0, Avg: 0.0, Max: 0.0, Diff: 0.0, Sum: 0.1]
      [GC Worker Total (ms): Min: 15.5, Avg: 15.5, Max: 15.5, Diff: 0.0, Sum: 62.1]
      [GC Worker End (ms): Min: 139408.3, Avg: 139408.3, Max: 139408.3, Diff: 0.0]
   [Code Root Fixup: 0.0 ms]
   [Code Root Purge: 0.0 ms]
   [Clear CT: 0.2 ms]
   [Other: 1.1 ms]
      [Choose CSet: 0.1 ms]
      [Ref Proc: 0.0 ms]
      [Ref Enq: 0.0 ms]
      [Redirty Cards: 0.0 ms]
      [Humongous Register: 0.0 ms]
      [Humongous Reclaim: 0.0 ms]
      [Free CSet: 0.5 ms]
   [Eden: 47.0M(47.0M)->0.0B(47.0M) Survivors: 7168.0K->7168.0K Heap: 1000.0M(1096.0M)->912.5M(1096.0M)]
 [Times: user=0.06 sys=0.00, real=0.02 secs] 
2016-06-27T20:27:17.137+0300: 139.410: Total time for which application threads were stopped: 0.0192654 seconds, Stopping threads took: 0.0017089 seconds
2016-06-27T20:27:17.520+0300: 139.792: [GC pause (G1 Evacuation Pause) (mixed)
Desired survivor size 3670016 bytes, new threshold 1 (max 15)
- age   1:    7208224 bytes,    7208224 total
, 0.0245833 secs]
   [Parallel Time: 23.2 ms, GC Workers: 4]
      [GC Worker Start (ms): Min: 139792.6, Avg: 139792.6, Max: 139792.7, Diff: 0.0]
      [Ext Root Scanning (ms): Min: 0.5, Avg: 0.6, Max: 0.6, Diff: 0.0, Sum: 2.3]
      [Update RS (ms): Min: 5.9, Avg: 6.0, Max: 6.2, Diff: 0.3, Sum: 24.0]
         [Processed Buffers: Min: 8, Avg: 12.0, Max: 18, Diff: 10, Sum: 48]
      [Scan RS (ms): Min: 3.1, Avg: 3.3, Max: 3.4, Diff: 0.3, Sum: 13.0]
      [Code Root Scanning (ms): Min: 0.0, Avg: 0.0, Max: 0.1, Diff: 0.1, Sum: 0.1]
      [Object Copy (ms): Min: 13.3, Avg: 13.3, Max: 13.4, Diff: 0.0, Sum: 53.3]
      [Termination (ms): Min: 0.0, Avg: 0.0, Max: 0.0, Diff: 0.0, Sum: 0.0]
         [Termination Attempts: Min: 1, Avg: 4.3, Max: 7, Diff: 6, Sum: 17]
      [GC Worker Other (ms): Min: 0.0, Avg: 0.0, Max: 0.0, Diff: 0.0, Sum: 0.1]
      [GC Worker Total (ms): Min: 23.2, Avg: 23.2, Max: 23.2, Diff: 0.0, Sum: 92.8]
      [GC Worker End (ms): Min: 139815.8, Avg: 139815.8, Max: 139815.8, Diff: 0.0]
   [Code Root Fixup: 0.0 ms]
   [Code Root Purge: 0.0 ms]
   [Clear CT: 0.2 ms]
   [Other: 1.1 ms]
      [Choose CSet: 0.2 ms]
      [Ref Proc: 0.1 ms]
      [Ref Enq: 0.0 ms]
      [Redirty Cards: 0.1 ms]
      [Humongous Register: 0.0 ms]
      [Humongous Reclaim: 0.0 ms]
      [Free CSet: 0.5 ms]
   [Eden: 47.0M(47.0M)->0.0B(47.0M) Survivors: 7168.0K->7168.0K Heap: 959.5M(1096.0M)->878.0M(1096.0M)]
 [Times: user=0.08 sys=0.00, real=0.03 secs] 
2016-06-27T20:27:17.545+0300: 139.817: Total time for which application threads were stopped: 0.0278985 seconds, Stopping threads took: 0.0026335 seconds
2016-06-27T20:27:17.932+0300: 140.204: [GC pause (G1 Evacuation Pause) (mixed)
Desired survivor size 3670016 bytes, new threshold 1 (max 15)
- age   1:    7229752 bytes,    7229752 total
, 0.0285357 secs]
   [Parallel Time: 27.1 ms, GC Workers: 4]
      [GC Worker Start (ms): Min: 140204.6, Avg: 140204.6, Max: 140204.6, Diff: 0.0]
      [Ext Root Scanning (ms): Min: 0.5, Avg: 0.5, Max: 0.6, Diff: 0.1, Sum: 2.2]
      [Update RS (ms): Min: 8.3, Avg: 8.4, Max: 8.7, Diff: 0.4, Sum: 33.5]
         [Processed Buffers: Min: 11, Avg: 18.5, Max: 27, Diff: 16, Sum: 74]
      [Scan RS (ms): Min: 3.6, Avg: 3.9, Max: 4.0, Diff: 0.4, Sum: 15.6]
      [Code Root Scanning (ms): Min: 0.0, Avg: 0.0, Max: 0.0, Diff: 0.0, Sum: 0.1]
      [Object Copy (ms): Min: 14.2, Avg: 14.2, Max: 14.2, Diff: 0.1, Sum: 56.8]
      [Termination (ms): Min: 0.0, Avg: 0.0, Max: 0.0, Diff: 0.0, Sum: 0.0]
         [Termination Attempts: Min: 1, Avg: 1.0, Max: 1, Diff: 0, Sum: 4]
      [GC Worker Other (ms): Min: 0.0, Avg: 0.0, Max: 0.0, Diff: 0.0, Sum: 0.1]
      [GC Worker Total (ms): Min: 27.0, Avg: 27.0, Max: 27.1, Diff: 0.0, Sum: 108.2]
      [GC Worker End (ms): Min: 140231.6, Avg: 140231.6, Max: 140231.6, Diff: 0.0]
   [Code Root Fixup: 0.0 ms]
   [Code Root Purge: 0.0 ms]
   [Clear CT: 0.2 ms]
   [Other: 1.2 ms]
      [Choose CSet: 0.2 ms]
      [Ref Proc: 0.0 ms]
      [Ref Enq: 0.0 ms]
      [Redirty Cards: 0.0 ms]
      [Humongous Register: 0.0 ms]
      [Humongous Reclaim: 0.0 ms]
      [Free CSet: 0.5 ms]
   [Eden: 47.0M(47.0M)->0.0B(47.0M) Survivors: 7168.0K->7168.0K Heap: 925.0M(1096.0M)->846.0M(1096.0M)]
 [Times: user=0.13 sys=0.00, real=0.03 secs] 
2016-06-27T20:27:17.961+0300: 140.233: Total time for which application threads were stopped: 0.0318132 seconds, Stopping threads took: 0.0025736 seconds
2016-06-27T20:27:18.165+0300: 140.437: Total time for which application threads were stopped: 0.0028298 seconds, Stopping threads took: 0.0019232 seconds
2016-06-27T20:27:18.360+0300: 140.632: [GC pause (G1 Evacuation Pause) (mixed)
Desired survivor size 3670016 bytes, new threshold 1 (max 15)
- age   1:    7209448 bytes,    7209448 total
, 0.0191191 secs]
   [Parallel Time: 17.9 ms, GC Workers: 4]
      [GC Worker Start (ms): Min: 140632.1, Avg: 140632.1, Max: 140632.1, Diff: 0.0]
      [Ext Root Scanning (ms): Min: 0.4, Avg: 0.5, Max: 0.6, Diff: 0.1, Sum: 2.0]
      [Update RS (ms): Min: 9.6, Avg: 9.6, Max: 9.7, Diff: 0.1, Sum: 38.6]
         [Processed Buffers: Min: 12, Avg: 17.8, Max: 27, Diff: 15, Sum: 71]
      [Scan RS (ms): Min: 1.9, Avg: 2.0, Max: 2.0, Diff: 0.2, Sum: 8.0]
      [Code Root Scanning (ms): Min: 0.0, Avg: 0.0, Max: 0.0, Diff: 0.0, Sum: 0.1]
      [Object Copy (ms): Min: 5.7, Avg: 5.7, Max: 5.8, Diff: 0.1, Sum: 22.9]
      [Termination (ms): Min: 0.0, Avg: 0.0, Max: 0.0, Diff: 0.0, Sum: 0.0]
         [Termination Attempts: Min: 1, Avg: 2.5, Max: 4, Diff: 3, Sum: 10]
      [GC Worker Other (ms): Min: 0.0, Avg: 0.0, Max: 0.0, Diff: 0.0, Sum: 0.1]
      [GC Worker Total (ms): Min: 17.9, Avg: 17.9, Max: 17.9, Diff: 0.0, Sum: 71.6]
      [GC Worker End (ms): Min: 140650.0, Avg: 140650.0, Max: 140650.0, Diff: 0.0]
   [Code Root Fixup: 0.0 ms]
   [Code Root Purge: 0.0 ms]
   [Clear CT: 0.2 ms]
   [Other: 0.9 ms]
      [Choose CSet: 0.1 ms]
      [Ref Proc: 0.1 ms]
      [Ref Enq: 0.0 ms]
      [Redirty Cards: 0.0 ms]
      [Humongous Register: 0.0 ms]
      [Humongous Reclaim: 0.0 ms]
      [Free CSet: 0.2 ms]
   [Eden: 47.0M(47.0M)->0.0B(47.0M) Survivors: 7168.0K->7168.0K Heap: 893.0M(1096.0M)->844.0M(1096.0M)]
 [Times: user=0.06 sys=0.00, real=0.02 secs] 
2016-06-27T20:27:18.379+0300: 140.651: Total time for which application threads were stopped: 0.0222261 seconds, Stopping threads took: 0.0025129 seconds
2016-06-27T20:27:18.768+0300: 141.041: [GC pause (G1 Evacuation Pause) (young)
Desired survivor size 3670016 bytes, new threshold 1 (max 15)
- age   1:    6902832 bytes,    6902832 total
, 0.0099092 secs]
   [Parallel Time: 9.3 ms, GC Workers: 4]
      [GC Worker Start (ms): Min: 141040.8, Avg: 141040.8, Max: 141040.8, Diff: 0.0]
      [Ext Root Scanning (ms): Min: 0.5, Avg: 0.6, Max: 0.6, Diff: 0.1, Sum: 2.2]
      [Update RS (ms): Min: 6.2, Avg: 6.3, Max: 6.7, Diff: 0.5, Sum: 25.3]
         [Processed Buffers: Min: 6, Avg: 10.3, Max: 19, Diff: 13, Sum: 41]
      [Scan RS (ms): Min: 0.0, Avg: 0.0, Max: 0.0, Diff: 0.0, Sum: 0.0]
      [Code Root Scanning (ms): Min: 0.0, Avg: 0.0, Max: 0.0, Diff: 0.0, Sum: 0.0]
      [Object Copy (ms): Min: 1.8, Avg: 2.1, Max: 2.3, Diff: 0.4, Sum: 8.5]
      [Termination (ms): Min: 0.0, Avg: 0.0, Max: 0.0, Diff: 0.0, Sum: 0.0]
         [Termination Attempts: Min: 1, Avg: 1.0, Max: 1, Diff: 0, Sum: 4]
      [GC Worker Other (ms): Min: 0.0, Avg: 0.0, Max: 0.0, Diff: 0.0, Sum: 0.1]
      [GC Worker Total (ms): Min: 9.0, Avg: 9.1, Max: 9.1, Diff: 0.0, Sum: 36.2]
      [GC Worker End (ms): Min: 141049.9, Avg: 141049.9, Max: 141049.9, Diff: 0.0]
   [Code Root Fixup: 0.0 ms]
   [Code Root Purge: 0.0 ms]
   [Clear CT: 0.0 ms]
   [Other: 0.6 ms]
      [Choose CSet: 0.0 ms]
      [Ref Proc: 0.0 ms]
      [Ref Enq: 0.0 ms]
      [Redirty Cards: 0.0 ms]
      [Humongous Register: 0.0 ms]
      [Humongous Reclaim: 0.0 ms]
      [Free CSet: 0.1 ms]
   [Eden: 47.0M(47.0M)->0.0B(47.0M) Survivors: 7168.0K->7168.0K Heap: 891.0M(1096.0M)->852.0M(1096.0M)]
 [Times: user=0.06 sys=0.00, real=0.01 secs] 
2016-06-27T20:27:18.778+0300: 141.051: Total time for which application threads were stopped: 0.0124298 seconds, Stopping threads took: 0.0019390 seconds
2016-06-27T20:27:19.159+0300: 141.431: [GC pause (G1 Evacuation Pause) (young) (initial-mark)
Desired survivor size 3670016 bytes, new threshold 1 (max 15)
- age   1:    7215672 bytes,    7215672 total
, 0.0041495 secs]
   [Parallel Time: 3.5 ms, GC Workers: 4]
      [GC Worker Start (ms): Min: 141431.7, Avg: 141431.7, Max: 141431.7, Diff: 0.0]
      [Ext Root Scanning (ms): Min: 0.5, Avg: 0.5, Max: 0.7, Diff: 0.2, Sum: 2.1]
      [Update RS (ms): Min: 0.5, Avg: 0.6, Max: 0.7, Diff: 0.2, Sum: 2.4]
         [Processed Buffers: Min: 1, Avg: 7.5, Max: 14, Diff: 13, Sum: 30]
      [Scan RS (ms): Min: 0.0, Avg: 0.0, Max: 0.0, Diff: 0.0, Sum: 0.0]
      [Code Root Scanning (ms): Min: 0.0, Avg: 0.0, Max: 0.0, Diff: 0.0, Sum: 0.0]
      [Object Copy (ms): Min: 2.3, Avg: 2.3, Max: 2.4, Diff: 0.1, Sum: 9.2]
      [Termination (ms): Min: 0.0, Avg: 0.0, Max: 0.0, Diff: 0.0, Sum: 0.0]
         [Termination Attempts: Min: 1, Avg: 1.0, Max: 1, Diff: 0, Sum: 4]
      [GC Worker Other (ms): Min: 0.0, Avg: 0.0, Max: 0.0, Diff: 0.0, Sum: 0.0]
      [GC Worker Total (ms): Min: 3.5, Avg: 3.5, Max: 3.5, Diff: 0.0, Sum: 13.8]
      [GC Worker End (ms): Min: 141435.1, Avg: 141435.1, Max: 141435.1, Diff: 0.0]
   [Code Root Fixup: 0.0 ms]
   [Code Root Purge: 0.0 ms]
   [Clear CT: 0.0 ms]
   [Other: 0.6 ms]
      [Choose CSet: 0.0 ms]
      [Ref Proc: 0.1 ms]
      [Ref Enq: 0.0 ms]
      [Redirty Cards: 0.0 ms]
      [Humongous Register: 0.0 ms]
      [Humongous Reclaim: 0.0 ms]
      [Free CSet: 0.1 ms]
   [Eden: 47.0M(47.0M)->0.0B(47.0M) Survivors: 7168.0K->7168.0K Heap: 899.0M(1096.0M)->860.5M(1096.0M)]
 [Times: user=0.06 sys=0.00, real=0.01 secs] 
2016-06-27T20:27:19.164+0300: 141.436: [GC concurrent-root-region-scan-start]
2016-06-27T20:27:19.164+0300: 141.436: Total time for which application threads were stopped: 0.0100828 seconds, Stopping threads took: 0.0053204 seconds
2016-06-27T20:27:19.164+0300: 141.436: [GC concurrent-root-region-scan-end, 0.0005855 secs]
2016-06-27T20:27:19.164+0300: 141.436: [GC concurrent-mark-start]
2016-06-27T20:27:19.227+0300: 141.499: [GC concurrent-mark-end, 0.0622485 secs]
2016-06-27T20:27:19.256+0300: 141.528: [GC remark 2016-06-27T20:27:19.256+0300: 141.528: [Finalize Marking, 0.0001339 secs] 2016-06-27T20:27:19.256+0300: 141.528: [GC ref-proc, 0.0000984 secs] 2016-06-27T20:27:19.256+0300: 141.528: [Unloading, 0.0014951 secs], 0.0053435 secs]
 [Times: user=0.00 sys=0.00, real=0.00 secs] 
2016-06-27T20:27:19.261+0300: 141.533: Total time for which application threads were stopped: 0.0097056 seconds, Stopping threads took: 0.0039348 seconds
2016-06-27T20:27:19.262+0300: 141.534: [GC cleanup 873M->873M(1096M), 0.0019492 secs]
 [Times: user=0.00 sys=0.00, real=0.00 secs] 
2016-06-27T20:27:19.264+0300: 141.536: Total time for which application threads were stopped: 0.0024654 seconds, Stopping threads took: 0.0000603 seconds
2016-06-27T20:27:19.546+0300: 141.818: [GC pause (G1 Evacuation Pause) (young)
Desired survivor size 3670016 bytes, new threshold 1 (max 15)
- age   1:    7183872 bytes,    7183872 total
, 0.0043244 secs]
   [Parallel Time: 3.6 ms, GC Workers: 4]
      [GC Worker Start (ms): Min: 141818.3, Avg: 141818.3, Max: 141818.3, Diff: 0.0]
      [Ext Root Scanning (ms): Min: 0.5, Avg: 0.6, Max: 0.6, Diff: 0.1, Sum: 2.3]
      [Update RS (ms): Min: 0.5, Avg: 0.6, Max: 0.8, Diff: 0.3, Sum: 2.3]
         [Processed Buffers: Min: 3, Avg: 10.0, Max: 16, Diff: 13, Sum: 40]
      [Scan RS (ms): Min: 0.0, Avg: 0.0, Max: 0.0, Diff: 0.0, Sum: 0.0]
      [Code Root Scanning (ms): Min: 0.0, Avg: 0.0, Max: 0.0, Diff: 0.0, Sum: 0.0]
      [Object Copy (ms): Min: 2.2, Avg: 2.3, Max: 2.4, Diff: 0.2, Sum: 9.4]
      [Termination (ms): Min: 0.0, Avg: 0.1, Max: 0.1, Diff: 0.1, Sum: 0.2]
         [Termination Attempts: Min: 1, Avg: 1.0, Max: 1, Diff: 0, Sum: 4]
      [GC Worker Other (ms): Min: 0.0, Avg: 0.0, Max: 0.0, Diff: 0.0, Sum: 0.0]
      [GC Worker Total (ms): Min: 3.6, Avg: 3.6, Max: 3.6, Diff: 0.0, Sum: 14.3]
      [GC Worker End (ms): Min: 141821.9, Avg: 141821.9, Max: 141821.9, Diff: 0.0]
   [Code Root Fixup: 0.0 ms]
   [Code Root Purge: 0.0 ms]
   [Clear CT: 0.1 ms]
   [Other: 0.6 ms]
      [Choose CSet: 0.0 ms]
      [Ref Proc: 0.1 ms]
      [Ref Enq: 0.0 ms]
      [Redirty Cards: 0.1 ms]
      [Humongous Register: 0.0 ms]
      [Humongous Reclaim: 0.0 ms]
      [Free CSet: 0.1 ms]
   [Eden: 47.0M(47.0M)->0.0B(47.0M) Survivors: 7168.0K->7168.0K Heap: 907.5M(1096.0M)->869.0M(1096.0M)]
 [Times: user=0.00 sys=0.00, real=0.00 secs] 
2016-06-27T20:27:19.550+0300: 141.823: Total time for which application threads were stopped: 0.0102676 seconds, Stopping threads took: 0.0054111 seconds
2016-06-27T20:27:19.949+0300: 142.221: [GC pause (G1 Evacuation Pause) (mixed)
Desired survivor size 3670016 bytes, new threshold 1 (max 15)
- age   1:    7188600 bytes,    7188600 total
, 0.0201241 secs]
   [Parallel Time: 18.6 ms, GC Workers: 4]
      [GC Worker Start (ms): Min: 142221.1, Avg: 142221.1, Max: 142221.3, Diff: 0.2]
      [Ext Root Scanning (ms): Min: 0.5, Avg: 0.7, Max: 0.9, Diff: 0.4, Sum: 2.7]
      [Update RS (ms): Min: 0.4, Avg: 0.5, Max: 0.6, Diff: 0.2, Sum: 1.9]
         [Processed Buffers: Min: 7, Avg: 12.3, Max: 23, Diff: 16, Sum: 49]
      [Scan RS (ms): Min: 3.4, Avg: 3.5, Max: 3.6, Diff: 0.2, Sum: 14.0]
      [Code Root Scanning (ms): Min: 0.0, Avg: 0.0, Max: 0.1, Diff: 0.1, Sum: 0.2]
      [Object Copy (ms): Min: 13.7, Avg: 13.8, Max: 13.9, Diff: 0.2, Sum: 55.3]
      [Termination (ms): Min: 0.0, Avg: 0.0, Max: 0.0, Diff: 0.0, Sum: 0.0]
         [Termination Attempts: Min: 1, Avg: 4.8, Max: 8, Diff: 7, Sum: 19]
      [GC Worker Other (ms): Min: 0.0, Avg: 0.0, Max: 0.0, Diff: 0.0, Sum: 0.1]
      [GC Worker Total (ms): Min: 18.4, Avg: 18.5, Max: 18.6, Diff: 0.2, Sum: 74.2]
      [GC Worker End (ms): Min: 142239.7, Avg: 142239.7, Max: 142239.7, Diff: 0.0]
   [Code Root Fixup: 0.0 ms]
   [Code Root Purge: 0.0 ms]
   [Clear CT: 0.2 ms]
   [Other: 1.2 ms]
      [Choose CSet: 0.2 ms]
      [Ref Proc: 0.0 ms]
      [Ref Enq: 0.0 ms]
      [Redirty Cards: 0.1 ms]
      [Humongous Register: 0.0 ms]
      [Humongous Reclaim: 0.0 ms]
      [Free CSet: 0.5 ms]
   [Eden: 47.0M(47.0M)->0.0B(47.0M) Survivors: 7168.0K->7168.0K Heap: 916.0M(1096.0M)->840.0M(1096.0M)]
 [Times: user=0.06 sys=0.00, real=0.02 secs] 
2016-06-27T20:27:19.969+0300: 142.241: Total time for which application threads were stopped: 0.0261789 seconds, Stopping threads took: 0.0054633 seconds
2016-06-27T20:27:20.379+0300: 142.651: [GC pause (G1 Evacuation Pause) (young)
Desired survivor size 3670016 bytes, new threshold 1 (max 15)
- age   1:    6932096 bytes,    6932096 total
, 0.0131166 secs]
   [Parallel Time: 12.6 ms, GC Workers: 4]
      [GC Worker Start (ms): Min: 142651.1, Avg: 142651.1, Max: 142651.1, Diff: 0.0]
      [Ext Root Scanning (ms): Min: 0.5, Avg: 0.5, Max: 0.7, Diff: 0.2, Sum: 2.1]
      [Update RS (ms): Min: 9.6, Avg: 9.7, Max: 9.7, Diff: 0.2, Sum: 38.6]
         [Processed Buffers: Min: 10, Avg: 15.3, Max: 19, Diff: 9, Sum: 61]
      [Scan RS (ms): Min: 0.0, Avg: 0.0, Max: 0.0, Diff: 0.0, Sum: 0.0]
      [Code Root Scanning (ms): Min: 0.0, Avg: 0.0, Max: 0.0, Diff: 0.0, Sum: 0.0]
      [Object Copy (ms): Min: 2.3, Avg: 2.3, Max: 2.4, Diff: 0.1, Sum: 9.2]
      [Termination (ms): Min: 0.0, Avg: 0.0, Max: 0.0, Diff: 0.0, Sum: 0.0]
         [Termination Attempts: Min: 1, Avg: 1.0, Max: 1, Diff: 0, Sum: 4]
      [GC Worker Other (ms): Min: 0.0, Avg: 0.0, Max: 0.0, Diff: 0.0, Sum: 0.1]
      [GC Worker Total (ms): Min: 12.5, Avg: 12.5, Max: 12.5, Diff: 0.0, Sum: 50.1]
      [GC Worker End (ms): Min: 142663.6, Avg: 142663.6, Max: 142663.6, Diff: 0.0]
   [Code Root Fixup: 0.0 ms]
   [Code Root Purge: 0.0 ms]
   [Clear CT: 0.0 ms]
   [Other: 0.5 ms]
      [Choose CSet: 0.0 ms]
      [Ref Proc: 0.0 ms]
      [Ref Enq: 0.0 ms]
      [Redirty Cards: 0.0 ms]
      [Humongous Register: 0.1 ms]
      [Humongous Reclaim: 0.0 ms]
      [Free CSet: 0.1 ms]
   [Eden: 47.0M(47.0M)->0.0B(47.0M) Survivors: 7168.0K->7168.0K Heap: 887.0M(1096.0M)->848.5M(1096.0M)]
 [Times: user=0.06 sys=0.00, real=0.01 secs] 
2016-06-27T20:27:20.392+0300: 142.664: Total time for which application threads were stopped: 0.0165015 seconds, Stopping threads took: 0.0027344 seconds
2016-06-27T20:27:20.782+0300: 143.054: [GC pause (G1 Evacuation Pause) (young) (initial-mark)
Desired survivor size 3670016 bytes, new threshold 1 (max 15)
- age   1:    7214536 bytes,    7214536 total
, 0.0047884 secs]
   [Parallel Time: 4.1 ms, GC Workers: 4]
      [GC Worker Start (ms): Min: 143054.1, Avg: 143054.1, Max: 143054.1, Diff: 0.0]
      [Ext Root Scanning (ms): Min: 0.7, Avg: 0.8, Max: 0.9, Diff: 0.2, Sum: 3.2]
      [Update RS (ms): Min: 0.6, Avg: 0.8, Max: 0.9, Diff: 0.3, Sum: 3.1]
         [Processed Buffers: Min: 5, Avg: 9.8, Max: 22, Diff: 17, Sum: 39]
      [Scan RS (ms): Min: 0.0, Avg: 0.0, Max: 0.0, Diff: 0.0, Sum: 0.0]
      [Code Root Scanning (ms): Min: 0.0, Avg: 0.0, Max: 0.0, Diff: 0.0, Sum: 0.0]
      [Object Copy (ms): Min: 2.4, Avg: 2.4, Max: 2.6, Diff: 0.2, Sum: 9.8]
      [Termination (ms): Min: 0.0, Avg: 0.0, Max: 0.0, Diff: 0.0, Sum: 0.0]
         [Termination Attempts: Min: 1, Avg: 1.0, Max: 1, Diff: 0, Sum: 4]
      [GC Worker Other (ms): Min: 0.0, Avg: 0.0, Max: 0.0, Diff: 0.0, Sum: 0.1]
      [GC Worker Total (ms): Min: 4.1, Avg: 4.1, Max: 4.1, Diff: 0.0, Sum: 16.2]
      [GC Worker End (ms): Min: 143058.2, Avg: 143058.2, Max: 143058.2, Diff: 0.0]
   [Code Root Fixup: 0.0 ms]
   [Code Root Purge: 0.0 ms]
   [Clear CT: 0.0 ms]
   [Other: 0.6 ms]
      [Choose CSet: 0.0 ms]
      [Ref Proc: 0.0 ms]
      [Ref Enq: 0.0 ms]
      [Redirty Cards: 0.0 ms]
      [Humongous Register: 0.0 ms]
      [Humongous Reclaim: 0.0 ms]
      [Free CSet: 0.1 ms]
   [Eden: 47.0M(47.0M)->0.0B(108.0M) Survivors: 7168.0K->7168.0K Heap: 895.5M(1096.0M)->857.0M(1096.0M)]
 [Times: user=0.06 sys=0.00, real=0.00 secs] 
2016-06-27T20:27:20.787+0300: 143.059: [GC concurrent-root-region-scan-start]
2016-06-27T20:27:20.787+0300: 143.059: Total time for which application threads were stopped: 0.0080921 seconds, Stopping threads took: 0.0026934 seconds
2016-06-27T20:27:20.787+0300: 143.059: [GC concurrent-root-region-scan-end, 0.0005829 secs]
2016-06-27T20:27:20.787+0300: 143.059: [GC concurrent-mark-start]
2016-06-27T20:27:20.848+0300: 143.120: [GC concurrent-mark-end, 0.0602732 secs]
2016-06-27T20:27:20.864+0300: 143.136: [GC remark 2016-06-27T20:27:20.864+0300: 143.136: [Finalize Marking, 0.0001351 secs] 2016-06-27T20:27:20.864+0300: 143.136: [GC ref-proc, 0.0001005 secs] 2016-06-27T20:27:20.864+0300: 143.136: [Unloading, 0.0015823 secs], 0.0059166 secs]
 [Times: user=0.00 sys=0.00, real=0.01 secs] 
2016-06-27T20:27:20.870+0300: 143.142: Total time for which application threads were stopped: 0.0079681 seconds, Stopping threads took: 0.0016375 seconds
2016-06-27T20:27:20.871+0300: 143.144: [GC cleanup 868M->868M(1096M), 0.0018637 secs]
 [Times: user=0.00 sys=0.00, real=0.00 secs] 
2016-06-27T20:27:20.873+0300: 143.146: Total time for which application threads were stopped: 0.0023705 seconds, Stopping threads took: 0.0000663 seconds
2016-06-27T20:27:21.710+0300: 143.982: [GC pause (G1 Evacuation Pause) (young)
Desired survivor size 7864320 bytes, new threshold 15 (max 15)
- age   1:    7200960 bytes,    7200960 total
, 0.0060825 secs]
   [Parallel Time: 5.4 ms, GC Workers: 4]
      [GC Worker Start (ms): Min: 143982.2, Avg: 143982.2, Max: 143982.2, Diff: 0.0]
      [Ext Root Scanning (ms): Min: 0.5, Avg: 0.6, Max: 0.7, Diff: 0.1, Sum: 2.3]
      [Update RS (ms): Min: 0.8, Avg: 0.9, Max: 1.0, Diff: 0.2, Sum: 3.6]
         [Processed Buffers: Min: 4, Avg: 14.3, Max: 34, Diff: 30, Sum: 57]
      [Scan RS (ms): Min: 0.0, Avg: 0.0, Max: 0.0, Diff: 0.0, Sum: 0.1]
      [Code Root Scanning (ms): Min: 0.0, Avg: 0.0, Max: 0.0, Diff: 0.0, Sum: 0.0]
      [Object Copy (ms): Min: 3.8, Avg: 3.8, Max: 3.9, Diff: 0.1, Sum: 15.4]
      [Termination (ms): Min: 0.0, Avg: 0.0, Max: 0.0, Diff: 0.0, Sum: 0.0]
         [Termination Attempts: Min: 1, Avg: 1.0, Max: 1, Diff: 0, Sum: 4]
      [GC Worker Other (ms): Min: 0.0, Avg: 0.0, Max: 0.0, Diff: 0.0, Sum: 0.1]
      [GC Worker Total (ms): Min: 5.4, Avg: 5.4, Max: 5.4, Diff: 0.0, Sum: 21.4]
      [GC Worker End (ms): Min: 143987.6, Avg: 143987.6, Max: 143987.6, Diff: 0.0]
   [Code Root Fixup: 0.0 ms]
   [Code Root Purge: 0.0 ms]
   [Clear CT: 0.1 ms]
   [Other: 0.6 ms]
      [Choose CSet: 0.0 ms]
      [Ref Proc: 0.0 ms]
      [Ref Enq: 0.0 ms]
      [Redirty Cards: 0.0 ms]
      [Humongous Register: 0.0 ms]
      [Humongous Reclaim: 0.0 ms]
      [Free CSet: 0.1 ms]
   [Eden: 108.0M(108.0M)->0.0B(39.0M) Survivors: 7168.0K->15.0M Heap: 965.0M(1096.0M)->876.0M(1096.0M)]
 [Times: user=0.00 sys=0.00, real=0.01 secs] 
2016-06-27T20:27:21.716+0300: 143.988: Total time for which application threads were stopped: 0.0143666 seconds, Stopping threads took: 0.0075421 seconds
2016-06-27T20:27:21.974+0300: 144.246: [GC pause (G1 Evacuation Pause) (mixed)
Desired survivor size 3670016 bytes, new threshold 1 (max 15)
- age   1:   11326704 bytes,   11326704 total
- age   2:    4139520 bytes,   15466224 total
, 0.0141678 secs]
   [Parallel Time: 13.0 ms, GC Workers: 4]
      [GC Worker Start (ms): Min: 144246.3, Avg: 144246.3, Max: 144246.3, Diff: 0.0]
      [Ext Root Scanning (ms): Min: 0.5, Avg: 0.6, Max: 0.6, Diff: 0.1, Sum: 2.2]
      [Update RS (ms): Min: 0.6, Avg: 0.6, Max: 0.7, Diff: 0.1, Sum: 2.5]
         [Processed Buffers: Min: 2, Avg: 7.5, Max: 13, Diff: 11, Sum: 30]
      [Scan RS (ms): Min: 2.2, Avg: 2.2, Max: 2.3, Diff: 0.1, Sum: 8.9]
      [Code Root Scanning (ms): Min: 0.0, Avg: 0.0, Max: 0.0, Diff: 0.0, Sum: 0.1]
      [Object Copy (ms): Min: 9.5, Avg: 9.5, Max: 9.6, Diff: 0.1, Sum: 38.1]
      [Termination (ms): Min: 0.0, Avg: 0.0, Max: 0.0, Diff: 0.0, Sum: 0.0]
         [Termination Attempts: Min: 1, Avg: 1.0, Max: 1, Diff: 0, Sum: 4]
      [GC Worker Other (ms): Min: 0.0, Avg: 0.0, Max: 0.0, Diff: 0.0, Sum: 0.1]
      [GC Worker Total (ms): Min: 13.0, Avg: 13.0, Max: 13.0, Diff: 0.0, Sum: 51.9]
      [GC Worker End (ms): Min: 144259.2, Avg: 144259.2, Max: 144259.2, Diff: 0.0]
   [Code Root Fixup: 0.0 ms]
   [Code Root Purge: 0.0 ms]
   [Clear CT: 0.2 ms]
   [Other: 0.9 ms]
      [Choose CSet: 0.1 ms]
      [Ref Proc: 0.1 ms]
      [Ref Enq: 0.0 ms]
      [Redirty Cards: 0.0 ms]
      [Humongous Register: 0.0 ms]
      [Humongous Reclaim: 0.0 ms]
      [Free CSet: 0.3 ms]
   [Eden: 39.0M(39.0M)->0.0B(103.0M) Survivors: 15.0M->7168.0K Heap: 915.0M(1096.0M)->862.5M(1096.0M)]
 [Times: user=0.00 sys=0.00, real=0.01 secs] 
2016-06-27T20:27:21.988+0300: 144.260: Total time for which application threads were stopped: 0.0189353 seconds, Stopping threads took: 0.0041033 seconds
2016-06-27T20:27:22.346+0300: 144.618: Total time for which application threads were stopped: 0.0055227 seconds, Stopping threads took: 0.0041692 seconds
2016-06-27T20:27:22.852+0300: 145.124: [GC pause (G1 Evacuation Pause) (young)
Desired survivor size 7340032 bytes, new threshold 15 (max 15)
- age   1:    6748472 bytes,    6748472 total
, 0.0126060 secs]
   [Parallel Time: 12.0 ms, GC Workers: 4]
      [GC Worker Start (ms): Min: 145124.2, Avg: 145124.2, Max: 145124.2, Diff: 0.0]
      [Ext Root Scanning (ms): Min: 0.5, Avg: 0.5, Max: 0.6, Diff: 0.2, Sum: 2.1]
      [Update RS (ms): Min: 7.5, Avg: 7.6, Max: 7.7, Diff: 0.2, Sum: 30.5]
         [Processed Buffers: Min: 24, Avg: 25.8, Max: 30, Diff: 6, Sum: 103]
      [Scan RS (ms): Min: 0.0, Avg: 0.0, Max: 0.0, Diff: 0.0, Sum: 0.1]
      [Code Root Scanning (ms): Min: 0.0, Avg: 0.0, Max: 0.0, Diff: 0.0, Sum: 0.0]
      [Object Copy (ms): Min: 3.8, Avg: 3.8, Max: 3.8, Diff: 0.0, Sum: 15.1]
      [Termination (ms): Min: 0.0, Avg: 0.0, Max: 0.0, Diff: 0.0, Sum: 0.0]
         [Termination Attempts: Min: 1, Avg: 1.0, Max: 1, Diff: 0, Sum: 4]
      [GC Worker Other (ms): Min: 0.0, Avg: 0.0, Max: 0.0, Diff: 0.0, Sum: 0.1]
      [GC Worker Total (ms): Min: 11.9, Avg: 12.0, Max: 12.0, Diff: 0.0, Sum: 47.8]
      [GC Worker End (ms): Min: 145136.1, Avg: 145136.1, Max: 145136.1, Diff: 0.0]
   [Code Root Fixup: 0.0 ms]
   [Code Root Purge: 0.0 ms]
   [Clear CT: 0.0 ms]
   [Other: 0.6 ms]
      [Choose CSet: 0.0 ms]
      [Ref Proc: 0.0 ms]
      [Ref Enq: 0.0 ms]
      [Redirty Cards: 0.0 ms]
      [Humongous Register: 0.0 ms]
      [Humongous Reclaim: 0.0 ms]
      [Free CSet: 0.1 ms]
   [Eden: 103.0M(103.0M)->0.0B(88.0M) Survivors: 7168.0K->14.0M Heap: 965.5M(1096.0M)->881.0M(1096.0M)]
 [Times: user=0.06 sys=0.00, real=0.01 secs] 
2016-06-27T20:27:22.865+0300: 145.137: Total time for which application threads were stopped: 0.0180474 seconds, Stopping threads took: 0.0047709 seconds
2016-06-27T20:27:23.620+0300: 145.892: [GC pause (G1 Evacuation Pause) (young) (initial-mark)
Desired survivor size 6815744 bytes, new threshold 1 (max 15)
- age   1:   11653616 bytes,   11653616 total
- age   2:    2765232 bytes,   14418848 total
, 0.0068207 secs]
   [Parallel Time: 6.0 ms, GC Workers: 4]
      [GC Worker Start (ms): Min: 145892.1, Avg: 145892.2, Max: 145892.2, Diff: 0.0]
      [Ext Root Scanning (ms): Min: 0.5, Avg: 0.6, Max: 0.6, Diff: 0.1, Sum: 2.2]
      [Update RS (ms): Min: 0.8, Avg: 0.9, Max: 1.0, Diff: 0.1, Sum: 3.6]
         [Processed Buffers: Min: 2, Avg: 12.0, Max: 35, Diff: 33, Sum: 48]
      [Scan RS (ms): Min: 0.0, Avg: 0.0, Max: 0.0, Diff: 0.0, Sum: 0.1]
      [Code Root Scanning (ms): Min: 0.0, Avg: 0.0, Max: 0.0, Diff: 0.0, Sum: 0.0]
      [Object Copy (ms): Min: 4.4, Avg: 4.4, Max: 4.5, Diff: 0.1, Sum: 17.7]
      [Termination (ms): Min: 0.0, Avg: 0.0, Max: 0.0, Diff: 0.0, Sum: 0.0]
         [Termination Attempts: Min: 1, Avg: 1.0, Max: 1, Diff: 0, Sum: 4]
      [GC Worker Other (ms): Min: 0.0, Avg: 0.0, Max: 0.0, Diff: 0.0, Sum: 0.1]
      [GC Worker Total (ms): Min: 5.9, Avg: 5.9, Max: 5.9, Diff: 0.0, Sum: 23.7]
      [GC Worker End (ms): Min: 145898.1, Avg: 145898.1, Max: 145898.1, Diff: 0.0]
   [Code Root Fixup: 0.0 ms]
   [Code Root Purge: 0.0 ms]
   [Clear CT: 0.1 ms]
   [Other: 0.7 ms]
      [Choose CSet: 0.0 ms]
      [Ref Proc: 0.1 ms]
      [Ref Enq: 0.0 ms]
      [Redirty Cards: 0.0 ms]
      [Humongous Register: 0.0 ms]
      [Humongous Reclaim: 0.0 ms]
      [Free CSet: 0.1 ms]
   [Eden: 88.0M(88.0M)->0.0B(76.0M) Survivors: 14.0M->13.0M Heap: 969.0M(1096.0M)->896.0M(1096.0M)]
 [Times: user=0.00 sys=0.00, real=0.01 secs] 
2016-06-27T20:27:23.627+0300: 145.899: [GC concurrent-root-region-scan-start]
2016-06-27T20:27:23.627+0300: 145.899: Total time for which application threads were stopped: 0.0107363 seconds, Stopping threads took: 0.0032211 seconds
2016-06-27T20:27:23.627+0300: 145.900: [GC concurrent-root-region-scan-end, 0.0008545 secs]
2016-06-27T20:27:23.628+0300: 145.900: [GC concurrent-mark-start]
2016-06-27T20:27:23.691+0300: 145.963: [GC concurrent-mark-end, 0.0631000 secs]
2016-06-27T20:27:23.698+0300: 145.970: [GC remark 2016-06-27T20:27:23.698+0300: 145.970: [Finalize Marking, 0.0001753 secs] 2016-06-27T20:27:23.698+0300: 145.970: [GC ref-proc, 0.0001091 secs] 2016-06-27T20:27:23.698+0300: 145.970: [Unloading, 0.0019112 secs], 0.0060056 secs]
 [Times: user=0.00 sys=0.00, real=0.01 secs] 
2016-06-27T20:27:23.704+0300: 145.976: Total time for which application threads were stopped: 0.0091775 seconds, Stopping threads took: 0.0026647 seconds
2016-06-27T20:27:23.704+0300: 145.977: [GC cleanup 907M->907M(1096M), 0.0019505 secs]
 [Times: user=0.00 sys=0.00, real=0.00 secs] 
2016-06-27T20:27:23.707+0300: 145.979: Total time for which application threads were stopped: 0.0025514 seconds, Stopping threads took: 0.0000560 seconds
2016-06-27T20:27:24.242+0300: 146.514: [GC pause (G1 Evacuation Pause) (young)
Desired survivor size 6291456 bytes, new threshold 1 (max 15)
- age   1:   13394936 bytes,   13394936 total
, 0.0067462 secs]
   [Parallel Time: 6.1 ms, GC Workers: 4]
      [GC Worker Start (ms): Min: 146514.3, Avg: 146514.4, Max: 146514.4, Diff: 0.1]
      [Ext Root Scanning (ms): Min: 0.5, Avg: 0.6, Max: 0.7, Diff: 0.1, Sum: 2.5]
      [Update RS (ms): Min: 1.4, Avg: 1.5, Max: 1.6, Diff: 0.2, Sum: 5.9]
         [Processed Buffers: Min: 4, Avg: 13.5, Max: 23, Diff: 19, Sum: 54]
      [Scan RS (ms): Min: 0.0, Avg: 0.0, Max: 0.0, Diff: 0.0, Sum: 0.1]
      [Code Root Scanning (ms): Min: 0.0, Avg: 0.0, Max: 0.0, Diff: 0.0, Sum: 0.0]
      [Object Copy (ms): Min: 3.9, Avg: 4.0, Max: 4.0, Diff: 0.1, Sum: 15.9]
      [Termination (ms): Min: 0.0, Avg: 0.0, Max: 0.0, Diff: 0.0, Sum: 0.0]
         [Termination Attempts: Min: 1, Avg: 1.0, Max: 1, Diff: 0, Sum: 4]
      [GC Worker Other (ms): Min: 0.0, Avg: 0.0, Max: 0.0, Diff: 0.0, Sum: 0.1]
      [GC Worker Total (ms): Min: 6.0, Avg: 6.1, Max: 6.1, Diff: 0.1, Sum: 24.3]
      [GC Worker End (ms): Min: 146520.4, Avg: 146520.4, Max: 146520.4, Diff: 0.0]
   [Code Root Fixup: 0.0 ms]
   [Code Root Purge: 0.0 ms]
   [Clear CT: 0.0 ms]
   [Other: 0.6 ms]
      [Choose CSet: 0.0 ms]
      [Ref Proc: 0.1 ms]
      [Ref Enq: 0.0 ms]
      [Redirty Cards: 0.0 ms]
      [Humongous Register: 0.0 ms]
      [Humongous Reclaim: 0.0 ms]
      [Free CSet: 0.1 ms]
   [Eden: 76.0M(76.0M)->0.0B(42.0M) Survivors: 13.0M->12.0M Heap: 972.0M(1096.0M)->909.5M(1096.0M)]
 [Times: user=0.00 sys=0.00, real=0.01 secs] 
2016-06-27T20:27:24.249+0300: 146.521: Total time for which application threads were stopped: 0.0107906 seconds, Stopping threads took: 0.0033289 seconds
2016-06-27T20:27:24.610+0300: 146.882: [GC pause (G1 Evacuation Pause) (mixed)
Desired survivor size 3670016 bytes, new threshold 1 (max 15)
- age   1:   12364448 bytes,   12364448 total
, 0.0208524 secs]
   [Parallel Time: 19.5 ms, GC Workers: 4]
      [GC Worker Start (ms): Min: 146882.1, Avg: 146882.1, Max: 146882.1, Diff: 0.0]
      [Ext Root Scanning (ms): Min: 0.6, Avg: 0.6, Max: 0.6, Diff: 0.1, Sum: 2.4]
      [Update RS (ms): Min: 0.9, Avg: 0.9, Max: 1.0, Diff: 0.1, Sum: 3.7]
         [Processed Buffers: Min: 5, Avg: 9.8, Max: 21, Diff: 16, Sum: 39]
      [Scan RS (ms): Min: 3.0, Avg: 3.1, Max: 3.1, Diff: 0.1, Sum: 12.2]
      [Code Root Scanning (ms): Min: 0.0, Avg: 0.0, Max: 0.2, Diff: 0.1, Sum: 0.2]
      [Object Copy (ms): Min: 14.8, Avg: 14.8, Max: 14.8, Diff: 0.0, Sum: 59.2]
      [Termination (ms): Min: 0.0, Avg: 0.0, Max: 0.0, Diff: 0.0, Sum: 0.0]
         [Termination Attempts: Min: 1, Avg: 2.5, Max: 6, Diff: 5, Sum: 10]
      [GC Worker Other (ms): Min: 0.0, Avg: 0.0, Max: 0.0, Diff: 0.0, Sum: 0.1]
      [GC Worker Total (ms): Min: 19.4, Avg: 19.5, Max: 19.5, Diff: 0.0, Sum: 77.8]
      [GC Worker End (ms): Min: 146901.6, Avg: 146901.6, Max: 146901.6, Diff: 0.0]
   [Code Root Fixup: 0.0 ms]
   [Code Root Purge: 0.0 ms]
   [Clear CT: 0.2 ms]
   [Other: 1.1 ms]
      [Choose CSet: 0.2 ms]
      [Ref Proc: 0.0 ms]
      [Ref Enq: 0.0 ms]
      [Redirty Cards: 0.1 ms]
      [Humongous Register: 0.0 ms]
      [Humongous Reclaim: 0.0 ms]
      [Free CSet: 0.5 ms]
   [Eden: 42.0M(42.0M)->0.0B(47.0M) Survivors: 12.0M->7168.0K Heap: 951.5M(1096.0M)->876.5M(1096.0M)]
 [Times: user=0.13 sys=0.00, real=0.02 secs] 
2016-06-27T20:27:24.631+0300: 146.903: Total time for which application threads were stopped: 0.0239970 seconds, Stopping threads took: 0.0023979 seconds
2016-06-27T20:27:25.010+0300: 147.282: [GC pause (G1 Evacuation Pause) (mixed)
Desired survivor size 3670016 bytes, new threshold 1 (max 15)
- age   1:    6823664 bytes,    6823664 total
, 0.0209452 secs]
   [Parallel Time: 20.0 ms, GC Workers: 4]
      [GC Worker Start (ms): Min: 147282.1, Avg: 147282.1, Max: 147282.1, Diff: 0.0]
      [Ext Root Scanning (ms): Min: 0.6, Avg: 0.6, Max: 0.6, Diff: 0.0, Sum: 2.4]
      [Update RS (ms): Min: 10.0, Avg: 10.0, Max: 10.0, Diff: 0.1, Sum: 40.0]
         [Processed Buffers: Min: 13, Avg: 19.0, Max: 25, Diff: 12, Sum: 76]
      [Scan RS (ms): Min: 2.0, Avg: 2.0, Max: 2.1, Diff: 0.1, Sum: 8.2]
      [Code Root Scanning (ms): Min: 0.0, Avg: 0.0, Max: 0.1, Diff: 0.1, Sum: 0.1]
      [Object Copy (ms): Min: 7.2, Avg: 7.2, Max: 7.3, Diff: 0.0, Sum: 28.9]
      [Termination (ms): Min: 0.0, Avg: 0.0, Max: 0.0, Diff: 0.0, Sum: 0.0]
         [Termination Attempts: Min: 1, Avg: 1.0, Max: 1, Diff: 0, Sum: 4]
      [GC Worker Other (ms): Min: 0.0, Avg: 0.0, Max: 0.0, Diff: 0.0, Sum: 0.1]
      [GC Worker Total (ms): Min: 19.9, Avg: 19.9, Max: 19.9, Diff: 0.0, Sum: 79.7]
      [GC Worker End (ms): Min: 147302.1, Avg: 147302.1, Max: 147302.1, Diff: 0.0]
   [Code Root Fixup: 0.0 ms]
   [Code Root Purge: 0.0 ms]
   [Clear CT: 0.2 ms]
   [Other: 0.7 ms]
      [Choose CSet: 0.1 ms]
      [Ref Proc: 0.0 ms]
      [Ref Enq: 0.0 ms]
      [Redirty Cards: 0.0 ms]
      [Humongous Register: 0.0 ms]
      [Humongous Reclaim: 0.0 ms]
      [Free CSet: 0.2 ms]
   [Eden: 47.0M(47.0M)->0.0B(47.0M) Survivors: 7168.0K->7168.0K Heap: 923.5M(1096.0M)->873.5M(1096.0M)]
 [Times: user=0.05 sys=0.00, real=0.02 secs] 
2016-06-27T20:27:25.031+0300: 147.303: Total time for which application threads were stopped: 0.0232503 seconds, Stopping threads took: 0.0015203 seconds
2016-06-27T20:27:25.164+0300: 147.436: Total time for which application threads were stopped: 0.0021639 seconds, Stopping threads took: 0.0007578 seconds
2016-06-27T20:27:25.409+0300: 147.681: [GC pause (G1 Evacuation Pause) (young)
Desired survivor size 3670016 bytes, new threshold 1 (max 15)
- age   1:    7071112 bytes,    7071112 total
, 0.0114308 secs]
   [Parallel Time: 10.8 ms, GC Workers: 4]
      [GC Worker Start (ms): Min: 147681.3, Avg: 147681.3, Max: 147681.3, Diff: 0.0]
      [Ext Root Scanning (ms): Min: 0.6, Avg: 0.6, Max: 0.6, Diff: 0.0, Sum: 2.3]
      [Update RS (ms): Min: 7.2, Avg: 7.4, Max: 7.8, Diff: 0.6, Sum: 29.6]
         [Processed Buffers: Min: 9, Avg: 16.0, Max: 25, Diff: 16, Sum: 64]
      [Scan RS (ms): Min: 0.0, Avg: 0.0, Max: 0.0, Diff: 0.0, Sum: 0.0]
      [Code Root Scanning (ms): Min: 0.0, Avg: 0.0, Max: 0.0, Diff: 0.0, Sum: 0.0]
      [Object Copy (ms): Min: 2.3, Avg: 2.7, Max: 2.9, Diff: 0.5, Sum: 10.9]
      [Termination (ms): Min: 0.0, Avg: 0.0, Max: 0.0, Diff: 0.0, Sum: 0.0]
         [Termination Attempts: Min: 1, Avg: 1.0, Max: 1, Diff: 0, Sum: 4]
      [GC Worker Other (ms): Min: 0.0, Avg: 0.0, Max: 0.0, Diff: 0.0, Sum: 0.1]
      [GC Worker Total (ms): Min: 10.7, Avg: 10.7, Max: 10.7, Diff: 0.0, Sum: 42.9]
      [GC Worker End (ms): Min: 147692.0, Avg: 147692.0, Max: 147692.0, Diff: 0.0]
   [Code Root Fixup: 0.0 ms]
   [Code Root Purge: 0.0 ms]
   [Clear CT: 0.0 ms]
   [Other: 0.6 ms]
      [Choose CSet: 0.0 ms]
      [Ref Proc: 0.0 ms]
      [Ref Enq: 0.0 ms]
      [Redirty Cards: 0.0 ms]
      [Humongous Register: 0.0 ms]
      [Humongous Reclaim: 0.0 ms]
      [Free CSet: 0.1 ms]
   [Eden: 47.0M(47.0M)->0.0B(87.0M) Survivors: 7168.0K->7168.0K Heap: 920.5M(1096.0M)->882.5M(1096.0M)]
 [Times: user=0.06 sys=0.00, real=0.01 secs] 
2016-06-27T20:27:25.421+0300: 147.693: Total time for which application threads were stopped: 0.0138072 seconds, Stopping threads took: 0.0016392 seconds
2016-06-27T20:27:26.117+0300: 148.389: [GC pause (G1 Evacuation Pause) (young) (initial-mark)
Desired survivor size 6291456 bytes, new threshold 1 (max 15)
- age   1:    7230264 bytes,    7230264 total
, 0.0066500 secs]
   [Parallel Time: 5.8 ms, GC Workers: 4]
      [GC Worker Start (ms): Min: 148389.7, Avg: 148389.7, Max: 148389.7, Diff: 0.0]
      [Ext Root Scanning (ms): Min: 0.6, Avg: 0.6, Max: 0.7, Diff: 0.1, Sum: 2.5]
      [Update RS (ms): Min: 1.5, Avg: 1.6, Max: 1.6, Diff: 0.1, Sum: 6.3]
         [Processed Buffers: Min: 4, Avg: 20.5, Max: 47, Diff: 43, Sum: 82]
      [Scan RS (ms): Min: 0.0, Avg: 0.0, Max: 0.0, Diff: 0.0, Sum: 0.1]
      [Code Root Scanning (ms): Min: 0.0, Avg: 0.0, Max: 0.0, Diff: 0.0, Sum: 0.0]
      [Object Copy (ms): Min: 3.4, Avg: 3.5, Max: 3.6, Diff: 0.1, Sum: 14.1]
      [Termination (ms): Min: 0.0, Avg: 0.0, Max: 0.0, Diff: 0.0, Sum: 0.0]
         [Termination Attempts: Min: 1, Avg: 1.0, Max: 1, Diff: 0, Sum: 4]
      [GC Worker Other (ms): Min: 0.0, Avg: 0.0, Max: 0.0, Diff: 0.0, Sum: 0.1]
      [GC Worker Total (ms): Min: 5.8, Avg: 5.8, Max: 5.8, Diff: 0.0, Sum: 23.1]
      [GC Worker End (ms): Min: 148395.5, Avg: 148395.5, Max: 148395.5, Diff: 0.0]
   [Code Root Fixup: 0.0 ms]
   [Code Root Purge: 0.0 ms]
   [Clear CT: 0.0 ms]
   [Other: 0.8 ms]
      [Choose CSet: 0.0 ms]
      [Ref Proc: 0.1 ms]
      [Ref Enq: 0.0 ms]
      [Redirty Cards: 0.0 ms]
      [Humongous Register: 0.0 ms]
      [Humongous Reclaim: 0.0 ms]
      [Free CSet: 0.1 ms]
   [Eden: 87.0M(87.0M)->0.0B(74.0M) Survivors: 7168.0K->12.0M Heap: 969.5M(1096.0M)->898.0M(1096.0M)]
 [Times: user=0.00 sys=0.00, real=0.01 secs] 
2016-06-27T20:27:26.124+0300: 148.396: [GC concurrent-root-region-scan-start]
2016-06-27T20:27:26.124+0300: 148.396: Total time for which application threads were stopped: 0.0120911 seconds, Stopping threads took: 0.0045588 seconds
2016-06-27T20:27:26.125+0300: 148.397: [GC concurrent-root-region-scan-end, 0.0008852 secs]
2016-06-27T20:27:26.125+0300: 148.397: [GC concurrent-mark-start]
2016-06-27T20:27:26.166+0300: 148.438: Total time for which application threads were stopped: 0.0034251 seconds, Stopping threads took: 0.0020352 seconds
2016-06-27T20:27:26.197+0300: 148.469: [GC concurrent-mark-end, 0.0703055 secs]
2016-06-27T20:27:26.209+0300: 148.482: [GC remark 2016-06-27T20:27:26.210+0300: 148.482: [Finalize Marking, 0.0002138 secs] 2016-06-27T20:27:26.210+0300: 148.482: [GC ref-proc, 0.0000992 secs] 2016-06-27T20:27:26.210+0300: 148.482: [Unloading, 0.0017799 secs], 0.0057246 secs]
 [Times: user=0.00 sys=0.00, real=0.01 secs] 
2016-06-27T20:27:26.215+0300: 148.487: Total time for which application threads were stopped: 0.0067663 seconds, Stopping threads took: 0.0004383 seconds
2016-06-27T20:27:26.216+0300: 148.488: [GC cleanup 913M->913M(1096M), 0.0020113 secs]
 [Times: user=0.00 sys=0.00, real=0.00 secs] 
2016-06-27T20:27:26.218+0300: 148.490: Total time for which application threads were stopped: 0.0027062 seconds, Stopping threads took: 0.0000440 seconds
2016-06-27T20:27:26.731+0300: 149.003: [GC pause (G1 Evacuation Pause) (young)
Desired survivor size 5767168 bytes, new threshold 1 (max 15)
- age   1:   12382552 bytes,   12382552 total
, 0.0064914 secs]
   [Parallel Time: 5.9 ms, GC Workers: 4]
      [GC Worker Start (ms): Min: 149003.3, Avg: 149003.3, Max: 149003.3, Diff: 0.0]
      [Ext Root Scanning (ms): Min: 0.6, Avg: 0.6, Max: 0.6, Diff: 0.0, Sum: 2.4]
      [Update RS (ms): Min: 1.3, Avg: 1.4, Max: 1.5, Diff: 0.1, Sum: 5.5]
         [Processed Buffers: Min: 12, Avg: 22.3, Max: 30, Diff: 18, Sum: 89]
      [Scan RS (ms): Min: 0.0, Avg: 0.0, Max: 0.0, Diff: 0.0, Sum: 0.0]
      [Code Root Scanning (ms): Min: 0.0, Avg: 0.0, Max: 0.0, Diff: 0.0, Sum: 0.0]
      [Object Copy (ms): Min: 3.8, Avg: 3.8, Max: 3.8, Diff: 0.1, Sum: 15.2]
      [Termination (ms): Min: 0.0, Avg: 0.0, Max: 0.0, Diff: 0.0, Sum: 0.0]
         [Termination Attempts: Min: 1, Avg: 1.0, Max: 1, Diff: 0, Sum: 4]
      [GC Worker Other (ms): Min: 0.0, Avg: 0.0, Max: 0.0, Diff: 0.0, Sum: 0.1]
      [GC Worker Total (ms): Min: 5.8, Avg: 5.8, Max: 5.8, Diff: 0.0, Sum: 23.3]
      [GC Worker End (ms): Min: 149009.1, Avg: 149009.1, Max: 149009.2, Diff: 0.0]
   [Code Root Fixup: 0.0 ms]
   [Code Root Purge: 0.0 ms]
   [Clear CT: 0.0 ms]
   [Other: 0.6 ms]
      [Choose CSet: 0.0 ms]
      [Ref Proc: 0.0 ms]
      [Ref Enq: 0.0 ms]
      [Redirty Cards: 0.0 ms]
      [Humongous Register: 0.0 ms]
      [Humongous Reclaim: 0.0 ms]
      [Free CSet: 0.1 ms]
   [Eden: 74.0M(74.0M)->0.0B(43.0M) Survivors: 12.0M->11.0M Heap: 972.0M(1096.0M)->912.0M(1096.0M)]
 [Times: user=0.00 sys=0.00, real=0.01 secs] 
2016-06-27T20:27:26.738+0300: 149.010: Total time for which application threads were stopped: 0.0133937 seconds, Stopping threads took: 0.0061035 seconds
2016-06-27T20:27:27.093+0300: 149.365: [GC pause (G1 Evacuation Pause) (mixed)
Desired survivor size 3670016 bytes, new threshold 1 (max 15)
- age   1:   11247144 bytes,   11247144 total
, 0.0194258 secs]
   [Parallel Time: 18.1 ms, GC Workers: 4]
      [GC Worker Start (ms): Min: 149365.2, Avg: 149365.2, Max: 149365.2, Diff: 0.1]
      [Ext Root Scanning (ms): Min: 0.6, Avg: 0.6, Max: 0.6, Diff: 0.1, Sum: 2.5]
      [Update RS (ms): Min: 0.9, Avg: 0.9, Max: 1.0, Diff: 0.1, Sum: 3.7]
         [Processed Buffers: Min: 2, Avg: 6.0, Max: 14, Diff: 12, Sum: 24]
      [Scan RS (ms): Min: 2.8, Avg: 2.8, Max: 2.8, Diff: 0.1, Sum: 11.3]
      [Code Root Scanning (ms): Min: 0.0, Avg: 0.0, Max: 0.0, Diff: 0.0, Sum: 0.1]
      [Object Copy (ms): Min: 13.5, Avg: 13.6, Max: 13.6, Diff: 0.1, Sum: 54.2]
      [Termination (ms): Min: 0.0, Avg: 0.0, Max: 0.0, Diff: 0.0, Sum: 0.0]
         [Termination Attempts: Min: 1, Avg: 2.8, Max: 4, Diff: 3, Sum: 11]
      [GC Worker Other (ms): Min: 0.0, Avg: 0.0, Max: 0.0, Diff: 0.0, Sum: 0.1]
      [GC Worker Total (ms): Min: 17.9, Avg: 18.0, Max: 18.0, Diff: 0.1, Sum: 71.8]
      [GC Worker End (ms): Min: 149383.2, Avg: 149383.2, Max: 149383.2, Diff: 0.0]
   [Code Root Fixup: 0.0 ms]
   [Code Root Purge: 0.0 ms]
   [Clear CT: 0.2 ms]
   [Other: 1.1 ms]
      [Choose CSet: 0.2 ms]
      [Ref Proc: 0.1 ms]
      [Ref Enq: 0.0 ms]
      [Redirty Cards: 0.1 ms]
      [Humongous Register: 0.0 ms]
      [Humongous Reclaim: 0.0 ms]
      [Free CSet: 0.5 ms]
   [Eden: 43.0M(43.0M)->0.0B(47.0M) Survivors: 11.0M->7168.0K Heap: 955.0M(1096.0M)->875.5M(1096.0M)]
 [Times: user=0.06 sys=0.00, real=0.02 secs] 
2016-06-27T20:27:27.112+0300: 149.385: Total time for which application threads were stopped: 0.0218296 seconds, Stopping threads took: 0.0016020 seconds
2016-06-27T20:27:27.166+0300: 149.438: Total time for which application threads were stopped: 0.0038044 seconds, Stopping threads took: 0.0028854 seconds
2016-06-27T20:27:27.510+0300: 149.781: [GC pause (G1 Evacuation Pause) (mixed)
Desired survivor size 3670016 bytes, new threshold 1 (max 15)
- age   1:    6825496 bytes,    6825496 total
, 0.0253432 secs]
   [Parallel Time: 24.1 ms, GC Workers: 4]
      [GC Worker Start (ms): Min: 149781.8, Avg: 149781.8, Max: 149781.8, Diff: 0.0]
      [Ext Root Scanning (ms): Min: 0.5, Avg: 0.5, Max: 0.6, Diff: 0.2, Sum: 2.1]
      [Update RS (ms): Min: 8.3, Avg: 8.5, Max: 8.9, Diff: 0.6, Sum: 34.0]
         [Processed Buffers: Min: 13, Avg: 17.5, Max: 23, Diff: 10, Sum: 70]
      [Scan RS (ms): Min: 3.1, Avg: 3.5, Max: 3.6, Diff: 0.6, Sum: 13.9]
      [Code Root Scanning (ms): Min: 0.0, Avg: 0.0, Max: 0.0, Diff: 0.0, Sum: 0.0]
      [Object Copy (ms): Min: 11.5, Avg: 11.5, Max: 11.6, Diff: 0.1, Sum: 46.1]
      [Termination (ms): Min: 0.0, Avg: 0.0, Max: 0.0, Diff: 0.0, Sum: 0.0]
         [Termination Attempts: Min: 1, Avg: 1.5, Max: 2, Diff: 1, Sum: 6]
      [GC Worker Other (ms): Min: 0.0, Avg: 0.0, Max: 0.0, Diff: 0.0, Sum: 0.1]
      [GC Worker Total (ms): Min: 24.0, Avg: 24.0, Max: 24.1, Diff: 0.0, Sum: 96.2]
      [GC Worker End (ms): Min: 149805.8, Avg: 149805.8, Max: 149805.8, Diff: 0.0]
   [Code Root Fixup: 0.0 ms]
   [Code Root Purge: 0.0 ms]
   [Clear CT: 0.2 ms]
   [Other: 1.0 ms]
      [Choose CSet: 0.2 ms]
      [Ref Proc: 0.1 ms]
      [Ref Enq: 0.0 ms]
      [Redirty Cards: 0.1 ms]
      [Humongous Register: 0.0 ms]
      [Humongous Reclaim: 0.0 ms]
      [Free CSet: 0.4 ms]
   [Eden: 47.0M(47.0M)->0.0B(47.0M) Survivors: 7168.0K->7168.0K Heap: 922.5M(1096.0M)->854.5M(1096.0M)]
 [Times: user=0.06 sys=0.00, real=0.03 secs] 
2016-06-27T20:27:27.535+0300: 149.807: Total time for which application threads were stopped: 0.0275692 seconds, Stopping threads took: 0.0016054 seconds
2016-06-27T20:27:27.931+0300: 150.203: [GC pause (G1 Evacuation Pause) (young)
Desired survivor size 3670016 bytes, new threshold 1 (max 15)
- age   1:    7223688 bytes,    7223688 total
, 0.0130837 secs]
   [Parallel Time: 12.5 ms, GC Workers: 4]
      [GC Worker Start (ms): Min: 150203.4, Avg: 150203.4, Max: 150203.4, Diff: 0.0]
      [Ext Root Scanning (ms): Min: 0.5, Avg: 0.5, Max: 0.7, Diff: 0.2, Sum: 2.1]
      [Update RS (ms): Min: 9.5, Avg: 9.6, Max: 9.6, Diff: 0.2, Sum: 38.2]
         [Processed Buffers: Min: 14, Avg: 18.5, Max: 27, Diff: 13, Sum: 74]
      [Scan RS (ms): Min: 0.0, Avg: 0.0, Max: 0.0, Diff: 0.0, Sum: 0.0]
      [Code Root Scanning (ms): Min: 0.0, Avg: 0.0, Max: 0.0, Diff: 0.0, Sum: 0.0]
      [Object Copy (ms): Min: 2.3, Avg: 2.3, Max: 2.3, Diff: 0.1, Sum: 9.2]
      [Termination (ms): Min: 0.0, Avg: 0.0, Max: 0.0, Diff: 0.0, Sum: 0.0]
         [Termination Attempts: Min: 1, Avg: 1.0, Max: 1, Diff: 0, Sum: 4]
      [GC Worker Other (ms): Min: 0.0, Avg: 0.0, Max: 0.0, Diff: 0.0, Sum: 0.1]
      [GC Worker Total (ms): Min: 12.4, Avg: 12.4, Max: 12.4, Diff: 0.0, Sum: 49.7]
      [GC Worker End (ms): Min: 150215.8, Avg: 150215.8, Max: 150215.8, Diff: 0.0]
   [Code Root Fixup: 0.0 ms]
   [Code Root Purge: 0.0 ms]
   [Clear CT: 0.0 ms]
   [Other: 0.6 ms]
      [Choose CSet: 0.0 ms]
      [Ref Proc: 0.0 ms]
      [Ref Enq: 0.0 ms]
      [Redirty Cards: 0.0 ms]
      [Humongous Register: 0.0 ms]
      [Humongous Reclaim: 0.0 ms]
      [Free CSet: 0.1 ms]
   [Eden: 47.0M(47.0M)->0.0B(47.0M) Survivors: 7168.0K->7168.0K Heap: 901.5M(1096.0M)->864.0M(1096.0M)]
 [Times: user=0.06 sys=0.00, real=0.01 secs] 
2016-06-27T20:27:27.944+0300: 150.216: Total time for which application threads were stopped: 0.0147216 seconds, Stopping threads took: 0.0010165 seconds
2016-06-27T20:27:28.353+0300: 150.626: [GC pause (G1 Evacuation Pause) (young) (initial-mark)
Desired survivor size 3670016 bytes, new threshold 1 (max 15)
- age   1:    7065344 bytes,    7065344 total
, 0.0043253 secs]
   [Parallel Time: 3.7 ms, GC Workers: 4]
      [GC Worker Start (ms): Min: 150625.8, Avg: 150625.8, Max: 150625.9, Diff: 0.1]
      [Ext Root Scanning (ms): Min: 0.5, Avg: 0.6, Max: 0.7, Diff: 0.3, Sum: 2.3]
      [Update RS (ms): Min: 0.6, Avg: 0.7, Max: 0.9, Diff: 0.3, Sum: 2.9]
         [Processed Buffers: Min: 2, Avg: 9.5, Max: 23, Diff: 21, Sum: 38]
      [Scan RS (ms): Min: 0.0, Avg: 0.0, Max: 0.0, Diff: 0.0, Sum: 0.0]
      [Code Root Scanning (ms): Min: 0.0, Avg: 0.0, Max: 0.0, Diff: 0.0, Sum: 0.0]
      [Object Copy (ms): Min: 2.2, Avg: 2.3, Max: 2.3, Diff: 0.2, Sum: 9.1]
      [Termination (ms): Min: 0.0, Avg: 0.0, Max: 0.0, Diff: 0.0, Sum: 0.0]
         [Termination Attempts: Min: 1, Avg: 1.0, Max: 1, Diff: 0, Sum: 4]
      [GC Worker Other (ms): Min: 0.0, Avg: 0.0, Max: 0.0, Diff: 0.0, Sum: 0.1]
      [GC Worker Total (ms): Min: 3.5, Avg: 3.6, Max: 3.6, Diff: 0.1, Sum: 14.4]
      [GC Worker End (ms): Min: 150629.4, Avg: 150629.4, Max: 150629.4, Diff: 0.0]
   [Code Root Fixup: 0.0 ms]
   [Code Root Purge: 0.0 ms]
   [Clear CT: 0.0 ms]
   [Other: 0.6 ms]
      [Choose CSet: 0.0 ms]
      [Ref Proc: 0.0 ms]
      [Ref Enq: 0.0 ms]
      [Redirty Cards: 0.0 ms]
      [Humongous Register: 0.0 ms]
      [Humongous Reclaim: 0.0 ms]
      [Free CSet: 0.1 ms]
   [Eden: 47.0M(47.0M)->0.0B(96.0M) Survivors: 7168.0K->7168.0K Heap: 911.0M(1096.0M)->873.0M(1096.0M)]
 [Times: user=0.00 sys=0.00, real=0.01 secs] 
2016-06-27T20:27:28.358+0300: 150.630: [GC concurrent-root-region-scan-start]
2016-06-27T20:27:28.358+0300: 150.630: Total time for which application threads were stopped: 0.0064097 seconds, Stopping threads took: 0.0014395 seconds
2016-06-27T20:27:28.359+0300: 150.631: [GC concurrent-root-region-scan-end, 0.0005940 secs]
2016-06-27T20:27:28.359+0300: 150.631: [GC concurrent-mark-start]
2016-06-27T20:27:28.425+0300: 150.697: [GC concurrent-mark-end, 0.0635443 secs]
2016-06-27T20:27:28.455+0300: 150.727: [GC remark 2016-06-27T20:27:28.455+0300: 150.727: [Finalize Marking, 0.0001758 secs] 2016-06-27T20:27:28.455+0300: 150.727: [GC ref-proc, 0.0001035 secs] 2016-06-27T20:27:28.455+0300: 150.727: [Unloading, 0.0016495 secs], 0.0055933 secs]
 [Times: user=0.06 sys=0.00, real=0.01 secs] 
2016-06-27T20:27:28.460+0300: 150.733: Total time for which application threads were stopped: 0.0069053 seconds, Stopping threads took: 0.0007792 seconds
2016-06-27T20:27:28.461+0300: 150.733: [GC cleanup 886M->886M(1096M), 0.0019163 secs]
 [Times: user=0.00 sys=0.00, real=0.00 secs] 
2016-06-27T20:27:28.463+0300: 150.735: Total time for which application threads were stopped: 0.0024757 seconds, Stopping threads took: 0.0000496 seconds
2016-06-27T20:27:29.153+0300: 151.425: [GC pause (G1 Evacuation Pause) (young)
Desired survivor size 6815744 bytes, new threshold 15 (max 15)
- age   1:    6793360 bytes,    6793360 total
, 0.0057297 secs]
   [Parallel Time: 5.1 ms, GC Workers: 4]
      [GC Worker Start (ms): Min: 151425.1, Avg: 151425.1, Max: 151425.1, Diff: 0.0]
      [Ext Root Scanning (ms): Min: 0.5, Avg: 0.6, Max: 0.6, Diff: 0.1, Sum: 2.3]
      [Update RS (ms): Min: 0.8, Avg: 0.9, Max: 0.9, Diff: 0.0, Sum: 3.4]
         [Processed Buffers: Min: 11, Avg: 18.0, Max: 25, Diff: 14, Sum: 72]
      [Scan RS (ms): Min: 0.0, Avg: 0.0, Max: 0.0, Diff: 0.0, Sum: 0.1]
      [Code Root Scanning (ms): Min: 0.0, Avg: 0.0, Max: 0.0, Diff: 0.0, Sum: 0.0]
      [Object Copy (ms): Min: 3.5, Avg: 3.6, Max: 3.6, Diff: 0.1, Sum: 14.3]
      [Termination (ms): Min: 0.0, Avg: 0.0, Max: 0.0, Diff: 0.0, Sum: 0.0]
         [Termination Attempts: Min: 1, Avg: 1.0, Max: 1, Diff: 0, Sum: 4]
      [GC Worker Other (ms): Min: 0.0, Avg: 0.0, Max: 0.0, Diff: 0.0, Sum: 0.1]
      [GC Worker Total (ms): Min: 5.0, Avg: 5.0, Max: 5.1, Diff: 0.0, Sum: 20.2]
      [GC Worker End (ms): Min: 151430.1, Avg: 151430.1, Max: 151430.1, Diff: 0.0]
   [Code Root Fixup: 0.0 ms]
   [Code Root Purge: 0.0 ms]
   [Clear CT: 0.0 ms]
   [Other: 0.6 ms]
      [Choose CSet: 0.0 ms]
      [Ref Proc: 0.1 ms]
      [Ref Enq: 0.0 ms]
      [Redirty Cards: 0.0 ms]
      [Humongous Register: 0.0 ms]
      [Humongous Reclaim: 0.0 ms]
      [Free CSet: 0.1 ms]
   [Eden: 96.0M(96.0M)->0.0B(41.0M) Survivors: 7168.0K->13.0M Heap: 969.0M(1096.0M)->890.0M(1096.0M)]
 [Times: user=0.00 sys=0.00, real=0.01 secs] 
2016-06-27T20:27:29.159+0300: 151.431: Total time for which application threads were stopped: 0.0084492 seconds, Stopping threads took: 0.0019548 seconds
2016-06-27T20:27:29.505+0300: 151.777: [GC pause (G1 Evacuation Pause) (mixed)
Desired survivor size 3670016 bytes, new threshold 1 (max 15)
- age   1:   10731600 bytes,   10731600 total
- age   2:    2692384 bytes,   13423984 total
, 0.0205154 secs]
   [Parallel Time: 19.2 ms, GC Workers: 4]
      [GC Worker Start (ms): Min: 151776.9, Avg: 151777.0, Max: 151777.0, Diff: 0.0]
      [Ext Root Scanning (ms): Min: 0.6, Avg: 0.6, Max: 0.7, Diff: 0.1, Sum: 2.5]
      [Update RS (ms): Min: 0.7, Avg: 0.7, Max: 0.8, Diff: 0.1, Sum: 2.8]
         [Processed Buffers: Min: 2, Avg: 7.3, Max: 14, Diff: 12, Sum: 29]
      [Scan RS (ms): Min: 2.9, Avg: 3.0, Max: 3.0, Diff: 0.2, Sum: 11.9]
      [Code Root Scanning (ms): Min: 0.0, Avg: 0.0, Max: 0.1, Diff: 0.1, Sum: 0.2]
      [Object Copy (ms): Min: 14.8, Avg: 14.8, Max: 14.9, Diff: 0.1, Sum: 59.3]
      [Termination (ms): Min: 0.0, Avg: 0.0, Max: 0.0, Diff: 0.0, Sum: 0.0]
         [Termination Attempts: Min: 1, Avg: 4.3, Max: 7, Diff: 6, Sum: 17]
      [GC Worker Other (ms): Min: 0.0, Avg: 0.0, Max: 0.0, Diff: 0.0, Sum: 0.1]
      [GC Worker Total (ms): Min: 19.2, Avg: 19.2, Max: 19.2, Diff: 0.0, Sum: 76.7]
      [GC Worker End (ms): Min: 151796.1, Avg: 151796.1, Max: 151796.1, Diff: 0.0]
   [Code Root Fixup: 0.1 ms]
   [Code Root Purge: 0.0 ms]
   [Clear CT: 0.2 ms]
   [Other: 1.1 ms]
      [Choose CSet: 0.2 ms]
      [Ref Proc: 0.0 ms]
      [Ref Enq: 0.0 ms]
      [Redirty Cards: 0.1 ms]
      [Humongous Register: 0.0 ms]
      [Humongous Reclaim: 0.0 ms]
      [Free CSet: 0.5 ms]
   [Eden: 41.0M(41.0M)->0.0B(47.0M) Survivors: 13.0M->7168.0K Heap: 931.0M(1096.0M)->860.5M(1096.0M)]
 [Times: user=0.06 sys=0.00, real=0.02 secs] 
2016-06-27T20:27:29.526+0300: 151.797: Total time for which application threads were stopped: 0.0222834 seconds, Stopping threads took: 0.0010905 seconds
2016-06-27T20:27:29.905+0300: 152.177: [GC pause (G1 Evacuation Pause) (mixed)
Desired survivor size 3670016 bytes, new threshold 1 (max 15)
- age   1:    7009640 bytes,    7009640 total
, 0.0158048 secs]
   [Parallel Time: 15.0 ms, GC Workers: 4]
      [GC Worker Start (ms): Min: 152177.0, Avg: 152177.1, Max: 152177.1, Diff: 0.0]
      [Ext Root Scanning (ms): Min: 0.5, Avg: 0.5, Max: 0.6, Diff: 0.2, Sum: 2.1]
      [Update RS (ms): Min: 9.3, Avg: 9.4, Max: 9.5, Diff: 0.1, Sum: 37.5]
         [Processed Buffers: Min: 11, Avg: 15.3, Max: 20, Diff: 9, Sum: 61]
      [Scan RS (ms): Min: 1.1, Avg: 1.2, Max: 1.2, Diff: 0.1, Sum: 4.7]
      [Code Root Scanning (ms): Min: 0.0, Avg: 0.0, Max: 0.1, Diff: 0.1, Sum: 0.1]
      [Object Copy (ms): Min: 3.7, Avg: 3.8, Max: 3.8, Diff: 0.1, Sum: 15.1]
      [Termination (ms): Min: 0.0, Avg: 0.0, Max: 0.0, Diff: 0.0, Sum: 0.0]
         [Termination Attempts: Min: 1, Avg: 1.3, Max: 2, Diff: 1, Sum: 5]
      [GC Worker Other (ms): Min: 0.0, Avg: 0.0, Max: 0.0, Diff: 0.0, Sum: 0.0]
      [GC Worker Total (ms): Min: 14.9, Avg: 14.9, Max: 14.9, Diff: 0.0, Sum: 59.6]
      [GC Worker End (ms): Min: 152192.0, Avg: 152192.0, Max: 152192.0, Diff: 0.0]
   [Code Root Fixup: 0.0 ms]
   [Code Root Purge: 0.0 ms]
   [Clear CT: 0.2 ms]
   [Other: 0.6 ms]
      [Choose CSet: 0.0 ms]
      [Ref Proc: 0.1 ms]
      [Ref Enq: 0.0 ms]
      [Redirty Cards: 0.0 ms]
      [Humongous Register: 0.0 ms]
      [Humongous Reclaim: 0.0 ms]
      [Free CSet: 0.1 ms]
   [Eden: 47.0M(47.0M)->0.0B(47.0M) Survivors: 7168.0K->7168.0K Heap: 907.5M(1096.0M)->865.0M(1096.0M)]
 [Times: user=0.06 sys=0.00, real=0.02 secs] 
2016-06-27T20:27:29.921+0300: 152.193: Total time for which application threads were stopped: 0.0187296 seconds, Stopping threads took: 0.0022687 seconds
2016-06-27T20:27:30.324+0300: 152.596: [GC pause (G1 Evacuation Pause) (young)
Desired survivor size 3670016 bytes, new threshold 1 (max 15)
- age   1:    7190800 bytes,    7190800 total
, 0.0072864 secs]
   [Parallel Time: 6.7 ms, GC Workers: 4]
      [GC Worker Start (ms): Min: 152596.0, Avg: 152596.0, Max: 152596.0, Diff: 0.0]
      [Ext Root Scanning (ms): Min: 0.5, Avg: 0.5, Max: 0.6, Diff: 0.1, Sum: 2.0]
      [Update RS (ms): Min: 3.7, Avg: 3.8, Max: 3.8, Diff: 0.1, Sum: 15.2]
         [Processed Buffers: Min: 4, Avg: 12.8, Max: 29, Diff: 25, Sum: 51]
      [Scan RS (ms): Min: 0.0, Avg: 0.0, Max: 0.0, Diff: 0.0, Sum: 0.0]
      [Code Root Scanning (ms): Min: 0.0, Avg: 0.0, Max: 0.0, Diff: 0.0, Sum: 0.0]
      [Object Copy (ms): Min: 2.2, Avg: 2.3, Max: 2.4, Diff: 0.1, Sum: 9.2]
      [Termination (ms): Min: 0.0, Avg: 0.0, Max: 0.0, Diff: 0.0, Sum: 0.0]
         [Termination Attempts: Min: 1, Avg: 1.0, Max: 1, Diff: 0, Sum: 4]
      [GC Worker Other (ms): Min: 0.0, Avg: 0.0, Max: 0.0, Diff: 0.0, Sum: 0.0]
      [GC Worker Total (ms): Min: 6.6, Avg: 6.6, Max: 6.6, Diff: 0.0, Sum: 26.5]
      [GC Worker End (ms): Min: 152602.6, Avg: 152602.6, Max: 152602.6, Diff: 0.0]
   [Code Root Fixup: 0.0 ms]
   [Code Root Purge: 0.0 ms]
   [Clear CT: 0.0 ms]
   [Other: 0.6 ms]
      [Choose CSet: 0.0 ms]
      [Ref Proc: 0.0 ms]
      [Ref Enq: 0.0 ms]
      [Redirty Cards: 0.0 ms]
      [Humongous Register: 0.0 ms]
      [Humongous Reclaim: 0.0 ms]
      [Free CSet: 0.1 ms]
   [Eden: 47.0M(47.0M)->0.0B(95.0M) Survivors: 7168.0K->7168.0K Heap: 912.0M(1096.0M)->874.0M(1096.0M)]
 [Times: user=0.00 sys=0.00, real=0.01 secs] 
2016-06-27T20:27:30.331+0300: 152.603: Total time for which application threads were stopped: 0.0101068 seconds, Stopping threads took: 0.0021742 seconds
2016-06-27T20:27:31.140+0300: 153.412: [GC pause (G1 Evacuation Pause) (young) (initial-mark)
Desired survivor size 6815744 bytes, new threshold 1 (max 15)
- age   1:    6982976 bytes,    6982976 total
, 0.0061976 secs]
   [Parallel Time: 5.5 ms, GC Workers: 4]
      [GC Worker Start (ms): Min: 153412.0, Avg: 153412.0, Max: 153412.1, Diff: 0.0]
      [Ext Root Scanning (ms): Min: 0.6, Avg: 0.6, Max: 0.7, Diff: 0.1, Sum: 2.4]
      [Update RS (ms): Min: 1.1, Avg: 1.2, Max: 1.3, Diff: 0.2, Sum: 4.7]
         [Processed Buffers: Min: 13, Avg: 20.0, Max: 26, Diff: 13, Sum: 80]
      [Scan RS (ms): Min: 0.0, Avg: 0.0, Max: 0.0, Diff: 0.0, Sum: 0.1]
      [Code Root Scanning (ms): Min: 0.0, Avg: 0.0, Max: 0.0, Diff: 0.0, Sum: 0.0]
      [Object Copy (ms): Min: 3.5, Avg: 3.6, Max: 3.7, Diff: 0.2, Sum: 14.6]
      [Termination (ms): Min: 0.0, Avg: 0.0, Max: 0.0, Diff: 0.0, Sum: 0.0]
         [Termination Attempts: Min: 1, Avg: 1.0, Max: 1, Diff: 0, Sum: 4]
      [GC Worker Other (ms): Min: 0.0, Avg: 0.0, Max: 0.0, Diff: 0.0, Sum: 0.1]
      [GC Worker Total (ms): Min: 5.4, Avg: 5.4, Max: 5.4, Diff: 0.0, Sum: 21.8]
      [GC Worker End (ms): Min: 153417.5, Avg: 153417.5, Max: 153417.5, Diff: 0.0]
   [Code Root Fixup: 0.0 ms]
   [Code Root Purge: 0.0 ms]
   [Clear CT: 0.0 ms]
   [Other: 0.6 ms]
      [Choose CSet: 0.0 ms]
      [Ref Proc: 0.1 ms]
      [Ref Enq: 0.0 ms]
      [Redirty Cards: 0.0 ms]
      [Humongous Register: 0.0 ms]
      [Humongous Reclaim: 0.0 ms]
      [Free CSet: 0.1 ms]
   [Eden: 95.0M(95.0M)->0.0B(80.0M) Survivors: 7168.0K->13.0M Heap: 969.0M(1096.0M)->891.0M(1096.0M)]
 [Times: user=0.06 sys=0.00, real=0.01 secs] 
2016-06-27T20:27:31.146+0300: 153.418: [GC concurrent-root-region-scan-start]
2016-06-27T20:27:31.146+0300: 153.418: Total time for which application threads were stopped: 0.0113662 seconds, Stopping threads took: 0.0044271 seconds
2016-06-27T20:27:31.148+0300: 153.420: [GC concurrent-root-region-scan-end, 0.0017333 secs]
2016-06-27T20:27:31.148+0300: 153.420: [GC concurrent-mark-start]
2016-06-27T20:27:31.207+0300: 153.479: [GC concurrent-mark-end, 0.0593755 secs]
2016-06-27T20:27:31.224+0300: 153.496: [GC remark 2016-06-27T20:27:31.224+0300: 153.496: [Finalize Marking, 0.0002066 secs] 2016-06-27T20:27:31.224+0300: 153.496: [GC ref-proc, 0.0001018 secs] 2016-06-27T20:27:31.224+0300: 153.496: [Unloading, 0.0016418 secs], 0.0055159 secs]
 [Times: user=0.00 sys=0.00, real=0.01 secs] 
2016-06-27T20:27:31.229+0300: 153.502: Total time for which application threads were stopped: 0.0073796 seconds, Stopping threads took: 0.0013300 seconds
2016-06-27T20:27:31.231+0300: 153.503: [GC cleanup 904M->904M(1096M), 0.0020160 secs]
 [Times: user=0.00 sys=0.00, real=0.00 secs] 
2016-06-27T20:27:31.233+0300: 153.505: Total time for which application threads were stopped: 0.0026686 seconds, Stopping threads took: 0.0000633 seconds
2016-06-27T20:27:31.806+0300: 154.078: [GC pause (G1 Evacuation Pause) (young)
Desired survivor size 6291456 bytes, new threshold 1 (max 15)
- age   1:   13446272 bytes,   13446272 total
, 0.0068048 secs]
   [Parallel Time: 6.2 ms, GC Workers: 4]
      [GC Worker Start (ms): Min: 154078.5, Avg: 154078.5, Max: 154078.5, Diff: 0.0]
      [Ext Root Scanning (ms): Min: 0.6, Avg: 0.6, Max: 0.6, Diff: 0.1, Sum: 2.4]
      [Update RS (ms): Min: 1.2, Avg: 1.3, Max: 1.3, Diff: 0.1, Sum: 5.0]
         [Processed Buffers: Min: 5, Avg: 18.5, Max: 40, Diff: 35, Sum: 74]
      [Scan RS (ms): Min: 0.0, Avg: 0.0, Max: 0.0, Diff: 0.0, Sum: 0.1]
      [Code Root Scanning (ms): Min: 0.0, Avg: 0.0, Max: 0.0, Diff: 0.0, Sum: 0.0]
      [Object Copy (ms): Min: 4.2, Avg: 4.2, Max: 4.3, Diff: 0.1, Sum: 17.0]
      [Termination (ms): Min: 0.0, Avg: 0.0, Max: 0.0, Diff: 0.0, Sum: 0.0]
         [Termination Attempts: Min: 1, Avg: 1.8, Max: 3, Diff: 2, Sum: 7]
      [GC Worker Other (ms): Min: 0.0, Avg: 0.0, Max: 0.0, Diff: 0.0, Sum: 0.1]
      [GC Worker Total (ms): Min: 6.1, Avg: 6.1, Max: 6.1, Diff: 0.0, Sum: 24.5]
      [GC Worker End (ms): Min: 154084.6, Avg: 154084.6, Max: 154084.6, Diff: 0.0]
   [Code Root Fixup: 0.0 ms]
   [Code Root Purge: 0.0 ms]
   [Clear CT: 0.0 ms]
   [Other: 0.6 ms]
      [Choose CSet: 0.0 ms]
      [Ref Proc: 0.1 ms]
      [Ref Enq: 0.0 ms]
      [Redirty Cards: 0.0 ms]
      [Humongous Register: 0.0 ms]
      [Humongous Reclaim: 0.0 ms]
      [Free CSet: 0.1 ms]
   [Eden: 80.0M(80.0M)->0.0B(42.0M) Survivors: 13.0M->12.0M Heap: 971.0M(1096.0M)->906.0M(1096.0M)]
 [Times: user=0.00 sys=0.00, real=0.01 secs] 
2016-06-27T20:27:31.813+0300: 154.085: Total time for which application threads were stopped: 0.0111028 seconds, Stopping threads took: 0.0035016 seconds
2016-06-27T20:27:32.166+0300: 154.438: [GC pause (G1 Evacuation Pause) (mixed)
Desired survivor size 3670016 bytes, new threshold 1 (max 15)
- age   1:   12372552 bytes,   12372552 total
, 0.0229907 secs]
   [Parallel Time: 21.6 ms, GC Workers: 4]
      [GC Worker Start (ms): Min: 154438.7, Avg: 154438.8, Max: 154438.9, Diff: 0.2]
      [Ext Root Scanning (ms): Min: 0.6, Avg: 1.0, Max: 1.7, Diff: 1.0, Sum: 3.9]
      [Update RS (ms): Min: 1.2, Avg: 5.0, Max: 14.8, Diff: 13.6, Sum: 20.0]
         [Processed Buffers: Min: 3, Avg: 12.0, Max: 18, Diff: 15, Sum: 48]
      [Scan RS (ms): Min: 0.0, Avg: 3.3, Max: 4.5, Diff: 4.4, Sum: 13.2]
      [Code Root Scanning (ms): Min: 0.0, Avg: 0.1, Max: 0.2, Diff: 0.2, Sum: 0.3]
      [Object Copy (ms): Min: 5.9, Avg: 12.1, Max: 14.2, Diff: 8.4, Sum: 48.5]
      [Termination (ms): Min: 0.0, Avg: 0.0, Max: 0.0, Diff: 0.0, Sum: 0.0]
         [Termination Attempts: Min: 1, Avg: 2.5, Max: 4, Diff: 3, Sum: 10]
      [GC Worker Other (ms): Min: 0.0, Avg: 0.0, Max: 0.0, Diff: 0.0, Sum: 0.1]
      [GC Worker Total (ms): Min: 21.4, Avg: 21.5, Max: 21.5, Diff: 0.2, Sum: 85.9]
      [GC Worker End (ms): Min: 154460.2, Avg: 154460.2, Max: 154460.2, Diff: 0.0]
   [Code Root Fixup: 0.1 ms]
   [Code Root Purge: 0.0 ms]
   [Clear CT: 0.2 ms]
   [Other: 1.1 ms]
      [Choose CSet: 0.2 ms]
      [Ref Proc: 0.1 ms]
      [Ref Enq: 0.0 ms]
      [Redirty Cards: 0.1 ms]
      [Humongous Register: 0.0 ms]
      [Humongous Reclaim: 0.0 ms]
      [Free CSet: 0.5 ms]
   [Eden: 42.0M(42.0M)->0.0B(47.0M) Survivors: 12.0M->7168.0K Heap: 948.0M(1096.0M)->867.5M(1096.0M)]
 [Times: user=0.05 sys=0.00, real=0.02 secs] 
2016-06-27T20:27:32.189+0300: 154.462: Total time for which application threads were stopped: 0.0267532 seconds, Stopping threads took: 0.0029607 seconds
2016-06-27T20:27:32.599+0300: 154.871: [GC pause (G1 Evacuation Pause) (mixed)
Desired survivor size 3670016 bytes, new threshold 1 (max 15)
- age   1:    6970440 bytes,    6970440 total
, 0.0300397 secs]
   [Parallel Time: 28.7 ms, GC Workers: 4]
      [GC Worker Start (ms): Min: 154871.3, Avg: 154871.3, Max: 154871.4, Diff: 0.1]
      [Ext Root Scanning (ms): Min: 0.8, Avg: 1.3, Max: 2.7, Diff: 1.9, Sum: 5.3]
      [Update RS (ms): Min: 10.2, Avg: 12.3, Max: 14.9, Diff: 4.7, Sum: 49.4]
         [Processed Buffers: Min: 4, Avg: 19.3, Max: 32, Diff: 28, Sum: 77]
      [Scan RS (ms): Min: 2.0, Avg: 4.2, Max: 5.1, Diff: 3.1, Sum: 16.8]
      [Code Root Scanning (ms): Min: 0.0, Avg: 0.1, Max: 0.1, Diff: 0.1, Sum: 0.2]
      [Object Copy (ms): Min: 10.6, Avg: 10.6, Max: 10.7, Diff: 0.1, Sum: 42.5]
      [Termination (ms): Min: 0.0, Avg: 0.0, Max: 0.0, Diff: 0.0, Sum: 0.0]
         [Termination Attempts: Min: 1, Avg: 1.5, Max: 3, Diff: 2, Sum: 6]
      [GC Worker Other (ms): Min: 0.0, Avg: 0.0, Max: 0.0, Diff: 0.0, Sum: 0.1]
      [GC Worker Total (ms): Min: 28.5, Avg: 28.6, Max: 28.6, Diff: 0.1, Sum: 114.3]
      [GC Worker End (ms): Min: 154899.9, Avg: 154899.9, Max: 154899.9, Diff: 0.0]
   [Code Root Fixup: 0.1 ms]
   [Code Root Purge: 0.0 ms]
   [Clear CT: 0.2 ms]
   [Other: 1.1 ms]
      [Choose CSet: 0.2 ms]
      [Ref Proc: 0.0 ms]
      [Ref Enq: 0.0 ms]
      [Redirty Cards: 0.1 ms]
      [Humongous Register: 0.0 ms]
      [Humongous Reclaim: 0.0 ms]
      [Free CSet: 0.4 ms]
   [Eden: 47.0M(47.0M)->0.0B(47.0M) Survivors: 7168.0K->7168.0K Heap: 914.5M(1096.0M)->850.0M(1096.0M)]
 [Times: user=0.05 sys=0.00, real=0.03 secs] 
2016-06-27T20:27:32.629+0300: 154.901: Total time for which application threads were stopped: 0.0371828 seconds, Stopping threads took: 0.0063139 seconds
2016-06-27T20:27:33.017+0300: 155.289: [GC pause (G1 Evacuation Pause) (young)
Desired survivor size 3670016 bytes, new threshold 1 (max 15)
- age   1:    7016832 bytes,    7016832 total
, 0.0163946 secs]
   [Parallel Time: 15.8 ms, GC Workers: 4]
      [GC Worker Start (ms): Min: 155288.9, Avg: 155288.9, Max: 155288.9, Diff: 0.0]
      [Ext Root Scanning (ms): Min: 0.5, Avg: 0.5, Max: 0.6, Diff: 0.1, Sum: 2.2]
      [Update RS (ms): Min: 11.9, Avg: 12.7, Max: 15.0, Diff: 3.2, Sum: 50.6]
         [Processed Buffers: Min: 6, Avg: 18.5, Max: 33, Diff: 27, Sum: 74]
      [Scan RS (ms): Min: 0.0, Avg: 0.0, Max: 0.0, Diff: 0.0, Sum: 0.0]
      [Code Root Scanning (ms): Min: 0.0, Avg: 0.0, Max: 0.0, Diff: 0.0, Sum: 0.0]
      [Object Copy (ms): Min: 0.1, Avg: 1.9, Max: 2.5, Diff: 2.4, Sum: 7.4]
      [Termination (ms): Min: 0.0, Avg: 0.6, Max: 0.9, Diff: 0.9, Sum: 2.6]
         [Termination Attempts: Min: 1, Avg: 2.0, Max: 4, Diff: 3, Sum: 8]
      [GC Worker Other (ms): Min: 0.0, Avg: 0.0, Max: 0.0, Diff: 0.0, Sum: 0.0]
      [GC Worker Total (ms): Min: 15.7, Avg: 15.7, Max: 15.7, Diff: 0.0, Sum: 62.9]
      [GC Worker End (ms): Min: 155304.6, Avg: 155304.6, Max: 155304.6, Diff: 0.0]
   [Code Root Fixup: 0.0 ms]
   [Code Root Purge: 0.0 ms]
   [Clear CT: 0.0 ms]
   [Other: 0.6 ms]
      [Choose CSet: 0.0 ms]
      [Ref Proc: 0.1 ms]
      [Ref Enq: 0.0 ms]
      [Redirty Cards: 0.1 ms]
      [Humongous Register: 0.0 ms]
      [Humongous Reclaim: 0.0 ms]
      [Free CSet: 0.0 ms]
   [Eden: 47.0M(47.0M)->0.0B(47.0M) Survivors: 7168.0K->7168.0K Heap: 897.0M(1096.0M)->859.0M(1096.0M)]
 [Times: user=0.06 sys=0.00, real=0.02 secs] 
2016-06-27T20:27:33.033+0300: 155.305: Total time for which application threads were stopped: 0.0199526 seconds, Stopping threads took: 0.0028050 seconds
2016-06-27T20:27:33.166+0300: 155.438: Total time for which application threads were stopped: 0.0019492 seconds, Stopping threads took: 0.0010229 seconds
2016-06-27T20:27:33.428+0300: 155.701: [GC pause (G1 Evacuation Pause) (young) (initial-mark)
Desired survivor size 3670016 bytes, new threshold 1 (max 15)
- age   1:    6890056 bytes,    6890056 total
, 0.0043300 secs]
   [Parallel Time: 3.6 ms, GC Workers: 4]
      [GC Worker Start (ms): Min: 155700.9, Avg: 155700.9, Max: 155700.9, Diff: 0.0]
      [Ext Root Scanning (ms): Min: 0.5, Avg: 0.6, Max: 0.7, Diff: 0.2, Sum: 2.3]
      [Update RS (ms): Min: 0.6, Avg: 0.7, Max: 0.8, Diff: 0.2, Sum: 2.8]
         [Processed Buffers: Min: 2, Avg: 4.5, Max: 7, Diff: 5, Sum: 18]
      [Scan RS (ms): Min: 0.0, Avg: 0.0, Max: 0.0, Diff: 0.0, Sum: 0.0]
      [Code Root Scanning (ms): Min: 0.0, Avg: 0.0, Max: 0.0, Diff: 0.0, Sum: 0.0]
      [Object Copy (ms): Min: 2.2, Avg: 2.2, Max: 2.3, Diff: 0.1, Sum: 8.9]
      [Termination (ms): Min: 0.0, Avg: 0.0, Max: 0.0, Diff: 0.0, Sum: 0.0]
         [Termination Attempts: Min: 1, Avg: 1.0, Max: 1, Diff: 0, Sum: 4]
      [GC Worker Other (ms): Min: 0.0, Avg: 0.0, Max: 0.0, Diff: 0.0, Sum: 0.1]
      [GC Worker Total (ms): Min: 3.5, Avg: 3.5, Max: 3.6, Diff: 0.0, Sum: 14.2]
      [GC Worker End (ms): Min: 155704.5, Avg: 155704.5, Max: 155704.5, Diff: 0.0]
   [Code Root Fixup: 0.0 ms]
   [Code Root Purge: 0.0 ms]
   [Clear CT: 0.0 ms]
   [Other: 0.7 ms]
      [Choose CSet: 0.0 ms]
      [Ref Proc: 0.1 ms]
      [Ref Enq: 0.0 ms]
      [Redirty Cards: 0.1 ms]
      [Humongous Register: 0.0 ms]
      [Humongous Reclaim: 0.0 ms]
      [Free CSet: 0.1 ms]
   [Eden: 47.0M(47.0M)->0.0B(47.0M) Survivors: 7168.0K->7168.0K Heap: 906.0M(1096.0M)->867.5M(1096.0M)]
 [Times: user=0.00 sys=0.00, real=0.01 secs] 
2016-06-27T20:27:33.433+0300: 155.705: [GC concurrent-root-region-scan-start]
2016-06-27T20:27:33.433+0300: 155.705: Total time for which application threads were stopped: 0.0071316 seconds, Stopping threads took: 0.0021665 seconds
2016-06-27T20:27:33.434+0300: 155.706: [GC concurrent-root-region-scan-end, 0.0005795 secs]
2016-06-27T20:27:33.434+0300: 155.706: [GC concurrent-mark-start]
2016-06-27T20:27:33.500+0300: 155.772: [GC concurrent-mark-end, 0.0655684 secs]
2016-06-27T20:27:33.507+0300: 155.780: [GC remark 2016-06-27T20:27:33.508+0300: 155.780: [Finalize Marking, 0.0002237 secs] 2016-06-27T20:27:33.508+0300: 155.780: [GC ref-proc, 0.0000941 secs] 2016-06-27T20:27:33.508+0300: 155.780: [Unloading, 0.0015554 secs], 0.0055420 secs]
 [Times: user=0.00 sys=0.00, real=0.01 secs] 
2016-06-27T20:27:33.513+0300: 155.785: Total time for which application threads were stopped: 0.0067779 seconds, Stopping threads took: 0.0008339 seconds
2016-06-27T20:27:33.514+0300: 155.786: [GC cleanup 878M->878M(1096M), 0.0019031 secs]
 [Times: user=0.00 sys=0.00, real=0.00 secs] 
2016-06-27T20:27:33.516+0300: 155.788: Total time for which application threads were stopped: 0.0023752 seconds, Stopping threads took: 0.0000500 seconds
2016-06-27T20:27:33.706+0300: 155.978: Total time for which application threads were stopped: 0.0013356 seconds, Stopping threads took: 0.0009827 seconds
2016-06-27T20:27:33.805+0300: 156.077: [GC pause (G1 Evacuation Pause) (young)
Desired survivor size 3670016 bytes, new threshold 1 (max 15)
- age   1:    7191344 bytes,    7191344 total
, 0.0039062 secs]
   [Parallel Time: 3.4 ms, GC Workers: 4]
      [GC Worker Start (ms): Min: 156077.2, Avg: 156077.2, Max: 156077.2, Diff: 0.0]
      [Ext Root Scanning (ms): Min: 0.4, Avg: 0.5, Max: 0.5, Diff: 0.1, Sum: 1.9]
      [Update RS (ms): Min: 0.6, Avg: 0.7, Max: 0.7, Diff: 0.1, Sum: 2.7]
         [Processed Buffers: Min: 2, Avg: 6.8, Max: 10, Diff: 8, Sum: 27]
      [Scan RS (ms): Min: 0.0, Avg: 0.0, Max: 0.0, Diff: 0.0, Sum: 0.0]
      [Code Root Scanning (ms): Min: 0.0, Avg: 0.0, Max: 0.0, Diff: 0.0, Sum: 0.0]
      [Object Copy (ms): Min: 2.1, Avg: 2.2, Max: 2.2, Diff: 0.1, Sum: 8.8]
      [Termination (ms): Min: 0.0, Avg: 0.0, Max: 0.0, Diff: 0.0, Sum: 0.0]
         [Termination Attempts: Min: 1, Avg: 1.0, Max: 1, Diff: 0, Sum: 4]
      [GC Worker Other (ms): Min: 0.0, Avg: 0.0, Max: 0.0, Diff: 0.0, Sum: 0.1]
      [GC Worker Total (ms): Min: 3.4, Avg: 3.4, Max: 3.4, Diff: 0.0, Sum: 13.4]
      [GC Worker End (ms): Min: 156080.6, Avg: 156080.6, Max: 156080.6, Diff: 0.0]
   [Code Root Fixup: 0.0 ms]
   [Code Root Purge: 0.0 ms]
   [Clear CT: 0.0 ms]
   [Other: 0.5 ms]
      [Choose CSet: 0.0 ms]
      [Ref Proc: 0.0 ms]
      [Ref Enq: 0.0 ms]
      [Redirty Cards: 0.0 ms]
      [Humongous Register: 0.0 ms]
      [Humongous Reclaim: 0.0 ms]
      [Free CSet: 0.1 ms]
   [Eden: 47.0M(47.0M)->0.0B(47.0M) Survivors: 7168.0K->7168.0K Heap: 914.5M(1096.0M)->876.5M(1096.0M)]
 [Times: user=0.00 sys=0.00, real=0.00 secs] 
2016-06-27T20:27:33.809+0300: 156.081: Total time for which application threads were stopped: 0.0098249 seconds, Stopping threads took: 0.0053624 seconds
2016-06-27T20:27:34.165+0300: 156.438: Total time for which application threads were stopped: 0.0020352 seconds, Stopping threads took: 0.0010221 seconds
2016-06-27T20:27:34.212+0300: 156.484: [GC pause (G1 Evacuation Pause) (mixed)
Desired survivor size 3670016 bytes, new threshold 1 (max 15)
- age   1:    7223704 bytes,    7223704 total
, 0.0190760 secs]
   [Parallel Time: 17.7 ms, GC Workers: 4]
      [GC Worker Start (ms): Min: 156484.4, Avg: 156484.4, Max: 156484.4, Diff: 0.0]
      [Ext Root Scanning (ms): Min: 0.4, Avg: 0.5, Max: 0.6, Diff: 0.2, Sum: 2.0]
      [Update RS (ms): Min: 0.3, Avg: 0.4, Max: 0.5, Diff: 0.2, Sum: 1.6]
         [Processed Buffers: Min: 6, Avg: 11.5, Max: 27, Diff: 21, Sum: 46]
      [Scan RS (ms): Min: 3.0, Avg: 3.1, Max: 3.1, Diff: 0.1, Sum: 12.4]
      [Code Root Scanning (ms): Min: 0.0, Avg: 0.0, Max: 0.0, Diff: 0.0, Sum: 0.0]
      [Object Copy (ms): Min: 13.6, Avg: 13.7, Max: 13.7, Diff: 0.1, Sum: 54.7]
      [Termination (ms): Min: 0.0, Avg: 0.0, Max: 0.0, Diff: 0.0, Sum: 0.0]
         [Termination Attempts: Min: 1, Avg: 1.8, Max: 3, Diff: 2, Sum: 7]
      [GC Worker Other (ms): Min: 0.0, Avg: 0.0, Max: 0.0, Diff: 0.0, Sum: 0.1]
      [GC Worker Total (ms): Min: 17.7, Avg: 17.7, Max: 17.7, Diff: 0.0, Sum: 70.8]
      [GC Worker End (ms): Min: 156502.1, Avg: 156502.1, Max: 156502.1, Diff: 0.0]
   [Code Root Fixup: 0.0 ms]
   [Code Root Purge: 0.0 ms]
   [Clear CT: 0.2 ms]
   [Other: 1.1 ms]
      [Choose CSet: 0.2 ms]
      [Ref Proc: 0.1 ms]
      [Ref Enq: 0.0 ms]
      [Redirty Cards: 0.1 ms]
      [Humongous Register: 0.0 ms]
      [Humongous Reclaim: 0.0 ms]
      [Free CSet: 0.5 ms]
   [Eden: 47.0M(47.0M)->0.0B(47.0M) Survivors: 7168.0K->7168.0K Heap: 923.5M(1096.0M)->845.0M(1096.0M)]
 [Times: user=0.06 sys=0.00, real=0.02 secs] 
2016-06-27T20:27:34.231+0300: 156.503: Total time for which application threads were stopped: 0.0205449 seconds, Stopping threads took: 0.0009186 seconds
2016-06-27T20:27:34.631+0300: 156.903: [GC pause (G1 Evacuation Pause) (mixed)
Desired survivor size 3670016 bytes, new threshold 1 (max 15)
- age   1:    7186320 bytes,    7186320 total
, 0.0174829 secs]
   [Parallel Time: 16.5 ms, GC Workers: 4]
      [GC Worker Start (ms): Min: 156903.1, Avg: 156903.1, Max: 156903.1, Diff: 0.0]
      [Ext Root Scanning (ms): Min: 0.4, Avg: 0.5, Max: 0.6, Diff: 0.2, Sum: 2.0]
      [Update RS (ms): Min: 8.9, Avg: 9.0, Max: 9.3, Diff: 0.4, Sum: 36.1]
         [Processed Buffers: Min: 11, Avg: 19.0, Max: 24, Diff: 13, Sum: 76]
      [Scan RS (ms): Min: 1.3, Avg: 1.5, Max: 1.6, Diff: 0.3, Sum: 5.9]
      [Code Root Scanning (ms): Min: 0.0, Avg: 0.0, Max: 0.0, Diff: 0.0, Sum: 0.1]
      [Object Copy (ms): Min: 5.4, Avg: 5.4, Max: 5.5, Diff: 0.1, Sum: 21.8]
      [Termination (ms): Min: 0.0, Avg: 0.0, Max: 0.0, Diff: 0.0, Sum: 0.0]
         [Termination Attempts: Min: 1, Avg: 2.3, Max: 3, Diff: 2, Sum: 9]
      [GC Worker Other (ms): Min: 0.0, Avg: 0.0, Max: 0.0, Diff: 0.0, Sum: 0.1]
      [GC Worker Total (ms): Min: 16.5, Avg: 16.5, Max: 16.5, Diff: 0.0, Sum: 65.9]
      [GC Worker End (ms): Min: 156919.6, Avg: 156919.6, Max: 156919.6, Diff: 0.0]
   [Code Root Fixup: 0.0 ms]
   [Code Root Purge: 0.0 ms]
   [Clear CT: 0.2 ms]
   [Other: 0.8 ms]
      [Choose CSet: 0.1 ms]
      [Ref Proc: 0.1 ms]
      [Ref Enq: 0.0 ms]
      [Redirty Cards: 0.1 ms]
      [Humongous Register: 0.0 ms]
      [Humongous Reclaim: 0.0 ms]
      [Free CSet: 0.2 ms]
   [Eden: 47.0M(47.0M)->0.0B(47.0M) Survivors: 7168.0K->7168.0K Heap: 892.0M(1096.0M)->847.0M(1096.0M)]
 [Times: user=0.06 sys=0.00, real=0.02 secs] 
2016-06-27T20:27:34.649+0300: 156.921: Total time for which application threads were stopped: 0.0190760 seconds, Stopping threads took: 0.0009567 seconds
2016-06-27T20:27:35.051+0300: 157.324: [GC pause (G1 Evacuation Pause) (young)
Desired survivor size 3670016 bytes, new threshold 1 (max 15)
- age   1:    7212448 bytes,    7212448 total
, 0.0087832 secs]
   [Parallel Time: 8.1 ms, GC Workers: 4]
      [GC Worker Start (ms): Min: 157323.8, Avg: 157323.8, Max: 157323.8, Diff: 0.0]
      [Ext Root Scanning (ms): Min: 0.5, Avg: 0.5, Max: 0.6, Diff: 0.1, Sum: 2.1]
      [Update RS (ms): Min: 5.1, Avg: 5.2, Max: 5.3, Diff: 0.2, Sum: 20.9]
         [Processed Buffers: Min: 5, Avg: 14.0, Max: 34, Diff: 29, Sum: 56]
      [Scan RS (ms): Min: 0.0, Avg: 0.0, Max: 0.0, Diff: 0.0, Sum: 0.0]
      [Code Root Scanning (ms): Min: 0.0, Avg: 0.0, Max: 0.0, Diff: 0.0, Sum: 0.0]
      [Object Copy (ms): Min: 2.3, Avg: 2.3, Max: 2.3, Diff: 0.0, Sum: 9.1]
      [Termination (ms): Min: 0.0, Avg: 0.0, Max: 0.0, Diff: 0.0, Sum: 0.0]
         [Termination Attempts: Min: 1, Avg: 1.3, Max: 2, Diff: 1, Sum: 5]
      [GC Worker Other (ms): Min: 0.0, Avg: 0.0, Max: 0.0, Diff: 0.0, Sum: 0.1]
      [GC Worker Total (ms): Min: 8.1, Avg: 8.1, Max: 8.1, Diff: 0.0, Sum: 32.3]
      [GC Worker End (ms): Min: 157331.8, Avg: 157331.8, Max: 157331.8, Diff: 0.0]
   [Code Root Fixup: 0.0 ms]
   [Code Root Purge: 0.0 ms]
   [Clear CT: 0.0 ms]
   [Other: 0.6 ms]
      [Choose CSet: 0.0 ms]
      [Ref Proc: 0.1 ms]
      [Ref Enq: 0.0 ms]
      [Redirty Cards: 0.0 ms]
      [Humongous Register: 0.0 ms]
      [Humongous Reclaim: 0.0 ms]
      [Free CSet: 0.1 ms]
   [Eden: 47.0M(47.0M)->0.0B(109.0M) Survivors: 7168.0K->7168.0K Heap: 894.0M(1096.0M)->856.0M(1096.0M)]
 [Times: user=0.00 sys=0.00, real=0.01 secs] 
2016-06-27T20:27:35.060+0300: 157.333: Total time for which application threads were stopped: 0.0137760 seconds, Stopping threads took: 0.0043544 seconds
2016-06-27T20:27:35.920+0300: 158.192: [GC pause (G1 Evacuation Pause) (young) (initial-mark)
Desired survivor size 7864320 bytes, new threshold 15 (max 15)
- age   1:    6886736 bytes,    6886736 total
, 0.0068489 secs]
   [Parallel Time: 5.6 ms, GC Workers: 4]
      [GC Worker Start (ms): Min: 158192.1, Avg: 158192.1, Max: 158192.1, Diff: 0.0]
      [Ext Root Scanning (ms): Min: 0.5, Avg: 0.6, Max: 0.7, Diff: 0.1, Sum: 2.3]
      [Update RS (ms): Min: 1.0, Avg: 1.0, Max: 1.2, Diff: 0.2, Sum: 4.2]
         [Processed Buffers: Min: 3, Avg: 17.5, Max: 30, Diff: 27, Sum: 70]
      [Scan RS (ms): Min: 0.0, Avg: 0.0, Max: 0.0, Diff: 0.0, Sum: 0.1]
      [Code Root Scanning (ms): Min: 0.0, Avg: 0.0, Max: 0.0, Diff: 0.0, Sum: 0.0]
      [Object Copy (ms): Min: 3.8, Avg: 3.9, Max: 4.0, Diff: 0.2, Sum: 15.7]
      [Termination (ms): Min: 0.0, Avg: 0.0, Max: 0.0, Diff: 0.0, Sum: 0.0]
         [Termination Attempts: Min: 1, Avg: 1.0, Max: 1, Diff: 0, Sum: 4]
      [GC Worker Other (ms): Min: 0.0, Avg: 0.0, Max: 0.0, Diff: 0.0, Sum: 0.1]
      [GC Worker Total (ms): Min: 5.6, Avg: 5.6, Max: 5.6, Diff: 0.0, Sum: 22.4]
      [GC Worker End (ms): Min: 158197.7, Avg: 158197.7, Max: 158197.7, Diff: 0.0]
   [Code Root Fixup: 0.0 ms]
   [Code Root Purge: 0.0 ms]
   [Clear CT: 0.0 ms]
   [Other: 1.2 ms]
      [Choose CSet: 0.0 ms]
      [Ref Proc: 0.1 ms]
      [Ref Enq: 0.0 ms]
      [Redirty Cards: 0.0 ms]
      [Humongous Register: 0.0 ms]
      [Humongous Reclaim: 0.0 ms]
      [Free CSet: 0.5 ms]
   [Eden: 109.0M(109.0M)->0.0B(92.0M) Survivors: 7168.0K->15.0M Heap: 965.0M(1096.0M)->875.5M(1096.0M)]
 [Times: user=0.02 sys=0.00, real=0.01 secs] 
2016-06-27T20:27:35.927+0300: 158.199: [GC concurrent-root-region-scan-start]
2016-06-27T20:27:35.927+0300: 158.199: Total time for which application threads were stopped: 0.0136939 seconds, Stopping threads took: 0.0061505 seconds
2016-06-27T20:27:35.928+0300: 158.200: [GC concurrent-root-region-scan-end, 0.0011846 secs]
2016-06-27T20:27:35.928+0300: 158.200: [GC concurrent-mark-start]
2016-06-27T20:27:35.992+0300: 158.264: [GC concurrent-mark-end, 0.0641152 secs]
2016-06-27T20:27:36.007+0300: 158.279: [GC remark 2016-06-27T20:27:36.007+0300: 158.279: [Finalize Marking, 0.0001950 secs] 2016-06-27T20:27:36.007+0300: 158.279: [GC ref-proc, 0.0001018 secs] 2016-06-27T20:27:36.007+0300: 158.279: [Unloading, 0.0016939 secs], 0.0055616 secs]
 [Times: user=0.00 sys=0.00, real=0.01 secs] 
2016-06-27T20:27:36.012+0300: 158.284: Total time for which application threads were stopped: 0.0091676 seconds, Stopping threads took: 0.0031108 seconds
2016-06-27T20:27:36.018+0300: 158.290: [GC cleanup 888M->888M(1096M), 0.0019569 secs]
 [Times: user=0.00 sys=0.00, real=0.00 secs] 
2016-06-27T20:27:36.020+0300: 158.292: Total time for which application threads were stopped: 0.0026848 seconds, Stopping threads took: 0.0001903 seconds
2016-06-27T20:27:36.654+0300: 158.926: [GC pause (G1 Evacuation Pause) (young)
Desired survivor size 7340032 bytes, new threshold 1 (max 15)
- age   1:   13113688 bytes,   13113688 total
- age   2:    2370552 bytes,   15484240 total
, 0.0072979 secs]
   [Parallel Time: 6.7 ms, GC Workers: 4]
      [GC Worker Start (ms): Min: 158925.9, Avg: 158926.0, Max: 158926.0, Diff: 0.0]
      [Ext Root Scanning (ms): Min: 0.5, Avg: 0.6, Max: 0.7, Diff: 0.1, Sum: 2.4]
      [Update RS (ms): Min: 1.1, Avg: 1.2, Max: 1.3, Diff: 0.2, Sum: 4.8]
         [Processed Buffers: Min: 9, Avg: 19.0, Max: 40, Diff: 31, Sum: 76]
      [Scan RS (ms): Min: 0.0, Avg: 0.0, Max: 0.0, Diff: 0.0, Sum: 0.1]
      [Code Root Scanning (ms): Min: 0.0, Avg: 0.0, Max: 0.0, Diff: 0.0, Sum: 0.0]
      [Object Copy (ms): Min: 4.7, Avg: 4.8, Max: 4.9, Diff: 0.3, Sum: 19.2]
      [Termination (ms): Min: 0.0, Avg: 0.0, Max: 0.0, Diff: 0.0, Sum: 0.0]
         [Termination Attempts: Min: 1, Avg: 1.0, Max: 1, Diff: 0, Sum: 4]
      [GC Worker Other (ms): Min: 0.0, Avg: 0.0, Max: 0.0, Diff: 0.0, Sum: 0.1]
      [GC Worker Total (ms): Min: 6.6, Avg: 6.6, Max: 6.6, Diff: 0.0, Sum: 26.6]
      [GC Worker End (ms): Min: 158932.6, Avg: 158932.6, Max: 158932.6, Diff: 0.0]
   [Code Root Fixup: 0.0 ms]
   [Code Root Purge: 0.0 ms]
   [Clear CT: 0.0 ms]
   [Other: 0.6 ms]
      [Choose CSet: 0.0 ms]
      [Ref Proc: 0.0 ms]
      [Ref Enq: 0.0 ms]
      [Redirty Cards: 0.0 ms]
      [Humongous Register: 0.0 ms]
      [Humongous Reclaim: 0.0 ms]
      [Free CSet: 0.1 ms]
   [Eden: 92.0M(92.0M)->0.0B(40.0M) Survivors: 15.0M->14.0M Heap: 967.5M(1096.0M)->892.0M(1096.0M)]
 [Times: user=0.02 sys=0.00, real=0.01 secs] 
2016-06-27T20:27:36.661+0300: 158.933: Total time for which application threads were stopped: 0.0123143 seconds, Stopping threads took: 0.0042795 seconds
2016-06-27T20:27:37.009+0300: 159.281: [GC pause (G1 Evacuation Pause) (mixed)
Desired survivor size 3670016 bytes, new threshold 1 (max 15)
- age   1:   14460160 bytes,   14460160 total
, 0.0212189 secs]
   [Parallel Time: 19.8 ms, GC Workers: 4]
      [GC Worker Start (ms): Min: 159281.8, Avg: 159281.8, Max: 159281.8, Diff: 0.0]
      [Ext Root Scanning (ms): Min: 0.5, Avg: 0.5, Max: 0.6, Diff: 0.1, Sum: 2.2]
      [Update RS (ms): Min: 1.3, Avg: 1.4, Max: 1.5, Diff: 0.2, Sum: 5.5]
         [Processed Buffers: Min: 4, Avg: 9.8, Max: 12, Diff: 8, Sum: 39]
      [Scan RS (ms): Min: 3.2, Avg: 3.3, Max: 3.4, Diff: 0.2, Sum: 13.1]
      [Code Root Scanning (ms): Min: 0.0, Avg: 0.0, Max: 0.1, Diff: 0.1, Sum: 0.1]
      [Object Copy (ms): Min: 14.5, Avg: 14.6, Max: 14.6, Diff: 0.1, Sum: 58.2]
      [Termination (ms): Min: 0.0, Avg: 0.0, Max: 0.0, Diff: 0.0, Sum: 0.0]
         [Termination Attempts: Min: 1, Avg: 1.0, Max: 1, Diff: 0, Sum: 4]
      [GC Worker Other (ms): Min: 0.0, Avg: 0.0, Max: 0.0, Diff: 0.0, Sum: 0.1]
      [GC Worker Total (ms): Min: 19.8, Avg: 19.8, Max: 19.8, Diff: 0.0, Sum: 79.2]
      [GC Worker End (ms): Min: 159301.6, Avg: 159301.6, Max: 159301.6, Diff: 0.0]
   [Code Root Fixup: 0.0 ms]
   [Code Root Purge: 0.0 ms]
   [Clear CT: 0.2 ms]
   [Other: 1.1 ms]
      [Choose CSet: 0.2 ms]
      [Ref Proc: 0.1 ms]
      [Ref Enq: 0.0 ms]
      [Redirty Cards: 0.0 ms]
      [Humongous Register: 0.0 ms]
      [Humongous Reclaim: 0.0 ms]
      [Free CSet: 0.5 ms]
   [Eden: 40.0M(40.0M)->0.0B(47.0M) Survivors: 14.0M->7168.0K Heap: 932.0M(1096.0M)->855.5M(1096.0M)]
 [Times: user=0.06 sys=0.00, real=0.02 secs] 
2016-06-27T20:27:37.031+0300: 159.303: Total time for which application threads were stopped: 0.0284698 seconds, Stopping threads took: 0.0065850 seconds
2016-06-27T20:27:37.171+0300: 159.443: Total time for which application threads were stopped: 0.0063118 seconds, Stopping threads took: 0.0051425 seconds
2016-06-27T20:27:37.414+0300: 159.686: [GC pause (G1 Evacuation Pause) (mixed)
Desired survivor size 3670016 bytes, new threshold 1 (max 15)
- age   1:    6831296 bytes,    6831296 total
, 0.0199159 secs]
   [Parallel Time: 19.0 ms, GC Workers: 4]
      [GC Worker Start (ms): Min: 159686.7, Avg: 159686.7, Max: 159686.7, Diff: 0.0]
      [Ext Root Scanning (ms): Min: 0.6, Avg: 0.6, Max: 0.7, Diff: 0.1, Sum: 2.4]
      [Update RS (ms): Min: 9.5, Avg: 9.6, Max: 9.6, Diff: 0.1, Sum: 38.2]
         [Processed Buffers: Min: 10, Avg: 15.5, Max: 20, Diff: 10, Sum: 62]
      [Scan RS (ms): Min: 1.8, Avg: 2.0, Max: 2.2, Diff: 0.3, Sum: 8.2]
      [Code Root Scanning (ms): Min: 0.0, Avg: 0.1, Max: 0.2, Diff: 0.2, Sum: 0.2]
      [Object Copy (ms): Min: 6.6, Avg: 6.6, Max: 6.6, Diff: 0.0, Sum: 26.4]
      [Termination (ms): Min: 0.0, Avg: 0.0, Max: 0.0, Diff: 0.0, Sum: 0.1]
         [Termination Attempts: Min: 1, Avg: 1.0, Max: 1, Diff: 0, Sum: 4]
      [GC Worker Other (ms): Min: 0.0, Avg: 0.0, Max: 0.0, Diff: 0.0, Sum: 0.0]
      [GC Worker Total (ms): Min: 18.9, Avg: 18.9, Max: 18.9, Diff: 0.0, Sum: 75.6]
      [GC Worker End (ms): Min: 159705.5, Avg: 159705.5, Max: 159705.5, Diff: 0.0]
   [Code Root Fixup: 0.1 ms]
   [Code Root Purge: 0.0 ms]
   [Clear CT: 0.2 ms]
   [Other: 0.7 ms]
      [Choose CSet: 0.1 ms]
      [Ref Proc: 0.1 ms]
      [Ref Enq: 0.0 ms]
      [Redirty Cards: 0.0 ms]
      [Humongous Register: 0.0 ms]
      [Humongous Reclaim: 0.0 ms]
      [Free CSet: 0.2 ms]
   [Eden: 47.0M(47.0M)->0.0B(47.0M) Survivors: 7168.0K->7168.0K Heap: 902.5M(1096.0M)->854.0M(1096.0M)]
 [Times: user=0.06 sys=0.00, real=0.02 secs] 
2016-06-27T20:27:37.435+0300: 159.707: Total time for which application threads were stopped: 0.0231066 seconds, Stopping threads took: 0.0025843 seconds
2016-06-27T20:27:37.845+0300: 160.118: [GC pause (G1 Evacuation Pause) (young)
Desired survivor size 3670016 bytes, new threshold 1 (max 15)
- age   1:    7037272 bytes,    7037272 total
, 0.0102808 secs]
   [Parallel Time: 9.6 ms, GC Workers: 4]
      [GC Worker Start (ms): Min: 160117.8, Avg: 160117.8, Max: 160117.8, Diff: 0.0]
      [Ext Root Scanning (ms): Min: 0.5, Avg: 0.6, Max: 0.6, Diff: 0.1, Sum: 2.3]
      [Update RS (ms): Min: 6.6, Avg: 6.7, Max: 6.8, Diff: 0.2, Sum: 26.7]
         [Processed Buffers: Min: 6, Avg: 14.8, Max: 29, Diff: 23, Sum: 59]
      [Scan RS (ms): Min: 0.0, Avg: 0.0, Max: 0.0, Diff: 0.0, Sum: 0.0]
      [Code Root Scanning (ms): Min: 0.0, Avg: 0.0, Max: 0.0, Diff: 0.0, Sum: 0.0]
      [Object Copy (ms): Min: 2.2, Avg: 2.3, Max: 2.3, Diff: 0.1, Sum: 9.1]
      [Termination (ms): Min: 0.0, Avg: 0.0, Max: 0.0, Diff: 0.0, Sum: 0.0]
         [Termination Attempts: Min: 1, Avg: 1.0, Max: 1, Diff: 0, Sum: 4]
      [GC Worker Other (ms): Min: 0.0, Avg: 0.0, Max: 0.0, Diff: 0.0, Sum: 0.1]
      [GC Worker Total (ms): Min: 9.5, Avg: 9.5, Max: 9.6, Diff: 0.0, Sum: 38.2]
      [GC Worker End (ms): Min: 160127.3, Avg: 160127.3, Max: 160127.3, Diff: 0.0]
   [Code Root Fixup: 0.0 ms]
   [Code Root Purge: 0.0 ms]
   [Clear CT: 0.0 ms]
   [Other: 0.6 ms]
      [Choose CSet: 0.0 ms]
      [Ref Proc: 0.1 ms]
      [Ref Enq: 0.0 ms]
      [Redirty Cards: 0.1 ms]
      [Humongous Register: 0.0 ms]
      [Humongous Reclaim: 0.0 ms]
      [Free CSet: 0.1 ms]
   [Eden: 47.0M(47.0M)->0.0B(104.0M) Survivors: 7168.0K->7168.0K Heap: 901.0M(1096.0M)->863.0M(1096.0M)]
 [Times: user=0.06 sys=0.00, real=0.01 secs] 
2016-06-27T20:27:37.856+0300: 160.128: Total time for which application threads were stopped: 0.0150273 seconds, Stopping threads took: 0.0040961 seconds
2016-06-27T20:27:38.705+0300: 160.977: [GC pause (G1 Evacuation Pause) (young) (initial-mark)
Desired survivor size 7340032 bytes, new threshold 15 (max 15)
- age   1:    7229848 bytes,    7229848 total
, 0.0060419 secs]
   [Parallel Time: 5.3 ms, GC Workers: 4]
      [GC Worker Start (ms): Min: 160977.5, Avg: 160977.5, Max: 160977.6, Diff: 0.0]
      [Ext Root Scanning (ms): Min: 0.5, Avg: 0.6, Max: 0.8, Diff: 0.3, Sum: 2.4]
      [Update RS (ms): Min: 0.7, Avg: 0.8, Max: 0.9, Diff: 0.2, Sum: 3.3]
         [Processed Buffers: Min: 8, Avg: 20.3, Max: 31, Diff: 23, Sum: 81]
      [Scan RS (ms): Min: 0.0, Avg: 0.0, Max: 0.0, Diff: 0.0, Sum: 0.1]
      [Code Root Scanning (ms): Min: 0.0, Avg: 0.0, Max: 0.0, Diff: 0.0, Sum: 0.0]
      [Object Copy (ms): Min: 3.8, Avg: 3.8, Max: 3.9, Diff: 0.1, Sum: 15.3]
      [Termination (ms): Min: 0.0, Avg: 0.0, Max: 0.0, Diff: 0.0, Sum: 0.0]
         [Termination Attempts: Min: 1, Avg: 1.0, Max: 1, Diff: 0, Sum: 4]
      [GC Worker Other (ms): Min: 0.0, Avg: 0.0, Max: 0.0, Diff: 0.0, Sum: 0.1]
      [GC Worker Total (ms): Min: 5.3, Avg: 5.3, Max: 5.3, Diff: 0.0, Sum: 21.1]
      [GC Worker End (ms): Min: 160982.8, Avg: 160982.8, Max: 160982.8, Diff: 0.0]
   [Code Root Fixup: 0.0 ms]
   [Code Root Purge: 0.0 ms]
   [Clear CT: 0.1 ms]
   [Other: 0.7 ms]
      [Choose CSet: 0.0 ms]
      [Ref Proc: 0.0 ms]
      [Ref Enq: 0.0 ms]
      [Redirty Cards: 0.0 ms]
      [Humongous Register: 0.0 ms]
      [Humongous Reclaim: 0.0 ms]
      [Free CSet: 0.1 ms]
   [Eden: 104.0M(104.0M)->0.0B(88.0M) Survivors: 7168.0K->14.0M Heap: 967.0M(1096.0M)->881.5M(1096.0M)]
 [Times: user=0.06 sys=0.00, real=0.01 secs] 
2016-06-27T20:27:38.712+0300: 160.984: [GC concurrent-root-region-scan-start]
2016-06-27T20:27:38.712+0300: 160.984: Total time for which application threads were stopped: 0.0091240 seconds, Stopping threads took: 0.0023974 seconds
2016-06-27T20:27:38.713+0300: 160.985: [GC concurrent-root-region-scan-end, 0.0011504 secs]
2016-06-27T20:27:38.713+0300: 160.985: [GC concurrent-mark-start]
2016-06-27T20:27:38.780+0300: 161.052: [GC concurrent-mark-end, 0.0661299 secs]
2016-06-27T20:27:38.796+0300: 161.068: [GC remark 2016-06-27T20:27:38.796+0300: 161.068: [Finalize Marking, 0.0001971 secs] 2016-06-27T20:27:38.796+0300: 161.068: [GC ref-proc, 0.0000996 secs] 2016-06-27T20:27:38.797+0300: 161.069: [Unloading, 0.0016422 secs], 0.0056502 secs]
 [Times: user=0.06 sys=0.00, real=0.01 secs] 
2016-06-27T20:27:38.802+0300: 161.074: Total time for which application threads were stopped: 0.0144295 seconds, Stopping threads took: 0.0082670 seconds
2016-06-27T20:27:38.806+0300: 161.078: [GC cleanup 893M->893M(1096M), 0.0019488 secs]
 [Times: user=0.00 sys=0.00, real=0.00 secs] 
2016-06-27T20:27:38.808+0300: 161.080: Total time for which application threads were stopped: 0.0025505 seconds, Stopping threads took: 0.0000697 seconds
2016-06-27T20:27:39.169+0300: 161.441: Total time for which application threads were stopped: 0.0042748 seconds, Stopping threads took: 0.0030128 seconds
2016-06-27T20:27:39.464+0300: 161.736: [GC pause (G1 Evacuation Pause) (young)
Desired survivor size 6815744 bytes, new threshold 1 (max 15)
- age   1:   11634592 bytes,   11634592 total
- age   2:    2804752 bytes,   14439344 total
, 0.0065897 secs]
   [Parallel Time: 5.8 ms, GC Workers: 4]
      [GC Worker Start (ms): Min: 161736.3, Avg: 161736.3, Max: 161736.3, Diff: 0.0]
      [Ext Root Scanning (ms): Min: 0.5, Avg: 0.6, Max: 0.6, Diff: 0.1, Sum: 2.3]
      [Update RS (ms): Min: 0.8, Avg: 0.8, Max: 0.9, Diff: 0.1, Sum: 3.3]
         [Processed Buffers: Min: 2, Avg: 17.5, Max: 34, Diff: 32, Sum: 70]
      [Scan RS (ms): Min: 0.0, Avg: 0.0, Max: 0.0, Diff: 0.0, Sum: 0.1]
      [Code Root Scanning (ms): Min: 0.0, Avg: 0.0, Max: 0.0, Diff: 0.0, Sum: 0.0]
      [Object Copy (ms): Min: 4.3, Avg: 4.4, Max: 4.4, Diff: 0.1, Sum: 17.5]
      [Termination (ms): Min: 0.0, Avg: 0.0, Max: 0.0, Diff: 0.0, Sum: 0.0]
         [Termination Attempts: Min: 1, Avg: 1.0, Max: 1, Diff: 0, Sum: 4]
      [GC Worker Other (ms): Min: 0.0, Avg: 0.0, Max: 0.0, Diff: 0.0, Sum: 0.1]
      [GC Worker Total (ms): Min: 5.8, Avg: 5.8, Max: 5.8, Diff: 0.0, Sum: 23.2]
      [GC Worker End (ms): Min: 161742.1, Avg: 161742.1, Max: 161742.1, Diff: 0.0]
   [Code Root Fixup: 0.0 ms]
   [Code Root Purge: 0.0 ms]
   [Clear CT: 0.0 ms]
   [Other: 0.7 ms]
      [Choose CSet: 0.0 ms]
      [Ref Proc: 0.2 ms]
      [Ref Enq: 0.0 ms]
      [Redirty Cards: 0.0 ms]
      [Humongous Register: 0.0 ms]
      [Humongous Reclaim: 0.0 ms]
      [Free CSet: 0.1 ms]
   [Eden: 88.0M(88.0M)->0.0B(41.0M) Survivors: 14.0M->13.0M Heap: 969.5M(1096.0M)->897.5M(1096.0M)]
 [Times: user=0.00 sys=0.00, real=0.01 secs] 
2016-06-27T20:27:39.471+0300: 161.743: Total time for which application threads were stopped: 0.0091424 seconds, Stopping threads took: 0.0019591 seconds
2016-06-27T20:27:39.811+0300: 162.083: [GC pause (G1 Evacuation Pause) (mixed)
Desired survivor size 3670016 bytes, new threshold 1 (max 15)
- age   1:   13374976 bytes,   13374976 total
, 0.0208623 secs]
   [Parallel Time: 19.4 ms, GC Workers: 4]
      [GC Worker Start (ms): Min: 162083.2, Avg: 162083.2, Max: 162083.2, Diff: 0.0]
      [Ext Root Scanning (ms): Min: 0.5, Avg: 0.5, Max: 0.6, Diff: 0.1, Sum: 2.1]
      [Update RS (ms): Min: 0.9, Avg: 1.0, Max: 1.0, Diff: 0.1, Sum: 3.9]
         [Processed Buffers: Min: 5, Avg: 7.8, Max: 12, Diff: 7, Sum: 31]
      [Scan RS (ms): Min: 3.0, Avg: 3.1, Max: 3.1, Diff: 0.1, Sum: 12.3]
      [Code Root Scanning (ms): Min: 0.0, Avg: 0.0, Max: 0.1, Diff: 0.1, Sum: 0.2]
      [Object Copy (ms): Min: 14.7, Avg: 14.8, Max: 14.8, Diff: 0.1, Sum: 59.0]
      [Termination (ms): Min: 0.0, Avg: 0.0, Max: 0.0, Diff: 0.0, Sum: 0.0]
         [Termination Attempts: Min: 1, Avg: 1.0, Max: 1, Diff: 0, Sum: 4]
      [GC Worker Other (ms): Min: 0.0, Avg: 0.0, Max: 0.0, Diff: 0.0, Sum: 0.1]
      [GC Worker Total (ms): Min: 19.4, Avg: 19.4, Max: 19.4, Diff: 0.0, Sum: 77.5]
      [GC Worker End (ms): Min: 162102.6, Avg: 162102.6, Max: 162102.6, Diff: 0.0]
   [Code Root Fixup: 0.0 ms]
   [Code Root Purge: 0.0 ms]
   [Clear CT: 0.2 ms]
   [Other: 1.2 ms]
      [Choose CSet: 0.2 ms]
      [Ref Proc: 0.0 ms]
      [Ref Enq: 0.0 ms]
      [Redirty Cards: 0.1 ms]
      [Humongous Register: 0.0 ms]
      [Humongous Reclaim: 0.0 ms]
      [Free CSet: 0.6 ms]
   [Eden: 41.0M(41.0M)->0.0B(47.0M) Survivors: 13.0M->7168.0K Heap: 938.5M(1096.0M)->865.5M(1096.0M)]
 [Times: user=0.06 sys=0.00, real=0.02 secs] 
2016-06-27T20:27:39.832+0300: 162.104: Total time for which application threads were stopped: 0.0239504 seconds, Stopping threads took: 0.0024667 seconds
2016-06-27T20:27:40.180+0300: 162.452: [GC pause (G1 Evacuation Pause) (mixed)
Desired survivor size 3670016 bytes, new threshold 1 (max 15)
- age   1:    7107000 bytes,    7107000 total
, 0.0223809 secs]
   [Parallel Time: 21.2 ms, GC Workers: 4]
      [GC Worker Start (ms): Min: 162452.7, Avg: 162452.7, Max: 162452.8, Diff: 0.1]
      [Ext Root Scanning (ms): Min: 0.5, Avg: 0.7, Max: 1.0, Diff: 0.5, Sum: 2.9]
      [Update RS (ms): Min: 11.3, Avg: 11.4, Max: 11.6, Diff: 0.3, Sum: 45.7]
         [Processed Buffers: Min: 12, Avg: 14.5, Max: 20, Diff: 8, Sum: 58]
      [Scan RS (ms): Min: 1.8, Avg: 2.1, Max: 2.3, Diff: 0.5, Sum: 8.3]
      [Code Root Scanning (ms): Min: 0.0, Avg: 0.0, Max: 0.0, Diff: 0.0, Sum: 0.0]
      [Object Copy (ms): Min: 6.8, Avg: 6.8, Max: 6.9, Diff: 0.0, Sum: 27.4]
      [Termination (ms): Min: 0.0, Avg: 0.0, Max: 0.0, Diff: 0.0, Sum: 0.0]
         [Termination Attempts: Min: 1, Avg: 2.3, Max: 4, Diff: 3, Sum: 9]
      [GC Worker Other (ms): Min: 0.0, Avg: 0.0, Max: 0.0, Diff: 0.0, Sum: 0.0]
      [GC Worker Total (ms): Min: 21.0, Avg: 21.1, Max: 21.1, Diff: 0.1, Sum: 84.4]
      [GC Worker End (ms): Min: 162473.8, Avg: 162473.8, Max: 162473.8, Diff: 0.0]
   [Code Root Fixup: 0.0 ms]
   [Code Root Purge: 0.0 ms]
   [Clear CT: 0.2 ms]
   [Other: 1.0 ms]
      [Choose CSet: 0.1 ms]
      [Ref Proc: 0.2 ms]
      [Ref Enq: 0.0 ms]
      [Redirty Cards: 0.1 ms]
      [Humongous Register: 0.0 ms]
      [Humongous Reclaim: 0.0 ms]
      [Free CSet: 0.3 ms]
   [Eden: 47.0M(47.0M)->0.0B(47.0M) Survivors: 7168.0K->7168.0K Heap: 912.5M(1096.0M)->863.0M(1096.0M)]
 [Times: user=0.06 sys=0.00, real=0.02 secs] 
2016-06-27T20:27:40.203+0300: 162.475: Total time for which application threads were stopped: 0.0363301 seconds, Stopping threads took: 0.0133253 seconds
2016-06-27T20:27:40.594+0300: 162.866: [GC pause (G1 Evacuation Pause) (young)
Desired survivor size 3670016 bytes, new threshold 1 (max 15)
- age   1:    7138048 bytes,    7138048 total
, 0.0097441 secs]
   [Parallel Time: 9.1 ms, GC Workers: 4]
      [GC Worker Start (ms): Min: 162866.5, Avg: 162866.5, Max: 162866.5, Diff: 0.0]
      [Ext Root Scanning (ms): Min: 0.5, Avg: 0.5, Max: 0.6, Diff: 0.2, Sum: 2.0]
      [Update RS (ms): Min: 6.1, Avg: 6.3, Max: 6.5, Diff: 0.4, Sum: 25.1]
         [Processed Buffers: Min: 6, Avg: 13.8, Max: 26, Diff: 20, Sum: 55]
      [Scan RS (ms): Min: 0.0, Avg: 0.0, Max: 0.0, Diff: 0.0, Sum: 0.0]
      [Code Root Scanning (ms): Min: 0.0, Avg: 0.0, Max: 0.0, Diff: 0.0, Sum: 0.0]
      [Object Copy (ms): Min: 2.1, Avg: 2.2, Max: 2.4, Diff: 0.3, Sum: 9.0]
      [Termination (ms): Min: 0.0, Avg: 0.0, Max: 0.0, Diff: 0.0, Sum: 0.0]
         [Termination Attempts: Min: 1, Avg: 1.0, Max: 1, Diff: 0, Sum: 4]
      [GC Worker Other (ms): Min: 0.0, Avg: 0.0, Max: 0.0, Diff: 0.0, Sum: 0.0]
      [GC Worker Total (ms): Min: 9.0, Avg: 9.0, Max: 9.1, Diff: 0.0, Sum: 36.2]
      [GC Worker End (ms): Min: 162875.5, Avg: 162875.5, Max: 162875.5, Diff: 0.0]
   [Code Root Fixup: 0.0 ms]
   [Code Root Purge: 0.0 ms]
   [Clear CT: 0.0 ms]
   [Other: 0.6 ms]
      [Choose CSet: 0.0 ms]
      [Ref Proc: 0.1 ms]
      [Ref Enq: 0.0 ms]
      [Redirty Cards: 0.0 ms]
      [Humongous Register: 0.0 ms]
      [Humongous Reclaim: 0.0 ms]
      [Free CSet: 0.1 ms]
   [Eden: 47.0M(47.0M)->0.0B(96.0M) Survivors: 7168.0K->7168.0K Heap: 910.0M(1096.0M)->872.0M(1096.0M)]
 [Times: user=0.06 sys=0.00, real=0.01 secs] 
2016-06-27T20:27:40.604+0300: 162.876: Total time for which application threads were stopped: 0.0150338 seconds, Stopping threads took: 0.0046897 seconds
2016-06-27T20:27:41.170+0300: 163.442: Total time for which application threads were stopped: 0.0047444 seconds, Stopping threads took: 0.0037039 seconds
2016-06-27T20:27:41.426+0300: 163.698: [GC pause (G1 Evacuation Pause) (young) (initial-mark)
Desired survivor size 6815744 bytes, new threshold 1 (max 15)
- age   1:    7216880 bytes,    7216880 total
, 0.0060449 secs]
   [Parallel Time: 5.2 ms, GC Workers: 4]
      [GC Worker Start (ms): Min: 163698.2, Avg: 163698.2, Max: 163698.2, Diff: 0.0]
      [Ext Root Scanning (ms): Min: 0.5, Avg: 0.5, Max: 0.7, Diff: 0.3, Sum: 2.2]
      [Update RS (ms): Min: 0.7, Avg: 0.8, Max: 1.0, Diff: 0.3, Sum: 3.1]
         [Processed Buffers: Min: 17, Avg: 19.8, Max: 22, Diff: 5, Sum: 79]
      [Scan RS (ms): Min: 0.0, Avg: 0.0, Max: 0.0, Diff: 0.0, Sum: 0.1]
      [Code Root Scanning (ms): Min: 0.0, Avg: 0.0, Max: 0.0, Diff: 0.0, Sum: 0.0]
      [Object Copy (ms): Min: 3.7, Avg: 3.8, Max: 3.9, Diff: 0.2, Sum: 15.2]
      [Termination (ms): Min: 0.0, Avg: 0.0, Max: 0.0, Diff: 0.0, Sum: 0.0]
         [Termination Attempts: Min: 1, Avg: 1.0, Max: 1, Diff: 0, Sum: 4]
      [GC Worker Other (ms): Min: 0.0, Avg: 0.0, Max: 0.0, Diff: 0.0, Sum: 0.1]
      [GC Worker Total (ms): Min: 5.2, Avg: 5.2, Max: 5.2, Diff: 0.0, Sum: 20.7]
      [GC Worker End (ms): Min: 163703.3, Avg: 163703.3, Max: 163703.3, Diff: 0.0]
   [Code Root Fixup: 0.0 ms]
   [Code Root Purge: 0.0 ms]
   [Clear CT: 0.0 ms]
   [Other: 0.8 ms]
      [Choose CSet: 0.0 ms]
      [Ref Proc: 0.1 ms]
      [Ref Enq: 0.0 ms]
      [Redirty Cards: 0.0 ms]
      [Humongous Register: 0.0 ms]
      [Humongous Reclaim: 0.0 ms]
      [Free CSet: 0.1 ms]
   [Eden: 96.0M(96.0M)->0.0B(81.0M) Survivors: 7168.0K->13.0M Heap: 968.0M(1096.0M)->889.5M(1096.0M)]
 [Times: user=0.06 sys=0.00, real=0.01 secs] 
2016-06-27T20:27:41.432+0300: 163.704: [GC concurrent-root-region-scan-start]
2016-06-27T20:27:41.432+0300: 163.704: Total time for which application threads were stopped: 0.0141370 seconds, Stopping threads took: 0.0075092 seconds
2016-06-27T20:27:41.433+0300: 163.705: [GC concurrent-root-region-scan-end, 0.0011363 secs]
2016-06-27T20:27:41.433+0300: 163.705: [GC concurrent-mark-start]
2016-06-27T20:27:41.504+0300: 163.775: [GC concurrent-mark-end, 0.0688429 secs]
2016-06-27T20:27:41.524+0300: 163.796: [GC remark 2016-06-27T20:27:41.524+0300: 163.796: [Finalize Marking, 0.0001475 secs] 2016-06-27T20:27:41.524+0300: 163.796: [GC ref-proc, 0.0000992 secs] 2016-06-27T20:27:41.524+0300: 163.796: [Unloading, 0.0016302 secs], 0.0055937 secs]
 [Times: user=0.00 sys=0.00, real=0.01 secs] 
2016-06-27T20:27:41.529+0300: 163.801: Total time for which application threads were stopped: 0.0077414 seconds, Stopping threads took: 0.0017658 seconds
2016-06-27T20:27:41.530+0300: 163.802: [GC cleanup 902M->902M(1096M), 0.0019321 secs]
 [Times: user=0.00 sys=0.00, real=0.00 secs] 
2016-06-27T20:27:41.532+0300: 163.804: Total time for which application threads were stopped: 0.0024060 seconds, Stopping threads took: 0.0000530 seconds
2016-06-27T20:27:42.118+0300: 164.390: [GC pause (G1 Evacuation Pause) (young)
Desired survivor size 6291456 bytes, new threshold 1 (max 15)
- age   1:   13433448 bytes,   13433448 total
, 0.0063421 secs]
   [Parallel Time: 5.8 ms, GC Workers: 4]
      [GC Worker Start (ms): Min: 164390.2, Avg: 164390.2, Max: 164390.2, Diff: 0.0]
      [Ext Root Scanning (ms): Min: 0.5, Avg: 0.5, Max: 0.6, Diff: 0.1, Sum: 2.2]
      [Update RS (ms): Min: 1.1, Avg: 1.1, Max: 1.2, Diff: 0.2, Sum: 4.5]
         [Processed Buffers: Min: 4, Avg: 13.8, Max: 28, Diff: 24, Sum: 55]
      [Scan RS (ms): Min: 0.0, Avg: 0.0, Max: 0.0, Diff: 0.0, Sum: 0.1]
      [Code Root Scanning (ms): Min: 0.0, Avg: 0.0, Max: 0.0, Diff: 0.0, Sum: 0.0]
      [Object Copy (ms): Min: 4.0, Avg: 4.0, Max: 4.1, Diff: 0.1, Sum: 16.1]
      [Termination (ms): Min: 0.0, Avg: 0.0, Max: 0.0, Diff: 0.0, Sum: 0.0]
         [Termination Attempts: Min: 1, Avg: 1.0, Max: 1, Diff: 0, Sum: 4]
      [GC Worker Other (ms): Min: 0.0, Avg: 0.0, Max: 0.0, Diff: 0.0, Sum: 0.1]
      [GC Worker Total (ms): Min: 5.7, Avg: 5.7, Max: 5.7, Diff: 0.0, Sum: 22.9]
      [GC Worker End (ms): Min: 164395.9, Avg: 164395.9, Max: 164395.9, Diff: 0.0]
   [Code Root Fixup: 0.0 ms]
   [Code Root Purge: 0.0 ms]
   [Clear CT: 0.0 ms]
   [Other: 0.5 ms]
      [Choose CSet: 0.0 ms]
      [Ref Proc: 0.0 ms]
      [Ref Enq: 0.0 ms]
      [Redirty Cards: 0.0 ms]
      [Humongous Register: 0.0 ms]
      [Humongous Reclaim: 0.0 ms]
      [Free CSet: 0.1 ms]
   [Eden: 81.0M(81.0M)->0.0B(42.0M) Survivors: 13.0M->12.0M Heap: 970.5M(1096.0M)->904.0M(1096.0M)]
 [Times: user=0.00 sys=0.00, real=0.01 secs] 
2016-06-27T20:27:42.124+0300: 164.397: Total time for which application threads were stopped: 0.0118353 seconds, Stopping threads took: 0.0046499 seconds
2016-06-27T20:27:42.482+0300: 164.754: [GC pause (G1 Evacuation Pause) (mixed)
Desired survivor size 3670016 bytes, new threshold 1 (max 15)
- age   1:   12368728 bytes,   12368728 total
, 0.0202127 secs]
   [Parallel Time: 19.0 ms, GC Workers: 4]
      [GC Worker Start (ms): Min: 164754.4, Avg: 164754.4, Max: 164754.4, Diff: 0.0]
      [Ext Root Scanning (ms): Min: 0.5, Avg: 0.5, Max: 0.7, Diff: 0.2, Sum: 2.1]
      [Update RS (ms): Min: 0.8, Avg: 1.0, Max: 1.2, Diff: 0.3, Sum: 4.1]
         [Processed Buffers: Min: 3, Avg: 7.8, Max: 11, Diff: 8, Sum: 31]
      [Scan RS (ms): Min: 3.1, Avg: 3.2, Max: 3.4, Diff: 0.2, Sum: 12.9]
      [Code Root Scanning (ms): Min: 0.0, Avg: 0.0, Max: 0.1, Diff: 0.1, Sum: 0.1]
      [Object Copy (ms): Min: 14.1, Avg: 14.1, Max: 14.2, Diff: 0.1, Sum: 56.5]
      [Termination (ms): Min: 0.0, Avg: 0.0, Max: 0.0, Diff: 0.0, Sum: 0.0]
         [Termination Attempts: Min: 1, Avg: 1.3, Max: 2, Diff: 1, Sum: 5]
      [GC Worker Other (ms): Min: 0.0, Avg: 0.0, Max: 0.0, Diff: 0.0, Sum: 0.1]
      [GC Worker Total (ms): Min: 18.9, Avg: 18.9, Max: 18.9, Diff: 0.0, Sum: 75.7]
      [GC Worker End (ms): Min: 164773.3, Avg: 164773.3, Max: 164773.3, Diff: 0.0]
   [Code Root Fixup: 0.0 ms]
   [Code Root Purge: 0.0 ms]
   [Clear CT: 0.2 ms]
   [Other: 1.0 ms]
      [Choose CSet: 0.2 ms]
      [Ref Proc: 0.0 ms]
      [Ref Enq: 0.0 ms]
      [Redirty Cards: 0.1 ms]
      [Humongous Register: 0.0 ms]
      [Humongous Reclaim: 0.0 ms]
      [Free CSet: 0.4 ms]
   [Eden: 42.0M(42.0M)->0.0B(47.0M) Survivors: 12.0M->7168.0K Heap: 946.0M(1096.0M)->872.5M(1096.0M)]
 [Times: user=0.06 sys=0.00, real=0.02 secs] 
2016-06-27T20:27:42.502+0300: 164.775: Total time for which application threads were stopped: 0.0219464 seconds, Stopping threads took: 0.0010593 seconds
2016-06-27T20:27:42.907+0300: 165.179: [GC pause (G1 Evacuation Pause) (young)
Desired survivor size 3670016 bytes, new threshold 1 (max 15)
- age   1:    6746152 bytes,    6746152 total
, 0.0128087 secs]
   [Parallel Time: 12.2 ms, GC Workers: 4]
      [GC Worker Start (ms): Min: 165179.2, Avg: 165179.3, Max: 165179.3, Diff: 0.0]
      [Ext Root Scanning (ms): Min: 0.4, Avg: 0.5, Max: 0.6, Diff: 0.2, Sum: 2.1]
      [Update RS (ms): Min: 9.4, Avg: 9.5, Max: 9.6, Diff: 0.2, Sum: 37.9]
         [Processed Buffers: Min: 11, Avg: 16.8, Max: 22, Diff: 11, Sum: 67]
      [Scan RS (ms): Min: 0.0, Avg: 0.0, Max: 0.0, Diff: 0.0, Sum: 0.0]
      [Code Root Scanning (ms): Min: 0.0, Avg: 0.0, Max: 0.0, Diff: 0.0, Sum: 0.0]
      [Object Copy (ms): Min: 2.0, Avg: 2.2, Max: 2.2, Diff: 0.2, Sum: 8.7]
      [Termination (ms): Min: 0.0, Avg: 0.0, Max: 0.0, Diff: 0.0, Sum: 0.0]
         [Termination Attempts: Min: 1, Avg: 1.0, Max: 1, Diff: 0, Sum: 4]
      [GC Worker Other (ms): Min: 0.0, Avg: 0.0, Max: 0.0, Diff: 0.0, Sum: 0.1]
      [GC Worker Total (ms): Min: 12.2, Avg: 12.2, Max: 12.2, Diff: 0.1, Sum: 48.8]
      [GC Worker End (ms): Min: 165191.5, Avg: 165191.5, Max: 165191.5, Diff: 0.0]
   [Code Root Fixup: 0.0 ms]
   [Code Root Purge: 0.0 ms]
   [Clear CT: 0.0 ms]
   [Other: 0.5 ms]
      [Choose CSet: 0.0 ms]
      [Ref Proc: 0.0 ms]
      [Ref Enq: 0.0 ms]
      [Redirty Cards: 0.0 ms]
      [Humongous Register: 0.0 ms]
      [Humongous Reclaim: 0.0 ms]
      [Free CSet: 0.1 ms]
   [Eden: 47.0M(47.0M)->0.0B(88.0M) Survivors: 7168.0K->7168.0K Heap: 919.5M(1096.0M)->881.0M(1096.0M)]
 [Times: user=0.06 sys=0.00, real=0.01 secs] 
2016-06-27T20:27:42.920+0300: 165.192: Total time for which application threads were stopped: 0.0146018 seconds, Stopping threads took: 0.0011688 seconds
2016-06-27T20:27:43.632+0300: 165.904: [GC pause (G1 Evacuation Pause) (young) (initial-mark)
Desired survivor size 6291456 bytes, new threshold 1 (max 15)
- age   1:    7188232 bytes,    7188232 total
, 0.0088554 secs]
   [Parallel Time: 5.3 ms, GC Workers: 4]
      [GC Worker Start (ms): Min: 165904.5, Avg: 165904.5, Max: 165904.5, Diff: 0.0]
      [Ext Root Scanning (ms): Min: 0.5, Avg: 0.6, Max: 0.8, Diff: 0.2, Sum: 2.4]
      [Update RS (ms): Min: 0.9, Avg: 1.1, Max: 1.2, Diff: 0.2, Sum: 4.3]
         [Processed Buffers: Min: 13, Avg: 17.3, Max: 25, Diff: 12, Sum: 69]
      [Scan RS (ms): Min: 0.0, Avg: 0.0, Max: 0.0, Diff: 0.0, Sum: 0.1]
      [Code Root Scanning (ms): Min: 0.0, Avg: 0.0, Max: 0.0, Diff: 0.0, Sum: 0.0]
      [Object Copy (ms): Min: 3.5, Avg: 3.5, Max: 3.5, Diff: 0.1, Sum: 14.0]
      [Termination (ms): Min: 0.0, Avg: 0.0, Max: 0.0, Diff: 0.0, Sum: 0.0]
         [Termination Attempts: Min: 1, Avg: 1.0, Max: 1, Diff: 0, Sum: 4]
      [GC Worker Other (ms): Min: 0.0, Avg: 0.0, Max: 0.0, Diff: 0.0, Sum: 0.1]
      [GC Worker Total (ms): Min: 5.2, Avg: 5.2, Max: 5.2, Diff: 0.0, Sum: 20.9]
      [GC Worker End (ms): Min: 165909.7, Avg: 165909.7, Max: 165909.7, Diff: 0.0]
   [Code Root Fixup: 0.0 ms]
   [Code Root Purge: 0.0 ms]
   [Clear CT: 0.0 ms]
   [Other: 3.5 ms]
      [Choose CSet: 0.0 ms]
      [Ref Proc: 0.1 ms]
      [Ref Enq: 0.0 ms]
      [Redirty Cards: 0.1 ms]
      [Humongous Register: 0.0 ms]
      [Humongous Reclaim: 0.0 ms]
      [Free CSet: 0.2 ms]
   [Eden: 88.0M(88.0M)->0.0B(74.0M) Survivors: 7168.0K->12.0M Heap: 969.0M(1096.0M)->897.0M(1096.0M)]
 [Times: user=0.00 sys=0.00, real=0.01 secs] 
2016-06-27T20:27:43.641+0300: 165.913: [GC concurrent-root-region-scan-start]
2016-06-27T20:27:43.641+0300: 165.913: Total time for which application threads were stopped: 0.0138278 seconds, Stopping threads took: 0.0042509 seconds
2016-06-27T20:27:43.643+0300: 165.914: [GC concurrent-root-region-scan-end, 0.0012727 secs]
2016-06-27T20:27:43.643+0300: 165.915: [GC concurrent-mark-start]
2016-06-27T20:27:43.716+0300: 165.987: [GC concurrent-mark-end, 0.0688254 secs]
2016-06-27T20:27:43.743+0300: 166.015: [GC remark 2016-06-27T20:27:43.743+0300: 166.015: [Finalize Marking, 0.0002181 secs] 2016-06-27T20:27:43.744+0300: 166.016: [GC ref-proc, 0.0000932 secs] 2016-06-27T20:27:43.744+0300: 166.016: [Unloading, 0.0016127 secs], 0.0056232 secs]
 [Times: user=0.00 sys=0.00, real=0.01 secs] 
2016-06-27T20:27:43.749+0300: 166.021: Total time for which application threads were stopped: 0.0069216 seconds, Stopping threads took: 0.0007980 seconds
2016-06-27T20:27:43.975+0300: 166.247: [GC cleanup 937M->937M(1096M), 0.0019360 secs]
 [Times: user=0.00 sys=0.00, real=0.00 secs] 
2016-06-27T20:27:43.977+0300: 166.249: Total time for which application threads were stopped: 0.0035397 seconds, Stopping threads took: 0.0010649 seconds
2016-06-27T20:27:44.215+0300: 166.488: [GC pause (G1 Evacuation Pause) (young)
Desired survivor size 5767168 bytes, new threshold 1 (max 15)
- age   1:   12411168 bytes,   12411168 total
, 0.0065016 secs]
   [Parallel Time: 5.9 ms, GC Workers: 4]
      [GC Worker Start (ms): Min: 166487.9, Avg: 166487.9, Max: 166487.9, Diff: 0.0]
      [Ext Root Scanning (ms): Min: 0.5, Avg: 0.6, Max: 0.6, Diff: 0.1, Sum: 2.3]
      [Update RS (ms): Min: 1.3, Avg: 1.3, Max: 1.4, Diff: 0.1, Sum: 5.4]
         [Processed Buffers: Min: 8, Avg: 14.3, Max: 26, Diff: 18, Sum: 57]
      [Scan RS (ms): Min: 0.0, Avg: 0.0, Max: 0.0, Diff: 0.0, Sum: 0.1]
      [Code Root Scanning (ms): Min: 0.0, Avg: 0.0, Max: 0.0, Diff: 0.0, Sum: 0.0]
      [Object Copy (ms): Min: 3.9, Avg: 3.9, Max: 4.0, Diff: 0.1, Sum: 15.7]
      [Termination (ms): Min: 0.0, Avg: 0.0, Max: 0.0, Diff: 0.0, Sum: 0.0]
         [Termination Attempts: Min: 1, Avg: 1.0, Max: 1, Diff: 0, Sum: 4]
      [GC Worker Other (ms): Min: 0.0, Avg: 0.0, Max: 0.0, Diff: 0.0, Sum: 0.1]
      [GC Worker Total (ms): Min: 5.9, Avg: 5.9, Max: 5.9, Diff: 0.0, Sum: 23.5]
      [GC Worker End (ms): Min: 166493.8, Avg: 166493.8, Max: 166493.8, Diff: 0.0]
   [Code Root Fixup: 0.0 ms]
   [Code Root Purge: 0.0 ms]
   [Clear CT: 0.0 ms]
   [Other: 0.5 ms]
      [Choose CSet: 0.0 ms]
      [Ref Proc: 0.0 ms]
      [Ref Enq: 0.0 ms]
      [Redirty Cards: 0.0 ms]
      [Humongous Register: 0.0 ms]
      [Humongous Reclaim: 0.0 ms]
      [Free CSet: 0.1 ms]
   [Eden: 74.0M(74.0M)->0.0B(43.0M) Survivors: 12.0M->11.0M Heap: 971.0M(1096.0M)->910.5M(1096.0M)]
 [Times: user=0.00 sys=0.00, real=0.01 secs] 
2016-06-27T20:27:44.222+0300: 166.495: Total time for which application threads were stopped: 0.0103411 seconds, Stopping threads took: 0.0030603 seconds
2016-06-27T20:27:44.589+0300: 166.861: [GC pause (G1 Evacuation Pause) (mixed)
Desired survivor size 3670016 bytes, new threshold 1 (max 15)
- age   1:   11352656 bytes,   11352656 total
, 0.0207990 secs]
   [Parallel Time: 19.5 ms, GC Workers: 4]
      [GC Worker Start (ms): Min: 166861.4, Avg: 166861.4, Max: 166861.4, Diff: 0.0]
      [Ext Root Scanning (ms): Min: 0.5, Avg: 0.6, Max: 0.6, Diff: 0.1, Sum: 2.3]
      [Update RS (ms): Min: 1.5, Avg: 1.6, Max: 1.6, Diff: 0.1, Sum: 6.2]
         [Processed Buffers: Min: 6, Avg: 12.5, Max: 32, Diff: 26, Sum: 50]
      [Scan RS (ms): Min: 3.2, Avg: 3.3, Max: 3.3, Diff: 0.1, Sum: 13.1]
      [Code Root Scanning (ms): Min: 0.0, Avg: 0.0, Max: 0.1, Diff: 0.1, Sum: 0.1]
      [Object Copy (ms): Min: 14.0, Avg: 14.0, Max: 14.1, Diff: 0.1, Sum: 56.1]
      [Termination (ms): Min: 0.0, Avg: 0.0, Max: 0.0, Diff: 0.0, Sum: 0.0]
         [Termination Attempts: Min: 1, Avg: 5.3, Max: 9, Diff: 8, Sum: 21]
      [GC Worker Other (ms): Min: 0.0, Avg: 0.0, Max: 0.0, Diff: 0.0, Sum: 0.0]
      [GC Worker Total (ms): Min: 19.5, Avg: 19.5, Max: 19.5, Diff: 0.0, Sum: 77.9]
      [GC Worker End (ms): Min: 166880.9, Avg: 166880.9, Max: 166880.9, Diff: 0.0]
   [Code Root Fixup: 0.0 ms]
   [Code Root Purge: 0.0 ms]
   [Clear CT: 0.2 ms]
   [Other: 1.1 ms]
      [Choose CSet: 0.2 ms]
      [Ref Proc: 0.1 ms]
      [Ref Enq: 0.0 ms]
      [Redirty Cards: 0.1 ms]
      [Humongous Register: 0.0 ms]
      [Humongous Reclaim: 0.0 ms]
      [Free CSet: 0.5 ms]
   [Eden: 43.0M(43.0M)->0.0B(47.0M) Survivors: 11.0M->7168.0K Heap: 953.5M(1096.0M)->876.5M(1096.0M)]
 [Times: user=0.06 sys=0.00, real=0.02 secs] 
2016-06-27T20:27:44.610+0300: 166.882: Total time for which application threads were stopped: 0.0248005 seconds, Stopping threads took: 0.0032489 seconds
2016-06-27T20:27:45.025+0300: 167.297: [GC pause (G1 Evacuation Pause) (mixed)
Desired survivor size 3670016 bytes, new threshold 1 (max 15)
- age   1:    7111888 bytes,    7111888 total
, 0.0186564 secs]
   [Parallel Time: 17.7 ms, GC Workers: 4]
      [GC Worker Start (ms): Min: 167296.8, Avg: 167296.8, Max: 167296.9, Diff: 0.0]
      [Ext Root Scanning (ms): Min: 0.5, Avg: 0.6, Max: 0.6, Diff: 0.1, Sum: 2.3]
      [Update RS (ms): Min: 9.7, Avg: 9.7, Max: 9.9, Diff: 0.3, Sum: 38.9]
         [Processed Buffers: Min: 13, Avg: 20.3, Max: 32, Diff: 19, Sum: 81]
      [Scan RS (ms): Min: 1.5, Avg: 1.7, Max: 1.8, Diff: 0.3, Sum: 6.8]
      [Code Root Scanning (ms): Min: 0.0, Avg: 0.0, Max: 0.0, Diff: 0.0, Sum: 0.0]
      [Object Copy (ms): Min: 5.6, Avg: 5.6, Max: 5.7, Diff: 0.0, Sum: 22.5]
      [Termination (ms): Min: 0.0, Avg: 0.0, Max: 0.0, Diff: 0.0, Sum: 0.0]
         [Termination Attempts: Min: 1, Avg: 1.5, Max: 3, Diff: 2, Sum: 6]
      [GC Worker Other (ms): Min: 0.0, Avg: 0.0, Max: 0.0, Diff: 0.0, Sum: 0.0]
      [GC Worker Total (ms): Min: 17.6, Avg: 17.7, Max: 17.7, Diff: 0.0, Sum: 70.6]
      [GC Worker End (ms): Min: 167314.5, Avg: 167314.5, Max: 167314.5, Diff: 0.0]
   [Code Root Fixup: 0.0 ms]
   [Code Root Purge: 0.0 ms]
   [Clear CT: 0.2 ms]
   [Other: 0.7 ms]
      [Choose CSet: 0.1 ms]
      [Ref Proc: 0.1 ms]
      [Ref Enq: 0.0 ms]
      [Redirty Cards: 0.1 ms]
      [Humongous Register: 0.0 ms]
      [Humongous Reclaim: 0.0 ms]
      [Free CSet: 0.2 ms]
   [Eden: 47.0M(47.0M)->0.0B(47.0M) Survivors: 7168.0K->7168.0K Heap: 923.5M(1096.0M)->875.5M(1096.0M)]
 [Times: user=0.06 sys=0.00, real=0.02 secs] 
2016-06-27T20:27:45.044+0300: 167.316: Total time for which application threads were stopped: 0.0226704 seconds, Stopping threads took: 0.0032147 seconds
2016-06-27T20:27:45.173+0300: 167.445: Total time for which application threads were stopped: 0.0066633 seconds, Stopping threads took: 0.0052499 seconds
2016-06-27T20:27:45.424+0300: 167.696: [GC pause (G1 Evacuation Pause) (young)
Desired survivor size 3670016 bytes, new threshold 1 (max 15)
- age   1:    7191016 bytes,    7191016 total
, 0.0093558 secs]
   [Parallel Time: 8.7 ms, GC Workers: 4]
      [GC Worker Start (ms): Min: 167696.0, Avg: 167696.0, Max: 167696.1, Diff: 0.0]
      [Ext Root Scanning (ms): Min: 0.6, Avg: 0.6, Max: 0.7, Diff: 0.1, Sum: 2.5]
      [Update RS (ms): Min: 5.6, Avg: 5.8, Max: 5.9, Diff: 0.3, Sum: 23.0]
         [Processed Buffers: Min: 11, Avg: 14.3, Max: 22, Diff: 11, Sum: 57]
      [Scan RS (ms): Min: 0.0, Avg: 0.0, Max: 0.0, Diff: 0.0, Sum: 0.0]
      [Code Root Scanning (ms): Min: 0.0, Avg: 0.0, Max: 0.0, Diff: 0.0, Sum: 0.0]
      [Object Copy (ms): Min: 2.1, Avg: 2.2, Max: 2.3, Diff: 0.2, Sum: 8.9]
      [Termination (ms): Min: 0.0, Avg: 0.0, Max: 0.0, Diff: 0.0, Sum: 0.0]
         [Termination Attempts: Min: 1, Avg: 1.0, Max: 1, Diff: 0, Sum: 4]
      [GC Worker Other (ms): Min: 0.0, Avg: 0.0, Max: 0.0, Diff: 0.0, Sum: 0.1]
      [GC Worker Total (ms): Min: 8.6, Avg: 8.6, Max: 8.6, Diff: 0.0, Sum: 34.5]
      [GC Worker End (ms): Min: 167704.7, Avg: 167704.7, Max: 167704.7, Diff: 0.0]
   [Code Root Fixup: 0.0 ms]
   [Code Root Purge: 0.0 ms]
   [Clear CT: 0.0 ms]
   [Other: 0.6 ms]
      [Choose CSet: 0.0 ms]
      [Ref Proc: 0.1 ms]
      [Ref Enq: 0.0 ms]
      [Redirty Cards: 0.0 ms]
      [Humongous Register: 0.0 ms]
      [Humongous Reclaim: 0.0 ms]
      [Free CSet: 0.1 ms]
   [Eden: 47.0M(47.0M)->0.0B(86.0M) Survivors: 7168.0K->7168.0K Heap: 922.5M(1096.0M)->884.0M(1096.0M)]
 [Times: user=0.06 sys=0.00, real=0.01 secs] 
2016-06-27T20:27:45.433+0300: 167.705: Total time for which application threads were stopped: 0.0138432 seconds, Stopping threads took: 0.0037415 seconds
2016-06-27T20:27:46.163+0300: 168.435: [GC pause (G1 Evacuation Pause) (young) (initial-mark)
Desired survivor size 6291456 bytes, new threshold 1 (max 15)
- age   1:    7217808 bytes,    7217808 total
, 0.0059187 secs]
   [Parallel Time: 5.1 ms, GC Workers: 4]
      [GC Worker Start (ms): Min: 168435.7, Avg: 168435.7, Max: 168435.7, Diff: 0.0]
      [Ext Root Scanning (ms): Min: 0.6, Avg: 0.6, Max: 0.7, Diff: 0.1, Sum: 2.5]
      [Update RS (ms): Min: 0.8, Avg: 0.9, Max: 1.0, Diff: 0.1, Sum: 3.5]
         [Processed Buffers: Min: 5, Avg: 17.8, Max: 30, Diff: 25, Sum: 71]
      [Scan RS (ms): Min: 0.0, Avg: 0.0, Max: 0.0, Diff: 0.0, Sum: 0.1]
      [Code Root Scanning (ms): Min: 0.0, Avg: 0.0, Max: 0.0, Diff: 0.0, Sum: 0.0]
      [Object Copy (ms): Min: 3.4, Avg: 3.5, Max: 3.6, Diff: 0.2, Sum: 14.2]
      [Termination (ms): Min: 0.0, Avg: 0.0, Max: 0.0, Diff: 0.0, Sum: 0.0]
         [Termination Attempts: Min: 1, Avg: 1.0, Max: 1, Diff: 0, Sum: 4]
      [GC Worker Other (ms): Min: 0.0, Avg: 0.0, Max: 0.0, Diff: 0.0, Sum: 0.1]
      [GC Worker Total (ms): Min: 5.1, Avg: 5.1, Max: 5.1, Diff: 0.0, Sum: 20.3]
      [GC Worker End (ms): Min: 168440.7, Avg: 168440.7, Max: 168440.7, Diff: 0.0]
   [Code Root Fixup: 0.0 ms]
   [Code Root Purge: 0.0 ms]
   [Clear CT: 0.1 ms]
   [Other: 0.7 ms]
      [Choose CSet: 0.0 ms]
      [Ref Proc: 0.1 ms]
      [Ref Enq: 0.0 ms]
      [Redirty Cards: 0.0 ms]
      [Humongous Register: 0.0 ms]
      [Humongous Reclaim: 0.0 ms]
      [Free CSet: 0.1 ms]
   [Eden: 86.0M(86.0M)->0.0B(72.0M) Survivors: 7168.0K->12.0M Heap: 970.0M(1096.0M)->899.5M(1096.0M)]
 [Times: user=0.00 sys=0.00, real=0.01 secs] 
2016-06-27T20:27:46.169+0300: 168.442: [GC concurrent-root-region-scan-start]
2016-06-27T20:27:46.169+0300: 168.442: Total time for which application threads were stopped: 0.0134266 seconds, Stopping threads took: 0.0067317 seconds
2016-06-27T20:27:46.170+0300: 168.443: [GC concurrent-root-region-scan-end, 0.0011234 secs]
2016-06-27T20:27:46.170+0300: 168.443: [GC concurrent-mark-start]
2016-06-27T20:27:46.186+0300: 168.458: Total time for which application threads were stopped: 0.0010011 seconds, Stopping threads took: 0.0000774 seconds
2016-06-27T20:27:46.235+0300: 168.507: [GC concurrent-mark-end, 0.0639788 secs]
2016-06-27T20:27:46.249+0300: 168.521: [GC remark 2016-06-27T20:27:46.249+0300: 168.521: [Finalize Marking, 0.0001805 secs] 2016-06-27T20:27:46.249+0300: 168.522: [GC ref-proc, 0.0000919 secs] 2016-06-27T20:27:46.250+0300: 168.522: [Unloading, 0.0014562 secs], 0.0053842 secs]
 [Times: user=0.06 sys=0.00, real=0.01 secs] 
2016-06-27T20:27:46.255+0300: 168.527: Total time for which application threads were stopped: 0.0090889 seconds, Stopping threads took: 0.0032728 seconds
2016-06-27T20:27:46.262+0300: 168.534: [GC cleanup 916M->916M(1096M), 0.0020053 secs]
 [Times: user=0.00 sys=0.00, real=0.00 secs] 
2016-06-27T20:27:46.264+0300: 168.536: Total time for which application threads were stopped: 0.0032194 seconds, Stopping threads took: 0.0008190 seconds
2016-06-27T20:27:46.746+0300: 169.018: [GC pause (G1 Evacuation Pause) (young)
Desired survivor size 5767168 bytes, new threshold 1 (max 15)
- age   1:   12374376 bytes,   12374376 total
, 0.0057853 secs]
   [Parallel Time: 5.2 ms, GC Workers: 4]
      [GC Worker Start (ms): Min: 169017.9, Avg: 169017.9, Max: 169017.9, Diff: 0.0]
      [Ext Root Scanning (ms): Min: 0.5, Avg: 0.5, Max: 0.7, Diff: 0.2, Sum: 2.1]
      [Update RS (ms): Min: 0.8, Avg: 0.9, Max: 1.0, Diff: 0.2, Sum: 3.7]
         [Processed Buffers: Min: 4, Avg: 8.3, Max: 15, Diff: 11, Sum: 33]
      [Scan RS (ms): Min: 0.0, Avg: 0.0, Max: 0.0, Diff: 0.0, Sum: 0.0]
      [Code Root Scanning (ms): Min: 0.0, Avg: 0.0, Max: 0.0, Diff: 0.0, Sum: 0.0]
      [Object Copy (ms): Min: 3.6, Avg: 3.7, Max: 3.7, Diff: 0.1, Sum: 14.6]
      [Termination (ms): Min: 0.0, Avg: 0.0, Max: 0.0, Diff: 0.0, Sum: 0.0]
         [Termination Attempts: Min: 1, Avg: 1.0, Max: 1, Diff: 0, Sum: 4]
      [GC Worker Other (ms): Min: 0.0, Avg: 0.0, Max: 0.0, Diff: 0.0, Sum: 0.1]
      [GC Worker Total (ms): Min: 5.1, Avg: 5.1, Max: 5.2, Diff: 0.0, Sum: 20.6]
      [GC Worker End (ms): Min: 169023.1, Avg: 169023.1, Max: 169023.1, Diff: 0.0]
   [Code Root Fixup: 0.0 ms]
   [Code Root Purge: 0.0 ms]
   [Clear CT: 0.0 ms]
   [Other: 0.5 ms]
      [Choose CSet: 0.0 ms]
      [Ref Proc: 0.1 ms]
      [Ref Enq: 0.0 ms]
      [Redirty Cards: 0.0 ms]
      [Humongous Register: 0.0 ms]
      [Humongous Reclaim: 0.0 ms]
      [Free CSet: 0.1 ms]
   [Eden: 72.0M(72.0M)->0.0B(43.0M) Survivors: 12.0M->11.0M Heap: 971.5M(1096.0M)->912.5M(1096.0M)]
 [Times: user=0.00 sys=0.00, real=0.01 secs] 
2016-06-27T20:27:46.752+0300: 169.024: Total time for which application threads were stopped: 0.0123866 seconds, Stopping threads took: 0.0059812 seconds
2016-06-27T20:27:47.122+0300: 169.394: [GC pause (G1 Evacuation Pause) (mixed)
Desired survivor size 3670016 bytes, new threshold 1 (max 15)
- age   1:   11328200 bytes,   11328200 total
, 0.0197345 secs]
   [Parallel Time: 18.5 ms, GC Workers: 4]
      [GC Worker Start (ms): Min: 169394.0, Avg: 169394.0, Max: 169394.0, Diff: 0.0]
      [Ext Root Scanning (ms): Min: 0.5, Avg: 0.5, Max: 0.6, Diff: 0.1, Sum: 2.1]
      [Update RS (ms): Min: 1.1, Avg: 1.2, Max: 1.3, Diff: 0.1, Sum: 4.8]
         [Processed Buffers: Min: 4, Avg: 6.3, Max: 7, Diff: 3, Sum: 25]
      [Scan RS (ms): Min: 2.7, Avg: 2.8, Max: 2.9, Diff: 0.2, Sum: 11.0]
      [Code Root Scanning (ms): Min: 0.0, Avg: 0.0, Max: 0.0, Diff: 0.0, Sum: 0.1]
      [Object Copy (ms): Min: 13.9, Avg: 13.9, Max: 13.9, Diff: 0.1, Sum: 55.7]
      [Termination (ms): Min: 0.0, Avg: 0.0, Max: 0.0, Diff: 0.0, Sum: 0.0]
         [Termination Attempts: Min: 1, Avg: 2.3, Max: 4, Diff: 3, Sum: 9]
      [GC Worker Other (ms): Min: 0.0, Avg: 0.0, Max: 0.0, Diff: 0.0, Sum: 0.1]
      [GC Worker Total (ms): Min: 18.4, Avg: 18.5, Max: 18.5, Diff: 0.0, Sum: 73.8]
      [GC Worker End (ms): Min: 169412.5, Avg: 169412.5, Max: 169412.5, Diff: 0.0]
   [Code Root Fixup: 0.0 ms]
   [Code Root Purge: 0.0 ms]
   [Clear CT: 0.2 ms]
   [Other: 1.0 ms]
      [Choose CSet: 0.1 ms]
      [Ref Proc: 0.0 ms]
      [Ref Enq: 0.0 ms]
      [Redirty Cards: 0.0 ms]
      [Humongous Register: 0.0 ms]
      [Humongous Reclaim: 0.0 ms]
      [Free CSet: 0.4 ms]
   [Eden: 43.0M(43.0M)->0.0B(47.0M) Survivors: 11.0M->7168.0K Heap: 955.5M(1096.0M)->878.5M(1096.0M)]
 [Times: user=0.06 sys=0.00, real=0.02 secs] 
2016-06-27T20:27:47.142+0300: 169.414: Total time for which application threads were stopped: 0.0248574 seconds, Stopping threads took: 0.0044840 seconds
2016-06-27T20:27:47.512+0300: 169.784: [GC pause (G1 Evacuation Pause) (mixed)
Desired survivor size 3670016 bytes, new threshold 1 (max 15)
- age   1:    7152096 bytes,    7152096 total
, 0.0282085 secs]
   [Parallel Time: 26.8 ms, GC Workers: 4]
      [GC Worker Start (ms): Min: 169784.3, Avg: 169784.3, Max: 169784.4, Diff: 0.0]
      [Ext Root Scanning (ms): Min: 0.6, Avg: 0.6, Max: 0.6, Diff: 0.1, Sum: 2.3]
      [Update RS (ms): Min: 7.8, Avg: 7.9, Max: 8.0, Diff: 0.2, Sum: 31.4]
         [Processed Buffers: Min: 11, Avg: 14.8, Max: 19, Diff: 8, Sum: 59]
      [Scan RS (ms): Min: 3.9, Avg: 3.9, Max: 4.0, Diff: 0.2, Sum: 15.7]
      [Code Root Scanning (ms): Min: 0.0, Avg: 0.1, Max: 0.1, Diff: 0.1, Sum: 0.2]
      [Object Copy (ms): Min: 14.3, Avg: 14.3, Max: 14.4, Diff: 0.1, Sum: 57.4]
      [Termination (ms): Min: 0.0, Avg: 0.0, Max: 0.0, Diff: 0.0, Sum: 0.0]
         [Termination Attempts: Min: 1, Avg: 8.3, Max: 19, Diff: 18, Sum: 33]
      [GC Worker Other (ms): Min: 0.0, Avg: 0.0, Max: 0.0, Diff: 0.0, Sum: 0.1]
      [GC Worker Total (ms): Min: 26.8, Avg: 26.8, Max: 26.8, Diff: 0.0, Sum: 107.1]
      [GC Worker End (ms): Min: 169811.1, Avg: 169811.1, Max: 169811.1, Diff: 0.0]
   [Code Root Fixup: 0.1 ms]
   [Code Root Purge: 0.0 ms]
   [Clear CT: 0.2 ms]
   [Other: 1.1 ms]
      [Choose CSet: 0.2 ms]
      [Ref Proc: 0.1 ms]
      [Ref Enq: 0.0 ms]
      [Redirty Cards: 0.1 ms]
      [Humongous Register: 0.0 ms]
      [Humongous Reclaim: 0.0 ms]
      [Free CSet: 0.5 ms]
   [Eden: 47.0M(47.0M)->0.0B(47.0M) Survivors: 7168.0K->7168.0K Heap: 925.5M(1096.0M)->853.0M(1096.0M)]
 [Times: user=0.13 sys=0.00, real=0.03 secs] 
2016-06-27T20:27:47.540+0300: 169.812: Total time for which application threads were stopped: 0.0337432 seconds, Stopping threads took: 0.0048684 seconds
2016-06-27T20:27:47.954+0300: 170.226: [GC pause (G1 Evacuation Pause) (young)
Desired survivor size 3670016 bytes, new threshold 1 (max 15)
- age   1:    7165056 bytes,    7165056 total
, 0.0138299 secs]
   [Parallel Time: 13.2 ms, GC Workers: 4]
      [GC Worker Start (ms): Min: 170225.9, Avg: 170225.9, Max: 170225.9, Diff: 0.0]
      [Ext Root Scanning (ms): Min: 0.5, Avg: 0.6, Max: 0.6, Diff: 0.1, Sum: 2.2]
      [Update RS (ms): Min: 10.2, Avg: 10.4, Max: 10.9, Diff: 0.7, Sum: 41.7]
         [Processed Buffers: Min: 12, Avg: 19.5, Max: 36, Diff: 24, Sum: 78]
      [Scan RS (ms): Min: 0.0, Avg: 0.0, Max: 0.0, Diff: 0.0, Sum: 0.0]
      [Code Root Scanning (ms): Min: 0.0, Avg: 0.0, Max: 0.0, Diff: 0.0, Sum: 0.0]
      [Object Copy (ms): Min: 1.6, Avg: 2.1, Max: 2.4, Diff: 0.8, Sum: 8.4]
      [Termination (ms): Min: 0.0, Avg: 0.0, Max: 0.0, Diff: 0.0, Sum: 0.0]
         [Termination Attempts: Min: 1, Avg: 1.0, Max: 1, Diff: 0, Sum: 4]
      [GC Worker Other (ms): Min: 0.0, Avg: 0.0, Max: 0.0, Diff: 0.0, Sum: 0.1]
      [GC Worker Total (ms): Min: 13.1, Avg: 13.1, Max: 13.1, Diff: 0.0, Sum: 52.5]
      [GC Worker End (ms): Min: 170239.1, Avg: 170239.1, Max: 170239.1, Diff: 0.0]
   [Code Root Fixup: 0.0 ms]
   [Code Root Purge: 0.0 ms]
   [Clear CT: 0.1 ms]
   [Other: 0.6 ms]
      [Choose CSet: 0.0 ms]
      [Ref Proc: 0.0 ms]
      [Ref Enq: 0.0 ms]
      [Redirty Cards: 0.0 ms]
      [Humongous Register: 0.0 ms]
      [Humongous Reclaim: 0.0 ms]
      [Free CSet: 0.1 ms]
   [Eden: 47.0M(47.0M)->0.0B(47.0M) Survivors: 7168.0K->7168.0K Heap: 900.0M(1096.0M)->862.0M(1096.0M)]
 [Times: user=0.06 sys=0.00, real=0.01 secs] 
2016-06-27T20:27:47.968+0300: 170.240: Total time for which application threads were stopped: 0.0229599 seconds, Stopping threads took: 0.0084286 seconds
2016-06-27T20:27:48.379+0300: 170.652: [GC pause (G1 Evacuation Pause) (young) (initial-mark)
Desired survivor size 3670016 bytes, new threshold 1 (max 15)
- age   1:    7228784 bytes,    7228784 total
, 0.0043458 secs]
   [Parallel Time: 3.6 ms, GC Workers: 4]
      [GC Worker Start (ms): Min: 170651.9, Avg: 170652.0, Max: 170652.0, Diff: 0.0]
      [Ext Root Scanning (ms): Min: 0.5, Avg: 0.6, Max: 0.7, Diff: 0.2, Sum: 2.3]
      [Update RS (ms): Min: 0.5, Avg: 0.6, Max: 0.7, Diff: 0.2, Sum: 2.5]
         [Processed Buffers: Min: 3, Avg: 11.8, Max: 20, Diff: 17, Sum: 47]
      [Scan RS (ms): Min: 0.0, Avg: 0.0, Max: 0.0, Diff: 0.0, Sum: 0.0]
      [Code Root Scanning (ms): Min: 0.0, Avg: 0.0, Max: 0.0, Diff: 0.0, Sum: 0.0]
      [Object Copy (ms): Min: 2.2, Avg: 2.3, Max: 2.4, Diff: 0.1, Sum: 9.2]
      [Termination (ms): Min: 0.0, Avg: 0.0, Max: 0.0, Diff: 0.0, Sum: 0.0]
         [Termination Attempts: Min: 1, Avg: 1.0, Max: 1, Diff: 0, Sum: 4]
      [GC Worker Other (ms): Min: 0.0, Avg: 0.0, Max: 0.0, Diff: 0.0, Sum: 0.1]
      [GC Worker Total (ms): Min: 3.5, Avg: 3.5, Max: 3.5, Diff: 0.0, Sum: 14.1]
      [GC Worker End (ms): Min: 170655.5, Avg: 170655.5, Max: 170655.5, Diff: 0.0]
   [Code Root Fixup: 0.0 ms]
   [Code Root Purge: 0.0 ms]
   [Clear CT: 0.0 ms]
   [Other: 0.7 ms]
      [Choose CSet: 0.0 ms]
      [Ref Proc: 0.1 ms]
      [Ref Enq: 0.0 ms]
      [Redirty Cards: 0.0 ms]
      [Humongous Register: 0.0 ms]
      [Humongous Reclaim: 0.0 ms]
      [Free CSet: 0.1 ms]
   [Eden: 47.0M(47.0M)->0.0B(47.0M) Survivors: 7168.0K->7168.0K Heap: 909.0M(1096.0M)->871.0M(1096.0M)]
 [Times: user=0.00 sys=0.00, real=0.01 secs] 
2016-06-27T20:27:48.384+0300: 170.656: [GC concurrent-root-region-scan-start]
2016-06-27T20:27:48.384+0300: 170.656: Total time for which application threads were stopped: 0.0122138 seconds, Stopping threads took: 0.0071320 seconds
2016-06-27T20:27:48.385+0300: 170.657: [GC concurrent-root-region-scan-end, 0.0006411 secs]
2016-06-27T20:27:48.385+0300: 170.657: [GC concurrent-mark-start]
2016-06-27T20:27:48.454+0300: 170.726: [GC concurrent-mark-end, 0.0696196 secs]
2016-06-27T20:27:48.477+0300: 170.748: [GC remark 2016-06-27T20:27:48.477+0300: 170.748: [Finalize Marking, 0.0002190 secs] 2016-06-27T20:27:48.477+0300: 170.749: [GC ref-proc, 0.0000954 secs] 2016-06-27T20:27:48.477+0300: 170.749: [Unloading, 0.0017435 secs], 0.0056998 secs]
 [Times: user=0.00 sys=0.00, real=0.01 secs] 
2016-06-27T20:27:48.482+0300: 170.754: Total time for which application threads were stopped: 0.0087951 seconds, Stopping threads took: 0.0025540 seconds
2016-06-27T20:27:48.485+0300: 170.756: [GC cleanup 884M->884M(1096M), 0.0019445 secs]
 [Times: user=0.00 sys=0.00, real=0.00 secs] 
2016-06-27T20:27:48.487+0300: 170.758: Total time for which application threads were stopped: 0.0025894 seconds, Stopping threads took: 0.0000650 seconds
2016-06-27T20:27:48.776+0300: 171.048: [GC pause (G1 Evacuation Pause) (young)
Desired survivor size 3670016 bytes, new threshold 1 (max 15)
- age   1:    6967184 bytes,    6967184 total
, 0.0040640 secs]
   [Parallel Time: 3.5 ms, GC Workers: 4]
      [GC Worker Start (ms): Min: 171048.4, Avg: 171048.4, Max: 171048.4, Diff: 0.0]
      [Ext Root Scanning (ms): Min: 0.6, Avg: 0.6, Max: 0.6, Diff: 0.0, Sum: 2.4]
      [Update RS (ms): Min: 0.6, Avg: 0.6, Max: 0.6, Diff: 0.0, Sum: 2.5]
         [Processed Buffers: Min: 9, Avg: 13.8, Max: 20, Diff: 11, Sum: 55]
      [Scan RS (ms): Min: 0.0, Avg: 0.0, Max: 0.0, Diff: 0.0, Sum: 0.0]
      [Code Root Scanning (ms): Min: 0.0, Avg: 0.0, Max: 0.0, Diff: 0.0, Sum: 0.0]
      [Object Copy (ms): Min: 2.2, Avg: 2.2, Max: 2.2, Diff: 0.0, Sum: 8.9]
      [Termination (ms): Min: 0.0, Avg: 0.0, Max: 0.0, Diff: 0.0, Sum: 0.0]
         [Termination Attempts: Min: 1, Avg: 1.0, Max: 1, Diff: 0, Sum: 4]
      [GC Worker Other (ms): Min: 0.0, Avg: 0.0, Max: 0.0, Diff: 0.0, Sum: 0.1]
      [GC Worker Total (ms): Min: 3.5, Avg: 3.5, Max: 3.5, Diff: 0.0, Sum: 13.9]
      [GC Worker End (ms): Min: 171051.8, Avg: 171051.8, Max: 171051.8, Diff: 0.0]
   [Code Root Fixup: 0.0 ms]
   [Code Root Purge: 0.0 ms]
   [Clear CT: 0.0 ms]
   [Other: 0.5 ms]
      [Choose CSet: 0.0 ms]
      [Ref Proc: 0.1 ms]
      [Ref Enq: 0.0 ms]
      [Redirty Cards: 0.0 ms]
      [Humongous Register: 0.0 ms]
      [Humongous Reclaim: 0.0 ms]
      [Free CSet: 0.1 ms]
   [Eden: 47.0M(47.0M)->0.0B(47.0M) Survivors: 7168.0K->7168.0K Heap: 918.0M(1096.0M)->880.0M(1096.0M)]
 [Times: user=0.00 sys=0.00, real=0.00 secs] 
2016-06-27T20:27:48.780+0300: 171.052: Total time for which application threads were stopped: 0.0096060 seconds, Stopping threads took: 0.0047701 seconds
2016-06-27T20:27:49.174+0300: 171.446: [GC pause (G1 Evacuation Pause) (mixed)
Desired survivor size 3670016 bytes, new threshold 1 (max 15)
- age   1:    6998000 bytes,    6998000 total
, 0.0194540 secs]
   [Parallel Time: 18.0 ms, GC Workers: 4]
      [GC Worker Start (ms): Min: 171446.7, Avg: 171446.7, Max: 171446.7, Diff: 0.0]
      [Ext Root Scanning (ms): Min: 0.6, Avg: 0.6, Max: 0.6, Diff: 0.0, Sum: 2.4]
      [Update RS (ms): Min: 0.5, Avg: 0.5, Max: 0.5, Diff: 0.1, Sum: 2.0]
         [Processed Buffers: Min: 1, Avg: 13.0, Max: 32, Diff: 31, Sum: 52]
      [Scan RS (ms): Min: 3.2, Avg: 3.2, Max: 3.3, Diff: 0.1, Sum: 12.9]
      [Code Root Scanning (ms): Min: 0.0, Avg: 0.0, Max: 0.1, Diff: 0.1, Sum: 0.2]
      [Object Copy (ms): Min: 13.5, Avg: 13.5, Max: 13.5, Diff: 0.0, Sum: 54.1]
      [Termination (ms): Min: 0.0, Avg: 0.0, Max: 0.0, Diff: 0.0, Sum: 0.0]
         [Termination Attempts: Min: 1, Avg: 3.5, Max: 5, Diff: 4, Sum: 14]
      [GC Worker Other (ms): Min: 0.0, Avg: 0.0, Max: 0.0, Diff: 0.0, Sum: 0.1]
      [GC Worker Total (ms): Min: 17.9, Avg: 17.9, Max: 17.9, Diff: 0.0, Sum: 71.7]
      [GC Worker End (ms): Min: 171464.6, Avg: 171464.6, Max: 171464.6, Diff: 0.0]
   [Code Root Fixup: 0.0 ms]
   [Code Root Purge: 0.0 ms]
   [Clear CT: 0.2 ms]
   [Other: 1.2 ms]
      [Choose CSet: 0.2 ms]
      [Ref Proc: 0.1 ms]
      [Ref Enq: 0.0 ms]
      [Redirty Cards: 0.1 ms]
      [Humongous Register: 0.0 ms]
      [Humongous Reclaim: 0.0 ms]
      [Free CSet: 0.5 ms]
   [Eden: 47.0M(47.0M)->0.0B(47.0M) Survivors: 7168.0K->7168.0K Heap: 927.0M(1096.0M)->847.0M(1096.0M)]
 [Times: user=0.13 sys=0.00, real=0.02 secs] 
2016-06-27T20:27:49.194+0300: 171.466: Total time for which application threads were stopped: 0.0239332 seconds, Stopping threads took: 0.0036718 seconds
2016-06-27T20:27:49.559+0300: 171.832: [GC pause (G1 Evacuation Pause) (mixed)
Desired survivor size 3670016 bytes, new threshold 1 (max 15)
- age   1:    6886392 bytes,    6886392 total
, 0.0179093 secs]
   [Parallel Time: 17.4 ms, GC Workers: 4]
      [GC Worker Start (ms): Min: 171831.8, Avg: 171831.8, Max: 171831.8, Diff: 0.0]
      [Ext Root Scanning (ms): Min: 0.7, Avg: 1.7, Max: 4.9, Diff: 4.3, Sum: 7.0]
      [Update RS (ms): Min: 8.9, Avg: 12.9, Max: 16.5, Diff: 7.6, Sum: 51.6]
         [Processed Buffers: Min: 10, Avg: 14.0, Max: 18, Diff: 8, Sum: 56]
      [Scan RS (ms): Min: 0.0, Avg: 0.1, Max: 0.1, Diff: 0.1, Sum: 0.4]
      [Code Root Scanning (ms): Min: 0.0, Avg: 0.0, Max: 0.0, Diff: 0.0, Sum: 0.0]
      [Object Copy (ms): Min: 0.1, Avg: 1.9, Max: 2.5, Diff: 2.4, Sum: 7.5]
      [Termination (ms): Min: 0.0, Avg: 0.7, Max: 0.9, Diff: 0.9, Sum: 2.7]
         [Termination Attempts: Min: 1, Avg: 5.0, Max: 16, Diff: 15, Sum: 20]
      [GC Worker Other (ms): Min: 0.0, Avg: 0.0, Max: 0.0, Diff: 0.0, Sum: 0.0]
      [GC Worker Total (ms): Min: 17.3, Avg: 17.3, Max: 17.3, Diff: 0.0, Sum: 69.2]
      [GC Worker End (ms): Min: 171849.1, Avg: 171849.1, Max: 171849.1, Diff: 0.0]
   [Code Root Fixup: 0.0 ms]
   [Code Root Purge: 0.0 ms]
   [Clear CT: 0.0 ms]
   [Other: 0.5 ms]
      [Choose CSet: 0.0 ms]
      [Ref Proc: 0.1 ms]
      [Ref Enq: 0.0 ms]
      [Redirty Cards: 0.0 ms]
      [Humongous Register: 0.0 ms]
      [Humongous Reclaim: 0.0 ms]
      [Free CSet: 0.1 ms]
   [Eden: 47.0M(47.0M)->0.0B(47.0M) Survivors: 7168.0K->7168.0K Heap: 894.0M(1096.0M)->855.5M(1096.0M)]
 [Times: user=0.05 sys=0.00, real=0.02 secs] 
2016-06-27T20:27:49.578+0300: 171.850: Total time for which application threads were stopped: 0.0225677 seconds, Stopping threads took: 0.0038895 seconds
2016-06-27T20:27:49.985+0300: 172.256: [GC pause (G1 Evacuation Pause) (young)
Desired survivor size 3670016 bytes, new threshold 1 (max 15)
- age   1:    6938432 bytes,    6938432 total
, 0.0045464 secs]
   [Parallel Time: 3.9 ms, GC Workers: 4]
      [GC Worker Start (ms): Min: 172256.7, Avg: 172256.7, Max: 172256.7, Diff: 0.0]
      [Ext Root Scanning (ms): Min: 0.5, Avg: 0.6, Max: 0.7, Diff: 0.2, Sum: 2.2]
      [Update RS (ms): Min: 0.9, Avg: 1.1, Max: 1.2, Diff: 0.2, Sum: 4.2]
         [Processed Buffers: Min: 7, Avg: 10.3, Max: 15, Diff: 8, Sum: 41]
      [Scan RS (ms): Min: 0.0, Avg: 0.0, Max: 0.0, Diff: 0.0, Sum: 0.0]
      [Code Root Scanning (ms): Min: 0.0, Avg: 0.0, Max: 0.0, Diff: 0.0, Sum: 0.0]
      [Object Copy (ms): Min: 2.2, Avg: 2.3, Max: 2.3, Diff: 0.2, Sum: 9.0]
      [Termination (ms): Min: 0.0, Avg: 0.0, Max: 0.0, Diff: 0.0, Sum: 0.0]
         [Termination Attempts: Min: 1, Avg: 1.0, Max: 1, Diff: 0, Sum: 4]
      [GC Worker Other (ms): Min: 0.0, Avg: 0.0, Max: 0.0, Diff: 0.0, Sum: 0.0]
      [GC Worker Total (ms): Min: 3.9, Avg: 3.9, Max: 3.9, Diff: 0.0, Sum: 15.6]
      [GC Worker End (ms): Min: 172260.6, Avg: 172260.6, Max: 172260.6, Diff: 0.0]
   [Code Root Fixup: 0.0 ms]
   [Code Root Purge: 0.0 ms]
   [Clear CT: 0.0 ms]
   [Other: 0.6 ms]
      [Choose CSet: 0.0 ms]
      [Ref Proc: 0.0 ms]
      [Ref Enq: 0.0 ms]
      [Redirty Cards: 0.0 ms]
      [Humongous Register: 0.0 ms]
      [Humongous Reclaim: 0.0 ms]
      [Free CSet: 0.1 ms]
   [Eden: 47.0M(47.0M)->0.0B(102.0M) Survivors: 7168.0K->7168.0K Heap: 902.5M(1096.0M)->864.5M(1096.0M)]
 [Times: user=0.01 sys=0.00, real=0.00 secs] 
2016-06-27T20:27:49.989+0300: 172.261: Total time for which application threads were stopped: 0.0096376 seconds, Stopping threads took: 0.0043664 seconds
2016-06-27T20:27:50.170+0300: 172.443: Total time for which application threads were stopped: 0.0040533 seconds, Stopping threads took: 0.0014121 seconds
2016-06-27T20:27:50.173+0300: 172.445: Total time for which application threads were stopped: 0.0024316 seconds, Stopping threads took: 0.0000483 seconds
2016-06-27T20:27:50.175+0300: 172.447: Total time for which application threads were stopped: 0.0014899 seconds, Stopping threads took: 0.0000569 seconds
2016-06-27T20:27:50.838+0300: 173.110: [GC pause (G1 Evacuation Pause) (young) (initial-mark)
Desired survivor size 7340032 bytes, new threshold 15 (max 15)
- age   1:    7180344 bytes,    7180344 total
, 0.0062044 secs]
   [Parallel Time: 5.5 ms, GC Workers: 4]
      [GC Worker Start (ms): Min: 173110.3, Avg: 173110.3, Max: 173110.3, Diff: 0.0]
      [Ext Root Scanning (ms): Min: 0.5, Avg: 0.6, Max: 0.7, Diff: 0.2, Sum: 2.3]
      [Update RS (ms): Min: 0.9, Avg: 1.0, Max: 1.1, Diff: 0.2, Sum: 4.0]
         [Processed Buffers: Min: 9, Avg: 19.5, Max: 41, Diff: 32, Sum: 78]
      [Scan RS (ms): Min: 0.0, Avg: 0.0, Max: 0.0, Diff: 0.0, Sum: 0.1]
      [Code Root Scanning (ms): Min: 0.0, Avg: 0.0, Max: 0.0, Diff: 0.0, Sum: 0.0]
      [Object Copy (ms): Min: 3.8, Avg: 3.8, Max: 3.9, Diff: 0.1, Sum: 15.3]
      [Termination (ms): Min: 0.0, Avg: 0.0, Max: 0.0, Diff: 0.0, Sum: 0.0]
         [Termination Attempts: Min: 1, Avg: 1.0, Max: 1, Diff: 0, Sum: 4]
      [GC Worker Other (ms): Min: 0.0, Avg: 0.0, Max: 0.0, Diff: 0.0, Sum: 0.1]
      [GC Worker Total (ms): Min: 5.4, Avg: 5.4, Max: 5.4, Diff: 0.0, Sum: 21.7]
      [GC Worker End (ms): Min: 173115.7, Avg: 173115.7, Max: 173115.7, Diff: 0.0]
   [Code Root Fixup: 0.0 ms]
   [Code Root Purge: 0.0 ms]
   [Clear CT: 0.1 ms]
   [Other: 0.6 ms]
      [Choose CSet: 0.0 ms]
      [Ref Proc: 0.0 ms]
      [Ref Enq: 0.0 ms]
      [Redirty Cards: 0.0 ms]
      [Humongous Register: 0.0 ms]
      [Humongous Reclaim: 0.0 ms]
      [Free CSet: 0.1 ms]
   [Eden: 102.0M(102.0M)->0.0B(87.0M) Survivors: 7168.0K->14.0M Heap: 966.5M(1096.0M)->882.5M(1096.0M)]
 [Times: user=0.00 sys=0.00, real=0.01 secs] 
2016-06-27T20:27:50.844+0300: 173.116: [GC concurrent-root-region-scan-start]
2016-06-27T20:27:50.844+0300: 173.116: Total time for which application threads were stopped: 0.0081810 seconds, Stopping threads took: 0.0013291 seconds
2016-06-27T20:27:50.846+0300: 173.118: [GC concurrent-root-region-scan-end, 0.0011380 secs]
2016-06-27T20:27:50.846+0300: 173.118: [GC concurrent-mark-start]
2016-06-27T20:27:50.909+0300: 173.181: [GC concurrent-mark-end, 0.0612632 secs]
2016-06-27T20:27:50.928+0300: 173.200: [GC remark 2016-06-27T20:27:50.928+0300: 173.200: [Finalize Marking, 0.0001736 secs] 2016-06-27T20:27:50.928+0300: 173.200: [GC ref-proc, 0.0000971 secs] 2016-06-27T20:27:50.928+0300: 173.200: [Unloading, 0.0016135 secs], 0.0055351 secs]
 [Times: user=0.00 sys=0.00, real=0.01 secs] 
2016-06-27T20:27:50.933+0300: 173.205: Total time for which application threads were stopped: 0.0065457 seconds, Stopping threads took: 0.0005025 seconds
2016-06-27T20:27:50.935+0300: 173.207: [GC cleanup 895M->895M(1096M), 0.0018954 secs]
 [Times: user=0.00 sys=0.00, real=0.00 secs] 
2016-06-27T20:27:50.937+0300: 173.209: Total time for which application threads were stopped: 0.0024864 seconds, Stopping threads took: 0.0000620 seconds
2016-06-27T20:27:51.556+0300: 173.828: [GC pause (G1 Evacuation Pause) (young)
Desired survivor size 6815744 bytes, new threshold 1 (max 15)
- age   1:   11465200 bytes,   11465200 total
- age   2:    2964768 bytes,   14429968 total
, 0.0078915 secs]
   [Parallel Time: 7.3 ms, GC Workers: 4]
      [GC Worker Start (ms): Min: 173827.8, Avg: 173827.9, Max: 173828.0, Diff: 0.2]
      [Ext Root Scanning (ms): Min: 0.5, Avg: 2.2, Max: 7.0, Diff: 6.5, Sum: 8.8]
      [Update RS (ms): Min: 0.0, Avg: 1.2, Max: 1.7, Diff: 1.7, Sum: 4.8]
         [Processed Buffers: Min: 0, Avg: 11.5, Max: 18, Diff: 18, Sum: 46]
      [Scan RS (ms): Min: 0.0, Avg: 0.0, Max: 0.0, Diff: 0.0, Sum: 0.1]
      [Code Root Scanning (ms): Min: 0.0, Avg: 0.0, Max: 0.0, Diff: 0.0, Sum: 0.0]
      [Object Copy (ms): Min: 0.2, Avg: 3.6, Max: 4.8, Diff: 4.6, Sum: 14.5]
      [Termination (ms): Min: 0.0, Avg: 0.2, Max: 0.3, Diff: 0.3, Sum: 0.6]
         [Termination Attempts: Min: 1, Avg: 1.8, Max: 3, Diff: 2, Sum: 7]
      [GC Worker Other (ms): Min: 0.0, Avg: 0.0, Max: 0.0, Diff: 0.0, Sum: 0.0]
      [GC Worker Total (ms): Min: 7.1, Avg: 7.2, Max: 7.3, Diff: 0.2, Sum: 28.8]
      [GC Worker End (ms): Min: 173835.1, Avg: 173835.1, Max: 173835.1, Diff: 0.0]
   [Code Root Fixup: 0.0 ms]
   [Code Root Purge: 0.0 ms]
   [Clear CT: 0.0 ms]
   [Other: 0.5 ms]
      [Choose CSet: 0.0 ms]
      [Ref Proc: 0.1 ms]
      [Ref Enq: 0.0 ms]
      [Redirty Cards: 0.0 ms]
      [Humongous Register: 0.0 ms]
      [Humongous Reclaim: 0.0 ms]
      [Free CSet: 0.1 ms]
   [Eden: 87.0M(87.0M)->0.0B(41.0M) Survivors: 14.0M->13.0M Heap: 969.5M(1096.0M)->897.5M(1096.0M)]
 [Times: user=0.00 sys=0.00, real=0.01 secs] 
2016-06-27T20:27:51.564+0300: 173.836: Total time for which application threads were stopped: 0.0106533 seconds, Stopping threads took: 0.0020108 seconds
2016-06-27T20:27:51.916+0300: 174.188: [GC pause (G1 Evacuation Pause) (mixed)
Desired survivor size 3670016 bytes, new threshold 1 (max 15)
- age   1:   13139048 bytes,   13139048 total
, 0.0208700 secs]
   [Parallel Time: 19.5 ms, GC Workers: 4]
      [GC Worker Start (ms): Min: 174188.4, Avg: 174188.4, Max: 174188.4, Diff: 0.0]
      [Ext Root Scanning (ms): Min: 0.5, Avg: 0.6, Max: 0.7, Diff: 0.2, Sum: 2.4]
      [Update RS (ms): Min: 1.0, Avg: 1.1, Max: 1.2, Diff: 0.2, Sum: 4.4]
         [Processed Buffers: Min: 7, Avg: 10.5, Max: 14, Diff: 7, Sum: 42]
      [Scan RS (ms): Min: 3.2, Avg: 3.2, Max: 3.3, Diff: 0.1, Sum: 12.9]
      [Code Root Scanning (ms): Min: 0.0, Avg: 0.1, Max: 0.1, Diff: 0.1, Sum: 0.2]
      [Object Copy (ms): Min: 14.4, Avg: 14.4, Max: 14.4, Diff: 0.1, Sum: 57.5]
      [Termination (ms): Min: 0.0, Avg: 0.0, Max: 0.0, Diff: 0.0, Sum: 0.0]
         [Termination Attempts: Min: 1, Avg: 4.0, Max: 6, Diff: 5, Sum: 16]
      [GC Worker Other (ms): Min: 0.0, Avg: 0.0, Max: 0.0, Diff: 0.0, Sum: 0.1]
      [GC Worker Total (ms): Min: 19.4, Avg: 19.4, Max: 19.4, Diff: 0.0, Sum: 77.6]
      [GC Worker End (ms): Min: 174207.8, Avg: 174207.8, Max: 174207.8, Diff: 0.0]
   [Code Root Fixup: 0.1 ms]
   [Code Root Purge: 0.0 ms]
   [Clear CT: 0.2 ms]
   [Other: 1.1 ms]
      [Choose CSet: 0.2 ms]
      [Ref Proc: 0.1 ms]
      [Ref Enq: 0.0 ms]
      [Redirty Cards: 0.1 ms]
      [Humongous Register: 0.0 ms]
      [Humongous Reclaim: 0.0 ms]
      [Free CSet: 0.5 ms]
   [Eden: 41.0M(41.0M)->0.0B(47.0M) Survivors: 13.0M->7168.0K Heap: 938.5M(1096.0M)->864.5M(1096.0M)]
 [Times: user=0.06 sys=0.00, real=0.02 secs] 
2016-06-27T20:27:51.937+0300: 174.209: Total time for which application threads were stopped: 0.0228722 seconds, Stopping threads took: 0.0012723 seconds
2016-06-27T20:27:52.342+0300: 174.614: [GC pause (G1 Evacuation Pause) (mixed)
Desired survivor size 3670016 bytes, new threshold 1 (max 15)
- age   1:    6775568 bytes,    6775568 total
, 0.0150329 secs]
   [Parallel Time: 14.3 ms, GC Workers: 4]
      [GC Worker Start (ms): Min: 174614.4, Avg: 174614.4, Max: 174614.4, Diff: 0.0]
      [Ext Root Scanning (ms): Min: 0.6, Avg: 0.6, Max: 0.6, Diff: 0.0, Sum: 2.5]
      [Update RS (ms): Min: 9.3, Avg: 9.3, Max: 9.4, Diff: 0.1, Sum: 37.2]
         [Processed Buffers: Min: 12, Avg: 16.8, Max: 22, Diff: 10, Sum: 67]
      [Scan RS (ms): Min: 0.7, Avg: 0.7, Max: 0.8, Diff: 0.1, Sum: 2.9]
      [Code Root Scanning (ms): Min: 0.0, Avg: 0.0, Max: 0.0, Diff: 0.0, Sum: 0.0]
      [Object Copy (ms): Min: 3.6, Avg: 3.6, Max: 3.6, Diff: 0.0, Sum: 14.4]
      [Termination (ms): Min: 0.0, Avg: 0.0, Max: 0.0, Diff: 0.0, Sum: 0.0]
         [Termination Attempts: Min: 1, Avg: 2.0, Max: 4, Diff: 3, Sum: 8]
      [GC Worker Other (ms): Min: 0.0, Avg: 0.0, Max: 0.0, Diff: 0.0, Sum: 0.1]
      [GC Worker Total (ms): Min: 14.3, Avg: 14.3, Max: 14.3, Diff: 0.0, Sum: 57.1]
      [GC Worker End (ms): Min: 174628.7, Avg: 174628.7, Max: 174628.7, Diff: 0.0]
   [Code Root Fixup: 0.0 ms]
   [Code Root Purge: 0.0 ms]
   [Clear CT: 0.2 ms]
   [Other: 0.6 ms]
      [Choose CSet: 0.0 ms]
      [Ref Proc: 0.0 ms]
      [Ref Enq: 0.0 ms]
      [Redirty Cards: 0.0 ms]
      [Humongous Register: 0.0 ms]
      [Humongous Reclaim: 0.0 ms]
      [Free CSet: 0.1 ms]
   [Eden: 47.0M(47.0M)->0.0B(97.0M) Survivors: 7168.0K->7168.0K Heap: 911.5M(1096.0M)->870.5M(1096.0M)]
 [Times: user=0.06 sys=0.00, real=0.02 secs] 
2016-06-27T20:27:52.357+0300: 174.630: Total time for which application threads were stopped: 0.0171425 seconds, Stopping threads took: 0.0013368 seconds
2016-06-27T20:27:53.172+0300: 175.444: [GC pause (G1 Evacuation Pause) (young)
Desired survivor size 6815744 bytes, new threshold 1 (max 15)
- age   1:    7065056 bytes,    7065056 total
, 0.0084428 secs]
   [Parallel Time: 7.7 ms, GC Workers: 4]
      [GC Worker Start (ms): Min: 175444.4, Avg: 175444.4, Max: 175444.4, Diff: 0.0]
      [Ext Root Scanning (ms): Min: 0.6, Avg: 0.6, Max: 0.7, Diff: 0.1, Sum: 2.6]
      [Update RS (ms): Min: 3.3, Avg: 3.3, Max: 3.4, Diff: 0.0, Sum: 13.4]
         [Processed Buffers: Min: 19, Avg: 24.5, Max: 33, Diff: 14, Sum: 98]
      [Scan RS (ms): Min: 0.0, Avg: 0.0, Max: 0.0, Diff: 0.0, Sum: 0.1]
      [Code Root Scanning (ms): Min: 0.0, Avg: 0.0, Max: 0.0, Diff: 0.0, Sum: 0.0]
      [Object Copy (ms): Min: 3.5, Avg: 3.6, Max: 3.7, Diff: 0.2, Sum: 14.4]
      [Termination (ms): Min: 0.0, Avg: 0.0, Max: 0.0, Diff: 0.0, Sum: 0.0]
         [Termination Attempts: Min: 1, Avg: 1.0, Max: 1, Diff: 0, Sum: 4]
      [GC Worker Other (ms): Min: 0.0, Avg: 0.0, Max: 0.0, Diff: 0.0, Sum: 0.1]
      [GC Worker Total (ms): Min: 7.6, Avg: 7.6, Max: 7.6, Diff: 0.0, Sum: 30.5]
      [GC Worker End (ms): Min: 175452.0, Avg: 175452.0, Max: 175452.0, Diff: 0.0]
   [Code Root Fixup: 0.0 ms]
   [Code Root Purge: 0.0 ms]
   [Clear CT: 0.0 ms]
   [Other: 0.7 ms]
      [Choose CSet: 0.0 ms]
      [Ref Proc: 0.1 ms]
      [Ref Enq: 0.0 ms]
      [Redirty Cards: 0.0 ms]
      [Humongous Register: 0.1 ms]
      [Humongous Reclaim: 0.0 ms]
      [Free CSet: 0.1 ms]
   [Eden: 97.0M(97.0M)->0.0B(82.0M) Survivors: 7168.0K->13.0M Heap: 967.5M(1096.0M)->888.5M(1096.0M)]
 [Times: user=0.06 sys=0.00, real=0.01 secs] 
2016-06-27T20:27:53.180+0300: 175.453: Total time for which application threads were stopped: 0.0148298 seconds, Stopping threads took: 0.0056040 seconds
2016-06-27T20:27:53.881+0300: 176.154: [GC pause (G1 Evacuation Pause) (young) (initial-mark)
Desired survivor size 6291456 bytes, new threshold 1 (max 15)
- age   1:   13386320 bytes,   13386320 total
, 0.0069460 secs]
   [Parallel Time: 6.2 ms, GC Workers: 4]
      [GC Worker Start (ms): Min: 176153.9, Avg: 176153.9, Max: 176153.9, Diff: 0.0]
      [Ext Root Scanning (ms): Min: 0.6, Avg: 0.6, Max: 0.7, Diff: 0.1, Sum: 2.6]
      [Update RS (ms): Min: 1.1, Avg: 1.2, Max: 1.2, Diff: 0.1, Sum: 4.8]
         [Processed Buffers: Min: 5, Avg: 16.3, Max: 23, Diff: 18, Sum: 65]
      [Scan RS (ms): Min: 0.0, Avg: 0.0, Max: 0.0, Diff: 0.0, Sum: 0.1]
      [Code Root Scanning (ms): Min: 0.0, Avg: 0.0, Max: 0.0, Diff: 0.0, Sum: 0.0]
      [Object Copy (ms): Min: 4.2, Avg: 4.3, Max: 4.3, Diff: 0.1, Sum: 17.1]
      [Termination (ms): Min: 0.0, Avg: 0.0, Max: 0.0, Diff: 0.0, Sum: 0.0]
         [Termination Attempts: Min: 1, Avg: 1.0, Max: 1, Diff: 0, Sum: 4]
      [GC Worker Other (ms): Min: 0.0, Avg: 0.0, Max: 0.0, Diff: 0.0, Sum: 0.1]
      [GC Worker Total (ms): Min: 6.1, Avg: 6.1, Max: 6.2, Diff: 0.0, Sum: 24.6]
      [GC Worker End (ms): Min: 176160.0, Avg: 176160.0, Max: 176160.0, Diff: 0.0]
   [Code Root Fixup: 0.0 ms]
   [Code Root Purge: 0.0 ms]
   [Clear CT: 0.1 ms]
   [Other: 0.7 ms]
      [Choose CSet: 0.0 ms]
      [Ref Proc: 0.1 ms]
      [Ref Enq: 0.0 ms]
      [Redirty Cards: 0.0 ms]
      [Humongous Register: 0.0 ms]
      [Humongous Reclaim: 0.0 ms]
      [Free CSet: 0.1 ms]
   [Eden: 82.0M(82.0M)->0.0B(69.0M) Survivors: 13.0M->12.0M Heap: 970.5M(1096.0M)->903.5M(1096.0M)]
 [Times: user=0.00 sys=0.00, real=0.01 secs] 
2016-06-27T20:27:53.889+0300: 176.161: [GC concurrent-root-region-scan-start]
2016-06-27T20:27:53.889+0300: 176.161: Total time for which application threads were stopped: 0.0148914 seconds, Stopping threads took: 0.0071059 seconds
2016-06-27T20:27:53.890+0300: 176.162: [GC concurrent-root-region-scan-end, 0.0012257 secs]
2016-06-27T20:27:53.890+0300: 176.162: [GC concurrent-mark-start]
2016-06-27T20:27:53.953+0300: 176.225: [GC concurrent-mark-end, 0.0627694 secs]
2016-06-27T20:27:53.957+0300: 176.230: [GC remark 2016-06-27T20:27:53.957+0300: 176.230: [Finalize Marking, 0.0002271 secs] 2016-06-27T20:27:53.958+0300: 176.230: [GC ref-proc, 0.0001018 secs] 2016-06-27T20:27:53.958+0300: 176.230: [Unloading, 0.0018000 secs], 0.0057742 secs]
 [Times: user=0.06 sys=0.00, real=0.01 secs] 
2016-06-27T20:27:53.963+0300: 176.235: Total time for which application threads were stopped: 0.0087079 seconds, Stopping threads took: 0.0023495 seconds
2016-06-27T20:27:53.964+0300: 176.236: [GC cleanup 914M->914M(1096M), 0.0020100 secs]
 [Times: user=0.00 sys=0.00, real=0.00 secs] 
2016-06-27T20:27:53.966+0300: 176.238: Total time for which application threads were stopped: 0.0027246 seconds, Stopping threads took: 0.0000616 seconds
2016-06-27T20:27:54.367+0300: 176.639: Total time for which application threads were stopped: 0.0032899 seconds, Stopping threads took: 0.0017213 seconds
2016-06-27T20:27:54.459+0300: 176.732: [GC pause (G1 Evacuation Pause) (young)
Desired survivor size 5767168 bytes, new threshold 1 (max 15)
- age   1:   12427328 bytes,   12427328 total
, 0.0063584 secs]
   [Parallel Time: 5.7 ms, GC Workers: 4]
      [GC Worker Start (ms): Min: 176731.7, Avg: 176731.7, Max: 176731.7, Diff: 0.0]
      [Ext Root Scanning (ms): Min: 0.5, Avg: 0.6, Max: 0.7, Diff: 0.2, Sum: 2.4]
      [Update RS (ms): Min: 1.4, Avg: 1.4, Max: 1.4, Diff: 0.0, Sum: 5.5]
         [Processed Buffers: Min: 4, Avg: 14.5, Max: 22, Diff: 18, Sum: 58]
      [Scan RS (ms): Min: 0.0, Avg: 0.0, Max: 0.0, Diff: 0.0, Sum: 0.1]
      [Code Root Scanning (ms): Min: 0.0, Avg: 0.0, Max: 0.0, Diff: 0.0, Sum: 0.0]
      [Object Copy (ms): Min: 3.6, Avg: 3.7, Max: 3.7, Diff: 0.1, Sum: 14.7]
      [Termination (ms): Min: 0.0, Avg: 0.0, Max: 0.0, Diff: 0.0, Sum: 0.0]
         [Termination Attempts: Min: 1, Avg: 1.0, Max: 1, Diff: 0, Sum: 4]
      [GC Worker Other (ms): Min: 0.0, Avg: 0.0, Max: 0.0, Diff: 0.0, Sum: 0.1]
      [GC Worker Total (ms): Min: 5.7, Avg: 5.7, Max: 5.7, Diff: 0.0, Sum: 22.7]
      [GC Worker End (ms): Min: 176737.4, Avg: 176737.4, Max: 176737.4, Diff: 0.0]
   [Code Root Fixup: 0.0 ms]
   [Code Root Purge: 0.0 ms]
   [Clear CT: 0.1 ms]
   [Other: 0.6 ms]
      [Choose CSet: 0.0 ms]
      [Ref Proc: 0.1 ms]
      [Ref Enq: 0.0 ms]
      [Redirty Cards: 0.0 ms]
      [Humongous Register: 0.0 ms]
      [Humongous Reclaim: 0.0 ms]
      [Free CSet: 0.1 ms]
   [Eden: 69.0M(69.0M)->0.0B(43.0M) Survivors: 12.0M->11.0M Heap: 972.5M(1096.0M)->916.5M(1096.0M)]
 [Times: user=0.00 sys=0.00, real=0.01 secs] 
2016-06-27T20:27:54.466+0300: 176.738: Total time for which application threads were stopped: 0.0092686 seconds, Stopping threads took: 0.0021301 seconds
2016-06-27T20:27:54.818+0300: 177.090: [GC pause (G1 Evacuation Pause) (mixed)
Desired survivor size 3670016 bytes, new threshold 1 (max 15)
- age   1:   11146928 bytes,   11146928 total
, 0.0197324 secs]
   [Parallel Time: 18.3 ms, GC Workers: 4]
      [GC Worker Start (ms): Min: 177090.7, Avg: 177090.7, Max: 177090.7, Diff: 0.0]
      [Ext Root Scanning (ms): Min: 0.6, Avg: 0.6, Max: 0.6, Diff: 0.0, Sum: 2.5]
      [Update RS (ms): Min: 1.1, Avg: 1.2, Max: 1.2, Diff: 0.1, Sum: 4.7]
         [Processed Buffers: Min: 3, Avg: 13.0, Max: 27, Diff: 24, Sum: 52]
      [Scan RS (ms): Min: 2.6, Avg: 2.7, Max: 2.8, Diff: 0.1, Sum: 10.8]
      [Code Root Scanning (ms): Min: 0.0, Avg: 0.1, Max: 0.2, Diff: 0.2, Sum: 0.3]
      [Object Copy (ms): Min: 13.6, Avg: 13.7, Max: 13.7, Diff: 0.1, Sum: 54.7]
      [Termination (ms): Min: 0.0, Avg: 0.0, Max: 0.0, Diff: 0.0, Sum: 0.0]
         [Termination Attempts: Min: 1, Avg: 3.0, Max: 6, Diff: 5, Sum: 12]
      [GC Worker Other (ms): Min: 0.0, Avg: 0.0, Max: 0.0, Diff: 0.0, Sum: 0.1]
      [GC Worker Total (ms): Min: 18.3, Avg: 18.3, Max: 18.3, Diff: 0.0, Sum: 73.1]
      [GC Worker End (ms): Min: 177108.9, Avg: 177108.9, Max: 177108.9, Diff: 0.0]
   [Code Root Fixup: 0.1 ms]
   [Code Root Purge: 0.0 ms]
   [Clear CT: 0.2 ms]
   [Other: 1.1 ms]
      [Choose CSet: 0.1 ms]
      [Ref Proc: 0.1 ms]
      [Ref Enq: 0.0 ms]
      [Redirty Cards: 0.1 ms]
      [Humongous Register: 0.0 ms]
      [Humongous Reclaim: 0.0 ms]
      [Free CSet: 0.5 ms]
   [Eden: 43.0M(43.0M)->0.0B(47.0M) Survivors: 11.0M->7168.0K Heap: 959.5M(1096.0M)->880.0M(1096.0M)]
 [Times: user=0.06 sys=0.00, real=0.02 secs] 
2016-06-27T20:27:54.838+0300: 177.110: Total time for which application threads were stopped: 0.0218673 seconds, Stopping threads took: 0.0012979 seconds
2016-06-27T20:27:55.170+0300: 177.442: Total time for which application threads were stopped: 0.0021960 seconds, Stopping threads took: 0.0008279 seconds
2016-06-27T20:27:55.220+0300: 177.492: [GC pause (G1 Evacuation Pause) (mixed)
Desired survivor size 3670016 bytes, new threshold 1 (max 15)
- age   1:    6989712 bytes,    6989712 total
, 0.0258953 secs]
   [Parallel Time: 24.5 ms, GC Workers: 4]
      [GC Worker Start (ms): Min: 177492.4, Avg: 177492.4, Max: 177492.4, Diff: 0.0]
      [Ext Root Scanning (ms): Min: 0.5, Avg: 0.6, Max: 0.6, Diff: 0.1, Sum: 2.3]
      [Update RS (ms): Min: 7.5, Avg: 7.5, Max: 7.7, Diff: 0.2, Sum: 30.2]
         [Processed Buffers: Min: 10, Avg: 13.8, Max: 24, Diff: 14, Sum: 55]
      [Scan RS (ms): Min: 3.5, Avg: 3.6, Max: 3.7, Diff: 0.2, Sum: 14.3]
      [Code Root Scanning (ms): Min: 0.0, Avg: 0.0, Max: 0.1, Diff: 0.1, Sum: 0.1]
      [Object Copy (ms): Min: 12.7, Avg: 12.7, Max: 12.8, Diff: 0.0, Sum: 50.9]
      [Termination (ms): Min: 0.0, Avg: 0.0, Max: 0.0, Diff: 0.0, Sum: 0.0]
         [Termination Attempts: Min: 1, Avg: 4.8, Max: 8, Diff: 7, Sum: 19]
      [GC Worker Other (ms): Min: 0.0, Avg: 0.0, Max: 0.0, Diff: 0.0, Sum: 0.1]
      [GC Worker Total (ms): Min: 24.5, Avg: 24.5, Max: 24.5, Diff: 0.0, Sum: 97.9]
      [GC Worker End (ms): Min: 177516.8, Avg: 177516.9, Max: 177516.9, Diff: 0.0]
   [Code Root Fixup: 0.0 ms]
   [Code Root Purge: 0.0 ms]
   [Clear CT: 0.2 ms]
   [Other: 1.1 ms]
      [Choose CSet: 0.2 ms]
      [Ref Proc: 0.0 ms]
      [Ref Enq: 0.0 ms]
      [Redirty Cards: 0.0 ms]
      [Humongous Register: 0.0 ms]
      [Humongous Reclaim: 0.0 ms]
      [Free CSet: 0.5 ms]
   [Eden: 47.0M(47.0M)->0.0B(47.0M) Survivors: 7168.0K->7168.0K Heap: 927.0M(1096.0M)->860.5M(1096.0M)]
 [Times: user=0.13 sys=0.00, real=0.03 secs] 
2016-06-27T20:27:55.246+0300: 177.518: Total time for which application threads were stopped: 0.0269841 seconds, Stopping threads took: 0.0002373 seconds
2016-06-27T20:27:55.639+0300: 177.911: [GC pause (G1 Evacuation Pause) (young)
Desired survivor size 3670016 bytes, new threshold 1 (max 15)
- age   1:    7207224 bytes,    7207224 total
, 0.0130529 secs]
   [Parallel Time: 12.4 ms, GC Workers: 4]
      [GC Worker Start (ms): Min: 177911.1, Avg: 177911.1, Max: 177911.1, Diff: 0.0]
      [Ext Root Scanning (ms): Min: 0.6, Avg: 0.6, Max: 0.6, Diff: 0.0, Sum: 2.3]
      [Update RS (ms): Min: 9.5, Avg: 9.5, Max: 9.6, Diff: 0.1, Sum: 38.0]
         [Processed Buffers: Min: 11, Avg: 22.3, Max: 33, Diff: 22, Sum: 89]
      [Scan RS (ms): Min: 0.0, Avg: 0.0, Max: 0.0, Diff: 0.0, Sum: 0.0]
      [Code Root Scanning (ms): Min: 0.0, Avg: 0.0, Max: 0.0, Diff: 0.0, Sum: 0.0]
      [Object Copy (ms): Min: 2.2, Avg: 2.3, Max: 2.3, Diff: 0.1, Sum: 9.2]
      [Termination (ms): Min: 0.0, Avg: 0.0, Max: 0.0, Diff: 0.0, Sum: 0.0]
         [Termination Attempts: Min: 1, Avg: 1.0, Max: 1, Diff: 0, Sum: 4]
      [GC Worker Other (ms): Min: 0.0, Avg: 0.0, Max: 0.0, Diff: 0.0, Sum: 0.0]
      [GC Worker Total (ms): Min: 12.4, Avg: 12.4, Max: 12.4, Diff: 0.0, Sum: 49.6]
      [GC Worker End (ms): Min: 177923.5, Avg: 177923.5, Max: 177923.5, Diff: 0.0]
   [Code Root Fixup: 0.0 ms]
   [Code Root Purge: 0.0 ms]
   [Clear CT: 0.0 ms]
   [Other: 0.6 ms]
      [Choose CSet: 0.0 ms]
      [Ref Proc: 0.0 ms]
      [Ref Enq: 0.0 ms]
      [Redirty Cards: 0.0 ms]
      [Humongous Register: 0.0 ms]
      [Humongous Reclaim: 0.0 ms]
      [Free CSet: 0.1 ms]
   [Eden: 47.0M(47.0M)->0.0B(47.0M) Survivors: 7168.0K->7168.0K Heap: 907.5M(1096.0M)->870.0M(1096.0M)]
 [Times: user=0.06 sys=0.00, real=0.01 secs] 
2016-06-27T20:27:55.652+0300: 177.924: Total time for which application threads were stopped: 0.0151201 seconds, Stopping threads took: 0.0012535 seconds
2016-06-27T20:27:56.059+0300: 178.331: [GC pause (G1 Evacuation Pause) (young) (initial-mark)
Desired survivor size 3670016 bytes, new threshold 1 (max 15)
- age   1:    7132328 bytes,    7132328 total
, 0.0043565 secs]
   [Parallel Time: 3.7 ms, GC Workers: 4]
      [GC Worker Start (ms): Min: 178331.1, Avg: 178331.1, Max: 178331.1, Diff: 0.0]
      [Ext Root Scanning (ms): Min: 0.5, Avg: 0.6, Max: 0.7, Diff: 0.2, Sum: 2.4]
      [Update RS (ms): Min: 0.7, Avg: 0.7, Max: 0.8, Diff: 0.2, Sum: 2.9]
         [Processed Buffers: Min: 3, Avg: 10.0, Max: 18, Diff: 15, Sum: 40]
      [Scan RS (ms): Min: 0.0, Avg: 0.0, Max: 0.0, Diff: 0.0, Sum: 0.0]
      [Code Root Scanning (ms): Min: 0.0, Avg: 0.0, Max: 0.0, Diff: 0.0, Sum: 0.0]
      [Object Copy (ms): Min: 2.2, Avg: 2.3, Max: 2.3, Diff: 0.1, Sum: 9.1]
      [Termination (ms): Min: 0.0, Avg: 0.0, Max: 0.0, Diff: 0.0, Sum: 0.0]
         [Termination Attempts: Min: 1, Avg: 1.0, Max: 1, Diff: 0, Sum: 4]
      [GC Worker Other (ms): Min: 0.0, Avg: 0.0, Max: 0.0, Diff: 0.0, Sum: 0.1]
      [GC Worker Total (ms): Min: 3.6, Avg: 3.6, Max: 3.6, Diff: 0.0, Sum: 14.6]
      [GC Worker End (ms): Min: 178334.8, Avg: 178334.8, Max: 178334.8, Diff: 0.0]
   [Code Root Fixup: 0.0 ms]
   [Code Root Purge: 0.0 ms]
   [Clear CT: 0.0 ms]
   [Other: 0.6 ms]
      [Choose CSet: 0.0 ms]
      [Ref Proc: 0.0 ms]
      [Ref Enq: 0.0 ms]
      [Redirty Cards: 0.0 ms]
      [Humongous Register: 0.0 ms]
      [Humongous Reclaim: 0.0 ms]
      [Free CSet: 0.1 ms]
   [Eden: 47.0M(47.0M)->0.0B(89.0M) Survivors: 7168.0K->7168.0K Heap: 917.0M(1096.0M)->879.0M(1096.0M)]
 [Times: user=0.00 sys=0.00, real=0.00 secs] 
2016-06-27T20:27:56.063+0300: 178.335: [GC concurrent-root-region-scan-start]
2016-06-27T20:27:56.063+0300: 178.335: Total time for which application threads were stopped: 0.0069849 seconds, Stopping threads took: 0.0018633 seconds
2016-06-27T20:27:56.064+0300: 178.336: [GC concurrent-root-region-scan-end, 0.0005346 secs]
2016-06-27T20:27:56.064+0300: 178.336: [GC concurrent-mark-start]
2016-06-27T20:27:56.127+0300: 178.399: [GC concurrent-mark-end, 0.0628639 secs]
2016-06-27T20:27:56.140+0300: 178.412: [GC remark 2016-06-27T20:27:56.140+0300: 178.413: [Finalize Marking, 0.0001835 secs] 2016-06-27T20:27:56.140+0300: 178.413: [GC ref-proc, 0.0001061 secs] 2016-06-27T20:27:56.141+0300: 178.413: [Unloading, 0.0017551 secs], 0.0057130 secs]
 [Times: user=0.06 sys=0.00, real=0.01 secs] 
2016-06-27T20:27:56.146+0300: 178.418: Total time for which application threads were stopped: 0.0065842 seconds, Stopping threads took: 0.0003212 seconds
2016-06-27T20:27:56.147+0300: 178.420: [GC cleanup 891M->891M(1096M), 0.0019321 secs]
 [Times: user=0.00 sys=0.00, real=0.00 secs] 
2016-06-27T20:27:56.149+0300: 178.422: Total time for which application threads were stopped: 0.0025685 seconds, Stopping threads took: 0.0000565 seconds
2016-06-27T20:27:56.736+0300: 179.009: Total time for which application threads were stopped: 0.0055462 seconds, Stopping threads took: 0.0040268 seconds
2016-06-27T20:27:56.784+0300: 179.056: [GC pause (G1 Evacuation Pause) (young)
Desired survivor size 6291456 bytes, new threshold 1 (max 15)
- age   1:    7179824 bytes,    7179824 total
, 0.0057956 secs]
   [Parallel Time: 5.1 ms, GC Workers: 4]
      [GC Worker Start (ms): Min: 179056.3, Avg: 179056.3, Max: 179056.3, Diff: 0.0]
      [Ext Root Scanning (ms): Min: 0.6, Avg: 0.6, Max: 0.8, Diff: 0.2, Sum: 2.5]
      [Update RS (ms): Min: 0.8, Avg: 0.8, Max: 0.9, Diff: 0.1, Sum: 3.3]
         [Processed Buffers: Min: 12, Avg: 22.3, Max: 36, Diff: 24, Sum: 89]
      [Scan RS (ms): Min: 0.0, Avg: 0.0, Max: 0.0, Diff: 0.0, Sum: 0.1]
      [Code Root Scanning (ms): Min: 0.0, Avg: 0.0, Max: 0.0, Diff: 0.0, Sum: 0.0]
      [Object Copy (ms): Min: 3.4, Avg: 3.5, Max: 3.6, Diff: 0.2, Sum: 14.1]
      [Termination (ms): Min: 0.0, Avg: 0.0, Max: 0.0, Diff: 0.0, Sum: 0.0]
         [Termination Attempts: Min: 1, Avg: 1.0, Max: 1, Diff: 0, Sum: 4]
      [GC Worker Other (ms): Min: 0.0, Avg: 0.0, Max: 0.0, Diff: 0.0, Sum: 0.1]
      [GC Worker Total (ms): Min: 5.0, Avg: 5.0, Max: 5.0, Diff: 0.0, Sum: 20.1]
      [GC Worker End (ms): Min: 179061.3, Avg: 179061.3, Max: 179061.3, Diff: 0.0]
   [Code Root Fixup: 0.0 ms]
   [Code Root Purge: 0.0 ms]
   [Clear CT: 0.1 ms]
   [Other: 0.6 ms]
      [Choose CSet: 0.0 ms]
      [Ref Proc: 0.1 ms]
      [Ref Enq: 0.0 ms]
      [Redirty Cards: 0.0 ms]
      [Humongous Register: 0.0 ms]
      [Humongous Reclaim: 0.0 ms]
      [Free CSet: 0.1 ms]
   [Eden: 89.0M(89.0M)->0.0B(42.0M) Survivors: 7168.0K->12.0M Heap: 968.0M(1096.0M)->895.5M(1096.0M)]
 [Times: user=0.06 sys=0.00, real=0.01 secs] 
2016-06-27T20:27:56.790+0300: 179.062: Total time for which application threads were stopped: 0.0094182 seconds, Stopping threads took: 0.0029812 seconds
2016-06-27T20:27:57.157+0300: 179.429: [GC pause (G1 Evacuation Pause) (mixed)
Desired survivor size 3670016 bytes, new threshold 1 (max 15)
- age   1:   12371768 bytes,   12371768 total
, 0.0196156 secs]
   [Parallel Time: 18.2 ms, GC Workers: 4]
      [GC Worker Start (ms): Min: 179429.8, Avg: 179429.8, Max: 179429.8, Diff: 0.0]
      [Ext Root Scanning (ms): Min: 0.5, Avg: 0.5, Max: 0.6, Diff: 0.1, Sum: 2.2]
      [Update RS (ms): Min: 0.8, Avg: 0.9, Max: 1.1, Diff: 0.4, Sum: 3.7]
         [Processed Buffers: Min: 2, Avg: 5.3, Max: 8, Diff: 6, Sum: 21]
      [Scan RS (ms): Min: 3.0, Avg: 3.2, Max: 3.3, Diff: 0.3, Sum: 12.6]
      [Code Root Scanning (ms): Min: 0.0, Avg: 0.1, Max: 0.1, Diff: 0.1, Sum: 0.3]
      [Object Copy (ms): Min: 13.5, Avg: 13.5, Max: 13.5, Diff: 0.0, Sum: 53.9]
      [Termination (ms): Min: 0.0, Avg: 0.0, Max: 0.0, Diff: 0.0, Sum: 0.0]
         [Termination Attempts: Min: 1, Avg: 1.8, Max: 2, Diff: 1, Sum: 7]
      [GC Worker Other (ms): Min: 0.0, Avg: 0.0, Max: 0.0, Diff: 0.0, Sum: 0.0]
      [GC Worker Total (ms): Min: 18.2, Avg: 18.2, Max: 18.2, Diff: 0.0, Sum: 72.7]
      [GC Worker End (ms): Min: 179448.0, Avg: 179448.0, Max: 179448.0, Diff: 0.0]
   [Code Root Fixup: 0.1 ms]
   [Code Root Purge: 0.0 ms]
   [Clear CT: 0.3 ms]
   [Other: 1.1 ms]
      [Choose CSet: 0.1 ms]
      [Ref Proc: 0.1 ms]
      [Ref Enq: 0.0 ms]
      [Redirty Cards: 0.1 ms]
      [Humongous Register: 0.0 ms]
      [Humongous Reclaim: 0.0 ms]
      [Free CSet: 0.4 ms]
   [Eden: 42.0M(42.0M)->0.0B(47.0M) Survivors: 12.0M->7168.0K Heap: 937.5M(1096.0M)->865.0M(1096.0M)]
 [Times: user=0.08 sys=0.00, real=0.02 secs] 
2016-06-27T20:27:57.177+0300: 179.449: Total time for which application threads were stopped: 0.0234171 seconds, Stopping threads took: 0.0031642 seconds
2016-06-27T20:27:57.554+0300: 179.827: [GC pause (G1 Evacuation Pause) (young)
Desired survivor size 3670016 bytes, new threshold 1 (max 15)
- age   1:    7029504 bytes,    7029504 total
, 0.0167589 secs]
   [Parallel Time: 16.2 ms, GC Workers: 4]
      [GC Worker Start (ms): Min: 179826.9, Avg: 179826.9, Max: 179827.1, Diff: 0.2]
      [Ext Root Scanning (ms): Min: 0.5, Avg: 0.7, Max: 1.0, Diff: 0.6, Sum: 2.8]
      [Update RS (ms): Min: 11.8, Avg: 12.9, Max: 15.5, Diff: 3.7, Sum: 51.8]
         [Processed Buffers: Min: 7, Avg: 14.3, Max: 25, Diff: 18, Sum: 57]
      [Scan RS (ms): Min: 0.0, Avg: 0.0, Max: 0.0, Diff: 0.0, Sum: 0.0]
      [Code Root Scanning (ms): Min: 0.0, Avg: 0.0, Max: 0.0, Diff: 0.0, Sum: 0.0]
      [Object Copy (ms): Min: 0.1, Avg: 1.7, Max: 2.2, Diff: 2.1, Sum: 6.7]
      [Termination (ms): Min: 0.0, Avg: 0.8, Max: 1.1, Diff: 1.1, Sum: 3.4]
         [Termination Attempts: Min: 1, Avg: 1.0, Max: 1, Diff: 0, Sum: 4]
      [GC Worker Other (ms): Min: 0.0, Avg: 0.0, Max: 0.0, Diff: 0.0, Sum: 0.0]
      [GC Worker Total (ms): Min: 16.1, Avg: 16.2, Max: 16.2, Diff: 0.2, Sum: 64.7]
      [GC Worker End (ms): Min: 179843.1, Avg: 179843.1, Max: 179843.1, Diff: 0.0]
   [Code Root Fixup: 0.0 ms]
   [Code Root Purge: 0.0 ms]
   [Clear CT: 0.0 ms]
   [Other: 0.4 ms]
      [Choose CSet: 0.0 ms]
      [Ref Proc: 0.1 ms]
      [Ref Enq: 0.0 ms]
      [Redirty Cards: 0.0 ms]
      [Humongous Register: 0.0 ms]
      [Humongous Reclaim: 0.0 ms]
      [Free CSet: 0.0 ms]
   [Eden: 47.0M(47.0M)->0.0B(94.0M) Survivors: 7168.0K->7168.0K Heap: 912.0M(1096.0M)->874.0M(1096.0M)]
 [Times: user=0.05 sys=0.00, real=0.02 secs] 
2016-06-27T20:27:57.571+0300: 179.844: Total time for which application threads were stopped: 0.0224001 seconds, Stopping threads took: 0.0049745 seconds
2016-06-27T20:27:58.376+0300: 180.648: [GC pause (G1 Evacuation Pause) (young) (initial-mark)
Desired survivor size 6815744 bytes, new threshold 1 (max 15)
- age   1:    6864528 bytes,    6864528 total
, 0.0060859 secs]
   [Parallel Time: 5.2 ms, GC Workers: 4]
      [GC Worker Start (ms): Min: 180648.5, Avg: 180648.5, Max: 180648.5, Diff: 0.0]
      [Ext Root Scanning (ms): Min: 0.6, Avg: 0.6, Max: 0.8, Diff: 0.2, Sum: 2.6]
      [Update RS (ms): Min: 0.8, Avg: 0.9, Max: 1.0, Diff: 0.2, Sum: 3.7]
         [Processed Buffers: Min: 12, Avg: 17.3, Max: 27, Diff: 15, Sum: 69]
      [Scan RS (ms): Min: 0.0, Avg: 0.0, Max: 0.0, Diff: 0.0, Sum: 0.1]
      [Code Root Scanning (ms): Min: 0.0, Avg: 0.0, Max: 0.0, Diff: 0.0, Sum: 0.0]
      [Object Copy (ms): Min: 3.5, Avg: 3.5, Max: 3.6, Diff: 0.0, Sum: 14.2]
      [Termination (ms): Min: 0.0, Avg: 0.0, Max: 0.0, Diff: 0.0, Sum: 0.0]
         [Termination Attempts: Min: 1, Avg: 1.0, Max: 1, Diff: 0, Sum: 4]
      [GC Worker Other (ms): Min: 0.0, Avg: 0.0, Max: 0.0, Diff: 0.0, Sum: 0.1]
      [GC Worker Total (ms): Min: 5.1, Avg: 5.1, Max: 5.2, Diff: 0.0, Sum: 20.6]
      [GC Worker End (ms): Min: 180653.7, Avg: 180653.7, Max: 180653.7, Diff: 0.0]
   [Code Root Fixup: 0.0 ms]
   [Code Root Purge: 0.0 ms]
   [Clear CT: 0.1 ms]
   [Other: 0.8 ms]
      [Choose CSet: 0.0 ms]
      [Ref Proc: 0.1 ms]
      [Ref Enq: 0.0 ms]
      [Redirty Cards: 0.0 ms]
      [Humongous Register: 0.0 ms]
      [Humongous Reclaim: 0.0 ms]
      [Free CSet: 0.1 ms]
   [Eden: 94.0M(94.0M)->0.0B(80.0M) Survivors: 7168.0K->13.0M Heap: 968.0M(1096.0M)->891.0M(1096.0M)]
 [Times: user=0.06 sys=0.00, real=0.01 secs] 
2016-06-27T20:27:58.383+0300: 180.654: [GC concurrent-root-region-scan-start]
2016-06-27T20:27:58.383+0300: 180.654: Total time for which application threads were stopped: 0.0105425 seconds, Stopping threads took: 0.0037142 seconds
2016-06-27T20:27:58.384+0300: 180.656: [GC concurrent-root-region-scan-end, 0.0012034 secs]
2016-06-27T20:27:58.384+0300: 180.656: [GC concurrent-mark-start]
2016-06-27T20:27:58.447+0300: 180.718: [GC concurrent-mark-end, 0.0627831 secs]
2016-06-27T20:27:58.450+0300: 180.722: [GC remark 2016-06-27T20:27:58.450+0300: 180.722: [Finalize Marking, 0.0002472 secs] 2016-06-27T20:27:58.450+0300: 180.722: [GC ref-proc, 0.0001022 secs] 2016-06-27T20:27:58.451+0300: 180.722: [Unloading, 0.0017341 secs], 0.0057383 secs]
 [Times: user=0.00 sys=0.00, real=0.01 secs] 
2016-06-27T20:27:58.456+0300: 180.728: Total time for which application threads were stopped: 0.0069447 seconds, Stopping threads took: 0.0006868 seconds
2016-06-27T20:27:58.641+0300: 180.913: [GC cleanup 923M->923M(1096M), 0.0020634 secs]
 [Times: user=0.00 sys=0.00, real=0.00 secs] 
2016-06-27T20:27:58.643+0300: 180.915: Total time for which application threads were stopped: 0.0033195 seconds, Stopping threads took: 0.0006834 seconds
2016-06-27T20:27:58.689+0300: 180.961: Total time for which application threads were stopped: 0.0012038 seconds, Stopping threads took: 0.0007078 seconds
2016-06-27T20:27:59.041+0300: 181.313: [GC pause (G1 Evacuation Pause) (young)
Desired survivor size 6291456 bytes, new threshold 1 (max 15)
- age   1:   13383992 bytes,   13383992 total
, 0.0064178 secs]
   [Parallel Time: 5.8 ms, GC Workers: 4]
      [GC Worker Start (ms): Min: 181313.4, Avg: 181313.4, Max: 181313.5, Diff: 0.0]
      [Ext Root Scanning (ms): Min: 0.5, Avg: 0.6, Max: 0.7, Diff: 0.2, Sum: 2.3]
      [Update RS (ms): Min: 1.1, Avg: 1.1, Max: 1.1, Diff: 0.0, Sum: 4.4]
         [Processed Buffers: Min: 5, Avg: 9.0, Max: 17, Diff: 12, Sum: 36]
      [Scan RS (ms): Min: 0.0, Avg: 0.0, Max: 0.0, Diff: 0.0, Sum: 0.1]
      [Code Root Scanning (ms): Min: 0.0, Avg: 0.0, Max: 0.0, Diff: 0.0, Sum: 0.0]
      [Object Copy (ms): Min: 4.0, Avg: 4.1, Max: 4.1, Diff: 0.1, Sum: 16.3]
      [Termination (ms): Min: 0.0, Avg: 0.0, Max: 0.0, Diff: 0.0, Sum: 0.0]
         [Termination Attempts: Min: 1, Avg: 1.0, Max: 1, Diff: 0, Sum: 4]
      [GC Worker Other (ms): Min: 0.0, Avg: 0.0, Max: 0.0, Diff: 0.0, Sum: 0.1]
      [GC Worker Total (ms): Min: 5.7, Avg: 5.8, Max: 5.8, Diff: 0.0, Sum: 23.1]
      [GC Worker End (ms): Min: 181319.2, Avg: 181319.2, Max: 181319.2, Diff: 0.0]
   [Code Root Fixup: 0.0 ms]
   [Code Root Purge: 0.0 ms]
   [Clear CT: 0.0 ms]
   [Other: 0.5 ms]
      [Choose CSet: 0.0 ms]
      [Ref Proc: 0.1 ms]
      [Ref Enq: 0.0 ms]
      [Redirty Cards: 0.0 ms]
      [Humongous Register: 0.1 ms]
      [Humongous Reclaim: 0.0 ms]
      [Free CSet: 0.1 ms]
   [Eden: 80.0M(80.0M)->0.0B(42.0M) Survivors: 13.0M->12.0M Heap: 971.0M(1096.0M)->905.0M(1096.0M)]
 [Times: user=0.00 sys=0.00, real=0.01 secs] 
2016-06-27T20:27:59.048+0300: 181.320: Total time for which application threads were stopped: 0.0081336 seconds, Stopping threads took: 0.0010841 seconds
2016-06-27T20:27:59.180+0300: 181.452: Total time for which application threads were stopped: 0.0012984 seconds, Stopping threads took: 0.0002925 seconds
2016-06-27T20:27:59.400+0300: 181.673: [GC pause (G1 Evacuation Pause) (mixed)
Desired survivor size 3670016 bytes, new threshold 1 (max 15)
- age   1:   12365224 bytes,   12365224 total
, 0.0205860 secs]
   [Parallel Time: 19.2 ms, GC Workers: 4]
      [GC Worker Start (ms): Min: 181672.8, Avg: 181672.9, Max: 181672.9, Diff: 0.0]
      [Ext Root Scanning (ms): Min: 0.4, Avg: 0.5, Max: 0.6, Diff: 0.1, Sum: 2.1]
      [Update RS (ms): Min: 1.2, Avg: 1.3, Max: 1.4, Diff: 0.1, Sum: 5.1]
         [Processed Buffers: Min: 3, Avg: 8.0, Max: 13, Diff: 10, Sum: 32]
      [Scan RS (ms): Min: 3.2, Avg: 3.2, Max: 3.3, Diff: 0.1, Sum: 13.0]
      [Code Root Scanning (ms): Min: 0.0, Avg: 0.0, Max: 0.1, Diff: 0.1, Sum: 0.1]
      [Object Copy (ms): Min: 14.0, Avg: 14.1, Max: 14.1, Diff: 0.1, Sum: 56.3]
      [Termination (ms): Min: 0.0, Avg: 0.0, Max: 0.0, Diff: 0.0, Sum: 0.0]
         [Termination Attempts: Min: 1, Avg: 1.0, Max: 1, Diff: 0, Sum: 4]
      [GC Worker Other (ms): Min: 0.0, Avg: 0.0, Max: 0.0, Diff: 0.0, Sum: 0.1]
      [GC Worker Total (ms): Min: 19.2, Avg: 19.2, Max: 19.2, Diff: 0.0, Sum: 76.7]
      [GC Worker End (ms): Min: 181692.0, Avg: 181692.0, Max: 181692.0, Diff: 0.0]
   [Code Root Fixup: 0.1 ms]
   [Code Root Purge: 0.0 ms]
   [Clear CT: 0.2 ms]
   [Other: 1.1 ms]
      [Choose CSet: 0.2 ms]
      [Ref Proc: 0.0 ms]
      [Ref Enq: 0.0 ms]
      [Redirty Cards: 0.0 ms]
      [Humongous Register: 0.0 ms]
      [Humongous Reclaim: 0.0 ms]
      [Free CSet: 0.5 ms]
   [Eden: 42.0M(42.0M)->0.0B(47.0M) Survivors: 12.0M->7168.0K Heap: 947.0M(1096.0M)->868.5M(1096.0M)]
 [Times: user=0.06 sys=0.00, real=0.02 secs] 
2016-06-27T20:27:59.421+0300: 181.693: Total time for which application threads were stopped: 0.0224223 seconds, Stopping threads took: 0.0011897 seconds
2016-06-27T20:27:59.834+0300: 182.106: [GC pause (G1 Evacuation Pause) (mixed)
Desired survivor size 3670016 bytes, new threshold 1 (max 15)
- age   1:    6960736 bytes,    6960736 total
, 0.0196071 secs]
   [Parallel Time: 18.6 ms, GC Workers: 4]
      [GC Worker Start (ms): Min: 182106.1, Avg: 182106.1, Max: 182106.1, Diff: 0.0]
      [Ext Root Scanning (ms): Min: 0.5, Avg: 0.6, Max: 0.7, Diff: 0.2, Sum: 2.4]
      [Update RS (ms): Min: 9.5, Avg: 9.6, Max: 9.6, Diff: 0.1, Sum: 38.3]
         [Processed Buffers: Min: 15, Avg: 18.5, Max: 24, Diff: 9, Sum: 74]
      [Scan RS (ms): Min: 1.8, Avg: 2.0, Max: 2.0, Diff: 0.2, Sum: 7.9]
      [Code Root Scanning (ms): Min: 0.0, Avg: 0.0, Max: 0.1, Diff: 0.1, Sum: 0.2]
      [Object Copy (ms): Min: 6.3, Avg: 6.3, Max: 6.4, Diff: 0.1, Sum: 25.4]
      [Termination (ms): Min: 0.0, Avg: 0.0, Max: 0.0, Diff: 0.0, Sum: 0.0]
         [Termination Attempts: Min: 1, Avg: 1.0, Max: 1, Diff: 0, Sum: 4]
      [GC Worker Other (ms): Min: 0.0, Avg: 0.0, Max: 0.0, Diff: 0.0, Sum: 0.1]
      [GC Worker Total (ms): Min: 18.5, Avg: 18.5, Max: 18.6, Diff: 0.0, Sum: 74.2]
      [GC Worker End (ms): Min: 182124.6, Avg: 182124.6, Max: 182124.6, Diff: 0.0]
   [Code Root Fixup: 0.1 ms]
   [Code Root Purge: 0.0 ms]
   [Clear CT: 0.2 ms]
   [Other: 0.8 ms]
      [Choose CSet: 0.1 ms]
      [Ref Proc: 0.1 ms]
      [Ref Enq: 0.0 ms]
      [Redirty Cards: 0.0 ms]
      [Humongous Register: 0.0 ms]
      [Humongous Reclaim: 0.0 ms]
      [Free CSet: 0.2 ms]
   [Eden: 47.0M(47.0M)->0.0B(47.0M) Survivors: 7168.0K->7168.0K Heap: 915.5M(1096.0M)->865.5M(1096.0M)]
 [Times: user=0.06 sys=0.00, real=0.02 secs] 
2016-06-27T20:27:59.854+0300: 182.126: Total time for which application threads were stopped: 0.0240855 seconds, Stopping threads took: 0.0038626 seconds
2016-06-27T20:28:00.256+0300: 182.528: [GC pause (G1 Evacuation Pause) (young)
Desired survivor size 3670016 bytes, new threshold 1 (max 15)
- age   1:    7214824 bytes,    7214824 total
, 0.0098621 secs]
   [Parallel Time: 9.2 ms, GC Workers: 4]
      [GC Worker Start (ms): Min: 182528.1, Avg: 182528.2, Max: 182528.2, Diff: 0.0]
      [Ext Root Scanning (ms): Min: 0.5, Avg: 0.6, Max: 0.7, Diff: 0.2, Sum: 2.4]
      [Update RS (ms): Min: 6.1, Avg: 6.3, Max: 6.5, Diff: 0.4, Sum: 25.4]
         [Processed Buffers: Min: 7, Avg: 14.3, Max: 31, Diff: 24, Sum: 57]
      [Scan RS (ms): Min: 0.0, Avg: 0.0, Max: 0.0, Diff: 0.0, Sum: 0.0]
      [Code Root Scanning (ms): Min: 0.0, Avg: 0.0, Max: 0.0, Diff: 0.0, Sum: 0.0]
      [Object Copy (ms): Min: 2.0, Avg: 2.2, Max: 2.4, Diff: 0.4, Sum: 8.8]
      [Termination (ms): Min: 0.0, Avg: 0.0, Max: 0.0, Diff: 0.0, Sum: 0.0]
         [Termination Attempts: Min: 1, Avg: 1.0, Max: 1, Diff: 0, Sum: 4]
      [GC Worker Other (ms): Min: 0.0, Avg: 0.0, Max: 0.0, Diff: 0.0, Sum: 0.1]
      [GC Worker Total (ms): Min: 9.1, Avg: 9.2, Max: 9.2, Diff: 0.0, Sum: 36.6]
      [GC Worker End (ms): Min: 182537.3, Avg: 182537.3, Max: 182537.3, Diff: 0.0]
   [Code Root Fixup: 0.0 ms]
   [Code Root Purge: 0.0 ms]
   [Clear CT: 0.0 ms]
   [Other: 0.6 ms]
      [Choose CSet: 0.0 ms]
      [Ref Proc: 0.1 ms]
      [Ref Enq: 0.0 ms]
      [Redirty Cards: 0.0 ms]
      [Humongous Register: 0.0 ms]
      [Humongous Reclaim: 0.0 ms]
      [Free CSet: 0.1 ms]
   [Eden: 47.0M(47.0M)->0.0B(94.0M) Survivors: 7168.0K->7168.0K Heap: 912.5M(1096.0M)->874.0M(1096.0M)]
 [Times: user=0.00 sys=0.00, real=0.01 secs] 
2016-06-27T20:28:00.266+0300: 182.538: Total time for which application threads were stopped: 0.0115569 seconds, Stopping threads took: 0.0010674 seconds
2016-06-27T20:28:01.042+0300: 183.314: [GC pause (G1 Evacuation Pause) (young) (initial-mark)
Desired survivor size 6815744 bytes, new threshold 1 (max 15)
- age   1:    7185992 bytes,    7185992 total
, 0.0062288 secs]
   [Parallel Time: 5.4 ms, GC Workers: 4]
      [GC Worker Start (ms): Min: 183314.3, Avg: 183314.4, Max: 183314.5, Diff: 0.1]
      [Ext Root Scanning (ms): Min: 0.6, Avg: 0.7, Max: 0.8, Diff: 0.2, Sum: 2.9]
      [Update RS (ms): Min: 1.0, Avg: 1.0, Max: 1.1, Diff: 0.1, Sum: 4.1]
         [Processed Buffers: Min: 6, Avg: 17.0, Max: 26, Diff: 20, Sum: 68]
      [Scan RS (ms): Min: 0.0, Avg: 0.0, Max: 0.0, Diff: 0.0, Sum: 0.0]
      [Code Root Scanning (ms): Min: 0.0, Avg: 0.0, Max: 0.0, Diff: 0.0, Sum: 0.0]
      [Object Copy (ms): Min: 3.5, Avg: 3.6, Max: 3.6, Diff: 0.1, Sum: 14.3]
      [Termination (ms): Min: 0.0, Avg: 0.0, Max: 0.0, Diff: 0.0, Sum: 0.0]
         [Termination Attempts: Min: 1, Avg: 1.0, Max: 1, Diff: 0, Sum: 4]
      [GC Worker Other (ms): Min: 0.0, Avg: 0.0, Max: 0.0, Diff: 0.0, Sum: 0.1]
      [GC Worker Total (ms): Min: 5.3, Avg: 5.4, Max: 5.4, Diff: 0.1, Sum: 21.5]
      [GC Worker End (ms): Min: 183319.7, Avg: 183319.7, Max: 183319.7, Diff: 0.0]
   [Code Root Fixup: 0.0 ms]
   [Code Root Purge: 0.0 ms]
   [Clear CT: 0.0 ms]
   [Other: 0.7 ms]
      [Choose CSet: 0.0 ms]
      [Ref Proc: 0.1 ms]
      [Ref Enq: 0.0 ms]
      [Redirty Cards: 0.0 ms]
      [Humongous Register: 0.0 ms]
      [Humongous Reclaim: 0.0 ms]
      [Free CSet: 0.1 ms]
   [Eden: 94.0M(94.0M)->0.0B(80.0M) Survivors: 7168.0K->13.0M Heap: 968.0M(1096.0M)->891.0M(1096.0M)]
 [Times: user=0.00 sys=0.00, real=0.01 secs] 
2016-06-27T20:28:01.048+0300: 183.320: [GC concurrent-root-region-scan-start]
2016-06-27T20:28:01.048+0300: 183.321: Total time for which application threads were stopped: 0.0133856 seconds, Stopping threads took: 0.0064537 seconds
2016-06-27T20:28:01.049+0300: 183.321: [GC concurrent-root-region-scan-end, 0.0009862 secs]
2016-06-27T20:28:01.049+0300: 183.321: [GC concurrent-mark-start]
2016-06-27T20:28:01.118+0300: 183.390: [GC concurrent-mark-end, 0.0671516 secs]
2016-06-27T20:28:01.149+0300: 183.421: [GC remark 2016-06-27T20:28:01.149+0300: 183.421: [Finalize Marking, 0.0003143 secs] 2016-06-27T20:28:01.150+0300: 183.422: [GC ref-proc, 0.0000979 secs] 2016-06-27T20:28:01.150+0300: 183.422: [Unloading, 0.0019655 secs], 0.0060004 secs]
 [Times: user=0.00 sys=0.00, real=0.01 secs] 
2016-06-27T20:28:01.155+0300: 183.427: Total time for which application threads were stopped: 0.0094272 seconds, Stopping threads took: 0.0028986 seconds
2016-06-27T20:28:01.510+0300: 183.782: [GC cleanup 949M->949M(1096M), 0.0025903 secs]
 [Times: user=0.00 sys=0.00, real=0.00 secs] 
2016-06-27T20:28:01.513+0300: 183.785: Total time for which application threads were stopped: 0.0083765 seconds, Stopping threads took: 0.0051960 seconds
2016-06-27T20:28:01.683+0300: 183.955: [GC pause (G1 Evacuation Pause) (young)
Desired survivor size 6291456 bytes, new threshold 1 (max 15)
- age   1:   13384384 bytes,   13384384 total
, 0.0069977 secs]
   [Parallel Time: 6.3 ms, GC Workers: 4]
      [GC Worker Start (ms): Min: 183955.7, Avg: 183955.9, Max: 183956.1, Diff: 0.4]
      [Ext Root Scanning (ms): Min: 0.5, Avg: 0.8, Max: 1.1, Diff: 0.6, Sum: 3.2]
      [Update RS (ms): Min: 0.9, Avg: 1.0, Max: 1.1, Diff: 0.2, Sum: 4.0]
         [Processed Buffers: Min: 9, Avg: 13.8, Max: 21, Diff: 12, Sum: 55]
      [Scan RS (ms): Min: 0.0, Avg: 0.0, Max: 0.0, Diff: 0.0, Sum: 0.1]
      [Code Root Scanning (ms): Min: 0.0, Avg: 0.0, Max: 0.0, Diff: 0.0, Sum: 0.0]
      [Object Copy (ms): Min: 4.1, Avg: 4.2, Max: 4.4, Diff: 0.3, Sum: 16.9]
      [Termination (ms): Min: 0.0, Avg: 0.0, Max: 0.0, Diff: 0.0, Sum: 0.0]
         [Termination Attempts: Min: 1, Avg: 1.0, Max: 1, Diff: 0, Sum: 4]
      [GC Worker Other (ms): Min: 0.0, Avg: 0.0, Max: 0.0, Diff: 0.0, Sum: 0.0]
      [GC Worker Total (ms): Min: 5.9, Avg: 6.1, Max: 6.3, Diff: 0.4, Sum: 24.3]
      [GC Worker End (ms): Min: 183962.0, Avg: 183962.0, Max: 183962.0, Diff: 0.0]
   [Code Root Fixup: 0.0 ms]
   [Code Root Purge: 0.0 ms]
   [Clear CT: 0.0 ms]
   [Other: 0.6 ms]
      [Choose CSet: 0.0 ms]
      [Ref Proc: 0.1 ms]
      [Ref Enq: 0.0 ms]
      [Redirty Cards: 0.1 ms]
      [Humongous Register: 0.0 ms]
      [Humongous Reclaim: 0.0 ms]
      [Free CSet: 0.1 ms]
   [Eden: 80.0M(80.0M)->0.0B(42.0M) Survivors: 13.0M->12.0M Heap: 971.0M(1096.0M)->905.5M(1096.0M)]
 [Times: user=0.00 sys=0.00, real=0.01 secs] 
2016-06-27T20:28:01.690+0300: 183.963: Total time for which application threads were stopped: 0.0099921 seconds, Stopping threads took: 0.0022046 seconds
2016-06-27T20:28:02.053+0300: 184.325: [GC pause (G1 Evacuation Pause) (mixed)
Desired survivor size 3670016 bytes, new threshold 1 (max 15)
- age   1:   12378024 bytes,   12378024 total
, 0.0206360 secs]
   [Parallel Time: 19.3 ms, GC Workers: 4]
      [GC Worker Start (ms): Min: 184324.9, Avg: 184324.9, Max: 184324.9, Diff: 0.0]
      [Ext Root Scanning (ms): Min: 0.6, Avg: 0.6, Max: 0.6, Diff: 0.0, Sum: 2.4]
      [Update RS (ms): Min: 1.3, Avg: 1.3, Max: 1.4, Diff: 0.1, Sum: 5.4]
         [Processed Buffers: Min: 5, Avg: 10.5, Max: 22, Diff: 17, Sum: 42]
      [Scan RS (ms): Min: 2.5, Avg: 2.6, Max: 2.6, Diff: 0.1, Sum: 10.3]
      [Code Root Scanning (ms): Min: 0.0, Avg: 0.0, Max: 0.0, Diff: 0.0, Sum: 0.0]
      [Object Copy (ms): Min: 14.7, Avg: 14.7, Max: 14.7, Diff: 0.0, Sum: 58.8]
      [Termination (ms): Min: 0.0, Avg: 0.0, Max: 0.0, Diff: 0.0, Sum: 0.0]
         [Termination Attempts: Min: 1, Avg: 3.5, Max: 6, Diff: 5, Sum: 14]
      [GC Worker Other (ms): Min: 0.0, Avg: 0.0, Max: 0.0, Diff: 0.0, Sum: 0.1]
      [GC Worker Total (ms): Min: 19.2, Avg: 19.2, Max: 19.2, Diff: 0.0, Sum: 77.0]
      [GC Worker End (ms): Min: 184344.2, Avg: 184344.2, Max: 184344.2, Diff: 0.0]
   [Code Root Fixup: 0.0 ms]
   [Code Root Purge: 0.0 ms]
   [Clear CT: 0.2 ms]
   [Other: 1.1 ms]
      [Choose CSet: 0.1 ms]
      [Ref Proc: 0.1 ms]
      [Ref Enq: 0.0 ms]
      [Redirty Cards: 0.1 ms]
      [Humongous Register: 0.0 ms]
      [Humongous Reclaim: 0.0 ms]
      [Free CSet: 0.5 ms]
   [Eden: 42.0M(42.0M)->0.0B(47.0M) Survivors: 12.0M->7168.0K Heap: 947.5M(1096.0M)->874.0M(1096.0M)]
 [Times: user=0.06 sys=0.00, real=0.02 secs] 
2016-06-27T20:28:02.073+0300: 184.345: Total time for which application threads were stopped: 0.0250156 seconds, Stopping threads took: 0.0036222 seconds
2016-06-27T20:28:02.452+0300: 184.724: [GC pause (G1 Evacuation Pause) (mixed)
Desired survivor size 3670016 bytes, new threshold 1 (max 15)
- age   1:    7116640 bytes,    7116640 total
, 0.0251016 secs]
   [Parallel Time: 23.9 ms, GC Workers: 4]
      [GC Worker Start (ms): Min: 184724.2, Avg: 184724.2, Max: 184724.2, Diff: 0.0]
      [Ext Root Scanning (ms): Min: 0.6, Avg: 0.6, Max: 0.7, Diff: 0.1, Sum: 2.5]
      [Update RS (ms): Min: 8.7, Avg: 8.8, Max: 9.0, Diff: 0.2, Sum: 35.3]
         [Processed Buffers: Min: 13, Avg: 19.0, Max: 32, Diff: 19, Sum: 76]
      [Scan RS (ms): Min: 3.1, Avg: 3.3, Max: 3.3, Diff: 0.2, Sum: 13.1]
      [Code Root Scanning (ms): Min: 0.0, Avg: 0.0, Max: 0.0, Diff: 0.0, Sum: 0.1]
      [Object Copy (ms): Min: 11.1, Avg: 11.1, Max: 11.1, Diff: 0.1, Sum: 44.4]
      [Termination (ms): Min: 0.0, Avg: 0.0, Max: 0.0, Diff: 0.0, Sum: 0.0]
         [Termination Attempts: Min: 1, Avg: 3.8, Max: 8, Diff: 7, Sum: 15]
      [GC Worker Other (ms): Min: 0.0, Avg: 0.0, Max: 0.0, Diff: 0.0, Sum: 0.0]
      [GC Worker Total (ms): Min: 23.8, Avg: 23.9, Max: 23.9, Diff: 0.0, Sum: 95.5]
      [GC Worker End (ms): Min: 184748.1, Avg: 184748.1, Max: 184748.1, Diff: 0.0]
   [Code Root Fixup: 0.0 ms]
   [Code Root Purge: 0.0 ms]
   [Clear CT: 0.2 ms]
   [Other: 0.9 ms]
      [Choose CSet: 0.1 ms]
      [Ref Proc: 0.0 ms]
      [Ref Enq: 0.0 ms]
      [Redirty Cards: 0.0 ms]
      [Humongous Register: 0.0 ms]
      [Humongous Reclaim: 0.0 ms]
      [Free CSet: 0.4 ms]
   [Eden: 47.0M(47.0M)->0.0B(47.0M) Survivors: 7168.0K->7168.0K Heap: 921.0M(1096.0M)->857.5M(1096.0M)]
 [Times: user=0.13 sys=0.00, real=0.03 secs] 
2016-06-27T20:28:02.477+0300: 184.749: Total time for which application threads were stopped: 0.0285481 seconds, Stopping threads took: 0.0026887 seconds
2016-06-27T20:28:02.880+0300: 185.152: [GC pause (G1 Evacuation Pause) (young)
Desired survivor size 3670016 bytes, new threshold 1 (max 15)
- age   1:    7230928 bytes,    7230928 total
, 0.0131564 secs]
   [Parallel Time: 12.3 ms, GC Workers: 4]
      [GC Worker Start (ms): Min: 185152.1, Avg: 185152.1, Max: 185152.1, Diff: 0.0]
      [Ext Root Scanning (ms): Min: 0.5, Avg: 0.6, Max: 0.6, Diff: 0.1, Sum: 2.3]
      [Update RS (ms): Min: 9.3, Avg: 9.4, Max: 9.4, Diff: 0.0, Sum: 37.4]
         [Processed Buffers: Min: 11, Avg: 20.8, Max: 28, Diff: 17, Sum: 83]
      [Scan RS (ms): Min: 0.0, Avg: 0.0, Max: 0.0, Diff: 0.0, Sum: 0.0]
      [Code Root Scanning (ms): Min: 0.0, Avg: 0.0, Max: 0.0, Diff: 0.0, Sum: 0.0]
      [Object Copy (ms): Min: 2.3, Avg: 2.3, Max: 2.4, Diff: 0.1, Sum: 9.2]
      [Termination (ms): Min: 0.0, Avg: 0.0, Max: 0.0, Diff: 0.0, Sum: 0.0]
         [Termination Attempts: Min: 1, Avg: 1.0, Max: 1, Diff: 0, Sum: 4]
      [GC Worker Other (ms): Min: 0.0, Avg: 0.0, Max: 0.0, Diff: 0.0, Sum: 0.0]
      [GC Worker Total (ms): Min: 12.3, Avg: 12.3, Max: 12.3, Diff: 0.0, Sum: 49.1]
      [GC Worker End (ms): Min: 185164.3, Avg: 185164.3, Max: 185164.3, Diff: 0.0]
   [Code Root Fixup: 0.0 ms]
   [Code Root Purge: 0.0 ms]
   [Clear CT: 0.0 ms]
   [Other: 0.8 ms]
      [Choose CSet: 0.0 ms]
      [Ref Proc: 0.2 ms]
      [Ref Enq: 0.0 ms]
      [Redirty Cards: 0.0 ms]
      [Humongous Register: 0.0 ms]
      [Humongous Reclaim: 0.0 ms]
      [Free CSet: 0.1 ms]
   [Eden: 47.0M(47.0M)->0.0B(47.0M) Survivors: 7168.0K->7168.0K Heap: 904.5M(1096.0M)->866.0M(1096.0M)]
 [Times: user=0.00 sys=0.00, real=0.01 secs] 
2016-06-27T20:28:02.893+0300: 185.165: Total time for which application threads were stopped: 0.0149213 seconds, Stopping threads took: 0.0009952 seconds
2016-06-27T20:28:03.182+0300: 185.455: Total time for which application threads were stopped: 0.0026895 seconds, Stopping threads took: 0.0012445 seconds
2016-06-27T20:28:03.274+0300: 185.546: [GC pause (G1 Evacuation Pause) (young) (initial-mark)
Desired survivor size 3670016 bytes, new threshold 1 (max 15)
- age   1:    7187480 bytes,    7187480 total
, 0.0045327 secs]
   [Parallel Time: 3.8 ms, GC Workers: 4]
      [GC Worker Start (ms): Min: 185546.3, Avg: 185546.3, Max: 185546.3, Diff: 0.0]
      [Ext Root Scanning (ms): Min: 0.5, Avg: 0.6, Max: 0.8, Diff: 0.2, Sum: 2.4]
      [Update RS (ms): Min: 0.7, Avg: 0.8, Max: 1.0, Diff: 0.3, Sum: 3.2]
         [Processed Buffers: Min: 2, Avg: 8.3, Max: 24, Diff: 22, Sum: 33]
      [Scan RS (ms): Min: 0.0, Avg: 0.0, Max: 0.0, Diff: 0.0, Sum: 0.0]
      [Code Root Scanning (ms): Min: 0.0, Avg: 0.0, Max: 0.0, Diff: 0.0, Sum: 0.0]
      [Object Copy (ms): Min: 2.2, Avg: 2.3, Max: 2.4, Diff: 0.2, Sum: 9.1]
      [Termination (ms): Min: 0.0, Avg: 0.0, Max: 0.0, Diff: 0.0, Sum: 0.0]
         [Termination Attempts: Min: 1, Avg: 1.0, Max: 1, Diff: 0, Sum: 4]
      [GC Worker Other (ms): Min: 0.0, Avg: 0.0, Max: 0.0, Diff: 0.0, Sum: 0.0]
      [GC Worker Total (ms): Min: 3.7, Avg: 3.7, Max: 3.7, Diff: 0.0, Sum: 14.8]
      [GC Worker End (ms): Min: 185550.0, Avg: 185550.0, Max: 185550.0, Diff: 0.0]
   [Code Root Fixup: 0.0 ms]
   [Code Root Purge: 0.0 ms]
   [Clear CT: 0.1 ms]
   [Other: 0.7 ms]
      [Choose CSet: 0.0 ms]
      [Ref Proc: 0.0 ms]
      [Ref Enq: 0.0 ms]
      [Redirty Cards: 0.0 ms]
      [Humongous Register: 0.0 ms]
      [Humongous Reclaim: 0.0 ms]
      [Free CSet: 0.1 ms]
   [Eden: 47.0M(47.0M)->0.0B(93.0M) Survivors: 7168.0K->7168.0K Heap: 913.0M(1096.0M)->875.5M(1096.0M)]
 [Times: user=0.00 sys=0.00, real=0.01 secs] 
2016-06-27T20:28:03.279+0300: 185.551: [GC concurrent-root-region-scan-start]
2016-06-27T20:28:03.279+0300: 185.551: Total time for which application threads were stopped: 0.0068040 seconds, Stopping threads took: 0.0014172 seconds
2016-06-27T20:28:03.280+0300: 185.551: [GC concurrent-root-region-scan-end, 0.0006282 secs]
2016-06-27T20:28:03.280+0300: 185.551: [GC concurrent-mark-start]
2016-06-27T20:28:03.344+0300: 185.615: [GC concurrent-mark-end, 0.0636752 secs]
2016-06-27T20:28:03.366+0300: 185.638: [GC remark 2016-06-27T20:28:03.366+0300: 185.638: [Finalize Marking, 0.0002352 secs] 2016-06-27T20:28:03.366+0300: 185.638: [GC ref-proc, 0.0001086 secs] 2016-06-27T20:28:03.366+0300: 185.638: [Unloading, 0.0018458 secs], 0.0057964 secs]
 [Times: user=0.00 sys=0.00, real=0.01 secs] 
2016-06-27T20:28:03.372+0300: 185.644: Total time for which application threads were stopped: 0.0073095 seconds, Stopping threads took: 0.0009058 seconds
2016-06-27T20:28:03.373+0300: 185.645: [GC cleanup 895M->895M(1096M), 0.0019980 secs]
 [Times: user=0.00 sys=0.00, real=0.00 secs] 
2016-06-27T20:28:03.375+0300: 185.647: Total time for which application threads were stopped: 0.0027023 seconds, Stopping threads took: 0.0000560 seconds
2016-06-27T20:28:03.994+0300: 186.266: [GC pause (G1 Evacuation Pause) (young)
Desired survivor size 6815744 bytes, new threshold 1 (max 15)
- age   1:    7218984 bytes,    7218984 total
, 0.0057203 secs]
   [Parallel Time: 5.0 ms, GC Workers: 4]
      [GC Worker Start (ms): Min: 186265.9, Avg: 186265.9, Max: 186265.9, Diff: 0.0]
      [Ext Root Scanning (ms): Min: 0.5, Avg: 0.6, Max: 0.6, Diff: 0.1, Sum: 2.3]
      [Update RS (ms): Min: 0.8, Avg: 0.8, Max: 0.8, Diff: 0.0, Sum: 3.2]
         [Processed Buffers: Min: 6, Avg: 23.8, Max: 41, Diff: 35, Sum: 95]
      [Scan RS (ms): Min: 0.0, Avg: 0.0, Max: 0.0, Diff: 0.0, Sum: 0.1]
      [Code Root Scanning (ms): Min: 0.0, Avg: 0.0, Max: 0.0, Diff: 0.0, Sum: 0.0]
      [Object Copy (ms): Min: 3.5, Avg: 3.6, Max: 3.6, Diff: 0.1, Sum: 14.2]
      [Termination (ms): Min: 0.0, Avg: 0.0, Max: 0.0, Diff: 0.0, Sum: 0.1]
         [Termination Attempts: Min: 1, Avg: 1.0, Max: 1, Diff: 0, Sum: 4]
      [GC Worker Other (ms): Min: 0.0, Avg: 0.0, Max: 0.0, Diff: 0.0, Sum: 0.1]
      [GC Worker Total (ms): Min: 5.0, Avg: 5.0, Max: 5.0, Diff: 0.0, Sum: 19.9]
      [GC Worker End (ms): Min: 186270.9, Avg: 186270.9, Max: 186270.9, Diff: 0.0]
   [Code Root Fixup: 0.0 ms]
   [Code Root Purge: 0.0 ms]
   [Clear CT: 0.1 ms]
   [Other: 0.6 ms]
      [Choose CSet: 0.0 ms]
      [Ref Proc: 0.1 ms]
      [Ref Enq: 0.0 ms]
      [Redirty Cards: 0.0 ms]
      [Humongous Register: 0.0 ms]
      [Humongous Reclaim: 0.0 ms]
      [Free CSet: 0.1 ms]
   [Eden: 93.0M(93.0M)->0.0B(41.0M) Survivors: 7168.0K->13.0M Heap: 968.5M(1096.0M)->892.5M(1096.0M)]
 [Times: user=0.00 sys=0.00, real=0.01 secs] 
2016-06-27T20:28:04.000+0300: 186.272: Total time for which application threads were stopped: 0.0084124 seconds, Stopping threads took: 0.0019193 seconds
2016-06-27T20:28:04.183+0300: 186.455: Total time for which application threads were stopped: 0.0028546 seconds, Stopping threads took: 0.0012911 seconds
2016-06-27T20:28:04.336+0300: 186.608: [GC pause (G1 Evacuation Pause) (mixed)
Desired survivor size 3670016 bytes, new threshold 1 (max 15)
- age   1:   13363328 bytes,   13363328 total
, 0.0199993 secs]
   [Parallel Time: 18.6 ms, GC Workers: 4]
      [GC Worker Start (ms): Min: 186608.8, Avg: 186608.8, Max: 186608.8, Diff: 0.0]
      [Ext Root Scanning (ms): Min: 0.5, Avg: 0.5, Max: 0.6, Diff: 0.1, Sum: 2.1]
      [Update RS (ms): Min: 0.5, Avg: 0.6, Max: 0.6, Diff: 0.2, Sum: 2.3]
         [Processed Buffers: Min: 2, Avg: 5.8, Max: 9, Diff: 7, Sum: 23]
      [Scan RS (ms): Min: 3.1, Avg: 3.2, Max: 3.3, Diff: 0.1, Sum: 12.9]
      [Code Root Scanning (ms): Min: 0.0, Avg: 0.0, Max: 0.1, Diff: 0.1, Sum: 0.1]
      [Object Copy (ms): Min: 14.2, Avg: 14.2, Max: 14.2, Diff: 0.0, Sum: 56.8]
      [Termination (ms): Min: 0.0, Avg: 0.0, Max: 0.0, Diff: 0.0, Sum: 0.0]
         [Termination Attempts: Min: 1, Avg: 4.8, Max: 8, Diff: 7, Sum: 19]
      [GC Worker Other (ms): Min: 0.0, Avg: 0.0, Max: 0.0, Diff: 0.0, Sum: 0.1]
      [GC Worker Total (ms): Min: 18.6, Avg: 18.6, Max: 18.6, Diff: 0.0, Sum: 74.3]
      [GC Worker End (ms): Min: 186627.4, Avg: 186627.4, Max: 186627.4, Diff: 0.0]
   [Code Root Fixup: 0.0 ms]
   [Code Root Purge: 0.0 ms]
   [Clear CT: 0.2 ms]
   [Other: 1.1 ms]
      [Choose CSet: 0.2 ms]
      [Ref Proc: 0.1 ms]
      [Ref Enq: 0.0 ms]
      [Redirty Cards: 0.1 ms]
      [Humongous Register: 0.0 ms]
      [Humongous Reclaim: 0.0 ms]
      [Free CSet: 0.5 ms]
   [Eden: 41.0M(41.0M)->0.0B(47.0M) Survivors: 13.0M->7168.0K Heap: 933.5M(1096.0M)->856.0M(1096.0M)]
 [Times: user=0.06 sys=0.00, real=0.02 secs] 
2016-06-27T20:28:04.357+0300: 186.629: Total time for which application threads were stopped: 0.0209991 seconds, Stopping threads took: 0.0004174 seconds
2016-06-27T20:28:04.766+0300: 187.038: [GC pause (G1 Evacuation Pause) (mixed)
Desired survivor size 3670016 bytes, new threshold 1 (max 15)
- age   1:    6889016 bytes,    6889016 total
, 0.0190315 secs]
   [Parallel Time: 18.0 ms, GC Workers: 4]
      [GC Worker Start (ms): Min: 187037.8, Avg: 187037.8, Max: 187037.8, Diff: 0.0]
      [Ext Root Scanning (ms): Min: 0.5, Avg: 0.5, Max: 0.6, Diff: 0.0, Sum: 2.1]
      [Update RS (ms): Min: 8.7, Avg: 8.7, Max: 8.9, Diff: 0.2, Sum: 35.0]
         [Processed Buffers: Min: 10, Avg: 16.3, Max: 26, Diff: 16, Sum: 65]
      [Scan RS (ms): Min: 2.2, Avg: 2.4, Max: 2.6, Diff: 0.3, Sum: 9.8]
      [Code Root Scanning (ms): Min: 0.0, Avg: 0.0, Max: 0.1, Diff: 0.1, Sum: 0.2]
      [Object Copy (ms): Min: 6.2, Avg: 6.2, Max: 6.3, Diff: 0.1, Sum: 25.0]
      [Termination (ms): Min: 0.0, Avg: 0.0, Max: 0.0, Diff: 0.0, Sum: 0.0]
         [Termination Attempts: Min: 1, Avg: 1.0, Max: 1, Diff: 0, Sum: 4]
      [GC Worker Other (ms): Min: 0.0, Avg: 0.0, Max: 0.0, Diff: 0.0, Sum: 0.1]
      [GC Worker Total (ms): Min: 18.0, Avg: 18.0, Max: 18.0, Diff: 0.0, Sum: 72.0]
      [GC Worker End (ms): Min: 187055.8, Avg: 187055.8, Max: 187055.8, Diff: 0.0]
   [Code Root Fixup: 0.1 ms]
   [Code Root Purge: 0.0 ms]
   [Clear CT: 0.2 ms]
   [Other: 0.8 ms]
      [Choose CSet: 0.1 ms]
      [Ref Proc: 0.1 ms]
      [Ref Enq: 0.0 ms]
      [Redirty Cards: 0.0 ms]
      [Humongous Register: 0.0 ms]
      [Humongous Reclaim: 0.0 ms]
      [Free CSet: 0.2 ms]
   [Eden: 47.0M(47.0M)->0.0B(47.0M) Survivors: 7168.0K->7168.0K Heap: 903.0M(1096.0M)->850.5M(1096.0M)]
 [Times: user=0.06 sys=0.00, real=0.02 secs] 
2016-06-27T20:28:04.785+0300: 187.057: Total time for which application threads were stopped: 0.0215298 seconds, Stopping threads took: 0.0018304 seconds
2016-06-27T20:28:05.181+0300: 187.453: [GC pause (G1 Evacuation Pause) (young)
Desired survivor size 3670016 bytes, new threshold 1 (max 15)
- age   1:    7211584 bytes,    7211584 total
, 0.0098455 secs]
   [Parallel Time: 9.2 ms, GC Workers: 4]
      [GC Worker Start (ms): Min: 187453.3, Avg: 187453.3, Max: 187453.3, Diff: 0.0]
      [Ext Root Scanning (ms): Min: 0.5, Avg: 0.5, Max: 0.6, Diff: 0.1, Sum: 2.2]
      [Update RS (ms): Min: 6.3, Avg: 6.4, Max: 6.5, Diff: 0.3, Sum: 25.5]
         [Processed Buffers: Min: 7, Avg: 14.5, Max: 24, Diff: 17, Sum: 58]
      [Scan RS (ms): Min: 0.0, Avg: 0.0, Max: 0.0, Diff: 0.0, Sum: 0.0]
      [Code Root Scanning (ms): Min: 0.0, Avg: 0.0, Max: 0.0, Diff: 0.0, Sum: 0.0]
      [Object Copy (ms): Min: 2.1, Avg: 2.2, Max: 2.3, Diff: 0.2, Sum: 8.9]
      [Termination (ms): Min: 0.0, Avg: 0.0, Max: 0.0, Diff: 0.0, Sum: 0.0]
         [Termination Attempts: Min: 1, Avg: 1.0, Max: 1, Diff: 0, Sum: 4]
      [GC Worker Other (ms): Min: 0.0, Avg: 0.0, Max: 0.0, Diff: 0.0, Sum: 0.1]
      [GC Worker Total (ms): Min: 9.2, Avg: 9.2, Max: 9.2, Diff: 0.0, Sum: 36.7]
      [GC Worker End (ms): Min: 187462.5, Avg: 187462.5, Max: 187462.5, Diff: 0.0]
   [Code Root Fixup: 0.0 ms]
   [Code Root Purge: 0.0 ms]
   [Clear CT: 0.0 ms]
   [Other: 0.6 ms]
      [Choose CSet: 0.0 ms]
      [Ref Proc: 0.0 ms]
      [Ref Enq: 0.0 ms]
      [Redirty Cards: 0.0 ms]
      [Humongous Register: 0.0 ms]
      [Humongous Reclaim: 0.0 ms]
      [Free CSet: 0.1 ms]
   [Eden: 47.0M(47.0M)->0.0B(47.0M) Survivors: 7168.0K->7168.0K Heap: 897.5M(1096.0M)->859.5M(1096.0M)]
 [Times: user=0.00 sys=0.00, real=0.01 secs] 
2016-06-27T20:28:05.191+0300: 187.463: Total time for which application threads were stopped: 0.0113696 seconds, Stopping threads took: 0.0009045 seconds
2016-06-27T20:28:05.600+0300: 187.872: [GC pause (G1 Evacuation Pause) (young) (initial-mark)
Desired survivor size 3670016 bytes, new threshold 1 (max 15)
- age   1:    7184504 bytes,    7184504 total
, 0.0043463 secs]
   [Parallel Time: 3.6 ms, GC Workers: 4]
      [GC Worker Start (ms): Min: 187872.2, Avg: 187872.2, Max: 187872.2, Diff: 0.0]
      [Ext Root Scanning (ms): Min: 0.5, Avg: 0.6, Max: 0.7, Diff: 0.2, Sum: 2.3]
      [Update RS (ms): Min: 0.5, Avg: 0.7, Max: 0.8, Diff: 0.2, Sum: 2.6]
         [Processed Buffers: Min: 8, Avg: 11.0, Max: 14, Diff: 6, Sum: 44]
      [Scan RS (ms): Min: 0.0, Avg: 0.0, Max: 0.0, Diff: 0.0, Sum: 0.0]
      [Code Root Scanning (ms): Min: 0.0, Avg: 0.0, Max: 0.0, Diff: 0.0, Sum: 0.0]
      [Object Copy (ms): Min: 2.2, Avg: 2.3, Max: 2.4, Diff: 0.1, Sum: 9.3]
      [Termination (ms): Min: 0.0, Avg: 0.0, Max: 0.0, Diff: 0.0, Sum: 0.0]
         [Termination Attempts: Min: 1, Avg: 1.0, Max: 1, Diff: 0, Sum: 4]
      [GC Worker Other (ms): Min: 0.0, Avg: 0.0, Max: 0.0, Diff: 0.0, Sum: 0.1]
      [GC Worker Total (ms): Min: 3.6, Avg: 3.6, Max: 3.6, Diff: 0.0, Sum: 14.4]
      [GC Worker End (ms): Min: 187875.8, Avg: 187875.8, Max: 187875.8, Diff: 0.0]
   [Code Root Fixup: 0.0 ms]
   [Code Root Purge: 0.0 ms]
   [Clear CT: 0.0 ms]
   [Other: 0.6 ms]
      [Choose CSet: 0.0 ms]
      [Ref Proc: 0.1 ms]
      [Ref Enq: 0.0 ms]
      [Redirty Cards: 0.0 ms]
      [Humongous Register: 0.0 ms]
      [Humongous Reclaim: 0.0 ms]
      [Free CSet: 0.1 ms]
   [Eden: 47.0M(47.0M)->0.0B(99.0M) Survivors: 7168.0K->7168.0K Heap: 906.5M(1096.0M)->869.0M(1096.0M)]
 [Times: user=0.00 sys=0.00, real=0.00 secs] 
2016-06-27T20:28:05.604+0300: 187.876: [GC concurrent-root-region-scan-start]
2016-06-27T20:28:05.604+0300: 187.877: Total time for which application threads were stopped: 0.0083906 seconds, Stopping threads took: 0.0033678 seconds
2016-06-27T20:28:05.605+0300: 187.877: [GC concurrent-root-region-scan-end, 0.0007493 secs]
2016-06-27T20:28:05.605+0300: 187.877: [GC concurrent-mark-start]
2016-06-27T20:28:05.677+0300: 187.949: [GC concurrent-mark-end, 0.0702114 secs]
2016-06-27T20:28:05.711+0300: 187.983: [GC remark 2016-06-27T20:28:05.711+0300: 187.983: [Finalize Marking, 0.0001967 secs] 2016-06-27T20:28:05.711+0300: 187.983: [GC ref-proc, 0.0000979 secs] 2016-06-27T20:28:05.711+0300: 187.983: [Unloading, 0.0016828 secs], 0.0056215 secs]
 [Times: user=0.00 sys=0.00, real=0.01 secs] 
2016-06-27T20:28:05.717+0300: 187.989: Total time for which application threads were stopped: 0.0075990 seconds, Stopping threads took: 0.0015421 seconds
2016-06-27T20:28:05.717+0300: 187.989: [GC cleanup 884M->884M(1096M), 0.0019424 secs]
 [Times: user=0.00 sys=0.00, real=0.00 secs] 
2016-06-27T20:28:05.719+0300: 187.991: Total time for which application threads were stopped: 0.0025018 seconds, Stopping threads took: 0.0000992 seconds
2016-06-27T20:28:06.394+0300: 188.666: [GC pause (G1 Evacuation Pause) (young)
Desired survivor size 7340032 bytes, new threshold 15 (max 15)
- age   1:    7129896 bytes,    7129896 total
, 0.0060064 secs]
   [Parallel Time: 5.3 ms, GC Workers: 4]
      [GC Worker Start (ms): Min: 188666.2, Avg: 188666.2, Max: 188666.2, Diff: 0.0]
      [Ext Root Scanning (ms): Min: 0.5, Avg: 0.6, Max: 0.6, Diff: 0.1, Sum: 2.3]
      [Update RS (ms): Min: 1.0, Avg: 1.0, Max: 1.1, Diff: 0.1, Sum: 4.1]
         [Processed Buffers: Min: 8, Avg: 16.5, Max: 31, Diff: 23, Sum: 66]
      [Scan RS (ms): Min: 0.0, Avg: 0.0, Max: 0.0, Diff: 0.0, Sum: 0.1]
      [Code Root Scanning (ms): Min: 0.0, Avg: 0.0, Max: 0.0, Diff: 0.0, Sum: 0.0]
      [Object Copy (ms): Min: 3.6, Avg: 3.7, Max: 3.7, Diff: 0.1, Sum: 14.7]
      [Termination (ms): Min: 0.0, Avg: 0.0, Max: 0.0, Diff: 0.0, Sum: 0.0]
         [Termination Attempts: Min: 1, Avg: 1.0, Max: 1, Diff: 0, Sum: 4]
      [GC Worker Other (ms): Min: 0.0, Avg: 0.0, Max: 0.0, Diff: 0.0, Sum: 0.1]
      [GC Worker Total (ms): Min: 5.3, Avg: 5.3, Max: 5.3, Diff: 0.0, Sum: 21.3]
      [GC Worker End (ms): Min: 188671.5, Avg: 188671.5, Max: 188671.5, Diff: 0.0]
   [Code Root Fixup: 0.0 ms]
   [Code Root Purge: 0.0 ms]
   [Clear CT: 0.1 ms]
   [Other: 0.5 ms]
      [Choose CSet: 0.0 ms]
      [Ref Proc: 0.0 ms]
      [Ref Enq: 0.0 ms]
      [Redirty Cards: 0.0 ms]
      [Humongous Register: 0.0 ms]
      [Humongous Reclaim: 0.0 ms]
      [Free CSet: 0.1 ms]
   [Eden: 99.0M(99.0M)->0.0B(40.0M) Survivors: 7168.0K->14.0M Heap: 968.0M(1096.0M)->886.5M(1096.0M)]
 [Times: user=0.06 sys=0.00, real=0.01 secs] 
2016-06-27T20:28:06.400+0300: 188.672: Total time for which application threads were stopped: 0.0106208 seconds, Stopping threads took: 0.0039400 seconds
2016-06-27T20:28:06.749+0300: 189.021: [GC pause (G1 Evacuation Pause) (mixed)
Desired survivor size 3670016 bytes, new threshold 1 (max 15)
- age   1:   11435864 bytes,   11435864 total
- age   2:    3019872 bytes,   14455736 total
, 0.0213365 secs]
   [Parallel Time: 20.0 ms, GC Workers: 4]
      [GC Worker Start (ms): Min: 189021.7, Avg: 189021.7, Max: 189021.7, Diff: 0.0]
      [Ext Root Scanning (ms): Min: 0.5, Avg: 0.6, Max: 0.6, Diff: 0.1, Sum: 2.3]
      [Update RS (ms): Min: 0.8, Avg: 0.8, Max: 0.9, Diff: 0.1, Sum: 3.4]
         [Processed Buffers: Min: 3, Avg: 9.3, Max: 24, Diff: 21, Sum: 37]
      [Scan RS (ms): Min: 3.2, Avg: 3.2, Max: 3.3, Diff: 0.1, Sum: 12.9]
      [Code Root Scanning (ms): Min: 0.0, Avg: 0.0, Max: 0.0, Diff: 0.0, Sum: 0.0]
      [Object Copy (ms): Min: 15.2, Avg: 15.3, Max: 15.3, Diff: 0.0, Sum: 61.0]
      [Termination (ms): Min: 0.0, Avg: 0.0, Max: 0.0, Diff: 0.0, Sum: 0.0]
         [Termination Attempts: Min: 1, Avg: 4.0, Max: 9, Diff: 8, Sum: 16]
      [GC Worker Other (ms): Min: 0.0, Avg: 0.0, Max: 0.0, Diff: 0.0, Sum: 0.0]
      [GC Worker Total (ms): Min: 19.9, Avg: 19.9, Max: 19.9, Diff: 0.0, Sum: 79.7]
      [GC Worker End (ms): Min: 189041.6, Avg: 189041.6, Max: 189041.6, Diff: 0.0]
   [Code Root Fixup: 0.0 ms]
   [Code Root Purge: 0.0 ms]
   [Clear CT: 0.2 ms]
   [Other: 1.1 ms]
      [Choose CSet: 0.2 ms]
      [Ref Proc: 0.0 ms]
      [Ref Enq: 0.0 ms]
      [Redirty Cards: 0.0 ms]
      [Humongous Register: 0.0 ms]
      [Humongous Reclaim: 0.0 ms]
      [Free CSet: 0.5 ms]
   [Eden: 40.0M(40.0M)->0.0B(47.0M) Survivors: 14.0M->7168.0K Heap: 926.5M(1096.0M)->857.5M(1096.0M)]
 [Times: user=0.08 sys=0.00, real=0.02 secs] 
2016-06-27T20:28:06.771+0300: 189.043: Total time for which application threads were stopped: 0.0253133 seconds, Stopping threads took: 0.0033019 seconds
2016-06-27T20:28:07.169+0300: 189.441: [GC pause (G1 Evacuation Pause) (mixed)
Desired survivor size 3670016 bytes, new threshold 1 (max 15)
- age   1:    6515744 bytes,    6515744 total
, 0.0160067 secs]
   [Parallel Time: 15.2 ms, GC Workers: 4]
      [GC Worker Start (ms): Min: 189441.6, Avg: 189441.6, Max: 189441.6, Diff: 0.0]
      [Ext Root Scanning (ms): Min: 0.5, Avg: 0.6, Max: 0.6, Diff: 0.1, Sum: 2.3]
      [Update RS (ms): Min: 10.1, Avg: 10.2, Max: 10.5, Diff: 0.4, Sum: 40.9]
         [Processed Buffers: Min: 11, Avg: 19.3, Max: 39, Diff: 28, Sum: 77]
      [Scan RS (ms): Min: 0.4, Avg: 0.7, Max: 0.9, Diff: 0.5, Sum: 3.0]
      [Code Root Scanning (ms): Min: 0.0, Avg: 0.0, Max: 0.0, Diff: 0.0, Sum: 0.0]
      [Object Copy (ms): Min: 3.5, Avg: 3.6, Max: 3.6, Diff: 0.1, Sum: 14.2]
      [Termination (ms): Min: 0.0, Avg: 0.0, Max: 0.0, Diff: 0.0, Sum: 0.0]
         [Termination Attempts: Min: 1, Avg: 1.0, Max: 1, Diff: 0, Sum: 4]
      [GC Worker Other (ms): Min: 0.0, Avg: 0.0, Max: 0.0, Diff: 0.0, Sum: 0.1]
      [GC Worker Total (ms): Min: 15.1, Avg: 15.1, Max: 15.1, Diff: 0.0, Sum: 60.5]
      [GC Worker End (ms): Min: 189456.7, Avg: 189456.7, Max: 189456.7, Diff: 0.0]
   [Code Root Fixup: 0.0 ms]
   [Code Root Purge: 0.0 ms]
   [Clear CT: 0.2 ms]
   [Other: 0.6 ms]
      [Choose CSet: 0.0 ms]
      [Ref Proc: 0.1 ms]
      [Ref Enq: 0.0 ms]
      [Redirty Cards: 0.0 ms]
      [Humongous Register: 0.0 ms]
      [Humongous Reclaim: 0.0 ms]
      [Free CSet: 0.1 ms]
   [Eden: 47.0M(47.0M)->0.0B(47.0M) Survivors: 7168.0K->7168.0K Heap: 904.5M(1096.0M)->863.0M(1096.0M)]
 [Times: user=0.06 sys=0.00, real=0.02 secs] 
2016-06-27T20:28:07.185+0300: 189.458: Total time for which application threads were stopped: 0.0182288 seconds, Stopping threads took: 0.0014835 seconds
2016-06-27T20:28:07.577+0300: 189.849: [GC pause (G1 Evacuation Pause) (young)
Desired survivor size 3670016 bytes, new threshold 1 (max 15)
- age   1:    7229880 bytes,    7229880 total
, 0.0067800 secs]
   [Parallel Time: 6.1 ms, GC Workers: 4]
      [GC Worker Start (ms): Min: 189849.3, Avg: 189849.3, Max: 189849.3, Diff: 0.0]
      [Ext Root Scanning (ms): Min: 0.5, Avg: 0.6, Max: 0.6, Diff: 0.1, Sum: 2.3]
      [Update RS (ms): Min: 3.1, Avg: 3.1, Max: 3.2, Diff: 0.1, Sum: 12.6]
         [Processed Buffers: Min: 4, Avg: 16.0, Max: 23, Diff: 19, Sum: 64]
      [Scan RS (ms): Min: 0.0, Avg: 0.0, Max: 0.0, Diff: 0.0, Sum: 0.0]
      [Code Root Scanning (ms): Min: 0.0, Avg: 0.0, Max: 0.0, Diff: 0.0, Sum: 0.0]
      [Object Copy (ms): Min: 2.3, Avg: 2.3, Max: 2.4, Diff: 0.1, Sum: 9.4]
      [Termination (ms): Min: 0.0, Avg: 0.0, Max: 0.0, Diff: 0.0, Sum: 0.0]
         [Termination Attempts: Min: 1, Avg: 1.0, Max: 1, Diff: 0, Sum: 4]
      [GC Worker Other (ms): Min: 0.0, Avg: 0.0, Max: 0.0, Diff: 0.0, Sum: 0.0]
      [GC Worker Total (ms): Min: 6.1, Avg: 6.1, Max: 6.1, Diff: 0.0, Sum: 24.4]
      [GC Worker End (ms): Min: 189855.4, Avg: 189855.4, Max: 189855.4, Diff: 0.0]
   [Code Root Fixup: 0.0 ms]
   [Code Root Purge: 0.0 ms]
   [Clear CT: 0.0 ms]
   [Other: 0.6 ms]
      [Choose CSet: 0.0 ms]
      [Ref Proc: 0.0 ms]
      [Ref Enq: 0.0 ms]
      [Redirty Cards: 0.0 ms]
      [Humongous Register: 0.0 ms]
      [Humongous Reclaim: 0.0 ms]
      [Free CSet: 0.1 ms]
   [Eden: 47.0M(47.0M)->0.0B(96.0M) Survivors: 7168.0K->7168.0K Heap: 910.0M(1096.0M)->872.5M(1096.0M)]
 [Times: user=0.06 sys=0.00, real=0.01 secs] 
2016-06-27T20:28:07.584+0300: 189.856: Total time for which application threads were stopped: 0.0087494 seconds, Stopping threads took: 0.0011970 seconds
2016-06-27T20:28:08.364+0300: 190.636: Total time for which application threads were stopped: 0.0101076 seconds, Stopping threads took: 0.0086792 seconds
2016-06-27T20:28:08.417+0300: 190.689: [GC pause (G1 Evacuation Pause) (young) (initial-mark)
Desired survivor size 6815744 bytes, new threshold 1 (max 15)
- age   1:    6943736 bytes,    6943736 total
, 0.0061236 secs]
   [Parallel Time: 5.4 ms, GC Workers: 4]
      [GC Worker Start (ms): Min: 190689.0, Avg: 190689.0, Max: 190689.0, Diff: 0.0]
      [Ext Root Scanning (ms): Min: 0.5, Avg: 0.5, Max: 0.7, Diff: 0.2, Sum: 2.1]
      [Update RS (ms): Min: 0.9, Avg: 0.9, Max: 0.9, Diff: 0.0, Sum: 3.6]
         [Processed Buffers: Min: 16, Avg: 19.5, Max: 24, Diff: 8, Sum: 78]
      [Scan RS (ms): Min: 0.0, Avg: 0.0, Max: 0.0, Diff: 0.0, Sum: 0.1]
      [Code Root Scanning (ms): Min: 0.0, Avg: 0.0, Max: 0.0, Diff: 0.0, Sum: 0.0]
      [Object Copy (ms): Min: 3.8, Avg: 3.9, Max: 3.9, Diff: 0.2, Sum: 15.5]
      [Termination (ms): Min: 0.0, Avg: 0.0, Max: 0.0, Diff: 0.0, Sum: 0.0]
         [Termination Attempts: Min: 1, Avg: 1.0, Max: 1, Diff: 0, Sum: 4]
      [GC Worker Other (ms): Min: 0.0, Avg: 0.0, Max: 0.0, Diff: 0.0, Sum: 0.1]
      [GC Worker Total (ms): Min: 5.3, Avg: 5.4, Max: 5.4, Diff: 0.0, Sum: 21.4]
      [GC Worker End (ms): Min: 190694.4, Avg: 190694.4, Max: 190694.4, Diff: 0.0]
   [Code Root Fixup: 0.0 ms]
   [Code Root Purge: 0.0 ms]
   [Clear CT: 0.1 ms]
   [Other: 0.6 ms]
      [Choose CSet: 0.0 ms]
      [Ref Proc: 0.1 ms]
      [Ref Enq: 0.0 ms]
      [Redirty Cards: 0.0 ms]
      [Humongous Register: 0.0 ms]
      [Humongous Reclaim: 0.0 ms]
      [Free CSet: 0.1 ms]
   [Eden: 96.0M(96.0M)->0.0B(81.0M) Survivors: 7168.0K->13.0M Heap: 968.5M(1096.0M)->889.5M(1096.0M)]
 [Times: user=0.00 sys=0.00, real=0.01 secs] 
2016-06-27T20:28:08.423+0300: 190.695: [GC concurrent-root-region-scan-start]
2016-06-27T20:28:08.423+0300: 190.695: Total time for which application threads were stopped: 0.0114496 seconds, Stopping threads took: 0.0047726 seconds
2016-06-27T20:28:08.424+0300: 190.696: [GC concurrent-root-region-scan-end, 0.0011461 secs]
2016-06-27T20:28:08.424+0300: 190.696: [GC concurrent-mark-start]
2016-06-27T20:28:08.491+0300: 190.763: [GC concurrent-mark-end, 0.0661615 secs]
2016-06-27T20:28:08.511+0300: 190.783: [GC remark 2016-06-27T20:28:08.511+0300: 190.783: [Finalize Marking, 0.0001788 secs] 2016-06-27T20:28:08.511+0300: 190.783: [GC ref-proc, 0.0000954 secs] 2016-06-27T20:28:08.511+0300: 190.783: [Unloading, 0.0015413 secs], 0.0053927 secs]
 [Times: user=0.00 sys=0.00, real=0.01 secs] 
2016-06-27T20:28:08.516+0300: 190.788: Total time for which application threads were stopped: 0.0068343 seconds, Stopping threads took: 0.0010781 seconds
2016-06-27T20:28:08.517+0300: 190.790: [GC cleanup 902M->902M(1096M), 0.0020335 secs]
 [Times: user=0.00 sys=0.00, real=0.00 secs] 
2016-06-27T20:28:08.520+0300: 190.792: Total time for which application threads were stopped: 0.0024813 seconds, Stopping threads took: 0.0000539 seconds
2016-06-27T20:28:09.107+0300: 191.379: [GC pause (G1 Evacuation Pause) (young)
Desired survivor size 6291456 bytes, new threshold 1 (max 15)
- age   1:   13429384 bytes,   13429384 total
, 0.0063520 secs]
   [Parallel Time: 5.7 ms, GC Workers: 4]
      [GC Worker Start (ms): Min: 191378.8, Avg: 191378.8, Max: 191378.8, Diff: 0.0]
      [Ext Root Scanning (ms): Min: 0.5, Avg: 0.5, Max: 0.6, Diff: 0.2, Sum: 2.1]
      [Update RS (ms): Min: 1.0, Avg: 1.1, Max: 1.2, Diff: 0.2, Sum: 4.5]
         [Processed Buffers: Min: 3, Avg: 6.8, Max: 10, Diff: 7, Sum: 27]
      [Scan RS (ms): Min: 0.0, Avg: 0.0, Max: 0.0, Diff: 0.0, Sum: 0.1]
      [Code Root Scanning (ms): Min: 0.0, Avg: 0.0, Max: 0.0, Diff: 0.0, Sum: 0.0]
      [Object Copy (ms): Min: 4.0, Avg: 4.0, Max: 4.1, Diff: 0.1, Sum: 16.1]
      [Termination (ms): Min: 0.0, Avg: 0.0, Max: 0.0, Diff: 0.0, Sum: 0.0]
         [Termination Attempts: Min: 1, Avg: 1.3, Max: 2, Diff: 1, Sum: 5]
      [GC Worker Other (ms): Min: 0.0, Avg: 0.0, Max: 0.0, Diff: 0.0, Sum: 0.0]
      [GC Worker Total (ms): Min: 5.7, Avg: 5.7, Max: 5.7, Diff: 0.0, Sum: 22.8]
      [GC Worker End (ms): Min: 191384.5, Avg: 191384.5, Max: 191384.5, Diff: 0.0]
   [Code Root Fixup: 0.0 ms]
   [Code Root Purge: 0.0 ms]
   [Clear CT: 0.0 ms]
   [Other: 0.5 ms]
      [Choose CSet: 0.0 ms]
      [Ref Proc: 0.0 ms]
      [Ref Enq: 0.0 ms]
      [Redirty Cards: 0.1 ms]
      [Humongous Register: 0.0 ms]
      [Humongous Reclaim: 0.0 ms]
      [Free CSet: 0.1 ms]
   [Eden: 81.0M(81.0M)->0.0B(42.0M) Survivors: 13.0M->12.0M Heap: 970.5M(1096.0M)->903.5M(1096.0M)]
 [Times: user=0.00 sys=0.00, real=0.01 secs] 
2016-06-27T20:28:09.113+0300: 191.385: Total time for which application threads were stopped: 0.0107354 seconds, Stopping threads took: 0.0037125 seconds
2016-06-27T20:28:09.447+0300: 191.719: [GC pause (G1 Evacuation Pause) (mixed)
Desired survivor size 3670016 bytes, new threshold 1 (max 15)
- age   1:   12277960 bytes,   12277960 total
, 0.0197829 secs]
   [Parallel Time: 18.5 ms, GC Workers: 4]
      [GC Worker Start (ms): Min: 191719.4, Avg: 191719.4, Max: 191719.4, Diff: 0.0]
      [Ext Root Scanning (ms): Min: 0.5, Avg: 0.6, Max: 0.6, Diff: 0.1, Sum: 2.3]
      [Update RS (ms): Min: 0.9, Avg: 1.0, Max: 1.1, Diff: 0.3, Sum: 3.8]
         [Processed Buffers: Min: 2, Avg: 6.8, Max: 18, Diff: 16, Sum: 27]
      [Scan RS (ms): Min: 2.8, Avg: 3.0, Max: 3.0, Diff: 0.3, Sum: 11.8]
      [Code Root Scanning (ms): Min: 0.0, Avg: 0.0, Max: 0.0, Diff: 0.0, Sum: 0.1]
      [Object Copy (ms): Min: 13.9, Avg: 13.9, Max: 13.9, Diff: 0.1, Sum: 55.6]
      [Termination (ms): Min: 0.0, Avg: 0.0, Max: 0.0, Diff: 0.0, Sum: 0.0]
         [Termination Attempts: Min: 1, Avg: 3.3, Max: 5, Diff: 4, Sum: 13]
      [GC Worker Other (ms): Min: 0.0, Avg: 0.0, Max: 0.0, Diff: 0.0, Sum: 0.1]
      [GC Worker Total (ms): Min: 18.4, Avg: 18.4, Max: 18.4, Diff: 0.0, Sum: 73.7]
      [GC Worker End (ms): Min: 191737.8, Avg: 191737.8, Max: 191737.8, Diff: 0.0]
   [Code Root Fixup: 0.0 ms]
   [Code Root Purge: 0.0 ms]
   [Clear CT: 0.2 ms]
   [Other: 1.1 ms]
      [Choose CSet: 0.2 ms]
      [Ref Proc: 0.0 ms]
      [Ref Enq: 0.0 ms]
      [Redirty Cards: 0.1 ms]
      [Humongous Register: 0.0 ms]
      [Humongous Reclaim: 0.0 ms]
      [Free CSet: 0.5 ms]
   [Eden: 42.0M(42.0M)->0.0B(47.0M) Survivors: 12.0M->7168.0K Heap: 945.5M(1096.0M)->868.0M(1096.0M)]
 [Times: user=0.06 sys=0.00, real=0.02 secs] 
2016-06-27T20:28:09.467+0300: 191.739: Total time for which application threads were stopped: 0.0220905 seconds, Stopping threads took: 0.0016328 seconds
2016-06-27T20:28:09.870+0300: 192.142: [GC pause (G1 Evacuation Pause) (mixed)
Desired survivor size 3670016 bytes, new threshold 1 (max 15)
- age   1:    6777888 bytes,    6777888 total
, 0.0260305 secs]
   [Parallel Time: 24.9 ms, GC Workers: 4]
      [GC Worker Start (ms): Min: 192141.9, Avg: 192141.9, Max: 192141.9, Diff: 0.0]
      [Ext Root Scanning (ms): Min: 0.5, Avg: 0.6, Max: 0.6, Diff: 0.1, Sum: 2.3]
      [Update RS (ms): Min: 8.6, Avg: 8.8, Max: 9.1, Diff: 0.4, Sum: 35.0]
         [Processed Buffers: Min: 11, Avg: 16.3, Max: 19, Diff: 8, Sum: 65]
      [Scan RS (ms): Min: 2.8, Avg: 3.1, Max: 3.2, Diff: 0.4, Sum: 12.4]
      [Code Root Scanning (ms): Min: 0.0, Avg: 0.0, Max: 0.0, Diff: 0.0, Sum: 0.0]
      [Object Copy (ms): Min: 12.3, Avg: 12.4, Max: 12.4, Diff: 0.0, Sum: 49.5]
      [Termination (ms): Min: 0.0, Avg: 0.0, Max: 0.0, Diff: 0.0, Sum: 0.0]
         [Termination Attempts: Min: 1, Avg: 3.3, Max: 7, Diff: 6, Sum: 13]
      [GC Worker Other (ms): Min: 0.0, Avg: 0.0, Max: 0.0, Diff: 0.0, Sum: 0.1]
      [GC Worker Total (ms): Min: 24.8, Avg: 24.8, Max: 24.8, Diff: 0.0, Sum: 99.3]
      [GC Worker End (ms): Min: 192166.7, Avg: 192166.7, Max: 192166.7, Diff: 0.0]
   [Code Root Fixup: 0.0 ms]
   [Code Root Purge: 0.0 ms]
   [Clear CT: 0.2 ms]
   [Other: 0.9 ms]
      [Choose CSet: 0.1 ms]
      [Ref Proc: 0.1 ms]
      [Ref Enq: 0.0 ms]
      [Redirty Cards: 0.0 ms]
      [Humongous Register: 0.0 ms]
      [Humongous Reclaim: 0.0 ms]
      [Free CSet: 0.4 ms]
   [Eden: 47.0M(47.0M)->0.0B(47.0M) Survivors: 7168.0K->7168.0K Heap: 915.0M(1096.0M)->853.0M(1096.0M)]
 [Times: user=0.08 sys=0.00, real=0.03 secs] 
2016-06-27T20:28:09.896+0300: 192.168: Total time for which application threads were stopped: 0.0302433 seconds, Stopping threads took: 0.0036077 seconds
2016-06-27T20:28:10.300+0300: 192.572: [GC pause (G1 Evacuation Pause) (young)
Desired survivor size 3670016 bytes, new threshold 1 (max 15)
- age   1:    6984624 bytes,    6984624 total
, 0.0123669 secs]
   [Parallel Time: 11.7 ms, GC Workers: 4]
      [GC Worker Start (ms): Min: 192572.2, Avg: 192572.2, Max: 192572.2, Diff: 0.0]
      [Ext Root Scanning (ms): Min: 0.5, Avg: 0.6, Max: 0.6, Diff: 0.1, Sum: 2.2]
      [Update RS (ms): Min: 8.8, Avg: 8.9, Max: 8.9, Diff: 0.1, Sum: 35.5]
         [Processed Buffers: Min: 11, Avg: 19.0, Max: 27, Diff: 16, Sum: 76]
      [Scan RS (ms): Min: 0.0, Avg: 0.0, Max: 0.0, Diff: 0.0, Sum: 0.0]
      [Code Root Scanning (ms): Min: 0.0, Avg: 0.0, Max: 0.0, Diff: 0.0, Sum: 0.0]
      [Object Copy (ms): Min: 2.2, Avg: 2.3, Max: 2.3, Diff: 0.0, Sum: 9.0]
      [Termination (ms): Min: 0.0, Avg: 0.0, Max: 0.0, Diff: 0.0, Sum: 0.0]
         [Termination Attempts: Min: 1, Avg: 1.0, Max: 1, Diff: 0, Sum: 4]
      [GC Worker Other (ms): Min: 0.0, Avg: 0.0, Max: 0.0, Diff: 0.0, Sum: 0.1]
      [GC Worker Total (ms): Min: 11.7, Avg: 11.7, Max: 11.7, Diff: 0.0, Sum: 46.8]
      [GC Worker End (ms): Min: 192583.9, Avg: 192583.9, Max: 192583.9, Diff: 0.0]
   [Code Root Fixup: 0.0 ms]
   [Code Root Purge: 0.0 ms]
   [Clear CT: 0.0 ms]
   [Other: 0.6 ms]
      [Choose CSet: 0.0 ms]
      [Ref Proc: 0.0 ms]
      [Ref Enq: 0.0 ms]
      [Redirty Cards: 0.0 ms]
      [Humongous Register: 0.0 ms]
      [Humongous Reclaim: 0.0 ms]
      [Free CSet: 0.1 ms]
   [Eden: 47.0M(47.0M)->0.0B(47.0M) Survivors: 7168.0K->7168.0K Heap: 900.0M(1096.0M)->861.5M(1096.0M)]
 [Times: user=0.06 sys=0.00, real=0.01 secs] 
2016-06-27T20:28:10.313+0300: 192.585: Total time for which application threads were stopped: 0.0146797 seconds, Stopping threads took: 0.0016567 seconds
2016-06-27T20:28:10.710+0300: 192.982: [GC pause (G1 Evacuation Pause) (young) (initial-mark)
Desired survivor size 3670016 bytes, new threshold 1 (max 15)
- age   1:    7144360 bytes,    7144360 total
, 0.0050480 secs]
   [Parallel Time: 4.3 ms, GC Workers: 4]
      [GC Worker Start (ms): Min: 192982.3, Avg: 192982.4, Max: 192982.4, Diff: 0.0]
      [Ext Root Scanning (ms): Min: 0.5, Avg: 0.6, Max: 0.7, Diff: 0.2, Sum: 2.4]
      [Update RS (ms): Min: 1.1, Avg: 1.2, Max: 1.3, Diff: 0.1, Sum: 4.8]
         [Processed Buffers: Min: 6, Avg: 11.5, Max: 26, Diff: 20, Sum: 46]
      [Scan RS (ms): Min: 0.0, Avg: 0.0, Max: 0.0, Diff: 0.0, Sum: 0.0]
      [Code Root Scanning (ms): Min: 0.0, Avg: 0.0, Max: 0.0, Diff: 0.0, Sum: 0.0]
      [Object Copy (ms): Min: 2.3, Avg: 2.4, Max: 2.4, Diff: 0.1, Sum: 9.6]
      [Termination (ms): Min: 0.0, Avg: 0.0, Max: 0.0, Diff: 0.0, Sum: 0.0]
         [Termination Attempts: Min: 1, Avg: 1.0, Max: 1, Diff: 0, Sum: 4]
      [GC Worker Other (ms): Min: 0.0, Avg: 0.0, Max: 0.0, Diff: 0.0, Sum: 0.0]
      [GC Worker Total (ms): Min: 4.2, Avg: 4.2, Max: 4.2, Diff: 0.0, Sum: 16.9]
      [GC Worker End (ms): Min: 192986.6, Avg: 192986.6, Max: 192986.6, Diff: 0.0]
   [Code Root Fixup: 0.0 ms]
   [Code Root Purge: 0.0 ms]
   [Clear CT: 0.0 ms]
   [Other: 0.7 ms]
      [Choose CSet: 0.0 ms]
      [Ref Proc: 0.0 ms]
      [Ref Enq: 0.0 ms]
      [Redirty Cards: 0.0 ms]
      [Humongous Register: 0.0 ms]
      [Humongous Reclaim: 0.0 ms]
      [Free CSet: 0.1 ms]
   [Eden: 47.0M(47.0M)->0.0B(97.0M) Survivors: 7168.0K->7168.0K Heap: 908.5M(1096.0M)->871.0M(1096.0M)]
 [Times: user=0.00 sys=0.00, real=0.00 secs] 
2016-06-27T20:28:10.715+0300: 192.987: [GC concurrent-root-region-scan-start]
2016-06-27T20:28:10.715+0300: 192.987: Total time for which application threads were stopped: 0.0077089 seconds, Stopping threads took: 0.0019698 seconds
2016-06-27T20:28:10.716+0300: 192.988: [GC concurrent-root-region-scan-end, 0.0008720 secs]
2016-06-27T20:28:10.716+0300: 192.988: [GC concurrent-mark-start]
2016-06-27T20:28:10.785+0300: 193.057: [GC concurrent-mark-end, 0.0690281 secs]
2016-06-27T20:28:10.816+0300: 193.089: [GC remark 2016-06-27T20:28:10.816+0300: 193.089: [Finalize Marking, 0.0001920 secs] 2016-06-27T20:28:10.817+0300: 193.089: [GC ref-proc, 0.0001048 secs] 2016-06-27T20:28:10.817+0300: 193.089: [Unloading, 0.0017213 secs], 0.0055689 secs]
 [Times: user=0.02 sys=0.00, real=0.01 secs] 
2016-06-27T20:28:10.822+0300: 193.094: Total time for which application threads were stopped: 0.0069066 seconds, Stopping threads took: 0.0007899 seconds
2016-06-27T20:28:10.823+0300: 193.096: [GC cleanup 886M->886M(1096M), 0.0019424 secs]
 [Times: user=0.00 sys=0.00, real=0.00 secs] 
2016-06-27T20:28:10.826+0300: 193.098: Total time for which application threads were stopped: 0.0025112 seconds, Stopping threads took: 0.0000603 seconds
2016-06-27T20:28:11.493+0300: 193.765: [GC pause (G1 Evacuation Pause) (young)
Desired survivor size 6815744 bytes, new threshold 1 (max 15)
- age   1:    7236896 bytes,    7236896 total
, 0.0069524 secs]
   [Parallel Time: 5.4 ms, GC Workers: 4]
      [GC Worker Start (ms): Min: 193765.1, Avg: 193765.1, Max: 193765.1, Diff: 0.0]
      [Ext Root Scanning (ms): Min: 0.5, Avg: 0.6, Max: 0.6, Diff: 0.1, Sum: 2.2]
      [Update RS (ms): Min: 1.1, Avg: 1.2, Max: 1.2, Diff: 0.1, Sum: 4.7]
         [Processed Buffers: Min: 3, Avg: 15.8, Max: 41, Diff: 38, Sum: 63]
      [Scan RS (ms): Min: 0.0, Avg: 0.0, Max: 0.0, Diff: 0.0, Sum: 0.1]
      [Code Root Scanning (ms): Min: 0.0, Avg: 0.0, Max: 0.0, Diff: 0.0, Sum: 0.0]
      [Object Copy (ms): Min: 3.5, Avg: 3.6, Max: 3.7, Diff: 0.1, Sum: 14.5]
      [Termination (ms): Min: 0.0, Avg: 0.0, Max: 0.0, Diff: 0.0, Sum: 0.0]
         [Termination Attempts: Min: 1, Avg: 1.0, Max: 1, Diff: 0, Sum: 4]
      [GC Worker Other (ms): Min: 0.0, Avg: 0.0, Max: 0.0, Diff: 0.0, Sum: 0.1]
      [GC Worker Total (ms): Min: 5.4, Avg: 5.4, Max: 5.4, Diff: 0.0, Sum: 21.5]
      [GC Worker End (ms): Min: 193770.5, Avg: 193770.5, Max: 193770.5, Diff: 0.0]
   [Code Root Fixup: 0.0 ms]
   [Code Root Purge: 0.0 ms]
   [Clear CT: 0.0 ms]
   [Other: 1.5 ms]
      [Choose CSet: 0.0 ms]
      [Ref Proc: 0.0 ms]
      [Ref Enq: 0.0 ms]
      [Redirty Cards: 0.0 ms]
      [Humongous Register: 0.0 ms]
      [Humongous Reclaim: 0.0 ms]
      [Free CSet: 1.0 ms]
   [Eden: 97.0M(97.0M)->0.0B(41.0M) Survivors: 7168.0K->13.0M Heap: 968.0M(1096.0M)->888.0M(1096.0M)]
 [Times: user=0.00 sys=0.00, real=0.01 secs] 
2016-06-27T20:28:11.500+0300: 193.772: Total time for which application threads were stopped: 0.0116647 seconds, Stopping threads took: 0.0039956 seconds
2016-06-27T20:28:11.860+0300: 194.132: [GC pause (G1 Evacuation Pause) (mixed)
Desired survivor size 3670016 bytes, new threshold 1 (max 15)
- age   1:   13439328 bytes,   13439328 total
, 0.0194788 secs]
   [Parallel Time: 18.2 ms, GC Workers: 4]
      [GC Worker Start (ms): Min: 194132.4, Avg: 194132.4, Max: 194132.4, Diff: 0.0]
      [Ext Root Scanning (ms): Min: 0.5, Avg: 0.6, Max: 0.6, Diff: 0.1, Sum: 2.3]
      [Update RS (ms): Min: 0.9, Avg: 1.0, Max: 1.0, Diff: 0.1, Sum: 3.8]
         [Processed Buffers: Min: 2, Avg: 14.0, Max: 28, Diff: 26, Sum: 56]
      [Scan RS (ms): Min: 2.8, Avg: 3.0, Max: 3.0, Diff: 0.2, Sum: 11.9]
      [Code Root Scanning (ms): Min: 0.0, Avg: 0.0, Max: 0.1, Diff: 0.1, Sum: 0.2]
      [Object Copy (ms): Min: 13.5, Avg: 13.5, Max: 13.6, Diff: 0.1, Sum: 54.2]
      [Termination (ms): Min: 0.0, Avg: 0.0, Max: 0.0, Diff: 0.0, Sum: 0.0]
         [Termination Attempts: Min: 1, Avg: 1.0, Max: 1, Diff: 0, Sum: 4]
      [GC Worker Other (ms): Min: 0.0, Avg: 0.0, Max: 0.0, Diff: 0.0, Sum: 0.1]
      [GC Worker Total (ms): Min: 18.1, Avg: 18.1, Max: 18.1, Diff: 0.0, Sum: 72.4]
      [GC Worker End (ms): Min: 194150.5, Avg: 194150.5, Max: 194150.5, Diff: 0.0]
   [Code Root Fixup: 0.0 ms]
   [Code Root Purge: 0.0 ms]
   [Clear CT: 0.2 ms]
   [Other: 1.1 ms]
      [Choose CSet: 0.2 ms]
      [Ref Proc: 0.0 ms]
      [Ref Enq: 0.0 ms]
      [Redirty Cards: 0.1 ms]
      [Humongous Register: 0.0 ms]
      [Humongous Reclaim: 0.0 ms]
      [Free CSet: 0.5 ms]
   [Eden: 41.0M(41.0M)->0.0B(47.0M) Survivors: 13.0M->7168.0K Heap: 929.0M(1096.0M)->851.0M(1096.0M)]
 [Times: user=0.08 sys=0.00, real=0.02 secs] 
2016-06-27T20:28:11.880+0300: 194.152: Total time for which application threads were stopped: 0.0255652 seconds, Stopping threads took: 0.0053568 seconds
2016-06-27T20:28:12.287+0300: 194.560: [GC pause (G1 Evacuation Pause) (mixed)
Desired survivor size 3670016 bytes, new threshold 1 (max 15)
- age   1:    6939288 bytes,    6939288 total
, 0.0212724 secs]
   [Parallel Time: 19.9 ms, GC Workers: 4]
      [GC Worker Start (ms): Min: 194559.9, Avg: 194559.9, Max: 194559.9, Diff: 0.0]
      [Ext Root Scanning (ms): Min: 0.6, Avg: 0.6, Max: 0.8, Diff: 0.2, Sum: 2.5]
      [Update RS (ms): Min: 8.5, Avg: 8.7, Max: 9.1, Diff: 0.6, Sum: 34.8]
         [Processed Buffers: Min: 10, Avg: 18.5, Max: 28, Diff: 18, Sum: 74]
      [Scan RS (ms): Min: 1.9, Avg: 2.4, Max: 2.6, Diff: 0.7, Sum: 9.5]
      [Code Root Scanning (ms): Min: 0.0, Avg: 0.0, Max: 0.1, Diff: 0.1, Sum: 0.1]
      [Object Copy (ms): Min: 8.1, Avg: 8.1, Max: 8.1, Diff: 0.1, Sum: 32.4]
      [Termination (ms): Min: 0.0, Avg: 0.0, Max: 0.0, Diff: 0.0, Sum: 0.0]
         [Termination Attempts: Min: 1, Avg: 2.0, Max: 4, Diff: 3, Sum: 8]
      [GC Worker Other (ms): Min: 0.0, Avg: 0.0, Max: 0.0, Diff: 0.0, Sum: 0.1]
      [GC Worker Total (ms): Min: 19.8, Avg: 19.8, Max: 19.9, Diff: 0.0, Sum: 79.4]
      [GC Worker End (ms): Min: 194579.8, Avg: 194579.8, Max: 194579.8, Diff: 0.0]
   [Code Root Fixup: 0.0 ms]
   [Code Root Purge: 0.0 ms]
   [Clear CT: 0.2 ms]
   [Other: 1.1 ms]
      [Choose CSet: 0.1 ms]
      [Ref Proc: 0.4 ms]
      [Ref Enq: 0.0 ms]
      [Redirty Cards: 0.0 ms]
      [Humongous Register: 0.0 ms]
      [Humongous Reclaim: 0.0 ms]
      [Free CSet: 0.3 ms]
   [Eden: 47.0M(47.0M)->0.0B(47.0M) Survivors: 7168.0K->7168.0K Heap: 898.0M(1096.0M)->842.5M(1096.0M)]
 [Times: user=0.06 sys=0.00, real=0.02 secs] 
2016-06-27T20:28:12.309+0300: 194.581: Total time for which application threads were stopped: 0.0237122 seconds, Stopping threads took: 0.0016661 seconds
2016-06-27T20:28:12.514+0300: 194.786: Total time for which application threads were stopped: 0.0080224 seconds, Stopping threads took: 0.0066192 seconds
2016-06-27T20:28:12.682+0300: 194.954: [GC pause (G1 Evacuation Pause) (young)
Desired survivor size 3670016 bytes, new threshold 1 (max 15)
- age   1:    7197088 bytes,    7197088 total
, 0.0102881 secs]
   [Parallel Time: 9.6 ms, GC Workers: 4]
      [GC Worker Start (ms): Min: 194954.2, Avg: 194954.2, Max: 194954.2, Diff: 0.0]
      [Ext Root Scanning (ms): Min: 0.5, Avg: 0.5, Max: 0.6, Diff: 0.1, Sum: 2.2]
      [Update RS (ms): Min: 6.4, Avg: 6.8, Max: 7.3, Diff: 0.8, Sum: 27.1]
         [Processed Buffers: Min: 8, Avg: 12.3, Max: 24, Diff: 16, Sum: 49]
      [Scan RS (ms): Min: 0.0, Avg: 0.0, Max: 0.0, Diff: 0.0, Sum: 0.0]
      [Code Root Scanning (ms): Min: 0.0, Avg: 0.0, Max: 0.0, Diff: 0.0, Sum: 0.0]
      [Object Copy (ms): Min: 1.7, Avg: 2.2, Max: 2.5, Diff: 0.8, Sum: 8.9]
      [Termination (ms): Min: 0.0, Avg: 0.0, Max: 0.0, Diff: 0.0, Sum: 0.0]
         [Termination Attempts: Min: 1, Avg: 1.0, Max: 1, Diff: 0, Sum: 4]
      [GC Worker Other (ms): Min: 0.0, Avg: 0.0, Max: 0.0, Diff: 0.0, Sum: 0.1]
      [GC Worker Total (ms): Min: 9.6, Avg: 9.6, Max: 9.6, Diff: 0.0, Sum: 38.3]
      [GC Worker End (ms): Min: 194963.8, Avg: 194963.8, Max: 194963.8, Diff: 0.0]
   [Code Root Fixup: 0.0 ms]
   [Code Root Purge: 0.0 ms]
   [Clear CT: 0.0 ms]
   [Other: 0.6 ms]
      [Choose CSet: 0.0 ms]
      [Ref Proc: 0.1 ms]
      [Ref Enq: 0.0 ms]
      [Redirty Cards: 0.0 ms]
      [Humongous Register: 0.0 ms]
      [Humongous Reclaim: 0.0 ms]
      [Free CSet: 0.1 ms]
   [Eden: 47.0M(47.0M)->0.0B(47.0M) Survivors: 7168.0K->7168.0K Heap: 889.5M(1096.0M)->851.5M(1096.0M)]
 [Times: user=0.01 sys=0.00, real=0.01 secs] 
2016-06-27T20:28:12.692+0300: 194.964: Total time for which application threads were stopped: 0.0122365 seconds, Stopping threads took: 0.0013163 seconds
2016-06-27T20:28:13.104+0300: 195.376: [GC pause (G1 Evacuation Pause) (young) (initial-mark)
Desired survivor size 3670016 bytes, new threshold 1 (max 15)
- age   1:    7212912 bytes,    7212912 total
, 0.0044018 secs]
   [Parallel Time: 3.6 ms, GC Workers: 4]
      [GC Worker Start (ms): Min: 195376.5, Avg: 195376.5, Max: 195376.5, Diff: 0.0]
      [Ext Root Scanning (ms): Min: 0.5, Avg: 0.6, Max: 0.7, Diff: 0.2, Sum: 2.3]
      [Update RS (ms): Min: 0.5, Avg: 0.7, Max: 0.8, Diff: 0.3, Sum: 2.8]
         [Processed Buffers: Min: 1, Avg: 7.3, Max: 19, Diff: 18, Sum: 29]
      [Scan RS (ms): Min: 0.0, Avg: 0.0, Max: 0.0, Diff: 0.0, Sum: 0.0]
      [Code Root Scanning (ms): Min: 0.0, Avg: 0.0, Max: 0.0, Diff: 0.0, Sum: 0.0]
      [Object Copy (ms): Min: 2.1, Avg: 2.2, Max: 2.3, Diff: 0.2, Sum: 9.0]
      [Termination (ms): Min: 0.0, Avg: 0.0, Max: 0.0, Diff: 0.0, Sum: 0.0]
         [Termination Attempts: Min: 1, Avg: 1.0, Max: 1, Diff: 0, Sum: 4]
      [GC Worker Other (ms): Min: 0.0, Avg: 0.0, Max: 0.0, Diff: 0.0, Sum: 0.1]
      [GC Worker Total (ms): Min: 3.5, Avg: 3.5, Max: 3.6, Diff: 0.0, Sum: 14.2]
      [GC Worker End (ms): Min: 195380.0, Avg: 195380.0, Max: 195380.0, Diff: 0.0]
   [Code Root Fixup: 0.0 ms]
   [Code Root Purge: 0.0 ms]
   [Clear CT: 0.1 ms]
   [Other: 0.7 ms]
      [Choose CSet: 0.0 ms]
      [Ref Proc: 0.1 ms]
      [Ref Enq: 0.0 ms]
      [Redirty Cards: 0.1 ms]
      [Humongous Register: 0.0 ms]
      [Humongous Reclaim: 0.0 ms]
      [Free CSet: 0.1 ms]
   [Eden: 47.0M(47.0M)->0.0B(106.0M) Survivors: 7168.0K->7168.0K Heap: 898.5M(1096.0M)->860.5M(1096.0M)]
 [Times: user=0.00 sys=0.00, real=0.00 secs] 
2016-06-27T20:28:13.109+0300: 195.381: [GC concurrent-root-region-scan-start]
2016-06-27T20:28:13.109+0300: 195.381: Total time for which application threads were stopped: 0.0087323 seconds, Stopping threads took: 0.0036864 seconds
2016-06-27T20:28:13.110+0300: 195.382: [GC concurrent-root-region-scan-end, 0.0006808 secs]
2016-06-27T20:28:13.110+0300: 195.382: [GC concurrent-mark-start]
2016-06-27T20:28:13.175+0300: 195.447: [GC concurrent-mark-end, 0.0650873 secs]
2016-06-27T20:28:13.212+0300: 195.484: [GC remark 2016-06-27T20:28:13.212+0300: 195.484: [Finalize Marking, 0.0002322 secs] 2016-06-27T20:28:13.213+0300: 195.485: [GC ref-proc, 0.0001001 secs] 2016-06-27T20:28:13.213+0300: 195.485: [Unloading, 0.0017132 secs], 0.0057785 secs]
 [Times: user=0.00 sys=0.00, real=0.01 secs] 
2016-06-27T20:28:13.218+0300: 195.490: Total time for which application threads were stopped: 0.0126398 seconds, Stopping threads took: 0.0063810 seconds
2016-06-27T20:28:13.220+0300: 195.492: [GC cleanup 877M->877M(1096M), 0.0018928 secs]
 [Times: user=0.00 sys=0.00, real=0.00 secs] 
2016-06-27T20:28:13.222+0300: 195.494: Total time for which application threads were stopped: 0.0025411 seconds, Stopping threads took: 0.0001206 seconds
2016-06-27T20:28:13.970+0300: 196.243: [GC pause (G1 Evacuation Pause) (young)
Desired survivor size 7864320 bytes, new threshold 15 (max 15)
- age   1:    7165448 bytes,    7165448 total
, 0.0060453 secs]
   [Parallel Time: 5.4 ms, GC Workers: 4]
      [GC Worker Start (ms): Min: 196242.7, Avg: 196242.7, Max: 196242.7, Diff: 0.0]
      [Ext Root Scanning (ms): Min: 0.6, Avg: 0.6, Max: 0.6, Diff: 0.1, Sum: 2.4]
      [Update RS (ms): Min: 0.7, Avg: 0.8, Max: 0.9, Diff: 0.2, Sum: 3.2]
         [Processed Buffers: Min: 8, Avg: 19.8, Max: 31, Diff: 23, Sum: 79]
      [Scan RS (ms): Min: 0.0, Avg: 0.0, Max: 0.0, Diff: 0.0, Sum: 0.1]
      [Code Root Scanning (ms): Min: 0.0, Avg: 0.0, Max: 0.0, Diff: 0.0, Sum: 0.0]
      [Object Copy (ms): Min: 3.8, Avg: 3.9, Max: 4.0, Diff: 0.1, Sum: 15.6]
      [Termination (ms): Min: 0.0, Avg: 0.0, Max: 0.0, Diff: 0.0, Sum: 0.0]
         [Termination Attempts: Min: 1, Avg: 1.0, Max: 1, Diff: 0, Sum: 4]
      [GC Worker Other (ms): Min: 0.0, Avg: 0.0, Max: 0.0, Diff: 0.0, Sum: 0.1]
      [GC Worker Total (ms): Min: 5.3, Avg: 5.3, Max: 5.4, Diff: 0.0, Sum: 21.4]
      [GC Worker End (ms): Min: 196248.1, Avg: 196248.1, Max: 196248.1, Diff: 0.0]
   [Code Root Fixup: 0.0 ms]
   [Code Root Purge: 0.0 ms]
   [Clear CT: 0.0 ms]
   [Other: 0.6 ms]
      [Choose CSet: 0.0 ms]
      [Ref Proc: 0.0 ms]
      [Ref Enq: 0.0 ms]
      [Redirty Cards: 0.1 ms]
      [Humongous Register: 0.0 ms]
      [Humongous Reclaim: 0.0 ms]
      [Free CSet: 0.1 ms]
   [Eden: 106.0M(106.0M)->0.0B(39.0M) Survivors: 7168.0K->15.0M Heap: 966.5M(1096.0M)->879.0M(1096.0M)]
 [Times: user=0.06 sys=0.00, real=0.01 secs] 
2016-06-27T20:28:13.977+0300: 196.249: Total time for which application threads were stopped: 0.0121911 seconds, Stopping threads took: 0.0053726 seconds
2016-06-27T20:28:14.315+0300: 196.587: [GC pause (G1 Evacuation Pause) (mixed)
Desired survivor size 3670016 bytes, new threshold 1 (max 15)
- age   1:   13092016 bytes,   13092016 total
- age   2:    2370240 bytes,   15462256 total
, 0.0145727 secs]
   [Parallel Time: 13.4 ms, GC Workers: 4]
      [GC Worker Start (ms): Min: 196587.6, Avg: 196587.6, Max: 196587.6, Diff: 0.0]
      [Ext Root Scanning (ms): Min: 0.6, Avg: 0.6, Max: 0.6, Diff: 0.0, Sum: 2.5]
      [Update RS (ms): Min: 0.7, Avg: 0.8, Max: 0.9, Diff: 0.1, Sum: 3.1]
         [Processed Buffers: Min: 2, Avg: 9.3, Max: 17, Diff: 15, Sum: 37]
      [Scan RS (ms): Min: 2.0, Avg: 2.1, Max: 2.2, Diff: 0.2, Sum: 8.5]
      [Code Root Scanning (ms): Min: 0.0, Avg: 0.0, Max: 0.1, Diff: 0.1, Sum: 0.2]
      [Object Copy (ms): Min: 9.8, Avg: 9.8, Max: 9.8, Diff: 0.0, Sum: 39.1]
      [Termination (ms): Min: 0.0, Avg: 0.0, Max: 0.0, Diff: 0.0, Sum: 0.0]
         [Termination Attempts: Min: 1, Avg: 1.0, Max: 1, Diff: 0, Sum: 4]
      [GC Worker Other (ms): Min: 0.0, Avg: 0.0, Max: 0.0, Diff: 0.0, Sum: 0.1]
      [GC Worker Total (ms): Min: 13.4, Avg: 13.4, Max: 13.4, Diff: 0.0, Sum: 53.5]
      [GC Worker End (ms): Min: 196601.0, Avg: 196601.0, Max: 196601.0, Diff: 0.0]
   [Code Root Fixup: 0.1 ms]
   [Code Root Purge: 0.0 ms]
   [Clear CT: 0.2 ms]
   [Other: 0.9 ms]
      [Choose CSet: 0.1 ms]
      [Ref Proc: 0.1 ms]
      [Ref Enq: 0.0 ms]
      [Redirty Cards: 0.0 ms]
      [Humongous Register: 0.0 ms]
      [Humongous Reclaim: 0.0 ms]
      [Free CSet: 0.3 ms]
   [Eden: 39.0M(39.0M)->0.0B(103.0M) Survivors: 15.0M->7168.0K Heap: 918.0M(1096.0M)->863.5M(1096.0M)]
 [Times: user=0.06 sys=0.00, real=0.01 secs] 
2016-06-27T20:28:14.330+0300: 196.602: Total time for which application threads were stopped: 0.0203106 seconds, Stopping threads took: 0.0050292 seconds
2016-06-27T20:28:15.176+0300: 197.448: [GC pause (G1 Evacuation Pause) (young)
Desired survivor size 7340032 bytes, new threshold 15 (max 15)
- age   1:    6727424 bytes,    6727424 total
, 0.0128613 secs]
   [Parallel Time: 12.2 ms, GC Workers: 4]
      [GC Worker Start (ms): Min: 197448.0, Avg: 197448.0, Max: 197448.0, Diff: 0.0]
      [Ext Root Scanning (ms): Min: 0.5, Avg: 0.6, Max: 0.6, Diff: 0.0, Sum: 2.2]
      [Update RS (ms): Min: 7.6, Avg: 7.7, Max: 7.9, Diff: 0.4, Sum: 30.7]
         [Processed Buffers: Min: 9, Avg: 21.5, Max: 30, Diff: 21, Sum: 86]
      [Scan RS (ms): Min: 0.0, Avg: 0.0, Max: 0.0, Diff: 0.0, Sum: 0.1]
      [Code Root Scanning (ms): Min: 0.0, Avg: 0.0, Max: 0.0, Diff: 0.0, Sum: 0.0]
      [Object Copy (ms): Min: 3.7, Avg: 3.9, Max: 4.0, Diff: 0.3, Sum: 15.6]
      [Termination (ms): Min: 0.0, Avg: 0.0, Max: 0.0, Diff: 0.0, Sum: 0.0]
         [Termination Attempts: Min: 1, Avg: 1.0, Max: 1, Diff: 0, Sum: 4]
      [GC Worker Other (ms): Min: 0.0, Avg: 0.0, Max: 0.0, Diff: 0.0, Sum: 0.1]
      [GC Worker Total (ms): Min: 12.2, Avg: 12.2, Max: 12.2, Diff: 0.0, Sum: 48.8]
      [GC Worker End (ms): Min: 197460.2, Avg: 197460.2, Max: 197460.2, Diff: 0.0]
   [Code Root Fixup: 0.0 ms]
   [Code Root Purge: 0.0 ms]
   [Clear CT: 0.0 ms]
   [Other: 0.6 ms]
      [Choose CSet: 0.0 ms]
      [Ref Proc: 0.0 ms]
      [Ref Enq: 0.0 ms]
      [Redirty Cards: 0.0 ms]
      [Humongous Register: 0.0 ms]
      [Humongous Reclaim: 0.0 ms]
      [Free CSet: 0.1 ms]
   [Eden: 103.0M(103.0M)->0.0B(88.0M) Survivors: 7168.0K->14.0M Heap: 966.5M(1096.0M)->882.0M(1096.0M)]
 [Times: user=0.06 sys=0.00, real=0.01 secs] 
2016-06-27T20:28:15.189+0300: 197.461: Total time for which application threads were stopped: 0.0199762 seconds, Stopping threads took: 0.0063921 seconds
2016-06-27T20:28:15.342+0300: 197.614: Total time for which application threads were stopped: 0.0033832 seconds, Stopping threads took: 0.0020852 seconds
2016-06-27T20:28:15.891+0300: 198.163: [GC pause (G1 Evacuation Pause) (young) (initial-mark)
Desired survivor size 6815744 bytes, new threshold 1 (max 15)
- age   1:   10769120 bytes,   10769120 total
- age   2:    3673248 bytes,   14442368 total
, 0.0073766 secs]
   [Parallel Time: 6.6 ms, GC Workers: 4]
      [GC Worker Start (ms): Min: 198163.0, Avg: 198163.0, Max: 198163.0, Diff: 0.0]
      [Ext Root Scanning (ms): Min: 0.5, Avg: 0.6, Max: 0.8, Diff: 0.3, Sum: 2.4]
      [Update RS (ms): Min: 1.4, Avg: 1.5, Max: 1.6, Diff: 0.2, Sum: 6.0]
         [Processed Buffers: Min: 17, Avg: 19.3, Max: 22, Diff: 5, Sum: 77]
      [Scan RS (ms): Min: 0.0, Avg: 0.0, Max: 0.0, Diff: 0.0, Sum: 0.1]
      [Code Root Scanning (ms): Min: 0.0, Avg: 0.0, Max: 0.0, Diff: 0.0, Sum: 0.0]
      [Object Copy (ms): Min: 4.4, Avg: 4.5, Max: 4.5, Diff: 0.1, Sum: 17.8]
      [Termination (ms): Min: 0.0, Avg: 0.0, Max: 0.0, Diff: 0.0, Sum: 0.0]
         [Termination Attempts: Min: 1, Avg: 1.0, Max: 1, Diff: 0, Sum: 4]
      [GC Worker Other (ms): Min: 0.0, Avg: 0.0, Max: 0.0, Diff: 0.0, Sum: 0.1]
      [GC Worker Total (ms): Min: 6.6, Avg: 6.6, Max: 6.6, Diff: 0.0, Sum: 26.3]
      [GC Worker End (ms): Min: 198169.6, Avg: 198169.6, Max: 198169.6, Diff: 0.0]
   [Code Root Fixup: 0.0 ms]
   [Code Root Purge: 0.0 ms]
   [Clear CT: 0.0 ms]
   [Other: 0.7 ms]
      [Choose CSet: 0.0 ms]
      [Ref Proc: 0.1 ms]
      [Ref Enq: 0.0 ms]
      [Redirty Cards: 0.0 ms]
      [Humongous Register: 0.0 ms]
      [Humongous Reclaim: 0.0 ms]
      [Free CSet: 0.1 ms]
   [Eden: 88.0M(88.0M)->0.0B(74.0M) Survivors: 14.0M->13.0M Heap: 970.0M(1096.0M)->897.5M(1096.0M)]
 [Times: user=0.06 sys=0.00, real=0.01 secs] 
2016-06-27T20:28:15.898+0300: 198.170: [GC concurrent-root-region-scan-start]
2016-06-27T20:28:15.898+0300: 198.170: Total time for which application threads were stopped: 0.0104249 seconds, Stopping threads took: 0.0024017 seconds
2016-06-27T20:28:15.899+0300: 198.171: [GC concurrent-root-region-scan-end, 0.0011589 secs]
2016-06-27T20:28:15.899+0300: 198.171: [GC concurrent-mark-start]
2016-06-27T20:28:15.970+0300: 198.242: [GC concurrent-mark-end, 0.0697645 secs]
2016-06-27T20:28:15.983+0300: 198.255: [GC remark 2016-06-27T20:28:15.983+0300: 198.255: [Finalize Marking, 0.0001963 secs] 2016-06-27T20:28:15.983+0300: 198.255: [GC ref-proc, 0.0001026 secs] 2016-06-27T20:28:15.983+0300: 198.255: [Unloading, 0.0016914 secs], 0.0056018 secs]
 [Times: user=0.00 sys=0.00, real=0.00 secs] 
2016-06-27T20:28:15.988+0300: 198.261: Total time for which application threads were stopped: 0.0107042 seconds, Stopping threads took: 0.0046542 seconds
2016-06-27T20:28:15.990+0300: 198.263: [GC cleanup 910M->910M(1096M), 0.0019617 secs]
 [Times: user=0.00 sys=0.00, real=0.00 secs] 
2016-06-27T20:28:15.992+0300: 198.265: Total time for which application threads were stopped: 0.0025719 seconds, Stopping threads took: 0.0001167 seconds
2016-06-27T20:28:16.503+0300: 198.775: [GC pause (G1 Evacuation Pause) (young)
Desired survivor size 5767168 bytes, new threshold 1 (max 15)
- age   1:   13346248 bytes,   13346248 total
, 0.0068818 secs]
   [Parallel Time: 6.3 ms, GC Workers: 4]
      [GC Worker Start (ms): Min: 198774.9, Avg: 198775.0, Max: 198775.0, Diff: 0.0]
      [Ext Root Scanning (ms): Min: 0.5, Avg: 0.5, Max: 0.6, Diff: 0.1, Sum: 2.1]
      [Update RS (ms): Min: 1.7, Avg: 1.7, Max: 1.8, Diff: 0.1, Sum: 6.9]
         [Processed Buffers: Min: 6, Avg: 12.5, Max: 22, Diff: 16, Sum: 50]
      [Scan RS (ms): Min: 0.0, Avg: 0.0, Max: 0.0, Diff: 0.0, Sum: 0.0]
      [Code Root Scanning (ms): Min: 0.0, Avg: 0.0, Max: 0.0, Diff: 0.0, Sum: 0.0]
      [Object Copy (ms): Min: 3.9, Avg: 4.0, Max: 4.0, Diff: 0.2, Sum: 16.0]
      [Termination (ms): Min: 0.0, Avg: 0.0, Max: 0.0, Diff: 0.0, Sum: 0.0]
         [Termination Attempts: Min: 1, Avg: 1.0, Max: 1, Diff: 0, Sum: 4]
      [GC Worker Other (ms): Min: 0.0, Avg: 0.0, Max: 0.0, Diff: 0.0, Sum: 0.0]
      [GC Worker Total (ms): Min: 6.2, Avg: 6.3, Max: 6.3, Diff: 0.0, Sum: 25.0]
      [GC Worker End (ms): Min: 198781.2, Avg: 198781.2, Max: 198781.2, Diff: 0.0]
   [Code Root Fixup: 0.0 ms]
   [Code Root Purge: 0.0 ms]
   [Clear CT: 0.0 ms]
   [Other: 0.5 ms]
      [Choose CSet: 0.0 ms]
      [Ref Proc: 0.1 ms]
      [Ref Enq: 0.0 ms]
      [Redirty Cards: 0.0 ms]
      [Humongous Register: 0.0 ms]
      [Humongous Reclaim: 0.0 ms]
      [Free CSet: 0.1 ms]
   [Eden: 74.0M(74.0M)->0.0B(43.0M) Survivors: 13.0M->11.0M Heap: 971.5M(1096.0M)->910.0M(1096.0M)]
 [Times: user=0.06 sys=0.00, real=0.01 secs] 
2016-06-27T20:28:16.510+0300: 198.782: Total time for which application threads were stopped: 0.0157586 seconds, Stopping threads took: 0.0082122 seconds
2016-06-27T20:28:16.882+0300: 199.154: [GC pause (G1 Evacuation Pause) (mixed)
Desired survivor size 3670016 bytes, new threshold 1 (max 15)
- age   1:   11346952 bytes,   11346952 total
, 0.0201156 secs]
   [Parallel Time: 18.8 ms, GC Workers: 4]
      [GC Worker Start (ms): Min: 199154.7, Avg: 199154.8, Max: 199154.8, Diff: 0.0]
      [Ext Root Scanning (ms): Min: 0.5, Avg: 0.6, Max: 0.6, Diff: 0.1, Sum: 2.3]
      [Update RS (ms): Min: 1.1, Avg: 1.2, Max: 1.3, Diff: 0.2, Sum: 4.7]
         [Processed Buffers: Min: 3, Avg: 11.5, Max: 29, Diff: 26, Sum: 46]
      [Scan RS (ms): Min: 2.8, Avg: 2.9, Max: 3.0, Diff: 0.2, Sum: 11.7]
      [Code Root Scanning (ms): Min: 0.0, Avg: 0.1, Max: 0.2, Diff: 0.2, Sum: 0.2]
      [Object Copy (ms): Min: 13.9, Avg: 14.0, Max: 14.1, Diff: 0.2, Sum: 56.1]
      [Termination (ms): Min: 0.0, Avg: 0.0, Max: 0.0, Diff: 0.0, Sum: 0.0]
         [Termination Attempts: Min: 1, Avg: 2.3, Max: 4, Diff: 3, Sum: 9]
      [GC Worker Other (ms): Min: 0.0, Avg: 0.0, Max: 0.0, Diff: 0.0, Sum: 0.1]
      [GC Worker Total (ms): Min: 18.7, Avg: 18.8, Max: 18.8, Diff: 0.0, Sum: 75.0]
      [GC Worker End (ms): Min: 199173.5, Avg: 199173.5, Max: 199173.5, Diff: 0.0]
   [Code Root Fixup: 0.1 ms]
   [Code Root Purge: 0.0 ms]
   [Clear CT: 0.2 ms]
   [Other: 1.1 ms]
      [Choose CSet: 0.2 ms]
      [Ref Proc: 0.1 ms]
      [Ref Enq: 0.0 ms]
      [Redirty Cards: 0.1 ms]
      [Humongous Register: 0.0 ms]
      [Humongous Reclaim: 0.0 ms]
      [Free CSet: 0.4 ms]
   [Eden: 43.0M(43.0M)->0.0B(47.0M) Survivors: 11.0M->7168.0K Heap: 953.0M(1096.0M)->877.5M(1096.0M)]
 [Times: user=0.06 sys=0.00, real=0.02 secs] 
2016-06-27T20:28:16.902+0300: 199.175: Total time for which application threads were stopped: 0.0254035 seconds, Stopping threads took: 0.0045481 seconds
2016-06-27T20:28:17.305+0300: 199.577: [GC pause (G1 Evacuation Pause) (mixed)
Desired survivor size 3670016 bytes, new threshold 1 (max 15)
- age   1:    7093992 bytes,    7093992 total
, 0.0262289 secs]
   [Parallel Time: 24.9 ms, GC Workers: 4]
      [GC Worker Start (ms): Min: 199577.5, Avg: 199577.5, Max: 199577.5, Diff: 0.0]
      [Ext Root Scanning (ms): Min: 0.6, Avg: 0.6, Max: 0.6, Diff: 0.0, Sum: 2.3]
      [Update RS (ms): Min: 8.3, Avg: 8.3, Max: 8.3, Diff: 0.1, Sum: 33.2]
         [Processed Buffers: Min: 13, Avg: 17.0, Max: 21, Diff: 8, Sum: 68]
      [Scan RS (ms): Min: 3.4, Avg: 3.5, Max: 3.5, Diff: 0.0, Sum: 13.8]
      [Code Root Scanning (ms): Min: 0.0, Avg: 0.0, Max: 0.1, Diff: 0.1, Sum: 0.1]
      [Object Copy (ms): Min: 12.5, Avg: 12.5, Max: 12.6, Diff: 0.1, Sum: 50.1]
      [Termination (ms): Min: 0.0, Avg: 0.0, Max: 0.0, Diff: 0.0, Sum: 0.0]
         [Termination Attempts: Min: 1, Avg: 4.8, Max: 8, Diff: 7, Sum: 19]
      [GC Worker Other (ms): Min: 0.0, Avg: 0.0, Max: 0.0, Diff: 0.0, Sum: 0.0]
      [GC Worker Total (ms): Min: 24.9, Avg: 24.9, Max: 24.9, Diff: 0.0, Sum: 99.6]
      [GC Worker End (ms): Min: 199602.4, Avg: 199602.4, Max: 199602.4, Diff: 0.0]
   [Code Root Fixup: 0.0 ms]
   [Code Root Purge: 0.0 ms]
   [Clear CT: 0.2 ms]
   [Other: 1.0 ms]
      [Choose CSet: 0.2 ms]
      [Ref Proc: 0.0 ms]
      [Ref Enq: 0.0 ms]
      [Redirty Cards: 0.0 ms]
      [Humongous Register: 0.0 ms]
      [Humongous Reclaim: 0.0 ms]
      [Free CSet: 0.4 ms]
   [Eden: 47.0M(47.0M)->0.0B(47.0M) Survivors: 7168.0K->7168.0K Heap: 924.5M(1096.0M)->860.0M(1096.0M)]
 [Times: user=0.06 sys=0.00, real=0.03 secs] 
2016-06-27T20:28:17.332+0300: 199.604: Total time for which application threads were stopped: 0.0297998 seconds, Stopping threads took: 0.0028422 seconds
2016-06-27T20:28:17.727+0300: 199.999: [GC pause (G1 Evacuation Pause) (young)
Desired survivor size 3670016 bytes, new threshold 1 (max 15)
- age   1:    7224392 bytes,    7224392 total
, 0.0132928 secs]
   [Parallel Time: 12.7 ms, GC Workers: 4]
      [GC Worker Start (ms): Min: 199999.5, Avg: 199999.5, Max: 199999.6, Diff: 0.0]
      [Ext Root Scanning (ms): Min: 0.5, Avg: 0.6, Max: 0.6, Diff: 0.1, Sum: 2.3]
      [Update RS (ms): Min: 9.7, Avg: 9.7, Max: 9.7, Diff: 0.0, Sum: 38.8]
         [Processed Buffers: Min: 17, Avg: 22.5, Max: 28, Diff: 11, Sum: 90]
      [Scan RS (ms): Min: 0.0, Avg: 0.0, Max: 0.0, Diff: 0.0, Sum: 0.0]
      [Code Root Scanning (ms): Min: 0.0, Avg: 0.0, Max: 0.0, Diff: 0.0, Sum: 0.0]
      [Object Copy (ms): Min: 2.3, Avg: 2.3, Max: 2.4, Diff: 0.1, Sum: 9.3]
      [Termination (ms): Min: 0.0, Avg: 0.0, Max: 0.0, Diff: 0.0, Sum: 0.0]
         [Termination Attempts: Min: 1, Avg: 1.0, Max: 1, Diff: 0, Sum: 4]
      [GC Worker Other (ms): Min: 0.0, Avg: 0.0, Max: 0.0, Diff: 0.0, Sum: 0.1]
      [GC Worker Total (ms): Min: 12.6, Avg: 12.6, Max: 12.6, Diff: 0.0, Sum: 50.5]
      [GC Worker End (ms): Min: 200012.2, Avg: 200012.2, Max: 200012.2, Diff: 0.0]
   [Code Root Fixup: 0.0 ms]
   [Code Root Purge: 0.0 ms]
   [Clear CT: 0.0 ms]
   [Other: 0.6 ms]
      [Choose CSet: 0.0 ms]
      [Ref Proc: 0.0 ms]
      [Ref Enq: 0.0 ms]
      [Redirty Cards: 0.0 ms]
      [Humongous Register: 0.0 ms]
      [Humongous Reclaim: 0.0 ms]
      [Free CSet: 0.1 ms]
   [Eden: 47.0M(47.0M)->0.0B(47.0M) Survivors: 7168.0K->7168.0K Heap: 907.0M(1096.0M)->869.0M(1096.0M)]
 [Times: user=0.06 sys=0.00, real=0.01 secs] 
2016-06-27T20:28:17.741+0300: 200.013: Total time for which application threads were stopped: 0.0191461 seconds, Stopping threads took: 0.0050857 seconds
2016-06-27T20:28:18.127+0300: 200.399: [GC pause (G1 Evacuation Pause) (young) (initial-mark)
Desired survivor size 3670016 bytes, new threshold 1 (max 15)
- age   1:    7031568 bytes,    7031568 total
, 0.0047128 secs]
   [Parallel Time: 4.0 ms, GC Workers: 4]
      [GC Worker Start (ms): Min: 200399.2, Avg: 200399.2, Max: 200399.2, Diff: 0.0]
      [Ext Root Scanning (ms): Min: 0.5, Avg: 0.6, Max: 0.7, Diff: 0.2, Sum: 2.4]
      [Update RS (ms): Min: 0.8, Avg: 0.9, Max: 1.0, Diff: 0.2, Sum: 3.7]
         [Processed Buffers: Min: 2, Avg: 11.0, Max: 20, Diff: 18, Sum: 44]
      [Scan RS (ms): Min: 0.0, Avg: 0.0, Max: 0.0, Diff: 0.0, Sum: 0.0]
      [Code Root Scanning (ms): Min: 0.0, Avg: 0.0, Max: 0.0, Diff: 0.0, Sum: 0.0]
      [Object Copy (ms): Min: 2.4, Avg: 2.4, Max: 2.5, Diff: 0.1, Sum: 9.7]
      [Termination (ms): Min: 0.0, Avg: 0.0, Max: 0.0, Diff: 0.0, Sum: 0.0]
         [Termination Attempts: Min: 1, Avg: 1.0, Max: 1, Diff: 0, Sum: 4]
      [GC Worker Other (ms): Min: 0.0, Avg: 0.0, Max: 0.0, Diff: 0.0, Sum: 0.0]
      [GC Worker Total (ms): Min: 4.0, Avg: 4.0, Max: 4.0, Diff: 0.0, Sum: 15.9]
      [GC Worker End (ms): Min: 200403.1, Avg: 200403.1, Max: 200403.1, Diff: 0.0]
   [Code Root Fixup: 0.0 ms]
   [Code Root Purge: 0.0 ms]
   [Clear CT: 0.0 ms]
   [Other: 0.7 ms]
      [Choose CSet: 0.0 ms]
      [Ref Proc: 0.0 ms]
      [Ref Enq: 0.0 ms]
      [Redirty Cards: 0.0 ms]
      [Humongous Register: 0.0 ms]
      [Humongous Reclaim: 0.0 ms]
      [Free CSet: 0.1 ms]
   [Eden: 47.0M(47.0M)->0.0B(90.0M) Survivors: 7168.0K->7168.0K Heap: 916.0M(1096.0M)->877.5M(1096.0M)]
 [Times: user=0.06 sys=0.00, real=0.00 secs] 
2016-06-27T20:28:18.132+0300: 200.404: [GC concurrent-root-region-scan-start]
2016-06-27T20:28:18.132+0300: 200.404: Total time for which application threads were stopped: 0.0066740 seconds, Stopping threads took: 0.0012064 seconds
2016-06-27T20:28:18.133+0300: 200.405: [GC concurrent-root-region-scan-end, 0.0009703 secs]
2016-06-27T20:28:18.133+0300: 200.405: [GC concurrent-mark-start]
2016-06-27T20:28:18.187+0300: 200.459: Total time for which application threads were stopped: 0.0016272 seconds, Stopping threads took: 0.0004204 seconds
2016-06-27T20:28:18.201+0300: 200.473: [GC concurrent-mark-end, 0.0673119 secs]
2016-06-27T20:28:18.221+0300: 200.493: [GC remark 2016-06-27T20:28:18.221+0300: 200.493: [Finalize Marking, 0.0001997 secs] 2016-06-27T20:28:18.221+0300: 200.493: [GC ref-proc, 0.0001266 secs] 2016-06-27T20:28:18.221+0300: 200.493: [Unloading, 0.0017440 secs], 0.0057609 secs]
 [Times: user=0.00 sys=0.01, real=0.01 secs] 
2016-06-27T20:28:18.227+0300: 200.499: Total time for which application threads were stopped: 0.0066410 seconds, Stopping threads took: 0.0004200 seconds
2016-06-27T20:28:18.228+0300: 200.500: [GC cleanup 890M->890M(1096M), 0.0020211 secs]
 [Times: user=0.00 sys=0.00, real=0.00 secs] 
2016-06-27T20:28:18.230+0300: 200.502: Total time for which application threads were stopped: 0.0025805 seconds, Stopping threads took: 0.0000603 seconds
2016-06-27T20:28:18.867+0300: 201.139: [GC pause (G1 Evacuation Pause) (young)
Desired survivor size 6815744 bytes, new threshold 1 (max 15)
- age   1:    7038688 bytes,    7038688 total
, 0.0054376 secs]
   [Parallel Time: 4.7 ms, GC Workers: 4]
      [GC Worker Start (ms): Min: 201139.1, Avg: 201139.1, Max: 201139.1, Diff: 0.0]
      [Ext Root Scanning (ms): Min: 0.6, Avg: 0.6, Max: 0.6, Diff: 0.0, Sum: 2.4]
      [Update RS (ms): Min: 0.5, Avg: 0.6, Max: 0.7, Diff: 0.2, Sum: 2.5]
         [Processed Buffers: Min: 5, Avg: 13.5, Max: 35, Diff: 30, Sum: 54]
      [Scan RS (ms): Min: 0.0, Avg: 0.0, Max: 0.0, Diff: 0.0, Sum: 0.1]
      [Code Root Scanning (ms): Min: 0.0, Avg: 0.0, Max: 0.0, Diff: 0.0, Sum: 0.0]
      [Object Copy (ms): Min: 3.3, Avg: 3.4, Max: 3.4, Diff: 0.1, Sum: 13.6]
      [Termination (ms): Min: 0.0, Avg: 0.0, Max: 0.0, Diff: 0.0, Sum: 0.0]
         [Termination Attempts: Min: 1, Avg: 1.0, Max: 1, Diff: 0, Sum: 4]
      [GC Worker Other (ms): Min: 0.0, Avg: 0.0, Max: 0.0, Diff: 0.0, Sum: 0.1]
      [GC Worker Total (ms): Min: 4.6, Avg: 4.7, Max: 4.7, Diff: 0.0, Sum: 18.7]
      [GC Worker End (ms): Min: 201143.8, Avg: 201143.8, Max: 201143.8, Diff: 0.0]
   [Code Root Fixup: 0.0 ms]
   [Code Root Purge: 0.0 ms]
   [Clear CT: 0.0 ms]
   [Other: 0.7 ms]
      [Choose CSet: 0.0 ms]
      [Ref Proc: 0.1 ms]
      [Ref Enq: 0.0 ms]
      [Redirty Cards: 0.0 ms]
      [Humongous Register: 0.0 ms]
      [Humongous Reclaim: 0.0 ms]
      [Free CSet: 0.1 ms]
   [Eden: 90.0M(90.0M)->0.0B(41.0M) Survivors: 7168.0K->13.0M Heap: 967.5M(1096.0M)->893.0M(1096.0M)]
 [Times: user=0.00 sys=0.00, real=0.00 secs] 
2016-06-27T20:28:18.872+0300: 201.145: Total time for which application threads were stopped: 0.0115103 seconds, Stopping threads took: 0.0053243 seconds
2016-06-27T20:28:19.217+0300: 201.489: [GC pause (G1 Evacuation Pause) (mixed)
Desired survivor size 3670016 bytes, new threshold 1 (max 15)
- age   1:   13412520 bytes,   13412520 total
, 0.0207156 secs]
   [Parallel Time: 19.3 ms, GC Workers: 4]
      [GC Worker Start (ms): Min: 201489.1, Avg: 201489.1, Max: 201489.1, Diff: 0.0]
      [Ext Root Scanning (ms): Min: 0.6, Avg: 0.6, Max: 0.6, Diff: 0.1, Sum: 2.4]
      [Update RS (ms): Min: 0.6, Avg: 0.6, Max: 0.6, Diff: 0.0, Sum: 2.6]
         [Processed Buffers: Min: 3, Avg: 9.0, Max: 18, Diff: 15, Sum: 36]
      [Scan RS (ms): Min: 3.3, Avg: 3.3, Max: 3.4, Diff: 0.1, Sum: 13.4]
      [Code Root Scanning (ms): Min: 0.0, Avg: 0.1, Max: 0.1, Diff: 0.1, Sum: 0.2]
      [Object Copy (ms): Min: 14.6, Avg: 14.6, Max: 14.6, Diff: 0.1, Sum: 58.3]
      [Termination (ms): Min: 0.0, Avg: 0.0, Max: 0.0, Diff: 0.0, Sum: 0.0]
         [Termination Attempts: Min: 1, Avg: 1.8, Max: 2, Diff: 1, Sum: 7]
      [GC Worker Other (ms): Min: 0.0, Avg: 0.0, Max: 0.0, Diff: 0.0, Sum: 0.1]
      [GC Worker Total (ms): Min: 19.2, Avg: 19.2, Max: 19.2, Diff: 0.0, Sum: 76.9]
      [GC Worker End (ms): Min: 201508.3, Avg: 201508.3, Max: 201508.3, Diff: 0.0]
   [Code Root Fixup: 0.1 ms]
   [Code Root Purge: 0.0 ms]
   [Clear CT: 0.2 ms]
   [Other: 1.1 ms]
      [Choose CSet: 0.2 ms]
      [Ref Proc: 0.1 ms]
      [Ref Enq: 0.0 ms]
      [Redirty Cards: 0.0 ms]
      [Humongous Register: 0.0 ms]
      [Humongous Reclaim: 0.0 ms]
      [Free CSet: 0.5 ms]
   [Eden: 41.0M(41.0M)->0.0B(47.0M) Survivors: 13.0M->7168.0K Heap: 934.0M(1096.0M)->861.5M(1096.0M)]
 [Times: user=0.06 sys=0.00, real=0.02 secs] 
2016-06-27T20:28:19.238+0300: 201.510: Total time for which application threads were stopped: 0.0266022 seconds, Stopping threads took: 0.0051836 seconds
2016-06-27T20:28:19.624+0300: 201.896: [GC pause (G1 Evacuation Pause) (mixed)
Desired survivor size 3670016 bytes, new threshold 1 (max 15)
- age   1:    7024808 bytes,    7024808 total
, 0.0156637 secs]
   [Parallel Time: 14.9 ms, GC Workers: 4]
      [GC Worker Start (ms): Min: 201896.4, Avg: 201896.4, Max: 201896.4, Diff: 0.0]
      [Ext Root Scanning (ms): Min: 0.5, Avg: 0.5, Max: 0.6, Diff: 0.1, Sum: 2.1]
      [Update RS (ms): Min: 9.1, Avg: 9.2, Max: 9.4, Diff: 0.3, Sum: 36.9]
         [Processed Buffers: Min: 11, Avg: 16.8, Max: 23, Diff: 12, Sum: 67]
      [Scan RS (ms): Min: 0.8, Avg: 0.9, Max: 1.0, Diff: 0.2, Sum: 3.7]
      [Code Root Scanning (ms): Min: 0.0, Avg: 0.0, Max: 0.0, Diff: 0.0, Sum: 0.0]
      [Object Copy (ms): Min: 4.1, Avg: 4.1, Max: 4.1, Diff: 0.0, Sum: 16.5]
      [Termination (ms): Min: 0.0, Avg: 0.0, Max: 0.0, Diff: 0.0, Sum: 0.0]
         [Termination Attempts: Min: 1, Avg: 1.3, Max: 2, Diff: 1, Sum: 5]
      [GC Worker Other (ms): Min: 0.0, Avg: 0.0, Max: 0.0, Diff: 0.0, Sum: 0.1]
      [GC Worker Total (ms): Min: 14.8, Avg: 14.8, Max: 14.8, Diff: 0.0, Sum: 59.3]
      [GC Worker End (ms): Min: 201911.2, Avg: 201911.2, Max: 201911.2, Diff: 0.0]
   [Code Root Fixup: 0.0 ms]
   [Code Root Purge: 0.0 ms]
   [Clear CT: 0.2 ms]
   [Other: 0.6 ms]
      [Choose CSet: 0.0 ms]
      [Ref Proc: 0.0 ms]
      [Ref Enq: 0.0 ms]
      [Redirty Cards: 0.1 ms]
      [Humongous Register: 0.0 ms]
      [Humongous Reclaim: 0.0 ms]
      [Free CSet: 0.1 ms]
   [Eden: 47.0M(47.0M)->0.0B(47.0M) Survivors: 7168.0K->7168.0K Heap: 908.5M(1096.0M)->866.5M(1096.0M)]
 [Times: user=0.06 sys=0.00, real=0.02 secs] 
2016-06-27T20:28:19.640+0300: 201.912: Total time for which application threads were stopped: 0.0200587 seconds, Stopping threads took: 0.0037693 seconds
2016-06-27T20:28:20.052+0300: 202.324: [GC pause (G1 Evacuation Pause) (young)
Desired survivor size 3670016 bytes, new threshold 1 (max 15)
- age   1:    7173104 bytes,    7173104 total
, 0.0070460 secs]
   [Parallel Time: 6.4 ms, GC Workers: 4]
      [GC Worker Start (ms): Min: 202324.0, Avg: 202324.1, Max: 202324.1, Diff: 0.0]
      [Ext Root Scanning (ms): Min: 0.6, Avg: 0.7, Max: 0.8, Diff: 0.2, Sum: 2.8]
      [Update RS (ms): Min: 3.3, Avg: 3.5, Max: 3.7, Diff: 0.4, Sum: 13.8]
         [Processed Buffers: Min: 5, Avg: 11.5, Max: 23, Diff: 18, Sum: 46]
      [Scan RS (ms): Min: 0.0, Avg: 0.0, Max: 0.0, Diff: 0.0, Sum: 0.0]
      [Code Root Scanning (ms): Min: 0.0, Avg: 0.0, Max: 0.0, Diff: 0.0, Sum: 0.0]
      [Object Copy (ms): Min: 1.9, Avg: 2.2, Max: 2.4, Diff: 0.5, Sum: 8.8]
      [Termination (ms): Min: 0.0, Avg: 0.0, Max: 0.0, Diff: 0.0, Sum: 0.0]
         [Termination Attempts: Min: 1, Avg: 1.0, Max: 1, Diff: 0, Sum: 4]
      [GC Worker Other (ms): Min: 0.0, Avg: 0.0, Max: 0.0, Diff: 0.0, Sum: 0.1]
      [GC Worker Total (ms): Min: 6.4, Avg: 6.4, Max: 6.4, Diff: 0.0, Sum: 25.5]
      [GC Worker End (ms): Min: 202330.4, Avg: 202330.4, Max: 202330.4, Diff: 0.0]
   [Code Root Fixup: 0.0 ms]
   [Code Root Purge: 0.0 ms]
   [Clear CT: 0.0 ms]
   [Other: 0.6 ms]
      [Choose CSet: 0.0 ms]
      [Ref Proc: 0.1 ms]
      [Ref Enq: 0.0 ms]
      [Redirty Cards: 0.0 ms]
      [Humongous Register: 0.0 ms]
      [Humongous Reclaim: 0.0 ms]
      [Free CSet: 0.1 ms]
   [Eden: 47.0M(47.0M)->0.0B(93.0M) Survivors: 7168.0K->7168.0K Heap: 913.5M(1096.0M)->875.5M(1096.0M)]
 [Times: user=0.00 sys=0.00, real=0.01 secs] 
2016-06-27T20:28:20.059+0300: 202.331: Total time for which application threads were stopped: 0.0106794 seconds, Stopping threads took: 0.0029932 seconds
2016-06-27T20:28:20.837+0300: 203.109: [GC pause (G1 Evacuation Pause) (young) (initial-mark)
Desired survivor size 6815744 bytes, new threshold 1 (max 15)
- age   1:    7180456 bytes,    7180456 total
, 0.0058619 secs]
   [Parallel Time: 5.1 ms, GC Workers: 4]
      [GC Worker Start (ms): Min: 203108.9, Avg: 203108.9, Max: 203108.9, Diff: 0.0]
      [Ext Root Scanning (ms): Min: 0.6, Avg: 0.6, Max: 0.6, Diff: 0.1, Sum: 2.4]
      [Update RS (ms): Min: 0.9, Avg: 0.9, Max: 1.0, Diff: 0.1, Sum: 3.7]
         [Processed Buffers: Min: 2, Avg: 19.0, Max: 30, Diff: 28, Sum: 76]
      [Scan RS (ms): Min: 0.0, Avg: 0.0, Max: 0.0, Diff: 0.0, Sum: 0.1]
      [Code Root Scanning (ms): Min: 0.0, Avg: 0.0, Max: 0.0, Diff: 0.0, Sum: 0.0]
      [Object Copy (ms): Min: 3.5, Avg: 3.5, Max: 3.6, Diff: 0.2, Sum: 14.2]
      [Termination (ms): Min: 0.0, Avg: 0.0, Max: 0.0, Diff: 0.0, Sum: 0.0]
         [Termination Attempts: Min: 1, Avg: 1.0, Max: 1, Diff: 0, Sum: 4]
      [GC Worker Other (ms): Min: 0.0, Avg: 0.0, Max: 0.0, Diff: 0.0, Sum: 0.1]
      [GC Worker Total (ms): Min: 5.1, Avg: 5.1, Max: 5.1, Diff: 0.0, Sum: 20.4]
      [GC Worker End (ms): Min: 203114.0, Avg: 203114.0, Max: 203114.0, Diff: 0.0]
   [Code Root Fixup: 0.0 ms]
   [Code Root Purge: 0.0 ms]
   [Clear CT: 0.0 ms]
   [Other: 0.7 ms]
      [Choose CSet: 0.0 ms]
      [Ref Proc: 0.1 ms]
      [Ref Enq: 0.0 ms]
      [Redirty Cards: 0.0 ms]
      [Humongous Register: 0.0 ms]
      [Humongous Reclaim: 0.0 ms]
      [Free CSet: 0.1 ms]
   [Eden: 93.0M(93.0M)->0.0B(78.0M) Survivors: 7168.0K->13.0M Heap: 968.5M(1096.0M)->892.5M(1096.0M)]
 [Times: user=0.00 sys=0.00, real=0.01 secs] 
2016-06-27T20:28:20.843+0300: 203.115: [GC concurrent-root-region-scan-start]
2016-06-27T20:28:20.843+0300: 203.115: Total time for which application threads were stopped: 0.0094118 seconds, Stopping threads took: 0.0028054 seconds
2016-06-27T20:28:20.844+0300: 203.116: [GC concurrent-root-region-scan-end, 0.0011739 secs]
2016-06-27T20:28:20.844+0300: 203.116: [GC concurrent-mark-start]
2016-06-27T20:28:20.915+0300: 203.187: [GC concurrent-mark-end, 0.0708683 secs]
2016-06-27T20:28:20.939+0300: 203.211: [GC remark 2016-06-27T20:28:20.939+0300: 203.211: [Finalize Marking, 0.0001976 secs] 2016-06-27T20:28:20.939+0300: 203.211: [GC ref-proc, 0.0001031 secs] 2016-06-27T20:28:20.939+0300: 203.211: [Unloading, 0.0017461 secs], 0.0057502 secs]
 [Times: user=0.06 sys=0.00, real=0.01 secs] 
2016-06-27T20:28:20.944+0300: 203.217: Total time for which application threads were stopped: 0.0084748 seconds, Stopping threads took: 0.0021272 seconds
2016-06-27T20:28:20.946+0300: 203.218: [GC cleanup 906M->906M(1096M), 0.0019916 secs]
 [Times: user=0.00 sys=0.00, real=0.00 secs] 
2016-06-27T20:28:20.948+0300: 203.220: Total time for which application threads were stopped: 0.0026780 seconds, Stopping threads took: 0.0001176 seconds
2016-06-27T20:28:21.492+0300: 203.764: [GC pause (G1 Evacuation Pause) (young)
Desired survivor size 6291456 bytes, new threshold 1 (max 15)
- age   1:   13398600 bytes,   13398600 total
, 0.0062626 secs]
   [Parallel Time: 5.7 ms, GC Workers: 4]
      [GC Worker Start (ms): Min: 203764.0, Avg: 203764.0, Max: 203764.0, Diff: 0.0]
      [Ext Root Scanning (ms): Min: 0.6, Avg: 0.6, Max: 0.7, Diff: 0.0, Sum: 2.6]
      [Update RS (ms): Min: 0.9, Avg: 0.9, Max: 1.0, Diff: 0.0, Sum: 3.7]
         [Processed Buffers: Min: 12, Avg: 15.3, Max: 19, Diff: 7, Sum: 61]
      [Scan RS (ms): Min: 0.0, Avg: 0.0, Max: 0.0, Diff: 0.0, Sum: 0.1]
      [Code Root Scanning (ms): Min: 0.0, Avg: 0.0, Max: 0.0, Diff: 0.0, Sum: 0.0]
      [Object Copy (ms): Min: 4.0, Avg: 4.0, Max: 4.0, Diff: 0.0, Sum: 16.1]
      [Termination (ms): Min: 0.0, Avg: 0.0, Max: 0.0, Diff: 0.0, Sum: 0.0]
         [Termination Attempts: Min: 1, Avg: 1.0, Max: 1, Diff: 0, Sum: 4]
      [GC Worker Other (ms): Min: 0.0, Avg: 0.0, Max: 0.0, Diff: 0.0, Sum: 0.1]
      [GC Worker Total (ms): Min: 5.6, Avg: 5.6, Max: 5.6, Diff: 0.0, Sum: 22.5]
      [GC Worker End (ms): Min: 203769.6, Avg: 203769.6, Max: 203769.6, Diff: 0.0]
   [Code Root Fixup: 0.0 ms]
   [Code Root Purge: 0.0 ms]
   [Clear CT: 0.0 ms]
   [Other: 0.5 ms]
      [Choose CSet: 0.0 ms]
      [Ref Proc: 0.0 ms]
      [Ref Enq: 0.0 ms]
      [Redirty Cards: 0.0 ms]
      [Humongous Register: 0.0 ms]
      [Humongous Reclaim: 0.0 ms]
      [Free CSet: 0.1 ms]
   [Eden: 78.0M(78.0M)->0.0B(42.0M) Survivors: 13.0M->12.0M Heap: 970.5M(1096.0M)->907.5M(1096.0M)]
 [Times: user=0.00 sys=0.00, real=0.01 secs] 
2016-06-27T20:28:21.498+0300: 203.770: Total time for which application threads were stopped: 0.0085886 seconds, Stopping threads took: 0.0015233 seconds
2016-06-27T20:28:21.795+0300: 204.068: [GC pause (G1 Evacuation Pause) (mixed)
Desired survivor size 3670016 bytes, new threshold 1 (max 15)
- age   1:   12223392 bytes,   12223392 total
, 0.0207216 secs]
   [Parallel Time: 19.4 ms, GC Workers: 4]
      [GC Worker Start (ms): Min: 204067.8, Avg: 204067.8, Max: 204067.8, Diff: 0.0]
      [Ext Root Scanning (ms): Min: 0.6, Avg: 0.6, Max: 0.6, Diff: 0.1, Sum: 2.4]
      [Update RS (ms): Min: 1.0, Avg: 1.0, Max: 1.0, Diff: 0.1, Sum: 4.0]
         [Processed Buffers: Min: 4, Avg: 9.5, Max: 16, Diff: 12, Sum: 38]
      [Scan RS (ms): Min: 2.8, Avg: 2.9, Max: 2.9, Diff: 0.1, Sum: 11.5]
      [Code Root Scanning (ms): Min: 0.0, Avg: 0.0, Max: 0.1, Diff: 0.1, Sum: 0.1]
      [Object Copy (ms): Min: 14.8, Avg: 14.8, Max: 14.8, Diff: 0.0, Sum: 59.3]
      [Termination (ms): Min: 0.0, Avg: 0.0, Max: 0.0, Diff: 0.0, Sum: 0.0]
         [Termination Attempts: Min: 1, Avg: 2.0, Max: 4, Diff: 3, Sum: 8]
      [GC Worker Other (ms): Min: 0.0, Avg: 0.0, Max: 0.0, Diff: 0.0, Sum: 0.1]
      [GC Worker Total (ms): Min: 19.3, Avg: 19.4, Max: 19.4, Diff: 0.0, Sum: 77.4]
      [GC Worker End (ms): Min: 204087.2, Avg: 204087.2, Max: 204087.2, Diff: 0.0]
   [Code Root Fixup: 0.0 ms]
   [Code Root Purge: 0.0 ms]
   [Clear CT: 0.2 ms]
   [Other: 1.1 ms]
      [Choose CSet: 0.2 ms]
      [Ref Proc: 0.1 ms]
      [Ref Enq: 0.0 ms]
      [Redirty Cards: 0.1 ms]
      [Humongous Register: 0.0 ms]
      [Humongous Reclaim: 0.0 ms]
      [Free CSet: 0.4 ms]
   [Eden: 42.0M(42.0M)->0.0B(47.0M) Survivors: 12.0M->7168.0K Heap: 949.5M(1096.0M)->877.5M(1096.0M)]
 [Times: user=0.06 sys=0.00, real=0.02 secs] 
2016-06-27T20:28:21.816+0300: 204.089: Total time for which application threads were stopped: 0.0225464 seconds, Stopping threads took: 0.0009819 seconds
2016-06-27T20:28:22.011+0300: 204.283: Total time for which application threads were stopped: 0.0033674 seconds, Stopping threads took: 0.0015036 seconds
2016-06-27T20:28:22.219+0300: 204.491: [GC pause (G1 Evacuation Pause) (mixed)
Desired survivor size 3670016 bytes, new threshold 1 (max 15)
- age   1:    7092648 bytes,    7092648 total
, 0.0201211 secs]
   [Parallel Time: 19.0 ms, GC Workers: 4]
      [GC Worker Start (ms): Min: 204491.1, Avg: 204491.1, Max: 204491.1, Diff: 0.0]
      [Ext Root Scanning (ms): Min: 0.5, Avg: 0.6, Max: 0.6, Diff: 0.1, Sum: 2.2]
      [Update RS (ms): Min: 8.6, Avg: 8.7, Max: 8.7, Diff: 0.1, Sum: 34.6]
         [Processed Buffers: Min: 12, Avg: 16.8, Max: 21, Diff: 9, Sum: 67]
      [Scan RS (ms): Min: 2.2, Avg: 2.2, Max: 2.3, Diff: 0.1, Sum: 8.9]
      [Code Root Scanning (ms): Min: 0.0, Avg: 0.0, Max: 0.0, Diff: 0.0, Sum: 0.1]
      [Object Copy (ms): Min: 7.5, Avg: 7.5, Max: 7.5, Diff: 0.0, Sum: 30.0]
      [Termination (ms): Min: 0.0, Avg: 0.0, Max: 0.0, Diff: 0.0, Sum: 0.0]
         [Termination Attempts: Min: 1, Avg: 7.5, Max: 14, Diff: 13, Sum: 30]
      [GC Worker Other (ms): Min: 0.0, Avg: 0.0, Max: 0.0, Diff: 0.0, Sum: 0.1]
      [GC Worker Total (ms): Min: 19.0, Avg: 19.0, Max: 19.0, Diff: 0.0, Sum: 75.9]
      [GC Worker End (ms): Min: 204510.1, Avg: 204510.1, Max: 204510.1, Diff: 0.0]
   [Code Root Fixup: 0.0 ms]
   [Code Root Purge: 0.0 ms]
   [Clear CT: 0.2 ms]
   [Other: 0.9 ms]
      [Choose CSet: 0.1 ms]
      [Ref Proc: 0.0 ms]
      [Ref Enq: 0.0 ms]
      [Redirty Cards: 0.0 ms]
      [Humongous Register: 0.1 ms]
      [Humongous Reclaim: 0.0 ms]
      [Free CSet: 0.3 ms]
   [Eden: 47.0M(47.0M)->0.0B(47.0M) Survivors: 7168.0K->7168.0K Heap: 924.5M(1096.0M)->873.5M(1096.0M)]
 [Times: user=0.06 sys=0.00, real=0.02 secs] 
2016-06-27T20:28:22.239+0300: 204.511: Total time for which application threads were stopped: 0.0232336 seconds, Stopping threads took: 0.0022195 seconds
2016-06-27T20:28:22.631+0300: 204.903: [GC pause (G1 Evacuation Pause) (young)
Desired survivor size 3670016 bytes, new threshold 1 (max 15)
- age   1:    7228952 bytes,    7228952 total
, 0.0105716 secs]
   [Parallel Time: 9.9 ms, GC Workers: 4]
      [GC Worker Start (ms): Min: 204903.2, Avg: 204903.2, Max: 204903.2, Diff: 0.0]
      [Ext Root Scanning (ms): Min: 0.5, Avg: 0.6, Max: 0.6, Diff: 0.1, Sum: 2.3]
      [Update RS (ms): Min: 6.9, Avg: 7.1, Max: 7.6, Diff: 0.7, Sum: 28.3]
         [Processed Buffers: Min: 9, Avg: 15.3, Max: 25, Diff: 16, Sum: 61]
      [Scan RS (ms): Min: 0.0, Avg: 0.0, Max: 0.0, Diff: 0.0, Sum: 0.0]
      [Code Root Scanning (ms): Min: 0.0, Avg: 0.0, Max: 0.0, Diff: 0.0, Sum: 0.0]
      [Object Copy (ms): Min: 1.8, Avg: 2.2, Max: 2.4, Diff: 0.7, Sum: 8.8]
      [Termination (ms): Min: 0.0, Avg: 0.0, Max: 0.0, Diff: 0.0, Sum: 0.0]
         [Termination Attempts: Min: 1, Avg: 1.0, Max: 1, Diff: 0, Sum: 4]
      [GC Worker Other (ms): Min: 0.0, Avg: 0.0, Max: 0.0, Diff: 0.0, Sum: 0.1]
      [GC Worker Total (ms): Min: 9.9, Avg: 9.9, Max: 9.9, Diff: 0.0, Sum: 39.5]
      [GC Worker End (ms): Min: 204913.0, Avg: 204913.0, Max: 204913.0, Diff: 0.0]
   [Code Root Fixup: 0.0 ms]
   [Code Root Purge: 0.0 ms]
   [Clear CT: 0.0 ms]
   [Other: 0.6 ms]
      [Choose CSet: 0.0 ms]
      [Ref Proc: 0.0 ms]
      [Ref Enq: 0.0 ms]
      [Redirty Cards: 0.0 ms]
      [Humongous Register: 0.0 ms]
      [Humongous Reclaim: 0.0 ms]
      [Free CSet: 0.1 ms]
   [Eden: 47.0M(47.0M)->0.0B(87.0M) Survivors: 7168.0K->7168.0K Heap: 920.5M(1096.0M)->882.5M(1096.0M)]
 [Times: user=0.00 sys=0.00, real=0.01 secs] 
2016-06-27T20:28:22.642+0300: 204.914: Total time for which application threads were stopped: 0.0122189 seconds, Stopping threads took: 0.0009225 seconds
2016-06-27T20:28:23.386+0300: 205.658: [GC pause (G1 Evacuation Pause) (young) (initial-mark)
Desired survivor size 6291456 bytes, new threshold 1 (max 15)
- age   1:    7119400 bytes,    7119400 total
, 0.0060680 secs]
   [Parallel Time: 5.3 ms, GC Workers: 4]
      [GC Worker Start (ms): Min: 205658.5, Avg: 205658.6, Max: 205658.6, Diff: 0.0]
      [Ext Root Scanning (ms): Min: 0.7, Avg: 0.7, Max: 0.8, Diff: 0.1, Sum: 2.9]
      [Update RS (ms): Min: 0.9, Avg: 1.0, Max: 1.1, Diff: 0.2, Sum: 4.0]
         [Processed Buffers: Min: 20, Avg: 25.8, Max: 35, Diff: 15, Sum: 103]
      [Scan RS (ms): Min: 0.0, Avg: 0.0, Max: 0.0, Diff: 0.0, Sum: 0.1]
      [Code Root Scanning (ms): Min: 0.0, Avg: 0.0, Max: 0.0, Diff: 0.0, Sum: 0.0]
      [Object Copy (ms): Min: 3.4, Avg: 3.5, Max: 3.5, Diff: 0.1, Sum: 13.9]
      [Termination (ms): Min: 0.0, Avg: 0.0, Max: 0.0, Diff: 0.0, Sum: 0.0]
         [Termination Attempts: Min: 1, Avg: 1.0, Max: 1, Diff: 0, Sum: 4]
      [GC Worker Other (ms): Min: 0.0, Avg: 0.0, Max: 0.0, Diff: 0.0, Sum: 0.0]
      [GC Worker Total (ms): Min: 5.2, Avg: 5.3, Max: 5.3, Diff: 0.0, Sum: 21.0]
      [GC Worker End (ms): Min: 205663.8, Avg: 205663.8, Max: 205663.8, Diff: 0.0]
   [Code Root Fixup: 0.0 ms]
   [Code Root Purge: 0.0 ms]
   [Clear CT: 0.0 ms]
   [Other: 0.7 ms]
      [Choose CSet: 0.0 ms]
      [Ref Proc: 0.0 ms]
      [Ref Enq: 0.0 ms]
      [Redirty Cards: 0.0 ms]
      [Humongous Register: 0.0 ms]
      [Humongous Reclaim: 0.0 ms]
      [Free CSet: 0.1 ms]
   [Eden: 87.0M(87.0M)->0.0B(73.0M) Survivors: 7168.0K->12.0M Heap: 969.5M(1096.0M)->898.5M(1096.0M)]
 [Times: user=0.00 sys=0.00, real=0.01 secs] 
2016-06-27T20:28:23.393+0300: 205.665: [GC concurrent-root-region-scan-start]
2016-06-27T20:28:23.393+0300: 205.665: Total time for which application threads were stopped: 0.0085655 seconds, Stopping threads took: 0.0016593 seconds
2016-06-27T20:28:23.394+0300: 205.666: [GC concurrent-root-region-scan-end, 0.0010024 secs]
2016-06-27T20:28:23.394+0300: 205.666: [GC concurrent-mark-start]
2016-06-27T20:28:23.463+0300: 205.735: [GC concurrent-mark-end, 0.0696987 secs]
2016-06-27T20:28:23.475+0300: 205.747: [GC remark 2016-06-27T20:28:23.475+0300: 205.747: [Finalize Marking, 0.0001993 secs] 2016-06-27T20:28:23.476+0300: 205.748: [GC ref-proc, 0.0001014 secs] 2016-06-27T20:28:23.476+0300: 205.748: [Unloading, 0.0018128 secs], 0.0058204 secs]
 [Times: user=0.00 sys=0.00, real=0.01 secs] 
2016-06-27T20:28:23.481+0300: 205.753: Total time for which application threads were stopped: 0.0066026 seconds, Stopping threads took: 0.0002228 seconds
2016-06-27T20:28:23.975+0300: 206.247: [GC cleanup 971M->971M(1096M), 0.0019882 secs]
 [Times: user=0.00 sys=0.00, real=0.00 secs] 
2016-06-27T20:28:23.977+0300: 206.249: Total time for which application threads were stopped: 0.0043702 seconds, Stopping threads took: 0.0018979 seconds
2016-06-27T20:28:23.979+0300: 206.252: [GC pause (G1 Evacuation Pause) (young)
Desired survivor size 5767168 bytes, new threshold 1 (max 15)
- age   1:   12281920 bytes,   12281920 total
, 0.0059799 secs]
   [Parallel Time: 5.4 ms, GC Workers: 4]
      [GC Worker Start (ms): Min: 206251.8, Avg: 206251.8, Max: 206251.8, Diff: 0.0]
      [Ext Root Scanning (ms): Min: 0.4, Avg: 0.5, Max: 0.6, Diff: 0.3, Sum: 1.9]
      [Update RS (ms): Min: 1.0, Avg: 1.1, Max: 1.2, Diff: 0.2, Sum: 4.4]
         [Processed Buffers: Min: 5, Avg: 12.5, Max: 30, Diff: 25, Sum: 50]
      [Scan RS (ms): Min: 0.0, Avg: 0.0, Max: 0.0, Diff: 0.0, Sum: 0.1]
      [Code Root Scanning (ms): Min: 0.0, Avg: 0.0, Max: 0.0, Diff: 0.0, Sum: 0.0]
      [Object Copy (ms): Min: 3.7, Avg: 3.8, Max: 3.9, Diff: 0.2, Sum: 15.1]
      [Termination (ms): Min: 0.0, Avg: 0.0, Max: 0.0, Diff: 0.0, Sum: 0.0]
         [Termination Attempts: Min: 1, Avg: 1.0, Max: 1, Diff: 0, Sum: 4]
      [GC Worker Other (ms): Min: 0.0, Avg: 0.0, Max: 0.0, Diff: 0.0, Sum: 0.0]
      [GC Worker Total (ms): Min: 5.4, Avg: 5.4, Max: 5.4, Diff: 0.0, Sum: 21.4]
      [GC Worker End (ms): Min: 206257.1, Avg: 206257.1, Max: 206257.1, Diff: 0.0]
   [Code Root Fixup: 0.0 ms]
   [Code Root Purge: 0.0 ms]
   [Clear CT: 0.0 ms]
   [Other: 0.5 ms]
      [Choose CSet: 0.0 ms]
      [Ref Proc: 0.0 ms]
      [Ref Enq: 0.0 ms]
      [Redirty Cards: 0.0 ms]
      [Humongous Register: 0.0 ms]
      [Humongous Reclaim: 0.0 ms]
      [Free CSet: 0.1 ms]
   [Eden: 73.0M(73.0M)->0.0B(43.0M) Survivors: 12.0M->11.0M Heap: 971.5M(1096.0M)->911.5M(1096.0M)]
 [Times: user=0.00 sys=0.00, real=0.01 secs] 
2016-06-27T20:28:23.985+0300: 206.258: Total time for which application threads were stopped: 0.0066043 seconds, Stopping threads took: 0.0000612 seconds
2016-06-27T20:28:24.191+0300: 206.463: Total time for which application threads were stopped: 0.0044420 seconds, Stopping threads took: 0.0024564 seconds
2016-06-27T20:28:24.338+0300: 206.610: [GC pause (G1 Evacuation Pause) (mixed)
Desired survivor size 3670016 bytes, new threshold 1 (max 15)
- age   1:   11347528 bytes,   11347528 total
, 0.0201682 secs]
   [Parallel Time: 18.7 ms, GC Workers: 4]
      [GC Worker Start (ms): Min: 206610.1, Avg: 206610.1, Max: 206610.2, Diff: 0.0]
      [Ext Root Scanning (ms): Min: 0.4, Avg: 0.5, Max: 0.6, Diff: 0.2, Sum: 1.9]
      [Update RS (ms): Min: 1.0, Avg: 1.1, Max: 1.1, Diff: 0.2, Sum: 4.2]
         [Processed Buffers: Min: 3, Avg: 10.0, Max: 17, Diff: 14, Sum: 40]
      [Scan RS (ms): Min: 3.0, Avg: 3.1, Max: 3.2, Diff: 0.2, Sum: 12.5]
      [Code Root Scanning (ms): Min: 0.0, Avg: 0.1, Max: 0.1, Diff: 0.1, Sum: 0.3]
      [Object Copy (ms): Min: 13.8, Avg: 13.9, Max: 13.9, Diff: 0.2, Sum: 55.6]
      [Termination (ms): Min: 0.0, Avg: 0.0, Max: 0.0, Diff: 0.0, Sum: 0.0]
         [Termination Attempts: Min: 1, Avg: 1.0, Max: 1, Diff: 0, Sum: 4]
      [GC Worker Other (ms): Min: 0.0, Avg: 0.0, Max: 0.0, Diff: 0.0, Sum: 0.1]
      [GC Worker Total (ms): Min: 18.7, Avg: 18.7, Max: 18.7, Diff: 0.1, Sum: 74.7]
      [GC Worker End (ms): Min: 206628.8, Avg: 206628.8, Max: 206628.8, Diff: 0.0]
   [Code Root Fixup: 0.1 ms]
   [Code Root Purge: 0.0 ms]
   [Clear CT: 0.2 ms]
   [Other: 1.1 ms]
      [Choose CSet: 0.2 ms]
      [Ref Proc: 0.1 ms]
      [Ref Enq: 0.0 ms]
      [Redirty Cards: 0.0 ms]
      [Humongous Register: 0.0 ms]
      [Humongous Reclaim: 0.0 ms]
      [Free CSet: 0.5 ms]
   [Eden: 43.0M(43.0M)->0.0B(47.0M) Survivors: 11.0M->7168.0K Heap: 954.5M(1096.0M)->877.0M(1096.0M)]
 [Times: user=0.06 sys=0.00, real=0.02 secs] 
2016-06-27T20:28:24.358+0300: 206.630: Total time for which application threads were stopped: 0.0219481 seconds, Stopping threads took: 0.0012308 seconds
2016-06-27T20:28:24.751+0300: 207.023: [GC pause (G1 Evacuation Pause) (mixed)
Desired survivor size 3670016 bytes, new threshold 1 (max 15)
- age   1:    6775336 bytes,    6775336 total
, 0.0211043 secs]
   [Parallel Time: 20.1 ms, GC Workers: 4]
      [GC Worker Start (ms): Min: 207022.9, Avg: 207022.9, Max: 207022.9, Diff: 0.0]
      [Ext Root Scanning (ms): Min: 0.5, Avg: 0.5, Max: 0.6, Diff: 0.1, Sum: 2.0]
      [Update RS (ms): Min: 9.7, Avg: 9.8, Max: 9.9, Diff: 0.2, Sum: 39.1]
         [Processed Buffers: Min: 11, Avg: 17.0, Max: 23, Diff: 12, Sum: 68]
      [Scan RS (ms): Min: 2.2, Avg: 2.3, Max: 2.3, Diff: 0.1, Sum: 9.3]
      [Code Root Scanning (ms): Min: 0.0, Avg: 0.0, Max: 0.0, Diff: 0.0, Sum: 0.0]
      [Object Copy (ms): Min: 7.4, Avg: 7.5, Max: 7.5, Diff: 0.1, Sum: 29.9]
      [Termination (ms): Min: 0.0, Avg: 0.0, Max: 0.0, Diff: 0.0, Sum: 0.0]
         [Termination Attempts: Min: 1, Avg: 3.0, Max: 7, Diff: 6, Sum: 12]
      [GC Worker Other (ms): Min: 0.0, Avg: 0.0, Max: 0.0, Diff: 0.0, Sum: 0.0]
      [GC Worker Total (ms): Min: 20.1, Avg: 20.1, Max: 20.1, Diff: 0.0, Sum: 80.3]
      [GC Worker End (ms): Min: 207042.9, Avg: 207042.9, Max: 207043.0, Diff: 0.0]
   [Code Root Fixup: 0.0 ms]
   [Code Root Purge: 0.0 ms]
   [Clear CT: 0.2 ms]
   [Other: 0.8 ms]
      [Choose CSet: 0.1 ms]
      [Ref Proc: 0.0 ms]
      [Ref Enq: 0.0 ms]
      [Redirty Cards: 0.0 ms]
      [Humongous Register: 0.0 ms]
      [Humongous Reclaim: 0.0 ms]
      [Free CSet: 0.3 ms]
   [Eden: 47.0M(47.0M)->0.0B(47.0M) Survivors: 7168.0K->7168.0K Heap: 924.0M(1096.0M)->872.5M(1096.0M)]
 [Times: user=0.13 sys=0.00, real=0.02 secs] 
2016-06-27T20:28:24.772+0300: 207.044: Total time for which application threads were stopped: 0.0280772 seconds, Stopping threads took: 0.0063755 seconds
2016-06-27T20:28:25.185+0300: 207.457: [GC pause (G1 Evacuation Pause) (young)
Desired survivor size 3670016 bytes, new threshold 1 (max 15)
- age   1:    7103088 bytes,    7103088 total
, 0.0105862 secs]
   [Parallel Time: 9.9 ms, GC Workers: 4]
      [GC Worker Start (ms): Min: 207457.7, Avg: 207457.8, Max: 207457.8, Diff: 0.1]
      [Ext Root Scanning (ms): Min: 0.5, Avg: 0.6, Max: 0.9, Diff: 0.4, Sum: 2.6]
      [Update RS (ms): Min: 6.8, Avg: 7.0, Max: 7.5, Diff: 0.8, Sum: 28.0]
         [Processed Buffers: Min: 7, Avg: 14.3, Max: 30, Diff: 23, Sum: 57]
      [Scan RS (ms): Min: 0.0, Avg: 0.0, Max: 0.0, Diff: 0.0, Sum: 0.0]
      [Code Root Scanning (ms): Min: 0.0, Avg: 0.0, Max: 0.0, Diff: 0.0, Sum: 0.0]
      [Object Copy (ms): Min: 1.6, Avg: 2.1, Max: 2.5, Diff: 0.8, Sum: 8.6]
      [Termination (ms): Min: 0.0, Avg: 0.0, Max: 0.0, Diff: 0.0, Sum: 0.0]
         [Termination Attempts: Min: 1, Avg: 1.0, Max: 1, Diff: 0, Sum: 4]
      [GC Worker Other (ms): Min: 0.0, Avg: 0.0, Max: 0.0, Diff: 0.0, Sum: 0.1]
      [GC Worker Total (ms): Min: 9.7, Avg: 9.8, Max: 9.8, Diff: 0.1, Sum: 39.3]
      [GC Worker End (ms): Min: 207467.6, Avg: 207467.6, Max: 207467.6, Diff: 0.0]
   [Code Root Fixup: 0.0 ms]
   [Code Root Purge: 0.0 ms]
   [Clear CT: 0.0 ms]
   [Other: 0.7 ms]
      [Choose CSet: 0.0 ms]
      [Ref Proc: 0.1 ms]
      [Ref Enq: 0.0 ms]
      [Redirty Cards: 0.0 ms]
      [Humongous Register: 0.0 ms]
      [Humongous Reclaim: 0.0 ms]
      [Free CSet: 0.1 ms]
   [Eden: 47.0M(47.0M)->0.0B(88.0M) Survivors: 7168.0K->7168.0K Heap: 919.5M(1096.0M)->881.5M(1096.0M)]
 [Times: user=0.06 sys=0.00, real=0.01 secs] 
2016-06-27T20:28:25.196+0300: 207.468: Total time for which application threads were stopped: 0.0175415 seconds, Stopping threads took: 0.0063160 seconds
2016-06-27T20:28:25.522+0300: 207.794: Total time for which application threads were stopped: 0.0051289 seconds, Stopping threads took: 0.0034879 seconds
2016-06-27T20:28:25.532+0300: 207.804: Total time for which application threads were stopped: 0.0005495 seconds, Stopping threads took: 0.0000671 seconds
2016-06-27T20:28:25.913+0300: 208.185: [GC pause (G1 Evacuation Pause) (young) (initial-mark)
Desired survivor size 6291456 bytes, new threshold 1 (max 15)
- age   1:    7224328 bytes,    7224328 total
, 0.0053183 secs]
   [Parallel Time: 4.6 ms, GC Workers: 4]
      [GC Worker Start (ms): Min: 208185.2, Avg: 208185.2, Max: 208185.2, Diff: 0.0]
      [Ext Root Scanning (ms): Min: 0.5, Avg: 0.5, Max: 0.7, Diff: 0.2, Sum: 2.1]
      [Update RS (ms): Min: 0.6, Avg: 0.7, Max: 0.8, Diff: 0.2, Sum: 2.7]
         [Processed Buffers: Min: 3, Avg: 12.8, Max: 38, Diff: 35, Sum: 51]
      [Scan RS (ms): Min: 0.0, Avg: 0.0, Max: 0.0, Diff: 0.0, Sum: 0.1]
      [Code Root Scanning (ms): Min: 0.0, Avg: 0.0, Max: 0.0, Diff: 0.0, Sum: 0.0]
      [Object Copy (ms): Min: 3.3, Avg: 3.3, Max: 3.4, Diff: 0.1, Sum: 13.3]
      [Termination (ms): Min: 0.0, Avg: 0.0, Max: 0.0, Diff: 0.0, Sum: 0.0]
         [Termination Attempts: Min: 1, Avg: 1.0, Max: 1, Diff: 0, Sum: 4]
      [GC Worker Other (ms): Min: 0.0, Avg: 0.0, Max: 0.0, Diff: 0.0, Sum: 0.0]
      [GC Worker Total (ms): Min: 4.6, Avg: 4.6, Max: 4.6, Diff: 0.0, Sum: 18.3]
      [GC Worker End (ms): Min: 208189.7, Avg: 208189.7, Max: 208189.7, Diff: 0.0]
   [Code Root Fixup: 0.0 ms]
   [Code Root Purge: 0.0 ms]
   [Clear CT: 0.1 ms]
   [Other: 0.6 ms]
      [Choose CSet: 0.0 ms]
      [Ref Proc: 0.1 ms]
      [Ref Enq: 0.0 ms]
      [Redirty Cards: 0.0 ms]
      [Humongous Register: 0.0 ms]
      [Humongous Reclaim: 0.0 ms]
      [Free CSet: 0.1 ms]
   [Eden: 88.0M(88.0M)->0.0B(75.0M) Survivors: 7168.0K->12.0M Heap: 969.5M(1096.0M)->897.0M(1096.0M)]
 [Times: user=0.00 sys=0.00, real=0.00 secs] 
2016-06-27T20:28:25.918+0300: 208.190: [GC concurrent-root-region-scan-start]
2016-06-27T20:28:25.918+0300: 208.190: Total time for which application threads were stopped: 0.0076764 seconds, Stopping threads took: 0.0017542 seconds
2016-06-27T20:28:25.919+0300: 208.191: [GC concurrent-root-region-scan-end, 0.0009793 secs]
2016-06-27T20:28:25.919+0300: 208.191: [GC concurrent-mark-start]
2016-06-27T20:28:25.986+0300: 208.258: [GC concurrent-mark-end, 0.0662394 secs]
2016-06-27T20:28:26.016+0300: 208.288: [GC remark 2016-06-27T20:28:26.016+0300: 208.288: [Finalize Marking, 0.0001950 secs] 2016-06-27T20:28:26.016+0300: 208.288: [GC ref-proc, 0.0001125 secs] 2016-06-27T20:28:26.016+0300: 208.288: [Unloading, 0.0016708 secs], 0.0056621 secs]
 [Times: user=0.06 sys=0.00, real=0.00 secs] 
2016-06-27T20:28:26.021+0300: 208.294: Total time for which application threads were stopped: 0.0073899 seconds, Stopping threads took: 0.0013309 seconds
2016-06-27T20:28:26.026+0300: 208.298: [GC cleanup 914M->914M(1096M), 0.0019552 secs]
 [Times: user=0.00 sys=0.00, real=0.00 secs] 
2016-06-27T20:28:26.028+0300: 208.300: Total time for which application threads were stopped: 0.0024436 seconds, Stopping threads took: 0.0000680 seconds
2016-06-27T20:28:26.190+0300: 208.462: Total time for which application threads were stopped: 0.0023919 seconds, Stopping threads took: 0.0006560 seconds
2016-06-27T20:28:26.488+0300: 208.761: [GC pause (G1 Evacuation Pause) (young)
Desired survivor size 5767168 bytes, new threshold 1 (max 15)
- age   1:   12363200 bytes,   12363200 total
, 0.0056078 secs]
   [Parallel Time: 5.0 ms, GC Workers: 4]
      [GC Worker Start (ms): Min: 208760.7, Avg: 208760.7, Max: 208760.8, Diff: 0.0]
      [Ext Root Scanning (ms): Min: 0.4, Avg: 0.5, Max: 0.6, Diff: 0.2, Sum: 1.9]
      [Update RS (ms): Min: 0.7, Avg: 0.8, Max: 1.0, Diff: 0.2, Sum: 3.3]
         [Processed Buffers: Min: 2, Avg: 6.5, Max: 10, Diff: 8, Sum: 26]
      [Scan RS (ms): Min: 0.0, Avg: 0.0, Max: 0.0, Diff: 0.0, Sum: 0.1]
      [Code Root Scanning (ms): Min: 0.0, Avg: 0.0, Max: 0.0, Diff: 0.0, Sum: 0.0]
      [Object Copy (ms): Min: 3.5, Avg: 3.7, Max: 3.8, Diff: 0.3, Sum: 14.6]
      [Termination (ms): Min: 0.0, Avg: 0.0, Max: 0.0, Diff: 0.0, Sum: 0.0]
         [Termination Attempts: Min: 1, Avg: 1.0, Max: 1, Diff: 0, Sum: 4]
      [GC Worker Other (ms): Min: 0.0, Avg: 0.0, Max: 0.0, Diff: 0.0, Sum: 0.1]
      [GC Worker Total (ms): Min: 5.0, Avg: 5.0, Max: 5.0, Diff: 0.0, Sum: 20.0]
      [GC Worker End (ms): Min: 208765.7, Avg: 208765.7, Max: 208765.7, Diff: 0.0]
   [Code Root Fixup: 0.0 ms]
   [Code Root Purge: 0.0 ms]
   [Clear CT: 0.0 ms]
   [Other: 0.5 ms]
      [Choose CSet: 0.0 ms]
      [Ref Proc: 0.0 ms]
      [Ref Enq: 0.0 ms]
      [Redirty Cards: 0.0 ms]
      [Humongous Register: 0.0 ms]
      [Humongous Reclaim: 0.0 ms]
      [Free CSet: 0.1 ms]
   [Eden: 75.0M(75.0M)->0.0B(43.0M) Survivors: 12.0M->11.0M Heap: 972.0M(1096.0M)->909.5M(1096.0M)]
 [Times: user=0.01 sys=0.00, real=0.01 secs] 
2016-06-27T20:28:26.494+0300: 208.766: Total time for which application threads were stopped: 0.0075318 seconds, Stopping threads took: 0.0012911 seconds
2016-06-27T20:28:26.853+0300: 209.125: [GC pause (G1 Evacuation Pause) (mixed)
Desired survivor size 3670016 bytes, new threshold 1 (max 15)
- age   1:   11341280 bytes,   11341280 total
, 0.0203285 secs]
   [Parallel Time: 18.9 ms, GC Workers: 4]
      [GC Worker Start (ms): Min: 209125.2, Avg: 209125.2, Max: 209125.2, Diff: 0.0]
      [Ext Root Scanning (ms): Min: 0.4, Avg: 0.5, Max: 0.6, Diff: 0.2, Sum: 2.0]
      [Update RS (ms): Min: 0.8, Avg: 0.8, Max: 0.9, Diff: 0.1, Sum: 3.4]
         [Processed Buffers: Min: 8, Avg: 10.3, Max: 13, Diff: 5, Sum: 41]
      [Scan RS (ms): Min: 2.9, Avg: 3.0, Max: 3.1, Diff: 0.2, Sum: 12.1]
      [Code Root Scanning (ms): Min: 0.0, Avg: 0.0, Max: 0.2, Diff: 0.2, Sum: 0.2]
      [Object Copy (ms): Min: 14.4, Avg: 14.4, Max: 14.5, Diff: 0.1, Sum: 57.8]
      [Termination (ms): Min: 0.0, Avg: 0.0, Max: 0.0, Diff: 0.0, Sum: 0.0]
         [Termination Attempts: Min: 1, Avg: 2.8, Max: 4, Diff: 3, Sum: 11]
      [GC Worker Other (ms): Min: 0.0, Avg: 0.0, Max: 0.0, Diff: 0.0, Sum: 0.1]
      [GC Worker Total (ms): Min: 18.9, Avg: 18.9, Max: 18.9, Diff: 0.0, Sum: 75.5]
      [GC Worker End (ms): Min: 209144.0, Avg: 209144.1, Max: 209144.1, Diff: 0.0]
   [Code Root Fixup: 0.0 ms]
   [Code Root Purge: 0.0 ms]
   [Clear CT: 0.2 ms]
   [Other: 1.2 ms]
      [Choose CSet: 0.2 ms]
      [Ref Proc: 0.1 ms]
      [Ref Enq: 0.0 ms]
      [Redirty Cards: 0.0 ms]
      [Humongous Register: 0.0 ms]
      [Humongous Reclaim: 0.0 ms]
      [Free CSet: 0.5 ms]
   [Eden: 43.0M(43.0M)->0.0B(47.0M) Survivors: 11.0M->7168.0K Heap: 952.5M(1096.0M)->878.0M(1096.0M)]
 [Times: user=0.06 sys=0.00, real=0.02 secs] 
2016-06-27T20:28:26.873+0300: 209.145: Total time for which application threads were stopped: 0.0251059 seconds, Stopping threads took: 0.0040751 seconds
2016-06-27T20:28:27.193+0300: 209.465: Total time for which application threads were stopped: 0.0054201 seconds, Stopping threads took: 0.0037753 seconds
2016-06-27T20:28:27.258+0300: 209.530: [GC pause (G1 Evacuation Pause) (mixed)
Desired survivor size 3670016 bytes, new threshold 1 (max 15)
- age   1:    6873488 bytes,    6873488 total
, 0.0203953 secs]
   [Parallel Time: 19.3 ms, GC Workers: 4]
      [GC Worker Start (ms): Min: 209530.6, Avg: 209530.6, Max: 209530.6, Diff: 0.0]
      [Ext Root Scanning (ms): Min: 0.4, Avg: 0.5, Max: 0.6, Diff: 0.2, Sum: 2.0]
      [Update RS (ms): Min: 8.5, Avg: 8.6, Max: 8.7, Diff: 0.1, Sum: 34.4]
         [Processed Buffers: Min: 11, Avg: 17.8, Max: 26, Diff: 15, Sum: 71]
      [Scan RS (ms): Min: 2.4, Avg: 2.4, Max: 2.4, Diff: 0.1, Sum: 9.7]
      [Code Root Scanning (ms): Min: 0.0, Avg: 0.0, Max: 0.0, Diff: 0.0, Sum: 0.0]
      [Object Copy (ms): Min: 7.6, Avg: 7.7, Max: 7.8, Diff: 0.1, Sum: 30.9]
      [Termination (ms): Min: 0.0, Avg: 0.0, Max: 0.0, Diff: 0.0, Sum: 0.0]
         [Termination Attempts: Min: 1, Avg: 1.3, Max: 2, Diff: 1, Sum: 5]
      [GC Worker Other (ms): Min: 0.0, Avg: 0.0, Max: 0.0, Diff: 0.0, Sum: 0.1]
      [GC Worker Total (ms): Min: 19.2, Avg: 19.3, Max: 19.3, Diff: 0.0, Sum: 77.1]
      [GC Worker End (ms): Min: 209549.9, Avg: 209549.9, Max: 209549.9, Diff: 0.0]
   [Code Root Fixup: 0.0 ms]
   [Code Root Purge: 0.0 ms]
   [Clear CT: 0.2 ms]
   [Other: 0.9 ms]
      [Choose CSet: 0.1 ms]
      [Ref Proc: 0.0 ms]
      [Ref Enq: 0.0 ms]
      [Redirty Cards: 0.1 ms]
      [Humongous Register: 0.0 ms]
      [Humongous Reclaim: 0.0 ms]
      [Free CSet: 0.3 ms]
   [Eden: 47.0M(47.0M)->0.0B(47.0M) Survivors: 7168.0K->7168.0K Heap: 925.0M(1096.0M)->873.5M(1096.0M)]
 [Times: user=0.06 sys=0.00, real=0.02 secs] 
2016-06-27T20:28:27.279+0300: 209.551: Total time for which application threads were stopped: 0.0234842 seconds, Stopping threads took: 0.0024851 seconds
2016-06-27T20:28:27.651+0300: 209.923: [GC pause (G1 Evacuation Pause) (young)
Desired survivor size 3670016 bytes, new threshold 1 (max 15)
- age   1:    7098352 bytes,    7098352 total
, 0.0102530 secs]
   [Parallel Time: 9.6 ms, GC Workers: 4]
      [GC Worker Start (ms): Min: 209923.4, Avg: 209923.4, Max: 209923.4, Diff: 0.0]
      [Ext Root Scanning (ms): Min: 0.5, Avg: 0.5, Max: 0.6, Diff: 0.1, Sum: 2.0]
      [Update RS (ms): Min: 6.7, Avg: 6.7, Max: 6.7, Diff: 0.0, Sum: 27.0]
         [Processed Buffers: Min: 8, Avg: 15.3, Max: 28, Diff: 20, Sum: 61]
      [Scan RS (ms): Min: 0.0, Avg: 0.0, Max: 0.0, Diff: 0.0, Sum: 0.0]
      [Code Root Scanning (ms): Min: 0.0, Avg: 0.0, Max: 0.0, Diff: 0.0, Sum: 0.0]
      [Object Copy (ms): Min: 2.3, Avg: 2.3, Max: 2.4, Diff: 0.1, Sum: 9.3]
      [Termination (ms): Min: 0.0, Avg: 0.0, Max: 0.0, Diff: 0.0, Sum: 0.0]
         [Termination Attempts: Min: 1, Avg: 1.0, Max: 1, Diff: 0, Sum: 4]
      [GC Worker Other (ms): Min: 0.0, Avg: 0.0, Max: 0.0, Diff: 0.0, Sum: 0.0]
      [GC Worker Total (ms): Min: 9.6, Avg: 9.6, Max: 9.6, Diff: 0.0, Sum: 38.3]
      [GC Worker End (ms): Min: 209933.0, Avg: 209933.0, Max: 209933.0, Diff: 0.0]
   [Code Root Fixup: 0.0 ms]
   [Code Root Purge: 0.0 ms]
   [Clear CT: 0.0 ms]
   [Other: 0.6 ms]
      [Choose CSet: 0.0 ms]
      [Ref Proc: 0.0 ms]
      [Ref Enq: 0.0 ms]
      [Redirty Cards: 0.0 ms]
      [Humongous Register: 0.0 ms]
      [Humongous Reclaim: 0.0 ms]
      [Free CSet: 0.1 ms]
   [Eden: 47.0M(47.0M)->0.0B(47.0M) Survivors: 7168.0K->7168.0K Heap: 920.5M(1096.0M)->882.5M(1096.0M)]
 [Times: user=0.06 sys=0.00, real=0.01 secs] 
2016-06-27T20:28:27.662+0300: 209.934: Total time for which application threads were stopped: 0.0122587 seconds, Stopping threads took: 0.0013326 seconds
2016-06-27T20:28:28.066+0300: 210.338: [GC pause (G1 Evacuation Pause) (young) (initial-mark)
Desired survivor size 3670016 bytes, new threshold 1 (max 15)
- age   1:    6813080 bytes,    6813080 total
, 0.0043929 secs]
   [Parallel Time: 3.7 ms, GC Workers: 4]
      [GC Worker Start (ms): Min: 210338.4, Avg: 210338.4, Max: 210338.4, Diff: 0.0]
      [Ext Root Scanning (ms): Min: 0.5, Avg: 0.6, Max: 0.7, Diff: 0.3, Sum: 2.3]
      [Update RS (ms): Min: 0.6, Avg: 0.7, Max: 0.8, Diff: 0.1, Sum: 2.8]
         [Processed Buffers: Min: 4, Avg: 13.5, Max: 23, Diff: 19, Sum: 54]
      [Scan RS (ms): Min: 0.0, Avg: 0.0, Max: 0.0, Diff: 0.0, Sum: 0.0]
      [Code Root Scanning (ms): Min: 0.0, Avg: 0.0, Max: 0.0, Diff: 0.0, Sum: 0.0]
      [Object Copy (ms): Min: 2.1, Avg: 2.3, Max: 2.4, Diff: 0.3, Sum: 9.3]
      [Termination (ms): Min: 0.0, Avg: 0.0, Max: 0.0, Diff: 0.0, Sum: 0.0]
         [Termination Attempts: Min: 1, Avg: 1.0, Max: 1, Diff: 0, Sum: 4]
      [GC Worker Other (ms): Min: 0.0, Avg: 0.0, Max: 0.0, Diff: 0.0, Sum: 0.1]
      [GC Worker Total (ms): Min: 3.6, Avg: 3.6, Max: 3.7, Diff: 0.0, Sum: 14.6]
      [GC Worker End (ms): Min: 210342.1, Avg: 210342.1, Max: 210342.1, Diff: 0.0]
   [Code Root Fixup: 0.0 ms]
   [Code Root Purge: 0.0 ms]
   [Clear CT: 0.0 ms]
   [Other: 0.6 ms]
      [Choose CSet: 0.0 ms]
      [Ref Proc: 0.1 ms]
      [Ref Enq: 0.0 ms]
      [Redirty Cards: 0.0 ms]
      [Humongous Register: 0.0 ms]
      [Humongous Reclaim: 0.0 ms]
      [Free CSet: 0.1 ms]
   [Eden: 47.0M(47.0M)->0.0B(80.0M) Survivors: 7168.0K->7168.0K Heap: 929.5M(1096.0M)->891.0M(1096.0M)]
 [Times: user=0.06 sys=0.00, real=0.00 secs] 
2016-06-27T20:28:28.070+0300: 210.343: [GC concurrent-root-region-scan-start]
2016-06-27T20:28:28.070+0300: 210.343: Total time for which application threads were stopped: 0.0089068 seconds, Stopping threads took: 0.0038686 seconds
2016-06-27T20:28:28.071+0300: 210.344: [GC concurrent-root-region-scan-end, 0.0008027 secs]
2016-06-27T20:28:28.071+0300: 210.344: [GC concurrent-mark-start]
2016-06-27T20:28:28.141+0300: 210.414: [GC concurrent-mark-end, 0.0699420 secs]
2016-06-27T20:28:28.170+0300: 210.442: [GC remark 2016-06-27T20:28:28.170+0300: 210.442: [Finalize Marking, 0.0001924 secs] 2016-06-27T20:28:28.170+0300: 210.442: [GC ref-proc, 0.0000984 secs] 2016-06-27T20:28:28.170+0300: 210.443: [Unloading, 0.0017046 secs], 0.0057661 secs]
 [Times: user=0.00 sys=0.00, real=0.01 secs] 
2016-06-27T20:28:28.176+0300: 210.448: Total time for which application threads were stopped: 0.0087806 seconds, Stopping threads took: 0.0025398 seconds
2016-06-27T20:28:28.177+0300: 210.449: [GC cleanup 905M->905M(1096M), 0.0019770 secs]
 [Times: user=0.00 sys=0.00, real=0.00 secs] 
2016-06-27T20:28:28.179+0300: 210.451: Total time for which application threads were stopped: 0.0025719 seconds, Stopping threads took: 0.0001039 seconds
2016-06-27T20:28:28.189+0300: 210.462: Total time for which application threads were stopped: 0.0016336 seconds, Stopping threads took: 0.0000731 seconds
2016-06-27T20:28:28.699+0300: 210.971: [GC pause (G1 Evacuation Pause) (young)
Desired survivor size 5767168 bytes, new threshold 1 (max 15)
- age   1:    7116192 bytes,    7116192 total
, 0.0052311 secs]
   [Parallel Time: 4.6 ms, GC Workers: 4]
      [GC Worker Start (ms): Min: 210971.4, Avg: 210971.4, Max: 210971.4, Diff: 0.0]
      [Ext Root Scanning (ms): Min: 0.5, Avg: 0.5, Max: 0.6, Diff: 0.1, Sum: 2.1]
      [Update RS (ms): Min: 0.8, Avg: 0.8, Max: 0.9, Diff: 0.1, Sum: 3.3]
         [Processed Buffers: Min: 2, Avg: 11.8, Max: 27, Diff: 25, Sum: 47]
      [Scan RS (ms): Min: 0.0, Avg: 0.0, Max: 0.0, Diff: 0.0, Sum: 0.1]
      [Code Root Scanning (ms): Min: 0.0, Avg: 0.0, Max: 0.0, Diff: 0.0, Sum: 0.0]
      [Object Copy (ms): Min: 3.1, Avg: 3.2, Max: 3.3, Diff: 0.1, Sum: 12.8]
      [Termination (ms): Min: 0.0, Avg: 0.0, Max: 0.0, Diff: 0.0, Sum: 0.0]
         [Termination Attempts: Min: 1, Avg: 1.0, Max: 1, Diff: 0, Sum: 4]
      [GC Worker Other (ms): Min: 0.0, Avg: 0.0, Max: 0.0, Diff: 0.0, Sum: 0.1]
      [GC Worker Total (ms): Min: 4.6, Avg: 4.6, Max: 4.6, Diff: 0.0, Sum: 18.4]
      [GC Worker End (ms): Min: 210975.9, Avg: 210975.9, Max: 210975.9, Diff: 0.0]
   [Code Root Fixup: 0.0 ms]
   [Code Root Purge: 0.0 ms]
   [Clear CT: 0.0 ms]
   [Other: 0.6 ms]
      [Choose CSet: 0.0 ms]
      [Ref Proc: 0.1 ms]
      [Ref Enq: 0.0 ms]
      [Redirty Cards: 0.0 ms]
      [Humongous Register: 0.0 ms]
      [Humongous Reclaim: 0.0 ms]
      [Free CSet: 0.1 ms]
   [Eden: 80.0M(80.0M)->0.0B(43.0M) Survivors: 7168.0K->11.0M Heap: 971.0M(1096.0M)->905.5M(1096.0M)]
 [Times: user=0.00 sys=0.00, real=0.01 secs] 
2016-06-27T20:28:28.704+0300: 210.977: Total time for which application threads were stopped: 0.0097180 seconds, Stopping threads took: 0.0037381 seconds
2016-06-27T20:28:29.075+0300: 211.347: [GC pause (G1 Evacuation Pause) (mixed)
Desired survivor size 3670016 bytes, new threshold 1 (max 15)
- age   1:   11067624 bytes,   11067624 total
, 0.0213271 secs]
   [Parallel Time: 19.8 ms, GC Workers: 4]
      [GC Worker Start (ms): Min: 211347.7, Avg: 211347.7, Max: 211347.7, Diff: 0.0]
      [Ext Root Scanning (ms): Min: 0.5, Avg: 0.6, Max: 0.6, Diff: 0.1, Sum: 2.2]
      [Update RS (ms): Min: 1.0, Avg: 1.0, Max: 1.1, Diff: 0.1, Sum: 4.2]
         [Processed Buffers: Min: 4, Avg: 8.8, Max: 16, Diff: 12, Sum: 35]
      [Scan RS (ms): Min: 3.2, Avg: 3.3, Max: 3.4, Diff: 0.2, Sum: 13.3]
      [Code Root Scanning (ms): Min: 0.0, Avg: 0.0, Max: 0.1, Diff: 0.1, Sum: 0.2]
      [Object Copy (ms): Min: 14.8, Avg: 14.8, Max: 14.8, Diff: 0.1, Sum: 59.2]
      [Termination (ms): Min: 0.0, Avg: 0.0, Max: 0.0, Diff: 0.0, Sum: 0.0]
         [Termination Attempts: Min: 1, Avg: 4.0, Max: 7, Diff: 6, Sum: 16]
      [GC Worker Other (ms): Min: 0.0, Avg: 0.0, Max: 0.0, Diff: 0.0, Sum: 0.1]
      [GC Worker Total (ms): Min: 19.8, Avg: 19.8, Max: 19.8, Diff: 0.0, Sum: 79.0]
      [GC Worker End (ms): Min: 211367.5, Avg: 211367.5, Max: 211367.5, Diff: 0.0]
   [Code Root Fixup: 0.0 ms]
   [Code Root Purge: 0.0 ms]
   [Clear CT: 0.2 ms]
   [Other: 1.3 ms]
      [Choose CSet: 0.2 ms]
      [Ref Proc: 0.0 ms]
      [Ref Enq: 0.0 ms]
      [Redirty Cards: 0.1 ms]
      [Humongous Register: 0.1 ms]
      [Humongous Reclaim: 0.0 ms]
      [Free CSet: 0.5 ms]
   [Eden: 43.0M(43.0M)->0.0B(47.0M) Survivors: 11.0M->7168.0K Heap: 948.5M(1096.0M)->876.5M(1096.0M)]
 [Times: user=0.06 sys=0.00, real=0.02 secs] 
2016-06-27T20:28:29.097+0300: 211.369: Total time for which application threads were stopped: 0.0250674 seconds, Stopping threads took: 0.0029949 seconds
2016-06-27T20:28:29.190+0300: 211.462: Total time for which application threads were stopped: 0.0021904 seconds, Stopping threads took: 0.0009280 seconds
2016-06-27T20:28:29.502+0300: 211.775: [GC pause (G1 Evacuation Pause) (mixed)
Desired survivor size 3670016 bytes, new threshold 1 (max 15)
- age   1:    7155432 bytes,    7155432 total
, 0.0143110 secs]
   [Parallel Time: 13.7 ms, GC Workers: 4]
      [GC Worker Start (ms): Min: 211774.8, Avg: 211774.8, Max: 211774.8, Diff: 0.0]
      [Ext Root Scanning (ms): Min: 0.5, Avg: 0.5, Max: 0.5, Diff: 0.0, Sum: 2.1]
      [Update RS (ms): Min: 9.8, Avg: 9.9, Max: 10.0, Diff: 0.1, Sum: 39.6]
         [Processed Buffers: Min: 16, Avg: 21.3, Max: 30, Diff: 14, Sum: 85]
      [Scan RS (ms): Min: 0.3, Avg: 0.3, Max: 0.4, Diff: 0.2, Sum: 1.4]
      [Code Root Scanning (ms): Min: 0.0, Avg: 0.0, Max: 0.0, Diff: 0.0, Sum: 0.0]
      [Object Copy (ms): Min: 2.8, Avg: 2.8, Max: 2.9, Diff: 0.1, Sum: 11.4]
      [Termination (ms): Min: 0.0, Avg: 0.0, Max: 0.0, Diff: 0.0, Sum: 0.0]
         [Termination Attempts: Min: 1, Avg: 1.0, Max: 1, Diff: 0, Sum: 4]
      [GC Worker Other (ms): Min: 0.0, Avg: 0.0, Max: 0.0, Diff: 0.0, Sum: 0.1]
      [GC Worker Total (ms): Min: 13.6, Avg: 13.6, Max: 13.6, Diff: 0.0, Sum: 54.5]
      [GC Worker End (ms): Min: 211788.4, Avg: 211788.4, Max: 211788.4, Diff: 0.0]
   [Code Root Fixup: 0.0 ms]
   [Code Root Purge: 0.0 ms]
   [Clear CT: 0.1 ms]
   [Other: 0.5 ms]
      [Choose CSet: 0.0 ms]
      [Ref Proc: 0.0 ms]
      [Ref Enq: 0.0 ms]
      [Redirty Cards: 0.0 ms]
      [Humongous Register: 0.0 ms]
      [Humongous Reclaim: 0.0 ms]
      [Free CSet: 0.1 ms]
   [Eden: 47.0M(47.0M)->0.0B(47.0M) Survivors: 7168.0K->7168.0K Heap: 923.5M(1096.0M)->884.0M(1096.0M)]
 [Times: user=0.06 sys=0.00, real=0.01 secs] 
2016-06-27T20:28:29.517+0300: 211.789: Total time for which application threads were stopped: 0.0159109 seconds, Stopping threads took: 0.0010020 seconds
2016-06-27T20:28:29.931+0300: 212.204: [GC pause (G1 Evacuation Pause) (young)
Desired survivor size 3670016 bytes, new threshold 1 (max 15)
- age   1:    7215688 bytes,    7215688 total
, 0.0059051 secs]
   [Parallel Time: 5.2 ms, GC Workers: 4]
      [GC Worker Start (ms): Min: 212204.0, Avg: 212204.0, Max: 212204.0, Diff: 0.0]
      [Ext Root Scanning (ms): Min: 0.5, Avg: 0.5, Max: 0.6, Diff: 0.1, Sum: 2.1]
      [Update RS (ms): Min: 2.3, Avg: 2.4, Max: 2.5, Diff: 0.2, Sum: 9.5]
         [Processed Buffers: Min: 4, Avg: 10.5, Max: 24, Diff: 20, Sum: 42]
      [Scan RS (ms): Min: 0.0, Avg: 0.0, Max: 0.0, Diff: 0.0, Sum: 0.0]
      [Code Root Scanning (ms): Min: 0.0, Avg: 0.0, Max: 0.0, Diff: 0.0, Sum: 0.0]
      [Object Copy (ms): Min: 2.2, Avg: 2.3, Max: 2.3, Diff: 0.1, Sum: 9.2]
      [Termination (ms): Min: 0.0, Avg: 0.0, Max: 0.0, Diff: 0.0, Sum: 0.0]
         [Termination Attempts: Min: 1, Avg: 1.0, Max: 1, Diff: 0, Sum: 4]
      [GC Worker Other (ms): Min: 0.0, Avg: 0.0, Max: 0.0, Diff: 0.0, Sum: 0.1]
      [GC Worker Total (ms): Min: 5.2, Avg: 5.2, Max: 5.2, Diff: 0.0, Sum: 20.9]
      [GC Worker End (ms): Min: 212209.2, Avg: 212209.2, Max: 212209.2, Diff: 0.0]
   [Code Root Fixup: 0.0 ms]
   [Code Root Purge: 0.0 ms]
   [Clear CT: 0.0 ms]
   [Other: 0.6 ms]
      [Choose CSet: 0.0 ms]
      [Ref Proc: 0.0 ms]
      [Ref Enq: 0.0 ms]
      [Redirty Cards: 0.0 ms]
      [Humongous Register: 0.0 ms]
      [Humongous Reclaim: 0.0 ms]
      [Free CSet: 0.1 ms]
   [Eden: 47.0M(47.0M)->0.0B(78.0M) Survivors: 7168.0K->7168.0K Heap: 931.0M(1096.0M)->893.5M(1096.0M)]
 [Times: user=0.00 sys=0.00, real=0.01 secs] 
2016-06-27T20:28:29.938+0300: 212.210: Total time for which application threads were stopped: 0.0364866 seconds, Stopping threads took: 0.0299657 seconds
2016-06-27T20:28:30.604+0300: 212.876: [GC pause (G1 Evacuation Pause) (young) (initial-mark)
Desired survivor size 5767168 bytes, new threshold 1 (max 15)
- age   1:    6972216 bytes,    6972216 total
, 0.0055403 secs]
   [Parallel Time: 4.9 ms, GC Workers: 4]
      [GC Worker Start (ms): Min: 212876.5, Avg: 212876.5, Max: 212876.5, Diff: 0.0]
      [Ext Root Scanning (ms): Min: 0.5, Avg: 0.7, Max: 0.8, Diff: 0.3, Sum: 2.7]
      [Update RS (ms): Min: 0.9, Avg: 1.0, Max: 1.1, Diff: 0.2, Sum: 3.9]
         [Processed Buffers: Min: 6, Avg: 17.5, Max: 26, Diff: 20, Sum: 70]
      [Scan RS (ms): Min: 0.0, Avg: 0.0, Max: 0.0, Diff: 0.0, Sum: 0.1]
      [Code Root Scanning (ms): Min: 0.0, Avg: 0.0, Max: 0.0, Diff: 0.0, Sum: 0.0]
      [Object Copy (ms): Min: 3.1, Avg: 3.2, Max: 3.2, Diff: 0.1, Sum: 12.6]
      [Termination (ms): Min: 0.0, Avg: 0.0, Max: 0.0, Diff: 0.0, Sum: 0.0]
         [Termination Attempts: Min: 1, Avg: 1.0, Max: 1, Diff: 0, Sum: 4]
      [GC Worker Other (ms): Min: 0.0, Avg: 0.0, Max: 0.0, Diff: 0.0, Sum: 0.1]
      [GC Worker Total (ms): Min: 4.8, Avg: 4.8, Max: 4.8, Diff: 0.0, Sum: 19.3]
      [GC Worker End (ms): Min: 212881.3, Avg: 212881.3, Max: 212881.3, Diff: 0.0]
   [Code Root Fixup: 0.0 ms]
   [Code Root Purge: 0.0 ms]
   [Clear CT: 0.0 ms]
   [Other: 0.6 ms]
      [Choose CSet: 0.0 ms]
      [Ref Proc: 0.0 ms]
      [Ref Enq: 0.0 ms]
      [Redirty Cards: 0.0 ms]
      [Humongous Register: 0.0 ms]
      [Humongous Reclaim: 0.0 ms]
      [Free CSet: 0.1 ms]
   [Eden: 78.0M(78.0M)->0.0B(66.0M) Survivors: 7168.0K->11.0M Heap: 971.5M(1096.0M)->908.0M(1096.0M)]
 [Times: user=0.00 sys=0.00, real=0.01 secs] 
2016-06-27T20:28:30.616+0300: 212.888: [GC concurrent-root-region-scan-start]
2016-06-27T20:28:30.616+0300: 212.888: Total time for which application threads were stopped: 0.0184550 seconds, Stopping threads took: 0.0057969 seconds
2016-06-27T20:28:30.617+0300: 212.889: [GC concurrent-root-region-scan-end, 0.0009464 secs]
2016-06-27T20:28:30.617+0300: 212.889: [GC concurrent-mark-start]
2016-06-27T20:28:30.691+0300: 212.964: [GC concurrent-mark-end, 0.0743084 secs]
2016-06-27T20:28:30.728+0300: 213.000: [GC remark 2016-06-27T20:28:30.729+0300: 213.000: [Finalize Marking, 0.0002108 secs] 2016-06-27T20:28:30.729+0300: 213.001: [GC ref-proc, 0.0000949 secs] 2016-06-27T20:28:30.729+0300: 213.001: [Unloading, 0.0017919 secs], 0.0058088 secs]
 [Times: user=0.00 sys=0.00, real=0.01 secs] 
2016-06-27T20:28:30.734+0300: 213.006: Total time for which application threads were stopped: 0.0088674 seconds, Stopping threads took: 0.0024175 seconds
2016-06-27T20:28:31.139+0300: 213.411: [GC cleanup 974M->974M(1096M), 0.0020143 secs]
 [Times: user=0.00 sys=0.00, real=0.00 secs] 
2016-06-27T20:28:31.141+0300: 213.413: Total time for which application threads were stopped: 0.0039511 seconds, Stopping threads took: 0.0013548 seconds
2016-06-27T20:28:31.146+0300: 213.418: [GC pause (G1 Evacuation Pause) (young)
Desired survivor size 5242880 bytes, new threshold 1 (max 15)
- age   1:   11362352 bytes,   11362352 total
, 0.0056326 secs]
   [Parallel Time: 5.0 ms, GC Workers: 4]
      [GC Worker Start (ms): Min: 213417.9, Avg: 213418.0, Max: 213418.0, Diff: 0.0]
      [Ext Root Scanning (ms): Min: 0.4, Avg: 0.5, Max: 0.7, Diff: 0.3, Sum: 2.1]
      [Update RS (ms): Min: 0.9, Avg: 0.9, Max: 0.9, Diff: 0.1, Sum: 3.7]
         [Processed Buffers: Min: 8, Avg: 12.8, Max: 21, Diff: 13, Sum: 51]
      [Scan RS (ms): Min: 0.0, Avg: 0.0, Max: 0.0, Diff: 0.0, Sum: 0.0]
      [Code Root Scanning (ms): Min: 0.0, Avg: 0.0, Max: 0.0, Diff: 0.0, Sum: 0.0]
      [Object Copy (ms): Min: 3.3, Avg: 3.4, Max: 3.5, Diff: 0.2, Sum: 13.8]
      [Termination (ms): Min: 0.0, Avg: 0.0, Max: 0.0, Diff: 0.0, Sum: 0.0]
         [Termination Attempts: Min: 1, Avg: 1.0, Max: 1, Diff: 0, Sum: 4]
      [GC Worker Other (ms): Min: 0.0, Avg: 0.0, Max: 0.0, Diff: 0.0, Sum: 0.1]
      [GC Worker Total (ms): Min: 4.9, Avg: 4.9, Max: 4.9, Diff: 0.0, Sum: 19.7]
      [GC Worker End (ms): Min: 213422.9, Avg: 213422.9, Max: 213422.9, Diff: 0.0]
   [Code Root Fixup: 0.0 ms]
   [Code Root Purge: 0.0 ms]
   [Clear CT: 0.1 ms]
   [Other: 0.6 ms]
      [Choose CSet: 0.0 ms]
      [Ref Proc: 0.1 ms]
      [Ref Enq: 0.0 ms]
      [Redirty Cards: 0.0 ms]
      [Humongous Register: 0.0 ms]
      [Humongous Reclaim: 0.0 ms]
      [Free CSet: 0.1 ms]
   [Eden: 66.0M(66.0M)->0.0B(44.0M) Survivors: 11.0M->10.0M Heap: 974.0M(1096.0M)->920.0M(1096.0M)]
 [Times: user=0.00 sys=0.00, real=0.01 secs] 
2016-06-27T20:28:31.152+0300: 213.424: Total time for which application threads were stopped: 0.0063083 seconds, Stopping threads took: 0.0000624 seconds
2016-06-27T20:28:31.191+0300: 213.463: Total time for which application threads were stopped: 0.0027297 seconds, Stopping threads took: 0.0002976 seconds
2016-06-27T20:28:31.501+0300: 213.773: [GC pause (G1 Evacuation Pause) (mixed)
Desired survivor size 3670016 bytes, new threshold 1 (max 15)
- age   1:   10325808 bytes,   10325808 total
, 0.0195977 secs]
   [Parallel Time: 18.2 ms, GC Workers: 4]
      [GC Worker Start (ms): Min: 213773.7, Avg: 213773.7, Max: 213773.7, Diff: 0.0]
      [Ext Root Scanning (ms): Min: 0.4, Avg: 0.5, Max: 0.6, Diff: 0.2, Sum: 2.0]
      [Update RS (ms): Min: 1.0, Avg: 1.1, Max: 1.2, Diff: 0.1, Sum: 4.5]
         [Processed Buffers: Min: 3, Avg: 9.5, Max: 15, Diff: 12, Sum: 38]
      [Scan RS (ms): Min: 2.7, Avg: 2.8, Max: 2.8, Diff: 0.1, Sum: 11.1]
      [Code Root Scanning (ms): Min: 0.0, Avg: 0.1, Max: 0.2, Diff: 0.2, Sum: 0.3]
      [Object Copy (ms): Min: 13.5, Avg: 13.6, Max: 13.6, Diff: 0.1, Sum: 54.4]
      [Termination (ms): Min: 0.0, Avg: 0.0, Max: 0.0, Diff: 0.0, Sum: 0.0]
         [Termination Attempts: Min: 1, Avg: 1.0, Max: 1, Diff: 0, Sum: 4]
      [GC Worker Other (ms): Min: 0.0, Avg: 0.0, Max: 0.1, Diff: 0.1, Sum: 0.1]
      [GC Worker Total (ms): Min: 18.1, Avg: 18.1, Max: 18.2, Diff: 0.1, Sum: 72.5]
      [GC Worker End (ms): Min: 213791.8, Avg: 213791.8, Max: 213791.9, Diff: 0.1]
   [Code Root Fixup: 0.1 ms]
   [Code Root Purge: 0.0 ms]
   [Clear CT: 0.2 ms]
   [Other: 1.1 ms]
      [Choose CSet: 0.2 ms]
      [Ref Proc: 0.1 ms]
      [Ref Enq: 0.0 ms]
      [Redirty Cards: 0.0 ms]
      [Humongous Register: 0.1 ms]
      [Humongous Reclaim: 0.0 ms]
      [Free CSet: 0.4 ms]
   [Eden: 44.0M(44.0M)->0.0B(47.0M) Survivors: 10.0M->7168.0K Heap: 964.0M(1096.0M)->884.5M(1096.0M)]
 [Times: user=0.08 sys=0.00, real=0.02 secs] 
2016-06-27T20:28:31.521+0300: 213.793: Total time for which application threads were stopped: 0.0229283 seconds, Stopping threads took: 0.0026767 seconds
2016-06-27T20:28:31.929+0300: 214.201: [GC pause (G1 Evacuation Pause) (mixed)
Desired survivor size 3670016 bytes, new threshold 1 (max 15)
- age   1:    7236880 bytes,    7236880 total
, 0.0244742 secs]
   [Parallel Time: 23.1 ms, GC Workers: 4]
      [GC Worker Start (ms): Min: 214201.7, Avg: 214201.7, Max: 214201.7, Diff: 0.0]
      [Ext Root Scanning (ms): Min: 0.5, Avg: 0.5, Max: 0.6, Diff: 0.1, Sum: 2.1]
      [Update RS (ms): Min: 8.8, Avg: 8.9, Max: 9.0, Diff: 0.2, Sum: 35.7]
         [Processed Buffers: Min: 12, Avg: 14.5, Max: 19, Diff: 7, Sum: 58]
      [Scan RS (ms): Min: 2.9, Avg: 2.9, Max: 3.0, Diff: 0.2, Sum: 11.7]
      [Code Root Scanning (ms): Min: 0.0, Avg: 0.0, Max: 0.0, Diff: 0.0, Sum: 0.0]
      [Object Copy (ms): Min: 10.7, Avg: 10.7, Max: 10.8, Diff: 0.1, Sum: 42.8]
      [Termination (ms): Min: 0.0, Avg: 0.0, Max: 0.0, Diff: 0.0, Sum: 0.0]
         [Termination Attempts: Min: 1, Avg: 4.3, Max: 7, Diff: 6, Sum: 17]
      [GC Worker Other (ms): Min: 0.0, Avg: 0.0, Max: 0.0, Diff: 0.0, Sum: 0.1]
      [GC Worker Total (ms): Min: 23.1, Avg: 23.1, Max: 23.1, Diff: 0.0, Sum: 92.5]
      [GC Worker End (ms): Min: 214224.8, Avg: 214224.8, Max: 214224.8, Diff: 0.0]
   [Code Root Fixup: 0.0 ms]
   [Code Root Purge: 0.0 ms]
   [Clear CT: 0.2 ms]
   [Other: 1.1 ms]
      [Choose CSet: 0.2 ms]
      [Ref Proc: 0.1 ms]
      [Ref Enq: 0.0 ms]
      [Redirty Cards: 0.1 ms]
      [Humongous Register: 0.0 ms]
      [Humongous Reclaim: 0.0 ms]
      [Free CSet: 0.4 ms]
   [Eden: 47.0M(47.0M)->0.0B(47.0M) Survivors: 7168.0K->7168.0K Heap: 931.5M(1096.0M)->872.0M(1096.0M)]
 [Times: user=0.06 sys=0.00, real=0.03 secs] 
2016-06-27T20:28:31.954+0300: 214.226: Total time for which application threads were stopped: 0.0270111 seconds, Stopping threads took: 0.0017512 seconds
2016-06-27T20:28:32.192+0300: 214.464: Total time for which application threads were stopped: 0.0032690 seconds, Stopping threads took: 0.0013262 seconds
2016-06-27T20:28:32.345+0300: 214.617: [GC pause (G1 Evacuation Pause) (young)
Desired survivor size 3670016 bytes, new threshold 1 (max 15)
- age   1:    7191576 bytes,    7191576 total
, 0.0122271 secs]
   [Parallel Time: 11.6 ms, GC Workers: 4]
      [GC Worker Start (ms): Min: 214616.7, Avg: 214616.8, Max: 214616.8, Diff: 0.0]
      [Ext Root Scanning (ms): Min: 0.5, Avg: 0.6, Max: 0.7, Diff: 0.2, Sum: 2.2]
      [Update RS (ms): Min: 8.6, Avg: 8.8, Max: 9.2, Diff: 0.6, Sum: 35.3]
         [Processed Buffers: Min: 11, Avg: 15.0, Max: 26, Diff: 15, Sum: 60]
      [Scan RS (ms): Min: 0.0, Avg: 0.0, Max: 0.0, Diff: 0.0, Sum: 0.0]
      [Code Root Scanning (ms): Min: 0.0, Avg: 0.0, Max: 0.0, Diff: 0.0, Sum: 0.0]
      [Object Copy (ms): Min: 1.8, Avg: 2.1, Max: 2.3, Diff: 0.5, Sum: 8.6]
      [Termination (ms): Min: 0.0, Avg: 0.0, Max: 0.0, Diff: 0.0, Sum: 0.0]
         [Termination Attempts: Min: 1, Avg: 1.0, Max: 1, Diff: 0, Sum: 4]
      [GC Worker Other (ms): Min: 0.0, Avg: 0.0, Max: 0.0, Diff: 0.0, Sum: 0.1]
      [GC Worker Total (ms): Min: 11.5, Avg: 11.6, Max: 11.6, Diff: 0.0, Sum: 46.2]
      [GC Worker End (ms): Min: 214628.3, Avg: 214628.3, Max: 214628.3, Diff: 0.0]
   [Code Root Fixup: 0.0 ms]
   [Code Root Purge: 0.0 ms]
   [Clear CT: 0.0 ms]
   [Other: 0.6 ms]
      [Choose CSet: 0.0 ms]
      [Ref Proc: 0.0 ms]
      [Ref Enq: 0.0 ms]
      [Redirty Cards: 0.0 ms]
      [Humongous Register: 0.0 ms]
      [Humongous Reclaim: 0.0 ms]
      [Free CSet: 0.1 ms]
   [Eden: 47.0M(47.0M)->0.0B(47.0M) Survivors: 7168.0K->7168.0K Heap: 919.0M(1096.0M)->880.5M(1096.0M)]
 [Times: user=0.06 sys=0.00, real=0.01 secs] 
2016-06-27T20:28:32.357+0300: 214.629: Total time for which application threads were stopped: 0.0133206 seconds, Stopping threads took: 0.0005397 seconds
2016-06-27T20:28:32.765+0300: 215.037: [GC pause (G1 Evacuation Pause) (young) (initial-mark)
Desired survivor size 3670016 bytes, new threshold 1 (max 15)
- age   1:    7225768 bytes,    7225768 total
, 0.0045943 secs]
   [Parallel Time: 3.8 ms, GC Workers: 4]
      [GC Worker Start (ms): Min: 215037.6, Avg: 215037.6, Max: 215037.6, Diff: 0.0]
      [Ext Root Scanning (ms): Min: 0.5, Avg: 0.6, Max: 0.7, Diff: 0.2, Sum: 2.3]
      [Update RS (ms): Min: 0.7, Avg: 0.8, Max: 0.9, Diff: 0.2, Sum: 3.4]
         [Processed Buffers: Min: 5, Avg: 10.8, Max: 18, Diff: 13, Sum: 43]
      [Scan RS (ms): Min: 0.0, Avg: 0.0, Max: 0.0, Diff: 0.0, Sum: 0.0]
      [Code Root Scanning (ms): Min: 0.0, Avg: 0.0, Max: 0.0, Diff: 0.0, Sum: 0.0]
      [Object Copy (ms): Min: 2.3, Avg: 2.3, Max: 2.4, Diff: 0.1, Sum: 9.3]
      [Termination (ms): Min: 0.0, Avg: 0.0, Max: 0.0, Diff: 0.0, Sum: 0.0]
         [Termination Attempts: Min: 1, Avg: 1.0, Max: 1, Diff: 0, Sum: 4]
      [GC Worker Other (ms): Min: 0.0, Avg: 0.0, Max: 0.0, Diff: 0.0, Sum: 0.0]
      [GC Worker Total (ms): Min: 3.7, Avg: 3.8, Max: 3.8, Diff: 0.0, Sum: 15.0]
      [GC Worker End (ms): Min: 215041.4, Avg: 215041.4, Max: 215041.4, Diff: 0.0]
   [Code Root Fixup: 0.0 ms]
   [Code Root Purge: 0.0 ms]
   [Clear CT: 0.0 ms]
   [Other: 0.7 ms]
      [Choose CSet: 0.0 ms]
      [Ref Proc: 0.0 ms]
      [Ref Enq: 0.0 ms]
      [Redirty Cards: 0.0 ms]
      [Humongous Register: 0.0 ms]
      [Humongous Reclaim: 0.0 ms]
      [Free CSet: 0.1 ms]
   [Eden: 47.0M(47.0M)->0.0B(81.0M) Survivors: 7168.0K->7168.0K Heap: 927.5M(1096.0M)->889.5M(1096.0M)]
 [Times: user=0.00 sys=0.00, real=0.00 secs] 
2016-06-27T20:28:32.770+0300: 215.042: [GC concurrent-root-region-scan-start]
2016-06-27T20:28:32.770+0300: 215.042: Total time for which application threads were stopped: 0.0069716 seconds, Stopping threads took: 0.0017440 seconds
2016-06-27T20:28:32.771+0300: 215.043: [GC concurrent-root-region-scan-end, 0.0009413 secs]
2016-06-27T20:28:32.771+0300: 215.043: [GC concurrent-mark-start]
2016-06-27T20:28:32.838+0300: 215.110: [GC concurrent-mark-end, 0.0665156 secs]
2016-06-27T20:28:32.869+0300: 215.141: [GC remark 2016-06-27T20:28:32.869+0300: 215.141: [Finalize Marking, 0.0001706 secs] 2016-06-27T20:28:32.870+0300: 215.141: [GC ref-proc, 0.0001202 secs] 2016-06-27T20:28:32.870+0300: 215.142: [Unloading, 0.0017799 secs], 0.0058114 secs]
 [Times: user=0.00 sys=0.00, real=0.01 secs] 
2016-06-27T20:28:32.875+0300: 215.147: Total time for which application threads were stopped: 0.0067403 seconds, Stopping threads took: 0.0004828 seconds
2016-06-27T20:28:33.192+0300: 215.464: Total time for which application threads were stopped: 0.0025907 seconds, Stopping threads took: 0.0004721 seconds
2016-06-27T20:28:33.443+0300: 215.715: [GC pause (G1 Evacuation Pause) (young)
Desired survivor size 5767168 bytes, new threshold 1 (max 15)
- age   1:    7200368 bytes,    7200368 total
, 0.0049133 secs]
   [Parallel Time: 4.4 ms, GC Workers: 4]
      [GC Worker Start (ms): Min: 215714.9, Avg: 215714.9, Max: 215715.0, Diff: 0.0]
      [Ext Root Scanning (ms): Min: 0.4, Avg: 0.5, Max: 0.6, Diff: 0.1, Sum: 1.9]
      [Update RS (ms): Min: 0.7, Avg: 0.8, Max: 0.9, Diff: 0.2, Sum: 3.0]
         [Processed Buffers: Min: 2, Avg: 6.5, Max: 10, Diff: 8, Sum: 26]
      [Scan RS (ms): Min: 0.0, Avg: 0.0, Max: 0.0, Diff: 0.0, Sum: 0.1]
      [Code Root Scanning (ms): Min: 0.0, Avg: 0.0, Max: 0.0, Diff: 0.0, Sum: 0.0]
      [Object Copy (ms): Min: 3.0, Avg: 3.1, Max: 3.1, Diff: 0.1, Sum: 12.3]
      [Termination (ms): Min: 0.0, Avg: 0.0, Max: 0.0, Diff: 0.0, Sum: 0.0]
         [Termination Attempts: Min: 1, Avg: 1.0, Max: 1, Diff: 0, Sum: 4]
      [GC Worker Other (ms): Min: 0.0, Avg: 0.0, Max: 0.0, Diff: 0.0, Sum: 0.1]
      [GC Worker Total (ms): Min: 4.3, Avg: 4.3, Max: 4.4, Diff: 0.0, Sum: 17.4]
      [GC Worker End (ms): Min: 215719.3, Avg: 215719.3, Max: 215719.3, Diff: 0.0]
   [Code Root Fixup: 0.0 ms]
   [Code Root Purge: 0.0 ms]
   [Clear CT: 0.0 ms]
   [Other: 0.5 ms]
      [Choose CSet: 0.0 ms]
      [Ref Proc: 0.0 ms]
      [Ref Enq: 0.0 ms]
      [Redirty Cards: 0.0 ms]
      [Humongous Register: 0.0 ms]
      [Humongous Reclaim: 0.0 ms]
      [Free CSet: 0.1 ms]
   [Eden: 81.0M(81.0M)->0.0B(70.0M) Survivors: 7168.0K->11.0M Heap: 970.5M(1096.0M)->903.0M(1096.0M)]
 [Times: user=0.00 sys=0.00, real=0.00 secs] 
2016-06-27T20:28:33.448+0300: 215.720: Total time for which application threads were stopped: 0.0061912 seconds, Stopping threads took: 0.0006868 seconds
2016-06-27T20:28:33.448+0300: 215.720: [GC cleanup 903M->903M(1096M), 0.0020095 secs]
 [Times: user=0.00 sys=0.00, real=0.00 secs] 
2016-06-27T20:28:33.450+0300: 215.722: Total time for which application threads were stopped: 0.0025099 seconds, Stopping threads took: 0.0000573 seconds
2016-06-27T20:28:34.022+0300: 216.294: [GC pause (G1 Evacuation Pause) (young)
Desired survivor size 5767168 bytes, new threshold 1 (max 15)
- age   1:   11341600 bytes,   11341600 total
, 0.0057395 secs]
   [Parallel Time: 5.2 ms, GC Workers: 4]
      [GC Worker Start (ms): Min: 216294.5, Avg: 216294.5, Max: 216294.5, Diff: 0.0]
      [Ext Root Scanning (ms): Min: 0.5, Avg: 0.5, Max: 0.6, Diff: 0.1, Sum: 2.1]
      [Update RS (ms): Min: 1.0, Avg: 1.1, Max: 1.1, Diff: 0.1, Sum: 4.3]
         [Processed Buffers: Min: 6, Avg: 13.0, Max: 25, Diff: 19, Sum: 52]
      [Scan RS (ms): Min: 0.0, Avg: 0.0, Max: 0.0, Diff: 0.0, Sum: 0.1]
      [Code Root Scanning (ms): Min: 0.0, Avg: 0.0, Max: 0.0, Diff: 0.0, Sum: 0.0]
      [Object Copy (ms): Min: 3.5, Avg: 3.5, Max: 3.6, Diff: 0.1, Sum: 14.1]
      [Termination (ms): Min: 0.0, Avg: 0.0, Max: 0.0, Diff: 0.0, Sum: 0.0]
         [Termination Attempts: Min: 1, Avg: 1.0, Max: 1, Diff: 0, Sum: 4]
      [GC Worker Other (ms): Min: 0.0, Avg: 0.0, Max: 0.0, Diff: 0.0, Sum: 0.1]
      [GC Worker Total (ms): Min: 5.2, Avg: 5.2, Max: 5.2, Diff: 0.0, Sum: 20.6]
      [GC Worker End (ms): Min: 216299.7, Avg: 216299.7, Max: 216299.7, Diff: 0.0]
   [Code Root Fixup: 0.0 ms]
   [Code Root Purge: 0.0 ms]
   [Clear CT: 0.0 ms]
   [Other: 0.5 ms]
      [Choose CSet: 0.0 ms]
      [Ref Proc: 0.0 ms]
      [Ref Enq: 0.0 ms]
      [Redirty Cards: 0.0 ms]
      [Humongous Register: 0.0 ms]
      [Humongous Reclaim: 0.0 ms]
      [Free CSet: 0.1 ms]
   [Eden: 70.0M(70.0M)->0.0B(43.0M) Survivors: 11.0M->11.0M Heap: 973.0M(1096.0M)->915.5M(1096.0M)]
 [Times: user=0.00 sys=0.00, real=0.01 secs] 
2016-06-27T20:28:34.028+0300: 216.300: Total time for which application threads were stopped: 0.0073351 seconds, Stopping threads took: 0.0009190 seconds
2016-06-27T20:28:34.194+0300: 216.467: Total time for which application threads were stopped: 0.0055604 seconds, Stopping threads took: 0.0038172 seconds
2016-06-27T20:28:34.378+0300: 216.650: [GC pause (G1 Evacuation Pause) (mixed)
Desired survivor size 3670016 bytes, new threshold 1 (max 15)
- age   1:   11379792 bytes,   11379792 total
, 0.0196062 secs]
   [Parallel Time: 18.2 ms, GC Workers: 4]
      [GC Worker Start (ms): Min: 216650.2, Avg: 216650.2, Max: 216650.2, Diff: 0.0]
      [Ext Root Scanning (ms): Min: 0.4, Avg: 0.5, Max: 0.6, Diff: 0.2, Sum: 2.0]
      [Update RS (ms): Min: 0.6, Avg: 0.7, Max: 0.7, Diff: 0.1, Sum: 2.7]
         [Processed Buffers: Min: 2, Avg: 8.5, Max: 21, Diff: 19, Sum: 34]
      [Scan RS (ms): Min: 2.6, Avg: 2.6, Max: 2.7, Diff: 0.1, Sum: 10.6]
      [Code Root Scanning (ms): Min: 0.0, Avg: 0.0, Max: 0.0, Diff: 0.0, Sum: 0.0]
      [Object Copy (ms): Min: 14.3, Avg: 14.3, Max: 14.3, Diff: 0.1, Sum: 57.1]
      [Termination (ms): Min: 0.0, Avg: 0.0, Max: 0.0, Diff: 0.0, Sum: 0.0]
         [Termination Attempts: Min: 1, Avg: 2.8, Max: 4, Diff: 3, Sum: 11]
      [GC Worker Other (ms): Min: 0.0, Avg: 0.0, Max: 0.0, Diff: 0.0, Sum: 0.1]
      [GC Worker Total (ms): Min: 18.1, Avg: 18.1, Max: 18.1, Diff: 0.0, Sum: 72.5]
      [GC Worker End (ms): Min: 216668.4, Avg: 216668.4, Max: 216668.4, Diff: 0.0]
   [Code Root Fixup: 0.0 ms]
   [Code Root Purge: 0.0 ms]
   [Clear CT: 0.2 ms]
   [Other: 1.2 ms]
      [Choose CSet: 0.1 ms]
      [Ref Proc: 0.1 ms]
      [Ref Enq: 0.0 ms]
      [Redirty Cards: 0.0 ms]
      [Humongous Register: 0.0 ms]
      [Humongous Reclaim: 0.0 ms]
      [Free CSet: 0.6 ms]
   [Eden: 43.0M(43.0M)->0.0B(47.0M) Survivors: 11.0M->7168.0K Heap: 958.5M(1096.0M)->883.5M(1096.0M)]
 [Times: user=0.13 sys=0.00, real=0.02 secs] 
2016-06-27T20:28:34.398+0300: 216.670: Total time for which application threads were stopped: 0.0215884 seconds, Stopping threads took: 0.0013681 seconds
2016-06-27T20:28:34.807+0300: 217.080: [GC pause (G1 Evacuation Pause) (mixed)
Desired survivor size 3670016 bytes, new threshold 1 (max 15)
- age   1:    6835360 bytes,    6835360 total
, 0.0236694 secs]
   [Parallel Time: 22.4 ms, GC Workers: 4]
      [GC Worker Start (ms): Min: 217079.9, Avg: 217079.9, Max: 217079.9, Diff: 0.0]
      [Ext Root Scanning (ms): Min: 0.5, Avg: 0.5, Max: 0.6, Diff: 0.1, Sum: 2.2]
      [Update RS (ms): Min: 8.2, Avg: 8.2, Max: 8.4, Diff: 0.3, Sum: 33.0]
         [Processed Buffers: Min: 10, Avg: 14.0, Max: 19, Diff: 9, Sum: 56]
      [Scan RS (ms): Min: 2.8, Avg: 2.9, Max: 3.0, Diff: 0.2, Sum: 11.7]
      [Code Root Scanning (ms): Min: 0.0, Avg: 0.0, Max: 0.0, Diff: 0.0, Sum: 0.0]
      [Object Copy (ms): Min: 10.6, Avg: 10.6, Max: 10.6, Diff: 0.0, Sum: 42.5]
      [Termination (ms): Min: 0.0, Avg: 0.0, Max: 0.0, Diff: 0.0, Sum: 0.0]
         [Termination Attempts: Min: 1, Avg: 1.0, Max: 1, Diff: 0, Sum: 4]
      [GC Worker Other (ms): Min: 0.0, Avg: 0.0, Max: 0.0, Diff: 0.0, Sum: 0.1]
      [GC Worker Total (ms): Min: 22.4, Avg: 22.4, Max: 22.4, Diff: 0.0, Sum: 89.4]
      [GC Worker End (ms): Min: 217102.3, Avg: 217102.3, Max: 217102.3, Diff: 0.0]
   [Code Root Fixup: 0.0 ms]
   [Code Root Purge: 0.0 ms]
   [Clear CT: 0.2 ms]
   [Other: 1.0 ms]
      [Choose CSet: 0.1 ms]
      [Ref Proc: 0.1 ms]
      [Ref Enq: 0.0 ms]
      [Redirty Cards: 0.0 ms]
      [Humongous Register: 0.1 ms]
      [Humongous Reclaim: 0.0 ms]
      [Free CSet: 0.4 ms]
   [Eden: 47.0M(47.0M)->0.0B(47.0M) Survivors: 7168.0K->7168.0K Heap: 930.5M(1096.0M)->869.5M(1096.0M)]
 [Times: user=0.06 sys=0.00, real=0.02 secs] 
2016-06-27T20:28:34.831+0300: 217.104: Total time for which application threads were stopped: 0.0266253 seconds, Stopping threads took: 0.0021738 seconds
2016-06-27T20:28:35.223+0300: 217.495: [GC pause (G1 Evacuation Pause) (young)
Desired survivor size 3670016 bytes, new threshold 1 (max 15)
- age   1:    7144656 bytes,    7144656 total
, 0.0121847 secs]
   [Parallel Time: 11.6 ms, GC Workers: 4]
      [GC Worker Start (ms): Min: 217495.0, Avg: 217495.0, Max: 217495.0, Diff: 0.0]
      [Ext Root Scanning (ms): Min: 0.5, Avg: 0.6, Max: 0.6, Diff: 0.1, Sum: 2.2]
      [Update RS (ms): Min: 8.6, Avg: 8.7, Max: 8.9, Diff: 0.3, Sum: 34.9]
         [Processed Buffers: Min: 10, Avg: 19.0, Max: 31, Diff: 21, Sum: 76]
      [Scan RS (ms): Min: 0.0, Avg: 0.0, Max: 0.0, Diff: 0.0, Sum: 0.0]
      [Code Root Scanning (ms): Min: 0.0, Avg: 0.0, Max: 0.0, Diff: 0.0, Sum: 0.0]
      [Object Copy (ms): Min: 2.1, Avg: 2.2, Max: 2.3, Diff: 0.2, Sum: 8.9]
      [Termination (ms): Min: 0.0, Avg: 0.0, Max: 0.0, Diff: 0.0, Sum: 0.0]
         [Termination Attempts: Min: 1, Avg: 1.0, Max: 1, Diff: 0, Sum: 4]
      [GC Worker Other (ms): Min: 0.0, Avg: 0.0, Max: 0.0, Diff: 0.0, Sum: 0.1]
      [GC Worker Total (ms): Min: 11.5, Avg: 11.5, Max: 11.5, Diff: 0.0, Sum: 46.2]
      [GC Worker End (ms): Min: 217506.5, Avg: 217506.5, Max: 217506.5, Diff: 0.0]
   [Code Root Fixup: 0.0 ms]
   [Code Root Purge: 0.0 ms]
   [Clear CT: 0.0 ms]
   [Other: 0.6 ms]
      [Choose CSet: 0.0 ms]
      [Ref Proc: 0.0 ms]
      [Ref Enq: 0.0 ms]
      [Redirty Cards: 0.0 ms]
      [Humongous Register: 0.0 ms]
      [Humongous Reclaim: 0.0 ms]
      [Free CSet: 0.1 ms]
   [Eden: 47.0M(47.0M)->0.0B(47.0M) Survivors: 7168.0K->7168.0K Heap: 916.5M(1096.0M)->878.5M(1096.0M)]
 [Times: user=0.06 sys=0.00, real=0.01 secs] 
2016-06-27T20:28:35.235+0300: 217.507: Total time for which application threads were stopped: 0.0168667 seconds, Stopping threads took: 0.0040396 seconds
2016-06-27T20:28:35.643+0300: 217.914: [GC pause (G1 Evacuation Pause) (young) (initial-mark)
Desired survivor size 3670016 bytes, new threshold 1 (max 15)
- age   1:    7183688 bytes,    7183688 total
, 0.0043809 secs]
   [Parallel Time: 3.7 ms, GC Workers: 4]
      [GC Worker Start (ms): Min: 217914.6, Avg: 217914.6, Max: 217914.6, Diff: 0.0]
      [Ext Root Scanning (ms): Min: 0.6, Avg: 0.6, Max: 0.8, Diff: 0.2, Sum: 2.5]
      [Update RS (ms): Min: 0.6, Avg: 0.7, Max: 0.8, Diff: 0.2, Sum: 2.7]
         [Processed Buffers: Min: 2, Avg: 11.3, Max: 19, Diff: 17, Sum: 45]
      [Scan RS (ms): Min: 0.0, Avg: 0.0, Max: 0.0, Diff: 0.0, Sum: 0.0]
      [Code Root Scanning (ms): Min: 0.0, Avg: 0.0, Max: 0.0, Diff: 0.0, Sum: 0.0]
      [Object Copy (ms): Min: 2.3, Avg: 2.3, Max: 2.4, Diff: 0.1, Sum: 9.3]
      [Termination (ms): Min: 0.0, Avg: 0.0, Max: 0.0, Diff: 0.0, Sum: 0.0]
         [Termination Attempts: Min: 1, Avg: 1.0, Max: 1, Diff: 0, Sum: 4]
      [GC Worker Other (ms): Min: 0.0, Avg: 0.0, Max: 0.0, Diff: 0.0, Sum: 0.0]
      [GC Worker Total (ms): Min: 3.7, Avg: 3.7, Max: 3.7, Diff: 0.0, Sum: 14.7]
      [GC Worker End (ms): Min: 217918.3, Avg: 217918.3, Max: 217918.3, Diff: 0.0]
   [Code Root Fixup: 0.0 ms]
   [Code Root Purge: 0.0 ms]
   [Clear CT: 0.0 ms]
   [Other: 0.6 ms]
      [Choose CSet: 0.0 ms]
      [Ref Proc: 0.1 ms]
      [Ref Enq: 0.0 ms]
      [Redirty Cards: 0.0 ms]
      [Humongous Register: 0.0 ms]
      [Humongous Reclaim: 0.0 ms]
      [Free CSet: 0.1 ms]
   [Eden: 47.0M(47.0M)->0.0B(83.0M) Survivors: 7168.0K->7168.0K Heap: 925.5M(1096.0M)->887.5M(1096.0M)]
 [Times: user=0.06 sys=0.00, real=0.00 secs] 
2016-06-27T20:28:35.647+0300: 217.919: [GC concurrent-root-region-scan-start]
2016-06-27T20:28:35.647+0300: 217.919: Total time for which application threads were stopped: 0.0066150 seconds, Stopping threads took: 0.0015481 seconds
2016-06-27T20:28:35.648+0300: 217.920: [GC concurrent-root-region-scan-end, 0.0007625 secs]
2016-06-27T20:28:35.648+0300: 217.920: [GC concurrent-mark-start]
2016-06-27T20:28:35.723+0300: 217.995: [GC concurrent-mark-end, 0.0744033 secs]
2016-06-27T20:28:35.756+0300: 218.028: [GC remark 2016-06-27T20:28:35.756+0300: 218.028: [Finalize Marking, 0.0002831 secs] 2016-06-27T20:28:35.757+0300: 218.029: [GC ref-proc, 0.0001082 secs] 2016-06-27T20:28:35.757+0300: 218.029: [Unloading, 0.0018282 secs], 0.0060026 secs]
 [Times: user=0.00 sys=0.00, real=0.01 secs] 
2016-06-27T20:28:35.762+0300: 218.034: Total time for which application threads were stopped: 0.0073060 seconds, Stopping threads took: 0.0007676 seconds
2016-06-27T20:28:35.764+0300: 218.036: [GC cleanup 903M->903M(1096M), 0.0023102 secs]
 [Times: user=0.00 sys=0.00, real=0.00 secs] 
2016-06-27T20:28:35.766+0300: 218.038: Total time for which application threads were stopped: 0.0029440 seconds, Stopping threads took: 0.0000710 seconds
2016-06-27T20:28:36.307+0300: 218.579: [GC pause (G1 Evacuation Pause) (young)
Desired survivor size 6291456 bytes, new threshold 1 (max 15)
- age   1:    6811496 bytes,    6811496 total
, 0.0056925 secs]
   [Parallel Time: 5.0 ms, GC Workers: 4]
      [GC Worker Start (ms): Min: 218579.1, Avg: 218579.1, Max: 218579.2, Diff: 0.1]
      [Ext Root Scanning (ms): Min: 0.5, Avg: 0.6, Max: 0.7, Diff: 0.2, Sum: 2.3]
      [Update RS (ms): Min: 1.1, Avg: 1.2, Max: 1.2, Diff: 0.2, Sum: 4.7]
         [Processed Buffers: Min: 4, Avg: 19.0, Max: 40, Diff: 36, Sum: 76]
      [Scan RS (ms): Min: 0.0, Avg: 0.0, Max: 0.0, Diff: 0.0, Sum: 0.0]
      [Code Root Scanning (ms): Min: 0.0, Avg: 0.0, Max: 0.0, Diff: 0.0, Sum: 0.0]
      [Object Copy (ms): Min: 3.1, Avg: 3.2, Max: 3.2, Diff: 0.1, Sum: 12.8]
      [Termination (ms): Min: 0.0, Avg: 0.0, Max: 0.0, Diff: 0.0, Sum: 0.0]
         [Termination Attempts: Min: 1, Avg: 1.0, Max: 1, Diff: 0, Sum: 4]
      [GC Worker Other (ms): Min: 0.0, Avg: 0.0, Max: 0.0, Diff: 0.0, Sum: 0.1]
      [GC Worker Total (ms): Min: 4.9, Avg: 5.0, Max: 5.0, Diff: 0.1, Sum: 20.0]
      [GC Worker End (ms): Min: 218584.1, Avg: 218584.1, Max: 218584.1, Diff: 0.0]
   [Code Root Fixup: 0.0 ms]
   [Code Root Purge: 0.0 ms]
   [Clear CT: 0.0 ms]
   [Other: 0.6 ms]
      [Choose CSet: 0.0 ms]
      [Ref Proc: 0.1 ms]
      [Ref Enq: 0.0 ms]
      [Redirty Cards: 0.1 ms]
      [Humongous Register: 0.0 ms]
      [Humongous Reclaim: 0.0 ms]
      [Free CSet: 0.1 ms]
   [Eden: 83.0M(83.0M)->0.0B(42.0M) Survivors: 7168.0K->12.0M Heap: 970.5M(1096.0M)->902.0M(1096.0M)]
 [Times: user=0.00 sys=0.00, real=0.01 secs] 
2016-06-27T20:28:36.313+0300: 218.585: Total time for which application threads were stopped: 0.0087447 seconds, Stopping threads took: 0.0023162 seconds
2016-06-27T20:28:36.674+0300: 218.947: [GC pause (G1 Evacuation Pause) (mixed)
Desired survivor size 3670016 bytes, new threshold 1 (max 15)
- age   1:   12371240 bytes,   12371240 total
, 0.0212241 secs]
   [Parallel Time: 19.7 ms, GC Workers: 4]
      [GC Worker Start (ms): Min: 218946.9, Avg: 218946.9, Max: 218946.9, Diff: 0.0]
      [Ext Root Scanning (ms): Min: 0.6, Avg: 0.6, Max: 0.6, Diff: 0.1, Sum: 2.4]
      [Update RS (ms): Min: 1.0, Avg: 1.1, Max: 1.2, Diff: 0.2, Sum: 4.4]
         [Processed Buffers: Min: 3, Avg: 11.0, Max: 29, Diff: 26, Sum: 44]
      [Scan RS (ms): Min: 3.1, Avg: 3.2, Max: 3.3, Diff: 0.2, Sum: 12.9]
      [Code Root Scanning (ms): Min: 0.0, Avg: 0.0, Max: 0.0, Diff: 0.0, Sum: 0.0]
      [Object Copy (ms): Min: 14.7, Avg: 14.7, Max: 14.8, Diff: 0.1, Sum: 59.0]
      [Termination (ms): Min: 0.0, Avg: 0.0, Max: 0.0, Diff: 0.0, Sum: 0.0]
         [Termination Attempts: Min: 1, Avg: 2.3, Max: 3, Diff: 2, Sum: 9]
      [GC Worker Other (ms): Min: 0.0, Avg: 0.0, Max: 0.0, Diff: 0.0, Sum: 0.1]
      [GC Worker Total (ms): Min: 19.7, Avg: 19.7, Max: 19.7, Diff: 0.0, Sum: 78.8]
      [GC Worker End (ms): Min: 218966.6, Avg: 218966.6, Max: 218966.6, Diff: 0.0]
   [Code Root Fixup: 0.0 ms]
   [Code Root Purge: 0.0 ms]
   [Clear CT: 0.2 ms]
   [Other: 1.3 ms]
      [Choose CSet: 0.2 ms]
      [Ref Proc: 0.1 ms]
      [Ref Enq: 0.0 ms]
      [Redirty Cards: 0.1 ms]
      [Humongous Register: 0.0 ms]
      [Humongous Reclaim: 0.0 ms]
      [Free CSet: 0.6 ms]
   [Eden: 42.0M(42.0M)->0.0B(47.0M) Survivors: 12.0M->7168.0K Heap: 944.0M(1096.0M)->871.5M(1096.0M)]
 [Times: user=0.13 sys=0.00, real=0.02 secs] 
2016-06-27T20:28:36.696+0300: 218.968: Total time for which application threads were stopped: 0.0237955 seconds, Stopping threads took: 0.0017286 seconds
2016-06-27T20:28:37.085+0300: 219.357: [GC pause (G1 Evacuation Pause) (mixed)
Desired survivor size 3670016 bytes, new threshold 1 (max 15)
- age   1:    7042392 bytes,    7042392 total
, 0.0193077 secs]
   [Parallel Time: 18.3 ms, GC Workers: 4]
      [GC Worker Start (ms): Min: 219356.8, Avg: 219356.8, Max: 219356.8, Diff: 0.0]
      [Ext Root Scanning (ms): Min: 0.6, Avg: 0.6, Max: 0.6, Diff: 0.1, Sum: 2.3]
      [Update RS (ms): Min: 9.7, Avg: 9.8, Max: 9.9, Diff: 0.2, Sum: 39.1]
         [Processed Buffers: Min: 12, Avg: 20.3, Max: 40, Diff: 28, Sum: 81]
      [Scan RS (ms): Min: 1.7, Avg: 1.8, Max: 1.9, Diff: 0.2, Sum: 7.3]
      [Code Root Scanning (ms): Min: 0.0, Avg: 0.0, Max: 0.0, Diff: 0.0, Sum: 0.0]
      [Object Copy (ms): Min: 6.1, Avg: 6.1, Max: 6.1, Diff: 0.1, Sum: 24.4]
      [Termination (ms): Min: 0.0, Avg: 0.0, Max: 0.0, Diff: 0.0, Sum: 0.0]
         [Termination Attempts: Min: 1, Avg: 4.3, Max: 7, Diff: 6, Sum: 17]
      [GC Worker Other (ms): Min: 0.0, Avg: 0.0, Max: 0.0, Diff: 0.0, Sum: 0.1]
      [GC Worker Total (ms): Min: 18.3, Avg: 18.3, Max: 18.3, Diff: 0.0, Sum: 73.3]
      [GC Worker End (ms): Min: 219375.1, Avg: 219375.1, Max: 219375.1, Diff: 0.0]
   [Code Root Fixup: 0.0 ms]
   [Code Root Purge: 0.0 ms]
   [Clear CT: 0.2 ms]
   [Other: 0.7 ms]
      [Choose CSet: 0.1 ms]
      [Ref Proc: 0.0 ms]
      [Ref Enq: 0.0 ms]
      [Redirty Cards: 0.0 ms]
      [Humongous Register: 0.0 ms]
      [Humongous Reclaim: 0.0 ms]
      [Free CSet: 0.2 ms]
   [Eden: 47.0M(47.0M)->0.0B(47.0M) Survivors: 7168.0K->7168.0K Heap: 918.5M(1096.0M)->870.5M(1096.0M)]
 [Times: user=0.06 sys=0.00, real=0.02 secs] 
2016-06-27T20:28:37.104+0300: 219.376: Total time for which application threads were stopped: 0.0242681 seconds, Stopping threads took: 0.0041444 seconds
2016-06-27T20:28:37.207+0300: 219.479: Total time for which application threads were stopped: 0.0172221 seconds, Stopping threads took: 0.0158215 seconds
2016-06-27T20:28:37.512+0300: 219.784: [GC pause (G1 Evacuation Pause) (young)
Desired survivor size 3670016 bytes, new threshold 1 (max 15)
- age   1:    7226808 bytes,    7226808 total
, 0.0095136 secs]
   [Parallel Time: 8.8 ms, GC Workers: 4]
      [GC Worker Start (ms): Min: 219784.1, Avg: 219784.1, Max: 219784.1, Diff: 0.0]
      [Ext Root Scanning (ms): Min: 0.6, Avg: 0.6, Max: 0.6, Diff: 0.0, Sum: 2.5]
      [Update RS (ms): Min: 5.8, Avg: 5.8, Max: 5.9, Diff: 0.1, Sum: 23.2]
         [Processed Buffers: Min: 8, Avg: 15.8, Max: 26, Diff: 18, Sum: 63]
      [Scan RS (ms): Min: 0.0, Avg: 0.0, Max: 0.0, Diff: 0.0, Sum: 0.0]
      [Code Root Scanning (ms): Min: 0.0, Avg: 0.0, Max: 0.0, Diff: 0.0, Sum: 0.0]
      [Object Copy (ms): Min: 2.3, Avg: 2.3, Max: 2.3, Diff: 0.1, Sum: 9.2]
      [Termination (ms): Min: 0.0, Avg: 0.0, Max: 0.0, Diff: 0.0, Sum: 0.0]
         [Termination Attempts: Min: 1, Avg: 1.0, Max: 1, Diff: 0, Sum: 4]
      [GC Worker Other (ms): Min: 0.0, Avg: 0.0, Max: 0.0, Diff: 0.0, Sum: 0.1]
      [GC Worker Total (ms): Min: 8.7, Avg: 8.7, Max: 8.7, Diff: 0.0, Sum: 35.0]
      [GC Worker End (ms): Min: 219792.9, Avg: 219792.9, Max: 219792.9, Diff: 0.0]
   [Code Root Fixup: 0.0 ms]
   [Code Root Purge: 0.0 ms]
   [Clear CT: 0.0 ms]
   [Other: 0.7 ms]
      [Choose CSet: 0.0 ms]
      [Ref Proc: 0.1 ms]
      [Ref Enq: 0.0 ms]
      [Redirty Cards: 0.1 ms]
      [Humongous Register: 0.0 ms]
      [Humongous Reclaim: 0.0 ms]
      [Free CSet: 0.1 ms]
   [Eden: 47.0M(47.0M)->0.0B(90.0M) Survivors: 7168.0K->7168.0K Heap: 917.5M(1096.0M)->880.0M(1096.0M)]
 [Times: user=0.06 sys=0.00, real=0.01 secs] 
2016-06-27T20:28:37.521+0300: 219.794: Total time for which application threads were stopped: 0.0138098 seconds, Stopping threads took: 0.0034114 seconds
2016-06-27T20:28:38.298+0300: 220.570: [GC pause (G1 Evacuation Pause) (young) (initial-mark)
Desired survivor size 6815744 bytes, new threshold 1 (max 15)
- age   1:    6862744 bytes,    6862744 total
, 0.0059889 secs]
   [Parallel Time: 5.2 ms, GC Workers: 4]
      [GC Worker Start (ms): Min: 220570.1, Avg: 220570.1, Max: 220570.2, Diff: 0.0]
      [Ext Root Scanning (ms): Min: 0.6, Avg: 0.6, Max: 0.8, Diff: 0.3, Sum: 2.5]
      [Update RS (ms): Min: 0.9, Avg: 1.0, Max: 1.2, Diff: 0.3, Sum: 4.0]
         [Processed Buffers: Min: 2, Avg: 18.3, Max: 30, Diff: 28, Sum: 73]
      [Scan RS (ms): Min: 0.0, Avg: 0.0, Max: 0.0, Diff: 0.0, Sum: 0.1]
      [Code Root Scanning (ms): Min: 0.0, Avg: 0.0, Max: 0.0, Diff: 0.0, Sum: 0.0]
      [Object Copy (ms): Min: 3.3, Avg: 3.4, Max: 3.6, Diff: 0.3, Sum: 13.7]
      [Termination (ms): Min: 0.0, Avg: 0.0, Max: 0.0, Diff: 0.0, Sum: 0.0]
         [Termination Attempts: Min: 1, Avg: 1.0, Max: 1, Diff: 0, Sum: 4]
      [GC Worker Other (ms): Min: 0.0, Avg: 0.0, Max: 0.0, Diff: 0.0, Sum: 0.1]
      [GC Worker Total (ms): Min: 5.1, Avg: 5.1, Max: 5.1, Diff: 0.0, Sum: 20.4]
      [GC Worker End (ms): Min: 220575.3, Avg: 220575.3, Max: 220575.3, Diff: 0.0]
   [Code Root Fixup: 0.0 ms]
   [Code Root Purge: 0.0 ms]
   [Clear CT: 0.0 ms]
   [Other: 0.8 ms]
      [Choose CSet: 0.0 ms]
      [Ref Proc: 0.1 ms]
      [Ref Enq: 0.0 ms]
      [Redirty Cards: 0.0 ms]
      [Humongous Register: 0.0 ms]
      [Humongous Reclaim: 0.0 ms]
      [Free CSet: 0.1 ms]
   [Eden: 90.0M(90.0M)->0.0B(75.0M) Survivors: 7168.0K->13.0M Heap: 970.0M(1096.0M)->896.5M(1096.0M)]
 [Times: user=0.06 sys=0.00, real=0.01 secs] 
2016-06-27T20:28:38.304+0300: 220.576: [GC concurrent-root-region-scan-start]
2016-06-27T20:28:38.304+0300: 220.576: Total time for which application threads were stopped: 0.0119145 seconds, Stopping threads took: 0.0051259 seconds
2016-06-27T20:28:38.305+0300: 220.577: [GC concurrent-root-region-scan-end, 0.0008562 secs]
2016-06-27T20:28:38.305+0300: 220.577: [GC concurrent-mark-start]
2016-06-27T20:28:38.369+0300: 220.641: [GC concurrent-mark-end, 0.0635606 secs]
2016-06-27T20:28:38.373+0300: 220.646: [GC remark 2016-06-27T20:28:38.373+0300: 220.646: [Finalize Marking, 0.0002887 secs] 2016-06-27T20:28:38.374+0300: 220.646: [GC ref-proc, 0.0001005 secs] 2016-06-27T20:28:38.374+0300: 220.646: [Unloading, 0.0018269 secs], 0.0058892 secs]
 [Times: user=0.06 sys=0.00, real=0.01 secs] 
2016-06-27T20:28:38.379+0300: 220.651: Total time for which application threads were stopped: 0.0071859 seconds, Stopping threads took: 0.0006535 seconds
2016-06-27T20:28:38.380+0300: 220.652: [GC cleanup 907M->907M(1096M), 0.0020519 secs]
 [Times: user=0.00 sys=0.00, real=0.00 secs] 
2016-06-27T20:28:38.382+0300: 220.654: Total time for which application threads were stopped: 0.0027473 seconds, Stopping threads took: 0.0000479 seconds
2016-06-27T20:28:38.932+0300: 221.204: [GC pause (G1 Evacuation Pause) (young)
Desired survivor size 5767168 bytes, new threshold 1 (max 15)
- age   1:   13388344 bytes,   13388344 total
, 0.0067253 secs]
   [Parallel Time: 6.1 ms, GC Workers: 4]
      [GC Worker Start (ms): Min: 221204.4, Avg: 221204.4, Max: 221204.4, Diff: 0.0]
      [Ext Root Scanning (ms): Min: 0.6, Avg: 0.6, Max: 0.7, Diff: 0.1, Sum: 2.5]
      [Update RS (ms): Min: 1.2, Avg: 1.3, Max: 1.4, Diff: 0.1, Sum: 5.3]
         [Processed Buffers: Min: 13, Avg: 18.3, Max: 26, Diff: 13, Sum: 73]
      [Scan RS (ms): Min: 0.0, Avg: 0.0, Max: 0.0, Diff: 0.0, Sum: 0.1]
      [Code Root Scanning (ms): Min: 0.0, Avg: 0.0, Max: 0.0, Diff: 0.0, Sum: 0.0]
      [Object Copy (ms): Min: 4.0, Avg: 4.0, Max: 4.1, Diff: 0.1, Sum: 16.1]
      [Termination (ms): Min: 0.0, Avg: 0.0, Max: 0.1, Diff: 0.1, Sum: 0.2]
         [Termination Attempts: Min: 1, Avg: 1.0, Max: 1, Diff: 0, Sum: 4]
      [GC Worker Other (ms): Min: 0.0, Avg: 0.0, Max: 0.0, Diff: 0.0, Sum: 0.0]
      [GC Worker Total (ms): Min: 6.1, Avg: 6.1, Max: 6.1, Diff: 0.0, Sum: 24.2]
      [GC Worker End (ms): Min: 221210.5, Avg: 221210.5, Max: 221210.5, Diff: 0.0]
   [Code Root Fixup: 0.0 ms]
   [Code Root Purge: 0.0 ms]
   [Clear CT: 0.0 ms]
   [Other: 0.6 ms]
      [Choose CSet: 0.0 ms]
      [Ref Proc: 0.1 ms]
      [Ref Enq: 0.0 ms]
      [Redirty Cards: 0.0 ms]
      [Humongous Register: 0.0 ms]
      [Humongous Reclaim: 0.0 ms]
      [Free CSet: 0.1 ms]
   [Eden: 75.0M(75.0M)->0.0B(43.0M) Survivors: 13.0M->11.0M Heap: 971.5M(1096.0M)->910.5M(1096.0M)]
 [Times: user=0.00 sys=0.00, real=0.01 secs] 
2016-06-27T20:28:38.939+0300: 221.211: Total time for which application threads were stopped: 0.0104083 seconds, Stopping threads took: 0.0028465 seconds
2016-06-27T20:28:39.316+0300: 221.588: [GC pause (G1 Evacuation Pause) (mixed)
Desired survivor size 3670016 bytes, new threshold 1 (max 15)
- age   1:   11086432 bytes,   11086432 total
, 0.0198808 secs]
   [Parallel Time: 18.5 ms, GC Workers: 4]
      [GC Worker Start (ms): Min: 221588.0, Avg: 221588.0, Max: 221588.0, Diff: 0.0]
      [Ext Root Scanning (ms): Min: 0.6, Avg: 0.6, Max: 0.6, Diff: 0.1, Sum: 2.4]
      [Update RS (ms): Min: 1.1, Avg: 1.1, Max: 1.1, Diff: 0.1, Sum: 4.4]
         [Processed Buffers: Min: 6, Avg: 8.8, Max: 12, Diff: 6, Sum: 35]
      [Scan RS (ms): Min: 2.8, Avg: 2.8, Max: 2.8, Diff: 0.0, Sum: 11.3]
      [Code Root Scanning (ms): Min: 0.0, Avg: 0.0, Max: 0.0, Diff: 0.0, Sum: 0.0]
      [Object Copy (ms): Min: 13.9, Avg: 13.9, Max: 13.9, Diff: 0.0, Sum: 55.5]
      [Termination (ms): Min: 0.0, Avg: 0.0, Max: 0.0, Diff: 0.0, Sum: 0.0]
         [Termination Attempts: Min: 1, Avg: 2.5, Max: 5, Diff: 4, Sum: 10]
      [GC Worker Other (ms): Min: 0.0, Avg: 0.0, Max: 0.0, Diff: 0.0, Sum: 0.1]
      [GC Worker Total (ms): Min: 18.4, Avg: 18.4, Max: 18.5, Diff: 0.0, Sum: 73.8]
      [GC Worker End (ms): Min: 221606.4, Avg: 221606.4, Max: 221606.4, Diff: 0.0]
   [Code Root Fixup: 0.0 ms]
   [Code Root Purge: 0.0 ms]
   [Clear CT: 0.2 ms]
   [Other: 1.2 ms]
      [Choose CSet: 0.2 ms]
      [Ref Proc: 0.1 ms]
      [Ref Enq: 0.0 ms]
      [Redirty Cards: 0.1 ms]
      [Humongous Register: 0.0 ms]
      [Humongous Reclaim: 0.0 ms]
      [Free CSet: 0.5 ms]
   [Eden: 43.0M(43.0M)->0.0B(47.0M) Survivors: 11.0M->7168.0K Heap: 953.5M(1096.0M)->876.5M(1096.0M)]
 [Times: user=0.13 sys=0.00, real=0.02 secs] 
2016-06-27T20:28:39.336+0300: 221.608: Total time for which application threads were stopped: 0.0235856 seconds, Stopping threads took: 0.0029033 seconds
2016-06-27T20:28:39.746+0300: 222.018: [GC pause (G1 Evacuation Pause) (mixed)
Desired survivor size 3670016 bytes, new threshold 1 (max 15)
- age   1:    6849976 bytes,    6849976 total
, 0.0244866 secs]
   [Parallel Time: 23.2 ms, GC Workers: 4]
      [GC Worker Start (ms): Min: 222018.3, Avg: 222018.3, Max: 222018.3, Diff: 0.0]
      [Ext Root Scanning (ms): Min: 0.6, Avg: 0.6, Max: 0.7, Diff: 0.1, Sum: 2.5]
      [Update RS (ms): Min: 8.7, Avg: 8.8, Max: 8.9, Diff: 0.2, Sum: 35.2]
         [Processed Buffers: Min: 11, Avg: 19.3, Max: 34, Diff: 23, Sum: 77]
      [Scan RS (ms): Min: 2.6, Avg: 2.9, Max: 3.0, Diff: 0.4, Sum: 11.5]
      [Code Root Scanning (ms): Min: 0.0, Avg: 0.1, Max: 0.2, Diff: 0.2, Sum: 0.2]
      [Object Copy (ms): Min: 10.8, Avg: 10.8, Max: 10.8, Diff: 0.0, Sum: 43.2]
      [Termination (ms): Min: 0.0, Avg: 0.0, Max: 0.0, Diff: 0.0, Sum: 0.0]
         [Termination Attempts: Min: 1, Avg: 1.8, Max: 3, Diff: 2, Sum: 7]
      [GC Worker Other (ms): Min: 0.0, Avg: 0.0, Max: 0.0, Diff: 0.0, Sum: 0.1]
      [GC Worker Total (ms): Min: 23.1, Avg: 23.2, Max: 23.2, Diff: 0.0, Sum: 92.6]
      [GC Worker End (ms): Min: 222041.4, Avg: 222041.4, Max: 222041.4, Diff: 0.0]
   [Code Root Fixup: 0.1 ms]
   [Code Root Purge: 0.0 ms]
   [Clear CT: 0.2 ms]
   [Other: 1.0 ms]
      [Choose CSet: 0.1 ms]
      [Ref Proc: 0.1 ms]
      [Ref Enq: 0.0 ms]
      [Redirty Cards: 0.1 ms]
      [Humongous Register: 0.0 ms]
      [Humongous Reclaim: 0.0 ms]
      [Free CSet: 0.4 ms]
   [Eden: 47.0M(47.0M)->0.0B(47.0M) Survivors: 7168.0K->7168.0K Heap: 923.5M(1096.0M)->864.0M(1096.0M)]
 [Times: user=0.08 sys=0.00, real=0.02 secs] 
2016-06-27T20:28:39.770+0300: 222.043: Total time for which application threads were stopped: 0.0282282 seconds, Stopping threads took: 0.0028606 seconds
2016-06-27T20:28:40.180+0300: 222.452: [GC pause (G1 Evacuation Pause) (young)
Desired survivor size 3670016 bytes, new threshold 1 (max 15)
- age   1:    7135200 bytes,    7135200 total
, 0.0127039 secs]
   [Parallel Time: 12.1 ms, GC Workers: 4]
      [GC Worker Start (ms): Min: 222451.9, Avg: 222451.9, Max: 222451.9, Diff: 0.0]
      [Ext Root Scanning (ms): Min: 0.6, Avg: 0.6, Max: 0.6, Diff: 0.1, Sum: 2.4]
      [Update RS (ms): Min: 9.1, Avg: 9.1, Max: 9.2, Diff: 0.1, Sum: 36.5]
         [Processed Buffers: Min: 11, Avg: 18.0, Max: 25, Diff: 14, Sum: 72]
      [Scan RS (ms): Min: 0.0, Avg: 0.0, Max: 0.0, Diff: 0.0, Sum: 0.0]
      [Code Root Scanning (ms): Min: 0.0, Avg: 0.0, Max: 0.0, Diff: 0.0, Sum: 0.0]
      [Object Copy (ms): Min: 2.2, Avg: 2.3, Max: 2.3, Diff: 0.1, Sum: 9.1]
      [Termination (ms): Min: 0.0, Avg: 0.0, Max: 0.0, Diff: 0.0, Sum: 0.0]
         [Termination Attempts: Min: 1, Avg: 1.0, Max: 1, Diff: 0, Sum: 4]
      [GC Worker Other (ms): Min: 0.0, Avg: 0.0, Max: 0.0, Diff: 0.0, Sum: 0.0]
      [GC Worker Total (ms): Min: 12.0, Avg: 12.0, Max: 12.0, Diff: 0.0, Sum: 48.1]
      [GC Worker End (ms): Min: 222463.9, Avg: 222463.9, Max: 222463.9, Diff: 0.0]
   [Code Root Fixup: 0.0 ms]
   [Code Root Purge: 0.0 ms]
   [Clear CT: 0.0 ms]
   [Other: 0.6 ms]
      [Choose CSet: 0.0 ms]
      [Ref Proc: 0.0 ms]
      [Ref Enq: 0.0 ms]
      [Redirty Cards: 0.0 ms]
      [Humongous Register: 0.0 ms]
      [Humongous Reclaim: 0.0 ms]
      [Free CSet: 0.1 ms]
   [Eden: 47.0M(47.0M)->0.0B(47.0M) Survivors: 7168.0K->7168.0K Heap: 911.0M(1096.0M)->873.0M(1096.0M)]
 [Times: user=0.01 sys=0.00, real=0.01 secs] 
2016-06-27T20:28:40.192+0300: 222.465: Total time for which application threads were stopped: 0.0177186 seconds, Stopping threads took: 0.0042282 seconds
2016-06-27T20:28:40.601+0300: 222.873: [GC pause (G1 Evacuation Pause) (young) (initial-mark)
Desired survivor size 3670016 bytes, new threshold 1 (max 15)
- age   1:    7028856 bytes,    7028856 total
, 0.0046824 secs]
   [Parallel Time: 4.0 ms, GC Workers: 4]
      [GC Worker Start (ms): Min: 222873.2, Avg: 222873.2, Max: 222873.2, Diff: 0.0]
      [Ext Root Scanning (ms): Min: 0.6, Avg: 0.6, Max: 0.7, Diff: 0.1, Sum: 2.6]
      [Update RS (ms): Min: 0.8, Avg: 0.9, Max: 1.1, Diff: 0.3, Sum: 3.7]
         [Processed Buffers: Min: 5, Avg: 10.8, Max: 20, Diff: 15, Sum: 43]
      [Scan RS (ms): Min: 0.0, Avg: 0.0, Max: 0.0, Diff: 0.0, Sum: 0.0]
      [Code Root Scanning (ms): Min: 0.0, Avg: 0.0, Max: 0.0, Diff: 0.0, Sum: 0.0]
      [Object Copy (ms): Min: 2.2, Avg: 2.4, Max: 2.5, Diff: 0.3, Sum: 9.5]
      [Termination (ms): Min: 0.0, Avg: 0.0, Max: 0.0, Diff: 0.0, Sum: 0.0]
         [Termination Attempts: Min: 1, Avg: 1.0, Max: 1, Diff: 0, Sum: 4]
      [GC Worker Other (ms): Min: 0.0, Avg: 0.0, Max: 0.0, Diff: 0.0, Sum: 0.1]
      [GC Worker Total (ms): Min: 4.0, Avg: 4.0, Max: 4.0, Diff: 0.0, Sum: 15.8]
      [GC Worker End (ms): Min: 222877.2, Avg: 222877.2, Max: 222877.2, Diff: 0.0]
   [Code Root Fixup: 0.0 ms]
   [Code Root Purge: 0.0 ms]
   [Clear CT: 0.0 ms]
   [Other: 0.6 ms]
      [Choose CSet: 0.0 ms]
      [Ref Proc: 0.0 ms]
      [Ref Enq: 0.0 ms]
      [Redirty Cards: 0.0 ms]
      [Humongous Register: 0.0 ms]
      [Humongous Reclaim: 0.0 ms]
      [Free CSet: 0.1 ms]
   [Eden: 47.0M(47.0M)->0.0B(88.0M) Survivors: 7168.0K->7168.0K Heap: 920.0M(1096.0M)->882.0M(1096.0M)]
 [Times: user=0.00 sys=0.00, real=0.00 secs] 
2016-06-27T20:28:40.606+0300: 222.878: [GC concurrent-root-region-scan-start]
2016-06-27T20:28:40.606+0300: 222.878: Total time for which application threads were stopped: 0.0078552 seconds, Stopping threads took: 0.0023371 seconds
2016-06-27T20:28:40.607+0300: 222.879: [GC concurrent-root-region-scan-end, 0.0008617 secs]
2016-06-27T20:28:40.607+0300: 222.879: [GC concurrent-mark-start]
2016-06-27T20:28:40.670+0300: 222.942: [GC concurrent-mark-end, 0.0634998 secs]
2016-06-27T20:28:40.678+0300: 222.950: [GC remark 2016-06-27T20:28:40.678+0300: 222.950: [Finalize Marking, 0.0002198 secs] 2016-06-27T20:28:40.678+0300: 222.950: [GC ref-proc, 0.0001073 secs] 2016-06-27T20:28:40.678+0300: 222.950: [Unloading, 0.0020994 secs], 0.0060505 secs]
 [Times: user=0.00 sys=0.00, real=0.01 secs] 
2016-06-27T20:28:40.684+0300: 222.956: Total time for which application threads were stopped: 0.0074147 seconds, Stopping threads took: 0.0007185 seconds
2016-06-27T20:28:41.344+0300: 223.616: [GC pause (G1 Evacuation Pause) (young)
Desired survivor size 6291456 bytes, new threshold 1 (max 15)
- age   1:    7149080 bytes,    7149080 total
, 0.0058439 secs]
   [Parallel Time: 5.2 ms, GC Workers: 4]
      [GC Worker Start (ms): Min: 223616.4, Avg: 223616.4, Max: 223616.4, Diff: 0.0]
      [Ext Root Scanning (ms): Min: 0.6, Avg: 0.6, Max: 0.7, Diff: 0.1, Sum: 2.4]
      [Update RS (ms): Min: 1.1, Avg: 1.2, Max: 1.2, Diff: 0.0, Sum: 4.6]
         [Processed Buffers: Min: 15, Avg: 26.3, Max: 37, Diff: 22, Sum: 105]
      [Scan RS (ms): Min: 0.0, Avg: 0.0, Max: 0.0, Diff: 0.0, Sum: 0.1]
      [Code Root Scanning (ms): Min: 0.0, Avg: 0.0, Max: 0.0, Diff: 0.0, Sum: 0.0]
      [Object Copy (ms): Min: 3.4, Avg: 3.4, Max: 3.5, Diff: 0.1, Sum: 13.7]
      [Termination (ms): Min: 0.0, Avg: 0.0, Max: 0.0, Diff: 0.0, Sum: 0.0]
         [Termination Attempts: Min: 1, Avg: 1.0, Max: 1, Diff: 0, Sum: 4]
      [GC Worker Other (ms): Min: 0.0, Avg: 0.0, Max: 0.0, Diff: 0.0, Sum: 0.1]
      [GC Worker Total (ms): Min: 5.2, Avg: 5.2, Max: 5.2, Diff: 0.0, Sum: 20.9]
      [GC Worker End (ms): Min: 223621.6, Avg: 223621.6, Max: 223621.6, Diff: 0.0]
   [Code Root Fixup: 0.0 ms]
   [Code Root Purge: 0.0 ms]
   [Clear CT: 0.0 ms]
   [Other: 0.5 ms]
      [Choose CSet: 0.0 ms]
      [Ref Proc: 0.0 ms]
      [Ref Enq: 0.0 ms]
      [Redirty Cards: 0.0 ms]
      [Humongous Register: 0.0 ms]
      [Humongous Reclaim: 0.0 ms]
      [Free CSet: 0.1 ms]
   [Eden: 88.0M(88.0M)->0.0B(74.0M) Survivors: 7168.0K->12.0M Heap: 970.0M(1096.0M)->898.5M(1096.0M)]
 [Times: user=0.06 sys=0.00, real=0.01 secs] 
2016-06-27T20:28:41.350+0300: 223.622: Total time for which application threads were stopped: 0.0105797 seconds, Stopping threads took: 0.0039669 seconds
2016-06-27T20:28:41.351+0300: 223.623: [GC cleanup 898M->897M(1096M), 0.0020985 secs]
 [Times: user=0.00 sys=0.00, real=0.00 secs] 
2016-06-27T20:28:41.353+0300: 223.625: Total time for which application threads were stopped: 0.0027712 seconds, Stopping threads took: 0.0000449 seconds
2016-06-27T20:28:41.353+0300: 223.625: [GC concurrent-cleanup-start]
2016-06-27T20:28:41.353+0300: 223.625: [GC concurrent-cleanup-end, 0.0000188 secs]
2016-06-27T20:28:41.998+0300: 224.270: [GC pause (G1 Evacuation Pause) (young)
Desired survivor size 5767168 bytes, new threshold 1 (max 15)
- age   1:   12154680 bytes,   12154680 total
, 0.0061698 secs]
   [Parallel Time: 5.6 ms, GC Workers: 4]
      [GC Worker Start (ms): Min: 224270.3, Avg: 224270.3, Max: 224270.3, Diff: 0.0]
      [Ext Root Scanning (ms): Min: 0.5, Avg: 0.6, Max: 0.6, Diff: 0.1, Sum: 2.3]
      [Update RS (ms): Min: 1.1, Avg: 1.2, Max: 1.3, Diff: 0.1, Sum: 4.9]
         [Processed Buffers: Min: 6, Avg: 16.3, Max: 29, Diff: 23, Sum: 65]
      [Scan RS (ms): Min: 0.0, Avg: 0.0, Max: 0.0, Diff: 0.0, Sum: 0.0]
      [Code Root Scanning (ms): Min: 0.0, Avg: 0.0, Max: 0.0, Diff: 0.0, Sum: 0.0]
      [Object Copy (ms): Min: 3.7, Avg: 3.8, Max: 3.8, Diff: 0.1, Sum: 15.1]
      [Termination (ms): Min: 0.0, Avg: 0.0, Max: 0.0, Diff: 0.0, Sum: 0.0]
         [Termination Attempts: Min: 1, Avg: 1.0, Max: 1, Diff: 0, Sum: 4]
      [GC Worker Other (ms): Min: 0.0, Avg: 0.0, Max: 0.0, Diff: 0.0, Sum: 0.1]
      [GC Worker Total (ms): Min: 5.6, Avg: 5.6, Max: 5.6, Diff: 0.0, Sum: 22.3]
      [GC Worker End (ms): Min: 224275.9, Avg: 224275.9, Max: 224275.9, Diff: 0.0]
   [Code Root Fixup: 0.0 ms]
   [Code Root Purge: 0.0 ms]
   [Clear CT: 0.0 ms]
   [Other: 0.5 ms]
      [Choose CSet: 0.0 ms]
      [Ref Proc: 0.0 ms]
      [Ref Enq: 0.0 ms]
      [Redirty Cards: 0.0 ms]
      [Humongous Register: 0.0 ms]
      [Humongous Reclaim: 0.0 ms]
      [Free CSet: 0.1 ms]
   [Eden: 74.0M(74.0M)->0.0B(43.0M) Survivors: 12.0M->11.0M Heap: 971.5M(1096.0M)->911.5M(1096.0M)]
 [Times: user=0.02 sys=0.00, real=0.01 secs] 
2016-06-27T20:28:42.005+0300: 224.277: Total time for which application threads were stopped: 0.0151129 seconds, Stopping threads took: 0.0080993 seconds
2016-06-27T20:28:42.374+0300: 224.646: [GC pause (G1 Evacuation Pause) (mixed)
Desired survivor size 3670016 bytes, new threshold 1 (max 15)
- age   1:   11120496 bytes,   11120496 total
, 0.0192628 secs]
   [Parallel Time: 17.8 ms, GC Workers: 4]
      [GC Worker Start (ms): Min: 224646.2, Avg: 224646.2, Max: 224646.2, Diff: 0.0]
      [Ext Root Scanning (ms): Min: 0.7, Avg: 0.7, Max: 0.9, Diff: 0.3, Sum: 2.9]
      [Update RS (ms): Min: 1.0, Avg: 1.0, Max: 1.1, Diff: 0.1, Sum: 4.0]
         [Processed Buffers: Min: 6, Avg: 9.3, Max: 18, Diff: 12, Sum: 37]
      [Scan RS (ms): Min: 2.7, Avg: 2.9, Max: 3.1, Diff: 0.4, Sum: 11.7]
      [Code Root Scanning (ms): Min: 0.0, Avg: 0.1, Max: 0.3, Diff: 0.3, Sum: 0.3]
      [Object Copy (ms): Min: 12.9, Avg: 13.0, Max: 13.1, Diff: 0.2, Sum: 52.1]
      [Termination (ms): Min: 0.0, Avg: 0.0, Max: 0.0, Diff: 0.0, Sum: 0.0]
         [Termination Attempts: Min: 1, Avg: 2.0, Max: 3, Diff: 2, Sum: 8]
      [GC Worker Other (ms): Min: 0.0, Avg: 0.0, Max: 0.0, Diff: 0.0, Sum: 0.1]
      [GC Worker Total (ms): Min: 17.8, Avg: 17.8, Max: 17.8, Diff: 0.0, Sum: 71.1]
      [GC Worker End (ms): Min: 224664.0, Avg: 224664.0, Max: 224664.0, Diff: 0.0]
   [Code Root Fixup: 0.1 ms]
   [Code Root Purge: 0.0 ms]
   [Clear CT: 0.2 ms]
   [Other: 1.2 ms]
      [Choose CSet: 0.2 ms]
      [Ref Proc: 0.0 ms]
      [Ref Enq: 0.0 ms]
      [Redirty Cards: 0.0 ms]
      [Humongous Register: 0.0 ms]
      [Humongous Reclaim: 0.0 ms]
      [Free CSet: 0.6 ms]
   [Eden: 43.0M(43.0M)->0.0B(47.0M) Survivors: 11.0M->7168.0K Heap: 954.5M(1096.0M)->870.0M(1096.0M)]
 [Times: user=0.05 sys=0.00, real=0.02 secs] 
2016-06-27T20:28:42.393+0300: 224.665: Total time for which application threads were stopped: 0.0292131 seconds, Stopping threads took: 0.0092656 seconds
2016-06-27T20:28:42.811+0300: 225.083: [GC pause (G1 Evacuation Pause) (mixed)
Desired survivor size 3670016 bytes, new threshold 1 (max 15)
- age   1:    6775072 bytes,    6775072 total
, 0.0282487 secs]
   [Parallel Time: 26.8 ms, GC Workers: 4]
      [GC Worker Start (ms): Min: 225083.8, Avg: 225083.8, Max: 225083.8, Diff: 0.0]
      [Ext Root Scanning (ms): Min: 0.5, Avg: 0.5, Max: 0.6, Diff: 0.2, Sum: 2.1]
      [Update RS (ms): Min: 8.6, Avg: 8.8, Max: 9.2, Diff: 0.6, Sum: 35.4]
         [Processed Buffers: Min: 9, Avg: 17.0, Max: 36, Diff: 27, Sum: 68]
      [Scan RS (ms): Min: 3.2, Avg: 3.6, Max: 3.8, Diff: 0.6, Sum: 14.4]
      [Code Root Scanning (ms): Min: 0.0, Avg: 0.0, Max: 0.0, Diff: 0.0, Sum: 0.0]
      [Object Copy (ms): Min: 13.7, Avg: 13.8, Max: 13.9, Diff: 0.1, Sum: 55.3]
      [Termination (ms): Min: 0.0, Avg: 0.0, Max: 0.0, Diff: 0.0, Sum: 0.0]
         [Termination Attempts: Min: 1, Avg: 1.0, Max: 1, Diff: 0, Sum: 4]
      [GC Worker Other (ms): Min: 0.0, Avg: 0.0, Max: 0.0, Diff: 0.0, Sum: 0.1]
      [GC Worker Total (ms): Min: 26.8, Avg: 26.8, Max: 26.8, Diff: 0.0, Sum: 107.3]
      [GC Worker End (ms): Min: 225110.6, Avg: 225110.6, Max: 225110.6, Diff: 0.0]
   [Code Root Fixup: 0.0 ms]
   [Code Root Purge: 0.0 ms]
   [Clear CT: 0.2 ms]
   [Other: 1.1 ms]
      [Choose CSet: 0.2 ms]
      [Ref Proc: 0.0 ms]
      [Ref Enq: 0.0 ms]
      [Redirty Cards: 0.1 ms]
      [Humongous Register: 0.0 ms]
      [Humongous Reclaim: 0.0 ms]
      [Free CSet: 0.5 ms]
   [Eden: 47.0M(47.0M)->0.0B(47.0M) Survivors: 7168.0K->7168.0K Heap: 917.0M(1096.0M)->847.0M(1096.0M)]
 [Times: user=0.13 sys=0.00, real=0.03 secs] 
2016-06-27T20:28:42.840+0300: 225.112: Total time for which application threads were stopped: 0.0360042 seconds, Stopping threads took: 0.0070738 seconds
2016-06-27T20:28:42.916+0300: 225.188: Total time for which application threads were stopped: 0.0096988 seconds, Stopping threads took: 0.0083795 seconds
2016-06-27T20:28:43.256+0300: 225.528: [GC pause (G1 Evacuation Pause) (young)
Desired survivor size 3670016 bytes, new threshold 1 (max 15)
- age   1:    6894936 bytes,    6894936 total
, 0.0141986 secs]
   [Parallel Time: 13.6 ms, GC Workers: 4]
      [GC Worker Start (ms): Min: 225528.5, Avg: 225528.5, Max: 225528.5, Diff: 0.0]
      [Ext Root Scanning (ms): Min: 0.5, Avg: 0.6, Max: 0.6, Diff: 0.1, Sum: 2.3]
      [Update RS (ms): Min: 10.4, Avg: 10.6, Max: 11.0, Diff: 0.7, Sum: 42.3]
         [Processed Buffers: Min: 13, Avg: 20.3, Max: 33, Diff: 20, Sum: 81]
      [Scan RS (ms): Min: 0.0, Avg: 0.0, Max: 0.0, Diff: 0.0, Sum: 0.0]
      [Code Root Scanning (ms): Min: 0.0, Avg: 0.0, Max: 0.0, Diff: 0.0, Sum: 0.0]
      [Object Copy (ms): Min: 1.8, Avg: 2.3, Max: 2.6, Diff: 0.7, Sum: 9.3]
      [Termination (ms): Min: 0.0, Avg: 0.0, Max: 0.0, Diff: 0.0, Sum: 0.0]
         [Termination Attempts: Min: 1, Avg: 1.0, Max: 1, Diff: 0, Sum: 4]
      [GC Worker Other (ms): Min: 0.0, Avg: 0.0, Max: 0.0, Diff: 0.0, Sum: 0.1]
      [GC Worker Total (ms): Min: 13.5, Avg: 13.5, Max: 13.5, Diff: 0.0, Sum: 53.9]
      [GC Worker End (ms): Min: 225542.0, Avg: 225542.0, Max: 225542.0, Diff: 0.0]
   [Code Root Fixup: 0.0 ms]
   [Code Root Purge: 0.0 ms]
   [Clear CT: 0.0 ms]
   [Other: 0.6 ms]
      [Choose CSet: 0.0 ms]
      [Ref Proc: 0.0 ms]
      [Ref Enq: 0.0 ms]
      [Redirty Cards: 0.0 ms]
      [Humongous Register: 0.0 ms]
      [Humongous Reclaim: 0.0 ms]
      [Free CSet: 0.1 ms]
   [Eden: 47.0M(47.0M)->0.0B(47.0M) Survivors: 7168.0K->7168.0K Heap: 894.0M(1096.0M)->856.0M(1096.0M)]
 [Times: user=0.02 sys=0.00, real=0.01 secs] 
2016-06-27T20:28:43.270+0300: 225.543: Total time for which application threads were stopped: 0.0194638 seconds, Stopping threads took: 0.0046875 seconds
2016-06-27T20:28:43.618+0300: 225.890: [GC pause (G1 Evacuation Pause) (young) (initial-mark)
Desired survivor size 3670016 bytes, new threshold 1 (max 15)
- age   1:    7045168 bytes,    7045168 total
, 0.0043454 secs]
   [Parallel Time: 3.6 ms, GC Workers: 4]
      [GC Worker Start (ms): Min: 225890.4, Avg: 225890.4, Max: 225890.4, Diff: 0.0]
      [Ext Root Scanning (ms): Min: 0.6, Avg: 0.6, Max: 0.8, Diff: 0.2, Sum: 2.5]
      [Update RS (ms): Min: 0.5, Avg: 0.6, Max: 0.8, Diff: 0.3, Sum: 2.3]
         [Processed Buffers: Min: 3, Avg: 8.0, Max: 19, Diff: 16, Sum: 32]
      [Scan RS (ms): Min: 0.0, Avg: 0.0, Max: 0.0, Diff: 0.0, Sum: 0.0]
      [Code Root Scanning (ms): Min: 0.0, Avg: 0.0, Max: 0.0, Diff: 0.0, Sum: 0.0]
      [Object Copy (ms): Min: 2.2, Avg: 2.3, Max: 2.4, Diff: 0.2, Sum: 9.3]
      [Termination (ms): Min: 0.0, Avg: 0.0, Max: 0.0, Diff: 0.0, Sum: 0.0]
         [Termination Attempts: Min: 1, Avg: 1.0, Max: 1, Diff: 0, Sum: 4]
      [GC Worker Other (ms): Min: 0.0, Avg: 0.0, Max: 0.0, Diff: 0.0, Sum: 0.1]
      [GC Worker Total (ms): Min: 3.5, Avg: 3.5, Max: 3.6, Diff: 0.0, Sum: 14.2]
      [GC Worker End (ms): Min: 225894.0, Avg: 225894.0, Max: 225894.0, Diff: 0.0]
   [Code Root Fixup: 0.0 ms]
   [Code Root Purge: 0.0 ms]
   [Clear CT: 0.0 ms]
   [Other: 0.7 ms]
      [Choose CSet: 0.0 ms]
      [Ref Proc: 0.1 ms]
      [Ref Enq: 0.0 ms]
      [Redirty Cards: 0.0 ms]
      [Humongous Register: 0.0 ms]
      [Humongous Reclaim: 0.0 ms]
      [Free CSet: 0.1 ms]
   [Eden: 47.0M(47.0M)->0.0B(103.0M) Survivors: 7168.0K->7168.0K Heap: 903.0M(1096.0M)->864.5M(1096.0M)]
 [Times: user=0.00 sys=0.00, real=0.00 secs] 
2016-06-27T20:28:43.623+0300: 225.895: [GC concurrent-root-region-scan-start]
2016-06-27T20:28:43.623+0300: 225.895: Total time for which application threads were stopped: 0.0114094 seconds, Stopping threads took: 0.0063378 seconds
2016-06-27T20:28:43.623+0300: 225.895: [GC concurrent-root-region-scan-end, 0.0006924 secs]
2016-06-27T20:28:43.623+0300: 225.895: [GC concurrent-mark-start]
2016-06-27T20:28:43.704+0300: 225.976: [GC concurrent-mark-end, 0.0801403 secs]
2016-06-27T20:28:43.728+0300: 226.000: [GC remark 2016-06-27T20:28:43.728+0300: 226.000: [Finalize Marking, 0.0002249 secs] 2016-06-27T20:28:43.728+0300: 226.001: [GC ref-proc, 0.0000954 secs] 2016-06-27T20:28:43.729+0300: 226.001: [Unloading, 0.0016435 secs], 0.0055467 secs]
 [Times: user=0.00 sys=0.00, real=0.01 secs] 
2016-06-27T20:28:43.734+0300: 226.006: Total time for which application threads were stopped: 0.0068151 seconds, Stopping threads took: 0.0008185 seconds
2016-06-27T20:28:43.735+0300: 226.007: [GC cleanup 880M->880M(1096M), 0.0020540 secs]
 [Times: user=0.00 sys=0.00, real=0.00 secs] 
2016-06-27T20:28:43.737+0300: 226.010: Total time for which application threads were stopped: 0.0026493 seconds, Stopping threads took: 0.0000689 seconds
2016-06-27T20:28:43.848+0300: 226.120: Total time for which application threads were stopped: 0.0061569 seconds, Stopping threads took: 0.0057485 seconds
2016-06-27T20:28:43.901+0300: 226.173: Total time for which application threads were stopped: 0.0024239 seconds, Stopping threads took: 0.0011641 seconds
2016-06-27T20:28:44.386+0300: 226.658: [GC pause (G1 Evacuation Pause) (young)
Desired survivor size 7340032 bytes, new threshold 15 (max 15)
- age   1:    7228896 bytes,    7228896 total
, 0.0062865 secs]
   [Parallel Time: 5.6 ms, GC Workers: 4]
      [GC Worker Start (ms): Min: 226657.8, Avg: 226657.8, Max: 226657.8, Diff: 0.0]
      [Ext Root Scanning (ms): Min: 0.5, Avg: 0.6, Max: 0.7, Diff: 0.3, Sum: 2.3]
      [Update RS (ms): Min: 0.9, Avg: 1.0, Max: 1.1, Diff: 0.1, Sum: 4.1]
         [Processed Buffers: Min: 13, Avg: 23.0, Max: 34, Diff: 21, Sum: 92]
      [Scan RS (ms): Min: 0.0, Avg: 0.0, Max: 0.0, Diff: 0.0, Sum: 0.1]
      [Code Root Scanning (ms): Min: 0.0, Avg: 0.0, Max: 0.0, Diff: 0.0, Sum: 0.0]
      [Object Copy (ms): Min: 3.8, Avg: 3.9, Max: 4.0, Diff: 0.1, Sum: 15.7]
      [Termination (ms): Min: 0.0, Avg: 0.0, Max: 0.0, Diff: 0.0, Sum: 0.0]
         [Termination Attempts: Min: 1, Avg: 1.0, Max: 1, Diff: 0, Sum: 4]
      [GC Worker Other (ms): Min: 0.0, Avg: 0.0, Max: 0.0, Diff: 0.0, Sum: 0.1]
      [GC Worker Total (ms): Min: 5.5, Avg: 5.5, Max: 5.5, Diff: 0.0, Sum: 22.2]
      [GC Worker End (ms): Min: 226663.3, Avg: 226663.3, Max: 226663.3, Diff: 0.0]
   [Code Root Fixup: 0.0 ms]
   [Code Root Purge: 0.0 ms]
   [Clear CT: 0.0 ms]
   [Other: 0.7 ms]
      [Choose CSet: 0.0 ms]
      [Ref Proc: 0.1 ms]
      [Ref Enq: 0.0 ms]
      [Redirty Cards: 0.0 ms]
      [Humongous Register: 0.0 ms]
      [Humongous Reclaim: 0.0 ms]
      [Free CSet: 0.1 ms]
   [Eden: 103.0M(103.0M)->0.0B(40.0M) Survivors: 7168.0K->14.0M Heap: 967.5M(1096.0M)->883.5M(1096.0M)]
 [Times: user=0.00 sys=0.00, real=0.01 secs] 
2016-06-27T20:28:44.392+0300: 226.664: Total time for which application threads were stopped: 0.0089286 seconds, Stopping threads took: 0.0020172 seconds
2016-06-27T20:28:44.725+0300: 226.997: [GC pause (G1 Evacuation Pause) (mixed)
Desired survivor size 3670016 bytes, new threshold 1 (max 15)
- age   1:   12782816 bytes,   12782816 total
- age   2:    1634464 bytes,   14417280 total
, 0.0212651 secs]
   [Parallel Time: 19.8 ms, GC Workers: 4]
      [GC Worker Start (ms): Min: 226997.5, Avg: 226997.5, Max: 226997.6, Diff: 0.0]
      [Ext Root Scanning (ms): Min: 0.6, Avg: 0.6, Max: 0.6, Diff: 0.1, Sum: 2.4]
      [Update RS (ms): Min: 1.0, Avg: 1.1, Max: 1.1, Diff: 0.1, Sum: 4.3]
         [Processed Buffers: Min: 4, Avg: 8.8, Max: 19, Diff: 15, Sum: 35]
      [Scan RS (ms): Min: 2.9, Avg: 3.0, Max: 3.1, Diff: 0.2, Sum: 12.1]
      [Code Root Scanning (ms): Min: 0.0, Avg: 0.0, Max: 0.1, Diff: 0.1, Sum: 0.1]
      [Object Copy (ms): Min: 15.0, Avg: 15.0, Max: 15.0, Diff: 0.0, Sum: 60.1]
      [Termination (ms): Min: 0.0, Avg: 0.0, Max: 0.0, Diff: 0.0, Sum: 0.0]
         [Termination Attempts: Min: 1, Avg: 2.5, Max: 4, Diff: 3, Sum: 10]
      [GC Worker Other (ms): Min: 0.0, Avg: 0.0, Max: 0.0, Diff: 0.0, Sum: 0.1]
      [GC Worker Total (ms): Min: 19.7, Avg: 19.8, Max: 19.8, Diff: 0.0, Sum: 79.0]
      [GC Worker End (ms): Min: 227017.3, Avg: 227017.3, Max: 227017.3, Diff: 0.0]
   [Code Root Fixup: 0.0 ms]
   [Code Root Purge: 0.0 ms]
   [Clear CT: 0.2 ms]
   [Other: 1.2 ms]
      [Choose CSet: 0.2 ms]
      [Ref Proc: 0.0 ms]
      [Ref Enq: 0.0 ms]
      [Redirty Cards: 0.1 ms]
      [Humongous Register: 0.0 ms]
      [Humongous Reclaim: 0.0 ms]
      [Free CSet: 0.6 ms]
   [Eden: 40.0M(40.0M)->0.0B(47.0M) Survivors: 14.0M->7168.0K Heap: 923.5M(1096.0M)->852.0M(1096.0M)]
 [Times: user=0.06 sys=0.00, real=0.02 secs] 
2016-06-27T20:28:44.746+0300: 227.019: Total time for which application threads were stopped: 0.0268255 seconds, Stopping threads took: 0.0048363 seconds
2016-06-27T20:28:45.153+0300: 227.425: [GC pause (G1 Evacuation Pause) (mixed)
Desired survivor size 3670016 bytes, new threshold 1 (max 15)
- age   1:    6755344 bytes,    6755344 total
, 0.0219109 secs]
   [Parallel Time: 20.9 ms, GC Workers: 4]
      [GC Worker Start (ms): Min: 227425.5, Avg: 227425.5, Max: 227425.5, Diff: 0.0]
      [Ext Root Scanning (ms): Min: 0.5, Avg: 0.6, Max: 0.6, Diff: 0.0, Sum: 2.2]
      [Update RS (ms): Min: 9.3, Avg: 9.4, Max: 9.6, Diff: 0.3, Sum: 37.7]
         [Processed Buffers: Min: 13, Avg: 18.8, Max: 31, Diff: 18, Sum: 75]
      [Scan RS (ms): Min: 2.3, Avg: 2.4, Max: 2.5, Diff: 0.3, Sum: 9.7]
      [Code Root Scanning (ms): Min: 0.0, Avg: 0.0, Max: 0.0, Diff: 0.0, Sum: 0.0]
      [Object Copy (ms): Min: 8.4, Avg: 8.4, Max: 8.4, Diff: 0.1, Sum: 33.6]
      [Termination (ms): Min: 0.0, Avg: 0.0, Max: 0.0, Diff: 0.0, Sum: 0.0]
         [Termination Attempts: Min: 1, Avg: 3.5, Max: 7, Diff: 6, Sum: 14]
      [GC Worker Other (ms): Min: 0.0, Avg: 0.0, Max: 0.0, Diff: 0.0, Sum: 0.1]
      [GC Worker Total (ms): Min: 20.8, Avg: 20.8, Max: 20.8, Diff: 0.0, Sum: 83.3]
      [GC Worker End (ms): Min: 227446.3, Avg: 227446.3, Max: 227446.3, Diff: 0.0]
   [Code Root Fixup: 0.0 ms]
   [Code Root Purge: 0.0 ms]
   [Clear CT: 0.2 ms]
   [Other: 0.8 ms]
      [Choose CSet: 0.1 ms]
      [Ref Proc: 0.0 ms]
      [Ref Enq: 0.0 ms]
      [Redirty Cards: 0.0 ms]
      [Humongous Register: 0.0 ms]
      [Humongous Reclaim: 0.0 ms]
      [Free CSet: 0.3 ms]
   [Eden: 47.0M(47.0M)->0.0B(47.0M) Survivors: 7168.0K->7168.0K Heap: 899.0M(1096.0M)->848.5M(1096.0M)]
 [Times: user=0.06 sys=0.00, real=0.02 secs] 
2016-06-27T20:28:45.175+0300: 227.447: Total time for which application threads were stopped: 0.0279139 seconds, Stopping threads took: 0.0052794 seconds
2016-06-27T20:28:45.492+0300: 227.763: [GC pause (G1 Evacuation Pause) (young)
Desired survivor size 3670016 bytes, new threshold 1 (max 15)
- age   1:    6982104 bytes,    6982104 total
, 0.0115501 secs]
   [Parallel Time: 10.9 ms, GC Workers: 4]
      [GC Worker Start (ms): Min: 227763.7, Avg: 227763.7, Max: 227763.7, Diff: 0.0]
      [Ext Root Scanning (ms): Min: 0.6, Avg: 0.6, Max: 0.6, Diff: 0.0, Sum: 2.3]
      [Update RS (ms): Min: 7.9, Avg: 7.9, Max: 8.0, Diff: 0.1, Sum: 31.7]
         [Processed Buffers: Min: 11, Avg: 18.8, Max: 36, Diff: 25, Sum: 75]
      [Scan RS (ms): Min: 0.0, Avg: 0.0, Max: 0.0, Diff: 0.0, Sum: 0.0]
      [Code Root Scanning (ms): Min: 0.0, Avg: 0.0, Max: 0.0, Diff: 0.0, Sum: 0.0]
      [Object Copy (ms): Min: 2.3, Avg: 2.3, Max: 2.3, Diff: 0.1, Sum: 9.2]
      [Termination (ms): Min: 0.0, Avg: 0.0, Max: 0.0, Diff: 0.0, Sum: 0.0]
         [Termination Attempts: Min: 1, Avg: 1.0, Max: 1, Diff: 0, Sum: 4]
      [GC Worker Other (ms): Min: 0.0, Avg: 0.0, Max: 0.0, Diff: 0.0, Sum: 0.0]
      [GC Worker Total (ms): Min: 10.8, Avg: 10.8, Max: 10.9, Diff: 0.0, Sum: 43.4]
      [GC Worker End (ms): Min: 227774.5, Avg: 227774.5, Max: 227774.5, Diff: 0.0]
   [Code Root Fixup: 0.0 ms]
   [Code Root Purge: 0.0 ms]
   [Clear CT: 0.0 ms]
   [Other: 0.6 ms]
      [Choose CSet: 0.0 ms]
      [Ref Proc: 0.0 ms]
      [Ref Enq: 0.0 ms]
      [Redirty Cards: 0.0 ms]
      [Humongous Register: 0.0 ms]
      [Humongous Reclaim: 0.0 ms]
      [Free CSet: 0.1 ms]
   [Eden: 47.0M(47.0M)->0.0B(109.0M) Survivors: 7168.0K->7168.0K Heap: 895.5M(1096.0M)->858.0M(1096.0M)]
 [Times: user=0.00 sys=0.00, real=0.01 secs] 
2016-06-27T20:28:45.503+0300: 227.775: Total time for which application threads were stopped: 0.0158788 seconds, Stopping threads took: 0.0036560 seconds
2016-06-27T20:28:45.903+0300: 228.175: Total time for which application threads were stopped: 0.0040396 seconds, Stopping threads took: 0.0026865 seconds
2016-06-27T20:28:46.348+0300: 228.620: [GC pause (G1 Evacuation Pause) (young) (initial-mark)
Desired survivor size 7864320 bytes, new threshold 15 (max 15)
- age   1:    6811808 bytes,    6811808 total
, 0.0063986 secs]
   [Parallel Time: 5.6 ms, GC Workers: 4]
      [GC Worker Start (ms): Min: 228620.3, Avg: 228620.3, Max: 228620.4, Diff: 0.0]
      [Ext Root Scanning (ms): Min: 0.5, Avg: 0.6, Max: 0.7, Diff: 0.3, Sum: 2.2]
      [Update RS (ms): Min: 0.8, Avg: 0.9, Max: 1.1, Diff: 0.3, Sum: 3.7]
         [Processed Buffers: Min: 4, Avg: 20.8, Max: 30, Diff: 26, Sum: 83]
      [Scan RS (ms): Min: 0.0, Avg: 0.0, Max: 0.0, Diff: 0.0, Sum: 0.1]
      [Code Root Scanning (ms): Min: 0.0, Avg: 0.0, Max: 0.0, Diff: 0.0, Sum: 0.0]
      [Object Copy (ms): Min: 3.9, Avg: 4.0, Max: 4.1, Diff: 0.2, Sum: 16.1]
      [Termination (ms): Min: 0.0, Avg: 0.0, Max: 0.0, Diff: 0.0, Sum: 0.1]
         [Termination Attempts: Min: 1, Avg: 1.0, Max: 1, Diff: 0, Sum: 4]
      [GC Worker Other (ms): Min: 0.0, Avg: 0.0, Max: 0.0, Diff: 0.0, Sum: 0.0]
      [GC Worker Total (ms): Min: 5.5, Avg: 5.6, Max: 5.6, Diff: 0.0, Sum: 22.2]
      [GC Worker End (ms): Min: 228625.9, Avg: 228625.9, Max: 228625.9, Diff: 0.0]
   [Code Root Fixup: 0.0 ms]
   [Code Root Purge: 0.0 ms]
   [Clear CT: 0.0 ms]
   [Other: 0.7 ms]
      [Choose CSet: 0.0 ms]
      [Ref Proc: 0.0 ms]
      [Ref Enq: 0.0 ms]
      [Redirty Cards: 0.0 ms]
      [Humongous Register: 0.0 ms]
      [Humongous Reclaim: 0.0 ms]
      [Free CSet: 0.1 ms]
   [Eden: 109.0M(109.0M)->0.0B(91.0M) Survivors: 7168.0K->15.0M Heap: 967.0M(1096.0M)->877.5M(1096.0M)]
 [Times: user=0.06 sys=0.00, real=0.01 secs] 
2016-06-27T20:28:46.355+0300: 228.627: [GC concurrent-root-region-scan-start]
2016-06-27T20:28:46.355+0300: 228.627: Total time for which application threads were stopped: 0.0128198 seconds, Stopping threads took: 0.0058007 seconds
2016-06-27T20:28:46.356+0300: 228.628: [GC concurrent-root-region-scan-end, 0.0010747 secs]
2016-06-27T20:28:46.356+0300: 228.628: [GC concurrent-mark-start]
2016-06-27T20:28:46.436+0300: 228.708: [GC concurrent-mark-end, 0.0763017 secs]
2016-06-27T20:28:46.452+0300: 228.724: [GC remark 2016-06-27T20:28:46.452+0300: 228.724: [Finalize Marking, 0.0002194 secs] 2016-06-27T20:28:46.453+0300: 228.725: [GC ref-proc, 0.0000907 secs] 2016-06-27T20:28:46.453+0300: 228.725: [Unloading, 0.0017098 secs], 0.0056142 secs]
 [Times: user=0.06 sys=0.00, real=0.01 secs] 
2016-06-27T20:28:46.458+0300: 228.730: Total time for which application threads were stopped: 0.0069395 seconds, Stopping threads took: 0.0008690 seconds
2016-06-27T20:28:47.099+0300: 229.371: [GC pause (G1 Evacuation Pause) (young)
Desired survivor size 7340032 bytes, new threshold 1 (max 15)
- age   1:   13572728 bytes,   13572728 total
- age   2:    1919648 bytes,   15492376 total
, 0.0072047 secs]
   [Parallel Time: 6.6 ms, GC Workers: 4]
      [GC Worker Start (ms): Min: 229371.2, Avg: 229371.2, Max: 229371.2, Diff: 0.0]
      [Ext Root Scanning (ms): Min: 0.5, Avg: 0.6, Max: 0.7, Diff: 0.1, Sum: 2.4]
      [Update RS (ms): Min: 1.2, Avg: 1.2, Max: 1.3, Diff: 0.1, Sum: 4.9]
         [Processed Buffers: Min: 7, Avg: 10.3, Max: 12, Diff: 5, Sum: 41]
      [Scan RS (ms): Min: 0.0, Avg: 0.0, Max: 0.0, Diff: 0.0, Sum: 0.1]
      [Code Root Scanning (ms): Min: 0.0, Avg: 0.0, Max: 0.0, Diff: 0.0, Sum: 0.0]
      [Object Copy (ms): Min: 4.6, Avg: 4.7, Max: 4.7, Diff: 0.2, Sum: 18.6]
      [Termination (ms): Min: 0.0, Avg: 0.0, Max: 0.0, Diff: 0.0, Sum: 0.0]
         [Termination Attempts: Min: 1, Avg: 1.0, Max: 1, Diff: 0, Sum: 4]
      [GC Worker Other (ms): Min: 0.0, Avg: 0.0, Max: 0.0, Diff: 0.0, Sum: 0.1]
      [GC Worker Total (ms): Min: 6.5, Avg: 6.5, Max: 6.5, Diff: 0.0, Sum: 26.1]
      [GC Worker End (ms): Min: 229377.8, Avg: 229377.8, Max: 229377.8, Diff: 0.0]
   [Code Root Fixup: 0.0 ms]
   [Code Root Purge: 0.0 ms]
   [Clear CT: 0.0 ms]
   [Other: 0.6 ms]
      [Choose CSet: 0.0 ms]
      [Ref Proc: 0.0 ms]
      [Ref Enq: 0.0 ms]
      [Redirty Cards: 0.0 ms]
      [Humongous Register: 0.0 ms]
      [Humongous Reclaim: 0.0 ms]
      [Free CSet: 0.1 ms]
   [Eden: 91.0M(91.0M)->0.0B(78.0M) Survivors: 15.0M->14.0M Heap: 968.5M(1096.0M)->893.0M(1096.0M)]
 [Times: user=0.00 sys=0.00, real=0.01 secs] 
2016-06-27T20:28:47.107+0300: 229.379: Total time for which application threads were stopped: 0.0121621 seconds, Stopping threads took: 0.0042616 seconds
2016-06-27T20:28:47.558+0300: 229.831: [GC cleanup 947M->947M(1096M), 0.0020694 secs]
 [Times: user=0.00 sys=0.00, real=0.00 secs] 
2016-06-27T20:28:47.561+0300: 229.833: Total time for which application threads were stopped: 0.0075904 seconds, Stopping threads took: 0.0049873 seconds
2016-06-27T20:28:47.774+0300: 230.046: [GC pause (G1 Evacuation Pause) (young)
Desired survivor size 6291456 bytes, new threshold 1 (max 15)
- age   1:   14436832 bytes,   14436832 total
, 0.0068887 secs]
   [Parallel Time: 6.3 ms, GC Workers: 4]
      [GC Worker Start (ms): Min: 230046.5, Avg: 230046.5, Max: 230046.5, Diff: 0.0]
      [Ext Root Scanning (ms): Min: 0.5, Avg: 0.5, Max: 0.6, Diff: 0.2, Sum: 2.2]
      [Update RS (ms): Min: 1.2, Avg: 1.3, Max: 1.5, Diff: 0.3, Sum: 5.4]
         [Processed Buffers: Min: 8, Avg: 12.8, Max: 17, Diff: 9, Sum: 51]
      [Scan RS (ms): Min: 0.0, Avg: 0.0, Max: 0.0, Diff: 0.0, Sum: 0.1]
      [Code Root Scanning (ms): Min: 0.0, Avg: 0.0, Max: 0.0, Diff: 0.0, Sum: 0.0]
      [Object Copy (ms): Min: 4.2, Avg: 4.3, Max: 4.3, Diff: 0.1, Sum: 17.3]
      [Termination (ms): Min: 0.0, Avg: 0.0, Max: 0.0, Diff: 0.0, Sum: 0.0]
         [Termination Attempts: Min: 1, Avg: 1.0, Max: 1, Diff: 0, Sum: 4]
      [GC Worker Other (ms): Min: 0.0, Avg: 0.0, Max: 0.0, Diff: 0.0, Sum: 0.1]
      [GC Worker Total (ms): Min: 6.2, Avg: 6.2, Max: 6.2, Diff: 0.0, Sum: 24.9]
      [GC Worker End (ms): Min: 230052.8, Avg: 230052.8, Max: 230052.8, Diff: 0.0]
   [Code Root Fixup: 0.0 ms]
   [Code Root Purge: 0.0 ms]
   [Clear CT: 0.0 ms]
   [Other: 0.6 ms]
      [Choose CSet: 0.0 ms]
      [Ref Proc: 0.0 ms]
      [Ref Enq: 0.0 ms]
      [Redirty Cards: 0.0 ms]
      [Humongous Register: 0.0 ms]
      [Humongous Reclaim: 0.0 ms]
      [Free CSet: 0.1 ms]
   [Eden: 78.0M(78.0M)->0.0B(42.0M) Survivors: 14.0M->12.0M Heap: 971.0M(1096.0M)->907.0M(1096.0M)]
 [Times: user=0.00 sys=0.00, real=0.01 secs] 
2016-06-27T20:28:47.781+0300: 230.053: Total time for which application threads were stopped: 0.0147383 seconds, Stopping threads took: 0.0072855 seconds
2016-06-27T20:28:47.904+0300: 230.176: Total time for which application threads were stopped: 0.0043065 seconds, Stopping threads took: 0.0022674 seconds
2016-06-27T20:28:48.135+0300: 230.407: [GC pause (G1 Evacuation Pause) (mixed)
Desired survivor size 3670016 bytes, new threshold 1 (max 15)
- age   1:   12397264 bytes,   12397264 total
, 0.0202700 secs]
   [Parallel Time: 19.0 ms, GC Workers: 4]
      [GC Worker Start (ms): Min: 230407.6, Avg: 230407.6, Max: 230407.6, Diff: 0.0]
      [Ext Root Scanning (ms): Min: 0.4, Avg: 0.5, Max: 0.7, Diff: 0.2, Sum: 2.0]
      [Update RS (ms): Min: 0.9, Avg: 1.1, Max: 1.3, Diff: 0.4, Sum: 4.3]
         [Processed Buffers: Min: 3, Avg: 6.0, Max: 13, Diff: 10, Sum: 24]
      [Scan RS (ms): Min: 3.0, Avg: 3.1, Max: 3.3, Diff: 0.3, Sum: 12.5]
      [Code Root Scanning (ms): Min: 0.0, Avg: 0.0, Max: 0.2, Diff: 0.2, Sum: 0.2]
      [Object Copy (ms): Min: 14.1, Avg: 14.2, Max: 14.2, Diff: 0.1, Sum: 56.6]
      [Termination (ms): Min: 0.0, Avg: 0.0, Max: 0.0, Diff: 0.0, Sum: 0.0]
         [Termination Attempts: Min: 1, Avg: 1.5, Max: 3, Diff: 2, Sum: 6]
      [GC Worker Other (ms): Min: 0.0, Avg: 0.0, Max: 0.0, Diff: 0.0, Sum: 0.1]
      [GC Worker Total (ms): Min: 18.9, Avg: 18.9, Max: 18.9, Diff: 0.0, Sum: 75.7]
      [GC Worker End (ms): Min: 230426.6, Avg: 230426.6, Max: 230426.6, Diff: 0.0]
   [Code Root Fixup: 0.0 ms]
   [Code Root Purge: 0.0 ms]
   [Clear CT: 0.2 ms]
   [Other: 1.0 ms]
      [Choose CSet: 0.2 ms]
      [Ref Proc: 0.0 ms]
      [Ref Enq: 0.0 ms]
      [Redirty Cards: 0.0 ms]
      [Humongous Register: 0.0 ms]
      [Humongous Reclaim: 0.0 ms]
      [Free CSet: 0.5 ms]
   [Eden: 42.0M(42.0M)->0.0B(47.0M) Survivors: 12.0M->7168.0K Heap: 949.0M(1096.0M)->871.5M(1096.0M)]
 [Times: user=0.06 sys=0.00, real=0.02 secs] 
2016-06-27T20:28:48.156+0300: 230.428: Total time for which application threads were stopped: 0.0245050 seconds, Stopping threads took: 0.0036098 seconds
2016-06-27T20:28:48.554+0300: 230.826: [GC pause (G1 Evacuation Pause) (mixed)
Desired survivor size 3670016 bytes, new threshold 1 (max 15)
- age   1:    6939888 bytes,    6939888 total
, 0.0220174 secs]
   [Parallel Time: 21.0 ms, GC Workers: 4]
      [GC Worker Start (ms): Min: 230825.8, Avg: 230825.9, Max: 230826.1, Diff: 0.3]
      [Ext Root Scanning (ms): Min: 0.6, Avg: 0.7, Max: 0.8, Diff: 0.3, Sum: 2.9]
      [Update RS (ms): Min: 10.6, Avg: 10.6, Max: 10.7, Diff: 0.1, Sum: 42.4]
         [Processed Buffers: Min: 12, Avg: 17.0, Max: 24, Diff: 12, Sum: 68]
      [Scan RS (ms): Min: 2.1, Avg: 2.4, Max: 3.2, Diff: 1.1, Sum: 9.8]
      [Code Root Scanning (ms): Min: 0.0, Avg: 0.0, Max: 0.0, Diff: 0.0, Sum: 0.0]
      [Object Copy (ms): Min: 6.4, Avg: 7.1, Max: 7.4, Diff: 1.0, Sum: 28.4]
      [Termination (ms): Min: 0.0, Avg: 0.0, Max: 0.0, Diff: 0.0, Sum: 0.0]
         [Termination Attempts: Min: 1, Avg: 3.0, Max: 5, Diff: 4, Sum: 12]
      [GC Worker Other (ms): Min: 0.0, Avg: 0.0, Max: 0.0, Diff: 0.0, Sum: 0.1]
      [GC Worker Total (ms): Min: 20.7, Avg: 20.9, Max: 21.0, Diff: 0.3, Sum: 83.6]
      [GC Worker End (ms): Min: 230846.8, Avg: 230846.8, Max: 230846.8, Diff: 0.0]
   [Code Root Fixup: 0.0 ms]
   [Code Root Purge: 0.0 ms]
   [Clear CT: 0.2 ms]
   [Other: 0.8 ms]
      [Choose CSet: 0.1 ms]
      [Ref Proc: 0.1 ms]
      [Ref Enq: 0.0 ms]
      [Redirty Cards: 0.1 ms]
      [Humongous Register: 0.0 ms]
      [Humongous Reclaim: 0.0 ms]
      [Free CSet: 0.2 ms]
   [Eden: 47.0M(47.0M)->0.0B(47.0M) Survivors: 7168.0K->7168.0K Heap: 918.5M(1096.0M)->867.0M(1096.0M)]
 [Times: user=0.06 sys=0.00, real=0.02 secs] 
2016-06-27T20:28:48.576+0300: 230.848: Total time for which application threads were stopped: 0.0272459 seconds, Stopping threads took: 0.0046379 seconds
2016-06-27T20:28:48.904+0300: 231.176: Total time for which application threads were stopped: 0.0043437 seconds, Stopping threads took: 0.0025924 seconds
2016-06-27T20:28:48.973+0300: 231.245: [GC pause (G1 Evacuation Pause) (young)
Desired survivor size 3670016 bytes, new threshold 1 (max 15)
- age   1:    7224120 bytes,    7224120 total
, 0.0095239 secs]
   [Parallel Time: 8.9 ms, GC Workers: 4]
      [GC Worker Start (ms): Min: 231245.8, Avg: 231245.8, Max: 231245.8, Diff: 0.0]
      [Ext Root Scanning (ms): Min: 0.4, Avg: 0.5, Max: 0.6, Diff: 0.2, Sum: 1.9]
      [Update RS (ms): Min: 6.0, Avg: 6.1, Max: 6.2, Diff: 0.2, Sum: 24.4]
         [Processed Buffers: Min: 6, Avg: 12.3, Max: 23, Diff: 17, Sum: 49]
      [Scan RS (ms): Min: 0.0, Avg: 0.0, Max: 0.0, Diff: 0.0, Sum: 0.0]
      [Code Root Scanning (ms): Min: 0.0, Avg: 0.0, Max: 0.0, Diff: 0.0, Sum: 0.0]
      [Object Copy (ms): Min: 2.2, Avg: 2.2, Max: 2.3, Diff: 0.1, Sum: 8.9]
      [Termination (ms): Min: 0.0, Avg: 0.0, Max: 0.0, Diff: 0.0, Sum: 0.0]
         [Termination Attempts: Min: 1, Avg: 1.0, Max: 1, Diff: 0, Sum: 4]
      [GC Worker Other (ms): Min: 0.0, Avg: 0.0, Max: 0.0, Diff: 0.0, Sum: 0.0]
      [GC Worker Total (ms): Min: 8.8, Avg: 8.8, Max: 8.8, Diff: 0.0, Sum: 35.3]
      [GC Worker End (ms): Min: 231254.6, Avg: 231254.6, Max: 231254.6, Diff: 0.0]
   [Code Root Fixup: 0.0 ms]
   [Code Root Purge: 0.0 ms]
   [Clear CT: 0.0 ms]
   [Other: 0.6 ms]
      [Choose CSet: 0.0 ms]
      [Ref Proc: 0.0 ms]
      [Ref Enq: 0.0 ms]
      [Redirty Cards: 0.0 ms]
      [Humongous Register: 0.0 ms]
      [Humongous Reclaim: 0.0 ms]
      [Free CSet: 0.1 ms]
   [Eden: 47.0M(47.0M)->0.0B(93.0M) Survivors: 7168.0K->7168.0K Heap: 914.0M(1096.0M)->875.5M(1096.0M)]
 [Times: user=0.00 sys=0.00, real=0.01 secs] 
2016-06-27T20:28:48.983+0300: 231.255: Total time for which application threads were stopped: 0.0129169 seconds, Stopping threads took: 0.0028388 seconds
2016-06-27T20:28:49.777+0300: 232.049: [GC pause (G1 Evacuation Pause) (young) (initial-mark)
Desired survivor size 6815744 bytes, new threshold 1 (max 15)
- age   1:    7217272 bytes,    7217272 total
, 0.0060872 secs]
   [Parallel Time: 5.2 ms, GC Workers: 4]
      [GC Worker Start (ms): Min: 232049.6, Avg: 232049.6, Max: 232049.6, Diff: 0.0]
      [Ext Root Scanning (ms): Min: 0.5, Avg: 0.6, Max: 0.6, Diff: 0.1, Sum: 2.3]
      [Update RS (ms): Min: 0.9, Avg: 0.9, Max: 1.0, Diff: 0.1, Sum: 3.7]
         [Processed Buffers: Min: 11, Avg: 25.3, Max: 43, Diff: 32, Sum: 101]
      [Scan RS (ms): Min: 0.0, Avg: 0.0, Max: 0.0, Diff: 0.0, Sum: 0.1]
      [Code Root Scanning (ms): Min: 0.0, Avg: 0.0, Max: 0.0, Diff: 0.0, Sum: 0.0]
      [Object Copy (ms): Min: 3.6, Avg: 3.6, Max: 3.7, Diff: 0.1, Sum: 14.6]
      [Termination (ms): Min: 0.0, Avg: 0.0, Max: 0.0, Diff: 0.0, Sum: 0.0]
         [Termination Attempts: Min: 1, Avg: 1.0, Max: 1, Diff: 0, Sum: 4]
      [GC Worker Other (ms): Min: 0.0, Avg: 0.0, Max: 0.0, Diff: 0.0, Sum: 0.1]
      [GC Worker Total (ms): Min: 5.2, Avg: 5.2, Max: 5.2, Diff: 0.0, Sum: 20.7]
      [GC Worker End (ms): Min: 232054.8, Avg: 232054.8, Max: 232054.8, Diff: 0.0]
   [Code Root Fixup: 0.0 ms]
   [Code Root Purge: 0.0 ms]
   [Clear CT: 0.0 ms]
   [Other: 0.8 ms]
      [Choose CSet: 0.0 ms]
      [Ref Proc: 0.1 ms]
      [Ref Enq: 0.0 ms]
      [Redirty Cards: 0.0 ms]
      [Humongous Register: 0.0 ms]
      [Humongous Reclaim: 0.0 ms]
      [Free CSet: 0.1 ms]
   [Eden: 93.0M(93.0M)->0.0B(79.0M) Survivors: 7168.0K->13.0M Heap: 968.5M(1096.0M)->893.0M(1096.0M)]
 [Times: user=0.00 sys=0.00, real=0.01 secs] 
2016-06-27T20:28:49.784+0300: 232.056: [GC concurrent-root-region-scan-start]
2016-06-27T20:28:49.784+0300: 232.056: Total time for which application threads were stopped: 0.0114316 seconds, Stopping threads took: 0.0046837 seconds
2016-06-27T20:28:49.785+0300: 232.057: [GC concurrent-root-region-scan-end, 0.0011440 secs]
2016-06-27T20:28:49.785+0300: 232.057: [GC concurrent-mark-start]
2016-06-27T20:28:49.860+0300: 232.131: [GC concurrent-mark-end, 0.0712352 secs]
2016-06-27T20:28:49.886+0300: 232.158: [GC remark 2016-06-27T20:28:49.886+0300: 232.158: [Finalize Marking, 0.0002609 secs] 2016-06-27T20:28:49.886+0300: 232.158: [GC ref-proc, 0.0001001 secs] 2016-06-27T20:28:49.886+0300: 232.158: [Unloading, 0.0017812 secs], 0.0058080 secs]
 [Times: user=0.00 sys=0.00, real=0.01 secs] 
2016-06-27T20:28:49.892+0300: 232.164: Total time for which application threads were stopped: 0.0101718 seconds, Stopping threads took: 0.0038446 seconds
2016-06-27T20:28:49.895+0300: 232.166: [GC cleanup 908M->908M(1096M), 0.0020959 secs]
 [Times: user=0.06 sys=0.00, real=0.00 secs] 
2016-06-27T20:28:49.897+0300: 232.169: Total time for which application threads were stopped: 0.0027019 seconds, Stopping threads took: 0.0000757 seconds
2016-06-27T20:28:49.903+0300: 232.175: Total time for which application threads were stopped: 0.0026433 seconds, Stopping threads took: 0.0000718 seconds
2016-06-27T20:28:49.905+0300: 232.177: Total time for which application threads were stopped: 0.0019159 seconds, Stopping threads took: 0.0000667 seconds
2016-06-27T20:28:49.907+0300: 232.179: Total time for which application threads were stopped: 0.0016439 seconds, Stopping threads took: 0.0000573 seconds
2016-06-27T20:28:50.392+0300: 232.664: [GC pause (G1 Evacuation Pause) (young)
Desired survivor size 6291456 bytes, new threshold 1 (max 15)
- age   1:   13434104 bytes,   13434104 total
, 0.0061817 secs]
   [Parallel Time: 5.6 ms, GC Workers: 4]
      [GC Worker Start (ms): Min: 232664.4, Avg: 232664.4, Max: 232664.4, Diff: 0.0]
      [Ext Root Scanning (ms): Min: 0.5, Avg: 0.6, Max: 0.7, Diff: 0.2, Sum: 2.3]
      [Update RS (ms): Min: 0.8, Avg: 0.9, Max: 1.0, Diff: 0.3, Sum: 3.6]
         [Processed Buffers: Min: 3, Avg: 11.8, Max: 23, Diff: 20, Sum: 47]
      [Scan RS (ms): Min: 0.0, Avg: 0.0, Max: 0.0, Diff: 0.0, Sum: 0.1]
      [Code Root Scanning (ms): Min: 0.0, Avg: 0.0, Max: 0.0, Diff: 0.0, Sum: 0.0]
      [Object Copy (ms): Min: 3.9, Avg: 4.0, Max: 4.1, Diff: 0.2, Sum: 16.0]
      [Termination (ms): Min: 0.0, Avg: 0.0, Max: 0.0, Diff: 0.0, Sum: 0.0]
         [Termination Attempts: Min: 1, Avg: 1.0, Max: 1, Diff: 0, Sum: 4]
      [GC Worker Other (ms): Min: 0.0, Avg: 0.0, Max: 0.0, Diff: 0.0, Sum: 0.0]
      [GC Worker Total (ms): Min: 5.5, Avg: 5.5, Max: 5.5, Diff: 0.0, Sum: 22.0]
      [GC Worker End (ms): Min: 232669.9, Avg: 232669.9, Max: 232669.9, Diff: 0.0]
   [Code Root Fixup: 0.0 ms]
   [Code Root Purge: 0.0 ms]
   [Clear CT: 0.0 ms]
   [Other: 0.6 ms]
      [Choose CSet: 0.0 ms]
      [Ref Proc: 0.1 ms]
      [Ref Enq: 0.0 ms]
      [Redirty Cards: 0.0 ms]
      [Humongous Register: 0.0 ms]
      [Humongous Reclaim: 0.0 ms]
      [Free CSet: 0.1 ms]
   [Eden: 79.0M(79.0M)->0.0B(42.0M) Survivors: 13.0M->12.0M Heap: 972.0M(1096.0M)->907.0M(1096.0M)]
 [Times: user=0.06 sys=0.00, real=0.01 secs] 
2016-06-27T20:28:50.398+0300: 232.671: Total time for which application threads were stopped: 0.0086724 seconds, Stopping threads took: 0.0018466 seconds
2016-06-27T20:28:50.749+0300: 233.021: [GC pause (G1 Evacuation Pause) (mixed)
Desired survivor size 3670016 bytes, new threshold 1 (max 15)
- age   1:   12286552 bytes,   12286552 total
, 0.0203499 secs]
   [Parallel Time: 19.0 ms, GC Workers: 4]
      [GC Worker Start (ms): Min: 233021.1, Avg: 233021.1, Max: 233021.2, Diff: 0.0]
      [Ext Root Scanning (ms): Min: 0.5, Avg: 0.6, Max: 0.6, Diff: 0.1, Sum: 2.2]
      [Update RS (ms): Min: 0.9, Avg: 1.0, Max: 1.0, Diff: 0.1, Sum: 3.9]
         [Processed Buffers: Min: 3, Avg: 9.3, Max: 17, Diff: 14, Sum: 37]
      [Scan RS (ms): Min: 2.9, Avg: 3.0, Max: 3.0, Diff: 0.1, Sum: 11.8]
      [Code Root Scanning (ms): Min: 0.0, Avg: 0.1, Max: 0.1, Diff: 0.1, Sum: 0.2]
      [Object Copy (ms): Min: 14.3, Avg: 14.4, Max: 14.4, Diff: 0.1, Sum: 57.5]
      [Termination (ms): Min: 0.0, Avg: 0.0, Max: 0.0, Diff: 0.0, Sum: 0.0]
         [Termination Attempts: Min: 1, Avg: 1.0, Max: 1, Diff: 0, Sum: 4]
      [GC Worker Other (ms): Min: 0.0, Avg: 0.0, Max: 0.0, Diff: 0.0, Sum: 0.0]
      [GC Worker Total (ms): Min: 18.9, Avg: 18.9, Max: 18.9, Diff: 0.0, Sum: 75.7]
      [GC Worker End (ms): Min: 233040.1, Avg: 233040.1, Max: 233040.1, Diff: 0.0]
   [Code Root Fixup: 0.1 ms]
   [Code Root Purge: 0.0 ms]
   [Clear CT: 0.2 ms]
   [Other: 1.1 ms]
      [Choose CSet: 0.2 ms]
      [Ref Proc: 0.1 ms]
      [Ref Enq: 0.0 ms]
      [Redirty Cards: 0.0 ms]
      [Humongous Register: 0.0 ms]
      [Humongous Reclaim: 0.0 ms]
      [Free CSet: 0.5 ms]
   [Eden: 42.0M(42.0M)->0.0B(47.0M) Survivors: 12.0M->7168.0K Heap: 949.0M(1096.0M)->874.0M(1096.0M)]
 [Times: user=0.06 sys=0.00, real=0.02 secs] 
2016-06-27T20:28:50.769+0300: 233.041: Total time for which application threads were stopped: 0.0235501 seconds, Stopping threads took: 0.0025492 seconds
2016-06-27T20:28:51.179+0300: 233.451: [GC pause (G1 Evacuation Pause) (mixed)
Desired survivor size 3670016 bytes, new threshold 1 (max 15)
- age   1:    7098344 bytes,    7098344 total
, 0.0229514 secs]
   [Parallel Time: 21.8 ms, GC Workers: 4]
      [GC Worker Start (ms): Min: 233451.4, Avg: 233451.4, Max: 233451.4, Diff: 0.0]
      [Ext Root Scanning (ms): Min: 0.6, Avg: 0.6, Max: 0.7, Diff: 0.1, Sum: 2.5]
      [Update RS (ms): Min: 8.2, Avg: 8.4, Max: 8.9, Diff: 0.7, Sum: 33.6]
         [Processed Buffers: Min: 11, Avg: 18.3, Max: 26, Diff: 15, Sum: 73]
      [Scan RS (ms): Min: 2.4, Avg: 2.9, Max: 3.1, Diff: 0.7, Sum: 11.5]
      [Code Root Scanning (ms): Min: 0.0, Avg: 0.0, Max: 0.0, Diff: 0.0, Sum: 0.0]
      [Object Copy (ms): Min: 9.8, Avg: 9.8, Max: 9.8, Diff: 0.0, Sum: 39.2]
      [Termination (ms): Min: 0.0, Avg: 0.0, Max: 0.0, Diff: 0.0, Sum: 0.0]
         [Termination Attempts: Min: 1, Avg: 1.0, Max: 1, Diff: 0, Sum: 4]
      [GC Worker Other (ms): Min: 0.0, Avg: 0.0, Max: 0.0, Diff: 0.0, Sum: 0.1]
      [GC Worker Total (ms): Min: 21.7, Avg: 21.7, Max: 21.7, Diff: 0.0, Sum: 86.9]
      [GC Worker End (ms): Min: 233473.1, Avg: 233473.1, Max: 233473.1, Diff: 0.0]
   [Code Root Fixup: 0.0 ms]
   [Code Root Purge: 0.0 ms]
   [Clear CT: 0.2 ms]
   [Other: 0.9 ms]
      [Choose CSet: 0.1 ms]
      [Ref Proc: 0.0 ms]
      [Ref Enq: 0.0 ms]
      [Redirty Cards: 0.0 ms]
      [Humongous Register: 0.0 ms]
      [Humongous Reclaim: 0.0 ms]
      [Free CSet: 0.3 ms]
   [Eden: 47.0M(47.0M)->0.0B(47.0M) Survivors: 7168.0K->7168.0K Heap: 921.0M(1096.0M)->864.0M(1096.0M)]
 [Times: user=0.06 sys=0.00, real=0.02 secs] 
2016-06-27T20:28:51.202+0300: 233.474: Total time for which application threads were stopped: 0.0279558 seconds, Stopping threads took: 0.0043120 seconds
2016-06-27T20:28:51.612+0300: 233.885: [GC pause (G1 Evacuation Pause) (young)
Desired survivor size 3670016 bytes, new threshold 1 (max 15)
- age   1:    7203624 bytes,    7203624 total
, 0.0119106 secs]
   [Parallel Time: 11.3 ms, GC Workers: 4]
      [GC Worker Start (ms): Min: 233884.8, Avg: 233884.8, Max: 233884.9, Diff: 0.0]
      [Ext Root Scanning (ms): Min: 0.6, Avg: 0.6, Max: 0.7, Diff: 0.1, Sum: 2.4]
      [Update RS (ms): Min: 8.2, Avg: 8.5, Max: 9.0, Diff: 0.8, Sum: 34.0]
         [Processed Buffers: Min: 9, Avg: 21.3, Max: 49, Diff: 40, Sum: 85]
      [Scan RS (ms): Min: 0.0, Avg: 0.0, Max: 0.0, Diff: 0.0, Sum: 0.0]
      [Code Root Scanning (ms): Min: 0.0, Avg: 0.0, Max: 0.0, Diff: 0.0, Sum: 0.0]
      [Object Copy (ms): Min: 1.7, Avg: 2.1, Max: 2.3, Diff: 0.7, Sum: 8.4]
      [Termination (ms): Min: 0.0, Avg: 0.0, Max: 0.0, Diff: 0.0, Sum: 0.0]
         [Termination Attempts: Min: 1, Avg: 1.0, Max: 1, Diff: 0, Sum: 4]
      [GC Worker Other (ms): Min: 0.0, Avg: 0.0, Max: 0.0, Diff: 0.0, Sum: 0.0]
      [GC Worker Total (ms): Min: 11.2, Avg: 11.2, Max: 11.2, Diff: 0.0, Sum: 45.0]
      [GC Worker End (ms): Min: 233896.1, Avg: 233896.1, Max: 233896.1, Diff: 0.0]
   [Code Root Fixup: 0.0 ms]
   [Code Root Purge: 0.0 ms]
   [Clear CT: 0.0 ms]
   [Other: 0.6 ms]
      [Choose CSet: 0.0 ms]
      [Ref Proc: 0.0 ms]
      [Ref Enq: 0.0 ms]
      [Redirty Cards: 0.0 ms]
      [Humongous Register: 0.0 ms]
      [Humongous Reclaim: 0.0 ms]
      [Free CSet: 0.1 ms]
   [Eden: 47.0M(47.0M)->0.0B(95.0M) Survivors: 7168.0K->7168.0K Heap: 911.0M(1096.0M)->873.5M(1096.0M)]
 [Times: user=0.06 sys=0.00, real=0.01 secs] 
2016-06-27T20:28:51.625+0300: 233.897: Total time for which application threads were stopped: 0.0188510 seconds, Stopping threads took: 0.0061967 seconds
2016-06-27T20:28:52.110+0300: 234.382: Total time for which application threads were stopped: 0.0075378 seconds, Stopping threads took: 0.0060748 seconds
2016-06-27T20:28:52.431+0300: 234.703: [GC pause (G1 Evacuation Pause) (young) (initial-mark)
Desired survivor size 6815744 bytes, new threshold 1 (max 15)
- age   1:    7201240 bytes,    7201240 total
, 0.0059213 secs]
   [Parallel Time: 5.1 ms, GC Workers: 4]
      [GC Worker Start (ms): Min: 234703.4, Avg: 234703.4, Max: 234703.4, Diff: 0.0]
      [Ext Root Scanning (ms): Min: 0.5, Avg: 0.5, Max: 0.7, Diff: 0.2, Sum: 2.2]
      [Update RS (ms): Min: 0.8, Avg: 0.9, Max: 1.0, Diff: 0.2, Sum: 3.5]
         [Processed Buffers: Min: 2, Avg: 15.8, Max: 22, Diff: 20, Sum: 63]
      [Scan RS (ms): Min: 0.0, Avg: 0.0, Max: 0.0, Diff: 0.0, Sum: 0.1]
      [Code Root Scanning (ms): Min: 0.0, Avg: 0.0, Max: 0.0, Diff: 0.0, Sum: 0.0]
      [Object Copy (ms): Min: 3.5, Avg: 3.6, Max: 3.7, Diff: 0.1, Sum: 14.5]
      [Termination (ms): Min: 0.0, Avg: 0.0, Max: 0.0, Diff: 0.0, Sum: 0.0]
         [Termination Attempts: Min: 1, Avg: 1.0, Max: 1, Diff: 0, Sum: 4]
      [GC Worker Other (ms): Min: 0.0, Avg: 0.0, Max: 0.0, Diff: 0.0, Sum: 0.1]
      [GC Worker Total (ms): Min: 5.1, Avg: 5.1, Max: 5.1, Diff: 0.0, Sum: 20.3]
      [GC Worker End (ms): Min: 234708.4, Avg: 234708.4, Max: 234708.5, Diff: 0.0]
   [Code Root Fixup: 0.0 ms]
   [Code Root Purge: 0.0 ms]
   [Clear CT: 0.1 ms]
   [Other: 0.7 ms]
      [Choose CSet: 0.0 ms]
      [Ref Proc: 0.0 ms]
      [Ref Enq: 0.0 ms]
      [Redirty Cards: 0.0 ms]
      [Humongous Register: 0.0 ms]
      [Humongous Reclaim: 0.0 ms]
      [Free CSet: 0.1 ms]
   [Eden: 95.0M(95.0M)->0.0B(80.0M) Survivors: 7168.0K->13.0M Heap: 968.5M(1096.0M)->890.5M(1096.0M)]
 [Times: user=0.00 sys=0.00, real=0.01 secs] 
2016-06-27T20:28:52.437+0300: 234.709: [GC concurrent-root-region-scan-start]
2016-06-27T20:28:52.437+0300: 234.709: Total time for which application threads were stopped: 0.0102774 seconds, Stopping threads took: 0.0037616 seconds
2016-06-27T20:28:52.438+0300: 234.710: [GC concurrent-root-region-scan-end, 0.0012761 secs]
2016-06-27T20:28:52.438+0300: 234.711: [GC concurrent-mark-start]
2016-06-27T20:28:52.512+0300: 234.784: [GC concurrent-mark-end, 0.0698103 secs]
2016-06-27T20:28:52.544+0300: 234.816: [GC remark 2016-06-27T20:28:52.544+0300: 234.816: [Finalize Marking, 0.0001920 secs] 2016-06-27T20:28:52.544+0300: 234.816: [GC ref-proc, 0.0000911 secs] 2016-06-27T20:28:52.544+0300: 234.816: [Unloading, 0.0017098 secs], 0.0058225 secs]
 [Times: user=0.00 sys=0.00, real=0.01 secs] 
2016-06-27T20:28:52.550+0300: 234.822: Total time for which application threads were stopped: 0.0133035 seconds, Stopping threads took: 0.0070490 seconds
2016-06-27T20:28:53.102+0300: 235.374: [GC cleanup 969M->969M(1096M), 0.0020540 secs]
 [Times: user=0.00 sys=0.00, real=0.00 secs] 
2016-06-27T20:28:53.104+0300: 235.376: Total time for which application threads were stopped: 0.0117584 seconds, Stopping threads took: 0.0092035 seconds
2016-06-27T20:28:53.107+0300: 235.379: [GC pause (G1 Evacuation Pause) (young)
Desired survivor size 6291456 bytes, new threshold 1 (max 15)
- age   1:   13443232 bytes,   13443232 total
, 0.0062416 secs]
   [Parallel Time: 5.5 ms, GC Workers: 4]
      [GC Worker Start (ms): Min: 235379.5, Avg: 235379.5, Max: 235379.6, Diff: 0.0]
      [Ext Root Scanning (ms): Min: 0.5, Avg: 0.6, Max: 0.7, Diff: 0.2, Sum: 2.3]
      [Update RS (ms): Min: 0.8, Avg: 0.9, Max: 1.0, Diff: 0.2, Sum: 3.4]
         [Processed Buffers: Min: 2, Avg: 8.5, Max: 19, Diff: 17, Sum: 34]
      [Scan RS (ms): Min: 0.0, Avg: 0.0, Max: 0.0, Diff: 0.0, Sum: 0.1]
      [Code Root Scanning (ms): Min: 0.0, Avg: 0.0, Max: 0.0, Diff: 0.0, Sum: 0.0]
      [Object Copy (ms): Min: 4.0, Avg: 4.1, Max: 4.1, Diff: 0.2, Sum: 16.2]
      [Termination (ms): Min: 0.0, Avg: 0.0, Max: 0.0, Diff: 0.0, Sum: 0.0]
         [Termination Attempts: Min: 1, Avg: 1.0, Max: 1, Diff: 0, Sum: 4]
      [GC Worker Other (ms): Min: 0.0, Avg: 0.0, Max: 0.0, Diff: 0.0, Sum: 0.0]
      [GC Worker Total (ms): Min: 5.5, Avg: 5.5, Max: 5.5, Diff: 0.0, Sum: 22.1]
      [GC Worker End (ms): Min: 235385.1, Avg: 235385.1, Max: 235385.1, Diff: 0.0]
   [Code Root Fixup: 0.0 ms]
   [Code Root Purge: 0.0 ms]
   [Clear CT: 0.1 ms]
   [Other: 0.6 ms]
      [Choose CSet: 0.0 ms]
      [Ref Proc: 0.1 ms]
      [Ref Enq: 0.0 ms]
      [Redirty Cards: 0.0 ms]
      [Humongous Register: 0.0 ms]
      [Humongous Reclaim: 0.0 ms]
      [Free CSet: 0.1 ms]
   [Eden: 80.0M(80.0M)->0.0B(42.0M) Survivors: 13.0M->12.0M Heap: 970.5M(1096.0M)->904.5M(1096.0M)]
 [Times: user=0.00 sys=0.02, real=0.01 secs] 
2016-06-27T20:28:53.114+0300: 235.386: Total time for which application threads were stopped: 0.0070315 seconds, Stopping threads took: 0.0001039 seconds
2016-06-27T20:28:53.475+0300: 235.747: [GC pause (G1 Evacuation Pause) (mixed)
Desired survivor size 3670016 bytes, new threshold 1 (max 15)
- age   1:   12352736 bytes,   12352736 total
, 0.0200249 secs]
   [Parallel Time: 18.7 ms, GC Workers: 4]
      [GC Worker Start (ms): Min: 235747.7, Avg: 235747.7, Max: 235747.7, Diff: 0.0]
      [Ext Root Scanning (ms): Min: 0.5, Avg: 0.6, Max: 0.6, Diff: 0.1, Sum: 2.2]
      [Update RS (ms): Min: 0.9, Avg: 1.0, Max: 1.0, Diff: 0.0, Sum: 3.8]
         [Processed Buffers: Min: 4, Avg: 8.8, Max: 16, Diff: 12, Sum: 35]
      [Scan RS (ms): Min: 2.9, Avg: 3.0, Max: 3.1, Diff: 0.2, Sum: 12.1]
      [Code Root Scanning (ms): Min: 0.0, Avg: 0.1, Max: 0.1, Diff: 0.1, Sum: 0.2]
      [Object Copy (ms): Min: 14.0, Avg: 14.1, Max: 14.1, Diff: 0.1, Sum: 56.3]
      [Termination (ms): Min: 0.0, Avg: 0.0, Max: 0.0, Diff: 0.0, Sum: 0.0]
         [Termination Attempts: Min: 1, Avg: 1.3, Max: 2, Diff: 1, Sum: 5]
      [GC Worker Other (ms): Min: 0.0, Avg: 0.0, Max: 0.0, Diff: 0.0, Sum: 0.1]
      [GC Worker Total (ms): Min: 18.7, Avg: 18.7, Max: 18.7, Diff: 0.0, Sum: 74.8]
      [GC Worker End (ms): Min: 235766.4, Avg: 235766.4, Max: 235766.4, Diff: 0.0]
   [Code Root Fixup: 0.1 ms]
   [Code Root Purge: 0.0 ms]
   [Clear CT: 0.2 ms]
   [Other: 1.0 ms]
      [Choose CSet: 0.2 ms]
      [Ref Proc: 0.0 ms]
      [Ref Enq: 0.0 ms]
      [Redirty Cards: 0.0 ms]
      [Humongous Register: 0.0 ms]
      [Humongous Reclaim: 0.0 ms]
      [Free CSet: 0.4 ms]
   [Eden: 42.0M(42.0M)->0.0B(47.0M) Survivors: 12.0M->7168.0K Heap: 946.5M(1096.0M)->870.5M(1096.0M)]
 [Times: user=0.06 sys=0.00, real=0.02 secs] 
2016-06-27T20:28:53.496+0300: 235.768: Total time for which application threads were stopped: 0.0243763 seconds, Stopping threads took: 0.0036573 seconds
2016-06-27T20:28:53.902+0300: 236.174: [GC pause (G1 Evacuation Pause) (mixed)
Desired survivor size 3670016 bytes, new threshold 1 (max 15)
- age   1:    7163608 bytes,    7163608 total
, 0.0184114 secs]
   [Parallel Time: 17.5 ms, GC Workers: 4]
      [GC Worker Start (ms): Min: 236174.5, Avg: 236174.5, Max: 236174.5, Diff: 0.0]
      [Ext Root Scanning (ms): Min: 0.5, Avg: 0.5, Max: 0.6, Diff: 0.0, Sum: 2.2]
      [Update RS (ms): Min: 8.8, Avg: 8.9, Max: 9.1, Diff: 0.4, Sum: 35.5]
         [Processed Buffers: Min: 11, Avg: 15.8, Max: 21, Diff: 10, Sum: 63]
      [Scan RS (ms): Min: 1.6, Avg: 1.9, Max: 2.0, Diff: 0.4, Sum: 7.5]
      [Code Root Scanning (ms): Min: 0.0, Avg: 0.0, Max: 0.0, Diff: 0.0, Sum: 0.0]
      [Object Copy (ms): Min: 6.1, Avg: 6.1, Max: 6.1, Diff: 0.0, Sum: 24.3]
      [Termination (ms): Min: 0.0, Avg: 0.0, Max: 0.0, Diff: 0.0, Sum: 0.0]
         [Termination Attempts: Min: 1, Avg: 1.0, Max: 1, Diff: 0, Sum: 4]
      [GC Worker Other (ms): Min: 0.0, Avg: 0.0, Max: 0.0, Diff: 0.0, Sum: 0.0]
      [GC Worker Total (ms): Min: 17.4, Avg: 17.4, Max: 17.4, Diff: 0.0, Sum: 69.6]
      [GC Worker End (ms): Min: 236191.9, Avg: 236191.9, Max: 236191.9, Diff: 0.0]
   [Code Root Fixup: 0.0 ms]
   [Code Root Purge: 0.0 ms]
   [Clear CT: 0.2 ms]
   [Other: 0.7 ms]
      [Choose CSet: 0.1 ms]
      [Ref Proc: 0.0 ms]
      [Ref Enq: 0.0 ms]
      [Redirty Cards: 0.0 ms]
      [Humongous Register: 0.0 ms]
      [Humongous Reclaim: 0.0 ms]
      [Free CSet: 0.2 ms]
   [Eden: 47.0M(47.0M)->0.0B(47.0M) Survivors: 7168.0K->7168.0K Heap: 917.5M(1096.0M)->870.0M(1096.0M)]
 [Times: user=0.06 sys=0.00, real=0.02 secs] 
2016-06-27T20:28:53.921+0300: 236.193: Total time for which application threads were stopped: 0.0229993 seconds, Stopping threads took: 0.0038604 seconds
2016-06-27T20:28:54.326+0300: 236.598: [GC pause (G1 Evacuation Pause) (young)
Desired survivor size 3670016 bytes, new threshold 1 (max 15)
- age   1:    7117776 bytes,    7117776 total
, 0.0094935 secs]
   [Parallel Time: 8.7 ms, GC Workers: 4]
      [GC Worker Start (ms): Min: 236598.1, Avg: 236598.1, Max: 236598.1, Diff: 0.0]
      [Ext Root Scanning (ms): Min: 0.6, Avg: 0.6, Max: 0.6, Diff: 0.1, Sum: 2.3]
      [Update RS (ms): Min: 5.7, Avg: 5.9, Max: 6.2, Diff: 0.5, Sum: 23.5]
         [Processed Buffers: Min: 6, Avg: 19.5, Max: 41, Diff: 35, Sum: 78]
      [Scan RS (ms): Min: 0.0, Avg: 0.0, Max: 0.0, Diff: 0.0, Sum: 0.1]
      [Code Root Scanning (ms): Min: 0.0, Avg: 0.0, Max: 0.0, Diff: 0.0, Sum: 0.0]
      [Object Copy (ms): Min: 1.8, Avg: 2.2, Max: 2.4, Diff: 0.5, Sum: 8.8]
      [Termination (ms): Min: 0.0, Avg: 0.0, Max: 0.0, Diff: 0.0, Sum: 0.0]
         [Termination Attempts: Min: 1, Avg: 1.0, Max: 1, Diff: 0, Sum: 4]
      [GC Worker Other (ms): Min: 0.0, Avg: 0.0, Max: 0.0, Diff: 0.0, Sum: 0.1]
      [GC Worker Total (ms): Min: 8.7, Avg: 8.7, Max: 8.7, Diff: 0.0, Sum: 34.8]
      [GC Worker End (ms): Min: 236606.8, Avg: 236606.8, Max: 236606.8, Diff: 0.0]
   [Code Root Fixup: 0.0 ms]
   [Code Root Purge: 0.0 ms]
   [Clear CT: 0.0 ms]
   [Other: 0.7 ms]
      [Choose CSet: 0.0 ms]
      [Ref Proc: 0.1 ms]
      [Ref Enq: 0.0 ms]
      [Redirty Cards: 0.1 ms]
      [Humongous Register: 0.0 ms]
      [Humongous Reclaim: 0.0 ms]
      [Free CSet: 0.1 ms]
   [Eden: 47.0M(47.0M)->0.0B(90.0M) Survivors: 7168.0K->7168.0K Heap: 917.0M(1096.0M)->879.5M(1096.0M)]
 [Times: user=0.06 sys=0.00, real=0.01 secs] 
2016-06-27T20:28:54.335+0300: 236.608: Total time for which application threads were stopped: 0.0119221 seconds, Stopping threads took: 0.0016811 seconds
2016-06-27T20:28:55.094+0300: 237.366: [GC pause (G1 Evacuation Pause) (young) (initial-mark)
Desired survivor size 6815744 bytes, new threshold 1 (max 15)
- age   1:    7216584 bytes,    7216584 total
, 0.0060351 secs]
   [Parallel Time: 5.3 ms, GC Workers: 4]
      [GC Worker Start (ms): Min: 237366.4, Avg: 237366.4, Max: 237366.4, Diff: 0.0]
      [Ext Root Scanning (ms): Min: 0.6, Avg: 0.6, Max: 0.8, Diff: 0.2, Sum: 2.5]
      [Update RS (ms): Min: 0.9, Avg: 1.0, Max: 1.0, Diff: 0.1, Sum: 3.9]
         [Processed Buffers: Min: 5, Avg: 16.5, Max: 26, Diff: 21, Sum: 66]
      [Scan RS (ms): Min: 0.0, Avg: 0.0, Max: 0.0, Diff: 0.0, Sum: 0.1]
      [Code Root Scanning (ms): Min: 0.0, Avg: 0.0, Max: 0.0, Diff: 0.0, Sum: 0.0]
      [Object Copy (ms): Min: 3.5, Avg: 3.6, Max: 3.6, Diff: 0.2, Sum: 14.2]
      [Termination (ms): Min: 0.0, Avg: 0.0, Max: 0.0, Diff: 0.0, Sum: 0.0]
         [Termination Attempts: Min: 1, Avg: 1.0, Max: 1, Diff: 0, Sum: 4]
      [GC Worker Other (ms): Min: 0.0, Avg: 0.0, Max: 0.0, Diff: 0.0, Sum: 0.1]
      [GC Worker Total (ms): Min: 5.2, Avg: 5.2, Max: 5.2, Diff: 0.0, Sum: 20.8]
      [GC Worker End (ms): Min: 237371.6, Avg: 237371.6, Max: 237371.6, Diff: 0.0]
   [Code Root Fixup: 0.0 ms]
   [Code Root Purge: 0.0 ms]
   [Clear CT: 0.0 ms]
   [Other: 0.7 ms]
      [Choose CSet: 0.0 ms]
      [Ref Proc: 0.1 ms]
      [Ref Enq: 0.0 ms]
      [Redirty Cards: 0.0 ms]
      [Humongous Register: 0.0 ms]
      [Humongous Reclaim: 0.0 ms]
      [Free CSet: 0.1 ms]
   [Eden: 90.0M(90.0M)->0.0B(76.0M) Survivors: 7168.0K->13.0M Heap: 969.5M(1096.0M)->896.0M(1096.0M)]
 [Times: user=0.06 sys=0.00, real=0.01 secs] 
2016-06-27T20:28:55.100+0300: 237.372: [GC concurrent-root-region-scan-start]
2016-06-27T20:28:55.100+0300: 237.372: Total time for which application threads were stopped: 0.0101247 seconds, Stopping threads took: 0.0032964 seconds
2016-06-27T20:28:55.102+0300: 237.374: [GC concurrent-root-region-scan-end, 0.0016311 secs]
2016-06-27T20:28:55.102+0300: 237.374: [GC concurrent-mark-start]
2016-06-27T20:28:55.172+0300: 237.444: [GC concurrent-mark-end, 0.0698240 secs]
2016-06-27T20:28:55.200+0300: 237.472: [GC remark 2016-06-27T20:28:55.200+0300: 237.472: [Finalize Marking, 0.0002207 secs] 2016-06-27T20:28:55.200+0300: 237.473: [GC ref-proc, 0.0001001 secs] 2016-06-27T20:28:55.200+0300: 237.473: [Unloading, 0.0018385 secs], 0.0058601 secs]
 [Times: user=0.00 sys=0.00, real=0.01 secs] 
2016-06-27T20:28:55.206+0300: 237.478: Total time for which application threads were stopped: 0.0069960 seconds, Stopping threads took: 0.0005316 seconds
2016-06-27T20:28:55.233+0300: 237.505: [GC cleanup 913M->913M(1096M), 0.0020485 secs]
 [Times: user=0.00 sys=0.00, real=0.00 secs] 
2016-06-27T20:28:55.235+0300: 237.507: Total time for which application threads were stopped: 0.0027759 seconds, Stopping threads took: 0.0000868 seconds
2016-06-27T20:28:55.576+0300: 237.848: Total time for which application threads were stopped: 0.0025193 seconds, Stopping threads took: 0.0011346 seconds
2016-06-27T20:28:55.707+0300: 237.979: [GC pause (G1 Evacuation Pause) (young)
Desired survivor size 6291456 bytes, new threshold 1 (max 15)
- age   1:   13181816 bytes,   13181816 total
, 0.0060470 secs]
   [Parallel Time: 5.5 ms, GC Workers: 4]
      [GC Worker Start (ms): Min: 237979.4, Avg: 237979.4, Max: 237979.4, Diff: 0.0]
      [Ext Root Scanning (ms): Min: 0.6, Avg: 0.6, Max: 0.6, Diff: 0.1, Sum: 2.4]
      [Update RS (ms): Min: 0.9, Avg: 0.9, Max: 0.9, Diff: 0.0, Sum: 3.6]
         [Processed Buffers: Min: 8, Avg: 21.5, Max: 28, Diff: 20, Sum: 86]
      [Scan RS (ms): Min: 0.0, Avg: 0.0, Max: 0.0, Diff: 0.0, Sum: 0.1]
      [Code Root Scanning (ms): Min: 0.0, Avg: 0.0, Max: 0.0, Diff: 0.0, Sum: 0.0]
      [Object Copy (ms): Min: 3.9, Avg: 3.9, Max: 3.9, Diff: 0.0, Sum: 15.6]
      [Termination (ms): Min: 0.0, Avg: 0.0, Max: 0.0, Diff: 0.0, Sum: 0.0]
         [Termination Attempts: Min: 1, Avg: 1.0, Max: 1, Diff: 0, Sum: 4]
      [GC Worker Other (ms): Min: 0.0, Avg: 0.0, Max: 0.0, Diff: 0.0, Sum: 0.1]
      [GC Worker Total (ms): Min: 5.4, Avg: 5.4, Max: 5.4, Diff: 0.0, Sum: 21.7]
      [GC Worker End (ms): Min: 237984.8, Avg: 237984.8, Max: 237984.8, Diff: 0.0]
   [Code Root Fixup: 0.0 ms]
   [Code Root Purge: 0.0 ms]
   [Clear CT: 0.0 ms]
   [Other: 0.5 ms]
      [Choose CSet: 0.0 ms]
      [Ref Proc: 0.0 ms]
      [Ref Enq: 0.0 ms]
      [Redirty Cards: 0.0 ms]
      [Humongous Register: 0.0 ms]
      [Humongous Reclaim: 0.0 ms]
      [Free CSet: 0.1 ms]
   [Eden: 76.0M(76.0M)->0.0B(42.0M) Survivors: 13.0M->12.0M Heap: 972.0M(1096.0M)->910.0M(1096.0M)]
 [Times: user=0.05 sys=0.00, real=0.01 secs] 
2016-06-27T20:28:55.713+0300: 237.985: Total time for which application threads were stopped: 0.0074048 seconds, Stopping threads took: 0.0005765 seconds
2016-06-27T20:28:55.903+0300: 238.175: Total time for which application threads were stopped: 0.0022332 seconds, Stopping threads took: 0.0008981 seconds
2016-06-27T20:28:56.007+0300: 238.279: [GC pause (G1 Evacuation Pause) (mixed)
Desired survivor size 3670016 bytes, new threshold 1 (max 15)
- age   1:   11966216 bytes,   11966216 total
, 0.0205971 secs]
   [Parallel Time: 19.2 ms, GC Workers: 4]
      [GC Worker Start (ms): Min: 238279.4, Avg: 238279.4, Max: 238279.4, Diff: 0.0]
      [Ext Root Scanning (ms): Min: 0.6, Avg: 0.6, Max: 0.6, Diff: 0.1, Sum: 2.4]
      [Update RS (ms): Min: 1.0, Avg: 1.1, Max: 1.2, Diff: 0.1, Sum: 4.4]
         [Processed Buffers: Min: 4, Avg: 10.0, Max: 22, Diff: 18, Sum: 40]
      [Scan RS (ms): Min: 3.0, Avg: 3.1, Max: 3.2, Diff: 0.2, Sum: 12.5]
      [Code Root Scanning (ms): Min: 0.0, Avg: 0.0, Max: 0.1, Diff: 0.1, Sum: 0.2]
      [Object Copy (ms): Min: 14.2, Avg: 14.3, Max: 14.3, Diff: 0.0, Sum: 57.1]
      [Termination (ms): Min: 0.0, Avg: 0.0, Max: 0.0, Diff: 0.0, Sum: 0.0]
         [Termination Attempts: Min: 1, Avg: 1.0, Max: 1, Diff: 0, Sum: 4]
      [GC Worker Other (ms): Min: 0.0, Avg: 0.0, Max: 0.0, Diff: 0.0, Sum: 0.1]
      [GC Worker Total (ms): Min: 19.2, Avg: 19.2, Max: 19.2, Diff: 0.0, Sum: 76.7]
      [GC Worker End (ms): Min: 238298.6, Avg: 238298.6, Max: 238298.6, Diff: 0.0]
   [Code Root Fixup: 0.1 ms]
   [Code Root Purge: 0.0 ms]
   [Clear CT: 0.3 ms]
   [Other: 1.1 ms]
      [Choose CSet: 0.2 ms]
      [Ref Proc: 0.0 ms]
      [Ref Enq: 0.0 ms]
      [Redirty Cards: 0.1 ms]
      [Humongous Register: 0.0 ms]
      [Humongous Reclaim: 0.0 ms]
      [Free CSet: 0.5 ms]
   [Eden: 42.0M(42.0M)->0.0B(47.0M) Survivors: 12.0M->7168.0K Heap: 952.0M(1096.0M)->876.0M(1096.0M)]
 [Times: user=0.06 sys=0.00, real=0.02 secs] 
2016-06-27T20:28:56.028+0300: 238.300: Total time for which application threads were stopped: 0.0221007 seconds, Stopping threads took: 0.0007146 seconds
2016-06-27T20:28:56.444+0300: 238.716: [GC pause (G1 Evacuation Pause) (mixed)
Desired survivor size 3670016 bytes, new threshold 1 (max 15)
- age   1:    6902872 bytes,    6902872 total
, 0.0184323 secs]
   [Parallel Time: 17.5 ms, GC Workers: 4]
      [GC Worker Start (ms): Min: 238715.9, Avg: 238715.9, Max: 238715.9, Diff: 0.0]
      [Ext Root Scanning (ms): Min: 0.6, Avg: 0.6, Max: 0.6, Diff: 0.0, Sum: 2.4]
      [Update RS (ms): Min: 9.1, Avg: 9.3, Max: 9.6, Diff: 0.5, Sum: 37.1]
         [Processed Buffers: Min: 12, Avg: 15.0, Max: 22, Diff: 10, Sum: 60]
      [Scan RS (ms): Min: 1.3, Avg: 1.7, Max: 1.9, Diff: 0.6, Sum: 6.8]
      [Code Root Scanning (ms): Min: 0.0, Avg: 0.0, Max: 0.1, Diff: 0.1, Sum: 0.1]
      [Object Copy (ms): Min: 5.8, Avg: 5.8, Max: 5.8, Diff: 0.0, Sum: 23.3]
      [Termination (ms): Min: 0.0, Avg: 0.0, Max: 0.0, Diff: 0.0, Sum: 0.0]
         [Termination Attempts: Min: 1, Avg: 1.0, Max: 1, Diff: 0, Sum: 4]
      [GC Worker Other (ms): Min: 0.0, Avg: 0.0, Max: 0.0, Diff: 0.0, Sum: 0.1]
      [GC Worker Total (ms): Min: 17.4, Avg: 17.5, Max: 17.5, Diff: 0.0, Sum: 69.8]
      [GC Worker End (ms): Min: 238733.3, Avg: 238733.3, Max: 238733.3, Diff: 0.0]
   [Code Root Fixup: 0.0 ms]
   [Code Root Purge: 0.0 ms]
   [Clear CT: 0.2 ms]
   [Other: 0.7 ms]
      [Choose CSet: 0.1 ms]
      [Ref Proc: 0.1 ms]
      [Ref Enq: 0.0 ms]
      [Redirty Cards: 0.0 ms]
      [Humongous Register: 0.0 ms]
      [Humongous Reclaim: 0.0 ms]
      [Free CSet: 0.2 ms]
   [Eden: 47.0M(47.0M)->0.0B(93.0M) Survivors: 7168.0K->7168.0K Heap: 923.0M(1096.0M)->876.0M(1096.0M)]
 [Times: user=0.06 sys=0.00, real=0.02 secs] 
2016-06-27T20:28:56.462+0300: 238.734: Total time for which application threads were stopped: 0.0222068 seconds, Stopping threads took: 0.0030017 seconds
2016-06-27T20:28:56.904+0300: 239.176: Total time for which application threads were stopped: 0.0025014 seconds, Stopping threads took: 0.0010704 seconds
2016-06-27T20:28:57.247+0300: 239.519: [GC pause (G1 Evacuation Pause) (young)
Desired survivor size 6815744 bytes, new threshold 1 (max 15)
- age   1:    7196336 bytes,    7196336 total
, 0.0114179 secs]
   [Parallel Time: 10.6 ms, GC Workers: 4]
      [GC Worker Start (ms): Min: 239519.5, Avg: 239519.5, Max: 239519.5, Diff: 0.0]
      [Ext Root Scanning (ms): Min: 0.6, Avg: 0.6, Max: 0.7, Diff: 0.0, Sum: 2.6]
      [Update RS (ms): Min: 6.4, Avg: 6.4, Max: 6.5, Diff: 0.1, Sum: 25.6]
         [Processed Buffers: Min: 8, Avg: 30.0, Max: 53, Diff: 45, Sum: 120]
      [Scan RS (ms): Min: 0.0, Avg: 0.0, Max: 0.0, Diff: 0.0, Sum: 0.1]
      [Code Root Scanning (ms): Min: 0.0, Avg: 0.0, Max: 0.0, Diff: 0.0, Sum: 0.0]
      [Object Copy (ms): Min: 3.4, Avg: 3.5, Max: 3.5, Diff: 0.1, Sum: 13.9]
      [Termination (ms): Min: 0.0, Avg: 0.0, Max: 0.0, Diff: 0.0, Sum: 0.0]
         [Termination Attempts: Min: 1, Avg: 1.0, Max: 1, Diff: 0, Sum: 4]
      [GC Worker Other (ms): Min: 0.0, Avg: 0.0, Max: 0.0, Diff: 0.0, Sum: 0.1]
      [GC Worker Total (ms): Min: 10.5, Avg: 10.6, Max: 10.6, Diff: 0.0, Sum: 42.2]
      [GC Worker End (ms): Min: 239530.1, Avg: 239530.1, Max: 239530.1, Diff: 0.0]
   [Code Root Fixup: 0.0 ms]
   [Code Root Purge: 0.0 ms]
   [Clear CT: 0.0 ms]
   [Other: 0.8 ms]
      [Choose CSet: 0.0 ms]
      [Ref Proc: 0.0 ms]
      [Ref Enq: 0.0 ms]
      [Redirty Cards: 0.0 ms]
      [Humongous Register: 0.1 ms]
      [Humongous Reclaim: 0.0 ms]
      [Free CSet: 0.1 ms]
   [Eden: 93.0M(93.0M)->0.0B(79.0M) Survivors: 7168.0K->13.0M Heap: 969.0M(1096.0M)->893.0M(1096.0M)]
 [Times: user=0.06 sys=0.00, real=0.01 secs] 
2016-06-27T20:28:57.259+0300: 239.531: Total time for which application threads were stopped: 0.0202999 seconds, Stopping threads took: 0.0080741 seconds
2016-06-27T20:28:57.906+0300: 240.178: Total time for which application threads were stopped: 0.0047423 seconds, Stopping threads took: 0.0029983 seconds
2016-06-27T20:28:57.915+0300: 240.187: Total time for which application threads were stopped: 0.0007381 seconds, Stopping threads took: 0.0000770 seconds
2016-06-27T20:28:57.916+0300: 240.188: [GC pause (G1 Evacuation Pause) (young) (initial-mark)
Desired survivor size 6291456 bytes, new threshold 1 (max 15)
- age   1:   13422152 bytes,   13422152 total
, 0.0064559 secs]
   [Parallel Time: 5.6 ms, GC Workers: 4]
      [GC Worker Start (ms): Min: 240188.3, Avg: 240188.3, Max: 240188.3, Diff: 0.0]
      [Ext Root Scanning (ms): Min: 0.6, Avg: 0.6, Max: 0.7, Diff: 0.1, Sum: 2.5]
      [Update RS (ms): Min: 0.7, Avg: 0.7, Max: 0.8, Diff: 0.1, Sum: 3.0]
         [Processed Buffers: Min: 10, Avg: 13.0, Max: 18, Diff: 8, Sum: 52]
      [Scan RS (ms): Min: 0.0, Avg: 0.0, Max: 0.0, Diff: 0.0, Sum: 0.0]
      [Code Root Scanning (ms): Min: 0.0, Avg: 0.0, Max: 0.0, Diff: 0.0, Sum: 0.0]
      [Object Copy (ms): Min: 4.0, Avg: 4.2, Max: 4.2, Diff: 0.2, Sum: 16.6]
      [Termination (ms): Min: 0.0, Avg: 0.0, Max: 0.0, Diff: 0.0, Sum: 0.0]
         [Termination Attempts: Min: 1, Avg: 1.0, Max: 1, Diff: 0, Sum: 4]
      [GC Worker Other (ms): Min: 0.0, Avg: 0.0, Max: 0.0, Diff: 0.0, Sum: 0.1]
      [GC Worker Total (ms): Min: 5.6, Avg: 5.6, Max: 5.6, Diff: 0.0, Sum: 22.3]
      [GC Worker End (ms): Min: 240193.9, Avg: 240193.9, Max: 240193.9, Diff: 0.0]
   [Code Root Fixup: 0.0 ms]
   [Code Root Purge: 0.0 ms]
   [Clear CT: 0.0 ms]
   [Other: 0.8 ms]
      [Choose CSet: 0.0 ms]
      [Ref Proc: 0.0 ms]
      [Ref Enq: 0.0 ms]
      [Redirty Cards: 0.0 ms]
      [Humongous Register: 0.0 ms]
      [Humongous Reclaim: 0.0 ms]
      [Free CSet: 0.1 ms]
   [Eden: 79.0M(79.0M)->0.0B(67.0M) Survivors: 13.0M->12.0M Heap: 972.0M(1096.0M)->907.0M(1096.0M)]
 [Times: user=0.00 sys=0.00, real=0.01 secs] 
2016-06-27T20:28:57.923+0300: 240.195: Total time for which application threads were stopped: 0.0072868 seconds, Stopping threads took: 0.0000603 seconds
2016-06-27T20:28:57.923+0300: 240.195: [GC concurrent-root-region-scan-start]
2016-06-27T20:28:57.923+0300: 240.195: [GC concurrent-root-region-scan-end, 0.0007129 secs]
2016-06-27T20:28:57.923+0300: 240.195: [GC concurrent-mark-start]
2016-06-27T20:28:57.997+0300: 240.269: [GC concurrent-mark-end, 0.0719422 secs]
2016-06-27T20:28:58.018+0300: 240.291: [GC remark 2016-06-27T20:28:58.018+0300: 240.291: [Finalize Marking, 0.0001937 secs] 2016-06-27T20:28:58.019+0300: 240.291: [GC ref-proc, 0.0001193 secs] 2016-06-27T20:28:58.019+0300: 240.291: [Unloading, 0.0017487 secs], 0.0058033 secs]
 [Times: user=0.06 sys=0.00, real=0.01 secs] 
2016-06-27T20:28:58.024+0300: 240.296: Total time for which application threads were stopped: 0.0091056 seconds, Stopping threads took: 0.0028268 seconds
2016-06-27T20:28:58.025+0300: 240.297: Total time for which application threads were stopped: 0.0004606 seconds, Stopping threads took: 0.0000522 seconds
2016-06-27T20:28:58.032+0300: 240.305: [GC cleanup 922M->922M(1096M), 0.0022238 secs]
 [Times: user=0.00 sys=0.00, real=0.00 secs] 
2016-06-27T20:28:58.035+0300: 240.307: Total time for which application threads were stopped: 0.0026728 seconds, Stopping threads took: 0.0000616 seconds
2016-06-27T20:28:58.458+0300: 240.730: [GC pause (G1 Evacuation Pause) (young)
Desired survivor size 5242880 bytes, new threshold 1 (max 15)
- age   1:   12360376 bytes,   12360376 total
, 0.0058477 secs]
   [Parallel Time: 5.3 ms, GC Workers: 4]
      [GC Worker Start (ms): Min: 240730.1, Avg: 240730.1, Max: 240730.1, Diff: 0.0]
      [Ext Root Scanning (ms): Min: 0.4, Avg: 0.5, Max: 0.6, Diff: 0.2, Sum: 2.1]
      [Update RS (ms): Min: 1.0, Avg: 1.1, Max: 1.3, Diff: 0.3, Sum: 4.6]
         [Processed Buffers: Min: 14, Avg: 16.5, Max: 19, Diff: 5, Sum: 66]
      [Scan RS (ms): Min: 0.0, Avg: 0.0, Max: 0.0, Diff: 0.0, Sum: 0.1]
      [Code Root Scanning (ms): Min: 0.0, Avg: 0.0, Max: 0.0, Diff: 0.0, Sum: 0.0]
      [Object Copy (ms): Min: 3.5, Avg: 3.5, Max: 3.6, Diff: 0.1, Sum: 14.2]
      [Termination (ms): Min: 0.0, Avg: 0.0, Max: 0.0, Diff: 0.0, Sum: 0.0]
         [Termination Attempts: Min: 1, Avg: 1.0, Max: 1, Diff: 0, Sum: 4]
      [GC Worker Other (ms): Min: 0.0, Avg: 0.0, Max: 0.0, Diff: 0.0, Sum: 0.1]
      [GC Worker Total (ms): Min: 5.2, Avg: 5.2, Max: 5.2, Diff: 0.0, Sum: 20.9]
      [GC Worker End (ms): Min: 240735.3, Avg: 240735.3, Max: 240735.3, Diff: 0.0]
   [Code Root Fixup: 0.0 ms]
   [Code Root Purge: 0.0 ms]
   [Clear CT: 0.0 ms]
   [Other: 0.5 ms]
      [Choose CSet: 0.0 ms]
      [Ref Proc: 0.0 ms]
      [Ref Enq: 0.0 ms]
      [Redirty Cards: 0.0 ms]
      [Humongous Register: 0.0 ms]
      [Humongous Reclaim: 0.0 ms]
      [Free CSet: 0.1 ms]
   [Eden: 67.0M(67.0M)->0.0B(44.0M) Survivors: 12.0M->10.0M Heap: 974.0M(1096.0M)->920.0M(1096.0M)]
 [Times: user=0.00 sys=0.00, real=0.01 secs] 
2016-06-27T20:28:58.464+0300: 240.736: Total time for which application threads were stopped: 0.0074493 seconds, Stopping threads took: 0.0010097 seconds
2016-06-27T20:28:58.847+0300: 241.119: [GC pause (G1 Evacuation Pause) (mixed)
Desired survivor size 3670016 bytes, new threshold 1 (max 15)
- age   1:   10109888 bytes,   10109888 total
, 0.0197696 secs]
   [Parallel Time: 18.4 ms, GC Workers: 4]
      [GC Worker Start (ms): Min: 241119.5, Avg: 241119.5, Max: 241119.5, Diff: 0.0]
      [Ext Root Scanning (ms): Min: 0.5, Avg: 0.6, Max: 0.7, Diff: 0.2, Sum: 2.2]
      [Update RS (ms): Min: 0.8, Avg: 0.9, Max: 1.0, Diff: 0.1, Sum: 3.6]
         [Processed Buffers: Min: 6, Avg: 9.5, Max: 12, Diff: 6, Sum: 38]
      [Scan RS (ms): Min: 2.9, Avg: 3.0, Max: 3.1, Diff: 0.2, Sum: 12.1]
      [Code Root Scanning (ms): Min: 0.0, Avg: 0.0, Max: 0.1, Diff: 0.1, Sum: 0.2]
      [Object Copy (ms): Min: 13.8, Avg: 13.8, Max: 13.8, Diff: 0.1, Sum: 55.2]
      [Termination (ms): Min: 0.0, Avg: 0.0, Max: 0.0, Diff: 0.0, Sum: 0.0]
         [Termination Attempts: Min: 1, Avg: 4.5, Max: 7, Diff: 6, Sum: 18]
      [GC Worker Other (ms): Min: 0.0, Avg: 0.0, Max: 0.0, Diff: 0.0, Sum: 0.0]
      [GC Worker Total (ms): Min: 18.3, Avg: 18.3, Max: 18.4, Diff: 0.0, Sum: 73.4]
      [GC Worker End (ms): Min: 241137.9, Avg: 241137.9, Max: 241137.9, Diff: 0.0]
   [Code Root Fixup: 0.1 ms]
   [Code Root Purge: 0.0 ms]
   [Clear CT: 0.2 ms]
   [Other: 1.1 ms]
      [Choose CSet: 0.2 ms]
      [Ref Proc: 0.1 ms]
      [Ref Enq: 0.0 ms]
      [Redirty Cards: 0.0 ms]
      [Humongous Register: 0.0 ms]
      [Humongous Reclaim: 0.0 ms]
      [Free CSet: 0.5 ms]
   [Eden: 44.0M(44.0M)->0.0B(47.0M) Survivors: 10.0M->7168.0K Heap: 964.0M(1096.0M)->887.0M(1096.0M)]
 [Times: user=0.13 sys=0.00, real=0.02 secs] 
2016-06-27T20:28:58.867+0300: 241.139: Total time for which application threads were stopped: 0.0230527 seconds, Stopping threads took: 0.0026275 seconds
2016-06-27T20:28:58.904+0300: 241.176: Total time for which application threads were stopped: 0.0019304 seconds, Stopping threads took: 0.0008656 seconds
2016-06-27T20:28:59.259+0300: 241.531: [GC pause (G1 Evacuation Pause) (mixed)
Desired survivor size 3670016 bytes, new threshold 1 (max 15)
- age   1:    7130200 bytes,    7130200 total
, 0.0201040 secs]
   [Parallel Time: 19.1 ms, GC Workers: 4]
      [GC Worker Start (ms): Min: 241531.7, Avg: 241531.7, Max: 241531.8, Diff: 0.2]
      [Ext Root Scanning (ms): Min: 0.5, Avg: 0.7, Max: 1.0, Diff: 0.5, Sum: 2.9]
      [Update RS (ms): Min: 8.8, Avg: 9.0, Max: 9.1, Diff: 0.3, Sum: 36.1]
         [Processed Buffers: Min: 12, Avg: 16.0, Max: 25, Diff: 13, Sum: 64]
      [Scan RS (ms): Min: 2.5, Avg: 2.5, Max: 2.6, Diff: 0.1, Sum: 10.1]
      [Code Root Scanning (ms): Min: 0.0, Avg: 0.1, Max: 0.3, Diff: 0.3, Sum: 0.3]
      [Object Copy (ms): Min: 6.5, Avg: 6.6, Max: 6.7, Diff: 0.2, Sum: 26.6]
      [Termination (ms): Min: 0.0, Avg: 0.0, Max: 0.0, Diff: 0.0, Sum: 0.0]
         [Termination Attempts: Min: 1, Avg: 4.0, Max: 6, Diff: 5, Sum: 16]
      [GC Worker Other (ms): Min: 0.0, Avg: 0.0, Max: 0.0, Diff: 0.0, Sum: 0.0]
      [GC Worker Total (ms): Min: 18.9, Avg: 19.0, Max: 19.0, Diff: 0.2, Sum: 76.0]
      [GC Worker End (ms): Min: 241550.7, Avg: 241550.7, Max: 241550.7, Diff: 0.0]
   [Code Root Fixup: 0.1 ms]
   [Code Root Purge: 0.0 ms]
   [Clear CT: 0.2 ms]
   [Other: 0.7 ms]
      [Choose CSet: 0.1 ms]
      [Ref Proc: 0.0 ms]
      [Ref Enq: 0.0 ms]
      [Redirty Cards: 0.0 ms]
      [Humongous Register: 0.0 ms]
      [Humongous Reclaim: 0.0 ms]
      [Free CSet: 0.2 ms]
   [Eden: 47.0M(47.0M)->0.0B(86.0M) Survivors: 7168.0K->7168.0K Heap: 934.0M(1096.0M)->884.0M(1096.0M)]
 [Times: user=0.06 sys=0.00, real=0.02 secs] 
2016-06-27T20:28:59.280+0300: 241.552: Total time for which application threads were stopped: 0.0249365 seconds, Stopping threads took: 0.0041756 seconds
2016-06-27T20:28:59.998+0300: 242.270: [GC pause (G1 Evacuation Pause) (young)
Desired survivor size 6291456 bytes, new threshold 1 (max 15)
- age   1:    7239840 bytes,    7239840 total
, 0.0118199 secs]
   [Parallel Time: 11.1 ms, GC Workers: 4]
      [GC Worker Start (ms): Min: 242270.4, Avg: 242270.5, Max: 242270.5, Diff: 0.0]
      [Ext Root Scanning (ms): Min: 0.5, Avg: 0.5, Max: 0.7, Diff: 0.2, Sum: 2.2]
      [Update RS (ms): Min: 7.1, Avg: 7.2, Max: 7.3, Diff: 0.2, Sum: 28.7]
         [Processed Buffers: Min: 11, Avg: 21.0, Max: 30, Diff: 19, Sum: 84]
      [Scan RS (ms): Min: 0.0, Avg: 0.0, Max: 0.0, Diff: 0.0, Sum: 0.1]
      [Code Root Scanning (ms): Min: 0.0, Avg: 0.0, Max: 0.0, Diff: 0.0, Sum: 0.0]
      [Object Copy (ms): Min: 3.3, Avg: 3.3, Max: 3.4, Diff: 0.1, Sum: 13.3]
      [Termination (ms): Min: 0.0, Avg: 0.0, Max: 0.0, Diff: 0.0, Sum: 0.0]
         [Termination Attempts: Min: 1, Avg: 1.0, Max: 1, Diff: 0, Sum: 4]
      [GC Worker Other (ms): Min: 0.0, Avg: 0.0, Max: 0.0, Diff: 0.0, Sum: 0.1]
      [GC Worker Total (ms): Min: 11.1, Avg: 11.1, Max: 11.1, Diff: 0.0, Sum: 44.3]
      [GC Worker End (ms): Min: 242281.5, Avg: 242281.5, Max: 242281.5, Diff: 0.0]
   [Code Root Fixup: 0.0 ms]
   [Code Root Purge: 0.0 ms]
   [Clear CT: 0.1 ms]
   [Other: 0.6 ms]
      [Choose CSet: 0.0 ms]
      [Ref Proc: 0.1 ms]
      [Ref Enq: 0.0 ms]
      [Redirty Cards: 0.0 ms]
      [Humongous Register: 0.0 ms]
      [Humongous Reclaim: 0.0 ms]
      [Free CSet: 0.1 ms]
   [Eden: 86.0M(86.0M)->0.0B(73.0M) Survivors: 7168.0K->12.0M Heap: 970.0M(1096.0M)->900.0M(1096.0M)]
 [Times: user=0.06 sys=0.00, real=0.01 secs] 
2016-06-27T20:29:00.010+0300: 242.282: Total time for which application threads were stopped: 0.0163971 seconds, Stopping threads took: 0.0038527 seconds
2016-06-27T20:29:00.634+0300: 242.906: [GC pause (G1 Evacuation Pause) (young) (initial-mark)
Desired survivor size 5767168 bytes, new threshold 1 (max 15)
- age   1:   12364968 bytes,   12364968 total
, 0.0063340 secs]
   [Parallel Time: 5.5 ms, GC Workers: 4]
      [GC Worker Start (ms): Min: 242906.0, Avg: 242906.1, Max: 242906.1, Diff: 0.0]
      [Ext Root Scanning (ms): Min: 0.5, Avg: 0.6, Max: 0.6, Diff: 0.1, Sum: 2.3]
      [Update RS (ms): Min: 1.0, Avg: 1.0, Max: 1.1, Diff: 0.2, Sum: 4.2]
         [Processed Buffers: Min: 3, Avg: 13.3, Max: 18, Diff: 15, Sum: 53]
      [Scan RS (ms): Min: 0.0, Avg: 0.0, Max: 0.0, Diff: 0.0, Sum: 0.1]
      [Code Root Scanning (ms): Min: 0.0, Avg: 0.0, Max: 0.0, Diff: 0.0, Sum: 0.0]
      [Object Copy (ms): Min: 3.7, Avg: 3.8, Max: 3.9, Diff: 0.2, Sum: 15.3]
      [Termination (ms): Min: 0.0, Avg: 0.0, Max: 0.0, Diff: 0.0, Sum: 0.0]
         [Termination Attempts: Min: 1, Avg: 1.0, Max: 1, Diff: 0, Sum: 4]
      [GC Worker Other (ms): Min: 0.0, Avg: 0.0, Max: 0.0, Diff: 0.0, Sum: 0.1]
      [GC Worker Total (ms): Min: 5.5, Avg: 5.5, Max: 5.5, Diff: 0.0, Sum: 21.9]
      [GC Worker End (ms): Min: 242911.5, Avg: 242911.5, Max: 242911.5, Diff: 0.0]
   [Code Root Fixup: 0.0 ms]
   [Code Root Purge: 0.0 ms]
   [Clear CT: 0.1 ms]
   [Other: 0.7 ms]
      [Choose CSet: 0.0 ms]
      [Ref Proc: 0.1 ms]
      [Ref Enq: 0.0 ms]
      [Redirty Cards: 0.1 ms]
      [Humongous Register: 0.0 ms]
      [Humongous Reclaim: 0.0 ms]
      [Free CSet: 0.1 ms]
   [Eden: 73.0M(73.0M)->0.0B(61.0M) Survivors: 12.0M->11.0M Heap: 973.0M(1096.0M)->913.5M(1096.0M)]
 [Times: user=0.00 sys=0.00, real=0.01 secs] 
2016-06-27T20:29:00.640+0300: 242.912: [GC concurrent-root-region-scan-start]
2016-06-27T20:29:00.640+0300: 242.912: Total time for which application threads were stopped: 0.0108222 seconds, Stopping threads took: 0.0037749 seconds
2016-06-27T20:29:00.641+0300: 242.913: [GC concurrent-root-region-scan-end, 0.0009614 secs]
2016-06-27T20:29:00.641+0300: 242.913: [GC concurrent-mark-start]
2016-06-27T20:29:00.722+0300: 242.994: [GC concurrent-mark-end, 0.0804302 secs]
2016-06-27T20:29:00.746+0300: 243.018: [GC remark 2016-06-27T20:29:00.746+0300: 243.018: [Finalize Marking, 0.0002271 secs] 2016-06-27T20:29:00.746+0300: 243.018: [GC ref-proc, 0.0001018 secs] 2016-06-27T20:29:00.746+0300: 243.018: [Unloading, 0.0017337 secs], 0.0057887 secs]
 [Times: user=0.00 sys=0.00, real=0.01 secs] 
2016-06-27T20:29:00.752+0300: 243.024: Total time for which application threads were stopped: 0.0107298 seconds, Stopping threads took: 0.0044878 seconds
2016-06-27T20:29:00.907+0300: 243.180: Total time for which application threads were stopped: 0.0049433 seconds, Stopping threads took: 0.0039113 seconds
2016-06-27T20:29:00.979+0300: 243.251: [GC cleanup 954M->954M(1096M), 0.0020527 secs]
 [Times: user=0.00 sys=0.00, real=0.00 secs] 
2016-06-27T20:29:00.981+0300: 243.253: Total time for which application threads were stopped: 0.0055847 seconds, Stopping threads took: 0.0030791 seconds
2016-06-27T20:29:01.146+0300: 243.418: [GC pause (G1 Evacuation Pause) (young)
Desired survivor size 4718592 bytes, new threshold 1 (max 15)
- age   1:   11165056 bytes,   11165056 total
, 0.0056613 secs]
   [Parallel Time: 5.0 ms, GC Workers: 4]
      [GC Worker Start (ms): Min: 243418.5, Avg: 243418.5, Max: 243418.5, Diff: 0.0]
      [Ext Root Scanning (ms): Min: 0.5, Avg: 0.5, Max: 0.7, Diff: 0.2, Sum: 2.2]
      [Update RS (ms): Min: 1.0, Avg: 1.1, Max: 1.2, Diff: 0.3, Sum: 4.4]
         [Processed Buffers: Min: 7, Avg: 11.5, Max: 21, Diff: 14, Sum: 46]
      [Scan RS (ms): Min: 0.0, Avg: 0.0, Max: 0.0, Diff: 0.0, Sum: 0.0]
      [Code Root Scanning (ms): Min: 0.0, Avg: 0.0, Max: 0.0, Diff: 0.0, Sum: 0.0]
      [Object Copy (ms): Min: 3.2, Avg: 3.3, Max: 3.3, Diff: 0.1, Sum: 13.2]
      [Termination (ms): Min: 0.0, Avg: 0.0, Max: 0.0, Diff: 0.0, Sum: 0.0]
         [Termination Attempts: Min: 1, Avg: 1.0, Max: 1, Diff: 0, Sum: 4]
      [GC Worker Other (ms): Min: 0.0, Avg: 0.0, Max: 0.0, Diff: 0.0, Sum: 0.1]
      [GC Worker Total (ms): Min: 4.9, Avg: 5.0, Max: 5.0, Diff: 0.0, Sum: 19.8]
      [GC Worker End (ms): Min: 243423.5, Avg: 243423.5, Max: 243423.5, Diff: 0.0]
   [Code Root Fixup: 0.0 ms]
   [Code Root Purge: 0.0 ms]
   [Clear CT: 0.0 ms]
   [Other: 0.6 ms]
      [Choose CSet: 0.0 ms]
      [Ref Proc: 0.1 ms]
      [Ref Enq: 0.0 ms]
      [Redirty Cards: 0.1 ms]
      [Humongous Register: 0.0 ms]
      [Humongous Reclaim: 0.0 ms]
      [Free CSet: 0.1 ms]
   [Eden: 61.0M(61.0M)->0.0B(45.0M) Survivors: 11.0M->9216.0K Heap: 974.5M(1096.0M)->924.0M(1096.0M)]
 [Times: user=0.00 sys=0.00, real=0.01 secs] 
2016-06-27T20:29:01.152+0300: 243.424: Total time for which application threads were stopped: 0.0070909 seconds, Stopping threads took: 0.0007779 seconds
2016-06-27T20:29:01.542+0300: 243.815: [GC pause (G1 Evacuation Pause) (mixed)
Desired survivor size 3670016 bytes, new threshold 1 (max 15)
- age   1:    9273280 bytes,    9273280 total
, 0.0195173 secs]
   [Parallel Time: 18.1 ms, GC Workers: 4]
      [GC Worker Start (ms): Min: 243815.1, Avg: 243815.1, Max: 243815.1, Diff: 0.1]
      [Ext Root Scanning (ms): Min: 0.5, Avg: 0.6, Max: 0.7, Diff: 0.2, Sum: 2.3]
      [Update RS (ms): Min: 1.1, Avg: 1.2, Max: 1.2, Diff: 0.1, Sum: 4.7]
         [Processed Buffers: Min: 4, Avg: 7.5, Max: 10, Diff: 6, Sum: 30]
      [Scan RS (ms): Min: 3.3, Avg: 3.4, Max: 3.4, Diff: 0.1, Sum: 13.5]
      [Code Root Scanning (ms): Min: 0.0, Avg: 0.0, Max: 0.0, Diff: 0.0, Sum: 0.0]
      [Object Copy (ms): Min: 12.9, Avg: 12.9, Max: 12.9, Diff: 0.1, Sum: 51.7]
      [Termination (ms): Min: 0.0, Avg: 0.0, Max: 0.0, Diff: 0.0, Sum: 0.0]
         [Termination Attempts: Min: 1, Avg: 4.3, Max: 7, Diff: 6, Sum: 17]
      [GC Worker Other (ms): Min: 0.0, Avg: 0.0, Max: 0.0, Diff: 0.0, Sum: 0.1]
      [GC Worker Total (ms): Min: 18.0, Avg: 18.1, Max: 18.1, Diff: 0.1, Sum: 72.2]
      [GC Worker End (ms): Min: 243833.1, Avg: 243833.1, Max: 243833.1, Diff: 0.0]
   [Code Root Fixup: 0.0 ms]
   [Code Root Purge: 0.0 ms]
   [Clear CT: 0.3 ms]
   [Other: 1.1 ms]
      [Choose CSet: 0.2 ms]
      [Ref Proc: 0.1 ms]
      [Ref Enq: 0.0 ms]
      [Redirty Cards: 0.0 ms]
      [Humongous Register: 0.0 ms]
      [Humongous Reclaim: 0.0 ms]
      [Free CSet: 0.5 ms]
   [Eden: 45.0M(45.0M)->0.0B(47.0M) Survivors: 9216.0K->7168.0K Heap: 969.0M(1096.0M)->885.0M(1096.0M)]
 [Times: user=0.06 sys=0.00, real=0.02 secs] 
2016-06-27T20:29:01.562+0300: 243.835: Total time for which application threads were stopped: 0.0256541 seconds, Stopping threads took: 0.0054440 seconds
2016-06-27T20:29:01.921+0300: 244.193: [GC pause (G1 Evacuation Pause) (mixed)
Desired survivor size 3670016 bytes, new threshold 1 (max 15)
- age   1:    7079376 bytes,    7079376 total
, 0.0225831 secs]
   [Parallel Time: 21.4 ms, GC Workers: 4]
      [GC Worker Start (ms): Min: 244193.0, Avg: 244193.0, Max: 244193.0, Diff: 0.0]
      [Ext Root Scanning (ms): Min: 0.5, Avg: 0.5, Max: 0.6, Diff: 0.2, Sum: 2.1]
      [Update RS (ms): Min: 9.1, Avg: 9.1, Max: 9.3, Diff: 0.2, Sum: 36.6]
         [Processed Buffers: Min: 12, Avg: 15.8, Max: 21, Diff: 9, Sum: 63]
      [Scan RS (ms): Min: 2.5, Avg: 2.7, Max: 2.7, Diff: 0.2, Sum: 10.7]
      [Code Root Scanning (ms): Min: 0.0, Avg: 0.1, Max: 0.2, Diff: 0.2, Sum: 0.2]
      [Object Copy (ms): Min: 8.8, Avg: 8.9, Max: 9.0, Diff: 0.2, Sum: 35.8]
      [Termination (ms): Min: 0.0, Avg: 0.0, Max: 0.0, Diff: 0.0, Sum: 0.0]
         [Termination Attempts: Min: 1, Avg: 2.5, Max: 5, Diff: 4, Sum: 10]
      [GC Worker Other (ms): Min: 0.0, Avg: 0.0, Max: 0.0, Diff: 0.0, Sum: 0.1]
      [GC Worker Total (ms): Min: 21.4, Avg: 21.4, Max: 21.4, Diff: 0.0, Sum: 85.5]
      [GC Worker End (ms): Min: 244214.3, Avg: 244214.3, Max: 244214.3, Diff: 0.0]
   [Code Root Fixup: 0.1 ms]
   [Code Root Purge: 0.0 ms]
   [Clear CT: 0.2 ms]
   [Other: 0.9 ms]
      [Choose CSet: 0.1 ms]
      [Ref Proc: 0.1 ms]
      [Ref Enq: 0.0 ms]
      [Redirty Cards: 0.0 ms]
      [Humongous Register: 0.0 ms]
      [Humongous Reclaim: 0.0 ms]
      [Free CSet: 0.3 ms]
   [Eden: 47.0M(47.0M)->0.0B(47.0M) Survivors: 7168.0K->7168.0K Heap: 932.0M(1096.0M)->876.0M(1096.0M)]
 [Times: user=0.13 sys=0.00, real=0.02 secs] 
2016-06-27T20:29:01.943+0300: 244.216: Total time for which application threads were stopped: 0.0260223 seconds, Stopping threads took: 0.0027879 seconds
2016-06-27T20:29:02.352+0300: 244.624: [GC pause (G1 Evacuation Pause) (young)
Desired survivor size 3670016 bytes, new threshold 1 (max 15)
- age   1:    7227048 bytes,    7227048 total
, 0.0121591 secs]
   [Parallel Time: 11.5 ms, GC Workers: 4]
      [GC Worker Start (ms): Min: 244624.6, Avg: 244624.6, Max: 244624.6, Diff: 0.0]
      [Ext Root Scanning (ms): Min: 0.5, Avg: 0.6, Max: 0.6, Diff: 0.1, Sum: 2.3]
      [Update RS (ms): Min: 8.5, Avg: 8.5, Max: 8.6, Diff: 0.1, Sum: 34.1]
         [Processed Buffers: Min: 9, Avg: 17.8, Max: 27, Diff: 18, Sum: 71]
      [Scan RS (ms): Min: 0.0, Avg: 0.0, Max: 0.0, Diff: 0.0, Sum: 0.0]
      [Code Root Scanning (ms): Min: 0.0, Avg: 0.0, Max: 0.0, Diff: 0.0, Sum: 0.0]
      [Object Copy (ms): Min: 2.3, Avg: 2.3, Max: 2.4, Diff: 0.1, Sum: 9.3]
      [Termination (ms): Min: 0.0, Avg: 0.0, Max: 0.0, Diff: 0.0, Sum: 0.0]
         [Termination Attempts: Min: 1, Avg: 1.0, Max: 1, Diff: 0, Sum: 4]
      [GC Worker Other (ms): Min: 0.0, Avg: 0.0, Max: 0.0, Diff: 0.0, Sum: 0.1]
      [GC Worker Total (ms): Min: 11.4, Avg: 11.4, Max: 11.4, Diff: 0.0, Sum: 45.7]
      [GC Worker End (ms): Min: 244636.0, Avg: 244636.0, Max: 244636.0, Diff: 0.0]
   [Code Root Fixup: 0.0 ms]
   [Code Root Purge: 0.0 ms]
   [Clear CT: 0.0 ms]
   [Other: 0.6 ms]
      [Choose CSet: 0.0 ms]
      [Ref Proc: 0.0 ms]
      [Ref Enq: 0.0 ms]
      [Redirty Cards: 0.0 ms]
      [Humongous Register: 0.0 ms]
      [Humongous Reclaim: 0.0 ms]
      [Free CSet: 0.1 ms]
   [Eden: 47.0M(47.0M)->0.0B(47.0M) Survivors: 7168.0K->7168.0K Heap: 923.0M(1096.0M)->885.0M(1096.0M)]
 [Times: user=0.06 sys=0.00, real=0.01 secs] 
2016-06-27T20:29:02.364+0300: 244.637: Total time for which application threads were stopped: 0.0166888 seconds, Stopping threads took: 0.0038647 seconds
2016-06-27T20:29:02.764+0300: 245.036: [GC pause (G1 Evacuation Pause) (young) (initial-mark)
Desired survivor size 3670016 bytes, new threshold 1 (max 15)
- age   1:    7246608 bytes,    7246608 total
, 0.0051434 secs]
   [Parallel Time: 4.4 ms, GC Workers: 4]
      [GC Worker Start (ms): Min: 245036.8, Avg: 245036.8, Max: 245036.9, Diff: 0.2]
      [Ext Root Scanning (ms): Min: 0.7, Avg: 1.4, Max: 3.3, Diff: 2.6, Sum: 5.5]
      [Update RS (ms): Min: 0.0, Avg: 0.8, Max: 1.1, Diff: 1.1, Sum: 3.0]
         [Processed Buffers: Min: 0, Avg: 10.3, Max: 25, Diff: 25, Sum: 41]
      [Scan RS (ms): Min: 0.0, Avg: 0.0, Max: 0.0, Diff: 0.0, Sum: 0.0]
      [Code Root Scanning (ms): Min: 0.0, Avg: 0.0, Max: 0.0, Diff: 0.0, Sum: 0.0]
      [Object Copy (ms): Min: 1.0, Avg: 2.2, Max: 2.6, Diff: 1.6, Sum: 8.7]
      [Termination (ms): Min: 0.0, Avg: 0.0, Max: 0.0, Diff: 0.0, Sum: 0.0]
         [Termination Attempts: Min: 1, Avg: 1.0, Max: 1, Diff: 0, Sum: 4]
      [GC Worker Other (ms): Min: 0.0, Avg: 0.0, Max: 0.0, Diff: 0.0, Sum: 0.1]
      [GC Worker Total (ms): Min: 4.2, Avg: 4.3, Max: 4.4, Diff: 0.2, Sum: 17.3]
      [GC Worker End (ms): Min: 245041.2, Avg: 245041.2, Max: 245041.2, Diff: 0.0]
   [Code Root Fixup: 0.0 ms]
   [Code Root Purge: 0.0 ms]
   [Clear CT: 0.0 ms]
   [Other: 0.7 ms]
      [Choose CSet: 0.0 ms]
      [Ref Proc: 0.0 ms]
      [Ref Enq: 0.0 ms]
      [Redirty Cards: 0.0 ms]
      [Humongous Register: 0.0 ms]
      [Humongous Reclaim: 0.0 ms]
      [Free CSet: 0.1 ms]
   [Eden: 47.0M(47.0M)->0.0B(77.0M) Survivors: 7168.0K->7168.0K Heap: 932.0M(1096.0M)->894.5M(1096.0M)]
 [Times: user=0.00 sys=0.00, real=0.01 secs] 
2016-06-27T20:29:02.770+0300: 245.042: [GC concurrent-root-region-scan-start]
2016-06-27T20:29:02.770+0300: 245.042: Total time for which application threads were stopped: 0.0144479 seconds, Stopping threads took: 0.0086313 seconds
2016-06-27T20:29:02.771+0300: 245.043: [GC concurrent-root-region-scan-end, 0.0011136 secs]
2016-06-27T20:29:02.771+0300: 245.043: [GC concurrent-mark-start]
2016-06-27T20:29:02.845+0300: 245.117: [GC concurrent-mark-end, 0.0737020 secs]
2016-06-27T20:29:02.851+0300: 245.123: [GC remark 2016-06-27T20:29:02.851+0300: 245.123: [Finalize Marking, 0.0002001 secs] 2016-06-27T20:29:02.851+0300: 245.123: [GC ref-proc, 0.0000941 secs] 2016-06-27T20:29:02.851+0300: 245.123: [Unloading, 0.0017525 secs], 0.0057862 secs]
 [Times: user=0.00 sys=0.00, real=0.01 secs] 
2016-06-27T20:29:02.857+0300: 245.129: Total time for which application threads were stopped: 0.0075519 seconds, Stopping threads took: 0.0012624 seconds
2016-06-27T20:29:02.858+0300: 245.130: [GC cleanup 907M->907M(1096M), 0.0020322 secs]
 [Times: user=0.00 sys=0.00, real=0.00 secs] 
2016-06-27T20:29:02.860+0300: 245.132: Total time for which application threads were stopped: 0.0026348 seconds, Stopping threads took: 0.0000590 seconds
2016-06-27T20:29:02.904+0300: 245.177: Total time for which application threads were stopped: 0.0019407 seconds, Stopping threads took: 0.0008053 seconds
2016-06-27T20:29:03.408+0300: 245.680: [GC pause (G1 Evacuation Pause) (young)
Desired survivor size 5767168 bytes, new threshold 1 (max 15)
- age   1:    7226680 bytes,    7226680 total
, 0.0054860 secs]
   [Parallel Time: 4.8 ms, GC Workers: 4]
      [GC Worker Start (ms): Min: 245680.6, Avg: 245680.6, Max: 245680.6, Diff: 0.0]
      [Ext Root Scanning (ms): Min: 0.6, Avg: 0.7, Max: 0.7, Diff: 0.1, Sum: 2.6]
      [Update RS (ms): Min: 0.9, Avg: 1.0, Max: 1.2, Diff: 0.3, Sum: 4.2]
         [Processed Buffers: Min: 13, Avg: 17.5, Max: 23, Diff: 10, Sum: 70]
      [Scan RS (ms): Min: 0.0, Avg: 0.0, Max: 0.0, Diff: 0.0, Sum: 0.0]
      [Code Root Scanning (ms): Min: 0.0, Avg: 0.0, Max: 0.0, Diff: 0.0, Sum: 0.0]
      [Object Copy (ms): Min: 3.0, Avg: 3.1, Max: 3.2, Diff: 0.2, Sum: 12.4]
      [Termination (ms): Min: 0.0, Avg: 0.0, Max: 0.0, Diff: 0.0, Sum: 0.0]
         [Termination Attempts: Min: 1, Avg: 1.0, Max: 1, Diff: 0, Sum: 4]
      [GC Worker Other (ms): Min: 0.0, Avg: 0.0, Max: 0.0, Diff: 0.0, Sum: 0.1]
      [GC Worker Total (ms): Min: 4.8, Avg: 4.8, Max: 4.8, Diff: 0.0, Sum: 19.3]
      [GC Worker End (ms): Min: 245685.4, Avg: 245685.4, Max: 245685.4, Diff: 0.0]
   [Code Root Fixup: 0.0 ms]
   [Code Root Purge: 0.0 ms]
   [Clear CT: 0.1 ms]
   [Other: 0.6 ms]
      [Choose CSet: 0.0 ms]
      [Ref Proc: 0.1 ms]
      [Ref Enq: 0.0 ms]
      [Redirty Cards: 0.0 ms]
      [Humongous Register: 0.0 ms]
      [Humongous Reclaim: 0.0 ms]
      [Free CSet: 0.1 ms]
   [Eden: 77.0M(77.0M)->0.0B(43.0M) Survivors: 7168.0K->11.0M Heap: 971.5M(1096.0M)->909.0M(1096.0M)]
 [Times: user=0.06 sys=0.00, real=0.01 secs] 
2016-06-27T20:29:03.414+0300: 245.686: Total time for which application threads were stopped: 0.0124640 seconds, Stopping threads took: 0.0062155 seconds
2016-06-27T20:29:03.776+0300: 246.048: [GC pause (G1 Evacuation Pause) (mixed)
Desired survivor size 3670016 bytes, new threshold 1 (max 15)
- age   1:   11257088 bytes,   11257088 total
, 0.0206874 secs]
   [Parallel Time: 19.2 ms, GC Workers: 4]
      [GC Worker Start (ms): Min: 246048.4, Avg: 246048.4, Max: 246048.5, Diff: 0.0]
      [Ext Root Scanning (ms): Min: 0.5, Avg: 0.6, Max: 0.7, Diff: 0.2, Sum: 2.4]
      [Update RS (ms): Min: 0.8, Avg: 0.8, Max: 0.9, Diff: 0.1, Sum: 3.3]
         [Processed Buffers: Min: 2, Avg: 9.8, Max: 25, Diff: 23, Sum: 39]
      [Scan RS (ms): Min: 2.9, Avg: 3.0, Max: 3.1, Diff: 0.2, Sum: 12.1]
      [Code Root Scanning (ms): Min: 0.0, Avg: 0.0, Max: 0.1, Diff: 0.1, Sum: 0.1]
      [Object Copy (ms): Min: 14.7, Avg: 14.7, Max: 14.7, Diff: 0.1, Sum: 58.8]
      [Termination (ms): Min: 0.0, Avg: 0.0, Max: 0.0, Diff: 0.0, Sum: 0.0]
         [Termination Attempts: Min: 1, Avg: 2.0, Max: 3, Diff: 2, Sum: 8]
      [GC Worker Other (ms): Min: 0.0, Avg: 0.0, Max: 0.0, Diff: 0.0, Sum: 0.1]
      [GC Worker Total (ms): Min: 19.2, Avg: 19.2, Max: 19.2, Diff: 0.0, Sum: 76.8]
      [GC Worker End (ms): Min: 246067.6, Avg: 246067.6, Max: 246067.6, Diff: 0.0]
   [Code Root Fixup: 0.1 ms]
   [Code Root Purge: 0.0 ms]
   [Clear CT: 0.2 ms]
   [Other: 1.2 ms]
      [Choose CSet: 0.1 ms]
      [Ref Proc: 0.0 ms]
      [Ref Enq: 0.0 ms]
      [Redirty Cards: 0.0 ms]
      [Humongous Register: 0.0 ms]
      [Humongous Reclaim: 0.0 ms]
      [Free CSet: 0.6 ms]
   [Eden: 43.0M(43.0M)->0.0B(47.0M) Survivors: 11.0M->7168.0K Heap: 952.0M(1096.0M)->877.5M(1096.0M)]
 [Times: user=0.06 sys=0.00, real=0.02 secs] 
2016-06-27T20:29:03.797+0300: 246.069: Total time for which application threads were stopped: 0.0253313 seconds, Stopping threads took: 0.0039028 seconds
2016-06-27T20:29:04.202+0300: 246.474: [GC pause (G1 Evacuation Pause) (mixed)
Desired survivor size 3670016 bytes, new threshold 1 (max 15)
- age   1:    6759968 bytes,    6759968 total
, 0.0205107 secs]
   [Parallel Time: 19.5 ms, GC Workers: 4]
      [GC Worker Start (ms): Min: 246474.7, Avg: 246474.7, Max: 246474.7, Diff: 0.0]
      [Ext Root Scanning (ms): Min: 0.6, Avg: 0.6, Max: 0.6, Diff: 0.1, Sum: 2.4]
      [Update RS (ms): Min: 8.6, Avg: 8.7, Max: 8.7, Diff: 0.1, Sum: 34.7]
         [Processed Buffers: Min: 12, Avg: 19.8, Max: 31, Diff: 19, Sum: 79]
      [Scan RS (ms): Min: 2.3, Avg: 2.4, Max: 2.5, Diff: 0.1, Sum: 9.6]
      [Code Root Scanning (ms): Min: 0.0, Avg: 0.0, Max: 0.1, Diff: 0.1, Sum: 0.2]
      [Object Copy (ms): Min: 7.7, Avg: 7.7, Max: 7.7, Diff: 0.0, Sum: 30.7]
      [Termination (ms): Min: 0.0, Avg: 0.0, Max: 0.0, Diff: 0.0, Sum: 0.0]
         [Termination Attempts: Min: 1, Avg: 6.5, Max: 9, Diff: 8, Sum: 26]
      [GC Worker Other (ms): Min: 0.0, Avg: 0.0, Max: 0.0, Diff: 0.0, Sum: 0.1]
      [GC Worker Total (ms): Min: 19.4, Avg: 19.4, Max: 19.4, Diff: 0.0, Sum: 77.7]
      [GC Worker End (ms): Min: 246494.2, Avg: 246494.2, Max: 246494.2, Diff: 0.0]
   [Code Root Fixup: 0.1 ms]
   [Code Root Purge: 0.0 ms]
   [Clear CT: 0.2 ms]
   [Other: 0.8 ms]
      [Choose CSet: 0.1 ms]
      [Ref Proc: 0.0 ms]
      [Ref Enq: 0.0 ms]
      [Redirty Cards: 0.0 ms]
      [Humongous Register: 0.0 ms]
      [Humongous Reclaim: 0.0 ms]
      [Free CSet: 0.3 ms]
   [Eden: 47.0M(47.0M)->0.0B(47.0M) Survivors: 7168.0K->7168.0K Heap: 924.5M(1096.0M)->872.5M(1096.0M)]
 [Times: user=0.06 sys=0.02, real=0.02 secs] 
2016-06-27T20:29:04.223+0300: 246.495: Total time for which application threads were stopped: 0.0265188 seconds, Stopping threads took: 0.0051635 seconds
2016-06-27T20:29:04.500+0300: 246.772: [GC pause (G1 Evacuation Pause) (young)
Desired survivor size 3670016 bytes, new threshold 1 (max 15)
- age   1:    7220248 bytes,    7220248 total
, 0.0112918 secs]
   [Parallel Time: 10.6 ms, GC Workers: 4]
      [GC Worker Start (ms): Min: 246772.5, Avg: 246772.5, Max: 246772.5, Diff: 0.0]
      [Ext Root Scanning (ms): Min: 0.6, Avg: 0.6, Max: 0.6, Diff: 0.0, Sum: 2.3]
      [Update RS (ms): Min: 7.4, Avg: 7.8, Max: 8.8, Diff: 1.3, Sum: 31.4]
         [Processed Buffers: Min: 8, Avg: 14.3, Max: 24, Diff: 16, Sum: 57]
      [Scan RS (ms): Min: 0.0, Avg: 0.0, Max: 0.0, Diff: 0.0, Sum: 0.0]
      [Code Root Scanning (ms): Min: 0.0, Avg: 0.0, Max: 0.0, Diff: 0.0, Sum: 0.0]
      [Object Copy (ms): Min: 1.1, Avg: 2.1, Max: 2.5, Diff: 1.3, Sum: 8.3]
      [Termination (ms): Min: 0.0, Avg: 0.0, Max: 0.0, Diff: 0.0, Sum: 0.0]
         [Termination Attempts: Min: 1, Avg: 1.0, Max: 1, Diff: 0, Sum: 4]
      [GC Worker Other (ms): Min: 0.0, Avg: 0.0, Max: 0.0, Diff: 0.0, Sum: 0.1]
      [GC Worker Total (ms): Min: 10.5, Avg: 10.5, Max: 10.5, Diff: 0.0, Sum: 42.1]
      [GC Worker End (ms): Min: 246783.0, Avg: 246783.0, Max: 246783.0, Diff: 0.0]
   [Code Root Fixup: 0.0 ms]
   [Code Root Purge: 0.0 ms]
   [Clear CT: 0.1 ms]
   [Other: 0.6 ms]
      [Choose CSet: 0.0 ms]
      [Ref Proc: 0.1 ms]
      [Ref Enq: 0.0 ms]
      [Redirty Cards: 0.0 ms]
      [Humongous Register: 0.0 ms]
      [Humongous Reclaim: 0.0 ms]
      [Free CSet: 0.1 ms]
   [Eden: 47.0M(47.0M)->0.0B(87.0M) Survivors: 7168.0K->7168.0K Heap: 919.5M(1096.0M)->881.5M(1096.0M)]
 [Times: user=0.06 sys=0.00, real=0.01 secs] 
2016-06-27T20:29:04.512+0300: 246.784: Total time for which application threads were stopped: 0.0163830 seconds, Stopping threads took: 0.0043279 seconds
2016-06-27T20:29:04.910+0300: 247.182: Total time for which application threads were stopped: 0.0072547 seconds, Stopping threads took: 0.0058678 seconds
2016-06-27T20:29:05.242+0300: 247.514: [GC pause (G1 Evacuation Pause) (young) (initial-mark)
Desired survivor size 6291456 bytes, new threshold 1 (max 15)
- age   1:    7205752 bytes,    7205752 total
, 0.0060483 secs]
   [Parallel Time: 5.3 ms, GC Workers: 4]
      [GC Worker Start (ms): Min: 247514.2, Avg: 247514.2, Max: 247514.3, Diff: 0.0]
      [Ext Root Scanning (ms): Min: 0.5, Avg: 0.6, Max: 0.7, Diff: 0.2, Sum: 2.4]
      [Update RS (ms): Min: 0.7, Avg: 0.8, Max: 1.0, Diff: 0.2, Sum: 3.4]
         [Processed Buffers: Min: 7, Avg: 11.3, Max: 20, Diff: 13, Sum: 45]
      [Scan RS (ms): Min: 0.0, Avg: 0.0, Max: 0.0, Diff: 0.0, Sum: 0.1]
      [Code Root Scanning (ms): Min: 0.0, Avg: 0.0, Max: 0.0, Diff: 0.0, Sum: 0.0]
      [Object Copy (ms): Min: 3.7, Avg: 3.7, Max: 3.8, Diff: 0.1, Sum: 14.9]
      [Termination (ms): Min: 0.0, Avg: 0.0, Max: 0.0, Diff: 0.0, Sum: 0.0]
         [Termination Attempts: Min: 1, Avg: 1.3, Max: 2, Diff: 1, Sum: 5]
      [GC Worker Other (ms): Min: 0.0, Avg: 0.0, Max: 0.0, Diff: 0.0, Sum: 0.1]
      [GC Worker Total (ms): Min: 5.2, Avg: 5.2, Max: 5.2, Diff: 0.0, Sum: 20.8]
      [GC Worker End (ms): Min: 247519.4, Avg: 247519.5, Max: 247519.5, Diff: 0.0]
   [Code Root Fixup: 0.0 ms]
   [Code Root Purge: 0.0 ms]
   [Clear CT: 0.1 ms]
   [Other: 0.7 ms]
      [Choose CSet: 0.0 ms]
      [Ref Proc: 0.1 ms]
      [Ref Enq: 0.0 ms]
      [Redirty Cards: 0.0 ms]
      [Humongous Register: 0.0 ms]
      [Humongous Reclaim: 0.0 ms]
      [Free CSet: 0.1 ms]
   [Eden: 87.0M(87.0M)->0.0B(75.0M) Survivors: 7168.0K->12.0M Heap: 968.5M(1096.0M)->897.0M(1096.0M)]
 [Times: user=0.00 sys=0.00, real=0.01 secs] 
2016-06-27T20:29:05.248+0300: 247.520: [GC concurrent-root-region-scan-start]
2016-06-27T20:29:05.248+0300: 247.520: Total time for which application threads were stopped: 0.0092677 seconds, Stopping threads took: 0.0025800 seconds
2016-06-27T20:29:05.249+0300: 247.521: [GC concurrent-root-region-scan-end, 0.0011145 secs]
2016-06-27T20:29:05.249+0300: 247.521: [GC concurrent-mark-start]
2016-06-27T20:29:05.322+0300: 247.594: [GC concurrent-mark-end, 0.0705236 secs]
2016-06-27T20:29:05.354+0300: 247.626: [GC remark 2016-06-27T20:29:05.354+0300: 247.626: [Finalize Marking, 0.0002271 secs] 2016-06-27T20:29:05.354+0300: 247.626: [GC ref-proc, 0.0001001 secs] 2016-06-27T20:29:05.354+0300: 247.626: [Unloading, 0.0017692 secs], 0.0058276 secs]
 [Times: user=0.00 sys=0.00, real=0.01 secs] 
2016-06-27T20:29:05.360+0300: 247.632: Total time for which application threads were stopped: 0.0096941 seconds, Stopping threads took: 0.0034371 seconds
2016-06-27T20:29:05.365+0300: 247.637: [GC cleanup 913M->913M(1096M), 0.0020399 secs]
 [Times: user=0.00 sys=0.00, real=0.00 secs] 
2016-06-27T20:29:05.367+0300: 247.639: Total time for which application threads were stopped: 0.0025433 seconds, Stopping threads took: 0.0000552 seconds
2016-06-27T20:29:05.852+0300: 248.124: [GC pause (G1 Evacuation Pause) (young)
Desired survivor size 5767168 bytes, new threshold 1 (max 15)
- age   1:   12382848 bytes,   12382848 total
, 0.0063194 secs]
   [Parallel Time: 5.7 ms, GC Workers: 4]
      [GC Worker Start (ms): Min: 248124.0, Avg: 248124.0, Max: 248124.0, Diff: 0.0]
      [Ext Root Scanning (ms): Min: 0.6, Avg: 0.6, Max: 0.7, Diff: 0.1, Sum: 2.4]
      [Update RS (ms): Min: 1.1, Avg: 1.2, Max: 1.3, Diff: 0.1, Sum: 4.9]
         [Processed Buffers: Min: 4, Avg: 10.3, Max: 22, Diff: 18, Sum: 41]
      [Scan RS (ms): Min: 0.0, Avg: 0.0, Max: 0.0, Diff: 0.0, Sum: 0.1]
      [Code Root Scanning (ms): Min: 0.0, Avg: 0.0, Max: 0.0, Diff: 0.0, Sum: 0.0]
      [Object Copy (ms): Min: 3.9, Avg: 3.9, Max: 3.9, Diff: 0.0, Sum: 15.4]
      [Termination (ms): Min: 0.0, Avg: 0.0, Max: 0.0, Diff: 0.0, Sum: 0.0]
         [Termination Attempts: Min: 1, Avg: 1.0, Max: 1, Diff: 0, Sum: 4]
      [GC Worker Other (ms): Min: 0.0, Avg: 0.0, Max: 0.0, Diff: 0.0, Sum: 0.1]
      [GC Worker Total (ms): Min: 5.7, Avg: 5.7, Max: 5.7, Diff: 0.0, Sum: 22.8]
      [GC Worker End (ms): Min: 248129.7, Avg: 248129.7, Max: 248129.7, Diff: 0.0]
   [Code Root Fixup: 0.0 ms]
   [Code Root Purge: 0.0 ms]
   [Clear CT: 0.0 ms]
   [Other: 0.5 ms]
      [Choose CSet: 0.0 ms]
      [Ref Proc: 0.0 ms]
      [Ref Enq: 0.0 ms]
      [Redirty Cards: 0.0 ms]
      [Humongous Register: 0.0 ms]
      [Humongous Reclaim: 0.0 ms]
      [Free CSet: 0.1 ms]
   [Eden: 75.0M(75.0M)->0.0B(43.0M) Survivors: 12.0M->11.0M Heap: 972.0M(1096.0M)->910.0M(1096.0M)]
 [Times: user=0.00 sys=0.00, real=0.01 secs] 
2016-06-27T20:29:05.858+0300: 248.130: Total time for which application threads were stopped: 0.0122489 seconds, Stopping threads took: 0.0052841 seconds
2016-06-27T20:29:06.234+0300: 248.507: [GC pause (G1 Evacuation Pause) (mixed)
Desired survivor size 3670016 bytes, new threshold 1 (max 15)
- age   1:   11330672 bytes,   11330672 total
, 0.0206424 secs]
   [Parallel Time: 19.3 ms, GC Workers: 4]
      [GC Worker Start (ms): Min: 248506.9, Avg: 248506.9, Max: 248506.9, Diff: 0.0]
      [Ext Root Scanning (ms): Min: 0.5, Avg: 0.6, Max: 0.6, Diff: 0.1, Sum: 2.2]
      [Update RS (ms): Min: 1.0, Avg: 1.1, Max: 1.1, Diff: 0.1, Sum: 4.2]
         [Processed Buffers: Min: 2, Avg: 9.3, Max: 19, Diff: 17, Sum: 37]
      [Scan RS (ms): Min: 2.8, Avg: 2.9, Max: 3.0, Diff: 0.2, Sum: 11.6]
      [Code Root Scanning (ms): Min: 0.0, Avg: 0.0, Max: 0.1, Diff: 0.1, Sum: 0.1]
      [Object Copy (ms): Min: 14.6, Avg: 14.7, Max: 14.7, Diff: 0.1, Sum: 58.8]
      [Termination (ms): Min: 0.0, Avg: 0.0, Max: 0.0, Diff: 0.0, Sum: 0.0]
         [Termination Attempts: Min: 1, Avg: 1.3, Max: 2, Diff: 1, Sum: 5]
      [GC Worker Other (ms): Min: 0.0, Avg: 0.0, Max: 0.0, Diff: 0.0, Sum: 0.1]
      [GC Worker Total (ms): Min: 19.2, Avg: 19.3, Max: 19.3, Diff: 0.0, Sum: 77.0]
      [GC Worker End (ms): Min: 248526.1, Avg: 248526.1, Max: 248526.1, Diff: 0.0]
   [Code Root Fixup: 0.0 ms]
   [Code Root Purge: 0.0 ms]
   [Clear CT: 0.2 ms]
   [Other: 1.1 ms]
      [Choose CSet: 0.2 ms]
      [Ref Proc: 0.1 ms]
      [Ref Enq: 0.0 ms]
      [Redirty Cards: 0.0 ms]
      [Humongous Register: 0.0 ms]
      [Humongous Reclaim: 0.0 ms]
      [Free CSet: 0.5 ms]
   [Eden: 43.0M(43.0M)->0.0B(47.0M) Survivors: 11.0M->7168.0K Heap: 953.0M(1096.0M)->881.0M(1096.0M)]
 [Times: user=0.08 sys=0.00, real=0.02 secs] 
2016-06-27T20:29:06.255+0300: 248.527: Total time for which application threads were stopped: 0.0271642 seconds, Stopping threads took: 0.0058589 seconds
2016-06-27T20:29:06.661+0300: 248.933: [GC pause (G1 Evacuation Pause) (mixed)
Desired survivor size 3670016 bytes, new threshold 1 (max 15)
- age   1:    7216320 bytes,    7216320 total
, 0.0200416 secs]
   [Parallel Time: 19.0 ms, GC Workers: 4]
      [GC Worker Start (ms): Min: 248933.1, Avg: 248933.1, Max: 248933.2, Diff: 0.1]
      [Ext Root Scanning (ms): Min: 0.5, Avg: 0.6, Max: 0.7, Diff: 0.1, Sum: 2.5]
      [Update RS (ms): Min: 9.7, Avg: 9.8, Max: 9.8, Diff: 0.1, Sum: 39.1]
         [Processed Buffers: Min: 17, Avg: 20.5, Max: 24, Diff: 7, Sum: 82]
      [Scan RS (ms): Min: 2.0, Avg: 2.0, Max: 2.1, Diff: 0.1, Sum: 8.1]
      [Code Root Scanning (ms): Min: 0.0, Avg: 0.0, Max: 0.1, Diff: 0.1, Sum: 0.2]
      [Object Copy (ms): Min: 6.4, Avg: 6.5, Max: 6.5, Diff: 0.1, Sum: 25.8]
      [Termination (ms): Min: 0.0, Avg: 0.0, Max: 0.0, Diff: 0.0, Sum: 0.0]
         [Termination Attempts: Min: 1, Avg: 1.3, Max: 2, Diff: 1, Sum: 5]
      [GC Worker Other (ms): Min: 0.0, Avg: 0.0, Max: 0.0, Diff: 0.0, Sum: 0.0]
      [GC Worker Total (ms): Min: 18.9, Avg: 18.9, Max: 18.9, Diff: 0.1, Sum: 75.7]
      [GC Worker End (ms): Min: 248952.0, Avg: 248952.0, Max: 248952.0, Diff: 0.0]
   [Code Root Fixup: 0.1 ms]
   [Code Root Purge: 0.0 ms]
   [Clear CT: 0.2 ms]
   [Other: 0.8 ms]
      [Choose CSet: 0.1 ms]
      [Ref Proc: 0.1 ms]
      [Ref Enq: 0.0 ms]
      [Redirty Cards: 0.0 ms]
      [Humongous Register: 0.0 ms]
      [Humongous Reclaim: 0.0 ms]
      [Free CSet: 0.3 ms]
   [Eden: 47.0M(47.0M)->0.0B(47.0M) Survivors: 7168.0K->7168.0K Heap: 928.0M(1096.0M)->879.5M(1096.0M)]
 [Times: user=0.08 sys=0.00, real=0.02 secs] 
2016-06-27T20:29:06.681+0300: 248.953: Total time for which application threads were stopped: 0.0240791 seconds, Stopping threads took: 0.0033348 seconds
2016-06-27T20:29:07.066+0300: 249.338: [GC pause (G1 Evacuation Pause) (young)
Desired survivor size 3670016 bytes, new threshold 1 (max 15)
- age   1:    7199008 bytes,    7199008 total
, 0.0102081 secs]
   [Parallel Time: 9.4 ms, GC Workers: 4]
      [GC Worker Start (ms): Min: 249338.4, Avg: 249338.4, Max: 249338.4, Diff: 0.0]
      [Ext Root Scanning (ms): Min: 0.5, Avg: 0.6, Max: 0.6, Diff: 0.1, Sum: 2.3]
      [Update RS (ms): Min: 6.4, Avg: 6.5, Max: 6.5, Diff: 0.1, Sum: 25.8]
         [Processed Buffers: Min: 7, Avg: 19.0, Max: 47, Diff: 40, Sum: 76]
      [Scan RS (ms): Min: 0.0, Avg: 0.0, Max: 0.0, Diff: 0.0, Sum: 0.0]
      [Code Root Scanning (ms): Min: 0.0, Avg: 0.0, Max: 0.0, Diff: 0.0, Sum: 0.0]
      [Object Copy (ms): Min: 2.2, Avg: 2.3, Max: 2.4, Diff: 0.2, Sum: 9.2]
      [Termination (ms): Min: 0.0, Avg: 0.0, Max: 0.0, Diff: 0.0, Sum: 0.0]
         [Termination Attempts: Min: 1, Avg: 1.0, Max: 1, Diff: 0, Sum: 4]
      [GC Worker Other (ms): Min: 0.0, Avg: 0.0, Max: 0.0, Diff: 0.0, Sum: 0.1]
      [GC Worker Total (ms): Min: 9.4, Avg: 9.4, Max: 9.4, Diff: 0.0, Sum: 37.5]
      [GC Worker End (ms): Min: 249347.7, Avg: 249347.7, Max: 249347.7, Diff: 0.0]
   [Code Root Fixup: 0.0 ms]
   [Code Root Purge: 0.0 ms]
   [Clear CT: 0.1 ms]
   [Other: 0.7 ms]
      [Choose CSet: 0.0 ms]
      [Ref Proc: 0.1 ms]
      [Ref Enq: 0.0 ms]
      [Redirty Cards: 0.0 ms]
      [Humongous Register: 0.0 ms]
      [Humongous Reclaim: 0.0 ms]
      [Free CSet: 0.1 ms]
   [Eden: 47.0M(47.0M)->0.0B(82.0M) Survivors: 7168.0K->7168.0K Heap: 926.5M(1096.0M)->888.5M(1096.0M)]
 [Times: user=0.06 sys=0.00, real=0.01 secs] 
2016-06-27T20:29:07.076+0300: 249.348: Total time for which application threads were stopped: 0.0139775 seconds, Stopping threads took: 0.0030363 seconds
2016-06-27T20:29:07.770+0300: 250.043: [GC pause (G1 Evacuation Pause) (young) (initial-mark)
Desired survivor size 6291456 bytes, new threshold 1 (max 15)
- age   1:    7077848 bytes,    7077848 total
, 0.0065055 secs]
   [Parallel Time: 5.8 ms, GC Workers: 4]
      [GC Worker Start (ms): Min: 250042.9, Avg: 250042.9, Max: 250043.0, Diff: 0.0]
      [Ext Root Scanning (ms): Min: 0.6, Avg: 0.8, Max: 1.5, Diff: 0.9, Sum: 3.3]
      [Update RS (ms): Min: 1.0, Avg: 1.6, Max: 1.9, Diff: 0.9, Sum: 6.6]
         [Processed Buffers: Min: 4, Avg: 15.8, Max: 34, Diff: 30, Sum: 63]
      [Scan RS (ms): Min: 0.0, Avg: 0.0, Max: 0.0, Diff: 0.0, Sum: 0.1]
      [Code Root Scanning (ms): Min: 0.0, Avg: 0.0, Max: 0.0, Diff: 0.0, Sum: 0.0]
      [Object Copy (ms): Min: 3.2, Avg: 3.2, Max: 3.2, Diff: 0.0, Sum: 12.9]
      [Termination (ms): Min: 0.0, Avg: 0.0, Max: 0.0, Diff: 0.0, Sum: 0.0]
         [Termination Attempts: Min: 1, Avg: 1.0, Max: 1, Diff: 0, Sum: 4]
      [GC Worker Other (ms): Min: 0.0, Avg: 0.0, Max: 0.0, Diff: 0.0, Sum: 0.1]
      [GC Worker Total (ms): Min: 5.7, Avg: 5.7, Max: 5.7, Diff: 0.0, Sum: 22.9]
      [GC Worker End (ms): Min: 250048.7, Avg: 250048.7, Max: 250048.7, Diff: 0.0]
   [Code Root Fixup: 0.0 ms]
   [Code Root Purge: 0.0 ms]
   [Clear CT: 0.0 ms]
   [Other: 0.7 ms]
      [Choose CSet: 0.0 ms]
      [Ref Proc: 0.1 ms]
      [Ref Enq: 0.0 ms]
      [Redirty Cards: 0.1 ms]
      [Humongous Register: 0.0 ms]
      [Humongous Reclaim: 0.0 ms]
      [Free CSet: 0.1 ms]
   [Eden: 82.0M(82.0M)->0.0B(70.0M) Survivors: 7168.0K->12.0M Heap: 970.5M(1096.0M)->903.0M(1096.0M)]
 [Times: user=0.00 sys=0.00, real=0.01 secs] 
2016-06-27T20:29:07.777+0300: 250.049: [GC concurrent-root-region-scan-start]
2016-06-27T20:29:07.777+0300: 250.049: Total time for which application threads were stopped: 0.0100490 seconds, Stopping threads took: 0.0028944 seconds
2016-06-27T20:29:07.778+0300: 250.050: [GC concurrent-root-region-scan-end, 0.0010623 secs]
2016-06-27T20:29:07.778+0300: 250.050: [GC concurrent-mark-start]
2016-06-27T20:29:07.852+0300: 250.124: [GC concurrent-mark-end, 0.0732508 secs]
2016-06-27T20:29:07.866+0300: 250.138: [GC remark 2016-06-27T20:29:07.866+0300: 250.138: [Finalize Marking, 0.0001788 secs] 2016-06-27T20:29:07.866+0300: 250.138: [GC ref-proc, 0.0001022 secs] 2016-06-27T20:29:07.866+0300: 250.139: [Unloading, 0.0017401 secs], 0.0057605 secs]
 [Times: user=0.00 sys=0.00, real=0.01 secs] 
2016-06-27T20:29:07.872+0300: 250.144: Total time for which application threads were stopped: 0.0071662 seconds, Stopping threads took: 0.0009426 seconds
2016-06-27T20:29:07.873+0300: 250.146: [GC cleanup 917M->916M(1096M), 0.0020750 secs]
 [Times: user=0.00 sys=0.00, real=0.00 secs] 
2016-06-27T20:29:07.876+0300: 250.148: Total time for which application threads were stopped: 0.0027857 seconds, Stopping threads took: 0.0001942 seconds
2016-06-27T20:29:07.876+0300: 250.148: [GC concurrent-cleanup-start]
2016-06-27T20:29:07.876+0300: 250.148: [GC concurrent-cleanup-end, 0.0000171 secs]
2016-06-27T20:29:07.905+0300: 250.177: Total time for which application threads were stopped: 0.0011388 seconds, Stopping threads took: 0.0000731 seconds
2016-06-27T20:29:08.347+0300: 250.619: [GC pause (G1 Evacuation Pause) (young)
Desired survivor size 5767168 bytes, new threshold 1 (max 15)
- age   1:   12363440 bytes,   12363440 total
, 0.0058567 secs]
   [Parallel Time: 5.2 ms, GC Workers: 4]
      [GC Worker Start (ms): Min: 250619.2, Avg: 250619.2, Max: 250619.2, Diff: 0.0]
      [Ext Root Scanning (ms): Min: 0.4, Avg: 0.5, Max: 0.6, Diff: 0.2, Sum: 1.9]
      [Update RS (ms): Min: 0.8, Avg: 0.9, Max: 1.0, Diff: 0.2, Sum: 3.7]
         [Processed Buffers: Min: 10, Avg: 19.3, Max: 25, Diff: 15, Sum: 77]
      [Scan RS (ms): Min: 0.0, Avg: 0.0, Max: 0.0, Diff: 0.0, Sum: 0.1]
      [Code Root Scanning (ms): Min: 0.0, Avg: 0.0, Max: 0.0, Diff: 0.0, Sum: 0.0]
      [Object Copy (ms): Min: 3.6, Avg: 3.7, Max: 3.8, Diff: 0.2, Sum: 15.0]
      [Termination (ms): Min: 0.0, Avg: 0.0, Max: 0.0, Diff: 0.0, Sum: 0.0]
         [Termination Attempts: Min: 1, Avg: 1.0, Max: 1, Diff: 0, Sum: 4]
      [GC Worker Other (ms): Min: 0.0, Avg: 0.0, Max: 0.0, Diff: 0.0, Sum: 0.1]
      [GC Worker Total (ms): Min: 5.2, Avg: 5.2, Max: 5.2, Diff: 0.0, Sum: 20.7]
      [GC Worker End (ms): Min: 250624.4, Avg: 250624.4, Max: 250624.4, Diff: 0.0]
   [Code Root Fixup: 0.0 ms]
   [Code Root Purge: 0.0 ms]
   [Clear CT: 0.0 ms]
   [Other: 0.6 ms]
      [Choose CSet: 0.0 ms]
      [Ref Proc: 0.0 ms]
      [Ref Enq: 0.0 ms]
      [Redirty Cards: 0.0 ms]
      [Humongous Register: 0.0 ms]
      [Humongous Reclaim: 0.0 ms]
      [Free CSet: 0.1 ms]
   [Eden: 70.0M(70.0M)->0.0B(43.0M) Survivors: 12.0M->11.0M Heap: 972.0M(1096.0M)->915.5M(1096.0M)]
 [Times: user=0.06 sys=0.00, real=0.01 secs] 
2016-06-27T20:29:08.353+0300: 250.625: Total time for which application threads were stopped: 0.0094875 seconds, Stopping threads took: 0.0030056 seconds
2016-06-27T20:29:08.723+0300: 250.995: [GC pause (G1 Evacuation Pause) (mixed)
Desired survivor size 3670016 bytes, new threshold 1 (max 15)
- age   1:   11206112 bytes,   11206112 total
, 0.0205830 secs]
   [Parallel Time: 19.2 ms, GC Workers: 4]
      [GC Worker Start (ms): Min: 250995.4, Avg: 250995.4, Max: 250995.4, Diff: 0.0]
      [Ext Root Scanning (ms): Min: 0.5, Avg: 0.6, Max: 0.7, Diff: 0.2, Sum: 2.2]
      [Update RS (ms): Min: 1.1, Avg: 1.2, Max: 1.3, Diff: 0.1, Sum: 4.8]
         [Processed Buffers: Min: 3, Avg: 10.0, Max: 17, Diff: 14, Sum: 40]
      [Scan RS (ms): Min: 3.0, Avg: 3.1, Max: 3.1, Diff: 0.1, Sum: 12.2]
      [Code Root Scanning (ms): Min: 0.0, Avg: 0.0, Max: 0.1, Diff: 0.1, Sum: 0.1]
      [Object Copy (ms): Min: 14.2, Avg: 14.3, Max: 14.3, Diff: 0.1, Sum: 57.1]
      [Termination (ms): Min: 0.0, Avg: 0.0, Max: 0.0, Diff: 0.0, Sum: 0.0]
         [Termination Attempts: Min: 1, Avg: 1.3, Max: 2, Diff: 1, Sum: 5]
      [GC Worker Other (ms): Min: 0.0, Avg: 0.0, Max: 0.0, Diff: 0.0, Sum: 0.0]
      [GC Worker Total (ms): Min: 19.1, Avg: 19.1, Max: 19.2, Diff: 0.0, Sum: 76.5]
      [GC Worker End (ms): Min: 251014.5, Avg: 251014.5, Max: 251014.5, Diff: 0.0]
   [Code Root Fixup: 0.0 ms]
   [Code Root Purge: 0.0 ms]
   [Clear CT: 0.2 ms]
   [Other: 1.1 ms]
      [Choose CSet: 0.2 ms]
      [Ref Proc: 0.1 ms]
      [Ref Enq: 0.0 ms]
      [Redirty Cards: 0.1 ms]
      [Humongous Register: 0.0 ms]
      [Humongous Reclaim: 0.0 ms]
      [Free CSet: 0.5 ms]
   [Eden: 43.0M(43.0M)->0.0B(47.0M) Survivors: 11.0M->7168.0K Heap: 958.5M(1096.0M)->882.0M(1096.0M)]
 [Times: user=0.09 sys=0.00, real=0.02 secs] 
2016-06-27T20:29:08.744+0300: 251.016: Total time for which application threads were stopped: 0.0236241 seconds, Stopping threads took: 0.0023927 seconds
2016-06-27T20:29:09.136+0300: 251.409: [GC pause (G1 Evacuation Pause) (mixed)
Desired survivor size 3670016 bytes, new threshold 1 (max 15)
- age   1:    6860160 bytes,    6860160 total
, 0.0233576 secs]
   [Parallel Time: 22.2 ms, GC Workers: 4]
      [GC Worker Start (ms): Min: 251408.9, Avg: 251408.9, Max: 251408.9, Diff: 0.0]
      [Ext Root Scanning (ms): Min: 0.5, Avg: 0.6, Max: 0.6, Diff: 0.1, Sum: 2.2]
      [Update RS (ms): Min: 9.5, Avg: 9.6, Max: 9.9, Diff: 0.5, Sum: 38.6]
         [Processed Buffers: Min: 12, Avg: 21.0, Max: 32, Diff: 20, Sum: 84]
      [Scan RS (ms): Min: 2.7, Avg: 2.9, Max: 3.0, Diff: 0.4, Sum: 11.7]
      [Code Root Scanning (ms): Min: 0.0, Avg: 0.1, Max: 0.1, Diff: 0.1, Sum: 0.2]
      [Object Copy (ms): Min: 8.9, Avg: 8.9, Max: 9.0, Diff: 0.0, Sum: 35.8]
      [Termination (ms): Min: 0.0, Avg: 0.0, Max: 0.0, Diff: 0.0, Sum: 0.0]
         [Termination Attempts: Min: 1, Avg: 1.0, Max: 1, Diff: 0, Sum: 4]
      [GC Worker Other (ms): Min: 0.0, Avg: 0.0, Max: 0.0, Diff: 0.0, Sum: 0.0]
      [GC Worker Total (ms): Min: 22.1, Avg: 22.1, Max: 22.1, Diff: 0.0, Sum: 88.5]
      [GC Worker End (ms): Min: 251431.0, Avg: 251431.0, Max: 251431.0, Diff: 0.0]
   [Code Root Fixup: 0.1 ms]
   [Code Root Purge: 0.0 ms]
   [Clear CT: 0.2 ms]
   [Other: 0.9 ms]
      [Choose CSet: 0.1 ms]
      [Ref Proc: 0.1 ms]
      [Ref Enq: 0.0 ms]
      [Redirty Cards: 0.0 ms]
      [Humongous Register: 0.0 ms]
      [Humongous Reclaim: 0.0 ms]
      [Free CSet: 0.3 ms]
   [Eden: 47.0M(47.0M)->0.0B(47.0M) Survivors: 7168.0K->7168.0K Heap: 929.0M(1096.0M)->871.0M(1096.0M)]
 [Times: user=0.06 sys=0.00, real=0.02 secs] 
2016-06-27T20:29:09.160+0300: 251.432: Total time for which application threads were stopped: 0.0287747 seconds, Stopping threads took: 0.0047089 seconds
2016-06-27T20:29:09.556+0300: 251.828: [GC pause (G1 Evacuation Pause) (young)
Desired survivor size 3670016 bytes, new threshold 1 (max 15)
- age   1:    7234088 bytes,    7234088 total
, 0.0127039 secs]
   [Parallel Time: 12.1 ms, GC Workers: 4]
      [GC Worker Start (ms): Min: 251828.5, Avg: 251828.6, Max: 251828.6, Diff: 0.0]
      [Ext Root Scanning (ms): Min: 0.5, Avg: 0.5, Max: 0.6, Diff: 0.1, Sum: 2.2]
      [Update RS (ms): Min: 9.1, Avg: 9.1, Max: 9.1, Diff: 0.0, Sum: 36.3]
         [Processed Buffers: Min: 11, Avg: 18.3, Max: 26, Diff: 15, Sum: 73]
      [Scan RS (ms): Min: 0.0, Avg: 0.0, Max: 0.0, Diff: 0.0, Sum: 0.0]
      [Code Root Scanning (ms): Min: 0.0, Avg: 0.0, Max: 0.0, Diff: 0.0, Sum: 0.0]
      [Object Copy (ms): Min: 2.3, Avg: 2.4, Max: 2.4, Diff: 0.1, Sum: 9.5]
      [Termination (ms): Min: 0.0, Avg: 0.0, Max: 0.0, Diff: 0.0, Sum: 0.0]
         [Termination Attempts: Min: 1, Avg: 1.0, Max: 1, Diff: 0, Sum: 4]
      [GC Worker Other (ms): Min: 0.0, Avg: 0.0, Max: 0.0, Diff: 0.0, Sum: 0.0]
      [GC Worker Total (ms): Min: 12.0, Avg: 12.0, Max: 12.0, Diff: 0.0, Sum: 48.0]
      [GC Worker End (ms): Min: 251840.6, Avg: 251840.6, Max: 251840.6, Diff: 0.0]
   [Code Root Fixup: 0.0 ms]
   [Code Root Purge: 0.0 ms]
   [Clear CT: 0.0 ms]
   [Other: 0.6 ms]
      [Choose CSet: 0.0 ms]
      [Ref Proc: 0.0 ms]
      [Ref Enq: 0.0 ms]
      [Redirty Cards: 0.0 ms]
      [Humongous Register: 0.0 ms]
      [Humongous Reclaim: 0.0 ms]
      [Free CSet: 0.1 ms]
   [Eden: 47.0M(47.0M)->0.0B(47.0M) Survivors: 7168.0K->7168.0K Heap: 918.0M(1096.0M)->880.0M(1096.0M)]
 [Times: user=0.06 sys=0.00, real=0.01 secs] 
2016-06-27T20:29:09.569+0300: 251.841: Total time for which application threads were stopped: 0.0145214 seconds, Stopping threads took: 0.0011393 seconds
2016-06-27T20:29:09.956+0300: 252.228: [GC pause (G1 Evacuation Pause) (young) (initial-mark)
Desired survivor size 3670016 bytes, new threshold 1 (max 15)
- age   1:    7197744 bytes,    7197744 total
, 0.0047564 secs]
   [Parallel Time: 4.1 ms, GC Workers: 4]
      [GC Worker Start (ms): Min: 252228.1, Avg: 252228.2, Max: 252228.2, Diff: 0.0]
      [Ext Root Scanning (ms): Min: 0.6, Avg: 0.6, Max: 0.8, Diff: 0.2, Sum: 2.6]
      [Update RS (ms): Min: 0.8, Avg: 1.0, Max: 1.2, Diff: 0.4, Sum: 4.1]
         [Processed Buffers: Min: 6, Avg: 12.5, Max: 24, Diff: 18, Sum: 50]
      [Scan RS (ms): Min: 0.0, Avg: 0.0, Max: 0.0, Diff: 0.0, Sum: 0.0]
      [Code Root Scanning (ms): Min: 0.0, Avg: 0.0, Max: 0.0, Diff: 0.0, Sum: 0.0]
      [Object Copy (ms): Min: 2.2, Avg: 2.3, Max: 2.4, Diff: 0.2, Sum: 9.3]
      [Termination (ms): Min: 0.0, Avg: 0.0, Max: 0.0, Diff: 0.0, Sum: 0.0]
         [Termination Attempts: Min: 1, Avg: 1.0, Max: 1, Diff: 0, Sum: 4]
      [GC Worker Other (ms): Min: 0.0, Avg: 0.0, Max: 0.0, Diff: 0.0, Sum: 0.1]
      [GC Worker Total (ms): Min: 4.0, Avg: 4.0, Max: 4.0, Diff: 0.0, Sum: 16.0]
      [GC Worker End (ms): Min: 252232.2, Avg: 252232.2, Max: 252232.2, Diff: 0.0]
   [Code Root Fixup: 0.0 ms]
   [Code Root Purge: 0.0 ms]
   [Clear CT: 0.0 ms]
   [Other: 0.7 ms]
      [Choose CSet: 0.0 ms]
      [Ref Proc: 0.1 ms]
      [Ref Enq: 0.0 ms]
      [Redirty Cards: 0.0 ms]
      [Humongous Register: 0.0 ms]
      [Humongous Reclaim: 0.0 ms]
      [Free CSet: 0.1 ms]
   [Eden: 47.0M(47.0M)->0.0B(81.0M) Survivors: 7168.0K->7168.0K Heap: 927.0M(1096.0M)->889.5M(1096.0M)]
 [Times: user=0.06 sys=0.00, real=0.00 secs] 
2016-06-27T20:29:09.961+0300: 252.233: [GC concurrent-root-region-scan-start]
2016-06-27T20:29:09.961+0300: 252.233: Total time for which application threads were stopped: 0.0064075 seconds, Stopping threads took: 0.0009165 seconds
2016-06-27T20:29:09.961+0300: 252.234: [GC concurrent-root-region-scan-end, 0.0006646 secs]
2016-06-27T20:29:09.961+0300: 252.234: [GC concurrent-mark-start]
2016-06-27T20:29:10.036+0300: 252.308: [GC concurrent-mark-end, 0.0723826 secs]
2016-06-27T20:29:10.056+0300: 252.328: [GC remark 2016-06-27T20:29:10.056+0300: 252.328: [Finalize Marking, 0.0002087 secs] 2016-06-27T20:29:10.056+0300: 252.328: [GC ref-proc, 0.0001069 secs] 2016-06-27T20:29:10.056+0300: 252.328: [Unloading, 0.0017897 secs], 0.0057712 secs]
 [Times: user=0.00 sys=0.00, real=0.01 secs] 
2016-06-27T20:29:10.062+0300: 252.334: Total time for which application threads were stopped: 0.0087220 seconds, Stopping threads took: 0.0024197 seconds
2016-06-27T20:29:10.062+0300: 252.334: [GC cleanup 903M->903M(1096M), 0.0020583 secs]
 [Times: user=0.00 sys=0.00, real=0.00 secs] 
2016-06-27T20:29:10.065+0300: 252.336: Total time for which application threads were stopped: 0.0026852 seconds, Stopping threads took: 0.0000513 seconds
2016-06-27T20:29:10.641+0300: 252.914: [GC pause (G1 Evacuation Pause) (young)
Desired survivor size 5767168 bytes, new threshold 1 (max 15)
- age   1:    7052648 bytes,    7052648 total
, 0.0055835 secs]
   [Parallel Time: 5.0 ms, GC Workers: 4]
      [GC Worker Start (ms): Min: 252913.8, Avg: 252913.8, Max: 252913.8, Diff: 0.0]
      [Ext Root Scanning (ms): Min: 0.5, Avg: 0.6, Max: 0.6, Diff: 0.1, Sum: 2.3]
      [Update RS (ms): Min: 1.1, Avg: 1.1, Max: 1.1, Diff: 0.1, Sum: 4.4]
         [Processed Buffers: Min: 7, Avg: 22.0, Max: 36, Diff: 29, Sum: 88]
      [Scan RS (ms): Min: 0.0, Avg: 0.0, Max: 0.0, Diff: 0.0, Sum: 0.1]
      [Code Root Scanning (ms): Min: 0.0, Avg: 0.0, Max: 0.0, Diff: 0.0, Sum: 0.0]
      [Object Copy (ms): Min: 3.2, Avg: 3.2, Max: 3.3, Diff: 0.0, Sum: 12.9]
      [Termination (ms): Min: 0.0, Avg: 0.0, Max: 0.0, Diff: 0.0, Sum: 0.0]
         [Termination Attempts: Min: 1, Avg: 1.0, Max: 1, Diff: 0, Sum: 4]
      [GC Worker Other (ms): Min: 0.0, Avg: 0.0, Max: 0.0, Diff: 0.0, Sum: 0.1]
      [GC Worker Total (ms): Min: 4.9, Avg: 4.9, Max: 4.9, Diff: 0.0, Sum: 19.7]
      [GC Worker End (ms): Min: 252918.8, Avg: 252918.8, Max: 252918.8, Diff: 0.0]
   [Code Root Fixup: 0.0 ms]
   [Code Root Purge: 0.0 ms]
   [Clear CT: 0.0 ms]
   [Other: 0.6 ms]
      [Choose CSet: 0.0 ms]
      [Ref Proc: 0.1 ms]
      [Ref Enq: 0.0 ms]
      [Redirty Cards: 0.0 ms]
      [Humongous Register: 0.0 ms]
      [Humongous Reclaim: 0.0 ms]
      [Free CSet: 0.1 ms]
   [Eden: 81.0M(81.0M)->0.0B(43.0M) Survivors: 7168.0K->11.0M Heap: 970.5M(1096.0M)->904.0M(1096.0M)]
 [Times: user=0.06 sys=0.00, real=0.01 secs] 
2016-06-27T20:29:10.647+0300: 252.919: Total time for which application threads were stopped: 0.0090996 seconds, Stopping threads took: 0.0027186 seconds
2016-06-27T20:29:10.908+0300: 253.180: Total time for which application threads were stopped: 0.0040435 seconds, Stopping threads took: 0.0026335 seconds
2016-06-27T20:29:10.988+0300: 253.260: [GC pause (G1 Evacuation Pause) (mixed)
Desired survivor size 3670016 bytes, new threshold 1 (max 15)
- age   1:   11368360 bytes,   11368360 total
, 0.0202815 secs]
   [Parallel Time: 18.9 ms, GC Workers: 4]
      [GC Worker Start (ms): Min: 253260.1, Avg: 253260.1, Max: 253260.1, Diff: 0.0]
      [Ext Root Scanning (ms): Min: 0.5, Avg: 0.6, Max: 0.7, Diff: 0.2, Sum: 2.3]
      [Update RS (ms): Min: 1.0, Avg: 1.1, Max: 1.2, Diff: 0.2, Sum: 4.3]
         [Processed Buffers: Min: 3, Avg: 8.8, Max: 17, Diff: 14, Sum: 35]
      [Scan RS (ms): Min: 3.4, Avg: 3.5, Max: 3.6, Diff: 0.2, Sum: 14.0]
      [Code Root Scanning (ms): Min: 0.0, Avg: 0.1, Max: 0.1, Diff: 0.1, Sum: 0.2]
      [Object Copy (ms): Min: 13.6, Avg: 13.6, Max: 13.6, Diff: 0.1, Sum: 54.5]
      [Termination (ms): Min: 0.0, Avg: 0.0, Max: 0.0, Diff: 0.0, Sum: 0.0]
         [Termination Attempts: Min: 1, Avg: 1.0, Max: 1, Diff: 0, Sum: 4]
      [GC Worker Other (ms): Min: 0.0, Avg: 0.0, Max: 0.0, Diff: 0.0, Sum: 0.1]
      [GC Worker Total (ms): Min: 18.8, Avg: 18.8, Max: 18.8, Diff: 0.0, Sum: 75.4]
      [GC Worker End (ms): Min: 253279.0, Avg: 253279.0, Max: 253279.0, Diff: 0.0]
   [Code Root Fixup: 0.1 ms]
   [Code Root Purge: 0.0 ms]
   [Clear CT: 0.2 ms]
   [Other: 1.1 ms]
      [Choose CSet: 0.2 ms]
      [Ref Proc: 0.1 ms]
      [Ref Enq: 0.0 ms]
      [Redirty Cards: 0.0 ms]
      [Humongous Register: 0.0 ms]
      [Humongous Reclaim: 0.0 ms]
      [Free CSet: 0.5 ms]
   [Eden: 43.0M(43.0M)->0.0B(47.0M) Survivors: 11.0M->7168.0K Heap: 947.0M(1096.0M)->865.0M(1096.0M)]
 [Times: user=0.13 sys=0.00, real=0.02 secs] 
2016-06-27T20:29:11.008+0300: 253.280: Total time for which application threads were stopped: 0.0226695 seconds, Stopping threads took: 0.0017474 seconds
2016-06-27T20:29:11.413+0300: 253.685: [GC pause (G1 Evacuation Pause) (mixed)
Desired survivor size 3670016 bytes, new threshold 1 (max 15)
- age   1:    7135088 bytes,    7135088 total
, 0.0205612 secs]
   [Parallel Time: 19.4 ms, GC Workers: 4]
      [GC Worker Start (ms): Min: 253685.5, Avg: 253685.5, Max: 253685.5, Diff: 0.0]
      [Ext Root Scanning (ms): Min: 0.5, Avg: 0.6, Max: 0.6, Diff: 0.1, Sum: 2.2]
      [Update RS (ms): Min: 10.2, Avg: 10.3, Max: 10.4, Diff: 0.2, Sum: 41.1]
         [Processed Buffers: Min: 17, Avg: 20.0, Max: 24, Diff: 7, Sum: 80]
      [Scan RS (ms): Min: 2.0, Avg: 2.1, Max: 2.1, Diff: 0.1, Sum: 8.4]
      [Code Root Scanning (ms): Min: 0.0, Avg: 0.0, Max: 0.0, Diff: 0.0, Sum: 0.0]
      [Object Copy (ms): Min: 6.4, Avg: 6.5, Max: 6.5, Diff: 0.0, Sum: 25.9]
      [Termination (ms): Min: 0.0, Avg: 0.0, Max: 0.0, Diff: 0.0, Sum: 0.0]
         [Termination Attempts: Min: 1, Avg: 1.3, Max: 2, Diff: 1, Sum: 5]
      [GC Worker Other (ms): Min: 0.0, Avg: 0.0, Max: 0.0, Diff: 0.0, Sum: 0.1]
      [GC Worker Total (ms): Min: 19.4, Avg: 19.4, Max: 19.4, Diff: 0.0, Sum: 77.7]
      [GC Worker End (ms): Min: 253704.9, Avg: 253704.9, Max: 253704.9, Diff: 0.0]
   [Code Root Fixup: 0.0 ms]
   [Code Root Purge: 0.0 ms]
   [Clear CT: 0.2 ms]
   [Other: 0.9 ms]
      [Choose CSet: 0.1 ms]
      [Ref Proc: 0.0 ms]
      [Ref Enq: 0.0 ms]
      [Redirty Cards: 0.0 ms]
      [Humongous Register: 0.1 ms]
      [Humongous Reclaim: 0.0 ms]
      [Free CSet: 0.3 ms]
   [Eden: 47.0M(47.0M)->0.0B(47.0M) Survivors: 7168.0K->7168.0K Heap: 912.0M(1096.0M)->860.0M(1096.0M)]
 [Times: user=0.06 sys=0.00, real=0.02 secs] 
2016-06-27T20:29:11.434+0300: 253.706: Total time for which application threads were stopped: 0.0233397 seconds, Stopping threads took: 0.0020044 seconds
2016-06-27T20:29:11.825+0300: 254.097: [GC pause (G1 Evacuation Pause) (young)
Desired survivor size 3670016 bytes, new threshold 1 (max 15)
- age   1:    7239904 bytes,    7239904 total
, 0.0101033 secs]
   [Parallel Time: 9.4 ms, GC Workers: 4]
      [GC Worker Start (ms): Min: 254097.3, Avg: 254097.4, Max: 254097.4, Diff: 0.0]
      [Ext Root Scanning (ms): Min: 0.5, Avg: 0.5, Max: 0.6, Diff: 0.1, Sum: 2.2]
      [Update RS (ms): Min: 6.4, Avg: 6.5, Max: 6.6, Diff: 0.2, Sum: 26.0]
         [Processed Buffers: Min: 8, Avg: 18.0, Max: 31, Diff: 23, Sum: 72]
      [Scan RS (ms): Min: 0.0, Avg: 0.0, Max: 0.0, Diff: 0.0, Sum: 0.0]
      [Code Root Scanning (ms): Min: 0.0, Avg: 0.0, Max: 0.0, Diff: 0.0, Sum: 0.0]
      [Object Copy (ms): Min: 2.2, Avg: 2.3, Max: 2.4, Diff: 0.2, Sum: 9.1]
      [Termination (ms): Min: 0.0, Avg: 0.0, Max: 0.0, Diff: 0.0, Sum: 0.0]
         [Termination Attempts: Min: 1, Avg: 1.0, Max: 1, Diff: 0, Sum: 4]
      [GC Worker Other (ms): Min: 0.0, Avg: 0.0, Max: 0.0, Diff: 0.0, Sum: 0.0]
      [GC Worker Total (ms): Min: 9.3, Avg: 9.4, Max: 9.4, Diff: 0.0, Sum: 37.4]
      [GC Worker End (ms): Min: 254106.7, Avg: 254106.7, Max: 254106.7, Diff: 0.0]
   [Code Root Fixup: 0.0 ms]
   [Code Root Purge: 0.0 ms]
   [Clear CT: 0.1 ms]
   [Other: 0.6 ms]
      [Choose CSet: 0.0 ms]
      [Ref Proc: 0.1 ms]
      [Ref Enq: 0.0 ms]
      [Redirty Cards: 0.0 ms]
      [Humongous Register: 0.0 ms]
      [Humongous Reclaim: 0.0 ms]
      [Free CSet: 0.1 ms]
   [Eden: 47.0M(47.0M)->0.0B(99.0M) Survivors: 7168.0K->7168.0K Heap: 907.0M(1096.0M)->869.0M(1096.0M)]
 [Times: user=0.06 sys=0.00, real=0.01 secs] 
2016-06-27T20:29:11.835+0300: 254.107: Total time for which application threads were stopped: 0.0117652 seconds, Stopping threads took: 0.0009768 seconds
2016-06-27T20:29:12.682+0300: 254.954: [GC pause (G1 Evacuation Pause) (young) (initial-mark)
Desired survivor size 7340032 bytes, new threshold 15 (max 15)
- age   1:    7211896 bytes,    7211896 total
, 0.0066064 secs]
   [Parallel Time: 5.8 ms, GC Workers: 4]
      [GC Worker Start (ms): Min: 254954.4, Avg: 254954.4, Max: 254954.4, Diff: 0.0]
      [Ext Root Scanning (ms): Min: 0.6, Avg: 0.6, Max: 0.7, Diff: 0.1, Sum: 2.5]
      [Update RS (ms): Min: 1.3, Avg: 1.4, Max: 1.5, Diff: 0.1, Sum: 5.5]
         [Processed Buffers: Min: 8, Avg: 21.5, Max: 41, Diff: 33, Sum: 86]
      [Scan RS (ms): Min: 0.0, Avg: 0.0, Max: 0.0, Diff: 0.0, Sum: 0.1]
      [Code Root Scanning (ms): Min: 0.0, Avg: 0.0, Max: 0.0, Diff: 0.0, Sum: 0.0]
      [Object Copy (ms): Min: 3.7, Avg: 3.8, Max: 3.8, Diff: 0.2, Sum: 15.0]
      [Termination (ms): Min: 0.0, Avg: 0.0, Max: 0.0, Diff: 0.0, Sum: 0.0]
         [Termination Attempts: Min: 1, Avg: 1.0, Max: 1, Diff: 0, Sum: 4]
      [GC Worker Other (ms): Min: 0.0, Avg: 0.0, Max: 0.0, Diff: 0.0, Sum: 0.1]
      [GC Worker Total (ms): Min: 5.8, Avg: 5.8, Max: 5.8, Diff: 0.0, Sum: 23.2]
      [GC Worker End (ms): Min: 254960.2, Avg: 254960.2, Max: 254960.2, Diff: 0.0]
   [Code Root Fixup: 0.0 ms]
   [Code Root Purge: 0.0 ms]
   [Clear CT: 0.0 ms]
   [Other: 0.7 ms]
      [Choose CSet: 0.0 ms]
      [Ref Proc: 0.1 ms]
      [Ref Enq: 0.0 ms]
      [Redirty Cards: 0.0 ms]
      [Humongous Register: 0.0 ms]
      [Humongous Reclaim: 0.0 ms]
      [Free CSet: 0.1 ms]
   [Eden: 99.0M(99.0M)->0.0B(84.0M) Survivors: 7168.0K->14.0M Heap: 968.0M(1096.0M)->886.5M(1096.0M)]
 [Times: user=0.00 sys=0.00, real=0.01 secs] 
2016-06-27T20:29:12.689+0300: 254.961: [GC concurrent-root-region-scan-start]
2016-06-27T20:29:12.689+0300: 254.961: Total time for which application threads were stopped: 0.0092416 seconds, Stopping threads took: 0.0018667 seconds
2016-06-27T20:29:12.690+0300: 254.962: [GC concurrent-root-region-scan-end, 0.0014848 secs]
2016-06-27T20:29:12.690+0300: 254.962: [GC concurrent-mark-start]
2016-06-27T20:29:12.765+0300: 255.037: [GC concurrent-mark-end, 0.0748622 secs]
2016-06-27T20:29:12.785+0300: 255.057: [GC remark 2016-06-27T20:29:12.785+0300: 255.057: [Finalize Marking, 0.0002651 secs] 2016-06-27T20:29:12.785+0300: 255.058: [GC ref-proc, 0.0001014 secs] 2016-06-27T20:29:12.786+0300: 255.058: [Unloading, 0.0017478 secs], 0.0060577 secs]
 [Times: user=0.02 sys=0.00, real=0.01 secs] 
2016-06-27T20:29:12.791+0300: 255.064: Total time for which application threads were stopped: 0.0077243 seconds, Stopping threads took: 0.0011594 seconds
2016-06-27T20:29:13.336+0300: 255.608: [GC pause (G1 Evacuation Pause) (young)
Desired survivor size 6815744 bytes, new threshold 1 (max 15)
- age   1:   11468928 bytes,   11468928 total
- age   2:    2958968 bytes,   14427896 total
, 0.0068284 secs]
   [Parallel Time: 6.2 ms, GC Workers: 4]
      [GC Worker Start (ms): Min: 255608.6, Avg: 255608.6, Max: 255608.6, Diff: 0.0]
      [Ext Root Scanning (ms): Min: 0.5, Avg: 0.6, Max: 0.6, Diff: 0.1, Sum: 2.3]
      [Update RS (ms): Min: 1.0, Avg: 1.1, Max: 1.2, Diff: 0.2, Sum: 4.5]
         [Processed Buffers: Min: 3, Avg: 12.8, Max: 17, Diff: 14, Sum: 51]
      [Scan RS (ms): Min: 0.0, Avg: 0.0, Max: 0.0, Diff: 0.0, Sum: 0.1]
      [Code Root Scanning (ms): Min: 0.0, Avg: 0.0, Max: 0.0, Diff: 0.0, Sum: 0.0]
      [Object Copy (ms): Min: 4.4, Avg: 4.4, Max: 4.5, Diff: 0.1, Sum: 17.6]
      [Termination (ms): Min: 0.0, Avg: 0.0, Max: 0.0, Diff: 0.0, Sum: 0.0]
         [Termination Attempts: Min: 1, Avg: 1.0, Max: 1, Diff: 0, Sum: 4]
      [GC Worker Other (ms): Min: 0.0, Avg: 0.0, Max: 0.0, Diff: 0.0, Sum: 0.1]
      [GC Worker Total (ms): Min: 6.1, Avg: 6.1, Max: 6.1, Diff: 0.0, Sum: 24.5]
      [GC Worker End (ms): Min: 255614.8, Avg: 255614.8, Max: 255614.8, Diff: 0.0]
   [Code Root Fixup: 0.0 ms]
   [Code Root Purge: 0.0 ms]
   [Clear CT: 0.0 ms]
   [Other: 0.6 ms]
      [Choose CSet: 0.0 ms]
      [Ref Proc: 0.0 ms]
      [Ref Enq: 0.0 ms]
      [Redirty Cards: 0.0 ms]
      [Humongous Register: 0.1 ms]
      [Humongous Reclaim: 0.0 ms]
      [Free CSet: 0.1 ms]
   [Eden: 84.0M(84.0M)->0.0B(71.0M) Survivors: 14.0M->13.0M Heap: 970.5M(1096.0M)->901.5M(1096.0M)]
 [Times: user=0.00 sys=0.00, real=0.01 secs] 
2016-06-27T20:29:13.343+0300: 255.615: Total time for which application threads were stopped: 0.0084641 seconds, Stopping threads took: 0.0009614 seconds
2016-06-27T20:29:13.577+0300: 255.849: [GC cleanup 928M->928M(1096M), 0.0021272 secs]
 [Times: user=0.00 sys=0.00, real=0.00 secs] 
2016-06-27T20:29:13.579+0300: 255.851: Total time for which application threads were stopped: 0.0032463 seconds, Stopping threads took: 0.0005799 seconds
2016-06-27T20:29:13.908+0300: 256.180: Total time for which application threads were stopped: 0.0029384 seconds, Stopping threads took: 0.0013788 seconds
2016-06-27T20:29:13.939+0300: 256.211: [GC pause (G1 Evacuation Pause) (young)
Desired survivor size 5767168 bytes, new threshold 1 (max 15)
- age   1:   13423232 bytes,   13423232 total
, 0.0067565 secs]
   [Parallel Time: 6.2 ms, GC Workers: 4]
      [GC Worker Start (ms): Min: 256210.9, Avg: 256210.9, Max: 256211.0, Diff: 0.0]
      [Ext Root Scanning (ms): Min: 0.4, Avg: 0.5, Max: 0.6, Diff: 0.2, Sum: 1.9]
      [Update RS (ms): Min: 1.6, Avg: 1.8, Max: 1.8, Diff: 0.2, Sum: 7.0]
         [Processed Buffers: Min: 4, Avg: 9.3, Max: 12, Diff: 8, Sum: 37]
      [Scan RS (ms): Min: 0.0, Avg: 0.0, Max: 0.0, Diff: 0.0, Sum: 0.0]
      [Code Root Scanning (ms): Min: 0.0, Avg: 0.0, Max: 0.0, Diff: 0.0, Sum: 0.0]
      [Object Copy (ms): Min: 3.9, Avg: 3.9, Max: 3.9, Diff: 0.1, Sum: 15.6]
      [Termination (ms): Min: 0.0, Avg: 0.0, Max: 0.0, Diff: 0.0, Sum: 0.0]
         [Termination Attempts: Min: 1, Avg: 1.0, Max: 1, Diff: 0, Sum: 4]
      [GC Worker Other (ms): Min: 0.0, Avg: 0.0, Max: 0.0, Diff: 0.0, Sum: 0.1]
      [GC Worker Total (ms): Min: 6.1, Avg: 6.2, Max: 6.2, Diff: 0.0, Sum: 24.7]
      [GC Worker End (ms): Min: 256217.1, Avg: 256217.1, Max: 256217.1, Diff: 0.0]
   [Code Root Fixup: 0.0 ms]
   [Code Root Purge: 0.0 ms]
   [Clear CT: 0.0 ms]
   [Other: 0.5 ms]
      [Choose CSet: 0.0 ms]
      [Ref Proc: 0.0 ms]
      [Ref Enq: 0.0 ms]
      [Redirty Cards: 0.0 ms]
      [Humongous Register: 0.0 ms]
      [Humongous Reclaim: 0.0 ms]
      [Free CSet: 0.1 ms]
   [Eden: 71.0M(71.0M)->0.0B(43.0M) Survivors: 13.0M->11.0M Heap: 972.5M(1096.0M)->914.0M(1096.0M)]
 [Times: user=0.06 sys=0.00, real=0.01 secs] 
2016-06-27T20:29:13.946+0300: 256.218: Total time for which application threads were stopped: 0.0088152 seconds, Stopping threads took: 0.0014724 seconds
2016-06-27T20:29:14.310+0300: 256.582: [GC pause (G1 Evacuation Pause) (mixed)
Desired survivor size 3670016 bytes, new threshold 1 (max 15)
- age   1:   11355856 bytes,   11355856 total
, 0.0197940 secs]
   [Parallel Time: 18.4 ms, GC Workers: 4]
      [GC Worker Start (ms): Min: 256582.0, Avg: 256582.0, Max: 256582.0, Diff: 0.0]
      [Ext Root Scanning (ms): Min: 0.5, Avg: 0.5, Max: 0.7, Diff: 0.2, Sum: 2.2]
      [Update RS (ms): Min: 0.9, Avg: 1.0, Max: 1.1, Diff: 0.1, Sum: 4.0]
         [Processed Buffers: Min: 3, Avg: 11.0, Max: 23, Diff: 20, Sum: 44]
      [Scan RS (ms): Min: 3.1, Avg: 3.3, Max: 3.4, Diff: 0.3, Sum: 13.0]
      [Code Root Scanning (ms): Min: 0.0, Avg: 0.0, Max: 0.2, Diff: 0.2, Sum: 0.2]
      [Object Copy (ms): Min: 13.4, Avg: 13.5, Max: 13.5, Diff: 0.1, Sum: 54.1]
      [Termination (ms): Min: 0.0, Avg: 0.0, Max: 0.0, Diff: 0.0, Sum: 0.0]
         [Termination Attempts: Min: 1, Avg: 2.3, Max: 4, Diff: 3, Sum: 9]
      [GC Worker Other (ms): Min: 0.0, Avg: 0.0, Max: 0.0, Diff: 0.0, Sum: 0.1]
      [GC Worker Total (ms): Min: 18.4, Avg: 18.4, Max: 18.4, Diff: 0.0, Sum: 73.5]
      [GC Worker End (ms): Min: 256600.4, Avg: 256600.4, Max: 256600.4, Diff: 0.0]
   [Code Root Fixup: 0.0 ms]
   [Code Root Purge: 0.0 ms]
   [Clear CT: 0.2 ms]
   [Other: 1.1 ms]
      [Choose CSet: 0.2 ms]
      [Ref Proc: 0.1 ms]
      [Ref Enq: 0.0 ms]
      [Redirty Cards: 0.1 ms]
      [Humongous Register: 0.0 ms]
      [Humongous Reclaim: 0.0 ms]
      [Free CSet: 0.5 ms]
   [Eden: 43.0M(43.0M)->0.0B(47.0M) Survivors: 11.0M->7168.0K Heap: 957.0M(1096.0M)->876.5M(1096.0M)]
 [Times: user=0.06 sys=0.00, real=0.02 secs] 
2016-06-27T20:29:14.330+0300: 256.602: Total time for which application threads were stopped: 0.0218219 seconds, Stopping threads took: 0.0014267 seconds
2016-06-27T20:29:14.736+0300: 257.008: [GC pause (G1 Evacuation Pause) (mixed)
Desired survivor size 3670016 bytes, new threshold 1 (max 15)
- age   1:    7076336 bytes,    7076336 total
, 0.0254048 secs]
   [Parallel Time: 24.0 ms, GC Workers: 4]
      [GC Worker Start (ms): Min: 257008.8, Avg: 257008.8, Max: 257008.8, Diff: 0.0]
      [Ext Root Scanning (ms): Min: 0.5, Avg: 0.5, Max: 0.6, Diff: 0.1, Sum: 2.0]
      [Update RS (ms): Min: 8.8, Avg: 9.0, Max: 9.2, Diff: 0.3, Sum: 35.9]
         [Processed Buffers: Min: 11, Avg: 17.8, Max: 23, Diff: 12, Sum: 71]
      [Scan RS (ms): Min: 3.1, Avg: 3.2, Max: 3.4, Diff: 0.3, Sum: 13.0]
      [Code Root Scanning (ms): Min: 0.0, Avg: 0.0, Max: 0.1, Diff: 0.1, Sum: 0.1]
      [Object Copy (ms): Min: 11.2, Avg: 11.2, Max: 11.2, Diff: 0.0, Sum: 44.8]
      [Termination (ms): Min: 0.0, Avg: 0.0, Max: 0.0, Diff: 0.0, Sum: 0.0]
         [Termination Attempts: Min: 1, Avg: 2.8, Max: 4, Diff: 3, Sum: 11]
      [GC Worker Other (ms): Min: 0.0, Avg: 0.0, Max: 0.0, Diff: 0.0, Sum: 0.1]
      [GC Worker Total (ms): Min: 24.0, Avg: 24.0, Max: 24.0, Diff: 0.0, Sum: 96.0]
      [GC Worker End (ms): Min: 257032.7, Avg: 257032.8, Max: 257032.8, Diff: 0.0]
   [Code Root Fixup: 0.0 ms]
   [Code Root Purge: 0.0 ms]
   [Clear CT: 0.2 ms]
   [Other: 1.1 ms]
      [Choose CSet: 0.3 ms]
      [Ref Proc: 0.1 ms]
      [Ref Enq: 0.0 ms]
      [Redirty Cards: 0.0 ms]
      [Humongous Register: 0.1 ms]
      [Humongous Reclaim: 0.0 ms]
      [Free CSet: 0.4 ms]
   [Eden: 47.0M(47.0M)->0.0B(47.0M) Survivors: 7168.0K->7168.0K Heap: 923.5M(1096.0M)->857.5M(1096.0M)]
 [Times: user=0.13 sys=0.00, real=0.03 secs] 
2016-06-27T20:29:14.762+0300: 257.034: Total time for which application threads were stopped: 0.0271578 seconds, Stopping threads took: 0.0011046 seconds
2016-06-27T20:29:14.908+0300: 257.180: Total time for which application threads were stopped: 0.0027562 seconds, Stopping threads took: 0.0008010 seconds
2016-06-27T20:29:15.128+0300: 257.400: [GC pause (G1 Evacuation Pause) (young)
Desired survivor size 3670016 bytes, new threshold 1 (max 15)
- age   1:    7146680 bytes,    7146680 total
, 0.0126962 secs]
   [Parallel Time: 12.0 ms, GC Workers: 4]
      [GC Worker Start (ms): Min: 257400.3, Avg: 257400.3, Max: 257400.3, Diff: 0.0]
      [Ext Root Scanning (ms): Min: 0.5, Avg: 0.5, Max: 0.6, Diff: 0.2, Sum: 2.1]
      [Update RS (ms): Min: 9.2, Avg: 9.2, Max: 9.3, Diff: 0.1, Sum: 36.8]
         [Processed Buffers: Min: 10, Avg: 15.0, Max: 24, Diff: 14, Sum: 60]
      [Scan RS (ms): Min: 0.0, Avg: 0.0, Max: 0.0, Diff: 0.0, Sum: 0.0]
      [Code Root Scanning (ms): Min: 0.0, Avg: 0.0, Max: 0.0, Diff: 0.0, Sum: 0.0]
      [Object Copy (ms): Min: 2.1, Avg: 2.2, Max: 2.3, Diff: 0.2, Sum: 9.0]
      [Termination (ms): Min: 0.0, Avg: 0.0, Max: 0.0, Diff: 0.0, Sum: 0.0]
         [Termination Attempts: Min: 1, Avg: 1.0, Max: 1, Diff: 0, Sum: 4]
      [GC Worker Other (ms): Min: 0.0, Avg: 0.0, Max: 0.0, Diff: 0.0, Sum: 0.0]
      [GC Worker Total (ms): Min: 12.0, Avg: 12.0, Max: 12.0, Diff: 0.0, Sum: 47.9]
      [GC Worker End (ms): Min: 257412.2, Avg: 257412.2, Max: 257412.2, Diff: 0.0]
   [Code Root Fixup: 0.0 ms]
   [Code Root Purge: 0.0 ms]
   [Clear CT: 0.0 ms]
   [Other: 0.6 ms]
      [Choose CSet: 0.0 ms]
      [Ref Proc: 0.0 ms]
      [Ref Enq: 0.0 ms]
      [Redirty Cards: 0.0 ms]
      [Humongous Register: 0.0 ms]
      [Humongous Reclaim: 0.0 ms]
      [Free CSet: 0.1 ms]
   [Eden: 47.0M(47.0M)->0.0B(47.0M) Survivors: 7168.0K->7168.0K Heap: 904.5M(1096.0M)->866.5M(1096.0M)]
 [Times: user=0.06 sys=0.00, real=0.01 secs] 
2016-06-27T20:29:15.141+0300: 257.413: Total time for which application threads were stopped: 0.0140613 seconds, Stopping threads took: 0.0005256 seconds
2016-06-27T20:29:15.549+0300: 257.821: [GC pause (G1 Evacuation Pause) (young) (initial-mark)
Desired survivor size 3670016 bytes, new threshold 1 (max 15)
- age   1:    6973952 bytes,    6973952 total
, 0.0044737 secs]
   [Parallel Time: 3.7 ms, GC Workers: 4]
      [GC Worker Start (ms): Min: 257821.5, Avg: 257821.5, Max: 257821.5, Diff: 0.0]
      [Ext Root Scanning (ms): Min: 0.5, Avg: 0.6, Max: 0.7, Diff: 0.2, Sum: 2.2]
      [Update RS (ms): Min: 0.7, Avg: 0.8, Max: 0.9, Diff: 0.2, Sum: 3.1]
         [Processed Buffers: Min: 3, Avg: 10.5, Max: 15, Diff: 12, Sum: 42]
      [Scan RS (ms): Min: 0.0, Avg: 0.0, Max: 0.0, Diff: 0.0, Sum: 0.0]
      [Code Root Scanning (ms): Min: 0.0, Avg: 0.0, Max: 0.0, Diff: 0.0, Sum: 0.0]
      [Object Copy (ms): Min: 2.2, Avg: 2.3, Max: 2.4, Diff: 0.2, Sum: 9.3]
      [Termination (ms): Min: 0.0, Avg: 0.0, Max: 0.0, Diff: 0.0, Sum: 0.0]
         [Termination Attempts: Min: 1, Avg: 1.0, Max: 1, Diff: 0, Sum: 4]
      [GC Worker Other (ms): Min: 0.0, Avg: 0.0, Max: 0.0, Diff: 0.0, Sum: 0.1]
      [GC Worker Total (ms): Min: 3.7, Avg: 3.7, Max: 3.7, Diff: 0.0, Sum: 14.7]
      [GC Worker End (ms): Min: 257825.2, Avg: 257825.2, Max: 257825.2, Diff: 0.0]
   [Code Root Fixup: 0.0 ms]
   [Code Root Purge: 0.0 ms]
   [Clear CT: 0.0 ms]
   [Other: 0.7 ms]
      [Choose CSet: 0.0 ms]
      [Ref Proc: 0.1 ms]
      [Ref Enq: 0.0 ms]
      [Redirty Cards: 0.0 ms]
      [Humongous Register: 0.0 ms]
      [Humongous Reclaim: 0.0 ms]
      [Free CSet: 0.1 ms]
   [Eden: 47.0M(47.0M)->0.0B(93.0M) Survivors: 7168.0K->7168.0K Heap: 913.5M(1096.0M)->876.0M(1096.0M)]
 [Times: user=0.06 sys=0.00, real=0.00 secs] 
2016-06-27T20:29:15.554+0300: 257.826: [GC concurrent-root-region-scan-start]
2016-06-27T20:29:15.554+0300: 257.826: Total time for which application threads were stopped: 0.0068061 seconds, Stopping threads took: 0.0015682 seconds
2016-06-27T20:29:15.554+0300: 257.827: [GC concurrent-root-region-scan-end, 0.0006706 secs]
2016-06-27T20:29:15.554+0300: 257.827: [GC concurrent-mark-start]
2016-06-27T20:29:15.628+0300: 257.900: [GC concurrent-mark-end, 0.0733979 secs]
2016-06-27T20:29:15.649+0300: 257.921: [GC remark 2016-06-27T20:29:15.649+0300: 257.921: [Finalize Marking, 0.0002352 secs] 2016-06-27T20:29:15.649+0300: 257.922: [GC ref-proc, 0.0001407 secs] 2016-06-27T20:29:15.649+0300: 257.922: [Unloading, 0.0018145 secs], 0.0057917 secs]
 [Times: user=0.00 sys=0.00, real=0.01 secs] 
2016-06-27T20:29:15.655+0300: 257.927: Total time for which application threads were stopped: 0.0066988 seconds, Stopping threads took: 0.0003742 seconds
2016-06-27T20:29:15.655+0300: 257.928: [GC cleanup 890M->890M(1096M), 0.0020502 secs]
 [Times: user=0.00 sys=0.00, real=0.00 secs] 
2016-06-27T20:29:15.658+0300: 257.930: Total time for which application threads were stopped: 0.0026420 seconds, Stopping threads took: 0.0000419 seconds
2016-06-27T20:29:15.908+0300: 258.180: Total time for which application threads were stopped: 0.0025475 seconds, Stopping threads took: 0.0010401 seconds
2016-06-27T20:29:16.313+0300: 258.585: [GC pause (G1 Evacuation Pause) (young)
Desired survivor size 6815744 bytes, new threshold 1 (max 15)
- age   1:    7127368 bytes,    7127368 total
, 0.0052811 secs]
   [Parallel Time: 4.7 ms, GC Workers: 4]
      [GC Worker Start (ms): Min: 258585.1, Avg: 258585.1, Max: 258585.1, Diff: 0.0]
      [Ext Root Scanning (ms): Min: 0.5, Avg: 0.5, Max: 0.6, Diff: 0.1, Sum: 2.0]
      [Update RS (ms): Min: 0.7, Avg: 0.8, Max: 0.9, Diff: 0.3, Sum: 3.1]
         [Processed Buffers: Min: 2, Avg: 14.5, Max: 26, Diff: 24, Sum: 58]
      [Scan RS (ms): Min: 0.0, Avg: 0.0, Max: 0.0, Diff: 0.0, Sum: 0.1]
      [Code Root Scanning (ms): Min: 0.0, Avg: 0.0, Max: 0.0, Diff: 0.0, Sum: 0.0]
      [Object Copy (ms): Min: 3.3, Avg: 3.4, Max: 3.4, Diff: 0.1, Sum: 13.4]
      [Termination (ms): Min: 0.0, Avg: 0.0, Max: 0.0, Diff: 0.0, Sum: 0.0]
         [Termination Attempts: Min: 1, Avg: 1.0, Max: 1, Diff: 0, Sum: 4]
      [GC Worker Other (ms): Min: 0.0, Avg: 0.0, Max: 0.0, Diff: 0.0, Sum: 0.1]
      [GC Worker Total (ms): Min: 4.7, Avg: 4.7, Max: 4.7, Diff: 0.0, Sum: 18.7]
      [GC Worker End (ms): Min: 258589.8, Avg: 258589.8, Max: 258589.8, Diff: 0.0]
   [Code Root Fixup: 0.0 ms]
   [Code Root Purge: 0.0 ms]
   [Clear CT: 0.0 ms]
   [Other: 0.5 ms]
      [Choose CSet: 0.0 ms]
      [Ref Proc: 0.0 ms]
      [Ref Enq: 0.0 ms]
      [Redirty Cards: 0.0 ms]
      [Humongous Register: 0.0 ms]
      [Humongous Reclaim: 0.0 ms]
      [Free CSet: 0.1 ms]
   [Eden: 93.0M(93.0M)->0.0B(41.0M) Survivors: 7168.0K->13.0M Heap: 969.0M(1096.0M)->892.5M(1096.0M)]
 [Times: user=0.06 sys=0.00, real=0.01 secs] 
2016-06-27T20:29:16.318+0300: 258.590: Total time for which application threads were stopped: 0.0068472 seconds, Stopping threads took: 0.0009545 seconds
2016-06-27T20:29:16.676+0300: 258.948: [GC pause (G1 Evacuation Pause) (mixed)
Desired survivor size 3670016 bytes, new threshold 1 (max 15)
- age   1:   13395256 bytes,   13395256 total
, 0.0195181 secs]
   [Parallel Time: 18.2 ms, GC Workers: 4]
      [GC Worker Start (ms): Min: 258948.1, Avg: 258948.1, Max: 258948.2, Diff: 0.0]
      [Ext Root Scanning (ms): Min: 0.5, Avg: 0.5, Max: 0.6, Diff: 0.2, Sum: 2.0]
      [Update RS (ms): Min: 0.5, Avg: 0.6, Max: 0.6, Diff: 0.1, Sum: 2.4]
         [Processed Buffers: Min: 3, Avg: 8.0, Max: 11, Diff: 8, Sum: 32]
      [Scan RS (ms): Min: 2.8, Avg: 2.8, Max: 2.8, Diff: 0.0, Sum: 11.1]
      [Code Root Scanning (ms): Min: 0.0, Avg: 0.0, Max: 0.0, Diff: 0.0, Sum: 0.0]
      [Object Copy (ms): Min: 14.2, Avg: 14.2, Max: 14.2, Diff: 0.1, Sum: 56.9]
      [Termination (ms): Min: 0.0, Avg: 0.0, Max: 0.0, Diff: 0.0, Sum: 0.0]
         [Termination Attempts: Min: 1, Avg: 4.0, Max: 6, Diff: 5, Sum: 16]
      [GC Worker Other (ms): Min: 0.0, Avg: 0.0, Max: 0.0, Diff: 0.0, Sum: 0.1]
      [GC Worker Total (ms): Min: 18.1, Avg: 18.1, Max: 18.1, Diff: 0.0, Sum: 72.5]
      [GC Worker End (ms): Min: 258966.3, Avg: 258966.3, Max: 258966.3, Diff: 0.0]
   [Code Root Fixup: 0.0 ms]
   [Code Root Purge: 0.0 ms]
   [Clear CT: 0.2 ms]
   [Other: 1.1 ms]
      [Choose CSet: 0.1 ms]
      [Ref Proc: 0.0 ms]
      [Ref Enq: 0.0 ms]
      [Redirty Cards: 0.0 ms]
      [Humongous Register: 0.0 ms]
      [Humongous Reclaim: 0.0 ms]
      [Free CSet: 0.6 ms]
   [Eden: 41.0M(41.0M)->0.0B(47.0M) Survivors: 13.0M->7168.0K Heap: 933.5M(1096.0M)->858.5M(1096.0M)]
 [Times: user=0.13 sys=0.00, real=0.02 secs] 
2016-06-27T20:29:16.696+0300: 258.968: Total time for which application threads were stopped: 0.0215658 seconds, Stopping threads took: 0.0013185 seconds
2016-06-27T20:29:16.908+0300: 259.180: Total time for which application threads were stopped: 0.0024124 seconds, Stopping threads took: 0.0006838 seconds
2016-06-27T20:29:16.917+0300: 259.189: Total time for which application threads were stopped: 0.0006218 seconds, Stopping threads took: 0.0000881 seconds
2016-06-27T20:29:17.066+0300: 259.338: [GC pause (G1 Evacuation Pause) (mixed)
Desired survivor size 3670016 bytes, new threshold 1 (max 15)
- age   1:    7082160 bytes,    7082160 total
, 0.0262422 secs]
   [Parallel Time: 25.0 ms, GC Workers: 4]
      [GC Worker Start (ms): Min: 259338.3, Avg: 259338.3, Max: 259338.3, Diff: 0.0]
      [Ext Root Scanning (ms): Min: 0.5, Avg: 0.5, Max: 0.6, Diff: 0.2, Sum: 2.1]
      [Update RS (ms): Min: 7.5, Avg: 7.7, Max: 8.0, Diff: 0.5, Sum: 30.9]
         [Processed Buffers: Min: 12, Avg: 14.0, Max: 19, Diff: 7, Sum: 56]
      [Scan RS (ms): Min: 3.1, Avg: 3.4, Max: 3.5, Diff: 0.4, Sum: 13.7]
      [Code Root Scanning (ms): Min: 0.0, Avg: 0.0, Max: 0.0, Diff: 0.0, Sum: 0.0]
      [Object Copy (ms): Min: 13.2, Avg: 13.2, Max: 13.3, Diff: 0.1, Sum: 53.0]
      [Termination (ms): Min: 0.0, Avg: 0.0, Max: 0.0, Diff: 0.0, Sum: 0.0]
         [Termination Attempts: Min: 1, Avg: 4.0, Max: 9, Diff: 8, Sum: 16]
      [GC Worker Other (ms): Min: 0.0, Avg: 0.0, Max: 0.0, Diff: 0.0, Sum: 0.1]
      [GC Worker Total (ms): Min: 24.9, Avg: 24.9, Max: 24.9, Diff: 0.0, Sum: 99.7]
      [GC Worker End (ms): Min: 259363.2, Avg: 259363.2, Max: 259363.2, Diff: 0.0]
   [Code Root Fixup: 0.0 ms]
   [Code Root Purge: 0.0 ms]
   [Clear CT: 0.2 ms]
   [Other: 1.0 ms]
      [Choose CSet: 0.2 ms]
      [Ref Proc: 0.0 ms]
      [Ref Enq: 0.0 ms]
      [Redirty Cards: 0.0 ms]
      [Humongous Register: 0.0 ms]
      [Humongous Reclaim: 0.0 ms]
      [Free CSet: 0.4 ms]
   [Eden: 47.0M(47.0M)->0.0B(47.0M) Survivors: 7168.0K->7168.0K Heap: 905.5M(1096.0M)->838.0M(1096.0M)]
 [Times: user=0.13 sys=0.00, real=0.03 secs] 
2016-06-27T20:29:17.093+0300: 259.364: Total time for which application threads were stopped: 0.0277963 seconds, Stopping threads took: 0.0009391 seconds
2016-06-27T20:29:17.439+0300: 259.711: [GC pause (G1 Evacuation Pause) (young)
Desired survivor size 3670016 bytes, new threshold 1 (max 15)
- age   1:    6912968 bytes,    6912968 total
, 0.0130738 secs]
   [Parallel Time: 12.4 ms, GC Workers: 4]
      [GC Worker Start (ms): Min: 259711.1, Avg: 259711.1, Max: 259711.1, Diff: 0.0]
      [Ext Root Scanning (ms): Min: 0.5, Avg: 0.5, Max: 0.6, Diff: 0.1, Sum: 2.1]
      [Update RS (ms): Min: 9.4, Avg: 9.5, Max: 9.8, Diff: 0.3, Sum: 38.1]
         [Processed Buffers: Min: 11, Avg: 18.3, Max: 26, Diff: 15, Sum: 73]
      [Scan RS (ms): Min: 0.0, Avg: 0.0, Max: 0.0, Diff: 0.0, Sum: 0.0]
      [Code Root Scanning (ms): Min: 0.0, Avg: 0.0, Max: 0.0, Diff: 0.0, Sum: 0.0]
      [Object Copy (ms): Min: 2.1, Avg: 2.2, Max: 2.3, Diff: 0.3, Sum: 9.0]
      [Termination (ms): Min: 0.0, Avg: 0.0, Max: 0.0, Diff: 0.0, Sum: 0.0]
         [Termination Attempts: Min: 1, Avg: 1.0, Max: 1, Diff: 0, Sum: 4]
      [GC Worker Other (ms): Min: 0.0, Avg: 0.0, Max: 0.0, Diff: 0.0, Sum: 0.0]
      [GC Worker Total (ms): Min: 12.3, Avg: 12.3, Max: 12.3, Diff: 0.0, Sum: 49.3]
      [GC Worker End (ms): Min: 259723.4, Avg: 259723.4, Max: 259723.4, Diff: 0.0]
   [Code Root Fixup: 0.0 ms]
   [Code Root Purge: 0.0 ms]
   [Clear CT: 0.0 ms]
   [Other: 0.7 ms]
      [Choose CSet: 0.0 ms]
      [Ref Proc: 0.1 ms]
      [Ref Enq: 0.0 ms]
      [Redirty Cards: 0.0 ms]
      [Humongous Register: 0.1 ms]
      [Humongous Reclaim: 0.0 ms]
      [Free CSet: 0.1 ms]
   [Eden: 47.0M(47.0M)->0.0B(47.0M) Survivors: 7168.0K->7168.0K Heap: 885.0M(1096.0M)->846.5M(1096.0M)]
 [Times: user=0.06 sys=0.00, real=0.01 secs] 
2016-06-27T20:29:17.452+0300: 259.724: Total time for which application threads were stopped: 0.0145685 seconds, Stopping threads took: 0.0008579 seconds
2016-06-27T20:29:17.866+0300: 260.138: [GC pause (G1 Evacuation Pause) (young) (initial-mark)
Desired survivor size 3670016 bytes, new threshold 1 (max 15)
- age   1:    7192232 bytes,    7192232 total
, 0.0047072 secs]
   [Parallel Time: 4.0 ms, GC Workers: 4]
      [GC Worker Start (ms): Min: 260138.4, Avg: 260138.4, Max: 260138.4, Diff: 0.0]
      [Ext Root Scanning (ms): Min: 0.5, Avg: 0.6, Max: 0.7, Diff: 0.2, Sum: 2.3]
      [Update RS (ms): Min: 0.8, Avg: 1.0, Max: 1.4, Diff: 0.6, Sum: 3.9]
         [Processed Buffers: Min: 2, Avg: 14.5, Max: 30, Diff: 28, Sum: 58]
      [Scan RS (ms): Min: 0.0, Avg: 0.0, Max: 0.0, Diff: 0.0, Sum: 0.0]
      [Code Root Scanning (ms): Min: 0.0, Avg: 0.0, Max: 0.0, Diff: 0.0, Sum: 0.0]
      [Object Copy (ms): Min: 1.9, Avg: 2.3, Max: 2.6, Diff: 0.7, Sum: 9.4]
      [Termination (ms): Min: 0.0, Avg: 0.0, Max: 0.0, Diff: 0.0, Sum: 0.0]
         [Termination Attempts: Min: 1, Avg: 1.0, Max: 1, Diff: 0, Sum: 4]
      [GC Worker Other (ms): Min: 0.0, Avg: 0.0, Max: 0.0, Diff: 0.0, Sum: 0.0]
      [GC Worker Total (ms): Min: 3.9, Avg: 3.9, Max: 3.9, Diff: 0.0, Sum: 15.6]
      [GC Worker End (ms): Min: 260142.3, Avg: 260142.3, Max: 260142.3, Diff: 0.0]
   [Code Root Fixup: 0.0 ms]
   [Code Root Purge: 0.0 ms]
   [Clear CT: 0.0 ms]
   [Other: 0.7 ms]
      [Choose CSet: 0.0 ms]
      [Ref Proc: 0.1 ms]
      [Ref Enq: 0.0 ms]
      [Redirty Cards: 0.0 ms]
      [Humongous Register: 0.0 ms]
      [Humongous Reclaim: 0.0 ms]
      [Free CSet: 0.1 ms]
   [Eden: 47.0M(47.0M)->0.0B(110.0M) Survivors: 7168.0K->7168.0K Heap: 893.5M(1096.0M)->856.5M(1096.0M)]
 [Times: user=0.00 sys=0.00, real=0.01 secs] 
2016-06-27T20:29:17.871+0300: 260.143: [GC concurrent-root-region-scan-start]
2016-06-27T20:29:17.871+0300: 260.143: Total time for which application threads were stopped: 0.0110048 seconds, Stopping threads took: 0.0056438 seconds
2016-06-27T20:29:17.872+0300: 260.144: [GC concurrent-root-region-scan-end, 0.0005902 secs]
2016-06-27T20:29:17.872+0300: 260.144: [GC concurrent-mark-start]
2016-06-27T20:29:17.908+0300: 260.180: Total time for which application threads were stopped: 0.0021079 seconds, Stopping threads took: 0.0006911 seconds
2016-06-27T20:29:17.947+0300: 260.219: [GC concurrent-mark-end, 0.0750717 secs]
2016-06-27T20:29:17.949+0300: 260.221: [GC remark 2016-06-27T20:29:17.949+0300: 260.221: [Finalize Marking, 0.0001890 secs] 2016-06-27T20:29:17.949+0300: 260.221: [GC ref-proc, 0.0001078 secs] 2016-06-27T20:29:17.950+0300: 260.222: [Unloading, 0.0016952 secs], 0.0056724 secs]
 [Times: user=0.00 sys=0.00, real=0.01 secs] 
2016-06-27T20:29:17.955+0300: 260.227: Total time for which application threads were stopped: 0.0066389 seconds, Stopping threads took: 0.0005889 seconds
2016-06-27T20:29:17.956+0300: 260.228: [GC cleanup 871M->871M(1096M), 0.0019565 secs]
 [Times: user=0.06 sys=0.00, real=0.00 secs] 
2016-06-27T20:29:17.958+0300: 260.230: Total time for which application threads were stopped: 0.0024351 seconds, Stopping threads took: 0.0000778 seconds
2016-06-27T20:29:18.751+0300: 261.023: [GC pause (G1 Evacuation Pause) (young)
Desired survivor size 7864320 bytes, new threshold 15 (max 15)
- age   1:    6752688 bytes,    6752688 total
, 0.0067125 secs]
   [Parallel Time: 6.0 ms, GC Workers: 4]
      [GC Worker Start (ms): Min: 261023.3, Avg: 261023.3, Max: 261023.3, Diff: 0.0]
      [Ext Root Scanning (ms): Min: 0.6, Avg: 0.6, Max: 0.7, Diff: 0.1, Sum: 2.4]
      [Update RS (ms): Min: 1.0, Avg: 1.0, Max: 1.1, Diff: 0.1, Sum: 4.0]
         [Processed Buffers: Min: 15, Avg: 24.0, Max: 41, Diff: 26, Sum: 96]
      [Scan RS (ms): Min: 0.0, Avg: 0.0, Max: 0.0, Diff: 0.0, Sum: 0.1]
      [Code Root Scanning (ms): Min: 0.0, Avg: 0.0, Max: 0.0, Diff: 0.0, Sum: 0.0]
      [Object Copy (ms): Min: 4.2, Avg: 4.3, Max: 4.3, Diff: 0.2, Sum: 17.1]
      [Termination (ms): Min: 0.0, Avg: 0.0, Max: 0.0, Diff: 0.0, Sum: 0.0]
         [Termination Attempts: Min: 1, Avg: 1.0, Max: 1, Diff: 0, Sum: 4]
      [GC Worker Other (ms): Min: 0.0, Avg: 0.0, Max: 0.0, Diff: 0.0, Sum: 0.1]
      [GC Worker Total (ms): Min: 5.9, Avg: 5.9, Max: 5.9, Diff: 0.0, Sum: 23.7]
      [GC Worker End (ms): Min: 261029.2, Avg: 261029.2, Max: 261029.2, Diff: 0.0]
   [Code Root Fixup: 0.0 ms]
   [Code Root Purge: 0.0 ms]
   [Clear CT: 0.1 ms]
   [Other: 0.7 ms]
      [Choose CSet: 0.0 ms]
      [Ref Proc: 0.1 ms]
      [Ref Enq: 0.0 ms]
      [Redirty Cards: 0.0 ms]
      [Humongous Register: 0.0 ms]
      [Humongous Reclaim: 0.0 ms]
      [Free CSet: 0.1 ms]
   [Eden: 110.0M(110.0M)->0.0B(39.0M) Survivors: 7168.0K->15.0M Heap: 966.5M(1096.0M)->876.5M(1096.0M)]
 [Times: user=0.06 sys=0.00, real=0.01 secs] 
2016-06-27T20:29:18.758+0300: 261.030: Total time for which application threads were stopped: 0.0088268 seconds, Stopping threads took: 0.0014138 seconds
2016-06-27T20:29:19.072+0300: 261.344: [GC pause (G1 Evacuation Pause) (mixed)
Desired survivor size 3670016 bytes, new threshold 1 (max 15)
- age   1:   13144920 bytes,   13144920 total
- age   2:    2370608 bytes,   15515528 total
, 0.0192205 secs]
   [Parallel Time: 18.0 ms, GC Workers: 4]
      [GC Worker Start (ms): Min: 261344.8, Avg: 261344.8, Max: 261344.8, Diff: 0.0]
      [Ext Root Scanning (ms): Min: 0.6, Avg: 0.6, Max: 0.6, Diff: 0.1, Sum: 2.3]
      [Update RS (ms): Min: 1.2, Avg: 1.2, Max: 1.3, Diff: 0.1, Sum: 4.7]
         [Processed Buffers: Min: 4, Avg: 9.3, Max: 15, Diff: 11, Sum: 37]
      [Scan RS (ms): Min: 2.3, Avg: 2.4, Max: 2.5, Diff: 0.1, Sum: 9.7]
      [Code Root Scanning (ms): Min: 0.0, Avg: 0.0, Max: 0.0, Diff: 0.0, Sum: 0.0]
      [Object Copy (ms): Min: 13.7, Avg: 13.7, Max: 13.7, Diff: 0.1, Sum: 54.9]
      [Termination (ms): Min: 0.0, Avg: 0.0, Max: 0.0, Diff: 0.0, Sum: 0.0]
         [Termination Attempts: Min: 1, Avg: 1.0, Max: 1, Diff: 0, Sum: 4]
      [GC Worker Other (ms): Min: 0.0, Avg: 0.0, Max: 0.0, Diff: 0.0, Sum: 0.1]
      [GC Worker Total (ms): Min: 17.9, Avg: 17.9, Max: 17.9, Diff: 0.0, Sum: 71.7]
      [GC Worker End (ms): Min: 261362.7, Avg: 261362.7, Max: 261362.7, Diff: 0.0]
   [Code Root Fixup: 0.0 ms]
   [Code Root Purge: 0.0 ms]
   [Clear CT: 0.2 ms]
   [Other: 1.0 ms]
      [Choose CSet: 0.2 ms]
      [Ref Proc: 0.0 ms]
      [Ref Enq: 0.0 ms]
      [Redirty Cards: 0.1 ms]
      [Humongous Register: 0.0 ms]
      [Humongous Reclaim: 0.0 ms]
      [Free CSet: 0.4 ms]
   [Eden: 39.0M(39.0M)->0.0B(111.0M) Survivors: 15.0M->7168.0K Heap: 915.5M(1096.0M)->854.5M(1096.0M)]
 [Times: user=0.06 sys=0.00, real=0.02 secs] 
2016-06-27T20:29:19.092+0300: 261.364: Total time for which application threads were stopped: 0.0214208 seconds, Stopping threads took: 0.0013976 seconds
2016-06-27T20:29:20.018+0300: 262.290: [GC pause (G1 Evacuation Pause) (young)
Desired survivor size 7864320 bytes, new threshold 15 (max 15)
- age   1:    6970912 bytes,    6970912 total
, 0.0148422 secs]
   [Parallel Time: 14.2 ms, GC Workers: 4]
      [GC Worker Start (ms): Min: 262289.8, Avg: 262289.8, Max: 262289.8, Diff: 0.0]
      [Ext Root Scanning (ms): Min: 0.5, Avg: 0.6, Max: 0.7, Diff: 0.1, Sum: 2.4]
      [Update RS (ms): Min: 9.3, Avg: 9.4, Max: 9.5, Diff: 0.2, Sum: 37.4]
         [Processed Buffers: Min: 12, Avg: 26.8, Max: 36, Diff: 24, Sum: 107]
      [Scan RS (ms): Min: 0.0, Avg: 0.0, Max: 0.0, Diff: 0.0, Sum: 0.1]
      [Code Root Scanning (ms): Min: 0.0, Avg: 0.0, Max: 0.0, Diff: 0.0, Sum: 0.0]
      [Object Copy (ms): Min: 4.1, Avg: 4.1, Max: 4.1, Diff: 0.0, Sum: 16.5]
      [Termination (ms): Min: 0.0, Avg: 0.0, Max: 0.0, Diff: 0.0, Sum: 0.0]
         [Termination Attempts: Min: 1, Avg: 1.0, Max: 1, Diff: 0, Sum: 4]
      [GC Worker Other (ms): Min: 0.0, Avg: 0.0, Max: 0.0, Diff: 0.0, Sum: 0.1]
      [GC Worker Total (ms): Min: 14.1, Avg: 14.1, Max: 14.1, Diff: 0.0, Sum: 56.5]
      [GC Worker End (ms): Min: 262303.9, Avg: 262303.9, Max: 262303.9, Diff: 0.0]
   [Code Root Fixup: 0.0 ms]
   [Code Root Purge: 0.0 ms]
   [Clear CT: 0.1 ms]
   [Other: 0.6 ms]
      [Choose CSet: 0.0 ms]
      [Ref Proc: 0.1 ms]
      [Ref Enq: 0.0 ms]
      [Redirty Cards: 0.0 ms]
      [Humongous Register: 0.0 ms]
      [Humongous Reclaim: 0.0 ms]
      [Free CSet: 0.1 ms]
   [Eden: 111.0M(111.0M)->0.0B(94.0M) Survivors: 7168.0K->15.0M Heap: 965.5M(1096.0M)->874.5M(1096.0M)]
 [Times: user=0.06 sys=0.00, real=0.02 secs] 
2016-06-27T20:29:20.033+0300: 262.305: Total time for which application threads were stopped: 0.0210137 seconds, Stopping threads took: 0.0053192 seconds
2016-06-27T20:29:20.807+0300: 263.079: [GC pause (G1 Evacuation Pause) (young) (initial-mark)
Desired survivor size 7340032 bytes, new threshold 1 (max 15)
- age   1:   12771048 bytes,   12771048 total
- age   2:    2648936 bytes,   15419984 total
, 0.0075015 secs]
   [Parallel Time: 6.7 ms, GC Workers: 4]
      [GC Worker Start (ms): Min: 263079.8, Avg: 263079.8, Max: 263079.8, Diff: 0.0]
      [Ext Root Scanning (ms): Min: 0.6, Avg: 0.6, Max: 0.7, Diff: 0.2, Sum: 2.6]
      [Update RS (ms): Min: 1.1, Avg: 1.2, Max: 1.3, Diff: 0.2, Sum: 4.7]
         [Processed Buffers: Min: 7, Avg: 15.3, Max: 26, Diff: 19, Sum: 61]
      [Scan RS (ms): Min: 0.0, Avg: 0.0, Max: 0.0, Diff: 0.0, Sum: 0.1]
      [Code Root Scanning (ms): Min: 0.0, Avg: 0.0, Max: 0.0, Diff: 0.0, Sum: 0.0]
      [Object Copy (ms): Min: 4.7, Avg: 4.8, Max: 4.9, Diff: 0.2, Sum: 19.3]
      [Termination (ms): Min: 0.0, Avg: 0.0, Max: 0.0, Diff: 0.0, Sum: 0.0]
         [Termination Attempts: Min: 1, Avg: 1.0, Max: 1, Diff: 0, Sum: 4]
      [GC Worker Other (ms): Min: 0.0, Avg: 0.0, Max: 0.0, Diff: 0.0, Sum: 0.1]
      [GC Worker Total (ms): Min: 6.7, Avg: 6.7, Max: 6.7, Diff: 0.0, Sum: 26.7]
      [GC Worker End (ms): Min: 263086.5, Avg: 263086.5, Max: 263086.5, Diff: 0.0]
   [Code Root Fixup: 0.0 ms]
   [Code Root Purge: 0.0 ms]
   [Clear CT: 0.0 ms]
   [Other: 0.7 ms]
      [Choose CSet: 0.0 ms]
      [Ref Proc: 0.0 ms]
      [Ref Enq: 0.0 ms]
      [Redirty Cards: 0.0 ms]
      [Humongous Register: 0.0 ms]
      [Humongous Reclaim: 0.0 ms]
      [Free CSet: 0.1 ms]
   [Eden: 94.0M(94.0M)->0.0B(80.0M) Survivors: 15.0M->14.0M Heap: 968.5M(1096.0M)->891.0M(1096.0M)]
 [Times: user=0.00 sys=0.00, real=0.01 secs] 
2016-06-27T20:29:20.815+0300: 263.087: [GC concurrent-root-region-scan-start]
2016-06-27T20:29:20.815+0300: 263.087: Total time for which application threads were stopped: 0.0132624 seconds, Stopping threads took: 0.0049860 seconds
2016-06-27T20:29:20.817+0300: 263.089: [GC concurrent-root-region-scan-end, 0.0015597 secs]
2016-06-27T20:29:20.817+0300: 263.089: [GC concurrent-mark-start]
2016-06-27T20:29:20.903+0300: 263.175: [GC concurrent-mark-end, 0.0864482 secs]
2016-06-27T20:29:20.910+0300: 263.182: Total time for which application threads were stopped: 0.0038125 seconds, Stopping threads took: 0.0024038 seconds
2016-06-27T20:29:21.446+0300: 263.718: [GC pause (G1 Evacuation Pause) (young)
Desired survivor size 6291456 bytes, new threshold 1 (max 15)
- age   1:   14365176 bytes,   14365176 total
, 0.0066667 secs]
   [Parallel Time: 6.1 ms, GC Workers: 4]
      [GC Worker Start (ms): Min: 263717.8, Avg: 263717.8, Max: 263717.9, Diff: 0.0]
      [Ext Root Scanning (ms): Min: 0.6, Avg: 0.6, Max: 0.6, Diff: 0.0, Sum: 2.3]
      [Update RS (ms): Min: 1.1, Avg: 1.2, Max: 1.3, Diff: 0.2, Sum: 4.6]
         [Processed Buffers: Min: 4, Avg: 13.3, Max: 33, Diff: 29, Sum: 53]
      [Scan RS (ms): Min: 0.0, Avg: 0.0, Max: 0.0, Diff: 0.0, Sum: 0.1]
      [Code Root Scanning (ms): Min: 0.0, Avg: 0.0, Max: 0.0, Diff: 0.0, Sum: 0.0]
      [Object Copy (ms): Min: 4.2, Avg: 4.3, Max: 4.3, Diff: 0.1, Sum: 17.1]
      [Termination (ms): Min: 0.0, Avg: 0.0, Max: 0.0, Diff: 0.0, Sum: 0.0]
         [Termination Attempts: Min: 1, Avg: 1.0, Max: 1, Diff: 0, Sum: 4]
      [GC Worker Other (ms): Min: 0.0, Avg: 0.0, Max: 0.0, Diff: 0.0, Sum: 0.0]
      [GC Worker Total (ms): Min: 6.0, Avg: 6.0, Max: 6.1, Diff: 0.0, Sum: 24.2]
      [GC Worker End (ms): Min: 263723.9, Avg: 263723.9, Max: 263723.9, Diff: 0.0]
   [Code Root Fixup: 0.0 ms]
   [Code Root Purge: 0.0 ms]
   [Clear CT: 0.0 ms]
   [Other: 0.5 ms]
      [Choose CSet: 0.0 ms]
      [Ref Proc: 0.0 ms]
      [Ref Enq: 0.0 ms]
      [Redirty Cards: 0.0 ms]
      [Humongous Register: 0.0 ms]
      [Humongous Reclaim: 0.0 ms]
      [Free CSet: 0.1 ms]
   [Eden: 80.0M(80.0M)->0.0B(67.0M) Survivors: 14.0M->12.0M Heap: 971.0M(1096.0M)->906.0M(1096.0M)]
 [Times: user=0.00 sys=0.00, real=0.01 secs] 
2016-06-27T20:29:21.453+0300: 263.725: Total time for which application threads were stopped: 0.0086172 seconds, Stopping threads took: 0.0011500 seconds
2016-06-27T20:29:21.910+0300: 264.182: Total time for which application threads were stopped: 0.0035380 seconds, Stopping threads took: 0.0021853 seconds
2016-06-27T20:29:22.017+0300: 264.289: [GC pause (G1 Evacuation Pause) (young)
Desired survivor size 5242880 bytes, new threshold 1 (max 15)
- age   1:   12134352 bytes,   12134352 total
, 0.0062480 secs]
   [Parallel Time: 5.7 ms, GC Workers: 4]
      [GC Worker Start (ms): Min: 264289.1, Avg: 264289.1, Max: 264289.1, Diff: 0.0]
      [Ext Root Scanning (ms): Min: 0.6, Avg: 0.6, Max: 0.6, Diff: 0.0, Sum: 2.3]
      [Update RS (ms): Min: 1.4, Avg: 1.5, Max: 1.6, Diff: 0.1, Sum: 6.0]
         [Processed Buffers: Min: 4, Avg: 13.3, Max: 27, Diff: 23, Sum: 53]
      [Scan RS (ms): Min: 0.0, Avg: 0.0, Max: 0.0, Diff: 0.0, Sum: 0.0]
      [Code Root Scanning (ms): Min: 0.0, Avg: 0.0, Max: 0.0, Diff: 0.0, Sum: 0.0]
      [Object Copy (ms): Min: 3.5, Avg: 3.5, Max: 3.6, Diff: 0.1, Sum: 14.1]
      [Termination (ms): Min: 0.0, Avg: 0.0, Max: 0.0, Diff: 0.0, Sum: 0.0]
         [Termination Attempts: Min: 1, Avg: 1.0, Max: 1, Diff: 0, Sum: 4]
      [GC Worker Other (ms): Min: 0.0, Avg: 0.0, Max: 0.0, Diff: 0.0, Sum: 0.1]
      [GC Worker Total (ms): Min: 5.6, Avg: 5.6, Max: 5.7, Diff: 0.0, Sum: 22.6]
      [GC Worker End (ms): Min: 264294.7, Avg: 264294.7, Max: 264294.7, Diff: 0.0]
   [Code Root Fixup: 0.0 ms]
   [Code Root Purge: 0.0 ms]
   [Clear CT: 0.0 ms]
   [Other: 0.5 ms]
      [Choose CSet: 0.0 ms]
      [Ref Proc: 0.0 ms]
      [Ref Enq: 0.0 ms]
      [Redirty Cards: 0.0 ms]
      [Humongous Register: 0.0 ms]
      [Humongous Reclaim: 0.0 ms]
      [Free CSet: 0.1 ms]
   [Eden: 67.0M(67.0M)->0.0B(57.0M) Survivors: 12.0M->10.0M Heap: 973.0M(1096.0M)->917.5M(1096.0M)]
 [Times: user=0.06 sys=0.00, real=0.01 secs] 
2016-06-27T20:29:22.024+0300: 264.295: Total time for which application threads were stopped: 0.0154452 seconds, Stopping threads took: 0.0084103 seconds
2016-06-27T20:29:22.285+0300: 264.557: [GC remark 2016-06-27T20:29:22.285+0300: 264.557: [Finalize Marking, 0.0002373 secs] 2016-06-27T20:29:22.285+0300: 264.557: [GC ref-proc, 0.0001022 secs] 2016-06-27T20:29:22.285+0300: 264.558: [Unloading, 0.0019394 secs], 0.0058952 secs]
 [Times: user=0.02 sys=0.00, real=0.01 secs] 
2016-06-27T20:29:22.291+0300: 264.563: Total time for which application threads were stopped: 0.0094781 seconds, Stopping threads took: 0.0029919 seconds
2016-06-27T20:29:22.292+0300: 264.564: [GC cleanup 947M->947M(1096M), 0.0021661 secs]
 [Times: user=0.00 sys=0.00, real=0.00 secs] 
2016-06-27T20:29:22.294+0300: 264.566: Total time for which application threads were stopped: 0.0028657 seconds, Stopping threads took: 0.0000560 seconds
2016-06-27T20:29:22.516+0300: 264.788: [GC pause (G1 Evacuation Pause) (young)
Desired survivor size 4718592 bytes, new threshold 1 (max 15)
- age   1:   10280024 bytes,   10280024 total
, 0.0051729 secs]
   [Parallel Time: 4.6 ms, GC Workers: 4]
      [GC Worker Start (ms): Min: 264788.3, Avg: 264788.3, Max: 264788.4, Diff: 0.0]
      [Ext Root Scanning (ms): Min: 0.6, Avg: 0.6, Max: 0.6, Diff: 0.0, Sum: 2.3]
      [Update RS (ms): Min: 0.7, Avg: 0.8, Max: 0.9, Diff: 0.2, Sum: 3.3]
         [Processed Buffers: Min: 2, Avg: 13.5, Max: 30, Diff: 28, Sum: 54]
      [Scan RS (ms): Min: 0.0, Avg: 0.0, Max: 0.0, Diff: 0.0, Sum: 0.0]
      [Code Root Scanning (ms): Min: 0.0, Avg: 0.0, Max: 0.0, Diff: 0.0, Sum: 0.0]
      [Object Copy (ms): Min: 3.0, Avg: 3.1, Max: 3.2, Diff: 0.1, Sum: 12.3]
      [Termination (ms): Min: 0.0, Avg: 0.0, Max: 0.0, Diff: 0.0, Sum: 0.0]
         [Termination Attempts: Min: 1, Avg: 1.0, Max: 1, Diff: 0, Sum: 4]
      [GC Worker Other (ms): Min: 0.0, Avg: 0.0, Max: 0.0, Diff: 0.0, Sum: 0.1]
      [GC Worker Total (ms): Min: 4.5, Avg: 4.5, Max: 4.5, Diff: 0.0, Sum: 18.1]
      [GC Worker End (ms): Min: 264792.9, Avg: 264792.9, Max: 264792.9, Diff: 0.0]
   [Code Root Fixup: 0.0 ms]
   [Code Root Purge: 0.0 ms]
   [Clear CT: 0.0 ms]
   [Other: 0.6 ms]
      [Choose CSet: 0.0 ms]
      [Ref Proc: 0.0 ms]
      [Ref Enq: 0.0 ms]
      [Redirty Cards: 0.0 ms]
      [Humongous Register: 0.0 ms]
      [Humongous Reclaim: 0.0 ms]
      [Free CSet: 0.1 ms]
   [Eden: 57.0M(57.0M)->0.0B(45.0M) Survivors: 10.0M->9216.0K Heap: 974.5M(1096.0M)->929.0M(1096.0M)]
 [Times: user=0.06 sys=0.00, real=0.00 secs] 
2016-06-27T20:29:22.521+0300: 264.794: Total time for which application threads were stopped: 0.0083628 seconds, Stopping threads took: 0.0023833 seconds
2016-06-27T20:29:22.910+0300: 265.182: [GC pause (G1 Evacuation Pause) (mixed)
Desired survivor size 3670016 bytes, new threshold 1 (max 15)
- age   1:    9033208 bytes,    9033208 total
, 0.0191371 secs]
   [Parallel Time: 17.8 ms, GC Workers: 4]
      [GC Worker Start (ms): Min: 265182.1, Avg: 265182.1, Max: 265182.1, Diff: 0.0]
      [Ext Root Scanning (ms): Min: 0.6, Avg: 0.6, Max: 0.7, Diff: 0.1, Sum: 2.5]
      [Update RS (ms): Min: 0.8, Avg: 0.8, Max: 0.8, Diff: 0.1, Sum: 3.3]
         [Processed Buffers: Min: 2, Avg: 14.8, Max: 38, Diff: 36, Sum: 59]
      [Scan RS (ms): Min: 3.3, Avg: 3.4, Max: 3.5, Diff: 0.2, Sum: 13.5]
      [Code Root Scanning (ms): Min: 0.0, Avg: 0.1, Max: 0.1, Diff: 0.1, Sum: 0.2]
      [Object Copy (ms): Min: 12.8, Avg: 12.8, Max: 12.9, Diff: 0.1, Sum: 51.4]
      [Termination (ms): Min: 0.0, Avg: 0.0, Max: 0.0, Diff: 0.0, Sum: 0.0]
         [Termination Attempts: Min: 1, Avg: 1.0, Max: 1, Diff: 0, Sum: 4]
      [GC Worker Other (ms): Min: 0.0, Avg: 0.0, Max: 0.0, Diff: 0.0, Sum: 0.1]
      [GC Worker Total (ms): Min: 17.7, Avg: 17.7, Max: 17.7, Diff: 0.0, Sum: 70.9]
      [GC Worker End (ms): Min: 265199.8, Avg: 265199.8, Max: 265199.8, Diff: 0.0]
   [Code Root Fixup: 0.1 ms]
   [Code Root Purge: 0.0 ms]
   [Clear CT: 0.2 ms]
   [Other: 1.1 ms]
      [Choose CSet: 0.2 ms]
      [Ref Proc: 0.1 ms]
      [Ref Enq: 0.0 ms]
      [Redirty Cards: 0.1 ms]
      [Humongous Register: 0.0 ms]
      [Humongous Reclaim: 0.0 ms]
      [Free CSet: 0.5 ms]
   [Eden: 45.0M(45.0M)->0.0B(47.0M) Survivors: 9216.0K->7168.0K Heap: 974.0M(1096.0M)->890.5M(1096.0M)]
 [Times: user=0.13 sys=0.00, real=0.02 secs] 
2016-06-27T20:29:22.929+0300: 265.201: Total time for which application threads were stopped: 0.0236189 seconds, Stopping threads took: 0.0037039 seconds
2016-06-27T20:29:23.330+0300: 265.602: [GC pause (G1 Evacuation Pause) (mixed)
Desired survivor size 3670016 bytes, new threshold 1 (max 15)
- age   1:    6775232 bytes,    6775232 total
, 0.0231130 secs]
   [Parallel Time: 21.9 ms, GC Workers: 4]
      [GC Worker Start (ms): Min: 265602.6, Avg: 265602.6, Max: 265602.6, Diff: 0.0]
      [Ext Root Scanning (ms): Min: 0.5, Avg: 0.6, Max: 0.7, Diff: 0.1, Sum: 2.4]
      [Update RS (ms): Min: 9.3, Avg: 9.4, Max: 9.5, Diff: 0.2, Sum: 37.6]
         [Processed Buffers: Min: 11, Avg: 13.5, Max: 18, Diff: 7, Sum: 54]
      [Scan RS (ms): Min: 2.7, Avg: 2.8, Max: 2.9, Diff: 0.2, Sum: 11.2]
      [Code Root Scanning (ms): Min: 0.0, Avg: 0.0, Max: 0.0, Diff: 0.0, Sum: 0.0]
      [Object Copy (ms): Min: 9.0, Avg: 9.0, Max: 9.1, Diff: 0.1, Sum: 36.1]
      [Termination (ms): Min: 0.0, Avg: 0.0, Max: 0.0, Diff: 0.0, Sum: 0.0]
         [Termination Attempts: Min: 1, Avg: 4.0, Max: 9, Diff: 8, Sum: 16]
      [GC Worker Other (ms): Min: 0.0, Avg: 0.0, Max: 0.0, Diff: 0.0, Sum: 0.1]
      [GC Worker Total (ms): Min: 21.8, Avg: 21.8, Max: 21.8, Diff: 0.0, Sum: 87.3]
      [GC Worker End (ms): Min: 265624.4, Avg: 265624.4, Max: 265624.4, Diff: 0.0]
   [Code Root Fixup: 0.0 ms]
   [Code Root Purge: 0.0 ms]
   [Clear CT: 0.2 ms]
   [Other: 0.9 ms]
      [Choose CSet: 0.1 ms]
      [Ref Proc: 0.0 ms]
      [Ref Enq: 0.0 ms]
      [Redirty Cards: 0.0 ms]
      [Humongous Register: 0.0 ms]
      [Humongous Reclaim: 0.0 ms]
      [Free CSet: 0.4 ms]
   [Eden: 47.0M(47.0M)->0.0B(47.0M) Survivors: 7168.0K->7168.0K Heap: 937.5M(1096.0M)->880.5M(1096.0M)]
 [Times: user=0.13 sys=0.00, real=0.02 secs] 
2016-06-27T20:29:23.353+0300: 265.626: Total time for which application threads were stopped: 0.0258765 seconds, Stopping threads took: 0.0019411 seconds
2016-06-27T20:29:23.464+0300: 265.736: Total time for which application threads were stopped: 0.0061753 seconds, Stopping threads took: 0.0046944 seconds
2016-06-27T20:29:23.714+0300: 265.986: [GC pause (G1 Evacuation Pause) (young)
Desired survivor size 3670016 bytes, new threshold 1 (max 15)
- age   1:    7195872 bytes,    7195872 total
, 0.0114115 secs]
   [Parallel Time: 10.8 ms, GC Workers: 4]
      [GC Worker Start (ms): Min: 265985.9, Avg: 265985.9, Max: 265985.9, Diff: 0.0]
      [Ext Root Scanning (ms): Min: 0.6, Avg: 0.6, Max: 0.6, Diff: 0.1, Sum: 2.4]
      [Update RS (ms): Min: 7.6, Avg: 7.9, Max: 8.5, Diff: 0.8, Sum: 31.8]
         [Processed Buffers: Min: 8, Avg: 19.0, Max: 47, Diff: 39, Sum: 76]
      [Scan RS (ms): Min: 0.0, Avg: 0.0, Max: 0.0, Diff: 0.0, Sum: 0.0]
      [Code Root Scanning (ms): Min: 0.0, Avg: 0.0, Max: 0.0, Diff: 0.0, Sum: 0.0]
      [Object Copy (ms): Min: 1.7, Avg: 2.2, Max: 2.4, Diff: 0.8, Sum: 8.7]
      [Termination (ms): Min: 0.0, Avg: 0.0, Max: 0.0, Diff: 0.0, Sum: 0.0]
         [Termination Attempts: Min: 1, Avg: 1.0, Max: 1, Diff: 0, Sum: 4]
      [GC Worker Other (ms): Min: 0.0, Avg: 0.0, Max: 0.0, Diff: 0.0, Sum: 0.1]
      [GC Worker Total (ms): Min: 10.7, Avg: 10.7, Max: 10.8, Diff: 0.0, Sum: 43.0]
      [GC Worker End (ms): Min: 265996.6, Avg: 265996.6, Max: 265996.6, Diff: 0.0]
   [Code Root Fixup: 0.0 ms]
   [Code Root Purge: 0.0 ms]
   [Clear CT: 0.0 ms]
   [Other: 0.6 ms]
      [Choose CSet: 0.0 ms]
      [Ref Proc: 0.0 ms]
      [Ref Enq: 0.0 ms]
      [Redirty Cards: 0.0 ms]
      [Humongous Register: 0.0 ms]
      [Humongous Reclaim: 0.0 ms]
      [Free CSet: 0.1 ms]
   [Eden: 47.0M(47.0M)->0.0B(81.0M) Survivors: 7168.0K->7168.0K Heap: 927.5M(1096.0M)->890.0M(1096.0M)]
 [Times: user=0.06 sys=0.00, real=0.01 secs] 
2016-06-27T20:29:23.725+0300: 265.997: Total time for which application threads were stopped: 0.0165203 seconds, Stopping threads took: 0.0043120 seconds
2016-06-27T20:29:23.909+0300: 266.181: Total time for which application threads were stopped: 0.0025133 seconds, Stopping threads took: 0.0011230 seconds
2016-06-27T20:29:24.399+0300: 266.671: [GC pause (G1 Evacuation Pause) (young) (initial-mark)
Desired survivor size 5767168 bytes, new threshold 1 (max 15)
- age   1:    7157880 bytes,    7157880 total
, 0.0056391 secs]
   [Parallel Time: 4.8 ms, GC Workers: 4]
      [GC Worker Start (ms): Min: 266671.3, Avg: 266671.3, Max: 266671.3, Diff: 0.0]
      [Ext Root Scanning (ms): Min: 0.5, Avg: 0.6, Max: 0.8, Diff: 0.3, Sum: 2.4]
      [Update RS (ms): Min: 0.6, Avg: 0.7, Max: 0.8, Diff: 0.2, Sum: 3.0]
         [Processed Buffers: Min: 5, Avg: 20.8, Max: 48, Diff: 43, Sum: 83]
      [Scan RS (ms): Min: 0.0, Avg: 0.0, Max: 0.0, Diff: 0.0, Sum: 0.1]
      [Code Root Scanning (ms): Min: 0.0, Avg: 0.0, Max: 0.0, Diff: 0.0, Sum: 0.0]
      [Object Copy (ms): Min: 3.3, Avg: 3.3, Max: 3.4, Diff: 0.1, Sum: 13.3]
      [Termination (ms): Min: 0.0, Avg: 0.0, Max: 0.0, Diff: 0.0, Sum: 0.0]
         [Termination Attempts: Min: 1, Avg: 1.0, Max: 1, Diff: 0, Sum: 4]
      [GC Worker Other (ms): Min: 0.0, Avg: 0.0, Max: 0.0, Diff: 0.0, Sum: 0.0]
      [GC Worker Total (ms): Min: 4.7, Avg: 4.7, Max: 4.7, Diff: 0.0, Sum: 18.8]
      [GC Worker End (ms): Min: 266676.0, Avg: 266676.0, Max: 266676.0, Diff: 0.0]
   [Code Root Fixup: 0.0 ms]
   [Code Root Purge: 0.0 ms]
   [Clear CT: 0.1 ms]
   [Other: 0.8 ms]
      [Choose CSet: 0.0 ms]
      [Ref Proc: 0.1 ms]
      [Ref Enq: 0.0 ms]
      [Redirty Cards: 0.1 ms]
      [Humongous Register: 0.0 ms]
      [Humongous Reclaim: 0.0 ms]
      [Free CSet: 0.1 ms]
   [Eden: 81.0M(81.0M)->0.0B(67.0M) Survivors: 7168.0K->11.0M Heap: 971.0M(1096.0M)->906.0M(1096.0M)]
 [Times: user=0.00 sys=0.00, real=0.01 secs] 
2016-06-27T20:29:24.405+0300: 266.677: [GC concurrent-root-region-scan-start]
2016-06-27T20:29:24.405+0300: 266.677: Total time for which application threads were stopped: 0.0115608 seconds, Stopping threads took: 0.0052858 seconds
2016-06-27T20:29:24.406+0300: 266.679: [GC concurrent-root-region-scan-end, 0.0016182 secs]
2016-06-27T20:29:24.406+0300: 266.679: [GC concurrent-mark-start]
2016-06-27T20:29:24.482+0300: 266.754: [GC concurrent-mark-end, 0.0748955 secs]
2016-06-27T20:29:24.495+0300: 266.767: [GC remark 2016-06-27T20:29:24.495+0300: 266.767: [Finalize Marking, 0.0003122 secs] 2016-06-27T20:29:24.495+0300: 266.767: [GC ref-proc, 0.0001065 secs] 2016-06-27T20:29:24.495+0300: 266.767: [Unloading, 0.0017286 secs], 0.0058926 secs]
 [Times: user=0.00 sys=0.00, real=0.01 secs] 
2016-06-27T20:29:24.501+0300: 266.773: Total time for which application threads were stopped: 0.0082187 seconds, Stopping threads took: 0.0018736 seconds
2016-06-27T20:29:24.503+0300: 266.775: [GC cleanup 920M->920M(1096M), 0.0021229 secs]
 [Times: user=0.06 sys=0.00, real=0.00 secs] 
2016-06-27T20:29:24.505+0300: 266.777: Total time for which application threads were stopped: 0.0027601 seconds, Stopping threads took: 0.0001625 seconds
2016-06-27T20:29:24.961+0300: 267.233: [GC pause (G1 Evacuation Pause) (young)
Desired survivor size 5242880 bytes, new threshold 1 (max 15)
- age   1:   11059320 bytes,   11059320 total
, 0.0056733 secs]
   [Parallel Time: 5.0 ms, GC Workers: 4]
      [GC Worker Start (ms): Min: 267233.1, Avg: 267233.1, Max: 267233.2, Diff: 0.1]
      [Ext Root Scanning (ms): Min: 0.6, Avg: 0.6, Max: 0.7, Diff: 0.1, Sum: 2.5]
      [Update RS (ms): Min: 0.8, Avg: 0.9, Max: 0.9, Diff: 0.1, Sum: 3.4]
         [Processed Buffers: Min: 2, Avg: 12.0, Max: 30, Diff: 28, Sum: 48]
      [Scan RS (ms): Min: 0.0, Avg: 0.0, Max: 0.0, Diff: 0.0, Sum: 0.0]
      [Code Root Scanning (ms): Min: 0.0, Avg: 0.0, Max: 0.0, Diff: 0.0, Sum: 0.0]
      [Object Copy (ms): Min: 3.4, Avg: 3.4, Max: 3.5, Diff: 0.1, Sum: 13.8]
      [Termination (ms): Min: 0.0, Avg: 0.0, Max: 0.0, Diff: 0.0, Sum: 0.0]
         [Termination Attempts: Min: 1, Avg: 1.0, Max: 1, Diff: 0, Sum: 4]
      [GC Worker Other (ms): Min: 0.0, Avg: 0.0, Max: 0.0, Diff: 0.0, Sum: 0.1]
      [GC Worker Total (ms): Min: 4.9, Avg: 5.0, Max: 5.0, Diff: 0.1, Sum: 19.8]
      [GC Worker End (ms): Min: 267238.1, Avg: 267238.1, Max: 267238.1, Diff: 0.0]
   [Code Root Fixup: 0.0 ms]
   [Code Root Purge: 0.0 ms]
   [Clear CT: 0.0 ms]
   [Other: 0.6 ms]
      [Choose CSet: 0.0 ms]
      [Ref Proc: 0.1 ms]
      [Ref Enq: 0.0 ms]
      [Redirty Cards: 0.0 ms]
      [Humongous Register: 0.0 ms]
      [Humongous Reclaim: 0.0 ms]
      [Free CSet: 0.1 ms]
   [Eden: 67.0M(67.0M)->0.0B(44.0M) Survivors: 11.0M->10.0M Heap: 973.0M(1096.0M)->918.0M(1096.0M)]
 [Times: user=0.00 sys=0.00, real=0.01 secs] 
2016-06-27T20:29:24.967+0300: 267.239: Total time for which application threads were stopped: 0.0098395 seconds, Stopping threads took: 0.0034084 seconds
2016-06-27T20:29:25.350+0300: 267.622: [GC pause (G1 Evacuation Pause) (mixed)
Desired survivor size 3670016 bytes, new threshold 1 (max 15)
- age   1:   10202072 bytes,   10202072 total
, 0.0201917 secs]
   [Parallel Time: 18.9 ms, GC Workers: 4]
      [GC Worker Start (ms): Min: 267622.7, Avg: 267622.7, Max: 267622.7, Diff: 0.0]
      [Ext Root Scanning (ms): Min: 0.5, Avg: 0.6, Max: 0.6, Diff: 0.1, Sum: 2.3]
      [Update RS (ms): Min: 1.2, Avg: 1.3, Max: 1.3, Diff: 0.1, Sum: 5.0]
         [Processed Buffers: Min: 7, Avg: 9.5, Max: 13, Diff: 6, Sum: 38]
      [Scan RS (ms): Min: 2.7, Avg: 2.7, Max: 2.8, Diff: 0.1, Sum: 11.0]
      [Code Root Scanning (ms): Min: 0.0, Avg: 0.0, Max: 0.0, Diff: 0.0, Sum: 0.0]
      [Object Copy (ms): Min: 14.2, Avg: 14.3, Max: 14.3, Diff: 0.1, Sum: 57.1]
      [Termination (ms): Min: 0.0, Avg: 0.0, Max: 0.0, Diff: 0.0, Sum: 0.0]
         [Termination Attempts: Min: 1, Avg: 3.5, Max: 5, Diff: 4, Sum: 14]
      [GC Worker Other (ms): Min: 0.0, Avg: 0.0, Max: 0.0, Diff: 0.0, Sum: 0.1]
      [GC Worker Total (ms): Min: 18.9, Avg: 18.9, Max: 18.9, Diff: 0.0, Sum: 75.5]
      [GC Worker End (ms): Min: 267641.6, Avg: 267641.6, Max: 267641.6, Diff: 0.0]
   [Code Root Fixup: 0.0 ms]
   [Code Root Purge: 0.0 ms]
   [Clear CT: 0.2 ms]
   [Other: 1.0 ms]
      [Choose CSet: 0.1 ms]
      [Ref Proc: 0.1 ms]
      [Ref Enq: 0.0 ms]
      [Redirty Cards: 0.1 ms]
      [Humongous Register: 0.0 ms]
      [Humongous Reclaim: 0.0 ms]
      [Free CSet: 0.5 ms]
   [Eden: 44.0M(44.0M)->0.0B(47.0M) Survivors: 10.0M->7168.0K Heap: 962.0M(1096.0M)->886.0M(1096.0M)]
 [Times: user=0.06 sys=0.00, real=0.02 secs] 
2016-06-27T20:29:25.371+0300: 267.643: Total time for which application threads were stopped: 0.0259458 seconds, Stopping threads took: 0.0050639 seconds
2016-06-27T20:29:25.766+0300: 268.038: [GC pause (G1 Evacuation Pause) (mixed)
Desired survivor size 3670016 bytes, new threshold 1 (max 15)
- age   1:    6972432 bytes,    6972432 total
, 0.0212852 secs]
   [Parallel Time: 20.1 ms, GC Workers: 4]
      [GC Worker Start (ms): Min: 268038.2, Avg: 268038.2, Max: 268038.2, Diff: 0.0]
      [Ext Root Scanning (ms): Min: 0.6, Avg: 0.6, Max: 0.7, Diff: 0.2, Sum: 2.5]
      [Update RS (ms): Min: 8.7, Avg: 8.9, Max: 9.3, Diff: 0.6, Sum: 35.6]
         [Processed Buffers: Min: 12, Avg: 16.8, Max: 28, Diff: 16, Sum: 67]
      [Scan RS (ms): Min: 2.3, Avg: 2.5, Max: 2.7, Diff: 0.4, Sum: 10.1]
      [Code Root Scanning (ms): Min: 0.0, Avg: 0.1, Max: 0.1, Diff: 0.1, Sum: 0.2]
      [Object Copy (ms): Min: 7.9, Avg: 7.9, Max: 7.9, Diff: 0.0, Sum: 31.7]
      [Termination (ms): Min: 0.0, Avg: 0.0, Max: 0.0, Diff: 0.0, Sum: 0.0]
         [Termination Attempts: Min: 1, Avg: 1.0, Max: 1, Diff: 0, Sum: 4]
      [GC Worker Other (ms): Min: 0.0, Avg: 0.0, Max: 0.0, Diff: 0.0, Sum: 0.1]
      [GC Worker Total (ms): Min: 20.0, Avg: 20.0, Max: 20.1, Diff: 0.0, Sum: 80.2]
      [GC Worker End (ms): Min: 268058.2, Avg: 268058.2, Max: 268058.2, Diff: 0.0]
   [Code Root Fixup: 0.1 ms]
   [Code Root Purge: 0.0 ms]
   [Clear CT: 0.2 ms]
   [Other: 0.9 ms]
      [Choose CSet: 0.1 ms]
      [Ref Proc: 0.1 ms]
      [Ref Enq: 0.0 ms]
      [Redirty Cards: 0.0 ms]
      [Humongous Register: 0.0 ms]
      [Humongous Reclaim: 0.0 ms]
      [Free CSet: 0.3 ms]
   [Eden: 47.0M(47.0M)->0.0B(47.0M) Survivors: 7168.0K->7168.0K Heap: 933.0M(1096.0M)->881.0M(1096.0M)]
 [Times: user=0.13 sys=0.00, real=0.02 secs] 
2016-06-27T20:29:25.787+0300: 268.059: Total time for which application threads were stopped: 0.0289779 seconds, Stopping threads took: 0.0070007 seconds
2016-06-27T20:29:26.185+0300: 268.458: [GC pause (G1 Evacuation Pause) (young)
Desired survivor size 3670016 bytes, new threshold 1 (max 15)
- age   1:    7201128 bytes,    7201128 total
, 0.0118473 secs]
   [Parallel Time: 11.2 ms, GC Workers: 4]
      [GC Worker Start (ms): Min: 268457.8, Avg: 268457.8, Max: 268457.8, Diff: 0.0]
      [Ext Root Scanning (ms): Min: 0.5, Avg: 0.6, Max: 0.6, Diff: 0.1, Sum: 2.3]
      [Update RS (ms): Min: 8.2, Avg: 8.4, Max: 8.5, Diff: 0.3, Sum: 33.4]
         [Processed Buffers: Min: 10, Avg: 19.3, Max: 27, Diff: 17, Sum: 77]
      [Scan RS (ms): Min: 0.0, Avg: 0.0, Max: 0.0, Diff: 0.0, Sum: 0.0]
      [Code Root Scanning (ms): Min: 0.0, Avg: 0.0, Max: 0.0, Diff: 0.0, Sum: 0.0]
      [Object Copy (ms): Min: 2.1, Avg: 2.2, Max: 2.3, Diff: 0.2, Sum: 9.0]
      [Termination (ms): Min: 0.0, Avg: 0.0, Max: 0.0, Diff: 0.0, Sum: 0.0]
         [Termination Attempts: Min: 1, Avg: 1.0, Max: 1, Diff: 0, Sum: 4]
      [GC Worker Other (ms): Min: 0.0, Avg: 0.0, Max: 0.0, Diff: 0.0, Sum: 0.1]
      [GC Worker Total (ms): Min: 11.2, Avg: 11.2, Max: 11.2, Diff: 0.0, Sum: 44.8]
      [GC Worker End (ms): Min: 268469.0, Avg: 268469.0, Max: 268469.0, Diff: 0.0]
   [Code Root Fixup: 0.0 ms]
   [Code Root Purge: 0.0 ms]
   [Clear CT: 0.0 ms]
   [Other: 0.6 ms]
      [Choose CSet: 0.0 ms]
      [Ref Proc: 0.0 ms]
      [Ref Enq: 0.0 ms]
      [Redirty Cards: 0.0 ms]
      [Humongous Register: 0.0 ms]
      [Humongous Reclaim: 0.0 ms]
      [Free CSet: 0.1 ms]
   [Eden: 47.0M(47.0M)->0.0B(81.0M) Survivors: 7168.0K->7168.0K Heap: 928.0M(1096.0M)->890.0M(1096.0M)]
 [Times: user=0.06 sys=0.00, real=0.01 secs] 
2016-06-27T20:29:26.197+0300: 268.470: Total time for which application threads were stopped: 0.0161948 seconds, Stopping threads took: 0.0036449 seconds
2016-06-27T20:29:26.875+0300: 269.147: [GC pause (G1 Evacuation Pause) (young) (initial-mark)
Desired survivor size 5767168 bytes, new threshold 1 (max 15)
- age   1:    7145488 bytes,    7145488 total
, 0.0058991 secs]
   [Parallel Time: 5.2 ms, GC Workers: 4]
      [GC Worker Start (ms): Min: 269147.7, Avg: 269147.7, Max: 269147.7, Diff: 0.0]
      [Ext Root Scanning (ms): Min: 0.6, Avg: 0.7, Max: 0.8, Diff: 0.2, Sum: 2.7]
      [Update RS (ms): Min: 1.0, Avg: 1.1, Max: 1.2, Diff: 0.2, Sum: 4.4]
         [Processed Buffers: Min: 5, Avg: 18.0, Max: 30, Diff: 25, Sum: 72]
      [Scan RS (ms): Min: 0.0, Avg: 0.0, Max: 0.0, Diff: 0.0, Sum: 0.1]
      [Code Root Scanning (ms): Min: 0.0, Avg: 0.0, Max: 0.0, Diff: 0.0, Sum: 0.0]
      [Object Copy (ms): Min: 3.3, Avg: 3.3, Max: 3.4, Diff: 0.1, Sum: 13.3]
      [Termination (ms): Min: 0.0, Avg: 0.0, Max: 0.0, Diff: 0.0, Sum: 0.0]
         [Termination Attempts: Min: 1, Avg: 1.0, Max: 1, Diff: 0, Sum: 4]
      [GC Worker Other (ms): Min: 0.0, Avg: 0.0, Max: 0.0, Diff: 0.0, Sum: 0.1]
      [GC Worker Total (ms): Min: 5.1, Avg: 5.1, Max: 5.1, Diff: 0.0, Sum: 20.5]
      [GC Worker End (ms): Min: 269152.8, Avg: 269152.8, Max: 269152.8, Diff: 0.0]
   [Code Root Fixup: 0.0 ms]
   [Code Root Purge: 0.0 ms]
   [Clear CT: 0.0 ms]
   [Other: 0.7 ms]
      [Choose CSet: 0.0 ms]
      [Ref Proc: 0.0 ms]
      [Ref Enq: 0.0 ms]
      [Redirty Cards: 0.0 ms]
      [Humongous Register: 0.0 ms]
      [Humongous Reclaim: 0.0 ms]
      [Free CSet: 0.1 ms]
   [Eden: 81.0M(81.0M)->0.0B(68.0M) Survivors: 7168.0K->11.0M Heap: 971.0M(1096.0M)->905.0M(1096.0M)]
 [Times: user=0.05 sys=0.00, real=0.01 secs] 
2016-06-27T20:29:26.881+0300: 269.153: [GC concurrent-root-region-scan-start]
2016-06-27T20:29:26.881+0300: 269.154: Total time for which application threads were stopped: 0.0116544 seconds, Stopping threads took: 0.0050040 seconds
2016-06-27T20:29:26.882+0300: 269.155: [GC concurrent-root-region-scan-end, 0.0012509 secs]
2016-06-27T20:29:26.882+0300: 269.155: [GC concurrent-mark-start]
2016-06-27T20:29:26.912+0300: 269.184: Total time for which application threads were stopped: 0.0042556 seconds, Stopping threads took: 0.0028315 seconds
2016-06-27T20:29:26.971+0300: 269.242: [GC concurrent-mark-end, 0.0811466 secs]
2016-06-27T20:29:26.984+0300: 269.256: [GC remark 2016-06-27T20:29:26.984+0300: 269.256: [Finalize Marking, 0.0002899 secs] 2016-06-27T20:29:26.985+0300: 269.257: [GC ref-proc, 0.0001052 secs] 2016-06-27T20:29:26.985+0300: 269.257: [Unloading, 0.0018355 secs], 0.0059606 secs]
 [Times: user=0.06 sys=0.00, real=0.01 secs] 
2016-06-27T20:29:26.990+0300: 269.262: Total time for which application threads were stopped: 0.0109381 seconds, Stopping threads took: 0.0044275 seconds
2016-06-27T20:29:27.430+0300: 269.702: [GC pause (G1 Evacuation Pause) (young)
Desired survivor size 5242880 bytes, new threshold 1 (max 15)
- age   1:   11329696 bytes,   11329696 total
, 0.0061261 secs]
   [Parallel Time: 5.5 ms, GC Workers: 4]
      [GC Worker Start (ms): Min: 269701.9, Avg: 269702.0, Max: 269702.0, Diff: 0.0]
      [Ext Root Scanning (ms): Min: 0.5, Avg: 0.6, Max: 0.7, Diff: 0.2, Sum: 2.3]
      [Update RS (ms): Min: 1.2, Avg: 1.3, Max: 1.4, Diff: 0.3, Sum: 5.3]
         [Processed Buffers: Min: 11, Avg: 14.3, Max: 19, Diff: 8, Sum: 57]
      [Scan RS (ms): Min: 0.0, Avg: 0.0, Max: 0.0, Diff: 0.0, Sum: 0.0]
      [Code Root Scanning (ms): Min: 0.0, Avg: 0.0, Max: 0.0, Diff: 0.0, Sum: 0.0]
      [Object Copy (ms): Min: 3.5, Avg: 3.5, Max: 3.5, Diff: 0.1, Sum: 14.0]
      [Termination (ms): Min: 0.0, Avg: 0.0, Max: 0.0, Diff: 0.0, Sum: 0.0]
         [Termination Attempts: Min: 1, Avg: 1.0, Max: 1, Diff: 0, Sum: 4]
      [GC Worker Other (ms): Min: 0.0, Avg: 0.0, Max: 0.0, Diff: 0.0, Sum: 0.0]
      [GC Worker Total (ms): Min: 5.4, Avg: 5.4, Max: 5.4, Diff: 0.0, Sum: 21.7]
      [GC Worker End (ms): Min: 269707.4, Avg: 269707.4, Max: 269707.4, Diff: 0.0]
   [Code Root Fixup: 0.0 ms]
   [Code Root Purge: 0.0 ms]
   [Clear CT: 0.0 ms]
   [Other: 0.5 ms]
      [Choose CSet: 0.0 ms]
      [Ref Proc: 0.1 ms]
      [Ref Enq: 0.0 ms]
      [Redirty Cards: 0.0 ms]
      [Humongous Register: 0.0 ms]
      [Humongous Reclaim: 0.0 ms]
      [Free CSet: 0.1 ms]
   [Eden: 68.0M(68.0M)->0.0B(57.0M) Survivors: 11.0M->10.0M Heap: 973.0M(1096.0M)->918.0M(1096.0M)]
 [Times: user=0.00 sys=0.00, real=0.01 secs] 
2016-06-27T20:29:27.436+0300: 269.708: Total time for which application threads were stopped: 0.0097462 seconds, Stopping threads took: 0.0030026 seconds
2016-06-27T20:29:27.436+0300: 269.709: [GC cleanup 918M->918M(1096M), 0.0021349 secs]
 [Times: user=0.00 sys=0.00, real=0.00 secs] 
2016-06-27T20:29:27.439+0300: 269.711: Total time for which application threads were stopped: 0.0026365 seconds, Stopping threads took: 0.0000509 seconds
2016-06-27T20:29:27.927+0300: 270.199: [GC pause (G1 Evacuation Pause) (young)
Desired survivor size 4718592 bytes, new threshold 1 (max 15)
- age   1:   10330264 bytes,   10330264 total
, 0.0055116 secs]
   [Parallel Time: 4.9 ms, GC Workers: 4]
      [GC Worker Start (ms): Min: 270199.6, Avg: 270199.6, Max: 270199.6, Diff: 0.0]
      [Ext Root Scanning (ms): Min: 0.5, Avg: 0.6, Max: 0.7, Diff: 0.1, Sum: 2.3]
      [Update RS (ms): Min: 1.2, Avg: 1.3, Max: 1.5, Diff: 0.3, Sum: 5.2]
         [Processed Buffers: Min: 3, Avg: 12.5, Max: 31, Diff: 28, Sum: 50]
      [Scan RS (ms): Min: 0.0, Avg: 0.0, Max: 0.0, Diff: 0.0, Sum: 0.0]
      [Code Root Scanning (ms): Min: 0.0, Avg: 0.0, Max: 0.0, Diff: 0.0, Sum: 0.0]
      [Object Copy (ms): Min: 2.8, Avg: 3.0, Max: 3.0, Diff: 0.2, Sum: 11.9]
      [Termination (ms): Min: 0.0, Avg: 0.0, Max: 0.0, Diff: 0.0, Sum: 0.0]
         [Termination Attempts: Min: 1, Avg: 1.0, Max: 1, Diff: 0, Sum: 4]
      [GC Worker Other (ms): Min: 0.0, Avg: 0.0, Max: 0.0, Diff: 0.0, Sum: 0.1]
      [GC Worker Total (ms): Min: 4.9, Avg: 4.9, Max: 4.9, Diff: 0.0, Sum: 19.5]
      [GC Worker End (ms): Min: 270204.5, Avg: 270204.5, Max: 270204.5, Diff: 0.0]
   [Code Root Fixup: 0.0 ms]
   [Code Root Purge: 0.0 ms]
   [Clear CT: 0.0 ms]
   [Other: 0.5 ms]
      [Choose CSet: 0.0 ms]
      [Ref Proc: 0.1 ms]
      [Ref Enq: 0.0 ms]
      [Redirty Cards: 0.0 ms]
      [Humongous Register: 0.0 ms]
      [Humongous Reclaim: 0.0 ms]
      [Free CSet: 0.1 ms]
   [Eden: 57.0M(57.0M)->0.0B(45.0M) Survivors: 10.0M->9216.0K Heap: 975.0M(1096.0M)->928.5M(1096.0M)]
 [Times: user=0.00 sys=0.00, real=0.01 secs] 
2016-06-27T20:29:27.933+0300: 270.205: Total time for which application threads were stopped: 0.0085732 seconds, Stopping threads took: 0.0024248 seconds
2016-06-27T20:29:28.322+0300: 270.594: [GC pause (G1 Evacuation Pause) (mixed)
Desired survivor size 3670016 bytes, new threshold 1 (max 15)
- age   1:    9202664 bytes,    9202664 total
, 0.0200531 secs]
   [Parallel Time: 18.6 ms, GC Workers: 4]
      [GC Worker Start (ms): Min: 270594.7, Avg: 270594.7, Max: 270594.7, Diff: 0.0]
      [Ext Root Scanning (ms): Min: 0.5, Avg: 0.6, Max: 0.6, Diff: 0.1, Sum: 2.2]
      [Update RS (ms): Min: 1.2, Avg: 1.3, Max: 1.4, Diff: 0.1, Sum: 5.2]
         [Processed Buffers: Min: 5, Avg: 10.0, Max: 12, Diff: 7, Sum: 40]
      [Scan RS (ms): Min: 3.1, Avg: 3.1, Max: 3.2, Diff: 0.1, Sum: 12.5]
      [Code Root Scanning (ms): Min: 0.0, Avg: 0.0, Max: 0.1, Diff: 0.1, Sum: 0.2]
      [Object Copy (ms): Min: 13.5, Avg: 13.5, Max: 13.5, Diff: 0.0, Sum: 54.1]
      [Termination (ms): Min: 0.0, Avg: 0.0, Max: 0.0, Diff: 0.0, Sum: 0.0]
         [Termination Attempts: Min: 1, Avg: 5.5, Max: 8, Diff: 7, Sum: 22]
      [GC Worker Other (ms): Min: 0.0, Avg: 0.0, Max: 0.0, Diff: 0.0, Sum: 0.1]
      [GC Worker Total (ms): Min: 18.6, Avg: 18.6, Max: 18.6, Diff: 0.0, Sum: 74.4]
      [GC Worker End (ms): Min: 270613.3, Avg: 270613.3, Max: 270613.3, Diff: 0.0]
   [Code Root Fixup: 0.1 ms]
   [Code Root Purge: 0.0 ms]
   [Clear CT: 0.2 ms]
   [Other: 1.2 ms]
      [Choose CSet: 0.2 ms]
      [Ref Proc: 0.0 ms]
      [Ref Enq: 0.0 ms]
      [Redirty Cards: 0.1 ms]
      [Humongous Register: 0.0 ms]
      [Humongous Reclaim: 0.0 ms]
      [Free CSet: 0.5 ms]
   [Eden: 45.0M(45.0M)->0.0B(47.0M) Survivors: 9216.0K->7168.0K Heap: 973.5M(1096.0M)->894.5M(1096.0M)]
 [Times: user=0.06 sys=0.00, real=0.02 secs] 
2016-06-27T20:29:28.343+0300: 270.615: Total time for which application threads were stopped: 0.0259317 seconds, Stopping threads took: 0.0052341 seconds
2016-06-27T20:29:28.739+0300: 271.011: [GC pause (G1 Evacuation Pause) (mixed)
Desired survivor size 3670016 bytes, new threshold 1 (max 15)
- age   1:    7087000 bytes,    7087000 total
, 0.0210479 secs]
   [Parallel Time: 20.0 ms, GC Workers: 4]
      [GC Worker Start (ms): Min: 271011.4, Avg: 271011.4, Max: 271011.4, Diff: 0.0]
      [Ext Root Scanning (ms): Min: 0.5, Avg: 0.6, Max: 0.6, Diff: 0.0, Sum: 2.2]
      [Update RS (ms): Min: 8.5, Avg: 8.6, Max: 8.6, Diff: 0.1, Sum: 34.3]
         [Processed Buffers: Min: 11, Avg: 15.5, Max: 28, Diff: 17, Sum: 62]
      [Scan RS (ms): Min: 2.5, Avg: 2.5, Max: 2.6, Diff: 0.1, Sum: 10.1]
      [Code Root Scanning (ms): Min: 0.0, Avg: 0.0, Max: 0.1, Diff: 0.1, Sum: 0.1]
      [Object Copy (ms): Min: 8.2, Avg: 8.2, Max: 8.3, Diff: 0.1, Sum: 32.9]
      [Termination (ms): Min: 0.0, Avg: 0.1, Max: 0.1, Diff: 0.1, Sum: 0.2]
         [Termination Attempts: Min: 1, Avg: 1.8, Max: 3, Diff: 2, Sum: 7]
      [GC Worker Other (ms): Min: 0.0, Avg: 0.0, Max: 0.0, Diff: 0.0, Sum: 0.0]
      [GC Worker Total (ms): Min: 20.0, Avg: 20.0, Max: 20.0, Diff: 0.0, Sum: 79.9]
      [GC Worker End (ms): Min: 271031.4, Avg: 271031.4, Max: 271031.4, Diff: 0.0]
   [Code Root Fixup: 0.0 ms]
   [Code Root Purge: 0.0 ms]
   [Clear CT: 0.2 ms]
   [Other: 0.8 ms]
      [Choose CSet: 0.1 ms]
      [Ref Proc: 0.1 ms]
      [Ref Enq: 0.0 ms]
      [Redirty Cards: 0.0 ms]
      [Humongous Register: 0.0 ms]
      [Humongous Reclaim: 0.0 ms]
      [Free CSet: 0.3 ms]
   [Eden: 47.0M(47.0M)->0.0B(47.0M) Survivors: 7168.0K->7168.0K Heap: 941.5M(1096.0M)->888.5M(1096.0M)]
 [Times: user=0.06 sys=0.00, real=0.02 secs] 
2016-06-27T20:29:28.760+0300: 271.032: Total time for which application threads were stopped: 0.0276175 seconds, Stopping threads took: 0.0058606 seconds
2016-06-27T20:29:29.168+0300: 271.440: [GC pause (G1 Evacuation Pause) (young)
Desired survivor size 3670016 bytes, new threshold 1 (max 15)
- age   1:    7022672 bytes,    7022672 total
, 0.0111075 secs]
   [Parallel Time: 10.5 ms, GC Workers: 4]
      [GC Worker Start (ms): Min: 271440.3, Avg: 271440.3, Max: 271440.3, Diff: 0.0]
      [Ext Root Scanning (ms): Min: 0.5, Avg: 0.6, Max: 0.6, Diff: 0.1, Sum: 2.3]
      [Update RS (ms): Min: 7.5, Avg: 7.5, Max: 7.6, Diff: 0.1, Sum: 30.2]
         [Processed Buffers: Min: 9, Avg: 17.0, Max: 27, Diff: 18, Sum: 68]
      [Scan RS (ms): Min: 0.0, Avg: 0.0, Max: 0.0, Diff: 0.0, Sum: 0.0]
      [Code Root Scanning (ms): Min: 0.0, Avg: 0.0, Max: 0.0, Diff: 0.0, Sum: 0.0]
      [Object Copy (ms): Min: 2.2, Avg: 2.3, Max: 2.3, Diff: 0.1, Sum: 9.0]
      [Termination (ms): Min: 0.0, Avg: 0.0, Max: 0.0, Diff: 0.0, Sum: 0.0]
         [Termination Attempts: Min: 1, Avg: 1.0, Max: 1, Diff: 0, Sum: 4]
      [GC Worker Other (ms): Min: 0.0, Avg: 0.0, Max: 0.0, Diff: 0.0, Sum: 0.0]
      [GC Worker Total (ms): Min: 10.4, Avg: 10.4, Max: 10.4, Diff: 0.0, Sum: 41.6]
      [GC Worker End (ms): Min: 271450.7, Avg: 271450.7, Max: 271450.7, Diff: 0.0]
   [Code Root Fixup: 0.0 ms]
   [Code Root Purge: 0.0 ms]
   [Clear CT: 0.0 ms]
   [Other: 0.6 ms]
      [Choose CSet: 0.0 ms]
      [Ref Proc: 0.1 ms]
      [Ref Enq: 0.0 ms]
      [Redirty Cards: 0.0 ms]
      [Humongous Register: 0.0 ms]
      [Humongous Reclaim: 0.0 ms]
      [Free CSet: 0.1 ms]
   [Eden: 47.0M(47.0M)->0.0B(75.0M) Survivors: 7168.0K->7168.0K Heap: 935.5M(1096.0M)->897.0M(1096.0M)]
 [Times: user=0.06 sys=0.00, real=0.01 secs] 
2016-06-27T20:29:29.179+0300: 271.451: Total time for which application threads were stopped: 0.0178109 seconds, Stopping threads took: 0.0059701 seconds
2016-06-27T20:29:29.810+0300: 272.082: [GC pause (G1 Evacuation Pause) (young) (initial-mark)
Desired survivor size 5767168 bytes, new threshold 1 (max 15)
- age   1:    7052032 bytes,    7052032 total
, 0.0054830 secs]
   [Parallel Time: 4.7 ms, GC Workers: 4]
      [GC Worker Start (ms): Min: 272082.5, Avg: 272082.5, Max: 272082.5, Diff: 0.0]
      [Ext Root Scanning (ms): Min: 0.6, Avg: 0.6, Max: 0.6, Diff: 0.1, Sum: 2.4]
      [Update RS (ms): Min: 0.8, Avg: 0.9, Max: 0.9, Diff: 0.1, Sum: 3.5]
         [Processed Buffers: Min: 15, Avg: 17.0, Max: 19, Diff: 4, Sum: 68]
      [Scan RS (ms): Min: 0.0, Avg: 0.0, Max: 0.0, Diff: 0.0, Sum: 0.0]
      [Code Root Scanning (ms): Min: 0.0, Avg: 0.0, Max: 0.0, Diff: 0.0, Sum: 0.0]
      [Object Copy (ms): Min: 3.2, Avg: 3.2, Max: 3.3, Diff: 0.1, Sum: 12.8]
      [Termination (ms): Min: 0.0, Avg: 0.0, Max: 0.0, Diff: 0.0, Sum: 0.0]
         [Termination Attempts: Min: 1, Avg: 1.0, Max: 1, Diff: 0, Sum: 4]
      [GC Worker Other (ms): Min: 0.0, Avg: 0.0, Max: 0.0, Diff: 0.0, Sum: 0.1]
      [GC Worker Total (ms): Min: 4.7, Avg: 4.7, Max: 4.7, Diff: 0.0, Sum: 18.8]
      [GC Worker End (ms): Min: 272087.2, Avg: 272087.2, Max: 272087.2, Diff: 0.0]
   [Code Root Fixup: 0.0 ms]
   [Code Root Purge: 0.0 ms]
   [Clear CT: 0.0 ms]
   [Other: 0.7 ms]
      [Choose CSet: 0.0 ms]
      [Ref Proc: 0.0 ms]
      [Ref Enq: 0.0 ms]
      [Redirty Cards: 0.0 ms]
      [Humongous Register: 0.0 ms]
      [Humongous Reclaim: 0.0 ms]
      [Free CSet: 0.1 ms]
   [Eden: 75.0M(75.0M)->0.0B(62.0M) Survivors: 7168.0K->11.0M Heap: 972.0M(1096.0M)->911.5M(1096.0M)]
 [Times: user=0.00 sys=0.00, real=0.01 secs] 
2016-06-27T20:29:29.816+0300: 272.088: [GC concurrent-root-region-scan-start]
2016-06-27T20:29:29.816+0300: 272.088: Total time for which application threads were stopped: 0.0164715 seconds, Stopping threads took: 0.0102278 seconds
2016-06-27T20:29:29.818+0300: 272.090: [GC concurrent-root-region-scan-end, 0.0016811 secs]
2016-06-27T20:29:29.818+0300: 272.090: [GC concurrent-mark-start]
2016-06-27T20:29:29.888+0300: 272.160: [GC concurrent-mark-end, 0.0700340 secs]
2016-06-27T20:29:29.912+0300: 272.184: Total time for which application threads were stopped: 0.0035290 seconds, Stopping threads took: 0.0020275 seconds
2016-06-27T20:29:30.317+0300: 272.589: [GC pause (G1 Evacuation Pause) (young)
Desired survivor size 5242880 bytes, new threshold 1 (max 15)
- age   1:   11147656 bytes,   11147656 total
, 0.0057896 secs]
   [Parallel Time: 5.2 ms, GC Workers: 4]
      [GC Worker Start (ms): Min: 272589.2, Avg: 272589.2, Max: 272589.3, Diff: 0.1]
      [Ext Root Scanning (ms): Min: 0.5, Avg: 0.6, Max: 0.7, Diff: 0.2, Sum: 2.4]
      [Update RS (ms): Min: 1.1, Avg: 1.1, Max: 1.2, Diff: 0.1, Sum: 4.5]
         [Processed Buffers: Min: 6, Avg: 15.5, Max: 25, Diff: 19, Sum: 62]
      [Scan RS (ms): Min: 0.0, Avg: 0.0, Max: 0.0, Diff: 0.0, Sum: 0.0]
      [Code Root Scanning (ms): Min: 0.0, Avg: 0.0, Max: 0.0, Diff: 0.0, Sum: 0.0]
      [Object Copy (ms): Min: 3.3, Avg: 3.4, Max: 3.4, Diff: 0.1, Sum: 13.4]
      [Termination (ms): Min: 0.0, Avg: 0.0, Max: 0.0, Diff: 0.0, Sum: 0.0]
         [Termination Attempts: Min: 1, Avg: 1.0, Max: 1, Diff: 0, Sum: 4]
      [GC Worker Other (ms): Min: 0.0, Avg: 0.0, Max: 0.0, Diff: 0.0, Sum: 0.1]
      [GC Worker Total (ms): Min: 5.1, Avg: 5.1, Max: 5.2, Diff: 0.1, Sum: 20.5]
      [GC Worker End (ms): Min: 272594.4, Avg: 272594.4, Max: 272594.4, Diff: 0.0]
   [Code Root Fixup: 0.0 ms]
   [Code Root Purge: 0.0 ms]
   [Clear CT: 0.0 ms]
   [Other: 0.5 ms]
      [Choose CSet: 0.0 ms]
      [Ref Proc: 0.0 ms]
      [Ref Enq: 0.0 ms]
      [Redirty Cards: 0.0 ms]
      [Humongous Register: 0.0 ms]
      [Humongous Reclaim: 0.0 ms]
      [Free CSet: 0.1 ms]
   [Eden: 62.0M(62.0M)->0.0B(52.0M) Survivors: 11.0M->10.0M Heap: 973.5M(1096.0M)->923.5M(1096.0M)]
 [Times: user=0.00 sys=0.00, real=0.01 secs] 
2016-06-27T20:29:30.323+0300: 272.595: Total time for which application threads were stopped: 0.0133244 seconds, Stopping threads took: 0.0067022 seconds
2016-06-27T20:29:30.696+0300: 272.969: [GC remark 2016-06-27T20:29:30.696+0300: 272.969: [Finalize Marking, 0.0002211 secs] 2016-06-27T20:29:30.697+0300: 272.969: [GC ref-proc, 0.0001031 secs] 2016-06-27T20:29:30.697+0300: 272.969: [Unloading, 0.0018633 secs], 0.0058503 secs]
 [Times: user=0.00 sys=0.00, real=0.01 secs] 
2016-06-27T20:29:30.702+0300: 272.975: Total time for which application threads were stopped: 0.0133432 seconds, Stopping threads took: 0.0068852 seconds
2016-06-27T20:29:30.706+0300: 272.978: [GC cleanup 971M->971M(1096M), 0.0021729 secs]
 [Times: user=0.02 sys=0.00, real=0.00 secs] 
2016-06-27T20:29:30.708+0300: 272.980: Total time for which application threads were stopped: 0.0028944 seconds, Stopping threads took: 0.0000573 seconds
2016-06-27T20:29:30.739+0300: 273.011: [GC pause (G1 Evacuation Pause) (young)
Desired survivor size 4194304 bytes, new threshold 1 (max 15)
- age   1:    9966904 bytes,    9966904 total
, 0.0057883 secs]
   [Parallel Time: 5.1 ms, GC Workers: 4]
      [GC Worker Start (ms): Min: 273010.9, Avg: 273010.9, Max: 273010.9, Diff: 0.0]
      [Ext Root Scanning (ms): Min: 0.5, Avg: 0.6, Max: 0.6, Diff: 0.1, Sum: 2.2]
      [Update RS (ms): Min: 1.5, Avg: 1.6, Max: 1.7, Diff: 0.2, Sum: 6.4]
         [Processed Buffers: Min: 3, Avg: 13.0, Max: 31, Diff: 28, Sum: 52]
      [Scan RS (ms): Min: 0.0, Avg: 0.0, Max: 0.0, Diff: 0.0, Sum: 0.0]
      [Code Root Scanning (ms): Min: 0.0, Avg: 0.0, Max: 0.0, Diff: 0.0, Sum: 0.0]
      [Object Copy (ms): Min: 2.8, Avg: 2.9, Max: 2.9, Diff: 0.2, Sum: 11.5]
      [Termination (ms): Min: 0.0, Avg: 0.0, Max: 0.0, Diff: 0.0, Sum: 0.0]
         [Termination Attempts: Min: 1, Avg: 1.0, Max: 1, Diff: 0, Sum: 4]
      [GC Worker Other (ms): Min: 0.0, Avg: 0.0, Max: 0.0, Diff: 0.0, Sum: 0.1]
      [GC Worker Total (ms): Min: 5.0, Avg: 5.0, Max: 5.1, Diff: 0.0, Sum: 20.2]
      [GC Worker End (ms): Min: 273016.0, Avg: 273016.0, Max: 273016.0, Diff: 0.0]
   [Code Root Fixup: 0.0 ms]
   [Code Root Purge: 0.0 ms]
   [Clear CT: 0.1 ms]
   [Other: 0.5 ms]
      [Choose CSet: 0.0 ms]
      [Ref Proc: 0.1 ms]
      [Ref Enq: 0.0 ms]
      [Redirty Cards: 0.0 ms]
      [Humongous Register: 0.0 ms]
      [Humongous Reclaim: 0.0 ms]
      [Free CSet: 0.1 ms]
   [Eden: 52.0M(52.0M)->0.0B(46.0M) Survivors: 10.0M->8192.0K Heap: 975.5M(1096.0M)->934.0M(1096.0M)]
 [Times: user=0.00 sys=0.00, real=0.01 secs] 
2016-06-27T20:29:30.745+0300: 273.017: Total time for which application threads were stopped: 0.0065098 seconds, Stopping threads took: 0.0000676 seconds
2016-06-27T20:29:30.914+0300: 273.186: Total time for which application threads were stopped: 0.0051849 seconds, Stopping threads took: 0.0034392 seconds
2016-06-27T20:29:31.084+0300: 273.356: [GC pause (G1 Evacuation Pause) (mixed)
Desired survivor size 3670016 bytes, new threshold 1 (max 15)
- age   1:    7761200 bytes,    7761200 total
, 0.0183981 secs]
   [Parallel Time: 17.1 ms, GC Workers: 4]
      [GC Worker Start (ms): Min: 273356.3, Avg: 273356.3, Max: 273356.3, Diff: 0.0]
      [Ext Root Scanning (ms): Min: 0.4, Avg: 0.5, Max: 0.6, Diff: 0.2, Sum: 1.9]
      [Update RS (ms): Min: 0.6, Avg: 0.6, Max: 0.8, Diff: 0.2, Sum: 2.6]
         [Processed Buffers: Min: 2, Avg: 6.0, Max: 14, Diff: 12, Sum: 24]
      [Scan RS (ms): Min: 2.5, Avg: 2.7, Max: 2.8, Diff: 0.3, Sum: 10.7]
      [Code Root Scanning (ms): Min: 0.0, Avg: 0.0, Max: 0.1, Diff: 0.1, Sum: 0.1]
      [Object Copy (ms): Min: 13.1, Avg: 13.2, Max: 13.2, Diff: 0.1, Sum: 52.7]
      [Termination (ms): Min: 0.0, Avg: 0.0, Max: 0.0, Diff: 0.0, Sum: 0.0]
         [Termination Attempts: Min: 1, Avg: 3.8, Max: 6, Diff: 5, Sum: 15]
      [GC Worker Other (ms): Min: 0.0, Avg: 0.0, Max: 0.0, Diff: 0.0, Sum: 0.1]
      [GC Worker Total (ms): Min: 17.0, Avg: 17.0, Max: 17.0, Diff: 0.0, Sum: 68.1]
      [GC Worker End (ms): Min: 273373.4, Avg: 273373.4, Max: 273373.4, Diff: 0.0]
   [Code Root Fixup: 0.0 ms]
   [Code Root Purge: 0.0 ms]
   [Clear CT: 0.2 ms]
   [Other: 1.1 ms]
      [Choose CSet: 0.1 ms]
      [Ref Proc: 0.1 ms]
      [Ref Enq: 0.0 ms]
      [Redirty Cards: 0.1 ms]
      [Humongous Register: 0.0 ms]
      [Humongous Reclaim: 0.0 ms]
      [Free CSet: 0.5 ms]
   [Eden: 46.0M(46.0M)->0.0B(47.0M) Survivors: 8192.0K->7168.0K Heap: 980.0M(1096.0M)->898.5M(1096.0M)]
 [Times: user=0.06 sys=0.00, real=0.02 secs] 
2016-06-27T20:29:31.103+0300: 273.375: Total time for which application threads were stopped: 0.0197127 seconds, Stopping threads took: 0.0007398 seconds
2016-06-27T20:29:31.508+0300: 273.780: [GC pause (G1 Evacuation Pause) (mixed)
Desired survivor size 3670016 bytes, new threshold 1 (max 15)
- age   1:    7037584 bytes,    7037584 total
, 0.0288829 secs]
   [Parallel Time: 27.5 ms, GC Workers: 4]
      [GC Worker Start (ms): Min: 273780.2, Avg: 273780.2, Max: 273780.2, Diff: 0.0]
      [Ext Root Scanning (ms): Min: 0.5, Avg: 0.5, Max: 0.6, Diff: 0.1, Sum: 2.1]
      [Update RS (ms): Min: 8.2, Avg: 8.2, Max: 8.3, Diff: 0.1, Sum: 32.9]
         [Processed Buffers: Min: 11, Avg: 16.5, Max: 23, Diff: 12, Sum: 66]
      [Scan RS (ms): Min: 4.0, Avg: 4.1, Max: 4.1, Diff: 0.1, Sum: 16.3]
      [Code Root Scanning (ms): Min: 0.0, Avg: 0.0, Max: 0.0, Diff: 0.0, Sum: 0.0]
      [Object Copy (ms): Min: 14.5, Avg: 14.6, Max: 14.6, Diff: 0.1, Sum: 58.3]
      [Termination (ms): Min: 0.0, Avg: 0.0, Max: 0.0, Diff: 0.0, Sum: 0.0]
         [Termination Attempts: Min: 1, Avg: 8.8, Max: 16, Diff: 15, Sum: 35]
      [GC Worker Other (ms): Min: 0.0, Avg: 0.0, Max: 0.0, Diff: 0.0, Sum: 0.1]
      [GC Worker Total (ms): Min: 27.4, Avg: 27.4, Max: 27.4, Diff: 0.0, Sum: 109.7]
      [GC Worker End (ms): Min: 273807.7, Avg: 273807.7, Max: 273807.7, Diff: 0.0]
   [Code Root Fixup: 0.0 ms]
   [Code Root Purge: 0.0 ms]
   [Clear CT: 0.2 ms]
   [Other: 1.2 ms]
      [Choose CSet: 0.2 ms]
      [Ref Proc: 0.0 ms]
      [Ref Enq: 0.0 ms]
      [Redirty Cards: 0.0 ms]
      [Humongous Register: 0.0 ms]
      [Humongous Reclaim: 0.0 ms]
      [Free CSet: 0.5 ms]
   [Eden: 47.0M(47.0M)->0.0B(47.0M) Survivors: 7168.0K->7168.0K Heap: 945.5M(1096.0M)->869.0M(1096.0M)]
 [Times: user=0.06 sys=0.02, real=0.03 secs] 
2016-06-27T20:29:31.537+0300: 273.809: Total time for which application threads were stopped: 0.0314099 seconds, Stopping threads took: 0.0019163 seconds
2016-06-27T20:29:31.918+0300: 274.190: Total time for which application threads were stopped: 0.0084445 seconds, Stopping threads took: 0.0064016 seconds
2016-06-27T20:29:31.947+0300: 274.219: [GC pause (G1 Evacuation Pause) (young)
Desired survivor size 3670016 bytes, new threshold 1 (max 15)
- age   1:    7241800 bytes,    7241800 total
, 0.0143393 secs]
   [Parallel Time: 13.7 ms, GC Workers: 4]
      [GC Worker Start (ms): Min: 274218.9, Avg: 274218.9, Max: 274218.9, Diff: 0.0]
      [Ext Root Scanning (ms): Min: 0.4, Avg: 0.5, Max: 0.6, Diff: 0.1, Sum: 1.9]
      [Update RS (ms): Min: 10.9, Avg: 10.9, Max: 11.0, Diff: 0.1, Sum: 43.6]
         [Processed Buffers: Min: 14, Avg: 19.5, Max: 26, Diff: 12, Sum: 78]
      [Scan RS (ms): Min: 0.0, Avg: 0.0, Max: 0.0, Diff: 0.0, Sum: 0.0]
      [Code Root Scanning (ms): Min: 0.0, Avg: 0.0, Max: 0.0, Diff: 0.0, Sum: 0.0]
      [Object Copy (ms): Min: 2.2, Avg: 2.3, Max: 2.4, Diff: 0.2, Sum: 9.1]
      [Termination (ms): Min: 0.0, Avg: 0.0, Max: 0.0, Diff: 0.0, Sum: 0.0]
         [Termination Attempts: Min: 1, Avg: 1.3, Max: 2, Diff: 1, Sum: 5]
      [GC Worker Other (ms): Min: 0.0, Avg: 0.0, Max: 0.0, Diff: 0.0, Sum: 0.1]
      [GC Worker Total (ms): Min: 13.7, Avg: 13.7, Max: 13.7, Diff: 0.0, Sum: 54.8]
      [GC Worker End (ms): Min: 274232.6, Avg: 274232.6, Max: 274232.6, Diff: 0.0]
   [Code Root Fixup: 0.0 ms]
   [Code Root Purge: 0.0 ms]
   [Clear CT: 0.0 ms]
   [Other: 0.6 ms]
      [Choose CSet: 0.0 ms]
      [Ref Proc: 0.0 ms]
      [Ref Enq: 0.0 ms]
      [Redirty Cards: 0.0 ms]
      [Humongous Register: 0.0 ms]
      [Humongous Reclaim: 0.0 ms]
      [Free CSet: 0.1 ms]
   [Eden: 47.0M(47.0M)->0.0B(47.0M) Survivors: 7168.0K->7168.0K Heap: 916.0M(1096.0M)->878.0M(1096.0M)]
 [Times: user=0.06 sys=0.00, real=0.01 secs] 
2016-06-27T20:29:31.961+0300: 274.233: Total time for which application threads were stopped: 0.0149542 seconds, Stopping threads took: 0.0000586 seconds
2016-06-27T20:29:32.316+0300: 274.588: [GC pause (G1 Evacuation Pause) (young) (initial-mark)
Desired survivor size 3670016 bytes, new threshold 1 (max 15)
- age   1:    7223496 bytes,    7223496 total
, 0.0046135 secs]
   [Parallel Time: 3.8 ms, GC Workers: 4]
      [GC Worker Start (ms): Min: 274588.4, Avg: 274588.4, Max: 274588.5, Diff: 0.0]
      [Ext Root Scanning (ms): Min: 0.5, Avg: 0.6, Max: 0.7, Diff: 0.2, Sum: 2.3]
      [Update RS (ms): Min: 0.8, Avg: 0.8, Max: 0.9, Diff: 0.1, Sum: 3.3]
         [Processed Buffers: Min: 2, Avg: 12.0, Max: 20, Diff: 18, Sum: 48]
      [Scan RS (ms): Min: 0.0, Avg: 0.0, Max: 0.0, Diff: 0.0, Sum: 0.0]
      [Code Root Scanning (ms): Min: 0.0, Avg: 0.0, Max: 0.0, Diff: 0.0, Sum: 0.0]
      [Object Copy (ms): Min: 2.2, Avg: 2.4, Max: 2.5, Diff: 0.3, Sum: 9.4]
      [Termination (ms): Min: 0.0, Avg: 0.0, Max: 0.0, Diff: 0.0, Sum: 0.0]
         [Termination Attempts: Min: 1, Avg: 1.0, Max: 1, Diff: 0, Sum: 4]
      [GC Worker Other (ms): Min: 0.0, Avg: 0.0, Max: 0.0, Diff: 0.0, Sum: 0.1]
      [GC Worker Total (ms): Min: 3.8, Avg: 3.8, Max: 3.8, Diff: 0.0, Sum: 15.2]
      [GC Worker End (ms): Min: 274592.2, Avg: 274592.2, Max: 274592.2, Diff: 0.0]
   [Code Root Fixup: 0.0 ms]
   [Code Root Purge: 0.0 ms]
   [Clear CT: 0.0 ms]
   [Other: 0.7 ms]
      [Choose CSet: 0.0 ms]
      [Ref Proc: 0.0 ms]
      [Ref Enq: 0.0 ms]
      [Redirty Cards: 0.0 ms]
      [Humongous Register: 0.0 ms]
      [Humongous Reclaim: 0.0 ms]
      [Free CSet: 0.1 ms]
   [Eden: 47.0M(47.0M)->0.0B(47.0M) Survivors: 7168.0K->7168.0K Heap: 925.0M(1096.0M)->887.5M(1096.0M)]
 [Times: user=0.06 sys=0.00, real=0.01 secs] 
2016-06-27T20:29:32.321+0300: 274.593: [GC concurrent-root-region-scan-start]
2016-06-27T20:29:32.321+0300: 274.593: Total time for which application threads were stopped: 0.0083940 seconds, Stopping threads took: 0.0031698 seconds
2016-06-27T20:29:32.321+0300: 274.593: [GC concurrent-root-region-scan-end, 0.0004905 secs]
2016-06-27T20:29:32.321+0300: 274.593: [GC concurrent-mark-start]
2016-06-27T20:29:32.395+0300: 274.667: [GC concurrent-mark-end, 0.0733025 secs]
2016-06-27T20:29:32.414+0300: 274.685: [GC remark 2016-06-27T20:29:32.414+0300: 274.685: [Finalize Marking, 0.0002232 secs] 2016-06-27T20:29:32.414+0300: 274.686: [GC ref-proc, 0.0000958 secs] 2016-06-27T20:29:32.414+0300: 274.686: [Unloading, 0.0017713 secs], 0.0057964 secs]
 [Times: user=0.00 sys=0.00, real=0.00 secs] 
2016-06-27T20:29:32.419+0300: 274.691: Total time for which application threads were stopped: 0.0077837 seconds, Stopping threads took: 0.0015785 seconds
2016-06-27T20:29:32.683+0300: 274.955: [GC pause (G1 Evacuation Pause) (young)
Desired survivor size 3670016 bytes, new threshold 1 (max 15)
- age   1:    7128408 bytes,    7128408 total
, 0.0039763 secs]
   [Parallel Time: 3.4 ms, GC Workers: 4]
      [GC Worker Start (ms): Min: 274955.1, Avg: 274955.1, Max: 274955.1, Diff: 0.0]
      [Ext Root Scanning (ms): Min: 0.5, Avg: 0.6, Max: 0.6, Diff: 0.1, Sum: 2.2]
      [Update RS (ms): Min: 0.5, Avg: 0.6, Max: 0.8, Diff: 0.2, Sum: 2.4]
         [Processed Buffers: Min: 1, Avg: 4.8, Max: 11, Diff: 10, Sum: 19]
      [Scan RS (ms): Min: 0.0, Avg: 0.0, Max: 0.0, Diff: 0.0, Sum: 0.0]
      [Code Root Scanning (ms): Min: 0.0, Avg: 0.0, Max: 0.0, Diff: 0.0, Sum: 0.0]
      [Object Copy (ms): Min: 2.0, Avg: 2.2, Max: 2.3, Diff: 0.3, Sum: 8.7]
      [Termination (ms): Min: 0.0, Avg: 0.0, Max: 0.0, Diff: 0.0, Sum: 0.0]
         [Termination Attempts: Min: 1, Avg: 1.0, Max: 1, Diff: 0, Sum: 4]
      [GC Worker Other (ms): Min: 0.0, Avg: 0.0, Max: 0.0, Diff: 0.0, Sum: 0.1]
      [GC Worker Total (ms): Min: 3.4, Avg: 3.4, Max: 3.4, Diff: 0.0, Sum: 13.5]
      [GC Worker End (ms): Min: 274958.5, Avg: 274958.5, Max: 274958.5, Diff: 0.0]
   [Code Root Fixup: 0.0 ms]
   [Code Root Purge: 0.0 ms]
   [Clear CT: 0.0 ms]
   [Other: 0.5 ms]
      [Choose CSet: 0.0 ms]
      [Ref Proc: 0.1 ms]
      [Ref Enq: 0.0 ms]
      [Redirty Cards: 0.0 ms]
      [Humongous Register: 0.0 ms]
      [Humongous Reclaim: 0.0 ms]
      [Free CSet: 0.1 ms]
   [Eden: 47.0M(47.0M)->0.0B(75.0M) Survivors: 7168.0K->7168.0K Heap: 934.5M(1096.0M)->896.5M(1096.0M)]
 [Times: user=0.00 sys=0.00, real=0.00 secs] 
2016-06-27T20:29:32.687+0300: 274.959: Total time for which application threads were stopped: 0.0129096 seconds, Stopping threads took: 0.0082418 seconds
2016-06-27T20:29:32.882+0300: 275.154: [GC cleanup 919M->919M(1096M), 0.0022242 secs]
 [Times: user=0.00 sys=0.00, real=0.00 secs] 
2016-06-27T20:29:32.884+0300: 275.156: Total time for which application threads were stopped: 0.0043420 seconds, Stopping threads took: 0.0016623 seconds
2016-06-27T20:29:33.341+0300: 275.613: [GC pause (G1 Evacuation Pause) (young)
Desired survivor size 5767168 bytes, new threshold 1 (max 15)
- age   1:    7005640 bytes,    7005640 total
, 0.0047166 secs]
   [Parallel Time: 4.1 ms, GC Workers: 4]
      [GC Worker Start (ms): Min: 275613.5, Avg: 275613.5, Max: 275613.5, Diff: 0.0]
      [Ext Root Scanning (ms): Min: 0.7, Avg: 0.7, Max: 0.8, Diff: 0.1, Sum: 2.9]
      [Update RS (ms): Min: 0.4, Avg: 0.5, Max: 0.6, Diff: 0.2, Sum: 1.8]
         [Processed Buffers: Min: 1, Avg: 9.8, Max: 20, Diff: 19, Sum: 39]
      [Scan RS (ms): Min: 0.0, Avg: 0.0, Max: 0.0, Diff: 0.0, Sum: 0.1]
      [Code Root Scanning (ms): Min: 0.0, Avg: 0.0, Max: 0.0, Diff: 0.0, Sum: 0.0]
      [Object Copy (ms): Min: 2.8, Avg: 2.9, Max: 2.9, Diff: 0.2, Sum: 11.5]
      [Termination (ms): Min: 0.0, Avg: 0.0, Max: 0.0, Diff: 0.0, Sum: 0.0]
         [Termination Attempts: Min: 1, Avg: 1.0, Max: 1, Diff: 0, Sum: 4]
      [GC Worker Other (ms): Min: 0.0, Avg: 0.0, Max: 0.0, Diff: 0.0, Sum: 0.0]
      [GC Worker Total (ms): Min: 4.1, Avg: 4.1, Max: 4.1, Diff: 0.0, Sum: 16.3]
      [GC Worker End (ms): Min: 275617.6, Avg: 275617.6, Max: 275617.6, Diff: 0.0]
   [Code Root Fixup: 0.0 ms]
   [Code Root Purge: 0.0 ms]
   [Clear CT: 0.1 ms]
   [Other: 0.5 ms]
      [Choose CSet: 0.0 ms]
      [Ref Proc: 0.0 ms]
      [Ref Enq: 0.0 ms]
      [Redirty Cards: 0.0 ms]
      [Humongous Register: 0.0 ms]
      [Humongous Reclaim: 0.0 ms]
      [Free CSet: 0.1 ms]
   [Eden: 75.0M(75.0M)->0.0B(43.0M) Survivors: 7168.0K->11.0M Heap: 971.5M(1096.0M)->909.5M(1096.0M)]
 [Times: user=0.00 sys=0.00, real=0.00 secs] 
2016-06-27T20:29:33.346+0300: 275.618: Total time for which application threads were stopped: 0.0159177 seconds, Stopping threads took: 0.0105733 seconds
2016-06-27T20:29:33.696+0300: 275.969: [GC pause (G1 Evacuation Pause) (mixed)
Desired survivor size 3670016 bytes, new threshold 1 (max 15)
- age   1:   11328944 bytes,   11328944 total
, 0.0204102 secs]
   [Parallel Time: 19.0 ms, GC Workers: 4]
      [GC Worker Start (ms): Min: 275969.0, Avg: 275969.1, Max: 275969.2, Diff: 0.1]
      [Ext Root Scanning (ms): Min: 0.5, Avg: 0.5, Max: 0.5, Diff: 0.0, Sum: 2.0]
      [Update RS (ms): Min: 0.3, Avg: 0.4, Max: 0.5, Diff: 0.2, Sum: 1.8]
         [Processed Buffers: Min: 6, Avg: 8.5, Max: 12, Diff: 6, Sum: 34]
      [Scan RS (ms): Min: 3.1, Avg: 3.1, Max: 3.2, Diff: 0.1, Sum: 12.5]
      [Code Root Scanning (ms): Min: 0.0, Avg: 0.1, Max: 0.2, Diff: 0.2, Sum: 0.2]
      [Object Copy (ms): Min: 14.7, Avg: 14.7, Max: 14.7, Diff: 0.1, Sum: 58.8]
      [Termination (ms): Min: 0.0, Avg: 0.0, Max: 0.0, Diff: 0.0, Sum: 0.0]
         [Termination Attempts: Min: 1, Avg: 4.3, Max: 9, Diff: 8, Sum: 17]
      [GC Worker Other (ms): Min: 0.0, Avg: 0.0, Max: 0.0, Diff: 0.0, Sum: 0.1]
      [GC Worker Total (ms): Min: 18.7, Avg: 18.8, Max: 18.9, Diff: 0.1, Sum: 75.4]
      [GC Worker End (ms): Min: 275987.9, Avg: 275987.9, Max: 275987.9, Diff: 0.0]
   [Code Root Fixup: 0.1 ms]
   [Code Root Purge: 0.0 ms]
   [Clear CT: 0.2 ms]
   [Other: 1.1 ms]
      [Choose CSet: 0.2 ms]
      [Ref Proc: 0.1 ms]
      [Ref Enq: 0.0 ms]
      [Redirty Cards: 0.0 ms]
      [Humongous Register: 0.0 ms]
      [Humongous Reclaim: 0.0 ms]
      [Free CSet: 0.5 ms]
   [Eden: 43.0M(43.0M)->0.0B(47.0M) Survivors: 11.0M->7168.0K Heap: 952.5M(1096.0M)->879.0M(1096.0M)]
 [Times: user=0.06 sys=0.00, real=0.02 secs] 
2016-06-27T20:29:33.717+0300: 275.989: Total time for which application threads were stopped: 0.0249955 seconds, Stopping threads took: 0.0038874 seconds
2016-06-27T20:29:33.921+0300: 276.193: Total time for which application threads were stopped: 0.0120864 seconds, Stopping threads took: 0.0098780 seconds
2016-06-27T20:29:33.931+0300: 276.203: Total time for which application threads were stopped: 0.0008587 seconds, Stopping threads took: 0.0000783 seconds
2016-06-27T20:29:34.107+0300: 276.379: [GC pause (G1 Evacuation Pause) (mixed)
Desired survivor size 3670016 bytes, new threshold 1 (max 15)
- age   1:    7099496 bytes,    7099496 total
, 0.0201904 secs]
   [Parallel Time: 19.2 ms, GC Workers: 4]
      [GC Worker Start (ms): Min: 276379.3, Avg: 276379.3, Max: 276379.3, Diff: 0.0]
      [Ext Root Scanning (ms): Min: 0.5, Avg: 0.5, Max: 0.6, Diff: 0.1, Sum: 2.1]
      [Update RS (ms): Min: 9.6, Avg: 9.6, Max: 9.7, Diff: 0.1, Sum: 38.5]
         [Processed Buffers: Min: 13, Avg: 16.0, Max: 25, Diff: 12, Sum: 64]
      [Scan RS (ms): Min: 2.0, Avg: 2.1, Max: 2.1, Diff: 0.1, Sum: 8.3]
      [Code Root Scanning (ms): Min: 0.0, Avg: 0.0, Max: 0.1, Diff: 0.1, Sum: 0.1]
      [Object Copy (ms): Min: 6.9, Avg: 6.9, Max: 6.9, Diff: 0.0, Sum: 27.5]
      [Termination (ms): Min: 0.0, Avg: 0.0, Max: 0.0, Diff: 0.0, Sum: 0.0]
         [Termination Attempts: Min: 1, Avg: 5.8, Max: 10, Diff: 9, Sum: 23]
      [GC Worker Other (ms): Min: 0.0, Avg: 0.0, Max: 0.0, Diff: 0.0, Sum: 0.1]
      [GC Worker Total (ms): Min: 19.1, Avg: 19.2, Max: 19.2, Diff: 0.0, Sum: 76.6]
      [GC Worker End (ms): Min: 276398.5, Avg: 276398.5, Max: 276398.5, Diff: 0.0]
   [Code Root Fixup: 0.0 ms]
   [Code Root Purge: 0.0 ms]
   [Clear CT: 0.2 ms]
   [Other: 0.8 ms]
      [Choose CSet: 0.1 ms]
      [Ref Proc: 0.1 ms]
      [Ref Enq: 0.0 ms]
      [Redirty Cards: 0.0 ms]
      [Humongous Register: 0.0 ms]
      [Humongous Reclaim: 0.0 ms]
      [Free CSet: 0.3 ms]
   [Eden: 47.0M(47.0M)->0.0B(47.0M) Survivors: 7168.0K->7168.0K Heap: 926.0M(1096.0M)->875.5M(1096.0M)]
 [Times: user=0.06 sys=0.00, real=0.02 secs] 
2016-06-27T20:29:34.127+0300: 276.399: Total time for which application threads were stopped: 0.0248489 seconds, Stopping threads took: 0.0040413 seconds
2016-06-27T20:29:34.521+0300: 276.793: [GC pause (G1 Evacuation Pause) (young)
Desired survivor size 3670016 bytes, new threshold 1 (max 15)
- age   1:    7233552 bytes,    7233552 total
, 0.0099759 secs]
   [Parallel Time: 9.3 ms, GC Workers: 4]
      [GC Worker Start (ms): Min: 276793.1, Avg: 276793.1, Max: 276793.1, Diff: 0.0]
      [Ext Root Scanning (ms): Min: 0.5, Avg: 0.5, Max: 0.6, Diff: 0.2, Sum: 2.1]
      [Update RS (ms): Min: 6.4, Avg: 6.5, Max: 6.7, Diff: 0.2, Sum: 26.0]
         [Processed Buffers: Min: 7, Avg: 11.8, Max: 19, Diff: 12, Sum: 47]
      [Scan RS (ms): Min: 0.0, Avg: 0.0, Max: 0.0, Diff: 0.0, Sum: 0.0]
      [Code Root Scanning (ms): Min: 0.0, Avg: 0.0, Max: 0.0, Diff: 0.0, Sum: 0.0]
      [Object Copy (ms): Min: 2.1, Avg: 2.2, Max: 2.4, Diff: 0.3, Sum: 9.0]
      [Termination (ms): Min: 0.0, Avg: 0.0, Max: 0.0, Diff: 0.0, Sum: 0.0]
         [Termination Attempts: Min: 1, Avg: 1.0, Max: 1, Diff: 0, Sum: 4]
      [GC Worker Other (ms): Min: 0.0, Avg: 0.0, Max: 0.0, Diff: 0.0, Sum: 0.0]
      [GC Worker Total (ms): Min: 9.3, Avg: 9.3, Max: 9.3, Diff: 0.0, Sum: 37.2]
      [GC Worker End (ms): Min: 276802.4, Avg: 276802.4, Max: 276802.4, Diff: 0.0]
   [Code Root Fixup: 0.0 ms]
   [Code Root Purge: 0.0 ms]
   [Clear CT: 0.0 ms]
   [Other: 0.6 ms]
      [Choose CSet: 0.0 ms]
      [Ref Proc: 0.0 ms]
      [Ref Enq: 0.0 ms]
      [Redirty Cards: 0.0 ms]
      [Humongous Register: 0.0 ms]
      [Humongous Reclaim: 0.0 ms]
      [Free CSet: 0.1 ms]
   [Eden: 47.0M(47.0M)->0.0B(85.0M) Survivors: 7168.0K->7168.0K Heap: 922.5M(1096.0M)->884.5M(1096.0M)]
 [Times: user=0.00 sys=0.00, real=0.01 secs] 
2016-06-27T20:29:34.531+0300: 276.803: Total time for which application threads were stopped: 0.0147708 seconds, Stopping threads took: 0.0041012 seconds
2016-06-27T20:29:34.919+0300: 277.191: Total time for which application threads were stopped: 0.0094430 seconds, Stopping threads took: 0.0078376 seconds
2016-06-27T20:29:35.264+0300: 277.536: [GC pause (G1 Evacuation Pause) (young) (initial-mark)
Desired survivor size 6291456 bytes, new threshold 1 (max 15)
- age   1:    7182296 bytes,    7182296 total
, 0.0056540 secs]
   [Parallel Time: 5.0 ms, GC Workers: 4]
      [GC Worker Start (ms): Min: 277536.0, Avg: 277536.0, Max: 277536.0, Diff: 0.0]
      [Ext Root Scanning (ms): Min: 0.5, Avg: 0.6, Max: 0.8, Diff: 0.3, Sum: 2.5]
      [Update RS (ms): Min: 0.8, Avg: 0.9, Max: 1.2, Diff: 0.5, Sum: 3.8]
         [Processed Buffers: Min: 11, Avg: 17.5, Max: 22, Diff: 11, Sum: 70]
      [Scan RS (ms): Min: 0.0, Avg: 0.0, Max: 0.0, Diff: 0.0, Sum: 0.1]
      [Code Root Scanning (ms): Min: 0.0, Avg: 0.0, Max: 0.0, Diff: 0.0, Sum: 0.0]
      [Object Copy (ms): Min: 3.1, Avg: 3.3, Max: 3.5, Diff: 0.3, Sum: 13.4]
      [Termination (ms): Min: 0.0, Avg: 0.0, Max: 0.0, Diff: 0.0, Sum: 0.0]
         [Termination Attempts: Min: 1, Avg: 1.0, Max: 1, Diff: 0, Sum: 4]
      [GC Worker Other (ms): Min: 0.0, Avg: 0.0, Max: 0.0, Diff: 0.0, Sum: 0.1]
      [GC Worker Total (ms): Min: 4.9, Avg: 4.9, Max: 4.9, Diff: 0.0, Sum: 19.7]
      [GC Worker End (ms): Min: 277540.9, Avg: 277540.9, Max: 277540.9, Diff: 0.0]
   [Code Root Fixup: 0.0 ms]
   [Code Root Purge: 0.0 ms]
   [Clear CT: 0.0 ms]
   [Other: 0.6 ms]
      [Choose CSet: 0.0 ms]
      [Ref Proc: 0.0 ms]
      [Ref Enq: 0.0 ms]
      [Redirty Cards: 0.0 ms]
      [Humongous Register: 0.0 ms]
      [Humongous Reclaim: 0.0 ms]
      [Free CSet: 0.1 ms]
   [Eden: 85.0M(85.0M)->0.0B(72.0M) Survivors: 7168.0K->12.0M Heap: 969.5M(1096.0M)->900.0M(1096.0M)]
 [Times: user=0.00 sys=0.00, real=0.01 secs] 
2016-06-27T20:29:35.270+0300: 277.542: [GC concurrent-root-region-scan-start]
2016-06-27T20:29:35.270+0300: 277.542: Total time for which application threads were stopped: 0.0086968 seconds, Stopping threads took: 0.0024496 seconds
2016-06-27T20:29:35.271+0300: 277.542: [GC concurrent-root-region-scan-end, 0.0008673 secs]
2016-06-27T20:29:35.271+0300: 277.542: [GC concurrent-mark-start]
2016-06-27T20:29:35.350+0300: 277.621: [GC concurrent-mark-end, 0.0773041 secs]
2016-06-27T20:29:35.406+0300: 277.678: [GC remark 2016-06-27T20:29:35.406+0300: 277.678: [Finalize Marking, 0.0001967 secs] 2016-06-27T20:29:35.406+0300: 277.678: [GC ref-proc, 0.0001018 secs] 2016-06-27T20:29:35.407+0300: 277.679: [Unloading, 0.0020771 secs], 0.0061232 secs]
 [Times: user=0.06 sys=0.00, real=0.01 secs] 
2016-06-27T20:29:35.412+0300: 277.684: Total time for which application threads were stopped: 0.0172306 seconds, Stopping threads took: 0.0106657 seconds
2016-06-27T20:29:35.803+0300: 278.076: [GC pause (G1 Evacuation Pause) (young)
Desired survivor size 5767168 bytes, new threshold 1 (max 15)
- age   1:   12392600 bytes,   12392600 total
, 0.0057562 secs]
   [Parallel Time: 5.2 ms, GC Workers: 4]
      [GC Worker Start (ms): Min: 278075.9, Avg: 278075.9, Max: 278076.0, Diff: 0.0]
      [Ext Root Scanning (ms): Min: 0.5, Avg: 0.5, Max: 0.6, Diff: 0.1, Sum: 2.2]
      [Update RS (ms): Min: 0.8, Avg: 0.9, Max: 1.0, Diff: 0.2, Sum: 3.4]
         [Processed Buffers: Min: 2, Avg: 8.5, Max: 15, Diff: 13, Sum: 34]
      [Scan RS (ms): Min: 0.0, Avg: 0.0, Max: 0.0, Diff: 0.0, Sum: 0.1]
      [Code Root Scanning (ms): Min: 0.0, Avg: 0.0, Max: 0.0, Diff: 0.0, Sum: 0.0]
      [Object Copy (ms): Min: 3.6, Avg: 3.7, Max: 3.8, Diff: 0.2, Sum: 14.8]
      [Termination (ms): Min: 0.0, Avg: 0.0, Max: 0.0, Diff: 0.0, Sum: 0.0]
         [Termination Attempts: Min: 1, Avg: 1.0, Max: 1, Diff: 0, Sum: 4]
      [GC Worker Other (ms): Min: 0.0, Avg: 0.0, Max: 0.0, Diff: 0.0, Sum: 0.1]
      [GC Worker Total (ms): Min: 5.1, Avg: 5.1, Max: 5.1, Diff: 0.0, Sum: 20.5]
      [GC Worker End (ms): Min: 278081.1, Avg: 278081.1, Max: 278081.1, Diff: 0.0]
   [Code Root Fixup: 0.0 ms]
   [Code Root Purge: 0.0 ms]
   [Clear CT: 0.0 ms]
   [Other: 0.5 ms]
      [Choose CSet: 0.0 ms]
      [Ref Proc: 0.1 ms]
      [Ref Enq: 0.0 ms]
      [Redirty Cards: 0.0 ms]
      [Humongous Register: 0.0 ms]
      [Humongous Reclaim: 0.0 ms]
      [Free CSet: 0.1 ms]
   [Eden: 72.0M(72.0M)->0.0B(61.0M) Survivors: 12.0M->11.0M Heap: 972.0M(1096.0M)->912.5M(1096.0M)]
 [Times: user=0.00 sys=0.00, real=0.01 secs] 
2016-06-27T20:29:35.809+0300: 278.082: Total time for which application threads were stopped: 0.0156710 seconds, Stopping threads took: 0.0092891 seconds
2016-06-27T20:29:36.326+0300: 278.598: [GC pause (G1 Evacuation Pause) (young)
Desired survivor size 4718592 bytes, new threshold 1 (max 15)
- age   1:   11314024 bytes,   11314024 total
, 0.0059807 secs]
   [Parallel Time: 5.4 ms, GC Workers: 4]
      [GC Worker Start (ms): Min: 278598.6, Avg: 278598.6, Max: 278598.6, Diff: 0.0]
      [Ext Root Scanning (ms): Min: 0.4, Avg: 0.5, Max: 0.7, Diff: 0.2, Sum: 2.1]
      [Update RS (ms): Min: 1.3, Avg: 1.3, Max: 1.3, Diff: 0.0, Sum: 5.1]
         [Processed Buffers: Min: 8, Avg: 15.3, Max: 23, Diff: 15, Sum: 61]
      [Scan RS (ms): Min: 0.0, Avg: 0.0, Max: 0.0, Diff: 0.0, Sum: 0.0]
      [Code Root Scanning (ms): Min: 0.0, Avg: 0.0, Max: 0.0, Diff: 0.0, Sum: 0.0]
      [Object Copy (ms): Min: 3.4, Avg: 3.5, Max: 3.6, Diff: 0.2, Sum: 14.1]
      [Termination (ms): Min: 0.0, Avg: 0.0, Max: 0.0, Diff: 0.0, Sum: 0.0]
         [Termination Attempts: Min: 1, Avg: 1.0, Max: 1, Diff: 0, Sum: 4]
      [GC Worker Other (ms): Min: 0.0, Avg: 0.0, Max: 0.0, Diff: 0.0, Sum: 0.1]
      [GC Worker Total (ms): Min: 5.4, Avg: 5.4, Max: 5.4, Diff: 0.0, Sum: 21.5]
      [GC Worker End (ms): Min: 278604.0, Avg: 278604.0, Max: 278604.0, Diff: 0.0]
   [Code Root Fixup: 0.0 ms]
   [Code Root Purge: 0.0 ms]
   [Clear CT: 0.0 ms]
   [Other: 0.5 ms]
      [Choose CSet: 0.0 ms]
      [Ref Proc: 0.1 ms]
      [Ref Enq: 0.0 ms]
      [Redirty Cards: 0.0 ms]
      [Humongous Register: 0.0 ms]
      [Humongous Reclaim: 0.0 ms]
      [Free CSet: 0.1 ms]
   [Eden: 61.0M(61.0M)->0.0B(52.0M) Survivors: 11.0M->9216.0K Heap: 973.5M(1096.0M)->924.0M(1096.0M)]
 [Times: user=0.00 sys=0.00, real=0.01 secs] 
2016-06-27T20:29:36.332+0300: 278.605: Total time for which application threads were stopped: 0.0114693 seconds, Stopping threads took: 0.0048500 seconds
2016-06-27T20:29:36.418+0300: 278.690: [GC cleanup 935M->935M(1096M), 0.0020669 secs]
 [Times: user=0.00 sys=0.00, real=0.00 secs] 
2016-06-27T20:29:36.420+0300: 278.692: Total time for which application threads were stopped: 0.0066432 seconds, Stopping threads took: 0.0041628 seconds
2016-06-27T20:29:36.793+0300: 279.065: [GC pause (G1 Evacuation Pause) (young)
Desired survivor size 4194304 bytes, new threshold 1 (max 15)
- age   1:    9295376 bytes,    9295376 total
, 0.0054338 secs]
   [Parallel Time: 4.8 ms, GC Workers: 4]
      [GC Worker Start (ms): Min: 279065.4, Avg: 279065.4, Max: 279065.4, Diff: 0.0]
      [Ext Root Scanning (ms): Min: 0.5, Avg: 0.5, Max: 0.6, Diff: 0.2, Sum: 2.1]
      [Update RS (ms): Min: 1.2, Avg: 1.3, Max: 1.4, Diff: 0.2, Sum: 5.3]
         [Processed Buffers: Min: 6, Avg: 9.5, Max: 14, Diff: 8, Sum: 38]
      [Scan RS (ms): Min: 0.0, Avg: 0.0, Max: 0.0, Diff: 0.0, Sum: 0.0]
      [Code Root Scanning (ms): Min: 0.0, Avg: 0.0, Max: 0.0, Diff: 0.0, Sum: 0.0]
      [Object Copy (ms): Min: 2.8, Avg: 2.9, Max: 2.9, Diff: 0.1, Sum: 11.5]
      [Termination (ms): Min: 0.0, Avg: 0.0, Max: 0.0, Diff: 0.0, Sum: 0.0]
         [Termination Attempts: Min: 1, Avg: 1.0, Max: 1, Diff: 0, Sum: 4]
      [GC Worker Other (ms): Min: 0.0, Avg: 0.0, Max: 0.0, Diff: 0.0, Sum: 0.1]
      [GC Worker Total (ms): Min: 4.7, Avg: 4.8, Max: 4.8, Diff: 0.0, Sum: 19.0]
      [GC Worker End (ms): Min: 279070.1, Avg: 279070.1, Max: 279070.1, Diff: 0.0]
   [Code Root Fixup: 0.0 ms]
   [Code Root Purge: 0.0 ms]
   [Clear CT: 0.1 ms]
   [Other: 0.6 ms]
      [Choose CSet: 0.0 ms]
      [Ref Proc: 0.0 ms]
      [Ref Enq: 0.0 ms]
      [Redirty Cards: 0.1 ms]
      [Humongous Register: 0.0 ms]
      [Humongous Reclaim: 0.0 ms]
      [Free CSet: 0.1 ms]
   [Eden: 52.0M(52.0M)->0.0B(46.0M) Survivors: 9216.0K->8192.0K Heap: 976.0M(1096.0M)->934.0M(1096.0M)]
 [Times: user=0.00 sys=0.00, real=0.01 secs] 
2016-06-27T20:29:36.799+0300: 279.071: Total time for which application threads were stopped: 0.0231917 seconds, Stopping threads took: 0.0171079 seconds
2016-06-27T20:29:36.923+0300: 279.195: Total time for which application threads were stopped: 0.0133385 seconds, Stopping threads took: 0.0120248 seconds
2016-06-27T20:29:37.197+0300: 279.469: [GC pause (G1 Evacuation Pause) (mixed)
Desired survivor size 3670016 bytes, new threshold 1 (max 15)
- age   1:    8003856 bytes,    8003856 total
, 0.0212052 secs]
   [Parallel Time: 19.7 ms, GC Workers: 4]
      [GC Worker Start (ms): Min: 279469.3, Avg: 279469.3, Max: 279469.4, Diff: 0.0]
      [Ext Root Scanning (ms): Min: 0.4, Avg: 0.5, Max: 0.7, Diff: 0.2, Sum: 2.1]
      [Update RS (ms): Min: 1.0, Avg: 1.1, Max: 1.2, Diff: 0.2, Sum: 4.4]
         [Processed Buffers: Min: 3, Avg: 7.8, Max: 12, Diff: 9, Sum: 31]
      [Scan RS (ms): Min: 3.3, Avg: 3.5, Max: 3.6, Diff: 0.3, Sum: 13.9]
      [Code Root Scanning (ms): Min: 0.0, Avg: 0.0, Max: 0.2, Diff: 0.2, Sum: 0.2]
      [Object Copy (ms): Min: 14.4, Avg: 14.5, Max: 14.6, Diff: 0.1, Sum: 58.0]
      [Termination (ms): Min: 0.0, Avg: 0.0, Max: 0.0, Diff: 0.0, Sum: 0.0]
         [Termination Attempts: Min: 1, Avg: 3.3, Max: 4, Diff: 3, Sum: 13]
      [GC Worker Other (ms): Min: 0.0, Avg: 0.0, Max: 0.0, Diff: 0.0, Sum: 0.1]
      [GC Worker Total (ms): Min: 19.7, Avg: 19.7, Max: 19.7, Diff: 0.0, Sum: 78.7]
      [GC Worker End (ms): Min: 279489.0, Avg: 279489.0, Max: 279489.0, Diff: 0.0]
   [Code Root Fixup: 0.1 ms]
   [Code Root Purge: 0.0 ms]
   [Clear CT: 0.2 ms]
   [Other: 1.2 ms]
      [Choose CSet: 0.2 ms]
      [Ref Proc: 0.1 ms]
      [Ref Enq: 0.0 ms]
      [Redirty Cards: 0.1 ms]
      [Humongous Register: 0.0 ms]
      [Humongous Reclaim: 0.0 ms]
      [Free CSet: 0.5 ms]
   [Eden: 46.0M(46.0M)->0.0B(47.0M) Survivors: 8192.0K->7168.0K Heap: 980.0M(1096.0M)->905.5M(1096.0M)]
 [Times: user=0.06 sys=0.00, real=0.02 secs] 
2016-06-27T20:29:37.218+0300: 279.490: Total time for which application threads were stopped: 0.0306714 seconds, Stopping threads took: 0.0088640 seconds
2016-06-27T20:29:37.614+0300: 279.887: [GC pause (G1 Evacuation Pause) (mixed)
Desired survivor size 3670016 bytes, new threshold 1 (max 15)
- age   1:    6879808 bytes,    6879808 total
, 0.0167119 secs]
   [Parallel Time: 15.9 ms, GC Workers: 4]
      [GC Worker Start (ms): Min: 279886.8, Avg: 279886.8, Max: 279886.8, Diff: 0.0]
      [Ext Root Scanning (ms): Min: 0.5, Avg: 0.5, Max: 0.5, Diff: 0.0, Sum: 2.1]
      [Update RS (ms): Min: 10.3, Avg: 10.4, Max: 10.5, Diff: 0.2, Sum: 41.7]
         [Processed Buffers: Min: 13, Avg: 17.3, Max: 27, Diff: 14, Sum: 69]
      [Scan RS (ms): Min: 0.9, Avg: 1.0, Max: 1.1, Diff: 0.2, Sum: 3.9]
      [Code Root Scanning (ms): Min: 0.0, Avg: 0.0, Max: 0.0, Diff: 0.0, Sum: 0.0]
      [Object Copy (ms): Min: 3.9, Avg: 3.9, Max: 4.0, Diff: 0.0, Sum: 15.8]
      [Termination (ms): Min: 0.0, Avg: 0.0, Max: 0.0, Diff: 0.0, Sum: 0.0]
         [Termination Attempts: Min: 1, Avg: 2.0, Max: 3, Diff: 2, Sum: 8]
      [GC Worker Other (ms): Min: 0.0, Avg: 0.0, Max: 0.0, Diff: 0.0, Sum: 0.1]
      [GC Worker Total (ms): Min: 15.9, Avg: 15.9, Max: 15.9, Diff: 0.0, Sum: 63.5]
      [GC Worker End (ms): Min: 279902.7, Avg: 279902.7, Max: 279902.7, Diff: 0.0]
   [Code Root Fixup: 0.0 ms]
   [Code Root Purge: 0.0 ms]
   [Clear CT: 0.2 ms]
   [Other: 0.6 ms]
      [Choose CSet: 0.0 ms]
      [Ref Proc: 0.0 ms]
      [Ref Enq: 0.0 ms]
      [Redirty Cards: 0.0 ms]
      [Humongous Register: 0.0 ms]
      [Humongous Reclaim: 0.0 ms]
      [Free CSet: 0.1 ms]
   [Eden: 47.0M(47.0M)->0.0B(63.0M) Survivors: 7168.0K->7168.0K Heap: 952.5M(1096.0M)->911.0M(1096.0M)]
 [Times: user=0.06 sys=0.00, real=0.02 secs] 
2016-06-27T20:29:37.631+0300: 279.904: Total time for which application threads were stopped: 0.0259535 seconds, Stopping threads took: 0.0085847 seconds
2016-06-27T20:29:38.183+0300: 280.455: [GC pause (G1 Evacuation Pause) (young)
Desired survivor size 4718592 bytes, new threshold 1 (max 15)
- age   1:    7240624 bytes,    7240624 total
, 0.0077602 secs]
   [Parallel Time: 7.0 ms, GC Workers: 4]
      [GC Worker Start (ms): Min: 280455.6, Avg: 280455.6, Max: 280455.6, Diff: 0.0]
      [Ext Root Scanning (ms): Min: 0.5, Avg: 0.6, Max: 0.6, Diff: 0.0, Sum: 2.2]
      [Update RS (ms): Min: 3.6, Avg: 3.7, Max: 3.9, Diff: 0.3, Sum: 14.7]
         [Processed Buffers: Min: 4, Avg: 17.8, Max: 39, Diff: 35, Sum: 71]
      [Scan RS (ms): Min: 0.0, Avg: 0.0, Max: 0.0, Diff: 0.0, Sum: 0.0]
      [Code Root Scanning (ms): Min: 0.0, Avg: 0.0, Max: 0.0, Diff: 0.0, Sum: 0.0]
      [Object Copy (ms): Min: 2.5, Avg: 2.7, Max: 2.8, Diff: 0.3, Sum: 10.7]
      [Termination (ms): Min: 0.0, Avg: 0.0, Max: 0.0, Diff: 0.0, Sum: 0.0]
         [Termination Attempts: Min: 1, Avg: 1.0, Max: 1, Diff: 0, Sum: 4]
      [GC Worker Other (ms): Min: 0.0, Avg: 0.0, Max: 0.0, Diff: 0.0, Sum: 0.1]
      [GC Worker Total (ms): Min: 6.9, Avg: 6.9, Max: 7.0, Diff: 0.0, Sum: 27.8]
      [GC Worker End (ms): Min: 280462.6, Avg: 280462.6, Max: 280462.6, Diff: 0.0]
   [Code Root Fixup: 0.0 ms]
   [Code Root Purge: 0.0 ms]
   [Clear CT: 0.1 ms]
   [Other: 0.7 ms]
      [Choose CSet: 0.0 ms]
      [Ref Proc: 0.1 ms]
      [Ref Enq: 0.0 ms]
      [Redirty Cards: 0.0 ms]
      [Humongous Register: 0.0 ms]
      [Humongous Reclaim: 0.0 ms]
      [Free CSet: 0.1 ms]
   [Eden: 63.0M(63.0M)->0.0B(53.0M) Survivors: 7168.0K->9216.0K Heap: 974.0M(1096.0M)->922.5M(1096.0M)]
 [Times: user=0.00 sys=0.00, real=0.01 secs] 
2016-06-27T20:29:38.191+0300: 280.463: Total time for which application threads were stopped: 0.0217920 seconds, Stopping threads took: 0.0133488 seconds
2016-06-27T20:29:38.629+0300: 280.901: [GC pause (G1 Evacuation Pause) (young) (initial-mark)
Desired survivor size 4194304 bytes, new threshold 1 (max 15)
- age   1:    9221768 bytes,    9221768 total
, 0.0056442 secs]
   [Parallel Time: 4.9 ms, GC Workers: 4]
      [GC Worker Start (ms): Min: 280901.4, Avg: 280901.5, Max: 280901.5, Diff: 0.0]
      [Ext Root Scanning (ms): Min: 0.5, Avg: 0.6, Max: 0.8, Diff: 0.2, Sum: 2.5]
      [Update RS (ms): Min: 0.9, Avg: 1.1, Max: 1.2, Diff: 0.3, Sum: 4.4]
         [Processed Buffers: Min: 4, Avg: 13.0, Max: 29, Diff: 25, Sum: 52]
      [Scan RS (ms): Min: 0.0, Avg: 0.0, Max: 0.0, Diff: 0.0, Sum: 0.0]
      [Code Root Scanning (ms): Min: 0.0, Avg: 0.0, Max: 0.0, Diff: 0.0, Sum: 0.0]
      [Object Copy (ms): Min: 3.1, Avg: 3.1, Max: 3.2, Diff: 0.0, Sum: 12.5]
      [Termination (ms): Min: 0.0, Avg: 0.0, Max: 0.0, Diff: 0.0, Sum: 0.0]
         [Termination Attempts: Min: 1, Avg: 1.0, Max: 1, Diff: 0, Sum: 4]
      [GC Worker Other (ms): Min: 0.0, Avg: 0.0, Max: 0.0, Diff: 0.0, Sum: 0.0]
      [GC Worker Total (ms): Min: 4.9, Avg: 4.9, Max: 4.9, Diff: 0.0, Sum: 19.5]
      [GC Worker End (ms): Min: 280906.3, Avg: 280906.3, Max: 280906.3, Diff: 0.0]
   [Code Root Fixup: 0.0 ms]
   [Code Root Purge: 0.0 ms]
   [Clear CT: 0.0 ms]
   [Other: 0.7 ms]
      [Choose CSet: 0.0 ms]
      [Ref Proc: 0.0 ms]
      [Ref Enq: 0.0 ms]
      [Redirty Cards: 0.0 ms]
      [Humongous Register: 0.0 ms]
      [Humongous Reclaim: 0.0 ms]
      [Free CSet: 0.1 ms]
   [Eden: 53.0M(53.0M)->0.0B(46.0M) Survivors: 9216.0K->8192.0K Heap: 975.5M(1096.0M)->932.5M(1096.0M)]
 [Times: user=0.01 sys=0.00, real=0.01 secs] 
2016-06-27T20:29:38.635+0300: 280.907: [GC concurrent-root-region-scan-start]
2016-06-27T20:29:38.635+0300: 280.907: Total time for which application threads were stopped: 0.0138932 seconds, Stopping threads took: 0.0074968 seconds
2016-06-27T20:29:38.636+0300: 280.908: [GC concurrent-root-region-scan-end, 0.0008061 secs]
2016-06-27T20:29:38.636+0300: 280.908: [GC concurrent-mark-start]
2016-06-27T20:29:38.714+0300: 280.985: [GC concurrent-mark-end, 0.0772635 secs]
2016-06-27T20:29:38.749+0300: 281.021: [GC remark 2016-06-27T20:29:38.749+0300: 281.021: [Finalize Marking, 0.0002574 secs] 2016-06-27T20:29:38.750+0300: 281.021: [GC ref-proc, 0.0001014 secs] 2016-06-27T20:29:38.750+0300: 281.022: [Unloading, 0.0018124 secs], 0.0059525 secs]
 [Times: user=0.06 sys=0.00, real=0.01 secs] 
2016-06-27T20:29:38.755+0300: 281.027: Total time for which application threads were stopped: 0.0092219 seconds, Stopping threads took: 0.0027430 seconds
2016-06-27T20:29:38.757+0300: 281.029: [GC cleanup 949M->949M(1096M), 0.0021605 secs]
 [Times: user=0.00 sys=0.00, real=0.00 secs] 
2016-06-27T20:29:38.760+0300: 281.032: Total time for which application threads were stopped: 0.0028135 seconds, Stopping threads took: 0.0000774 seconds
2016-06-27T20:29:38.921+0300: 281.193: Total time for which application threads were stopped: 0.0099614 seconds, Stopping threads took: 0.0083102 seconds
2016-06-27T20:29:39.011+0300: 281.283: [GC pause (G1 Evacuation Pause) (young)
Desired survivor size 3670016 bytes, new threshold 1 (max 15)
- age   1:    8258176 bytes,    8258176 total
, 0.0045750 secs]
   [Parallel Time: 4.0 ms, GC Workers: 4]
      [GC Worker Start (ms): Min: 281283.4, Avg: 281283.4, Max: 281283.5, Diff: 0.0]
      [Ext Root Scanning (ms): Min: 0.5, Avg: 0.5, Max: 0.6, Diff: 0.2, Sum: 2.1]
      [Update RS (ms): Min: 1.0, Avg: 1.1, Max: 1.2, Diff: 0.2, Sum: 4.3]
         [Processed Buffers: Min: 7, Avg: 10.8, Max: 14, Diff: 7, Sum: 43]
      [Scan RS (ms): Min: 0.0, Avg: 0.0, Max: 0.0, Diff: 0.0, Sum: 0.0]
      [Code Root Scanning (ms): Min: 0.0, Avg: 0.0, Max: 0.0, Diff: 0.0, Sum: 0.0]
      [Object Copy (ms): Min: 2.3, Avg: 2.4, Max: 2.4, Diff: 0.1, Sum: 9.4]
      [Termination (ms): Min: 0.0, Avg: 0.0, Max: 0.0, Diff: 0.0, Sum: 0.0]
         [Termination Attempts: Min: 1, Avg: 1.0, Max: 1, Diff: 0, Sum: 4]
      [GC Worker Other (ms): Min: 0.0, Avg: 0.0, Max: 0.0, Diff: 0.0, Sum: 0.1]
      [GC Worker Total (ms): Min: 4.0, Avg: 4.0, Max: 4.0, Diff: 0.0, Sum: 15.9]
      [GC Worker End (ms): Min: 281287.4, Avg: 281287.4, Max: 281287.4, Diff: 0.0]
   [Code Root Fixup: 0.0 ms]
   [Code Root Purge: 0.0 ms]
   [Clear CT: 0.0 ms]
   [Other: 0.5 ms]
      [Choose CSet: 0.0 ms]
      [Ref Proc: 0.1 ms]
      [Ref Enq: 0.0 ms]
      [Redirty Cards: 0.0 ms]
      [Humongous Register: 0.0 ms]
      [Humongous Reclaim: 0.0 ms]
      [Free CSet: 0.1 ms]
   [Eden: 46.0M(46.0M)->0.0B(47.0M) Survivors: 8192.0K->7168.0K Heap: 978.5M(1096.0M)->941.0M(1096.0M)]
 [Times: user=0.00 sys=0.00, real=0.01 secs] 
2016-06-27T20:29:39.016+0300: 281.288: Total time for which application threads were stopped: 0.0159092 seconds, Stopping threads took: 0.0107722 seconds
2016-06-27T20:29:39.407+0300: 281.678: [GC pause (G1 Evacuation Pause) (mixed)
Desired survivor size 3670016 bytes, new threshold 1 (max 15)
- age   1:    7199928 bytes,    7199928 total
, 0.0196387 secs]
   [Parallel Time: 18.3 ms, GC Workers: 4]
      [GC Worker Start (ms): Min: 281678.8, Avg: 281678.9, Max: 281679.1, Diff: 0.3]
      [Ext Root Scanning (ms): Min: 0.6, Avg: 0.8, Max: 1.0, Diff: 0.4, Sum: 3.4]
      [Update RS (ms): Min: 0.9, Avg: 1.0, Max: 1.1, Diff: 0.2, Sum: 4.2]
         [Processed Buffers: Min: 7, Avg: 12.0, Max: 19, Diff: 12, Sum: 48]
      [Scan RS (ms): Min: 2.6, Avg: 2.6, Max: 2.7, Diff: 0.1, Sum: 10.6]
      [Code Root Scanning (ms): Min: 0.0, Avg: 0.0, Max: 0.1, Diff: 0.1, Sum: 0.1]
      [Object Copy (ms): Min: 13.5, Avg: 13.6, Max: 13.7, Diff: 0.2, Sum: 54.5]
      [Termination (ms): Min: 0.0, Avg: 0.0, Max: 0.0, Diff: 0.0, Sum: 0.0]
         [Termination Attempts: Min: 1, Avg: 2.3, Max: 4, Diff: 3, Sum: 9]
      [GC Worker Other (ms): Min: 0.0, Avg: 0.0, Max: 0.0, Diff: 0.0, Sum: 0.1]
      [GC Worker Total (ms): Min: 18.0, Avg: 18.2, Max: 18.3, Diff: 0.3, Sum: 72.8]
      [GC Worker End (ms): Min: 281697.1, Avg: 281697.1, Max: 281697.1, Diff: 0.0]
   [Code Root Fixup: 0.0 ms]
   [Code Root Purge: 0.0 ms]
   [Clear CT: 0.2 ms]
   [Other: 1.0 ms]
      [Choose CSet: 0.1 ms]
      [Ref Proc: 0.1 ms]
      [Ref Enq: 0.0 ms]
      [Redirty Cards: 0.0 ms]
      [Humongous Register: 0.0 ms]
      [Humongous Reclaim: 0.0 ms]
      [Free CSet: 0.4 ms]
   [Eden: 47.0M(47.0M)->0.0B(47.0M) Survivors: 7168.0K->7168.0K Heap: 988.0M(1096.0M)->906.0M(1096.0M)]
 [Times: user=0.06 sys=0.00, real=0.02 secs] 
2016-06-27T20:29:39.426+0300: 281.698: Total time for which application threads were stopped: 0.0289201 seconds, Stopping threads took: 0.0086758 seconds
2016-06-27T20:29:39.834+0300: 282.106: [GC pause (G1 Evacuation Pause) (mixed)
Desired survivor size 3670016 bytes, new threshold 1 (max 15)
- age   1:    6848672 bytes,    6848672 total
, 0.0298524 secs]
   [Parallel Time: 28.4 ms, GC Workers: 4]
      [GC Worker Start (ms): Min: 282106.1, Avg: 282106.1, Max: 282106.1, Diff: 0.0]
      [Ext Root Scanning (ms): Min: 0.5, Avg: 0.6, Max: 0.7, Diff: 0.2, Sum: 2.2]
      [Update RS (ms): Min: 8.4, Avg: 8.4, Max: 8.4, Diff: 0.0, Sum: 33.6]
         [Processed Buffers: Min: 14, Avg: 17.0, Max: 21, Diff: 7, Sum: 68]
      [Scan RS (ms): Min: 3.9, Avg: 4.0, Max: 4.1, Diff: 0.2, Sum: 15.9]
      [Code Root Scanning (ms): Min: 0.0, Avg: 0.0, Max: 0.2, Diff: 0.2, Sum: 0.2]
      [Object Copy (ms): Min: 15.3, Avg: 15.4, Max: 15.4, Diff: 0.1, Sum: 61.6]
      [Termination (ms): Min: 0.0, Avg: 0.0, Max: 0.0, Diff: 0.0, Sum: 0.0]
         [Termination Attempts: Min: 1, Avg: 6.5, Max: 15, Diff: 14, Sum: 26]
      [GC Worker Other (ms): Min: 0.0, Avg: 0.0, Max: 0.0, Diff: 0.0, Sum: 0.1]
      [GC Worker Total (ms): Min: 28.4, Avg: 28.4, Max: 28.4, Diff: 0.0, Sum: 113.6]
      [GC Worker End (ms): Min: 282134.5, Avg: 282134.5, Max: 282134.5, Diff: 0.0]
   [Code Root Fixup: 0.0 ms]
   [Code Root Purge: 0.0 ms]
   [Clear CT: 0.2 ms]
   [Other: 1.1 ms]
      [Choose CSet: 0.2 ms]
      [Ref Proc: 0.0 ms]
      [Ref Enq: 0.0 ms]
      [Redirty Cards: 0.1 ms]
      [Humongous Register: 0.0 ms]
      [Humongous Reclaim: 0.0 ms]
      [Free CSet: 0.5 ms]
   [Eden: 47.0M(47.0M)->0.0B(47.0M) Survivors: 7168.0K->7168.0K Heap: 953.0M(1096.0M)->880.0M(1096.0M)]
 [Times: user=0.08 sys=0.00, real=0.03 secs] 
2016-06-27T20:29:39.864+0300: 282.136: Total time for which application threads were stopped: 0.0379325 seconds, Stopping threads took: 0.0074574 seconds
2016-06-27T20:29:39.921+0300: 282.193: Total time for which application threads were stopped: 0.0102316 seconds, Stopping threads took: 0.0084701 seconds
2016-06-27T20:29:40.206+0300: 282.478: [GC pause (G1 Evacuation Pause) (mixed)
Desired survivor size 3670016 bytes, new threshold 1 (max 15)
- age   1:    7208896 bytes,    7208896 total
, 0.0164484 secs]
   [Parallel Time: 15.6 ms, GC Workers: 4]
      [GC Worker Start (ms): Min: 282478.1, Avg: 282478.1, Max: 282478.1, Diff: 0.0]
      [Ext Root Scanning (ms): Min: 0.5, Avg: 0.5, Max: 0.6, Diff: 0.2, Sum: 2.2]
      [Update RS (ms): Min: 10.8, Avg: 10.9, Max: 11.1, Diff: 0.3, Sum: 43.6]
         [Processed Buffers: Min: 13, Avg: 17.5, Max: 27, Diff: 14, Sum: 70]
      [Scan RS (ms): Min: 0.5, Avg: 0.7, Max: 0.7, Diff: 0.3, Sum: 2.6]
      [Code Root Scanning (ms): Min: 0.0, Avg: 0.0, Max: 0.0, Diff: 0.0, Sum: 0.0]
      [Object Copy (ms): Min: 3.4, Avg: 3.4, Max: 3.5, Diff: 0.1, Sum: 13.6]
      [Termination (ms): Min: 0.0, Avg: 0.0, Max: 0.0, Diff: 0.0, Sum: 0.0]
         [Termination Attempts: Min: 1, Avg: 2.3, Max: 4, Diff: 3, Sum: 9]
      [GC Worker Other (ms): Min: 0.0, Avg: 0.0, Max: 0.0, Diff: 0.0, Sum: 0.0]
      [GC Worker Total (ms): Min: 15.5, Avg: 15.5, Max: 15.5, Diff: 0.0, Sum: 62.1]
      [GC Worker End (ms): Min: 282493.6, Avg: 282493.6, Max: 282493.6, Diff: 0.0]
   [Code Root Fixup: 0.0 ms]
   [Code Root Purge: 0.0 ms]
   [Clear CT: 0.2 ms]
   [Other: 0.7 ms]
      [Choose CSet: 0.0 ms]
      [Ref Proc: 0.0 ms]
      [Ref Enq: 0.0 ms]
      [Redirty Cards: 0.1 ms]
      [Humongous Register: 0.1 ms]
      [Humongous Reclaim: 0.0 ms]
      [Free CSet: 0.1 ms]
   [Eden: 47.0M(47.0M)->0.0B(47.0M) Survivors: 7168.0K->7168.0K Heap: 927.0M(1096.0M)->886.5M(1096.0M)]
 [Times: user=0.06 sys=0.00, real=0.02 secs] 
2016-06-27T20:29:40.223+0300: 282.495: Total time for which application threads were stopped: 0.0274370 seconds, Stopping threads took: 0.0103090 seconds
2016-06-27T20:29:40.611+0300: 282.883: [GC pause (G1 Evacuation Pause) (young)
Desired survivor size 3670016 bytes, new threshold 1 (max 15)
- age   1:    7219784 bytes,    7219784 total
, 0.0068224 secs]
   [Parallel Time: 6.2 ms, GC Workers: 4]
      [GC Worker Start (ms): Min: 282883.6, Avg: 282883.6, Max: 282883.6, Diff: 0.0]
      [Ext Root Scanning (ms): Min: 0.5, Avg: 0.6, Max: 0.6, Diff: 0.1, Sum: 2.2]
      [Update RS (ms): Min: 3.2, Avg: 3.3, Max: 3.3, Diff: 0.1, Sum: 13.0]
         [Processed Buffers: Min: 3, Avg: 11.5, Max: 24, Diff: 21, Sum: 46]
      [Scan RS (ms): Min: 0.0, Avg: 0.0, Max: 0.0, Diff: 0.0, Sum: 0.0]
      [Code Root Scanning (ms): Min: 0.0, Avg: 0.0, Max: 0.0, Diff: 0.0, Sum: 0.0]
      [Object Copy (ms): Min: 2.3, Avg: 2.3, Max: 2.3, Diff: 0.1, Sum: 9.1]
      [Termination (ms): Min: 0.0, Avg: 0.0, Max: 0.0, Diff: 0.0, Sum: 0.0]
         [Termination Attempts: Min: 1, Avg: 1.0, Max: 1, Diff: 0, Sum: 4]
      [GC Worker Other (ms): Min: 0.0, Avg: 0.0, Max: 0.0, Diff: 0.0, Sum: 0.1]
      [GC Worker Total (ms): Min: 6.1, Avg: 6.1, Max: 6.1, Diff: 0.0, Sum: 24.5]
      [GC Worker End (ms): Min: 282889.8, Avg: 282889.8, Max: 282889.8, Diff: 0.0]
   [Code Root Fixup: 0.0 ms]
   [Code Root Purge: 0.0 ms]
   [Clear CT: 0.0 ms]
   [Other: 0.6 ms]
      [Choose CSet: 0.0 ms]
      [Ref Proc: 0.0 ms]
      [Ref Enq: 0.0 ms]
      [Redirty Cards: 0.0 ms]
      [Humongous Register: 0.0 ms]
      [Humongous Reclaim: 0.0 ms]
      [Free CSet: 0.1 ms]
   [Eden: 47.0M(47.0M)->0.0B(76.0M) Survivors: 7168.0K->7168.0K Heap: 933.5M(1096.0M)->896.0M(1096.0M)]
 [Times: user=0.06 sys=0.00, real=0.01 secs] 
2016-06-27T20:29:40.618+0300: 282.890: Total time for which application threads were stopped: 0.0126115 seconds, Stopping threads took: 0.0051079 seconds
2016-06-27T20:29:40.926+0300: 283.198: Total time for which application threads were stopped: 0.0146497 seconds, Stopping threads took: 0.0129840 seconds
2016-06-27T20:29:41.252+0300: 283.524: [GC pause (G1 Evacuation Pause) (young) (initial-mark)
Desired survivor size 5767168 bytes, new threshold 1 (max 15)
- age   1:    7227208 bytes,    7227208 total
, 0.0053405 secs]
   [Parallel Time: 4.6 ms, GC Workers: 4]
      [GC Worker Start (ms): Min: 283524.7, Avg: 283524.7, Max: 283524.7, Diff: 0.0]
      [Ext Root Scanning (ms): Min: 0.5, Avg: 0.5, Max: 0.7, Diff: 0.2, Sum: 2.1]
      [Update RS (ms): Min: 0.7, Avg: 0.8, Max: 0.9, Diff: 0.2, Sum: 3.3]
         [Processed Buffers: Min: 3, Avg: 14.5, Max: 27, Diff: 24, Sum: 58]
      [Scan RS (ms): Min: 0.0, Avg: 0.0, Max: 0.0, Diff: 0.0, Sum: 0.1]
      [Code Root Scanning (ms): Min: 0.0, Avg: 0.0, Max: 0.0, Diff: 0.0, Sum: 0.0]
      [Object Copy (ms): Min: 3.1, Avg: 3.2, Max: 3.2, Diff: 0.1, Sum: 12.6]
      [Termination (ms): Min: 0.0, Avg: 0.0, Max: 0.0, Diff: 0.0, Sum: 0.0]
         [Termination Attempts: Min: 1, Avg: 1.0, Max: 1, Diff: 0, Sum: 4]
      [GC Worker Other (ms): Min: 0.0, Avg: 0.0, Max: 0.0, Diff: 0.0, Sum: 0.0]
      [GC Worker Total (ms): Min: 4.5, Avg: 4.5, Max: 4.5, Diff: 0.0, Sum: 18.2]
      [GC Worker End (ms): Min: 283529.2, Avg: 283529.2, Max: 283529.2, Diff: 0.0]
   [Code Root Fixup: 0.0 ms]
   [Code Root Purge: 0.0 ms]
   [Clear CT: 0.1 ms]
   [Other: 0.7 ms]
      [Choose CSet: 0.0 ms]
      [Ref Proc: 0.1 ms]
      [Ref Enq: 0.0 ms]
      [Redirty Cards: 0.0 ms]
      [Humongous Register: 0.0 ms]
      [Humongous Reclaim: 0.0 ms]
      [Free CSet: 0.1 ms]
   [Eden: 76.0M(76.0M)->0.0B(64.0M) Survivors: 7168.0K->11.0M Heap: 972.0M(1096.0M)->909.5M(1096.0M)]
 [Times: user=0.06 sys=0.00, real=0.01 secs] 
2016-06-27T20:29:41.258+0300: 283.530: [GC concurrent-root-region-scan-start]
2016-06-27T20:29:41.258+0300: 283.530: Total time for which application threads were stopped: 0.0166191 seconds, Stopping threads took: 0.0106961 seconds
2016-06-27T20:29:41.259+0300: 283.531: [GC concurrent-root-region-scan-end, 0.0010050 secs]
2016-06-27T20:29:41.259+0300: 283.531: [GC concurrent-mark-start]
2016-06-27T20:29:41.337+0300: 283.609: [GC concurrent-mark-end, 0.0757461 secs]
2016-06-27T20:29:41.370+0300: 283.643: [GC remark 2016-06-27T20:29:41.371+0300: 283.643: [Finalize Marking, 0.0002232 secs] 2016-06-27T20:29:41.371+0300: 283.643: [GC ref-proc, 0.0001018 secs] 2016-06-27T20:29:41.371+0300: 283.643: [Unloading, 0.0016679 secs], 0.0056446 secs]
 [Times: user=0.00 sys=0.00, real=0.01 secs] 
2016-06-27T20:29:41.376+0300: 283.648: Total time for which application threads were stopped: 0.0111785 seconds, Stopping threads took: 0.0051336 seconds
2016-06-27T20:29:41.377+0300: 283.650: [GC cleanup 925M->925M(1096M), 0.0021130 secs]
 [Times: user=0.06 sys=0.00, real=0.00 secs] 
2016-06-27T20:29:41.380+0300: 283.652: Total time for which application threads were stopped: 0.0025912 seconds, Stopping threads took: 0.0000500 seconds
2016-06-27T20:29:41.789+0300: 284.061: [GC pause (G1 Evacuation Pause) (young)
Desired survivor size 5242880 bytes, new threshold 1 (max 15)
- age   1:   11334544 bytes,   11334544 total
, 0.0064259 secs]
   [Parallel Time: 5.8 ms, GC Workers: 4]
      [GC Worker Start (ms): Min: 284061.2, Avg: 284061.2, Max: 284061.3, Diff: 0.1]
      [Ext Root Scanning (ms): Min: 0.5, Avg: 1.9, Max: 5.7, Diff: 5.1, Sum: 7.4]
      [Update RS (ms): Min: 0.0, Avg: 1.1, Max: 1.5, Diff: 1.5, Sum: 4.2]
         [Processed Buffers: Min: 0, Avg: 11.5, Max: 23, Diff: 23, Sum: 46]
      [Scan RS (ms): Min: 0.0, Avg: 0.0, Max: 0.0, Diff: 0.0, Sum: 0.0]
      [Code Root Scanning (ms): Min: 0.0, Avg: 0.0, Max: 0.0, Diff: 0.0, Sum: 0.0]
      [Object Copy (ms): Min: 0.1, Avg: 2.7, Max: 3.6, Diff: 3.6, Sum: 10.8]
      [Termination (ms): Min: 0.0, Avg: 0.1, Max: 0.1, Diff: 0.1, Sum: 0.4]
         [Termination Attempts: Min: 1, Avg: 1.3, Max: 2, Diff: 1, Sum: 5]
      [GC Worker Other (ms): Min: 0.0, Avg: 0.0, Max: 0.0, Diff: 0.0, Sum: 0.0]
      [GC Worker Total (ms): Min: 5.6, Avg: 5.7, Max: 5.8, Diff: 0.1, Sum: 22.9]
      [GC Worker End (ms): Min: 284066.9, Avg: 284066.9, Max: 284066.9, Diff: 0.0]
   [Code Root Fixup: 0.0 ms]
   [Code Root Purge: 0.0 ms]
   [Clear CT: 0.0 ms]
   [Other: 0.6 ms]
      [Choose CSet: 0.0 ms]
      [Ref Proc: 0.1 ms]
      [Ref Enq: 0.0 ms]
      [Redirty Cards: 0.0 ms]
      [Humongous Register: 0.0 ms]
      [Humongous Reclaim: 0.0 ms]
      [Free CSet: 0.1 ms]
   [Eden: 64.0M(64.0M)->0.0B(44.0M) Survivors: 11.0M->10.0M Heap: 973.5M(1096.0M)->921.0M(1096.0M)]
 [Times: user=0.00 sys=0.00, real=0.01 secs] 
2016-06-27T20:29:41.796+0300: 284.068: Total time for which application threads were stopped: 0.0145685 seconds, Stopping threads took: 0.0074797 seconds
2016-06-27T20:29:41.916+0300: 284.188: Total time for which application threads were stopped: 0.0044472 seconds, Stopping threads took: 0.0025899 seconds
2016-06-27T20:29:42.160+0300: 284.432: [GC pause (G1 Evacuation Pause) (mixed)
Desired survivor size 3670016 bytes, new threshold 1 (max 15)
- age   1:   10333816 bytes,   10333816 total
, 0.0185427 secs]
   [Parallel Time: 17.2 ms, GC Workers: 4]
      [GC Worker Start (ms): Min: 284432.5, Avg: 284432.5, Max: 284432.5, Diff: 0.0]
      [Ext Root Scanning (ms): Min: 0.5, Avg: 0.5, Max: 0.6, Diff: 0.1, Sum: 2.1]
      [Update RS (ms): Min: 1.0, Avg: 1.1, Max: 1.1, Diff: 0.1, Sum: 4.3]
         [Processed Buffers: Min: 3, Avg: 10.5, Max: 20, Diff: 17, Sum: 42]
      [Scan RS (ms): Min: 2.6, Avg: 2.6, Max: 2.7, Diff: 0.1, Sum: 10.6]
      [Code Root Scanning (ms): Min: 0.0, Avg: 0.0, Max: 0.0, Diff: 0.0, Sum: 0.1]
      [Object Copy (ms): Min: 12.9, Avg: 12.9, Max: 13.0, Diff: 0.1, Sum: 51.7]
      [Termination (ms): Min: 0.0, Avg: 0.0, Max: 0.0, Diff: 0.0, Sum: 0.0]
         [Termination Attempts: Min: 1, Avg: 1.3, Max: 2, Diff: 1, Sum: 5]
      [GC Worker Other (ms): Min: 0.0, Avg: 0.0, Max: 0.0, Diff: 0.0, Sum: 0.1]
      [GC Worker Total (ms): Min: 17.2, Avg: 17.2, Max: 17.2, Diff: 0.0, Sum: 68.8]
      [GC Worker End (ms): Min: 284449.7, Avg: 284449.7, Max: 284449.7, Diff: 0.0]
   [Code Root Fixup: 0.0 ms]
   [Code Root Purge: 0.0 ms]
   [Clear CT: 0.2 ms]
   [Other: 1.1 ms]
      [Choose CSet: 0.1 ms]
      [Ref Proc: 0.0 ms]
      [Ref Enq: 0.0 ms]
      [Redirty Cards: 0.0 ms]
      [Humongous Register: 0.0 ms]
      [Humongous Reclaim: 0.0 ms]
      [Free CSet: 0.5 ms]
   [Eden: 44.0M(44.0M)->0.0B(47.0M) Survivors: 10.0M->7168.0K Heap: 965.0M(1096.0M)->881.5M(1096.0M)]
 [Times: user=0.11 sys=0.01, real=0.02 secs] 
2016-06-27T20:29:42.179+0300: 284.451: Total time for which application threads were stopped: 0.0205372 seconds, Stopping threads took: 0.0014339 seconds
2016-06-27T20:29:42.563+0300: 284.835: [GC pause (G1 Evacuation Pause) (mixed)
Desired survivor size 3670016 bytes, new threshold 1 (max 15)
- age   1:    6739464 bytes,    6739464 total
, 0.0290266 secs]
   [Parallel Time: 27.4 ms, GC Workers: 4]
      [GC Worker Start (ms): Min: 284835.0, Avg: 284835.0, Max: 284835.0, Diff: 0.0]
      [Ext Root Scanning (ms): Min: 0.5, Avg: 0.6, Max: 0.6, Diff: 0.1, Sum: 2.4]
      [Update RS (ms): Min: 7.5, Avg: 7.6, Max: 7.6, Diff: 0.1, Sum: 30.2]
         [Processed Buffers: Min: 11, Avg: 15.8, Max: 19, Diff: 8, Sum: 63]
      [Scan RS (ms): Min: 3.8, Avg: 3.9, Max: 4.0, Diff: 0.2, Sum: 15.5]
      [Code Root Scanning (ms): Min: 0.0, Avg: 0.0, Max: 0.1, Diff: 0.1, Sum: 0.2]
      [Object Copy (ms): Min: 15.1, Avg: 15.2, Max: 15.2, Diff: 0.1, Sum: 60.7]
      [Termination (ms): Min: 0.0, Avg: 0.0, Max: 0.0, Diff: 0.0, Sum: 0.0]
         [Termination Attempts: Min: 1, Avg: 1.3, Max: 2, Diff: 1, Sum: 5]
      [GC Worker Other (ms): Min: 0.0, Avg: 0.0, Max: 0.1, Diff: 0.0, Sum: 0.1]
      [GC Worker Total (ms): Min: 27.3, Avg: 27.3, Max: 27.3, Diff: 0.1, Sum: 109.1]
      [GC Worker End (ms): Min: 284862.2, Avg: 284862.3, Max: 284862.3, Diff: 0.0]
   [Code Root Fixup: 0.1 ms]
   [Code Root Purge: 0.0 ms]
   [Clear CT: 0.2 ms]
   [Other: 1.4 ms]
      [Choose CSet: 0.2 ms]
      [Ref Proc: 0.1 ms]
      [Ref Enq: 0.0 ms]
      [Redirty Cards: 0.1 ms]
      [Humongous Register: 0.0 ms]
      [Humongous Reclaim: 0.0 ms]
      [Free CSet: 0.7 ms]
   [Eden: 47.0M(47.0M)->0.0B(47.0M) Survivors: 7168.0K->7168.0K Heap: 928.5M(1096.0M)->854.5M(1096.0M)]
 [Times: user=0.13 sys=0.00, real=0.03 secs] 
2016-06-27T20:29:42.592+0300: 284.864: Total time for which application threads were stopped: 0.0318714 seconds, Stopping threads took: 0.0022046 seconds
2016-06-27T20:29:42.995+0300: 285.267: [GC pause (G1 Evacuation Pause) (mixed)
Desired survivor size 3670016 bytes, new threshold 1 (max 15)
- age   1:    7213480 bytes,    7213480 total
, 0.0159357 secs]
   [Parallel Time: 15.2 ms, GC Workers: 4]
      [GC Worker Start (ms): Min: 285267.3, Avg: 285267.3, Max: 285267.4, Diff: 0.0]
      [Ext Root Scanning (ms): Min: 0.5, Avg: 0.6, Max: 0.6, Diff: 0.1, Sum: 2.3]
      [Update RS (ms): Min: 11.4, Avg: 11.6, Max: 11.7, Diff: 0.3, Sum: 46.3]
         [Processed Buffers: Min: 12, Avg: 22.3, Max: 46, Diff: 34, Sum: 89]
      [Scan RS (ms): Min: 0.2, Avg: 0.3, Max: 0.4, Diff: 0.3, Sum: 1.3]
      [Code Root Scanning (ms): Min: 0.0, Avg: 0.0, Max: 0.0, Diff: 0.0, Sum: 0.0]
      [Object Copy (ms): Min: 2.6, Avg: 2.7, Max: 2.7, Diff: 0.1, Sum: 10.7]
      [Termination (ms): Min: 0.0, Avg: 0.0, Max: 0.0, Diff: 0.0, Sum: 0.0]
         [Termination Attempts: Min: 1, Avg: 1.3, Max: 2, Diff: 1, Sum: 5]
      [GC Worker Other (ms): Min: 0.0, Avg: 0.0, Max: 0.0, Diff: 0.0, Sum: 0.1]
      [GC Worker Total (ms): Min: 15.1, Avg: 15.1, Max: 15.1, Diff: 0.0, Sum: 60.6]
      [GC Worker End (ms): Min: 285282.5, Avg: 285282.5, Max: 285282.5, Diff: 0.0]
   [Code Root Fixup: 0.0 ms]
   [Code Root Purge: 0.0 ms]
   [Clear CT: 0.1 ms]
   [Other: 0.6 ms]
      [Choose CSet: 0.0 ms]
      [Ref Proc: 0.0 ms]
      [Ref Enq: 0.0 ms]
      [Redirty Cards: 0.0 ms]
      [Humongous Register: 0.0 ms]
      [Humongous Reclaim: 0.0 ms]
      [Free CSet: 0.1 ms]
   [Eden: 47.0M(47.0M)->0.0B(47.0M) Survivors: 7168.0K->7168.0K Heap: 901.5M(1096.0M)->863.0M(1096.0M)]
 [Times: user=0.06 sys=0.00, real=0.02 secs] 
2016-06-27T20:29:43.011+0300: 285.283: Total time for which application threads were stopped: 0.0226191 seconds, Stopping threads took: 0.0060017 seconds
2016-06-27T20:29:43.413+0300: 285.685: [GC pause (G1 Evacuation Pause) (young)
Desired survivor size 3670016 bytes, new threshold 1 (max 15)
- age   1:    7074376 bytes,    7074376 total
, 0.0051361 secs]
   [Parallel Time: 4.5 ms, GC Workers: 4]
      [GC Worker Start (ms): Min: 285685.4, Avg: 285685.4, Max: 285685.5, Diff: 0.0]
      [Ext Root Scanning (ms): Min: 0.5, Avg: 0.6, Max: 0.7, Diff: 0.1, Sum: 2.3]
      [Update RS (ms): Min: 1.6, Avg: 1.6, Max: 1.6, Diff: 0.0, Sum: 6.5]
         [Processed Buffers: Min: 3, Avg: 12.0, Max: 19, Diff: 16, Sum: 48]
      [Scan RS (ms): Min: 0.0, Avg: 0.0, Max: 0.0, Diff: 0.0, Sum: 0.0]
      [Code Root Scanning (ms): Min: 0.0, Avg: 0.0, Max: 0.0, Diff: 0.0, Sum: 0.0]
      [Object Copy (ms): Min: 2.2, Avg: 2.2, Max: 2.3, Diff: 0.1, Sum: 9.0]
      [Termination (ms): Min: 0.0, Avg: 0.0, Max: 0.0, Diff: 0.0, Sum: 0.0]
         [Termination Attempts: Min: 1, Avg: 1.0, Max: 1, Diff: 0, Sum: 4]
      [GC Worker Other (ms): Min: 0.0, Avg: 0.0, Max: 0.0, Diff: 0.0, Sum: 0.1]
      [GC Worker Total (ms): Min: 4.4, Avg: 4.5, Max: 4.5, Diff: 0.0, Sum: 17.8]
      [GC Worker End (ms): Min: 285689.9, Avg: 285689.9, Max: 285689.9, Diff: 0.0]
   [Code Root Fixup: 0.0 ms]
   [Code Root Purge: 0.0 ms]
   [Clear CT: 0.0 ms]
   [Other: 0.6 ms]
      [Choose CSet: 0.0 ms]
      [Ref Proc: 0.1 ms]
      [Ref Enq: 0.0 ms]
      [Redirty Cards: 0.0 ms]
      [Humongous Register: 0.0 ms]
      [Humongous Reclaim: 0.0 ms]
      [Free CSet: 0.1 ms]
   [Eden: 47.0M(47.0M)->0.0B(47.0M) Survivors: 7168.0K->7168.0K Heap: 910.0M(1096.0M)->872.0M(1096.0M)]
 [Times: user=0.00 sys=0.00, real=0.00 secs] 
2016-06-27T20:29:43.418+0300: 285.691: Total time for which application threads were stopped: 0.0126492 seconds, Stopping threads took: 0.0068339 seconds
2016-06-27T20:29:43.785+0300: 286.057: [GC pause (G1 Evacuation Pause) (young) (initial-mark)
Desired survivor size 3670016 bytes, new threshold 1 (max 15)
- age   1:    7138944 bytes,    7138944 total
, 0.0042282 secs]
   [Parallel Time: 3.6 ms, GC Workers: 4]
      [GC Worker Start (ms): Min: 286056.8, Avg: 286056.8, Max: 286056.8, Diff: 0.0]
      [Ext Root Scanning (ms): Min: 0.6, Avg: 0.6, Max: 0.7, Diff: 0.2, Sum: 2.4]
      [Update RS (ms): Min: 0.5, Avg: 0.7, Max: 0.8, Diff: 0.2, Sum: 2.7]
         [Processed Buffers: Min: 7, Avg: 12.5, Max: 18, Diff: 11, Sum: 50]
      [Scan RS (ms): Min: 0.0, Avg: 0.0, Max: 0.0, Diff: 0.0, Sum: 0.0]
      [Code Root Scanning (ms): Min: 0.0, Avg: 0.0, Max: 0.0, Diff: 0.0, Sum: 0.0]
      [Object Copy (ms): Min: 2.2, Avg: 2.3, Max: 2.3, Diff: 0.1, Sum: 9.1]
      [Termination (ms): Min: 0.0, Avg: 0.0, Max: 0.0, Diff: 0.0, Sum: 0.0]
         [Termination Attempts: Min: 1, Avg: 1.0, Max: 1, Diff: 0, Sum: 4]
      [GC Worker Other (ms): Min: 0.0, Avg: 0.0, Max: 0.0, Diff: 0.0, Sum: 0.1]
      [GC Worker Total (ms): Min: 3.6, Avg: 3.6, Max: 3.6, Diff: 0.0, Sum: 14.2]
      [GC Worker End (ms): Min: 286060.4, Avg: 286060.4, Max: 286060.4, Diff: 0.0]
   [Code Root Fixup: 0.0 ms]
   [Code Root Purge: 0.0 ms]
   [Clear CT: 0.0 ms]
   [Other: 0.6 ms]
      [Choose CSet: 0.0 ms]
      [Ref Proc: 0.1 ms]
      [Ref Enq: 0.0 ms]
      [Redirty Cards: 0.0 ms]
      [Humongous Register: 0.0 ms]
      [Humongous Reclaim: 0.0 ms]
      [Free CSet: 0.0 ms]
   [Eden: 47.0M(47.0M)->0.0B(88.0M) Survivors: 7168.0K->7168.0K Heap: 919.0M(1096.0M)->882.0M(1096.0M)]
 [Times: user=0.06 sys=0.00, real=0.00 secs] 
2016-06-27T20:29:43.789+0300: 286.061: [GC concurrent-root-region-scan-start]
2016-06-27T20:29:43.789+0300: 286.061: Total time for which application threads were stopped: 0.0079142 seconds, Stopping threads took: 0.0029440 seconds
2016-06-27T20:29:43.790+0300: 286.062: [GC concurrent-root-region-scan-end, 0.0006629 secs]
2016-06-27T20:29:43.790+0300: 286.062: [GC concurrent-mark-start]
2016-06-27T20:29:43.874+0300: 286.146: [GC concurrent-mark-end, 0.0835910 secs]
2016-06-27T20:29:43.899+0300: 286.171: [GC remark 2016-06-27T20:29:43.899+0300: 286.171: [Finalize Marking, 0.0002844 secs] 2016-06-27T20:29:43.899+0300: 286.171: [GC ref-proc, 0.0001005 secs] 2016-06-27T20:29:43.899+0300: 286.171: [Unloading, 0.0018030 secs], 0.0058452 secs]
 [Times: user=0.00 sys=0.00, real=0.01 secs] 
2016-06-27T20:29:43.905+0300: 286.177: Total time for which application threads were stopped: 0.0093819 seconds, Stopping threads took: 0.0030098 seconds
2016-06-27T20:29:43.907+0300: 286.180: [GC cleanup 898M->898M(1096M), 0.0020848 secs]
 [Times: user=0.00 sys=0.00, real=0.00 secs] 
2016-06-27T20:29:43.910+0300: 286.182: Total time for which application threads were stopped: 0.0027413 seconds, Stopping threads took: 0.0000821 seconds
2016-06-27T20:29:43.915+0300: 286.187: Total time for which application threads were stopped: 0.0027152 seconds, Stopping threads took: 0.0000830 seconds
2016-06-27T20:29:43.918+0300: 286.190: Total time for which application threads were stopped: 0.0021284 seconds, Stopping threads took: 0.0000992 seconds
2016-06-27T20:29:43.920+0300: 286.192: Total time for which application threads were stopped: 0.0017008 seconds, Stopping threads took: 0.0000582 seconds
2016-06-27T20:29:44.491+0300: 286.763: [GC pause (G1 Evacuation Pause) (young)
Desired survivor size 6291456 bytes, new threshold 1 (max 15)
- age   1:    6759936 bytes,    6759936 total
, 0.0055826 secs]
   [Parallel Time: 5.0 ms, GC Workers: 4]
      [GC Worker Start (ms): Min: 286762.7, Avg: 286762.7, Max: 286762.7, Diff: 0.0]
      [Ext Root Scanning (ms): Min: 0.5, Avg: 0.5, Max: 0.6, Diff: 0.0, Sum: 2.2]
      [Update RS (ms): Min: 0.8, Avg: 0.9, Max: 1.0, Diff: 0.1, Sum: 3.7]
         [Processed Buffers: Min: 9, Avg: 11.3, Max: 15, Diff: 6, Sum: 45]
      [Scan RS (ms): Min: 0.0, Avg: 0.0, Max: 0.0, Diff: 0.0, Sum: 0.1]
      [Code Root Scanning (ms): Min: 0.0, Avg: 0.0, Max: 0.0, Diff: 0.0, Sum: 0.0]
      [Object Copy (ms): Min: 3.4, Avg: 3.4, Max: 3.5, Diff: 0.1, Sum: 13.6]
      [Termination (ms): Min: 0.0, Avg: 0.0, Max: 0.0, Diff: 0.0, Sum: 0.0]
         [Termination Attempts: Min: 1, Avg: 1.0, Max: 1, Diff: 0, Sum: 4]
      [GC Worker Other (ms): Min: 0.0, Avg: 0.0, Max: 0.0, Diff: 0.0, Sum: 0.1]
      [GC Worker Total (ms): Min: 4.9, Avg: 4.9, Max: 4.9, Diff: 0.0, Sum: 19.6]
      [GC Worker End (ms): Min: 286767.6, Avg: 286767.6, Max: 286767.6, Diff: 0.0]
   [Code Root Fixup: 0.0 ms]
   [Code Root Purge: 0.0 ms]
   [Clear CT: 0.0 ms]
   [Other: 0.6 ms]
      [Choose CSet: 0.0 ms]
      [Ref Proc: 0.0 ms]
      [Ref Enq: 0.0 ms]
      [Redirty Cards: 0.0 ms]
      [Humongous Register: 0.0 ms]
      [Humongous Reclaim: 0.0 ms]
      [Free CSet: 0.1 ms]
   [Eden: 88.0M(88.0M)->0.0B(42.0M) Survivors: 7168.0K->12.0M Heap: 970.0M(1096.0M)->897.0M(1096.0M)]
 [Times: user=0.00 sys=0.00, real=0.01 secs] 
2016-06-27T20:29:44.496+0300: 286.768: Total time for which application threads were stopped: 0.0104527 seconds, Stopping threads took: 0.0041517 seconds
2016-06-27T20:29:44.864+0300: 287.136: [GC pause (G1 Evacuation Pause) (mixed)
Desired survivor size 3670016 bytes, new threshold 1 (max 15)
- age   1:   12404704 bytes,   12404704 total
, 0.0210962 secs]
   [Parallel Time: 19.8 ms, GC Workers: 4]
      [GC Worker Start (ms): Min: 287136.6, Avg: 287136.6, Max: 287136.7, Diff: 0.1]
      [Ext Root Scanning (ms): Min: 0.6, Avg: 1.2, Max: 3.1, Diff: 2.5, Sum: 4.9]
      [Update RS (ms): Min: 0.0, Avg: 1.0, Max: 1.5, Diff: 1.5, Sum: 4.1]
         [Processed Buffers: Min: 0, Avg: 10.0, Max: 22, Diff: 22, Sum: 40]
      [Scan RS (ms): Min: 2.5, Avg: 3.3, Max: 3.6, Diff: 1.1, Sum: 13.1]
      [Code Root Scanning (ms): Min: 0.0, Avg: 0.0, Max: 0.1, Diff: 0.0, Sum: 0.1]
      [Object Copy (ms): Min: 14.1, Avg: 14.1, Max: 14.2, Diff: 0.0, Sum: 56.6]
      [Termination (ms): Min: 0.0, Avg: 0.0, Max: 0.0, Diff: 0.0, Sum: 0.0]
         [Termination Attempts: Min: 1, Avg: 3.8, Max: 8, Diff: 7, Sum: 15]
      [GC Worker Other (ms): Min: 0.0, Avg: 0.0, Max: 0.0, Diff: 0.0, Sum: 0.0]
      [GC Worker Total (ms): Min: 19.6, Avg: 19.7, Max: 19.7, Diff: 0.1, Sum: 78.9]
      [GC Worker End (ms): Min: 287156.3, Avg: 287156.3, Max: 287156.3, Diff: 0.0]
   [Code Root Fixup: 0.0 ms]
   [Code Root Purge: 0.0 ms]
   [Clear CT: 0.2 ms]
   [Other: 1.1 ms]
      [Choose CSet: 0.2 ms]
      [Ref Proc: 0.0 ms]
      [Ref Enq: 0.0 ms]
      [Redirty Cards: 0.0 ms]
      [Humongous Register: 0.0 ms]
      [Humongous Reclaim: 0.0 ms]
      [Free CSet: 0.5 ms]
   [Eden: 42.0M(42.0M)->0.0B(47.0M) Survivors: 12.0M->7168.0K Heap: 939.0M(1096.0M)->862.5M(1096.0M)]
 [Times: user=0.06 sys=0.00, real=0.02 secs] 
2016-06-27T20:29:44.885+0300: 287.158: Total time for which application threads were stopped: 0.0351361 seconds, Stopping threads took: 0.0133770 seconds
2016-06-27T20:29:44.914+0300: 287.187: Total time for which application threads were stopped: 0.0017183 seconds, Stopping threads took: 0.0000791 seconds
2016-06-27T20:29:45.262+0300: 287.534: [GC pause (G1 Evacuation Pause) (mixed)
Desired survivor size 3670016 bytes, new threshold 1 (max 15)
- age   1:    7175768 bytes,    7175768 total
, 0.0196238 secs]
   [Parallel Time: 18.6 ms, GC Workers: 4]
      [GC Worker Start (ms): Min: 287533.8, Avg: 287533.8, Max: 287533.8, Diff: 0.0]
      [Ext Root Scanning (ms): Min: 0.5, Avg: 0.6, Max: 0.6, Diff: 0.1, Sum: 2.3]
      [Update RS (ms): Min: 10.0, Avg: 10.2, Max: 10.4, Diff: 0.3, Sum: 40.9]
         [Processed Buffers: Min: 13, Avg: 17.8, Max: 23, Diff: 10, Sum: 71]
      [Scan RS (ms): Min: 1.6, Avg: 1.8, Max: 1.9, Diff: 0.2, Sum: 7.0]
      [Code Root Scanning (ms): Min: 0.0, Avg: 0.0, Max: 0.0, Diff: 0.0, Sum: 0.0]
      [Object Copy (ms): Min: 6.0, Avg: 6.0, Max: 6.0, Diff: 0.0, Sum: 24.0]
      [Termination (ms): Min: 0.0, Avg: 0.0, Max: 0.0, Diff: 0.0, Sum: 0.0]
         [Termination Attempts: Min: 1, Avg: 1.0, Max: 1, Diff: 0, Sum: 4]
      [GC Worker Other (ms): Min: 0.0, Avg: 0.0, Max: 0.0, Diff: 0.0, Sum: 0.1]
      [GC Worker Total (ms): Min: 18.6, Avg: 18.6, Max: 18.6, Diff: 0.0, Sum: 74.3]
      [GC Worker End (ms): Min: 287552.3, Avg: 287552.3, Max: 287552.3, Diff: 0.0]
   [Code Root Fixup: 0.0 ms]
   [Code Root Purge: 0.0 ms]
   [Clear CT: 0.2 ms]
   [Other: 0.8 ms]
      [Choose CSet: 0.1 ms]
      [Ref Proc: 0.0 ms]
      [Ref Enq: 0.0 ms]
      [Redirty Cards: 0.0 ms]
      [Humongous Register: 0.0 ms]
      [Humongous Reclaim: 0.0 ms]
      [Free CSet: 0.2 ms]
   [Eden: 47.0M(47.0M)->0.0B(47.0M) Survivors: 7168.0K->7168.0K Heap: 909.5M(1096.0M)->862.5M(1096.0M)]
 [Times: user=0.06 sys=0.00, real=0.02 secs] 
2016-06-27T20:29:45.281+0300: 287.553: Total time for which application threads were stopped: 0.0281927 seconds, Stopping threads took: 0.0078907 seconds
2016-06-27T20:29:45.678+0300: 287.950: [GC pause (G1 Evacuation Pause) (young)
Desired survivor size 3670016 bytes, new threshold 1 (max 15)
- age   1:    7172104 bytes,    7172104 total
, 0.0101859 secs]
   [Parallel Time: 9.5 ms, GC Workers: 4]
      [GC Worker Start (ms): Min: 287950.3, Avg: 287950.3, Max: 287950.3, Diff: 0.0]
      [Ext Root Scanning (ms): Min: 0.6, Avg: 0.6, Max: 0.6, Diff: 0.1, Sum: 2.4]
      [Update RS (ms): Min: 6.3, Avg: 6.6, Max: 7.3, Diff: 0.9, Sum: 26.5]
         [Processed Buffers: Min: 7, Avg: 14.8, Max: 25, Diff: 18, Sum: 59]
      [Scan RS (ms): Min: 0.0, Avg: 0.0, Max: 0.0, Diff: 0.0, Sum: 0.0]
      [Code Root Scanning (ms): Min: 0.0, Avg: 0.0, Max: 0.0, Diff: 0.0, Sum: 0.0]
      [Object Copy (ms): Min: 1.5, Avg: 2.2, Max: 2.5, Diff: 0.9, Sum: 8.8]
      [Termination (ms): Min: 0.0, Avg: 0.0, Max: 0.0, Diff: 0.0, Sum: 0.0]
         [Termination Attempts: Min: 1, Avg: 1.0, Max: 1, Diff: 0, Sum: 4]
      [GC Worker Other (ms): Min: 0.0, Avg: 0.0, Max: 0.0, Diff: 0.0, Sum: 0.0]
      [GC Worker Total (ms): Min: 9.4, Avg: 9.4, Max: 9.4, Diff: 0.0, Sum: 37.7]
      [GC Worker End (ms): Min: 287959.7, Avg: 287959.7, Max: 287959.7, Diff: 0.0]
   [Code Root Fixup: 0.0 ms]
   [Code Root Purge: 0.0 ms]
   [Clear CT: 0.0 ms]
   [Other: 0.7 ms]
      [Choose CSet: 0.0 ms]
      [Ref Proc: 0.0 ms]
      [Ref Enq: 0.0 ms]
      [Redirty Cards: 0.1 ms]
      [Humongous Register: 0.0 ms]
      [Humongous Reclaim: 0.0 ms]
      [Free CSet: 0.1 ms]
   [Eden: 47.0M(47.0M)->0.0B(98.0M) Survivors: 7168.0K->7168.0K Heap: 909.5M(1096.0M)->871.0M(1096.0M)]
 [Times: user=0.00 sys=0.00, real=0.01 secs] 
2016-06-27T20:29:45.688+0300: 287.960: Total time for which application threads were stopped: 0.0198094 seconds, Stopping threads took: 0.0089311 seconds
2016-06-27T20:29:45.922+0300: 288.194: Total time for which application threads were stopped: 0.0090218 seconds, Stopping threads took: 0.0073013 seconds
2016-06-27T20:29:46.533+0300: 288.805: [GC pause (G1 Evacuation Pause) (young) (initial-mark)
Desired survivor size 7340032 bytes, new threshold 15 (max 15)
- age   1:    7211472 bytes,    7211472 total
, 0.0061929 secs]
   [Parallel Time: 5.5 ms, GC Workers: 4]
      [GC Worker Start (ms): Min: 288805.2, Avg: 288805.2, Max: 288805.2, Diff: 0.0]
      [Ext Root Scanning (ms): Min: 0.5, Avg: 0.6, Max: 0.7, Diff: 0.2, Sum: 2.4]
      [Update RS (ms): Min: 1.1, Avg: 1.2, Max: 1.3, Diff: 0.2, Sum: 4.7]
         [Processed Buffers: Min: 9, Avg: 16.5, Max: 29, Diff: 20, Sum: 66]
      [Scan RS (ms): Min: 0.0, Avg: 0.0, Max: 0.0, Diff: 0.0, Sum: 0.1]
      [Code Root Scanning (ms): Min: 0.0, Avg: 0.0, Max: 0.0, Diff: 0.0, Sum: 0.0]
      [Object Copy (ms): Min: 3.6, Avg: 3.6, Max: 3.7, Diff: 0.1, Sum: 14.5]
      [Termination (ms): Min: 0.0, Avg: 0.0, Max: 0.0, Diff: 0.0, Sum: 0.0]
         [Termination Attempts: Min: 1, Avg: 1.0, Max: 1, Diff: 0, Sum: 4]
      [GC Worker Other (ms): Min: 0.0, Avg: 0.0, Max: 0.0, Diff: 0.0, Sum: 0.1]
      [GC Worker Total (ms): Min: 5.4, Avg: 5.4, Max: 5.5, Diff: 0.0, Sum: 21.8]
      [GC Worker End (ms): Min: 288810.6, Avg: 288810.6, Max: 288810.6, Diff: 0.0]
   [Code Root Fixup: 0.0 ms]
   [Code Root Purge: 0.0 ms]
   [Clear CT: 0.0 ms]
   [Other: 0.7 ms]
      [Choose CSet: 0.0 ms]
      [Ref Proc: 0.0 ms]
      [Ref Enq: 0.0 ms]
      [Redirty Cards: 0.0 ms]
      [Humongous Register: 0.0 ms]
      [Humongous Reclaim: 0.0 ms]
      [Free CSet: 0.1 ms]
   [Eden: 98.0M(98.0M)->0.0B(82.0M) Survivors: 7168.0K->14.0M Heap: 969.0M(1096.0M)->888.5M(1096.0M)]
 [Times: user=0.06 sys=0.00, real=0.01 secs] 
2016-06-27T20:29:46.539+0300: 288.811: [GC concurrent-root-region-scan-start]
2016-06-27T20:29:46.539+0300: 288.811: Total time for which application threads were stopped: 0.0167025 seconds, Stopping threads took: 0.0097518 seconds
2016-06-27T20:29:46.541+0300: 288.812: [GC concurrent-root-region-scan-end, 0.0011679 secs]
2016-06-27T20:29:46.541+0300: 288.812: [GC concurrent-mark-start]
2016-06-27T20:29:46.617+0300: 288.889: [GC concurrent-mark-end, 0.0768948 secs]
2016-06-27T20:29:46.642+0300: 288.914: [GC remark 2016-06-27T20:29:46.642+0300: 288.914: [Finalize Marking, 0.0002455 secs] 2016-06-27T20:29:46.642+0300: 288.914: [GC ref-proc, 0.0001142 secs] 2016-06-27T20:29:46.643+0300: 288.915: [Unloading, 0.0018342 secs], 0.0057190 secs]
 [Times: user=0.06 sys=0.00, real=0.01 secs] 
2016-06-27T20:29:46.648+0300: 288.920: Total time for which application threads were stopped: 0.0097698 seconds, Stopping threads took: 0.0035068 seconds
2016-06-27T20:29:46.649+0300: 288.921: [GC cleanup 903M->903M(1096M), 0.0021845 secs]
 [Times: user=0.00 sys=0.00, real=0.00 secs] 
2016-06-27T20:29:46.651+0300: 288.923: Total time for which application threads were stopped: 0.0028127 seconds, Stopping threads took: 0.0000526 seconds
2016-06-27T20:29:46.924+0300: 289.196: Total time for which application threads were stopped: 0.0100542 seconds, Stopping threads took: 0.0084800 seconds
2016-06-27T20:29:46.933+0300: 289.205: Total time for which application threads were stopped: 0.0006308 seconds, Stopping threads took: 0.0000727 seconds
2016-06-27T20:29:47.203+0300: 289.475: [GC pause (G1 Evacuation Pause) (young)
Desired survivor size 6291456 bytes, new threshold 1 (max 15)
- age   1:   10746656 bytes,   10746656 total
- age   2:    3676608 bytes,   14423264 total
, 0.0064794 secs]
   [Parallel Time: 5.8 ms, GC Workers: 4]
      [GC Worker Start (ms): Min: 289475.0, Avg: 289475.0, Max: 289475.0, Diff: 0.0]
      [Ext Root Scanning (ms): Min: 0.5, Avg: 0.6, Max: 0.6, Diff: 0.1, Sum: 2.3]
      [Update RS (ms): Min: 0.8, Avg: 0.9, Max: 0.9, Diff: 0.1, Sum: 3.6]
         [Processed Buffers: Min: 4, Avg: 16.5, Max: 36, Diff: 32, Sum: 66]
      [Scan RS (ms): Min: 0.0, Avg: 0.0, Max: 0.0, Diff: 0.0, Sum: 0.1]
      [Code Root Scanning (ms): Min: 0.0, Avg: 0.0, Max: 0.0, Diff: 0.0, Sum: 0.0]
      [Object Copy (ms): Min: 4.2, Avg: 4.3, Max: 4.4, Diff: 0.1, Sum: 17.2]
      [Termination (ms): Min: 0.0, Avg: 0.0, Max: 0.0, Diff: 0.0, Sum: 0.0]
         [Termination Attempts: Min: 1, Avg: 1.0, Max: 1, Diff: 0, Sum: 4]
      [GC Worker Other (ms): Min: 0.0, Avg: 0.0, Max: 0.0, Diff: 0.0, Sum: 0.1]
      [GC Worker Total (ms): Min: 5.8, Avg: 5.8, Max: 5.8, Diff: 0.0, Sum: 23.2]
      [GC Worker End (ms): Min: 289480.8, Avg: 289480.8, Max: 289480.8, Diff: 0.0]
   [Code Root Fixup: 0.0 ms]
   [Code Root Purge: 0.0 ms]
   [Clear CT: 0.0 ms]
   [Other: 0.6 ms]
      [Choose CSet: 0.0 ms]
      [Ref Proc: 0.0 ms]
      [Ref Enq: 0.0 ms]
      [Redirty Cards: 0.0 ms]
      [Humongous Register: 0.1 ms]
      [Humongous Reclaim: 0.0 ms]
      [Free CSet: 0.1 ms]
   [Eden: 82.0M(82.0M)->0.0B(42.0M) Survivors: 14.0M->12.0M Heap: 970.5M(1096.0M)->903.5M(1096.0M)]
 [Times: user=0.06 sys=0.00, real=0.01 secs] 
2016-06-27T20:29:47.210+0300: 289.481: Total time for which application threads were stopped: 0.0171382 seconds, Stopping threads took: 0.0099703 seconds
2016-06-27T20:29:47.536+0300: 289.808: [GC pause (G1 Evacuation Pause) (mixed)
Desired survivor size 3670016 bytes, new threshold 1 (max 15)
- age   1:   12394384 bytes,   12394384 total
, 0.0194621 secs]
   [Parallel Time: 18.0 ms, GC Workers: 4]
      [GC Worker Start (ms): Min: 289808.4, Avg: 289808.4, Max: 289808.4, Diff: 0.0]
      [Ext Root Scanning (ms): Min: 0.6, Avg: 0.6, Max: 0.7, Diff: 0.2, Sum: 2.4]
      [Update RS (ms): Min: 1.2, Avg: 1.3, Max: 1.4, Diff: 0.1, Sum: 5.1]
         [Processed Buffers: Min: 3, Avg: 10.3, Max: 21, Diff: 18, Sum: 41]
      [Scan RS (ms): Min: 2.8, Avg: 2.8, Max: 2.9, Diff: 0.1, Sum: 11.2]
      [Code Root Scanning (ms): Min: 0.0, Avg: 0.0, Max: 0.1, Diff: 0.1, Sum: 0.1]
      [Object Copy (ms): Min: 13.2, Avg: 13.3, Max: 13.3, Diff: 0.1, Sum: 53.1]
      [Termination (ms): Min: 0.0, Avg: 0.0, Max: 0.0, Diff: 0.0, Sum: 0.0]
         [Termination Attempts: Min: 1, Avg: 1.3, Max: 2, Diff: 1, Sum: 5]
      [GC Worker Other (ms): Min: 0.0, Avg: 0.0, Max: 0.0, Diff: 0.0, Sum: 0.1]
      [GC Worker Total (ms): Min: 18.0, Avg: 18.0, Max: 18.0, Diff: 0.0, Sum: 72.0]
      [GC Worker End (ms): Min: 289826.4, Avg: 289826.4, Max: 289826.4, Diff: 0.0]
   [Code Root Fixup: 0.0 ms]
   [Code Root Purge: 0.0 ms]
   [Clear CT: 0.2 ms]
   [Other: 1.2 ms]
      [Choose CSet: 0.2 ms]
      [Ref Proc: 0.1 ms]
      [Ref Enq: 0.0 ms]
      [Redirty Cards: 0.1 ms]
      [Humongous Register: 0.0 ms]
      [Humongous Reclaim: 0.0 ms]
      [Free CSet: 0.5 ms]
   [Eden: 42.0M(42.0M)->0.0B(47.0M) Survivors: 12.0M->7168.0K Heap: 945.5M(1096.0M)->863.5M(1096.0M)]
 [Times: user=0.06 sys=0.00, real=0.02 secs] 
2016-06-27T20:29:47.556+0300: 289.828: Total time for which application threads were stopped: 0.0252987 seconds, Stopping threads took: 0.0050279 seconds
2016-06-27T20:29:47.923+0300: 290.195: Total time for which application threads were stopped: 0.0093280 seconds, Stopping threads took: 0.0080224 seconds
2016-06-27T20:29:47.970+0300: 290.242: [GC pause (G1 Evacuation Pause) (mixed)
Desired survivor size 3670016 bytes, new threshold 1 (max 15)
- age   1:    7177944 bytes,    7177944 total
, 0.0293897 secs]
   [Parallel Time: 27.8 ms, GC Workers: 4]
      [GC Worker Start (ms): Min: 290242.4, Avg: 290242.5, Max: 290242.5, Diff: 0.0]
      [Ext Root Scanning (ms): Min: 0.5, Avg: 0.5, Max: 0.6, Diff: 0.2, Sum: 2.2]
      [Update RS (ms): Min: 8.6, Avg: 8.7, Max: 8.8, Diff: 0.3, Sum: 34.7]
         [Processed Buffers: Min: 14, Avg: 19.0, Max: 23, Diff: 9, Sum: 76]
      [Scan RS (ms): Min: 3.7, Avg: 3.9, Max: 4.0, Diff: 0.3, Sum: 15.6]
      [Code Root Scanning (ms): Min: 0.0, Avg: 0.0, Max: 0.1, Diff: 0.1, Sum: 0.2]
      [Object Copy (ms): Min: 14.5, Avg: 14.6, Max: 14.6, Diff: 0.0, Sum: 58.2]
      [Termination (ms): Min: 0.0, Avg: 0.0, Max: 0.0, Diff: 0.0, Sum: 0.0]
         [Termination Attempts: Min: 1, Avg: 1.0, Max: 1, Diff: 0, Sum: 4]
      [GC Worker Other (ms): Min: 0.0, Avg: 0.0, Max: 0.0, Diff: 0.0, Sum: 0.0]
      [GC Worker Total (ms): Min: 27.7, Avg: 27.7, Max: 27.8, Diff: 0.0, Sum: 111.0]
      [GC Worker End (ms): Min: 290270.2, Avg: 290270.2, Max: 290270.2, Diff: 0.0]
   [Code Root Fixup: 0.1 ms]
   [Code Root Purge: 0.0 ms]
   [Clear CT: 0.2 ms]
   [Other: 1.3 ms]
      [Choose CSet: 0.2 ms]
      [Ref Proc: 0.1 ms]
      [Ref Enq: 0.0 ms]
      [Redirty Cards: 0.0 ms]
      [Humongous Register: 0.0 ms]
      [Humongous Reclaim: 0.0 ms]
      [Free CSet: 0.6 ms]
   [Eden: 47.0M(47.0M)->0.0B(47.0M) Survivors: 7168.0K->7168.0K Heap: 910.5M(1096.0M)->833.5M(1096.0M)]
 [Times: user=0.13 sys=0.00, real=0.03 secs] 
2016-06-27T20:29:48.000+0300: 290.272: Total time for which application threads were stopped: 0.0302394 seconds, Stopping threads took: 0.0002728 seconds
2016-06-27T20:29:48.395+0300: 290.667: [GC pause (G1 Evacuation Pause) (mixed)
Desired survivor size 3670016 bytes, new threshold 1 (max 15)
- age   1:    7205640 bytes,    7205640 total
, 0.0255878 secs]
   [Parallel Time: 24.7 ms, GC Workers: 4]
      [GC Worker Start (ms): Min: 290667.0, Avg: 290667.1, Max: 290667.2, Diff: 0.2]
      [Ext Root Scanning (ms): Min: 0.7, Avg: 2.4, Max: 7.1, Diff: 6.3, Sum: 9.7]
      [Update RS (ms): Min: 13.1, Avg: 18.9, Max: 23.8, Diff: 10.7, Sum: 75.8]
         [Processed Buffers: Min: 15, Avg: 21.0, Max: 33, Diff: 18, Sum: 84]
      [Scan RS (ms): Min: 0.0, Avg: 0.1, Max: 0.3, Diff: 0.3, Sum: 0.6]
      [Code Root Scanning (ms): Min: 0.0, Avg: 0.0, Max: 0.0, Diff: 0.0, Sum: 0.0]
      [Object Copy (ms): Min: 0.2, Avg: 2.2, Max: 3.0, Diff: 2.8, Sum: 8.9]
      [Termination (ms): Min: 0.0, Avg: 0.9, Max: 1.2, Diff: 1.2, Sum: 3.6]
         [Termination Attempts: Min: 1, Avg: 2.8, Max: 4, Diff: 3, Sum: 11]
      [GC Worker Other (ms): Min: 0.0, Avg: 0.0, Max: 0.0, Diff: 0.0, Sum: 0.0]
      [GC Worker Total (ms): Min: 24.5, Avg: 24.6, Max: 24.7, Diff: 0.2, Sum: 98.6]
      [GC Worker End (ms): Min: 290691.7, Avg: 290691.7, Max: 290691.7, Diff: 0.0]
   [Code Root Fixup: 0.0 ms]
   [Code Root Purge: 0.0 ms]
   [Clear CT: 0.1 ms]
   [Other: 0.7 ms]
      [Choose CSet: 0.0 ms]
      [Ref Proc: 0.1 ms]
      [Ref Enq: 0.0 ms]
      [Redirty Cards: 0.1 ms]
      [Humongous Register: 0.0 ms]
      [Humongous Reclaim: 0.0 ms]
      [Free CSet: 0.1 ms]
   [Eden: 47.0M(47.0M)->0.0B(47.0M) Survivors: 7168.0K->7168.0K Heap: 880.5M(1096.0M)->842.5M(1096.0M)]
 [Times: user=0.08 sys=0.00, real=0.03 secs] 
2016-06-27T20:29:48.420+0300: 290.693: Total time for which application threads were stopped: 0.0373565 seconds, Stopping threads took: 0.0110514 seconds
2016-06-27T20:29:48.816+0300: 291.088: [GC pause (G1 Evacuation Pause) (young)
Desired survivor size 3670016 bytes, new threshold 1 (max 15)
- age   1:    7004896 bytes,    7004896 total
, 0.0048688 secs]
   [Parallel Time: 4.1 ms, GC Workers: 4]
      [GC Worker Start (ms): Min: 291087.9, Avg: 291087.9, Max: 291087.9, Diff: 0.0]
      [Ext Root Scanning (ms): Min: 0.5, Avg: 0.6, Max: 0.6, Diff: 0.1, Sum: 2.3]
      [Update RS (ms): Min: 1.1, Avg: 1.3, Max: 1.4, Diff: 0.3, Sum: 5.1]
         [Processed Buffers: Min: 2, Avg: 9.5, Max: 23, Diff: 21, Sum: 38]
      [Scan RS (ms): Min: 0.0, Avg: 0.0, Max: 0.0, Diff: 0.0, Sum: 0.0]
      [Code Root Scanning (ms): Min: 0.0, Avg: 0.0, Max: 0.0, Diff: 0.0, Sum: 0.0]
      [Object Copy (ms): Min: 2.1, Avg: 2.2, Max: 2.3, Diff: 0.2, Sum: 8.9]
      [Termination (ms): Min: 0.0, Avg: 0.0, Max: 0.0, Diff: 0.0, Sum: 0.0]
         [Termination Attempts: Min: 1, Avg: 1.0, Max: 1, Diff: 0, Sum: 4]
      [GC Worker Other (ms): Min: 0.0, Avg: 0.0, Max: 0.0, Diff: 0.0, Sum: 0.1]
      [GC Worker Total (ms): Min: 4.1, Avg: 4.1, Max: 4.1, Diff: 0.0, Sum: 16.4]
      [GC Worker End (ms): Min: 291092.0, Avg: 291092.0, Max: 291092.0, Diff: 0.0]
   [Code Root Fixup: 0.0 ms]
   [Code Root Purge: 0.0 ms]
   [Clear CT: 0.0 ms]
   [Other: 0.7 ms]
      [Choose CSet: 0.0 ms]
      [Ref Proc: 0.1 ms]
      [Ref Enq: 0.0 ms]
      [Redirty Cards: 0.0 ms]
      [Humongous Register: 0.0 ms]
      [Humongous Reclaim: 0.0 ms]
      [Free CSet: 0.1 ms]
   [Eden: 47.0M(47.0M)->0.0B(47.0M) Survivors: 7168.0K->7168.0K Heap: 889.5M(1096.0M)->851.0M(1096.0M)]
 [Times: user=0.06 sys=0.00, real=0.01 secs] 
2016-06-27T20:29:48.821+0300: 291.093: Total time for which application threads were stopped: 0.0071624 seconds, Stopping threads took: 0.0016670 seconds
2016-06-27T20:29:49.228+0300: 291.501: [GC pause (G1 Evacuation Pause) (young) (initial-mark)
Desired survivor size 3670016 bytes, new threshold 1 (max 15)
- age   1:    7137240 bytes,    7137240 total
, 0.0044472 secs]
   [Parallel Time: 3.8 ms, GC Workers: 4]
      [GC Worker Start (ms): Min: 291500.8, Avg: 291500.8, Max: 291500.8, Diff: 0.0]
      [Ext Root Scanning (ms): Min: 0.5, Avg: 0.6, Max: 0.7, Diff: 0.2, Sum: 2.4]
      [Update RS (ms): Min: 0.7, Avg: 0.8, Max: 0.9, Diff: 0.2, Sum: 3.2]
         [Processed Buffers: Min: 2, Avg: 12.0, Max: 18, Diff: 16, Sum: 48]
      [Scan RS (ms): Min: 0.0, Avg: 0.0, Max: 0.0, Diff: 0.0, Sum: 0.1]
      [Code Root Scanning (ms): Min: 0.0, Avg: 0.0, Max: 0.0, Diff: 0.0, Sum: 0.0]
      [Object Copy (ms): Min: 2.3, Avg: 2.3, Max: 2.3, Diff: 0.1, Sum: 9.3]
      [Termination (ms): Min: 0.0, Avg: 0.0, Max: 0.0, Diff: 0.0, Sum: 0.0]
         [Termination Attempts: Min: 1, Avg: 1.0, Max: 1, Diff: 0, Sum: 4]
      [GC Worker Other (ms): Min: 0.0, Avg: 0.0, Max: 0.0, Diff: 0.0, Sum: 0.1]
      [GC Worker Total (ms): Min: 3.7, Avg: 3.7, Max: 3.7, Diff: 0.0, Sum: 15.0]
      [GC Worker End (ms): Min: 291504.5, Avg: 291504.5, Max: 291504.5, Diff: 0.0]
   [Code Root Fixup: 0.0 ms]
   [Code Root Purge: 0.0 ms]
   [Clear CT: 0.0 ms]
   [Other: 0.6 ms]
      [Choose CSet: 0.0 ms]
      [Ref Proc: 0.0 ms]
      [Ref Enq: 0.0 ms]
      [Redirty Cards: 0.1 ms]
      [Humongous Register: 0.0 ms]
      [Humongous Reclaim: 0.0 ms]
      [Free CSet: 0.1 ms]
   [Eden: 47.0M(47.0M)->0.0B(105.0M) Survivors: 7168.0K->7168.0K Heap: 898.0M(1096.0M)->860.0M(1096.0M)]
 [Times: user=0.00 sys=0.00, real=0.01 secs] 
2016-06-27T20:29:49.233+0300: 291.505: [GC concurrent-root-region-scan-start]
2016-06-27T20:29:49.233+0300: 291.505: Total time for which application threads were stopped: 0.0111977 seconds, Stopping threads took: 0.0061026 seconds
2016-06-27T20:29:49.233+0300: 291.506: [GC concurrent-root-region-scan-end, 0.0005957 secs]
2016-06-27T20:29:49.233+0300: 291.506: [GC concurrent-mark-start]
2016-06-27T20:29:49.311+0300: 291.583: [GC concurrent-mark-end, 0.0766104 secs]
2016-06-27T20:29:49.325+0300: 291.597: [GC remark 2016-06-27T20:29:49.325+0300: 291.597: [Finalize Marking, 0.0001604 secs] 2016-06-27T20:29:49.325+0300: 291.597: [GC ref-proc, 0.0001073 secs] 2016-06-27T20:29:49.325+0300: 291.597: [Unloading, 0.0017093 secs], 0.0054351 secs]
 [Times: user=0.00 sys=0.00, real=0.00 secs] 
2016-06-27T20:29:49.330+0300: 291.602: Total time for which application threads were stopped: 0.0129434 seconds, Stopping threads took: 0.0071435 seconds
2016-06-27T20:29:49.373+0300: 291.645: [GC cleanup 878M->877M(1096M), 0.0021806 secs]
 [Times: user=0.00 sys=0.00, real=0.00 secs] 
2016-06-27T20:29:49.376+0300: 291.648: Total time for which application threads were stopped: 0.0028490 seconds, Stopping threads took: 0.0002450 seconds
2016-06-27T20:29:49.376+0300: 291.648: [GC concurrent-cleanup-start]
2016-06-27T20:29:49.376+0300: 291.648: [GC concurrent-cleanup-end, 0.0000235 secs]
2016-06-27T20:29:49.917+0300: 292.190: Total time for which application threads were stopped: 0.0035666 seconds, Stopping threads took: 0.0023483 seconds
2016-06-27T20:29:50.086+0300: 292.358: [GC pause (G1 Evacuation Pause) (young)
Desired survivor size 7340032 bytes, new threshold 15 (max 15)
- age   1:    7139848 bytes,    7139848 total
, 0.0062549 secs]
   [Parallel Time: 5.6 ms, GC Workers: 4]
      [GC Worker Start (ms): Min: 292357.8, Avg: 292357.8, Max: 292357.9, Diff: 0.0]
      [Ext Root Scanning (ms): Min: 0.4, Avg: 0.5, Max: 0.7, Diff: 0.2, Sum: 2.1]
      [Update RS (ms): Min: 0.7, Avg: 0.9, Max: 1.1, Diff: 0.3, Sum: 3.5]
         [Processed Buffers: Min: 7, Avg: 18.3, Max: 35, Diff: 28, Sum: 73]
      [Scan RS (ms): Min: 0.0, Avg: 0.0, Max: 0.0, Diff: 0.0, Sum: 0.1]
      [Code Root Scanning (ms): Min: 0.0, Avg: 0.0, Max: 0.0, Diff: 0.0, Sum: 0.0]
      [Object Copy (ms): Min: 4.0, Avg: 4.1, Max: 4.2, Diff: 0.2, Sum: 16.4]
      [Termination (ms): Min: 0.0, Avg: 0.0, Max: 0.0, Diff: 0.0, Sum: 0.0]
         [Termination Attempts: Min: 1, Avg: 1.0, Max: 1, Diff: 0, Sum: 4]
      [GC Worker Other (ms): Min: 0.0, Avg: 0.0, Max: 0.0, Diff: 0.0, Sum: 0.1]
      [GC Worker Total (ms): Min: 5.5, Avg: 5.5, Max: 5.6, Diff: 0.0, Sum: 22.2]
      [GC Worker End (ms): Min: 292363.4, Avg: 292363.4, Max: 292363.4, Diff: 0.0]
   [Code Root Fixup: 0.0 ms]
   [Code Root Purge: 0.0 ms]
   [Clear CT: 0.0 ms]
   [Other: 0.6 ms]
      [Choose CSet: 0.0 ms]
      [Ref Proc: 0.1 ms]
      [Ref Enq: 0.0 ms]
      [Redirty Cards: 0.1 ms]
      [Humongous Register: 0.0 ms]
      [Humongous Reclaim: 0.0 ms]
      [Free CSet: 0.1 ms]
   [Eden: 105.0M(105.0M)->0.0B(40.0M) Survivors: 7168.0K->14.0M Heap: 964.0M(1096.0M)->878.0M(1096.0M)]
 [Times: user=0.00 sys=0.00, real=0.01 secs] 
2016-06-27T20:29:50.092+0300: 292.364: Total time for which application threads were stopped: 0.0077328 seconds, Stopping threads took: 0.0009028 seconds
2016-06-27T20:29:50.422+0300: 292.694: [GC pause (G1 Evacuation Pause) (mixed)
Desired survivor size 3670016 bytes, new threshold 1 (max 15)
- age   1:   12291408 bytes,   12291408 total
- age   2:    2121032 bytes,   14412440 total
, 0.0208631 secs]
   [Parallel Time: 19.4 ms, GC Workers: 4]
      [GC Worker Start (ms): Min: 292694.4, Avg: 292694.4, Max: 292694.4, Diff: 0.0]
      [Ext Root Scanning (ms): Min: 0.6, Avg: 0.9, Max: 1.9, Diff: 1.4, Sum: 3.7]
      [Update RS (ms): Min: 0.4, Avg: 1.3, Max: 2.0, Diff: 1.6, Sum: 5.1]
         [Processed Buffers: Min: 3, Avg: 7.8, Max: 14, Diff: 11, Sum: 31]
      [Scan RS (ms): Min: 2.5, Avg: 2.9, Max: 3.2, Diff: 0.7, Sum: 11.7]
      [Code Root Scanning (ms): Min: 0.0, Avg: 0.0, Max: 0.1, Diff: 0.1, Sum: 0.2]
      [Object Copy (ms): Min: 14.1, Avg: 14.2, Max: 14.3, Diff: 0.1, Sum: 56.8]
      [Termination (ms): Min: 0.0, Avg: 0.0, Max: 0.0, Diff: 0.0, Sum: 0.0]
         [Termination Attempts: Min: 1, Avg: 1.0, Max: 1, Diff: 0, Sum: 4]
      [GC Worker Other (ms): Min: 0.0, Avg: 0.0, Max: 0.0, Diff: 0.0, Sum: 0.1]
      [GC Worker Total (ms): Min: 19.4, Avg: 19.4, Max: 19.4, Diff: 0.0, Sum: 77.5]
      [GC Worker End (ms): Min: 292713.8, Avg: 292713.8, Max: 292713.8, Diff: 0.0]
   [Code Root Fixup: 0.1 ms]
   [Code Root Purge: 0.0 ms]
   [Clear CT: 0.3 ms]
   [Other: 1.1 ms]
      [Choose CSet: 0.2 ms]
      [Ref Proc: 0.1 ms]
      [Ref Enq: 0.0 ms]
      [Redirty Cards: 0.0 ms]
      [Humongous Register: 0.0 ms]
      [Humongous Reclaim: 0.0 ms]
      [Free CSet: 0.5 ms]
   [Eden: 40.0M(40.0M)->0.0B(47.0M) Survivors: 14.0M->7168.0K Heap: 918.0M(1096.0M)->841.5M(1096.0M)]
 [Times: user=0.06 sys=0.02, real=0.02 secs] 
2016-06-27T20:29:50.443+0300: 292.715: Total time for which application threads were stopped: 0.0229347 seconds, Stopping threads took: 0.0014784 seconds
2016-06-27T20:29:50.854+0300: 293.126: [GC pause (G1 Evacuation Pause) (mixed)
Desired survivor size 3670016 bytes, new threshold 1 (max 15)
- age   1:    6878768 bytes,    6878768 total
, 0.0278052 secs]
   [Parallel Time: 26.3 ms, GC Workers: 4]
      [GC Worker Start (ms): Min: 293126.7, Avg: 293126.7, Max: 293126.7, Diff: 0.0]
      [Ext Root Scanning (ms): Min: 0.5, Avg: 0.6, Max: 0.6, Diff: 0.0, Sum: 2.2]
      [Update RS (ms): Min: 8.3, Avg: 8.3, Max: 8.4, Diff: 0.1, Sum: 33.3]
         [Processed Buffers: Min: 11, Avg: 17.0, Max: 25, Diff: 14, Sum: 68]
      [Scan RS (ms): Min: 3.9, Avg: 4.0, Max: 4.1, Diff: 0.2, Sum: 16.1]
      [Code Root Scanning (ms): Min: 0.0, Avg: 0.1, Max: 0.2, Diff: 0.2, Sum: 0.2]
      [Object Copy (ms): Min: 13.3, Avg: 13.3, Max: 13.3, Diff: 0.0, Sum: 53.2]
      [Termination (ms): Min: 0.0, Avg: 0.0, Max: 0.0, Diff: 0.0, Sum: 0.0]
         [Termination Attempts: Min: 1, Avg: 1.8, Max: 3, Diff: 2, Sum: 7]
      [GC Worker Other (ms): Min: 0.0, Avg: 0.0, Max: 0.0, Diff: 0.0, Sum: 0.1]
      [GC Worker Total (ms): Min: 26.3, Avg: 26.3, Max: 26.3, Diff: 0.0, Sum: 105.1]
      [GC Worker End (ms): Min: 293153.0, Avg: 293153.0, Max: 293153.0, Diff: 0.0]
   [Code Root Fixup: 0.1 ms]
   [Code Root Purge: 0.0 ms]
   [Clear CT: 0.2 ms]
   [Other: 1.2 ms]
      [Choose CSet: 0.2 ms]
      [Ref Proc: 0.0 ms]
      [Ref Enq: 0.0 ms]
      [Redirty Cards: 0.1 ms]
      [Humongous Register: 0.0 ms]
      [Humongous Reclaim: 0.0 ms]
      [Free CSet: 0.5 ms]
   [Eden: 47.0M(47.0M)->0.0B(47.0M) Survivors: 7168.0K->7168.0K Heap: 888.5M(1096.0M)->818.5M(1096.0M)]
 [Times: user=0.13 sys=0.00, real=0.03 secs] 
2016-06-27T20:29:50.882+0300: 293.154: Total time for which application threads were stopped: 0.0316699 seconds, Stopping threads took: 0.0032284 seconds
2016-06-27T20:29:51.286+0300: 293.558: [GC pause (G1 Evacuation Pause) (young)
Desired survivor size 3670016 bytes, new threshold 1 (max 15)
- age   1:    7188816 bytes,    7188816 total
, 0.0141357 secs]
   [Parallel Time: 13.5 ms, GC Workers: 4]
      [GC Worker Start (ms): Min: 293558.8, Avg: 293558.8, Max: 293558.8, Diff: 0.0]
      [Ext Root Scanning (ms): Min: 0.5, Avg: 0.6, Max: 0.6, Diff: 0.0, Sum: 2.2]
      [Update RS (ms): Min: 10.5, Avg: 10.6, Max: 11.2, Diff: 0.7, Sum: 42.6]
         [Processed Buffers: Min: 12, Avg: 21.0, Max: 28, Diff: 16, Sum: 84]
      [Scan RS (ms): Min: 0.0, Avg: 0.0, Max: 0.0, Diff: 0.0, Sum: 0.0]
      [Code Root Scanning (ms): Min: 0.0, Avg: 0.0, Max: 0.0, Diff: 0.0, Sum: 0.0]
      [Object Copy (ms): Min: 1.6, Avg: 2.2, Max: 2.4, Diff: 0.8, Sum: 8.7]
      [Termination (ms): Min: 0.0, Avg: 0.0, Max: 0.0, Diff: 0.0, Sum: 0.0]
         [Termination Attempts: Min: 1, Avg: 1.0, Max: 1, Diff: 0, Sum: 4]
      [GC Worker Other (ms): Min: 0.0, Avg: 0.0, Max: 0.0, Diff: 0.0, Sum: 0.1]
      [GC Worker Total (ms): Min: 13.4, Avg: 13.4, Max: 13.4, Diff: 0.0, Sum: 53.7]
      [GC Worker End (ms): Min: 293572.2, Avg: 293572.2, Max: 293572.2, Diff: 0.0]
   [Code Root Fixup: 0.0 ms]
   [Code Root Purge: 0.0 ms]
   [Clear CT: 0.0 ms]
   [Other: 0.6 ms]
      [Choose CSet: 0.0 ms]
      [Ref Proc: 0.1 ms]
      [Ref Enq: 0.0 ms]
      [Redirty Cards: 0.0 ms]
      [Humongous Register: 0.0 ms]
      [Humongous Reclaim: 0.0 ms]
      [Free CSet: 0.1 ms]
   [Eden: 47.0M(47.0M)->0.0B(47.0M) Survivors: 7168.0K->7168.0K Heap: 865.5M(1096.0M)->828.5M(1096.0M)]
 [Times: user=0.00 sys=0.00, real=0.02 secs] 
2016-06-27T20:29:51.301+0300: 293.573: Total time for which application threads were stopped: 0.0159066 seconds, Stopping threads took: 0.0010392 seconds
2016-06-27T20:29:51.672+0300: 293.944: [GC pause (G1 Evacuation Pause) (young) (initial-mark)
Desired survivor size 3670016 bytes, new threshold 1 (max 15)
- age   1:    7026544 bytes,    7026544 total
, 0.0045575 secs]
   [Parallel Time: 3.8 ms, GC Workers: 4]
      [GC Worker Start (ms): Min: 293944.0, Avg: 293944.0, Max: 293944.0, Diff: 0.0]
      [Ext Root Scanning (ms): Min: 0.6, Avg: 0.7, Max: 0.8, Diff: 0.1, Sum: 2.7]
      [Update RS (ms): Min: 0.5, Avg: 0.6, Max: 0.8, Diff: 0.3, Sum: 2.6]
         [Processed Buffers: Min: 2, Avg: 10.8, Max: 16, Diff: 14, Sum: 43]
      [Scan RS (ms): Min: 0.0, Avg: 0.0, Max: 0.0, Diff: 0.0, Sum: 0.0]
      [Code Root Scanning (ms): Min: 0.0, Avg: 0.0, Max: 0.0, Diff: 0.0, Sum: 0.0]
      [Object Copy (ms): Min: 2.3, Avg: 2.4, Max: 2.4, Diff: 0.2, Sum: 9.4]
      [Termination (ms): Min: 0.0, Avg: 0.0, Max: 0.0, Diff: 0.0, Sum: 0.0]
         [Termination Attempts: Min: 1, Avg: 1.0, Max: 1, Diff: 0, Sum: 4]
      [GC Worker Other (ms): Min: 0.0, Avg: 0.0, Max: 0.0, Diff: 0.0, Sum: 0.0]
      [GC Worker Total (ms): Min: 3.7, Avg: 3.7, Max: 3.7, Diff: 0.0, Sum: 14.9]
      [GC Worker End (ms): Min: 293947.7, Avg: 293947.7, Max: 293947.7, Diff: 0.0]
   [Code Root Fixup: 0.0 ms]
   [Code Root Purge: 0.0 ms]
   [Clear CT: 0.0 ms]
   [Other: 0.7 ms]
      [Choose CSet: 0.0 ms]
      [Ref Proc: 0.1 ms]
      [Ref Enq: 0.0 ms]
      [Redirty Cards: 0.0 ms]
      [Humongous Register: 0.0 ms]
      [Humongous Reclaim: 0.0 ms]
      [Free CSet: 0.1 ms]
   [Eden: 47.0M(47.0M)->0.0B(125.0M) Survivors: 7168.0K->7168.0K Heap: 875.5M(1096.0M)->837.5M(1096.0M)]
 [Times: user=0.00 sys=0.00, real=0.00 secs] 
2016-06-27T20:29:51.676+0300: 293.948: [GC concurrent-root-region-scan-start]
2016-06-27T20:29:51.676+0300: 293.948: Total time for which application threads were stopped: 0.0098579 seconds, Stopping threads took: 0.0045883 seconds
2016-06-27T20:29:51.677+0300: 293.949: [GC concurrent-root-region-scan-end, 0.0010272 secs]
2016-06-27T20:29:51.677+0300: 293.949: [GC concurrent-mark-start]
2016-06-27T20:29:51.750+0300: 294.022: [GC concurrent-mark-end, 0.0723386 secs]
2016-06-27T20:29:51.775+0300: 294.047: [GC remark 2016-06-27T20:29:51.775+0300: 294.047: [Finalize Marking, 0.0002284 secs] 2016-06-27T20:29:51.775+0300: 294.047: [GC ref-proc, 0.0001031 secs] 2016-06-27T20:29:51.775+0300: 294.047: [Unloading, 0.0030381 secs], 0.0068951 secs]
 [Times: user=0.00 sys=0.00, real=0.01 secs] 
2016-06-27T20:29:51.782+0300: 294.054: Total time for which application threads were stopped: 0.0101200 seconds, Stopping threads took: 0.0026959 seconds
2016-06-27T20:29:51.785+0300: 294.057: [GC cleanup 851M->851M(1096M), 0.0020908 secs]
 [Times: user=0.06 sys=0.00, real=0.00 secs] 
2016-06-27T20:29:51.787+0300: 294.059: Total time for which application threads were stopped: 0.0027614 seconds, Stopping threads took: 0.0000949 seconds
2016-06-27T20:29:51.920+0300: 294.192: Total time for which application threads were stopped: 0.0051028 seconds, Stopping threads took: 0.0035482 seconds
2016-06-27T20:29:52.716+0300: 294.989: [GC pause (G1 Evacuation Pause) (young)
Desired survivor size 8912896 bytes, new threshold 15 (max 15)
- age   1:    7198304 bytes,    7198304 total
, 0.0068361 secs]
   [Parallel Time: 6.2 ms, GC Workers: 4]
      [GC Worker Start (ms): Min: 294988.9, Avg: 294988.9, Max: 294988.9, Diff: 0.0]
      [Ext Root Scanning (ms): Min: 0.5, Avg: 0.6, Max: 0.7, Diff: 0.2, Sum: 2.3]
      [Update RS (ms): Min: 0.9, Avg: 0.9, Max: 1.0, Diff: 0.1, Sum: 3.7]
         [Processed Buffers: Min: 8, Avg: 20.0, Max: 26, Diff: 18, Sum: 80]
      [Scan RS (ms): Min: 0.0, Avg: 0.0, Max: 0.0, Diff: 0.0, Sum: 0.1]
      [Code Root Scanning (ms): Min: 0.0, Avg: 0.0, Max: 0.0, Diff: 0.0, Sum: 0.0]
      [Object Copy (ms): Min: 4.5, Avg: 4.6, Max: 4.7, Diff: 0.1, Sum: 18.4]
      [Termination (ms): Min: 0.0, Avg: 0.0, Max: 0.0, Diff: 0.0, Sum: 0.0]
         [Termination Attempts: Min: 1, Avg: 1.0, Max: 1, Diff: 0, Sum: 4]
      [GC Worker Other (ms): Min: 0.0, Avg: 0.0, Max: 0.0, Diff: 0.0, Sum: 0.1]
      [GC Worker Total (ms): Min: 6.1, Avg: 6.1, Max: 6.1, Diff: 0.0, Sum: 24.5]
      [GC Worker End (ms): Min: 294995.1, Avg: 294995.1, Max: 294995.1, Diff: 0.0]
   [Code Root Fixup: 0.0 ms]
   [Code Root Purge: 0.0 ms]
   [Clear CT: 0.0 ms]
   [Other: 0.6 ms]
      [Choose CSet: 0.0 ms]
      [Ref Proc: 0.1 ms]
      [Ref Enq: 0.0 ms]
      [Redirty Cards: 0.0 ms]
      [Humongous Register: 0.0 ms]
      [Humongous Reclaim: 0.0 ms]
      [Free CSet: 0.1 ms]
   [Eden: 125.0M(125.0M)->0.0B(37.0M) Survivors: 7168.0K->17.0M Heap: 962.5M(1096.0M)->860.0M(1096.0M)]
 [Times: user=0.02 sys=0.00, real=0.01 secs] 
2016-06-27T20:29:52.723+0300: 294.996: Total time for which application threads were stopped: 0.0144453 seconds, Stopping threads took: 0.0068690 seconds
2016-06-27T20:29:53.047+0300: 295.319: [GC pause (G1 Evacuation Pause) (mixed)
Desired survivor size 3670016 bytes, new threshold 1 (max 15)
- age   1:   14929752 bytes,   14929752 total
- age   2:    2561472 bytes,   17491224 total
, 0.0207271 secs]
   [Parallel Time: 19.4 ms, GC Workers: 4]
      [GC Worker Start (ms): Min: 295319.6, Avg: 295319.6, Max: 295319.6, Diff: 0.0]
      [Ext Root Scanning (ms): Min: 0.6, Avg: 0.6, Max: 0.6, Diff: 0.0, Sum: 2.3]
      [Update RS (ms): Min: 1.1, Avg: 1.2, Max: 1.3, Diff: 0.1, Sum: 4.8]
         [Processed Buffers: Min: 3, Avg: 11.5, Max: 28, Diff: 25, Sum: 46]
      [Scan RS (ms): Min: 3.0, Avg: 3.1, Max: 3.3, Diff: 0.2, Sum: 12.6]
      [Code Root Scanning (ms): Min: 0.0, Avg: 0.1, Max: 0.2, Diff: 0.2, Sum: 0.2]
      [Object Copy (ms): Min: 14.3, Avg: 14.4, Max: 14.4, Diff: 0.1, Sum: 57.4]
      [Termination (ms): Min: 0.0, Avg: 0.0, Max: 0.0, Diff: 0.0, Sum: 0.0]
         [Termination Attempts: Min: 1, Avg: 1.3, Max: 2, Diff: 1, Sum: 5]
      [GC Worker Other (ms): Min: 0.0, Avg: 0.0, Max: 0.0, Diff: 0.0, Sum: 0.1]
      [GC Worker Total (ms): Min: 19.3, Avg: 19.3, Max: 19.3, Diff: 0.0, Sum: 77.4]
      [GC Worker End (ms): Min: 295338.9, Avg: 295338.9, Max: 295338.9, Diff: 0.0]
   [Code Root Fixup: 0.1 ms]
   [Code Root Purge: 0.0 ms]
   [Clear CT: 0.2 ms]
   [Other: 1.1 ms]
      [Choose CSet: 0.2 ms]
      [Ref Proc: 0.0 ms]
      [Ref Enq: 0.0 ms]
      [Redirty Cards: 0.0 ms]
      [Humongous Register: 0.0 ms]
      [Humongous Reclaim: 0.0 ms]
      [Free CSet: 0.4 ms]
   [Eden: 37.0M(37.0M)->0.0B(47.0M) Survivors: 17.0M->7168.0K Heap: 897.0M(1096.0M)->831.5M(1096.0M)]
 [Times: user=0.11 sys=0.00, real=0.02 secs] 
2016-06-27T20:29:53.068+0300: 295.340: Total time for which application threads were stopped: 0.0284677 seconds, Stopping threads took: 0.0069596 seconds
2016-06-27T20:29:53.468+0300: 295.740: [GC pause (G1 Evacuation Pause) (young)
Desired survivor size 3670016 bytes, new threshold 1 (max 15)
- age   1:    6683368 bytes,    6683368 total
, 0.0142623 secs]
   [Parallel Time: 13.7 ms, GC Workers: 4]
      [GC Worker Start (ms): Min: 295740.2, Avg: 295740.3, Max: 295740.3, Diff: 0.0]
      [Ext Root Scanning (ms): Min: 0.5, Avg: 0.6, Max: 0.6, Diff: 0.1, Sum: 2.3]
      [Update RS (ms): Min: 10.7, Avg: 10.8, Max: 10.8, Diff: 0.1, Sum: 43.1]
         [Processed Buffers: Min: 17, Avg: 21.3, Max: 26, Diff: 9, Sum: 85]
      [Scan RS (ms): Min: 0.0, Avg: 0.0, Max: 0.0, Diff: 0.0, Sum: 0.0]
      [Code Root Scanning (ms): Min: 0.0, Avg: 0.0, Max: 0.0, Diff: 0.0, Sum: 0.0]
      [Object Copy (ms): Min: 2.2, Avg: 2.3, Max: 2.4, Diff: 0.2, Sum: 9.2]
      [Termination (ms): Min: 0.0, Avg: 0.0, Max: 0.0, Diff: 0.0, Sum: 0.0]
         [Termination Attempts: Min: 1, Avg: 1.0, Max: 1, Diff: 0, Sum: 4]
      [GC Worker Other (ms): Min: 0.0, Avg: 0.0, Max: 0.0, Diff: 0.0, Sum: 0.1]
      [GC Worker Total (ms): Min: 13.7, Avg: 13.7, Max: 13.7, Diff: 0.0, Sum: 54.7]
      [GC Worker End (ms): Min: 295753.9, Avg: 295753.9, Max: 295753.9, Diff: 0.0]
   [Code Root Fixup: 0.0 ms]
   [Code Root Purge: 0.0 ms]
   [Clear CT: 0.0 ms]
   [Other: 0.5 ms]
      [Choose CSet: 0.0 ms]
      [Ref Proc: 0.0 ms]
      [Ref Enq: 0.0 ms]
      [Redirty Cards: 0.0 ms]
      [Humongous Register: 0.0 ms]
      [Humongous Reclaim: 0.0 ms]
      [Free CSet: 0.1 ms]
   [Eden: 47.0M(47.0M)->0.0B(123.0M) Survivors: 7168.0K->7168.0K Heap: 878.5M(1096.0M)->840.5M(1096.0M)]
 [Times: user=0.06 sys=0.00, real=0.02 secs] 
2016-06-27T20:29:53.483+0300: 295.755: Total time for which application threads were stopped: 0.0220127 seconds, Stopping threads took: 0.0069656 seconds
2016-06-27T20:29:53.920+0300: 296.192: Total time for which application threads were stopped: 0.0055539 seconds, Stopping threads took: 0.0041025 seconds
2016-06-27T20:29:54.509+0300: 296.781: [GC pause (G1 Evacuation Pause) (young) (initial-mark)
Desired survivor size 8912896 bytes, new threshold 15 (max 15)
- age   1:    6992320 bytes,    6992320 total
, 0.0070276 secs]
   [Parallel Time: 6.1 ms, GC Workers: 4]
      [GC Worker Start (ms): Min: 296781.4, Avg: 296781.4, Max: 296781.4, Diff: 0.0]
      [Ext Root Scanning (ms): Min: 0.6, Avg: 0.6, Max: 0.7, Diff: 0.1, Sum: 2.6]
      [Update RS (ms): Min: 0.9, Avg: 1.0, Max: 1.1, Diff: 0.1, Sum: 3.9]
         [Processed Buffers: Min: 3, Avg: 27.5, Max: 47, Diff: 44, Sum: 110]
      [Scan RS (ms): Min: 0.0, Avg: 0.0, Max: 0.0, Diff: 0.0, Sum: 0.1]
      [Code Root Scanning (ms): Min: 0.0, Avg: 0.0, Max: 0.0, Diff: 0.0, Sum: 0.0]
      [Object Copy (ms): Min: 4.3, Avg: 4.4, Max: 4.5, Diff: 0.1, Sum: 17.6]
      [Termination (ms): Min: 0.0, Avg: 0.0, Max: 0.0, Diff: 0.0, Sum: 0.0]
         [Termination Attempts: Min: 1, Avg: 1.0, Max: 1, Diff: 0, Sum: 4]
      [GC Worker Other (ms): Min: 0.0, Avg: 0.0, Max: 0.0, Diff: 0.0, Sum: 0.1]
      [GC Worker Total (ms): Min: 6.0, Avg: 6.0, Max: 6.0, Diff: 0.0, Sum: 24.2]
      [GC Worker End (ms): Min: 296787.5, Avg: 296787.5, Max: 296787.5, Diff: 0.0]
   [Code Root Fixup: 0.0 ms]
   [Code Root Purge: 0.0 ms]
   [Clear CT: 0.1 ms]
   [Other: 0.9 ms]
      [Choose CSet: 0.0 ms]
      [Ref Proc: 0.0 ms]
      [Ref Enq: 0.0 ms]
      [Redirty Cards: 0.0 ms]
      [Humongous Register: 0.0 ms]
      [Humongous Reclaim: 0.0 ms]
      [Free CSet: 0.1 ms]
   [Eden: 123.0M(123.0M)->0.0B(104.0M) Survivors: 7168.0K->17.0M Heap: 963.5M(1096.0M)->862.5M(1096.0M)]
 [Times: user=0.00 sys=0.00, real=0.01 secs] 
2016-06-27T20:29:54.516+0300: 296.788: [GC concurrent-root-region-scan-start]
2016-06-27T20:29:54.516+0300: 296.788: Total time for which application threads were stopped: 0.0159023 seconds, Stopping threads took: 0.0080733 seconds
2016-06-27T20:29:54.517+0300: 296.789: [GC concurrent-root-region-scan-end, 0.0011230 secs]
2016-06-27T20:29:54.517+0300: 296.789: [GC concurrent-mark-start]
2016-06-27T20:29:54.592+0300: 296.864: [GC concurrent-mark-end, 0.0749657 secs]
2016-06-27T20:29:54.615+0300: 296.888: [GC remark 2016-06-27T20:29:54.616+0300: 296.888: [Finalize Marking, 0.0002647 secs] 2016-06-27T20:29:54.616+0300: 296.888: [GC ref-proc, 0.0000962 secs] 2016-06-27T20:29:54.616+0300: 296.888: [Unloading, 0.0019467 secs], 0.0058593 secs]
 [Times: user=0.00 sys=0.00, real=0.01 secs] 
2016-06-27T20:29:54.621+0300: 296.894: Total time for which application threads were stopped: 0.0093746 seconds, Stopping threads took: 0.0028832 seconds
2016-06-27T20:29:54.623+0300: 296.895: [GC cleanup 879M->879M(1096M), 0.0020822 secs]
 [Times: user=0.00 sys=0.00, real=0.00 secs] 
2016-06-27T20:29:54.625+0300: 296.897: Total time for which application threads were stopped: 0.0028396 seconds, Stopping threads took: 0.0000753 seconds
2016-06-27T20:29:54.941+0300: 297.213: Total time for which application threads were stopped: 0.0073595 seconds, Stopping threads took: 0.0059140 seconds
2016-06-27T20:29:55.367+0300: 297.639: [GC pause (G1 Evacuation Pause) (young)
Desired survivor size 8388608 bytes, new threshold 1 (max 15)
- age   1:   13544920 bytes,   13544920 total
- age   2:    3965184 bytes,   17510104 total
, 0.0078158 secs]
   [Parallel Time: 7.2 ms, GC Workers: 4]
      [GC Worker Start (ms): Min: 297639.2, Avg: 297639.2, Max: 297639.2, Diff: 0.0]
      [Ext Root Scanning (ms): Min: 0.6, Avg: 0.6, Max: 0.6, Diff: 0.1, Sum: 2.4]
      [Update RS (ms): Min: 1.2, Avg: 1.2, Max: 1.3, Diff: 0.1, Sum: 4.9]
         [Processed Buffers: Min: 5, Avg: 13.5, Max: 20, Diff: 15, Sum: 54]
      [Scan RS (ms): Min: 0.0, Avg: 0.0, Max: 0.0, Diff: 0.0, Sum: 0.1]
      [Code Root Scanning (ms): Min: 0.0, Avg: 0.0, Max: 0.0, Diff: 0.0, Sum: 0.0]
      [Object Copy (ms): Min: 5.2, Avg: 5.2, Max: 5.3, Diff: 0.1, Sum: 21.0]
      [Termination (ms): Min: 0.0, Avg: 0.0, Max: 0.0, Diff: 0.0, Sum: 0.0]
         [Termination Attempts: Min: 1, Avg: 1.0, Max: 1, Diff: 0, Sum: 4]
      [GC Worker Other (ms): Min: 0.0, Avg: 0.0, Max: 0.0, Diff: 0.0, Sum: 0.1]
      [GC Worker Total (ms): Min: 7.1, Avg: 7.1, Max: 7.1, Diff: 0.0, Sum: 28.4]
      [GC Worker End (ms): Min: 297646.3, Avg: 297646.3, Max: 297646.3, Diff: 0.0]
   [Code Root Fixup: 0.0 ms]
   [Code Root Purge: 0.0 ms]
   [Clear CT: 0.0 ms]
   [Other: 0.6 ms]
      [Choose CSet: 0.0 ms]
      [Ref Proc: 0.0 ms]
      [Ref Enq: 0.0 ms]
      [Redirty Cards: 0.0 ms]
      [Humongous Register: 0.0 ms]
      [Humongous Reclaim: 0.0 ms]
      [Free CSet: 0.1 ms]
   [Eden: 104.0M(104.0M)->0.0B(38.0M) Survivors: 17.0M->16.0M Heap: 966.5M(1096.0M)->880.5M(1096.0M)]
 [Times: user=0.00 sys=0.00, real=0.01 secs] 
2016-06-27T20:29:55.375+0300: 297.647: Total time for which application threads were stopped: 0.0137666 seconds, Stopping threads took: 0.0051331 seconds
2016-06-27T20:29:55.697+0300: 297.969: [GC pause (G1 Evacuation Pause) (mixed)
Desired survivor size 3670016 bytes, new threshold 1 (max 15)
- age   1:   16500808 bytes,   16500808 total
, 0.0213455 secs]
   [Parallel Time: 19.8 ms, GC Workers: 4]
      [GC Worker Start (ms): Min: 297969.0, Avg: 297969.0, Max: 297969.0, Diff: 0.0]
      [Ext Root Scanning (ms): Min: 0.6, Avg: 0.6, Max: 0.7, Diff: 0.1, Sum: 2.5]
      [Update RS (ms): Min: 0.8, Avg: 0.9, Max: 1.0, Diff: 0.1, Sum: 3.6]
         [Processed Buffers: Min: 2, Avg: 9.3, Max: 21, Diff: 19, Sum: 37]
      [Scan RS (ms): Min: 3.1, Avg: 3.3, Max: 3.4, Diff: 0.2, Sum: 13.0]
      [Code Root Scanning (ms): Min: 0.0, Avg: 0.1, Max: 0.2, Diff: 0.2, Sum: 0.2]
      [Object Copy (ms): Min: 15.0, Avg: 15.0, Max: 15.0, Diff: 0.0, Sum: 59.9]
      [Termination (ms): Min: 0.0, Avg: 0.0, Max: 0.0, Diff: 0.0, Sum: 0.0]
         [Termination Attempts: Min: 1, Avg: 1.0, Max: 1, Diff: 0, Sum: 4]
      [GC Worker Other (ms): Min: 0.0, Avg: 0.0, Max: 0.0, Diff: 0.0, Sum: 0.1]
      [GC Worker Total (ms): Min: 19.8, Avg: 19.8, Max: 19.8, Diff: 0.0, Sum: 79.2]
      [GC Worker End (ms): Min: 297988.8, Avg: 297988.8, Max: 297988.8, Diff: 0.0]
   [Code Root Fixup: 0.1 ms]
   [Code Root Purge: 0.0 ms]
   [Clear CT: 0.2 ms]
   [Other: 1.2 ms]
      [Choose CSet: 0.2 ms]
      [Ref Proc: 0.1 ms]
      [Ref Enq: 0.0 ms]
      [Redirty Cards: 0.1 ms]
      [Humongous Register: 0.1 ms]
      [Humongous Reclaim: 0.0 ms]
      [Free CSet: 0.5 ms]
   [Eden: 38.0M(38.0M)->0.0B(47.0M) Survivors: 16.0M->7168.0K Heap: 918.5M(1096.0M)->846.5M(1096.0M)]
 [Times: user=0.06 sys=0.00, real=0.02 secs] 
2016-06-27T20:29:55.718+0300: 297.990: Total time for which application threads were stopped: 0.0289650 seconds, Stopping threads took: 0.0067988 seconds
2016-06-27T20:29:55.918+0300: 298.190: Total time for which application threads were stopped: 0.0027293 seconds, Stopping threads took: 0.0013428 seconds
2016-06-27T20:29:56.101+0300: 298.373: [GC pause (G1 Evacuation Pause) (mixed)
Desired survivor size 3670016 bytes, new threshold 1 (max 15)
- age   1:    6747944 bytes,    6747944 total
, 0.0178251 secs]
   [Parallel Time: 16.9 ms, GC Workers: 4]
      [GC Worker Start (ms): Min: 298373.2, Avg: 298373.2, Max: 298373.2, Diff: 0.0]
      [Ext Root Scanning (ms): Min: 0.6, Avg: 0.6, Max: 0.6, Diff: 0.1, Sum: 2.5]
      [Update RS (ms): Min: 10.2, Avg: 10.3, Max: 10.4, Diff: 0.1, Sum: 41.1]
         [Processed Buffers: Min: 13, Avg: 20.0, Max: 30, Diff: 17, Sum: 80]
      [Scan RS (ms): Min: 1.2, Avg: 1.3, Max: 1.3, Diff: 0.1, Sum: 5.2]
      [Code Root Scanning (ms): Min: 0.0, Avg: 0.0, Max: 0.0, Diff: 0.0, Sum: 0.0]
      [Object Copy (ms): Min: 4.6, Avg: 4.7, Max: 4.7, Diff: 0.1, Sum: 18.8]
      [Termination (ms): Min: 0.0, Avg: 0.0, Max: 0.0, Diff: 0.0, Sum: 0.0]
         [Termination Attempts: Min: 1, Avg: 1.0, Max: 1, Diff: 0, Sum: 4]
      [GC Worker Other (ms): Min: 0.0, Avg: 0.0, Max: 0.0, Diff: 0.0, Sum: 0.1]
      [GC Worker Total (ms): Min: 16.9, Avg: 16.9, Max: 16.9, Diff: 0.0, Sum: 67.6]
      [GC Worker End (ms): Min: 298390.1, Avg: 298390.1, Max: 298390.1, Diff: 0.0]
   [Code Root Fixup: 0.0 ms]
   [Code Root Purge: 0.0 ms]
   [Clear CT: 0.2 ms]
   [Other: 0.7 ms]
      [Choose CSet: 0.1 ms]
      [Ref Proc: 0.0 ms]
      [Ref Enq: 0.0 ms]
      [Redirty Cards: 0.0 ms]
      [Humongous Register: 0.0 ms]
      [Humongous Reclaim: 0.0 ms]
      [Free CSet: 0.2 ms]
   [Eden: 47.0M(47.0M)->0.0B(47.0M) Survivors: 7168.0K->7168.0K Heap: 893.5M(1096.0M)->849.5M(1096.0M)]
 [Times: user=0.06 sys=0.00, real=0.02 secs] 
2016-06-27T20:29:56.119+0300: 298.391: Total time for which application threads were stopped: 0.0215606 seconds, Stopping threads took: 0.0028871 seconds
2016-06-27T20:29:56.505+0300: 298.777: [GC pause (G1 Evacuation Pause) (young)
Desired survivor size 3670016 bytes, new threshold 1 (max 15)
- age   1:    7220632 bytes,    7220632 total
, 0.0085646 secs]
   [Parallel Time: 7.9 ms, GC Workers: 4]
      [GC Worker Start (ms): Min: 298777.7, Avg: 298777.7, Max: 298777.7, Diff: 0.0]
      [Ext Root Scanning (ms): Min: 0.6, Avg: 0.6, Max: 0.6, Diff: 0.1, Sum: 2.4]
      [Update RS (ms): Min: 4.9, Avg: 5.0, Max: 5.1, Diff: 0.2, Sum: 19.9]
         [Processed Buffers: Min: 5, Avg: 10.3, Max: 17, Diff: 12, Sum: 41]
      [Scan RS (ms): Min: 0.0, Avg: 0.0, Max: 0.0, Diff: 0.0, Sum: 0.0]
      [Code Root Scanning (ms): Min: 0.0, Avg: 0.0, Max: 0.0, Diff: 0.0, Sum: 0.0]
      [Object Copy (ms): Min: 2.2, Avg: 2.3, Max: 2.3, Diff: 0.1, Sum: 9.1]
      [Termination (ms): Min: 0.0, Avg: 0.0, Max: 0.0, Diff: 0.0, Sum: 0.0]
         [Termination Attempts: Min: 1, Avg: 1.0, Max: 1, Diff: 0, Sum: 4]
      [GC Worker Other (ms): Min: 0.0, Avg: 0.0, Max: 0.0, Diff: 0.0, Sum: 0.1]
      [GC Worker Total (ms): Min: 7.8, Avg: 7.8, Max: 7.9, Diff: 0.0, Sum: 31.4]
      [GC Worker End (ms): Min: 298785.5, Avg: 298785.5, Max: 298785.5, Diff: 0.0]
   [Code Root Fixup: 0.0 ms]
   [Code Root Purge: 0.0 ms]
   [Clear CT: 0.0 ms]
   [Other: 0.6 ms]
      [Choose CSet: 0.0 ms]
      [Ref Proc: 0.1 ms]
      [Ref Enq: 0.0 ms]
      [Redirty Cards: 0.0 ms]
      [Humongous Register: 0.0 ms]
      [Humongous Reclaim: 0.0 ms]
      [Free CSet: 0.1 ms]
   [Eden: 47.0M(47.0M)->0.0B(108.0M) Survivors: 7168.0K->7168.0K Heap: 896.5M(1096.0M)->858.5M(1096.0M)]
 [Times: user=0.00 sys=0.00, real=0.01 secs] 
2016-06-27T20:29:56.514+0300: 298.786: Total time for which application threads were stopped: 0.0111006 seconds, Stopping threads took: 0.0017457 seconds
2016-06-27T20:29:56.924+0300: 299.196: Total time for which application threads were stopped: 0.0084761 seconds, Stopping threads took: 0.0069810 seconds
2016-06-27T20:29:57.419+0300: 299.691: [GC pause (G1 Evacuation Pause) (young) (initial-mark)
Desired survivor size 7864320 bytes, new threshold 15 (max 15)
- age   1:    7209912 bytes,    7209912 total
, 0.0066295 secs]
   [Parallel Time: 5.6 ms, GC Workers: 4]
      [GC Worker Start (ms): Min: 299691.2, Avg: 299691.2, Max: 299691.2, Diff: 0.0]
      [Ext Root Scanning (ms): Min: 0.6, Avg: 0.6, Max: 0.7, Diff: 0.1, Sum: 2.5]
      [Update RS (ms): Min: 0.7, Avg: 0.8, Max: 0.8, Diff: 0.1, Sum: 3.1]
         [Processed Buffers: Min: 17, Avg: 27.3, Max: 45, Diff: 28, Sum: 109]
      [Scan RS (ms): Min: 0.0, Avg: 0.0, Max: 0.0, Diff: 0.0, Sum: 0.1]
      [Code Root Scanning (ms): Min: 0.0, Avg: 0.0, Max: 0.0, Diff: 0.0, Sum: 0.0]
      [Object Copy (ms): Min: 4.0, Avg: 4.0, Max: 4.1, Diff: 0.1, Sum: 16.2]
      [Termination (ms): Min: 0.0, Avg: 0.0, Max: 0.0, Diff: 0.0, Sum: 0.1]
         [Termination Attempts: Min: 1, Avg: 1.0, Max: 1, Diff: 0, Sum: 4]
      [GC Worker Other (ms): Min: 0.0, Avg: 0.0, Max: 0.0, Diff: 0.0, Sum: 0.0]
      [GC Worker Total (ms): Min: 5.5, Avg: 5.5, Max: 5.5, Diff: 0.0, Sum: 22.1]
      [GC Worker End (ms): Min: 299696.7, Avg: 299696.7, Max: 299696.7, Diff: 0.0]
   [Code Root Fixup: 0.0 ms]
   [Code Root Purge: 0.0 ms]
   [Clear CT: 0.0 ms]
   [Other: 1.0 ms]
      [Choose CSet: 0.0 ms]
      [Ref Proc: 0.1 ms]
      [Ref Enq: 0.0 ms]
      [Redirty Cards: 0.0 ms]
      [Humongous Register: 0.0 ms]
      [Humongous Reclaim: 0.0 ms]
      [Free CSet: 0.3 ms]
   [Eden: 108.0M(108.0M)->0.0B(91.0M) Survivors: 7168.0K->15.0M Heap: 966.5M(1096.0M)->878.0M(1096.0M)]
 [Times: user=0.00 sys=0.00, real=0.01 secs] 
2016-06-27T20:29:57.426+0300: 299.698: [GC concurrent-root-region-scan-start]
2016-06-27T20:29:57.426+0300: 299.698: Total time for which application threads were stopped: 0.0116476 seconds, Stopping threads took: 0.0041380 seconds
2016-06-27T20:29:57.427+0300: 299.699: [GC concurrent-root-region-scan-end, 0.0010281 secs]
2016-06-27T20:29:57.427+0300: 299.699: [GC concurrent-mark-start]
2016-06-27T20:29:57.498+0300: 299.770: [GC concurrent-mark-end, 0.0716103 secs]
2016-06-27T20:29:57.507+0300: 299.779: [GC remark 2016-06-27T20:29:57.507+0300: 299.779: [Finalize Marking, 0.0002917 secs] 2016-06-27T20:29:57.507+0300: 299.779: [GC ref-proc, 0.0001082 secs] 2016-06-27T20:29:57.507+0300: 299.779: [Unloading, 0.0019133 secs], 0.0059594 secs]
 [Times: user=0.00 sys=0.00, real=0.01 secs] 
2016-06-27T20:29:57.513+0300: 299.785: Total time for which application threads were stopped: 0.0079296 seconds, Stopping threads took: 0.0013642 seconds
2016-06-27T20:29:57.514+0300: 299.786: [GC cleanup 890M->890M(1096M), 0.0021041 secs]
 [Times: user=0.00 sys=0.00, real=0.00 secs] 
2016-06-27T20:29:57.516+0300: 299.788: Total time for which application threads were stopped: 0.0028815 seconds, Stopping threads took: 0.0001108 seconds
2016-06-27T20:29:57.924+0300: 300.196: Total time for which application threads were stopped: 0.0076781 seconds, Stopping threads took: 0.0061471 seconds
2016-06-27T20:29:58.193+0300: 300.465: [GC pause (G1 Evacuation Pause) (young)
Desired survivor size 7340032 bytes, new threshold 1 (max 15)
- age   1:   13508016 bytes,   13508016 total
- age   2:    1946264 bytes,   15454280 total
, 0.0066145 secs]
   [Parallel Time: 6.0 ms, GC Workers: 4]
      [GC Worker Start (ms): Min: 300465.5, Avg: 300465.5, Max: 300465.5, Diff: 0.0]
      [Ext Root Scanning (ms): Min: 0.4, Avg: 0.5, Max: 0.6, Diff: 0.2, Sum: 2.1]
      [Update RS (ms): Min: 0.8, Avg: 0.9, Max: 1.1, Diff: 0.3, Sum: 3.5]
         [Processed Buffers: Min: 3, Avg: 14.0, Max: 27, Diff: 24, Sum: 56]
      [Scan RS (ms): Min: 0.0, Avg: 0.0, Max: 0.0, Diff: 0.0, Sum: 0.1]
      [Code Root Scanning (ms): Min: 0.0, Avg: 0.0, Max: 0.0, Diff: 0.0, Sum: 0.0]
      [Object Copy (ms): Min: 4.5, Avg: 4.5, Max: 4.6, Diff: 0.1, Sum: 18.1]
      [Termination (ms): Min: 0.0, Avg: 0.0, Max: 0.0, Diff: 0.0, Sum: 0.0]
         [Termination Attempts: Min: 1, Avg: 1.0, Max: 1, Diff: 0, Sum: 4]
      [GC Worker Other (ms): Min: 0.0, Avg: 0.0, Max: 0.0, Diff: 0.0, Sum: 0.1]
      [GC Worker Total (ms): Min: 6.0, Avg: 6.0, Max: 6.0, Diff: 0.0, Sum: 23.9]
      [GC Worker End (ms): Min: 300471.5, Avg: 300471.5, Max: 300471.5, Diff: 0.0]
   [Code Root Fixup: 0.0 ms]
   [Code Root Purge: 0.0 ms]
   [Clear CT: 0.0 ms]
   [Other: 0.5 ms]
      [Choose CSet: 0.0 ms]
      [Ref Proc: 0.1 ms]
      [Ref Enq: 0.0 ms]
      [Redirty Cards: 0.0 ms]
      [Humongous Register: 0.0 ms]
      [Humongous Reclaim: 0.0 ms]
      [Free CSet: 0.1 ms]
   [Eden: 91.0M(91.0M)->0.0B(40.0M) Survivors: 15.0M->14.0M Heap: 969.0M(1096.0M)->894.0M(1096.0M)]
 [Times: user=0.00 sys=0.00, real=0.01 secs] 
2016-06-27T20:29:58.200+0300: 300.472: Total time for which application threads were stopped: 0.0127762 seconds, Stopping threads took: 0.0055788 seconds
2016-06-27T20:29:58.543+0300: 300.815: [GC pause (G1 Evacuation Pause) (mixed)
Desired survivor size 3670016 bytes, new threshold 1 (max 15)
- age   1:   14438184 bytes,   14438184 total
, 0.0209705 secs]
   [Parallel Time: 19.6 ms, GC Workers: 4]
      [GC Worker Start (ms): Min: 300815.6, Avg: 300815.6, Max: 300815.6, Diff: 0.0]
      [Ext Root Scanning (ms): Min: 0.5, Avg: 0.5, Max: 0.6, Diff: 0.2, Sum: 2.1]
      [Update RS (ms): Min: 0.9, Avg: 1.0, Max: 1.1, Diff: 0.2, Sum: 4.0]
         [Processed Buffers: Min: 3, Avg: 5.8, Max: 9, Diff: 6, Sum: 23]
      [Scan RS (ms): Min: 3.1, Avg: 3.2, Max: 3.3, Diff: 0.2, Sum: 12.9]
      [Code Root Scanning (ms): Min: 0.0, Avg: 0.1, Max: 0.1, Diff: 0.1, Sum: 0.3]
      [Object Copy (ms): Min: 14.7, Avg: 14.7, Max: 14.8, Diff: 0.1, Sum: 58.9]
      [Termination (ms): Min: 0.0, Avg: 0.0, Max: 0.0, Diff: 0.0, Sum: 0.0]
         [Termination Attempts: Min: 1, Avg: 1.0, Max: 1, Diff: 0, Sum: 4]
      [GC Worker Other (ms): Min: 0.0, Avg: 0.0, Max: 0.0, Diff: 0.0, Sum: 0.1]
      [GC Worker Total (ms): Min: 19.6, Avg: 19.6, Max: 19.6, Diff: 0.0, Sum: 78.2]
      [GC Worker End (ms): Min: 300835.2, Avg: 300835.2, Max: 300835.2, Diff: 0.0]
   [Code Root Fixup: 0.1 ms]
   [Code Root Purge: 0.0 ms]
   [Clear CT: 0.2 ms]
   [Other: 1.1 ms]
      [Choose CSet: 0.2 ms]
      [Ref Proc: 0.1 ms]
      [Ref Enq: 0.0 ms]
      [Redirty Cards: 0.1 ms]
      [Humongous Register: 0.0 ms]
      [Humongous Reclaim: 0.0 ms]
      [Free CSet: 0.5 ms]
   [Eden: 40.0M(40.0M)->0.0B(47.0M) Survivors: 14.0M->7168.0K Heap: 934.0M(1096.0M)->861.5M(1096.0M)]
 [Times: user=0.06 sys=0.00, real=0.02 secs] 
2016-06-27T20:29:58.564+0300: 300.836: Total time for which application threads were stopped: 0.0282966 seconds, Stopping threads took: 0.0066778 seconds
2016-06-27T20:29:58.975+0300: 301.247: [GC pause (G1 Evacuation Pause) (mixed)
Desired survivor size 3670016 bytes, new threshold 1 (max 15)
- age   1:    6768664 bytes,    6768664 total
, 0.0172909 secs]
   [Parallel Time: 16.4 ms, GC Workers: 4]
      [GC Worker Start (ms): Min: 301247.6, Avg: 301247.6, Max: 301247.6, Diff: 0.0]
      [Ext Root Scanning (ms): Min: 0.6, Avg: 0.6, Max: 0.7, Diff: 0.0, Sum: 2.5]
      [Update RS (ms): Min: 10.4, Avg: 10.5, Max: 10.6, Diff: 0.1, Sum: 41.9]
         [Processed Buffers: Min: 12, Avg: 18.8, Max: 22, Diff: 10, Sum: 75]
      [Scan RS (ms): Min: 1.1, Avg: 1.2, Max: 1.2, Diff: 0.2, Sum: 4.6]
      [Code Root Scanning (ms): Min: 0.0, Avg: 0.0, Max: 0.0, Diff: 0.0, Sum: 0.0]
      [Object Copy (ms): Min: 4.1, Avg: 4.1, Max: 4.1, Diff: 0.1, Sum: 16.3]
      [Termination (ms): Min: 0.0, Avg: 0.0, Max: 0.0, Diff: 0.0, Sum: 0.0]
         [Termination Attempts: Min: 1, Avg: 1.0, Max: 1, Diff: 0, Sum: 4]
      [GC Worker Other (ms): Min: 0.0, Avg: 0.0, Max: 0.0, Diff: 0.0, Sum: 0.1]
      [GC Worker Total (ms): Min: 16.4, Avg: 16.4, Max: 16.4, Diff: 0.0, Sum: 65.5]
      [GC Worker End (ms): Min: 301264.0, Avg: 301264.0, Max: 301264.0, Diff: 0.0]
   [Code Root Fixup: 0.0 ms]
   [Code Root Purge: 0.0 ms]
   [Clear CT: 0.2 ms]
   [Other: 0.7 ms]
      [Choose CSet: 0.0 ms]
      [Ref Proc: 0.1 ms]
      [Ref Enq: 0.0 ms]
      [Redirty Cards: 0.0 ms]
      [Humongous Register: 0.0 ms]
      [Humongous Reclaim: 0.0 ms]
      [Free CSet: 0.1 ms]
   [Eden: 47.0M(47.0M)->0.0B(103.0M) Survivors: 7168.0K->7168.0K Heap: 908.5M(1096.0M)->864.5M(1096.0M)]
 [Times: user=0.06 sys=0.00, real=0.02 secs] 
2016-06-27T20:29:58.993+0300: 301.265: Total time for which application threads were stopped: 0.0285305 seconds, Stopping threads took: 0.0105956 seconds
2016-06-27T20:29:59.855+0300: 302.127: [GC pause (G1 Evacuation Pause) (young)
Desired survivor size 7340032 bytes, new threshold 15 (max 15)
- age   1:    7225440 bytes,    7225440 total
, 0.0090710 secs]
   [Parallel Time: 8.3 ms, GC Workers: 4]
      [GC Worker Start (ms): Min: 302127.2, Avg: 302127.3, Max: 302127.3, Diff: 0.0]
      [Ext Root Scanning (ms): Min: 0.5, Avg: 0.6, Max: 0.6, Diff: 0.1, Sum: 2.3]
      [Update RS (ms): Min: 3.9, Avg: 3.9, Max: 4.0, Diff: 0.1, Sum: 15.7]
         [Processed Buffers: Min: 4, Avg: 20.0, Max: 42, Diff: 38, Sum: 80]
      [Scan RS (ms): Min: 0.0, Avg: 0.0, Max: 0.0, Diff: 0.0, Sum: 0.1]
      [Code Root Scanning (ms): Min: 0.0, Avg: 0.0, Max: 0.0, Diff: 0.0, Sum: 0.0]
      [Object Copy (ms): Min: 3.8, Avg: 3.8, Max: 3.8, Diff: 0.0, Sum: 15.1]
      [Termination (ms): Min: 0.0, Avg: 0.0, Max: 0.0, Diff: 0.0, Sum: 0.0]
         [Termination Attempts: Min: 1, Avg: 1.0, Max: 1, Diff: 0, Sum: 4]
      [GC Worker Other (ms): Min: 0.0, Avg: 0.0, Max: 0.0, Diff: 0.0, Sum: 0.1]
      [GC Worker Total (ms): Min: 8.3, Avg: 8.3, Max: 8.3, Diff: 0.0, Sum: 33.2]
      [GC Worker End (ms): Min: 302135.6, Avg: 302135.6, Max: 302135.6, Diff: 0.0]
   [Code Root Fixup: 0.0 ms]
   [Code Root Purge: 0.0 ms]
   [Clear CT: 0.0 ms]
   [Other: 0.7 ms]
      [Choose CSet: 0.0 ms]
      [Ref Proc: 0.0 ms]
      [Ref Enq: 0.0 ms]
      [Redirty Cards: 0.0 ms]
      [Humongous Register: 0.0 ms]
      [Humongous Reclaim: 0.0 ms]
      [Free CSet: 0.1 ms]
   [Eden: 103.0M(103.0M)->0.0B(87.0M) Survivors: 7168.0K->14.0M Heap: 967.5M(1096.0M)->882.5M(1096.0M)]
 [Times: user=0.02 sys=0.00, real=0.01 secs] 
2016-06-27T20:29:59.864+0300: 302.136: Total time for which application threads were stopped: 0.0144509 seconds, Stopping threads took: 0.0047025 seconds
2016-06-27T20:30:00.619+0300: 302.891: [GC pause (G1 Evacuation Pause) (young) (initial-mark)
Desired survivor size 6815744 bytes, new threshold 1 (max 15)
- age   1:   11382200 bytes,   11382200 total
- age   2:    3054776 bytes,   14436976 total
, 0.0069079 secs]
   [Parallel Time: 6.1 ms, GC Workers: 4]
      [GC Worker Start (ms): Min: 302891.7, Avg: 302891.7, Max: 302891.7, Diff: 0.0]
      [Ext Root Scanning (ms): Min: 0.6, Avg: 0.6, Max: 0.8, Diff: 0.2, Sum: 2.5]
      [Update RS (ms): Min: 1.0, Avg: 1.1, Max: 1.2, Diff: 0.2, Sum: 4.2]
         [Processed Buffers: Min: 6, Avg: 16.3, Max: 35, Diff: 29, Sum: 65]
      [Scan RS (ms): Min: 0.0, Avg: 0.0, Max: 0.0, Diff: 0.0, Sum: 0.1]
      [Code Root Scanning (ms): Min: 0.0, Avg: 0.0, Max: 0.0, Diff: 0.0, Sum: 0.0]
      [Object Copy (ms): Min: 4.3, Avg: 4.4, Max: 4.5, Diff: 0.1, Sum: 17.6]
      [Termination (ms): Min: 0.0, Avg: 0.0, Max: 0.0, Diff: 0.0, Sum: 0.0]
         [Termination Attempts: Min: 1, Avg: 1.0, Max: 1, Diff: 0, Sum: 4]
      [GC Worker Other (ms): Min: 0.0, Avg: 0.0, Max: 0.0, Diff: 0.0, Sum: 0.1]
      [GC Worker Total (ms): Min: 6.1, Avg: 6.1, Max: 6.1, Diff: 0.0, Sum: 24.4]
      [GC Worker End (ms): Min: 302897.8, Avg: 302897.8, Max: 302897.8, Diff: 0.0]
   [Code Root Fixup: 0.0 ms]
   [Code Root Purge: 0.0 ms]
   [Clear CT: 0.0 ms]
   [Other: 0.7 ms]
      [Choose CSet: 0.0 ms]
      [Ref Proc: 0.1 ms]
      [Ref Enq: 0.0 ms]
      [Redirty Cards: 0.0 ms]
      [Humongous Register: 0.0 ms]
      [Humongous Reclaim: 0.0 ms]
      [Free CSet: 0.1 ms]
   [Eden: 87.0M(87.0M)->0.0B(74.0M) Survivors: 14.0M->13.0M Heap: 969.5M(1096.0M)->897.5M(1096.0M)]
 [Times: user=0.00 sys=0.00, real=0.01 secs] 
2016-06-27T20:30:00.627+0300: 302.899: [GC concurrent-root-region-scan-start]
2016-06-27T20:30:00.627+0300: 302.899: Total time for which application threads were stopped: 0.0238434 seconds, Stopping threads took: 0.0161974 seconds
2016-06-27T20:30:00.627+0300: 302.899: [GC concurrent-root-region-scan-end, 0.0008609 secs]
2016-06-27T20:30:00.627+0300: 302.899: [GC concurrent-mark-start]
2016-06-27T20:30:00.722+0300: 302.994: [GC concurrent-mark-end, 0.0926338 secs]
2016-06-27T20:30:00.756+0300: 303.028: [GC remark 2016-06-27T20:30:00.756+0300: 303.028: [Finalize Marking, 0.0002617 secs] 2016-06-27T20:30:00.757+0300: 303.029: [GC ref-proc, 0.0001061 secs] 2016-06-27T20:30:00.757+0300: 303.029: [Unloading, 0.0019501 secs], 0.0061963 secs]
 [Times: user=0.00 sys=0.00, real=0.01 secs] 
2016-06-27T20:30:00.763+0300: 303.035: Total time for which application threads were stopped: 0.0211030 seconds, Stopping threads took: 0.0143440 seconds
2016-06-27T20:30:00.766+0300: 303.038: [GC cleanup 914M->914M(1096M), 0.0021143 secs]
 [Times: user=0.00 sys=0.00, real=0.00 secs] 
2016-06-27T20:30:00.768+0300: 303.040: Total time for which application threads were stopped: 0.0027926 seconds, Stopping threads took: 0.0000714 seconds
2016-06-27T20:30:01.242+0300: 303.513: [GC pause (G1 Evacuation Pause) (young)
Desired survivor size 5767168 bytes, new threshold 1 (max 15)
- age   1:   13401184 bytes,   13401184 total
, 0.0068331 secs]
   [Parallel Time: 6.2 ms, GC Workers: 4]
      [GC Worker Start (ms): Min: 303513.6, Avg: 303513.7, Max: 303513.8, Diff: 0.1]
      [Ext Root Scanning (ms): Min: 0.7, Avg: 0.7, Max: 0.7, Diff: 0.1, Sum: 2.8]
      [Update RS (ms): Min: 1.2, Avg: 1.2, Max: 1.3, Diff: 0.1, Sum: 4.9]
         [Processed Buffers: Min: 6, Avg: 16.3, Max: 28, Diff: 22, Sum: 65]
      [Scan RS (ms): Min: 0.0, Avg: 0.0, Max: 0.0, Diff: 0.0, Sum: 0.1]
      [Code Root Scanning (ms): Min: 0.0, Avg: 0.0, Max: 0.0, Diff: 0.0, Sum: 0.0]
      [Object Copy (ms): Min: 4.0, Avg: 4.1, Max: 4.2, Diff: 0.2, Sum: 16.5]
      [Termination (ms): Min: 0.0, Avg: 0.0, Max: 0.0, Diff: 0.0, Sum: 0.0]
         [Termination Attempts: Min: 1, Avg: 1.0, Max: 1, Diff: 0, Sum: 4]
      [GC Worker Other (ms): Min: 0.0, Avg: 0.0, Max: 0.0, Diff: 0.0, Sum: 0.1]
      [GC Worker Total (ms): Min: 6.0, Avg: 6.1, Max: 6.1, Diff: 0.1, Sum: 24.4]
      [GC Worker End (ms): Min: 303519.8, Avg: 303519.8, Max: 303519.8, Diff: 0.0]
   [Code Root Fixup: 0.0 ms]
   [Code Root Purge: 0.0 ms]
   [Clear CT: 0.0 ms]
   [Other: 0.6 ms]
      [Choose CSet: 0.0 ms]
      [Ref Proc: 0.1 ms]
      [Ref Enq: 0.0 ms]
      [Redirty Cards: 0.0 ms]
      [Humongous Register: 0.0 ms]
      [Humongous Reclaim: 0.0 ms]
      [Free CSet: 0.1 ms]
   [Eden: 74.0M(74.0M)->0.0B(43.0M) Survivors: 13.0M->11.0M Heap: 971.5M(1096.0M)->911.5M(1096.0M)]
 [Times: user=0.00 sys=0.00, real=0.01 secs] 
2016-06-27T20:30:01.249+0300: 303.521: Total time for which application threads were stopped: 0.0162359 seconds, Stopping threads took: 0.0086142 seconds
2016-06-27T20:30:01.548+0300: 303.820: [GC pause (G1 Evacuation Pause) (mixed)
Desired survivor size 3670016 bytes, new threshold 1 (max 15)
- age   1:   11332232 bytes,   11332232 total
, 0.0211073 secs]
   [Parallel Time: 19.6 ms, GC Workers: 4]
      [GC Worker Start (ms): Min: 303820.2, Avg: 303820.2, Max: 303820.2, Diff: 0.0]
      [Ext Root Scanning (ms): Min: 0.6, Avg: 0.6, Max: 0.6, Diff: 0.1, Sum: 2.4]
      [Update RS (ms): Min: 1.1, Avg: 1.1, Max: 1.1, Diff: 0.0, Sum: 4.3]
         [Processed Buffers: Min: 2, Avg: 10.8, Max: 21, Diff: 19, Sum: 43]
      [Scan RS (ms): Min: 3.5, Avg: 3.5, Max: 3.5, Diff: 0.0, Sum: 14.0]
      [Code Root Scanning (ms): Min: 0.0, Avg: 0.0, Max: 0.0, Diff: 0.0, Sum: 0.0]
      [Object Copy (ms): Min: 14.4, Avg: 14.4, Max: 14.4, Diff: 0.0, Sum: 57.6]
      [Termination (ms): Min: 0.0, Avg: 0.0, Max: 0.0, Diff: 0.0, Sum: 0.0]
         [Termination Attempts: Min: 1, Avg: 3.0, Max: 4, Diff: 3, Sum: 12]
      [GC Worker Other (ms): Min: 0.0, Avg: 0.0, Max: 0.0, Diff: 0.0, Sum: 0.1]
      [GC Worker Total (ms): Min: 19.6, Avg: 19.6, Max: 19.6, Diff: 0.0, Sum: 78.4]
      [GC Worker End (ms): Min: 303839.8, Avg: 303839.8, Max: 303839.8, Diff: 0.0]
   [Code Root Fixup: 0.0 ms]
   [Code Root Purge: 0.0 ms]
   [Clear CT: 0.3 ms]
   [Other: 1.1 ms]
      [Choose CSet: 0.2 ms]
      [Ref Proc: 0.1 ms]
      [Ref Enq: 0.0 ms]
      [Redirty Cards: 0.1 ms]
      [Humongous Register: 0.0 ms]
      [Humongous Reclaim: 0.0 ms]
      [Free CSet: 0.5 ms]
   [Eden: 43.0M(43.0M)->0.0B(47.0M) Survivors: 11.0M->7168.0K Heap: 954.5M(1096.0M)->877.5M(1096.0M)]
 [Times: user=0.13 sys=0.00, real=0.02 secs] 
2016-06-27T20:30:01.569+0300: 303.841: Total time for which application threads were stopped: 0.0301552 seconds, Stopping threads took: 0.0082499 seconds
2016-06-27T20:30:01.985+0300: 304.257: [GC pause (G1 Evacuation Pause) (mixed)
Desired survivor size 3670016 bytes, new threshold 1 (max 15)
- age   1:    6688960 bytes,    6688960 total
, 0.0172165 secs]
   [Parallel Time: 16.3 ms, GC Workers: 4]
      [GC Worker Start (ms): Min: 304257.2, Avg: 304257.2, Max: 304257.2, Diff: 0.0]
      [Ext Root Scanning (ms): Min: 0.6, Avg: 0.6, Max: 0.6, Diff: 0.1, Sum: 2.3]
      [Update RS (ms): Min: 9.8, Avg: 9.9, Max: 10.3, Diff: 0.5, Sum: 39.7]
         [Processed Buffers: Min: 15, Avg: 16.5, Max: 18, Diff: 3, Sum: 66]
      [Scan RS (ms): Min: 1.0, Avg: 1.4, Max: 1.6, Diff: 0.5, Sum: 5.5]
      [Code Root Scanning (ms): Min: 0.0, Avg: 0.0, Max: 0.0, Diff: 0.0, Sum: 0.0]
      [Object Copy (ms): Min: 4.4, Avg: 4.4, Max: 4.4, Diff: 0.0, Sum: 17.5]
      [Termination (ms): Min: 0.0, Avg: 0.0, Max: 0.0, Diff: 0.0, Sum: 0.0]
         [Termination Attempts: Min: 1, Avg: 1.0, Max: 1, Diff: 0, Sum: 4]
      [GC Worker Other (ms): Min: 0.0, Avg: 0.0, Max: 0.0, Diff: 0.0, Sum: 0.1]
      [GC Worker Total (ms): Min: 16.3, Avg: 16.3, Max: 16.3, Diff: 0.0, Sum: 65.2]
      [GC Worker End (ms): Min: 304273.5, Avg: 304273.5, Max: 304273.5, Diff: 0.0]
   [Code Root Fixup: 0.0 ms]
   [Code Root Purge: 0.0 ms]
   [Clear CT: 0.2 ms]
   [Other: 0.7 ms]
      [Choose CSet: 0.1 ms]
      [Ref Proc: 0.0 ms]
      [Ref Enq: 0.0 ms]
      [Redirty Cards: 0.0 ms]
      [Humongous Register: 0.0 ms]
      [Humongous Reclaim: 0.0 ms]
      [Free CSet: 0.2 ms]
   [Eden: 47.0M(47.0M)->0.0B(47.0M) Survivors: 7168.0K->7168.0K Heap: 924.5M(1096.0M)->880.0M(1096.0M)]
 [Times: user=0.06 sys=0.00, real=0.02 secs] 
2016-06-27T20:30:02.003+0300: 304.274: Total time for which application threads were stopped: 0.0265967 seconds, Stopping threads took: 0.0085706 seconds
2016-06-27T20:30:02.417+0300: 304.689: [GC pause (G1 Evacuation Pause) (young)
Desired survivor size 3670016 bytes, new threshold 1 (max 15)
- age   1:    7206952 bytes,    7206952 total
, 0.0076110 secs]
   [Parallel Time: 7.0 ms, GC Workers: 4]
      [GC Worker Start (ms): Min: 304689.3, Avg: 304689.3, Max: 304689.4, Diff: 0.1]
      [Ext Root Scanning (ms): Min: 0.6, Avg: 0.6, Max: 0.6, Diff: 0.1, Sum: 2.5]
      [Update RS (ms): Min: 4.0, Avg: 4.1, Max: 4.2, Diff: 0.1, Sum: 16.4]
         [Processed Buffers: Min: 8, Avg: 12.0, Max: 22, Diff: 14, Sum: 48]
      [Scan RS (ms): Min: 0.0, Avg: 0.0, Max: 0.0, Diff: 0.0, Sum: 0.0]
      [Code Root Scanning (ms): Min: 0.0, Avg: 0.0, Max: 0.0, Diff: 0.0, Sum: 0.0]
      [Object Copy (ms): Min: 2.1, Avg: 2.2, Max: 2.3, Diff: 0.2, Sum: 8.9]
      [Termination (ms): Min: 0.0, Avg: 0.0, Max: 0.0, Diff: 0.0, Sum: 0.0]
         [Termination Attempts: Min: 1, Avg: 1.0, Max: 1, Diff: 0, Sum: 4]
      [GC Worker Other (ms): Min: 0.0, Avg: 0.0, Max: 0.0, Diff: 0.0, Sum: 0.0]
      [GC Worker Total (ms): Min: 6.9, Avg: 7.0, Max: 7.0, Diff: 0.1, Sum: 27.8]
      [GC Worker End (ms): Min: 304696.3, Avg: 304696.3, Max: 304696.3, Diff: 0.0]
   [Code Root Fixup: 0.0 ms]
   [Code Root Purge: 0.0 ms]
   [Clear CT: 0.0 ms]
   [Other: 0.5 ms]
      [Choose CSet: 0.0 ms]
      [Ref Proc: 0.0 ms]
      [Ref Enq: 0.0 ms]
      [Redirty Cards: 0.0 ms]
      [Humongous Register: 0.0 ms]
      [Humongous Reclaim: 0.0 ms]
      [Free CSet: 0.1 ms]
   [Eden: 47.0M(47.0M)->0.0B(80.0M) Survivors: 7168.0K->7168.0K Heap: 927.0M(1096.0M)->889.5M(1096.0M)]
 [Times: user=0.00 sys=0.00, real=0.01 secs] 
2016-06-27T20:30:02.425+0300: 304.697: Total time for which application threads were stopped: 0.0211206 seconds, Stopping threads took: 0.0127903 seconds
2016-06-27T20:30:03.086+0300: 305.358: [GC pause (G1 Evacuation Pause) (young) (initial-mark)
Desired survivor size 5767168 bytes, new threshold 1 (max 15)
- age   1:    7225584 bytes,    7225584 total
, 0.0054894 secs]
   [Parallel Time: 4.7 ms, GC Workers: 4]
      [GC Worker Start (ms): Min: 305358.7, Avg: 305358.7, Max: 305358.7, Diff: 0.0]
      [Ext Root Scanning (ms): Min: 0.6, Avg: 0.6, Max: 0.6, Diff: 0.1, Sum: 2.4]
      [Update RS (ms): Min: 0.7, Avg: 0.8, Max: 0.9, Diff: 0.2, Sum: 3.1]
         [Processed Buffers: Min: 9, Avg: 18.0, Max: 34, Diff: 25, Sum: 72]
      [Scan RS (ms): Min: 0.0, Avg: 0.0, Max: 0.0, Diff: 0.0, Sum: 0.1]
      [Code Root Scanning (ms): Min: 0.0, Avg: 0.0, Max: 0.0, Diff: 0.0, Sum: 0.0]
      [Object Copy (ms): Min: 3.1, Avg: 3.2, Max: 3.3, Diff: 0.2, Sum: 12.9]
      [Termination (ms): Min: 0.0, Avg: 0.0, Max: 0.0, Diff: 0.0, Sum: 0.0]
         [Termination Attempts: Min: 1, Avg: 1.0, Max: 1, Diff: 0, Sum: 4]
      [GC Worker Other (ms): Min: 0.0, Avg: 0.0, Max: 0.0, Diff: 0.0, Sum: 0.0]
      [GC Worker Total (ms): Min: 4.6, Avg: 4.6, Max: 4.6, Diff: 0.0, Sum: 18.6]
      [GC Worker End (ms): Min: 305363.3, Avg: 305363.3, Max: 305363.3, Diff: 0.0]
   [Code Root Fixup: 0.0 ms]
   [Code Root Purge: 0.0 ms]
   [Clear CT: 0.0 ms]
   [Other: 0.7 ms]
      [Choose CSet: 0.0 ms]
      [Ref Proc: 0.2 ms]
      [Ref Enq: 0.0 ms]
      [Redirty Cards: 0.0 ms]
      [Humongous Register: 0.0 ms]
      [Humongous Reclaim: 0.0 ms]
      [Free CSet: 0.1 ms]
   [Eden: 80.0M(80.0M)->0.0B(68.0M) Survivors: 7168.0K->11.0M Heap: 969.5M(1096.0M)->904.5M(1096.0M)]
 [Times: user=0.00 sys=0.00, real=0.01 secs] 
2016-06-27T20:30:03.092+0300: 305.364: [GC concurrent-root-region-scan-start]
2016-06-27T20:30:03.092+0300: 305.364: Total time for which application threads were stopped: 0.0132765 seconds, Stopping threads took: 0.0070469 seconds
2016-06-27T20:30:03.093+0300: 305.365: [GC concurrent-root-region-scan-end, 0.0007989 secs]
2016-06-27T20:30:03.093+0300: 305.365: [GC concurrent-mark-start]
2016-06-27T20:30:03.172+0300: 305.444: [GC concurrent-mark-end, 0.0785464 secs]
2016-06-27T20:30:03.201+0300: 305.474: [GC remark 2016-06-27T20:30:03.202+0300: 305.474: [Finalize Marking, 0.0002335 secs] 2016-06-27T20:30:03.202+0300: 305.474: [GC ref-proc, 0.0001035 secs] 2016-06-27T20:30:03.202+0300: 305.474: [Unloading, 0.0017782 secs], 0.0059055 secs]
 [Times: user=0.00 sys=0.00, real=0.01 secs] 
2016-06-27T20:30:03.207+0300: 305.480: Total time for which application threads were stopped: 0.0149410 seconds, Stopping threads took: 0.0084812 seconds
2016-06-27T20:30:03.241+0300: 305.513: [GC cleanup 923M->923M(1096M), 0.0020746 secs]
 [Times: user=0.00 sys=0.00, real=0.00 secs] 
2016-06-27T20:30:03.243+0300: 305.516: Total time for which application threads were stopped: 0.0043266 seconds, Stopping threads took: 0.0016584 seconds
2016-06-27T20:30:03.299+0300: 305.572: Total time for which application threads were stopped: 0.0067403 seconds, Stopping threads took: 0.0054872 seconds
2016-06-27T20:30:03.650+0300: 305.922: [GC pause (G1 Evacuation Pause) (young)
Desired survivor size 5242880 bytes, new threshold 1 (max 15)
- age   1:   11334352 bytes,   11334352 total
, 0.0057780 secs]
   [Parallel Time: 5.2 ms, GC Workers: 4]
      [GC Worker Start (ms): Min: 305922.6, Avg: 305922.7, Max: 305922.7, Diff: 0.0]
      [Ext Root Scanning (ms): Min: 0.5, Avg: 0.5, Max: 0.7, Diff: 0.2, Sum: 2.1]
      [Update RS (ms): Min: 0.8, Avg: 1.0, Max: 1.2, Diff: 0.4, Sum: 4.2]
         [Processed Buffers: Min: 2, Avg: 17.8, Max: 35, Diff: 33, Sum: 71]
      [Scan RS (ms): Min: 0.0, Avg: 0.0, Max: 0.0, Diff: 0.0, Sum: 0.1]
      [Code Root Scanning (ms): Min: 0.0, Avg: 0.0, Max: 0.0, Diff: 0.0, Sum: 0.0]
      [Object Copy (ms): Min: 3.4, Avg: 3.5, Max: 3.6, Diff: 0.2, Sum: 14.0]
      [Termination (ms): Min: 0.0, Avg: 0.0, Max: 0.0, Diff: 0.0, Sum: 0.0]
         [Termination Attempts: Min: 1, Avg: 1.0, Max: 1, Diff: 0, Sum: 4]
      [GC Worker Other (ms): Min: 0.0, Avg: 0.0, Max: 0.0, Diff: 0.0, Sum: 0.1]
      [GC Worker Total (ms): Min: 5.1, Avg: 5.1, Max: 5.1, Diff: 0.0, Sum: 20.5]
      [GC Worker End (ms): Min: 305927.8, Avg: 305927.8, Max: 305927.8, Diff: 0.0]
   [Code Root Fixup: 0.0 ms]
   [Code Root Purge: 0.0 ms]
   [Clear CT: 0.0 ms]
   [Other: 0.6 ms]
      [Choose CSet: 0.0 ms]
      [Ref Proc: 0.0 ms]
      [Ref Enq: 0.0 ms]
      [Redirty Cards: 0.0 ms]
      [Humongous Register: 0.1 ms]
      [Humongous Reclaim: 0.0 ms]
      [Free CSet: 0.1 ms]
   [Eden: 68.0M(68.0M)->0.0B(44.0M) Survivors: 11.0M->10.0M Heap: 972.5M(1096.0M)->917.0M(1096.0M)]
 [Times: user=0.00 sys=0.00, real=0.01 secs] 
2016-06-27T20:30:03.656+0300: 305.928: Total time for which application threads were stopped: 0.0174325 seconds, Stopping threads took: 0.0110048 seconds
2016-06-27T20:30:04.008+0300: 306.280: [GC pause (G1 Evacuation Pause) (mixed)
Desired survivor size 3670016 bytes, new threshold 1 (max 15)
- age   1:   10192504 bytes,   10192504 total
, 0.0209623 secs]
   [Parallel Time: 19.4 ms, GC Workers: 4]
      [GC Worker Start (ms): Min: 306280.7, Avg: 306280.7, Max: 306280.7, Diff: 0.0]
      [Ext Root Scanning (ms): Min: 0.5, Avg: 0.5, Max: 0.7, Diff: 0.2, Sum: 2.1]
      [Update RS (ms): Min: 0.8, Avg: 0.9, Max: 0.9, Diff: 0.0, Sum: 3.4]
         [Processed Buffers: Min: 5, Avg: 8.8, Max: 16, Diff: 11, Sum: 35]
      [Scan RS (ms): Min: 2.8, Avg: 2.9, Max: 3.0, Diff: 0.2, Sum: 11.8]
      [Code Root Scanning (ms): Min: 0.0, Avg: 0.0, Max: 0.0, Diff: 0.0, Sum: 0.0]
      [Object Copy (ms): Min: 15.0, Avg: 15.0, Max: 15.1, Diff: 0.1, Sum: 60.2]
      [Termination (ms): Min: 0.0, Avg: 0.0, Max: 0.0, Diff: 0.0, Sum: 0.0]
         [Termination Attempts: Min: 1, Avg: 2.0, Max: 3, Diff: 2, Sum: 8]
      [GC Worker Other (ms): Min: 0.0, Avg: 0.0, Max: 0.0, Diff: 0.0, Sum: 0.1]
      [GC Worker Total (ms): Min: 19.4, Avg: 19.4, Max: 19.4, Diff: 0.0, Sum: 77.6]
      [GC Worker End (ms): Min: 306300.1, Avg: 306300.1, Max: 306300.1, Diff: 0.0]
   [Code Root Fixup: 0.0 ms]
   [Code Root Purge: 0.0 ms]
   [Clear CT: 0.4 ms]
   [Other: 1.1 ms]
      [Choose CSet: 0.2 ms]
      [Ref Proc: 0.0 ms]
      [Ref Enq: 0.0 ms]
      [Redirty Cards: 0.1 ms]
      [Humongous Register: 0.0 ms]
      [Humongous Reclaim: 0.0 ms]
      [Free CSet: 0.5 ms]
   [Eden: 44.0M(44.0M)->0.0B(47.0M) Survivors: 10.0M->7168.0K Heap: 961.0M(1096.0M)->887.0M(1096.0M)]
 [Times: user=0.06 sys=0.00, real=0.02 secs] 
2016-06-27T20:30:04.030+0300: 306.302: Total time for which application threads were stopped: 0.0298037 seconds, Stopping threads took: 0.0082174 seconds
2016-06-27T20:30:04.443+0300: 306.715: [GC pause (G1 Evacuation Pause) (mixed)
Desired survivor size 3670016 bytes, new threshold 1 (max 15)
- age   1:    7220496 bytes,    7220496 total
, 0.0158211 secs]
   [Parallel Time: 15.0 ms, GC Workers: 4]
      [GC Worker Start (ms): Min: 306715.1, Avg: 306715.1, Max: 306715.1, Diff: 0.0]
      [Ext Root Scanning (ms): Min: 0.5, Avg: 0.5, Max: 0.7, Diff: 0.2, Sum: 2.2]
      [Update RS (ms): Min: 10.0, Avg: 10.1, Max: 10.1, Diff: 0.1, Sum: 40.2]
         [Processed Buffers: Min: 12, Avg: 17.3, Max: 28, Diff: 16, Sum: 69]
      [Scan RS (ms): Min: 0.6, Avg: 0.8, Max: 0.9, Diff: 0.2, Sum: 3.1]
      [Code Root Scanning (ms): Min: 0.0, Avg: 0.0, Max: 0.2, Diff: 0.2, Sum: 0.2]
      [Object Copy (ms): Min: 3.4, Avg: 3.5, Max: 3.5, Diff: 0.1, Sum: 13.9]
      [Termination (ms): Min: 0.0, Avg: 0.0, Max: 0.0, Diff: 0.0, Sum: 0.0]
         [Termination Attempts: Min: 1, Avg: 1.5, Max: 2, Diff: 1, Sum: 6]
      [GC Worker Other (ms): Min: 0.0, Avg: 0.0, Max: 0.0, Diff: 0.0, Sum: 0.1]
      [GC Worker Total (ms): Min: 14.9, Avg: 14.9, Max: 14.9, Diff: 0.0, Sum: 59.6]
      [GC Worker End (ms): Min: 306730.0, Avg: 306730.0, Max: 306730.0, Diff: 0.0]
   [Code Root Fixup: 0.1 ms]
   [Code Root Purge: 0.0 ms]
   [Clear CT: 0.1 ms]
   [Other: 0.7 ms]
      [Choose CSet: 0.0 ms]
      [Ref Proc: 0.1 ms]
      [Ref Enq: 0.0 ms]
      [Redirty Cards: 0.0 ms]
      [Humongous Register: 0.0 ms]
      [Humongous Reclaim: 0.0 ms]
      [Free CSet: 0.1 ms]
   [Eden: 47.0M(47.0M)->0.0B(77.0M) Survivors: 7168.0K->7168.0K Heap: 934.0M(1096.0M)->893.5M(1096.0M)]
 [Times: user=0.06 sys=0.00, real=0.02 secs] 
2016-06-27T20:30:04.459+0300: 306.731: Total time for which application threads were stopped: 0.0251940 seconds, Stopping threads took: 0.0087216 seconds
2016-06-27T20:30:05.072+0300: 307.344: [GC pause (G1 Evacuation Pause) (young)
Desired survivor size 5767168 bytes, new threshold 1 (max 15)
- age   1:    7219480 bytes,    7219480 total
, 0.0078308 secs]
   [Parallel Time: 7.1 ms, GC Workers: 4]
      [GC Worker Start (ms): Min: 307344.0, Avg: 307344.0, Max: 307344.0, Diff: 0.0]
      [Ext Root Scanning (ms): Min: 0.5, Avg: 0.6, Max: 0.6, Diff: 0.1, Sum: 2.2]
      [Update RS (ms): Min: 3.3, Avg: 3.3, Max: 3.4, Diff: 0.1, Sum: 13.2]
         [Processed Buffers: Min: 10, Avg: 15.0, Max: 20, Diff: 10, Sum: 60]
      [Scan RS (ms): Min: 0.0, Avg: 0.0, Max: 0.0, Diff: 0.0, Sum: 0.0]
      [Code Root Scanning (ms): Min: 0.0, Avg: 0.0, Max: 0.0, Diff: 0.0, Sum: 0.0]
      [Object Copy (ms): Min: 3.1, Avg: 3.2, Max: 3.2, Diff: 0.1, Sum: 12.7]
      [Termination (ms): Min: 0.0, Avg: 0.0, Max: 0.0, Diff: 0.0, Sum: 0.0]
         [Termination Attempts: Min: 1, Avg: 1.0, Max: 1, Diff: 0, Sum: 4]
      [GC Worker Other (ms): Min: 0.0, Avg: 0.0, Max: 0.0, Diff: 0.0, Sum: 0.1]
      [GC Worker Total (ms): Min: 7.1, Avg: 7.1, Max: 7.1, Diff: 0.0, Sum: 28.2]
      [GC Worker End (ms): Min: 307351.1, Avg: 307351.1, Max: 307351.1, Diff: 0.0]
   [Code Root Fixup: 0.0 ms]
   [Code Root Purge: 0.0 ms]
   [Clear CT: 0.0 ms]
   [Other: 0.7 ms]
      [Choose CSet: 0.0 ms]
      [Ref Proc: 0.0 ms]
      [Ref Enq: 0.0 ms]
      [Redirty Cards: 0.0 ms]
      [Humongous Register: 0.0 ms]
      [Humongous Reclaim: 0.0 ms]
      [Free CSet: 0.1 ms]
   [Eden: 77.0M(77.0M)->0.0B(65.0M) Survivors: 7168.0K->11.0M Heap: 970.5M(1096.0M)->907.5M(1096.0M)]
 [Times: user=0.00 sys=0.00, real=0.01 secs] 
2016-06-27T20:30:05.080+0300: 307.352: Total time for which application threads were stopped: 0.0182253 seconds, Stopping threads took: 0.0096825 seconds
2016-06-27T20:30:05.640+0300: 307.912: [GC pause (G1 Evacuation Pause) (young) (initial-mark)
Desired survivor size 5242880 bytes, new threshold 1 (max 15)
- age   1:   11328024 bytes,   11328024 total
, 0.0055561 secs]
   [Parallel Time: 4.9 ms, GC Workers: 4]
      [GC Worker Start (ms): Min: 307912.0, Avg: 307912.1, Max: 307912.1, Diff: 0.0]
      [Ext Root Scanning (ms): Min: 0.6, Avg: 0.6, Max: 0.6, Diff: 0.1, Sum: 2.4]
      [Update RS (ms): Min: 0.7, Avg: 0.7, Max: 0.8, Diff: 0.1, Sum: 2.9]
         [Processed Buffers: Min: 2, Avg: 13.5, Max: 20, Diff: 18, Sum: 54]
      [Scan RS (ms): Min: 0.0, Avg: 0.0, Max: 0.0, Diff: 0.0, Sum: 0.1]
      [Code Root Scanning (ms): Min: 0.0, Avg: 0.0, Max: 0.0, Diff: 0.0, Sum: 0.0]
      [Object Copy (ms): Min: 3.4, Avg: 3.5, Max: 3.5, Diff: 0.1, Sum: 13.9]
      [Termination (ms): Min: 0.0, Avg: 0.0, Max: 0.0, Diff: 0.0, Sum: 0.0]
         [Termination Attempts: Min: 1, Avg: 1.0, Max: 1, Diff: 0, Sum: 4]
      [GC Worker Other (ms): Min: 0.0, Avg: 0.0, Max: 0.0, Diff: 0.0, Sum: 0.1]
      [GC Worker Total (ms): Min: 4.8, Avg: 4.8, Max: 4.8, Diff: 0.0, Sum: 19.3]
      [GC Worker End (ms): Min: 307916.9, Avg: 307916.9, Max: 307916.9, Diff: 0.0]
   [Code Root Fixup: 0.0 ms]
   [Code Root Purge: 0.0 ms]
   [Clear CT: 0.0 ms]
   [Other: 0.6 ms]
      [Choose CSet: 0.0 ms]
      [Ref Proc: 0.0 ms]
      [Ref Enq: 0.0 ms]
      [Redirty Cards: 0.0 ms]
      [Humongous Register: 0.0 ms]
      [Humongous Reclaim: 0.0 ms]
      [Free CSet: 0.1 ms]
   [Eden: 65.0M(65.0M)->0.0B(55.0M) Survivors: 11.0M->10.0M Heap: 972.5M(1096.0M)->920.0M(1096.0M)]
 [Times: user=0.02 sys=0.00, real=0.01 secs] 
2016-06-27T20:30:05.646+0300: 307.918: [GC concurrent-root-region-scan-start]
2016-06-27T20:30:05.646+0300: 307.918: Total time for which application threads were stopped: 0.0168111 seconds, Stopping threads took: 0.0105280 seconds
2016-06-27T20:30:05.646+0300: 307.918: [GC concurrent-root-region-scan-end, 0.0008433 secs]
2016-06-27T20:30:05.646+0300: 307.918: [GC concurrent-mark-start]
2016-06-27T20:30:05.728+0300: 308.000: [GC concurrent-mark-end, 0.0816431 secs]
2016-06-27T20:30:05.760+0300: 308.032: [GC remark 2016-06-27T20:30:05.760+0300: 308.032: [Finalize Marking, 0.0002412 secs] 2016-06-27T20:30:05.760+0300: 308.032: [GC ref-proc, 0.0001112 secs] 2016-06-27T20:30:05.760+0300: 308.032: [Unloading, 0.0018287 secs], 0.0060017 secs]
 [Times: user=0.00 sys=0.00, real=0.01 secs] 
2016-06-27T20:30:05.766+0300: 308.038: Total time for which application threads were stopped: 0.0118730 seconds, Stopping threads took: 0.0053200 seconds
2016-06-27T20:30:05.782+0300: 308.054: [GC cleanup 942M->942M(1096M), 0.0020690 secs]
 [Times: user=0.00 sys=0.00, real=0.00 secs] 
2016-06-27T20:30:05.784+0300: 308.056: Total time for which application threads were stopped: 0.0027934 seconds, Stopping threads took: 0.0000770 seconds
2016-06-27T20:30:06.063+0300: 308.335: [GC pause (G1 Evacuation Pause) (young)
Desired survivor size 4718592 bytes, new threshold 1 (max 15)
- age   1:   10028528 bytes,   10028528 total
, 0.0054026 secs]
   [Parallel Time: 4.8 ms, GC Workers: 4]
      [GC Worker Start (ms): Min: 308335.4, Avg: 308335.4, Max: 308335.4, Diff: 0.0]
      [Ext Root Scanning (ms): Min: 0.6, Avg: 0.6, Max: 0.6, Diff: 0.0, Sum: 2.4]
      [Update RS (ms): Min: 1.1, Avg: 1.2, Max: 1.2, Diff: 0.0, Sum: 4.7]
         [Processed Buffers: Min: 7, Avg: 11.8, Max: 16, Diff: 9, Sum: 47]
      [Scan RS (ms): Min: 0.0, Avg: 0.0, Max: 0.0, Diff: 0.0, Sum: 0.0]
      [Code Root Scanning (ms): Min: 0.0, Avg: 0.0, Max: 0.0, Diff: 0.0, Sum: 0.0]
      [Object Copy (ms): Min: 2.9, Avg: 3.0, Max: 3.0, Diff: 0.1, Sum: 11.9]
      [Termination (ms): Min: 0.0, Avg: 0.0, Max: 0.0, Diff: 0.0, Sum: 0.0]
         [Termination Attempts: Min: 1, Avg: 1.3, Max: 2, Diff: 1, Sum: 5]
      [GC Worker Other (ms): Min: 0.0, Avg: 0.0, Max: 0.0, Diff: 0.0, Sum: 0.1]
      [GC Worker Total (ms): Min: 4.8, Avg: 4.8, Max: 4.8, Diff: 0.0, Sum: 19.0]
      [GC Worker End (ms): Min: 308340.2, Avg: 308340.2, Max: 308340.2, Diff: 0.0]
   [Code Root Fixup: 0.0 ms]
   [Code Root Purge: 0.0 ms]
   [Clear CT: 0.1 ms]
   [Other: 0.5 ms]
      [Choose CSet: 0.0 ms]
      [Ref Proc: 0.1 ms]
      [Ref Enq: 0.0 ms]
      [Redirty Cards: 0.0 ms]
      [Humongous Register: 0.0 ms]
      [Humongous Reclaim: 0.0 ms]
      [Free CSet: 0.1 ms]
   [Eden: 55.0M(55.0M)->0.0B(45.0M) Survivors: 10.0M->9216.0K Heap: 975.0M(1096.0M)->930.0M(1096.0M)]
 [Times: user=0.06 sys=0.00, real=0.01 secs] 
2016-06-27T20:30:06.069+0300: 308.341: Total time for which application threads were stopped: 0.0098151 seconds, Stopping threads took: 0.0036611 seconds
2016-06-27T20:30:06.458+0300: 308.730: [GC pause (G1 Evacuation Pause) (mixed)
Desired survivor size 3670016 bytes, new threshold 1 (max 15)
- age   1:    8760920 bytes,    8760920 total
, 0.0208875 secs]
   [Parallel Time: 19.5 ms, GC Workers: 4]
      [GC Worker Start (ms): Min: 308730.5, Avg: 308730.5, Max: 308730.5, Diff: 0.0]
      [Ext Root Scanning (ms): Min: 0.6, Avg: 0.6, Max: 0.6, Diff: 0.1, Sum: 2.4]
      [Update RS (ms): Min: 0.9, Avg: 1.0, Max: 1.1, Diff: 0.2, Sum: 4.0]
         [Processed Buffers: Min: 4, Avg: 11.0, Max: 28, Diff: 24, Sum: 44]
      [Scan RS (ms): Min: 3.0, Avg: 3.2, Max: 3.3, Diff: 0.2, Sum: 12.7]
      [Code Root Scanning (ms): Min: 0.0, Avg: 0.1, Max: 0.1, Diff: 0.1, Sum: 0.2]
      [Object Copy (ms): Min: 14.4, Avg: 14.4, Max: 14.4, Diff: 0.0, Sum: 57.5]
      [Termination (ms): Min: 0.0, Avg: 0.0, Max: 0.0, Diff: 0.0, Sum: 0.0]
         [Termination Attempts: Min: 1, Avg: 1.0, Max: 1, Diff: 0, Sum: 4]
      [GC Worker Other (ms): Min: 0.0, Avg: 0.0, Max: 0.0, Diff: 0.0, Sum: 0.1]
      [GC Worker Total (ms): Min: 19.2, Avg: 19.2, Max: 19.2, Diff: 0.0, Sum: 76.8]
      [GC Worker End (ms): Min: 308749.7, Avg: 308749.7, Max: 308749.7, Diff: 0.0]
   [Code Root Fixup: 0.1 ms]
   [Code Root Purge: 0.0 ms]
   [Clear CT: 0.2 ms]
   [Other: 1.1 ms]
      [Choose CSet: 0.2 ms]
      [Ref Proc: 0.1 ms]
      [Ref Enq: 0.0 ms]
      [Redirty Cards: 0.1 ms]
      [Humongous Register: 0.0 ms]
      [Humongous Reclaim: 0.0 ms]
      [Free CSet: 0.5 ms]
   [Eden: 45.0M(45.0M)->0.0B(47.0M) Survivors: 9216.0K->7168.0K Heap: 975.0M(1096.0M)->899.0M(1096.0M)]
 [Times: user=0.06 sys=0.00, real=0.02 secs] 
2016-06-27T20:30:06.479+0300: 308.751: Total time for which application threads were stopped: 0.0298511 seconds, Stopping threads took: 0.0081892 seconds
2016-06-27T20:30:06.826+0300: 309.098: [GC pause (G1 Evacuation Pause) (mixed)
Desired survivor size 3670016 bytes, new threshold 1 (max 15)
- age   1:    7079800 bytes,    7079800 total
, 0.0190978 secs]
   [Parallel Time: 18.1 ms, GC Workers: 4]
      [GC Worker Start (ms): Min: 309098.6, Avg: 309098.6, Max: 309098.6, Diff: 0.0]
      [Ext Root Scanning (ms): Min: 0.5, Avg: 0.6, Max: 0.7, Diff: 0.1, Sum: 2.4]
      [Update RS (ms): Min: 9.8, Avg: 9.9, Max: 10.0, Diff: 0.2, Sum: 39.6]
         [Processed Buffers: Min: 13, Avg: 18.5, Max: 31, Diff: 18, Sum: 74]
      [Scan RS (ms): Min: 1.8, Avg: 1.9, Max: 2.1, Diff: 0.3, Sum: 7.7]
      [Code Root Scanning (ms): Min: 0.0, Avg: 0.0, Max: 0.1, Diff: 0.1, Sum: 0.2]
      [Object Copy (ms): Min: 5.5, Avg: 5.5, Max: 5.6, Diff: 0.1, Sum: 22.1]
      [Termination (ms): Min: 0.0, Avg: 0.0, Max: 0.0, Diff: 0.0, Sum: 0.0]
         [Termination Attempts: Min: 1, Avg: 1.8, Max: 3, Diff: 2, Sum: 7]
      [GC Worker Other (ms): Min: 0.0, Avg: 0.0, Max: 0.0, Diff: 0.0, Sum: 0.1]
      [GC Worker Total (ms): Min: 18.0, Avg: 18.0, Max: 18.0, Diff: 0.0, Sum: 72.0]
      [GC Worker End (ms): Min: 309116.6, Avg: 309116.6, Max: 309116.6, Diff: 0.0]
   [Code Root Fixup: 0.0 ms]
   [Code Root Purge: 0.0 ms]
   [Clear CT: 0.2 ms]
   [Other: 0.8 ms]
      [Choose CSet: 0.1 ms]
      [Ref Proc: 0.1 ms]
      [Ref Enq: 0.0 ms]
      [Redirty Cards: 0.1 ms]
      [Humongous Register: 0.0 ms]
      [Humongous Reclaim: 0.0 ms]
      [Free CSet: 0.2 ms]
   [Eden: 47.0M(47.0M)->0.0B(73.0M) Survivors: 7168.0K->7168.0K Heap: 946.0M(1096.0M)->899.0M(1096.0M)]
 [Times: user=0.06 sys=0.00, real=0.02 secs] 
2016-06-27T20:30:06.846+0300: 309.118: Total time for which application threads were stopped: 0.0256007 seconds, Stopping threads took: 0.0057502 seconds
2016-06-27T20:30:06.928+0300: 309.200: Total time for which application threads were stopped: 0.0092570 seconds, Stopping threads took: 0.0078881 seconds
2016-06-27T20:30:06.936+0300: 309.208: Total time for which application threads were stopped: 0.0006068 seconds, Stopping threads took: 0.0000620 seconds
2016-06-27T20:30:07.460+0300: 309.732: [GC pause (G1 Evacuation Pause) (young)
Desired survivor size 5242880 bytes, new threshold 1 (max 15)
- age   1:    7185832 bytes,    7185832 total
, 0.0101949 secs]
   [Parallel Time: 9.5 ms, GC Workers: 4]
      [GC Worker Start (ms): Min: 309732.5, Avg: 309732.5, Max: 309732.5, Diff: 0.0]
      [Ext Root Scanning (ms): Min: 0.5, Avg: 0.6, Max: 0.6, Diff: 0.1, Sum: 2.3]
      [Update RS (ms): Min: 5.9, Avg: 5.9, Max: 6.0, Diff: 0.1, Sum: 23.8]
         [Processed Buffers: Min: 13, Avg: 21.8, Max: 31, Diff: 18, Sum: 87]
      [Scan RS (ms): Min: 0.0, Avg: 0.0, Max: 0.0, Diff: 0.0, Sum: 0.0]
      [Code Root Scanning (ms): Min: 0.0, Avg: 0.0, Max: 0.0, Diff: 0.0, Sum: 0.0]
      [Object Copy (ms): Min: 2.9, Avg: 3.0, Max: 3.0, Diff: 0.1, Sum: 11.9]
      [Termination (ms): Min: 0.0, Avg: 0.0, Max: 0.0, Diff: 0.0, Sum: 0.0]
         [Termination Attempts: Min: 1, Avg: 1.0, Max: 1, Diff: 0, Sum: 4]
      [GC Worker Other (ms): Min: 0.0, Avg: 0.0, Max: 0.0, Diff: 0.0, Sum: 0.1]
      [GC Worker Total (ms): Min: 9.5, Avg: 9.5, Max: 9.5, Diff: 0.0, Sum: 38.1]
      [GC Worker End (ms): Min: 309742.0, Avg: 309742.0, Max: 309742.0, Diff: 0.0]
   [Code Root Fixup: 0.0 ms]
   [Code Root Purge: 0.0 ms]
   [Clear CT: 0.0 ms]
   [Other: 0.6 ms]
      [Choose CSet: 0.0 ms]
      [Ref Proc: 0.0 ms]
      [Ref Enq: 0.0 ms]
      [Redirty Cards: 0.0 ms]
      [Humongous Register: 0.0 ms]
      [Humongous Reclaim: 0.0 ms]
      [Free CSet: 0.1 ms]
   [Eden: 73.0M(73.0M)->0.0B(61.0M) Survivors: 7168.0K->10.0M Heap: 972.0M(1096.0M)->912.5M(1096.0M)]
 [Times: user=0.00 sys=0.00, real=0.01 secs] 
2016-06-27T20:30:07.470+0300: 309.743: Total time for which application threads were stopped: 0.0219553 seconds, Stopping threads took: 0.0109527 seconds
2016-06-27T20:30:07.925+0300: 310.197: Total time for which application threads were stopped: 0.0062429 seconds, Stopping threads took: 0.0049249 seconds
2016-06-27T20:30:07.953+0300: 310.225: [GC pause (G1 Evacuation Pause) (young) (initial-mark)
Desired survivor size 4718592 bytes, new threshold 1 (max 15)
- age   1:   10316912 bytes,   10316912 total
, 0.0053807 secs]
   [Parallel Time: 4.7 ms, GC Workers: 4]
      [GC Worker Start (ms): Min: 310225.2, Avg: 310225.2, Max: 310225.2, Diff: 0.0]
      [Ext Root Scanning (ms): Min: 0.5, Avg: 0.6, Max: 0.7, Diff: 0.1, Sum: 2.5]
      [Update RS (ms): Min: 0.7, Avg: 0.8, Max: 1.0, Diff: 0.3, Sum: 3.3]
         [Processed Buffers: Min: 2, Avg: 11.0, Max: 17, Diff: 15, Sum: 44]
      [Scan RS (ms): Min: 0.0, Avg: 0.0, Max: 0.0, Diff: 0.0, Sum: 0.0]
      [Code Root Scanning (ms): Min: 0.0, Avg: 0.0, Max: 0.0, Diff: 0.0, Sum: 0.0]
      [Object Copy (ms): Min: 3.0, Avg: 3.1, Max: 3.2, Diff: 0.2, Sum: 12.5]
      [Termination (ms): Min: 0.0, Avg: 0.0, Max: 0.0, Diff: 0.0, Sum: 0.0]
         [Termination Attempts: Min: 1, Avg: 1.0, Max: 1, Diff: 0, Sum: 4]
      [GC Worker Other (ms): Min: 0.0, Avg: 0.0, Max: 0.0, Diff: 0.0, Sum: 0.1]
      [GC Worker Total (ms): Min: 4.6, Avg: 4.6, Max: 4.6, Diff: 0.0, Sum: 18.5]
      [GC Worker End (ms): Min: 310229.8, Avg: 310229.8, Max: 310229.8, Diff: 0.0]
   [Code Root Fixup: 0.0 ms]
   [Code Root Purge: 0.0 ms]
   [Clear CT: 0.0 ms]
   [Other: 0.7 ms]
      [Choose CSet: 0.0 ms]
      [Ref Proc: 0.1 ms]
      [Ref Enq: 0.0 ms]
      [Redirty Cards: 0.0 ms]
      [Humongous Register: 0.0 ms]
      [Humongous Reclaim: 0.0 ms]
      [Free CSet: 0.1 ms]
   [Eden: 61.0M(61.0M)->0.0B(52.0M) Survivors: 10.0M->9216.0K Heap: 973.5M(1096.0M)->924.0M(1096.0M)]
 [Times: user=0.06 sys=0.00, real=0.00 secs] 
2016-06-27T20:30:07.958+0300: 310.230: [GC concurrent-root-region-scan-start]
2016-06-27T20:30:07.958+0300: 310.231: Total time for which application threads were stopped: 0.0062882 seconds, Stopping threads took: 0.0000924 seconds
2016-06-27T20:30:07.959+0300: 310.231: [GC concurrent-root-region-scan-end, 0.0008840 secs]
2016-06-27T20:30:07.959+0300: 310.231: [GC concurrent-mark-start]
2016-06-27T20:30:08.049+0300: 310.321: [GC concurrent-mark-end, 0.0898211 secs]
2016-06-27T20:30:08.081+0300: 310.353: [GC remark 2016-06-27T20:30:08.081+0300: 310.353: [Finalize Marking, 0.0002036 secs] 2016-06-27T20:30:08.081+0300: 310.353: [GC ref-proc, 0.0001031 secs] 2016-06-27T20:30:08.081+0300: 310.353: [Unloading, 0.0017465 secs], 0.0058696 secs]
 [Times: user=0.06 sys=0.00, real=0.01 secs] 
2016-06-27T20:30:08.087+0300: 310.359: Total time for which application threads were stopped: 0.0147203 seconds, Stopping threads took: 0.0083269 seconds
2016-06-27T20:30:08.103+0300: 310.375: [GC cleanup 943M->943M(1096M), 0.0021524 secs]
 [Times: user=0.00 sys=0.00, real=0.00 secs] 
2016-06-27T20:30:08.105+0300: 310.378: Total time for which application threads were stopped: 0.0027695 seconds, Stopping threads took: 0.0000710 seconds
2016-06-27T20:30:08.386+0300: 310.658: [GC pause (G1 Evacuation Pause) (young)
Desired survivor size 4194304 bytes, new threshold 1 (max 15)
- age   1:    9310664 bytes,    9310664 total
, 0.0046969 secs]
   [Parallel Time: 4.2 ms, GC Workers: 4]
      [GC Worker Start (ms): Min: 310658.1, Avg: 310658.1, Max: 310658.1, Diff: 0.0]
      [Ext Root Scanning (ms): Min: 0.5, Avg: 0.5, Max: 0.6, Diff: 0.0, Sum: 2.2]
      [Update RS (ms): Min: 0.9, Avg: 0.9, Max: 1.0, Diff: 0.1, Sum: 3.6]
         [Processed Buffers: Min: 2, Avg: 10.5, Max: 20, Diff: 18, Sum: 42]
      [Scan RS (ms): Min: 0.0, Avg: 0.0, Max: 0.0, Diff: 0.0, Sum: 0.0]
      [Code Root Scanning (ms): Min: 0.0, Avg: 0.0, Max: 0.0, Diff: 0.0, Sum: 0.0]
      [Object Copy (ms): Min: 2.6, Avg: 2.7, Max: 2.7, Diff: 0.1, Sum: 10.6]
      [Termination (ms): Min: 0.0, Avg: 0.0, Max: 0.0, Diff: 0.0, Sum: 0.0]
         [Termination Attempts: Min: 1, Avg: 1.0, Max: 1, Diff: 0, Sum: 4]
      [GC Worker Other (ms): Min: 0.0, Avg: 0.0, Max: 0.0, Diff: 0.0, Sum: 0.1]
      [GC Worker Total (ms): Min: 4.1, Avg: 4.1, Max: 4.1, Diff: 0.0, Sum: 16.6]
      [GC Worker End (ms): Min: 310662.2, Avg: 310662.2, Max: 310662.3, Diff: 0.0]
   [Code Root Fixup: 0.0 ms]
   [Code Root Purge: 0.0 ms]
   [Clear CT: 0.0 ms]
   [Other: 0.5 ms]
      [Choose CSet: 0.0 ms]
      [Ref Proc: 0.0 ms]
      [Ref Enq: 0.0 ms]
      [Redirty Cards: 0.0 ms]
      [Humongous Register: 0.0 ms]
      [Humongous Reclaim: 0.0 ms]
      [Free CSet: 0.1 ms]
   [Eden: 52.0M(52.0M)->0.0B(46.0M) Survivors: 9216.0K->8192.0K Heap: 976.0M(1096.0M)->933.5M(1096.0M)]
 [Times: user=0.00 sys=0.00, real=0.01 secs] 
2016-06-27T20:30:08.391+0300: 310.663: Total time for which application threads were stopped: 0.0130884 seconds, Stopping threads took: 0.0076388 seconds
2016-06-27T20:30:08.781+0300: 311.053: [GC pause (G1 Evacuation Pause) (mixed)
Desired survivor size 3670016 bytes, new threshold 1 (max 15)
- age   1:    8216568 bytes,    8216568 total
, 0.0198962 secs]
   [Parallel Time: 18.6 ms, GC Workers: 4]
      [GC Worker Start (ms): Min: 311053.5, Avg: 311053.5, Max: 311053.6, Diff: 0.0]
      [Ext Root Scanning (ms): Min: 0.6, Avg: 0.6, Max: 0.6, Diff: 0.1, Sum: 2.4]
      [Update RS (ms): Min: 0.7, Avg: 0.7, Max: 0.8, Diff: 0.1, Sum: 3.0]
         [Processed Buffers: Min: 2, Avg: 11.0, Max: 21, Diff: 19, Sum: 44]
      [Scan RS (ms): Min: 3.0, Avg: 3.1, Max: 3.1, Diff: 0.1, Sum: 12.3]
      [Code Root Scanning (ms): Min: 0.0, Avg: 0.0, Max: 0.0, Diff: 0.0, Sum: 0.0]
      [Object Copy (ms): Min: 14.1, Avg: 14.1, Max: 14.1, Diff: 0.1, Sum: 56.4]
      [Termination (ms): Min: 0.0, Avg: 0.0, Max: 0.0, Diff: 0.0, Sum: 0.0]
         [Termination Attempts: Min: 1, Avg: 4.3, Max: 8, Diff: 7, Sum: 17]
      [GC Worker Other (ms): Min: 0.0, Avg: 0.0, Max: 0.0, Diff: 0.0, Sum: 0.1]
      [GC Worker Total (ms): Min: 18.6, Avg: 18.6, Max: 18.6, Diff: 0.0, Sum: 74.2]
      [GC Worker End (ms): Min: 311072.1, Avg: 311072.1, Max: 311072.1, Diff: 0.0]
   [Code Root Fixup: 0.0 ms]
   [Code Root Purge: 0.0 ms]
   [Clear CT: 0.2 ms]
   [Other: 1.1 ms]
      [Choose CSet: 0.2 ms]
      [Ref Proc: 0.0 ms]
      [Ref Enq: 0.0 ms]
      [Redirty Cards: 0.0 ms]
      [Humongous Register: 0.0 ms]
      [Humongous Reclaim: 0.0 ms]
      [Free CSet: 0.5 ms]
   [Eden: 46.0M(46.0M)->0.0B(47.0M) Survivors: 8192.0K->7168.0K Heap: 979.5M(1096.0M)->903.0M(1096.0M)]
 [Times: user=0.06 sys=0.02, real=0.02 secs] 
2016-06-27T20:30:08.801+0300: 311.073: Total time for which application threads were stopped: 0.0246774 seconds, Stopping threads took: 0.0040276 seconds
2016-06-27T20:30:08.924+0300: 311.196: Total time for which application threads were stopped: 0.0055963 seconds, Stopping threads took: 0.0045203 seconds
2016-06-27T20:30:09.203+0300: 311.475: [GC pause (G1 Evacuation Pause) (mixed)
Desired survivor size 3670016 bytes, new threshold 1 (max 15)
- age   1:    7202648 bytes,    7202648 total
, 0.0196246 secs]
   [Parallel Time: 18.7 ms, GC Workers: 4]
      [GC Worker Start (ms): Min: 311475.1, Avg: 311475.1, Max: 311475.1, Diff: 0.0]
      [Ext Root Scanning (ms): Min: 0.5, Avg: 0.6, Max: 0.6, Diff: 0.1, Sum: 2.3]
      [Update RS (ms): Min: 9.3, Avg: 9.5, Max: 9.7, Diff: 0.4, Sum: 37.8]
         [Processed Buffers: Min: 14, Avg: 19.3, Max: 25, Diff: 11, Sum: 77]
      [Scan RS (ms): Min: 2.0, Avg: 2.1, Max: 2.2, Diff: 0.2, Sum: 8.4]
      [Code Root Scanning (ms): Min: 0.0, Avg: 0.0, Max: 0.2, Diff: 0.1, Sum: 0.2]
      [Object Copy (ms): Min: 6.4, Avg: 6.4, Max: 6.5, Diff: 0.1, Sum: 25.7]
      [Termination (ms): Min: 0.0, Avg: 0.0, Max: 0.0, Diff: 0.0, Sum: 0.0]
         [Termination Attempts: Min: 1, Avg: 2.0, Max: 4, Diff: 3, Sum: 8]
      [GC Worker Other (ms): Min: 0.0, Avg: 0.0, Max: 0.0, Diff: 0.0, Sum: 0.1]
      [GC Worker Total (ms): Min: 18.6, Avg: 18.6, Max: 18.6, Diff: 0.0, Sum: 74.5]
      [GC Worker End (ms): Min: 311493.8, Avg: 311493.8, Max: 311493.8, Diff: 0.0]
   [Code Root Fixup: 0.1 ms]
   [Code Root Purge: 0.0 ms]
   [Clear CT: 0.2 ms]
   [Other: 0.7 ms]
      [Choose CSet: 0.1 ms]
      [Ref Proc: 0.0 ms]
      [Ref Enq: 0.0 ms]
      [Redirty Cards: 0.0 ms]
      [Humongous Register: 0.0 ms]
      [Humongous Reclaim: 0.0 ms]
      [Free CSet: 0.2 ms]
   [Eden: 47.0M(47.0M)->0.0B(47.0M) Survivors: 7168.0K->7168.0K Heap: 950.0M(1096.0M)->900.0M(1096.0M)]
 [Times: user=0.06 sys=0.00, real=0.02 secs] 
2016-06-27T20:30:09.223+0300: 311.495: Total time for which application threads were stopped: 0.0227521 seconds, Stopping threads took: 0.0025232 seconds
2016-06-27T20:30:09.621+0300: 311.893: [GC pause (G1 Evacuation Pause) (young)
Desired survivor size 3670016 bytes, new threshold 1 (max 15)
- age   1:    7215784 bytes,    7215784 total
, 0.0100067 secs]
   [Parallel Time: 9.4 ms, GC Workers: 4]
      [GC Worker Start (ms): Min: 311893.3, Avg: 311893.3, Max: 311893.3, Diff: 0.0]
      [Ext Root Scanning (ms): Min: 0.5, Avg: 0.5, Max: 0.6, Diff: 0.1, Sum: 2.1]
      [Update RS (ms): Min: 6.4, Avg: 6.4, Max: 6.4, Diff: 0.1, Sum: 25.6]
         [Processed Buffers: Min: 7, Avg: 15.3, Max: 26, Diff: 19, Sum: 61]
      [Scan RS (ms): Min: 0.0, Avg: 0.0, Max: 0.0, Diff: 0.0, Sum: 0.0]
      [Code Root Scanning (ms): Min: 0.0, Avg: 0.0, Max: 0.0, Diff: 0.0, Sum: 0.0]
      [Object Copy (ms): Min: 2.4, Avg: 2.4, Max: 2.4, Diff: 0.1, Sum: 9.6]
      [Termination (ms): Min: 0.0, Avg: 0.0, Max: 0.0, Diff: 0.0, Sum: 0.0]
         [Termination Attempts: Min: 1, Avg: 1.0, Max: 1, Diff: 0, Sum: 4]
      [GC Worker Other (ms): Min: 0.0, Avg: 0.0, Max: 0.0, Diff: 0.0, Sum: 0.1]
      [GC Worker Total (ms): Min: 9.4, Avg: 9.4, Max: 9.4, Diff: 0.0, Sum: 37.5]
      [GC Worker End (ms): Min: 311902.7, Avg: 311902.7, Max: 311902.7, Diff: 0.0]
   [Code Root Fixup: 0.0 ms]
   [Code Root Purge: 0.0 ms]
   [Clear CT: 0.0 ms]
   [Other: 0.6 ms]
      [Choose CSet: 0.0 ms]
      [Ref Proc: 0.0 ms]
      [Ref Enq: 0.0 ms]
      [Redirty Cards: 0.0 ms]
      [Humongous Register: 0.0 ms]
      [Humongous Reclaim: 0.0 ms]
      [Free CSet: 0.1 ms]
   [Eden: 47.0M(47.0M)->0.0B(65.0M) Survivors: 7168.0K->7168.0K Heap: 947.0M(1096.0M)->908.5M(1096.0M)]
 [Times: user=0.06 sys=0.00, real=0.01 secs] 
2016-06-27T20:30:09.631+0300: 311.903: Total time for which application threads were stopped: 0.0159750 seconds, Stopping threads took: 0.0053431 seconds
2016-06-27T20:30:10.064+0300: 312.336: [GC pause (G1 Evacuation Pause) (young) (initial-mark)
Desired survivor size 4718592 bytes, new threshold 1 (max 15)
- age   1:    7238928 bytes,    7238928 total
, 0.0053243 secs]
   [Parallel Time: 4.6 ms, GC Workers: 4]
      [GC Worker Start (ms): Min: 312336.6, Avg: 312336.6, Max: 312336.6, Diff: 0.0]
      [Ext Root Scanning (ms): Min: 0.5, Avg: 0.6, Max: 0.8, Diff: 0.2, Sum: 2.5]
      [Update RS (ms): Min: 1.0, Avg: 1.1, Max: 1.3, Diff: 0.3, Sum: 4.4]
         [Processed Buffers: Min: 8, Avg: 12.5, Max: 17, Diff: 9, Sum: 50]
      [Scan RS (ms): Min: 0.0, Avg: 0.0, Max: 0.0, Diff: 0.0, Sum: 0.0]
      [Code Root Scanning (ms): Min: 0.0, Avg: 0.0, Max: 0.0, Diff: 0.0, Sum: 0.0]
      [Object Copy (ms): Min: 2.7, Avg: 2.8, Max: 2.8, Diff: 0.1, Sum: 11.2]
      [Termination (ms): Min: 0.0, Avg: 0.0, Max: 0.0, Diff: 0.0, Sum: 0.0]
         [Termination Attempts: Min: 1, Avg: 1.0, Max: 1, Diff: 0, Sum: 4]
      [GC Worker Other (ms): Min: 0.0, Avg: 0.0, Max: 0.0, Diff: 0.0, Sum: 0.1]
      [GC Worker Total (ms): Min: 4.5, Avg: 4.5, Max: 4.5, Diff: 0.0, Sum: 18.1]
      [GC Worker End (ms): Min: 312341.2, Avg: 312341.2, Max: 312341.2, Diff: 0.0]
   [Code Root Fixup: 0.0 ms]
   [Code Root Purge: 0.0 ms]
   [Clear CT: 0.0 ms]
   [Other: 0.7 ms]
      [Choose CSet: 0.0 ms]
      [Ref Proc: 0.0 ms]
      [Ref Enq: 0.0 ms]
      [Redirty Cards: 0.0 ms]
      [Humongous Register: 0.0 ms]
      [Humongous Reclaim: 0.0 ms]
      [Free CSet: 0.1 ms]
   [Eden: 65.0M(65.0M)->0.0B(55.0M) Survivors: 7168.0K->9216.0K Heap: 973.5M(1096.0M)->920.5M(1096.0M)]
 [Times: user=0.06 sys=0.00, real=0.01 secs] 
2016-06-27T20:30:10.070+0300: 312.342: [GC concurrent-root-region-scan-start]
2016-06-27T20:30:10.070+0300: 312.342: Total time for which application threads were stopped: 0.0113859 seconds, Stopping threads took: 0.0054064 seconds
2016-06-27T20:30:10.071+0300: 312.343: [GC concurrent-root-region-scan-end, 0.0008775 secs]
2016-06-27T20:30:10.071+0300: 312.343: [GC concurrent-mark-start]
2016-06-27T20:30:10.157+0300: 312.429: [GC concurrent-mark-end, 0.0852174 secs]
2016-06-27T20:30:10.178+0300: 312.450: [GC remark 2016-06-27T20:30:10.178+0300: 312.450: [Finalize Marking, 0.0002613 secs] 2016-06-27T20:30:10.178+0300: 312.450: [GC ref-proc, 0.0000937 secs] 2016-06-27T20:30:10.178+0300: 312.451: [Unloading, 0.0017530 secs], 0.0059418 secs]
 [Times: user=0.00 sys=0.00, real=0.01 secs] 
2016-06-27T20:30:10.184+0300: 312.456: Total time for which application threads were stopped: 0.0134553 seconds, Stopping threads took: 0.0070349 seconds
2016-06-27T20:30:10.517+0300: 312.789: [GC cleanup 975M->975M(1096M), 0.0020673 secs]
 [Times: user=0.00 sys=0.00, real=0.00 secs] 
2016-06-27T20:30:10.519+0300: 312.791: Total time for which application threads were stopped: 0.0068429 seconds, Stopping threads took: 0.0042410 seconds
2016-06-27T20:30:10.521+0300: 312.793: [GC pause (G1 Evacuation Pause) (young)
Desired survivor size 4194304 bytes, new threshold 1 (max 15)
- age   1:    8910696 bytes,    8910696 total
, 0.0051956 secs]
   [Parallel Time: 4.4 ms, GC Workers: 4]
      [GC Worker Start (ms): Min: 312792.9, Avg: 312792.9, Max: 312792.9, Diff: 0.0]
      [Ext Root Scanning (ms): Min: 0.5, Avg: 0.5, Max: 0.6, Diff: 0.2, Sum: 2.1]
      [Update RS (ms): Min: 0.9, Avg: 1.0, Max: 1.0, Diff: 0.1, Sum: 3.9]
         [Processed Buffers: Min: 5, Avg: 12.3, Max: 20, Diff: 15, Sum: 49]
      [Scan RS (ms): Min: 0.0, Avg: 0.0, Max: 0.0, Diff: 0.0, Sum: 0.0]
      [Code Root Scanning (ms): Min: 0.0, Avg: 0.0, Max: 0.0, Diff: 0.0, Sum: 0.0]
      [Object Copy (ms): Min: 2.7, Avg: 2.7, Max: 2.8, Diff: 0.1, Sum: 11.0]
      [Termination (ms): Min: 0.0, Avg: 0.0, Max: 0.0, Diff: 0.0, Sum: 0.0]
         [Termination Attempts: Min: 1, Avg: 1.0, Max: 1, Diff: 0, Sum: 4]
      [GC Worker Other (ms): Min: 0.0, Avg: 0.1, Max: 0.1, Diff: 0.1, Sum: 0.2]
      [GC Worker Total (ms): Min: 4.3, Avg: 4.3, Max: 4.4, Diff: 0.1, Sum: 17.3]
      [GC Worker End (ms): Min: 312797.1, Avg: 312797.2, Max: 312797.2, Diff: 0.1]
   [Code Root Fixup: 0.0 ms]
   [Code Root Purge: 0.0 ms]
   [Clear CT: 0.1 ms]
   [Other: 0.7 ms]
      [Choose CSet: 0.0 ms]
      [Ref Proc: 0.2 ms]
      [Ref Enq: 0.0 ms]
      [Redirty Cards: 0.1 ms]
      [Humongous Register: 0.0 ms]
      [Humongous Reclaim: 0.0 ms]
      [Free CSet: 0.1 ms]
   [Eden: 55.0M(55.0M)->0.0B(46.0M) Survivors: 9216.0K->8192.0K Heap: 975.5M(1096.0M)->930.5M(1096.0M)]
 [Times: user=0.00 sys=0.00, real=0.01 secs] 
2016-06-27T20:30:10.526+0300: 312.798: Total time for which application threads were stopped: 0.0059914 seconds, Stopping threads took: 0.0000842 seconds
2016-06-27T20:30:10.926+0300: 313.198: [GC pause (G1 Evacuation Pause) (mixed)
Desired survivor size 3670016 bytes, new threshold 1 (max 15)
- age   1:    8089328 bytes,    8089328 total
, 0.0209854 secs]
   [Parallel Time: 19.6 ms, GC Workers: 4]
      [GC Worker Start (ms): Min: 313198.5, Avg: 313198.5, Max: 313198.6, Diff: 0.0]
      [Ext Root Scanning (ms): Min: 0.5, Avg: 0.6, Max: 0.6, Diff: 0.1, Sum: 2.3]
      [Update RS (ms): Min: 0.9, Avg: 1.0, Max: 1.1, Diff: 0.1, Sum: 4.0]
         [Processed Buffers: Min: 2, Avg: 8.8, Max: 20, Diff: 18, Sum: 35]
      [Scan RS (ms): Min: 3.2, Avg: 3.3, Max: 3.4, Diff: 0.2, Sum: 13.3]
      [Code Root Scanning (ms): Min: 0.0, Avg: 0.0, Max: 0.1, Diff: 0.1, Sum: 0.1]
      [Object Copy (ms): Min: 14.6, Avg: 14.7, Max: 14.7, Diff: 0.1, Sum: 58.6]
      [Termination (ms): Min: 0.0, Avg: 0.0, Max: 0.0, Diff: 0.0, Sum: 0.0]
         [Termination Attempts: Min: 1, Avg: 4.5, Max: 7, Diff: 6, Sum: 18]
      [GC Worker Other (ms): Min: 0.0, Avg: 0.0, Max: 0.0, Diff: 0.0, Sum: 0.1]
      [GC Worker Total (ms): Min: 19.6, Avg: 19.6, Max: 19.6, Diff: 0.0, Sum: 78.4]
      [GC Worker End (ms): Min: 313218.1, Avg: 313218.1, Max: 313218.1, Diff: 0.0]
   [Code Root Fixup: 0.1 ms]
   [Code Root Purge: 0.0 ms]
   [Clear CT: 0.2 ms]
   [Other: 1.1 ms]
      [Choose CSet: 0.2 ms]
      [Ref Proc: 0.1 ms]
      [Ref Enq: 0.0 ms]
      [Redirty Cards: 0.1 ms]
      [Humongous Register: 0.0 ms]
      [Humongous Reclaim: 0.0 ms]
      [Free CSet: 0.5 ms]
   [Eden: 46.0M(46.0M)->0.0B(47.0M) Survivors: 8192.0K->7168.0K Heap: 976.5M(1096.0M)->900.5M(1096.0M)]
 [Times: user=0.08 sys=0.00, real=0.02 secs] 
2016-06-27T20:30:10.947+0300: 313.219: Total time for which application threads were stopped: 0.0273943 seconds, Stopping threads took: 0.0057956 seconds
2016-06-27T20:30:11.355+0300: 313.627: [GC pause (G1 Evacuation Pause) (mixed)
Desired survivor size 3670016 bytes, new threshold 1 (max 15)
- age   1:    6757560 bytes,    6757560 total
, 0.0207477 secs]
   [Parallel Time: 19.7 ms, GC Workers: 4]
      [GC Worker Start (ms): Min: 313627.3, Avg: 313627.3, Max: 313627.3, Diff: 0.0]
      [Ext Root Scanning (ms): Min: 0.5, Avg: 0.5, Max: 0.6, Diff: 0.1, Sum: 2.2]
      [Update RS (ms): Min: 10.4, Avg: 10.4, Max: 10.4, Diff: 0.0, Sum: 41.7]
         [Processed Buffers: Min: 14, Avg: 17.5, Max: 26, Diff: 12, Sum: 70]
      [Scan RS (ms): Min: 2.1, Avg: 2.1, Max: 2.1, Diff: 0.0, Sum: 8.4]
      [Code Root Scanning (ms): Min: 0.0, Avg: 0.0, Max: 0.2, Diff: 0.2, Sum: 0.2]
      [Object Copy (ms): Min: 6.5, Avg: 6.6, Max: 6.6, Diff: 0.2, Sum: 26.2]
      [Termination (ms): Min: 0.0, Avg: 0.0, Max: 0.0, Diff: 0.0, Sum: 0.0]
         [Termination Attempts: Min: 1, Avg: 2.3, Max: 4, Diff: 3, Sum: 9]
      [GC Worker Other (ms): Min: 0.0, Avg: 0.0, Max: 0.0, Diff: 0.0, Sum: 0.1]
      [GC Worker Total (ms): Min: 19.6, Avg: 19.7, Max: 19.7, Diff: 0.0, Sum: 78.7]
      [GC Worker End (ms): Min: 313646.9, Avg: 313646.9, Max: 313647.0, Diff: 0.0]
   [Code Root Fixup: 0.1 ms]
   [Code Root Purge: 0.0 ms]
   [Clear CT: 0.2 ms]
   [Other: 0.8 ms]
      [Choose CSet: 0.1 ms]
      [Ref Proc: 0.1 ms]
      [Ref Enq: 0.0 ms]
      [Redirty Cards: 0.0 ms]
      [Humongous Register: 0.0 ms]
      [Humongous Reclaim: 0.0 ms]
      [Free CSet: 0.2 ms]
   [Eden: 47.0M(47.0M)->0.0B(47.0M) Survivors: 7168.0K->7168.0K Heap: 947.5M(1096.0M)->897.5M(1096.0M)]
 [Times: user=0.06 sys=0.00, real=0.02 secs] 
2016-06-27T20:30:11.376+0300: 313.648: Total time for which application threads were stopped: 0.0275533 seconds, Stopping threads took: 0.0061120 seconds
2016-06-27T20:30:11.766+0300: 314.038: [GC pause (G1 Evacuation Pause) (young)
Desired survivor size 3670016 bytes, new threshold 1 (max 15)
- age   1:    7094912 bytes,    7094912 total
, 0.0100901 secs]
   [Parallel Time: 9.4 ms, GC Workers: 4]
      [GC Worker Start (ms): Min: 314038.4, Avg: 314038.4, Max: 314038.4, Diff: 0.0]
      [Ext Root Scanning (ms): Min: 0.5, Avg: 0.6, Max: 0.7, Diff: 0.1, Sum: 2.3]
      [Update RS (ms): Min: 6.5, Avg: 6.5, Max: 6.7, Diff: 0.3, Sum: 26.2]
         [Processed Buffers: Min: 7, Avg: 12.5, Max: 19, Diff: 12, Sum: 50]
      [Scan RS (ms): Min: 0.0, Avg: 0.0, Max: 0.0, Diff: 0.0, Sum: 0.0]
      [Code Root Scanning (ms): Min: 0.0, Avg: 0.0, Max: 0.0, Diff: 0.0, Sum: 0.0]
      [Object Copy (ms): Min: 2.1, Avg: 2.3, Max: 2.4, Diff: 0.2, Sum: 9.1]
      [Termination (ms): Min: 0.0, Avg: 0.0, Max: 0.0, Diff: 0.0, Sum: 0.0]
         [Termination Attempts: Min: 1, Avg: 1.3, Max: 2, Diff: 1, Sum: 5]
      [GC Worker Other (ms): Min: 0.0, Avg: 0.0, Max: 0.0, Diff: 0.0, Sum: 0.1]
      [GC Worker Total (ms): Min: 9.4, Avg: 9.4, Max: 9.4, Diff: 0.0, Sum: 37.7]
      [GC Worker End (ms): Min: 314047.8, Avg: 314047.8, Max: 314047.8, Diff: 0.0]
   [Code Root Fixup: 0.0 ms]
   [Code Root Purge: 0.0 ms]
   [Clear CT: 0.0 ms]
   [Other: 0.6 ms]
      [Choose CSet: 0.0 ms]
      [Ref Proc: 0.0 ms]
      [Ref Enq: 0.0 ms]
      [Redirty Cards: 0.0 ms]
      [Humongous Register: 0.1 ms]
      [Humongous Reclaim: 0.0 ms]
      [Free CSet: 0.1 ms]
   [Eden: 47.0M(47.0M)->0.0B(67.0M) Survivors: 7168.0K->7168.0K Heap: 944.5M(1096.0M)->907.0M(1096.0M)]
 [Times: user=0.06 sys=0.00, real=0.01 secs] 
2016-06-27T20:30:11.777+0300: 314.048: Total time for which application threads were stopped: 0.0154229 seconds, Stopping threads took: 0.0047397 seconds
2016-06-27T20:30:12.359+0300: 314.631: [GC pause (G1 Evacuation Pause) (young) (initial-mark)
Desired survivor size 5242880 bytes, new threshold 1 (max 15)
- age   1:    7221816 bytes,    7221816 total
, 0.0052777 secs]
   [Parallel Time: 4.6 ms, GC Workers: 4]
      [GC Worker Start (ms): Min: 314631.4, Avg: 314631.4, Max: 314631.4, Diff: 0.0]
      [Ext Root Scanning (ms): Min: 0.5, Avg: 0.6, Max: 0.7, Diff: 0.2, Sum: 2.2]
      [Update RS (ms): Min: 1.0, Avg: 1.0, Max: 1.2, Diff: 0.2, Sum: 4.2]
         [Processed Buffers: Min: 6, Avg: 16.8, Max: 28, Diff: 22, Sum: 67]
      [Scan RS (ms): Min: 0.0, Avg: 0.0, Max: 0.0, Diff: 0.0, Sum: 0.0]
      [Code Root Scanning (ms): Min: 0.0, Avg: 0.0, Max: 0.0, Diff: 0.0, Sum: 0.0]
      [Object Copy (ms): Min: 2.8, Avg: 2.9, Max: 3.0, Diff: 0.2, Sum: 11.7]
      [Termination (ms): Min: 0.0, Avg: 0.0, Max: 0.0, Diff: 0.0, Sum: 0.0]
         [Termination Attempts: Min: 1, Avg: 1.0, Max: 1, Diff: 0, Sum: 4]
      [GC Worker Other (ms): Min: 0.0, Avg: 0.0, Max: 0.0, Diff: 0.0, Sum: 0.1]
      [GC Worker Total (ms): Min: 4.5, Avg: 4.6, Max: 4.6, Diff: 0.0, Sum: 18.2]
      [GC Worker End (ms): Min: 314636.0, Avg: 314636.0, Max: 314636.0, Diff: 0.0]
   [Code Root Fixup: 0.0 ms]
   [Code Root Purge: 0.0 ms]
   [Clear CT: 0.0 ms]
   [Other: 0.6 ms]
      [Choose CSet: 0.0 ms]
      [Ref Proc: 0.0 ms]
      [Ref Enq: 0.0 ms]
      [Redirty Cards: 0.0 ms]
      [Humongous Register: 0.0 ms]
      [Humongous Reclaim: 0.0 ms]
      [Free CSet: 0.1 ms]
   [Eden: 67.0M(67.0M)->0.0B(56.0M) Survivors: 7168.0K->10.0M Heap: 974.0M(1096.0M)->919.0M(1096.0M)]
 [Times: user=0.06 sys=0.00, real=0.01 secs] 
2016-06-27T20:30:12.364+0300: 314.637: [GC concurrent-root-region-scan-start]
2016-06-27T20:30:12.364+0300: 314.637: Total time for which application threads were stopped: 0.0149517 seconds, Stopping threads took: 0.0090252 seconds
2016-06-27T20:30:12.365+0300: 314.638: [GC concurrent-root-region-scan-end, 0.0010268 secs]
2016-06-27T20:30:12.365+0300: 314.638: [GC concurrent-mark-start]
2016-06-27T20:30:12.444+0300: 314.716: [GC concurrent-mark-end, 0.0783287 secs]
2016-06-27T20:30:12.467+0300: 314.738: [GC remark 2016-06-27T20:30:12.467+0300: 314.738: [Finalize Marking, 0.0004371 secs] 2016-06-27T20:30:12.467+0300: 314.739: [GC ref-proc, 0.0000937 secs] 2016-06-27T20:30:12.467+0300: 314.739: [Unloading, 0.0016798 secs], 0.0059393 secs]
 [Times: user=0.00 sys=0.00, real=0.01 secs] 
2016-06-27T20:30:12.473+0300: 314.744: Total time for which application threads were stopped: 0.0145364 seconds, Stopping threads took: 0.0081455 seconds
2016-06-27T20:30:12.474+0300: 314.745: [GC cleanup 933M->933M(1096M), 0.0022200 secs]
 [Times: user=0.00 sys=0.01, real=0.00 secs] 
2016-06-27T20:30:12.476+0300: 314.748: Total time for which application threads were stopped: 0.0027827 seconds, Stopping threads took: 0.0000577 seconds
2016-06-27T20:30:12.828+0300: 315.100: [GC pause (G1 Evacuation Pause) (young)
Desired survivor size 4718592 bytes, new threshold 1 (max 15)
- age   1:   10341752 bytes,   10341752 total
, 0.0055069 secs]
   [Parallel Time: 4.9 ms, GC Workers: 4]
      [GC Worker Start (ms): Min: 315100.2, Avg: 315100.2, Max: 315100.2, Diff: 0.0]
      [Ext Root Scanning (ms): Min: 0.5, Avg: 0.6, Max: 0.7, Diff: 0.1, Sum: 2.3]
      [Update RS (ms): Min: 1.1, Avg: 1.3, Max: 1.4, Diff: 0.2, Sum: 5.0]
         [Processed Buffers: Min: 4, Avg: 6.0, Max: 10, Diff: 6, Sum: 24]
      [Scan RS (ms): Min: 0.0, Avg: 0.0, Max: 0.0, Diff: 0.0, Sum: 0.0]
      [Code Root Scanning (ms): Min: 0.0, Avg: 0.0, Max: 0.0, Diff: 0.0, Sum: 0.0]
      [Object Copy (ms): Min: 3.0, Avg: 3.0, Max: 3.1, Diff: 0.1, Sum: 12.2]
      [Termination (ms): Min: 0.0, Avg: 0.0, Max: 0.0, Diff: 0.0, Sum: 0.0]
         [Termination Attempts: Min: 1, Avg: 1.0, Max: 1, Diff: 0, Sum: 4]
      [GC Worker Other (ms): Min: 0.0, Avg: 0.0, Max: 0.0, Diff: 0.0, Sum: 0.1]
      [GC Worker Total (ms): Min: 4.9, Avg: 4.9, Max: 4.9, Diff: 0.0, Sum: 19.6]
      [GC Worker End (ms): Min: 315105.1, Avg: 315105.1, Max: 315105.1, Diff: 0.0]
   [Code Root Fixup: 0.0 ms]
   [Code Root Purge: 0.0 ms]
   [Clear CT: 0.1 ms]
   [Other: 0.5 ms]
      [Choose CSet: 0.0 ms]
      [Ref Proc: 0.1 ms]
      [Ref Enq: 0.0 ms]
      [Redirty Cards: 0.0 ms]
      [Humongous Register: 0.0 ms]
      [Humongous Reclaim: 0.0 ms]
      [Free CSet: 0.1 ms]
   [Eden: 56.0M(56.0M)->0.0B(45.0M) Survivors: 10.0M->9216.0K Heap: 975.0M(1096.0M)->929.0M(1096.0M)]
 [Times: user=0.06 sys=0.00, real=0.01 secs] 
2016-06-27T20:30:12.834+0300: 315.106: Total time for which application threads were stopped: 0.0130242 seconds, Stopping threads took: 0.0068822 seconds
2016-06-27T20:30:13.227+0300: 315.499: [GC pause (G1 Evacuation Pause) (mixed)
Desired survivor size 3670016 bytes, new threshold 1 (max 15)
- age   1:    9179208 bytes,    9179208 total
, 0.0197880 secs]
   [Parallel Time: 18.5 ms, GC Workers: 4]
      [GC Worker Start (ms): Min: 315499.4, Avg: 315499.4, Max: 315499.4, Diff: 0.0]
      [Ext Root Scanning (ms): Min: 0.6, Avg: 0.7, Max: 0.7, Diff: 0.1, Sum: 2.6]
      [Update RS (ms): Min: 1.1, Avg: 1.2, Max: 1.3, Diff: 0.2, Sum: 4.9]
         [Processed Buffers: Min: 3, Avg: 8.3, Max: 14, Diff: 11, Sum: 33]
      [Scan RS (ms): Min: 3.0, Avg: 3.2, Max: 3.3, Diff: 0.3, Sum: 12.7]
      [Code Root Scanning (ms): Min: 0.0, Avg: 0.0, Max: 0.2, Diff: 0.2, Sum: 0.2]
      [Object Copy (ms): Min: 13.3, Avg: 13.3, Max: 13.3, Diff: 0.1, Sum: 53.2]
      [Termination (ms): Min: 0.0, Avg: 0.0, Max: 0.0, Diff: 0.0, Sum: 0.0]
         [Termination Attempts: Min: 1, Avg: 1.5, Max: 2, Diff: 1, Sum: 6]
      [GC Worker Other (ms): Min: 0.0, Avg: 0.0, Max: 0.0, Diff: 0.0, Sum: 0.1]
      [GC Worker Total (ms): Min: 18.4, Avg: 18.4, Max: 18.4, Diff: 0.0, Sum: 73.6]
      [GC Worker End (ms): Min: 315517.8, Avg: 315517.8, Max: 315517.8, Diff: 0.0]
   [Code Root Fixup: 0.1 ms]
   [Code Root Purge: 0.0 ms]
   [Clear CT: 0.2 ms]
   [Other: 1.1 ms]
      [Choose CSet: 0.2 ms]
      [Ref Proc: 0.1 ms]
      [Ref Enq: 0.0 ms]
      [Redirty Cards: 0.0 ms]
      [Humongous Register: 0.0 ms]
      [Humongous Reclaim: 0.0 ms]
      [Free CSet: 0.5 ms]
   [Eden: 45.0M(45.0M)->0.0B(47.0M) Survivors: 9216.0K->7168.0K Heap: 974.0M(1096.0M)->893.5M(1096.0M)]
 [Times: user=0.06 sys=0.00, real=0.02 secs] 
2016-06-27T20:30:13.247+0300: 315.519: Total time for which application threads were stopped: 0.0292695 seconds, Stopping threads took: 0.0088704 seconds
2016-06-27T20:30:13.450+0300: 315.722: Total time for which application threads were stopped: 0.0087720 seconds, Stopping threads took: 0.0083756 seconds
2016-06-27T20:30:13.652+0300: 315.924: [GC pause (G1 Evacuation Pause) (mixed)
Desired survivor size 3670016 bytes, new threshold 1 (max 15)
- age   1:    6883808 bytes,    6883808 total
, 0.0272660 secs]
   [Parallel Time: 26.0 ms, GC Workers: 4]
      [GC Worker Start (ms): Min: 315924.5, Avg: 315924.5, Max: 315924.5, Diff: 0.0]
      [Ext Root Scanning (ms): Min: 0.5, Avg: 0.5, Max: 0.5, Diff: 0.0, Sum: 2.1]
      [Update RS (ms): Min: 8.8, Avg: 9.0, Max: 9.3, Diff: 0.5, Sum: 35.8]
         [Processed Buffers: Min: 12, Avg: 16.3, Max: 26, Diff: 14, Sum: 65]
      [Scan RS (ms): Min: 3.2, Avg: 3.6, Max: 3.7, Diff: 0.5, Sum: 14.3]
      [Code Root Scanning (ms): Min: 0.0, Avg: 0.0, Max: 0.0, Diff: 0.0, Sum: 0.0]
      [Object Copy (ms): Min: 12.8, Avg: 12.9, Max: 12.9, Diff: 0.0, Sum: 51.4]
      [Termination (ms): Min: 0.0, Avg: 0.0, Max: 0.0, Diff: 0.0, Sum: 0.0]
         [Termination Attempts: Min: 1, Avg: 1.8, Max: 3, Diff: 2, Sum: 7]
      [GC Worker Other (ms): Min: 0.0, Avg: 0.0, Max: 0.0, Diff: 0.0, Sum: 0.1]
      [GC Worker Total (ms): Min: 25.9, Avg: 25.9, Max: 25.9, Diff: 0.0, Sum: 103.7]
      [GC Worker End (ms): Min: 315950.4, Avg: 315950.4, Max: 315950.4, Diff: 0.0]
   [Code Root Fixup: 0.0 ms]
   [Code Root Purge: 0.0 ms]
   [Clear CT: 0.2 ms]
   [Other: 1.1 ms]
      [Choose CSet: 0.2 ms]
      [Ref Proc: 0.1 ms]
      [Ref Enq: 0.0 ms]
      [Redirty Cards: 0.1 ms]
      [Humongous Register: 0.0 ms]
      [Humongous Reclaim: 0.0 ms]
      [Free CSet: 0.4 ms]
   [Eden: 47.0M(47.0M)->0.0B(47.0M) Survivors: 7168.0K->7168.0K Heap: 940.5M(1096.0M)->873.5M(1096.0M)]
 [Times: user=0.13 sys=0.00, real=0.03 secs] 
2016-06-27T20:30:13.679+0300: 315.952: Total time for which application threads were stopped: 0.0361167 seconds, Stopping threads took: 0.0082110 seconds
2016-06-27T20:30:13.931+0300: 316.203: Total time for which application threads were stopped: 0.0107739 seconds, Stopping threads took: 0.0087797 seconds
2016-06-27T20:30:14.057+0300: 316.329: [GC pause (G1 Evacuation Pause) (young)
Desired survivor size 3670016 bytes, new threshold 1 (max 15)
- age   1:    7225368 bytes,    7225368 total
, 0.0138107 secs]
   [Parallel Time: 13.1 ms, GC Workers: 4]
      [GC Worker Start (ms): Min: 316329.2, Avg: 316329.2, Max: 316329.2, Diff: 0.0]
      [Ext Root Scanning (ms): Min: 0.5, Avg: 0.5, Max: 0.6, Diff: 0.1, Sum: 2.1]
      [Update RS (ms): Min: 10.1, Avg: 10.2, Max: 10.5, Diff: 0.5, Sum: 40.9]
         [Processed Buffers: Min: 11, Avg: 20.3, Max: 39, Diff: 28, Sum: 81]
      [Scan RS (ms): Min: 0.0, Avg: 0.0, Max: 0.0, Diff: 0.0, Sum: 0.0]
      [Code Root Scanning (ms): Min: 0.0, Avg: 0.0, Max: 0.0, Diff: 0.0, Sum: 0.0]
      [Object Copy (ms): Min: 2.0, Avg: 2.3, Max: 2.5, Diff: 0.5, Sum: 9.3]
      [Termination (ms): Min: 0.0, Avg: 0.0, Max: 0.0, Diff: 0.0, Sum: 0.0]
         [Termination Attempts: Min: 1, Avg: 1.0, Max: 1, Diff: 0, Sum: 4]
      [GC Worker Other (ms): Min: 0.0, Avg: 0.0, Max: 0.0, Diff: 0.0, Sum: 0.1]
      [GC Worker Total (ms): Min: 13.1, Avg: 13.1, Max: 13.1, Diff: 0.0, Sum: 52.4]
      [GC Worker End (ms): Min: 316342.3, Avg: 316342.3, Max: 316342.3, Diff: 0.0]
   [Code Root Fixup: 0.0 ms]
   [Code Root Purge: 0.0 ms]
   [Clear CT: 0.1 ms]
   [Other: 0.6 ms]
      [Choose CSet: 0.0 ms]
      [Ref Proc: 0.0 ms]
      [Ref Enq: 0.0 ms]
      [Redirty Cards: 0.0 ms]
      [Humongous Register: 0.0 ms]
      [Humongous Reclaim: 0.0 ms]
      [Free CSet: 0.1 ms]
   [Eden: 47.0M(47.0M)->0.0B(47.0M) Survivors: 7168.0K->7168.0K Heap: 920.5M(1096.0M)->883.0M(1096.0M)]
 [Times: user=0.05 sys=0.00, real=0.01 secs] 
2016-06-27T20:30:14.071+0300: 316.343: Total time for which application threads were stopped: 0.0217924 seconds, Stopping threads took: 0.0074061 seconds
2016-06-27T20:30:14.472+0300: 316.744: [GC pause (G1 Evacuation Pause) (young) (initial-mark)
Desired survivor size 3670016 bytes, new threshold 1 (max 15)
- age   1:    6981648 bytes,    6981648 total
, 0.0047003 secs]
   [Parallel Time: 4.0 ms, GC Workers: 4]
      [GC Worker Start (ms): Min: 316744.8, Avg: 316744.8, Max: 316744.8, Diff: 0.0]
      [Ext Root Scanning (ms): Min: 0.5, Avg: 0.5, Max: 0.7, Diff: 0.2, Sum: 2.1]
      [Update RS (ms): Min: 0.9, Avg: 1.0, Max: 1.1, Diff: 0.2, Sum: 4.2]
         [Processed Buffers: Min: 2, Avg: 9.0, Max: 17, Diff: 15, Sum: 36]
      [Scan RS (ms): Min: 0.0, Avg: 0.0, Max: 0.0, Diff: 0.0, Sum: 0.0]
      [Code Root Scanning (ms): Min: 0.0, Avg: 0.0, Max: 0.0, Diff: 0.0, Sum: 0.0]
      [Object Copy (ms): Min: 2.3, Avg: 2.4, Max: 2.4, Diff: 0.1, Sum: 9.5]
      [Termination (ms): Min: 0.0, Avg: 0.0, Max: 0.0, Diff: 0.0, Sum: 0.0]
         [Termination Attempts: Min: 1, Avg: 1.0, Max: 1, Diff: 0, Sum: 4]
      [GC Worker Other (ms): Min: 0.0, Avg: 0.0, Max: 0.0, Diff: 0.0, Sum: 0.1]
      [GC Worker Total (ms): Min: 3.9, Avg: 3.9, Max: 4.0, Diff: 0.0, Sum: 15.8]
      [GC Worker End (ms): Min: 316748.7, Avg: 316748.7, Max: 316748.7, Diff: 0.0]
   [Code Root Fixup: 0.0 ms]
   [Code Root Purge: 0.0 ms]
   [Clear CT: 0.0 ms]
   [Other: 0.7 ms]
      [Choose CSet: 0.0 ms]
      [Ref Proc: 0.0 ms]
      [Ref Enq: 0.0 ms]
      [Redirty Cards: 0.0 ms]
      [Humongous Register: 0.0 ms]
      [Humongous Reclaim: 0.0 ms]
      [Free CSet: 0.1 ms]
   [Eden: 47.0M(47.0M)->0.0B(78.0M) Survivors: 7168.0K->7168.0K Heap: 930.0M(1096.0M)->892.5M(1096.0M)]
 [Times: user=0.06 sys=0.00, real=0.01 secs] 
2016-06-27T20:30:14.477+0300: 316.749: [GC concurrent-root-region-scan-start]
2016-06-27T20:30:14.477+0300: 316.749: Total time for which application threads were stopped: 0.0155033 seconds, Stopping threads took: 0.0101816 seconds
2016-06-27T20:30:14.478+0300: 316.750: [GC concurrent-root-region-scan-end, 0.0008583 secs]
2016-06-27T20:30:14.478+0300: 316.750: [GC concurrent-mark-start]
2016-06-27T20:30:14.573+0300: 316.845: [GC concurrent-mark-end, 0.0904908 secs]
2016-06-27T20:30:14.595+0300: 316.867: [GC remark 2016-06-27T20:30:14.595+0300: 316.867: [Finalize Marking, 0.0001758 secs] 2016-06-27T20:30:14.595+0300: 316.867: [GC ref-proc, 0.0001095 secs] 2016-06-27T20:30:14.595+0300: 316.867: [Unloading, 0.0016324 secs], 0.0055578 secs]
 [Times: user=0.06 sys=0.00, real=0.01 secs] 
2016-06-27T20:30:14.601+0300: 316.872: Total time for which application threads were stopped: 0.0100695 seconds, Stopping threads took: 0.0040956 seconds
2016-06-27T20:30:14.602+0300: 316.874: [GC cleanup 924M->924M(1096M), 0.0021900 secs]
 [Times: user=0.00 sys=0.00, real=0.00 secs] 
2016-06-27T20:30:14.604+0300: 316.876: Total time for which application threads were stopped: 0.0027088 seconds, Stopping threads took: 0.0000654 seconds
2016-06-27T20:30:14.927+0300: 317.199: Total time for which application threads were stopped: 0.0071376 seconds, Stopping threads took: 0.0054192 seconds
2016-06-27T20:30:14.998+0300: 317.270: [GC pause (G1 Evacuation Pause) (young)
Desired survivor size 5767168 bytes, new threshold 1 (max 15)
- age   1:    7201032 bytes,    7201032 total
, 0.0048286 secs]
   [Parallel Time: 4.3 ms, GC Workers: 4]
      [GC Worker Start (ms): Min: 317270.5, Avg: 317270.5, Max: 317270.5, Diff: 0.0]
      [Ext Root Scanning (ms): Min: 0.5, Avg: 0.5, Max: 0.6, Diff: 0.1, Sum: 2.2]
      [Update RS (ms): Min: 0.6, Avg: 0.6, Max: 0.7, Diff: 0.1, Sum: 2.6]
         [Processed Buffers: Min: 2, Avg: 5.8, Max: 10, Diff: 8, Sum: 23]
      [Scan RS (ms): Min: 0.0, Avg: 0.0, Max: 0.0, Diff: 0.0, Sum: 0.1]
      [Code Root Scanning (ms): Min: 0.0, Avg: 0.0, Max: 0.0, Diff: 0.0, Sum: 0.0]
      [Object Copy (ms): Min: 3.0, Avg: 3.0, Max: 3.0, Diff: 0.1, Sum: 12.0]
      [Termination (ms): Min: 0.0, Avg: 0.0, Max: 0.0, Diff: 0.0, Sum: 0.0]
         [Termination Attempts: Min: 1, Avg: 1.0, Max: 1, Diff: 0, Sum: 4]
      [GC Worker Other (ms): Min: 0.0, Avg: 0.0, Max: 0.0, Diff: 0.0, Sum: 0.1]
      [GC Worker Total (ms): Min: 4.2, Avg: 4.2, Max: 4.2, Diff: 0.0, Sum: 16.9]
      [GC Worker End (ms): Min: 317274.8, Avg: 317274.8, Max: 317274.8, Diff: 0.0]
   [Code Root Fixup: 0.0 ms]
   [Code Root Purge: 0.0 ms]
   [Clear CT: 0.0 ms]
   [Other: 0.5 ms]
      [Choose CSet: 0.0 ms]
      [Ref Proc: 0.0 ms]
      [Ref Enq: 0.0 ms]
      [Redirty Cards: 0.0 ms]
      [Humongous Register: 0.0 ms]
      [Humongous Reclaim: 0.0 ms]
      [Free CSet: 0.1 ms]
   [Eden: 78.0M(78.0M)->0.0B(43.0M) Survivors: 7168.0K->11.0M Heap: 970.5M(1096.0M)->906.0M(1096.0M)]
 [Times: user=0.00 sys=0.00, real=0.01 secs] 
2016-06-27T20:30:15.003+0300: 317.275: Total time for which application threads were stopped: 0.0123767 seconds, Stopping threads took: 0.0069853 seconds
2016-06-27T20:30:15.370+0300: 317.642: [GC pause (G1 Evacuation Pause) (mixed)
Desired survivor size 3670016 bytes, new threshold 1 (max 15)
- age   1:   11318040 bytes,   11318040 total
, 0.0198911 secs]
   [Parallel Time: 18.5 ms, GC Workers: 4]
      [GC Worker Start (ms): Min: 317642.3, Avg: 317642.3, Max: 317642.3, Diff: 0.0]
      [Ext Root Scanning (ms): Min: 0.5, Avg: 0.5, Max: 0.7, Diff: 0.2, Sum: 2.1]
      [Update RS (ms): Min: 0.8, Avg: 0.9, Max: 0.9, Diff: 0.1, Sum: 3.5]
         [Processed Buffers: Min: 6, Avg: 9.8, Max: 14, Diff: 8, Sum: 39]
      [Scan RS (ms): Min: 3.2, Avg: 3.2, Max: 3.2, Diff: 0.0, Sum: 12.7]
      [Code Root Scanning (ms): Min: 0.0, Avg: 0.0, Max: 0.0, Diff: 0.0, Sum: 0.0]
      [Object Copy (ms): Min: 13.8, Avg: 13.8, Max: 13.9, Diff: 0.0, Sum: 55.3]
      [Termination (ms): Min: 0.0, Avg: 0.0, Max: 0.0, Diff: 0.0, Sum: 0.0]
         [Termination Attempts: Min: 1, Avg: 2.0, Max: 3, Diff: 2, Sum: 8]
      [GC Worker Other (ms): Min: 0.0, Avg: 0.0, Max: 0.0, Diff: 0.0, Sum: 0.0]
      [GC Worker Total (ms): Min: 18.4, Avg: 18.5, Max: 18.5, Diff: 0.0, Sum: 73.8]
      [GC Worker End (ms): Min: 317660.8, Avg: 317660.8, Max: 317660.8, Diff: 0.0]
   [Code Root Fixup: 0.0 ms]
   [Code Root Purge: 0.0 ms]
   [Clear CT: 0.2 ms]
   [Other: 1.1 ms]
      [Choose CSet: 0.2 ms]
      [Ref Proc: 0.1 ms]
      [Ref Enq: 0.0 ms]
      [Redirty Cards: 0.1 ms]
      [Humongous Register: 0.0 ms]
      [Humongous Reclaim: 0.0 ms]
      [Free CSet: 0.5 ms]
   [Eden: 43.0M(43.0M)->0.0B(47.0M) Survivors: 11.0M->7168.0K Heap: 949.0M(1096.0M)->871.0M(1096.0M)]
 [Times: user=0.06 sys=0.00, real=0.02 secs] 
2016-06-27T20:30:15.390+0300: 317.662: Total time for which application threads were stopped: 0.0269717 seconds, Stopping threads took: 0.0064734 seconds
2016-06-27T20:30:15.779+0300: 318.051: [GC pause (G1 Evacuation Pause) (mixed)
Desired survivor size 3670016 bytes, new threshold 1 (max 15)
- age   1:    7084472 bytes,    7084472 total
, 0.0234337 secs]
   [Parallel Time: 22.2 ms, GC Workers: 4]
      [GC Worker Start (ms): Min: 318051.5, Avg: 318051.5, Max: 318051.5, Diff: 0.0]
      [Ext Root Scanning (ms): Min: 0.5, Avg: 0.6, Max: 0.6, Diff: 0.1, Sum: 2.3]
      [Update RS (ms): Min: 9.3, Avg: 9.3, Max: 9.4, Diff: 0.1, Sum: 37.3]
         [Processed Buffers: Min: 13, Avg: 19.0, Max: 22, Diff: 9, Sum: 76]
      [Scan RS (ms): Min: 2.7, Avg: 2.7, Max: 2.8, Diff: 0.1, Sum: 11.0]
      [Code Root Scanning (ms): Min: 0.0, Avg: 0.1, Max: 0.1, Diff: 0.1, Sum: 0.3]
      [Object Copy (ms): Min: 9.4, Avg: 9.5, Max: 9.6, Diff: 0.1, Sum: 37.9]
      [Termination (ms): Min: 0.0, Avg: 0.0, Max: 0.0, Diff: 0.0, Sum: 0.0]
         [Termination Attempts: Min: 1, Avg: 1.0, Max: 1, Diff: 0, Sum: 4]
      [GC Worker Other (ms): Min: 0.0, Avg: 0.0, Max: 0.0, Diff: 0.0, Sum: 0.1]
      [GC Worker Total (ms): Min: 22.2, Avg: 22.2, Max: 22.2, Diff: 0.0, Sum: 88.8]
      [GC Worker End (ms): Min: 318073.7, Avg: 318073.7, Max: 318073.7, Diff: 0.0]
   [Code Root Fixup: 0.1 ms]
   [Code Root Purge: 0.0 ms]
   [Clear CT: 0.2 ms]
   [Other: 0.9 ms]
      [Choose CSet: 0.1 ms]
      [Ref Proc: 0.1 ms]
      [Ref Enq: 0.0 ms]
      [Redirty Cards: 0.1 ms]
      [Humongous Register: 0.0 ms]
      [Humongous Reclaim: 0.0 ms]
      [Free CSet: 0.3 ms]
   [Eden: 47.0M(47.0M)->0.0B(47.0M) Survivors: 7168.0K->7168.0K Heap: 918.0M(1096.0M)->860.5M(1096.0M)]
 [Times: user=0.13 sys=0.00, real=0.02 secs] 
2016-06-27T20:30:15.803+0300: 318.075: Total time for which application threads were stopped: 0.0308249 seconds, Stopping threads took: 0.0067847 seconds
2016-06-27T20:30:15.926+0300: 318.198: Total time for which application threads were stopped: 0.0062647 seconds, Stopping threads took: 0.0042962 seconds
2016-06-27T20:30:16.202+0300: 318.474: [GC pause (G1 Evacuation Pause) (young)
Desired survivor size 3670016 bytes, new threshold 1 (max 15)
- age   1:    7170080 bytes,    7170080 total
, 0.0123126 secs]
   [Parallel Time: 11.6 ms, GC Workers: 4]
      [GC Worker Start (ms): Min: 318473.9, Avg: 318474.0, Max: 318474.0, Diff: 0.0]
      [Ext Root Scanning (ms): Min: 0.5, Avg: 0.6, Max: 0.6, Diff: 0.1, Sum: 2.3]
      [Update RS (ms): Min: 8.6, Avg: 8.8, Max: 8.9, Diff: 0.3, Sum: 35.1]
         [Processed Buffers: Min: 10, Avg: 14.8, Max: 28, Diff: 18, Sum: 59]
      [Scan RS (ms): Min: 0.0, Avg: 0.0, Max: 0.0, Diff: 0.0, Sum: 0.0]
      [Code Root Scanning (ms): Min: 0.0, Avg: 0.0, Max: 0.0, Diff: 0.0, Sum: 0.0]
      [Object Copy (ms): Min: 2.1, Avg: 2.2, Max: 2.4, Diff: 0.3, Sum: 8.8]
      [Termination (ms): Min: 0.0, Avg: 0.0, Max: 0.0, Diff: 0.0, Sum: 0.0]
         [Termination Attempts: Min: 1, Avg: 1.0, Max: 1, Diff: 0, Sum: 4]
      [GC Worker Other (ms): Min: 0.0, Avg: 0.0, Max: 0.0, Diff: 0.0, Sum: 0.1]
      [GC Worker Total (ms): Min: 11.6, Avg: 11.6, Max: 11.6, Diff: 0.0, Sum: 46.3]
      [GC Worker End (ms): Min: 318485.5, Avg: 318485.5, Max: 318485.5, Diff: 0.0]
   [Code Root Fixup: 0.0 ms]
   [Code Root Purge: 0.0 ms]
   [Clear CT: 0.0 ms]
   [Other: 0.7 ms]
      [Choose CSet: 0.0 ms]
      [Ref Proc: 0.1 ms]
      [Ref Enq: 0.0 ms]
      [Redirty Cards: 0.0 ms]
      [Humongous Register: 0.0 ms]
      [Humongous Reclaim: 0.0 ms]
      [Free CSet: 0.1 ms]
   [Eden: 47.0M(47.0M)->0.0B(47.0M) Survivors: 7168.0K->7168.0K Heap: 907.5M(1096.0M)->869.0M(1096.0M)]
 [Times: user=0.06 sys=0.00, real=0.01 secs] 
2016-06-27T20:30:16.214+0300: 318.486: Total time for which application threads were stopped: 0.0169056 seconds, Stopping threads took: 0.0039511 seconds
2016-06-27T20:30:16.606+0300: 318.878: [GC pause (G1 Evacuation Pause) (young) (initial-mark)
Desired survivor size 3670016 bytes, new threshold 1 (max 15)
- age   1:    6982640 bytes,    6982640 total
, 0.0048594 secs]
   [Parallel Time: 4.2 ms, GC Workers: 4]
      [GC Worker Start (ms): Min: 318878.2, Avg: 318878.2, Max: 318878.2, Diff: 0.0]
      [Ext Root Scanning (ms): Min: 0.5, Avg: 0.6, Max: 0.7, Diff: 0.2, Sum: 2.4]
      [Update RS (ms): Min: 1.0, Avg: 1.2, Max: 1.2, Diff: 0.2, Sum: 4.6]
         [Processed Buffers: Min: 2, Avg: 10.8, Max: 20, Diff: 18, Sum: 43]
      [Scan RS (ms): Min: 0.0, Avg: 0.0, Max: 0.0, Diff: 0.0, Sum: 0.0]
      [Code Root Scanning (ms): Min: 0.0, Avg: 0.0, Max: 0.0, Diff: 0.0, Sum: 0.0]
      [Object Copy (ms): Min: 2.3, Avg: 2.4, Max: 2.4, Diff: 0.0, Sum: 9.4]
      [Termination (ms): Min: 0.0, Avg: 0.0, Max: 0.0, Diff: 0.0, Sum: 0.0]
         [Termination Attempts: Min: 1, Avg: 1.0, Max: 1, Diff: 0, Sum: 4]
      [GC Worker Other (ms): Min: 0.0, Avg: 0.0, Max: 0.0, Diff: 0.0, Sum: 0.0]
      [GC Worker Total (ms): Min: 4.1, Avg: 4.1, Max: 4.1, Diff: 0.0, Sum: 16.5]
      [GC Worker End (ms): Min: 318882.3, Avg: 318882.3, Max: 318882.3, Diff: 0.0]
   [Code Root Fixup: 0.0 ms]
   [Code Root Purge: 0.0 ms]
   [Clear CT: 0.0 ms]
   [Other: 0.6 ms]
      [Choose CSet: 0.0 ms]
      [Ref Proc: 0.1 ms]
      [Ref Enq: 0.0 ms]
      [Redirty Cards: 0.0 ms]
      [Humongous Register: 0.0 ms]
      [Humongous Reclaim: 0.0 ms]
      [Free CSet: 0.1 ms]
   [Eden: 47.0M(47.0M)->0.0B(91.0M) Survivors: 7168.0K->7168.0K Heap: 916.0M(1096.0M)->878.0M(1096.0M)]
 [Times: user=0.00 sys=0.00, real=0.01 secs] 
2016-06-27T20:30:16.611+0300: 318.883: [GC concurrent-root-region-scan-start]
2016-06-27T20:30:16.611+0300: 318.883: Total time for which application threads were stopped: 0.0116532 seconds, Stopping threads took: 0.0061326 seconds
2016-06-27T20:30:16.611+0300: 318.884: [GC concurrent-root-region-scan-end, 0.0007758 secs]
2016-06-27T20:30:16.611+0300: 318.884: [GC concurrent-mark-start]
2016-06-27T20:30:16.692+0300: 318.964: [GC concurrent-mark-end, 0.0796481 secs]
2016-06-27T20:30:16.710+0300: 318.982: [GC remark 2016-06-27T20:30:16.710+0300: 318.982: [Finalize Marking, 0.0002040 secs] 2016-06-27T20:30:16.710+0300: 318.982: [GC ref-proc, 0.0001150 secs] 2016-06-27T20:30:16.710+0300: 318.982: [Unloading, 0.0017983 secs], 0.0057207 secs]
 [Times: user=0.00 sys=0.00, real=0.00 secs] 
2016-06-27T20:30:16.715+0300: 318.987: Total time for which application threads were stopped: 0.0088674 seconds, Stopping threads took: 0.0026553 seconds
2016-06-27T20:30:16.717+0300: 318.989: [GC cleanup 892M->892M(1096M), 0.0020763 secs]
 [Times: user=0.00 sys=0.00, real=0.00 secs] 
2016-06-27T20:30:16.719+0300: 318.991: Total time for which application threads were stopped: 0.0026647 seconds, Stopping threads took: 0.0000552 seconds
2016-06-27T20:30:16.932+0300: 319.204: Total time for which application threads were stopped: 0.0117643 seconds, Stopping threads took: 0.0101217 seconds
2016-06-27T20:30:17.358+0300: 319.630: [GC pause (G1 Evacuation Pause) (young)
Desired survivor size 6815744 bytes, new threshold 1 (max 15)
- age   1:    7220912 bytes,    7220912 total
, 0.0053559 secs]
   [Parallel Time: 4.7 ms, GC Workers: 4]
      [GC Worker Start (ms): Min: 319630.1, Avg: 319630.1, Max: 319630.1, Diff: 0.0]
      [Ext Root Scanning (ms): Min: 0.5, Avg: 0.6, Max: 0.6, Diff: 0.1, Sum: 2.3]
      [Update RS (ms): Min: 0.7, Avg: 0.7, Max: 0.8, Diff: 0.1, Sum: 3.0]
         [Processed Buffers: Min: 4, Avg: 12.8, Max: 23, Diff: 19, Sum: 51]
      [Scan RS (ms): Min: 0.0, Avg: 0.0, Max: 0.0, Diff: 0.0, Sum: 0.1]
      [Code Root Scanning (ms): Min: 0.0, Avg: 0.0, Max: 0.0, Diff: 0.0, Sum: 0.0]
      [Object Copy (ms): Min: 3.3, Avg: 3.4, Max: 3.4, Diff: 0.2, Sum: 13.5]
      [Termination (ms): Min: 0.0, Avg: 0.0, Max: 0.0, Diff: 0.0, Sum: 0.0]
         [Termination Attempts: Min: 1, Avg: 1.0, Max: 1, Diff: 0, Sum: 4]
      [GC Worker Other (ms): Min: 0.0, Avg: 0.0, Max: 0.0, Diff: 0.0, Sum: 0.1]
      [GC Worker Total (ms): Min: 4.7, Avg: 4.7, Max: 4.7, Diff: 0.0, Sum: 18.9]
      [GC Worker End (ms): Min: 319634.8, Avg: 319634.8, Max: 319634.8, Diff: 0.0]
   [Code Root Fixup: 0.0 ms]
   [Code Root Purge: 0.0 ms]
   [Clear CT: 0.0 ms]
   [Other: 0.6 ms]
      [Choose CSet: 0.0 ms]
      [Ref Proc: 0.1 ms]
      [Ref Enq: 0.0 ms]
      [Redirty Cards: 0.0 ms]
      [Humongous Register: 0.0 ms]
      [Humongous Reclaim: 0.0 ms]
      [Free CSet: 0.1 ms]
   [Eden: 91.0M(91.0M)->0.0B(41.0M) Survivors: 7168.0K->13.0M Heap: 969.0M(1096.0M)->893.5M(1096.0M)]
 [Times: user=0.00 sys=0.00, real=0.00 secs] 
2016-06-27T20:30:17.363+0300: 319.635: Total time for which application threads were stopped: 0.0124063 seconds, Stopping threads took: 0.0064332 seconds
2016-06-27T20:30:17.704+0300: 319.976: [GC pause (G1 Evacuation Pause) (mixed)
Desired survivor size 3670016 bytes, new threshold 1 (max 15)
- age   1:   13407080 bytes,   13407080 total
, 0.0200903 secs]
   [Parallel Time: 18.7 ms, GC Workers: 4]
      [GC Worker Start (ms): Min: 319976.2, Avg: 319976.2, Max: 319976.2, Diff: 0.0]
      [Ext Root Scanning (ms): Min: 0.5, Avg: 0.5, Max: 0.6, Diff: 0.1, Sum: 2.2]
      [Update RS (ms): Min: 0.9, Avg: 1.0, Max: 1.0, Diff: 0.1, Sum: 3.9]
         [Processed Buffers: Min: 6, Avg: 8.8, Max: 11, Diff: 5, Sum: 35]
      [Scan RS (ms): Min: 3.2, Avg: 3.3, Max: 3.3, Diff: 0.1, Sum: 13.1]
      [Code Root Scanning (ms): Min: 0.0, Avg: 0.0, Max: 0.0, Diff: 0.0, Sum: 0.0]
      [Object Copy (ms): Min: 13.9, Avg: 13.9, Max: 13.9, Diff: 0.0, Sum: 55.5]
      [Termination (ms): Min: 0.0, Avg: 0.0, Max: 0.0, Diff: 0.0, Sum: 0.0]
         [Termination Attempts: Min: 1, Avg: 2.0, Max: 4, Diff: 3, Sum: 8]
      [GC Worker Other (ms): Min: 0.0, Avg: 0.0, Max: 0.0, Diff: 0.0, Sum: 0.1]
      [GC Worker Total (ms): Min: 18.7, Avg: 18.7, Max: 18.7, Diff: 0.0, Sum: 74.8]
      [GC Worker End (ms): Min: 319994.9, Avg: 319994.9, Max: 319994.9, Diff: 0.0]
   [Code Root Fixup: 0.0 ms]
   [Code Root Purge: 0.0 ms]
   [Clear CT: 0.2 ms]
   [Other: 1.1 ms]
      [Choose CSet: 0.2 ms]
      [Ref Proc: 0.1 ms]
      [Ref Enq: 0.0 ms]
      [Redirty Cards: 0.0 ms]
      [Humongous Register: 0.0 ms]
      [Humongous Reclaim: 0.0 ms]
      [Free CSet: 0.5 ms]
   [Eden: 41.0M(41.0M)->0.0B(47.0M) Survivors: 13.0M->7168.0K Heap: 934.5M(1096.0M)->856.0M(1096.0M)]
 [Times: user=0.13 sys=0.00, real=0.02 secs] 
2016-06-27T20:30:17.724+0300: 319.996: Total time for which application threads were stopped: 0.0246102 seconds, Stopping threads took: 0.0038878 seconds
2016-06-27T20:30:17.928+0300: 320.200: Total time for which application threads were stopped: 0.0073651 seconds, Stopping threads took: 0.0057212 seconds
2016-06-27T20:30:18.124+0300: 320.396: [GC pause (G1 Evacuation Pause) (mixed)
Desired survivor size 3670016 bytes, new threshold 1 (max 15)
- age   1:    6836144 bytes,    6836144 total
, 0.0194865 secs]
   [Parallel Time: 18.4 ms, GC Workers: 4]
      [GC Worker Start (ms): Min: 320396.5, Avg: 320396.5, Max: 320396.5, Diff: 0.0]
      [Ext Root Scanning (ms): Min: 0.6, Avg: 0.6, Max: 0.6, Diff: 0.1, Sum: 2.3]
      [Update RS (ms): Min: 9.0, Avg: 9.1, Max: 9.2, Diff: 0.2, Sum: 36.4]
         [Processed Buffers: Min: 12, Avg: 15.5, Max: 21, Diff: 9, Sum: 62]
      [Scan RS (ms): Min: 2.0, Avg: 2.0, Max: 2.1, Diff: 0.1, Sum: 8.1]
      [Code Root Scanning (ms): Min: 0.0, Avg: 0.0, Max: 0.0, Diff: 0.0, Sum: 0.0]
      [Object Copy (ms): Min: 6.7, Avg: 6.7, Max: 6.7, Diff: 0.0, Sum: 26.7]
      [Termination (ms): Min: 0.0, Avg: 0.0, Max: 0.0, Diff: 0.0, Sum: 0.0]
         [Termination Attempts: Min: 1, Avg: 1.0, Max: 1, Diff: 0, Sum: 4]
      [GC Worker Other (ms): Min: 0.0, Avg: 0.0, Max: 0.0, Diff: 0.0, Sum: 0.1]
      [GC Worker Total (ms): Min: 18.4, Avg: 18.4, Max: 18.4, Diff: 0.0, Sum: 73.6]
      [GC Worker End (ms): Min: 320414.9, Avg: 320414.9, Max: 320414.9, Diff: 0.0]
   [Code Root Fixup: 0.0 ms]
   [Code Root Purge: 0.0 ms]
   [Clear CT: 0.2 ms]
   [Other: 0.8 ms]
      [Choose CSet: 0.1 ms]
      [Ref Proc: 0.1 ms]
      [Ref Enq: 0.0 ms]
      [Redirty Cards: 0.1 ms]
      [Humongous Register: 0.0 ms]
      [Humongous Reclaim: 0.0 ms]
      [Free CSet: 0.2 ms]
   [Eden: 47.0M(47.0M)->0.0B(47.0M) Survivors: 7168.0K->7168.0K Heap: 903.0M(1096.0M)->852.5M(1096.0M)]
 [Times: user=0.06 sys=0.00, real=0.02 secs] 
2016-06-27T20:30:18.144+0300: 320.416: Total time for which application threads were stopped: 0.0234205 seconds, Stopping threads took: 0.0033272 seconds
2016-06-27T20:30:18.551+0300: 320.823: [GC pause (G1 Evacuation Pause) (young)
Desired survivor size 3670016 bytes, new threshold 1 (max 15)
- age   1:    7140720 bytes,    7140720 total
, 0.0099323 secs]
   [Parallel Time: 9.3 ms, GC Workers: 4]
      [GC Worker Start (ms): Min: 320823.0, Avg: 320823.0, Max: 320823.0, Diff: 0.0]
      [Ext Root Scanning (ms): Min: 0.5, Avg: 0.5, Max: 0.6, Diff: 0.1, Sum: 2.1]
      [Update RS (ms): Min: 6.3, Avg: 6.4, Max: 6.5, Diff: 0.2, Sum: 25.5]
         [Processed Buffers: Min: 8, Avg: 12.0, Max: 18, Diff: 10, Sum: 48]
      [Scan RS (ms): Min: 0.0, Avg: 0.0, Max: 0.0, Diff: 0.0, Sum: 0.0]
      [Code Root Scanning (ms): Min: 0.0, Avg: 0.0, Max: 0.0, Diff: 0.0, Sum: 0.0]
      [Object Copy (ms): Min: 2.1, Avg: 2.3, Max: 2.4, Diff: 0.3, Sum: 9.1]
      [Termination (ms): Min: 0.0, Avg: 0.0, Max: 0.0, Diff: 0.0, Sum: 0.0]
         [Termination Attempts: Min: 1, Avg: 1.0, Max: 1, Diff: 0, Sum: 4]
      [GC Worker Other (ms): Min: 0.0, Avg: 0.0, Max: 0.0, Diff: 0.0, Sum: 0.1]
      [GC Worker Total (ms): Min: 9.2, Avg: 9.2, Max: 9.2, Diff: 0.0, Sum: 36.7]
      [GC Worker End (ms): Min: 320832.2, Avg: 320832.2, Max: 320832.2, Diff: 0.0]
   [Code Root Fixup: 0.0 ms]
   [Code Root Purge: 0.0 ms]
   [Clear CT: 0.0 ms]
   [Other: 0.6 ms]
      [Choose CSet: 0.0 ms]
      [Ref Proc: 0.0 ms]
      [Ref Enq: 0.0 ms]
      [Redirty Cards: 0.0 ms]
      [Humongous Register: 0.0 ms]
      [Humongous Reclaim: 0.0 ms]
      [Free CSet: 0.1 ms]
   [Eden: 47.0M(47.0M)->0.0B(105.0M) Survivors: 7168.0K->7168.0K Heap: 899.5M(1096.0M)->861.5M(1096.0M)]
 [Times: user=0.05 sys=0.00, real=0.01 secs] 
2016-06-27T20:30:18.561+0300: 320.833: Total time for which application threads were stopped: 0.0156308 seconds, Stopping threads took: 0.0050544 seconds
2016-06-27T20:30:18.927+0300: 321.199: Total time for which application threads were stopped: 0.0062532 seconds, Stopping threads took: 0.0045656 seconds
2016-06-27T20:30:19.323+0300: 321.595: [GC pause (G1 Evacuation Pause) (young) (initial-mark)
Desired survivor size 7340032 bytes, new threshold 15 (max 15)
- age   1:    7222104 bytes,    7222104 total
, 0.0061497 secs]
   [Parallel Time: 5.4 ms, GC Workers: 4]
      [GC Worker Start (ms): Min: 321595.5, Avg: 321595.5, Max: 321595.5, Diff: 0.0]
      [Ext Root Scanning (ms): Min: 0.5, Avg: 0.6, Max: 0.7, Diff: 0.2, Sum: 2.2]
      [Update RS (ms): Min: 0.8, Avg: 0.9, Max: 1.0, Diff: 0.3, Sum: 3.5]
         [Processed Buffers: Min: 2, Avg: 13.0, Max: 22, Diff: 20, Sum: 52]
      [Scan RS (ms): Min: 0.0, Avg: 0.0, Max: 0.1, Diff: 0.0, Sum: 0.1]
      [Code Root Scanning (ms): Min: 0.0, Avg: 0.0, Max: 0.0, Diff: 0.0, Sum: 0.0]
      [Object Copy (ms): Min: 3.7, Avg: 3.9, Max: 4.0, Diff: 0.2, Sum: 15.5]
      [Termination (ms): Min: 0.0, Avg: 0.0, Max: 0.0, Diff: 0.0, Sum: 0.0]
         [Termination Attempts: Min: 1, Avg: 1.0, Max: 1, Diff: 0, Sum: 4]
      [GC Worker Other (ms): Min: 0.0, Avg: 0.0, Max: 0.0, Diff: 0.0, Sum: 0.1]
      [GC Worker Total (ms): Min: 5.3, Avg: 5.3, Max: 5.3, Diff: 0.0, Sum: 21.3]
      [GC Worker End (ms): Min: 321600.8, Avg: 321600.8, Max: 321600.8, Diff: 0.0]
   [Code Root Fixup: 0.0 ms]
   [Code Root Purge: 0.0 ms]
   [Clear CT: 0.0 ms]
   [Other: 0.7 ms]
      [Choose CSet: 0.0 ms]
      [Ref Proc: 0.0 ms]
      [Ref Enq: 0.0 ms]
      [Redirty Cards: 0.0 ms]
      [Humongous Register: 0.0 ms]
      [Humongous Reclaim: 0.0 ms]
      [Free CSet: 0.1 ms]
   [Eden: 105.0M(105.0M)->0.0B(90.0M) Survivors: 7168.0K->14.0M Heap: 966.5M(1096.0M)->879.5M(1096.0M)]
 [Times: user=0.00 sys=0.00, real=0.01 secs] 
2016-06-27T20:30:19.329+0300: 321.602: [GC concurrent-root-region-scan-start]
2016-06-27T20:30:19.329+0300: 321.602: Total time for which application threads were stopped: 0.0188493 seconds, Stopping threads took: 0.0120038 seconds
2016-06-27T20:30:19.330+0300: 321.603: [GC concurrent-root-region-scan-end, 0.0009451 secs]
2016-06-27T20:30:19.330+0300: 321.603: [GC concurrent-mark-start]
2016-06-27T20:30:19.421+0300: 321.693: [GC concurrent-mark-end, 0.0897339 secs]
2016-06-27T20:30:19.449+0300: 321.721: [GC remark 2016-06-27T20:30:19.449+0300: 321.721: [Finalize Marking, 0.0001659 secs] 2016-06-27T20:30:19.449+0300: 321.722: [GC ref-proc, 0.0001078 secs] 2016-06-27T20:30:19.449+0300: 321.722: [Unloading, 0.0016751 secs], 0.0055715 secs]
 [Times: user=0.00 sys=0.00, real=0.01 secs] 
2016-06-27T20:30:19.455+0300: 321.727: Total time for which application threads were stopped: 0.0142700 seconds, Stopping threads took: 0.0082704 seconds
2016-06-27T20:30:19.456+0300: 321.728: [GC cleanup 895M->895M(1096M), 0.0020587 secs]
 [Times: user=0.06 sys=0.00, real=0.00 secs] 
2016-06-27T20:30:19.458+0300: 321.730: Total time for which application threads were stopped: 0.0025595 seconds, Stopping threads took: 0.0000535 seconds
2016-06-27T20:30:19.933+0300: 322.205: Total time for which application threads were stopped: 0.0121599 seconds, Stopping threads took: 0.0102171 seconds
2016-06-27T20:30:20.066+0300: 322.338: [GC pause (G1 Evacuation Pause) (young)
Desired survivor size 6815744 bytes, new threshold 1 (max 15)
- age   1:   11119096 bytes,   11119096 total
- age   2:    3323472 bytes,   14442568 total
, 0.0064225 secs]
   [Parallel Time: 5.8 ms, GC Workers: 4]
      [GC Worker Start (ms): Min: 322337.9, Avg: 322337.9, Max: 322338.0, Diff: 0.1]
      [Ext Root Scanning (ms): Min: 0.3, Avg: 0.5, Max: 0.6, Diff: 0.4, Sum: 1.9]
      [Update RS (ms): Min: 0.6, Avg: 0.7, Max: 0.8, Diff: 0.2, Sum: 3.0]
         [Processed Buffers: Min: 2, Avg: 8.0, Max: 14, Diff: 12, Sum: 32]
      [Scan RS (ms): Min: 0.0, Avg: 0.0, Max: 0.0, Diff: 0.0, Sum: 0.1]
      [Code Root Scanning (ms): Min: 0.0, Avg: 0.0, Max: 0.0, Diff: 0.0, Sum: 0.0]
      [Object Copy (ms): Min: 4.3, Avg: 4.4, Max: 4.6, Diff: 0.3, Sum: 17.8]
      [Termination (ms): Min: 0.0, Avg: 0.0, Max: 0.0, Diff: 0.0, Sum: 0.0]
         [Termination Attempts: Min: 1, Avg: 1.0, Max: 1, Diff: 0, Sum: 4]
      [GC Worker Other (ms): Min: 0.0, Avg: 0.0, Max: 0.0, Diff: 0.0, Sum: 0.1]
      [GC Worker Total (ms): Min: 5.7, Avg: 5.7, Max: 5.7, Diff: 0.1, Sum: 22.8]
      [GC Worker End (ms): Min: 322343.6, Avg: 322343.6, Max: 322343.7, Diff: 0.0]
   [Code Root Fixup: 0.0 ms]
   [Code Root Purge: 0.0 ms]
   [Clear CT: 0.1 ms]
   [Other: 0.6 ms]
      [Choose CSet: 0.0 ms]
      [Ref Proc: 0.0 ms]
      [Ref Enq: 0.0 ms]
      [Redirty Cards: 0.1 ms]
      [Humongous Register: 0.0 ms]
      [Humongous Reclaim: 0.0 ms]
      [Free CSet: 0.1 ms]
   [Eden: 90.0M(90.0M)->0.0B(41.0M) Survivors: 14.0M->13.0M Heap: 969.5M(1096.0M)->895.0M(1096.0M)]
 [Times: user=0.06 sys=0.00, real=0.01 secs] 
2016-06-27T20:30:20.072+0300: 322.344: Total time for which application threads were stopped: 0.0101850 seconds, Stopping threads took: 0.0031950 seconds
2016-06-27T20:30:20.426+0300: 322.698: [GC pause (G1 Evacuation Pause) (mixed)
Desired survivor size 3670016 bytes, new threshold 1 (max 15)
- age   1:   13373672 bytes,   13373672 total
, 0.0207331 secs]
   [Parallel Time: 19.3 ms, GC Workers: 4]
      [GC Worker Start (ms): Min: 322698.5, Avg: 322698.5, Max: 322698.5, Diff: 0.0]
      [Ext Root Scanning (ms): Min: 0.4, Avg: 0.5, Max: 0.6, Diff: 0.2, Sum: 2.0]
      [Update RS (ms): Min: 0.9, Avg: 1.0, Max: 1.1, Diff: 0.2, Sum: 4.1]
         [Processed Buffers: Min: 4, Avg: 10.5, Max: 15, Diff: 11, Sum: 42]
      [Scan RS (ms): Min: 3.4, Avg: 3.5, Max: 3.5, Diff: 0.1, Sum: 13.9]
      [Code Root Scanning (ms): Min: 0.0, Avg: 0.1, Max: 0.1, Diff: 0.1, Sum: 0.2]
      [Object Copy (ms): Min: 14.2, Avg: 14.2, Max: 14.2, Diff: 0.1, Sum: 56.8]
      [Termination (ms): Min: 0.0, Avg: 0.0, Max: 0.0, Diff: 0.0, Sum: 0.0]
         [Termination Attempts: Min: 1, Avg: 1.5, Max: 3, Diff: 2, Sum: 6]
      [GC Worker Other (ms): Min: 0.0, Avg: 0.0, Max: 0.0, Diff: 0.0, Sum: 0.1]
      [GC Worker Total (ms): Min: 19.3, Avg: 19.3, Max: 19.3, Diff: 0.0, Sum: 77.1]
      [GC Worker End (ms): Min: 322717.8, Avg: 322717.8, Max: 322717.8, Diff: 0.0]
   [Code Root Fixup: 0.1 ms]
   [Code Root Purge: 0.0 ms]
   [Clear CT: 0.2 ms]
   [Other: 1.1 ms]
      [Choose CSet: 0.2 ms]
      [Ref Proc: 0.1 ms]
      [Ref Enq: 0.0 ms]
      [Redirty Cards: 0.1 ms]
      [Humongous Register: 0.0 ms]
      [Humongous Reclaim: 0.0 ms]
      [Free CSet: 0.5 ms]
   [Eden: 41.0M(41.0M)->0.0B(47.0M) Survivors: 13.0M->7168.0K Heap: 936.0M(1096.0M)->860.5M(1096.0M)]
 [Times: user=0.09 sys=0.00, real=0.02 secs] 
2016-06-27T20:30:20.447+0300: 322.719: Total time for which application threads were stopped: 0.0283522 seconds, Stopping threads took: 0.0070358 seconds
2016-06-27T20:30:20.836+0300: 323.108: [GC pause (G1 Evacuation Pause) (mixed)
Desired survivor size 3670016 bytes, new threshold 1 (max 15)
- age   1:    6830328 bytes,    6830328 total
, 0.0172837 secs]
   [Parallel Time: 16.4 ms, GC Workers: 4]
      [GC Worker Start (ms): Min: 323108.4, Avg: 323108.4, Max: 323108.4, Diff: 0.0]
      [Ext Root Scanning (ms): Min: 0.5, Avg: 0.5, Max: 0.6, Diff: 0.1, Sum: 2.2]
      [Update RS (ms): Min: 10.0, Avg: 10.2, Max: 10.7, Diff: 0.7, Sum: 40.9]
         [Processed Buffers: Min: 14, Avg: 18.8, Max: 24, Diff: 10, Sum: 75]
      [Scan RS (ms): Min: 0.7, Avg: 1.1, Max: 1.3, Diff: 0.6, Sum: 4.6]
      [Code Root Scanning (ms): Min: 0.0, Avg: 0.0, Max: 0.1, Diff: 0.1, Sum: 0.1]
      [Object Copy (ms): Min: 4.4, Avg: 4.4, Max: 4.4, Diff: 0.1, Sum: 17.6]
      [Termination (ms): Min: 0.0, Avg: 0.0, Max: 0.0, Diff: 0.0, Sum: 0.0]
         [Termination Attempts: Min: 1, Avg: 1.0, Max: 1, Diff: 0, Sum: 4]
      [GC Worker Other (ms): Min: 0.0, Avg: 0.0, Max: 0.0, Diff: 0.0, Sum: 0.1]
      [GC Worker Total (ms): Min: 16.3, Avg: 16.3, Max: 16.4, Diff: 0.0, Sum: 65.4]
      [GC Worker End (ms): Min: 323124.8, Avg: 323124.8, Max: 323124.8, Diff: 0.0]
   [Code Root Fixup: 0.0 ms]
   [Code Root Purge: 0.0 ms]
   [Clear CT: 0.2 ms]
   [Other: 0.7 ms]
      [Choose CSet: 0.1 ms]
      [Ref Proc: 0.0 ms]
      [Ref Enq: 0.0 ms]
      [Redirty Cards: 0.0 ms]
      [Humongous Register: 0.0 ms]
      [Humongous Reclaim: 0.0 ms]
      [Free CSet: 0.2 ms]
   [Eden: 47.0M(47.0M)->0.0B(47.0M) Survivors: 7168.0K->7168.0K Heap: 907.5M(1096.0M)->864.0M(1096.0M)]
 [Times: user=0.06 sys=0.00, real=0.02 secs] 
2016-06-27T20:30:20.853+0300: 323.126: Total time for which application threads were stopped: 0.0240248 seconds, Stopping threads took: 0.0061001 seconds
2016-06-27T20:30:20.927+0300: 323.199: Total time for which application threads were stopped: 0.0060688 seconds, Stopping threads took: 0.0042458 seconds
2016-06-27T20:30:20.937+0300: 323.209: Total time for which application threads were stopped: 0.0005294 seconds, Stopping threads took: 0.0000723 seconds
2016-06-27T20:30:21.206+0300: 323.478: [GC pause (G1 Evacuation Pause) (young)
Desired survivor size 3670016 bytes, new threshold 1 (max 15)
- age   1:    6920552 bytes,    6920552 total
, 0.0077564 secs]
   [Parallel Time: 7.1 ms, GC Workers: 4]
      [GC Worker Start (ms): Min: 323478.2, Avg: 323478.2, Max: 323478.2, Diff: 0.0]
      [Ext Root Scanning (ms): Min: 0.5, Avg: 0.5, Max: 0.6, Diff: 0.1, Sum: 2.1]
      [Update RS (ms): Min: 4.2, Avg: 4.4, Max: 4.8, Diff: 0.5, Sum: 17.5]
         [Processed Buffers: Min: 7, Avg: 10.5, Max: 16, Diff: 9, Sum: 42]
      [Scan RS (ms): Min: 0.0, Avg: 0.0, Max: 0.0, Diff: 0.0, Sum: 0.0]
      [Code Root Scanning (ms): Min: 0.0, Avg: 0.0, Max: 0.0, Diff: 0.0, Sum: 0.0]
      [Object Copy (ms): Min: 1.8, Avg: 2.1, Max: 2.2, Diff: 0.4, Sum: 8.5]
      [Termination (ms): Min: 0.0, Avg: 0.0, Max: 0.0, Diff: 0.0, Sum: 0.0]
         [Termination Attempts: Min: 1, Avg: 1.0, Max: 1, Diff: 0, Sum: 4]
      [GC Worker Other (ms): Min: 0.0, Avg: 0.0, Max: 0.0, Diff: 0.0, Sum: 0.0]
      [GC Worker Total (ms): Min: 7.1, Avg: 7.1, Max: 7.1, Diff: 0.0, Sum: 28.3]
      [GC Worker End (ms): Min: 323485.3, Avg: 323485.3, Max: 323485.3, Diff: 0.0]
   [Code Root Fixup: 0.0 ms]
   [Code Root Purge: 0.0 ms]
   [Clear CT: 0.0 ms]
   [Other: 0.6 ms]
      [Choose CSet: 0.0 ms]
      [Ref Proc: 0.0 ms]
      [Ref Enq: 0.0 ms]
      [Redirty Cards: 0.0 ms]
      [Humongous Register: 0.0 ms]
      [Humongous Reclaim: 0.0 ms]
      [Free CSet: 0.1 ms]
   [Eden: 47.0M(47.0M)->0.0B(97.0M) Survivors: 7168.0K->7168.0K Heap: 911.0M(1096.0M)->872.0M(1096.0M)]
 [Times: user=0.06 sys=0.00, real=0.01 secs] 
2016-06-27T20:30:21.214+0300: 323.486: Total time for which application threads were stopped: 0.0147079 seconds, Stopping threads took: 0.0063096 seconds
2016-06-27T20:30:21.934+0300: 324.206: Total time for which application threads were stopped: 0.0126350 seconds, Stopping threads took: 0.0107974 seconds
2016-06-27T20:30:22.057+0300: 324.329: [GC pause (G1 Evacuation Pause) (young) (initial-mark)
Desired survivor size 6815744 bytes, new threshold 1 (max 15)
- age   1:    7190976 bytes,    7190976 total
, 0.0061146 secs]
   [Parallel Time: 5.4 ms, GC Workers: 4]
      [GC Worker Start (ms): Min: 324329.1, Avg: 324329.1, Max: 324329.1, Diff: 0.0]
      [Ext Root Scanning (ms): Min: 0.4, Avg: 0.5, Max: 0.6, Diff: 0.2, Sum: 2.0]
      [Update RS (ms): Min: 0.9, Avg: 0.9, Max: 1.0, Diff: 0.1, Sum: 3.7]
         [Processed Buffers: Min: 16, Avg: 19.8, Max: 26, Diff: 10, Sum: 79]
      [Scan RS (ms): Min: 0.0, Avg: 0.0, Max: 0.0, Diff: 0.0, Sum: 0.1]
      [Code Root Scanning (ms): Min: 0.0, Avg: 0.0, Max: 0.0, Diff: 0.0, Sum: 0.0]
      [Object Copy (ms): Min: 3.8, Avg: 3.9, Max: 3.9, Diff: 0.2, Sum: 15.4]
      [Termination (ms): Min: 0.0, Avg: 0.0, Max: 0.0, Diff: 0.0, Sum: 0.0]
         [Termination Attempts: Min: 1, Avg: 1.8, Max: 3, Diff: 2, Sum: 7]
      [GC Worker Other (ms): Min: 0.0, Avg: 0.0, Max: 0.0, Diff: 0.0, Sum: 0.1]
      [GC Worker Total (ms): Min: 5.3, Avg: 5.3, Max: 5.3, Diff: 0.0, Sum: 21.2]
      [GC Worker End (ms): Min: 324334.4, Avg: 324334.4, Max: 324334.4, Diff: 0.0]
   [Code Root Fixup: 0.0 ms]
   [Code Root Purge: 0.0 ms]
   [Clear CT: 0.0 ms]
   [Other: 0.7 ms]
      [Choose CSet: 0.0 ms]
      [Ref Proc: 0.1 ms]
      [Ref Enq: 0.0 ms]
      [Redirty Cards: 0.0 ms]
      [Humongous Register: 0.0 ms]
      [Humongous Reclaim: 0.0 ms]
      [Free CSet: 0.1 ms]
   [Eden: 97.0M(97.0M)->0.0B(81.0M) Survivors: 7168.0K->13.0M Heap: 969.0M(1096.0M)->890.0M(1096.0M)]
 [Times: user=0.00 sys=0.00, real=0.01 secs] 
2016-06-27T20:30:22.063+0300: 324.335: [GC concurrent-root-region-scan-start]
2016-06-27T20:30:22.063+0300: 324.335: Total time for which application threads were stopped: 0.0136845 seconds, Stopping threads took: 0.0070212 seconds
2016-06-27T20:30:22.064+0300: 324.336: [GC concurrent-root-region-scan-end, 0.0011932 secs]
2016-06-27T20:30:22.064+0300: 324.336: [GC concurrent-mark-start]
2016-06-27T20:30:22.145+0300: 324.417: [GC concurrent-mark-end, 0.0793414 secs]
2016-06-27T20:30:22.186+0300: 324.458: [GC remark 2016-06-27T20:30:22.186+0300: 324.458: [Finalize Marking, 0.0002006 secs] 2016-06-27T20:30:22.186+0300: 324.458: [GC ref-proc, 0.0001065 secs] 2016-06-27T20:30:22.186+0300: 324.458: [Unloading, 0.0016914 secs], 0.0056237 secs]
 [Times: user=0.00 sys=0.00, real=0.01 secs] 
2016-06-27T20:30:22.192+0300: 324.464: Total time for which application threads were stopped: 0.0160473 seconds, Stopping threads took: 0.0100375 seconds
2016-06-27T20:30:22.193+0300: 324.466: [GC cleanup 906M->906M(1096M), 0.0021357 secs]
 [Times: user=0.00 sys=0.00, real=0.00 secs] 
2016-06-27T20:30:22.196+0300: 324.468: Total time for which application threads were stopped: 0.0026147 seconds, Stopping threads took: 0.0000689 seconds
2016-06-27T20:30:22.737+0300: 325.009: [GC pause (G1 Evacuation Pause) (young)
Desired survivor size 6291456 bytes, new threshold 1 (max 15)
- age   1:   13382592 bytes,   13382592 total
, 0.0061715 secs]
   [Parallel Time: 5.6 ms, GC Workers: 4]
      [GC Worker Start (ms): Min: 325009.6, Avg: 325009.6, Max: 325009.6, Diff: 0.0]
      [Ext Root Scanning (ms): Min: 0.5, Avg: 0.5, Max: 0.6, Diff: 0.1, Sum: 2.2]
      [Update RS (ms): Min: 0.9, Avg: 0.9, Max: 1.0, Diff: 0.2, Sum: 3.7]
         [Processed Buffers: Min: 3, Avg: 11.8, Max: 17, Diff: 14, Sum: 47]
      [Scan RS (ms): Min: 0.0, Avg: 0.0, Max: 0.0, Diff: 0.0, Sum: 0.1]
      [Code Root Scanning (ms): Min: 0.0, Avg: 0.0, Max: 0.0, Diff: 0.0, Sum: 0.0]
      [Object Copy (ms): Min: 4.0, Avg: 4.1, Max: 4.1, Diff: 0.1, Sum: 16.2]
      [Termination (ms): Min: 0.0, Avg: 0.0, Max: 0.0, Diff: 0.0, Sum: 0.0]
         [Termination Attempts: Min: 1, Avg: 2.0, Max: 3, Diff: 2, Sum: 8]
      [GC Worker Other (ms): Min: 0.0, Avg: 0.0, Max: 0.0, Diff: 0.0, Sum: 0.1]
      [GC Worker Total (ms): Min: 5.6, Avg: 5.6, Max: 5.6, Diff: 0.0, Sum: 22.2]
      [GC Worker End (ms): Min: 325015.2, Avg: 325015.2, Max: 325015.2, Diff: 0.0]
   [Code Root Fixup: 0.0 ms]
   [Code Root Purge: 0.0 ms]
   [Clear CT: 0.0 ms]
   [Other: 0.5 ms]
      [Choose CSet: 0.0 ms]
      [Ref Proc: 0.0 ms]
      [Ref Enq: 0.0 ms]
      [Redirty Cards: 0.0 ms]
      [Humongous Register: 0.0 ms]
      [Humongous Reclaim: 0.0 ms]
      [Free CSet: 0.1 ms]
   [Eden: 81.0M(81.0M)->0.0B(42.0M) Survivors: 13.0M->12.0M Heap: 971.0M(1096.0M)->904.5M(1096.0M)]
 [Times: user=0.06 sys=0.00, real=0.01 secs] 
2016-06-27T20:30:22.744+0300: 325.016: Total time for which application threads were stopped: 0.0109219 seconds, Stopping threads took: 0.0040995 seconds
2016-06-27T20:30:23.104+0300: 325.376: [GC pause (G1 Evacuation Pause) (mixed)
Desired survivor size 3670016 bytes, new threshold 1 (max 15)
- age   1:   12344384 bytes,   12344384 total
, 0.0205458 secs]
   [Parallel Time: 19.2 ms, GC Workers: 4]
      [GC Worker Start (ms): Min: 325376.5, Avg: 325376.5, Max: 325376.5, Diff: 0.0]
      [Ext Root Scanning (ms): Min: 0.5, Avg: 0.6, Max: 0.6, Diff: 0.1, Sum: 2.4]
      [Update RS (ms): Min: 1.0, Avg: 1.0, Max: 1.1, Diff: 0.1, Sum: 4.1]
         [Processed Buffers: Min: 3, Avg: 9.0, Max: 15, Diff: 12, Sum: 36]
      [Scan RS (ms): Min: 3.1, Avg: 3.2, Max: 3.3, Diff: 0.2, Sum: 12.6]
      [Code Root Scanning (ms): Min: 0.0, Avg: 0.1, Max: 0.1, Diff: 0.1, Sum: 0.2]
      [Object Copy (ms): Min: 14.3, Avg: 14.3, Max: 14.4, Diff: 0.1, Sum: 57.4]
      [Termination (ms): Min: 0.0, Avg: 0.0, Max: 0.0, Diff: 0.0, Sum: 0.0]
         [Termination Attempts: Min: 1, Avg: 3.5, Max: 6, Diff: 5, Sum: 14]
      [GC Worker Other (ms): Min: 0.0, Avg: 0.0, Max: 0.0, Diff: 0.0, Sum: 0.1]
      [GC Worker Total (ms): Min: 19.2, Avg: 19.2, Max: 19.2, Diff: 0.0, Sum: 76.8]
      [GC Worker End (ms): Min: 325395.7, Avg: 325395.7, Max: 325395.7, Diff: 0.0]
   [Code Root Fixup: 0.1 ms]
   [Code Root Purge: 0.0 ms]
   [Clear CT: 0.2 ms]
   [Other: 1.0 ms]
      [Choose CSet: 0.2 ms]
      [Ref Proc: 0.0 ms]
      [Ref Enq: 0.0 ms]
      [Redirty Cards: 0.1 ms]
      [Humongous Register: 0.0 ms]
      [Humongous Reclaim: 0.0 ms]
      [Free CSet: 0.5 ms]
   [Eden: 42.0M(42.0M)->0.0B(47.0M) Survivors: 12.0M->7168.0K Heap: 946.5M(1096.0M)->870.0M(1096.0M)]
 [Times: user=0.06 sys=0.00, real=0.02 secs] 
2016-06-27T20:30:23.125+0300: 325.397: Total time for which application threads were stopped: 0.0243677 seconds, Stopping threads took: 0.0031471 seconds
2016-06-27T20:30:23.514+0300: 325.787: [GC pause (G1 Evacuation Pause) (mixed)
Desired survivor size 3670016 bytes, new threshold 1 (max 15)
- age   1:    7191424 bytes,    7191424 total
, 0.0242450 secs]
   [Parallel Time: 23.0 ms, GC Workers: 4]
      [GC Worker Start (ms): Min: 325786.9, Avg: 325786.9, Max: 325786.9, Diff: 0.0]
      [Ext Root Scanning (ms): Min: 0.6, Avg: 0.6, Max: 0.7, Diff: 0.1, Sum: 2.5]
      [Update RS (ms): Min: 8.8, Avg: 8.8, Max: 8.8, Diff: 0.1, Sum: 35.3]
         [Processed Buffers: Min: 10, Avg: 18.3, Max: 33, Diff: 23, Sum: 73]
      [Scan RS (ms): Min: 3.3, Avg: 3.3, Max: 3.4, Diff: 0.1, Sum: 13.4]
      [Code Root Scanning (ms): Min: 0.0, Avg: 0.0, Max: 0.0, Diff: 0.0, Sum: 0.0]
      [Object Copy (ms): Min: 10.2, Avg: 10.2, Max: 10.2, Diff: 0.1, Sum: 40.7]
      [Termination (ms): Min: 0.0, Avg: 0.0, Max: 0.0, Diff: 0.0, Sum: 0.0]
         [Termination Attempts: Min: 1, Avg: 6.3, Max: 15, Diff: 14, Sum: 25]
      [GC Worker Other (ms): Min: 0.0, Avg: 0.0, Max: 0.0, Diff: 0.0, Sum: 0.1]
      [GC Worker Total (ms): Min: 23.0, Avg: 23.0, Max: 23.0, Diff: 0.0, Sum: 92.0]
      [GC Worker End (ms): Min: 325809.9, Avg: 325809.9, Max: 325809.9, Diff: 0.0]
   [Code Root Fixup: 0.0 ms]
   [Code Root Purge: 0.0 ms]
   [Clear CT: 0.2 ms]
   [Other: 1.0 ms]
      [Choose CSet: 0.1 ms]
      [Ref Proc: 0.1 ms]
      [Ref Enq: 0.0 ms]
      [Redirty Cards: 0.1 ms]
      [Humongous Register: 0.0 ms]
      [Humongous Reclaim: 0.0 ms]
      [Free CSet: 0.4 ms]
   [Eden: 47.0M(47.0M)->0.0B(47.0M) Survivors: 7168.0K->7168.0K Heap: 917.0M(1096.0M)->860.0M(1096.0M)]
 [Times: user=0.13 sys=0.00, real=0.03 secs] 
2016-06-27T20:30:23.539+0300: 325.811: Total time for which application threads were stopped: 0.0318367 seconds, Stopping threads took: 0.0068698 seconds
2016-06-27T20:30:23.946+0300: 326.218: [GC pause (G1 Evacuation Pause) (young)
Desired survivor size 3670016 bytes, new threshold 1 (max 15)
- age   1:    7161080 bytes,    7161080 total
, 0.0121710 secs]
   [Parallel Time: 11.5 ms, GC Workers: 4]
      [GC Worker Start (ms): Min: 326218.2, Avg: 326218.2, Max: 326218.2, Diff: 0.0]
      [Ext Root Scanning (ms): Min: 0.6, Avg: 0.6, Max: 0.6, Diff: 0.0, Sum: 2.4]
      [Update RS (ms): Min: 8.3, Avg: 8.7, Max: 9.5, Diff: 1.2, Sum: 34.9]
         [Processed Buffers: Min: 10, Avg: 19.5, Max: 33, Diff: 23, Sum: 78]
      [Scan RS (ms): Min: 0.0, Avg: 0.0, Max: 0.0, Diff: 0.0, Sum: 0.0]
      [Code Root Scanning (ms): Min: 0.0, Avg: 0.0, Max: 0.0, Diff: 0.0, Sum: 0.0]
      [Object Copy (ms): Min: 1.3, Avg: 2.1, Max: 2.4, Diff: 1.1, Sum: 8.4]
      [Termination (ms): Min: 0.0, Avg: 0.0, Max: 0.0, Diff: 0.0, Sum: 0.0]
         [Termination Attempts: Min: 1, Avg: 1.0, Max: 1, Diff: 0, Sum: 4]
      [GC Worker Other (ms): Min: 0.0, Avg: 0.0, Max: 0.0, Diff: 0.0, Sum: 0.1]
      [GC Worker Total (ms): Min: 11.4, Avg: 11.4, Max: 11.4, Diff: 0.0, Sum: 45.7]
      [GC Worker End (ms): Min: 326229.6, Avg: 326229.6, Max: 326229.6, Diff: 0.0]
   [Code Root Fixup: 0.0 ms]
   [Code Root Purge: 0.0 ms]
   [Clear CT: 0.0 ms]
   [Other: 0.6 ms]
      [Choose CSet: 0.0 ms]
      [Ref Proc: 0.0 ms]
      [Ref Enq: 0.0 ms]
      [Redirty Cards: 0.0 ms]
      [Humongous Register: 0.0 ms]
      [Humongous Reclaim: 0.0 ms]
      [Free CSet: 0.1 ms]
   [Eden: 47.0M(47.0M)->0.0B(47.0M) Survivors: 7168.0K->7168.0K Heap: 907.0M(1096.0M)->869.5M(1096.0M)]
 [Times: user=0.06 sys=0.00, real=0.01 secs] 
2016-06-27T20:30:23.958+0300: 326.230: Total time for which application threads were stopped: 0.0196978 seconds, Stopping threads took: 0.0068083 seconds
2016-06-27T20:30:24.351+0300: 326.623: [GC pause (G1 Evacuation Pause) (young) (initial-mark)
Desired survivor size 3670016 bytes, new threshold 1 (max 15)
- age   1:    7217328 bytes,    7217328 total
, 0.0049467 secs]
   [Parallel Time: 4.3 ms, GC Workers: 4]
      [GC Worker Start (ms): Min: 326623.6, Avg: 326623.6, Max: 326623.6, Diff: 0.0]
      [Ext Root Scanning (ms): Min: 0.6, Avg: 0.6, Max: 0.8, Diff: 0.2, Sum: 2.5]
      [Update RS (ms): Min: 1.1, Avg: 1.3, Max: 1.4, Diff: 0.2, Sum: 5.0]
         [Processed Buffers: Min: 10, Avg: 11.8, Max: 13, Diff: 3, Sum: 47]
      [Scan RS (ms): Min: 0.0, Avg: 0.0, Max: 0.0, Diff: 0.0, Sum: 0.0]
      [Code Root Scanning (ms): Min: 0.0, Avg: 0.0, Max: 0.0, Diff: 0.0, Sum: 0.0]
      [Object Copy (ms): Min: 2.2, Avg: 2.3, Max: 2.4, Diff: 0.1, Sum: 9.2]
      [Termination (ms): Min: 0.0, Avg: 0.0, Max: 0.0, Diff: 0.0, Sum: 0.0]
         [Termination Attempts: Min: 1, Avg: 1.0, Max: 1, Diff: 0, Sum: 4]
      [GC Worker Other (ms): Min: 0.0, Avg: 0.0, Max: 0.0, Diff: 0.0, Sum: 0.1]
      [GC Worker Total (ms): Min: 4.2, Avg: 4.2, Max: 4.2, Diff: 0.0, Sum: 16.9]
      [GC Worker End (ms): Min: 326627.8, Avg: 326627.8, Max: 326627.8, Diff: 0.0]
   [Code Root Fixup: 0.0 ms]
   [Code Root Purge: 0.0 ms]
   [Clear CT: 0.0 ms]
   [Other: 0.6 ms]
      [Choose CSet: 0.0 ms]
      [Ref Proc: 0.1 ms]
      [Ref Enq: 0.0 ms]
      [Redirty Cards: 0.0 ms]
      [Humongous Register: 0.0 ms]
      [Humongous Reclaim: 0.0 ms]
      [Free CSet: 0.1 ms]
   [Eden: 47.0M(47.0M)->0.0B(90.0M) Survivors: 7168.0K->7168.0K Heap: 916.5M(1096.0M)->878.5M(1096.0M)]
 [Times: user=0.00 sys=0.00, real=0.00 secs] 
2016-06-27T20:30:24.356+0300: 326.628: [GC concurrent-root-region-scan-start]
2016-06-27T20:30:24.356+0300: 326.628: Total time for which application threads were stopped: 0.0137375 seconds, Stopping threads took: 0.0080369 seconds
2016-06-27T20:30:24.357+0300: 326.629: [GC concurrent-root-region-scan-end, 0.0007390 secs]
2016-06-27T20:30:24.357+0300: 326.629: [GC concurrent-mark-start]
2016-06-27T20:30:24.439+0300: 326.711: [GC concurrent-mark-end, 0.0820374 secs]
2016-06-27T20:30:24.472+0300: 326.744: [GC remark 2016-06-27T20:30:24.472+0300: 326.744: [Finalize Marking, 0.0002288 secs] 2016-06-27T20:30:24.472+0300: 326.744: [GC ref-proc, 0.0001120 secs] 2016-06-27T20:30:24.472+0300: 326.744: [Unloading, 0.0022525 secs], 0.0074343 secs]
 [Times: user=0.05 sys=0.00, real=0.01 secs] 
2016-06-27T20:30:24.479+0300: 326.751: Total time for which application threads were stopped: 0.0123635 seconds, Stopping threads took: 0.0043488 seconds
2016-06-27T20:30:24.480+0300: 326.752: [GC cleanup 895M->895M(1096M), 0.0025471 secs]
 [Times: user=0.00 sys=0.00, real=0.00 secs] 
2016-06-27T20:30:24.483+0300: 326.755: Total time for which application threads were stopped: 0.0032087 seconds, Stopping threads took: 0.0000539 seconds
2016-06-27T20:30:24.929+0300: 327.201: Total time for which application threads were stopped: 0.0064067 seconds, Stopping threads took: 0.0050078 seconds
2016-06-27T20:30:25.053+0300: 327.325: [GC pause (G1 Evacuation Pause) (young)
Desired survivor size 6815744 bytes, new threshold 1 (max 15)
- age   1:    6920480 bytes,    6920480 total
, 0.0057990 secs]
   [Parallel Time: 5.1 ms, GC Workers: 4]
      [GC Worker Start (ms): Min: 327325.6, Avg: 327325.6, Max: 327325.6, Diff: 0.0]
      [Ext Root Scanning (ms): Min: 0.6, Avg: 0.6, Max: 0.6, Diff: 0.1, Sum: 2.4]
      [Update RS (ms): Min: 0.9, Avg: 0.9, Max: 1.0, Diff: 0.1, Sum: 3.6]
         [Processed Buffers: Min: 17, Avg: 21.3, Max: 24, Diff: 7, Sum: 85]
      [Scan RS (ms): Min: 0.0, Avg: 0.0, Max: 0.0, Diff: 0.0, Sum: 0.1]
      [Code Root Scanning (ms): Min: 0.0, Avg: 0.0, Max: 0.0, Diff: 0.0, Sum: 0.0]
      [Object Copy (ms): Min: 3.4, Avg: 3.5, Max: 3.6, Diff: 0.1, Sum: 14.1]
      [Termination (ms): Min: 0.0, Avg: 0.0, Max: 0.0, Diff: 0.0, Sum: 0.0]
         [Termination Attempts: Min: 1, Avg: 1.0, Max: 1, Diff: 0, Sum: 4]
      [GC Worker Other (ms): Min: 0.0, Avg: 0.0, Max: 0.0, Diff: 0.0, Sum: 0.1]
      [GC Worker Total (ms): Min: 5.0, Avg: 5.1, Max: 5.1, Diff: 0.0, Sum: 20.2]
      [GC Worker End (ms): Min: 327330.7, Avg: 327330.7, Max: 327330.7, Diff: 0.0]
   [Code Root Fixup: 0.0 ms]
   [Code Root Purge: 0.0 ms]
   [Clear CT: 0.1 ms]
   [Other: 0.6 ms]
      [Choose CSet: 0.0 ms]
      [Ref Proc: 0.1 ms]
      [Ref Enq: 0.0 ms]
      [Redirty Cards: 0.1 ms]
      [Humongous Register: 0.0 ms]
      [Humongous Reclaim: 0.0 ms]
      [Free CSet: 0.1 ms]
   [Eden: 90.0M(90.0M)->0.0B(41.0M) Survivors: 7168.0K->13.0M Heap: 968.5M(1096.0M)->894.5M(1096.0M)]
 [Times: user=0.00 sys=0.00, real=0.01 secs] 
2016-06-27T20:30:25.059+0300: 327.331: Total time for which application threads were stopped: 0.0154832 seconds, Stopping threads took: 0.0089688 seconds
2016-06-27T20:30:25.414+0300: 327.686: [GC pause (G1 Evacuation Pause) (mixed)
Desired survivor size 3670016 bytes, new threshold 1 (max 15)
- age   1:   13414248 bytes,   13414248 total
, 0.0207087 secs]
   [Parallel Time: 19.3 ms, GC Workers: 4]
      [GC Worker Start (ms): Min: 327686.7, Avg: 327686.7, Max: 327686.7, Diff: 0.1]
      [Ext Root Scanning (ms): Min: 0.5, Avg: 0.6, Max: 0.6, Diff: 0.1, Sum: 2.3]
      [Update RS (ms): Min: 0.9, Avg: 1.0, Max: 1.1, Diff: 0.1, Sum: 3.9]
         [Processed Buffers: Min: 6, Avg: 9.8, Max: 12, Diff: 6, Sum: 39]
      [Scan RS (ms): Min: 2.6, Avg: 2.7, Max: 2.8, Diff: 0.2, Sum: 10.9]
      [Code Root Scanning (ms): Min: 0.0, Avg: 0.1, Max: 0.2, Diff: 0.2, Sum: 0.2]
      [Object Copy (ms): Min: 14.8, Avg: 14.8, Max: 14.9, Diff: 0.1, Sum: 59.2]
      [Termination (ms): Min: 0.0, Avg: 0.0, Max: 0.0, Diff: 0.0, Sum: 0.0]
         [Termination Attempts: Min: 1, Avg: 1.8, Max: 2, Diff: 1, Sum: 7]
      [GC Worker Other (ms): Min: 0.0, Avg: 0.0, Max: 0.0, Diff: 0.0, Sum: 0.1]
      [GC Worker Total (ms): Min: 19.2, Avg: 19.2, Max: 19.2, Diff: 0.1, Sum: 76.7]
      [GC Worker End (ms): Min: 327705.9, Avg: 327705.9, Max: 327705.9, Diff: 0.0]
   [Code Root Fixup: 0.1 ms]
   [Code Root Purge: 0.0 ms]
   [Clear CT: 0.2 ms]
   [Other: 1.1 ms]
      [Choose CSet: 0.2 ms]
      [Ref Proc: 0.1 ms]
      [Ref Enq: 0.0 ms]
      [Redirty Cards: 0.0 ms]
      [Humongous Register: 0.0 ms]
      [Humongous Reclaim: 0.0 ms]
      [Free CSet: 0.5 ms]
   [Eden: 41.0M(41.0M)->0.0B(47.0M) Survivors: 13.0M->7168.0K Heap: 935.5M(1096.0M)->863.0M(1096.0M)]
 [Times: user=0.06 sys=0.00, real=0.02 secs] 
2016-06-27T20:30:25.435+0300: 327.707: Total time for which application threads were stopped: 0.0245418 seconds, Stopping threads took: 0.0030812 seconds
2016-06-27T20:30:25.831+0300: 328.103: [GC pause (G1 Evacuation Pause) (mixed)
Desired survivor size 3670016 bytes, new threshold 1 (max 15)
- age   1:    7157912 bytes,    7157912 total
, 0.0218985 secs]
   [Parallel Time: 20.9 ms, GC Workers: 4]
      [GC Worker Start (ms): Min: 328103.2, Avg: 328103.2, Max: 328103.2, Diff: 0.0]
      [Ext Root Scanning (ms): Min: 0.6, Avg: 0.6, Max: 0.7, Diff: 0.1, Sum: 2.5]
      [Update RS (ms): Min: 9.2, Avg: 9.2, Max: 9.3, Diff: 0.1, Sum: 36.9]
         [Processed Buffers: Min: 12, Avg: 15.8, Max: 21, Diff: 9, Sum: 63]
      [Scan RS (ms): Min: 2.3, Avg: 2.3, Max: 2.4, Diff: 0.1, Sum: 9.3]
      [Code Root Scanning (ms): Min: 0.0, Avg: 0.0, Max: 0.0, Diff: 0.0, Sum: 0.0]
      [Object Copy (ms): Min: 8.6, Avg: 8.6, Max: 8.7, Diff: 0.1, Sum: 34.5]
      [Termination (ms): Min: 0.0, Avg: 0.0, Max: 0.0, Diff: 0.0, Sum: 0.0]
         [Termination Attempts: Min: 1, Avg: 2.3, Max: 4, Diff: 3, Sum: 9]
      [GC Worker Other (ms): Min: 0.0, Avg: 0.0, Max: 0.0, Diff: 0.0, Sum: 0.1]
      [GC Worker Total (ms): Min: 20.8, Avg: 20.8, Max: 20.8, Diff: 0.0, Sum: 83.3]
      [GC Worker End (ms): Min: 328124.1, Avg: 328124.1, Max: 328124.1, Diff: 0.0]
   [Code Root Fixup: 0.0 ms]
   [Code Root Purge: 0.0 ms]
   [Clear CT: 0.2 ms]
   [Other: 0.8 ms]
      [Choose CSet: 0.1 ms]
      [Ref Proc: 0.0 ms]
      [Ref Enq: 0.0 ms]
      [Redirty Cards: 0.0 ms]
      [Humongous Register: 0.0 ms]
      [Humongous Reclaim: 0.0 ms]
      [Free CSet: 0.3 ms]
   [Eden: 47.0M(47.0M)->0.0B(47.0M) Survivors: 7168.0K->7168.0K Heap: 910.0M(1096.0M)->858.5M(1096.0M)]
 [Times: user=0.13 sys=0.00, real=0.02 secs] 
2016-06-27T20:30:25.853+0300: 328.125: Total time for which application threads were stopped: 0.0272146 seconds, Stopping threads took: 0.0046743 seconds
2016-06-27T20:30:26.250+0300: 328.522: [GC pause (G1 Evacuation Pause) (young)
Desired survivor size 3670016 bytes, new threshold 1 (max 15)
- age   1:    7199880 bytes,    7199880 total
, 0.0115625 secs]
   [Parallel Time: 10.8 ms, GC Workers: 4]
      [GC Worker Start (ms): Min: 328522.2, Avg: 328522.2, Max: 328522.2, Diff: 0.0]
      [Ext Root Scanning (ms): Min: 0.6, Avg: 0.6, Max: 0.7, Diff: 0.1, Sum: 2.4]
      [Update RS (ms): Min: 7.6, Avg: 7.7, Max: 7.8, Diff: 0.1, Sum: 31.0]
         [Processed Buffers: Min: 8, Avg: 17.3, Max: 28, Diff: 20, Sum: 69]
      [Scan RS (ms): Min: 0.0, Avg: 0.0, Max: 0.0, Diff: 0.0, Sum: 0.0]
      [Code Root Scanning (ms): Min: 0.0, Avg: 0.0, Max: 0.0, Diff: 0.0, Sum: 0.0]
      [Object Copy (ms): Min: 2.4, Avg: 2.5, Max: 2.5, Diff: 0.2, Sum: 9.8]
      [Termination (ms): Min: 0.0, Avg: 0.0, Max: 0.0, Diff: 0.0, Sum: 0.0]
         [Termination Attempts: Min: 1, Avg: 1.0, Max: 1, Diff: 0, Sum: 4]
      [GC Worker Other (ms): Min: 0.0, Avg: 0.0, Max: 0.0, Diff: 0.0, Sum: 0.1]
      [GC Worker Total (ms): Min: 10.8, Avg: 10.8, Max: 10.8, Diff: 0.0, Sum: 43.2]
      [GC Worker End (ms): Min: 328533.0, Avg: 328533.0, Max: 328533.0, Diff: 0.0]
   [Code Root Fixup: 0.0 ms]
   [Code Root Purge: 0.0 ms]
   [Clear CT: 0.0 ms]
   [Other: 0.6 ms]
      [Choose CSet: 0.0 ms]
      [Ref Proc: 0.1 ms]
      [Ref Enq: 0.0 ms]
      [Redirty Cards: 0.0 ms]
      [Humongous Register: 0.0 ms]
      [Humongous Reclaim: 0.0 ms]
      [Free CSet: 0.1 ms]
   [Eden: 47.0M(47.0M)->0.0B(100.0M) Survivors: 7168.0K->7168.0K Heap: 905.5M(1096.0M)->868.0M(1096.0M)]
 [Times: user=0.06 sys=0.00, real=0.01 secs] 
2016-06-27T20:30:26.262+0300: 328.534: Total time for which application threads were stopped: 0.0168175 seconds, Stopping threads took: 0.0045909 seconds
2016-06-27T20:30:26.926+0300: 329.198: Total time for which application threads were stopped: 0.0036227 seconds, Stopping threads took: 0.0024312 seconds
2016-06-27T20:30:27.088+0300: 329.360: [GC pause (G1 Evacuation Pause) (young) (initial-mark)
Desired survivor size 7340032 bytes, new threshold 15 (max 15)
- age   1:    7106160 bytes,    7106160 total
, 0.0063768 secs]
   [Parallel Time: 5.6 ms, GC Workers: 4]
      [GC Worker Start (ms): Min: 329360.5, Avg: 329360.5, Max: 329360.5, Diff: 0.0]
      [Ext Root Scanning (ms): Min: 0.5, Avg: 0.5, Max: 0.7, Diff: 0.3, Sum: 2.2]
      [Update RS (ms): Min: 1.0, Avg: 1.1, Max: 1.1, Diff: 0.1, Sum: 4.2]
         [Processed Buffers: Min: 8, Avg: 21.0, Max: 28, Diff: 20, Sum: 84]
      [Scan RS (ms): Min: 0.0, Avg: 0.0, Max: 0.0, Diff: 0.0, Sum: 0.1]
      [Code Root Scanning (ms): Min: 0.0, Avg: 0.0, Max: 0.0, Diff: 0.0, Sum: 0.0]
      [Object Copy (ms): Min: 3.7, Avg: 3.9, Max: 3.9, Diff: 0.2, Sum: 15.5]
      [Termination (ms): Min: 0.0, Avg: 0.0, Max: 0.0, Diff: 0.0, Sum: 0.0]
         [Termination Attempts: Min: 1, Avg: 1.0, Max: 1, Diff: 0, Sum: 4]
      [GC Worker Other (ms): Min: 0.0, Avg: 0.0, Max: 0.0, Diff: 0.0, Sum: 0.1]
      [GC Worker Total (ms): Min: 5.5, Avg: 5.5, Max: 5.5, Diff: 0.0, Sum: 22.0]
      [GC Worker End (ms): Min: 329366.0, Avg: 329366.0, Max: 329366.0, Diff: 0.0]
   [Code Root Fixup: 0.0 ms]
   [Code Root Purge: 0.0 ms]
   [Clear CT: 0.0 ms]
   [Other: 0.7 ms]
      [Choose CSet: 0.0 ms]
      [Ref Proc: 0.0 ms]
      [Ref Enq: 0.0 ms]
      [Redirty Cards: 0.0 ms]
      [Humongous Register: 0.0 ms]
      [Humongous Reclaim: 0.0 ms]
      [Free CSet: 0.1 ms]
   [Eden: 100.0M(100.0M)->0.0B(84.0M) Survivors: 7168.0K->14.0M Heap: 968.0M(1096.0M)->885.5M(1096.0M)]
 [Times: user=0.00 sys=0.00, real=0.01 secs] 
2016-06-27T20:30:27.094+0300: 329.367: [GC concurrent-root-region-scan-start]
2016-06-27T20:30:27.094+0300: 329.367: Total time for which application threads were stopped: 0.0108351 seconds, Stopping threads took: 0.0038634 seconds
2016-06-27T20:30:27.096+0300: 329.368: [GC concurrent-root-region-scan-end, 0.0017008 secs]
2016-06-27T20:30:27.096+0300: 329.368: [GC concurrent-mark-start]
2016-06-27T20:30:27.186+0300: 329.458: [GC concurrent-mark-end, 0.0885112 secs]
2016-06-27T20:30:27.214+0300: 329.486: [GC remark 2016-06-27T20:30:27.214+0300: 329.486: [Finalize Marking, 0.0002673 secs] 2016-06-27T20:30:27.214+0300: 329.486: [GC ref-proc, 0.0001014 secs] 2016-06-27T20:30:27.214+0300: 329.486: [Unloading, 0.0016687 secs], 0.0056343 secs]
 [Times: user=0.00 sys=0.00, real=0.01 secs] 
2016-06-27T20:30:27.220+0300: 329.491: Total time for which application threads were stopped: 0.0115231 seconds, Stopping threads took: 0.0054915 seconds
2016-06-27T20:30:27.459+0300: 329.731: [GC cleanup 930M->930M(1096M), 0.0021229 secs]
 [Times: user=0.00 sys=0.00, real=0.00 secs] 
2016-06-27T20:30:27.461+0300: 329.733: Total time for which application threads were stopped: 0.0047290 seconds, Stopping threads took: 0.0021678 seconds
2016-06-27T20:30:27.777+0300: 330.049: [GC pause (G1 Evacuation Pause) (young)
Desired survivor size 6815744 bytes, new threshold 1 (max 15)
- age   1:   12088296 bytes,   12088296 total
- age   2:    2315944 bytes,   14404240 total
, 0.0071316 secs]
   [Parallel Time: 6.4 ms, GC Workers: 4]
      [GC Worker Start (ms): Min: 330049.0, Avg: 330049.0, Max: 330049.0, Diff: 0.0]
      [Ext Root Scanning (ms): Min: 0.5, Avg: 0.6, Max: 0.8, Diff: 0.3, Sum: 2.3]
      [Update RS (ms): Min: 1.2, Avg: 1.3, Max: 1.4, Diff: 0.2, Sum: 5.3]
         [Processed Buffers: Min: 3, Avg: 15.0, Max: 31, Diff: 28, Sum: 60]
      [Scan RS (ms): Min: 0.0, Avg: 0.0, Max: 0.0, Diff: 0.0, Sum: 0.1]
      [Code Root Scanning (ms): Min: 0.0, Avg: 0.0, Max: 0.0, Diff: 0.0, Sum: 0.0]
      [Object Copy (ms): Min: 4.4, Avg: 4.5, Max: 4.5, Diff: 0.2, Sum: 17.8]
      [Termination (ms): Min: 0.0, Avg: 0.0, Max: 0.0, Diff: 0.0, Sum: 0.0]
         [Termination Attempts: Min: 1, Avg: 1.0, Max: 1, Diff: 0, Sum: 4]
      [GC Worker Other (ms): Min: 0.0, Avg: 0.0, Max: 0.0, Diff: 0.0, Sum: 0.1]
      [GC Worker Total (ms): Min: 6.4, Avg: 6.4, Max: 6.4, Diff: 0.0, Sum: 25.6]
      [GC Worker End (ms): Min: 330055.4, Avg: 330055.4, Max: 330055.4, Diff: 0.0]
   [Code Root Fixup: 0.0 ms]
   [Code Root Purge: 0.0 ms]
   [Clear CT: 0.0 ms]
   [Other: 0.6 ms]
      [Choose CSet: 0.0 ms]
      [Ref Proc: 0.1 ms]
      [Ref Enq: 0.0 ms]
      [Redirty Cards: 0.0 ms]
      [Humongous Register: 0.0 ms]
      [Humongous Reclaim: 0.0 ms]
      [Free CSet: 0.1 ms]
   [Eden: 84.0M(84.0M)->0.0B(41.0M) Survivors: 14.0M->13.0M Heap: 969.5M(1096.0M)->900.5M(1096.0M)]
 [Times: user=0.00 sys=0.00, real=0.01 secs] 
2016-06-27T20:30:27.784+0300: 330.056: Total time for which application threads were stopped: 0.0105019 seconds, Stopping threads took: 0.0026724 seconds
2016-06-27T20:30:28.129+0300: 330.401: [GC pause (G1 Evacuation Pause) (mixed)
Desired survivor size 3670016 bytes, new threshold 1 (max 15)
- age   1:   13279304 bytes,   13279304 total
, 0.0209756 secs]
   [Parallel Time: 19.5 ms, GC Workers: 4]
      [GC Worker Start (ms): Min: 330401.3, Avg: 330401.3, Max: 330401.3, Diff: 0.0]
      [Ext Root Scanning (ms): Min: 0.5, Avg: 0.6, Max: 0.7, Diff: 0.2, Sum: 2.3]
      [Update RS (ms): Min: 1.3, Avg: 1.4, Max: 1.4, Diff: 0.1, Sum: 5.4]
         [Processed Buffers: Min: 4, Avg: 7.8, Max: 14, Diff: 10, Sum: 31]
      [Scan RS (ms): Min: 3.2, Avg: 3.3, Max: 3.3, Diff: 0.1, Sum: 13.2]
      [Code Root Scanning (ms): Min: 0.0, Avg: 0.0, Max: 0.1, Diff: 0.1, Sum: 0.2]
      [Object Copy (ms): Min: 14.2, Avg: 14.2, Max: 14.3, Diff: 0.1, Sum: 56.9]
      [Termination (ms): Min: 0.0, Avg: 0.0, Max: 0.0, Diff: 0.0, Sum: 0.0]
         [Termination Attempts: Min: 1, Avg: 1.0, Max: 1, Diff: 0, Sum: 4]
      [GC Worker Other (ms): Min: 0.0, Avg: 0.0, Max: 0.0, Diff: 0.0, Sum: 0.1]
      [GC Worker Total (ms): Min: 19.5, Avg: 19.5, Max: 19.5, Diff: 0.0, Sum: 78.1]
      [GC Worker End (ms): Min: 330420.8, Avg: 330420.8, Max: 330420.8, Diff: 0.0]
   [Code Root Fixup: 0.1 ms]
   [Code Root Purge: 0.0 ms]
   [Clear CT: 0.2 ms]
   [Other: 1.1 ms]
      [Choose CSet: 0.2 ms]
      [Ref Proc: 0.1 ms]
      [Ref Enq: 0.0 ms]
      [Redirty Cards: 0.0 ms]
      [Humongous Register: 0.0 ms]
      [Humongous Reclaim: 0.0 ms]
      [Free CSet: 0.5 ms]
   [Eden: 41.0M(41.0M)->0.0B(47.0M) Survivors: 13.0M->7168.0K Heap: 941.5M(1096.0M)->864.5M(1096.0M)]
 [Times: user=0.13 sys=0.00, real=0.02 secs] 
2016-06-27T20:30:28.150+0300: 330.422: Total time for which application threads were stopped: 0.0232759 seconds, Stopping threads took: 0.0016268 seconds
2016-06-27T20:30:28.537+0300: 330.809: [GC pause (G1 Evacuation Pause) (mixed)
Desired survivor size 3670016 bytes, new threshold 1 (max 15)
- age   1:    7086024 bytes,    7086024 total
, 0.0249203 secs]
   [Parallel Time: 23.7 ms, GC Workers: 4]
      [GC Worker Start (ms): Min: 330809.6, Avg: 330809.6, Max: 330809.6, Diff: 0.0]
      [Ext Root Scanning (ms): Min: 0.6, Avg: 0.6, Max: 0.7, Diff: 0.1, Sum: 2.5]
      [Update RS (ms): Min: 10.4, Avg: 10.5, Max: 10.5, Diff: 0.1, Sum: 41.9]
         [Processed Buffers: Min: 13, Avg: 20.0, Max: 27, Diff: 14, Sum: 80]
      [Scan RS (ms): Min: 2.8, Avg: 2.9, Max: 3.0, Diff: 0.2, Sum: 11.6]
      [Code Root Scanning (ms): Min: 0.0, Avg: 0.0, Max: 0.0, Diff: 0.0, Sum: 0.0]
      [Object Copy (ms): Min: 9.6, Avg: 9.6, Max: 9.6, Diff: 0.0, Sum: 38.5]
      [Termination (ms): Min: 0.0, Avg: 0.0, Max: 0.0, Diff: 0.0, Sum: 0.0]
         [Termination Attempts: Min: 1, Avg: 2.8, Max: 4, Diff: 3, Sum: 11]
      [GC Worker Other (ms): Min: 0.0, Avg: 0.0, Max: 0.0, Diff: 0.0, Sum: 0.1]
      [GC Worker Total (ms): Min: 23.6, Avg: 23.6, Max: 23.6, Diff: 0.0, Sum: 94.5]
      [GC Worker End (ms): Min: 330833.2, Avg: 330833.2, Max: 330833.2, Diff: 0.0]
   [Code Root Fixup: 0.0 ms]
   [Code Root Purge: 0.0 ms]
   [Clear CT: 0.2 ms]
   [Other: 1.0 ms]
      [Choose CSet: 0.1 ms]
      [Ref Proc: 0.1 ms]
      [Ref Enq: 0.0 ms]
      [Redirty Cards: 0.1 ms]
      [Humongous Register: 0.0 ms]
      [Humongous Reclaim: 0.0 ms]
      [Free CSet: 0.4 ms]
   [Eden: 47.0M(47.0M)->0.0B(47.0M) Survivors: 7168.0K->7168.0K Heap: 911.5M(1096.0M)->855.0M(1096.0M)]
 [Times: user=0.06 sys=0.00, real=0.03 secs] 
2016-06-27T20:30:28.562+0300: 330.834: Total time for which application threads were stopped: 0.0271680 seconds, Stopping threads took: 0.0015139 seconds
2016-06-27T20:30:28.970+0300: 331.242: [GC pause (G1 Evacuation Pause) (young)
Desired survivor size 3670016 bytes, new threshold 1 (max 15)
- age   1:    7213320 bytes,    7213320 total
, 0.0119782 secs]
   [Parallel Time: 11.3 ms, GC Workers: 4]
      [GC Worker Start (ms): Min: 331242.8, Avg: 331242.8, Max: 331242.8, Diff: 0.0]
      [Ext Root Scanning (ms): Min: 0.6, Avg: 0.6, Max: 0.6, Diff: 0.0, Sum: 2.3]
      [Update RS (ms): Min: 8.3, Avg: 8.7, Max: 9.5, Diff: 1.3, Sum: 34.7]
         [Processed Buffers: Min: 9, Avg: 19.5, Max: 48, Diff: 39, Sum: 78]
      [Scan RS (ms): Min: 0.0, Avg: 0.0, Max: 0.0, Diff: 0.0, Sum: 0.0]
      [Code Root Scanning (ms): Min: 0.0, Avg: 0.0, Max: 0.0, Diff: 0.0, Sum: 0.0]
      [Object Copy (ms): Min: 1.1, Avg: 2.0, Max: 2.4, Diff: 1.3, Sum: 7.9]
      [Termination (ms): Min: 0.0, Avg: 0.0, Max: 0.0, Diff: 0.0, Sum: 0.0]
         [Termination Attempts: Min: 1, Avg: 1.0, Max: 1, Diff: 0, Sum: 4]
      [GC Worker Other (ms): Min: 0.0, Avg: 0.0, Max: 0.0, Diff: 0.0, Sum: 0.1]
      [GC Worker Total (ms): Min: 11.3, Avg: 11.3, Max: 11.3, Diff: 0.0, Sum: 45.0]
      [GC Worker End (ms): Min: 331254.0, Avg: 331254.0, Max: 331254.0, Diff: 0.0]
   [Code Root Fixup: 0.0 ms]
   [Code Root Purge: 0.0 ms]
   [Clear CT: 0.0 ms]
   [Other: 0.6 ms]
      [Choose CSet: 0.0 ms]
      [Ref Proc: 0.1 ms]
      [Ref Enq: 0.0 ms]
      [Redirty Cards: 0.0 ms]
      [Humongous Register: 0.0 ms]
      [Humongous Reclaim: 0.0 ms]
      [Free CSet: 0.1 ms]
   [Eden: 47.0M(47.0M)->0.0B(47.0M) Survivors: 7168.0K->7168.0K Heap: 902.0M(1096.0M)->864.5M(1096.0M)]
 [Times: user=0.06 sys=0.00, real=0.01 secs] 
2016-06-27T20:30:28.983+0300: 331.255: Total time for which application threads were stopped: 0.0149029 seconds, Stopping threads took: 0.0022037 seconds
2016-06-27T20:30:29.390+0300: 331.662: [GC pause (G1 Evacuation Pause) (young) (initial-mark)
Desired survivor size 3670016 bytes, new threshold 1 (max 15)
- age   1:    6971016 bytes,    6971016 total
, 0.0043826 secs]
   [Parallel Time: 3.7 ms, GC Workers: 4]
      [GC Worker Start (ms): Min: 331662.4, Avg: 331662.4, Max: 331662.4, Diff: 0.0]
      [Ext Root Scanning (ms): Min: 0.6, Avg: 0.6, Max: 0.6, Diff: 0.1, Sum: 2.4]
      [Update RS (ms): Min: 0.6, Avg: 0.6, Max: 0.7, Diff: 0.1, Sum: 2.6]
         [Processed Buffers: Min: 4, Avg: 8.3, Max: 13, Diff: 9, Sum: 33]
      [Scan RS (ms): Min: 0.0, Avg: 0.0, Max: 0.0, Diff: 0.0, Sum: 0.0]
      [Code Root Scanning (ms): Min: 0.0, Avg: 0.0, Max: 0.0, Diff: 0.0, Sum: 0.0]
      [Object Copy (ms): Min: 2.3, Avg: 2.3, Max: 2.4, Diff: 0.1, Sum: 9.4]
      [Termination (ms): Min: 0.0, Avg: 0.0, Max: 0.0, Diff: 0.0, Sum: 0.0]
         [Termination Attempts: Min: 1, Avg: 1.0, Max: 1, Diff: 0, Sum: 4]
      [GC Worker Other (ms): Min: 0.0, Avg: 0.0, Max: 0.0, Diff: 0.0, Sum: 0.1]
      [GC Worker Total (ms): Min: 3.6, Avg: 3.6, Max: 3.6, Diff: 0.0, Sum: 14.4]
      [GC Worker End (ms): Min: 331666.0, Avg: 331666.0, Max: 331666.0, Diff: 0.0]
   [Code Root Fixup: 0.0 ms]
   [Code Root Purge: 0.0 ms]
   [Clear CT: 0.0 ms]
   [Other: 0.6 ms]
      [Choose CSet: 0.0 ms]
      [Ref Proc: 0.0 ms]
      [Ref Enq: 0.0 ms]
      [Redirty Cards: 0.0 ms]
      [Humongous Register: 0.0 ms]
      [Humongous Reclaim: 0.0 ms]
      [Free CSet: 0.1 ms]
   [Eden: 47.0M(47.0M)->0.0B(94.0M) Survivors: 7168.0K->7168.0K Heap: 911.5M(1096.0M)->873.5M(1096.0M)]
 [Times: user=0.00 sys=0.00, real=0.00 secs] 
2016-06-27T20:30:29.395+0300: 331.667: [GC concurrent-root-region-scan-start]
2016-06-27T20:30:29.395+0300: 331.667: Total time for which application threads were stopped: 0.0060244 seconds, Stopping threads took: 0.0010093 seconds
2016-06-27T20:30:29.395+0300: 331.667: [GC concurrent-root-region-scan-end, 0.0007005 secs]
2016-06-27T20:30:29.395+0300: 331.667: [GC concurrent-mark-start]
2016-06-27T20:30:29.473+0300: 331.745: [GC concurrent-mark-end, 0.0771741 secs]
2016-06-27T20:30:29.482+0300: 331.754: [GC remark 2016-06-27T20:30:29.483+0300: 331.754: [Finalize Marking, 0.0002066 secs] 2016-06-27T20:30:29.483+0300: 331.755: [GC ref-proc, 0.0001061 secs] 2016-06-27T20:30:29.483+0300: 331.755: [Unloading, 0.0017234 secs], 0.0056544 secs]
 [Times: user=0.00 sys=0.00, real=0.01 secs] 
2016-06-27T20:30:29.488+0300: 331.760: Total time for which application threads were stopped: 0.0085950 seconds, Stopping threads took: 0.0024693 seconds
2016-06-27T20:30:29.496+0300: 331.768: [GC cleanup 888M->888M(1096M), 0.0027515 secs]
 [Times: user=0.00 sys=0.00, real=0.00 secs] 
2016-06-27T20:30:29.499+0300: 331.771: Total time for which application threads were stopped: 0.0033626 seconds, Stopping threads took: 0.0000795 seconds
2016-06-27T20:30:30.146+0300: 332.418: [GC pause (G1 Evacuation Pause) (young)
Desired survivor size 6815744 bytes, new threshold 1 (max 15)
- age   1:    7238984 bytes,    7238984 total
, 0.0056831 secs]
   [Parallel Time: 5.1 ms, GC Workers: 4]
      [GC Worker Start (ms): Min: 332418.4, Avg: 332418.4, Max: 332418.4, Diff: 0.0]
      [Ext Root Scanning (ms): Min: 0.6, Avg: 0.6, Max: 0.6, Diff: 0.0, Sum: 2.5]
      [Update RS (ms): Min: 0.8, Avg: 0.8, Max: 0.9, Diff: 0.1, Sum: 3.2]
         [Processed Buffers: Min: 5, Avg: 15.3, Max: 24, Diff: 19, Sum: 61]
      [Scan RS (ms): Min: 0.0, Avg: 0.0, Max: 0.0, Diff: 0.0, Sum: 0.1]
      [Code Root Scanning (ms): Min: 0.0, Avg: 0.0, Max: 0.0, Diff: 0.0, Sum: 0.0]
      [Object Copy (ms): Min: 3.6, Avg: 3.6, Max: 3.7, Diff: 0.1, Sum: 14.5]
      [Termination (ms): Min: 0.0, Avg: 0.0, Max: 0.0, Diff: 0.0, Sum: 0.0]
         [Termination Attempts: Min: 1, Avg: 1.0, Max: 1, Diff: 0, Sum: 4]
      [GC Worker Other (ms): Min: 0.0, Avg: 0.0, Max: 0.0, Diff: 0.0, Sum: 0.1]
      [GC Worker Total (ms): Min: 5.1, Avg: 5.1, Max: 5.1, Diff: 0.0, Sum: 20.3]
      [GC Worker End (ms): Min: 332423.5, Avg: 332423.5, Max: 332423.5, Diff: 0.0]
   [Code Root Fixup: 0.0 ms]
   [Code Root Purge: 0.0 ms]
   [Clear CT: 0.0 ms]
   [Other: 0.5 ms]
      [Choose CSet: 0.0 ms]
      [Ref Proc: 0.1 ms]
      [Ref Enq: 0.0 ms]
      [Redirty Cards: 0.0 ms]
      [Humongous Register: 0.0 ms]
      [Humongous Reclaim: 0.0 ms]
      [Free CSet: 0.1 ms]
   [Eden: 94.0M(94.0M)->0.0B(41.0M) Survivors: 7168.0K->13.0M Heap: 967.5M(1096.0M)->890.5M(1096.0M)]
 [Times: user=0.00 sys=0.00, real=0.01 secs] 
2016-06-27T20:30:30.152+0300: 332.424: Total time for which application threads were stopped: 0.0081395 seconds, Stopping threads took: 0.0017602 seconds
2016-06-27T20:30:30.505+0300: 332.777: [GC pause (G1 Evacuation Pause) (mixed)
Desired survivor size 3670016 bytes, new threshold 1 (max 15)
- age   1:   13434000 bytes,   13434000 total
, 0.0203362 secs]
   [Parallel Time: 19.0 ms, GC Workers: 4]
      [GC Worker Start (ms): Min: 332777.3, Avg: 332777.4, Max: 332777.5, Diff: 0.2]
      [Ext Root Scanning (ms): Min: 0.4, Avg: 0.5, Max: 0.6, Diff: 0.2, Sum: 2.2]
      [Update RS (ms): Min: 0.9, Avg: 0.9, Max: 1.0, Diff: 0.2, Sum: 3.6]
         [Processed Buffers: Min: 2, Avg: 9.8, Max: 20, Diff: 18, Sum: 39]
      [Scan RS (ms): Min: 3.1, Avg: 3.2, Max: 3.3, Diff: 0.1, Sum: 12.7]
      [Code Root Scanning (ms): Min: 0.0, Avg: 0.0, Max: 0.1, Diff: 0.1, Sum: 0.2]
      [Object Copy (ms): Min: 14.1, Avg: 14.2, Max: 14.2, Diff: 0.1, Sum: 56.8]
      [Termination (ms): Min: 0.0, Avg: 0.0, Max: 0.0, Diff: 0.0, Sum: 0.0]
         [Termination Attempts: Min: 1, Avg: 1.8, Max: 2, Diff: 1, Sum: 7]
      [GC Worker Other (ms): Min: 0.0, Avg: 0.0, Max: 0.0, Diff: 0.0, Sum: 0.1]
      [GC Worker Total (ms): Min: 18.8, Avg: 18.9, Max: 19.0, Diff: 0.2, Sum: 75.6]
      [GC Worker End (ms): Min: 332796.3, Avg: 332796.3, Max: 332796.3, Diff: 0.0]
   [Code Root Fixup: 0.0 ms]
   [Code Root Purge: 0.0 ms]
   [Clear CT: 0.2 ms]
   [Other: 1.1 ms]
      [Choose CSet: 0.2 ms]
      [Ref Proc: 0.0 ms]
      [Ref Enq: 0.0 ms]
      [Redirty Cards: 0.0 ms]
      [Humongous Register: 0.0 ms]
      [Humongous Reclaim: 0.0 ms]
      [Free CSet: 0.5 ms]
   [Eden: 41.0M(41.0M)->0.0B(47.0M) Survivors: 13.0M->7168.0K Heap: 931.5M(1096.0M)->857.5M(1096.0M)]
 [Times: user=0.06 sys=0.00, real=0.02 secs] 
2016-06-27T20:30:30.525+0300: 332.798: Total time for which application threads were stopped: 0.0281957 seconds, Stopping threads took: 0.0071435 seconds
2016-06-27T20:30:30.929+0300: 333.201: [GC pause (G1 Evacuation Pause) (mixed)
Desired survivor size 3670016 bytes, new threshold 1 (max 15)
- age   1:    7047832 bytes,    7047832 total
, 0.0189310 secs]
   [Parallel Time: 17.9 ms, GC Workers: 4]
      [GC Worker Start (ms): Min: 333201.2, Avg: 333201.2, Max: 333201.2, Diff: 0.0]
      [Ext Root Scanning (ms): Min: 0.5, Avg: 0.5, Max: 0.6, Diff: 0.1, Sum: 2.1]
      [Update RS (ms): Min: 8.4, Avg: 8.6, Max: 9.0, Diff: 0.6, Sum: 34.3]
         [Processed Buffers: Min: 11, Avg: 17.8, Max: 36, Diff: 25, Sum: 71]
      [Scan RS (ms): Min: 1.8, Avg: 2.1, Max: 2.3, Diff: 0.6, Sum: 8.5]
      [Code Root Scanning (ms): Min: 0.0, Avg: 0.0, Max: 0.0, Diff: 0.0, Sum: 0.0]
      [Object Copy (ms): Min: 6.6, Avg: 6.6, Max: 6.6, Diff: 0.0, Sum: 26.4]
      [Termination (ms): Min: 0.0, Avg: 0.0, Max: 0.0, Diff: 0.0, Sum: 0.0]
         [Termination Attempts: Min: 1, Avg: 1.8, Max: 3, Diff: 2, Sum: 7]
      [GC Worker Other (ms): Min: 0.0, Avg: 0.0, Max: 0.0, Diff: 0.0, Sum: 0.1]
      [GC Worker Total (ms): Min: 17.9, Avg: 17.9, Max: 17.9, Diff: 0.0, Sum: 71.5]
      [GC Worker End (ms): Min: 333219.1, Avg: 333219.1, Max: 333219.1, Diff: 0.0]
   [Code Root Fixup: 0.0 ms]
   [Code Root Purge: 0.0 ms]
   [Clear CT: 0.2 ms]
   [Other: 0.7 ms]
      [Choose CSet: 0.1 ms]
      [Ref Proc: 0.0 ms]
      [Ref Enq: 0.0 ms]
      [Redirty Cards: 0.0 ms]
      [Humongous Register: 0.0 ms]
      [Humongous Reclaim: 0.0 ms]
      [Free CSet: 0.2 ms]
   [Eden: 47.0M(47.0M)->0.0B(47.0M) Survivors: 7168.0K->7168.0K Heap: 904.5M(1096.0M)->855.0M(1096.0M)]
 [Times: user=0.06 sys=0.00, real=0.02 secs] 
2016-06-27T20:30:30.949+0300: 333.221: Total time for which application threads were stopped: 0.0236164 seconds, Stopping threads took: 0.0034559 seconds
2016-06-27T20:30:31.344+0300: 333.616: [GC pause (G1 Evacuation Pause) (young)
Desired survivor size 3670016 bytes, new threshold 1 (max 15)
- age   1:    7206352 bytes,    7206352 total
, 0.0095957 secs]
   [Parallel Time: 9.0 ms, GC Workers: 4]
      [GC Worker Start (ms): Min: 333616.2, Avg: 333616.2, Max: 333616.2, Diff: 0.0]
      [Ext Root Scanning (ms): Min: 0.5, Avg: 0.5, Max: 0.6, Diff: 0.1, Sum: 2.2]
      [Update RS (ms): Min: 6.0, Avg: 6.1, Max: 6.2, Diff: 0.2, Sum: 24.4]
         [Processed Buffers: Min: 9, Avg: 14.0, Max: 19, Diff: 10, Sum: 56]
      [Scan RS (ms): Min: 0.0, Avg: 0.0, Max: 0.0, Diff: 0.0, Sum: 0.0]
      [Code Root Scanning (ms): Min: 0.0, Avg: 0.0, Max: 0.0, Diff: 0.0, Sum: 0.0]
      [Object Copy (ms): Min: 2.2, Avg: 2.3, Max: 2.3, Diff: 0.1, Sum: 9.0]
      [Termination (ms): Min: 0.0, Avg: 0.0, Max: 0.0, Diff: 0.0, Sum: 0.0]
         [Termination Attempts: Min: 1, Avg: 1.0, Max: 1, Diff: 0, Sum: 4]
      [GC Worker Other (ms): Min: 0.0, Avg: 0.0, Max: 0.0, Diff: 0.0, Sum: 0.0]
      [GC Worker Total (ms): Min: 8.9, Avg: 8.9, Max: 8.9, Diff: 0.0, Sum: 35.7]
      [GC Worker End (ms): Min: 333625.1, Avg: 333625.1, Max: 333625.1, Diff: 0.0]
   [Code Root Fixup: 0.0 ms]
   [Code Root Purge: 0.0 ms]
   [Clear CT: 0.0 ms]
   [Other: 0.6 ms]
      [Choose CSet: 0.0 ms]
      [Ref Proc: 0.0 ms]
      [Ref Enq: 0.0 ms]
      [Redirty Cards: 0.0 ms]
      [Humongous Register: 0.0 ms]
      [Humongous Reclaim: 0.0 ms]
      [Free CSet: 0.1 ms]
   [Eden: 47.0M(47.0M)->0.0B(103.0M) Survivors: 7168.0K->7168.0K Heap: 902.0M(1096.0M)->863.5M(1096.0M)]
 [Times: user=0.06 sys=0.00, real=0.01 secs] 
2016-06-27T20:30:31.353+0300: 333.626: Total time for which application threads were stopped: 0.0134365 seconds, Stopping threads took: 0.0032087 seconds
2016-06-27T20:30:31.930+0300: 334.202: Total time for which application threads were stopped: 0.0062151 seconds, Stopping threads took: 0.0051490 seconds
2016-06-27T20:30:32.230+0300: 334.502: [GC pause (G1 Evacuation Pause) (young) (initial-mark)
Desired survivor size 7340032 bytes, new threshold 15 (max 15)
- age   1:    7226856 bytes,    7226856 total
, 0.0061078 secs]
   [Parallel Time: 5.4 ms, GC Workers: 4]
      [GC Worker Start (ms): Min: 334502.4, Avg: 334502.4, Max: 334502.4, Diff: 0.0]
      [Ext Root Scanning (ms): Min: 0.5, Avg: 0.6, Max: 0.7, Diff: 0.2, Sum: 2.2]
      [Update RS (ms): Min: 0.8, Avg: 0.8, Max: 0.8, Diff: 0.0, Sum: 3.2]
         [Processed Buffers: Min: 11, Avg: 16.5, Max: 21, Diff: 10, Sum: 66]
      [Scan RS (ms): Min: 0.0, Avg: 0.0, Max: 0.0, Diff: 0.0, Sum: 0.1]
      [Code Root Scanning (ms): Min: 0.0, Avg: 0.0, Max: 0.0, Diff: 0.0, Sum: 0.0]
      [Object Copy (ms): Min: 3.9, Avg: 4.0, Max: 4.1, Diff: 0.2, Sum: 16.0]
      [Termination (ms): Min: 0.0, Avg: 0.0, Max: 0.0, Diff: 0.0, Sum: 0.0]
         [Termination Attempts: Min: 1, Avg: 1.0, Max: 1, Diff: 0, Sum: 4]
      [GC Worker Other (ms): Min: 0.0, Avg: 0.0, Max: 0.0, Diff: 0.0, Sum: 0.1]
      [GC Worker Total (ms): Min: 5.4, Avg: 5.4, Max: 5.4, Diff: 0.0, Sum: 21.5]
      [GC Worker End (ms): Min: 334507.8, Avg: 334507.8, Max: 334507.8, Diff: 0.0]
   [Code Root Fixup: 0.0 ms]
   [Code Root Purge: 0.0 ms]
   [Clear CT: 0.0 ms]
   [Other: 0.6 ms]
      [Choose CSet: 0.0 ms]
      [Ref Proc: 0.0 ms]
      [Ref Enq: 0.0 ms]
      [Redirty Cards: 0.0 ms]
      [Humongous Register: 0.0 ms]
      [Humongous Reclaim: 0.0 ms]
      [Free CSet: 0.1 ms]
   [Eden: 103.0M(103.0M)->0.0B(88.0M) Survivors: 7168.0K->14.0M Heap: 966.5M(1096.0M)->882.0M(1096.0M)]
 [Times: user=0.00 sys=0.00, real=0.01 secs] 
2016-06-27T20:30:32.237+0300: 334.508: [GC concurrent-root-region-scan-start]
2016-06-27T20:30:32.237+0300: 334.508: Total time for which application threads were stopped: 0.0128040 seconds, Stopping threads took: 0.0061240 seconds
2016-06-27T20:30:32.238+0300: 334.510: [GC concurrent-root-region-scan-end, 0.0014113 secs]
2016-06-27T20:30:32.238+0300: 334.510: [GC concurrent-mark-start]
2016-06-27T20:30:32.325+0300: 334.597: [GC concurrent-mark-end, 0.0830445 secs]
2016-06-27T20:30:32.358+0300: 334.630: [GC remark 2016-06-27T20:30:32.358+0300: 334.630: [Finalize Marking, 0.0001805 secs] 2016-06-27T20:30:32.358+0300: 334.630: [GC ref-proc, 0.0000975 secs] 2016-06-27T20:30:32.358+0300: 334.630: [Unloading, 0.0016606 secs], 0.0055514 secs]
 [Times: user=0.00 sys=0.00, real=0.00 secs] 
2016-06-27T20:30:32.363+0300: 334.636: Total time for which application threads were stopped: 0.0139770 seconds, Stopping threads took: 0.0080266 seconds
2016-06-27T20:30:32.866+0300: 335.138: [GC cleanup 959M->959M(1096M), 0.0020972 secs]
 [Times: user=0.00 sys=0.00, real=0.00 secs] 
2016-06-27T20:30:32.868+0300: 335.140: Total time for which application threads were stopped: 0.0086857 seconds, Stopping threads took: 0.0061069 seconds
2016-06-27T20:30:32.961+0300: 335.233: [GC pause (G1 Evacuation Pause) (young)
Desired survivor size 6815744 bytes, new threshold 1 (max 15)
- age   1:   11753192 bytes,   11753192 total
- age   2:    2731112 bytes,   14484304 total
, 0.0072077 secs]
   [Parallel Time: 6.5 ms, GC Workers: 4]
      [GC Worker Start (ms): Min: 335233.0, Avg: 335233.0, Max: 335233.0, Diff: 0.0]
      [Ext Root Scanning (ms): Min: 0.5, Avg: 0.6, Max: 0.7, Diff: 0.2, Sum: 2.4]
      [Update RS (ms): Min: 1.2, Avg: 1.3, Max: 1.5, Diff: 0.2, Sum: 5.4]
         [Processed Buffers: Min: 6, Avg: 19.3, Max: 33, Diff: 27, Sum: 77]
      [Scan RS (ms): Min: 0.0, Avg: 0.0, Max: 0.0, Diff: 0.0, Sum: 0.1]
      [Code Root Scanning (ms): Min: 0.0, Avg: 0.0, Max: 0.0, Diff: 0.0, Sum: 0.0]
      [Object Copy (ms): Min: 4.5, Avg: 4.5, Max: 4.5, Diff: 0.1, Sum: 18.0]
      [Termination (ms): Min: 0.0, Avg: 0.0, Max: 0.0, Diff: 0.0, Sum: 0.0]
         [Termination Attempts: Min: 1, Avg: 1.0, Max: 1, Diff: 0, Sum: 4]
      [GC Worker Other (ms): Min: 0.0, Avg: 0.0, Max: 0.0, Diff: 0.0, Sum: 0.1]
      [GC Worker Total (ms): Min: 6.5, Avg: 6.5, Max: 6.5, Diff: 0.0, Sum: 25.9]
      [GC Worker End (ms): Min: 335239.5, Avg: 335239.5, Max: 335239.5, Diff: 0.0]
   [Code Root Fixup: 0.0 ms]
   [Code Root Purge: 0.0 ms]
   [Clear CT: 0.1 ms]
   [Other: 0.6 ms]
      [Choose CSet: 0.0 ms]
      [Ref Proc: 0.1 ms]
      [Ref Enq: 0.0 ms]
      [Redirty Cards: 0.1 ms]
      [Humongous Register: 0.0 ms]
      [Humongous Reclaim: 0.0 ms]
      [Free CSet: 0.1 ms]
   [Eden: 88.0M(88.0M)->0.0B(41.0M) Survivors: 14.0M->13.0M Heap: 970.0M(1096.0M)->897.5M(1096.0M)]
 [Times: user=0.00 sys=0.00, real=0.01 secs] 
2016-06-27T20:30:32.968+0300: 335.240: Total time for which application threads were stopped: 0.0158771 seconds, Stopping threads took: 0.0080155 seconds
2016-06-27T20:30:33.326+0300: 335.598: [GC pause (G1 Evacuation Pause) (mixed)
Desired survivor size 3670016 bytes, new threshold 1 (max 15)
- age   1:   13357424 bytes,   13357424 total
, 0.0226276 secs]
   [Parallel Time: 21.2 ms, GC Workers: 4]
      [GC Worker Start (ms): Min: 335598.5, Avg: 335598.5, Max: 335598.6, Diff: 0.1]
      [Ext Root Scanning (ms): Min: 0.6, Avg: 0.7, Max: 0.7, Diff: 0.1, Sum: 2.6]
      [Update RS (ms): Min: 1.4, Avg: 1.5, Max: 1.5, Diff: 0.1, Sum: 5.9]
         [Processed Buffers: Min: 6, Avg: 11.0, Max: 22, Diff: 16, Sum: 44]
      [Scan RS (ms): Min: 3.5, Avg: 3.6, Max: 3.6, Diff: 0.1, Sum: 14.3]
      [Code Root Scanning (ms): Min: 0.0, Avg: 0.1, Max: 0.1, Diff: 0.1, Sum: 0.3]
      [Object Copy (ms): Min: 15.3, Avg: 15.3, Max: 15.4, Diff: 0.1, Sum: 61.3]
      [Termination (ms): Min: 0.0, Avg: 0.0, Max: 0.0, Diff: 0.0, Sum: 0.0]
         [Termination Attempts: Min: 1, Avg: 5.5, Max: 10, Diff: 9, Sum: 22]
      [GC Worker Other (ms): Min: 0.0, Avg: 0.0, Max: 0.0, Diff: 0.0, Sum: 0.1]
      [GC Worker Total (ms): Min: 21.1, Avg: 21.1, Max: 21.2, Diff: 0.1, Sum: 84.5]
      [GC Worker End (ms): Min: 335619.6, Avg: 335619.6, Max: 335619.6, Diff: 0.0]
   [Code Root Fixup: 0.1 ms]
   [Code Root Purge: 0.0 ms]
   [Clear CT: 0.2 ms]
   [Other: 1.1 ms]
      [Choose CSet: 0.2 ms]
      [Ref Proc: 0.1 ms]
      [Ref Enq: 0.0 ms]
      [Redirty Cards: 0.1 ms]
      [Humongous Register: 0.0 ms]
      [Humongous Reclaim: 0.0 ms]
      [Free CSet: 0.5 ms]
   [Eden: 41.0M(41.0M)->0.0B(47.0M) Survivors: 13.0M->7168.0K Heap: 938.5M(1096.0M)->863.0M(1096.0M)]
 [Times: user=0.08 sys=0.00, real=0.02 secs] 
2016-06-27T20:30:33.349+0300: 335.621: Total time for which application threads were stopped: 0.0267310 seconds, Stopping threads took: 0.0034602 seconds
2016-06-27T20:30:33.745+0300: 336.017: [GC pause (G1 Evacuation Pause) (mixed)
Desired survivor size 3670016 bytes, new threshold 1 (max 15)
- age   1:    7042120 bytes,    7042120 total
, 0.0190302 secs]
   [Parallel Time: 18.1 ms, GC Workers: 4]
      [GC Worker Start (ms): Min: 336017.1, Avg: 336017.1, Max: 336017.1, Diff: 0.0]
      [Ext Root Scanning (ms): Min: 0.5, Avg: 0.6, Max: 0.6, Diff: 0.1, Sum: 2.2]
      [Update RS (ms): Min: 11.2, Avg: 11.3, Max: 11.3, Diff: 0.1, Sum: 45.1]
         [Processed Buffers: Min: 15, Avg: 21.0, Max: 35, Diff: 20, Sum: 84]
      [Scan RS (ms): Min: 1.4, Avg: 1.4, Max: 1.5, Diff: 0.1, Sum: 5.7]
      [Code Root Scanning (ms): Min: 0.0, Avg: 0.0, Max: 0.0, Diff: 0.0, Sum: 0.0]
      [Object Copy (ms): Min: 4.8, Avg: 4.8, Max: 4.8, Diff: 0.1, Sum: 19.2]
      [Termination (ms): Min: 0.0, Avg: 0.0, Max: 0.0, Diff: 0.0, Sum: 0.0]
         [Termination Attempts: Min: 1, Avg: 2.0, Max: 3, Diff: 2, Sum: 8]
      [GC Worker Other (ms): Min: 0.0, Avg: 0.0, Max: 0.0, Diff: 0.0, Sum: 0.0]
      [GC Worker Total (ms): Min: 18.0, Avg: 18.1, Max: 18.1, Diff: 0.0, Sum: 72.3]
      [GC Worker End (ms): Min: 336035.2, Avg: 336035.2, Max: 336035.2, Diff: 0.0]
   [Code Root Fixup: 0.0 ms]
   [Code Root Purge: 0.0 ms]
   [Clear CT: 0.2 ms]
   [Other: 0.7 ms]
      [Choose CSet: 0.1 ms]
      [Ref Proc: 0.1 ms]
      [Ref Enq: 0.0 ms]
      [Redirty Cards: 0.1 ms]
      [Humongous Register: 0.0 ms]
      [Humongous Reclaim: 0.0 ms]
      [Free CSet: 0.2 ms]
   [Eden: 47.0M(47.0M)->0.0B(47.0M) Survivors: 7168.0K->7168.0K Heap: 910.0M(1096.0M)->865.5M(1096.0M)]
 [Times: user=0.06 sys=0.00, real=0.02 secs] 
2016-06-27T20:30:33.764+0300: 336.036: Total time for which application threads were stopped: 0.0236861 seconds, Stopping threads took: 0.0039823 seconds
2016-06-27T20:30:34.177+0300: 336.449: [GC pause (G1 Evacuation Pause) (young)
Desired survivor size 3670016 bytes, new threshold 1 (max 15)
- age   1:    7201344 bytes,    7201344 total
, 0.0082875 secs]
   [Parallel Time: 7.6 ms, GC Workers: 4]
      [GC Worker Start (ms): Min: 336449.7, Avg: 336449.7, Max: 336449.7, Diff: 0.0]
      [Ext Root Scanning (ms): Min: 0.6, Avg: 0.6, Max: 0.6, Diff: 0.0, Sum: 2.3]
      [Update RS (ms): Min: 4.6, Avg: 4.8, Max: 5.2, Diff: 0.6, Sum: 19.3]
         [Processed Buffers: Min: 5, Avg: 16.8, Max: 29, Diff: 24, Sum: 67]
      [Scan RS (ms): Min: 0.0, Avg: 0.0, Max: 0.0, Diff: 0.0, Sum: 0.0]
      [Code Root Scanning (ms): Min: 0.0, Avg: 0.0, Max: 0.0, Diff: 0.0, Sum: 0.0]
      [Object Copy (ms): Min: 1.8, Avg: 2.2, Max: 2.4, Diff: 0.6, Sum: 8.7]
      [Termination (ms): Min: 0.0, Avg: 0.0, Max: 0.0, Diff: 0.0, Sum: 0.0]
         [Termination Attempts: Min: 1, Avg: 1.0, Max: 1, Diff: 0, Sum: 4]
      [GC Worker Other (ms): Min: 0.0, Avg: 0.0, Max: 0.0, Diff: 0.0, Sum: 0.1]
      [GC Worker Total (ms): Min: 7.6, Avg: 7.6, Max: 7.6, Diff: 0.0, Sum: 30.4]
      [GC Worker End (ms): Min: 336457.3, Avg: 336457.3, Max: 336457.3, Diff: 0.0]
   [Code Root Fixup: 0.0 ms]
   [Code Root Purge: 0.0 ms]
   [Clear CT: 0.0 ms]
   [Other: 0.6 ms]
      [Choose CSet: 0.0 ms]
      [Ref Proc: 0.0 ms]
      [Ref Enq: 0.0 ms]
      [Redirty Cards: 0.0 ms]
      [Humongous Register: 0.0 ms]
      [Humongous Reclaim: 0.0 ms]
      [Free CSet: 0.1 ms]
   [Eden: 47.0M(47.0M)->0.0B(94.0M) Survivors: 7168.0K->7168.0K Heap: 912.5M(1096.0M)->874.5M(1096.0M)]
 [Times: user=0.00 sys=0.00, real=0.01 secs] 
2016-06-27T20:30:34.186+0300: 336.458: Total time for which application threads were stopped: 0.0114624 seconds, Stopping threads took: 0.0024765 seconds
2016-06-27T20:30:34.980+0300: 337.252: [GC pause (G1 Evacuation Pause) (young) (initial-mark)
Desired survivor size 6815744 bytes, new threshold 1 (max 15)
- age   1:    7106808 bytes,    7106808 total
, 0.0058084 secs]
   [Parallel Time: 5.1 ms, GC Workers: 4]
      [GC Worker Start (ms): Min: 337252.0, Avg: 337252.0, Max: 337252.0, Diff: 0.0]
      [Ext Root Scanning (ms): Min: 0.6, Avg: 0.7, Max: 0.7, Diff: 0.1, Sum: 2.7]
      [Update RS (ms): Min: 0.7, Avg: 0.8, Max: 0.9, Diff: 0.2, Sum: 3.2]
         [Processed Buffers: Min: 13, Avg: 21.3, Max: 32, Diff: 19, Sum: 85]
      [Scan RS (ms): Min: 0.0, Avg: 0.0, Max: 0.0, Diff: 0.0, Sum: 0.1]
      [Code Root Scanning (ms): Min: 0.0, Avg: 0.0, Max: 0.0, Diff: 0.0, Sum: 0.0]
      [Object Copy (ms): Min: 3.5, Avg: 3.6, Max: 3.7, Diff: 0.1, Sum: 14.4]
      [Termination (ms): Min: 0.0, Avg: 0.0, Max: 0.0, Diff: 0.0, Sum: 0.0]
         [Termination Attempts: Min: 1, Avg: 1.0, Max: 1, Diff: 0, Sum: 4]
      [GC Worker Other (ms): Min: 0.0, Avg: 0.0, Max: 0.0, Diff: 0.0, Sum: 0.1]
      [GC Worker Total (ms): Min: 5.1, Avg: 5.1, Max: 5.1, Diff: 0.0, Sum: 20.4]
      [GC Worker End (ms): Min: 337257.1, Avg: 337257.1, Max: 337257.1, Diff: 0.0]
   [Code Root Fixup: 0.0 ms]
   [Code Root Purge: 0.0 ms]
   [Clear CT: 0.0 ms]
   [Other: 0.6 ms]
      [Choose CSet: 0.0 ms]
      [Ref Proc: 0.0 ms]
      [Ref Enq: 0.0 ms]
      [Redirty Cards: 0.0 ms]
      [Humongous Register: 0.0 ms]
      [Humongous Reclaim: 0.0 ms]
      [Free CSet: 0.1 ms]
   [Eden: 94.0M(94.0M)->0.0B(79.0M) Survivors: 7168.0K->13.0M Heap: 968.5M(1096.0M)->892.0M(1096.0M)]
 [Times: user=0.00 sys=0.00, real=0.01 secs] 
2016-06-27T20:30:34.986+0300: 337.258: [GC concurrent-root-region-scan-start]
2016-06-27T20:30:34.986+0300: 337.258: Total time for which application threads were stopped: 0.0094152 seconds, Stopping threads took: 0.0028537 seconds
2016-06-27T20:30:34.987+0300: 337.259: [GC concurrent-root-region-scan-end, 0.0010687 secs]
2016-06-27T20:30:34.987+0300: 337.259: [GC concurrent-mark-start]
2016-06-27T20:30:35.081+0300: 337.353: [GC concurrent-mark-end, 0.0934634 secs]
2016-06-27T20:30:35.113+0300: 337.385: [GC remark 2016-06-27T20:30:35.113+0300: 337.385: [Finalize Marking, 0.0002626 secs] 2016-06-27T20:30:35.113+0300: 337.385: [GC ref-proc, 0.0001112 secs] 2016-06-27T20:30:35.113+0300: 337.385: [Unloading, 0.0018081 secs], 0.0058999 secs]
 [Times: user=0.06 sys=0.00, real=0.01 secs] 
2016-06-27T20:30:35.119+0300: 337.391: Total time for which application threads were stopped: 0.0105994 seconds, Stopping threads took: 0.0041598 seconds
2016-06-27T20:30:35.148+0300: 337.420: [GC cleanup 915M->915M(1096M), 0.0021631 secs]
 [Times: user=0.00 sys=0.00, real=0.00 secs] 
2016-06-27T20:30:35.150+0300: 337.422: Total time for which application threads were stopped: 0.0028345 seconds, Stopping threads took: 0.0000787 seconds
2016-06-27T20:30:35.630+0300: 337.902: [GC pause (G1 Evacuation Pause) (young)
Desired survivor size 6291456 bytes, new threshold 1 (max 15)
- age   1:   13403784 bytes,   13403784 total
, 0.0065846 secs]
   [Parallel Time: 5.9 ms, GC Workers: 4]
      [GC Worker Start (ms): Min: 337902.6, Avg: 337902.6, Max: 337902.6, Diff: 0.0]
      [Ext Root Scanning (ms): Min: 0.6, Avg: 0.7, Max: 0.8, Diff: 0.2, Sum: 2.7]
      [Update RS (ms): Min: 1.1, Avg: 1.2, Max: 1.2, Diff: 0.1, Sum: 4.6]
         [Processed Buffers: Min: 6, Avg: 13.5, Max: 29, Diff: 23, Sum: 54]
      [Scan RS (ms): Min: 0.0, Avg: 0.0, Max: 0.0, Diff: 0.0, Sum: 0.1]
      [Code Root Scanning (ms): Min: 0.0, Avg: 0.0, Max: 0.0, Diff: 0.0, Sum: 0.0]
      [Object Copy (ms): Min: 4.0, Avg: 4.1, Max: 4.1, Diff: 0.1, Sum: 16.2]
      [Termination (ms): Min: 0.0, Avg: 0.0, Max: 0.0, Diff: 0.0, Sum: 0.0]
         [Termination Attempts: Min: 1, Avg: 1.0, Max: 1, Diff: 0, Sum: 4]
      [GC Worker Other (ms): Min: 0.0, Avg: 0.0, Max: 0.0, Diff: 0.0, Sum: 0.1]
      [GC Worker Total (ms): Min: 5.9, Avg: 5.9, Max: 5.9, Diff: 0.0, Sum: 23.6]
      [GC Worker End (ms): Min: 337908.5, Avg: 337908.5, Max: 337908.5, Diff: 0.0]
   [Code Root Fixup: 0.0 ms]
   [Code Root Purge: 0.0 ms]
   [Clear CT: 0.1 ms]
   [Other: 0.5 ms]
      [Choose CSet: 0.0 ms]
      [Ref Proc: 0.1 ms]
      [Ref Enq: 0.0 ms]
      [Redirty Cards: 0.0 ms]
      [Humongous Register: 0.0 ms]
      [Humongous Reclaim: 0.0 ms]
      [Free CSet: 0.1 ms]
   [Eden: 79.0M(79.0M)->0.0B(42.0M) Survivors: 13.0M->12.0M Heap: 971.0M(1096.0M)->906.0M(1096.0M)]
 [Times: user=0.00 sys=0.00, real=0.01 secs] 
2016-06-27T20:30:35.637+0300: 337.909: Total time for which application threads were stopped: 0.0106251 seconds, Stopping threads took: 0.0033062 seconds
2016-06-27T20:30:35.930+0300: 338.202: Total time for which application threads were stopped: 0.0053949 seconds, Stopping threads took: 0.0040144 seconds
2016-06-27T20:30:35.987+0300: 338.259: [GC pause (G1 Evacuation Pause) (mixed)
Desired survivor size 3670016 bytes, new threshold 1 (max 15)
- age   1:   12333800 bytes,   12333800 total
, 0.0207588 secs]
   [Parallel Time: 19.4 ms, GC Workers: 4]
      [GC Worker Start (ms): Min: 338259.6, Avg: 338259.7, Max: 338259.7, Diff: 0.0]
      [Ext Root Scanning (ms): Min: 0.5, Avg: 0.6, Max: 0.6, Diff: 0.1, Sum: 2.3]
      [Update RS (ms): Min: 1.3, Avg: 1.3, Max: 1.3, Diff: 0.1, Sum: 5.2]
         [Processed Buffers: Min: 7, Avg: 10.8, Max: 20, Diff: 13, Sum: 43]
      [Scan RS (ms): Min: 3.1, Avg: 3.3, Max: 3.4, Diff: 0.3, Sum: 13.2]
      [Code Root Scanning (ms): Min: 0.0, Avg: 0.0, Max: 0.2, Diff: 0.2, Sum: 0.2]
      [Object Copy (ms): Min: 14.0, Avg: 14.1, Max: 14.2, Diff: 0.1, Sum: 56.4]
      [Termination (ms): Min: 0.0, Avg: 0.0, Max: 0.0, Diff: 0.0, Sum: 0.0]
         [Termination Attempts: Min: 1, Avg: 1.0, Max: 1, Diff: 0, Sum: 4]
      [GC Worker Other (ms): Min: 0.0, Avg: 0.0, Max: 0.0, Diff: 0.0, Sum: 0.1]
      [GC Worker Total (ms): Min: 19.3, Avg: 19.3, Max: 19.4, Diff: 0.0, Sum: 77.4]
      [GC Worker End (ms): Min: 338279.0, Avg: 338279.0, Max: 338279.0, Diff: 0.0]
   [Code Root Fixup: 0.1 ms]
   [Code Root Purge: 0.0 ms]
   [Clear CT: 0.2 ms]
   [Other: 1.1 ms]
      [Choose CSet: 0.2 ms]
      [Ref Proc: 0.1 ms]
      [Ref Enq: 0.0 ms]
      [Redirty Cards: 0.1 ms]
      [Humongous Register: 0.0 ms]
      [Humongous Reclaim: 0.0 ms]
      [Free CSet: 0.5 ms]
   [Eden: 42.0M(42.0M)->0.0B(47.0M) Survivors: 12.0M->7168.0K Heap: 948.0M(1096.0M)->872.0M(1096.0M)]
 [Times: user=0.13 sys=0.00, real=0.02 secs] 
2016-06-27T20:30:36.008+0300: 338.280: Total time for which application threads were stopped: 0.0222085 seconds, Stopping threads took: 0.0006855 seconds
2016-06-27T20:30:36.419+0300: 338.691: [GC pause (G1 Evacuation Pause) (mixed)
Desired survivor size 3670016 bytes, new threshold 1 (max 15)
- age   1:    6507096 bytes,    6507096 total
, 0.0216025 secs]
   [Parallel Time: 20.4 ms, GC Workers: 4]
      [GC Worker Start (ms): Min: 338691.1, Avg: 338691.1, Max: 338691.2, Diff: 0.0]
      [Ext Root Scanning (ms): Min: 0.6, Avg: 0.6, Max: 0.6, Diff: 0.1, Sum: 2.3]
      [Update RS (ms): Min: 10.1, Avg: 10.1, Max: 10.2, Diff: 0.0, Sum: 40.6]
         [Processed Buffers: Min: 13, Avg: 21.0, Max: 29, Diff: 16, Sum: 84]
      [Scan RS (ms): Min: 2.4, Avg: 2.5, Max: 2.5, Diff: 0.1, Sum: 10.0]
      [Code Root Scanning (ms): Min: 0.0, Avg: 0.1, Max: 0.2, Diff: 0.2, Sum: 0.2]
      [Object Copy (ms): Min: 7.1, Avg: 7.1, Max: 7.2, Diff: 0.1, Sum: 28.5]
      [Termination (ms): Min: 0.0, Avg: 0.0, Max: 0.0, Diff: 0.0, Sum: 0.0]
         [Termination Attempts: Min: 1, Avg: 1.3, Max: 2, Diff: 1, Sum: 5]
      [GC Worker Other (ms): Min: 0.0, Avg: 0.0, Max: 0.0, Diff: 0.0, Sum: 0.0]
      [GC Worker Total (ms): Min: 20.4, Avg: 20.4, Max: 20.4, Diff: 0.0, Sum: 81.6]
      [GC Worker End (ms): Min: 338711.6, Avg: 338711.6, Max: 338711.6, Diff: 0.0]
   [Code Root Fixup: 0.1 ms]
   [Code Root Purge: 0.0 ms]
   [Clear CT: 0.2 ms]
   [Other: 0.9 ms]
      [Choose CSet: 0.1 ms]
      [Ref Proc: 0.0 ms]
      [Ref Enq: 0.0 ms]
      [Redirty Cards: 0.1 ms]
      [Humongous Register: 0.0 ms]
      [Humongous Reclaim: 0.0 ms]
      [Free CSet: 0.3 ms]
   [Eden: 47.0M(47.0M)->0.0B(47.0M) Survivors: 7168.0K->7168.0K Heap: 919.0M(1096.0M)->866.5M(1096.0M)]
 [Times: user=0.06 sys=0.00, real=0.02 secs] 
2016-06-27T20:30:36.441+0300: 338.713: Total time for which application threads were stopped: 0.0242146 seconds, Stopping threads took: 0.0018068 seconds
2016-06-27T20:30:36.852+0300: 339.124: [GC pause (G1 Evacuation Pause) (young)
Desired survivor size 3670016 bytes, new threshold 1 (max 15)
- age   1:    7138744 bytes,    7138744 total
, 0.0110587 secs]
   [Parallel Time: 10.4 ms, GC Workers: 4]
      [GC Worker Start (ms): Min: 339124.3, Avg: 339124.3, Max: 339124.3, Diff: 0.0]
      [Ext Root Scanning (ms): Min: 0.6, Avg: 0.6, Max: 0.6, Diff: 0.0, Sum: 2.4]
      [Update RS (ms): Min: 7.5, Avg: 7.5, Max: 7.5, Diff: 0.1, Sum: 29.9]
         [Processed Buffers: Min: 10, Avg: 15.3, Max: 19, Diff: 9, Sum: 61]
      [Scan RS (ms): Min: 0.0, Avg: 0.0, Max: 0.0, Diff: 0.0, Sum: 0.0]
      [Code Root Scanning (ms): Min: 0.0, Avg: 0.0, Max: 0.0, Diff: 0.0, Sum: 0.0]
      [Object Copy (ms): Min: 2.2, Avg: 2.2, Max: 2.3, Diff: 0.1, Sum: 9.0]
      [Termination (ms): Min: 0.0, Avg: 0.0, Max: 0.0, Diff: 0.0, Sum: 0.0]
         [Termination Attempts: Min: 1, Avg: 1.0, Max: 1, Diff: 0, Sum: 4]
      [GC Worker Other (ms): Min: 0.0, Avg: 0.0, Max: 0.0, Diff: 0.0, Sum: 0.1]
      [GC Worker Total (ms): Min: 10.3, Avg: 10.4, Max: 10.4, Diff: 0.0, Sum: 41.4]
      [GC Worker End (ms): Min: 339134.7, Avg: 339134.7, Max: 339134.7, Diff: 0.0]
   [Code Root Fixup: 0.0 ms]
   [Code Root Purge: 0.0 ms]
   [Clear CT: 0.0 ms]
   [Other: 0.6 ms]
      [Choose CSet: 0.0 ms]
      [Ref Proc: 0.1 ms]
      [Ref Enq: 0.0 ms]
      [Redirty Cards: 0.0 ms]
      [Humongous Register: 0.0 ms]
      [Humongous Reclaim: 0.0 ms]
      [Free CSet: 0.1 ms]
   [Eden: 47.0M(47.0M)->0.0B(94.0M) Survivors: 7168.0K->7168.0K Heap: 913.5M(1096.0M)->875.0M(1096.0M)]
 [Times: user=0.00 sys=0.00, real=0.01 secs] 
2016-06-27T20:30:36.863+0300: 339.135: Total time for which application threads were stopped: 0.0134001 seconds, Stopping threads took: 0.0015545 seconds
2016-06-27T20:30:36.926+0300: 339.198: Total time for which application threads were stopped: 0.0018505 seconds, Stopping threads took: 0.0004931 seconds
2016-06-27T20:30:37.659+0300: 339.931: [GC pause (G1 Evacuation Pause) (young) (initial-mark)
Desired survivor size 6815744 bytes, new threshold 1 (max 15)
- age   1:    7207144 bytes,    7207144 total
, 0.0061437 secs]
   [Parallel Time: 5.3 ms, GC Workers: 4]
      [GC Worker Start (ms): Min: 339931.2, Avg: 339931.2, Max: 339931.3, Diff: 0.0]
      [Ext Root Scanning (ms): Min: 0.7, Avg: 0.7, Max: 0.7, Diff: 0.0, Sum: 2.7]
      [Update RS (ms): Min: 0.8, Avg: 0.9, Max: 1.0, Diff: 0.2, Sum: 3.5]
         [Processed Buffers: Min: 2, Avg: 23.5, Max: 47, Diff: 45, Sum: 94]
      [Scan RS (ms): Min: 0.0, Avg: 0.0, Max: 0.0, Diff: 0.0, Sum: 0.1]
      [Code Root Scanning (ms): Min: 0.0, Avg: 0.0, Max: 0.0, Diff: 0.0, Sum: 0.0]
      [Object Copy (ms): Min: 3.5, Avg: 3.6, Max: 3.7, Diff: 0.2, Sum: 14.5]
      [Termination (ms): Min: 0.0, Avg: 0.0, Max: 0.0, Diff: 0.0, Sum: 0.0]
         [Termination Attempts: Min: 1, Avg: 1.0, Max: 1, Diff: 0, Sum: 4]
      [GC Worker Other (ms): Min: 0.0, Avg: 0.0, Max: 0.0, Diff: 0.0, Sum: 0.1]
      [GC Worker Total (ms): Min: 5.2, Avg: 5.2, Max: 5.2, Diff: 0.0, Sum: 20.8]
      [GC Worker End (ms): Min: 339936.4, Avg: 339936.4, Max: 339936.5, Diff: 0.0]
   [Code Root Fixup: 0.0 ms]
   [Code Root Purge: 0.0 ms]
   [Clear CT: 0.1 ms]
   [Other: 0.8 ms]
      [Choose CSet: 0.0 ms]
      [Ref Proc: 0.1 ms]
      [Ref Enq: 0.0 ms]
      [Redirty Cards: 0.0 ms]
      [Humongous Register: 0.0 ms]
      [Humongous Reclaim: 0.0 ms]
      [Free CSet: 0.1 ms]
   [Eden: 94.0M(94.0M)->0.0B(79.0M) Survivors: 7168.0K->13.0M Heap: 969.0M(1096.0M)->892.5M(1096.0M)]
 [Times: user=0.06 sys=0.00, real=0.01 secs] 
2016-06-27T20:30:37.665+0300: 339.937: [GC concurrent-root-region-scan-start]
2016-06-27T20:30:37.665+0300: 339.937: Total time for which application threads were stopped: 0.0139026 seconds, Stopping threads took: 0.0069618 seconds
2016-06-27T20:30:37.666+0300: 339.938: [GC concurrent-root-region-scan-end, 0.0007514 secs]
2016-06-27T20:30:37.666+0300: 339.938: [GC concurrent-mark-start]
2016-06-27T20:30:37.745+0300: 340.017: [GC concurrent-mark-end, 0.0788441 secs]
2016-06-27T20:30:37.779+0300: 340.051: [GC remark 2016-06-27T20:30:37.779+0300: 340.051: [Finalize Marking, 0.0002412 secs] 2016-06-27T20:30:37.780+0300: 340.051: [GC ref-proc, 0.0000984 secs] 2016-06-27T20:30:37.780+0300: 340.052: [Unloading, 0.0019078 secs], 0.0059649 secs]
 [Times: user=0.00 sys=0.00, real=0.01 secs] 
2016-06-27T20:30:37.785+0300: 340.057: Total time for which application threads were stopped: 0.0103193 seconds, Stopping threads took: 0.0037420 seconds
2016-06-27T20:30:37.786+0300: 340.058: [GC cleanup 909M->909M(1096M), 0.0020643 secs]
 [Times: user=0.00 sys=0.00, real=0.00 secs] 
2016-06-27T20:30:37.789+0300: 340.060: Total time for which application threads were stopped: 0.0027691 seconds, Stopping threads took: 0.0000517 seconds
2016-06-27T20:30:37.959+0300: 340.231: Total time for which application threads were stopped: 0.0078453 seconds, Stopping threads took: 0.0064392 seconds
2016-06-27T20:30:38.232+0300: 340.504: [GC pause (G1 Evacuation Pause) (young)
Desired survivor size 6291456 bytes, new threshold 1 (max 15)
- age   1:   13364216 bytes,   13364216 total
, 0.0063490 secs]
   [Parallel Time: 5.7 ms, GC Workers: 4]
      [GC Worker Start (ms): Min: 340504.1, Avg: 340504.1, Max: 340504.1, Diff: 0.0]
      [Ext Root Scanning (ms): Min: 0.6, Avg: 0.7, Max: 0.8, Diff: 0.2, Sum: 2.7]
      [Update RS (ms): Min: 0.7, Avg: 1.0, Max: 1.1, Diff: 0.3, Sum: 3.8]
         [Processed Buffers: Min: 4, Avg: 13.5, Max: 17, Diff: 13, Sum: 54]
      [Scan RS (ms): Min: 0.0, Avg: 0.0, Max: 0.0, Diff: 0.0, Sum: 0.1]
      [Code Root Scanning (ms): Min: 0.0, Avg: 0.0, Max: 0.0, Diff: 0.0, Sum: 0.0]
      [Object Copy (ms): Min: 4.0, Avg: 4.0, Max: 4.1, Diff: 0.1, Sum: 16.1]
      [Termination (ms): Min: 0.0, Avg: 0.0, Max: 0.0, Diff: 0.0, Sum: 0.0]
         [Termination Attempts: Min: 1, Avg: 1.0, Max: 1, Diff: 0, Sum: 4]
      [GC Worker Other (ms): Min: 0.0, Avg: 0.0, Max: 0.0, Diff: 0.0, Sum: 0.1]
      [GC Worker Total (ms): Min: 5.7, Avg: 5.7, Max: 5.7, Diff: 0.0, Sum: 22.8]
      [GC Worker End (ms): Min: 340509.8, Avg: 340509.8, Max: 340509.8, Diff: 0.0]
   [Code Root Fixup: 0.0 ms]
   [Code Root Purge: 0.0 ms]
   [Clear CT: 0.0 ms]
   [Other: 0.6 ms]
      [Choose CSet: 0.0 ms]
      [Ref Proc: 0.0 ms]
      [Ref Enq: 0.0 ms]
      [Redirty Cards: 0.0 ms]
      [Humongous Register: 0.0 ms]
      [Humongous Reclaim: 0.0 ms]
      [Free CSet: 0.1 ms]
   [Eden: 79.0M(79.0M)->0.0B(42.0M) Survivors: 13.0M->12.0M Heap: 971.5M(1096.0M)->907.0M(1096.0M)]
 [Times: user=0.00 sys=0.00, real=0.01 secs] 
2016-06-27T20:30:38.238+0300: 340.511: Total time for which application threads were stopped: 0.0084817 seconds, Stopping threads took: 0.0013138 seconds
2016-06-27T20:30:38.604+0300: 340.876: [GC pause (G1 Evacuation Pause) (mixed)
Desired survivor size 3670016 bytes, new threshold 1 (max 15)
- age   1:   12011952 bytes,   12011952 total
, 0.0200185 secs]
   [Parallel Time: 18.6 ms, GC Workers: 4]
      [GC Worker Start (ms): Min: 340876.8, Avg: 340876.8, Max: 340876.8, Diff: 0.0]
      [Ext Root Scanning (ms): Min: 0.5, Avg: 0.6, Max: 0.7, Diff: 0.1, Sum: 2.3]
      [Update RS (ms): Min: 0.6, Avg: 0.7, Max: 0.8, Diff: 0.2, Sum: 2.7]
         [Processed Buffers: Min: 2, Avg: 7.0, Max: 22, Diff: 20, Sum: 28]
      [Scan RS (ms): Min: 3.5, Avg: 3.6, Max: 3.6, Diff: 0.1, Sum: 14.3]
      [Code Root Scanning (ms): Min: 0.0, Avg: 0.1, Max: 0.1, Diff: 0.1, Sum: 0.3]
      [Object Copy (ms): Min: 13.7, Avg: 13.7, Max: 13.7, Diff: 0.1, Sum: 54.8]
      [Termination (ms): Min: 0.0, Avg: 0.0, Max: 0.0, Diff: 0.0, Sum: 0.0]
         [Termination Attempts: Min: 1, Avg: 2.0, Max: 3, Diff: 2, Sum: 8]
      [GC Worker Other (ms): Min: 0.0, Avg: 0.0, Max: 0.0, Diff: 0.0, Sum: 0.1]
      [GC Worker Total (ms): Min: 18.6, Avg: 18.6, Max: 18.6, Diff: 0.0, Sum: 74.4]
      [GC Worker End (ms): Min: 340895.4, Avg: 340895.4, Max: 340895.4, Diff: 0.0]
   [Code Root Fixup: 0.1 ms]
   [Code Root Purge: 0.0 ms]
   [Clear CT: 0.2 ms]
   [Other: 1.1 ms]
      [Choose CSet: 0.2 ms]
      [Ref Proc: 0.1 ms]
      [Ref Enq: 0.0 ms]
      [Redirty Cards: 0.1 ms]
      [Humongous Register: 0.0 ms]
      [Humongous Reclaim: 0.0 ms]
      [Free CSet: 0.5 ms]
   [Eden: 42.0M(42.0M)->0.0B(47.0M) Survivors: 12.0M->7168.0K Heap: 949.0M(1096.0M)->870.0M(1096.0M)]
 [Times: user=0.06 sys=0.00, real=0.02 secs] 
2016-06-27T20:30:38.625+0300: 340.897: Total time for which application threads were stopped: 0.0272711 seconds, Stopping threads took: 0.0063810 seconds
2016-06-27T20:30:38.932+0300: 341.204: Total time for which application threads were stopped: 0.0070512 seconds, Stopping threads took: 0.0059512 seconds
2016-06-27T20:30:39.017+0300: 341.289: [GC pause (G1 Evacuation Pause) (mixed)
Desired survivor size 3670016 bytes, new threshold 1 (max 15)
- age   1:    6937296 bytes,    6937296 total
, 0.0167927 secs]
   [Parallel Time: 16.0 ms, GC Workers: 4]
      [GC Worker Start (ms): Min: 341289.5, Avg: 341289.5, Max: 341289.5, Diff: 0.0]
      [Ext Root Scanning (ms): Min: 0.4, Avg: 0.5, Max: 0.5, Diff: 0.1, Sum: 2.0]
      [Update RS (ms): Min: 10.1, Avg: 10.1, Max: 10.2, Diff: 0.2, Sum: 40.5]
         [Processed Buffers: Min: 13, Avg: 17.5, Max: 22, Diff: 9, Sum: 70]
      [Scan RS (ms): Min: 0.9, Avg: 1.0, Max: 1.1, Diff: 0.1, Sum: 4.0]
      [Code Root Scanning (ms): Min: 0.0, Avg: 0.0, Max: 0.0, Diff: 0.0, Sum: 0.0]
      [Object Copy (ms): Min: 4.3, Avg: 4.3, Max: 4.4, Diff: 0.0, Sum: 17.4]
      [Termination (ms): Min: 0.0, Avg: 0.0, Max: 0.0, Diff: 0.0, Sum: 0.0]
         [Termination Attempts: Min: 1, Avg: 1.0, Max: 1, Diff: 0, Sum: 4]
      [GC Worker Other (ms): Min: 0.0, Avg: 0.0, Max: 0.0, Diff: 0.0, Sum: 0.1]
      [GC Worker Total (ms): Min: 16.0, Avg: 16.0, Max: 16.0, Diff: 0.0, Sum: 63.9]
      [GC Worker End (ms): Min: 341305.5, Avg: 341305.5, Max: 341305.5, Diff: 0.0]
   [Code Root Fixup: 0.0 ms]
   [Code Root Purge: 0.0 ms]
   [Clear CT: 0.2 ms]
   [Other: 0.6 ms]
      [Choose CSet: 0.0 ms]
      [Ref Proc: 0.0 ms]
      [Ref Enq: 0.0 ms]
      [Redirty Cards: 0.0 ms]
      [Humongous Register: 0.0 ms]
      [Humongous Reclaim: 0.0 ms]
      [Free CSet: 0.1 ms]
   [Eden: 47.0M(47.0M)->0.0B(47.0M) Survivors: 7168.0K->7168.0K Heap: 917.0M(1096.0M)->874.5M(1096.0M)]
 [Times: user=0.06 sys=0.00, real=0.02 secs] 
2016-06-27T20:30:39.034+0300: 341.306: Total time for which application threads were stopped: 0.0204149 seconds, Stopping threads took: 0.0030577 seconds
2016-06-27T20:30:39.438+0300: 341.710: [GC pause (G1 Evacuation Pause) (young)
Desired survivor size 3670016 bytes, new threshold 1 (max 15)
- age   1:    7220752 bytes,    7220752 total
, 0.0074489 secs]
   [Parallel Time: 6.8 ms, GC Workers: 4]
      [GC Worker Start (ms): Min: 341710.6, Avg: 341710.6, Max: 341710.6, Diff: 0.0]
      [Ext Root Scanning (ms): Min: 0.5, Avg: 0.5, Max: 0.6, Diff: 0.2, Sum: 2.1]
      [Update RS (ms): Min: 3.8, Avg: 3.9, Max: 4.0, Diff: 0.2, Sum: 15.5]
         [Processed Buffers: Min: 4, Avg: 16.0, Max: 33, Diff: 29, Sum: 64]
      [Scan RS (ms): Min: 0.0, Avg: 0.0, Max: 0.0, Diff: 0.0, Sum: 0.0]
      [Code Root Scanning (ms): Min: 0.0, Avg: 0.0, Max: 0.0, Diff: 0.0, Sum: 0.0]
      [Object Copy (ms): Min: 2.3, Avg: 2.3, Max: 2.4, Diff: 0.1, Sum: 9.2]
      [Termination (ms): Min: 0.0, Avg: 0.0, Max: 0.0, Diff: 0.0, Sum: 0.0]
         [Termination Attempts: Min: 1, Avg: 1.0, Max: 1, Diff: 0, Sum: 4]
      [GC Worker Other (ms): Min: 0.0, Avg: 0.0, Max: 0.0, Diff: 0.0, Sum: 0.1]
      [GC Worker Total (ms): Min: 6.7, Avg: 6.7, Max: 6.7, Diff: 0.0, Sum: 26.9]
      [GC Worker End (ms): Min: 341717.3, Avg: 341717.3, Max: 341717.3, Diff: 0.0]
   [Code Root Fixup: 0.0 ms]
   [Code Root Purge: 0.0 ms]
   [Clear CT: 0.0 ms]
   [Other: 0.6 ms]
      [Choose CSet: 0.0 ms]
      [Ref Proc: 0.1 ms]
      [Ref Enq: 0.0 ms]
      [Redirty Cards: 0.0 ms]
      [Humongous Register: 0.0 ms]
      [Humongous Reclaim: 0.0 ms]
      [Free CSet: 0.1 ms]
   [Eden: 47.0M(47.0M)->0.0B(86.0M) Survivors: 7168.0K->7168.0K Heap: 921.5M(1096.0M)->883.5M(1096.0M)]
 [Times: user=0.06 sys=0.00, real=0.01 secs] 
2016-06-27T20:30:39.446+0300: 341.718: Total time for which application threads were stopped: 0.0109013 seconds, Stopping threads took: 0.0028020 seconds
2016-06-27T20:30:40.176+0300: 342.448: [GC pause (G1 Evacuation Pause) (young) (initial-mark)
Desired survivor size 6291456 bytes, new threshold 1 (max 15)
- age   1:    6964976 bytes,    6964976 total
, 0.0056335 secs]
   [Parallel Time: 4.9 ms, GC Workers: 4]
      [GC Worker Start (ms): Min: 342448.2, Avg: 342448.2, Max: 342448.2, Diff: 0.0]
      [Ext Root Scanning (ms): Min: 0.5, Avg: 0.6, Max: 0.7, Diff: 0.2, Sum: 2.4]
      [Update RS (ms): Min: 0.8, Avg: 0.9, Max: 1.1, Diff: 0.3, Sum: 3.8]
         [Processed Buffers: Min: 5, Avg: 16.5, Max: 26, Diff: 21, Sum: 66]
      [Scan RS (ms): Min: 0.0, Avg: 0.0, Max: 0.0, Diff: 0.0, Sum: 0.1]
      [Code Root Scanning (ms): Min: 0.0, Avg: 0.0, Max: 0.0, Diff: 0.0, Sum: 0.0]
      [Object Copy (ms): Min: 3.3, Avg: 3.3, Max: 3.3, Diff: 0.1, Sum: 13.3]
      [Termination (ms): Min: 0.0, Avg: 0.0, Max: 0.0, Diff: 0.0, Sum: 0.0]
         [Termination Attempts: Min: 1, Avg: 1.0, Max: 1, Diff: 0, Sum: 4]
      [GC Worker Other (ms): Min: 0.0, Avg: 0.0, Max: 0.0, Diff: 0.0, Sum: 0.1]
      [GC Worker Total (ms): Min: 4.9, Avg: 4.9, Max: 4.9, Diff: 0.0, Sum: 19.6]
      [GC Worker End (ms): Min: 342453.1, Avg: 342453.1, Max: 342453.1, Diff: 0.0]
   [Code Root Fixup: 0.0 ms]
   [Code Root Purge: 0.0 ms]
   [Clear CT: 0.0 ms]
   [Other: 0.6 ms]
      [Choose CSet: 0.0 ms]
      [Ref Proc: 0.0 ms]
      [Ref Enq: 0.0 ms]
      [Redirty Cards: 0.0 ms]
      [Humongous Register: 0.0 ms]
      [Humongous Reclaim: 0.0 ms]
      [Free CSet: 0.1 ms]
   [Eden: 86.0M(86.0M)->0.0B(73.0M) Survivors: 7168.0K->12.0M Heap: 969.5M(1096.0M)->898.5M(1096.0M)]
 [Times: user=0.06 sys=0.00, real=0.01 secs] 
2016-06-27T20:30:40.182+0300: 342.454: [GC concurrent-root-region-scan-start]
2016-06-27T20:30:40.182+0300: 342.454: Total time for which application threads were stopped: 0.0095157 seconds, Stopping threads took: 0.0032224 seconds
2016-06-27T20:30:40.183+0300: 342.455: [GC concurrent-root-region-scan-end, 0.0008925 secs]
2016-06-27T20:30:40.183+0300: 342.455: [GC concurrent-mark-start]
2016-06-27T20:30:40.263+0300: 342.535: [GC concurrent-mark-end, 0.0796331 secs]
2016-06-27T20:30:40.291+0300: 342.563: [GC remark 2016-06-27T20:30:40.291+0300: 342.563: [Finalize Marking, 0.0002108 secs] 2016-06-27T20:30:40.291+0300: 342.563: [GC ref-proc, 0.0001005 secs] 2016-06-27T20:30:40.291+0300: 342.563: [Unloading, 0.0017692 secs], 0.0058289 secs]
 [Times: user=0.00 sys=0.00, real=0.01 secs] 
2016-06-27T20:30:40.297+0300: 342.569: Total time for which application threads were stopped: 0.0098160 seconds, Stopping threads took: 0.0035008 seconds
2016-06-27T20:30:40.327+0300: 342.599: [GC cleanup 917M->917M(1096M), 0.0020985 secs]
 [Times: user=0.00 sys=0.00, real=0.00 secs] 
2016-06-27T20:30:40.329+0300: 342.601: Total time for which application threads were stopped: 0.0027370 seconds, Stopping threads took: 0.0000847 seconds
2016-06-27T20:30:40.802+0300: 343.074: [GC pause (G1 Evacuation Pause) (young)
Desired survivor size 5767168 bytes, new threshold 1 (max 15)
- age   1:   12398816 bytes,   12398816 total
, 0.0058191 secs]
   [Parallel Time: 5.2 ms, GC Workers: 4]
      [GC Worker Start (ms): Min: 343073.8, Avg: 343073.8, Max: 343073.8, Diff: 0.0]
      [Ext Root Scanning (ms): Min: 0.6, Avg: 0.6, Max: 0.7, Diff: 0.1, Sum: 2.5]
      [Update RS (ms): Min: 0.7, Avg: 0.7, Max: 0.8, Diff: 0.1, Sum: 2.9]
         [Processed Buffers: Min: 3, Avg: 12.5, Max: 28, Diff: 25, Sum: 50]
      [Scan RS (ms): Min: 0.0, Avg: 0.0, Max: 0.0, Diff: 0.0, Sum: 0.1]
      [Code Root Scanning (ms): Min: 0.0, Avg: 0.0, Max: 0.0, Diff: 0.0, Sum: 0.0]
      [Object Copy (ms): Min: 3.7, Avg: 3.7, Max: 3.7, Diff: 0.0, Sum: 15.0]
      [Termination (ms): Min: 0.0, Avg: 0.0, Max: 0.0, Diff: 0.0, Sum: 0.0]
         [Termination Attempts: Min: 1, Avg: 1.0, Max: 1, Diff: 0, Sum: 4]
      [GC Worker Other (ms): Min: 0.0, Avg: 0.0, Max: 0.0, Diff: 0.0, Sum: 0.1]
      [GC Worker Total (ms): Min: 5.1, Avg: 5.1, Max: 5.1, Diff: 0.0, Sum: 20.5]
      [GC Worker End (ms): Min: 343079.0, Avg: 343079.0, Max: 343079.0, Diff: 0.0]
   [Code Root Fixup: 0.0 ms]
   [Code Root Purge: 0.0 ms]
   [Clear CT: 0.0 ms]
   [Other: 0.6 ms]
      [Choose CSet: 0.0 ms]
      [Ref Proc: 0.1 ms]
      [Ref Enq: 0.0 ms]
      [Redirty Cards: 0.1 ms]
      [Humongous Register: 0.0 ms]
      [Humongous Reclaim: 0.0 ms]
      [Free CSet: 0.1 ms]
   [Eden: 73.0M(73.0M)->0.0B(43.0M) Survivors: 12.0M->11.0M Heap: 971.5M(1096.0M)->911.0M(1096.0M)]
 [Times: user=0.00 sys=0.00, real=0.01 secs] 
2016-06-27T20:30:40.808+0300: 343.080: Total time for which application threads were stopped: 0.0129896 seconds, Stopping threads took: 0.0064298 seconds
2016-06-27T20:30:41.145+0300: 343.417: [GC pause (G1 Evacuation Pause) (mixed)
Desired survivor size 3670016 bytes, new threshold 1 (max 15)
- age   1:   11328072 bytes,   11328072 total
, 0.0204500 secs]
   [Parallel Time: 19.1 ms, GC Workers: 4]
      [GC Worker Start (ms): Min: 343417.7, Avg: 343417.7, Max: 343417.7, Diff: 0.0]
      [Ext Root Scanning (ms): Min: 0.5, Avg: 0.6, Max: 0.6, Diff: 0.1, Sum: 2.2]
      [Update RS (ms): Min: 0.7, Avg: 0.8, Max: 0.9, Diff: 0.2, Sum: 3.1]
         [Processed Buffers: Min: 2, Avg: 8.0, Max: 14, Diff: 12, Sum: 32]
      [Scan RS (ms): Min: 2.7, Avg: 2.9, Max: 3.0, Diff: 0.2, Sum: 11.5]
      [Code Root Scanning (ms): Min: 0.0, Avg: 0.0, Max: 0.0, Diff: 0.0, Sum: 0.0]
      [Object Copy (ms): Min: 14.9, Avg: 14.9, Max: 14.9, Diff: 0.1, Sum: 59.5]
      [Termination (ms): Min: 0.0, Avg: 0.0, Max: 0.0, Diff: 0.0, Sum: 0.0]
         [Termination Attempts: Min: 1, Avg: 1.5, Max: 2, Diff: 1, Sum: 6]
      [GC Worker Other (ms): Min: 0.0, Avg: 0.0, Max: 0.0, Diff: 0.0, Sum: 0.1]
      [GC Worker Total (ms): Min: 19.1, Avg: 19.1, Max: 19.1, Diff: 0.0, Sum: 76.4]
      [GC Worker End (ms): Min: 343436.8, Avg: 343436.8, Max: 343436.8, Diff: 0.0]
   [Code Root Fixup: 0.0 ms]
   [Code Root Purge: 0.0 ms]
   [Clear CT: 0.2 ms]
   [Other: 1.1 ms]
      [Choose CSet: 0.2 ms]
      [Ref Proc: 0.0 ms]
      [Ref Enq: 0.0 ms]
      [Redirty Cards: 0.0 ms]
      [Humongous Register: 0.0 ms]
      [Humongous Reclaim: 0.0 ms]
      [Free CSet: 0.5 ms]
   [Eden: 43.0M(43.0M)->0.0B(47.0M) Survivors: 11.0M->7168.0K Heap: 954.0M(1096.0M)->881.5M(1096.0M)]
 [Times: user=0.06 sys=0.00, real=0.02 secs] 
2016-06-27T20:30:41.166+0300: 343.438: Total time for which application threads were stopped: 0.0227341 seconds, Stopping threads took: 0.0015502 seconds
2016-06-27T20:30:41.576+0300: 343.848: [GC pause (G1 Evacuation Pause) (mixed)
Desired survivor size 3670016 bytes, new threshold 1 (max 15)
- age   1:    7118688 bytes,    7118688 total
, 0.0173799 secs]
   [Parallel Time: 16.3 ms, GC Workers: 4]
      [GC Worker Start (ms): Min: 343848.6, Avg: 343848.6, Max: 343848.6, Diff: 0.0]
      [Ext Root Scanning (ms): Min: 0.6, Avg: 0.6, Max: 0.8, Diff: 0.2, Sum: 2.6]
      [Update RS (ms): Min: 9.4, Avg: 9.5, Max: 9.6, Diff: 0.2, Sum: 38.0]
         [Processed Buffers: Min: 12, Avg: 18.8, Max: 26, Diff: 14, Sum: 75]
      [Scan RS (ms): Min: 1.3, Avg: 1.4, Max: 1.5, Diff: 0.1, Sum: 5.6]
      [Code Root Scanning (ms): Min: 0.0, Avg: 0.0, Max: 0.0, Diff: 0.0, Sum: 0.0]
      [Object Copy (ms): Min: 4.7, Avg: 4.7, Max: 4.8, Diff: 0.1, Sum: 18.9]
      [Termination (ms): Min: 0.0, Avg: 0.0, Max: 0.0, Diff: 0.0, Sum: 0.0]
         [Termination Attempts: Min: 1, Avg: 1.3, Max: 2, Diff: 1, Sum: 5]
      [GC Worker Other (ms): Min: 0.0, Avg: 0.0, Max: 0.0, Diff: 0.0, Sum: 0.1]
      [GC Worker Total (ms): Min: 16.3, Avg: 16.3, Max: 16.3, Diff: 0.0, Sum: 65.2]
      [GC Worker End (ms): Min: 343864.9, Avg: 343864.9, Max: 343864.9, Diff: 0.0]
   [Code Root Fixup: 0.0 ms]
   [Code Root Purge: 0.0 ms]
   [Clear CT: 0.2 ms]
   [Other: 0.8 ms]
      [Choose CSet: 0.1 ms]
      [Ref Proc: 0.1 ms]
      [Ref Enq: 0.0 ms]
      [Redirty Cards: 0.0 ms]
      [Humongous Register: 0.1 ms]
      [Humongous Reclaim: 0.0 ms]
      [Free CSet: 0.2 ms]
   [Eden: 47.0M(47.0M)->0.0B(86.0M) Survivors: 7168.0K->7168.0K Heap: 928.5M(1096.0M)->884.5M(1096.0M)]
 [Times: user=0.06 sys=0.00, real=0.02 secs] 
2016-06-27T20:30:41.594+0300: 343.866: Total time for which application threads were stopped: 0.0195455 seconds, Stopping threads took: 0.0014660 seconds
2016-06-27T20:30:42.259+0300: 344.532: [GC pause (G1 Evacuation Pause) (young)
Desired survivor size 6291456 bytes, new threshold 1 (max 15)
- age   1:    7224120 bytes,    7224120 total
, 0.0099182 secs]
   [Parallel Time: 9.2 ms, GC Workers: 4]
      [GC Worker Start (ms): Min: 344531.9, Avg: 344531.9, Max: 344531.9, Diff: 0.0]
      [Ext Root Scanning (ms): Min: 0.5, Avg: 0.6, Max: 0.6, Diff: 0.1, Sum: 2.3]
      [Update RS (ms): Min: 5.1, Avg: 5.1, Max: 5.1, Diff: 0.1, Sum: 20.3]
         [Processed Buffers: Min: 17, Avg: 22.5, Max: 31, Diff: 14, Sum: 90]
      [Scan RS (ms): Min: 0.0, Avg: 0.0, Max: 0.0, Diff: 0.0, Sum: 0.1]
      [Code Root Scanning (ms): Min: 0.0, Avg: 0.0, Max: 0.0, Diff: 0.0, Sum: 0.0]
      [Object Copy (ms): Min: 3.4, Avg: 3.5, Max: 3.5, Diff: 0.1, Sum: 13.9]
      [Termination (ms): Min: 0.0, Avg: 0.0, Max: 0.0, Diff: 0.0, Sum: 0.0]
         [Termination Attempts: Min: 1, Avg: 1.0, Max: 1, Diff: 0, Sum: 4]
      [GC Worker Other (ms): Min: 0.0, Avg: 0.0, Max: 0.0, Diff: 0.0, Sum: 0.1]
      [GC Worker Total (ms): Min: 9.1, Avg: 9.1, Max: 9.1, Diff: 0.0, Sum: 36.5]
      [GC Worker End (ms): Min: 344541.0, Avg: 344541.0, Max: 344541.0, Diff: 0.0]
   [Code Root Fixup: 0.0 ms]
   [Code Root Purge: 0.0 ms]
   [Clear CT: 0.0 ms]
   [Other: 0.7 ms]
      [Choose CSet: 0.0 ms]
      [Ref Proc: 0.1 ms]
      [Ref Enq: 0.0 ms]
      [Redirty Cards: 0.0 ms]
      [Humongous Register: 0.0 ms]
      [Humongous Reclaim: 0.0 ms]
      [Free CSet: 0.1 ms]
   [Eden: 86.0M(86.0M)->0.0B(73.0M) Survivors: 7168.0K->12.0M Heap: 970.5M(1096.0M)->899.5M(1096.0M)]
 [Times: user=0.00 sys=0.00, real=0.01 secs] 
2016-06-27T20:30:42.270+0300: 344.542: Total time for which application threads were stopped: 0.0128455 seconds, Stopping threads took: 0.0021738 seconds
2016-06-27T20:30:42.903+0300: 345.175: [GC pause (G1 Evacuation Pause) (young) (initial-mark)
Desired survivor size 5767168 bytes, new threshold 1 (max 15)
- age   1:   12345736 bytes,   12345736 total
, 0.0079343 secs]
   [Parallel Time: 7.1 ms, GC Workers: 4]
      [GC Worker Start (ms): Min: 345175.1, Avg: 345175.2, Max: 345175.3, Diff: 0.2]
      [Ext Root Scanning (ms): Min: 0.6, Avg: 1.1, Max: 2.5, Diff: 1.9, Sum: 4.5]
      [Update RS (ms): Min: 0.4, Avg: 2.6, Max: 6.0, Diff: 5.6, Sum: 10.4]
         [Processed Buffers: Min: 5, Avg: 15.3, Max: 23, Diff: 18, Sum: 61]
      [Scan RS (ms): Min: 0.0, Avg: 0.0, Max: 0.0, Diff: 0.0, Sum: 0.1]
      [Code Root Scanning (ms): Min: 0.0, Avg: 0.0, Max: 0.0, Diff: 0.0, Sum: 0.0]
      [Object Copy (ms): Min: 0.3, Avg: 3.2, Max: 4.2, Diff: 3.9, Sum: 12.7]
      [Termination (ms): Min: 0.0, Avg: 0.1, Max: 0.1, Diff: 0.1, Sum: 0.2]
         [Termination Attempts: Min: 1, Avg: 1.0, Max: 1, Diff: 0, Sum: 4]
      [GC Worker Other (ms): Min: 0.0, Avg: 0.0, Max: 0.0, Diff: 0.0, Sum: 0.0]
      [GC Worker Total (ms): Min: 6.8, Avg: 7.0, Max: 7.0, Diff: 0.2, Sum: 27.9]
      [GC Worker End (ms): Min: 345182.1, Avg: 345182.2, Max: 345182.2, Diff: 0.0]
   [Code Root Fixup: 0.0 ms]
   [Code Root Purge: 0.0 ms]
   [Clear CT: 0.1 ms]
   [Other: 0.7 ms]
      [Choose CSet: 0.0 ms]
      [Ref Proc: 0.1 ms]
      [Ref Enq: 0.0 ms]
      [Redirty Cards: 0.0 ms]
      [Humongous Register: 0.0 ms]
      [Humongous Reclaim: 0.0 ms]
      [Free CSet: 0.1 ms]
   [Eden: 73.0M(73.0M)->0.0B(61.0M) Survivors: 12.0M->11.0M Heap: 972.5M(1096.0M)->913.0M(1096.0M)]
 [Times: user=0.02 sys=0.00, real=0.01 secs] 
2016-06-27T20:30:42.911+0300: 345.183: [GC concurrent-root-region-scan-start]
2016-06-27T20:30:42.911+0300: 345.183: Total time for which application threads were stopped: 0.0141507 seconds, Stopping threads took: 0.0055313 seconds
2016-06-27T20:30:42.912+0300: 345.184: [GC concurrent-root-region-scan-end, 0.0007416 secs]
2016-06-27T20:30:42.912+0300: 345.184: [GC concurrent-mark-start]
2016-06-27T20:30:42.928+0300: 345.200: Total time for which application threads were stopped: 0.0025741 seconds, Stopping threads took: 0.0008750 seconds
2016-06-27T20:30:42.995+0300: 345.267: [GC concurrent-mark-end, 0.0822358 secs]
2016-06-27T20:30:43.029+0300: 345.301: [GC remark 2016-06-27T20:30:43.029+0300: 345.301: [Finalize Marking, 0.0002245 secs] 2016-06-27T20:30:43.029+0300: 345.301: [GC ref-proc, 0.0001039 secs] 2016-06-27T20:30:43.029+0300: 345.301: [Unloading, 0.0017209 secs], 0.0057588 secs]
 [Times: user=0.00 sys=0.00, real=0.01 secs] 
2016-06-27T20:30:43.035+0300: 345.307: Total time for which application threads were stopped: 0.0090881 seconds, Stopping threads took: 0.0028251 seconds
2016-06-27T20:30:43.036+0300: 345.308: [GC cleanup 932M->932M(1096M), 0.0021678 secs]
 [Times: user=0.00 sys=0.00, real=0.00 secs] 
2016-06-27T20:30:43.038+0300: 345.310: Total time for which application threads were stopped: 0.0027750 seconds, Stopping threads took: 0.0001095 seconds
2016-06-27T20:30:43.394+0300: 345.666: [GC pause (G1 Evacuation Pause) (young)
Desired survivor size 4718592 bytes, new threshold 1 (max 15)
- age   1:   11244312 bytes,   11244312 total
, 0.0061531 secs]
   [Parallel Time: 5.6 ms, GC Workers: 4]
      [GC Worker Start (ms): Min: 345666.2, Avg: 345666.2, Max: 345666.2, Diff: 0.0]
      [Ext Root Scanning (ms): Min: 0.5, Avg: 0.6, Max: 0.6, Diff: 0.1, Sum: 2.3]
      [Update RS (ms): Min: 1.6, Avg: 1.6, Max: 1.7, Diff: 0.1, Sum: 6.4]
         [Processed Buffers: Min: 6, Avg: 9.0, Max: 13, Diff: 7, Sum: 36]
      [Scan RS (ms): Min: 0.0, Avg: 0.0, Max: 0.0, Diff: 0.0, Sum: 0.0]
      [Code Root Scanning (ms): Min: 0.0, Avg: 0.0, Max: 0.0, Diff: 0.0, Sum: 0.0]
      [Object Copy (ms): Min: 3.2, Avg: 3.3, Max: 3.4, Diff: 0.2, Sum: 13.3]
      [Termination (ms): Min: 0.0, Avg: 0.0, Max: 0.0, Diff: 0.0, Sum: 0.0]
         [Termination Attempts: Min: 1, Avg: 1.0, Max: 1, Diff: 0, Sum: 4]
      [GC Worker Other (ms): Min: 0.0, Avg: 0.0, Max: 0.0, Diff: 0.0, Sum: 0.0]
      [GC Worker Total (ms): Min: 5.5, Avg: 5.5, Max: 5.5, Diff: 0.0, Sum: 22.1]
      [GC Worker End (ms): Min: 345671.7, Avg: 345671.7, Max: 345671.7, Diff: 0.0]
   [Code Root Fixup: 0.0 ms]
   [Code Root Purge: 0.0 ms]
   [Clear CT: 0.0 ms]
   [Other: 0.5 ms]
      [Choose CSet: 0.0 ms]
      [Ref Proc: 0.0 ms]
      [Ref Enq: 0.0 ms]
      [Redirty Cards: 0.0 ms]
      [Humongous Register: 0.0 ms]
      [Humongous Reclaim: 0.0 ms]
      [Free CSet: 0.1 ms]
   [Eden: 61.0M(61.0M)->0.0B(45.0M) Survivors: 11.0M->9216.0K Heap: 974.0M(1096.0M)->924.5M(1096.0M)]
 [Times: user=0.06 sys=0.00, real=0.01 secs] 
2016-06-27T20:30:43.401+0300: 345.672: Total time for which application threads were stopped: 0.0088935 seconds, Stopping threads took: 0.0020130 seconds
2016-06-27T20:30:43.691+0300: 345.963: Total time for which application threads were stopped: 0.0053636 seconds, Stopping threads took: 0.0049595 seconds
2016-06-27T20:30:43.788+0300: 346.060: [GC pause (G1 Evacuation Pause) (mixed)
Desired survivor size 3670016 bytes, new threshold 1 (max 15)
- age   1:    9303712 bytes,    9303712 total
, 0.0198098 secs]
   [Parallel Time: 18.3 ms, GC Workers: 4]
      [GC Worker Start (ms): Min: 346060.1, Avg: 346060.1, Max: 346060.2, Diff: 0.0]
      [Ext Root Scanning (ms): Min: 0.3, Avg: 0.4, Max: 0.5, Diff: 0.2, Sum: 1.6]
      [Update RS (ms): Min: 0.8, Avg: 0.9, Max: 1.0, Diff: 0.2, Sum: 3.7]
         [Processed Buffers: Min: 2, Avg: 10.8, Max: 22, Diff: 20, Sum: 43]
      [Scan RS (ms): Min: 3.0, Avg: 3.1, Max: 3.1, Diff: 0.1, Sum: 12.3]
      [Code Root Scanning (ms): Min: 0.0, Avg: 0.0, Max: 0.0, Diff: 0.0, Sum: 0.0]
      [Object Copy (ms): Min: 13.9, Avg: 13.9, Max: 13.9, Diff: 0.0, Sum: 55.5]
      [Termination (ms): Min: 0.0, Avg: 0.0, Max: 0.0, Diff: 0.0, Sum: 0.0]
         [Termination Attempts: Min: 1, Avg: 1.8, Max: 4, Diff: 3, Sum: 7]
      [GC Worker Other (ms): Min: 0.0, Avg: 0.0, Max: 0.0, Diff: 0.0, Sum: 0.1]
      [GC Worker Total (ms): Min: 18.3, Avg: 18.3, Max: 18.3, Diff: 0.0, Sum: 73.2]
      [GC Worker End (ms): Min: 346078.4, Avg: 346078.4, Max: 346078.4, Diff: 0.0]
   [Code Root Fixup: 0.0 ms]
   [Code Root Purge: 0.0 ms]
   [Clear CT: 0.2 ms]
   [Other: 1.2 ms]
      [Choose CSet: 0.2 ms]
      [Ref Proc: 0.0 ms]
      [Ref Enq: 0.0 ms]
      [Redirty Cards: 0.1 ms]
      [Humongous Register: 0.0 ms]
      [Humongous Reclaim: 0.0 ms]
      [Free CSet: 0.6 ms]
   [Eden: 45.0M(45.0M)->0.0B(47.0M) Survivors: 9216.0K->7168.0K Heap: 969.5M(1096.0M)->891.5M(1096.0M)]
 [Times: user=0.06 sys=0.00, real=0.02 secs] 
2016-06-27T20:30:43.808+0300: 346.080: Total time for which application threads were stopped: 0.0230608 seconds, Stopping threads took: 0.0027143 seconds
2016-06-27T20:30:43.929+0300: 346.201: Total time for which application threads were stopped: 0.0038917 seconds, Stopping threads took: 0.0014523 seconds
2016-06-27T20:30:43.931+0300: 346.203: Total time for which application threads were stopped: 0.0014515 seconds, Stopping threads took: 0.0000436 seconds
2016-06-27T20:30:43.932+0300: 346.204: Total time for which application threads were stopped: 0.0008019 seconds, Stopping threads took: 0.0000556 seconds
2016-06-27T20:30:44.180+0300: 346.452: [GC pause (G1 Evacuation Pause) (mixed)
Desired survivor size 3670016 bytes, new threshold 1 (max 15)
- age   1:    7019896 bytes,    7019896 total
, 0.0269871 secs]
   [Parallel Time: 25.7 ms, GC Workers: 4]
      [GC Worker Start (ms): Min: 346452.5, Avg: 346452.5, Max: 346452.5, Diff: 0.0]
      [Ext Root Scanning (ms): Min: 0.5, Avg: 0.5, Max: 0.7, Diff: 0.2, Sum: 2.1]
      [Update RS (ms): Min: 9.1, Avg: 9.1, Max: 9.2, Diff: 0.1, Sum: 36.5]
         [Processed Buffers: Min: 12, Avg: 17.8, Max: 27, Diff: 15, Sum: 71]
      [Scan RS (ms): Min: 3.5, Avg: 3.5, Max: 3.6, Diff: 0.1, Sum: 14.1]
      [Code Root Scanning (ms): Min: 0.0, Avg: 0.0, Max: 0.0, Diff: 0.0, Sum: 0.0]
      [Object Copy (ms): Min: 12.4, Avg: 12.4, Max: 12.4, Diff: 0.1, Sum: 49.6]
      [Termination (ms): Min: 0.0, Avg: 0.0, Max: 0.0, Diff: 0.0, Sum: 0.0]
         [Termination Attempts: Min: 1, Avg: 1.0, Max: 1, Diff: 0, Sum: 4]
      [GC Worker Other (ms): Min: 0.0, Avg: 0.0, Max: 0.0, Diff: 0.0, Sum: 0.1]
      [GC Worker Total (ms): Min: 25.6, Avg: 25.6, Max: 25.6, Diff: 0.0, Sum: 102.4]
      [GC Worker End (ms): Min: 346478.1, Avg: 346478.1, Max: 346478.1, Diff: 0.0]
   [Code Root Fixup: 0.0 ms]
   [Code Root Purge: 0.0 ms]
   [Clear CT: 0.2 ms]
   [Other: 1.0 ms]
      [Choose CSet: 0.2 ms]
      [Ref Proc: 0.1 ms]
      [Ref Enq: 0.0 ms]
      [Redirty Cards: 0.0 ms]
      [Humongous Register: 0.0 ms]
      [Humongous Reclaim: 0.0 ms]
      [Free CSet: 0.4 ms]
   [Eden: 47.0M(47.0M)->0.0B(47.0M) Survivors: 7168.0K->7168.0K Heap: 938.5M(1096.0M)->875.5M(1096.0M)]
 [Times: user=0.06 sys=0.00, real=0.03 secs] 
2016-06-27T20:30:44.207+0300: 346.479: Total time for which application threads were stopped: 0.0313710 seconds, Stopping threads took: 0.0038061 seconds
2016-06-27T20:30:44.615+0300: 346.887: [GC pause (G1 Evacuation Pause) (young)
Desired survivor size 3670016 bytes, new threshold 1 (max 15)
- age   1:    7165632 bytes,    7165632 total
, 0.0141785 secs]
   [Parallel Time: 13.5 ms, GC Workers: 4]
      [GC Worker Start (ms): Min: 346887.1, Avg: 346887.1, Max: 346887.2, Diff: 0.0]
      [Ext Root Scanning (ms): Min: 0.5, Avg: 0.5, Max: 0.6, Diff: 0.1, Sum: 2.1]
      [Update RS (ms): Min: 10.5, Avg: 10.6, Max: 10.6, Diff: 0.1, Sum: 42.4]
         [Processed Buffers: Min: 12, Avg: 17.8, Max: 27, Diff: 15, Sum: 71]
      [Scan RS (ms): Min: 0.0, Avg: 0.0, Max: 0.0, Diff: 0.0, Sum: 0.0]
      [Code Root Scanning (ms): Min: 0.0, Avg: 0.0, Max: 0.0, Diff: 0.0, Sum: 0.0]
      [Object Copy (ms): Min: 2.3, Avg: 2.3, Max: 2.3, Diff: 0.0, Sum: 9.3]
      [Termination (ms): Min: 0.0, Avg: 0.0, Max: 0.0, Diff: 0.0, Sum: 0.0]
         [Termination Attempts: Min: 1, Avg: 1.0, Max: 1, Diff: 0, Sum: 4]
      [GC Worker Other (ms): Min: 0.0, Avg: 0.0, Max: 0.0, Diff: 0.0, Sum: 0.0]
      [GC Worker Total (ms): Min: 13.5, Avg: 13.5, Max: 13.5, Diff: 0.0, Sum: 53.9]
      [GC Worker End (ms): Min: 346900.6, Avg: 346900.6, Max: 346900.6, Diff: 0.0]
   [Code Root Fixup: 0.0 ms]
   [Code Root Purge: 0.0 ms]
   [Clear CT: 0.0 ms]
   [Other: 0.6 ms]
      [Choose CSet: 0.0 ms]
      [Ref Proc: 0.0 ms]
      [Ref Enq: 0.0 ms]
      [Redirty Cards: 0.0 ms]
      [Humongous Register: 0.0 ms]
      [Humongous Reclaim: 0.0 ms]
      [Free CSet: 0.1 ms]
   [Eden: 47.0M(47.0M)->0.0B(47.0M) Survivors: 7168.0K->7168.0K Heap: 922.5M(1096.0M)->884.5M(1096.0M)]
 [Times: user=0.00 sys=0.00, real=0.01 secs] 
2016-06-27T20:30:44.629+0300: 346.901: Total time for which application threads were stopped: 0.0198470 seconds, Stopping threads took: 0.0050651 seconds
2016-06-27T20:30:45.012+0300: 347.284: [GC pause (G1 Evacuation Pause) (young) (initial-mark)
Desired survivor size 3670016 bytes, new threshold 1 (max 15)
- age   1:    7241048 bytes,    7241048 total
, 0.0048145 secs]
   [Parallel Time: 4.1 ms, GC Workers: 4]
      [GC Worker Start (ms): Min: 347284.3, Avg: 347284.3, Max: 347284.3, Diff: 0.0]
      [Ext Root Scanning (ms): Min: 0.5, Avg: 0.5, Max: 0.7, Diff: 0.2, Sum: 2.1]
      [Update RS (ms): Min: 0.9, Avg: 1.0, Max: 1.1, Diff: 0.1, Sum: 4.0]
         [Processed Buffers: Min: 5, Avg: 8.5, Max: 16, Diff: 11, Sum: 34]
      [Scan RS (ms): Min: 0.0, Avg: 0.0, Max: 0.0, Diff: 0.0, Sum: 0.0]
      [Code Root Scanning (ms): Min: 0.0, Avg: 0.0, Max: 0.0, Diff: 0.0, Sum: 0.0]
      [Object Copy (ms): Min: 2.4, Avg: 2.5, Max: 2.6, Diff: 0.2, Sum: 10.0]
      [Termination (ms): Min: 0.0, Avg: 0.0, Max: 0.0, Diff: 0.0, Sum: 0.0]
         [Termination Attempts: Min: 1, Avg: 1.3, Max: 2, Diff: 1, Sum: 5]
      [GC Worker Other (ms): Min: 0.0, Avg: 0.0, Max: 0.0, Diff: 0.0, Sum: 0.0]
      [GC Worker Total (ms): Min: 4.0, Avg: 4.0, Max: 4.1, Diff: 0.0, Sum: 16.2]
      [GC Worker End (ms): Min: 347288.4, Avg: 347288.4, Max: 347288.4, Diff: 0.0]
   [Code Root Fixup: 0.0 ms]
   [Code Root Purge: 0.0 ms]
   [Clear CT: 0.0 ms]
   [Other: 0.7 ms]
      [Choose CSet: 0.0 ms]
      [Ref Proc: 0.1 ms]
      [Ref Enq: 0.0 ms]
      [Redirty Cards: 0.1 ms]
      [Humongous Register: 0.0 ms]
      [Humongous Reclaim: 0.0 ms]
      [Free CSet: 0.1 ms]
   [Eden: 47.0M(47.0M)->0.0B(78.0M) Survivors: 7168.0K->7168.0K Heap: 931.5M(1096.0M)->894.0M(1096.0M)]
 [Times: user=0.00 sys=0.00, real=0.00 secs] 
2016-06-27T20:30:45.017+0300: 347.289: [GC concurrent-root-region-scan-start]
2016-06-27T20:30:45.017+0300: 347.289: Total time for which application threads were stopped: 0.0099152 seconds, Stopping threads took: 0.0044544 seconds
2016-06-27T20:30:45.018+0300: 347.290: [GC concurrent-root-region-scan-end, 0.0007655 secs]
2016-06-27T20:30:45.018+0300: 347.290: [GC concurrent-mark-start]
2016-06-27T20:30:45.102+0300: 347.374: [GC concurrent-mark-end, 0.0830317 secs]
2016-06-27T20:30:45.132+0300: 347.404: [GC remark 2016-06-27T20:30:45.132+0300: 347.404: [Finalize Marking, 0.0002006 secs] 2016-06-27T20:30:45.132+0300: 347.404: [GC ref-proc, 0.0001061 secs] 2016-06-27T20:30:45.132+0300: 347.404: [Unloading, 0.0017089 secs], 0.0056497 secs]
 [Times: user=0.00 sys=0.00, real=0.01 secs] 
2016-06-27T20:30:45.137+0300: 347.410: Total time for which application threads were stopped: 0.0069011 seconds, Stopping threads took: 0.0007783 seconds
2016-06-27T20:30:45.170+0300: 347.442: [GC cleanup 914M->914M(1096M), 0.0022123 secs]
 [Times: user=0.00 sys=0.00, real=0.00 secs] 
2016-06-27T20:30:45.172+0300: 347.444: Total time for which application threads were stopped: 0.0030611 seconds, Stopping threads took: 0.0003130 seconds
2016-06-27T20:30:45.663+0300: 347.935: [GC pause (G1 Evacuation Pause) (young)
Desired survivor size 5767168 bytes, new threshold 1 (max 15)
- age   1:    7100536 bytes,    7100536 total
, 0.0056536 secs]
   [Parallel Time: 5.0 ms, GC Workers: 4]
      [GC Worker Start (ms): Min: 347935.4, Avg: 347935.4, Max: 347935.5, Diff: 0.0]
      [Ext Root Scanning (ms): Min: 0.5, Avg: 0.5, Max: 0.6, Diff: 0.1, Sum: 2.2]
      [Update RS (ms): Min: 1.2, Avg: 1.3, Max: 1.4, Diff: 0.2, Sum: 5.0]
         [Processed Buffers: Min: 7, Avg: 15.8, Max: 24, Diff: 17, Sum: 63]
      [Scan RS (ms): Min: 0.0, Avg: 0.0, Max: 0.0, Diff: 0.0, Sum: 0.1]
      [Code Root Scanning (ms): Min: 0.0, Avg: 0.0, Max: 0.0, Diff: 0.0, Sum: 0.0]
      [Object Copy (ms): Min: 3.0, Avg: 3.1, Max: 3.2, Diff: 0.2, Sum: 12.4]
      [Termination (ms): Min: 0.0, Avg: 0.0, Max: 0.0, Diff: 0.0, Sum: 0.0]
         [Termination Attempts: Min: 1, Avg: 1.0, Max: 1, Diff: 0, Sum: 4]
      [GC Worker Other (ms): Min: 0.0, Avg: 0.0, Max: 0.0, Diff: 0.0, Sum: 0.1]
      [GC Worker Total (ms): Min: 4.9, Avg: 4.9, Max: 5.0, Diff: 0.0, Sum: 19.8]
      [GC Worker End (ms): Min: 347940.4, Avg: 347940.4, Max: 347940.4, Diff: 0.0]
   [Code Root Fixup: 0.0 ms]
   [Code Root Purge: 0.0 ms]
   [Clear CT: 0.1 ms]
   [Other: 0.6 ms]
      [Choose CSet: 0.0 ms]
      [Ref Proc: 0.0 ms]
      [Ref Enq: 0.0 ms]
      [Redirty Cards: 0.0 ms]
      [Humongous Register: 0.0 ms]
      [Humongous Reclaim: 0.0 ms]
      [Free CSet: 0.1 ms]
   [Eden: 78.0M(78.0M)->0.0B(43.0M) Survivors: 7168.0K->11.0M Heap: 972.0M(1096.0M)->908.5M(1096.0M)]
 [Times: user=0.00 sys=0.00, real=0.01 secs] 
2016-06-27T20:30:45.669+0300: 347.941: Total time for which application threads were stopped: 0.0091458 seconds, Stopping threads took: 0.0028247 seconds
2016-06-27T20:30:45.929+0300: 348.201: Total time for which application threads were stopped: 0.0027190 seconds, Stopping threads took: 0.0012265 seconds
2016-06-27T20:30:46.020+0300: 348.292: [GC pause (G1 Evacuation Pause) (mixed)
Desired survivor size 3670016 bytes, new threshold 1 (max 15)
- age   1:   11368448 bytes,   11368448 total
, 0.0203298 secs]
   [Parallel Time: 19.0 ms, GC Workers: 4]
      [GC Worker Start (ms): Min: 348292.2, Avg: 348292.2, Max: 348292.3, Diff: 0.0]
      [Ext Root Scanning (ms): Min: 0.5, Avg: 0.5, Max: 0.7, Diff: 0.2, Sum: 2.1]
      [Update RS (ms): Min: 0.7, Avg: 0.8, Max: 1.0, Diff: 0.2, Sum: 3.4]
         [Processed Buffers: Min: 3, Avg: 10.5, Max: 22, Diff: 19, Sum: 42]
      [Scan RS (ms): Min: 3.1, Avg: 3.2, Max: 3.3, Diff: 0.1, Sum: 12.9]
      [Code Root Scanning (ms): Min: 0.0, Avg: 0.0, Max: 0.0, Diff: 0.0, Sum: 0.0]
      [Object Copy (ms): Min: 14.2, Avg: 14.3, Max: 14.3, Diff: 0.1, Sum: 57.2]
      [Termination (ms): Min: 0.0, Avg: 0.0, Max: 0.0, Diff: 0.0, Sum: 0.0]
         [Termination Attempts: Min: 1, Avg: 5.3, Max: 9, Diff: 8, Sum: 21]
      [GC Worker Other (ms): Min: 0.0, Avg: 0.0, Max: 0.0, Diff: 0.0, Sum: 0.1]
      [GC Worker Total (ms): Min: 18.9, Avg: 18.9, Max: 18.9, Diff: 0.0, Sum: 75.7]
      [GC Worker End (ms): Min: 348311.2, Avg: 348311.2, Max: 348311.2, Diff: 0.0]
   [Code Root Fixup: 0.0 ms]
   [Code Root Purge: 0.0 ms]
   [Clear CT: 0.2 ms]
   [Other: 1.1 ms]
      [Choose CSet: 0.2 ms]
      [Ref Proc: 0.0 ms]
      [Ref Enq: 0.0 ms]
      [Redirty Cards: 0.0 ms]
      [Humongous Register: 0.0 ms]
      [Humongous Reclaim: 0.0 ms]
      [Free CSet: 0.5 ms]
   [Eden: 43.0M(43.0M)->0.0B(47.0M) Survivors: 11.0M->7168.0K Heap: 951.5M(1096.0M)->871.5M(1096.0M)]
 [Times: user=0.08 sys=0.00, real=0.02 secs] 
2016-06-27T20:30:46.040+0300: 348.312: Total time for which application threads were stopped: 0.0220024 seconds, Stopping threads took: 0.0009404 seconds
2016-06-27T20:30:46.451+0300: 348.723: [GC pause (G1 Evacuation Pause) (mixed)
Desired survivor size 3670016 bytes, new threshold 1 (max 15)
- age   1:    6931656 bytes,    6931656 total
, 0.0250700 secs]
   [Parallel Time: 23.7 ms, GC Workers: 4]
      [GC Worker Start (ms): Min: 348723.5, Avg: 348723.5, Max: 348723.5, Diff: 0.0]
      [Ext Root Scanning (ms): Min: 0.5, Avg: 0.5, Max: 0.6, Diff: 0.1, Sum: 2.1]
      [Update RS (ms): Min: 9.8, Avg: 9.8, Max: 9.9, Diff: 0.1, Sum: 39.3]
         [Processed Buffers: Min: 14, Avg: 19.0, Max: 27, Diff: 13, Sum: 76]
      [Scan RS (ms): Min: 3.2, Avg: 3.2, Max: 3.3, Diff: 0.1, Sum: 12.9]
      [Code Root Scanning (ms): Min: 0.0, Avg: 0.0, Max: 0.1, Diff: 0.1, Sum: 0.1]
      [Object Copy (ms): Min: 10.0, Avg: 10.0, Max: 10.1, Diff: 0.1, Sum: 40.1]
      [Termination (ms): Min: 0.0, Avg: 0.0, Max: 0.0, Diff: 0.0, Sum: 0.0]
         [Termination Attempts: Min: 1, Avg: 1.3, Max: 2, Diff: 1, Sum: 5]
      [GC Worker Other (ms): Min: 0.0, Avg: 0.0, Max: 0.0, Diff: 0.0, Sum: 0.0]
      [GC Worker Total (ms): Min: 23.7, Avg: 23.7, Max: 23.7, Diff: 0.0, Sum: 94.6]
      [GC Worker End (ms): Min: 348747.2, Avg: 348747.2, Max: 348747.2, Diff: 0.0]
   [Code Root Fixup: 0.1 ms]
   [Code Root Purge: 0.0 ms]
   [Clear CT: 0.2 ms]
   [Other: 1.1 ms]
      [Choose CSet: 0.2 ms]
      [Ref Proc: 0.1 ms]
      [Ref Enq: 0.0 ms]
      [Redirty Cards: 0.1 ms]
      [Humongous Register: 0.1 ms]
      [Humongous Reclaim: 0.0 ms]
      [Free CSet: 0.4 ms]
   [Eden: 47.0M(47.0M)->0.0B(47.0M) Survivors: 7168.0K->7168.0K Heap: 918.5M(1096.0M)->859.5M(1096.0M)]
 [Times: user=0.13 sys=0.00, real=0.03 secs] 
2016-06-27T20:30:46.476+0300: 348.748: Total time for which application threads were stopped: 0.0268319 seconds, Stopping threads took: 0.0010832 seconds
2016-06-27T20:30:46.883+0300: 349.156: [GC pause (G1 Evacuation Pause) (young)
Desired survivor size 3670016 bytes, new threshold 1 (max 15)
- age   1:    7122056 bytes,    7122056 total
, 0.0133467 secs]
   [Parallel Time: 12.6 ms, GC Workers: 4]
      [GC Worker Start (ms): Min: 349156.0, Avg: 349156.0, Max: 349156.0, Diff: 0.0]
      [Ext Root Scanning (ms): Min: 0.6, Avg: 0.6, Max: 0.6, Diff: 0.1, Sum: 2.3]
      [Update RS (ms): Min: 9.6, Avg: 9.8, Max: 10.1, Diff: 0.5, Sum: 39.0]
         [Processed Buffers: Min: 11, Avg: 20.5, Max: 28, Diff: 17, Sum: 82]
      [Scan RS (ms): Min: 0.0, Avg: 0.0, Max: 0.0, Diff: 0.0, Sum: 0.0]
      [Code Root Scanning (ms): Min: 0.0, Avg: 0.0, Max: 0.0, Diff: 0.0, Sum: 0.0]
      [Object Copy (ms): Min: 1.8, Avg: 2.2, Max: 2.4, Diff: 0.6, Sum: 9.0]
      [Termination (ms): Min: 0.0, Avg: 0.0, Max: 0.0, Diff: 0.0, Sum: 0.0]
         [Termination Attempts: Min: 1, Avg: 1.0, Max: 1, Diff: 0, Sum: 4]
      [GC Worker Other (ms): Min: 0.0, Avg: 0.0, Max: 0.0, Diff: 0.0, Sum: 0.1]
      [GC Worker Total (ms): Min: 12.6, Avg: 12.6, Max: 12.6, Diff: 0.0, Sum: 50.4]
      [GC Worker End (ms): Min: 349168.6, Avg: 349168.6, Max: 349168.6, Diff: 0.0]
   [Code Root Fixup: 0.0 ms]
   [Code Root Purge: 0.0 ms]
   [Clear CT: 0.0 ms]
   [Other: 0.6 ms]
      [Choose CSet: 0.0 ms]
      [Ref Proc: 0.0 ms]
      [Ref Enq: 0.0 ms]
      [Redirty Cards: 0.0 ms]
      [Humongous Register: 0.0 ms]
      [Humongous Reclaim: 0.0 ms]
      [Free CSet: 0.1 ms]
   [Eden: 47.0M(47.0M)->0.0B(47.0M) Survivors: 7168.0K->7168.0K Heap: 906.5M(1096.0M)->868.5M(1096.0M)]
 [Times: user=0.06 sys=0.00, real=0.01 secs] 
2016-06-27T20:30:46.897+0300: 349.169: Total time for which application threads were stopped: 0.0146809 seconds, Stopping threads took: 0.0006359 seconds
2016-06-27T20:30:47.269+0300: 349.541: [GC pause (G1 Evacuation Pause) (young) (initial-mark)
Desired survivor size 3670016 bytes, new threshold 1 (max 15)
- age   1:    7211512 bytes,    7211512 total
, 0.0044177 secs]
   [Parallel Time: 3.7 ms, GC Workers: 4]
      [GC Worker Start (ms): Min: 349541.6, Avg: 349541.6, Max: 349541.6, Diff: 0.0]
      [Ext Root Scanning (ms): Min: 0.6, Avg: 0.6, Max: 0.7, Diff: 0.2, Sum: 2.5]
      [Update RS (ms): Min: 0.6, Avg: 0.7, Max: 0.8, Diff: 0.3, Sum: 2.9]
         [Processed Buffers: Min: 2, Avg: 9.3, Max: 17, Diff: 15, Sum: 37]
      [Scan RS (ms): Min: 0.0, Avg: 0.0, Max: 0.0, Diff: 0.0, Sum: 0.0]
      [Code Root Scanning (ms): Min: 0.0, Avg: 0.0, Max: 0.0, Diff: 0.0, Sum: 0.0]
      [Object Copy (ms): Min: 2.2, Avg: 2.3, Max: 2.4, Diff: 0.1, Sum: 9.2]
      [Termination (ms): Min: 0.0, Avg: 0.0, Max: 0.0, Diff: 0.0, Sum: 0.0]
         [Termination Attempts: Min: 1, Avg: 1.0, Max: 1, Diff: 0, Sum: 4]
      [GC Worker Other (ms): Min: 0.0, Avg: 0.0, Max: 0.0, Diff: 0.0, Sum: 0.1]
      [GC Worker Total (ms): Min: 3.7, Avg: 3.7, Max: 3.7, Diff: 0.0, Sum: 14.6]
      [GC Worker End (ms): Min: 349545.3, Avg: 349545.3, Max: 349545.3, Diff: 0.0]
   [Code Root Fixup: 0.0 ms]
   [Code Root Purge: 0.0 ms]
   [Clear CT: 0.0 ms]
   [Other: 0.7 ms]
      [Choose CSet: 0.0 ms]
      [Ref Proc: 0.0 ms]
      [Ref Enq: 0.0 ms]
      [Redirty Cards: 0.0 ms]
      [Humongous Register: 0.0 ms]
      [Humongous Reclaim: 0.0 ms]
      [Free CSet: 0.1 ms]
   [Eden: 47.0M(47.0M)->0.0B(92.0M) Survivors: 7168.0K->7168.0K Heap: 915.5M(1096.0M)->877.0M(1096.0M)]
 [Times: user=0.06 sys=0.00, real=0.00 secs] 
2016-06-27T20:30:47.274+0300: 349.546: [GC concurrent-root-region-scan-start]
2016-06-27T20:30:47.274+0300: 349.546: Total time for which application threads were stopped: 0.0074600 seconds, Stopping threads took: 0.0023200 seconds
2016-06-27T20:30:47.274+0300: 349.547: [GC concurrent-root-region-scan-end, 0.0005679 secs]
2016-06-27T20:30:47.274+0300: 349.547: [GC concurrent-mark-start]
2016-06-27T20:30:47.353+0300: 349.625: [GC concurrent-mark-end, 0.0781983 secs]
2016-06-27T20:30:47.372+0300: 349.644: [GC remark 2016-06-27T20:30:47.372+0300: 349.644: [Finalize Marking, 0.0002314 secs] 2016-06-27T20:30:47.372+0300: 349.645: [GC ref-proc, 0.0001056 secs] 2016-06-27T20:30:47.373+0300: 349.645: [Unloading, 0.0019125 secs], 0.0059025 secs]
 [Times: user=0.00 sys=0.00, real=0.01 secs] 
2016-06-27T20:30:47.378+0300: 349.650: Total time for which application threads were stopped: 0.0075691 seconds, Stopping threads took: 0.0011196 seconds
2016-06-27T20:30:47.379+0300: 349.651: [GC cleanup 892M->892M(1096M), 0.0020998 secs]
 [Times: user=0.06 sys=0.00, real=0.00 secs] 
2016-06-27T20:30:47.381+0300: 349.653: Total time for which application threads were stopped: 0.0027280 seconds, Stopping threads took: 0.0000517 seconds
2016-06-27T20:30:48.017+0300: 350.290: [GC pause (G1 Evacuation Pause) (young)
Desired survivor size 6815744 bytes, new threshold 1 (max 15)
- age   1:    7212872 bytes,    7212872 total
, 0.0056275 secs]
   [Parallel Time: 5.0 ms, GC Workers: 4]
      [GC Worker Start (ms): Min: 350289.8, Avg: 350289.8, Max: 350289.8, Diff: 0.0]
      [Ext Root Scanning (ms): Min: 0.6, Avg: 0.6, Max: 0.7, Diff: 0.1, Sum: 2.4]
      [Update RS (ms): Min: 0.7, Avg: 0.8, Max: 0.9, Diff: 0.2, Sum: 3.2]
         [Processed Buffers: Min: 9, Avg: 18.8, Max: 28, Diff: 19, Sum: 75]
      [Scan RS (ms): Min: 0.0, Avg: 0.0, Max: 0.0, Diff: 0.0, Sum: 0.1]
      [Code Root Scanning (ms): Min: 0.0, Avg: 0.0, Max: 0.0, Diff: 0.0, Sum: 0.0]
      [Object Copy (ms): Min: 3.4, Avg: 3.5, Max: 3.6, Diff: 0.2, Sum: 14.1]
      [Termination (ms): Min: 0.0, Avg: 0.0, Max: 0.0, Diff: 0.0, Sum: 0.0]
         [Termination Attempts: Min: 1, Avg: 1.0, Max: 1, Diff: 0, Sum: 4]
      [GC Worker Other (ms): Min: 0.0, Avg: 0.0, Max: 0.0, Diff: 0.0, Sum: 0.1]
      [GC Worker Total (ms): Min: 4.9, Avg: 5.0, Max: 5.0, Diff: 0.0, Sum: 19.8]
      [GC Worker End (ms): Min: 350294.7, Avg: 350294.7, Max: 350294.7, Diff: 0.0]
   [Code Root Fixup: 0.0 ms]
   [Code Root Purge: 0.0 ms]
   [Clear CT: 0.0 ms]
   [Other: 0.6 ms]
      [Choose CSet: 0.0 ms]
      [Ref Proc: 0.0 ms]
      [Ref Enq: 0.0 ms]
      [Redirty Cards: 0.0 ms]
      [Humongous Register: 0.0 ms]
      [Humongous Reclaim: 0.0 ms]
      [Free CSet: 0.1 ms]
   [Eden: 92.0M(92.0M)->0.0B(41.0M) Survivors: 7168.0K->13.0M Heap: 969.0M(1096.0M)->894.0M(1096.0M)]
 [Times: user=0.06 sys=0.00, real=0.01 secs] 
2016-06-27T20:30:48.023+0300: 350.295: Total time for which application threads were stopped: 0.0082700 seconds, Stopping threads took: 0.0018419 seconds
2016-06-27T20:30:48.372+0300: 350.644: [GC pause (G1 Evacuation Pause) (mixed)
Desired survivor size 3670016 bytes, new threshold 1 (max 15)
- age   1:   13260232 bytes,   13260232 total
, 0.0220875 secs]
   [Parallel Time: 20.2 ms, GC Workers: 4]
      [GC Worker Start (ms): Min: 350644.8, Avg: 350644.8, Max: 350644.8, Diff: 0.0]
      [Ext Root Scanning (ms): Min: 0.6, Avg: 0.6, Max: 0.6, Diff: 0.1, Sum: 2.4]
      [Update RS (ms): Min: 0.9, Avg: 0.9, Max: 0.9, Diff: 0.1, Sum: 3.6]
         [Processed Buffers: Min: 4, Avg: 9.5, Max: 20, Diff: 16, Sum: 38]
      [Scan RS (ms): Min: 3.6, Avg: 3.6, Max: 3.6, Diff: 0.1, Sum: 14.4]
      [Code Root Scanning (ms): Min: 0.0, Avg: 0.0, Max: 0.0, Diff: 0.0, Sum: 0.0]
      [Object Copy (ms): Min: 15.0, Avg: 15.0, Max: 15.0, Diff: 0.1, Sum: 60.1]
      [Termination (ms): Min: 0.0, Avg: 0.0, Max: 0.0, Diff: 0.0, Sum: 0.0]
         [Termination Attempts: Min: 1, Avg: 2.0, Max: 5, Diff: 4, Sum: 8]
      [GC Worker Other (ms): Min: 0.0, Avg: 0.0, Max: 0.0, Diff: 0.0, Sum: 0.1]
      [GC Worker Total (ms): Min: 20.1, Avg: 20.2, Max: 20.2, Diff: 0.0, Sum: 80.6]
      [GC Worker End (ms): Min: 350664.9, Avg: 350664.9, Max: 350664.9, Diff: 0.0]
   [Code Root Fixup: 0.0 ms]
   [Code Root Purge: 0.0 ms]
   [Clear CT: 0.2 ms]
   [Other: 1.7 ms]
      [Choose CSet: 0.2 ms]
      [Ref Proc: 0.1 ms]
      [Ref Enq: 0.0 ms]
      [Redirty Cards: 0.1 ms]
      [Humongous Register: 0.0 ms]
      [Humongous Reclaim: 0.0 ms]
      [Free CSet: 0.9 ms]
   [Eden: 41.0M(41.0M)->0.0B(47.0M) Survivors: 13.0M->7168.0K Heap: 935.0M(1096.0M)->860.0M(1096.0M)]
 [Times: user=0.06 sys=0.00, real=0.02 secs] 
2016-06-27T20:30:48.395+0300: 350.667: Total time for which application threads were stopped: 0.0277479 seconds, Stopping threads took: 0.0049133 seconds
2016-06-27T20:30:48.799+0300: 351.071: [GC pause (G1 Evacuation Pause) (mixed)
Desired survivor size 3670016 bytes, new threshold 1 (max 15)
- age   1:    6552496 bytes,    6552496 total
, 0.0198633 secs]
   [Parallel Time: 18.9 ms, GC Workers: 4]
      [GC Worker Start (ms): Min: 351071.3, Avg: 351071.3, Max: 351071.3, Diff: 0.0]
      [Ext Root Scanning (ms): Min: 0.5, Avg: 0.6, Max: 0.7, Diff: 0.1, Sum: 2.3]
      [Update RS (ms): Min: 11.0, Avg: 11.1, Max: 11.2, Diff: 0.2, Sum: 44.4]
         [Processed Buffers: Min: 18, Avg: 19.8, Max: 22, Diff: 4, Sum: 79]
      [Scan RS (ms): Min: 1.5, Avg: 1.5, Max: 1.5, Diff: 0.1, Sum: 6.0]
      [Code Root Scanning (ms): Min: 0.0, Avg: 0.0, Max: 0.0, Diff: 0.0, Sum: 0.0]
      [Object Copy (ms): Min: 5.7, Avg: 5.7, Max: 5.7, Diff: 0.0, Sum: 22.7]
      [Termination (ms): Min: 0.0, Avg: 0.0, Max: 0.0, Diff: 0.0, Sum: 0.0]
         [Termination Attempts: Min: 1, Avg: 1.0, Max: 1, Diff: 0, Sum: 4]
      [GC Worker Other (ms): Min: 0.0, Avg: 0.0, Max: 0.0, Diff: 0.0, Sum: 0.1]
      [GC Worker Total (ms): Min: 18.9, Avg: 18.9, Max: 18.9, Diff: 0.0, Sum: 75.5]
      [GC Worker End (ms): Min: 351090.2, Avg: 351090.2, Max: 351090.2, Diff: 0.0]
   [Code Root Fixup: 0.0 ms]
   [Code Root Purge: 0.0 ms]
   [Clear CT: 0.2 ms]
   [Other: 0.7 ms]
      [Choose CSet: 0.1 ms]
      [Ref Proc: 0.1 ms]
      [Ref Enq: 0.0 ms]
      [Redirty Cards: 0.0 ms]
      [Humongous Register: 0.0 ms]
      [Humongous Reclaim: 0.0 ms]
      [Free CSet: 0.2 ms]
   [Eden: 47.0M(47.0M)->0.0B(47.0M) Survivors: 7168.0K->7168.0K Heap: 907.0M(1096.0M)->862.0M(1096.0M)]
 [Times: user=0.13 sys=0.00, real=0.02 secs] 
2016-06-27T20:30:48.819+0300: 351.091: Total time for which application threads were stopped: 0.0239593 seconds, Stopping threads took: 0.0032998 seconds
2016-06-27T20:30:48.932+0300: 351.204: Total time for which application threads were stopped: 0.0052905 seconds, Stopping threads took: 0.0037539 seconds
2016-06-27T20:30:49.210+0300: 351.482: [GC pause (G1 Evacuation Pause) (young)
Desired survivor size 3670016 bytes, new threshold 1 (max 15)
- age   1:    7127608 bytes,    7127608 total
, 0.0102445 secs]
   [Parallel Time: 9.5 ms, GC Workers: 4]
      [GC Worker Start (ms): Min: 351482.7, Avg: 351482.7, Max: 351482.7, Diff: 0.0]
      [Ext Root Scanning (ms): Min: 0.6, Avg: 0.6, Max: 0.6, Diff: 0.0, Sum: 2.3]
      [Update RS (ms): Min: 6.1, Avg: 6.2, Max: 6.3, Diff: 0.2, Sum: 24.9]
         [Processed Buffers: Min: 8, Avg: 16.3, Max: 26, Diff: 18, Sum: 65]
      [Scan RS (ms): Min: 0.0, Avg: 0.0, Max: 0.0, Diff: 0.0, Sum: 0.0]
      [Code Root Scanning (ms): Min: 0.0, Avg: 0.0, Max: 0.0, Diff: 0.0, Sum: 0.0]
      [Object Copy (ms): Min: 2.6, Avg: 2.7, Max: 2.7, Diff: 0.1, Sum: 10.6]
      [Termination (ms): Min: 0.0, Avg: 0.0, Max: 0.0, Diff: 0.0, Sum: 0.0]
         [Termination Attempts: Min: 1, Avg: 1.0, Max: 1, Diff: 0, Sum: 4]
      [GC Worker Other (ms): Min: 0.0, Avg: 0.0, Max: 0.0, Diff: 0.0, Sum: 0.0]
      [GC Worker Total (ms): Min: 9.5, Avg: 9.5, Max: 9.5, Diff: 0.0, Sum: 37.9]
      [GC Worker End (ms): Min: 351492.2, Avg: 351492.2, Max: 351492.2, Diff: 0.0]
   [Code Root Fixup: 0.0 ms]
   [Code Root Purge: 0.0 ms]
   [Clear CT: 0.0 ms]
   [Other: 0.7 ms]
      [Choose CSet: 0.0 ms]
      [Ref Proc: 0.0 ms]
      [Ref Enq: 0.0 ms]
      [Redirty Cards: 0.0 ms]
      [Humongous Register: 0.0 ms]
      [Humongous Reclaim: 0.0 ms]
      [Free CSet: 0.1 ms]
   [Eden: 47.0M(47.0M)->0.0B(96.0M) Survivors: 7168.0K->7168.0K Heap: 909.0M(1096.0M)->871.5M(1096.0M)]
 [Times: user=0.00 sys=0.00, real=0.01 secs] 
2016-06-27T20:30:49.221+0300: 351.493: Total time for which application threads were stopped: 0.0159199 seconds, Stopping threads took: 0.0049877 seconds
2016-06-27T20:30:50.025+0300: 352.297: [GC pause (G1 Evacuation Pause) (young) (initial-mark)
Desired survivor size 6815744 bytes, new threshold 1 (max 15)
- age   1:    7218576 bytes,    7218576 total
, 0.0066945 secs]
   [Parallel Time: 5.9 ms, GC Workers: 4]
      [GC Worker Start (ms): Min: 352297.7, Avg: 352297.7, Max: 352297.7, Diff: 0.0]
      [Ext Root Scanning (ms): Min: 0.6, Avg: 0.7, Max: 0.7, Diff: 0.1, Sum: 2.6]
      [Update RS (ms): Min: 1.4, Avg: 1.5, Max: 1.7, Diff: 0.4, Sum: 5.9]
         [Processed Buffers: Min: 3, Avg: 21.8, Max: 43, Diff: 40, Sum: 87]
      [Scan RS (ms): Min: 0.0, Avg: 0.0, Max: 0.0, Diff: 0.0, Sum: 0.1]
      [Code Root Scanning (ms): Min: 0.0, Avg: 0.0, Max: 0.0, Diff: 0.0, Sum: 0.0]
      [Object Copy (ms): Min: 3.4, Avg: 3.6, Max: 3.8, Diff: 0.4, Sum: 14.6]
      [Termination (ms): Min: 0.0, Avg: 0.0, Max: 0.0, Diff: 0.0, Sum: 0.0]
         [Termination Attempts: Min: 1, Avg: 1.0, Max: 1, Diff: 0, Sum: 4]
      [GC Worker Other (ms): Min: 0.0, Avg: 0.0, Max: 0.0, Diff: 0.0, Sum: 0.1]
      [GC Worker Total (ms): Min: 5.8, Avg: 5.8, Max: 5.8, Diff: 0.0, Sum: 23.3]
      [GC Worker End (ms): Min: 352303.5, Avg: 352303.5, Max: 352303.5, Diff: 0.0]
   [Code Root Fixup: 0.0 ms]
   [Code Root Purge: 0.0 ms]
   [Clear CT: 0.1 ms]
   [Other: 0.7 ms]
      [Choose CSet: 0.0 ms]
      [Ref Proc: 0.1 ms]
      [Ref Enq: 0.0 ms]
      [Redirty Cards: 0.0 ms]
      [Humongous Register: 0.0 ms]
      [Humongous Reclaim: 0.0 ms]
      [Free CSet: 0.1 ms]
   [Eden: 96.0M(96.0M)->0.0B(82.0M) Survivors: 7168.0K->13.0M Heap: 967.5M(1096.0M)->889.0M(1096.0M)]
 [Times: user=0.00 sys=0.00, real=0.01 secs] 
2016-06-27T20:30:50.032+0300: 352.304: [GC concurrent-root-region-scan-start]
2016-06-27T20:30:50.032+0300: 352.304: Total time for which application threads were stopped: 0.0129220 seconds, Stopping threads took: 0.0054761 seconds
2016-06-27T20:30:50.033+0300: 352.305: [GC concurrent-root-region-scan-end, 0.0009567 secs]
2016-06-27T20:30:50.033+0300: 352.305: [GC concurrent-mark-start]
2016-06-27T20:30:50.126+0300: 352.398: [GC concurrent-mark-end, 0.0912858 secs]
2016-06-27T20:30:50.154+0300: 352.426: [GC remark 2016-06-27T20:30:50.154+0300: 352.426: [Finalize Marking, 0.0002331 secs] 2016-06-27T20:30:50.154+0300: 352.426: [GC ref-proc, 0.0000937 secs] 2016-06-27T20:30:50.154+0300: 352.427: [Unloading, 0.0017701 secs], 0.0057126 secs]
 [Times: user=0.00 sys=0.00, real=0.01 secs] 
2016-06-27T20:30:50.160+0300: 352.432: Total time for which application threads were stopped: 0.0117742 seconds, Stopping threads took: 0.0054731 seconds
2016-06-27T20:30:50.193+0300: 352.465: [GC cleanup 909M->909M(1096M), 0.0021763 secs]
 [Times: user=0.00 sys=0.00, real=0.00 secs] 
2016-06-27T20:30:50.195+0300: 352.467: Total time for which application threads were stopped: 0.0035559 seconds, Stopping threads took: 0.0007005 seconds
2016-06-27T20:30:50.710+0300: 352.982: [GC pause (G1 Evacuation Pause) (young)
Desired survivor size 6291456 bytes, new threshold 1 (max 15)
- age   1:   13408040 bytes,   13408040 total
, 0.0069759 secs]
   [Parallel Time: 6.3 ms, GC Workers: 4]
      [GC Worker Start (ms): Min: 352982.2, Avg: 352982.3, Max: 352982.3, Diff: 0.0]
      [Ext Root Scanning (ms): Min: 0.6, Avg: 0.7, Max: 0.7, Diff: 0.1, Sum: 2.7]
      [Update RS (ms): Min: 1.3, Avg: 1.3, Max: 1.4, Diff: 0.1, Sum: 5.4]
         [Processed Buffers: Min: 4, Avg: 18.5, Max: 32, Diff: 28, Sum: 74]
      [Scan RS (ms): Min: 0.0, Avg: 0.0, Max: 0.0, Diff: 0.0, Sum: 0.1]
      [Code Root Scanning (ms): Min: 0.0, Avg: 0.0, Max: 0.0, Diff: 0.0, Sum: 0.0]
      [Object Copy (ms): Min: 4.1, Avg: 4.2, Max: 4.2, Diff: 0.1, Sum: 16.7]
      [Termination (ms): Min: 0.0, Avg: 0.0, Max: 0.0, Diff: 0.0, Sum: 0.0]
         [Termination Attempts: Min: 1, Avg: 1.0, Max: 1, Diff: 0, Sum: 4]
      [GC Worker Other (ms): Min: 0.0, Avg: 0.0, Max: 0.0, Diff: 0.0, Sum: 0.1]
      [GC Worker Total (ms): Min: 6.2, Avg: 6.2, Max: 6.2, Diff: 0.0, Sum: 24.9]
      [GC Worker End (ms): Min: 352988.5, Avg: 352988.5, Max: 352988.5, Diff: 0.0]
   [Code Root Fixup: 0.0 ms]
   [Code Root Purge: 0.0 ms]
   [Clear CT: 0.0 ms]
   [Other: 0.6 ms]
      [Choose CSet: 0.0 ms]
      [Ref Proc: 0.1 ms]
      [Ref Enq: 0.0 ms]
      [Redirty Cards: 0.0 ms]
      [Humongous Register: 0.0 ms]
      [Humongous Reclaim: 0.0 ms]
      [Free CSet: 0.1 ms]
   [Eden: 82.0M(82.0M)->0.0B(42.0M) Survivors: 13.0M->12.0M Heap: 971.0M(1096.0M)->904.0M(1096.0M)]
 [Times: user=0.00 sys=0.00, real=0.01 secs] 
2016-06-27T20:30:50.717+0300: 352.989: Total time for which application threads were stopped: 0.0088413 seconds, Stopping threads took: 0.0010777 seconds
2016-06-27T20:30:50.933+0300: 353.205: Total time for which application threads were stopped: 0.0053008 seconds, Stopping threads took: 0.0042761 seconds
2016-06-27T20:30:51.085+0300: 353.358: [GC pause (G1 Evacuation Pause) (mixed)
Desired survivor size 3670016 bytes, new threshold 1 (max 15)
- age   1:   12109872 bytes,   12109872 total
, 0.0205817 secs]
   [Parallel Time: 19.2 ms, GC Workers: 4]
      [GC Worker Start (ms): Min: 353358.0, Avg: 353358.0, Max: 353358.0, Diff: 0.0]
      [Ext Root Scanning (ms): Min: 0.5, Avg: 0.5, Max: 0.6, Diff: 0.1, Sum: 2.1]
      [Update RS (ms): Min: 0.9, Avg: 1.0, Max: 1.1, Diff: 0.2, Sum: 4.0]
         [Processed Buffers: Min: 3, Avg: 10.5, Max: 26, Diff: 23, Sum: 42]
      [Scan RS (ms): Min: 3.4, Avg: 3.4, Max: 3.5, Diff: 0.1, Sum: 13.7]
      [Code Root Scanning (ms): Min: 0.0, Avg: 0.0, Max: 0.1, Diff: 0.1, Sum: 0.1]
      [Object Copy (ms): Min: 14.2, Avg: 14.2, Max: 14.2, Diff: 0.1, Sum: 56.8]
      [Termination (ms): Min: 0.0, Avg: 0.0, Max: 0.0, Diff: 0.0, Sum: 0.0]
         [Termination Attempts: Min: 1, Avg: 1.3, Max: 2, Diff: 1, Sum: 5]
      [GC Worker Other (ms): Min: 0.0, Avg: 0.0, Max: 0.0, Diff: 0.0, Sum: 0.1]
      [GC Worker Total (ms): Min: 19.2, Avg: 19.2, Max: 19.2, Diff: 0.0, Sum: 76.8]
      [GC Worker End (ms): Min: 353377.2, Avg: 353377.2, Max: 353377.2, Diff: 0.0]
   [Code Root Fixup: 0.1 ms]
   [Code Root Purge: 0.0 ms]
   [Clear CT: 0.2 ms]
   [Other: 1.1 ms]
      [Choose CSet: 0.2 ms]
      [Ref Proc: 0.1 ms]
      [Ref Enq: 0.0 ms]
      [Redirty Cards: 0.1 ms]
      [Humongous Register: 0.0 ms]
      [Humongous Reclaim: 0.0 ms]
      [Free CSet: 0.5 ms]
   [Eden: 42.0M(42.0M)->0.0B(47.0M) Survivors: 12.0M->7168.0K Heap: 946.0M(1096.0M)->867.0M(1096.0M)]
 [Times: user=0.06 sys=0.00, real=0.02 secs] 
2016-06-27T20:30:51.106+0300: 353.379: Total time for which application threads were stopped: 0.0246406 seconds, Stopping threads took: 0.0034024 seconds
2016-06-27T20:30:51.499+0300: 353.771: [GC pause (G1 Evacuation Pause) (mixed)
Desired survivor size 3670016 bytes, new threshold 1 (max 15)
- age   1:    6986408 bytes,    6986408 total
, 0.0211591 secs]
   [Parallel Time: 19.9 ms, GC Workers: 4]
      [GC Worker Start (ms): Min: 353771.4, Avg: 353771.4, Max: 353771.4, Diff: 0.0]
      [Ext Root Scanning (ms): Min: 0.5, Avg: 0.6, Max: 0.6, Diff: 0.1, Sum: 2.3]
      [Update RS (ms): Min: 9.5, Avg: 9.7, Max: 10.0, Diff: 0.5, Sum: 38.6]
         [Processed Buffers: Min: 13, Avg: 18.3, Max: 30, Diff: 17, Sum: 73]
      [Scan RS (ms): Min: 2.1, Avg: 2.5, Max: 2.6, Diff: 0.5, Sum: 9.9]
      [Code Root Scanning (ms): Min: 0.0, Avg: 0.0, Max: 0.1, Diff: 0.1, Sum: 0.1]
      [Object Copy (ms): Min: 7.1, Avg: 7.1, Max: 7.2, Diff: 0.1, Sum: 28.6]
      [Termination (ms): Min: 0.0, Avg: 0.0, Max: 0.0, Diff: 0.0, Sum: 0.0]
         [Termination Attempts: Min: 1, Avg: 1.0, Max: 1, Diff: 0, Sum: 4]
      [GC Worker Other (ms): Min: 0.0, Avg: 0.0, Max: 0.0, Diff: 0.0, Sum: 0.1]
      [GC Worker Total (ms): Min: 19.9, Avg: 19.9, Max: 19.9, Diff: 0.0, Sum: 79.5]
      [GC Worker End (ms): Min: 353791.3, Avg: 353791.3, Max: 353791.3, Diff: 0.0]
   [Code Root Fixup: 0.0 ms]
   [Code Root Purge: 0.0 ms]
   [Clear CT: 0.4 ms]
   [Other: 0.8 ms]
      [Choose CSet: 0.1 ms]
      [Ref Proc: 0.1 ms]
      [Ref Enq: 0.0 ms]
      [Redirty Cards: 0.0 ms]
      [Humongous Register: 0.0 ms]
      [Humongous Reclaim: 0.0 ms]
      [Free CSet: 0.3 ms]
   [Eden: 47.0M(47.0M)->0.0B(47.0M) Survivors: 7168.0K->7168.0K Heap: 914.0M(1096.0M)->860.0M(1096.0M)]
 [Times: user=0.08 sys=0.00, real=0.02 secs] 
2016-06-27T20:30:51.520+0300: 353.793: Total time for which application threads were stopped: 0.0237250 seconds, Stopping threads took: 0.0019441 seconds
2016-06-27T20:30:51.931+0300: 354.203: [GC pause (G1 Evacuation Pause) (young)
Desired survivor size 3670016 bytes, new threshold 1 (max 15)
- age   1:    7209152 bytes,    7209152 total
, 0.0108958 secs]
   [Parallel Time: 10.1 ms, GC Workers: 4]
      [GC Worker Start (ms): Min: 354202.9, Avg: 354202.9, Max: 354202.9, Diff: 0.0]
      [Ext Root Scanning (ms): Min: 0.6, Avg: 0.6, Max: 0.6, Diff: 0.0, Sum: 2.4]
      [Update RS (ms): Min: 7.2, Avg: 7.3, Max: 7.4, Diff: 0.2, Sum: 29.3]
         [Processed Buffers: Min: 8, Avg: 16.5, Max: 27, Diff: 19, Sum: 66]
      [Scan RS (ms): Min: 0.0, Avg: 0.0, Max: 0.0, Diff: 0.0, Sum: 0.0]
      [Code Root Scanning (ms): Min: 0.0, Avg: 0.0, Max: 0.0, Diff: 0.0, Sum: 0.0]
      [Object Copy (ms): Min: 2.1, Avg: 2.2, Max: 2.3, Diff: 0.2, Sum: 8.7]
      [Termination (ms): Min: 0.0, Avg: 0.0, Max: 0.0, Diff: 0.0, Sum: 0.0]
         [Termination Attempts: Min: 1, Avg: 1.0, Max: 1, Diff: 0, Sum: 4]
      [GC Worker Other (ms): Min: 0.0, Avg: 0.0, Max: 0.0, Diff: 0.0, Sum: 0.0]
      [GC Worker Total (ms): Min: 10.1, Avg: 10.1, Max: 10.1, Diff: 0.0, Sum: 40.4]
      [GC Worker End (ms): Min: 354213.0, Avg: 354213.0, Max: 354213.0, Diff: 0.0]
   [Code Root Fixup: 0.0 ms]
   [Code Root Purge: 0.0 ms]
   [Clear CT: 0.0 ms]
   [Other: 0.7 ms]
      [Choose CSet: 0.0 ms]
      [Ref Proc: 0.1 ms]
      [Ref Enq: 0.0 ms]
      [Redirty Cards: 0.0 ms]
      [Humongous Register: 0.0 ms]
      [Humongous Reclaim: 0.0 ms]
      [Free CSet: 0.1 ms]
   [Eden: 47.0M(47.0M)->0.0B(47.0M) Survivors: 7168.0K->7168.0K Heap: 907.0M(1096.0M)->868.0M(1096.0M)]
 [Times: user=0.00 sys=0.00, real=0.01 secs] 
2016-06-27T20:30:51.942+0300: 354.214: Total time for which application threads were stopped: 0.0142187 seconds, Stopping threads took: 0.0026784 seconds
2016-06-27T20:30:52.335+0300: 354.607: [GC pause (G1 Evacuation Pause) (young) (initial-mark)
Desired survivor size 3670016 bytes, new threshold 1 (max 15)
- age   1:    7230832 bytes,    7230832 total
, 0.0043557 secs]
   [Parallel Time: 3.6 ms, GC Workers: 4]
      [GC Worker Start (ms): Min: 354607.7, Avg: 354607.7, Max: 354607.7, Diff: 0.0]
      [Ext Root Scanning (ms): Min: 0.6, Avg: 0.6, Max: 0.8, Diff: 0.2, Sum: 2.5]
      [Update RS (ms): Min: 0.5, Avg: 0.6, Max: 0.8, Diff: 0.3, Sum: 2.4]
         [Processed Buffers: Min: 3, Avg: 10.3, Max: 16, Diff: 13, Sum: 41]
      [Scan RS (ms): Min: 0.0, Avg: 0.0, Max: 0.0, Diff: 0.0, Sum: 0.0]
      [Code Root Scanning (ms): Min: 0.0, Avg: 0.0, Max: 0.0, Diff: 0.0, Sum: 0.0]
      [Object Copy (ms): Min: 2.2, Avg: 2.3, Max: 2.4, Diff: 0.3, Sum: 9.4]
      [Termination (ms): Min: 0.0, Avg: 0.0, Max: 0.0, Diff: 0.0, Sum: 0.0]
         [Termination Attempts: Min: 1, Avg: 1.0, Max: 1, Diff: 0, Sum: 4]
      [GC Worker Other (ms): Min: 0.0, Avg: 0.0, Max: 0.0, Diff: 0.0, Sum: 0.1]
      [GC Worker Total (ms): Min: 3.6, Avg: 3.6, Max: 3.6, Diff: 0.0, Sum: 14.3]
      [GC Worker End (ms): Min: 354611.3, Avg: 354611.3, Max: 354611.3, Diff: 0.0]
   [Code Root Fixup: 0.0 ms]
   [Code Root Purge: 0.0 ms]
   [Clear CT: 0.0 ms]
   [Other: 0.7 ms]
      [Choose CSet: 0.0 ms]
      [Ref Proc: 0.1 ms]
      [Ref Enq: 0.0 ms]
      [Redirty Cards: 0.0 ms]
      [Humongous Register: 0.0 ms]
      [Humongous Reclaim: 0.0 ms]
      [Free CSet: 0.1 ms]
   [Eden: 47.0M(47.0M)->0.0B(92.0M) Survivors: 7168.0K->7168.0K Heap: 915.0M(1096.0M)->877.0M(1096.0M)]
 [Times: user=0.00 sys=0.00, real=0.00 secs] 
2016-06-27T20:30:52.340+0300: 354.612: [GC concurrent-root-region-scan-start]
2016-06-27T20:30:52.340+0300: 354.612: Total time for which application threads were stopped: 0.0069596 seconds, Stopping threads took: 0.0019317 seconds
2016-06-27T20:30:52.341+0300: 354.613: [GC concurrent-root-region-scan-end, 0.0008527 secs]
2016-06-27T20:30:52.341+0300: 354.613: [GC concurrent-mark-start]
2016-06-27T20:30:52.421+0300: 354.694: [GC concurrent-mark-end, 0.0805927 secs]
2016-06-27T20:30:52.437+0300: 354.709: [GC remark 2016-06-27T20:30:52.437+0300: 354.709: [Finalize Marking, 0.0002211 secs] 2016-06-27T20:30:52.437+0300: 354.709: [GC ref-proc, 0.0001056 secs] 2016-06-27T20:30:52.437+0300: 354.709: [Unloading, 0.0017855 secs], 0.0057485 secs]
 [Times: user=0.06 sys=0.00, real=0.00 secs] 
2016-06-27T20:30:52.442+0300: 354.715: Total time for which application threads were stopped: 0.0068698 seconds, Stopping threads took: 0.0006295 seconds
2016-06-27T20:30:52.443+0300: 354.716: [GC cleanup 891M->891M(1096M), 0.0020750 secs]
 [Times: user=0.00 sys=0.00, real=0.00 secs] 
2016-06-27T20:30:52.446+0300: 354.718: Total time for which application threads were stopped: 0.0026279 seconds, Stopping threads took: 0.0000505 seconds
2016-06-27T20:30:53.084+0300: 355.357: [GC pause (G1 Evacuation Pause) (young)
Desired survivor size 6815744 bytes, new threshold 1 (max 15)
- age   1:    7212416 bytes,    7212416 total
, 0.0056147 secs]
   [Parallel Time: 4.9 ms, GC Workers: 4]
      [GC Worker Start (ms): Min: 355356.8, Avg: 355356.9, Max: 355356.9, Diff: 0.0]
      [Ext Root Scanning (ms): Min: 0.5, Avg: 0.6, Max: 0.7, Diff: 0.1, Sum: 2.4]
      [Update RS (ms): Min: 0.7, Avg: 0.8, Max: 1.0, Diff: 0.2, Sum: 3.2]
         [Processed Buffers: Min: 3, Avg: 16.8, Max: 38, Diff: 35, Sum: 67]
      [Scan RS (ms): Min: 0.0, Avg: 0.0, Max: 0.0, Diff: 0.0, Sum: 0.1]
      [Code Root Scanning (ms): Min: 0.0, Avg: 0.0, Max: 0.0, Diff: 0.0, Sum: 0.0]
      [Object Copy (ms): Min: 3.4, Avg: 3.4, Max: 3.5, Diff: 0.1, Sum: 13.8]
      [Termination (ms): Min: 0.0, Avg: 0.0, Max: 0.0, Diff: 0.0, Sum: 0.0]
         [Termination Attempts: Min: 1, Avg: 1.0, Max: 1, Diff: 0, Sum: 4]
      [GC Worker Other (ms): Min: 0.0, Avg: 0.0, Max: 0.0, Diff: 0.0, Sum: 0.1]
      [GC Worker Total (ms): Min: 4.9, Avg: 4.9, Max: 4.9, Diff: 0.0, Sum: 19.6]
      [GC Worker End (ms): Min: 355361.7, Avg: 355361.7, Max: 355361.7, Diff: 0.0]
   [Code Root Fixup: 0.0 ms]
   [Code Root Purge: 0.0 ms]
   [Clear CT: 0.0 ms]
   [Other: 0.6 ms]
      [Choose CSet: 0.0 ms]
      [Ref Proc: 0.0 ms]
      [Ref Enq: 0.0 ms]
      [Redirty Cards: 0.1 ms]
      [Humongous Register: 0.0 ms]
      [Humongous Reclaim: 0.0 ms]
      [Free CSet: 0.1 ms]
   [Eden: 92.0M(92.0M)->0.0B(41.0M) Survivors: 7168.0K->13.0M Heap: 969.0M(1096.0M)->894.0M(1096.0M)]
 [Times: user=0.00 sys=0.00, real=0.01 secs] 
2016-06-27T20:30:53.090+0300: 355.363: Total time for which application threads were stopped: 0.0103001 seconds, Stopping threads took: 0.0039447 seconds
2016-06-27T20:30:53.444+0300: 355.716: [GC pause (G1 Evacuation Pause) (mixed)
Desired survivor size 3670016 bytes, new threshold 1 (max 15)
- age   1:   13391008 bytes,   13391008 total
, 0.0210816 secs]
   [Parallel Time: 19.7 ms, GC Workers: 4]
      [GC Worker Start (ms): Min: 355716.1, Avg: 355716.1, Max: 355716.1, Diff: 0.0]
      [Ext Root Scanning (ms): Min: 0.6, Avg: 0.6, Max: 0.7, Diff: 0.1, Sum: 2.6]
      [Update RS (ms): Min: 0.9, Avg: 1.0, Max: 1.1, Diff: 0.2, Sum: 3.9]
         [Processed Buffers: Min: 4, Avg: 9.5, Max: 19, Diff: 15, Sum: 38]
      [Scan RS (ms): Min: 3.1, Avg: 3.2, Max: 3.2, Diff: 0.1, Sum: 12.7]
      [Code Root Scanning (ms): Min: 0.0, Avg: 0.0, Max: 0.0, Diff: 0.0, Sum: 0.0]
      [Object Copy (ms): Min: 14.8, Avg: 14.8, Max: 14.8, Diff: 0.0, Sum: 59.2]
      [Termination (ms): Min: 0.0, Avg: 0.0, Max: 0.0, Diff: 0.0, Sum: 0.0]
         [Termination Attempts: Min: 1, Avg: 2.5, Max: 6, Diff: 5, Sum: 10]
      [GC Worker Other (ms): Min: 0.0, Avg: 0.0, Max: 0.0, Diff: 0.0, Sum: 0.1]
      [GC Worker Total (ms): Min: 19.6, Avg: 19.6, Max: 19.6, Diff: 0.0, Sum: 78.5]
      [GC Worker End (ms): Min: 355735.7, Avg: 355735.7, Max: 355735.7, Diff: 0.0]
   [Code Root Fixup: 0.0 ms]
   [Code Root Purge: 0.0 ms]
   [Clear CT: 0.2 ms]
   [Other: 1.2 ms]
      [Choose CSet: 0.2 ms]
      [Ref Proc: 0.0 ms]
      [Ref Enq: 0.0 ms]
      [Redirty Cards: 0.0 ms]
      [Humongous Register: 0.0 ms]
      [Humongous Reclaim: 0.0 ms]
      [Free CSet: 0.5 ms]
   [Eden: 41.0M(41.0M)->0.0B(47.0M) Survivors: 13.0M->7168.0K Heap: 935.0M(1096.0M)->864.5M(1096.0M)]
 [Times: user=0.06 sys=0.00, real=0.02 secs] 
2016-06-27T20:30:53.465+0300: 355.737: Total time for which application threads were stopped: 0.0227799 seconds, Stopping threads took: 0.0009443 seconds
2016-06-27T20:30:53.868+0300: 356.140: [GC pause (G1 Evacuation Pause) (mixed)
Desired survivor size 3670016 bytes, new threshold 1 (max 15)
- age   1:    6779960 bytes,    6779960 total
, 0.0187958 secs]
   [Parallel Time: 17.8 ms, GC Workers: 4]
      [GC Worker Start (ms): Min: 356140.4, Avg: 356140.5, Max: 356140.5, Diff: 0.0]
      [Ext Root Scanning (ms): Min: 0.6, Avg: 0.6, Max: 0.6, Diff: 0.0, Sum: 2.5]
      [Update RS (ms): Min: 9.1, Avg: 9.3, Max: 9.6, Diff: 0.5, Sum: 37.2]
         [Processed Buffers: Min: 11, Avg: 19.5, Max: 38, Diff: 27, Sum: 78]
      [Scan RS (ms): Min: 1.7, Avg: 1.9, Max: 2.1, Diff: 0.4, Sum: 7.7]
      [Code Root Scanning (ms): Min: 0.0, Avg: 0.0, Max: 0.1, Diff: 0.1, Sum: 0.1]
      [Object Copy (ms): Min: 5.8, Avg: 5.9, Max: 5.9, Diff: 0.1, Sum: 23.5]
      [Termination (ms): Min: 0.0, Avg: 0.0, Max: 0.0, Diff: 0.0, Sum: 0.0]
         [Termination Attempts: Min: 1, Avg: 3.5, Max: 6, Diff: 5, Sum: 14]
      [GC Worker Other (ms): Min: 0.0, Avg: 0.0, Max: 0.0, Diff: 0.0, Sum: 0.1]
      [GC Worker Total (ms): Min: 17.7, Avg: 17.8, Max: 17.8, Diff: 0.0, Sum: 71.0]
      [GC Worker End (ms): Min: 356158.2, Avg: 356158.2, Max: 356158.2, Diff: 0.0]
   [Code Root Fixup: 0.0 ms]
   [Code Root Purge: 0.0 ms]
   [Clear CT: 0.2 ms]
   [Other: 0.7 ms]
      [Choose CSet: 0.1 ms]
      [Ref Proc: 0.1 ms]
      [Ref Enq: 0.0 ms]
      [Redirty Cards: 0.0 ms]
      [Humongous Register: 0.0 ms]
      [Humongous Reclaim: 0.0 ms]
      [Free CSet: 0.2 ms]
   [Eden: 47.0M(47.0M)->0.0B(47.0M) Survivors: 7168.0K->7168.0K Heap: 911.5M(1096.0M)->863.5M(1096.0M)]
 [Times: user=0.06 sys=0.00, real=0.02 secs] 
2016-06-27T20:30:53.887+0300: 356.159: Total time for which application threads were stopped: 0.0207682 seconds, Stopping threads took: 0.0011914 seconds
2016-06-27T20:30:54.257+0300: 356.529: [GC pause (G1 Evacuation Pause) (young)
Desired survivor size 3670016 bytes, new threshold 1 (max 15)
- age   1:    7208704 bytes,    7208704 total
, 0.0097954 secs]
   [Parallel Time: 9.1 ms, GC Workers: 4]
      [GC Worker Start (ms): Min: 356529.0, Avg: 356529.0, Max: 356529.0, Diff: 0.0]
      [Ext Root Scanning (ms): Min: 0.5, Avg: 0.6, Max: 0.6, Diff: 0.1, Sum: 2.2]
      [Update RS (ms): Min: 6.2, Avg: 6.2, Max: 6.2, Diff: 0.1, Sum: 24.7]
         [Processed Buffers: Min: 6, Avg: 13.8, Max: 19, Diff: 13, Sum: 55]
      [Scan RS (ms): Min: 0.0, Avg: 0.0, Max: 0.0, Diff: 0.0, Sum: 0.0]
      [Code Root Scanning (ms): Min: 0.0, Avg: 0.0, Max: 0.0, Diff: 0.0, Sum: 0.0]
      [Object Copy (ms): Min: 2.3, Avg: 2.3, Max: 2.3, Diff: 0.0, Sum: 9.3]
      [Termination (ms): Min: 0.0, Avg: 0.0, Max: 0.0, Diff: 0.0, Sum: 0.0]
         [Termination Attempts: Min: 1, Avg: 1.0, Max: 1, Diff: 0, Sum: 4]
      [GC Worker Other (ms): Min: 0.0, Avg: 0.0, Max: 0.0, Diff: 0.0, Sum: 0.1]
      [GC Worker Total (ms): Min: 9.1, Avg: 9.1, Max: 9.1, Diff: 0.0, Sum: 36.3]
      [GC Worker End (ms): Min: 356538.1, Avg: 356538.1, Max: 356538.1, Diff: 0.0]
   [Code Root Fixup: 0.0 ms]
   [Code Root Purge: 0.0 ms]
   [Clear CT: 0.0 ms]
   [Other: 0.6 ms]
      [Choose CSet: 0.0 ms]
      [Ref Proc: 0.0 ms]
      [Ref Enq: 0.0 ms]
      [Redirty Cards: 0.0 ms]
      [Humongous Register: 0.0 ms]
      [Humongous Reclaim: 0.0 ms]
      [Free CSet: 0.1 ms]
   [Eden: 47.0M(47.0M)->0.0B(96.0M) Survivors: 7168.0K->7168.0K Heap: 910.5M(1096.0M)->872.5M(1096.0M)]
 [Times: user=0.00 sys=0.00, real=0.01 secs] 
2016-06-27T20:30:54.267+0300: 356.539: Total time for which application threads were stopped: 0.0146600 seconds, Stopping threads took: 0.0040563 seconds
2016-06-27T20:30:54.937+0300: 357.209: Total time for which application threads were stopped: 0.0087194 seconds, Stopping threads took: 0.0072680 seconds
2016-06-27T20:30:55.086+0300: 357.358: [GC pause (G1 Evacuation Pause) (young) (initial-mark)
Desired survivor size 6815744 bytes, new threshold 1 (max 15)
- age   1:    7061016 bytes,    7061016 total
, 0.0061283 secs]
   [Parallel Time: 5.4 ms, GC Workers: 4]
      [GC Worker Start (ms): Min: 357358.4, Avg: 357358.4, Max: 357358.4, Diff: 0.0]
      [Ext Root Scanning (ms): Min: 0.6, Avg: 0.6, Max: 0.7, Diff: 0.1, Sum: 2.6]
      [Update RS (ms): Min: 0.9, Avg: 1.0, Max: 1.2, Diff: 0.3, Sum: 4.1]
         [Processed Buffers: Min: 6, Avg: 23.0, Max: 36, Diff: 30, Sum: 92]
      [Scan RS (ms): Min: 0.0, Avg: 0.0, Max: 0.0, Diff: 0.0, Sum: 0.1]
      [Code Root Scanning (ms): Min: 0.0, Avg: 0.0, Max: 0.0, Diff: 0.0, Sum: 0.0]
      [Object Copy (ms): Min: 3.4, Avg: 3.6, Max: 3.8, Diff: 0.3, Sum: 14.6]
      [Termination (ms): Min: 0.0, Avg: 0.0, Max: 0.0, Diff: 0.0, Sum: 0.0]
         [Termination Attempts: Min: 1, Avg: 1.0, Max: 1, Diff: 0, Sum: 4]
      [GC Worker Other (ms): Min: 0.0, Avg: 0.0, Max: 0.0, Diff: 0.0, Sum: 0.1]
      [GC Worker Total (ms): Min: 5.3, Avg: 5.3, Max: 5.4, Diff: 0.0, Sum: 21.4]
      [GC Worker End (ms): Min: 357363.8, Avg: 357363.8, Max: 357363.8, Diff: 0.0]
   [Code Root Fixup: 0.0 ms]
   [Code Root Purge: 0.0 ms]
   [Clear CT: 0.0 ms]
   [Other: 0.7 ms]
      [Choose CSet: 0.0 ms]
      [Ref Proc: 0.0 ms]
      [Ref Enq: 0.0 ms]
      [Redirty Cards: 0.0 ms]
      [Humongous Register: 0.0 ms]
      [Humongous Reclaim: 0.0 ms]
      [Free CSet: 0.1 ms]
   [Eden: 96.0M(96.0M)->0.0B(81.0M) Survivors: 7168.0K->13.0M Heap: 968.5M(1096.0M)->890.0M(1096.0M)]
 [Times: user=0.00 sys=0.00, real=0.01 secs] 
2016-06-27T20:30:55.092+0300: 357.364: [GC concurrent-root-region-scan-start]
2016-06-27T20:30:55.092+0300: 357.365: Total time for which application threads were stopped: 0.0098352 seconds, Stopping threads took: 0.0028790 seconds
2016-06-27T20:30:55.093+0300: 357.366: [GC concurrent-root-region-scan-end, 0.0011491 secs]
2016-06-27T20:30:55.093+0300: 357.366: [GC concurrent-mark-start]
2016-06-27T20:30:55.181+0300: 357.453: [GC concurrent-mark-end, 0.0870084 secs]
2016-06-27T20:30:55.193+0300: 357.465: [GC remark 2016-06-27T20:30:55.193+0300: 357.465: [Finalize Marking, 0.0002703 secs] 2016-06-27T20:30:55.193+0300: 357.465: [GC ref-proc, 0.0001095 secs] 2016-06-27T20:30:55.193+0300: 357.465: [Unloading, 0.0019856 secs], 0.0060107 secs]
 [Times: user=0.00 sys=0.00, real=0.01 secs] 
2016-06-27T20:30:55.199+0300: 357.471: Total time for which application threads were stopped: 0.0087002 seconds, Stopping threads took: 0.0020647 seconds
2016-06-27T20:30:55.199+0300: 357.472: [GC cleanup 905M->905M(1096M), 0.0021434 secs]
 [Times: user=0.00 sys=0.00, real=0.00 secs] 
2016-06-27T20:30:55.202+0300: 357.474: Total time for which application threads were stopped: 0.0028644 seconds, Stopping threads took: 0.0000723 seconds
2016-06-27T20:30:55.758+0300: 358.031: [GC pause (G1 Evacuation Pause) (young)
Desired survivor size 6291456 bytes, new threshold 1 (max 15)
- age   1:   13392848 bytes,   13392848 total
, 0.0066239 secs]
   [Parallel Time: 6.0 ms, GC Workers: 4]
      [GC Worker Start (ms): Min: 358030.8, Avg: 358030.8, Max: 358030.8, Diff: 0.0]
      [Ext Root Scanning (ms): Min: 0.6, Avg: 0.6, Max: 0.7, Diff: 0.1, Sum: 2.4]
      [Update RS (ms): Min: 1.2, Avg: 1.2, Max: 1.2, Diff: 0.0, Sum: 4.8]
         [Processed Buffers: Min: 9, Avg: 16.5, Max: 22, Diff: 13, Sum: 66]
      [Scan RS (ms): Min: 0.0, Avg: 0.0, Max: 0.0, Diff: 0.0, Sum: 0.1]
      [Code Root Scanning (ms): Min: 0.0, Avg: 0.0, Max: 0.0, Diff: 0.0, Sum: 0.0]
      [Object Copy (ms): Min: 4.1, Avg: 4.1, Max: 4.2, Diff: 0.1, Sum: 16.6]
      [Termination (ms): Min: 0.0, Avg: 0.0, Max: 0.0, Diff: 0.0, Sum: 0.0]
         [Termination Attempts: Min: 1, Avg: 1.0, Max: 1, Diff: 0, Sum: 4]
      [GC Worker Other (ms): Min: 0.0, Avg: 0.0, Max: 0.0, Diff: 0.0, Sum: 0.1]
      [GC Worker Total (ms): Min: 6.0, Avg: 6.0, Max: 6.0, Diff: 0.0, Sum: 24.0]
      [GC Worker End (ms): Min: 358036.8, Avg: 358036.8, Max: 358036.8, Diff: 0.0]
   [Code Root Fixup: 0.0 ms]
   [Code Root Purge: 0.0 ms]
   [Clear CT: 0.0 ms]
   [Other: 0.5 ms]
      [Choose CSet: 0.0 ms]
      [Ref Proc: 0.0 ms]
      [Ref Enq: 0.0 ms]
      [Redirty Cards: 0.0 ms]
      [Humongous Register: 0.0 ms]
      [Humongous Reclaim: 0.0 ms]
      [Free CSet: 0.1 ms]
   [Eden: 81.0M(81.0M)->0.0B(42.0M) Survivors: 13.0M->12.0M Heap: 971.0M(1096.0M)->904.5M(1096.0M)]
 [Times: user=0.00 sys=0.00, real=0.01 secs] 
2016-06-27T20:30:55.765+0300: 358.037: Total time for which application threads were stopped: 0.0103749 seconds, Stopping threads took: 0.0029683 seconds
2016-06-27T20:30:55.932+0300: 358.205: Total time for which application threads were stopped: 0.0039887 seconds, Stopping threads took: 0.0029636 seconds
2016-06-27T20:30:56.122+0300: 358.394: [GC pause (G1 Evacuation Pause) (mixed)
Desired survivor size 3670016 bytes, new threshold 1 (max 15)
- age   1:   12357424 bytes,   12357424 total
, 0.0204598 secs]
   [Parallel Time: 19.1 ms, GC Workers: 4]
      [GC Worker Start (ms): Min: 358394.4, Avg: 358394.4, Max: 358394.5, Diff: 0.0]
      [Ext Root Scanning (ms): Min: 0.5, Avg: 0.6, Max: 0.7, Diff: 0.2, Sum: 2.2]
      [Update RS (ms): Min: 1.0, Avg: 1.1, Max: 1.1, Diff: 0.1, Sum: 4.3]
         [Processed Buffers: Min: 2, Avg: 11.8, Max: 19, Diff: 17, Sum: 47]
      [Scan RS (ms): Min: 3.1, Avg: 3.1, Max: 3.2, Diff: 0.2, Sum: 12.5]
      [Code Root Scanning (ms): Min: 0.0, Avg: 0.0, Max: 0.1, Diff: 0.1, Sum: 0.2]
      [Object Copy (ms): Min: 14.2, Avg: 14.2, Max: 14.3, Diff: 0.1, Sum: 56.9]
      [Termination (ms): Min: 0.0, Avg: 0.0, Max: 0.0, Diff: 0.0, Sum: 0.0]
         [Termination Attempts: Min: 1, Avg: 1.3, Max: 2, Diff: 1, Sum: 5]
      [GC Worker Other (ms): Min: 0.0, Avg: 0.0, Max: 0.0, Diff: 0.0, Sum: 0.1]
      [GC Worker Total (ms): Min: 19.0, Avg: 19.0, Max: 19.0, Diff: 0.0, Sum: 76.1]
      [GC Worker End (ms): Min: 358413.5, Avg: 358413.5, Max: 358413.5, Diff: 0.0]
   [Code Root Fixup: 0.1 ms]
   [Code Root Purge: 0.0 ms]
   [Clear CT: 0.2 ms]
   [Other: 1.1 ms]
      [Choose CSet: 0.2 ms]
      [Ref Proc: 0.1 ms]
      [Ref Enq: 0.0 ms]
      [Redirty Cards: 0.1 ms]
      [Humongous Register: 0.0 ms]
      [Humongous Reclaim: 0.0 ms]
      [Free CSet: 0.5 ms]
   [Eden: 42.0M(42.0M)->0.0B(47.0M) Survivors: 12.0M->7168.0K Heap: 946.5M(1096.0M)->870.5M(1096.0M)]
 [Times: user=0.06 sys=0.00, real=0.02 secs] 
2016-06-27T20:30:56.143+0300: 358.415: Total time for which application threads were stopped: 0.0237181 seconds, Stopping threads took: 0.0026463 seconds
2016-06-27T20:30:56.484+0300: 358.756: [GC pause (G1 Evacuation Pause) (mixed)
Desired survivor size 3670016 bytes, new threshold 1 (max 15)
- age   1:    6961912 bytes,    6961912 total
, 0.0215923 secs]
   [Parallel Time: 20.5 ms, GC Workers: 4]
      [GC Worker Start (ms): Min: 358756.0, Avg: 358756.0, Max: 358756.1, Diff: 0.0]
      [Ext Root Scanning (ms): Min: 0.4, Avg: 0.5, Max: 0.6, Diff: 0.2, Sum: 2.0]
      [Update RS (ms): Min: 9.7, Avg: 9.8, Max: 10.1, Diff: 0.4, Sum: 39.1]
         [Processed Buffers: Min: 12, Avg: 16.8, Max: 27, Diff: 15, Sum: 67]
      [Scan RS (ms): Min: 2.3, Avg: 2.5, Max: 2.6, Diff: 0.3, Sum: 10.0]
      [Code Root Scanning (ms): Min: 0.0, Avg: 0.1, Max: 0.2, Diff: 0.2, Sum: 0.3]
      [Object Copy (ms): Min: 7.5, Avg: 7.6, Max: 7.6, Diff: 0.2, Sum: 30.3]
      [Termination (ms): Min: 0.0, Avg: 0.0, Max: 0.0, Diff: 0.0, Sum: 0.0]
         [Termination Attempts: Min: 1, Avg: 1.0, Max: 1, Diff: 0, Sum: 4]
      [GC Worker Other (ms): Min: 0.0, Avg: 0.0, Max: 0.0, Diff: 0.0, Sum: 0.1]
      [GC Worker Total (ms): Min: 20.4, Avg: 20.4, Max: 20.4, Diff: 0.0, Sum: 81.7]
      [GC Worker End (ms): Min: 358776.5, Avg: 358776.5, Max: 358776.5, Diff: 0.0]
   [Code Root Fixup: 0.1 ms]
   [Code Root Purge: 0.0 ms]
   [Clear CT: 0.2 ms]
   [Other: 0.8 ms]
      [Choose CSet: 0.1 ms]
      [Ref Proc: 0.0 ms]
      [Ref Enq: 0.0 ms]
      [Redirty Cards: 0.0 ms]
      [Humongous Register: 0.0 ms]
      [Humongous Reclaim: 0.0 ms]
      [Free CSet: 0.3 ms]
   [Eden: 47.0M(47.0M)->0.0B(47.0M) Survivors: 7168.0K->7168.0K Heap: 917.5M(1096.0M)->864.5M(1096.0M)]
 [Times: user=0.13 sys=0.00, real=0.02 secs] 
2016-06-27T20:30:56.505+0300: 358.778: Total time for which application threads were stopped: 0.0245409 seconds, Stopping threads took: 0.0023461 seconds
2016-06-27T20:30:56.921+0300: 359.193: [GC pause (G1 Evacuation Pause) (young)
Desired survivor size 3670016 bytes, new threshold 1 (max 15)
- age   1:    7215232 bytes,    7215232 total
, 0.0108620 secs]
   [Parallel Time: 10.2 ms, GC Workers: 4]
      [GC Worker Start (ms): Min: 359193.7, Avg: 359193.7, Max: 359193.7, Diff: 0.0]
      [Ext Root Scanning (ms): Min: 0.5, Avg: 0.6, Max: 0.7, Diff: 0.1, Sum: 2.3]
      [Update RS (ms): Min: 7.1, Avg: 7.4, Max: 8.0, Diff: 0.9, Sum: 29.7]
         [Processed Buffers: Min: 7, Avg: 15.5, Max: 25, Diff: 18, Sum: 62]
      [Scan RS (ms): Min: 0.0, Avg: 0.0, Max: 0.0, Diff: 0.0, Sum: 0.0]
      [Code Root Scanning (ms): Min: 0.0, Avg: 0.0, Max: 0.0, Diff: 0.0, Sum: 0.0]
      [Object Copy (ms): Min: 1.5, Avg: 2.1, Max: 2.3, Diff: 0.8, Sum: 8.2]
      [Termination (ms): Min: 0.0, Avg: 0.0, Max: 0.0, Diff: 0.0, Sum: 0.0]
         [Termination Attempts: Min: 1, Avg: 1.0, Max: 1, Diff: 0, Sum: 4]
      [GC Worker Other (ms): Min: 0.0, Avg: 0.0, Max: 0.0, Diff: 0.0, Sum: 0.1]
      [GC Worker Total (ms): Min: 10.1, Avg: 10.1, Max: 10.1, Diff: 0.0, Sum: 40.3]
      [GC Worker End (ms): Min: 359203.7, Avg: 359203.8, Max: 359203.8, Diff: 0.0]
   [Code Root Fixup: 0.0 ms]
   [Code Root Purge: 0.0 ms]
   [Clear CT: 0.0 ms]
   [Other: 0.6 ms]
      [Choose CSet: 0.0 ms]
      [Ref Proc: 0.1 ms]
      [Ref Enq: 0.0 ms]
      [Redirty Cards: 0.0 ms]
      [Humongous Register: 0.0 ms]
      [Humongous Reclaim: 0.0 ms]
      [Free CSet: 0.1 ms]
   [Eden: 47.0M(47.0M)->0.0B(95.0M) Survivors: 7168.0K->7168.0K Heap: 911.5M(1096.0M)->873.5M(1096.0M)]
 [Times: user=0.06 sys=0.00, real=0.01 secs] 
2016-06-27T20:30:56.933+0300: 359.204: Total time for which application threads were stopped: 0.0169954 seconds, Stopping threads took: 0.0055073 seconds
2016-06-27T20:30:57.736+0300: 360.008: [GC pause (G1 Evacuation Pause) (young) (initial-mark)
Desired survivor size 6815744 bytes, new threshold 1 (max 15)
- age   1:    7198080 bytes,    7198080 total
, 0.0057998 secs]
   [Parallel Time: 5.1 ms, GC Workers: 4]
      [GC Worker Start (ms): Min: 360008.1, Avg: 360008.1, Max: 360008.1, Diff: 0.0]
      [Ext Root Scanning (ms): Min: 0.5, Avg: 0.6, Max: 0.6, Diff: 0.1, Sum: 2.4]
      [Update RS (ms): Min: 0.8, Avg: 0.8, Max: 0.9, Diff: 0.1, Sum: 3.3]
         [Processed Buffers: Min: 7, Avg: 15.3, Max: 25, Diff: 18, Sum: 61]
      [Scan RS (ms): Min: 0.0, Avg: 0.0, Max: 0.0, Diff: 0.0, Sum: 0.1]
      [Code Root Scanning (ms): Min: 0.0, Avg: 0.0, Max: 0.0, Diff: 0.0, Sum: 0.0]
      [Object Copy (ms): Min: 3.5, Avg: 3.6, Max: 3.6, Diff: 0.1, Sum: 14.3]
      [Termination (ms): Min: 0.0, Avg: 0.0, Max: 0.0, Diff: 0.0, Sum: 0.0]
         [Termination Attempts: Min: 1, Avg: 1.0, Max: 1, Diff: 0, Sum: 4]
      [GC Worker Other (ms): Min: 0.0, Avg: 0.0, Max: 0.0, Diff: 0.0, Sum: 0.1]
      [GC Worker Total (ms): Min: 5.0, Avg: 5.0, Max: 5.1, Diff: 0.0, Sum: 20.2]
      [GC Worker End (ms): Min: 360013.2, Avg: 360013.2, Max: 360013.2, Diff: 0.0]
   [Code Root Fixup: 0.0 ms]
   [Code Root Purge: 0.0 ms]
   [Clear CT: 0.0 ms]
   [Other: 0.7 ms]
      [Choose CSet: 0.0 ms]
      [Ref Proc: 0.0 ms]
      [Ref Enq: 0.0 ms]
      [Redirty Cards: 0.0 ms]
      [Humongous Register: 0.0 ms]
      [Humongous Reclaim: 0.0 ms]
      [Free CSet: 0.1 ms]
   [Eden: 95.0M(95.0M)->0.0B(80.0M) Survivors: 7168.0K->13.0M Heap: 968.5M(1096.0M)->890.5M(1096.0M)]
 [Times: user=0.06 sys=0.00, real=0.01 secs] 
2016-06-27T20:30:57.742+0300: 360.014: [GC concurrent-root-region-scan-start]
2016-06-27T20:30:57.742+0300: 360.014: Total time for which application threads were stopped: 0.0109257 seconds, Stopping threads took: 0.0044164 seconds
2016-06-27T20:30:57.743+0300: 360.015: [GC concurrent-root-region-scan-end, 0.0010580 secs]
2016-06-27T20:30:57.743+0300: 360.015: [GC concurrent-mark-start]
2016-06-27T20:30:57.829+0300: 360.101: [GC concurrent-mark-end, 0.0849565 secs]
2016-06-27T20:30:57.854+0300: 360.126: [GC remark 2016-06-27T20:30:57.854+0300: 360.126: [Finalize Marking, 0.0003045 secs] 2016-06-27T20:30:57.855+0300: 360.127: [GC ref-proc, 0.0000988 secs] 2016-06-27T20:30:57.855+0300: 360.127: [Unloading, 0.0018706 secs], 0.0059453 secs]
 [Times: user=0.00 sys=0.00, real=0.01 secs] 
2016-06-27T20:30:57.860+0300: 360.132: Total time for which application threads were stopped: 0.0116895 seconds, Stopping threads took: 0.0051994 seconds
2016-06-27T20:30:57.963+0300: 360.235: [GC cleanup 918M->918M(1096M), 0.0021267 secs]
 [Times: user=0.00 sys=0.00, real=0.00 secs] 
2016-06-27T20:30:57.965+0300: 360.238: Total time for which application threads were stopped: 0.0073612 seconds, Stopping threads took: 0.0046636 seconds
2016-06-27T20:30:58.412+0300: 360.684: [GC pause (G1 Evacuation Pause) (young)
Desired survivor size 6291456 bytes, new threshold 1 (max 15)
- age   1:   13406752 bytes,   13406752 total
, 0.0064657 secs]
   [Parallel Time: 5.8 ms, GC Workers: 4]
      [GC Worker Start (ms): Min: 360684.5, Avg: 360684.5, Max: 360684.5, Diff: 0.0]
      [Ext Root Scanning (ms): Min: 0.6, Avg: 0.7, Max: 0.9, Diff: 0.3, Sum: 2.7]
      [Update RS (ms): Min: 0.9, Avg: 1.0, Max: 1.1, Diff: 0.2, Sum: 4.1]
         [Processed Buffers: Min: 10, Avg: 14.3, Max: 18, Diff: 8, Sum: 57]
      [Scan RS (ms): Min: 0.0, Avg: 0.0, Max: 0.0, Diff: 0.0, Sum: 0.1]
      [Code Root Scanning (ms): Min: 0.0, Avg: 0.0, Max: 0.0, Diff: 0.0, Sum: 0.0]
      [Object Copy (ms): Min: 4.0, Avg: 4.1, Max: 4.1, Diff: 0.1, Sum: 16.3]
      [Termination (ms): Min: 0.0, Avg: 0.0, Max: 0.0, Diff: 0.0, Sum: 0.0]
         [Termination Attempts: Min: 1, Avg: 1.0, Max: 1, Diff: 0, Sum: 4]
      [GC Worker Other (ms): Min: 0.0, Avg: 0.0, Max: 0.0, Diff: 0.0, Sum: 0.0]
      [GC Worker Total (ms): Min: 5.8, Avg: 5.8, Max: 5.8, Diff: 0.0, Sum: 23.2]
      [GC Worker End (ms): Min: 360690.3, Avg: 360690.3, Max: 360690.3, Diff: 0.0]
   [Code Root Fixup: 0.0 ms]
   [Code Root Purge: 0.0 ms]
   [Clear CT: 0.0 ms]
   [Other: 0.5 ms]
      [Choose CSet: 0.0 ms]
      [Ref Proc: 0.0 ms]
      [Ref Enq: 0.0 ms]
      [Redirty Cards: 0.0 ms]
      [Humongous Register: 0.0 ms]
      [Humongous Reclaim: 0.0 ms]
      [Free CSet: 0.1 ms]
   [Eden: 80.0M(80.0M)->0.0B(42.0M) Survivors: 13.0M->12.0M Heap: 970.5M(1096.0M)->905.5M(1096.0M)]
 [Times: user=0.00 sys=0.00, real=0.01 secs] 
2016-06-27T20:30:58.419+0300: 360.691: Total time for which application threads were stopped: 0.0166306 seconds, Stopping threads took: 0.0093900 seconds
2016-06-27T20:30:58.784+0300: 361.057: [GC pause (G1 Evacuation Pause) (mixed)
Desired survivor size 3670016 bytes, new threshold 1 (max 15)
- age   1:   12378136 bytes,   12378136 total
, 0.0210380 secs]
   [Parallel Time: 19.6 ms, GC Workers: 4]
      [GC Worker Start (ms): Min: 361057.1, Avg: 361057.1, Max: 361057.2, Diff: 0.0]
      [Ext Root Scanning (ms): Min: 0.6, Avg: 0.6, Max: 0.6, Diff: 0.0, Sum: 2.5]
      [Update RS (ms): Min: 1.0, Avg: 1.1, Max: 1.2, Diff: 0.1, Sum: 4.4]
         [Processed Buffers: Min: 4, Avg: 11.3, Max: 23, Diff: 19, Sum: 45]
      [Scan RS (ms): Min: 3.0, Avg: 3.1, Max: 3.2, Diff: 0.1, Sum: 12.3]
      [Code Root Scanning (ms): Min: 0.0, Avg: 0.1, Max: 0.2, Diff: 0.2, Sum: 0.2]
      [Object Copy (ms): Min: 14.6, Avg: 14.6, Max: 14.6, Diff: 0.0, Sum: 58.5]
      [Termination (ms): Min: 0.0, Avg: 0.0, Max: 0.0, Diff: 0.0, Sum: 0.0]
         [Termination Attempts: Min: 1, Avg: 1.0, Max: 1, Diff: 0, Sum: 4]
      [GC Worker Other (ms): Min: 0.0, Avg: 0.0, Max: 0.0, Diff: 0.0, Sum: 0.1]
      [GC Worker Total (ms): Min: 19.5, Avg: 19.5, Max: 19.5, Diff: 0.0, Sum: 78.0]
      [GC Worker End (ms): Min: 361076.6, Avg: 361076.7, Max: 361076.7, Diff: 0.0]
   [Code Root Fixup: 0.1 ms]
   [Code Root Purge: 0.0 ms]
   [Clear CT: 0.3 ms]
   [Other: 1.2 ms]
      [Choose CSet: 0.2 ms]
      [Ref Proc: 0.1 ms]
      [Ref Enq: 0.0 ms]
      [Redirty Cards: 0.1 ms]
      [Humongous Register: 0.0 ms]
      [Humongous Reclaim: 0.0 ms]
      [Free CSet: 0.5 ms]
   [Eden: 42.0M(42.0M)->0.0B(47.0M) Survivors: 12.0M->7168.0K Heap: 947.5M(1096.0M)->875.0M(1096.0M)]
 [Times: user=0.13 sys=0.00, real=0.02 secs] 
2016-06-27T20:30:58.806+0300: 361.078: Total time for which application threads were stopped: 0.0316918 seconds, Stopping threads took: 0.0098818 seconds
2016-06-27T20:30:59.206+0300: 361.478: [GC pause (G1 Evacuation Pause) (mixed)
Desired survivor size 3670016 bytes, new threshold 1 (max 15)
- age   1:    6548848 bytes,    6548848 total
, 0.0236608 secs]
   [Parallel Time: 22.5 ms, GC Workers: 4]
      [GC Worker Start (ms): Min: 361478.6, Avg: 361478.6, Max: 361478.6, Diff: 0.0]
      [Ext Root Scanning (ms): Min: 0.6, Avg: 0.6, Max: 0.6, Diff: 0.1, Sum: 2.3]
      [Update RS (ms): Min: 9.2, Avg: 9.3, Max: 9.4, Diff: 0.3, Sum: 37.1]
         [Processed Buffers: Min: 13, Avg: 19.0, Max: 26, Diff: 13, Sum: 76]
      [Scan RS (ms): Min: 2.6, Avg: 2.7, Max: 2.8, Diff: 0.2, Sum: 10.9]
      [Code Root Scanning (ms): Min: 0.0, Avg: 0.0, Max: 0.1, Diff: 0.1, Sum: 0.1]
      [Object Copy (ms): Min: 9.8, Avg: 9.8, Max: 9.9, Diff: 0.0, Sum: 39.4]
      [Termination (ms): Min: 0.0, Avg: 0.0, Max: 0.0, Diff: 0.0, Sum: 0.0]
         [Termination Attempts: Min: 1, Avg: 1.0, Max: 1, Diff: 0, Sum: 4]
      [GC Worker Other (ms): Min: 0.0, Avg: 0.0, Max: 0.0, Diff: 0.0, Sum: 0.0]
      [GC Worker Total (ms): Min: 22.5, Avg: 22.5, Max: 22.5, Diff: 0.0, Sum: 89.9]
      [GC Worker End (ms): Min: 361501.0, Avg: 361501.0, Max: 361501.0, Diff: 0.0]
   [Code Root Fixup: 0.0 ms]
   [Code Root Purge: 0.0 ms]
   [Clear CT: 0.2 ms]
   [Other: 0.9 ms]
      [Choose CSet: 0.1 ms]
      [Ref Proc: 0.0 ms]
      [Ref Enq: 0.0 ms]
      [Redirty Cards: 0.0 ms]
      [Humongous Register: 0.0 ms]
      [Humongous Reclaim: 0.0 ms]
      [Free CSet: 0.3 ms]
   [Eden: 47.0M(47.0M)->0.0B(47.0M) Survivors: 7168.0K->7168.0K Heap: 922.0M(1096.0M)->867.5M(1096.0M)]
 [Times: user=0.13 sys=0.00, real=0.02 secs] 
2016-06-27T20:30:59.230+0300: 361.502: Total time for which application threads were stopped: 0.0299653 seconds, Stopping threads took: 0.0055065 seconds
2016-06-27T20:30:59.523+0300: 361.795: Total time for which application threads were stopped: 0.0042098 seconds, Stopping threads took: 0.0036543 seconds
2016-06-27T20:30:59.638+0300: 361.910: [GC pause (G1 Evacuation Pause) (young)
Desired survivor size 3670016 bytes, new threshold 1 (max 15)
- age   1:    7202192 bytes,    7202192 total
, 0.0146647 secs]
   [Parallel Time: 14.0 ms, GC Workers: 4]
      [GC Worker Start (ms): Min: 361910.4, Avg: 361910.4, Max: 361910.4, Diff: 0.0]
      [Ext Root Scanning (ms): Min: 0.5, Avg: 0.6, Max: 0.6, Diff: 0.1, Sum: 2.3]
      [Update RS (ms): Min: 10.2, Avg: 10.9, Max: 13.3, Diff: 3.1, Sum: 43.8]
         [Processed Buffers: Min: 8, Avg: 19.8, Max: 38, Diff: 30, Sum: 79]
      [Scan RS (ms): Min: 0.0, Avg: 0.0, Max: 0.0, Diff: 0.0, Sum: 0.0]
      [Code Root Scanning (ms): Min: 0.0, Avg: 0.0, Max: 0.0, Diff: 0.0, Sum: 0.0]
      [Object Copy (ms): Min: 0.1, Avg: 2.0, Max: 2.7, Diff: 2.5, Sum: 8.0]
      [Termination (ms): Min: 0.0, Avg: 0.4, Max: 0.6, Diff: 0.6, Sum: 1.8]
         [Termination Attempts: Min: 1, Avg: 1.3, Max: 2, Diff: 1, Sum: 5]
      [GC Worker Other (ms): Min: 0.0, Avg: 0.0, Max: 0.0, Diff: 0.0, Sum: 0.0]
      [GC Worker Total (ms): Min: 14.0, Avg: 14.0, Max: 14.0, Diff: 0.0, Sum: 55.9]
      [GC Worker End (ms): Min: 361924.4, Avg: 361924.4, Max: 361924.4, Diff: 0.0]
   [Code Root Fixup: 0.0 ms]
   [Code Root Purge: 0.0 ms]
   [Clear CT: 0.0 ms]
   [Other: 0.6 ms]
      [Choose CSet: 0.0 ms]
      [Ref Proc: 0.1 ms]
      [Ref Enq: 0.0 ms]
      [Redirty Cards: 0.0 ms]
      [Humongous Register: 0.0 ms]
      [Humongous Reclaim: 0.0 ms]
      [Free CSet: 0.0 ms]
   [Eden: 47.0M(47.0M)->0.0B(92.0M) Survivors: 7168.0K->7168.0K Heap: 914.5M(1096.0M)->877.0M(1096.0M)]
 [Times: user=0.06 sys=0.00, real=0.02 secs] 
2016-06-27T20:30:59.653+0300: 361.925: Total time for which application threads were stopped: 0.0182818 seconds, Stopping threads took: 0.0028503 seconds
2016-06-27T20:31:00.388+0300: 362.660: Total time for which application threads were stopped: 0.0091142 seconds, Stopping threads took: 0.0080609 seconds
2016-06-27T20:31:00.443+0300: 362.715: [GC pause (G1 Evacuation Pause) (young) (initial-mark)
Desired survivor size 6815744 bytes, new threshold 15 (max 15)
- age   1:    6731848 bytes,    6731848 total
, 0.0066167 secs]
   [Parallel Time: 5.8 ms, GC Workers: 4]
      [GC Worker Start (ms): Min: 362715.0, Avg: 362715.0, Max: 362715.0, Diff: 0.0]
      [Ext Root Scanning (ms): Min: 0.5, Avg: 0.5, Max: 0.7, Diff: 0.3, Sum: 2.2]
      [Update RS (ms): Min: 1.3, Avg: 1.4, Max: 1.5, Diff: 0.2, Sum: 5.6]
         [Processed Buffers: Min: 19, Avg: 22.5, Max: 25, Diff: 6, Sum: 90]
      [Scan RS (ms): Min: 0.0, Avg: 0.0, Max: 0.0, Diff: 0.0, Sum: 0.1]
      [Code Root Scanning (ms): Min: 0.0, Avg: 0.0, Max: 0.0, Diff: 0.0, Sum: 0.0]
      [Object Copy (ms): Min: 3.7, Avg: 3.8, Max: 3.8, Diff: 0.1, Sum: 15.1]
      [Termination (ms): Min: 0.0, Avg: 0.0, Max: 0.0, Diff: 0.0, Sum: 0.0]
         [Termination Attempts: Min: 1, Avg: 1.0, Max: 1, Diff: 0, Sum: 4]
      [GC Worker Other (ms): Min: 0.0, Avg: 0.0, Max: 0.0, Diff: 0.0, Sum: 0.1]
      [GC Worker Total (ms): Min: 5.7, Avg: 5.7, Max: 5.8, Diff: 0.0, Sum: 23.0]
      [GC Worker End (ms): Min: 362720.8, Avg: 362720.8, Max: 362720.8, Diff: 0.0]
   [Code Root Fixup: 0.0 ms]
   [Code Root Purge: 0.0 ms]
   [Clear CT: 0.1 ms]
   [Other: 0.7 ms]
      [Choose CSet: 0.0 ms]
      [Ref Proc: 0.1 ms]
      [Ref Enq: 0.0 ms]
      [Redirty Cards: 0.0 ms]
      [Humongous Register: 0.0 ms]
      [Humongous Reclaim: 0.0 ms]
      [Free CSet: 0.1 ms]
   [Eden: 92.0M(92.0M)->0.0B(78.0M) Survivors: 7168.0K->13.0M Heap: 969.0M(1096.0M)->894.0M(1096.0M)]
 [Times: user=0.00 sys=0.00, real=0.01 secs] 
2016-06-27T20:31:00.450+0300: 362.722: [GC concurrent-root-region-scan-start]
2016-06-27T20:31:00.450+0300: 362.722: Total time for which application threads were stopped: 0.0151120 seconds, Stopping threads took: 0.0079206 seconds
2016-06-27T20:31:00.451+0300: 362.723: [GC concurrent-root-region-scan-end, 0.0012838 secs]
2016-06-27T20:31:00.451+0300: 362.723: [GC concurrent-mark-start]
2016-06-27T20:31:00.537+0300: 362.809: [GC concurrent-mark-end, 0.0850853 secs]
2016-06-27T20:31:00.565+0300: 362.837: [GC remark 2016-06-27T20:31:00.565+0300: 362.837: [Finalize Marking, 0.0002964 secs] 2016-06-27T20:31:00.565+0300: 362.837: [GC ref-proc, 0.0001108 secs] 2016-06-27T20:31:00.565+0300: 362.837: [Unloading, 0.0017350 secs], 0.0060372 secs]
 [Times: user=0.02 sys=0.02, real=0.01 secs] 
2016-06-27T20:31:00.571+0300: 362.843: Total time for which application threads were stopped: 0.0143611 seconds, Stopping threads took: 0.0079287 seconds
2016-06-27T20:31:00.571+0300: 362.843: [GC cleanup 911M->911M(1096M), 0.0023726 secs]
 [Times: user=0.00 sys=0.00, real=0.00 secs] 
2016-06-27T20:31:00.574+0300: 362.846: Total time for which application threads were stopped: 0.0029448 seconds, Stopping threads took: 0.0000684 seconds
2016-06-27T20:31:01.098+0300: 363.370: [GC pause (G1 Evacuation Pause) (young)
Desired survivor size 6291456 bytes, new threshold 1 (max 15)
- age   1:   12090200 bytes,   12090200 total
- age   2:    1310488 bytes,   13400688 total
, 0.0068138 secs]
   [Parallel Time: 6.2 ms, GC Workers: 4]
      [GC Worker Start (ms): Min: 363369.7, Avg: 363369.7, Max: 363369.7, Diff: 0.0]
      [Ext Root Scanning (ms): Min: 0.4, Avg: 0.5, Max: 0.7, Diff: 0.3, Sum: 2.1]
      [Update RS (ms): Min: 1.3, Avg: 1.5, Max: 1.6, Diff: 0.3, Sum: 5.9]
         [Processed Buffers: Min: 11, Avg: 19.8, Max: 35, Diff: 24, Sum: 79]
      [Scan RS (ms): Min: 0.0, Avg: 0.0, Max: 0.0, Diff: 0.0, Sum: 0.1]
      [Code Root Scanning (ms): Min: 0.0, Avg: 0.0, Max: 0.0, Diff: 0.0, Sum: 0.0]
      [Object Copy (ms): Min: 4.0, Avg: 4.1, Max: 4.2, Diff: 0.1, Sum: 16.4]
      [Termination (ms): Min: 0.0, Avg: 0.0, Max: 0.0, Diff: 0.0, Sum: 0.0]
         [Termination Attempts: Min: 1, Avg: 1.0, Max: 1, Diff: 0, Sum: 4]
      [GC Worker Other (ms): Min: 0.0, Avg: 0.0, Max: 0.0, Diff: 0.0, Sum: 0.1]
      [GC Worker Total (ms): Min: 6.1, Avg: 6.1, Max: 6.1, Diff: 0.0, Sum: 24.5]
      [GC Worker End (ms): Min: 363375.9, Avg: 363375.9, Max: 363375.9, Diff: 0.0]
   [Code Root Fixup: 0.0 ms]
   [Code Root Purge: 0.0 ms]
   [Clear CT: 0.0 ms]
   [Other: 0.6 ms]
      [Choose CSet: 0.0 ms]
      [Ref Proc: 0.0 ms]
      [Ref Enq: 0.0 ms]
      [Redirty Cards: 0.0 ms]
      [Humongous Register: 0.0 ms]
      [Humongous Reclaim: 0.0 ms]
      [Free CSet: 0.1 ms]
   [Eden: 78.0M(78.0M)->0.0B(42.0M) Survivors: 13.0M->12.0M Heap: 972.0M(1096.0M)->908.0M(1096.0M)]
 [Times: user=0.06 sys=0.00, real=0.01 secs] 
2016-06-27T20:31:01.105+0300: 363.377: Total time for which application threads were stopped: 0.0161516 seconds, Stopping threads took: 0.0086638 seconds
2016-06-27T20:31:01.402+0300: 363.674: [GC pause (G1 Evacuation Pause) (mixed)
Desired survivor size 3670016 bytes, new threshold 1 (max 15)
- age   1:   12346624 bytes,   12346624 total
, 0.0213199 secs]
   [Parallel Time: 19.9 ms, GC Workers: 4]
      [GC Worker Start (ms): Min: 363674.8, Avg: 363674.8, Max: 363674.8, Diff: 0.0]
      [Ext Root Scanning (ms): Min: 0.5, Avg: 0.6, Max: 0.7, Diff: 0.2, Sum: 2.2]
      [Update RS (ms): Min: 1.3, Avg: 1.3, Max: 1.4, Diff: 0.1, Sum: 5.3]
         [Processed Buffers: Min: 3, Avg: 9.8, Max: 15, Diff: 12, Sum: 39]
      [Scan RS (ms): Min: 3.2, Avg: 3.3, Max: 3.3, Diff: 0.1, Sum: 13.1]
      [Code Root Scanning (ms): Min: 0.0, Avg: 0.1, Max: 0.1, Diff: 0.1, Sum: 0.2]
      [Object Copy (ms): Min: 14.6, Avg: 14.7, Max: 14.7, Diff: 0.1, Sum: 58.6]
      [Termination (ms): Min: 0.0, Avg: 0.0, Max: 0.0, Diff: 0.0, Sum: 0.0]
         [Termination Attempts: Min: 1, Avg: 1.5, Max: 2, Diff: 1, Sum: 6]
      [GC Worker Other (ms): Min: 0.0, Avg: 0.0, Max: 0.0, Diff: 0.0, Sum: 0.0]
      [GC Worker Total (ms): Min: 19.9, Avg: 19.9, Max: 19.9, Diff: 0.0, Sum: 79.5]
      [GC Worker End (ms): Min: 363694.7, Avg: 363694.7, Max: 363694.7, Diff: 0.0]
   [Code Root Fixup: 0.1 ms]
   [Code Root Purge: 0.0 ms]
   [Clear CT: 0.2 ms]
   [Other: 1.1 ms]
      [Choose CSet: 0.2 ms]
      [Ref Proc: 0.0 ms]
      [Ref Enq: 0.0 ms]
      [Redirty Cards: 0.0 ms]
      [Humongous Register: 0.0 ms]
      [Humongous Reclaim: 0.0 ms]
      [Free CSet: 0.5 ms]
   [Eden: 42.0M(42.0M)->0.0B(47.0M) Survivors: 12.0M->7168.0K Heap: 950.0M(1096.0M)->872.5M(1096.0M)]
 [Times: user=0.06 sys=0.00, real=0.02 secs] 
2016-06-27T20:31:01.424+0300: 363.696: Total time for which application threads were stopped: 0.0272087 seconds, Stopping threads took: 0.0052165 seconds
2016-06-27T20:31:01.836+0300: 364.108: [GC pause (G1 Evacuation Pause) (mixed)
Desired survivor size 3670016 bytes, new threshold 1 (max 15)
- age   1:    6902200 bytes,    6902200 total
, 0.0201417 secs]
   [Parallel Time: 19.2 ms, GC Workers: 4]
      [GC Worker Start (ms): Min: 364108.0, Avg: 364108.0, Max: 364108.0, Diff: 0.0]
      [Ext Root Scanning (ms): Min: 0.6, Avg: 0.6, Max: 0.6, Diff: 0.1, Sum: 2.3]
      [Update RS (ms): Min: 10.2, Avg: 10.3, Max: 10.4, Diff: 0.2, Sum: 41.0]
         [Processed Buffers: Min: 13, Avg: 17.8, Max: 26, Diff: 13, Sum: 71]
      [Scan RS (ms): Min: 2.0, Avg: 2.1, Max: 2.2, Diff: 0.1, Sum: 8.5]
      [Code Root Scanning (ms): Min: 0.0, Avg: 0.0, Max: 0.1, Diff: 0.1, Sum: 0.1]
      [Object Copy (ms): Min: 6.1, Avg: 6.1, Max: 6.1, Diff: 0.1, Sum: 24.5]
      [Termination (ms): Min: 0.0, Avg: 0.0, Max: 0.0, Diff: 0.0, Sum: 0.0]
         [Termination Attempts: Min: 1, Avg: 3.8, Max: 8, Diff: 7, Sum: 15]
      [GC Worker Other (ms): Min: 0.0, Avg: 0.0, Max: 0.0, Diff: 0.0, Sum: 0.1]
      [GC Worker Total (ms): Min: 19.1, Avg: 19.1, Max: 19.1, Diff: 0.0, Sum: 76.5]
      [GC Worker End (ms): Min: 364127.1, Avg: 364127.1, Max: 364127.1, Diff: 0.0]
   [Code Root Fixup: 0.0 ms]
   [Code Root Purge: 0.0 ms]
   [Clear CT: 0.2 ms]
   [Other: 0.7 ms]
      [Choose CSet: 0.1 ms]
      [Ref Proc: 0.0 ms]
      [Ref Enq: 0.0 ms]
      [Redirty Cards: 0.0 ms]
      [Humongous Register: 0.0 ms]
      [Humongous Reclaim: 0.0 ms]
      [Free CSet: 0.2 ms]
   [Eden: 47.0M(47.0M)->0.0B(47.0M) Survivors: 7168.0K->7168.0K Heap: 919.5M(1096.0M)->870.5M(1096.0M)]
 [Times: user=0.06 sys=0.00, real=0.02 secs] 
2016-06-27T20:31:01.856+0300: 364.128: Total time for which application threads were stopped: 0.0283928 seconds, Stopping threads took: 0.0075614 seconds
2016-06-27T20:31:02.266+0300: 364.538: [GC pause (G1 Evacuation Pause) (young)
Desired survivor size 3670016 bytes, new threshold 1 (max 15)
- age   1:    7035568 bytes,    7035568 total
, 0.0103018 secs]
   [Parallel Time: 9.6 ms, GC Workers: 4]
      [GC Worker Start (ms): Min: 364538.7, Avg: 364538.7, Max: 364538.7, Diff: 0.0]
      [Ext Root Scanning (ms): Min: 0.5, Avg: 0.6, Max: 0.6, Diff: 0.1, Sum: 2.3]
      [Update RS (ms): Min: 6.6, Avg: 6.7, Max: 6.7, Diff: 0.1, Sum: 26.6]
         [Processed Buffers: Min: 7, Avg: 17.5, Max: 41, Diff: 34, Sum: 70]
      [Scan RS (ms): Min: 0.0, Avg: 0.0, Max: 0.0, Diff: 0.0, Sum: 0.0]
      [Code Root Scanning (ms): Min: 0.0, Avg: 0.0, Max: 0.0, Diff: 0.0, Sum: 0.0]
      [Object Copy (ms): Min: 2.2, Avg: 2.3, Max: 2.3, Diff: 0.1, Sum: 9.1]
      [Termination (ms): Min: 0.0, Avg: 0.0, Max: 0.0, Diff: 0.0, Sum: 0.0]
         [Termination Attempts: Min: 1, Avg: 1.0, Max: 1, Diff: 0, Sum: 4]
      [GC Worker Other (ms): Min: 0.0, Avg: 0.0, Max: 0.0, Diff: 0.0, Sum: 0.0]
      [GC Worker Total (ms): Min: 9.5, Avg: 9.5, Max: 9.5, Diff: 0.0, Sum: 38.2]
      [GC Worker End (ms): Min: 364548.3, Avg: 364548.3, Max: 364548.3, Diff: 0.0]
   [Code Root Fixup: 0.0 ms]
   [Code Root Purge: 0.0 ms]
   [Clear CT: 0.0 ms]
   [Other: 0.7 ms]
      [Choose CSet: 0.0 ms]
      [Ref Proc: 0.1 ms]
      [Ref Enq: 0.0 ms]
      [Redirty Cards: 0.0 ms]
      [Humongous Register: 0.0 ms]
      [Humongous Reclaim: 0.0 ms]
      [Free CSet: 0.1 ms]
   [Eden: 47.0M(47.0M)->0.0B(90.0M) Survivors: 7168.0K->7168.0K Heap: 917.5M(1096.0M)->879.5M(1096.0M)]
 [Times: user=0.06 sys=0.00, real=0.01 secs] 
2016-06-27T20:31:02.277+0300: 364.549: Total time for which application threads were stopped: 0.0156094 seconds, Stopping threads took: 0.0046097 seconds
2016-06-27T20:31:03.033+0300: 365.305: [GC pause (G1 Evacuation Pause) (young) (initial-mark)
Desired survivor size 6815744 bytes, new threshold 1 (max 15)
- age   1:    7062952 bytes,    7062952 total
, 0.0057951 secs]
   [Parallel Time: 5.0 ms, GC Workers: 4]
      [GC Worker Start (ms): Min: 365305.1, Avg: 365305.2, Max: 365305.2, Diff: 0.0]
      [Ext Root Scanning (ms): Min: 0.6, Avg: 0.7, Max: 0.8, Diff: 0.2, Sum: 2.6]
      [Update RS (ms): Min: 0.7, Avg: 0.9, Max: 1.1, Diff: 0.4, Sum: 3.5]
         [Processed Buffers: Min: 2, Avg: 17.0, Max: 28, Diff: 26, Sum: 68]
      [Scan RS (ms): Min: 0.0, Avg: 0.0, Max: 0.0, Diff: 0.0, Sum: 0.1]
      [Code Root Scanning (ms): Min: 0.0, Avg: 0.0, Max: 0.0, Diff: 0.0, Sum: 0.0]
      [Object Copy (ms): Min: 3.2, Avg: 3.4, Max: 3.5, Diff: 0.3, Sum: 13.6]
      [Termination (ms): Min: 0.0, Avg: 0.0, Max: 0.0, Diff: 0.0, Sum: 0.0]
         [Termination Attempts: Min: 1, Avg: 1.0, Max: 1, Diff: 0, Sum: 4]
      [GC Worker Other (ms): Min: 0.0, Avg: 0.0, Max: 0.0, Diff: 0.0, Sum: 0.1]
      [GC Worker Total (ms): Min: 5.0, Avg: 5.0, Max: 5.0, Diff: 0.0, Sum: 19.9]
      [GC Worker End (ms): Min: 365310.1, Avg: 365310.1, Max: 365310.1, Diff: 0.0]
   [Code Root Fixup: 0.0 ms]
   [Code Root Purge: 0.0 ms]
   [Clear CT: 0.0 ms]
   [Other: 0.7 ms]
      [Choose CSet: 0.0 ms]
      [Ref Proc: 0.1 ms]
      [Ref Enq: 0.0 ms]
      [Redirty Cards: 0.0 ms]
      [Humongous Register: 0.0 ms]
      [Humongous Reclaim: 0.0 ms]
      [Free CSet: 0.1 ms]
   [Eden: 90.0M(90.0M)->0.0B(76.0M) Survivors: 7168.0K->13.0M Heap: 969.5M(1096.0M)->895.5M(1096.0M)]
 [Times: user=0.06 sys=0.00, real=0.01 secs] 
2016-06-27T20:31:03.039+0300: 365.311: [GC concurrent-root-region-scan-start]
2016-06-27T20:31:03.039+0300: 365.311: Total time for which application threads were stopped: 0.0126992 seconds, Stopping threads took: 0.0062258 seconds
2016-06-27T20:31:03.040+0300: 365.312: [GC concurrent-root-region-scan-end, 0.0009669 secs]
2016-06-27T20:31:03.040+0300: 365.312: [GC concurrent-mark-start]
2016-06-27T20:31:03.125+0300: 365.397: [GC concurrent-mark-end, 0.0848009 secs]
2016-06-27T20:31:03.152+0300: 365.424: [GC remark 2016-06-27T20:31:03.152+0300: 365.424: [Finalize Marking, 0.0002271 secs] 2016-06-27T20:31:03.152+0300: 365.424: [GC ref-proc, 0.0001219 secs] 2016-06-27T20:31:03.153+0300: 365.425: [Unloading, 0.0018231 secs], 0.0058486 secs]
 [Times: user=0.00 sys=0.00, real=0.01 secs] 
2016-06-27T20:31:03.158+0300: 365.430: Total time for which application threads were stopped: 0.0110630 seconds, Stopping threads took: 0.0047157 seconds
2016-06-27T20:31:03.159+0300: 365.431: [GC cleanup 911M->911M(1096M), 0.0021609 secs]
 [Times: user=0.03 sys=0.00, real=0.00 secs] 
2016-06-27T20:31:03.161+0300: 365.433: Total time for which application threads were stopped: 0.0027853 seconds, Stopping threads took: 0.0000539 seconds
2016-06-27T20:31:03.637+0300: 365.909: [GC pause (G1 Evacuation Pause) (young)
Desired survivor size 6291456 bytes, new threshold 1 (max 15)
- age   1:   13394200 bytes,   13394200 total
, 0.0062741 secs]
   [Parallel Time: 5.6 ms, GC Workers: 4]
      [GC Worker Start (ms): Min: 365909.2, Avg: 365909.2, Max: 365909.3, Diff: 0.0]
      [Ext Root Scanning (ms): Min: 0.5, Avg: 0.6, Max: 0.6, Diff: 0.1, Sum: 2.3]
      [Update RS (ms): Min: 1.0, Avg: 1.0, Max: 1.0, Diff: 0.1, Sum: 4.0]
         [Processed Buffers: Min: 3, Avg: 11.5, Max: 20, Diff: 17, Sum: 46]
      [Scan RS (ms): Min: 0.0, Avg: 0.0, Max: 0.0, Diff: 0.0, Sum: 0.1]
      [Code Root Scanning (ms): Min: 0.0, Avg: 0.0, Max: 0.0, Diff: 0.0, Sum: 0.0]
      [Object Copy (ms): Min: 3.9, Avg: 4.0, Max: 4.0, Diff: 0.1, Sum: 15.8]
      [Termination (ms): Min: 0.0, Avg: 0.0, Max: 0.0, Diff: 0.0, Sum: 0.0]
         [Termination Attempts: Min: 1, Avg: 1.0, Max: 1, Diff: 0, Sum: 4]
      [GC Worker Other (ms): Min: 0.0, Avg: 0.0, Max: 0.0, Diff: 0.0, Sum: 0.1]
      [GC Worker Total (ms): Min: 5.5, Avg: 5.5, Max: 5.6, Diff: 0.0, Sum: 22.2]
      [GC Worker End (ms): Min: 365914.8, Avg: 365914.8, Max: 365914.8, Diff: 0.0]
   [Code Root Fixup: 0.0 ms]
   [Code Root Purge: 0.0 ms]
   [Clear CT: 0.1 ms]
   [Other: 0.6 ms]
      [Choose CSet: 0.0 ms]
      [Ref Proc: 0.1 ms]
      [Ref Enq: 0.0 ms]
      [Redirty Cards: 0.1 ms]
      [Humongous Register: 0.0 ms]
      [Humongous Reclaim: 0.0 ms]
      [Free CSet: 0.1 ms]
   [Eden: 76.0M(76.0M)->0.0B(42.0M) Survivors: 13.0M->12.0M Heap: 971.5M(1096.0M)->909.0M(1096.0M)]
 [Times: user=0.00 sys=0.00, real=0.01 secs] 
2016-06-27T20:31:03.643+0300: 365.916: Total time for which application threads were stopped: 0.0130892 seconds, Stopping threads took: 0.0061672 seconds
2016-06-27T20:31:03.644+0300: 365.916: Total time for which application threads were stopped: 0.0004041 seconds, Stopping threads took: 0.0000248 seconds
2016-06-27T20:31:03.935+0300: 366.207: Total time for which application threads were stopped: 0.0029303 seconds, Stopping threads took: 0.0014361 seconds
2016-06-27T20:31:04.006+0300: 366.278: [GC pause (G1 Evacuation Pause) (mixed)
Desired survivor size 3670016 bytes, new threshold 1 (max 15)
- age   1:   12400648 bytes,   12400648 total
, 0.0203906 secs]
   [Parallel Time: 18.9 ms, GC Workers: 4]
      [GC Worker Start (ms): Min: 366278.6, Avg: 366278.6, Max: 366278.7, Diff: 0.0]
      [Ext Root Scanning (ms): Min: 0.5, Avg: 0.6, Max: 0.7, Diff: 0.2, Sum: 2.2]
      [Update RS (ms): Min: 0.8, Avg: 0.9, Max: 1.1, Diff: 0.3, Sum: 3.7]
         [Processed Buffers: Min: 3, Avg: 11.3, Max: 19, Diff: 16, Sum: 45]
      [Scan RS (ms): Min: 2.9, Avg: 3.0, Max: 3.1, Diff: 0.2, Sum: 12.1]
      [Code Root Scanning (ms): Min: 0.0, Avg: 0.0, Max: 0.1, Diff: 0.1, Sum: 0.2]
      [Object Copy (ms): Min: 14.2, Avg: 14.3, Max: 14.3, Diff: 0.1, Sum: 57.2]
      [Termination (ms): Min: 0.0, Avg: 0.0, Max: 0.0, Diff: 0.0, Sum: 0.0]
         [Termination Attempts: Min: 1, Avg: 1.3, Max: 2, Diff: 1, Sum: 5]
      [GC Worker Other (ms): Min: 0.0, Avg: 0.0, Max: 0.0, Diff: 0.0, Sum: 0.1]
      [GC Worker Total (ms): Min: 18.9, Avg: 18.9, Max: 18.9, Diff: 0.0, Sum: 75.4]
      [GC Worker End (ms): Min: 366297.5, Avg: 366297.5, Max: 366297.5, Diff: 0.0]
   [Code Root Fixup: 0.1 ms]
   [Code Root Purge: 0.0 ms]
   [Clear CT: 0.2 ms]
   [Other: 1.2 ms]
      [Choose CSet: 0.2 ms]
      [Ref Proc: 0.1 ms]
      [Ref Enq: 0.0 ms]
      [Redirty Cards: 0.0 ms]
      [Humongous Register: 0.0 ms]
      [Humongous Reclaim: 0.0 ms]
      [Free CSet: 0.5 ms]
   [Eden: 42.0M(42.0M)->0.0B(47.0M) Survivors: 12.0M->7168.0K Heap: 951.0M(1096.0M)->876.5M(1096.0M)]
 [Times: user=0.06 sys=0.00, real=0.02 secs] 
2016-06-27T20:31:04.027+0300: 366.299: Total time for which application threads were stopped: 0.0215534 seconds, Stopping threads took: 0.0005867 seconds
2016-06-27T20:31:04.415+0300: 366.687: [GC pause (G1 Evacuation Pause) (mixed)
Desired survivor size 3670016 bytes, new threshold 1 (max 15)
- age   1:    6996656 bytes,    6996656 total
, 0.0248912 secs]
   [Parallel Time: 23.7 ms, GC Workers: 4]
      [GC Worker Start (ms): Min: 366687.3, Avg: 366687.3, Max: 366687.5, Diff: 0.2]
      [Ext Root Scanning (ms): Min: 0.5, Avg: 1.9, Max: 5.7, Diff: 5.3, Sum: 7.4]
      [Update RS (ms): Min: 6.8, Avg: 10.7, Max: 12.6, Diff: 5.9, Sum: 42.9]
         [Processed Buffers: Min: 14, Avg: 18.0, Max: 22, Diff: 8, Sum: 72]
      [Scan RS (ms): Min: 2.1, Avg: 2.7, Max: 2.9, Diff: 0.9, Sum: 10.6]
      [Code Root Scanning (ms): Min: 0.0, Avg: 0.0, Max: 0.1, Diff: 0.1, Sum: 0.2]
      [Object Copy (ms): Min: 8.3, Avg: 8.3, Max: 8.4, Diff: 0.1, Sum: 33.4]
      [Termination (ms): Min: 0.0, Avg: 0.0, Max: 0.0, Diff: 0.0, Sum: 0.0]
         [Termination Attempts: Min: 1, Avg: 1.5, Max: 3, Diff: 2, Sum: 6]
      [GC Worker Other (ms): Min: 0.0, Avg: 0.0, Max: 0.0, Diff: 0.0, Sum: 0.0]
      [GC Worker Total (ms): Min: 23.5, Avg: 23.7, Max: 23.7, Diff: 0.2, Sum: 94.6]
      [GC Worker End (ms): Min: 366711.0, Avg: 366711.0, Max: 366711.0, Diff: 0.0]
   [Code Root Fixup: 0.1 ms]
   [Code Root Purge: 0.0 ms]
   [Clear CT: 0.2 ms]
   [Other: 0.9 ms]
      [Choose CSet: 0.1 ms]
      [Ref Proc: 0.1 ms]
      [Ref Enq: 0.0 ms]
      [Redirty Cards: 0.1 ms]
      [Humongous Register: 0.0 ms]
      [Humongous Reclaim: 0.0 ms]
      [Free CSet: 0.3 ms]
   [Eden: 47.0M(47.0M)->0.0B(47.0M) Survivors: 7168.0K->7168.0K Heap: 923.5M(1096.0M)->867.5M(1096.0M)]
 [Times: user=0.06 sys=0.00, real=0.03 secs] 
2016-06-27T20:31:04.440+0300: 366.712: Total time for which application threads were stopped: 0.0302707 seconds, Stopping threads took: 0.0047820 seconds
2016-06-27T20:31:04.842+0300: 367.114: [GC pause (G1 Evacuation Pause) (young)
Desired survivor size 3670016 bytes, new threshold 1 (max 15)
- age   1:    7212104 bytes,    7212104 total
, 0.0121505 secs]
   [Parallel Time: 11.4 ms, GC Workers: 4]
      [GC Worker Start (ms): Min: 367114.4, Avg: 367114.5, Max: 367114.5, Diff: 0.0]
      [Ext Root Scanning (ms): Min: 0.6, Avg: 0.6, Max: 0.6, Diff: 0.1, Sum: 2.4]
      [Update RS (ms): Min: 8.3, Avg: 8.5, Max: 8.9, Diff: 0.6, Sum: 33.8]
         [Processed Buffers: Min: 9, Avg: 16.0, Max: 29, Diff: 20, Sum: 64]
      [Scan RS (ms): Min: 0.0, Avg: 0.0, Max: 0.0, Diff: 0.0, Sum: 0.0]
      [Code Root Scanning (ms): Min: 0.0, Avg: 0.0, Max: 0.0, Diff: 0.0, Sum: 0.0]
      [Object Copy (ms): Min: 1.8, Avg: 2.2, Max: 2.4, Diff: 0.6, Sum: 8.9]
      [Termination (ms): Min: 0.0, Avg: 0.0, Max: 0.0, Diff: 0.0, Sum: 0.0]
         [Termination Attempts: Min: 1, Avg: 1.0, Max: 1, Diff: 0, Sum: 4]
      [GC Worker Other (ms): Min: 0.0, Avg: 0.0, Max: 0.0, Diff: 0.0, Sum: 0.1]
      [GC Worker Total (ms): Min: 11.3, Avg: 11.3, Max: 11.3, Diff: 0.0, Sum: 45.3]
      [GC Worker End (ms): Min: 367125.8, Avg: 367125.8, Max: 367125.8, Diff: 0.0]
   [Code Root Fixup: 0.0 ms]
   [Code Root Purge: 0.0 ms]
   [Clear CT: 0.1 ms]
   [Other: 0.7 ms]
      [Choose CSet: 0.0 ms]
      [Ref Proc: 0.0 ms]
      [Ref Enq: 0.0 ms]
      [Redirty Cards: 0.1 ms]
      [Humongous Register: 0.1 ms]
      [Humongous Reclaim: 0.0 ms]
      [Free CSet: 0.1 ms]
   [Eden: 47.0M(47.0M)->0.0B(92.0M) Survivors: 7168.0K->7168.0K Heap: 914.5M(1096.0M)->876.5M(1096.0M)]
 [Times: user=0.06 sys=0.00, real=0.01 secs] 
2016-06-27T20:31:04.854+0300: 367.127: Total time for which application threads were stopped: 0.0161623 seconds, Stopping threads took: 0.0033092 seconds
2016-06-27T20:31:05.630+0300: 367.902: [GC pause (G1 Evacuation Pause) (young) (initial-mark)
Desired survivor size 6815744 bytes, new threshold 1 (max 15)
- age   1:    7202872 bytes,    7202872 total
, 0.0061142 secs]
   [Parallel Time: 5.2 ms, GC Workers: 4]
      [GC Worker Start (ms): Min: 367902.7, Avg: 367902.7, Max: 367902.7, Diff: 0.0]
      [Ext Root Scanning (ms): Min: 0.6, Avg: 0.6, Max: 0.6, Diff: 0.1, Sum: 2.4]
      [Update RS (ms): Min: 1.0, Avg: 1.1, Max: 1.2, Diff: 0.2, Sum: 4.3]
         [Processed Buffers: Min: 10, Avg: 19.3, Max: 26, Diff: 16, Sum: 77]
      [Scan RS (ms): Min: 0.0, Avg: 0.0, Max: 0.0, Diff: 0.0, Sum: 0.1]
      [Code Root Scanning (ms): Min: 0.0, Avg: 0.0, Max: 0.0, Diff: 0.0, Sum: 0.0]
      [Object Copy (ms): Min: 3.4, Avg: 3.5, Max: 3.6, Diff: 0.3, Sum: 14.0]
      [Termination (ms): Min: 0.0, Avg: 0.0, Max: 0.0, Diff: 0.0, Sum: 0.0]
         [Termination Attempts: Min: 1, Avg: 1.0, Max: 1, Diff: 0, Sum: 4]
      [GC Worker Other (ms): Min: 0.0, Avg: 0.0, Max: 0.0, Diff: 0.0, Sum: 0.1]
      [GC Worker Total (ms): Min: 5.2, Avg: 5.2, Max: 5.2, Diff: 0.0, Sum: 20.8]
      [GC Worker End (ms): Min: 367907.9, Avg: 367907.9, Max: 367907.9, Diff: 0.0]
   [Code Root Fixup: 0.1 ms]
   [Code Root Purge: 0.0 ms]
   [Clear CT: 0.0 ms]
   [Other: 0.8 ms]
      [Choose CSet: 0.0 ms]
      [Ref Proc: 0.0 ms]
      [Ref Enq: 0.0 ms]
      [Redirty Cards: 0.0 ms]
      [Humongous Register: 0.0 ms]
      [Humongous Reclaim: 0.0 ms]
      [Free CSet: 0.1 ms]
   [Eden: 92.0M(92.0M)->0.0B(78.0M) Survivors: 7168.0K->13.0M Heap: 968.5M(1096.0M)->892.5M(1096.0M)]
 [Times: user=0.00 sys=0.00, real=0.01 secs] 
2016-06-27T20:31:05.636+0300: 367.909: [GC concurrent-root-region-scan-start]
2016-06-27T20:31:05.636+0300: 367.909: Total time for which application threads were stopped: 0.0113102 seconds, Stopping threads took: 0.0045075 seconds
2016-06-27T20:31:05.638+0300: 367.910: [GC concurrent-root-region-scan-end, 0.0011209 secs]
2016-06-27T20:31:05.638+0300: 367.910: [GC concurrent-mark-start]
2016-06-27T20:31:05.727+0300: 367.999: [GC concurrent-mark-end, 0.0873869 secs]
2016-06-27T20:31:05.758+0300: 368.031: [GC remark 2016-06-27T20:31:05.758+0300: 368.031: [Finalize Marking, 0.0002639 secs] 2016-06-27T20:31:05.759+0300: 368.031: [GC ref-proc, 0.0000996 secs] 2016-06-27T20:31:05.759+0300: 368.031: [Unloading, 0.0018924 secs], 0.0059376 secs]
 [Times: user=0.00 sys=0.00, real=0.01 secs] 
2016-06-27T20:31:05.764+0300: 368.037: Total time for which application threads were stopped: 0.0098006 seconds, Stopping threads took: 0.0033340 seconds
2016-06-27T20:31:05.765+0300: 368.038: [GC cleanup 909M->909M(1096M), 0.0021870 secs]
 [Times: user=0.00 sys=0.00, real=0.00 secs] 
2016-06-27T20:31:05.768+0300: 368.040: Total time for which application threads were stopped: 0.0028828 seconds, Stopping threads took: 0.0001206 seconds
2016-06-27T20:31:05.934+0300: 368.206: Total time for which application threads were stopped: 0.0018368 seconds, Stopping threads took: 0.0005786 seconds
2016-06-27T20:31:06.251+0300: 368.523: [GC pause (G1 Evacuation Pause) (young)
Desired survivor size 6291456 bytes, new threshold 1 (max 15)
- age   1:   13431984 bytes,   13431984 total
, 0.0064225 secs]
   [Parallel Time: 5.8 ms, GC Workers: 4]
      [GC Worker Start (ms): Min: 368523.5, Avg: 368523.5, Max: 368523.5, Diff: 0.0]
      [Ext Root Scanning (ms): Min: 0.4, Avg: 0.5, Max: 0.6, Diff: 0.2, Sum: 2.0]
      [Update RS (ms): Min: 1.0, Avg: 1.2, Max: 1.3, Diff: 0.3, Sum: 4.6]
         [Processed Buffers: Min: 3, Avg: 18.0, Max: 31, Diff: 28, Sum: 72]
      [Scan RS (ms): Min: 0.0, Avg: 0.0, Max: 0.0, Diff: 0.0, Sum: 0.1]
      [Code Root Scanning (ms): Min: 0.0, Avg: 0.0, Max: 0.0, Diff: 0.0, Sum: 0.0]
      [Object Copy (ms): Min: 4.0, Avg: 4.1, Max: 4.1, Diff: 0.1, Sum: 16.3]
      [Termination (ms): Min: 0.0, Avg: 0.0, Max: 0.0, Diff: 0.0, Sum: 0.0]
         [Termination Attempts: Min: 1, Avg: 1.0, Max: 1, Diff: 0, Sum: 4]
      [GC Worker Other (ms): Min: 0.0, Avg: 0.0, Max: 0.0, Diff: 0.0, Sum: 0.1]
      [GC Worker Total (ms): Min: 5.7, Avg: 5.7, Max: 5.8, Diff: 0.0, Sum: 23.0]
      [GC Worker End (ms): Min: 368529.3, Avg: 368529.3, Max: 368529.3, Diff: 0.0]
   [Code Root Fixup: 0.0 ms]
   [Code Root Purge: 0.0 ms]
   [Clear CT: 0.0 ms]
   [Other: 0.6 ms]
      [Choose CSet: 0.0 ms]
      [Ref Proc: 0.0 ms]
      [Ref Enq: 0.0 ms]
      [Redirty Cards: 0.0 ms]
      [Humongous Register: 0.0 ms]
      [Humongous Reclaim: 0.0 ms]
      [Free CSet: 0.1 ms]
   [Eden: 78.0M(78.0M)->0.0B(42.0M) Survivors: 13.0M->12.0M Heap: 970.5M(1096.0M)->907.0M(1096.0M)]
 [Times: user=0.06 sys=0.00, real=0.01 secs] 
2016-06-27T20:31:06.258+0300: 368.530: Total time for which application threads were stopped: 0.0077500 seconds, Stopping threads took: 0.0006718 seconds
2016-06-27T20:31:06.605+0300: 368.876: [GC pause (G1 Evacuation Pause) (mixed)
Desired survivor size 3670016 bytes, new threshold 1 (max 15)
- age   1:   12239296 bytes,   12239296 total
, 0.0205693 secs]
   [Parallel Time: 19.3 ms, GC Workers: 4]
      [GC Worker Start (ms): Min: 368876.7, Avg: 368876.8, Max: 368876.8, Diff: 0.0]
      [Ext Root Scanning (ms): Min: 0.5, Avg: 0.5, Max: 0.6, Diff: 0.2, Sum: 2.1]
      [Update RS (ms): Min: 1.0, Avg: 1.2, Max: 1.2, Diff: 0.2, Sum: 4.6]
         [Processed Buffers: Min: 3, Avg: 6.3, Max: 12, Diff: 9, Sum: 25]
      [Scan RS (ms): Min: 3.0, Avg: 3.1, Max: 3.2, Diff: 0.1, Sum: 12.4]
      [Code Root Scanning (ms): Min: 0.0, Avg: 0.0, Max: 0.0, Diff: 0.0, Sum: 0.0]
      [Object Copy (ms): Min: 14.4, Avg: 14.4, Max: 14.5, Diff: 0.1, Sum: 57.8]
      [Termination (ms): Min: 0.0, Avg: 0.0, Max: 0.0, Diff: 0.0, Sum: 0.0]
         [Termination Attempts: Min: 1, Avg: 2.5, Max: 4, Diff: 3, Sum: 10]
      [GC Worker Other (ms): Min: 0.0, Avg: 0.0, Max: 0.0, Diff: 0.0, Sum: 0.1]
      [GC Worker Total (ms): Min: 19.2, Avg: 19.2, Max: 19.3, Diff: 0.0, Sum: 77.0]
      [GC Worker End (ms): Min: 368896.0, Avg: 368896.0, Max: 368896.0, Diff: 0.0]
   [Code Root Fixup: 0.0 ms]
   [Code Root Purge: 0.0 ms]
   [Clear CT: 0.2 ms]
   [Other: 1.0 ms]
      [Choose CSet: 0.2 ms]
      [Ref Proc: 0.0 ms]
      [Ref Enq: 0.0 ms]
      [Redirty Cards: 0.0 ms]
      [Humongous Register: 0.0 ms]
      [Humongous Reclaim: 0.0 ms]
      [Free CSet: 0.5 ms]
   [Eden: 42.0M(42.0M)->0.0B(47.0M) Survivors: 12.0M->7168.0K Heap: 949.0M(1096.0M)->873.5M(1096.0M)]
 [Times: user=0.06 sys=0.00, real=0.02 secs] 
2016-06-27T20:31:06.625+0300: 368.897: Total time for which application threads were stopped: 0.0223304 seconds, Stopping threads took: 0.0011551 seconds
2016-06-27T20:31:07.025+0300: 369.297: [GC pause (G1 Evacuation Pause) (mixed)
Desired survivor size 3670016 bytes, new threshold 1 (max 15)
- age   1:    7052720 bytes,    7052720 total
, 0.0220293 secs]
   [Parallel Time: 20.9 ms, GC Workers: 4]
      [GC Worker Start (ms): Min: 369297.1, Avg: 369297.2, Max: 369297.2, Diff: 0.0]
      [Ext Root Scanning (ms): Min: 0.6, Avg: 0.6, Max: 0.6, Diff: 0.0, Sum: 2.4]
      [Update RS (ms): Min: 9.2, Avg: 9.2, Max: 9.2, Diff: 0.1, Sum: 36.9]
         [Processed Buffers: Min: 12, Avg: 18.0, Max: 23, Diff: 11, Sum: 72]
      [Scan RS (ms): Min: 2.6, Avg: 2.6, Max: 2.7, Diff: 0.1, Sum: 10.5]
      [Code Root Scanning (ms): Min: 0.0, Avg: 0.0, Max: 0.1, Diff: 0.1, Sum: 0.1]
      [Object Copy (ms): Min: 8.3, Avg: 8.3, Max: 8.4, Diff: 0.1, Sum: 33.3]
      [Termination (ms): Min: 0.0, Avg: 0.0, Max: 0.0, Diff: 0.0, Sum: 0.0]
         [Termination Attempts: Min: 1, Avg: 1.0, Max: 1, Diff: 0, Sum: 4]
      [GC Worker Other (ms): Min: 0.0, Avg: 0.0, Max: 0.0, Diff: 0.0, Sum: 0.1]
      [GC Worker Total (ms): Min: 20.8, Avg: 20.8, Max: 20.8, Diff: 0.0, Sum: 83.3]
      [GC Worker End (ms): Min: 369318.0, Avg: 369318.0, Max: 369318.0, Diff: 0.0]
   [Code Root Fixup: 0.1 ms]
   [Code Root Purge: 0.0 ms]
   [Clear CT: 0.2 ms]
   [Other: 0.9 ms]
      [Choose CSet: 0.1 ms]
      [Ref Proc: 0.0 ms]
      [Ref Enq: 0.0 ms]
      [Redirty Cards: 0.0 ms]
      [Humongous Register: 0.0 ms]
      [Humongous Reclaim: 0.0 ms]
      [Free CSet: 0.3 ms]
   [Eden: 47.0M(47.0M)->0.0B(47.0M) Survivors: 7168.0K->7168.0K Heap: 920.5M(1096.0M)->866.5M(1096.0M)]
 [Times: user=0.06 sys=0.00, real=0.02 secs] 
2016-06-27T20:31:07.047+0300: 369.319: Total time for which application threads were stopped: 0.0252641 seconds, Stopping threads took: 0.0024560 seconds
2016-06-27T20:31:07.456+0300: 369.728: [GC pause (G1 Evacuation Pause) (young)
Desired survivor size 3670016 bytes, new threshold 1 (max 15)
- age   1:    7226280 bytes,    7226280 total
, 0.0120329 secs]
   [Parallel Time: 11.4 ms, GC Workers: 4]
      [GC Worker Start (ms): Min: 369728.4, Avg: 369728.4, Max: 369728.4, Diff: 0.0]
      [Ext Root Scanning (ms): Min: 0.5, Avg: 0.6, Max: 0.7, Diff: 0.1, Sum: 2.3]
      [Update RS (ms): Min: 8.3, Avg: 8.4, Max: 8.6, Diff: 0.3, Sum: 33.6]
         [Processed Buffers: Min: 9, Avg: 16.8, Max: 37, Diff: 28, Sum: 67]
      [Scan RS (ms): Min: 0.0, Avg: 0.0, Max: 0.0, Diff: 0.0, Sum: 0.0]
      [Code Root Scanning (ms): Min: 0.0, Avg: 0.0, Max: 0.0, Diff: 0.0, Sum: 0.0]
      [Object Copy (ms): Min: 2.2, Avg: 2.3, Max: 2.4, Diff: 0.2, Sum: 9.2]
      [Termination (ms): Min: 0.0, Avg: 0.0, Max: 0.0, Diff: 0.0, Sum: 0.0]
         [Termination Attempts: Min: 1, Avg: 1.0, Max: 1, Diff: 0, Sum: 4]
      [GC Worker Other (ms): Min: 0.0, Avg: 0.0, Max: 0.0, Diff: 0.0, Sum: 0.1]
      [GC Worker Total (ms): Min: 11.3, Avg: 11.3, Max: 11.3, Diff: 0.0, Sum: 45.2]
      [GC Worker End (ms): Min: 369739.7, Avg: 369739.7, Max: 369739.7, Diff: 0.0]
   [Code Root Fixup: 0.0 ms]
   [Code Root Purge: 0.0 ms]
   [Clear CT: 0.0 ms]
   [Other: 0.5 ms]
      [Choose CSet: 0.0 ms]
      [Ref Proc: 0.1 ms]
      [Ref Enq: 0.0 ms]
      [Redirty Cards: 0.0 ms]
      [Humongous Register: 0.0 ms]
      [Humongous Reclaim: 0.0 ms]
      [Free CSet: 0.0 ms]
   [Eden: 47.0M(47.0M)->0.0B(92.0M) Survivors: 7168.0K->7168.0K Heap: 913.5M(1096.0M)->876.5M(1096.0M)]
 [Times: user=0.06 sys=0.00, real=0.01 secs] 
2016-06-27T20:31:07.468+0300: 369.740: Total time for which application threads were stopped: 0.0147725 seconds, Stopping threads took: 0.0020305 seconds
2016-06-27T20:31:08.258+0300: 370.530: [GC pause (G1 Evacuation Pause) (young) (initial-mark)
Desired survivor size 6815744 bytes, new threshold 1 (max 15)
- age   1:    6988680 bytes,    6988680 total
, 0.0061582 secs]
   [Parallel Time: 5.4 ms, GC Workers: 4]
      [GC Worker Start (ms): Min: 370530.5, Avg: 370530.5, Max: 370530.6, Diff: 0.1]
      [Ext Root Scanning (ms): Min: 0.6, Avg: 0.7, Max: 0.8, Diff: 0.1, Sum: 2.7]
      [Update RS (ms): Min: 1.0, Avg: 1.1, Max: 1.2, Diff: 0.2, Sum: 4.2]
         [Processed Buffers: Min: 10, Avg: 19.0, Max: 42, Diff: 32, Sum: 76]
      [Scan RS (ms): Min: 0.0, Avg: 0.0, Max: 0.0, Diff: 0.0, Sum: 0.1]
      [Code Root Scanning (ms): Min: 0.0, Avg: 0.0, Max: 0.0, Diff: 0.0, Sum: 0.0]
      [Object Copy (ms): Min: 3.4, Avg: 3.5, Max: 3.6, Diff: 0.2, Sum: 14.1]
      [Termination (ms): Min: 0.0, Avg: 0.0, Max: 0.0, Diff: 0.0, Sum: 0.0]
         [Termination Attempts: Min: 1, Avg: 1.0, Max: 1, Diff: 0, Sum: 4]
      [GC Worker Other (ms): Min: 0.0, Avg: 0.0, Max: 0.0, Diff: 0.0, Sum: 0.1]
      [GC Worker Total (ms): Min: 5.3, Avg: 5.3, Max: 5.4, Diff: 0.1, Sum: 21.2]
      [GC Worker End (ms): Min: 370535.8, Avg: 370535.8, Max: 370535.8, Diff: 0.0]
   [Code Root Fixup: 0.0 ms]
   [Code Root Purge: 0.0 ms]
   [Clear CT: 0.0 ms]
   [Other: 0.7 ms]
      [Choose CSet: 0.0 ms]
      [Ref Proc: 0.0 ms]
      [Ref Enq: 0.0 ms]
      [Redirty Cards: 0.0 ms]
      [Humongous Register: 0.0 ms]
      [Humongous Reclaim: 0.0 ms]
      [Free CSet: 0.1 ms]
   [Eden: 92.0M(92.0M)->0.0B(78.0M) Survivors: 7168.0K->13.0M Heap: 968.5M(1096.0M)->892.5M(1096.0M)]
 [Times: user=0.00 sys=0.00, real=0.01 secs] 
2016-06-27T20:31:08.264+0300: 370.537: [GC concurrent-root-region-scan-start]
2016-06-27T20:31:08.264+0300: 370.537: Total time for which application threads were stopped: 0.0100734 seconds, Stopping threads took: 0.0031309 seconds
2016-06-27T20:31:08.266+0300: 370.538: [GC concurrent-root-region-scan-end, 0.0014288 secs]
2016-06-27T20:31:08.266+0300: 370.538: [GC concurrent-mark-start]
2016-06-27T20:31:08.355+0300: 370.627: [GC concurrent-mark-end, 0.0887160 secs]
2016-06-27T20:31:08.382+0300: 370.654: [GC remark 2016-06-27T20:31:08.382+0300: 370.654: [Finalize Marking, 0.0002433 secs] 2016-06-27T20:31:08.382+0300: 370.654: [GC ref-proc, 0.0001031 secs] 2016-06-27T20:31:08.382+0300: 370.655: [Unloading, 0.0017855 secs], 0.0058311 secs]
 [Times: user=0.00 sys=0.00, real=0.01 secs] 
2016-06-27T20:31:08.388+0300: 370.660: Total time for which application threads were stopped: 0.0078787 seconds, Stopping threads took: 0.0015186 seconds
2016-06-27T20:31:08.420+0300: 370.693: [GC cleanup 914M->914M(1096M), 0.0022661 secs]
 [Times: user=0.00 sys=0.00, real=0.00 secs] 
2016-06-27T20:31:08.423+0300: 370.695: Total time for which application threads were stopped: 0.0031651 seconds, Stopping threads took: 0.0002870 seconds
2016-06-27T20:31:08.903+0300: 371.175: [GC pause (G1 Evacuation Pause) (young)
Desired survivor size 6291456 bytes, new threshold 1 (max 15)
- age   1:   13384512 bytes,   13384512 total
, 0.0062527 secs]
   [Parallel Time: 5.5 ms, GC Workers: 4]
      [GC Worker Start (ms): Min: 371174.9, Avg: 371174.9, Max: 371174.9, Diff: 0.0]
      [Ext Root Scanning (ms): Min: 0.5, Avg: 0.6, Max: 0.6, Diff: 0.1, Sum: 2.2]
      [Update RS (ms): Min: 0.8, Avg: 0.8, Max: 0.8, Diff: 0.0, Sum: 3.2]
         [Processed Buffers: Min: 7, Avg: 13.8, Max: 23, Diff: 16, Sum: 55]
      [Scan RS (ms): Min: 0.0, Avg: 0.0, Max: 0.0, Diff: 0.0, Sum: 0.1]
      [Code Root Scanning (ms): Min: 0.0, Avg: 0.0, Max: 0.0, Diff: 0.0, Sum: 0.0]
      [Object Copy (ms): Min: 4.0, Avg: 4.1, Max: 4.1, Diff: 0.1, Sum: 16.3]
      [Termination (ms): Min: 0.0, Avg: 0.0, Max: 0.0, Diff: 0.0, Sum: 0.0]
         [Termination Attempts: Min: 1, Avg: 1.0, Max: 1, Diff: 0, Sum: 4]
      [GC Worker Other (ms): Min: 0.0, Avg: 0.0, Max: 0.0, Diff: 0.0, Sum: 0.1]
      [GC Worker Total (ms): Min: 5.5, Avg: 5.5, Max: 5.5, Diff: 0.0, Sum: 21.9]
      [GC Worker End (ms): Min: 371180.4, Avg: 371180.4, Max: 371180.4, Diff: 0.0]
   [Code Root Fixup: 0.0 ms]
   [Code Root Purge: 0.0 ms]
   [Clear CT: 0.0 ms]
   [Other: 0.7 ms]
      [Choose CSet: 0.0 ms]
      [Ref Proc: 0.1 ms]
      [Ref Enq: 0.0 ms]
      [Redirty Cards: 0.0 ms]
      [Humongous Register: 0.1 ms]
      [Humongous Reclaim: 0.0 ms]
      [Free CSet: 0.1 ms]
   [Eden: 78.0M(78.0M)->0.0B(42.0M) Survivors: 13.0M->12.0M Heap: 970.5M(1096.0M)->906.5M(1096.0M)]
 [Times: user=0.00 sys=0.00, real=0.01 secs] 
2016-06-27T20:31:08.909+0300: 371.181: Total time for which application threads were stopped: 0.0077555 seconds, Stopping threads took: 0.0006937 seconds
2016-06-27T20:31:09.272+0300: 371.544: [GC pause (G1 Evacuation Pause) (mixed)
Desired survivor size 3670016 bytes, new threshold 1 (max 15)
- age   1:   12386376 bytes,   12386376 total
, 0.0215649 secs]
   [Parallel Time: 19.9 ms, GC Workers: 4]
      [GC Worker Start (ms): Min: 371544.8, Avg: 371544.8, Max: 371544.8, Diff: 0.0]
      [Ext Root Scanning (ms): Min: 0.6, Avg: 0.6, Max: 0.6, Diff: 0.1, Sum: 2.4]
      [Update RS (ms): Min: 0.9, Avg: 1.0, Max: 1.0, Diff: 0.1, Sum: 4.0]
         [Processed Buffers: Min: 5, Avg: 10.3, Max: 18, Diff: 13, Sum: 41]
      [Scan RS (ms): Min: 3.3, Avg: 3.3, Max: 3.5, Diff: 0.2, Sum: 13.4]
      [Code Root Scanning (ms): Min: 0.0, Avg: 0.1, Max: 0.1, Diff: 0.1, Sum: 0.2]
      [Object Copy (ms): Min: 14.8, Avg: 14.8, Max: 14.9, Diff: 0.1, Sum: 59.3]
      [Termination (ms): Min: 0.0, Avg: 0.0, Max: 0.0, Diff: 0.0, Sum: 0.0]
         [Termination Attempts: Min: 1, Avg: 1.5, Max: 3, Diff: 2, Sum: 6]
      [GC Worker Other (ms): Min: 0.0, Avg: 0.0, Max: 0.0, Diff: 0.0, Sum: 0.1]
      [GC Worker Total (ms): Min: 19.8, Avg: 19.8, Max: 19.9, Diff: 0.0, Sum: 79.4]
      [GC Worker End (ms): Min: 371564.6, Avg: 371564.6, Max: 371564.7, Diff: 0.0]
   [Code Root Fixup: 0.1 ms]
   [Code Root Purge: 0.0 ms]
   [Clear CT: 0.2 ms]
   [Other: 1.4 ms]
      [Choose CSet: 0.2 ms]
      [Ref Proc: 0.1 ms]
      [Ref Enq: 0.0 ms]
      [Redirty Cards: 0.1 ms]
      [Humongous Register: 0.1 ms]
      [Humongous Reclaim: 0.0 ms]
      [Free CSet: 0.6 ms]
   [Eden: 42.0M(42.0M)->0.0B(47.0M) Survivors: 12.0M->7168.0K Heap: 948.5M(1096.0M)->875.5M(1096.0M)]
 [Times: user=0.06 sys=0.00, real=0.02 secs] 
2016-06-27T20:31:09.294+0300: 371.566: Total time for which application threads were stopped: 0.0231211 seconds, Stopping threads took: 0.0006680 seconds
2016-06-27T20:31:09.704+0300: 371.976: [GC pause (G1 Evacuation Pause) (mixed)
Desired survivor size 3670016 bytes, new threshold 1 (max 15)
- age   1:    7067656 bytes,    7067656 total
, 0.0190383 secs]
   [Parallel Time: 18.1 ms, GC Workers: 4]
      [GC Worker Start (ms): Min: 371976.3, Avg: 371976.3, Max: 371976.3, Diff: 0.0]
      [Ext Root Scanning (ms): Min: 0.6, Avg: 0.6, Max: 0.6, Diff: 0.0, Sum: 2.4]
      [Update RS (ms): Min: 11.0, Avg: 11.1, Max: 11.2, Diff: 0.2, Sum: 44.4]
         [Processed Buffers: Min: 14, Avg: 22.0, Max: 38, Diff: 24, Sum: 88]
      [Scan RS (ms): Min: 1.3, Avg: 1.5, Max: 1.6, Diff: 0.3, Sum: 5.9]
      [Code Root Scanning (ms): Min: 0.0, Avg: 0.0, Max: 0.1, Diff: 0.1, Sum: 0.1]
      [Object Copy (ms): Min: 4.8, Avg: 4.8, Max: 4.9, Diff: 0.1, Sum: 19.4]
      [Termination (ms): Min: 0.0, Avg: 0.0, Max: 0.0, Diff: 0.0, Sum: 0.0]
         [Termination Attempts: Min: 1, Avg: 2.0, Max: 4, Diff: 3, Sum: 8]
      [GC Worker Other (ms): Min: 0.0, Avg: 0.0, Max: 0.0, Diff: 0.0, Sum: 0.1]
      [GC Worker Total (ms): Min: 18.1, Avg: 18.1, Max: 18.1, Diff: 0.0, Sum: 72.3]
      [GC Worker End (ms): Min: 371994.4, Avg: 371994.4, Max: 371994.4, Diff: 0.0]
   [Code Root Fixup: 0.0 ms]
   [Code Root Purge: 0.0 ms]
   [Clear CT: 0.2 ms]
   [Other: 0.7 ms]
      [Choose CSet: 0.1 ms]
      [Ref Proc: 0.0 ms]
      [Ref Enq: 0.0 ms]
      [Redirty Cards: 0.0 ms]
      [Humongous Register: 0.0 ms]
      [Humongous Reclaim: 0.0 ms]
      [Free CSet: 0.2 ms]
   [Eden: 47.0M(47.0M)->0.0B(47.0M) Survivors: 7168.0K->7168.0K Heap: 922.5M(1096.0M)->879.0M(1096.0M)]
 [Times: user=0.08 sys=0.00, real=0.02 secs] 
2016-06-27T20:31:09.723+0300: 371.995: Total time for which application threads were stopped: 0.0203153 seconds, Stopping threads took: 0.0005072 seconds
2016-06-27T20:31:10.088+0300: 372.360: Total time for which application threads were stopped: 0.0023654 seconds, Stopping threads took: 0.0009195 seconds
2016-06-27T20:31:10.129+0300: 372.401: [GC pause (G1 Evacuation Pause) (young)
Desired survivor size 3670016 bytes, new threshold 1 (max 15)
- age   1:    6967280 bytes,    6967280 total
, 0.0087058 secs]
   [Parallel Time: 8.0 ms, GC Workers: 4]
      [GC Worker Start (ms): Min: 372401.6, Avg: 372401.6, Max: 372401.6, Diff: 0.0]
      [Ext Root Scanning (ms): Min: 0.4, Avg: 0.5, Max: 0.7, Diff: 0.2, Sum: 2.1]
      [Update RS (ms): Min: 4.9, Avg: 5.0, Max: 5.1, Diff: 0.2, Sum: 20.1]
         [Processed Buffers: Min: 5, Avg: 13.8, Max: 34, Diff: 29, Sum: 55]
      [Scan RS (ms): Min: 0.0, Avg: 0.0, Max: 0.0, Diff: 0.0, Sum: 0.0]
      [Code Root Scanning (ms): Min: 0.0, Avg: 0.0, Max: 0.0, Diff: 0.0, Sum: 0.0]
      [Object Copy (ms): Min: 2.4, Avg: 2.4, Max: 2.5, Diff: 0.1, Sum: 9.7]
      [Termination (ms): Min: 0.0, Avg: 0.0, Max: 0.0, Diff: 0.0, Sum: 0.0]
         [Termination Attempts: Min: 1, Avg: 1.0, Max: 1, Diff: 0, Sum: 4]
      [GC Worker Other (ms): Min: 0.0, Avg: 0.0, Max: 0.0, Diff: 0.0, Sum: 0.1]
      [GC Worker Total (ms): Min: 8.0, Avg: 8.0, Max: 8.0, Diff: 0.0, Sum: 32.0]
      [GC Worker End (ms): Min: 372409.6, Avg: 372409.6, Max: 372409.6, Diff: 0.0]
   [Code Root Fixup: 0.0 ms]
   [Code Root Purge: 0.0 ms]
   [Clear CT: 0.0 ms]
   [Other: 0.6 ms]
      [Choose CSet: 0.0 ms]
      [Ref Proc: 0.0 ms]
      [Ref Enq: 0.0 ms]
      [Redirty Cards: 0.0 ms]
      [Humongous Register: 0.0 ms]
      [Humongous Reclaim: 0.0 ms]
      [Free CSet: 0.1 ms]
   [Eden: 47.0M(47.0M)->0.0B(83.0M) Survivors: 7168.0K->7168.0K Heap: 926.0M(1096.0M)->888.0M(1096.0M)]
 [Times: user=0.01 sys=0.00, real=0.01 secs] 
2016-06-27T20:31:10.138+0300: 372.410: Total time for which application threads were stopped: 0.0096051 seconds, Stopping threads took: 0.0002613 seconds
2016-06-27T20:31:10.851+0300: 373.123: [GC pause (G1 Evacuation Pause) (young) (initial-mark)
Desired survivor size 6291456 bytes, new threshold 1 (max 15)
- age   1:    6844656 bytes,    6844656 total
, 0.0064110 secs]
   [Parallel Time: 5.7 ms, GC Workers: 4]
      [GC Worker Start (ms): Min: 373123.0, Avg: 373123.1, Max: 373123.2, Diff: 0.2]
      [Ext Root Scanning (ms): Min: 0.5, Avg: 1.9, Max: 5.5, Diff: 4.9, Sum: 7.5]
      [Update RS (ms): Min: 0.0, Avg: 0.9, Max: 1.2, Diff: 1.2, Sum: 3.6]
         [Processed Buffers: Min: 0, Avg: 9.3, Max: 18, Diff: 18, Sum: 37]
      [Scan RS (ms): Min: 0.0, Avg: 0.0, Max: 0.0, Diff: 0.0, Sum: 0.1]
      [Code Root Scanning (ms): Min: 0.0, Avg: 0.0, Max: 0.0, Diff: 0.0, Sum: 0.0]
      [Object Copy (ms): Min: 0.2, Avg: 2.7, Max: 3.6, Diff: 3.4, Sum: 10.6]
      [Termination (ms): Min: 0.0, Avg: 0.1, Max: 0.2, Diff: 0.2, Sum: 0.5]
         [Termination Attempts: Min: 1, Avg: 1.3, Max: 2, Diff: 1, Sum: 5]
      [GC Worker Other (ms): Min: 0.0, Avg: 0.0, Max: 0.0, Diff: 0.0, Sum: 0.0]
      [GC Worker Total (ms): Min: 5.5, Avg: 5.6, Max: 5.7, Diff: 0.2, Sum: 22.4]
      [GC Worker End (ms): Min: 373128.7, Avg: 373128.7, Max: 373128.7, Diff: 0.0]
   [Code Root Fixup: 0.0 ms]
   [Code Root Purge: 0.0 ms]
   [Clear CT: 0.0 ms]
   [Other: 0.6 ms]
      [Choose CSet: 0.0 ms]
      [Ref Proc: 0.1 ms]
      [Ref Enq: 0.0 ms]
      [Redirty Cards: 0.0 ms]
      [Humongous Register: 0.0 ms]
      [Humongous Reclaim: 0.0 ms]
      [Free CSet: 0.1 ms]
   [Eden: 83.0M(83.0M)->0.0B(70.0M) Survivors: 7168.0K->12.0M Heap: 971.0M(1096.0M)->902.5M(1096.0M)]
 [Times: user=0.00 sys=0.00, real=0.01 secs] 
2016-06-27T20:31:10.857+0300: 373.129: [GC concurrent-root-region-scan-start]
2016-06-27T20:31:10.857+0300: 373.129: Total time for which application threads were stopped: 0.0122343 seconds, Stopping threads took: 0.0050874 seconds
2016-06-27T20:31:10.858+0300: 373.130: [GC concurrent-root-region-scan-end, 0.0008758 secs]
2016-06-27T20:31:10.858+0300: 373.130: [GC concurrent-mark-start]
2016-06-27T20:31:10.950+0300: 373.222: [GC concurrent-mark-end, 0.0910143 secs]
2016-06-27T20:31:10.964+0300: 373.236: [GC remark 2016-06-27T20:31:10.964+0300: 373.236: [Finalize Marking, 0.0003220 secs] 2016-06-27T20:31:10.964+0300: 373.236: [GC ref-proc, 0.0001078 secs] 2016-06-27T20:31:10.964+0300: 373.236: [Unloading, 0.0017153 secs], 0.0059239 secs]
 [Times: user=0.00 sys=0.00, real=0.01 secs] 
2016-06-27T20:31:10.970+0300: 373.242: Total time for which application threads were stopped: 0.0076691 seconds, Stopping threads took: 0.0012428 seconds
2016-06-27T20:31:10.971+0300: 373.243: [GC cleanup 919M->919M(1096M), 0.0021785 secs]
 [Times: user=0.00 sys=0.00, real=0.00 secs] 
2016-06-27T20:31:10.973+0300: 373.245: Total time for which application threads were stopped: 0.0028413 seconds, Stopping threads took: 0.0000522 seconds
2016-06-27T20:31:11.429+0300: 373.701: [GC pause (G1 Evacuation Pause) (young)
Desired survivor size 5767168 bytes, new threshold 1 (max 15)
- age   1:   12277064 bytes,   12277064 total
, 0.0061651 secs]
   [Parallel Time: 5.5 ms, GC Workers: 4]
      [GC Worker Start (ms): Min: 373701.4, Avg: 373701.4, Max: 373701.4, Diff: 0.0]
      [Ext Root Scanning (ms): Min: 0.5, Avg: 0.6, Max: 0.6, Diff: 0.0, Sum: 2.3]
      [Update RS (ms): Min: 1.1, Avg: 1.2, Max: 1.2, Diff: 0.1, Sum: 4.6]
         [Processed Buffers: Min: 9, Avg: 13.5, Max: 21, Diff: 12, Sum: 54]
      [Scan RS (ms): Min: 0.0, Avg: 0.0, Max: 0.0, Diff: 0.0, Sum: 0.0]
      [Code Root Scanning (ms): Min: 0.0, Avg: 0.0, Max: 0.0, Diff: 0.0, Sum: 0.0]
      [Object Copy (ms): Min: 3.6, Avg: 3.7, Max: 3.7, Diff: 0.1, Sum: 14.8]
      [Termination (ms): Min: 0.0, Avg: 0.0, Max: 0.0, Diff: 0.0, Sum: 0.0]
         [Termination Attempts: Min: 1, Avg: 1.0, Max: 1, Diff: 0, Sum: 4]
      [GC Worker Other (ms): Min: 0.0, Avg: 0.0, Max: 0.0, Diff: 0.0, Sum: 0.1]
      [GC Worker Total (ms): Min: 5.4, Avg: 5.4, Max: 5.5, Diff: 0.0, Sum: 21.8]
      [GC Worker End (ms): Min: 373706.8, Avg: 373706.8, Max: 373706.8, Diff: 0.0]
   [Code Root Fixup: 0.0 ms]
   [Code Root Purge: 0.0 ms]
   [Clear CT: 0.1 ms]
   [Other: 0.6 ms]
      [Choose CSet: 0.0 ms]
      [Ref Proc: 0.1 ms]
      [Ref Enq: 0.0 ms]
      [Redirty Cards: 0.0 ms]
      [Humongous Register: 0.1 ms]
      [Humongous Reclaim: 0.0 ms]
      [Free CSet: 0.1 ms]
   [Eden: 70.0M(70.0M)->0.0B(43.0M) Survivors: 12.0M->11.0M Heap: 972.5M(1096.0M)->915.0M(1096.0M)]
 [Times: user=0.00 sys=0.00, real=0.01 secs] 
2016-06-27T20:31:11.435+0300: 373.708: Total time for which application threads were stopped: 0.0086348 seconds, Stopping threads took: 0.0016614 seconds
2016-06-27T20:31:11.808+0300: 374.080: [GC pause (G1 Evacuation Pause) (mixed)
Desired survivor size 3670016 bytes, new threshold 1 (max 15)
- age   1:   11250552 bytes,   11250552 total
, 0.0218104 secs]
   [Parallel Time: 20.4 ms, GC Workers: 4]
      [GC Worker Start (ms): Min: 374080.4, Avg: 374080.4, Max: 374080.4, Diff: 0.0]
      [Ext Root Scanning (ms): Min: 0.6, Avg: 0.8, Max: 1.6, Diff: 1.0, Sum: 3.3]
      [Update RS (ms): Min: 0.4, Avg: 1.0, Max: 1.3, Diff: 0.9, Sum: 4.1]
         [Processed Buffers: Min: 1, Avg: 10.0, Max: 18, Diff: 17, Sum: 40]
      [Scan RS (ms): Min: 3.1, Avg: 3.1, Max: 3.2, Diff: 0.1, Sum: 12.5]
      [Code Root Scanning (ms): Min: 0.0, Avg: 0.0, Max: 0.1, Diff: 0.1, Sum: 0.2]
      [Object Copy (ms): Min: 15.2, Avg: 15.3, Max: 15.4, Diff: 0.2, Sum: 61.2]
      [Termination (ms): Min: 0.0, Avg: 0.0, Max: 0.0, Diff: 0.0, Sum: 0.0]
         [Termination Attempts: Min: 1, Avg: 1.8, Max: 3, Diff: 2, Sum: 7]
      [GC Worker Other (ms): Min: 0.0, Avg: 0.0, Max: 0.0, Diff: 0.0, Sum: 0.1]
      [GC Worker Total (ms): Min: 20.3, Avg: 20.4, Max: 20.4, Diff: 0.0, Sum: 81.5]
      [GC Worker End (ms): Min: 374100.8, Avg: 374100.8, Max: 374100.8, Diff: 0.0]
   [Code Root Fixup: 0.1 ms]
   [Code Root Purge: 0.0 ms]
   [Clear CT: 0.2 ms]
   [Other: 1.1 ms]
      [Choose CSet: 0.2 ms]
      [Ref Proc: 0.1 ms]
      [Ref Enq: 0.0 ms]
      [Redirty Cards: 0.1 ms]
      [Humongous Register: 0.0 ms]
      [Humongous Reclaim: 0.0 ms]
      [Free CSet: 0.5 ms]
   [Eden: 43.0M(43.0M)->0.0B(47.0M) Survivors: 11.0M->7168.0K Heap: 958.0M(1096.0M)->883.5M(1096.0M)]
 [Times: user=0.06 sys=0.00, real=0.02 secs] 
2016-06-27T20:31:11.830+0300: 374.102: Total time for which application threads were stopped: 0.0232614 seconds, Stopping threads took: 0.0008091 seconds
2016-06-27T20:31:12.232+0300: 374.504: [GC pause (G1 Evacuation Pause) (mixed)
Desired survivor size 3670016 bytes, new threshold 1 (max 15)
- age   1:    6965208 bytes,    6965208 total
, 0.0191538 secs]
   [Parallel Time: 18.3 ms, GC Workers: 4]
      [GC Worker Start (ms): Min: 374504.1, Avg: 374504.1, Max: 374504.1, Diff: 0.0]
      [Ext Root Scanning (ms): Min: 0.6, Avg: 0.6, Max: 0.7, Diff: 0.1, Sum: 2.5]
      [Update RS (ms): Min: 11.7, Avg: 11.7, Max: 11.8, Diff: 0.1, Sum: 47.0]
         [Processed Buffers: Min: 15, Avg: 20.8, Max: 28, Diff: 13, Sum: 83]
      [Scan RS (ms): Min: 1.2, Avg: 1.3, Max: 1.3, Diff: 0.1, Sum: 5.1]
      [Code Root Scanning (ms): Min: 0.0, Avg: 0.0, Max: 0.0, Diff: 0.0, Sum: 0.0]
      [Object Copy (ms): Min: 4.5, Avg: 4.6, Max: 4.6, Diff: 0.1, Sum: 18.3]
      [Termination (ms): Min: 0.0, Avg: 0.0, Max: 0.0, Diff: 0.0, Sum: 0.0]
         [Termination Attempts: Min: 1, Avg: 2.8, Max: 6, Diff: 5, Sum: 11]
      [GC Worker Other (ms): Min: 0.0, Avg: 0.0, Max: 0.0, Diff: 0.0, Sum: 0.1]
      [GC Worker Total (ms): Min: 18.2, Avg: 18.2, Max: 18.3, Diff: 0.0, Sum: 73.0]
      [GC Worker End (ms): Min: 374522.4, Avg: 374522.4, Max: 374522.4, Diff: 0.0]
   [Code Root Fixup: 0.0 ms]
   [Code Root Purge: 0.0 ms]
   [Clear CT: 0.2 ms]
   [Other: 0.7 ms]
      [Choose CSet: 0.1 ms]
      [Ref Proc: 0.0 ms]
      [Ref Enq: 0.0 ms]
      [Redirty Cards: 0.0 ms]
      [Humongous Register: 0.0 ms]
      [Humongous Reclaim: 0.0 ms]
      [Free CSet: 0.2 ms]
   [Eden: 47.0M(47.0M)->0.0B(82.0M) Survivors: 7168.0K->7168.0K Heap: 930.5M(1096.0M)->887.5M(1096.0M)]
 [Times: user=0.06 sys=0.00, real=0.02 secs] 
2016-06-27T20:31:12.251+0300: 374.523: Total time for which application threads were stopped: 0.0240637 seconds, Stopping threads took: 0.0042021 seconds
2016-06-27T20:31:12.523+0300: 374.795: Total time for which application threads were stopped: 0.0023444 seconds, Stopping threads took: 0.0018748 seconds
2016-06-27T20:31:12.916+0300: 375.188: [GC pause (G1 Evacuation Pause) (young)
Desired survivor size 6291456 bytes, new threshold 1 (max 15)
- age   1:    7200704 bytes,    7200704 total
, 0.0094935 secs]
   [Parallel Time: 8.8 ms, GC Workers: 4]
      [GC Worker Start (ms): Min: 375188.3, Avg: 375188.3, Max: 375188.3, Diff: 0.0]
      [Ext Root Scanning (ms): Min: 0.4, Avg: 0.5, Max: 0.7, Diff: 0.3, Sum: 2.2]
      [Update RS (ms): Min: 4.8, Avg: 4.9, Max: 4.9, Diff: 0.1, Sum: 19.6]
         [Processed Buffers: Min: 15, Avg: 23.8, Max: 33, Diff: 18, Sum: 95]
      [Scan RS (ms): Min: 0.0, Avg: 0.0, Max: 0.0, Diff: 0.0, Sum: 0.1]
      [Code Root Scanning (ms): Min: 0.0, Avg: 0.0, Max: 0.0, Diff: 0.0, Sum: 0.0]
      [Object Copy (ms): Min: 3.2, Avg: 3.3, Max: 3.3, Diff: 0.1, Sum: 13.1]
      [Termination (ms): Min: 0.0, Avg: 0.0, Max: 0.0, Diff: 0.0, Sum: 0.0]
         [Termination Attempts: Min: 1, Avg: 1.0, Max: 1, Diff: 0, Sum: 4]
      [GC Worker Other (ms): Min: 0.0, Avg: 0.0, Max: 0.0, Diff: 0.0, Sum: 0.1]
      [GC Worker Total (ms): Min: 8.7, Avg: 8.7, Max: 8.7, Diff: 0.0, Sum: 35.0]
      [GC Worker End (ms): Min: 375197.1, Avg: 375197.1, Max: 375197.1, Diff: 0.0]
   [Code Root Fixup: 0.0 ms]
   [Code Root Purge: 0.0 ms]
   [Clear CT: 0.0 ms]
   [Other: 0.7 ms]
      [Choose CSet: 0.0 ms]
      [Ref Proc: 0.0 ms]
      [Ref Enq: 0.0 ms]
      [Redirty Cards: 0.0 ms]
      [Humongous Register: 0.0 ms]
      [Humongous Reclaim: 0.0 ms]
      [Free CSet: 0.1 ms]
   [Eden: 82.0M(82.0M)->0.0B(70.0M) Survivors: 7168.0K->12.0M Heap: 969.5M(1096.0M)->902.5M(1096.0M)]
 [Times: user=0.00 sys=0.00, real=0.01 secs] 
2016-06-27T20:31:12.926+0300: 375.198: Total time for which application threads were stopped: 0.0142144 seconds, Stopping threads took: 0.0041149 seconds
2016-06-27T20:31:13.541+0300: 375.813: [GC pause (G1 Evacuation Pause) (young) (initial-mark)
Desired survivor size 5767168 bytes, new threshold 1 (max 15)
- age   1:   12334064 bytes,   12334064 total
, 0.0060487 secs]
   [Parallel Time: 5.4 ms, GC Workers: 4]
      [GC Worker Start (ms): Min: 375813.2, Avg: 375813.2, Max: 375813.2, Diff: 0.0]
      [Ext Root Scanning (ms): Min: 0.5, Avg: 0.6, Max: 0.7, Diff: 0.2, Sum: 2.3]
      [Update RS (ms): Min: 1.0, Avg: 1.1, Max: 1.2, Diff: 0.2, Sum: 4.4]
         [Processed Buffers: Min: 2, Avg: 12.5, Max: 29, Diff: 27, Sum: 50]
      [Scan RS (ms): Min: 0.0, Avg: 0.0, Max: 0.0, Diff: 0.0, Sum: 0.1]
      [Code Root Scanning (ms): Min: 0.0, Avg: 0.0, Max: 0.0, Diff: 0.0, Sum: 0.0]
      [Object Copy (ms): Min: 3.3, Avg: 3.6, Max: 3.7, Diff: 0.4, Sum: 14.4]
      [Termination (ms): Min: 0.0, Avg: 0.0, Max: 0.0, Diff: 0.0, Sum: 0.0]
         [Termination Attempts: Min: 1, Avg: 1.0, Max: 1, Diff: 0, Sum: 4]
      [GC Worker Other (ms): Min: 0.0, Avg: 0.0, Max: 0.0, Diff: 0.0, Sum: 0.1]
      [GC Worker Total (ms): Min: 5.3, Avg: 5.3, Max: 5.3, Diff: 0.0, Sum: 21.3]
      [GC Worker End (ms): Min: 375818.5, Avg: 375818.5, Max: 375818.5, Diff: 0.0]
   [Code Root Fixup: 0.0 ms]
   [Code Root Purge: 0.0 ms]
   [Clear CT: 0.0 ms]
   [Other: 0.6 ms]
      [Choose CSet: 0.0 ms]
      [Ref Proc: 0.1 ms]
      [Ref Enq: 0.0 ms]
      [Redirty Cards: 0.0 ms]
      [Humongous Register: 0.0 ms]
      [Humongous Reclaim: 0.0 ms]
      [Free CSet: 0.1 ms]
   [Eden: 70.0M(70.0M)->0.0B(60.0M) Survivors: 12.0M->11.0M Heap: 972.5M(1096.0M)->915.0M(1096.0M)]
 [Times: user=0.00 sys=0.00, real=0.01 secs] 
2016-06-27T20:31:13.547+0300: 375.819: [GC concurrent-root-region-scan-start]
2016-06-27T20:31:13.547+0300: 375.819: Total time for which application threads were stopped: 0.0119046 seconds, Stopping threads took: 0.0051973 seconds
2016-06-27T20:31:13.548+0300: 375.820: [GC concurrent-root-region-scan-end, 0.0006830 secs]
2016-06-27T20:31:13.548+0300: 375.820: [GC concurrent-mark-start]
2016-06-27T20:31:13.634+0300: 375.905: [GC concurrent-mark-end, 0.0855172 secs]
2016-06-27T20:31:13.646+0300: 375.918: [GC remark 2016-06-27T20:31:13.646+0300: 375.918: [Finalize Marking, 0.0002767 secs] 2016-06-27T20:31:13.646+0300: 375.918: [GC ref-proc, 0.0001022 secs] 2016-06-27T20:31:13.647+0300: 375.918: [Unloading, 0.0017418 secs], 0.0058601 secs]
 [Times: user=0.00 sys=0.00, real=0.01 secs] 
2016-06-27T20:31:13.652+0300: 375.924: Total time for which application threads were stopped: 0.0074810 seconds, Stopping threads took: 0.0011559 seconds
2016-06-27T20:31:13.653+0300: 375.925: [GC cleanup 931M->931M(1096M), 0.0022490 secs]
 [Times: user=0.00 sys=0.00, real=0.00 secs] 
2016-06-27T20:31:13.656+0300: 375.928: Total time for which application threads were stopped: 0.0028071 seconds, Stopping threads took: 0.0000586 seconds
2016-06-27T20:31:13.938+0300: 376.210: Total time for which application threads were stopped: 0.0040336 seconds, Stopping threads took: 0.0029264 seconds
2016-06-27T20:31:14.008+0300: 376.280: [GC pause (G1 Evacuation Pause) (young)
Desired survivor size 4718592 bytes, new threshold 1 (max 15)
- age   1:   11321032 bytes,   11321032 total
, 0.0052636 secs]
   [Parallel Time: 4.7 ms, GC Workers: 4]
      [GC Worker Start (ms): Min: 376280.4, Avg: 376280.4, Max: 376280.4, Diff: 0.0]
      [Ext Root Scanning (ms): Min: 0.4, Avg: 0.5, Max: 0.7, Diff: 0.2, Sum: 2.0]
      [Update RS (ms): Min: 0.7, Avg: 0.8, Max: 1.0, Diff: 0.2, Sum: 3.4]
         [Processed Buffers: Min: 2, Avg: 9.8, Max: 16, Diff: 14, Sum: 39]
      [Scan RS (ms): Min: 0.0, Avg: 0.0, Max: 0.0, Diff: 0.0, Sum: 0.1]
      [Code Root Scanning (ms): Min: 0.0, Avg: 0.0, Max: 0.0, Diff: 0.0, Sum: 0.0]
      [Object Copy (ms): Min: 3.2, Avg: 3.3, Max: 3.4, Diff: 0.2, Sum: 13.2]
      [Termination (ms): Min: 0.0, Avg: 0.0, Max: 0.0, Diff: 0.0, Sum: 0.0]
         [Termination Attempts: Min: 1, Avg: 1.0, Max: 1, Diff: 0, Sum: 4]
      [GC Worker Other (ms): Min: 0.0, Avg: 0.0, Max: 0.0, Diff: 0.0, Sum: 0.1]
      [GC Worker Total (ms): Min: 4.7, Avg: 4.7, Max: 4.7, Diff: 0.0, Sum: 18.7]
      [GC Worker End (ms): Min: 376285.1, Avg: 376285.1, Max: 376285.1, Diff: 0.0]
   [Code Root Fixup: 0.0 ms]
   [Code Root Purge: 0.0 ms]
   [Clear CT: 0.0 ms]
   [Other: 0.5 ms]
      [Choose CSet: 0.0 ms]
      [Ref Proc: 0.0 ms]
      [Ref Enq: 0.0 ms]
      [Redirty Cards: 0.0 ms]
      [Humongous Register: 0.0 ms]
      [Humongous Reclaim: 0.0 ms]
      [Free CSet: 0.1 ms]
   [Eden: 60.0M(60.0M)->0.0B(45.0M) Survivors: 11.0M->9216.0K Heap: 975.0M(1096.0M)->925.5M(1096.0M)]
 [Times: user=0.00 sys=0.00, real=0.01 secs] 
2016-06-27T20:31:14.014+0300: 376.286: Total time for which application threads were stopped: 0.0060868 seconds, Stopping threads took: 0.0002476 seconds
2016-06-27T20:31:14.403+0300: 376.675: [GC pause (G1 Evacuation Pause) (mixed)
Desired survivor size 3670016 bytes, new threshold 1 (max 15)
- age   1:    9302328 bytes,    9302328 total
, 0.0201438 secs]
   [Parallel Time: 18.6 ms, GC Workers: 4]
      [GC Worker Start (ms): Min: 376675.2, Avg: 376675.2, Max: 376675.2, Diff: 0.0]
      [Ext Root Scanning (ms): Min: 0.5, Avg: 0.6, Max: 0.7, Diff: 0.2, Sum: 2.3]
      [Update RS (ms): Min: 0.7, Avg: 0.7, Max: 0.8, Diff: 0.1, Sum: 3.0]
         [Processed Buffers: Min: 7, Avg: 10.3, Max: 14, Diff: 7, Sum: 41]
      [Scan RS (ms): Min: 3.2, Avg: 3.3, Max: 3.4, Diff: 0.2, Sum: 13.3]
      [Code Root Scanning (ms): Min: 0.0, Avg: 0.1, Max: 0.2, Diff: 0.2, Sum: 0.3]
      [Object Copy (ms): Min: 13.8, Avg: 13.8, Max: 13.9, Diff: 0.1, Sum: 55.4]
      [Termination (ms): Min: 0.0, Avg: 0.0, Max: 0.0, Diff: 0.0, Sum: 0.0]
         [Termination Attempts: Min: 1, Avg: 1.5, Max: 3, Diff: 2, Sum: 6]
      [GC Worker Other (ms): Min: 0.0, Avg: 0.0, Max: 0.0, Diff: 0.0, Sum: 0.1]
      [GC Worker Total (ms): Min: 18.6, Avg: 18.6, Max: 18.6, Diff: 0.0, Sum: 74.3]
      [GC Worker End (ms): Min: 376693.8, Avg: 376693.8, Max: 376693.8, Diff: 0.0]
   [Code Root Fixup: 0.1 ms]
   [Code Root Purge: 0.0 ms]
   [Clear CT: 0.2 ms]
   [Other: 1.2 ms]
      [Choose CSet: 0.2 ms]
      [Ref Proc: 0.1 ms]
      [Ref Enq: 0.0 ms]
      [Redirty Cards: 0.1 ms]
      [Humongous Register: 0.0 ms]
      [Humongous Reclaim: 0.0 ms]
      [Free CSet: 0.5 ms]
   [Eden: 45.0M(45.0M)->0.0B(47.0M) Survivors: 9216.0K->7168.0K Heap: 970.5M(1096.0M)->892.0M(1096.0M)]
 [Times: user=0.06 sys=0.00, real=0.02 secs] 
2016-06-27T20:31:14.423+0300: 376.695: Total time for which application threads were stopped: 0.0235868 seconds, Stopping threads took: 0.0028110 seconds
2016-06-27T20:31:14.803+0300: 377.075: [GC pause (G1 Evacuation Pause) (mixed)
Desired survivor size 3670016 bytes, new threshold 1 (max 15)
- age   1:    6962344 bytes,    6962344 total
, 0.0278057 secs]
   [Parallel Time: 26.7 ms, GC Workers: 4]
      [GC Worker Start (ms): Min: 377075.3, Avg: 377075.3, Max: 377075.4, Diff: 0.0]
      [Ext Root Scanning (ms): Min: 0.5, Avg: 0.5, Max: 0.6, Diff: 0.1, Sum: 2.2]
      [Update RS (ms): Min: 11.4, Avg: 15.1, Max: 26.0, Diff: 14.6, Sum: 60.5]
         [Processed Buffers: Min: 7, Avg: 17.5, Max: 30, Diff: 23, Sum: 70]
      [Scan RS (ms): Min: 0.0, Avg: 2.8, Max: 3.7, Diff: 3.7, Sum: 11.1]
      [Code Root Scanning (ms): Min: 0.0, Avg: 0.0, Max: 0.0, Diff: 0.0, Sum: 0.0]
      [Object Copy (ms): Min: 0.1, Avg: 7.4, Max: 9.9, Diff: 9.8, Sum: 29.6]
      [Termination (ms): Min: 0.0, Avg: 0.8, Max: 1.2, Diff: 1.2, Sum: 3.3]
         [Termination Attempts: Min: 1, Avg: 42.5, Max: 93, Diff: 92, Sum: 170]
      [GC Worker Other (ms): Min: 0.0, Avg: 0.0, Max: 0.0, Diff: 0.0, Sum: 0.0]
      [GC Worker Total (ms): Min: 26.7, Avg: 26.7, Max: 26.7, Diff: 0.0, Sum: 106.8]
      [GC Worker End (ms): Min: 377102.0, Avg: 377102.0, Max: 377102.0, Diff: 0.0]
   [Code Root Fixup: 0.0 ms]
   [Code Root Purge: 0.0 ms]
   [Clear CT: 0.2 ms]
   [Other: 0.8 ms]
      [Choose CSet: 0.1 ms]
      [Ref Proc: 0.1 ms]
      [Ref Enq: 0.0 ms]
      [Redirty Cards: 0.0 ms]
      [Humongous Register: 0.0 ms]
      [Humongous Reclaim: 0.0 ms]
      [Free CSet: 0.3 ms]
   [Eden: 47.0M(47.0M)->0.0B(47.0M) Survivors: 7168.0K->7168.0K Heap: 939.0M(1096.0M)->884.0M(1096.0M)]
 [Times: user=0.02 sys=0.03, real=0.03 secs] 
2016-06-27T20:31:14.831+0300: 377.103: Total time for which application threads were stopped: 0.0322126 seconds, Stopping threads took: 0.0037621 seconds
2016-06-27T20:31:15.209+0300: 377.481: [GC pause (G1 Evacuation Pause) (young)
Desired survivor size 3670016 bytes, new threshold 1 (max 15)
- age   1:    6870552 bytes,    6870552 total
, 0.0118516 secs]
   [Parallel Time: 11.2 ms, GC Workers: 4]
      [GC Worker Start (ms): Min: 377481.6, Avg: 377481.6, Max: 377481.6, Diff: 0.0]
      [Ext Root Scanning (ms): Min: 0.6, Avg: 0.6, Max: 0.6, Diff: 0.0, Sum: 2.2]
      [Update RS (ms): Min: 8.2, Avg: 8.5, Max: 9.5, Diff: 1.3, Sum: 34.0]
         [Processed Buffers: Min: 9, Avg: 16.0, Max: 28, Diff: 19, Sum: 64]
      [Scan RS (ms): Min: 0.0, Avg: 0.0, Max: 0.0, Diff: 0.0, Sum: 0.0]
      [Code Root Scanning (ms): Min: 0.0, Avg: 0.0, Max: 0.0, Diff: 0.0, Sum: 0.0]
      [Object Copy (ms): Min: 1.1, Avg: 2.1, Max: 2.4, Diff: 1.3, Sum: 8.3]
      [Termination (ms): Min: 0.0, Avg: 0.0, Max: 0.0, Diff: 0.0, Sum: 0.0]
         [Termination Attempts: Min: 1, Avg: 1.0, Max: 1, Diff: 0, Sum: 4]
      [GC Worker Other (ms): Min: 0.0, Avg: 0.0, Max: 0.0, Diff: 0.0, Sum: 0.1]
      [GC Worker Total (ms): Min: 11.1, Avg: 11.1, Max: 11.1, Diff: 0.0, Sum: 44.6]
      [GC Worker End (ms): Min: 377492.7, Avg: 377492.7, Max: 377492.7, Diff: 0.0]
   [Code Root Fixup: 0.0 ms]
   [Code Root Purge: 0.0 ms]
   [Clear CT: 0.0 ms]
   [Other: 0.6 ms]
      [Choose CSet: 0.0 ms]
      [Ref Proc: 0.0 ms]
      [Ref Enq: 0.0 ms]
      [Redirty Cards: 0.0 ms]
      [Humongous Register: 0.0 ms]
      [Humongous Reclaim: 0.0 ms]
      [Free CSet: 0.1 ms]
   [Eden: 47.0M(47.0M)->0.0B(47.0M) Survivors: 7168.0K->7168.0K Heap: 931.0M(1096.0M)->893.0M(1096.0M)]
 [Times: user=0.00 sys=0.00, real=0.01 secs] 
2016-06-27T20:31:15.221+0300: 377.493: Total time for which application threads were stopped: 0.0217843 seconds, Stopping threads took: 0.0092579 seconds
2016-06-27T20:31:15.630+0300: 377.902: [GC pause (G1 Evacuation Pause) (young) (initial-mark)
Desired survivor size 3670016 bytes, new threshold 1 (max 15)
- age   1:    7007800 bytes,    7007800 total
, 0.0044510 secs]
   [Parallel Time: 3.7 ms, GC Workers: 4]
      [GC Worker Start (ms): Min: 377902.3, Avg: 377902.3, Max: 377902.3, Diff: 0.0]
      [Ext Root Scanning (ms): Min: 0.6, Avg: 0.6, Max: 0.6, Diff: 0.0, Sum: 2.4]
      [Update RS (ms): Min: 0.7, Avg: 0.7, Max: 0.9, Diff: 0.2, Sum: 3.0]
         [Processed Buffers: Min: 7, Avg: 11.0, Max: 21, Diff: 14, Sum: 44]
      [Scan RS (ms): Min: 0.0, Avg: 0.0, Max: 0.0, Diff: 0.0, Sum: 0.0]
      [Code Root Scanning (ms): Min: 0.0, Avg: 0.0, Max: 0.0, Diff: 0.0, Sum: 0.0]
      [Object Copy (ms): Min: 2.2, Avg: 2.3, Max: 2.4, Diff: 0.2, Sum: 9.3]
      [Termination (ms): Min: 0.0, Avg: 0.0, Max: 0.0, Diff: 0.0, Sum: 0.0]
         [Termination Attempts: Min: 1, Avg: 1.0, Max: 1, Diff: 0, Sum: 4]
      [GC Worker Other (ms): Min: 0.0, Avg: 0.0, Max: 0.0, Diff: 0.0, Sum: 0.0]
      [GC Worker Total (ms): Min: 3.7, Avg: 3.7, Max: 3.7, Diff: 0.0, Sum: 14.8]
      [GC Worker End (ms): Min: 377906.0, Avg: 377906.0, Max: 377906.0, Diff: 0.0]
   [Code Root Fixup: 0.0 ms]
   [Code Root Purge: 0.0 ms]
   [Clear CT: 0.0 ms]
   [Other: 0.6 ms]
      [Choose CSet: 0.0 ms]
      [Ref Proc: 0.1 ms]
      [Ref Enq: 0.0 ms]
      [Redirty Cards: 0.0 ms]
      [Humongous Register: 0.0 ms]
      [Humongous Reclaim: 0.0 ms]
      [Free CSet: 0.1 ms]
   [Eden: 47.0M(47.0M)->0.0B(71.0M) Survivors: 7168.0K->7168.0K Heap: 940.0M(1096.0M)->902.0M(1096.0M)]
 [Times: user=0.00 sys=0.00, real=0.00 secs] 
2016-06-27T20:31:15.634+0300: 377.907: [GC concurrent-root-region-scan-start]
2016-06-27T20:31:15.634+0300: 377.907: Total time for which application threads were stopped: 0.0126564 seconds, Stopping threads took: 0.0075259 seconds
2016-06-27T20:31:15.635+0300: 377.908: [GC concurrent-root-region-scan-end, 0.0008472 secs]
2016-06-27T20:31:15.635+0300: 377.908: [GC concurrent-mark-start]
2016-06-27T20:31:15.728+0300: 378.000: [GC concurrent-mark-end, 0.0921852 secs]
2016-06-27T20:31:15.747+0300: 378.019: [GC remark 2016-06-27T20:31:15.747+0300: 378.019: [Finalize Marking, 0.0003126 secs] 2016-06-27T20:31:15.747+0300: 378.019: [GC ref-proc, 0.0001082 secs] 2016-06-27T20:31:15.748+0300: 378.019: [Unloading, 0.0021041 secs], 0.0075383 secs]
 [Times: user=0.05 sys=0.00, real=0.01 secs] 
2016-06-27T20:31:15.755+0300: 378.027: Total time for which application threads were stopped: 0.0146194 seconds, Stopping threads took: 0.0065410 seconds
2016-06-27T20:31:15.984+0300: 378.256: [GC cleanup 945M->945M(1096M), 0.0021626 secs]
 [Times: user=0.00 sys=0.00, real=0.00 secs] 
2016-06-27T20:31:15.986+0300: 378.258: Total time for which application threads were stopped: 0.0085544 seconds, Stopping threads took: 0.0058024 seconds
2016-06-27T20:31:16.222+0300: 378.494: [GC pause (G1 Evacuation Pause) (young)
Desired survivor size 5242880 bytes, new threshold 1 (max 15)
- age   1:    6952520 bytes,    6952520 total
, 0.0052332 secs]
   [Parallel Time: 4.6 ms, GC Workers: 4]
      [GC Worker Start (ms): Min: 378494.5, Avg: 378494.6, Max: 378494.6, Diff: 0.0]
      [Ext Root Scanning (ms): Min: 0.6, Avg: 0.6, Max: 0.7, Diff: 0.1, Sum: 2.5]
      [Update RS (ms): Min: 0.9, Avg: 1.0, Max: 1.0, Diff: 0.1, Sum: 4.0]
         [Processed Buffers: Min: 7, Avg: 16.0, Max: 38, Diff: 31, Sum: 64]
      [Scan RS (ms): Min: 0.0, Avg: 0.0, Max: 0.0, Diff: 0.0, Sum: 0.0]
      [Code Root Scanning (ms): Min: 0.0, Avg: 0.0, Max: 0.0, Diff: 0.0, Sum: 0.0]
      [Object Copy (ms): Min: 2.8, Avg: 2.9, Max: 3.0, Diff: 0.1, Sum: 11.6]
      [Termination (ms): Min: 0.0, Avg: 0.0, Max: 0.0, Diff: 0.0, Sum: 0.0]
         [Termination Attempts: Min: 1, Avg: 1.0, Max: 1, Diff: 0, Sum: 4]
      [GC Worker Other (ms): Min: 0.0, Avg: 0.0, Max: 0.0, Diff: 0.0, Sum: 0.1]
      [GC Worker Total (ms): Min: 4.6, Avg: 4.6, Max: 4.6, Diff: 0.0, Sum: 18.2]
      [GC Worker End (ms): Min: 378499.1, Avg: 378499.1, Max: 378499.1, Diff: 0.0]
   [Code Root Fixup: 0.0 ms]
   [Code Root Purge: 0.0 ms]
   [Clear CT: 0.0 ms]
   [Other: 0.6 ms]
      [Choose CSet: 0.0 ms]
      [Ref Proc: 0.0 ms]
      [Ref Enq: 0.0 ms]
      [Redirty Cards: 0.0 ms]
      [Humongous Register: 0.0 ms]
      [Humongous Reclaim: 0.0 ms]
      [Free CSet: 0.1 ms]
   [Eden: 71.0M(71.0M)->0.0B(44.0M) Survivors: 7168.0K->10.0M Heap: 973.0M(1096.0M)->915.0M(1096.0M)]
 [Times: user=0.06 sys=0.00, real=0.01 secs] 
2016-06-27T20:31:16.228+0300: 378.500: Total time for which application threads were stopped: 0.0082067 seconds, Stopping threads took: 0.0022200 seconds
2016-06-27T20:31:16.611+0300: 378.883: [GC pause (G1 Evacuation Pause) (mixed)
Desired survivor size 3670016 bytes, new threshold 1 (max 15)
- age   1:   10313872 bytes,   10313872 total
, 0.0208268 secs]
   [Parallel Time: 19.3 ms, GC Workers: 4]
      [GC Worker Start (ms): Min: 378883.0, Avg: 378883.0, Max: 378883.0, Diff: 0.0]
      [Ext Root Scanning (ms): Min: 0.6, Avg: 0.6, Max: 0.6, Diff: 0.0, Sum: 2.3]
      [Update RS (ms): Min: 1.0, Avg: 1.1, Max: 1.2, Diff: 0.1, Sum: 4.3]
         [Processed Buffers: Min: 7, Avg: 10.0, Max: 12, Diff: 5, Sum: 40]
      [Scan RS (ms): Min: 3.1, Avg: 3.2, Max: 3.3, Diff: 0.2, Sum: 13.0]
      [Code Root Scanning (ms): Min: 0.0, Avg: 0.0, Max: 0.0, Diff: 0.0, Sum: 0.0]
      [Object Copy (ms): Min: 14.4, Avg: 14.4, Max: 14.4, Diff: 0.0, Sum: 57.6]
      [Termination (ms): Min: 0.0, Avg: 0.0, Max: 0.0, Diff: 0.0, Sum: 0.0]
         [Termination Attempts: Min: 1, Avg: 1.0, Max: 1, Diff: 0, Sum: 4]
      [GC Worker Other (ms): Min: 0.0, Avg: 0.0, Max: 0.0, Diff: 0.0, Sum: 0.1]
      [GC Worker Total (ms): Min: 19.3, Avg: 19.3, Max: 19.3, Diff: 0.0, Sum: 77.1]
      [GC Worker End (ms): Min: 378902.3, Avg: 378902.3, Max: 378902.3, Diff: 0.0]
   [Code Root Fixup: 0.0 ms]
   [Code Root Purge: 0.0 ms]
   [Clear CT: 0.3 ms]
   [Other: 1.1 ms]
      [Choose CSet: 0.2 ms]
      [Ref Proc: 0.0 ms]
      [Ref Enq: 0.0 ms]
      [Redirty Cards: 0.1 ms]
      [Humongous Register: 0.0 ms]
      [Humongous Reclaim: 0.0 ms]
      [Free CSet: 0.5 ms]
   [Eden: 44.0M(44.0M)->0.0B(47.0M) Survivors: 10.0M->7168.0K Heap: 959.0M(1096.0M)->884.5M(1096.0M)]
 [Times: user=0.13 sys=0.00, real=0.02 secs] 
2016-06-27T20:31:16.632+0300: 378.904: Total time for which application threads were stopped: 0.0249536 seconds, Stopping threads took: 0.0034751 seconds
2016-06-27T20:31:17.023+0300: 379.295: [GC pause (G1 Evacuation Pause) (mixed)
Desired survivor size 3670016 bytes, new threshold 1 (max 15)
- age   1:    6821064 bytes,    6821064 total
, 0.0207913 secs]
   [Parallel Time: 19.9 ms, GC Workers: 4]
      [GC Worker Start (ms): Min: 379295.1, Avg: 379295.1, Max: 379295.1, Diff: 0.0]
      [Ext Root Scanning (ms): Min: 0.5, Avg: 0.6, Max: 0.6, Diff: 0.0, Sum: 2.2]
      [Update RS (ms): Min: 10.2, Avg: 11.4, Max: 14.9, Diff: 4.8, Sum: 45.6]
         [Processed Buffers: Min: 13, Avg: 20.3, Max: 29, Diff: 16, Sum: 81]
      [Scan RS (ms): Min: 0.0, Avg: 2.0, Max: 2.7, Diff: 2.7, Sum: 8.0]
      [Code Root Scanning (ms): Min: 0.0, Avg: 0.0, Max: 0.1, Diff: 0.1, Sum: 0.2]
      [Object Copy (ms): Min: 4.3, Avg: 5.8, Max: 6.3, Diff: 2.1, Sum: 23.2]
      [Termination (ms): Min: 0.0, Avg: 0.0, Max: 0.0, Diff: 0.0, Sum: 0.0]
         [Termination Attempts: Min: 1, Avg: 3.3, Max: 6, Diff: 5, Sum: 13]
      [GC Worker Other (ms): Min: 0.0, Avg: 0.0, Max: 0.0, Diff: 0.0, Sum: 0.1]
      [GC Worker Total (ms): Min: 19.8, Avg: 19.8, Max: 19.8, Diff: 0.0, Sum: 79.3]
      [GC Worker End (ms): Min: 379314.9, Avg: 379314.9, Max: 379314.9, Diff: 0.0]
   [Code Root Fixup: 0.1 ms]
   [Code Root Purge: 0.0 ms]
   [Clear CT: 0.2 ms]
   [Other: 0.7 ms]
      [Choose CSet: 0.1 ms]
      [Ref Proc: 0.1 ms]
      [Ref Enq: 0.0 ms]
      [Redirty Cards: 0.0 ms]
      [Humongous Register: 0.0 ms]
      [Humongous Reclaim: 0.0 ms]
      [Free CSet: 0.2 ms]
   [Eden: 47.0M(47.0M)->0.0B(47.0M) Survivors: 7168.0K->7168.0K Heap: 931.5M(1096.0M)->883.5M(1096.0M)]
 [Times: user=0.05 sys=0.00, real=0.02 secs] 
2016-06-27T20:31:17.044+0300: 379.316: Total time for which application threads were stopped: 0.0269533 seconds, Stopping threads took: 0.0054860 seconds
2016-06-27T20:31:17.455+0300: 379.727: [GC pause (G1 Evacuation Pause) (young)
Desired survivor size 3670016 bytes, new threshold 1 (max 15)
- age   1:    7225360 bytes,    7225360 total
, 0.0102496 secs]
   [Parallel Time: 9.6 ms, GC Workers: 4]
      [GC Worker Start (ms): Min: 379727.0, Avg: 379727.0, Max: 379727.1, Diff: 0.0]
      [Ext Root Scanning (ms): Min: 0.5, Avg: 0.6, Max: 0.6, Diff: 0.0, Sum: 2.2]
      [Update RS (ms): Min: 6.6, Avg: 6.6, Max: 6.6, Diff: 0.1, Sum: 26.5]
         [Processed Buffers: Min: 8, Avg: 13.8, Max: 18, Diff: 10, Sum: 55]
      [Scan RS (ms): Min: 0.0, Avg: 0.0, Max: 0.0, Diff: 0.0, Sum: 0.0]
      [Code Root Scanning (ms): Min: 0.0, Avg: 0.0, Max: 0.0, Diff: 0.0, Sum: 0.0]
      [Object Copy (ms): Min: 2.3, Avg: 2.3, Max: 2.3, Diff: 0.0, Sum: 9.3]
      [Termination (ms): Min: 0.0, Avg: 0.0, Max: 0.0, Diff: 0.0, Sum: 0.0]
         [Termination Attempts: Min: 1, Avg: 1.0, Max: 1, Diff: 0, Sum: 4]
      [GC Worker Other (ms): Min: 0.0, Avg: 0.0, Max: 0.0, Diff: 0.0, Sum: 0.1]
      [GC Worker Total (ms): Min: 9.5, Avg: 9.5, Max: 9.5, Diff: 0.0, Sum: 38.1]
      [GC Worker End (ms): Min: 379736.6, Avg: 379736.6, Max: 379736.6, Diff: 0.0]
   [Code Root Fixup: 0.0 ms]
   [Code Root Purge: 0.0 ms]
   [Clear CT: 0.0 ms]
   [Other: 0.6 ms]
      [Choose CSet: 0.0 ms]
      [Ref Proc: 0.0 ms]
      [Ref Enq: 0.0 ms]
      [Redirty Cards: 0.0 ms]
      [Humongous Register: 0.0 ms]
      [Humongous Reclaim: 0.0 ms]
      [Free CSet: 0.1 ms]
   [Eden: 47.0M(47.0M)->0.0B(79.0M) Survivors: 7168.0K->7168.0K Heap: 930.5M(1096.0M)->892.0M(1096.0M)]
 [Times: user=0.06 sys=0.00, real=0.01 secs] 
2016-06-27T20:31:17.465+0300: 379.737: Total time for which application threads were stopped: 0.0165746 seconds, Stopping threads took: 0.0056036 seconds
2016-06-27T20:31:17.939+0300: 380.211: Total time for which application threads were stopped: 0.0043463 seconds, Stopping threads took: 0.0030654 seconds
2016-06-27T20:31:18.111+0300: 380.383: [GC pause (G1 Evacuation Pause) (young) (initial-mark)
Desired survivor size 5767168 bytes, new threshold 1 (max 15)
- age   1:    7223576 bytes,    7223576 total
, 0.0059453 secs]
   [Parallel Time: 5.2 ms, GC Workers: 4]
      [GC Worker Start (ms): Min: 380383.7, Avg: 380383.7, Max: 380383.7, Diff: 0.0]
      [Ext Root Scanning (ms): Min: 0.5, Avg: 0.6, Max: 0.8, Diff: 0.3, Sum: 2.3]
      [Update RS (ms): Min: 1.1, Avg: 1.1, Max: 1.3, Diff: 0.2, Sum: 4.6]
         [Processed Buffers: Min: 2, Avg: 18.5, Max: 36, Diff: 34, Sum: 74]
      [Scan RS (ms): Min: 0.0, Avg: 0.0, Max: 0.0, Diff: 0.0, Sum: 0.1]
      [Code Root Scanning (ms): Min: 0.0, Avg: 0.0, Max: 0.0, Diff: 0.0, Sum: 0.0]
      [Object Copy (ms): Min: 3.2, Avg: 3.4, Max: 3.5, Diff: 0.2, Sum: 13.4]
      [Termination (ms): Min: 0.0, Avg: 0.0, Max: 0.0, Diff: 0.0, Sum: 0.0]
         [Termination Attempts: Min: 1, Avg: 1.0, Max: 1, Diff: 0, Sum: 4]
      [GC Worker Other (ms): Min: 0.0, Avg: 0.0, Max: 0.0, Diff: 0.0, Sum: 0.1]
      [GC Worker Total (ms): Min: 5.1, Avg: 5.1, Max: 5.1, Diff: 0.0, Sum: 20.5]
      [GC Worker End (ms): Min: 380388.8, Avg: 380388.8, Max: 380388.8, Diff: 0.0]
   [Code Root Fixup: 0.0 ms]
   [Code Root Purge: 0.0 ms]
   [Clear CT: 0.0 ms]
   [Other: 0.7 ms]
      [Choose CSet: 0.0 ms]
      [Ref Proc: 0.0 ms]
      [Ref Enq: 0.0 ms]
      [Redirty Cards: 0.0 ms]
      [Humongous Register: 0.0 ms]
      [Humongous Reclaim: 0.0 ms]
      [Free CSet: 0.1 ms]
   [Eden: 79.0M(79.0M)->0.0B(67.0M) Survivors: 7168.0K->11.0M Heap: 971.0M(1096.0M)->907.0M(1096.0M)]
 [Times: user=0.06 sys=0.00, real=0.01 secs] 
2016-06-27T20:31:18.118+0300: 380.390: [GC concurrent-root-region-scan-start]
2016-06-27T20:31:18.118+0300: 380.390: Total time for which application threads were stopped: 0.0096372 seconds, Stopping threads took: 0.0029538 seconds
2016-06-27T20:31:18.119+0300: 380.391: [GC concurrent-root-region-scan-end, 0.0015785 secs]
2016-06-27T20:31:18.119+0300: 380.391: [GC concurrent-mark-start]
2016-06-27T20:31:18.206+0300: 380.478: [GC concurrent-mark-end, 0.0837685 secs]
2016-06-27T20:31:18.234+0300: 380.506: [GC remark 2016-06-27T20:31:18.234+0300: 380.506: [Finalize Marking, 0.0002356 secs] 2016-06-27T20:31:18.234+0300: 380.506: [GC ref-proc, 0.0000988 secs] 2016-06-27T20:31:18.234+0300: 380.506: [Unloading, 0.0017812 secs], 0.0060175 secs]
 [Times: user=0.06 sys=0.00, real=0.01 secs] 
2016-06-27T20:31:18.240+0300: 380.512: Total time for which application threads were stopped: 0.0091377 seconds, Stopping threads took: 0.0026630 seconds
2016-06-27T20:31:18.241+0300: 380.513: [GC cleanup 926M->926M(1096M), 0.0022315 secs]
 [Times: user=0.00 sys=0.00, real=0.00 secs] 
2016-06-27T20:31:18.244+0300: 380.516: Total time for which application threads were stopped: 0.0030885 seconds, Stopping threads took: 0.0000633 seconds
2016-06-27T20:31:18.636+0300: 380.908: [GC pause (G1 Evacuation Pause) (young)
Desired survivor size 5242880 bytes, new threshold 1 (max 15)
- age   1:   11319712 bytes,   11319712 total
, 0.0060710 secs]
   [Parallel Time: 5.5 ms, GC Workers: 4]
      [GC Worker Start (ms): Min: 380908.2, Avg: 380908.2, Max: 380908.2, Diff: 0.0]
      [Ext Root Scanning (ms): Min: 0.5, Avg: 0.5, Max: 0.6, Diff: 0.0, Sum: 2.2]
      [Update RS (ms): Min: 1.2, Avg: 1.3, Max: 1.3, Diff: 0.1, Sum: 5.1]
         [Processed Buffers: Min: 4, Avg: 13.3, Max: 27, Diff: 23, Sum: 53]
      [Scan RS (ms): Min: 0.0, Avg: 0.0, Max: 0.0, Diff: 0.0, Sum: 0.0]
      [Code Root Scanning (ms): Min: 0.0, Avg: 0.0, Max: 0.0, Diff: 0.0, Sum: 0.0]
      [Object Copy (ms): Min: 3.6, Avg: 3.6, Max: 3.7, Diff: 0.1, Sum: 14.5]
      [Termination (ms): Min: 0.0, Avg: 0.0, Max: 0.0, Diff: 0.0, Sum: 0.0]
         [Termination Attempts: Min: 1, Avg: 1.0, Max: 1, Diff: 0, Sum: 4]
      [GC Worker Other (ms): Min: 0.0, Avg: 0.0, Max: 0.0, Diff: 0.0, Sum: 0.1]
      [GC Worker Total (ms): Min: 5.5, Avg: 5.5, Max: 5.5, Diff: 0.0, Sum: 21.9]
      [GC Worker End (ms): Min: 380913.6, Avg: 380913.6, Max: 380913.6, Diff: 0.0]
   [Code Root Fixup: 0.0 ms]
   [Code Root Purge: 0.0 ms]
   [Clear CT: 0.0 ms]
   [Other: 0.5 ms]
      [Choose CSet: 0.0 ms]
      [Ref Proc: 0.0 ms]
      [Ref Enq: 0.0 ms]
      [Redirty Cards: 0.0 ms]
      [Humongous Register: 0.0 ms]
      [Humongous Reclaim: 0.0 ms]
      [Free CSet: 0.1 ms]
   [Eden: 67.0M(67.0M)->0.0B(44.0M) Survivors: 11.0M->10.0M Heap: 974.0M(1096.0M)->919.5M(1096.0M)]
 [Times: user=0.00 sys=0.00, real=0.01 secs] 
2016-06-27T20:31:18.642+0300: 380.914: Total time for which application threads were stopped: 0.0087772 seconds, Stopping threads took: 0.0020241 seconds
2016-06-27T20:31:18.999+0300: 381.272: [GC pause (G1 Evacuation Pause) (mixed)
Desired survivor size 3670016 bytes, new threshold 1 (max 15)
- age   1:   10307880 bytes,   10307880 total
, 0.0207840 secs]
   [Parallel Time: 19.5 ms, GC Workers: 4]
      [GC Worker Start (ms): Min: 381271.9, Avg: 381271.9, Max: 381271.9, Diff: 0.0]
      [Ext Root Scanning (ms): Min: 0.6, Avg: 0.6, Max: 0.6, Diff: 0.0, Sum: 2.3]
      [Update RS (ms): Min: 1.2, Avg: 1.2, Max: 1.3, Diff: 0.1, Sum: 5.0]
         [Processed Buffers: Min: 3, Avg: 9.3, Max: 17, Diff: 14, Sum: 37]
      [Scan RS (ms): Min: 3.0, Avg: 3.3, Max: 4.2, Diff: 1.2, Sum: 13.3]
      [Code Root Scanning (ms): Min: 0.0, Avg: 0.0, Max: 0.1, Diff: 0.1, Sum: 0.1]
      [Object Copy (ms): Min: 13.4, Avg: 14.2, Max: 14.5, Diff: 1.1, Sum: 56.9]
      [Termination (ms): Min: 0.0, Avg: 0.0, Max: 0.0, Diff: 0.0, Sum: 0.0]
         [Termination Attempts: Min: 1, Avg: 2.0, Max: 3, Diff: 2, Sum: 8]
      [GC Worker Other (ms): Min: 0.0, Avg: 0.0, Max: 0.0, Diff: 0.0, Sum: 0.1]
      [GC Worker Total (ms): Min: 19.4, Avg: 19.4, Max: 19.4, Diff: 0.0, Sum: 77.6]
      [GC Worker End (ms): Min: 381291.3, Avg: 381291.3, Max: 381291.3, Diff: 0.0]
   [Code Root Fixup: 0.0 ms]
   [Code Root Purge: 0.0 ms]
   [Clear CT: 0.2 ms]
   [Other: 1.1 ms]
      [Choose CSet: 0.1 ms]
      [Ref Proc: 0.0 ms]
      [Ref Enq: 0.0 ms]
      [Redirty Cards: 0.1 ms]
      [Humongous Register: 0.0 ms]
      [Humongous Reclaim: 0.0 ms]
      [Free CSet: 0.5 ms]
   [Eden: 44.0M(44.0M)->0.0B(47.0M) Survivors: 10.0M->7168.0K Heap: 963.5M(1096.0M)->887.5M(1096.0M)]
 [Times: user=0.08 sys=0.00, real=0.02 secs] 
2016-06-27T20:31:19.020+0300: 381.293: Total time for which application threads were stopped: 0.0298640 seconds, Stopping threads took: 0.0083645 seconds
2016-06-27T20:31:19.428+0300: 381.700: [GC pause (G1 Evacuation Pause) (mixed)
Desired survivor size 3670016 bytes, new threshold 1 (max 15)
- age   1:    6921224 bytes,    6921224 total
, 0.0292144 secs]
   [Parallel Time: 27.8 ms, GC Workers: 4]
      [GC Worker Start (ms): Min: 381700.6, Avg: 381700.6, Max: 381700.6, Diff: 0.0]
      [Ext Root Scanning (ms): Min: 0.6, Avg: 0.6, Max: 0.7, Diff: 0.1, Sum: 2.4]
      [Update RS (ms): Min: 9.7, Avg: 9.7, Max: 9.9, Diff: 0.2, Sum: 39.0]
         [Processed Buffers: Min: 14, Avg: 21.0, Max: 27, Diff: 13, Sum: 84]
      [Scan RS (ms): Min: 3.5, Avg: 3.7, Max: 3.7, Diff: 0.2, Sum: 14.6]
      [Code Root Scanning (ms): Min: 0.0, Avg: 0.0, Max: 0.1, Diff: 0.1, Sum: 0.1]
      [Object Copy (ms): Min: 13.7, Avg: 13.7, Max: 13.8, Diff: 0.1, Sum: 54.9]
      [Termination (ms): Min: 0.0, Avg: 0.0, Max: 0.0, Diff: 0.0, Sum: 0.0]
         [Termination Attempts: Min: 1, Avg: 8.5, Max: 20, Diff: 19, Sum: 34]
      [GC Worker Other (ms): Min: 0.0, Avg: 0.0, Max: 0.0, Diff: 0.0, Sum: 0.1]
      [GC Worker Total (ms): Min: 27.8, Avg: 27.8, Max: 27.8, Diff: 0.0, Sum: 111.1]
      [GC Worker End (ms): Min: 381728.3, Avg: 381728.3, Max: 381728.3, Diff: 0.0]
   [Code Root Fixup: 0.0 ms]
   [Code Root Purge: 0.0 ms]
   [Clear CT: 0.2 ms]
   [Other: 1.2 ms]
      [Choose CSet: 0.2 ms]
      [Ref Proc: 0.0 ms]
      [Ref Enq: 0.0 ms]
      [Redirty Cards: 0.1 ms]
      [Humongous Register: 0.0 ms]
      [Humongous Reclaim: 0.0 ms]
      [Free CSet: 0.5 ms]
   [Eden: 47.0M(47.0M)->0.0B(47.0M) Survivors: 7168.0K->7168.0K Heap: 934.5M(1096.0M)->867.5M(1096.0M)]
 [Times: user=0.06 sys=0.02, real=0.03 secs] 
2016-06-27T20:31:19.458+0300: 381.730: Total time for which application threads were stopped: 0.0322516 seconds, Stopping threads took: 0.0022995 seconds
2016-06-27T20:31:19.866+0300: 382.139: [GC pause (G1 Evacuation Pause) (young)
Desired survivor size 3670016 bytes, new threshold 1 (max 15)
- age   1:    7147480 bytes,    7147480 total
, 0.0148896 secs]
   [Parallel Time: 14.3 ms, GC Workers: 4]
      [GC Worker Start (ms): Min: 382138.8, Avg: 382138.9, Max: 382138.9, Diff: 0.0]
      [Ext Root Scanning (ms): Min: 0.5, Avg: 0.6, Max: 0.7, Diff: 0.2, Sum: 2.5]
      [Update RS (ms): Min: 11.2, Avg: 11.3, Max: 11.4, Diff: 0.2, Sum: 45.1]
         [Processed Buffers: Min: 14, Avg: 24.3, Max: 45, Diff: 31, Sum: 97]
      [Scan RS (ms): Min: 0.0, Avg: 0.0, Max: 0.0, Diff: 0.0, Sum: 0.0]
      [Code Root Scanning (ms): Min: 0.0, Avg: 0.0, Max: 0.0, Diff: 0.0, Sum: 0.0]
      [Object Copy (ms): Min: 2.2, Avg: 2.3, Max: 2.4, Diff: 0.1, Sum: 9.3]
      [Termination (ms): Min: 0.0, Avg: 0.0, Max: 0.0, Diff: 0.0, Sum: 0.0]
         [Termination Attempts: Min: 1, Avg: 1.0, Max: 1, Diff: 0, Sum: 4]
      [GC Worker Other (ms): Min: 0.0, Avg: 0.0, Max: 0.0, Diff: 0.0, Sum: 0.1]
      [GC Worker Total (ms): Min: 14.2, Avg: 14.2, Max: 14.2, Diff: 0.0, Sum: 56.9]
      [GC Worker End (ms): Min: 382153.1, Avg: 382153.1, Max: 382153.1, Diff: 0.0]
   [Code Root Fixup: 0.0 ms]
   [Code Root Purge: 0.0 ms]
   [Clear CT: 0.0 ms]
   [Other: 0.6 ms]
      [Choose CSet: 0.0 ms]
      [Ref Proc: 0.0 ms]
      [Ref Enq: 0.0 ms]
      [Redirty Cards: 0.0 ms]
      [Humongous Register: 0.0 ms]
      [Humongous Reclaim: 0.0 ms]
      [Free CSet: 0.1 ms]
   [Eden: 47.0M(47.0M)->0.0B(47.0M) Survivors: 7168.0K->7168.0K Heap: 914.5M(1096.0M)->876.0M(1096.0M)]
 [Times: user=0.06 sys=0.00, real=0.02 secs] 
2016-06-27T20:31:19.881+0300: 382.154: Total time for which application threads were stopped: 0.0190704 seconds, Stopping threads took: 0.0034392 seconds
2016-06-27T20:31:20.289+0300: 382.562: [GC pause (G1 Evacuation Pause) (young) (initial-mark)
Desired survivor size 3670016 bytes, new threshold 1 (max 15)
- age   1:    7214840 bytes,    7214840 total
, 0.0046268 secs]
   [Parallel Time: 3.9 ms, GC Workers: 4]
      [GC Worker Start (ms): Min: 382561.9, Avg: 382561.9, Max: 382561.9, Diff: 0.0]
      [Ext Root Scanning (ms): Min: 0.6, Avg: 0.6, Max: 0.7, Diff: 0.1, Sum: 2.5]
      [Update RS (ms): Min: 0.8, Avg: 0.9, Max: 0.9, Diff: 0.1, Sum: 3.5]
         [Processed Buffers: Min: 2, Avg: 12.0, Max: 24, Diff: 22, Sum: 48]
      [Scan RS (ms): Min: 0.0, Avg: 0.0, Max: 0.0, Diff: 0.0, Sum: 0.0]
      [Code Root Scanning (ms): Min: 0.0, Avg: 0.0, Max: 0.0, Diff: 0.0, Sum: 0.0]
      [Object Copy (ms): Min: 2.3, Avg: 2.3, Max: 2.4, Diff: 0.1, Sum: 9.3]
      [Termination (ms): Min: 0.0, Avg: 0.0, Max: 0.0, Diff: 0.0, Sum: 0.0]
         [Termination Attempts: Min: 1, Avg: 1.0, Max: 1, Diff: 0, Sum: 4]
      [GC Worker Other (ms): Min: 0.0, Avg: 0.0, Max: 0.0, Diff: 0.0, Sum: 0.1]
      [GC Worker Total (ms): Min: 3.8, Avg: 3.8, Max: 3.9, Diff: 0.0, Sum: 15.4]
      [GC Worker End (ms): Min: 382565.7, Avg: 382565.7, Max: 382565.7, Diff: 0.0]
   [Code Root Fixup: 0.0 ms]
   [Code Root Purge: 0.0 ms]
   [Clear CT: 0.0 ms]
   [Other: 0.7 ms]
      [Choose CSet: 0.0 ms]
      [Ref Proc: 0.1 ms]
      [Ref Enq: 0.0 ms]
      [Redirty Cards: 0.0 ms]
      [Humongous Register: 0.0 ms]
      [Humongous Reclaim: 0.0 ms]
      [Free CSet: 0.1 ms]
   [Eden: 47.0M(47.0M)->0.0B(86.0M) Survivors: 7168.0K->7168.0K Heap: 923.0M(1096.0M)->885.0M(1096.0M)]
 [Times: user=0.00 sys=0.00, real=0.00 secs] 
2016-06-27T20:31:20.294+0300: 382.566: [GC concurrent-root-region-scan-start]
2016-06-27T20:31:20.294+0300: 382.566: Total time for which application threads were stopped: 0.0105776 seconds, Stopping threads took: 0.0051797 seconds
2016-06-27T20:31:20.295+0300: 382.567: [GC concurrent-root-region-scan-end, 0.0005299 secs]
2016-06-27T20:31:20.295+0300: 382.567: [GC concurrent-mark-start]
2016-06-27T20:31:20.386+0300: 382.659: [GC concurrent-mark-end, 0.0914218 secs]
2016-06-27T20:31:20.396+0300: 382.669: [GC remark 2016-06-27T20:31:20.396+0300: 382.669: [Finalize Marking, 0.0002450 secs] 2016-06-27T20:31:20.397+0300: 382.669: [GC ref-proc, 0.0000975 secs] 2016-06-27T20:31:20.397+0300: 382.669: [Unloading, 0.0016850 secs], 0.0057319 secs]
 [Times: user=0.00 sys=0.00, real=0.01 secs] 
2016-06-27T20:31:20.402+0300: 382.674: Total time for which application threads were stopped: 0.0100229 seconds, Stopping threads took: 0.0038476 seconds
2016-06-27T20:31:20.403+0300: 382.675: [GC cleanup 901M->901M(1096M), 0.0021870 secs]
 [Times: user=0.00 sys=0.00, real=0.00 secs] 
2016-06-27T20:31:20.405+0300: 382.678: Total time for which application threads were stopped: 0.0028264 seconds, Stopping threads took: 0.0001800 seconds
2016-06-27T20:31:20.939+0300: 383.211: Total time for which application threads were stopped: 0.0033430 seconds, Stopping threads took: 0.0022764 seconds
2016-06-27T20:31:20.988+0300: 383.260: [GC pause (G1 Evacuation Pause) (young)
Desired survivor size 6291456 bytes, new threshold 1 (max 15)
- age   1:    7079216 bytes,    7079216 total
, 0.0054800 secs]
   [Parallel Time: 4.9 ms, GC Workers: 4]
      [GC Worker Start (ms): Min: 383260.5, Avg: 383260.5, Max: 383260.5, Diff: 0.0]
      [Ext Root Scanning (ms): Min: 0.4, Avg: 0.5, Max: 0.6, Diff: 0.2, Sum: 2.0]
      [Update RS (ms): Min: 0.9, Avg: 0.9, Max: 1.0, Diff: 0.2, Sum: 3.7]
         [Processed Buffers: Min: 3, Avg: 14.8, Max: 23, Diff: 20, Sum: 59]
      [Scan RS (ms): Min: 0.0, Avg: 0.0, Max: 0.0, Diff: 0.0, Sum: 0.1]
      [Code Root Scanning (ms): Min: 0.0, Avg: 0.0, Max: 0.0, Diff: 0.0, Sum: 0.0]
      [Object Copy (ms): Min: 3.3, Avg: 3.4, Max: 3.4, Diff: 0.1, Sum: 13.4]
      [Termination (ms): Min: 0.0, Avg: 0.0, Max: 0.0, Diff: 0.0, Sum: 0.0]
         [Termination Attempts: Min: 1, Avg: 1.0, Max: 1, Diff: 0, Sum: 4]
      [GC Worker Other (ms): Min: 0.0, Avg: 0.0, Max: 0.0, Diff: 0.0, Sum: 0.1]
      [GC Worker Total (ms): Min: 4.8, Avg: 4.8, Max: 4.8, Diff: 0.0, Sum: 19.2]
      [GC Worker End (ms): Min: 383265.3, Avg: 383265.3, Max: 383265.3, Diff: 0.0]
   [Code Root Fixup: 0.0 ms]
   [Code Root Purge: 0.0 ms]
   [Clear CT: 0.1 ms]
   [Other: 0.5 ms]
      [Choose CSet: 0.0 ms]
      [Ref Proc: 0.1 ms]
      [Ref Enq: 0.0 ms]
      [Redirty Cards: 0.0 ms]
      [Humongous Register: 0.0 ms]
      [Humongous Reclaim: 0.0 ms]
      [Free CSet: 0.1 ms]
   [Eden: 86.0M(86.0M)->0.0B(42.0M) Survivors: 7168.0K->12.0M Heap: 971.0M(1096.0M)->900.0M(1096.0M)]
 [Times: user=0.03 sys=0.02, real=0.01 secs] 
2016-06-27T20:31:20.994+0300: 383.266: Total time for which application threads were stopped: 0.0075254 seconds, Stopping threads took: 0.0014788 seconds
2016-06-27T20:31:21.358+0300: 383.630: [GC pause (G1 Evacuation Pause) (mixed)
Desired survivor size 3670016 bytes, new threshold 1 (max 15)
- age   1:   12411232 bytes,   12411232 total
, 0.0201934 secs]
   [Parallel Time: 18.8 ms, GC Workers: 4]
      [GC Worker Start (ms): Min: 383630.4, Avg: 383630.4, Max: 383630.4, Diff: 0.0]
      [Ext Root Scanning (ms): Min: 0.4, Avg: 0.5, Max: 0.7, Diff: 0.3, Sum: 2.1]
      [Update RS (ms): Min: 0.6, Avg: 0.7, Max: 0.8, Diff: 0.2, Sum: 2.8]
         [Processed Buffers: Min: 3, Avg: 11.0, Max: 25, Diff: 22, Sum: 44]
      [Scan RS (ms): Min: 3.2, Avg: 3.3, Max: 3.3, Diff: 0.1, Sum: 13.1]
      [Code Root Scanning (ms): Min: 0.0, Avg: 0.0, Max: 0.1, Diff: 0.1, Sum: 0.1]
      [Object Copy (ms): Min: 14.1, Avg: 14.2, Max: 14.2, Diff: 0.1, Sum: 56.8]
      [Termination (ms): Min: 0.0, Avg: 0.0, Max: 0.0, Diff: 0.0, Sum: 0.0]
         [Termination Attempts: Min: 1, Avg: 1.8, Max: 3, Diff: 2, Sum: 7]
      [GC Worker Other (ms): Min: 0.0, Avg: 0.0, Max: 0.0, Diff: 0.0, Sum: 0.1]
      [GC Worker Total (ms): Min: 18.7, Avg: 18.7, Max: 18.7, Diff: 0.0, Sum: 74.9]
      [GC Worker End (ms): Min: 383649.2, Avg: 383649.2, Max: 383649.2, Diff: 0.0]
   [Code Root Fixup: 0.1 ms]
   [Code Root Purge: 0.0 ms]
   [Clear CT: 0.3 ms]
   [Other: 1.1 ms]
      [Choose CSet: 0.2 ms]
      [Ref Proc: 0.1 ms]
      [Ref Enq: 0.0 ms]
      [Redirty Cards: 0.1 ms]
      [Humongous Register: 0.0 ms]
      [Humongous Reclaim: 0.0 ms]
      [Free CSet: 0.5 ms]
   [Eden: 42.0M(42.0M)->0.0B(47.0M) Survivors: 12.0M->7168.0K Heap: 942.0M(1096.0M)->868.0M(1096.0M)]
 [Times: user=0.06 sys=0.00, real=0.02 secs] 
2016-06-27T20:31:21.379+0300: 383.651: Total time for which application threads were stopped: 0.0231635 seconds, Stopping threads took: 0.0023568 seconds
2016-06-27T20:31:21.779+0300: 384.051: [GC pause (G1 Evacuation Pause) (mixed)
Desired survivor size 3670016 bytes, new threshold 1 (max 15)
- age   1:    6789680 bytes,    6789680 total
, 0.0195066 secs]
   [Parallel Time: 18.6 ms, GC Workers: 4]
      [GC Worker Start (ms): Min: 384051.1, Avg: 384051.1, Max: 384051.1, Diff: 0.0]
      [Ext Root Scanning (ms): Min: 0.5, Avg: 0.6, Max: 0.6, Diff: 0.1, Sum: 2.2]
      [Update RS (ms): Min: 9.7, Avg: 9.8, Max: 10.0, Diff: 0.2, Sum: 39.3]
         [Processed Buffers: Min: 12, Avg: 18.0, Max: 28, Diff: 16, Sum: 72]
      [Scan RS (ms): Min: 1.8, Avg: 1.9, Max: 2.0, Diff: 0.2, Sum: 7.8]
      [Code Root Scanning (ms): Min: 0.0, Avg: 0.0, Max: 0.0, Diff: 0.0, Sum: 0.0]
      [Object Copy (ms): Min: 6.2, Avg: 6.2, Max: 6.2, Diff: 0.0, Sum: 24.8]
      [Termination (ms): Min: 0.0, Avg: 0.0, Max: 0.0, Diff: 0.0, Sum: 0.0]
         [Termination Attempts: Min: 1, Avg: 1.3, Max: 2, Diff: 1, Sum: 5]
      [GC Worker Other (ms): Min: 0.0, Avg: 0.0, Max: 0.0, Diff: 0.0, Sum: 0.1]
      [GC Worker Total (ms): Min: 18.5, Avg: 18.5, Max: 18.6, Diff: 0.0, Sum: 74.2]
      [GC Worker End (ms): Min: 384069.6, Avg: 384069.6, Max: 384069.6, Diff: 0.0]
   [Code Root Fixup: 0.0 ms]
   [Code Root Purge: 0.0 ms]
   [Clear CT: 0.2 ms]
   [Other: 0.7 ms]
      [Choose CSet: 0.1 ms]
      [Ref Proc: 0.0 ms]
      [Ref Enq: 0.0 ms]
      [Redirty Cards: 0.0 ms]
      [Humongous Register: 0.0 ms]
      [Humongous Reclaim: 0.0 ms]
      [Free CSet: 0.2 ms]
   [Eden: 47.0M(47.0M)->0.0B(47.0M) Survivors: 7168.0K->7168.0K Heap: 915.0M(1096.0M)->866.0M(1096.0M)]
 [Times: user=0.06 sys=0.00, real=0.02 secs] 
2016-06-27T20:31:21.798+0300: 384.071: Total time for which application threads were stopped: 0.0217642 seconds, Stopping threads took: 0.0016255 seconds
2016-06-27T20:31:22.203+0300: 384.475: [GC pause (G1 Evacuation Pause) (young)
Desired survivor size 3670016 bytes, new threshold 1 (max 15)
- age   1:    7158704 bytes,    7158704 total
, 0.0100144 secs]
   [Parallel Time: 9.4 ms, GC Workers: 4]
      [GC Worker Start (ms): Min: 384475.2, Avg: 384475.2, Max: 384475.3, Diff: 0.0]
      [Ext Root Scanning (ms): Min: 0.5, Avg: 0.6, Max: 0.6, Diff: 0.1, Sum: 2.3]
      [Update RS (ms): Min: 6.4, Avg: 6.5, Max: 6.5, Diff: 0.1, Sum: 25.8]
         [Processed Buffers: Min: 7, Avg: 15.8, Max: 31, Diff: 24, Sum: 63]
      [Scan RS (ms): Min: 0.0, Avg: 0.0, Max: 0.0, Diff: 0.0, Sum: 0.0]
      [Code Root Scanning (ms): Min: 0.0, Avg: 0.0, Max: 0.0, Diff: 0.0, Sum: 0.0]
      [Object Copy (ms): Min: 2.2, Avg: 2.3, Max: 2.4, Diff: 0.2, Sum: 9.1]
      [Termination (ms): Min: 0.0, Avg: 0.0, Max: 0.1, Diff: 0.1, Sum: 0.1]
         [Termination Attempts: Min: 1, Avg: 1.3, Max: 2, Diff: 1, Sum: 5]
      [GC Worker Other (ms): Min: 0.0, Avg: 0.0, Max: 0.0, Diff: 0.0, Sum: 0.0]
      [GC Worker Total (ms): Min: 9.3, Avg: 9.3, Max: 9.4, Diff: 0.0, Sum: 37.4]
      [GC Worker End (ms): Min: 384484.6, Avg: 384484.6, Max: 384484.6, Diff: 0.0]
   [Code Root Fixup: 0.0 ms]
   [Code Root Purge: 0.0 ms]
   [Clear CT: 0.0 ms]
   [Other: 0.6 ms]
      [Choose CSet: 0.0 ms]
      [Ref Proc: 0.0 ms]
      [Ref Enq: 0.0 ms]
      [Redirty Cards: 0.0 ms]
      [Humongous Register: 0.0 ms]
      [Humongous Reclaim: 0.0 ms]
      [Free CSet: 0.1 ms]
   [Eden: 47.0M(47.0M)->0.0B(92.0M) Survivors: 7168.0K->7168.0K Heap: 913.0M(1096.0M)->875.5M(1096.0M)]
 [Times: user=0.06 sys=0.00, real=0.01 secs] 
2016-06-27T20:31:22.213+0300: 384.485: Total time for which application threads were stopped: 0.0134343 seconds, Stopping threads took: 0.0027819 seconds
2016-06-27T20:31:23.004+0300: 385.276: [GC pause (G1 Evacuation Pause) (young) (initial-mark)
Desired survivor size 6815744 bytes, new threshold 1 (max 15)
- age   1:    7236096 bytes,    7236096 total
, 0.0064717 secs]
   [Parallel Time: 5.6 ms, GC Workers: 4]
      [GC Worker Start (ms): Min: 385276.6, Avg: 385276.7, Max: 385276.8, Diff: 0.2]
      [Ext Root Scanning (ms): Min: 0.5, Avg: 0.7, Max: 1.0, Diff: 0.4, Sum: 3.0]
      [Update RS (ms): Min: 1.1, Avg: 1.2, Max: 1.3, Diff: 0.2, Sum: 4.8]
         [Processed Buffers: Min: 8, Avg: 13.0, Max: 17, Diff: 9, Sum: 52]
      [Scan RS (ms): Min: 0.0, Avg: 0.0, Max: 0.0, Diff: 0.0, Sum: 0.1]
      [Code Root Scanning (ms): Min: 0.0, Avg: 0.0, Max: 0.0, Diff: 0.0, Sum: 0.0]
      [Object Copy (ms): Min: 3.4, Avg: 3.5, Max: 3.6, Diff: 0.2, Sum: 14.1]
      [Termination (ms): Min: 0.0, Avg: 0.0, Max: 0.0, Diff: 0.0, Sum: 0.0]
         [Termination Attempts: Min: 1, Avg: 1.0, Max: 1, Diff: 0, Sum: 4]
      [GC Worker Other (ms): Min: 0.0, Avg: 0.0, Max: 0.0, Diff: 0.0, Sum: 0.1]
      [GC Worker Total (ms): Min: 5.4, Avg: 5.5, Max: 5.6, Diff: 0.2, Sum: 22.1]
      [GC Worker End (ms): Min: 385282.2, Avg: 385282.2, Max: 385282.2, Diff: 0.0]
   [Code Root Fixup: 0.0 ms]
   [Code Root Purge: 0.0 ms]
   [Clear CT: 0.1 ms]
   [Other: 0.8 ms]
      [Choose CSet: 0.0 ms]
      [Ref Proc: 0.1 ms]
      [Ref Enq: 0.0 ms]
      [Redirty Cards: 0.0 ms]
      [Humongous Register: 0.0 ms]
      [Humongous Reclaim: 0.0 ms]
      [Free CSet: 0.1 ms]
   [Eden: 92.0M(92.0M)->0.0B(79.0M) Survivors: 7168.0K->13.0M Heap: 967.5M(1096.0M)->891.5M(1096.0M)]
 [Times: user=0.02 sys=0.00, real=0.01 secs] 
2016-06-27T20:31:23.011+0300: 385.283: [GC concurrent-root-region-scan-start]
2016-06-27T20:31:23.011+0300: 385.283: Total time for which application threads were stopped: 0.0123113 seconds, Stopping threads took: 0.0050822 seconds
2016-06-27T20:31:23.012+0300: 385.284: [GC concurrent-root-region-scan-end, 0.0012205 secs]
2016-06-27T20:31:23.012+0300: 385.284: [GC concurrent-mark-start]
2016-06-27T20:31:23.105+0300: 385.377: [GC concurrent-mark-end, 0.0913175 secs]
2016-06-27T20:31:23.117+0300: 385.389: [GC remark 2016-06-27T20:31:23.117+0300: 385.389: [Finalize Marking, 0.0002536 secs] 2016-06-27T20:31:23.117+0300: 385.389: [GC ref-proc, 0.0001018 secs] 2016-06-27T20:31:23.117+0300: 385.389: [Unloading, 0.0017949 secs], 0.0057327 secs]
 [Times: user=0.00 sys=0.00, real=0.01 secs] 
2016-06-27T20:31:23.123+0300: 385.395: Total time for which application threads were stopped: 0.0075443 seconds, Stopping threads took: 0.0013189 seconds
2016-06-27T20:31:23.124+0300: 385.396: [GC cleanup 908M->908M(1096M), 0.0022396 secs]
 [Times: user=0.00 sys=0.00, real=0.00 secs] 
2016-06-27T20:31:23.126+0300: 385.398: Total time for which application threads were stopped: 0.0028375 seconds, Stopping threads took: 0.0000693 seconds
2016-06-27T20:31:23.656+0300: 385.928: [GC pause (G1 Evacuation Pause) (young)
Desired survivor size 6291456 bytes, new threshold 1 (max 15)
- age   1:   13426880 bytes,   13426880 total
, 0.0064174 secs]
   [Parallel Time: 5.8 ms, GC Workers: 4]
      [GC Worker Start (ms): Min: 385928.3, Avg: 385928.3, Max: 385928.3, Diff: 0.0]
      [Ext Root Scanning (ms): Min: 0.5, Avg: 0.6, Max: 0.6, Diff: 0.1, Sum: 2.3]
      [Update RS (ms): Min: 1.0, Avg: 1.0, Max: 1.1, Diff: 0.1, Sum: 4.2]
         [Processed Buffers: Min: 11, Avg: 15.0, Max: 20, Diff: 9, Sum: 60]
      [Scan RS (ms): Min: 0.0, Avg: 0.0, Max: 0.0, Diff: 0.0, Sum: 0.1]
      [Code Root Scanning (ms): Min: 0.0, Avg: 0.0, Max: 0.0, Diff: 0.0, Sum: 0.0]
      [Object Copy (ms): Min: 4.0, Avg: 4.1, Max: 4.2, Diff: 0.1, Sum: 16.4]
      [Termination (ms): Min: 0.0, Avg: 0.0, Max: 0.0, Diff: 0.0, Sum: 0.0]
         [Termination Attempts: Min: 1, Avg: 1.0, Max: 1, Diff: 0, Sum: 4]
      [GC Worker Other (ms): Min: 0.0, Avg: 0.0, Max: 0.0, Diff: 0.0, Sum: 0.1]
      [GC Worker Total (ms): Min: 5.7, Avg: 5.7, Max: 5.8, Diff: 0.0, Sum: 23.0]
      [GC Worker End (ms): Min: 385934.0, Avg: 385934.1, Max: 385934.1, Diff: 0.0]
   [Code Root Fixup: 0.0 ms]
   [Code Root Purge: 0.0 ms]
   [Clear CT: 0.0 ms]
   [Other: 0.6 ms]
      [Choose CSet: 0.0 ms]
      [Ref Proc: 0.0 ms]
      [Ref Enq: 0.0 ms]
      [Redirty Cards: 0.1 ms]
      [Humongous Register: 0.0 ms]
      [Humongous Reclaim: 0.0 ms]
      [Free CSet: 0.1 ms]
   [Eden: 79.0M(79.0M)->0.0B(42.0M) Survivors: 13.0M->12.0M Heap: 970.5M(1096.0M)->905.5M(1096.0M)]
 [Times: user=0.06 sys=0.00, real=0.01 secs] 
2016-06-27T20:31:23.663+0300: 385.935: Total time for which application threads were stopped: 0.0104844 seconds, Stopping threads took: 0.0033216 seconds
2016-06-27T20:31:24.029+0300: 386.301: [GC pause (G1 Evacuation Pause) (mixed)
Desired survivor size 3670016 bytes, new threshold 1 (max 15)
- age   1:   12382520 bytes,   12382520 total
, 0.0205946 secs]
   [Parallel Time: 19.2 ms, GC Workers: 4]
      [GC Worker Start (ms): Min: 386301.3, Avg: 386301.3, Max: 386301.3, Diff: 0.0]
      [Ext Root Scanning (ms): Min: 0.5, Avg: 0.6, Max: 0.6, Diff: 0.1, Sum: 2.4]
      [Update RS (ms): Min: 1.2, Avg: 1.2, Max: 1.3, Diff: 0.1, Sum: 5.0]
         [Processed Buffers: Min: 4, Avg: 12.3, Max: 25, Diff: 21, Sum: 49]
      [Scan RS (ms): Min: 2.6, Avg: 2.7, Max: 2.8, Diff: 0.2, Sum: 10.9]
      [Code Root Scanning (ms): Min: 0.0, Avg: 0.0, Max: 0.0, Diff: 0.0, Sum: 0.0]
      [Object Copy (ms): Min: 14.4, Avg: 14.5, Max: 14.6, Diff: 0.1, Sum: 58.1]
      [Termination (ms): Min: 0.0, Avg: 0.0, Max: 0.0, Diff: 0.0, Sum: 0.0]
         [Termination Attempts: Min: 1, Avg: 2.0, Max: 3, Diff: 2, Sum: 8]
      [GC Worker Other (ms): Min: 0.0, Avg: 0.0, Max: 0.0, Diff: 0.0, Sum: 0.1]
      [GC Worker Total (ms): Min: 19.1, Avg: 19.1, Max: 19.1, Diff: 0.0, Sum: 76.5]
      [GC Worker End (ms): Min: 386320.4, Avg: 386320.4, Max: 386320.4, Diff: 0.0]
   [Code Root Fixup: 0.0 ms]
   [Code Root Purge: 0.0 ms]
   [Clear CT: 0.2 ms]
   [Other: 1.2 ms]
      [Choose CSet: 0.1 ms]
      [Ref Proc: 0.1 ms]
      [Ref Enq: 0.0 ms]
      [Redirty Cards: 0.1 ms]
      [Humongous Register: 0.0 ms]
      [Humongous Reclaim: 0.0 ms]
      [Free CSet: 0.5 ms]
   [Eden: 42.0M(42.0M)->0.0B(47.0M) Survivors: 12.0M->7168.0K Heap: 947.5M(1096.0M)->873.0M(1096.0M)]
 [Times: user=0.06 sys=0.00, real=0.02 secs] 
2016-06-27T20:31:24.049+0300: 386.322: Total time for which application threads were stopped: 0.0270414 seconds, Stopping threads took: 0.0056780 seconds
2016-06-27T20:31:24.459+0300: 386.731: [GC pause (G1 Evacuation Pause) (mixed)
Desired survivor size 3670016 bytes, new threshold 1 (max 15)
- age   1:    6827648 bytes,    6827648 total
, 0.0293426 secs]
   [Parallel Time: 27.9 ms, GC Workers: 4]
      [GC Worker Start (ms): Min: 386731.4, Avg: 386731.4, Max: 386731.4, Diff: 0.0]
      [Ext Root Scanning (ms): Min: 0.6, Avg: 0.6, Max: 0.7, Diff: 0.1, Sum: 2.4]
      [Update RS (ms): Min: 8.9, Avg: 8.9, Max: 8.9, Diff: 0.1, Sum: 35.6]
         [Processed Buffers: Min: 13, Avg: 21.0, Max: 34, Diff: 21, Sum: 84]
      [Scan RS (ms): Min: 3.8, Avg: 3.9, Max: 3.9, Diff: 0.1, Sum: 15.4]
      [Code Root Scanning (ms): Min: 0.0, Avg: 0.0, Max: 0.1, Diff: 0.1, Sum: 0.1]
      [Object Copy (ms): Min: 14.4, Avg: 14.5, Max: 14.5, Diff: 0.1, Sum: 57.8]
      [Termination (ms): Min: 0.0, Avg: 0.0, Max: 0.0, Diff: 0.0, Sum: 0.0]
         [Termination Attempts: Min: 1, Avg: 1.0, Max: 1, Diff: 0, Sum: 4]
      [GC Worker Other (ms): Min: 0.0, Avg: 0.0, Max: 0.0, Diff: 0.0, Sum: 0.1]
      [GC Worker Total (ms): Min: 27.9, Avg: 27.9, Max: 27.9, Diff: 0.0, Sum: 111.5]
      [GC Worker End (ms): Min: 386759.3, Avg: 386759.3, Max: 386759.3, Diff: 0.0]
   [Code Root Fixup: 0.1 ms]
   [Code Root Purge: 0.0 ms]
   [Clear CT: 0.2 ms]
   [Other: 1.2 ms]
      [Choose CSet: 0.2 ms]
      [Ref Proc: 0.1 ms]
      [Ref Enq: 0.0 ms]
      [Redirty Cards: 0.0 ms]
      [Humongous Register: 0.0 ms]
      [Humongous Reclaim: 0.0 ms]
      [Free CSet: 0.5 ms]
   [Eden: 47.0M(47.0M)->0.0B(47.0M) Survivors: 7168.0K->7168.0K Heap: 920.0M(1096.0M)->848.5M(1096.0M)]
 [Times: user=0.06 sys=0.00, real=0.03 secs] 
2016-06-27T20:31:24.488+0300: 386.761: Total time for which application threads were stopped: 0.0338591 seconds, Stopping threads took: 0.0037557 seconds
2016-06-27T20:31:24.885+0300: 387.157: [GC pause (G1 Evacuation Pause) (young)
Desired survivor size 3670016 bytes, new threshold 1 (max 15)
- age   1:    7225536 bytes,    7225536 total
, 0.0145864 secs]
   [Parallel Time: 14.0 ms, GC Workers: 4]
      [GC Worker Start (ms): Min: 387157.5, Avg: 387157.5, Max: 387157.5, Diff: 0.0]
      [Ext Root Scanning (ms): Min: 0.4, Avg: 0.5, Max: 0.6, Diff: 0.1, Sum: 2.0]
      [Update RS (ms): Min: 10.9, Avg: 11.0, Max: 11.2, Diff: 0.3, Sum: 44.0]
         [Processed Buffers: Min: 12, Avg: 19.0, Max: 27, Diff: 15, Sum: 76]
      [Scan RS (ms): Min: 0.0, Avg: 0.0, Max: 0.0, Diff: 0.0, Sum: 0.0]
      [Code Root Scanning (ms): Min: 0.0, Avg: 0.0, Max: 0.0, Diff: 0.0, Sum: 0.0]
      [Object Copy (ms): Min: 2.0, Avg: 2.2, Max: 2.3, Diff: 0.3, Sum: 9.0]
      [Termination (ms): Min: 0.0, Avg: 0.0, Max: 0.0, Diff: 0.0, Sum: 0.0]
         [Termination Attempts: Min: 1, Avg: 1.0, Max: 1, Diff: 0, Sum: 4]
      [GC Worker Other (ms): Min: 0.0, Avg: 0.0, Max: 0.0, Diff: 0.0, Sum: 0.1]
      [GC Worker Total (ms): Min: 13.7, Avg: 13.8, Max: 13.8, Diff: 0.0, Sum: 55.0]
      [GC Worker End (ms): Min: 387171.3, Avg: 387171.3, Max: 387171.3, Diff: 0.0]
   [Code Root Fixup: 0.0 ms]
   [Code Root Purge: 0.0 ms]
   [Clear CT: 0.0 ms]
   [Other: 0.6 ms]
      [Choose CSet: 0.0 ms]
      [Ref Proc: 0.1 ms]
      [Ref Enq: 0.0 ms]
      [Redirty Cards: 0.0 ms]
      [Humongous Register: 0.0 ms]
      [Humongous Reclaim: 0.0 ms]
      [Free CSet: 0.1 ms]
   [Eden: 47.0M(47.0M)->0.0B(47.0M) Survivors: 7168.0K->7168.0K Heap: 895.5M(1096.0M)->857.5M(1096.0M)]
 [Times: user=0.06 sys=0.00, real=0.02 secs] 
2016-06-27T20:31:24.900+0300: 387.172: Total time for which application threads were stopped: 0.0187193 seconds, Stopping threads took: 0.0034944 seconds
2016-06-27T20:31:24.938+0300: 387.210: Total time for which application threads were stopped: 0.0010396 seconds, Stopping threads took: 0.0001381 seconds
2016-06-27T20:31:25.300+0300: 387.573: [GC pause (G1 Evacuation Pause) (young) (initial-mark)
Desired survivor size 3670016 bytes, new threshold 1 (max 15)
- age   1:    7189112 bytes,    7189112 total
, 0.0048547 secs]
   [Parallel Time: 4.1 ms, GC Workers: 4]
      [GC Worker Start (ms): Min: 387572.9, Avg: 387572.9, Max: 387572.9, Diff: 0.0]
      [Ext Root Scanning (ms): Min: 0.5, Avg: 0.6, Max: 0.7, Diff: 0.2, Sum: 2.2]
      [Update RS (ms): Min: 0.9, Avg: 1.0, Max: 1.1, Diff: 0.3, Sum: 4.0]
         [Processed Buffers: Min: 2, Avg: 13.8, Max: 25, Diff: 23, Sum: 55]
      [Scan RS (ms): Min: 0.0, Avg: 0.0, Max: 0.0, Diff: 0.0, Sum: 0.0]
      [Code Root Scanning (ms): Min: 0.0, Avg: 0.0, Max: 0.0, Diff: 0.0, Sum: 0.0]
      [Object Copy (ms): Min: 2.4, Avg: 2.5, Max: 2.5, Diff: 0.2, Sum: 9.8]
      [Termination (ms): Min: 0.0, Avg: 0.0, Max: 0.0, Diff: 0.0, Sum: 0.0]
         [Termination Attempts: Min: 1, Avg: 1.0, Max: 1, Diff: 0, Sum: 4]
      [GC Worker Other (ms): Min: 0.0, Avg: 0.0, Max: 0.0, Diff: 0.0, Sum: 0.1]
      [GC Worker Total (ms): Min: 4.0, Avg: 4.0, Max: 4.0, Diff: 0.0, Sum: 16.1]
      [GC Worker End (ms): Min: 387576.9, Avg: 387576.9, Max: 387576.9, Diff: 0.0]
   [Code Root Fixup: 0.0 ms]
   [Code Root Purge: 0.0 ms]
   [Clear CT: 0.0 ms]
   [Other: 0.7 ms]
      [Choose CSet: 0.0 ms]
      [Ref Proc: 0.0 ms]
      [Ref Enq: 0.0 ms]
      [Redirty Cards: 0.1 ms]
      [Humongous Register: 0.0 ms]
      [Humongous Reclaim: 0.0 ms]
      [Free CSet: 0.1 ms]
   [Eden: 47.0M(47.0M)->0.0B(47.0M) Survivors: 7168.0K->7168.0K Heap: 904.5M(1096.0M)->867.0M(1096.0M)]
 [Times: user=0.05 sys=0.00, real=0.01 secs] 
2016-06-27T20:31:25.305+03002016-06-27T20:31:25.305+0300: : 387.578: 387.578: [GC concurrent-root-region-scan-start]
Total time for which application threads were stopped: 0.0106738 seconds, Stopping threads took: 0.0052054 seconds
2016-06-27T20:31:25.306+0300: 387.578: [GC concurrent-root-region-scan-end, 0.0007822 secs]
2016-06-27T20:31:25.306+0300: 387.578: [GC concurrent-mark-start]
2016-06-27T20:31:25.394+0300: 387.666: [GC concurrent-mark-end, 0.0873082 secs]
2016-06-27T20:31:25.426+0300: 387.699: [GC remark 2016-06-27T20:31:25.427+0300: 387.699: [Finalize Marking, 0.0001907 secs] 2016-06-27T20:31:25.427+0300: 387.699: [GC ref-proc, 0.0000945 secs] 2016-06-27T20:31:25.427+0300: 387.699: [Unloading, 0.0016277 secs], 0.0059393 secs]
 [Times: user=0.00 sys=0.00, real=0.01 secs] 
2016-06-27T20:31:25.433+0300: 387.705: Total time for which application threads were stopped: 0.0089927 seconds, Stopping threads took: 0.0026070 seconds
2016-06-27T20:31:25.434+0300: 387.706: [GC cleanup 885M->885M(1096M), 0.0022170 secs]
 [Times: user=0.00 sys=0.00, real=0.00 secs] 
2016-06-27T20:31:25.436+0300: 387.709: Total time for which application threads were stopped: 0.0027845 seconds, Stopping threads took: 0.0001116 seconds
2016-06-27T20:31:25.660+0300: 387.932: [GC pause (G1 Evacuation Pause) (young)
Desired survivor size 3670016 bytes, new threshold 1 (max 15)
- age   1:    7201936 bytes,    7201936 total
, 0.0046358 secs]
   [Parallel Time: 4.0 ms, GC Workers: 4]
      [GC Worker Start (ms): Min: 387932.0, Avg: 387932.1, Max: 387932.1, Diff: 0.0]
      [Ext Root Scanning (ms): Min: 0.5, Avg: 0.6, Max: 0.7, Diff: 0.1, Sum: 2.4]
      [Update RS (ms): Min: 0.9, Avg: 1.0, Max: 1.2, Diff: 0.3, Sum: 3.9]
         [Processed Buffers: Min: 3, Avg: 10.3, Max: 20, Diff: 17, Sum: 41]
      [Scan RS (ms): Min: 0.0, Avg: 0.0, Max: 0.0, Diff: 0.0, Sum: 0.0]
      [Code Root Scanning (ms): Min: 0.0, Avg: 0.0, Max: 0.0, Diff: 0.0, Sum: 0.0]
      [Object Copy (ms): Min: 2.2, Avg: 2.3, Max: 2.4, Diff: 0.2, Sum: 9.3]
      [Termination (ms): Min: 0.0, Avg: 0.0, Max: 0.1, Diff: 0.1, Sum: 0.1]
         [Termination Attempts: Min: 1, Avg: 1.0, Max: 1, Diff: 0, Sum: 4]
      [GC Worker Other (ms): Min: 0.0, Avg: 0.0, Max: 0.0, Diff: 0.0, Sum: 0.0]
      [GC Worker Total (ms): Min: 4.0, Avg: 4.0, Max: 4.0, Diff: 0.0, Sum: 15.9]
      [GC Worker End (ms): Min: 387936.0, Avg: 387936.0, Max: 387936.0, Diff: 0.0]
   [Code Root Fixup: 0.0 ms]
   [Code Root Purge: 0.0 ms]
   [Clear CT: 0.0 ms]
   [Other: 0.6 ms]
      [Choose CSet: 0.0 ms]
      [Ref Proc: 0.1 ms]
      [Ref Enq: 0.0 ms]
      [Redirty Cards: 0.0 ms]
      [Humongous Register: 0.0 ms]
      [Humongous Reclaim: 0.0 ms]
      [Free CSet: 0.1 ms]
   [Eden: 47.0M(47.0M)->0.0B(47.0M) Survivors: 7168.0K->7168.0K Heap: 914.0M(1096.0M)->875.5M(1096.0M)]
 [Times: user=0.06 sys=0.00, real=0.00 secs] 
2016-06-27T20:31:25.665+0300: 387.937: Total time for which application threads were stopped: 0.0085390 seconds, Stopping threads took: 0.0032532 seconds
2016-06-27T20:31:26.062+0300: 388.334: [GC pause (G1 Evacuation Pause) (mixed)
Desired survivor size 3670016 bytes, new threshold 1 (max 15)
- age   1:    7210912 bytes,    7210912 total
, 0.0203525 secs]
   [Parallel Time: 19.0 ms, GC Workers: 4]
      [GC Worker Start (ms): Min: 388334.5, Avg: 388334.6, Max: 388334.6, Diff: 0.0]
      [Ext Root Scanning (ms): Min: 0.5, Avg: 0.6, Max: 0.7, Diff: 0.2, Sum: 2.2]
      [Update RS (ms): Min: 0.9, Avg: 0.9, Max: 1.0, Diff: 0.1, Sum: 3.7]
         [Processed Buffers: Min: 4, Avg: 10.3, Max: 25, Diff: 21, Sum: 41]
      [Scan RS (ms): Min: 3.4, Avg: 3.5, Max: 3.7, Diff: 0.2, Sum: 14.2]
      [Code Root Scanning (ms): Min: 0.0, Avg: 0.1, Max: 0.1, Diff: 0.1, Sum: 0.2]
      [Object Copy (ms): Min: 13.8, Avg: 13.8, Max: 13.9, Diff: 0.1, Sum: 55.4]
      [Termination (ms): Min: 0.0, Avg: 0.0, Max: 0.0, Diff: 0.0, Sum: 0.0]
         [Termination Attempts: Min: 1, Avg: 1.3, Max: 2, Diff: 1, Sum: 5]
      [GC Worker Other (ms): Min: 0.0, Avg: 0.0, Max: 0.0, Diff: 0.0, Sum: 0.1]
      [GC Worker Total (ms): Min: 19.0, Avg: 19.0, Max: 19.0, Diff: 0.0, Sum: 75.9]
      [GC Worker End (ms): Min: 388353.5, Avg: 388353.5, Max: 388353.5, Diff: 0.0]
   [Code Root Fixup: 0.1 ms]
   [Code Root Purge: 0.0 ms]
   [Clear CT: 0.2 ms]
   [Other: 1.1 ms]
      [Choose CSet: 0.2 ms]
      [Ref Proc: 0.1 ms]
      [Ref Enq: 0.0 ms]
      [Redirty Cards: 0.0 ms]
      [Humongous Register: 0.0 ms]
      [Humongous Reclaim: 0.0 ms]
      [Free CSet: 0.5 ms]
   [Eden: 47.0M(47.0M)->0.0B(47.0M) Survivors: 7168.0K->7168.0K Heap: 922.5M(1096.0M)->843.0M(1096.0M)]
 [Times: user=0.06 sys=0.00, real=0.02 secs] 
2016-06-27T20:31:26.083+0300: 388.355: Total time for which application threads were stopped: 0.0255960 seconds, Stopping threads took: 0.0046007 seconds
2016-06-27T20:31:26.483+0300: 388.755: [GC pause (G1 Evacuation Pause) (mixed)
Desired survivor size 3670016 bytes, new threshold 1 (max 15)
- age   1:    7164184 bytes,    7164184 total
, 0.0179598 secs]
   [Parallel Time: 17.1 ms, GC Workers: 4]
      [GC Worker Start (ms): Min: 388755.0, Avg: 388755.0, Max: 388755.0, Diff: 0.0]
      [Ext Root Scanning (ms): Min: 0.5, Avg: 0.5, Max: 0.6, Diff: 0.1, Sum: 2.2]
      [Update RS (ms): Min: 10.3, Avg: 10.4, Max: 10.7, Diff: 0.4, Sum: 41.7]
         [Processed Buffers: Min: 11, Avg: 18.0, Max: 26, Diff: 15, Sum: 72]
      [Scan RS (ms): Min: 1.1, Avg: 1.3, Max: 1.5, Diff: 0.4, Sum: 5.4]
      [Code Root Scanning (ms): Min: 0.0, Avg: 0.0, Max: 0.0, Diff: 0.0, Sum: 0.0]
      [Object Copy (ms): Min: 4.7, Avg: 4.7, Max: 4.7, Diff: 0.1, Sum: 18.8]
      [Termination (ms): Min: 0.0, Avg: 0.0, Max: 0.0, Diff: 0.0, Sum: 0.0]
         [Termination Attempts: Min: 1, Avg: 2.8, Max: 6, Diff: 5, Sum: 11]
      [GC Worker Other (ms): Min: 0.0, Avg: 0.0, Max: 0.0, Diff: 0.0, Sum: 0.1]
      [GC Worker Total (ms): Min: 17.1, Avg: 17.1, Max: 17.1, Diff: 0.0, Sum: 68.2]
      [GC Worker End (ms): Min: 388772.0, Avg: 388772.0, Max: 388772.0, Diff: 0.0]
   [Code Root Fixup: 0.0 ms]
   [Code Root Purge: 0.0 ms]
   [Clear CT: 0.2 ms]
   [Other: 0.6 ms]
      [Choose CSet: 0.1 ms]
      [Ref Proc: 0.1 ms]
      [Ref Enq: 0.0 ms]
      [Redirty Cards: 0.0 ms]
      [Humongous Register: 0.0 ms]
      [Humongous Reclaim: 0.0 ms]
      [Free CSet: 0.2 ms]
   [Eden: 47.0M(47.0M)->0.0B(47.0M) Survivors: 7168.0K->7168.0K Heap: 890.0M(1096.0M)->846.0M(1096.0M)]
 [Times: user=0.06 sys=0.00, real=0.02 secs] 
2016-06-27T20:31:26.501+0300: 388.773: Total time for which application threads were stopped: 0.0219006 seconds, Stopping threads took: 0.0032720 seconds
2016-06-27T20:31:26.895+0300: 389.167: [GC pause (G1 Evacuation Pause) (young)
Desired survivor size 3670016 bytes, new threshold 1 (max 15)
- age   1:    7217840 bytes,    7217840 total
, 0.0085552 secs]
   [Parallel Time: 7.9 ms, GC Workers: 4]
      [GC Worker Start (ms): Min: 389167.2, Avg: 389167.2, Max: 389167.3, Diff: 0.0]
      [Ext Root Scanning (ms): Min: 0.5, Avg: 0.6, Max: 0.6, Diff: 0.1, Sum: 2.3]
      [Update RS (ms): Min: 4.7, Avg: 4.8, Max: 5.2, Diff: 0.5, Sum: 19.2]
         [Processed Buffers: Min: 4, Avg: 13.3, Max: 30, Diff: 26, Sum: 53]
      [Scan RS (ms): Min: 0.0, Avg: 0.0, Max: 0.0, Diff: 0.0, Sum: 0.0]
      [Code Root Scanning (ms): Min: 0.0, Avg: 0.0, Max: 0.0, Diff: 0.0, Sum: 0.0]
      [Object Copy (ms): Min: 2.0, Avg: 2.4, Max: 2.5, Diff: 0.5, Sum: 9.6]
      [Termination (ms): Min: 0.0, Avg: 0.0, Max: 0.0, Diff: 0.0, Sum: 0.0]
         [Termination Attempts: Min: 1, Avg: 1.0, Max: 1, Diff: 0, Sum: 4]
      [GC Worker Other (ms): Min: 0.0, Avg: 0.0, Max: 0.0, Diff: 0.0, Sum: 0.1]
      [GC Worker Total (ms): Min: 7.8, Avg: 7.8, Max: 7.8, Diff: 0.0, Sum: 31.2]
      [GC Worker End (ms): Min: 389175.0, Avg: 389175.0, Max: 389175.1, Diff: 0.0]
   [Code Root Fixup: 0.0 ms]
   [Code Root Purge: 0.0 ms]
   [Clear CT: 0.1 ms]
   [Other: 0.6 ms]
      [Choose CSet: 0.0 ms]
      [Ref Proc: 0.1 ms]
      [Ref Enq: 0.0 ms]
      [Redirty Cards: 0.0 ms]
      [Humongous Register: 0.0 ms]
      [Humongous Reclaim: 0.0 ms]
      [Free CSet: 0.1 ms]
   [Eden: 47.0M(47.0M)->0.0B(109.0M) Survivors: 7168.0K->7168.0K Heap: 893.0M(1096.0M)->855.5M(1096.0M)]
 [Times: user=0.06 sys=0.00, real=0.01 secs] 
2016-06-27T20:31:26.903+0300: 389.176: Total time for which application threads were stopped: 0.0138295 seconds, Stopping threads took: 0.0045977 seconds
2016-06-27T20:31:27.799+0300: 390.071: [GC pause (G1 Evacuation Pause) (young) (initial-mark)
Desired survivor size 7864320 bytes, new threshold 15 (max 15)
- age   1:    7049808 bytes,    7049808 total
, 0.0060295 secs]
   [Parallel Time: 5.3 ms, GC Workers: 4]
      [GC Worker Start (ms): Min: 390071.1, Avg: 390071.1, Max: 390071.1, Diff: 0.0]
      [Ext Root Scanning (ms): Min: 0.6, Avg: 0.6, Max: 0.7, Diff: 0.1, Sum: 2.5]
      [Update RS (ms): Min: 0.7, Avg: 0.7, Max: 0.8, Diff: 0.1, Sum: 2.9]
         [Processed Buffers: Min: 9, Avg: 19.5, Max: 37, Diff: 28, Sum: 78]
      [Scan RS (ms): Min: 0.0, Avg: 0.0, Max: 0.0, Diff: 0.0, Sum: 0.1]
      [Code Root Scanning (ms): Min: 0.0, Avg: 0.0, Max: 0.0, Diff: 0.0, Sum: 0.0]
      [Object Copy (ms): Min: 3.8, Avg: 3.9, Max: 3.9, Diff: 0.1, Sum: 15.5]
      [Termination (ms): Min: 0.0, Avg: 0.0, Max: 0.0, Diff: 0.0, Sum: 0.0]
         [Termination Attempts: Min: 1, Avg: 1.0, Max: 1, Diff: 0, Sum: 4]
      [GC Worker Other (ms): Min: 0.0, Avg: 0.0, Max: 0.0, Diff: 0.0, Sum: 0.1]
      [GC Worker Total (ms): Min: 5.3, Avg: 5.3, Max: 5.3, Diff: 0.0, Sum: 21.1]
      [GC Worker End (ms): Min: 390076.4, Avg: 390076.4, Max: 390076.4, Diff: 0.0]
   [Code Root Fixup: 0.0 ms]
   [Code Root Purge: 0.0 ms]
   [Clear CT: 0.0 ms]
   [Other: 0.6 ms]
      [Choose CSet: 0.0 ms]
      [Ref Proc: 0.0 ms]
      [Ref Enq: 0.0 ms]
      [Redirty Cards: 0.0 ms]
      [Humongous Register: 0.0 ms]
      [Humongous Reclaim: 0.0 ms]
      [Free CSet: 0.1 ms]
   [Eden: 109.0M(109.0M)->0.0B(93.0M) Survivors: 7168.0K->15.0M Heap: 964.5M(1096.0M)->874.5M(1096.0M)]
 [Times: user=0.06 sys=0.00, real=0.01 secs] 
2016-06-27T20:31:27.805+0300: 390.077: [GC concurrent-root-region-scan-start]
2016-06-27T20:31:27.805+0300: 390.077: Total time for which application threads were stopped: 0.0121608 seconds, Stopping threads took: 0.0053666 seconds
2016-06-27T20:31:27.806+0300: 390.078: [GC concurrent-root-region-scan-end, 0.0007912 secs]
2016-06-27T20:31:27.806+0300: 390.078: [GC concurrent-mark-start]
2016-06-27T20:31:27.900+0300: 390.172: [GC concurrent-mark-end, 0.0903728 secs]
2016-06-27T20:31:27.918+0300: 390.190: [GC remark 2016-06-27T20:31:27.918+0300: 390.190: [Finalize Marking, 0.0001984 secs] 2016-06-27T20:31:27.918+0300: 390.190: [GC ref-proc, 0.0000966 secs] 2016-06-27T20:31:27.918+0300: 390.190: [Unloading, 0.0018218 secs], 0.0057139 secs]
 [Times: user=0.00 sys=0.00, real=0.01 secs] 
2016-06-27T20:31:27.923+0300: 390.195: Total time for which application threads were stopped: 0.0109236 seconds, Stopping threads took: 0.0046589 seconds
2016-06-27T20:31:27.935+0300: 390.207: [GC cleanup 896M->896M(1096M), 0.0022135 secs]
 [Times: user=0.00 sys=0.00, real=0.00 secs] 
2016-06-27T20:31:27.937+0300: 390.209: Total time for which application threads were stopped: 0.0028927 seconds, Stopping threads took: 0.0000646 seconds
2016-06-27T20:31:28.532+0300: 390.804: [GC pause (G1 Evacuation Pause) (young)
Desired survivor size 7340032 bytes, new threshold 1 (max 15)
- age   1:   12882192 bytes,   12882192 total
- age   2:    2595616 bytes,   15477808 total
, 0.0071089 secs]
   [Parallel Time: 6.5 ms, GC Workers: 4]
      [GC Worker Start (ms): Min: 390804.1, Avg: 390804.1, Max: 390804.1, Diff: 0.0]
      [Ext Root Scanning (ms): Min: 0.5, Avg: 0.6, Max: 0.7, Diff: 0.1, Sum: 2.4]
      [Update RS (ms): Min: 0.8, Avg: 0.9, Max: 1.0, Diff: 0.2, Sum: 3.7]
         [Processed Buffers: Min: 11, Avg: 23.3, Max: 40, Diff: 29, Sum: 93]
      [Scan RS (ms): Min: 0.0, Avg: 0.0, Max: 0.0, Diff: 0.0, Sum: 0.1]
      [Code Root Scanning (ms): Min: 0.0, Avg: 0.0, Max: 0.0, Diff: 0.0, Sum: 0.0]
      [Object Copy (ms): Min: 4.8, Avg: 4.8, Max: 4.9, Diff: 0.1, Sum: 19.3]
      [Termination (ms): Min: 0.0, Avg: 0.0, Max: 0.0, Diff: 0.0, Sum: 0.0]
         [Termination Attempts: Min: 1, Avg: 1.0, Max: 1, Diff: 0, Sum: 4]
      [GC Worker Other (ms): Min: 0.0, Avg: 0.0, Max: 0.0, Diff: 0.0, Sum: 0.1]
      [GC Worker Total (ms): Min: 6.4, Avg: 6.4, Max: 6.4, Diff: 0.0, Sum: 25.6]
      [GC Worker End (ms): Min: 390810.5, Avg: 390810.5, Max: 390810.5, Diff: 0.0]
   [Code Root Fixup: 0.0 ms]
   [Code Root Purge: 0.0 ms]
   [Clear CT: 0.1 ms]
   [Other: 0.6 ms]
      [Choose CSet: 0.0 ms]
      [Ref Proc: 0.0 ms]
      [Ref Enq: 0.0 ms]
      [Redirty Cards: 0.1 ms]
      [Humongous Register: 0.0 ms]
      [Humongous Reclaim: 0.0 ms]
      [Free CSet: 0.1 ms]
   [Eden: 93.0M(93.0M)->0.0B(40.0M) Survivors: 15.0M->14.0M Heap: 967.5M(1096.0M)->891.5M(1096.0M)]
 [Times: user=0.06 sys=0.00, real=0.01 secs] 
2016-06-27T20:31:28.539+0300: 390.811: Total time for which application threads were stopped: 0.0123314 seconds, Stopping threads took: 0.0044057 seconds
2016-06-27T20:31:28.543+0300: 390.815: Total time for which application threads were stopped: 0.0014489 seconds, Stopping threads took: 0.0000783 seconds
2016-06-27T20:31:28.865+0300: 391.137: [GC pause (G1 Evacuation Pause) (mixed)
Desired survivor size 3670016 bytes, new threshold 1 (max 15)
- age   1:   14464960 bytes,   14464960 total
, 0.0213990 secs]
   [Parallel Time: 20.0 ms, GC Workers: 4]
      [GC Worker Start (ms): Min: 391137.7, Avg: 391137.7, Max: 391137.8, Diff: 0.0]
      [Ext Root Scanning (ms): Min: 0.6, Avg: 0.6, Max: 0.6, Diff: 0.1, Sum: 2.3]
      [Update RS (ms): Min: 1.0, Avg: 1.0, Max: 1.0, Diff: 0.0, Sum: 4.1]
         [Processed Buffers: Min: 3, Avg: 7.8, Max: 11, Diff: 8, Sum: 31]
      [Scan RS (ms): Min: 3.1, Avg: 3.2, Max: 3.2, Diff: 0.1, Sum: 12.8]
      [Code Root Scanning (ms): Min: 0.0, Avg: 0.0, Max: 0.1, Diff: 0.1, Sum: 0.1]
      [Object Copy (ms): Min: 15.1, Avg: 15.1, Max: 15.1, Diff: 0.1, Sum: 60.4]
      [Termination (ms): Min: 0.0, Avg: 0.0, Max: 0.0, Diff: 0.0, Sum: 0.0]
         [Termination Attempts: Min: 1, Avg: 6.8, Max: 14, Diff: 13, Sum: 27]
      [GC Worker Other (ms): Min: 0.0, Avg: 0.0, Max: 0.0, Diff: 0.0, Sum: 0.1]
      [GC Worker Total (ms): Min: 19.9, Avg: 19.9, Max: 20.0, Diff: 0.0, Sum: 79.8]
      [GC Worker End (ms): Min: 391157.7, Avg: 391157.7, Max: 391157.7, Diff: 0.0]
   [Code Root Fixup: 0.0 ms]
   [Code Root Purge: 0.0 ms]
   [Clear CT: 0.2 ms]
   [Other: 1.2 ms]
      [Choose CSet: 0.2 ms]
      [Ref Proc: 0.0 ms]
      [Ref Enq: 0.0 ms]
      [Redirty Cards: 0.1 ms]
      [Humongous Register: 0.0 ms]
      [Humongous Reclaim: 0.0 ms]
      [Free CSet: 0.6 ms]
   [Eden: 40.0M(40.0M)->0.0B(47.0M) Survivors: 14.0M->7168.0K Heap: 931.5M(1096.0M)->859.0M(1096.0M)]
 [Times: user=0.06 sys=0.00, real=0.02 secs] 
2016-06-27T20:31:28.887+0300: 391.159: Total time for which application threads were stopped: 0.0233747 seconds, Stopping threads took: 0.0011316 seconds
2016-06-27T20:31:28.944+0300: 391.216: Total time for which application threads were stopped: 0.0043026 seconds, Stopping threads took: 0.0031082 seconds
2016-06-27T20:31:29.271+0300: 391.543: [GC pause (G1 Evacuation Pause) (mixed)
Desired survivor size 3670016 bytes, new threshold 1 (max 15)
- age   1:    6688976 bytes,    6688976 total
, 0.0202576 secs]
   [Parallel Time: 19.3 ms, GC Workers: 4]
      [GC Worker Start (ms): Min: 391543.4, Avg: 391543.4, Max: 391543.4, Diff: 0.0]
      [Ext Root Scanning (ms): Min: 0.5, Avg: 0.5, Max: 0.6, Diff: 0.2, Sum: 2.0]
      [Update RS (ms): Min: 11.1, Avg: 11.1, Max: 11.3, Diff: 0.3, Sum: 44.5]
         [Processed Buffers: Min: 14, Avg: 22.0, Max: 31, Diff: 17, Sum: 88]
      [Scan RS (ms): Min: 1.7, Avg: 1.8, Max: 1.9, Diff: 0.3, Sum: 7.3]
      [Code Root Scanning (ms): Min: 0.0, Avg: 0.0, Max: 0.0, Diff: 0.0, Sum: 0.0]
      [Object Copy (ms): Min: 5.7, Avg: 5.8, Max: 5.8, Diff: 0.1, Sum: 23.2]
      [Termination (ms): Min: 0.0, Avg: 0.0, Max: 0.0, Diff: 0.0, Sum: 0.0]
         [Termination Attempts: Min: 1, Avg: 1.8, Max: 3, Diff: 2, Sum: 7]
      [GC Worker Other (ms): Min: 0.0, Avg: 0.0, Max: 0.0, Diff: 0.0, Sum: 0.1]
      [GC Worker Total (ms): Min: 19.3, Avg: 19.3, Max: 19.3, Diff: 0.0, Sum: 77.1]
      [GC Worker End (ms): Min: 391562.7, Avg: 391562.7, Max: 391562.7, Diff: 0.0]
   [Code Root Fixup: 0.0 ms]
   [Code Root Purge: 0.0 ms]
   [Clear CT: 0.2 ms]
   [Other: 0.7 ms]
      [Choose CSet: 0.1 ms]
      [Ref Proc: 0.1 ms]
      [Ref Enq: 0.0 ms]
      [Redirty Cards: 0.0 ms]
      [Humongous Register: 0.0 ms]
      [Humongous Reclaim: 0.0 ms]
      [Free CSet: 0.2 ms]
   [Eden: 47.0M(47.0M)->0.0B(47.0M) Survivors: 7168.0K->7168.0K Heap: 906.0M(1096.0M)->858.5M(1096.0M)]
 [Times: user=0.06 sys=0.00, real=0.02 secs] 
2016-06-27T20:31:29.292+0300: 391.564: Total time for which application threads were stopped: 0.0217689 seconds, Stopping threads took: 0.0009126 seconds
2016-06-27T20:31:29.706+0300: 391.978: [GC pause (G1 Evacuation Pause) (young)
Desired survivor size 3670016 bytes, new threshold 1 (max 15)
- age   1:    7238704 bytes,    7238704 total
, 0.0099404 secs]
   [Parallel Time: 9.2 ms, GC Workers: 4]
      [GC Worker Start (ms): Min: 391978.4, Avg: 391978.5, Max: 391978.5, Diff: 0.0]
      [Ext Root Scanning (ms): Min: 0.6, Avg: 0.6, Max: 0.8, Diff: 0.2, Sum: 2.6]
      [Update RS (ms): Min: 6.1, Avg: 6.1, Max: 6.2, Diff: 0.0, Sum: 24.6]
         [Processed Buffers: Min: 8, Avg: 15.0, Max: 23, Diff: 15, Sum: 60]
      [Scan RS (ms): Min: 0.0, Avg: 0.0, Max: 0.0, Diff: 0.0, Sum: 0.0]
      [Code Root Scanning (ms): Min: 0.0, Avg: 0.0, Max: 0.0, Diff: 0.0, Sum: 0.0]
      [Object Copy (ms): Min: 2.3, Avg: 2.4, Max: 2.4, Diff: 0.1, Sum: 9.5]
      [Termination (ms): Min: 0.0, Avg: 0.0, Max: 0.0, Diff: 0.0, Sum: 0.0]
         [Termination Attempts: Min: 1, Avg: 1.0, Max: 1, Diff: 0, Sum: 4]
      [GC Worker Other (ms): Min: 0.0, Avg: 0.0, Max: 0.0, Diff: 0.0, Sum: 0.0]
      [GC Worker Total (ms): Min: 9.2, Avg: 9.2, Max: 9.2, Diff: 0.0, Sum: 36.7]
      [GC Worker End (ms): Min: 391987.6, Avg: 391987.6, Max: 391987.6, Diff: 0.0]
   [Code Root Fixup: 0.0 ms]
   [Code Root Purge: 0.0 ms]
   [Clear CT: 0.0 ms]
   [Other: 0.7 ms]
      [Choose CSet: 0.0 ms]
      [Ref Proc: 0.0 ms]
      [Ref Enq: 0.0 ms]
      [Redirty Cards: 0.0 ms]
      [Humongous Register: 0.1 ms]
      [Humongous Reclaim: 0.0 ms]
      [Free CSet: 0.1 ms]
   [Eden: 47.0M(47.0M)->0.0B(100.0M) Survivors: 7168.0K->7168.0K Heap: 905.5M(1096.0M)->867.5M(1096.0M)]
 [Times: user=0.06 sys=0.00, real=0.01 secs] 
2016-06-27T20:31:29.716+0300: 391.988: Total time for which application threads were stopped: 0.0134715 seconds, Stopping threads took: 0.0028631 seconds
2016-06-27T20:31:30.560+0300: 392.832: [GC pause (G1 Evacuation Pause) (young) (initial-mark)
Desired survivor size 7340032 bytes, new threshold 15 (max 15)
- age   1:    7208048 bytes,    7208048 total
, 0.0063224 secs]
   [Parallel Time: 5.6 ms, GC Workers: 4]
      [GC Worker Start (ms): Min: 392832.3, Avg: 392832.3, Max: 392832.3, Diff: 0.0]
      [Ext Root Scanning (ms): Min: 0.6, Avg: 0.6, Max: 0.6, Diff: 0.1, Sum: 2.4]
      [Update RS (ms): Min: 1.1, Avg: 1.2, Max: 1.4, Diff: 0.3, Sum: 4.7]
         [Processed Buffers: Min: 3, Avg: 15.8, Max: 34, Diff: 31, Sum: 63]
      [Scan RS (ms): Min: 0.0, Avg: 0.0, Max: 0.0, Diff: 0.0, Sum: 0.1]
      [Code Root Scanning (ms): Min: 0.0, Avg: 0.0, Max: 0.0, Diff: 0.0, Sum: 0.0]
      [Object Copy (ms): Min: 3.6, Avg: 3.7, Max: 3.8, Diff: 0.2, Sum: 14.9]
      [Termination (ms): Min: 0.0, Avg: 0.0, Max: 0.0, Diff: 0.0, Sum: 0.0]
         [Termination Attempts: Min: 1, Avg: 1.0, Max: 1, Diff: 0, Sum: 4]
      [GC Worker Other (ms): Min: 0.0, Avg: 0.0, Max: 0.0, Diff: 0.0, Sum: 0.1]
      [GC Worker Total (ms): Min: 5.5, Avg: 5.5, Max: 5.5, Diff: 0.0, Sum: 22.1]
      [GC Worker End (ms): Min: 392837.8, Avg: 392837.8, Max: 392837.8, Diff: 0.0]
   [Code Root Fixup: 0.0 ms]
   [Code Root Purge: 0.0 ms]
   [Clear CT: 0.1 ms]
   [Other: 0.7 ms]
      [Choose CSet: 0.0 ms]
      [Ref Proc: 0.1 ms]
      [Ref Enq: 0.0 ms]
      [Redirty Cards: 0.0 ms]
      [Humongous Register: 0.0 ms]
      [Humongous Reclaim: 0.0 ms]
      [Free CSet: 0.1 ms]
   [Eden: 100.0M(100.0M)->0.0B(85.0M) Survivors: 7168.0K->14.0M Heap: 967.5M(1096.0M)->885.0M(1096.0M)]
 [Times: user=0.00 sys=0.00, real=0.01 secs] 
2016-06-27T20:31:30.567+0300: 392.839: [GC concurrent-root-region-scan-start]
2016-06-27T20:31:30.567+0300: 392.839: Total time for which application threads were stopped: 0.0099370 seconds, Stopping threads took: 0.0029162 seconds
2016-06-27T20:31:30.568+0300: 392.839: [GC concurrent-root-region-scan-end, 0.0008912 secs]
2016-06-27T20:31:30.568+0300: 392.839: [GC concurrent-mark-start]
2016-06-27T20:31:30.657+0300: 392.929: [GC concurrent-mark-end, 0.0894546 secs]
2016-06-27T20:31:30.685+0300: 392.957: [GC remark 2016-06-27T20:31:30.685+0300: 392.957: [Finalize Marking, 0.0002117 secs] 2016-06-27T20:31:30.685+0300: 392.957: [GC ref-proc, 0.0001001 secs] 2016-06-27T20:31:30.685+0300: 392.957: [Unloading, 0.0018030 secs], 0.0057289 secs]
 [Times: user=0.00 sys=0.00, real=0.01 secs] 
2016-06-27T20:31:30.690+0300: 392.962: Total time for which application threads were stopped: 0.0073548 seconds, Stopping threads took: 0.0011205 seconds
2016-06-27T20:31:30.723+0300: 392.995: [GC cleanup 905M->905M(1096M), 0.0021785 secs]
 [Times: user=0.03 sys=0.01, real=0.00 secs] 
2016-06-27T20:31:30.725+0300: 392.997: Total time for which application threads were stopped: 0.0030671 seconds, Stopping threads took: 0.0003293 seconds
2016-06-27T20:31:31.259+0300: 393.531: [GC pause (G1 Evacuation Pause) (young)
Desired survivor size 6815744 bytes, new threshold 1 (max 15)
- age   1:   11277248 bytes,   11277248 total
- age   2:    3127560 bytes,   14404808 total
, 0.0063870 secs]
   [Parallel Time: 5.7 ms, GC Workers: 4]
      [GC Worker Start (ms): Min: 393531.1, Avg: 393531.1, Max: 393531.1, Diff: 0.0]
      [Ext Root Scanning (ms): Min: 0.5, Avg: 0.6, Max: 0.7, Diff: 0.1, Sum: 2.3]
      [Update RS (ms): Min: 0.7, Avg: 0.8, Max: 0.9, Diff: 0.2, Sum: 3.2]
         [Processed Buffers: Min: 7, Avg: 13.5, Max: 25, Diff: 18, Sum: 54]
      [Scan RS (ms): Min: 0.0, Avg: 0.0, Max: 0.0, Diff: 0.0, Sum: 0.1]
      [Code Root Scanning (ms): Min: 0.0, Avg: 0.0, Max: 0.0, Diff: 0.0, Sum: 0.0]
      [Object Copy (ms): Min: 4.2, Avg: 4.3, Max: 4.4, Diff: 0.2, Sum: 17.2]
      [Termination (ms): Min: 0.0, Avg: 0.0, Max: 0.0, Diff: 0.0, Sum: 0.0]
         [Termination Attempts: Min: 1, Avg: 1.0, Max: 1, Diff: 0, Sum: 4]
      [GC Worker Other (ms): Min: 0.0, Avg: 0.0, Max: 0.0, Diff: 0.0, Sum: 0.0]
      [GC Worker Total (ms): Min: 5.7, Avg: 5.7, Max: 5.7, Diff: 0.0, Sum: 22.9]
      [GC Worker End (ms): Min: 393536.8, Avg: 393536.8, Max: 393536.8, Diff: 0.0]
   [Code Root Fixup: 0.0 ms]
   [Code Root Purge: 0.0 ms]
   [Clear CT: 0.0 ms]
   [Other: 0.6 ms]
      [Choose CSet: 0.0 ms]
      [Ref Proc: 0.1 ms]
      [Ref Enq: 0.0 ms]
      [Redirty Cards: 0.0 ms]
      [Humongous Register: 0.0 ms]
      [Humongous Reclaim: 0.0 ms]
      [Free CSet: 0.1 ms]
   [Eden: 85.0M(85.0M)->0.0B(41.0M) Survivors: 14.0M->13.0M Heap: 970.0M(1096.0M)->900.0M(1096.0M)]
 [Times: user=0.00 sys=0.00, real=0.01 secs] 
2016-06-27T20:31:31.266+0300: 393.538: Total time for which application threads were stopped: 0.0121967 seconds, Stopping threads took: 0.0050703 seconds
2016-06-27T20:31:31.617+0300: 393.889: [GC pause (G1 Evacuation Pause) (mixed)
Desired survivor size 3670016 bytes, new threshold 1 (max 15)
- age   1:   13393984 bytes,   13393984 total
, 0.0204787 secs]
   [Parallel Time: 19.1 ms, GC Workers: 4]
      [GC Worker Start (ms): Min: 393889.6, Avg: 393889.6, Max: 393889.6, Diff: 0.0]
      [Ext Root Scanning (ms): Min: 0.6, Avg: 0.6, Max: 0.7, Diff: 0.1, Sum: 2.4]
      [Update RS (ms): Min: 0.8, Avg: 0.9, Max: 1.0, Diff: 0.1, Sum: 3.5]
         [Processed Buffers: Min: 4, Avg: 10.0, Max: 27, Diff: 23, Sum: 40]
      [Scan RS (ms): Min: 3.2, Avg: 3.2, Max: 3.3, Diff: 0.1, Sum: 13.0]
      [Code Root Scanning (ms): Min: 0.0, Avg: 0.0, Max: 0.1, Diff: 0.1, Sum: 0.1]
      [Object Copy (ms): Min: 14.2, Avg: 14.3, Max: 14.4, Diff: 0.1, Sum: 57.2]
      [Termination (ms): Min: 0.0, Avg: 0.0, Max: 0.0, Diff: 0.0, Sum: 0.0]
         [Termination Attempts: Min: 1, Avg: 1.0, Max: 1, Diff: 0, Sum: 4]
      [GC Worker Other (ms): Min: 0.0, Avg: 0.0, Max: 0.0, Diff: 0.0, Sum: 0.1]
      [GC Worker Total (ms): Min: 19.1, Avg: 19.1, Max: 19.1, Diff: 0.0, Sum: 76.3]
      [GC Worker End (ms): Min: 393908.6, Avg: 393908.6, Max: 393908.6, Diff: 0.0]
   [Code Root Fixup: 0.1 ms]
   [Code Root Purge: 0.0 ms]
   [Clear CT: 0.2 ms]
   [Other: 1.1 ms]
      [Choose CSet: 0.2 ms]
      [Ref Proc: 0.1 ms]
      [Ref Enq: 0.0 ms]
      [Redirty Cards: 0.1 ms]
      [Humongous Register: 0.0 ms]
      [Humongous Reclaim: 0.0 ms]
      [Free CSet: 0.5 ms]
   [Eden: 41.0M(41.0M)->0.0B(47.0M) Survivors: 13.0M->7168.0K Heap: 941.0M(1096.0M)->866.0M(1096.0M)]
 [Times: user=0.05 sys=0.00, real=0.02 secs] 
2016-06-27T20:31:31.638+0300: 393.910: Total time for which application threads were stopped: 0.0230198 seconds, Stopping threads took: 0.0018261 seconds
2016-06-27T20:31:31.946+0300: 394.218: Total time for which application threads were stopped: 0.0060436 seconds, Stopping threads took: 0.0050955 seconds
2016-06-27T20:31:32.026+0300: 394.298: [GC pause (G1 Evacuation Pause) (mixed)
Desired survivor size 3670016 bytes, new threshold 1 (max 15)
- age   1:    7072936 bytes,    7072936 total
, 0.0230125 secs]
   [Parallel Time: 21.9 ms, GC Workers: 4]
      [GC Worker Start (ms): Min: 394298.6, Avg: 394298.6, Max: 394298.6, Diff: 0.0]
      [Ext Root Scanning (ms): Min: 0.5, Avg: 0.5, Max: 0.7, Diff: 0.2, Sum: 2.2]
      [Update RS (ms): Min: 9.5, Avg: 9.7, Max: 10.0, Diff: 0.5, Sum: 38.8]
         [Processed Buffers: Min: 12, Avg: 17.8, Max: 27, Diff: 15, Sum: 71]
      [Scan RS (ms): Min: 2.2, Avg: 2.5, Max: 2.7, Diff: 0.5, Sum: 10.2]
      [Code Root Scanning (ms): Min: 0.0, Avg: 0.1, Max: 0.1, Diff: 0.1, Sum: 0.2]
      [Object Copy (ms): Min: 8.9, Avg: 9.0, Max: 9.0, Diff: 0.1, Sum: 36.1]
      [Termination (ms): Min: 0.0, Avg: 0.0, Max: 0.0, Diff: 0.0, Sum: 0.0]
         [Termination Attempts: Min: 1, Avg: 7.5, Max: 15, Diff: 14, Sum: 30]
      [GC Worker Other (ms): Min: 0.0, Avg: 0.0, Max: 0.0, Diff: 0.0, Sum: 0.1]
      [GC Worker Total (ms): Min: 21.9, Avg: 21.9, Max: 21.9, Diff: 0.0, Sum: 87.5]
      [GC Worker End (ms): Min: 394320.4, Avg: 394320.4, Max: 394320.4, Diff: 0.0]
   [Code Root Fixup: 0.1 ms]
   [Code Root Purge: 0.0 ms]
   [Clear CT: 0.2 ms]
   [Other: 0.8 ms]
      [Choose CSet: 0.1 ms]
      [Ref Proc: 0.0 ms]
      [Ref Enq: 0.0 ms]
      [Redirty Cards: 0.0 ms]
      [Humongous Register: 0.0 ms]
      [Humongous Reclaim: 0.0 ms]
      [Free CSet: 0.3 ms]
   [Eden: 47.0M(47.0M)->0.0B(47.0M) Survivors: 7168.0K->7168.0K Heap: 913.0M(1096.0M)->861.0M(1096.0M)]
 [Times: user=0.06 sys=0.00, real=0.02 secs] 
2016-06-27T20:31:32.050+0300: 394.322: Total time for which application threads were stopped: 0.0255468 seconds, Stopping threads took: 0.0019215 seconds
2016-06-27T20:31:32.442+0300: 394.714: [GC pause (G1 Evacuation Pause) (young)
Desired survivor size 3670016 bytes, new threshold 1 (max 15)
- age   1:    7218608 bytes,    7218608 total
, 0.0121920 secs]
   [Parallel Time: 11.5 ms, GC Workers: 4]
      [GC Worker Start (ms): Min: 394714.2, Avg: 394714.2, Max: 394714.2, Diff: 0.0]
      [Ext Root Scanning (ms): Min: 0.5, Avg: 0.5, Max: 0.6, Diff: 0.1, Sum: 2.2]
      [Update RS (ms): Min: 8.5, Avg: 8.6, Max: 8.8, Diff: 0.3, Sum: 34.3]
         [Processed Buffers: Min: 9, Avg: 11.5, Max: 16, Diff: 7, Sum: 46]
      [Scan RS (ms): Min: 0.0, Avg: 0.0, Max: 0.0, Diff: 0.0, Sum: 0.0]
      [Code Root Scanning (ms): Min: 0.0, Avg: 0.0, Max: 0.0, Diff: 0.0, Sum: 0.0]
      [Object Copy (ms): Min: 2.2, Avg: 2.4, Max: 2.4, Diff: 0.2, Sum: 9.4]
      [Termination (ms): Min: 0.0, Avg: 0.0, Max: 0.0, Diff: 0.0, Sum: 0.0]
         [Termination Attempts: Min: 1, Avg: 1.0, Max: 1, Diff: 0, Sum: 4]
      [GC Worker Other (ms): Min: 0.0, Avg: 0.0, Max: 0.0, Diff: 0.0, Sum: 0.1]
      [GC Worker Total (ms): Min: 11.5, Avg: 11.5, Max: 11.5, Diff: 0.0, Sum: 46.0]
      [GC Worker End (ms): Min: 394725.7, Avg: 394725.7, Max: 394725.7, Diff: 0.0]
   [Code Root Fixup: 0.0 ms]
   [Code Root Purge: 0.0 ms]
   [Clear CT: 0.0 ms]
   [Other: 0.6 ms]
      [Choose CSet: 0.0 ms]
      [Ref Proc: 0.0 ms]
      [Ref Enq: 0.0 ms]
      [Redirty Cards: 0.0 ms]
      [Humongous Register: 0.0 ms]
      [Humongous Reclaim: 0.0 ms]
      [Free CSet: 0.1 ms]
   [Eden: 47.0M(47.0M)->0.0B(98.0M) Survivors: 7168.0K->7168.0K Heap: 908.0M(1096.0M)->870.0M(1096.0M)]
 [Times: user=0.00 sys=0.00, real=0.01 secs] 
2016-06-27T20:31:32.454+0300: 394.726: Total time for which application threads were stopped: 0.0159057 seconds, Stopping threads took: 0.0031185 seconds
2016-06-27T20:31:32.948+0300: 395.220: Total time for which application threads were stopped: 0.0079381 seconds, Stopping threads took: 0.0069789 seconds
2016-06-27T20:31:33.283+0300: 395.555: [GC pause (G1 Evacuation Pause) (young) (initial-mark)
Desired survivor size 7340032 bytes, new threshold 15 (max 15)
- age   1:    7197560 bytes,    7197560 total
, 0.0067762 secs]
   [Parallel Time: 6.0 ms, GC Workers: 4]
      [GC Worker Start (ms): Min: 395555.6, Avg: 395555.6, Max: 395555.6, Diff: 0.0]
      [Ext Root Scanning (ms): Min: 0.5, Avg: 0.6, Max: 0.8, Diff: 0.3, Sum: 2.4]
      [Update RS (ms): Min: 1.0, Avg: 1.1, Max: 1.2, Diff: 0.2, Sum: 4.5]
         [Processed Buffers: Min: 15, Avg: 20.0, Max: 24, Diff: 9, Sum: 80]
      [Scan RS (ms): Min: 0.0, Avg: 0.0, Max: 0.0, Diff: 0.0, Sum: 0.1]
      [Code Root Scanning (ms): Min: 0.0, Avg: 0.0, Max: 0.0, Diff: 0.0, Sum: 0.0]
      [Object Copy (ms): Min: 4.2, Avg: 4.3, Max: 4.3, Diff: 0.1, Sum: 17.0]
      [Termination (ms): Min: 0.0, Avg: 0.0, Max: 0.0, Diff: 0.0, Sum: 0.0]
         [Termination Attempts: Min: 1, Avg: 1.0, Max: 1, Diff: 0, Sum: 4]
      [GC Worker Other (ms): Min: 0.0, Avg: 0.0, Max: 0.0, Diff: 0.0, Sum: 0.1]
      [GC Worker Total (ms): Min: 6.0, Avg: 6.0, Max: 6.0, Diff: 0.0, Sum: 24.0]
      [GC Worker End (ms): Min: 395561.6, Avg: 395561.6, Max: 395561.6, Diff: 0.0]
   [Code Root Fixup: 0.0 ms]
   [Code Root Purge: 0.0 ms]
   [Clear CT: 0.0 ms]
   [Other: 0.7 ms]
      [Choose CSet: 0.0 ms]
      [Ref Proc: 0.1 ms]
      [Ref Enq: 0.0 ms]
      [Redirty Cards: 0.0 ms]
      [Humongous Register: 0.0 ms]
      [Humongous Reclaim: 0.0 ms]
      [Free CSet: 0.1 ms]
   [Eden: 98.0M(98.0M)->0.0B(83.0M) Survivors: 7168.0K->14.0M Heap: 968.0M(1096.0M)->887.5M(1096.0M)]
 [Times: user=0.06 sys=0.00, real=0.01 secs] 
2016-06-27T20:31:33.290+0300: 395.562: [GC concurrent-root-region-scan-start]
2016-06-27T20:31:33.290+0300: 395.562: Total time for which application threads were stopped: 0.0114770 seconds, Stopping threads took: 0.0040991 seconds
2016-06-27T20:31:33.292+0300: 395.564: [GC concurrent-root-region-scan-end, 0.0012971 secs]
2016-06-27T20:31:33.292+0300: 395.564: [GC concurrent-mark-start]
2016-06-27T20:31:33.379+0300: 395.651: [GC concurrent-mark-end, 0.0875041 secs]
2016-06-27T20:31:33.403+0300: 395.674: [GC remark 2016-06-27T20:31:33.403+0300: 395.675: [Finalize Marking, 0.0002249 secs] 2016-06-27T20:31:33.403+0300: 395.675: [GC ref-proc, 0.0000996 secs] 2016-06-27T20:31:33.403+0300: 395.675: [Unloading, 0.0016939 secs], 0.0056912 secs]
 [Times: user=0.00 sys=0.00, real=0.00 secs] 
2016-06-27T20:31:33.408+0300: 395.680: Total time for which application threads were stopped: 0.0107303 seconds, Stopping threads took: 0.0046221 seconds
2016-06-27T20:31:33.442+0300: 395.714: [GC cleanup 907M->907M(1096M), 0.0021746 secs]
 [Times: user=0.06 sys=0.00, real=0.00 secs] 
2016-06-27T20:31:33.444+0300: 395.716: Total time for which application threads were stopped: 0.0039819 seconds, Stopping threads took: 0.0013569 seconds
2016-06-27T20:31:33.983+0300: 396.255: [GC pause (G1 Evacuation Pause) (young)
Desired survivor size 6815744 bytes, new threshold 1 (max 15)
- age   1:   12396728 bytes,   12396728 total
- age   2:    2054112 bytes,   14450840 total
, 0.0071217 secs]
   [Parallel Time: 6.5 ms, GC Workers: 4]
      [GC Worker Start (ms): Min: 396255.0, Avg: 396255.0, Max: 396255.0, Diff: 0.0]
      [Ext Root Scanning (ms): Min: 0.5, Avg: 0.6, Max: 0.6, Diff: 0.1, Sum: 2.3]
      [Update RS (ms): Min: 1.4, Avg: 1.5, Max: 1.6, Diff: 0.1, Sum: 5.9]
         [Processed Buffers: Min: 11, Avg: 17.0, Max: 24, Diff: 13, Sum: 68]
      [Scan RS (ms): Min: 0.0, Avg: 0.0, Max: 0.0, Diff: 0.0, Sum: 0.1]
      [Code Root Scanning (ms): Min: 0.0, Avg: 0.0, Max: 0.0, Diff: 0.0, Sum: 0.0]
      [Object Copy (ms): Min: 4.3, Avg: 4.4, Max: 4.4, Diff: 0.2, Sum: 17.4]
      [Termination (ms): Min: 0.0, Avg: 0.0, Max: 0.0, Diff: 0.0, Sum: 0.0]
         [Termination Attempts: Min: 1, Avg: 1.3, Max: 2, Diff: 1, Sum: 5]
      [GC Worker Other (ms): Min: 0.0, Avg: 0.0, Max: 0.0, Diff: 0.0, Sum: 0.1]
      [GC Worker Total (ms): Min: 6.4, Avg: 6.4, Max: 6.5, Diff: 0.0, Sum: 25.8]
      [GC Worker End (ms): Min: 396261.5, Avg: 396261.5, Max: 396261.5, Diff: 0.0]
   [Code Root Fixup: 0.0 ms]
   [Code Root Purge: 0.0 ms]
   [Clear CT: 0.0 ms]
   [Other: 0.6 ms]
      [Choose CSet: 0.0 ms]
      [Ref Proc: 0.1 ms]
      [Ref Enq: 0.0 ms]
      [Redirty Cards: 0.0 ms]
      [Humongous Register: 0.0 ms]
      [Humongous Reclaim: 0.0 ms]
      [Free CSet: 0.1 ms]
   [Eden: 83.0M(83.0M)->0.0B(41.0M) Survivors: 14.0M->13.0M Heap: 970.5M(1096.0M)->902.5M(1096.0M)]
 [Times: user=0.06 sys=0.00, real=0.01 secs] 
2016-06-27T20:31:33.990+0300: 396.262: Total time for which application threads were stopped: 0.0133561 seconds, Stopping threads took: 0.0055839 seconds
2016-06-27T20:31:34.336+0300: 396.608: [GC pause (G1 Evacuation Pause) (mixed)
Desired survivor size 3670016 bytes, new threshold 1 (max 15)
- age   1:   13450392 bytes,   13450392 total
, 0.0220798 secs]
   [Parallel Time: 20.7 ms, GC Workers: 4]
      [GC Worker Start (ms): Min: 396608.6, Avg: 396608.6, Max: 396608.6, Diff: 0.0]
      [Ext Root Scanning (ms): Min: 0.5, Avg: 0.5, Max: 0.6, Diff: 0.1, Sum: 2.1]
      [Update RS (ms): Min: 1.4, Avg: 1.4, Max: 1.5, Diff: 0.2, Sum: 5.8]
         [Processed Buffers: Min: 5, Avg: 10.3, Max: 17, Diff: 12, Sum: 41]
      [Scan RS (ms): Min: 3.6, Avg: 3.7, Max: 3.8, Diff: 0.2, Sum: 14.7]
      [Code Root Scanning (ms): Min: 0.0, Avg: 0.0, Max: 0.1, Diff: 0.1, Sum: 0.2]
      [Object Copy (ms): Min: 14.9, Avg: 14.9, Max: 15.0, Diff: 0.1, Sum: 59.8]
      [Termination (ms): Min: 0.0, Avg: 0.0, Max: 0.0, Diff: 0.0, Sum: 0.0]
         [Termination Attempts: Min: 1, Avg: 1.5, Max: 2, Diff: 1, Sum: 6]
      [GC Worker Other (ms): Min: 0.0, Avg: 0.0, Max: 0.0, Diff: 0.0, Sum: 0.0]
      [GC Worker Total (ms): Min: 20.6, Avg: 20.6, Max: 20.7, Diff: 0.0, Sum: 82.6]
      [GC Worker End (ms): Min: 396629.2, Avg: 396629.2, Max: 396629.2, Diff: 0.0]
   [Code Root Fixup: 0.1 ms]
   [Code Root Purge: 0.0 ms]
   [Clear CT: 0.2 ms]
   [Other: 1.2 ms]
      [Choose CSet: 0.2 ms]
      [Ref Proc: 0.0 ms]
      [Ref Enq: 0.0 ms]
      [Redirty Cards: 0.1 ms]
      [Humongous Register: 0.0 ms]
      [Humongous Reclaim: 0.0 ms]
      [Free CSet: 0.5 ms]
   [Eden: 41.0M(41.0M)->0.0B(47.0M) Survivors: 13.0M->7168.0K Heap: 943.5M(1096.0M)->870.0M(1096.0M)]
 [Times: user=0.06 sys=0.00, real=0.02 secs] 
2016-06-27T20:31:34.358+0300: 396.630: Total time for which application threads were stopped: 0.0275221 seconds, Stopping threads took: 0.0047679 seconds
2016-06-27T20:31:34.771+0300: 397.043: [GC pause (G1 Evacuation Pause) (mixed)
Desired survivor size 3670016 bytes, new threshold 1 (max 15)
- age   1:    6910160 bytes,    6910160 total
, 0.0168697 secs]
   [Parallel Time: 16.1 ms, GC Workers: 4]
      [GC Worker Start (ms): Min: 397043.4, Avg: 397043.4, Max: 397043.4, Diff: 0.0]
      [Ext Root Scanning (ms): Min: 0.5, Avg: 0.6, Max: 0.6, Diff: 0.1, Sum: 2.3]
      [Update RS (ms): Min: 11.4, Avg: 11.4, Max: 11.5, Diff: 0.2, Sum: 45.7]
         [Processed Buffers: Min: 15, Avg: 20.3, Max: 30, Diff: 15, Sum: 81]
      [Scan RS (ms): Min: 0.7, Avg: 0.8, Max: 0.9, Diff: 0.2, Sum: 3.2]
      [Code Root Scanning (ms): Min: 0.0, Avg: 0.0, Max: 0.0, Diff: 0.0, Sum: 0.0]
      [Object Copy (ms): Min: 3.3, Avg: 3.3, Max: 3.3, Diff: 0.1, Sum: 13.1]
      [Termination (ms): Min: 0.0, Avg: 0.0, Max: 0.0, Diff: 0.0, Sum: 0.0]
         [Termination Attempts: Min: 1, Avg: 2.3, Max: 3, Diff: 2, Sum: 9]
      [GC Worker Other (ms): Min: 0.0, Avg: 0.0, Max: 0.0, Diff: 0.0, Sum: 0.0]
      [GC Worker Total (ms): Min: 16.1, Avg: 16.1, Max: 16.1, Diff: 0.0, Sum: 64.3]
      [GC Worker End (ms): Min: 397059.4, Avg: 397059.4, Max: 397059.4, Diff: 0.0]
   [Code Root Fixup: 0.0 ms]
   [Code Root Purge: 0.0 ms]
   [Clear CT: 0.2 ms]
   [Other: 0.6 ms]
      [Choose CSet: 0.0 ms]
      [Ref Proc: 0.0 ms]
      [Ref Enq: 0.0 ms]
      [Redirty Cards: 0.0 ms]
      [Humongous Register: 0.0 ms]
      [Humongous Reclaim: 0.0 ms]
      [Free CSet: 0.1 ms]
   [Eden: 47.0M(47.0M)->0.0B(47.0M) Survivors: 7168.0K->7168.0K Heap: 917.0M(1096.0M)->876.0M(1096.0M)]
 [Times: user=0.06 sys=0.00, real=0.02 secs] 
2016-06-27T20:31:34.788+0300: 397.060: Total time for which application threads were stopped: 0.0222902 seconds, Stopping threads took: 0.0047358 seconds
2016-06-27T20:31:35.185+0300: 397.457: [GC pause (G1 Evacuation Pause) (young)
Desired survivor size 3670016 bytes, new threshold 1 (max 15)
- age   1:    7208224 bytes,    7208224 total
, 0.0083521 secs]
   [Parallel Time: 7.7 ms, GC Workers: 4]
      [GC Worker Start (ms): Min: 397457.6, Avg: 397457.6, Max: 397457.8, Diff: 0.2]
      [Ext Root Scanning (ms): Min: 0.7, Avg: 0.8, Max: 1.1, Diff: 0.4, Sum: 3.3]
      [Update RS (ms): Min: 3.2, Avg: 4.3, Max: 6.7, Diff: 3.5, Sum: 17.3]
         [Processed Buffers: Min: 3, Avg: 15.0, Max: 36, Diff: 33, Sum: 60]
      [Scan RS (ms): Min: 0.0, Avg: 0.0, Max: 0.0, Diff: 0.0, Sum: 0.0]
      [Code Root Scanning (ms): Min: 0.0, Avg: 0.0, Max: 0.0, Diff: 0.0, Sum: 0.0]
      [Object Copy (ms): Min: 0.2, Avg: 1.9, Max: 2.5, Diff: 2.3, Sum: 7.5]
      [Termination (ms): Min: 0.0, Avg: 0.6, Max: 0.8, Diff: 0.8, Sum: 2.2]
         [Termination Attempts: Min: 1, Avg: 2.0, Max: 4, Diff: 3, Sum: 8]
      [GC Worker Other (ms): Min: 0.0, Avg: 0.0, Max: 0.0, Diff: 0.0, Sum: 0.0]
      [GC Worker Total (ms): Min: 7.5, Avg: 7.6, Max: 7.6, Diff: 0.2, Sum: 30.4]
      [GC Worker End (ms): Min: 397465.2, Avg: 397465.2, Max: 397465.2, Diff: 0.0]
   [Code Root Fixup: 0.0 ms]
   [Code Root Purge: 0.0 ms]
   [Clear CT: 0.0 ms]
   [Other: 0.6 ms]
      [Choose CSet: 0.0 ms]
      [Ref Proc: 0.1 ms]
      [Ref Enq: 0.0 ms]
      [Redirty Cards: 0.0 ms]
      [Humongous Register: 0.0 ms]
      [Humongous Reclaim: 0.0 ms]
      [Free CSet: 0.1 ms]
   [Eden: 47.0M(47.0M)->0.0B(85.0M) Survivors: 7168.0K->7168.0K Heap: 923.0M(1096.0M)->885.5M(1096.0M)]
 [Times: user=0.05 sys=0.00, real=0.01 secs] 
2016-06-27T20:31:35.194+0300: 397.466: Total time for which application threads were stopped: 0.0168859 seconds, Stopping threads took: 0.0077534 seconds
2016-06-27T20:31:35.924+0300: 398.196: [GC pause (G1 Evacuation Pause) (young) (initial-mark)
Desired survivor size 6291456 bytes, new threshold 1 (max 15)
- age   1:    6861512 bytes,    6861512 total
, 0.0055621 secs]
   [Parallel Time: 4.8 ms, GC Workers: 4]
      [GC Worker Start (ms): Min: 398196.2, Avg: 398196.2, Max: 398196.2, Diff: 0.0]
      [Ext Root Scanning (ms): Min: 0.6, Avg: 0.7, Max: 0.8, Diff: 0.2, Sum: 2.6]
      [Update RS (ms): Min: 0.6, Avg: 0.7, Max: 0.8, Diff: 0.2, Sum: 2.9]
         [Processed Buffers: Min: 9, Avg: 17.3, Max: 23, Diff: 14, Sum: 69]
      [Scan RS (ms): Min: 0.0, Avg: 0.0, Max: 0.0, Diff: 0.0, Sum: 0.1]
      [Code Root Scanning (ms): Min: 0.0, Avg: 0.0, Max: 0.0, Diff: 0.0, Sum: 0.0]
      [Object Copy (ms): Min: 3.3, Avg: 3.3, Max: 3.4, Diff: 0.1, Sum: 13.3]
      [Termination (ms): Min: 0.0, Avg: 0.0, Max: 0.0, Diff: 0.0, Sum: 0.0]
         [Termination Attempts: Min: 1, Avg: 1.0, Max: 1, Diff: 0, Sum: 4]
      [GC Worker Other (ms): Min: 0.0, Avg: 0.0, Max: 0.0, Diff: 0.0, Sum: 0.1]
      [GC Worker Total (ms): Min: 4.7, Avg: 4.8, Max: 4.8, Diff: 0.0, Sum: 19.0]
      [GC Worker End (ms): Min: 398201.0, Avg: 398201.0, Max: 398201.0, Diff: 0.0]
   [Code Root Fixup: 0.0 ms]
   [Code Root Purge: 0.0 ms]
   [Clear CT: 0.0 ms]
   [Other: 0.7 ms]
      [Choose CSet: 0.0 ms]
      [Ref Proc: 0.1 ms]
      [Ref Enq: 0.0 ms]
      [Redirty Cards: 0.0 ms]
      [Humongous Register: 0.0 ms]
      [Humongous Reclaim: 0.0 ms]
      [Free CSet: 0.1 ms]
   [Eden: 85.0M(85.0M)->0.0B(71.0M) Survivors: 7168.0K->12.0M Heap: 970.5M(1096.0M)->901.5M(1096.0M)]
 [Times: user=0.06 sys=0.00, real=0.00 secs] 
2016-06-27T20:31:35.929+0300: 398.202: [GC concurrent-root-region-scan-start]
2016-06-27T20:31:35.930+0300: 398.202: Total time for which application threads were stopped: 0.0105973 seconds, Stopping threads took: 0.0042877 seconds
2016-06-27T20:31:35.930+0300: 398.203: [GC concurrent-root-region-scan-end, 0.0009246 secs]
2016-06-27T20:31:35.930+0300: 398.203: [GC concurrent-mark-start]
2016-06-27T20:31:36.033+0300: 398.305: [GC concurrent-mark-end, 0.1002482 secs]
2016-06-27T20:31:36.059+0300: 398.331: [GC remark 2016-06-27T20:31:36.059+0300: 398.331: [Finalize Marking, 0.0002288 secs] 2016-06-27T20:31:36.059+0300: 398.331: [GC ref-proc, 0.0001014 secs] 2016-06-27T20:31:36.059+0300: 398.331: [Unloading, 0.0021028 secs], 0.0060847 secs]
 [Times: user=0.00 sys=0.00, real=0.01 secs] 
2016-06-27T20:31:36.065+0300: 398.337: Total time for which application threads were stopped: 0.0098780 seconds, Stopping threads took: 0.0031693 seconds
2016-06-27T20:31:36.066+0300: 398.338: [GC cleanup 920M->920M(1096M), 0.0022554 secs]
 [Times: user=0.06 sys=0.00, real=0.00 secs] 
2016-06-27T20:31:36.068+0300: 398.341: Total time for which application threads were stopped: 0.0028982 seconds, Stopping threads took: 0.0000453 seconds
2016-06-27T20:31:36.471+0300: 398.743: [GC pause (G1 Evacuation Pause) (young)
Desired survivor size 5767168 bytes, new threshold 1 (max 15)
- age   1:   12066192 bytes,   12066192 total
, 0.0059115 secs]
   [Parallel Time: 5.3 ms, GC Workers: 4]
      [GC Worker Start (ms): Min: 398743.4, Avg: 398743.4, Max: 398743.5, Diff: 0.0]
      [Ext Root Scanning (ms): Min: 0.6, Avg: 0.6, Max: 0.6, Diff: 0.1, Sum: 2.4]
      [Update RS (ms): Min: 0.8, Avg: 1.0, Max: 1.1, Diff: 0.3, Sum: 3.9]
         [Processed Buffers: Min: 4, Avg: 17.5, Max: 35, Diff: 31, Sum: 70]
      [Scan RS (ms): Min: 0.0, Avg: 0.0, Max: 0.0, Diff: 0.0, Sum: 0.1]
      [Code Root Scanning (ms): Min: 0.0, Avg: 0.0, Max: 0.0, Diff: 0.0, Sum: 0.0]
      [Object Copy (ms): Min: 3.5, Avg: 3.6, Max: 3.8, Diff: 0.3, Sum: 14.5]
      [Termination (ms): Min: 0.0, Avg: 0.0, Max: 0.0, Diff: 0.0, Sum: 0.0]
         [Termination Attempts: Min: 1, Avg: 1.0, Max: 1, Diff: 0, Sum: 4]
      [GC Worker Other (ms): Min: 0.0, Avg: 0.0, Max: 0.0, Diff: 0.0, Sum: 0.1]
      [GC Worker Total (ms): Min: 5.2, Avg: 5.3, Max: 5.3, Diff: 0.0, Sum: 21.0]
      [GC Worker End (ms): Min: 398748.7, Avg: 398748.7, Max: 398748.7, Diff: 0.0]
   [Code Root Fixup: 0.0 ms]
   [Code Root Purge: 0.0 ms]
   [Clear CT: 0.0 ms]
   [Other: 0.6 ms]
      [Choose CSet: 0.0 ms]
      [Ref Proc: 0.1 ms]
      [Ref Enq: 0.0 ms]
      [Redirty Cards: 0.0 ms]
      [Humongous Register: 0.0 ms]
      [Humongous Reclaim: 0.0 ms]
      [Free CSet: 0.1 ms]
   [Eden: 71.0M(71.0M)->0.0B(43.0M) Survivors: 12.0M->11.0M Heap: 972.5M(1096.0M)->915.0M(1096.0M)]
 [Times: user=0.06 sys=0.00, real=0.01 secs] 
2016-06-27T20:31:36.477+0300: 398.749: Total time for which application threads were stopped: 0.0086202 seconds, Stopping threads took: 0.0019172 seconds
2016-06-27T20:31:36.848+0300: 399.120: [GC pause (G1 Evacuation Pause) (mixed)
Desired survivor size 3670016 bytes, new threshold 1 (max 15)
- age   1:   11223912 bytes,   11223912 total
, 0.0187082 secs]
   [Parallel Time: 17.4 ms, GC Workers: 4]
      [GC Worker Start (ms): Min: 399120.1, Avg: 399120.1, Max: 399120.1, Diff: 0.0]
      [Ext Root Scanning (ms): Min: 0.6, Avg: 0.6, Max: 0.6, Diff: 0.1, Sum: 2.5]
      [Update RS (ms): Min: 0.7, Avg: 0.8, Max: 0.8, Diff: 0.2, Sum: 3.1]
         [Processed Buffers: Min: 2, Avg: 7.5, Max: 19, Diff: 17, Sum: 30]
      [Scan RS (ms): Min: 2.6, Avg: 2.7, Max: 2.7, Diff: 0.1, Sum: 10.7]
      [Code Root Scanning (ms): Min: 0.0, Avg: 0.0, Max: 0.1, Diff: 0.1, Sum: 0.2]
      [Object Copy (ms): Min: 13.2, Avg: 13.3, Max: 13.3, Diff: 0.1, Sum: 53.1]
      [Termination (ms): Min: 0.0, Avg: 0.0, Max: 0.0, Diff: 0.0, Sum: 0.0]
         [Termination Attempts: Min: 1, Avg: 1.0, Max: 1, Diff: 0, Sum: 4]
      [GC Worker Other (ms): Min: 0.0, Avg: 0.0, Max: 0.0, Diff: 0.0, Sum: 0.1]
      [GC Worker Total (ms): Min: 17.4, Avg: 17.4, Max: 17.4, Diff: 0.0, Sum: 69.6]
      [GC Worker End (ms): Min: 399137.5, Avg: 399137.5, Max: 399137.5, Diff: 0.0]
   [Code Root Fixup: 0.0 ms]
   [Code Root Purge: 0.0 ms]
   [Clear CT: 0.2 ms]
   [Other: 1.0 ms]
      [Choose CSet: 0.1 ms]
      [Ref Proc: 0.1 ms]
      [Ref Enq: 0.0 ms]
      [Redirty Cards: 0.0 ms]
      [Humongous Register: 0.0 ms]
      [Humongous Reclaim: 0.0 ms]
      [Free CSet: 0.4 ms]
   [Eden: 43.0M(43.0M)->0.0B(47.0M) Survivors: 11.0M->7168.0K Heap: 958.0M(1096.0M)->876.5M(1096.0M)]
 [Times: user=0.09 sys=0.02, real=0.02 secs] 
2016-06-27T20:31:36.867+0300: 399.139: Total time for which application threads were stopped: 0.0229077 seconds, Stopping threads took: 0.0033981 seconds
2016-06-27T20:31:36.945+0300: 399.217: Total time for which application threads were stopped: 0.0041106 seconds, Stopping threads took: 0.0027100 seconds
2016-06-27T20:31:37.231+0300: 399.503: [GC pause (G1 Evacuation Pause) (mixed)
Desired survivor size 3670016 bytes, new threshold 1 (max 15)
- age   1:    7184224 bytes,    7184224 total
, 0.0285797 secs]
   [Parallel Time: 27.2 ms, GC Workers: 4]
      [GC Worker Start (ms): Min: 399503.6, Avg: 399503.6, Max: 399503.6, Diff: 0.0]
      [Ext Root Scanning (ms): Min: 0.6, Avg: 0.6, Max: 0.6, Diff: 0.1, Sum: 2.4]
      [Update RS (ms): Min: 7.9, Avg: 8.0, Max: 8.0, Diff: 0.1, Sum: 31.8]
         [Processed Buffers: Min: 10, Avg: 17.0, Max: 24, Diff: 14, Sum: 68]
      [Scan RS (ms): Min: 3.4, Avg: 3.5, Max: 3.6, Diff: 0.2, Sum: 14.2]
      [Code Root Scanning (ms): Min: 0.0, Avg: 0.0, Max: 0.1, Diff: 0.1, Sum: 0.2]
      [Object Copy (ms): Min: 14.9, Avg: 14.9, Max: 15.0, Diff: 0.1, Sum: 59.7]
      [Termination (ms): Min: 0.0, Avg: 0.0, Max: 0.0, Diff: 0.0, Sum: 0.0]
         [Termination Attempts: Min: 1, Avg: 7.5, Max: 11, Diff: 10, Sum: 30]
      [GC Worker Other (ms): Min: 0.0, Avg: 0.0, Max: 0.1, Diff: 0.1, Sum: 0.1]
      [GC Worker Total (ms): Min: 27.1, Avg: 27.1, Max: 27.2, Diff: 0.1, Sum: 108.4]
      [GC Worker End (ms): Min: 399530.7, Avg: 399530.7, Max: 399530.7, Diff: 0.1]
   [Code Root Fixup: 0.1 ms]
   [Code Root Purge: 0.0 ms]
   [Clear CT: 0.2 ms]
   [Other: 1.1 ms]
      [Choose CSet: 0.2 ms]
      [Ref Proc: 0.0 ms]
      [Ref Enq: 0.0 ms]
      [Redirty Cards: 0.0 ms]
      [Humongous Register: 0.0 ms]
      [Humongous Reclaim: 0.0 ms]
      [Free CSet: 0.5 ms]
   [Eden: 47.0M(47.0M)->0.0B(47.0M) Survivors: 7168.0K->7168.0K Heap: 923.5M(1096.0M)->856.0M(1096.0M)]
 [Times: user=0.13 sys=0.00, real=0.03 secs] 
2016-06-27T20:31:37.260+0300: 399.532: Total time for which application threads were stopped: 0.0354213 seconds, Stopping threads took: 0.0060304 seconds
2016-06-27T20:31:37.674+0300: 399.946: [GC pause (G1 Evacuation Pause) (young)
Desired survivor size 3670016 bytes, new threshold 1 (max 15)
- age   1:    7199528 bytes,    7199528 total
, 0.0147819 secs]
   [Parallel Time: 14.2 ms, GC Workers: 4]
      [GC Worker Start (ms): Min: 399945.8, Avg: 399945.8, Max: 399945.8, Diff: 0.0]
      [Ext Root Scanning (ms): Min: 0.6, Avg: 0.6, Max: 0.6, Diff: 0.1, Sum: 2.3]
      [Update RS (ms): Min: 11.2, Avg: 11.3, Max: 11.4, Diff: 0.2, Sum: 45.2]
         [Processed Buffers: Min: 12, Avg: 21.0, Max: 33, Diff: 21, Sum: 84]
      [Scan RS (ms): Min: 0.0, Avg: 0.0, Max: 0.0, Diff: 0.0, Sum: 0.0]
      [Code Root Scanning (ms): Min: 0.0, Avg: 0.0, Max: 0.0, Diff: 0.0, Sum: 0.0]
      [Object Copy (ms): Min: 2.1, Avg: 2.2, Max: 2.3, Diff: 0.2, Sum: 9.0]
      [Termination (ms): Min: 0.0, Avg: 0.0, Max: 0.0, Diff: 0.0, Sum: 0.0]
         [Termination Attempts: Min: 1, Avg: 1.0, Max: 1, Diff: 0, Sum: 4]
      [GC Worker Other (ms): Min: 0.0, Avg: 0.0, Max: 0.0, Diff: 0.0, Sum: 0.1]
      [GC Worker Total (ms): Min: 14.1, Avg: 14.1, Max: 14.2, Diff: 0.0, Sum: 56.6]
      [GC Worker End (ms): Min: 399959.9, Avg: 399959.9, Max: 399959.9, Diff: 0.0]
   [Code Root Fixup: 0.0 ms]
   [Code Root Purge: 0.0 ms]
   [Clear CT: 0.0 ms]
   [Other: 0.6 ms]
      [Choose CSet: 0.0 ms]
      [Ref Proc: 0.0 ms]
      [Ref Enq: 0.0 ms]
      [Redirty Cards: 0.0 ms]
      [Humongous Register: 0.0 ms]
      [Humongous Reclaim: 0.0 ms]
      [Free CSet: 0.1 ms]
   [Eden: 47.0M(47.0M)->0.0B(47.0M) Survivors: 7168.0K->7168.0K Heap: 903.0M(1096.0M)->865.5M(1096.0M)]
 [Times: user=0.06 sys=0.00, real=0.01 secs] 
2016-06-27T20:31:37.689+0300: 399.961: Total time for which application threads were stopped: 0.0215354 seconds, Stopping threads took: 0.0060030 seconds
2016-06-27T20:31:37.948+0300: 400.221: Total time for which application threads were stopped: 0.0071465 seconds, Stopping threads took: 0.0058229 seconds
2016-06-27T20:31:38.091+0300: 400.363: [GC pause (G1 Evacuation Pause) (young) (initial-mark)
Desired survivor size 3670016 bytes, new threshold 1 (max 15)
- age   1:    7222248 bytes,    7222248 total
, 0.0047525 secs]
   [Parallel Time: 4.0 ms, GC Workers: 4]
      [GC Worker Start (ms): Min: 400363.6, Avg: 400363.7, Max: 400363.7, Diff: 0.0]
      [Ext Root Scanning (ms): Min: 0.5, Avg: 0.6, Max: 0.8, Diff: 0.2, Sum: 2.4]
      [Update RS (ms): Min: 0.5, Avg: 0.6, Max: 0.7, Diff: 0.3, Sum: 2.5]
         [Processed Buffers: Min: 5, Avg: 10.0, Max: 22, Diff: 17, Sum: 40]
      [Scan RS (ms): Min: 0.0, Avg: 0.0, Max: 0.0, Diff: 0.0, Sum: 0.0]
      [Code Root Scanning (ms): Min: 0.0, Avg: 0.0, Max: 0.0, Diff: 0.0, Sum: 0.0]
      [Object Copy (ms): Min: 2.7, Avg: 2.7, Max: 2.8, Diff: 0.1, Sum: 10.9]
      [Termination (ms): Min: 0.0, Avg: 0.0, Max: 0.0, Diff: 0.0, Sum: 0.0]
         [Termination Attempts: Min: 1, Avg: 1.0, Max: 1, Diff: 0, Sum: 4]
      [GC Worker Other (ms): Min: 0.0, Avg: 0.0, Max: 0.0, Diff: 0.0, Sum: 0.1]
      [GC Worker Total (ms): Min: 4.0, Avg: 4.0, Max: 4.0, Diff: 0.0, Sum: 15.9]
      [GC Worker End (ms): Min: 400367.6, Avg: 400367.6, Max: 400367.6, Diff: 0.0]
   [Code Root Fixup: 0.0 ms]
   [Code Root Purge: 0.0 ms]
   [Clear CT: 0.0 ms]
   [Other: 0.7 ms]
      [Choose CSet: 0.0 ms]
      [Ref Proc: 0.0 ms]
      [Ref Enq: 0.0 ms]
      [Redirty Cards: 0.0 ms]
      [Humongous Register: 0.0 ms]
      [Humongous Reclaim: 0.0 ms]
      [Free CSet: 0.1 ms]
   [Eden: 47.0M(47.0M)->0.0B(92.0M) Survivors: 7168.0K->7168.0K Heap: 912.5M(1096.0M)->875.0M(1096.0M)]
 [Times: user=0.00 sys=0.00, real=0.00 secs] 
2016-06-27T20:31:38.096+0300: 400.368: [GC concurrent-root-region-scan-start]
2016-06-27T20:31:38.096+0300: 400.368: Total time for which application threads were stopped: 0.0077927 seconds, Stopping threads took: 0.0023983 seconds
2016-06-27T20:31:38.097+0300: 400.369: [GC concurrent-root-region-scan-end, 0.0010123 secs]
2016-06-27T20:31:38.097+0300: 400.369: [GC concurrent-mark-start]
2016-06-27T20:31:38.191+0300: 400.462: [GC concurrent-mark-end, 0.0926791 secs]
2016-06-27T20:31:38.199+0300: 400.471: [GC remark 2016-06-27T20:31:38.199+0300: 400.471: [Finalize Marking, 0.0002053 secs] 2016-06-27T20:31:38.199+0300: 400.471: [GC ref-proc, 0.0001065 secs] 2016-06-27T20:31:38.199+0300: 400.471: [Unloading, 0.0017170 secs], 0.0057319 secs]
 [Times: user=0.00 sys=0.00, real=0.01 secs] 
2016-06-27T20:31:38.204+0300: 400.476: Total time for which application threads were stopped: 0.0114646 seconds, Stopping threads took: 0.0052499 seconds
2016-06-27T20:31:38.207+0300: 400.479: [GC cleanup 900M->900M(1096M), 0.0024098 secs]
 [Times: user=0.06 sys=0.00, real=0.00 secs] 
2016-06-27T20:31:38.209+0300: 400.481: Total time for which application threads were stopped: 0.0029367 seconds, Stopping threads took: 0.0000560 seconds
2016-06-27T20:31:38.777+0300: 401.049: [GC pause (G1 Evacuation Pause) (young)
Desired survivor size 6815744 bytes, new threshold 1 (max 15)
- age   1:    7202440 bytes,    7202440 total
, 0.0057242 secs]
   [Parallel Time: 5.1 ms, GC Workers: 4]
      [GC Worker Start (ms): Min: 401049.1, Avg: 401049.1, Max: 401049.1, Diff: 0.0]
      [Ext Root Scanning (ms): Min: 0.5, Avg: 0.6, Max: 0.7, Diff: 0.2, Sum: 2.2]
      [Update RS (ms): Min: 0.8, Avg: 0.9, Max: 1.0, Diff: 0.2, Sum: 3.7]
         [Processed Buffers: Min: 2, Avg: 10.0, Max: 20, Diff: 18, Sum: 40]
      [Scan RS (ms): Min: 0.0, Avg: 0.0, Max: 0.0, Diff: 0.0, Sum: 0.1]
      [Code Root Scanning (ms): Min: 0.0, Avg: 0.0, Max: 0.0, Diff: 0.0, Sum: 0.0]
      [Object Copy (ms): Min: 3.5, Avg: 3.5, Max: 3.5, Diff: 0.1, Sum: 14.1]
      [Termination (ms): Min: 0.0, Avg: 0.0, Max: 0.0, Diff: 0.0, Sum: 0.0]
         [Termination Attempts: Min: 1, Avg: 1.0, Max: 1, Diff: 0, Sum: 4]
      [GC Worker Other (ms): Min: 0.0, Avg: 0.0, Max: 0.0, Diff: 0.0, Sum: 0.1]
      [GC Worker Total (ms): Min: 5.0, Avg: 5.0, Max: 5.0, Diff: 0.0, Sum: 20.1]
      [GC Worker End (ms): Min: 401054.2, Avg: 401054.2, Max: 401054.2, Diff: 0.0]
   [Code Root Fixup: 0.0 ms]
   [Code Root Purge: 0.0 ms]
   [Clear CT: 0.0 ms]
   [Other: 0.6 ms]
      [Choose CSet: 0.0 ms]
