Java HotSpot(TM) 64-Bit Server VM (25.65-b01) for windows-amd64 JRE (1.8.0_65-b17), built on Oct  6 2015 16:39:20 by "java_re" with MS VC++ 10.0 (VS2010)
Memory: 4k page, physical 16685676k(13466024k free), swap 19700332k(15168468k free)
CommandLine flags: -XX:InitialHeapSize=266970816 -XX:MaxHeapSize=5368709120 -XX:+PrintGC -XX:+PrintGCApplicationStoppedTime -XX:+PrintGCCause -XX:+PrintGCDateStamps -XX:+PrintGCDetails -XX:+PrintGCTimeStamps -XX:+PrintTenuringDistribution -XX:+UseCompressedClassPointers -XX:+UseCompressedOops -XX:-UseLargePagesIndividualAllocation -XX:+UseParallelGC 
2016-06-26T20:08:31.773+0300: 0.210: [GC (Allocation Failure) 
Desired survivor size 11010048 bytes, new threshold 7 (max 15)
[PSYoungGen: 64418K->10496K(76288K)] 64418K->50504K(251392K), 0.0107397 secs] [Times: user=0.03 sys=0.03, real=0.01 secs] 
2016-06-26T20:08:31.784+0300: 0.221: Total time for which application threads were stopped: 0.0178169 seconds, Stopping threads took: 0.0068540 seconds
2016-06-26T20:08:31.852+0300: 0.289: [GC (Allocation Failure) 
Desired survivor size 11010048 bytes, new threshold 7 (max 15)
[PSYoungGen: 75451K->10496K(141824K)] 115459K->104512K(316928K), 0.0137730 secs] [Times: user=0.01 sys=0.05, real=0.01 secs] 
2016-06-26T20:08:31.866+0300: 0.303: Total time for which application threads were stopped: 0.0141823 seconds, Stopping threads took: 0.0001976 seconds
2016-06-26T20:08:32.010+0300: 0.447: [GC (Allocation Failure) 
Desired survivor size 11010048 bytes, new threshold 7 (max 15)
[PSYoungGen: 141568K->10448K(141824K)] 235584K->216465K(349696K), 0.0247077 secs] [Times: user=0.03 sys=0.09, real=0.03 secs] 
2016-06-26T20:08:32.035+0300: 0.472: [Full GC (Ergonomics) [PSYoungGen: 10448K->10393K(141824K)] [ParOldGen: 206017K->206002K(416256K)] 216465K->216395K(558080K), [Metaspace: 2784K->2784K(1056768K)], 0.0395011 secs] [Times: user=0.09 sys=0.00, real=0.04 secs] 
2016-06-26T20:08:32.074+0300: 0.511: Total time for which application threads were stopped: 0.0664421 seconds, Stopping threads took: 0.0018415 seconds
2016-06-26T20:08:32.205+0300: 0.642: [GC (Allocation Failure) 
Desired survivor size 11010048 bytes, new threshold 7 (max 15)
[PSYoungGen: 139580K->10496K(222208K)] 345583K->330499K(638464K), 0.0250075 secs] [Times: user=0.00 sys=0.06, real=0.03 secs] 
2016-06-26T20:08:32.230+0300: 0.667: [Full GC (Ergonomics) [PSYoungGen: 10496K->0K(222208K)] [ParOldGen: 320003K->330399K(596992K)] 330499K->330399K(819200K), [Metaspace: 2784K->2784K(1056768K)], 0.0087767 secs] [Times: user=0.01 sys=0.00, real=0.01 secs] 
2016-06-26T20:08:32.239+0300: 0.676: Total time for which application threads were stopped: 0.0344732 seconds, Stopping threads took: 0.0002784 seconds
2016-06-26T20:08:32.480+0300: 0.917: [GC (Allocation Failure) 
Desired survivor size 11010048 bytes, new threshold 6 (max 15)
[PSYoungGen: 211456K->10128K(272896K)] 541855K->518529K(869888K), 0.0392120 secs] [Times: user=0.06 sys=0.13, real=0.04 secs] 
2016-06-26T20:08:32.519+0300: 0.957: [Full GC (Ergonomics) [PSYoungGen: 10128K->0K(272896K)] [ParOldGen: 508401K->518405K(861184K)] 518529K->518405K(1134080K), [Metaspace: 2787K->2787K(1056768K)], 0.0084475 secs] [Times: user=0.00 sys=0.00, real=0.01 secs] 
2016-06-26T20:08:32.528+0300: 0.965: Total time for which application threads were stopped: 0.0495040 seconds, Stopping threads took: 0.0013569 seconds
2016-06-26T20:08:32.805+0300: 1.242: [GC (Allocation Failure) 
Desired survivor size 11010048 bytes, new threshold 5 (max 15)
[PSYoungGen: 262127K->10128K(361984K)] 780533K->748535K(1223168K), 0.0517393 secs] [Times: user=0.11 sys=0.08, real=0.05 secs] 
2016-06-26T20:08:32.857+0300: 1.294: [Full GC (Ergonomics) [PSYoungGen: 10128K->0K(361984K)] [ParOldGen: 738407K->748411K(1179136K)] 748535K->748411K(1541120K), [Metaspace: 2787K->2787K(1056768K)], 0.0842192 secs] [Times: user=0.27 sys=0.00, real=0.08 secs] 
2016-06-26T20:08:32.941+0300: 1.378: Total time for which application threads were stopped: 0.1376315 seconds, Stopping threads took: 0.0010379 seconds
2016-06-26T20:08:33.358+0300: 1.795: [GC (Allocation Failure) 
Desired survivor size 11010048 bytes, new threshold 4 (max 15)
[PSYoungGen: 351232K->10128K(361984K)] 1099643K->1046541K(1541120K), 0.0661457 secs] [Times: user=0.08 sys=0.16, real=0.07 secs] 
2016-06-26T20:08:33.424+0300: 1.861: [Full GC (Ergonomics) [PSYoungGen: 10128K->0K(361984K)] [ParOldGen: 1036413K->1046417K(1579520K)] 1046541K->1046417K(1941504K), [Metaspace: 2788K->2788K(1056768K)], 0.1382024 secs] [Times: user=0.23 sys=0.02, real=0.14 secs] 
2016-06-26T20:08:33.562+0300: 1.999: Total time for which application threads were stopped: 0.2080315 seconds, Stopping threads took: 0.0030034 seconds
2016-06-26T20:08:33.959+0300: 2.396: [GC (Allocation Failure) 
Desired survivor size 11010048 bytes, new threshold 4 (max 15)
[PSYoungGen: 351232K->10128K(541184K)] 1397649K->1334547K(2120704K), 0.0783988 secs] [Times: user=0.09 sys=0.11, real=0.08 secs] 
2016-06-26T20:08:34.038+0300: 2.475: [Full GC (Ergonomics) [PSYoungGen: 10128K->0K(541184K)] [ParOldGen: 1324419K->1334421K(1956352K)] 1334547K->1334421K(2497536K), [Metaspace: 2788K->2788K(1056768K)], 0.2256983 secs] [Times: user=0.25 sys=0.00, real=0.22 secs] 
2016-06-26T20:08:34.264+0300: 2.701: Total time for which application threads were stopped: 0.3087218 seconds, Stopping threads took: 0.0039413 seconds
2016-06-26T20:08:34.833+0300: 3.269: [GC (Allocation Failure) 
Desired survivor size 11010048 bytes, new threshold 5 (max 15)
[PSYoungGen: 530944K->10128K(568320K)] 1865365K->1756553K(2524672K), 0.0926333 secs] [Times: user=0.11 sys=0.23, real=0.09 secs] 
2016-06-26T20:08:34.925+0300: 3.362: [Full GC (Ergonomics) [PSYoungGen: 10128K->0K(568320K)] [ParOldGen: 1746425K->1756430K(2509824K)] 1756553K->1756430K(3078144K), [Metaspace: 2788K->2788K(1056768K)], 0.2892717 secs] [Times: user=0.45 sys=0.00, real=0.29 secs] 
2016-06-26T20:08:35.214+0300: 3.652: Total time for which application threads were stopped: 0.3871703 seconds, Stopping threads took: 0.0045738 seconds
2016-06-26T20:08:35.656+0300: 4.093: Total time for which application threads were stopped: 0.0069203 seconds, Stopping threads took: 0.0065504 seconds
2016-06-26T20:08:36.062+0300: 4.498: [GC (Allocation Failure) 
Desired survivor size 11010048 bytes, new threshold 6 (max 15)
[PSYoungGen: 557568K->10128K(674304K)] 2313998K->2216561K(3184128K), 0.1029637 secs] [Times: user=0.16 sys=0.22, real=0.10 secs] 
2016-06-26T20:08:36.165+0300: 4.602: [Full GC (Ergonomics) [PSYoungGen: 10128K->0K(674304K)] [ParOldGen: 2206433K->2216437K(3105280K)] 2216561K->2216437K(3779584K), [Metaspace: 2788K->2788K(1056768K)], 0.3064202 secs] [Times: user=0.98 sys=0.03, real=0.31 secs] 
2016-06-26T20:08:36.471+0300: 4.908: Total time for which application threads were stopped: 0.4170646 seconds, Stopping threads took: 0.0069879 seconds
2016-06-26T20:08:36.535+0300: 4.973: Total time for which application threads were stopped: 0.0004606 seconds, Stopping threads took: 0.0002048 seconds
2016-06-26T20:08:36.665+0300: 5.102: Total time for which application threads were stopped: 0.0005594 seconds, Stopping threads took: 0.0003024 seconds
2016-06-26T20:08:37.239+0300: 5.676: [GC (Allocation Failure) 
Desired survivor size 11010048 bytes, new threshold 7 (max 15)
[PSYoungGen: 663552K->10160K(674304K)] 2879989K->2790602K(3779584K), 0.1219640 secs] [Times: user=0.20 sys=0.30, real=0.12 secs] 
2016-06-26T20:08:37.361+0300: 5.798: [Full GC (Ergonomics) [PSYoungGen: 10160K->0K(674304K)] [ParOldGen: 2780442K->2610454K(3495424K)] 2790602K->2610454K(4169728K), [Metaspace: 2802K->2802K(1056768K)], 0.2924599 secs] [Times: user=1.09 sys=0.00, real=0.29 secs] 
2016-06-26T20:08:37.654+0300: 6.091: Total time for which application threads were stopped: 0.4188043 seconds, Stopping threads took: 0.0037698 seconds
2016-06-26T20:08:38.324+0300: 6.760: [GC (Allocation Failure) 
Desired survivor size 11010048 bytes, new threshold 8 (max 15)
[PSYoungGen: 661806K->10128K(802816K)] 3272260K->3168594K(4298240K), 0.1036676 secs] [Times: user=0.25 sys=0.17, real=0.10 secs] 
2016-06-26T20:08:38.427+0300: 6.864: [Full GC (Ergonomics) [PSYoungGen: 10128K->0K(802816K)] [ParOldGen: 3158466K->2928461K(3495424K)] 3168594K->2928461K(4298240K), [Metaspace: 2805K->2805K(1056768K)], 0.3633072 secs] [Times: user=1.25 sys=0.03, real=0.36 secs] 
2016-06-26T20:08:38.790+0300: 7.228: Total time for which application threads were stopped: 0.4695566 seconds, Stopping threads took: 0.0019719 seconds
2016-06-26T20:08:39.649+0300: 8.085: [Full GC (Ergonomics) [PSYoungGen: 792576K->0K(802816K)] [ParOldGen: 2928461K->3120467K(3495424K)] 3721037K->3120467K(4298240K), [Metaspace: 2805K->2805K(1056768K)], 0.4247897 secs] [Times: user=1.25 sys=0.09, real=0.42 secs] 
2016-06-26T20:08:40.073+0300: 8.510: Total time for which application threads were stopped: 0.4320671 seconds, Stopping threads took: 0.0067368 seconds
2016-06-26T20:08:40.298+0300: 8.735: Total time for which application threads were stopped: 0.0019287 seconds, Stopping threads took: 0.0005658 seconds
2016-06-26T20:08:40.300+0300: 8.737: Total time for which application threads were stopped: 0.0007484 seconds, Stopping threads took: 0.0001185 seconds
2016-06-26T20:08:40.308+0300: 8.745: Total time for which application threads were stopped: 0.0006363 seconds, Stopping threads took: 0.0001715 seconds
2016-06-26T20:08:41.226+0300: 9.663: [Full GC (Ergonomics) [PSYoungGen: 791749K->0K(802816K)] [ParOldGen: 3120467K->3469020K(3495424K)] 3912217K->3469020K(4298240K), [Metaspace: 5286K->5286K(1056768K)], 0.4372281 secs] [Times: user=1.19 sys=0.14, real=0.44 secs] 
2016-06-26T20:08:41.668+0300: 10.105: Total time for which application threads were stopped: 0.4440594 seconds, Stopping threads took: 0.0023145 seconds
2016-06-26T20:08:41.830+0300: 10.267: Total time for which application threads were stopped: 0.0070777 seconds, Stopping threads took: 0.0066436 seconds
2016-06-26T20:08:41.830+0300: 10.267: Total time for which application threads were stopped: 0.0003917 seconds, Stopping threads took: 0.0000402 seconds
2016-06-26T20:08:41.830+0300: 10.267: Total time for which application threads were stopped: 0.0003545 seconds, Stopping threads took: 0.0000334 seconds
2016-06-26T20:08:41.831+0300: 10.268: Total time for which application threads were stopped: 0.0003430 seconds, Stopping threads took: 0.0000308 seconds
2016-06-26T20:08:41.831+0300: 10.268: Total time for which application threads were stopped: 0.0003447 seconds, Stopping threads took: 0.0000274 seconds
2016-06-26T20:08:42.648+0300: 11.085: [Full GC (Ergonomics) [PSYoungGen: 790811K->442012K(802816K)] [ParOldGen: 3469020K->3495014K(3495424K)] 4259831K->3937026K(4298240K), [Metaspace: 5556K->5556K(1056768K)], 0.5416403 secs] [Times: user=1.51 sys=0.17, real=0.54 secs] 
2016-06-26T20:08:43.190+0300: 11.627: Total time for which application threads were stopped: 0.5468876 seconds, Stopping threads took: 0.0046597 seconds
2016-06-26T20:08:43.218+0300: 11.655: Total time for which application threads were stopped: 0.0049993 seconds, Stopping threads took: 0.0042800 seconds
2016-06-26T20:08:43.224+0300: 11.660: Total time for which application threads were stopped: 0.0007924 seconds, Stopping threads took: 0.0000646 seconds
2016-06-26T20:08:43.381+0300: 11.818: Total time for which application threads were stopped: 0.0038694 seconds, Stopping threads took: 0.0035038 seconds
2016-06-26T20:08:43.382+0300: 11.819: Total time for which application threads were stopped: 0.0004277 seconds, Stopping threads took: 0.0000795 seconds
2016-06-26T20:08:43.382+0300: 11.819: Total time for which application threads were stopped: 0.0003558 seconds, Stopping threads took: 0.0000393 seconds
2016-06-26T20:08:43.621+0300: 12.058: [Full GC (Ergonomics) [PSYoungGen: 791813K->536109K(802816K)] [ParOldGen: 3495014K->3495010K(3495424K)] 4286827K->4031120K(4298240K), [Metaspace: 6468K->6468K(1056768K)], 0.5078457 secs] [Times: user=1.59 sys=0.00, real=0.51 secs] 
2016-06-26T20:08:44.129+0300: 12.566: Total time for which application threads were stopped: 0.5107290 seconds, Stopping threads took: 0.0023662 seconds
2016-06-26T20:08:44.428+0300: 12.865: [Full GC (Ergonomics) [PSYoungGen: 790982K->582111K(802816K)] [ParOldGen: 3495010K->3495009K(3495424K)] 4285993K->4077121K(4298240K), [Metaspace: 6468K->6468K(1056768K)], 0.5342316 secs] [Times: user=1.44 sys=0.00, real=0.53 secs] 
2016-06-26T20:08:44.963+0300: 13.400: Total time for which application threads were stopped: 0.5357848 seconds, Stopping threads took: 0.0009994 seconds
2016-06-26T20:08:45.233+0300: 13.670: [Full GC (Ergonomics) [PSYoungGen: 792351K->380012K(802816K)] [ParOldGen: 3495009K->3495105K(3495424K)] 4287361K->3875118K(4298240K), [Metaspace: 6469K->6469K(1056768K)], 0.4733986 secs] [Times: user=1.59 sys=0.00, real=0.47 secs] 
2016-06-26T20:08:45.707+0300: 14.144: Total time for which application threads were stopped: 0.4804305 seconds, Stopping threads took: 0.0057199 seconds
2016-06-26T20:08:46.292+0300: 14.729: [Full GC (Ergonomics) [PSYoungGen: 792576K->144004K(802816K)] [ParOldGen: 3495105K->3495107K(3495424K)] 4287681K->3639111K(4298240K), [Metaspace: 6471K->6471K(1056768K)], 0.4350804 secs] [Times: user=1.53 sys=0.00, real=0.44 secs] 
2016-06-26T20:08:46.728+0300: 15.165: Total time for which application threads were stopped: 0.4360447 seconds, Stopping threads took: 0.0004298 seconds
2016-06-26T20:08:47.561+0300: 15.998: [Full GC (Ergonomics) [PSYoungGen: 790632K->84001K(802816K)] [ParOldGen: 3495107K->3495108K(3495424K)] 4285739K->3579110K(4298240K), [Metaspace: 6471K->6471K(1056768K)], 0.4256472 secs] [Times: user=1.47 sys=0.00, real=0.43 secs] 
2016-06-26T20:08:47.987+0300: 16.424: Total time for which application threads were stopped: 0.4269960 seconds, Stopping threads took: 0.0008228 seconds
2016-06-26T20:08:48.810+0300: 17.247: [Full GC (Ergonomics) [PSYoungGen: 790652K->446012K(802816K)] [ParOldGen: 3495108K->3495412K(3495424K)] 4285761K->3941425K(4298240K), [Metaspace: 6815K->6815K(1056768K)], 0.4554457 secs] [Times: user=1.78 sys=0.02, real=0.46 secs] 
2016-06-26T20:08:49.265+0300: 17.702: Total time for which application threads were stopped: 0.4606148 seconds, Stopping threads took: 0.0045614 seconds
2016-06-26T20:08:49.266+0300: 17.703: Total time for which application threads were stopped: 0.0005102 seconds, Stopping threads took: 0.0002545 seconds
2016-06-26T20:08:49.661+0300: 18.098: [Full GC (Ergonomics) [PSYoungGen: 791235K->444014K(802816K)] [ParOldGen: 3495412K->3495412K(3495424K)] 4286648K->3939427K(4298240K), [Metaspace: 6832K->6832K(1056768K)], 0.4480815 secs] [Times: user=1.74 sys=0.00, real=0.45 secs] 
2016-06-26T20:08:50.109+0300: 18.546: Total time for which application threads were stopped: 0.4499948 seconds, Stopping threads took: 0.0015075 seconds
2016-06-26T20:08:50.600+0300: 19.037: [Full GC (Ergonomics) [PSYoungGen: 792576K->234008K(802816K)] [ParOldGen: 3495412K->3495415K(3495424K)] 4287988K->3729423K(4298240K), [Metaspace: 6833K->6833K(1056768K)], 0.4259649 secs] [Times: user=1.63 sys=0.00, real=0.43 secs] 
2016-06-26T20:08:51.026+0300: 19.463: Total time for which application threads were stopped: 0.4275691 seconds, Stopping threads took: 0.0011991 seconds
2016-06-26T20:08:51.531+0300: 19.968: Total time for which application threads were stopped: 0.0015152 seconds, Stopping threads took: 0.0011598 seconds
2016-06-26T20:08:51.722+0300: 20.159: [Full GC (Ergonomics) [PSYoungGen: 791860K->86000K(802816K)] [ParOldGen: 3495415K->3493522K(3495424K)] 4287275K->3579523K(4298240K), [Metaspace: 7373K->7373K(1056768K)], 0.4413400 secs] [Times: user=1.39 sys=0.00, real=0.44 secs] 
2016-06-26T20:08:52.163+0300: 20.600: Total time for which application threads were stopped: 0.4443408 seconds, Stopping threads took: 0.0024363 seconds
2016-06-26T20:08:53.106+0300: 21.543: [Full GC (Ergonomics) [PSYoungGen: 791801K->74092K(802816K)] [ParOldGen: 3493522K->3493514K(3495424K)] 4285323K->3567606K(4298240K), [Metaspace: 7618K->7618K(1056768K)], 0.4323823 secs] [Times: user=1.42 sys=0.00, real=0.43 secs] 
2016-06-26T20:08:53.538+0300: 21.976: Total time for which application threads were stopped: 0.4359934 seconds, Stopping threads took: 0.0029692 seconds
2016-06-26T20:08:54.468+0300: 22.905: [Full GC (Ergonomics) [PSYoungGen: 792318K->20000K(802816K)] [ParOldGen: 3493514K->3493605K(3495424K)] 4285833K->3513605K(4298240K), [Metaspace: 7619K->7619K(1056768K)], 0.4274493 secs] [Times: user=1.30 sys=0.00, real=0.43 secs] 
2016-06-26T20:08:54.895+0300: 23.333: Total time for which application threads were stopped: 0.4306554 seconds, Stopping threads took: 0.0026527 seconds
2016-06-26T20:08:54.930+0300: 23.368: Total time for which application threads were stopped: 0.0016251 seconds, Stopping threads took: 0.0013368 seconds
2016-06-26T20:08:54.936+0300: 23.373: Total time for which application threads were stopped: 0.0004430 seconds, Stopping threads took: 0.0000791 seconds
2016-06-26T20:08:54.936+0300: 23.373: Total time for which application threads were stopped: 0.0003199 seconds, Stopping threads took: 0.0000218 seconds
2016-06-26T20:08:54.938+0300: 23.375: Total time for which application threads were stopped: 0.0004037 seconds, Stopping threads took: 0.0000560 seconds
2016-06-26T20:08:54.938+0300: 23.375: Total time for which application threads were stopped: 0.0003656 seconds, Stopping threads took: 0.0000428 seconds
2016-06-26T20:08:54.939+0300: 23.376: Total time for which application threads were stopped: 0.0003306 seconds, Stopping threads took: 0.0000415 seconds
2016-06-26T20:08:54.939+0300: 23.377: Total time for which application threads were stopped: 0.0002780 seconds, Stopping threads took: 0.0000321 seconds
2016-06-26T20:08:54.940+0300: 23.377: Total time for which application threads were stopped: 0.0003088 seconds, Stopping threads took: 0.0000346 seconds
2016-06-26T20:08:54.940+0300: 23.377: Total time for which application threads were stopped: 0.0003408 seconds, Stopping threads took: 0.0000346 seconds
2016-06-26T20:08:54.941+0300: 23.378: Total time for which application threads were stopped: 0.0003280 seconds, Stopping threads took: 0.0000415 seconds
2016-06-26T20:08:54.944+0300: 23.381: Total time for which application threads were stopped: 0.0003934 seconds, Stopping threads took: 0.0000594 seconds
2016-06-26T20:08:54.945+0300: 23.382: Total time for which application threads were stopped: 0.0003917 seconds, Stopping threads took: 0.0000440 seconds
2016-06-26T20:08:54.946+0300: 23.383: Total time for which application threads were stopped: 0.0003802 seconds, Stopping threads took: 0.0000419 seconds
2016-06-26T20:08:54.946+0300: 23.383: Total time for which application threads were stopped: 0.0003267 seconds, Stopping threads took: 0.0000312 seconds
2016-06-26T20:08:54.946+0300: 23.384: Total time for which application threads were stopped: 0.0003520 seconds, Stopping threads took: 0.0000368 seconds
2016-06-26T20:08:54.950+0300: 23.387: Total time for which application threads were stopped: 0.0007685 seconds, Stopping threads took: 0.0004182 seconds
2016-06-26T20:08:54.950+0300: 23.387: Total time for which application threads were stopped: 0.0003635 seconds, Stopping threads took: 0.0000402 seconds
2016-06-26T20:08:54.951+0300: 23.388: Total time for which application threads were stopped: 0.0002818 seconds, Stopping threads took: 0.0000393 seconds
2016-06-26T20:08:54.955+0300: 23.393: Total time for which application threads were stopped: 0.0005299 seconds, Stopping threads took: 0.0001599 seconds
2016-06-26T20:08:54.958+0300: 23.395: Total time for which application threads were stopped: 0.0020690 seconds, Stopping threads took: 0.0017128 seconds
2016-06-26T20:08:54.958+0300: 23.396: Total time for which application threads were stopped: 0.0003716 seconds, Stopping threads took: 0.0000432 seconds
2016-06-26T20:08:54.958+0300: 23.396: Total time for which application threads were stopped: 0.0003447 seconds, Stopping threads took: 0.0000338 seconds
2016-06-26T20:08:54.959+0300: 23.396: Total time for which application threads were stopped: 0.0003276 seconds, Stopping threads took: 0.0000184 seconds
2016-06-26T20:08:55.599+0300: 24.036: Total time for which application threads were stopped: 0.0039883 seconds, Stopping threads took: 0.0036244 seconds
2016-06-26T20:08:55.599+0300: 24.037: Total time for which application threads were stopped: 0.0004080 seconds, Stopping threads took: 0.0000573 seconds
2016-06-26T20:08:55.600+0300: 24.037: Total time for which application threads were stopped: 0.0003511 seconds, Stopping threads took: 0.0000372 seconds
2016-06-26T20:08:55.942+0300: 24.379: Total time for which application threads were stopped: 0.0036911 seconds, Stopping threads took: 0.0033062 seconds
2016-06-26T20:08:55.942+0300: 24.379: Total time for which application threads were stopped: 0.0003969 seconds, Stopping threads took: 0.0000406 seconds
2016-06-26T20:08:55.949+0300: 24.386: Total time for which application threads were stopped: 0.0013518 seconds, Stopping threads took: 0.0001963 seconds
2016-06-26T20:08:55.955+0300: 24.392: Total time for which application threads were stopped: 0.0004593 seconds, Stopping threads took: 0.0000813 seconds
2016-06-26T20:08:55.955+0300: 24.392: Total time for which application threads were stopped: 0.0004003 seconds, Stopping threads took: 0.0000440 seconds
2016-06-26T20:08:55.956+0300: 24.393: Total time for which application threads were stopped: 0.0003832 seconds, Stopping threads took: 0.0000376 seconds
2016-06-26T20:08:55.956+0300: 24.393: Total time for which application threads were stopped: 0.0003828 seconds, Stopping threads took: 0.0000376 seconds
2016-06-26T20:08:55.957+0300: 24.394: Total time for which application threads were stopped: 0.0003644 seconds, Stopping threads took: 0.0000342 seconds
2016-06-26T20:08:55.957+0300: 24.394: Total time for which application threads were stopped: 0.0003579 seconds, Stopping threads took: 0.0000329 seconds
2016-06-26T20:08:55.963+0300: 24.400: Total time for which application threads were stopped: 0.0004392 seconds, Stopping threads took: 0.0000718 seconds
2016-06-26T20:08:55.968+0300: 24.405: Total time for which application threads were stopped: 0.0012791 seconds, Stopping threads took: 0.0000723 seconds
2016-06-26T20:08:55.982+0300: 24.419: [Full GC (Ergonomics) [PSYoungGen: 792158K->290162K(802816K)] [ParOldGen: 3493605K->3493662K(3495424K)] 4285763K->3783824K(4298240K), [Metaspace: 8121K->8121K(1056768K)], 0.4749916 secs] [Times: user=1.44 sys=0.00, real=0.47 secs] 
2016-06-26T20:08:56.457+0300: 24.894: Total time for which application threads were stopped: 0.4756934 seconds, Stopping threads took: 0.0000932 seconds
2016-06-26T20:08:56.934+0300: 25.372: Total time for which application threads were stopped: 0.0057096 seconds, Stopping threads took: 0.0053983 seconds
2016-06-26T20:08:57.144+0300: 25.581: [Full GC (Ergonomics) [PSYoungGen: 791832K->206054K(802816K)] [ParOldGen: 3493662K->3493815K(3495424K)] 4285495K->3699870K(4298240K), [Metaspace: 8158K->8158K(1056768K)], 0.4310267 secs] [Times: user=1.59 sys=0.00, real=0.43 secs] 
2016-06-26T20:08:57.575+0300: 26.012: Total time for which application threads were stopped: 0.4330157 seconds, Stopping threads took: 0.0014442 seconds
2016-06-26T20:08:58.338+0300: 26.776: [Full GC (Ergonomics) [PSYoungGen: 791391K->356010K(802816K)] [ParOldGen: 3493815K->3493863K(3495424K)] 4285206K->3849873K(4298240K), [Metaspace: 8161K->8161K(1056768K)], 0.4881138 secs] [Times: user=1.63 sys=0.00, real=0.49 secs] 
2016-06-26T20:08:58.827+0300: 27.264: Total time for which application threads were stopped: 0.4910000 seconds, Stopping threads took: 0.0022991 seconds
2016-06-26T20:08:59.397+0300: 27.834: [Full GC (Ergonomics) [PSYoungGen: 791206K->270008K(802816K)] [ParOldGen: 3493863K->3493863K(3495424K)] 4285069K->3763872K(4298240K), [Metaspace: 8169K->8169K(1056768K)], 0.4311635 secs] [Times: user=1.63 sys=0.00, real=0.43 secs] 
2016-06-26T20:08:59.828+0300: 28.266: Total time for which application threads were stopped: 0.4339864 seconds, Stopping threads took: 0.0022726 seconds
2016-06-26T20:09:00.507+0300: 28.945: [Full GC (Ergonomics) [PSYoungGen: 791723K->120004K(802816K)] [ParOldGen: 3493863K->3493867K(3495424K)] 4285587K->3613871K(4298240K), [Metaspace: 8173K->8173K(1056768K)], 0.4118387 secs] [Times: user=1.55 sys=0.01, real=0.41 secs] 
2016-06-26T20:09:00.920+0300: 29.357: Total time for which application threads were stopped: 0.4186666 seconds, Stopping threads took: 0.0062574 seconds
2016-06-26T20:09:01.805+0300: 30.242: [Full GC (Ergonomics) [PSYoungGen: 791124K->236006K(802816K)] [ParOldGen: 3493867K->3493868K(3495424K)] 4284991K->3729875K(4298240K), [Metaspace: 8178K->8178K(1056768K)], 0.4168905 secs] [Times: user=1.56 sys=0.00, real=0.42 secs] 
2016-06-26T20:09:02.222+0300: 30.659: Total time for which application threads were stopped: 0.4212124 seconds, Stopping threads took: 0.0037578 seconds
2016-06-26T20:09:02.321+0300: 30.758: Total time for which application threads were stopped: 0.0033494 seconds, Stopping threads took: 0.0029893 seconds
2016-06-26T20:09:03.033+0300: 31.470: [Full GC (Ergonomics) [PSYoungGen: 792576K->90003K(802816K)] [ParOldGen: 3493868K->3493868K(3495424K)] 4286444K->3583871K(4298240K), [Metaspace: 8178K->8178K(1056768K)], 0.4415589 secs] [Times: user=1.31 sys=0.00, real=0.44 secs] 
2016-06-26T20:09:03.475+0300: 31.912: Total time for which application threads were stopped: 0.4469294 seconds, Stopping threads took: 0.0048500 seconds
2016-06-26T20:09:04.115+0300: 32.552: Total time for which application threads were stopped: 0.0041072 seconds, Stopping threads took: 0.0037236 seconds
2016-06-26T20:09:04.449+0300: 32.886: Total time for which application threads were stopped: 0.0012637 seconds, Stopping threads took: 0.0008925 seconds
2016-06-26T20:09:04.449+0300: 32.886: [Full GC (Ergonomics) [PSYoungGen: 792225K->62001K(802816K)] [ParOldGen: 3493868K->3493895K(3495424K)] 4286093K->3555896K(4298240K), [Metaspace: 8218K->8218K(1056768K)], 0.4213711 secs] [Times: user=1.42 sys=0.00, real=0.42 secs] 
2016-06-26T20:09:04.871+0300: 33.308: Total time for which application threads were stopped: 0.4219343 seconds, Stopping threads took: 0.0000278 seconds
2016-06-26T20:09:05.139+0300: 33.576: Total time for which application threads were stopped: 0.0071564 seconds, Stopping threads took: 0.0067817 seconds
2016-06-26T20:09:05.142+0300: 33.579: Total time for which application threads were stopped: 0.0004495 seconds, Stopping threads took: 0.0000624 seconds
2016-06-26T20:09:05.306+0300: 33.743: Total time for which application threads were stopped: 0.0039977 seconds, Stopping threads took: 0.0036162 seconds
2016-06-26T20:09:05.601+0300: 34.037: Total time for which application threads were stopped: 0.0032339 seconds, Stopping threads took: 0.0028614 seconds
2016-06-26T20:09:05.870+0300: 34.307: [Full GC (Ergonomics) [PSYoungGen: 792576K->0K(802816K)] [ParOldGen: 3493895K->3437930K(3495424K)] 4286471K->3437930K(4298240K), [Metaspace: 8258K->8258K(1056768K)], 0.4177322 secs] [Times: user=1.33 sys=0.00, real=0.42 secs] 
2016-06-26T20:09:06.288+0300: 34.725: Total time for which application threads were stopped: 0.4188539 seconds, Stopping threads took: 0.0005726 seconds
2016-06-26T20:09:07.140+0300: 35.577: [Full GC (Ergonomics) [PSYoungGen: 791614K->0K(802816K)] [ParOldGen: 3437930K->3493930K(3495424K)] 4229545K->3493930K(4298240K), [Metaspace: 8260K->8260K(1056768K)], 0.4294200 secs] [Times: user=1.28 sys=0.00, real=0.43 secs] 
2016-06-26T20:09:07.569+0300: 36.006: Total time for which application threads were stopped: 0.4345351 seconds, Stopping threads took: 0.0045182 seconds
2016-06-26T20:09:08.579+0300: 37.016: [Full GC (Ergonomics) [PSYoungGen: 791727K->444012K(802816K)] [ParOldGen: 3493930K->3493924K(3495424K)] 4285657K->3937937K(4298240K), [Metaspace: 8264K->8264K(1056768K)], 0.4481033 secs] [Times: user=1.41 sys=0.00, real=0.45 secs] 
2016-06-26T20:09:09.027+0300: 37.464: Total time for which application threads were stopped: 0.4519736 seconds, Stopping threads took: 0.0033152 seconds
2016-06-26T20:09:09.516+0300: 37.953: [Full GC (Ergonomics) [PSYoungGen: 791881K->364011K(802816K)] [ParOldGen: 3493924K->3493925K(3495424K)] 4285805K->3857936K(4298240K), [Metaspace: 8264K->8264K(1056768K)], 0.4366512 secs] [Times: user=1.63 sys=0.00, real=0.44 secs] 
2016-06-26T20:09:09.953+0300: 38.390: Total time for which application threads were stopped: 0.4378015 seconds, Stopping threads took: 0.0006723 seconds
2016-06-26T20:09:10.516+0300: 38.953: [Full GC (Ergonomics) [PSYoungGen: 791994K->242007K(802816K)] [ParOldGen: 3493925K->3493926K(3495424K)] 4285919K->3735933K(4298240K), [Metaspace: 8264K->8264K(1056768K)], 0.4928355 secs] [Times: user=1.38 sys=0.00, real=0.49 secs] 
2016-06-26T20:09:11.008+0300: 39.446: Total time for which application threads were stopped: 0.4961443 seconds, Stopping threads took: 0.0027160 seconds
2016-06-26T20:09:11.427+0300: 39.864: Total time for which application threads were stopped: 0.0017709 seconds, Stopping threads took: 0.0014010 seconds
2016-06-26T20:09:11.793+0300: 40.230: [Full GC (Ergonomics) [PSYoungGen: 792576K->60002K(802816K)] [ParOldGen: 3493926K->3493934K(3495424K)] 4286502K->3553937K(4298240K), [Metaspace: 8272K->8272K(1056768K)], 0.4041293 secs] [Times: user=1.45 sys=0.00, real=0.40 secs] 
2016-06-26T20:09:12.198+0300: 40.635: Total time for which application threads were stopped: 0.4057014 seconds, Stopping threads took: 0.0010058 seconds
2016-06-26T20:09:12.900+0300: 41.337: Total time for which application threads were stopped: 0.0024842 seconds, Stopping threads took: 0.0020947 seconds
2016-06-26T20:09:13.250+0300: 41.686: Total time for which application threads were stopped: 0.0042971 seconds, Stopping threads took: 0.0039378 seconds
2016-06-26T20:09:13.250+0300: 41.687: [Full GC (Ergonomics) [PSYoungGen: 791547K->0K(802816K)] [ParOldGen: 3493934K->3403957K(3495424K)] 4285482K->3403957K(4298240K), [Metaspace: 8280K->8280K(1056768K)], 0.4167362 secs] [Times: user=1.22 sys=0.02, real=0.42 secs] 
2016-06-26T20:09:13.667+0300: 42.104: Total time for which application threads were stopped: 0.4172801 seconds, Stopping threads took: 0.0000359 seconds
2016-06-26T20:09:13.700+0300: 42.137: Total time for which application threads were stopped: 0.0009883 seconds, Stopping threads took: 0.0006180 seconds
2016-06-26T20:09:13.702+0300: 42.139: Total time for which application threads were stopped: 0.0006907 seconds, Stopping threads took: 0.0000552 seconds
2016-06-26T20:09:14.064+0300: 42.501: Total time for which application threads were stopped: 0.0028259 seconds, Stopping threads took: 0.0024483 seconds
2016-06-26T20:09:14.092+0300: 42.529: Total time for which application threads were stopped: 0.0015567 seconds, Stopping threads took: 0.0011919 seconds
2016-06-26T20:09:14.096+0300: 42.533: Total time for which application threads were stopped: 0.0004212 seconds, Stopping threads took: 0.0000671 seconds
2016-06-26T20:09:14.103+0300: 42.540: Total time for which application threads were stopped: 0.0005397 seconds, Stopping threads took: 0.0001501 seconds
2016-06-26T20:09:14.104+0300: 42.541: Total time for which application threads were stopped: 0.0003875 seconds, Stopping threads took: 0.0000415 seconds
2016-06-26T20:09:14.105+0300: 42.542: Total time for which application threads were stopped: 0.0004383 seconds, Stopping threads took: 0.0000475 seconds
2016-06-26T20:09:14.294+0300: 42.731: Total time for which application threads were stopped: 0.0041679 seconds, Stopping threads took: 0.0038061 seconds
2016-06-26T20:09:14.600+0300: 43.037: Total time for which application threads were stopped: 0.0084744 seconds, Stopping threads took: 0.0074827 seconds
2016-06-26T20:09:14.932+0300: 43.369: [Full GC (Ergonomics) [PSYoungGen: 792576K->0K(802816K)] [ParOldGen: 3403957K->3438064K(3495424K)] 4196533K->3438064K(4298240K), [Metaspace: 8528K->8528K(1056768K)], 0.4439187 secs] [Times: user=1.22 sys=0.00, real=0.44 secs] 
2016-06-26T20:09:15.376+0300: 43.813: Total time for which application threads were stopped: 0.4503344 seconds, Stopping threads took: 0.0058610 seconds
2016-06-26T20:09:15.379+0300: 43.816: Total time for which application threads were stopped: 0.0004469 seconds, Stopping threads took: 0.0000641 seconds
2016-06-26T20:09:15.381+0300: 43.817: Total time for which application threads were stopped: 0.0007736 seconds, Stopping threads took: 0.0000372 seconds
2016-06-26T20:09:15.598+0300: 44.035: Total time for which application threads were stopped: 0.0066419 seconds, Stopping threads took: 0.0055817 seconds
2016-06-26T20:09:16.298+0300: 44.735: [Full GC (Ergonomics) [PSYoungGen: 792187K->196004K(802816K)] [ParOldGen: 3438064K->3494043K(3495424K)] 4230251K->3690047K(4298240K), [Metaspace: 8659K->8659K(1056768K)], 0.4620761 secs] [Times: user=1.30 sys=0.00, real=0.46 secs] 
2016-06-26T20:09:16.761+0300: 45.198: Total time for which application threads were stopped: 0.4680585 seconds, Stopping threads took: 0.0053692 seconds
2016-06-26T20:09:16.766+0300: 45.203: Total time for which application threads were stopped: 0.0012996 seconds, Stopping threads took: 0.0001317 seconds
2016-06-26T20:09:17.528+0300: 45.964: [Full GC (Ergonomics) [PSYoungGen: 791836K->318008K(802816K)] [ParOldGen: 3494043K->3494052K(3495424K)] 4285879K->3812060K(4298240K), [Metaspace: 8682K->8682K(1056768K)], 0.4765141 secs] [Times: user=1.41 sys=0.00, real=0.48 secs] 
2016-06-26T20:09:18.004+0300: 46.441: Total time for which application threads were stopped: 0.4801415 seconds, Stopping threads took: 0.0030278 seconds
2016-06-26T20:09:18.013+0300: 46.450: Total time for which application threads were stopped: 0.0010281 seconds, Stopping threads took: 0.0000654 seconds
2016-06-26T20:09:18.661+0300: 47.098: [Full GC (Ergonomics) [PSYoungGen: 792576K->174006K(802816K)] [ParOldGen: 3494052K->3494071K(3495424K)] 4286628K->3668077K(4298240K), [Metaspace: 8694K->8694K(1056768K)], 0.4694586 secs] [Times: user=1.27 sys=0.00, real=0.47 secs] 
2016-06-26T20:09:19.131+0300: 47.568: Total time for which application threads were stopped: 0.4763884 seconds, Stopping threads took: 0.0063353 seconds
2016-06-26T20:09:19.781+0300: 48.218: Total time for which application threads were stopped: 0.0090235 seconds, Stopping threads took: 0.0080078 seconds
2016-06-26T20:09:20.090+0300: 48.528: [Full GC (Ergonomics) [PSYoungGen: 791447K->26000K(802816K)] [ParOldGen: 3494071K->3494078K(3495424K)] 4285518K->3520078K(4298240K), [Metaspace: 8706K->8706K(1056768K)], 0.4594896 secs] [Times: user=1.30 sys=0.02, real=0.46 secs] 
2016-06-26T20:09:20.550+0300: 48.987: Total time for which application threads were stopped: 0.4617720 seconds, Stopping threads took: 0.0017440 seconds
2016-06-26T20:09:20.596+0300: 49.033: Total time for which application threads were stopped: 0.0012287 seconds, Stopping threads took: 0.0003284 seconds
2016-06-26T20:09:21.457+0300: 49.894: [Full GC (Ergonomics) [PSYoungGen: 792576K->116002K(802816K)] [ParOldGen: 3494078K->3494086K(3495424K)] 4286654K->3610088K(4298240K), [Metaspace: 8720K->8720K(1056768K)], 0.4087040 secs] [Times: user=1.50 sys=0.02, real=0.41 secs] 
2016-06-26T20:09:21.866+0300: 50.303: Total time for which application threads were stopped: 0.4121414 seconds, Stopping threads took: 0.0028584 seconds
2016-06-26T20:09:21.870+0300: 50.307: Total time for which application threads were stopped: 0.0008147 seconds, Stopping threads took: 0.0000599 seconds
2016-06-26T20:09:22.600+0300: 51.037: Total time for which application threads were stopped: 0.0040063 seconds, Stopping threads took: 0.0031159 seconds
2016-06-26T20:09:22.995+0300: 51.433: [Full GC (Ergonomics) [PSYoungGen: 791059K->204004K(802816K)] [ParOldGen: 3494086K->3494095K(3495424K)] 4285145K->3698100K(4298240K), [Metaspace: 8722K->8722K(1056768K)], 0.4233242 secs] [Times: user=1.63 sys=0.00, real=0.42 secs] 
2016-06-26T20:09:23.419+0300: 51.856: Total time for which application threads were stopped: 0.4242218 seconds, Stopping threads took: 0.0003678 seconds
2016-06-26T20:09:23.599+0300: 52.035: Total time for which application threads were stopped: 0.0020408 seconds, Stopping threads took: 0.0011897 seconds
2016-06-26T20:09:24.145+0300: 52.583: [Full GC (Ergonomics) [PSYoungGen: 791609K->392007K(802816K)] [ParOldGen: 3494095K->3494104K(3495424K)] 4285705K->3886112K(4298240K), [Metaspace: 8726K->8726K(1056768K)], 0.4309629 secs] [Times: user=1.70 sys=0.00, real=0.43 secs] 
2016-06-26T20:09:24.577+0300: 53.014: Total time for which application threads were stopped: 0.4330306 seconds, Stopping threads took: 0.0016174 seconds
2016-06-26T20:09:24.599+0300: 53.036: Total time for which application threads were stopped: 0.0010409 seconds, Stopping threads took: 0.0000680 seconds
2016-06-26T20:09:24.607+0300: 53.044: Total time for which application threads were stopped: 0.0004439 seconds, Stopping threads took: 0.0000633 seconds
2016-06-26T20:09:25.110+0300: 53.547: [Full GC (Ergonomics) [PSYoungGen: 790951K->180005K(802816K)] [ParOldGen: 3494104K->3494115K(3495424K)] 4285056K->3674120K(4298240K), [Metaspace: 8741K->8741K(1056768K)], 0.4194659 secs] [Times: user=1.53 sys=0.00, real=0.42 secs] 
2016-06-26T20:09:25.530+0300: 53.967: Total time for which application threads were stopped: 0.4208523 seconds, Stopping threads took: 0.0008741 seconds
2016-06-26T20:09:25.600+0300: 54.036: Total time for which application threads were stopped: 0.0020604 seconds, Stopping threads took: 0.0010674 seconds
2016-06-26T20:09:26.298+0300: 54.735: [Full GC (Ergonomics) [PSYoungGen: 790859K->178004K(802816K)] [ParOldGen: 3494115K->3494126K(3495424K)] 4284975K->3672131K(4298240K), [Metaspace: 8751K->8751K(1056768K)], 0.4440594 secs] [Times: user=1.42 sys=0.00, real=0.44 secs] 
2016-06-26T20:09:26.742+0300: 55.179: Total time for which application threads were stopped: 0.4469063 seconds, Stopping threads took: 0.0022636 seconds
2016-06-26T20:09:26.748+0300: 55.185: Total time for which application threads were stopped: 0.0011423 seconds, Stopping threads took: 0.0000620 seconds
2016-06-26T20:09:27.565+0300: 56.002: [Full GC (Ergonomics) [PSYoungGen: 792176K->208005K(802816K)] [ParOldGen: 3494126K->3494137K(3495424K)] 4286303K->3702142K(4298240K), [Metaspace: 8759K->8759K(1056768K)], 0.4761762 secs] [Times: user=1.28 sys=0.00, real=0.48 secs] 
2016-06-26T20:09:28.041+0300: 56.478: Total time for which application threads were stopped: 0.4801025 seconds, Stopping threads took: 0.0033964 seconds
2016-06-26T20:09:28.045+0300: 56.482: Total time for which application threads were stopped: 0.0009802 seconds, Stopping threads took: 0.0000603 seconds
2016-06-26T20:09:28.830+0300: 57.267: [Full GC (Ergonomics) [PSYoungGen: 791238K->208006K(802816K)] [ParOldGen: 3494137K->3494152K(3495424K)] 4285375K->3702159K(4298240K), [Metaspace: 8761K->8761K(1056768K)], 0.4714699 secs] [Times: user=1.30 sys=0.00, real=0.47 secs] 
2016-06-26T20:09:29.301+0300: 57.738: Total time for which application threads were stopped: 0.4772881 seconds, Stopping threads took: 0.0052182 seconds
2016-06-26T20:09:30.101+0300: 58.538: [Full GC (Ergonomics) [PSYoungGen: 790854K->328010K(802816K)] [ParOldGen: 3494152K->3494160K(3495424K)] 4285007K->3822171K(4298240K), [Metaspace: 8766K->8766K(1056768K)], 0.5024680 secs] [Times: user=1.39 sys=0.00, real=0.50 secs] 
2016-06-26T20:09:30.604+0300: 59.041: Total time for which application threads were stopped: 0.5128057 seconds, Stopping threads took: 0.0091642 seconds
2016-06-26T20:09:31.285+0300: 59.722: [Full GC (Ergonomics) [PSYoungGen: 792576K->62002K(802816K)] [ParOldGen: 3494160K->3494172K(3495424K)] 4286736K->3556174K(4298240K), [Metaspace: 8767K->8767K(1056768K)], 0.4418433 secs] [Times: user=1.16 sys=0.00, real=0.44 secs] 
2016-06-26T20:09:31.727+0300: 60.164: Total time for which application threads were stopped: 0.4459839 seconds, Stopping threads took: 0.0035786 seconds
2016-06-26T20:09:32.618+0300: 61.055: Total time for which application threads were stopped: 0.0052537 seconds, Stopping threads took: 0.0042363 seconds
2016-06-26T20:09:32.868+0300: 61.305: [Full GC (Ergonomics) [PSYoungGen: 792054K->0K(802816K)] [ParOldGen: 3494172K->3462177K(3495424K)] 4286226K->3462177K(4298240K), [Metaspace: 8784K->8784K(1056768K)], 0.4286677 secs] [Times: user=1.39 sys=0.00, real=0.43 secs] 
2016-06-26T20:09:33.297+0300: 61.734: Total time for which application threads were stopped: 0.4307602 seconds, Stopping threads took: 0.0015284 seconds
2016-06-26T20:09:34.283+0300: 62.721: [Full GC (Ergonomics) [PSYoungGen: 791155K->34000K(802816K)] [ParOldGen: 3462177K->3494187K(3495424K)] 4253333K->3528187K(4298240K), [Metaspace: 8784K->8784K(1056768K)], 0.4654152 secs] [Times: user=1.45 sys=0.00, real=0.47 secs] 
2016-06-26T20:09:34.749+0300: 63.186: Total time for which application threads were stopped: 0.4665998 seconds, Stopping threads took: 0.0006646 seconds
2016-06-26T20:09:34.753+0300: 63.190: Total time for which application threads were stopped: 0.0009575 seconds, Stopping threads took: 0.0002249 seconds
2016-06-26T20:09:35.292+0300: 63.729: Total time for which application threads were stopped: 0.0032061 seconds, Stopping threads took: 0.0018864 seconds
2016-06-26T20:09:35.293+0300: 63.730: Total time for which application threads were stopped: 0.0012299 seconds, Stopping threads took: 0.0000483 seconds
2016-06-26T20:09:35.295+0300: 63.732: Total time for which application threads were stopped: 0.0008844 seconds, Stopping threads took: 0.0000586 seconds
2016-06-26T20:09:35.760+0300: 64.198: [Full GC (Ergonomics) [PSYoungGen: 790674K->208001K(802816K)] [ParOldGen: 3494187K->3494197K(3495424K)] 4284861K->3702199K(4298240K), [Metaspace: 8793K->8793K(1056768K)], 0.4520052 secs] [Times: user=1.19 sys=0.00, real=0.45 secs] 
2016-06-26T20:09:36.213+0300: 64.650: Total time for which application threads were stopped: 0.4537834 seconds, Stopping threads took: 0.0012158 seconds
2016-06-26T20:09:36.298+0300: 64.735: Total time for which application threads were stopped: 0.0087986 seconds, Stopping threads took: 0.0078303 seconds
2016-06-26T20:09:36.965+0300: 65.402: [Full GC (Ergonomics) [PSYoungGen: 791419K->146003K(802816K)] [ParOldGen: 3494197K->3494202K(3495424K)] 4285617K->3640206K(4298240K), [Metaspace: 8799K->8799K(1056768K)], 0.4319807 secs] [Times: user=1.30 sys=0.00, real=0.43 secs] 
2016-06-26T20:09:37.397+0300: 65.834: Total time for which application threads were stopped: 0.4385350 seconds, Stopping threads took: 0.0059837 seconds
2016-06-26T20:09:37.435+0300: 65.872: Total time for which application threads were stopped: 0.0014138 seconds, Stopping threads took: 0.0004259 seconds
2016-06-26T20:09:38.210+0300: 66.647: [Full GC (Ergonomics) [PSYoungGen: 792144K->86001K(802816K)] [ParOldGen: 3494202K->3494213K(3495424K)] 4286347K->3580214K(4298240K), [Metaspace: 8807K->8807K(1056768K)], 0.4287152 secs] [Times: user=1.34 sys=0.00, real=0.43 secs] 
2016-06-26T20:09:38.639+0300: 67.076: Total time for which application threads were stopped: 0.4334660 seconds, Stopping threads took: 0.0041829 seconds
2016-06-26T20:09:38.678+0300: 67.115: Total time for which application threads were stopped: 0.0018081 seconds, Stopping threads took: 0.0008797 seconds
2016-06-26T20:09:39.482+0300: 67.919: Total time for which application threads were stopped: 0.0034820 seconds, Stopping threads took: 0.0030778 seconds
2016-06-26T20:09:39.745+0300: 68.183: [Full GC (Ergonomics) [PSYoungGen: 791521K->86000K(802816K)] [ParOldGen: 3494213K->3494224K(3495424K)] 4285735K->3580225K(4298240K), [Metaspace: 8819K->8819K(1056768K)], 0.4255882 secs] [Times: user=1.38 sys=0.00, real=0.43 secs] 
2016-06-26T20:09:40.171+0300: 68.608: Total time for which application threads were stopped: 0.4270884 seconds, Stopping threads took: 0.0009417 seconds
2016-06-26T20:09:40.298+0300: 68.735: Total time for which application threads were stopped: 0.0069862 seconds, Stopping threads took: 0.0060522 seconds
2016-06-26T20:09:40.974+0300: 69.411: [Full GC (Ergonomics) [PSYoungGen: 792180K->0K(802816K)] [ParOldGen: 3494224K->3434230K(3495424K)] 4286404K->3434230K(4298240K), [Metaspace: 8829K->8829K(1056768K)], 0.4330755 secs] [Times: user=1.16 sys=0.00, real=0.43 secs] 
2016-06-26T20:09:41.407+0300: 69.844: Total time for which application threads were stopped: 0.4395862 seconds, Stopping threads took: 0.0058888 seconds
2016-06-26T20:09:41.445+0300: 69.881: Total time for which application threads were stopped: 0.0015947 seconds, Stopping threads took: 0.0006564 seconds
2016-06-26T20:09:42.298+0300: 70.735: Total time for which application threads were stopped: 0.0063455 seconds, Stopping threads took: 0.0053778 seconds
2016-06-26T20:09:42.606+0300: 71.043: [Full GC (Ergonomics) [PSYoungGen: 791309K->54000K(802816K)] [ParOldGen: 3434230K->3494242K(3495424K)] 4225540K->3548242K(4298240K), [Metaspace: 8831K->8831K(1056768K)], 0.4142848 secs] [Times: user=1.48 sys=0.00, real=0.41 secs] 
2016-06-26T20:09:43.021+0300: 71.458: Total time for which application threads were stopped: 0.4167460 seconds, Stopping threads took: 0.0019082 seconds
2016-06-26T20:09:43.297+0300: 71.734: Total time for which application threads were stopped: 0.0053854 seconds, Stopping threads took: 0.0044053 seconds
2016-06-26T20:09:43.862+0300: 72.299: [Full GC (Ergonomics) [PSYoungGen: 791525K->60001K(802816K)] [ParOldGen: 3494242K->3494249K(3495424K)] 4285767K->3554251K(4298240K), [Metaspace: 8844K->8844K(1056768K)], 0.4163419 secs] [Times: user=1.36 sys=0.00, real=0.42 secs] 
2016-06-26T20:09:44.278+0300: 72.715: Total time for which application threads were stopped: 0.4189878 seconds, Stopping threads took: 0.0020921 seconds
2016-06-26T20:09:44.294+0300: 72.731: Total time for which application threads were stopped: 0.0012282 seconds, Stopping threads took: 0.0002840 seconds
2016-06-26T20:09:45.172+0300: 73.609: [Full GC (Ergonomics) [PSYoungGen: 791616K->144003K(802816K)] [ParOldGen: 3494249K->3494258K(3495424K)] 4285866K->3638261K(4298240K), [Metaspace: 8855K->8855K(1056768K)], 0.4150401 secs] [Times: user=1.52 sys=0.00, real=0.41 secs] 
2016-06-26T20:09:45.586+0300: 74.024: Total time for which application threads were stopped: 0.4182556 seconds, Stopping threads took: 0.0026784 seconds
2016-06-26T20:09:45.590+0300: 74.027: Total time for which application threads were stopped: 0.0008386 seconds, Stopping threads took: 0.0000616 seconds
2016-06-26T20:09:46.443+0300: 74.880: [Full GC (Ergonomics) [PSYoungGen: 790880K->594028K(802816K)] [ParOldGen: 3494258K->3494286K(3495424K)] 4285138K->4088315K(4298240K), [Metaspace: 8859K->8859K(1056768K)], 0.4552909 secs] [Times: user=1.52 sys=0.00, real=0.45 secs] 
2016-06-26T20:09:46.898+0300: 75.336: Total time for which application threads were stopped: 0.4572350 seconds, Stopping threads took: 0.0013753 seconds
2016-06-26T20:09:47.140+0300: 75.577: [Full GC (Ergonomics) [PSYoungGen: 791031K->786033K(802816K)] [ParOldGen: 3494286K->3494285K(3495424K)] 4285318K->4280319K(4298240K), [Metaspace: 8859K->8859K(1056768K)], 0.4294486 secs] [Times: user=0.81 sys=0.00, real=0.43 secs] 
2016-06-26T20:09:47.569+0300: 76.006: Total time for which application threads were stopped: 0.4311502 seconds, Stopping threads took: 0.0011388 seconds
2016-06-26T20:09:47.579+0300: 76.016: [Full GC (Ergonomics) [PSYoungGen: 792492K->792033K(802816K)] [ParOldGen: 3494285K->3494285K(3495424K)] 4286778K->4286319K(4298240K), [Metaspace: 8859K->8859K(1056768K)], 0.1221145 secs] [Times: user=0.34 sys=0.00, real=0.12 secs] 
2016-06-26T20:09:47.701+0300: 76.139: [Full GC (Allocation Failure) [PSYoungGen: 792033K->792033K(802816K)] [ParOldGen: 3494285K->3493914K(3495424K)] 4286319K->4285948K(4298240K), [Metaspace: 8859K->8723K(1056768K)], 0.7014320 secs] [Times: user=1.61 sys=0.02, real=0.70 secs] 
2016-06-26T20:09:48.403+0300: 76.840: Total time for which application threads were stopped: 0.8243671 seconds, Stopping threads took: 0.0001065 seconds
2016-06-26T20:09:48.410+0300: 76.847: [Full GC (Ergonomics) [PSYoungGen: 792293K->764033K(802816K)] [ParOldGen: 3493914K->3493914K(3495424K)] 4286207K->4257947K(4298240K), [Metaspace: 8724K->8724K(1056768K)], 0.3754945 secs] [Times: user=1.41 sys=0.00, real=0.38 secs] 
2016-06-26T20:09:48.786+0300: 77.223: Total time for which application threads were stopped: 0.3760201 seconds, Stopping threads took: 0.0000684 seconds
2016-06-26T20:09:48.826+0300: 77.264: [Full GC (Ergonomics) [PSYoungGen: 790920K->790033K(802816K)] [ParOldGen: 3493914K->3493914K(3495424K)] 4284835K->4283948K(4298240K), [Metaspace: 8724K->8724K(1056768K)], 0.2336527 secs] [Times: user=0.64 sys=0.02, real=0.23 secs] 
2016-06-26T20:09:49.060+0300: 77.497: Total time for which application threads were stopped: 0.2342788 seconds, Stopping threads took: 0.0001467 seconds
2016-06-26T20:09:49.070+0300: 77.507: [Full GC (Ergonomics) [PSYoungGen: 792182K->792033K(802816K)] [ParOldGen: 3493914K->3493914K(3495424K)] 4286096K->4285948K(4298240K), [Metaspace: 8724K->8724K(1056768K)], 0.1152870 secs] [Times: user=0.28 sys=0.00, real=0.12 secs] 
2016-06-26T20:09:49.186+0300: 77.622: [Full GC (Allocation Failure) [PSYoungGen: 792033K->792033K(802816K)] [ParOldGen: 3493914K->3493914K(3495424K)] 4285948K->4285948K(4298240K), [Metaspace: 8724K->8724K(1056768K)], 0.0240508 secs] [Times: user=0.08 sys=0.00, real=0.02 secs] 
2016-06-26T20:09:49.210+0300: 77.647: Total time for which application threads were stopped: 0.1399900 seconds, Stopping threads took: 0.0000855 seconds
2016-06-26T20:09:49.219+0300: 77.656: [Full GC (Ergonomics) [PSYoungGen: 792261K->776033K(802816K)] [ParOldGen: 3493914K->3493914K(3495424K)] 4286176K->4269947K(4298240K), [Metaspace: 8724K->8724K(1056768K)], 0.2314319 secs] [Times: user=0.80 sys=0.00, real=0.23 secs] 
2016-06-26T20:09:49.450+0300: 77.888: Total time for which application threads were stopped: 0.2319455 seconds, Stopping threads took: 0.0000813 seconds
2016-06-26T20:09:49.480+0300: 77.917: [Full GC (Ergonomics) [PSYoungGen: 790908K->790033K(802816K)] [ParOldGen: 3493914K->3493914K(3495424K)] 4284822K->4283948K(4298240K), [Metaspace: 8724K->8724K(1056768K)], 0.1167064 secs] [Times: user=0.36 sys=0.00, real=0.12 secs] 
2016-06-26T20:09:49.597+0300: 78.034: Total time for which application threads were stopped: 0.1172487 seconds, Stopping threads took: 0.0000821 seconds
2016-06-26T20:09:49.607+0300: 78.044: [Full GC (Ergonomics) [PSYoungGen: 792166K->792033K(802816K)] [ParOldGen: 3493914K->3493914K(3495424K)] 4286081K->4285948K(4298240K), [Metaspace: 8724K->8724K(1056768K)], 0.1072386 secs] [Times: user=0.34 sys=0.00, real=0.11 secs] 
2016-06-26T20:09:49.714+0300: 78.151: [Full GC (Allocation Failure) [PSYoungGen: 792033K->792033K(802816K)] [ParOldGen: 3493914K->3493914K(3495424K)] 4285948K->4285948K(4298240K), [Metaspace: 8724K->8724K(1056768K)], 0.0261741 secs] [Times: user=0.06 sys=0.00, real=0.03 secs] 
2016-06-26T20:09:49.740+0300: 78.177: Total time for which application threads were stopped: 0.1341863 seconds, Stopping threads took: 0.0000855 seconds
2016-06-26T20:09:49.741+0300: 78.179: [Full GC (Ergonomics) [PSYoungGen: 792241K->786033K(802816K)] [ParOldGen: 3493914K->3493914K(3495424K)] 4286155K->4279948K(4298240K), [Metaspace: 8724K->8724K(1056768K)], 0.0856395 secs] [Times: user=0.26 sys=0.00, real=0.09 secs] 
2016-06-26T20:09:49.828+0300: 78.264: Total time for which application threads were stopped: 0.0860804 seconds, Stopping threads took: 0.0000517 seconds
2016-06-26T20:09:49.837+0300: 78.274: [Full GC (Ergonomics) [PSYoungGen: 792416K->792033K(802816K)] [ParOldGen: 3493914K->3493914K(3495424K)] 4286331K->4285948K(4298240K), [Metaspace: 8724K->8724K(1056768K)], 0.1004773 secs] [Times: user=0.24 sys=0.00, real=0.10 secs] 
2016-06-26T20:09:49.938+0300: 78.375: [Full GC (Allocation Failure) [PSYoungGen: 792033K->792033K(802816K)] [ParOldGen: 3493914K->3493914K(3495424K)] 4285948K->4285948K(4298240K), [Metaspace: 8724K->8724K(1056768K)], 0.0258102 secs] [Times: user=0.01 sys=0.00, real=0.03 secs] 
2016-06-26T20:09:49.964+0300: 78.401: Total time for which application threads were stopped: 0.1270830 seconds, Stopping threads took: 0.0002421 seconds
2016-06-26T20:09:49.974+0300: 78.411: [Full GC (Ergonomics) [PSYoungGen: 792246K->778033K(802816K)] [ParOldGen: 3493914K->3493914K(3495424K)] 4286161K->4271947K(4298240K), [Metaspace: 8724K->8724K(1056768K)], 0.2883933 secs] [Times: user=0.84 sys=0.00, real=0.29 secs] 
2016-06-26T20:09:50.263+0300: 78.700: Total time for which application threads were stopped: 0.2889484 seconds, Stopping threads took: 0.0000778 seconds
2016-06-26T20:09:50.367+0300: 78.805: [Full GC (Ergonomics) [PSYoungGen: 792576K->762029K(802816K)] [ParOldGen: 3493914K->3493914K(3495424K)] 4286490K->4255944K(4298240K), [Metaspace: 8724K->8724K(1056768K)], 0.3746627 secs] [Times: user=1.17 sys=0.00, real=0.38 secs] 
2016-06-26T20:09:50.742+0300: 79.179: Total time for which application threads were stopped: 0.3753290 seconds, Stopping threads took: 0.0000714 seconds
2016-06-26T20:09:50.784+0300: 79.221: [Full GC (Ergonomics) [PSYoungGen: 790818K->760029K(802816K)] [ParOldGen: 3493914K->3493914K(3495424K)] 4284733K->4253944K(4298240K), [Metaspace: 8724K->8724K(1056768K)], 0.3080953 secs] [Times: user=1.03 sys=0.00, real=0.31 secs] 
2016-06-26T20:09:51.092+0300: 79.529: Total time for which application threads were stopped: 0.3089724 seconds, Stopping threads took: 0.0003049 seconds
2016-06-26T20:09:51.126+0300: 79.563: [Full GC (Ergonomics) [PSYoungGen: 790914K->760029K(802816K)] [ParOldGen: 3493914K->3493914K(3495424K)] 4284829K->4253944K(4298240K), [Metaspace: 8724K->8724K(1056768K)], 0.3938152 secs] [Times: user=1.19 sys=0.00, real=0.39 secs] 
2016-06-26T20:09:51.520+0300: 79.957: Total time for which application threads were stopped: 0.3945781 seconds, Stopping threads took: 0.0003520 seconds
2016-06-26T20:09:51.553+0300: 79.990: [Full GC (Ergonomics) [PSYoungGen: 790821K->760029K(802816K)] [ParOldGen: 3493914K->3493915K(3495424K)] 4284736K->4253944K(4298240K), [Metaspace: 8724K->8724K(1056768K)], 0.3637336 secs] [Times: user=1.33 sys=0.00, real=0.36 secs] 
2016-06-26T20:09:51.917+0300: 80.353: Total time for which application threads were stopped: 0.3645346 seconds, Stopping threads took: 0.0003798 seconds
2016-06-26T20:09:51.959+0300: 80.396: [Full GC (Ergonomics) [PSYoungGen: 790932K->760028K(802816K)] [ParOldGen: 3493915K->3493915K(3495424K)] 4284847K->4253944K(4298240K), [Metaspace: 8724K->8724K(1056768K)], 0.3896665 secs] [Times: user=1.47 sys=0.00, real=0.39 secs] 
2016-06-26T20:09:52.348+0300: 80.786: Total time for which application threads were stopped: 0.3903460 seconds, Stopping threads took: 0.0002673 seconds
2016-06-26T20:09:52.444+0300: 80.881: [Full GC (Ergonomics) [PSYoungGen: 792576K->790031K(802816K)] [ParOldGen: 3493915K->3493915K(3495424K)] 4286491K->4283946K(4298240K), [Metaspace: 8724K->8724K(1056768K)], 0.2358248 secs] [Times: user=0.47 sys=0.03, real=0.24 secs] 
2016-06-26T20:09:52.680+0300: 81.117: Total time for which application threads were stopped: 0.2364320 seconds, Stopping threads took: 0.0001356 seconds
2016-06-26T20:09:52.681+0300: 81.118: [Full GC (Ergonomics) [PSYoungGen: 792262K->792031K(802816K)] [ParOldGen: 3493915K->3493915K(3495424K)] 4286177K->4285946K(4298240K), [Metaspace: 8724K->8724K(1056768K)], 0.0330205 secs] [Times: user=0.05 sys=0.00, real=0.03 secs] 
2016-06-26T20:09:52.714+0300: 81.151: [Full GC (Allocation Failure) [PSYoungGen: 792031K->792031K(802816K)] [ParOldGen: 3493915K->3493915K(3495424K)] 4285946K->4285946K(4298240K), [Metaspace: 8724K->8724K(1056768K)], 0.0276235 secs] [Times: user=0.03 sys=0.00, real=0.03 secs] 
2016-06-26T20:09:52.742+0300: 81.179: Total time for which application threads were stopped: 0.0615390 seconds, Stopping threads took: 0.0002502 seconds
2016-06-26T20:09:52.743+0300: 81.180: [Full GC (Ergonomics) [PSYoungGen: 792370K->766030K(802816K)] [ParOldGen: 3493915K->3493915K(3495424K)] 4286285K->4259946K(4298240K), [Metaspace: 8724K->8724K(1056768K)], 0.2500361 secs] [Times: user=0.67 sys=0.00, real=0.25 secs] 
2016-06-26T20:09:52.993+0300: 81.430: Total time for which application threads were stopped: 0.2505160 seconds, Stopping threads took: 0.0000517 seconds
2016-06-26T20:09:53.025+0300: 81.462: [Full GC (Ergonomics) [PSYoungGen: 790584K->790031K(802816K)] [ParOldGen: 3493915K->3493915K(3495424K)] 4284499K->4283946K(4298240K), [Metaspace: 8724K->8724K(1056768K)], 0.1224934 secs] [Times: user=0.19 sys=0.02, real=0.12 secs] 
2016-06-26T20:09:53.147+0300: 81.584: Total time for which application threads were stopped: 0.1232901 seconds, Stopping threads took: 0.0002455 seconds
2016-06-26T20:09:53.148+0300: 81.586: [Full GC (Ergonomics) [PSYoungGen: 792110K->792031K(802816K)] [ParOldGen: 3493915K->3493915K(3495424K)] 4286026K->4285946K(4298240K), [Metaspace: 8724K->8724K(1056768K)], 0.0444003 secs] [Times: user=0.06 sys=0.00, real=0.05 secs] 
2016-06-26T20:09:53.193+0300: 81.630: [Full GC (Allocation Failure) [PSYoungGen: 792031K->792031K(802816K)] [ParOldGen: 3493915K->3493915K(3495424K)] 4285946K->4285946K(4298240K), [Metaspace: 8724K->8724K(1056768K)], 0.0292687 secs] [Times: user=0.03 sys=0.00, real=0.03 secs] 
2016-06-26T20:09:53.223+0300: 81.659: Total time for which application threads were stopped: 0.0743460 seconds, Stopping threads took: 0.0000513 seconds
2016-06-26T20:09:53.223+0300: 81.660: [Full GC (Ergonomics) [PSYoungGen: 792169K->780030K(802816K)] [ParOldGen: 3493915K->3493915K(3495424K)] 4286084K->4273946K(4298240K), [Metaspace: 8724K->8724K(1056768K)], 0.1865637 secs] [Times: user=0.45 sys=0.00, real=0.19 secs] 
2016-06-26T20:09:53.410+0300: 81.847: Total time for which application threads were stopped: 0.1871492 seconds, Stopping threads took: 0.0000556 seconds
2016-06-26T20:09:53.422+0300: 81.859: [Full GC (Ergonomics) [PSYoungGen: 792272K->762030K(802816K)] [ParOldGen: 3493915K->3493915K(3495424K)] 4286188K->4255946K(4298240K), [Metaspace: 8724K->8724K(1056768K)], 0.4117702 secs] [Times: user=1.19 sys=0.00, real=0.41 secs] 
2016-06-26T20:09:53.833+0300: 82.270: Total time for which application threads were stopped: 0.4124096 seconds, Stopping threads took: 0.0000813 seconds
2016-06-26T20:09:53.877+0300: 82.315: Total time for which application threads were stopped: 0.0004957 seconds, Stopping threads took: 0.0001210 seconds
2016-06-26T20:09:53.908+0300: 82.346: [Full GC (Ergonomics) [PSYoungGen: 792576K->580200K(802816K)] [ParOldGen: 3493915K->3493892K(3495424K)] 4286491K->4074093K(4298240K), [Metaspace: 8724K->8724K(1056768K)], 0.4567458 secs] [Times: user=1.52 sys=0.00, real=0.46 secs] 
2016-06-26T20:09:54.366+0300: 82.803: Total time for which application threads were stopped: 0.4572915 seconds, Stopping threads took: 0.0000864 seconds
2016-06-26T20:09:54.399+0300: 82.836: Total time for which application threads were stopped: 0.0006847 seconds, Stopping threads took: 0.0003058 seconds
2016-06-26T20:09:54.464+0300: 82.901: Total time for which application threads were stopped: 0.0016469 seconds, Stopping threads took: 0.0005970 seconds
2016-06-26T20:09:54.616+0300: 83.053: [Full GC (Ergonomics) [PSYoungGen: 792307K->340197K(802816K)] [ParOldGen: 3493892K->3493902K(3495424K)] 4286199K->3834099K(4298240K), [Metaspace: 8724K->8724K(1056768K)], 0.4350227 secs] [Times: user=1.58 sys=0.00, real=0.44 secs] 
2016-06-26T20:09:55.051+0300: 83.488: Total time for which application threads were stopped: 0.4365224 seconds, Stopping threads took: 0.0009827 seconds
2016-06-26T20:09:55.561+0300: 83.998: [Full GC (Ergonomics) [PSYoungGen: 790594K->0K(802816K)] [ParOldGen: 3493902K->3468094K(3495424K)] 4284496K->3468094K(4298240K), [Metaspace: 8724K->8724K(1056768K)], 0.3852916 secs] [Times: user=1.45 sys=0.00, real=0.38 secs] 
2016-06-26T20:09:55.946+0300: 84.383: Total time for which application threads were stopped: 0.3887423 seconds, Stopping threads took: 0.0030137 seconds
2016-06-26T20:09:56.922+0300: 85.359: Total time for which application threads were stopped: 0.0155495 seconds, Stopping threads took: 0.0151334 seconds
2016-06-26T20:09:56.974+0300: 85.411: [Full GC (Ergonomics) [PSYoungGen: 791102K->0K(802816K)] [ParOldGen: 3468094K->3076315K(3495424K)] 4259196K->3076315K(4298240K), [Metaspace: 8806K->8806K(1056768K)], 0.3752191 secs] [Times: user=1.28 sys=0.01, real=0.38 secs] 
2016-06-26T20:09:57.349+0300: 85.787: Total time for which application threads were stopped: 0.3822407 seconds, Stopping threads took: 0.0064400 seconds
2016-06-26T20:09:58.245+0300: 86.682: Total time for which application threads were stopped: 0.0042013 seconds, Stopping threads took: 0.0031561 seconds
2016-06-26T20:09:58.299+0300: 86.736: Total time for which application threads were stopped: 0.0038985 seconds, Stopping threads took: 0.0029829 seconds
2016-06-26T20:09:58.460+0300: 86.897: [Full GC (Ergonomics) [PSYoungGen: 792291K->0K(802816K)] [ParOldGen: 3076315K->3164326K(3495424K)] 3868606K->3164326K(4298240K), [Metaspace: 8815K->8815K(1056768K)], 0.3832688 secs] [Times: user=1.25 sys=0.00, real=0.38 secs] 
2016-06-26T20:09:58.843+0300: 87.280: Total time for which application threads were stopped: 0.3846535 seconds, Stopping threads took: 0.0008296 seconds
2016-06-26T20:09:59.591+0300: 88.028: Total time for which application threads were stopped: 0.0033554 seconds, Stopping threads took: 0.0023303 seconds
2016-06-26T20:10:00.066+0300: 88.503: [Full GC (Ergonomics) [PSYoungGen: 792576K->0K(802816K)] [ParOldGen: 3164326K->3252530K(3495424K)] 3956902K->3252530K(4298240K), [Metaspace: 8821K->8821K(1056768K)], 0.3974430 secs] [Times: user=1.23 sys=0.00, real=0.40 secs] 
2016-06-26T20:10:00.464+0300: 88.901: Total time for which application threads were stopped: 0.4021395 seconds, Stopping threads took: 0.0041931 seconds
2016-06-26T20:10:01.561+0300: 89.998: [Full GC (Ergonomics) [PSYoungGen: 790895K->174002K(802816K)] [ParOldGen: 3252530K->3494362K(3495424K)] 4043426K->3668365K(4298240K), [Metaspace: 8824K->8824K(1056768K)], 0.4525398 secs] [Times: user=1.28 sys=0.00, real=0.45 secs] 
2016-06-26T20:10:02.013+0300: 90.450: Total time for which application threads were stopped: 0.4557972 seconds, Stopping threads took: 0.0027002 seconds
2016-06-26T20:10:02.303+0300: 90.740: Total time for which application threads were stopped: 0.0059594 seconds, Stopping threads took: 0.0048654 seconds
2016-06-26T20:10:02.310+0300: 90.747: Total time for which application threads were stopped: 0.0004631 seconds, Stopping threads took: 0.0000697 seconds
2016-06-26T20:10:02.879+0300: 91.316: [Full GC (Ergonomics) [PSYoungGen: 791801K->0K(802816K)] [ParOldGen: 3494362K->3492371K(3495424K)] 4286164K->3492371K(4298240K), [Metaspace: 8825K->8825K(1056768K)], 0.4196091 secs] [Times: user=1.03 sys=0.00, real=0.42 secs] 
2016-06-26T20:10:03.299+0300: 91.736: Total time for which application threads were stopped: 0.4271521 seconds, Stopping threads took: 0.0069934 seconds
2016-06-26T20:10:03.394+0300: 91.831: Total time for which application threads were stopped: 0.0275704 seconds, Stopping threads took: 0.0265107 seconds
2016-06-26T20:10:04.304+0300: 92.741: Total time for which application threads were stopped: 0.0072616 seconds, Stopping threads took: 0.0063092 seconds
2016-06-26T20:10:04.470+0300: 92.907: [Full GC (Ergonomics) [PSYoungGen: 791793K->24000K(802816K)] [ParOldGen: 3492371K->3494381K(3495424K)] 4284164K->3518381K(4298240K), [Metaspace: 8834K->8834K(1056768K)], 0.4235128 secs] [Times: user=1.13 sys=0.00, real=0.42 secs] 
2016-06-26T20:10:04.894+0300: 93.331: Total time for which application threads were stopped: 0.4283850 seconds, Stopping threads took: 0.0043197 seconds
2016-06-26T20:10:05.299+0300: 93.736: Total time for which application threads were stopped: 0.0018937 seconds, Stopping threads took: 0.0008934 seconds
2016-06-26T20:10:06.101+0300: 94.538: [Full GC (Ergonomics) [PSYoungGen: 792576K->30009K(802816K)] [ParOldGen: 3494381K->3494381K(3495424K)] 4286957K->3524390K(4298240K), [Metaspace: 8839K->8839K(1056768K)], 0.4179199 secs] [Times: user=1.36 sys=0.00, real=0.42 secs] 
2016-06-26T20:10:06.520+0300: 94.956: Total time for which application threads were stopped: 0.4199470 seconds, Stopping threads took: 0.0015006 seconds
2016-06-26T20:10:06.646+0300: 95.083: Total time for which application threads were stopped: 0.0015934 seconds, Stopping threads took: 0.0005974 seconds
2016-06-26T20:10:07.303+0300: 95.740: Total time for which application threads were stopped: 0.0056185 seconds, Stopping threads took: 0.0045348 seconds
2016-06-26T20:10:07.624+0300: 96.061: [Full GC (Ergonomics) [PSYoungGen: 791150K->144001K(802816K)] [ParOldGen: 3494381K->3494399K(3495424K)] 4285531K->3638401K(4298240K), [Metaspace: 8839K->8839K(1056768K)], 0.4067427 secs] [Times: user=1.50 sys=0.00, real=0.41 secs] 
2016-06-26T20:10:08.031+0300: 96.468: Total time for which application threads were stopped: 0.4104163 seconds, Stopping threads took: 0.0031672 seconds
2016-06-26T20:10:08.299+0300: 96.736: Total time for which application threads were stopped: 0.0013599 seconds, Stopping threads took: 0.0006671 seconds
2016-06-26T20:10:09.019+0300: 97.456: [Full GC (Ergonomics) [PSYoungGen: 792311K->0K(802816K)] [ParOldGen: 3494399K->3254403K(3495424K)] 4286711K->3254403K(4298240K), [Metaspace: 8840K->8840K(1056768K)], 0.3590726 secs] [Times: user=1.28 sys=0.00, real=0.36 secs] 
2016-06-26T20:10:09.378+0300: 97.815: Total time for which application threads were stopped: 0.3614212 seconds, Stopping threads took: 0.0018278 seconds
2016-06-26T20:10:09.632+0300: 98.069: Total time for which application threads were stopped: 0.0023222 seconds, Stopping threads took: 0.0013625 seconds
2016-06-26T20:10:10.562+0300: 98.999: [Full GC (Ergonomics) [PSYoungGen: 792114K->86000K(802816K)] [ParOldGen: 3254403K->3494423K(3495424K)] 4046517K->3580423K(4298240K), [Metaspace: 8841K->8841K(1056768K)], 0.4311832 secs] [Times: user=1.28 sys=0.00, real=0.43 secs] 
2016-06-26T20:10:10.994+0300: 99.431: Total time for which application threads were stopped: 0.4358989 seconds, Stopping threads took: 0.0041611 seconds
2016-06-26T20:10:11.991+0300: 100.428: Total time for which application threads were stopped: 0.0056138 seconds, Stopping threads took: 0.0052452 seconds
2016-06-26T20:10:12.044+0300: 100.481: [Full GC (Ergonomics) [PSYoungGen: 792447K->146004K(802816K)] [ParOldGen: 3494423K->3494407K(3495424K)] 4286871K->3640412K(4298240K), [Metaspace: 8858K->8858K(1056768K)], 0.4316442 secs] [Times: user=1.47 sys=0.00, real=0.43 secs] 
2016-06-26T20:10:12.476+0300: 100.913: Total time for which application threads were stopped: 0.4349033 seconds, Stopping threads took: 0.0027100 seconds
2016-06-26T20:10:13.363+0300: 101.800: Total time for which application threads were stopped: 0.0035303 seconds, Stopping threads took: 0.0025899 seconds
2016-06-26T20:10:13.485+0300: 101.922: [Full GC (Ergonomics) [PSYoungGen: 791720K->236014K(802816K)] [ParOldGen: 3494407K->3494407K(3495424K)] 4286128K->3730422K(4298240K), [Metaspace: 8859K->8859K(1056768K)], 0.4621304 secs] [Times: user=1.30 sys=0.00, real=0.46 secs] 
2016-06-26T20:10:13.947+0300: 102.384: Total time for which application threads were stopped: 0.4670514 seconds, Stopping threads took: 0.0043933 seconds
2016-06-26T20:10:14.302+0300: 102.739: Total time for which application threads were stopped: 0.0025112 seconds, Stopping threads took: 0.0015220 seconds
2016-06-26T20:10:14.739+0300: 103.177: Total time for which application threads were stopped: 0.0024197 seconds, Stopping threads took: 0.0020523 seconds
2016-06-26T20:10:14.764+0300: 103.201: [Full GC (Ergonomics) [PSYoungGen: 790722K->268012K(802816K)] [ParOldGen: 3494407K->3494413K(3495424K)] 4285130K->3762425K(4298240K), [Metaspace: 8864K->8864K(1056768K)], 0.4559576 secs] [Times: user=1.20 sys=0.00, real=0.46 secs] 
2016-06-26T20:10:15.220+0300: 103.657: Total time for which application threads were stopped: 0.4566538 seconds, Stopping threads took: 0.0000864 seconds
2016-06-26T20:10:15.305+0300: 103.742: Total time for which application threads were stopped: 0.0054201 seconds, Stopping threads took: 0.0044292 seconds
2016-06-26T20:10:15.313+0300: 103.750: Total time for which application threads were stopped: 0.0004542 seconds, Stopping threads took: 0.0000744 seconds
2016-06-26T20:10:16.034+0300: 104.471: [Full GC (Ergonomics) [PSYoungGen: 790619K->300006K(802816K)] [ParOldGen: 3494413K->3494437K(3495424K)] 4285032K->3794444K(4298240K), [Metaspace: 8870K->8870K(1056768K)], 0.4511431 secs] [Times: user=1.17 sys=0.00, real=0.45 secs] 
2016-06-26T20:10:16.485+0300: 104.922: Total time for which application threads were stopped: 0.4620508 seconds, Stopping threads took: 0.0103629 seconds
2016-06-26T20:10:16.773+0300: 105.211: Total time for which application threads were stopped: 0.0014857 seconds, Stopping threads took: 0.0005453 seconds
2016-06-26T20:10:17.306+0300: 105.743: [Full GC (Ergonomics) [PSYoungGen: 792576K->0K(802816K)] [ParOldGen: 3494437K->3374451K(3495424K)] 4287013K->3374451K(4298240K), [Metaspace: 8871K->8871K(1056768K)], 0.3836242 secs] [Times: user=1.28 sys=0.00, real=0.38 secs] 
2016-06-26T20:10:17.689+0300: 106.126: Total time for which application threads were stopped: 0.3861435 seconds, Stopping threads took: 0.0020720 seconds
2016-06-26T20:10:18.165+0300: 106.602: Total time for which application threads were stopped: 0.0017363 seconds, Stopping threads took: 0.0009849 seconds
2016-06-26T20:10:18.302+0300: 106.739: Total time for which application threads were stopped: 0.0020480 seconds, Stopping threads took: 0.0012714 seconds
2016-06-26T20:10:18.973+0300: 107.410: [Full GC (Ergonomics) [PSYoungGen: 792377K->32000K(802816K)] [ParOldGen: 3374451K->3494457K(3495424K)] 4166829K->3526458K(4298240K), [Metaspace: 8878K->8878K(1056768K)], 0.4051382 secs] [Times: user=1.48 sys=0.00, real=0.40 secs] 
2016-06-26T20:10:19.378+0300: 107.815: Total time for which application threads were stopped: 0.4074030 seconds, Stopping threads took: 0.0017825 seconds
2016-06-26T20:10:19.446+0300: 107.883: Total time for which application threads were stopped: 0.0007997 seconds, Stopping threads took: 0.0001907 seconds
2016-06-26T20:10:20.304+0300: 108.741: Total time for which application threads were stopped: 0.0035363 seconds, Stopping threads took: 0.0025984 seconds
2016-06-26T20:10:20.599+0300: 109.036: [Full GC (Ergonomics) [PSYoungGen: 791413K->0K(802816K)] [ParOldGen: 3494457K->3460467K(3495424K)] 4285870K->3460467K(4298240K), [Metaspace: 8884K->8884K(1056768K)], 0.3876873 secs] [Times: user=1.41 sys=0.00, real=0.39 secs] 
2016-06-26T20:10:20.987+0300: 109.424: Total time for which application threads were stopped: 0.3935120 seconds, Stopping threads took: 0.0054582 seconds
2016-06-26T20:10:21.329+0300: 109.765: Total time for which application threads were stopped: 0.0017102 seconds, Stopping threads took: 0.0011324 seconds
2016-06-26T20:10:22.086+0300: 110.523: [Full GC (Ergonomics) [PSYoungGen: 791225K->144003K(802816K)] [ParOldGen: 3460467K->3494476K(3495424K)] 4251693K->3638480K(4298240K), [Metaspace: 8886K->8886K(1056768K)], 0.4232190 secs] [Times: user=1.33 sys=0.00, real=0.42 secs] 
2016-06-26T20:10:22.509+0300: 110.946: Total time for which application threads were stopped: 0.4257011 seconds, Stopping threads took: 0.0019629 seconds
2016-06-26T20:10:22.512+0300: 110.950: Total time for which application threads were stopped: 0.0011140 seconds, Stopping threads took: 0.0000671 seconds
2016-06-26T20:10:23.305+0300: 111.742: Total time for which application threads were stopped: 0.0044228 seconds, Stopping threads took: 0.0033994 seconds
2016-06-26T20:10:23.599+0300: 112.036: [Full GC (Ergonomics) [PSYoungGen: 791350K->56000K(802816K)] [ParOldGen: 3494476K->3494488K(3495424K)] 4285826K->3550488K(4298240K), [Metaspace: 8886K->8886K(1056768K)], 0.4084200 secs] [Times: user=1.38 sys=0.00, real=0.41 secs] 
2016-06-26T20:10:24.007+0300: 112.445: Total time for which application threads were stopped: 0.4099527 seconds, Stopping threads took: 0.0011205 seconds
2016-06-26T20:10:24.303+0300: 112.740: Total time for which application threads were stopped: 0.0025612 seconds, Stopping threads took: 0.0017316 seconds
2016-06-26T20:10:24.304+0300: 112.741: Total time for which application threads were stopped: 0.0007933 seconds, Stopping threads took: 0.0000406 seconds
2016-06-26T20:10:24.305+0300: 112.742: Total time for which application threads were stopped: 0.0006727 seconds, Stopping threads took: 0.0000483 seconds
2016-06-26T20:10:25.014+0300: 113.451: [Full GC (Ergonomics) [PSYoungGen: 792576K->150003K(802816K)] [ParOldGen: 3494488K->3494493K(3495424K)] 4287064K->3644496K(4298240K), [Metaspace: 8887K->8887K(1056768K)], 0.4420794 secs] [Times: user=1.31 sys=0.00, real=0.44 secs] 
2016-06-26T20:10:25.457+0300: 113.893: Total time for which application threads were stopped: 0.4475217 seconds, Stopping threads took: 0.0048966 seconds
2016-06-26T20:10:25.461+0300: 113.897: Total time for which application threads were stopped: 0.0008835 seconds, Stopping threads took: 0.0000663 seconds
2016-06-26T20:10:26.181+0300: 114.618: Total time for which application threads were stopped: 0.0038365 seconds, Stopping threads took: 0.0035239 seconds
2016-06-26T20:10:26.303+0300: 114.740: Total time for which application threads were stopped: 0.0019976 seconds, Stopping threads took: 0.0011397 seconds
2016-06-26T20:10:26.509+0300: 114.946: [Full GC (Ergonomics) [PSYoungGen: 792276K->0K(802816K)] [ParOldGen: 3494493K->3342501K(3495424K)] 4286769K->3342501K(4298240K), [Metaspace: 8887K->8887K(1056768K)], 0.3965718 secs] [Times: user=1.13 sys=0.00, real=0.40 secs] 
2016-06-26T20:10:26.906+0300: 115.342: Total time for which application threads were stopped: 0.3985438 seconds, Stopping threads took: 0.0015498 seconds
2016-06-26T20:10:27.307+0300: 115.744: Total time for which application threads were stopped: 0.0053192 seconds, Stopping threads took: 0.0045011 seconds
2016-06-26T20:10:27.996+0300: 116.433: [Full GC (Ergonomics) [PSYoungGen: 791119K->0K(802816K)] [ParOldGen: 3342501K->3400510K(3495424K)] 4133620K->3400510K(4298240K), [Metaspace: 8888K->8888K(1056768K)], 0.3942227 secs] [Times: user=1.33 sys=0.00, real=0.39 secs] 
2016-06-26T20:10:28.390+0300: 116.827: Total time for which application threads were stopped: 0.3982756 seconds, Stopping threads took: 0.0035363 seconds
2016-06-26T20:10:28.394+0300: 116.831: Total time for which application threads were stopped: 0.0009494 seconds, Stopping threads took: 0.0001014 seconds
2016-06-26T20:10:29.305+0300: 117.742: Total time for which application threads were stopped: 0.0037244 seconds, Stopping threads took: 0.0027220 seconds
2016-06-26T20:10:29.671+0300: 118.108: [Full GC (Ergonomics) [PSYoungGen: 792293K->0K(802816K)] [ParOldGen: 3400510K->3484521K(3495424K)] 4192804K->3484521K(4298240K), [Metaspace: 8889K->8889K(1056768K)], 0.3984835 secs] [Times: user=1.16 sys=0.00, real=0.40 secs] 
2016-06-26T20:10:30.070+0300: 118.507: Total time for which application threads were stopped: 0.4000842 seconds, Stopping threads took: 0.0012047 seconds
2016-06-26T20:10:30.303+0300: 118.740: Total time for which application threads were stopped: 0.0011927 seconds, Stopping threads took: 0.0006877 seconds
2016-06-26T20:10:31.127+0300: 119.564: [Full GC (Ergonomics) [PSYoungGen: 791743K->226004K(802816K)] [ParOldGen: 3484521K->3494527K(3495424K)] 4276265K->3720531K(4298240K), [Metaspace: 8890K->8890K(1056768K)], 0.4328134 secs] [Times: user=1.45 sys=0.01, real=0.43 secs] 
2016-06-26T20:10:31.560+0300: 119.997: Total time for which application threads were stopped: 0.4363398 seconds, Stopping threads took: 0.0030355 seconds
2016-06-26T20:10:31.606+0300: 120.044: Total time for which application threads were stopped: 0.0007347 seconds, Stopping threads took: 0.0001274 seconds
2016-06-26T20:10:32.404+0300: 120.841: [Full GC (Ergonomics) [PSYoungGen: 792576K->146206K(802816K)] [ParOldGen: 3494527K->3494535K(3495424K)] 4287103K->3640741K(4298240K), [Metaspace: 8890K->8890K(1056768K)], 0.4163530 secs] [Times: user=1.34 sys=0.00, real=0.42 secs] 
2016-06-26T20:10:32.820+0300: 121.257: Total time for which application threads were stopped: 0.4189967 seconds, Stopping threads took: 0.0021396 seconds
2016-06-26T20:10:33.312+0300: 121.749: Total time for which application threads were stopped: 0.0082871 seconds, Stopping threads took: 0.0072902 seconds
2016-06-26T20:10:33.768+0300: 122.206: [Full GC (Ergonomics) [PSYoungGen: 792428K->176004K(802816K)] [ParOldGen: 3494535K->3494545K(3495424K)] 4286964K->3670549K(4298240K), [Metaspace: 8890K->8890K(1056768K)], 0.4321634 secs] [Times: user=1.33 sys=0.00, real=0.43 secs] 
2016-06-26T20:10:34.201+0300: 122.638: Total time for which application threads were stopped: 0.4388519 seconds, Stopping threads took: 0.0061108 seconds
2016-06-26T20:10:34.852+0300: 123.289: Total time for which application threads were stopped: 0.0063340 seconds, Stopping threads took: 0.0053542 seconds
2016-06-26T20:10:35.416+0300: 123.853: [Full GC (Ergonomics) [PSYoungGen: 792576K->0K(802816K)] [ParOldGen: 3494545K->3402560K(3495424K)] 4287121K->3402560K(4298240K), [Metaspace: 8893K->8893K(1056768K)], 0.3935941 secs] [Times: user=1.31 sys=0.00, real=0.39 secs] 
2016-06-26T20:10:35.809+0300: 124.246: Total time for which application threads were stopped: 0.3949784 seconds, Stopping threads took: 0.0009494 seconds
2016-06-26T20:10:36.749+0300: 125.186: Total time for which application threads were stopped: 0.0051853 seconds, Stopping threads took: 0.0041358 seconds
2016-06-26T20:10:37.052+0300: 125.489: [Full GC (Ergonomics) [PSYoungGen: 790585K->0K(802816K)] [ParOldGen: 3402560K->3458565K(3495424K)] 4193145K->3458565K(4298240K), [Metaspace: 8894K->8894K(1056768K)], 0.4107580 secs] [Times: user=1.13 sys=0.00, real=0.41 secs] 
2016-06-26T20:10:37.463+0300: 125.900: Total time for which application threads were stopped: 0.4138427 seconds, Stopping threads took: 0.0027023 seconds
2016-06-26T20:10:37.467+0300: 125.904: Total time for which application threads were stopped: 0.0007877 seconds, Stopping threads took: 0.0001557 seconds
2016-06-26T20:10:37.474+0300: 125.911: Total time for which application threads were stopped: 0.0003789 seconds, Stopping threads took: 0.0001531 seconds
2016-06-26T20:10:38.309+0300: 126.746: Total time for which application threads were stopped: 0.0046217 seconds, Stopping threads took: 0.0037206 seconds
2016-06-26T20:10:38.639+0300: 127.076: [Full GC (Ergonomics) [PSYoungGen: 792396K->0K(802816K)] [ParOldGen: 3458565K->3486573K(3495424K)] 4250961K->3486573K(4298240K), [Metaspace: 8900K->8900K(1056768K)], 0.4663697 secs] [Times: user=1.34 sys=0.00, real=0.47 secs] 
2016-06-26T20:10:39.105+0300: 127.542: Total time for which application threads were stopped: 0.4690725 seconds, Stopping threads took: 0.0023166 seconds
2016-06-26T20:10:39.307+0300: 127.744: Total time for which application threads were stopped: 0.0017187 seconds, Stopping threads took: 0.0010751 seconds
2016-06-26T20:10:40.190+0300: 128.627: [Full GC (Ergonomics) [PSYoungGen: 791093K->258005K(802816K)] [ParOldGen: 3486573K->3494579K(3495424K)] 4277667K->3752584K(4298240K), [Metaspace: 8906K->8906K(1058816K)], 0.4423077 secs] [Times: user=1.38 sys=0.00, real=0.44 secs] 
2016-06-26T20:10:40.633+0300: 129.070: Total time for which application threads were stopped: 0.4446675 seconds, Stopping threads took: 0.0018440 seconds
2016-06-26T20:10:40.668+0300: 129.105: Total time for which application threads were stopped: 0.0010499 seconds, Stopping threads took: 0.0002459 seconds
2016-06-26T20:10:41.425+0300: 129.862: [Full GC (Ergonomics) [PSYoungGen: 792576K->28001K(802816K)] [ParOldGen: 3494579K->3494591K(3495424K)] 4287155K->3522593K(4298240K), [Metaspace: 8915K->8915K(1058816K)], 0.4022742 secs] [Times: user=1.34 sys=0.00, real=0.40 secs] 
2016-06-26T20:10:41.827+0300: 130.264: Total time for which application threads were stopped: 0.4042414 seconds, Stopping threads took: 0.0014617 seconds
2016-06-26T20:10:42.572+0300: 131.009: Total time for which application threads were stopped: 0.0023683 seconds, Stopping threads took: 0.0014827 seconds
2016-06-26T20:10:43.051+0300: 131.488: [Full GC (Ergonomics) [PSYoungGen: 791159K->0K(802816K)] [ParOldGen: 3494591K->3342800K(3495424K)] 4285751K->3342800K(4298240K), [Metaspace: 8915K->8915K(1058816K)], 0.3693063 secs] [Times: user=1.41 sys=0.00, real=0.37 secs] 
2016-06-26T20:10:43.421+0300: 131.858: Total time for which application threads were stopped: 0.3709883 seconds, Stopping threads took: 0.0012889 seconds
2016-06-26T20:10:44.308+0300: 132.745: Total time for which application threads were stopped: 0.0025877 seconds, Stopping threads took: 0.0017624 seconds
2016-06-26T20:10:44.640+0300: 133.077: [Full GC (Ergonomics) [PSYoungGen: 791459K->0K(802816K)] [ParOldGen: 3342800K->3428607K(3495424K)] 4134259K->3428607K(4298240K), [Metaspace: 8916K->8916K(1058816K)], 0.3892590 secs] [Times: user=1.30 sys=0.00, real=0.39 secs] 
2016-06-26T20:10:45.029+0300: 133.466: Total time for which application threads were stopped: 0.3901545 seconds, Stopping threads took: 0.0004726 seconds
2016-06-26T20:10:45.307+0300: 133.744: Total time for which application threads were stopped: 0.0011299 seconds, Stopping threads took: 0.0005354 seconds
2016-06-26T20:10:46.110+0300: 134.547: [Full GC (Ergonomics) [PSYoungGen: 791685K->112002K(802816K)] [ParOldGen: 3428607K->3494615K(3495424K)] 4220292K->3606617K(4298240K), [Metaspace: 8916K->8916K(1058816K)], 0.4139226 secs] [Times: user=1.31 sys=0.00, real=0.41 secs] 
2016-06-26T20:10:46.524+0300: 134.961: Total time for which application threads were stopped: 0.4165283 seconds, Stopping threads took: 0.0020583 seconds
2016-06-26T20:10:46.527+0300: 134.965: Total time for which application threads were stopped: 0.0009853 seconds, Stopping threads took: 0.0000770 seconds
2016-06-26T20:10:47.483+0300: 135.919: [Full GC (Ergonomics) [PSYoungGen: 791104K->204004K(802816K)] [ParOldGen: 3494615K->3494622K(3495424K)] 4285719K->3698627K(4298240K), [Metaspace: 8918K->8918K(1058816K)], 0.4249322 secs] [Times: user=1.44 sys=0.00, real=0.42 secs] 
2016-06-26T20:10:47.907+0300: 136.344: Total time for which application threads were stopped: 0.4296013 seconds, Stopping threads took: 0.0041260 seconds
2016-06-26T20:10:48.309+0300: 136.746: Total time for which application threads were stopped: 0.0017076 seconds, Stopping threads took: 0.0007257 seconds
2016-06-26T20:10:48.770+0300: 137.207: [Full GC (Ergonomics) [PSYoungGen: 790644K->236006K(802816K)] [ParOldGen: 3494622K->3494630K(3495424K)] 4285266K->3730637K(4298240K), [Metaspace: 8918K->8918K(1058816K)], 0.4301500 secs] [Times: user=1.36 sys=0.00, real=0.43 secs] 
2016-06-26T20:10:49.201+0300: 137.638: Total time for which application threads were stopped: 0.4341199 seconds, Stopping threads took: 0.0034349 seconds
2016-06-26T20:10:49.309+0300: 137.746: Total time for which application threads were stopped: 0.0017816 seconds, Stopping threads took: 0.0008570 seconds
2016-06-26T20:10:50.083+0300: 138.520: [Full GC (Ergonomics) [PSYoungGen: 792006K->148003K(802816K)] [ParOldGen: 3494630K->3494640K(3495424K)] 4286637K->3642644K(4298240K), [Metaspace: 8918K->8918K(1058816K)], 0.4220138 secs] [Times: user=1.30 sys=0.00, real=0.42 secs] 
2016-06-26T20:10:50.505+0300: 138.942: Total time for which application threads were stopped: 0.4255557 seconds, Stopping threads took: 0.0030261 seconds
2016-06-26T20:10:50.557+0300: 138.994: Total time for which application threads were stopped: 0.0014870 seconds, Stopping threads took: 0.0005076 seconds
2016-06-26T20:10:50.565+0300: 139.002: Total time for which application threads were stopped: 0.0004533 seconds, Stopping threads took: 0.0000757 seconds
2016-06-26T20:10:51.312+0300: 139.749: Total time for which application threads were stopped: 0.0042034 seconds, Stopping threads took: 0.0032946 seconds
2016-06-26T20:10:51.425+0300: 139.862: [Full GC (Ergonomics) [PSYoungGen: 790594K->56001K(802816K)] [ParOldGen: 3494640K->3494649K(3495424K)] 4285234K->3550651K(4298240K), [Metaspace: 8918K->8918K(1058816K)], 0.4110522 secs] [Times: user=1.19 sys=0.00, real=0.41 secs] 
2016-06-26T20:10:51.836+0300: 140.273: Total time for which application threads were stopped: 0.4163363 seconds, Stopping threads took: 0.0047606 seconds
2016-06-26T20:10:52.309+0300: 140.746: Total time for which application threads were stopped: 0.0015789 seconds, Stopping threads took: 0.0008891 seconds
2016-06-26T20:10:52.964+0300: 141.402: [Full GC (Ergonomics) [PSYoungGen: 792230K->60000K(802816K)] [ParOldGen: 3494649K->3494651K(3495424K)] 4286880K->3554651K(4298240K), [Metaspace: 8918K->8918K(1058816K)], 0.3911996 secs] [Times: user=1.55 sys=0.00, real=0.39 secs] 
2016-06-26T20:10:53.356+0300: 141.793: Total time for which application threads were stopped: 0.3938498 seconds, Stopping threads took: 0.0021455 seconds
2016-06-26T20:10:53.649+0300: 142.086: Total time for which application threads were stopped: 0.0011098 seconds, Stopping threads took: 0.0004743 seconds
2016-06-26T20:10:54.309+0300: 142.746: Total time for which application threads were stopped: 0.0015597 seconds, Stopping threads took: 0.0009186 seconds
2016-06-26T20:10:54.430+0300: 142.868: [Full GC (Ergonomics) [PSYoungGen: 791387K->0K(802816K)] [ParOldGen: 3494651K->3460667K(3495424K)] 4286038K->3460667K(4298240K), [Metaspace: 8919K->8919K(1058816K)], 0.3854319 secs] [Times: user=1.45 sys=0.00, real=0.39 secs] 
2016-06-26T20:10:54.816+0300: 143.253: Total time for which application threads were stopped: 0.3862885 seconds, Stopping threads took: 0.0003708 seconds
2016-06-26T20:10:55.310+0300: 143.747: Total time for which application threads were stopped: 0.0014125 seconds, Stopping threads took: 0.0006192 seconds
2016-06-26T20:10:55.988+0300: 144.425: [Full GC (Ergonomics) [PSYoungGen: 790898K->172001K(802816K)] [ParOldGen: 3460667K->3494678K(3495424K)] 4251566K->3666679K(4298240K), [Metaspace: 8919K->8919K(1058816K)], 0.4138987 secs] [Times: user=1.42 sys=0.00, real=0.41 secs] 
2016-06-26T20:10:56.402+0300: 144.839: Total time for which application threads were stopped: 0.4160558 seconds, Stopping threads took: 0.0016311 seconds
2016-06-26T20:10:56.663+0300: 145.100: Total time for which application threads were stopped: 0.0046700 seconds, Stopping threads took: 0.0036449 seconds
2016-06-26T20:10:57.313+0300: 145.750: Total time for which application threads were stopped: 0.0046011 seconds, Stopping threads took: 0.0035760 seconds
2016-06-26T20:10:57.375+0300: 145.812: [Full GC (Ergonomics) [PSYoungGen: 791864K->116003K(802816K)] [ParOldGen: 3494678K->3494684K(3495424K)] 4286543K->3610687K(4298240K), [Metaspace: 8919K->8919K(1058816K)], 0.4205350 secs] [Times: user=1.33 sys=0.00, real=0.42 secs] 
2016-06-26T20:10:57.795+0300: 146.232: Total time for which application threads were stopped: 0.4218325 seconds, Stopping threads took: 0.0007856 seconds
2016-06-26T20:10:58.693+0300: 147.130: Total time for which application threads were stopped: 0.0051815 seconds, Stopping threads took: 0.0042218 seconds
2016-06-26T20:10:58.948+0300: 147.385: [Full GC (Ergonomics) [PSYoungGen: 792153K->0K(802816K)] [ParOldGen: 3494684K->3432881K(3495424K)] 4286838K->3432881K(4298240K), [Metaspace: 8919K->8919K(1058816K)], 0.4014770 secs] [Times: user=1.36 sys=0.00, real=0.40 secs] 
2016-06-26T20:10:59.349+0300: 147.786: Total time for which application threads were stopped: 0.4028447 seconds, Stopping threads took: 0.0009857 seconds
2016-06-26T20:11:00.314+0300: 148.751: Total time for which application threads were stopped: 0.0051656 seconds, Stopping threads took: 0.0042000 seconds
2016-06-26T20:11:00.423+0300: 148.860: [Full GC (Ergonomics) [PSYoungGen: 792392K->236003K(802816K)] [ParOldGen: 3432881K->3494703K(3495424K)] 4225273K->3730707K(4298240K), [Metaspace: 8919K->8919K(1058816K)], 0.4411933 secs] [Times: user=1.31 sys=0.00, real=0.44 secs] 
2016-06-26T20:11:00.864+0300: 149.301: Total time for which application threads were stopped: 0.4436762 seconds, Stopping threads took: 0.0019522 seconds
2016-06-26T20:11:01.313+0300: 149.750: Total time for which application threads were stopped: 0.0034306 seconds, Stopping threads took: 0.0022986 seconds
2016-06-26T20:11:01.320+0300: 149.757: Total time for which application threads were stopped: 0.0004448 seconds, Stopping threads took: 0.0000697 seconds
2016-06-26T20:11:01.596+0300: 150.033: [Full GC (Ergonomics) [PSYoungGen: 791658K->150004K(802816K)] [ParOldGen: 3494703K->3494702K(3495424K)] 4286362K->3644706K(4298240K), [Metaspace: 8921K->8921K(1058816K)], 0.4241046 secs] [Times: user=1.20 sys=0.00, real=0.42 secs] 
2016-06-26T20:11:02.020+0300: 150.457: Total time for which application threads were stopped: 0.4260872 seconds, Stopping threads took: 0.0014425 seconds
2016-06-26T20:11:02.312+0300: 150.749: Total time for which application threads were stopped: 0.0017350 seconds, Stopping threads took: 0.0008925 seconds
2016-06-26T20:11:02.997+0300: 151.434: [Full GC (Ergonomics) [PSYoungGen: 790901K->26000K(802816K)] [ParOldGen: 3494702K->3494721K(3495424K)] 4285603K->3520721K(4298240K), [Metaspace: 8922K->8922K(1058816K)], 0.4003912 secs] [Times: user=1.36 sys=0.00, real=0.40 secs] 
2016-06-26T20:11:03.397+0300: 151.834: Total time for which application threads were stopped: 0.4061346 seconds, Stopping threads took: 0.0052101 seconds
2016-06-26T20:11:03.690+0300: 152.127: Total time for which application threads were stopped: 0.0014746 seconds, Stopping threads took: 0.0005769 seconds
2016-06-26T20:11:04.312+0300: 152.749: Total time for which application threads were stopped: 0.0020249 seconds, Stopping threads took: 0.0010127 seconds
2016-06-26T20:11:04.628+0300: 153.065: [Full GC (Ergonomics) [PSYoungGen: 790784K->116000K(802816K)] [ParOldGen: 3494721K->3494730K(3495424K)] 4285506K->3610731K(4298240K), [Metaspace: 8926K->8926K(1058816K)], 0.3992391 secs] [Times: user=1.48 sys=0.00, real=0.40 secs] 
2016-06-26T20:11:05.027+0300: 153.464: Total time for which application threads were stopped: 0.4003852 seconds, Stopping threads took: 0.0006252 seconds
2016-06-26T20:11:05.312+0300: 153.749: Total time for which application threads were stopped: 0.0011162 seconds, Stopping threads took: 0.0004315 seconds
2016-06-26T20:11:05.979+0300: 154.416: [Full GC (Ergonomics) [PSYoungGen: 791532K->182010K(802816K)] [ParOldGen: 3494730K->3494731K(3495424K)] 4286263K->3676741K(4298240K), [Metaspace: 8928K->8928K(1058816K)], 0.4090358 secs] [Times: user=1.53 sys=0.00, real=0.41 secs] 
2016-06-26T20:11:06.388+0300: 154.825: Total time for which application threads were stopped: 0.4108957 seconds, Stopping threads took: 0.0012701 seconds
2016-06-26T20:11:06.679+0300: 155.116: Total time for which application threads were stopped: 0.0011076 seconds, Stopping threads took: 0.0004815 seconds
2016-06-26T20:11:07.377+0300: 155.814: [Full GC (Ergonomics) [PSYoungGen: 791690K->0K(802816K)] [ParOldGen: 3494731K->3400750K(3495424K)] 4286422K->3400750K(4298240K), [Metaspace: 8928K->8928K(1058816K)], 0.3842259 secs] [Times: user=1.34 sys=0.00, real=0.38 secs] 
2016-06-26T20:11:07.761+0300: 156.198: Total time for which application threads were stopped: 0.3866203 seconds, Stopping threads took: 0.0019492 seconds
2016-06-26T20:11:08.396+0300: 156.833: Total time for which application threads were stopped: 0.0025287 seconds, Stopping threads took: 0.0015207 seconds
2016-06-26T20:11:08.963+0300: 157.400: [Full GC (Ergonomics) [PSYoungGen: 792093K->28023K(802816K)] [ParOldGen: 3400750K->3494762K(3495424K)] 4192843K->3522786K(4298240K), [Metaspace: 8931K->8931K(1058816K)], 0.4024174 secs] [Times: user=1.33 sys=0.00, real=0.40 secs] 
2016-06-26T20:11:09.366+0300: 157.803: Total time for which application threads were stopped: 0.4049825 seconds, Stopping threads took: 0.0020921 seconds
2016-06-26T20:11:10.316+0300: 158.753: Total time for which application threads were stopped: 0.0043702 seconds, Stopping threads took: 0.0033845 seconds
2016-06-26T20:11:10.473+0300: 158.910: [Full GC (Ergonomics) [PSYoungGen: 791663K->144001K(802816K)] [ParOldGen: 3494762K->3494765K(3495424K)] 4286426K->3638767K(4298240K), [Metaspace: 8931K->8931K(1058816K)], 0.4216443 secs] [Times: user=1.44 sys=0.00, real=0.42 secs] 
2016-06-26T20:11:10.895+0300: 159.332: Total time for which application threads were stopped: 0.4263986 seconds, Stopping threads took: 0.0042346 seconds
2016-06-26T20:11:11.314+0300: 159.751: Total time for which application threads were stopped: 0.0028075 seconds, Stopping threads took: 0.0012748 seconds
2016-06-26T20:11:11.315+0300: 159.752: Total time for which application threads were stopped: 0.0012406 seconds, Stopping threads took: 0.0000458 seconds
2016-06-26T20:11:11.316+0300: 159.753: Total time for which application threads were stopped: 0.0008549 seconds, Stopping threads took: 0.0000552 seconds
2016-06-26T20:11:11.819+0300: 160.257: [Full GC (Ergonomics) [PSYoungGen: 791088K->358006K(802816K)] [ParOldGen: 3494765K->3494764K(3495424K)] 4285854K->3852771K(4298240K), [Metaspace: 8931K->8931K(1058816K)], 0.4457003 secs] [Times: user=1.39 sys=0.00, real=0.45 secs] 
2016-06-26T20:11:12.265+0300: 160.702: Total time for which application threads were stopped: 0.4481858 seconds, Stopping threads took: 0.0018971 seconds
2016-06-26T20:11:12.315+0300: 160.752: Total time for which application threads were stopped: 0.0035230 seconds, Stopping threads took: 0.0025095 seconds
2016-06-26T20:11:12.903+0300: 161.340: [Full GC (Ergonomics) [PSYoungGen: 792423K->242005K(802816K)] [ParOldGen: 3494764K->3494780K(3495424K)] 4287187K->3736785K(4298240K), [Metaspace: 8932K->8932K(1058816K)], 0.4508223 secs] [Times: user=1.38 sys=0.00, real=0.45 secs] 
2016-06-26T20:11:13.354+0300: 161.791: Total time for which application threads were stopped: 0.4544796 seconds, Stopping threads took: 0.0031112 seconds
2016-06-26T20:11:13.354+0300: 161.792: Total time for which application threads were stopped: 0.0003802 seconds, Stopping threads took: 0.0001193 seconds
2016-06-26T20:11:13.717+0300: 162.154: Total time for which application threads were stopped: 0.0017187 seconds, Stopping threads took: 0.0007655 seconds
2016-06-26T20:11:13.724+0300: 162.160: Total time for which application threads were stopped: 0.0004555 seconds, Stopping threads took: 0.0000599 seconds
2016-06-26T20:11:14.195+0300: 162.632: [Full GC (Ergonomics) [PSYoungGen: 792541K->118002K(802816K)] [ParOldGen: 3494780K->3494788K(3495424K)] 4287322K->3612791K(4298240K), [Metaspace: 8932K->8932K(1058816K)], 0.4278128 secs] [Times: user=1.34 sys=0.00, real=0.43 secs] 
2016-06-26T20:11:14.623+0300: 163.060: Total time for which application threads were stopped: 0.4298468 seconds, Stopping threads took: 0.0014934 seconds
2016-06-26T20:11:14.730+0300: 163.167: Total time for which application threads were stopped: 0.0014087 seconds, Stopping threads took: 0.0004345 seconds
2016-06-26T20:11:15.670+0300: 164.107: [Full GC (Ergonomics) [PSYoungGen: 791083K->86001K(802816K)] [ParOldGen: 3494788K->3494798K(3495424K)] 4285872K->3580800K(4298240K), [Metaspace: 8932K->8932K(1058816K)], 0.3928397 secs] [Times: user=1.53 sys=0.00, real=0.39 secs] 
2016-06-26T20:11:16.063+0300: 164.500: Total time for which application threads were stopped: 0.3954993 seconds, Stopping threads took: 0.0021532 seconds
2016-06-26T20:11:16.314+0300: 164.751: Total time for which application threads were stopped: 0.0010726 seconds, Stopping threads took: 0.0003751 seconds
2016-06-26T20:11:17.061+0300: 165.498: [Full GC (Ergonomics) [PSYoungGen: 790630K->176003K(802816K)] [ParOldGen: 3494798K->3494806K(3495424K)] 4285429K->3670810K(4298240K), [Metaspace: 8932K->8932K(1058816K)], 0.4031684 secs] [Times: user=1.56 sys=0.00, real=0.40 secs] 
2016-06-26T20:11:17.464+0300: 165.901: Total time for which application threads were stopped: 0.4051070 seconds, Stopping threads took: 0.0014130 seconds
2016-06-26T20:11:17.660+0300: 166.098: Total time for which application threads were stopped: 0.0009404 seconds, Stopping threads took: 0.0003083 seconds
2016-06-26T20:11:18.423+0300: 166.860: [Full GC (Ergonomics) [PSYoungGen: 791951K->28000K(802816K)] [ParOldGen: 3494806K->3494819K(3495424K)] 4286758K->3522820K(4298240K), [Metaspace: 8932K->8932K(1058816K)], 0.3952872 secs] [Times: user=1.36 sys=0.00, real=0.40 secs] 
2016-06-26T20:11:18.819+0300: 167.256: Total time for which application threads were stopped: 0.3976508 seconds, Stopping threads took: 0.0018586 seconds
2016-06-26T20:11:19.576+0300: 168.013: Total time for which application threads were stopped: 0.0032938 seconds, Stopping threads took: 0.0023183 seconds
2016-06-26T20:11:20.058+0300: 168.495: [Full GC (Ergonomics) [PSYoungGen: 791539K->0K(802816K)] [ParOldGen: 3494819K->3494933K(3495424K)] 4286359K->3494933K(4298240K), [Metaspace: 8932K->8932K(1058816K)], 0.3977594 secs] [Times: user=1.42 sys=0.00, real=0.40 secs] 
2016-06-26T20:11:20.455+0300: 168.893: Total time for which application threads were stopped: 0.3992571 seconds, Stopping threads took: 0.0010828 seconds
2016-06-26T20:11:21.318+0300: 169.755: Total time for which application threads were stopped: 0.0038027 seconds, Stopping threads took: 0.0028939 seconds
2016-06-26T20:11:21.680+0300: 170.117: [Full GC (Ergonomics) [PSYoungGen: 790800K->116000K(802816K)] [ParOldGen: 3494933K->3494836K(3495424K)] 4285734K->3610837K(4298240K), [Metaspace: 8932K->8932K(1058816K)], 0.4240794 secs] [Times: user=1.27 sys=0.00, real=0.42 secs] 
2016-06-26T20:11:22.104+0300: 170.541: Total time for which application threads were stopped: 0.4270627 seconds, Stopping threads took: 0.0025411 seconds
2016-06-26T20:11:22.316+0300: 170.753: Total time for which application threads were stopped: 0.0016858 seconds, Stopping threads took: 0.0010127 seconds
2016-06-26T20:11:23.052+0300: 171.489: [Full GC (Ergonomics) [PSYoungGen: 792388K->0K(802816K)] [ParOldGen: 3494836K->3434842K(3495424K)] 4287225K->3434842K(4298240K), [Metaspace: 8934K->8934K(1058816K)], 0.4015981 secs] [Times: user=1.25 sys=0.00, real=0.40 secs] 
2016-06-26T20:11:23.454+0300: 171.891: Total time for which application threads were stopped: 0.4056522 seconds, Stopping threads took: 0.0035671 seconds
2016-06-26T20:11:23.456+0300: 171.893: Total time for which application threads were stopped: 0.0008609 seconds, Stopping threads took: 0.0000603 seconds
2016-06-26T20:11:24.318+0300: 172.755: Total time for which application threads were stopped: 0.0033203 seconds, Stopping threads took: 0.0023713 seconds
2016-06-26T20:11:24.724+0300: 173.161: [Full GC (Ergonomics) [PSYoungGen: 791672K->0K(802816K)] [ParOldGen: 3434842K->3490853K(3495424K)] 4226515K->3490853K(4298240K), [Metaspace: 8934K->8934K(1058816K)], 0.4036033 secs] [Times: user=1.23 sys=0.00, real=0.40 secs] 
2016-06-26T20:11:25.128+0300: 173.565: Total time for which application threads were stopped: 0.4055817 seconds, Stopping threads took: 0.0015909 seconds
2016-06-26T20:11:25.316+0300: 173.753: Total time for which application threads were stopped: 0.0014515 seconds, Stopping threads took: 0.0006881 seconds
2016-06-26T20:11:26.208+0300: 174.645: [Full GC (Ergonomics) [PSYoungGen: 791747K->172003K(802816K)] [ParOldGen: 3490853K->3494859K(3495424K)] 4282600K->3666863K(4298240K), [Metaspace: 8935K->8935K(1058816K)], 0.4189014 secs] [Times: user=1.30 sys=0.00, real=0.42 secs] 
2016-06-26T20:11:26.627+0300: 175.064: Total time for which application threads were stopped: 0.4221237 seconds, Stopping threads took: 0.0026844 seconds
2016-06-26T20:11:26.630+0300: 175.067: Total time for which application threads were stopped: 0.0010234 seconds, Stopping threads took: 0.0000659 seconds
2016-06-26T20:11:27.515+0300: 175.953: [Full GC (Ergonomics) [PSYoungGen: 792093K->506021K(802816K)] [ParOldGen: 3494859K->3494885K(3495424K)] 4286953K->4000907K(4298240K), [Metaspace: 8935K->8935K(1058816K)], 0.4500607 secs] [Times: user=1.59 sys=0.00, real=0.45 secs] 
2016-06-26T20:11:27.966+0300: 176.403: Total time for which application threads were stopped: 0.4528712 seconds, Stopping threads took: 0.0022396 seconds
2016-06-26T20:11:28.424+0300: 176.861: [Full GC (Ergonomics) [PSYoungGen: 790805K->752030K(802816K)] [ParOldGen: 3494885K->3494884K(3495424K)] 4285691K->4246915K(4298240K), [Metaspace: 8935K->8935K(1058816K)], 0.4814189 secs] [Times: user=1.76 sys=0.01, real=0.48 secs] 
2016-06-26T20:11:28.906+0300: 177.343: Total time for which application threads were stopped: 0.4834622 seconds, Stopping threads took: 0.0015118 seconds
2016-06-26T20:11:28.970+0300: 177.407: [Full GC (Ergonomics) [PSYoungGen: 791170K->790031K(802816K)] [ParOldGen: 3494884K->3494884K(3495424K)] 4286054K->4284915K(4298240K), [Metaspace: 8935K->8935K(1058816K)], 0.2253891 secs] [Times: user=0.70 sys=0.00, real=0.23 secs] 
2016-06-26T20:11:29.196+0300: 177.633: Total time for which application threads were stopped: 0.2260772 seconds, Stopping threads took: 0.0002476 seconds
2016-06-26T20:11:29.266+0300: 177.704: [Full GC (Ergonomics) [PSYoungGen: 792576K->762028K(802816K)] [ParOldGen: 3494884K->3494867K(3495424K)] 4287460K->4256895K(4298240K), [Metaspace: 8935K->8935K(1058816K)], 0.5193727 secs] [Times: user=2.00 sys=0.00, real=0.52 secs] 
2016-06-26T20:11:29.787+0300: 178.223: Total time for which application threads were stopped: 0.5198727 seconds, Stopping threads took: 0.0000731 seconds
2016-06-26T20:11:29.827+0300: 178.264: [Full GC (Ergonomics) [PSYoungGen: 791171K->760029K(802816K)] [ParOldGen: 3494867K->3494867K(3495424K)] 4286038K->4254896K(4298240K), [Metaspace: 8935K->8935K(1058816K)], 0.3842434 secs] [Times: user=1.30 sys=0.00, real=0.38 secs] 
2016-06-26T20:11:30.211+0300: 178.648: Total time for which application threads were stopped: 0.3847861 seconds, Stopping threads took: 0.0001501 seconds
2016-06-26T20:11:30.256+0300: 178.693: [Full GC (Ergonomics) [PSYoungGen: 791024K->790029K(802816K)] [ParOldGen: 3494867K->3494866K(3495424K)] 4285891K->4284896K(4298240K), [Metaspace: 8935K->8935K(1058816K)], 0.2876376 secs] [Times: user=0.67 sys=0.00, real=0.29 secs] 
2016-06-26T20:11:30.544+0300: 178.981: Total time for which application threads were stopped: 0.2885348 seconds, Stopping threads took: 0.0004456 seconds
2016-06-26T20:11:30.549+0300: 178.986: [Full GC (Ergonomics) [PSYoungGen: 792154K->792029K(802816K)] [ParOldGen: 3494866K->3494866K(3495424K)] 4287021K->4286896K(4298240K), [Metaspace: 8935K->8935K(1058816K)], 0.0738986 secs] [Times: user=0.20 sys=0.00, real=0.07 secs] 
2016-06-26T20:11:30.623+0300: 179.060: [Full GC (Allocation Failure) [PSYoungGen: 792029K->792029K(802816K)] [ParOldGen: 3494866K->3494723K(3495424K)] 4286896K->4286752K(4298240K), [Metaspace: 8935K->8853K(1058816K)], 0.7548699 secs] [Times: user=2.73 sys=0.02, real=0.76 secs] 
2016-06-26T20:11:31.378+0300: 179.815: Total time for which application threads were stopped: 0.8294092 seconds, Stopping threads took: 0.0000766 seconds
2016-06-26T20:11:31.384+0300: 179.821: [Full GC (Ergonomics) [PSYoungGen: 792235K->772029K(802816K)] [ParOldGen: 3494723K->3494723K(3495424K)] 4286958K->4266752K(4298240K), [Metaspace: 8853K->8853K(1058816K)], 0.5819749 secs] [Times: user=1.91 sys=0.03, real=0.58 secs] 
2016-06-26T20:11:31.966+0300: 180.403: Total time for which application threads were stopped: 0.5824013 seconds, Stopping threads took: 0.0000646 seconds
2016-06-26T20:11:31.994+0300: 180.432: [Full GC (Ergonomics) [PSYoungGen: 792474K->792029K(802816K)] [ParOldGen: 3494723K->3494722K(3495424K)] 4287197K->4286752K(4298240K), [Metaspace: 8853K->8853K(1058816K)], 0.2528557 secs] [Times: user=0.80 sys=0.00, real=0.25 secs] 
2016-06-26T20:11:32.248+0300: 180.685: [Full GC (Allocation Failure) [PSYoungGen: 792029K->792029K(802816K)] [ParOldGen: 3494722K->3494722K(3495424K)] 4286752K->4286752K(4298240K), [Metaspace: 8853K->8853K(1058816K)], 0.0257042 secs] [Times: user=0.08 sys=0.00, real=0.03 secs] 
2016-06-26T20:11:32.273+0300: 180.710: Total time for which application threads were stopped: 0.2791945 seconds, Stopping threads took: 0.0000795 seconds
2016-06-26T20:11:32.273+0300: 180.711: [Full GC (Ergonomics) [PSYoungGen: 792259K->772029K(802816K)] [ParOldGen: 3494722K->3494722K(3495424K)] 4286982K->4266752K(4298240K), [Metaspace: 8853K->8853K(1058816K)], 0.1799770 secs] [Times: user=0.66 sys=0.00, real=0.18 secs] 
2016-06-26T20:11:32.454+0300: 180.891: Total time for which application threads were stopped: 0.1803332 seconds, Stopping threads took: 0.0000470 seconds
2016-06-26T20:11:32.482+0300: 180.919: [Full GC (Ergonomics) [PSYoungGen: 792479K->792030K(802816K)] [ParOldGen: 3494722K->3494722K(3495424K)] 4287202K->4286752K(4298240K), [Metaspace: 8853K->8853K(1058816K)], 0.2361925 secs] [Times: user=0.88 sys=0.02, real=0.24 secs] 
2016-06-26T20:11:32.718+0300: 181.155: [Full GC (Allocation Failure) [PSYoungGen: 792030K->792030K(802816K)] [ParOldGen: 3494722K->3494722K(3495424K)] 4286752K->4286752K(4298240K), [Metaspace: 8853K->8853K(1058816K)], 0.0256451 secs] [Times: user=0.02 sys=0.00, real=0.03 secs] 
2016-06-26T20:11:32.744+0300: 181.181: Total time for which application threads were stopped: 0.2623936 seconds, Stopping threads took: 0.0000795 seconds
2016-06-26T20:11:32.744+0300: 181.182: [Full GC (Ergonomics) [PSYoungGen: 792245K->780029K(802816K)] [ParOldGen: 3494722K->3494722K(3495424K)] 4286968K->4274752K(4298240K), [Metaspace: 8853K->8853K(1058816K)], 0.1185834 secs] [Times: user=0.34 sys=0.00, real=0.12 secs] 
2016-06-26T20:11:32.863+0300: 181.300: Total time for which application threads were stopped: 0.1189396 seconds, Stopping threads took: 0.0000488 seconds
2016-06-26T20:11:32.902+0300: 181.339: [Full GC (Ergonomics) [PSYoungGen: 792576K->792029K(802816K)] [ParOldGen: 3494722K->3494722K(3495424K)] 4287298K->4286752K(4298240K), [Metaspace: 8853K->8853K(1058816K)], 0.1663575 secs] [Times: user=0.48 sys=0.02, real=0.17 secs] 
2016-06-26T20:11:33.068+0300: 181.505: Total time for which application threads were stopped: 0.1668955 seconds, Stopping threads took: 0.0000928 seconds
2016-06-26T20:11:33.069+0300: 181.506: [Full GC (Ergonomics) [PSYoungGen: 792153K->792029K(802816K)] [ParOldGen: 3494722K->3494722K(3495424K)] 4286876K->4286752K(4298240K), [Metaspace: 8853K->8853K(1058816K)], 0.0263187 secs] [Times: user=0.03 sys=0.00, real=0.03 secs] 
2016-06-26T20:11:33.095+0300: 181.532: [Full GC (Allocation Failure) [PSYoungGen: 792029K->792029K(802816K)] [ParOldGen: 3494722K->3494722K(3495424K)] 4286752K->4286752K(4298240K), [Metaspace: 8853K->8853K(1058816K)], 0.0262285 secs] [Times: user=0.05 sys=0.00, real=0.03 secs] 
2016-06-26T20:11:33.121+0300: 181.559: Total time for which application threads were stopped: 0.0531313 seconds, Stopping threads took: 0.0000513 seconds
2016-06-26T20:11:33.122+0300: 181.560: [Full GC (Ergonomics) [PSYoungGen: 792367K->764029K(802816K)] [ParOldGen: 3494722K->3494722K(3495424K)] 4287089K->4258752K(4298240K), [Metaspace: 8853K->8853K(1058816K)], 0.3558361 secs] [Times: user=1.22 sys=0.00, real=0.36 secs] 
2016-06-26T20:11:33.479+0300: 181.916: Total time for which application threads were stopped: 0.3562252 seconds, Stopping threads took: 0.0000573 seconds
2016-06-26T20:11:33.541+0300: 181.978: [Full GC (Ergonomics) [PSYoungGen: 792576K->580187K(802816K)] [ParOldGen: 3494722K->3494722K(3495424K)] 4287298K->4074910K(4298240K), [Metaspace: 8853K->8853K(1058816K)], 0.4423599 secs] [Times: user=1.67 sys=0.00, real=0.44 secs] 
2016-06-26T20:11:33.983+0300: 182.420: Total time for which application threads were stopped: 0.4430189 seconds, Stopping threads took: 0.0002284 seconds
2016-06-26T20:11:34.271+0300: 182.708: [Full GC (Ergonomics) [PSYoungGen: 790695K->276172K(802816K)] [ParOldGen: 3494722K->3494735K(3495424K)] 4285418K->3770907K(4298240K), [Metaspace: 8853K->8853K(1058816K)], 0.4097252 secs] [Times: user=1.58 sys=0.00, real=0.41 secs] 
2016-06-26T20:11:34.680+0300: 183.117: Total time for which application threads were stopped: 0.4105630 seconds, Stopping threads took: 0.0005098 seconds
2016-06-26T20:11:35.184+0300: 183.621: Total time for which application threads were stopped: 0.0008596 seconds, Stopping threads took: 0.0006393 seconds
2016-06-26T20:11:35.185+0300: 183.622: Total time for which application threads were stopped: 0.0003036 seconds, Stopping threads took: 0.0000488 seconds
2016-06-26T20:11:35.425+0300: 183.862: [Full GC (Ergonomics) [PSYoungGen: 790816K->2000K(802816K)] [ParOldGen: 3494735K->3494904K(3495424K)] 4285551K->3496904K(4298240K), [Metaspace: 8853K->8853K(1058816K)], 0.3865643 secs] [Times: user=1.47 sys=0.00, real=0.39 secs] 
2016-06-26T20:11:35.811+0300: 184.249: Total time for which application threads were stopped: 0.3873012 seconds, Stopping threads took: 0.0004020 seconds
2016-06-26T20:11:36.130+0300: 184.568: Total time for which application threads were stopped: 0.0008793 seconds, Stopping threads took: 0.0006847 seconds
2016-06-26T20:11:36.131+0300: 184.568: Total time for which application threads were stopped: 0.0002040 seconds, Stopping threads took: 0.0000376 seconds
2016-06-26T20:11:36.574+0300: 185.011: Total time for which application threads were stopped: 0.0012560 seconds, Stopping threads took: 0.0009887 seconds
2016-06-26T20:11:37.007+0300: 185.444: [Full GC (Ergonomics) [PSYoungGen: 791705K->0K(802816K)] [ParOldGen: 3494904K->3319129K(3495424K)] 4286610K->3319129K(4298240K), [Metaspace: 8867K->8867K(1058816K)], 0.3822155 secs] [Times: user=1.28 sys=0.00, real=0.38 secs] 
2016-06-26T20:11:37.389+0300: 185.826: Total time for which application threads were stopped: 0.3838132 seconds, Stopping threads took: 0.0011666 seconds
2016-06-26T20:11:38.157+0300: 186.594: Total time for which application threads were stopped: 0.0029175 seconds, Stopping threads took: 0.0025445 seconds
2016-06-26T20:11:38.563+0300: 187.000: [Full GC (Ergonomics) [PSYoungGen: 791605K->300006K(802816K)] [ParOldGen: 3319129K->3495150K(3495424K)] 4110734K->3795156K(4298240K), [Metaspace: 8868K->8868K(1058816K)], 0.4494786 secs] [Times: user=1.42 sys=0.01, real=0.45 secs] 
2016-06-26T20:11:39.013+0300: 187.450: Total time for which application threads were stopped: 0.4509173 seconds, Stopping threads took: 0.0009579 seconds
2016-06-26T20:11:39.715+0300: 188.152: [Full GC (Ergonomics) [PSYoungGen: 792400K->358008K(802816K)] [ParOldGen: 3495150K->3495145K(3495424K)] 4287551K->3853153K(4298240K), [Metaspace: 8869K->8869K(1058816K)], 0.4389314 secs] [Times: user=1.53 sys=0.00, real=0.44 secs] 
2016-06-26T20:11:40.154+0300: 188.591: Total time for which application threads were stopped: 0.4419515 seconds, Stopping threads took: 0.0024552 seconds
2016-06-26T20:11:40.722+0300: 189.159: Total time for which application threads were stopped: 0.0056912 seconds, Stopping threads took: 0.0053470 seconds
2016-06-26T20:11:40.778+0300: 189.215: [Full GC (Ergonomics) [PSYoungGen: 792576K->360021K(802816K)] [ParOldGen: 3495145K->3495144K(3495424K)] 4287721K->3855165K(4298240K), [Metaspace: 8872K->8872K(1058816K)], 0.4569985 secs] [Times: user=1.39 sys=0.00, real=0.46 secs] 
2016-06-26T20:11:41.236+0300: 189.673: Total time for which application threads were stopped: 0.4580830 seconds, Stopping threads took: 0.0005615 seconds
2016-06-26T20:11:41.808+0300: 190.245: Total time for which application threads were stopped: 0.0029307 seconds, Stopping threads took: 0.0024975 seconds
2016-06-26T20:11:41.809+0300: 190.246: Total time for which application threads were stopped: 0.0003507 seconds, Stopping threads took: 0.0000500 seconds
2016-06-26T20:11:41.872+0300: 190.309: [Full GC (Ergonomics) [PSYoungGen: 791925K->332037K(802816K)] [ParOldGen: 3495144K->3495150K(3495424K)] 4287070K->3827187K(4298240K), [Metaspace: 8880K->8880K(1058816K)], 0.4566303 secs] [Times: user=1.55 sys=0.00, real=0.46 secs] 
2016-06-26T20:11:42.328+0300: 190.766: Total time for which application threads were stopped: 0.4596701 seconds, Stopping threads took: 0.0025351 seconds
2016-06-26T20:11:42.867+0300: 191.304: Total time for which application threads were stopped: 0.0038271 seconds, Stopping threads took: 0.0034708 seconds
2016-06-26T20:11:42.868+0300: 191.305: Total time for which application threads were stopped: 0.0003896 seconds, Stopping threads took: 0.0000466 seconds
2016-06-26T20:11:43.101+0300: 191.538: [Full GC (Ergonomics) [PSYoungGen: 791289K->2000K(802816K)] [ParOldGen: 3495150K->3495224K(3495424K)] 4286440K->3497224K(4298240K), [Metaspace: 8885K->8885K(1058816K)], 0.3928786 secs] [Times: user=1.44 sys=0.00, real=0.39 secs] 
2016-06-26T20:11:43.494+0300: 191.931: Total time for which application threads were stopped: 0.3950177 seconds, Stopping threads took: 0.0016854 seconds
2016-06-26T20:11:43.704+0300: 192.141: Total time for which application threads were stopped: 0.0006817 seconds, Stopping threads took: 0.0004785 seconds
2016-06-26T20:11:43.928+0300: 192.365: Total time for which application threads were stopped: 0.0012197 seconds, Stopping threads took: 0.0010238 seconds
2016-06-26T20:11:44.216+0300: 192.653: Total time for which application threads were stopped: 0.0010482 seconds, Stopping threads took: 0.0008023 seconds
2016-06-26T20:11:44.216+0300: 192.653: Total time for which application threads were stopped: 0.0001967 seconds, Stopping threads took: 0.0000402 seconds
2016-06-26T20:11:44.621+0300: 193.059: [Full GC (Ergonomics) [PSYoungGen: 790897K->214003K(802816K)] [ParOldGen: 3495224K->3495234K(3495424K)] 4286122K->3709237K(4298240K), [Metaspace: 8888K->8888K(1058816K)], 0.4200017 secs] [Times: user=1.61 sys=0.00, real=0.42 secs] 
2016-06-26T20:11:45.042+0300: 193.479: Total time for which application threads were stopped: 0.4212744 seconds, Stopping threads took: 0.0008048 seconds
2016-06-26T20:11:45.877+0300: 194.314: [Full GC (Ergonomics) [PSYoungGen: 792354K->0K(802816K)] [ParOldGen: 3495234K->3373224K(3495424K)] 4287588K->3373224K(4298240K), [Metaspace: 8893K->8893K(1058816K)], 0.3717867 secs] [Times: user=1.38 sys=0.02, real=0.37 secs] 
2016-06-26T20:11:46.249+0300: 194.686: Total time for which application threads were stopped: 0.3751891 seconds, Stopping threads took: 0.0029076 seconds
2016-06-26T20:11:47.029+0300: 195.466: Total time for which application threads were stopped: 0.0035897 seconds, Stopping threads took: 0.0031916 seconds
2016-06-26T20:11:47.030+0300: 195.467: Total time for which application threads were stopped: 0.0003947 seconds, Stopping threads took: 0.0000505 seconds
2016-06-26T20:11:47.031+0300: 195.468: Total time for which application threads were stopped: 0.0004272 seconds, Stopping threads took: 0.0000552 seconds
2016-06-26T20:11:47.032+0300: 195.469: Total time for which application threads were stopped: 0.0003981 seconds, Stopping threads took: 0.0000449 seconds
2016-06-26T20:11:47.335+0300: 195.773: [Full GC (Ergonomics) [PSYoungGen: 791858K->0K(802816K)] [ParOldGen: 3373224K->3193292K(3495424K)] 4165082K->3193292K(4298240K), [Metaspace: 8908K->8908K(1058816K)], 0.3643870 secs] [Times: user=1.13 sys=0.00, real=0.37 secs] 
2016-06-26T20:11:47.700+0300: 196.137: Total time for which application threads were stopped: 0.3655062 seconds, Stopping threads took: 0.0005940 seconds
2016-06-26T20:11:47.701+0300: 196.138: Total time for which application threads were stopped: 0.0004114 seconds, Stopping threads took: 0.0001381 seconds
2016-06-26T20:11:48.289+0300: 196.726: Total time for which application threads were stopped: 0.0017230 seconds, Stopping threads took: 0.0013467 seconds
2016-06-26T20:11:48.290+0300: 196.727: Total time for which application threads were stopped: 0.0015032 seconds, Stopping threads took: 0.0000505 seconds
2016-06-26T20:11:48.890+0300: 197.327: [Full GC (Ergonomics) [PSYoungGen: 791803K->0K(802816K)] [ParOldGen: 3193292K->3309170K(3495424K)] 3985096K->3309170K(4298240K), [Metaspace: 8920K->8920K(1058816K)], 0.3790603 secs] [Times: user=1.20 sys=0.00, real=0.38 secs] 
2016-06-26T20:11:49.269+0300: 197.706: Total time for which application threads were stopped: 0.3827479 seconds, Stopping threads took: 0.0031313 seconds
2016-06-26T20:11:49.579+0300: 198.016: Total time for which application threads were stopped: 0.0036676 seconds, Stopping threads took: 0.0033173 seconds
2016-06-26T20:11:50.326+0300: 198.762: Total time for which application threads were stopped: 0.0041243 seconds, Stopping threads took: 0.0032125 seconds
2016-06-26T20:11:50.424+0300: 198.861: [Full GC (Ergonomics) [PSYoungGen: 792115K->258004K(802816K)] [ParOldGen: 3309170K->3495174K(3495424K)] 4101286K->3753179K(4298240K), [Metaspace: 8924K->8924K(1058816K)], 0.4567984 secs] [Times: user=1.33 sys=0.00, real=0.46 secs] 
2016-06-26T20:11:50.880+0300: 199.317: Total time for which application threads were stopped: 0.4589384 seconds, Stopping threads took: 0.0016170 seconds
2016-06-26T20:11:51.326+0300: 199.763: Total time for which application threads were stopped: 0.0043890 seconds, Stopping threads took: 0.0034824 seconds
2016-06-26T20:11:51.707+0300: 200.144: [Full GC (Ergonomics) [PSYoungGen: 792201K->178004K(802816K)] [ParOldGen: 3495174K->3495181K(3495424K)] 4287375K->3673185K(4298240K), [Metaspace: 8924K->8924K(1058816K)], 0.4235825 secs] [Times: user=1.25 sys=0.00, real=0.42 secs] 
2016-06-26T20:11:52.130+0300: 200.567: Total time for which application threads were stopped: 0.4256964 seconds, Stopping threads took: 0.0015789 seconds
2016-06-26T20:11:53.077+0300: 201.514: [Full GC (Ergonomics) [PSYoungGen: 792403K->118002K(802816K)] [ParOldGen: 3495181K->3495191K(3495424K)] 4287584K->3613194K(4298240K), [Metaspace: 8924K->8924K(1058816K)], 0.4090645 secs] [Times: user=1.25 sys=0.00, real=0.41 secs] 
2016-06-26T20:11:53.486+0300: 201.923: Total time for which application threads were stopped: 0.4146317 seconds, Stopping threads took: 0.0050557 seconds
2016-06-26T20:11:54.409+0300: 202.846: Total time for which application threads were stopped: 0.0031377 seconds, Stopping threads took: 0.0021917 seconds
2016-06-26T20:11:54.463+0300: 202.900: [Full GC (Ergonomics) [PSYoungGen: 792149K->118002K(802816K)] [ParOldGen: 3495191K->3495200K(3495424K)] 4287341K->3613202K(4298240K), [Metaspace: 8924K->8924K(1058816K)], 0.3896075 secs] [Times: user=1.50 sys=0.00, real=0.39 secs] 
2016-06-26T20:11:54.852+0300: 203.290: Total time for which application threads were stopped: 0.3905825 seconds, Stopping threads took: 0.0004529 seconds
2016-06-26T20:11:55.695+0300: 204.132: Total time for which application threads were stopped: 0.0020476 seconds, Stopping threads took: 0.0012393 seconds
2016-06-26T20:11:56.013+0300: 204.450: [Full GC (Ergonomics) [PSYoungGen: 791391K->0K(802816K)] [ParOldGen: 3495200K->3163208K(3495424K)] 4286591K->3163208K(4298240K), [Metaspace: 8924K->8924K(1058816K)], 0.3457024 secs] [Times: user=1.31 sys=0.00, real=0.35 secs] 
2016-06-26T20:11:56.359+0300: 204.796: Total time for which application threads were stopped: 0.3463233 seconds, Stopping threads took: 0.0002711 seconds
2016-06-26T20:11:57.079+0300: 205.516: Total time for which application threads were stopped: 0.0024026 seconds, Stopping threads took: 0.0014314 seconds
2016-06-26T20:11:57.550+0300: 205.986: [Full GC (Ergonomics) [PSYoungGen: 792501K->30000K(802816K)] [ParOldGen: 3163208K->3495220K(3495424K)] 3955710K->3525220K(4298240K), [Metaspace: 8927K->8927K(1058816K)], 0.3888877 secs] [Times: user=1.39 sys=0.00, real=0.39 secs] 
2016-06-26T20:11:57.938+0300: 206.375: Total time for which application threads were stopped: 0.3912283 seconds, Stopping threads took: 0.0019253 seconds
2016-06-26T20:11:58.078+0300: 206.515: Total time for which application threads were stopped: 0.0014305 seconds, Stopping threads took: 0.0006530 seconds
2016-06-26T20:11:59.026+0300: 207.463: [Full GC (Ergonomics) [PSYoungGen: 792175K->0K(802816K)] [ParOldGen: 3495220K->3431243K(3495424K)] 4287396K->3431243K(4298240K), [Metaspace: 8927K->8927K(1058816K)], 0.3925314 secs] [Times: user=1.34 sys=0.00, real=0.39 secs] 
2016-06-26T20:11:59.419+0300: 207.856: Total time for which application threads were stopped: 0.3945191 seconds, Stopping threads took: 0.0014981 seconds
2016-06-26T20:11:59.435+0300: 207.872: Total time for which application threads were stopped: 0.0009772 seconds, Stopping threads took: 0.0000586 seconds
2016-06-26T20:12:00.599+0300: 209.036: [Full GC (Ergonomics) [PSYoungGen: 791973K->52000K(802816K)] [ParOldGen: 3431243K->3495238K(3495424K)] 4223217K->3547238K(4298240K), [Metaspace: 8931K->8931K(1058816K)], 0.4090187 secs] [Times: user=1.27 sys=0.00, real=0.41 secs] 
2016-06-26T20:12:01.008+0300: 209.446: Total time for which application threads were stopped: 0.4164937 seconds, Stopping threads took: 0.0069678 seconds
2016-06-26T20:12:01.084+0300: 209.520: Total time for which application threads were stopped: 0.0044211 seconds, Stopping threads took: 0.0034229 seconds
2016-06-26T20:12:02.084+0300: 210.521: Total time for which application threads were stopped: 0.0062262 seconds, Stopping threads took: 0.0052028 seconds
2016-06-26T20:12:02.096+0300: 210.533: [Full GC (Ergonomics) [PSYoungGen: 792520K->296005K(802816K)] [ParOldGen: 3495238K->3495246K(3495424K)] 4287758K->3791251K(4298240K), [Metaspace: 8932K->8932K(1058816K)], 0.4319996 secs] [Times: user=1.24 sys=0.00, real=0.43 secs] 
2016-06-26T20:12:02.528+0300: 210.965: Total time for which application threads were stopped: 0.4348332 seconds, Stopping threads took: 0.0023470 seconds
2016-06-26T20:12:03.084+0300: 211.521: Total time for which application threads were stopped: 0.0057682 seconds, Stopping threads took: 0.0048218 seconds
2016-06-26T20:12:03.091+0300: 211.528: Total time for which application threads were stopped: 0.0004401 seconds, Stopping threads took: 0.0000718 seconds
2016-06-26T20:12:03.340+0300: 211.777: [Full GC (Ergonomics) [PSYoungGen: 792010K->328008K(802816K)] [ParOldGen: 3495246K->3495243K(3495424K)] 4287256K->3823252K(4298240K), [Metaspace: 8932K->8932K(1058816K)], 0.4399180 secs] [Times: user=1.34 sys=0.02, real=0.44 secs] 
2016-06-26T20:12:03.780+0300: 212.217: Total time for which application threads were stopped: 0.4419344 seconds, Stopping threads took: 0.0015224 seconds
2016-06-26T20:12:04.080+0300: 212.517: Total time for which application threads were stopped: 0.0016272 seconds, Stopping threads took: 0.0007292 seconds
2016-06-26T20:12:04.448+0300: 212.885: [Full GC (Ergonomics) [PSYoungGen: 792515K->92002K(802816K)] [ParOldGen: 3495243K->3495245K(3495424K)] 4287759K->3587248K(4298240K), [Metaspace: 8933K->8933K(1058816K)], 0.4042371 secs] [Times: user=1.34 sys=0.00, real=0.40 secs] 
2016-06-26T20:12:04.853+0300: 213.290: Total time for which application threads were stopped: 0.4091025 seconds, Stopping threads took: 0.0043125 seconds
2016-06-26T20:12:05.080+0300: 213.517: Total time for which application threads were stopped: 0.0011799 seconds, Stopping threads took: 0.0005705 seconds
2016-06-26T20:12:05.893+0300: 214.330: [Full GC (Ergonomics) [PSYoungGen: 792104K->0K(802816K)] [ParOldGen: 3495245K->3313269K(3495424K)] 4287350K->3313269K(4298240K), [Metaspace: 8933K->8933K(1058816K)], 0.3608405 secs] [Times: user=1.28 sys=0.00, real=0.36 secs] 
2016-06-26T20:12:06.254+0300: 214.691: Total time for which application threads were stopped: 0.3632931 seconds, Stopping threads took: 0.0019433 seconds
2016-06-26T20:12:06.353+0300: 214.790: Total time for which application threads were stopped: 0.0008570 seconds, Stopping threads took: 0.0002532 seconds
2016-06-26T20:12:07.081+0300: 215.518: Total time for which application threads were stopped: 0.0020904 seconds, Stopping threads took: 0.0011311 seconds
2016-06-26T20:12:07.452+0300: 215.889: [Full GC (Ergonomics) [PSYoungGen: 790653K->84000K(802816K)] [ParOldGen: 3313269K->3495282K(3495424K)] 4103923K->3579283K(4298240K), [Metaspace: 8933K->8933K(1058816K)], 0.3930398 secs] [Times: user=1.44 sys=0.00, real=0.39 secs] 
2016-06-26T20:12:07.845+0300: 216.282: Total time for which application threads were stopped: 0.3944361 seconds, Stopping threads took: 0.0008724 seconds
2016-06-26T20:12:08.388+0300: 216.825: Total time for which application threads were stopped: 0.0021216 seconds, Stopping threads took: 0.0012778 seconds
2016-06-26T20:12:08.952+0300: 217.389: [Full GC (Ergonomics) [PSYoungGen: 792259K->118001K(802816K)] [ParOldGen: 3495282K->3495295K(3495424K)] 4287542K->3613297K(4298240K), [Metaspace: 8933K->8933K(1058816K)], 0.3949972 secs] [Times: user=1.45 sys=0.00, real=0.40 secs] 
2016-06-26T20:12:09.348+0300: 217.785: Total time for which application threads were stopped: 0.3962973 seconds, Stopping threads took: 0.0008143 seconds
2016-06-26T20:12:10.083+0300: 218.520: Total time for which application threads were stopped: 0.0023551 seconds, Stopping threads took: 0.0014395 seconds
2016-06-26T20:12:10.413+0300: 218.850: [Full GC (Ergonomics) [PSYoungGen: 790943K->0K(802816K)] [ParOldGen: 3495295K->3403299K(3495424K)] 4286238K->3403299K(4298240K), [Metaspace: 8934K->8934K(1058816K)], 0.3876048 secs] [Times: user=1.20 sys=0.00, real=0.39 secs] 
2016-06-26T20:12:10.801+0300: 219.238: Total time for which application threads were stopped: 0.3890242 seconds, Stopping threads took: 0.0010306 seconds
2016-06-26T20:12:11.082+0300: 219.520: Total time for which application threads were stopped: 0.0021977 seconds, Stopping threads took: 0.0014523 seconds
2016-06-26T20:12:11.883+0300: 220.320: [Full GC (Ergonomics) [PSYoungGen: 791274K->0K(802816K)] [ParOldGen: 3403299K->3491308K(3495424K)] 4194573K->3491308K(4298240K), [Metaspace: 8934K->8934K(1058816K)], 0.3954753 secs] [Times: user=1.25 sys=0.00, real=0.40 secs] 
2016-06-26T20:12:12.279+0300: 220.716: Total time for which application threads were stopped: 0.3989581 seconds, Stopping threads took: 0.0029919 seconds
2016-06-26T20:12:12.281+0300: 220.718: Total time for which application threads were stopped: 0.0008344 seconds, Stopping threads took: 0.0000641 seconds
2016-06-26T20:12:13.084+0300: 221.522: Total time for which application threads were stopped: 0.0033323 seconds, Stopping threads took: 0.0024744 seconds
2016-06-26T20:12:13.424+0300: 221.861: [Full GC (Ergonomics) [PSYoungGen: 790773K->80000K(802816K)] [ParOldGen: 3491308K->3495283K(3495424K)] 4282082K->3575284K(4298240K), [Metaspace: 8934K->8934K(1058816K)], 0.4122351 secs] [Times: user=1.22 sys=0.00, real=0.41 secs] 
2016-06-26T20:12:13.836+0300: 222.273: Total time for which application threads were stopped: 0.4191019 seconds, Stopping threads took: 0.0063468 seconds
2016-06-26T20:12:14.084+0300: 222.521: Total time for which application threads were stopped: 0.0025569 seconds, Stopping threads took: 0.0011932 seconds
2016-06-26T20:12:14.085+0300: 222.522: Total time for which application threads were stopped: 0.0011932 seconds, Stopping threads took: 0.0000406 seconds
2016-06-26T20:12:14.087+0300: 222.524: Total time for which application threads were stopped: 0.0009973 seconds, Stopping threads took: 0.0000787 seconds
2016-06-26T20:12:14.094+0300: 222.531: Total time for which application threads were stopped: 0.0004452 seconds, Stopping threads took: 0.0000778 seconds
2016-06-26T20:12:14.894+0300: 223.331: [Full GC (Ergonomics) [PSYoungGen: 791670K->148012K(802816K)] [ParOldGen: 3495283K->3495281K(3495424K)] 4286954K->3643294K(4298240K), [Metaspace: 8934K->8934K(1058816K)], 0.4255454 secs] [Times: user=1.13 sys=0.00, real=0.42 secs] 
2016-06-26T20:12:15.319+0300: 223.756: Total time for which application threads were stopped: 0.4318174 seconds, Stopping threads took: 0.0057755 seconds
2016-06-26T20:12:15.444+0300: 223.881: Total time for which application threads were stopped: 0.0017739 seconds, Stopping threads took: 0.0007146 seconds
2016-06-26T20:12:16.338+0300: 224.775: [Full GC (Ergonomics) [PSYoungGen: 791902K->26000K(802816K)] [ParOldGen: 3495281K->3495305K(3495424K)] 4287183K->3521305K(4298240K), [Metaspace: 8934K->8934K(1058816K)], 0.3934162 secs] [Times: user=1.34 sys=0.00, real=0.39 secs] 
2016-06-26T20:12:16.731+0300: 225.169: Total time for which application threads were stopped: 0.3977261 seconds, Stopping threads took: 0.0037907 seconds
2016-06-26T20:12:17.821+0300: 226.258: Total time for which application threads were stopped: 0.0024714 seconds, Stopping threads took: 0.0021237 seconds
2016-06-26T20:12:17.822+0300: 226.259: Total time for which application threads were stopped: 0.0009143 seconds, Stopping threads took: 0.0000436 seconds
2016-06-26T20:12:18.145+0300: 226.582: [Full GC (Ergonomics) [PSYoungGen: 791176K->0K(802816K)] [ParOldGen: 3495305K->3281339K(3495424K)] 4286481K->3281339K(4298240K), [Metaspace: 8937K->8937K(1058816K)], 0.3583836 secs] [Times: user=1.30 sys=0.00, real=0.36 secs] 
2016-06-26T20:12:18.504+0300: 226.941: Total time for which application threads were stopped: 0.3596477 seconds, Stopping threads took: 0.0008664 seconds
2016-06-26T20:12:19.084+0300: 227.521: Total time for which application threads were stopped: 0.0015387 seconds, Stopping threads took: 0.0007672 seconds
2016-06-26T20:12:19.612+0300: 228.049: [Full GC (Ergonomics) [PSYoungGen: 790983K->26000K(802816K)] [ParOldGen: 3281339K->3495324K(3495424K)] 4072323K->3521324K(4298240K), [Metaspace: 8940K->8940K(1058816K)], 0.3927828 secs] [Times: user=1.42 sys=0.00, real=0.39 secs] 
2016-06-26T20:12:20.005+0300: 228.442: Total time for which application threads were stopped: 0.3942274 seconds, Stopping threads took: 0.0010956 seconds
2016-06-26T20:12:20.084+0300: 228.521: Total time for which application threads were stopped: 0.0009917 seconds, Stopping threads took: 0.0003349 seconds
2016-06-26T20:12:21.078+0300: 229.515: [Full GC (Ergonomics) [PSYoungGen: 791559K->0K(802816K)] [ParOldGen: 3495324K->3459331K(3495424K)] 4286883K->3459331K(4298240K), [Metaspace: 8940K->8940K(1058816K)], 0.3711876 secs] [Times: user=1.44 sys=0.00, real=0.37 secs] 
2016-06-26T20:12:21.449+0300: 229.886: Total time for which application threads were stopped: 0.3730932 seconds, Stopping threads took: 0.0013946 seconds
2016-06-26T20:12:21.452+0300: 229.889: Total time for which application threads were stopped: 0.0007048 seconds, Stopping threads took: 0.0000770 seconds
2016-06-26T20:12:22.454+0300: 230.891: Total time for which application threads were stopped: 0.0025394 seconds, Stopping threads took: 0.0022054 seconds
2016-06-26T20:12:22.614+0300: 231.051: [Full GC (Ergonomics) [PSYoungGen: 790839K->0K(802816K)] [ParOldGen: 3459331K->3483340K(3495424K)] 4250170K->3483340K(4298240K), [Metaspace: 8940K->8940K(1058816K)], 0.3930702 secs] [Times: user=1.30 sys=0.00, real=0.39 secs] 
2016-06-26T20:12:23.007+0300: 231.444: Total time for which application threads were stopped: 0.3957721 seconds, Stopping threads took: 0.0022105 seconds
2016-06-26T20:12:23.085+0300: 231.522: Total time for which application threads were stopped: 0.0014361 seconds, Stopping threads took: 0.0004413 seconds
2016-06-26T20:12:24.087+0300: 232.524: Total time for which application threads were stopped: 0.0032989 seconds, Stopping threads took: 0.0023859 seconds
2016-06-26T20:12:24.177+0300: 232.614: [Full GC (Ergonomics) [PSYoungGen: 791135K->12000K(802816K)] [ParOldGen: 3483340K->3495349K(3495424K)] 4274475K->3507349K(4298240K), [Metaspace: 8940K->8940K(1058816K)], 0.3994192 secs] [Times: user=1.27 sys=0.00, real=0.40 secs] 
2016-06-26T20:12:24.576+0300: 233.014: Total time for which application threads were stopped: 0.4032501 seconds, Stopping threads took: 0.0033177 seconds
2016-06-26T20:12:25.087+0300: 233.524: Total time for which application threads were stopped: 0.0030535 seconds, Stopping threads took: 0.0021485 seconds
2016-06-26T20:12:25.778+0300: 234.215: [Full GC (Ergonomics) [PSYoungGen: 792335K->178001K(802816K)] [ParOldGen: 3495349K->3495350K(3495424K)] 4287684K->3673352K(4298240K), [Metaspace: 8940K->8940K(1058816K)], 0.4204803 secs] [Times: user=1.23 sys=0.00, real=0.42 secs] 
2016-06-26T20:12:26.199+0300: 234.636: Total time for which application threads were stopped: 0.4230359 seconds, Stopping threads took: 0.0020215 seconds
2016-06-26T20:12:26.402+0300: 234.839: Total time for which application threads were stopped: 0.0022871 seconds, Stopping threads took: 0.0012654 seconds
2016-06-26T20:12:27.087+0300: 235.524: Total time for which application threads were stopped: 0.0031240 seconds, Stopping threads took: 0.0021652 seconds
2016-06-26T20:12:27.089+0300: 235.526: [Full GC (Ergonomics) [PSYoungGen: 792576K->86127K(802816K)] [ParOldGen: 3495350K->3495366K(3495424K)] 4287926K->3581494K(4298240K), [Metaspace: 8940K->8940K(1058816K)], 0.4133303 secs] [Times: user=1.33 sys=0.00, real=0.41 secs] 
2016-06-26T20:12:27.502+0300: 235.939: Total time for which application threads were stopped: 0.4138923 seconds, Stopping threads took: 0.0000573 seconds
2016-06-26T20:12:27.508+0300: 235.945: Total time for which application threads were stopped: 0.0004285 seconds, Stopping threads took: 0.0000629 seconds
2016-06-26T20:12:28.089+0300: 236.526: Total time for which application threads were stopped: 0.0045199 seconds, Stopping threads took: 0.0035341 seconds
2016-06-26T20:12:28.607+0300: 237.044: [Full GC (Ergonomics) [PSYoungGen: 791523K->0K(802816K)] [ParOldGen: 3495366K->3491366K(3495424K)] 4286890K->3491366K(4298240K), [Metaspace: 8940K->8940K(1058816K)], 0.4009284 secs] [Times: user=1.20 sys=0.00, real=0.40 secs] 
2016-06-26T20:12:29.008+0300: 237.445: Total time for which application threads were stopped: 0.4033630 seconds, Stopping threads took: 0.0019364 seconds
2016-06-26T20:12:29.087+0300: 237.524: Total time for which application threads were stopped: 0.0014810 seconds, Stopping threads took: 0.0005307 seconds
2016-06-26T20:12:30.087+0300: 238.524: Total time for which application threads were stopped: 0.0027849 seconds, Stopping threads took: 0.0018406 seconds
2016-06-26T20:12:30.173+0300: 238.611: [Full GC (Ergonomics) [PSYoungGen: 791968K->82000K(802816K)] [ParOldGen: 3491366K->3495385K(3495424K)] 4283335K->3577386K(4298240K), [Metaspace: 8940K->8940K(1058816K)], 0.3890182 secs] [Times: user=1.41 sys=0.00, real=0.39 secs] 
2016-06-26T20:12:30.563+0300: 239.000: Total time for which application threads were stopped: 0.3904628 seconds, Stopping threads took: 0.0009028 seconds
2016-06-26T20:12:31.389+0300: 239.826: Total time for which application threads were stopped: 0.0028477 seconds, Stopping threads took: 0.0019193 seconds
2016-06-26T20:12:31.773+0300: 240.210: [Full GC (Ergonomics) [PSYoungGen: 791070K->56020K(802816K)] [ParOldGen: 3495385K->3495406K(3495424K)] 4286455K->3551427K(4298240K), [Metaspace: 8940K->8940K(1058816K)], 0.3880675 secs] [Times: user=1.44 sys=0.00, real=0.39 secs] 
2016-06-26T20:12:32.161+0300: 240.598: Total time for which application threads were stopped: 0.3894856 seconds, Stopping threads took: 0.0008604 seconds
2016-06-26T20:12:33.162+0300: 241.599: [Full GC (Ergonomics) [PSYoungGen: 791243K->146002K(802816K)] [ParOldGen: 3495406K->3495401K(3495424K)] 4286650K->3641404K(4298240K), [Metaspace: 8940K->8940K(1058816K)], 0.4052806 secs] [Times: user=1.45 sys=0.03, real=0.40 secs] 
2016-06-26T20:12:33.567+0300: 242.004: Total time for which application threads were stopped: 0.4072948 seconds, Stopping threads took: 0.0014746 seconds
2016-06-26T20:12:33.571+0300: 242.008: Total time for which application threads were stopped: 0.0009353 seconds, Stopping threads took: 0.0000624 seconds
2016-06-26T20:12:34.451+0300: 242.888: [Full GC (Ergonomics) [PSYoungGen: 792576K->90002K(802816K)] [ParOldGen: 3495401K->3493431K(3495424K)] 4287977K->3583433K(4298240K), [Metaspace: 8940K->8940K(1058816K)], 0.4196622 secs] [Times: user=1.23 sys=0.00, real=0.42 secs] 
2016-06-26T20:12:34.870+0300: 243.307: Total time for which application threads were stopped: 0.4284620 seconds, Stopping threads took: 0.0082503 seconds
2016-06-26T20:12:35.764+0300: 244.201: Total time for which application threads were stopped: 0.0071333 seconds, Stopping threads took: 0.0062549 seconds
2016-06-26T20:12:36.112+0300: 244.549: [Full GC (Ergonomics) [PSYoungGen: 792576K->0K(802816K)] [ParOldGen: 3493431K->3281605K(3495424K)] 4286007K->3281605K(4298240K), [Metaspace: 8940K->8940K(1058816K)], 0.3817656 secs] [Times: user=1.05 sys=0.00, real=0.38 secs] 
2016-06-26T20:12:36.494+0300: 244.931: Total time for which application threads were stopped: 0.3896939 seconds, Stopping threads took: 0.0075105 seconds
2016-06-26T20:12:37.090+0300: 245.527: Total time for which application threads were stopped: 0.0028469 seconds, Stopping threads took: 0.0019347 seconds
2016-06-26T20:12:37.624+0300: 246.061: [Full GC (Ergonomics) [PSYoungGen: 792192K->0K(802816K)] [ParOldGen: 3281605K->3433445K(3495424K)] 4073798K->3433445K(4298240K), [Metaspace: 8940K->8940K(1058816K)], 0.3953526 secs] [Times: user=1.24 sys=0.00, real=0.39 secs] 
2016-06-26T20:12:38.019+0300: 246.456: Total time for which application threads were stopped: 0.3993392 seconds, Stopping threads took: 0.0034815 seconds
2016-06-26T20:12:38.090+0300: 246.527: Total time for which application threads were stopped: 0.0031873 seconds, Stopping threads took: 0.0024154 seconds
2016-06-26T20:12:39.096+0300: 247.533: Total time for which application threads were stopped: 0.0087673 seconds, Stopping threads took: 0.0078026 seconds
2016-06-26T20:12:39.174+0300: 247.611: [Full GC (Ergonomics) [PSYoungGen: 791291K->24000K(802816K)] [ParOldGen: 3433445K->3493454K(3495424K)] 4224737K->3517454K(4298240K), [Metaspace: 8940K->8940K(1058816K)], 0.4275049 secs] [Times: user=1.14 sys=0.00, real=0.43 secs] 
2016-06-26T20:12:39.601+0300: 248.038: Total time for which application threads were stopped: 0.4306576 seconds, Stopping threads took: 0.0026271 seconds
2016-06-26T20:12:40.092+0300: 248.529: Total time for which application threads were stopped: 0.0042458 seconds, Stopping threads took: 0.0032309 seconds
2016-06-26T20:12:40.099+0300: 248.536: Total time for which application threads were stopped: 0.0005187 seconds, Stopping threads took: 0.0001694 seconds
2016-06-26T20:12:40.749+0300: 249.186: [Full GC (Ergonomics) [PSYoungGen: 792306K->58000K(802816K)] [ParOldGen: 3493454K->3493454K(3495424K)] 4285760K->3551455K(4298240K), [Metaspace: 8940K->8940K(1058816K)], 0.4099600 secs] [Times: user=1.31 sys=0.00, real=0.41 secs] 
2016-06-26T20:12:41.159+0300: 249.596: Total time for which application threads were stopped: 0.4164146 seconds, Stopping threads took: 0.0058473 seconds
2016-06-26T20:12:41.421+0300: 249.858: Total time for which application threads were stopped: 0.0072479 seconds, Stopping threads took: 0.0062450 seconds
2016-06-26T20:12:42.096+0300: 250.533: Total time for which application threads were stopped: 0.0055403 seconds, Stopping threads took: 0.0044895 seconds
2016-06-26T20:12:42.226+0300: 250.663: [Full GC (Ergonomics) [PSYoungGen: 791559K->144002K(802816K)] [ParOldGen: 3493454K->3493471K(3495424K)] 4285014K->3637474K(4298240K), [Metaspace: 8940K->8940K(1058816K)], 0.4150204 secs] [Times: user=1.22 sys=0.00, real=0.41 secs] 
2016-06-26T20:12:42.641+0300: 251.078: Total time for which application threads were stopped: 0.4169996 seconds, Stopping threads took: 0.0014438 seconds
2016-06-26T20:12:43.090+0300: 251.527: Total time for which application threads were stopped: 0.0020087 seconds, Stopping threads took: 0.0010187 seconds
2016-06-26T20:12:43.671+0300: 252.108: [Full GC (Ergonomics) [PSYoungGen: 792263K->86000K(802816K)] [ParOldGen: 3493471K->3493481K(3495424K)] 4285734K->3579482K(4298240K), [Metaspace: 8941K->8941K(1058816K)], 0.4096294 secs] [Times: user=1.34 sys=0.00, real=0.41 secs] 
2016-06-26T20:12:44.081+0300: 252.518: Total time for which application threads were stopped: 0.4123848 seconds, Stopping threads took: 0.0022341 seconds
2016-06-26T20:12:44.089+0300: 252.527: Total time for which application threads were stopped: 0.0010140 seconds, Stopping threads took: 0.0000706 seconds
2016-06-26T20:12:45.093+0300: 253.530: Total time for which application threads were stopped: 0.0019591 seconds, Stopping threads took: 0.0016345 seconds
2016-06-26T20:12:45.095+0300: 253.532: Total time for which application threads were stopped: 0.0010225 seconds, Stopping threads took: 0.0000646 seconds
2016-06-26T20:12:45.119+0300: 253.556: [Full GC (Ergonomics) [PSYoungGen: 791764K->176003K(802816K)] [ParOldGen: 3493481K->3493489K(3495424K)] 4285246K->3669492K(4298240K), [Metaspace: 8941K->8941K(1058816K)], 0.4004220 secs] [Times: user=1.42 sys=0.00, real=0.40 secs] 
2016-06-26T20:12:45.519+0300: 253.957: Total time for which application threads were stopped: 0.4010233 seconds, Stopping threads took: 0.0000808 seconds
2016-06-26T20:12:46.376+0300: 254.813: Total time for which application threads were stopped: 0.0031120 seconds, Stopping threads took: 0.0021421 seconds
2016-06-26T20:12:46.592+0300: 255.029: [Full GC (Ergonomics) [PSYoungGen: 792302K->0K(802816K)] [ParOldGen: 3493489K->3341501K(3495424K)] 4285791K->3341501K(4298240K), [Metaspace: 8941K->8941K(1058816K)], 0.3831893 secs] [Times: user=1.22 sys=0.00, real=0.38 secs] 
2016-06-26T20:12:46.975+0300: 255.413: Total time for which application threads were stopped: 0.3840313 seconds, Stopping threads took: 0.0004717 seconds
2016-06-26T20:12:47.110+0300: 255.547: Total time for which application threads were stopped: 0.0016349 seconds, Stopping threads took: 0.0010033 seconds
2016-06-26T20:12:48.032+0300: 256.469: [Full GC (Ergonomics) [PSYoungGen: 790639K->144003K(802816K)] [ParOldGen: 3341501K->3493506K(3495424K)] 4132141K->3637509K(4298240K), [Metaspace: 8942K->8942K(1058816K)], 0.4052648 secs] [Times: user=1.38 sys=0.00, real=0.40 secs] 
2016-06-26T20:12:48.437+0300: 256.874: Total time for which application threads were stopped: 0.4069707 seconds, Stopping threads took: 0.0011820 seconds
2016-06-26T20:12:48.440+0300: 256.877: Total time for which application threads were stopped: 0.0010850 seconds, Stopping threads took: 0.0000911 seconds
2016-06-26T20:12:49.093+0300: 257.530: Total time for which application threads were stopped: 0.0029649 seconds, Stopping threads took: 0.0019061 seconds
2016-06-26T20:12:49.319+0300: 257.756: [Full GC (Ergonomics) [PSYoungGen: 790986K->26000K(802816K)] [ParOldGen: 3493506K->3493515K(3495424K)] 4284493K->3519516K(4298240K), [Metaspace: 8942K->8942K(1058816K)], 0.4019055 secs] [Times: user=1.27 sys=0.00, real=0.40 secs] 
2016-06-26T20:12:49.721+0300: 258.158: Total time for which application threads were stopped: 0.4040417 seconds, Stopping threads took: 0.0015408 seconds
2016-06-26T20:12:50.093+0300: 258.530: Total time for which application threads were stopped: 0.0021879 seconds, Stopping threads took: 0.0012706 seconds
2016-06-26T20:12:50.100+0300: 258.537: Total time for which application threads were stopped: 0.0004426 seconds, Stopping threads took: 0.0000736 seconds
2016-06-26T20:12:50.895+0300: 259.332: [Full GC (Ergonomics) [PSYoungGen: 792431K->0K(802816K)] [ParOldGen: 3493515K->3431524K(3495424K)] 4285946K->3431524K(4298240K), [Metaspace: 8946K->8946K(1058816K)], 0.4072893 secs] [Times: user=1.27 sys=0.00, real=0.41 secs] 
2016-06-26T20:12:51.303+0300: 259.739: Total time for which application threads were stopped: 0.4107186 seconds, Stopping threads took: 0.0029354 seconds
2016-06-26T20:12:51.404+0300: 259.841: Total time for which application threads were stopped: 0.0042316 seconds, Stopping threads took: 0.0033254 seconds
2016-06-26T20:12:52.095+0300: 260.532: Total time for which application threads were stopped: 0.0039340 seconds, Stopping threads took: 0.0028640 seconds
2016-06-26T20:12:52.517+0300: 260.954: [Full GC (Ergonomics) [PSYoungGen: 791395K->84000K(802816K)] [ParOldGen: 3431524K->3493534K(3495424K)] 4222920K->3577535K(4298240K), [Metaspace: 8946K->8946K(1058816K)], 0.4196010 secs] [Times: user=1.41 sys=0.00, real=0.42 secs] 
2016-06-26T20:12:52.937+0300: 261.374: Total time for which application threads were stopped: 0.4225018 seconds, Stopping threads took: 0.0023641 seconds
2016-06-26T20:12:53.454+0300: 261.891: Total time for which application threads were stopped: 0.0016892 seconds, Stopping threads took: 0.0008031 seconds
2016-06-26T20:12:54.036+0300: 262.473: [Full GC (Ergonomics) [PSYoungGen: 790674K->26000K(802816K)] [ParOldGen: 3493534K->3493547K(3495424K)] 4284209K->3519547K(4298240K), [Metaspace: 8946K->8946K(1058816K)], 0.3874983 secs] [Times: user=1.28 sys=0.00, real=0.39 secs] 
2016-06-26T20:12:54.424+0300: 262.861: Total time for which application threads were stopped: 0.3890323 seconds, Stopping threads took: 0.0011671 seconds
2016-06-26T20:12:55.095+0300: 263.532: Total time for which application threads were stopped: 0.0020066 seconds, Stopping threads took: 0.0012141 seconds
2016-06-26T20:12:55.595+0300: 264.032: [Full GC (Ergonomics) [PSYoungGen: 791970K->0K(802816K)] [ParOldGen: 3493547K->3313549K(3495424K)] 4285517K->3313549K(4298240K), [Metaspace: 8946K->8946K(1058816K)], 0.3548935 secs] [Times: user=1.38 sys=0.00, real=0.36 secs] 
2016-06-26T20:12:55.950+0300: 264.387: Total time for which application threads were stopped: 0.3563544 seconds, Stopping threads took: 0.0010555 seconds
2016-06-26T20:12:56.110+0300: 264.547: Total time for which application threads were stopped: 0.0015122 seconds, Stopping threads took: 0.0006124 seconds
2016-06-26T20:12:57.055+0300: 265.492: [Full GC (Ergonomics) [PSYoungGen: 792514K->146002K(802816K)] [ParOldGen: 3313549K->3493560K(3495424K)] 4106063K->3639563K(4298240K), [Metaspace: 8946K->8946K(1058816K)], 0.3886825 secs] [Times: user=1.47 sys=0.00, real=0.39 secs] 
2016-06-26T20:12:57.443+0300: 265.880: Total time for which application threads were stopped: 0.3904705 seconds, Stopping threads took: 0.0012889 seconds
2016-06-26T20:12:57.449+0300: 265.886: Total time for which application threads were stopped: 0.0042984 seconds, Stopping threads took: 0.0033049 seconds
2016-06-26T20:12:58.436+0300: 266.873: [Full GC (Ergonomics) [PSYoungGen: 792414K->176003K(802816K)] [ParOldGen: 3493560K->3493569K(3495424K)] 4285974K->3669572K(4298240K), [Metaspace: 8946K->8946K(1058816K)], 0.4232241 secs] [Times: user=1.42 sys=0.00, real=0.42 secs] 
2016-06-26T20:12:58.859+0300: 267.296: Total time for which application threads were stopped: 0.4313363 seconds, Stopping threads took: 0.0076122 seconds
2016-06-26T20:12:59.096+0300: 267.532: Total time for which application threads were stopped: 0.0016212 seconds, Stopping threads took: 0.0006723 seconds
2016-06-26T20:12:59.737+0300: 268.174: [Full GC (Ergonomics) [PSYoungGen: 791232K->236006K(802816K)] [ParOldGen: 3493569K->3493575K(3495424K)] 4284802K->3729582K(4298240K), [Metaspace: 8946K->8946K(1058816K)], 0.4220126 secs] [Times: user=1.31 sys=0.00, real=0.42 secs] 
2016-06-26T20:13:00.159+0300: 268.596: Total time for which application threads were stopped: 0.4275477 seconds, Stopping threads took: 0.0050266 seconds
2016-06-26T20:13:00.445+0300: 268.882: Total time for which application threads were stopped: 0.0066192 seconds, Stopping threads took: 0.0051691 seconds
2016-06-26T20:13:00.446+0300: 268.883: Total time for which application threads were stopped: 0.0011782 seconds, Stopping threads took: 0.0000334 seconds
2016-06-26T20:13:00.447+0300: 268.884: Total time for which application threads were stopped: 0.0011196 seconds, Stopping threads took: 0.0001959 seconds
2016-06-26T20:13:01.015+0300: 269.452: [Full GC (Ergonomics) [PSYoungGen: 791057K->88002K(802816K)] [ParOldGen: 3493575K->3493586K(3495424K)] 4284633K->3581588K(4298240K), [Metaspace: 8948K->8948K(1058816K)], 0.4124502 secs] [Times: user=1.20 sys=0.00, real=0.41 secs] 
2016-06-26T20:13:01.428+0300: 269.865: Total time for which application threads were stopped: 0.4146364 seconds, Stopping threads took: 0.0016401 seconds
2016-06-26T20:13:01.497+0300: 269.934: Total time for which application threads were stopped: 0.0029598 seconds, Stopping threads took: 0.0021900 seconds
2016-06-26T20:13:02.099+0300: 270.536: Total time for which application threads were stopped: 0.0048889 seconds, Stopping threads took: 0.0037967 seconds
2016-06-26T20:13:02.106+0300: 270.543: Total time for which application threads were stopped: 0.0004375 seconds, Stopping threads took: 0.0000731 seconds
2016-06-26T20:13:02.501+0300: 270.938: [Full GC (Ergonomics) [PSYoungGen: 792193K->0K(802816K)] [ParOldGen: 3493586K->3401594K(3495424K)] 4285780K->3401594K(4298240K), [Metaspace: 8948K->8948K(1058816K)], 0.4013693 secs] [Times: user=1.03 sys=0.00, real=0.40 secs] 
2016-06-26T20:13:02.902+0300: 271.339: Total time for which application threads were stopped: 0.4051972 seconds, Stopping threads took: 0.0033019 seconds
2016-06-26T20:13:03.098+0300: 271.535: Total time for which application threads were stopped: 0.0036295 seconds, Stopping threads took: 0.0026048 seconds
2016-06-26T20:13:04.089+0300: 272.526: [Full GC (Ergonomics) [PSYoungGen: 792067K->146002K(802816K)] [ParOldGen: 3401594K->3493604K(3495424K)] 4193662K->3639607K(4298240K), [Metaspace: 8948K->8948K(1058816K)], 0.4091517 secs] [Times: user=1.48 sys=0.00, real=0.41 secs] 
2016-06-26T20:13:04.498+0300: 272.935: Total time for which application threads were stopped: 0.4113379 seconds, Stopping threads took: 0.0016880 seconds
2016-06-26T20:13:04.500+0300: 272.937: Total time for which application threads were stopped: 0.0007629 seconds, Stopping threads took: 0.0000663 seconds
2016-06-26T20:13:05.097+0300: 273.534: Total time for which application threads were stopped: 0.0021695 seconds, Stopping threads took: 0.0012770 seconds
2016-06-26T20:13:05.485+0300: 273.922: [Full GC (Ergonomics) [PSYoungGen: 790939K->266006K(802816K)] [ParOldGen: 3493604K->3493611K(3495424K)] 4284544K->3759618K(4298240K), [Metaspace: 8948K->8948K(1058816K)], 0.4212009 secs] [Times: user=1.39 sys=0.00, real=0.42 secs] 
2016-06-26T20:13:05.906+0300: 274.343: Total time for which application threads were stopped: 0.4226506 seconds, Stopping threads took: 0.0010332 seconds
2016-06-26T20:13:06.097+0300: 274.534: Total time for which application threads were stopped: 0.0012723 seconds, Stopping threads took: 0.0005149 seconds
2016-06-26T20:13:06.673+0300: 275.110: [Full GC (Ergonomics) [PSYoungGen: 791001K->182010K(802816K)] [ParOldGen: 3493611K->3493614K(3495424K)] 4284613K->3675625K(4298240K), [Metaspace: 8948K->8948K(1058816K)], 0.3987995 secs] [Times: user=1.50 sys=0.00, real=0.40 secs] 
2016-06-26T20:13:07.072+0300: 275.509: Total time for which application threads were stopped: 0.4007128 seconds, Stopping threads took: 0.0013591 seconds
2016-06-26T20:13:07.096+0300: 275.533: Total time for which application threads were stopped: 0.0009434 seconds, Stopping threads took: 0.0000620 seconds
2016-06-26T20:13:08.006+0300: 276.443: [Full GC (Ergonomics) [PSYoungGen: 791048K->0K(802816K)] [ParOldGen: 3493614K->3489630K(3495424K)] 4284663K->3489630K(4298240K), [Metaspace: 8948K->8948K(1058816K)], 0.3742137 secs] [Times: user=1.41 sys=0.00, real=0.38 secs] 
2016-06-26T20:13:08.381+0300: 276.818: Total time for which application threads were stopped: 0.3758901 seconds, Stopping threads took: 0.0010666 seconds
2016-06-26T20:13:08.383+0300: 276.820: Total time for which application threads were stopped: 0.0006466 seconds, Stopping threads took: 0.0000569 seconds
2016-06-26T20:13:09.100+0300: 277.537: Total time for which application threads were stopped: 0.0033126 seconds, Stopping threads took: 0.0023187 seconds
2016-06-26T20:13:09.574+0300: 278.011: [Full GC (Ergonomics) [PSYoungGen: 792446K->0K(802816K)] [ParOldGen: 3489630K->3397637K(3495424K)] 4282076K->3397637K(4298240K), [Metaspace: 8948K->8948K(1058816K)], 0.3837106 secs] [Times: user=1.25 sys=0.00, real=0.39 secs] 
2016-06-26T20:13:09.962+0300: 278.399: Total time for which application threads were stopped: 0.3903897 seconds, Stopping threads took: 0.0013796 seconds
2016-06-26T20:13:10.098+0300: 278.535: Total time for which application threads were stopped: 0.0015524 seconds, Stopping threads took: 0.0006577 seconds
2016-06-26T20:13:11.100+0300: 279.537: Total time for which application threads were stopped: 0.0036368 seconds, Stopping threads took: 0.0027284 seconds
2016-06-26T20:13:11.147+0300: 279.584: [Full GC (Ergonomics) [PSYoungGen: 791444K->80000K(802816K)] [ParOldGen: 3397637K->3493649K(3495424K)] 4189082K->3573650K(4298240K), [Metaspace: 8948K->8948K(1058816K)], 0.3959629 secs] [Times: user=1.33 sys=0.00, real=0.40 secs] 
2016-06-26T20:13:11.543+0300: 279.980: Total time for which application threads were stopped: 0.3972886 seconds, Stopping threads took: 0.0007899 seconds
2016-06-26T20:13:12.100+0300: 280.537: Total time for which application threads were stopped: 0.0029628 seconds, Stopping threads took: 0.0020519 seconds
2016-06-26T20:13:12.106+0300: 280.543: Total time for which application threads were stopped: 0.0004679 seconds, Stopping threads took: 0.0000680 seconds
2016-06-26T20:13:12.625+0300: 281.062: [Full GC (Ergonomics) [PSYoungGen: 792203K->238003K(802816K)] [ParOldGen: 3493649K->3493649K(3495424K)] 4285853K->3731652K(4298240K), [Metaspace: 8948K->8948K(1058816K)], 0.4262143 secs] [Times: user=1.30 sys=0.00, real=0.43 secs] 
2016-06-26T20:13:13.051+0300: 281.488: Total time for which application threads were stopped: 0.4320342 seconds, Stopping threads took: 0.0052922 seconds
2016-06-26T20:13:13.099+0300: 281.536: Total time for which application threads were stopped: 0.0016559 seconds, Stopping threads took: 0.0007287 seconds
2016-06-26T20:13:13.863+0300: 282.300: [Full GC (Ergonomics) [PSYoungGen: 790872K->88002K(802816K)] [ParOldGen: 3493649K->3493664K(3495424K)] 4284521K->3581666K(4298240K), [Metaspace: 8948K->8948K(1058816K)], 0.4431626 secs] [Times: user=1.22 sys=0.00, real=0.44 secs] 
2016-06-26T20:13:14.306+0300: 282.743: Total time for which application threads were stopped: 0.4503096 seconds, Stopping threads took: 0.0066150 seconds
2016-06-26T20:13:14.307+0300: 282.744: Total time for which application threads were stopped: 0.0010995 seconds, Stopping threads took: 0.0001971 seconds
2016-06-26T20:13:14.450+0300: 282.887: Total time for which application threads were stopped: 0.0015806 seconds, Stopping threads took: 0.0007480 seconds
2016-06-26T20:13:15.101+0300: 283.538: Total time for which application threads were stopped: 0.0035713 seconds, Stopping threads took: 0.0026142 seconds
2016-06-26T20:13:15.359+0300: 283.796: [Full GC (Ergonomics) [PSYoungGen: 791484K->26000K(802816K)] [ParOldGen: 3493664K->3493673K(3495424K)] 4285149K->3519673K(4298240K), [Metaspace: 8948K->8948K(1058816K)], 0.3940709 secs] [Times: user=1.31 sys=0.00, real=0.39 secs] 
2016-06-26T20:13:15.753+0300: 284.190: Total time for which application threads were stopped: 0.3969730 seconds, Stopping threads took: 0.0023530 seconds
2016-06-26T20:13:16.099+0300: 284.536: Total time for which application threads were stopped: 0.0016589 seconds, Stopping threads took: 0.0007599 seconds
2016-06-26T20:13:16.915+0300: 285.352: [Full GC (Ergonomics) [PSYoungGen: 790974K->58001K(802816K)] [ParOldGen: 3493673K->3493681K(3495424K)] 4284647K->3551682K(4298240K), [Metaspace: 8948K->8948K(1058816K)], 0.3921302 secs] [Times: user=1.27 sys=0.00, real=0.39 secs] 
2016-06-26T20:13:17.307+0300: 285.744: Total time for which application threads were stopped: 0.3949840 seconds, Stopping threads took: 0.0023290 seconds
2016-06-26T20:13:17.407+0300: 285.843: Total time for which application threads were stopped: 0.0010405 seconds, Stopping threads took: 0.0003297 seconds
2016-06-26T20:13:18.396+0300: 286.833: [Full GC (Ergonomics) [PSYoungGen: 791709K->86000K(802816K)] [ParOldGen: 3493681K->3493691K(3495424K)] 4285391K->3579692K(4298240K), [Metaspace: 8948K->8948K(1058816K)], 0.3866280 secs] [Times: user=1.45 sys=0.00, real=0.39 secs] 
2016-06-26T20:13:18.783+0300: 287.220: Total time for which application threads were stopped: 0.3890691 seconds, Stopping threads took: 0.0019193 seconds
2016-06-26T20:13:19.099+0300: 287.537: Total time for which application threads were stopped: 0.0013317 seconds, Stopping threads took: 0.0005688 seconds
2016-06-26T20:13:19.811+0300: 288.248: [Full GC (Ergonomics) [PSYoungGen: 791420K->26000K(802816K)] [ParOldGen: 3493691K->3493699K(3495424K)] 4285111K->3519699K(4298240K), [Metaspace: 8948K->8948K(1058816K)], 0.3829797 secs] [Times: user=1.38 sys=0.00, real=0.38 secs] 
2016-06-26T20:13:20.194+0300: 288.631: Total time for which application threads were stopped: 0.3845971 seconds, Stopping threads took: 0.0010986 seconds
2016-06-26T20:13:20.373+0300: 288.810: Total time for which application threads were stopped: 0.0009541 seconds, Stopping threads took: 0.0003301 seconds
2016-06-26T20:13:21.102+0300: 289.539: Total time for which application threads were stopped: 0.0033614 seconds, Stopping threads took: 0.0020373 seconds
2016-06-26T20:13:21.103+0300: 289.540: Total time for which application threads were stopped: 0.0011816 seconds, Stopping threads took: 0.0000449 seconds
2016-06-26T20:13:21.104+0300: 289.541: Total time for which application threads were stopped: 0.0009199 seconds, Stopping threads took: 0.0000522 seconds
2016-06-26T20:13:21.367+0300: 289.805: [Full GC (Ergonomics) [PSYoungGen: 791603K->176001K(802816K)] [ParOldGen: 3493699K->3493709K(3495424K)] 4285302K->3669711K(4298240K), [Metaspace: 8949K->8949K(1058816K)], 0.4180709 secs] [Times: user=1.31 sys=0.00, real=0.42 secs] 
2016-06-26T20:13:21.786+0300: 290.223: Total time for which application threads were stopped: 0.4190592 seconds, Stopping threads took: 0.0004798 seconds
2016-06-26T20:13:22.103+0300: 290.539: Total time for which application threads were stopped: 0.0032249 seconds, Stopping threads took: 0.0022187 seconds
2016-06-26T20:13:22.708+0300: 291.145: [Full GC (Ergonomics) [PSYoungGen: 792336K->32000K(802816K)] [ParOldGen: 3493709K->3493708K(3495424K)] 4286045K->3525708K(4298240K), [Metaspace: 8949K->8949K(1058816K)], 0.3905278 secs] [Times: user=1.27 sys=0.00, real=0.39 secs] 
2016-06-26T20:13:23.098+0300: 291.535: Total time for which application threads were stopped: 0.3929133 seconds, Stopping threads took: 0.0018641 seconds
2016-06-26T20:13:23.389+0300: 291.826: Total time for which application threads were stopped: 0.0017051 seconds, Stopping threads took: 0.0009823 seconds
2016-06-26T20:13:23.396+0300: 291.833: Total time for which application threads were stopped: 0.0004610 seconds, Stopping threads took: 0.0000817 seconds
2016-06-26T20:13:24.101+0300: 292.538: Total time for which application threads were stopped: 0.0023021 seconds, Stopping threads took: 0.0013608 seconds
2016-06-26T20:13:24.215+0300: 292.651: [Full GC (Ergonomics) [PSYoungGen: 790641K->24000K(802816K)] [ParOldGen: 3493708K->3493726K(3495424K)] 4284350K->3517726K(4298240K), [Metaspace: 8949K->8949K(1058816K)], 0.4036944 secs] [Times: user=1.34 sys=0.00, real=0.40 secs] 
2016-06-26T20:13:24.618+0300: 293.055: Total time for which application threads were stopped: 0.4059097 seconds, Stopping threads took: 0.0016841 seconds
2016-06-26T20:13:25.102+0300: 293.539: Total time for which application threads were stopped: 0.0020241 seconds, Stopping threads took: 0.0011153 seconds
2016-06-26T20:13:25.793+0300: 294.230: [Full GC (Ergonomics) [PSYoungGen: 791856K->86000K(802816K)] [ParOldGen: 3493726K->3493735K(3495424K)] 4285582K->3579736K(4298240K), [Metaspace: 8949K->8949K(1058816K)], 0.4223581 secs] [Times: user=1.24 sys=0.00, real=0.42 secs] 
2016-06-26T20:13:26.215+0300: 294.652: Total time for which application threads were stopped: 0.4256746 seconds, Stopping threads took: 0.0027793 seconds
2016-06-26T20:13:26.418+0300: 294.855: Total time for which application threads were stopped: 0.0020314 seconds, Stopping threads took: 0.0012757 seconds
2016-06-26T20:13:27.103+0300: 295.540: Total time for which application threads were stopped: 0.0029748 seconds, Stopping threads took: 0.0019933 seconds
2016-06-26T20:13:27.263+0300: 295.699: [Full GC (Ergonomics) [PSYoungGen: 792327K->116001K(802816K)] [ParOldGen: 3493735K->3493743K(3495424K)] 4286063K->3609745K(4298240K), [Metaspace: 8949K->8949K(1058816K)], 0.4292669 secs] [Times: user=1.38 sys=0.00, real=0.43 secs] 
2016-06-26T20:13:27.692+0300: 296.129: Total time for which application threads were stopped: 0.4319816 seconds, Stopping threads took: 0.0021964 seconds
2016-06-26T20:13:28.451+0300: 296.887: Total time for which application threads were stopped: 0.0036389 seconds, Stopping threads took: 0.0026356 seconds
2016-06-26T20:13:28.817+0300: 297.254: [Full GC (Ergonomics) [PSYoungGen: 790701K->26000K(802816K)] [ParOldGen: 3493743K->3493740K(3495424K)] 4284445K->3519740K(4298240K), [Metaspace: 8949K->8949K(1058816K)], 0.3949091 secs] [Times: user=1.28 sys=0.00, real=0.39 secs] 
2016-06-26T20:13:29.212+0300: 297.649: Total time for which application threads were stopped: 0.3960236 seconds, Stopping threads took: 0.0007082 seconds
2016-06-26T20:13:30.293+0300: 298.730: [Full GC (Ergonomics) [PSYoungGen: 790794K->146001K(802816K)] [ParOldGen: 3493740K->3493744K(3495424K)] 4284534K->3639746K(4298240K), [Metaspace: 8949K->8949K(1058816K)], 0.4089631 secs] [Times: user=1.53 sys=0.02, real=0.41 secs] 
2016-06-26T20:13:30.703+0300: 299.140: Total time for which application threads were stopped: 0.4121534 seconds, Stopping threads took: 0.0019732 seconds
2016-06-26T20:13:30.707+0300: 299.144: Total time for which application threads were stopped: 0.0008976 seconds, Stopping threads took: 0.0000539 seconds
2016-06-26T20:13:31.103+0300: 299.540: Total time for which application threads were stopped: 0.0021682 seconds, Stopping threads took: 0.0013116 seconds
2016-06-26T20:13:31.559+0300: 299.996: [Full GC (Ergonomics) [PSYoungGen: 791177K->0K(802816K)] [ParOldGen: 3493744K->3369768K(3495424K)] 4284922K->3369768K(4298240K), [Metaspace: 8949K->8949K(1058816K)], 0.3641022 secs] [Times: user=1.41 sys=0.00, real=0.37 secs] 
2016-06-26T20:13:31.924+0300: 300.361: Total time for which application threads were stopped: 0.3660130 seconds, Stopping threads took: 0.0013792 seconds
2016-06-26T20:13:31.924+0300: 300.361: Total time for which application threads were stopped: 0.0003969 seconds, Stopping threads took: 0.0001403 seconds
2016-06-26T20:13:32.103+0300: 300.540: Total time for which application threads were stopped: 0.0013882 seconds, Stopping threads took: 0.0005333 seconds
2016-06-26T20:13:33.105+0300: 301.542: Total time for which application threads were stopped: 0.0036265 seconds, Stopping threads took: 0.0026805 seconds
2016-06-26T20:13:33.143+0300: 301.580: [Full GC (Ergonomics) [PSYoungGen: 791112K->82000K(802816K)] [ParOldGen: 3369768K->3493779K(3495424K)] 4160881K->3575780K(4298240K), [Metaspace: 8949K->8949K(1058816K)], 0.4046532 secs] [Times: user=1.31 sys=0.00, real=0.41 secs] 
2016-06-26T20:13:33.548+0300: 301.985: Total time for which application threads were stopped: 0.4057822 seconds, Stopping threads took: 0.0006137 seconds
2016-06-26T20:13:34.104+0300: 302.541: Total time for which application threads were stopped: 0.0024701 seconds, Stopping threads took: 0.0013116 seconds
2016-06-26T20:13:34.111+0300: 302.547: Total time for which application threads were stopped: 0.0004460 seconds, Stopping threads took: 0.0000791 seconds
2016-06-26T20:13:34.639+0300: 303.076: [Full GC (Ergonomics) [PSYoungGen: 792015K->178001K(802816K)] [ParOldGen: 3493779K->3493780K(3495424K)] 4285795K->3671781K(4298240K), [Metaspace: 8951K->8951K(1058816K)], 0.4084110 secs] [Times: user=1.36 sys=0.00, real=0.41 secs] 
2016-06-26T20:13:35.047+0300: 303.484: Total time for which application threads were stopped: 0.4119212 seconds, Stopping threads took: 0.0029842 seconds
2016-06-26T20:13:35.103+0300: 303.540: Total time for which application threads were stopped: 0.0014882 seconds, Stopping threads took: 0.0005115 seconds
2016-06-26T20:13:35.930+0300: 304.367: [Full GC (Ergonomics) [PSYoungGen: 791629K->178004K(802816K)] [ParOldGen: 3493780K->3493795K(3495424K)] 4285409K->3671799K(4298240K), [Metaspace: 8951K->8951K(1058816K)], 0.4273796 secs] [Times: user=1.33 sys=0.00, real=0.43 secs] 
2016-06-26T20:13:36.357+0300: 304.794: Total time for which application threads were stopped: 0.4349072 seconds, Stopping threads took: 0.0069947 seconds
2016-06-26T20:13:36.425+0300: 304.862: Total time for which application threads were stopped: 0.0014835 seconds, Stopping threads took: 0.0005431 seconds
2016-06-26T20:13:37.109+0300: 305.546: Total time for which application threads were stopped: 0.0068288 seconds, Stopping threads took: 0.0058080 seconds
2016-06-26T20:13:37.308+0300: 305.745: [Full GC (Ergonomics) [PSYoungGen: 791123K->176004K(802816K)] [ParOldGen: 3493795K->3493804K(3495424K)] 4284918K->3669808K(4298240K), [Metaspace: 8951K->8951K(1058816K)], 0.4250335 secs] [Times: user=1.28 sys=0.00, real=0.43 secs] 
2016-06-26T20:13:37.734+0300: 306.171: Total time for which application threads were stopped: 0.4292724 seconds, Stopping threads took: 0.0036915 seconds
2016-06-26T20:13:38.107+0300: 306.544: Total time for which application threads were stopped: 0.0048872 seconds, Stopping threads took: 0.0038733 seconds
2016-06-26T20:13:38.675+0300: 307.112: [Full GC (Ergonomics) [PSYoungGen: 791084K->0K(802816K)] [ParOldGen: 3493804K->3463813K(3495424K)] 4284888K->3463813K(4298240K), [Metaspace: 8951K->8951K(1058816K)], 0.3928388 secs] [Times: user=1.23 sys=0.00, real=0.39 secs] 
2016-06-26T20:13:39.068+0300: 307.505: Total time for which application threads were stopped: 0.3955010 seconds, Stopping threads took: 0.0021323 seconds
2016-06-26T20:13:39.422+0300: 307.859: Total time for which application threads were stopped: 0.0020523 seconds, Stopping threads took: 0.0011358 seconds
2016-06-26T20:13:40.252+0300: 308.689: [Full GC (Ergonomics) [PSYoungGen: 792207K->0K(802816K)] [ParOldGen: 3463813K->3461825K(3495424K)] 4256020K->3461825K(4298240K), [Metaspace: 8951K->8951K(1058816K)], 0.3873255 secs] [Times: user=1.26 sys=0.00, real=0.39 secs] 
2016-06-26T20:13:40.640+0300: 309.077: Total time for which application threads were stopped: 0.3890815 seconds, Stopping threads took: 0.0012423 seconds
2016-06-26T20:13:41.464+0300: 309.901: Total time for which application threads were stopped: 0.0026904 seconds, Stopping threads took: 0.0017594 seconds
2016-06-26T20:13:41.917+0300: 310.354: [Full GC (Ergonomics) [PSYoungGen: 792087K->0K(802816K)] [ParOldGen: 3461825K->3339856K(3495424K)] 4253913K->3339856K(4298240K), [Metaspace: 8951K->8951K(1058816K)], 0.3675807 secs] [Times: user=1.41 sys=0.00, real=0.37 secs] 
2016-06-26T20:13:42.285+0300: 310.722: Total time for which application threads were stopped: 0.3688402 seconds, Stopping threads took: 0.0008019 seconds
2016-06-26T20:13:43.105+0300: 311.542: Total time for which application threads were stopped: 0.0020767 seconds, Stopping threads took: 0.0011568 seconds
2016-06-26T20:13:43.486+0300: 311.923: [Full GC (Ergonomics) [PSYoungGen: 790850K->0K(802816K)] [ParOldGen: 3339856K->3365838K(3495424K)] 4130707K->3365838K(4298240K), [Metaspace: 8951K->8951K(1058816K)], 0.3667387 secs] [Times: user=1.30 sys=0.00, real=0.37 secs] 
2016-06-26T20:13:43.853+0300: 312.290: Total time for which application threads were stopped: 0.3687076 seconds, Stopping threads took: 0.0015370 seconds
2016-06-26T20:13:44.105+0300: 312.542: Total time for which application threads were stopped: 0.0016281 seconds, Stopping threads took: 0.0008891 seconds
2016-06-26T20:13:44.954+0300: 313.391: [Full GC (Ergonomics) [PSYoungGen: 791572K->18000K(802816K)] [ParOldGen: 3365838K->3493848K(3495424K)] 4157411K->3511849K(4298240K), [Metaspace: 8951K->8951K(1058816K)], 0.4016643 secs] [Times: user=1.28 sys=0.00, real=0.40 secs] 
2016-06-26T20:13:45.356+0300: 313.793: Total time for which application threads were stopped: 0.4046879 seconds, Stopping threads took: 0.0024513 seconds
2016-06-26T20:13:45.359+0300: 313.796: Total time for which application threads were stopped: 0.0009562 seconds, Stopping threads took: 0.0000607 seconds
2016-06-26T20:13:46.106+0300: 314.543: Total time for which application threads were stopped: 0.0024385 seconds, Stopping threads took: 0.0015729 seconds
2016-06-26T20:13:46.113+0300: 314.550: Total time for which application threads were stopped: 0.0004105 seconds, Stopping threads took: 0.0000620 seconds
2016-06-26T20:13:46.589+0300: 315.027: [Full GC (Ergonomics) [PSYoungGen: 792417K->0K(802816K)] [ParOldGen: 3493848K->3279855K(3495424K)] 4286266K->3279855K(4298240K), [Metaspace: 8951K->8951K(1058816K)], 0.3636741 secs] [Times: user=1.33 sys=0.00, real=0.36 secs] 
2016-06-26T20:13:46.953+0300: 315.390: Total time for which application threads were stopped: 0.3662614 seconds, Stopping threads took: 0.0021716 seconds
2016-06-26T20:13:47.107+0300: 315.544: Total time for which application threads were stopped: 0.0029376 seconds, Stopping threads took: 0.0021913 seconds
2016-06-26T20:13:48.070+0300: 316.507: [Full GC (Ergonomics) [PSYoungGen: 790784K->140002K(802816K)] [ParOldGen: 3279855K->3493866K(3495424K)] 4070639K->3633868K(4298240K), [Metaspace: 8951K->8951K(1058816K)], 0.4172972 secs] [Times: user=1.28 sys=0.00, real=0.42 secs] 
2016-06-26T20:13:48.487+0300: 316.924: Total time for which application threads were stopped: 0.4207557 seconds, Stopping threads took: 0.0029179 seconds
2016-06-26T20:13:48.490+0300: 316.927: Total time for which application threads were stopped: 0.0010182 seconds, Stopping threads took: 0.0000577 seconds
2016-06-26T20:13:49.108+0300: 317.545: Total time for which application threads were stopped: 0.0030569 seconds, Stopping threads took: 0.0020908 seconds
2016-06-26T20:13:49.401+0300: 317.838: [Full GC (Ergonomics) [PSYoungGen: 790631K->234005K(802816K)] [ParOldGen: 3493866K->3493873K(3495424K)] 4284497K->3727879K(4298240K), [Metaspace: 8952K->8952K(1058816K)], 0.4288405 secs] [Times: user=1.31 sys=0.00, real=0.43 secs] 
2016-06-26T20:13:49.830+0300: 318.267: Total time for which application threads were stopped: 0.4330597 seconds, Stopping threads took: 0.0037018 seconds
2016-06-26T20:13:50.106+0300: 318.544: Total time for which application threads were stopped: 0.0017577 seconds, Stopping threads took: 0.0008134 seconds
2016-06-26T20:13:50.664+0300: 319.101: [Full GC (Ergonomics) [PSYoungGen: 792498K->32000K(802816K)] [ParOldGen: 3493873K->3493875K(3495424K)] 4286372K->3525876K(4298240K), [Metaspace: 8952K->8952K(1058816K)], 0.3970115 secs] [Times: user=1.27 sys=0.00, real=0.40 secs] 
2016-06-26T20:13:51.061+0300: 319.498: Total time for which application threads were stopped: 0.4001834 seconds, Stopping threads took: 0.0026574 seconds
2016-06-26T20:13:51.107+0300: 319.544: Total time for which application threads were stopped: 0.0013377 seconds, Stopping threads took: 0.0003507 seconds
2016-06-26T20:13:52.108+0300: 320.545: Total time for which application threads were stopped: 0.0028114 seconds, Stopping threads took: 0.0019090 seconds
2016-06-26T20:13:52.264+0300: 320.702: [Full GC (Ergonomics) [PSYoungGen: 792447K->26000K(802816K)] [ParOldGen: 3493875K->3493893K(3495424K)] 4286322K->3519893K(4298240K), [Metaspace: 8953K->8953K(1058816K)], 0.3963353 secs] [Times: user=1.27 sys=0.00, real=0.40 secs] 
2016-06-26T20:13:52.661+0300: 321.098: Total time for which application threads were stopped: 0.3974738 seconds, Stopping threads took: 0.0006321 seconds
2016-06-26T20:13:53.108+0300: 321.544: Total time for which application threads were stopped: 0.0019770 seconds, Stopping threads took: 0.0008921 seconds
2016-06-26T20:13:53.762+0300: 322.199: [Full GC (Ergonomics) [PSYoungGen: 792372K->150001K(802816K)] [ParOldGen: 3493893K->3493894K(3495424K)] 4286265K->3643895K(4298240K), [Metaspace: 8956K->8956K(1058816K)], 0.3949660 secs] [Times: user=1.55 sys=0.00, real=0.39 secs] 
2016-06-26T20:13:54.157+0300: 322.594: Total time for which application threads were stopped: 0.3966813 seconds, Stopping threads took: 0.0011786 seconds
2016-06-26T20:13:54.398+0300: 322.835: Total time for which application threads were stopped: 0.0013732 seconds, Stopping threads took: 0.0004790 seconds
2016-06-26T20:13:55.108+0300: 323.545: Total time for which application threads were stopped: 0.0018659 seconds, Stopping threads took: 0.0009840 seconds
2016-06-26T20:13:55.147+0300: 323.584: [Full GC (Ergonomics) [PSYoungGen: 791506K->174004K(802816K)] [ParOldGen: 3493894K->3493909K(3495424K)] 4285401K->3667913K(4298240K), [Metaspace: 8957K->8957K(1058816K)], 0.4023315 secs] [Times: user=1.56 sys=0.00, real=0.40 secs] 
2016-06-26T20:13:55.549+0300: 323.986: Total time for which application threads were stopped: 0.4031201 seconds, Stopping threads took: 0.0002720 seconds
2016-06-26T20:13:55.940+0300: 324.377: Total time for which application threads were stopped: 0.0010135 seconds, Stopping threads took: 0.0006458 seconds
2016-06-26T20:13:56.108+0300: 324.545: Total time for which application threads were stopped: 0.0015999 seconds, Stopping threads took: 0.0006821 seconds
2016-06-26T20:13:56.115+0300: 324.552: Total time for which application threads were stopped: 0.0004247 seconds, Stopping threads took: 0.0000599 seconds
2016-06-26T20:13:56.464+0300: 324.901: [Full GC (Ergonomics) [PSYoungGen: 791054K->146003K(802816K)] [ParOldGen: 3493909K->3493928K(3495424K)] 4284963K->3639932K(4298240K), [Metaspace: 8971K->8971K(1058816K)], 0.4363612 secs] [Times: user=1.45 sys=0.00, real=0.44 secs] 
2016-06-26T20:13:56.901+0300: 325.338: Total time for which application threads were stopped: 0.4383823 seconds, Stopping threads took: 0.0014925 seconds
2016-06-26T20:13:57.109+0300: 325.546: Total time for which application threads were stopped: 0.0021853 seconds, Stopping threads took: 0.0012654 seconds
2016-06-26T20:13:57.880+0300: 326.317: [Full GC (Ergonomics) [PSYoungGen: 792348K->0K(802816K)] [ParOldGen: 3493928K->3493938K(3495424K)] 4286277K->3493938K(4298240K), [Metaspace: 8971K->8971K(1058816K)], 0.3980023 secs] [Times: user=1.33 sys=0.00, real=0.40 secs] 
2016-06-26T20:13:58.279+0300: 326.716: Total time for which application threads were stopped: 0.4024812 seconds, Stopping threads took: 0.0035461 seconds
2016-06-26T20:13:58.435+0300: 326.872: Total time for which application threads were stopped: 0.0036996 seconds, Stopping threads took: 0.0027592 seconds
2016-06-26T20:13:59.115+0300: 327.552: Total time for which application threads were stopped: 0.0071628 seconds, Stopping threads took: 0.0062519 seconds
2016-06-26T20:13:59.494+0300: 327.931: [Full GC (Ergonomics) [PSYoungGen: 791626K->0K(802816K)] [ParOldGen: 3493938K->3459946K(3495424K)] 4285564K->3459946K(4298240K), [Metaspace: 8971K->8971K(1058816K)], 0.4055979 secs] [Times: user=1.27 sys=0.00, real=0.41 secs] 
2016-06-26T20:13:59.900+0300: 328.337: Total time for which application threads were stopped: 0.4074120 seconds, Stopping threads took: 0.0013112 seconds
2016-06-26T20:14:00.109+0300: 328.547: Total time for which application threads were stopped: 0.0017256 seconds, Stopping threads took: 0.0008172 seconds
2016-06-26T20:14:01.093+0300: 329.530: [Full GC (Ergonomics) [PSYoungGen: 791441K->232005K(802816K)] [ParOldGen: 3459946K->3493937K(3495424K)] 4251388K->3725942K(4298240K), [Metaspace: 8971K->8971K(1058816K)], 0.4376698 secs] [Times: user=1.47 sys=0.00, real=0.44 secs] 
2016-06-26T20:14:01.531+0300: 329.968: Total time for which application threads were stopped: 0.4436433 seconds, Stopping threads took: 0.0054235 seconds
2016-06-26T20:14:01.534+0300: 329.971: Total time for which application threads were stopped: 0.0010084 seconds, Stopping threads took: 0.0000650 seconds
2016-06-26T20:14:02.363+0300: 330.799: [Full GC (Ergonomics) [PSYoungGen: 792576K->208006K(802816K)] [ParOldGen: 3493937K->3493948K(3495424K)] 4286513K->3701954K(4298240K), [Metaspace: 8971K->8971K(1058816K)], 0.4301239 secs] [Times: user=1.19 sys=0.00, real=0.43 secs] 
2016-06-26T20:14:02.793+0300: 331.230: Total time for which application threads were stopped: 0.4339681 seconds, Stopping threads took: 0.0033263 seconds
2016-06-26T20:14:03.609+0300: 332.046: Total time for which application threads were stopped: 0.0065491 seconds, Stopping threads took: 0.0055561 seconds
2016-06-26T20:14:03.825+0300: 332.262: [Full GC (Ergonomics) [PSYoungGen: 791604K->0K(802816K)] [ParOldGen: 3493948K->3312136K(3495424K)] 4285552K->3312136K(4298240K), [Metaspace: 8971K->8971K(1058816K)], 0.3818575 secs] [Times: user=1.23 sys=0.00, real=0.38 secs] 
2016-06-26T20:14:04.207+0300: 332.644: Total time for which application threads were stopped: 0.3827282 seconds, Stopping threads took: 0.0004756 seconds
2016-06-26T20:14:05.114+0300: 333.552: Total time for which application threads were stopped: 0.0057212 seconds, Stopping threads took: 0.0047696 seconds
2016-06-26T20:14:05.297+0300: 333.734: [Full GC (Ergonomics) [PSYoungGen: 792087K->0K(802816K)] [ParOldGen: 3312136K->3489964K(3495424K)] 4104223K->3489964K(4298240K), [Metaspace: 8971K->8971K(1058816K)], 0.3854473 secs] [Times: user=1.25 sys=0.00, real=0.39 secs] 
2016-06-26T20:14:05.683+0300: 334.120: Total time for which application threads were stopped: 0.3897760 seconds, Stopping threads took: 0.0037210 seconds
2016-06-26T20:14:06.111+0300: 334.548: Total time for which application threads were stopped: 0.0014232 seconds, Stopping threads took: 0.0007232 seconds
2016-06-26T20:14:06.755+0300: 335.192: [Full GC (Ergonomics) [PSYoungGen: 791050K->56000K(802816K)] [ParOldGen: 3489964K->3493965K(3495424K)] 4281014K->3549965K(4298240K), [Metaspace: 8971K->8971K(1058816K)], 0.3845308 secs] [Times: user=1.45 sys=0.00, real=0.38 secs] 
2016-06-26T20:14:07.140+0300: 335.577: Total time for which application threads were stopped: 0.3863637 seconds, Stopping threads took: 0.0012958 seconds
2016-06-26T20:14:07.404+0300: 335.841: Total time for which application threads were stopped: 0.0047256 seconds, Stopping threads took: 0.0037398 seconds
2016-06-26T20:14:08.277+0300: 336.714: [Full GC (Ergonomics) [PSYoungGen: 790611K->84000K(802816K)] [ParOldGen: 3493965K->3494000K(3495424K)] 4284577K->3578001K(4298240K), [Metaspace: 8971K->8971K(1058816K)], 0.3969208 secs] [Times: user=1.56 sys=0.00, real=0.40 secs] 
2016-06-26T20:14:08.674+0300: 337.111: Total time for which application threads were stopped: 0.4028575 seconds, Stopping threads took: 0.0054342 seconds
2016-06-26T20:14:08.723+0300: 337.160: Total time for which application threads were stopped: 0.0005850 seconds, Stopping threads took: 0.0002386 seconds
2016-06-26T20:14:09.561+0300: 337.998: Total time for which application threads were stopped: 0.0029179 seconds, Stopping threads took: 0.0020254 seconds
2016-06-26T20:14:09.567+0300: 338.004: Total time for which application threads were stopped: 0.0004439 seconds, Stopping threads took: 0.0000697 seconds
2016-06-26T20:14:09.732+0300: 338.170: [Full GC (Ergonomics) [PSYoungGen: 791889K->206003K(802816K)] [ParOldGen: 3494000K->3494008K(3495424K)] 4285890K->3700011K(4298240K), [Metaspace: 8972K->8972K(1058816K)], 0.4484471 secs] [Times: user=1.44 sys=0.01, real=0.45 secs] 
2016-06-26T20:14:10.181+0300: 338.618: Total time for which application threads were stopped: 0.4500628 seconds, Stopping threads took: 0.0010751 seconds
2016-06-26T20:14:10.907+0300: 339.344: Total time for which application threads were stopped: 0.0061574 seconds, Stopping threads took: 0.0052195 seconds
2016-06-26T20:14:11.044+0300: 339.481: [Full GC (Ergonomics) [PSYoungGen: 792424K->148012K(802816K)] [ParOldGen: 3494008K->3494006K(3495424K)] 4286432K->3642019K(4298240K), [Metaspace: 8972K->8972K(1058816K)], 0.4166164 secs] [Times: user=1.41 sys=0.00, real=0.42 secs] 
2016-06-26T20:14:11.460+0300: 339.898: Total time for which application threads were stopped: 0.4194052 seconds, Stopping threads took: 0.0022653 seconds
2016-06-26T20:14:11.517+0300: 339.954: Total time for which application threads were stopped: 0.0020557 seconds, Stopping threads took: 0.0011748 seconds
2016-06-26T20:14:12.114+0300: 340.551: Total time for which application threads were stopped: 0.0033348 seconds, Stopping threads took: 0.0024171 seconds
2016-06-26T20:14:12.467+0300: 340.904: [Full GC (Ergonomics) [PSYoungGen: 791205K->0K(802816K)] [ParOldGen: 3494006K->3400024K(3495424K)] 4285212K->3400024K(4298240K), [Metaspace: 8976K->8976K(1058816K)], 0.3870724 secs] [Times: user=1.22 sys=0.00, real=0.39 secs] 
2016-06-26T20:14:12.853+0300: 341.291: Total time for which application threads were stopped: 0.3893577 seconds, Stopping threads took: 0.0017619 seconds
2016-06-26T20:14:13.429+0300: 341.866: Total time for which application threads were stopped: 0.0050972 seconds, Stopping threads took: 0.0041594 seconds
2016-06-26T20:14:14.077+0300: 342.514: [Full GC (Ergonomics) [PSYoungGen: 791509K->54000K(802816K)] [ParOldGen: 3400024K->3494039K(3495424K)] 4191533K->3548039K(4298240K), [Metaspace: 8978K->8978K(1058816K)], 0.4203930 secs] [Times: user=1.17 sys=0.02, real=0.42 secs] 
2016-06-26T20:14:14.498+0300: 342.935: Total time for which application threads were stopped: 0.4232433 seconds, Stopping threads took: 0.0023380 seconds
2016-06-26T20:14:15.117+0300: 343.554: Total time for which application threads were stopped: 0.0056587 seconds, Stopping threads took: 0.0048145 seconds
2016-06-26T20:14:15.641+0300: 344.078: [Full GC (Ergonomics) [PSYoungGen: 791278K->150001K(802816K)] [ParOldGen: 3494039K->3494045K(3495424K)] 4285318K->3644047K(4298240K), [Metaspace: 8979K->8979K(1058816K)], 0.4176479 secs] [Times: user=1.25 sys=0.02, real=0.42 secs] 
2016-06-26T20:14:16.059+0300: 344.496: Total time for which application threads were stopped: 0.4210995 seconds, Stopping threads took: 0.0029902 seconds
2016-06-26T20:14:16.113+0300: 344.550: Total time for which application threads were stopped: 0.0012321 seconds, Stopping threads took: 0.0004619 seconds
2016-06-26T20:14:16.965+0300: 345.402: [Full GC (Ergonomics) [PSYoungGen: 791266K->146003K(802816K)] [ParOldGen: 3494045K->3494051K(3495424K)] 4285311K->3640054K(4298240K), [Metaspace: 8979K->8979K(1058816K)], 0.4007868 secs] [Times: user=1.48 sys=0.00, real=0.40 secs] 
2016-06-26T20:14:17.366+0300: 345.803: Total time for which application threads were stopped: 0.4047948 seconds, Stopping threads took: 0.0034601 seconds
2016-06-26T20:14:17.401+0300: 345.838: Total time for which application threads were stopped: 0.0011187 seconds, Stopping threads took: 0.0001732 seconds
2016-06-26T20:14:18.115+0300: 346.552: Total time for which application threads were stopped: 0.0026784 seconds, Stopping threads took: 0.0017435 seconds
2016-06-26T20:14:18.443+0300: 346.880: [Full GC (Ergonomics) [PSYoungGen: 791464K->0K(802816K)] [ParOldGen: 3494051K->3220058K(3495424K)] 4285516K->3220058K(4298240K), [Metaspace: 8983K->8983K(1058816K)], 0.3492947 secs] [Times: user=1.28 sys=0.00, real=0.35 secs] 
2016-06-26T20:14:18.792+0300: 347.229: Total time for which application threads were stopped: 0.3501102 seconds, Stopping threads took: 0.0004336 seconds
2016-06-26T20:14:19.114+0300: 347.551: Total time for which application threads were stopped: 0.0013291 seconds, Stopping threads took: 0.0006107 seconds
2016-06-26T20:14:19.875+0300: 348.312: [Full GC (Ergonomics) [PSYoungGen: 790675K->0K(802816K)] [ParOldGen: 3220058K->3458069K(3495424K)] 4010734K->3458069K(4298240K), [Metaspace: 8986K->8986K(1058816K)], 0.3748154 secs] [Times: user=1.41 sys=0.00, real=0.38 secs] 
2016-06-26T20:14:20.250+0300: 348.687: Total time for which application threads were stopped: 0.3764327 seconds, Stopping threads took: 0.0011307 seconds
2016-06-26T20:14:20.255+0300: 348.692: Total time for which application threads were stopped: 0.0009986 seconds, Stopping threads took: 0.0000753 seconds
2016-06-26T20:14:21.051+0300: 349.489: Total time for which application threads were stopped: 0.0014989 seconds, Stopping threads took: 0.0011589 seconds
2016-06-26T20:14:21.115+0300: 349.552: Total time for which application threads were stopped: 0.0022781 seconds, Stopping threads took: 0.0014019 seconds
2016-06-26T20:14:21.503+0300: 349.940: [Full GC (Ergonomics) [PSYoungGen: 790833K->0K(802816K)] [ParOldGen: 3458069K->3484080K(3495424K)] 4248903K->3484080K(4298240K), [Metaspace: 8993K->8993K(1058816K)], 0.3967583 secs] [Times: user=1.23 sys=0.02, real=0.40 secs] 
2016-06-26T20:14:21.899+0300: 350.337: Total time for which application threads were stopped: 0.3978681 seconds, Stopping threads took: 0.0006877 seconds
2016-06-26T20:14:22.142+0300: 350.579: Total time for which application threads were stopped: 0.0029636 seconds, Stopping threads took: 0.0021755 seconds
2016-06-26T20:14:23.000+0300: 351.437: [Full GC (Ergonomics) [PSYoungGen: 791960K->0K(802816K)] [ParOldGen: 3484080K->3480087K(3495424K)] 4276040K->3480087K(4298240K), [Metaspace: 8999K->8999K(1058816K)], 0.4001038 secs] [Times: user=1.13 sys=0.00, real=0.40 secs] 
2016-06-26T20:14:23.400+0300: 351.837: Total time for which application threads were stopped: 0.4051369 seconds, Stopping threads took: 0.0045160 seconds
2016-06-26T20:14:23.404+0300: 351.841: Total time for which application threads were stopped: 0.0011483 seconds, Stopping threads took: 0.0001043 seconds
2016-06-26T20:14:24.550+0300: 352.987: [Full GC (Ergonomics) [PSYoungGen: 790969K->280004K(802816K)] [ParOldGen: 3480087K->3494096K(3495424K)] 4271057K->3774101K(4298240K), [Metaspace: 9005K->9005K(1058816K)], 0.4308505 secs] [Times: user=1.36 sys=0.00, real=0.43 secs] 
2016-06-26T20:14:24.982+0300: 353.418: Total time for which application threads were stopped: 0.4336165 seconds, Stopping threads took: 0.0022495 seconds
2016-06-26T20:14:25.116+0300: 353.553: Total time for which application threads were stopped: 0.0018411 seconds, Stopping threads took: 0.0009199 seconds
2016-06-26T20:14:25.763+0300: 354.200: [Full GC (Ergonomics) [PSYoungGen: 792103K->148003K(802816K)] [ParOldGen: 3494096K->3494104K(3495424K)] 4286199K->3642107K(4298240K), [Metaspace: 9005K->9005K(1058816K)], 0.4221789 secs] [Times: user=1.26 sys=0.00, real=0.42 secs] 
2016-06-26T20:14:26.185+0300: 354.622: Total time for which application threads were stopped: 0.4257130 seconds, Stopping threads took: 0.0030073 seconds
2016-06-26T20:14:26.316+0300: 354.753: Total time for which application threads were stopped: 0.0072034 seconds, Stopping threads took: 0.0062523 seconds
2016-06-26T20:14:27.168+0300: 355.605: [Full GC (Ergonomics) [PSYoungGen: 790851K->0K(802816K)] [ParOldGen: 3494104K->3490117K(3495424K)] 4284955K->3490117K(4298240K), [Metaspace: 9005K->9005K(1058816K)], 0.4043462 secs] [Times: user=1.28 sys=0.00, real=0.40 secs] 
2016-06-26T20:14:27.572+0300: 356.009: Total time for which application threads were stopped: 0.4082083 seconds, Stopping threads took: 0.0033353 seconds
2016-06-26T20:14:28.430+0300: 356.867: Total time for which application threads were stopped: 0.0040537 seconds, Stopping threads took: 0.0031497 seconds
2016-06-26T20:14:28.872+0300: 357.309: [Full GC (Ergonomics) [PSYoungGen: 792139K->0K(802816K)] [ParOldGen: 3490117K->3428123K(3495424K)] 4282257K->3428123K(4298240K), [Metaspace: 9005K->9005K(1058816K)], 0.3921986 secs] [Times: user=1.22 sys=0.00, real=0.39 secs] 
2016-06-26T20:14:29.265+0300: 357.702: Total time for which application threads were stopped: 0.3943433 seconds, Stopping threads took: 0.0016995 seconds
2016-06-26T20:14:29.267+0300: 357.704: Total time for which application threads were stopped: 0.0007150 seconds, Stopping threads took: 0.0000560 seconds
2016-06-26T20:14:30.122+0300: 358.559: Total time for which application threads were stopped: 0.0061544 seconds, Stopping threads took: 0.0052456 seconds
2016-06-26T20:14:30.481+0300: 358.918: [Full GC (Ergonomics) [PSYoungGen: 791121K->0K(802816K)] [ParOldGen: 3428123K->3394131K(3495424K)] 4219244K->3394131K(4298240K), [Metaspace: 9005K->9005K(1058816K)], 0.3813871 secs] [Times: user=1.28 sys=0.00, real=0.38 secs] 
2016-06-26T20:14:30.862+0300: 359.299: Total time for which application threads were stopped: 0.3830785 seconds, Stopping threads took: 0.0012825 seconds
2016-06-26T20:14:31.117+0300: 359.555: Total time for which application threads were stopped: 0.0017406 seconds, Stopping threads took: 0.0010683 seconds
2016-06-26T20:14:31.955+0300: 360.392: [Full GC (Ergonomics) [PSYoungGen: 790897K->76001K(802816K)] [ParOldGen: 3394131K->3494140K(3495424K)] 4185028K->3570141K(4298240K), [Metaspace: 9005K->9005K(1058816K)], 0.4325033 secs] [Times: user=1.36 sys=0.02, real=0.43 secs] 
2016-06-26T20:14:32.387+0300: 360.824: Total time for which application threads were stopped: 0.4370882 seconds, Stopping threads took: 0.0040550 seconds
2016-06-26T20:14:32.390+0300: 360.827: Total time for which application threads were stopped: 0.0009875 seconds, Stopping threads took: 0.0000650 seconds
2016-06-26T20:14:32.397+0300: 360.834: Total time for which application threads were stopped: 0.0004311 seconds, Stopping threads took: 0.0000723 seconds
2016-06-26T20:14:33.120+0300: 361.558: Total time for which application threads were stopped: 0.0044014 seconds, Stopping threads took: 0.0035256 seconds
2016-06-26T20:14:33.546+0300: 361.983: [Full GC (Ergonomics) [PSYoungGen: 791680K->0K(802816K)] [ParOldGen: 3494140K->3400149K(3495424K)] 4285821K->3400149K(4298240K), [Metaspace: 9006K->9006K(1058816K)], 0.3941402 secs] [Times: user=1.23 sys=0.00, real=0.39 secs] 
2016-06-26T20:14:33.940+0300: 362.378: Total time for which application threads were stopped: 0.4004973 seconds, Stopping threads took: 0.0059311 seconds
2016-06-26T20:14:34.122+0300: 362.559: Total time for which application threads were stopped: 0.0052435 seconds, Stopping threads took: 0.0045301 seconds
2016-06-26T20:14:35.045+0300: 363.482: [Full GC (Ergonomics) [PSYoungGen: 792287K->112002K(802816K)] [ParOldGen: 3400149K->3494157K(3495424K)] 4192436K->3606160K(4298240K), [Metaspace: 9006K->9006K(1058816K)], 0.4215246 secs] [Times: user=1.24 sys=0.00, real=0.42 secs] 
2016-06-26T20:14:35.467+0300: 363.904: Total time for which application threads were stopped: 0.4247213 seconds, Stopping threads took: 0.0025912 seconds
2016-06-26T20:14:35.470+0300: 363.907: Total time for which application threads were stopped: 0.0010815 seconds, Stopping threads took: 0.0001120 seconds
2016-06-26T20:14:36.122+0300: 364.558: Total time for which application threads were stopped: 0.0044279 seconds, Stopping threads took: 0.0035303 seconds
2016-06-26T20:14:36.423+0300: 364.860: [Full GC (Ergonomics) [PSYoungGen: 790645K->54000K(802816K)] [ParOldGen: 3494157K->3494167K(3495424K)] 4284803K->3548167K(4298240K), [Metaspace: 9006K->9006K(1058816K)], 0.4081437 secs] [Times: user=1.20 sys=0.00, real=0.41 secs] 
2016-06-26T20:14:36.831+0300: 365.268: Total time for which application threads were stopped: 0.4136528 seconds, Stopping threads took: 0.0049894 seconds
2016-06-26T20:14:37.121+0300: 365.558: Total time for which application threads were stopped: 0.0033374 seconds, Stopping threads took: 0.0022948 seconds
2016-06-26T20:14:37.944+0300: 366.381: [Full GC (Ergonomics) [PSYoungGen: 791849K->0K(802816K)] [ParOldGen: 3494167K->3432174K(3495424K)] 4286016K->3432174K(4298240K), [Metaspace: 9007K->9007K(1058816K)], 0.3985626 secs] [Times: user=1.19 sys=0.00, real=0.40 secs] 
2016-06-26T20:14:38.343+0300: 366.780: Total time for which application threads were stopped: 0.4056526 seconds, Stopping threads took: 0.0065465 seconds
2016-06-26T20:14:38.453+0300: 366.890: Total time for which application threads were stopped: 0.0056861 seconds, Stopping threads took: 0.0046961 seconds
2016-06-26T20:14:39.120+0300: 367.556: Total time for which application threads were stopped: 0.0020540 seconds, Stopping threads took: 0.0011508 seconds
2016-06-26T20:14:39.561+0300: 367.998: [Full GC (Ergonomics) [PSYoungGen: 792280K->174001K(802816K)] [ParOldGen: 3432174K->3494186K(3495424K)] 4224455K->3668187K(4298240K), [Metaspace: 9007K->9007K(1058816K)], 0.4163132 secs] [Times: user=1.33 sys=0.00, real=0.42 secs] 
2016-06-26T20:14:39.977+0300: 368.414: Total time for which application threads were stopped: 0.4188770 seconds, Stopping threads took: 0.0020309 seconds
2016-06-26T20:14:40.470+0300: 368.907: Total time for which application threads were stopped: 0.0037616 seconds, Stopping threads took: 0.0028229 seconds
2016-06-26T20:14:40.980+0300: 369.417: [Full GC (Ergonomics) [PSYoungGen: 791401K->0K(802816K)] [ParOldGen: 3494186K->3490196K(3495424K)] 4285587K->3490196K(4298240K), [Metaspace: 9007K->9007K(1058816K)], 0.3856846 secs] [Times: user=1.42 sys=0.00, real=0.39 secs] 
2016-06-26T20:14:41.366+0300: 369.803: Total time for which application threads were stopped: 0.3878036 seconds, Stopping threads took: 0.0016602 seconds
2016-06-26T20:14:42.295+0300: 370.732: Total time for which application threads were stopped: 0.0032365 seconds, Stopping threads took: 0.0020968 seconds
2016-06-26T20:14:42.535+0300: 370.972: [Full GC (Ergonomics) [PSYoungGen: 791370K->82000K(802816K)] [ParOldGen: 3490196K->3494204K(3495424K)] 4281566K->3576205K(4298240K), [Metaspace: 9007K->9007K(1058816K)], 0.3899120 secs] [Times: user=1.45 sys=0.00, real=0.39 secs] 
2016-06-26T20:14:42.925+0300: 371.362: Total time for which application threads were stopped: 0.3923145 seconds, Stopping threads took: 0.0018748 seconds
2016-06-26T20:14:43.120+0300: 371.557: Total time for which application threads were stopped: 0.0012868 seconds, Stopping threads took: 0.0003947 seconds
2016-06-26T20:14:43.127+0300: 371.564: Total time for which application threads were stopped: 0.0003960 seconds, Stopping threads took: 0.0000710 seconds
2016-06-26T20:14:43.911+0300: 372.348: [Full GC (Ergonomics) [PSYoungGen: 790936K->0K(802816K)] [ParOldGen: 3494204K->3462212K(3495424K)] 4285141K->3462212K(4298240K), [Metaspace: 9007K->9007K(1058816K)], 0.3742906 secs] [Times: user=1.39 sys=0.00, real=0.37 secs] 
2016-06-26T20:14:44.285+0300: 372.722: Total time for which application threads were stopped: 0.3813371 seconds, Stopping threads took: 0.0065269 seconds
2016-06-26T20:14:44.399+0300: 372.836: Total time for which application threads were stopped: 0.0010076 seconds, Stopping threads took: 0.0003584 seconds
2016-06-26T20:14:45.121+0300: 373.558: Total time for which application threads were stopped: 0.0028020 seconds, Stopping threads took: 0.0019467 seconds
2016-06-26T20:14:45.511+0300: 373.948: [Full GC (Ergonomics) [PSYoungGen: 792248K->114000K(802816K)] [ParOldGen: 3462212K->3494222K(3495424K)] 4254460K->3608223K(4298240K), [Metaspace: 9007K->9007K(1058816K)], 0.4127530 secs] [Times: user=1.41 sys=0.00, real=0.41 secs] 
2016-06-26T20:14:45.924+0300: 374.361: Total time for which application threads were stopped: 0.4153091 seconds, Stopping threads took: 0.0020515 seconds
2016-06-26T20:14:46.121+0300: 374.558: Total time for which application threads were stopped: 0.0014626 seconds, Stopping threads took: 0.0005709 seconds
2016-06-26T20:14:46.930+0300: 375.367: [Full GC (Ergonomics) [PSYoungGen: 792060K->178004K(802816K)] [ParOldGen: 3494222K->3494228K(3495424K)] 4286282K->3672232K(4298240K), [Metaspace: 9008K->9008K(1058816K)], 0.4173336 secs] [Times: user=1.41 sys=0.00, real=0.42 secs] 
2016-06-26T20:14:47.347+0300: 375.784: Total time for which application threads were stopped: 0.4229748 seconds, Stopping threads took: 0.0051199 seconds
2016-06-26T20:14:47.447+0300: 375.884: Total time for which application threads were stopped: 0.0033113 seconds, Stopping threads took: 0.0022897 seconds
2016-06-26T20:14:48.239+0300: 376.676: [Full GC (Ergonomics) [PSYoungGen: 791335K->26000K(802816K)] [ParOldGen: 3494228K->3494240K(3495424K)] 4285564K->3520241K(4298240K), [Metaspace: 9008K->9008K(1058816K)], 0.4036388 secs] [Times: user=1.25 sys=0.00, real=0.40 secs] 
2016-06-26T20:14:48.643+0300: 377.080: Total time for which application threads were stopped: 0.4067697 seconds, Stopping threads took: 0.0026023 seconds
2016-06-26T20:14:49.831+0300: 378.268: [Full GC (Ergonomics) [PSYoungGen: 790774K->116000K(802816K)] [ParOldGen: 3494240K->3494248K(3495424K)] 4285014K->3610249K(4298240K), [Metaspace: 9008K->9008K(1058816K)], 0.4187962 secs] [Times: user=1.30 sys=0.00, real=0.42 secs] 
2016-06-26T20:14:50.250+0300: 378.686: Total time for which application threads were stopped: 0.4230030 seconds, Stopping threads took: 0.0036663 seconds
2016-06-26T20:14:50.253+0300: 378.689: Total time for which application threads were stopped: 0.0009763 seconds, Stopping threads took: 0.0000736 seconds
2016-06-26T20:14:51.124+0300: 379.561: Total time for which application threads were stopped: 0.0034708 seconds, Stopping threads took: 0.0025343 seconds
2016-06-26T20:14:51.247+0300: 379.684: [Full GC (Ergonomics) [PSYoungGen: 791475K->0K(802816K)] [ParOldGen: 3494248K->3370254K(3495424K)] 4285723K->3370254K(4298240K), [Metaspace: 9008K->9008K(1058816K)], 0.3885401 secs] [Times: user=1.20 sys=0.00, real=0.39 secs] 
2016-06-26T20:14:51.636+0300: 380.073: Total time for which application threads were stopped: 0.3896845 seconds, Stopping threads took: 0.0006261 seconds
2016-06-26T20:14:52.123+0300: 380.560: Total time for which application threads were stopped: 0.0027036 seconds, Stopping threads took: 0.0017568 seconds
2016-06-26T20:14:52.811+0300: 381.248: [Full GC (Ergonomics) [PSYoungGen: 792361K->26000K(802816K)] [ParOldGen: 3370254K->3494256K(3495424K)] 4162616K->3520256K(4298240K), [Metaspace: 9008K->9008K(1058816K)], 0.3863620 secs] [Times: user=1.39 sys=0.00, real=0.39 secs] 
2016-06-26T20:14:53.198+0300: 381.635: Total time for which application threads were stopped: 0.3891717 seconds, Stopping threads took: 0.0022914 seconds
2016-06-26T20:14:53.440+0300: 381.877: Total time for which application threads were stopped: 0.0015002 seconds, Stopping threads took: 0.0005512 seconds
2016-06-26T20:14:54.342+0300: 382.779: [Full GC (Ergonomics) [PSYoungGen: 791471K->116000K(802816K)] [ParOldGen: 3494256K->3494276K(3495424K)] 4285728K->3610277K(4298240K), [Metaspace: 9008K->9008K(1058816K)], 0.3899163 secs] [Times: user=1.48 sys=0.00, real=0.39 secs] 
2016-06-26T20:14:54.732+0300: 383.169: Total time for which application threads were stopped: 0.3918061 seconds, Stopping threads took: 0.0013698 seconds
2016-06-26T20:14:55.622+0300: 384.060: Total time for which application threads were stopped: 0.0023936 seconds, Stopping threads took: 0.0013711 seconds
2016-06-26T20:14:55.878+0300: 384.315: [Full GC (Ergonomics) [PSYoungGen: 792179K->0K(802816K)] [ParOldGen: 3494276K->3370282K(3495424K)] 4286456K->3370282K(4298240K), [Metaspace: 9008K->9008K(1058816K)], 0.3623163 secs] [Times: user=1.33 sys=0.00, real=0.36 secs] 
2016-06-26T20:14:56.240+0300: 384.677: Total time for which application threads were stopped: 0.3632097 seconds, Stopping threads took: 0.0005106 seconds
2016-06-26T20:14:56.261+0300: 384.698: Total time for which application threads were stopped: 0.0007039 seconds, Stopping threads took: 0.0000650 seconds
2016-06-26T20:14:57.302+0300: 385.739: Total time for which application threads were stopped: 0.0017581 seconds, Stopping threads took: 0.0014027 seconds
2016-06-26T20:14:57.382+0300: 385.819: [Full GC (Ergonomics) [PSYoungGen: 791287K->82000K(802816K)] [ParOldGen: 3370282K->3494292K(3495424K)] 4161570K->3576293K(4298240K), [Metaspace: 9008K->9008K(1058816K)], 0.4113781 secs] [Times: user=1.34 sys=0.00, real=0.41 secs] 
2016-06-26T20:14:57.793+0300: 386.230: Total time for which application threads were stopped: 0.4136784 seconds, Stopping threads took: 0.0017350 seconds
2016-06-26T20:14:58.125+0300: 386.562: Total time for which application threads were stopped: 0.0023572 seconds, Stopping threads took: 0.0012372 seconds
2016-06-26T20:14:58.773+0300: 387.210: [Full GC (Ergonomics) [PSYoungGen: 791375K->0K(802816K)] [ParOldGen: 3494292K->3492291K(3495424K)] 4285668K->3492291K(4298240K), [Metaspace: 9019K->9019K(1058816K)], 0.4031727 secs] [Times: user=1.26 sys=0.00, real=0.41 secs] 
2016-06-26T20:14:59.182+0300: 387.619: Total time for which application threads were stopped: 0.4136665 seconds, Stopping threads took: 0.0042073 seconds
2016-06-26T20:14:59.451+0300: 387.888: Total time for which application threads were stopped: 0.0024898 seconds, Stopping threads took: 0.0014763 seconds
2016-06-26T20:15:00.130+0300: 388.567: Total time for which application threads were stopped: 0.0068185 seconds, Stopping threads took: 0.0059431 seconds
2016-06-26T20:15:00.428+0300: 388.865: [Full GC (Ergonomics) [PSYoungGen: 792484K->144001K(802816K)] [ParOldGen: 3492291K->3494293K(3495424K)] 4284776K->3638294K(4298240K), [Metaspace: 9019K->9019K(1058816K)], 0.4397709 secs] [Times: user=1.36 sys=0.00, real=0.44 secs] 
2016-06-26T20:15:00.868+0300: 389.305: Total time for which application threads were stopped: 0.4471886 seconds, Stopping threads took: 0.0069079 seconds
2016-06-26T20:15:01.525+0300: 389.962: Total time for which application threads were stopped: 0.0053842 seconds, Stopping threads took: 0.0044416 seconds
2016-06-26T20:15:01.933+0300: 390.370: [Full GC (Ergonomics) [PSYoungGen: 791366K->26000K(802816K)] [ParOldGen: 3494293K->3494304K(3495424K)] 4285660K->3520305K(4298240K), [Metaspace: 9019K->9019K(1058816K)], 0.4156033 secs] [Times: user=1.22 sys=0.00, real=0.41 secs] 
2016-06-26T20:15:02.348+0300: 390.786: Total time for which application threads were stopped: 0.4184087 seconds, Stopping threads took: 0.0023880 seconds
2016-06-26T20:15:03.137+0300: 391.574: Total time for which application threads were stopped: 0.0117464 seconds, Stopping threads took: 0.0108667 seconds
2016-06-26T20:15:03.542+0300: 391.979: [Full GC (Ergonomics) [PSYoungGen: 791570K->0K(802816K)] [ParOldGen: 3494304K->3372309K(3495424K)] 4285875K->3372309K(4298240K), [Metaspace: 9019K->9019K(1058816K)], 0.3873191 secs] [Times: user=1.22 sys=0.02, real=0.39 secs] 
2016-06-26T20:15:03.929+0300: 392.366: Total time for which application threads were stopped: 0.3956100 seconds, Stopping threads took: 0.0078697 seconds
2016-06-26T20:15:04.128+0300: 392.565: Total time for which application threads were stopped: 0.0020168 seconds, Stopping threads took: 0.0013159 seconds
2016-06-26T20:15:05.016+0300: 393.453: [Full GC (Ergonomics) [PSYoungGen: 791742K->0K(802816K)] [ParOldGen: 3372309K->3428335K(3495424K)] 4164051K->3428335K(4298240K), [Metaspace: 9019K->9019K(1058816K)], 0.3747380 secs] [Times: user=1.34 sys=0.00, real=0.38 secs] 
2016-06-26T20:15:05.391+0300: 393.828: Total time for which application threads were stopped: 0.3772992 seconds, Stopping threads took: 0.0020382 seconds
2016-06-26T20:15:05.394+0300: 393.830: Total time for which application threads were stopped: 0.0006526 seconds, Stopping threads took: 0.0000607 seconds
2016-06-26T20:15:06.291+0300: 394.728: Total time for which application threads were stopped: 0.0022533 seconds, Stopping threads took: 0.0018915 seconds
2016-06-26T20:15:06.685+0300: 395.122: [Full GC (Ergonomics) [PSYoungGen: 791965K->0K(802816K)] [ParOldGen: 3428335K->3424345K(3495424K)] 4220301K->3424345K(4298240K), [Metaspace: 9019K->9019K(1058816K)], 0.3706128 secs] [Times: user=1.41 sys=0.00, real=0.37 secs] 
2016-06-26T20:15:07.055+0300: 395.492: Total time for which application threads were stopped: 0.3716242 seconds, Stopping threads took: 0.0006765 seconds
2016-06-26T20:15:07.127+0300: 395.564: Total time for which application threads were stopped: 0.0005842 seconds, Stopping threads took: 0.0001668 seconds
2016-06-26T20:15:08.128+0300: 396.565: Total time for which application threads were stopped: 0.0017991 seconds, Stopping threads took: 0.0009502 seconds
2016-06-26T20:15:08.141+0300: 396.578: [Full GC (Ergonomics) [PSYoungGen: 790702K->0K(802816K)] [ParOldGen: 3424345K->3478353K(3495424K)] 4215047K->3478353K(4298240K), [Metaspace: 9019K->9019K(1058816K)], 0.3736795 secs] [Times: user=1.44 sys=0.00, real=0.37 secs] 
2016-06-26T20:15:08.515+0300: 396.952: Total time for which application threads were stopped: 0.3741987 seconds, Stopping threads took: 0.0000825 seconds
2016-06-26T20:15:09.128+0300: 397.565: Total time for which application threads were stopped: 0.0017949 seconds, Stopping threads took: 0.0008801 seconds
2016-06-26T20:15:09.135+0300: 397.572: Total time for which application threads were stopped: 0.0004268 seconds, Stopping threads took: 0.0000748 seconds
2016-06-26T20:15:09.649+0300: 398.086: [Full GC (Ergonomics) [PSYoungGen: 791278K->250003K(802816K)] [ParOldGen: 3478353K->3494354K(3495424K)] 4269632K->3744357K(4298240K), [Metaspace: 9019K->9019K(1058816K)], 0.4567723 secs] [Times: user=1.44 sys=0.00, real=0.46 secs] 
2016-06-26T20:15:10.105+0300: 398.542: Total time for which application threads were stopped: 0.4582584 seconds, Stopping threads took: 0.0009716 seconds
2016-06-26T20:15:10.128+0300: 398.565: Total time for which application threads were stopped: 0.0009964 seconds, Stopping threads took: 0.0000663 seconds
2016-06-26T20:15:10.871+0300: 399.308: [Full GC (Ergonomics) [PSYoungGen: 790900K->148003K(802816K)] [ParOldGen: 3494354K->3494369K(3495424K)] 4285255K->3642373K(4298240K), [Metaspace: 9021K->9021K(1058816K)], 0.4168982 secs] [Times: user=1.30 sys=0.00, real=0.42 secs] 
2016-06-26T20:15:11.288+0300: 399.725: Total time for which application threads were stopped: 0.4209490 seconds, Stopping threads took: 0.0035384 seconds
2016-06-26T20:15:11.446+0300: 399.883: Total time for which application threads were stopped: 0.0016691 seconds, Stopping threads took: 0.0006787 seconds
2016-06-26T20:15:12.131+0300: 400.568: Total time for which application threads were stopped: 0.0042111 seconds, Stopping threads took: 0.0032476 seconds
2016-06-26T20:15:12.322+0300: 400.759: [Full GC (Ergonomics) [PSYoungGen: 792377K->0K(802816K)] [ParOldGen: 3494369K->3400378K(3495424K)] 4286746K->3400378K(4298240K), [Metaspace: 9021K->9021K(1058816K)], 0.3813807 secs] [Times: user=1.34 sys=0.00, real=0.38 secs] 
2016-06-26T20:15:12.704+0300: 401.141: Total time for which application threads were stopped: 0.3847280 seconds, Stopping threads took: 0.0028242 seconds
2016-06-26T20:15:13.130+0300: 401.567: Total time for which application threads were stopped: 0.0026275 seconds, Stopping threads took: 0.0017029 seconds
2016-06-26T20:15:13.860+0300: 402.297: [Full GC (Ergonomics) [PSYoungGen: 791704K->206010K(802816K)] [ParOldGen: 3400378K->3494381K(3495424K)] 4192082K->3700392K(4298240K), [Metaspace: 9021K->9021K(1058816K)], 0.4372067 secs] [Times: user=1.25 sys=0.00, real=0.44 secs] 
2016-06-26T20:15:14.297+0300: 402.734: Total time for which application threads were stopped: 0.4427046 seconds, Stopping threads took: 0.0049685 seconds
2016-06-26T20:15:14.459+0300: 402.896: Total time for which application threads were stopped: 0.0016041 seconds, Stopping threads took: 0.0006821 seconds
2016-06-26T20:15:15.131+0300: 403.568: Total time for which application threads were stopped: 0.0030701 seconds, Stopping threads took: 0.0021477 seconds
2016-06-26T20:15:15.221+0300: 403.658: [Full GC (Ergonomics) [PSYoungGen: 791012K->204005K(802816K)] [ParOldGen: 3494381K->3494395K(3495424K)] 4285393K->3698400K(4298240K), [Metaspace: 9021K->9021K(1058816K)], 0.4206022 secs] [Times: user=1.33 sys=0.00, real=0.42 secs] 
2016-06-26T20:15:15.642+0300: 404.079: Total time for which application threads were stopped: 0.4228550 seconds, Stopping threads took: 0.0017577 seconds
2016-06-26T20:15:16.483+0300: 404.919: Total time for which application threads were stopped: 0.0030051 seconds, Stopping threads took: 0.0020386 seconds
2016-06-26T20:15:16.672+0300: 405.109: [Full GC (Ergonomics) [PSYoungGen: 792284K->0K(802816K)] [ParOldGen: 3494395K->3372408K(3495424K)] 4286680K->3372408K(4298240K), [Metaspace: 9021K->9021K(1058816K)], 0.3660886 secs] [Times: user=1.38 sys=0.00, real=0.37 secs] 
2016-06-26T20:15:17.038+0300: 405.475: Total time for which application threads were stopped: 0.3665702 seconds, Stopping threads took: 0.0000825 seconds
2016-06-26T20:15:17.129+0300: 405.566: Total time for which application threads were stopped: 0.0005555 seconds, Stopping threads took: 0.0002168 seconds
2016-06-26T20:15:18.116+0300: 406.553: [Full GC (Ergonomics) [PSYoungGen: 792156K->236003K(802816K)] [ParOldGen: 3372408K->3494415K(3495424K)] 4164564K->3730418K(4298240K), [Metaspace: 9021K->9021K(1058816K)], 0.3973288 secs] [Times: user=1.44 sys=0.00, real=0.40 secs] 
2016-06-26T20:15:18.513+0300: 406.950: Total time for which application threads were stopped: 0.3989346 seconds, Stopping threads took: 0.0011269 seconds
2016-06-26T20:15:18.548+0300: 406.985: Total time for which application threads were stopped: 0.0009100 seconds, Stopping threads took: 0.0001933 seconds
2016-06-26T20:15:19.301+0300: 407.738: [Full GC (Ergonomics) [PSYoungGen: 792576K->0K(802816K)] [ParOldGen: 3494415K->3434424K(3495424K)] 4286991K->3434424K(4298240K), [Metaspace: 9021K->9021K(1058816K)], 0.3698276 secs] [Times: user=1.41 sys=0.00, real=0.37 secs] 
2016-06-26T20:15:19.670+0300: 408.108: Total time for which application threads were stopped: 0.3711457 seconds, Stopping threads took: 0.0008566 seconds
2016-06-26T20:15:20.404+0300: 408.841: Total time for which application threads were stopped: 0.0030825 seconds, Stopping threads took: 0.0022593 seconds
2016-06-26T20:15:20.969+0300: 409.406: [Full GC (Ergonomics) [PSYoungGen: 791887K->30137K(802816K)] [ParOldGen: 3434424K->3494439K(3495424K)] 4226312K->3524577K(4298240K), [Metaspace: 9021K->9021K(1058816K)], 0.4027839 secs] [Times: user=1.23 sys=0.02, real=0.40 secs] 
2016-06-26T20:15:21.372+0300: 409.809: Total time for which application threads were stopped: 0.4057378 seconds, Stopping threads took: 0.0025048 seconds
2016-06-26T20:15:21.885+0300: 410.322: Total time for which application threads were stopped: 0.0024924 seconds, Stopping threads took: 0.0022024 seconds
2016-06-26T20:15:22.441+0300: 410.878: [Full GC (Ergonomics) [PSYoungGen: 791269K->60001K(802816K)] [ParOldGen: 3494439K->3494441K(3495424K)] 4285709K->3554442K(4298240K), [Metaspace: 9022K->9022K(1058816K)], 0.4055449 secs] [Times: user=1.27 sys=0.00, real=0.41 secs] 
2016-06-26T20:15:22.847+0300: 411.284: Total time for which application threads were stopped: 0.4096444 seconds, Stopping threads took: 0.0036466 seconds
2016-06-26T20:15:23.133+0300: 411.570: Total time for which application threads were stopped: 0.0026908 seconds, Stopping threads took: 0.0018278 seconds
2016-06-26T20:15:23.945+0300: 412.382: [Full GC (Ergonomics) [PSYoungGen: 791941K->116002K(802816K)] [ParOldGen: 3494441K->3494450K(3495424K)] 4286383K->3610452K(4298240K), [Metaspace: 9022K->9022K(1058816K)], 0.4122620 secs] [Times: user=1.34 sys=0.00, real=0.41 secs] 
2016-06-26T20:15:24.358+0300: 412.795: Total time for which application threads were stopped: 0.4186033 seconds, Stopping threads took: 0.0058657 seconds
2016-06-26T20:15:24.361+0300: 412.798: Total time for which application threads were stopped: 0.0012291 seconds, Stopping threads took: 0.0003152 seconds
2016-06-26T20:15:25.137+0300: 413.574: Total time for which application threads were stopped: 0.0062429 seconds, Stopping threads took: 0.0053658 seconds
2016-06-26T20:15:25.471+0300: 413.908: [Full GC (Ergonomics) [PSYoungGen: 792035K->0K(802816K)] [ParOldGen: 3494450K->3220455K(3495424K)] 4286486K->3220455K(4298240K), [Metaspace: 9022K->9022K(1058816K)], 0.3731300 secs] [Times: user=1.03 sys=0.02, real=0.37 secs] 
2016-06-26T20:15:25.844+0300: 414.281: Total time for which application threads were stopped: 0.3753418 seconds, Stopping threads took: 0.0018197 seconds
2016-06-26T20:15:26.132+0300: 414.569: Total time for which application threads were stopped: 0.0012971 seconds, Stopping threads took: 0.0007133 seconds
2016-06-26T20:15:26.941+0300: 415.378: [Full GC (Ergonomics) [PSYoungGen: 790787K->0K(802816K)] [ParOldGen: 3220455K->3486467K(3495424K)] 4011243K->3486467K(4298240K), [Metaspace: 9022K->9022K(1058816K)], 0.3969802 secs] [Times: user=1.19 sys=0.02, real=0.40 secs] 
2016-06-26T20:15:27.338+0300: 415.775: Total time for which application threads were stopped: 0.4006363 seconds, Stopping threads took: 0.0031681 seconds
2016-06-26T20:15:27.372+0300: 415.809: Total time for which application threads were stopped: 0.0012894 seconds, Stopping threads took: 0.0004041 seconds
2016-06-26T20:15:28.464+0300: 416.901: [Full GC (Ergonomics) [PSYoungGen: 790745K->166002K(802816K)] [ParOldGen: 3486467K->3494459K(3495424K)] 4277213K->3660461K(4298240K), [Metaspace: 9023K->9023K(1058816K)], 0.4047276 secs] [Times: user=1.50 sys=0.00, real=0.40 secs] 
2016-06-26T20:15:28.868+0300: 417.306: Total time for which application threads were stopped: 0.4068911 seconds, Stopping threads took: 0.0016614 seconds
2016-06-26T20:15:29.133+0300: 417.570: Total time for which application threads were stopped: 0.0016653 seconds, Stopping threads took: 0.0007304 seconds
2016-06-26T20:15:29.772+0300: 418.209: [Full GC (Ergonomics) [PSYoungGen: 792487K->86002K(802816K)] [ParOldGen: 3494459K->3494466K(3495424K)] 4286947K->3580469K(4298240K), [Metaspace: 9023K->9023K(1058816K)], 0.3881894 secs] [Times: user=1.44 sys=0.00, real=0.39 secs] 
2016-06-26T20:15:30.160+0300: 418.597: Total time for which application threads were stopped: 0.3904594 seconds, Stopping threads took: 0.0017722 seconds
2016-06-26T20:15:30.418+0300: 418.855: Total time for which application threads were stopped: 0.0011495 seconds, Stopping threads took: 0.0005286 seconds
2016-06-26T20:15:31.134+0300: 419.571: Total time for which application threads were stopped: 0.0026758 seconds, Stopping threads took: 0.0017448 seconds
2016-06-26T20:15:31.251+0300: 419.688: [Full GC (Ergonomics) [PSYoungGen: 791740K->26000K(802816K)] [ParOldGen: 3494466K->3494477K(3495424K)] 4286207K->3520477K(4298240K), [Metaspace: 9023K->9023K(1058816K)], 0.3809911 secs] [Times: user=1.34 sys=0.00, real=0.38 secs] 
2016-06-26T20:15:31.632+0300: 420.069: Total time for which application threads were stopped: 0.3819375 seconds, Stopping threads took: 0.0004597 seconds
2016-06-26T20:15:32.134+0300: 420.571: Total time for which application threads were stopped: 0.0021644 seconds, Stopping threads took: 0.0012573 seconds
2016-06-26T20:15:32.777+0300: 421.214: [Full GC (Ergonomics) [PSYoungGen: 790918K->0K(802816K)] [ParOldGen: 3494477K->3490485K(3495424K)] 4285395K->3490485K(4298240K), [Metaspace: 9023K->9023K(1058816K)], 0.3961835 secs] [Times: user=1.36 sys=0.00, real=0.40 secs] 
2016-06-26T20:15:33.173+0300: 421.610: Total time for which application threads were stopped: 0.4023379 seconds, Stopping threads took: 0.0056061 seconds
2016-06-26T20:15:33.429+0300: 421.866: Total time for which application threads were stopped: 0.0015049 seconds, Stopping threads took: 0.0007463 seconds
2016-06-26T20:15:33.435+0300: 421.872: Total time for which application threads were stopped: 0.0004157 seconds, Stopping threads took: 0.0000693 seconds
2016-06-26T20:15:34.135+0300: 422.572: Total time for which application threads were stopped: 0.0029333 seconds, Stopping threads took: 0.0020254 seconds
2016-06-26T20:15:34.373+0300: 422.810: [Full GC (Ergonomics) [PSYoungGen: 791723K->202001K(802816K)] [ParOldGen: 3490485K->3494495K(3495424K)] 4282208K->3696497K(4298240K), [Metaspace: 9023K->9023K(1058816K)], 0.4212992 secs] [Times: user=1.34 sys=0.00, real=0.42 secs] 
2016-06-26T20:15:34.795+0300: 423.231: Total time for which application threads were stopped: 0.4247320 seconds, Stopping threads took: 0.0029115 seconds
2016-06-26T20:15:35.134+0300: 423.571: Total time for which application threads were stopped: 0.0018133 seconds, Stopping threads took: 0.0008818 seconds
2016-06-26T20:15:35.686+0300: 424.123: [Full GC (Ergonomics) [PSYoungGen: 791258K->180002K(802816K)] [ParOldGen: 3494495K->3494495K(3495424K)] 4285754K->3674497K(4298240K), [Metaspace: 9023K->9023K(1058816K)], 0.4167195 secs] [Times: user=1.24 sys=0.00, real=0.42 secs] 
2016-06-26T20:15:36.103+0300: 424.540: Total time for which application threads were stopped: 0.4198978 seconds, Stopping threads took: 0.0026690 seconds
2016-06-26T20:15:36.134+0300: 424.571: Total time for which application threads were stopped: 0.0009284 seconds, Stopping threads took: 0.0000659 seconds
2016-06-26T20:15:37.006+0300: 425.443: [Full GC (Ergonomics) [PSYoungGen: 790825K->116002K(802816K)] [ParOldGen: 3494495K->3494511K(3495424K)] 4285320K->3610513K(4298240K), [Metaspace: 9023K->9023K(1058816K)], 0.4132696 secs] [Times: user=1.23 sys=0.02, real=0.41 secs] 
2016-06-26T20:15:37.419+0300: 425.857: Total time for which application threads were stopped: 0.4194402 seconds, Stopping threads took: 0.0056502 seconds
2016-06-26T20:15:37.490+0300: 425.927: Total time for which application threads were stopped: 0.0018051 seconds, Stopping threads took: 0.0008947 seconds
2016-06-26T20:15:38.453+0300: 426.889: [Full GC (Ergonomics) [PSYoungGen: 791034K->0K(802816K)] [ParOldGen: 3494511K->3430519K(3495424K)] 4285545K->3430519K(4298240K), [Metaspace: 9023K->9023K(1058816K)], 0.3902537 secs] [Times: user=1.23 sys=0.00, real=0.39 secs] 
2016-06-26T20:15:38.843+0300: 427.280: Total time for which application threads were stopped: 0.3940200 seconds, Stopping threads took: 0.0032651 seconds
2016-06-26T20:15:39.135+0300: 427.572: Total time for which application threads were stopped: 0.0017641 seconds, Stopping threads took: 0.0008852 seconds
2016-06-26T20:15:40.041+0300: 428.478: [Full GC (Ergonomics) [PSYoungGen: 790613K->22000K(802816K)] [ParOldGen: 3430519K->3494529K(3495424K)] 4221133K->3516529K(4298240K), [Metaspace: 9023K->9023K(1058816K)], 0.3822463 secs] [Times: user=1.47 sys=0.00, real=0.38 secs] 
2016-06-26T20:15:40.423+0300: 428.860: Total time for which application threads were stopped: 0.3848627 seconds, Stopping threads took: 0.0021002 seconds
2016-06-26T20:15:40.425+0300: 428.862: Total time for which application threads were stopped: 0.0006547 seconds, Stopping threads took: 0.0000594 seconds
2016-06-26T20:15:41.136+0300: 429.573: Total time for which application threads were stopped: 0.0017393 seconds, Stopping threads took: 0.0009066 seconds
2016-06-26T20:15:41.552+0300: 429.990: [Full GC (Ergonomics) [PSYoungGen: 791238K->176001K(802816K)] [ParOldGen: 3494529K->3494539K(3495424K)] 4285767K->3670541K(4298240K), [Metaspace: 9023K->9023K(1058816K)], 0.3944827 secs] [Times: user=1.50 sys=0.00, real=0.39 secs] 
2016-06-26T20:15:41.947+0300: 430.384: Total time for which application threads were stopped: 0.3962742 seconds, Stopping threads took: 0.0012787 seconds
2016-06-26T20:15:42.135+0300: 430.573: Total time for which application threads were stopped: 0.0013129 seconds, Stopping threads took: 0.0005008 seconds
2016-06-26T20:15:42.886+0300: 431.323: [Full GC (Ergonomics) [PSYoungGen: 792189K->150003K(802816K)] [ParOldGen: 3494539K->3494545K(3495424K)] 4286729K->3644549K(4298240K), [Metaspace: 9023K->9023K(1058816K)], 0.3926558 secs] [Times: user=1.55 sys=0.00, real=0.39 secs] 
2016-06-26T20:15:43.279+0300: 431.716: Total time for which application threads were stopped: 0.3944699 seconds, Stopping threads took: 0.0013441 seconds
2016-06-26T20:15:43.441+0300: 431.878: Total time for which application threads were stopped: 0.0014237 seconds, Stopping threads took: 0.0004867 seconds
2016-06-26T20:15:44.138+0300: 432.575: Total time for which application threads were stopped: 0.0034341 seconds, Stopping threads took: 0.0025296 seconds
2016-06-26T20:15:44.146+0300: 432.583: Total time for which application threads were stopped: 0.0015203 seconds, Stopping threads took: 0.0000727 seconds
2016-06-26T20:15:44.225+0300: 432.662: [Full GC (Ergonomics) [PSYoungGen: 792015K->176004K(802816K)] [ParOldGen: 3494545K->3494555K(3495424K)] 4286561K->3670560K(4298240K), [Metaspace: 9023K->9023K(1058816K)], 0.4180850 secs] [Times: user=1.34 sys=0.00, real=0.42 secs] 
2016-06-26T20:15:44.643+0300: 433.080: Total time for which application threads were stopped: 0.4224684 seconds, Stopping threads took: 0.0038515 seconds
2016-06-26T20:15:45.138+0300: 433.575: Total time for which application threads were stopped: 0.0024992 seconds, Stopping threads took: 0.0015656 seconds
2016-06-26T20:15:45.541+0300: 433.978: [Full GC (Ergonomics) [PSYoungGen: 791256K->0K(802816K)] [ParOldGen: 3494555K->3492556K(3495424K)] 4285811K->3492556K(4298240K), [Metaspace: 9023K->9023K(1058816K)], 0.4015617 secs] [Times: user=1.31 sys=0.00, real=0.40 secs] 
2016-06-26T20:15:45.943+0300: 434.379: Total time for which application threads were stopped: 0.4057258 seconds, Stopping threads took: 0.0036342 seconds
2016-06-26T20:15:46.138+0300: 434.575: Total time for which application threads were stopped: 0.0021331 seconds, Stopping threads took: 0.0011940 seconds
2016-06-26T20:15:47.139+0300: 435.576: Total time for which application threads were stopped: 0.0036030 seconds, Stopping threads took: 0.0026912 seconds
2016-06-26T20:15:47.149+0300: 435.586: [Full GC (Ergonomics) [PSYoungGen: 791131K->84000K(802816K)] [ParOldGen: 3492556K->3494575K(3495424K)] 4283688K->3578576K(4298240K), [Metaspace: 9023K->9023K(1058816K)], 0.4102508 secs] [Times: user=1.33 sys=0.00, real=0.41 secs] 
2016-06-26T20:15:47.559+0300: 435.996: Total time for which application threads were stopped: 0.4114230 seconds, Stopping threads took: 0.0006500 seconds
2016-06-26T20:15:48.141+0300: 436.577: Total time for which application threads were stopped: 0.0042731 seconds, Stopping threads took: 0.0033105 seconds
2016-06-26T20:15:48.600+0300: 437.037: [Full GC (Ergonomics) [PSYoungGen: 792508K->58000K(802816K)] [ParOldGen: 3494575K->3494574K(3495424K)] 4287083K->3552575K(4298240K), [Metaspace: 9023K->9023K(1058816K)], 0.4107563 secs] [Times: user=1.26 sys=0.00, real=0.41 secs] 
2016-06-26T20:15:49.011+0300: 437.448: Total time for which application threads were stopped: 0.4131285 seconds, Stopping threads took: 0.0018188 seconds
2016-06-26T20:15:49.139+0300: 437.577: Total time for which application threads were stopped: 0.0032805 seconds, Stopping threads took: 0.0024145 seconds
2016-06-26T20:15:50.129+0300: 438.566: [Full GC (Ergonomics) [PSYoungGen: 791121K->206004K(802816K)] [ParOldGen: 3494574K->3494590K(3495424K)] 4285696K->3700595K(4298240K), [Metaspace: 9023K->9023K(1058816K)], 0.4212560 secs] [Times: user=1.34 sys=0.00, real=0.42 secs] 
2016-06-26T20:15:50.550+0300: 438.988: Total time for which application threads were stopped: 0.4250262 seconds, Stopping threads took: 0.0032651 seconds
2016-06-26T20:15:50.553+0300: 438.990: Total time for which application threads were stopped: 0.0009896 seconds, Stopping threads took: 0.0000697 seconds
2016-06-26T20:15:51.138+0300: 439.575: Total time for which application threads were stopped: 0.0019681 seconds, Stopping threads took: 0.0011145 seconds
2016-06-26T20:15:51.407+0300: 439.844: [Full GC (Ergonomics) [PSYoungGen: 791045K->206005K(802816K)] [ParOldGen: 3494590K->3494598K(3495424K)] 4285636K->3700604K(4298240K), [Metaspace: 9023K->9023K(1058816K)], 0.4006170 secs] [Times: user=1.47 sys=0.00, real=0.40 secs] 
2016-06-26T20:15:51.808+0300: 440.245: Total time for which application threads were stopped: 0.4022767 seconds, Stopping threads took: 0.0011645 seconds
2016-06-26T20:15:52.138+0300: 440.575: Total time for which application threads were stopped: 0.0014057 seconds, Stopping threads took: 0.0006885 seconds
2016-06-26T20:15:52.688+0300: 441.125: [Full GC (Ergonomics) [PSYoungGen: 791807K->0K(802816K)] [ParOldGen: 3494598K->3492609K(3495424K)] 4286406K->3492609K(4298240K), [Metaspace: 9023K->9023K(1058816K)], 0.3763934 secs] [Times: user=1.45 sys=0.00, real=0.38 secs] 
2016-06-26T20:15:53.065+0300: 441.502: Total time for which application threads were stopped: 0.3779347 seconds, Stopping threads took: 0.0010516 seconds
2016-06-26T20:15:53.138+0300: 441.575: Total time for which application threads were stopped: 0.0008579 seconds, Stopping threads took: 0.0001920 seconds
2016-06-26T20:15:54.139+0300: 442.576: Total time for which application threads were stopped: 0.0022208 seconds, Stopping threads took: 0.0014048 seconds
2016-06-26T20:15:54.146+0300: 442.583: Total time for which application threads were stopped: 0.0003845 seconds, Stopping threads took: 0.0001163 seconds
2016-06-26T20:15:54.254+0300: 442.691: [Full GC (Ergonomics) [PSYoungGen: 792070K->116000K(802816K)] [ParOldGen: 3492609K->3494619K(3495424K)] 4284680K->3610620K(4298240K), [Metaspace: 9023K->9023K(1058816K)], 0.3930676 secs] [Times: user=1.52 sys=0.00, real=0.39 secs] 
2016-06-26T20:15:54.648+0300: 443.085: Total time for which application threads were stopped: 0.3937168 seconds, Stopping threads took: 0.0002301 seconds
2016-06-26T20:15:55.139+0300: 443.576: Total time for which application threads were stopped: 0.0015507 seconds, Stopping threads took: 0.0009028 seconds
2016-06-26T20:15:55.607+0300: 444.044: [Full GC (Ergonomics) [PSYoungGen: 791839K->150001K(802816K)] [ParOldGen: 3494619K->3494619K(3495424K)] 4286458K->3644621K(4298240K), [Metaspace: 9023K->9023K(1058816K)], 0.4121154 secs] [Times: user=1.39 sys=0.00, real=0.41 secs] 
2016-06-26T20:15:56.020+0300: 444.457: Total time for which application threads were stopped: 0.4138046 seconds, Stopping threads took: 0.0011628 seconds
2016-06-26T20:15:56.494+0300: 444.931: Total time for which application threads were stopped: 0.0024423 seconds, Stopping threads took: 0.0015152 seconds
2016-06-26T20:15:57.090+0300: 445.527: [Full GC (Ergonomics) [PSYoungGen: 792572K->28000K(802816K)] [ParOldGen: 3494619K->3494639K(3495424K)] 4287192K->3522639K(4298240K), [Metaspace: 9023K->9023K(1058816K)], 0.4056830 secs] [Times: user=1.27 sys=0.00, real=0.41 secs] 
2016-06-26T20:15:57.496+0300: 445.933: Total time for which application threads were stopped: 0.4086518 seconds, Stopping threads took: 0.0025056 seconds
2016-06-26T20:15:58.142+0300: 446.579: Total time for which application threads were stopped: 0.0043557 seconds, Stopping threads took: 0.0035085 seconds
2016-06-26T20:15:58.623+0300: 447.059: [Full GC (Ergonomics) [PSYoungGen: 791293K->120000K(802816K)] [ParOldGen: 3494639K->3494646K(3495424K)] 4285932K->3614647K(4298240K), [Metaspace: 9023K->9023K(1058816K)], 0.4240097 secs] [Times: user=1.30 sys=0.02, real=0.42 secs] 
2016-06-26T20:15:59.046+0300: 447.484: Total time for which application threads were stopped: 0.4311986 seconds, Stopping threads took: 0.0067501 seconds
2016-06-26T20:15:59.143+0300: 447.580: Total time for which application threads were stopped: 0.0041444 seconds, Stopping threads took: 0.0033293 seconds
2016-06-26T20:16:00.034+0300: 448.471: [Full GC (Ergonomics) [PSYoungGen: 791819K->26000K(802816K)] [ParOldGen: 3494646K->3494671K(3495424K)] 4286466K->3520671K(4298240K), [Metaspace: 9023K->9023K(1058816K)], 0.4136536 secs] [Times: user=1.20 sys=0.00, real=0.41 secs] 
2016-06-26T20:16:00.448+0300: 448.885: Total time for which application threads were stopped: 0.4240131 seconds, Stopping threads took: 0.0098279 seconds
2016-06-26T20:16:00.448+0300: 448.885: Total time for which application threads were stopped: 0.0005012 seconds, Stopping threads took: 0.0001574 seconds
2016-06-26T20:16:01.381+0300: 449.818: Total time for which application threads were stopped: 0.0078329 seconds, Stopping threads took: 0.0068514 seconds
2016-06-26T20:16:01.568+0300: 450.005: [Full GC (Ergonomics) [PSYoungGen: 791457K->0K(802816K)] [ParOldGen: 3494671K->3460679K(3495424K)] 4286129K->3460679K(4298240K), [Metaspace: 9023K->9023K(1058816K)], 0.3992579 secs] [Times: user=1.20 sys=0.00, real=0.40 secs] 
2016-06-26T20:16:01.967+0300: 450.404: Total time for which application threads were stopped: 0.4014809 seconds, Stopping threads took: 0.0017397 seconds
2016-06-26T20:16:02.141+0300: 450.577: Total time for which application threads were stopped: 0.0014848 seconds, Stopping threads took: 0.0005718 seconds
2016-06-26T20:16:03.146+0300: 451.583: Total time for which application threads were stopped: 0.0068185 seconds, Stopping threads took: 0.0057327 seconds
2016-06-26T20:16:03.149+0300: 451.586: [Full GC (Ergonomics) [PSYoungGen: 791890K->172175K(802816K)] [ParOldGen: 3460679K->3494688K(3495424K)] 4252570K->3666864K(4298240K), [Metaspace: 9026K->9026K(1058816K)], 0.4039215 secs] [Times: user=1.50 sys=0.00, real=0.40 secs] 
2016-06-26T20:16:03.553+0300: 451.990: Total time for which application threads were stopped: 0.4044954 seconds, Stopping threads took: 0.0000633 seconds
2016-06-26T20:16:04.515+0300: 452.952: [Full GC (Ergonomics) [PSYoungGen: 791535K->146012K(802816K)] [ParOldGen: 3494688K->3494687K(3495424K)] 4286224K->3640699K(4298240K), [Metaspace: 9026K->9026K(1058816K)], 0.3904820 secs] [Times: user=1.52 sys=0.00, real=0.39 secs] 
2016-06-26T20:16:04.905+0300: 453.342: Total time for which application threads were stopped: 0.3921383 seconds, Stopping threads took: 0.0012162 seconds
2016-06-26T20:16:05.141+0300: 453.578: Total time for which application threads were stopped: 0.0012068 seconds, Stopping threads took: 0.0004482 seconds
2016-06-26T20:16:05.850+0300: 454.287: [Full GC (Ergonomics) [PSYoungGen: 790656K->86001K(802816K)] [ParOldGen: 3494687K->3494705K(3495424K)] 4285344K->3580707K(4298240K), [Metaspace: 9026K->9026K(1058816K)], 0.3848340 secs] [Times: user=1.47 sys=0.00, real=0.38 secs] 
2016-06-26T20:16:06.235+0300: 454.672: Total time for which application threads were stopped: 0.3872225 seconds, Stopping threads took: 0.0019129 seconds
2016-06-26T20:16:06.434+0300: 454.871: Total time for which application threads were stopped: 0.0010777 seconds, Stopping threads took: 0.0004336 seconds
2016-06-26T20:16:07.147+0300: 455.585: Total time for which application threads were stopped: 0.0073133 seconds, Stopping threads took: 0.0063789 seconds
2016-06-26T20:16:07.154+0300: 455.591: Total time for which application threads were stopped: 0.0004371 seconds, Stopping threads took: 0.0000689 seconds
2016-06-26T20:16:07.280+0300: 455.717: [Full GC (Ergonomics) [PSYoungGen: 790688K->146002K(802816K)] [ParOldGen: 3494705K->3494715K(3495424K)] 4285393K->3640717K(4298240K), [Metaspace: 9026K->9026K(1058816K)], 0.4153600 secs] [Times: user=1.31 sys=0.00, real=0.42 secs] 
2016-06-26T20:16:07.696+0300: 456.133: Total time for which application threads were stopped: 0.4172455 seconds, Stopping threads took: 0.0013497 seconds
2016-06-26T20:16:08.147+0300: 456.584: Total time for which application threads were stopped: 0.0071786 seconds, Stopping threads took: 0.0061539 seconds
2016-06-26T20:16:08.711+0300: 457.148: [Full GC (Ergonomics) [PSYoungGen: 792265K->0K(802816K)] [ParOldGen: 3494715K->3492747K(3495424K)] 4286980K->3492747K(4298240K), [Metaspace: 9026K->9026K(1058816K)], 0.3988089 secs] [Times: user=1.39 sys=0.00, real=0.40 secs] 
2016-06-26T20:16:09.110+0300: 457.547: Total time for which application threads were stopped: 0.4011477 seconds, Stopping threads took: 0.0018064 seconds
2016-06-26T20:16:09.142+0300: 457.579: Total time for which application threads were stopped: 0.0010589 seconds, Stopping threads took: 0.0000979 seconds
2016-06-26T20:16:10.146+0300: 458.583: Total time for which application threads were stopped: 0.0054325 seconds, Stopping threads took: 0.0044934 seconds
2016-06-26T20:16:10.289+0300: 458.726: [Full GC (Ergonomics) [PSYoungGen: 792432K->116000K(802816K)] [ParOldGen: 3492747K->3494733K(3495424K)] 4285180K->3610734K(4298240K), [Metaspace: 9026K->9026K(1058816K)], 0.4087223 secs] [Times: user=1.33 sys=0.00, real=0.41 secs] 
2016-06-26T20:16:10.698+0300: 459.135: Total time for which application threads were stopped: 0.4137990 seconds, Stopping threads took: 0.0045464 seconds
2016-06-26T20:16:11.481+0300: 459.918: Total time for which application threads were stopped: 0.0041200 seconds, Stopping threads took: 0.0032194 seconds
2016-06-26T20:16:11.851+0300: 460.288: [Full GC (Ergonomics) [PSYoungGen: 792066K->0K(802816K)] [ParOldGen: 3494733K->3462744K(3495424K)] 4286800K->3462744K(4298240K), [Metaspace: 9026K->9026K(1058816K)], 0.3992096 secs] [Times: user=1.23 sys=0.00, real=0.40 secs] 
2016-06-26T20:16:12.250+0300: 460.687: Total time for which application threads were stopped: 0.4011550 seconds, Stopping threads took: 0.0015297 seconds
2016-06-26T20:16:13.149+0300: 461.586: Total time for which application threads were stopped: 0.0075344 seconds, Stopping threads took: 0.0064191 seconds
2016-06-26T20:16:13.444+0300: 461.881: [Full GC (Ergonomics) [PSYoungGen: 790770K->0K(802816K)] [ParOldGen: 3462744K->3458751K(3495424K)] 4253514K->3458751K(4298240K), [Metaspace: 9026K->9026K(1058816K)], 0.3983034 secs] [Times: user=1.17 sys=0.00, real=0.40 secs] 
2016-06-26T20:16:13.842+0300: 462.279: Total time for which application threads were stopped: 0.3994748 seconds, Stopping threads took: 0.0007847 seconds
2016-06-26T20:16:14.143+0300: 462.580: Total time for which application threads were stopped: 0.0011671 seconds, Stopping threads took: 0.0006851 seconds
2016-06-26T20:16:14.919+0300: 463.356: [Full GC (Ergonomics) [PSYoungGen: 790619K->0K(802816K)] [ParOldGen: 3458751K->3456758K(3495424K)] 4249370K->3456758K(4298240K), [Metaspace: 9026K->9026K(1058816K)], 0.3798890 secs] [Times: user=1.38 sys=0.00, real=0.38 secs] 
2016-06-26T20:16:15.300+0300: 463.736: Total time for which application threads were stopped: 0.3817750 seconds, Stopping threads took: 0.0013847 seconds
2016-06-26T20:16:15.302+0300: 463.739: Total time for which application threads were stopped: 0.0008861 seconds, Stopping threads took: 0.0000663 seconds
2016-06-26T20:16:16.145+0300: 464.582: Total time for which application threads were stopped: 0.0031625 seconds, Stopping threads took: 0.0023046 seconds
2016-06-26T20:16:16.586+0300: 465.023: [Full GC (Ergonomics) [PSYoungGen: 791873K->0K(802816K)] [ParOldGen: 3456758K->3332766K(3495424K)] 4248632K->3332766K(4298240K), [Metaspace: 9026K->9026K(1058816K)], 0.3599249 secs] [Times: user=1.39 sys=0.00, real=0.36 secs] 
2016-06-26T20:16:16.946+0300: 465.383: Total time for which application threads were stopped: 0.3611420 seconds, Stopping threads took: 0.0008036 seconds
2016-06-26T20:16:17.143+0300: 465.581: Total time for which application threads were stopped: 0.0012800 seconds, Stopping threads took: 0.0005410 seconds
2016-06-26T20:16:18.015+0300: 466.452: [Full GC (Ergonomics) [PSYoungGen: 791688K->44000K(802816K)] [ParOldGen: 3332766K->3494776K(3495424K)] 4124454K->3538777K(4298240K), [Metaspace: 9026K->9026K(1058816K)], 0.3809330 secs] [Times: user=1.42 sys=0.00, real=0.38 secs] 
2016-06-26T20:16:18.396+0300: 466.833: Total time for which application threads were stopped: 0.3833860 seconds, Stopping threads took: 0.0019471 seconds
2016-06-26T20:16:18.430+0300: 466.867: Total time for which application threads were stopped: 0.0013249 seconds, Stopping threads took: 0.0001569 seconds
2016-06-26T20:16:19.306+0300: 467.744: Total time for which application threads were stopped: 0.0018761 seconds, Stopping threads took: 0.0015336 seconds
2016-06-26T20:16:19.638+0300: 468.074: [Full GC (Ergonomics) [PSYoungGen: 792173K->0K(802816K)] [ParOldGen: 3494776K->3460786K(3495424K)] 4286949K->3460786K(4298240K), [Metaspace: 9028K->9028K(1058816K)], 0.3984805 secs] [Times: user=1.34 sys=0.00, real=0.40 secs] 
2016-06-26T20:16:20.036+0300: 468.473: Total time for which application threads were stopped: 0.3999259 seconds, Stopping threads took: 0.0010533 seconds
2016-06-26T20:16:20.151+0300: 468.588: Total time for which application threads were stopped: 0.0079809 seconds, Stopping threads took: 0.0073048 seconds
2016-06-26T20:16:21.123+0300: 469.560: [Full GC (Ergonomics) [PSYoungGen: 792391K->82001K(802816K)] [ParOldGen: 3460786K->3494793K(3495424K)] 4253177K->3576795K(4298240K), [Metaspace: 9028K->9028K(1058816K)], 0.4122535 secs] [Times: user=1.28 sys=0.00, real=0.41 secs] 
2016-06-26T20:16:21.536+0300: 469.973: Total time for which application threads were stopped: 0.4176304 seconds, Stopping threads took: 0.0048235 seconds
2016-06-26T20:16:21.539+0300: 469.976: Total time for which application threads were stopped: 0.0009768 seconds, Stopping threads took: 0.0000723 seconds
2016-06-26T20:16:22.151+0300: 470.588: Total time for which application threads were stopped: 0.0082259 seconds, Stopping threads took: 0.0072188 seconds
2016-06-26T20:16:22.537+0300: 470.974: [Full GC (Ergonomics) [PSYoungGen: 792494K->0K(802816K)] [ParOldGen: 3494793K->3400801K(3495424K)] 4287288K->3400801K(4298240K), [Metaspace: 9028K->9028K(1058816K)], 0.3895677 secs] [Times: user=1.23 sys=0.00, real=0.39 secs] 
2016-06-26T20:16:22.927+0300: 471.364: Total time for which application threads were stopped: 0.3934264 seconds, Stopping threads took: 0.0033242 seconds
2016-06-26T20:16:23.493+0300: 471.930: Total time for which application threads were stopped: 0.0058606 seconds, Stopping threads took: 0.0049390 seconds
2016-06-26T20:16:24.190+0300: 472.628: [Full GC (Ergonomics) [PSYoungGen: 791167K->0K(802816K)] [ParOldGen: 3400801K->3426813K(3495424K)] 4191968K->3426813K(4298240K), [Metaspace: 9028K->9028K(1058816K)], 0.4056381 secs] [Times: user=1.16 sys=0.00, real=0.41 secs] 
2016-06-26T20:16:24.596+0300: 473.033: Total time for which application threads were stopped: 0.4090756 seconds, Stopping threads took: 0.0029153 seconds
2016-06-26T20:16:25.235+0300: 473.672: Total time for which application threads were stopped: 0.0024128 seconds, Stopping threads took: 0.0016148 seconds
2016-06-26T20:16:25.813+0300: 474.250: [Full GC (Ergonomics) [PSYoungGen: 792073K->0K(802816K)] [ParOldGen: 3426813K->3427001K(3495424K)] 4218887K->3427001K(4298240K), [Metaspace: 9028K->9028K(1058816K)], 0.3901361 secs] [Times: user=1.25 sys=0.00, real=0.39 secs] 
2016-06-26T20:16:26.203+0300: 474.640: Total time for which application threads were stopped: 0.3968618 seconds, Stopping threads took: 0.0061360 seconds
2016-06-26T20:16:27.147+0300: 475.585: Total time for which application threads were stopped: 0.0027793 seconds, Stopping threads took: 0.0018791 seconds
2016-06-26T20:16:27.339+0300: 475.775: [Full GC (Ergonomics) [PSYoungGen: 791686K->76000K(802816K)] [ParOldGen: 3427001K->3494829K(3495424K)] 4218688K->3570830K(4298240K), [Metaspace: 9028K->9028K(1058816K)], 0.4231369 secs] [Times: user=1.36 sys=0.00, real=0.42 secs] 
2016-06-26T20:16:27.762+0300: 476.199: Total time for which application threads were stopped: 0.4244309 seconds, Stopping threads took: 0.0007912 seconds
2016-06-26T20:16:28.147+0300: 476.584: Total time for which application threads were stopped: 0.0020921 seconds, Stopping threads took: 0.0011269 seconds
2016-06-26T20:16:28.795+0300: 477.232: [Full GC (Ergonomics) [PSYoungGen: 792429K->90000K(802816K)] [ParOldGen: 3494829K->3494812K(3495424K)] 4287258K->3584813K(4298240K), [Metaspace: 9028K->9028K(1058816K)], 0.3941646 secs] [Times: user=1.42 sys=0.00, real=0.39 secs] 
2016-06-26T20:16:29.189+0300: 477.627: Total time for which application threads were stopped: 0.3967314 seconds, Stopping threads took: 0.0020433 seconds
2016-06-26T20:16:29.452+0300: 477.889: Total time for which application threads were stopped: 0.0016623 seconds, Stopping threads took: 0.0006821 seconds
2016-06-26T20:16:30.147+0300: 478.584: Total time for which application threads were stopped: 0.0020023 seconds, Stopping threads took: 0.0013240 seconds
2016-06-26T20:16:30.247+0300: 478.684: [Full GC (Ergonomics) [PSYoungGen: 792317K->54000K(802816K)] [ParOldGen: 3494812K->3494830K(3495424K)] 4287129K->3548831K(4298240K), [Metaspace: 9029K->9029K(1058816K)], 0.3896990 secs] [Times: user=1.44 sys=0.00, real=0.39 secs] 
2016-06-26T20:16:30.636+0300: 479.074: Total time for which application threads were stopped: 0.3910205 seconds, Stopping threads took: 0.0008408 seconds
2016-06-26T20:16:31.147+0300: 479.585: Total time for which application threads were stopped: 0.0020574 seconds, Stopping threads took: 0.0011790 seconds
2016-06-26T20:16:31.754+0300: 480.191: [Full GC (Ergonomics) [PSYoungGen: 792558K->0K(802816K)] [ParOldGen: 3494830K->3460838K(3495424K)] 4287389K->3460838K(4298240K), [Metaspace: 9029K->9029K(1058816K)], 0.3996403 secs] [Times: user=1.28 sys=0.00, real=0.40 secs] 
2016-06-26T20:16:32.154+0300: 480.591: Total time for which application threads were stopped: 0.4036546 seconds, Stopping threads took: 0.0034593 seconds
2016-06-26T20:16:33.062+0300: 481.499: Total time for which application threads were stopped: 0.0047388 seconds, Stopping threads took: 0.0043856 seconds
2016-06-26T20:16:33.150+0300: 481.587: Total time for which application threads were stopped: 0.0045361 seconds, Stopping threads took: 0.0036376 seconds
2016-06-26T20:16:33.312+0300: 481.749: [Full GC (Ergonomics) [PSYoungGen: 792016K->142001K(802816K)] [ParOldGen: 3460838K->3494849K(3495424K)] 4252855K->3636850K(4298240K), [Metaspace: 9029K->9029K(1058816K)], 0.4191246 secs] [Times: user=1.31 sys=0.01, real=0.42 secs] 
2016-06-26T20:16:33.731+0300: 482.168: Total time for which application threads were stopped: 0.4254047 seconds, Stopping threads took: 0.0057652 seconds
2016-06-26T20:16:34.149+0300: 482.586: Total time for which application threads were stopped: 0.0028319 seconds, Stopping threads took: 0.0018787 seconds
2016-06-26T20:16:34.712+0300: 483.150: [Full GC (Ergonomics) [PSYoungGen: 790705K->150001K(802816K)] [ParOldGen: 3494849K->3494849K(3495424K)] 4285554K->3644850K(4298240K), [Metaspace: 9029K->9029K(1058816K)], 0.4153903 secs] [Times: user=1.41 sys=0.00, real=0.42 secs] 
2016-06-26T20:16:35.128+0300: 483.565: Total time for which application threads were stopped: 0.4176479 seconds, Stopping threads took: 0.0017367 seconds
2016-06-26T20:16:35.500+0300: 483.937: Total time for which application threads were stopped: 0.0036860 seconds, Stopping threads took: 0.0026899 seconds
2016-06-26T20:16:36.144+0300: 484.581: [Full GC (Ergonomics) [PSYoungGen: 792414K->86001K(802816K)] [ParOldGen: 3494849K->3494885K(3495424K)] 4287263K->3580887K(4298240K), [Metaspace: 9029K->9029K(1058816K)], 0.4178434 secs] [Times: user=1.20 sys=0.00, real=0.42 secs] 
2016-06-26T20:16:36.562+0300: 484.999: Total time for which application threads were stopped: 0.4205667 seconds, Stopping threads took: 0.0022743 seconds
2016-06-26T20:16:37.168+0300: 485.605: Total time for which application threads were stopped: 0.0035739 seconds, Stopping threads took: 0.0027220 seconds
2016-06-26T20:16:37.659+0300: 486.097: Total time for which application threads were stopped: 0.0037394 seconds, Stopping threads took: 0.0034691 seconds
2016-06-26T20:16:37.660+0300: 486.097: [Full GC (Ergonomics) [PSYoungGen: 791131K->90000K(802816K)] [ParOldGen: 3494885K->3494892K(3495424K)] 4286016K->3584893K(4298240K), [Metaspace: 9034K->9034K(1058816K)], 0.4068796 secs] [Times: user=1.30 sys=0.00, real=0.41 secs] 
2016-06-26T20:16:38.067+0300: 486.504: Total time for which application threads were stopped: 0.4073201 seconds, Stopping threads took: 0.0000355 seconds
2016-06-26T20:16:38.148+0300: 486.585: Total time for which application threads were stopped: 0.0009537 seconds, Stopping threads took: 0.0001950 seconds
2016-06-26T20:16:39.056+0300: 487.493: [Full GC (Ergonomics) [PSYoungGen: 790854K->0K(802816K)] [ParOldGen: 3494892K->3428899K(3495424K)] 4285747K->3428899K(4298240K), [Metaspace: 9035K->9035K(1058816K)], 0.3735029 secs] [Times: user=1.41 sys=0.00, real=0.37 secs] 
2016-06-26T20:16:39.429+0300: 487.866: Total time for which application threads were stopped: 0.3756737 seconds, Stopping threads took: 0.0016798 seconds
2016-06-26T20:16:39.432+0300: 487.869: Total time for which application threads were stopped: 0.0006992 seconds, Stopping threads took: 0.0000680 seconds
2016-06-26T20:16:40.150+0300: 488.587: Total time for which application threads were stopped: 0.0017465 seconds, Stopping threads took: 0.0010922 seconds
2016-06-26T20:16:40.576+0300: 489.013: [Full GC (Ergonomics) [PSYoungGen: 792521K->80000K(802816K)] [ParOldGen: 3428899K->3494910K(3495424K)] 4221420K->3574910K(4298240K), [Metaspace: 9035K->9035K(1058816K)], 0.3902109 secs] [Times: user=1.44 sys=0.00, real=0.39 secs] 
2016-06-26T20:16:40.966+0300: 489.403: Total time for which application threads were stopped: 0.3912839 seconds, Stopping threads took: 0.0006483 seconds
2016-06-26T20:16:41.150+0300: 489.587: Total time for which application threads were stopped: 0.0009755 seconds, Stopping threads took: 0.0002793 seconds
2016-06-26T20:16:42.005+0300: 490.442: [Full GC (Ergonomics) [PSYoungGen: 790961K->26000K(802816K)] [ParOldGen: 3494910K->3494918K(3495424K)] 4285871K->3520918K(4298240K), [Metaspace: 9038K->9038K(1058816K)], 0.3852022 secs] [Times: user=1.50 sys=0.00, real=0.38 secs] 
2016-06-26T20:16:42.390+0300: 490.827: Total time for which application threads were stopped: 0.3872716 seconds, Stopping threads took: 0.0016537 seconds
2016-06-26T20:16:42.470+0300: 490.907: Total time for which application threads were stopped: 0.0008155 seconds, Stopping threads took: 0.0002010 seconds
2016-06-26T20:16:43.580+0300: 492.017: [Full GC (Ergonomics) [PSYoungGen: 791977K->176001K(802816K)] [ParOldGen: 3494918K->3494928K(3495424K)] 4286895K->3670930K(4298240K), [Metaspace: 9038K->9038K(1058816K)], 0.4207848 secs] [Times: user=1.22 sys=0.00, real=0.42 secs] 
2016-06-26T20:16:44.001+0300: 492.438: Total time for which application threads were stopped: 0.4238707 seconds, Stopping threads took: 0.0025728 seconds
2016-06-26T20:16:44.152+0300: 492.589: Total time for which application threads were stopped: 0.0016003 seconds, Stopping threads took: 0.0007364 seconds
2016-06-26T20:16:44.159+0300: 492.595: Total time for which application threads were stopped: 0.0004602 seconds, Stopping threads took: 0.0000629 seconds
2016-06-26T20:16:44.898+0300: 493.335: [Full GC (Ergonomics) [PSYoungGen: 791721K->26000K(802816K)] [ParOldGen: 3494928K->3494935K(3495424K)] 4286650K->3520936K(4298240K), [Metaspace: 9038K->9038K(1058816K)], 0.4049616 secs] [Times: user=1.28 sys=0.00, real=0.40 secs] 
2016-06-26T20:16:45.303+0300: 493.740: Total time for which application threads were stopped: 0.4073500 seconds, Stopping threads took: 0.0018958 seconds
2016-06-26T20:16:45.499+0300: 493.936: Total time for which application threads were stopped: 0.0023628 seconds, Stopping threads took: 0.0014211 seconds
2016-06-26T20:16:46.459+0300: 494.896: [Full GC (Ergonomics) [PSYoungGen: 790791K->0K(802816K)] [ParOldGen: 3494935K->3430943K(3495424K)] 4285727K->3430943K(4298240K), [Metaspace: 9038K->9038K(1058816K)], 0.3944396 secs] [Times: user=1.22 sys=0.00, real=0.39 secs] 
2016-06-26T20:16:46.854+0300: 495.291: Total time for which application threads were stopped: 0.3972599 seconds, Stopping threads took: 0.0023200 seconds
2016-06-26T20:16:47.155+0300: 495.592: Total time for which application threads were stopped: 0.0036445 seconds, Stopping threads took: 0.0026130 seconds
2016-06-26T20:16:48.035+0300: 496.472: [Full GC (Ergonomics) [PSYoungGen: 791048K->22000K(802816K)] [ParOldGen: 3430943K->3494954K(3495424K)] 4221992K->3516954K(4298240K), [Metaspace: 9038K->9038K(1058816K)], 0.4099249 secs] [Times: user=1.20 sys=0.00, real=0.41 secs] 
2016-06-26T20:16:48.445+0300: 496.882: Total time for which application threads were stopped: 0.4147390 seconds, Stopping threads took: 0.0043056 seconds
2016-06-26T20:16:48.481+0300: 496.918: Total time for which application threads were stopped: 0.0023829 seconds, Stopping threads took: 0.0014104 seconds
2016-06-26T20:16:49.156+0300: 497.593: Total time for which application threads were stopped: 0.0032433 seconds, Stopping threads took: 0.0022679 seconds
2016-06-26T20:16:49.598+0300: 498.035: [Full GC (Ergonomics) [PSYoungGen: 791861K->116000K(802816K)] [ParOldGen: 3494954K->3494963K(3495424K)] 4286815K->3610964K(4298240K), [Metaspace: 9038K->9038K(1058816K)], 0.4106365 secs] [Times: user=1.34 sys=0.00, real=0.41 secs] 
2016-06-26T20:16:50.009+0300: 498.446: Total time for which application threads were stopped: 0.4125062 seconds, Stopping threads took: 0.0013638 seconds
2016-06-26T20:16:50.513+0300: 498.950: Total time for which application threads were stopped: 0.0018911 seconds, Stopping threads took: 0.0009528 seconds
2016-06-26T20:16:51.114+0300: 499.551: [Full GC (Ergonomics) [PSYoungGen: 790924K->116001K(802816K)] [ParOldGen: 3494963K->3494974K(3495424K)] 4285888K->3610975K(4298240K), [Metaspace: 9038K->9038K(1058816K)], 0.3944327 secs] [Times: user=1.31 sys=0.00, real=0.39 secs] 
2016-06-26T20:16:51.508+0300: 499.945: Total time for which application threads were stopped: 0.3961429 seconds, Stopping threads took: 0.0013505 seconds
2016-06-26T20:16:52.444+0300: 500.880: Total time for which application threads were stopped: 0.0032369 seconds, Stopping threads took: 0.0022110 seconds
2016-06-26T20:16:52.458+0300: 500.895: [Full GC (Ergonomics) [PSYoungGen: 791490K->86003K(802816K)] [ParOldGen: 3494974K->3494979K(3495424K)] 4286465K->3580983K(4298240K), [Metaspace: 9038K->9038K(1058816K)], 0.3926242 secs] [Times: user=1.44 sys=0.02, real=0.39 secs] 
2016-06-26T20:16:52.851+0300: 501.288: Total time for which application threads were stopped: 0.3932426 seconds, Stopping threads took: 0.0000740 seconds
2016-06-26T20:16:53.412+0300: 501.849: Total time for which application threads were stopped: 0.0022306 seconds, Stopping threads took: 0.0012791 seconds
2016-06-26T20:16:53.858+0300: 502.295: [Full GC (Ergonomics) [PSYoungGen: 792170K->0K(802816K)] [ParOldGen: 3494979K->3492981K(3495424K)] 4287150K->3492981K(4298240K), [Metaspace: 9038K->9038K(1058816K)], 0.3754162 secs] [Times: user=1.45 sys=0.00, real=0.38 secs] 
2016-06-26T20:16:54.234+0300: 502.671: Total time for which application threads were stopped: 0.3767261 seconds, Stopping threads took: 0.0009130 seconds
2016-06-26T20:16:54.411+0300: 502.849: Total time for which application threads were stopped: 0.0011256 seconds, Stopping threads took: 0.0004512 seconds
2016-06-26T20:16:55.414+0300: 503.851: Total time for which application threads were stopped: 0.0039789 seconds, Stopping threads took: 0.0030043 seconds
2016-06-26T20:16:55.419+0300: 503.856: [Full GC (Ergonomics) [PSYoungGen: 791209K->0K(802816K)] [ParOldGen: 3492981K->3458998K(3495424K)] 4284191K->3458998K(4298240K), [Metaspace: 9038K->9038K(1058816K)], 0.4031312 secs] [Times: user=1.27 sys=0.00, real=0.40 secs] 
2016-06-26T20:16:55.822+0300: 504.259: Total time for which application threads were stopped: 0.4038133 seconds, Stopping threads took: 0.0001540 seconds
2016-06-26T20:16:56.722+0300: 505.159: Total time for which application threads were stopped: 0.0032780 seconds, Stopping threads took: 0.0022696 seconds
2016-06-26T20:16:57.136+0300: 505.573: [Full GC (Ergonomics) [PSYoungGen: 790695K->0K(802816K)] [ParOldGen: 3458998K->3425018K(3495424K)] 4249694K->3425018K(4298240K), [Metaspace: 9038K->9038K(1058816K)], 0.3939781 secs] [Times: user=1.36 sys=0.00, real=0.39 secs] 
2016-06-26T20:16:57.530+0300: 505.967: Total time for which application threads were stopped: 0.3956348 seconds, Stopping threads took: 0.0012304 seconds
2016-06-26T20:16:57.572+0300: 506.009: Total time for which application threads were stopped: 0.0007634 seconds, Stopping threads took: 0.0005128 seconds
2016-06-26T20:16:58.417+0300: 506.854: Total time for which application threads were stopped: 0.0056527 seconds, Stopping threads took: 0.0046999 seconds
2016-06-26T20:16:58.727+0300: 507.164: [Full GC (Ergonomics) [PSYoungGen: 790920K->0K(802816K)] [ParOldGen: 3425018K->3451017K(3495424K)] 4215939K->3451017K(4298240K), [Metaspace: 9038K->9038K(1058816K)], 0.4103517 secs] [Times: user=1.23 sys=0.00, real=0.41 secs] 
2016-06-26T20:16:59.137+0300: 507.574: Total time for which application threads were stopped: 0.4145581 seconds, Stopping threads took: 0.0037069 seconds
2016-06-26T20:16:59.418+0300: 507.855: Total time for which application threads were stopped: 0.0057614 seconds, Stopping threads took: 0.0050446 seconds
2016-06-26T20:17:00.239+0300: 508.676: [Full GC (Ergonomics) [PSYoungGen: 792042K->74001K(802816K)] [ParOldGen: 3451017K->3495025K(3495424K)] 4243060K->3569026K(4298240K), [Metaspace: 9038K->9038K(1058816K)], 0.4197806 secs] [Times: user=1.31 sys=0.00, real=0.42 secs] 
2016-06-26T20:17:00.658+0300: 509.095: Total time for which application threads were stopped: 0.4311969 seconds, Stopping threads took: 0.0108894 seconds
2016-06-26T20:17:00.662+0300: 509.100: Total time for which application threads were stopped: 0.0009964 seconds, Stopping threads took: 0.0000834 seconds
2016-06-26T20:17:01.420+0300: 509.857: Total time for which application threads were stopped: 0.0070696 seconds, Stopping threads took: 0.0061967 seconds
2016-06-26T20:17:01.830+0300: 510.267: [Full GC (Ergonomics) [PSYoungGen: 791606K->0K(802816K)] [ParOldGen: 3495025K->3401034K(3495424K)] 4286631K->3401034K(4298240K), [Metaspace: 9038K->9038K(1058816K)], 0.3999311 secs] [Times: user=1.20 sys=0.00, real=0.40 secs] 
2016-06-26T20:17:02.230+0300: 510.667: Total time for which application threads were stopped: 0.4039121 seconds, Stopping threads took: 0.0035850 seconds
2016-06-26T20:17:02.416+0300: 510.853: Total time for which application threads were stopped: 0.0026275 seconds, Stopping threads took: 0.0016927 seconds
2016-06-26T20:17:03.328+0300: 511.765: [Full GC (Ergonomics) [PSYoungGen: 792357K->0K(802816K)] [ParOldGen: 3401034K->3367040K(3495424K)] 4193391K->3367040K(4298240K), [Metaspace: 9038K->9038K(1058816K)], 0.3742397 secs] [Times: user=1.25 sys=0.00, real=0.37 secs] 
2016-06-26T20:17:03.702+0300: 512.139: Total time for which application threads were stopped: 0.3790812 seconds, Stopping threads took: 0.0043073 seconds
2016-06-26T20:17:03.719+0300: 512.156: Total time for which application threads were stopped: 0.0020925 seconds, Stopping threads took: 0.0000885 seconds
2016-06-26T20:17:04.862+0300: 513.299: [Full GC (Ergonomics) [PSYoungGen: 790595K->46000K(802816K)] [ParOldGen: 3367040K->3495052K(3495424K)] 4157636K->3541052K(4298240K), [Metaspace: 9038K->9038K(1058816K)], 0.3815873 secs] [Times: user=1.38 sys=0.00, real=0.38 secs] 
2016-06-26T20:17:05.244+0300: 513.681: Total time for which application threads were stopped: 0.3833342 seconds, Stopping threads took: 0.0012612 seconds
2016-06-26T20:17:05.415+0300: 513.852: Total time for which application threads were stopped: 0.0011666 seconds, Stopping threads took: 0.0003177 seconds
2016-06-26T20:17:06.338+0300: 514.775: [Full GC (Ergonomics) [PSYoungGen: 792388K->236003K(802816K)] [ParOldGen: 3495052K->3495060K(3495424K)] 4287440K->3731064K(4298240K), [Metaspace: 9038K->9038K(1058816K)], 0.4094558 secs] [Times: user=1.53 sys=0.00, real=0.41 secs] 
2016-06-26T20:17:06.748+0300: 515.185: Total time for which application threads were stopped: 0.4109577 seconds, Stopping threads took: 0.0011260 seconds
2016-06-26T20:17:06.750+0300: 515.187: Total time for which application threads were stopped: 0.0009186 seconds, Stopping threads took: 0.0000667 seconds
2016-06-26T20:17:07.420+0300: 515.857: Total time for which application threads were stopped: 0.0038579 seconds, Stopping threads took: 0.0028520 seconds
2016-06-26T20:17:07.632+0300: 516.069: [Full GC (Ergonomics) [PSYoungGen: 792358K->146004K(802816K)] [ParOldGen: 3495060K->3495067K(3495424K)] 4287418K->3641071K(4298240K), [Metaspace: 9038K->9038K(1058816K)], 0.4152158 secs] [Times: user=1.38 sys=0.00, real=0.41 secs] 
2016-06-26T20:17:08.047+0300: 516.484: Total time for which application threads were stopped: 0.4167255 seconds, Stopping threads took: 0.0010020 seconds
2016-06-26T20:17:08.774+0300: 517.212: Total time for which application threads were stopped: 0.0028580 seconds, Stopping threads took: 0.0018051 seconds
2016-06-26T20:17:09.120+0300: 517.557: [Full GC (Ergonomics) [PSYoungGen: 791824K->0K(802816K)] [ParOldGen: 3495067K->3463081K(3495424K)] 4286892K->3463081K(4298240K), [Metaspace: 9038K->9038K(1058816K)], 0.3972587 secs] [Times: user=1.25 sys=0.00, real=0.40 secs] 
2016-06-26T20:17:09.517+0300: 517.954: Total time for which application threads were stopped: 0.3999319 seconds, Stopping threads took: 0.0022897 seconds
2016-06-26T20:17:09.722+0300: 518.159: Total time for which application threads were stopped: 0.0014989 seconds, Stopping threads took: 0.0012650 seconds
2016-06-26T20:17:10.421+0300: 518.858: Total time for which application threads were stopped: 0.0031497 seconds, Stopping threads took: 0.0023341 seconds
2016-06-26T20:17:10.703+0300: 519.140: [Full GC (Ergonomics) [PSYoungGen: 791524K->0K(802816K)] [ParOldGen: 3463081K->3163082K(3495424K)] 4254605K->3163082K(4298240K), [Metaspace: 9038K->9038K(1058816K)], 0.3645534 secs] [Times: user=1.16 sys=0.00, real=0.37 secs] 
2016-06-26T20:17:11.068+0300: 519.505: Total time for which application threads were stopped: 0.3654390 seconds, Stopping threads took: 0.0004743 seconds
2016-06-26T20:17:11.419+0300: 519.856: Total time for which application threads were stopped: 0.0018966 seconds, Stopping threads took: 0.0011132 seconds
2016-06-26T20:17:12.166+0300: 520.603: [Full GC (Ergonomics) [PSYoungGen: 790911K->0K(802816K)] [ParOldGen: 3163082K->3311094K(3495424K)] 3953994K->3311094K(4298240K), [Metaspace: 9038K->9038K(1058816K)], 0.3847844 secs] [Times: user=1.20 sys=0.00, real=0.39 secs] 
2016-06-26T20:17:12.551+0300: 520.988: Total time for which application threads were stopped: 0.3878113 seconds, Stopping threads took: 0.0025574 seconds
2016-06-26T20:17:12.587+0300: 521.024: Total time for which application threads were stopped: 0.0022798 seconds, Stopping threads took: 0.0014155 seconds
2016-06-26T20:17:13.426+0300: 521.863: Total time for which application threads were stopped: 0.0074562 seconds, Stopping threads took: 0.0066085 seconds
2016-06-26T20:17:13.857+0300: 522.294: [Full GC (Ergonomics) [PSYoungGen: 791844K->0K(802816K)] [ParOldGen: 3311094K->3337088K(3495424K)] 4102939K->3337088K(4298240K), [Metaspace: 9038K->9038K(1058816K)], 0.3857086 secs] [Times: user=1.17 sys=0.00, real=0.39 secs] 
2016-06-26T20:17:14.243+0300: 522.680: Total time for which application threads were stopped: 0.3875949 seconds, Stopping threads took: 0.0015002 seconds
2016-06-26T20:17:14.419+0300: 522.857: Total time for which application threads were stopped: 0.0010046 seconds, Stopping threads took: 0.0003421 seconds
2016-06-26T20:17:15.323+0300: 523.760: [Full GC (Ergonomics) [PSYoungGen: 790791K->256005K(802816K)] [ParOldGen: 3337088K->3495097K(3495424K)] 4127879K->3751103K(4298240K), [Metaspace: 9038K->9038K(1058816K)], 0.4111775 secs] [Times: user=1.56 sys=0.00, real=0.41 secs] 
2016-06-26T20:17:15.735+0300: 524.172: Total time for which application threads were stopped: 0.4137849 seconds, Stopping threads took: 0.0019073 seconds
2016-06-26T20:17:15.737+0300: 524.174: Total time for which application threads were stopped: 0.0007150 seconds, Stopping threads took: 0.0000714 seconds
2016-06-26T20:17:16.507+0300: 524.944: [Full GC (Ergonomics) [PSYoungGen: 792576K->148004K(802816K)] [ParOldGen: 3495097K->3495107K(3495424K)] 4287673K->3643111K(4298240K), [Metaspace: 9038K->9038K(1058816K)], 0.3962301 secs] [Times: user=1.52 sys=0.00, real=0.40 secs] 
2016-06-26T20:17:16.903+0300: 525.340: Total time for which application threads were stopped: 0.3985972 seconds, Stopping threads took: 0.0018192 seconds
2016-06-26T20:17:17.667+0300: 526.104: Total time for which application threads were stopped: 0.0022627 seconds, Stopping threads took: 0.0014305 seconds
2016-06-26T20:17:18.001+0300: 526.438: [Full GC (Ergonomics) [PSYoungGen: 791848K->0K(802816K)] [ParOldGen: 3495107K->3223112K(3495424K)] 4286956K->3223112K(4298240K), [Metaspace: 9038K->9038K(1058816K)], 0.3485878 secs] [Times: user=1.26 sys=0.00, real=0.35 secs] 
2016-06-26T20:17:18.350+0300: 526.787: Total time for which application threads were stopped: 0.3520398 seconds, Stopping threads took: 0.0030778 seconds
2016-06-26T20:17:18.421+0300: 526.858: Total time for which application threads were stopped: 0.0009639 seconds, Stopping threads took: 0.0004995 seconds
2016-06-26T20:17:19.422+0300: 527.859: Total time for which application threads were stopped: 0.0023932 seconds, Stopping threads took: 0.0014070 seconds
2016-06-26T20:17:19.451+0300: 527.887: [Full GC (Ergonomics) [PSYoungGen: 792016K->0K(802816K)] [ParOldGen: 3223112K->3429124K(3495424K)] 4015128K->3429124K(4298240K), [Metaspace: 9038K->9038K(1058816K)], 0.3905736 secs] [Times: user=1.34 sys=0.00, real=0.39 secs] 
2016-06-26T20:17:19.841+0300: 528.278: Total time for which application threads were stopped: 0.3913220 seconds, Stopping threads took: 0.0001937 seconds
2016-06-26T20:17:20.729+0300: 529.166: Total time for which application threads were stopped: 0.0026177 seconds, Stopping threads took: 0.0016619 seconds
2016-06-26T20:17:21.142+0300: 529.579: [Full GC (Ergonomics) [PSYoungGen: 791376K->0K(802816K)] [ParOldGen: 3429124K->3365300K(3495424K)] 4220500K->3365300K(4298240K), [Metaspace: 9038K->9038K(1058816K)], 0.3871934 secs] [Times: user=1.13 sys=0.00, real=0.39 secs] 
2016-06-26T20:17:21.529+0300: 529.967: Total time for which application threads were stopped: 0.3905860 seconds, Stopping threads took: 0.0029508 seconds
2016-06-26T20:17:22.065+0300: 530.502: Total time for which application threads were stopped: 0.0055663 seconds, Stopping threads took: 0.0052713 seconds
2016-06-26T20:17:22.423+0300: 530.860: Total time for which application threads were stopped: 0.0028713 seconds, Stopping threads took: 0.0021691 seconds
2016-06-26T20:17:22.658+0300: 531.096: [Full GC (Ergonomics) [PSYoungGen: 790962K->230002K(802816K)] [ParOldGen: 3365300K->3495145K(3495424K)] 4156263K->3725147K(4298240K), [Metaspace: 9040K->9040K(1058816K)], 0.4289461 secs] [Times: user=1.45 sys=0.00, real=0.43 secs] 
2016-06-26T20:17:23.088+0300: 531.525: Total time for which application threads were stopped: 0.4300336 seconds, Stopping threads took: 0.0006334 seconds
2016-06-26T20:17:23.423+0300: 531.860: Total time for which application threads were stopped: 0.0021708 seconds, Stopping threads took: 0.0012667 seconds
2016-06-26T20:17:23.886+0300: 532.323: [Full GC (Ergonomics) [PSYoungGen: 792418K->272003K(802816K)] [ParOldGen: 3495145K->3495144K(3495424K)] 4287564K->3767147K(4298240K), [Metaspace: 9040K->9040K(1058816K)], 0.4328861 secs] [Times: user=1.39 sys=0.00, real=0.43 secs] 
2016-06-26T20:17:24.318+0300: 532.756: Total time for which application threads were stopped: 0.4344864 seconds, Stopping threads took: 0.0011337 seconds
2016-06-26T20:17:24.423+0300: 532.860: Total time for which application threads were stopped: 0.0018299 seconds, Stopping threads took: 0.0008515 seconds
2016-06-26T20:17:25.086+0300: 533.522: [Full GC (Ergonomics) [PSYoungGen: 791009K->118003K(802816K)] [ParOldGen: 3495144K->3495159K(3495424K)] 4286153K->3613162K(4298240K), [Metaspace: 9040K->9040K(1058816K)], 0.4112729 secs] [Times: user=1.38 sys=0.00, real=0.41 secs] 
2016-06-26T20:17:25.497+0300: 533.934: Total time for which application threads were stopped: 0.4142643 seconds, Stopping threads took: 0.0024770 seconds
2016-06-26T20:17:25.737+0300: 534.174: Total time for which application threads were stopped: 0.0011256 seconds, Stopping threads took: 0.0005076 seconds
2016-06-26T20:17:26.423+0300: 534.860: Total time for which application threads were stopped: 0.0024167 seconds, Stopping threads took: 0.0015126 seconds
2016-06-26T20:17:26.501+0300: 534.938: [Full GC (Ergonomics) [PSYoungGen: 791950K->0K(802816K)] [ParOldGen: 3495159K->3369167K(3495424K)] 4287109K->3369167K(4298240K), [Metaspace: 9040K->9040K(1058816K)], 0.3684929 secs] [Times: user=1.28 sys=0.00, real=0.37 secs] 
2016-06-26T20:17:26.869+0300: 535.306: Total time for which application threads were stopped: 0.3691126 seconds, Stopping threads took: 0.0001809 seconds
2016-06-26T20:17:27.424+0300: 535.861: Total time for which application threads were stopped: 0.0021614 seconds, Stopping threads took: 0.0012308 seconds
2016-06-26T20:17:28.041+0300: 536.478: [Full GC (Ergonomics) [PSYoungGen: 792108K->0K(802816K)] [ParOldGen: 3369167K->3395176K(3495424K)] 4161275K->3395176K(4298240K), [Metaspace: 9040K->9040K(1058816K)], 0.3713047 secs] [Times: user=1.41 sys=0.00, real=0.37 secs] 
2016-06-26T20:17:28.412+0300: 536.850: Total time for which application threads were stopped: 0.3728332 seconds, Stopping threads took: 0.0010961 seconds
2016-06-26T20:17:28.422+0300: 536.860: Total time for which application threads were stopped: 0.0007540 seconds, Stopping threads took: 0.0000650 seconds
2016-06-26T20:17:29.426+0300: 537.863: Total time for which application threads were stopped: 0.0045635 seconds, Stopping threads took: 0.0035842 seconds
2016-06-26T20:17:29.612+0300: 538.049: [Full GC (Ergonomics) [PSYoungGen: 790633K->164001K(802816K)] [ParOldGen: 3395176K->3495188K(3495424K)] 4185809K->3659189K(4298240K), [Metaspace: 9040K->9040K(1058816K)], 0.3964598 secs] [Times: user=1.47 sys=0.00, real=0.40 secs] 
2016-06-26T20:17:30.009+0300: 538.446: Total time for which application threads were stopped: 0.3983055 seconds, Stopping threads took: 0.0013450 seconds
2016-06-26T20:17:30.425+0300: 538.862: Total time for which application threads were stopped: 0.0024406 seconds, Stopping threads took: 0.0015246 seconds
2016-06-26T20:17:30.932+0300: 539.369: [Full GC (Ergonomics) [PSYoungGen: 792243K->330006K(802816K)] [ParOldGen: 3495188K->3495186K(3495424K)] 4287431K->3825192K(4298240K), [Metaspace: 9040K->9040K(1058816K)], 0.4383601 secs] [Times: user=1.31 sys=0.00, real=0.44 secs] 
2016-06-26T20:17:31.370+0300: 539.807: Total time for which application threads were stopped: 0.4428363 seconds, Stopping threads took: 0.0039827 seconds
2016-06-26T20:17:31.424+0300: 539.861: Total time for which application threads were stopped: 0.0014057 seconds, Stopping threads took: 0.0005371 seconds
2016-06-26T20:17:31.431+0300: 539.867: Total time for which application threads were stopped: 0.0004525 seconds, Stopping threads took: 0.0000774 seconds
2016-06-26T20:17:32.069+0300: 540.506: [Full GC (Ergonomics) [PSYoungGen: 791161K->240005K(802816K)] [ParOldGen: 3495186K->3495202K(3495424K)] 4286348K->3735208K(4298240K), [Metaspace: 9040K->9040K(1058816K)], 0.4259743 secs] [Times: user=1.33 sys=0.00, real=0.43 secs] 
2016-06-26T20:17:32.495+0300: 540.932: Total time for which application threads were stopped: 0.4307718 seconds, Stopping threads took: 0.0042137 seconds
2016-06-26T20:17:32.788+0300: 541.225: Total time for which application threads were stopped: 0.0018834 seconds, Stopping threads took: 0.0008557 seconds
2016-06-26T20:17:33.339+0300: 541.776: [Full GC (Ergonomics) [PSYoungGen: 790795K->0K(802816K)] [ParOldGen: 3495202K->3491223K(3495424K)] 4285997K->3491223K(4298240K), [Metaspace: 9042K->9042K(1058816K)], 0.3974793 secs] [Times: user=1.33 sys=0.00, real=0.40 secs] 
2016-06-26T20:17:33.737+0300: 542.174: Total time for which application threads were stopped: 0.4015587 seconds, Stopping threads took: 0.0035654 seconds
2016-06-26T20:17:33.815+0300: 542.252: Total time for which application threads were stopped: 0.0016178 seconds, Stopping threads took: 0.0007061 seconds
2016-06-26T20:17:34.425+0300: 542.862: Total time for which application threads were stopped: 0.0020070 seconds, Stopping threads took: 0.0011192 seconds
2016-06-26T20:17:34.917+0300: 543.353: [Full GC (Ergonomics) [PSYoungGen: 791038K->0K(802816K)] [ParOldGen: 3491223K->3397231K(3495424K)] 4282261K->3397231K(4298240K), [Metaspace: 9046K->9046K(1058816K)], 0.3980070 secs] [Times: user=1.27 sys=0.00, real=0.40 secs] 
2016-06-26T20:17:35.314+0300: 543.752: Total time for which application threads were stopped: 0.3998823 seconds, Stopping threads took: 0.0013595 seconds
2016-06-26T20:17:35.429+0300: 543.866: Total time for which application threads were stopped: 0.0055963 seconds, Stopping threads took: 0.0046341 seconds
2016-06-26T20:17:36.430+0300: 544.867: Total time for which application threads were stopped: 0.0063994 seconds, Stopping threads took: 0.0054180 seconds
2016-06-26T20:17:36.512+0300: 544.949: [Full GC (Ergonomics) [PSYoungGen: 791682K->78000K(802816K)] [ParOldGen: 3397231K->3495231K(3495424K)] 4188914K->3573232K(4298240K), [Metaspace: 9046K->9046K(1058816K)], 0.4099360 secs] [Times: user=1.30 sys=0.00, real=0.41 secs] 
2016-06-26T20:17:36.922+0300: 545.359: Total time for which application threads were stopped: 0.4126315 seconds, Stopping threads took: 0.0022110 seconds
2016-06-26T20:17:37.425+0300: 545.863: Total time for which application threads were stopped: 0.0018654 seconds, Stopping threads took: 0.0010974 seconds
2016-06-26T20:17:37.993+0300: 546.430: [Full GC (Ergonomics) [PSYoungGen: 791391K->178001K(802816K)] [ParOldGen: 3495231K->3495232K(3495424K)] 4286623K->3673234K(4298240K), [Metaspace: 9046K->9046K(1058816K)], 0.3965239 secs] [Times: user=1.58 sys=0.00, real=0.40 secs] 
2016-06-26T20:17:38.389+0300: 546.827: Total time for which application threads were stopped: 0.3988777 seconds, Stopping threads took: 0.0018637 seconds
2016-06-26T20:17:38.425+0300: 546.862: Total time for which application threads were stopped: 0.0007963 seconds, Stopping threads took: 0.0001133 seconds
2016-06-26T20:17:39.286+0300: 547.722: [Full GC (Ergonomics) [PSYoungGen: 790957K->236006K(802816K)] [ParOldGen: 3495232K->3495246K(3495424K)] 4286189K->3731252K(4298240K), [Metaspace: 9046K->9046K(1058816K)], 0.4018243 secs] [Times: user=1.53 sys=0.00, real=0.40 secs] 
2016-06-26T20:17:39.687+0300: 548.124: Total time for which application threads were stopped: 0.4035469 seconds, Stopping threads took: 0.0012244 seconds
2016-06-26T20:17:39.742+0300: 548.179: Total time for which application threads were stopped: 0.0010503 seconds, Stopping threads took: 0.0001732 seconds
2016-06-26T20:17:40.426+0300: 548.863: Total time for which application threads were stopped: 0.0019167 seconds, Stopping threads took: 0.0012115 seconds
2016-06-26T20:17:40.535+0300: 548.971: [Full GC (Ergonomics) [PSYoungGen: 792576K->88002K(802816K)] [ParOldGen: 3495246K->3495256K(3495424K)] 4287822K->3583258K(4298240K), [Metaspace: 9046K->9046K(1058816K)], 0.3857449 secs] [Times: user=1.45 sys=0.00, real=0.38 secs] 
2016-06-26T20:17:40.920+0300: 549.357: Total time for which application threads were stopped: 0.3863894 seconds, Stopping threads took: 0.0002284 seconds
2016-06-26T20:17:41.426+0300: 549.863: Total time for which application threads were stopped: 0.0014220 seconds, Stopping threads took: 0.0007997 seconds
2016-06-26T20:17:41.432+0300: 549.869: Total time for which application threads were stopped: 0.0004448 seconds, Stopping threads took: 0.0001022 seconds
2016-06-26T20:17:41.968+0300: 550.405: [Full GC (Ergonomics) [PSYoungGen: 792155K->0K(802816K)] [ParOldGen: 3495256K->3403264K(3495424K)] 4287412K->3403264K(4298240K), [Metaspace: 9046K->9046K(1058816K)], 0.3851116 secs] [Times: user=1.17 sys=0.00, real=0.38 secs] 
2016-06-26T20:17:42.353+0300: 550.790: Total time for which application threads were stopped: 0.3866982 seconds, Stopping threads took: 0.0010931 seconds
2016-06-26T20:17:42.756+0300: 551.193: Total time for which application threads were stopped: 0.0034691 seconds, Stopping threads took: 0.0024838 seconds
2016-06-26T20:17:43.546+0300: 551.983: [Full GC (Ergonomics) [PSYoungGen: 791572K->26002K(802816K)] [ParOldGen: 3403264K->3495277K(3495424K)] 4194836K->3521280K(4298240K), [Metaspace: 9046K->9046K(1058816K)], 0.4221836 secs] [Times: user=1.22 sys=0.02, real=0.42 secs] 
2016-06-26T20:17:43.968+0300: 552.406: Total time for which application threads were stopped: 0.4289927 seconds, Stopping threads took: 0.0063182 seconds
2016-06-26T20:17:44.756+0300: 553.192: Total time for which application threads were stopped: 0.0070918 seconds, Stopping threads took: 0.0061911 seconds
2016-06-26T20:17:45.207+0300: 553.644: [Full GC (Ergonomics) [PSYoungGen: 791064K->178014K(802816K)] [ParOldGen: 3495277K->3495307K(3495424K)] 4286342K->3673322K(4298240K), [Metaspace: 9046K->9046K(1058816K)], 0.4221199 secs] [Times: user=1.27 sys=0.00, real=0.42 secs] 
2016-06-26T20:17:45.630+0300: 554.067: Total time for which application threads were stopped: 0.4253675 seconds, Stopping threads took: 0.0028200 seconds
2016-06-26T20:17:45.630+0300: 554.067: Total time for which application threads were stopped: 0.0003426 seconds, Stopping threads took: 0.0001326 seconds
2016-06-26T20:17:46.430+0300: 554.867: Total time for which application threads were stopped: 0.0035273 seconds, Stopping threads took: 0.0026048 seconds
2016-06-26T20:17:46.608+0300: 555.045: [Full GC (Ergonomics) [PSYoungGen: 790646K->26000K(802816K)] [ParOldGen: 3495307K->3495311K(3495424K)] 4285954K->3521312K(4298240K), [Metaspace: 9046K->9046K(1058816K)], 0.4073017 secs] [Times: user=1.20 sys=0.00, real=0.41 secs] 
2016-06-26T20:17:47.015+0300: 555.452: Total time for which application threads were stopped: 0.4079440 seconds, Stopping threads took: 0.0002433 seconds
2016-06-26T20:17:47.430+0300: 555.867: Total time for which application threads were stopped: 0.0038442 seconds, Stopping threads took: 0.0031206 seconds
2016-06-26T20:17:48.062+0300: 556.499: [Full GC (Ergonomics) [PSYoungGen: 790826K->0K(802816K)] [ParOldGen: 3495311K->3375317K(3495424K)] 4286138K->3375317K(4298240K), [Metaspace: 9046K->9046K(1058816K)], 0.3811181 secs] [Times: user=1.17 sys=0.00, real=0.38 secs] 
2016-06-26T20:17:48.443+0300: 556.880: Total time for which application threads were stopped: 0.3836999 seconds, Stopping threads took: 0.0021267 seconds
2016-06-26T20:17:48.445+0300: 556.882: Total time for which application threads were stopped: 0.0006287 seconds, Stopping threads took: 0.0000633 seconds
2016-06-26T20:17:49.429+0300: 557.867: Total time for which application threads were stopped: 0.0029106 seconds, Stopping threads took: 0.0019676 seconds
2016-06-26T20:17:49.566+0300: 558.003: [Full GC (Ergonomics) [PSYoungGen: 791525K->0K(802816K)] [ParOldGen: 3375317K->3459326K(3495424K)] 4166842K->3459326K(4298240K), [Metaspace: 9046K->9046K(1058816K)], 0.3865643 secs] [Times: user=1.41 sys=0.00, real=0.39 secs] 
2016-06-26T20:17:49.953+0300: 558.390: Total time for which application threads were stopped: 0.3877699 seconds, Stopping threads took: 0.0006162 seconds
2016-06-26T20:17:50.754+0300: 559.191: Total time for which application threads were stopped: 0.0032134 seconds, Stopping threads took: 0.0022619 seconds
2016-06-26T20:17:51.245+0300: 559.682: [Full GC (Ergonomics) [PSYoungGen: 792076K->0K(802816K)] [ParOldGen: 3459326K->3365336K(3495424K)] 4251403K->3365336K(4298240K), [Metaspace: 9046K->9046K(1058816K)], 0.3688474 secs] [Times: user=1.38 sys=0.00, real=0.37 secs] 
2016-06-26T20:17:51.614+0300: 560.051: Total time for which application threads were stopped: 0.3699414 seconds, Stopping threads took: 0.0007608 seconds
2016-06-26T20:17:52.430+0300: 560.867: Total time for which application threads were stopped: 0.0021451 seconds, Stopping threads took: 0.0013839 seconds
2016-06-26T20:17:52.826+0300: 561.262: [Full GC (Ergonomics) [PSYoungGen: 791529K->0K(802816K)] [ParOldGen: 3365336K->3361343K(3495424K)] 4156866K->3361343K(4298240K), [Metaspace: 9046K->9046K(1058816K)], 0.3669110 secs] [Times: user=1.34 sys=0.00, real=0.37 secs] 
2016-06-26T20:17:53.192+0300: 561.630: Total time for which application threads were stopped: 0.3679618 seconds, Stopping threads took: 0.0006274 seconds
2016-06-26T20:17:53.430+0300: 561.866: Total time for which application threads were stopped: 0.0014912 seconds, Stopping threads took: 0.0008506 seconds
2016-06-26T20:17:54.266+0300: 562.703: [Full GC (Ergonomics) [PSYoungGen: 791463K->0K(802816K)] [ParOldGen: 3361343K->3477353K(3495424K)] 4152807K->3477353K(4298240K), [Metaspace: 9046K->9046K(1058816K)], 0.3917509 secs] [Times: user=1.28 sys=0.00, real=0.39 secs] 
2016-06-26T20:17:54.657+0300: 563.095: Total time for which application threads were stopped: 0.3937271 seconds, Stopping threads took: 0.0014904 seconds
2016-06-26T20:17:54.660+0300: 563.097: Total time for which application threads were stopped: 0.0009631 seconds, Stopping threads took: 0.0000590 seconds
2016-06-26T20:17:54.667+0300: 563.104: Total time for which application threads were stopped: 0.0004495 seconds, Stopping threads took: 0.0000684 seconds
2016-06-26T20:17:55.431+0300: 563.869: Total time for which application threads were stopped: 0.0028375 seconds, Stopping threads took: 0.0019120 seconds
2016-06-26T20:17:55.948+0300: 564.385: [Full GC (Ergonomics) [PSYoungGen: 792376K->0K(802816K)] [ParOldGen: 3477353K->3473363K(3495424K)] 4269730K->3473363K(4298240K), [Metaspace: 9046K->9046K(1058816K)], 0.4088810 secs] [Times: user=1.23 sys=0.00, real=0.41 secs] 
2016-06-26T20:17:56.358+0300: 564.795: Total time for which application threads were stopped: 0.4143499 seconds, Stopping threads took: 0.0049971 seconds
2016-06-26T20:17:56.430+0300: 564.867: Total time for which application threads were stopped: 0.0014908 seconds, Stopping threads took: 0.0007651 seconds
2016-06-26T20:17:57.432+0300: 565.869: Total time for which application threads were stopped: 0.0026391 seconds, Stopping threads took: 0.0015584 seconds
2016-06-26T20:17:57.460+0300: 565.897: [Full GC (Ergonomics) [PSYoungGen: 791702K->32000K(802816K)] [ParOldGen: 3473363K->3495371K(3495424K)] 4265065K->3527371K(4298240K), [Metaspace: 9046K->9046K(1058816K)], 0.4075390 secs] [Times: user=1.22 sys=0.00, real=0.41 secs] 
2016-06-26T20:17:57.867+0300: 566.304: Total time for which application threads were stopped: 0.4093181 seconds, Stopping threads took: 0.0012586 seconds
2016-06-26T20:17:58.436+0300: 566.873: Total time for which application threads were stopped: 0.0068908 seconds, Stopping threads took: 0.0059136 seconds
2016-06-26T20:17:58.979+0300: 567.416: [Full GC (Ergonomics) [PSYoungGen: 791571K->0K(802816K)] [ParOldGen: 3495371K->3491371K(3495424K)] 4286943K->3491371K(4298240K), [Metaspace: 9046K->9046K(1058816K)], 0.4061645 secs] [Times: user=1.25 sys=0.00, real=0.41 secs] 
2016-06-26T20:17:59.385+0300: 567.822: Total time for which application threads were stopped: 0.4087963 seconds, Stopping threads took: 0.0020921 seconds
2016-06-26T20:17:59.431+0300: 567.868: Total time for which application threads were stopped: 0.0014570 seconds, Stopping threads took: 0.0006436 seconds
2016-06-26T20:18:00.436+0300: 568.873: Total time for which application threads were stopped: 0.0065957 seconds, Stopping threads took: 0.0055959 seconds
2016-06-26T20:18:00.570+0300: 569.007: [Full GC (Ergonomics) [PSYoungGen: 791303K->110000K(802816K)] [ParOldGen: 3491371K->3495389K(3495424K)] 4282674K->3605390K(4298240K), [Metaspace: 9046K->9046K(1058816K)], 0.4147305 secs] [Times: user=1.30 sys=0.00, real=0.41 secs] 
2016-06-26T20:18:00.985+0300: 569.422: Total time for which application threads were stopped: 0.4219005 seconds, Stopping threads took: 0.0066581 seconds
2016-06-26T20:18:01.763+0300: 570.200: Total time for which application threads were stopped: 0.0027289 seconds, Stopping threads took: 0.0017778 seconds
2016-06-26T20:18:02.146+0300: 570.583: [Full GC (Ergonomics) [PSYoungGen: 791939K->56000K(802816K)] [ParOldGen: 3495389K->3495401K(3495424K)] 4287328K->3551401K(4298240K), [Metaspace: 9046K->9046K(1058816K)], 0.3988825 secs] [Times: user=1.30 sys=0.00, real=0.40 secs] 
2016-06-26T20:18:02.545+0300: 570.982: Total time for which application threads were stopped: 0.4002557 seconds, Stopping threads took: 0.0009609 seconds
2016-06-26T20:18:03.437+0300: 571.874: Total time for which application threads were stopped: 0.0060868 seconds, Stopping threads took: 0.0049723 seconds
2016-06-26T20:18:03.679+0300: 572.116: [Full GC (Ergonomics) [PSYoungGen: 791731K->0K(802816K)] [ParOldGen: 3495401K->3401406K(3495424K)] 4287132K->3401406K(4298240K), [Metaspace: 9046K->9046K(1058816K)], 0.3689244 secs] [Times: user=1.44 sys=0.00, real=0.37 secs] 
2016-06-26T20:18:04.049+0300: 572.485: Total time for which application threads were stopped: 0.3698550 seconds, Stopping threads took: 0.0005782 seconds
2016-06-26T20:18:04.432+0300: 572.869: Total time for which application threads were stopped: 0.0013005 seconds, Stopping threads took: 0.0008241 seconds
2016-06-26T20:18:05.131+0300: 573.568: [Full GC (Ergonomics) [PSYoungGen: 792129K->56001K(802816K)] [ParOldGen: 3401406K->3495415K(3495424K)] 4193535K->3551416K(4298240K), [Metaspace: 9046K->9046K(1058816K)], 0.3816848 secs] [Times: user=1.45 sys=0.00, real=0.38 secs] 
2016-06-26T20:18:05.513+0300: 573.950: Total time for which application threads were stopped: 0.3833402 seconds, Stopping threads took: 0.0011957 seconds
2016-06-26T20:18:05.515+0300: 573.952: Total time for which application threads were stopped: 0.0006389 seconds, Stopping threads took: 0.0000654 seconds
2016-06-26T20:18:05.521+0300: 573.959: Total time for which application threads were stopped: 0.0003207 seconds, Stopping threads took: 0.0000718 seconds
2016-06-26T20:18:06.436+0300: 574.872: Total time for which application threads were stopped: 0.0035983 seconds, Stopping threads took: 0.0025745 seconds
2016-06-26T20:18:06.554+0300: 574.991: [Full GC (Ergonomics) [PSYoungGen: 791472K->56000K(802816K)] [ParOldGen: 3495415K->3493424K(3495424K)] 4286888K->3549424K(4298240K), [Metaspace: 9046K->9046K(1058816K)], 0.4029824 secs] [Times: user=1.38 sys=0.00, real=0.40 secs] 
2016-06-26T20:18:06.958+0300: 575.394: Total time for which application threads were stopped: 0.4049504 seconds, Stopping threads took: 0.0014630 seconds
2016-06-26T20:18:07.434+0300: 575.871: Total time for which application threads were stopped: 0.0022597 seconds, Stopping threads took: 0.0012334 seconds
2016-06-26T20:18:08.041+0300: 576.478: [Full GC (Ergonomics) [PSYoungGen: 791452K->58000K(802816K)] [ParOldGen: 3493424K->3493424K(3495424K)] 4284877K->3551424K(4298240K), [Metaspace: 9046K->9046K(1058816K)], 0.3976825 secs] [Times: user=1.41 sys=0.00, real=0.40 secs] 
2016-06-26T20:18:08.439+0300: 576.876: Total time for which application threads were stopped: 0.4018619 seconds, Stopping threads took: 0.0036954 seconds
2016-06-26T20:18:08.763+0300: 577.200: Total time for which application threads were stopped: 0.0016084 seconds, Stopping threads took: 0.0006188 seconds
2016-06-26T20:18:09.558+0300: 577.995: [Full GC (Ergonomics) [PSYoungGen: 790847K->234003K(802816K)] [ParOldGen: 3493424K->3493442K(3495424K)] 4284272K->3727445K(4298240K), [Metaspace: 9046K->9046K(1058816K)], 0.4323366 secs] [Times: user=1.30 sys=0.00, real=0.43 secs] 
2016-06-26T20:18:09.991+0300: 578.428: Total time for which application threads were stopped: 0.4391217 seconds, Stopping threads took: 0.0062626 seconds
2016-06-26T20:18:10.436+0300: 578.873: Total time for which application threads were stopped: 0.0028525 seconds, Stopping threads took: 0.0018269 seconds
2016-06-26T20:18:10.837+0300: 579.274: [Full GC (Ergonomics) [PSYoungGen: 790725K->26000K(802816K)] [ParOldGen: 3493442K->3493450K(3495424K)] 4284167K->3519450K(4298240K), [Metaspace: 9046K->9046K(1058816K)], 0.4067226 secs] [Times: user=1.33 sys=0.00, real=0.41 secs] 
2016-06-26T20:18:11.244+0300: 579.681: Total time for which application threads were stopped: 0.4115350 seconds, Stopping threads took: 0.0042915 seconds
2016-06-26T20:18:11.435+0300: 579.872: Total time for which application threads were stopped: 0.0019792 seconds, Stopping threads took: 0.0010533 seconds
2016-06-26T20:18:12.409+0300: 580.845: [Full GC (Ergonomics) [PSYoungGen: 791018K->236003K(802816K)] [ParOldGen: 3493450K->3493459K(3495424K)] 4284468K->3729463K(4298240K), [Metaspace: 9046K->9046K(1058816K)], 0.4235752 secs] [Times: user=1.36 sys=0.00, real=0.42 secs] 
2016-06-26T20:18:12.832+0300: 581.269: Total time for which application threads were stopped: 0.4268968 seconds, Stopping threads took: 0.0028046 seconds
2016-06-26T20:18:12.834+0300: 581.272: Total time for which application threads were stopped: 0.0009721 seconds, Stopping threads took: 0.0000761 seconds
2016-06-26T20:18:13.645+0300: 582.082: [Full GC (Ergonomics) [PSYoungGen: 791227K->0K(802816K)] [ParOldGen: 3493459K->3491450K(3495424K)] 4284687K->3491450K(4298240K), [Metaspace: 9046K->9046K(1058816K)], 0.3939182 secs] [Times: user=1.23 sys=0.00, real=0.39 secs] 
2016-06-26T20:18:14.039+0300: 582.476: Total time for which application threads were stopped: 0.3968177 seconds, Stopping threads took: 0.0023799 seconds
2016-06-26T20:18:14.944+0300: 583.381: Total time for which application threads were stopped: 0.0034187 seconds, Stopping threads took: 0.0024487 seconds
2016-06-26T20:18:15.214+0300: 583.651: [Full GC (Ergonomics) [PSYoungGen: 790611K->0K(802816K)] [ParOldGen: 3491450K->3457458K(3495424K)] 4282062K->3457458K(4298240K), [Metaspace: 9046K->9046K(1058816K)], 0.3806772 secs] [Times: user=1.39 sys=0.00, real=0.38 secs] 
2016-06-26T20:18:15.595+0300: 584.032: Total time for which application threads were stopped: 0.3833689 seconds, Stopping threads took: 0.0021284 seconds
2016-06-26T20:18:16.202+0300: 584.639: Total time for which application threads were stopped: 0.0016388 seconds, Stopping threads took: 0.0008716 seconds
2016-06-26T20:18:16.435+0300: 584.873: Total time for which application threads were stopped: 0.0010435 seconds, Stopping threads took: 0.0004170 seconds
2016-06-26T20:18:16.783+0300: 585.220: [Full GC (Ergonomics) [PSYoungGen: 791868K->116009K(802816K)] [ParOldGen: 3457458K->3493460K(3495424K)] 4249327K->3609470K(4298240K), [Metaspace: 9046K->9046K(1058816K)], 0.3901288 secs] [Times: user=1.47 sys=0.00, real=0.39 secs] 
2016-06-26T20:18:17.173+0300: 585.610: Total time for which application threads were stopped: 0.3917795 seconds, Stopping threads took: 0.0011624 seconds
2016-06-26T20:18:17.436+0300: 585.873: Total time for which application threads were stopped: 0.0014656 seconds, Stopping threads took: 0.0006406 seconds
2016-06-26T20:18:17.443+0300: 585.880: Total time for which application threads were stopped: 0.0003323 seconds, Stopping threads took: 0.0000616 seconds
2016-06-26T20:18:18.198+0300: 586.635: [Full GC (Ergonomics) [PSYoungGen: 790889K->26000K(802816K)] [ParOldGen: 3493460K->3493476K(3495424K)] 4284349K->3519477K(4298240K), [Metaspace: 9046K->9046K(1058816K)], 0.3997420 secs] [Times: user=1.42 sys=0.00, real=0.40 secs] 
2016-06-26T20:18:18.597+0300: 587.035: Total time for which application threads were stopped: 0.4015061 seconds, Stopping threads took: 0.0012239 seconds
2016-06-26T20:18:18.728+0300: 587.165: Total time for which application threads were stopped: 0.0015541 seconds, Stopping threads took: 0.0006068 seconds
2016-06-26T20:18:19.441+0300: 587.878: Total time for which application threads were stopped: 0.0057088 seconds, Stopping threads took: 0.0047435 seconds
2016-06-26T20:18:19.764+0300: 588.201: [Full GC (Ergonomics) [PSYoungGen: 791734K->144001K(802816K)] [ParOldGen: 3493476K->3493487K(3495424K)] 4285211K->3637488K(4298240K), [Metaspace: 9046K->9046K(1058816K)], 0.4125644 secs] [Times: user=1.36 sys=0.00, real=0.41 secs] 
2016-06-26T20:18:20.177+0300: 588.614: Total time for which application threads were stopped: 0.4189210 seconds, Stopping threads took: 0.0058589 seconds
2016-06-26T20:18:20.803+0300: 589.241: Total time for which application threads were stopped: 0.0043698 seconds, Stopping threads took: 0.0029983 seconds
2016-06-26T20:18:21.252+0300: 589.689: [Full GC (Ergonomics) [PSYoungGen: 791949K->0K(802816K)] [ParOldGen: 3493487K->3429496K(3495424K)] 4285436K->3429496K(4298240K), [Metaspace: 9046K->9046K(1058816K)], 0.3995731 secs] [Times: user=1.31 sys=0.00, real=0.40 secs] 
2016-06-26T20:18:21.652+0300: 590.089: Total time for which application threads were stopped: 0.4027309 seconds, Stopping threads took: 0.0027374 seconds
2016-06-26T20:18:22.000+0300: 590.437: Total time for which application threads were stopped: 0.0021374 seconds, Stopping threads took: 0.0018958 seconds
2016-06-26T20:18:22.438+0300: 590.875: Total time for which application threads were stopped: 0.0023842 seconds, Stopping threads took: 0.0016375 seconds
2016-06-26T20:18:22.850+0300: 591.287: [Full GC (Ergonomics) [PSYoungGen: 791106K->0K(802816K)] [ParOldGen: 3429496K->3371502K(3495424K)] 4220602K->3371502K(4298240K), [Metaspace: 9046K->9046K(1058816K)], 0.3958196 secs] [Times: user=1.22 sys=0.00, real=0.40 secs] 
2016-06-26T20:18:23.246+0300: 591.683: Total time for which application threads were stopped: 0.3975448 seconds, Stopping threads took: 0.0013428 seconds
2016-06-26T20:18:23.440+0300: 591.877: Total time for which application threads were stopped: 0.0038810 seconds, Stopping threads took: 0.0031142 seconds
2016-06-26T20:18:24.351+0300: 592.788: [Full GC (Ergonomics) [PSYoungGen: 792163K->52000K(802816K)] [ParOldGen: 3371502K->3493511K(3495424K)] 4163666K->3545512K(4298240K), [Metaspace: 9046K->9046K(1058816K)], 0.4030735 secs] [Times: user=1.41 sys=0.00, real=0.40 secs] 
2016-06-26T20:18:24.754+0300: 593.191: Total time for which application threads were stopped: 0.4085372 seconds, Stopping threads took: 0.0049544 seconds
2016-06-26T20:18:24.756+0300: 593.193: Total time for which application threads were stopped: 0.0007138 seconds, Stopping threads took: 0.0000582 seconds
2016-06-26T20:18:25.439+0300: 593.876: Total time for which application threads were stopped: 0.0025976 seconds, Stopping threads took: 0.0018860 seconds
2016-06-26T20:18:25.827+0300: 594.264: [Full GC (Ergonomics) [PSYoungGen: 791772K->234003K(802816K)] [ParOldGen: 3493511K->3493520K(3495424K)] 4285283K->3727524K(4298240K), [Metaspace: 9046K->9046K(1058816K)], 0.4183715 secs] [Times: user=1.38 sys=0.00, real=0.42 secs] 
2016-06-26T20:18:26.245+0300: 594.682: Total time for which application threads were stopped: 0.4195069 seconds, Stopping threads took: 0.0006513 seconds
2016-06-26T20:18:26.439+0300: 594.875: Total time for which application threads were stopped: 0.0015139 seconds, Stopping threads took: 0.0006877 seconds
2016-06-26T20:18:27.080+0300: 595.517: [Full GC (Ergonomics) [PSYoungGen: 791513K->120010K(802816K)] [ParOldGen: 3493520K->3493520K(3495424K)] 4285033K->3613531K(4298240K), [Metaspace: 9046K->9046K(1058816K)], 0.4274322 secs] [Times: user=1.45 sys=0.00, real=0.43 secs] 
2016-06-26T20:18:27.507+0300: 595.944: Total time for which application threads were stopped: 0.4292810 seconds, Stopping threads took: 0.0013711 seconds
2016-06-26T20:18:27.797+0300: 596.234: Total time for which application threads were stopped: 0.0021019 seconds, Stopping threads took: 0.0011598 seconds
2016-06-26T20:18:28.555+0300: 596.992: [Full GC (Ergonomics) [PSYoungGen: 792010K->0K(802816K)] [ParOldGen: 3493520K->3339537K(3495424K)] 4285531K->3339537K(4298240K), [Metaspace: 9046K->9046K(1058816K)], 0.3660083 secs] [Times: user=1.38 sys=0.00, real=0.37 secs] 
2016-06-26T20:18:28.921+0300: 597.358: Total time for which application threads were stopped: 0.3681653 seconds, Stopping threads took: 0.0016730 seconds
2016-06-26T20:18:29.681+0300: 598.118: Total time for which application threads were stopped: 0.0030701 seconds, Stopping threads took: 0.0021721 seconds
2016-06-26T20:18:30.156+0300: 598.593: [Full GC (Ergonomics) [PSYoungGen: 791114K->0K(802816K)] [ParOldGen: 3339537K->3337612K(3495424K)] 4130651K->3337612K(4298240K), [Metaspace: 9046K->9046K(1058816K)], 0.3890781 secs] [Times: user=1.19 sys=0.01, real=0.39 secs] 
2016-06-26T20:18:30.545+0300: 598.982: Total time for which application threads were stopped: 0.3916111 seconds, Stopping threads took: 0.0019702 seconds
2016-06-26T20:18:30.993+0300: 599.430: Total time for which application threads were stopped: 0.0069575 seconds, Stopping threads took: 0.0066838 seconds
2016-06-26T20:18:31.709+0300: 600.146: [Full GC (Ergonomics) [PSYoungGen: 791442K->22000K(802816K)] [ParOldGen: 3337612K->3493556K(3495424K)] 4129054K->3515556K(4298240K), [Metaspace: 9046K->9046K(1058816K)], 0.3989132 secs] [Times: user=1.34 sys=0.03, real=0.40 secs] 
2016-06-26T20:18:32.108+0300: 600.545: Total time for which application threads were stopped: 0.4035524 seconds, Stopping threads took: 0.0041427 seconds
2016-06-26T20:18:32.147+0300: 600.584: Total time for which application threads were stopped: 0.0033186 seconds, Stopping threads took: 0.0024239 seconds
2016-06-26T20:18:32.446+0300: 600.883: Total time for which application threads were stopped: 0.0058516 seconds, Stopping threads took: 0.0048838 seconds
2016-06-26T20:18:33.234+0300: 601.671: [Full GC (Ergonomics) [PSYoungGen: 791788K->56000K(802816K)] [ParOldGen: 3493556K->3493583K(3495424K)] 4285345K->3549584K(4298240K), [Metaspace: 9046K->9046K(1058816K)], 0.4101473 secs] [Times: user=1.23 sys=0.00, real=0.41 secs] 
2016-06-26T20:18:33.645+0300: 602.082: Total time for which application threads were stopped: 0.4162119 seconds, Stopping threads took: 0.0054868 seconds
2016-06-26T20:18:33.646+0300: 602.082: Total time for which application threads were stopped: 0.0005731 seconds, Stopping threads took: 0.0002258 seconds
2016-06-26T20:18:34.465+0300: 602.902: Total time for which application threads were stopped: 0.0051708 seconds, Stopping threads took: 0.0042573 seconds
2016-06-26T20:18:34.866+0300: 603.303: [Full GC (Ergonomics) [PSYoungGen: 792025K->0K(802816K)] [ParOldGen: 3493583K->3429591K(3495424K)] 4285609K->3429591K(4298240K), [Metaspace: 9046K->9046K(1058816K)], 0.4031723 secs] [Times: user=1.13 sys=0.00, real=0.40 secs] 
2016-06-26T20:18:35.270+0300: 603.707: Total time for which application threads were stopped: 0.4058618 seconds, Stopping threads took: 0.0022584 seconds
2016-06-26T20:18:35.442+0300: 603.879: Total time for which application threads were stopped: 0.0021879 seconds, Stopping threads took: 0.0015126 seconds
2016-06-26T20:18:36.357+0300: 604.794: [Full GC (Ergonomics) [PSYoungGen: 791466K->80001K(802816K)] [ParOldGen: 3429591K->3493599K(3495424K)] 4221058K->3573600K(4298240K), [Metaspace: 9046K->9046K(1058816K)], 0.4024529 secs] [Times: user=1.34 sys=0.00, real=0.40 secs] 
2016-06-26T20:18:36.759+0300: 605.196: Total time for which application threads were stopped: 0.4084593 seconds, Stopping threads took: 0.0054949 seconds
2016-06-26T20:18:36.761+0300: 605.198: Total time for which application threads were stopped: 0.0006975 seconds, Stopping threads took: 0.0000616 seconds
2016-06-26T20:18:37.444+0300: 605.881: Total time for which application threads were stopped: 0.0034871 seconds, Stopping threads took: 0.0025890 seconds
2016-06-26T20:18:37.787+0300: 606.225: [Full GC (Ergonomics) [PSYoungGen: 790809K->54000K(802816K)] [ParOldGen: 3493599K->3493608K(3495424K)] 4284408K->3547609K(4298240K), [Metaspace: 9046K->9046K(1058816K)], 0.3920862 secs] [Times: user=1.34 sys=0.00, real=0.39 secs] 
2016-06-26T20:18:38.180+0300: 606.617: Total time for which application threads were stopped: 0.3937780 seconds, Stopping threads took: 0.0012316 seconds
2016-06-26T20:18:38.442+0300: 606.879: Total time for which application threads were stopped: 0.0013236 seconds, Stopping threads took: 0.0006727 seconds
2016-06-26T20:18:39.275+0300: 607.711: [Full GC (Ergonomics) [PSYoungGen: 792487K->178004K(802816K)] [ParOldGen: 3493608K->3493615K(3495424K)] 4286096K->3671620K(4298240K), [Metaspace: 9046K->9046K(1058816K)], 0.3982760 secs] [Times: user=1.56 sys=0.00, real=0.40 secs] 
2016-06-26T20:18:39.673+0300: 608.110: Total time for which application threads were stopped: 0.4005862 seconds, Stopping threads took: 0.0017393 seconds
2016-06-26T20:18:39.770+0300: 608.207: Total time for which application threads were stopped: 0.0008878 seconds, Stopping threads took: 0.0002989 seconds
2016-06-26T20:18:40.644+0300: 609.081: [Full GC (Ergonomics) [PSYoungGen: 791958K->0K(802816K)] [ParOldGen: 3493615K->3429626K(3495424K)] 4285573K->3429626K(4298240K), [Metaspace: 9046K->9046K(1058816K)], 0.3758755 secs] [Times: user=1.44 sys=0.00, real=0.38 secs] 
2016-06-26T20:18:41.020+0300: 609.457: Total time for which application threads were stopped: 0.3776400 seconds, Stopping threads took: 0.0012761 seconds
2016-06-26T20:18:41.889+0300: 610.325: Total time for which application threads were stopped: 0.0025894 seconds, Stopping threads took: 0.0017906 seconds
2016-06-26T20:18:42.299+0300: 610.736: [Full GC (Ergonomics) [PSYoungGen: 792576K->0K(802816K)] [ParOldGen: 3429626K->3487773K(3495424K)] 4222202K->3487773K(4298240K), [Metaspace: 9046K->9046K(1058816K)], 0.3941145 secs] [Times: user=1.22 sys=0.00, real=0.39 secs] 
2016-06-26T20:18:42.693+0300: 611.130: Total time for which application threads were stopped: 0.3956780 seconds, Stopping threads took: 0.0011589 seconds
2016-06-26T20:18:43.444+0300: 611.881: Total time for which application threads were stopped: 0.0025193 seconds, Stopping threads took: 0.0016751 seconds
2016-06-26T20:18:43.451+0300: 611.888: Total time for which application threads were stopped: 0.0004328 seconds, Stopping threads took: 0.0000817 seconds
2016-06-26T20:18:43.857+0300: 612.294: [Full GC (Ergonomics) [PSYoungGen: 791519K->112000K(802816K)] [ParOldGen: 3487773K->3493645K(3495424K)] 4279293K->3605646K(4298240K), [Metaspace: 9046K->9046K(1058816K)], 0.4055265 secs] [Times: user=1.39 sys=0.00, real=0.40 secs] 
2016-06-26T20:18:44.262+0300: 612.699: Total time for which application threads were stopped: 0.4088716 seconds, Stopping threads took: 0.0029397 seconds
2016-06-26T20:18:44.443+0300: 612.880: Total time for which application threads were stopped: 0.0011709 seconds, Stopping threads took: 0.0005239 seconds
2016-06-26T20:18:45.215+0300: 613.652: [Full GC (Ergonomics) [PSYoungGen: 792428K->0K(802816K)] [ParOldGen: 3493645K->3491652K(3495424K)] 4286073K->3491652K(4298240K), [Metaspace: 9046K->9046K(1058816K)], 0.4034575 secs] [Times: user=1.22 sys=0.00, real=0.40 secs] 
2016-06-26T20:18:45.619+0300: 614.056: Total time for which application threads were stopped: 0.4081001 seconds, Stopping threads took: 0.0041508 seconds
2016-06-26T20:18:45.622+0300: 614.059: Total time for which application threads were stopped: 0.0007775 seconds, Stopping threads took: 0.0000667 seconds
2016-06-26T20:18:46.449+0300: 614.886: Total time for which application threads were stopped: 0.0065063 seconds, Stopping threads took: 0.0055882 seconds
2016-06-26T20:18:46.889+0300: 615.326: [Full GC (Ergonomics) [PSYoungGen: 791665K->0K(802816K)] [ParOldGen: 3491652K->3427661K(3495424K)] 4283318K->3427661K(4298240K), [Metaspace: 9046K->9046K(1058816K)], 0.3994953 secs] [Times: user=1.13 sys=0.00, real=0.40 secs] 
2016-06-26T20:18:47.288+0300: 615.726: Total time for which application threads were stopped: 0.4028896 seconds, Stopping threads took: 0.0029666 seconds
2016-06-26T20:18:47.446+0300: 615.883: Total time for which application threads were stopped: 0.0026331 seconds, Stopping threads took: 0.0019167 seconds
2016-06-26T20:18:48.394+0300: 616.831: [Full GC (Ergonomics) [PSYoungGen: 790963K->78001K(802816K)] [ParOldGen: 3427661K->3493669K(3495424K)] 4218624K->3571671K(4298240K), [Metaspace: 9046K->9046K(1058816K)], 0.4048889 secs] [Times: user=1.27 sys=0.00, real=0.40 secs] 
2016-06-26T20:18:48.799+0300: 617.236: Total time for which application threads were stopped: 0.4085415 seconds, Stopping threads took: 0.0031505 seconds
2016-06-26T20:18:48.801+0300: 617.238: Total time for which application threads were stopped: 0.0009391 seconds, Stopping threads took: 0.0000680 seconds
2016-06-26T20:18:49.446+0300: 617.883: Total time for which application threads were stopped: 0.0022807 seconds, Stopping threads took: 0.0013587 seconds
2016-06-26T20:18:49.835+0300: 618.272: [Full GC (Ergonomics) [PSYoungGen: 790644K->324006K(802816K)] [ParOldGen: 3493669K->3493677K(3495424K)] 4284314K->3817684K(4298240K), [Metaspace: 9046K->9046K(1058816K)], 0.4326611 secs] [Times: user=1.39 sys=0.00, real=0.43 secs] 
2016-06-26T20:18:50.268+0300: 618.705: Total time for which application threads were stopped: 0.4341759 seconds, Stopping threads took: 0.0010131 seconds
2016-06-26T20:18:50.445+0300: 618.882: Total time for which application threads were stopped: 0.0014382 seconds, Stopping threads took: 0.0005359 seconds
2016-06-26T20:18:50.936+0300: 619.373: [Full GC (Ergonomics) [PSYoungGen: 791141K->122001K(802816K)] [ParOldGen: 3493677K->3493679K(3495424K)] 4284819K->3615680K(4298240K), [Metaspace: 9046K->9046K(1058816K)], 0.3921922 secs] [Times: user=1.49 sys=0.00, real=0.39 secs] 
2016-06-26T20:18:51.328+0300: 619.765: Total time for which application threads were stopped: 0.3941718 seconds, Stopping threads took: 0.0015960 seconds
2016-06-26T20:18:51.445+0300: 619.882: Total time for which application threads were stopped: 0.0013569 seconds, Stopping threads took: 0.0005055 seconds
2016-06-26T20:18:52.374+0300: 620.811: [Full GC (Ergonomics) [PSYoungGen: 792303K->86002K(802816K)] [ParOldGen: 3493679K->3493695K(3495424K)] 4285983K->3579697K(4298240K), [Metaspace: 9046K->9046K(1058816K)], 0.3877951 secs] [Times: user=1.49 sys=0.00, real=0.39 secs] 
2016-06-26T20:18:52.761+0300: 621.199: Total time for which application threads were stopped: 0.3895882 seconds, Stopping threads took: 0.0012748 seconds
2016-06-26T20:18:52.766+0300: 621.203: Total time for which application threads were stopped: 0.0007732 seconds, Stopping threads took: 0.0000701 seconds
2016-06-26T20:18:53.797+0300: 622.234: [Full GC (Ergonomics) [PSYoungGen: 791405K->56000K(802816K)] [ParOldGen: 3493695K->3493705K(3495424K)] 4285101K->3549705K(4298240K), [Metaspace: 9046K->9046K(1058816K)], 0.4014715 secs] [Times: user=1.26 sys=0.02, real=0.40 secs] 
2016-06-26T20:18:54.198+0300: 622.635: Total time for which application threads were stopped: 0.4038385 seconds, Stopping threads took: 0.0018419 seconds
2016-06-26T20:18:54.447+0300: 622.884: Total time for which application threads were stopped: 0.0016114 seconds, Stopping threads took: 0.0007351 seconds
2016-06-26T20:18:54.454+0300: 622.891: Total time for which application threads were stopped: 0.0004448 seconds, Stopping threads took: 0.0000778 seconds
2016-06-26T20:18:55.256+0300: 623.693: [Full GC (Ergonomics) [PSYoungGen: 791035K->56000K(802816K)] [ParOldGen: 3493705K->3493714K(3495424K)] 4284740K->3549714K(4298240K), [Metaspace: 9046K->9046K(1058816K)], 0.3994174 secs] [Times: user=1.36 sys=0.00, real=0.40 secs] 
2016-06-26T20:18:55.656+0300: 624.093: Total time for which application threads were stopped: 0.4017798 seconds, Stopping threads took: 0.0018411 seconds
2016-06-26T20:18:55.756+0300: 624.193: Total time for which application threads were stopped: 0.0026343 seconds, Stopping threads took: 0.0016696 seconds
2016-06-26T20:18:56.450+0300: 624.887: Total time for which application threads were stopped: 0.0037214 seconds, Stopping threads took: 0.0027977 seconds
2016-06-26T20:18:56.840+0300: 625.278: [Full GC (Ergonomics) [PSYoungGen: 791629K->236002K(802816K)] [ParOldGen: 3493714K->3493723K(3495424K)] 4285343K->3729726K(4298240K), [Metaspace: 9048K->9048K(1058816K)], 0.4285056 secs] [Times: user=1.38 sys=0.00, real=0.43 secs] 
2016-06-26T20:18:57.269+0300: 625.706: Total time for which application threads were stopped: 0.4308727 seconds, Stopping threads took: 0.0018530 seconds
2016-06-26T20:18:57.449+0300: 625.886: Total time for which application threads were stopped: 0.0022131 seconds, Stopping threads took: 0.0011850 seconds
2016-06-26T20:18:58.066+0300: 626.503: [Full GC (Ergonomics) [PSYoungGen: 791560K->152002K(802816K)] [ParOldGen: 3493723K->3493731K(3495424K)] 4285284K->3645733K(4298240K), [Metaspace: 9048K->9048K(1058816K)], 0.4290098 secs] [Times: user=1.27 sys=0.00, real=0.43 secs] 
2016-06-26T20:18:58.495+0300: 626.932: Total time for which application threads were stopped: 0.4327612 seconds, Stopping threads took: 0.0032433 seconds
2016-06-26T20:18:58.777+0300: 627.215: Total time for which application threads were stopped: 0.0018188 seconds, Stopping threads took: 0.0008741 seconds
2016-06-26T20:18:59.451+0300: 627.888: Total time for which application threads were stopped: 0.0040670 seconds, Stopping threads took: 0.0031433 seconds
2016-06-26T20:18:59.489+0300: 627.927: [Full GC (Ergonomics) [PSYoungGen: 792244K->0K(802816K)] [ParOldGen: 3493731K->3399738K(3495424K)] 4285975K->3399738K(4298240K), [Metaspace: 9048K->9048K(1058816K)], 0.3922059 secs] [Times: user=1.22 sys=0.00, real=0.39 secs] 
2016-06-26T20:18:59.882+0300: 628.319: Total time for which application threads were stopped: 0.3950665 seconds, Stopping threads took: 0.0023628 seconds
2016-06-26T20:19:00.449+0300: 628.886: Total time for which application threads were stopped: 0.0019967 seconds, Stopping threads took: 0.0010721 seconds
2016-06-26T20:19:01.074+0300: 629.511: [Full GC (Ergonomics) [PSYoungGen: 790777K->0K(802816K)] [ParOldGen: 3399738K->3455748K(3495424K)] 4190515K->3455748K(4298240K), [Metaspace: 9048K->9048K(1058816K)], 0.3909482 secs] [Times: user=1.34 sys=0.00, real=0.39 secs] 
2016-06-26T20:19:01.465+0300: 629.902: Total time for which application threads were stopped: 0.3964512 seconds, Stopping threads took: 0.0048043 seconds
2016-06-26T20:19:01.737+0300: 630.174: Total time for which application threads were stopped: 0.0064375 seconds, Stopping threads took: 0.0054971 seconds
2016-06-26T20:19:02.451+0300: 630.888: Total time for which application threads were stopped: 0.0033768 seconds, Stopping threads took: 0.0024197 seconds
2016-06-26T20:19:02.686+0300: 631.123: [Full GC (Ergonomics) [PSYoungGen: 791802K->48000K(802816K)] [ParOldGen: 3455748K->3493740K(3495424K)] 4247550K->3541741K(4298240K), [Metaspace: 9048K->9048K(1058816K)], 0.3855076 secs] [Times: user=1.41 sys=0.00, real=0.38 secs] 
2016-06-26T20:19:03.071+0300: 631.508: Total time for which application threads were stopped: 0.3888428 seconds, Stopping threads took: 0.0028345 seconds
2016-06-26T20:19:03.450+0300: 631.887: Total time for which application threads were stopped: 0.0016811 seconds, Stopping threads took: 0.0009263 seconds
2016-06-26T20:19:04.177+0300: 632.614: [Full GC (Ergonomics) [PSYoungGen: 792304K->300011K(802816K)] [ParOldGen: 3493740K->3493742K(3495424K)] 4286045K->3793754K(4298240K), [Metaspace: 9048K->9048K(1058816K)], 0.4093822 secs] [Times: user=1.53 sys=0.00, real=0.41 secs] 
2016-06-26T20:19:04.586+0300: 633.023: Total time for which application threads were stopped: 0.4115119 seconds, Stopping threads took: 0.0016268 seconds
2016-06-26T20:19:04.758+0300: 633.195: Total time for which application threads were stopped: 0.0013693 seconds, Stopping threads took: 0.0004700 seconds
2016-06-26T20:19:04.765+0300: 633.201: Total time for which application threads were stopped: 0.0005085 seconds, Stopping threads took: 0.0001522 seconds
2016-06-26T20:19:05.324+0300: 633.761: [Full GC (Ergonomics) [PSYoungGen: 791551K->148004K(802816K)] [ParOldGen: 3493742K->3493756K(3495424K)] 4285294K->3641760K(4298240K), [Metaspace: 9048K->9048K(1058816K)], 0.4174187 secs] [Times: user=1.33 sys=0.00, real=0.42 secs] 
2016-06-26T20:19:05.742+0300: 634.179: Total time for which application threads were stopped: 0.4187072 seconds, Stopping threads took: 0.0007655 seconds
2016-06-26T20:19:05.906+0300: 634.343: Total time for which application threads were stopped: 0.0018107 seconds, Stopping threads took: 0.0008369 seconds
2016-06-26T20:19:06.451+0300: 634.888: Total time for which application threads were stopped: 0.0019009 seconds, Stopping threads took: 0.0009896 seconds
2016-06-26T20:19:06.706+0300: 635.143: [Full GC (Ergonomics) [PSYoungGen: 791818K->0K(802816K)] [ParOldGen: 3493756K->3489766K(3495424K)] 4285574K->3489766K(4298240K), [Metaspace: 9048K->9048K(1058816K)], 0.3899825 secs] [Times: user=1.30 sys=0.00, real=0.39 secs] 
2016-06-26T20:19:07.096+0300: 635.533: Total time for which application threads were stopped: 0.3911043 seconds, Stopping threads took: 0.0005701 seconds
2016-06-26T20:19:07.451+0300: 635.888: Total time for which application threads were stopped: 0.0019339 seconds, Stopping threads took: 0.0009999 seconds
2016-06-26T20:19:08.274+0300: 636.711: [Full GC (Ergonomics) [PSYoungGen: 791322K->0K(802816K)] [ParOldGen: 3489766K->3457774K(3495424K)] 4281089K->3457774K(4298240K), [Metaspace: 9048K->9048K(1058816K)], 0.3978193 secs] [Times: user=1.31 sys=0.00, real=0.40 secs] 
2016-06-26T20:19:08.671+0300: 637.109: Total time for which application threads were stopped: 0.4009446 seconds, Stopping threads took: 0.0025826 seconds
2016-06-26T20:19:08.757+0300: 637.194: Total time for which application threads were stopped: 0.0034790 seconds, Stopping threads took: 0.0024197 seconds
2016-06-26T20:19:09.454+0300: 637.892: Total time for which application threads were stopped: 0.0050711 seconds, Stopping threads took: 0.0041128 seconds
2016-06-26T20:19:09.886+0300: 638.323: [Full GC (Ergonomics) [PSYoungGen: 792187K->200001K(802816K)] [ParOldGen: 3457774K->3493786K(3495424K)] 4249962K->3693788K(4298240K), [Metaspace: 9048K->9048K(1058816K)], 0.4251126 secs] [Times: user=1.36 sys=0.00, real=0.43 secs] 
2016-06-26T20:19:10.311+0300: 638.748: Total time for which application threads were stopped: 0.4285232 seconds, Stopping threads took: 0.0028969 seconds
2016-06-26T20:19:10.452+0300: 638.889: Total time for which application threads were stopped: 0.0025501 seconds, Stopping threads took: 0.0016114 seconds
2016-06-26T20:19:11.199+0300: 639.636: [Full GC (Ergonomics) [PSYoungGen: 790723K->58001K(802816K)] [ParOldGen: 3493786K->3493792K(3495424K)] 4284510K->3551794K(4298240K), [Metaspace: 9048K->9048K(1058816K)], 0.4073077 secs] [Times: user=1.33 sys=0.00, real=0.41 secs] 
2016-06-26T20:19:11.606+0300: 640.043: Total time for which application threads were stopped: 0.4108072 seconds, Stopping threads took: 0.0029940 seconds
2016-06-26T20:19:11.771+0300: 640.208: Total time for which application threads were stopped: 0.0011427 seconds, Stopping threads took: 0.0003947 seconds
2016-06-26T20:19:12.453+0300: 640.890: Total time for which application threads were stopped: 0.0028559 seconds, Stopping threads took: 0.0019018 seconds
2016-06-26T20:19:12.707+0300: 641.144: [Full GC (Ergonomics) [PSYoungGen: 792158K->56000K(802816K)] [ParOldGen: 3493792K->3493802K(3495424K)] 4285951K->3549803K(4298240K), [Metaspace: 9048K->9048K(1058816K)], 0.4050236 secs] [Times: user=1.38 sys=0.00, real=0.40 secs] 
2016-06-26T20:19:13.112+0300: 641.549: Total time for which application threads were stopped: 0.4065144 seconds, Stopping threads took: 0.0009716 seconds
2016-06-26T20:19:13.785+0300: 642.222: Total time for which application threads were stopped: 0.0039195 seconds, Stopping threads took: 0.0029487 seconds
2016-06-26T20:19:14.308+0300: 642.745: [Full GC (Ergonomics) [PSYoungGen: 790744K->0K(802816K)] [ParOldGen: 3493802K->3369811K(3495424K)] 4284546K->3369811K(4298240K), [Metaspace: 9048K->9048K(1058816K)], 0.3776238 secs] [Times: user=1.41 sys=0.00, real=0.38 secs] 
2016-06-26T20:19:14.686+0300: 643.123: Total time for which application threads were stopped: 0.3805378 seconds, Stopping threads took: 0.0024517 seconds
2016-06-26T20:19:15.829+0300: 644.266: [Full GC (Ergonomics) [PSYoungGen: 791278K->142001K(802816K)] [ParOldGen: 3369811K->3493820K(3495424K)] 4161090K->3635822K(4298240K), [Metaspace: 9048K->9048K(1058816K)], 0.3978304 secs] [Times: user=1.39 sys=0.05, real=0.40 secs] 
2016-06-26T20:19:16.227+0300: 644.664: Total time for which application threads were stopped: 0.3995868 seconds, Stopping threads took: 0.0012338 seconds
2016-06-26T20:19:16.230+0300: 644.667: Total time for which application threads were stopped: 0.0009349 seconds, Stopping threads took: 0.0000650 seconds
2016-06-26T20:19:16.236+0300: 644.673: Total time for which application threads were stopped: 0.0004080 seconds, Stopping threads took: 0.0000791 seconds
2016-06-26T20:19:16.452+0300: 644.889: Total time for which application threads were stopped: 0.0013711 seconds, Stopping threads took: 0.0005072 seconds
2016-06-26T20:19:17.128+0300: 645.565: [Full GC (Ergonomics) [PSYoungGen: 791514K->116002K(802816K)] [ParOldGen: 3493820K->3493846K(3495424K)] 4285335K->3609848K(4298240K), [Metaspace: 9048K->9048K(1058816K)], 0.4175611 secs] [Times: user=1.31 sys=0.00, real=0.42 secs] 
2016-06-26T20:19:17.546+0300: 645.983: Total time for which application threads were stopped: 0.4204867 seconds, Stopping threads took: 0.0023812 seconds
2016-06-26T20:19:17.546+0300: 645.983: Total time for which application threads were stopped: 0.0004777 seconds, Stopping threads took: 0.0001540 seconds
2016-06-26T20:19:17.764+0300: 646.201: Total time for which application threads were stopped: 0.0016670 seconds, Stopping threads took: 0.0007091 seconds
2016-06-26T20:19:18.455+0300: 646.892: Total time for which application threads were stopped: 0.0037291 seconds, Stopping threads took: 0.0027896 seconds
2016-06-26T20:19:18.591+0300: 647.028: [Full GC (Ergonomics) [PSYoungGen: 791283K->86000K(802816K)] [ParOldGen: 3493846K->3493854K(3495424K)] 4285129K->3579855K(4298240K), [Metaspace: 9048K->9048K(1058816K)], 0.4151470 secs] [Times: user=1.31 sys=0.00, real=0.41 secs] 
2016-06-26T20:19:19.006+0300: 647.443: Total time for which application threads were stopped: 0.4165779 seconds, Stopping threads took: 0.0009267 seconds
2016-06-26T20:19:20.010+0300: 648.447: Total time for which application threads were stopped: 0.0041478 seconds, Stopping threads took: 0.0038190 seconds
2016-06-26T20:19:20.059+0300: 648.496: [Full GC (Ergonomics) [PSYoungGen: 792109K->178003K(802816K)] [ParOldGen: 3493854K->3493863K(3495424K)] 4285964K->3671866K(4298240K), [Metaspace: 9048K->9048K(1058816K)], 0.4185494 secs] [Times: user=1.33 sys=0.00, real=0.42 secs] 
2016-06-26T20:19:20.478+0300: 648.915: Total time for which application threads were stopped: 0.4206060 seconds, Stopping threads took: 0.0015267 seconds
2016-06-26T20:19:21.320+0300: 649.758: Total time for which application threads were stopped: 0.0041551 seconds, Stopping threads took: 0.0032728 seconds
2016-06-26T20:19:21.392+0300: 649.829: [Full GC (Ergonomics) [PSYoungGen: 792293K->0K(802816K)] [ParOldGen: 3493863K->3431870K(3495424K)] 4286157K->3431870K(4298240K), [Metaspace: 9048K->9048K(1058816K)], 0.4032048 secs] [Times: user=1.13 sys=0.00, real=0.40 secs] 
2016-06-26T20:19:21.796+0300: 650.233: Total time for which application threads were stopped: 0.4048555 seconds, Stopping threads took: 0.0011239 seconds
2016-06-26T20:19:21.799+0300: 650.236: Total time for which application threads were stopped: 0.0009759 seconds, Stopping threads took: 0.0000718 seconds
2016-06-26T20:19:23.036+0300: 651.473: [Full GC (Ergonomics) [PSYoungGen: 791992K->206001K(802816K)] [ParOldGen: 3431870K->3493882K(3495424K)] 4223863K->3699884K(4298240K), [Metaspace: 9048K->9048K(1058816K)], 0.4151201 secs] [Times: user=1.42 sys=0.00, real=0.41 secs] 
2016-06-26T20:19:23.451+0300: 651.889: Total time for which application threads were stopped: 0.4186854 seconds, Stopping threads took: 0.0030111 seconds
2016-06-26T20:19:23.454+0300: 651.891: Total time for which application threads were stopped: 0.0012000 seconds, Stopping threads took: 0.0000646 seconds
2016-06-26T20:19:24.291+0300: 652.728: [Full GC (Ergonomics) [PSYoungGen: 791660K->208005K(802816K)] [ParOldGen: 3493882K->3493885K(3495424K)] 4285542K->3701890K(4298240K), [Metaspace: 9048K->9048K(1058816K)], 0.4146188 secs] [Times: user=1.47 sys=0.00, real=0.41 secs] 
2016-06-26T20:19:24.705+0300: 653.143: Total time for which application threads were stopped: 0.4165531 seconds, Stopping threads took: 0.0013775 seconds
2016-06-26T20:19:24.752+0300: 653.189: Total time for which application threads were stopped: 0.0009832 seconds, Stopping threads took: 0.0002818 seconds
2016-06-26T20:19:25.457+0300: 653.895: Total time for which application threads were stopped: 0.0044339 seconds, Stopping threads took: 0.0034443 seconds
2016-06-26T20:19:25.573+0300: 654.010: [Full GC (Ergonomics) [PSYoungGen: 791998K->118003K(802816K)] [ParOldGen: 3493885K->3493885K(3495424K)] 4285883K->3611888K(4298240K), [Metaspace: 9048K->9048K(1058816K)], 0.3950708 secs] [Times: user=1.55 sys=0.00, real=0.39 secs] 
2016-06-26T20:19:25.968+0300: 654.405: Total time for which application threads were stopped: 0.3967232 seconds, Stopping threads took: 0.0011594 seconds
2016-06-26T20:19:26.455+0300: 654.892: Total time for which application threads were stopped: 0.0018175 seconds, Stopping threads took: 0.0009049 seconds
2016-06-26T20:19:27.021+0300: 655.458: [Full GC (Ergonomics) [PSYoungGen: 791670K->58000K(802816K)] [ParOldGen: 3493885K->3493909K(3495424K)] 4285555K->3551910K(4298240K), [Metaspace: 9048K->9048K(1058816K)], 0.3903003 secs] [Times: user=1.44 sys=0.00, real=0.39 secs] 
2016-06-26T20:19:27.411+0300: 655.848: Total time for which application threads were stopped: 0.3919716 seconds, Stopping threads took: 0.0011448 seconds
2016-06-26T20:19:27.455+0300: 655.892: Total time for which application threads were stopped: 0.0010430 seconds, Stopping threads took: 0.0001099 seconds
2016-06-26T20:19:27.461+0300: 655.898: Total time for which application threads were stopped: 0.0004563 seconds, Stopping threads took: 0.0000766 seconds
2016-06-26T20:19:28.455+0300: 656.893: Total time for which application threads were stopped: 0.0021827 seconds, Stopping threads took: 0.0011465 seconds
2016-06-26T20:19:28.495+0300: 656.932: [Full GC (Ergonomics) [PSYoungGen: 792240K->0K(802816K)] [ParOldGen: 3493909K->3491917K(3495424K)] 4286149K->3491917K(4298240K), [Metaspace: 9048K->9048K(1058816K)], 0.4054799 secs] [Times: user=1.34 sys=0.00, real=0.41 secs] 
2016-06-26T20:19:28.900+0300: 657.337: Total time for which application threads were stopped: 0.4076716 seconds, Stopping threads took: 0.0016597 seconds
2016-06-26T20:19:29.775+0300: 658.212: Total time for which application threads were stopped: 0.0026728 seconds, Stopping threads took: 0.0017282 seconds
2016-06-26T20:19:30.218+0300: 658.655: [Full GC (Ergonomics) [PSYoungGen: 791542K->56000K(802816K)] [ParOldGen: 3491917K->3493929K(3495424K)] 4283459K->3549930K(4298240K), [Metaspace: 9048K->9048K(1058816K)], 0.4051142 secs] [Times: user=1.27 sys=0.00, real=0.41 secs] 
2016-06-26T20:19:30.624+0300: 659.060: Total time for which application threads were stopped: 0.4114965 seconds, Stopping threads took: 0.0059474 seconds
2016-06-26T20:19:31.464+0300: 659.901: Total time for which application threads were stopped: 0.0093690 seconds, Stopping threads took: 0.0085167 seconds
2016-06-26T20:19:31.760+0300: 660.198: [Full GC (Ergonomics) [PSYoungGen: 792072K->0K(802816K)] [ParOldGen: 3493929K->3461936K(3495424K)] 4286002K->3461936K(4298240K), [Metaspace: 9048K->9048K(1058816K)], 0.4183852 secs] [Times: user=1.13 sys=0.00, real=0.42 secs] 
2016-06-26T20:19:32.179+0300: 660.616: Total time for which application threads were stopped: 0.4219313 seconds, Stopping threads took: 0.0031351 seconds
2016-06-26T20:19:32.460+0300: 660.897: Total time for which application threads were stopped: 0.0058832 seconds, Stopping threads took: 0.0051224 seconds
2016-06-26T20:19:33.277+0300: 661.714: [Full GC (Ergonomics) [PSYoungGen: 791674K->0K(802816K)] [ParOldGen: 3461936K->3459943K(3495424K)] 4253610K->3459943K(4298240K), [Metaspace: 9048K->9048K(1058816K)], 0.4345193 secs] [Times: user=1.23 sys=0.00, real=0.43 secs] 
2016-06-26T20:19:33.712+0300: 662.149: Total time for which application threads were stopped: 0.4386427 seconds, Stopping threads took: 0.0036017 seconds
2016-06-26T20:19:33.714+0300: 662.151: Total time for which application threads were stopped: 0.0009481 seconds, Stopping threads took: 0.0000543 seconds
2016-06-26T20:19:34.458+0300: 662.895: Total time for which application threads were stopped: 0.0032579 seconds, Stopping threads took: 0.0023046 seconds
2016-06-26T20:19:34.973+0300: 663.410: [Full GC (Ergonomics) [PSYoungGen: 791342K->52000K(802816K)] [ParOldGen: 3459943K->3493954K(3495424K)] 4251285K->3545954K(4298240K), [Metaspace: 9048K->9048K(1058816K)], 0.4273249 secs] [Times: user=1.17 sys=0.00, real=0.43 secs] 
2016-06-26T20:19:35.401+0300: 663.838: Total time for which application threads were stopped: 0.4302192 seconds, Stopping threads took: 0.0024808 seconds
2016-06-26T20:19:35.460+0300: 663.897: Total time for which application threads were stopped: 0.0010080 seconds, Stopping threads took: 0.0002604 seconds
2016-06-26T20:19:36.444+0300: 664.881: [Full GC (Ergonomics) [PSYoungGen: 790696K->114002K(802816K)] [ParOldGen: 3493954K->3493961K(3495424K)] 4284651K->3607963K(4298240K), [Metaspace: 9048K->9048K(1058816K)], 0.3968900 secs] [Times: user=1.49 sys=0.00, real=0.40 secs] 
2016-06-26T20:19:36.841+0300: 665.278: Total time for which application threads were stopped: 0.3990787 seconds, Stopping threads took: 0.0016443 seconds
2016-06-26T20:19:36.843+0300: 665.280: Total time for which application threads were stopped: 0.0009541 seconds, Stopping threads took: 0.0000731 seconds
2016-06-26T20:19:37.461+0300: 665.899: Total time for which application threads were stopped: 0.0060864 seconds, Stopping threads took: 0.0051156 seconds
2016-06-26T20:19:37.790+0300: 666.227: [Full GC (Ergonomics) [PSYoungGen: 792222K->0K(802816K)] [ParOldGen: 3493961K->3489970K(3495424K)] 4286183K->3489970K(4298240K), [Metaspace: 9048K->9048K(1058816K)], 0.3939674 secs] [Times: user=1.36 sys=0.00, real=0.39 secs] 
2016-06-26T20:19:38.184+0300: 666.621: Total time for which application threads were stopped: 0.3972428 seconds, Stopping threads took: 0.0027267 seconds
2016-06-26T20:19:38.458+0300: 666.895: Total time for which application threads were stopped: 0.0017863 seconds, Stopping threads took: 0.0008198 seconds
2016-06-26T20:19:38.465+0300: 666.902: Total time for which application threads were stopped: 0.0005487 seconds, Stopping threads took: 0.0000761 seconds
2016-06-26T20:19:39.344+0300: 667.781: [Full GC (Ergonomics) [PSYoungGen: 792576K->144003K(802816K)] [ParOldGen: 3489970K->3493978K(3495424K)] 4282546K->3637981K(4298240K), [Metaspace: 9048K->9048K(1058816K)], 0.3995470 secs] [Times: user=1.44 sys=0.00, real=0.40 secs] 
2016-06-26T20:19:39.744+0300: 668.181: Total time for which application threads were stopped: 0.4020779 seconds, Stopping threads took: 0.0020429 seconds
2016-06-26T20:19:39.778+0300: 668.215: Total time for which application threads were stopped: 0.0009746 seconds, Stopping threads took: 0.0001270 seconds
2016-06-26T20:19:40.459+0300: 668.896: Total time for which application threads were stopped: 0.0020630 seconds, Stopping threads took: 0.0010426 seconds
2016-06-26T20:19:40.789+0300: 669.226: [Full GC (Ergonomics) [PSYoungGen: 792226K->116001K(802816K)] [ParOldGen: 3493978K->3493988K(3495424K)] 4286204K->3609989K(4298240K), [Metaspace: 9048K->9048K(1058816K)], 0.4114213 secs] [Times: user=1.45 sys=0.00, real=0.41 secs] 
2016-06-26T20:19:41.201+0300: 669.638: Total time for which application threads were stopped: 0.4133243 seconds, Stopping threads took: 0.0013775 seconds
2016-06-26T20:19:41.459+0300: 669.896: Total time for which application threads were stopped: 0.0019249 seconds, Stopping threads took: 0.0009293 seconds
2016-06-26T20:19:42.174+0300: 670.611: [Full GC (Ergonomics) [PSYoungGen: 791727K->90011K(802816K)] [ParOldGen: 3493988K->3493987K(3495424K)] 4285716K->3583998K(4298240K), [Metaspace: 9048K->9048K(1058816K)], 0.4041781 secs] [Times: user=1.36 sys=0.00, real=0.40 secs] 
2016-06-26T20:19:42.578+0300: 671.015: Total time for which application threads were stopped: 0.4067598 seconds, Stopping threads took: 0.0020780 seconds
2016-06-26T20:19:42.772+0300: 671.209: Total time for which application threads were stopped: 0.0013894 seconds, Stopping threads took: 0.0004345 seconds
2016-06-26T20:19:43.461+0300: 671.898: Total time for which application threads were stopped: 0.0039772 seconds, Stopping threads took: 0.0030004 seconds
2016-06-26T20:19:43.659+0300: 672.096: [Full GC (Ergonomics) [PSYoungGen: 792297K->0K(802816K)] [ParOldGen: 3493987K->3340002K(3495424K)] 4286284K->3340002K(4298240K), [Metaspace: 9048K->9048K(1058816K)], 0.3793361 secs] [Times: user=1.23 sys=0.00, real=0.38 secs] 
2016-06-26T20:19:44.039+0300: 672.475: Total time for which application threads were stopped: 0.3820671 seconds, Stopping threads took: 0.0022123 seconds
2016-06-26T20:19:44.460+0300: 672.897: Total time for which application threads were stopped: 0.0028448 seconds, Stopping threads took: 0.0018770 seconds
2016-06-26T20:19:45.230+0300: 673.668: [Full GC (Ergonomics) [PSYoungGen: 792535K->0K(802816K)] [ParOldGen: 3340002K->3460013K(3495424K)] 4132538K->3460013K(4298240K), [Metaspace: 9048K->9048K(1058816K)], 0.4079547 secs] [Times: user=1.22 sys=0.00, real=0.41 secs] 
2016-06-26T20:19:45.639+0300: 674.076: Total time for which application threads were stopped: 0.4106220 seconds, Stopping threads took: 0.0021408 seconds
2016-06-26T20:19:45.783+0300: 674.221: Total time for which application threads were stopped: 0.0050241 seconds, Stopping threads took: 0.0041089 seconds
2016-06-26T20:19:46.460+0300: 674.897: Total time for which application threads were stopped: 0.0021045 seconds, Stopping threads took: 0.0011538 seconds
2016-06-26T20:19:46.829+0300: 675.266: [Full GC (Ergonomics) [PSYoungGen: 791148K->200001K(802816K)] [ParOldGen: 3460013K->3494024K(3495424K)] 4251162K->3694026K(4298240K), [Metaspace: 9048K->9048K(1058816K)], 0.4182394 secs] [Times: user=1.31 sys=0.00, real=0.42 secs] 
2016-06-26T20:19:47.247+0300: 675.684: Total time for which application threads were stopped: 0.4236039 seconds, Stopping threads took: 0.0048205 seconds
2016-06-26T20:19:47.811+0300: 676.248: Total time for which application threads were stopped: 0.0017884 seconds, Stopping threads took: 0.0010614 seconds
2016-06-26T20:19:48.245+0300: 676.681: [Full GC (Ergonomics) [PSYoungGen: 791847K->0K(802816K)] [ParOldGen: 3494024K->3340031K(3495424K)] 4285872K->3340031K(4298240K), [Metaspace: 9048K->9048K(1058816K)], 0.3703909 secs] [Times: user=1.39 sys=0.00, real=0.37 secs] 
2016-06-26T20:19:48.615+0300: 677.052: Total time for which application threads were stopped: 0.3715421 seconds, Stopping threads took: 0.0006877 seconds
2016-06-26T20:19:49.462+0300: 677.900: Total time for which application threads were stopped: 0.0038891 seconds, Stopping threads took: 0.0029153 seconds
2016-06-26T20:19:49.469+0300: 677.906: Total time for which application threads were stopped: 0.0004251 seconds, Stopping threads took: 0.0000710 seconds
2016-06-26T20:19:49.803+0300: 678.240: [Full GC (Ergonomics) [PSYoungGen: 790648K->0K(802816K)] [ParOldGen: 3340031K->3456041K(3495424K)] 4130680K->3456041K(4298240K), [Metaspace: 9048K->9048K(1058816K)], 0.3863838 secs] [Times: user=1.36 sys=0.00, real=0.39 secs] 
2016-06-26T20:19:50.190+0300: 678.627: Total time for which application threads were stopped: 0.3873644 seconds, Stopping threads took: 0.0005538 seconds
2016-06-26T20:19:50.460+0300: 678.897: Total time for which application threads were stopped: 0.0014574 seconds, Stopping threads took: 0.0007043 seconds
2016-06-26T20:19:51.286+0300: 679.723: [Full GC (Ergonomics) [PSYoungGen: 792231K->0K(802816K)] [ParOldGen: 3456041K->3394048K(3495424K)] 4248273K->3394048K(4298240K), [Metaspace: 9048K->9048K(1058816K)], 0.3754038 secs] [Times: user=1.30 sys=0.00, real=0.38 secs] 
2016-06-26T20:19:51.662+0300: 680.099: Total time for which application threads were stopped: 0.3772987 seconds, Stopping threads took: 0.0013856 seconds
2016-06-26T20:19:51.696+0300: 680.133: Total time for which application threads were stopped: 0.0011559 seconds, Stopping threads took: 0.0002254 seconds
2016-06-26T20:19:52.809+0300: 681.246: [Full GC (Ergonomics) [PSYoungGen: 792339K->0K(802816K)] [ParOldGen: 3394048K->3450057K(3495424K)] 4186387K->3450057K(4298240K), [Metaspace: 9048K->9048K(1058816K)], 0.3958294 secs] [Times: user=1.31 sys=0.00, real=0.40 secs] 
2016-06-26T20:19:53.205+0300: 681.642: Total time for which application threads were stopped: 0.3979309 seconds, Stopping threads took: 0.0015904 seconds
2016-06-26T20:19:53.461+0300: 681.898: Total time for which application threads were stopped: 0.0017611 seconds, Stopping threads took: 0.0007942 seconds
2016-06-26T20:19:54.368+0300: 682.805: [Full GC (Ergonomics) [PSYoungGen: 792230K->132001K(802816K)] [ParOldGen: 3450057K->3494068K(3495424K)] 4242287K->3626069K(4298240K), [Metaspace: 9048K->9048K(1058816K)], 0.4094973 secs] [Times: user=1.38 sys=0.00, real=0.41 secs] 
2016-06-26T20:19:54.778+0300: 683.215: Total time for which application threads were stopped: 0.4134141 seconds, Stopping threads took: 0.0033947 seconds
2016-06-26T20:19:54.780+0300: 683.217: Total time for which application threads were stopped: 0.0010208 seconds, Stopping threads took: 0.0000646 seconds
2016-06-26T20:19:55.463+0300: 683.900: Total time for which application threads were stopped: 0.0032284 seconds, Stopping threads took: 0.0022892 seconds
2016-06-26T20:19:55.818+0300: 684.255: [Full GC (Ergonomics) [PSYoungGen: 792438K->296006K(802816K)] [ParOldGen: 3494068K->3494074K(3495424K)] 4286506K->3790080K(4298240K), [Metaspace: 9048K->9048K(1058816K)], 0.4268677 secs] [Times: user=1.41 sys=0.00, real=0.43 secs] 
2016-06-26T20:19:56.246+0300: 684.683: Total time for which application threads were stopped: 0.4282820 seconds, Stopping threads took: 0.0008827 seconds
2016-06-26T20:19:56.838+0300: 685.275: Total time for which application threads were stopped: 0.0028328 seconds, Stopping threads took: 0.0019193 seconds
2016-06-26T20:19:57.136+0300: 685.573: [Full GC (Ergonomics) [PSYoungGen: 792576K->0K(802816K)] [ParOldGen: 3494074K->3434086K(3495424K)] 4286650K->3434086K(4298240K), [Metaspace: 9048K->9048K(1058816K)], 0.4105548 secs] [Times: user=1.25 sys=0.00, real=0.41 secs] 
2016-06-26T20:19:57.547+0300: 685.984: Total time for which application threads were stopped: 0.4116454 seconds, Stopping threads took: 0.0006671 seconds
2016-06-26T20:19:58.470+0300: 686.907: Total time for which application threads were stopped: 0.0100024 seconds, Stopping threads took: 0.0090526 seconds
2016-06-26T20:19:58.651+0300: 687.088: [Full GC (Ergonomics) [PSYoungGen: 790810K->0K(802816K)] [ParOldGen: 3434086K->3400091K(3495424K)] 4224897K->3400091K(4298240K), [Metaspace: 9048K->9048K(1058816K)], 0.3891811 secs] [Times: user=1.36 sys=0.00, real=0.39 secs] 
2016-06-26T20:19:59.041+0300: 687.478: Total time for which application threads were stopped: 0.3920823 seconds, Stopping threads took: 0.0024004 seconds
2016-06-26T20:19:59.463+0300: 687.900: Total time for which application threads were stopped: 0.0027002 seconds, Stopping threads took: 0.0017093 seconds
2016-06-26T20:20:00.132+0300: 688.570: [Full GC (Ergonomics) [PSYoungGen: 791396K->0K(802816K)] [ParOldGen: 3400091K->3460092K(3495424K)] 4191488K->3460092K(4298240K), [Metaspace: 9048K->9048K(1058816K)], 0.3898209 secs] [Times: user=1.36 sys=0.00, real=0.39 secs] 
2016-06-26T20:20:00.523+0300: 688.960: Total time for which application threads were stopped: 0.3921649 seconds, Stopping threads took: 0.0018137 seconds
2016-06-26T20:20:00.773+0300: 689.210: Total time for which application threads were stopped: 0.0057357 seconds, Stopping threads took: 0.0047743 seconds
2016-06-26T20:20:01.464+0300: 689.901: Total time for which application threads were stopped: 0.0034157 seconds, Stopping threads took: 0.0024398 seconds
2016-06-26T20:20:01.471+0300: 689.908: Total time for which application threads were stopped: 0.0004011 seconds, Stopping threads took: 0.0000633 seconds
2016-06-26T20:20:01.756+0300: 690.193: [Full GC (Ergonomics) [PSYoungGen: 791181K->260003K(802816K)] [ParOldGen: 3460092K->3494111K(3495424K)] 4251274K->3754115K(4298240K), [Metaspace: 9048K->9048K(1058816K)], 0.4222803 secs] [Times: user=1.44 sys=0.00, real=0.42 secs] 
2016-06-26T20:20:02.178+0300: 690.616: Total time for which application threads were stopped: 0.4242492 seconds, Stopping threads took: 0.0014515 seconds
2016-06-26T20:20:02.840+0300: 691.277: Total time for which application threads were stopped: 0.0038438 seconds, Stopping threads took: 0.0029234 seconds
2016-06-26T20:20:03.126+0300: 691.563: [Full GC (Ergonomics) [PSYoungGen: 792576K->58001K(802816K)] [ParOldGen: 3494111K->3494121K(3495424K)] 4286687K->3552123K(4298240K), [Metaspace: 9048K->9048K(1058816K)], 0.3941684 secs] [Times: user=1.41 sys=0.00, real=0.39 secs] 
2016-06-26T20:20:03.520+0300: 691.957: Total time for which application threads were stopped: 0.3955010 seconds, Stopping threads took: 0.0009139 seconds
2016-06-26T20:20:04.465+0300: 692.901: Total time for which application threads were stopped: 0.0026130 seconds, Stopping threads took: 0.0016255 seconds
2016-06-26T20:20:04.540+0300: 692.977: [Full GC (Ergonomics) [PSYoungGen: 791481K->26000K(802816K)] [ParOldGen: 3494121K->3494128K(3495424K)] 4285603K->3520128K(4298240K), [Metaspace: 9048K->9048K(1058816K)], 0.4130027 secs] [Times: user=1.39 sys=0.00, real=0.41 secs] 
2016-06-26T20:20:04.953+0300: 693.390: Total time for which application threads were stopped: 0.4145269 seconds, Stopping threads took: 0.0009836 seconds
2016-06-26T20:20:05.465+0300: 693.902: Total time for which application threads were stopped: 0.0026767 seconds, Stopping threads took: 0.0017346 seconds
2016-06-26T20:20:06.003+0300: 694.440: [Full GC (Ergonomics) [PSYoungGen: 791065K->0K(802816K)] [ParOldGen: 3494128K->3432127K(3495424K)] 4285193K->3432127K(4298240K), [Metaspace: 9048K->9048K(1058816K)], 0.3853951 secs] [Times: user=1.31 sys=0.00, real=0.39 secs] 
2016-06-26T20:20:06.389+0300: 694.826: Total time for which application threads were stopped: 0.3875825 seconds, Stopping threads took: 0.0016631 seconds
2016-06-26T20:20:06.464+0300: 694.902: Total time for which application threads were stopped: 0.0022238 seconds, Stopping threads took: 0.0012663 seconds
2016-06-26T20:20:07.467+0300: 695.904: Total time for which application threads were stopped: 0.0045434 seconds, Stopping threads took: 0.0035850 seconds
2016-06-26T20:20:07.633+0300: 696.070: [Full GC (Ergonomics) [PSYoungGen: 792403K->0K(802816K)] [ParOldGen: 3432127K->3458145K(3495424K)] 4224530K->3458145K(4298240K), [Metaspace: 9048K->9048K(1058816K)], 0.3874312 secs] [Times: user=1.36 sys=0.00, real=0.39 secs] 
2016-06-26T20:20:08.021+0300: 696.458: Total time for which application threads were stopped: 0.3887535 seconds, Stopping threads took: 0.0007929 seconds
2016-06-26T20:20:08.466+0300: 696.903: Total time for which application threads were stopped: 0.0031501 seconds, Stopping threads took: 0.0021977 seconds
2016-06-26T20:20:09.204+0300: 697.641: [Full GC (Ergonomics) [PSYoungGen: 790765K->262010K(802816K)] [ParOldGen: 3458145K->3494148K(3495424K)] 4248910K->3756159K(4298240K), [Metaspace: 9048K->9048K(1058816K)], 0.4382527 secs] [Times: user=1.25 sys=0.00, real=0.44 secs] 
2016-06-26T20:20:09.643+0300: 698.080: Total time for which application threads were stopped: 0.4412655 seconds, Stopping threads took: 0.0024731 seconds
2016-06-26T20:20:09.826+0300: 698.263: Total time for which application threads were stopped: 0.0039579 seconds, Stopping threads took: 0.0027656 seconds
2016-06-26T20:20:10.424+0300: 698.861: [Full GC (Ergonomics) [PSYoungGen: 792570K->148003K(802816K)] [ParOldGen: 3494148K->3494162K(3495424K)] 4286718K->3642166K(4298240K), [Metaspace: 9048K->9048K(1058816K)], 0.4168871 secs] [Times: user=1.38 sys=0.00, real=0.42 secs] 
2016-06-26T20:20:10.841+0300: 699.278: Total time for which application threads were stopped: 0.4203370 seconds, Stopping threads took: 0.0028939 seconds
2016-06-26T20:20:10.970+0300: 699.407: Total time for which application threads were stopped: 0.0017559 seconds, Stopping threads took: 0.0006693 seconds
2016-06-26T20:20:11.465+0300: 699.902: Total time for which application threads were stopped: 0.0018577 seconds, Stopping threads took: 0.0008925 seconds
2016-06-26T20:20:11.847+0300: 700.284: [Full GC (Ergonomics) [PSYoungGen: 792220K->86000K(802816K)] [ParOldGen: 3494162K->3494173K(3495424K)] 4286382K->3580174K(4298240K), [Metaspace: 9048K->9048K(1058816K)], 0.3992156 secs] [Times: user=1.41 sys=0.00, real=0.40 secs] 
2016-06-26T20:20:12.247+0300: 700.684: Total time for which application threads were stopped: 0.4022412 seconds, Stopping threads took: 0.0025108 seconds
2016-06-26T20:20:12.465+0300: 700.902: Total time for which application threads were stopped: 0.0014596 seconds, Stopping threads took: 0.0005495 seconds
2016-06-26T20:20:12.472+0300: 700.909: Total time for which application threads were stopped: 0.0005098 seconds, Stopping threads took: 0.0000774 seconds
2016-06-26T20:20:13.269+0300: 701.706: [Full GC (Ergonomics) [PSYoungGen: 790692K->148003K(802816K)] [ParOldGen: 3494173K->3494180K(3495424K)] 4284865K->3642183K(4298240K), [Metaspace: 9048K->9048K(1058816K)], 0.4124387 secs] [Times: user=1.31 sys=0.00, real=0.41 secs] 
2016-06-26T20:20:13.682+0300: 702.119: Total time for which application threads were stopped: 0.4142964 seconds, Stopping threads took: 0.0013244 seconds
2016-06-26T20:20:13.803+0300: 702.240: Total time for which application threads were stopped: 0.0009969 seconds, Stopping threads took: 0.0002912 seconds
2016-06-26T20:20:14.467+0300: 702.904: Total time for which application threads were stopped: 0.0026720 seconds, Stopping threads took: 0.0017046 seconds
2016-06-26T20:20:14.658+0300: 703.095: [Full GC (Ergonomics) [PSYoungGen: 792103K->0K(802816K)] [ParOldGen: 3494180K->3460189K(3495424K)] 4286283K->3460189K(4298240K), [Metaspace: 9048K->9048K(1058816K)], 0.3815398 secs] [Times: user=1.34 sys=0.00, real=0.38 secs] 
2016-06-26T20:20:15.040+0300: 703.476: Total time for which application threads were stopped: 0.3841100 seconds, Stopping threads took: 0.0020420 seconds
2016-06-26T20:20:15.466+0300: 703.903: Total time for which application threads were stopped: 0.0014258 seconds, Stopping threads took: 0.0007347 seconds
2016-06-26T20:20:16.247+0300: 704.684: [Full GC (Ergonomics) [PSYoungGen: 792515K->0K(802816K)] [ParOldGen: 3460189K->3490198K(3495424K)] 4252704K->3490198K(4298240K), [Metaspace: 9048K->9048K(1058816K)], 0.4051211 secs] [Times: user=1.31 sys=0.00, real=0.40 secs] 
2016-06-26T20:20:16.652+0300: 705.089: Total time for which application threads were stopped: 0.4072841 seconds, Stopping threads took: 0.0016170 seconds
2016-06-26T20:20:16.784+0300: 705.221: Total time for which application threads were stopped: 0.0015562 seconds, Stopping threads took: 0.0006034 seconds
2016-06-26T20:20:17.467+0300: 705.904: Total time for which application threads were stopped: 0.0024590 seconds, Stopping threads took: 0.0015015 seconds
2016-06-26T20:20:17.829+0300: 706.266: [Full GC (Ergonomics) [PSYoungGen: 792096K->0K(802816K)] [ParOldGen: 3490198K->3486207K(3495424K)] 4282294K->3486207K(4298240K), [Metaspace: 9048K->9048K(1058816K)], 0.3909478 secs] [Times: user=1.30 sys=0.00, real=0.39 secs] 
2016-06-26T20:20:18.220+0300: 706.657: Total time for which application threads were stopped: 0.3934286 seconds, Stopping threads took: 0.0019458 seconds
2016-06-26T20:20:18.467+0300: 706.904: Total time for which application threads were stopped: 0.0017196 seconds, Stopping threads took: 0.0007685 seconds
2016-06-26T20:20:19.414+0300: 707.851: [Full GC (Ergonomics) [PSYoungGen: 792236K->18000K(802816K)] [ParOldGen: 3486207K->3494216K(3495424K)] 4278443K->3512216K(4298240K), [Metaspace: 9048K->9048K(1058816K)], 0.4003523 secs] [Times: user=1.34 sys=0.00, real=0.40 secs] 
2016-06-26T20:20:19.814+0300: 708.251: Total time for which application threads were stopped: 0.4059503 seconds, Stopping threads took: 0.0050707 seconds
2016-06-26T20:20:19.817+0300: 708.254: Total time for which application threads were stopped: 0.0010627 seconds, Stopping threads took: 0.0001215 seconds
2016-06-26T20:20:20.468+0300: 708.905: Total time for which application threads were stopped: 0.0026972 seconds, Stopping threads took: 0.0017457 seconds
2016-06-26T20:20:20.972+0300: 709.409: [Full GC (Ergonomics) [PSYoungGen: 792428K->86000K(802816K)] [ParOldGen: 3494216K->3494225K(3495424K)] 4286645K->3580226K(4298240K), [Metaspace: 9048K->9048K(1058816K)], 0.4215541 secs] [Times: user=1.27 sys=0.00, real=0.42 secs] 
2016-06-26T20:20:21.394+0300: 709.831: Total time for which application threads were stopped: 0.4247970 seconds, Stopping threads took: 0.0026998 seconds
2016-06-26T20:20:21.470+0300: 709.906: Total time for which application threads were stopped: 0.0034914 seconds, Stopping threads took: 0.0025048 seconds
2016-06-26T20:20:22.469+0300: 710.906: Total time for which application threads were stopped: 0.0029495 seconds, Stopping threads took: 0.0020587 seconds
2016-06-26T20:20:22.475+0300: 710.912: Total time for which application threads were stopped: 0.0005778 seconds, Stopping threads took: 0.0002113 seconds
2016-06-26T20:20:22.486+0300: 710.923: [Full GC (Ergonomics) [PSYoungGen: 790652K->234005K(802816K)] [ParOldGen: 3494225K->3494232K(3495424K)] 4284878K->3728237K(4298240K), [Metaspace: 9048K->9048K(1058816K)], 0.4197657 secs] [Times: user=1.31 sys=0.00, real=0.42 secs] 
2016-06-26T20:20:22.906+0300: 711.343: Total time for which application threads were stopped: 0.4203468 seconds, Stopping threads took: 0.0000804 seconds
2016-06-26T20:20:23.469+0300: 711.905: Total time for which application threads were stopped: 0.0021421 seconds, Stopping threads took: 0.0012582 seconds
2016-06-26T20:20:23.710+0300: 712.147: [Full GC (Ergonomics) [PSYoungGen: 792168K->148004K(802816K)] [ParOldGen: 3494232K->3494232K(3495424K)] 4286400K->3642236K(4298240K), [Metaspace: 9048K->9048K(1058816K)], 0.3999875 secs] [Times: user=1.53 sys=0.00, real=0.40 secs] 
2016-06-26T20:20:24.110+0300: 712.547: Total time for which application threads were stopped: 0.4026330 seconds, Stopping threads took: 0.0021156 seconds
2016-06-26T20:20:24.468+0300: 712.905: Total time for which application threads were stopped: 0.0013749 seconds, Stopping threads took: 0.0005055 seconds
2016-06-26T20:20:25.089+0300: 713.526: [Full GC (Ergonomics) [PSYoungGen: 790577K->0K(802816K)] [ParOldGen: 3494232K->3430250K(3495424K)] 4284810K->3430250K(4298240K), [Metaspace: 9048K->9048K(1058816K)], 0.3840048 secs] [Times: user=1.33 sys=0.00, real=0.38 secs] 
2016-06-26T20:20:25.473+0300: 713.910: Total time for which application threads were stopped: 0.3856611 seconds, Stopping threads took: 0.0010897 seconds
2016-06-26T20:20:25.731+0300: 714.168: Total time for which application threads were stopped: 0.0013014 seconds, Stopping threads took: 0.0003917 seconds
2016-06-26T20:20:26.469+0300: 714.906: Total time for which application threads were stopped: 0.0022974 seconds, Stopping threads took: 0.0013813 seconds
2016-06-26T20:20:26.657+0300: 715.095: [Full GC (Ergonomics) [PSYoungGen: 790596K->22000K(802816K)] [ParOldGen: 3430250K->3494260K(3495424K)] 4220847K->3516260K(4298240K), [Metaspace: 9048K->9048K(1058816K)], 0.3910128 secs] [Times: user=1.45 sys=0.02, real=0.39 secs] 
2016-06-26T20:20:27.049+0300: 715.486: Total time for which application threads were stopped: 0.3919121 seconds, Stopping threads took: 0.0003776 seconds
2016-06-26T20:20:27.469+0300: 715.906: Total time for which application threads were stopped: 0.0018599 seconds, Stopping threads took: 0.0009075 seconds
2016-06-26T20:20:28.186+0300: 716.623: [Full GC (Ergonomics) [PSYoungGen: 791599K->60009K(802816K)] [ParOldGen: 3494260K->3494260K(3495424K)] 4285860K->3554269K(4298240K), [Metaspace: 9048K->9048K(1058816K)], 0.4097573 secs] [Times: user=1.27 sys=0.00, real=0.41 secs] 
2016-06-26T20:20:28.596+0300: 717.033: Total time for which application threads were stopped: 0.4154998 seconds, Stopping threads took: 0.0052174 seconds
2016-06-26T20:20:28.761+0300: 717.198: Total time for which application threads were stopped: 0.0018898 seconds, Stopping threads took: 0.0009374 seconds
2016-06-26T20:20:29.470+0300: 717.907: Total time for which application threads were stopped: 0.0027823 seconds, Stopping threads took: 0.0018612 seconds
2016-06-26T20:20:29.710+0300: 718.147: [Full GC (Ergonomics) [PSYoungGen: 790795K->144001K(802816K)] [ParOldGen: 3494260K->3494261K(3495424K)] 4285055K->3638262K(4298240K), [Metaspace: 9048K->9048K(1058816K)], 0.4121868 secs] [Times: user=1.41 sys=0.00, real=0.41 secs] 
2016-06-26T20:20:30.122+0300: 718.559: Total time for which application threads were stopped: 0.4137319 seconds, Stopping threads took: 0.0010200 seconds
2016-06-26T20:20:30.473+0300: 718.910: Total time for which application threads were stopped: 0.0052640 seconds, Stopping threads took: 0.0042954 seconds
2016-06-26T20:20:31.090+0300: 719.527: [Full GC (Ergonomics) [PSYoungGen: 791380K->120000K(802816K)] [ParOldGen: 3494261K->3494261K(3495424K)] 4285642K->3614262K(4298240K), [Metaspace: 9048K->9048K(1058816K)], 0.4101306 secs] [Times: user=1.44 sys=0.00, real=0.41 secs] 
2016-06-26T20:20:31.501+0300: 719.938: Total time for which application threads were stopped: 0.4129048 seconds, Stopping threads took: 0.0022563 seconds
2016-06-26T20:20:31.784+0300: 720.221: Total time for which application threads were stopped: 0.0018167 seconds, Stopping threads took: 0.0008724 seconds
2016-06-26T20:20:32.472+0300: 720.909: Total time for which application threads were stopped: 0.0036060 seconds, Stopping threads took: 0.0026322 seconds
2016-06-26T20:20:32.510+0300: 720.947: [Full GC (Ergonomics) [PSYoungGen: 791000K->0K(802816K)] [ParOldGen: 3494261K->3428277K(3495424K)] 4285261K->3428277K(4298240K), [Metaspace: 9048K->9048K(1058816K)], 0.4040318 secs] [Times: user=1.23 sys=0.00, real=0.40 secs] 
2016-06-26T20:20:32.914+0300: 721.351: Total time for which application threads were stopped: 0.4081288 seconds, Stopping threads took: 0.0035589 seconds
2016-06-26T20:20:33.098+0300: 721.535: Total time for which application threads were stopped: 0.0017709 seconds, Stopping threads took: 0.0014031 seconds
2016-06-26T20:20:33.472+0300: 721.909: Total time for which application threads were stopped: 0.0028700 seconds, Stopping threads took: 0.0019540 seconds
2016-06-26T20:20:34.109+0300: 722.546: [Full GC (Ergonomics) [PSYoungGen: 791220K->0K(802816K)] [ParOldGen: 3428277K->3454286K(3495424K)] 4219497K->3454286K(4298240K), [Metaspace: 9048K->9048K(1058816K)], 0.3959795 secs] [Times: user=1.20 sys=0.00, real=0.40 secs] 
2016-06-26T20:20:34.505+0300: 722.942: Total time for which application threads were stopped: 0.4008655 seconds, Stopping threads took: 0.0043522 seconds
2016-06-26T20:20:34.790+0300: 723.227: Total time for which application threads were stopped: 0.0025518 seconds, Stopping threads took: 0.0016371 seconds
2016-06-26T20:20:35.676+0300: 724.113: [Full GC (Ergonomics) [PSYoungGen: 791237K->166001K(802816K)] [ParOldGen: 3454286K->3494299K(3495424K)] 4245523K->3660300K(4298240K), [Metaspace: 9048K->9048K(1058816K)], 0.4042957 secs] [Times: user=1.44 sys=0.00, real=0.40 secs] 
2016-06-26T20:20:36.080+0300: 724.517: Total time for which application threads were stopped: 0.4069536 seconds, Stopping threads took: 0.0021169 seconds
2016-06-26T20:20:36.970+0300: 725.407: Total time for which application threads were stopped: 0.0034255 seconds, Stopping threads took: 0.0024552 seconds
2016-06-26T20:20:37.176+0300: 725.613: [Full GC (Ergonomics) [PSYoungGen: 791697K->0K(802816K)] [ParOldGen: 3494299K->3340415K(3495424K)] 4285996K->3340415K(4298240K), [Metaspace: 9048K->9048K(1058816K)], 0.3764836 secs] [Times: user=1.24 sys=0.00, real=0.38 secs] 
2016-06-26T20:20:37.553+0300: 725.990: Total time for which application threads were stopped: 0.3774745 seconds, Stopping threads took: 0.0005889 seconds
2016-06-26T20:20:38.555+0300: 726.992: Total time for which application threads were stopped: 0.0020673 seconds, Stopping threads took: 0.0017487 seconds
2016-06-26T20:20:38.619+0300: 727.056: [Full GC (Ergonomics) [PSYoungGen: 790794K->112001K(802816K)] [ParOldGen: 3340415K->3494314K(3495424K)] 4131209K->3606315K(4298240K), [Metaspace: 9048K->9048K(1058816K)], 0.3990715 secs] [Times: user=1.49 sys=0.03, real=0.40 secs] 
2016-06-26T20:20:39.019+0300: 727.455: Total time for which application threads were stopped: 0.4003480 seconds, Stopping threads took: 0.0007604 seconds
2016-06-26T20:20:39.862+0300: 728.299: Total time for which application threads were stopped: 0.0025501 seconds, Stopping threads took: 0.0015686 seconds
2016-06-26T20:20:40.140+0300: 728.577: [Full GC (Ergonomics) [PSYoungGen: 790763K->0K(802816K)] [ParOldGen: 3494314K->3400342K(3495424K)] 4285077K->3400342K(4298240K), [Metaspace: 9049K->9049K(1058816K)], 0.3898273 secs] [Times: user=1.19 sys=0.00, real=0.39 secs] 
2016-06-26T20:20:40.530+0300: 728.967: Total time for which application threads were stopped: 0.3907652 seconds, Stopping threads took: 0.0005418 seconds
2016-06-26T20:20:40.620+0300: 729.057: Total time for which application threads were stopped: 0.0007698 seconds, Stopping threads took: 0.0005598 seconds
2016-06-26T20:20:41.475+0300: 729.912: Total time for which application threads were stopped: 0.0028054 seconds, Stopping threads took: 0.0019185 seconds
2016-06-26T20:20:41.710+0300: 730.147: [Full GC (Ergonomics) [PSYoungGen: 790897K->0K(802816K)] [ParOldGen: 3400342K->3306347K(3495424K)] 4191239K->3306347K(4298240K), [Metaspace: 9049K->9049K(1058816K)], 0.3769203 secs] [Times: user=1.28 sys=0.00, real=0.38 secs] 
2016-06-26T20:20:42.087+0300: 730.524: Total time for which application threads were stopped: 0.3779856 seconds, Stopping threads took: 0.0006616 seconds
2016-06-26T20:20:42.474+0300: 730.911: Total time for which application threads were stopped: 0.0017530 seconds, Stopping threads took: 0.0010460 seconds
2016-06-26T20:20:43.168+0300: 731.605: [Full GC (Ergonomics) [PSYoungGen: 792419K->52000K(802816K)] [ParOldGen: 3306347K->3494357K(3495424K)] 4098766K->3546358K(4298240K), [Metaspace: 9065K->9065K(1058816K)], 0.4096995 secs] [Times: user=1.33 sys=0.00, real=0.41 secs] 
2016-06-26T20:20:43.578+0300: 732.015: Total time for which application threads were stopped: 0.4121299 seconds, Stopping threads took: 0.0019565 seconds
2016-06-26T20:20:43.581+0300: 732.018: Total time for which application threads were stopped: 0.0011115 seconds, Stopping threads took: 0.0001386 seconds
2016-06-26T20:20:44.477+0300: 732.914: Total time for which application threads were stopped: 0.0043522 seconds, Stopping threads took: 0.0034336 seconds
2016-06-26T20:20:44.794+0300: 733.231: [Full GC (Ergonomics) [PSYoungGen: 790796K->0K(802816K)] [ParOldGen: 3494357K->3188362K(3495424K)] 4285154K->3188362K(4298240K), [Metaspace: 9065K->9065K(1058816K)], 0.3779026 secs] [Times: user=1.14 sys=0.01, real=0.38 secs] 
2016-06-26T20:20:45.172+0300: 733.609: Total time for which application threads were stopped: 0.3793729 seconds, Stopping threads took: 0.0010619 seconds
2016-06-26T20:20:45.476+0300: 733.913: Total time for which application threads were stopped: 0.0025980 seconds, Stopping threads took: 0.0019150 seconds
2016-06-26T20:20:46.247+0300: 734.684: [Full GC (Ergonomics) [PSYoungGen: 791423K->112002K(802816K)] [ParOldGen: 3188362K->3494375K(3495424K)] 3979785K->3606377K(4298240K), [Metaspace: 9065K->9065K(1058816K)], 0.4130848 secs] [Times: user=1.30 sys=0.00, real=0.41 secs] 
2016-06-26T20:20:46.660+0300: 735.097: Total time for which application threads were stopped: 0.4163658 seconds, Stopping threads took: 0.0027541 seconds
2016-06-26T20:20:46.663+0300: 735.100: Total time for which application threads were stopped: 0.0009682 seconds, Stopping threads took: 0.0000590 seconds
2016-06-26T20:20:46.674+0300: 735.111: Total time for which application threads were stopped: 0.0004229 seconds, Stopping threads took: 0.0000701 seconds
2016-06-26T20:20:47.476+0300: 735.913: Total time for which application threads were stopped: 0.0027686 seconds, Stopping threads took: 0.0019163 seconds
2016-06-26T20:20:47.795+0300: 736.232: [Full GC (Ergonomics) [PSYoungGen: 791769K->0K(802816K)] [ParOldGen: 3494375K->3490385K(3495424K)] 4286145K->3490385K(4298240K), [Metaspace: 9065K->9065K(1058816K)], 0.3908237 secs] [Times: user=1.34 sys=0.00, real=0.39 secs] 
2016-06-26T20:20:48.186+0300: 736.623: Total time for which application threads were stopped: 0.3923235 seconds, Stopping threads took: 0.0010978 seconds
2016-06-26T20:20:48.476+0300: 736.913: Total time for which application threads were stopped: 0.0027314 seconds, Stopping threads took: 0.0020647 seconds
2016-06-26T20:20:49.260+0300: 737.697: [Full GC (Ergonomics) [PSYoungGen: 790602K->112002K(802816K)] [ParOldGen: 3490385K->3494392K(3495424K)] 4280987K->3606395K(4298240K), [Metaspace: 9065K->9065K(1058816K)], 0.4107849 secs] [Times: user=1.36 sys=0.00, real=0.41 secs] 
2016-06-26T20:20:49.671+0300: 738.108: Total time for which application threads were stopped: 0.4142417 seconds, Stopping threads took: 0.0029530 seconds
2016-06-26T20:20:49.673+0300: 738.110: Total time for which application threads were stopped: 0.0009502 seconds, Stopping threads took: 0.0000586 seconds
2016-06-26T20:20:50.477+0300: 738.914: Total time for which application threads were stopped: 0.0031877 seconds, Stopping threads took: 0.0022088 seconds
2016-06-26T20:20:50.641+0300: 739.078: [Full GC (Ergonomics) [PSYoungGen: 791615K->0K(802816K)] [ParOldGen: 3494392K->3458401K(3495424K)] 4286007K->3458401K(4298240K), [Metaspace: 9065K->9065K(1058816K)], 0.3793036 secs] [Times: user=1.34 sys=0.00, real=0.38 secs] 
2016-06-26T20:20:51.021+0300: 739.458: Total time for which application threads were stopped: 0.3804741 seconds, Stopping threads took: 0.0006278 seconds
2016-06-26T20:20:51.475+0300: 739.913: Total time for which application threads were stopped: 0.0015990 seconds, Stopping threads took: 0.0007343 seconds
2016-06-26T20:20:52.192+0300: 740.629: [Full GC (Ergonomics) [PSYoungGen: 791063K->0K(802816K)] [ParOldGen: 3458401K->3396399K(3495424K)] 4249464K->3396399K(4298240K), [Metaspace: 9065K->9065K(1058816K)], 0.3929086 secs] [Times: user=1.26 sys=0.00, real=0.39 secs] 
2016-06-26T20:20:52.585+0300: 741.022: Total time for which application threads were stopped: 0.3953701 seconds, Stopping threads took: 0.0019317 seconds
2016-06-26T20:20:52.762+0300: 741.199: Total time for which application threads were stopped: 0.0013933 seconds, Stopping threads took: 0.0003823 seconds
2016-06-26T20:20:53.477+0300: 741.914: Total time for which application threads were stopped: 0.0025073 seconds, Stopping threads took: 0.0015806 seconds
2016-06-26T20:20:53.776+0300: 742.212: [Full GC (Ergonomics) [PSYoungGen: 791878K->316004K(802816K)] [ParOldGen: 3396399K->3494420K(3495424K)] 4188278K->3810424K(4298240K), [Metaspace: 9065K->9065K(1058816K)], 0.4319162 secs] [Times: user=1.39 sys=0.00, real=0.43 secs] 
2016-06-26T20:20:54.207+0300: 742.645: Total time for which application threads were stopped: 0.4331726 seconds, Stopping threads took: 0.0007202 seconds
2016-06-26T20:20:54.476+0300: 742.913: Total time for which application threads were stopped: 0.0014908 seconds, Stopping threads took: 0.0005739 seconds
2016-06-26T20:20:54.937+0300: 743.374: [Full GC (Ergonomics) [PSYoungGen: 790986K->150002K(802816K)] [ParOldGen: 3494420K->3494419K(3495424K)] 4285406K->3644421K(4298240K), [Metaspace: 9065K->9065K(1058816K)], 0.4104689 secs] [Times: user=1.34 sys=0.00, real=0.41 secs] 
2016-06-26T20:20:55.347+0300: 743.784: Total time for which application threads were stopped: 0.4122415 seconds, Stopping threads took: 0.0012543 seconds
2016-06-26T20:20:55.811+0300: 744.248: Total time for which application threads were stopped: 0.0018120 seconds, Stopping threads took: 0.0008998 seconds
2016-06-26T20:20:56.387+0300: 744.824: [Full GC (Ergonomics) [PSYoungGen: 791872K->26000K(802816K)] [ParOldGen: 3494419K->3494439K(3495424K)] 4286291K->3520439K(4298240K), [Metaspace: 9065K->9065K(1058816K)], 0.4144007 secs] [Times: user=1.33 sys=0.00, real=0.41 secs] 
2016-06-26T20:20:56.802+0300: 745.239: Total time for which application threads were stopped: 0.4177655 seconds, Stopping threads took: 0.0028952 seconds
2016-06-26T20:20:57.480+0300: 745.917: Total time for which application threads were stopped: 0.0044335 seconds, Stopping threads took: 0.0035855 seconds
2016-06-26T20:20:57.486+0300: 745.923: Total time for which application threads were stopped: 0.0005196 seconds, Stopping threads took: 0.0002031 seconds
2016-06-26T20:20:57.977+0300: 746.414: [Full GC (Ergonomics) [PSYoungGen: 791749K->0K(802816K)] [ParOldGen: 3494439K->3434445K(3495424K)] 4286189K->3434445K(4298240K), [Metaspace: 9065K->9065K(1058816K)], 0.4015164 secs] [Times: user=1.27 sys=0.00, real=0.40 secs] 
2016-06-26T20:20:58.378+0300: 746.815: Total time for which application threads were stopped: 0.4082921 seconds, Stopping threads took: 0.0063143 seconds
2016-06-26T20:20:58.477+0300: 746.914: Total time for which application threads were stopped: 0.0014010 seconds, Stopping threads took: 0.0006334 seconds
2016-06-26T20:20:59.479+0300: 747.916: Total time for which application threads were stopped: 0.0027644 seconds, Stopping threads took: 0.0017294 seconds
2016-06-26T20:20:59.506+0300: 747.943: [Full GC (Ergonomics) [PSYoungGen: 791430K->204003K(802816K)] [ParOldGen: 3434445K->3494454K(3495424K)] 4225875K->3698457K(4298240K), [Metaspace: 9065K->9065K(1058816K)], 0.4150662 secs] [Times: user=1.44 sys=0.01, real=0.41 secs] 
2016-06-26T20:20:59.921+0300: 748.358: Total time for which application threads were stopped: 0.4167126 seconds, Stopping threads took: 0.0011149 seconds
2016-06-26T20:21:00.479+0300: 748.916: Total time for which application threads were stopped: 0.0029303 seconds, Stopping threads took: 0.0019189 seconds
2016-06-26T20:21:00.748+0300: 749.185: [Full GC (Ergonomics) [PSYoungGen: 790913K->266006K(802816K)] [ParOldGen: 3494454K->3494452K(3495424K)] 4285368K->3760458K(4298240K), [Metaspace: 9065K->9065K(1058816K)], 0.4209716 secs] [Times: user=1.39 sys=0.00, real=0.42 secs] 
2016-06-26T20:21:01.169+0300: 749.606: Total time for which application threads were stopped: 0.4248885 seconds, Stopping threads took: 0.0034016 seconds
2016-06-26T20:21:01.478+0300: 749.915: Total time for which application threads were stopped: 0.0018449 seconds, Stopping threads took: 0.0009400 seconds
2016-06-26T20:21:01.978+0300: 750.415: [Full GC (Ergonomics) [PSYoungGen: 791977K->28000K(802816K)] [ParOldGen: 3494452K->3494453K(3495424K)] 4286429K->3522454K(4298240K), [Metaspace: 9065K->9065K(1058816K)], 0.3921982 secs] [Times: user=1.44 sys=0.00, real=0.39 secs] 
2016-06-26T20:21:02.370+0300: 750.807: Total time for which application threads were stopped: 0.3959560 seconds, Stopping threads took: 0.0031539 seconds
2016-06-26T20:21:02.506+0300: 750.943: Total time for which application threads were stopped: 0.0015156 seconds, Stopping threads took: 0.0005833 seconds
2016-06-26T20:21:03.479+0300: 751.917: Total time for which application threads were stopped: 0.0030556 seconds, Stopping threads took: 0.0021306 seconds
2016-06-26T20:21:03.548+0300: 751.985: [Full GC (Ergonomics) [PSYoungGen: 791058K->26000K(802816K)] [ParOldGen: 3494453K->3494480K(3495424K)] 4285512K->3520481K(4298240K), [Metaspace: 9065K->9065K(1058816K)], 0.4046254 secs] [Times: user=1.25 sys=0.00, real=0.40 secs] 
2016-06-26T20:21:03.953+0300: 752.390: Total time for which application threads were stopped: 0.4090773 seconds, Stopping threads took: 0.0039306 seconds
2016-06-26T20:21:04.481+0300: 752.918: Total time for which application threads were stopped: 0.0038951 seconds, Stopping threads took: 0.0029311 seconds
2016-06-26T20:21:05.079+0300: 753.516: [Full GC (Ergonomics) [PSYoungGen: 791145K->0K(802816K)] [ParOldGen: 3494480K->3462480K(3495424K)] 4285626K->3462480K(4298240K), [Metaspace: 9065K->9065K(1058816K)], 0.3911577 secs] [Times: user=1.27 sys=0.00, real=0.39 secs] 
2016-06-26T20:21:05.470+0300: 753.907: Total time for which application threads were stopped: 0.3930971 seconds, Stopping threads took: 0.0014168 seconds
2016-06-26T20:21:05.478+0300: 753.915: Total time for which application threads were stopped: 0.0010597 seconds, Stopping threads took: 0.0000787 seconds
2016-06-26T20:21:06.480+0300: 754.917: Total time for which application threads were stopped: 0.0029080 seconds, Stopping threads took: 0.0019907 seconds
2016-06-26T20:21:06.660+0300: 755.097: [Full GC (Ergonomics) [PSYoungGen: 792292K->204002K(802816K)] [ParOldGen: 3462480K->3494499K(3495424K)] 4254772K->3698502K(4298240K), [Metaspace: 9065K->9065K(1058816K)], 0.4191032 secs] [Times: user=1.50 sys=0.00, real=0.42 secs] 
2016-06-26T20:21:07.079+0300: 755.516: Total time for which application threads were stopped: 0.4216884 seconds, Stopping threads took: 0.0020763 seconds
2016-06-26T20:21:07.480+0300: 755.917: Total time for which application threads were stopped: 0.0027793 seconds, Stopping threads took: 0.0018590 seconds
2016-06-26T20:21:07.487+0300: 755.924: Total time for which application threads were stopped: 0.0004490 seconds, Stopping threads took: 0.0001018 seconds
2016-06-26T20:21:07.981+0300: 756.418: [Full GC (Ergonomics) [PSYoungGen: 792024K->240003K(802816K)] [ParOldGen: 3494499K->3494499K(3495424K)] 4286523K->3734502K(4298240K), [Metaspace: 9065K->9065K(1058816K)], 0.4413673 secs] [Times: user=1.27 sys=0.00, real=0.44 secs] 
2016-06-26T20:21:08.422+0300: 756.860: Total time for which application threads were stopped: 0.4441916 seconds, Stopping threads took: 0.0022978 seconds
2016-06-26T20:21:08.479+0300: 756.916: Total time for which application threads were stopped: 0.0013381 seconds, Stopping threads took: 0.0004238 seconds
2016-06-26T20:21:09.228+0300: 757.665: [Full GC (Ergonomics) [PSYoungGen: 791065K->88002K(802816K)] [ParOldGen: 3494499K->3494515K(3495424K)] 4285564K->3582517K(4298240K), [Metaspace: 9065K->9065K(1058816K)], 0.4002206 secs] [Times: user=1.45 sys=0.00, real=0.40 secs] 
2016-06-26T20:21:09.629+0300: 758.066: Total time for which application threads were stopped: 0.4054593 seconds, Stopping threads took: 0.0046995 seconds
2016-06-26T20:21:09.789+0300: 758.227: Total time for which application threads were stopped: 0.0016311 seconds, Stopping threads took: 0.0006500 seconds
2016-06-26T20:21:10.480+0300: 758.917: Total time for which application threads were stopped: 0.0023367 seconds, Stopping threads took: 0.0014181 seconds
2016-06-26T20:21:10.696+0300: 759.133: [Full GC (Ergonomics) [PSYoungGen: 791726K->0K(802816K)] [ParOldGen: 3494515K->3460524K(3495424K)] 4286242K->3460524K(4298240K), [Metaspace: 9065K->9065K(1058816K)], 0.3857988 secs] [Times: user=1.42 sys=0.00, real=0.39 secs] 
2016-06-26T20:21:11.082+0300: 759.519: Total time for which application threads were stopped: 0.3871575 seconds, Stopping threads took: 0.0007903 seconds
2016-06-26T20:21:11.480+0300: 759.917: Total time for which application threads were stopped: 0.0021015 seconds, Stopping threads took: 0.0011371 seconds
2016-06-26T20:21:12.266+0300: 760.703: [Full GC (Ergonomics) [PSYoungGen: 790925K->54001K(802816K)] [ParOldGen: 3460524K->3494533K(3495424K)] 4251450K->3548534K(4298240K), [Metaspace: 9065K->9065K(1058816K)], 0.4026796 secs] [Times: user=1.27 sys=0.00, real=0.40 secs] 
2016-06-26T20:21:12.669+0300: 761.106: Total time for which application threads were stopped: 0.4046793 seconds, Stopping threads took: 0.0014647 seconds
2016-06-26T20:21:12.769+0300: 761.206: Total time for which application threads were stopped: 0.0012676 seconds, Stopping threads took: 0.0003177 seconds
2016-06-26T20:21:13.482+0300: 761.918: Total time for which application threads were stopped: 0.0026151 seconds, Stopping threads took: 0.0016751 seconds
2016-06-26T20:21:13.800+0300: 762.237: [Full GC (Ergonomics) [PSYoungGen: 792399K->206003K(802816K)] [ParOldGen: 3494533K->3494525K(3495424K)] 4286932K->3700528K(4298240K), [Metaspace: 9065K->9065K(1058816K)], 0.4111621 secs] [Times: user=1.53 sys=0.00, real=0.41 secs] 
2016-06-26T20:21:14.212+0300: 762.648: Total time for which application threads were stopped: 0.4134744 seconds, Stopping threads took: 0.0017756 seconds
2016-06-26T20:21:14.481+0300: 762.918: Total time for which application threads were stopped: 0.0021956 seconds, Stopping threads took: 0.0012774 seconds
2016-06-26T20:21:15.090+0300: 763.527: [Full GC (Ergonomics) [PSYoungGen: 790872K->120010K(802816K)] [ParOldGen: 3494525K->3494525K(3495424K)] 4285398K->3614535K(4298240K), [Metaspace: 9065K->9065K(1058816K)], 0.4169910 secs] [Times: user=1.33 sys=0.00, real=0.42 secs] 
2016-06-26T20:21:15.508+0300: 763.944: Total time for which application threads were stopped: 0.4194086 seconds, Stopping threads took: 0.0018988 seconds
2016-06-26T20:21:15.794+0300: 764.231: Total time for which application threads were stopped: 0.0019441 seconds, Stopping threads took: 0.0009626 seconds
2016-06-26T20:21:16.483+0300: 764.920: Total time for which application threads were stopped: 0.0034353 seconds, Stopping threads took: 0.0024975 seconds
2016-06-26T20:21:16.497+0300: 764.934: [Full GC (Ergonomics) [PSYoungGen: 790844K->54000K(802816K)] [ParOldGen: 3494525K->3494542K(3495424K)] 4285370K->3548543K(4298240K), [Metaspace: 9065K->9065K(1058816K)], 0.4009677 secs] [Times: user=1.38 sys=0.00, real=0.40 secs] 
2016-06-26T20:21:16.898+0300: 765.335: Total time for which application threads were stopped: 0.4015801 seconds, Stopping threads took: 0.0000684 seconds
2016-06-26T20:21:17.483+0300: 765.920: Total time for which application threads were stopped: 0.0036218 seconds, Stopping threads took: 0.0026942 seconds
2016-06-26T20:21:17.490+0300: 765.927: Total time for which application threads were stopped: 0.0004516 seconds, Stopping threads took: 0.0000736 seconds
2016-06-26T20:21:18.008+0300: 766.445: [Full GC (Ergonomics) [PSYoungGen: 791395K->0K(802816K)] [ParOldGen: 3494542K->3490551K(3495424K)] 4285938K->3490551K(4298240K), [Metaspace: 9065K->9065K(1058816K)], 0.3930445 secs] [Times: user=1.39 sys=0.00, real=0.39 secs] 
2016-06-26T20:21:18.401+0300: 766.838: Total time for which application threads were stopped: 0.3961237 seconds, Stopping threads took: 0.0025463 seconds
2016-06-26T20:21:18.826+0300: 767.263: Total time for which application threads were stopped: 0.0058623 seconds, Stopping threads took: 0.0049937 seconds
2016-06-26T20:21:19.616+0300: 768.053: [Full GC (Ergonomics) [PSYoungGen: 790654K->0K(802816K)] [ParOldGen: 3490551K->3456561K(3495424K)] 4281205K->3456561K(4298240K), [Metaspace: 9065K->9065K(1058816K)], 0.4047435 secs] [Times: user=1.25 sys=0.00, real=0.40 secs] 
2016-06-26T20:21:20.021+0300: 768.458: Total time for which application threads were stopped: 0.4119576 seconds, Stopping threads took: 0.0067060 seconds
2016-06-26T20:21:21.209+0300: 769.646: [Full GC (Ergonomics) [PSYoungGen: 791602K->138001K(802816K)] [ParOldGen: 3456561K->3494570K(3495424K)] 4248164K->3632571K(4298240K), [Metaspace: 9065K->9065K(1058816K)], 0.4296359 secs] [Times: user=1.27 sys=0.00, real=0.43 secs] 
2016-06-26T20:21:21.638+0300: 770.075: Total time for which application threads were stopped: 0.4321668 seconds, Stopping threads took: 0.0019723 seconds
2016-06-26T20:21:21.641+0300: 770.078: Total time for which application threads were stopped: 0.0011380 seconds, Stopping threads took: 0.0002172 seconds
2016-06-26T20:21:22.483+0300: 770.920: Total time for which application threads were stopped: 0.0023692 seconds, Stopping threads took: 0.0014613 seconds
2016-06-26T20:21:22.590+0300: 771.027: [Full GC (Ergonomics) [PSYoungGen: 792057K->116002K(802816K)] [ParOldGen: 3494570K->3494577K(3495424K)] 4286627K->3610579K(4298240K), [Metaspace: 9065K->9065K(1058816K)], 0.4047088 secs] [Times: user=1.41 sys=0.00, real=0.40 secs] 
2016-06-26T20:21:22.995+0300: 771.432: Total time for which application threads were stopped: 0.4058909 seconds, Stopping threads took: 0.0006329 seconds
2016-06-26T20:21:23.483+0300: 771.920: Total time for which application threads were stopped: 0.0023213 seconds, Stopping threads took: 0.0013108 seconds
2016-06-26T20:21:24.010+0300: 772.447: [Full GC (Ergonomics) [PSYoungGen: 790866K->0K(802816K)] [ParOldGen: 3494577K->3372575K(3495424K)] 4285443K->3372575K(4298240K), [Metaspace: 9065K->9065K(1058816K)], 0.3806208 secs] [Times: user=1.31 sys=0.00, real=0.38 secs] 
2016-06-26T20:21:24.390+0300: 772.827: Total time for which application threads were stopped: 0.3817972 seconds, Stopping threads took: 0.0006539 seconds
2016-06-26T20:21:24.482+0300: 772.919: Total time for which application threads were stopped: 0.0010798 seconds, Stopping threads took: 0.0001805 seconds
2016-06-26T20:21:25.484+0300: 773.920: Total time for which application threads were stopped: 0.0021443 seconds, Stopping threads took: 0.0011987 seconds
2016-06-26T20:21:25.570+0300: 774.007: [Full GC (Ergonomics) [PSYoungGen: 791903K->84000K(802816K)] [ParOldGen: 3372575K->3494596K(3495424K)] 4164479K->3578596K(4298240K), [Metaspace: 9065K->9065K(1058816K)], 0.3986361 secs] [Times: user=1.50 sys=0.00, real=0.40 secs] 
2016-06-26T20:21:25.969+0300: 774.406: Total time for which application threads were stopped: 0.4007552 seconds, Stopping threads took: 0.0016413 seconds
2016-06-26T20:21:26.806+0300: 775.243: Total time for which application threads were stopped: 0.0037557 seconds, Stopping threads took: 0.0028567 seconds
2016-06-26T20:21:27.165+0300: 775.602: [Full GC (Ergonomics) [PSYoungGen: 791009K->0K(802816K)] [ParOldGen: 3494596K->3280603K(3495424K)] 4285605K->3280603K(4298240K), [Metaspace: 9065K->9065K(1058816K)], 0.3797633 secs] [Times: user=1.28 sys=0.00, real=0.38 secs] 
2016-06-26T20:21:27.545+0300: 775.981: Total time for which application threads were stopped: 0.3816463 seconds, Stopping threads took: 0.0014728 seconds
2016-06-26T20:21:28.485+0300: 776.922: Total time for which application threads were stopped: 0.0026562 seconds, Stopping threads took: 0.0016679 seconds
2016-06-26T20:21:28.648+0300: 777.085: [Full GC (Ergonomics) [PSYoungGen: 791738K->142001K(802816K)] [ParOldGen: 3280603K->3494614K(3495424K)] 4072342K->3636615K(4298240K), [Metaspace: 9065K->9065K(1058816K)], 0.4174627 secs] [Times: user=1.42 sys=0.00, real=0.42 secs] 
2016-06-26T20:21:29.065+0300: 777.502: Total time for which application threads were stopped: 0.4210148 seconds, Stopping threads took: 0.0030402 seconds
2016-06-26T20:21:29.486+0300: 777.923: Total time for which application threads were stopped: 0.0039686 seconds, Stopping threads took: 0.0030599 seconds
2016-06-26T20:21:29.947+0300: 778.384: [Full GC (Ergonomics) [PSYoungGen: 791743K->150001K(802816K)] [ParOldGen: 3494614K->3494613K(3495424K)] 4286357K->3644615K(4298240K), [Metaspace: 9065K->9065K(1058816K)], 0.4126140 secs] [Times: user=1.48 sys=0.00, real=0.41 secs] 
2016-06-26T20:21:30.360+0300: 778.796: Total time for which application threads were stopped: 0.4146060 seconds, Stopping threads took: 0.0013809 seconds
2016-06-26T20:21:30.861+0300: 779.298: Total time for which application threads were stopped: 0.0051130 seconds, Stopping threads took: 0.0041961 seconds
2016-06-26T20:21:31.441+0300: 779.878: [Full GC (Ergonomics) [PSYoungGen: 791505K->0K(802816K)] [ParOldGen: 3494613K->3280629K(3495424K)] 4286118K->3280629K(4298240K), [Metaspace: 9065K->9065K(1058816K)], 0.3913459 secs] [Times: user=1.13 sys=0.00, real=0.39 secs] 
2016-06-26T20:21:31.833+0300: 780.270: Total time for which application threads were stopped: 0.3950836 seconds, Stopping threads took: 0.0032968 seconds
2016-06-26T20:21:32.339+0300: 780.776: Total time for which application threads were stopped: 0.0061787 seconds, Stopping threads took: 0.0058905 seconds
2016-06-26T20:21:32.982+0300: 781.420: [Full GC (Ergonomics) [PSYoungGen: 791338K->0K(802816K)] [ParOldGen: 3280629K->3460639K(3495424K)] 4071967K->3460639K(4298240K), [Metaspace: 9065K->9065K(1058816K)], 0.4018752 secs] [Times: user=1.19 sys=0.05, real=0.40 secs] 
2016-06-26T20:21:33.385+0300: 781.822: Total time for which application threads were stopped: 0.4086719 seconds, Stopping threads took: 0.0063177 seconds
2016-06-26T20:21:33.490+0300: 781.927: Total time for which application threads were stopped: 0.0015601 seconds, Stopping threads took: 0.0006860 seconds
2016-06-26T20:21:34.568+0300: 783.005: [Full GC (Ergonomics) [PSYoungGen: 790844K->0K(802816K)] [ParOldGen: 3460639K->3484666K(3495424K)] 4251484K->3484666K(4298240K), [Metaspace: 9065K->9065K(1058816K)], 0.3933704 secs] [Times: user=1.41 sys=0.00, real=0.39 secs] 
2016-06-26T20:21:34.961+0300: 783.398: Total time for which application threads were stopped: 0.3960450 seconds, Stopping threads took: 0.0021118 seconds
2016-06-26T20:21:34.962+0300: 783.399: Total time for which application threads were stopped: 0.0004007 seconds, Stopping threads took: 0.0001368 seconds
2016-06-26T20:21:35.850+0300: 784.287: Total time for which application threads were stopped: 0.0028289 seconds, Stopping threads took: 0.0018051 seconds
2016-06-26T20:21:36.066+0300: 784.503: [Full GC (Ergonomics) [PSYoungGen: 792334K->46000K(802816K)] [ParOldGen: 3484666K->3494838K(3495424K)] 4277001K->3540838K(4298240K), [Metaspace: 9065K->9065K(1058816K)], 0.3985587 secs] [Times: user=1.34 sys=0.00, real=0.40 secs] 
2016-06-26T20:21:36.464+0300: 784.901: Total time for which application threads were stopped: 0.4000375 seconds, Stopping threads took: 0.0009383 seconds
2016-06-26T20:21:37.467+0300: 785.904: Total time for which application threads were stopped: 0.0023461 seconds, Stopping threads took: 0.0020284 seconds
2016-06-26T20:21:37.572+0300: 786.009: Total time for which application threads were stopped: 0.0017085 seconds, Stopping threads took: 0.0007989 seconds
2016-06-26T20:21:37.598+0300: 786.035: [Full GC (Ergonomics) [PSYoungGen: 790616K->54000K(802816K)] [ParOldGen: 3494838K->3494683K(3495424K)] 4285454K->3548684K(4298240K), [Metaspace: 9065K->9065K(1058816K)], 0.3863958 secs] [Times: user=1.47 sys=0.00, real=0.39 secs] 
2016-06-26T20:21:37.984+0300: 786.421: Total time for which application threads were stopped: 0.3870634 seconds, Stopping threads took: 0.0000834 seconds
2016-06-26T20:21:38.573+0300: 787.010: Total time for which application threads were stopped: 0.0023063 seconds, Stopping threads took: 0.0013321 seconds
2016-06-26T20:21:39.116+0300: 787.553: [Full GC (Ergonomics) [PSYoungGen: 790852K->28000K(802816K)] [ParOldGen: 3494683K->3494683K(3495424K)] 4285536K->3522683K(4298240K), [Metaspace: 9065K->9065K(1058816K)], 0.4017755 secs] [Times: user=1.34 sys=0.00, real=0.40 secs] 
2016-06-26T20:21:39.518+0300: 787.955: Total time for which application threads were stopped: 0.4036782 seconds, Stopping threads took: 0.0013826 seconds
2016-06-26T20:21:39.572+0300: 788.009: Total time for which application threads were stopped: 0.0010905 seconds, Stopping threads took: 0.0002001 seconds
2016-06-26T20:21:40.574+0300: 789.011: Total time for which application threads were stopped: 0.0029217 seconds, Stopping threads took: 0.0019587 seconds
2016-06-26T20:21:40.616+0300: 789.053: [Full GC (Ergonomics) [PSYoungGen: 791298K->174003K(802816K)] [ParOldGen: 3494683K->3494700K(3495424K)] 4285981K->3668703K(4298240K), [Metaspace: 9065K->9065K(1058816K)], 0.4152629 secs] [Times: user=1.45 sys=0.00, real=0.42 secs] 
2016-06-26T20:21:41.032+0300: 789.469: Total time for which application threads were stopped: 0.4171163 seconds, Stopping threads took: 0.0013176 seconds
2016-06-26T20:21:41.574+0300: 790.010: Total time for which application threads were stopped: 0.0024291 seconds, Stopping threads took: 0.0015182 seconds
2016-06-26T20:21:42.019+0300: 790.456: [Full GC (Ergonomics) [PSYoungGen: 791388K->56000K(802816K)] [ParOldGen: 3494700K->3494701K(3495424K)] 4286089K->3550701K(4298240K), [Metaspace: 9065K->9065K(1058816K)], 0.4096940 secs] [Times: user=1.36 sys=0.00, real=0.41 secs] 
2016-06-26T20:21:42.429+0300: 790.866: Total time for which application threads were stopped: 0.4113789 seconds, Stopping threads took: 0.0011872 seconds
2016-06-26T20:21:42.573+0300: 791.010: Total time for which application threads were stopped: 0.0019090 seconds, Stopping threads took: 0.0010140 seconds
2016-06-26T20:21:43.500+0300: 791.937: [Full GC (Ergonomics) [PSYoungGen: 791387K->86001K(802816K)] [ParOldGen: 3494701K->3494717K(3495424K)] 4286088K->3580719K(4298240K), [Metaspace: 9065K->9065K(1058816K)], 0.4241915 secs] [Times: user=1.22 sys=0.00, real=0.42 secs] 
2016-06-26T20:21:43.924+0300: 792.361: Total time for which application threads were stopped: 0.4279771 seconds, Stopping threads took: 0.0032694 seconds
2016-06-26T20:21:43.927+0300: 792.364: Total time for which application threads were stopped: 0.0010636 seconds, Stopping threads took: 0.0000547 seconds
2016-06-26T20:21:44.577+0300: 793.014: Total time for which application threads were stopped: 0.0054714 seconds, Stopping threads took: 0.0044912 seconds
2016-06-26T20:21:44.584+0300: 793.021: Total time for which application threads were stopped: 0.0004811 seconds, Stopping threads took: 0.0001274 seconds
2016-06-26T20:21:44.989+0300: 793.426: [Full GC (Ergonomics) [PSYoungGen: 791483K->56000K(802816K)] [ParOldGen: 3494717K->3494727K(3495424K)] 4286201K->3550728K(4298240K), [Metaspace: 9065K->9065K(1058816K)], 0.4027001 secs] [Times: user=1.44 sys=0.00, real=0.40 secs] 
2016-06-26T20:21:45.392+0300: 793.829: Total time for which application threads were stopped: 0.4065062 seconds, Stopping threads took: 0.0032857 seconds
2016-06-26T20:21:45.574+0300: 794.011: Total time for which application threads were stopped: 0.0014527 seconds, Stopping threads took: 0.0006449 seconds
2016-06-26T20:21:46.512+0300: 794.949: [Full GC (Ergonomics) [PSYoungGen: 791026K->116003K(802816K)] [ParOldGen: 3494727K->3494734K(3495424K)] 4285753K->3610737K(4298240K), [Metaspace: 9065K->9065K(1058816K)], 0.3981640 secs] [Times: user=1.44 sys=0.00, real=0.40 secs] 
2016-06-26T20:21:46.910+0300: 795.347: Total time for which application threads were stopped: 0.4008411 seconds, Stopping threads took: 0.0021259 seconds
2016-06-26T20:21:46.913+0300: 795.350: Total time for which application threads were stopped: 0.0009913 seconds, Stopping threads took: 0.0000603 seconds
2016-06-26T20:21:47.575+0300: 796.012: Total time for which application threads were stopped: 0.0028195 seconds, Stopping threads took: 0.0018616 seconds
2016-06-26T20:21:47.905+0300: 796.342: [Full GC (Ergonomics) [PSYoungGen: 791300K->0K(802816K)] [ParOldGen: 3494734K->3490744K(3495424K)] 4286035K->3490744K(4298240K), [Metaspace: 9065K->9065K(1058816K)], 0.3938511 secs] [Times: user=1.28 sys=0.00, real=0.39 secs] 
2016-06-26T20:21:48.299+0300: 796.736: Total time for which application threads were stopped: 0.3994718 seconds, Stopping threads took: 0.0050869 seconds
2016-06-26T20:21:48.575+0300: 797.011: Total time for which application threads were stopped: 0.0016850 seconds, Stopping threads took: 0.0005282 seconds
2016-06-26T20:21:49.486+0300: 797.923: [Full GC (Ergonomics) [PSYoungGen: 792489K->54001K(802816K)] [ParOldGen: 3490744K->3494753K(3495424K)] 4283233K->3548754K(4298240K), [Metaspace: 9065K->9065K(1058816K)], 0.3854391 secs] [Times: user=1.45 sys=0.00, real=0.38 secs] 
2016-06-26T20:21:49.872+0300: 798.309: Total time for which application threads were stopped: 0.3872699 seconds, Stopping threads took: 0.0013155 seconds
2016-06-26T20:21:49.873+0300: 798.311: Total time for which application threads were stopped: 0.0007296 seconds, Stopping threads took: 0.0000624 seconds
2016-06-26T20:21:50.877+0300: 799.314: Total time for which application threads were stopped: 0.0030817 seconds, Stopping threads took: 0.0027618 seconds
2016-06-26T20:21:50.979+0300: 799.416: [Full GC (Ergonomics) [PSYoungGen: 791279K->0K(802816K)] [ParOldGen: 3494753K->3430760K(3495424K)] 4286032K->3430760K(4298240K), [Metaspace: 9065K->9065K(1058816K)], 0.4000867 secs] [Times: user=1.20 sys=0.00, real=0.40 secs] 
2016-06-26T20:21:51.379+0300: 799.816: Total time for which application threads were stopped: 0.4023251 seconds, Stopping threads took: 0.0017465 seconds
2016-06-26T20:21:51.575+0300: 800.012: Total time for which application threads were stopped: 0.0018115 seconds, Stopping threads took: 0.0009229 seconds
2016-06-26T20:21:52.572+0300: 801.009: [Full GC (Ergonomics) [PSYoungGen: 791169K->142010K(802816K)] [ParOldGen: 3430760K->3494762K(3495424K)] 4221930K->3636773K(4298240K), [Metaspace: 9065K->9065K(1058816K)], 0.4097752 secs] [Times: user=1.50 sys=0.00, real=0.41 secs] 
2016-06-26T20:21:52.982+0300: 801.419: Total time for which application threads were stopped: 0.4122300 seconds, Stopping threads took: 0.0019022 seconds
2016-06-26T20:21:52.986+0300: 801.423: Total time for which application threads were stopped: 0.0009759 seconds, Stopping threads took: 0.0000629 seconds
2016-06-26T20:21:53.576+0300: 802.013: Total time for which application threads were stopped: 0.0021926 seconds, Stopping threads took: 0.0014309 seconds
2016-06-26T20:21:53.947+0300: 802.384: [Full GC (Ergonomics) [PSYoungGen: 791943K->146003K(802816K)] [ParOldGen: 3494762K->3494778K(3495424K)] 4286706K->3640782K(4298240K), [Metaspace: 9065K->9065K(1058816K)], 0.4114880 secs] [Times: user=1.45 sys=0.00, real=0.41 secs] 
2016-06-26T20:21:54.358+0300: 802.795: Total time for which application threads were stopped: 0.4128163 seconds, Stopping threads took: 0.0008083 seconds
2016-06-26T20:21:54.937+0300: 803.374: Total time for which application threads were stopped: 0.0042765 seconds, Stopping threads took: 0.0033336 seconds
2016-06-26T20:21:55.432+0300: 803.869: [Full GC (Ergonomics) [PSYoungGen: 792104K->0K(802816K)] [ParOldGen: 3494778K->3432790K(3495424K)] 4286882K->3432790K(4298240K), [Metaspace: 9065K->9065K(1058816K)], 0.4067504 secs] [Times: user=1.22 sys=0.00, real=0.41 secs] 
2016-06-26T20:21:55.839+0300: 804.276: Total time for which application threads were stopped: 0.4091239 seconds, Stopping threads took: 0.0019108 seconds
2016-06-26T20:21:56.581+0300: 805.018: Total time for which application threads were stopped: 0.0066359 seconds, Stopping threads took: 0.0057002 seconds
2016-06-26T20:21:56.587+0300: 805.024: Total time for which application threads were stopped: 0.0004324 seconds, Stopping threads took: 0.0000757 seconds
2016-06-26T20:21:57.026+0300: 805.463: [Full GC (Ergonomics) [PSYoungGen: 792380K->0K(802816K)] [ParOldGen: 3432790K->3372796K(3495424K)] 4225170K->3372796K(4298240K), [Metaspace: 9065K->9065K(1058816K)], 0.3926336 secs] [Times: user=1.28 sys=0.00, real=0.39 secs] 
2016-06-26T20:21:57.419+0300: 805.856: Total time for which application threads were stopped: 0.4006653 seconds, Stopping threads took: 0.0075870 seconds
2016-06-26T20:21:57.576+0300: 806.013: Total time for which application threads were stopped: 0.0012513 seconds, Stopping threads took: 0.0005354 seconds
2016-06-26T20:21:58.537+0300: 806.974: [Full GC (Ergonomics) [PSYoungGen: 791783K->144002K(802816K)] [ParOldGen: 3372796K->3494805K(3495424K)] 4164580K->3638808K(4298240K), [Metaspace: 9065K->9065K(1058816K)], 0.4082442 secs] [Times: user=1.39 sys=0.00, real=0.41 secs] 
2016-06-26T20:21:58.945+0300: 807.382: Total time for which application threads were stopped: 0.4106511 seconds, Stopping threads took: 0.0018693 seconds
2016-06-26T20:21:58.947+0300: 807.384: Total time for which application threads were stopped: 0.0008134 seconds, Stopping threads took: 0.0000633 seconds
2016-06-26T20:21:59.580+0300: 808.017: Total time for which application threads were stopped: 0.0049407 seconds, Stopping threads took: 0.0039969 seconds
2016-06-26T20:21:59.863+0300: 808.300: [Full GC (Ergonomics) [PSYoungGen: 792074K->56001K(802816K)] [ParOldGen: 3494805K->3494797K(3495424K)] 4286880K->3550798K(4298240K), [Metaspace: 9065K->9065K(1058816K)], 0.4069925 secs] [Times: user=1.38 sys=0.00, real=0.41 secs] 
2016-06-26T20:22:00.270+0300: 808.707: Total time for which application threads were stopped: 0.4086997 seconds, Stopping threads took: 0.0011919 seconds
2016-06-26T20:22:00.923+0300: 809.360: Total time for which application threads were stopped: 0.0068660 seconds, Stopping threads took: 0.0059397 seconds
2016-06-26T20:22:01.482+0300: 809.919: [Full GC (Ergonomics) [PSYoungGen: 792482K->58000K(802816K)] [ParOldGen: 3494797K->3494809K(3495424K)] 4287279K->3552810K(4298240K), [Metaspace: 9065K->9065K(1058816K)], 0.3886140 secs] [Times: user=1.50 sys=0.00, real=0.39 secs] 
2016-06-26T20:22:01.870+0300: 810.307: Total time for which application threads were stopped: 0.3917714 seconds, Stopping threads took: 0.0027199 seconds
2016-06-26T20:22:02.580+0300: 811.017: Total time for which application threads were stopped: 0.0044288 seconds, Stopping threads took: 0.0035012 seconds
2016-06-26T20:22:03.000+0300: 811.437: [Full GC (Ergonomics) [PSYoungGen: 792373K->0K(802816K)] [ParOldGen: 3494809K->3434815K(3495424K)] 4287183K->3434815K(4298240K), [Metaspace: 9065K->9065K(1058816K)], 0.3992592 secs] [Times: user=1.14 sys=0.00, real=0.40 secs] 
2016-06-26T20:22:03.400+0300: 811.837: Total time for which application threads were stopped: 0.4020946 seconds, Stopping threads took: 0.0024312 seconds
2016-06-26T20:22:03.578+0300: 812.015: Total time for which application threads were stopped: 0.0020391 seconds, Stopping threads took: 0.0012505 seconds
2016-06-26T20:22:04.494+0300: 812.931: [Full GC (Ergonomics) [PSYoungGen: 792202K->0K(802816K)] [ParOldGen: 3434815K->3400822K(3495424K)] 4227018K->3400822K(4298240K), [Metaspace: 9065K->9065K(1058816K)], 0.3884575 secs] [Times: user=1.34 sys=0.00, real=0.39 secs] 
2016-06-26T20:22:04.882+0300: 813.319: Total time for which application threads were stopped: 0.3900843 seconds, Stopping threads took: 0.0011093 seconds
2016-06-26T20:22:04.885+0300: 813.322: Total time for which application threads were stopped: 0.0009336 seconds, Stopping threads took: 0.0000582 seconds
2016-06-26T20:22:06.058+0300: 814.495: [Full GC (Ergonomics) [PSYoungGen: 792197K->0K(802816K)] [ParOldGen: 3400822K->3456832K(3495424K)] 4193019K->3456832K(4298240K), [Metaspace: 9065K->9065K(1058816K)], 0.3938545 secs] [Times: user=1.31 sys=0.02, real=0.39 secs] 
2016-06-26T20:22:06.452+0300: 814.889: Total time for which application threads were stopped: 0.3985489 seconds, Stopping threads took: 0.0041778 seconds
2016-06-26T20:22:06.579+0300: 815.016: Total time for which application threads were stopped: 0.0020399 seconds, Stopping threads took: 0.0011042 seconds
2016-06-26T20:22:07.585+0300: 816.021: Total time for which application threads were stopped: 0.0073663 seconds, Stopping threads took: 0.0064315 seconds
2016-06-26T20:22:07.619+0300: 816.056: [Full GC (Ergonomics) [PSYoungGen: 790663K->346006K(802816K)] [ParOldGen: 3456832K->3494841K(3495424K)] 4247495K->3840847K(4298240K), [Metaspace: 9065K->9065K(1058816K)], 0.4509523 secs] [Times: user=1.41 sys=0.00, real=0.45 secs] 
2016-06-26T20:22:08.070+0300: 816.507: Total time for which application threads were stopped: 0.4520861 seconds, Stopping threads took: 0.0006201 seconds
2016-06-26T20:22:08.579+0300: 817.017: Total time for which application threads were stopped: 0.0020643 seconds, Stopping threads took: 0.0010790 seconds
2016-06-26T20:22:08.586+0300: 817.023: Total time for which application threads were stopped: 0.0004700 seconds, Stopping threads took: 0.0000646 seconds
2016-06-26T20:22:08.805+0300: 817.242: [Full GC (Ergonomics) [PSYoungGen: 791073K->208005K(802816K)] [ParOldGen: 3494841K->3494847K(3495424K)] 4285915K->3702853K(4298240K), [Metaspace: 9065K->9065K(1058816K)], 0.4135997 secs] [Times: user=1.53 sys=0.00, real=0.41 secs] 
2016-06-26T20:22:09.219+0300: 817.656: Total time for which application threads were stopped: 0.4175153 seconds, Stopping threads took: 0.0034046 seconds
2016-06-26T20:22:09.579+0300: 818.016: Total time for which application threads were stopped: 0.0015879 seconds, Stopping threads took: 0.0007056 seconds
2016-06-26T20:22:10.017+0300: 818.454: [Full GC (Ergonomics) [PSYoungGen: 791439K->238006K(802816K)] [ParOldGen: 3494847K->3494856K(3495424K)] 4286287K->3732863K(4298240K), [Metaspace: 9065K->9065K(1058816K)], 0.4111454 secs] [Times: user=1.45 sys=0.00, real=0.41 secs] 
2016-06-26T20:22:10.429+0300: 818.866: Total time for which application threads were stopped: 0.4129899 seconds, Stopping threads took: 0.0013223 seconds
2016-06-26T20:22:10.579+0300: 819.016: Total time for which application threads were stopped: 0.0014301 seconds, Stopping threads took: 0.0005555 seconds
2016-06-26T20:22:11.271+0300: 819.708: [Full GC (Ergonomics) [PSYoungGen: 791263K->0K(802816K)] [ParOldGen: 3494856K->3492867K(3495424K)] 4286120K->3492867K(4298240K), [Metaspace: 9065K->9065K(1058816K)], 0.3914032 secs] [Times: user=1.30 sys=0.00, real=0.39 secs] 
2016-06-26T20:22:11.662+0300: 820.099: Total time for which application threads were stopped: 0.3936839 seconds, Stopping threads took: 0.0018077 seconds
2016-06-26T20:22:11.704+0300: 820.142: Total time for which application threads were stopped: 0.0010460 seconds, Stopping threads took: 0.0001980 seconds
2016-06-26T20:22:12.581+0300: 821.018: Total time for which application threads were stopped: 0.0028306 seconds, Stopping threads took: 0.0018718 seconds
2016-06-26T20:22:12.878+0300: 821.315: [Full GC (Ergonomics) [PSYoungGen: 792170K->0K(802816K)] [ParOldGen: 3492867K->3490876K(3495424K)] 4285038K->3490876K(4298240K), [Metaspace: 9065K->9065K(1058816K)], 0.3844342 secs] [Times: user=1.44 sys=0.00, real=0.38 secs] 
2016-06-26T20:22:13.263+0300: 821.700: Total time for which application threads were stopped: 0.3862218 seconds, Stopping threads took: 0.0012299 seconds
2016-06-26T20:22:13.580+0300: 822.017: Total time for which application threads were stopped: 0.0020369 seconds, Stopping threads took: 0.0010700 seconds
2016-06-26T20:22:14.406+0300: 822.843: [Full GC (Ergonomics) [PSYoungGen: 791031K->204012K(802816K)] [ParOldGen: 3490876K->3494876K(3495424K)] 4281908K->3698889K(4298240K), [Metaspace: 9065K->9065K(1058816K)], 0.4276679 secs] [Times: user=1.31 sys=0.00, real=0.43 secs] 
2016-06-26T20:22:14.834+0300: 823.271: Total time for which application threads were stopped: 0.4319778 seconds, Stopping threads took: 0.0037766 seconds
2016-06-26T20:22:14.900+0300: 823.337: Total time for which application threads were stopped: 0.0012184 seconds, Stopping threads took: 0.0002570 seconds
2016-06-26T20:22:15.582+0300: 824.019: Total time for which application threads were stopped: 0.0029628 seconds, Stopping threads took: 0.0020275 seconds
2016-06-26T20:22:15.774+0300: 824.211: [Full GC (Ergonomics) [PSYoungGen: 791861K->236006K(802816K)] [ParOldGen: 3494876K->3494891K(3495424K)] 4286737K->3730898K(4298240K), [Metaspace: 9065K->9065K(1058816K)], 0.4202348 secs] [Times: user=1.48 sys=0.00, real=0.42 secs] 
2016-06-26T20:22:16.195+0300: 824.632: Total time for which application threads were stopped: 0.4216910 seconds, Stopping threads took: 0.0009396 seconds
2016-06-26T20:22:16.584+0300: 825.021: Total time for which application threads were stopped: 0.0048500 seconds, Stopping threads took: 0.0038998 seconds
2016-06-26T20:22:17.015+0300: 825.452: [Full GC (Ergonomics) [PSYoungGen: 791383K->120001K(802816K)] [ParOldGen: 3494891K->3494903K(3495424K)] 4286275K->3614905K(4298240K), [Metaspace: 9065K->9065K(1058816K)], 0.4079342 secs] [Times: user=1.38 sys=0.00, real=0.41 secs] 
2016-06-26T20:22:17.424+0300: 825.860: Total time for which application threads were stopped: 0.4097958 seconds, Stopping threads took: 0.0013197 seconds
2016-06-26T20:22:18.032+0300: 826.469: Total time for which application threads were stopped: 0.0036573 seconds, Stopping threads took: 0.0027276 seconds
2016-06-26T20:22:18.609+0300: 827.046: [Full GC (Ergonomics) [PSYoungGen: 791901K->0K(802816K)] [ParOldGen: 3494903K->3432913K(3495424K)] 4286804K->3432913K(4298240K), [Metaspace: 9065K->9065K(1058816K)], 0.4021925 secs] [Times: user=1.06 sys=0.00, real=0.40 secs] 
2016-06-26T20:22:19.011+0300: 827.448: Total time for which application threads were stopped: 0.4041015 seconds, Stopping threads took: 0.0014532 seconds
2016-06-26T20:22:19.587+0300: 828.023: Total time for which application threads were stopped: 0.0067835 seconds, Stopping threads took: 0.0059196 seconds
2016-06-26T20:22:19.593+0300: 828.030: Total time for which application threads were stopped: 0.0003716 seconds, Stopping threads took: 0.0000693 seconds
2016-06-26T20:22:20.187+0300: 828.624: [Full GC (Ergonomics) [PSYoungGen: 792310K->0K(802816K)] [ParOldGen: 3432913K->3494921K(3495424K)] 4225224K->3494921K(4298240K), [Metaspace: 9065K->9065K(1058816K)], 0.3959654 secs] [Times: user=1.23 sys=0.00, real=0.40 secs] 
2016-06-26T20:22:20.583+0300: 829.020: Total time for which application threads were stopped: 0.4000127 seconds, Stopping threads took: 0.0035983 seconds
2016-06-26T20:22:20.585+0300: 829.022: Total time for which application threads were stopped: 0.0008121 seconds, Stopping threads took: 0.0000607 seconds
2016-06-26T20:22:21.582+0300: 830.020: Total time for which application threads were stopped: 0.0021036 seconds, Stopping threads took: 0.0011611 seconds
2016-06-26T20:22:21.760+0300: 830.196: [Full GC (Ergonomics) [PSYoungGen: 791041K->174001K(802816K)] [ParOldGen: 3494921K->3494931K(3495424K)] 4285963K->3668932K(4298240K), [Metaspace: 9065K->9065K(1058816K)], 0.4044775 secs] [Times: user=1.47 sys=0.00, real=0.40 secs] 
2016-06-26T20:22:22.164+0300: 830.601: Total time for which application threads were stopped: 0.4053948 seconds, Stopping threads took: 0.0004700 seconds
2016-06-26T20:22:23.034+0300: 831.470: [Full GC (Ergonomics) [PSYoungGen: 791170K->56001K(802816K)] [ParOldGen: 3494931K->3494938K(3495424K)] 4286101K->3550939K(4298240K), [Metaspace: 9065K->9065K(1058816K)], 0.4043273 secs] [Times: user=1.33 sys=0.00, real=0.40 secs] 
2016-06-26T20:22:23.438+0300: 831.875: Total time for which application threads were stopped: 0.4079744 seconds, Stopping threads took: 0.0031249 seconds
2016-06-26T20:22:23.473+0300: 831.910: Total time for which application threads were stopped: 0.0012825 seconds, Stopping threads took: 0.0003631 seconds
2016-06-26T20:22:24.036+0300: 832.473: Total time for which application threads were stopped: 0.0022807 seconds, Stopping threads took: 0.0013197 seconds
2016-06-26T20:22:24.520+0300: 832.956: [Full GC (Ergonomics) [PSYoungGen: 791830K->86000K(802816K)] [ParOldGen: 3494938K->3494948K(3495424K)] 4286768K->3580948K(4298240K), [Metaspace: 9065K->9065K(1058816K)], 0.3901502 secs] [Times: user=1.45 sys=0.00, real=0.39 secs] 
2016-06-26T20:22:24.910+0300: 833.347: Total time for which application threads were stopped: 0.3914438 seconds, Stopping threads took: 0.0008019 seconds
2016-06-26T20:22:25.035+0300: 833.472: Total time for which application threads were stopped: 0.0009263 seconds, Stopping threads took: 0.0002532 seconds
2016-06-26T20:22:26.024+0300: 834.461: [Full GC (Ergonomics) [PSYoungGen: 791194K->26000K(802816K)] [ParOldGen: 3494948K->3494956K(3495424K)] 4286143K->3520956K(4298240K), [Metaspace: 9065K->9065K(1058816K)], 0.4035674 secs] [Times: user=1.44 sys=0.02, real=0.40 secs] 
2016-06-26T20:22:26.428+0300: 834.865: Total time for which application threads were stopped: 0.4054166 seconds, Stopping threads took: 0.0013133 seconds
2016-06-26T20:22:26.430+0300: 834.867: Total time for which application threads were stopped: 0.0009455 seconds, Stopping threads took: 0.0000633 seconds
2016-06-26T20:22:27.037+0300: 835.474: Total time for which application threads were stopped: 0.0029880 seconds, Stopping threads took: 0.0020476 seconds
2016-06-26T20:22:27.545+0300: 835.982: [Full GC (Ergonomics) [PSYoungGen: 791099K->0K(802816K)] [ParOldGen: 3494956K->3490964K(3495424K)] 4286056K->3490964K(4298240K), [Metaspace: 9065K->9065K(1058816K)], 0.4595918 secs] [Times: user=1.28 sys=0.00, real=0.46 secs] 
2016-06-26T20:22:28.005+0300: 836.442: Total time for which application threads were stopped: 0.4654058 seconds, Stopping threads took: 0.0053072 seconds
2016-06-26T20:22:28.036+0300: 836.473: Total time for which application threads were stopped: 0.0009840 seconds, Stopping threads took: 0.0000748 seconds
2016-06-26T20:22:29.038+0300: 837.475: Total time for which application threads were stopped: 0.0029919 seconds, Stopping threads took: 0.0019646 seconds
2016-06-26T20:22:29.209+0300: 837.646: [Full GC (Ergonomics) [PSYoungGen: 791790K->142001K(802816K)] [ParOldGen: 3490964K->3494974K(3495424K)] 4282755K->3636976K(4298240K), [Metaspace: 9065K->9065K(1058816K)], 0.4115346 secs] [Times: user=1.38 sys=0.00, real=0.41 secs] 
2016-06-26T20:22:29.621+0300: 838.058: Total time for which application threads were stopped: 0.4130203 seconds, Stopping threads took: 0.0009588 seconds
2016-06-26T20:22:30.379+0300: 838.816: Total time for which application threads were stopped: 0.0086313 seconds, Stopping threads took: 0.0076854 seconds
2016-06-26T20:22:30.723+0300: 839.160: [Full GC (Ergonomics) [PSYoungGen: 790977K->0K(802816K)] [ParOldGen: 3494974K->3280982K(3495424K)] 4285952K->3280982K(4298240K), [Metaspace: 9065K->9065K(1058816K)], 0.3901942 secs] [Times: user=1.09 sys=0.00, real=0.39 secs] 
2016-06-26T20:22:31.114+0300: 839.551: Total time for which application threads were stopped: 0.3933251 seconds, Stopping threads took: 0.0027323 seconds
2016-06-26T20:22:31.307+0300: 839.744: Total time for which application threads were stopped: 0.0025420 seconds, Stopping threads took: 0.0023512 seconds
2016-06-26T20:22:32.042+0300: 840.479: Total time for which application threads were stopped: 0.0064606 seconds, Stopping threads took: 0.0055655 seconds
2016-06-26T20:22:32.308+0300: 840.745: [Full GC (Ergonomics) [PSYoungGen: 790969K->0K(802816K)] [ParOldGen: 3280982K->3398993K(3495424K)] 4071951K->3398993K(4298240K), [Metaspace: 9065K->9065K(1058816K)], 0.3849144 secs] [Times: user=1.30 sys=0.00, real=0.38 secs] 
2016-06-26T20:22:32.693+0300: 841.130: Total time for which application threads were stopped: 0.3931391 seconds, Stopping threads took: 0.0078338 seconds
2016-06-26T20:22:33.037+0300: 841.474: Total time for which application threads were stopped: 0.0012979 seconds, Stopping threads took: 0.0006440 seconds
2016-06-26T20:22:33.799+0300: 842.236: [Full GC (Ergonomics) [PSYoungGen: 791336K->52001K(802816K)] [ParOldGen: 3398993K->3495000K(3495424K)] 4190329K->3547001K(4298240K), [Metaspace: 9065K->9065K(1058816K)], 0.3921431 secs] [Times: user=1.34 sys=0.00, real=0.39 secs] 
2016-06-26T20:22:34.191+0300: 842.628: Total time for which application threads were stopped: 0.3947312 seconds, Stopping threads took: 0.0018603 seconds
2016-06-26T20:22:34.203+0300: 842.640: Total time for which application threads were stopped: 0.0103415 seconds, Stopping threads took: 0.0000633 seconds
2016-06-26T20:22:35.041+0300: 843.477: Total time for which application threads were stopped: 0.0042650 seconds, Stopping threads took: 0.0017478 seconds
2016-06-26T20:22:35.397+0300: 843.834: [Full GC (Ergonomics) [PSYoungGen: 792150K->0K(802816K)] [ParOldGen: 3495000K->3341007K(3495424K)] 4287150K->3341007K(4298240K), [Metaspace: 9065K->9065K(1058816K)], 0.3754261 secs] [Times: user=1.27 sys=0.00, real=0.38 secs] 
2016-06-26T20:22:35.773+0300: 844.209: Total time for which application threads were stopped: 0.3769669 seconds, Stopping threads took: 0.0009473 seconds
2016-06-26T20:22:36.038+0300: 844.475: Total time for which application threads were stopped: 0.0013634 seconds, Stopping threads took: 0.0006500 seconds
2016-06-26T20:22:36.876+0300: 845.313: [Full GC (Ergonomics) [PSYoungGen: 791340K->172003K(802816K)] [ParOldGen: 3341007K->3495017K(3495424K)] 4132348K->3667020K(4298240K), [Metaspace: 9065K->9065K(1058816K)], 0.4576113 secs] [Times: user=1.48 sys=0.06, real=0.46 secs] 
2016-06-26T20:22:37.334+0300: 845.771: Total time for which application threads were stopped: 0.4622232 seconds, Stopping threads took: 0.0041029 seconds
2016-06-26T20:22:37.336+0300: 845.773: Total time for which application threads were stopped: 0.0009391 seconds, Stopping threads took: 0.0000569 seconds
2016-06-26T20:22:38.208+0300: 846.645: [Full GC (Ergonomics) [PSYoungGen: 792245K->0K(802816K)] [ParOldGen: 3495017K->3431025K(3495424K)] 4287262K->3431025K(4298240K), [Metaspace: 9065K->9065K(1058816K)], 0.4045446 secs] [Times: user=1.30 sys=0.03, real=0.40 secs] 
2016-06-26T20:22:38.612+0300: 847.049: Total time for which application threads were stopped: 0.4086411 seconds, Stopping threads took: 0.0035855 seconds
2016-06-26T20:22:39.046+0300: 847.483: Total time for which application threads were stopped: 0.0021195 seconds, Stopping threads took: 0.0012013 seconds
2016-06-26T20:22:39.771+0300: 848.208: [Full GC (Ergonomics) [PSYoungGen: 791909K->82000K(802816K)] [ParOldGen: 3431025K->3495036K(3495424K)] 4222935K->3577036K(4298240K), [Metaspace: 9065K->9065K(1058816K)], 0.4166292 secs] [Times: user=1.38 sys=0.03, real=0.42 secs] 
2016-06-26T20:22:40.188+0300: 848.625: Total time for which application threads were stopped: 0.4214241 seconds, Stopping threads took: 0.0042795 seconds
2016-06-26T20:22:40.380+0300: 848.817: Total time for which application threads were stopped: 0.0018458 seconds, Stopping threads took: 0.0008929 seconds
2016-06-26T20:22:41.040+0300: 849.477: Total time for which application threads were stopped: 0.0030286 seconds, Stopping threads took: 0.0021216 seconds
2016-06-26T20:22:41.301+0300: 849.739: [Full GC (Ergonomics) [PSYoungGen: 792362K->146001K(802816K)] [ParOldGen: 3495036K->3495045K(3495424K)] 4287398K->3641046K(4298240K), [Metaspace: 9065K->9065K(1058816K)], 0.4091466 secs] [Times: user=1.39 sys=0.00, real=0.41 secs] 
2016-06-26T20:22:41.711+0300: 850.148: Total time for which application threads were stopped: 0.4108906 seconds, Stopping threads took: 0.0012325 seconds
2016-06-26T20:22:42.389+0300: 850.826: Total time for which application threads were stopped: 0.0090855 seconds, Stopping threads took: 0.0081058 seconds
2016-06-26T20:22:42.787+0300: 851.224: [Full GC (Ergonomics) [PSYoungGen: 790894K->0K(802816K)] [ParOldGen: 3495045K->3431055K(3495424K)] 4285939K->3431055K(4298240K), [Metaspace: 9065K->9065K(1058816K)], 0.4260244 secs] [Times: user=1.22 sys=0.02, real=0.43 secs] 
2016-06-26T20:22:43.213+0300: 851.650: Total time for which application threads were stopped: 0.4273253 seconds, Stopping threads took: 0.0008981 seconds
2016-06-26T20:22:43.470+0300: 851.907: Total time for which application threads were stopped: 0.0020296 seconds, Stopping threads took: 0.0017855 seconds
2016-06-26T20:22:44.044+0300: 852.481: Total time for which application threads were stopped: 0.0061608 seconds, Stopping threads took: 0.0053418 seconds
2016-06-26T20:22:44.395+0300: 852.832: [Full GC (Ergonomics) [PSYoungGen: 790883K->0K(802816K)] [ParOldGen: 3431055K->3491063K(3495424K)] 4221938K->3491063K(4298240K), [Metaspace: 9065K->9065K(1058816K)], 0.3971817 secs] [Times: user=1.34 sys=0.03, real=0.40 secs] 
2016-06-26T20:22:44.793+0300: 853.230: Total time for which application threads were stopped: 0.4029075 seconds, Stopping threads took: 0.0053273 seconds
2016-06-26T20:22:45.040+0300: 853.477: Total time for which application threads were stopped: 0.0010054 seconds, Stopping threads took: 0.0005427 seconds
2016-06-26T20:22:45.909+0300: 854.346: [Full GC (Ergonomics) [PSYoungGen: 791965K->172003K(802816K)] [ParOldGen: 3491063K->3495069K(3495424K)] 4283028K->3667073K(4298240K), [Metaspace: 9065K->9065K(1058816K)], 0.4091966 secs] [Times: user=1.45 sys=0.00, real=0.41 secs] 
2016-06-26T20:22:46.318+0300: 854.755: Total time for which application threads were stopped: 0.4110603 seconds, Stopping threads took: 0.0013270 seconds
2016-06-26T20:22:46.321+0300: 854.758: Total time for which application threads were stopped: 0.0010507 seconds, Stopping threads took: 0.0000706 seconds
2016-06-26T20:22:47.186+0300: 855.623: [Full GC (Ergonomics) [PSYoungGen: 791546K->86002K(802816K)] [ParOldGen: 3495069K->3495096K(3495424K)] 4286616K->3581098K(4298240K), [Metaspace: 9065K->9065K(1058816K)], 0.3993584 secs] [Times: user=1.33 sys=0.00, real=0.40 secs] 
2016-06-26T20:22:47.585+0300: 856.022: Total time for which application threads were stopped: 0.4037179 seconds, Stopping threads took: 0.0038433 seconds
2016-06-26T20:22:48.041+0300: 856.478: Total time for which application threads were stopped: 0.0016088 seconds, Stopping threads took: 0.0009934 seconds
2016-06-26T20:22:48.614+0300: 857.051: [Full GC (Ergonomics) [PSYoungGen: 792119K->0K(802816K)] [ParOldGen: 3495096K->3491087K(3495424K)] 4287216K->3491087K(4298240K), [Metaspace: 9065K->9065K(1058816K)], 0.3846664 secs] [Times: user=1.44 sys=0.00, real=0.38 secs] 
2016-06-26T20:22:48.999+0300: 857.436: Total time for which application threads were stopped: 0.3866498 seconds, Stopping threads took: 0.0015015 seconds
2016-06-26T20:22:49.041+0300: 857.478: Total time for which application threads were stopped: 0.0008095 seconds, Stopping threads took: 0.0001189 seconds
2016-06-26T20:22:50.045+0300: 858.482: Total time for which application threads were stopped: 0.0051785 seconds, Stopping threads took: 0.0042252 seconds
2016-06-26T20:22:50.262+0300: 858.699: [Full GC (Ergonomics) [PSYoungGen: 791733K->112000K(802816K)] [ParOldGen: 3491087K->3495097K(3495424K)] 4282820K->3607098K(4298240K), [Metaspace: 9065K->9065K(1058816K)], 0.4201976 secs] [Times: user=1.31 sys=0.00, real=0.42 secs] 
2016-06-26T20:22:50.682+0300: 859.119: Total time for which application threads were stopped: 0.4214211 seconds, Stopping threads took: 0.0006817 seconds
2016-06-26T20:22:51.395+0300: 859.832: Total time for which application threads were stopped: 0.0023252 seconds, Stopping threads took: 0.0013775 seconds
2016-06-26T20:22:51.786+0300: 860.223: [Full GC (Ergonomics) [PSYoungGen: 790906K->0K(802816K)] [ParOldGen: 3495097K->3461108K(3495424K)] 4286004K->3461108K(4298240K), [Metaspace: 9065K->9065K(1058816K)], 0.3873187 secs] [Times: user=1.34 sys=0.00, real=0.39 secs] 
2016-06-26T20:22:52.173+0300: 860.610: Total time for which application threads were stopped: 0.3885328 seconds, Stopping threads took: 0.0008254 seconds
2016-06-26T20:22:53.044+0300: 861.481: Total time for which application threads were stopped: 0.0033793 seconds, Stopping threads took: 0.0024684 seconds
2016-06-26T20:22:53.388+0300: 861.824: [Full GC (Ergonomics) [PSYoungGen: 791092K->0K(802816K)] [ParOldGen: 3461108K->3457115K(3495424K)] 4252200K->3457115K(4298240K), [Metaspace: 9065K->9065K(1058816K)], 0.3901818 secs] [Times: user=1.34 sys=0.00, real=0.39 secs] 
2016-06-26T20:22:53.778+0300: 862.215: Total time for which application threads were stopped: 0.3911441 seconds, Stopping threads took: 0.0005427 seconds
2016-06-26T20:22:54.042+0300: 862.479: Total time for which application threads were stopped: 0.0015520 seconds, Stopping threads took: 0.0007172 seconds
2016-06-26T20:22:54.865+0300: 863.302: [Full GC (Ergonomics) [PSYoungGen: 791702K->20000K(802816K)] [ParOldGen: 3457115K->3495123K(3495424K)] 4248818K->3515123K(4298240K), [Metaspace: 9065K->9065K(1058816K)], 0.4121089 secs] [Times: user=1.30 sys=0.00, real=0.41 secs] 
2016-06-26T20:22:55.277+0300: 863.714: Total time for which application threads were stopped: 0.4158898 seconds, Stopping threads took: 0.0032733 seconds
2016-06-26T20:22:55.279+0300: 863.716: Total time for which application threads were stopped: 0.0010281 seconds, Stopping threads took: 0.0000774 seconds
2016-06-26T20:22:55.286+0300: 863.723: Total time for which application threads were stopped: 0.0004037 seconds, Stopping threads took: 0.0000637 seconds
2016-06-26T20:22:56.046+0300: 864.483: Total time for which application threads were stopped: 0.0046914 seconds, Stopping threads took: 0.0038318 seconds
2016-06-26T20:22:56.513+0300: 864.950: [Full GC (Ergonomics) [PSYoungGen: 791135K->0K(802816K)] [ParOldGen: 3495123K->3281129K(3495424K)] 4286258K->3281129K(4298240K), [Metaspace: 9065K->9065K(1058816K)], 0.3781519 secs] [Times: user=1.22 sys=0.00, real=0.38 secs] 
2016-06-26T20:22:56.891+0300: 865.328: Total time for which application threads were stopped: 0.3800494 seconds, Stopping threads took: 0.0014904 seconds
2016-06-26T20:22:57.044+0300: 865.481: Total time for which application threads were stopped: 0.0020378 seconds, Stopping threads took: 0.0013018 seconds
2016-06-26T20:22:57.985+0300: 866.422: [Full GC (Ergonomics) [PSYoungGen: 790745K->50000K(802816K)] [ParOldGen: 3281129K->3495140K(3495424K)] 4071875K->3545141K(4298240K), [Metaspace: 9065K->9065K(1058816K)], 0.3986477 secs] [Times: user=1.27 sys=0.00, real=0.40 secs] 
2016-06-26T20:22:58.384+0300: 866.821: Total time for which application threads were stopped: 0.4022387 seconds, Stopping threads took: 0.0030911 seconds
2016-06-26T20:22:58.420+0300: 866.857: Total time for which application threads were stopped: 0.0021408 seconds, Stopping threads took: 0.0010850 seconds
2016-06-26T20:22:59.441+0300: 867.879: [Full GC (Ergonomics) [PSYoungGen: 792564K->86000K(802816K)] [ParOldGen: 3495140K->3495150K(3495424K)] 4287705K->3581151K(4298240K), [Metaspace: 9065K->9065K(1058816K)], 0.4017614 secs] [Times: user=1.39 sys=0.01, real=0.40 secs] 
2016-06-26T20:22:59.843+0300: 868.280: Total time for which application threads were stopped: 0.4047546 seconds, Stopping threads took: 0.0024872 seconds
2016-06-26T20:23:00.043+0300: 868.481: Total time for which application threads were stopped: 0.0014566 seconds, Stopping threads took: 0.0004961 seconds
2016-06-26T20:23:00.905+0300: 869.342: [Full GC (Ergonomics) [PSYoungGen: 792018K->206003K(802816K)] [ParOldGen: 3495150K->3495157K(3495424K)] 4287168K->3701160K(4298240K), [Metaspace: 9065K->9065K(1058816K)], 0.4319281 secs] [Times: user=1.51 sys=0.00, real=0.43 secs] 
2016-06-26T20:23:01.337+0300: 869.774: Total time for which application threads were stopped: 0.4398744 seconds, Stopping threads took: 0.0074694 seconds
2016-06-26T20:23:01.338+0300: 869.775: Total time for which application threads were stopped: 0.0003045 seconds, Stopping threads took: 0.0001031 seconds
2016-06-26T20:23:01.398+0300: 869.836: Total time for which application threads were stopped: 0.0012402 seconds, Stopping threads took: 0.0002976 seconds
2016-06-26T20:23:02.046+0300: 870.483: Total time for which application threads were stopped: 0.0039973 seconds, Stopping threads took: 0.0029534 seconds
2016-06-26T20:23:02.290+0300: 870.727: [Full GC (Ergonomics) [PSYoungGen: 791994K->86001K(802816K)] [ParOldGen: 3495157K->3495165K(3495424K)] 4287152K->3581166K(4298240K), [Metaspace: 9065K->9065K(1058816K)], 0.4163859 secs] [Times: user=1.31 sys=0.00, real=0.42 secs] 
2016-06-26T20:23:02.706+0300: 871.143: Total time for which application threads were stopped: 0.4218244 seconds, Stopping threads took: 0.0047884 seconds
2016-06-26T20:23:03.046+0300: 871.483: Total time for which application threads were stopped: 0.0036428 seconds, Stopping threads took: 0.0027473 seconds
2016-06-26T20:23:03.742+0300: 872.179: [Full GC (Ergonomics) [PSYoungGen: 792195K->0K(802816K)] [ParOldGen: 3495165K->3437173K(3495424K)] 4287360K->3437173K(4298240K), [Metaspace: 9065K->9065K(1058816K)], 0.3903495 secs] [Times: user=1.34 sys=0.00, real=0.39 secs] 
2016-06-26T20:23:04.133+0300: 872.570: Total time for which application threads were stopped: 0.3932656 seconds, Stopping threads took: 0.0024051 seconds
2016-06-26T20:23:04.356+0300: 872.793: Total time for which application threads were stopped: 0.0018248 seconds, Stopping threads took: 0.0008921 seconds
2016-06-26T20:23:05.051+0300: 873.488: Total time for which application threads were stopped: 0.0078150 seconds, Stopping threads took: 0.0068690 seconds
2016-06-26T20:23:05.292+0300: 873.729: [Full GC (Ergonomics) [PSYoungGen: 792244K->28000K(802816K)] [ParOldGen: 3437173K->3495183K(3495424K)] 4229417K->3523183K(4298240K), [Metaspace: 9065K->9065K(1058816K)], 0.3990629 secs] [Times: user=1.36 sys=0.03, real=0.40 secs] 
2016-06-26T20:23:05.691+0300: 874.128: Total time for which application threads were stopped: 0.4036816 seconds, Stopping threads took: 0.0040815 seconds
2016-06-26T20:23:06.045+0300: 874.482: Total time for which application threads were stopped: 0.0016490 seconds, Stopping threads took: 0.0007082 seconds
2016-06-26T20:23:06.052+0300: 874.488: Total time for which application threads were stopped: 0.0004448 seconds, Stopping threads took: 0.0000804 seconds
2016-06-26T20:23:06.817+0300: 875.254: [Full GC (Ergonomics) [PSYoungGen: 791031K->148012K(802816K)] [ParOldGen: 3495183K->3495183K(3495424K)] 4286214K->3643195K(4298240K), [Metaspace: 9065K->9065K(1058816K)], 0.4279531 secs] [Times: user=1.25 sys=0.00, real=0.43 secs] 
2016-06-26T20:23:07.245+0300: 875.682: Total time for which application threads were stopped: 0.4318131 seconds, Stopping threads took: 0.0033207 seconds
2016-06-26T20:23:07.404+0300: 875.841: Total time for which application threads were stopped: 0.0015148 seconds, Stopping threads took: 0.0006539 seconds
2016-06-26T20:23:08.229+0300: 876.666: [Full GC (Ergonomics) [PSYoungGen: 792576K->146153K(802816K)] [ParOldGen: 3495183K->3495207K(3495424K)] 4287759K->3641361K(4298240K), [Metaspace: 9065K->9065K(1058816K)], 0.4130866 secs] [Times: user=1.41 sys=0.00, real=0.41 secs] 
2016-06-26T20:23:08.641+0300: 877.079: Total time for which application threads were stopped: 0.4165612 seconds, Stopping threads took: 0.0029731 seconds
2016-06-26T20:23:09.633+0300: 878.070: [Full GC (Ergonomics) [PSYoungGen: 791455K->26000K(802816K)] [ParOldGen: 3495207K->3495228K(3495424K)] 4286663K->3521228K(4298240K), [Metaspace: 9065K->9065K(1058816K)], 0.3869676 secs] [Times: user=1.42 sys=0.00, real=0.39 secs] 
2016-06-26T20:23:10.020+0300: 878.457: Total time for which application threads were stopped: 0.3893701 seconds, Stopping threads took: 0.0018338 seconds
2016-06-26T20:23:10.045+0300: 878.482: Total time for which application threads were stopped: 0.0007484 seconds, Stopping threads took: 0.0000629 seconds
2016-06-26T20:23:11.047+0300: 879.484: Total time for which application threads were stopped: 0.0028576 seconds, Stopping threads took: 0.0019471 seconds
2016-06-26T20:23:11.110+0300: 879.547: [Full GC (Ergonomics) [PSYoungGen: 791203K->0K(802816K)] [ParOldGen: 3495228K->3461236K(3495424K)] 4286431K->3461236K(4298240K), [Metaspace: 9065K->9065K(1058816K)], 0.3864317 secs] [Times: user=1.25 sys=0.00, real=0.39 secs] 
2016-06-26T20:23:11.496+0300: 879.934: Total time for which application threads were stopped: 0.3873401 seconds, Stopping threads took: 0.0003857 seconds
2016-06-26T20:23:12.047+0300: 880.485: Total time for which application threads were stopped: 0.0026339 seconds, Stopping threads took: 0.0016512 seconds
2016-06-26T20:23:12.670+0300: 881.107: [Full GC (Ergonomics) [PSYoungGen: 791764K->84000K(802816K)] [ParOldGen: 3461236K->3495237K(3495424K)] 4253001K->3579238K(4298240K), [Metaspace: 9065K->9065K(1058816K)], 0.3958423 secs] [Times: user=1.47 sys=0.00, real=0.40 secs] 
2016-06-26T20:23:13.066+0300: 881.503: Total time for which application threads were stopped: 0.3979219 seconds, Stopping threads took: 0.0015614 seconds
2016-06-26T20:23:14.091+0300: 882.528: [Full GC (Ergonomics) [PSYoungGen: 791379K->56000K(802816K)] [ParOldGen: 3495237K->3495255K(3495424K)] 4286617K->3551255K(4298240K), [Metaspace: 9065K->9065K(1058816K)], 0.4178767 secs] [Times: user=1.28 sys=0.00, real=0.42 secs] 
2016-06-26T20:23:14.509+0300: 882.946: Total time for which application threads were stopped: 0.4247743 seconds, Stopping threads took: 0.0063969 seconds
2016-06-26T20:23:15.440+0300: 883.877: Total time for which application threads were stopped: 0.0034879 seconds, Stopping threads took: 0.0025424 seconds
2016-06-26T20:23:15.638+0300: 884.076: [Full GC (Ergonomics) [PSYoungGen: 791414K->56000K(802816K)] [ParOldGen: 3495255K->3495264K(3495424K)] 4286670K->3551264K(4298240K), [Metaspace: 9065K->9065K(1058816K)], 0.3991822 secs] [Times: user=1.28 sys=0.00, real=0.40 secs] 
2016-06-26T20:23:16.038+0300: 884.475: Total time for which application threads were stopped: 0.4050274 seconds, Stopping threads took: 0.0053012 seconds
2016-06-26T20:23:16.089+0300: 884.526: Total time for which application threads were stopped: 0.0019215 seconds, Stopping threads took: 0.0006222 seconds
2016-06-26T20:23:17.094+0300: 885.531: Total time for which application threads were stopped: 0.0061095 seconds, Stopping threads took: 0.0051772 seconds
2016-06-26T20:23:17.178+0300: 885.615: [Full GC (Ergonomics) [PSYoungGen: 791752K->146002K(802816K)] [ParOldGen: 3495264K->3495272K(3495424K)] 4287016K->3641274K(4298240K), [Metaspace: 9065K->9065K(1058816K)], 0.4173610 secs] [Times: user=1.44 sys=0.00, real=0.42 secs] 
2016-06-26T20:23:17.595+0300: 886.033: Total time for which application threads were stopped: 0.4205470 seconds, Stopping threads took: 0.0026741 seconds
2016-06-26T20:23:18.090+0300: 886.527: Total time for which application threads were stopped: 0.0023269 seconds, Stopping threads took: 0.0013634 seconds
2016-06-26T20:23:18.518+0300: 886.955: [Full GC (Ergonomics) [PSYoungGen: 791197K->0K(802816K)] [ParOldGen: 3495272K->3343269K(3495424K)] 4286469K->3343269K(4298240K), [Metaspace: 9065K->9065K(1058816K)], 0.3987289 secs] [Times: user=1.13 sys=0.00, real=0.40 secs] 
2016-06-26T20:23:18.917+0300: 887.354: Total time for which application threads were stopped: 0.4020834 seconds, Stopping threads took: 0.0028315 seconds
2016-06-26T20:23:19.423+0300: 887.860: Total time for which application threads were stopped: 0.0036594 seconds, Stopping threads took: 0.0027216 seconds
2016-06-26T20:23:20.171+0300: 888.608: [Full GC (Ergonomics) [PSYoungGen: 792479K->0K(802816K)] [ParOldGen: 3343269K->3371290K(3495424K)] 4135748K->3371290K(4298240K), [Metaspace: 9065K->9065K(1058816K)], 0.3902751 secs] [Times: user=1.28 sys=0.00, real=0.39 secs] 
2016-06-26T20:23:20.561+0300: 888.999: Total time for which application threads were stopped: 0.3938969 seconds, Stopping threads took: 0.0031403 seconds
2016-06-26T20:23:21.289+0300: 889.726: Total time for which application threads were stopped: 0.0029850 seconds, Stopping threads took: 0.0021041 seconds
2016-06-26T20:23:21.793+0300: 890.230: [Full GC (Ergonomics) [PSYoungGen: 792576K->0K(802816K)] [ParOldGen: 3371290K->3341302K(3495424K)] 4163866K->3341302K(4298240K), [Metaspace: 9065K->9065K(1058816K)], 0.3740469 secs] [Times: user=1.38 sys=0.00, real=0.37 secs] 
2016-06-26T20:23:22.167+0300: 890.604: Total time for which application threads were stopped: 0.3769613 seconds, Stopping threads took: 0.0024851 seconds
2016-06-26T20:23:22.555+0300: 890.992: Total time for which application threads were stopped: 0.0009464 seconds, Stopping threads took: 0.0006962 seconds
2016-06-26T20:23:23.091+0300: 891.528: Total time for which application threads were stopped: 0.0021626 seconds, Stopping threads took: 0.0015477 seconds
2016-06-26T20:23:23.312+0300: 891.750: [Full GC (Ergonomics) [PSYoungGen: 791971K->114001K(802816K)] [ParOldGen: 3341302K->3495308K(3495424K)] 4133274K->3609309K(4298240K), [Metaspace: 9065K->9065K(1058816K)], 0.4097265 secs] [Times: user=1.34 sys=0.00, real=0.41 secs] 
2016-06-26T20:23:23.722+0300: 892.159: Total time for which application threads were stopped: 0.4107413 seconds, Stopping threads took: 0.0005093 seconds
2016-06-26T20:23:24.091+0300: 892.528: Total time for which application threads were stopped: 0.0019428 seconds, Stopping threads took: 0.0011979 seconds
2016-06-26T20:23:24.697+0300: 893.134: [Full GC (Ergonomics) [PSYoungGen: 791265K->88000K(802816K)] [ParOldGen: 3495308K->3495308K(3495424K)] 4286574K->3583309K(4298240K), [Metaspace: 9065K->9065K(1058816K)], 0.3907386 secs] [Times: user=1.51 sys=0.00, real=0.39 secs] 
2016-06-26T20:23:25.088+0300: 893.525: Total time for which application threads were stopped: 0.3929009 seconds, Stopping threads took: 0.0017196 seconds
2016-06-26T20:23:25.090+0300: 893.527: Total time for which application threads were stopped: 0.0006517 seconds, Stopping threads took: 0.0000603 seconds
2016-06-26T20:23:26.094+0300: 894.531: Total time for which application threads were stopped: 0.0049758 seconds, Stopping threads took: 0.0040773 seconds
2016-06-26T20:23:26.166+0300: 894.604: [Full GC (Ergonomics) [PSYoungGen: 792556K->84000K(802816K)] [ParOldGen: 3495308K->3495325K(3495424K)] 4287864K->3579326K(4298240K), [Metaspace: 9065K->9065K(1058816K)], 0.4099540 secs] [Times: user=1.34 sys=0.00, real=0.41 secs] 
2016-06-26T20:23:26.577+0300: 895.014: Total time for which application threads were stopped: 0.4119691 seconds, Stopping threads took: 0.0015344 seconds
2016-06-26T20:23:27.092+0300: 895.529: Total time for which application threads were stopped: 0.0024958 seconds, Stopping threads took: 0.0015592 seconds
2016-06-26T20:23:27.612+0300: 896.049: [Full GC (Ergonomics) [PSYoungGen: 790739K->146001K(802816K)] [ParOldGen: 3495325K->3495327K(3495424K)] 4286065K->3641328K(4298240K), [Metaspace: 9069K->9069K(1058816K)], 0.4414854 secs] [Times: user=1.42 sys=0.00, real=0.44 secs] 
2016-06-26T20:23:28.053+0300: 896.491: Total time for which application threads were stopped: 0.4433615 seconds, Stopping threads took: 0.0013775 seconds
2016-06-26T20:23:28.092+0300: 896.529: Total time for which application threads were stopped: 0.0015579 seconds, Stopping threads took: 0.0005983 seconds
2016-06-26T20:23:29.010+0300: 897.447: [Full GC (Ergonomics) [PSYoungGen: 792482K->86001K(802816K)] [ParOldGen: 3495327K->3495343K(3495424K)] 4287810K->3581345K(4298240K), [Metaspace: 9069K->9069K(1058816K)], 0.4132858 secs] [Times: user=1.34 sys=0.00, real=0.41 secs] 
2016-06-26T20:23:29.424+0300: 897.861: Total time for which application threads were stopped: 0.4173383 seconds, Stopping threads took: 0.0035380 seconds
2016-06-26T20:23:29.426+0300: 897.863: Total time for which application threads were stopped: 0.0010298 seconds, Stopping threads took: 0.0000650 seconds
2016-06-26T20:23:30.096+0300: 898.533: Total time for which application threads were stopped: 0.0054958 seconds, Stopping threads took: 0.0045806 seconds
2016-06-26T20:23:30.504+0300: 898.940: [Full GC (Ergonomics) [PSYoungGen: 791866K->176002K(802816K)] [ParOldGen: 3495343K->3495352K(3495424K)] 4287209K->3671355K(4298240K), [Metaspace: 9069K->9069K(1058816K)], 0.4356898 secs] [Times: user=1.23 sys=0.00, real=0.43 secs] 
2016-06-26T20:23:30.939+0300: 899.376: Total time for which application threads were stopped: 0.4417492 seconds, Stopping threads took: 0.0054342 seconds
2016-06-26T20:23:31.096+0300: 899.533: Total time for which application threads were stopped: 0.0054047 seconds, Stopping threads took: 0.0044767 seconds
2016-06-26T20:23:31.885+0300: 900.321: [Full GC (Ergonomics) [PSYoungGen: 790612K->0K(802816K)] [ParOldGen: 3495352K->3493361K(3495424K)] 4285965K->3493361K(4298240K), [Metaspace: 9069K->9069K(1058816K)], 0.3956473 secs] [Times: user=1.44 sys=0.00, real=0.39 secs] 
2016-06-26T20:23:32.280+0300: 900.717: Total time for which application threads were stopped: 0.3982243 seconds, Stopping threads took: 0.0020472 seconds
2016-06-26T20:23:32.422+0300: 900.859: Total time for which application threads were stopped: 0.0016486 seconds, Stopping threads took: 0.0005264 seconds
2016-06-26T20:23:32.428+0300: 900.865: Total time for which application threads were stopped: 0.0004033 seconds, Stopping threads took: 0.0000723 seconds
2016-06-26T20:23:33.092+0300: 901.529: Total time for which application threads were stopped: 0.0015772 seconds, Stopping threads took: 0.0009331 seconds
2016-06-26T20:23:33.449+0300: 901.886: [Full GC (Ergonomics) [PSYoungGen: 791541K->174001K(802816K)] [ParOldGen: 3493361K->3495354K(3495424K)] 4284902K->3669355K(4298240K), [Metaspace: 9069K->9069K(1058816K)], 0.4022549 secs] [Times: user=1.52 sys=0.00, real=0.40 secs] 
2016-06-26T20:23:33.851+0300: 902.288: Total time for which application threads were stopped: 0.4038804 seconds, Stopping threads took: 0.0011919 seconds
2016-06-26T20:23:34.447+0300: 902.884: Total time for which application threads were stopped: 0.0021635 seconds, Stopping threads took: 0.0012013 seconds
2016-06-26T20:23:34.896+0300: 903.333: [Full GC (Ergonomics) [PSYoungGen: 790933K->26000K(802816K)] [ParOldGen: 3495354K->3495364K(3495424K)] 4286287K->3521364K(4298240K), [Metaspace: 9069K->9069K(1058816K)], 0.3919994 secs] [Times: user=1.36 sys=0.00, real=0.39 secs] 
2016-06-26T20:23:35.288+0300: 903.725: Total time for which application threads were stopped: 0.3931147 seconds, Stopping threads took: 0.0007510 seconds
2016-06-26T20:23:36.095+0300: 904.532: Total time for which application threads were stopped: 0.0030556 seconds, Stopping threads took: 0.0021614 seconds
2016-06-26T20:23:36.447+0300: 904.884: [Full GC (Ergonomics) [PSYoungGen: 791693K->28000K(802816K)] [ParOldGen: 3495364K->3495372K(3495424K)] 4287057K->3523372K(4298240K), [Metaspace: 9069K->9069K(1058816K)], 0.3842503 secs] [Times: user=1.52 sys=0.00, real=0.38 secs] 
2016-06-26T20:23:36.832+0300: 905.269: Total time for which application threads were stopped: 0.3856667 seconds, Stopping threads took: 0.0010336 seconds
2016-06-26T20:23:37.094+0300: 905.531: Total time for which application threads were stopped: 0.0016567 seconds, Stopping threads took: 0.0008972 seconds
2016-06-26T20:23:37.875+0300: 906.312: [Full GC (Ergonomics) [PSYoungGen: 791335K->0K(802816K)] [ParOldGen: 3495372K->3493379K(3495424K)] 4286707K->3493379K(4298240K), [Metaspace: 9069K->9069K(1058816K)], 0.4012311 secs] [Times: user=1.19 sys=0.00, real=0.40 secs] 
2016-06-26T20:23:38.277+0300: 906.714: Total time for which application threads were stopped: 0.4033425 seconds, Stopping threads took: 0.0016165 seconds
2016-06-26T20:23:38.279+0300: 906.716: Total time for which application threads were stopped: 0.0009712 seconds, Stopping threads took: 0.0000607 seconds
2016-06-26T20:23:39.095+0300: 907.532: Total time for which application threads were stopped: 0.0025381 seconds, Stopping threads took: 0.0016845 seconds
2016-06-26T20:23:39.418+0300: 907.856: [Full GC (Ergonomics) [PSYoungGen: 790717K->112001K(802816K)] [ParOldGen: 3493379K->3495388K(3495424K)] 4284096K->3607389K(4298240K), [Metaspace: 9069K->9069K(1058816K)], 0.4097218 secs] [Times: user=1.36 sys=0.00, real=0.41 secs] 
2016-06-26T20:23:39.828+0300: 908.265: Total time for which application threads were stopped: 0.4111339 seconds, Stopping threads took: 0.0009246 seconds
2016-06-26T20:23:40.095+0300: 908.532: Total time for which application threads were stopped: 0.0019912 seconds, Stopping threads took: 0.0010811 seconds
2016-06-26T20:23:40.837+0300: 909.274: [Full GC (Ergonomics) [PSYoungGen: 790982K->178012K(802816K)] [ParOldGen: 3495388K->3495387K(3495424K)] 4286371K->3673399K(4298240K), [Metaspace: 9069K->9069K(1058816K)], 0.4095131 secs] [Times: user=1.50 sys=0.00, real=0.41 secs] 
2016-06-26T20:23:41.246+0300: 909.683: Total time for which application threads were stopped: 0.4119768 seconds, Stopping threads took: 0.0019813 seconds
2016-06-26T20:23:41.424+0300: 909.861: Total time for which application threads were stopped: 0.0010071 seconds, Stopping threads took: 0.0003635 seconds
2016-06-26T20:23:42.222+0300: 910.659: [Full GC (Ergonomics) [PSYoungGen: 791961K->0K(802816K)] [ParOldGen: 3495387K->3401405K(3495424K)] 4287348K->3401405K(4298240K), [Metaspace: 9069K->9069K(1058816K)], 0.3994551 secs] [Times: user=1.22 sys=0.00, real=0.40 secs] 
2016-06-26T20:23:42.622+0300: 911.059: Total time for which application threads were stopped: 0.4025680 seconds, Stopping threads took: 0.0026036 seconds
2016-06-26T20:23:43.789+0300: 912.226: [Full GC (Ergonomics) [PSYoungGen: 791092K->22000K(802816K)] [ParOldGen: 3401405K->3495414K(3495424K)] 4192498K->3517414K(4298240K), [Metaspace: 9069K->9069K(1058816K)], 0.4047901 secs] [Times: user=1.33 sys=0.00, real=0.40 secs] 
2016-06-26T20:23:44.193+0300: 912.630: Total time for which application threads were stopped: 0.4098210 seconds, Stopping threads took: 0.0045284 seconds
2016-06-26T20:23:44.195+0300: 912.632: Total time for which application threads were stopped: 0.0006774 seconds, Stopping threads took: 0.0000641 seconds
2016-06-26T20:23:45.097+0300: 913.534: Total time for which application threads were stopped: 0.0025052 seconds, Stopping threads took: 0.0015592 seconds
2016-06-26T20:23:45.104+0300: 913.541: Total time for which application threads were stopped: 0.0004644 seconds, Stopping threads took: 0.0000761 seconds
2016-06-26T20:23:45.345+0300: 913.782: [Full GC (Ergonomics) [PSYoungGen: 791908K->86000K(802816K)] [ParOldGen: 3495414K->3495423K(3495424K)] 4287323K->3581424K(4298240K), [Metaspace: 9069K->9069K(1058816K)], 0.3972621 secs] [Times: user=1.34 sys=0.00, real=0.40 secs] 
2016-06-26T20:23:45.742+0300: 914.180: Total time for which application threads were stopped: 0.3985707 seconds, Stopping threads took: 0.0008737 seconds
2016-06-26T20:23:46.097+0300: 914.534: Total time for which application threads were stopped: 0.0016503 seconds, Stopping threads took: 0.0008271 seconds
2016-06-26T20:23:46.800+0300: 915.237: [Full GC (Ergonomics) [PSYoungGen: 791769K->242011K(802816K)] [ParOldGen: 3495423K->3493424K(3495424K)] 4287192K->3735436K(4298240K), [Metaspace: 9069K->9069K(1058816K)], 0.4170274 secs] [Times: user=1.34 sys=0.00, real=0.42 secs] 
2016-06-26T20:23:47.217+0300: 915.654: Total time for which application threads were stopped: 0.4188022 seconds, Stopping threads took: 0.0012346 seconds
2016-06-26T20:23:47.415+0300: 915.852: Total time for which application threads were stopped: 0.0012321 seconds, Stopping threads took: 0.0006086 seconds
2016-06-26T20:23:48.032+0300: 916.469: [Full GC (Ergonomics) [PSYoungGen: 790930K->26000K(802816K)] [ParOldGen: 3493424K->3493440K(3495424K)] 4284354K->3519440K(4298240K), [Metaspace: 9069K->9069K(1058816K)], 0.3811143 secs] [Times: user=1.41 sys=0.00, real=0.38 secs] 
2016-06-26T20:23:48.413+0300: 916.850: Total time for which application threads were stopped: 0.3826718 seconds, Stopping threads took: 0.0010525 seconds
2016-06-26T20:23:48.500+0300: 916.937: Total time for which application threads were stopped: 0.0009913 seconds, Stopping threads took: 0.0003310 seconds
2016-06-26T20:23:49.098+0300: 917.535: Total time for which application threads were stopped: 0.0021789 seconds, Stopping threads took: 0.0012287 seconds
2016-06-26T20:23:49.524+0300: 917.961: [Full GC (Ergonomics) [PSYoungGen: 791489K->26000K(802816K)] [ParOldGen: 3493440K->3493449K(3495424K)] 4284929K->3519449K(4298240K), [Metaspace: 9069K->9069K(1058816K)], 0.4009040 secs] [Times: user=1.30 sys=0.00, real=0.40 secs] 
2016-06-26T20:23:49.925+0300: 918.362: Total time for which application threads were stopped: 0.4026133 seconds, Stopping threads took: 0.0012094 seconds
2016-06-26T20:23:50.098+0300: 918.535: Total time for which application threads were stopped: 0.0024308 seconds, Stopping threads took: 0.0014497 seconds
2016-06-26T20:23:51.098+0300: 919.535: Total time for which application threads were stopped: 0.0023641 seconds, Stopping threads took: 0.0014493 seconds
2016-06-26T20:23:51.122+0300: 919.559: [Full GC (Ergonomics) [PSYoungGen: 792007K->266005K(802816K)] [ParOldGen: 3493449K->3493456K(3495424K)] 4285457K->3759462K(4298240K), [Metaspace: 9069K->9069K(1058816K)], 0.4201783 secs] [Times: user=1.41 sys=0.00, real=0.42 secs] 
2016-06-26T20:23:51.542+0300: 919.979: Total time for which application threads were stopped: 0.4228486 seconds, Stopping threads took: 0.0021729 seconds
2016-06-26T20:23:52.099+0300: 920.535: Total time for which application threads were stopped: 0.0023021 seconds, Stopping threads took: 0.0013989 seconds
2016-06-26T20:23:52.321+0300: 920.758: [Full GC (Ergonomics) [PSYoungGen: 791348K->178004K(802816K)] [ParOldGen: 3493456K->3493456K(3495424K)] 4284805K->3671461K(4298240K), [Metaspace: 9069K->9069K(1058816K)], 0.4116338 secs] [Times: user=1.44 sys=0.00, real=0.41 secs] 
2016-06-26T20:23:52.732+0300: 921.169: Total time for which application threads were stopped: 0.4140086 seconds, Stopping threads took: 0.0018817 seconds
2016-06-26T20:23:53.098+0300: 921.535: Total time for which application threads were stopped: 0.0022375 seconds, Stopping threads took: 0.0013039 seconds
2016-06-26T20:23:53.637+0300: 922.074: [Full GC (Ergonomics) [PSYoungGen: 792243K->58019K(802816K)] [ParOldGen: 3493456K->3493457K(3495424K)] 4285699K->3551477K(4298240K), [Metaspace: 9071K->9071K(1058816K)], 0.4189630 secs] [Times: user=1.22 sys=0.00, real=0.42 secs] 
2016-06-26T20:23:54.056+0300: 922.493: Total time for which application threads were stopped: 0.4243381 seconds, Stopping threads took: 0.0048620 seconds
2016-06-26T20:23:54.098+0300: 922.535: Total time for which application threads were stopped: 0.0011303 seconds, Stopping threads took: 0.0001997 seconds
2016-06-26T20:23:55.103+0300: 923.540: Total time for which application threads were stopped: 0.0058336 seconds, Stopping threads took: 0.0049279 seconds
2016-06-26T20:23:55.109+0300: 923.546: Total time for which application threads were stopped: 0.0004080 seconds, Stopping threads took: 0.0000701 seconds
2016-06-26T20:23:55.199+0300: 923.636: [Full GC (Ergonomics) [PSYoungGen: 790620K->176002K(802816K)] [ParOldGen: 3493457K->3493485K(3495424K)] 4284078K->3669487K(4298240K), [Metaspace: 9071K->9071K(1058816K)], 0.4110924 secs] [Times: user=1.41 sys=0.00, real=0.41 secs] 
2016-06-26T20:23:55.610+0300: 924.047: Total time for which application threads were stopped: 0.4124695 seconds, Stopping threads took: 0.0008818 seconds
2016-06-26T20:23:56.100+0300: 924.537: Total time for which application threads were stopped: 0.0031390 seconds, Stopping threads took: 0.0022110 seconds
2016-06-26T20:23:56.514+0300: 924.950: [Full GC (Ergonomics) [PSYoungGen: 792253K->0K(802816K)] [ParOldGen: 3493485K->3493484K(3495424K)] 4285738K->3493484K(4298240K), [Metaspace: 9071K->9071K(1058816K)], 0.3868213 secs] [Times: user=1.38 sys=0.00, real=0.39 secs] 
2016-06-26T20:23:56.900+0300: 925.337: Total time for which application threads were stopped: 0.3879803 seconds, Stopping threads took: 0.0007604 seconds
2016-06-26T20:23:57.439+0300: 925.876: Total time for which application threads were stopped: 0.0028525 seconds, Stopping threads took: 0.0019587 seconds
2016-06-26T20:23:58.138+0300: 926.575: [Full GC (Ergonomics) [PSYoungGen: 791997K->148001K(802816K)] [ParOldGen: 3493484K->3493506K(3495424K)] 4285482K->3641507K(4298240K), [Metaspace: 9071K->9071K(1058816K)], 0.4113473 secs] [Times: user=1.36 sys=0.00, real=0.41 secs] 
2016-06-26T20:23:58.550+0300: 926.987: Total time for which application threads were stopped: 0.4175436 seconds, Stopping threads took: 0.0057391 seconds
2016-06-26T20:23:59.210+0300: 927.647: Total time for which application threads were stopped: 0.0036470 seconds, Stopping threads took: 0.0029474 seconds
2016-06-26T20:23:59.588+0300: 928.026: [Full GC (Ergonomics) [PSYoungGen: 791189K->0K(802816K)] [ParOldGen: 3493506K->3373513K(3495424K)] 4284695K->3373513K(4298240K), [Metaspace: 9071K->9071K(1058816K)], 0.3713441 secs] [Times: user=1.44 sys=0.00, real=0.37 secs] 
2016-06-26T20:23:59.960+0300: 928.397: Total time for which application threads were stopped: 0.3735995 seconds, Stopping threads took: 0.0018535 seconds
2016-06-26T20:24:00.297+0300: 928.734: Total time for which application threads were stopped: 0.0054406 seconds, Stopping threads took: 0.0047448 seconds
2016-06-26T20:24:01.077+0300: 929.514: [Full GC (Ergonomics) [PSYoungGen: 792488K->0K(802816K)] [ParOldGen: 3373513K->3401518K(3495424K)] 4166002K->3401518K(4298240K), [Metaspace: 9071K->9071K(1058816K)], 0.3955985 secs] [Times: user=1.20 sys=0.00, real=0.40 secs] 
2016-06-26T20:24:01.473+0300: 929.910: Total time for which application threads were stopped: 0.4027822 seconds, Stopping threads took: 0.0066637 seconds
2016-06-26T20:24:01.477+0300: 929.914: Total time for which application threads were stopped: 0.0009567 seconds, Stopping threads took: 0.0000616 seconds
2016-06-26T20:24:02.103+0300: 930.540: Total time for which application threads were stopped: 0.0046152 seconds, Stopping threads took: 0.0037788 seconds
2016-06-26T20:24:02.703+0300: 931.140: [Full GC (Ergonomics) [PSYoungGen: 791311K->0K(802816K)] [ParOldGen: 3401518K->3487529K(3495424K)] 4192830K->3487529K(4298240K), [Metaspace: 9071K->9071K(1058816K)], 0.3965526 secs] [Times: user=1.27 sys=0.00, real=0.40 secs] 
2016-06-26T20:24:03.099+0300: 931.536: Total time for which application threads were stopped: 0.4003433 seconds, Stopping threads took: 0.0033391 seconds
2016-06-26T20:24:03.101+0300: 931.539: Total time for which application threads were stopped: 0.0008275 seconds, Stopping threads took: 0.0000539 seconds
2016-06-26T20:24:04.101+0300: 932.538: Total time for which application threads were stopped: 0.0021391 seconds, Stopping threads took: 0.0012030 seconds
2016-06-26T20:24:04.265+0300: 932.702: [Full GC (Ergonomics) [PSYoungGen: 791578K->78000K(802816K)] [ParOldGen: 3487529K->3493537K(3495424K)] 4279107K->3571538K(4298240K), [Metaspace: 9071K->9071K(1058816K)], 0.4108880 secs] [Times: user=1.31 sys=0.00, real=0.41 secs] 
2016-06-26T20:24:04.676+0300: 933.113: Total time for which application threads were stopped: 0.4134017 seconds, Stopping threads took: 0.0020023 seconds
2016-06-26T20:24:05.101+0300: 933.538: Total time for which application threads were stopped: 0.0019167 seconds, Stopping threads took: 0.0009990 seconds
2016-06-26T20:24:05.694+0300: 934.131: [Full GC (Ergonomics) [PSYoungGen: 791217K->118000K(802816K)] [ParOldGen: 3493537K->3493538K(3495424K)] 4284755K->3611539K(4298240K), [Metaspace: 9071K->9071K(1058816K)], 0.4212851 secs] [Times: user=1.39 sys=0.00, real=0.42 secs] 
2016-06-26T20:24:06.116+0300: 934.553: Total time for which application threads were stopped: 0.4235265 seconds, Stopping threads took: 0.0016935 seconds
2016-06-26T20:24:06.424+0300: 934.861: Total time for which application threads were stopped: 0.0042021 seconds, Stopping threads took: 0.0032660 seconds
2016-06-26T20:24:06.430+0300: 934.867: Total time for which application threads were stopped: 0.0004413 seconds, Stopping threads took: 0.0001048 seconds
2016-06-26T20:24:07.101+0300: 935.538: [Full GC (Ergonomics) [PSYoungGen: 791200K->24000K(802816K)] [ParOldGen: 3493538K->3493555K(3495424K)] 4284738K->3517555K(4298240K), [Metaspace: 9071K->9071K(1058816K)], 0.4082819 secs] [Times: user=1.34 sys=0.00, real=0.41 secs] 
2016-06-26T20:24:07.510+0300: 935.947: Total time for which application threads were stopped: 0.4144918 seconds, Stopping threads took: 0.0057378 seconds
2016-06-26T20:24:08.435+0300: 936.872: Total time for which application threads were stopped: 0.0051113 seconds, Stopping threads took: 0.0041983 seconds
2016-06-26T20:24:08.721+0300: 937.158: [Full GC (Ergonomics) [PSYoungGen: 792022K->236002K(802816K)] [ParOldGen: 3493555K->3493582K(3495424K)] 4285577K->3729585K(4298240K), [Metaspace: 9071K->9071K(1058816K)], 0.4097663 secs] [Times: user=1.42 sys=0.00, real=0.41 secs] 
2016-06-26T20:24:09.131+0300: 937.568: Total time for which application threads were stopped: 0.4114161 seconds, Stopping threads took: 0.0011696 seconds
2016-06-26T20:24:09.132+0300: 937.568: Total time for which application threads were stopped: 0.0003845 seconds, Stopping threads took: 0.0001377 seconds
2016-06-26T20:24:09.740+0300: 938.177: Total time for which application threads were stopped: 0.0019454 seconds, Stopping threads took: 0.0012932 seconds
2016-06-26T20:24:09.932+0300: 938.369: [Full GC (Ergonomics) [PSYoungGen: 791764K->178013K(802816K)] [ParOldGen: 3493582K->3493579K(3495424K)] 4285347K->3671592K(4298240K), [Metaspace: 9071K->9071K(1058816K)], 0.4112489 secs] [Times: user=1.47 sys=0.00, real=0.41 secs] 
2016-06-26T20:24:10.344+0300: 938.780: Total time for which application threads were stopped: 0.4122069 seconds, Stopping threads took: 0.0004298 seconds
2016-06-26T20:24:10.475+0300: 938.912: Total time for which application threads were stopped: 0.0011855 seconds, Stopping threads took: 0.0004995 seconds
2016-06-26T20:24:11.281+0300: 939.718: [Full GC (Ergonomics) [PSYoungGen: 792478K->118002K(802816K)] [ParOldGen: 3493579K->3493599K(3495424K)] 4286058K->3611602K(4298240K), [Metaspace: 9071K->9071K(1058816K)], 0.3921550 secs] [Times: user=1.45 sys=0.00, real=0.39 secs] 
2016-06-26T20:24:11.673+0300: 940.111: Total time for which application threads were stopped: 0.3943356 seconds, Stopping threads took: 0.0017055 seconds
2016-06-26T20:24:12.467+0300: 940.904: Total time for which application threads were stopped: 0.0027186 seconds, Stopping threads took: 0.0016576 seconds
2016-06-26T20:24:12.796+0300: 941.233: [Full GC (Ergonomics) [PSYoungGen: 792566K->0K(802816K)] [ParOldGen: 3493599K->3313787K(3495424K)] 4286165K->3313787K(4298240K), [Metaspace: 9071K->9071K(1058816K)], 0.3848019 secs] [Times: user=1.14 sys=0.00, real=0.38 secs] 
2016-06-26T20:24:13.181+0300: 941.618: Total time for which application threads were stopped: 0.3861841 seconds, Stopping threads took: 0.0009656 seconds
2016-06-26T20:24:14.106+0300: 942.543: Total time for which application threads were stopped: 0.0046768 seconds, Stopping threads took: 0.0037129 seconds
2016-06-26T20:24:14.389+0300: 942.826: [Full GC (Ergonomics) [PSYoungGen: 790809K->0K(802816K)] [ParOldGen: 3313787K->3369615K(3495424K)] 4104596K->3369615K(4298240K), [Metaspace: 9071K->9071K(1058816K)], 0.3816997 secs] [Times: user=1.25 sys=0.01, real=0.38 secs] 
2016-06-26T20:24:14.771+0300: 943.208: Total time for which application threads were stopped: 0.3828664 seconds, Stopping threads took: 0.0007454 seconds
2016-06-26T20:24:15.104+0300: 943.541: Total time for which application threads were stopped: 0.0024120 seconds, Stopping threads took: 0.0018013 seconds
2016-06-26T20:24:15.876+0300: 944.314: [Full GC (Ergonomics) [PSYoungGen: 790846K->114002K(802816K)] [ParOldGen: 3369615K->3493624K(3495424K)] 4160462K->3607627K(4298240K), [Metaspace: 9071K->9071K(1058816K)], 0.4071631 secs] [Times: user=1.28 sys=0.00, real=0.41 secs] 
2016-06-26T20:24:16.284+0300: 944.721: Total time for which application threads were stopped: 0.4090709 seconds, Stopping threads took: 0.0014224 seconds
2016-06-26T20:24:16.287+0300: 944.724: Total time for which application threads were stopped: 0.0006449 seconds, Stopping threads took: 0.0000599 seconds
2016-06-26T20:24:17.108+0300: 945.545: Total time for which application threads were stopped: 0.0065508 seconds, Stopping threads took: 0.0056237 seconds
2016-06-26T20:24:17.408+0300: 945.844: [Full GC (Ergonomics) [PSYoungGen: 791350K->0K(802816K)] [ParOldGen: 3493624K->3489635K(3495424K)] 4284975K->3489635K(4298240K), [Metaspace: 9071K->9071K(1058816K)], 0.4137203 secs] [Times: user=1.11 sys=0.00, real=0.41 secs] 
2016-06-26T20:24:17.821+0300: 946.258: Total time for which application threads were stopped: 0.4147493 seconds, Stopping threads took: 0.0006269 seconds
2016-06-26T20:24:18.106+0300: 946.543: Total time for which application threads were stopped: 0.0033708 seconds, Stopping threads took: 0.0027263 seconds
2016-06-26T20:24:18.918+0300: 947.355: [Full GC (Ergonomics) [PSYoungGen: 792098K->0K(802816K)] [ParOldGen: 3489635K->3487642K(3495424K)] 4281733K->3487642K(4298240K), [Metaspace: 9071K->9071K(1058816K)], 0.3933944 secs] [Times: user=1.39 sys=0.00, real=0.39 secs] 
2016-06-26T20:24:19.312+0300: 947.749: Total time for which application threads were stopped: 0.3953714 seconds, Stopping threads took: 0.0014647 seconds
2016-06-26T20:24:19.314+0300: 947.751: Total time for which application threads were stopped: 0.0009024 seconds, Stopping threads took: 0.0000637 seconds
2016-06-26T20:24:20.153+0300: 948.590: Total time for which application threads were stopped: 0.0022277 seconds, Stopping threads took: 0.0019052 seconds
2016-06-26T20:24:20.576+0300: 949.013: [Full GC (Ergonomics) [PSYoungGen: 791534K->0K(802816K)] [ParOldGen: 3487642K->3483652K(3495424K)] 4279176K->3483652K(4298240K), [Metaspace: 9071K->9071K(1058816K)], 0.3905171 secs] [Times: user=1.34 sys=0.00, real=0.39 secs] 
2016-06-26T20:24:20.967+0300: 949.403: Total time for which application threads were stopped: 0.3918762 seconds, Stopping threads took: 0.0010277 seconds
2016-06-26T20:24:21.104+0300: 949.541: Total time for which application threads were stopped: 0.0010037 seconds, Stopping threads took: 0.0005072 seconds
2016-06-26T20:24:22.053+0300: 950.491: [Full GC (Ergonomics) [PSYoungGen: 791008K->164003K(802816K)] [ParOldGen: 3483652K->3493659K(3495424K)] 4274660K->3657662K(4298240K), [Metaspace: 9071K->9071K(1058816K)], 0.4119203 secs] [Times: user=1.38 sys=0.00, real=0.41 secs] 
2016-06-26T20:24:22.466+0300: 950.903: Total time for which application threads were stopped: 0.4142515 seconds, Stopping threads took: 0.0017940 seconds
2016-06-26T20:24:22.468+0300: 950.905: Total time for which application threads were stopped: 0.0006624 seconds, Stopping threads took: 0.0000607 seconds
2016-06-26T20:24:23.106+0300: 951.543: Total time for which application threads were stopped: 0.0016734 seconds, Stopping threads took: 0.0010140 seconds
2016-06-26T20:24:23.353+0300: 951.791: [Full GC (Ergonomics) [PSYoungGen: 790751K->54001K(802816K)] [ParOldGen: 3493659K->3493668K(3495424K)] 4284410K->3547669K(4298240K), [Metaspace: 9071K->9071K(1058816K)], 0.3843875 secs] [Times: user=1.52 sys=0.00, real=0.38 secs] 
2016-06-26T20:24:23.738+0300: 952.175: Total time for which application threads were stopped: 0.3851364 seconds, Stopping threads took: 0.0003592 seconds
2016-06-26T20:24:24.106+0300: 952.543: Total time for which application threads were stopped: 0.0014438 seconds, Stopping threads took: 0.0005572 seconds
2016-06-26T20:24:24.839+0300: 953.276: [Full GC (Ergonomics) [PSYoungGen: 790744K->88010K(802816K)] [ParOldGen: 3493668K->3493668K(3495424K)] 4284412K->3581678K(4298240K), [Metaspace: 9071K->9071K(1058816K)], 0.4114935 secs] [Times: user=1.38 sys=0.00, real=0.41 secs] 
2016-06-26T20:24:25.251+0300: 953.687: Total time for which application threads were stopped: 0.4135985 seconds, Stopping threads took: 0.0016247 seconds
2016-06-26T20:24:25.447+0300: 953.884: Total time for which application threads were stopped: 0.0022452 seconds, Stopping threads took: 0.0013599 seconds
2016-06-26T20:24:26.343+0300: 954.780: [Full GC (Ergonomics) [PSYoungGen: 791758K->116001K(802816K)] [ParOldGen: 3493668K->3493688K(3495424K)] 4285427K->3609690K(4298240K), [Metaspace: 9071K->9071K(1058816K)], 0.4089785 secs] [Times: user=1.38 sys=0.00, real=0.41 secs] 
2016-06-26T20:24:26.752+0300: 955.189: Total time for which application threads were stopped: 0.4119229 seconds, Stopping threads took: 0.0024056 seconds
2016-06-26T20:24:27.655+0300: 956.092: Total time for which application threads were stopped: 0.0070837 seconds, Stopping threads took: 0.0061954 seconds
2016-06-26T20:24:27.919+0300: 956.356: [Full GC (Ergonomics) [PSYoungGen: 791622K->0K(802816K)] [ParOldGen: 3493688K->3489867K(3495424K)] 4285310K->3489867K(4298240K), [Metaspace: 9071K->9071K(1058816K)], 0.4097397 secs] [Times: user=1.30 sys=0.00, real=0.41 secs] 
2016-06-26T20:24:28.328+0300: 956.766: Total time for which application threads were stopped: 0.4110103 seconds, Stopping threads took: 0.0008968 seconds
2016-06-26T20:24:29.112+0300: 957.550: Total time for which application threads were stopped: 0.0066274 seconds, Stopping threads took: 0.0056737 seconds
2016-06-26T20:24:29.469+0300: 957.906: [Full GC (Ergonomics) [PSYoungGen: 791455K->0K(802816K)] [ParOldGen: 3489867K->3397686K(3495424K)] 4281323K->3397686K(4298240K), [Metaspace: 9071K->9071K(1058816K)], 0.4095764 secs] [Times: user=1.05 sys=0.00, real=0.41 secs] 
2016-06-26T20:24:29.878+0300: 958.315: Total time for which application threads were stopped: 0.4130104 seconds, Stopping threads took: 0.0030120 seconds
2016-06-26T20:24:30.111+0300: 958.548: Total time for which application threads were stopped: 0.0048436 seconds, Stopping threads took: 0.0041465 seconds
2016-06-26T20:24:30.997+0300: 959.434: [Full GC (Ergonomics) [PSYoungGen: 791497K->20000K(802816K)] [ParOldGen: 3397686K->3493695K(3495424K)] 4189183K->3513695K(4298240K), [Metaspace: 9071K->9071K(1058816K)], 0.4202335 secs] [Times: user=1.20 sys=0.00, real=0.42 secs] 
2016-06-26T20:24:31.418+0300: 959.855: Total time for which application threads were stopped: 0.4350740 seconds, Stopping threads took: 0.0143183 seconds
2016-06-26T20:24:31.420+0300: 959.857: Total time for which application threads were stopped: 0.0007569 seconds, Stopping threads took: 0.0000552 seconds
2016-06-26T20:24:32.112+0300: 960.549: Total time for which application threads were stopped: 0.0055993 seconds, Stopping threads took: 0.0047089 seconds
2016-06-26T20:24:32.119+0300: 960.555: Total time for which application threads were stopped: 0.0003960 seconds, Stopping threads took: 0.0000637 seconds
2016-06-26T20:24:32.643+0300: 961.080: [Full GC (Ergonomics) [PSYoungGen: 792120K->0K(802816K)] [ParOldGen: 3493695K->3249701K(3495424K)] 4285816K->3249701K(4298240K), [Metaspace: 9071K->9071K(1058816K)], 0.3674127 secs] [Times: user=1.17 sys=0.00, real=0.37 secs] 
2016-06-26T20:24:33.010+0300: 961.447: Total time for which application threads were stopped: 0.3693564 seconds, Stopping threads took: 0.0015148 seconds
2016-06-26T20:24:33.108+0300: 961.545: Total time for which application threads were stopped: 0.0008053 seconds, Stopping threads took: 0.0003011 seconds
2016-06-26T20:24:34.110+0300: 962.547: Total time for which application threads were stopped: 0.0029004 seconds, Stopping threads took: 0.0019099 seconds
2016-06-26T20:24:34.145+0300: 962.583: [Full GC (Ergonomics) [PSYoungGen: 790903K->0K(802816K)] [ParOldGen: 3249701K->3483712K(3495424K)] 4040604K->3483712K(4298240K), [Metaspace: 9071K->9071K(1058816K)], 0.3978616 secs] [Times: user=1.36 sys=0.00, real=0.40 secs] 
2016-06-26T20:24:34.543+0300: 962.981: Total time for which application threads were stopped: 0.3999696 seconds, Stopping threads took: 0.0015896 seconds
2016-06-26T20:24:35.427+0300: 963.864: Total time for which application threads were stopped: 0.0030381 seconds, Stopping threads took: 0.0020523 seconds
2016-06-26T20:24:35.817+0300: 964.254: [Full GC (Ergonomics) [PSYoungGen: 791656K->46000K(802816K)] [ParOldGen: 3483712K->3493725K(3495424K)] 4275369K->3539725K(4298240K), [Metaspace: 9071K->9071K(1058816K)], 0.3898055 secs] [Times: user=1.34 sys=0.00, real=0.39 secs] 
2016-06-26T20:24:36.207+0300: 964.644: Total time for which application threads were stopped: 0.3909927 seconds, Stopping threads took: 0.0006586 seconds
2016-06-26T20:24:37.245+0300: 965.682: [Full GC (Ergonomics) [PSYoungGen: 792238K->296005K(802816K)] [ParOldGen: 3493725K->3493729K(3495424K)] 4285963K->3789735K(4298240K), [Metaspace: 9071K->9071K(1058816K)], 0.4393018 secs] [Times: user=1.36 sys=0.03, real=0.44 secs] 
2016-06-26T20:24:37.685+0300: 966.122: Total time for which application threads were stopped: 0.4425566 seconds, Stopping threads took: 0.0027062 seconds
2016-06-26T20:24:38.421+0300: 966.858: Total time for which application threads were stopped: 0.0046054 seconds, Stopping threads took: 0.0037501 seconds
2016-06-26T20:24:38.570+0300: 967.007: [Full GC (Ergonomics) [PSYoungGen: 792576K->0K(802816K)] [ParOldGen: 3493729K->3343784K(3495424K)] 4286305K->3343784K(4298240K), [Metaspace: 9071K->9071K(1058816K)], 0.3831050 secs] [Times: user=1.30 sys=0.00, real=0.38 secs] 
2016-06-26T20:24:38.953+0300: 967.390: Total time for which application threads were stopped: 0.3835511 seconds, Stopping threads took: 0.0000817 seconds
2016-06-26T20:24:38.985+0300: 967.423: Total time for which application threads were stopped: 0.0008249 seconds, Stopping threads took: 0.0006385 seconds
2016-06-26T20:24:39.112+0300: 967.549: Total time for which application threads were stopped: 0.0031480 seconds, Stopping threads took: 0.0025946 seconds
2016-06-26T20:24:40.069+0300: 968.506: [Full GC (Ergonomics) [PSYoungGen: 791105K->0K(802816K)] [ParOldGen: 3343784K->3489765K(3495424K)] 4134890K->3489765K(4298240K), [Metaspace: 9071K->9071K(1058816K)], 0.3919412 secs] [Times: user=1.34 sys=0.00, real=0.39 secs] 
2016-06-26T20:24:40.462+0300: 968.898: Total time for which application threads were stopped: 0.3943707 seconds, Stopping threads took: 0.0019244 seconds
2016-06-26T20:24:40.465+0300: 968.902: Total time for which application threads were stopped: 0.0007676 seconds, Stopping threads took: 0.0000659 seconds
2016-06-26T20:24:41.578+0300: 970.015: [Full GC (Ergonomics) [PSYoungGen: 791364K->142001K(802816K)] [ParOldGen: 3489765K->3493775K(3495424K)] 4281130K->3635776K(4298240K), [Metaspace: 9071K->9071K(1058816K)], 0.4348678 secs] [Times: user=1.23 sys=0.00, real=0.43 secs] 
2016-06-26T20:24:42.013+0300: 970.450: Total time for which application threads were stopped: 0.4386667 seconds, Stopping threads took: 0.0032480 seconds
2016-06-26T20:24:42.111+0300: 970.548: Total time for which application threads were stopped: 0.0018496 seconds, Stopping threads took: 0.0008964 seconds
2016-06-26T20:24:43.034+0300: 971.471: [Full GC (Ergonomics) [PSYoungGen: 791637K->86001K(802816K)] [ParOldGen: 3493775K->3493782K(3495424K)] 4285412K->3579784K(4298240K), [Metaspace: 9071K->9071K(1058816K)], 0.4300512 secs] [Times: user=1.23 sys=0.00, real=0.43 secs] 
2016-06-26T20:24:43.464+0300: 971.901: Total time for which application threads were stopped: 0.4380017 seconds, Stopping threads took: 0.0074476 seconds
2016-06-26T20:24:43.466+0300: 971.903: Total time for which application threads were stopped: 0.0006808 seconds, Stopping threads took: 0.0000612 seconds
2016-06-26T20:24:44.113+0300: 972.550: Total time for which application threads were stopped: 0.0030620 seconds, Stopping threads took: 0.0021075 seconds
2016-06-26T20:24:44.545+0300: 972.982: [Full GC (Ergonomics) [PSYoungGen: 790952K->26000K(802816K)] [ParOldGen: 3493782K->3493792K(3495424K)] 4284735K->3519792K(4298240K), [Metaspace: 9071K->9071K(1058816K)], 0.4057980 secs] [Times: user=1.31 sys=0.00, real=0.41 secs] 
2016-06-26T20:24:44.951+0300: 973.388: Total time for which application threads were stopped: 0.4118964 seconds, Stopping threads took: 0.0056155 seconds
2016-06-26T20:24:45.112+0300: 973.549: Total time for which application threads were stopped: 0.0014172 seconds, Stopping threads took: 0.0007120 seconds
2016-06-26T20:24:45.118+0300: 973.555: Total time for which application threads were stopped: 0.0004918 seconds, Stopping threads took: 0.0000753 seconds
2016-06-26T20:24:46.087+0300: 974.524: [Full GC (Ergonomics) [PSYoungGen: 790823K->86001K(802816K)] [ParOldGen: 3493792K->3493799K(3495424K)] 4284615K->3579801K(4298240K), [Metaspace: 9071K->9071K(1058816K)], 0.4034994 secs] [Times: user=1.44 sys=0.00, real=0.40 secs] 
2016-06-26T20:24:46.490+0300: 974.927: Total time for which application threads were stopped: 0.4090914 seconds, Stopping threads took: 0.0050959 seconds
2016-06-26T20:24:46.523+0300: 974.961: Total time for which application threads were stopped: 0.0011384 seconds, Stopping threads took: 0.0001835 seconds
2016-06-26T20:24:47.576+0300: 976.013: [Full GC (Ergonomics) [PSYoungGen: 791065K->56000K(802816K)] [ParOldGen: 3493799K->3493809K(3495424K)] 4284865K->3549810K(4298240K), [Metaspace: 9071K->9071K(1058816K)], 0.3895570 secs] [Times: user=1.48 sys=0.00, real=0.39 secs] 
2016-06-26T20:24:47.965+0300: 976.402: Total time for which application threads were stopped: 0.3966561 seconds, Stopping threads took: 0.0065906 seconds
2016-06-26T20:24:48.328+0300: 976.765: Total time for which application threads were stopped: 0.0019736 seconds, Stopping threads took: 0.0010255 seconds
2016-06-26T20:24:49.037+0300: 977.474: [Full GC (Ergonomics) [PSYoungGen: 790881K->146002K(802816K)] [ParOldGen: 3493809K->3493818K(3495424K)] 4284691K->3639820K(4298240K), [Metaspace: 9071K->9071K(1058816K)], 0.4171574 secs] [Times: user=1.38 sys=0.00, real=0.42 secs] 
2016-06-26T20:24:49.454+0300: 977.891: Total time for which application threads were stopped: 0.4190750 seconds, Stopping threads took: 0.0013270 seconds
2016-06-26T20:24:49.660+0300: 978.097: Total time for which application threads were stopped: 0.0021045 seconds, Stopping threads took: 0.0014006 seconds
2016-06-26T20:24:50.115+0300: 978.552: Total time for which application threads were stopped: 0.0044177 seconds, Stopping threads took: 0.0035029 seconds
2016-06-26T20:24:50.418+0300: 978.855: [Full GC (Ergonomics) [PSYoungGen: 791419K->56000K(802816K)] [ParOldGen: 3493818K->3493826K(3495424K)] 4285237K->3549827K(4298240K), [Metaspace: 9071K->9071K(1058816K)], 0.4066055 secs] [Times: user=1.27 sys=0.00, real=0.41 secs] 
2016-06-26T20:24:50.824+0300: 979.262: Total time for which application threads were stopped: 0.4086514 seconds, Stopping threads took: 0.0015297 seconds
2016-06-26T20:24:51.114+0300: 979.551: Total time for which application threads were stopped: 0.0027460 seconds, Stopping threads took: 0.0018068 seconds
2016-06-26T20:24:51.958+0300: 980.395: [Full GC (Ergonomics) [PSYoungGen: 791359K->0K(802816K)] [ParOldGen: 3493826K->3491835K(3495424K)] 4285185K->3491835K(4298240K), [Metaspace: 9071K->9071K(1058816K)], 0.3910106 secs] [Times: user=1.41 sys=0.00, real=0.39 secs] 
2016-06-26T20:24:52.349+0300: 980.786: Total time for which application threads were stopped: 0.3954214 seconds, Stopping threads took: 0.0038703 seconds
2016-06-26T20:24:52.410+0300: 980.847: Total time for which application threads were stopped: 0.0014053 seconds, Stopping threads took: 0.0004726 seconds
2016-06-26T20:24:53.117+0300: 981.554: Total time for which application threads were stopped: 0.0047110 seconds, Stopping threads took: 0.0037484 seconds
2016-06-26T20:24:53.515+0300: 981.952: [Full GC (Ergonomics) [PSYoungGen: 791435K->0K(802816K)] [ParOldGen: 3491835K->3457843K(3495424K)] 4283271K->3457843K(4298240K), [Metaspace: 9071K->9071K(1058816K)], 0.4079312 secs] [Times: user=1.17 sys=0.00, real=0.41 secs] 
2016-06-26T20:24:53.923+0300: 982.360: Total time for which application threads were stopped: 0.4105194 seconds, Stopping threads took: 0.0020592 seconds
2016-06-26T20:24:54.461+0300: 982.898: Total time for which application threads were stopped: 0.0034332 seconds, Stopping threads took: 0.0024996 seconds
2016-06-26T20:24:55.184+0300: 983.621: [Full GC (Ergonomics) [PSYoungGen: 790752K->170001K(802816K)] [ParOldGen: 3457843K->3493856K(3495424K)] 4248595K->3663858K(4298240K), [Metaspace: 9071K->9071K(1058816K)], 0.4156482 secs] [Times: user=1.41 sys=0.00, real=0.41 secs] 
2016-06-26T20:24:55.599+0300: 984.036: Total time for which application threads were stopped: 0.4196861 seconds, Stopping threads took: 0.0035735 seconds
2016-06-26T20:24:56.464+0300: 984.901: [Full GC (Ergonomics) [PSYoungGen: 790706K->116002K(802816K)] [ParOldGen: 3493856K->3493861K(3495424K)] 4284563K->3609863K(4298240K), [Metaspace: 9071K->9071K(1058816K)], 0.4062710 secs] [Times: user=1.48 sys=0.00, real=0.41 secs] 
2016-06-26T20:24:56.870+0300: 985.307: Total time for which application threads were stopped: 0.4103658 seconds, Stopping threads took: 0.0035837 seconds
2016-06-26T20:24:56.872+0300: 985.309: Total time for which application threads were stopped: 0.0006962 seconds, Stopping threads took: 0.0000641 seconds
2016-06-26T20:24:57.114+0300: 985.552: Total time for which application threads were stopped: 0.0016401 seconds, Stopping threads took: 0.0006073 seconds
2016-06-26T20:24:57.121+0300: 985.558: Total time for which application threads were stopped: 0.0004392 seconds, Stopping threads took: 0.0000761 seconds
2016-06-26T20:24:57.890+0300: 986.328: [Full GC (Ergonomics) [PSYoungGen: 790660K->86000K(802816K)] [ParOldGen: 3493861K->3493871K(3495424K)] 4284522K->3579872K(4298240K), [Metaspace: 9071K->9071K(1058816K)], 0.4075536 secs] [Times: user=1.28 sys=0.00, real=0.41 secs] 
2016-06-26T20:24:58.298+0300: 986.735: Total time for which application threads were stopped: 0.4104141 seconds, Stopping threads took: 0.0024038 seconds
2016-06-26T20:24:58.302+0300: 986.739: Total time for which application threads were stopped: 0.0006740 seconds, Stopping threads took: 0.0000718 seconds
2016-06-26T20:24:59.350+0300: 987.787: [Full GC (Ergonomics) [PSYoungGen: 790772K->0K(802816K)] [ParOldGen: 3493871K->3489879K(3495424K)] 4284644K->3489879K(4298240K), [Metaspace: 9071K->9071K(1058816K)], 0.3880812 secs] [Times: user=1.39 sys=0.00, real=0.39 secs] 
2016-06-26T20:24:59.738+0300: 988.175: Total time for which application threads were stopped: 0.3928423 seconds, Stopping threads took: 0.0042453 seconds
2016-06-26T20:24:59.740+0300: 988.177: Total time for which application threads were stopped: 0.0009148 seconds, Stopping threads took: 0.0000560 seconds
2016-06-26T20:25:00.116+0300: 988.552: Total time for which application threads were stopped: 0.0017632 seconds, Stopping threads took: 0.0008545 seconds
2016-06-26T20:25:00.901+0300: 989.338: [Full GC (Ergonomics) [PSYoungGen: 790862K->22000K(802816K)] [ParOldGen: 3489879K->3493871K(3495424K)] 4280741K->3515871K(4298240K), [Metaspace: 9071K->9071K(1058816K)], 0.4076772 secs] [Times: user=1.25 sys=0.00, real=0.41 secs] 
2016-06-26T20:25:01.308+0300: 989.746: Total time for which application threads were stopped: 0.4134454 seconds, Stopping threads took: 0.0052546 seconds
2016-06-26T20:25:01.418+0300: 989.855: Total time for which application threads were stopped: 0.0030731 seconds, Stopping threads took: 0.0023465 seconds
2016-06-26T20:25:02.481+0300: 990.918: [Full GC (Ergonomics) [PSYoungGen: 791264K->266003K(802816K)] [ParOldGen: 3493871K->3493882K(3495424K)] 4285136K->3759885K(4298240K), [Metaspace: 9071K->9071K(1058816K)], 0.4321822 secs] [Times: user=1.36 sys=0.00, real=0.43 secs] 
2016-06-26T20:25:02.914+0300: 991.351: Total time for which application threads were stopped: 0.4383725 seconds, Stopping threads took: 0.0054996 seconds
2016-06-26T20:25:02.916+0300: 991.353: Total time for which application threads were stopped: 0.0009609 seconds, Stopping threads took: 0.0000556 seconds
2016-06-26T20:25:03.116+0300: 991.553: Total time for which application threads were stopped: 0.0019356 seconds, Stopping threads took: 0.0010028 seconds
2016-06-26T20:25:03.695+0300: 992.132: [Full GC (Ergonomics) [PSYoungGen: 791812K->238006K(802816K)] [ParOldGen: 3493882K->3493887K(3495424K)] 4285694K->3731893K(4298240K), [Metaspace: 9071K->9071K(1058816K)], 0.4213424 secs] [Times: user=1.41 sys=0.00, real=0.42 secs] 
2016-06-26T20:25:04.116+0300: 992.553: Total time for which application threads were stopped: 0.4247889 seconds, Stopping threads took: 0.0029713 seconds
2016-06-26T20:25:04.221+0300: 992.658: Total time for which application threads were stopped: 0.0019741 seconds, Stopping threads took: 0.0009289 seconds
2016-06-26T20:25:04.988+0300: 993.425: [Full GC (Ergonomics) [PSYoungGen: 791957K->0K(802816K)] [ParOldGen: 3493887K->3461900K(3495424K)] 4285844K->3461900K(4298240K), [Metaspace: 9071K->9071K(1058816K)], 0.4146496 secs] [Times: user=1.17 sys=0.00, real=0.42 secs] 
2016-06-26T20:25:05.403+0300: 993.840: Total time for which application threads were stopped: 0.4197811 seconds, Stopping threads took: 0.0045934 seconds
2016-06-26T20:25:06.164+0300: 994.601: Total time for which application threads were stopped: 0.0050737 seconds, Stopping threads took: 0.0042423 seconds
2016-06-26T20:25:06.650+0300: 995.087: [Full GC (Ergonomics) [PSYoungGen: 791514K->0K(802816K)] [ParOldGen: 3461900K->3341966K(3495424K)] 4253414K->3341966K(4298240K), [Metaspace: 9071K->9071K(1058816K)], 0.3823241 secs] [Times: user=1.28 sys=0.00, real=0.38 secs] 
2016-06-26T20:25:07.032+0300: 995.469: Total time for which application threads were stopped: 0.3864121 seconds, Stopping threads took: 0.0036706 seconds
2016-06-26T20:25:07.117+0300: 995.554: Total time for which application threads were stopped: 0.0019424 seconds, Stopping threads took: 0.0012932 seconds
2016-06-26T20:25:08.118+0300: 996.555: Total time for which application threads were stopped: 0.0022212 seconds, Stopping threads took: 0.0013775 seconds
2016-06-26T20:25:08.124+0300: 996.561: Total time for which application threads were stopped: 0.0004627 seconds, Stopping threads took: 0.0001014 seconds
2016-06-26T20:25:08.176+0300: 996.613: [Full GC (Ergonomics) [PSYoungGen: 792089K->24000K(802816K)] [ParOldGen: 3341966K->3493916K(3495424K)] 4134056K->3517917K(4298240K), [Metaspace: 9071K->9071K(1058816K)], 0.3903388 secs] [Times: user=1.41 sys=0.00, real=0.39 secs] 
2016-06-26T20:25:08.566+0300: 997.003: Total time for which application threads were stopped: 0.3910632 seconds, Stopping threads took: 0.0002301 seconds
2016-06-26T20:25:09.118+0300: 997.555: Total time for which application threads were stopped: 0.0028033 seconds, Stopping threads took: 0.0018034 seconds
2016-06-26T20:25:09.649+0300: 998.086: [Full GC (Ergonomics) [PSYoungGen: 791533K->118000K(802816K)] [ParOldGen: 3493916K->3493917K(3495424K)] 4285450K->3611918K(4298240K), [Metaspace: 9071K->9071K(1058816K)], 0.4055107 secs] [Times: user=1.39 sys=0.00, real=0.41 secs] 
2016-06-26T20:25:10.055+0300: 998.492: Total time for which application threads were stopped: 0.4069634 seconds, Stopping threads took: 0.0009631 seconds
2016-06-26T20:25:10.117+0300: 998.554: Total time for which application threads were stopped: 0.0012475 seconds, Stopping threads took: 0.0003447 seconds
2016-06-26T20:25:11.097+0300: 999.534: [Full GC (Ergonomics) [PSYoungGen: 792265K->296013K(802816K)] [ParOldGen: 3493917K->3493932K(3495424K)] 4286182K->3789945K(4298240K), [Metaspace: 9071K->9071K(1058816K)], 0.4069946 secs] [Times: user=1.51 sys=0.00, real=0.41 secs] 
2016-06-26T20:25:11.504+0300: 999.941: Total time for which application threads were stopped: 0.4093198 seconds, Stopping threads took: 0.0018261 seconds
2016-06-26T20:25:11.506+0300: 999.943: Total time for which application threads were stopped: 0.0006496 seconds, Stopping threads took: 0.0000552 seconds
2016-06-26T20:25:12.253+0300: 1000.690: [Full GC (Ergonomics) [PSYoungGen: 792530K->150003K(802816K)] [ParOldGen: 3493932K->3493964K(3495424K)] 4286463K->3643968K(4298240K), [Metaspace: 9071K->9071K(1058816K)], 0.4341691 secs] [Times: user=1.39 sys=0.03, real=0.43 secs] 
2016-06-26T20:25:12.687+0300: 1001.124: Total time for which application threads were stopped: 0.4365199 seconds, Stopping threads took: 0.0018051 seconds
2016-06-26T20:25:13.607+0300: 1002.044: [Full GC (Ergonomics) [PSYoungGen: 792368K->0K(802816K)] [ParOldGen: 3493964K->3281972K(3495424K)] 4286333K->3281972K(4298240K), [Metaspace: 9071K->9071K(1058816K)], 0.3836849 secs] [Times: user=1.27 sys=0.00, real=0.38 secs] 
2016-06-26T20:25:13.990+0300: 1002.428: Total time for which application threads were stopped: 0.3923231 seconds, Stopping threads took: 0.0081156 seconds
2016-06-26T20:25:13.992+0300: 1002.429: Total time for which application threads were stopped: 0.0005406 seconds, Stopping threads took: 0.0002108 seconds
2016-06-26T20:25:14.118+0300: 1002.555: Total time for which application threads were stopped: 0.0016011 seconds, Stopping threads took: 0.0005953 seconds
2016-06-26T20:25:15.121+0300: 1003.558: Total time for which application threads were stopped: 0.0041204 seconds, Stopping threads took: 0.0031971 seconds
2016-06-26T20:25:15.208+0300: 1003.645: [Full GC (Ergonomics) [PSYoungGen: 792493K->26000K(802816K)] [ParOldGen: 3281972K->3493984K(3495424K)] 4074466K->3519984K(4298240K), [Metaspace: 9071K->9071K(1058816K)], 0.3996129 secs] [Times: user=1.42 sys=0.00, real=0.40 secs] 
2016-06-26T20:25:15.608+0300: 1004.045: Total time for which application threads were stopped: 0.4024718 seconds, Stopping threads took: 0.0023264 seconds
2016-06-26T20:25:16.446+0300: 1004.883: Total time for which application threads were stopped: 0.0088118 seconds, Stopping threads took: 0.0078261 seconds
2016-06-26T20:25:16.881+0300: 1005.318: [Full GC (Ergonomics) [PSYoungGen: 792135K->88000K(802816K)] [ParOldGen: 3493984K->3493996K(3495424K)] 4286120K->3581997K(4298240K), [Metaspace: 9071K->9071K(1058816K)], 0.4321621 secs] [Times: user=1.20 sys=0.00, real=0.43 secs] 
2016-06-26T20:25:17.313+0300: 1005.750: Total time for which application threads were stopped: 0.4390011 seconds, Stopping threads took: 0.0064011 seconds
2016-06-26T20:25:18.122+0300: 1006.559: Total time for which application threads were stopped: 0.0047410 seconds, Stopping threads took: 0.0037210 seconds
2016-06-26T20:25:18.403+0300: 1006.840: [Full GC (Ergonomics) [PSYoungGen: 792242K->0K(802816K)] [ParOldGen: 3493996K->3432002K(3495424K)] 4286238K->3432002K(4298240K), [Metaspace: 9071K->9071K(1058816K)], 0.3927247 secs] [Times: user=1.34 sys=0.00, real=0.39 secs] 
2016-06-26T20:25:18.795+0300: 1007.232: Total time for which application threads were stopped: 0.3959308 seconds, Stopping threads took: 0.0028097 seconds
2016-06-26T20:25:19.121+0300: 1007.558: Total time for which application threads were stopped: 0.0030432 seconds, Stopping threads took: 0.0023213 seconds
2016-06-26T20:25:19.881+0300: 1008.318: [Full GC (Ergonomics) [PSYoungGen: 792528K->58001K(802816K)] [ParOldGen: 3432002K->3494010K(3495424K)] 4224531K->3552011K(4298240K), [Metaspace: 9071K->9071K(1058816K)], 0.4002197 secs] [Times: user=1.42 sys=0.00, real=0.40 secs] 
2016-06-26T20:25:20.281+0300: 1008.718: Total time for which application threads were stopped: 0.4032343 seconds, Stopping threads took: 0.0025202 seconds
2016-06-26T20:25:20.284+0300: 1008.721: Total time for which application threads were stopped: 0.0009267 seconds, Stopping threads took: 0.0000671 seconds
2016-06-26T20:25:21.286+0300: 1009.723: Total time for which application threads were stopped: 0.0016790 seconds, Stopping threads took: 0.0013557 seconds
2016-06-26T20:25:21.327+0300: 1009.764: [Full GC (Ergonomics) [PSYoungGen: 792540K->0K(802816K)] [ParOldGen: 3494010K->3490039K(3495424K)] 4286551K->3490039K(4298240K), [Metaspace: 9071K->9071K(1058816K)], 0.3907673 secs] [Times: user=1.34 sys=0.00, real=0.39 secs] 
2016-06-26T20:25:21.717+0300: 1010.155: Total time for which application threads were stopped: 0.3917761 seconds, Stopping threads took: 0.0004743 seconds
2016-06-26T20:25:22.560+0300: 1010.998: Total time for which application threads were stopped: 0.0076225 seconds, Stopping threads took: 0.0067018 seconds
2016-06-26T20:25:23.016+0300: 1011.453: [Full GC (Ergonomics) [PSYoungGen: 791351K->52000K(802816K)] [ParOldGen: 3490039K->3494031K(3495424K)] 4281391K->3546031K(4298240K), [Metaspace: 9071K->9071K(1058816K)], 0.3995971 secs] [Times: user=1.38 sys=0.00, real=0.40 secs] 
2016-06-26T20:25:23.416+0300: 1011.853: Total time for which application threads were stopped: 0.4049415 seconds, Stopping threads took: 0.0049261 seconds
2016-06-26T20:25:23.712+0300: 1012.149: Total time for which application threads were stopped: 0.0019099 seconds, Stopping threads took: 0.0015875 seconds
2016-06-26T20:25:24.465+0300: 1012.902: [Full GC (Ergonomics) [PSYoungGen: 791858K->118002K(802816K)] [ParOldGen: 3494031K->3494037K(3495424K)] 4285889K->3612039K(4298240K), [Metaspace: 9071K->9071K(1058816K)], 0.4148964 secs] [Times: user=1.34 sys=0.00, real=0.42 secs] 
2016-06-26T20:25:24.880+0300: 1013.317: Total time for which application threads were stopped: 0.4208168 seconds, Stopping threads took: 0.0054355 seconds
2016-06-26T20:25:24.882+0300: 1013.319: Total time for which application threads were stopped: 0.0010264 seconds, Stopping threads took: 0.0000637 seconds
2016-06-26T20:25:25.121+0300: 1013.558: Total time for which application threads were stopped: 0.0024047 seconds, Stopping threads took: 0.0015507 seconds
2016-06-26T20:25:25.838+0300: 1014.275: [Full GC (Ergonomics) [PSYoungGen: 790700K->0K(802816K)] [ParOldGen: 3494037K->3490046K(3495424K)] 4284737K->3490046K(4298240K), [Metaspace: 9071K->9071K(1058816K)], 0.3958987 secs] [Times: user=1.33 sys=0.02, real=0.40 secs] 
2016-06-26T20:25:26.235+0300: 1014.671: Total time for which application threads were stopped: 0.3983423 seconds, Stopping threads took: 0.0019903 seconds
2016-06-26T20:25:26.253+0300: 1014.690: Total time for which application threads were stopped: 0.0008938 seconds, Stopping threads took: 0.0000620 seconds
2016-06-26T20:25:27.430+0300: 1015.867: Total time for which application threads were stopped: 0.0033917 seconds, Stopping threads took: 0.0025202 seconds
2016-06-26T20:25:27.463+0300: 1015.901: [Full GC (Ergonomics) [PSYoungGen: 790880K->230002K(802816K)] [ParOldGen: 3490046K->3494055K(3495424K)] 4280926K->3724058K(4298240K), [Metaspace: 9071K->9071K(1058816K)], 0.4268844 secs] [Times: user=1.47 sys=0.00, real=0.43 secs] 
2016-06-26T20:25:27.890+0300: 1016.328: Total time for which application threads were stopped: 0.4282649 seconds, Stopping threads took: 0.0008433 seconds
2016-06-26T20:25:28.741+0300: 1017.178: Total time for which application threads were stopped: 0.0076281 seconds, Stopping threads took: 0.0066338 seconds
2016-06-26T20:25:28.892+0300: 1017.330: [Full GC (Ergonomics) [PSYoungGen: 792576K->0K(802816K)] [ParOldGen: 3494055K->3372068K(3495424K)] 4286631K->3372068K(4298240K), [Metaspace: 9071K->9071K(1058816K)], 0.3927653 secs] [Times: user=1.20 sys=0.00, real=0.39 secs] 
2016-06-26T20:25:29.286+0300: 1017.723: Total time for which application threads were stopped: 0.3932627 seconds, Stopping threads took: 0.0000748 seconds
2016-06-26T20:25:30.125+0300: 1018.562: Total time for which application threads were stopped: 0.0041666 seconds, Stopping threads took: 0.0032857 seconds
2016-06-26T20:25:30.429+0300: 1018.866: [Full GC (Ergonomics) [PSYoungGen: 792226K->0K(802816K)] [ParOldGen: 3372068K->3370054K(3495424K)] 4164295K->3370054K(4298240K), [Metaspace: 9071K->9071K(1058816K)], 0.3832671 secs] [Times: user=1.38 sys=0.00, real=0.38 secs] 
2016-06-26T20:25:30.812+0300: 1019.249: Total time for which application threads were stopped: 0.3855978 seconds, Stopping threads took: 0.0019150 seconds
2016-06-26T20:25:31.124+0300: 1019.560: Total time for which application threads were stopped: 0.0027122 seconds, Stopping threads took: 0.0020245 seconds
2016-06-26T20:25:31.911+0300: 1020.348: [Full GC (Ergonomics) [PSYoungGen: 791822K->0K(802816K)] [ParOldGen: 3370054K->3458080K(3495424K)] 4161876K->3458080K(4298240K), [Metaspace: 9071K->9071K(1058816K)], 0.4013107 secs] [Times: user=1.27 sys=0.00, real=0.40 secs] 
2016-06-26T20:25:32.312+0300: 1020.749: Total time for which application threads were stopped: 0.4058169 seconds, Stopping threads took: 0.0040409 seconds
2016-06-26T20:25:32.314+0300: 1020.751: Total time for which application threads were stopped: 0.0009225 seconds, Stopping threads took: 0.0000633 seconds
2016-06-26T20:25:33.317+0300: 1021.754: Total time for which application threads were stopped: 0.0027721 seconds, Stopping threads took: 0.0024381 seconds
2016-06-26T20:25:33.441+0300: 1021.878: [Full GC (Ergonomics) [PSYoungGen: 790642K->108000K(802816K)] [ParOldGen: 3458080K->3494090K(3495424K)] 4248723K->3602091K(4298240K), [Metaspace: 9071K->9071K(1058816K)], 0.4091684 secs] [Times: user=1.31 sys=0.00, real=0.41 secs] 
2016-06-26T20:25:33.850+0300: 1022.287: Total time for which application threads were stopped: 0.4111082 seconds, Stopping threads took: 0.0014254 seconds
2016-06-26T20:25:34.631+0300: 1023.067: Total time for which application threads were stopped: 0.0060449 seconds, Stopping threads took: 0.0050908 seconds
2016-06-26T20:25:35.021+0300: 1023.458: [Full GC (Ergonomics) [PSYoungGen: 791807K->0K(802816K)] [ParOldGen: 3494090K->3370099K(3495424K)] 4285898K->3370099K(4298240K), [Metaspace: 9071K->9071K(1058816K)], 0.3706735 secs] [Times: user=1.45 sys=0.00, real=0.37 secs] 
2016-06-26T20:25:35.392+0300: 1023.829: Total time for which application threads were stopped: 0.3717196 seconds, Stopping threads took: 0.0006137 seconds
2016-06-26T20:25:36.125+0300: 1024.562: Total time for which application threads were stopped: 0.0030321 seconds, Stopping threads took: 0.0021776 seconds
2016-06-26T20:25:36.132+0300: 1024.569: Total time for which application threads were stopped: 0.0013445 seconds, Stopping threads took: 0.0010242 seconds
2016-06-26T20:25:36.547+0300: 1024.984: [Full GC (Ergonomics) [PSYoungGen: 791195K->0K(802816K)] [ParOldGen: 3370099K->3398106K(3495424K)] 4161295K->3398106K(4298240K), [Metaspace: 9071K->9071K(1058816K)], 0.3830315 secs] [Times: user=1.27 sys=0.00, real=0.38 secs] 
2016-06-26T20:25:36.930+0300: 1025.367: Total time for which application threads were stopped: 0.3842391 seconds, Stopping threads took: 0.0007612 seconds
2016-06-26T20:25:37.123+0300: 1025.561: Total time for which application threads were stopped: 0.0016076 seconds, Stopping threads took: 0.0008403 seconds
2016-06-26T20:25:38.024+0300: 1026.461: [Full GC (Ergonomics) [PSYoungGen: 792435K->0K(802816K)] [ParOldGen: 3398106K->3484115K(3495424K)] 4190542K->3484115K(4298240K), [Metaspace: 9071K->9071K(1058816K)], 0.3861127 secs] [Times: user=1.45 sys=0.00, real=0.39 secs] 
2016-06-26T20:25:38.410+0300: 1026.847: Total time for which application threads were stopped: 0.3900839 seconds, Stopping threads took: 0.0034918 seconds
2016-06-26T20:25:38.412+0300: 1026.849: Total time for which application threads were stopped: 0.0009751 seconds, Stopping threads took: 0.0000603 seconds
2016-06-26T20:25:39.126+0300: 1027.563: Total time for which application threads were stopped: 0.0041072 seconds, Stopping threads took: 0.0030757 seconds
2016-06-26T20:25:39.573+0300: 1028.010: [Full GC (Ergonomics) [PSYoungGen: 790972K->44000K(802816K)] [ParOldGen: 3484115K->3494125K(3495424K)] 4275088K->3538125K(4298240K), [Metaspace: 9071K->9071K(1058816K)], 0.4047589 secs] [Times: user=1.33 sys=0.00, real=0.40 secs] 
2016-06-26T20:25:39.978+0300: 1028.415: Total time for which application threads were stopped: 0.4066033 seconds, Stopping threads took: 0.0013249 seconds
2016-06-26T20:25:40.124+0300: 1028.561: Total time for which application threads were stopped: 0.0016110 seconds, Stopping threads took: 0.0007138 seconds
2016-06-26T20:25:41.110+0300: 1029.547: [Full GC (Ergonomics) [PSYoungGen: 792559K->0K(802816K)] [ParOldGen: 3494125K->3460132K(3495424K)] 4286685K->3460132K(4298240K), [Metaspace: 9071K->9071K(1058816K)], 0.4055650 secs] [Times: user=1.14 sys=0.00, real=0.41 secs] 
2016-06-26T20:25:41.515+0300: 1029.953: Total time for which application threads were stopped: 0.4081206 seconds, Stopping threads took: 0.0020155 seconds
2016-06-26T20:25:41.518+0300: 1029.955: Total time for which application threads were stopped: 0.0010161 seconds, Stopping threads took: 0.0000603 seconds
2016-06-26T20:25:42.128+0300: 1030.565: Total time for which application threads were stopped: 0.0049351 seconds, Stopping threads took: 0.0040187 seconds
2016-06-26T20:25:42.734+0300: 1031.171: [Full GC (Ergonomics) [PSYoungGen: 792200K->142001K(802816K)] [ParOldGen: 3460132K->3494143K(3495424K)] 4252333K->3636144K(4298240K), [Metaspace: 9071K->9071K(1058816K)], 0.4147249 secs] [Times: user=1.30 sys=0.00, real=0.41 secs] 
2016-06-26T20:25:43.149+0300: 1031.586: Total time for which application threads were stopped: 0.4190806 seconds, Stopping threads took: 0.0038570 seconds
2016-06-26T20:25:43.458+0300: 1031.895: Total time for which application threads were stopped: 0.0017863 seconds, Stopping threads took: 0.0007095 seconds
2016-06-26T20:25:44.083+0300: 1032.520: [Full GC (Ergonomics) [PSYoungGen: 792209K->176004K(802816K)] [ParOldGen: 3494143K->3494150K(3495424K)] 4286353K->3670154K(4298240K), [Metaspace: 9071K->9071K(1058816K)], 0.4274989 secs] [Times: user=1.31 sys=0.00, real=0.43 secs] 
2016-06-26T20:25:44.511+0300: 1032.948: Total time for which application threads were stopped: 0.4330790 seconds, Stopping threads took: 0.0050472 seconds
2016-06-26T20:25:44.786+0300: 1033.223: Total time for which application threads were stopped: 0.0075280 seconds, Stopping threads took: 0.0066077 seconds
2016-06-26T20:25:45.129+0300: 1033.566: Total time for which application threads were stopped: 0.0052653 seconds, Stopping threads took: 0.0043137 seconds
2016-06-26T20:25:45.444+0300: 1033.881: [Full GC (Ergonomics) [PSYoungGen: 791683K->26000K(802816K)] [ParOldGen: 3494150K->3494160K(3495424K)] 4285834K->3520160K(4298240K), [Metaspace: 9071K->9071K(1058816K)], 0.4030239 secs] [Times: user=1.36 sys=0.00, real=0.40 secs] 
2016-06-26T20:25:45.847+0300: 1034.284: Total time for which application threads were stopped: 0.4092757 seconds, Stopping threads took: 0.0057549 seconds
2016-06-26T20:25:46.125+0300: 1034.562: Total time for which application threads were stopped: 0.0013540 seconds, Stopping threads took: 0.0006911 seconds
2016-06-26T20:25:46.132+0300: 1034.569: Total time for which application threads were stopped: 0.0005021 seconds, Stopping threads took: 0.0000808 seconds
2016-06-26T20:25:47.025+0300: 1035.463: [Full GC (Ergonomics) [PSYoungGen: 792104K->0K(802816K)] [ParOldGen: 3494160K->3492169K(3495424K)] 4286264K->3492169K(4298240K), [Metaspace: 9071K->9071K(1058816K)], 0.3895831 secs] [Times: user=1.41 sys=0.00, real=0.39 secs] 
2016-06-26T20:25:47.415+0300: 1035.852: Total time for which application threads were stopped: 0.3956340 seconds, Stopping threads took: 0.0055394 seconds
2016-06-26T20:25:47.429+0300: 1035.866: Total time for which application threads were stopped: 0.0009605 seconds, Stopping threads took: 0.0000599 seconds
2016-06-26T20:25:48.127+0300: 1036.564: Total time for which application threads were stopped: 0.0026587 seconds, Stopping threads took: 0.0016242 seconds
2016-06-26T20:25:48.553+0300: 1036.990: [Full GC (Ergonomics) [PSYoungGen: 791260K->144001K(802816K)] [ParOldGen: 3492169K->3494183K(3495424K)] 4283429K->3638184K(4298240K), [Metaspace: 9071K->9071K(1058816K)], 0.4062411 secs] [Times: user=1.45 sys=0.00, real=0.41 secs] 
2016-06-26T20:25:48.959+0300: 1037.397: Total time for which application threads were stopped: 0.4089567 seconds, Stopping threads took: 0.0022135 seconds
2016-06-26T20:25:49.126+0300: 1037.563: Total time for which application threads were stopped: 0.0016152 seconds, Stopping threads took: 0.0005808 seconds
2016-06-26T20:25:49.998+0300: 1038.435: [Full GC (Ergonomics) [PSYoungGen: 792089K->208014K(802816K)] [ParOldGen: 3494183K->3494180K(3495424K)] 4286273K->3702194K(4298240K), [Metaspace: 9071K->9071K(1058816K)], 0.4138405 secs] [Times: user=1.41 sys=0.00, real=0.41 secs] 
2016-06-26T20:25:50.412+0300: 1038.849: Total time for which application threads were stopped: 0.4167011 seconds, Stopping threads took: 0.0023183 seconds
2016-06-26T20:25:50.459+0300: 1038.896: Total time for which application threads were stopped: 0.0012201 seconds, Stopping threads took: 0.0002754 seconds
2016-06-26T20:25:51.128+0300: 1039.565: Total time for which application threads were stopped: 0.0037061 seconds, Stopping threads took: 0.0027575 seconds
2016-06-26T20:25:51.270+0300: 1039.707: [Full GC (Ergonomics) [PSYoungGen: 790774K->206005K(802816K)] [ParOldGen: 3494180K->3494197K(3495424K)] 4284954K->3700202K(4298240K), [Metaspace: 9071K->9071K(1058816K)], 0.4183155 secs] [Times: user=1.38 sys=0.02, real=0.42 secs] 
2016-06-26T20:25:51.688+0300: 1040.125: Total time for which application threads were stopped: 0.4201488 seconds, Stopping threads took: 0.0013078 seconds
2016-06-26T20:25:52.128+0300: 1040.565: Total time for which application threads were stopped: 0.0024556 seconds, Stopping threads took: 0.0015537 seconds
2016-06-26T20:25:52.563+0300: 1041.000: [Full GC (Ergonomics) [PSYoungGen: 791768K->178004K(802816K)] [ParOldGen: 3494197K->3494206K(3495424K)] 4285966K->3672211K(4298240K), [Metaspace: 9071K->9071K(1058816K)], 0.4258097 secs] [Times: user=1.30 sys=0.00, real=0.43 secs] 
2016-06-26T20:25:52.989+0300: 1041.426: Total time for which application threads were stopped: 0.4287934 seconds, Stopping threads took: 0.0024505 seconds
2016-06-26T20:25:53.127+0300: 1041.564: Total time for which application threads were stopped: 0.0016922 seconds, Stopping threads took: 0.0007390 seconds
2016-06-26T20:25:53.946+0300: 1042.383: [Full GC (Ergonomics) [PSYoungGen: 791619K->0K(802816K)] [ParOldGen: 3494206K->3432215K(3495424K)] 4285825K->3432215K(4298240K), [Metaspace: 9071K->9071K(1058816K)], 0.3955395 secs] [Times: user=1.34 sys=0.00, real=0.40 secs] 
2016-06-26T20:25:54.342+0300: 1042.778: Total time for which application threads were stopped: 0.4002689 seconds, Stopping threads took: 0.0042316 seconds
2016-06-26T20:25:54.433+0300: 1042.870: Total time for which application threads were stopped: 0.0022422 seconds, Stopping threads took: 0.0012034 seconds
2016-06-26T20:25:55.130+0300: 1043.567: Total time for which application threads were stopped: 0.0043060 seconds, Stopping threads took: 0.0034088 seconds
2016-06-26T20:25:55.508+0300: 1043.946: [Full GC (Ergonomics) [PSYoungGen: 791816K->26000K(802816K)] [ParOldGen: 3432215K->3494226K(3495424K)] 4224031K->3520226K(4298240K), [Metaspace: 9071K->9071K(1058816K)], 0.4028425 secs] [Times: user=1.30 sys=0.00, real=0.40 secs] 
2016-06-26T20:25:55.912+0300: 1044.349: Total time for which application threads were stopped: 0.4045283 seconds, Stopping threads took: 0.0011611 seconds
2016-06-26T20:25:56.128+0300: 1044.565: Total time for which application threads were stopped: 0.0017619 seconds, Stopping threads took: 0.0008365 seconds
2016-06-26T20:25:56.134+0300: 1044.571: Total time for which application threads were stopped: 0.0004140 seconds, Stopping threads took: 0.0000723 seconds
2016-06-26T20:25:57.062+0300: 1045.499: [Full GC (Ergonomics) [PSYoungGen: 792281K->238005K(802816K)] [ParOldGen: 3494226K->3494233K(3495424K)] 4286507K->3732238K(4298240K), [Metaspace: 9071K->9071K(1058816K)], 0.4259423 secs] [Times: user=1.34 sys=0.00, real=0.42 secs] 
2016-06-26T20:25:57.487+0300: 1045.925: Total time for which application threads were stopped: 0.4280900 seconds, Stopping threads took: 0.0016148 seconds
2016-06-26T20:25:57.490+0300: 1045.927: Total time for which application threads were stopped: 0.0010084 seconds, Stopping threads took: 0.0000612 seconds
2016-06-26T20:25:58.327+0300: 1046.764: [Full GC (Ergonomics) [PSYoungGen: 792056K->58002K(802816K)] [ParOldGen: 3494233K->3494244K(3495424K)] 4286290K->3552246K(4298240K), [Metaspace: 9071K->9071K(1058816K)], 0.3986652 secs] [Times: user=1.41 sys=0.00, real=0.40 secs] 
2016-06-26T20:25:58.726+0300: 1047.163: Total time for which application threads were stopped: 0.4032616 seconds, Stopping threads took: 0.0041179 seconds
2016-06-26T20:25:59.540+0300: 1047.977: Total time for which application threads were stopped: 0.0033849 seconds, Stopping threads took: 0.0024470 seconds
2016-06-26T20:25:59.932+0300: 1048.369: [Full GC (Ergonomics) [PSYoungGen: 792470K->30044K(802816K)] [ParOldGen: 3494244K->3494245K(3495424K)] 4286714K->3524290K(4298240K), [Metaspace: 9071K->9071K(1058816K)], 0.4058558 secs] [Times: user=1.36 sys=0.00, real=0.41 secs] 
2016-06-26T20:26:00.338+0300: 1048.775: Total time for which application threads were stopped: 0.4071080 seconds, Stopping threads took: 0.0008134 seconds
2016-06-26T20:26:01.133+0300: 1049.570: Total time for which application threads were stopped: 0.0064071 seconds, Stopping threads took: 0.0054539 seconds
2016-06-26T20:26:01.467+0300: 1049.904: [Full GC (Ergonomics) [PSYoungGen: 791317K->0K(802816K)] [ParOldGen: 3494245K->3282241K(3495424K)] 4285562K->3282241K(4298240K), [Metaspace: 9071K->9071K(1058816K)], 0.3757827 secs] [Times: user=1.27 sys=0.03, real=0.38 secs] 
2016-06-26T20:26:01.843+0300: 1050.280: Total time for which application threads were stopped: 0.3794357 seconds, Stopping threads took: 0.0032249 seconds
2016-06-26T20:26:02.850+0300: 1051.287: Total time for which application threads were stopped: 0.0072629 seconds, Stopping threads took: 0.0069336 seconds
2016-06-26T20:26:02.982+0300: 1051.419: [Full GC (Ergonomics) [PSYoungGen: 791063K->114000K(802816K)] [ParOldGen: 3282241K->3494271K(3495424K)] 4073305K->3608272K(4298240K), [Metaspace: 9071K->9071K(1058816K)], 0.4149242 secs] [Times: user=1.42 sys=0.00, real=0.41 secs] 
2016-06-26T20:26:03.397+0300: 1051.834: Total time for which application threads were stopped: 0.4256485 seconds, Stopping threads took: 0.0102184 seconds
2016-06-26T20:26:04.181+0300: 1052.617: Total time for which application threads were stopped: 0.0049971 seconds, Stopping threads took: 0.0039793 seconds
2016-06-26T20:26:04.504+0300: 1052.941: [Full GC (Ergonomics) [PSYoungGen: 791113K->0K(802816K)] [ParOldGen: 3494271K->3430298K(3495424K)] 4285385K->3430298K(4298240K), [Metaspace: 9071K->9071K(1058816K)], 0.4008886 secs] [Times: user=1.28 sys=0.00, real=0.40 secs] 
2016-06-26T20:26:04.905+0300: 1053.342: Total time for which application threads were stopped: 0.4021690 seconds, Stopping threads took: 0.0008442 seconds
2016-06-26T20:26:05.130+0300: 1053.567: Total time for which application threads were stopped: 0.0018770 seconds, Stopping threads took: 0.0012368 seconds
2016-06-26T20:26:06.005+0300: 1054.442: [Full GC (Ergonomics) [PSYoungGen: 791111K->22000K(802816K)] [ParOldGen: 3430298K->3494287K(3495424K)] 4221409K->3516287K(4298240K), [Metaspace: 9071K->9071K(1058816K)], 0.4110415 secs] [Times: user=1.28 sys=0.00, real=0.41 secs] 
2016-06-26T20:26:06.416+0300: 1054.853: Total time for which application threads were stopped: 0.4182419 seconds, Stopping threads took: 0.0066705 seconds
2016-06-26T20:26:06.419+0300: 1054.856: Total time for which application threads were stopped: 0.0009913 seconds, Stopping threads took: 0.0000654 seconds
2016-06-26T20:26:07.134+0300: 1055.571: Total time for which application threads were stopped: 0.0057832 seconds, Stopping threads took: 0.0047919 seconds
2016-06-26T20:26:07.487+0300: 1055.924: [Full GC (Ergonomics) [PSYoungGen: 791763K->176002K(802816K)] [ParOldGen: 3494287K->3494296K(3495424K)] 4286050K->3670299K(4298240K), [Metaspace: 9071K->9071K(1058816K)], 0.4179263 secs] [Times: user=1.38 sys=0.00, real=0.42 secs] 
2016-06-26T20:26:07.905+0300: 1056.342: Total time for which application threads were stopped: 0.4221644 seconds, Stopping threads took: 0.0037193 seconds
2016-06-26T20:26:08.130+0300: 1056.567: Total time for which application threads were stopped: 0.0016067 seconds, Stopping threads took: 0.0006723 seconds
2016-06-26T20:26:08.836+0300: 1057.273: [Full GC (Ergonomics) [PSYoungGen: 791546K->210011K(802816K)] [ParOldGen: 3494296K->3494296K(3495424K)] 4285843K->3704308K(4298240K), [Metaspace: 9071K->9071K(1058816K)], 0.4141950 secs] [Times: user=1.44 sys=0.00, real=0.41 secs] 
2016-06-26T20:26:09.251+0300: 1057.688: Total time for which application threads were stopped: 0.4199697 seconds, Stopping threads took: 0.0052516 seconds
2016-06-26T20:26:09.474+0300: 1057.911: Total time for which application threads were stopped: 0.0020972 seconds, Stopping threads took: 0.0011213 seconds
2016-06-26T20:26:10.214+0300: 1058.651: [Full GC (Ergonomics) [PSYoungGen: 791568K->0K(802816K)] [ParOldGen: 3494296K->3460315K(3495424K)] 4285865K->3460315K(4298240K), [Metaspace: 9071K->9071K(1058816K)], 0.3872220 secs] [Times: user=1.36 sys=0.00, real=0.39 secs] 
2016-06-26T20:26:10.602+0300: 1059.039: Total time for which application threads were stopped: 0.3896986 seconds, Stopping threads took: 0.0019775 seconds
2016-06-26T20:26:11.308+0300: 1059.745: Total time for which application threads were stopped: 0.0036928 seconds, Stopping threads took: 0.0028358 seconds
2016-06-26T20:26:11.790+0300: 1060.227: [Full GC (Ergonomics) [PSYoungGen: 791816K->56000K(802816K)] [ParOldGen: 3460315K->3494324K(3495424K)] 4252132K->3550324K(4298240K), [Metaspace: 9071K->9071K(1058816K)], 0.3996069 secs] [Times: user=1.39 sys=0.00, real=0.40 secs] 
2016-06-26T20:26:12.190+0300: 1060.627: Total time for which application threads were stopped: 0.4010036 seconds, Stopping threads took: 0.0009550 seconds
2016-06-26T20:26:12.199+0300: 1060.636: Total time for which application threads were stopped: 0.0003532 seconds, Stopping threads took: 0.0000697 seconds
2016-06-26T20:26:13.132+0300: 1061.569: Total time for which application threads were stopped: 0.0021691 seconds, Stopping threads took: 0.0012086 seconds
2016-06-26T20:26:13.286+0300: 1061.722: [Full GC (Ergonomics) [PSYoungGen: 792423K->236004K(802816K)] [ParOldGen: 3494324K->3494331K(3495424K)] 4286747K->3730335K(4298240K), [Metaspace: 9071K->9071K(1058816K)], 0.4184262 secs] [Times: user=1.50 sys=0.00, real=0.42 secs] 
2016-06-26T20:26:13.704+0300: 1062.141: Total time for which application threads were stopped: 0.4195292 seconds, Stopping threads took: 0.0005465 seconds
2016-06-26T20:26:14.457+0300: 1062.894: Total time for which application threads were stopped: 0.0045524 seconds, Stopping threads took: 0.0036295 seconds
2016-06-26T20:26:14.660+0300: 1063.097: [Full GC (Ergonomics) [PSYoungGen: 792576K->0K(802816K)] [ParOldGen: 3494331K->3224338K(3495424K)] 4286907K->3224338K(4298240K), [Metaspace: 9071K->9071K(1058816K)], 0.3699717 secs] [Times: user=1.20 sys=0.00, real=0.37 secs] 
2016-06-26T20:26:15.030+0300: 1063.467: Total time for which application threads were stopped: 0.3707608 seconds, Stopping threads took: 0.0003952 seconds
2016-06-26T20:26:15.131+0300: 1063.568: Total time for which application threads were stopped: 0.0008878 seconds, Stopping threads took: 0.0003464 seconds
2016-06-26T20:26:16.121+0300: 1064.558: [Full GC (Ergonomics) [PSYoungGen: 791615K->26000K(802816K)] [ParOldGen: 3224338K->3494349K(3495424K)] 4015954K->3520349K(4298240K), [Metaspace: 9071K->9071K(1058816K)], 0.4078927 secs] [Times: user=1.30 sys=0.00, real=0.41 secs] 
2016-06-26T20:26:16.529+0300: 1064.966: Total time for which application threads were stopped: 0.4113597 seconds, Stopping threads took: 0.0029431 seconds
2016-06-26T20:26:16.563+0300: 1065.000: Total time for which application threads were stopped: 0.0012355 seconds, Stopping threads took: 0.0002716 seconds
2016-06-26T20:26:17.566+0300: 1066.003: [Full GC (Ergonomics) [PSYoungGen: 791625K->206003K(802816K)] [ParOldGen: 3494349K->3494357K(3495424K)] 4285974K->3700361K(4298240K), [Metaspace: 9071K->9071K(1058816K)], 0.4302817 secs] [Times: user=1.30 sys=0.00, real=0.43 secs] 
2016-06-26T20:26:17.996+0300: 1066.433: Total time for which application threads were stopped: 0.4367872 seconds, Stopping threads took: 0.0059649 seconds
2016-06-26T20:26:17.998+0300: 1066.436: Total time for which application threads were stopped: 0.0010234 seconds, Stopping threads took: 0.0000659 seconds
2016-06-26T20:26:18.566+0300: 1067.003: Total time for which application threads were stopped: 0.0033579 seconds, Stopping threads took: 0.0024680 seconds
2016-06-26T20:26:18.876+0300: 1067.313: [Full GC (Ergonomics) [PSYoungGen: 791717K->26000K(802816K)] [ParOldGen: 3494357K->3494360K(3495424K)] 4286074K->3520360K(4298240K), [Metaspace: 9071K->9071K(1058816K)], 0.4026706 secs] [Times: user=1.24 sys=0.00, real=0.40 secs] 
2016-06-26T20:26:19.279+0300: 1067.716: Total time for which application threads were stopped: 0.4041336 seconds, Stopping threads took: 0.0009515 seconds
2016-06-26T20:26:19.565+0300: 1068.002: Total time for which application threads were stopped: 0.0016888 seconds, Stopping threads took: 0.0007826 seconds
2016-06-26T20:26:20.500+0300: 1068.937: [Full GC (Ergonomics) [PSYoungGen: 792525K->58001K(802816K)] [ParOldGen: 3494360K->3494374K(3495424K)] 4286885K->3552376K(4298240K), [Metaspace: 9071K->9071K(1058816K)], 0.4067184 secs] [Times: user=1.27 sys=0.00, real=0.41 secs] 
2016-06-26T20:26:20.907+0300: 1069.344: Total time for which application threads were stopped: 0.4116971 seconds, Stopping threads took: 0.0044425 seconds
2016-06-26T20:26:20.909+0300: 1069.346: Total time for which application threads were stopped: 0.0007334 seconds, Stopping threads took: 0.0000624 seconds
2016-06-26T20:26:21.565+0300: 1070.002: Total time for which application threads were stopped: 0.0019073 seconds, Stopping threads took: 0.0009755 seconds
2016-06-26T20:26:21.941+0300: 1070.378: [Full GC (Ergonomics) [PSYoungGen: 791050K->26000K(802816K)] [ParOldGen: 3494374K->3494384K(3495424K)] 4285425K->3520384K(4298240K), [Metaspace: 9071K->9071K(1058816K)], 0.3838149 secs] [Times: user=1.47 sys=0.00, real=0.38 secs] 
2016-06-26T20:26:22.325+0300: 1070.762: Total time for which application threads were stopped: 0.3854173 seconds, Stopping threads took: 0.0010563 seconds
2016-06-26T20:26:22.565+0300: 1071.002: Total time for which application threads were stopped: 0.0011341 seconds, Stopping threads took: 0.0004644 seconds
2016-06-26T20:26:22.571+0300: 1071.008: Total time for which application threads were stopped: 0.0003639 seconds, Stopping threads took: 0.0000800 seconds
2016-06-26T20:26:23.547+0300: 1071.984: [Full GC (Ergonomics) [PSYoungGen: 791066K->86001K(802816K)] [ParOldGen: 3494384K->3494392K(3495424K)] 4285450K->3580394K(4298240K), [Metaspace: 9071K->9071K(1058816K)], 0.4005199 secs] [Times: user=1.30 sys=0.00, real=0.40 secs] 
2016-06-26T20:26:23.947+0300: 1072.384: Total time for which application threads were stopped: 0.4023345 seconds, Stopping threads took: 0.0012847 seconds
2016-06-26T20:26:23.949+0300: 1072.386: Total time for which application threads were stopped: 0.0007112 seconds, Stopping threads took: 0.0000607 seconds
2016-06-26T20:26:24.706+0300: 1073.143: Total time for which application threads were stopped: 0.0031852 seconds, Stopping threads took: 0.0022726 seconds
2016-06-26T20:26:24.950+0300: 1073.387: [Full GC (Ergonomics) [PSYoungGen: 791610K->116001K(802816K)] [ParOldGen: 3494392K->3494401K(3495424K)] 4286002K->3610403K(4298240K), [Metaspace: 9071K->9071K(1058816K)], 0.4084183 secs] [Times: user=1.39 sys=0.00, real=0.41 secs] 
2016-06-26T20:26:25.359+0300: 1073.796: Total time for which application threads were stopped: 0.4094831 seconds, Stopping threads took: 0.0005282 seconds
2016-06-26T20:26:25.566+0300: 1074.003: Total time for which application threads were stopped: 0.0019963 seconds, Stopping threads took: 0.0009883 seconds
2016-06-26T20:26:26.367+0300: 1074.804: [Full GC (Ergonomics) [PSYoungGen: 790793K->0K(802816K)] [ParOldGen: 3494401K->3432409K(3495424K)] 4285195K->3432409K(4298240K), [Metaspace: 9071K->9071K(1058816K)], 0.3916063 secs] [Times: user=1.30 sys=0.00, real=0.39 secs] 
2016-06-26T20:26:26.758+0300: 1075.195: Total time for which application threads were stopped: 0.3975969 seconds, Stopping threads took: 0.0054637 seconds
2016-06-26T20:26:26.858+0300: 1075.295: Total time for which application threads were stopped: 0.0012881 seconds, Stopping threads took: 0.0004281 seconds
2016-06-26T20:26:27.772+0300: 1076.209: Total time for which application threads were stopped: 0.0070370 seconds, Stopping threads took: 0.0061090 seconds
2016-06-26T20:26:27.976+0300: 1076.413: [Full GC (Ergonomics) [PSYoungGen: 791861K->114000K(802816K)] [ParOldGen: 3432409K->3494420K(3495424K)] 4224270K->3608421K(4298240K), [Metaspace: 9071K->9071K(1058816K)], 0.4651449 secs] [Times: user=1.31 sys=0.00, real=0.46 secs] 
2016-06-26T20:26:28.441+0300: 1076.879: Total time for which application threads were stopped: 0.4682775 seconds, Stopping threads took: 0.0026053 seconds
2016-06-26T20:26:28.567+0300: 1077.004: Total time for which application threads were stopped: 0.0019223 seconds, Stopping threads took: 0.0009203 seconds
2016-06-26T20:26:29.448+0300: 1077.885: [Full GC (Ergonomics) [PSYoungGen: 790719K->86002K(802816K)] [ParOldGen: 3494420K->3494410K(3495424K)] 4285139K->3580412K(4298240K), [Metaspace: 9071K->9071K(1058816K)], 0.4383866 secs] [Times: user=1.38 sys=0.00, real=0.44 secs] 
2016-06-26T20:26:29.886+0300: 1078.323: Total time for which application threads were stopped: 0.4435586 seconds, Stopping threads took: 0.0045913 seconds
2016-06-26T20:26:29.921+0300: 1078.358: Total time for which application threads were stopped: 0.0011016 seconds, Stopping threads took: 0.0001711 seconds
2016-06-26T20:26:30.570+0300: 1079.007: Total time for which application threads were stopped: 0.0049283 seconds, Stopping threads took: 0.0039691 seconds
2016-06-26T20:26:30.978+0300: 1079.415: [Full GC (Ergonomics) [PSYoungGen: 791858K->116000K(802816K)] [ParOldGen: 3494410K->3494420K(3495424K)] 4286268K->3610421K(4298240K), [Metaspace: 9071K->9071K(1058816K)], 0.4238228 secs] [Times: user=1.25 sys=0.00, real=0.42 secs] 
2016-06-26T20:26:31.401+0300: 1079.838: Total time for which application threads were stopped: 0.4353913 seconds, Stopping threads took: 0.0110459 seconds
2016-06-26T20:26:31.568+0300: 1080.005: Total time for which application threads were stopped: 0.0016631 seconds, Stopping threads took: 0.0007257 seconds
2016-06-26T20:26:32.428+0300: 1080.865: [Full GC (Ergonomics) [PSYoungGen: 791894K->88002K(802816K)] [ParOldGen: 3494420K->3494427K(3495424K)] 4286315K->3582429K(4298240K), [Metaspace: 9071K->9071K(1058816K)], 0.4113319 secs] [Times: user=1.38 sys=0.00, real=0.41 secs] 
2016-06-26T20:26:32.839+0300: 1081.276: Total time for which application threads were stopped: 0.4157269 seconds, Stopping threads took: 0.0038549 seconds
2016-06-26T20:26:32.905+0300: 1081.342: Total time for which application threads were stopped: 0.0012274 seconds, Stopping threads took: 0.0002613 seconds
2016-06-26T20:26:32.911+0300: 1081.349: Total time for which application threads were stopped: 0.0004405 seconds, Stopping threads took: 0.0000808 seconds
2016-06-26T20:26:33.814+0300: 1082.251: Total time for which application threads were stopped: 0.0044228 seconds, Stopping threads took: 0.0034691 seconds
2016-06-26T20:26:33.862+0300: 1082.299: [Full GC (Ergonomics) [PSYoungGen: 791522K->26000K(802816K)] [ParOldGen: 3494427K->3494437K(3495424K)] 4285949K->3520437K(4298240K), [Metaspace: 9071K->9071K(1058816K)], 0.3922363 secs] [Times: user=1.39 sys=0.00, real=0.39 secs] 
2016-06-26T20:26:34.254+0300: 1082.691: Total time for which application threads were stopped: 0.3931861 seconds, Stopping threads took: 0.0004157 seconds
2016-06-26T20:26:34.569+0300: 1083.006: Total time for which application threads were stopped: 0.0026168 seconds, Stopping threads took: 0.0016824 seconds
2016-06-26T20:26:35.453+0300: 1083.890: [Full GC (Ergonomics) [PSYoungGen: 792292K->88009K(802816K)] [ParOldGen: 3494437K->3494437K(3495424K)] 4286729K->3582447K(4298240K), [Metaspace: 9071K->9071K(1058816K)], 0.4039750 secs] [Times: user=1.38 sys=0.00, real=0.40 secs] 
2016-06-26T20:26:35.858+0300: 1084.294: Total time for which application threads were stopped: 0.4069078 seconds, Stopping threads took: 0.0023902 seconds
2016-06-26T20:26:35.864+0300: 1084.301: Total time for which application threads were stopped: 0.0009477 seconds, Stopping threads took: 0.0000607 seconds
2016-06-26T20:26:36.800+0300: 1085.237: Total time for which application threads were stopped: 0.0028101 seconds, Stopping threads took: 0.0018363 seconds
2016-06-26T20:26:36.864+0300: 1085.301: [Full GC (Ergonomics) [PSYoungGen: 791771K->26000K(802816K)] [ParOldGen: 3494437K->3494455K(3495424K)] 4286209K->3520455K(4298240K), [Metaspace: 9071K->9071K(1058816K)], 0.3937660 secs] [Times: user=1.45 sys=0.00, real=0.39 secs] 
2016-06-26T20:26:37.258+0300: 1085.695: Total time for which application threads were stopped: 0.3960800 seconds, Stopping threads took: 0.0018017 seconds
2016-06-26T20:26:37.569+0300: 1086.006: Total time for which application threads were stopped: 0.0015947 seconds, Stopping threads took: 0.0006637 seconds
2016-06-26T20:26:38.408+0300: 1086.846: [Full GC (Ergonomics) [PSYoungGen: 791495K->28000K(802816K)] [ParOldGen: 3494455K->3494455K(3495424K)] 4285950K->3522455K(4298240K), [Metaspace: 9071K->9071K(1058816K)], 0.4041311 secs] [Times: user=1.30 sys=0.00, real=0.40 secs] 
2016-06-26T20:26:38.813+0300: 1087.250: Total time for which application threads were stopped: 0.4068159 seconds, Stopping threads took: 0.0021473 seconds
2016-06-26T20:26:38.880+0300: 1087.317: Total time for which application threads were stopped: 0.0016259 seconds, Stopping threads took: 0.0006971 seconds
2016-06-26T20:26:39.574+0300: 1088.011: Total time for which application threads were stopped: 0.0064242 seconds, Stopping threads took: 0.0054782 seconds
2016-06-26T20:26:39.980+0300: 1088.417: [Full GC (Ergonomics) [PSYoungGen: 792076K->56000K(802816K)] [ParOldGen: 3494455K->3494472K(3495424K)] 4286531K->3550473K(4298240K), [Metaspace: 9071K->9071K(1058816K)], 0.4180020 secs] [Times: user=1.19 sys=0.00, real=0.42 secs] 
2016-06-26T20:26:40.398+0300: 1088.835: Total time for which application threads were stopped: 0.4208545 seconds, Stopping threads took: 0.0023316 seconds
2016-06-26T20:26:40.935+0300: 1089.372: Total time for which application threads were stopped: 0.0038810 seconds, Stopping threads took: 0.0029290 seconds
2016-06-26T20:26:41.558+0300: 1089.995: [Full GC (Ergonomics) [PSYoungGen: 791086K->86000K(802816K)] [ParOldGen: 3494472K->3494484K(3495424K)] 4285559K->3580485K(4298240K), [Metaspace: 9071K->9071K(1058816K)], 0.4164800 secs] [Times: user=1.30 sys=0.00, real=0.42 secs] 
2016-06-26T20:26:41.974+0300: 1090.411: Total time for which application threads were stopped: 0.4215344 seconds, Stopping threads took: 0.0045802 seconds
2016-06-26T20:26:42.571+0300: 1091.008: Total time for which application threads were stopped: 0.0033481 seconds, Stopping threads took: 0.0025150 seconds
2016-06-26T20:26:43.061+0300: 1091.498: [Full GC (Ergonomics) [PSYoungGen: 791609K->0K(802816K)] [ParOldGen: 3494484K->3344488K(3495424K)] 4286093K->3344488K(4298240K), [Metaspace: 9071K->9071K(1058816K)], 0.3844525 secs] [Times: user=1.19 sys=0.00, real=0.38 secs] 
2016-06-26T20:26:43.445+0300: 1091.883: Total time for which application threads were stopped: 0.3872460 seconds, Stopping threads took: 0.0023406 seconds
2016-06-26T20:26:43.575+0300: 1092.011: Total time for which application threads were stopped: 0.0062942 seconds, Stopping threads took: 0.0055373 seconds
2016-06-26T20:26:43.581+0300: 1092.018: Total time for which application threads were stopped: 0.0003883 seconds, Stopping threads took: 0.0000778 seconds
2016-06-26T20:26:44.557+0300: 1092.994: [Full GC (Ergonomics) [PSYoungGen: 790702K->0K(802816K)] [ParOldGen: 3344488K->3428497K(3495424K)] 4135190K->3428497K(4298240K), [Metaspace: 9071K->9071K(1058816K)], 0.3932635 secs] [Times: user=1.31 sys=0.00, real=0.39 secs] 
2016-06-26T20:26:44.950+0300: 1093.387: Total time for which application threads were stopped: 0.3958046 seconds, Stopping threads took: 0.0020292 seconds
2016-06-26T20:26:44.955+0300: 1093.392: Total time for which application threads were stopped: 0.0022473 seconds, Stopping threads took: 0.0009917 seconds
2016-06-26T20:26:45.572+0300: 1094.009: Total time for which application threads were stopped: 0.0036834 seconds, Stopping threads took: 0.0027571 seconds
2016-06-26T20:26:46.118+0300: 1094.555: [Full GC (Ergonomics) [PSYoungGen: 790853K->138001K(802816K)] [ParOldGen: 3428497K->3494509K(3495424K)] 4219351K->3632510K(4298240K), [Metaspace: 9071K->9071K(1058816K)], 0.4017101 secs] [Times: user=1.53 sys=0.00, real=0.40 secs] 
2016-06-26T20:26:46.520+0300: 1094.957: Total time for which application threads were stopped: 0.4032278 seconds, Stopping threads took: 0.0009815 seconds
2016-06-26T20:26:46.570+0300: 1095.007: Total time for which application threads were stopped: 0.0011042 seconds, Stopping threads took: 0.0002010 seconds
2016-06-26T20:26:47.491+0300: 1095.928: [Full GC (Ergonomics) [PSYoungGen: 792373K->326008K(802816K)] [ParOldGen: 3494509K->3494514K(3495424K)] 4286882K->3820523K(4298240K), [Metaspace: 9071K->9071K(1058816K)], 0.4302269 secs] [Times: user=1.55 sys=0.00, real=0.43 secs] 
2016-06-26T20:26:47.921+0300: 1096.358: Total time for which application threads were stopped: 0.4328391 seconds, Stopping threads took: 0.0020904 seconds
2016-06-26T20:26:47.958+0300: 1096.395: Total time for which application threads were stopped: 0.0011153 seconds, Stopping threads took: 0.0002335 seconds
2016-06-26T20:26:48.691+0300: 1097.128: [Full GC (Ergonomics) [PSYoungGen: 792576K->0K(802816K)] [ParOldGen: 3494514K->3404516K(3495424K)] 4287090K->3404516K(4298240K), [Metaspace: 9071K->9071K(1058816K)], 0.3815736 secs] [Times: user=1.34 sys=0.00, real=0.38 secs] 
2016-06-26T20:26:49.073+0300: 1097.510: Total time for which application threads were stopped: 0.3838119 seconds, Stopping threads took: 0.0017431 seconds
2016-06-26T20:26:49.756+0300: 1098.193: Total time for which application threads were stopped: 0.0026228 seconds, Stopping threads took: 0.0018060 seconds
2016-06-26T20:26:50.290+0300: 1098.727: [Full GC (Ergonomics) [PSYoungGen: 790929K->0K(802816K)] [ParOldGen: 3404516K->3434591K(3495424K)] 4195445K->3434591K(4298240K), [Metaspace: 9071K->9071K(1058816K)], 0.3949827 secs] [Times: user=1.30 sys=0.00, real=0.39 secs] 
2016-06-26T20:26:50.686+0300: 1099.122: Total time for which application threads were stopped: 0.3964555 seconds, Stopping threads took: 0.0010234 seconds
2016-06-26T20:26:51.575+0300: 1100.012: Total time for which application threads were stopped: 0.0050455 seconds, Stopping threads took: 0.0040554 seconds
2016-06-26T20:26:51.804+0300: 1100.241: [Full GC (Ergonomics) [PSYoungGen: 792361K->0K(802816K)] [ParOldGen: 3434591K->3490542K(3495424K)] 4226952K->3490542K(4298240K), [Metaspace: 9071K->9071K(1058816K)], 0.4141471 secs] [Times: user=1.26 sys=0.00, real=0.41 secs] 
2016-06-26T20:26:52.218+0300: 1100.655: Total time for which application threads were stopped: 0.4189689 seconds, Stopping threads took: 0.0042860 seconds
2016-06-26T20:26:52.572+0300: 1101.010: Total time for which application threads were stopped: 0.0025445 seconds, Stopping threads took: 0.0016097 seconds
2016-06-26T20:26:53.355+0300: 1101.792: [Full GC (Ergonomics) [PSYoungGen: 791022K->174029K(802816K)] [ParOldGen: 3490542K->3494542K(3495424K)] 4281565K->3668572K(4298240K), [Metaspace: 9071K->9071K(1058816K)], 0.4437716 secs] [Times: user=1.51 sys=0.00, real=0.44 secs] 
2016-06-26T20:26:53.799+0300: 1102.236: Total time for which application threads were stopped: 0.4541692 seconds, Stopping threads took: 0.0098557 seconds
2016-06-26T20:26:53.799+0300: 1102.237: Total time for which application threads were stopped: 0.0004131 seconds, Stopping threads took: 0.0000838 seconds
2016-06-26T20:26:53.947+0300: 1102.384: Total time for which application threads were stopped: 0.0020143 seconds, Stopping threads took: 0.0010914 seconds
2016-06-26T20:26:54.574+0300: 1103.011: Total time for which application threads were stopped: 0.0039909 seconds, Stopping threads took: 0.0030590 seconds
2016-06-26T20:26:54.752+0300: 1103.189: [Full GC (Ergonomics) [PSYoungGen: 791682K->174004K(802816K)] [ParOldGen: 3494542K->3494576K(3495424K)] 4286225K->3668580K(4298240K), [Metaspace: 9071K->9071K(1058816K)], 0.4493281 secs] [Times: user=1.44 sys=0.00, real=0.45 secs] 
2016-06-26T20:26:55.201+0300: 1103.638: Total time for which application threads were stopped: 0.4509318 seconds, Stopping threads took: 0.0010867 seconds
2016-06-26T20:26:55.574+0300: 1104.011: Total time for which application threads were stopped: 0.0034409 seconds, Stopping threads took: 0.0024902 seconds
2016-06-26T20:26:55.581+0300: 1104.018: Total time for which application threads were stopped: 0.0004555 seconds, Stopping threads took: 0.0000808 seconds
2016-06-26T20:26:56.125+0300: 1104.562: [Full GC (Ergonomics) [PSYoungGen: 792513K->30000K(802816K)] [ParOldGen: 3494576K->3494577K(3495424K)] 4287090K->3524577K(4298240K), [Metaspace: 9071K->9071K(1058816K)], 0.3992648 secs] [Times: user=1.27 sys=0.00, real=0.40 secs] 
2016-06-26T20:26:56.524+0300: 1104.961: Total time for which application threads were stopped: 0.4042504 seconds, Stopping threads took: 0.0044515 seconds
2016-06-26T20:26:56.573+0300: 1105.010: Total time for which application threads were stopped: 0.0015173 seconds, Stopping threads took: 0.0005572 seconds
2016-06-26T20:26:57.574+0300: 1106.011: Total time for which application threads were stopped: 0.0028644 seconds, Stopping threads took: 0.0019458 seconds
2016-06-26T20:26:57.674+0300: 1106.111: [Full GC (Ergonomics) [PSYoungGen: 792189K->146002K(802816K)] [ParOldGen: 3494577K->3494595K(3495424K)] 4286767K->3640597K(4298240K), [Metaspace: 9071K->9071K(1058816K)], 0.4150623 secs] [Times: user=1.19 sys=0.00, real=0.41 secs] 
2016-06-26T20:26:58.089+0300: 1106.526: Total time for which application threads were stopped: 0.4210285 seconds, Stopping threads took: 0.0054509 seconds
2016-06-26T20:26:58.575+0300: 1107.012: Total time for which application threads were stopped: 0.0039079 seconds, Stopping threads took: 0.0030218 seconds
2016-06-26T20:26:59.097+0300: 1107.534: [Full GC (Ergonomics) [PSYoungGen: 791436K->0K(802816K)] [ParOldGen: 3494595K->3492594K(3495424K)] 4286032K->3492594K(4298240K), [Metaspace: 9071K->9071K(1058816K)], 0.4152509 secs] [Times: user=1.28 sys=0.00, real=0.42 secs] 
2016-06-26T20:26:59.512+0300: 1107.949: Total time for which application threads were stopped: 0.4210717 seconds, Stopping threads took: 0.0052867 seconds
2016-06-26T20:26:59.573+0300: 1108.011: Total time for which application threads were stopped: 0.0017867 seconds, Stopping threads took: 0.0008074 seconds
2016-06-26T20:27:00.578+0300: 1109.015: Total time for which application threads were stopped: 0.0065234 seconds, Stopping threads took: 0.0056018 seconds
2016-06-26T20:27:00.687+0300: 1109.124: [Full GC (Ergonomics) [PSYoungGen: 792042K->204003K(802816K)] [ParOldGen: 3492594K->3494612K(3495424K)] 4284636K->3698615K(4298240K), [Metaspace: 9071K->9071K(1058816K)], 0.4266518 secs] [Times: user=1.28 sys=0.00, real=0.43 secs] 
2016-06-26T20:27:01.114+0300: 1109.551: Total time for which application threads were stopped: 0.4292421 seconds, Stopping threads took: 0.0020604 seconds
2016-06-26T20:27:01.577+0300: 1110.015: Total time for which application threads were stopped: 0.0053641 seconds, Stopping threads took: 0.0044711 seconds
2016-06-26T20:27:01.986+0300: 1110.422: [Full GC (Ergonomics) [PSYoungGen: 791601K->178003K(802816K)] [ParOldGen: 3494612K->3494611K(3495424K)] 4286213K->3672615K(4298240K), [Metaspace: 9071K->9071K(1058816K)], 0.4294644 secs] [Times: user=1.41 sys=0.00, real=0.43 secs] 
2016-06-26T20:27:02.415+0300: 1110.852: Total time for which application threads were stopped: 0.4341703 seconds, Stopping threads took: 0.0042047 seconds
2016-06-26T20:27:02.576+0300: 1111.012: Total time for which application threads were stopped: 0.0032651 seconds, Stopping threads took: 0.0023765 seconds
2016-06-26T20:27:03.401+0300: 1111.838: [Full GC (Ergonomics) [PSYoungGen: 791299K->58001K(802816K)] [ParOldGen: 3494611K->3494629K(3495424K)] 4285911K->3552630K(4298240K), [Metaspace: 9071K->9071K(1058816K)], 0.4163384 secs] [Times: user=1.31 sys=0.00, real=0.42 secs] 
2016-06-26T20:27:03.817+0300: 1112.255: Total time for which application threads were stopped: 0.4235987 seconds, Stopping threads took: 0.0067424 seconds
2016-06-26T20:27:03.945+0300: 1112.382: Total time for which application threads were stopped: 0.0064114 seconds, Stopping threads took: 0.0054710 seconds
2016-06-26T20:27:04.580+0300: 1113.017: Total time for which application threads were stopped: 0.0067800 seconds, Stopping threads took: 0.0057691 seconds
2016-06-26T20:27:04.889+0300: 1113.326: [Full GC (Ergonomics) [PSYoungGen: 791488K->0K(802816K)] [ParOldGen: 3494629K->3460638K(3495424K)] 4286117K->3460638K(4298240K), [Metaspace: 9071K->9071K(1058816K)], 0.4073154 secs] [Times: user=1.22 sys=0.00, real=0.41 secs] 
2016-06-26T20:27:05.296+0300: 1113.734: Total time for which application threads were stopped: 0.4168461 seconds, Stopping threads took: 0.0090017 seconds
2016-06-26T20:27:05.952+0300: 1114.389: Total time for which application threads were stopped: 0.0036808 seconds, Stopping threads took: 0.0027447 seconds
2016-06-26T20:27:06.576+0300: 1115.013: [Full GC (Ergonomics) [PSYoungGen: 792374K->0K(802816K)] [ParOldGen: 3460638K->3428649K(3495424K)] 4253012K->3428649K(4298240K), [Metaspace: 9071K->9071K(1058816K)], 0.4036093 secs] [Times: user=1.03 sys=0.00, real=0.40 secs] 
2016-06-26T20:27:06.980+0300: 1115.417: Total time for which application threads were stopped: 0.4055650 seconds, Stopping threads took: 0.0015182 seconds
2016-06-26T20:27:07.567+0300: 1116.004: Total time for which application threads were stopped: 0.0067582 seconds, Stopping threads took: 0.0064717 seconds
2016-06-26T20:27:08.182+0300: 1116.619: [Full GC (Ergonomics) [PSYoungGen: 790947K->54000K(802816K)] [ParOldGen: 3428649K->3494657K(3495424K)] 4219597K->3548658K(4298240K), [Metaspace: 9071K->9071K(1058816K)], 0.4144456 secs] [Times: user=1.25 sys=0.00, real=0.41 secs] 
2016-06-26T20:27:08.596+0300: 1117.034: Total time for which application threads were stopped: 0.4249133 seconds, Stopping threads took: 0.0099921 seconds
2016-06-26T20:27:08.599+0300: 1117.036: Total time for which application threads were stopped: 0.0010396 seconds, Stopping threads took: 0.0002335 seconds
2016-06-26T20:27:09.579+0300: 1118.016: Total time for which application threads were stopped: 0.0040443 seconds, Stopping threads took: 0.0031467 seconds
2016-06-26T20:27:09.691+0300: 1118.128: [Full GC (Ergonomics) [PSYoungGen: 791789K->114001K(802816K)] [ParOldGen: 3494657K->3494665K(3495424K)] 4286447K->3608667K(4298240K), [Metaspace: 9071K->9071K(1058816K)], 0.4122069 secs] [Times: user=1.34 sys=0.00, real=0.41 secs] 
2016-06-26T20:27:10.103+0300: 1118.540: Total time for which application threads were stopped: 0.4143849 seconds, Stopping threads took: 0.0016572 seconds
2016-06-26T20:27:10.578+0300: 1119.015: Total time for which application threads were stopped: 0.0028366 seconds, Stopping threads took: 0.0019086 seconds
2016-06-26T20:27:11.084+0300: 1119.520: [Full GC (Ergonomics) [PSYoungGen: 791942K->0K(802816K)] [ParOldGen: 3494665K->3462664K(3495424K)] 4286608K->3462664K(4298240K), [Metaspace: 9071K->9071K(1058816K)], 0.3978655 secs] [Times: user=1.31 sys=0.00, real=0.40 secs] 
2016-06-26T20:27:11.481+0300: 1119.918: Total time for which application threads were stopped: 0.4004772 seconds, Stopping threads took: 0.0021019 seconds
2016-06-26T20:27:11.578+0300: 1120.015: Total time for which application threads were stopped: 0.0029525 seconds, Stopping threads took: 0.0020596 seconds
2016-06-26T20:27:12.578+0300: 1121.015: Total time for which application threads were stopped: 0.0028563 seconds, Stopping threads took: 0.0019232 seconds
2016-06-26T20:27:12.656+0300: 1121.093: [Full GC (Ergonomics) [PSYoungGen: 790959K->82000K(802816K)] [ParOldGen: 3462664K->3494683K(3495424K)] 4253623K->3576684K(4298240K), [Metaspace: 9071K->9071K(1058816K)], 0.4021343 secs] [Times: user=1.34 sys=0.00, real=0.40 secs] 
2016-06-26T20:27:13.059+0300: 1121.496: Total time for which application threads were stopped: 0.4044253 seconds, Stopping threads took: 0.0017743 seconds
2016-06-26T20:27:13.913+0300: 1122.349: Total time for which application threads were stopped: 0.0040755 seconds, Stopping threads took: 0.0031681 seconds
2016-06-26T20:27:14.268+0300: 1122.706: [Full GC (Ergonomics) [PSYoungGen: 791673K->0K(802816K)] [ParOldGen: 3494683K->3460694K(3495424K)] 4286356K->3460694K(4298240K), [Metaspace: 9071K->9071K(1058816K)], 0.3872143 secs] [Times: user=1.34 sys=0.00, real=0.39 secs] 
2016-06-26T20:27:14.656+0300: 1123.093: Total time for which application threads were stopped: 0.3891443 seconds, Stopping threads took: 0.0015126 seconds
2016-06-26T20:27:15.582+0300: 1124.019: Total time for which application threads were stopped: 0.0060483 seconds, Stopping threads took: 0.0051194 seconds
2016-06-26T20:27:15.750+0300: 1124.188: [Full GC (Ergonomics) [PSYoungGen: 792173K->142001K(802816K)] [ParOldGen: 3460694K->3494684K(3495424K)] 4252867K->3636685K(4298240K), [Metaspace: 9071K->9071K(1058816K)], 0.4264482 secs] [Times: user=1.25 sys=0.01, real=0.43 secs] 
2016-06-26T20:27:16.177+0300: 1124.614: Total time for which application threads were stopped: 0.4290030 seconds, Stopping threads took: 0.0020279 seconds
2016-06-26T20:27:16.582+0300: 1125.019: Total time for which application threads were stopped: 0.0055565 seconds, Stopping threads took: 0.0046165 seconds
2016-06-26T20:27:17.074+0300: 1125.511: [Full GC (Ergonomics) [PSYoungGen: 791719K->0K(802816K)] [ParOldGen: 3494684K->3374680K(3495424K)] 4286403K->3374680K(4298240K), [Metaspace: 9071K->9071K(1058816K)], 0.3899757 secs] [Times: user=1.17 sys=0.02, real=0.39 secs] 
2016-06-26T20:27:17.465+0300: 1125.902: Total time for which application threads were stopped: 0.3944836 seconds, Stopping threads took: 0.0039738 seconds
2016-06-26T20:27:17.912+0300: 1126.350: Total time for which application threads were stopped: 0.0063986 seconds, Stopping threads took: 0.0054954 seconds
2016-06-26T20:27:18.717+0300: 1127.154: [Full GC (Ergonomics) [PSYoungGen: 791887K->26000K(802816K)] [ParOldGen: 3374680K->3494721K(3495424K)] 4166568K->3520721K(4298240K), [Metaspace: 9071K->9071K(1058816K)], 0.4081519 secs] [Times: user=1.27 sys=0.00, real=0.41 secs] 
2016-06-26T20:27:19.125+0300: 1127.562: Total time for which application threads were stopped: 0.4155379 seconds, Stopping threads took: 0.0067621 seconds
2016-06-26T20:27:19.875+0300: 1128.312: Total time for which application threads were stopped: 0.0039934 seconds, Stopping threads took: 0.0030804 seconds
2016-06-26T20:27:20.342+0300: 1128.779: Total time for which application threads were stopped: 0.0066872 seconds, Stopping threads took: 0.0064452 seconds
2016-06-26T20:27:20.345+0300: 1128.782: [Full GC (Ergonomics) [PSYoungGen: 791922K->0K(802816K)] [ParOldGen: 3494721K->3492728K(3495424K)] 4286643K->3492728K(4298240K), [Metaspace: 9071K->9071K(1058816K)], 0.4156585 secs] [Times: user=1.23 sys=0.00, real=0.42 secs] 
2016-06-26T20:27:20.761+0300: 1129.198: Total time for which application threads were stopped: 0.4161631 seconds, Stopping threads took: 0.0000526 seconds
2016-06-26T20:27:21.582+0300: 1130.019: Total time for which application threads were stopped: 0.0051263 seconds, Stopping threads took: 0.0041927 seconds
2016-06-26T20:27:21.985+0300: 1130.422: [Full GC (Ergonomics) [PSYoungGen: 791477K->0K(802816K)] [ParOldGen: 3492728K->3458736K(3495424K)] 4284206K->3458736K(4298240K), [Metaspace: 9071K->9071K(1058816K)], 0.3918813 secs] [Times: user=1.34 sys=0.00, real=0.39 secs] 
2016-06-26T20:27:22.377+0300: 1130.814: Total time for which application threads were stopped: 0.3932331 seconds, Stopping threads took: 0.0009152 seconds
2016-06-26T20:27:22.580+0300: 1131.017: Total time for which application threads were stopped: 0.0019788 seconds, Stopping threads took: 0.0012222 seconds
2016-06-26T20:27:23.438+0300: 1131.875: [Full GC (Ergonomics) [PSYoungGen: 792351K->260005K(802816K)] [ParOldGen: 3458736K->3494743K(3495424K)] 4251088K->3754748K(4298240K), [Metaspace: 9071K->9071K(1058816K)], 0.4305922 secs] [Times: user=1.19 sys=0.00, real=0.43 secs] 
2016-06-26T20:27:23.868+0300: 1132.305: Total time for which application threads were stopped: 0.4334763 seconds, Stopping threads took: 0.0023568 seconds
2016-06-26T20:27:23.871+0300: 1132.308: Total time for which application threads were stopped: 0.0008976 seconds, Stopping threads took: 0.0000539 seconds
2016-06-26T20:27:24.582+0300: 1133.019: Total time for which application threads were stopped: 0.0038818 seconds, Stopping threads took: 0.0029461 seconds
2016-06-26T20:27:24.817+0300: 1133.254: [Full GC (Ergonomics) [PSYoungGen: 792576K->0K(802816K)] [ParOldGen: 3494743K->3250750K(3495424K)] 4287319K->3250750K(4298240K), [Metaspace: 9071K->9071K(1058816K)], 0.3685605 secs] [Times: user=1.30 sys=0.00, real=0.37 secs] 
2016-06-26T20:27:25.186+0300: 1133.623: Total time for which application threads were stopped: 0.3697588 seconds, Stopping threads took: 0.0007997 seconds
2016-06-26T20:27:25.580+0300: 1134.018: Total time for which application threads were stopped: 0.0024629 seconds, Stopping threads took: 0.0017504 seconds
2016-06-26T20:27:26.247+0300: 1134.684: [Full GC (Ergonomics) [PSYoungGen: 791973K->26000K(802816K)] [ParOldGen: 3250750K->3494762K(3495424K)] 4042724K->3520762K(4298240K), [Metaspace: 9071K->9071K(1058816K)], 0.3993879 secs] [Times: user=1.38 sys=0.00, real=0.40 secs] 
2016-06-26T20:27:26.647+0300: 1135.083: Total time for which application threads were stopped: 0.4027459 seconds, Stopping threads took: 0.0028803 seconds
2016-06-26T20:27:27.580+0300: 1136.017: Total time for which application threads were stopped: 0.0037249 seconds, Stopping threads took: 0.0028379 seconds
2016-06-26T20:27:27.608+0300: 1136.045: Total time for which application threads were stopped: 0.0055368 seconds, Stopping threads took: 0.0046773 seconds
2016-06-26T20:27:27.713+0300: 1136.150: [Full GC (Ergonomics) [PSYoungGen: 791398K->144002K(802816K)] [ParOldGen: 3494762K->3494770K(3495424K)] 4286160K->3638772K(4298240K), [Metaspace: 9071K->9071K(1058816K)], 0.4458320 secs] [Times: user=1.09 sys=0.00, real=0.45 secs] 
2016-06-26T20:27:28.159+0300: 1136.596: Total time for which application threads were stopped: 0.4503092 seconds, Stopping threads took: 0.0039691 seconds
2016-06-26T20:27:28.953+0300: 1137.390: Total time for which application threads were stopped: 0.0124802 seconds, Stopping threads took: 0.0115698 seconds
2016-06-26T20:27:29.324+0300: 1137.761: [Full GC (Ergonomics) [PSYoungGen: 791811K->0K(802816K)] [ParOldGen: 3494770K->3490782K(3495424K)] 4286581K->3490782K(4298240K), [Metaspace: 9071K->9071K(1058816K)], 0.4097021 secs] [Times: user=1.16 sys=0.00, real=0.41 secs] 
2016-06-26T20:27:29.733+0300: 1138.171: Total time for which application threads were stopped: 0.4161345 seconds, Stopping threads took: 0.0060214 seconds
2016-06-26T20:27:30.848+0300: 1139.285: [Full GC (Ergonomics) [PSYoungGen: 791321K->52000K(802816K)] [ParOldGen: 3490782K->3494788K(3495424K)] 4282104K->3546789K(4298240K), [Metaspace: 9071K->9071K(1058816K)], 0.4049517 secs] [Times: user=1.36 sys=0.00, real=0.40 secs] 
2016-06-26T20:27:31.253+0300: 1139.690: Total time for which application threads were stopped: 0.4081360 seconds, Stopping threads took: 0.0026497 seconds
2016-06-26T20:27:31.584+0300: 1140.021: Total time for which application threads were stopped: 0.0037458 seconds, Stopping threads took: 0.0028131 seconds
2016-06-26T20:27:32.267+0300: 1140.704: [Full GC (Ergonomics) [PSYoungGen: 791603K->0K(802816K)] [ParOldGen: 3494788K->3310822K(3495424K)] 4286392K->3310822K(4298240K), [Metaspace: 9071K->9071K(1058816K)], 0.3825388 secs] [Times: user=1.03 sys=0.00, real=0.38 secs] 
2016-06-26T20:27:32.650+0300: 1141.087: Total time for which application threads were stopped: 0.3857778 seconds, Stopping threads took: 0.0027041 seconds
2016-06-26T20:27:32.872+0300: 1141.309: Total time for which application threads were stopped: 0.0043663 seconds, Stopping threads took: 0.0034529 seconds
2016-06-26T20:27:32.879+0300: 1141.316: Total time for which application threads were stopped: 0.0004914 seconds, Stopping threads took: 0.0000701 seconds
2016-06-26T20:27:33.591+0300: 1142.028: Total time for which application threads were stopped: 0.0044621 seconds, Stopping threads took: 0.0035564 seconds
2016-06-26T20:27:33.878+0300: 1142.315: [Full GC (Ergonomics) [PSYoungGen: 791975K->52000K(802816K)] [ParOldGen: 3310822K->3494806K(3495424K)] 4102797K->3546806K(4298240K), [Metaspace: 9071K->9071K(1058816K)], 0.4032172 secs] [Times: user=1.45 sys=0.00, real=0.40 secs] 
2016-06-26T20:27:34.282+0300: 1142.718: Total time for which application threads were stopped: 0.4054499 seconds, Stopping threads took: 0.0016905 seconds
2016-06-26T20:27:34.594+0300: 1143.031: Total time for which application threads were stopped: 0.0023564 seconds, Stopping threads took: 0.0014438 seconds
2016-06-26T20:27:35.379+0300: 1143.816: [Full GC (Ergonomics) [PSYoungGen: 791592K->148012K(802816K)] [ParOldGen: 3494806K->3494804K(3495424K)] 4286398K->3642817K(4298240K), [Metaspace: 9071K->9071K(1058816K)], 0.4185537 secs] [Times: user=1.49 sys=0.00, real=0.42 secs] 
2016-06-26T20:27:35.798+0300: 1144.235: Total time for which application threads were stopped: 0.4202759 seconds, Stopping threads took: 0.0012013 seconds
2016-06-26T20:27:35.898+0300: 1144.335: Total time for which application threads were stopped: 0.0021768 seconds, Stopping threads took: 0.0011846 seconds
2016-06-26T20:27:36.594+0300: 1145.031: Total time for which application threads were stopped: 0.0032339 seconds, Stopping threads took: 0.0022285 seconds
2016-06-26T20:27:36.737+0300: 1145.174: [Full GC (Ergonomics) [PSYoungGen: 792449K->86001K(802816K)] [ParOldGen: 3494804K->3494823K(3495424K)] 4287254K->3580824K(4298240K), [Metaspace: 9071K->9071K(1058816K)], 0.4039369 secs] [Times: user=1.42 sys=0.00, real=0.40 secs] 
2016-06-26T20:27:37.141+0300: 1145.578: Total time for which application threads were stopped: 0.4065092 seconds, Stopping threads took: 0.0020553 seconds
2016-06-26T20:27:37.606+0300: 1146.043: Total time for which application threads were stopped: 0.0041170 seconds, Stopping threads took: 0.0030351 seconds
2016-06-26T20:27:38.259+0300: 1146.697: [Full GC (Ergonomics) [PSYoungGen: 790860K->88000K(802816K)] [ParOldGen: 3494823K->3494824K(3495424K)] 4285683K->3582824K(4298240K), [Metaspace: 9071K->9071K(1058816K)], 0.4011507 secs] [Times: user=1.48 sys=0.00, real=0.40 secs] 
2016-06-26T20:27:38.661+0300: 1147.098: Total time for which application threads were stopped: 0.4034126 seconds, Stopping threads took: 0.0017457 seconds
2016-06-26T20:27:38.899+0300: 1147.336: Total time for which application threads were stopped: 0.0016182 seconds, Stopping threads took: 0.0006646 seconds
2016-06-26T20:27:39.681+0300: 1148.118: [Full GC (Ergonomics) [PSYoungGen: 791815K->56000K(802816K)] [ParOldGen: 3494824K->3494841K(3495424K)] 4286639K->3550842K(4298240K), [Metaspace: 9071K->9071K(1058816K)], 0.4230205 secs] [Times: user=1.17 sys=0.00, real=0.42 secs] 
2016-06-26T20:27:40.104+0300: 1148.541: Total time for which application threads were stopped: 0.4278218 seconds, Stopping threads took: 0.0042765 seconds
2016-06-26T20:27:40.235+0300: 1148.673: Total time for which application threads were stopped: 0.0021160 seconds, Stopping threads took: 0.0011808 seconds
2016-06-26T20:27:40.598+0300: 1149.035: Total time for which application threads were stopped: 0.0045053 seconds, Stopping threads took: 0.0035624 seconds
2016-06-26T20:27:41.246+0300: 1149.682: [Full GC (Ergonomics) [PSYoungGen: 791802K->206003K(802816K)] [ParOldGen: 3494841K->3494850K(3495424K)] 4286644K->3700853K(4298240K), [Metaspace: 9071K->9071K(1058816K)], 0.4373294 secs] [Times: user=1.22 sys=0.00, real=0.44 secs] 
2016-06-26T20:27:41.683+0300: 1150.120: Total time for which application threads were stopped: 0.4433995 seconds, Stopping threads took: 0.0055514 seconds
2016-06-26T20:27:41.928+0300: 1150.365: Total time for which application threads were stopped: 0.0016418 seconds, Stopping threads took: 0.0007082 seconds
2016-06-26T20:27:42.597+0300: 1151.034: [Full GC (Ergonomics) [PSYoungGen: 792317K->28000K(802816K)] [ParOldGen: 3494850K->3494858K(3495424K)] 4287167K->3522858K(4298240K), [Metaspace: 9071K->9071K(1058816K)], 0.4251870 secs] [Times: user=1.28 sys=0.00, real=0.43 secs] 
2016-06-26T20:27:43.022+0300: 1151.459: Total time for which application threads were stopped: 0.4610984 seconds, Stopping threads took: 0.0353435 seconds
2016-06-26T20:27:43.119+0300: 1151.556: Total time for which application threads were stopped: 0.0015015 seconds, Stopping threads took: 0.0005354 seconds
2016-06-26T20:27:44.020+0300: 1152.457: Total time for which application threads were stopped: 0.0061505 seconds, Stopping threads took: 0.0057977 seconds
2016-06-26T20:27:44.156+0300: 1152.592: [Full GC (Ergonomics) [PSYoungGen: 792401K->28000K(802816K)] [ParOldGen: 3494858K->3494867K(3495424K)] 4287260K->3522867K(4298240K), [Metaspace: 9071K->9071K(1058816K)], 0.4108380 secs] [Times: user=1.13 sys=0.00, real=0.41 secs] 
2016-06-26T20:27:44.566+0300: 1153.003: Total time for which application threads were stopped: 0.4138037 seconds, Stopping threads took: 0.0024761 seconds
2016-06-26T20:27:44.585+0300: 1153.022: Total time for which application threads were stopped: 0.0014810 seconds, Stopping threads took: 0.0002917 seconds
2016-06-26T20:27:45.585+0300: 1154.022: Total time for which application threads were stopped: 0.0019206 seconds, Stopping threads took: 0.0010281 seconds
2016-06-26T20:27:45.742+0300: 1154.179: [Full GC (Ergonomics) [PSYoungGen: 791346K->0K(802816K)] [ParOldGen: 3494867K->3460875K(3495424K)] 4286214K->3460875K(4298240K), [Metaspace: 9071K->9071K(1058816K)], 0.3910093 secs] [Times: user=1.22 sys=0.00, real=0.39 secs] 
2016-06-26T20:27:46.133+0300: 1154.570: Total time for which application threads were stopped: 0.3927939 seconds, Stopping threads took: 0.0012475 seconds
2016-06-26T20:27:46.589+0300: 1155.026: Total time for which application threads were stopped: 0.0061257 seconds, Stopping threads took: 0.0052255 seconds
2016-06-26T20:27:47.304+0300: 1155.741: [Full GC (Ergonomics) [PSYoungGen: 791715K->0K(802816K)] [ParOldGen: 3460875K->3430874K(3495424K)] 4252590K->3430874K(4298240K), [Metaspace: 9071K->9071K(1058816K)], 0.3992939 secs] [Times: user=1.16 sys=0.00, real=0.40 secs] 
2016-06-26T20:27:47.704+0300: 1156.141: Total time for which application threads were stopped: 0.4030812 seconds, Stopping threads took: 0.0032647 seconds
2016-06-26T20:27:47.879+0300: 1156.316: Total time for which application threads were stopped: 0.0017718 seconds, Stopping threads took: 0.0008737 seconds
2016-06-26T20:27:48.881+0300: 1157.318: Total time for which application threads were stopped: 0.0018261 seconds, Stopping threads took: 0.0015105 seconds
2016-06-26T20:27:48.908+0300: 1157.345: [Full GC (Ergonomics) [PSYoungGen: 790673K->170001K(802816K)] [ParOldGen: 3430874K->3494895K(3495424K)] 4221548K->3664896K(4298240K), [Metaspace: 9071K->9071K(1058816K)], 0.4190553 secs] [Times: user=1.20 sys=0.00, real=0.42 secs] 
2016-06-26T20:27:49.327+0300: 1157.764: Total time for which application threads were stopped: 0.4212133 seconds, Stopping threads took: 0.0016242 seconds
2016-06-26T20:27:49.802+0300: 1158.239: Total time for which application threads were stopped: 0.0019377 seconds, Stopping threads took: 0.0010127 seconds
2016-06-26T20:27:50.222+0300: 1158.660: [Full GC (Ergonomics) [PSYoungGen: 791381K->26000K(802816K)] [ParOldGen: 3494895K->3494893K(3495424K)] 4286276K->3520894K(4298240K), [Metaspace: 9071K->9071K(1058816K)], 0.3947654 secs] [Times: user=1.47 sys=0.00, real=0.40 secs] 
2016-06-26T20:27:50.617+0300: 1159.054: Total time for which application threads were stopped: 0.3964448 seconds, Stopping threads took: 0.0011465 seconds
2016-06-26T20:27:50.802+0300: 1159.239: Total time for which application threads were stopped: 0.0019561 seconds, Stopping threads took: 0.0009845 seconds
2016-06-26T20:27:51.808+0300: 1160.245: Total time for which application threads were stopped: 0.0077085 seconds, Stopping threads took: 0.0067736 seconds
2016-06-26T20:27:51.824+0300: 1160.261: [Full GC (Ergonomics) [PSYoungGen: 791912K->26000K(802816K)] [ParOldGen: 3494893K->3494911K(3495424K)] 4286805K->3520911K(4298240K), [Metaspace: 9071K->9071K(1058816K)], 0.4196904 secs] [Times: user=1.19 sys=0.00, real=0.42 secs] 
2016-06-26T20:27:52.243+0300: 1160.681: Total time for which application threads were stopped: 0.4217059 seconds, Stopping threads took: 0.0014814 seconds
2016-06-26T20:27:52.807+0300: 1161.244: Total time for which application threads were stopped: 0.0061060 seconds, Stopping threads took: 0.0051669 seconds
2016-06-26T20:27:53.357+0300: 1161.794: [Full GC (Ergonomics) [PSYoungGen: 792549K->178001K(802816K)] [ParOldGen: 3494911K->3494912K(3495424K)] 4287461K->3672914K(4298240K), [Metaspace: 9071K->9071K(1058816K)], 0.4241534 secs] [Times: user=1.33 sys=0.00, real=0.42 secs] 
2016-06-26T20:27:53.781+0300: 1162.218: Total time for which application threads were stopped: 0.4293225 seconds, Stopping threads took: 0.0046439 seconds
2016-06-26T20:27:53.801+0300: 1162.239: Total time for which application threads were stopped: 0.0010610 seconds, Stopping threads took: 0.0001535 seconds
2016-06-26T20:27:54.723+0300: 1163.160: [Full GC (Ergonomics) [PSYoungGen: 791817K->26000K(802816K)] [ParOldGen: 3494912K->3494928K(3495424K)] 4286729K->3520929K(4298240K), [Metaspace: 9071K->9071K(1058816K)], 0.4059794 secs] [Times: user=1.34 sys=0.00, real=0.41 secs] 
2016-06-26T20:27:55.129+0300: 1163.566: Total time for which application threads were stopped: 0.4151179 seconds, Stopping threads took: 0.0086035 seconds
2016-06-26T20:27:55.133+0300: 1163.570: Total time for which application threads were stopped: 0.0010191 seconds, Stopping threads took: 0.0000637 seconds
2016-06-26T20:27:55.147+0300: 1163.584: Total time for which application threads were stopped: 0.0054475 seconds, Stopping threads took: 0.0050733 seconds
2016-06-26T20:27:56.313+0300: 1164.750: [Full GC (Ergonomics) [PSYoungGen: 790868K->236003K(802816K)] [ParOldGen: 3494928K->3494938K(3495424K)] 4285796K->3730941K(4298240K), [Metaspace: 9071K->9071K(1058816K)], 0.4274857 secs] [Times: user=1.38 sys=0.00, real=0.43 secs] 
2016-06-26T20:27:56.741+0300: 1165.178: Total time for which application threads were stopped: 0.4312101 seconds, Stopping threads took: 0.0032130 seconds
2016-06-26T20:27:56.804+0300: 1165.241: Total time for which application threads were stopped: 0.0024282 seconds, Stopping threads took: 0.0015006 seconds
2016-06-26T20:27:57.564+0300: 1166.001: [Full GC (Ergonomics) [PSYoungGen: 791737K->178004K(802816K)] [ParOldGen: 3494938K->3494944K(3495424K)] 4286675K->3672949K(4298240K), [Metaspace: 9071K->9071K(1058816K)], 0.4152475 secs] [Times: user=1.41 sys=0.00, real=0.42 secs] 
2016-06-26T20:27:57.979+0300: 1166.416: Total time for which application threads were stopped: 0.4181872 seconds, Stopping threads took: 0.0024210 seconds
2016-06-26T20:27:58.049+0300: 1166.486: Total time for which application threads were stopped: 0.0018137 seconds, Stopping threads took: 0.0009280 seconds
2016-06-26T20:27:58.806+0300: 1167.242: Total time for which application threads were stopped: 0.0037304 seconds, Stopping threads took: 0.0028200 seconds
2016-06-26T20:27:58.870+0300: 1167.307: [Full GC (Ergonomics) [PSYoungGen: 790786K->0K(802816K)] [ParOldGen: 3494944K->3490954K(3495424K)] 4285731K->3490954K(4298240K), [Metaspace: 9071K->9071K(1058816K)], 0.4061449 secs] [Times: user=1.16 sys=0.00, real=0.41 secs] 
2016-06-26T20:27:59.276+0300: 1167.713: Total time for which application threads were stopped: 0.4093313 seconds, Stopping threads took: 0.0026544 seconds
2016-06-26T20:27:59.805+0300: 1168.242: Total time for which application threads were stopped: 0.0027549 seconds, Stopping threads took: 0.0015199 seconds
2016-06-26T20:28:00.486+0300: 1168.923: [Full GC (Ergonomics) [PSYoungGen: 790839K->0K(802816K)] [ParOldGen: 3490954K->3428954K(3495424K)] 4281794K->3428954K(4298240K), [Metaspace: 9071K->9071K(1058816K)], 0.4005768 secs] [Times: user=1.20 sys=0.00, real=0.40 secs] 
2016-06-26T20:28:00.886+0300: 1169.323: Total time for which application threads were stopped: 0.4100472 seconds, Stopping threads took: 0.0089615 seconds
2016-06-26T20:28:01.174+0300: 1169.611: Total time for which application threads were stopped: 0.0057562 seconds, Stopping threads took: 0.0047572 seconds
2016-06-26T20:28:01.806+0300: 1170.243: Total time for which application threads were stopped: 0.0036924 seconds, Stopping threads took: 0.0027438 seconds
2016-06-26T20:28:02.081+0300: 1170.518: [Full GC (Ergonomics) [PSYoungGen: 791406K->140001K(802816K)] [ParOldGen: 3428954K->3494956K(3495424K)] 4220360K->3634957K(4298240K), [Metaspace: 9071K->9071K(1058816K)], 0.4199880 secs] [Times: user=1.38 sys=0.00, real=0.42 secs] 
2016-06-26T20:28:02.501+0300: 1170.938: Total time for which application threads were stopped: 0.4228311 seconds, Stopping threads took: 0.0023410 seconds
2016-06-26T20:28:02.809+0300: 1171.246: Total time for which application threads were stopped: 0.0060919 seconds, Stopping threads took: 0.0051733 seconds
2016-06-26T20:28:03.542+0300: 1171.979: [Full GC (Ergonomics) [PSYoungGen: 791276K->300012K(802816K)] [ParOldGen: 3494956K->3494956K(3495424K)] 4286232K->3794969K(4298240K), [Metaspace: 9071K->9071K(1058816K)], 0.4483804 secs] [Times: user=1.17 sys=0.00, real=0.45 secs] 
2016-06-26T20:28:03.991+0300: 1172.428: Total time for which application threads were stopped: 0.4735179 seconds, Stopping threads took: 0.0246034 seconds
2016-06-26T20:28:04.211+0300: 1172.648: Total time for which application threads were stopped: 0.0031651 seconds, Stopping threads took: 0.0022392 seconds
2016-06-26T20:28:04.811+0300: 1173.248: [Full GC (Ergonomics) [PSYoungGen: 792576K->240006K(802816K)] [ParOldGen: 3494956K->3494970K(3495424K)] 4287532K->3734977K(4298240K), [Metaspace: 9071K->9071K(1058816K)], 0.4293537 secs] [Times: user=1.25 sys=0.00, real=0.43 secs] 
2016-06-26T20:28:05.241+0300: 1173.678: Total time for which application threads were stopped: 0.4454557 seconds, Stopping threads took: 0.0155867 seconds
2016-06-26T20:28:05.406+0300: 1173.843: Total time for which application threads were stopped: 0.0021336 seconds, Stopping threads took: 0.0011846 seconds
2016-06-26T20:28:06.074+0300: 1174.511: [Full GC (Ergonomics) [PSYoungGen: 792576K->0K(802816K)] [ParOldGen: 3494970K->3372981K(3495424K)] 4287546K->3372981K(4298240K), [Metaspace: 9071K->9071K(1058816K)], 0.3868312 secs] [Times: user=1.30 sys=0.00, real=0.39 secs] 
2016-06-26T20:28:06.461+0300: 1174.898: Total time for which application threads were stopped: 0.3929244 seconds, Stopping threads took: 0.0055822 seconds
2016-06-26T20:28:07.636+0300: 1176.073: [Full GC (Ergonomics) [PSYoungGen: 791784K->26000K(802816K)] [ParOldGen: 3372981K->3494990K(3495424K)] 4164766K->3520990K(4298240K), [Metaspace: 9071K->9071K(1058816K)], 0.4053152 secs] [Times: user=1.31 sys=0.02, real=0.41 secs] 
2016-06-26T20:28:08.042+0300: 1176.479: Total time for which application threads were stopped: 0.4079564 seconds, Stopping threads took: 0.0021113 seconds
2016-06-26T20:28:08.044+0300: 1176.481: Total time for which application threads were stopped: 0.0009272 seconds, Stopping threads took: 0.0000641 seconds
2016-06-26T20:28:08.050+0300: 1176.487: Total time for which application threads were stopped: 0.0004268 seconds, Stopping threads took: 0.0000744 seconds
2016-06-26T20:28:08.811+0300: 1177.248: Total time for which application threads were stopped: 0.0064862 seconds, Stopping threads took: 0.0054295 seconds
2016-06-26T20:28:09.154+0300: 1177.591: [Full GC (Ergonomics) [PSYoungGen: 790816K->56000K(802816K)] [ParOldGen: 3494990K->3495000K(3495424K)] 4285806K->3551000K(4298240K), [Metaspace: 9071K->9071K(1058816K)], 0.4147801 secs] [Times: user=1.25 sys=0.00, real=0.41 secs] 
2016-06-26T20:28:09.569+0300: 1178.006: Total time for which application threads were stopped: 0.4167593 seconds, Stopping threads took: 0.0014690 seconds
2016-06-26T20:28:09.806+0300: 1178.243: Total time for which application threads were stopped: 0.0017547 seconds, Stopping threads took: 0.0007702 seconds
2016-06-26T20:28:10.697+0300: 1179.135: [Full GC (Ergonomics) [PSYoungGen: 792392K->328015K(802816K)] [ParOldGen: 3495000K->3495016K(3495424K)] 4287393K->3823031K(4298240K), [Metaspace: 9071K->9071K(1058816K)], 0.4374765 secs] [Times: user=1.53 sys=0.00, real=0.44 secs] 
2016-06-26T20:28:11.135+0300: 1179.572: Total time for which application threads were stopped: 0.4501967 seconds, Stopping threads took: 0.0121950 seconds
2016-06-26T20:28:11.136+0300: 1179.573: Total time for which application threads were stopped: 0.0004927 seconds, Stopping threads took: 0.0001574 seconds
2016-06-26T20:28:11.174+0300: 1179.611: Total time for which application threads were stopped: 0.0020476 seconds, Stopping threads took: 0.0010884 seconds
2016-06-26T20:28:11.808+0300: 1180.245: Total time for which application threads were stopped: 0.0028097 seconds, Stopping threads took: 0.0017889 seconds
2016-06-26T20:28:11.833+0300: 1180.270: [Full GC (Ergonomics) [PSYoungGen: 792440K->240006K(802816K)] [ParOldGen: 3495016K->3495031K(3495424K)] 4287456K->3735038K(4298240K), [Metaspace: 9071K->9071K(1058816K)], 0.4193688 secs] [Times: user=1.52 sys=0.00, real=0.42 secs] 
2016-06-26T20:28:12.253+0300: 1180.690: Total time for which application threads were stopped: 0.4200056 seconds, Stopping threads took: 0.0000757 seconds
2016-06-26T20:28:13.002+0300: 1181.439: Total time for which application threads were stopped: 0.0035743 seconds, Stopping threads took: 0.0026211 seconds
2016-06-26T20:28:13.045+0300: 1181.482: [Full GC (Ergonomics) [PSYoungGen: 790901K->0K(802816K)] [ParOldGen: 3495031K->3493042K(3495424K)] 4285933K->3493042K(4298240K), [Metaspace: 9071K->9071K(1058816K)], 0.4039993 secs] [Times: user=1.11 sys=0.00, real=0.40 secs] 
2016-06-26T20:28:13.449+0300: 1181.886: Total time for which application threads were stopped: 0.4047332 seconds, Stopping threads took: 0.0002147 seconds
2016-06-26T20:28:13.809+0300: 1182.246: Total time for which application threads were stopped: 0.0035863 seconds, Stopping threads took: 0.0026190 seconds
2016-06-26T20:28:14.664+0300: 1183.102: [Full GC (Ergonomics) [PSYoungGen: 791974K->0K(802816K)] [ParOldGen: 3493042K->3431050K(3495424K)] 4285017K->3431050K(4298240K), [Metaspace: 9071K->9071K(1058816K)], 0.4002236 secs] [Times: user=1.17 sys=0.00, real=0.40 secs] 
2016-06-26T20:28:15.065+0300: 1183.502: Total time for which application threads were stopped: 0.4041460 seconds, Stopping threads took: 0.0033857 seconds
2016-06-26T20:28:15.131+0300: 1183.567: Total time for which application threads were stopped: 0.0010362 seconds, Stopping threads took: 0.0002737 seconds
2016-06-26T20:28:15.810+0300: 1184.247: Total time for which application threads were stopped: 0.0041324 seconds, Stopping threads took: 0.0032155 seconds
2016-06-26T20:28:16.253+0300: 1184.691: [Full GC (Ergonomics) [PSYoungGen: 790960K->82000K(802816K)] [ParOldGen: 3431050K->3495060K(3495424K)] 4222011K->3577061K(4298240K), [Metaspace: 9071K->9071K(1058816K)], 0.4114734 secs] [Times: user=1.22 sys=0.00, real=0.41 secs] 
2016-06-26T20:28:16.665+0300: 1185.102: Total time for which application threads were stopped: 0.4173131 seconds, Stopping threads took: 0.0053187 seconds
2016-06-26T20:28:16.808+0300: 1185.245: Total time for which application threads were stopped: 0.0019839 seconds, Stopping threads took: 0.0010537 seconds
2016-06-26T20:28:17.751+0300: 1186.189: [Full GC (Ergonomics) [PSYoungGen: 791322K->206005K(802816K)] [ParOldGen: 3495060K->3495067K(3495424K)] 4286383K->3701072K(4298240K), [Metaspace: 9071K->9071K(1058816K)], 0.4210003 secs] [Times: user=1.30 sys=0.00, real=0.42 secs] 
2016-06-26T20:28:18.173+0300: 1186.610: Total time for which application threads were stopped: 0.4239101 seconds, Stopping threads took: 0.0023760 seconds
2016-06-26T20:28:18.175+0300: 1186.612: Total time for which application threads were stopped: 0.0009477 seconds, Stopping threads took: 0.0000599 seconds
2016-06-26T20:28:18.181+0300: 1186.618: Total time for which application threads were stopped: 0.0004426 seconds, Stopping threads took: 0.0000753 seconds
2016-06-26T20:28:18.811+0300: 1187.248: Total time for which application threads were stopped: 0.0042192 seconds, Stopping threads took: 0.0033036 seconds
2016-06-26T20:28:19.050+0300: 1187.487: [Full GC (Ergonomics) [PSYoungGen: 791451K->86002K(802816K)] [ParOldGen: 3495067K->3495077K(3495424K)] 4286518K->3581079K(4298240K), [Metaspace: 9071K->9071K(1058816K)], 0.4119563 secs] [Times: user=1.31 sys=0.00, real=0.41 secs] 
2016-06-26T20:28:19.462+0300: 1187.899: Total time for which application threads were stopped: 0.4144131 seconds, Stopping threads took: 0.0019219 seconds
2016-06-26T20:28:19.811+0300: 1188.248: Total time for which application threads were stopped: 0.0040182 seconds, Stopping threads took: 0.0030937 seconds
2016-06-26T20:28:20.514+0300: 1188.952: [Full GC (Ergonomics) [PSYoungGen: 790857K->0K(802816K)] [ParOldGen: 3495077K->3315083K(3495424K)] 4285934K->3315083K(4298240K), [Metaspace: 9071K->9071K(1058816K)], 0.3997001 secs] [Times: user=1.00 sys=0.00, real=0.40 secs] 
2016-06-26T20:28:20.914+0300: 1189.351: Total time for which application threads were stopped: 0.4069690 seconds, Stopping threads took: 0.0067552 seconds
2016-06-26T20:28:21.111+0300: 1189.548: Total time for which application threads were stopped: 0.0033879 seconds, Stopping threads took: 0.0024778 seconds
2016-06-26T20:28:22.022+0300: 1190.460: Total time for which application threads were stopped: 0.0072723 seconds, Stopping threads took: 0.0063353 seconds
2016-06-26T20:28:22.089+0300: 1190.525: [Full GC (Ergonomics) [PSYoungGen: 791790K->56000K(802816K)] [ParOldGen: 3315083K->3495096K(3495424K)] 4106874K->3551096K(4298240K), [Metaspace: 9071K->9071K(1058816K)], 0.4119734 secs] [Times: user=1.33 sys=0.00, real=0.41 secs] 
2016-06-26T20:28:22.500+0300: 1190.938: Total time for which application threads were stopped: 0.4154733 seconds, Stopping threads took: 0.0029919 seconds
2016-06-26T20:28:23.358+0300: 1191.795: Total time for which application threads were stopped: 0.0052503 seconds, Stopping threads took: 0.0042667 seconds
2016-06-26T20:28:23.737+0300: 1192.174: [Full GC (Ergonomics) [PSYoungGen: 790975K->0K(802816K)] [ParOldGen: 3495096K->3401105K(3495424K)] 4286072K->3401105K(4298240K), [Metaspace: 9071K->9071K(1058816K)], 0.3817951 secs] [Times: user=1.36 sys=0.00, real=0.38 secs] 
2016-06-26T20:28:24.119+0300: 1192.556: Total time for which application threads were stopped: 0.3827667 seconds, Stopping threads took: 0.0005534 seconds
2016-06-26T20:28:24.811+0300: 1193.249: Total time for which application threads were stopped: 0.0036013 seconds, Stopping threads took: 0.0027353 seconds
2016-06-26T20:28:25.267+0300: 1193.704: [Full GC (Ergonomics) [PSYoungGen: 790981K->54000K(802816K)] [ParOldGen: 3401105K->3495114K(3495424K)] 4192086K->3549114K(4298240K), [Metaspace: 9071K->9071K(1058816K)], 0.4063591 secs] [Times: user=1.31 sys=0.00, real=0.41 secs] 
2016-06-26T20:28:25.673+0300: 1194.110: Total time for which application threads were stopped: 0.4109765 seconds, Stopping threads took: 0.0041893 seconds
2016-06-26T20:28:25.810+0300: 1194.247: Total time for which application threads were stopped: 0.0015537 seconds, Stopping threads took: 0.0007711 seconds
2016-06-26T20:28:26.705+0300: 1195.142: [Full GC (Ergonomics) [PSYoungGen: 790579K->0K(802816K)] [ParOldGen: 3495114K->3459121K(3495424K)] 4285693K->3459121K(4298240K), [Metaspace: 9071K->9071K(1058816K)], 0.3995496 secs] [Times: user=1.13 sys=0.00, real=0.40 secs] 
2016-06-26T20:28:27.104+0300: 1195.541: Total time for which application threads were stopped: 0.4038253 seconds, Stopping threads took: 0.0037445 seconds
2016-06-26T20:28:27.112+0300: 1195.549: Total time for which application threads were stopped: 0.0010704 seconds, Stopping threads took: 0.0000629 seconds
2016-06-26T20:28:28.030+0300: 1196.467: Total time for which application threads were stopped: 0.0046999 seconds, Stopping threads took: 0.0037668 seconds
2016-06-26T20:28:28.257+0300: 1196.694: [Full GC (Ergonomics) [PSYoungGen: 790685K->48000K(802816K)] [ParOldGen: 3459121K->3495131K(3495424K)] 4249807K->3543131K(4298240K), [Metaspace: 9071K->9071K(1058816K)], 0.4158642 secs] [Times: user=1.20 sys=0.00, real=0.42 secs] 
2016-06-26T20:28:28.673+0300: 1197.110: Total time for which application threads were stopped: 0.4212099 seconds, Stopping threads took: 0.0048475 seconds
2016-06-26T20:28:29.356+0300: 1197.793: Total time for which application threads were stopped: 0.0066423 seconds, Stopping threads took: 0.0057160 seconds
2016-06-26T20:28:29.894+0300: 1198.331: [Full GC (Ergonomics) [PSYoungGen: 791568K->0K(802816K)] [ParOldGen: 3495131K->3461135K(3495424K)] 4286699K->3461135K(4298240K), [Metaspace: 9071K->9071K(1058816K)], 0.3988410 secs] [Times: user=1.08 sys=0.01, real=0.40 secs] 
2016-06-26T20:28:30.293+0300: 1198.730: Total time for which application threads were stopped: 0.4032693 seconds, Stopping threads took: 0.0040003 seconds
2016-06-26T20:28:30.710+0300: 1199.147: Total time for which application threads were stopped: 0.0062519 seconds, Stopping threads took: 0.0059923 seconds
2016-06-26T20:28:31.431+0300: 1199.868: [Full GC (Ergonomics) [PSYoungGen: 790917K->0K(802816K)] [ParOldGen: 3461135K->3489141K(3495424K)] 4252052K->3489141K(4298240K), [Metaspace: 9071K->9071K(1058816K)], 0.3919053 secs] [Times: user=1.31 sys=0.00, real=0.39 secs] 
2016-06-26T20:28:31.823+0300: 1200.260: Total time for which application threads were stopped: 0.3960073 seconds, Stopping threads took: 0.0036192 seconds
2016-06-26T20:28:31.825+0300: 1200.262: Total time for which application threads were stopped: 0.0009276 seconds, Stopping threads took: 0.0000590 seconds
2016-06-26T20:28:32.963+0300: 1201.400: [Full GC (Ergonomics) [PSYoungGen: 790973K->198002K(802816K)] [ParOldGen: 3489141K->3495140K(3495424K)] 4280115K->3693143K(4298240K), [Metaspace: 9071K->9071K(1058816K)], 0.4460929 secs] [Times: user=1.30 sys=0.00, real=0.45 secs] 
2016-06-26T20:28:33.409+0300: 1201.846: Total time for which application threads were stopped: 0.4528101 seconds, Stopping threads took: 0.0061941 seconds
2016-06-26T20:28:33.412+0300: 1201.849: Total time for which application threads were stopped: 0.0008818 seconds, Stopping threads took: 0.0000565 seconds
2016-06-26T20:28:34.022+0300: 1202.459: Total time for which application threads were stopped: 0.0059098 seconds, Stopping threads took: 0.0049980 seconds
2016-06-26T20:28:34.292+0300: 1202.729: [Full GC (Ergonomics) [PSYoungGen: 792576K->86002K(802816K)] [ParOldGen: 3495140K->3495147K(3495424K)] 4287716K->3581149K(4298240K), [Metaspace: 9071K->9071K(1058816K)], 0.4067406 secs] [Times: user=1.36 sys=0.00, real=0.41 secs] 
2016-06-26T20:28:34.698+0300: 1203.136: Total time for which application threads were stopped: 0.4089362 seconds, Stopping threads took: 0.0016755 seconds
2016-06-26T20:28:34.813+0300: 1203.250: Total time for which application threads were stopped: 0.0023615 seconds, Stopping threads took: 0.0014951 seconds
2016-06-26T20:28:35.783+0300: 1204.220: [Full GC (Ergonomics) [PSYoungGen: 791259K->86000K(802816K)] [ParOldGen: 3495147K->3495158K(3495424K)] 4286407K->3581159K(4298240K), [Metaspace: 9071K->9071K(1058816K)], 0.4118669 secs] [Times: user=1.41 sys=0.00, real=0.41 secs] 
2016-06-26T20:28:36.195+0300: 1204.632: Total time for which application threads were stopped: 0.4151658 seconds, Stopping threads took: 0.0027759 seconds
2016-06-26T20:28:36.197+0300: 1204.634: Total time for which application threads were stopped: 0.0009656 seconds, Stopping threads took: 0.0000535 seconds
2016-06-26T20:28:37.203+0300: 1205.640: [Full GC (Ergonomics) [PSYoungGen: 790943K->0K(802816K)] [ParOldGen: 3495158K->3341163K(3495424K)] 4286101K->3341163K(4298240K), [Metaspace: 9071K->9071K(1058816K)], 0.3782032 secs] [Times: user=1.19 sys=0.00, real=0.38 secs] 
2016-06-26T20:28:37.581+0300: 1206.018: Total time for which application threads were stopped: 0.3832333 seconds, Stopping threads took: 0.0045113 seconds
2016-06-26T20:28:37.813+0300: 1206.250: Total time for which application threads were stopped: 0.0022636 seconds, Stopping threads took: 0.0013805 seconds
2016-06-26T20:28:38.779+0300: 1207.216: [Full GC (Ergonomics) [PSYoungGen: 790783K->52000K(802816K)] [ParOldGen: 3341163K->3495175K(3495424K)] 4131947K->3547175K(4298240K), [Metaspace: 9071K->9071K(1058816K)], 0.3943882 secs] [Times: user=1.44 sys=0.00, real=0.39 secs] 
2016-06-26T20:28:39.174+0300: 1207.611: Total time for which application threads were stopped: 0.3975234 seconds, Stopping threads took: 0.0026391 seconds
2016-06-26T20:28:39.176+0300: 1207.613: Total time for which application threads were stopped: 0.0008998 seconds, Stopping threads took: 0.0000637 seconds
2016-06-26T20:28:40.285+0300: 1208.722: [Full GC (Ergonomics) [PSYoungGen: 791285K->206002K(802816K)] [ParOldGen: 3495175K->3495184K(3495424K)] 4286460K->3701187K(4298240K), [Metaspace: 9071K->9071K(1058816K)], 0.4318854 secs] [Times: user=1.41 sys=0.00, real=0.43 secs] 
2016-06-26T20:28:40.717+0300: 1209.154: Total time for which application threads were stopped: 0.4428278 seconds, Stopping threads took: 0.0104489 seconds
2016-06-26T20:28:40.814+0300: 1209.251: Total time for which application threads were stopped: 0.0021088 seconds, Stopping threads took: 0.0011128 seconds
2016-06-26T20:28:41.598+0300: 1210.035: [Full GC (Ergonomics) [PSYoungGen: 790723K->176004K(802816K)] [ParOldGen: 3495184K->3495190K(3495424K)] 4285908K->3671195K(4298240K), [Metaspace: 9071K->9071K(1058816K)], 0.4135279 secs] [Times: user=1.47 sys=0.00, real=0.41 secs] 
2016-06-26T20:28:42.012+0300: 1210.449: Total time for which application threads were stopped: 0.4159424 seconds, Stopping threads took: 0.0018539 seconds
2016-06-26T20:28:42.046+0300: 1210.483: Total time for which application threads were stopped: 0.0012736 seconds, Stopping threads took: 0.0003665 seconds
2016-06-26T20:28:42.816+0300: 1211.253: Total time for which application threads were stopped: 0.0040636 seconds, Stopping threads took: 0.0031133 seconds
2016-06-26T20:28:42.823+0300: 1211.260: Total time for which application threads were stopped: 0.0004071 seconds, Stopping threads took: 0.0000637 seconds
2016-06-26T20:28:42.932+0300: 1211.369: [Full GC (Ergonomics) [PSYoungGen: 792440K->0K(802816K)] [ParOldGen: 3495190K->3493201K(3495424K)] 4287631K->3493201K(4298240K), [Metaspace: 9071K->9071K(1058816K)], 0.4021433 secs] [Times: user=1.16 sys=0.00, real=0.40 secs] 
2016-06-26T20:28:43.334+0300: 1211.771: Total time for which application threads were stopped: 0.4035366 seconds, Stopping threads took: 0.0008746 seconds
2016-06-26T20:28:43.818+0300: 1212.255: Total time for which application threads were stopped: 0.0051699 seconds, Stopping threads took: 0.0042761 seconds
2016-06-26T20:28:44.484+0300: 1212.921: [Full GC (Ergonomics) [PSYoungGen: 792079K->0K(802816K)] [ParOldGen: 3493201K->3463200K(3495424K)] 4285281K->3463200K(4298240K), [Metaspace: 9071K->9071K(1058816K)], 0.4302475 secs] [Times: user=1.08 sys=0.00, real=0.43 secs] 
2016-06-26T20:28:44.914+0300: 1213.351: Total time for which application threads were stopped: 0.4340818 seconds, Stopping threads took: 0.0033216 seconds
2016-06-26T20:28:45.215+0300: 1213.652: Total time for which application threads were stopped: 0.0040649 seconds, Stopping threads took: 0.0031411 seconds
2016-06-26T20:28:46.168+0300: 1214.605: [Full GC (Ergonomics) [PSYoungGen: 791292K->174001K(802816K)] [ParOldGen: 3463200K->3495220K(3495424K)] 4254492K->3669221K(4298240K), [Metaspace: 9071K->9071K(1058816K)], 0.4312614 secs] [Times: user=1.25 sys=0.00, real=0.43 secs] 
2016-06-26T20:28:46.599+0300: 1215.036: Total time for which application threads were stopped: 0.4329571 seconds, Stopping threads took: 0.0011521 seconds
2016-06-26T20:28:46.816+0300: 1215.253: Total time for which application threads were stopped: 0.0016478 seconds, Stopping threads took: 0.0007249 seconds
2016-06-26T20:28:47.530+0300: 1215.967: [Full GC (Ergonomics) [PSYoungGen: 791526K->116002K(802816K)] [ParOldGen: 3495220K->3495226K(3495424K)] 4286746K->3611229K(4298240K), [Metaspace: 9071K->9071K(1058816K)], 0.4079504 secs] [Times: user=1.33 sys=0.00, real=0.41 secs] 
2016-06-26T20:28:47.937+0300: 1216.375: Total time for which application threads were stopped: 0.4128719 seconds, Stopping threads took: 0.0044322 seconds
2016-06-26T20:28:48.140+0300: 1216.577: Total time for which application threads were stopped: 0.0072171 seconds, Stopping threads took: 0.0063049 seconds
2016-06-26T20:28:48.820+0300: 1217.257: Total time for which application threads were stopped: 0.0055056 seconds, Stopping threads took: 0.0046289 seconds
2016-06-26T20:28:48.971+0300: 1217.408: [Full GC (Ergonomics) [PSYoungGen: 791041K->146002K(802816K)] [ParOldGen: 3495226K->3495236K(3495424K)] 4286268K->3641238K(4298240K), [Metaspace: 9071K->9071K(1058816K)], 0.4294281 secs] [Times: user=1.27 sys=0.00, real=0.43 secs] 
2016-06-26T20:28:49.400+0300: 1217.837: Total time for which application threads were stopped: 0.4308133 seconds, Stopping threads took: 0.0008895 seconds
2016-06-26T20:28:50.181+0300: 1218.619: Total time for which application threads were stopped: 0.0064332 seconds, Stopping threads took: 0.0055510 seconds
2016-06-26T20:28:50.494+0300: 1218.931: [Full GC (Ergonomics) [PSYoungGen: 791677K->0K(802816K)] [ParOldGen: 3495236K->3223244K(3495424K)] 4286913K->3223244K(4298240K), [Metaspace: 9071K->9071K(1058816K)], 0.3611069 secs] [Times: user=1.17 sys=0.00, real=0.36 secs] 
2016-06-26T20:28:50.855+0300: 1219.292: Total time for which application threads were stopped: 0.3631819 seconds, Stopping threads took: 0.0017115 seconds
2016-06-26T20:28:51.819+0300: 1220.256: Total time for which application threads were stopped: 0.0026639 seconds, Stopping threads took: 0.0016909 seconds
2016-06-26T20:28:51.954+0300: 1220.391: [Full GC (Ergonomics) [PSYoungGen: 792441K->86000K(802816K)] [ParOldGen: 3223244K->3495254K(3495424K)] 4015685K->3581255K(4298240K), [Metaspace: 9071K->9071K(1058816K)], 0.4168089 secs] [Times: user=1.25 sys=0.00, real=0.42 secs] 
2016-06-26T20:28:52.371+0300: 1220.808: Total time for which application threads were stopped: 0.4227571 seconds, Stopping threads took: 0.0054509 seconds
2016-06-26T20:28:52.820+0300: 1221.257: Total time for which application threads were stopped: 0.0034661 seconds, Stopping threads took: 0.0025039 seconds
2016-06-26T20:28:53.346+0300: 1221.783: [Full GC (Ergonomics) [PSYoungGen: 791876K->150001K(802816K)] [ParOldGen: 3495254K->3495255K(3495424K)] 4287131K->3645256K(4298240K), [Metaspace: 9071K->9071K(1058816K)], 0.4134881 secs] [Times: user=1.34 sys=0.00, real=0.41 secs] 
2016-06-26T20:28:53.760+0300: 1222.196: Total time for which application threads were stopped: 0.4155939 seconds, Stopping threads took: 0.0015738 seconds
2016-06-26T20:28:54.181+0300: 1222.618: Total time for which application threads were stopped: 0.0043035 seconds, Stopping threads took: 0.0033254 seconds
2016-06-26T20:28:54.822+0300: 1223.259: [Full GC (Ergonomics) [PSYoungGen: 791060K->86001K(802816K)] [ParOldGen: 3495255K->3495273K(3495424K)] 4286315K->3581275K(4298240K), [Metaspace: 9071K->9071K(1058816K)], 0.4100532 secs] [Times: user=1.38 sys=0.00, real=0.41 secs] 
2016-06-26T20:28:55.232+0300: 1223.669: Total time for which application threads were stopped: 0.4145705 seconds, Stopping threads took: 0.0040918 seconds
2016-06-26T20:28:55.820+0300: 1224.257: Total time for which application threads were stopped: 0.0033066 seconds, Stopping threads took: 0.0024949 seconds
2016-06-26T20:28:55.827+0300: 1224.263: Total time for which application threads were stopped: 0.0003798 seconds, Stopping threads took: 0.0000757 seconds
2016-06-26T20:28:56.316+0300: 1224.753: [Full GC (Ergonomics) [PSYoungGen: 792154K->0K(802816K)] [ParOldGen: 3495273K->3317299K(3495424K)] 4287428K->3317299K(4298240K), [Metaspace: 9071K->9071K(1058816K)], 0.4062916 secs] [Times: user=1.17 sys=0.00, real=0.41 secs] 
2016-06-26T20:28:56.723+0300: 1225.160: Total time for which application threads were stopped: 0.4099330 seconds, Stopping threads took: 0.0032031 seconds
2016-06-26T20:28:56.819+0300: 1225.256: Total time for which application threads were stopped: 0.0022649 seconds, Stopping threads took: 0.0014925 seconds
2016-06-26T20:28:57.822+0300: 1226.260: Total time for which application threads were stopped: 0.0055471 seconds, Stopping threads took: 0.0046388 seconds
2016-06-26T20:28:57.853+0300: 1226.290: [Full GC (Ergonomics) [PSYoungGen: 791004K->0K(802816K)] [ParOldGen: 3317299K->3431309K(3495424K)] 4108303K->3431309K(4298240K), [Metaspace: 9071K->9071K(1058816K)], 0.4204580 secs] [Times: user=1.25 sys=0.00, real=0.42 secs] 
2016-06-26T20:28:58.274+0300: 1226.711: Total time for which application threads were stopped: 0.4244455 seconds, Stopping threads took: 0.0034837 seconds
2016-06-26T20:28:58.819+0300: 1227.256: Total time for which application threads were stopped: 0.0020938 seconds, Stopping threads took: 0.0011748 seconds
2016-06-26T20:28:59.422+0300: 1227.859: [Full GC (Ergonomics) [PSYoungGen: 791171K->202001K(802816K)] [ParOldGen: 3431309K->3495291K(3495424K)] 4222480K->3697292K(4298240K), [Metaspace: 9071K->9071K(1058816K)], 0.4138803 secs] [Times: user=1.42 sys=0.00, real=0.41 secs] 
2016-06-26T20:28:59.836+0300: 1228.273: Total time for which application threads were stopped: 0.4166074 seconds, Stopping threads took: 0.0022234 seconds
2016-06-26T20:29:00.156+0300: 1228.593: Total time for which application threads were stopped: 0.0031527 seconds, Stopping threads took: 0.0022268 seconds
2016-06-26T20:29:00.756+0300: 1229.192: [Full GC (Ergonomics) [PSYoungGen: 792051K->26001K(802816K)] [ParOldGen: 3495291K->3495308K(3495424K)] 4287342K->3521309K(4298240K), [Metaspace: 9071K->9071K(1058816K)], 0.4140197 secs] [Times: user=1.31 sys=0.00, real=0.41 secs] 
2016-06-26T20:29:01.169+0300: 1229.607: Total time for which application threads were stopped: 0.4164240 seconds, Stopping threads took: 0.0019711 seconds
2016-06-26T20:29:01.824+0300: 1230.261: Total time for which application threads were stopped: 0.0059008 seconds, Stopping threads took: 0.0050677 seconds
2016-06-26T20:29:02.343+0300: 1230.779: [Full GC (Ergonomics) [PSYoungGen: 791923K->0K(802816K)] [ParOldGen: 3495308K->3405314K(3495424K)] 4287231K->3405314K(4298240K), [Metaspace: 9071K->9071K(1058816K)], 0.3793194 secs] [Times: user=1.30 sys=0.01, real=0.38 secs] 
2016-06-26T20:29:02.722+0300: 1231.159: Total time for which application threads were stopped: 0.3812742 seconds, Stopping threads took: 0.0015284 seconds
2016-06-26T20:29:02.821+0300: 1231.258: Total time for which application threads were stopped: 0.0019377 seconds, Stopping threads took: 0.0011542 seconds
2016-06-26T20:29:03.824+0300: 1232.261: Total time for which application threads were stopped: 0.0059726 seconds, Stopping threads took: 0.0050258 seconds
2016-06-26T20:29:03.849+0300: 1232.286: [Full GC (Ergonomics) [PSYoungGen: 791143K->24000K(802816K)] [ParOldGen: 3405314K->3495342K(3495424K)] 4196458K->3519342K(4298240K), [Metaspace: 9071K->9071K(1058816K)], 0.4028434 secs] [Times: user=1.34 sys=0.00, real=0.40 secs] 
2016-06-26T20:29:04.251+0300: 1232.689: Total time for which application threads were stopped: 0.4059636 seconds, Stopping threads took: 0.0026194 seconds
2016-06-26T20:29:04.252+0300: 1232.689: Total time for which application threads were stopped: 0.0003665 seconds, Stopping threads took: 0.0001253 seconds
2016-06-26T20:29:04.820+0300: 1233.258: Total time for which application threads were stopped: 0.0019847 seconds, Stopping threads took: 0.0011645 seconds
2016-06-26T20:29:05.370+0300: 1233.807: [Full GC (Ergonomics) [PSYoungGen: 790997K->146001K(802816K)] [ParOldGen: 3495342K->3495342K(3495424K)] 4286339K->3641344K(4298240K), [Metaspace: 9071K->9071K(1058816K)], 0.4103427 secs] [Times: user=1.48 sys=0.00, real=0.41 secs] 
2016-06-26T20:29:05.781+0300: 1234.218: Total time for which application threads were stopped: 0.4119635 seconds, Stopping threads took: 0.0011183 seconds
2016-06-26T20:29:05.820+0300: 1234.257: Total time for which application threads were stopped: 0.0014010 seconds, Stopping threads took: 0.0004803 seconds
2016-06-26T20:29:06.713+0300: 1235.150: [Full GC (Ergonomics) [PSYoungGen: 791968K->116002K(802816K)] [ParOldGen: 3495342K->3495358K(3495424K)] 4287311K->3611360K(4298240K), [Metaspace: 9071K->9071K(1058816K)], 0.4137148 secs] [Times: user=1.44 sys=0.00, real=0.41 secs] 
2016-06-26T20:29:07.127+0300: 1235.564: Total time for which application threads were stopped: 0.4205632 seconds, Stopping threads took: 0.0063271 seconds
2016-06-26T20:29:07.193+0300: 1235.630: Total time for which application threads were stopped: 0.0009896 seconds, Stopping threads took: 0.0003118 seconds
2016-06-26T20:29:08.115+0300: 1236.552: Total time for which application threads were stopped: 0.0039874 seconds, Stopping threads took: 0.0036393 seconds
2016-06-26T20:29:08.241+0300: 1236.678: [Full GC (Ergonomics) [PSYoungGen: 791695K->146001K(802816K)] [ParOldGen: 3495358K->3495368K(3495424K)] 4287053K->3641370K(4298240K), [Metaspace: 9071K->9071K(1058816K)], 0.4331110 secs] [Times: user=1.38 sys=0.00, real=0.43 secs] 
2016-06-26T20:29:08.674+0300: 1237.111: Total time for which application threads were stopped: 0.4369732 seconds, Stopping threads took: 0.0033092 seconds
2016-06-26T20:29:08.822+0300: 1237.259: Total time for which application threads were stopped: 0.0026352 seconds, Stopping threads took: 0.0017756 seconds
2016-06-26T20:29:09.589+0300: 1238.026: [Full GC (Ergonomics) [PSYoungGen: 792325K->90000K(802816K)] [ParOldGen: 3495368K->3495368K(3495424K)] 4287694K->3585369K(4298240K), [Metaspace: 9071K->9071K(1058816K)], 0.4088246 secs] [Times: user=1.42 sys=0.00, real=0.41 secs] 
2016-06-26T20:29:09.998+0300: 1238.435: Total time for which application threads were stopped: 0.4133979 seconds, Stopping threads took: 0.0040627 seconds
2016-06-26T20:29:10.155+0300: 1238.592: Total time for which application threads were stopped: 0.0022298 seconds, Stopping threads took: 0.0013788 seconds
2016-06-26T20:29:10.823+0300: 1239.260: Total time for which application threads were stopped: 0.0030137 seconds, Stopping threads took: 0.0020078 seconds
2016-06-26T20:29:11.028+0300: 1239.465: [Full GC (Ergonomics) [PSYoungGen: 791858K->176002K(802816K)] [ParOldGen: 3495368K->3495385K(3495424K)] 4287227K->3671388K(4298240K), [Metaspace: 9071K->9071K(1058816K)], 0.4076348 secs] [Times: user=1.48 sys=0.00, real=0.41 secs] 
2016-06-26T20:29:11.436+0300: 1239.873: Total time for which application threads were stopped: 0.4087121 seconds, Stopping threads took: 0.0006535 seconds
2016-06-26T20:29:11.821+0300: 1240.258: Total time for which application threads were stopped: 0.0013693 seconds, Stopping threads took: 0.0006376 seconds
2016-06-26T20:29:12.382+0300: 1240.819: [Full GC (Ergonomics) [PSYoungGen: 791000K->60000K(802816K)] [ParOldGen: 3495385K->3495385K(3495424K)] 4286386K->3555386K(4298240K), [Metaspace: 9071K->9071K(1058816K)], 0.3978150 secs] [Times: user=1.48 sys=0.00, real=0.40 secs] 
2016-06-26T20:29:12.780+0300: 1241.217: Total time for which application threads were stopped: 0.3996646 seconds, Stopping threads took: 0.0013287 seconds
2016-06-26T20:29:13.139+0300: 1241.576: Total time for which application threads were stopped: 0.0056771 seconds, Stopping threads took: 0.0047807 seconds
2016-06-26T20:29:13.895+0300: 1242.332: [Full GC (Ergonomics) [PSYoungGen: 791009K->0K(802816K)] [ParOldGen: 3495385K->3491404K(3495424K)] 4286395K->3491404K(4298240K), [Metaspace: 9071K->9071K(1058816K)], 0.3946542 secs] [Times: user=1.39 sys=0.00, real=0.39 secs] 
2016-06-26T20:29:14.290+0300: 1242.727: Total time for which application threads were stopped: 0.4014907 seconds, Stopping threads took: 0.0063785 seconds
2016-06-26T20:29:14.995+0300: 1243.432: Total time for which application threads were stopped: 0.0028991 seconds, Stopping threads took: 0.0020113 seconds
2016-06-26T20:29:15.543+0300: 1243.980: [Full GC (Ergonomics) [PSYoungGen: 792048K->0K(802816K)] [ParOldGen: 3491404K->3461567K(3495424K)] 4283453K->3461567K(4298240K), [Metaspace: 9071K->9071K(1058816K)], 0.4020745 secs] [Times: user=1.36 sys=0.00, real=0.40 secs] 
2016-06-26T20:29:15.945+0300: 1244.382: Total time for which application threads were stopped: 0.4062954 seconds, Stopping threads took: 0.0037681 seconds
2016-06-26T20:29:16.826+0300: 1245.264: Total time for which application threads were stopped: 0.0049347 seconds, Stopping threads took: 0.0039635 seconds
2016-06-26T20:29:17.185+0300: 1245.622: [Full GC (Ergonomics) [PSYoungGen: 790653K->0K(802816K)] [ParOldGen: 3461567K->3275418K(3495424K)] 4252221K->3275418K(4298240K), [Metaspace: 9071K->9071K(1058816K)], 0.3723948 secs] [Times: user=1.22 sys=0.00, real=0.37 secs] 
2016-06-26T20:29:17.558+0300: 1245.995: Total time for which application threads were stopped: 0.3736735 seconds, Stopping threads took: 0.0008758 seconds
2016-06-26T20:29:17.825+0300: 1246.261: Total time for which application threads were stopped: 0.0026254 seconds, Stopping threads took: 0.0019638 seconds
2016-06-26T20:29:18.660+0300: 1247.098: [Full GC (Ergonomics) [PSYoungGen: 791412K->108002K(802816K)] [ParOldGen: 3275418K->3493429K(3495424K)] 4066830K->3601431K(4298240K), [Metaspace: 9071K->9071K(1058816K)], 0.4079594 secs] [Times: user=1.33 sys=0.00, real=0.41 secs] 
2016-06-26T20:29:19.069+0300: 1247.506: Total time for which application threads were stopped: 0.4112682 seconds, Stopping threads took: 0.0027947 seconds
2016-06-26T20:29:19.073+0300: 1247.510: Total time for which application threads were stopped: 0.0011299 seconds, Stopping threads took: 0.0001766 seconds
2016-06-26T20:29:19.827+0300: 1248.264: Total time for which application threads were stopped: 0.0044703 seconds, Stopping threads took: 0.0035654 seconds
2016-06-26T20:29:19.833+0300: 1248.270: Total time for which application threads were stopped: 0.0004131 seconds, Stopping threads took: 0.0000731 seconds
2016-06-26T20:29:20.205+0300: 1248.642: [Full GC (Ergonomics) [PSYoungGen: 792240K->0K(802816K)] [ParOldGen: 3493429K->3429438K(3495424K)] 4285669K->3429438K(4298240K), [Metaspace: 9071K->9071K(1058816K)], 0.3969807 secs] [Times: user=1.27 sys=0.00, real=0.40 secs] 
2016-06-26T20:29:20.602+0300: 1249.039: Total time for which application threads were stopped: 0.3981640 seconds, Stopping threads took: 0.0007997 seconds
2016-06-26T20:29:20.824+0300: 1249.261: Total time for which application threads were stopped: 0.0014143 seconds, Stopping threads took: 0.0008138 seconds
2016-06-26T20:29:21.703+0300: 1250.140: [Full GC (Ergonomics) [PSYoungGen: 791366K->172003K(802816K)] [ParOldGen: 3429438K->3493446K(3495424K)] 4220805K->3665450K(4298240K), [Metaspace: 9071K->9071K(1058816K)], 0.4276927 secs] [Times: user=1.22 sys=0.00, real=0.43 secs] 
2016-06-26T20:29:22.131+0300: 1250.568: Total time for which application threads were stopped: 0.4335502 seconds, Stopping threads took: 0.0053606 seconds
2016-06-26T20:29:22.134+0300: 1250.571: Total time for which application threads were stopped: 0.0009827 seconds, Stopping threads took: 0.0000706 seconds
2016-06-26T20:29:22.827+0300: 1251.264: Total time for which application threads were stopped: 0.0038190 seconds, Stopping threads took: 0.0031535 seconds
2016-06-26T20:29:23.158+0300: 1251.596: [Full GC (Ergonomics) [PSYoungGen: 792179K->0K(802816K)] [ParOldGen: 3493446K->3309453K(3495424K)] 4285625K->3309453K(4298240K), [Metaspace: 9071K->9071K(1058816K)], 0.3715613 secs] [Times: user=1.39 sys=0.00, real=0.37 secs] 
2016-06-26T20:29:23.530+0300: 1251.967: Total time for which application threads were stopped: 0.3723837 seconds, Stopping threads took: 0.0004024 seconds
2016-06-26T20:29:23.824+0300: 1252.262: Total time for which application threads were stopped: 0.0014874 seconds, Stopping threads took: 0.0008425 seconds
2016-06-26T20:29:24.631+0300: 1253.068: [Full GC (Ergonomics) [PSYoungGen: 792006K->24000K(802816K)] [ParOldGen: 3309453K->3493464K(3495424K)] 4101460K->3517465K(4298240K), [Metaspace: 9071K->9071K(1058816K)], 0.3936450 secs] [Times: user=1.39 sys=0.00, real=0.39 secs] 
2016-06-26T20:29:25.025+0300: 1253.462: Total time for which application threads were stopped: 0.3976487 seconds, Stopping threads took: 0.0035316 seconds
2016-06-26T20:29:25.043+0300: 1253.480: Total time for which application threads were stopped: 0.0010358 seconds, Stopping threads took: 0.0000680 seconds
2016-06-26T20:29:26.096+0300: 1254.533: [Full GC (Ergonomics) [PSYoungGen: 792400K->86000K(802816K)] [ParOldGen: 3493464K->3493474K(3495424K)] 4285865K->3579474K(4298240K), [Metaspace: 9071K->9071K(1058816K)], 0.3960869 secs] [Times: user=1.44 sys=0.00, real=0.40 secs] 
2016-06-26T20:29:26.492+0300: 1254.929: Total time for which application threads were stopped: 0.3978629 seconds, Stopping threads took: 0.0012697 seconds
2016-06-26T20:29:26.826+0300: 1255.263: Total time for which application threads were stopped: 0.0013809 seconds, Stopping threads took: 0.0007343 seconds
2016-06-26T20:29:27.514+0300: 1255.951: [Full GC (Ergonomics) [PSYoungGen: 792071K->236004K(802816K)] [ParOldGen: 3493474K->3493481K(3495424K)] 4285545K->3729485K(4298240K), [Metaspace: 9071K->9071K(1058816K)], 0.4361743 secs] [Times: user=1.33 sys=0.00, real=0.44 secs] 
2016-06-26T20:29:27.950+0300: 1256.387: Total time for which application threads were stopped: 0.4404457 seconds, Stopping threads took: 0.0037933 seconds
2016-06-26T20:29:28.199+0300: 1256.636: Total time for which application threads were stopped: 0.0020784 seconds, Stopping threads took: 0.0011726 seconds
2016-06-26T20:29:28.890+0300: 1257.327: [Full GC (Ergonomics) [PSYoungGen: 792576K->148003K(802816K)] [ParOldGen: 3493481K->3493491K(3495424K)] 4286057K->3641495K(4298240K), [Metaspace: 9071K->9071K(1058816K)], 0.4144824 secs] [Times: user=1.33 sys=0.00, real=0.41 secs] 
2016-06-26T20:29:29.304+0300: 1257.741: Total time for which application threads were stopped: 0.4175282 seconds, Stopping threads took: 0.0025950 seconds
2016-06-26T20:29:30.236+0300: 1258.673: [Full GC (Ergonomics) [PSYoungGen: 791959K->0K(802816K)] [ParOldGen: 3493491K->3491644K(3495424K)] 4285451K->3491644K(4298240K), [Metaspace: 9071K->9071K(1058816K)], 0.4073996 secs] [Times: user=1.28 sys=0.00, real=0.41 secs] 
2016-06-26T20:29:30.643+0300: 1259.080: Total time for which application threads were stopped: 0.4124519 seconds, Stopping threads took: 0.0045263 seconds
2016-06-26T20:29:30.827+0300: 1259.264: Total time for which application threads were stopped: 0.0014006 seconds, Stopping threads took: 0.0005175 seconds
2016-06-26T20:29:31.791+0300: 1260.228: [Full GC (Ergonomics) [PSYoungGen: 792111K->26000K(802816K)] [ParOldGen: 3491644K->3493508K(3495424K)] 4283755K->3519508K(4298240K), [Metaspace: 9071K->9071K(1058816K)], 0.4370617 secs] [Times: user=1.16 sys=0.00, real=0.44 secs] 
2016-06-26T20:29:32.228+0300: 1260.666: Total time for which application threads were stopped: 0.4427829 seconds, Stopping threads took: 0.0051964 seconds
2016-06-26T20:29:32.231+0300: 1260.668: Total time for which application threads were stopped: 0.0011820 seconds, Stopping threads took: 0.0002468 seconds
2016-06-26T20:29:32.835+0300: 1261.272: Total time for which application threads were stopped: 0.0090201 seconds, Stopping threads took: 0.0080651 seconds
2016-06-26T20:29:32.842+0300: 1261.279: Total time for which application threads were stopped: 0.0004247 seconds, Stopping threads took: 0.0000761 seconds
2016-06-26T20:29:33.389+0300: 1261.826: [Full GC (Ergonomics) [PSYoungGen: 790940K->56000K(802816K)] [ParOldGen: 3493508K->3493517K(3495424K)] 4284448K->3549517K(4298240K), [Metaspace: 9071K->9071K(1058816K)], 0.4315903 secs] [Times: user=1.08 sys=0.02, real=0.43 secs] 
2016-06-26T20:29:33.821+0300: 1262.257: Total time for which application threads were stopped: 0.4349760 seconds, Stopping threads took: 0.0028499 seconds
2016-06-26T20:29:34.220+0300: 1262.657: Total time for which application threads were stopped: 0.0037334 seconds, Stopping threads took: 0.0027357 seconds
2016-06-26T20:29:34.976+0300: 1263.414: [Full GC (Ergonomics) [PSYoungGen: 792484K->178001K(802816K)] [ParOldGen: 3493517K->3493529K(3495424K)] 4286001K->3671531K(4298240K), [Metaspace: 9071K->9071K(1058816K)], 0.4157290 secs] [Times: user=1.45 sys=0.00, real=0.42 secs] 
2016-06-26T20:29:35.393+0300: 1263.829: Total time for which application threads were stopped: 0.4187799 seconds, Stopping threads took: 0.0025642 seconds
2016-06-26T20:29:36.144+0300: 1264.581: Total time for which application threads were stopped: 0.0058353 seconds, Stopping threads took: 0.0049869 seconds
2016-06-26T20:29:36.434+0300: 1264.871: [Full GC (Ergonomics) [PSYoungGen: 790937K->0K(802816K)] [ParOldGen: 3493529K->3371579K(3495424K)] 4284467K->3371579K(4298240K), [Metaspace: 9071K->9071K(1058816K)], 0.4025676 secs] [Times: user=1.20 sys=0.00, real=0.40 secs] 
2016-06-26T20:29:36.837+0300: 1265.274: Total time for which application threads were stopped: 0.4050154 seconds, Stopping threads took: 0.0020446 seconds
2016-06-26T20:29:37.832+0300: 1266.269: Total time for which application threads were stopped: 0.0043933 seconds, Stopping threads took: 0.0035098 seconds
2016-06-26T20:29:37.948+0300: 1266.385: [Full GC (Ergonomics) [PSYoungGen: 791432K->114000K(802816K)] [ParOldGen: 3371579K->3493544K(3495424K)] 4163012K->3607545K(4298240K), [Metaspace: 9071K->9071K(1058816K)], 0.4194052 secs] [Times: user=1.42 sys=0.00, real=0.42 secs] 
2016-06-26T20:29:38.368+0300: 1266.805: Total time for which application threads were stopped: 0.4224338 seconds, Stopping threads took: 0.0025390 seconds
2016-06-26T20:29:39.170+0300: 1267.607: Total time for which application threads were stopped: 0.0038797 seconds, Stopping threads took: 0.0029230 seconds
2016-06-26T20:29:39.484+0300: 1267.921: [Full GC (Ergonomics) [PSYoungGen: 790792K->0K(802816K)] [ParOldGen: 3493544K->3279552K(3495424K)] 4284336K->3279552K(4298240K), [Metaspace: 9071K->9071K(1058816K)], 0.3893479 secs] [Times: user=1.22 sys=0.00, real=0.39 secs] 
2016-06-26T20:29:39.873+0300: 1268.310: Total time for which application threads were stopped: 0.3915670 seconds, Stopping threads took: 0.0017966 seconds
2016-06-26T20:29:40.832+0300: 1269.269: Total time for which application threads were stopped: 0.0037967 seconds, Stopping threads took: 0.0027404 seconds
2016-06-26T20:29:40.962+0300: 1269.399: [Full GC (Ergonomics) [PSYoungGen: 791387K->142001K(802816K)] [ParOldGen: 3279552K->3493561K(3495424K)] 4070939K->3635563K(4298240K), [Metaspace: 9071K->9071K(1058816K)], 0.4222033 secs] [Times: user=1.36 sys=0.00, real=0.42 secs] 
2016-06-26T20:29:41.384+0300: 1269.821: Total time for which application threads were stopped: 0.4244972 seconds, Stopping threads took: 0.0017820 seconds
2016-06-26T20:29:41.831+0300: 1270.268: Total time for which application threads were stopped: 0.0023568 seconds, Stopping threads took: 0.0014249 seconds
2016-06-26T20:29:42.260+0300: 1270.697: [Full GC (Ergonomics) [PSYoungGen: 792502K->120001K(802816K)] [ParOldGen: 3493561K->3493561K(3495424K)] 4286064K->3613562K(4298240K), [Metaspace: 9071K->9071K(1058816K)], 0.4196660 secs] [Times: user=1.33 sys=0.00, real=0.42 secs] 
2016-06-26T20:29:42.679+0300: 1271.116: Total time for which application threads were stopped: 0.4213677 seconds, Stopping threads took: 0.0012034 seconds
2016-06-26T20:29:42.831+0300: 1271.268: Total time for which application threads were stopped: 0.0026211 seconds, Stopping threads took: 0.0017085 seconds
2016-06-26T20:29:43.710+0300: 1272.146: [Full GC (Ergonomics) [PSYoungGen: 790744K->86002K(802816K)] [ParOldGen: 3493561K->3493577K(3495424K)] 4284305K->3579579K(4298240K), [Metaspace: 9071K->9071K(1058816K)], 0.4336593 secs] [Times: user=1.23 sys=0.00, real=0.43 secs] 
2016-06-26T20:29:44.143+0300: 1272.580: Total time for which application threads were stopped: 0.4426648 seconds, Stopping threads took: 0.0084902 seconds
2016-06-26T20:29:44.182+0300: 1272.619: Total time for which application threads were stopped: 0.0037043 seconds, Stopping threads took: 0.0027703 seconds
2016-06-26T20:29:44.834+0300: 1273.271: Total time for which application threads were stopped: 0.0051644 seconds, Stopping threads took: 0.0041919 seconds
2016-06-26T20:29:45.237+0300: 1273.674: [Full GC (Ergonomics) [PSYoungGen: 791804K->86000K(802816K)] [ParOldGen: 3493577K->3493571K(3495424K)] 4285381K->3579571K(4298240K), [Metaspace: 9071K->9071K(1058816K)], 0.4163359 secs] [Times: user=1.39 sys=0.00, real=0.42 secs] 
2016-06-26T20:29:45.654+0300: 1274.091: Total time for which application threads were stopped: 0.4218133 seconds, Stopping threads took: 0.0049604 seconds
2016-06-26T20:29:45.832+0300: 1274.269: Total time for which application threads were stopped: 0.0020335 seconds, Stopping threads took: 0.0011782 seconds
2016-06-26T20:29:45.838+0300: 1274.275: Total time for which application threads were stopped: 0.0005705 seconds, Stopping threads took: 0.0000770 seconds
2016-06-26T20:29:46.675+0300: 1275.112: [Full GC (Ergonomics) [PSYoungGen: 791320K->0K(802816K)] [ParOldGen: 3493571K->3461578K(3495424K)] 4284892K->3461578K(4298240K), [Metaspace: 9071K->9071K(1058816K)], 0.3880927 secs] [Times: user=1.44 sys=0.00, real=0.39 secs] 
2016-06-26T20:29:47.063+0300: 1275.500: Total time for which application threads were stopped: 0.3918103 seconds, Stopping threads took: 0.0031740 seconds
2016-06-26T20:29:47.139+0300: 1275.576: Total time for which application threads were stopped: 0.0015327 seconds, Stopping threads took: 0.0006932 seconds
2016-06-26T20:29:47.833+0300: 1276.270: Total time for which application threads were stopped: 0.0029568 seconds, Stopping threads took: 0.0020408 seconds
2016-06-26T20:29:48.275+0300: 1276.712: [Full GC (Ergonomics) [PSYoungGen: 791902K->144001K(802816K)] [ParOldGen: 3461578K->3493589K(3495424K)] 4253481K->3637590K(4298240K), [Metaspace: 9071K->9071K(1058816K)], 0.4078516 secs] [Times: user=1.44 sys=0.00, real=0.41 secs] 
2016-06-26T20:29:48.683+0300: 1277.120: Total time for which application threads were stopped: 0.4091680 seconds, Stopping threads took: 0.0008202 seconds
2016-06-26T20:29:48.832+0300: 1277.268: Total time for which application threads were stopped: 0.0011093 seconds, Stopping threads took: 0.0004875 seconds
2016-06-26T20:29:49.657+0300: 1278.094: [Full GC (Ergonomics) [PSYoungGen: 792042K->58001K(802816K)] [ParOldGen: 3493589K->3493595K(3495424K)] 4285632K->3551597K(4298240K), [Metaspace: 9071K->9071K(1058816K)], 0.3890905 secs] [Times: user=1.44 sys=0.00, real=0.39 secs] 
2016-06-26T20:29:50.046+0300: 1278.483: Total time for which application threads were stopped: 0.3924809 seconds, Stopping threads took: 0.0028867 seconds
2016-06-26T20:29:50.947+0300: 1279.384: Total time for which application threads were stopped: 0.0023902 seconds, Stopping threads took: 0.0014271 seconds
2016-06-26T20:29:51.276+0300: 1279.713: [Full GC (Ergonomics) [PSYoungGen: 790774K->0K(802816K)] [ParOldGen: 3493595K->3399607K(3495424K)] 4284370K->3399607K(4298240K), [Metaspace: 9071K->9071K(1058816K)], 0.3910743 secs] [Times: user=1.30 sys=0.00, real=0.39 secs] 
2016-06-26T20:29:51.667+0300: 1280.104: Total time for which application threads were stopped: 0.3919279 seconds, Stopping threads took: 0.0004076 seconds
2016-06-26T20:29:51.876+0300: 1280.313: Total time for which application threads were stopped: 0.0014296 seconds, Stopping threads took: 0.0007894 seconds
2016-06-26T20:29:52.759+0300: 1281.196: [Full GC (Ergonomics) [PSYoungGen: 791469K->22000K(802816K)] [ParOldGen: 3399607K->3493614K(3495424K)] 4191076K->3515614K(4298240K), [Metaspace: 9071K->9071K(1058816K)], 0.3953505 secs] [Times: user=1.44 sys=0.00, real=0.39 secs] 
2016-06-26T20:29:53.154+0300: 1281.591: Total time for which application threads were stopped: 0.3996150 seconds, Stopping threads took: 0.0037505 seconds
2016-06-26T20:29:53.195+0300: 1281.632: Total time for which application threads were stopped: 0.0065842 seconds, Stopping threads took: 0.0056279 seconds
2016-06-26T20:29:54.248+0300: 1282.685: [Full GC (Ergonomics) [PSYoungGen: 791692K->176002K(802816K)] [ParOldGen: 3493614K->3493623K(3495424K)] 4285306K->3669625K(4298240K), [Metaspace: 9071K->9071K(1058816K)], 0.4205996 secs] [Times: user=1.41 sys=0.00, real=0.42 secs] 
2016-06-26T20:29:54.669+0300: 1283.106: Total time for which application threads were stopped: 0.4257267 seconds, Stopping threads took: 0.0046165 seconds
2016-06-26T20:29:54.834+0300: 1283.271: Total time for which application threads were stopped: 0.0024304 seconds, Stopping threads took: 0.0011820 seconds
2016-06-26T20:29:55.598+0300: 1284.036: [Full GC (Ergonomics) [PSYoungGen: 791465K->116002K(802816K)] [ParOldGen: 3493623K->3493630K(3495424K)] 4285088K->3609633K(4298240K), [Metaspace: 9071K->9071K(1058816K)], 0.4290475 secs] [Times: user=1.25 sys=0.00, real=0.43 secs] 
2016-06-26T20:29:56.028+0300: 1284.465: Total time for which application threads were stopped: 0.4335969 seconds, Stopping threads took: 0.0040649 seconds
2016-06-26T20:29:56.188+0300: 1284.625: Total time for which application threads were stopped: 0.0039708 seconds, Stopping threads took: 0.0030868 seconds
2016-06-26T20:29:57.109+0300: 1285.546: [Full GC (Ergonomics) [PSYoungGen: 792576K->0K(802816K)] [ParOldGen: 3493630K->3401638K(3495424K)] 4286206K->3401638K(4298240K), [Metaspace: 9071K->9071K(1058816K)], 0.3912381 secs] [Times: user=1.28 sys=0.00, real=0.39 secs] 
2016-06-26T20:29:57.501+0300: 1285.938: Total time for which application threads were stopped: 0.3976619 seconds, Stopping threads took: 0.0058918 seconds
2016-06-26T20:29:57.834+0300: 1286.271: Total time for which application threads were stopped: 0.0015592 seconds, Stopping threads took: 0.0007262 seconds
2016-06-26T20:29:58.632+0300: 1287.069: [Full GC (Ergonomics) [PSYoungGen: 792358K->56000K(802816K)] [ParOldGen: 3401638K->3493649K(3495424K)] 4193997K->3549650K(4298240K), [Metaspace: 9071K->9071K(1058816K)], 0.4037141 secs] [Times: user=1.45 sys=0.00, real=0.40 secs] 
2016-06-26T20:29:59.036+0300: 1287.473: Total time for which application threads were stopped: 0.4078067 seconds, Stopping threads took: 0.0035666 seconds
2016-06-26T20:29:59.218+0300: 1287.655: Total time for which application threads were stopped: 0.0030381 seconds, Stopping threads took: 0.0019749 seconds
2016-06-26T20:30:00.188+0300: 1288.625: Total time for which application threads were stopped: 0.0023230 seconds, Stopping threads took: 0.0019792 seconds
2016-06-26T20:30:00.227+0300: 1288.664: [Full GC (Ergonomics) [PSYoungGen: 791032K->26000K(802816K)] [ParOldGen: 3493649K->3493657K(3495424K)] 4284682K->3519658K(4298240K), [Metaspace: 9071K->9071K(1058816K)], 0.4030546 secs] [Times: user=1.38 sys=0.02, real=0.40 secs] 
2016-06-26T20:30:00.630+0300: 1289.067: Total time for which application threads were stopped: 0.4049051 seconds, Stopping threads took: 0.0012988 seconds
2016-06-26T20:30:00.837+0300: 1289.274: Total time for which application threads were stopped: 0.0031257 seconds, Stopping threads took: 0.0021571 seconds
2016-06-26T20:30:01.748+0300: 1290.185: [Full GC (Ergonomics) [PSYoungGen: 790991K->206011K(802816K)] [ParOldGen: 3493657K->3493659K(3495424K)] 4284649K->3699670K(4298240K), [Metaspace: 9071K->9071K(1058816K)], 0.4178485 secs] [Times: user=1.48 sys=0.00, real=0.42 secs] 
2016-06-26T20:30:02.166+0300: 1290.603: Total time for which application threads were stopped: 0.4246392 seconds, Stopping threads took: 0.0062604 seconds
2016-06-26T20:30:02.168+0300: 1290.605: Total time for which application threads were stopped: 0.0007061 seconds, Stopping threads took: 0.0000607 seconds
2016-06-26T20:30:02.843+0300: 1291.280: Total time for which application threads were stopped: 0.0087605 seconds, Stopping threads took: 0.0078252 seconds
2016-06-26T20:30:03.120+0300: 1291.557: [Full GC (Ergonomics) [PSYoungGen: 791235K->206005K(802816K)] [ParOldGen: 3493659K->3493673K(3495424K)] 4284894K->3699678K(4298240K), [Metaspace: 9071K->9071K(1058816K)], 0.4378063 secs] [Times: user=1.33 sys=0.00, real=0.44 secs] 
2016-06-26T20:30:03.558+0300: 1291.995: Total time for which application threads were stopped: 0.4468332 seconds, Stopping threads took: 0.0084847 seconds
2016-06-26T20:30:03.839+0300: 1292.276: Total time for which application threads were stopped: 0.0046448 seconds, Stopping threads took: 0.0036671 seconds
2016-06-26T20:30:04.465+0300: 1292.902: [Full GC (Ergonomics) [PSYoungGen: 791973K->0K(802816K)] [ParOldGen: 3493673K->3405673K(3495424K)] 4285646K->3405673K(4298240K), [Metaspace: 9071K->9071K(1058816K)], 0.4008758 secs] [Times: user=1.17 sys=0.00, real=0.40 secs] 
2016-06-26T20:30:04.866+0300: 1293.303: Total time for which application threads were stopped: 0.4050428 seconds, Stopping threads took: 0.0036487 seconds
2016-06-26T20:30:05.174+0300: 1293.611: Total time for which application threads were stopped: 0.0039699 seconds, Stopping threads took: 0.0029833 seconds
2016-06-26T20:30:05.838+0300: 1294.275: Total time for which application threads were stopped: 0.0029371 seconds, Stopping threads took: 0.0020562 seconds
2016-06-26T20:30:06.036+0300: 1294.473: [Full GC (Ergonomics) [PSYoungGen: 791551K->0K(802816K)] [ParOldGen: 3405673K->3461692K(3495424K)] 4197225K->3461692K(4298240K), [Metaspace: 9071K->9071K(1058816K)], 0.4045720 secs] [Times: user=1.31 sys=0.00, real=0.40 secs] 
2016-06-26T20:30:06.441+0300: 1294.878: Total time for which application threads were stopped: 0.4083785 seconds, Stopping threads took: 0.0032728 seconds
2016-06-26T20:30:06.839+0300: 1295.276: Total time for which application threads were stopped: 0.0037843 seconds, Stopping threads took: 0.0028289 seconds
2016-06-26T20:30:07.621+0300: 1296.058: [Full GC (Ergonomics) [PSYoungGen: 791390K->84000K(802816K)] [ParOldGen: 3461692K->3493702K(3495424K)] 4253082K->3577703K(4298240K), [Metaspace: 9071K->9071K(1058816K)], 0.4211517 secs] [Times: user=1.23 sys=0.00, real=0.42 secs] 
2016-06-26T20:30:08.042+0300: 1296.479: Total time for which application threads were stopped: 0.4264153 seconds, Stopping threads took: 0.0047286 seconds
2016-06-26T20:30:08.179+0300: 1296.616: Total time for which application threads were stopped: 0.0049608 seconds, Stopping threads took: 0.0040110 seconds
2016-06-26T20:30:08.842+0300: 1297.279: Total time for which application threads were stopped: 0.0065645 seconds, Stopping threads took: 0.0056087 seconds
2016-06-26T20:30:09.121+0300: 1297.558: [Full GC (Ergonomics) [PSYoungGen: 792164K->206003K(802816K)] [ParOldGen: 3493702K->3493710K(3495424K)] 4285867K->3699714K(4298240K), [Metaspace: 9071K->9071K(1058816K)], 0.4211572 secs] [Times: user=1.38 sys=0.00, real=0.42 secs] 
2016-06-26T20:30:09.542+0300: 1297.979: Total time for which application threads were stopped: 0.4272680 seconds, Stopping threads took: 0.0056061 seconds
2016-06-26T20:30:09.838+0300: 1298.274: Total time for which application threads were stopped: 0.0016204 seconds, Stopping threads took: 0.0006992 seconds
2016-06-26T20:30:09.844+0300: 1298.281: Total time for which application threads were stopped: 0.0004306 seconds, Stopping threads took: 0.0000753 seconds
2016-06-26T20:30:10.395+0300: 1298.832: [Full GC (Ergonomics) [PSYoungGen: 791838K->92000K(802816K)] [ParOldGen: 3493710K->3493711K(3495424K)] 4285549K->3585712K(4298240K), [Metaspace: 9071K->9071K(1058816K)], 0.3998750 secs] [Times: user=1.47 sys=0.00, real=0.40 secs] 
2016-06-26T20:30:10.795+0300: 1299.232: Total time for which application threads were stopped: 0.4028083 seconds, Stopping threads took: 0.0024043 seconds
2016-06-26T20:30:11.172+0300: 1299.610: Total time for which application threads were stopped: 0.0039353 seconds, Stopping threads took: 0.0029949 seconds
2016-06-26T20:30:11.916+0300: 1300.353: [Full GC (Ergonomics) [PSYoungGen: 791482K->0K(802816K)] [ParOldGen: 3493711K->3339727K(3495424K)] 4285194K->3339727K(4298240K), [Metaspace: 9071K->9071K(1058816K)], 0.3762300 secs] [Times: user=1.33 sys=0.00, real=0.38 secs] 
2016-06-26T20:30:12.293+0300: 1300.730: Total time for which application threads were stopped: 0.3782563 seconds, Stopping threads took: 0.0015425 seconds
2016-06-26T20:30:12.978+0300: 1301.415: Total time for which application threads were stopped: 0.0026219 seconds, Stopping threads took: 0.0018056 seconds
2016-06-26T20:30:13.500+0300: 1301.937: [Full GC (Ergonomics) [PSYoungGen: 791724K->0K(802816K)] [ParOldGen: 3339727K->3429910K(3495424K)] 4131452K->3429910K(4298240K), [Metaspace: 9071K->9071K(1058816K)], 0.3861777 secs] [Times: user=1.34 sys=0.00, real=0.39 secs] 
2016-06-26T20:30:13.886+0300: 1302.323: Total time for which application threads were stopped: 0.3877280 seconds, Stopping threads took: 0.0011316 seconds
2016-06-26T20:30:14.844+0300: 1303.281: Total time for which application threads were stopped: 0.0074865 seconds, Stopping threads took: 0.0065303 seconds
2016-06-26T20:30:15.015+0300: 1303.452: [Full GC (Ergonomics) [PSYoungGen: 791299K->200002K(802816K)] [ParOldGen: 3429910K->3493746K(3495424K)] 4221209K->3693749K(4298240K), [Metaspace: 9071K->9071K(1058816K)], 0.4306277 secs] [Times: user=1.39 sys=0.00, real=0.43 secs] 
2016-06-26T20:30:15.445+0300: 1303.883: Total time for which application threads were stopped: 0.4334750 seconds, Stopping threads took: 0.0023307 seconds
2016-06-26T20:30:15.843+0300: 1304.280: Total time for which application threads were stopped: 0.0059765 seconds, Stopping threads took: 0.0050848 seconds
2016-06-26T20:30:16.272+0300: 1304.709: [Full GC (Ergonomics) [PSYoungGen: 790788K->208004K(802816K)] [ParOldGen: 3493746K->3493744K(3495424K)] 4284534K->3701748K(4298240K), [Metaspace: 9071K->9071K(1058816K)], 0.4185802 secs] [Times: user=1.48 sys=0.00, real=0.42 secs] 
2016-06-26T20:30:16.691+0300: 1305.128: Total time for which application threads were stopped: 0.4217585 seconds, Stopping threads took: 0.0025544 seconds
2016-06-26T20:30:16.839+0300: 1305.276: Total time for which application threads were stopped: 0.0017205 seconds, Stopping threads took: 0.0008284 seconds
2016-06-26T20:30:17.565+0300: 1306.002: [Full GC (Ergonomics) [PSYoungGen: 791120K->0K(802816K)] [ParOldGen: 3493744K->3491781K(3495424K)] 4284865K->3491781K(4298240K), [Metaspace: 9071K->9071K(1058816K)], 0.4050881 secs] [Times: user=1.38 sys=0.00, real=0.40 secs] 
2016-06-26T20:30:17.971+0300: 1306.407: Total time for which application threads were stopped: 0.4135685 seconds, Stopping threads took: 0.0079668 seconds
2016-06-26T20:30:17.971+0300: 1306.408: Total time for which application threads were stopped: 0.0004841 seconds, Stopping threads took: 0.0001557 seconds
2016-06-26T20:30:18.165+0300: 1306.602: Total time for which application threads were stopped: 0.0025398 seconds, Stopping threads took: 0.0016413 seconds
2016-06-26T20:30:18.841+0300: 1307.278: Total time for which application threads were stopped: 0.0032006 seconds, Stopping threads took: 0.0022691 seconds
2016-06-26T20:30:19.167+0300: 1307.603: [Full GC (Ergonomics) [PSYoungGen: 792481K->24000K(802816K)] [ParOldGen: 3491781K->3493789K(3495424K)] 4284263K->3517789K(4298240K), [Metaspace: 9071K->9071K(1058816K)], 0.4191665 secs] [Times: user=1.17 sys=0.00, real=0.42 secs] 
2016-06-26T20:30:19.586+0300: 1308.023: Total time for which application threads were stopped: 0.4205915 seconds, Stopping threads took: 0.0009135 seconds
2016-06-26T20:30:19.840+0300: 1308.276: Total time for which application threads were stopped: 0.0014844 seconds, Stopping threads took: 0.0005512 seconds
2016-06-26T20:30:20.748+0300: 1309.185: [Full GC (Ergonomics) [PSYoungGen: 792010K->56001K(802816K)] [ParOldGen: 3493789K->3493797K(3495424K)] 4285800K->3549798K(4298240K), [Metaspace: 9071K->9071K(1058816K)], 0.4066816 secs] [Times: user=1.33 sys=0.00, real=0.41 secs] 
2016-06-26T20:30:21.155+0300: 1309.592: Total time for which application threads were stopped: 0.4116945 seconds, Stopping threads took: 0.0044792 seconds
2016-06-26T20:30:21.157+0300: 1309.594: Total time for which application threads were stopped: 0.0010238 seconds, Stopping threads took: 0.0000676 seconds
2016-06-26T20:30:21.841+0300: 1310.279: Total time for which application threads were stopped: 0.0035628 seconds, Stopping threads took: 0.0027601 seconds
2016-06-26T20:30:21.848+0300: 1310.285: Total time for which application threads were stopped: 0.0004003 seconds, Stopping threads took: 0.0000641 seconds
2016-06-26T20:30:22.271+0300: 1310.708: [Full GC (Ergonomics) [PSYoungGen: 792350K->116001K(802816K)] [ParOldGen: 3493797K->3493807K(3495424K)] 4286147K->3609808K(4298240K), [Metaspace: 9071K->9071K(1058816K)], 0.4045536 secs] [Times: user=1.51 sys=0.00, real=0.41 secs] 
2016-06-26T20:30:22.676+0300: 1311.112: Total time for which application threads were stopped: 0.4059922 seconds, Stopping threads took: 0.0009113 seconds
2016-06-26T20:30:22.840+0300: 1311.277: Total time for which application threads were stopped: 0.0012030 seconds, Stopping threads took: 0.0005465 seconds
2016-06-26T20:30:23.686+0300: 1312.123: [Full GC (Ergonomics) [PSYoungGen: 790730K->146003K(802816K)] [ParOldGen: 3493807K->3493814K(3495424K)] 4284538K->3639818K(4298240K), [Metaspace: 9071K->9071K(1058816K)], 0.4090995 secs] [Times: user=1.34 sys=0.00, real=0.41 secs] 
2016-06-26T20:30:24.096+0300: 1312.533: Total time for which application threads were stopped: 0.4118344 seconds, Stopping threads took: 0.0022264 seconds
2016-06-26T20:30:24.180+0300: 1312.617: Total time for which application threads were stopped: 0.0019249 seconds, Stopping threads took: 0.0009986 seconds
2016-06-26T20:30:25.051+0300: 1313.488: [Full GC (Ergonomics) [PSYoungGen: 790874K->26000K(802816K)] [ParOldGen: 3493814K->3493826K(3495424K)] 4284688K->3519826K(4298240K), [Metaspace: 9071K->9071K(1058816K)], 0.3916465 secs] [Times: user=1.47 sys=0.00, real=0.39 secs] 
2016-06-26T20:30:25.443+0300: 1313.880: Total time for which application threads were stopped: 0.3954779 seconds, Stopping threads took: 0.0033438 seconds
2016-06-26T20:30:26.317+0300: 1314.754: Total time for which application threads were stopped: 0.0032271 seconds, Stopping threads took: 0.0022542 seconds
2016-06-26T20:30:26.709+0300: 1315.146: [Full GC (Ergonomics) [PSYoungGen: 792465K->0K(802816K)] [ParOldGen: 3493826K->3281838K(3495424K)] 4286291K->3281838K(4298240K), [Metaspace: 9071K->9071K(1058816K)], 0.3816878 secs] [Times: user=1.34 sys=0.00, real=0.38 secs] 
2016-06-26T20:30:27.091+0300: 1315.528: Total time for which application threads were stopped: 0.3836088 seconds, Stopping threads took: 0.0015361 seconds
2016-06-26T20:30:27.093+0300: 1315.530: Total time for which application threads were stopped: 0.0007514 seconds, Stopping threads took: 0.0000599 seconds
2016-06-26T20:30:27.843+0300: 1316.280: Total time for which application threads were stopped: 0.0034259 seconds, Stopping threads took: 0.0026010 seconds
2016-06-26T20:30:28.278+0300: 1316.714: [Full GC (Ergonomics) [PSYoungGen: 791430K->0K(802816K)] [ParOldGen: 3281838K->3489850K(3495424K)] 4073268K->3489850K(4298240K), [Metaspace: 9071K->9071K(1058816K)], 0.4375326 secs] [Times: user=1.39 sys=0.00, real=0.44 secs] 
2016-06-26T20:30:28.715+0300: 1317.152: Total time for which application threads were stopped: 0.4409213 seconds, Stopping threads took: 0.0029474 seconds
2016-06-26T20:30:28.841+0300: 1317.278: Total time for which application threads were stopped: 0.0015357 seconds, Stopping threads took: 0.0007535 seconds
2016-06-26T20:30:29.822+0300: 1318.259: [Full GC (Ergonomics) [PSYoungGen: 792405K->82001K(802816K)] [ParOldGen: 3489850K->3493833K(3495424K)] 4282255K->3575834K(4298240K), [Metaspace: 9071K->9071K(1058816K)], 0.4159873 secs] [Times: user=1.34 sys=0.00, real=0.42 secs] 
2016-06-26T20:30:30.238+0300: 1318.675: Total time for which application threads were stopped: 0.4211205 seconds, Stopping threads took: 0.0046118 seconds
2016-06-26T20:30:30.241+0300: 1318.679: Total time for which application threads were stopped: 0.0017927 seconds, Stopping threads took: 0.0008314 seconds
2016-06-26T20:30:30.849+0300: 1319.286: Total time for which application threads were stopped: 0.0093862 seconds, Stopping threads took: 0.0085176 seconds
2016-06-26T20:30:31.268+0300: 1319.705: [Full GC (Ergonomics) [PSYoungGen: 790664K->0K(802816K)] [ParOldGen: 3493833K->3457841K(3495424K)] 4284497K->3457841K(4298240K), [Metaspace: 9071K->9071K(1058816K)], 0.4169179 secs] [Times: user=1.25 sys=0.00, real=0.42 secs] 
2016-06-26T20:30:31.685+0300: 1320.122: Total time for which application threads were stopped: 0.4194240 seconds, Stopping threads took: 0.0019907 seconds
2016-06-26T20:30:31.842+0300: 1320.279: Total time for which application threads were stopped: 0.0017893 seconds, Stopping threads took: 0.0008583 seconds
2016-06-26T20:30:32.844+0300: 1321.281: Total time for which application threads were stopped: 0.0040020 seconds, Stopping threads took: 0.0030145 seconds
2016-06-26T20:30:32.853+0300: 1321.290: Total time for which application threads were stopped: 0.0025865 seconds, Stopping threads took: 0.0022584 seconds
2016-06-26T20:30:32.858+0300: 1321.296: [Full GC (Ergonomics) [PSYoungGen: 792232K->20000K(802816K)] [ParOldGen: 3457841K->3493851K(3495424K)] 4250073K->3513851K(4298240K), [Metaspace: 9071K->9071K(1058816K)], 0.4043757 secs] [Times: user=1.30 sys=0.00, real=0.40 secs] 
2016-06-26T20:30:33.263+0300: 1321.700: Total time for which application threads were stopped: 0.4049474 seconds, Stopping threads took: 0.0000693 seconds
2016-06-26T20:30:33.843+0300: 1322.280: Total time for which application threads were stopped: 0.0028507 seconds, Stopping threads took: 0.0016982 seconds
2016-06-26T20:30:34.429+0300: 1322.866: [Full GC (Ergonomics) [PSYoungGen: 790918K->0K(802816K)] [ParOldGen: 3493851K->3489850K(3495424K)] 4284769K->3489850K(4298240K), [Metaspace: 9071K->9071K(1058816K)], 0.3867354 secs] [Times: user=1.47 sys=0.00, real=0.39 secs] 
2016-06-26T20:30:34.816+0300: 1323.253: Total time for which application threads were stopped: 0.3883198 seconds, Stopping threads took: 0.0010614 seconds
2016-06-26T20:30:34.842+0300: 1323.279: Total time for which application threads were stopped: 0.0008036 seconds, Stopping threads took: 0.0000684 seconds
2016-06-26T20:30:35.845+0300: 1324.282: Total time for which application threads were stopped: 0.0037142 seconds, Stopping threads took: 0.0033879 seconds
2016-06-26T20:30:35.879+0300: 1324.316: Total time for which application threads were stopped: 0.0018966 seconds, Stopping threads took: 0.0009964 seconds
2016-06-26T20:30:36.012+0300: 1324.448: [Full GC (Ergonomics) [PSYoungGen: 790672K->80000K(802816K)] [ParOldGen: 3489850K->3493869K(3495424K)] 4280523K->3573869K(4298240K), [Metaspace: 9071K->9071K(1058816K)], 0.4029358 secs] [Times: user=1.34 sys=0.00, real=0.40 secs] 
2016-06-26T20:30:36.414+0300: 1324.851: Total time for which application threads were stopped: 0.4042859 seconds, Stopping threads took: 0.0008489 seconds
2016-06-26T20:30:36.844+0300: 1325.280: Total time for which application threads were stopped: 0.0021789 seconds, Stopping threads took: 0.0012543 seconds
2016-06-26T20:30:37.471+0300: 1325.908: [Full GC (Ergonomics) [PSYoungGen: 790678K->0K(802816K)] [ParOldGen: 3493869K->3461867K(3495424K)] 4284547K->3461867K(4298240K), [Metaspace: 9071K->9071K(1058816K)], 0.3808230 secs] [Times: user=1.44 sys=0.00, real=0.38 secs] 
2016-06-26T20:30:37.852+0300: 1326.289: Total time for which application threads were stopped: 0.3834784 seconds, Stopping threads took: 0.0021438 seconds
2016-06-26T20:30:38.124+0300: 1326.561: Total time for which application threads were stopped: 0.0062643 seconds, Stopping threads took: 0.0052743 seconds
2016-06-26T20:30:38.847+0300: 1327.284: Total time for which application threads were stopped: 0.0048214 seconds, Stopping threads took: 0.0038771 seconds
2016-06-26T20:30:39.030+0300: 1327.467: [Full GC (Ergonomics) [PSYoungGen: 791345K->112000K(802816K)] [ParOldGen: 3461867K->3493887K(3495424K)] 4253213K->3605888K(4298240K), [Metaspace: 9071K->9071K(1058816K)], 0.4197746 secs] [Times: user=1.38 sys=0.00, real=0.42 secs] 
2016-06-26T20:30:39.450+0300: 1327.887: Total time for which application threads were stopped: 0.4243206 seconds, Stopping threads took: 0.0040195 seconds
2016-06-26T20:30:39.846+0300: 1328.283: Total time for which application threads were stopped: 0.0037309 seconds, Stopping threads took: 0.0027425 seconds
2016-06-26T20:30:40.483+0300: 1328.920: [Full GC (Ergonomics) [PSYoungGen: 790710K->148001K(802816K)] [ParOldGen: 3493887K->3493887K(3495424K)] 4284597K->3641888K(4298240K), [Metaspace: 9071K->9071K(1058816K)], 0.4113097 secs] [Times: user=1.34 sys=0.00, real=0.41 secs] 
2016-06-26T20:30:40.894+0300: 1329.331: Total time for which application threads were stopped: 0.4144837 seconds, Stopping threads took: 0.0026352 seconds
2016-06-26T20:30:41.157+0300: 1329.594: Total time for which application threads were stopped: 0.0014472 seconds, Stopping threads took: 0.0005149 seconds
2016-06-26T20:30:41.865+0300: 1330.301: [Full GC (Ergonomics) [PSYoungGen: 790972K->0K(802816K)] [ParOldGen: 3493887K->3487903K(3495424K)] 4284860K->3487903K(4298240K), [Metaspace: 9071K->9071K(1058816K)], 0.4037124 secs] [Times: user=1.39 sys=0.00, real=0.40 secs] 
2016-06-26T20:30:42.268+0300: 1330.705: Total time for which application threads were stopped: 0.4081951 seconds, Stopping threads took: 0.0039378 seconds
2016-06-26T20:30:42.478+0300: 1330.915: Total time for which application threads were stopped: 0.0018902 seconds, Stopping threads took: 0.0007617 seconds
2016-06-26T20:30:43.326+0300: 1331.763: Total time for which application threads were stopped: 0.0053577 seconds, Stopping threads took: 0.0043732 seconds
2016-06-26T20:30:43.333+0300: 1331.770: Total time for which application threads were stopped: 0.0004281 seconds, Stopping threads took: 0.0000736 seconds
2016-06-26T20:30:43.455+0300: 1331.893: [Full GC (Ergonomics) [PSYoungGen: 792130K->0K(802816K)] [ParOldGen: 3487903K->3453912K(3495424K)] 4280033K->3453912K(4298240K), [Metaspace: 9071K->9071K(1058816K)], 0.4125370 secs] [Times: user=1.25 sys=0.00, real=0.41 secs] 
2016-06-26T20:30:43.868+0300: 1332.305: Total time for which application threads were stopped: 0.4144414 seconds, Stopping threads took: 0.0013770 seconds
2016-06-26T20:30:44.647+0300: 1333.084: Total time for which application threads were stopped: 0.0043604 seconds, Stopping threads took: 0.0032617 seconds
2016-06-26T20:30:45.053+0300: 1333.491: Total time for which application threads were stopped: 0.0027400 seconds, Stopping threads took: 0.0018060 seconds
2016-06-26T20:30:45.072+0300: 1333.509: [Full GC (Ergonomics) [PSYoungGen: 792322K->0K(802816K)] [ParOldGen: 3453912K->3479921K(3495424K)] 4246234K->3479921K(4298240K), [Metaspace: 9071K->9071K(1058816K)], 0.4035182 secs] [Times: user=1.28 sys=0.00, real=0.40 secs] 
2016-06-26T20:30:45.476+0300: 1333.913: Total time for which application threads were stopped: 0.4041507 seconds, Stopping threads took: 0.0001270 seconds
2016-06-26T20:30:46.345+0300: 1334.782: Total time for which application threads were stopped: 0.0037086 seconds, Stopping threads took: 0.0026378 seconds
2016-06-26T20:30:46.643+0300: 1335.080: [Full GC (Ergonomics) [PSYoungGen: 791886K->72000K(802816K)] [ParOldGen: 3479921K->3493930K(3495424K)] 4271807K->3565931K(4298240K), [Metaspace: 9071K->9071K(1058816K)], 0.4066200 secs] [Times: user=1.38 sys=0.00, real=0.41 secs] 
2016-06-26T20:30:47.049+0300: 1335.486: Total time for which application threads were stopped: 0.4117356 seconds, Stopping threads took: 0.0045909 seconds
2016-06-26T20:30:47.688+0300: 1336.125: Total time for which application threads were stopped: 0.0078214 seconds, Stopping threads took: 0.0068775 seconds
2016-06-26T20:30:48.234+0300: 1336.671: [Full GC (Ergonomics) [PSYoungGen: 791406K->0K(802816K)] [ParOldGen: 3493930K->3459941K(3495424K)] 4285336K->3459941K(4298240K), [Metaspace: 9071K->9071K(1058816K)], 0.3926875 secs] [Times: user=1.22 sys=0.00, real=0.39 secs] 
2016-06-26T20:30:48.626+0300: 1337.064: Total time for which application threads were stopped: 0.3949348 seconds, Stopping threads took: 0.0018107 seconds
2016-06-26T20:30:49.328+0300: 1337.765: Total time for which application threads were stopped: 0.0055240 seconds, Stopping threads took: 0.0045289 seconds
2016-06-26T20:30:49.836+0300: 1338.273: [Full GC (Ergonomics) [PSYoungGen: 790900K->0K(802816K)] [ParOldGen: 3459941K->3397947K(3495424K)] 4250841K->3397947K(4298240K), [Metaspace: 9071K->9071K(1058816K)], 0.3848041 secs] [Times: user=1.42 sys=0.00, real=0.38 secs] 
2016-06-26T20:30:50.221+0300: 1338.658: Total time for which application threads were stopped: 0.3908785 seconds, Stopping threads took: 0.0056275 seconds
2016-06-26T20:30:50.223+0300: 1338.660: Total time for which application threads were stopped: 0.0008160 seconds, Stopping threads took: 0.0000582 seconds
2016-06-26T20:30:50.851+0300: 1339.288: Total time for which application threads were stopped: 0.0057519 seconds, Stopping threads took: 0.0049792 seconds
2016-06-26T20:30:51.375+0300: 1339.812: [Full GC (Ergonomics) [PSYoungGen: 791069K->0K(802816K)] [ParOldGen: 3397947K->3365955K(3495424K)] 4189016K->3365955K(4298240K), [Metaspace: 9071K->9071K(1058816K)], 0.4164881 secs] [Times: user=1.20 sys=0.00, real=0.42 secs] 
2016-06-26T20:30:51.792+0300: 1340.229: Total time for which application threads were stopped: 0.4224214 seconds, Stopping threads took: 0.0054898 seconds
2016-06-26T20:30:51.848+0300: 1340.285: Total time for which application threads were stopped: 0.0023243 seconds, Stopping threads took: 0.0015195 seconds
2016-06-26T20:30:52.851+0300: 1341.289: Total time for which application threads were stopped: 0.0063956 seconds, Stopping threads took: 0.0054667 seconds
2016-06-26T20:30:52.971+0300: 1341.408: [Full GC (Ergonomics) [PSYoungGen: 790691K->74000K(802816K)] [ParOldGen: 3365955K->3493966K(3495424K)] 4156646K->3567966K(4298240K), [Metaspace: 9071K->9071K(1058816K)], 0.4226528 secs] [Times: user=1.28 sys=0.00, real=0.42 secs] 
2016-06-26T20:30:53.393+0300: 1341.831: Total time for which application threads were stopped: 0.4260642 seconds, Stopping threads took: 0.0028888 seconds
2016-06-26T20:30:53.849+0300: 1342.286: Total time for which application threads were stopped: 0.0037326 seconds, Stopping threads took: 0.0028388 seconds
2016-06-26T20:30:53.856+0300: 1342.293: Total time for which application threads were stopped: 0.0004486 seconds, Stopping threads took: 0.0000778 seconds
2016-06-26T20:30:54.433+0300: 1342.869: [Full GC (Ergonomics) [PSYoungGen: 792267K->0K(802816K)] [ParOldGen: 3493966K->3371963K(3495424K)] 4286233K->3371963K(4298240K), [Metaspace: 9071K->9071K(1058816K)], 0.4028451 secs] [Times: user=1.13 sys=0.00, real=0.40 secs] 
2016-06-26T20:30:54.835+0300: 1343.272: Total time for which application threads were stopped: 0.4066200 seconds, Stopping threads took: 0.0032690 seconds
2016-06-26T20:30:55.204+0300: 1343.641: Total time for which application threads were stopped: 0.0051528 seconds, Stopping threads took: 0.0041726 seconds
2016-06-26T20:30:56.052+0300: 1344.489: [Full GC (Ergonomics) [PSYoungGen: 790927K->202002K(802816K)] [ParOldGen: 3371963K->3493986K(3495424K)] 4162890K->3695988K(4298240K), [Metaspace: 9071K->9071K(1058816K)], 0.4414045 secs] [Times: user=1.30 sys=0.00, real=0.44 secs] 
2016-06-26T20:30:56.494+0300: 1344.931: Total time for which application threads were stopped: 0.4493764 seconds, Stopping threads took: 0.0074463 seconds
2016-06-26T20:30:57.408+0300: 1345.845: [Full GC (Ergonomics) [PSYoungGen: 792352K->356008K(802816K)] [ParOldGen: 3493986K->3493989K(3495424K)] 4286338K->3849997K(4298240K), [Metaspace: 9071K->9071K(1058816K)], 0.4624032 secs] [Times: user=1.38 sys=0.05, real=0.46 secs] 
2016-06-26T20:30:57.870+0300: 1346.307: Total time for which application threads were stopped: 0.4706133 seconds, Stopping threads took: 0.0076884 seconds
2016-06-26T20:30:57.873+0300: 1346.310: Total time for which application threads were stopped: 0.0009511 seconds, Stopping threads took: 0.0000637 seconds
2016-06-26T20:30:58.057+0300: 1346.494: Total time for which application threads were stopped: 0.0036936 seconds, Stopping threads took: 0.0028003 seconds
2016-06-26T20:30:58.590+0300: 1347.027: [Full GC (Ergonomics) [PSYoungGen: 792576K->60002K(802816K)] [ParOldGen: 3493989K->3494017K(3495424K)] 4286565K->3554019K(4298240K), [Metaspace: 9071K->9071K(1058816K)], 0.4090803 secs] [Times: user=1.39 sys=0.00, real=0.41 secs] 
2016-06-26T20:30:58.999+0300: 1347.436: Total time for which application threads were stopped: 0.4152193 seconds, Stopping threads took: 0.0056664 seconds
2016-06-26T20:30:59.032+0300: 1347.470: Total time for which application threads were stopped: 0.0014048 seconds, Stopping threads took: 0.0004033 seconds
2016-06-26T20:30:59.054+0300: 1347.491: Total time for which application threads were stopped: 0.0007368 seconds, Stopping threads took: 0.0000689 seconds
2016-06-26T20:31:00.025+0300: 1348.462: [Full GC (Ergonomics) [PSYoungGen: 792505K->0K(802816K)] [ParOldGen: 3494017K->3492027K(3495424K)] 4286522K->3492027K(4298240K), [Metaspace: 9071K->9071K(1058816K)], 0.4040947 secs] [Times: user=1.31 sys=0.00, real=0.40 secs] 
2016-06-26T20:31:00.429+0300: 1348.866: Total time for which application threads were stopped: 0.4080715 seconds, Stopping threads took: 0.0034225 seconds
2016-06-26T20:31:00.437+0300: 1348.874: Total time for which application threads were stopped: 0.0010418 seconds, Stopping threads took: 0.0000676 seconds
2016-06-26T20:31:01.577+0300: 1350.014: [Full GC (Ergonomics) [PSYoungGen: 790693K->0K(802816K)] [ParOldGen: 3492027K->3428034K(3495424K)] 4282721K->3428034K(4298240K), [Metaspace: 9071K->9071K(1058816K)], 0.3843893 secs] [Times: user=1.34 sys=0.00, real=0.38 secs] 
2016-06-26T20:31:01.961+0300: 1350.399: Total time for which application threads were stopped: 0.3878905 seconds, Stopping threads took: 0.0029696 seconds
2016-06-26T20:31:02.057+0300: 1350.493: Total time for which application threads were stopped: 0.0018718 seconds, Stopping threads took: 0.0009413 seconds
2016-06-26T20:31:03.060+0300: 1351.498: Total time for which application threads were stopped: 0.0056874 seconds, Stopping threads took: 0.0047931 seconds
2016-06-26T20:31:03.161+0300: 1351.598: [Full GC (Ergonomics) [PSYoungGen: 791691K->200001K(802816K)] [ParOldGen: 3428034K->3494045K(3495424K)] 4219725K->3694047K(4298240K), [Metaspace: 9071K->9071K(1058816K)], 0.4264251 secs] [Times: user=1.44 sys=0.00, real=0.43 secs] 
2016-06-26T20:31:03.588+0300: 1352.024: Total time for which application threads were stopped: 0.4300679 seconds, Stopping threads took: 0.0031501 seconds
2016-06-26T20:31:04.405+0300: 1352.842: Total time for which application threads were stopped: 0.0076661 seconds, Stopping threads took: 0.0067155 seconds
2016-06-26T20:31:04.633+0300: 1353.070: [Full GC (Ergonomics) [PSYoungGen: 790900K->176014K(802816K)] [ParOldGen: 3494045K->3494045K(3495424K)] 4284945K->3670059K(4298240K), [Metaspace: 9071K->9071K(1058816K)], 0.4155362 secs] [Times: user=1.42 sys=0.00, real=0.42 secs] 
2016-06-26T20:31:05.049+0300: 1353.486: Total time for which application threads were stopped: 0.4171296 seconds, Stopping threads took: 0.0012466 seconds
2016-06-26T20:31:05.613+0300: 1354.050: Total time for which application threads were stopped: 0.0057310 seconds, Stopping threads took: 0.0049749 seconds
2016-06-26T20:31:05.948+0300: 1354.385: [Full GC (Ergonomics) [PSYoungGen: 792086K->0K(802816K)] [ParOldGen: 3494045K->3466062K(3495424K)] 4286131K->3466062K(4298240K), [Metaspace: 9071K->9071K(1058816K)], 0.3929624 secs] [Times: user=1.33 sys=0.00, real=0.39 secs] 
2016-06-26T20:31:06.341+0300: 1354.778: Total time for which application threads were stopped: 0.3944973 seconds, Stopping threads took: 0.0011423 seconds
2016-06-26T20:31:06.376+0300: 1354.813: Total time for which application threads were stopped: 0.0026737 seconds, Stopping threads took: 0.0019826 seconds
2016-06-26T20:31:06.691+0300: 1355.128: Total time for which application threads were stopped: 0.0040815 seconds, Stopping threads took: 0.0038455 seconds
2016-06-26T20:31:07.061+0300: 1355.498: Total time for which application threads were stopped: 0.0051267 seconds, Stopping threads took: 0.0044690 seconds
2016-06-26T20:31:07.512+0300: 1355.950: [Full GC (Ergonomics) [PSYoungGen: 791284K->124001K(802816K)] [ParOldGen: 3466062K->3494071K(3495424K)] 4257346K->3618073K(4298240K), [Metaspace: 9071K->9071K(1058816K)], 0.4289671 secs] [Times: user=1.30 sys=0.00, real=0.43 secs] 
2016-06-26T20:31:07.942+0300: 1356.379: Total time for which application threads were stopped: 0.4313187 seconds, Stopping threads took: 0.0019155 seconds
2016-06-26T20:31:08.059+0300: 1356.496: Total time for which application threads were stopped: 0.0028837 seconds, Stopping threads took: 0.0021644 seconds
2016-06-26T20:31:08.870+0300: 1357.307: [Full GC (Ergonomics) [PSYoungGen: 792376K->56001K(802816K)] [ParOldGen: 3494071K->3494079K(3495424K)] 4286448K->3550080K(4298240K), [Metaspace: 9071K->9071K(1058816K)], 0.4112844 secs] [Times: user=1.39 sys=0.00, real=0.41 secs] 
2016-06-26T20:31:09.282+0300: 1357.718: Total time for which application threads were stopped: 0.4157423 seconds, Stopping threads took: 0.0039644 seconds
2016-06-26T20:31:09.284+0300: 1357.721: Total time for which application threads were stopped: 0.0009118 seconds, Stopping threads took: 0.0000594 seconds
2016-06-26T20:31:10.368+0300: 1358.805: [Full GC (Ergonomics) [PSYoungGen: 791098K->0K(802816K)] [ParOldGen: 3494079K->3428086K(3495424K)] 4285178K->3428086K(4298240K), [Metaspace: 9071K->9071K(1058816K)], 0.3879225 secs] [Times: user=1.38 sys=0.00, real=0.39 secs] 
2016-06-26T20:31:10.756+0300: 1359.193: Total time for which application threads were stopped: 0.3925583 seconds, Stopping threads took: 0.0041115 seconds
2016-06-26T20:31:11.059+0300: 1359.496: Total time for which application threads were stopped: 0.0023671 seconds, Stopping threads took: 0.0015502 seconds
2016-06-26T20:31:11.898+0300: 1360.334: [Full GC (Ergonomics) [PSYoungGen: 792360K->0K(802816K)] [ParOldGen: 3428086K->3484096K(3495424K)] 4220447K->3484096K(4298240K), [Metaspace: 9071K->9071K(1058816K)], 0.4033955 secs] [Times: user=1.26 sys=0.02, real=0.40 secs] 
2016-06-26T20:31:12.301+0300: 1360.738: Total time for which application threads were stopped: 0.4103290 seconds, Stopping threads took: 0.0063930 seconds
2016-06-26T20:31:12.368+0300: 1360.806: Total time for which application threads were stopped: 0.0015558 seconds, Stopping threads took: 0.0007022 seconds
2016-06-26T20:31:13.060+0300: 1361.497: Total time for which application threads were stopped: 0.0027567 seconds, Stopping threads took: 0.0017880 seconds
2016-06-26T20:31:13.491+0300: 1361.928: [Full GC (Ergonomics) [PSYoungGen: 790656K->194001K(802816K)] [ParOldGen: 3484096K->3494107K(3495424K)] 4274753K->3688108K(4298240K), [Metaspace: 9071K->9071K(1058816K)], 0.4077007 secs] [Times: user=1.53 sys=0.00, real=0.41 secs] 
2016-06-26T20:31:13.898+0300: 1362.335: Total time for which application threads were stopped: 0.4095118 seconds, Stopping threads took: 0.0013309 seconds
2016-06-26T20:31:14.059+0300: 1362.496: Total time for which application threads were stopped: 0.0011756 seconds, Stopping threads took: 0.0003451 seconds
2016-06-26T20:31:14.786+0300: 1363.223: [Full GC (Ergonomics) [PSYoungGen: 790714K->178013K(802816K)] [ParOldGen: 3494107K->3494086K(3495424K)] 4284821K->3672099K(4298240K), [Metaspace: 9071K->9071K(1058816K)], 0.4395806 secs] [Times: user=1.36 sys=0.00, real=0.44 secs] 
2016-06-26T20:31:15.225+0300: 1363.662: Total time for which application threads were stopped: 0.4435565 seconds, Stopping threads took: 0.0034486 seconds
2016-06-26T20:31:15.417+0300: 1363.853: Total time for which application threads were stopped: 0.0016127 seconds, Stopping threads took: 0.0006432 seconds
2016-06-26T20:31:16.187+0300: 1364.623: [Full GC (Ergonomics) [PSYoungGen: 792015K->0K(802816K)] [ParOldGen: 3494086K->3430104K(3495424K)] 4286101K->3430104K(4298240K), [Metaspace: 9071K->9071K(1058816K)], 0.3923103 secs] [Times: user=1.23 sys=0.02, real=0.39 secs] 
2016-06-26T20:31:16.579+0300: 1365.016: Total time for which application threads were stopped: 0.3954531 seconds, Stopping threads took: 0.0026365 seconds
2016-06-26T20:31:17.065+0300: 1365.502: Total time for which application threads were stopped: 0.0059504 seconds, Stopping threads took: 0.0050142 seconds
2016-06-26T20:31:17.736+0300: 1366.173: [Full GC (Ergonomics) [PSYoungGen: 790870K->172001K(802816K)] [ParOldGen: 3430104K->3494116K(3495424K)] 4220975K->3666117K(4298240K), [Metaspace: 9071K->9071K(1058816K)], 0.4150178 secs] [Times: user=1.34 sys=0.00, real=0.41 secs] 
2016-06-26T20:31:18.150+0300: 1366.588: Total time for which application threads were stopped: 0.4196656 seconds, Stopping threads took: 0.0041260 seconds
2016-06-26T20:31:18.407+0300: 1366.844: Total time for which application threads were stopped: 0.0020724 seconds, Stopping threads took: 0.0011307 seconds
2016-06-26T20:31:19.095+0300: 1367.532: [Full GC (Ergonomics) [PSYoungGen: 792576K->0K(802816K)] [ParOldGen: 3494116K->3312125K(3495424K)] 4286692K->3312125K(4298240K), [Metaspace: 9071K->9071K(1058816K)], 0.3925083 secs] [Times: user=1.19 sys=0.00, real=0.39 secs] 
2016-06-26T20:31:19.487+0300: 1367.925: Total time for which application threads were stopped: 0.3965034 seconds, Stopping threads took: 0.0035128 seconds
2016-06-26T20:31:20.110+0300: 1368.547: Total time for which application threads were stopped: 0.0040631 seconds, Stopping threads took: 0.0037492 seconds
2016-06-26T20:31:20.703+0300: 1369.140: [Full GC (Ergonomics) [PSYoungGen: 792343K->0K(802816K)] [ParOldGen: 3312125K->3434134K(3495424K)] 4104468K->3434134K(4298240K), [Metaspace: 9071K->9071K(1058816K)], 0.3969118 secs] [Times: user=1.11 sys=0.00, real=0.40 secs] 
2016-06-26T20:31:21.100+0300: 1369.537: Total time for which application threads were stopped: 0.4003245 seconds, Stopping threads took: 0.0029564 seconds
2016-06-26T20:31:22.232+0300: 1370.669: [Full GC (Ergonomics) [PSYoungGen: 792011K->116000K(802816K)] [ParOldGen: 3434134K->3494141K(3495424K)] 4226146K->3610142K(4298240K), [Metaspace: 9071K->9071K(1058816K)], 0.4086133 secs] [Times: user=1.44 sys=0.05, real=0.41 secs] 
2016-06-26T20:31:22.641+0300: 1371.077: Total time for which application threads were stopped: 0.4110650 seconds, Stopping threads took: 0.0019420 seconds
2016-06-26T20:31:22.644+0300: 1371.081: Total time for which application threads were stopped: 0.0009301 seconds, Stopping threads took: 0.0000547 seconds
2016-06-26T20:31:23.064+0300: 1371.501: Total time for which application threads were stopped: 0.0033267 seconds, Stopping threads took: 0.0024966 seconds
2016-06-26T20:31:23.619+0300: 1372.056: [Full GC (Ergonomics) [PSYoungGen: 790650K->0K(802816K)] [ParOldGen: 3494141K->3398165K(3495424K)] 4284792K->3398165K(4298240K), [Metaspace: 9071K->9071K(1058816K)], 0.3835198 secs] [Times: user=1.38 sys=0.00, real=0.38 secs] 
2016-06-26T20:31:24.003+0300: 1372.439: Total time for which application threads were stopped: 0.3854314 seconds, Stopping threads took: 0.0013758 seconds
2016-06-26T20:31:24.003+0300: 1372.440: Total time for which application threads were stopped: 0.0005457 seconds, Stopping threads took: 0.0001980 seconds
2016-06-26T20:31:24.062+0300: 1372.499: Total time for which application threads were stopped: 0.0014724 seconds, Stopping threads took: 0.0005649 seconds
2016-06-26T20:31:25.063+0300: 1373.500: Total time for which application threads were stopped: 0.0026018 seconds, Stopping threads took: 0.0016383 seconds
2016-06-26T20:31:25.199+0300: 1373.637: [Full GC (Ergonomics) [PSYoungGen: 792095K->230003K(802816K)] [ParOldGen: 3398165K->3494175K(3495424K)] 4190261K->3724179K(4298240K), [Metaspace: 9071K->9071K(1058816K)], 0.4168414 secs] [Times: user=1.55 sys=0.00, real=0.42 secs] 
2016-06-26T20:31:25.617+0300: 1374.054: Total time for which application threads were stopped: 0.4182932 seconds, Stopping threads took: 0.0009254 seconds
2016-06-26T20:31:26.064+0300: 1374.501: Total time for which application threads were stopped: 0.0027545 seconds, Stopping threads took: 0.0018338 seconds
2016-06-26T20:31:26.477+0300: 1374.915: [Full GC (Ergonomics) [PSYoungGen: 791082K->148002K(802816K)] [ParOldGen: 3494175K->3494175K(3495424K)] 4285258K->3642177K(4298240K), [Metaspace: 9071K->9071K(1058816K)], 0.4237929 secs] [Times: user=1.44 sys=0.00, real=0.42 secs] 
2016-06-26T20:31:26.902+0300: 1375.339: Total time for which application threads were stopped: 0.4255424 seconds, Stopping threads took: 0.0012287 seconds
2016-06-26T20:31:27.064+0300: 1375.501: Total time for which application threads were stopped: 0.0025433 seconds, Stopping threads took: 0.0015990 seconds
2016-06-26T20:31:27.862+0300: 1376.299: [Full GC (Ergonomics) [PSYoungGen: 791374K->58001K(802816K)] [ParOldGen: 3494175K->3494192K(3495424K)] 4285549K->3552194K(4298240K), [Metaspace: 9071K->9071K(1058816K)], 0.4252905 secs] [Times: user=1.36 sys=0.00, real=0.42 secs] 
2016-06-26T20:31:28.288+0300: 1376.724: Total time for which application threads were stopped: 0.4324717 seconds, Stopping threads took: 0.0066402 seconds
2016-06-26T20:31:28.399+0300: 1376.836: Total time for which application threads were stopped: 0.0018945 seconds, Stopping threads took: 0.0009524 seconds
2016-06-26T20:31:29.359+0300: 1377.796: Total time for which application threads were stopped: 0.0043411 seconds, Stopping threads took: 0.0034319 seconds
2016-06-26T20:31:29.382+0300: 1377.819: [Full GC (Ergonomics) [PSYoungGen: 791701K->116001K(802816K)] [ParOldGen: 3494192K->3494202K(3495424K)] 4285894K->3610204K(4298240K), [Metaspace: 9071K->9071K(1058816K)], 0.4127479 secs] [Times: user=1.44 sys=0.00, real=0.41 secs] 
2016-06-26T20:31:29.795+0300: 1378.232: Total time for which application threads were stopped: 0.4179828 seconds, Stopping threads took: 0.0047098 seconds
2016-06-26T20:31:30.067+0300: 1378.504: Total time for which application threads were stopped: 0.0050562 seconds, Stopping threads took: 0.0041453 seconds
2016-06-26T20:31:30.821+0300: 1379.258: [Full GC (Ergonomics) [PSYoungGen: 792288K->58000K(802816K)] [ParOldGen: 3494202K->3494202K(3495424K)] 4286491K->3552202K(4298240K), [Metaspace: 9071K->9071K(1058816K)], 0.4276627 secs] [Times: user=1.27 sys=0.00, real=0.43 secs] 
2016-06-26T20:31:31.249+0300: 1379.686: Total time for which application threads were stopped: 0.4338252 seconds, Stopping threads took: 0.0056579 seconds
2016-06-26T20:31:31.385+0300: 1379.823: Total time for which application threads were stopped: 0.0030688 seconds, Stopping threads took: 0.0021220 seconds
2016-06-26T20:31:31.392+0300: 1379.829: Total time for which application threads were stopped: 0.0005696 seconds, Stopping threads took: 0.0002155 seconds
2016-06-26T20:31:32.069+0300: 1380.506: Total time for which application threads were stopped: 0.0064071 seconds, Stopping threads took: 0.0055056 seconds
2016-06-26T20:31:32.397+0300: 1380.834: [Full GC (Ergonomics) [PSYoungGen: 791204K->0K(802816K)] [ParOldGen: 3494202K->3490219K(3495424K)] 4285406K->3490219K(4298240K), [Metaspace: 9071K->9071K(1058816K)], 0.4037440 secs] [Times: user=1.31 sys=0.00, real=0.40 secs] 
2016-06-26T20:31:32.801+0300: 1381.238: Total time for which application threads were stopped: 0.4077832 seconds, Stopping threads took: 0.0035012 seconds
2016-06-26T20:31:33.409+0300: 1381.846: Total time for which application threads were stopped: 0.0031971 seconds, Stopping threads took: 0.0022430 seconds
2016-06-26T20:31:34.048+0300: 1382.485: [Full GC (Ergonomics) [PSYoungGen: 792441K->0K(802816K)] [ParOldGen: 3490219K->3458230K(3495424K)] 4282661K->3458230K(4298240K), [Metaspace: 9071K->9071K(1058816K)], 0.3886324 secs] [Times: user=1.33 sys=0.00, real=0.39 secs] 
2016-06-26T20:31:34.437+0300: 1382.874: Total time for which application threads were stopped: 0.3900300 seconds, Stopping threads took: 0.0009280 seconds
2016-06-26T20:31:35.065+0300: 1383.502: Total time for which application threads were stopped: 0.0016922 seconds, Stopping threads took: 0.0008592 seconds
2016-06-26T20:31:35.616+0300: 1384.053: [Full GC (Ergonomics) [PSYoungGen: 791765K->114000K(802816K)] [ParOldGen: 3458230K->3494239K(3495424K)] 4249995K->3608239K(4298240K), [Metaspace: 9071K->9071K(1058816K)], 0.4045703 secs] [Times: user=1.45 sys=0.00, real=0.40 secs] 
2016-06-26T20:31:36.021+0300: 1384.457: Total time for which application threads were stopped: 0.4068676 seconds, Stopping threads took: 0.0018564 seconds
2016-06-26T20:31:36.090+0300: 1384.527: Total time for which application threads were stopped: 0.0020348 seconds, Stopping threads took: 0.0012556 seconds
2016-06-26T20:31:36.994+0300: 1385.431: [Full GC (Ergonomics) [PSYoungGen: 791032K->174003K(802816K)] [ParOldGen: 3494239K->3494245K(3495424K)] 4285271K->3668248K(4298240K), [Metaspace: 9071K->9071K(1058816K)], 0.4119101 secs] [Times: user=1.53 sys=0.00, real=0.41 secs] 
2016-06-26T20:31:37.406+0300: 1385.843: Total time for which application threads were stopped: 0.4165784 seconds, Stopping threads took: 0.0041671 seconds
2016-06-26T20:31:37.408+0300: 1385.845: Total time for which application threads were stopped: 0.0006629 seconds, Stopping threads took: 0.0000629 seconds
2016-06-26T20:31:38.067+0300: 1386.504: Total time for which application threads were stopped: 0.0028503 seconds, Stopping threads took: 0.0018945 seconds
2016-06-26T20:31:38.301+0300: 1386.738: [Full GC (Ergonomics) [PSYoungGen: 792139K->146003K(802816K)] [ParOldGen: 3494245K->3494253K(3495424K)] 4286384K->3640257K(4298240K), [Metaspace: 9071K->9071K(1058816K)], 0.4187808 secs] [Times: user=1.48 sys=0.00, real=0.42 secs] 
2016-06-26T20:31:38.720+0300: 1387.157: Total time for which application threads were stopped: 0.4204358 seconds, Stopping threads took: 0.0011367 seconds
2016-06-26T20:31:39.068+0300: 1387.505: Total time for which application threads were stopped: 0.0033567 seconds, Stopping threads took: 0.0024393 seconds
2016-06-26T20:31:39.691+0300: 1388.128: [Full GC (Ergonomics) [PSYoungGen: 791358K->0K(802816K)] [ParOldGen: 3494253K->3494254K(3495424K)] 4285612K->3494254K(4298240K), [Metaspace: 9071K->9071K(1058816K)], 0.4020013 secs] [Times: user=1.41 sys=0.00, real=0.40 secs] 
2016-06-26T20:31:40.093+0300: 1388.530: Total time for which application threads were stopped: 0.4042063 seconds, Stopping threads took: 0.0015917 seconds
2016-06-26T20:31:40.355+0300: 1388.793: Total time for which application threads were stopped: 0.0022858 seconds, Stopping threads took: 0.0013548 seconds
2016-06-26T20:31:41.273+0300: 1389.710: [Full GC (Ergonomics) [PSYoungGen: 791681K->116000K(802816K)] [ParOldGen: 3494254K->3494273K(3495424K)] 4285936K->3610274K(4298240K), [Metaspace: 9071K->9071K(1058816K)], 0.4162431 secs] [Times: user=1.33 sys=0.00, real=0.42 secs] 
2016-06-26T20:31:41.690+0300: 1390.127: Total time for which application threads were stopped: 0.4220344 seconds, Stopping threads took: 0.0052691 seconds
2016-06-26T20:31:41.692+0300: 1390.129: Total time for which application threads were stopped: 0.0009656 seconds, Stopping threads took: 0.0000603 seconds
2016-06-26T20:31:42.700+0300: 1391.138: Total time for which application threads were stopped: 0.0083666 seconds, Stopping threads took: 0.0080365 seconds
2016-06-26T20:31:42.705+0300: 1391.142: [Full GC (Ergonomics) [PSYoungGen: 791797K->26000K(802816K)] [ParOldGen: 3494273K->3494280K(3495424K)] 4286070K->3520281K(4298240K), [Metaspace: 9071K->9071K(1058816K)], 0.4131302 secs] [Times: user=1.25 sys=0.00, real=0.41 secs] 
2016-06-26T20:31:43.118+0300: 1391.555: Total time for which application threads were stopped: 0.4137494 seconds, Stopping threads took: 0.0000736 seconds
2016-06-26T20:31:44.010+0300: 1392.447: Total time for which application threads were stopped: 0.0090671 seconds, Stopping threads took: 0.0081160 seconds
2016-06-26T20:31:44.019+0300: 1392.456: Total time for which application threads were stopped: 0.0006535 seconds, Stopping threads took: 0.0002502 seconds
2016-06-26T20:31:44.391+0300: 1392.828: [Full GC (Ergonomics) [PSYoungGen: 791150K->0K(802816K)] [ParOldGen: 3494280K->3460293K(3495424K)] 4285431K->3460293K(4298240K), [Metaspace: 9071K->9071K(1058816K)], 0.4058032 secs] [Times: user=1.30 sys=0.00, real=0.41 secs] 
2016-06-26T20:31:44.797+0300: 1393.234: Total time for which application threads were stopped: 0.4086655 seconds, Stopping threads took: 0.0024483 seconds
2016-06-26T20:31:45.069+0300: 1393.506: Total time for which application threads were stopped: 0.0027152 seconds, Stopping threads took: 0.0021237 seconds
2016-06-26T20:31:45.898+0300: 1394.335: [Full GC (Ergonomics) [PSYoungGen: 792574K->114002K(802816K)] [ParOldGen: 3460293K->3494281K(3495424K)] 4252867K->3608283K(4298240K), [Metaspace: 9071K->9071K(1058816K)], 0.4073162 secs] [Times: user=1.45 sys=0.00, real=0.41 secs] 
2016-06-26T20:31:46.305+0300: 1394.742: Total time for which application threads were stopped: 0.4096687 seconds, Stopping threads took: 0.0018325 seconds
2016-06-26T20:31:46.307+0300: 1394.745: Total time for which application threads were stopped: 0.0010033 seconds, Stopping threads took: 0.0000582 seconds
2016-06-26T20:31:47.245+0300: 1395.682: [Full GC (Ergonomics) [PSYoungGen: 791842K->0K(802816K)] [ParOldGen: 3494281K->3460289K(3495424K)] 4286124K->3460289K(4298240K), [Metaspace: 9071K->9071K(1058816K)], 0.4010301 secs] [Times: user=1.28 sys=0.00, real=0.40 secs] 
2016-06-26T20:31:47.646+0300: 1396.083: Total time for which application threads were stopped: 0.4053683 seconds, Stopping threads took: 0.0037980 seconds
2016-06-26T20:31:47.649+0300: 1396.086: Total time for which application threads were stopped: 0.0011551 seconds, Stopping threads took: 0.0001108 seconds
2016-06-26T20:31:48.071+0300: 1396.508: Total time for which application threads were stopped: 0.0039425 seconds, Stopping threads took: 0.0030535 seconds
2016-06-26T20:31:48.829+0300: 1397.266: [Full GC (Ergonomics) [PSYoungGen: 791299K->112000K(802816K)] [ParOldGen: 3460289K->3494300K(3495424K)] 4251589K->3606300K(4298240K), [Metaspace: 9071K->9071K(1058816K)], 0.4017986 secs] [Times: user=1.33 sys=0.00, real=0.40 secs] 
2016-06-26T20:31:49.231+0300: 1397.667: Total time for which application threads were stopped: 0.4053135 seconds, Stopping threads took: 0.0030376 seconds
2016-06-26T20:31:49.388+0300: 1397.825: Total time for which application threads were stopped: 0.0037920 seconds, Stopping threads took: 0.0028858 seconds
2016-06-26T20:31:50.318+0300: 1398.755: [Full GC (Ergonomics) [PSYoungGen: 791020K->146001K(802816K)] [ParOldGen: 3494300K->3494310K(3495424K)] 4285320K->3640312K(4298240K), [Metaspace: 9071K->9071K(1058816K)], 0.4292622 secs] [Times: user=1.34 sys=0.00, real=0.43 secs] 
2016-06-26T20:31:50.747+0300: 1399.184: Total time for which application threads were stopped: 0.4367397 seconds, Stopping threads took: 0.0069541 seconds
2016-06-26T20:31:51.651+0300: 1400.088: Total time for which application threads were stopped: 0.0048034 seconds, Stopping threads took: 0.0039079 seconds
2016-06-26T20:31:51.857+0300: 1400.294: [Full GC (Ergonomics) [PSYoungGen: 791091K->0K(802816K)] [ParOldGen: 3494310K->3460317K(3495424K)] 4285402K->3460317K(4298240K), [Metaspace: 9071K->9071K(1058816K)], 0.3996672 secs] [Times: user=1.22 sys=0.00, real=0.40 secs] 
2016-06-26T20:31:52.257+0300: 1400.693: Total time for which application threads were stopped: 0.4007577 seconds, Stopping threads took: 0.0007031 seconds
2016-06-26T20:31:52.328+0300: 1400.765: Total time for which application threads were stopped: 0.0051973 seconds, Stopping threads took: 0.0046717 seconds
2016-06-26T20:31:53.346+0300: 1401.783: [Full GC (Ergonomics) [PSYoungGen: 792563K->24000K(802816K)] [ParOldGen: 3460317K->3494325K(3495424K)] 4252880K->3518325K(4298240K), [Metaspace: 9071K->9071K(1058816K)], 0.4073423 secs] [Times: user=1.27 sys=0.00, real=0.41 secs] 
2016-06-26T20:31:53.754+0300: 1402.191: Total time for which application threads were stopped: 0.4119858 seconds, Stopping threads took: 0.0041145 seconds
2016-06-26T20:31:54.087+0300: 1402.524: Total time for which application threads were stopped: 0.0025159 seconds, Stopping threads took: 0.0016054 seconds
2016-06-26T20:31:54.796+0300: 1403.232: [Full GC (Ergonomics) [PSYoungGen: 791072K->0K(802816K)] [ParOldGen: 3494325K->3430332K(3495424K)] 4285398K->3430332K(4298240K), [Metaspace: 9071K->9071K(1058816K)], 0.4135112 secs] [Times: user=1.16 sys=0.00, real=0.41 secs] 
2016-06-26T20:31:55.209+0300: 1403.646: Total time for which application threads were stopped: 0.4207095 seconds, Stopping threads took: 0.0065666 seconds
2016-06-26T20:31:55.405+0300: 1403.842: Total time for which application threads were stopped: 0.0023666 seconds, Stopping threads took: 0.0014468 seconds
2016-06-26T20:31:56.411+0300: 1404.848: Total time for which application threads were stopped: 0.0059021 seconds, Stopping threads took: 0.0055976 seconds
2016-06-26T20:31:56.465+0300: 1404.902: [Full GC (Ergonomics) [PSYoungGen: 791320K->0K(802816K)] [ParOldGen: 3430332K->3456342K(3495424K)] 4221653K->3456342K(4298240K), [Metaspace: 9071K->9071K(1058816K)], 0.4164009 secs] [Times: user=1.19 sys=0.00, real=0.42 secs] 
2016-06-26T20:31:56.881+0300: 1405.318: Total time for which application threads were stopped: 0.4191772 seconds, Stopping threads took: 0.0022512 seconds
2016-06-26T20:31:57.695+0300: 1406.132: Total time for which application threads were stopped: 0.0058071 seconds, Stopping threads took: 0.0048582 seconds
2016-06-26T20:31:57.702+0300: 1406.139: Total time for which application threads were stopped: 0.0004589 seconds, Stopping threads took: 0.0000757 seconds
2016-06-26T20:31:58.031+0300: 1406.468: [Full GC (Ergonomics) [PSYoungGen: 792011K->140001K(802816K)] [ParOldGen: 3456342K->3494344K(3495424K)] 4248353K->3634345K(4298240K), [Metaspace: 9071K->9071K(1058816K)], 0.4144910 secs] [Times: user=1.36 sys=0.00, real=0.42 secs] 
2016-06-26T20:31:58.446+0300: 1406.883: Total time for which application threads were stopped: 0.4176796 seconds, Stopping threads took: 0.0026476 seconds
2016-06-26T20:31:59.005+0300: 1407.442: Total time for which application threads were stopped: 0.0032100 seconds, Stopping threads took: 0.0022683 seconds
2016-06-26T20:31:59.403+0300: 1407.840: [Full GC (Ergonomics) [PSYoungGen: 792363K->206004K(802816K)] [ParOldGen: 3494344K->3494359K(3495424K)] 4286707K->3700364K(4298240K), [Metaspace: 9071K->9071K(1058816K)], 0.4334942 secs] [Times: user=1.36 sys=0.00, real=0.43 secs] 
2016-06-26T20:31:59.836+0300: 1408.273: Total time for which application threads were stopped: 0.4368483 seconds, Stopping threads took: 0.0027892 seconds
2016-06-26T20:32:00.380+0300: 1408.817: Total time for which application threads were stopped: 0.0074493 seconds, Stopping threads took: 0.0065542 seconds
2016-06-26T20:32:00.865+0300: 1409.302: [Full GC (Ergonomics) [PSYoungGen: 790672K->56000K(802816K)] [ParOldGen: 3494359K->3494372K(3495424K)] 4285031K->3550373K(4298240K), [Metaspace: 9071K->9071K(1058816K)], 0.3987597 secs] [Times: user=1.55 sys=0.00, real=0.40 secs] 
2016-06-26T20:32:01.264+0300: 1409.701: Total time for which application threads were stopped: 0.4025718 seconds, Stopping threads took: 0.0033900 seconds
2016-06-26T20:32:02.080+0300: 1410.517: Total time for which application threads were stopped: 0.0088563 seconds, Stopping threads took: 0.0079022 seconds
2016-06-26T20:32:02.379+0300: 1410.816: [Full GC (Ergonomics) [PSYoungGen: 791505K->0K(802816K)] [ParOldGen: 3494372K->3492379K(3495424K)] 4285877K->3492379K(4298240K), [Metaspace: 9071K->9071K(1058816K)], 0.4123544 secs] [Times: user=1.30 sys=0.00, real=0.41 secs] 
2016-06-26T20:32:02.791+0300: 1411.228: Total time for which application threads were stopped: 0.4172575 seconds, Stopping threads took: 0.0045105 seconds
2016-06-26T20:32:03.077+0300: 1411.514: Total time for which application threads were stopped: 0.0052516 seconds, Stopping threads took: 0.0045224 seconds
2016-06-26T20:32:03.914+0300: 1412.351: [Full GC (Ergonomics) [PSYoungGen: 791654K->0K(802816K)] [ParOldGen: 3492379K->3490405K(3495424K)] 4284033K->3490405K(4298240K), [Metaspace: 9071K->9071K(1058816K)], 0.4006260 secs] [Times: user=1.34 sys=0.00, real=0.40 secs] 
2016-06-26T20:32:04.315+0300: 1412.752: Total time for which application threads were stopped: 0.4045266 seconds, Stopping threads took: 0.0033892 seconds
2016-06-26T20:32:04.315+0300: 1412.752: Total time for which application threads were stopped: 0.0004529 seconds, Stopping threads took: 0.0001360 seconds
2016-06-26T20:32:04.317+0300: 1412.754: Total time for which application threads were stopped: 0.0007454 seconds, Stopping threads took: 0.0000543 seconds
2016-06-26T20:32:05.076+0300: 1413.513: Total time for which application threads were stopped: 0.0042410 seconds, Stopping threads took: 0.0033246 seconds
2016-06-26T20:32:05.565+0300: 1414.002: [Full GC (Ergonomics) [PSYoungGen: 790791K->22008K(802816K)] [ParOldGen: 3490405K->3494405K(3495424K)] 4281196K->3516414K(4298240K), [Metaspace: 9071K->9071K(1058816K)], 0.4072414 secs] [Times: user=1.38 sys=0.00, real=0.41 secs] 
2016-06-26T20:32:05.972+0300: 1414.410: Total time for which application threads were stopped: 0.4108628 seconds, Stopping threads took: 0.0031792 seconds
2016-06-26T20:32:06.528+0300: 1414.965: Total time for which application threads were stopped: 0.0033819 seconds, Stopping threads took: 0.0025826 seconds
2016-06-26T20:32:07.078+0300: 1415.515: Total time for which application threads were stopped: 0.0060620 seconds, Stopping threads took: 0.0052721 seconds
2016-06-26T20:32:07.100+0300: 1415.537: [Full GC (Ergonomics) [PSYoungGen: 791333K->178001K(802816K)] [ParOldGen: 3494405K->3494423K(3495424K)] 4285739K->3672425K(4298240K), [Metaspace: 9071K->9071K(1058816K)], 0.4326522 secs] [Times: user=1.34 sys=0.00, real=0.43 secs] 
2016-06-26T20:32:07.533+0300: 1415.969: Total time for which application threads were stopped: 0.4331983 seconds, Stopping threads took: 0.0000701 seconds
2016-06-26T20:32:08.076+0300: 1416.513: Total time for which application threads were stopped: 0.0037167 seconds, Stopping threads took: 0.0028858 seconds
2016-06-26T20:32:08.490+0300: 1416.927: [Full GC (Ergonomics) [PSYoungGen: 791560K->26000K(802816K)] [ParOldGen: 3494423K->3494431K(3495424K)] 4285984K->3520431K(4298240K), [Metaspace: 9071K->9071K(1058816K)], 0.4146364 secs] [Times: user=1.28 sys=0.02, real=0.41 secs] 
2016-06-26T20:32:08.905+0300: 1417.341: Total time for which application threads were stopped: 0.4220989 seconds, Stopping threads took: 0.0070366 seconds
2016-06-26T20:32:09.074+0300: 1417.511: Total time for which application threads were stopped: 0.0014621 seconds, Stopping threads took: 0.0005739 seconds
2016-06-26T20:32:09.081+0300: 1417.518: Total time for which application threads were stopped: 0.0003490 seconds, Stopping threads took: 0.0000731 seconds
2016-06-26T20:32:09.979+0300: 1418.416: [Full GC (Ergonomics) [PSYoungGen: 792087K->0K(802816K)] [ParOldGen: 3494431K->3400437K(3495424K)] 4286519K->3400437K(4298240K), [Metaspace: 9071K->9071K(1058816K)], 0.3840903 secs] [Times: user=1.33 sys=0.00, real=0.38 secs] 
2016-06-26T20:32:10.364+0300: 1418.800: Total time for which application threads were stopped: 0.3868795 seconds, Stopping threads took: 0.0023132 seconds
2016-06-26T20:32:10.366+0300: 1418.803: Total time for which application threads were stopped: 0.0009652 seconds, Stopping threads took: 0.0000603 seconds
2016-06-26T20:32:11.078+0300: 1419.514: Total time for which application threads were stopped: 0.0037454 seconds, Stopping threads took: 0.0030808 seconds
2016-06-26T20:32:11.484+0300: 1419.921: [Full GC (Ergonomics) [PSYoungGen: 792452K->0K(802816K)] [ParOldGen: 3400437K->3486447K(3495424K)] 4192889K->3486447K(4298240K), [Metaspace: 9071K->9071K(1058816K)], 0.3938130 secs] [Times: user=1.28 sys=0.02, real=0.39 secs] 
2016-06-26T20:32:11.878+0300: 1420.315: Total time for which application threads were stopped: 0.3959744 seconds, Stopping threads took: 0.0016302 seconds
2016-06-26T20:32:12.413+0300: 1420.850: Total time for which application threads were stopped: 0.0033383 seconds, Stopping threads took: 0.0023944 seconds
2016-06-26T20:32:13.118+0300: 1421.555: [Full GC (Ergonomics) [PSYoungGen: 791636K->78000K(802816K)] [ParOldGen: 3486447K->3494459K(3495424K)] 4278084K->3572460K(4298240K), [Metaspace: 9071K->9071K(1058816K)], 0.4018718 secs] [Times: user=1.48 sys=0.00, real=0.40 secs] 
2016-06-26T20:32:13.519+0300: 1421.956: Total time for which application threads were stopped: 0.4053178 seconds, Stopping threads took: 0.0029718 seconds
2016-06-26T20:32:14.216+0300: 1422.653: Total time for which application threads were stopped: 0.0026224 seconds, Stopping threads took: 0.0017542 seconds
2016-06-26T20:32:14.665+0300: 1423.102: [Full GC (Ergonomics) [PSYoungGen: 791093K->28045K(802816K)] [ParOldGen: 3494459K->3494471K(3495424K)] 4285553K->3522516K(4298240K), [Metaspace: 9071K->9071K(1058816K)], 0.4044201 secs] [Times: user=1.34 sys=0.00, real=0.40 secs] 
2016-06-26T20:32:15.069+0300: 1423.506: Total time for which application threads were stopped: 0.4084965 seconds, Stopping threads took: 0.0036556 seconds
2016-06-26T20:32:16.072+0300: 1424.509: Total time for which application threads were stopped: 0.0028182 seconds, Stopping threads took: 0.0024907 seconds
2016-06-26T20:32:16.076+0300: 1424.513: Total time for which application threads were stopped: 0.0009400 seconds, Stopping threads took: 0.0000616 seconds
2016-06-26T20:32:16.120+0300: 1424.557: [Full GC (Ergonomics) [PSYoungGen: 791262K->0K(802816K)] [ParOldGen: 3494471K->3428473K(3495424K)] 4285733K->3428473K(4298240K), [Metaspace: 9071K->9071K(1058816K)], 0.3954356 secs] [Times: user=1.36 sys=0.02, real=0.40 secs] 
2016-06-26T20:32:16.515+0300: 1424.952: Total time for which application threads were stopped: 0.3971440 seconds, Stopping threads took: 0.0012188 seconds
2016-06-26T20:32:17.078+0300: 1425.515: Total time for which application threads were stopped: 0.0028764 seconds, Stopping threads took: 0.0018599 seconds
2016-06-26T20:32:17.639+0300: 1426.076: [Full GC (Ergonomics) [PSYoungGen: 790628K->50000K(802816K)] [ParOldGen: 3428473K->3494474K(3495424K)] 4219101K->3544475K(4298240K), [Metaspace: 9071K->9071K(1058816K)], 0.4033061 secs] [Times: user=1.27 sys=0.00, real=0.40 secs] 
2016-06-26T20:32:18.043+0300: 1426.480: Total time for which application threads were stopped: 0.4052301 seconds, Stopping threads took: 0.0013954 seconds
2016-06-26T20:32:18.077+0300: 1426.514: Total time for which application threads were stopped: 0.0013621 seconds, Stopping threads took: 0.0005004 seconds
2016-06-26T20:32:19.085+0300: 1427.522: Total time for which application threads were stopped: 0.0082888 seconds, Stopping threads took: 0.0079783 seconds
2016-06-26T20:32:19.120+0300: 1427.557: Total time for which application threads were stopped: 0.0023166 seconds, Stopping threads took: 0.0014348 seconds
2016-06-26T20:32:19.199+0300: 1427.636: [Full GC (Ergonomics) [PSYoungGen: 791414K->204003K(802816K)] [ParOldGen: 3494474K->3494491K(3495424K)] 4285889K->3698495K(4298240K), [Metaspace: 9071K->9071K(1058816K)], 0.4376006 secs] [Times: user=1.28 sys=0.00, real=0.44 secs] 
2016-06-26T20:32:19.637+0300: 1428.074: Total time for which application threads were stopped: 0.4404483 seconds, Stopping threads took: 0.0023448 seconds
2016-06-26T20:32:20.079+0300: 1428.516: Total time for which application threads were stopped: 0.0034875 seconds, Stopping threads took: 0.0025052 seconds
2016-06-26T20:32:20.523+0300: 1428.960: [Full GC (Ergonomics) [PSYoungGen: 791627K->208004K(802816K)] [ParOldGen: 3494491K->3494490K(3495424K)] 4286119K->3702495K(4298240K), [Metaspace: 9071K->9071K(1058816K)], 0.4238968 secs] [Times: user=1.36 sys=0.00, real=0.42 secs] 
2016-06-26T20:32:20.947+0300: 1429.384: Total time for which application threads were stopped: 0.4257887 seconds, Stopping threads took: 0.0013924 seconds
2016-06-26T20:32:21.416+0300: 1429.853: Total time for which application threads were stopped: 0.0041701 seconds, Stopping threads took: 0.0032356 seconds
2016-06-26T20:32:21.888+0300: 1430.325: [Full GC (Ergonomics) [PSYoungGen: 792576K->0K(802816K)] [ParOldGen: 3494490K->3312512K(3495424K)] 4287066K->3312512K(4298240K), [Metaspace: 9071K->9071K(1058816K)], 0.3699662 secs] [Times: user=1.36 sys=0.00, real=0.37 secs] 
2016-06-26T20:32:22.258+0300: 1430.695: Total time for which application threads were stopped: 0.3713189 seconds, Stopping threads took: 0.0009297 seconds
2016-06-26T20:32:22.264+0300: 1430.701: Total time for which application threads were stopped: 0.0003225 seconds, Stopping threads took: 0.0000693 seconds
2016-06-26T20:32:23.080+0300: 1431.517: Total time for which application threads were stopped: 0.0034234 seconds, Stopping threads took: 0.0027340 seconds
2016-06-26T20:32:23.484+0300: 1431.921: [Full GC (Ergonomics) [PSYoungGen: 792072K->0K(802816K)] [ParOldGen: 3312512K->3280515K(3495424K)] 4104585K->3280515K(4298240K), [Metaspace: 9071K->9071K(1058816K)], 0.3684732 secs] [Times: user=1.19 sys=0.00, real=0.37 secs] 
2016-06-26T20:32:23.853+0300: 1432.290: Total time for which application threads were stopped: 0.3693923 seconds, Stopping threads took: 0.0005021 seconds
2016-06-26T20:32:24.077+0300: 1432.515: Total time for which application threads were stopped: 0.0010807 seconds, Stopping threads took: 0.0004948 seconds
2016-06-26T20:32:24.947+0300: 1433.384: [Full GC (Ergonomics) [PSYoungGen: 790623K->112002K(802816K)] [ParOldGen: 3280515K->3494526K(3495424K)] 4071139K->3606528K(4298240K), [Metaspace: 9071K->9071K(1058816K)], 0.3980207 secs] [Times: user=1.50 sys=0.00, real=0.40 secs] 
2016-06-26T20:32:25.345+0300: 1433.782: Total time for which application threads were stopped: 0.4012470 seconds, Stopping threads took: 0.0027370 seconds
2016-06-26T20:32:25.351+0300: 1433.788: Total time for which application threads were stopped: 0.0008737 seconds, Stopping threads took: 0.0000650 seconds
2016-06-26T20:32:26.081+0300: 1434.518: Total time for which application threads were stopped: 0.0036103 seconds, Stopping threads took: 0.0027306 seconds
2016-06-26T20:32:26.482+0300: 1434.919: [Full GC (Ergonomics) [PSYoungGen: 791681K->56000K(802816K)] [ParOldGen: 3494526K->3494537K(3495424K)] 4286207K->3550538K(4298240K), [Metaspace: 9071K->9071K(1058816K)], 0.4093146 secs] [Times: user=1.31 sys=0.00, real=0.41 secs] 
2016-06-26T20:32:26.891+0300: 1435.328: Total time for which application threads were stopped: 0.4104060 seconds, Stopping threads took: 0.0006765 seconds
2016-06-26T20:32:27.084+0300: 1435.522: Total time for which application threads were stopped: 0.0068296 seconds, Stopping threads took: 0.0061214 seconds
2016-06-26T20:32:27.915+0300: 1436.352: [Full GC (Ergonomics) [PSYoungGen: 791997K->88001K(802816K)] [ParOldGen: 3494537K->3494544K(3495424K)] 4286535K->3582546K(4298240K), [Metaspace: 9071K->9071K(1058816K)], 0.4119409 secs] [Times: user=1.38 sys=0.00, real=0.41 secs] 
2016-06-26T20:32:28.327+0300: 1436.764: Total time for which application threads were stopped: 0.4166215 seconds, Stopping threads took: 0.0041529 seconds
2016-06-26T20:32:28.345+0300: 1436.782: Total time for which application threads were stopped: 0.0010392 seconds, Stopping threads took: 0.0001582 seconds
2016-06-26T20:32:29.330+0300: 1437.767: [Full GC (Ergonomics) [PSYoungGen: 791929K->56000K(802816K)] [ParOldGen: 3494544K->3494553K(3495424K)] 4286473K->3550554K(4298240K), [Metaspace: 9071K->9071K(1058816K)], 0.4102063 secs] [Times: user=1.33 sys=0.00, real=0.41 secs] 
2016-06-26T20:32:29.740+0300: 1438.177: Total time for which application threads were stopped: 0.4119849 seconds, Stopping threads took: 0.0012607 seconds
2016-06-26T20:32:30.081+0300: 1438.518: Total time for which application threads were stopped: 0.0022110 seconds, Stopping threads took: 0.0011649 seconds
2016-06-26T20:32:30.810+0300: 1439.247: [Full GC (Ergonomics) [PSYoungGen: 791355K->0K(802816K)] [ParOldGen: 3494553K->3460561K(3495424K)] 4285909K->3460561K(4298240K), [Metaspace: 9071K->9071K(1058816K)], 0.4191114 secs] [Times: user=1.30 sys=0.00, real=0.42 secs] 
2016-06-26T20:32:31.229+0300: 1439.666: Total time for which application threads were stopped: 0.4275391 seconds, Stopping threads took: 0.0078757 seconds
2016-06-26T20:32:31.411+0300: 1439.848: Total time for which application threads were stopped: 0.0023388 seconds, Stopping threads took: 0.0013437 seconds
2016-06-26T20:32:32.084+0300: 1440.521: Total time for which application threads were stopped: 0.0051207 seconds, Stopping threads took: 0.0041812 seconds
2016-06-26T20:32:32.450+0300: 1440.887: [Full GC (Ergonomics) [PSYoungGen: 791489K->172001K(802816K)] [ParOldGen: 3460561K->3494572K(3495424K)] 4252050K->3666573K(4298240K), [Metaspace: 9071K->9071K(1058816K)], 0.4225801 secs] [Times: user=1.36 sys=0.00, real=0.42 secs] 
2016-06-26T20:32:32.873+0300: 1441.310: Total time for which application threads were stopped: 0.4267377 seconds, Stopping threads took: 0.0036068 seconds
2016-06-26T20:32:33.081+0300: 1441.518: Total time for which application threads were stopped: 0.0014190 seconds, Stopping threads took: 0.0004798 seconds
2016-06-26T20:32:33.087+0300: 1441.524: Total time for which application threads were stopped: 0.0004264 seconds, Stopping threads took: 0.0000646 seconds
2016-06-26T20:32:33.799+0300: 1442.236: [Full GC (Ergonomics) [PSYoungGen: 791861K->150011K(802816K)] [ParOldGen: 3494572K->3494570K(3495424K)] 4286434K->3644581K(4298240K), [Metaspace: 9071K->9071K(1058816K)], 0.4144846 secs] [Times: user=1.48 sys=0.00, real=0.41 secs] 
2016-06-26T20:32:34.213+0300: 1442.650: Total time for which application threads were stopped: 0.4192016 seconds, Stopping threads took: 0.0041991 seconds
2016-06-26T20:32:34.420+0300: 1442.857: Total time for which application threads were stopped: 0.0022644 seconds, Stopping threads took: 0.0013009 seconds
2016-06-26T20:32:35.084+0300: 1443.521: Total time for which application threads were stopped: 0.0041820 seconds, Stopping threads took: 0.0031984 seconds
2016-06-26T20:32:35.169+0300: 1443.606: [Full GC (Ergonomics) [PSYoungGen: 792487K->0K(802816K)] [ParOldGen: 3494570K->3430587K(3495424K)] 4287058K->3430587K(4298240K), [Metaspace: 9071K->9071K(1058816K)], 0.3850825 secs] [Times: user=1.34 sys=0.00, real=0.38 secs] 
2016-06-26T20:32:35.554+0300: 1443.991: Total time for which application threads were stopped: 0.3862859 seconds, Stopping threads took: 0.0005833 seconds
2016-06-26T20:32:36.082+0300: 1444.519: Total time for which application threads were stopped: 0.0019304 seconds, Stopping threads took: 0.0009789 seconds
2016-06-26T20:32:36.745+0300: 1445.182: [Full GC (Ergonomics) [PSYoungGen: 791427K->54000K(802816K)] [ParOldGen: 3430587K->3494588K(3495424K)] 4222014K->3548589K(4298240K), [Metaspace: 9071K->9071K(1058816K)], 0.3925587 secs] [Times: user=1.47 sys=0.00, real=0.39 secs] 
2016-06-26T20:32:37.138+0300: 1445.575: Total time for which application threads were stopped: 0.3945281 seconds, Stopping threads took: 0.0014698 seconds
2016-06-26T20:32:37.390+0300: 1445.827: Total time for which application threads were stopped: 0.0020549 seconds, Stopping threads took: 0.0011448 seconds
2016-06-26T20:32:38.241+0300: 1446.678: [Full GC (Ergonomics) [PSYoungGen: 791537K->116134K(802816K)] [ParOldGen: 3494588K->3494609K(3495424K)] 4286126K->3610743K(4298240K), [Metaspace: 9071K->9071K(1058816K)], 0.4188530 secs] [Times: user=1.39 sys=0.00, real=0.42 secs] 
2016-06-26T20:32:38.660+0300: 1447.097: Total time for which application threads were stopped: 0.4224466 seconds, Stopping threads took: 0.0030667 seconds
2016-06-26T20:32:39.083+0300: 1447.521: Total time for which application threads were stopped: 0.0020570 seconds, Stopping threads took: 0.0010264 seconds
2016-06-26T20:32:39.647+0300: 1448.084: [Full GC (Ergonomics) [PSYoungGen: 792052K->116002K(802816K)] [ParOldGen: 3494609K->3494614K(3495424K)] 4286661K->3610616K(4298240K), [Metaspace: 9071K->9071K(1058816K)], 0.4092496 secs] [Times: user=1.42 sys=0.00, real=0.41 secs] 
2016-06-26T20:32:40.056+0300: 1448.493: Total time for which application threads were stopped: 0.4141771 seconds, Stopping threads took: 0.0044241 seconds
2016-06-26T20:32:40.083+0300: 1448.520: Total time for which application threads were stopped: 0.0008027 seconds, Stopping threads took: 0.0000659 seconds
2016-06-26T20:32:41.084+0300: 1449.521: Total time for which application threads were stopped: 0.0024791 seconds, Stopping threads took: 0.0015233 seconds
2016-06-26T20:32:41.101+0300: 1449.538: [Full GC (Ergonomics) [PSYoungGen: 791513K->86001K(802816K)] [ParOldGen: 3494614K->3494623K(3495424K)] 4286127K->3580624K(4298240K), [Metaspace: 9071K->9071K(1058816K)], 0.4063574 secs] [Times: user=1.39 sys=0.00, real=0.41 secs] 
2016-06-26T20:32:41.508+0300: 1449.945: Total time for which application threads were stopped: 0.4075694 seconds, Stopping threads took: 0.0007103 seconds
2016-06-26T20:32:42.411+0300: 1450.848: Total time for which application threads were stopped: 0.0082657 seconds, Stopping threads took: 0.0072804 seconds
2016-06-26T20:32:42.706+0300: 1451.143: [Full GC (Ergonomics) [PSYoungGen: 792011K->0K(802816K)] [ParOldGen: 3494623K->3252631K(3495424K)] 4286634K->3252631K(4298240K), [Metaspace: 9071K->9071K(1058816K)], 0.3848443 secs] [Times: user=1.19 sys=0.00, real=0.38 secs] 
2016-06-26T20:32:43.091+0300: 1451.528: Total time for which application threads were stopped: 0.3856577 seconds, Stopping threads took: 0.0004063 seconds
2016-06-26T20:32:44.089+0300: 1452.526: Total time for which application threads were stopped: 0.0064537 seconds, Stopping threads took: 0.0054859 seconds
2016-06-26T20:32:44.191+0300: 1452.628: [Full GC (Ergonomics) [PSYoungGen: 791046K->0K(802816K)] [ParOldGen: 3252631K->3428639K(3495424K)] 4043678K->3428639K(4298240K), [Metaspace: 9071K->9071K(1058816K)], 0.3984860 secs] [Times: user=1.30 sys=0.00, real=0.40 secs] 
2016-06-26T20:32:44.590+0300: 1453.027: Total time for which application threads were stopped: 0.4038236 seconds, Stopping threads took: 0.0048128 seconds
2016-06-26T20:32:45.085+0300: 1453.522: Total time for which application threads were stopped: 0.0019043 seconds, Stopping threads took: 0.0010948 seconds
2016-06-26T20:32:45.092+0300: 1453.529: Total time for which application threads were stopped: 0.0004858 seconds, Stopping threads took: 0.0000808 seconds
2016-06-26T20:32:45.675+0300: 1454.112: [Full GC (Ergonomics) [PSYoungGen: 790873K->142001K(802816K)] [ParOldGen: 3428639K->3494625K(3495424K)] 4219513K->3636626K(4298240K), [Metaspace: 9071K->9071K(1058816K)], 0.4053473 secs] [Times: user=1.47 sys=0.00, real=0.40 secs] 
2016-06-26T20:32:46.080+0300: 1454.517: Total time for which application threads were stopped: 0.4070139 seconds, Stopping threads took: 0.0011726 seconds
2016-06-26T20:32:46.456+0300: 1454.893: Total time for which application threads were stopped: 0.0060530 seconds, Stopping threads took: 0.0051156 seconds
2016-06-26T20:32:47.149+0300: 1455.586: [Full GC (Ergonomics) [PSYoungGen: 791664K->176003K(802816K)] [ParOldGen: 3494625K->3494643K(3495424K)] 4286289K->3670646K(4298240K), [Metaspace: 9071K->9071K(1058816K)], 0.4129390 secs] [Times: user=1.51 sys=0.00, real=0.41 secs] 
2016-06-26T20:32:47.562+0300: 1455.999: Total time for which application threads were stopped: 0.4187585 seconds, Stopping threads took: 0.0053551 seconds
2016-06-26T20:32:48.217+0300: 1456.655: Total time for which application threads were stopped: 0.0028084 seconds, Stopping threads took: 0.0020284 seconds
2016-06-26T20:32:48.560+0300: 1456.997: [Full GC (Ergonomics) [PSYoungGen: 791713K->0K(802816K)] [ParOldGen: 3494643K->3254647K(3495424K)] 4286356K->3254647K(4298240K), [Metaspace: 9071K->9071K(1058816K)], 0.3576125 secs] [Times: user=1.38 sys=0.00, real=0.36 secs] 
2016-06-26T20:32:48.918+0300: 1457.355: Total time for which application threads were stopped: 0.3608448 seconds, Stopping threads took: 0.0028559 seconds
2016-06-26T20:32:49.085+0300: 1457.521: Total time for which application threads were stopped: 0.0007445 seconds, Stopping threads took: 0.0002968 seconds
2016-06-26T20:32:49.997+0300: 1458.434: [Full GC (Ergonomics) [PSYoungGen: 791758K->0K(802816K)] [ParOldGen: 3254647K->3460658K(3495424K)] 4046406K->3460658K(4298240K), [Metaspace: 9071K->9071K(1058816K)], 0.4032745 secs] [Times: user=1.30 sys=0.00, real=0.40 secs] 
2016-06-26T20:32:50.400+0300: 1458.837: Total time for which application threads were stopped: 0.4056659 seconds, Stopping threads took: 0.0018718 seconds
2016-06-26T20:32:50.403+0300: 1458.840: Total time for which application threads were stopped: 0.0009969 seconds, Stopping threads took: 0.0000573 seconds
2016-06-26T20:32:51.088+0300: 1459.525: Total time for which application threads were stopped: 0.0031193 seconds, Stopping threads took: 0.0021280 seconds
2016-06-26T20:32:51.533+0300: 1459.970: [Full GC (Ergonomics) [PSYoungGen: 792199K->172001K(802816K)] [ParOldGen: 3460658K->3494642K(3495424K)] 4252857K->3666644K(4298240K), [Metaspace: 9071K->9071K(1058816K)], 0.4429261 secs] [Times: user=1.52 sys=0.00, real=0.44 secs] 
2016-06-26T20:32:51.976+0300: 1460.413: Total time for which application threads were stopped: 0.4452222 seconds, Stopping threads took: 0.0017923 seconds
2016-06-26T20:32:52.087+0300: 1460.524: Total time for which application threads were stopped: 0.0017320 seconds, Stopping threads took: 0.0008583 seconds
2016-06-26T20:32:52.905+0300: 1461.342: [Full GC (Ergonomics) [PSYoungGen: 791845K->88002K(802816K)] [ParOldGen: 3494642K->3494640K(3495424K)] 4286487K->3582643K(4298240K), [Metaspace: 9071K->9071K(1058816K)], 0.4261642 secs] [Times: user=1.48 sys=0.00, real=0.43 secs] 
2016-06-26T20:32:53.331+0300: 1461.768: Total time for which application threads were stopped: 0.4295500 seconds, Stopping threads took: 0.0028927 seconds
2016-06-26T20:32:53.431+0300: 1461.868: Total time for which application threads were stopped: 0.0016118 seconds, Stopping threads took: 0.0006783 seconds
2016-06-26T20:32:54.089+0300: 1462.526: Total time for which application threads were stopped: 0.0030778 seconds, Stopping threads took: 0.0021990 seconds
2016-06-26T20:32:54.458+0300: 1462.896: [Full GC (Ergonomics) [PSYoungGen: 792183K->176001K(802816K)] [ParOldGen: 3494640K->3494642K(3495424K)] 4286824K->3670644K(4298240K), [Metaspace: 9071K->9071K(1058816K)], 0.4573979 secs] [Times: user=1.41 sys=0.00, real=0.46 secs] 
2016-06-26T20:32:54.916+0300: 1463.353: Total time for which application threads were stopped: 0.4609535 seconds, Stopping threads took: 0.0030274 seconds
2016-06-26T20:32:55.494+0300: 1463.931: Total time for which application threads were stopped: 0.0050673 seconds, Stopping threads took: 0.0040721 seconds
2016-06-26T20:32:55.926+0300: 1464.364: [Full GC (Ergonomics) [PSYoungGen: 792569K->0K(802816K)] [ParOldGen: 3494642K->3282649K(3495424K)] 4287212K->3282649K(4298240K), [Metaspace: 9071K->9071K(1058816K)], 0.3840946 secs] [Times: user=1.30 sys=0.00, real=0.38 secs] 
2016-06-26T20:32:56.311+0300: 1464.748: Total time for which application threads were stopped: 0.3864826 seconds, Stopping threads took: 0.0019933 seconds
2016-06-26T20:32:57.091+0300: 1465.528: Total time for which application threads were stopped: 0.0050805 seconds, Stopping threads took: 0.0042257 seconds
2016-06-26T20:32:57.098+0300: 1465.535: Total time for which application threads were stopped: 0.0005098 seconds, Stopping threads took: 0.0001809 seconds
2016-06-26T20:32:57.482+0300: 1465.919: [Full GC (Ergonomics) [PSYoungGen: 791222K->0K(802816K)] [ParOldGen: 3282649K->3430659K(3495424K)] 4073872K->3430659K(4298240K), [Metaspace: 9071K->9071K(1058816K)], 0.3913968 secs] [Times: user=1.31 sys=0.05, real=0.39 secs] 
2016-06-26T20:32:57.873+0300: 1466.311: Total time for which application threads were stopped: 0.3930197 seconds, Stopping threads took: 0.0012205 seconds
2016-06-26T20:32:58.488+0300: 1466.925: Total time for which application threads were stopped: 0.0083675 seconds, Stopping threads took: 0.0075746 seconds
2016-06-26T20:32:59.039+0300: 1467.475: [Full GC (Ergonomics) [PSYoungGen: 791521K->0K(802816K)] [ParOldGen: 3430659K->3430685K(3495424K)] 4222180K->3430685K(4298240K), [Metaspace: 9072K->9072K(1058816K)], 0.3889215 secs] [Times: user=1.39 sys=0.00, real=0.39 secs] 
2016-06-26T20:32:59.427+0300: 1467.864: Total time for which application threads were stopped: 0.3918086 seconds, Stopping threads took: 0.0024376 seconds
2016-06-26T20:32:59.428+0300: 1467.865: Total time for which application threads were stopped: 0.0003186 seconds, Stopping threads took: 0.0001364 seconds
2016-06-26T20:32:59.965+0300: 1468.402: Total time for which application threads were stopped: 0.0058978 seconds, Stopping threads took: 0.0051126 seconds
2016-06-26T20:33:00.090+0300: 1468.527: Total time for which application threads were stopped: 0.0036073 seconds, Stopping threads took: 0.0028888 seconds
2016-06-26T20:33:00.646+0300: 1469.083: [Full GC (Ergonomics) [PSYoungGen: 791015K->0K(802816K)] [ParOldGen: 3430685K->3428694K(3495424K)] 4221701K->3428694K(4298240K), [Metaspace: 9072K->9072K(1058816K)], 0.3968656 secs] [Times: user=1.41 sys=0.00, real=0.40 secs] 
2016-06-26T20:33:01.043+0300: 1469.480: Total time for which application threads were stopped: 0.3985117 seconds, Stopping threads took: 0.0011906 seconds
2016-06-26T20:33:01.088+0300: 1469.525: Total time for which application threads were stopped: 0.0008019 seconds, Stopping threads took: 0.0001411 seconds
2016-06-26T20:33:02.092+0300: 1470.529: Total time for which application threads were stopped: 0.0044899 seconds, Stopping threads took: 0.0035696 seconds
2016-06-26T20:33:02.156+0300: 1470.593: [Full GC (Ergonomics) [PSYoungGen: 791023K->76000K(802816K)] [ParOldGen: 3428694K->3494659K(3495424K)] 4219717K->3570659K(4298240K), [Metaspace: 9072K->9072K(1058816K)], 0.4474366 secs] [Times: user=1.39 sys=0.00, real=0.45 secs] 
2016-06-26T20:33:02.604+0300: 1471.041: Total time for which application threads were stopped: 0.4492661 seconds, Stopping threads took: 0.0013035 seconds
2016-06-26T20:33:03.091+0300: 1471.528: Total time for which application threads were stopped: 0.0029089 seconds, Stopping threads took: 0.0020305 seconds
2016-06-26T20:33:03.660+0300: 1472.097: [Full GC (Ergonomics) [PSYoungGen: 791804K->0K(802816K)] [ParOldGen: 3494659K->3490658K(3495424K)] 4286463K->3490658K(4298240K), [Metaspace: 9072K->9072K(1058816K)], 0.3947723 secs] [Times: user=1.36 sys=0.00, real=0.39 secs] 
2016-06-26T20:33:04.055+0300: 1472.492: Total time for which application threads were stopped: 0.3968866 seconds, Stopping threads took: 0.0016418 seconds
2016-06-26T20:33:04.089+0300: 1472.526: Total time for which application threads were stopped: 0.0010918 seconds, Stopping threads took: 0.0002224 seconds
2016-06-26T20:33:05.090+0300: 1473.527: Total time for which application threads were stopped: 0.0022396 seconds, Stopping threads took: 0.0013163 seconds
2016-06-26T20:33:05.269+0300: 1473.706: [Full GC (Ergonomics) [PSYoungGen: 791757K->80000K(802816K)] [ParOldGen: 3490658K->3494659K(3495424K)] 4282416K->3574659K(4298240K), [Metaspace: 9072K->9072K(1058816K)], 0.4293567 secs] [Times: user=1.48 sys=0.00, real=0.43 secs] 
2016-06-26T20:33:05.698+0300: 1474.136: Total time for which application threads were stopped: 0.4326898 seconds, Stopping threads took: 0.0028123 seconds
2016-06-26T20:33:06.092+0300: 1474.529: Total time for which application threads were stopped: 0.0037788 seconds, Stopping threads took: 0.0028208 seconds
2016-06-26T20:33:06.758+0300: 1475.195: [Full GC (Ergonomics) [PSYoungGen: 790859K->88000K(802816K)] [ParOldGen: 3494659K->3494659K(3495424K)] 4285518K->3582660K(4298240K), [Metaspace: 9072K->9072K(1058816K)], 0.4500821 secs] [Times: user=1.39 sys=0.00, real=0.45 secs] 
2016-06-26T20:33:07.208+0300: 1475.645: Total time for which application threads were stopped: 0.4530000 seconds, Stopping threads took: 0.0024428 seconds
2016-06-26T20:33:07.483+0300: 1475.920: Total time for which application threads were stopped: 0.0082092 seconds, Stopping threads took: 0.0073073 seconds
2016-06-26T20:33:08.279+0300: 1476.716: [Full GC (Ergonomics) [PSYoungGen: 790806K->24000K(802816K)] [ParOldGen: 3494659K->3494660K(3495424K)] 4285466K->3518660K(4298240K), [Metaspace: 9072K->9072K(1058816K)], 0.4269041 secs] [Times: user=1.41 sys=0.00, real=0.43 secs] 
2016-06-26T20:33:08.707+0300: 1477.143: Total time for which application threads were stopped: 0.4319538 seconds, Stopping threads took: 0.0045434 seconds
2016-06-26T20:33:09.493+0300: 1477.930: Total time for which application threads were stopped: 0.0043604 seconds, Stopping threads took: 0.0040251 seconds
2016-06-26T20:33:09.965+0300: 1478.402: [Full GC (Ergonomics) [PSYoungGen: 792344K->0K(802816K)] [ParOldGen: 3494660K->3492668K(3495424K)] 4287005K->3492668K(4298240K), [Metaspace: 9072K->9072K(1058816K)], 0.3902246 secs] [Times: user=1.41 sys=0.00, real=0.39 secs] 
2016-06-26T20:33:10.355+0300: 1478.792: Total time for which application threads were stopped: 0.3926716 seconds, Stopping threads took: 0.0020463 seconds
2016-06-26T20:33:10.730+0300: 1479.167: Total time for which application threads were stopped: 0.0018616 seconds, Stopping threads took: 0.0011431 seconds
2016-06-26T20:33:11.479+0300: 1479.916: [Full GC (Ergonomics) [PSYoungGen: 792268K->86001K(802816K)] [ParOldGen: 3492668K->3494658K(3495424K)] 4284936K->3580660K(4298240K), [Metaspace: 9072K->9072K(1058816K)], 0.4203832 secs] [Times: user=1.45 sys=0.00, real=0.42 secs] 
2016-06-26T20:33:11.900+0300: 1480.337: Total time for which application threads were stopped: 0.4226194 seconds, Stopping threads took: 0.0017773 seconds
2016-06-26T20:33:12.092+0300: 1480.529: Total time for which application threads were stopped: 0.0028884 seconds, Stopping threads took: 0.0019839 seconds
2016-06-26T20:33:12.897+0300: 1481.334: [Full GC (Ergonomics) [PSYoungGen: 792559K->116001K(802816K)] [ParOldGen: 3494658K->3494659K(3495424K)] 4287217K->3610660K(4298240K), [Metaspace: 9072K->9072K(1058816K)], 0.4180148 secs] [Times: user=1.61 sys=0.00, real=0.42 secs] 
2016-06-26T20:33:13.315+0300: 1481.752: Total time for which application threads were stopped: 0.4206590 seconds, Stopping threads took: 0.0021695 seconds
2016-06-26T20:33:13.330+0300: 1481.768: Total time for which application threads were stopped: 0.0007651 seconds, Stopping threads took: 0.0000654 seconds
2016-06-26T20:33:14.340+0300: 1482.777: [Full GC (Ergonomics) [PSYoungGen: 790749K->204003K(802816K)] [ParOldGen: 3494659K->3494658K(3495424K)] 4285409K->3698661K(4298240K), [Metaspace: 9072K->9072K(1058816K)], 0.4502843 secs] [Times: user=1.36 sys=0.00, real=0.45 secs] 
2016-06-26T20:33:14.790+0300: 1483.227: Total time for which application threads were stopped: 0.4544467 seconds, Stopping threads took: 0.0036791 seconds
2016-06-26T20:33:15.093+0300: 1483.530: Total time for which application threads were stopped: 0.0026840 seconds, Stopping threads took: 0.0017902 seconds
2016-06-26T20:33:15.678+0300: 1484.115: [Full GC (Ergonomics) [PSYoungGen: 791319K->0K(802816K)] [ParOldGen: 3494658K->3490667K(3495424K)] 4285978K->3490667K(4298240K), [Metaspace: 9072K->9072K(1058816K)], 0.3962922 secs] [Times: user=1.41 sys=0.00, real=0.40 secs] 
2016-06-26T20:33:16.074+0300: 1484.511: Total time for which application threads were stopped: 0.3984411 seconds, Stopping threads took: 0.0016401 seconds
2016-06-26T20:33:16.632+0300: 1485.069: Total time for which application threads were stopped: 0.0049706 seconds, Stopping threads took: 0.0040794 seconds
2016-06-26T20:33:17.226+0300: 1485.663: [Full GC (Ergonomics) [PSYoungGen: 792532K->0K(802816K)] [ParOldGen: 3490667K->3488676K(3495424K)] 4283200K->3488676K(4298240K), [Metaspace: 9072K->9072K(1058816K)], 0.3945717 secs] [Times: user=1.44 sys=0.00, real=0.39 secs] 
2016-06-26T20:33:17.621+0300: 1486.058: Total time for which application threads were stopped: 0.4018008 seconds, Stopping threads took: 0.0067480 seconds
2016-06-26T20:33:18.549+0300: 1486.985: Total time for which application threads were stopped: 0.0120641 seconds, Stopping threads took: 0.0110822 seconds
2016-06-26T20:33:18.868+0300: 1487.305: [Full GC (Ergonomics) [PSYoungGen: 791126K->110000K(802816K)] [ParOldGen: 3488676K->3494642K(3495424K)] 4279802K->3604643K(4298240K), [Metaspace: 9072K->9072K(1058816K)], 0.4441420 secs] [Times: user=1.42 sys=0.00, real=0.44 secs] 
2016-06-26T20:33:19.312+0300: 1487.749: Total time for which application threads were stopped: 0.4474276 seconds, Stopping threads took: 0.0027554 seconds
2016-06-26T20:33:19.901+0300: 1488.338: Total time for which application threads were stopped: 0.0042599 seconds, Stopping threads took: 0.0033049 seconds
2016-06-26T20:33:20.394+0300: 1488.831: [Full GC (Ergonomics) [PSYoungGen: 790833K->116001K(802816K)] [ParOldGen: 3494642K->3494644K(3495424K)] 4285475K->3610646K(4298240K), [Metaspace: 9072K->9072K(1058816K)], 0.4329194 secs] [Times: user=1.45 sys=0.00, real=0.43 secs] 
2016-06-26T20:33:20.828+0300: 1489.265: Total time for which application threads were stopped: 0.4412737 seconds, Stopping threads took: 0.0079065 seconds
2016-06-26T20:33:21.233+0300: 1489.670: Total time for which application threads were stopped: 0.0022708 seconds, Stopping threads took: 0.0015378 seconds
2016-06-26T20:33:21.819+0300: 1490.256: [Full GC (Ergonomics) [PSYoungGen: 791050K->0K(802816K)] [ParOldGen: 3494644K->3374648K(3495424K)] 4285695K->3374648K(4298240K), [Metaspace: 9072K->9072K(1058816K)], 0.3791034 secs] [Times: user=1.39 sys=0.00, real=0.38 secs] 
2016-06-26T20:33:22.199+0300: 1490.636: Total time for which application threads were stopped: 0.3806751 seconds, Stopping threads took: 0.0011333 seconds
2016-06-26T20:33:22.259+0300: 1490.696: Total time for which application threads were stopped: 0.0065872 seconds, Stopping threads took: 0.0058289 seconds
2016-06-26T20:33:23.260+0300: 1491.697: Total time for which application threads were stopped: 0.0032882 seconds, Stopping threads took: 0.0023679 seconds
2016-06-26T20:33:23.266+0300: 1491.703: Total time for which application threads were stopped: 0.0004033 seconds, Stopping threads took: 0.0000594 seconds
2016-06-26T20:33:23.353+0300: 1491.790: [Full GC (Ergonomics) [PSYoungGen: 790715K->0K(802816K)] [ParOldGen: 3374648K->3458676K(3495424K)] 4165364K->3458676K(4298240K), [Metaspace: 9072K->9072K(1058816K)], 0.3862367 secs] [Times: user=1.39 sys=0.00, real=0.39 secs] 
2016-06-26T20:33:23.739+0300: 1492.176: Total time for which application threads were stopped: 0.3869646 seconds, Stopping threads took: 0.0002181 seconds
2016-06-26T20:33:23.740+0300: 1492.177: Total time for which application threads were stopped: 0.0003665 seconds, Stopping threads took: 0.0001428 seconds
2016-06-26T20:33:24.264+0300: 1492.701: Total time for which application threads were stopped: 0.0021986 seconds, Stopping threads took: 0.0012500 seconds
2016-06-26T20:33:24.887+0300: 1493.323: [Full GC (Ergonomics) [PSYoungGen: 791015K->292003K(802816K)] [ParOldGen: 3458676K->3494660K(3495424K)] 4249691K->3786663K(4298240K), [Metaspace: 9072K->9072K(1058816K)], 0.4267587 secs] [Times: user=1.58 sys=0.00, real=0.43 secs] 
2016-06-26T20:33:25.313+0300: 1493.750: Total time for which application threads were stopped: 0.4284988 seconds, Stopping threads took: 0.0011491 seconds
2016-06-26T20:33:25.612+0300: 1494.049: Total time for which application threads were stopped: 0.0022200 seconds, Stopping threads took: 0.0012539 seconds
2016-06-26T20:33:26.147+0300: 1494.584: [Full GC (Ergonomics) [PSYoungGen: 792576K->88002K(802816K)] [ParOldGen: 3494660K->3494660K(3495424K)] 4287236K->3582662K(4298240K), [Metaspace: 9072K->9072K(1058816K)], 0.4257255 secs] [Times: user=1.38 sys=0.00, real=0.43 secs] 
2016-06-26T20:33:26.573+0300: 1495.010: Total time for which application threads were stopped: 0.4270969 seconds, Stopping threads took: 0.0009336 seconds
2016-06-26T20:33:27.605+0300: 1496.042: [Full GC (Ergonomics) [PSYoungGen: 791505K->56000K(802816K)] [ParOldGen: 3494660K->3494659K(3495424K)] 4286165K->3550659K(4298240K), [Metaspace: 9072K->9072K(1058816K)], 0.4135330 secs] [Times: user=1.44 sys=0.00, real=0.41 secs] 
2016-06-26T20:33:28.018+0300: 1496.456: Total time for which application threads were stopped: 0.4161593 seconds, Stopping threads took: 0.0021229 seconds
2016-06-26T20:33:28.261+0300: 1496.699: Total time for which application threads were stopped: 0.0019728 seconds, Stopping threads took: 0.0010922 seconds
2016-06-26T20:33:29.045+0300: 1497.482: [Full GC (Ergonomics) [PSYoungGen: 791084K->56000K(802816K)] [ParOldGen: 3494659K->3494659K(3495424K)] 4285743K->3550659K(4298240K), [Metaspace: 9072K->9072K(1058816K)], 0.4158834 secs] [Times: user=1.39 sys=0.00, real=0.42 secs] 
2016-06-26T20:33:29.461+0300: 1497.898: Total time for which application threads were stopped: 0.4201980 seconds, Stopping threads took: 0.0038314 seconds
2016-06-26T20:33:29.617+0300: 1498.055: Total time for which application threads were stopped: 0.0038951 seconds, Stopping threads took: 0.0029418 seconds
2016-06-26T20:33:30.598+0300: 1499.035: [Full GC (Ergonomics) [PSYoungGen: 791100K->56000K(802816K)] [ParOldGen: 3494659K->3494658K(3495424K)] 4285759K->3550659K(4298240K), [Metaspace: 9072K->9072K(1058816K)], 0.4332774 secs] [Times: user=1.34 sys=0.00, real=0.43 secs] 
2016-06-26T20:33:31.031+0300: 1499.469: Total time for which application threads were stopped: 0.4362171 seconds, Stopping threads took: 0.0024513 seconds
2016-06-26T20:33:31.261+0300: 1499.698: Total time for which application threads were stopped: 0.0017517 seconds, Stopping threads took: 0.0008741 seconds
2016-06-26T20:33:32.172+0300: 1500.609: [Full GC (Ergonomics) [PSYoungGen: 791039K->86000K(802816K)] [ParOldGen: 3494658K->3494659K(3495424K)] 4285698K->3580659K(4298240K), [Metaspace: 9072K->9072K(1058816K)], 0.4245374 secs] [Times: user=1.30 sys=0.00, real=0.42 secs] 
2016-06-26T20:33:32.597+0300: 1501.034: Total time for which application threads were stopped: 0.4301919 seconds, Stopping threads took: 0.0051558 seconds
2016-06-26T20:33:32.600+0300: 1501.036: Total time for which application threads were stopped: 0.0010123 seconds, Stopping threads took: 0.0000603 seconds
2016-06-26T20:33:33.552+0300: 1501.989: Total time for which application threads were stopped: 0.0028229 seconds, Stopping threads took: 0.0019193 seconds
2016-06-26T20:33:33.614+0300: 1502.051: [Full GC (Ergonomics) [PSYoungGen: 791577K->56000K(802816K)] [ParOldGen: 3494659K->3494658K(3495424K)] 4286236K->3550659K(4298240K), [Metaspace: 9072K->9072K(1058816K)], 0.4045698 secs] [Times: user=1.48 sys=0.00, real=0.40 secs] 
2016-06-26T20:33:34.019+0300: 1502.455: Total time for which application threads were stopped: 0.4054247 seconds, Stopping threads took: 0.0003644 seconds
2016-06-26T20:33:34.275+0300: 1502.712: Total time for which application threads were stopped: 0.0018393 seconds, Stopping threads took: 0.0009391 seconds
2016-06-26T20:33:35.170+0300: 1503.608: [Full GC (Ergonomics) [PSYoungGen: 790801K->86010K(802816K)] [ParOldGen: 3494658K->3494649K(3495424K)] 4285460K->3580660K(4298240K), [Metaspace: 9072K->9072K(1058816K)], 0.4131075 secs] [Times: user=1.38 sys=0.00, real=0.41 secs] 
2016-06-26T20:33:35.584+0300: 1504.021: Total time for which application threads were stopped: 0.4159369 seconds, Stopping threads took: 0.0023175 seconds
2016-06-26T20:33:35.589+0300: 1504.026: Total time for which application threads were stopped: 0.0010123 seconds, Stopping threads took: 0.0000676 seconds
2016-06-26T20:33:36.611+0300: 1505.048: [Full GC (Ergonomics) [PSYoungGen: 790922K->26000K(802816K)] [ParOldGen: 3494649K->3494658K(3495424K)] 4285572K->3520658K(4298240K), [Metaspace: 9072K->9072K(1058816K)], 0.3970872 secs] [Times: user=1.45 sys=0.00, real=0.40 secs] 
2016-06-26T20:33:37.008+0300: 1505.445: Total time for which application threads were stopped: 0.3995936 seconds, Stopping threads took: 0.0019856 seconds
2016-06-26T20:33:37.274+0300: 1505.711: Total time for which application threads were stopped: 0.0014100 seconds, Stopping threads took: 0.0005795 seconds
2016-06-26T20:33:37.281+0300: 1505.718: Total time for which application threads were stopped: 0.0004345 seconds, Stopping threads took: 0.0000710 seconds
2016-06-26T20:33:38.154+0300: 1506.592: [Full GC (Ergonomics) [PSYoungGen: 790727K->146001K(802816K)] [ParOldGen: 3494658K->3494659K(3495424K)] 4285385K->3640661K(4298240K), [Metaspace: 9072K->9072K(1058816K)], 0.4318456 secs] [Times: user=1.31 sys=0.00, real=0.43 secs] 
2016-06-26T20:33:38.587+0300: 1507.024: Total time for which application threads were stopped: 0.4342760 seconds, Stopping threads took: 0.0017329 seconds
2016-06-26T20:33:38.591+0300: 1507.029: Total time for which application threads were stopped: 0.0007236 seconds, Stopping threads took: 0.0000612 seconds
2016-06-26T20:33:39.276+0300: 1507.713: Total time for which application threads were stopped: 0.0042556 seconds, Stopping threads took: 0.0032840 seconds
2016-06-26T20:33:39.582+0300: 1508.019: [Full GC (Ergonomics) [PSYoungGen: 791214K->0K(802816K)] [ParOldGen: 3494659K->3460666K(3495424K)] 4285874K->3460666K(4298240K), [Metaspace: 9072K->9072K(1058816K)], 0.3906715 secs] [Times: user=1.36 sys=0.00, real=0.39 secs] 
2016-06-26T20:33:39.973+0300: 1508.410: Total time for which application threads were stopped: 0.3925677 seconds, Stopping threads took: 0.0012791 seconds
2016-06-26T20:33:40.281+0300: 1508.718: Total time for which application threads were stopped: 0.0033725 seconds, Stopping threads took: 0.0024021 seconds
2016-06-26T20:33:41.134+0300: 1509.571: [Full GC (Ergonomics) [PSYoungGen: 791630K->0K(802816K)] [ParOldGen: 3460666K->3488676K(3495424K)] 4252297K->3488676K(4298240K), [Metaspace: 9072K->9072K(1058816K)], 0.3976671 secs] [Times: user=1.28 sys=0.00, real=0.40 secs] 
2016-06-26T20:33:41.532+0300: 1509.969: Total time for which application threads were stopped: 0.4005794 seconds, Stopping threads took: 0.0023974 seconds
2016-06-26T20:33:41.566+0300: 1510.004: Total time for which application threads were stopped: 0.0012312 seconds, Stopping threads took: 0.0002904 seconds
2016-06-26T20:33:42.518+0300: 1510.955: Total time for which application threads were stopped: 0.0024817 seconds, Stopping threads took: 0.0015789 seconds
2016-06-26T20:33:42.756+0300: 1511.193: [Full GC (Ergonomics) [PSYoungGen: 791935K->80000K(802816K)] [ParOldGen: 3488676K->3494659K(3495424K)] 4280611K->3574659K(4298240K), [Metaspace: 9072K->9072K(1058816K)], 0.4336533 secs] [Times: user=1.34 sys=0.00, real=0.43 secs] 
2016-06-26T20:33:43.190+0300: 1511.627: Total time for which application threads were stopped: 0.4357005 seconds, Stopping threads took: 0.0015314 seconds
2016-06-26T20:33:43.233+0300: 1511.670: Total time for which application threads were stopped: 0.0023585 seconds, Stopping threads took: 0.0014489 seconds
2016-06-26T20:33:44.221+0300: 1512.658: [Full GC (Ergonomics) [PSYoungGen: 791633K->0K(802816K)] [ParOldGen: 3494659K->3460666K(3495424K)] 4286292K->3460666K(4298240K), [Metaspace: 9072K->9072K(1058816K)], 0.4021865 secs] [Times: user=1.36 sys=0.00, real=0.40 secs] 
2016-06-26T20:33:44.623+0300: 1513.060: Total time for which application threads were stopped: 0.4059234 seconds, Stopping threads took: 0.0032446 seconds
2016-06-26T20:33:44.625+0300: 1513.062: Total time for which application threads were stopped: 0.0006817 seconds, Stopping threads took: 0.0000569 seconds
2016-06-26T20:33:45.817+0300: 1514.254: [Full GC (Ergonomics) [PSYoungGen: 791287K->232002K(802816K)] [ParOldGen: 3460666K->3494642K(3495424K)] 4251954K->3726645K(4298240K), [Metaspace: 9072K->9072K(1058816K)], 0.4250232 secs] [Times: user=1.55 sys=0.00, real=0.43 secs] 
2016-06-26T20:33:46.242+0300: 1514.679: Total time for which application threads were stopped: 0.4269537 seconds, Stopping threads took: 0.0014318 seconds
2016-06-26T20:33:46.277+0300: 1514.714: Total time for which application threads were stopped: 0.0013856 seconds, Stopping threads took: 0.0004644 seconds
2016-06-26T20:33:47.095+0300: 1515.532: [Full GC (Ergonomics) [PSYoungGen: 792576K->118003K(802816K)] [ParOldGen: 3494642K->3494641K(3495424K)] 4287218K->3612645K(4298240K), [Metaspace: 9072K->9072K(1058816K)], 0.4175436 secs] [Times: user=1.42 sys=0.00, real=0.42 secs] 
2016-06-26T20:33:47.513+0300: 1515.950: Total time for which application threads were stopped: 0.4211141 seconds, Stopping threads took: 0.0030676 seconds
2016-06-26T20:33:48.514+0300: 1516.951: [Full GC (Ergonomics) [PSYoungGen: 792243K->58000K(802816K)] [ParOldGen: 3494641K->3494641K(3495424K)] 4286885K->3552642K(4298240K), [Metaspace: 9072K->9072K(1058816K)], 0.4023234 secs] [Times: user=1.47 sys=0.06, real=0.40 secs] 
2016-06-26T20:33:48.916+0300: 1517.353: Total time for which application threads were stopped: 0.4063951 seconds, Stopping threads took: 0.0033879 seconds
2016-06-26T20:33:48.919+0300: 1517.356: Total time for which application threads were stopped: 0.0007860 seconds, Stopping threads took: 0.0000650 seconds
2016-06-26T20:33:50.008+0300: 1518.445: [Full GC (Ergonomics) [PSYoungGen: 792135K->0K(802816K)] [ParOldGen: 3494641K->3432666K(3495424K)] 4286777K->3432666K(4298240K), [Metaspace: 9072K->9072K(1058816K)], 0.3980618 secs] [Times: user=1.25 sys=0.00, real=0.40 secs] 
2016-06-26T20:33:50.407+0300: 1518.843: Total time for which application threads were stopped: 0.4009587 seconds, Stopping threads took: 0.0023949 seconds
2016-06-26T20:33:50.407+0300: 1518.844: Total time for which application threads were stopped: 0.0003742 seconds, Stopping threads took: 0.0001420 seconds
2016-06-26T20:33:51.324+0300: 1519.761: Total time for which application threads were stopped: 0.0055659 seconds, Stopping threads took: 0.0046554 seconds
2016-06-26T20:33:51.331+0300: 1519.768: Total time for which application threads were stopped: 0.0005897 seconds, Stopping threads took: 0.0001138 seconds
2016-06-26T20:33:51.369+0300: 1519.806: Total time for which application threads were stopped: 0.0017341 seconds, Stopping threads took: 0.0008386 seconds
2016-06-26T20:33:51.594+0300: 1520.031: [Full GC (Ergonomics) [PSYoungGen: 790954K->0K(802816K)] [ParOldGen: 3432666K->3428675K(3495424K)] 4223620K->3428675K(4298240K), [Metaspace: 9072K->9072K(1058816K)], 0.3887351 secs] [Times: user=1.33 sys=0.00, real=0.39 secs] 
2016-06-26T20:33:51.983+0300: 1520.420: Total time for which application threads were stopped: 0.3901014 seconds, Stopping threads took: 0.0007651 seconds
2016-06-26T20:33:52.304+0300: 1520.741: Total time for which application threads were stopped: 0.0030291 seconds, Stopping threads took: 0.0021216 seconds
2016-06-26T20:33:53.166+0300: 1521.603: [Full GC (Ergonomics) [PSYoungGen: 792502K->352014K(802816K)] [ParOldGen: 3428675K->3494649K(3495424K)] 4221177K->3846664K(4298240K), [Metaspace: 9072K->9072K(1058816K)], 0.4482834 secs] [Times: user=1.45 sys=0.00, real=0.45 secs] 
2016-06-26T20:33:53.614+0300: 1522.051: Total time for which application threads were stopped: 0.4506337 seconds, Stopping threads took: 0.0018180 seconds
2016-06-26T20:33:53.651+0300: 1522.089: Total time for which application threads were stopped: 0.0043386 seconds, Stopping threads took: 0.0033742 seconds
2016-06-26T20:33:54.237+0300: 1522.674: Total time for which application threads were stopped: 0.0045862 seconds, Stopping threads took: 0.0036881 seconds
2016-06-26T20:33:54.272+0300: 1522.710: [Full GC (Ergonomics) [PSYoungGen: 792116K->210005K(802816K)] [ParOldGen: 3494649K->3494656K(3495424K)] 4286766K->3704661K(4298240K), [Metaspace: 9072K->9072K(1058816K)], 0.4417548 secs] [Times: user=1.44 sys=0.00, real=0.44 secs] 
2016-06-26T20:33:54.715+0300: 1523.152: Total time for which application threads were stopped: 0.4443344 seconds, Stopping threads took: 0.0019779 seconds
2016-06-26T20:33:55.455+0300: 1523.892: Total time for which application threads were stopped: 0.0063306 seconds, Stopping threads took: 0.0054265 seconds
2016-06-26T20:33:55.617+0300: 1524.054: [Full GC (Ergonomics) [PSYoungGen: 792503K->0K(802816K)] [ParOldGen: 3494656K->3462667K(3495424K)] 4287159K->3462667K(4298240K), [Metaspace: 9072K->9072K(1058816K)], 0.3980648 secs] [Times: user=1.36 sys=0.00, real=0.40 secs] 
2016-06-26T20:33:56.015+0300: 1524.452: Total time for which application threads were stopped: 0.4009741 seconds, Stopping threads took: 0.0022785 seconds
2016-06-26T20:33:56.805+0300: 1525.242: Total time for which application threads were stopped: 0.0036124 seconds, Stopping threads took: 0.0027079 seconds
2016-06-26T20:33:57.187+0300: 1525.624: [Full GC (Ergonomics) [PSYoungGen: 791855K->0K(802816K)] [ParOldGen: 3462667K->3370674K(3495424K)] 4254522K->3370674K(4298240K), [Metaspace: 9072K->9072K(1058816K)], 0.3759401 secs] [Times: user=1.31 sys=0.00, real=0.38 secs] 
2016-06-26T20:33:57.563+0300: 1526.000: Total time for which application threads were stopped: 0.3773826 seconds, Stopping threads took: 0.0009464 seconds
2016-06-26T20:33:58.075+0300: 1526.511: Total time for which application threads were stopped: 0.0034448 seconds, Stopping threads took: 0.0024881 seconds
2016-06-26T20:33:58.750+0300: 1527.187: [Full GC (Ergonomics) [PSYoungGen: 790694K->0K(802816K)] [ParOldGen: 3370674K->3486684K(3495424K)] 4161368K->3486684K(4298240K), [Metaspace: 9072K->9072K(1058816K)], 0.4053447 secs] [Times: user=1.31 sys=0.00, real=0.40 secs] 
2016-06-26T20:33:59.155+0300: 1527.592: Total time for which application threads were stopped: 0.4106151 seconds, Stopping threads took: 0.0047602 seconds
2016-06-26T20:33:59.408+0300: 1527.845: Total time for which application threads were stopped: 0.0016041 seconds, Stopping threads took: 0.0006560 seconds
2016-06-26T20:34:00.303+0300: 1528.740: Total time for which application threads were stopped: 0.0065260 seconds, Stopping threads took: 0.0055368 seconds
2016-06-26T20:34:00.351+0300: 1528.788: [Full GC (Ergonomics) [PSYoungGen: 791716K->198002K(802816K)] [ParOldGen: 3486684K->3494659K(3495424K)] 4278401K->3692661K(4298240K), [Metaspace: 9072K->9072K(1058816K)], 0.4226741 secs] [Times: user=1.51 sys=0.00, real=0.42 secs] 
2016-06-26T20:34:00.773+0300: 1529.211: Total time for which application threads were stopped: 0.4255227 seconds, Stopping threads took: 0.0023068 seconds
2016-06-26T20:34:01.643+0300: 1530.080: Total time for which application threads were stopped: 0.0063977 seconds, Stopping threads took: 0.0054881 seconds
2016-06-26T20:34:01.823+0300: 1530.260: [Full GC (Ergonomics) [PSYoungGen: 790884K->0K(802816K)] [ParOldGen: 3494659K->3310667K(3495424K)] 4285544K->3310667K(4298240K), [Metaspace: 9072K->9072K(1058816K)], 0.3892286 secs] [Times: user=1.25 sys=0.00, real=0.39 secs] 
2016-06-26T20:34:02.212+0300: 1530.649: Total time for which application threads were stopped: 0.3898247 seconds, Stopping threads took: 0.0002224 seconds
2016-06-26T20:34:03.154+0300: 1531.591: Total time for which application threads were stopped: 0.0055155 seconds, Stopping threads took: 0.0051537 seconds
2016-06-26T20:34:03.193+0300: 1531.630: Total time for which application threads were stopped: 0.0034105 seconds, Stopping threads took: 0.0024449 seconds
2016-06-26T20:34:03.280+0300: 1531.718: Total time for which application threads were stopped: 0.0015297 seconds, Stopping threads took: 0.0006222 seconds
2016-06-26T20:34:03.310+0300: 1531.747: [Full GC (Ergonomics) [PSYoungGen: 791406K->82000K(802816K)] [ParOldGen: 3310667K->3494659K(3495424K)] 4102074K->3576660K(4298240K), [Metaspace: 9072K->9072K(1058816K)], 0.4167862 secs] [Times: user=1.38 sys=0.00, real=0.42 secs] 
2016-06-26T20:34:03.727+0300: 1532.164: Total time for which application threads were stopped: 0.4174302 seconds, Stopping threads took: 0.0001048 seconds
2016-06-26T20:34:04.289+0300: 1532.726: Total time for which application threads were stopped: 0.0036526 seconds, Stopping threads took: 0.0027383 seconds
2016-06-26T20:34:04.710+0300: 1533.147: [Full GC (Ergonomics) [PSYoungGen: 791721K->0K(802816K)] [ParOldGen: 3494659K->3464657K(3495424K)] 4286380K->3464657K(4298240K), [Metaspace: 9072K->9072K(1058816K)], 0.3960510 secs] [Times: user=1.39 sys=0.00, real=0.40 secs] 
2016-06-26T20:34:05.106+0300: 1533.543: Total time for which application threads were stopped: 0.3975499 seconds, Stopping threads took: 0.0009678 seconds
2016-06-26T20:34:05.236+0300: 1533.673: Total time for which application threads were stopped: 0.0015160 seconds, Stopping threads took: 0.0005923 seconds
2016-06-26T20:34:06.238+0300: 1534.675: Total time for which application threads were stopped: 0.0018928 seconds, Stopping threads took: 0.0015772 seconds
2016-06-26T20:34:06.291+0300: 1534.729: Total time for which application threads were stopped: 0.0012535 seconds, Stopping threads took: 0.0003742 seconds
2016-06-26T20:34:06.354+0300: 1534.791: [Full GC (Ergonomics) [PSYoungGen: 792528K->86000K(802816K)] [ParOldGen: 3464657K->3494659K(3495424K)] 4257185K->3580660K(4298240K), [Metaspace: 9072K->9072K(1058816K)], 0.4372007 secs] [Times: user=1.31 sys=0.00, real=0.44 secs] 
2016-06-26T20:34:06.791+0300: 1535.228: Total time for which application threads were stopped: 0.4383182 seconds, Stopping threads took: 0.0006021 seconds
2016-06-26T20:34:07.286+0300: 1535.723: Total time for which application threads were stopped: 0.0062604 seconds, Stopping threads took: 0.0053551 seconds
2016-06-26T20:34:07.858+0300: 1536.295: [Full GC (Ergonomics) [PSYoungGen: 791480K->148001K(802816K)] [ParOldGen: 3494659K->3494659K(3495424K)] 4286139K->3642661K(4298240K), [Metaspace: 9072K->9072K(1058816K)], 0.4146578 secs] [Times: user=1.33 sys=0.00, real=0.41 secs] 
2016-06-26T20:34:08.273+0300: 1536.710: Total time for which application threads were stopped: 0.4174734 seconds, Stopping threads took: 0.0023192 seconds
2016-06-26T20:34:08.583+0300: 1537.020: Total time for which application threads were stopped: 0.0015926 seconds, Stopping threads took: 0.0006667 seconds
2016-06-26T20:34:09.187+0300: 1537.624: [Full GC (Ergonomics) [PSYoungGen: 792370K->56001K(802816K)] [ParOldGen: 3494659K->3494658K(3495424K)] 4287030K->3550659K(4298240K), [Metaspace: 9072K->9072K(1058816K)], 0.4043564 secs] [Times: user=1.41 sys=0.00, real=0.40 secs] 
2016-06-26T20:34:09.591+0300: 1538.028: Total time for which application threads were stopped: 0.4073500 seconds, Stopping threads took: 0.0024599 seconds
2016-06-26T20:34:09.898+0300: 1538.335: Total time for which application threads were stopped: 0.0014476 seconds, Stopping threads took: 0.0005795 seconds
2016-06-26T20:34:10.238+0300: 1538.675: Total time for which application threads were stopped: 0.0026472 seconds, Stopping threads took: 0.0017594 seconds
2016-06-26T20:34:10.692+0300: 1539.129: [Full GC (Ergonomics) [PSYoungGen: 791587K->116000K(802816K)] [ParOldGen: 3494658K->3494659K(3495424K)] 4286246K->3610660K(4298240K), [Metaspace: 9072K->9072K(1058816K)], 0.4188967 secs] [Times: user=1.48 sys=0.00, real=0.42 secs] 
2016-06-26T20:34:11.111+0300: 1539.548: Total time for which application threads were stopped: 0.4205590 seconds, Stopping threads took: 0.0011341 seconds
2016-06-26T20:34:11.237+0300: 1539.674: Total time for which application threads were stopped: 0.0012257 seconds, Stopping threads took: 0.0004576 seconds
2016-06-26T20:34:11.244+0300: 1539.681: Total time for which application threads were stopped: 0.0004576 seconds, Stopping threads took: 0.0000817 seconds
2016-06-26T20:34:12.140+0300: 1540.577: [Full GC (Ergonomics) [PSYoungGen: 790763K->0K(802816K)] [ParOldGen: 3494659K->3490667K(3495424K)] 4285422K->3490667K(4298240K), [Metaspace: 9072K->9072K(1058816K)], 0.3888582 secs] [Times: user=1.45 sys=0.00, real=0.39 secs] 
2016-06-26T20:34:12.529+0300: 1540.966: Total time for which application threads were stopped: 0.3938421 seconds, Stopping threads took: 0.0043663 seconds
2016-06-26T20:34:12.563+0300: 1541.000: Total time for which application threads were stopped: 0.0008095 seconds, Stopping threads took: 0.0001510 seconds
2016-06-26T20:34:13.239+0300: 1541.676: Total time for which application threads were stopped: 0.0028636 seconds, Stopping threads took: 0.0018415 seconds
2016-06-26T20:34:13.708+0300: 1542.145: [Full GC (Ergonomics) [PSYoungGen: 791189K->0K(802816K)] [ParOldGen: 3490667K->3366673K(3495424K)] 4281856K->3366673K(4298240K), [Metaspace: 9072K->9072K(1058816K)], 0.3966963 secs] [Times: user=1.31 sys=0.00, real=0.40 secs] 
2016-06-26T20:34:14.104+0300: 1542.542: Total time for which application threads were stopped: 0.3983808 seconds, Stopping threads took: 0.0011491 seconds
2016-06-26T20:34:14.239+0300: 1542.676: Total time for which application threads were stopped: 0.0018325 seconds, Stopping threads took: 0.0008673 seconds
2016-06-26T20:34:15.239+0300: 1543.676: Total time for which application threads were stopped: 0.0022679 seconds, Stopping threads took: 0.0013240 seconds
2016-06-26T20:34:15.315+0300: 1543.752: [Full GC (Ergonomics) [PSYoungGen: 791931K->168002K(802816K)] [ParOldGen: 3366673K->3494658K(3495424K)] 4158605K->3662661K(4298240K), [Metaspace: 9072K->9072K(1058816K)], 0.4289598 secs] [Times: user=1.41 sys=0.00, real=0.43 secs] 
2016-06-26T20:34:15.744+0300: 1544.181: Total time for which application threads were stopped: 0.4323438 seconds, Stopping threads took: 0.0028349 seconds
2016-06-26T20:34:16.239+0300: 1544.677: Total time for which application threads were stopped: 0.0024616 seconds, Stopping threads took: 0.0015644 seconds
2016-06-26T20:34:16.654+0300: 1545.091: [Full GC (Ergonomics) [PSYoungGen: 792275K->28000K(802816K)] [ParOldGen: 3494658K->3494658K(3495424K)] 4286934K->3522658K(4298240K), [Metaspace: 9072K->9072K(1058816K)], 0.4028447 secs] [Times: user=1.28 sys=0.00, real=0.40 secs] 
2016-06-26T20:34:17.057+0300: 1545.494: Total time for which application threads were stopped: 0.4052968 seconds, Stopping threads took: 0.0019386 seconds
2016-06-26T20:34:17.593+0300: 1546.030: Total time for which application threads were stopped: 0.0038258 seconds, Stopping threads took: 0.0029119 seconds
2016-06-26T20:34:18.253+0300: 1546.691: [Full GC (Ergonomics) [PSYoungGen: 792499K->148001K(802816K)] [ParOldGen: 3494658K->3494662K(3495424K)] 4287158K->3642663K(4298240K), [Metaspace: 9072K->9072K(1058816K)], 0.4371229 secs] [Times: user=1.42 sys=0.00, real=0.44 secs] 
2016-06-26T20:34:18.691+0300: 1547.128: Total time for which application threads were stopped: 0.4416060 seconds, Stopping threads took: 0.0040212 seconds
2016-06-26T20:34:19.339+0300: 1547.776: Total time for which application threads were stopped: 0.0021319 seconds, Stopping threads took: 0.0012804 seconds
2016-06-26T20:34:19.733+0300: 1548.170: [Full GC (Ergonomics) [PSYoungGen: 791165K->0K(802816K)] [ParOldGen: 3494662K->3434684K(3495424K)] 4285827K->3434684K(4298240K), [Metaspace: 9072K->9072K(1058816K)], 0.3977744 secs] [Times: user=1.20 sys=0.00, real=0.40 secs] 
2016-06-26T20:34:20.131+0300: 1548.568: Total time for which application threads were stopped: 0.4005982 seconds, Stopping threads took: 0.0023897 seconds
2016-06-26T20:34:20.500+0300: 1548.936: Total time for which application threads were stopped: 0.0021917 seconds, Stopping threads took: 0.0015301 seconds
2016-06-26T20:34:21.241+0300: 1549.678: Total time for which application threads were stopped: 0.0028268 seconds, Stopping threads took: 0.0020245 seconds
2016-06-26T20:34:21.382+0300: 1549.819: [Full GC (Ergonomics) [PSYoungGen: 790965K->0K(802816K)] [ParOldGen: 3434684K->3370675K(3495424K)] 4225650K->3370675K(4298240K), [Metaspace: 9072K->9072K(1058816K)], 0.3830161 secs] [Times: user=1.39 sys=0.00, real=0.38 secs] 
2016-06-26T20:34:21.764+0300: 1550.202: Total time for which application threads were stopped: 0.3838132 seconds, Stopping threads took: 0.0004439 seconds
2016-06-26T20:34:22.241+0300: 1550.678: Total time for which application threads were stopped: 0.0022661 seconds, Stopping threads took: 0.0014912 seconds
2016-06-26T20:34:22.247+0300: 1550.684: Total time for which application threads were stopped: 0.0004837 seconds, Stopping threads took: 0.0002010 seconds
2016-06-26T20:34:22.823+0300: 1551.260: [Full GC (Ergonomics) [PSYoungGen: 791763K->0K(802816K)] [ParOldGen: 3370675K->3432684K(3495424K)] 4162439K->3432684K(4298240K), [Metaspace: 9072K->9072K(1058816K)], 0.3848896 secs] [Times: user=1.34 sys=0.00, real=0.38 secs] 
2016-06-26T20:34:23.208+0300: 1551.645: Total time for which application threads were stopped: 0.3877532 seconds, Stopping threads took: 0.0024334 seconds
2016-06-26T20:34:23.239+0300: 1551.676: Total time for which application threads were stopped: 0.0007493 seconds, Stopping threads took: 0.0000676 seconds
2016-06-26T20:34:24.243+0300: 1552.680: Total time for which application threads were stopped: 0.0039053 seconds, Stopping threads took: 0.0030081 seconds
2016-06-26T20:34:24.379+0300: 1552.816: [Full GC (Ergonomics) [PSYoungGen: 791633K->50000K(802816K)] [ParOldGen: 3432684K->3494658K(3495424K)] 4224317K->3544659K(4298240K), [Metaspace: 9072K->9072K(1058816K)], 0.4060897 secs] [Times: user=1.48 sys=0.00, real=0.41 secs] 
2016-06-26T20:34:24.785+0300: 1553.222: Total time for which application threads were stopped: 0.4075805 seconds, Stopping threads took: 0.0010020 seconds
2016-06-26T20:34:25.241+0300: 1553.678: Total time for which application threads were stopped: 0.0022503 seconds, Stopping threads took: 0.0011863 seconds
2016-06-26T20:34:25.839+0300: 1554.276: [Full GC (Ergonomics) [PSYoungGen: 790694K->176001K(802816K)] [ParOldGen: 3494658K->3494659K(3495424K)] 4285353K->3670661K(4298240K), [Metaspace: 9072K->9072K(1058816K)], 0.4243377 secs] [Times: user=1.45 sys=0.00, real=0.42 secs] 
2016-06-26T20:34:26.264+0300: 1554.700: Total time for which application threads were stopped: 0.4270781 seconds, Stopping threads took: 0.0021130 seconds
2016-06-26T20:34:26.585+0300: 1555.022: Total time for which application threads were stopped: 0.0035273 seconds, Stopping threads took: 0.0026117 seconds
2016-06-26T20:34:27.183+0300: 1555.620: [Full GC (Ergonomics) [PSYoungGen: 792178K->114003K(802816K)] [ParOldGen: 3494659K->3494657K(3495424K)] 4286838K->3608660K(4298240K), [Metaspace: 9072K->9072K(1058816K)], 0.4285557 secs] [Times: user=1.44 sys=0.00, real=0.43 secs] 
2016-06-26T20:34:27.612+0300: 1556.049: Total time for which application threads were stopped: 0.4318721 seconds, Stopping threads took: 0.0028063 seconds
2016-06-26T20:34:27.927+0300: 1556.364: Total time for which application threads were stopped: 0.0125260 seconds, Stopping threads took: 0.0115886 seconds
2016-06-26T20:34:28.698+0300: 1557.135: [Full GC (Ergonomics) [PSYoungGen: 792245K->0K(802816K)] [ParOldGen: 3494657K->3400665K(3495424K)] 4286903K->3400665K(4298240K), [Metaspace: 9072K->9072K(1058816K)], 0.4031175 secs] [Times: user=1.20 sys=0.00, real=0.40 secs] 
2016-06-26T20:34:29.101+0300: 1557.538: Total time for which application threads were stopped: 0.4136964 seconds, Stopping threads took: 0.0099336 seconds
2016-06-26T20:34:29.242+0300: 1557.679: Total time for which application threads were stopped: 0.0017538 seconds, Stopping threads took: 0.0008669 seconds
2016-06-26T20:34:30.249+0300: 1558.686: Total time for which application threads were stopped: 0.0094520 seconds, Stopping threads took: 0.0084782 seconds
2016-06-26T20:34:30.252+0300: 1558.690: [Full GC (Ergonomics) [PSYoungGen: 791804K->52181K(802816K)] [ParOldGen: 3400665K->3494642K(3495424K)] 4192469K->3546823K(4298240K), [Metaspace: 9072K->9072K(1058816K)], 0.4490087 secs] [Times: user=1.28 sys=0.00, real=0.45 secs] 
2016-06-26T20:34:30.702+0300: 1559.139: Total time for which application threads were stopped: 0.4496202 seconds, Stopping threads took: 0.0000731 seconds
2016-06-26T20:34:31.836+0300: 1560.273: [Full GC (Ergonomics) [PSYoungGen: 791404K->266013K(802816K)] [ParOldGen: 3494642K->3494632K(3495424K)] 4286046K->3760645K(4298240K), [Metaspace: 9072K->9072K(1058816K)], 0.5325068 secs] [Times: user=1.39 sys=0.02, real=0.53 secs] 
2016-06-26T20:34:32.368+0300: 1560.805: Total time for which application threads were stopped: 0.5421894 seconds, Stopping threads took: 0.0091728 seconds
2016-06-26T20:34:32.372+0300: 1560.809: Total time for which application threads were stopped: 0.0009391 seconds, Stopping threads took: 0.0000612 seconds
2016-06-26T20:34:33.197+0300: 1561.633: [Full GC (Ergonomics) [PSYoungGen: 792042K->178004K(802816K)] [ParOldGen: 3494632K->3494657K(3495424K)] 4286675K->3672662K(4298240K), [Metaspace: 9073K->9073K(1058816K)], 0.4302517 secs] [Times: user=1.42 sys=0.00, real=0.43 secs] 
2016-06-26T20:34:33.627+0300: 1562.064: Total time for which application threads were stopped: 0.4356718 seconds, Stopping threads took: 0.0049172 seconds
2016-06-26T20:34:33.627+0300: 1562.064: Total time for which application threads were stopped: 0.0005568 seconds, Stopping threads took: 0.0002399 seconds
2016-06-26T20:34:33.693+0300: 1562.130: Total time for which application threads were stopped: 0.0011739 seconds, Stopping threads took: 0.0002797 seconds
2016-06-26T20:34:34.245+0300: 1562.682: Total time for which application threads were stopped: 0.0038467 seconds, Stopping threads took: 0.0029277 seconds
2016-06-26T20:34:34.251+0300: 1562.688: Total time for which application threads were stopped: 0.0004563 seconds, Stopping threads took: 0.0000633 seconds
2016-06-26T20:34:34.501+0300: 1562.938: [Full GC (Ergonomics) [PSYoungGen: 792380K->58001K(802816K)] [ParOldGen: 3494657K->3494657K(3495424K)] 4287037K->3552659K(4298240K), [Metaspace: 9073K->9073K(1058816K)], 0.4189595 secs] [Times: user=1.41 sys=0.00, real=0.42 secs] 
2016-06-26T20:34:34.920+0300: 1563.357: Total time for which application threads were stopped: 0.4203669 seconds, Stopping threads took: 0.0008797 seconds
2016-06-26T20:34:35.243+0300: 1563.680: Total time for which application threads were stopped: 0.0018111 seconds, Stopping threads took: 0.0008698 seconds
2016-06-26T20:34:36.039+0300: 1564.476: [Full GC (Ergonomics) [PSYoungGen: 791939K->30000K(802816K)] [ParOldGen: 3494657K->3494658K(3495424K)] 4286596K->3524659K(4298240K), [Metaspace: 9073K->9073K(1058816K)], 0.4111420 secs] [Times: user=1.48 sys=0.00, real=0.41 secs] 
2016-06-26T20:34:36.450+0300: 1564.888: Total time for which application threads were stopped: 0.4172425 seconds, Stopping threads took: 0.0054735 seconds
2016-06-26T20:34:36.590+0300: 1565.027: Total time for which application threads were stopped: 0.0009922 seconds, Stopping threads took: 0.0003267 seconds
2016-06-26T20:34:37.564+0300: 1566.001: [Full GC (Ergonomics) [PSYoungGen: 790978K->0K(802816K)] [ParOldGen: 3494658K->3490667K(3495424K)] 4285636K->3490667K(4298240K), [Metaspace: 9073K->9073K(1058816K)], 0.4065221 secs] [Times: user=1.23 sys=0.00, real=0.41 secs] 
2016-06-26T20:34:37.971+0300: 1566.408: Total time for which application threads were stopped: 0.4103573 seconds, Stopping threads took: 0.0031971 seconds
2016-06-26T20:34:38.244+0300: 1566.681: Total time for which application threads were stopped: 0.0019227 seconds, Stopping threads took: 0.0010392 seconds
2016-06-26T20:34:39.167+0300: 1567.604: [Full GC (Ergonomics) [PSYoungGen: 791185K->172001K(802816K)] [ParOldGen: 3490667K->3494660K(3495424K)] 4281852K->3666661K(4298240K), [Metaspace: 9073K->9073K(1058816K)], 0.4243061 secs] [Times: user=1.42 sys=0.02, real=0.42 secs] 
2016-06-26T20:34:39.592+0300: 1568.029: Total time for which application threads were stopped: 0.4263956 seconds, Stopping threads took: 0.0015682 seconds
2016-06-26T20:34:39.594+0300: 1568.031: Total time for which application threads were stopped: 0.0008557 seconds, Stopping threads took: 0.0000612 seconds
2016-06-26T20:34:40.246+0300: 1568.683: Total time for which application threads were stopped: 0.0033498 seconds, Stopping threads took: 0.0024607 seconds
2016-06-26T20:34:40.545+0300: 1568.982: [Full GC (Ergonomics) [PSYoungGen: 791757K->146003K(802816K)] [ParOldGen: 3494660K->3494657K(3495424K)] 4286417K->3640661K(4298240K), [Metaspace: 9073K->9073K(1058816K)], 0.4178686 secs] [Times: user=1.41 sys=0.00, real=0.42 secs] 
2016-06-26T20:34:40.963+0300: 1569.400: Total time for which application threads were stopped: 0.4208699 seconds, Stopping threads took: 0.0023953 seconds
2016-06-26T20:34:41.247+0300: 1569.684: Total time for which application threads were stopped: 0.0036684 seconds, Stopping threads took: 0.0027233 seconds
2016-06-26T20:34:41.923+0300: 1570.360: [Full GC (Ergonomics) [PSYoungGen: 792356K->212010K(802816K)] [ParOldGen: 3494657K->3494651K(3495424K)] 4287014K->3706662K(4298240K), [Metaspace: 9073K->9073K(1058816K)], 0.4571097 secs] [Times: user=1.28 sys=0.00, real=0.46 secs] 
2016-06-26T20:34:42.380+0300: 1570.817: Total time for which application threads were stopped: 0.4648490 seconds, Stopping threads took: 0.0071033 seconds
2016-06-26T20:34:42.633+0300: 1571.070: Total time for which application threads were stopped: 0.0015071 seconds, Stopping threads took: 0.0005718 seconds
2016-06-26T20:34:43.248+0300: 1571.685: Total time for which application threads were stopped: 0.0048932 seconds, Stopping threads took: 0.0039789 seconds
2016-06-26T20:34:43.265+0300: 1571.702: [Full GC (Ergonomics) [PSYoungGen: 792013K->56001K(802816K)] [ParOldGen: 3494651K->3494658K(3495424K)] 4286664K->3550659K(4298240K), [Metaspace: 9073K->9073K(1058816K)], 0.4203986 secs] [Times: user=1.31 sys=0.00, real=0.42 secs] 
2016-06-26T20:34:43.686+0300: 1572.123: Total time for which application threads were stopped: 0.4221665 seconds, Stopping threads took: 0.0011068 seconds
2016-06-26T20:34:44.563+0300: 1573.000: Total time for which application threads were stopped: 0.0042308 seconds, Stopping threads took: 0.0032147 seconds
2016-06-26T20:34:44.911+0300: 1573.348: [Full GC (Ergonomics) [PSYoungGen: 791788K->0K(802816K)] [ParOldGen: 3494658K->3312667K(3495424K)] 4286446K->3312667K(4298240K), [Metaspace: 9073K->9073K(1058816K)], 0.3777632 secs] [Times: user=1.34 sys=0.00, real=0.38 secs] 
2016-06-26T20:34:45.289+0300: 1573.726: Total time for which application threads were stopped: 0.3795700 seconds, Stopping threads took: 0.0012851 seconds
2016-06-26T20:34:46.247+0300: 1574.684: Total time for which application threads were stopped: 0.0024274 seconds, Stopping threads took: 0.0015122 seconds
2016-06-26T20:34:46.384+0300: 1574.821: [Full GC (Ergonomics) [PSYoungGen: 791131K->0K(802816K)] [ParOldGen: 3312667K->3488676K(3495424K)] 4103799K->3488676K(4298240K), [Metaspace: 9073K->9073K(1058816K)], 0.3933666 secs] [Times: user=1.39 sys=0.00, real=0.39 secs] 
2016-06-26T20:34:46.778+0300: 1575.215: Total time for which application threads were stopped: 0.3946645 seconds, Stopping threads took: 0.0006825 seconds
2016-06-26T20:34:47.560+0300: 1575.997: Total time for which application threads were stopped: 0.0044057 seconds, Stopping threads took: 0.0040435 seconds
2016-06-26T20:34:48.037+0300: 1576.474: [Full GC (Ergonomics) [PSYoungGen: 792531K->22000K(802816K)] [ParOldGen: 3488676K->3494662K(3495424K)] 4281207K->3516662K(4298240K), [Metaspace: 9073K->9073K(1058816K)], 0.3976204 secs] [Times: user=1.55 sys=0.00, real=0.40 secs] 
2016-06-26T20:34:48.434+0300: 1576.871: Total time for which application threads were stopped: 0.4033455 seconds, Stopping threads took: 0.0053021 seconds
2016-06-26T20:34:48.744+0300: 1577.181: Total time for which application threads were stopped: 0.0026057 seconds, Stopping threads took: 0.0019458 seconds
2016-06-26T20:34:49.247+0300: 1577.684: Total time for which application threads were stopped: 0.0025274 seconds, Stopping threads took: 0.0017641 seconds
2016-06-26T20:34:49.597+0300: 1578.034: [Full GC (Ergonomics) [PSYoungGen: 791944K->0K(802816K)] [ParOldGen: 3494662K->3346666K(3495424K)] 4286606K->3346666K(4298240K), [Metaspace: 9073K->9073K(1058816K)], 0.3817485 secs] [Times: user=1.25 sys=0.00, real=0.38 secs] 
2016-06-26T20:34:49.978+0300: 1578.415: Total time for which application threads were stopped: 0.3829288 seconds, Stopping threads took: 0.0007929 seconds
2016-06-26T20:34:50.248+0300: 1578.685: Total time for which application threads were stopped: 0.0029837 seconds, Stopping threads took: 0.0022050 seconds
2016-06-26T20:34:51.092+0300: 1579.529: [Full GC (Ergonomics) [PSYoungGen: 792308K->238005K(802816K)] [ParOldGen: 3346666K->3494657K(3495424K)] 4138974K->3732662K(4298240K), [Metaspace: 9073K->9073K(1058816K)], 0.4340878 secs] [Times: user=1.36 sys=0.00, real=0.43 secs] 
2016-06-26T20:34:51.527+0300: 1579.964: Total time for which application threads were stopped: 0.4389276 seconds, Stopping threads took: 0.0042855 seconds
2016-06-26T20:34:51.529+0300: 1579.966: Total time for which application threads were stopped: 0.0008485 seconds, Stopping threads took: 0.0000560 seconds
2016-06-26T20:34:52.250+0300: 1580.687: Total time for which application threads were stopped: 0.0038493 seconds, Stopping threads took: 0.0029594 seconds
2016-06-26T20:34:52.472+0300: 1580.909: [Full GC (Ergonomics) [PSYoungGen: 792576K->0K(802816K)] [ParOldGen: 3494657K->3490669K(3495424K)] 4287233K->3490669K(4298240K), [Metaspace: 9073K->9073K(1058816K)], 0.3940098 secs] [Times: user=1.30 sys=0.00, real=0.39 secs] 
2016-06-26T20:34:52.866+0300: 1581.303: Total time for which application threads were stopped: 0.3950130 seconds, Stopping threads took: 0.0006603 seconds
2016-06-26T20:34:53.874+0300: 1582.312: Total time for which application threads were stopped: 0.0074925 seconds, Stopping threads took: 0.0071645 seconds
2016-06-26T20:34:53.921+0300: 1582.358: Total time for which application threads were stopped: 0.0032972 seconds, Stopping threads took: 0.0023782 seconds
2016-06-26T20:34:53.944+0300: 1582.381: [Full GC (Ergonomics) [PSYoungGen: 792009K->22000K(802816K)] [ParOldGen: 3490669K->3494658K(3495424K)] 4282678K->3516658K(4298240K), [Metaspace: 9073K->9073K(1058816K)], 0.4224150 secs] [Times: user=1.31 sys=0.00, real=0.42 secs] 
2016-06-26T20:34:54.367+0300: 1582.804: Total time for which application threads were stopped: 0.4232211 seconds, Stopping threads took: 0.0002711 seconds
2016-06-26T20:34:55.190+0300: 1583.627: Total time for which application threads were stopped: 0.0056553 seconds, Stopping threads took: 0.0047388 seconds
2016-06-26T20:34:55.430+0300: 1583.867: [Full GC (Ergonomics) [PSYoungGen: 792050K->116001K(802816K)] [ParOldGen: 3494658K->3494658K(3495424K)] 4286709K->3610660K(4298240K), [Metaspace: 9073K->9073K(1058816K)], 0.4366973 secs] [Times: user=1.41 sys=0.00, real=0.44 secs] 
2016-06-26T20:34:55.867+0300: 1584.304: Total time for which application threads were stopped: 0.4413814 seconds, Stopping threads took: 0.0041444 seconds
2016-06-26T20:34:56.537+0300: 1584.974: Total time for which application threads were stopped: 0.0033832 seconds, Stopping threads took: 0.0023739 seconds
2016-06-26T20:34:56.904+0300: 1585.341: [Full GC (Ergonomics) [PSYoungGen: 791912K->26000K(802816K)] [ParOldGen: 3494658K->3494658K(3495424K)] 4286571K->3520659K(4298240K), [Metaspace: 9073K->9073K(1058816K)], 0.4022472 secs] [Times: user=1.39 sys=0.00, real=0.40 secs] 
2016-06-26T20:34:57.307+0300: 1585.744: Total time for which application threads were stopped: 0.4034703 seconds, Stopping threads took: 0.0007249 seconds
2016-06-26T20:34:57.810+0300: 1586.246: Total time for which application threads were stopped: 0.0018718 seconds, Stopping threads took: 0.0009460 seconds
2016-06-26T20:34:58.440+0300: 1586.878: [Full GC (Ergonomics) [PSYoungGen: 791185K->26000K(802816K)] [ParOldGen: 3494658K->3494658K(3495424K)] 4285844K->3520658K(4298240K), [Metaspace: 9073K->9073K(1058816K)], 0.4207655 secs] [Times: user=1.39 sys=0.00, real=0.42 secs] 
2016-06-26T20:34:58.861+0300: 1587.299: Total time for which application threads were stopped: 0.4241269 seconds, Stopping threads took: 0.0028452 seconds
2016-06-26T20:34:59.153+0300: 1587.589: Total time for which application threads were stopped: 0.0025138 seconds, Stopping threads took: 0.0015203 seconds
2016-06-26T20:34:59.995+0300: 1588.432: [Full GC (Ergonomics) [PSYoungGen: 790736K->176002K(802816K)] [ParOldGen: 3494658K->3494644K(3495424K)] 4285394K->3670646K(4298240K), [Metaspace: 9073K->9073K(1058816K)], 0.4203986 secs] [Times: user=1.51 sys=0.00, real=0.42 secs] 
2016-06-26T20:35:00.416+0300: 1588.853: Total time for which application threads were stopped: 0.4248719 seconds, Stopping threads took: 0.0040118 seconds
2016-06-26T20:35:01.255+0300: 1589.692: Total time for which application threads were stopped: 0.0042389 seconds, Stopping threads took: 0.0038955 seconds
2016-06-26T20:35:01.502+0300: 1589.939: [Full GC (Ergonomics) [PSYoungGen: 792049K->0K(802816K)] [ParOldGen: 3494644K->3462651K(3495424K)] 4286693K->3462651K(4298240K), [Metaspace: 9073K->9073K(1058816K)], 0.4041918 secs] [Times: user=1.31 sys=0.00, real=0.40 secs] 
2016-06-26T20:35:01.906+0300: 1590.344: Total time for which application threads were stopped: 0.4067376 seconds, Stopping threads took: 0.0021909 seconds
2016-06-26T20:35:01.909+0300: 1590.347: Total time for which application threads were stopped: 0.0006120 seconds, Stopping threads took: 0.0000560 seconds
2016-06-26T20:35:02.261+0300: 1590.698: Total time for which application threads were stopped: 0.0023709 seconds, Stopping threads took: 0.0014831 seconds
2016-06-26T20:35:03.017+0300: 1591.454: [Full GC (Ergonomics) [PSYoungGen: 791326K->0K(802816K)] [ParOldGen: 3462651K->3490677K(3495424K)] 4253977K->3490677K(4298240K), [Metaspace: 9073K->9073K(1058816K)], 0.4052057 secs] [Times: user=1.31 sys=0.00, real=0.41 secs] 
2016-06-26T20:35:03.423+0300: 1591.859: Total time for which application threads were stopped: 0.4113362 seconds, Stopping threads took: 0.0056438 seconds
2016-06-26T20:35:03.423+0300: 1591.860: Total time for which application threads were stopped: 0.0003652 seconds, Stopping threads took: 0.0001279 seconds
2016-06-26T20:35:03.426+0300: 1591.863: Total time for which application threads were stopped: 0.0009579 seconds, Stopping threads took: 0.0000607 seconds
2016-06-26T20:35:04.253+0300: 1592.689: Total time for which application threads were stopped: 0.0037817 seconds, Stopping threads took: 0.0028738 seconds
2016-06-26T20:35:04.674+0300: 1593.111: [Full GC (Ergonomics) [PSYoungGen: 791468K->0K(802816K)] [ParOldGen: 3490677K->3276683K(3495424K)] 4282145K->3276683K(4298240K), [Metaspace: 9073K->9073K(1058816K)], 0.3751844 secs] [Times: user=1.26 sys=0.00, real=0.38 secs] 
2016-06-26T20:35:05.049+0300: 1593.486: Total time for which application threads were stopped: 0.3793506 seconds, Stopping threads took: 0.0036175 seconds
2016-06-26T20:35:05.252+0300: 1593.689: Total time for which application threads were stopped: 0.0034683 seconds, Stopping threads took: 0.0027537 seconds
2016-06-26T20:35:06.144+0300: 1594.582: [Full GC (Ergonomics) [PSYoungGen: 791980K->138002K(802816K)] [ParOldGen: 3276683K->3494658K(3495424K)] 4068663K->3632661K(4298240K), [Metaspace: 9073K->9073K(1058816K)], 0.4679944 secs] [Times: user=1.30 sys=0.00, real=0.47 secs] 
2016-06-26T20:35:06.613+0300: 1595.050: Total time for which application threads were stopped: 0.4729611 seconds, Stopping threads took: 0.0044579 seconds
2016-06-26T20:35:06.616+0300: 1595.053: Total time for which application threads were stopped: 0.0013082 seconds, Stopping threads took: 0.0003413 seconds
2016-06-26T20:35:07.262+0300: 1595.699: Total time for which application threads were stopped: 0.0130999 seconds, Stopping threads took: 0.0120953 seconds
2016-06-26T20:35:07.682+0300: 1596.119: [Full GC (Ergonomics) [PSYoungGen: 790687K->24000K(802816K)] [ParOldGen: 3494658K->3494660K(3495424K)] 4285346K->3518660K(4298240K), [Metaspace: 9073K->9073K(1058816K)], 0.4580783 secs] [Times: user=1.14 sys=0.00, real=0.46 secs] 
2016-06-26T20:35:08.140+0300: 1596.577: Total time for which application threads were stopped: 0.4638436 seconds, Stopping threads took: 0.0053726 seconds
2016-06-26T20:35:08.252+0300: 1596.689: Total time for which application threads were stopped: 0.0023923 seconds, Stopping threads took: 0.0017388 seconds
2016-06-26T20:35:09.227+0300: 1597.664: [Full GC (Ergonomics) [PSYoungGen: 791567K->56000K(802816K)] [ParOldGen: 3494660K->3494658K(3495424K)] 4286227K->3550659K(4298240K), [Metaspace: 9073K->9073K(1058816K)], 0.4319136 secs] [Times: user=1.28 sys=0.00, real=0.43 secs] 
2016-06-26T20:35:09.659+0300: 1598.096: Total time for which application threads were stopped: 0.4347224 seconds, Stopping threads took: 0.0022636 seconds
2016-06-26T20:35:09.661+0300: 1598.098: Total time for which application threads were stopped: 0.0009579 seconds, Stopping threads took: 0.0000560 seconds
2016-06-26T20:35:10.257+0300: 1598.694: Total time for which application threads were stopped: 0.0069019 seconds, Stopping threads took: 0.0059863 seconds
2016-06-26T20:35:10.263+0300: 1598.700: Total time for which application threads were stopped: 0.0003913 seconds, Stopping threads took: 0.0000577 seconds
2016-06-26T20:35:10.706+0300: 1599.143: [Full GC (Ergonomics) [PSYoungGen: 791884K->0K(802816K)] [ParOldGen: 3494658K->3430666K(3495424K)] 4286543K->3430666K(4298240K), [Metaspace: 9073K->9073K(1058816K)], 0.4081805 secs] [Times: user=1.24 sys=0.00, real=0.41 secs] 
2016-06-26T20:35:11.114+0300: 1599.551: Total time for which application threads were stopped: 0.4109577 seconds, Stopping threads took: 0.0022606 seconds
2016-06-26T20:35:11.252+0300: 1599.689: Total time for which application threads were stopped: 0.0016969 seconds, Stopping threads took: 0.0007514 seconds
2016-06-26T20:35:12.254+0300: 1600.691: Total time for which application threads were stopped: 0.0039079 seconds, Stopping threads took: 0.0029944 seconds
2016-06-26T20:35:12.314+0300: 1600.751: [Full GC (Ergonomics) [PSYoungGen: 791995K->22000K(802816K)] [ParOldGen: 3430666K->3494658K(3495424K)] 4222661K->3516658K(4298240K), [Metaspace: 9073K->9073K(1058816K)], 0.4143182 secs] [Times: user=1.25 sys=0.00, real=0.41 secs] 
2016-06-26T20:35:12.728+0300: 1601.165: Total time for which application threads were stopped: 0.4188599 seconds, Stopping threads took: 0.0040075 seconds
2016-06-26T20:35:13.253+0300: 1601.690: Total time for which application threads were stopped: 0.0022649 seconds, Stopping threads took: 0.0013492 seconds
2016-06-26T20:35:13.923+0300: 1602.361: [Full GC (Ergonomics) [PSYoungGen: 792550K->0K(802816K)] [ParOldGen: 3494658K->3492658K(3495424K)] 4287208K->3492658K(4298240K), [Metaspace: 9073K->9073K(1058816K)], 0.4301406 secs] [Times: user=1.23 sys=0.00, real=0.43 secs] 
2016-06-26T20:35:14.354+0300: 1602.791: Total time for which application threads were stopped: 0.4356616 seconds, Stopping threads took: 0.0049886 seconds
2016-06-26T20:35:14.614+0300: 1603.051: Total time for which application threads were stopped: 0.0072842 seconds, Stopping threads took: 0.0062835 seconds
2016-06-26T20:35:15.516+0300: 1603.952: [Full GC (Ergonomics) [PSYoungGen: 792127K->84000K(802816K)] [ParOldGen: 3492658K->3494659K(3495424K)] 4284786K->3578660K(4298240K), [Metaspace: 9073K->9073K(1058816K)], 0.4380616 secs] [Times: user=1.23 sys=0.00, real=0.44 secs] 
2016-06-26T20:35:15.953+0300: 1604.391: Total time for which application threads were stopped: 0.4449532 seconds, Stopping threads took: 0.0063699 seconds
2016-06-26T20:35:16.253+0300: 1604.690: Total time for which application threads were stopped: 0.0016413 seconds, Stopping threads took: 0.0007108 seconds
2016-06-26T20:35:17.055+0300: 1605.492: [Full GC (Ergonomics) [PSYoungGen: 792060K->56000K(802816K)] [ParOldGen: 3494659K->3494659K(3495424K)] 4286720K->3550659K(4298240K), [Metaspace: 9073K->9073K(1058816K)], 0.4185310 secs] [Times: user=1.34 sys=0.00, real=0.42 secs] 
2016-06-26T20:35:17.473+0300: 1605.910: Total time for which application threads were stopped: 0.4232921 seconds, Stopping threads took: 0.0042432 seconds
2016-06-26T20:35:17.563+0300: 1606.000: Total time for which application threads were stopped: 0.0015554 seconds, Stopping threads took: 0.0006081 seconds
2016-06-26T20:35:18.535+0300: 1606.972: [Full GC (Ergonomics) [PSYoungGen: 791531K->0K(802816K)] [ParOldGen: 3494659K->3460666K(3495424K)] 4286190K->3460666K(4298240K), [Metaspace: 9073K->9073K(1058816K)], 0.4112434 secs] [Times: user=1.27 sys=0.00, real=0.41 secs] 
2016-06-26T20:35:18.947+0300: 1607.384: Total time for which application threads were stopped: 0.4189557 seconds, Stopping threads took: 0.0072090 seconds
2016-06-26T20:35:18.949+0300: 1607.386: Total time for which application threads were stopped: 0.0009579 seconds, Stopping threads took: 0.0000624 seconds
2016-06-26T20:35:19.255+0300: 1607.692: Total time for which application threads were stopped: 0.0036624 seconds, Stopping threads took: 0.0027455 seconds
2016-06-26T20:35:20.151+0300: 1608.588: [Full GC (Ergonomics) [PSYoungGen: 791474K->82000K(802816K)] [ParOldGen: 3460666K->3494659K(3495424K)] 4252141K->3576659K(4298240K), [Metaspace: 9073K->9073K(1058816K)], 0.4277598 secs] [Times: user=1.30 sys=0.00, real=0.43 secs] 
2016-06-26T20:35:20.579+0300: 1609.016: Total time for which application threads were stopped: 0.4338167 seconds, Stopping threads took: 0.0055531 seconds
2016-06-26T20:35:20.582+0300: 1609.019: Total time for which application threads were stopped: 0.0007818 seconds, Stopping threads took: 0.0000616 seconds
2016-06-26T20:35:21.255+0300: 1609.692: Total time for which application threads were stopped: 0.0024718 seconds, Stopping threads took: 0.0015588 seconds
2016-06-26T20:35:21.261+0300: 1609.698: Total time for which application threads were stopped: 0.0004174 seconds, Stopping threads took: 0.0001236 seconds
2016-06-26T20:35:21.638+0300: 1610.075: [Full GC (Ergonomics) [PSYoungGen: 791869K->0K(802816K)] [ParOldGen: 3494659K->3490667K(3495424K)] 4286528K->3490667K(4298240K), [Metaspace: 9073K->9073K(1058816K)], 0.3891161 secs] [Times: user=1.45 sys=0.00, real=0.39 secs] 
2016-06-26T20:35:22.027+0300: 1610.464: Total time for which application threads were stopped: 0.3903161 seconds, Stopping threads took: 0.0006847 seconds
2016-06-26T20:35:22.255+0300: 1610.692: Total time for which application threads were stopped: 0.0028584 seconds, Stopping threads took: 0.0018778 seconds
2016-06-26T20:35:23.197+0300: 1611.634: [Full GC (Ergonomics) [PSYoungGen: 791439K->0K(802816K)] [ParOldGen: 3490667K->3486675K(3495424K)] 4282106K->3486675K(4298240K), [Metaspace: 9073K->9073K(1058816K)], 0.3912989 secs] [Times: user=1.34 sys=0.02, real=0.39 secs] 
2016-06-26T20:35:23.588+0300: 1612.025: Total time for which application threads were stopped: 0.3928354 seconds, Stopping threads took: 0.0010401 seconds
2016-06-26T20:35:23.590+0300: 1612.028: Total time for which application threads were stopped: 0.0009130 seconds, Stopping threads took: 0.0000620 seconds
2016-06-26T20:35:24.833+0300: 1613.270: [Full GC (Ergonomics) [PSYoungGen: 791684K->48000K(802816K)] [ParOldGen: 3486675K->3494658K(3495424K)] 4278360K->3542658K(4298240K), [Metaspace: 9073K->9073K(1058816K)], 0.4022806 secs] [Times: user=1.53 sys=0.00, real=0.40 secs] 
2016-06-26T20:35:25.235+0300: 1613.672: Total time for which application threads were stopped: 0.4042080 seconds, Stopping threads took: 0.0014677 seconds
2016-06-26T20:35:25.313+0300: 1613.750: Total time for which application threads were stopped: 0.0019505 seconds, Stopping threads took: 0.0010760 seconds
2016-06-26T20:35:26.261+0300: 1614.698: Total time for which application threads were stopped: 0.0069152 seconds, Stopping threads took: 0.0059696 seconds
2016-06-26T20:35:26.311+0300: 1614.748: [Full GC (Ergonomics) [PSYoungGen: 792358K->0K(802816K)] [ParOldGen: 3494658K->3490667K(3495424K)] 4287017K->3490667K(4298240K), [Metaspace: 9073K->9073K(1058816K)], 0.4111818 secs] [Times: user=1.11 sys=0.00, real=0.41 secs] 
2016-06-26T20:35:26.723+0300: 1615.160: Total time for which application threads were stopped: 0.4124250 seconds, Stopping threads took: 0.0007078 seconds
2016-06-26T20:35:27.263+0300: 1615.700: Total time for which application threads were stopped: 0.0088426 seconds, Stopping threads took: 0.0079527 seconds
2016-06-26T20:35:27.948+0300: 1616.385: [Full GC (Ergonomics) [PSYoungGen: 792196K->144001K(802816K)] [ParOldGen: 3490667K->3494659K(3495424K)] 4282864K->3638661K(4298240K), [Metaspace: 9073K->9073K(1058816K)], 0.4550959 secs] [Times: user=1.24 sys=0.00, real=0.46 secs] 
2016-06-26T20:35:28.403+0300: 1616.840: Total time for which application threads were stopped: 0.4585205 seconds, Stopping threads took: 0.0029085 seconds
2016-06-26T20:35:28.625+0300: 1617.062: Total time for which application threads were stopped: 0.0062951 seconds, Stopping threads took: 0.0052995 seconds
2016-06-26T20:35:29.334+0300: 1617.771: [Full GC (Ergonomics) [PSYoungGen: 792300K->0K(802816K)] [ParOldGen: 3494659K->3490676K(3495424K)] 4286960K->3490676K(4298240K), [Metaspace: 9073K->9073K(1058816K)], 0.4277406 secs] [Times: user=1.22 sys=0.02, real=0.43 secs] 
2016-06-26T20:35:29.762+0300: 1618.199: Total time for which application threads were stopped: 0.4355576 seconds, Stopping threads took: 0.0073018 seconds
2016-06-26T20:35:29.955+0300: 1618.392: Total time for which application threads were stopped: 0.0040606 seconds, Stopping threads took: 0.0031009 seconds
2016-06-26T20:35:30.620+0300: 1619.057: Total time for which application threads were stopped: 0.0065239 seconds, Stopping threads took: 0.0055505 seconds
2016-06-26T20:35:30.971+0300: 1619.408: [Full GC (Ergonomics) [PSYoungGen: 791437K->142001K(802816K)] [ParOldGen: 3490676K->3494642K(3495424K)] 4282113K->3636644K(4298240K), [Metaspace: 9073K->9073K(1058816K)], 0.4470551 secs] [Times: user=1.26 sys=0.00, real=0.45 secs] 
2016-06-26T20:35:31.418+0300: 1619.855: Total time for which application threads were stopped: 0.4531607 seconds, Stopping threads took: 0.0055766 seconds
2016-06-26T20:35:31.963+0300: 1620.400: Total time for which application threads were stopped: 0.0060954 seconds, Stopping threads took: 0.0051310 seconds
2016-06-26T20:35:32.423+0300: 1620.859: [Full GC (Ergonomics) [PSYoungGen: 791616K->0K(802816K)] [ParOldGen: 3494642K->3460649K(3495424K)] 4286258K->3460649K(4298240K), [Metaspace: 9073K->9073K(1058816K)], 0.4276161 secs] [Times: user=1.14 sys=0.00, real=0.43 secs] 
2016-06-26T20:35:32.850+0300: 1621.287: Total time for which application threads were stopped: 0.4428017 seconds, Stopping threads took: 0.0146493 seconds
2016-06-26T20:35:33.316+0300: 1621.754: Total time for which application threads were stopped: 0.0057438 seconds, Stopping threads took: 0.0047833 seconds
2016-06-26T20:35:33.323+0300: 1621.760: Total time for which application threads were stopped: 0.0004426 seconds, Stopping threads took: 0.0000727 seconds
2016-06-26T20:35:33.416+0300: 1621.853: Total time for which application threads were stopped: 0.0047598 seconds, Stopping threads took: 0.0038788 seconds
2016-06-26T20:35:34.040+0300: 1622.477: [Full GC (Ergonomics) [PSYoungGen: 791356K->172001K(802816K)] [ParOldGen: 3460649K->3494643K(3495424K)] 4252006K->3666644K(4298240K), [Metaspace: 9073K->9073K(1058816K)], 0.4631238 secs] [Times: user=1.19 sys=0.00, real=0.46 secs] 
2016-06-26T20:35:34.503+0300: 1622.940: Total time for which application threads were stopped: 0.4698718 seconds, Stopping threads took: 0.0062502 seconds
2016-06-26T20:35:34.803+0300: 1623.240: Total time for which application threads were stopped: 0.0029662 seconds, Stopping threads took: 0.0020502 seconds
2016-06-26T20:35:35.415+0300: 1623.852: Total time for which application threads were stopped: 0.0033083 seconds, Stopping threads took: 0.0023944 seconds
2016-06-26T20:35:35.432+0300: 1623.869: [Full GC (Ergonomics) [PSYoungGen: 791624K->116002K(802816K)] [ParOldGen: 3494643K->3494640K(3495424K)] 4286267K->3610643K(4298240K), [Metaspace: 9073K->9073K(1058816K)], 0.4351894 secs] [Times: user=1.31 sys=0.00, real=0.44 secs] 
2016-06-26T20:35:35.868+0300: 1624.304: Total time for which application threads were stopped: 0.4358408 seconds, Stopping threads took: 0.0000710 seconds
2016-06-26T20:35:36.674+0300: 1625.111: Total time for which application threads were stopped: 0.0033943 seconds, Stopping threads took: 0.0024710 seconds
2016-06-26T20:35:36.889+0300: 1625.326: [Full GC (Ergonomics) [PSYoungGen: 792438K->58000K(802816K)] [ParOldGen: 3494640K->3494641K(3495424K)] 4287079K->3552642K(4298240K), [Metaspace: 9073K->9073K(1058816K)], 0.4231266 secs] [Times: user=1.20 sys=0.03, real=0.42 secs] 
2016-06-26T20:35:37.312+0300: 1625.749: Total time for which application threads were stopped: 0.4247021 seconds, Stopping threads took: 0.0010854 seconds
2016-06-26T20:35:37.414+0300: 1625.851: Total time for which application threads were stopped: 0.0012458 seconds, Stopping threads took: 0.0003618 seconds
2016-06-26T20:35:38.416+0300: 1626.853: Total time for which application threads were stopped: 0.0034341 seconds, Stopping threads took: 0.0024466 seconds
2016-06-26T20:35:38.426+0300: 1626.863: [Full GC (Ergonomics) [PSYoungGen: 790733K->116001K(802816K)] [ParOldGen: 3494641K->3494641K(3495424K)] 4285375K->3610643K(4298240K), [Metaspace: 9073K->9073K(1058816K)], 0.4211419 secs] [Times: user=1.42 sys=0.00, real=0.42 secs] 
2016-06-26T20:35:38.847+0300: 1627.284: Total time for which application threads were stopped: 0.4222563 seconds, Stopping threads took: 0.0005863 seconds
2016-06-26T20:35:39.415+0300: 1627.852: Total time for which application threads were stopped: 0.0020763 seconds, Stopping threads took: 0.0013240 seconds
2016-06-26T20:35:39.836+0300: 1628.273: [Full GC (Ergonomics) [PSYoungGen: 791937K->268005K(802816K)] [ParOldGen: 3494641K->3494640K(3495424K)] 4286578K->3762645K(4298240K), [Metaspace: 9073K->9073K(1058816K)], 0.4425408 secs] [Times: user=1.38 sys=0.00, real=0.44 secs] 
2016-06-26T20:35:40.279+0300: 1628.716: Total time for which application threads were stopped: 0.4441817 seconds, Stopping threads took: 0.0011106 seconds
2016-06-26T20:35:40.783+0300: 1629.220: Total time for which application threads were stopped: 0.0035705 seconds, Stopping threads took: 0.0025954 seconds
2016-06-26T20:35:41.177+0300: 1629.614: [Full GC (Ergonomics) [PSYoungGen: 792576K->0K(802816K)] [ParOldGen: 3494640K->3374659K(3495424K)] 4287216K->3374659K(4298240K), [Metaspace: 9073K->9073K(1058816K)], 0.3913823 secs] [Times: user=1.22 sys=0.00, real=0.39 secs] 
2016-06-26T20:35:41.569+0300: 1630.006: Total time for which application threads were stopped: 0.3930313 seconds, Stopping threads took: 0.0012372 seconds
2016-06-26T20:35:42.730+0300: 1631.167: [Full GC (Ergonomics) [PSYoungGen: 791420K->148001K(802816K)] [ParOldGen: 3374659K->3494642K(3495424K)] 4166080K->3642643K(4298240K), [Metaspace: 9073K->9073K(1058816K)], 0.4749822 secs] [Times: user=1.27 sys=0.01, real=0.47 secs] 
2016-06-26T20:35:43.205+0300: 1631.642: Total time for which application threads were stopped: 0.4829772 seconds, Stopping threads took: 0.0074668 seconds
2016-06-26T20:35:43.209+0300: 1631.646: Total time for which application threads were stopped: 0.0009323 seconds, Stopping threads took: 0.0000569 seconds
2016-06-26T20:35:44.101+0300: 1632.538: [Full GC (Ergonomics) [PSYoungGen: 791701K->0K(802816K)] [ParOldGen: 3494642K->3462669K(3495424K)] 4286343K->3462669K(4298240K), [Metaspace: 9073K->9073K(1058816K)], 0.4065435 secs] [Times: user=1.25 sys=0.00, real=0.41 secs] 
2016-06-26T20:35:44.508+0300: 1632.945: Total time for which application threads were stopped: 0.4163295 seconds, Stopping threads took: 0.0092835 seconds
2016-06-26T20:35:44.543+0300: 1632.980: Total time for which application threads were stopped: 0.0026840 seconds, Stopping threads took: 0.0023055 seconds
2016-06-26T20:35:45.420+0300: 1633.858: Total time for which application threads were stopped: 0.0061206 seconds, Stopping threads took: 0.0052319 seconds
2016-06-26T20:35:45.427+0300: 1633.865: Total time for which application threads were stopped: 0.0006902 seconds, Stopping threads took: 0.0003703 seconds
2016-06-26T20:35:45.717+0300: 1634.154: [Full GC (Ergonomics) [PSYoungGen: 790712K->24000K(802816K)] [ParOldGen: 3462669K->3494658K(3495424K)] 4253382K->3518659K(4298240K), [Metaspace: 9073K->9073K(1058816K)], 0.4356150 secs] [Times: user=1.19 sys=0.02, real=0.43 secs] 
2016-06-26T20:35:46.152+0300: 1634.590: Total time for which application threads were stopped: 0.4411809 seconds, Stopping threads took: 0.0050527 seconds
2016-06-26T20:35:46.421+0300: 1634.858: Total time for which application threads were stopped: 0.0057455 seconds, Stopping threads took: 0.0048333 seconds
2016-06-26T20:35:47.323+0300: 1635.760: [Full GC (Ergonomics) [PSYoungGen: 792574K->0K(802816K)] [ParOldGen: 3494658K->3432665K(3495424K)] 4287233K->3432665K(4298240K), [Metaspace: 9073K->9073K(1058816K)], 0.4346536 secs] [Times: user=1.14 sys=0.00, real=0.43 secs] 
2016-06-26T20:35:47.758+0300: 1636.195: Total time for which application threads were stopped: 0.4426862 seconds, Stopping threads took: 0.0075053 seconds
2016-06-26T20:35:47.796+0300: 1636.232: Total time for which application threads were stopped: 0.0040542 seconds, Stopping threads took: 0.0030872 seconds
2016-06-26T20:35:48.419+0300: 1636.856: Total time for which application threads were stopped: 0.0040691 seconds, Stopping threads took: 0.0032382 seconds
2016-06-26T20:35:48.935+0300: 1637.373: [Full GC (Ergonomics) [PSYoungGen: 791669K->24000K(802816K)] [ParOldGen: 3432665K->3494658K(3495424K)] 4224335K->3518658K(4298240K), [Metaspace: 9073K->9073K(1058816K)], 0.4159766 secs] [Times: user=1.27 sys=0.00, real=0.42 secs] 
2016-06-26T20:35:49.352+0300: 1637.789: Total time for which application threads were stopped: 0.4209131 seconds, Stopping threads took: 0.0044497 seconds
2016-06-26T20:35:49.416+0300: 1637.853: Total time for which application threads were stopped: 0.0010751 seconds, Stopping threads took: 0.0003686 seconds
2016-06-26T20:35:50.418+0300: 1638.856: Total time for which application threads were stopped: 0.0032621 seconds, Stopping threads took: 0.0023589 seconds
2016-06-26T20:35:50.549+0300: 1638.986: [Full GC (Ergonomics) [PSYoungGen: 792118K->176002K(802816K)] [ParOldGen: 3494658K->3494659K(3495424K)] 4286777K->3670661K(4298240K), [Metaspace: 9073K->9073K(1058816K)], 0.4161605 secs] [Times: user=1.41 sys=0.00, real=0.42 secs] 
2016-06-26T20:35:50.965+0300: 1639.402: Total time for which application threads were stopped: 0.4183664 seconds, Stopping threads took: 0.0017021 seconds
2016-06-26T20:35:51.418+0300: 1639.855: Total time for which application threads were stopped: 0.0024979 seconds, Stopping threads took: 0.0015528 seconds
2016-06-26T20:35:51.835+0300: 1640.272: [Full GC (Ergonomics) [PSYoungGen: 790591K->28000K(802816K)] [ParOldGen: 3494659K->3494658K(3495424K)] 4285251K->3522658K(4298240K), [Metaspace: 9073K->9073K(1058816K)], 0.3958867 secs] [Times: user=1.41 sys=0.00, real=0.40 secs] 
2016-06-26T20:35:52.231+0300: 1640.668: Total time for which application threads were stopped: 0.3975683 seconds, Stopping threads took: 0.0011790 seconds
2016-06-26T20:35:52.417+0300: 1640.854: Total time for which application threads were stopped: 0.0011542 seconds, Stopping threads took: 0.0004448 seconds
2016-06-26T20:35:53.341+0300: 1641.778: [Full GC (Ergonomics) [PSYoungGen: 791631K->56001K(802816K)] [ParOldGen: 3494658K->3494658K(3495424K)] 4286290K->3550659K(4298240K), [Metaspace: 9073K->9073K(1058816K)], 0.4111519 secs] [Times: user=1.36 sys=0.02, real=0.41 secs] 
2016-06-26T20:35:53.753+0300: 1642.190: Total time for which application threads were stopped: 0.4136626 seconds, Stopping threads took: 0.0020224 seconds
2016-06-26T20:35:53.755+0300: 1642.192: Total time for which application threads were stopped: 0.0011414 seconds, Stopping threads took: 0.0002036 seconds
2016-06-26T20:35:54.762+0300: 1643.199: Total time for which application threads were stopped: 0.0064760 seconds, Stopping threads took: 0.0061484 seconds
2016-06-26T20:35:54.804+0300: 1643.241: Total time for which application threads were stopped: 0.0018487 seconds, Stopping threads took: 0.0009738 seconds
2016-06-26T20:35:54.918+0300: 1643.355: [Full GC (Ergonomics) [PSYoungGen: 792142K->26000K(802816K)] [ParOldGen: 3494658K->3494658K(3495424K)] 4286800K->3520658K(4298240K), [Metaspace: 9073K->9073K(1058816K)], 0.4083836 secs] [Times: user=1.34 sys=0.00, real=0.41 secs] 
2016-06-26T20:35:55.326+0300: 1643.764: Total time for which application threads were stopped: 0.4106938 seconds, Stopping threads took: 0.0017961 seconds
2016-06-26T20:35:55.419+0300: 1643.856: Total time for which application threads were stopped: 0.0016978 seconds, Stopping threads took: 0.0007591 seconds
2016-06-26T20:35:55.425+0300: 1643.863: Total time for which application threads were stopped: 0.0006321 seconds, Stopping threads took: 0.0002716 seconds
2016-06-26T20:35:56.421+0300: 1644.858: Total time for which application threads were stopped: 0.0040366 seconds, Stopping threads took: 0.0031394 seconds
2016-06-26T20:35:56.452+0300: 1644.889: [Full GC (Ergonomics) [PSYoungGen: 791941K->236013K(802816K)] [ParOldGen: 3494658K->3494649K(3495424K)] 4286600K->3730662K(4298240K), [Metaspace: 9073K->9073K(1058816K)], 0.4347113 secs] [Times: user=1.27 sys=0.00, real=0.44 secs] 
2016-06-26T20:35:56.887+0300: 1645.324: Total time for which application threads were stopped: 0.4358874 seconds, Stopping threads took: 0.0006582 seconds
2016-06-26T20:35:57.564+0300: 1646.001: Total time for which application threads were stopped: 0.0058122 seconds, Stopping threads took: 0.0048838 seconds
2016-06-26T20:35:57.737+0300: 1646.174: [Full GC (Ergonomics) [PSYoungGen: 792313K->238005K(802816K)] [ParOldGen: 3494649K->3494656K(3495424K)] 4286963K->3732662K(4298240K), [Metaspace: 9073K->9073K(1058816K)], 0.4514189 secs] [Times: user=1.36 sys=0.00, real=0.45 secs] 
2016-06-26T20:35:58.189+0300: 1646.626: Total time for which application threads were stopped: 0.4585962 seconds, Stopping threads took: 0.0066209 seconds
2016-06-26T20:35:58.423+0300: 1646.860: Total time for which application threads were stopped: 0.0054098 seconds, Stopping threads took: 0.0044848 seconds
2016-06-26T20:35:59.063+0300: 1647.500: [Full GC (Ergonomics) [PSYoungGen: 791337K->0K(802816K)] [ParOldGen: 3494656K->3492658K(3495424K)] 4285993K->3492658K(4298240K), [Metaspace: 9073K->9073K(1058816K)], 0.4078217 secs] [Times: user=1.26 sys=0.00, real=0.41 secs] 
2016-06-26T20:35:59.471+0300: 1647.908: Total time for which application threads were stopped: 0.4219899 seconds, Stopping threads took: 0.0136405 seconds
2016-06-26T20:35:59.537+0300: 1647.974: Total time for which application threads were stopped: 0.0010935 seconds, Stopping threads took: 0.0003644 seconds
2016-06-26T20:36:00.481+0300: 1648.918: Total time for which application threads were stopped: 0.0039981 seconds, Stopping threads took: 0.0030197 seconds
2016-06-26T20:36:00.638+0300: 1649.075: [Full GC (Ergonomics) [PSYoungGen: 792332K->0K(802816K)] [ParOldGen: 3492658K->3490667K(3495424K)] 4284990K->3490667K(4298240K), [Metaspace: 9073K->9073K(1058816K)], 0.3965137 secs] [Times: user=1.31 sys=0.00, real=0.40 secs] 
2016-06-26T20:36:01.034+0300: 1649.471: Total time for which application threads were stopped: 0.4009673 seconds, Stopping threads took: 0.0039648 seconds
2016-06-26T20:36:01.798+0300: 1650.236: Total time for which application threads were stopped: 0.0034546 seconds, Stopping threads took: 0.0026425 seconds
2016-06-26T20:36:02.340+0300: 1650.777: [Full GC (Ergonomics) [PSYoungGen: 792024K->0K(802816K)] [ParOldGen: 3490667K->3458678K(3495424K)] 4282691K->3458678K(4298240K), [Metaspace: 9073K->9073K(1058816K)], 0.3839210 secs] [Times: user=1.34 sys=0.00, real=0.38 secs] 
2016-06-26T20:36:02.724+0300: 1651.161: Total time for which application threads were stopped: 0.3856504 seconds, Stopping threads took: 0.0013249 seconds
2016-06-26T20:36:03.568+0300: 1652.005: Total time for which application threads were stopped: 0.0037510 seconds, Stopping threads took: 0.0028140 seconds
2016-06-26T20:36:03.913+0300: 1652.350: [Full GC (Ergonomics) [PSYoungGen: 790589K->20000K(802816K)] [ParOldGen: 3458678K->3494642K(3495424K)] 4249267K->3514643K(4298240K), [Metaspace: 9073K->9073K(1058816K)], 0.3847942 secs] [Times: user=1.52 sys=0.00, real=0.38 secs] 
2016-06-26T20:36:04.298+0300: 1652.735: Total time for which application threads were stopped: 0.3860682 seconds, Stopping threads took: 0.0008929 seconds
2016-06-26T20:36:04.421+0300: 1652.858: Total time for which application threads were stopped: 0.0018765 seconds, Stopping threads took: 0.0012103 seconds
2016-06-26T20:36:05.394+0300: 1653.831: [Full GC (Ergonomics) [PSYoungGen: 791910K->266005K(802816K)] [ParOldGen: 3494642K->3494640K(3495424K)] 4286553K->3760645K(4298240K), [Metaspace: 9073K->9073K(1058816K)], 0.4355166 secs] [Times: user=1.48 sys=0.00, real=0.43 secs] 
2016-06-26T20:36:05.829+0300: 1654.266: Total time for which application threads were stopped: 0.4377032 seconds, Stopping threads took: 0.0016644 seconds
2016-06-26T20:36:05.831+0300: 1654.269: Total time for which application threads were stopped: 0.0009135 seconds, Stopping threads took: 0.0000629 seconds
2016-06-26T20:36:06.424+0300: 1654.861: Total time for which application threads were stopped: 0.0044544 seconds, Stopping threads took: 0.0034892 seconds
2016-06-26T20:36:06.556+0300: 1654.993: [Full GC (Ergonomics) [PSYoungGen: 791216K->118003K(802816K)] [ParOldGen: 3494640K->3494529K(3495424K)] 4285857K->3612532K(4298240K), [Metaspace: 9073K->9073K(1058816K)], 0.4220720 secs] [Times: user=1.39 sys=0.00, real=0.42 secs] 
2016-06-26T20:36:06.978+0300: 1655.415: Total time for which application threads were stopped: 0.4251408 seconds, Stopping threads took: 0.0025368 seconds
2016-06-26T20:36:07.143+0300: 1655.580: Total time for which application threads were stopped: 0.0025514 seconds, Stopping threads took: 0.0021917 seconds
2016-06-26T20:36:07.423+0300: 1655.860: Total time for which application threads were stopped: 0.0031095 seconds, Stopping threads took: 0.0021994 seconds
2016-06-26T20:36:07.968+0300: 1656.406: [Full GC (Ergonomics) [PSYoungGen: 791178K->56000K(802816K)] [ParOldGen: 3494529K->3494531K(3495424K)] 4285707K->3550531K(4298240K), [Metaspace: 9073K->9073K(1058816K)], 0.4120341 secs] [Times: user=1.30 sys=0.00, real=0.41 secs] 
2016-06-26T20:36:08.381+0300: 1656.818: Total time for which application threads were stopped: 0.4146381 seconds, Stopping threads took: 0.0020545 seconds
2016-06-26T20:36:08.422+0300: 1656.859: Total time for which application threads were stopped: 0.0013454 seconds, Stopping threads took: 0.0004580 seconds
2016-06-26T20:36:09.424+0300: 1657.861: Total time for which application threads were stopped: 0.0041072 seconds, Stopping threads took: 0.0031980 seconds
2016-06-26T20:36:09.532+0300: 1657.970: [Full GC (Ergonomics) [PSYoungGen: 791234K->116000K(802816K)] [ParOldGen: 3494531K->3494532K(3495424K)] 4285766K->3610533K(4298240K), [Metaspace: 9073K->9073K(1058816K)], 0.4242500 secs] [Times: user=1.31 sys=0.00, real=0.42 secs] 
2016-06-26T20:36:09.957+0300: 1658.394: Total time for which application threads were stopped: 0.4251532 seconds, Stopping threads took: 0.0004700 seconds
2016-06-26T20:36:10.425+0300: 1658.862: Total time for which application threads were stopped: 0.0039306 seconds, Stopping threads took: 0.0030103 seconds
2016-06-26T20:36:10.972+0300: 1659.409: [Full GC (Ergonomics) [PSYoungGen: 792365K->90000K(802816K)] [ParOldGen: 3494532K->3494531K(3495424K)] 4286897K->3584532K(4298240K), [Metaspace: 9073K->9073K(1058816K)], 0.4136113 secs] [Times: user=1.34 sys=0.00, real=0.41 secs] 
2016-06-26T20:36:11.386+0300: 1659.823: Total time for which application threads were stopped: 0.4166964 seconds, Stopping threads took: 0.0025809 seconds
2016-06-26T20:36:11.789+0300: 1660.226: Total time for which application threads were stopped: 0.0033960 seconds, Stopping threads took: 0.0024051 seconds
2016-06-26T20:36:12.481+0300: 1660.918: [Full GC (Ergonomics) [PSYoungGen: 790761K->86000K(802816K)] [ParOldGen: 3494531K->3494533K(3495424K)] 4285292K->3580534K(4298240K), [Metaspace: 9073K->9073K(1058816K)], 0.4003656 secs] [Times: user=1.42 sys=0.00, real=0.40 secs] 
2016-06-26T20:36:12.882+0300: 1661.319: Total time for which application threads were stopped: 0.4025149 seconds, Stopping threads took: 0.0016700 seconds
2016-06-26T20:36:13.526+0300: 1661.963: Total time for which application threads were stopped: 0.0028503 seconds, Stopping threads took: 0.0020502 seconds
2016-06-26T20:36:13.981+0300: 1662.418: [Full GC (Ergonomics) [PSYoungGen: 790973K->0K(802816K)] [ParOldGen: 3494533K->3344648K(3495424K)] 4285507K->3344648K(4298240K), [Metaspace: 9073K->9073K(1058816K)], 0.3680516 secs] [Times: user=1.38 sys=0.00, real=0.37 secs] 
2016-06-26T20:36:14.349+0300: 1662.787: Total time for which application threads were stopped: 0.3696758 seconds, Stopping threads took: 0.0011209 seconds
2016-06-26T20:36:14.423+0300: 1662.860: Total time for which application threads were stopped: 0.0015875 seconds, Stopping threads took: 0.0009571 seconds
2016-06-26T20:36:15.425+0300: 1663.862: Total time for which application threads were stopped: 0.0034649 seconds, Stopping threads took: 0.0025364 seconds
2016-06-26T20:36:15.482+0300: 1663.919: [Full GC (Ergonomics) [PSYoungGen: 791116K->54000K(802816K)] [ParOldGen: 3344648K->3494531K(3495424K)] 4135765K->3548531K(4298240K), [Metaspace: 9073K->9073K(1058816K)], 0.3885880 secs] [Times: user=1.52 sys=0.00, real=0.39 secs] 
2016-06-26T20:36:15.870+0300: 1664.308: Total time for which application threads were stopped: 0.3899240 seconds, Stopping threads took: 0.0008472 seconds
2016-06-26T20:36:16.424+0300: 1664.862: Total time for which application threads were stopped: 0.0024329 seconds, Stopping threads took: 0.0015058 seconds
2016-06-26T20:36:16.909+0300: 1665.346: [Full GC (Ergonomics) [PSYoungGen: 792560K->178002K(802816K)] [ParOldGen: 3494531K->3494531K(3495424K)] 4287091K->3672533K(4298240K), [Metaspace: 9073K->9073K(1058816K)], 0.4236868 secs] [Times: user=1.42 sys=0.00, real=0.42 secs] 
2016-06-26T20:36:17.333+0300: 1665.770: Total time for which application threads were stopped: 0.4251781 seconds, Stopping threads took: 0.0009451 seconds
2016-06-26T20:36:17.424+0300: 1665.861: Total time for which application threads were stopped: 0.0016661 seconds, Stopping threads took: 0.0007651 seconds
2016-06-26T20:36:17.430+0300: 1665.867: Total time for which application threads were stopped: 0.0004003 seconds, Stopping threads took: 0.0000573 seconds
2016-06-26T20:36:18.219+0300: 1666.656: [Full GC (Ergonomics) [PSYoungGen: 791690K->0K(802816K)] [ParOldGen: 3494531K->3492548K(3495424K)] 4286221K->3492548K(4298240K), [Metaspace: 9073K->9073K(1058816K)], 0.4201835 secs] [Times: user=1.20 sys=0.00, real=0.42 secs] 
2016-06-26T20:36:18.639+0300: 1667.076: Total time for which application threads were stopped: 0.4274613 seconds, Stopping threads took: 0.0067595 seconds
2016-06-26T20:36:19.559+0300: 1667.996: Total time for which application threads were stopped: 0.0065773 seconds, Stopping threads took: 0.0056895 seconds
2016-06-26T20:36:19.602+0300: 1668.039: Total time for which application threads were stopped: 0.0082229 seconds, Stopping threads took: 0.0072740 seconds
2016-06-26T20:36:19.915+0300: 1668.352: [Full GC (Ergonomics) [PSYoungGen: 792558K->84000K(802816K)] [ParOldGen: 3492548K->3494531K(3495424K)] 4285106K->3578532K(4298240K), [Metaspace: 9073K->9073K(1058816K)], 0.4170894 secs] [Times: user=1.34 sys=0.00, real=0.42 secs] 
2016-06-26T20:36:20.332+0300: 1668.769: Total time for which application threads were stopped: 0.4242736 seconds, Stopping threads took: 0.0066753 seconds
2016-06-26T20:36:20.558+0300: 1668.995: Total time for which application threads were stopped: 0.0042261 seconds, Stopping threads took: 0.0032433 seconds
2016-06-26T20:36:21.378+0300: 1669.815: [Full GC (Ergonomics) [PSYoungGen: 792235K->178012K(802816K)] [ParOldGen: 3494531K->3494521K(3495424K)] 4286767K->3672533K(4298240K), [Metaspace: 9073K->9073K(1058816K)], 0.4349367 secs] [Times: user=1.27 sys=0.00, real=0.43 secs] 
2016-06-26T20:36:21.813+0300: 1670.250: Total time for which application threads were stopped: 0.4410406 seconds, Stopping threads took: 0.0055659 seconds
2016-06-26T20:36:21.896+0300: 1670.333: Total time for which application threads were stopped: 0.0056934 seconds, Stopping threads took: 0.0047547 seconds
2016-06-26T20:36:22.559+0300: 1670.996: Total time for which application threads were stopped: 0.0057036 seconds, Stopping threads took: 0.0047564 seconds
2016-06-26T20:36:22.732+0300: 1671.169: [Full GC (Ergonomics) [PSYoungGen: 790685K->204005K(802816K)] [ParOldGen: 3494521K->3494529K(3495424K)] 4285206K->3698534K(4298240K), [Metaspace: 9073K->9073K(1058816K)], 0.4271932 secs] [Times: user=1.38 sys=0.00, real=0.43 secs] 
2016-06-26T20:36:23.159+0300: 1671.596: Total time for which application threads were stopped: 0.4309424 seconds, Stopping threads took: 0.0032446 seconds
2016-06-26T20:36:23.555+0300: 1671.993: Total time for which application threads were stopped: 0.0016011 seconds, Stopping threads took: 0.0007463 seconds
2016-06-26T20:36:24.066+0300: 1672.503: [Full GC (Ergonomics) [PSYoungGen: 792151K->120000K(802816K)] [ParOldGen: 3494529K->3494532K(3495424K)] 4286680K->3614533K(4298240K), [Metaspace: 9073K->9073K(1058816K)], 0.4091068 secs] [Times: user=1.47 sys=0.00, real=0.41 secs] 
2016-06-26T20:36:24.475+0300: 1672.912: Total time for which application threads were stopped: 0.4116518 seconds, Stopping threads took: 0.0020395 seconds
2016-06-26T20:36:24.555+0300: 1672.992: Total time for which application threads were stopped: 0.0010687 seconds, Stopping threads took: 0.0002249 seconds
2016-06-26T20:36:25.436+0300: 1673.873: [Full GC (Ergonomics) [PSYoungGen: 792414K->0K(802816K)] [ParOldGen: 3494532K->3342545K(3495424K)] 4286946K->3342545K(4298240K), [Metaspace: 9073K->9073K(1058816K)], 0.3661887 secs] [Times: user=1.34 sys=0.00, real=0.37 secs] 
2016-06-26T20:36:25.802+0300: 1674.239: Total time for which application threads were stopped: 0.3682586 seconds, Stopping threads took: 0.0016118 seconds
2016-06-26T20:36:25.854+0300: 1674.291: Total time for which application threads were stopped: 0.0012162 seconds, Stopping threads took: 0.0003648 seconds
2016-06-26T20:36:27.018+0300: 1675.455: [Full GC (Ergonomics) [PSYoungGen: 790665K->84000K(802816K)] [ParOldGen: 3342545K->3494531K(3495424K)] 4133210K->3578532K(4298240K), [Metaspace: 9073K->9073K(1058816K)], 0.3908952 secs] [Times: user=1.52 sys=0.00, real=0.39 secs] 
2016-06-26T20:36:27.409+0300: 1675.846: Total time for which application threads were stopped: 0.3929932 seconds, Stopping threads took: 0.0015879 seconds
2016-06-26T20:36:27.556+0300: 1675.993: Total time for which application threads were stopped: 0.0013582 seconds, Stopping threads took: 0.0006646 seconds
2016-06-26T20:36:28.453+0300: 1676.890: [Full GC (Ergonomics) [PSYoungGen: 791125K->0K(802816K)] [ParOldGen: 3494531K->3430538K(3495424K)] 4285657K->3430538K(4298240K), [Metaspace: 9073K->9073K(1058816K)], 0.4099253 secs] [Times: user=1.22 sys=0.00, real=0.41 secs] 
2016-06-26T20:36:28.863+0300: 1677.300: Total time for which application threads were stopped: 0.4167913 seconds, Stopping threads took: 0.0063404 seconds
2016-06-26T20:36:28.865+0300: 1677.302: Total time for which application threads were stopped: 0.0009545 seconds, Stopping threads took: 0.0000629 seconds
2016-06-26T20:36:28.872+0300: 1677.309: Total time for which application threads were stopped: 0.0004413 seconds, Stopping threads took: 0.0000727 seconds
2016-06-26T20:36:29.562+0300: 1677.999: Total time for which application threads were stopped: 0.0065042 seconds, Stopping threads took: 0.0055967 seconds
2016-06-26T20:36:30.034+0300: 1678.470: [Full GC (Ergonomics) [PSYoungGen: 790710K->232002K(802816K)] [ParOldGen: 3430538K->3494532K(3495424K)] 4221248K->3726534K(4298240K), [Metaspace: 9073K->9073K(1058816K)], 0.4310566 secs] [Times: user=1.48 sys=0.00, real=0.43 secs] 
2016-06-26T20:36:30.464+0300: 1678.902: Total time for which application threads were stopped: 0.4336529 seconds, Stopping threads took: 0.0020476 seconds
2016-06-26T20:36:30.962+0300: 1679.399: Total time for which application threads were stopped: 0.0088238 seconds, Stopping threads took: 0.0078697 seconds
2016-06-26T20:36:31.424+0300: 1679.861: [Full GC (Ergonomics) [PSYoungGen: 792576K->0K(802816K)] [ParOldGen: 3494532K->3462541K(3495424K)] 4287108K->3462541K(4298240K), [Metaspace: 9073K->9073K(1058816K)], 0.4118973 secs] [Times: user=1.22 sys=0.00, real=0.41 secs] 
2016-06-26T20:36:31.836+0300: 1680.273: Total time for which application threads were stopped: 0.4148117 seconds, Stopping threads took: 0.0024731 seconds
2016-06-26T20:36:32.565+0300: 1681.002: Total time for which application threads were stopped: 0.0082644 seconds, Stopping threads took: 0.0073638 seconds
2016-06-26T20:36:33.019+0300: 1681.456: [Full GC (Ergonomics) [PSYoungGen: 792331K->0K(802816K)] [ParOldGen: 3462541K->3462548K(3495424K)] 4254873K->3462548K(4298240K), [Metaspace: 9073K->9073K(1058816K)], 0.4094228 secs] [Times: user=1.25 sys=0.01, real=0.41 secs] 
2016-06-26T20:36:33.428+0300: 1681.866: Total time for which application threads were stopped: 0.4145461 seconds, Stopping threads took: 0.0046738 seconds
2016-06-26T20:36:34.449+0300: 1682.886: Total time for which application threads were stopped: 0.0059534 seconds, Stopping threads took: 0.0056326 seconds
2016-06-26T20:36:34.486+0300: 1682.923: Total time for which application threads were stopped: 0.0064601 seconds, Stopping threads took: 0.0055364 seconds
2016-06-26T20:36:34.559+0300: 1682.996: [Full GC (Ergonomics) [PSYoungGen: 791874K->24000K(802816K)] [ParOldGen: 3462548K->3494549K(3495424K)] 4254422K->3518549K(4298240K), [Metaspace: 9073K->9073K(1058816K)], 0.4073072 secs] [Times: user=1.25 sys=0.00, real=0.41 secs] 
2016-06-26T20:36:34.966+0300: 1683.403: Total time for which application threads were stopped: 0.4103333 seconds, Stopping threads took: 0.0025347 seconds
2016-06-26T20:36:34.967+0300: 1683.404: Total time for which application threads were stopped: 0.0005200 seconds, Stopping threads took: 0.0001989 seconds
2016-06-26T20:36:35.822+0300: 1684.259: Total time for which application threads were stopped: 0.0036710 seconds, Stopping threads took: 0.0027477 seconds
2016-06-26T20:36:36.075+0300: 1684.512: [Full GC (Ergonomics) [PSYoungGen: 791911K->26000K(802816K)] [ParOldGen: 3494549K->3494548K(3495424K)] 4286460K->3520548K(4298240K), [Metaspace: 9073K->9073K(1058816K)], 0.3928448 secs] [Times: user=1.41 sys=0.00, real=0.39 secs] 
2016-06-26T20:36:36.468+0300: 1684.905: Total time for which application threads were stopped: 0.3943095 seconds, Stopping threads took: 0.0008707 seconds
2016-06-26T20:36:36.559+0300: 1684.996: Total time for which application threads were stopped: 0.0010118 seconds, Stopping threads took: 0.0002823 seconds
2016-06-26T20:36:37.561+0300: 1685.998: Total time for which application threads were stopped: 0.0025150 seconds, Stopping threads took: 0.0016448 seconds
2016-06-26T20:36:37.649+0300: 1686.086: [Full GC (Ergonomics) [PSYoungGen: 792360K->236004K(802816K)] [ParOldGen: 3494548K->3494547K(3495424K)] 4286908K->3730552K(4298240K), [Metaspace: 9073K->9073K(1058816K)], 0.4050958 secs] [Times: user=1.58 sys=0.00, real=0.40 secs] 
2016-06-26T20:36:38.054+0300: 1686.491: Total time for which application threads were stopped: 0.4060127 seconds, Stopping threads took: 0.0004383 seconds
2016-06-26T20:36:38.561+0300: 1686.998: Total time for which application threads were stopped: 0.0024432 seconds, Stopping threads took: 0.0015618 seconds
2016-06-26T20:36:38.884+0300: 1687.321: [Full GC (Ergonomics) [PSYoungGen: 791550K->238006K(802816K)] [ParOldGen: 3494547K->3494545K(3495424K)] 4286098K->3732551K(4298240K), [Metaspace: 9074K->9074K(1058816K)], 0.4096700 secs] [Times: user=1.58 sys=0.00, real=0.41 secs] 
2016-06-26T20:36:39.293+0300: 1687.731: Total time for which application threads were stopped: 0.4105976 seconds, Stopping threads took: 0.0005277 seconds
2016-06-26T20:36:39.561+0300: 1687.998: Total time for which application threads were stopped: 0.0026934 seconds, Stopping threads took: 0.0018222 seconds
2016-06-26T20:36:40.109+0300: 1688.546: [Full GC (Ergonomics) [PSYoungGen: 791604K->2000K(802816K)] [ParOldGen: 3494545K->3494548K(3495424K)] 4286150K->3496548K(4298240K), [Metaspace: 9074K->9074K(1058816K)], 0.4041174 secs] [Times: user=1.20 sys=0.00, real=0.40 secs] 
2016-06-26T20:36:40.513+0300: 1688.950: Total time for which application threads were stopped: 0.4064464 seconds, Stopping threads took: 0.0017299 seconds
2016-06-26T20:36:40.903+0300: 1689.340: Total time for which application threads were stopped: 0.0041906 seconds, Stopping threads took: 0.0031822 seconds
2016-06-26T20:36:41.746+0300: 1690.183: [Full GC (Ergonomics) [PSYoungGen: 791078K->0K(802816K)] [ParOldGen: 3494548K->3490558K(3495424K)] 4285626K->3490558K(4298240K), [Metaspace: 9074K->9074K(1058816K)], 0.4046028 secs] [Times: user=1.31 sys=0.00, real=0.40 secs] 
2016-06-26T20:36:42.151+0300: 1690.588: Total time for which application threads were stopped: 0.4102320 seconds, Stopping threads took: 0.0050121 seconds
2016-06-26T20:36:42.998+0300: 1691.435: Total time for which application threads were stopped: 0.0092254 seconds, Stopping threads took: 0.0088802 seconds
2016-06-26T20:36:43.446+0300: 1691.883: [Full GC (Ergonomics) [PSYoungGen: 792411K->0K(802816K)] [ParOldGen: 3490558K->3338563K(3495424K)] 4282970K->3338563K(4298240K), [Metaspace: 9074K->9074K(1058816K)], 0.4382078 secs] [Times: user=1.03 sys=0.00, real=0.44 secs] 
2016-06-26T20:36:43.884+0300: 1692.321: Total time for which application threads were stopped: 0.4464731 seconds, Stopping threads took: 0.0077837 seconds
2016-06-26T20:36:43.886+0300: 1692.323: Total time for which application threads were stopped: 0.0007865 seconds, Stopping threads took: 0.0001313 seconds
2016-06-26T20:36:44.564+0300: 1693.001: Total time for which application threads were stopped: 0.0042676 seconds, Stopping threads took: 0.0034832 seconds
2016-06-26T20:36:45.070+0300: 1693.507: [Full GC (Ergonomics) [PSYoungGen: 790791K->52000K(802816K)] [ParOldGen: 3338563K->3494549K(3495424K)] 4129355K->3546549K(4298240K), [Metaspace: 9074K->9074K(1058816K)], 0.4101708 secs] [Times: user=1.33 sys=0.00, real=0.41 secs] 
2016-06-26T20:36:45.480+0300: 1693.917: Total time for which application threads were stopped: 0.4147412 seconds, Stopping threads took: 0.0041136 seconds
2016-06-26T20:36:45.562+0300: 1693.999: Total time for which application threads were stopped: 0.0016345 seconds, Stopping threads took: 0.0008827 seconds
2016-06-26T20:36:46.539+0300: 1694.975: [Full GC (Ergonomics) [PSYoungGen: 791830K->114001K(802816K)] [ParOldGen: 3494549K->3494547K(3495424K)] 4286379K->3608549K(4298240K), [Metaspace: 9074K->9074K(1058816K)], 0.4357159 secs] [Times: user=1.30 sys=0.00, real=0.43 secs] 
2016-06-26T20:36:46.974+0300: 1695.411: Total time for which application threads were stopped: 0.4418745 seconds, Stopping threads took: 0.0056160 seconds
2016-06-26T20:36:46.977+0300: 1695.414: Total time for which application threads were stopped: 0.0009545 seconds, Stopping threads took: 0.0000641 seconds
2016-06-26T20:36:47.979+0300: 1696.416: [Full GC (Ergonomics) [PSYoungGen: 790818K->114002K(802816K)] [ParOldGen: 3494547K->3494547K(3495424K)] 4285366K->3608549K(4298240K), [Metaspace: 9074K->9074K(1058816K)], 0.4592223 secs] [Times: user=1.30 sys=0.00, real=0.46 secs] 
2016-06-26T20:36:48.438+0300: 1696.875: Total time for which application threads were stopped: 0.4687697 seconds, Stopping threads took: 0.0090209 seconds
2016-06-26T20:36:49.446+0300: 1697.883: Total time for which application threads were stopped: 0.0083842 seconds, Stopping threads took: 0.0080724 seconds
2016-06-26T20:36:49.448+0300: 1697.885: [Full GC (Ergonomics) [PSYoungGen: 791226K->0K(802816K)] [ParOldGen: 3494547K->3430555K(3495424K)] 4285773K->3430555K(4298240K), [Metaspace: 9074K->9074K(1058816K)], 0.4321018 secs] [Times: user=1.22 sys=0.00, real=0.43 secs] 
2016-06-26T20:36:49.880+0300: 1698.317: Total time for which application threads were stopped: 0.4326770 seconds, Stopping threads took: 0.0000565 seconds
2016-06-26T20:36:50.808+0300: 1699.245: Total time for which application threads were stopped: 0.0081891 seconds, Stopping threads took: 0.0072385 seconds
2016-06-26T20:36:51.172+0300: 1699.610: [Full GC (Ergonomics) [PSYoungGen: 791125K->52000K(802816K)] [ParOldGen: 3430555K->3494548K(3495424K)] 4221681K->3546548K(4298240K), [Metaspace: 9074K->9074K(1058816K)], 0.5253124 secs] [Times: user=1.14 sys=0.02, real=0.53 secs] 
2016-06-26T20:36:51.698+0300: 1700.135: Total time for which application threads were stopped: 0.5270478 seconds, Stopping threads took: 0.0012111 seconds
2016-06-26T20:36:52.703+0300: 1701.140: Total time for which application threads were stopped: 0.0052734 seconds, Stopping threads took: 0.0049698 seconds
2016-06-26T20:36:52.764+0300: 1701.201: [Full GC (Ergonomics) [PSYoungGen: 790917K->56000K(802816K)] [ParOldGen: 3494548K->3494548K(3495424K)] 4285466K->3550548K(4298240K), [Metaspace: 9074K->9074K(1058816K)], 0.5093750 secs] [Times: user=1.38 sys=0.00, real=0.51 secs] 
2016-06-26T20:36:53.273+0300: 1701.710: Total time for which application threads were stopped: 0.5099776 seconds, Stopping threads took: 0.0000680 seconds
2016-06-26T20:36:54.474+0300: 1702.911: [Full GC (Ergonomics) [PSYoungGen: 792576K->6000K(802816K)] [ParOldGen: 3494548K->3494546K(3495424K)] 4287124K->3500546K(4298240K), [Metaspace: 9074K->9074K(1058816K)], 0.4810181 secs] [Times: user=1.25 sys=0.00, real=0.48 secs] 
2016-06-26T20:36:54.955+0300: 1703.392: Total time for which application threads were stopped: 0.4817486 seconds, Stopping threads took: 0.0003254 seconds
2016-06-26T20:36:55.983+0300: 1704.420: Total time for which application threads were stopped: 0.0284262 seconds, Stopping threads took: 0.0281674 seconds
2016-06-26T20:36:56.215+0300: 1704.653: [Full GC (Ergonomics) [PSYoungGen: 792576K->0K(802816K)] [ParOldGen: 3494546K->3406564K(3495424K)] 4287122K->3406564K(4298240K), [Metaspace: 9074K->9074K(1058816K)], 0.4832757 secs] [Times: user=1.38 sys=0.00, real=0.48 secs] 
2016-06-26T20:36:56.699+0300: 1705.136: Total time for which application threads were stopped: 0.4837359 seconds, Stopping threads took: 0.0000881 seconds
2016-06-26T20:36:56.852+0300: 1705.289: Total time for which application threads were stopped: 0.0059854 seconds, Stopping threads took: 0.0054812 seconds
2016-06-26T20:36:56.947+0300: 1705.384: Total time for which application threads were stopped: 0.0331518 seconds, Stopping threads took: 0.0329730 seconds
2016-06-26T20:36:56.947+0300: 1705.384: Total time for which application threads were stopped: 0.0003280 seconds, Stopping threads took: 0.0002061 seconds
2016-06-26T20:36:57.071+0300: 1705.508: Total time for which application threads were stopped: 0.0281127 seconds, Stopping threads took: 0.0279258 seconds
2016-06-26T20:36:57.940+0300: 1706.377: [Full GC (Ergonomics) [PSYoungGen: 792252K->0K(802816K)] [ParOldGen: 3406564K->3456577K(3495424K)] 4198817K->3456577K(4298240K), [Metaspace: 9082K->9082K(1058816K)], 0.4784432 secs] [Times: user=1.26 sys=0.00, real=0.48 secs] 
2016-06-26T20:36:58.419+0300: 1706.855: Total time for which application threads were stopped: 0.5683011 seconds, Stopping threads took: 0.0894268 seconds
2016-06-26T20:36:59.425+0300: 1707.862: Total time for which application threads were stopped: 0.0069511 seconds, Stopping threads took: 0.0066941 seconds
2016-06-26T20:36:59.565+0300: 1708.002: Total time for which application threads were stopped: 0.0012851 seconds, Stopping threads took: 0.0010392 seconds
2016-06-26T20:36:59.636+0300: 1708.073: [Full GC (Ergonomics) [PSYoungGen: 792576K->0K(802816K)] [ParOldGen: 3456577K->3336584K(3495424K)] 4249153K->3336584K(4298240K), [Metaspace: 9083K->9083K(1058816K)], 0.4468135 secs] [Times: user=1.13 sys=0.00, real=0.45 secs] 
2016-06-26T20:37:00.083+0300: 1708.520: Total time for which application threads were stopped: 0.4472835 seconds, Stopping threads took: 0.0000731 seconds
2016-06-26T20:37:01.188+0300: 1709.625: [Full GC (Ergonomics) [PSYoungGen: 790873K->0K(802816K)] [ParOldGen: 3336584K->3366593K(3495424K)] 4127458K->3366593K(4298240K), [Metaspace: 9083K->9083K(1058816K)], 0.4819077 secs] [Times: user=1.23 sys=0.00, real=0.48 secs] 
2016-06-26T20:37:01.670+0300: 1710.107: Total time for which application threads were stopped: 0.5030924 seconds, Stopping threads took: 0.0207370 seconds
2016-06-26T20:37:02.822+0300: 1711.259: [Full GC (Ergonomics) [PSYoungGen: 791334K->50000K(802816K)] [ParOldGen: 3366593K->3494551K(3495424K)] 4157928K->3544552K(4298240K), [Metaspace: 9083K->9083K(1058816K)], 0.5245948 secs] [Times: user=1.49 sys=0.00, real=0.52 secs] 
2016-06-26T20:37:03.347+0300: 1711.784: Total time for which application threads were stopped: 0.5548090 seconds, Stopping threads took: 0.0297421 seconds
2016-06-26T20:37:04.446+0300: 1712.883: Total time for which application threads were stopped: 0.0326257 seconds, Stopping threads took: 0.0315241 seconds
2016-06-26T20:37:04.616+0300: 1713.053: [Full GC (Ergonomics) [PSYoungGen: 792576K->2190K(802816K)] [ParOldGen: 3494551K->3494541K(3495424K)] 4287127K->3496732K(4298240K), [Metaspace: 9083K->9083K(1058816K)], 0.5023551 secs] [Times: user=1.34 sys=0.02, real=0.50 secs] 
2016-06-26T20:37:05.119+0300: 1713.556: Total time for which application threads were stopped: 0.5028341 seconds, Stopping threads took: 0.0000748 seconds
2016-06-26T20:37:05.192+0300: 1713.629: Total time for which application threads were stopped: 0.0123519 seconds, Stopping threads took: 0.0121663 seconds
2016-06-26T20:37:05.192+0300: 1713.629: Total time for which application threads were stopped: 0.0001591 seconds, Stopping threads took: 0.0000445 seconds
Heap
 PSYoungGen      total 802816K, used 158228K [0x0000000755580000, 0x0000000787600000, 0x00000007c0000000)
  eden space 792576K, 19% used [0x0000000755580000,0x000000075f005070,0x0000000785b80000)
  from space 10240K, 0% used [0x0000000786c00000,0x0000000786c00000,0x0000000787600000)
  to   space 10752K, 0% used [0x0000000786100000,0x0000000786100000,0x0000000786b80000)
 ParOldGen       total 3495424K, used 3494541K [0x0000000680000000, 0x0000000755580000, 0x0000000755580000)
  object space 3495424K, 99% used [0x0000000680000000,0x00000007554a36c0,0x0000000755580000)
 Metaspace       used 9083K, capacity 9418K, committed 9728K, reserved 1058816K
  class space    used 1059K, capacity 1136K, committed 1280K, reserved 1048576K
