Java HotSpot(TM) 64-Bit Server VM (25.65-b01) for windows-amd64 JRE (1.8.0_65-b17), built on Oct  6 2015 16:39:20 by "java_re" with MS VC++ 10.0 (VS2010)
Memory: 4k page, physical 16685676k(13416668k free), swap 19176044k(15304100k free)
CommandLine flags: -XX:InitialHeapSize=266970816 -XX:MaxHeapSize=5368709120 -XX:+PrintGC -XX:+PrintGCApplicationStoppedTime -XX:+PrintGCCause -XX:+PrintGCDateStamps -XX:+PrintGCDetails -XX:+PrintGCTimeStamps -XX:+PrintTenuringDistribution -XX:+UseCompressedClassPointers -XX:+UseCompressedOops -XX:-UseLargePagesIndividualAllocation -XX:+UseSerialGC 
2016-06-27T19:58:23.098+0300: 0.214: [GC (Allocation Failure) 2016-06-27T19:58:23.098+0300: 0.215: [DefNew
Desired survivor size 4456448 bytes, new threshold 1 (max 15)
- age   1:    8647944 bytes,    8647944 total
: 69952K->8445K(78656K), 0.0267489 secs] 69952K->61446K(253440K), 0.0270581 secs] [Times: user=0.02 sys=0.01, real=0.03 secs] 
2016-06-27T19:58:23.129+0300: 0.242: Total time for which application threads were stopped: 0.0366346 seconds, Stopping threads took: 0.0093691 seconds
2016-06-27T19:58:23.214+0300: 0.330: [GC (Allocation Failure) 2016-06-27T19:58:23.214+0300: 0.330: [DefNew
Desired survivor size 4456448 bytes, new threshold 1 (max 15)
- age   1:    8212944 bytes,    8212944 total
: 77441K->8020K(78656K), 0.0318521 secs] 130442K->123440K(253440K), 0.0319894 secs] [Times: user=0.02 sys=0.02, real=0.03 secs] 
2016-06-27T19:58:23.245+0300: 0.362: Total time for which application threads were stopped: 0.0421017 seconds, Stopping threads took: 0.0099169 seconds
2016-06-27T19:58:23.331+0300: 0.438: [GC (Allocation Failure) 2016-06-27T19:58:23.331+0300: 0.438: [DefNew
Desired survivor size 4456448 bytes, new threshold 1 (max 15)
- age   1:    8196224 bytes,    8196224 total
: 77972K->8004K(78656K), 0.0306342 secs]2016-06-27T19:58:23.362+0300: 0.468: [Tenured: 180441K->180441K(180808K), 0.0054650 secs] 193392K->188445K(259464K), [Metaspace: 2794K->2794K(1056768K)], 0.0365734 secs] [Times: user=0.03 sys=0.00, real=0.04 secs] 
2016-06-27T19:58:23.368+0300: 0.474: Total time for which application threads were stopped: 0.0391689 seconds, Stopping threads took: 0.0023063 seconds
2016-06-27T19:58:23.488+0300: 0.594: [GC (Allocation Failure) 2016-06-27T19:58:23.488+0300: 0.594: [DefNew
Desired survivor size 7733248 bytes, new threshold 1 (max 15)
- age   1:   15382720 bytes,   15382720 total
: 120803K->15022K(136320K), 0.0455195 secs] 301245K->290465K(437060K), 0.0456431 secs] [Times: user=0.03 sys=0.02, real=0.05 secs] 
2016-06-27T19:58:23.534+0300: 0.640: Total time for which application threads were stopped: 0.0500775 seconds, Stopping threads took: 0.0041470 seconds
2016-06-27T19:58:23.666+0300: 0.772: [GC (Allocation Failure) 2016-06-27T19:58:23.666+0300: 0.772: [DefNew
Desired survivor size 7733248 bytes, new threshold 1 (max 15)
- age   1:   15367520 bytes,   15367520 total
: 136238K->15007K(136320K), 0.0547192 secs]2016-06-27T19:58:23.721+0300: 0.827: [Tenured: 391463K->305456K(392104K), 0.0477125 secs] 411681K->305456K(528424K), [Metaspace: 2809K->2809K(1056768K)], 0.1028641 secs] [Times: user=0.06 sys=0.03, real=0.10 secs] 
2016-06-27T19:58:23.769+0300: 0.875: Total time for which application threads were stopped: 0.1040004 seconds, Stopping threads took: 0.0006817 seconds
2016-06-27T19:58:24.008+0300: 1.114: [GC (Allocation Failure) 2016-06-27T19:58:24.008+0300: 1.114: [DefNew
Desired survivor size 13074432 bytes, new threshold 1 (max 15)
- age   1:   25616720 bytes,   25616720 total
: 204096K->25016K(230080K), 0.0657916 secs] 509552K->499475K(739176K), 0.0659473 secs] [Times: user=0.03 sys=0.03, real=0.07 secs] 
2016-06-27T19:58:24.074+0300: 1.180: Total time for which application threads were stopped: 0.0695105 seconds, Stopping threads took: 0.0031741 seconds
2016-06-27T19:58:24.307+0300: 1.413: [GC (Allocation Failure) 2016-06-27T19:58:24.307+0300: 1.413: [DefNew
Desired survivor size 13074432 bytes, new threshold 1 (max 15)
- age   1:   25617864 bytes,   25617864 total
: 229560K->25017K(230080K), 0.0995584 secs]2016-06-27T19:58:24.407+0300: 1.513: [Tenured: 665477K->659484K(665720K), 0.1183050 secs] 704019K->659484K(895800K), [Metaspace: 2815K->2815K(1056768K)], 0.2192473 secs] [Times: user=0.19 sys=0.03, real=0.22 secs] 
2016-06-27T19:58:24.527+0300: 1.632: Total time for which application threads were stopped: 0.2254696 seconds, Stopping threads took: 0.0058225 seconds
2016-06-27T19:58:25.023+0300: 2.129: [GC (Allocation Failure) 2016-06-27T19:58:25.023+0300: 2.129: [DefNew
Desired survivor size 28180480 bytes, new threshold 1 (max 15)
- age   1:   56360960 bytes,   56360960 total
: 440576K->55040K(495616K), 0.1801250 secs] 1100060K->1038530K(1594760K), 0.1803004 secs] [Times: user=0.09 sys=0.08, real=0.18 secs] 
2016-06-27T19:58:25.203+0300: 2.309: Total time for which application threads were stopped: 0.2094754 seconds, Stopping threads took: 0.0286652 seconds
2016-06-27T19:58:25.669+0300: 2.775: [GC (Allocation Failure) 2016-06-27T19:58:25.669+0300: 2.775: [DefNew
Desired survivor size 28180480 bytes, new threshold 1 (max 15)
- age   1:   56353824 bytes,   56353824 total
: 495616K->55033K(495616K), 0.2047109 secs]2016-06-27T19:58:25.873+0300: 2.979: [Tenured: 1364535K->1236545K(1365204K), 0.2205358 secs] 1479106K->1236545K(1860820K), [Metaspace: 2817K->2817K(1056768K)], 0.4267533 secs] [Times: user=0.33 sys=0.09, real=0.43 secs] 
2016-06-27T19:58:26.095+0300: 3.201: Total time for which application threads were stopped: 0.4457724 seconds, Stopping threads took: 0.0185568 seconds
2016-06-27T19:58:26.679+0300: 3.785: [GC (Allocation Failure) 2016-06-27T19:58:26.679+0300: 3.785: [DefNew
Desired survivor size 52789248 bytes, new threshold 1 (max 15)
- age   1:  105508648 bytes,  105508648 total
: 825344K->103035K(928448K), 0.1534082 secs] 2061889K->1713587K(2989360K), 0.1535566 secs] [Times: user=0.09 sys=0.05, real=0.15 secs] 
2016-06-27T19:58:26.833+0300: 3.939: Total time for which application threads were stopped: 0.1559933 seconds, Stopping threads took: 0.0019133 seconds
2016-06-27T19:58:26.990+0300: 4.096: Total time for which application threads were stopped: 0.0030415 seconds, Stopping threads took: 0.0025702 seconds
2016-06-27T19:58:27.516+0300: 4.622: [GC (Allocation Failure) 2016-06-27T19:58:27.516+0300: 4.622: [DefNew
Desired survivor size 52789248 bytes, new threshold 1 (max 15)
- age   1:  105530904 bytes,  105530904 total
: 927474K->103057K(928448K), 0.2687957 secs]2016-06-27T19:58:27.785+0300: 4.891: [Tenured: 2190593K->2072610K(2191432K), 0.2948005 secs] 2538026K->2072610K(3119880K), [Metaspace: 2817K->2817K(1056768K)], 0.5662400 secs] [Times: user=0.42 sys=0.13, real=0.55 secs] 
2016-06-27T19:58:28.069+0300: 5.189: Total time for which application threads were stopped: 0.5693871 seconds, Stopping threads took: 0.0025557 seconds
2016-06-27T19:58:29.052+0300: 6.158: [GC (Allocation Failure) 2016-06-27T19:58:29.052+0300: 6.158: [DefNew
Desired survivor size 88473600 bytes, new threshold 1 (max 15)
- age   1:  176205248 bytes,  176205248 total
: 1382656K->172075K(1555456K), 0.3272266 secs] 3455266K->2822695K(5009808K), 0.3273976 secs] [Times: user=0.17 sys=0.14, real=0.33 secs] 
2016-06-27T19:58:29.380+0300: 6.485: Total time for which application threads were stopped: 0.3731558 seconds, Stopping threads took: 0.0451197 seconds
2016-06-27T19:58:30.616+0300: 7.722: Total time for which application threads were stopped: 0.0055338 seconds, Stopping threads took: 0.0050224 seconds
2016-06-27T19:58:30.682+0300: 7.788: [GC (Allocation Failure) 2016-06-27T19:58:30.682+0300: 7.789: [DefNew (promotion failed) : 1554731K->1554849K(1555456K), 0.5297568 secs]2016-06-27T19:58:31.212+0300: 8.318: [Tenured: 3494697K->3145799K(3495296K), 0.7315242 secs] 4205351K->3145799K(5050752K), [Metaspace: 3285K->3285K(1056768K)], 1.2615038 secs] [Times: user=1.00 sys=0.27, real=1.26 secs] 
2016-06-27T19:58:31.944+0300: 9.050: Total time for which application threads were stopped: 1.2648031 seconds, Stopping threads took: 0.0026254 seconds
2016-06-27T19:58:33.229+0300: 10.335: [GC (Allocation Failure) 2016-06-27T19:58:33.229+0300: 10.335: [DefNew: 1397796K->1397796K(1572864K), 0.0000346 secs]2016-06-27T19:58:33.229+0300: 10.335: [Tenured: 3145799K->3494847K(3495296K), 0.7759801 secs] 4543595K->3833895K(5068160K), [Metaspace: 3285K->3285K(1056768K)], 0.7762213 secs] [Times: user=0.78 sys=0.00, real=0.78 secs] 
2016-06-27T19:58:34.015+0300: 11.121: Total time for which application threads were stopped: 0.7924628 seconds, Stopping threads took: 0.0056348 seconds
2016-06-27T19:58:34.483+0300: 11.589: Total time for which application threads were stopped: 0.0045733 seconds, Stopping threads took: 0.0020472 seconds
2016-06-27T19:58:34.485+0300: 11.591: Total time for which application threads were stopped: 0.0007031 seconds, Stopping threads took: 0.0000594 seconds
2016-06-27T19:58:35.489+0300: 12.595: Total time for which application threads were stopped: 0.0040640 seconds, Stopping threads took: 0.0037424 seconds
2016-06-27T19:58:36.705+0300: 13.811: Total time for which application threads were stopped: 0.0031035 seconds, Stopping threads took: 0.0024411 seconds
2016-06-27T19:58:37.098+0300: 14.205: [Full GC (Allocation Failure) 2016-06-27T19:58:37.099+0300: 14.205: [Tenured: 3494847K->3494361K(3495296K), 0.8932121 secs] 5066217K->3772365K(5068160K), [Metaspace: 5280K->5280K(1056768K)], 0.8934003 secs] [Times: user=0.89 sys=0.00, real=0.89 secs] 
2016-06-27T19:58:38.001+0300: 15.107: Total time for which application threads were stopped: 0.9061675 seconds, Stopping threads took: 0.0039280 seconds
2016-06-27T19:58:39.368+0300: 16.474: [Full GC (Allocation Failure) 2016-06-27T19:58:39.368+0300: 16.474: [Tenured: 3494361K->3494325K(3495296K), 0.7361120 secs] 5066588K->4281415K(5068160K), [Metaspace: 5280K->5280K(1056768K)], 0.7362335 secs] [Times: user=0.72 sys=0.00, real=0.74 secs] 
2016-06-27T19:58:40.104+0300: 17.210: Total time for which application threads were stopped: 0.7392087 seconds, Stopping threads took: 0.0025407 seconds
2016-06-27T19:58:41.002+0300: 18.108: [Full GC (Allocation Failure) 2016-06-27T19:58:41.002+0300: 18.108: [Tenured: 3494325K->3494325K(3495296K), 0.8355280 secs] 5066543K->4313426K(5068160K), [Metaspace: 5305K->5305K(1056768K)], 0.8357123 secs] [Times: user=0.84 sys=0.00, real=0.84 secs] 
2016-06-27T19:58:41.838+0300: 18.944: Total time for which application threads were stopped: 0.8457618 seconds, Stopping threads took: 0.0093173 seconds
2016-06-27T19:58:42.701+0300: 19.807: Total time for which application threads were stopped: 0.0067809 seconds, Stopping threads took: 0.0040559 seconds
2016-06-27T19:58:42.707+0300: 19.813: Total time for which application threads were stopped: 0.0013540 seconds, Stopping threads took: 0.0001009 seconds
2016-06-27T19:58:42.810+0300: 19.916: [Full GC (Allocation Failure) 2016-06-27T19:58:42.810+0300: 19.916: [Tenured: 3494325K->3494321K(3495296K), 0.7933219 secs] 5066879K->3939490K(5068160K), [Metaspace: 6462K->6462K(1056768K)], 0.7935007 secs] [Times: user=0.80 sys=0.00, real=0.79 secs] 
2016-06-27T19:58:43.603+0300: 20.710: Total time for which application threads were stopped: 0.7956411 seconds, Stopping threads took: 0.0014540 seconds
2016-06-27T19:58:45.053+0300: 22.159: [Full GC (Allocation Failure) 2016-06-27T19:58:45.053+0300: 22.159: [Tenured: 3494321K->3494755K(3495296K), 0.7949072 secs] 5066527K->3799787K(5068160K), [Metaspace: 6805K->6805K(1056768K)], 0.7950668 secs] [Times: user=0.80 sys=0.00, real=0.80 secs] 
2016-06-27T19:58:45.848+0300: 22.955: Total time for which application threads were stopped: 0.8056268 seconds, Stopping threads took: 0.0099365 seconds
2016-06-27T19:58:47.091+0300: 24.197: Total time for which application threads were stopped: 0.0105968 seconds, Stopping threads took: 0.0100952 seconds
2016-06-27T19:58:47.579+0300: 24.685: [Full GC (Allocation Failure) 2016-06-27T19:58:47.579+0300: 24.685: [Tenured: 3494755K->3494739K(3495296K), 0.7076888 secs] 5066981K->3827784K(5068160K), [Metaspace: 6829K->6829K(1056768K)], 0.7078573 secs] [Times: user=0.70 sys=0.02, real=0.70 secs] 
2016-06-27T19:58:48.283+0300: 25.393: Total time for which application threads were stopped: 0.7174197 seconds, Stopping threads took: 0.0089264 seconds
2016-06-27T19:58:49.921+0300: 27.027: [Full GC (Allocation Failure) 2016-06-27T19:58:49.921+0300: 27.027: [Tenured: 3494739K->3494731K(3495296K), 0.8055746 secs] 5066928K->4236813K(5068160K), [Metaspace: 6845K->6845K(1056768K)], 0.8057645 secs] [Times: user=0.80 sys=0.02, real=0.81 secs] 
2016-06-27T19:58:50.727+0300: 27.833: Total time for which application threads were stopped: 0.8150583 seconds, Stopping threads took: 0.0086237 seconds
2016-06-27T19:58:51.849+0300: 28.955: [Full GC (Allocation Failure) 2016-06-27T19:58:51.849+0300: 28.955: [Tenured: 3494731K->3494725K(3495296K), 0.8261786 secs] 5066939K->4265817K(5068160K), [Metaspace: 6845K->6845K(1056768K)], 0.8263454 secs] [Times: user=0.81 sys=0.00, real=0.83 secs] 
2016-06-27T19:58:52.676+0300: 29.782: Total time for which application threads were stopped: 0.8389655 seconds, Stopping threads took: 0.0119747 seconds
2016-06-27T19:58:53.682+0300: 30.788: Total time for which application threads were stopped: 0.0066338 seconds, Stopping threads took: 0.0060727 seconds
2016-06-27T19:58:53.770+0300: 30.876: [Full GC (Allocation Failure) 2016-06-27T19:58:53.770+0300: 30.876: [Tenured: 3494725K->3494733K(3495296K), 0.7791914 secs] 5066975K->4165908K(5068160K), [Metaspace: 7385K->7385K(1056768K)], 0.7793620 secs] [Times: user=0.77 sys=0.00, real=0.78 secs] 
2016-06-27T19:58:54.547+0300: 31.656: Total time for which application threads were stopped: 0.7808049 seconds, Stopping threads took: 0.0008070 seconds
2016-06-27T19:58:55.811+0300: 32.918: [Full GC (Allocation Failure) 2016-06-27T19:58:55.811+0300: 32.918: [Tenured: 3494733K->3494827K(3495296K), 0.7347427 secs] 5066995K->3971895K(5068160K), [Metaspace: 7385K->7385K(1056768K)], 0.7349150 secs] [Times: user=0.74 sys=0.00, real=0.73 secs] 
2016-06-27T19:58:56.546+0300: 33.653: Total time for which application threads were stopped: 0.7422437 seconds, Stopping threads took: 0.0066859 seconds
2016-06-27T19:58:57.551+0300: 34.657: Total time for which application threads were stopped: 0.0048586 seconds, Stopping threads took: 0.0042936 seconds
2016-06-27T19:58:58.087+0300: 35.193: [Full GC (Allocation Failure) 2016-06-27T19:58:58.087+0300: 35.193: [Tenured: 3494827K->3494936K(3495296K), 0.7529873 secs] 5067027K->3862974K(5068160K), [Metaspace: 7627K->7627K(1056768K)], 0.7531720 secs] [Times: user=0.75 sys=0.00, real=0.75 secs] 
2016-06-27T19:58:58.840+0300: 35.946: Total time for which application threads were stopped: 0.7583736 seconds, Stopping threads took: 0.0045331 seconds
2016-06-27T19:58:59.628+0300: 36.734: Total time for which application threads were stopped: 0.0134168 seconds, Stopping threads took: 0.0115026 seconds
2016-06-27T19:58:59.646+0300: 36.752: Total time for which application threads were stopped: 0.0021900 seconds, Stopping threads took: 0.0000800 seconds
2016-06-27T19:59:00.546+0300: 37.652: [Full GC (Allocation Failure) 2016-06-27T19:59:00.546+0300: 37.652: [Tenured: 3494936K->3495141K(3495296K), 0.7528333 secs] 5067149K->4026200K(5068160K), [Metaspace: 8132K->8132K(1056768K)], 0.7530078 secs] [Times: user=0.74 sys=0.00, real=0.74 secs] 
2016-06-27T19:59:01.284+0300: 38.405: Total time for which application threads were stopped: 0.7636376 seconds, Stopping threads took: 0.0099468 seconds
2016-06-27T19:59:02.287+0300: 39.393: Total time for which application threads were stopped: 0.0030115 seconds, Stopping threads took: 0.0024868 seconds
2016-06-27T19:59:02.714+0300: 39.820: [Full GC (Allocation Failure) 2016-06-27T19:59:02.714+0300: 39.820: [Tenured: 3495141K->3495141K(3495296K), 0.7531502 secs] 5067335K->4045248K(5068160K), [Metaspace: 8197K->8197K(1056768K)], 0.7533350 secs] [Times: user=0.73 sys=0.00, real=0.75 secs] 
2016-06-27T19:59:03.467+0300: 40.573: Total time for which application threads were stopped: 0.7550178 seconds, Stopping threads took: 0.0009802 seconds
2016-06-27T19:59:04.474+0300: 41.580: Total time for which application threads were stopped: 0.0066423 seconds, Stopping threads took: 0.0060902 seconds
2016-06-27T19:59:04.908+0300: 42.013: [Full GC (Allocation Failure) 2016-06-27T19:59:04.908+0300: 42.014: [Tenured: 3495141K->3495176K(3495296K), 0.7579019 secs] 5067360K->4153257K(5068160K), [Metaspace: 8201K->8201K(1056768K)], 0.7581110 secs] [Times: user=0.75 sys=0.02, real=0.76 secs] 
2016-06-27T19:59:05.666+0300: 42.772: Total time for which application threads were stopped: 0.7647328 seconds, Stopping threads took: 0.0059589 seconds
2016-06-27T19:59:06.680+0300: 43.786: Total time for which application threads were stopped: 0.0140450 seconds, Stopping threads took: 0.0135229 seconds
2016-06-27T19:59:06.966+0300: 44.071: [Full GC (Allocation Failure) 2016-06-27T19:59:06.966+0300: 44.072: [Tenured: 3495176K->3495211K(3495296K), 0.7544700 secs] 5067401K->3969266K(5068160K), [Metaspace: 8227K->8227K(1056768K)], 0.7546590 secs] [Times: user=0.75 sys=0.00, real=0.75 secs] 
2016-06-27T19:59:07.720+0300: 44.826: Total time for which application threads were stopped: 0.7633643 seconds, Stopping threads took: 0.0080450 seconds
2016-06-27T19:59:08.733+0300: 45.839: Total time for which application threads were stopped: 0.0126047 seconds, Stopping threads took: 0.0120915 seconds
2016-06-27T19:59:09.383+0300: 46.489: [Full GC (Allocation Failure) 2016-06-27T19:59:09.383+0300: 46.490: [Tenured: 3495211K->3495215K(3495296K), 0.6731964 secs] 5067594K->3974286K(5068160K), [Metaspace: 8233K->8233K(1056768K)], 0.6733666 secs] [Times: user=0.67 sys=0.00, real=0.67 secs] 
2016-06-27T19:59:10.057+0300: 47.163: Total time for which application threads were stopped: 0.6796471 seconds, Stopping threads took: 0.0056442 seconds
2016-06-27T19:59:11.481+0300: 48.587: [Full GC (Allocation Failure) 2016-06-27T19:59:11.481+0300: 48.587: [Tenured: 3495215K->3495236K(3495296K), 0.6336174 secs] 5067426K->3977289K(5068160K), [Metaspace: 8238K->8238K(1056768K)], 0.6338026 secs] [Times: user=0.64 sys=0.00, real=0.63 secs] 
2016-06-27T19:59:12.115+0300: 49.221: Total time for which application threads were stopped: 0.6398355 seconds, Stopping threads took: 0.0054487 seconds
2016-06-27T19:59:13.631+0300: 50.737: [Full GC (Allocation Failure) 2016-06-27T19:59:13.631+0300: 50.737: [Tenured: 3495236K->3495228K(3495296K), 0.6666379 secs] 5067516K->3899283K(5068160K), [Metaspace: 8238K->8238K(1056768K)], 0.6668273 secs] [Times: user=0.66 sys=0.00, real=0.67 secs] 
2016-06-27T19:59:14.298+0300: 51.404: Total time for which application threads were stopped: 0.6840789 seconds, Stopping threads took: 0.0166067 seconds
2016-06-27T19:59:16.084+0300: 53.190: [Full GC (Allocation Failure) 2016-06-27T19:59:16.084+0300: 53.190: [Tenured: 3495228K->3495229K(3495296K), 0.8212507 secs] 5067423K->4061296K(5068160K), [Metaspace: 8238K->8238K(1056768K)], 0.8214389 secs] [Times: user=0.80 sys=0.00, real=0.82 secs] 
2016-06-27T19:59:16.906+0300: 54.012: Total time for which application threads were stopped: 0.8232004 seconds, Stopping threads took: 0.0011316 seconds
2016-06-27T19:59:17.917+0300: 55.023: Total time for which application threads were stopped: 0.0110574 seconds, Stopping threads took: 0.0105515 seconds
2016-06-27T19:59:18.465+0300: 55.571: [Full GC (Allocation Failure) 2016-06-27T19:59:18.465+0300: 55.571: [Tenured: 3495229K->3495232K(3495296K), 0.8289045 secs] 5067448K->4033294K(5068160K), [Metaspace: 8261K->8261K(1056768K)], 0.8290956 secs] [Times: user=0.83 sys=0.00, real=0.83 secs] 
2016-06-27T19:59:19.290+0300: 56.401: Total time for which application threads were stopped: 0.8408390 seconds, Stopping threads took: 0.0110976 seconds
2016-06-27T19:59:20.714+0300: 57.820: [Full GC (Allocation Failure) 2016-06-27T19:59:20.714+0300: 57.820: [Tenured: 3495232K->3495229K(3495296K), 0.7342650 secs] 5067469K->3918285K(5068160K), [Metaspace: 8261K->8261K(1056768K)], 0.7344378 secs] [Times: user=0.73 sys=0.00, real=0.73 secs] 
2016-06-27T19:59:21.448+0300: 58.554: Total time for which application threads were stopped: 0.7460204 seconds, Stopping threads took: 0.0109877 seconds
2016-06-27T19:59:21.797+0300: 58.903: Total time for which application threads were stopped: 0.0187967 seconds, Stopping threads took: 0.0183134 seconds
2016-06-27T19:59:21.798+0300: 58.904: Total time for which application threads were stopped: 0.0004892 seconds, Stopping threads took: 0.0000406 seconds
2016-06-27T19:59:22.993+0300: 60.099: Total time for which application threads were stopped: 0.0130623 seconds, Stopping threads took: 0.0126265 seconds
2016-06-27T19:59:22.994+0300: 60.100: [Full GC (Allocation Failure) 2016-06-27T19:59:22.994+0300: 60.100: [Tenured: 3495229K->3495226K(3495296K), 0.6847683 secs] 5067435K->4004292K(5068160K), [Metaspace: 8266K->8266K(1056768K)], 0.6850099 secs] [Times: user=0.69 sys=0.00, real=0.68 secs] 
2016-06-27T19:59:23.679+0300: 60.785: Total time for which application threads were stopped: 0.6856313 seconds, Stopping threads took: 0.0000364 seconds
2016-06-27T19:59:24.869+0300: 61.976: Total time for which application threads were stopped: 0.0140014 seconds, Stopping threads took: 0.0135960 seconds
2016-06-27T19:59:24.973+0300: 62.079: Total time for which application threads were stopped: 0.0003875 seconds, Stopping threads took: 0.0001108 seconds
2016-06-27T19:59:25.185+0300: 62.291: [Full GC (Allocation Failure) 2016-06-27T19:59:25.185+0300: 62.291: [Tenured: 3495226K->3494307K(3495296K), 0.7025437 secs] 5067450K->3761349K(5068160K), [Metaspace: 8377K->8377K(1056768K)], 0.7027156 secs] [Times: user=0.70 sys=0.00, real=0.70 secs] 
2016-06-27T19:59:25.888+0300: 62.994: Total time for which application threads were stopped: 0.7135943 seconds, Stopping threads took: 0.0104993 seconds
2016-06-27T19:59:26.919+0300: 64.025: Total time for which application threads were stopped: 0.0316759 seconds, Stopping threads took: 0.0312983 seconds
2016-06-27T19:59:27.365+0300: 64.471: Total time for which application threads were stopped: 0.0155991 seconds, Stopping threads took: 0.0153378 seconds
2016-06-27T19:59:27.420+0300: 64.526: Total time for which application threads were stopped: 0.0095529 seconds, Stopping threads took: 0.0085586 seconds
2016-06-27T19:59:27.634+0300: 64.740: [Full GC (Allocation Failure) 2016-06-27T19:59:27.634+0300: 64.740: [Tenured: 3494307K->3494360K(3495296K), 0.6898527 secs] 5066511K->3823470K(5068160K), [Metaspace: 8525K->8525K(1056768K)], 0.6900212 secs] [Times: user=0.69 sys=0.00, real=0.69 secs] 
2016-06-27T19:59:28.324+0300: 65.430: Total time for which application threads were stopped: 0.6997396 seconds, Stopping threads took: 0.0093241 seconds
2016-06-27T19:59:29.341+0300: 66.447: Total time for which application threads were stopped: 0.0139886 seconds, Stopping threads took: 0.0135930 seconds
2016-06-27T19:59:29.926+0300: 67.032: [Full GC (Allocation Failure) 2016-06-27T19:59:29.926+0300: 67.032: [Tenured: 3494360K->3494718K(3495296K), 0.6773356 secs] 5066533K->3689730K(5068160K), [Metaspace: 8635K->8635K(1056768K)], 0.6775046 secs] [Times: user=0.67 sys=0.05, real=0.68 secs] 
2016-06-27T19:59:30.603+0300: 67.709: Total time for which application threads were stopped: 0.6863690 seconds, Stopping threads took: 0.0084556 seconds
2016-06-27T19:59:31.519+0300: 68.625: Total time for which application threads were stopped: 0.0114864 seconds, Stopping threads took: 0.0111045 seconds
2016-06-27T19:59:32.157+0300: 69.263: Total time for which application threads were stopped: 0.0098566 seconds, Stopping threads took: 0.0095393 seconds
2016-06-27T19:59:32.162+0300: 69.267: Total time for which application threads were stopped: 0.0010661 seconds, Stopping threads took: 0.0000783 seconds
2016-06-27T19:59:32.506+0300: 69.612: [Full GC (Allocation Failure) 2016-06-27T19:59:32.506+0300: 69.613: [Tenured: 3494718K->3494399K(3495296K), 0.6893557 secs] 5066931K->3876753K(5068160K), [Metaspace: 8655K->8655K(1056768K)], 0.6895110 secs] [Times: user=0.69 sys=0.00, real=0.69 secs] 
2016-06-27T19:59:33.196+0300: 70.302: Total time for which application threads were stopped: 0.6987825 seconds, Stopping threads took: 0.0088944 seconds
2016-06-27T19:59:34.209+0300: 71.315: Total time for which application threads were stopped: 0.0130790 seconds, Stopping threads took: 0.0127077 seconds
2016-06-27T19:59:34.723+0300: 71.829: [Full GC (Allocation Failure) 2016-06-27T19:59:34.723+0300: 71.830: [Tenured: 3494399K->3494732K(3495296K), 0.7055437 secs] 5066610K->3899764K(5068160K), [Metaspace: 8671K->8671K(1056768K)], 0.7057310 secs] [Times: user=0.70 sys=0.00, real=0.71 secs] 
2016-06-27T19:59:35.429+0300: 72.535: Total time for which application threads were stopped: 0.7143504 seconds, Stopping threads took: 0.0081887 seconds
2016-06-27T19:59:36.224+0300: 73.330: Total time for which application threads were stopped: 0.0184931 seconds, Stopping threads took: 0.0173534 seconds
2016-06-27T19:59:36.951+0300: 74.057: [Full GC (Allocation Failure) 2016-06-27T19:59:36.951+0300: 74.057: [Tenured: 3494732K->3494452K(3495296K), 0.7037330 secs] 5066886K->3954464K(5068160K), [Metaspace: 8698K->8698K(1056768K)], 0.7038926 secs] [Times: user=0.70 sys=0.00, real=0.70 secs] 
2016-06-27T19:59:37.655+0300: 74.761: Total time for which application threads were stopped: 0.7136243 seconds, Stopping threads took: 0.0092660 seconds
2016-06-27T19:59:37.661+0300: 74.767: Total time for which application threads were stopped: 0.0007937 seconds, Stopping threads took: 0.0000684 seconds
2016-06-27T19:59:38.209+0300: 75.315: Total time for which application threads were stopped: 0.0029179 seconds, Stopping threads took: 0.0017093 seconds
2016-06-27T19:59:39.113+0300: 76.219: [Full GC (Allocation Failure) 2016-06-27T19:59:39.113+0300: 76.219: [Tenured: 3494452K->3494441K(3495296K), 0.5900877 secs] 5066669K->3776461K(5068160K), [Metaspace: 8705K->8705K(1056768K)], 0.5902455 secs] [Times: user=0.59 sys=0.00, real=0.59 secs] 
2016-06-27T19:59:39.704+0300: 76.809: Total time for which application threads were stopped: 0.6025855 seconds, Stopping threads took: 0.0118648 seconds
2016-06-27T19:59:39.708+0300: 76.814: Total time for which application threads were stopped: 0.0008899 seconds, Stopping threads took: 0.0000744 seconds
2016-06-27T19:59:40.209+0300: 77.315: Total time for which application threads were stopped: 0.0024744 seconds, Stopping threads took: 0.0014074 seconds
2016-06-27T19:59:41.217+0300: 78.323: Total time for which application threads were stopped: 0.0106276 seconds, Stopping threads took: 0.0094533 seconds
2016-06-27T19:59:41.451+0300: 78.557: [Full GC (Allocation Failure) 2016-06-27T19:59:41.451+0300: 78.557: [Tenured: 3494441K->3494470K(3495296K), 0.4443286 secs] 5066674K->3887503K(5068160K), [Metaspace: 8730K->8730K(1056768K)], 0.4444642 secs] [Times: user=0.45 sys=0.00, real=0.44 secs] 
2016-06-27T19:59:41.896+0300: 79.002: Total time for which application threads were stopped: 0.4501002 seconds, Stopping threads took: 0.0053063 seconds
2016-06-27T19:59:42.899+0300: 80.005: Total time for which application threads were stopped: 0.0037339 seconds, Stopping threads took: 0.0033524 seconds
2016-06-27T19:59:43.396+0300: 80.502: [Full GC (Allocation Failure) 2016-06-27T19:59:43.396+0300: 80.502: [Tenured: 3494470K->3494472K(3495296K), 0.6919785 secs] 5066675K->3866502K(5068160K), [Metaspace: 8746K->8746K(1056768K)], 0.6921432 secs] [Times: user=0.69 sys=0.00, real=0.69 secs] 
2016-06-27T19:59:44.088+0300: 81.194: Total time for which application threads were stopped: 0.7017316 seconds, Stopping threads took: 0.0091616 seconds
2016-06-27T19:59:45.102+0300: 82.209: Total time for which application threads were stopped: 0.0144894 seconds, Stopping threads took: 0.0141284 seconds
2016-06-27T19:59:45.223+0300: 82.329: Total time for which application threads were stopped: 0.0178191 seconds, Stopping threads took: 0.0174440 seconds
2016-06-27T19:59:45.227+0300: 82.333: Total time for which application threads were stopped: 0.0012586 seconds, Stopping threads took: 0.0001475 seconds
2016-06-27T19:59:45.707+0300: 82.813: [Full GC (Allocation Failure) 2016-06-27T19:59:45.707+0300: 82.813: [Tenured: 3494472K->3494484K(3495296K), 0.5850230 secs] 5066684K->3722496K(5068160K), [Metaspace: 8764K->8764K(1056768K)], 0.5851706 secs] [Times: user=0.59 sys=0.00, real=0.59 secs] 
2016-06-27T19:59:46.292+0300: 83.398: Total time for which application threads were stopped: 0.5976812 seconds, Stopping threads took: 0.0121236 seconds
2016-06-27T19:59:46.379+0300: 83.485: Total time for which application threads were stopped: 0.0010396 seconds, Stopping threads took: 0.0003952 seconds
2016-06-27T19:59:47.218+0300: 84.324: Total time for which application threads were stopped: 0.0093147 seconds, Stopping threads took: 0.0080720 seconds
2016-06-27T19:59:47.229+0300: 84.335: Total time for which application threads were stopped: 0.0004922 seconds, Stopping threads took: 0.0000727 seconds
2016-06-27T19:59:48.217+0300: 85.323: [Full GC (Allocation Failure) 2016-06-27T19:59:48.217+0300: 85.323: [Tenured: 3494484K->3494484K(3495296K), 0.6942224 secs] 5066657K->3703499K(5068160K), [Metaspace: 8785K->8785K(1056768K)], 0.6943862 secs] [Times: user=0.66 sys=0.00, real=0.69 secs] 
2016-06-27T19:59:48.912+0300: 86.018: Total time for which application threads were stopped: 0.7089243 seconds, Stopping threads took: 0.0139330 seconds
2016-06-27T19:59:49.916+0300: 87.022: Total time for which application threads were stopped: 0.0040101 seconds, Stopping threads took: 0.0035427 seconds
2016-06-27T19:59:50.706+0300: 87.812: [Full GC (Allocation Failure) 2016-06-27T19:59:50.706+0300: 87.812: [Tenured: 3494484K->3494493K(3495296K), 0.6193423 secs] 5066662K->3812520K(5068160K), [Metaspace: 8787K->8787K(1056768K)], 0.6195275 secs] [Times: user=0.63 sys=0.00, real=0.62 secs] 
2016-06-27T19:59:51.326+0300: 88.432: Total time for which application threads were stopped: 0.6230026 seconds, Stopping threads took: 0.0030188 seconds
2016-06-27T19:59:52.857+0300: 89.963: [Full GC (Allocation Failure) 2016-06-27T19:59:52.857+0300: 89.963: [Tenured: 3494493K->3494477K(3495296K), 0.6951047 secs] 5066685K->4123546K(5068160K), [Metaspace: 8789K->8789K(1056768K)], 0.6952548 secs] [Times: user=0.70 sys=0.00, real=0.70 secs] 
2016-06-27T19:59:53.553+0300: 90.659: Total time for which application threads were stopped: 0.7102920 seconds, Stopping threads took: 0.0144872 seconds
2016-06-27T19:59:53.588+0300: 90.694: Total time for which application threads were stopped: 0.0017376 seconds, Stopping threads took: 0.0002322 seconds
2016-06-27T19:59:54.214+0300: 91.320: Total time for which application threads were stopped: 0.0040229 seconds, Stopping threads took: 0.0024432 seconds
2016-06-27T19:59:54.881+0300: 91.987: [Full GC (Allocation Failure) 2016-06-27T19:59:54.882+0300: 91.987: [Tenured: 3494477K->3494497K(3495296K), 0.5825012 secs] 5066653K->3889540K(5068160K), [Metaspace: 8805K->8805K(1056768K)], 0.5826598 secs] [Times: user=0.58 sys=0.00, real=0.58 secs] 
2016-06-27T19:59:55.464+0300: 92.570: Total time for which application threads were stopped: 0.5847767 seconds, Stopping threads took: 0.0017187 seconds
2016-06-27T19:59:55.468+0300: 92.574: Total time for which application threads were stopped: 0.0008955 seconds, Stopping threads took: 0.0000706 seconds
2016-06-27T19:59:56.220+0300: 93.326: Total time for which application threads were stopped: 0.0094388 seconds, Stopping threads took: 0.0084731 seconds
2016-06-27T19:59:56.994+0300: 94.101: [Full GC (Allocation Failure) 2016-06-27T19:59:56.994+0300: 94.101: [Tenured: 3494497K->3494520K(3495296K), 0.6041349 secs] 5066700K->3782539K(5068160K), [Metaspace: 8807K->8807K(1056768K)], 0.6042991 secs] [Times: user=0.61 sys=0.00, real=0.61 secs] 
2016-06-27T19:59:57.599+0300: 94.705: Total time for which application threads were stopped: 0.6165052 seconds, Stopping threads took: 0.0117656 seconds
2016-06-27T19:59:57.603+0300: 94.709: Total time for which application threads were stopped: 0.0012783 seconds, Stopping threads took: 0.0002651 seconds
2016-06-27T19:59:58.609+0300: 95.714: Total time for which application threads were stopped: 0.0055574 seconds, Stopping threads took: 0.0051729 seconds
2016-06-27T19:59:59.268+0300: 96.374: [Full GC (Allocation Failure) 2016-06-27T19:59:59.268+0300: 96.374: [Tenured: 3494520K->3494576K(3495296K), 0.5993935 secs] 5066712K->3648584K(5068160K), [Metaspace: 8820K->8820K(1056768K)], 0.5995479 secs] [Times: user=0.61 sys=0.00, real=0.60 secs] 
2016-06-27T19:59:59.867+0300: 96.974: Total time for which application threads were stopped: 0.6101486 seconds, Stopping threads took: 0.0101872 seconds
2016-06-27T20:00:01.579+0300: 98.685: [Full GC (Allocation Failure) 2016-06-27T20:00:01.579+0300: 98.685: [Tenured: 3494576K->3494515K(3495296K), 0.6824213 secs] 5066763K->3663522K(5068160K), [Metaspace: 8825K->8825K(1056768K)], 0.6826103 secs] [Times: user=0.69 sys=0.02, real=0.68 secs] 
2016-06-27T20:00:02.262+0300: 99.368: Total time for which application threads were stopped: 0.6990643 seconds, Stopping threads took: 0.0157689 seconds
2016-06-27T20:00:03.278+0300: 100.384: Total time for which application threads were stopped: 0.0141870 seconds, Stopping threads took: 0.0137243 seconds
2016-06-27T20:00:04.166+0300: 101.272: [Full GC (Allocation Failure) 2016-06-27T20:00:04.166+0300: 101.272: [Tenured: 3494515K->3494548K(3495296K), 0.7232358 secs] 5066271K->3880574K(5068160K), [Metaspace: 8826K->8826K(1056768K)], 0.7234282 secs] [Times: user=0.72 sys=0.00, real=0.72 secs] 
2016-06-27T20:00:04.889+0300: 101.995: Total time for which application threads were stopped: 0.7289120 seconds, Stopping threads took: 0.0048834 seconds
2016-06-27T20:00:06.544+0300: 103.650: [Full GC (Allocation Failure) 2016-06-27T20:00:06.544+0300: 103.650: [Tenured: 3494548K->3494541K(3495296K), 0.6984746 secs] 5066777K->3698567K(5068160K), [Metaspace: 8830K->8830K(1056768K)], 0.6986448 secs] [Times: user=0.70 sys=0.00, real=0.70 secs] 
2016-06-27T20:00:07.241+0300: 104.349: Total time for which application threads were stopped: 0.7214794 seconds, Stopping threads took: 0.0222218 seconds
2016-06-27T20:00:08.325+0300: 105.431: Total time for which application threads were stopped: 0.0040460 seconds, Stopping threads took: 0.0035136 seconds
2016-06-27T20:00:08.871+0300: 105.977: Total time for which application threads were stopped: 0.0041324 seconds, Stopping threads took: 0.0024774 seconds
2016-06-27T20:00:09.060+0300: 106.166: [Full GC (Allocation Failure) 2016-06-27T20:00:09.060+0300: 106.166: [Tenured: 3494541K->3494561K(3495296K), 0.6258367 secs] 5066586K->3841606K(5068160K), [Metaspace: 8841K->8841K(1056768K)], 0.6260218 secs] [Times: user=0.63 sys=0.00, real=0.62 secs] 
2016-06-27T20:00:09.679+0300: 106.792: Total time for which application threads were stopped: 0.6270020 seconds, Stopping threads took: 0.0003887 seconds
2016-06-27T20:00:10.670+0300: 107.776: Total time for which application threads were stopped: 0.0136828 seconds, Stopping threads took: 0.0117699 seconds
2016-06-27T20:00:10.672+0300: 107.778: Total time for which application threads were stopped: 0.0017756 seconds, Stopping threads took: 0.0000488 seconds
2016-06-27T20:00:10.674+0300: 107.780: Total time for which application threads were stopped: 0.0014959 seconds, Stopping threads took: 0.0000612 seconds
2016-06-27T20:00:11.249+0300: 108.355: Total time for which application threads were stopped: 0.0193826 seconds, Stopping threads took: 0.0180145 seconds
2016-06-27T20:00:11.354+0300: 108.460: [Full GC (Allocation Failure) 2016-06-27T20:00:11.354+0300: 108.461: [Tenured: 3494561K->3494585K(3495296K), 0.6897274 secs] 5066634K->3658607K(5068160K), [Metaspace: 8850K->8850K(1056768K)], 0.6898997 secs] [Times: user=0.67 sys=0.00, real=0.69 secs] 
2016-06-27T20:00:12.044+0300: 109.150: Total time for which application threads were stopped: 0.6993453 seconds, Stopping threads took: 0.0088533 seconds
2016-06-27T20:00:12.239+0300: 109.345: Total time for which application threads were stopped: 0.0092459 seconds, Stopping threads took: 0.0076961 seconds
2016-06-27T20:00:13.240+0300: 110.346: Total time for which application threads were stopped: 0.0100383 seconds, Stopping threads took: 0.0086078 seconds
2016-06-27T20:00:14.050+0300: 111.156: [Full GC (Allocation Failure) 2016-06-27T20:00:14.050+0300: 111.156: [Tenured: 3494585K->3494606K(3495296K), 0.9607217 secs] 5065882K->4292657K(5068160K), [Metaspace: 8854K->8854K(1056768K)], 0.9609008 secs] [Times: user=0.95 sys=0.00, real=0.96 secs] 
2016-06-27T20:00:15.010+0300: 112.117: Total time for which application threads were stopped: 0.9861393 seconds, Stopping threads took: 0.0245478 seconds
2016-06-27T20:00:15.957+0300: 113.063: Total time for which application threads were stopped: 0.0046738 seconds, Stopping threads took: 0.0041654 seconds
2016-06-27T20:00:16.053+0300: 113.159: [Full GC (Allocation Failure) 2016-06-27T20:00:16.054+0300: 113.159: [Tenured: 3494606K->3494555K(3495296K), 0.6495659 secs] 5066885K->3893622K(5068160K), [Metaspace: 8858K->8858K(1056768K)], 0.6497442 secs] [Times: user=0.64 sys=0.00, real=0.65 secs] 
2016-06-27T20:00:16.703+0300: 113.809: Total time for which application threads were stopped: 0.6516229 seconds, Stopping threads took: 0.0013291 seconds
2016-06-27T20:00:18.259+0300: 115.364: [Full GC (Allocation Failure) 2016-06-27T20:00:18.259+0300: 115.365: [Tenured: 3494555K->3494570K(3495296K), 0.6256750 secs] 5066774K->4045636K(5068160K), [Metaspace: 8858K->8858K(1056768K)], 0.6258178 secs] [Times: user=0.63 sys=0.00, real=0.63 secs] 
2016-06-27T20:00:18.884+0300: 115.990: Total time for which application threads were stopped: 0.6310827 seconds, Stopping threads took: 0.0047414 seconds
2016-06-27T20:00:20.187+0300: 117.293: [Full GC (Allocation Failure) 2016-06-27T20:00:20.187+0300: 117.293: [Tenured: 3494570K->3494598K(3495296K), 0.7277788 secs] 5066779K->3869643K(5068160K), [Metaspace: 8860K->8860K(1056768K)], 0.7279520 secs] [Times: user=0.73 sys=0.00, real=0.73 secs] 
2016-06-27T20:00:20.915+0300: 118.021: Total time for which application threads were stopped: 0.7359675 seconds, Stopping threads took: 0.0074202 seconds
2016-06-27T20:00:22.467+0300: 119.573: [Full GC (Allocation Failure) 2016-06-27T20:00:22.467+0300: 119.573: [Tenured: 3494598K->3494593K(3495296K), 0.6138332 secs] 5066778K->4059664K(5068160K), [Metaspace: 8866K->8866K(1056768K)], 0.6139958 secs] [Times: user=0.61 sys=0.00, real=0.61 secs] 
2016-06-27T20:00:23.080+0300: 120.187: Total time for which application threads were stopped: 0.6266385 seconds, Stopping threads took: 0.0120723 seconds
2016-06-27T20:00:23.182+0300: 120.288: Total time for which application threads were stopped: 0.0017987 seconds, Stopping threads took: 0.0003725 seconds
2016-06-27T20:00:23.261+0300: 120.367: Total time for which application threads were stopped: 0.0013240 seconds, Stopping threads took: 0.0003195 seconds
2016-06-27T20:00:24.263+0300: 121.369: Total time for which application threads were stopped: 0.0032955 seconds, Stopping threads took: 0.0028088 seconds
2016-06-27T20:00:24.264+0300: 121.370: Total time for which application threads were stopped: 0.0005239 seconds, Stopping threads took: 0.0000552 seconds
2016-06-27T20:00:24.265+0300: 121.371: Total time for which application threads were stopped: 0.0004978 seconds, Stopping threads took: 0.0000398 seconds
2016-06-27T20:00:24.265+0300: 121.371: Total time for which application threads were stopped: 0.0004965 seconds, Stopping threads took: 0.0000393 seconds
2016-06-27T20:00:24.266+0300: 121.372: Total time for which application threads were stopped: 0.0005132 seconds, Stopping threads took: 0.0000406 seconds
2016-06-27T20:00:24.268+0300: 121.374: Total time for which application threads were stopped: 0.0016396 seconds, Stopping threads took: 0.0000500 seconds
2016-06-27T20:00:24.415+0300: 121.521: [Full GC (Allocation Failure) 2016-06-27T20:00:24.415+0300: 121.521: [Tenured: 3494593K->3494616K(3495296K), 0.6172040 secs] 5066696K->3731648K(5068160K), [Metaspace: 8873K->8873K(1056768K)], 0.6173640 secs] [Times: user=0.61 sys=0.00, real=0.62 secs] 
2016-06-27T20:00:25.032+0300: 122.138: Total time for which application threads were stopped: 0.6182911 seconds, Stopping threads took: 0.0003494 seconds
2016-06-27T20:00:25.262+0300: 122.368: Total time for which application threads were stopped: 0.0016546 seconds, Stopping threads took: 0.0006239 seconds
2016-06-27T20:00:26.264+0300: 123.370: Total time for which application threads were stopped: 0.0032805 seconds, Stopping threads took: 0.0018192 seconds
2016-06-27T20:00:26.798+0300: 123.904: [Full GC (Allocation Failure) 2016-06-27T20:00:26.798+0300: 123.904: [Tenured: 3494616K->3494616K(3495296K), 0.5976735 secs] 5066844K->3924668K(5068160K), [Metaspace: 8874K->8874K(1056768K)], 0.5978227 secs] [Times: user=0.61 sys=0.00, real=0.60 secs] 
2016-06-27T20:00:27.396+0300: 124.502: Total time for which application threads were stopped: 0.6003236 seconds, Stopping threads took: 0.0019501 seconds
2016-06-27T20:00:27.586+0300: 124.692: Total time for which application threads were stopped: 0.0016490 seconds, Stopping threads took: 0.0003879 seconds
2016-06-27T20:00:28.922+0300: 126.028: [Full GC (Allocation Failure) 2016-06-27T20:00:28.922+0300: 126.028: [Tenured: 3494616K->3494647K(3495296K), 0.7006526 secs] 5066585K->3782667K(5068160K), [Metaspace: 8881K->8881K(1056768K)], 0.7008156 secs] [Times: user=0.70 sys=0.00, real=0.70 secs] 
2016-06-27T20:00:29.623+0300: 126.729: Total time for which application threads were stopped: 0.7042732 seconds, Stopping threads took: 0.0029085 seconds
2016-06-27T20:00:29.626+0300: 126.732: Total time for which application threads were stopped: 0.0013552 seconds, Stopping threads took: 0.0000838 seconds
2016-06-27T20:00:30.271+0300: 127.377: Total time for which application threads were stopped: 0.0087883 seconds, Stopping threads took: 0.0075648 seconds
2016-06-27T20:00:31.270+0300: 128.376: Total time for which application threads were stopped: 0.0078359 seconds, Stopping threads took: 0.0067090 seconds
2016-06-27T20:00:31.441+0300: 128.546: [Full GC (Allocation Failure) 2016-06-27T20:00:31.441+0300: 128.547: [Tenured: 3494647K->3494661K(3495296K), 0.6032377 secs] 5066916K->3868701K(5068160K), [Metaspace: 8889K->8889K(1056768K)], 0.6034015 secs] [Times: user=0.61 sys=0.00, real=0.60 secs] 
2016-06-27T20:00:32.044+0300: 129.150: Total time for which application threads were stopped: 0.6063788 seconds, Stopping threads took: 0.0026382 seconds
2016-06-27T20:00:33.054+0300: 130.160: Total time for which application threads were stopped: 0.0095842 seconds, Stopping threads took: 0.0091899 seconds
2016-06-27T20:00:33.567+0300: 130.673: [Full GC (Allocation Failure) 2016-06-27T20:00:33.567+0300: 130.673: [Tenured: 3494661K->3494674K(3495296K), 0.5735662 secs] 5066902K->3605691K(5068160K), [Metaspace: 8901K->8901K(1056768K)], 0.5737223 secs] [Times: user=0.56 sys=0.00, real=0.57 secs] 
2016-06-27T20:00:34.141+0300: 131.247: Total time for which application threads were stopped: 0.5770785 seconds, Stopping threads took: 0.0029808 seconds
2016-06-27T20:00:34.264+0300: 131.370: Total time for which application threads were stopped: 0.0013651 seconds, Stopping threads took: 0.0006398 seconds
2016-06-27T20:00:34.273+0300: 131.379: Total time for which application threads were stopped: 0.0003857 seconds, Stopping threads took: 0.0000842 seconds
2016-06-27T20:00:35.266+0300: 132.372: Total time for which application threads were stopped: 0.0031133 seconds, Stopping threads took: 0.0019416 seconds
2016-06-27T20:00:36.026+0300: 133.132: [Full GC (Allocation Failure) 2016-06-27T20:00:36.026+0300: 133.132: [Tenured: 3494674K->3494677K(3495296K), 0.5474224 secs] 5066888K->3676694K(5068160K), [Metaspace: 8905K->8905K(1056768K)], 0.5475990 secs] [Times: user=0.55 sys=0.00, real=0.55 secs] 
2016-06-27T20:00:36.573+0300: 133.679: Total time for which application threads were stopped: 0.5568030 seconds, Stopping threads took: 0.0087567 seconds
2016-06-27T20:00:36.577+0300: 133.683: Total time for which application threads were stopped: 0.0009691 seconds, Stopping threads took: 0.0000701 seconds
2016-06-27T20:00:37.585+0300: 134.692: Total time for which application threads were stopped: 0.0087909 seconds, Stopping threads took: 0.0084128 seconds
2016-06-27T20:00:38.503+0300: 135.609: [Full GC (Allocation Failure) 2016-06-27T20:00:38.503+0300: 135.609: [Tenured: 3494677K->3494676K(3495296K), 0.7256212 secs] 5066614K->3524679K(5068160K), [Metaspace: 8907K->8907K(1056768K)], 0.7258316 secs] [Times: user=0.72 sys=0.02, real=0.73 secs] 
2016-06-27T20:00:39.229+0300: 136.335: Total time for which application threads were stopped: 0.7403039 seconds, Stopping threads took: 0.0138799 seconds
2016-06-27T20:00:39.269+0300: 136.375: Total time for which application threads were stopped: 0.0040503 seconds, Stopping threads took: 0.0026664 seconds
2016-06-27T20:00:40.280+0300: 137.386: Total time for which application threads were stopped: 0.0157535 seconds, Stopping threads took: 0.0146275 seconds
2016-06-27T20:00:41.278+0300: 138.384: Total time for which application threads were stopped: 0.0123712 seconds, Stopping threads took: 0.0110690 seconds
2016-06-27T20:00:41.561+0300: 138.667: [Full GC (Allocation Failure) 2016-06-27T20:00:41.561+0300: 138.667: [Tenured: 3494676K->3494698K(3495296K), 0.7409676 secs] 5066910K->3688719K(5068160K), [Metaspace: 8921K->8921K(1056768K)], 0.7411584 secs] [Times: user=0.73 sys=0.00, real=0.74 secs] 
2016-06-27T20:00:42.302+0300: 139.408: Total time for which application threads were stopped: 0.7459096 seconds, Stopping threads took: 0.0043458 seconds
2016-06-27T20:00:43.305+0300: 140.411: Total time for which application threads were stopped: 0.0033036 seconds, Stopping threads took: 0.0029209 seconds
2016-06-27T20:00:44.119+0300: 141.224: [Full GC (Allocation Failure) 2016-06-27T20:00:44.119+0300: 141.225: [Tenured: 3494698K->3494715K(3495296K), 0.7243387 secs] 5066895K->3829734K(5068160K), [Metaspace: 8922K->8922K(1056768K)], 0.7244892 secs] [Times: user=0.69 sys=0.00, real=0.72 secs] 
2016-06-27T20:00:44.843+0300: 141.949: Total time for which application threads were stopped: 0.7328704 seconds, Stopping threads took: 0.0078338 seconds
2016-06-27T20:00:45.849+0300: 142.955: Total time for which application threads were stopped: 0.0059705 seconds, Stopping threads took: 0.0055698 seconds
2016-06-27T20:00:46.656+0300: 143.762: [Full GC (Allocation Failure) 2016-06-27T20:00:46.656+0300: 143.762: [Tenured: 3494715K->3494716K(3495296K), 0.6058425 secs] 5066938K->3753739K(5068160K), [Metaspace: 8923K->8923K(1056768K)], 0.6060333 secs] [Times: user=0.61 sys=0.00, real=0.61 secs] 
2016-06-27T20:00:47.262+0300: 144.368: Total time for which application threads were stopped: 0.6127008 seconds, Stopping threads took: 0.0062147 seconds
2016-06-27T20:00:48.591+0300: 145.697: Total time for which application threads were stopped: 0.0099934 seconds, Stopping threads took: 0.0084205 seconds
2016-06-27T20:00:49.089+0300: 146.195: [Full GC (Allocation Failure) 2016-06-27T20:00:49.089+0300: 146.195: [Tenured: 3494716K->3494716K(3495296K), 0.8557124 secs] 5066871K->4031767K(5068160K), [Metaspace: 8923K->8923K(1056768K)], 0.8559023 secs] [Times: user=0.84 sys=0.00, real=0.84 secs] 
2016-06-27T20:00:49.933+0300: 147.051: Total time for which application threads were stopped: 0.8672039 seconds, Stopping threads took: 0.0108453 seconds
2016-06-27T20:00:49.984+0300: 147.091: Total time for which application threads were stopped: 0.0012244 seconds, Stopping threads took: 0.0002087 seconds
2016-06-27T20:00:50.269+0300: 147.375: Total time for which application threads were stopped: 0.0018081 seconds, Stopping threads took: 0.0009019 seconds
2016-06-27T20:00:51.272+0300: 148.378: Total time for which application threads were stopped: 0.0045165 seconds, Stopping threads took: 0.0034075 seconds
2016-06-27T20:00:51.442+0300: 148.548: [Full GC (Allocation Failure) 2016-06-27T20:00:51.442+0300: 148.548: [Tenured: 3494716K->3494725K(3495296K), 0.5813893 secs] 5066954K->3822770K(5068160K), [Metaspace: 8933K->8933K(1056768K)], 0.5815308 secs] [Times: user=0.58 sys=0.00, real=0.58 secs] 
2016-06-27T20:00:52.024+0300: 149.130: Total time for which application threads were stopped: 0.5823900 seconds, Stopping threads took: 0.0005187 seconds
2016-06-27T20:00:53.031+0300: 150.137: Total time for which application threads were stopped: 0.0035645 seconds, Stopping threads took: 0.0031467 seconds
2016-06-27T20:00:53.647+0300: 150.753: [Full GC (Allocation Failure) 2016-06-27T20:00:53.647+0300: 150.753: [Tenured: 3494725K->3494752K(3495296K), 0.6895212 secs] 5066920K->3652765K(5068160K), [Metaspace: 8933K->8933K(1056768K)], 0.6896884 secs] [Times: user=0.69 sys=0.00, real=0.69 secs] 
2016-06-27T20:00:54.336+0300: 151.442: Total time for which application threads were stopped: 0.6938559 seconds, Stopping threads took: 0.0037013 seconds
2016-06-27T20:00:55.273+0300: 152.380: Total time for which application threads were stopped: 0.0055492 seconds, Stopping threads took: 0.0042924 seconds
2016-06-27T20:00:55.282+0300: 152.389: Total time for which application threads were stopped: 0.0004495 seconds, Stopping threads took: 0.0000783 seconds
2016-06-27T20:00:56.281+0300: 153.387: Total time for which application threads were stopped: 0.0129105 seconds, Stopping threads took: 0.0118015 seconds
2016-06-27T20:00:56.400+0300: 153.506: [Full GC (Allocation Failure) 2016-06-27T20:00:56.401+0300: 153.507: [Tenured: 3494752K->3494766K(3495296K), 0.6468375 secs] 5066979K->3787791K(5068160K), [Metaspace: 8935K->8935K(1056768K)], 0.6470274 secs] [Times: user=0.64 sys=0.00, real=0.65 secs] 
2016-06-27T20:00:57.048+0300: 154.154: Total time for which application threads were stopped: 0.6475140 seconds, Stopping threads took: 0.0000971 seconds
2016-06-27T20:00:58.057+0300: 155.163: Total time for which application threads were stopped: 0.0094097 seconds, Stopping threads took: 0.0089636 seconds
2016-06-27T20:00:58.807+0300: 155.913: [Full GC (Allocation Failure) 2016-06-27T20:00:58.807+0300: 155.913: [Tenured: 3494766K->3494781K(3495296K), 0.7671422 secs] 5066958K->3943807K(5068160K), [Metaspace: 8940K->8940K(1056768K)], 0.7673103 secs] [Times: user=0.77 sys=0.00, real=0.77 secs] 
2016-06-27T20:00:59.574+0300: 156.681: Total time for which application threads were stopped: 0.7803956 seconds, Stopping threads took: 0.0125936 seconds
2016-06-27T20:01:00.272+0300: 157.379: Total time for which application threads were stopped: 0.0035222 seconds, Stopping threads took: 0.0023508 seconds
2016-06-27T20:01:01.084+0300: 158.191: [Full GC (Allocation Failure) 2016-06-27T20:01:01.085+0300: 158.191: [Tenured: 3494781K->3494789K(3495296K), 0.5973827 secs] 5066942K->3938811K(5068160K), [Metaspace: 8941K->8941K(1056768K)], 0.5975311 secs] [Times: user=0.59 sys=0.00, real=0.60 secs] 
2016-06-27T20:01:01.682+0300: 158.788: Total time for which application threads were stopped: 0.6068993 seconds, Stopping threads took: 0.0088640 seconds
2016-06-27T20:01:01.685+0300: 158.791: Total time for which application threads were stopped: 0.0009220 seconds, Stopping threads took: 0.0000736 seconds
2016-06-27T20:01:02.690+0300: 159.796: Total time for which application threads were stopped: 0.0041273 seconds, Stopping threads took: 0.0037458 seconds
2016-06-27T20:01:03.189+0300: 160.295: [Full GC (Allocation Failure) 2016-06-27T20:01:03.189+0300: 160.295: [Tenured: 3494789K->3494781K(3495296K), 0.5848828 secs] 5066991K->3676798K(5068160K), [Metaspace: 8962K->8962K(1056768K)], 0.5850487 secs] [Times: user=0.59 sys=0.00, real=0.59 secs] 
2016-06-27T20:01:03.774+0300: 160.880: Total time for which application threads were stopped: 0.5905971 seconds, Stopping threads took: 0.0051485 seconds
2016-06-27T20:01:03.778+0300: 160.884: Total time for which application threads were stopped: 0.0018269 seconds, Stopping threads took: 0.0000663 seconds
2016-06-27T20:01:04.276+0300: 161.382: Total time for which application threads were stopped: 0.0058148 seconds, Stopping threads took: 0.0040640 seconds
2016-06-27T20:01:05.290+0300: 162.396: Total time for which application threads were stopped: 0.0191918 seconds, Stopping threads took: 0.0176014 seconds
2016-06-27T20:01:05.632+0300: 162.738: [Full GC (Allocation Failure) 2016-06-27T20:01:05.632+0300: 162.738: [Tenured: 3494781K->3494797K(3495296K), 0.6461370 secs] 5066023K->3796819K(5068160K), [Metaspace: 8975K->8975K(1056768K)], 0.6463076 secs] [Times: user=0.64 sys=0.00, real=0.65 secs] 
2016-06-27T20:01:06.278+0300: 163.384: Total time for which application threads were stopped: 0.6541418 seconds, Stopping threads took: 0.0074369 seconds
2016-06-27T20:01:06.283+0300: 163.389: Total time for which application threads were stopped: 0.0019215 seconds, Stopping threads took: 0.0001300 seconds
2016-06-27T20:01:07.278+0300: 164.385: Total time for which application threads were stopped: 0.0074613 seconds, Stopping threads took: 0.0058627 seconds
2016-06-27T20:01:07.927+0300: 165.033: [Full GC (Allocation Failure) 2016-06-27T20:01:07.927+0300: 165.033: [Tenured: 3494797K->3494831K(3495296K), 0.6121928 secs] 5066107K->3972841K(5068160K), [Metaspace: 8976K->8976K(1056768K)], 0.6123450 secs] [Times: user=0.61 sys=0.00, real=0.61 secs] 
2016-06-27T20:01:08.539+0300: 165.645: Total time for which application threads were stopped: 0.6219784 seconds, Stopping threads took: 0.0092189 seconds
2016-06-27T20:01:08.543+0300: 165.649: Total time for which application threads were stopped: 0.0014061 seconds, Stopping threads took: 0.0000902 seconds
2016-06-27T20:01:09.274+0300: 166.380: Total time for which application threads were stopped: 0.0028482 seconds, Stopping threads took: 0.0011564 seconds
2016-06-27T20:01:09.284+0300: 166.390: Total time for which application threads were stopped: 0.0005902 seconds, Stopping threads took: 0.0000821 seconds
2016-06-27T20:01:09.969+0300: 167.075: [Full GC (Allocation Failure) 2016-06-27T20:01:09.969+0300: 167.075: [Tenured: 3494831K->3494841K(3495296K), 0.5652872 secs] 5066317K->3966848K(5068160K), [Metaspace: 8979K->8979K(1056768K)], 0.5654176 secs] [Times: user=0.56 sys=0.00, real=0.56 secs] 
2016-06-27T20:01:10.534+0300: 167.640: Total time for which application threads were stopped: 0.5687324 seconds, Stopping threads took: 0.0029033 seconds
2016-06-27T20:01:10.567+0300: 167.674: Total time for which application threads were stopped: 0.0013180 seconds, Stopping threads took: 0.0001343 seconds
2016-06-27T20:01:11.281+0300: 168.387: Total time for which application threads were stopped: 0.0037232 seconds, Stopping threads took: 0.0025817 seconds
2016-06-27T20:01:11.284+0300: 168.390: Total time for which application threads were stopped: 0.0018428 seconds, Stopping threads took: 0.0000620 seconds
2016-06-27T20:01:11.967+0300: 169.074: [Full GC (Allocation Failure) 2016-06-27T20:01:11.968+0300: 169.074: [Tenured: 3494841K->3494833K(3495296K), 0.6028318 secs] 5066922K->3762837K(5068160K), [Metaspace: 8979K->8979K(1056768K)], 0.6029636 secs] [Times: user=0.61 sys=0.00, real=0.60 secs] 
2016-06-27T20:01:12.571+0300: 169.677: Total time for which application threads were stopped: 0.6137978 seconds, Stopping threads took: 0.0104142 seconds
2016-06-27T20:01:12.623+0300: 169.729: Total time for which application threads were stopped: 0.0018740 seconds, Stopping threads took: 0.0003716 seconds
2016-06-27T20:01:13.277+0300: 170.383: Total time for which application threads were stopped: 0.0037009 seconds, Stopping threads took: 0.0017607 seconds
2016-06-27T20:01:14.273+0300: 171.379: [Full GC (Allocation Failure) 2016-06-27T20:01:14.273+0300: 171.379: [Tenured: 3494833K->3494840K(3495296K), 0.6004160 secs] 5067016K->3956866K(5068160K), [Metaspace: 8979K->8979K(1056768K)], 0.6005909 secs] [Times: user=0.59 sys=0.00, real=0.60 secs] 
2016-06-27T20:01:14.874+0300: 171.980: Total time for which application threads were stopped: 0.6159801 seconds, Stopping threads took: 0.0148849 seconds
2016-06-27T20:01:15.881+0300: 172.987: Total time for which application threads were stopped: 0.0073740 seconds, Stopping threads took: 0.0068857 seconds
2016-06-27T20:01:16.278+0300: 173.384: Total time for which application threads were stopped: 0.0127988 seconds, Stopping threads took: 0.0112965 seconds
2016-06-27T20:01:16.389+0300: 173.495: [Full GC (Allocation Failure) 2016-06-27T20:01:16.389+0300: 173.495: [Tenured: 3495125K->3494814K(3495296K), 0.6393407 secs] 5067989K->3939874K(5068160K), [Metaspace: 8980K->8980K(1056768K)], 0.6394994 secs] [Times: user=0.64 sys=0.00, real=0.64 secs] 
2016-06-27T20:01:17.028+0300: 174.135: Total time for which application threads were stopped: 0.6399629 seconds, Stopping threads took: 0.0000783 seconds
2016-06-27T20:01:17.694+0300: 174.800: Total time for which application threads were stopped: 0.0031073 seconds, Stopping threads took: 0.0015618 seconds
2016-06-27T20:01:18.287+0300: 175.393: Total time for which application threads were stopped: 0.0128737 seconds, Stopping threads took: 0.0113226 seconds
2016-06-27T20:01:18.469+0300: 175.574: [Full GC (Allocation Failure) 2016-06-27T20:01:18.469+0300: 175.574: [Tenured: 3494814K->3494876K(3495296K), 0.6152227 secs] 5067088K->3986886K(5068160K), [Metaspace: 8980K->8980K(1056768K)], 0.6153852 secs] [Times: user=0.61 sys=0.00, real=0.61 secs] 
2016-06-27T20:01:19.075+0300: 176.190: Total time for which application threads were stopped: 0.6189078 seconds, Stopping threads took: 0.0030637 seconds
2016-06-27T20:01:19.277+0300: 176.383: Total time for which application threads were stopped: 0.0023726 seconds, Stopping threads took: 0.0005102 seconds
2016-06-27T20:01:20.283+0300: 177.388: Total time for which application threads were stopped: 0.0073625 seconds, Stopping threads took: 0.0058785 seconds
2016-06-27T20:01:20.568+0300: 177.674: [Full GC (Allocation Failure) 2016-06-27T20:01:20.568+0300: 177.674: [Tenured: 3494876K->3494845K(3495296K), 0.6136404 secs] 5066980K->3652850K(5068160K), [Metaspace: 8981K->8981K(1056768K)], 0.6138153 secs] [Times: user=0.61 sys=0.00, real=0.61 secs] 
2016-06-27T20:01:21.182+0300: 178.288: Total time for which application threads were stopped: 0.6193290 seconds, Stopping threads took: 0.0051490 seconds
2016-06-27T20:01:21.277+0300: 178.383: Total time for which application threads were stopped: 0.0021712 seconds, Stopping threads took: 0.0002981 seconds
2016-06-27T20:01:22.286+0300: 179.392: Total time for which application threads were stopped: 0.0112315 seconds, Stopping threads took: 0.0094392 seconds
2016-06-27T20:01:22.296+0300: 179.402: Total time for which application threads were stopped: 0.0007039 seconds, Stopping threads took: 0.0000671 seconds
2016-06-27T20:01:22.986+0300: 180.091: [Full GC (Allocation Failure) 2016-06-27T20:01:22.986+0300: 180.092: [Tenured: 3494845K->3494874K(3495296K), 0.6862018 secs] 5066192K->3732877K(5068160K), [Metaspace: 8981K->8981K(1056768K)], 0.6863690 secs] [Times: user=0.67 sys=0.00, real=0.69 secs] 
2016-06-27T20:01:23.672+0300: 180.778: Total time for which application threads were stopped: 0.6964385 seconds, Stopping threads took: 0.0096321 seconds
2016-06-27T20:01:23.748+0300: 180.854: Total time for which application threads were stopped: 0.0078171 seconds, Stopping threads took: 0.0061407 seconds
2016-06-27T20:01:24.282+0300: 181.388: Total time for which application threads were stopped: 0.0063259 seconds, Stopping threads took: 0.0046187 seconds
2016-06-27T20:01:25.288+0300: 182.394: Total time for which application threads were stopped: 0.0115873 seconds, Stopping threads took: 0.0100503 seconds
2016-06-27T20:01:25.564+0300: 182.670: [Full GC (Allocation Failure) 2016-06-27T20:01:25.564+0300: 182.670: [Tenured: 3494874K->3494872K(3495296K), 0.6613794 secs] 5066982K->3816897K(5068160K), [Metaspace: 8982K->8982K(1056768K)], 0.6615325 secs] [Times: user=0.67 sys=0.00, real=0.66 secs] 
2016-06-27T20:01:26.225+0300: 183.332: Total time for which application threads were stopped: 0.6759633 seconds, Stopping threads took: 0.0140904 seconds
2016-06-27T20:01:26.279+0300: 183.385: Total time for which application threads were stopped: 0.0026626 seconds, Stopping threads took: 0.0004204 seconds
2016-06-27T20:01:27.283+0300: 184.389: Total time for which application threads were stopped: 0.0070362 seconds, Stopping threads took: 0.0052324 seconds
2016-06-27T20:01:27.979+0300: 185.085: [Full GC (Allocation Failure) 2016-06-27T20:01:27.979+0300: 185.085: [Tenured: 3494872K->3494898K(3495296K), 0.7609057 secs] 5066192K->3813903K(5068160K), [Metaspace: 8982K->8982K(1056768K)], 0.7611148 secs] [Times: user=0.77 sys=0.00, real=0.76 secs] 
2016-06-27T20:01:28.740+0300: 185.846: Total time for which application threads were stopped: 0.7685466 seconds, Stopping threads took: 0.0068955 seconds
2016-06-27T20:01:28.744+0300: 185.851: Total time for which application threads were stopped: 0.0023666 seconds, Stopping threads took: 0.0000795 seconds
2016-06-27T20:01:29.280+0300: 186.386: Total time for which application threads were stopped: 0.0035059 seconds, Stopping threads took: 0.0017008 seconds
2016-06-27T20:01:30.281+0300: 187.388: Total time for which application threads were stopped: 0.0044493 seconds, Stopping threads took: 0.0026497 seconds
2016-06-27T20:01:30.518+0300: 187.624: [Full GC (Allocation Failure) 2016-06-27T20:01:30.518+0300: 187.624: [Tenured: 3494898K->3494874K(3495296K), 0.8097426 secs] 5067026K->3593881K(5068160K), [Metaspace: 8984K->8984K(1056768K)], 0.8099466 secs] [Times: user=0.81 sys=0.00, real=0.81 secs] 
2016-06-27T20:01:31.328+0300: 188.434: Total time for which application threads were stopped: 0.8124894 seconds, Stopping threads took: 0.0021314 seconds
2016-06-27T20:01:31.333+0300: 188.439: Total time for which application threads were stopped: 0.0023115 seconds, Stopping threads took: 0.0000864 seconds
2016-06-27T20:01:32.285+0300: 189.391: Total time for which application threads were stopped: 0.0079343 seconds, Stopping threads took: 0.0062172 seconds
2016-06-27T20:01:32.300+0300: 189.406: Total time for which application threads were stopped: 0.0055638 seconds, Stopping threads took: 0.0051746 seconds
2016-06-27T20:01:33.285+0300: 190.391: Total time for which application threads were stopped: 0.0078124 seconds, Stopping threads took: 0.0062403 seconds
2016-06-27T20:01:33.287+0300: 190.392: Total time for which application threads were stopped: 0.0014160 seconds, Stopping threads took: 0.0000513 seconds
2016-06-27T20:01:33.289+0300: 190.395: Total time for which application threads were stopped: 0.0017076 seconds, Stopping threads took: 0.0000483 seconds
2016-06-27T20:01:33.473+0300: 190.579: [Full GC (Allocation Failure) 2016-06-27T20:01:33.473+0300: 190.579: [Tenured: 3494874K->3494901K(3495296K), 0.8568808 secs] 5066962K->3880913K(5068160K), [Metaspace: 8984K->8984K(1056768K)], 0.8570745 secs] [Times: user=0.86 sys=0.00, real=0.86 secs] 
2016-06-27T20:01:34.330+0300: 191.436: Total time for which application threads were stopped: 0.8621135 seconds, Stopping threads took: 0.0046315 seconds
2016-06-27T20:01:34.391+0300: 191.497: Total time for which application threads were stopped: 0.0022302 seconds, Stopping threads took: 0.0001741 seconds
2016-06-27T20:01:35.284+0300: 192.389: Total time for which application threads were stopped: 0.0046755 seconds, Stopping threads took: 0.0026181 seconds
2016-06-27T20:01:35.999+0300: 193.104: [Full GC (Allocation Failure) 2016-06-27T20:01:35.999+0300: 193.104: [Tenured: 3494901K->3494915K(3495296K), 0.6966759 secs] 5066425K->3946922K(5068160K), [Metaspace: 8986K->8986K(1058816K)], 0.6968645 secs] [Times: user=0.70 sys=0.00, real=0.70 secs] 
2016-06-27T20:01:36.696+0300: 193.801: Total time for which application threads were stopped: 0.7000231 seconds, Stopping threads took: 0.0026664 seconds
2016-06-27T20:01:36.699+0300: 193.805: Total time for which application threads were stopped: 0.0015092 seconds, Stopping threads took: 0.0001244 seconds
2016-06-27T20:01:37.283+0300: 194.389: Total time for which application threads were stopped: 0.0041872 seconds, Stopping threads took: 0.0025651 seconds
2016-06-27T20:01:38.147+0300: 195.253: [Full GC (Allocation Failure) 2016-06-27T20:01:38.147+0300: 195.253: [Tenured: 3494915K->3494910K(3495296K), 0.7405519 secs] 5067097K->3860925K(5068160K), [Metaspace: 8987K->8987K(1058816K)], 0.7407170 secs] [Times: user=0.73 sys=0.00, real=0.74 secs] 
2016-06-27T20:01:38.888+0300: 195.994: Total time for which application threads were stopped: 0.7495699 seconds, Stopping threads took: 0.0084132 seconds
2016-06-27T20:01:38.898+0300: 196.004: Total time for which application threads were stopped: 0.0014639 seconds, Stopping threads took: 0.0000924 seconds
2016-06-27T20:01:40.523+0300: 197.629: [Full GC (Allocation Failure) 2016-06-27T20:01:40.523+0300: 197.629: [Tenured: 3494910K->3494893K(3495296K), 0.7549117 secs] 5067120K->3850929K(5068160K), [Metaspace: 8987K->8987K(1058816K)], 0.7551516 secs] [Times: user=0.77 sys=0.00, real=0.76 secs] 
2016-06-27T20:01:41.278+0300: 198.385: Total time for which application threads were stopped: 0.7662343 seconds, Stopping threads took: 0.0104912 seconds
2016-06-27T20:01:42.296+0300: 199.402: Total time for which application threads were stopped: 0.0154948 seconds, Stopping threads took: 0.0140352 seconds
2016-06-27T20:01:42.963+0300: 200.069: [Full GC (Allocation Failure) 2016-06-27T20:01:42.963+0300: 200.070: [Tenured: 3494893K->3494905K(3495296K), 0.8332789 secs] 5067103K->4119974K(5068160K), [Metaspace: 8987K->8987K(1058816K)], 0.8334569 secs] [Times: user=0.83 sys=0.00, real=0.83 secs] 
2016-06-27T20:01:43.797+0300: 200.903: Total time for which application threads were stopped: 0.8470015 seconds, Stopping threads took: 0.0129318 seconds
2016-06-27T20:01:43.834+0300: 200.940: Total time for which application threads were stopped: 0.0026540 seconds, Stopping threads took: 0.0008262 seconds
2016-06-27T20:01:44.841+0300: 201.947: Total time for which application threads were stopped: 0.0074895 seconds, Stopping threads took: 0.0070174 seconds
2016-06-27T20:01:45.174+0300: 202.280: [Full GC (Allocation Failure) 2016-06-27T20:01:45.175+0300: 202.280: [Tenured: 3494905K->3494909K(3495296K), 0.6743262 secs] 5067128K->4090981K(5068160K), [Metaspace: 8988K->8988K(1058816K)], 0.6745572 secs] [Times: user=0.69 sys=0.00, real=0.67 secs] 
2016-06-27T20:01:45.849+0300: 202.955: Total time for which application threads were stopped: 0.6784578 seconds, Stopping threads took: 0.0031728 seconds
2016-06-27T20:01:46.127+0300: 203.233: Total time for which application threads were stopped: 0.0023157 seconds, Stopping threads took: 0.0009605 seconds
2016-06-27T20:01:47.169+0300: 204.275: [Full GC (Allocation Failure) 2016-06-27T20:01:47.169+0300: 204.275: [Tenured: 3494909K->3494937K(3495296K), 0.5937433 secs] 5066863K->4053988K(5068160K), [Metaspace: 8988K->8988K(1058816K)], 0.5938862 secs] [Times: user=0.59 sys=0.00, real=0.59 secs] 
2016-06-27T20:01:47.763+0300: 204.869: Total time for which application threads were stopped: 0.5990031 seconds, Stopping threads took: 0.0046503 seconds
2016-06-27T20:01:47.766+0300: 204.872: Total time for which application threads were stopped: 0.0011179 seconds, Stopping threads took: 0.0000740 seconds
2016-06-27T20:01:48.743+0300: 205.849: Total time for which application threads were stopped: 0.0060115 seconds, Stopping threads took: 0.0056113 seconds
2016-06-27T20:01:49.205+0300: 206.311: [Full GC (Allocation Failure) 2016-06-27T20:01:49.205+0300: 206.311: [Tenured: 3494937K->3494952K(3495296K), 0.8242195 secs] 5067171K->3676970K(5068160K), [Metaspace: 8989K->8989K(1058816K)], 0.8243931 secs] [Times: user=0.83 sys=0.00, real=0.83 secs] 
2016-06-27T20:01:50.030+0300: 207.136: Total time for which application threads were stopped: 0.8283297 seconds, Stopping threads took: 0.0034815 seconds
2016-06-27T20:01:50.034+0300: 207.140: Total time for which application threads were stopped: 0.0012321 seconds, Stopping threads took: 0.0001450 seconds
2016-06-27T20:01:50.287+0300: 207.393: Total time for which application threads were stopped: 0.0041701 seconds, Stopping threads took: 0.0031492 seconds
2016-06-27T20:01:51.293+0300: 208.399: Total time for which application threads were stopped: 0.0106918 seconds, Stopping threads took: 0.0094969 seconds
2016-06-27T20:01:51.962+0300: 209.068: [Full GC (Allocation Failure) 2016-06-27T20:01:51.962+0300: 209.069: [Tenured: 3494952K->3494978K(3495296K), 0.6117720 secs] 5067137K->4015005K(5068160K), [Metaspace: 8990K->8990K(1058816K)], 0.6119627 secs] [Times: user=0.61 sys=0.00, real=0.61 secs] 
2016-06-27T20:01:52.574+0300: 209.680: Total time for which application threads were stopped: 0.6217555 seconds, Stopping threads took: 0.0093370 seconds
2016-06-27T20:01:52.578+0300: 209.684: Total time for which application threads were stopped: 0.0006937 seconds, Stopping threads took: 0.0000842 seconds
2016-06-27T20:01:53.286+0300: 210.392: Total time for which application threads were stopped: 0.0030560 seconds, Stopping threads took: 0.0020455 seconds
2016-06-27T20:01:54.039+0300: 211.145: [Full GC (Allocation Failure) 2016-06-27T20:01:54.039+0300: 211.145: [Tenured: 3494978K->3494987K(3495296K), 0.6627843 secs] 5067180K->3930009K(5068160K), [Metaspace: 8992K->8992K(1058816K)], 0.6629511 secs] [Times: user=0.64 sys=0.00, real=0.66 secs] 
2016-06-27T20:01:54.702+0300: 211.808: Total time for which application threads were stopped: 0.6655542 seconds, Stopping threads took: 0.0021297 seconds
2016-06-27T20:01:54.704+0300: 211.810: Total time for which application threads were stopped: 0.0008579 seconds, Stopping threads took: 0.0000813 seconds
2016-06-27T20:01:55.287+0300: 212.393: Total time for which application threads were stopped: 0.0034734 seconds, Stopping threads took: 0.0025108 seconds
2016-06-27T20:01:56.269+0300: 213.375: [Full GC (Allocation Failure) 2016-06-27T20:01:56.269+0300: 213.375: [Tenured: 3494987K->3494993K(3495296K), 0.5876989 secs] 5067201K->3967018K(5068160K), [Metaspace: 8992K->8992K(1058816K)], 0.5879281 secs] [Times: user=0.59 sys=0.00, real=0.59 secs] 
2016-06-27T20:01:56.857+0300: 213.963: Total time for which application threads were stopped: 0.5914306 seconds, Stopping threads took: 0.0030312 seconds
2016-06-27T20:01:56.860+0300: 213.966: Total time for which application threads were stopped: 0.0008048 seconds, Stopping threads took: 0.0000744 seconds
2016-06-27T20:01:57.293+0300: 214.398: Total time for which application threads were stopped: 0.0079787 seconds, Stopping threads took: 0.0068502 seconds
2016-06-27T20:01:58.296+0300: 215.402: Total time for which application threads were stopped: 0.0103274 seconds, Stopping threads took: 0.0091668 seconds
2016-06-27T20:01:58.456+0300: 215.562: [Full GC (Allocation Failure) 2016-06-27T20:01:58.456+0300: 215.563: [Tenured: 3494993K->3494994K(3495296K), 0.8230131 secs] 5067260K->3670014K(5068160K), [Metaspace: 8994K->8994K(1058816K)], 0.8231897 secs] [Times: user=0.81 sys=0.00, real=0.82 secs] 
2016-06-27T20:01:59.279+0300: 216.386: Total time for which application threads were stopped: 0.8289755 seconds, Stopping threads took: 0.0053855 seconds
2016-06-27T20:02:00.293+0300: 217.399: Total time for which application threads were stopped: 0.0125688 seconds, Stopping threads took: 0.0121950 seconds
2016-06-27T20:02:01.204+0300: 218.311: [Full GC (Allocation Failure) 2016-06-27T20:02:01.205+0300: 218.311: [Tenured: 3494994K->3495017K(3495296K), 0.6738028 secs] 5067214K->3897035K(5068160K), [Metaspace: 8994K->8994K(1058816K)], 0.6739491 secs] [Times: user=0.67 sys=0.00, real=0.67 secs] 
2016-06-27T20:02:01.878+0300: 218.985: Total time for which application threads were stopped: 0.6853294 seconds, Stopping threads took: 0.0109343 seconds
2016-06-27T20:02:02.508+0300: 219.614: Total time for which application threads were stopped: 0.0028584 seconds, Stopping threads took: 0.0024269 seconds
2016-06-27T20:02:03.290+0300: 220.396: Total time for which application threads were stopped: 0.0039199 seconds, Stopping threads took: 0.0025762 seconds
2016-06-27T20:02:03.595+0300: 220.701: [Full GC (Allocation Failure) 2016-06-27T20:02:03.596+0300: 220.701: [Tenured: 3495017K->3495017K(3495296K), 0.6888913 secs] 5067196K->3903251K(5068160K), [Metaspace: 8995K->8995K(1058816K)], 0.6890722 secs] [Times: user=0.69 sys=0.00, real=0.69 secs] 
2016-06-27T20:02:04.285+0300: 221.390: Total time for which application threads were stopped: 0.6927504 seconds, Stopping threads took: 0.0031244 seconds
2016-06-27T20:02:05.774+0300: 222.880: [Full GC (Allocation Failure) 2016-06-27T20:02:05.775+0300: 222.880: [Tenured: 3495017K->3495001K(3495296K), 0.6357989 secs] 5067220K->3946049K(5068160K), [Metaspace: 8995K->8995K(1058816K)], 0.6359477 secs] [Times: user=0.63 sys=0.00, real=0.64 secs] 
2016-06-27T20:02:06.411+0300: 223.516: Total time for which application threads were stopped: 0.6411214 seconds, Stopping threads took: 0.0046392 seconds
2016-06-27T20:02:06.441+0300: 223.547: Total time for which application threads were stopped: 0.0009793 seconds, Stopping threads took: 0.0000851 seconds
2016-06-27T20:02:07.884+0300: 224.990: [Full GC (Allocation Failure) 2016-06-27T20:02:07.884+0300: 224.990: [Tenured: 3495001K->3495007K(3495296K), 0.7424460 secs] 5067030K->4003062K(5068160K), [Metaspace: 8997K->8997K(1058816K)], 0.7426380 secs] [Times: user=0.74 sys=0.00, real=0.74 secs] 
2016-06-27T20:02:08.627+0300: 225.733: Total time for which application threads were stopped: 0.7479435 seconds, Stopping threads took: 0.0047410 seconds
2016-06-27T20:02:08.630+0300: 225.736: Total time for which application threads were stopped: 0.0015306 seconds, Stopping threads took: 0.0000723 seconds
2016-06-27T20:02:09.639+0300: 226.745: Total time for which application threads were stopped: 0.0091655 seconds, Stopping threads took: 0.0087237 seconds
2016-06-27T20:02:10.114+0300: 227.220: [Full GC (Allocation Failure) 2016-06-27T20:02:10.114+0300: 227.220: [Tenured: 3495007K->3495027K(3495296K), 0.6390790 secs] 5067231K->3789065K(5068160K), [Metaspace: 8997K->8997K(1058816K)], 0.6392329 secs] [Times: user=0.63 sys=0.00, real=0.64 secs] 
2016-06-27T20:02:10.754+0300: 227.859: Total time for which application threads were stopped: 0.6441715 seconds, Stopping threads took: 0.0045404 seconds
2016-06-27T20:02:10.756+0300: 227.862: Total time for which application threads were stopped: 0.0010332 seconds, Stopping threads took: 0.0000736 seconds
2016-06-27T20:02:11.292+0300: 228.398: Total time for which application threads were stopped: 0.0047602 seconds, Stopping threads took: 0.0038207 seconds
2016-06-27T20:02:12.295+0300: 229.401: Total time for which application threads were stopped: 0.0065140 seconds, Stopping threads took: 0.0053957 seconds
2016-06-27T20:02:12.471+0300: 229.577: [Full GC (Allocation Failure) 2016-06-27T20:02:12.471+0300: 229.577: [Tenured: 3495027K->3495041K(3495296K), 0.6636896 secs] 5067251K->3875086K(5068160K), [Metaspace: 8997K->8997K(1058816K)], 0.6638461 secs] [Times: user=0.67 sys=0.00, real=0.66 secs] 
2016-06-27T20:02:13.135+0300: 230.241: Total time for which application threads were stopped: 0.6659541 seconds, Stopping threads took: 0.0017457 seconds
2016-06-27T20:02:14.169+0300: 231.275: Total time for which application threads were stopped: 0.0066094 seconds, Stopping threads took: 0.0062125 seconds
2016-06-27T20:02:14.654+0300: 231.760: [Full GC (Allocation Failure) 2016-06-27T20:02:14.654+0300: 231.760: [Tenured: 3495041K->3495070K(3495296K), 0.7209487 secs] 5067247K->3816094K(5068160K), [Metaspace: 8997K->8997K(1058816K)], 0.7211428 secs] [Times: user=0.72 sys=0.00, real=0.72 secs] 
2016-06-27T20:02:15.375+0300: 232.481: Total time for which application threads were stopped: 0.7228188 seconds, Stopping threads took: 0.0012590 seconds
2016-06-27T20:02:16.300+0300: 233.406: Total time for which application threads were stopped: 0.0105815 seconds, Stopping threads took: 0.0093738 seconds
2016-06-27T20:02:17.003+0300: 234.108: [Full GC (Allocation Failure) 2016-06-27T20:02:17.003+0300: 234.109: [Tenured: 3495070K->3495063K(3495296K), 0.7021473 secs] 5067258K->3669080K(5068160K), [Metaspace: 8997K->8997K(1058816K)], 0.7023166 secs] [Times: user=0.70 sys=0.00, real=0.70 secs] 
2016-06-27T20:02:17.705+0300: 234.811: Total time for which application threads were stopped: 0.7165768 seconds, Stopping threads took: 0.0137859 seconds
2016-06-27T20:02:17.709+0300: 234.814: Total time for which application threads were stopped: 0.0015242 seconds, Stopping threads took: 0.0004550 seconds
2016-06-27T20:02:18.301+0300: 235.407: Total time for which application threads were stopped: 0.0116827 seconds, Stopping threads took: 0.0106721 seconds
2016-06-27T20:02:19.300+0300: 236.406: Total time for which application threads were stopped: 0.0104433 seconds, Stopping threads took: 0.0090137 seconds
2016-06-27T20:02:19.610+0300: 236.716: [Full GC (Allocation Failure) 2016-06-27T20:02:19.610+0300: 236.716: [Tenured: 3495063K->3495065K(3495296K), 0.6858254 secs] 5067278K->3885392K(5068160K), [Metaspace: 8997K->8997K(1058816K)], 0.6859922 secs] [Times: user=0.69 sys=0.00, real=0.69 secs] 
2016-06-27T20:02:20.296+0300: 237.402: Total time for which application threads were stopped: 0.6947698 seconds, Stopping threads took: 0.0083889 seconds
2016-06-27T20:02:21.304+0300: 238.410: Total time for which application threads were stopped: 0.0076858 seconds, Stopping threads took: 0.0072885 seconds
2016-06-27T20:02:21.788+0300: 238.894: Total time for which application threads were stopped: 0.0023893 seconds, Stopping threads took: 0.0021045 seconds
2016-06-27T20:02:21.863+0300: 238.969: [Full GC (Allocation Failure) 2016-06-27T20:02:21.863+0300: 238.969: [Tenured: 3495065K->3495089K(3495296K), 0.7005004 secs] 5067540K->3899117K(5068160K), [Metaspace: 8997K->8997K(1058816K)], 0.7006736 secs] [Times: user=0.70 sys=0.00, real=0.70 secs] 
2016-06-27T20:02:22.563+0300: 239.669: Total time for which application threads were stopped: 0.7011817 seconds, Stopping threads took: 0.0001150 seconds
2016-06-27T20:02:23.915+0300: 241.021: [Full GC (Allocation Failure) 2016-06-27T20:02:23.915+0300: 241.021: [Tenured: 3495089K->3495072K(3495296K), 0.6473434 secs] 5067290K->3979126K(5068160K), [Metaspace: 8997K->8997K(1058816K)], 0.6475204 secs] [Times: user=0.64 sys=0.00, real=0.65 secs] 
2016-06-27T20:02:24.562+0300: 241.668: Total time for which application threads were stopped: 0.6529196 seconds, Stopping threads took: 0.0048594 seconds
2016-06-27T20:02:24.565+0300: 241.671: Total time for which application threads were stopped: 0.0014361 seconds, Stopping threads took: 0.0000689 seconds
2016-06-27T20:02:25.296+0300: 242.402: Total time for which application threads were stopped: 0.0046965 seconds, Stopping threads took: 0.0033421 seconds
2016-06-27T20:02:26.058+0300: 243.164: [Full GC (Allocation Failure) 2016-06-27T20:02:26.059+0300: 243.164: [Tenured: 3495072K->3495091K(3495296K), 0.7206660 secs] 5067288K->3789122K(5068160K), [Metaspace: 8998K->8998K(1058816K)], 0.7208409 secs] [Times: user=0.72 sys=0.00, real=0.72 secs] 
2016-06-27T20:02:26.779+0300: 243.885: Total time for which application threads were stopped: 0.7244871 seconds, Stopping threads took: 0.0032066 seconds
2016-06-27T20:02:26.783+0300: 243.889: Total time for which application threads were stopped: 0.0012051 seconds, Stopping threads took: 0.0001215 seconds
2016-06-27T20:02:27.804+0300: 244.911: Total time for which application threads were stopped: 0.0214875 seconds, Stopping threads took: 0.0211103 seconds
2016-06-27T20:02:27.811+0300: 244.917: Total time for which application threads were stopped: 0.0013711 seconds, Stopping threads took: 0.0001946 seconds
2016-06-27T20:02:28.493+0300: 245.599: [Full GC (Allocation Failure) 2016-06-27T20:02:28.493+0300: 245.599: [Tenured: 3495091K->3495122K(3495296K), 0.6109021 secs] 5067269K->3901140K(5068160K), [Metaspace: 8998K->8998K(1058816K)], 0.6110603 secs] [Times: user=0.61 sys=0.00, real=0.61 secs] 
2016-06-27T20:02:29.104+0300: 246.210: Total time for which application threads were stopped: 0.6186354 seconds, Stopping threads took: 0.0071624 seconds
2016-06-27T20:02:29.107+0300: 246.213: Total time for which application threads were stopped: 0.0011286 seconds, Stopping threads took: 0.0001172 seconds
2016-06-27T20:02:29.791+0300: 246.897: Total time for which application threads were stopped: 0.0022995 seconds, Stopping threads took: 0.0013052 seconds
2016-06-27T20:02:30.611+0300: 247.717: [Full GC (Allocation Failure) 2016-06-27T20:02:30.611+0300: 247.717: [Tenured: 3495122K->3495121K(3495296K), 0.5969554 secs] 5067329K->3847144K(5068160K), [Metaspace: 8998K->8998K(1058816K)], 0.5971304 secs] [Times: user=0.61 sys=0.00, real=0.60 secs] 
2016-06-27T20:02:31.208+0300: 248.314: Total time for which application threads were stopped: 0.6011708 seconds, Stopping threads took: 0.0035568 seconds
2016-06-27T20:02:31.218+0300: 248.324: Total time for which application threads were stopped: 0.0011286 seconds, Stopping threads took: 0.0000787 seconds
2016-06-27T20:02:32.796+0300: 249.902: Total time for which application threads were stopped: 0.0066359 seconds, Stopping threads took: 0.0050724 seconds
2016-06-27T20:02:33.016+0300: 250.122: [Full GC (Allocation Failure) 2016-06-27T20:02:33.016+0300: 250.122: [Tenured: 3495121K->3495122K(3495296K), 0.7716300 secs] 5067340K->3777158K(5068160K), [Metaspace: 8999K->8999K(1058816K)], 0.7719217 secs] [Times: user=0.78 sys=0.00, real=0.77 secs] 
2016-06-27T20:02:33.788+0300: 250.894: Total time for which application threads were stopped: 0.7724242 seconds, Stopping threads took: 0.0000915 seconds
2016-06-27T20:02:34.795+0300: 251.901: Total time for which application threads were stopped: 0.0063870 seconds, Stopping threads took: 0.0059807 seconds
2016-06-27T20:02:35.397+0300: 252.503: [Full GC (Allocation Failure) 2016-06-27T20:02:35.397+0300: 252.503: [Tenured: 3495122K->3495142K(3495296K), 0.7119282 secs] 5067326K->3725161K(5068160K), [Metaspace: 8999K->8999K(1058816K)], 0.7121134 secs] [Times: user=0.70 sys=0.00, real=0.71 secs] 
2016-06-27T20:02:36.109+0300: 253.215: Total time for which application threads were stopped: 0.7177687 seconds, Stopping threads took: 0.0051947 seconds
2016-06-27T20:02:37.121+0300: 254.227: Total time for which application threads were stopped: 0.0096090 seconds, Stopping threads took: 0.0092395 seconds
2016-06-27T20:02:37.796+0300: 254.902: Total time for which application threads were stopped: 0.0050814 seconds, Stopping threads took: 0.0040986 seconds
2016-06-27T20:02:37.927+0300: 255.033: [Full GC (Allocation Failure) 2016-06-27T20:02:37.927+0300: 255.033: [Tenured: 3495142K->3495167K(3495296K), 0.6284625 secs] 5067347K->3880190K(5068160K), [Metaspace: 8999K->8999K(1058816K)], 0.6286416 secs] [Times: user=0.63 sys=0.00, real=0.63 secs] 
2016-06-27T20:02:38.556+0300: 255.662: Total time for which application threads were stopped: 0.6338141 seconds, Stopping threads took: 0.0048021 seconds
2016-06-27T20:02:39.559+0300: 256.665: Total time for which application threads were stopped: 0.0031629 seconds, Stopping threads took: 0.0027537 seconds
2016-06-27T20:02:40.065+0300: 257.171: [Full GC (Allocation Failure) 2016-06-27T20:02:40.065+0300: 257.171: [Tenured: 3495167K->3495159K(3495296K), 0.6480610 secs] 5067164K->3764176K(5068160K), [Metaspace: 8999K->8999K(1058816K)], 0.6482346 secs] [Times: user=0.66 sys=0.00, real=0.65 secs] 
2016-06-27T20:02:40.713+0300: 257.819: Total time for which application threads were stopped: 0.6525103 seconds, Stopping threads took: 0.0038604 seconds
2016-06-27T20:02:40.793+0300: 257.898: Total time for which application threads were stopped: 0.0013894 seconds, Stopping threads took: 0.0005008 seconds
2016-06-27T20:02:40.801+0300: 257.907: Total time for which application threads were stopped: 0.0004080 seconds, Stopping threads took: 0.0001031 seconds
2016-06-27T20:02:41.806+0300: 258.912: Total time for which application threads were stopped: 0.0147053 seconds, Stopping threads took: 0.0135977 seconds
2016-06-27T20:02:42.423+0300: 259.529: [Full GC (Allocation Failure) 2016-06-27T20:02:42.423+0300: 259.529: [Tenured: 3495159K->3495170K(3495296K), 0.6135989 secs] 5067373K->3941198K(5068160K), [Metaspace: 9000K->9000K(1058816K)], 0.6137802 secs] [Times: user=0.63 sys=0.00, real=0.61 secs] 
2016-06-27T20:02:43.037+0300: 260.143: Total time for which application threads were stopped: 0.6227571 seconds, Stopping threads took: 0.0085548 seconds
2016-06-27T20:02:43.074+0300: 260.180: Total time for which application threads were stopped: 0.0013296 seconds, Stopping threads took: 0.0003473 seconds
2016-06-27T20:02:43.805+0300: 260.911: Total time for which application threads were stopped: 0.0136302 seconds, Stopping threads took: 0.0123515 seconds
2016-06-27T20:02:44.513+0300: 261.619: [Full GC (Allocation Failure) 2016-06-27T20:02:44.513+0300: 261.619: [Tenured: 3495170K->3495168K(3495296K), 0.6797254 secs] 5067378K->3647184K(5068160K), [Metaspace: 9004K->9004K(1058816K)], 0.6798969 secs] [Times: user=0.69 sys=0.00, real=0.68 secs] 
2016-06-27T20:02:45.193+0300: 262.299: Total time for which application threads were stopped: 0.6869502 seconds, Stopping threads took: 0.0065923 seconds
2016-06-27T20:02:45.196+0300: 262.302: Total time for which application threads were stopped: 0.0011936 seconds, Stopping threads took: 0.0000740 seconds
2016-06-27T20:02:46.205+0300: 263.311: Total time for which application threads were stopped: 0.0087032 seconds, Stopping threads took: 0.0083470 seconds
2016-06-27T20:02:47.041+0300: 264.147: [Full GC (Allocation Failure) 2016-06-27T20:02:47.041+0300: 264.147: [Tenured: 3495168K->3495197K(3495296K), 0.5962387 secs] 5067381K->3928218K(5068160K), [Metaspace: 9004K->9004K(1058816K)], 0.5963926 secs] [Times: user=0.59 sys=0.00, real=0.60 secs] 
2016-06-27T20:02:47.637+0300: 264.743: Total time for which application threads were stopped: 0.6035370 seconds, Stopping threads took: 0.0066658 seconds
2016-06-27T20:02:47.794+0300: 264.900: Total time for which application threads were stopped: 0.0015665 seconds, Stopping threads took: 0.0006098 seconds
2016-06-27T20:02:48.797+0300: 265.903: Total time for which application threads were stopped: 0.0037826 seconds, Stopping threads took: 0.0024470 seconds
2016-06-27T20:02:49.170+0300: 266.275: [Full GC (Allocation Failure) 2016-06-27T20:02:49.170+0300: 266.276: [Tenured: 3495197K->3495194K(3495296K), 0.5875744 secs] 5067373K->3883222K(5068160K), [Metaspace: 9005K->9005K(1058816K)], 0.5877314 secs] [Times: user=0.59 sys=0.00, real=0.59 secs] 
2016-06-27T20:02:49.757+0300: 266.863: Total time for which application threads were stopped: 0.5907994 seconds, Stopping threads took: 0.0027028 seconds
2016-06-27T20:02:49.794+0300: 266.900: Total time for which application threads were stopped: 0.0013488 seconds, Stopping threads took: 0.0004807 seconds
2016-06-27T20:02:50.798+0300: 267.904: Total time for which application threads were stopped: 0.0048103 seconds, Stopping threads took: 0.0037103 seconds
2016-06-27T20:02:51.309+0300: 268.414: [Full GC (Allocation Failure) 2016-06-27T20:02:51.309+0300: 268.415: [Tenured: 3495194K->3495208K(3495296K), 0.5844068 secs] 5067393K->3772223K(5068160K), [Metaspace: 9005K->9005K(1058816K)], 0.5845603 secs] [Times: user=0.58 sys=0.00, real=0.58 secs] 
2016-06-27T20:02:51.893+0300: 268.999: Total time for which application threads were stopped: 0.5860789 seconds, Stopping threads took: 0.0011371 seconds
2016-06-27T20:02:51.895+0300: 269.002: Total time for which application threads were stopped: 0.0009413 seconds, Stopping threads took: 0.0000693 seconds
2016-06-27T20:02:52.800+0300: 269.905: Total time for which application threads were stopped: 0.0058764 seconds, Stopping threads took: 0.0047140 seconds
2016-06-27T20:02:52.808+0300: 269.914: Total time for which application threads were stopped: 0.0004490 seconds, Stopping threads took: 0.0000791 seconds
2016-06-27T20:02:53.559+0300: 270.665: [Full GC (Allocation Failure) 2016-06-27T20:02:53.559+0300: 270.665: [Tenured: 3495208K->3495209K(3495296K), 0.6948301 secs] 5067396K->3717224K(5068160K), [Metaspace: 9005K->9005K(1058816K)], 0.6949922 secs] [Times: user=0.69 sys=0.00, real=0.69 secs] 
2016-06-27T20:02:54.254+0300: 271.360: Total time for which application threads were stopped: 0.7038447 seconds, Stopping threads took: 0.0083974 seconds
2016-06-27T20:02:54.267+0300: 271.373: Total time for which application threads were stopped: 0.0011435 seconds, Stopping threads took: 0.0000860 seconds
2016-06-27T20:02:55.807+0300: 272.913: Total time for which application threads were stopped: 0.0123135 seconds, Stopping threads took: 0.0107842 seconds
2016-06-27T20:02:56.064+0300: 273.170: [Full GC (Allocation Failure) 2016-06-27T20:02:56.064+0300: 273.170: [Tenured: 3495209K->3495213K(3495296K), 0.6053157 secs] 5067438K->3829254K(5068160K), [Metaspace: 9005K->9005K(1058816K)], 0.6054880 secs] [Times: user=0.61 sys=0.00, real=0.61 secs] 
2016-06-27T20:02:56.669+0300: 273.775: Total time for which application threads were stopped: 0.6108722 seconds, Stopping threads took: 0.0050134 seconds
2016-06-27T20:02:57.676+0300: 274.782: Total time for which application threads were stopped: 0.0070580 seconds, Stopping threads took: 0.0066830 seconds
2016-06-27T20:02:58.247+0300: 275.353: [Full GC (Allocation Failure) 2016-06-27T20:02:58.247+0300: 275.353: [Tenured: 3495213K->3495245K(3495296K), 0.7335735 secs] 5067419K->3876268K(5068160K), [Metaspace: 9005K->9005K(1058816K)], 0.7337480 secs] [Times: user=0.70 sys=0.00, real=0.73 secs] 
2016-06-27T20:02:58.981+0300: 276.087: Total time for which application threads were stopped: 0.7374455 seconds, Stopping threads took: 0.0032733 seconds
2016-06-27T20:02:59.983+0300: 277.089: Total time for which application threads were stopped: 0.0029046 seconds, Stopping threads took: 0.0024855 seconds
2016-06-27T20:03:00.837+0300: 277.943: [Full GC (Allocation Failure) 2016-06-27T20:03:00.837+0300: 277.943: [Tenured: 3495245K->3495252K(3495296K), 0.8104512 secs] 5067463K->3963274K(5068160K), [Metaspace: 9005K->9005K(1058816K)], 0.8106274 secs] [Times: user=0.81 sys=0.00, real=0.81 secs] 
2016-06-27T20:03:01.648+0300: 278.754: Total time for which application threads were stopped: 0.8211626 seconds, Stopping threads took: 0.0099977 seconds
2016-06-27T20:03:01.800+0300: 278.906: Total time for which application threads were stopped: 0.0044515 seconds, Stopping threads took: 0.0033443 seconds
2016-06-27T20:03:02.804+0300: 279.910: Total time for which application threads were stopped: 0.0086630 seconds, Stopping threads took: 0.0074720 seconds
2016-06-27T20:03:03.219+0300: 280.325: [Full GC (Allocation Failure) 2016-06-27T20:03:03.219+0300: 280.325: [Tenured: 3495252K->3495226K(3495296K), 0.8033017 secs] 5067465K->3687242K(5068160K), [Metaspace: 9005K->9005K(1058816K)], 0.8034894 secs] [Times: user=0.81 sys=0.00, real=0.80 secs] 
2016-06-27T20:03:04.023+0300: 281.129: Total time for which application threads were stopped: 0.8120211 seconds, Stopping threads took: 0.0080395 seconds
2016-06-27T20:03:04.027+0300: 281.133: Total time for which application threads were stopped: 0.0007262 seconds, Stopping threads took: 0.0000684 seconds
2016-06-27T20:03:04.798+0300: 281.904: Total time for which application threads were stopped: 0.0023611 seconds, Stopping threads took: 0.0012594 seconds
2016-06-27T20:03:05.802+0300: 282.908: Total time for which application threads were stopped: 0.0055351 seconds, Stopping threads took: 0.0043651 seconds
2016-06-27T20:03:05.974+0300: 283.080: [Full GC (Allocation Failure) 2016-06-27T20:03:05.975+0300: 283.080: [Tenured: 3495226K->3495232K(3495296K), 0.6425524 secs] 5067474K->3920274K(5068160K), [Metaspace: 9005K->9005K(1058816K)], 0.6427140 secs] [Times: user=0.64 sys=0.00, real=0.64 secs] 
2016-06-27T20:03:06.617+0300: 283.723: Total time for which application threads were stopped: 0.6444691 seconds, Stopping threads took: 0.0014023 seconds
2016-06-27T20:03:07.620+0300: 284.726: Total time for which application threads were stopped: 0.0028807 seconds, Stopping threads took: 0.0024633 seconds
2016-06-27T20:03:08.272+0300: 285.378: [Full GC (Allocation Failure) 2016-06-27T20:03:08.272+0300: 285.378: [Tenured: 3495232K->3495260K(3495296K), 0.6083379 secs] 5067456K->3809278K(5068160K), [Metaspace: 9006K->9006K(1058816K)], 0.6084944 secs] [Times: user=0.61 sys=0.00, real=0.61 secs] 
2016-06-27T20:03:08.881+0300: 285.987: Total time for which application threads were stopped: 0.6114384 seconds, Stopping threads took: 0.0025155 seconds
2016-06-27T20:03:09.806+0300: 286.912: Total time for which application threads were stopped: 0.0091984 seconds, Stopping threads took: 0.0079073 seconds
2016-06-27T20:03:10.514+0300: 287.620: [Full GC (Allocation Failure) 2016-06-27T20:03:10.514+0300: 287.620: [Tenured: 3495260K->3495266K(3495296K), 0.7080194 secs] 5067426K->3951289K(5068160K), [Metaspace: 9006K->9006K(1058816K)], 0.7081935 secs] [Times: user=0.70 sys=0.00, real=0.71 secs] 
2016-06-27T20:03:11.222+0300: 288.328: Total time for which application threads were stopped: 0.7113756 seconds, Stopping threads took: 0.0027263 seconds
2016-06-27T20:03:11.225+0300: 288.331: Total time for which application threads were stopped: 0.0010897 seconds, Stopping threads took: 0.0000761 seconds
2016-06-27T20:03:11.800+0300: 288.906: Total time for which application threads were stopped: 0.0025197 seconds, Stopping threads took: 0.0015071 seconds
2016-06-27T20:03:11.809+0300: 288.915: Total time for which application threads were stopped: 0.0004063 seconds, Stopping threads took: 0.0000770 seconds
2016-06-27T20:03:12.794+0300: 289.900: [Full GC (Allocation Failure) 2016-06-27T20:03:12.794+0300: 289.900: [Tenured: 3495266K->3495258K(3495296K), 0.7657528 secs] 5067458K->3719276K(5068160K), [Metaspace: 9007K->9007K(1058816K)], 0.7659401 secs] [Times: user=0.75 sys=0.00, real=0.77 secs] 
2016-06-27T20:03:13.560+0300: 290.666: Total time for which application threads were stopped: 0.7792371 seconds, Stopping threads took: 0.0126030 seconds
2016-06-27T20:03:13.563+0300: 290.669: Total time for which application threads were stopped: 0.0009626 seconds, Stopping threads took: 0.0000817 seconds
2016-06-27T20:03:13.801+0300: 290.907: Total time for which application threads were stopped: 0.0023170 seconds, Stopping threads took: 0.0007103 seconds
2016-06-27T20:03:15.310+0300: 292.416: [Full GC (Allocation Failure) 2016-06-27T20:03:15.310+0300: 292.416: [Tenured: 3495258K->3495255K(3495296K), 0.5860421 secs] 5067449K->4112307K(5068160K), [Metaspace: 9007K->9007K(1058816K)], 0.5862346 secs] [Times: user=0.59 sys=0.00, real=0.59 secs] 
2016-06-27T20:03:15.897+0300: 293.003: Total time for which application threads were stopped: 0.5939892 seconds, Stopping threads took: 0.0071961 seconds
2016-06-27T20:03:16.898+0300: 294.004: Total time for which application threads were stopped: 0.0018462 seconds, Stopping threads took: 0.0013818 seconds
2016-06-27T20:03:17.124+0300: 294.230: [Full GC (Allocation Failure) 2016-06-27T20:03:17.124+0300: 294.230: [Tenured: 3495255K->3495251K(3495296K), 0.5530349 secs] 5067478K->3857298K(5068160K), [Metaspace: 9007K->9007K(1058816K)], 0.5532013 secs] [Times: user=0.56 sys=0.00, real=0.55 secs] 
2016-06-27T20:03:17.677+0300: 294.783: Total time for which application threads were stopped: 0.5547836 seconds, Stopping threads took: 0.0010285 seconds
2016-06-27T20:03:18.062+0300: 295.168: Total time for which application threads were stopped: 0.0024077 seconds, Stopping threads took: 0.0009853 seconds
2016-06-27T20:03:18.309+0300: 295.415: Total time for which application threads were stopped: 0.0023530 seconds, Stopping threads took: 0.0009939 seconds
2016-06-27T20:03:19.243+0300: 296.349: [Full GC (Allocation Failure) 2016-06-27T20:03:19.243+0300: 296.349: [Tenured: 3495251K->3495257K(3495296K), 0.6639723 secs] 5067444K->4102327K(5068160K), [Metaspace: 9007K->9007K(1058816K)], 0.6641361 secs] [Times: user=0.66 sys=0.00, real=0.66 secs] 
2016-06-27T20:03:19.907+0300: 297.013: Total time for which application threads were stopped: 0.6680299 seconds, Stopping threads took: 0.0033092 seconds
2016-06-27T20:03:20.377+0300: 297.483: Total time for which application threads were stopped: 0.0033981 seconds, Stopping threads took: 0.0019086 seconds
2016-06-27T20:03:21.166+0300: 298.272: [Full GC (Allocation Failure) 2016-06-27T20:03:21.166+0300: 298.272: [Tenured: 3495257K->3495266K(3495296K), 0.5790846 secs] 5067510K->3920321K(5068160K), [Metaspace: 9007K->9007K(1058816K)], 0.5792882 secs] [Times: user=0.58 sys=0.00, real=0.58 secs] 
2016-06-27T20:03:21.745+0300: 298.851: Total time for which application threads were stopped: 0.5815488 seconds, Stopping threads took: 0.0016803 seconds
2016-06-27T20:03:22.135+0300: 299.241: Total time for which application threads were stopped: 0.0022123 seconds, Stopping threads took: 0.0006680 seconds
2016-06-27T20:03:22.309+0300: 299.415: Total time for which application threads were stopped: 0.0017782 seconds, Stopping threads took: 0.0004644 seconds
2016-06-27T20:03:23.232+0300: 300.338: [Full GC (Allocation Failure) 2016-06-27T20:03:23.232+0300: 300.338: [Tenured: 3495266K->3495284K(3495296K), 0.5446537 secs] 5067518K->3907330K(5068160K), [Metaspace: 9007K->9007K(1058816K)], 0.5448090 secs] [Times: user=0.55 sys=0.00, real=0.54 secs] 
2016-06-27T20:03:23.777+0300: 300.883: Total time for which application threads were stopped: 0.5467300 seconds, Stopping threads took: 0.0013574 seconds
2016-06-27T20:03:23.925+0300: 301.032: Total time for which application threads were stopped: 0.0014622 seconds, Stopping threads took: 0.0003639 seconds
2016-06-27T20:03:24.309+0300: 301.416: Total time for which application threads were stopped: 0.0014344 seconds, Stopping threads took: 0.0005384 seconds
2016-06-27T20:03:25.250+0300: 302.356: [Full GC (Allocation Failure) 2016-06-27T20:03:25.250+0300: 302.356: [Tenured: 3495284K->3495290K(3495296K), 0.5931391 secs] 5067516K->3968345K(5068160K), [Metaspace: 9007K->9007K(1058816K)], 0.5933148 secs] [Times: user=0.58 sys=0.00, real=0.59 secs] 
2016-06-27T20:03:25.843+0300: 302.950: Total time for which application threads were stopped: 0.5947308 seconds, Stopping threads took: 0.0008758 seconds
2016-06-27T20:03:26.001+0300: 303.107: Total time for which application threads were stopped: 0.0015776 seconds, Stopping threads took: 0.0002976 seconds
2016-06-27T20:03:26.010+0300: 303.116: Total time for which application threads were stopped: 0.0004315 seconds, Stopping threads took: 0.0000701 seconds
2016-06-27T20:03:26.311+0300: 303.417: Total time for which application threads were stopped: 0.0026284 seconds, Stopping threads took: 0.0015391 seconds
2016-06-27T20:03:27.245+0300: 304.352: [Full GC (Allocation Failure) 2016-06-27T20:03:27.246+0300: 304.352: [Tenured: 3495290K->3494301K(3495296K), 0.6128069 secs] 5067481K->4006357K(5068160K), [Metaspace: 9007K->9007K(1058816K)], 0.6129784 secs] [Times: user=0.61 sys=0.00, real=0.61 secs] 
2016-06-27T20:03:27.859+0300: 304.965: Total time for which application threads were stopped: 0.6156384 seconds, Stopping threads took: 0.0021126 seconds
2016-06-27T20:03:28.130+0300: 305.236: Total time for which application threads were stopped: 0.0014899 seconds, Stopping threads took: 0.0005542 seconds
2016-06-27T20:03:29.263+0300: 306.369: [Full GC (Allocation Failure) 2016-06-27T20:03:29.263+0300: 306.369: [Tenured: 3494301K->3494334K(3495296K), 0.5491176 secs] 5066242K->3659337K(5068160K), [Metaspace: 9007K->9007K(1058816K)], 0.5493100 secs] [Times: user=0.55 sys=0.00, real=0.55 secs] 
2016-06-27T20:03:29.812+0300: 306.918: Total time for which application threads were stopped: 0.5512862 seconds, Stopping threads took: 0.0014840 seconds
2016-06-27T20:03:29.815+0300: 306.921: Total time for which application threads were stopped: 0.0007971 seconds, Stopping threads took: 0.0001022 seconds
2016-06-27T20:03:31.533+0300: 308.639: [Full GC (Allocation Failure) 2016-06-27T20:03:31.533+0300: 308.639: [Tenured: 3494334K->3494311K(3495296K), 0.5845235 secs] 5066519K->4006370K(5068160K), [Metaspace: 9007K->9007K(1058816K)], 0.5847211 secs] [Times: user=0.59 sys=0.00, real=0.58 secs] 
2016-06-27T20:03:32.117+0300: 309.224: Total time for which application threads were stopped: 0.5881633 seconds, Stopping threads took: 0.0028597 seconds
2016-06-27T20:03:32.122+0300: 309.229: Total time for which application threads were stopped: 0.0015053 seconds, Stopping threads took: 0.0000774 seconds
2016-06-27T20:03:32.312+0300: 309.418: Total time for which application threads were stopped: 0.0015451 seconds, Stopping threads took: 0.0005187 seconds
2016-06-27T20:03:33.313+0300: 310.419: Total time for which application threads were stopped: 0.0027498 seconds, Stopping threads took: 0.0012962 seconds
2016-06-27T20:03:33.498+0300: 310.604: [Full GC (Allocation Failure) 2016-06-27T20:03:33.498+0300: 310.604: [Tenured: 3494311K->3494348K(3495296K), 0.6099454 secs] 5066370K->3896396K(5068160K), [Metaspace: 9007K->9007K(1058816K)], 0.6101195 secs] [Times: user=0.58 sys=0.00, real=0.61 secs] 
2016-06-27T20:03:34.108+0300: 311.214: Total time for which application threads were stopped: 0.6118930 seconds, Stopping threads took: 0.0011953 seconds
2016-06-27T20:03:34.365+0300: 311.471: Total time for which application threads were stopped: 0.0015554 seconds, Stopping threads took: 0.0005991 seconds
2016-06-27T20:03:35.652+0300: 312.758: [Full GC (Allocation Failure) 2016-06-27T20:03:35.652+0300: 312.758: [Tenured: 3494348K->3494379K(3495296K), 0.5205469 secs] 5066328K->3731392K(5068160K), [Metaspace: 9007K->9007K(1058816K)], 0.5207333 secs] [Times: user=0.52 sys=0.00, real=0.52 secs] 
2016-06-27T20:03:36.172+0300: 313.279: Total time for which application threads were stopped: 0.5232633 seconds, Stopping threads took: 0.0020215 seconds
2016-06-27T20:03:36.313+0300: 313.419: Total time for which application threads were stopped: 0.0012124 seconds, Stopping threads took: 0.0002690 seconds
2016-06-27T20:03:37.315+0300: 314.421: Total time for which application threads were stopped: 0.0027100 seconds, Stopping threads took: 0.0014468 seconds
2016-06-27T20:03:37.928+0300: 315.033: [Full GC (Allocation Failure) 2016-06-27T20:03:37.928+0300: 315.033: [Tenured: 3494379K->3494388K(3495296K), 0.5852172 secs] 5066577K->3826407K(5068160K), [Metaspace: 9007K->9007K(1058816K)], 0.5853865 secs] [Times: user=0.58 sys=0.00, real=0.59 secs] 
2016-06-27T20:03:38.513+0300: 315.619: Total time for which application threads were stopped: 0.5867606 seconds, Stopping threads took: 0.0009934 seconds
2016-06-27T20:03:38.515+0300: 315.621: Total time for which application threads were stopped: 0.0006483 seconds, Stopping threads took: 0.0000855 seconds
2016-06-27T20:03:38.524+0300: 315.630: Total time for which application threads were stopped: 0.0003045 seconds, Stopping threads took: 0.0000911 seconds
2016-06-27T20:03:39.315+0300: 316.421: Total time for which application threads were stopped: 0.0023282 seconds, Stopping threads took: 0.0010392 seconds
2016-06-27T20:03:40.099+0300: 317.205: [Full GC (Allocation Failure) 2016-06-27T20:03:40.099+0300: 317.205: [Tenured: 3494388K->3494409K(3495296K), 0.6103902 secs] 5066620K->3979430K(5068160K), [Metaspace: 9009K->9009K(1058816K)], 0.6105506 secs] [Times: user=0.61 sys=0.00, real=0.61 secs] 
2016-06-27T20:03:40.709+0300: 317.816: Total time for which application threads were stopped: 0.6123091 seconds, Stopping threads took: 0.0013471 seconds
2016-06-27T20:03:40.734+0300: 317.841: Total time for which application threads were stopped: 0.0007351 seconds, Stopping threads took: 0.0000710 seconds
2016-06-27T20:03:42.129+0300: 319.236: [Full GC (Allocation Failure) 2016-06-27T20:03:42.130+0300: 319.236: [Tenured: 3494409K->3494378K(3495296K), 0.5838222 secs] 5066599K->3925430K(5068160K), [Metaspace: 9009K->9009K(1058816K)], 0.5840091 secs] [Times: user=0.58 sys=0.00, real=0.59 secs] 
2016-06-27T20:03:42.714+0300: 319.820: Total time for which application threads were stopped: 0.5888984 seconds, Stopping threads took: 0.0042842 seconds
2016-06-27T20:03:42.748+0300: 319.854: Total time for which application threads were stopped: 0.0011055 seconds, Stopping threads took: 0.0001604 seconds
2016-06-27T20:03:43.751+0300: 320.857: Total time for which application threads were stopped: 0.0024612 seconds, Stopping threads took: 0.0019835 seconds
2016-06-27T20:03:44.516+0300: 321.622: [Full GC (Allocation Failure) 2016-06-27T20:03:44.516+0300: 321.622: [Tenured: 3494378K->3494408K(3495296K), 0.6222610 secs] 5066568K->3814435K(5068160K), [Metaspace: 9009K->9009K(1058816K)], 0.6224539 secs] [Times: user=0.63 sys=0.00, real=0.62 secs] 
2016-06-27T20:03:45.139+0300: 322.244: Total time for which application threads were stopped: 0.6257409 seconds, Stopping threads took: 0.0028217 seconds
2016-06-27T20:03:45.315+0300: 322.421: Total time for which application threads were stopped: 0.0014887 seconds, Stopping threads took: 0.0004105 seconds
2016-06-27T20:03:46.317+0300: 323.423: Total time for which application threads were stopped: 0.0030004 seconds, Stopping threads took: 0.0016602 seconds
2016-06-27T20:03:47.028+0300: 324.134: [Full GC (Allocation Failure) 2016-06-27T20:03:47.028+0300: 324.134: [Tenured: 3494408K->3494402K(3495296K), 0.7641674 secs] 5066599K->3601411K(5068160K), [Metaspace: 9009K->9009K(1058816K)], 0.7643419 secs] [Times: user=0.73 sys=0.00, real=0.76 secs] 
2016-06-27T20:03:47.792+0300: 324.898: Total time for which application threads were stopped: 0.7666397 seconds, Stopping threads took: 0.0018274 seconds
2016-06-27T20:03:47.795+0300: 324.901: Total time for which application threads were stopped: 0.0007086 seconds, Stopping threads took: 0.0000821 seconds
2016-06-27T20:03:48.316+0300: 325.422: Total time for which application threads were stopped: 0.0013886 seconds, Stopping threads took: 0.0007065 seconds
2016-06-27T20:03:49.319+0300: 326.425: Total time for which application threads were stopped: 0.0034341 seconds, Stopping threads took: 0.0020031 seconds
2016-06-27T20:03:49.738+0300: 326.844: [Full GC (Allocation Failure) 2016-06-27T20:03:49.744+0300: 326.850: [Tenured: 3494402K->3494431K(3495296K), 0.5307387 secs] 5066571K->3760442K(5068160K), [Metaspace: 9009K->9009K(1058816K)], 0.5368315 secs] [Times: user=0.53 sys=0.00, real=0.54 secs] 
2016-06-27T20:03:50.275+0300: 327.381: Total time for which application threads were stopped: 0.5376488 seconds, Stopping threads took: 0.0005166 seconds
2016-06-27T20:03:50.316+0300: 327.423: Total time for which application threads were stopped: 0.0006603 seconds, Stopping threads took: 0.0001039 seconds
2016-06-27T20:03:51.319+0300: 328.425: Total time for which application threads were stopped: 0.0024582 seconds, Stopping threads took: 0.0013497 seconds
2016-06-27T20:03:51.327+0300: 328.433: Total time for which application threads were stopped: 0.0004657 seconds, Stopping threads took: 0.0000834 seconds
2016-06-27T20:03:51.942+0300: 329.048: [Full GC (Allocation Failure) 2016-06-27T20:03:51.942+0300: 329.048: [Tenured: 3494431K->3494424K(3495296K), 0.5254662 secs] 5066638K->3826445K(5068160K), [Metaspace: 9009K->9009K(1058816K)], 0.5256342 secs] [Times: user=0.51 sys=0.00, real=0.53 secs] 
2016-06-27T20:03:52.468+0300: 329.574: Total time for which application threads were stopped: 0.5276019 seconds, Stopping threads took: 0.0015969 seconds
2016-06-27T20:03:52.470+0300: 329.577: Total time for which application threads were stopped: 0.0010011 seconds, Stopping threads took: 0.0000783 seconds
2016-06-27T20:03:53.473+0300: 330.579: Total time for which application threads were stopped: 0.0024830 seconds, Stopping threads took: 0.0021109 seconds
2016-06-27T20:03:54.059+0300: 331.165: [Full GC (Allocation Failure) 2016-06-27T20:03:54.059+0300: 331.165: [Tenured: 3494424K->3494434K(3495296K), 0.6225416 secs] 5066644K->3864457K(5068160K), [Metaspace: 9009K->9009K(1058816K)], 0.6227220 secs] [Times: user=0.63 sys=0.00, real=0.62 secs] 
2016-06-27T20:03:54.682+0300: 331.788: Total time for which application threads were stopped: 0.6259979 seconds, Stopping threads took: 0.0028952 seconds
2016-06-27T20:03:54.719+0300: 331.825: Total time for which application threads were stopped: 0.0007339 seconds, Stopping threads took: 0.0001223 seconds
2016-06-27T20:03:55.319+0300: 332.425: Total time for which application threads were stopped: 0.0021900 seconds, Stopping threads took: 0.0010927 seconds
2016-06-27T20:03:56.195+0300: 333.301: [Full GC (Allocation Failure) 2016-06-27T20:03:56.196+0300: 333.301: [Tenured: 3494434K->3494428K(3495296K), 0.6225570 secs] 5066660K->3736455K(5068160K), [Metaspace: 9009K->9009K(1058816K)], 0.6226951 secs] [Times: user=0.63 sys=0.00, real=0.62 secs] 
2016-06-27T20:03:56.818+0300: 333.924: Total time for which application threads were stopped: 0.6312067 seconds, Stopping threads took: 0.0080788 seconds
2016-06-27T20:03:56.821+0300: 333.927: Total time for which application threads were stopped: 0.0007642 seconds, Stopping threads took: 0.0000770 seconds
2016-06-27T20:03:57.320+0300: 334.426: Total time for which application threads were stopped: 0.0027601 seconds, Stopping threads took: 0.0017358 seconds
2016-06-27T20:03:58.504+0300: 335.610: [Full GC (Allocation Failure) 2016-06-27T20:03:58.504+0300: 335.610: [Tenured: 3494428K->3494462K(3495296K), 0.4861151 secs] 5066637K->3936486K(5068160K), [Metaspace: 9009K->9009K(1058816K)], 0.4862687 secs] [Times: user=0.50 sys=0.00, real=0.49 secs] 
2016-06-27T20:03:58.990+0300: 336.096: Total time for which application threads were stopped: 0.4957100 seconds, Stopping threads took: 0.0089641 seconds
2016-06-27T20:03:59.339+0300: 336.445: Total time for which application threads were stopped: 0.0018274 seconds, Stopping threads took: 0.0007039 seconds
2016-06-27T20:04:00.322+0300: 337.428: Total time for which application threads were stopped: 0.0031890 seconds, Stopping threads took: 0.0018855 seconds
2016-06-27T20:04:00.592+0300: 337.698: [Full GC (Allocation Failure) 2016-06-27T20:04:00.592+0300: 337.698: [Tenured: 3494462K->3494435K(3495296K), 0.6755763 secs] 5066692K->3947495K(5068160K), [Metaspace: 9010K->9010K(1058816K)], 0.6757734 secs] [Times: user=0.77 sys=0.00, real=0.68 secs] 
2016-06-27T20:04:01.268+0300: 338.374: Total time for which application threads were stopped: 0.6858233 seconds, Stopping threads took: 0.0096569 seconds
2016-06-27T20:04:01.523+0300: 338.630: Total time for which application threads were stopped: 0.0056091 seconds, Stopping threads took: 0.0053384 seconds
2016-06-27T20:04:02.531+0300: 339.637: Total time for which application threads were stopped: 0.0075049 seconds, Stopping threads took: 0.0071234 seconds
2016-06-27T20:04:02.726+0300: 339.832: [Full GC (Allocation Failure) 2016-06-27T20:04:02.726+0300: 339.832: [Tenured: 3494435K->3494454K(3495296K), 0.6310438 secs] 5066649K->3949504K(5068160K), [Metaspace: 9011K->9011K(1058816K)], 0.6312067 secs] [Times: user=0.63 sys=0.02, real=0.63 secs] 
2016-06-27T20:04:03.357+0300: 340.463: Total time for which application threads were stopped: 0.6377768 seconds, Stopping threads took: 0.0062245 seconds
2016-06-27T20:04:04.359+0300: 341.465: Total time for which application threads were stopped: 0.0024009 seconds, Stopping threads took: 0.0020433 seconds
2016-06-27T20:04:04.793+0300: 341.899: [Full GC (Allocation Failure) 2016-06-27T20:04:04.793+0300: 341.899: [Tenured: 3494454K->3494493K(3495296K), 0.5901981 secs] 5066643K->3795515K(5068160K), [Metaspace: 9011K->9011K(1058816K)], 0.5904046 secs] [Times: user=0.59 sys=0.00, real=0.59 secs] 
2016-06-27T20:04:05.383+0300: 342.489: Total time for which application threads were stopped: 0.5978616 seconds, Stopping threads took: 0.0070683 seconds
2016-06-27T20:04:06.389+0300: 343.495: Total time for which application threads were stopped: 0.0051028 seconds, Stopping threads took: 0.0047547 seconds
2016-06-27T20:04:06.802+0300: 343.909: Total time for which application threads were stopped: 0.0044630 seconds, Stopping threads took: 0.0041850 seconds
2016-06-27T20:04:06.806+0300: 343.912: Total time for which application threads were stopped: 0.0009994 seconds, Stopping threads took: 0.0000577 seconds
2016-06-27T20:04:07.041+0300: 344.147: [Full GC (Allocation Failure) 2016-06-27T20:04:07.041+0300: 344.147: [Tenured: 3494493K->3494519K(3495296K), 0.5429889 secs] 5066812K->3827730K(5068160K), [Metaspace: 9011K->9011K(1058816K)], 0.5431514 secs] [Times: user=0.55 sys=0.00, real=0.54 secs] 
2016-06-27T20:04:07.585+0300: 344.691: Total time for which application threads were stopped: 0.5453859 seconds, Stopping threads took: 0.0018864 seconds
2016-06-27T20:04:08.324+0300: 345.430: Total time for which application threads were stopped: 0.0033729 seconds, Stopping threads took: 0.0022935 seconds
2016-06-27T20:04:09.155+0300: 346.261: [Full GC (Allocation Failure) 2016-06-27T20:04:09.155+0300: 346.261: [Tenured: 3494519K->3494538K(3495296K), 0.6942318 secs] 5066708K->3876557K(5068160K), [Metaspace: 9011K->9011K(1058816K)], 0.6944068 secs] [Times: user=0.70 sys=0.00, real=0.69 secs] 
2016-06-27T20:04:09.849+0300: 346.955: Total time for which application threads were stopped: 0.7018308 seconds, Stopping threads took: 0.0069481 seconds
2016-06-27T20:04:09.858+0300: 346.964: Total time for which application threads were stopped: 0.0011803 seconds, Stopping threads took: 0.0000684 seconds
2016-06-27T20:04:09.868+0300: 346.974: Total time for which application threads were stopped: 0.0004418 seconds, Stopping threads took: 0.0000740 seconds
2016-06-27T20:04:10.331+0300: 347.437: Total time for which application threads were stopped: 0.0096607 seconds, Stopping threads took: 0.0085437 seconds
2016-06-27T20:04:11.329+0300: 348.435: Total time for which application threads were stopped: 0.0077251 seconds, Stopping threads took: 0.0065448 seconds
2016-06-27T20:04:11.503+0300: 348.610: [Full GC (Allocation Failure) 2016-06-27T20:04:11.504+0300: 348.610: [Tenured: 3494538K->3494551K(3495296K), 0.6192097 secs] 5066767K->3814572K(5068160K), [Metaspace: 9013K->9013K(1058816K)], 0.6194090 secs] [Times: user=0.63 sys=0.00, real=0.62 secs] 
2016-06-27T20:04:12.123+0300: 349.229: Total time for which application threads were stopped: 0.6214934 seconds, Stopping threads took: 0.0016884 seconds
2016-06-27T20:04:13.128+0300: 350.233: Total time for which application threads were stopped: 0.0040324 seconds, Stopping threads took: 0.0036389 seconds
2016-06-27T20:04:13.697+0300: 350.803: [Full GC (Allocation Failure) 2016-06-27T20:04:13.697+0300: 350.803: [Tenured: 3494551K->3494554K(3495296K), 0.6508989 secs] 5066752K->3745569K(5068160K), [Metaspace: 9013K->9013K(1058816K)], 0.6510507 secs] [Times: user=0.64 sys=0.00, real=0.65 secs] 
2016-06-27T20:04:14.348+0300: 351.454: Total time for which application threads were stopped: 0.6548791 seconds, Stopping threads took: 0.0034152 seconds
2016-06-27T20:04:15.326+0300: 352.432: Total time for which application threads were stopped: 0.0036150 seconds, Stopping threads took: 0.0021836 seconds
2016-06-27T20:04:16.062+0300: 353.168: [Full GC (Allocation Failure) 2016-06-27T20:04:16.062+0300: 353.168: [Tenured: 3494554K->3494573K(3495296K), 0.5450733 secs] 5066726K->3939590K(5068160K), [Metaspace: 9015K->9015K(1058816K)], 0.5452204 secs] [Times: user=0.55 sys=0.00, real=0.55 secs] 
2016-06-27T20:04:16.608+0300: 353.714: Total time for which application threads were stopped: 0.5473933 seconds, Stopping threads took: 0.0017282 seconds
2016-06-27T20:04:16.611+0300: 353.717: Total time for which application threads were stopped: 0.0007595 seconds, Stopping threads took: 0.0000855 seconds
2016-06-27T20:04:17.328+0300: 354.434: Total time for which application threads were stopped: 0.0046221 seconds, Stopping threads took: 0.0033883 seconds
2016-06-27T20:04:18.243+0300: 355.349: [Full GC (Allocation Failure) 2016-06-27T20:04:18.243+0300: 355.349: [Tenured: 3494573K->3494561K(3495296K), 0.7118734 secs] 5066777K->3797584K(5068160K), [Metaspace: 9016K->9016K(1058816K)], 0.7120385 secs] [Times: user=0.70 sys=0.00, real=0.71 secs] 
2016-06-27T20:04:18.955+0300: 356.061: Total time for which application threads were stopped: 0.7226644 seconds, Stopping threads took: 0.0100858 seconds
2016-06-27T20:04:19.389+0300: 356.495: Total time for which application threads were stopped: 0.0035671 seconds, Stopping threads took: 0.0021909 seconds
2016-06-27T20:04:20.330+0300: 357.436: Total time for which application threads were stopped: 0.0049262 seconds, Stopping threads took: 0.0035234 seconds
2016-06-27T20:04:20.763+0300: 357.869: [Full GC (Allocation Failure) 2016-06-27T20:04:20.763+0300: 357.869: [Tenured: 3494561K->3494560K(3495296K), 0.7349424 secs] 5066737K->4084613K(5068160K), [Metaspace: 9016K->9016K(1058816K)], 0.7351139 secs] [Times: user=0.74 sys=0.00, real=0.73 secs] 
2016-06-27T20:04:21.498+0300: 358.604: Total time for which application threads were stopped: 0.7378282 seconds, Stopping threads took: 0.0021408 seconds
2016-06-27T20:04:22.502+0300: 359.608: Total time for which application threads were stopped: 0.0041367 seconds, Stopping threads took: 0.0036440 seconds
2016-06-27T20:04:22.772+0300: 359.878: [Full GC (Allocation Failure) 2016-06-27T20:04:22.772+0300: 359.878: [Tenured: 3494560K->3494543K(3495296K), 0.5907728 secs] 5066786K->3904595K(5068160K), [Metaspace: 9016K->9016K(1058816K)], 0.5909208 secs] [Times: user=0.58 sys=0.00, real=0.59 secs] 
2016-06-27T20:04:23.363+0300: 360.469: Total time for which application threads were stopped: 0.5934234 seconds, Stopping threads took: 0.0019099 seconds
2016-06-27T20:04:24.361+0300: 361.467: Total time for which application threads were stopped: 0.0038254 seconds, Stopping threads took: 0.0023820 seconds
2016-06-27T20:04:24.840+0300: 361.946: [Full GC (Allocation Failure) 2016-06-27T20:04:24.840+0300: 361.946: [Tenured: 3494543K->3494546K(3495296K), 0.6280960 secs] 5066748K->4030622K(5068160K), [Metaspace: 9018K->9018K(1058816K)], 0.6282512 secs] [Times: user=0.63 sys=0.00, real=0.63 secs] 
2016-06-27T20:04:25.468+0300: 362.574: Total time for which application threads were stopped: 0.6305533 seconds, Stopping threads took: 0.0016738 seconds
2016-06-27T20:04:26.471+0300: 363.577: Total time for which application threads were stopped: 0.0023512 seconds, Stopping threads took: 0.0018817 seconds
2016-06-27T20:04:26.779+0300: 363.885: [Full GC (Allocation Failure) 2016-06-27T20:04:26.779+0300: 363.885: [Tenured: 3494546K->3494562K(3495296K), 0.6981445 secs] 5066694K->4145630K(5068160K), [Metaspace: 9019K->9019K(1058816K)], 0.6983125 secs] [Times: user=0.70 sys=0.00, real=0.70 secs] 
2016-06-27T20:04:27.477+0300: 364.583: Total time for which application threads were stopped: 0.7023320 seconds, Stopping threads took: 0.0034580 seconds
2016-06-27T20:04:28.326+0300: 365.431: Total time for which application threads were stopped: 0.0029264 seconds, Stopping threads took: 0.0016862 seconds
2016-06-27T20:04:28.649+0300: 365.755: [Full GC (Allocation Failure) 2016-06-27T20:04:28.649+0300: 365.755: [Tenured: 3494562K->3494563K(3495296K), 0.5528664 secs] 5066782K->3909634K(5068160K), [Metaspace: 9020K->9020K(1058816K)], 0.5530311 secs] [Times: user=0.55 sys=0.00, real=0.55 secs] 
2016-06-27T20:04:29.202+0300: 366.308: Total time for which application threads were stopped: 0.5544936 seconds, Stopping threads took: 0.0009464 seconds
2016-06-27T20:04:29.330+0300: 366.436: Total time for which application threads were stopped: 0.0012911 seconds, Stopping threads took: 0.0002194 seconds
2016-06-27T20:04:29.338+0300: 366.445: Total time for which application threads were stopped: 0.0004268 seconds, Stopping threads took: 0.0000872 seconds
2016-06-27T20:04:30.332+0300: 367.438: Total time for which application threads were stopped: 0.0026198 seconds, Stopping threads took: 0.0012470 seconds
2016-06-27T20:04:30.679+0300: 367.785: [Full GC (Allocation Failure) 2016-06-27T20:04:30.679+0300: 367.785: [Tenured: 3494563K->3494593K(3495296K), 0.5916427 secs] 5066818K->3817633K(5068160K), [Metaspace: 9020K->9020K(1058816K)], 0.5918197 secs] [Times: user=0.59 sys=0.00, real=0.59 secs] 
2016-06-27T20:04:31.271+0300: 368.377: Total time for which application threads were stopped: 0.5940923 seconds, Stopping threads took: 0.0016948 seconds
2016-06-27T20:04:31.330+0300: 368.436: Total time for which application threads were stopped: 0.0011273 seconds, Stopping threads took: 0.0001873 seconds
2016-06-27T20:04:32.332+0300: 369.438: Total time for which application threads were stopped: 0.0026301 seconds, Stopping threads took: 0.0012304 seconds
2016-06-27T20:04:32.900+0300: 370.006: [Full GC (Allocation Failure) 2016-06-27T20:04:32.900+0300: 370.006: [Tenured: 3494593K->3494601K(3495296K), 0.5868637 secs] 5066839K->3823643K(5068160K), [Metaspace: 9020K->9020K(1058816K)], 0.5870373 secs] [Times: user=0.58 sys=0.00, real=0.59 secs] 
2016-06-27T20:04:33.487+0300: 370.593: Total time for which application threads were stopped: 0.5898269 seconds, Stopping threads took: 0.0022375 seconds
2016-06-27T20:04:33.572+0300: 370.678: Total time for which application threads were stopped: 0.0012180 seconds, Stopping threads took: 0.0001621 seconds
2016-06-27T20:04:34.333+0300: 371.438: Total time for which application threads were stopped: 0.0020254 seconds, Stopping threads took: 0.0008763 seconds
2016-06-27T20:04:35.075+0300: 372.180: [Full GC (Allocation Failure) 2016-06-27T20:04:35.080+0300: 372.186: [Tenured: 3494601K->3494616K(3495296K), 0.5463751 secs] 5066806K->3807652K(5068160K), [Metaspace: 9020K->9020K(1058816K)], 0.5514915 secs] [Times: user=0.55 sys=0.00, real=0.55 secs] 
2016-06-27T20:04:35.626+0300: 372.732: Total time for which application threads were stopped: 0.5534775 seconds, Stopping threads took: 0.0014326 seconds
2016-06-27T20:04:35.745+0300: 372.851: Total time for which application threads were stopped: 0.0011684 seconds, Stopping threads took: 0.0002639 seconds
2016-06-27T20:04:37.239+0300: 374.346: [Full GC (Allocation Failure) 2016-06-27T20:04:37.239+0300: 374.346: [Tenured: 3494616K->3494617K(3495296K), 0.6240191 secs] 5066606K->4216686K(5068160K), [Metaspace: 9020K->9020K(1058816K)], 0.6242248 secs] [Times: user=0.61 sys=0.03, real=0.63 secs] 
2016-06-27T20:04:37.864+0300: 374.970: Total time for which application threads were stopped: 0.6268138 seconds, Stopping threads took: 0.0020485 seconds
2016-06-27T20:04:37.893+0300: 374.999: Total time for which application threads were stopped: 0.0014600 seconds, Stopping threads took: 0.0000736 seconds
2016-06-27T20:04:38.334+0300: 375.440: Total time for which application threads were stopped: 0.0022460 seconds, Stopping threads took: 0.0009310 seconds
2016-06-27T20:04:39.038+0300: 376.144: [Full GC (Allocation Failure) 2016-06-27T20:04:39.038+0300: 376.144: [Tenured: 3494617K->3494623K(3495296K), 0.6212885 secs] 5066827K->3737647K(5068160K), [Metaspace: 9020K->9020K(1058816K)], 0.6214575 secs] [Times: user=0.61 sys=0.00, real=0.62 secs] 
2016-06-27T20:04:39.659+0300: 376.765: Total time for which application threads were stopped: 0.6228824 seconds, Stopping threads took: 0.0010110 seconds
2016-06-27T20:04:39.687+0300: 376.793: Total time for which application threads were stopped: 0.0009434 seconds, Stopping threads took: 0.0000795 seconds
2016-06-27T20:04:40.334+0300: 377.440: Total time for which application threads were stopped: 0.0013946 seconds, Stopping threads took: 0.0007150 seconds
2016-06-27T20:04:40.342+0300: 377.448: Total time for which application threads were stopped: 0.0003789 seconds, Stopping threads took: 0.0001095 seconds
2016-06-27T20:04:41.335+0300: 378.441: Total time for which application threads were stopped: 0.0022046 seconds, Stopping threads took: 0.0013467 seconds
2016-06-27T20:04:41.439+0300: 378.546: [Full GC (Allocation Failure) 2016-06-27T20:04:41.440+0300: 378.546: [Tenured: 3494623K->3494646K(3495296K), 0.5128923 secs] 5066833K->3979682K(5068160K), [Metaspace: 9021K->9021K(1058816K)], 0.5130625 secs] [Times: user=0.52 sys=0.00, real=0.51 secs] 
2016-06-27T20:04:41.953+0300: 379.059: Total time for which application threads were stopped: 0.5135102 seconds, Stopping threads took: 0.0000907 seconds
2016-06-27T20:04:42.955+0300: 380.061: Total time for which application threads were stopped: 0.0022255 seconds, Stopping threads took: 0.0018479 seconds
2016-06-27T20:04:43.320+0300: 380.427: [Full GC (Allocation Failure) 2016-06-27T20:04:43.321+0300: 380.427: [Tenured: 3494646K->3494646K(3495296K), 0.5664201 secs] 5066847K->3844682K(5068160K), [Metaspace: 9024K->9024K(1058816K)], 0.5665800 secs] [Times: user=0.56 sys=0.00, real=0.57 secs] 
2016-06-27T20:04:43.887+0300: 380.993: Total time for which application threads were stopped: 0.5689689 seconds, Stopping threads took: 0.0020365 seconds
2016-06-27T20:04:44.889+0300: 381.996: Total time for which application threads were stopped: 0.0025056 seconds, Stopping threads took: 0.0020887 seconds
2016-06-27T20:04:45.336+0300: 382.442: Total time for which application threads were stopped: 0.0025514 seconds, Stopping threads took: 0.0015857 seconds
2016-06-27T20:04:45.471+0300: 382.577: [Full GC (Allocation Failure) 2016-06-27T20:04:45.471+0300: 382.577: [Tenured: 3494646K->3494670K(3495296K), 0.6034986 secs] 5066867K->3866693K(5068160K), [Metaspace: 9025K->9025K(1058816K)], 0.6036910 secs] [Times: user=0.61 sys=0.00, real=0.60 secs] 
2016-06-27T20:04:46.075+0300: 383.181: Total time for which application threads were stopped: 0.6067748 seconds, Stopping threads took: 0.0027374 seconds
2016-06-27T20:04:47.109+0300: 384.215: Total time for which application threads were stopped: 0.0021879 seconds, Stopping threads took: 0.0018107 seconds
2016-06-27T20:04:47.336+0300: 384.442: Total time for which application threads were stopped: 0.0021703 seconds, Stopping threads took: 0.0011564 seconds
2016-06-27T20:04:47.598+0300: 384.704: [Full GC (Allocation Failure) 2016-06-27T20:04:47.598+0300: 384.704: [Tenured: 3494670K->3494682K(3495296K), 0.5578995 secs] 5066868K->3761957K(5068160K), [Metaspace: 9025K->9025K(1058816K)], 0.5580872 secs] [Times: user=0.56 sys=0.00, real=0.56 secs] 
2016-06-27T20:04:48.156+0300: 385.262: Total time for which application threads were stopped: 0.5592222 seconds, Stopping threads took: 0.0007587 seconds
2016-06-27T20:04:49.158+0300: 386.264: Total time for which application threads were stopped: 0.0018556 seconds, Stopping threads took: 0.0014459 seconds
2016-06-27T20:04:49.901+0300: 387.007: [Full GC (Allocation Failure) 2016-06-27T20:04:49.901+0300: 387.007: [Tenured: 3494682K->3494686K(3495296K), 0.5830746 secs] 5067295K->3854705K(5068160K), [Metaspace: 9025K->9025K(1058816K)], 0.5832384 secs] [Times: user=0.58 sys=0.00, real=0.58 secs] 
2016-06-27T20:04:50.484+0300: 387.590: Total time for which application threads were stopped: 0.5873225 seconds, Stopping threads took: 0.0036077 seconds
2016-06-27T20:04:50.487+0300: 387.593: Total time for which application threads were stopped: 0.0009336 seconds, Stopping threads took: 0.0002224 seconds
2016-06-27T20:04:51.338+0300: 388.444: Total time for which application threads were stopped: 0.0026882 seconds, Stopping threads took: 0.0014746 seconds
2016-06-27T20:04:52.275+0300: 389.381: [Full GC (Allocation Failure) 2016-06-27T20:04:52.275+0300: 389.382: [Tenured: 3494686K->3494696K(3495296K), 0.6819453 secs] 5066907K->3977720K(5068160K), [Metaspace: 9025K->9025K(1058816K)], 0.6821237 secs] [Times: user=0.67 sys=0.00, real=0.68 secs] 
2016-06-27T20:04:52.958+0300: 390.064: Total time for which application threads were stopped: 0.6862035 seconds, Stopping threads took: 0.0035867 seconds
2016-06-27T20:04:52.970+0300: 390.076: Total time for which application threads were stopped: 0.0007694 seconds, Stopping threads took: 0.0000748 seconds
2016-06-27T20:04:53.337+0300: 390.443: Total time for which application threads were stopped: 0.0011440 seconds, Stopping threads took: 0.0004037 seconds
2016-06-27T20:04:54.339+0300: 391.445: Total time for which application threads were stopped: 0.0026267 seconds, Stopping threads took: 0.0011739 seconds
2016-06-27T20:04:54.518+0300: 391.624: [Full GC (Allocation Failure) 2016-06-27T20:04:54.518+0300: 391.624: [Tenured: 3494696K->3494704K(3495296K), 0.5755723 secs] 5066935K->3803727K(5068160K), [Metaspace: 9025K->9025K(1058816K)], 0.5757233 secs] [Times: user=0.58 sys=0.00, real=0.58 secs] 
2016-06-27T20:04:55.094+0300: 392.200: Total time for which application threads were stopped: 0.5763357 seconds, Stopping threads took: 0.0003297 seconds
2016-06-27T20:04:56.096+0300: 393.202: Total time for which application threads were stopped: 0.0022277 seconds, Stopping threads took: 0.0017919 seconds
2016-06-27T20:04:56.952+0300: 394.058: [Full GC (Allocation Failure) 2016-06-27T20:04:56.952+0300: 394.058: [Tenured: 3494704K->3494722K(3495296K), 0.6770966 secs] 5066870K->3925738K(5068160K), [Metaspace: 9025K->9025K(1058816K)], 0.6772732 secs] [Times: user=0.67 sys=0.00, real=0.68 secs] 
2016-06-27T20:04:57.629+0300: 394.735: Total time for which application threads were stopped: 0.6809053 seconds, Stopping threads took: 0.0031108 seconds
2016-06-27T20:04:58.341+0300: 395.447: Total time for which application threads were stopped: 0.0040751 seconds, Stopping threads took: 0.0027597 seconds
2016-06-27T20:04:59.212+0300: 396.319: [Full GC (Allocation Failure) 2016-06-27T20:04:59.213+0300: 396.319: [Tenured: 3494722K->3494702K(3495296K), 0.7335299 secs] 5066882K->4014749K(5068160K), [Metaspace: 9025K->9025K(1058816K)], 0.7337043 secs] [Times: user=0.73 sys=0.00, real=0.73 secs] 
2016-06-27T20:04:59.946+0300: 397.052: Total time for which application threads were stopped: 0.7384179 seconds, Stopping threads took: 0.0041602 seconds
2016-06-27T20:04:59.949+0300: 397.055: Total time for which application threads were stopped: 0.0008395 seconds, Stopping threads took: 0.0000689 seconds
2016-06-27T20:04:59.959+0300: 397.065: Total time for which application threads were stopped: 0.0004037 seconds, Stopping threads took: 0.0000795 seconds
2016-06-27T20:05:00.347+0300: 397.453: Total time for which application threads were stopped: 0.0025364 seconds, Stopping threads took: 0.0014788 seconds
2016-06-27T20:05:01.344+0300: 398.450: Total time for which application threads were stopped: 0.0063118 seconds, Stopping threads took: 0.0051973 seconds
2016-06-27T20:05:01.481+0300: 398.587: [Full GC (Allocation Failure) 2016-06-27T20:05:01.481+0300: 398.587: [Tenured: 3494702K->3494722K(3495296K), 0.5448184 secs] 5066948K->3743747K(5068160K), [Metaspace: 9025K->9025K(1058816K)], 0.5451443 secs] [Times: user=0.55 sys=0.00, real=0.55 secs] 
2016-06-27T20:05:02.026+0300: 399.132: Total time for which application threads were stopped: 0.5498147 seconds, Stopping threads took: 0.0038955 seconds
2016-06-27T20:05:03.028+0300: 400.134: Total time for which application threads were stopped: 0.0019078 seconds, Stopping threads took: 0.0015216 seconds
2016-06-27T20:05:03.673+0300: 400.779: [Full GC (Allocation Failure) 2016-06-27T20:05:03.673+0300: 400.780: [Tenured: 3494722K->3494748K(3495296K), 0.5620601 secs] 5066928K->3900767K(5068160K), [Metaspace: 9025K->9025K(1058816K)], 0.5622261 secs] [Times: user=0.56 sys=0.00, real=0.56 secs] 
2016-06-27T20:05:04.236+0300: 401.342: Total time for which application threads were stopped: 0.5639097 seconds, Stopping threads took: 0.0012757 seconds
2016-06-27T20:05:05.238+0300: 402.344: Total time for which application threads were stopped: 0.0018154 seconds, Stopping threads took: 0.0014365 seconds
2016-06-27T20:05:05.341+0300: 402.447: Total time for which application threads were stopped: 0.0024475 seconds, Stopping threads took: 0.0013061 seconds
2016-06-27T20:05:05.752+0300: 402.859: [Full GC (Allocation Failure) 2016-06-27T20:05:05.752+0300: 402.859: [Tenured: 3494748K->3494744K(3495296K), 0.6731459 secs] 5066939K->3611751K(5068160K), [Metaspace: 9025K->9025K(1058816K)], 0.6733409 secs] [Times: user=0.67 sys=0.00, real=0.67 secs] 
2016-06-27T20:05:06.426+0300: 403.532: Total time for which application threads were stopped: 0.6744738 seconds, Stopping threads took: 0.0007420 seconds
2016-06-27T20:05:06.437+0300: 403.543: Total time for which application threads were stopped: 0.0009212 seconds, Stopping threads took: 0.0000731 seconds
2016-06-27T20:05:07.344+0300: 404.450: Total time for which application threads were stopped: 0.0033075 seconds, Stopping threads took: 0.0021550 seconds
2016-06-27T20:05:08.258+0300: 405.364: [Full GC (Allocation Failure) 2016-06-27T20:05:08.258+0300: 405.364: [Tenured: 3494744K->3494753K(3495296K), 0.6039720 secs] 5066958K->3816773K(5068160K), [Metaspace: 9025K->9025K(1058816K)], 0.6041452 secs] [Times: user=0.59 sys=0.00, real=0.60 secs] 
2016-06-27T20:05:08.862+0300: 405.968: Total time for which application threads were stopped: 0.6071272 seconds, Stopping threads took: 0.0025065 seconds
2016-06-27T20:05:08.865+0300: 405.971: Total time for which application threads were stopped: 0.0012813 seconds, Stopping threads took: 0.0000697 seconds
2016-06-27T20:05:09.342+0300: 406.448: Total time for which application threads were stopped: 0.0017457 seconds, Stopping threads took: 0.0005957 seconds
2016-06-27T20:05:10.344+0300: 407.450: Total time for which application threads were stopped: 0.0034841 seconds, Stopping threads took: 0.0022401 seconds
2016-06-27T20:05:10.560+0300: 407.666: [Full GC (Allocation Failure) 2016-06-27T20:05:10.560+0300: 407.666: [Tenured: 3494753K->3494774K(3495296K), 0.6589833 secs] 5066970K->3956801K(5068160K), [Metaspace: 9025K->9025K(1058816K)], 0.6591347 secs] [Times: user=0.66 sys=0.00, real=0.66 secs] 
2016-06-27T20:05:11.219+0300: 408.326: Total time for which application threads were stopped: 0.6608487 seconds, Stopping threads took: 0.0013659 seconds
2016-06-27T20:05:12.221+0300: 409.327: Total time for which application threads were stopped: 0.0019612 seconds, Stopping threads took: 0.0015866 seconds
2016-06-27T20:05:12.631+0300: 409.737: [Full GC (Allocation Failure) 2016-06-27T20:05:12.631+0300: 409.738: [Tenured: 3494774K->3494767K(3495296K), 0.6122043 secs] 5066992K->3781800K(5068160K), [Metaspace: 9025K->9025K(1058816K)], 0.6123591 secs] [Times: user=0.61 sys=0.00, real=0.61 secs] 
2016-06-27T20:05:13.244+0300: 410.350: Total time for which application threads were stopped: 0.6148797 seconds, Stopping threads took: 0.0021584 seconds
2016-06-27T20:05:14.247+0300: 411.352: Total time for which application threads were stopped: 0.0026207 seconds, Stopping threads took: 0.0022507 seconds
2016-06-27T20:05:14.344+0300: 411.450: Total time for which application threads were stopped: 0.0021417 seconds, Stopping threads took: 0.0007788 seconds
2016-06-27T20:05:14.910+0300: 412.016: [Full GC (Allocation Failure) 2016-06-27T20:05:14.910+0300: 412.016: [Tenured: 3494767K->3494788K(3495296K), 0.6262900 secs] 5066936K->3776799K(5068160K), [Metaspace: 9025K->9025K(1058816K)], 0.6264794 secs] [Times: user=0.63 sys=0.01, real=0.63 secs] 
2016-06-27T20:05:15.536+0300: 412.643: Total time for which application threads were stopped: 0.6279531 seconds, Stopping threads took: 0.0010867 seconds
2016-06-27T20:05:15.560+0300: 412.666: Total time for which application threads were stopped: 0.0006744 seconds, Stopping threads took: 0.0000706 seconds
2016-06-27T20:05:16.563+0300: 413.669: Total time for which application threads were stopped: 0.0031574 seconds, Stopping threads took: 0.0027913 seconds
2016-06-27T20:05:17.185+0300: 414.291: [Full GC (Allocation Failure) 2016-06-27T20:05:17.185+0300: 414.291: [Tenured: 3494788K->3494801K(3495296K), 0.5613237 secs] 5066936K->3971823K(5068160K), [Metaspace: 9025K->9025K(1058816K)], 0.5615055 secs] [Times: user=0.56 sys=0.00, real=0.56 secs] 
2016-06-27T20:05:17.746+0300: 414.852: Total time for which application threads were stopped: 0.5665116 seconds, Stopping threads took: 0.0045930 seconds
2016-06-27T20:05:18.751+0300: 415.857: Total time for which application threads were stopped: 0.0038540 seconds, Stopping threads took: 0.0034324 seconds
2016-06-27T20:05:18.752+0300: 415.858: Total time for which application threads were stopped: 0.0004204 seconds, Stopping threads took: 0.0000513 seconds
2016-06-27T20:05:19.159+0300: 416.265: [Full GC (Allocation Failure) 2016-06-27T20:05:19.159+0300: 416.265: [Tenured: 3494801K->3494786K(3495296K), 0.5823143 secs] 5067022K->3905830K(5068160K), [Metaspace: 9026K->9026K(1058816K)], 0.5824917 secs] [Times: user=0.59 sys=0.00, real=0.58 secs] 
2016-06-27T20:05:19.741+0300: 416.848: Total time for which application threads were stopped: 0.5851402 seconds, Stopping threads took: 0.0022785 seconds
2016-06-27T20:05:21.116+0300: 418.222: [Full GC (Allocation Failure) 2016-06-27T20:05:21.116+0300: 418.222: [Tenured: 3494786K->3494803K(3495296K), 0.5828946 secs] 5067007K->3866847K(5068160K), [Metaspace: 9026K->9026K(1058816K)], 0.5830520 secs] [Times: user=0.58 sys=0.00, real=0.58 secs] 
2016-06-27T20:05:21.699+0300: 418.805: Total time for which application threads were stopped: 0.5881971 seconds, Stopping threads took: 0.0046371 seconds
2016-06-27T20:05:21.732+0300: 418.839: Total time for which application threads were stopped: 0.0014540 seconds, Stopping threads took: 0.0002673 seconds
2016-06-27T20:05:23.245+0300: 420.351: [Full GC (Allocation Failure) 2016-06-27T20:05:23.245+0300: 420.351: [Tenured: 3494803K->3494815K(3495296K), 0.6049859 secs] 5066846K->3803847K(5068160K), [Metaspace: 9026K->9026K(1058816K)], 0.6051497 secs] [Times: user=0.61 sys=0.00, real=0.61 secs] 
2016-06-27T20:05:23.850+0300: 420.956: Total time for which application threads were stopped: 0.6114384 seconds, Stopping threads took: 0.0057541 seconds
2016-06-27T20:05:23.885+0300: 420.992: Total time for which application threads were stopped: 0.0014309 seconds, Stopping threads took: 0.0003306 seconds
2016-06-27T20:05:24.346+0300: 421.453: Total time for which application threads were stopped: 0.0024000 seconds, Stopping threads took: 0.0009242 seconds
2016-06-27T20:05:25.350+0300: 422.457: Total time for which application threads were stopped: 0.0060907 seconds, Stopping threads took: 0.0049351 seconds
2016-06-27T20:05:25.585+0300: 422.690: [Full GC (Allocation Failure) 2016-06-27T20:05:25.585+0300: 422.691: [Tenured: 3494815K->3494836K(3495296K), 0.5666655 secs] 5067017K->3757867K(5068160K), [Metaspace: 9027K->9027K(1058816K)], 0.5668841 secs] [Times: user=0.56 sys=0.00, real=0.57 secs] 
2016-06-27T20:05:26.152+0300: 423.257: Total time for which application threads were stopped: 0.5688389 seconds, Stopping threads took: 0.0015768 seconds
2016-06-27T20:05:27.153+0300: 424.260: Total time for which application threads were stopped: 0.0020057 seconds, Stopping threads took: 0.0015776 seconds
2016-06-27T20:05:27.348+0300: 424.454: Total time for which application threads were stopped: 0.0033195 seconds, Stopping threads took: 0.0022084 seconds
2016-06-27T20:05:27.824+0300: 424.930: [Full GC (Allocation Failure) 2016-06-27T20:05:27.824+0300: 424.930: [Tenured: 3494836K->3494861K(3495296K), 0.6360144 secs] 5067023K->3791871K(5068160K), [Metaspace: 9027K->9027K(1058816K)], 0.6361598 secs] [Times: user=0.64 sys=0.00, real=0.64 secs] 
2016-06-27T20:05:28.460+0300: 425.566: Total time for which application threads were stopped: 0.6397025 seconds, Stopping threads took: 0.0031578 seconds
2016-06-27T20:05:28.714+0300: 425.820: Total time for which application threads were stopped: 0.0013890 seconds, Stopping threads took: 0.0005658 seconds
2016-06-27T20:05:29.351+0300: 426.457: Total time for which application threads were stopped: 0.0048590 seconds, Stopping threads took: 0.0034969 seconds
2016-06-27T20:05:30.351+0300: 427.457: Total time for which application threads were stopped: 0.0038134 seconds, Stopping threads took: 0.0023149 seconds
2016-06-27T20:05:30.525+0300: 427.631: [Full GC (Allocation Failure) 2016-06-27T20:05:30.525+0300: 427.631: [Tenured: 3494861K->3494862K(3495296K), 0.7121193 secs] 5067065K->3869893K(5068160K), [Metaspace: 9027K->9027K(1058816K)], 0.7122921 secs] [Times: user=0.70 sys=0.00, real=0.71 secs] 
2016-06-27T20:05:31.238+0300: 428.343: Total time for which application threads were stopped: 0.7146049 seconds, Stopping threads took: 0.0019095 seconds
2016-06-27T20:05:32.240+0300: 429.347: Total time for which application threads were stopped: 0.0029795 seconds, Stopping threads took: 0.0025989 seconds
2016-06-27T20:05:32.751+0300: 429.857: [Full GC (Allocation Failure) 2016-06-27T20:05:32.751+0300: 429.857: [Tenured: 3494862K->3494869K(3495296K), 0.5791689 secs] 5067071K->3732889K(5068160K), [Metaspace: 9027K->9027K(1058816K)], 0.5793130 secs] [Times: user=0.58 sys=0.00, real=0.58 secs] 
2016-06-27T20:05:33.330+0300: 430.436: Total time for which application threads were stopped: 0.5830447 seconds, Stopping threads took: 0.0033455 seconds
2016-06-27T20:05:34.333+0300: 431.439: Total time for which application threads were stopped: 0.0026425 seconds, Stopping threads took: 0.0022785 seconds
2016-06-27T20:05:34.349+0300: 431.456: Total time for which application threads were stopped: 0.0017803 seconds, Stopping threads took: 0.0006128 seconds
2016-06-27T20:05:35.058+0300: 432.165: [Full GC (Allocation Failure) 2016-06-27T20:05:35.059+0300: 432.165: [Tenured: 3494869K->3494886K(3495296K), 0.5900266 secs] 5067051K->3862903K(5068160K), [Metaspace: 9028K->9028K(1058816K)], 0.5901831 secs] [Times: user=0.59 sys=0.00, real=0.59 secs] 
2016-06-27T20:05:35.649+0300: 432.755: Total time for which application threads were stopped: 0.5933516 seconds, Stopping threads took: 0.0027597 seconds
2016-06-27T20:05:35.651+0300: 432.757: Total time for which application threads were stopped: 0.0007180 seconds, Stopping threads took: 0.0000748 seconds
2016-06-27T20:05:35.660+0300: 432.766: Total time for which application threads were stopped: 0.0003866 seconds, Stopping threads took: 0.0000834 seconds
2016-06-27T20:05:36.353+0300: 433.459: Total time for which application threads were stopped: 0.0048462 seconds, Stopping threads took: 0.0037522 seconds
2016-06-27T20:05:37.240+0300: 434.346: [Full GC (Allocation Failure) 2016-06-27T20:05:37.240+0300: 434.346: [Tenured: 3494886K->3494892K(3495296K), 0.6153412 secs] 5067071K->3926911K(5068160K), [Metaspace: 9031K->9031K(1058816K)], 0.6154742 secs] [Times: user=0.61 sys=0.00, real=0.62 secs] 
2016-06-27T20:05:37.856+0300: 434.962: Total time for which application threads were stopped: 0.6240798 seconds, Stopping threads took: 0.0081592 seconds
2016-06-27T20:05:37.859+0300: 434.965: Total time for which application threads were stopped: 0.0012145 seconds, Stopping threads took: 0.0000817 seconds
2016-06-27T20:05:38.352+0300: 435.458: Total time for which application threads were stopped: 0.0029089 seconds, Stopping threads took: 0.0017932 seconds
2016-06-27T20:05:39.342+0300: 436.448: [Full GC (Allocation Failure) 2016-06-27T20:05:39.342+0300: 436.448: [Tenured: 3494892K->3494898K(3495296K), 0.5892594 secs] 5067107K->3905919K(5068160K), [Metaspace: 9034K->9034K(1058816K)], 0.5894313 secs] [Times: user=0.58 sys=0.00, real=0.59 secs] 
2016-06-27T20:05:39.931+0300: 437.037: Total time for which application threads were stopped: 0.5955938 seconds, Stopping threads took: 0.0056938 seconds
2016-06-27T20:05:39.934+0300: 437.040: Total time for which application threads were stopped: 0.0008656 seconds, Stopping threads took: 0.0001112 seconds
2016-06-27T20:05:40.937+0300: 438.043: Total time for which application threads were stopped: 0.0030693 seconds, Stopping threads took: 0.0026985 seconds
2016-06-27T20:05:41.354+0300: 438.460: Total time for which application threads were stopped: 0.0042556 seconds, Stopping threads took: 0.0033327 seconds
2016-06-27T20:05:41.504+0300: 438.610: [Full GC (Allocation Failure) 2016-06-27T20:05:41.504+0300: 438.610: [Tenured: 3494898K->3494906K(3495296K), 0.5791428 secs] 5067114K->3774928K(5068160K), [Metaspace: 9034K->9034K(1058816K)], 0.5793044 secs] [Times: user=0.59 sys=0.00, real=0.58 secs] 
2016-06-27T20:05:42.083+0300: 439.189: Total time for which application threads were stopped: 0.5846873 seconds, Stopping threads took: 0.0050651 seconds
2016-06-27T20:05:43.086+0300: 440.192: Total time for which application threads were stopped: 0.0019120 seconds, Stopping threads took: 0.0015297 seconds
2016-06-27T20:05:43.353+0300: 440.459: Total time for which application threads were stopped: 0.0025287 seconds, Stopping threads took: 0.0013484 seconds
2016-06-27T20:05:43.709+0300: 440.815: [Full GC (Allocation Failure) 2016-06-27T20:05:43.709+0300: 440.815: [Tenured: 3494906K->3494919K(3495296K), 0.5863932 secs] 5067080K->3963946K(5068160K), [Metaspace: 9034K->9034K(1058816K)], 0.5865498 secs] [Times: user=0.58 sys=0.00, real=0.59 secs] 
2016-06-27T20:05:44.295+0300: 441.401: Total time for which application threads were stopped: 0.5878498 seconds, Stopping threads took: 0.0009028 seconds
2016-06-27T20:05:44.679+0300: 441.785: Total time for which application threads were stopped: 0.0020254 seconds, Stopping threads took: 0.0012620 seconds
2016-06-27T20:05:45.353+0300: 442.459: Total time for which application threads were stopped: 0.0022815 seconds, Stopping threads took: 0.0013073 seconds
2016-06-27T20:05:45.673+0300: 442.780: [Full GC (Allocation Failure) 2016-06-27T20:05:45.680+0300: 442.786: [Tenured: 3494919K->3494928K(3495296K), 0.5720788 secs] 5067108K->3931950K(5068160K), [Metaspace: 9040K->9040K(1058816K)], 0.5783161 secs] [Times: user=0.56 sys=0.00, real=0.58 secs] 
2016-06-27T20:05:46.252+0300: 443.358: Total time for which application threads were stopped: 0.5796846 seconds, Stopping threads took: 0.0009353 seconds
2016-06-27T20:05:46.352+0300: 443.458: Total time for which application threads were stopped: 0.0009686 seconds, Stopping threads took: 0.0002703 seconds
2016-06-27T20:05:47.354+0300: 444.460: Total time for which application threads were stopped: 0.0030582 seconds, Stopping threads took: 0.0018697 seconds
2016-06-27T20:05:47.363+0300: 444.469: Total time for which application threads were stopped: 0.0005371 seconds, Stopping threads took: 0.0001095 seconds
2016-06-27T20:05:47.753+0300: 444.859: [Full GC (Allocation Failure) 2016-06-27T20:05:47.753+0300: 444.859: [Tenured: 3494928K->3494907K(3495296K), 0.5736000 secs] 5067124K->3883959K(5068160K), [Metaspace: 9046K->9046K(1058816K)], 0.5738005 secs] [Times: user=0.58 sys=0.00, real=0.57 secs] 
2016-06-27T20:05:48.326+0300: 445.433: Total time for which application threads were stopped: 0.5747957 seconds, Stopping threads took: 0.0006278 seconds
2016-06-27T20:05:48.360+0300: 445.466: Total time for which application threads were stopped: 0.0007638 seconds, Stopping threads took: 0.0000701 seconds
2016-06-27T20:05:49.355+0300: 446.461: Total time for which application threads were stopped: 0.0031655 seconds, Stopping threads took: 0.0017880 seconds
2016-06-27T20:05:49.845+0300: 446.951: [Full GC (Allocation Failure) 2016-06-27T20:05:49.845+0300: 446.952: [Tenured: 3494907K->3494925K(3495296K), 0.5928059 secs] 5067104K->3820944K(5068160K), [Metaspace: 9046K->9046K(1058816K)], 0.5930223 secs] [Times: user=0.59 sys=0.00, real=0.59 secs] 
2016-06-27T20:05:50.438+0300: 447.544: Total time for which application threads were stopped: 0.5942723 seconds, Stopping threads took: 0.0008917 seconds
2016-06-27T20:05:50.441+0300: 447.547: Total time for which application threads were stopped: 0.0006269 seconds, Stopping threads took: 0.0001193 seconds
2016-06-27T20:05:51.355+0300: 448.461: Total time for which application threads were stopped: 0.0025078 seconds, Stopping threads took: 0.0013202 seconds
2016-06-27T20:05:52.059+0300: 449.165: [Full GC (Allocation Failure) 2016-06-27T20:05:52.059+0300: 449.165: [Tenured: 3494925K->3494934K(3495296K), 0.5325571 secs] 5067146K->3864956K(5068160K), [Metaspace: 9048K->9048K(1058816K)], 0.5327162 secs] [Times: user=0.53 sys=0.00, real=0.53 secs] 
2016-06-27T20:05:52.592+0300: 449.698: Total time for which application threads were stopped: 0.5352791 seconds, Stopping threads took: 0.0021635 seconds
2016-06-27T20:05:52.594+0300: 449.700: Total time for which application threads were stopped: 0.0007279 seconds, Stopping threads took: 0.0001014 seconds
2016-06-27T20:05:53.355+0300: 450.461: Total time for which application threads were stopped: 0.0023149 seconds, Stopping threads took: 0.0011363 seconds
2016-06-27T20:05:54.165+0300: 451.271: [Full GC (Allocation Failure) 2016-06-27T20:05:54.165+0300: 451.271: [Tenured: 3494934K->3494948K(3495296K), 0.6017533 secs] 5067136K->3937971K(5068160K), [Metaspace: 9048K->9048K(1058816K)], 0.6019342 secs] [Times: user=0.59 sys=0.00, real=0.60 secs] 
2016-06-27T20:05:54.767+0300: 451.873: Total time for which application threads were stopped: 0.6074261 seconds, Stopping threads took: 0.0050288 seconds
2016-06-27T20:05:54.770+0300: 451.876: Total time for which application threads were stopped: 0.0010905 seconds, Stopping threads took: 0.0000744 seconds
2016-06-27T20:05:55.355+0300: 452.461: Total time for which application threads were stopped: 0.0021169 seconds, Stopping threads took: 0.0010465 seconds
2016-06-27T20:05:56.329+0300: 453.435: [Full GC (Allocation Failure) 2016-06-27T20:05:56.329+0300: 453.435: [Tenured: 3494948K->3494951K(3495296K), 0.6450465 secs] 5067132K->3864971K(5068160K), [Metaspace: 9049K->9049K(1058816K)], 0.6452021 secs] [Times: user=0.66 sys=0.00, real=0.64 secs] 
2016-06-27T20:05:56.974+0300: 454.080: Total time for which application threads were stopped: 0.6494415 seconds, Stopping threads took: 0.0035919 seconds
2016-06-27T20:05:57.008+0300: 454.114: Total time for which application threads were stopped: 0.0010606 seconds, Stopping threads took: 0.0002181 seconds
2016-06-27T20:05:58.360+0300: 455.466: Total time for which application threads were stopped: 0.0065440 seconds, Stopping threads took: 0.0051404 seconds
2016-06-27T20:05:58.670+0300: 455.776: [Full GC (Allocation Failure) 2016-06-27T20:05:58.670+0300: 455.776: [Tenured: 3494951K->3494952K(3495296K), 0.5954411 secs] 5067173K->3724208K(5068160K), [Metaspace: 9049K->9049K(1058816K)], 0.5956237 secs] [Times: user=0.59 sys=0.00, real=0.60 secs] 
2016-06-27T20:05:59.265+0300: 456.371: Total time for which application threads were stopped: 0.6001231 seconds, Stopping threads took: 0.0041440 seconds
2016-06-27T20:06:00.268+0300: 457.374: Total time for which application threads were stopped: 0.0030475 seconds, Stopping threads took: 0.0026870 seconds
2016-06-27T20:06:01.089+0300: 458.195: [Full GC (Allocation Failure) 2016-06-27T20:06:01.089+0300: 458.195: [Tenured: 3494952K->3495208K(3495296K), 0.6534537 secs] 5067155K->3889230K(5068160K), [Metaspace: 9049K->9049K(1058816K)], 0.6536333 secs] [Times: user=0.66 sys=0.00, real=0.65 secs] 
2016-06-27T20:06:01.743+0300: 458.849: Total time for which application threads were stopped: 0.6617896 seconds, Stopping threads took: 0.0076636 seconds
2016-06-27T20:06:02.626+0300: 459.732: Total time for which application threads were stopped: 0.0019702 seconds, Stopping threads took: 0.0015622 seconds
2016-06-27T20:06:03.324+0300: 460.430: [Full GC (Allocation Failure) 2016-06-27T20:06:03.324+0300: 460.430: [Tenured: 3495208K->3494977K(3495296K), 0.5724757 secs] 5067403K->3882004K(5068160K), [Metaspace: 9049K->9049K(1058816K)], 0.5726420 secs] [Times: user=0.58 sys=0.00, real=0.57 secs] 
2016-06-27T20:06:03.897+0300: 461.002: Total time for which application threads were stopped: 0.5774236 seconds, Stopping threads took: 0.0043946 seconds
2016-06-27T20:06:03.919+0300: 461.025: Total time for which application threads were stopped: 0.0006842 seconds, Stopping threads took: 0.0000748 seconds
2016-06-27T20:06:04.356+0300: 461.463: Total time for which application threads were stopped: 0.0014604 seconds, Stopping threads took: 0.0006466 seconds
2016-06-27T20:06:05.361+0300: 462.466: Total time for which application threads were stopped: 0.0045746 seconds, Stopping threads took: 0.0031005 seconds
2016-06-27T20:06:05.598+0300: 462.704: [Full GC (Allocation Failure) 2016-06-27T20:06:05.598+0300: 462.704: [Tenured: 3494977K->3494978K(3495296K), 0.6188317 secs] 5067209K->3812015K(5068160K), [Metaspace: 9049K->9049K(1058816K)], 0.6190019 secs] [Times: user=0.61 sys=0.00, real=0.62 secs] 
2016-06-27T20:06:06.217+0300: 463.323: Total time for which application threads were stopped: 0.6212924 seconds, Stopping threads took: 0.0019095 seconds
2016-06-27T20:06:07.219+0300: 464.325: Total time for which application threads were stopped: 0.0020279 seconds, Stopping threads took: 0.0016679 seconds
2016-06-27T20:06:07.880+0300: 464.986: [Full GC (Allocation Failure) 2016-06-27T20:06:07.880+0300: 464.987: [Tenured: 3494978K->3494994K(3495296K), 0.5838615 secs] 5067186K->3800016K(5068160K), [Metaspace: 9049K->9049K(1058816K)], 0.5840343 secs] [Times: user=0.58 sys=0.00, real=0.58 secs] 
2016-06-27T20:06:08.464+0300: 465.571: Total time for which application threads were stopped: 0.5890780 seconds, Stopping threads took: 0.0046114 seconds
2016-06-27T20:06:09.466+0300: 466.572: Total time for which application threads were stopped: 0.0019005 seconds, Stopping threads took: 0.0015113 seconds
2016-06-27T20:06:10.208+0300: 467.314: [Full GC (Allocation Failure) 2016-06-27T20:06:10.208+0300: 467.314: [Tenured: 3494994K->3494992K(3495296K), 0.6069608 secs] 5067192K->3983033K(5068160K), [Metaspace: 9049K->9049K(1058816K)], 0.6071242 secs] [Times: user=0.59 sys=0.00, real=0.61 secs] 
2016-06-27T20:06:10.815+0300: 467.921: Total time for which application threads were stopped: 0.6107606 seconds, Stopping threads took: 0.0031741 seconds
2016-06-27T20:06:10.818+0300: 467.924: Total time for which application threads were stopped: 0.0012718 seconds, Stopping threads took: 0.0001356 seconds
2016-06-27T20:06:11.359+0300: 468.465: Total time for which application threads were stopped: 0.0019959 seconds, Stopping threads took: 0.0010649 seconds
2016-06-27T20:06:12.298+0300: 469.404: [Full GC (Allocation Failure) 2016-06-27T20:06:12.298+0300: 469.404: [Tenured: 3494992K->3495000K(3495296K), 0.5644349 secs] 5067200K->3874035K(5068160K), [Metaspace: 9049K->9049K(1058816K)], 0.5645948 secs] [Times: user=0.56 sys=0.00, real=0.56 secs] 
2016-06-27T20:06:12.862+0300: 469.969: Total time for which application threads were stopped: 0.5705281 seconds, Stopping threads took: 0.0053966 seconds
2016-06-27T20:06:12.867+0300: 469.973: Total time for which application threads were stopped: 0.0008442 seconds, Stopping threads took: 0.0001155 seconds
2016-06-27T20:06:14.371+0300: 471.477: [Full GC (Allocation Failure) 2016-06-27T20:06:14.371+0300: 471.477: [Tenured: 3495000K->3494994K(3495296K), 0.8491937 secs] 5067224K->4017050K(5068160K), [Metaspace: 9049K->9049K(1058816K)], 0.8494109 secs] [Times: user=0.84 sys=0.00, real=0.85 secs] 
2016-06-27T20:06:15.221+0300: 472.327: Total time for which application threads were stopped: 0.8584186 seconds, Stopping threads took: 0.0083264 seconds
2016-06-27T20:06:15.370+0300: 472.476: Total time for which application threads were stopped: 0.0027066 seconds, Stopping threads took: 0.0009507 seconds
2016-06-27T20:06:16.370+0300: 473.476: Total time for which application threads were stopped: 0.0110955 seconds, Stopping threads took: 0.0096073 seconds
2016-06-27T20:06:16.904+0300: 474.010: [Full GC (Allocation Failure) 2016-06-27T20:06:16.904+0300: 474.010: [Tenured: 3494994K->3495024K(3495296K), 0.6519317 secs] 5067188K->3720041K(5068160K), [Metaspace: 9049K->9049K(1058816K)], 0.6521665 secs] [Times: user=0.66 sys=0.00, real=0.65 secs] 
2016-06-27T20:06:17.556+0300: 474.662: Total time for which application threads were stopped: 0.6583149 seconds, Stopping threads took: 0.0056861 seconds
2016-06-27T20:06:17.559+0300: 474.665: Total time for which application threads were stopped: 0.0009331 seconds, Stopping threads took: 0.0000813 seconds
2016-06-27T20:06:18.363+0300: 475.470: Total time for which application threads were stopped: 0.0044737 seconds, Stopping threads took: 0.0031809 seconds
2016-06-27T20:06:19.476+0300: 476.582: [Full GC (Allocation Failure) 2016-06-27T20:06:19.476+0300: 476.582: [Tenured: 3495024K->3495053K(3495296K), 0.8084570 secs] 5067214K->4079074K(5068160K), [Metaspace: 9050K->9050K(1058816K)], 0.8086367 secs] [Times: user=0.80 sys=0.00, real=0.80 secs] 
2016-06-27T20:06:20.278+0300: 477.390: Total time for which application threads were stopped: 0.8200794 seconds, Stopping threads took: 0.0108971 seconds
2016-06-27T20:06:21.285+0300: 478.391: Total time for which application threads were stopped: 0.0067193 seconds, Stopping threads took: 0.0062771 seconds
2016-06-27T20:06:21.714+0300: 478.819: [Full GC (Allocation Failure) 2016-06-27T20:06:21.714+0300: 478.819: [Tenured: 3495053K->3495026K(3495296K), 0.5919070 secs] 5067212K->3906074K(5068160K), [Metaspace: 9050K->9050K(1058816K)], 0.5920943 secs] [Times: user=0.58 sys=0.00, real=0.58 secs] 
2016-06-27T20:06:22.293+0300: 479.411: Total time for which application threads were stopped: 0.5997934 seconds, Stopping threads took: 0.0071606 seconds
2016-06-27T20:06:23.434+0300: 480.540: Total time for which application threads were stopped: 0.0050921 seconds, Stopping threads took: 0.0046238 seconds
2016-06-27T20:06:23.803+0300: 480.909: [Full GC (Allocation Failure) 2016-06-27T20:06:23.803+0300: 480.909: [Tenured: 3495026K->3495036K(3495296K), 0.5913664 secs] 5067199K->3972091K(5068160K), [Metaspace: 9050K->9050K(1058816K)], 0.5915430 secs] [Times: user=0.58 sys=0.00, real=0.59 secs] 
2016-06-27T20:06:24.395+0300: 481.501: Total time for which application threads were stopped: 0.5967425 seconds, Stopping threads took: 0.0048051 seconds
2016-06-27T20:06:25.768+0300: 482.874: [Full GC (Allocation Failure) 2016-06-27T20:06:25.768+0300: 482.874: [Tenured: 3495036K->3495050K(3495296K), 0.6484574 secs] 5067229K->3937100K(5068160K), [Metaspace: 9050K->9050K(1058816K)], 0.6486229 secs] [Times: user=0.66 sys=0.00, real=0.65 secs] 
2016-06-27T20:06:26.417+0300: 483.522: Total time for which application threads were stopped: 0.6536008 seconds, Stopping threads took: 0.0045443 seconds
2016-06-27T20:06:27.364+0300: 484.470: Total time for which application threads were stopped: 0.0106037 seconds, Stopping threads took: 0.0092527 seconds
2016-06-27T20:06:27.674+0300: 484.780: Total time for which application threads were stopped: 0.0070879 seconds, Stopping threads took: 0.0061642 seconds
2016-06-27T20:06:27.900+0300: 485.005: [Full GC (Allocation Failure) 2016-06-27T20:06:27.900+0300: 485.006: [Tenured: 3495050K->3495069K(3495296K), 0.5530323 secs] 5067274K->3957414K(5068160K), [Metaspace: 9050K->9050K(1058816K)], 0.5532154 secs] [Times: user=0.55 sys=0.00, real=0.55 secs] 
2016-06-27T20:06:28.452+0300: 485.559: Total time for which application threads were stopped: 0.5579251 seconds, Stopping threads took: 0.0043120 seconds
2016-06-27T20:06:29.491+0300: 486.597: Total time for which application threads were stopped: 0.0052901 seconds, Stopping threads took: 0.0049146 seconds
2016-06-27T20:06:29.771+0300: 486.878: Total time for which application threads were stopped: 0.0039481 seconds, Stopping threads took: 0.0030907 seconds
2016-06-27T20:06:29.895+0300: 487.001: [Full GC (Allocation Failure) 2016-06-27T20:06:29.895+0300: 487.001: [Tenured: 3495069K->3495070K(3495296K), 0.5682017 secs] 5067301K->3881113K(5068160K), [Metaspace: 9052K->9052K(1058816K)], 0.5683753 secs] [Times: user=0.56 sys=0.02, real=0.57 secs] 
2016-06-27T20:06:30.463+0300: 487.569: Total time for which application threads were stopped: 0.5698460 seconds, Stopping threads took: 0.0011294 seconds
2016-06-27T20:06:31.496+0300: 488.602: Total time for which application threads were stopped: 0.0019090 seconds, Stopping threads took: 0.0015383 seconds
2016-06-27T20:06:31.770+0300: 488.877: Total time for which application threads were stopped: 0.0026155 seconds, Stopping threads took: 0.0018513 seconds
2016-06-27T20:06:31.973+0300: 489.079: [Full GC (Allocation Failure) 2016-06-27T20:06:31.974+0300: 489.079: [Tenured: 3495070K->3495087K(3495296K), 0.5759089 secs] 5067291K->3950411K(5068160K), [Metaspace: 9053K->9053K(1058816K)], 0.5760816 secs] [Times: user=0.58 sys=0.00, real=0.58 secs] 
2016-06-27T20:06:32.549+0300: 489.655: Total time for which application threads were stopped: 0.5768347 seconds, Stopping threads took: 0.0003853 seconds
2016-06-27T20:06:33.554+0300: 490.660: Total time for which application threads were stopped: 0.0041902 seconds, Stopping threads took: 0.0037920 seconds
2016-06-27T20:06:33.770+0300: 490.876: Total time for which application threads were stopped: 0.0014703 seconds, Stopping threads took: 0.0007390 seconds
2016-06-27T20:06:33.989+0300: 491.095: [Full GC (Allocation Failure) 2016-06-27T20:06:33.989+0300: 491.095: [Tenured: 3495087K->3495097K(3495296K), 0.5780634 secs] 5067296K->3740421K(5068160K), [Metaspace: 9053K->9053K(1058816K)], 0.5782263 secs] [Times: user=0.59 sys=0.00, real=0.58 secs] 
2016-06-27T20:06:34.567+0300: 491.673: Total time for which application threads were stopped: 0.5812922 seconds, Stopping threads took: 0.0027297 seconds
2016-06-27T20:06:35.571+0300: 492.677: Total time for which application threads were stopped: 0.0040927 seconds, Stopping threads took: 0.0037095 seconds
2016-06-27T20:06:36.032+0300: 493.138: Total time for which application threads were stopped: 0.0019621 seconds, Stopping threads took: 0.0010473 seconds
2016-06-27T20:06:36.268+0300: 493.374: [Full GC (Allocation Failure) 2016-06-27T20:06:36.269+0300: 493.374: [Tenured: 3495097K->3495116K(3495296K), 0.5376787 secs] 5067301K->3912183K(5068160K), [Metaspace: 9053K->9053K(1058816K)], 0.5378694 secs] [Times: user=0.55 sys=0.00, real=0.54 secs] 
2016-06-27T20:06:36.806+0300: 493.912: Total time for which application threads were stopped: 0.5397267 seconds, Stopping threads took: 0.0015036 seconds
2016-06-27T20:06:37.808+0300: 494.914: Total time for which application threads were stopped: 0.0017645 seconds, Stopping threads took: 0.0013865 seconds
2016-06-27T20:06:38.267+0300: 495.373: [Full GC (Allocation Failure) 2016-06-27T20:06:38.267+0300: 495.373: [Tenured: 3495116K->3495109K(3495296K), 0.5670615 secs] 5067090K->3913145K(5068160K), [Metaspace: 9055K->9055K(1058816K)], 0.5672313 secs] [Times: user=0.58 sys=0.00, real=0.57 secs] 
2016-06-27T20:06:38.834+0300: 495.940: Total time for which application threads were stopped: 0.5694432 seconds, Stopping threads took: 0.0018411 seconds
2016-06-27T20:06:38.836+0300: 495.943: Total time for which application threads were stopped: 0.0006162 seconds, Stopping threads took: 0.0000787 seconds
2016-06-27T20:06:39.772+0300: 496.878: Total time for which application threads were stopped: 0.0027969 seconds, Stopping threads took: 0.0015323 seconds
2016-06-27T20:06:40.308+0300: 497.414: [Full GC (Allocation Failure) 2016-06-27T20:06:40.309+0300: 497.414: [Tenured: 3495109K->3495127K(3495296K), 0.5711666 secs] 5067310K->3931154K(5068160K), [Metaspace: 9058K->9058K(1058816K)], 0.5713437 secs] [Times: user=0.58 sys=0.00, real=0.57 secs] 
2016-06-27T20:06:40.879+0300: 497.986: Total time for which application threads were stopped: 0.5743364 seconds, Stopping threads took: 0.0026095 seconds
2016-06-27T20:06:40.882+0300: 497.988: Total time for which application threads were stopped: 0.0008536 seconds, Stopping threads took: 0.0002121 seconds
2016-06-27T20:06:41.773+0300: 498.878: Total time for which application threads were stopped: 0.0024094 seconds, Stopping threads took: 0.0012650 seconds
2016-06-27T20:06:41.781+0300: 498.887: Total time for which application threads were stopped: 0.0005303 seconds, Stopping threads took: 0.0001711 seconds
2016-06-27T20:06:42.337+0300: 499.443: [Full GC (Allocation Failure) 2016-06-27T20:06:42.337+0300: 499.443: [Tenured: 3495127K->3495138K(3495296K), 0.5767389 secs] 5067300K->3732149K(5068160K), [Metaspace: 9059K->9059K(1058816K)], 0.5769156 secs] [Times: user=0.58 sys=0.00, real=0.58 secs] 
2016-06-27T20:06:42.914+0300: 500.020: Total time for which application threads were stopped: 0.5786039 seconds, Stopping threads took: 0.0012813 seconds
2016-06-27T20:06:42.917+0300: 500.023: Total time for which application threads were stopped: 0.0007894 seconds, Stopping threads took: 0.0002117 seconds
2016-06-27T20:06:43.772+0300: 500.878: Total time for which application threads were stopped: 0.0018949 seconds, Stopping threads took: 0.0009597 seconds
2016-06-27T20:06:44.598+0300: 501.704: [Full GC (Allocation Failure) 2016-06-27T20:06:44.598+0300: 501.704: [Tenured: 3495138K->3495151K(3495296K), 0.5322924 secs] 5067342K->3899169K(5068160K), [Metaspace: 9059K->9059K(1058816K)], 0.5324532 secs] [Times: user=0.55 sys=0.00, real=0.53 secs] 
2016-06-27T20:06:45.131+0300: 502.237: Total time for which application threads were stopped: 0.5358141 seconds, Stopping threads took: 0.0029051 seconds
2016-06-27T20:06:45.133+0300: 502.239: Total time for which application threads were stopped: 0.0007565 seconds, Stopping threads took: 0.0001018 seconds
2016-06-27T20:06:45.774+0300: 502.880: Total time for which application threads were stopped: 0.0029795 seconds, Stopping threads took: 0.0018633 seconds
2016-06-27T20:06:46.633+0300: 503.739: [Full GC (Allocation Failure) 2016-06-27T20:06:46.633+0300: 503.739: [Tenured: 3495151K->3495155K(3495296K), 0.5369256 secs] 5067397K->3846175K(5068160K), [Metaspace: 9059K->9059K(1058816K)], 0.5370958 secs] [Times: user=0.53 sys=0.00, real=0.54 secs] 
2016-06-27T20:06:47.170+0300: 504.276: Total time for which application threads were stopped: 0.5394920 seconds, Stopping threads took: 0.0019518 seconds
2016-06-27T20:06:47.173+0300: 504.279: Total time for which application threads were stopped: 0.0009417 seconds, Stopping threads took: 0.0002741 seconds
2016-06-27T20:06:47.773+0300: 504.878: Total time for which application threads were stopped: 0.0015443 seconds, Stopping threads took: 0.0006150 seconds
2016-06-27T20:06:48.742+0300: 505.848: [Full GC (Allocation Failure) 2016-06-27T20:06:48.742+0300: 505.848: [Tenured: 3495155K->3495165K(3495296K), 0.5635381 secs] 5067343K->3864185K(5068160K), [Metaspace: 9059K->9059K(1058816K)], 0.5636938 secs] [Times: user=0.56 sys=0.00, real=0.56 secs] 
2016-06-27T20:06:49.306+0300: 506.412: Total time for which application threads were stopped: 0.5656161 seconds, Stopping threads took: 0.0014694 seconds
2016-06-27T20:06:49.308+0300: 506.414: Total time for which application threads were stopped: 0.0008587 seconds, Stopping threads took: 0.0001031 seconds
2016-06-27T20:06:50.792+0300: 507.898: Total time for which application threads were stopped: 0.0045494 seconds, Stopping threads took: 0.0027763 seconds
2016-06-27T20:06:51.120+0300: 508.226: [Full GC (Allocation Failure) 2016-06-27T20:06:51.120+0300: 508.226: [Tenured: 3495165K->3495170K(3495296K), 0.6019359 secs] 5067393K->3537174K(5068160K), [Metaspace: 9059K->9059K(1058816K)], 0.6020869 secs] [Times: user=0.59 sys=0.00, real=0.60 secs] 
2016-06-27T20:06:51.722+0300: 508.828: Total time for which application threads were stopped: 0.6037705 seconds, Stopping threads took: 0.0012231 seconds
2016-06-27T20:06:52.724+0300: 509.830: Total time for which application threads were stopped: 0.0020446 seconds, Stopping threads took: 0.0016238 seconds
2016-06-27T20:06:53.969+0300: 511.075: [Full GC (Allocation Failure) 2016-06-27T20:06:53.969+0300: 511.075: [Tenured: 3495170K->3495192K(3495296K), 0.7411763 secs] 5067376K->4054211K(5068160K), [Metaspace: 9059K->9059K(1058816K)], 0.7413765 secs] [Times: user=0.75 sys=0.00, real=0.74 secs] 
2016-06-27T20:06:54.710+0300: 511.816: Total time for which application threads were stopped: 0.7452758 seconds, Stopping threads took: 0.0032985 seconds
2016-06-27T20:06:55.712+0300: 512.818: Total time for which application threads were stopped: 0.0018090 seconds, Stopping threads took: 0.0013454 seconds
2016-06-27T20:06:55.790+0300: 512.896: Total time for which application threads were stopped: 0.0018688 seconds, Stopping threads took: 0.0003887 seconds
2016-06-27T20:06:55.972+0300: 513.078: [Full GC (Allocation Failure) 2016-06-27T20:06:55.972+0300: 513.078: [Tenured: 3495192K->3495146K(3495296K), 0.5926785 secs] 5067251K->4095220K(5068160K), [Metaspace: 9060K->9060K(1058816K)], 0.5928286 secs] [Times: user=0.58 sys=0.00, real=0.59 secs] 
2016-06-27T20:06:56.565+0300: 513.671: Total time for which application threads were stopped: 0.5939388 seconds, Stopping threads took: 0.0005282 seconds
2016-06-27T20:06:56.792+0300: 513.898: Total time for which application threads were stopped: 0.0033498 seconds, Stopping threads took: 0.0019672 seconds
2016-06-27T20:06:56.801+0300: 513.906: Total time for which application threads were stopped: 0.0005867 seconds, Stopping threads took: 0.0000736 seconds
2016-06-27T20:06:57.795+0300: 514.901: Total time for which application threads were stopped: 0.0060496 seconds, Stopping threads took: 0.0046161 seconds
2016-06-27T20:06:57.820+0300: 514.926: [Full GC (Allocation Failure) 2016-06-27T20:06:57.820+0300: 514.926: [Tenured: 3495146K->3495164K(3495296K), 0.5940735 secs] 5067175K->4103229K(5068160K), [Metaspace: 9072K->9072K(1058816K)], 0.5942604 secs] [Times: user=0.59 sys=0.00, real=0.60 secs] 
2016-06-27T20:06:58.415+0300: 515.521: Total time for which application threads were stopped: 0.5949562 seconds, Stopping threads took: 0.0000919 seconds
2016-06-27T20:06:59.074+0300: 516.181: Total time for which application threads were stopped: 0.0024201 seconds, Stopping threads took: 0.0011119 seconds
2016-06-27T20:06:59.751+0300: 516.858: [Full GC (Allocation Failure) 2016-06-27T20:06:59.751+0300: 516.858: [Tenured: 3495164K->3495194K(3495296K), 0.6476470 secs] 5067123K->3837219K(5068160K), [Metaspace: 9072K->9072K(1058816K)], 0.6478091 secs] [Times: user=0.66 sys=0.00, real=0.65 secs] 
2016-06-27T20:07:00.399+0300: 517.505: Total time for which application threads were stopped: 0.6521263 seconds, Stopping threads took: 0.0039156 seconds
2016-06-27T20:07:00.402+0300: 517.508: Total time for which application threads were stopped: 0.0006488 seconds, Stopping threads took: 0.0000766 seconds
2016-06-27T20:07:00.792+0300: 517.898: Total time for which application threads were stopped: 0.0021212 seconds, Stopping threads took: 0.0012500 seconds
2016-06-27T20:07:01.792+0300: 518.898: Total time for which application threads were stopped: 0.0026545 seconds, Stopping threads took: 0.0015430 seconds
2016-06-27T20:07:02.019+0300: 519.125: [Full GC (Allocation Failure) 2016-06-27T20:07:02.019+0300: 519.125: [Tenured: 3495194K->3495181K(3495296K), 0.5302037 secs] 5067441K->3930241K(5068160K), [Metaspace: 9072K->9072K(1058816K)], 0.5303551 secs] [Times: user=0.53 sys=0.00, real=0.53 secs] 
2016-06-27T20:07:02.549+0300: 519.655: Total time for which application threads were stopped: 0.5309902 seconds, Stopping threads took: 0.0003550 seconds
2016-06-27T20:07:03.551+0300: 520.657: Total time for which application threads were stopped: 0.0021152 seconds, Stopping threads took: 0.0016858 seconds
2016-06-27T20:07:03.980+0300: 521.087: [Full GC (Allocation Failure) 2016-06-27T20:07:03.980+0300: 521.087: [Tenured: 3495181K->3495210K(3495296K), 0.5701685 secs] 5067384K->3916251K(5068160K), [Metaspace: 9072K->9072K(1058816K)], 0.5703066 secs] [Times: user=0.56 sys=0.00, real=0.57 secs] 
2016-06-27T20:07:04.551+0300: 521.657: Total time for which application threads were stopped: 0.5722362 seconds, Stopping threads took: 0.0015631 seconds
2016-06-27T20:07:05.553+0300: 522.659: Total time for which application threads were stopped: 0.0019899 seconds, Stopping threads took: 0.0016315 seconds
2016-06-27T20:07:06.005+0300: 523.111: [Full GC (Allocation Failure) 2016-06-27T20:07:06.005+0300: 523.111: [Tenured: 3495210K->3495224K(3495296K), 0.6074449 secs] 5067384K->3924258K(5068160K), [Metaspace: 9072K->9072K(1058816K)], 0.6076280 secs] [Times: user=0.61 sys=0.02, real=0.61 secs] 
2016-06-27T20:07:06.613+0300: 523.719: Total time for which application threads were stopped: 0.6113653 seconds, Stopping threads took: 0.0033601 seconds
2016-06-27T20:07:07.967+0300: 525.073: [Full GC (Allocation Failure) 2016-06-27T20:07:07.967+0300: 525.073: [Tenured: 3495224K->3495230K(3495296K), 0.5397913 secs] 5067425K->3658244K(5068160K), [Metaspace: 9072K->9072K(1058816K)], 0.5400047 secs] [Times: user=0.55 sys=0.00, real=0.54 secs] 
2016-06-27T20:07:08.507+0300: 525.613: Total time for which application threads were stopped: 0.5437407 seconds, Stopping threads took: 0.0032369 seconds
2016-06-27T20:07:09.510+0300: 526.616: Total time for which application threads were stopped: 0.0030894 seconds, Stopping threads took: 0.0026202 seconds
2016-06-27T20:07:10.267+0300: 527.374: [Full GC (Allocation Failure) 2016-06-27T20:07:10.268+0300: 527.374: [Tenured: 3495230K->3495228K(3495296K), 0.5745271 secs] 5067404K->4002276K(5068160K), [Metaspace: 9072K->9072K(1058816K)], 0.5747255 secs] [Times: user=0.58 sys=0.00, real=0.58 secs] 
2016-06-27T20:07:10.842+0300: 527.948: Total time for which application threads were stopped: 0.5765059 seconds, Stopping threads took: 0.0012154 seconds
2016-06-27T20:07:11.719+0300: 528.825: Total time for which application threads were stopped: 0.0028409 seconds, Stopping threads took: 0.0013334 seconds
2016-06-27T20:07:11.795+0300: 528.901: Total time for which application threads were stopped: 0.0022118 seconds, Stopping threads took: 0.0008279 seconds
2016-06-27T20:07:12.235+0300: 529.341: [Full GC (Allocation Failure) 2016-06-27T20:07:12.235+0300: 529.341: [Tenured: 3495228K->3495251K(3495296K), 0.6192097 secs] 5067194K->3977289K(5068160K), [Metaspace: 9072K->9072K(1058816K)], 0.6193628 secs] [Times: user=0.63 sys=0.00, real=0.62 secs] 
2016-06-27T20:07:12.854+0300: 529.960: Total time for which application threads were stopped: 0.6214493 seconds, Stopping threads took: 0.0015062 seconds
2016-06-27T20:07:14.015+0300: 531.120: Total time for which application threads were stopped: 0.0035132 seconds, Stopping threads took: 0.0030351 seconds
2016-06-27T20:07:14.016+0300: 531.121: Total time for which application threads were stopped: 0.0009751 seconds, Stopping threads took: 0.0000453 seconds
2016-06-27T20:07:14.356+0300: 531.463: [Full GC (Allocation Failure) 2016-06-27T20:07:14.357+0300: 531.463: [Tenured: 3495251K->3495265K(3495296K), 0.5510450 secs] 5067214K->3829302K(5068160K), [Metaspace: 9072K->9072K(1058816K)], 0.5512152 secs] [Times: user=0.55 sys=0.00, real=0.55 secs] 
2016-06-27T20:07:14.908+0300: 532.014: Total time for which application threads were stopped: 0.5522044 seconds, Stopping threads took: 0.0006227 seconds
2016-06-27T20:07:14.910+0300: 532.016: Total time for which application threads were stopped: 0.0005962 seconds, Stopping threads took: 0.0000753 seconds
2016-06-27T20:07:15.796+0300: 532.902: Total time for which application threads were stopped: 0.0029435 seconds, Stopping threads took: 0.0019048 seconds
2016-06-27T20:07:15.805+0300: 532.911: Total time for which application threads were stopped: 0.0005256 seconds, Stopping threads took: 0.0001437 seconds
2016-06-27T20:07:16.471+0300: 533.577: [Full GC (Allocation Failure) 2016-06-27T20:07:16.472+0300: 533.577: [Tenured: 3495265K->3495291K(3495296K), 0.5824836 secs] 5067440K->3765305K(5068160K), [Metaspace: 9072K->9072K(1058816K)], 0.5826620 secs] [Times: user=0.59 sys=0.00, real=0.58 secs] 
2016-06-27T20:07:17.054+0300: 534.160: Total time for which application threads were stopped: 0.5841207 seconds, Stopping threads took: 0.0010490 seconds
2016-06-27T20:07:17.060+0300: 534.166: Total time for which application threads were stopped: 0.0007048 seconds, Stopping threads took: 0.0000894 seconds
2016-06-27T20:07:17.796+0300: 534.902: Total time for which application threads were stopped: 0.0021152 seconds, Stopping threads took: 0.0011029 seconds
2016-06-27T20:07:18.708+0300: 535.814: [Full GC (Allocation Failure) 2016-06-27T20:07:18.708+0300: 535.814: [Tenured: 3495291K->3494306K(3495296K), 0.5415969 secs] 5067489K->3947326K(5068160K), [Metaspace: 9072K->9072K(1058816K)], 0.5417393 secs] [Times: user=0.53 sys=0.00, real=0.54 secs] 
2016-06-27T20:07:19.250+0300: 536.355: Total time for which application threads were stopped: 0.5469494 seconds, Stopping threads took: 0.0047675 seconds
2016-06-27T20:07:19.252+0300: 536.358: Total time for which application threads were stopped: 0.0007561 seconds, Stopping threads took: 0.0000676 seconds
2016-06-27T20:07:19.796+0300: 536.902: Total time for which application threads were stopped: 0.0014391 seconds, Stopping threads took: 0.0006586 seconds
2016-06-27T20:07:20.678+0300: 537.784: [Full GC (Allocation Failure) 2016-06-27T20:07:20.684+0300: 537.790: [Tenured: 3494306K->3494304K(3495296K), 0.5376342 secs] 5066529K->3769325K(5068160K), [Metaspace: 9072K->9072K(1058816K)], 0.5438852 secs] [Times: user=0.53 sys=0.00, real=0.54 secs] 
2016-06-27T20:07:21.222+0300: 538.328: Total time for which application threads were stopped: 0.5453068 seconds, Stopping threads took: 0.0009588 seconds
2016-06-27T20:07:21.255+0300: 538.361: Total time for which application threads were stopped: 0.0008241 seconds, Stopping threads took: 0.0001120 seconds
2016-06-27T20:07:22.942+0300: 540.048: [Full GC (Allocation Failure) 2016-06-27T20:07:22.942+0300: 540.048: [Tenured: 3494304K->3495290K(3495296K), 0.6242094 secs] 5066494K->3998344K(5068160K), [Metaspace: 9072K->9072K(1058816K)], 0.6243856 secs] [Times: user=0.61 sys=0.00, real=0.63 secs] 
2016-06-27T20:07:23.567+0300: 540.673: Total time for which application threads were stopped: 0.6305755 seconds, Stopping threads took: 0.0055582 seconds
2016-06-27T20:07:24.571+0300: 541.677: Total time for which application threads were stopped: 0.0042026 seconds, Stopping threads took: 0.0037390 seconds
2016-06-27T20:07:24.996+0300: 542.102: [Full GC (Allocation Failure) 2016-06-27T20:07:24.996+0300: 542.102: [Tenured: 3495290K->3494305K(3495296K), 0.6416907 secs] 5067495K->3804340K(5068160K), [Metaspace: 9072K->9072K(1058816K)], 0.6418677 secs] [Times: user=0.64 sys=0.00, real=0.64 secs] 
2016-06-27T20:07:25.638+0300: 542.744: Total time for which application threads were stopped: 0.6462503 seconds, Stopping threads took: 0.0038053 seconds
2016-06-27T20:07:25.904+0300: 543.010: Total time for which application threads were stopped: 0.0021626 seconds, Stopping threads took: 0.0008138 seconds
2016-06-27T20:07:25.942+0300: 543.048: Total time for which application threads were stopped: 0.0011654 seconds, Stopping threads took: 0.0001775 seconds
2016-06-27T20:07:26.944+0300: 544.050: Total time for which application threads were stopped: 0.0030077 seconds, Stopping threads took: 0.0014925 seconds
2016-06-27T20:07:27.282+0300: 544.389: [Full GC (Allocation Failure) 2016-06-27T20:07:27.283+0300: 544.389: [Tenured: 3494305K->3494316K(3495296K), 0.5259742 secs] 5066520K->3786352K(5068160K), [Metaspace: 9072K->9072K(1058816K)], 0.5261778 secs] [Times: user=0.53 sys=0.00, real=0.53 secs] 
2016-06-27T20:07:27.809+0300: 544.915: Total time for which application threads were stopped: 0.5275480 seconds, Stopping threads took: 0.0007869 seconds
2016-06-27T20:07:27.942+0300: 545.048: Total time for which application threads were stopped: 0.0012381 seconds, Stopping threads took: 0.0002818 seconds
2016-06-27T20:07:28.945+0300: 546.051: Total time for which application threads were stopped: 0.0023799 seconds, Stopping threads took: 0.0019227 seconds
2016-06-27T20:07:29.433+0300: 546.540: [Full GC (Allocation Failure) 2016-06-27T20:07:29.434+0300: 546.540: [Tenured: 3494316K->3494328K(3495296K), 0.5817147 secs] 5066368K->3991364K(5068160K), [Metaspace: 9072K->9072K(1058816K)], 0.5818913 secs] [Times: user=0.58 sys=0.00, real=0.58 secs] 
2016-06-27T20:07:30.015+0300: 547.122: Total time for which application threads were stopped: 0.5848674 seconds, Stopping threads took: 0.0024184 seconds
2016-06-27T20:07:31.163+0300: 548.269: Total time for which application threads were stopped: 0.0038104 seconds, Stopping threads took: 0.0033378 seconds
2016-06-27T20:07:31.165+0300: 548.271: Total time for which application threads were stopped: 0.0016794 seconds, Stopping threads took: 0.0003011 seconds
2016-06-27T20:07:31.347+0300: 548.453: Total time for which application threads were stopped: 0.0006381 seconds, Stopping threads took: 0.0003887 seconds
2016-06-27T20:07:31.517+0300: 548.623: [Full GC (Allocation Failure) 2016-06-27T20:07:31.517+0300: 548.624: [Tenured: 3494328K->3494299K(3495296K), 0.6237497 secs] 5066298K->4068391K(5068160K), [Metaspace: 9072K->9072K(1058816K)], 0.6239285 secs] [Times: user=0.61 sys=0.00, real=0.62 secs] 
2016-06-27T20:07:32.141+0300: 549.247: Total time for which application threads were stopped: 0.6249163 seconds, Stopping threads took: 0.0006402 seconds
2016-06-27T20:07:33.143+0300: 550.249: Total time for which application threads were stopped: 0.0018954 seconds, Stopping threads took: 0.0015220 seconds
2016-06-27T20:07:33.420+0300: 550.526: [Full GC (Allocation Failure) 2016-06-27T20:07:33.420+0300: 550.526: [Tenured: 3494299K->3494322K(3495296K), 0.5652235 secs] 5066517K->3768362K(5068160K), [Metaspace: 9072K->9072K(1058816K)], 0.5654104 secs] [Times: user=0.56 sys=0.00, real=0.56 secs] 
2016-06-27T20:07:33.985+0300: 551.091: Total time for which application threads were stopped: 0.5665578 seconds, Stopping threads took: 0.0007967 seconds
2016-06-27T20:07:35.512+0300: 552.618: [Full GC (Allocation Failure) 2016-06-27T20:07:35.512+0300: 552.618: [Tenured: 3494322K->3494327K(3495296K), 0.5843371 secs] 5066522K->4046386K(5068160K), [Metaspace: 9072K->9072K(1058816K)], 0.5845180 secs] [Times: user=0.58 sys=0.00, real=0.58 secs] 
2016-06-27T20:07:36.097+0300: 553.203: Total time for which application threads were stopped: 0.5877716 seconds, Stopping threads took: 0.0026904 seconds
2016-06-27T20:07:36.946+0300: 554.053: Total time for which application threads were stopped: 0.0022644 seconds, Stopping threads took: 0.0010867 seconds
2016-06-27T20:07:37.403+0300: 554.509: [Full GC (Allocation Failure) 2016-06-27T20:07:37.403+0300: 554.509: [Tenured: 3494327K->3494325K(3495296K), 0.6265833 secs] 5066542K->4053396K(5068160K), [Metaspace: 9072K->9072K(1058816K)], 0.6267732 secs] [Times: user=0.63 sys=0.00, real=0.63 secs] 
2016-06-27T20:07:38.030+0300: 555.136: Total time for which application threads were stopped: 0.6282371 seconds, Stopping threads took: 0.0008835 seconds
2016-06-27T20:07:38.372+0300: 555.478: Total time for which application threads were stopped: 0.0014656 seconds, Stopping threads took: 0.0004507 seconds
2016-06-27T20:07:38.946+0300: 556.052: Total time for which application threads were stopped: 0.0017705 seconds, Stopping threads took: 0.0007279 seconds
2016-06-27T20:07:39.348+0300: 556.454: [Full GC (Allocation Failure) 2016-06-27T20:07:39.348+0300: 556.454: [Tenured: 3494325K->3494337K(3495296K), 0.5740755 secs] 5066548K->4026401K(5068160K), [Metaspace: 9072K->9072K(1058816K)], 0.5742688 secs] [Times: user=0.56 sys=0.00, real=0.58 secs] 
2016-06-27T20:07:39.923+0300: 557.028: Total time for which application threads were stopped: 0.5755950 seconds, Stopping threads took: 0.0007642 seconds
2016-06-27T20:07:39.946+0300: 557.052: Total time for which application threads were stopped: 0.0011743 seconds, Stopping threads took: 0.0000885 seconds
2016-06-27T20:07:40.948+0300: 558.055: Total time for which application threads were stopped: 0.0034708 seconds, Stopping threads took: 0.0019150 seconds
2016-06-27T20:07:41.287+0300: 558.393: [Full GC (Allocation Failure) 2016-06-27T20:07:41.287+0300: 558.393: [Tenured: 3494337K->3494362K(3495296K), 0.5862855 secs] 5066529K->3748389K(5068160K), [Metaspace: 9072K->9072K(1058816K)], 0.5864993 secs] [Times: user=0.58 sys=0.00, real=0.59 secs] 
2016-06-27T20:07:41.873+0300: 558.979: Total time for which application threads were stopped: 0.5913767 seconds, Stopping threads took: 0.0042992 seconds
2016-06-27T20:07:41.947+0300: 559.053: Total time for which application threads were stopped: 0.0010567 seconds, Stopping threads took: 0.0001694 seconds
2016-06-27T20:07:42.949+0300: 560.055: Total time for which application threads were stopped: 0.0031458 seconds, Stopping threads took: 0.0016935 seconds
2016-06-27T20:07:43.560+0300: 560.666: [Full GC (Allocation Failure) 2016-06-27T20:07:43.561+0300: 560.667: [Tenured: 3494362K->3494365K(3495296K), 0.6039946 secs] 5066576K->3835406K(5068160K), [Metaspace: 9072K->9072K(1058816K)], 0.6041832 secs] [Times: user=0.61 sys=0.00, real=0.61 secs] 
2016-06-27T20:07:44.165+0300: 561.271: Total time for which application threads were stopped: 0.6079402 seconds, Stopping threads took: 0.0032070 seconds
2016-06-27T20:07:44.241+0300: 561.347: Total time for which application threads were stopped: 0.0011217 seconds, Stopping threads took: 0.0001775 seconds
2016-06-27T20:07:44.948+0300: 562.054: Total time for which application threads were stopped: 0.0022602 seconds, Stopping threads took: 0.0007599 seconds
2016-06-27T20:07:45.743+0300: 562.849: [Full GC (Allocation Failure) 2016-06-27T20:07:45.743+0300: 562.849: [Tenured: 3494365K->3494371K(3495296K), 0.5674751 secs] 5066563K->3976425K(5068160K), [Metaspace: 9072K->9072K(1058816K)], 0.5676598 secs] [Times: user=0.56 sys=0.00, real=0.57 secs] 
2016-06-27T20:07:46.310+0300: 563.416: Total time for which application threads were stopped: 0.5710849 seconds, Stopping threads took: 0.0028482 seconds
2016-06-27T20:07:46.424+0300: 563.530: Total time for which application threads were stopped: 0.0016332 seconds, Stopping threads took: 0.0003199 seconds
2016-06-27T20:07:46.433+0300: 563.539: Total time for which application threads were stopped: 0.0004939 seconds, Stopping threads took: 0.0001116 seconds
2016-06-27T20:07:46.949+0300: 564.055: Total time for which application threads were stopped: 0.0022743 seconds, Stopping threads took: 0.0009485 seconds
2016-06-27T20:07:47.904+0300: 565.010: [Full GC (Allocation Failure) 2016-06-27T20:07:47.904+0300: 565.010: [Tenured: 3494371K->3494369K(3495296K), 0.6858913 secs] 5066563K->4126438K(5068160K), [Metaspace: 9072K->9072K(1058816K)], 0.6860645 secs] [Times: user=0.69 sys=0.00, real=0.69 secs] 
2016-06-27T20:07:48.590+0300: 565.696: Total time for which application threads were stopped: 0.6890209 seconds, Stopping threads took: 0.0023205 seconds
2016-06-27T20:07:48.667+0300: 565.773: Total time for which application threads were stopped: 0.0011863 seconds, Stopping threads took: 0.0002882 seconds
2016-06-27T20:07:48.949+0300: 566.055: Total time for which application threads were stopped: 0.0017414 seconds, Stopping threads took: 0.0007441 seconds
2016-06-27T20:07:49.812+0300: 566.918: [Full GC (Allocation Failure) 2016-06-27T20:07:49.812+0300: 566.918: [Tenured: 3494369K->3494353K(3495296K), 0.7346486 secs] 5066583K->3961409K(5068160K), [Metaspace: 9072K->9072K(1058816K)], 0.7348034 secs] [Times: user=0.69 sys=0.00, real=0.73 secs] 
2016-06-27T20:07:50.546+0300: 567.653: Total time for which application threads were stopped: 0.7366650 seconds, Stopping threads took: 0.0013014 seconds
2016-06-27T20:07:50.990+0300: 568.096: Total time for which application threads were stopped: 0.0021849 seconds, Stopping threads took: 0.0009319 seconds
2016-06-27T20:07:52.221+0300: 569.327: [Full GC (Allocation Failure) 2016-06-27T20:07:52.221+0300: 569.327: [Tenured: 3494353K->3494386K(3495296K), 0.5786728 secs] 5066295K->4004435K(5068160K), [Metaspace: 9072K->9072K(1058816K)], 0.5788319 secs] [Times: user=0.58 sys=0.00, real=0.58 secs] 
2016-06-27T20:07:52.800+0300: 569.906: Total time for which application threads were stopped: 0.5811703 seconds, Stopping threads took: 0.0017927 seconds
2016-06-27T20:07:53.261+0300: 570.367: Total time for which application threads were stopped: 0.0019492 seconds, Stopping threads took: 0.0006954 seconds
2016-06-27T20:07:53.952+0300: 571.057: Total time for which application threads were stopped: 0.0024736 seconds, Stopping threads took: 0.0014416 seconds
2016-06-27T20:07:54.304+0300: 571.410: [Full GC (Allocation Failure) 2016-06-27T20:07:54.304+0300: 571.410: [Tenured: 3494386K->3494402K(3495296K), 0.5544919 secs] 5066584K->3791439K(5068160K), [Metaspace: 9072K->9072K(1058816K)], 0.5546767 secs] [Times: user=0.55 sys=0.00, real=0.56 secs] 
2016-06-27T20:07:54.859+0300: 571.965: Total time for which application threads were stopped: 0.5585375 seconds, Stopping threads took: 0.0034969 seconds
2016-06-27T20:07:54.950+0300: 572.056: Total time for which application threads were stopped: 0.0007715 seconds, Stopping threads took: 0.0001976 seconds
2016-06-27T20:07:55.953+0300: 573.059: Total time for which application threads were stopped: 0.0039336 seconds, Stopping threads took: 0.0027199 seconds
2016-06-27T20:07:56.590+0300: 573.696: [Full GC (Allocation Failure) 2016-06-27T20:07:56.590+0300: 573.696: [Tenured: 3494402K->3494422K(3495296K), 0.7201152 secs] 5066598K->3770442K(5068160K), [Metaspace: 9072K->9072K(1058816K)], 0.7202884 secs] [Times: user=0.72 sys=0.00, real=0.72 secs] 
2016-06-27T20:07:57.310+0300: 574.416: Total time for which application threads were stopped: 0.7286721 seconds, Stopping threads took: 0.0079142 seconds
2016-06-27T20:07:57.313+0300: 574.419: Total time for which application threads were stopped: 0.0008959 seconds, Stopping threads took: 0.0000851 seconds
2016-06-27T20:07:57.968+0300: 575.074: Total time for which application threads were stopped: 0.0035568 seconds, Stopping threads took: 0.0024137 seconds
2016-06-27T20:07:57.977+0300: 575.083: Total time for which application threads were stopped: 0.0003990 seconds, Stopping threads took: 0.0000791 seconds
2016-06-27T20:07:58.958+0300: 576.064: Total time for which application threads were stopped: 0.0048098 seconds, Stopping threads took: 0.0038237 seconds
2016-06-27T20:07:59.159+0300: 576.266: [Full GC (Allocation Failure) 2016-06-27T20:07:59.159+0300: 576.266: [Tenured: 3494422K->3494427K(3495296K), 0.5393055 secs] 5066703K->3625448K(5068160K), [Metaspace: 9072K->9072K(1058816K)], 0.5394496 secs] [Times: user=0.55 sys=0.00, real=0.54 secs] 
2016-06-27T20:07:59.699+0300: 576.805: Total time for which application threads were stopped: 0.5402322 seconds, Stopping threads took: 0.0004576 seconds
2016-06-27T20:08:00.703+0300: 577.809: Total time for which application threads were stopped: 0.0035572 seconds, Stopping threads took: 0.0031873 seconds
2016-06-27T20:08:01.606+0300: 578.712: [Full GC (Allocation Failure) 2016-06-27T20:08:01.606+0300: 578.712: [Tenured: 3494427K->3494453K(3495296K), 0.5790530 secs] 5066605K->3932472K(5068160K), [Metaspace: 9072K->9072K(1058816K)], 0.5792411 secs] [Times: user=0.58 sys=0.00, real=0.58 secs] 
2016-06-27T20:08:02.185+0300: 579.291: Total time for which application threads were stopped: 0.5849940 seconds, Stopping threads took: 0.0053110 seconds
2016-06-27T20:08:03.578+0300: 580.684: [Full GC (Allocation Failure) 2016-06-27T20:08:03.578+0300: 580.684: [Tenured: 3494453K->3494427K(3495296K), 0.6219732 secs] 5066655K->3929474K(5068160K), [Metaspace: 9073K->9073K(1058816K)], 0.6221481 secs] [Times: user=0.64 sys=0.02, real=0.62 secs] 
2016-06-27T20:08:04.200+0300: 581.306: Total time for which application threads were stopped: 0.6329789 seconds, Stopping threads took: 0.0102573 seconds
2016-06-27T20:08:04.488+0300: 581.594: Total time for which application threads were stopped: 0.0021404 seconds, Stopping threads took: 0.0007394 seconds
2016-06-27T20:08:04.954+0300: 582.061: Total time for which application threads were stopped: 0.0028495 seconds, Stopping threads took: 0.0013984 seconds
2016-06-27T20:08:05.653+0300: 582.760: [Full GC (Allocation Failure) 2016-06-27T20:08:05.653+0300: 582.760: [Tenured: 3494427K->3494446K(3495296K), 0.5623445 secs] 5066643K->4007509K(5068160K), [Metaspace: 9073K->9073K(1058816K)], 0.5625049 secs] [Times: user=0.56 sys=0.00, real=0.56 secs] 
2016-06-27T20:08:06.216+0300: 583.322: Total time for which application threads were stopped: 0.5640513 seconds, Stopping threads took: 0.0010426 seconds
2016-06-27T20:08:06.400+0300: 583.506: Total time for which application threads were stopped: 0.0013043 seconds, Stopping threads took: 0.0003926 seconds
2016-06-27T20:08:07.402+0300: 584.508: Total time for which application threads were stopped: 0.0023722 seconds, Stopping threads took: 0.0018932 seconds
2016-06-27T20:08:07.564+0300: 584.670: [Full GC (Allocation Failure) 2016-06-27T20:08:07.564+0300: 584.670: [Tenured: 3494446K->3494465K(3495296K), 0.5704396 secs] 5066649K->3747497K(5068160K), [Metaspace: 9073K->9073K(1058816K)], 0.5705871 secs] [Times: user=0.58 sys=0.00, real=0.57 secs] 
2016-06-27T20:08:08.134+0300: 585.240: Total time for which application threads were stopped: 0.5717255 seconds, Stopping threads took: 0.0005923 seconds
2016-06-27T20:08:08.427+0300: 585.533: Total time for which application threads were stopped: 0.0016691 seconds, Stopping threads took: 0.0005033 seconds
2016-06-27T20:08:08.957+0300: 586.063: Total time for which application threads were stopped: 0.0047440 seconds, Stopping threads took: 0.0032741 seconds
2016-06-27T20:08:09.828+0300: 586.934: [Full GC (Allocation Failure) 2016-06-27T20:08:09.829+0300: 586.935: [Tenured: 3494465K->3494475K(3495296K), 0.6098924 secs] 5066670K->4009530K(5068160K), [Metaspace: 9073K->9073K(1058816K)], 0.6100763 secs] [Times: user=0.61 sys=0.00, real=0.61 secs] 
2016-06-27T20:08:10.439+0300: 587.545: Total time for which application threads were stopped: 0.6135014 seconds, Stopping threads took: 0.0028674 seconds
2016-06-27T20:08:11.236+0300: 588.342: Total time for which application threads were stopped: 0.0026403 seconds, Stopping threads took: 0.0011517 seconds
2016-06-27T20:08:11.762+0300: 588.868: [Full GC (Allocation Failure) 2016-06-27T20:08:11.762+0300: 588.868: [Tenured: 3494475K->3494487K(3495296K), 0.5468164 secs] 5066707K->3842532K(5068160K), [Metaspace: 9073K->9073K(1058816K)], 0.5469597 secs] [Times: user=0.53 sys=0.00, real=0.55 secs] 
2016-06-27T20:08:12.309+0300: 589.415: Total time for which application threads were stopped: 0.5482956 seconds, Stopping threads took: 0.0008147 seconds
2016-06-27T20:08:12.648+0300: 589.754: Total time for which application threads were stopped: 0.0019830 seconds, Stopping threads took: 0.0005761 seconds
2016-06-27T20:08:12.956+0300: 590.062: Total time for which application threads were stopped: 0.0024517 seconds, Stopping threads took: 0.0010751 seconds
2016-06-27T20:08:13.886+0300: 590.992: [Full GC (Allocation Failure) 2016-06-27T20:08:13.886+0300: 590.992: [Tenured: 3494487K->3494500K(3495296K), 0.5628979 secs] 5066689K->3849543K(5068160K), [Metaspace: 9073K->9073K(1058816K)], 0.5631284 secs] [Times: user=0.56 sys=0.00, real=0.56 secs] 
2016-06-27T20:08:14.449+0300: 591.555: Total time for which application threads were stopped: 0.5684112 seconds, Stopping threads took: 0.0046195 seconds
2016-06-27T20:08:14.561+0300: 591.667: Total time for which application threads were stopped: 0.0012363 seconds, Stopping threads took: 0.0002215 seconds
2016-06-27T20:08:14.569+0300: 591.675: Total time for which application threads were stopped: 0.0004965 seconds, Stopping threads took: 0.0000868 seconds
2016-06-27T20:08:14.955+0300: 592.061: Total time for which application threads were stopped: 0.0017773 seconds, Stopping threads took: 0.0006081 seconds
2016-06-27T20:08:15.957+0300: 593.064: Total time for which application threads were stopped: 0.0036966 seconds, Stopping threads took: 0.0022161 seconds
2016-06-27T20:08:16.013+0300: 593.119: [Full GC (Allocation Failure) 2016-06-27T20:08:16.013+0300: 593.119: [Tenured: 3494500K->3494500K(3495296K), 0.6259859 secs] 5066547K->3817539K(5068160K), [Metaspace: 9073K->9073K(1058816K)], 0.6261728 secs] [Times: user=0.63 sys=0.00, real=0.63 secs] 
2016-06-27T20:08:16.639+0300: 593.745: Total time for which application threads were stopped: 0.6276148 seconds, Stopping threads took: 0.0008758 seconds
2016-06-27T20:08:16.955+0300: 594.061: Total time for which application threads were stopped: 0.0013971 seconds, Stopping threads took: 0.0005093 seconds
2016-06-27T20:08:17.957+0300: 595.063: Total time for which application threads were stopped: 0.0028033 seconds, Stopping threads took: 0.0014070 seconds
2016-06-27T20:08:18.242+0300: 595.348: [Full GC (Allocation Failure) 2016-06-27T20:08:18.242+0300: 595.348: [Tenured: 3494500K->3494502K(3495296K), 0.5596473 secs] 5066716K->3985559K(5068160K), [Metaspace: 9073K->9073K(1058816K)], 0.5598060 secs] [Times: user=0.56 sys=0.00, real=0.56 secs] 
2016-06-27T20:08:18.802+0300: 595.908: Total time for which application threads were stopped: 0.5610735 seconds, Stopping threads took: 0.0007475 seconds
2016-06-27T20:08:18.956+0300: 596.062: Total time for which application threads were stopped: 0.0013608 seconds, Stopping threads took: 0.0003126 seconds
2016-06-27T20:08:19.959+0300: 597.065: Total time for which application threads were stopped: 0.0043612 seconds, Stopping threads took: 0.0026912 seconds
2016-06-27T20:08:20.203+0300: 597.309: [Full GC (Allocation Failure) 2016-06-27T20:08:20.203+0300: 597.309: [Tenured: 3494502K->3494509K(3495296K), 0.5861700 secs] 5066699K->4011570K(5068160K), [Metaspace: 9073K->9073K(1058816K)], 0.5863560 secs] [Times: user=0.59 sys=0.00, real=0.59 secs] 
2016-06-27T20:08:20.789+0300: 597.896: Total time for which application threads were stopped: 0.5883348 seconds, Stopping threads took: 0.0014147 seconds
2016-06-27T20:08:21.109+0300: 598.215: Total time for which application threads were stopped: 0.0021815 seconds, Stopping threads took: 0.0007501 seconds
2016-06-27T20:08:22.211+0300: 599.317: [Full GC (Allocation Failure) 2016-06-27T20:08:22.211+0300: 599.317: [Tenured: 3494509K->3494533K(3495296K), 0.6272248 secs] 5066474K->3966574K(5068160K), [Metaspace: 9073K->9073K(1058816K)], 0.6273907 secs] [Times: user=0.63 sys=0.00, real=0.63 secs] 
2016-06-27T20:08:22.838+0300: 599.944: Total time for which application threads were stopped: 0.6322562 seconds, Stopping threads took: 0.0044117 seconds
2016-06-27T20:08:22.956+0300: 600.062: Total time for which application threads were stopped: 0.0009738 seconds, Stopping threads took: 0.0002258 seconds
2016-06-27T20:08:23.960+0300: 601.066: Total time for which application threads were stopped: 0.0044639 seconds, Stopping threads took: 0.0031865 seconds
2016-06-27T20:08:24.369+0300: 601.475: [Full GC (Allocation Failure) 2016-06-27T20:08:24.369+0300: 601.475: [Tenured: 3494533K->3494551K(3495296K), 0.6234572 secs] 5066706K->3717566K(5068160K), [Metaspace: 9073K->9073K(1058816K)], 0.6236428 secs] [Times: user=0.63 sys=0.00, real=0.62 secs] 
2016-06-27T20:08:24.993+0300: 602.099: Total time for which application threads were stopped: 0.6294200 seconds, Stopping threads took: 0.0051383 seconds
2016-06-27T20:08:25.815+0300: 602.921: Total time for which application threads were stopped: 0.0041902 seconds, Stopping threads took: 0.0027601 seconds
2016-06-27T20:08:26.845+0300: 603.951: Total time for which application threads were stopped: 0.0041128 seconds, Stopping threads took: 0.0036825 seconds
2016-06-27T20:08:27.124+0300: 604.231: [Full GC (Allocation Failure) 2016-06-27T20:08:27.125+0300: 604.231: [Tenured: 3494551K->3494578K(3495296K), 0.6238010 secs] 5066579K->3927597K(5068160K), [Metaspace: 9073K->9073K(1058816K)], 0.6239687 secs] [Times: user=0.63 sys=0.00, real=0.63 secs] 
2016-06-27T20:08:27.749+0300: 604.855: Total time for which application threads were stopped: 0.6253389 seconds, Stopping threads took: 0.0009994 seconds
2016-06-27T20:08:28.753+0300: 605.859: Total time for which application threads were stopped: 0.0044095 seconds, Stopping threads took: 0.0040097 seconds
2016-06-27T20:08:29.352+0300: 606.458: [Full GC (Allocation Failure) 2016-06-27T20:08:29.352+0300: 606.458: [Tenured: 3494578K->3494571K(3495296K), 0.5945251 secs] 5066793K->3664587K(5068160K), [Metaspace: 9073K->9073K(1058816K)], 0.5947068 secs] [Times: user=0.59 sys=0.00, real=0.60 secs] 
2016-06-27T20:08:29.947+0300: 607.053: Total time for which application threads were stopped: 0.5987794 seconds, Stopping threads took: 0.0036564 seconds
2016-06-27T20:08:30.960+0300: 608.066: Total time for which application threads were stopped: 0.0034815 seconds, Stopping threads took: 0.0022097 seconds
2016-06-27T20:08:31.829+0300: 608.935: [Full GC (Allocation Failure) 2016-06-27T20:08:31.829+0300: 608.935: [Tenured: 3494571K->3494583K(3495296K), 0.5707141 secs] 5066768K->3764600K(5068160K), [Metaspace: 9073K->9073K(1058816K)], 0.5708920 secs] [Times: user=0.58 sys=0.00, real=0.57 secs] 
2016-06-27T20:08:32.400+0300: 609.506: Total time for which application threads were stopped: 0.5804685 seconds, Stopping threads took: 0.0090342 seconds
2016-06-27T20:08:32.402+0300: 609.509: Total time for which application threads were stopped: 0.0007800 seconds, Stopping threads took: 0.0000706 seconds
2016-06-27T20:08:33.962+0300: 611.069: Total time for which application threads were stopped: 0.0048641 seconds, Stopping threads took: 0.0034631 seconds
2016-06-27T20:08:34.321+0300: 611.427: [Full GC (Allocation Failure) 2016-06-27T20:08:34.321+0300: 611.427: [Tenured: 3494583K->3494572K(3495296K), 0.5775425 secs] 5066766K->3719899K(5068160K), [Metaspace: 9073K->9073K(1058816K)], 0.5777349 secs] [Times: user=0.58 sys=0.00, real=0.58 secs] 
2016-06-27T20:08:34.899+0300: 612.005: Total time for which application threads were stopped: 0.5787968 seconds, Stopping threads took: 0.0006654 seconds
2016-06-27T20:08:35.902+0300: 613.008: Total time for which application threads were stopped: 0.0030449 seconds, Stopping threads took: 0.0026728 seconds
2016-06-27T20:08:36.698+0300: 613.804: [Full GC (Allocation Failure) 2016-06-27T20:08:36.698+0300: 613.804: [Tenured: 3494572K->3494907K(3495296K), 0.7245128 secs] 5066735K->3917921K(5068160K), [Metaspace: 9073K->9073K(1058816K)], 0.7248001 secs] [Times: user=0.72 sys=0.00, real=0.73 secs] 
2016-06-27T20:08:37.423+0300: 614.528: Total time for which application threads were stopped: 0.7286670 seconds, Stopping threads took: 0.0034161 seconds
2016-06-27T20:08:38.906+0300: 616.012: [Full GC (Allocation Failure) 2016-06-27T20:08:38.906+0300: 616.012: [Tenured: 3494907K->3494562K(3495296K), 0.5780942 secs] 5067107K->4008626K(5068160K), [Metaspace: 9073K->9073K(1058816K)], 0.5782614 secs] [Times: user=0.59 sys=0.00, real=0.58 secs] 
2016-06-27T20:08:39.484+0300: 616.590: Total time for which application threads were stopped: 0.5817797 seconds, Stopping threads took: 0.0029406 seconds
2016-06-27T20:08:40.659+0300: 617.765: Total time for which application threads were stopped: 0.0036915 seconds, Stopping threads took: 0.0032951 seconds
2016-06-27T20:08:40.661+0300: 617.767: Total time for which application threads were stopped: 0.0013946 seconds, Stopping threads took: 0.0000359 seconds
2016-06-27T20:08:40.964+0300: 618.070: Total time for which application threads were stopped: 0.0028790 seconds, Stopping threads took: 0.0019215 seconds
2016-06-27T20:08:40.994+0300: 618.100: [Full GC (Allocation Failure) 2016-06-27T20:08:40.994+0300: 618.100: [Tenured: 3494562K->3494606K(3495296K), 0.5583802 secs] 5066611K->3835649K(5068160K), [Metaspace: 9073K->9073K(1058816K)], 0.5585602 secs] [Times: user=0.58 sys=0.00, real=0.56 secs] 
2016-06-27T20:08:41.552+0300: 618.658: Total time for which application threads were stopped: 0.5590075 seconds, Stopping threads took: 0.0001091 seconds
2016-06-27T20:08:42.555+0300: 619.661: Total time for which application threads were stopped: 0.0029906 seconds, Stopping threads took: 0.0024637 seconds
2016-06-27T20:08:43.111+0300: 620.217: [Full GC (Allocation Failure) 2016-06-27T20:08:43.111+0300: 620.217: [Tenured: 3494606K->3494634K(3495296K), 0.6294794 secs] 5066821K->3876656K(5068160K), [Metaspace: 9074K->9074K(1058816K)], 0.6296329 secs] [Times: user=0.64 sys=0.00, real=0.63 secs] 
2016-06-27T20:08:43.741+0300: 620.846: Total time for which application threads were stopped: 0.6309433 seconds, Stopping threads took: 0.0009263 seconds
2016-06-27T20:08:44.742+0300: 621.848: Total time for which application threads were stopped: 0.0014579 seconds, Stopping threads took: 0.0011004 seconds
2016-06-27T20:08:45.280+0300: 622.386: [Full GC (Allocation Failure) 2016-06-27T20:08:45.281+0300: 622.386: [Tenured: 3494634K->3494637K(3495296K), 0.5408138 secs] 5066864K->3916668K(5068160K), [Metaspace: 9074K->9074K(1058816K)], 0.5410063 secs] [Times: user=0.55 sys=0.00, real=0.54 secs] 
2016-06-27T20:08:45.822+0300: 622.927: Total time for which application threads were stopped: 0.5429932 seconds, Stopping threads took: 0.0015845 seconds
2016-06-27T20:08:46.857+0300: 623.963: Total time for which application threads were stopped: 0.0033567 seconds, Stopping threads took: 0.0029778 seconds
2016-06-27T20:08:46.964+0300: 624.070: Total time for which application threads were stopped: 0.0024842 seconds, Stopping threads took: 0.0013441 seconds
2016-06-27T20:08:47.318+0300: 624.424: [Full GC (Allocation Failure) 2016-06-27T20:08:47.318+0300: 624.424: [Tenured: 3494637K->3494648K(3495296K), 0.5740558 secs] 5066805K->3869676K(5068160K), [Metaspace: 9074K->9074K(1058816K)], 0.5742427 secs] [Times: user=0.56 sys=0.00, real=0.57 secs] 
2016-06-27T20:08:47.892+0300: 624.998: Total time for which application threads were stopped: 0.5765054 seconds, Stopping threads took: 0.0018979 seconds
2016-06-27T20:08:47.962+0300: 625.068: Total time for which application threads were stopped: 0.0007599 seconds, Stopping threads took: 0.0001886 seconds
2016-06-27T20:08:48.965+0300: 626.071: Total time for which application threads were stopped: 0.0036688 seconds, Stopping threads took: 0.0025001 seconds
2016-06-27T20:08:49.430+0300: 626.536: [Full GC (Allocation Failure) 2016-06-27T20:08:49.430+0300: 626.536: [Tenured: 3494648K->3494661K(3495296K), 0.5909905 secs] 5066861K->3777679K(5068160K), [Metaspace: 9074K->9074K(1058816K)], 0.5911415 secs] [Times: user=0.59 sys=0.00, real=0.59 secs] 
2016-06-27T20:08:50.022+0300: 627.127: Total time for which application threads were stopped: 0.5949142 seconds, Stopping threads took: 0.0033776 seconds
2016-06-27T20:08:50.028+0300: 627.134: Total time for which application threads were stopped: 0.0048564 seconds, Stopping threads took: 0.0039216 seconds
2016-06-27T20:08:50.966+0300: 628.071: Total time for which application threads were stopped: 0.0034862 seconds, Stopping threads took: 0.0022589 seconds
2016-06-27T20:08:50.974+0300: 628.080: Total time for which application threads were stopped: 0.0004726 seconds, Stopping threads took: 0.0001001 seconds
2016-06-27T20:08:51.708+0300: 628.814: [Full GC (Allocation Failure) 2016-06-27T20:08:51.708+0300: 628.814: [Tenured: 3494661K->3494667K(3495296K), 0.5586500 secs] 5066848K->3715679K(5068160K), [Metaspace: 9078K->9078K(1058816K)], 0.5588283 secs] [Times: user=0.55 sys=0.00, real=0.56 secs] 
2016-06-27T20:08:52.267+0300: 629.373: Total time for which application threads were stopped: 0.5617873 seconds, Stopping threads took: 0.0025544 seconds
2016-06-27T20:08:52.290+0300: 629.396: Total time for which application threads were stopped: 0.0006928 seconds, Stopping threads took: 0.0000890 seconds
2016-06-27T20:08:52.965+0300: 630.070: Total time for which application threads were stopped: 0.0019788 seconds, Stopping threads took: 0.0009789 seconds
2016-06-27T20:08:53.966+0300: 631.072: Total time for which application threads were stopped: 0.0029465 seconds, Stopping threads took: 0.0017855 seconds
2016-06-27T20:08:54.060+0300: 631.166: [Full GC (Allocation Failure) 2016-06-27T20:08:54.060+0300: 631.167: [Tenured: 3494667K->3494677K(3495296K), 0.5249337 secs] 5066901K->3879706K(5068160K), [Metaspace: 9084K->9084K(1058816K)], 0.5251202 secs] [Times: user=0.53 sys=0.00, real=0.53 secs] 
2016-06-27T20:08:54.586+0300: 631.692: Total time for which application threads were stopped: 0.5255786 seconds, Stopping threads took: 0.0000992 seconds
2016-06-27T20:08:55.588+0300: 632.695: Total time for which application threads were stopped: 0.0029277 seconds, Stopping threads took: 0.0025445 seconds
2016-06-27T20:08:56.070+0300: 633.177: [Full GC (Allocation Failure) 2016-06-27T20:08:56.071+0300: 633.177: [Tenured: 3494677K->3494692K(3495296K), 0.5838260 secs] 5066866K->3782709K(5068160K), [Metaspace: 9092K->9092K(1058816K)], 0.5839753 secs] [Times: user=0.58 sys=0.00, real=0.59 secs] 
2016-06-27T20:08:56.655+0300: 633.761: Total time for which application threads were stopped: 0.5879465 seconds, Stopping threads took: 0.0035987 seconds
2016-06-27T20:08:57.412+0300: 634.518: Total time for which application threads were stopped: 0.0022717 seconds, Stopping threads took: 0.0014322 seconds
2016-06-27T20:08:58.072+0300: 635.178: Total time for which application threads were stopped: 0.0017641 seconds, Stopping threads took: 0.0008600 seconds
2016-06-27T20:08:58.324+0300: 635.430: [Full GC (Allocation Failure) 2016-06-27T20:08:58.324+0300: 635.430: [Tenured: 3494692K->3494709K(3495296K), 0.5372746 secs] 5066866K->3807760K(5068160K), [Metaspace: 9094K->9094K(1058816K)], 0.5374230 secs] [Times: user=0.53 sys=0.00, real=0.54 secs] 
2016-06-27T20:08:58.861+0300: 635.967: Total time for which application threads were stopped: 0.5381517 seconds, Stopping threads took: 0.0004294 seconds
2016-06-27T20:08:59.863+0300: 636.969: Total time for which application threads were stopped: 0.0016700 seconds, Stopping threads took: 0.0012937 seconds
2016-06-27T20:09:00.074+0300: 637.180: Total time for which application threads were stopped: 0.0027049 seconds, Stopping threads took: 0.0014523 seconds
2016-06-27T20:09:00.459+0300: 637.565: [Full GC (Allocation Failure) 2016-06-27T20:09:00.459+0300: 637.565: [Tenured: 3494709K->3494710K(3495296K), 0.5758481 secs] 5066877K->3699718K(5068160K), [Metaspace: 9094K->9094K(1058816K)], 0.5760222 secs] [Times: user=0.56 sys=0.00, real=0.58 secs] 
2016-06-27T20:09:01.035+0300: 638.141: Total time for which application threads were stopped: 0.5793793 seconds, Stopping threads took: 0.0029393 seconds
2016-06-27T20:09:01.208+0300: 638.314: Total time for which application threads were stopped: 0.0019497 seconds, Stopping threads took: 0.0013099 seconds
2016-06-27T20:09:02.075+0300: 639.181: Total time for which application threads were stopped: 0.0033169 seconds, Stopping threads took: 0.0021340 seconds
2016-06-27T20:09:02.784+0300: 639.890: [Full GC (Allocation Failure) 2016-06-27T20:09:02.784+0300: 639.890: [Tenured: 3494710K->3494728K(3495296K), 0.5865528 secs] 5066904K->4012746K(5068160K), [Metaspace: 9096K->9096K(1058816K)], 0.5867118 secs] [Times: user=0.59 sys=0.00, real=0.59 secs] 
2016-06-27T20:09:03.371+0300: 640.477: Total time for which application threads were stopped: 0.5906830 seconds, Stopping threads took: 0.0035611 seconds
2016-06-27T20:09:03.373+0300: 640.479: Total time for which application threads were stopped: 0.0007617 seconds, Stopping threads took: 0.0001026 seconds
2016-06-27T20:09:04.073+0300: 641.179: Total time for which application threads were stopped: 0.0017410 seconds, Stopping threads took: 0.0009515 seconds
2016-06-27T20:09:04.082+0300: 641.188: Total time for which application threads were stopped: 0.0005145 seconds, Stopping threads took: 0.0000975 seconds
2016-06-27T20:09:04.680+0300: 641.786: [Full GC (Allocation Failure) 2016-06-27T20:09:04.680+0300: 641.786: [Tenured: 3494728K->3494719K(3495296K), 0.5609038 secs] 5066917K->3838741K(5068160K), [Metaspace: 9096K->9096K(1058816K)], 0.5610795 secs] [Times: user=0.56 sys=0.00, real=0.56 secs] 
2016-06-27T20:09:05.241+0300: 642.347: Total time for which application threads were stopped: 0.5622663 seconds, Stopping threads took: 0.0007304 seconds
2016-06-27T20:09:06.059+0300: 643.165: Total time for which application threads were stopped: 0.0024680 seconds, Stopping threads took: 0.0011444 seconds
2016-06-27T20:09:06.073+0300: 643.179: Total time for which application threads were stopped: 0.0012261 seconds, Stopping threads took: 0.0000778 seconds
2016-06-27T20:09:06.834+0300: 643.941: [Full GC (Allocation Failure) 2016-06-27T20:09:06.835+0300: 643.941: [Tenured: 3494719K->3494715K(3495296K), 0.5597115 secs] 5066928K->3844754K(5068160K), [Metaspace: 9096K->9096K(1058816K)], 0.5599240 secs] [Times: user=0.55 sys=0.00, real=0.56 secs] 
2016-06-27T20:09:07.395+0300: 644.501: Total time for which application threads were stopped: 0.5629556 seconds, Stopping threads took: 0.0025450 seconds
2016-06-27T20:09:07.397+0300: 644.503: Total time for which application threads were stopped: 0.0007189 seconds, Stopping threads took: 0.0000787 seconds
2016-06-27T20:09:08.074+0300: 645.181: Total time for which application threads were stopped: 0.0017226 seconds, Stopping threads took: 0.0010046 seconds
2016-06-27T20:09:08.936+0300: 646.042: [Full GC (Allocation Failure) 2016-06-27T20:09:08.936+0300: 646.042: [Tenured: 3494715K->3494731K(3495296K), 0.6030619 secs] 5066899K->3744750K(5068160K), [Metaspace: 9096K->9096K(1058816K)], 0.6032595 secs] [Times: user=0.61 sys=0.00, real=0.60 secs] 
2016-06-27T20:09:09.540+0300: 646.645: Total time for which application threads were stopped: 0.6048901 seconds, Stopping threads took: 0.0011294 seconds
2016-06-27T20:09:10.042+0300: 647.148: Total time for which application threads were stopped: 0.0020356 seconds, Stopping threads took: 0.0007210 seconds
2016-06-27T20:09:10.074+0300: 647.180: Total time for which application threads were stopped: 0.0010234 seconds, Stopping threads took: 0.0001167 seconds
2016-06-27T20:09:11.080+0300: 648.186: Total time for which application threads were stopped: 0.0060064 seconds, Stopping threads took: 0.0045041 seconds
2016-06-27T20:09:11.464+0300: 648.570: [Full GC (Allocation Failure) 2016-06-27T20:09:11.464+0300: 648.570: [Tenured: 3494731K->3494755K(3495296K), 0.5958756 secs] 5066899K->3857772K(5068160K), [Metaspace: 9096K->9096K(1058816K)], 0.5960462 secs] [Times: user=0.59 sys=0.00, real=0.60 secs] 
2016-06-27T20:09:12.060+0300: 649.166: Total time for which application threads were stopped: 0.5994440 seconds, Stopping threads took: 0.0028803 seconds
2016-06-27T20:09:12.075+0300: 649.181: Total time for which application threads were stopped: 0.0008955 seconds, Stopping threads took: 0.0000718 seconds
2016-06-27T20:09:13.077+0300: 650.183: Total time for which application threads were stopped: 0.0026113 seconds, Stopping threads took: 0.0013386 seconds
2016-06-27T20:09:13.767+0300: 650.872: [Full GC (Allocation Failure) 2016-06-27T20:09:13.767+0300: 650.872: [Tenured: 3494755K->3494765K(3495296K), 0.6054649 secs] 5066910K->3822783K(5068160K), [Metaspace: 9096K->9096K(1058816K)], 0.6055996 secs] [Times: user=0.61 sys=0.00, real=0.61 secs] 
2016-06-27T20:09:14.372+0300: 651.478: Total time for which application threads were stopped: 0.6079286 seconds, Stopping threads took: 0.0020027 seconds
2016-06-27T20:09:14.374+0300: 651.481: Total time for which application threads were stopped: 0.0007223 seconds, Stopping threads took: 0.0000783 seconds
2016-06-27T20:09:14.383+0300: 651.491: Total time for which application threads were stopped: 0.0004623 seconds, Stopping threads took: 0.0000911 seconds
2016-06-27T20:09:15.077+0300: 652.182: Total time for which application threads were stopped: 0.0021126 seconds, Stopping threads took: 0.0011012 seconds
2016-06-27T20:09:16.034+0300: 653.140: [Full GC (Allocation Failure) 2016-06-27T20:09:16.034+0300: 653.140: [Tenured: 3494765K->3494767K(3495296K), 0.5892812 secs] 5066966K->3817791K(5068160K), [Metaspace: 9096K->9096K(1058816K)], 0.5894629 secs] [Times: user=0.59 sys=0.00, real=0.59 secs] 
2016-06-27T20:09:16.623+0300: 653.729: Total time for which application threads were stopped: 0.5935458 seconds, Stopping threads took: 0.0036205 seconds
2016-06-27T20:09:16.626+0300: 653.732: Total time for which application threads were stopped: 0.0007882 seconds, Stopping threads took: 0.0000902 seconds
2016-06-27T20:09:17.627+0300: 654.734: Total time for which application threads were stopped: 0.0019505 seconds, Stopping threads took: 0.0015879 seconds
2016-06-27T20:09:18.391+0300: 655.498: [Full GC (Allocation Failure) 2016-06-27T20:09:18.392+0300: 655.498: [Tenured: 3494767K->3494775K(3495296K), 0.6139560 secs] 5066959K->3837793K(5068160K), [Metaspace: 9096K->9096K(1058816K)], 0.6141356 secs] [Times: user=0.63 sys=0.00, real=0.62 secs] 
2016-06-27T20:09:19.006+0300: 656.112: Total time for which application threads were stopped: 0.6177711 seconds, Stopping threads took: 0.0031540 seconds
2016-06-27T20:09:19.077+0300: 656.183: Total time for which application threads were stopped: 0.0010234 seconds, Stopping threads took: 0.0002908 seconds
2016-06-27T20:09:20.079+0300: 657.185: Total time for which application threads were stopped: 0.0028054 seconds, Stopping threads took: 0.0016807 seconds
2016-06-27T20:09:20.679+0300: 657.785: [Full GC (Allocation Failure) 2016-06-27T20:09:20.679+0300: 657.785: [Tenured: 3494775K->3494802K(3495296K), 0.5655754 secs] 5066923K->3928813K(5068160K), [Metaspace: 9097K->9097K(1058816K)], 0.5657529 secs] [Times: user=0.56 sys=0.00, real=0.57 secs] 
2016-06-27T20:09:21.244+0300: 658.350: Total time for which application threads were stopped: 0.5702424 seconds, Stopping threads took: 0.0039673 seconds
2016-06-27T20:09:21.247+0300: 658.353: Total time for which application threads were stopped: 0.0008143 seconds, Stopping threads took: 0.0002194 seconds
2016-06-27T20:09:22.078+0300: 659.185: Total time for which application threads were stopped: 0.0023641 seconds, Stopping threads took: 0.0012381 seconds
2016-06-27T20:09:22.784+0300: 659.890: [Full GC (Allocation Failure) 2016-06-27T20:09:22.784+0300: 659.890: [Tenured: 3494802K->3494800K(3495296K), 0.7053414 secs] 5066980K->3964824K(5068160K), [Metaspace: 9097K->9097K(1058816K)], 0.7055134 secs] [Times: user=0.72 sys=0.00, real=0.71 secs] 
2016-06-27T20:09:23.490+0300: 660.595: Total time for which application threads were stopped: 0.7088251 seconds, Stopping threads took: 0.0028576 seconds
2016-06-27T20:09:23.525+0300: 660.630: Total time for which application threads were stopped: 0.0015049 seconds, Stopping threads took: 0.0007621 seconds
2016-06-27T20:09:24.949+0300: 662.055: [Full GC (Allocation Failure) 2016-06-27T20:09:24.949+0300: 662.055: [Tenured: 3494800K->3494779K(3495296K), 0.5958679 secs] 5067033K->3854819K(5068160K), [Metaspace: 9097K->9097K(1058816K)], 0.5960484 secs] [Times: user=0.59 sys=0.00, real=0.60 secs] 
2016-06-27T20:09:25.545+0300: 662.651: Total time for which application threads were stopped: 0.5993229 seconds, Stopping threads took: 0.0025745 seconds
2016-06-27T20:09:25.548+0300: 662.653: Total time for which application threads were stopped: 0.0009314 seconds, Stopping threads took: 0.0000701 seconds
2016-06-27T20:09:26.079+0300: 663.185: Total time for which application threads were stopped: 0.0021793 seconds, Stopping threads took: 0.0008557 seconds
2016-06-27T20:09:27.090+0300: 664.196: Total time for which application threads were stopped: 0.0072115 seconds, Stopping threads took: 0.0060145 seconds
2016-06-27T20:09:27.318+0300: 664.424: [Full GC (Allocation Failure) 2016-06-27T20:09:27.318+0300: 664.425: [Tenured: 3494779K->3494803K(3495296K), 0.6317986 secs] 5067070K->3605818K(5068160K), [Metaspace: 9097K->9097K(1058816K)], 0.6319611 secs] [Times: user=0.63 sys=0.00, real=0.63 secs] 
2016-06-27T20:09:27.950+0300: 665.056: Total time for which application threads were stopped: 0.6341520 seconds, Stopping threads took: 0.0018274 seconds
2016-06-27T20:09:28.952+0300: 666.058: Total time for which application threads were stopped: 0.0018398 seconds, Stopping threads took: 0.0014793 seconds
2016-06-27T20:09:29.769+0300: 666.874: Total time for which application threads were stopped: 0.0065487 seconds, Stopping threads took: 0.0061646 seconds
2016-06-27T20:09:30.003+0300: 667.109: [Full GC (Allocation Failure) 2016-06-27T20:09:30.003+0300: 667.109: [Tenured: 3494803K->3494818K(3495296K), 0.5867059 secs] 5066809K->3524819K(5068160K), [Metaspace: 9097K->9097K(1058816K)], 0.5868688 secs] [Times: user=0.59 sys=0.00, real=0.59 secs] 
2016-06-27T20:09:30.590+0300: 667.696: Total time for which application threads were stopped: 0.5899034 seconds, Stopping threads took: 0.0026831 seconds
2016-06-27T20:09:32.088+0300: 669.194: Total time for which application threads were stopped: 0.0041825 seconds, Stopping threads took: 0.0025651 seconds
2016-06-27T20:09:32.767+0300: 669.874: [Full GC (Allocation Failure) 2016-06-27T20:09:32.768+0300: 669.874: [Tenured: 3494818K->3494824K(3495296K), 0.6797001 secs] 5067019K->3922857K(5068160K), [Metaspace: 9097K->9097K(1058816K)], 0.6798708 secs] [Times: user=0.69 sys=0.00, real=0.68 secs] 
2016-06-27T20:09:33.447+0300: 670.553: Total time for which application threads were stopped: 0.6843727 seconds, Stopping threads took: 0.0039836 seconds
2016-06-27T20:09:33.452+0300: 670.558: Total time for which application threads were stopped: 0.0006860 seconds, Stopping threads took: 0.0000842 seconds
2016-06-27T20:09:34.805+0300: 671.911: [Full GC (Allocation Failure) 2016-06-27T20:09:34.805+0300: 671.911: [Tenured: 3494824K->3494811K(3495296K), 0.5935192 secs] 5067027K->4012866K(5068160K), [Metaspace: 9097K->9097K(1058816K)], 0.5936873 secs] [Times: user=0.59 sys=0.00, real=0.59 secs] 
2016-06-27T20:09:35.398+0300: 672.504: Total time for which application threads were stopped: 0.5987781 seconds, Stopping threads took: 0.0045605 seconds
2016-06-27T20:09:35.405+0300: 672.510: Total time for which application threads were stopped: 0.0009276 seconds, Stopping threads took: 0.0000795 seconds
2016-06-27T20:09:35.805+0300: 672.911: Total time for which application threads were stopped: 0.0020019 seconds, Stopping threads took: 0.0007069 seconds
2016-06-27T20:09:36.806+0300: 673.912: Total time for which application threads were stopped: 0.0029281 seconds, Stopping threads took: 0.0017684 seconds
2016-06-27T20:09:36.901+0300: 674.007: [Full GC (Allocation Failure) 2016-06-27T20:09:36.901+0300: 674.007: [Tenured: 3494811K->3494820K(3495296K), 0.6068715 secs] 5067055K->3684840K(5068160K), [Metaspace: 9097K->9097K(1058816K)], 0.6070575 secs] [Times: user=0.59 sys=0.00, real=0.61 secs] 
2016-06-27T20:09:37.508+0300: 674.614: Total time for which application threads were stopped: 0.6075040 seconds, Stopping threads took: 0.0000864 seconds
2016-06-27T20:09:38.510+0300: 675.616: Total time for which application threads were stopped: 0.0015956 seconds, Stopping threads took: 0.0012026 seconds
2016-06-27T20:09:39.232+0300: 676.339: [Full GC (Allocation Failure) 2016-06-27T20:09:39.233+0300: 676.339: [Tenured: 3494820K->3494847K(3495296K), 0.5607164 secs] 5066826K->3931865K(5068160K), [Metaspace: 9097K->9097K(1058816K)], 0.5608905 secs] [Times: user=0.56 sys=0.00, real=0.56 secs] 
2016-06-27T20:09:39.793+0300: 676.900: Total time for which application threads were stopped: 0.5630027 seconds, Stopping threads took: 0.0016901 seconds
2016-06-27T20:09:39.817+0300: 676.923: Total time for which application threads were stopped: 0.0008562 seconds, Stopping threads took: 0.0000958 seconds
2016-06-27T20:09:40.806+0300: 677.912: Total time for which application threads were stopped: 0.0024334 seconds, Stopping threads took: 0.0012505 seconds
2016-06-27T20:09:41.278+0300: 678.384: [Full GC (Allocation Failure) 2016-06-27T20:09:41.278+0300: 678.384: [Tenured: 3494847K->3494834K(3495296K), 0.5613613 secs] 5067003K->3962876K(5068160K), [Metaspace: 9097K->9097K(1058816K)], 0.5615418 secs] [Times: user=0.56 sys=0.00, real=0.56 secs] 
2016-06-27T20:09:41.840+0300: 678.946: Total time for which application threads were stopped: 0.5654219 seconds, Stopping threads took: 0.0035187 seconds
2016-06-27T20:09:41.842+0300: 678.948: Total time for which application threads were stopped: 0.0007629 seconds, Stopping threads took: 0.0001980 seconds
2016-06-27T20:09:42.810+0300: 679.916: Total time for which application threads were stopped: 0.0047474 seconds, Stopping threads took: 0.0035837 seconds
2016-06-27T20:09:43.267+0300: 680.373: [Full GC (Allocation Failure) 2016-06-27T20:09:43.267+0300: 680.373: [Tenured: 3494834K->3494850K(3495296K), 0.6028571 secs] 5067029K->3826876K(5068160K), [Metaspace: 9097K->9097K(1058816K)], 0.6030307 secs] [Times: user=0.61 sys=0.00, real=0.60 secs] 
2016-06-27T20:09:43.870+0300: 680.976: Total time for which application threads were stopped: 0.6043727 seconds, Stopping threads took: 0.0009742 seconds
2016-06-27T20:09:43.872+0300: 680.978: Total time for which application threads were stopped: 0.0006372 seconds, Stopping threads took: 0.0000778 seconds
2016-06-27T20:09:44.237+0300: 681.343: Total time for which application threads were stopped: 0.0007527 seconds, Stopping threads took: 0.0004777 seconds
2016-06-27T20:09:44.808+0300: 681.914: Total time for which application threads were stopped: 0.0019685 seconds, Stopping threads took: 0.0009156 seconds
2016-06-27T20:09:45.460+0300: 682.566: [Full GC (Allocation Failure) 2016-06-27T20:09:45.460+0300: 682.566: [Tenured: 3494850K->3494856K(3495296K), 0.5651816 secs] 5067059K->3699874K(5068160K), [Metaspace: 9097K->9097K(1058816K)], 0.5653770 secs] [Times: user=0.56 sys=0.00, real=0.57 secs] 
2016-06-27T20:09:46.026+0300: 683.132: Total time for which application threads were stopped: 0.5674127 seconds, Stopping threads took: 0.0016007 seconds
2016-06-27T20:09:46.060+0300: 683.167: Total time for which application threads were stopped: 0.0007522 seconds, Stopping threads took: 0.0001364 seconds
2016-06-27T20:09:47.062+0300: 684.168: Total time for which application threads were stopped: 0.0018316 seconds, Stopping threads took: 0.0014698 seconds
2016-06-27T20:09:47.765+0300: 684.871: [Full GC (Allocation Failure) 2016-06-27T20:09:47.766+0300: 684.871: [Tenured: 3494856K->3494879K(3495296K), 0.5050329 secs] 5067045K->3880897K(5068160K), [Metaspace: 9097K->9097K(1058816K)], 0.5052249 secs] [Times: user=0.52 sys=0.00, real=0.50 secs] 
2016-06-27T20:09:48.270+0300: 685.377: Total time for which application threads were stopped: 0.5070031 seconds, Stopping threads took: 0.0013629 seconds
2016-06-27T20:09:48.287+0300: 685.394: Total time for which application threads were stopped: 0.0008651 seconds, Stopping threads took: 0.0001078 seconds
2016-06-27T20:09:49.291+0300: 686.397: Total time for which application threads were stopped: 0.0039515 seconds, Stopping threads took: 0.0035709 seconds
2016-06-27T20:09:49.809+0300: 686.915: [Full GC (Allocation Failure) 2016-06-27T20:09:49.809+0300: 686.915: [Tenured: 3494879K->3494888K(3495296K), 0.5904508 secs] 5067033K->3761896K(5068160K), [Metaspace: 9097K->9097K(1058816K)], 0.5906150 secs] [Times: user=0.59 sys=0.00, real=0.59 secs] 
2016-06-27T20:09:50.400+0300: 687.506: Total time for which application threads were stopped: 0.5942894 seconds, Stopping threads took: 0.0033135 seconds
2016-06-27T20:09:51.288+0300: 688.393: Total time for which application threads were stopped: 0.0021284 seconds, Stopping threads took: 0.0010542 seconds
2016-06-27T20:09:51.811+0300: 688.917: Total time for which application threads were stopped: 0.0017739 seconds, Stopping threads took: 0.0008639 seconds
2016-06-27T20:09:52.075+0300: 689.181: [Full GC (Allocation Failure) 2016-06-27T20:09:52.081+0300: 689.187: [Tenured: 3494888K->3494898K(3495296K), 0.4987194 secs] 5067085K->3818238K(5068160K), [Metaspace: 9097K->9097K(1058816K)], 0.5048567 secs] [Times: user=0.50 sys=0.00, real=0.50 secs] 
2016-06-27T20:09:52.580+0300: 689.686: Total time for which application threads were stopped: 0.5057321 seconds, Stopping threads took: 0.0004674 seconds
2016-06-27T20:09:53.581+0300: 690.687: Total time for which application threads were stopped: 0.0015058 seconds, Stopping threads took: 0.0011247 seconds
2016-06-27T20:09:54.186+0300: 691.292: [Full GC (Allocation Failure) 2016-06-27T20:09:54.186+0300: 691.292: [Tenured: 3494898K->3495229K(3495296K), 0.5737141 secs] 5067073K->3804247K(5068160K), [Metaspace: 9097K->9097K(1058816K)], 0.5739036 secs] [Times: user=0.58 sys=0.00, real=0.57 secs] 
2016-06-27T20:09:54.760+0300: 691.866: Total time for which application threads were stopped: 0.5751647 seconds, Stopping threads took: 0.0008728 seconds
2016-06-27T20:09:56.257+0300: 693.363: [Full GC (Allocation Failure) 2016-06-27T20:09:56.257+0300: 693.363: [Tenured: 3495229K->3495211K(3495296K), 0.6214801 secs] 5067419K->3919261K(5068160K), [Metaspace: 9097K->9097K(1058816K)], 0.6217021 secs] [Times: user=0.61 sys=0.00, real=0.62 secs] 
2016-06-27T20:09:56.879+0300: 693.985: Total time for which application threads were stopped: 0.6263045 seconds, Stopping threads took: 0.0040302 seconds
2016-06-27T20:09:57.813+0300: 694.919: Total time for which application threads were stopped: 0.0031587 seconds, Stopping threads took: 0.0017944 seconds
2016-06-27T20:09:58.357+0300: 695.463: [Full GC (Allocation Failure) 2016-06-27T20:09:58.357+0300: 695.463: [Tenured: 3495211K->3494884K(3495296K), 0.5817669 secs] 5067427K->3960943K(5068160K), [Metaspace: 9097K->9097K(1058816K)], 0.5819448 secs] [Times: user=0.56 sys=0.00, real=0.58 secs] 
2016-06-27T20:09:58.939+0300: 696.045: Total time for which application threads were stopped: 0.5834818 seconds, Stopping threads took: 0.0009665 seconds
2016-06-27T20:09:59.143+0300: 696.249: Total time for which application threads were stopped: 0.0014882 seconds, Stopping threads took: 0.0004255 seconds
2016-06-27T20:10:00.418+0300: 697.524: [Full GC (Allocation Failure) 2016-06-27T20:10:00.418+0300: 697.524: [Tenured: 3494884K->3494915K(3495296K), 0.5687003 secs] 5066849K->3908946K(5068160K), [Metaspace: 9097K->9097K(1058816K)], 0.5688902 secs] [Times: user=0.56 sys=0.00, real=0.57 secs] 
2016-06-27T20:10:00.987+0300: 698.093: Total time for which application threads were stopped: 0.5782759 seconds, Stopping threads took: 0.0088460 seconds
2016-06-27T20:10:00.993+0300: 698.099: Total time for which application threads were stopped: 0.0008331 seconds, Stopping threads took: 0.0000748 seconds
2016-06-27T20:10:02.448+0300: 699.554: [Full GC (Allocation Failure) 2016-06-27T20:10:02.448+0300: 699.554: [Tenured: 3494915K->3494908K(3495296K), 0.6136494 secs] 5067101K->3771943K(5068160K), [Metaspace: 9097K->9097K(1058816K)], 0.6138465 secs] [Times: user=0.61 sys=0.00, real=0.61 secs] 
2016-06-27T20:10:03.062+0300: 700.168: Total time for which application threads were stopped: 0.6164005 seconds, Stopping threads took: 0.0020095 seconds
2016-06-27T20:10:03.064+0300: 700.171: Total time for which application threads were stopped: 0.0009135 seconds, Stopping threads took: 0.0000727 seconds
2016-06-27T20:10:03.814+0300: 700.921: Total time for which application threads were stopped: 0.0024586 seconds, Stopping threads took: 0.0011435 seconds
2016-06-27T20:10:03.823+0300: 700.929: Total time for which application threads were stopped: 0.0005483 seconds, Stopping threads took: 0.0000787 seconds
2016-06-27T20:10:04.758+0300: 701.864: [Full GC (Allocation Failure) 2016-06-27T20:10:04.759+0300: 701.864: [Tenured: 3494908K->3494919K(3495296K), 0.5763224 secs] 5067119K->3968971K(5068160K), [Metaspace: 9097K->9097K(1058816K)], 0.5765097 secs] [Times: user=0.58 sys=0.00, real=0.58 secs] 
2016-06-27T20:10:05.335+0300: 702.441: Total time for which application threads were stopped: 0.5789315 seconds, Stopping threads took: 0.0019839 seconds
2016-06-27T20:10:05.369+0300: 702.475: Total time for which application threads were stopped: 0.0008365 seconds, Stopping threads took: 0.0001343 seconds
2016-06-27T20:10:05.814+0300: 702.921: Total time for which application threads were stopped: 0.0014724 seconds, Stopping threads took: 0.0005773 seconds
2016-06-27T20:10:06.746+0300: 703.852: [Full GC (Allocation Failure) 2016-06-27T20:10:06.752+0300: 703.858: [Tenured: 3494919K->3494950K(3495296K), 0.5558660 secs] 5067128K->3875972K(5068160K), [Metaspace: 9097K->9097K(1058816K)], 0.5621773 secs] [Times: user=0.56 sys=0.00, real=0.56 secs] 
2016-06-27T20:10:07.308+0300: 704.414: Total time for which application threads were stopped: 0.5638832 seconds, Stopping threads took: 0.0012150 seconds
2016-06-27T20:10:07.314+0300: 704.420: Total time for which application threads were stopped: 0.0008365 seconds, Stopping threads took: 0.0000770 seconds
2016-06-27T20:10:07.816+0300: 704.922: Total time for which application threads were stopped: 0.0013090 seconds, Stopping threads took: 0.0006154 seconds
2016-06-27T20:10:08.818+0300: 705.924: Total time for which application threads were stopped: 0.0028439 seconds, Stopping threads took: 0.0016435 seconds
2016-06-27T20:10:09.002+0300: 706.108: [Full GC (Allocation Failure) 2016-06-27T20:10:09.002+0300: 706.108: [Tenured: 3494950K->3494966K(3495296K), 0.6653737 secs] 5067221K->3896988K(5068160K), [Metaspace: 9097K->9097K(1058816K)], 0.6655414 secs] [Times: user=0.67 sys=0.00, real=0.66 secs] 
2016-06-27T20:10:09.667+0300: 706.774: Total time for which application threads were stopped: 0.6693937 seconds, Stopping threads took: 0.0034832 seconds
2016-06-27T20:10:10.669+0300: 707.775: Total time for which application threads were stopped: 0.0019685 seconds, Stopping threads took: 0.0015344 seconds
2016-06-27T20:10:11.387+0300: 708.493: [Full GC (Allocation Failure) 2016-06-27T20:10:11.387+0300: 708.493: [Tenured: 3494966K->3494964K(3495296K), 0.6729586 secs] 5067168K->3734984K(5068160K), [Metaspace: 9097K->9097K(1058816K)], 0.6731297 secs] [Times: user=0.66 sys=0.00, real=0.67 secs] 
2016-06-27T20:10:12.060+0300: 709.166: Total time for which application threads were stopped: 0.6767831 seconds, Stopping threads took: 0.0032160 seconds
2016-06-27T20:10:13.063+0300: 710.169: Total time for which application threads were stopped: 0.0036145 seconds, Stopping threads took: 0.0032621 seconds
2016-06-27T20:10:13.926+0300: 711.031: [Full GC (Allocation Failure) 2016-06-27T20:10:13.926+0300: 711.031: [Tenured: 3494964K->3494971K(3495296K), 0.6142391 secs] 5067146K->3983018K(5068160K), [Metaspace: 9097K->9097K(1058816K)], 0.6143930 secs] [Times: user=0.66 sys=0.00, real=0.61 secs] 
2016-06-27T20:10:14.540+0300: 711.646: Total time for which application threads were stopped: 0.6298639 seconds, Stopping threads took: 0.0150714 seconds
2016-06-27T20:10:15.011+0300: 712.117: Total time for which application threads were stopped: 0.0038416 seconds, Stopping threads took: 0.0027917 seconds
2016-06-27T20:10:15.070+0300: 712.176: Total time for which application threads were stopped: 0.0022041 seconds, Stopping threads took: 0.0013458 seconds
2016-06-27T20:10:15.966+0300: 713.072: [Full GC (Allocation Failure) 2016-06-27T20:10:15.966+0300: 713.072: [Tenured: 3494971K->3494989K(3495296K), 0.6236030 secs] 5067190K->3893029K(5068160K), [Metaspace: 9097K->9097K(1058816K)], 0.6237715 secs] [Times: user=0.64 sys=0.00, real=0.62 secs] 
2016-06-27T20:10:16.590+0300: 713.696: Total time for which application threads were stopped: 0.6352835 seconds, Stopping threads took: 0.0110382 seconds
2016-06-27T20:10:16.592+0300: 713.698: Total time for which application threads were stopped: 0.0007689 seconds, Stopping threads took: 0.0000800 seconds
2016-06-27T20:10:17.070+0300: 714.177: Total time for which application threads were stopped: 0.0020651 seconds, Stopping threads took: 0.0009378 seconds
2016-06-27T20:10:18.076+0300: 715.181: Total time for which application threads were stopped: 0.0060877 seconds, Stopping threads took: 0.0048534 seconds
2016-06-27T20:10:18.281+0300: 715.387: [Full GC (Allocation Failure) 2016-06-27T20:10:18.281+0300: 715.387: [Tenured: 3494989K->3495015K(3495296K), 0.6184639 secs] 5067222K->3852040K(5068160K), [Metaspace: 9097K->9097K(1058816K)], 0.6186337 secs] [Times: user=0.63 sys=0.00, real=0.62 secs] 
2016-06-27T20:10:18.899+0300: 716.005: Total time for which application threads were stopped: 0.6204606 seconds, Stopping threads took: 0.0014322 seconds
2016-06-27T20:10:19.908+0300: 717.014: Total time for which application threads were stopped: 0.0021866 seconds, Stopping threads took: 0.0018214 seconds
2016-06-27T20:10:20.565+0300: 717.672: [Full GC (Allocation Failure) 2016-06-27T20:10:20.565+0300: 717.672: [Tenured: 3495015K->3495025K(3495296K), 0.5682868 secs] 5067222K->3858046K(5068160K), [Metaspace: 9097K->9097K(1058816K)], 0.5684566 secs] [Times: user=0.58 sys=0.00, real=0.57 secs] 
2016-06-27T20:10:21.134+0300: 718.240: Total time for which application threads were stopped: 0.5714356 seconds, Stopping threads took: 0.0025574 seconds
2016-06-27T20:10:21.893+0300: 718.999: Total time for which application threads were stopped: 0.0012308 seconds, Stopping threads took: 0.0008489 seconds
2016-06-27T20:10:22.072+0300: 719.178: Total time for which application threads were stopped: 0.0026181 seconds, Stopping threads took: 0.0015216 seconds
2016-06-27T20:10:22.780+0300: 719.887: [Full GC (Allocation Failure) 2016-06-27T20:10:22.781+0300: 719.887: [Tenured: 3495025K->3495041K(3495296K), 0.5918176 secs] 5067205K->3881056K(5068160K), [Metaspace: 9097K->9097K(1058816K)], 0.5920049 secs] [Times: user=0.59 sys=0.00, real=0.59 secs] 
2016-06-27T20:10:23.373+0300: 720.479: Total time for which application threads were stopped: 0.5986130 seconds, Stopping threads took: 0.0061232 seconds
2016-06-27T20:10:23.489+0300: 720.595: Total time for which application threads were stopped: 0.0030894 seconds, Stopping threads took: 0.0019587 seconds
2016-06-27T20:10:24.073+0300: 721.179: Total time for which application threads were stopped: 0.0026596 seconds, Stopping threads took: 0.0014382 seconds
2016-06-27T20:10:25.025+0300: 722.131: [Full GC (Allocation Failure) 2016-06-27T20:10:25.025+0300: 722.131: [Tenured: 3495041K->3495036K(3495296K), 0.5828352 secs] 5067208K->4007068K(5068160K), [Metaspace: 9097K->9097K(1058816K)], 0.5830028 secs] [Times: user=0.56 sys=0.00, real=0.58 secs] 
2016-06-27T20:10:25.607+0300: 722.714: Total time for which application threads were stopped: 0.5882206 seconds, Stopping threads took: 0.0047457 seconds
2016-06-27T20:10:25.797+0300: 722.903: Total time for which application threads were stopped: 0.0015733 seconds, Stopping threads took: 0.0004405 seconds
2016-06-27T20:10:26.947+0300: 724.053: [Full GC (Allocation Failure) 2016-06-27T20:10:26.947+0300: 724.053: [Tenured: 3495036K->3495036K(3495296K), 0.5426232 secs] 5067369K->3909076K(5068160K), [Metaspace: 9097K->9097K(1058816K)], 0.5427922 secs] [Times: user=0.55 sys=0.00, real=0.54 secs] 
2016-06-27T20:10:27.490+0300: 724.596: Total time for which application threads were stopped: 0.5449655 seconds, Stopping threads took: 0.0016871 seconds
2016-06-27T20:10:27.493+0300: 724.599: Total time for which application threads were stopped: 0.0012770 seconds, Stopping threads took: 0.0000740 seconds
2016-06-27T20:10:28.073+0300: 725.179: Total time for which application threads were stopped: 0.0015909 seconds, Stopping threads took: 0.0008237 seconds
2016-06-27T20:10:29.067+0300: 726.173: [Full GC (Allocation Failure) 2016-06-27T20:10:29.067+0300: 726.173: [Tenured: 3495036K->3495052K(3495296K), 0.6914076 secs] 5067227K->3765069K(5068160K), [Metaspace: 9097K->9097K(1058816K)], 0.6916039 secs] [Times: user=0.69 sys=0.00, real=0.69 secs] 
2016-06-27T20:10:29.759+0300: 726.865: Total time for which application threads were stopped: 0.6936977 seconds, Stopping threads took: 0.0015819 seconds
2016-06-27T20:10:29.802+0300: 726.908: Total time for which application threads were stopped: 0.0011666 seconds, Stopping threads took: 0.0001219 seconds
2016-06-27T20:10:31.075+0300: 728.182: Total time for which application threads were stopped: 0.0039100 seconds, Stopping threads took: 0.0025736 seconds
2016-06-27T20:10:31.599+0300: 728.705: [Full GC (Allocation Failure) 2016-06-27T20:10:31.599+0300: 728.706: [Tenured: 3495052K->3495066K(3495296K), 0.5723871 secs] 5067272K->3851088K(5068160K), [Metaspace: 9097K->9097K(1058816K)], 0.5725864 secs] [Times: user=0.56 sys=0.00, real=0.57 secs] 
2016-06-27T20:10:32.172+0300: 729.278: Total time for which application threads were stopped: 0.5749744 seconds, Stopping threads took: 0.0020147 seconds
2016-06-27T20:10:32.175+0300: 729.280: Total time for which application threads were stopped: 0.0007903 seconds, Stopping threads took: 0.0002211 seconds
2016-06-27T20:10:33.075+0300: 730.181: Total time for which application threads were stopped: 0.0020232 seconds, Stopping threads took: 0.0009130 seconds
2016-06-27T20:10:33.083+0300: 730.189: Total time for which application threads were stopped: 0.0004546 seconds, Stopping threads took: 0.0000787 seconds
2016-06-27T20:10:33.815+0300: 730.921: [Full GC (Allocation Failure) 2016-06-27T20:10:33.816+0300: 730.921: [Tenured: 3495066K->3495081K(3495296K), 0.5843721 secs] 5067243K->3872099K(5068160K), [Metaspace: 9097K->9097K(1058816K)], 0.5845257 secs] [Times: user=0.59 sys=0.00, real=0.59 secs] 
2016-06-27T20:10:34.400+0300: 731.506: Total time for which application threads were stopped: 0.5859639 seconds, Stopping threads took: 0.0010140 seconds
2016-06-27T20:10:34.402+0300: 731.508: Total time for which application threads were stopped: 0.0007544 seconds, Stopping threads took: 0.0000744 seconds
2016-06-27T20:10:35.959+0300: 733.065: [Full GC (Allocation Failure) 2016-06-27T20:10:35.959+0300: 733.065: [Tenured: 3495081K->3495055K(3495296K), 0.6576135 secs] 5067294K->4010113K(5068160K), [Metaspace: 9097K->9097K(1058816K)], 0.6578034 secs] [Times: user=0.66 sys=0.00, real=0.66 secs] 
2016-06-27T20:10:36.617+0300: 733.723: Total time for which application threads were stopped: 0.6617853 seconds, Stopping threads took: 0.0033947 seconds
2016-06-27T20:10:36.619+0300: 733.725: Total time for which application threads were stopped: 0.0010409 seconds, Stopping threads took: 0.0000659 seconds
2016-06-27T20:10:37.077+0300: 734.183: Total time for which application threads were stopped: 0.0023145 seconds, Stopping threads took: 0.0011803 seconds
2016-06-27T20:10:38.086+0300: 735.193: Total time for which application threads were stopped: 0.0116570 seconds, Stopping threads took: 0.0104348 seconds
2016-06-27T20:10:38.213+0300: 735.319: [Full GC (Allocation Failure) 2016-06-27T20:10:38.213+0300: 735.319: [Tenured: 3495055K->3495068K(3495296K), 0.6622181 secs] 5067257K->3700087K(5068160K), [Metaspace: 9097K->9097K(1058816K)], 0.6624088 secs] [Times: user=0.66 sys=0.00, real=0.66 secs] 
2016-06-27T20:10:38.875+0300: 735.982: Total time for which application threads were stopped: 0.6629143 seconds, Stopping threads took: 0.0000992 seconds
2016-06-27T20:10:39.877+0300: 736.983: Total time for which application threads were stopped: 0.0017713 seconds, Stopping threads took: 0.0014083 seconds
2016-06-27T20:10:40.716+0300: 737.822: [Full GC (Allocation Failure) 2016-06-27T20:10:40.716+0300: 737.822: [Tenured: 3495068K->3495088K(3495296K), 0.5589596 secs] 5067283K->3901109K(5068160K), [Metaspace: 9097K->9097K(1058816K)], 0.5591380 secs] [Times: user=0.56 sys=0.00, real=0.56 secs] 
2016-06-27T20:10:41.275+0300: 738.381: Total time for which application threads were stopped: 0.5626935 seconds, Stopping threads took: 0.0031061 seconds
2016-06-27T20:10:42.278+0300: 739.384: Total time for which application threads were stopped: 0.0029842 seconds, Stopping threads took: 0.0025839 seconds
2016-06-27T20:10:42.862+0300: 739.968: [Full GC (Allocation Failure) 2016-06-27T20:10:42.862+0300: 739.968: [Tenured: 3495088K->3495071K(3495296K), 0.6698726 secs] 5067297K->3870117K(5068160K), [Metaspace: 9097K->9097K(1058816K)], 0.6700339 secs] [Times: user=0.67 sys=0.00, real=0.67 secs] 
2016-06-27T20:10:43.532+0300: 740.638: Total time for which application threads were stopped: 0.6822374 seconds, Stopping threads took: 0.0117763 seconds
2016-06-27T20:10:43.558+0300: 740.664: Total time for which application threads were stopped: 0.0008489 seconds, Stopping threads took: 0.0000736 seconds
2016-06-27T20:10:44.079+0300: 741.185: Total time for which application threads were stopped: 0.0024996 seconds, Stopping threads took: 0.0016435 seconds
2016-06-27T20:10:45.081+0300: 742.187: Total time for which application threads were stopped: 0.0043882 seconds, Stopping threads took: 0.0030937 seconds
2016-06-27T20:10:45.232+0300: 742.338: [Full GC (Allocation Failure) 2016-06-27T20:10:45.232+0300: 742.338: [Tenured: 3495071K->3495106K(3495296K), 0.5649502 secs] 5067292K->3789143K(5068160K), [Metaspace: 9097K->9097K(1058816K)], 0.5651144 secs] [Times: user=0.55 sys=0.01, real=0.56 secs] 
2016-06-27T20:10:45.797+0300: 742.903: Total time for which application threads were stopped: 0.5676714 seconds, Stopping threads took: 0.0022234 seconds
2016-06-27T20:10:46.821+0300: 743.927: Total time for which application threads were stopped: 0.0016687 seconds, Stopping threads took: 0.0012616 seconds
2016-06-27T20:10:47.460+0300: 744.566: [Full GC (Allocation Failure) 2016-06-27T20:10:47.460+0300: 744.566: [Tenured: 3495106K->3495132K(3495296K), 0.5863004 secs] 5067306K->3799147K(5068160K), [Metaspace: 9097K->9097K(1058816K)], 0.5864570 secs] [Times: user=0.58 sys=0.00, real=0.59 secs] 
2016-06-27T20:10:48.046+0300: 745.152: Total time for which application threads were stopped: 0.5890704 seconds, Stopping threads took: 0.0017234 seconds
2016-06-27T20:10:49.049+0300: 746.155: Total time for which application threads were stopped: 0.0025377 seconds, Stopping threads took: 0.0021806 seconds
2016-06-27T20:10:49.081+0300: 746.187: Total time for which application threads were stopped: 0.0036667 seconds, Stopping threads took: 0.0025056 seconds
2016-06-27T20:10:49.843+0300: 746.949: [Full GC (Allocation Failure) 2016-06-27T20:10:49.843+0300: 746.949: [Tenured: 3495132K->3495146K(3495296K), 0.5747499 secs] 5067306K->3897165K(5068160K), [Metaspace: 9097K->9097K(1058816K)], 0.5748970 secs] [Times: user=0.58 sys=0.00, real=0.58 secs] 
2016-06-27T20:10:50.418+0300: 747.524: Total time for which application threads were stopped: 0.5807456 seconds, Stopping threads took: 0.0054333 seconds
2016-06-27T20:10:50.421+0300: 747.526: Total time for which application threads were stopped: 0.0007403 seconds, Stopping threads took: 0.0000697 seconds
2016-06-27T20:10:51.424+0300: 748.530: Total time for which application threads were stopped: 0.0034649 seconds, Stopping threads took: 0.0030778 seconds
2016-06-27T20:10:51.996+0300: 749.102: [Full GC (Allocation Failure) 2016-06-27T20:10:51.996+0300: 749.102: [Tenured: 3495146K->3495150K(3495296K), 0.6349765 secs] 5067319K->3842166K(5068160K), [Metaspace: 9097K->9097K(1058816K)], 0.6351463 secs] [Times: user=0.64 sys=0.00, real=0.63 secs] 
2016-06-27T20:10:52.631+0300: 749.737: Total time for which application threads were stopped: 0.6392855 seconds, Stopping threads took: 0.0037197 seconds
2016-06-27T20:10:52.666+0300: 749.772: Total time for which application threads were stopped: 0.0009682 seconds, Stopping threads took: 0.0001155 seconds
2016-06-27T20:10:52.676+0300: 749.782: Total time for which application threads were stopped: 0.0003242 seconds, Stopping threads took: 0.0000907 seconds
2016-06-27T20:10:53.081+0300: 750.187: Total time for which application threads were stopped: 0.0013959 seconds, Stopping threads took: 0.0006128 seconds
2016-06-27T20:10:54.084+0300: 751.189: Total time for which application threads were stopped: 0.0038942 seconds, Stopping threads took: 0.0026087 seconds
2016-06-27T20:10:54.416+0300: 751.522: [Full GC (Allocation Failure) 2016-06-27T20:10:54.416+0300: 751.522: [Tenured: 3495150K->3495143K(3495296K), 0.5363491 secs] 5067358K->3761169K(5068160K), [Metaspace: 9097K->9097K(1058816K)], 0.5365296 secs] [Times: user=0.53 sys=0.00, real=0.54 secs] 
2016-06-27T20:10:54.953+0300: 752.059: Total time for which application threads were stopped: 0.5389681 seconds, Stopping threads took: 0.0020596 seconds
2016-06-27T20:10:55.081+0300: 752.187: Total time for which application threads were stopped: 0.0009096 seconds, Stopping threads took: 0.0003426 seconds
2016-06-27T20:10:56.083+0300: 753.189: Total time for which application threads were stopped: 0.0028379 seconds, Stopping threads took: 0.0016965 seconds
2016-06-27T20:10:56.673+0300: 753.779: [Full GC (Allocation Failure) 2016-06-27T20:10:56.673+0300: 753.779: [Tenured: 3495143K->3495160K(3495296K), 0.6849650 secs] 5067327K->3757177K(5068160K), [Metaspace: 9097K->9097K(1058816K)], 0.6851365 secs] [Times: user=0.69 sys=0.00, real=0.68 secs] 
2016-06-27T20:10:57.358+0300: 754.464: Total time for which application threads were stopped: 0.6884765 seconds, Stopping threads took: 0.0029226 seconds
2016-06-27T20:10:57.360+0300: 754.466: Total time for which application threads were stopped: 0.0007347 seconds, Stopping threads took: 0.0000932 seconds
2016-06-27T20:10:58.092+0300: 755.198: Total time for which application threads were stopped: 0.0023645 seconds, Stopping threads took: 0.0013612 seconds
2016-06-27T20:10:59.096+0300: 756.202: Total time for which application threads were stopped: 0.0055497 seconds, Stopping threads took: 0.0043069 seconds
2016-06-27T20:10:59.246+0300: 756.352: [Full GC (Allocation Failure) 2016-06-27T20:10:59.246+0300: 756.352: [Tenured: 3495160K->3495159K(3495296K), 0.5299540 secs] 5067374K->3695187K(5068160K), [Metaspace: 9097K->9097K(1058816K)], 0.5301118 secs] [Times: user=0.53 sys=0.00, real=0.53 secs] 
2016-06-27T20:10:59.776+0300: 756.882: Total time for which application threads were stopped: 0.5350221 seconds, Stopping threads took: 0.0045845 seconds
2016-06-27T20:11:00.779+0300: 757.885: Total time for which application threads were stopped: 0.0030847 seconds, Stopping threads took: 0.0026639 seconds
2016-06-27T20:11:01.587+0300: 758.693: [Full GC (Allocation Failure) 2016-06-27T20:11:01.587+0300: 758.693: [Tenured: 3495159K->3495189K(3495296K), 0.5904457 secs] 5067384K->3972211K(5068160K), [Metaspace: 9097K->9097K(1058816K)], 0.5906001 secs] [Times: user=0.59 sys=0.00, real=0.59 secs] 
2016-06-27T20:11:02.178+0300: 759.284: Total time for which application threads were stopped: 0.5952461 seconds, Stopping threads took: 0.0041807 seconds
2016-06-27T20:11:03.193+0300: 760.299: Total time for which application threads were stopped: 0.0146925 seconds, Stopping threads took: 0.0143110 seconds
2016-06-27T20:11:03.743+0300: 760.850: [Full GC (Allocation Failure) 2016-06-27T20:11:03.744+0300: 760.850: [Tenured: 3495189K->3495166K(3495296K), 0.6172806 secs] 5067389K->3886214K(5068160K), [Metaspace: 9097K->9097K(1058816K)], 0.6174632 secs] [Times: user=0.59 sys=0.00, real=0.62 secs] 
2016-06-27T20:11:04.361+0300: 761.467: Total time for which application threads were stopped: 0.6220044 seconds, Stopping threads took: 0.0041534 seconds
2016-06-27T20:11:04.364+0300: 761.470: Total time for which application threads were stopped: 0.0006432 seconds, Stopping threads took: 0.0001018 seconds
2016-06-27T20:11:04.746+0300: 761.852: Total time for which application threads were stopped: 0.0019741 seconds, Stopping threads took: 0.0010020 seconds
2016-06-27T20:11:05.750+0300: 762.857: Total time for which application threads were stopped: 0.0061715 seconds, Stopping threads took: 0.0047842 seconds
2016-06-27T20:11:05.934+0300: 763.040: [Full GC (Allocation Failure) 2016-06-27T20:11:05.934+0300: 763.040: [Tenured: 3495166K->3495175K(3495296K), 0.5613075 secs] 5067426K->3599190K(5068160K), [Metaspace: 9097K->9097K(1058816K)], 0.5614734 secs] [Times: user=0.56 sys=0.00, real=0.56 secs] 
2016-06-27T20:11:06.496+0300: 763.602: Total time for which application threads were stopped: 0.5627897 seconds, Stopping threads took: 0.0009913 seconds
2016-06-27T20:11:07.498+0300: 764.604: Total time for which application threads were stopped: 0.0026754 seconds, Stopping threads took: 0.0022572 seconds
2016-06-27T20:11:08.560+0300: 765.666: [Full GC (Allocation Failure) 2016-06-27T20:11:08.560+0300: 765.666: [Tenured: 3495175K->3495198K(3495296K), 0.6204114 secs] 5067376K->3967221K(5068160K), [Metaspace: 9097K->9097K(1058816K)], 0.6206791 secs] [Times: user=0.64 sys=0.01, real=0.62 secs] 
2016-06-27T20:11:09.181+0300: 766.287: Total time for which application threads were stopped: 0.6279860 seconds, Stopping threads took: 0.0066509 seconds
2016-06-27T20:11:10.024+0300: 767.131: Total time for which application threads were stopped: 0.0023658 seconds, Stopping threads took: 0.0019185 seconds
2016-06-27T20:11:10.626+0300: 767.732: [Full GC (Allocation Failure) 2016-06-27T20:11:10.626+0300: 767.732: [Tenured: 3495198K->3495195K(3495296K), 0.6116988 secs] 5067442K->3894241K(5068160K), [Metaspace: 9098K->9098K(1058816K)], 0.6118733 secs] [Times: user=0.61 sys=0.02, real=0.61 secs] 
2016-06-27T20:11:11.238+0300: 768.344: Total time for which application threads were stopped: 0.6159711 seconds, Stopping threads took: 0.0037159 seconds
2016-06-27T20:11:12.240+0300: 769.346: Total time for which application threads were stopped: 0.0022670 seconds, Stopping threads took: 0.0018881 seconds
2016-06-27T20:11:12.551+0300: 769.657: Total time for which application threads were stopped: 0.0011478 seconds, Stopping threads took: 0.0008912 seconds
2016-06-27T20:11:12.556+0300: 769.662: Total time for which application threads were stopped: 0.0008814 seconds, Stopping threads took: 0.0000757 seconds
2016-06-27T20:11:12.792+0300: 769.898: [Full GC (Allocation Failure) 2016-06-27T20:11:12.792+0300: 769.898: [Tenured: 3495195K->3495229K(3495296K), 0.6097278 secs] 5067412K->3885516K(5068160K), [Metaspace: 9098K->9098K(1058816K)], 0.6099108 secs] [Times: user=0.61 sys=0.00, real=0.61 secs] 
2016-06-27T20:11:13.402+0300: 770.508: Total time for which application threads were stopped: 0.6112879 seconds, Stopping threads took: 0.0010127 seconds
2016-06-27T20:11:14.405+0300: 771.511: Total time for which application threads were stopped: 0.0020160 seconds, Stopping threads took: 0.0017350 seconds
2016-06-27T20:11:14.906+0300: 772.012: [Full GC (Allocation Failure) 2016-06-27T20:11:14.906+0300: 772.012: [Tenured: 3495229K->3494501K(3495296K), 0.5664731 secs] 5067397K->3763515K(5068160K), [Metaspace: 9098K->9098K(1058816K)], 0.5666266 secs] [Times: user=0.56 sys=0.00, real=0.57 secs] 
2016-06-27T20:11:15.473+0300: 772.579: Total time for which application threads were stopped: 0.5682205 seconds, Stopping threads took: 0.0012419 seconds
2016-06-27T20:11:17.083+0300: 774.189: [Full GC (Allocation Failure) 2016-06-27T20:11:17.083+0300: 774.189: [Tenured: 3494501K->3494487K(3495296K), 0.6305220 secs] 5066667K->4009542K(5068160K), [Metaspace: 9098K->9098K(1058816K)], 0.6307324 secs] [Times: user=0.63 sys=0.00, real=0.63 secs] 
2016-06-27T20:11:17.713+0300: 774.820: Total time for which application threads were stopped: 0.6362855 seconds, Stopping threads took: 0.0051028 seconds
2016-06-27T20:11:18.715+0300: 775.821: Total time for which application threads were stopped: 0.0019728 seconds, Stopping threads took: 0.0015870 seconds
2016-06-27T20:11:19.095+0300: 776.201: [Full GC (Allocation Failure) 2016-06-27T20:11:19.095+0300: 776.201: [Tenured: 3494487K->3495255K(3495296K), 0.5820662 secs] 5066697K->3942306K(5068160K), [Metaspace: 9098K->9098K(1058816K)], 0.5822343 secs] [Times: user=0.58 sys=0.00, real=0.58 secs] 
2016-06-27T20:11:19.677+0300: 776.783: Total time for which application threads were stopped: 0.5907326 seconds, Stopping threads took: 0.0081391 seconds
2016-06-27T20:11:20.988+0300: 778.094: [Full GC (Allocation Failure) 2016-06-27T20:11:20.988+0300: 778.094: [Tenured: 3495255K->3495263K(3495296K), 0.5728866 secs] 5067451K->3993311K(5068160K), [Metaspace: 9098K->9098K(1058816K)], 0.5730757 secs] [Times: user=0.58 sys=0.00, real=0.57 secs] 
2016-06-27T20:11:21.561+0300: 778.667: Total time for which application threads were stopped: 0.5752469 seconds, Stopping threads took: 0.0016495 seconds
2016-06-27T20:11:22.126+0300: 779.232: Total time for which application threads were stopped: 0.0027789 seconds, Stopping threads took: 0.0013150 seconds
2016-06-27T20:11:23.008+0300: 780.114: [Full GC (Allocation Failure) 2016-06-27T20:11:23.014+0300: 780.120: [Tenured: 3495263K->3495268K(3495296K), 0.6555223 secs] 5067425K->4058322K(5068160K), [Metaspace: 9098K->9098K(1058816K)], 0.6614461 secs] [Times: user=0.66 sys=0.00, real=0.66 secs] 
2016-06-27T20:11:23.669+0300: 780.776: Total time for which application threads were stopped: 0.6654948 seconds, Stopping threads took: 0.0035530 seconds
2016-06-27T20:11:23.673+0300: 780.779: Total time for which application threads were stopped: 0.0007360 seconds, Stopping threads took: 0.0000838 seconds
2016-06-27T20:11:24.922+0300: 782.028: [Full GC (Allocation Failure) 2016-06-27T20:11:24.922+0300: 782.028: [Tenured: 3495268K->3495276K(3495296K), 0.5710657 secs] 5067488K->4033332K(5068160K), [Metaspace: 9098K->9098K(1058816K)], 0.5712615 secs] [Times: user=0.58 sys=0.00, real=0.57 secs] 
2016-06-27T20:11:25.493+0300: 782.599: Total time for which application threads were stopped: 0.5732360 seconds, Stopping threads took: 0.0014438 seconds
2016-06-27T20:11:25.516+0300: 782.622: Total time for which application threads were stopped: 0.0008823 seconds, Stopping threads took: 0.0000714 seconds
2016-06-27T20:11:26.103+0300: 783.209: Total time for which application threads were stopped: 0.0030714 seconds, Stopping threads took: 0.0017508 seconds
2016-06-27T20:11:26.861+0300: 783.967: [Full GC (Allocation Failure) 2016-06-27T20:11:26.861+0300: 783.967: [Tenured: 3495276K->3495287K(3495296K), 0.5574325 secs] 5067509K->3834327K(5068160K), [Metaspace: 9098K->9098K(1058816K)], 0.5575843 secs] [Times: user=0.56 sys=0.00, real=0.56 secs] 
2016-06-27T20:11:27.418+0300: 784.524: Total time for which application threads were stopped: 0.5592817 seconds, Stopping threads took: 0.0013403 seconds
2016-06-27T20:11:27.421+0300: 784.527: Total time for which application threads were stopped: 0.0007471 seconds, Stopping threads took: 0.0000727 seconds
2016-06-27T20:11:28.107+0300: 785.213: Total time for which application threads were stopped: 0.0016679 seconds, Stopping threads took: 0.0009058 seconds
2016-06-27T20:11:28.935+0300: 786.041: [Full GC (Allocation Failure) 2016-06-27T20:11:28.935+0300: 786.041: [Tenured: 3495287K->3494312K(3495296K), 0.6280061 secs] 5067463K->4016343K(5068160K), [Metaspace: 9098K->9098K(1058816K)], 0.6281849 secs] [Times: user=0.63 sys=0.00, real=0.63 secs] 
2016-06-27T20:11:29.563+0300: 786.669: Total time for which application threads were stopped: 0.6297954 seconds, Stopping threads took: 0.0011260 seconds
2016-06-27T20:11:29.855+0300: 786.961: Total time for which application threads were stopped: 0.0013116 seconds, Stopping threads took: 0.0005012 seconds
2016-06-27T20:11:30.899+0300: 788.006: [Full GC (Allocation Failure) 2016-06-27T20:11:30.899+0300: 788.006: [Tenured: 3494312K->3494313K(3495296K), 0.5708463 secs] 5066309K->3719332K(5068160K), [Metaspace: 9098K->9098K(1058816K)], 0.5709981 secs] [Times: user=0.56 sys=0.00, real=0.57 secs] 
2016-06-27T20:11:31.471+0300: 788.577: Total time for which application threads were stopped: 0.5729264 seconds, Stopping threads took: 0.0014536 seconds
2016-06-27T20:11:31.473+0300: 788.579: Total time for which application threads were stopped: 0.0008190 seconds, Stopping threads took: 0.0000689 seconds
2016-06-27T20:11:33.110+0300: 790.216: Total time for which application threads were stopped: 0.0031249 seconds, Stopping threads took: 0.0017239 seconds
2016-06-27T20:11:33.289+0300: 790.394: [Full GC (Allocation Failure) 2016-06-27T20:11:33.289+0300: 790.395: [Tenured: 3494313K->3494313K(3495296K), 0.5555012 secs] 5066555K->3951366K(5068160K), [Metaspace: 9098K->9098K(1058816K)], 0.5556962 secs] [Times: user=0.55 sys=0.00, real=0.56 secs] 
2016-06-27T20:11:33.844+0300: 790.950: Total time for which application threads were stopped: 0.5562338 seconds, Stopping threads took: 0.0001818 seconds
2016-06-27T20:11:34.847+0300: 791.953: Total time for which application threads were stopped: 0.0027853 seconds, Stopping threads took: 0.0024167 seconds
2016-06-27T20:11:35.245+0300: 792.351: [Full GC (Allocation Failure) 2016-06-27T20:11:35.245+0300: 792.352: [Tenured: 3494313K->3494322K(3495296K), 0.6126893 secs] 5066543K->3936372K(5068160K), [Metaspace: 9098K->9098K(1058816K)], 0.6128706 secs] [Times: user=0.61 sys=0.00, real=0.61 secs] 
2016-06-27T20:11:35.858+0300: 792.964: Total time for which application threads were stopped: 0.6146890 seconds, Stopping threads took: 0.0014463 seconds
2016-06-27T20:11:36.651+0300: 793.757: Total time for which application threads were stopped: 0.0018966 seconds, Stopping threads took: 0.0014981 seconds
2016-06-27T20:11:37.111+0300: 794.217: Total time for which application threads were stopped: 0.0031206 seconds, Stopping threads took: 0.0022332 seconds
2016-06-27T20:11:37.332+0300: 794.438: [Full GC (Allocation Failure) 2016-06-27T20:11:37.332+0300: 794.438: [Tenured: 3494322K->3494357K(3495296K), 0.5819602 secs] 5066537K->3916669K(5068160K), [Metaspace: 9098K->9098K(1058816K)], 0.5821415 secs] [Times: user=0.59 sys=0.00, real=0.58 secs] 
2016-06-27T20:11:37.915+0300: 795.020: Total time for which application threads were stopped: 0.5828801 seconds, Stopping threads took: 0.0003828 seconds
2016-06-27T20:11:38.916+0300: 796.022: Total time for which application threads were stopped: 0.0017636 seconds, Stopping threads took: 0.0013929 seconds
2016-06-27T20:11:39.370+0300: 796.476: [Full GC (Allocation Failure) 2016-06-27T20:11:39.370+0300: 796.476: [Tenured: 3494357K->3494631K(3495296K), 0.5549957 secs] 5066546K->3744646K(5068160K), [Metaspace: 9098K->9098K(1058816K)], 0.5551561 secs] [Times: user=0.55 sys=0.00, real=0.56 secs] 
2016-06-27T20:11:39.925+0300: 797.031: Total time for which application threads were stopped: 0.5569073 seconds, Stopping threads took: 0.0014023 seconds
2016-06-27T20:11:40.109+0300: 797.215: Total time for which application threads were stopped: 0.0009956 seconds, Stopping threads took: 0.0004349 seconds
2016-06-27T20:11:41.111+0300: 798.217: Total time for which application threads were stopped: 0.0025420 seconds, Stopping threads took: 0.0013830 seconds
2016-06-27T20:11:41.650+0300: 798.756: [Full GC (Allocation Failure) 2016-06-27T20:11:41.650+0300: 798.756: [Tenured: 3494631K->3494349K(3495296K), 0.5940602 secs] 5066840K->3852371K(5068160K), [Metaspace: 9098K->9098K(1058816K)], 0.5942394 secs] [Times: user=0.59 sys=0.00, real=0.59 secs] 
2016-06-27T20:11:42.245+0300: 799.350: Total time for which application threads were stopped: 0.6022960 seconds, Stopping threads took: 0.0076738 seconds
2016-06-27T20:11:42.247+0300: 799.353: Total time for which application threads were stopped: 0.0006907 seconds, Stopping threads took: 0.0000992 seconds
2016-06-27T20:11:43.111+0300: 800.217: Total time for which application threads were stopped: 0.0023658 seconds, Stopping threads took: 0.0012103 seconds
2016-06-27T20:11:43.795+0300: 800.901: [Full GC (Allocation Failure) 2016-06-27T20:11:43.795+0300: 800.901: [Tenured: 3494349K->3494372K(3495296K), 0.5804180 secs] 5066514K->3906382K(5068160K), [Metaspace: 9098K->9098K(1058816K)], 0.5805955 secs] [Times: user=0.58 sys=0.00, real=0.58 secs] 
2016-06-27T20:11:44.376+0300: 801.482: Total time for which application threads were stopped: 0.5828172 seconds, Stopping threads took: 0.0017914 seconds
2016-06-27T20:11:44.378+0300: 801.484: Total time for which application threads were stopped: 0.0006731 seconds, Stopping threads took: 0.0000800 seconds
2016-06-27T20:11:45.111+0300: 802.217: Total time for which application threads were stopped: 0.0019150 seconds, Stopping threads took: 0.0008070 seconds
2016-06-27T20:11:45.869+0300: 802.975: [Full GC (Allocation Failure) 2016-06-27T20:11:45.869+0300: 802.975: [Tenured: 3494372K->3494365K(3495296K), 0.5081629 secs] 5066574K->3773382K(5068160K), [Metaspace: 9098K->9098K(1058816K)], 0.5083074 secs] [Times: user=0.50 sys=0.00, real=0.51 secs] 
2016-06-27T20:11:46.377+0300: 803.483: Total time for which application threads were stopped: 0.5100454 seconds, Stopping threads took: 0.0013394 seconds
2016-06-27T20:11:46.380+0300: 803.485: Total time for which application threads were stopped: 0.0007407 seconds, Stopping threads took: 0.0000748 seconds
2016-06-27T20:11:47.112+0300: 804.218: Total time for which application threads were stopped: 0.0018257 seconds, Stopping threads took: 0.0007856 seconds
2016-06-27T20:11:47.978+0300: 805.084: [Full GC (Allocation Failure) 2016-06-27T20:11:47.978+0300: 805.084: [Tenured: 3494365K->3494351K(3495296K), 0.6057741 secs] 5066546K->3698366K(5068160K), [Metaspace: 9098K->9098K(1058816K)], 0.6059815 secs] [Times: user=0.61 sys=0.00, real=0.61 secs] 
2016-06-27T20:11:48.584+0300: 805.690: Total time for which application threads were stopped: 0.6078948 seconds, Stopping threads took: 0.0014134 seconds
2016-06-27T20:11:49.169+0300: 806.275: Total time for which application threads were stopped: 0.0024231 seconds, Stopping threads took: 0.0011401 seconds
2016-06-27T20:11:49.178+0300: 806.284: Total time for which application threads were stopped: 0.0005966 seconds, Stopping threads took: 0.0000821 seconds
2016-06-27T20:11:50.115+0300: 807.221: Total time for which application threads were stopped: 0.0042205 seconds, Stopping threads took: 0.0027374 seconds
2016-06-27T20:11:50.354+0300: 807.460: [Full GC (Allocation Failure) 2016-06-27T20:11:50.354+0300: 807.460: [Tenured: 3494351K->3494362K(3495296K), 0.6468918 secs] 5066527K->3809669K(5068160K), [Metaspace: 9098K->9098K(1058816K)], 0.6470269 secs] [Times: user=0.64 sys=0.00, real=0.65 secs] 
2016-06-27T20:11:51.001+0300: 808.107: Total time for which application threads were stopped: 0.6480730 seconds, Stopping threads took: 0.0006257 seconds
2016-06-27T20:11:52.004+0300: 809.109: Total time for which application threads were stopped: 0.0021323 seconds, Stopping threads took: 0.0016430 seconds
2016-06-27T20:11:52.113+0300: 809.219: Total time for which application threads were stopped: 0.0019809 seconds, Stopping threads took: 0.0005431 seconds
2016-06-27T20:11:52.901+0300: 810.007: [Full GC (Allocation Failure) 2016-06-27T20:11:52.901+0300: 810.007: [Tenured: 3494362K->3494376K(3495296K), 0.5910799 secs] 5066587K->3970421K(5068160K), [Metaspace: 9098K->9098K(1058816K)], 0.5912454 secs] [Times: user=0.59 sys=0.00, real=0.59 secs] 
2016-06-27T20:11:53.493+0300: 810.599: Total time for which application threads were stopped: 0.5933105 seconds, Stopping threads took: 0.0015622 seconds
2016-06-27T20:11:53.654+0300: 810.760: Total time for which application threads were stopped: 0.0015674 seconds, Stopping threads took: 0.0005102 seconds
2016-06-27T20:11:54.900+0300: 812.006: [Full GC (Allocation Failure) 2016-06-27T20:11:54.900+0300: 812.006: [Tenured: 3494376K->3494382K(3495296K), 0.6132208 secs] 5066572K->3903422K(5068160K), [Metaspace: 9098K->9098K(1058816K)], 0.6134060 secs] [Times: user=0.61 sys=0.00, real=0.61 secs] 
2016-06-27T20:11:55.513+0300: 812.619: Total time for which application threads were stopped: 0.6178519 seconds, Stopping threads took: 0.0039237 seconds
2016-06-27T20:11:55.518+0300: 812.624: Total time for which application threads were stopped: 0.0011525 seconds, Stopping threads took: 0.0000766 seconds
2016-06-27T20:11:56.998+0300: 814.104: [Full GC (Allocation Failure) 2016-06-27T20:11:56.998+0300: 814.104: [Tenured: 3494382K->3494392K(3495296K), 0.5975785 secs] 5066600K->3762420K(5068160K), [Metaspace: 9098K->9098K(1058816K)], 0.5977834 secs] [Times: user=0.59 sys=0.00, real=0.60 secs] 
2016-06-27T20:11:57.596+0300: 814.702: Total time for which application threads were stopped: 0.6028417 seconds, Stopping threads took: 0.0045032 seconds
2016-06-27T20:11:57.599+0300: 814.704: Total time for which application threads were stopped: 0.0011555 seconds, Stopping threads took: 0.0002074 seconds
2016-06-27T20:11:58.115+0300: 815.221: Total time for which application threads were stopped: 0.0021785 seconds, Stopping threads took: 0.0008878 seconds
2016-06-27T20:11:59.116+0300: 816.222: Total time for which application threads were stopped: 0.0025270 seconds, Stopping threads took: 0.0013659 seconds
2016-06-27T20:11:59.372+0300: 816.478: [Full GC (Allocation Failure) 2016-06-27T20:11:59.372+0300: 816.478: [Tenured: 3494392K->3494406K(3495296K), 0.5375868 secs] 5066626K->3787443K(5068160K), [Metaspace: 9098K->9098K(1058816K)], 0.5377467 secs] [Times: user=0.53 sys=0.00, real=0.54 secs] 
2016-06-27T20:11:59.910+0300: 817.016: Total time for which application threads were stopped: 0.5394073 seconds, Stopping threads took: 0.0012992 seconds
2016-06-27T20:12:00.918+0300: 818.024: Total time for which application threads were stopped: 0.0062848 seconds, Stopping threads took: 0.0059059 seconds
2016-06-27T20:12:01.529+0300: 818.635: [Full GC (Allocation Failure) 2016-06-27T20:12:01.529+0300: 818.635: [Tenured: 3494406K->3494432K(3495296K), 0.6186747 secs] 5066413K->3877453K(5068160K), [Metaspace: 9098K->9098K(1058816K)], 0.6188338 secs] [Times: user=0.63 sys=0.00, real=0.62 secs] 
2016-06-27T20:12:02.148+0300: 819.254: Total time for which application threads were stopped: 0.6241141 seconds, Stopping threads took: 0.0048693 seconds
2016-06-27T20:12:02.150+0300: 819.256: Total time for which application threads were stopped: 0.0007664 seconds, Stopping threads took: 0.0000629 seconds
2016-06-27T20:12:03.118+0300: 820.224: Total time for which application threads were stopped: 0.0039725 seconds, Stopping threads took: 0.0028610 seconds
2016-06-27T20:12:03.683+0300: 820.789: [Full GC (Allocation Failure) 2016-06-27T20:12:03.683+0300: 820.789: [Tenured: 3494432K->3494441K(3495296K), 0.5949027 secs] 5066399K->3996470K(5068160K), [Metaspace: 9098K->9098K(1058816K)], 0.5950832 secs] [Times: user=0.59 sys=0.00, real=0.60 secs] 
2016-06-27T20:12:04.278+0300: 821.384: Total time for which application threads were stopped: 0.5980537 seconds, Stopping threads took: 0.0025698 seconds
2016-06-27T20:12:04.312+0300: 821.418: Total time for which application threads were stopped: 0.0007954 seconds, Stopping threads took: 0.0001728 seconds
2016-06-27T20:12:04.806+0300: 821.912: Total time for which application threads were stopped: 0.0009259 seconds, Stopping threads took: 0.0006154 seconds
2016-06-27T20:12:05.116+0300: 822.222: Total time for which application threads were stopped: 0.0017123 seconds, Stopping threads took: 0.0007223 seconds
2016-06-27T20:12:05.655+0300: 822.761: [Full GC (Allocation Failure) 2016-06-27T20:12:05.655+0300: 822.761: [Tenured: 3494441K->3494444K(3495296K), 0.5705226 secs] 5066620K->3797463K(5068160K), [Metaspace: 9104K->9104K(1058816K)], 0.5706786 secs] [Times: user=0.58 sys=0.00, real=0.57 secs] 
2016-06-27T20:12:06.226+0300: 823.332: Total time for which application threads were stopped: 0.5720754 seconds, Stopping threads took: 0.0010011 seconds
2016-06-27T20:12:06.529+0300: 823.635: Total time for which application threads were stopped: 0.0011666 seconds, Stopping threads took: 0.0005089 seconds
2016-06-27T20:12:07.535+0300: 824.641: Total time for which application threads were stopped: 0.0057331 seconds, Stopping threads took: 0.0053769 seconds
2016-06-27T20:12:07.887+0300: 824.993: [Full GC (Allocation Failure) 2016-06-27T20:12:07.887+0300: 824.993: [Tenured: 3494444K->3494452K(3495296K), 0.5941864 secs] 5066657K->3969485K(5068160K), [Metaspace: 9104K->9104K(1058816K)], 0.5943446 secs] [Times: user=0.59 sys=0.00, real=0.59 secs] 
2016-06-27T20:12:08.481+0300: 825.587: Total time for which application threads were stopped: 0.5964273 seconds, Stopping threads took: 0.0017525 seconds
2016-06-27T20:12:08.483+0300: 825.590: Total time for which application threads were stopped: 0.0006111 seconds, Stopping threads took: 0.0001091 seconds
2016-06-27T20:12:09.118+0300: 826.224: Total time for which application threads were stopped: 0.0021721 seconds, Stopping threads took: 0.0011547 seconds
2016-06-27T20:12:09.860+0300: 826.966: [Full GC (Allocation Failure) 2016-06-27T20:12:09.866+0300: 826.972: [Tenured: 3494452K->3494474K(3495296K), 0.5903080 secs] 5066621K->3861484K(5068160K), [Metaspace: 9104K->9104K(1058816K)], 0.5964042 secs] [Times: user=0.58 sys=0.00, real=0.60 secs] 
2016-06-27T20:12:10.457+0300: 827.563: Total time for which application threads were stopped: 0.5983971 seconds, Stopping threads took: 0.0016016 seconds
2016-06-27T20:12:10.460+0300: 827.566: Total time for which application threads were stopped: 0.0007544 seconds, Stopping threads took: 0.0000774 seconds
2016-06-27T20:12:11.118+0300: 828.225: Total time for which application threads were stopped: 0.0019223 seconds, Stopping threads took: 0.0008228 seconds
2016-06-27T20:12:12.025+0300: 829.131: [Full GC (Allocation Failure) 2016-06-27T20:12:12.025+0300: 829.131: [Tenured: 3494474K->3494466K(3495296K), 0.5367143 secs] 5066700K->3786486K(5068160K), [Metaspace: 9104K->9104K(1058816K)], 0.5368786 secs] [Times: user=0.53 sys=0.00, real=0.54 secs] 
2016-06-27T20:12:12.562+0300: 829.668: Total time for which application threads were stopped: 0.5397545 seconds, Stopping threads took: 0.0024355 seconds
2016-06-27T20:12:12.564+0300: 829.670: Total time for which application threads were stopped: 0.0007890 seconds, Stopping threads took: 0.0000791 seconds
2016-06-27T20:12:14.105+0300: 831.211: [Full GC (Allocation Failure) 2016-06-27T20:12:14.105+0300: 831.211: [Tenured: 3494466K->3494455K(3495296K), 0.6219707 secs] 5066704K->3791493K(5068160K), [Metaspace: 9104K->9104K(1058816K)], 0.6221883 secs] [Times: user=0.63 sys=0.00, real=0.62 secs] 
2016-06-27T20:12:14.727+0300: 831.833: Total time for which application threads were stopped: 0.6250712 seconds, Stopping threads took: 0.0022760 seconds
2016-06-27T20:12:14.730+0300: 831.836: Total time for which application threads were stopped: 0.0009669 seconds, Stopping threads took: 0.0000689 seconds
2016-06-27T20:12:16.357+0300: 833.463: [Full GC (Allocation Failure) 2016-06-27T20:12:16.357+0300: 833.463: [Tenured: 3494455K->3494462K(3495296K), 0.5710101 secs] 5066438K->3887519K(5068160K), [Metaspace: 9104K->9104K(1058816K)], 0.5711944 secs] [Times: user=0.58 sys=0.00, real=0.57 secs] 
2016-06-27T20:12:16.928+0300: 834.034: Total time for which application threads were stopped: 0.5743188 seconds, Stopping threads took: 0.0025463 seconds
2016-06-27T20:12:17.121+0300: 834.227: Total time for which application threads were stopped: 0.0013394 seconds, Stopping threads took: 0.0003135 seconds
2016-06-27T20:12:18.122+0300: 835.228: Total time for which application threads were stopped: 0.0026506 seconds, Stopping threads took: 0.0015605 seconds
2016-06-27T20:12:18.130+0300: 835.237: Total time for which application threads were stopped: 0.0005038 seconds, Stopping threads took: 0.0000924 seconds
2016-06-27T20:12:18.581+0300: 835.687: [Full GC (Allocation Failure) 2016-06-27T20:12:18.581+0300: 835.687: [Tenured: 3494462K->3494503K(3495296K), 0.5481567 secs] 5066616K->3807524K(5068160K), [Metaspace: 9104K->9104K(1058816K)], 0.5483247 secs] [Times: user=0.56 sys=0.00, real=0.55 secs] 
2016-06-27T20:12:19.130+0300: 836.236: Total time for which application threads were stopped: 0.5493019 seconds, Stopping threads took: 0.0006847 seconds
2016-06-27T20:12:19.132+0300: 836.238: Total time for which application threads were stopped: 0.0007531 seconds, Stopping threads took: 0.0002258 seconds
2016-06-27T20:12:20.122+0300: 837.229: Total time for which application threads were stopped: 0.0023645 seconds, Stopping threads took: 0.0012458 seconds
2016-06-27T20:12:20.725+0300: 837.831: [Full GC (Allocation Failure) 2016-06-27T20:12:20.725+0300: 837.831: [Tenured: 3494503K->3494501K(3495296K), 0.5987392 secs] 5066730K->3787523K(5068160K), [Metaspace: 9104K->9104K(1058816K)], 0.5989141 secs] [Times: user=0.59 sys=0.00, real=0.60 secs] 
2016-06-27T20:12:21.324+0300: 838.430: Total time for which application threads were stopped: 0.6020073 seconds, Stopping threads took: 0.0026643 seconds
2016-06-27T20:12:21.326+0300: 838.432: Total time for which application threads were stopped: 0.0006885 seconds, Stopping threads took: 0.0000753 seconds
2016-06-27T20:12:22.123+0300: 839.229: Total time for which application threads were stopped: 0.0021023 seconds, Stopping threads took: 0.0010063 seconds
2016-06-27T20:12:22.959+0300: 840.065: [Full GC (Allocation Failure) 2016-06-27T20:12:22.959+0300: 840.065: [Tenured: 3494501K->3494511K(3495296K), 0.5958239 secs] 5066739K->3842534K(5068160K), [Metaspace: 9104K->9104K(1058816K)], 0.5959984 secs] [Times: user=0.59 sys=0.00, real=0.60 secs] 
2016-06-27T20:12:23.555+0300: 840.661: Total time for which application threads were stopped: 0.5988521 seconds, Stopping threads took: 0.0023666 seconds
2016-06-27T20:12:23.557+0300: 840.663: Total time for which application threads were stopped: 0.0007493 seconds, Stopping threads took: 0.0001073 seconds
2016-06-27T20:12:24.123+0300: 841.229: Total time for which application threads were stopped: 0.0019056 seconds, Stopping threads took: 0.0009498 seconds
2016-06-27T20:12:25.128+0300: 842.234: Total time for which application threads were stopped: 0.0060513 seconds, Stopping threads took: 0.0044917 seconds
2016-06-27T20:12:25.360+0300: 842.466: [Full GC (Allocation Failure) 2016-06-27T20:12:25.366+0300: 842.472: [Tenured: 3494511K->3494515K(3495296K), 0.6145966 secs] 5066753K->3773546K(5068160K), [Metaspace: 9104K->9104K(1058816K)], 0.6206890 secs] [Times: user=0.61 sys=0.00, real=0.62 secs] 
2016-06-27T20:12:25.981+0300: 843.087: Total time for which application threads were stopped: 0.6222666 seconds, Stopping threads took: 0.0009883 seconds
2016-06-27T20:12:26.986+0300: 844.092: Total time for which application threads were stopped: 0.0046251 seconds, Stopping threads took: 0.0042295 seconds
2016-06-27T20:12:27.604+0300: 844.710: [Full GC (Allocation Failure) 2016-06-27T20:12:27.604+0300: 844.710: [Tenured: 3494515K->3494544K(3495296K), 0.6149571 secs] 5066713K->3907562K(5068160K), [Metaspace: 9104K->9104K(1058816K)], 0.6151303 secs] [Times: user=0.61 sys=0.00, real=0.62 secs] 
2016-06-27T20:12:28.219+0300: 845.325: Total time for which application threads were stopped: 0.6176471 seconds, Stopping threads took: 0.0021122 seconds
2016-06-27T20:12:29.126+0300: 846.232: Total time for which application threads were stopped: 0.0039186 seconds, Stopping threads took: 0.0027310 seconds
2016-06-27T20:12:29.714+0300: 846.820: [Full GC (Allocation Failure) 2016-06-27T20:12:29.714+0300: 846.820: [Tenured: 3494544K->3494536K(3495296K), 0.5871113 secs] 5066746K->3893568K(5068160K), [Metaspace: 9104K->9104K(1058816K)], 0.5872828 secs] [Times: user=0.59 sys=0.00, real=0.59 secs] 
2016-06-27T20:12:30.301+0300: 847.408: Total time for which application threads were stopped: 0.5923351 seconds, Stopping threads took: 0.0046606 seconds
2016-06-27T20:12:30.303+0300: 847.410: Total time for which application threads were stopped: 0.0006748 seconds, Stopping threads took: 0.0000787 seconds
2016-06-27T20:12:31.125+0300: 848.231: Total time for which application threads were stopped: 0.0019467 seconds, Stopping threads took: 0.0011093 seconds
2016-06-27T20:12:31.133+0300: 848.239: Total time for which application threads were stopped: 0.0004679 seconds, Stopping threads took: 0.0000795 seconds
2016-06-27T20:12:31.809+0300: 848.915: [Full GC (Allocation Failure) 2016-06-27T20:12:31.809+0300: 848.915: [Tenured: 3494536K->3494547K(3495296K), 0.5434602 secs] 5066725K->3639557K(5068160K), [Metaspace: 9104K->9104K(1058816K)], 0.5436180 secs] [Times: user=0.55 sys=0.00, real=0.54 secs] 
2016-06-27T20:12:32.353+0300: 849.459: Total time for which application threads were stopped: 0.5447491 seconds, Stopping threads took: 0.0007326 seconds
2016-06-27T20:12:32.355+0300: 849.461: Total time for which application threads were stopped: 0.0007416 seconds, Stopping threads took: 0.0000663 seconds
2016-06-27T20:12:33.125+0300: 850.231: Total time for which application threads were stopped: 0.0017465 seconds, Stopping threads took: 0.0009768 seconds
2016-06-27T20:12:34.129+0300: 851.235: Total time for which application threads were stopped: 0.0049569 seconds, Stopping threads took: 0.0038061 seconds
2016-06-27T20:12:34.255+0300: 851.361: [Full GC (Allocation Failure) 2016-06-27T20:12:34.255+0300: 851.361: [Tenured: 3494547K->3494560K(3495296K), 0.5953954 secs] 5066766K->3843587K(5068160K), [Metaspace: 9104K->9104K(1058816K)], 0.5955972 secs] [Times: user=0.59 sys=0.00, real=0.60 secs] 
2016-06-27T20:12:34.851+0300: 851.957: Total time for which application threads were stopped: 0.5981071 seconds, Stopping threads took: 0.0021755 seconds
2016-06-27T20:12:35.853+0300: 852.959: Total time for which application threads were stopped: 0.0021049 seconds, Stopping threads took: 0.0017380 seconds
2016-06-27T20:12:36.374+0300: 853.480: [Full GC (Allocation Failure) 2016-06-27T20:12:36.374+0300: 853.480: [Tenured: 3494560K->3494565K(3495296K), 0.5731419 secs] 5066785K->3876597K(5068160K), [Metaspace: 9104K->9104K(1058816K)], 0.5733062 secs] [Times: user=0.58 sys=0.00, real=0.57 secs] 
2016-06-27T20:12:36.947+0300: 854.053: Total time for which application threads were stopped: 0.5747777 seconds, Stopping threads took: 0.0011029 seconds
2016-06-27T20:12:37.949+0300: 855.055: Total time for which application threads were stopped: 0.0015293 seconds, Stopping threads took: 0.0011773 seconds
2016-06-27T20:12:38.467+0300: 855.573: [Full GC (Allocation Failure) 2016-06-27T20:12:38.467+0300: 855.573: [Tenured: 3494565K->3494584K(3495296K), 0.5267658 secs] 5066749K->3806600K(5068160K), [Metaspace: 9104K->9104K(1058816K)], 0.5269266 secs] [Times: user=0.53 sys=0.00, real=0.53 secs] 
2016-06-27T20:12:38.994+0300: 856.100: Total time for which application threads were stopped: 0.5288130 seconds, Stopping threads took: 0.0014955 seconds
2016-06-27T20:12:39.126+0300: 856.232: Total time for which application threads were stopped: 0.0010636 seconds, Stopping threads took: 0.0003575 seconds
2016-06-27T20:12:40.128+0300: 857.234: Total time for which application threads were stopped: 0.0028961 seconds, Stopping threads took: 0.0017906 seconds
2016-06-27T20:12:40.618+0300: 857.724: [Full GC (Allocation Failure) 2016-06-27T20:12:40.619+0300: 857.724: [Tenured: 3494584K->3494579K(3495296K), 0.5983423 secs] 5066779K->3637593K(5068160K), [Metaspace: 9104K->9104K(1058816K)], 0.5985100 secs] [Times: user=0.59 sys=0.00, real=0.60 secs] 
2016-06-27T20:12:41.217+0300: 858.323: Total time for which application threads were stopped: 0.6013748 seconds, Stopping threads took: 0.0025001 seconds
2016-06-27T20:12:42.220+0300: 859.326: Total time for which application threads were stopped: 0.0028174 seconds, Stopping threads took: 0.0024620 seconds
2016-06-27T20:12:42.813+0300: 859.919: Total time for which application threads were stopped: 0.0019039 seconds, Stopping threads took: 0.0009682 seconds
2016-06-27T20:12:43.032+0300: 860.138: [Full GC (Allocation Failure) 2016-06-27T20:12:43.032+0300: 860.138: [Tenured: 3494579K->3494614K(3495296K), 0.5683253 secs] 5066548K->4091639K(5068160K), [Metaspace: 9104K->9104K(1058816K)], 0.5684643 secs] [Times: user=0.58 sys=0.00, real=0.57 secs] 
2016-06-27T20:12:43.600+0300: 860.706: Total time for which application threads were stopped: 0.5697083 seconds, Stopping threads took: 0.0008617 seconds
2016-06-27T20:12:44.065+0300: 861.171: Total time for which application threads were stopped: 0.0015421 seconds, Stopping threads took: 0.0007527 seconds
2016-06-27T20:12:44.847+0300: 861.953: [Full GC (Allocation Failure) 2016-06-27T20:12:44.847+0300: 861.953: [Tenured: 3494614K->3494603K(3495296K), 0.5529421 secs] 5066952K->3955630K(5068160K), [Metaspace: 9104K->9104K(1058816K)], 0.5531046 secs] [Times: user=0.56 sys=0.00, real=0.55 secs] 
2016-06-27T20:12:45.400+0300: 862.506: Total time for which application threads were stopped: 0.5553088 seconds, Stopping threads took: 0.0017863 seconds
2016-06-27T20:12:45.420+0300: 862.526: Total time for which application threads were stopped: 0.0007749 seconds, Stopping threads took: 0.0000787 seconds
2016-06-27T20:12:46.223+0300: 863.329: Total time for which application threads were stopped: 0.0021990 seconds, Stopping threads took: 0.0011829 seconds
2016-06-27T20:12:46.845+0300: 863.951: [Full GC (Allocation Failure) 2016-06-27T20:12:46.845+0300: 863.951: [Tenured: 3494603K->3494609K(3495296K), 0.6072320 secs] 5066798K->3804628K(5068160K), [Metaspace: 9104K->9104K(1058816K)], 0.6073949 secs] [Times: user=0.61 sys=0.00, real=0.61 secs] 
2016-06-27T20:12:47.452+0300: 864.558: Total time for which application threads were stopped: 0.6096020 seconds, Stopping threads took: 0.0018124 seconds
2016-06-27T20:12:47.455+0300: 864.561: Total time for which application threads were stopped: 0.0006612 seconds, Stopping threads took: 0.0000624 seconds
2016-06-27T20:12:47.463+0300: 864.569: Total time for which application threads were stopped: 0.0003220 seconds, Stopping threads took: 0.0000894 seconds
2016-06-27T20:12:48.224+0300: 865.330: Total time for which application threads were stopped: 0.0020095 seconds, Stopping threads took: 0.0010820 seconds
2016-06-27T20:12:49.051+0300: 866.157: [Full GC (Allocation Failure) 2016-06-27T20:12:49.051+0300: 866.157: [Tenured: 3494609K->3494614K(3495296K), 0.5834719 secs] 5066786K->3756633K(5068160K), [Metaspace: 9104K->9104K(1058816K)], 0.5836332 secs] [Times: user=0.58 sys=0.00, real=0.58 secs] 
2016-06-27T20:12:49.635+0300: 866.741: Total time for which application threads were stopped: 0.5855696 seconds, Stopping threads took: 0.0015648 seconds
2016-06-27T20:12:49.641+0300: 866.747: Total time for which application threads were stopped: 0.0007561 seconds, Stopping threads took: 0.0000783 seconds
2016-06-27T20:12:50.224+0300: 867.330: Total time for which application threads were stopped: 0.0017316 seconds, Stopping threads took: 0.0006646 seconds
2016-06-27T20:12:51.228+0300: 868.334: Total time for which application threads were stopped: 0.0049304 seconds, Stopping threads took: 0.0038438 seconds
2016-06-27T20:12:51.525+0300: 868.631: [Full GC (Allocation Failure) 2016-06-27T20:12:51.529+0300: 868.635: [Tenured: 3494614K->3494621K(3495296K), 0.4829903 secs] 5066853K->3782657K(5068160K), [Metaspace: 9104K->9104K(1058816K)], 0.4875495 secs] [Times: user=0.48 sys=0.00, real=0.49 secs] 
2016-06-27T20:12:52.012+0300: 869.119: Total time for which application threads were stopped: 0.4896458 seconds, Stopping threads took: 0.0017123 seconds
2016-06-27T20:12:53.015+0300: 870.120: Total time for which application threads were stopped: 0.0020468 seconds, Stopping threads took: 0.0016803 seconds
2016-06-27T20:12:53.683+0300: 870.789: [Full GC (Allocation Failure) 2016-06-27T20:12:53.683+0300: 870.789: [Tenured: 3494621K->3494643K(3495296K), 0.7070354 secs] 5066835K->3897668K(5068160K), [Metaspace: 9104K->9104K(1058816K)], 0.7072176 secs] [Times: user=0.67 sys=0.00, real=0.71 secs] 
2016-06-27T20:12:54.391+0300: 871.496: Total time for which application threads were stopped: 0.7104746 seconds, Stopping threads took: 0.0027990 seconds
2016-06-27T20:12:55.231+0300: 872.337: Total time for which application threads were stopped: 0.0072804 seconds, Stopping threads took: 0.0057413 seconds
2016-06-27T20:12:56.178+0300: 873.284: [Full GC (Allocation Failure) 2016-06-27T20:12:56.178+0300: 873.284: [Tenured: 3494643K->3494664K(3495296K), 0.7080853 secs] 5066797K->3922674K(5068160K), [Metaspace: 9104K->9104K(1058816K)], 0.7082628 secs] [Times: user=0.70 sys=0.00, real=0.71 secs] 
2016-06-27T20:12:56.887+0300: 873.993: Total time for which application threads were stopped: 0.7108539 seconds, Stopping threads took: 0.0020771 seconds
2016-06-27T20:12:56.921+0300: 874.027: Total time for which application threads were stopped: 0.0007544 seconds, Stopping threads took: 0.0000791 seconds
2016-06-27T20:12:57.226+0300: 874.332: Total time for which application threads were stopped: 0.0015165 seconds, Stopping threads took: 0.0004289 seconds
2016-06-27T20:12:58.354+0300: 875.460: [Full GC (Allocation Failure) 2016-06-27T20:12:58.354+0300: 875.460: [Tenured: 3494664K->3494645K(3495296K), 0.5743680 secs] 5066898K->3809669K(5068160K), [Metaspace: 9104K->9104K(1058816K)], 0.5745404 secs] [Times: user=0.58 sys=0.00, real=0.57 secs] 
2016-06-27T20:12:58.929+0300: 876.035: Total time for which application threads were stopped: 0.5777187 seconds, Stopping threads took: 0.0026947 seconds
2016-06-27T20:12:59.227+0300: 876.333: Total time for which application threads were stopped: 0.0026177 seconds, Stopping threads took: 0.0012582 seconds
2016-06-27T20:13:00.228+0300: 877.334: Total time for which application threads were stopped: 0.0032386 seconds, Stopping threads took: 0.0020100 seconds
2016-06-27T20:13:00.547+0300: 877.654: [Full GC (Allocation Failure) 2016-06-27T20:13:00.548+0300: 877.654: [Tenured: 3494645K->3494654K(3495296K), 0.5680601 secs] 5066802K->3949689K(5068160K), [Metaspace: 9104K->9104K(1058816K)], 0.5682226 secs] [Times: user=0.58 sys=0.00, real=0.57 secs] 
2016-06-27T20:13:01.116+0300: 878.222: Total time for which application threads were stopped: 0.5743368 seconds, Stopping threads took: 0.0056198 seconds
2016-06-27T20:13:02.078+0300: 879.183: Total time for which application threads were stopped: 0.0024868 seconds, Stopping threads took: 0.0012599 seconds
2016-06-27T20:13:02.436+0300: 879.542: Total time for which application threads were stopped: 0.0008622 seconds, Stopping threads took: 0.0005465 seconds
2016-06-27T20:13:02.628+0300: 879.734: [Full GC (Allocation Failure) 2016-06-27T20:13:02.634+0300: 879.740: [Tenured: 3494654K->3494644K(3495296K), 0.5626413 secs] 5067188K->3975709K(5068160K), [Metaspace: 9104K->9104K(1058816K)], 0.5688243 secs] [Times: user=0.56 sys=0.00, real=0.57 secs] 
2016-06-27T20:13:03.197+0300: 880.303: Total time for which application threads were stopped: 0.5701595 seconds, Stopping threads took: 0.0010088 seconds
2016-06-27T20:13:04.200+0300: 881.306: Total time for which application threads were stopped: 0.0022704 seconds, Stopping threads took: 0.0019061 seconds
2016-06-27T20:13:04.227+0300: 881.333: Total time for which application threads were stopped: 0.0009216 seconds, Stopping threads took: 0.0000902 seconds
2016-06-27T20:13:04.585+0300: 881.691: [Full GC (Allocation Failure) 2016-06-27T20:13:04.585+0300: 881.692: [Tenured: 3494644K->3494672K(3495296K), 0.5510818 secs] 5066828K->3843708K(5068160K), [Metaspace: 9104K->9104K(1058816K)], 0.5512610 secs] [Times: user=0.55 sys=0.00, real=0.55 secs] 
2016-06-27T20:13:05.137+0300: 882.243: Total time for which application threads were stopped: 0.5521236 seconds, Stopping threads took: 0.0005692 seconds
2016-06-27T20:13:05.227+0300: 882.333: Total time for which application threads were stopped: 0.0010614 seconds, Stopping threads took: 0.0004832 seconds
2016-06-27T20:13:06.230+0300: 883.336: Total time for which application threads were stopped: 0.0032677 seconds, Stopping threads took: 0.0019702 seconds
2016-06-27T20:13:06.705+0300: 883.812: [Full GC (Allocation Failure) 2016-06-27T20:13:06.705+0300: 883.812: [Tenured: 3494672K->3494684K(3495296K), 0.6048987 secs] 5066875K->3673701K(5068160K), [Metaspace: 9104K->9104K(1058816K)], 0.6050638 secs] [Times: user=0.61 sys=0.00, real=0.61 secs] 
2016-06-27T20:13:07.311+0300: 884.417: Total time for which application threads were stopped: 0.6091846 seconds, Stopping threads took: 0.0037424 seconds
2016-06-27T20:13:07.313+0300: 884.419: Total time for which application threads were stopped: 0.0007946 seconds, Stopping threads took: 0.0000795 seconds
2016-06-27T20:13:08.230+0300: 885.336: Total time for which application threads were stopped: 0.0026831 seconds, Stopping threads took: 0.0014810 seconds
2016-06-27T20:13:09.063+0300: 886.169: [Full GC (Allocation Failure) 2016-06-27T20:13:09.063+0300: 886.169: [Tenured: 3494684K->3494706K(3495296K), 0.5149703 secs] 5066886K->3927728K(5068160K), [Metaspace: 9104K->9104K(1058816K)], 0.5151422 secs] [Times: user=0.52 sys=0.00, real=0.52 secs] 
2016-06-27T20:13:09.578+0300: 886.684: Total time for which application threads were stopped: 0.5182286 seconds, Stopping threads took: 0.0026053 seconds
2016-06-27T20:13:09.584+0300: 886.690: Total time for which application threads were stopped: 0.0010991 seconds, Stopping threads took: 0.0000825 seconds
2016-06-27T20:13:10.229+0300: 887.335: Total time for which application threads were stopped: 0.0015772 seconds, Stopping threads took: 0.0008574 seconds
2016-06-27T20:13:11.045+0300: 888.151: [Full GC (Allocation Failure) 2016-06-27T20:13:11.051+0300: 888.157: [Tenured: 3494706K->3494715K(3495296K), 0.5429572 secs] 5066891K->3932733K(5068160K), [Metaspace: 9104K->9104K(1058816K)], 0.5489102 secs] [Times: user=0.55 sys=0.00, real=0.55 secs] 
2016-06-27T20:13:11.594+0300: 888.700: Total time for which application threads were stopped: 0.5502791 seconds, Stopping threads took: 0.0009361 seconds
2016-06-27T20:13:11.600+0300: 888.706: Total time for which application threads were stopped: 0.0007672 seconds, Stopping threads took: 0.0000872 seconds
2016-06-27T20:13:12.230+0300: 889.336: Total time for which application threads were stopped: 0.0016717 seconds, Stopping threads took: 0.0008181 seconds
2016-06-27T20:13:13.057+0300: 890.163: [Full GC (Allocation Failure) 2016-06-27T20:13:13.057+0300: 890.163: [Tenured: 3494715K->3494719K(3495296K), 0.5992194 secs] 5066924K->3913739K(5068160K), [Metaspace: 9104K->9104K(1058816K)], 0.5993926 secs] [Times: user=0.59 sys=0.00, real=0.60 secs] 
2016-06-27T20:13:13.657+0300: 890.763: Total time for which application threads were stopped: 0.6010498 seconds, Stopping threads took: 0.0012141 seconds
2016-06-27T20:13:13.663+0300: 890.768: Total time for which application threads were stopped: 0.0007856 seconds, Stopping threads took: 0.0000847 seconds
2016-06-27T20:13:13.671+0300: 890.777: Total time for which application threads were stopped: 0.0003336 seconds, Stopping threads took: 0.0000706 seconds
2016-06-27T20:13:14.240+0300: 891.347: Total time for which application threads were stopped: 0.0019467 seconds, Stopping threads took: 0.0009280 seconds
2016-06-27T20:13:15.136+0300: 892.241: [Full GC (Allocation Failure) 2016-06-27T20:13:15.136+0300: 892.242: [Tenured: 3494719K->3494720K(3495296K), 0.5763032 secs] 5066913K->3733736K(5068160K), [Metaspace: 9104K->9104K(1058816K)], 0.5764746 secs] [Times: user=0.58 sys=0.00, real=0.58 secs] 
2016-06-27T20:13:15.712+0300: 892.818: Total time for which application threads were stopped: 0.5785676 seconds, Stopping threads took: 0.0016525 seconds
2016-06-27T20:13:15.745+0300: 892.851: Total time for which application threads were stopped: 0.0008429 seconds, Stopping threads took: 0.0000979 seconds
2016-06-27T20:13:16.746+0300: 893.852: Total time for which application threads were stopped: 0.0016311 seconds, Stopping threads took: 0.0012676 seconds
2016-06-27T20:13:17.241+0300: 894.347: Total time for which application threads were stopped: 0.0013591 seconds, Stopping threads took: 0.0005731 seconds
2016-06-27T20:13:17.475+0300: 894.581: [Full GC (Allocation Failure) 2016-06-27T20:13:17.475+0300: 894.581: [Tenured: 3494720K->3494747K(3495296K), 0.4654616 secs] 5066924K->3901766K(5068160K), [Metaspace: 9104K->9104K(1058816K)], 0.4656852 secs] [Times: user=0.45 sys=0.00, real=0.47 secs] 
2016-06-27T20:13:17.941+0300: 895.047: Total time for which application threads were stopped: 0.4663353 seconds, Stopping threads took: 0.0003220 seconds
2016-06-27T20:13:18.240+0300: 895.347: Total time for which application threads were stopped: 0.0010512 seconds, Stopping threads took: 0.0005483 seconds
2016-06-27T20:13:19.243+0300: 896.349: Total time for which application threads were stopped: 0.0029808 seconds, Stopping threads took: 0.0018423 seconds
2016-06-27T20:13:19.470+0300: 896.576: [Full GC (Allocation Failure) 2016-06-27T20:13:19.470+0300: 896.576: [Tenured: 3494747K->3494719K(3495296K), 0.6184814 secs] 5067009K->3993780K(5068160K), [Metaspace: 9104K->9104K(1058816K)], 0.6186781 secs] [Times: user=0.63 sys=0.00, real=0.62 secs] 
2016-06-27T20:13:20.089+0300: 897.195: Total time for which application threads were stopped: 0.6245336 seconds, Stopping threads took: 0.0055009 seconds
2016-06-27T20:13:21.091+0300: 898.197: Total time for which application threads were stopped: 0.0016555 seconds, Stopping threads took: 0.0012701 seconds
2016-06-27T20:13:21.514+0300: 898.620: [Full GC (Allocation Failure) 2016-06-27T20:13:21.514+0300: 898.620: [Tenured: 3494719K->3494736K(3495296K), 0.5838615 secs] 5066979K->3884781K(5068160K), [Metaspace: 9104K->9104K(1058816K)], 0.5840287 secs] [Times: user=0.66 sys=0.01, real=0.58 secs] 
2016-06-27T20:13:22.098+0300: 899.204: Total time for which application threads were stopped: 0.5868021 seconds, Stopping threads took: 0.0023837 seconds
2016-06-27T20:13:23.099+0300: 900.205: Total time for which application threads were stopped: 0.0018334 seconds, Stopping threads took: 0.0014143 seconds
2016-06-27T20:13:23.242+0300: 900.349: Total time for which application threads were stopped: 0.0016867 seconds, Stopping threads took: 0.0008087 seconds
2016-06-27T20:13:23.745+0300: 900.851: [Full GC (Allocation Failure) 2016-06-27T20:13:23.745+0300: 900.851: [Tenured: 3494736K->3494762K(3495296K), 0.5803684 secs] 5066904K->3714774K(5068160K), [Metaspace: 9104K->9104K(1058816K)], 0.5805220 secs] [Times: user=0.58 sys=0.00, real=0.58 secs] 
2016-06-27T20:13:24.326+0300: 901.432: Total time for which application threads were stopped: 0.5823699 seconds, Stopping threads took: 0.0012500 seconds
2016-06-27T20:13:24.490+0300: 901.596: Total time for which application threads were stopped: 0.0011542 seconds, Stopping threads took: 0.0003558 seconds
2016-06-27T20:13:25.244+0300: 902.350: Total time for which application threads were stopped: 0.0031595 seconds, Stopping threads took: 0.0019416 seconds
2016-06-27T20:13:26.133+0300: 903.239: [Full GC (Allocation Failure) 2016-06-27T20:13:26.133+0300: 903.239: [Tenured: 3494762K->3494780K(3495296K), 0.6854718 secs] 5066952K->3863796K(5068160K), [Metaspace: 9104K->9104K(1058816K)], 0.6856339 secs] [Times: user=0.69 sys=0.00, real=0.69 secs] 
2016-06-27T20:13:26.818+0300: 903.925: Total time for which application threads were stopped: 0.6889071 seconds, Stopping threads took: 0.0027626 seconds
2016-06-27T20:13:26.840+0300: 903.946: Total time for which application threads were stopped: 0.0010939 seconds, Stopping threads took: 0.0000864 seconds
2016-06-27T20:13:28.470+0300: 905.576: [Full GC (Allocation Failure) 2016-06-27T20:13:28.470+0300: 905.576: [Tenured: 3494780K->3494746K(3495296K), 0.5991562 secs] 5066994K->4006805K(5068160K), [Metaspace: 9104K->9104K(1058816K)], 0.5993409 secs] [Times: user=0.61 sys=0.00, real=0.60 secs] 
2016-06-27T20:13:29.070+0300: 906.176: Total time for which application threads were stopped: 0.6115171 seconds, Stopping threads took: 0.0115852 seconds
2016-06-27T20:13:29.072+0300: 906.178: Total time for which application threads were stopped: 0.0009994 seconds, Stopping threads took: 0.0001108 seconds
2016-06-27T20:13:29.081+0300: 906.187: Total time for which application threads were stopped: 0.0004371 seconds, Stopping threads took: 0.0000945 seconds
2016-06-27T20:13:29.464+0300: 906.570: Total time for which application threads were stopped: 0.0014630 seconds, Stopping threads took: 0.0006304 seconds
2016-06-27T20:13:30.465+0300: 907.571: Total time for which application threads were stopped: 0.0020438 seconds, Stopping threads took: 0.0010555 seconds
2016-06-27T20:13:30.569+0300: 907.675: [Full GC (Allocation Failure) 2016-06-27T20:13:30.569+0300: 907.675: [Tenured: 3494746K->3494783K(3495296K), 0.5539167 secs] 5066939K->3854811K(5068160K), [Metaspace: 9104K->9104K(1058816K)], 0.5540690 secs] [Times: user=0.55 sys=0.00, real=0.55 secs] 
2016-06-27T20:13:31.123+0300: 908.229: Total time for which application threads were stopped: 0.5545223 seconds, Stopping threads took: 0.0000996 seconds
2016-06-27T20:13:32.125+0300: 909.231: Total time for which application threads were stopped: 0.0015186 seconds, Stopping threads took: 0.0011264 seconds
2016-06-27T20:13:32.750+0300: 909.856: [Full GC (Allocation Failure) 2016-06-27T20:13:32.750+0300: 909.856: [Tenured: 3494783K->3494771K(3495296K), 0.6673354 secs] 5067002K->3674791K(5068160K), [Metaspace: 9104K->9104K(1058816K)], 0.6675158 secs] [Times: user=0.67 sys=0.00, real=0.67 secs] 
2016-06-27T20:13:33.417+0300: 910.523: Total time for which application threads were stopped: 0.6712655 seconds, Stopping threads took: 0.0032959 seconds
2016-06-27T20:13:34.421+0300: 911.527: Total time for which application threads were stopped: 0.0036633 seconds, Stopping threads took: 0.0031227 seconds
2016-06-27T20:13:34.466+0300: 911.572: Total time for which application threads were stopped: 0.0019257 seconds, Stopping threads took: 0.0007924 seconds
2016-06-27T20:13:35.290+0300: 912.396: [Full GC (Allocation Failure) 2016-06-27T20:13:35.290+0300: 912.396: [Tenured: 3494771K->3494801K(3495296K), 0.6160117 secs] 5067010K->3836818K(5068160K), [Metaspace: 9104K->9104K(1058816K)], 0.6161610 secs] [Times: user=0.61 sys=0.00, real=0.62 secs] 
2016-06-27T20:13:35.906+0300: 913.012: Total time for which application threads were stopped: 0.6207523 seconds, Stopping threads took: 0.0041756 seconds
2016-06-27T20:13:35.909+0300: 913.015: Total time for which application threads were stopped: 0.0007467 seconds, Stopping threads took: 0.0000723 seconds
2016-06-27T20:13:36.467+0300: 913.573: Total time for which application threads were stopped: 0.0021455 seconds, Stopping threads took: 0.0010820 seconds
2016-06-27T20:13:37.470+0300: 914.576: Total time for which application threads were stopped: 0.0028597 seconds, Stopping threads took: 0.0025262 seconds
2016-06-27T20:13:37.751+0300: 914.857: [Full GC (Allocation Failure) 2016-06-27T20:13:37.757+0300: 914.863: [Tenured: 3494801K->3494786K(3495296K), 0.5363974 secs] 5066977K->3858822K(5068160K), [Metaspace: 9112K->9112K(1058816K)], 0.5424684 secs] [Times: user=0.53 sys=0.00, real=0.54 secs] 
2016-06-27T20:13:38.294+0300: 915.400: Total time for which application threads were stopped: 0.5433451 seconds, Stopping threads took: 0.0006257 seconds
2016-06-27T20:13:38.466+0300: 915.572: Total time for which application threads were stopped: 0.0011508 seconds, Stopping threads took: 0.0005076 seconds
2016-06-27T20:13:39.468+0300: 916.574: Total time for which application threads were stopped: 0.0030218 seconds, Stopping threads took: 0.0018201 seconds
2016-06-27T20:13:39.840+0300: 916.947: [Full GC (Allocation Failure) 2016-06-27T20:13:39.840+0300: 916.947: [Tenured: 3494786K->3494791K(3495296K), 0.6144508 secs] 5066976K->3930834K(5068160K), [Metaspace: 9112K->9112K(1058816K)], 0.6146120 secs] [Times: user=0.61 sys=0.00, real=0.62 secs] 
2016-06-27T20:13:40.455+0300: 917.561: Total time for which application threads were stopped: 0.6170043 seconds, Stopping threads took: 0.0020600 seconds
2016-06-27T20:13:40.498+0300: 917.604: Total time for which application threads were stopped: 0.0007540 seconds, Stopping threads took: 0.0001839 seconds
2016-06-27T20:13:41.501+0300: 918.606: Total time for which application threads were stopped: 0.0025886 seconds, Stopping threads took: 0.0022221 seconds
2016-06-27T20:13:42.019+0300: 919.126: [Full GC (Allocation Failure) 2016-06-27T20:13:42.020+0300: 919.126: [Tenured: 3494791K->3494809K(3495296K), 0.6457153 secs] 5067005K->3704828K(5068160K), [Metaspace: 9112K->9112K(1058816K)], 0.6458684 secs] [Times: user=0.66 sys=0.00, real=0.65 secs] 
2016-06-27T20:13:42.665+0300: 919.772: Total time for which application threads were stopped: 0.6506436 seconds, Stopping threads took: 0.0043946 seconds
2016-06-27T20:13:42.668+0300: 919.774: Total time for which application threads were stopped: 0.0006312 seconds, Stopping threads took: 0.0000774 seconds
2016-06-27T20:13:43.469+0300: 920.575: Total time for which application threads were stopped: 0.0018432 seconds, Stopping threads took: 0.0008143 seconds
2016-06-27T20:13:43.478+0300: 920.584: Total time for which application threads were stopped: 0.0005782 seconds, Stopping threads took: 0.0002267 seconds
2016-06-27T20:13:44.473+0300: 921.579: Total time for which application threads were stopped: 0.0048509 seconds, Stopping threads took: 0.0034426 seconds
2016-06-27T20:13:44.592+0300: 921.699: [Full GC (Allocation Failure) 2016-06-27T20:13:44.593+0300: 921.699: [Tenured: 3494809K->3494825K(3495296K), 0.5782524 secs] 5067048K->3795851K(5068160K), [Metaspace: 9112K->9112K(1058816K)], 0.5785676 secs] [Times: user=0.58 sys=0.00, real=0.58 secs] 
2016-06-27T20:13:45.171+0300: 922.277: Total time for which application threads were stopped: 0.5791903 seconds, Stopping threads took: 0.0000902 seconds
2016-06-27T20:13:46.210+0300: 923.316: Total time for which application threads were stopped: 0.0027669 seconds, Stopping threads took: 0.0023453 seconds
2016-06-27T20:13:46.963+0300: 924.069: [Full GC (Allocation Failure) 2016-06-27T20:13:46.963+0300: 924.069: [Tenured: 3494825K->3494840K(3495296K), 0.6454091 secs] 5067016K->3883859K(5068160K), [Metaspace: 9117K->9117K(1058816K)], 0.6455836 secs] [Times: user=0.64 sys=0.00, real=0.64 secs] 
2016-06-27T20:13:47.608+0300: 924.714: Total time for which application threads were stopped: 0.6529435 seconds, Stopping threads took: 0.0069348 seconds
2016-06-27T20:13:48.611+0300: 925.717: Total time for which application threads were stopped: 0.0024714 seconds, Stopping threads took: 0.0020882 seconds
2016-06-27T20:13:49.169+0300: 926.275: [Full GC (Allocation Failure) 2016-06-27T20:13:49.169+0300: 926.275: [Tenured: 3494840K->3494836K(3495296K), 0.6537026 secs] 5067023K->3858866K(5068160K), [Metaspace: 9117K->9117K(1058816K)], 0.6538596 secs] [Times: user=0.61 sys=0.02, real=0.65 secs] 
2016-06-27T20:13:49.823+0300: 926.929: Total time for which application threads were stopped: 0.6566089 seconds, Stopping threads took: 0.0023615 seconds
2016-06-27T20:13:49.859+0300: 926.965: Total time for which application threads were stopped: 0.0010443 seconds, Stopping threads took: 0.0001437 seconds
2016-06-27T20:13:50.472+0300: 927.578: Total time for which application threads were stopped: 0.0023855 seconds, Stopping threads took: 0.0012937 seconds
2016-06-27T20:13:51.475+0300: 928.581: Total time for which application threads were stopped: 0.0054992 seconds, Stopping threads took: 0.0044091 seconds
2016-06-27T20:13:51.664+0300: 928.770: [Full GC (Allocation Failure) 2016-06-27T20:13:51.664+0300: 928.770: [Tenured: 3494836K->3494862K(3495296K), 0.5976692 secs] 5067090K->3705885K(5068160K), [Metaspace: 9117K->9117K(1058816K)], 0.5977919 secs] [Times: user=0.59 sys=0.00, real=0.60 secs] 
2016-06-27T20:13:52.262+0300: 929.367: Total time for which application threads were stopped: 0.6000961 seconds, Stopping threads took: 0.0019783 seconds
2016-06-27T20:13:53.272+0300: 930.378: Total time for which application threads were stopped: 0.0030915 seconds, Stopping threads took: 0.0026344 seconds
2016-06-27T20:13:54.015+0300: 931.121: [Full GC (Allocation Failure) 2016-06-27T20:13:54.015+0300: 931.121: [Tenured: 3494862K->3494891K(3495296K), 0.7945908 secs] 5067075K->4003915K(5068160K), [Metaspace: 9117K->9117K(1058816K)], 0.7947661 secs] [Times: user=0.80 sys=0.00, real=0.79 secs] 
2016-06-27T20:13:54.810+0300: 931.916: Total time for which application threads were stopped: 0.8040757 seconds, Stopping threads took: 0.0088328 seconds
2016-06-27T20:13:55.814+0300: 932.920: Total time for which application threads were stopped: 0.0039190 seconds, Stopping threads took: 0.0033511 seconds
2016-06-27T20:13:56.382+0300: 933.488: [Full GC (Allocation Failure) 2016-06-27T20:13:56.382+0300: 933.488: [Tenured: 3494891K->3494887K(3495296K), 0.5828587 secs] 5067106K->3862914K(5068160K), [Metaspace: 9117K->9117K(1058816K)], 0.5830186 secs] [Times: user=0.58 sys=0.00, real=0.58 secs] 
2016-06-27T20:13:56.965+0300: 934.071: Total time for which application threads were stopped: 0.5862915 seconds, Stopping threads took: 0.0028978 seconds
2016-06-27T20:13:56.967+0300: 934.073: Total time for which application threads were stopped: 0.0006509 seconds, Stopping threads took: 0.0001022 seconds
2016-06-27T20:13:57.474+0300: 934.580: Total time for which application threads were stopped: 0.0036616 seconds, Stopping threads took: 0.0027173 seconds
2016-06-27T20:13:58.466+0300: 935.572: [Full GC (Allocation Failure) 2016-06-27T20:13:58.471+0300: 935.577: [Tenured: 3494887K->3494887K(3495296K), 0.6087882 secs] 5067078K->3884924K(5068160K), [Metaspace: 9117K->9117K(1058816K)], 0.6142528 secs] [Times: user=0.61 sys=0.00, real=0.61 secs] 
2016-06-27T20:13:59.080+0300: 936.186: Total time for which application threads were stopped: 0.6163911 seconds, Stopping threads took: 0.0016794 seconds
2016-06-27T20:13:59.083+0300: 936.189: Total time for which application threads were stopped: 0.0008874 seconds, Stopping threads took: 0.0000821 seconds
2016-06-27T20:13:59.473+0300: 936.579: Total time for which application threads were stopped: 0.0015798 seconds, Stopping threads took: 0.0006894 seconds
2016-06-27T20:14:00.478+0300: 937.583: Total time for which application threads were stopped: 0.0061441 seconds, Stopping threads took: 0.0050044 seconds
2016-06-27T20:14:00.781+0300: 937.887: [Full GC (Allocation Failure) 2016-06-27T20:14:00.787+0300: 937.893: [Tenured: 3494887K->3494897K(3495296K), 0.5794601 secs] 5067079K->3803918K(5068160K), [Metaspace: 9117K->9117K(1058816K)], 0.5853959 secs] [Times: user=0.58 sys=0.00, real=0.59 secs] 
2016-06-27T20:14:01.366+0300: 938.472: Total time for which application threads were stopped: 0.5868504 seconds, Stopping threads took: 0.0008147 seconds
2016-06-27T20:14:02.266+0300: 939.372: Total time for which application threads were stopped: 0.0029393 seconds, Stopping threads took: 0.0017175 seconds
2016-06-27T20:14:02.851+0300: 939.957: Total time for which application threads were stopped: 0.0026557 seconds, Stopping threads took: 0.0023393 seconds
2016-06-27T20:14:03.064+0300: 940.170: [Full GC (Allocation Failure) 2016-06-27T20:14:03.064+0300: 940.170: [Tenured: 3494897K->3494917K(3495296K), 0.7201165 secs] 5067625K->3878941K(5068160K), [Metaspace: 9117K->9117K(1058816K)], 0.7203128 secs] [Times: user=0.72 sys=0.00, real=0.72 secs] 
2016-06-27T20:14:03.784+0300: 940.890: Total time for which application threads were stopped: 0.7211608 seconds, Stopping threads took: 0.0004482 seconds
2016-06-27T20:14:04.788+0300: 941.894: Total time for which application threads were stopped: 0.0036269 seconds, Stopping threads took: 0.0032690 seconds
2016-06-27T20:14:05.477+0300: 942.583: Total time for which application threads were stopped: 0.0036064 seconds, Stopping threads took: 0.0025005 seconds
2016-06-27T20:14:05.548+0300: 942.655: [Full GC (Allocation Failure) 2016-06-27T20:14:05.549+0300: 942.655: [Tenured: 3494917K->3494927K(3495296K), 0.5467454 secs] 5067161K->3804946K(5068160K), [Metaspace: 9117K->9117K(1058816K)], 0.5469537 secs] [Times: user=0.55 sys=0.00, real=0.55 secs] 
2016-06-27T20:14:06.096+0300: 943.202: Total time for which application threads were stopped: 0.5474181 seconds, Stopping threads took: 0.0000851 seconds
2016-06-27T20:14:07.097+0300: 944.203: Total time for which application threads were stopped: 0.0017739 seconds, Stopping threads took: 0.0014061 seconds
2016-06-27T20:14:07.665+0300: 944.771: [Full GC (Allocation Failure) 2016-06-27T20:14:07.671+0300: 944.777: [Tenured: 3494927K->3494929K(3495296K), 0.5691220 secs] 5066942K->3946962K(5068160K), [Metaspace: 9117K->9117K(1058816K)], 0.5748936 secs] [Times: user=0.58 sys=0.00, real=0.58 secs] 
2016-06-27T20:14:08.240+0300: 945.346: Total time for which application threads were stopped: 0.5765320 seconds, Stopping threads took: 0.0013236 seconds
2016-06-27T20:14:08.475+0300: 945.581: Total time for which application threads were stopped: 0.0012949 seconds, Stopping threads took: 0.0006205 seconds
2016-06-27T20:14:09.477+0300: 946.583: Total time for which application threads were stopped: 0.0030111 seconds, Stopping threads took: 0.0016700 seconds
2016-06-27T20:14:09.819+0300: 946.925: [Full GC (Allocation Failure) 2016-06-27T20:14:09.819+0300: 946.925: [Tenured: 3494929K->3494933K(3495296K), 0.5779723 secs] 5067132K->3703260K(5068160K), [Metaspace: 9117K->9117K(1058816K)], 0.5781070 secs] [Times: user=0.58 sys=0.00, real=0.58 secs] 
2016-06-27T20:14:10.397+0300: 947.503: Total time for which application threads were stopped: 0.5794208 seconds, Stopping threads took: 0.0009400 seconds
2016-06-27T20:14:11.402+0300: 948.508: Total time for which application threads were stopped: 0.0051032 seconds, Stopping threads took: 0.0047085 seconds
2016-06-27T20:14:12.220+0300: 949.325: [Full GC (Allocation Failure) 2016-06-27T20:14:12.220+0300: 949.325: [Tenured: 3494933K->3495261K(3495296K), 0.6503105 secs] 5067132K->3951282K(5068160K), [Metaspace: 9117K->9117K(1058816K)], 0.6504593 secs] [Times: user=0.66 sys=0.00, real=0.65 secs] 
2016-06-27T20:14:12.870+0300: 949.976: Total time for which application threads were stopped: 0.6658737 seconds, Stopping threads took: 0.0149987 seconds
2016-06-27T20:14:14.317+0300: 951.423: [Full GC (Allocation Failure) 2016-06-27T20:14:14.317+0300: 951.423: [Tenured: 3495261K->3494934K(3495296K), 0.5887795 secs] 5067490K->3771967K(5068160K), [Metaspace: 9117K->9117K(1058816K)], 0.5889604 secs] [Times: user=0.59 sys=0.00, real=0.59 secs] 
2016-06-27T20:14:14.905+0300: 952.012: Total time for which application threads were stopped: 0.5983872 seconds, Stopping threads took: 0.0088114 seconds
2016-06-27T20:14:14.972+0300: 952.078: Total time for which application threads were stopped: 0.0011919 seconds, Stopping threads took: 0.0002468 seconds
2016-06-27T20:14:16.485+0300: 953.591: Total time for which application threads were stopped: 0.0054919 seconds, Stopping threads took: 0.0041568 seconds
2016-06-27T20:14:16.781+0300: 953.887: [Full GC (Allocation Failure) 2016-06-27T20:14:16.787+0300: 953.893: [Tenured: 3494934K->3494964K(3495296K), 0.5300057 secs] 5067141K->3798990K(5068160K), [Metaspace: 9117K->9117K(1058816K)], 0.5360250 secs] [Times: user=0.53 sys=0.00, real=0.54 secs] 
2016-06-27T20:14:17.318+0300: 954.424: Total time for which application threads were stopped: 0.5374704 seconds, Stopping threads took: 0.0004559 seconds
2016-06-27T20:14:18.320+0300: 955.426: Total time for which application threads were stopped: 0.0028336 seconds, Stopping threads took: 0.0024552 seconds
2016-06-27T20:14:19.001+0300: 956.107: [Full GC (Allocation Failure) 2016-06-27T20:14:19.002+0300: 956.108: [Tenured: 3494964K->3494974K(3495296K), 0.6604839 secs] 5067155K->3714989K(5068160K), [Metaspace: 9117K->9117K(1058816K)], 0.6607067 secs] [Times: user=0.67 sys=0.00, real=0.66 secs] 
2016-06-27T20:14:19.662+0300: 956.768: Total time for which application threads were stopped: 0.6641519 seconds, Stopping threads took: 0.0027468 seconds
2016-06-27T20:14:20.666+0300: 957.772: Total time for which application threads were stopped: 0.0037270 seconds, Stopping threads took: 0.0033639 seconds
2016-06-27T20:14:21.485+0300: 958.591: Total time for which application threads were stopped: 0.0045943 seconds, Stopping threads took: 0.0034614 seconds
2016-06-27T20:14:21.561+0300: 958.666: [Full GC (Allocation Failure) 2016-06-27T20:14:21.561+0300: 958.667: [Tenured: 3494974K->3494989K(3495296K), 0.5992241 secs] 5067229K->3802010K(5068160K), [Metaspace: 9117K->9117K(1058816K)], 0.5994311 secs] [Times: user=0.59 sys=0.00, real=0.60 secs] 
2016-06-27T20:14:22.160+0300: 959.266: Total time for which application threads were stopped: 0.5998892 seconds, Stopping threads took: 0.0000941 seconds
2016-06-27T20:14:23.190+0300: 960.297: Total time for which application threads were stopped: 0.0018539 seconds, Stopping threads took: 0.0015618 seconds
2016-06-27T20:14:23.896+0300: 961.002: [Full GC (Allocation Failure) 2016-06-27T20:14:23.903+0300: 961.008: [Tenured: 3494989K->3494991K(3495296K), 0.5721750 secs] 5067079K->3855017K(5068160K), [Metaspace: 9117K->9117K(1058816K)], 0.5781985 secs] [Times: user=0.58 sys=0.00, real=0.58 secs] 
2016-06-27T20:14:24.474+0300: 961.581: Total time for which application threads were stopped: 0.5804920 seconds, Stopping threads took: 0.0019236 seconds
2016-06-27T20:14:24.482+0300: 961.588: Total time for which application threads were stopped: 0.0007869 seconds, Stopping threads took: 0.0000757 seconds
2016-06-27T20:14:25.962+0300: 963.068: [Full GC (Allocation Failure) 2016-06-27T20:14:25.962+0300: 963.068: [Tenured: 3494991K->3494976K(3495296K), 0.6149700 secs] 5067197K->4088037K(5068160K), [Metaspace: 9117K->9117K(1058816K)], 0.6151705 secs] [Times: user=0.61 sys=0.00, real=0.62 secs] 
2016-06-27T20:14:26.577+0300: 963.683: Total time for which application threads were stopped: 0.6225912 seconds, Stopping threads took: 0.0068797 seconds
2016-06-27T20:14:27.579+0300: 964.685: Total time for which application threads were stopped: 0.0021562 seconds, Stopping threads took: 0.0016764 seconds
2016-06-27T20:14:27.819+0300: 964.926: [Full GC (Allocation Failure) 2016-06-27T20:14:27.820+0300: 964.926: [Tenured: 3494976K->3494980K(3495296K), 0.6851142 secs] 5067204K->3874025K(5068160K), [Metaspace: 9117K->9117K(1058816K)], 0.6852776 secs] [Times: user=0.69 sys=0.00, real=0.69 secs] 
2016-06-27T20:14:28.505+0300: 965.611: Total time for which application threads were stopped: 0.6866692 seconds, Stopping threads took: 0.0008326 seconds
2016-06-27T20:14:28.890+0300: 965.996: Total time for which application threads were stopped: 0.0049492 seconds, Stopping threads took: 0.0034636 seconds
2016-06-27T20:14:28.973+0300: 966.079: Total time for which application threads were stopped: 0.0018428 seconds, Stopping threads took: 0.0008309 seconds
2016-06-27T20:14:29.961+0300: 967.068: Total time for which application threads were stopped: 0.0022405 seconds, Stopping threads took: 0.0011684 seconds
2016-06-27T20:14:29.984+0300: 967.090: Total time for which application threads were stopped: 0.0006021 seconds, Stopping threads took: 0.0000804 seconds
2016-06-27T20:14:30.101+0300: 967.206: [Full GC (Allocation Failure) 2016-06-27T20:14:30.101+0300: 967.206: [Tenured: 3494980K->3494987K(3495296K), 0.5669854 secs] 5067097K->3997049K(5068160K), [Metaspace: 9117K->9117K(1058816K)], 0.5671355 secs] [Times: user=0.56 sys=0.00, real=0.57 secs] 
2016-06-27T20:14:30.667+0300: 967.774: Total time for which application threads were stopped: 0.5679134 seconds, Stopping threads took: 0.0003537 seconds
2016-06-27T20:14:30.961+0300: 968.067: Total time for which application threads were stopped: 0.0015126 seconds, Stopping threads took: 0.0004294 seconds
2016-06-27T20:14:31.965+0300: 969.071: Total time for which application threads were stopped: 0.0037954 seconds, Stopping threads took: 0.0032818 seconds
2016-06-27T20:14:32.063+0300: 969.170: [Full GC (Allocation Failure) 2016-06-27T20:14:32.064+0300: 969.170: [Tenured: 3494987K->3494997K(3495296K), 0.5834984 secs] 5067202K->3877042K(5068160K), [Metaspace: 9117K->9117K(1058816K)], 0.5836836 secs] [Times: user=0.56 sys=0.00, real=0.57 secs] 
2016-06-27T20:14:32.636+0300: 969.753: Total time for which application threads were stopped: 0.5843426 seconds, Stopping threads took: 0.0000911 seconds
2016-06-27T20:14:34.173+0300: 971.279: [Full GC (Allocation Failure) 2016-06-27T20:14:34.173+0300: 971.279: [Tenured: 3494997K->3494998K(3495296K), 0.6693441 secs] 5067164K->4015053K(5068160K), [Metaspace: 9117K->9117K(1058816K)], 0.6695053 secs] [Times: user=0.67 sys=0.00, real=0.67 secs] 
2016-06-27T20:14:34.843+0300: 971.949: Total time for which application threads were stopped: 0.6722436 seconds, Stopping threads took: 0.0021682 seconds
2016-06-27T20:14:35.846+0300: 972.952: Total time for which application threads were stopped: 0.0036522 seconds, Stopping threads took: 0.0032677 seconds
2016-06-27T20:14:36.192+0300: 973.298: [Full GC (Allocation Failure) 2016-06-27T20:14:36.192+0300: 973.298: [Tenured: 3494998K->3495014K(3495296K), 0.5921422 secs] 5066687K->3893064K(5068160K), [Metaspace: 9117K->9117K(1058816K)], 0.5923030 secs] [Times: user=0.58 sys=0.00, real=0.59 secs] 
2016-06-27T20:14:36.785+0300: 973.891: Total time for which application threads were stopped: 0.5958769 seconds, Stopping threads took: 0.0030269 seconds
2016-06-27T20:14:38.028+0300: 975.134: Total time for which application threads were stopped: 0.0026681 seconds, Stopping threads took: 0.0016747 seconds
2016-06-27T20:14:38.256+0300: 975.362: [Full GC (Allocation Failure) 2016-06-27T20:14:38.256+0300: 975.362: [Tenured: 3495014K->3495017K(3495296K), 0.5675760 secs] 5067056K->4150081K(5068160K), [Metaspace: 9117K->9117K(1058816K)], 0.5677342 secs] [Times: user=0.56 sys=0.00, real=0.57 secs] 
2016-06-27T20:14:38.824+0300: 975.930: Total time for which application threads were stopped: 0.5686935 seconds, Stopping threads took: 0.0004101 seconds
2016-06-27T20:14:40.018+0300: 977.124: [Full GC (Allocation Failure) 2016-06-27T20:14:40.018+0300: 977.124: [Tenured: 3495017K->3495008K(3495296K), 0.5920130 secs] 5067236K->4075075K(5068160K), [Metaspace: 9117K->9117K(1058816K)], 0.5921580 secs] [Times: user=0.58 sys=0.00, real=0.59 secs] 
2016-06-27T20:14:40.610+0300: 977.716: Total time for which application threads were stopped: 0.5947834 seconds, Stopping threads took: 0.0021391 seconds
2016-06-27T20:14:41.247+0300: 978.353: Total time for which application threads were stopped: 0.0029076 seconds, Stopping threads took: 0.0014955 seconds
2016-06-27T20:14:41.949+0300: 979.055: [Full GC (Allocation Failure) 2016-06-27T20:14:41.949+0300: 979.055: [Tenured: 3495008K->3495048K(3495296K), 0.6565204 secs] 5067192K->3889093K(5068160K), [Metaspace: 9117K->9117K(1058816K)], 0.6566919 secs] [Times: user=0.66 sys=0.00, real=0.66 secs] 
2016-06-27T20:14:42.606+0300: 979.712: Total time for which application threads were stopped: 0.6602829 seconds, Stopping threads took: 0.0031659 seconds
2016-06-27T20:14:42.609+0300: 979.715: Total time for which application threads were stopped: 0.0009537 seconds, Stopping threads took: 0.0000693 seconds
2016-06-27T20:14:43.180+0300: 980.286: Total time for which application threads were stopped: 0.0042145 seconds, Stopping threads took: 0.0032741 seconds
2016-06-27T20:14:44.099+0300: 981.205: [Full GC (Allocation Failure) 2016-06-27T20:14:44.099+0300: 981.205: [Tenured: 3495048K->3495075K(3495296K), 0.6014839 secs] 5067233K->3901101K(5068160K), [Metaspace: 9117K->9117K(1058816K)], 0.6016451 secs] [Times: user=0.58 sys=0.00, real=0.60 secs] 
2016-06-27T20:14:44.701+0300: 981.807: Total time for which application threads were stopped: 0.6039963 seconds, Stopping threads took: 0.0018825 seconds
2016-06-27T20:14:44.910+0300: 982.016: Total time for which application threads were stopped: 0.0012128 seconds, Stopping threads took: 0.0004285 seconds
2016-06-27T20:14:45.179+0300: 982.285: Total time for which application threads were stopped: 0.0017739 seconds, Stopping threads took: 0.0005329 seconds
2016-06-27T20:14:46.180+0300: 983.286: Total time for which application threads were stopped: 0.0024175 seconds, Stopping threads took: 0.0016127 seconds
2016-06-27T20:14:46.293+0300: 983.399: [Full GC (Allocation Failure) 2016-06-27T20:14:46.293+0300: 983.399: [Tenured: 3495075K->3495078K(3495296K), 0.5046458 secs] 5067310K->3822114K(5068160K), [Metaspace: 9117K->9117K(1058816K)], 0.5048130 secs] [Times: user=0.50 sys=0.00, real=0.51 secs] 
2016-06-27T20:14:46.798+0300: 983.904: Total time for which application threads were stopped: 0.5052356 seconds, Stopping threads took: 0.0001018 seconds
2016-06-27T20:14:47.800+0300: 984.906: Total time for which application threads were stopped: 0.0021652 seconds, Stopping threads took: 0.0017961 seconds
2016-06-27T20:14:48.345+0300: 985.451: [Full GC (Allocation Failure) 2016-06-27T20:14:48.345+0300: 985.451: [Tenured: 3495078K->3495098K(3495296K), 0.5522698 secs] 5067268K->3860122K(5068160K), [Metaspace: 9117K->9117K(1058816K)], 0.5524576 secs] [Times: user=0.56 sys=0.00, real=0.55 secs] 
2016-06-27T20:14:48.898+0300: 986.003: Total time for which application threads were stopped: 0.5539368 seconds, Stopping threads took: 0.0010499 seconds
2016-06-27T20:14:49.180+0300: 986.286: Total time for which application threads were stopped: 0.0016807 seconds, Stopping threads took: 0.0006479 seconds
2016-06-27T20:14:50.182+0300: 987.287: Total time for which application threads were stopped: 0.0031133 seconds, Stopping threads took: 0.0019518 seconds
2016-06-27T20:14:50.192+0300: 987.298: Total time for which application threads were stopped: 0.0027443 seconds, Stopping threads took: 0.0023589 seconds
2016-06-27T20:14:50.494+0300: 987.601: [Full GC (Allocation Failure) 2016-06-27T20:14:50.495+0300: 987.601: [Tenured: 3495098K->3495091K(3495296K), 0.6492161 secs] 5067298K->3905133K(5068160K), [Metaspace: 9117K->9117K(1058816K)], 0.6494427 secs] [Times: user=0.64 sys=0.00, real=0.65 secs] 
2016-06-27T20:14:51.144+0300: 988.250: Total time for which application threads were stopped: 0.6563169 seconds, Stopping threads took: 0.0065059 seconds
2016-06-27T20:14:51.219+0300: 988.325: Total time for which application threads were stopped: 0.0016974 seconds, Stopping threads took: 0.0008814 seconds
2016-06-27T20:14:52.183+0300: 989.289: Total time for which application threads were stopped: 0.0046657 seconds, Stopping threads took: 0.0035307 seconds
2016-06-27T20:14:52.636+0300: 989.742: [Full GC (Allocation Failure) 2016-06-27T20:14:52.636+0300: 989.742: [Tenured: 3495091K->3495109K(3495296K), 0.5626871 secs] 5067294K->3719129K(5068160K), [Metaspace: 9117K->9117K(1058816K)], 0.5628701 secs] [Times: user=0.56 sys=0.00, real=0.56 secs] 
2016-06-27T20:14:53.199+0300: 990.305: Total time for which application threads were stopped: 0.5653736 seconds, Stopping threads took: 0.0021391 seconds
2016-06-27T20:14:53.201+0300: 990.307: Total time for which application threads were stopped: 0.0006359 seconds, Stopping threads took: 0.0001078 seconds
2016-06-27T20:14:54.181+0300: 991.288: Total time for which application threads were stopped: 0.0019232 seconds, Stopping threads took: 0.0012051 seconds
2016-06-27T20:14:54.901+0300: 992.007: [Full GC (Allocation Failure) 2016-06-27T20:14:54.901+0300: 992.007: [Tenured: 3495109K->3495125K(3495296K), 0.5401882 secs] 5067311K->3898147K(5068160K), [Metaspace: 9117K->9117K(1058816K)], 0.5403366 secs] [Times: user=0.53 sys=0.00, real=0.54 secs] 
2016-06-27T20:14:55.441+0300: 992.547: Total time for which application threads were stopped: 0.5416354 seconds, Stopping threads took: 0.0009802 seconds
2016-06-27T20:14:55.444+0300: 992.550: Total time for which application threads were stopped: 0.0007279 seconds, Stopping threads took: 0.0000778 seconds
2016-06-27T20:14:56.182+0300: 993.288: Total time for which application threads were stopped: 0.0019736 seconds, Stopping threads took: 0.0009716 seconds
2016-06-27T20:14:56.938+0300: 994.044: [Full GC (Allocation Failure) 2016-06-27T20:14:56.938+0300: 994.044: [Tenured: 3495125K->3495137K(3495296K), 0.5662785 secs] 5067333K->3922157K(5068160K), [Metaspace: 9117K->9117K(1058816K)], 0.5664757 secs] [Times: user=0.58 sys=0.00, real=0.57 secs] 
2016-06-27T20:14:57.505+0300: 994.611: Total time for which application threads were stopped: 0.5680486 seconds, Stopping threads took: 0.0011200 seconds
2016-06-27T20:14:57.507+0300: 994.613: Total time for which application threads were stopped: 0.0007005 seconds, Stopping threads took: 0.0000791 seconds
2016-06-27T20:14:58.182+0300: 995.289: Total time for which application threads were stopped: 0.0019792 seconds, Stopping threads took: 0.0009502 seconds
2016-06-27T20:14:58.982+0300: 996.088: [Full GC (Allocation Failure) 2016-06-27T20:14:58.982+0300: 996.088: [Tenured: 3495137K->3495139K(3495296K), 0.6496378 secs] 5067336K->3891163K(5068160K), [Metaspace: 9117K->9117K(1058816K)], 0.6497934 secs] [Times: user=0.66 sys=0.00, real=0.65 secs] 
2016-06-27T20:14:59.632+0300: 996.738: Total time for which application threads were stopped: 0.6528875 seconds, Stopping threads took: 0.0026429 seconds
2016-06-27T20:14:59.640+0300: 996.746: Total time for which application threads were stopped: 0.0010456 seconds, Stopping threads took: 0.0000654 seconds
2016-06-27T20:15:00.189+0300: 997.295: Total time for which application threads were stopped: 0.0078402 seconds, Stopping threads took: 0.0067604 seconds
2016-06-27T20:15:00.198+0300: 997.303: Total time for which application threads were stopped: 0.0004914 seconds, Stopping threads took: 0.0001026 seconds
2016-06-27T20:15:01.180+0300: 998.286: [Full GC (Allocation Failure) 2016-06-27T20:15:01.180+0300: 998.286: [Tenured: 3495139K->3495145K(3495296K), 0.5671107 secs] 5067351K->3721161K(5068160K), [Metaspace: 9117K->9117K(1058816K)], 0.5672835 secs] [Times: user=0.56 sys=0.00, real=0.57 secs] 
2016-06-27T20:15:01.748+0300: 998.854: Total time for which application threads were stopped: 0.5763737 seconds, Stopping threads took: 0.0086356 seconds
2016-06-27T20:15:01.750+0300: 998.856: Total time for which application threads were stopped: 0.0007954 seconds, Stopping threads took: 0.0000783 seconds
2016-06-27T20:15:03.185+0300: 1000.291: Total time for which application threads were stopped: 0.0034409 seconds, Stopping threads took: 0.0021763 seconds
2016-06-27T20:15:03.602+0300: 1000.708: [Full GC (Allocation Failure) 2016-06-27T20:15:03.602+0300: 1000.708: [Tenured: 3495145K->3495148K(3495296K), 0.5643190 secs] 5067359K->3781384K(5068160K), [Metaspace: 9117K->9117K(1058816K)], 0.5644657 secs] [Times: user=0.56 sys=0.00, real=0.56 secs] 
2016-06-27T20:15:04.166+0300: 1001.272: Total time for which application threads were stopped: 0.5657790 seconds, Stopping threads took: 0.0009310 seconds
2016-06-27T20:15:05.168+0300: 1002.274: Total time for which application threads were stopped: 0.0021678 seconds, Stopping threads took: 0.0017495 seconds
2016-06-27T20:15:06.036+0300: 1003.143: [Full GC (Allocation Failure) 2016-06-27T20:15:06.037+0300: 1003.143: [Tenured: 3495148K->3494374K(3495296K), 0.6879000 secs] 5067349K->3878396K(5068160K), [Metaspace: 9117K->9117K(1058816K)], 0.6880835 secs] [Times: user=0.69 sys=0.00, real=0.69 secs] 
2016-06-27T20:15:06.725+0300: 1003.831: Total time for which application threads were stopped: 0.6902529 seconds, Stopping threads took: 0.0016559 seconds
2016-06-27T20:15:07.735+0300: 1004.841: Total time for which application threads were stopped: 0.0100901 seconds, Stopping threads took: 0.0096727 seconds
2016-06-27T20:15:08.289+0300: 1005.395: [Full GC (Allocation Failure) 2016-06-27T20:15:08.289+0300: 1005.395: [Tenured: 3494374K->3495168K(3495296K), 0.5839094 secs] 5066566K->3802198K(5068160K), [Metaspace: 9117K->9117K(1058816K)], 0.5840976 secs] [Times: user=0.59 sys=0.00, real=0.58 secs] 
2016-06-27T20:15:08.873+0300: 1005.980: Total time for which application threads were stopped: 0.5920541 seconds, Stopping threads took: 0.0075720 seconds
2016-06-27T20:15:08.908+0300: 1006.014: Total time for which application threads were stopped: 0.0010037 seconds, Stopping threads took: 0.0002117 seconds
2016-06-27T20:15:10.384+0300: 1007.490: [Full GC (Allocation Failure) 2016-06-27T20:15:10.384+0300: 1007.490: [Tenured: 3495168K->3495163K(3495296K), 0.5799446 secs] 5067391K->3869202K(5068160K), [Metaspace: 9117K->9117K(1058816K)], 0.5801114 secs] [Times: user=0.58 sys=0.00, real=0.58 secs] 
2016-06-27T20:15:10.964+0300: 1008.070: Total time for which application threads were stopped: 0.5844880 seconds, Stopping threads took: 0.0038425 seconds
2016-06-27T20:15:11.186+0300: 1008.292: Total time for which application threads were stopped: 0.0022606 seconds, Stopping threads took: 0.0013877 seconds
2016-06-27T20:15:12.187+0300: 1009.293: Total time for which application threads were stopped: 0.0028289 seconds, Stopping threads took: 0.0017517 seconds
2016-06-27T20:15:12.623+0300: 1009.729: [Full GC (Allocation Failure) 2016-06-27T20:15:12.623+0300: 1009.730: [Tenured: 3495163K->3495180K(3495296K), 0.5449069 secs] 5067333K->3879220K(5068160K), [Metaspace: 9117K->9117K(1058816K)], 0.5450835 secs] [Times: user=0.55 sys=0.00, real=0.55 secs] 
2016-06-27T20:15:13.169+0300: 1010.275: Total time for which application threads were stopped: 0.5462078 seconds, Stopping threads took: 0.0007800 seconds
2016-06-27T20:15:14.174+0300: 1011.280: Total time for which application threads were stopped: 0.0053889 seconds, Stopping threads took: 0.0049877 seconds
2016-06-27T20:15:14.486+0300: 1011.592: Total time for which application threads were stopped: 0.0020621 seconds, Stopping threads took: 0.0012411 seconds
2016-06-27T20:15:14.703+0300: 1011.809: [Full GC (Allocation Failure) 2016-06-27T20:15:14.703+0300: 1011.809: [Tenured: 3495180K->3495206K(3495296K), 0.6498045 secs] 5067664K->3908234K(5068160K), [Metaspace: 9117K->9117K(1058816K)], 0.6499585 secs] [Times: user=0.66 sys=0.00, real=0.65 secs] 
2016-06-27T20:15:15.353+0300: 1012.459: Total time for which application threads were stopped: 0.6529251 seconds, Stopping threads took: 0.0026121 seconds
2016-06-27T20:15:15.498+0300: 1012.605: Total time for which application threads were stopped: 0.0013368 seconds, Stopping threads took: 0.0005500 seconds
2016-06-27T20:15:16.224+0300: 1013.330: Total time for which application threads were stopped: 0.0021443 seconds, Stopping threads took: 0.0011547 seconds
2016-06-27T20:15:16.846+0300: 1013.952: [Full GC (Allocation Failure) 2016-06-27T20:15:16.846+0300: 1013.952: [Tenured: 3495206K->3495224K(3495296K), 0.5795863 secs] 5067408K->3926245K(5068160K), [Metaspace: 9117K->9117K(1058816K)], 0.5798018 secs] [Times: user=0.58 sys=0.00, real=0.58 secs] 
2016-06-27T20:15:17.426+0300: 1014.532: Total time for which application threads were stopped: 0.5861756 seconds, Stopping threads took: 0.0059594 seconds
2016-06-27T20:15:17.449+0300: 1014.555: Total time for which application threads were stopped: 0.0007420 seconds, Stopping threads took: 0.0000757 seconds
2016-06-27T20:15:18.237+0300: 1015.343: Total time for which application threads were stopped: 0.0019830 seconds, Stopping threads took: 0.0011649 seconds
2016-06-27T20:15:18.246+0300: 1015.352: Total time for which application threads were stopped: 0.0003537 seconds, Stopping threads took: 0.0000894 seconds
2016-06-27T20:15:18.900+0300: 1016.006: [Full GC (Allocation Failure) 2016-06-27T20:15:18.900+0300: 1016.006: [Tenured: 3495224K->3495221K(3495296K), 0.5756343 secs] 5067399K->3779237K(5068160K), [Metaspace: 9117K->9117K(1058816K)], 0.5758246 secs] [Times: user=0.58 sys=0.00, real=0.58 secs] 
2016-06-27T20:15:19.476+0300: 1016.582: Total time for which application threads were stopped: 0.5773471 seconds, Stopping threads took: 0.0010734 seconds
2016-06-27T20:15:19.479+0300: 1016.585: Total time for which application threads were stopped: 0.0007142 seconds, Stopping threads took: 0.0000817 seconds
2016-06-27T20:15:20.224+0300: 1017.331: Total time for which application threads were stopped: 0.0021973 seconds, Stopping threads took: 0.0011855 seconds
2016-06-27T20:15:21.107+0300: 1018.213: [Full GC (Allocation Failure) 2016-06-27T20:15:21.107+0300: 1018.213: [Tenured: 3495221K->3495228K(3495296K), 0.5249928 secs] 5067429K->3872250K(5068160K), [Metaspace: 9117K->9117K(1058816K)], 0.5251613 secs] [Times: user=0.53 sys=0.00, real=0.52 secs] 
2016-06-27T20:15:21.632+0300: 1018.738: Total time for which application threads were stopped: 0.5278123 seconds, Stopping threads took: 0.0021875 seconds
2016-06-27T20:15:21.665+0300: 1018.771: Total time for which application threads were stopped: 0.0009006 seconds, Stopping threads took: 0.0001805 seconds
2016-06-27T20:15:23.097+0300: 1020.204: [Full GC (Allocation Failure) 2016-06-27T20:15:23.098+0300: 1020.204: [Tenured: 3495228K->3495219K(3495296K), 0.6568942 secs] 5067417K->3937263K(5068160K), [Metaspace: 9117K->9117K(1058816K)], 0.6570640 secs] [Times: user=0.67 sys=0.00, real=0.66 secs] 
2016-06-27T20:15:23.755+0300: 1020.861: Total time for which application threads were stopped: 0.6612002 seconds, Stopping threads took: 0.0035807 seconds
2016-06-27T20:15:23.757+0300: 1020.863: Total time for which application threads were stopped: 0.0010063 seconds, Stopping threads took: 0.0000710 seconds
2016-06-27T20:15:24.189+0300: 1021.295: Total time for which application threads were stopped: 0.0027276 seconds, Stopping threads took: 0.0014741 seconds
2016-06-27T20:15:25.190+0300: 1022.297: Total time for which application threads were stopped: 0.0036941 seconds, Stopping threads took: 0.0027096 seconds
2016-06-27T20:15:25.323+0300: 1022.429: [Full GC (Allocation Failure) 2016-06-27T20:15:25.323+0300: 1022.429: [Tenured: 3495219K->3495232K(3495296K), 0.5470157 secs] 5067459K->3793270K(5068160K), [Metaspace: 9117K->9117K(1058816K)], 0.5471722 secs] [Times: user=0.55 sys=0.00, real=0.55 secs] 
2016-06-27T20:15:25.870+0300: 1022.976: Total time for which application threads were stopped: 0.5493609 seconds, Stopping threads took: 0.0018718 seconds
2016-06-27T20:15:26.872+0300: 1023.978: Total time for which application threads were stopped: 0.0017333 seconds, Stopping threads took: 0.0014091 seconds
2016-06-27T20:15:27.439+0300: 1024.544: [Full GC (Allocation Failure) 2016-06-27T20:15:27.444+0300: 1024.550: [Tenured: 3495232K->3495259K(3495296K), 0.5681367 secs] 5067696K->3832276K(5068160K), [Metaspace: 9117K->9117K(1058816K)], 0.5740952 secs] [Times: user=0.56 sys=0.00, real=0.57 secs] 
2016-06-27T20:15:28.012+0300: 1025.119: Total time for which application threads were stopped: 0.5754688 seconds, Stopping threads took: 0.0009960 seconds
2016-06-27T20:15:28.189+0300: 1025.295: Total time for which application threads were stopped: 0.0010114 seconds, Stopping threads took: 0.0003990 seconds
2016-06-27T20:15:29.190+0300: 1026.296: Total time for which application threads were stopped: 0.0022794 seconds, Stopping threads took: 0.0011008 seconds
2016-06-27T20:15:29.618+0300: 1026.724: [Full GC (Allocation Failure) 2016-06-27T20:15:29.618+0300: 1026.724: [Tenured: 3495259K->3495266K(3495296K), 0.5267248 secs] 5067460K->3820291K(5068160K), [Metaspace: 9117K->9117K(1058816K)], 0.5269142 secs] [Times: user=0.52 sys=0.00, real=0.53 secs] 
2016-06-27T20:15:30.144+0300: 1027.251: Total time for which application threads were stopped: 0.5283473 seconds, Stopping threads took: 0.0010756 seconds
2016-06-27T20:15:30.189+0300: 1027.295: Total time for which application threads were stopped: 0.0006979 seconds, Stopping threads took: 0.0001073 seconds
2016-06-27T20:15:31.192+0300: 1028.298: Total time for which application threads were stopped: 0.0032258 seconds, Stopping threads took: 0.0020592 seconds
2016-06-27T20:15:31.200+0300: 1028.306: Total time for which application threads were stopped: 0.0006500 seconds, Stopping threads took: 0.0002664 seconds
2016-06-27T20:15:31.749+0300: 1028.855: [Full GC (Allocation Failure) 2016-06-27T20:15:31.749+0300: 1028.855: [Tenured: 3495266K->3495282K(3495296K), 0.6357796 secs] 5067449K->3830299K(5068160K), [Metaspace: 9117K->9117K(1058816K)], 0.6359532 secs] [Times: user=0.64 sys=0.00, real=0.64 secs] 
2016-06-27T20:15:32.385+0300: 1029.491: Total time for which application threads were stopped: 0.6394604 seconds, Stopping threads took: 0.0031035 seconds
2016-06-27T20:15:32.387+0300: 1029.493: Total time for which application threads were stopped: 0.0008634 seconds, Stopping threads took: 0.0000723 seconds
2016-06-27T20:15:33.191+0300: 1030.297: Total time for which application threads were stopped: 0.0022272 seconds, Stopping threads took: 0.0011735 seconds
2016-06-27T20:15:33.970+0300: 1031.076: [Full GC (Allocation Failure) 2016-06-27T20:15:33.970+0300: 1031.076: [Tenured: 3495282K->3495288K(3495296K), 0.5576733 secs] 5067476K->3821305K(5068160K), [Metaspace: 9117K->9117K(1058816K)], 0.5578554 secs] [Times: user=0.56 sys=0.00, real=0.56 secs] 
2016-06-27T20:15:34.528+0300: 1031.634: Total time for which application threads were stopped: 0.5675097 seconds, Stopping threads took: 0.0092241 seconds
2016-06-27T20:15:34.530+0300: 1031.636: Total time for which application threads were stopped: 0.0007676 seconds, Stopping threads took: 0.0001082 seconds
2016-06-27T20:15:35.191+0300: 1032.297: Total time for which application threads were stopped: 0.0020207 seconds, Stopping threads took: 0.0010315 seconds
2016-06-27T20:15:36.195+0300: 1033.301: Total time for which application threads were stopped: 0.0052229 seconds, Stopping threads took: 0.0039400 seconds
2016-06-27T20:15:36.324+0300: 1033.430: [Full GC (Allocation Failure) 2016-06-27T20:15:36.330+0300: 1033.436: [Tenured: 3495288K->3495289K(3495296K), 0.5931878 secs] 5067508K->3792312K(5068160K), [Metaspace: 9117K->9117K(1058816K)], 0.5991938 secs] [Times: user=0.59 sys=0.00, real=0.60 secs] 
2016-06-27T20:15:36.924+0300: 1034.030: Total time for which application threads were stopped: 0.6005627 seconds, Stopping threads took: 0.0009977 seconds
2016-06-27T20:15:37.926+0300: 1035.032: Total time for which application threads were stopped: 0.0018958 seconds, Stopping threads took: 0.0014690 seconds
2016-06-27T20:15:38.589+0300: 1035.695: [Full GC (Allocation Failure) 2016-06-27T20:15:38.594+0300: 1035.700: [Tenured: 3495289K->3494299K(3495296K), 0.5855413 secs] 5067527K->3917326K(5068160K), [Metaspace: 9117K->9117K(1058816K)], 0.5911586 secs] [Times: user=0.59 sys=0.00, real=0.59 secs] 
2016-06-27T20:15:39.180+0300: 1036.286: Total time for which application threads were stopped: 0.5929197 seconds, Stopping threads took: 0.0013625 seconds
2016-06-27T20:15:40.184+0300: 1037.291: Total time for which application threads were stopped: 0.0044711 seconds, Stopping threads took: 0.0040927 seconds
2016-06-27T20:15:40.192+0300: 1037.298: Total time for which application threads were stopped: 0.0011983 seconds, Stopping threads took: 0.0000723 seconds
2016-06-27T20:15:40.772+0300: 1037.878: [Full GC (Allocation Failure) 2016-06-27T20:15:40.772+0300: 1037.878: [Tenured: 3494299K->3494300K(3495296K), 0.7028243 secs] 5066489K->3879333K(5068160K), [Metaspace: 9117K->9117K(1058816K)], 0.7030163 secs] [Times: user=0.70 sys=0.00, real=0.70 secs] 
2016-06-27T20:15:41.475+0300: 1038.581: Total time for which application threads were stopped: 0.7064897 seconds, Stopping threads took: 0.0030573 seconds
2016-06-27T20:15:41.492+0300: 1038.598: Total time for which application threads were stopped: 0.0009289 seconds, Stopping threads took: 0.0000633 seconds
2016-06-27T20:15:42.195+0300: 1039.301: Total time for which application threads were stopped: 0.0037514 seconds, Stopping threads took: 0.0025244 seconds
2016-06-27T20:15:43.034+0300: 1040.140: [Full GC (Allocation Failure) 2016-06-27T20:15:43.034+0300: 1040.140: [Tenured: 3494300K->3494321K(3495296K), 0.5484145 secs] 5066480K->3854336K(5068160K), [Metaspace: 9117K->9117K(1058816K)], 0.5486087 secs] [Times: user=0.55 sys=0.00, real=0.55 secs] 
2016-06-27T20:15:43.582+0300: 1040.688: Total time for which application threads were stopped: 0.5513991 seconds, Stopping threads took: 0.0022311 seconds
2016-06-27T20:15:43.585+0300: 1040.691: Total time for which application threads were stopped: 0.0007946 seconds, Stopping threads took: 0.0001014 seconds
2016-06-27T20:15:45.138+0300: 1042.244: [Full GC (Allocation Failure) 2016-06-27T20:15:45.138+0300: 1042.244: [Tenured: 3494321K->3494305K(3495296K), 0.6467293 secs] 5066529K->3886345K(5068160K), [Metaspace: 9117K->9117K(1058816K)], 0.6468867 secs] [Times: user=0.64 sys=0.00, real=0.65 secs] 
2016-06-27T20:15:45.785+0300: 1042.891: Total time for which application threads were stopped: 0.6505521 seconds, Stopping threads took: 0.0030167 seconds
2016-06-27T20:15:45.788+0300: 1042.894: Total time for which application threads were stopped: 0.0010080 seconds, Stopping threads took: 0.0000860 seconds
2016-06-27T20:15:45.798+0300: 1042.904: Total time for which application threads were stopped: 0.0006244 seconds, Stopping threads took: 0.0000885 seconds
2016-06-27T20:15:46.229+0300: 1043.335: Total time for which application threads were stopped: 0.0019544 seconds, Stopping threads took: 0.0006603 seconds
2016-06-27T20:15:47.229+0300: 1044.335: Total time for which application threads were stopped: 0.0060718 seconds, Stopping threads took: 0.0044540 seconds
2016-06-27T20:15:47.702+0300: 1044.808: [Full GC (Allocation Failure) 2016-06-27T20:15:47.702+0300: 1044.808: [Tenured: 3494305K->3494326K(3495296K), 0.7136606 secs] 5066499K->3901366K(5068160K), [Metaspace: 9117K->9117K(1058816K)], 0.7138488 secs] [Times: user=0.70 sys=0.00, real=0.71 secs] 
2016-06-27T20:15:48.416+0300: 1045.522: Total time for which application threads were stopped: 0.7176053 seconds, Stopping threads took: 0.0033237 seconds
2016-06-27T20:15:48.419+0300: 1045.525: Total time for which application threads were stopped: 0.0008831 seconds, Stopping threads took: 0.0000552 seconds
2016-06-27T20:15:49.223+0300: 1046.329: Total time for which application threads were stopped: 0.0076503 seconds, Stopping threads took: 0.0065983 seconds
2016-06-27T20:15:50.005+0300: 1047.111: [Full GC (Allocation Failure) 2016-06-27T20:15:50.005+0300: 1047.111: [Tenured: 3494326K->3494342K(3495296K), 0.7214649 secs] 5066541K->3812361K(5068160K), [Metaspace: 9117K->9117K(1058816K)], 0.7216492 secs] [Times: user=0.72 sys=0.00, real=0.72 secs] 
2016-06-27T20:15:50.727+0300: 1047.833: Total time for which application threads were stopped: 0.7335055 seconds, Stopping threads took: 0.0113611 seconds
2016-06-27T20:15:50.730+0300: 1047.836: Total time for which application threads were stopped: 0.0011979 seconds, Stopping threads took: 0.0000654 seconds
2016-06-27T20:15:51.216+0300: 1048.322: Total time for which application threads were stopped: 0.0021460 seconds, Stopping threads took: 0.0012137 seconds
2016-06-27T20:15:52.220+0300: 1049.326: Total time for which application threads were stopped: 0.0038348 seconds, Stopping threads took: 0.0026309 seconds
2016-06-27T20:15:52.523+0300: 1049.629: [Full GC (Allocation Failure) 2016-06-27T20:15:52.523+0300: 1049.629: [Tenured: 3494342K->3494524K(3495296K), 0.5695270 secs] 5066562K->3612538K(5068160K), [Metaspace: 9117K->9117K(1058816K)], 0.5696852 secs] [Times: user=0.56 sys=0.00, real=0.57 secs] 
2016-06-27T20:15:53.093+0300: 1050.199: Total time for which application threads were stopped: 0.5719851 seconds, Stopping threads took: 0.0019360 seconds
2016-06-27T20:15:54.096+0300: 1051.202: Total time for which application threads were stopped: 0.0028058 seconds, Stopping threads took: 0.0024257 seconds
2016-06-27T20:15:54.912+0300: 1052.018: [Full GC (Allocation Failure) 2016-06-27T20:15:54.912+0300: 1052.018: [Tenured: 3494524K->3494522K(3495296K), 0.6887403 secs] 5066703K->3775538K(5068160K), [Metaspace: 9117K->9117K(1058816K)], 0.6889054 secs] [Times: user=0.69 sys=0.00, real=0.69 secs] 
2016-06-27T20:15:55.601+0300: 1052.707: Total time for which application threads were stopped: 0.6918682 seconds, Stopping threads took: 0.0025185 seconds
2016-06-27T20:15:56.609+0300: 1053.715: Total time for which application threads were stopped: 0.0083110 seconds, Stopping threads took: 0.0079116 seconds
2016-06-27T20:15:57.319+0300: 1054.425: [Full GC (Allocation Failure) 2016-06-27T20:15:57.319+0300: 1054.426: [Tenured: 3494522K->3494337K(3495296K), 0.6493290 secs] 5066733K->3975385K(5068160K), [Metaspace: 9117K->9117K(1058816K)], 0.6494812 secs] [Times: user=0.64 sys=0.00, real=0.65 secs] 
2016-06-27T20:15:57.969+0300: 1055.075: Total time for which application threads were stopped: 0.6563519 seconds, Stopping threads took: 0.0064811 seconds
2016-06-27T20:15:57.981+0300: 1055.087: Total time for which application threads were stopped: 0.0009986 seconds, Stopping threads took: 0.0000654 seconds
2016-06-27T20:15:58.221+0300: 1055.327: Total time for which application threads were stopped: 0.0015969 seconds, Stopping threads took: 0.0006103 seconds
2016-06-27T20:15:59.231+0300: 1056.337: Total time for which application threads were stopped: 0.0035132 seconds, Stopping threads took: 0.0020673 seconds
2016-06-27T20:15:59.451+0300: 1056.557: [Full GC (Allocation Failure) 2016-06-27T20:15:59.451+0300: 1056.557: [Tenured: 3494337K->3494359K(3495296K), 0.5929428 secs] 5066628K->3898412K(5068160K), [Metaspace: 9117K->9117K(1058816K)], 0.5931061 secs] [Times: user=0.59 sys=0.00, real=0.59 secs] 
2016-06-27T20:16:00.044+0300: 1057.150: Total time for which application threads were stopped: 0.5946183 seconds, Stopping threads took: 0.0011461 seconds
2016-06-27T20:16:01.046+0300: 1058.152: Total time for which application threads were stopped: 0.0019903 seconds, Stopping threads took: 0.0015079 seconds
2016-06-27T20:16:01.525+0300: 1058.631: [Full GC (Allocation Failure) 2016-06-27T20:16:01.525+0300: 1058.631: [Tenured: 3494359K->3494381K(3495296K), 0.5725321 secs] 5066568K->3979424K(5068160K), [Metaspace: 9117K->9117K(1058816K)], 0.5727143 secs] [Times: user=0.56 sys=0.00, real=0.57 secs] 
2016-06-27T20:16:02.098+0300: 1059.204: Total time for which application threads were stopped: 0.5738420 seconds, Stopping threads took: 0.0007373 seconds
2016-06-27T20:16:03.102+0300: 1060.208: Total time for which application threads were stopped: 0.0044630 seconds, Stopping threads took: 0.0040755 seconds
2016-06-27T20:16:03.502+0300: 1060.608: [Full GC (Allocation Failure) 2016-06-27T20:16:03.502+0300: 1060.608: [Tenured: 3494381K->3494391K(3495296K), 0.6459137 secs] 5066596K->3718412K(5068160K), [Metaspace: 9117K->9117K(1058816K)], 0.6460643 secs] [Times: user=0.66 sys=0.00, real=0.65 secs] 
2016-06-27T20:16:04.148+0300: 1061.254: Total time for which application threads were stopped: 0.6490040 seconds, Stopping threads took: 0.0025672 seconds
2016-06-27T20:16:04.778+0300: 1061.884: Total time for which application threads were stopped: 0.0017893 seconds, Stopping threads took: 0.0014677 seconds
2016-06-27T20:16:05.222+0300: 1062.328: Total time for which application threads were stopped: 0.0028542 seconds, Stopping threads took: 0.0018650 seconds
2016-06-27T20:16:05.853+0300: 1062.960: [Full GC (Allocation Failure) 2016-06-27T20:16:05.853+0300: 1062.960: [Tenured: 3494391K->3494404K(3495296K), 0.5536854 secs] 5066564K->3852428K(5068160K), [Metaspace: 9117K->9117K(1058816K)], 0.5538676 secs] [Times: user=0.55 sys=0.00, real=0.55 secs] 
2016-06-27T20:16:06.407+0300: 1063.513: Total time for which application threads were stopped: 0.5576758 seconds, Stopping threads took: 0.0033661 seconds
2016-06-27T20:16:06.895+0300: 1064.001: Total time for which application threads were stopped: 0.0014121 seconds, Stopping threads took: 0.0006885 seconds
2016-06-27T20:16:07.225+0300: 1064.331: Total time for which application threads were stopped: 0.0011658 seconds, Stopping threads took: 0.0004114 seconds
2016-06-27T20:16:07.972+0300: 1065.079: [Full GC (Allocation Failure) 2016-06-27T20:16:07.973+0300: 1065.079: [Tenured: 3494404K->3494413K(3495296K), 0.5484158 secs] 5066588K->3857437K(5068160K), [Metaspace: 9117K->9117K(1058816K)], 0.5485621 secs] [Times: user=0.56 sys=0.00, real=0.55 secs] 
2016-06-27T20:16:08.521+0300: 1065.627: Total time for which application threads were stopped: 0.5501718 seconds, Stopping threads took: 0.0012261 seconds
2016-06-27T20:16:08.555+0300: 1065.661: Total time for which application threads were stopped: 0.0007634 seconds, Stopping threads took: 0.0000932 seconds
2016-06-27T20:16:09.971+0300: 1067.077: [Full GC (Allocation Failure) 2016-06-27T20:16:09.971+0300: 1067.077: [Tenured: 3494413K->3494398K(3495296K), 0.5596768 secs] 5066616K->3975450K(5068160K), [Metaspace: 9117K->9117K(1058816K)], 0.5598179 secs] [Times: user=0.56 sys=0.00, real=0.56 secs] 
2016-06-27T20:16:10.531+0300: 1067.637: Total time for which application threads were stopped: 0.5621127 seconds, Stopping threads took: 0.0017662 seconds
2016-06-27T20:16:10.533+0300: 1067.639: Total time for which application threads were stopped: 0.0008994 seconds, Stopping threads took: 0.0000817 seconds
2016-06-27T20:16:11.205+0300: 1068.311: Total time for which application threads were stopped: 0.0054641 seconds, Stopping threads took: 0.0041025 seconds
2016-06-27T20:16:12.003+0300: 1069.109: [Full GC (Allocation Failure) 2016-06-27T20:16:12.003+0300: 1069.109: [Tenured: 3494398K->3494422K(3495296K), 0.6440684 secs] 5066620K->3686440K(5068160K), [Metaspace: 9117K->9117K(1058816K)], 0.6442296 secs] [Times: user=0.66 sys=0.00, real=0.64 secs] 
2016-06-27T20:16:12.647+0300: 1069.753: Total time for which application threads were stopped: 0.6495420 seconds, Stopping threads took: 0.0048992 seconds
2016-06-27T20:16:12.649+0300: 1069.755: Total time for which application threads were stopped: 0.0008698 seconds, Stopping threads took: 0.0000659 seconds
2016-06-27T20:16:13.202+0300: 1070.308: Total time for which application threads were stopped: 0.0019330 seconds, Stopping threads took: 0.0008870 seconds
2016-06-27T20:16:14.208+0300: 1071.314: Total time for which application threads were stopped: 0.0082811 seconds, Stopping threads took: 0.0070935 seconds
2016-06-27T20:16:14.472+0300: 1071.577: [Full GC (Allocation Failure) 2016-06-27T20:16:14.472+0300: 1071.578: [Tenured: 3494422K->3494428K(3495296K), 0.5710627 secs] 5066639K->3897471K(5068160K), [Metaspace: 9117K->9117K(1058816K)], 0.5712517 secs] [Times: user=0.58 sys=0.00, real=0.57 secs] 
2016-06-27T20:16:15.043+0300: 1072.149: Total time for which application threads were stopped: 0.5774078 seconds, Stopping threads took: 0.0057845 seconds
2016-06-27T20:16:16.045+0300: 1073.151: Total time for which application threads were stopped: 0.0023829 seconds, Stopping threads took: 0.0019984 seconds
2016-06-27T20:16:16.536+0300: 1073.642: [Full GC (Allocation Failure) 2016-06-27T20:16:16.536+0300: 1073.642: [Tenured: 3494428K->3494442K(3495296K), 0.5602520 secs] 5066653K->4000489K(5068160K), [Metaspace: 9117K->9117K(1058816K)], 0.5604149 secs] [Times: user=0.55 sys=0.00, real=0.56 secs] 
2016-06-27T20:16:17.096+0300: 1074.203: Total time for which application threads were stopped: 0.5628923 seconds, Stopping threads took: 0.0021203 seconds
2016-06-27T20:16:18.098+0300: 1075.204: Total time for which application threads were stopped: 0.0017927 seconds, Stopping threads took: 0.0014690 seconds
2016-06-27T20:16:18.202+0300: 1075.308: Total time for which application threads were stopped: 0.0008010 seconds, Stopping threads took: 0.0001548 seconds
2016-06-27T20:16:18.462+0300: 1075.568: [Full GC (Allocation Failure) 2016-06-27T20:16:18.462+0300: 1075.569: [Tenured: 3494442K->3494448K(3495296K), 0.5587856 secs] 5066624K->3963748K(5068160K), [Metaspace: 9117K->9117K(1058816K)], 0.5589335 secs] [Times: user=0.56 sys=0.00, real=0.56 secs] 
2016-06-27T20:16:19.022+0300: 1076.127: Total time for which application threads were stopped: 0.5595250 seconds, Stopping threads took: 0.0003417 seconds
2016-06-27T20:16:20.024+0300: 1077.130: Total time for which application threads were stopped: 0.0019681 seconds, Stopping threads took: 0.0015887 seconds
2016-06-27T20:16:20.412+0300: 1077.518: Total time for which application threads were stopped: 0.0026083 seconds, Stopping threads took: 0.0023307 seconds
2016-06-27T20:16:20.460+0300: 1077.566: [Full GC (Allocation Failure) 2016-06-27T20:16:20.460+0300: 1077.566: [Tenured: 3494448K->3494462K(3495296K), 0.6357484 secs] 5067078K->3672480K(5068160K), [Metaspace: 9117K->9117K(1058816K)], 0.6359002 secs] [Times: user=0.63 sys=0.00, real=0.64 secs] 
2016-06-27T20:16:21.096+0300: 1078.202: Total time for which application threads were stopped: 0.6363253 seconds, Stopping threads took: 0.0000924 seconds
2016-06-27T20:16:22.208+0300: 1079.315: Total time for which application threads were stopped: 0.0058473 seconds, Stopping threads took: 0.0044416 seconds
2016-06-27T20:16:23.033+0300: 1080.139: [Full GC (Allocation Failure) 2016-06-27T20:16:23.034+0300: 1080.139: [Tenured: 3494462K->3494481K(3495296K), 0.5953068 secs] 5066651K->3874498K(5068160K), [Metaspace: 9117K->9117K(1058816K)], 0.5955741 secs] [Times: user=0.59 sys=0.00, real=0.60 secs] 
2016-06-27T20:16:23.629+0300: 1080.735: Total time for which application threads were stopped: 0.6004729 seconds, Stopping threads took: 0.0043266 seconds
2016-06-27T20:16:23.635+0300: 1080.741: Total time for which application threads were stopped: 0.0010157 seconds, Stopping threads took: 0.0000710 seconds
2016-06-27T20:16:25.136+0300: 1082.242: [Full GC (Allocation Failure) 2016-06-27T20:16:25.136+0300: 1082.242: [Tenured: 3494481K->3494459K(3495296K), 0.6720109 secs] 5066678K->4042513K(5068160K), [Metaspace: 9117K->9117K(1058816K)], 0.6721845 secs] [Times: user=0.67 sys=0.00, real=0.67 secs] 
2016-06-27T20:16:25.808+0300: 1082.914: Total time for which application threads were stopped: 0.6792828 seconds, Stopping threads took: 0.0064477 seconds
2016-06-27T20:16:25.820+0300: 1082.926: Total time for which application threads were stopped: 0.0011072 seconds, Stopping threads took: 0.0000928 seconds
2016-06-27T20:16:27.120+0300: 1084.226: Total time for which application threads were stopped: 0.0026604 seconds, Stopping threads took: 0.0021845 seconds
2016-06-27T20:16:27.456+0300: 1084.562: [Full GC (Allocation Failure) 2016-06-27T20:16:27.456+0300: 1084.562: [Tenured: 3494459K->3494502K(3495296K), 0.5840407 secs] 5066655K->3732526K(5068160K), [Metaspace: 9117K->9117K(1058816K)], 0.5842015 secs] [Times: user=0.59 sys=0.00, real=0.58 secs] 
2016-06-27T20:16:28.040+0300: 1085.146: Total time for which application threads were stopped: 0.5860113 seconds, Stopping threads took: 0.0014395 seconds
2016-06-27T20:16:29.042+0300: 1086.148: Total time for which application threads were stopped: 0.0020861 seconds, Stopping threads took: 0.0017243 seconds
2016-06-27T20:16:29.746+0300: 1086.852: [Full GC (Allocation Failure) 2016-06-27T20:16:29.747+0300: 1086.853: [Tenured: 3494502K->3494518K(3495296K), 0.6653656 secs] 5066688K->3815536K(5068160K), [Metaspace: 9117K->9117K(1058816K)], 0.6655478 secs] [Times: user=0.67 sys=0.00, real=0.67 secs] 
2016-06-27T20:16:30.412+0300: 1087.518: Total time for which application threads were stopped: 0.6726793 seconds, Stopping threads took: 0.0066753 seconds
2016-06-27T20:16:31.208+0300: 1088.314: Total time for which application threads were stopped: 0.0031206 seconds, Stopping threads took: 0.0019078 seconds
2016-06-27T20:16:32.065+0300: 1089.171: [Full GC (Allocation Failure) 2016-06-27T20:16:32.065+0300: 1089.171: [Tenured: 3494518K->3494527K(3495296K), 0.5408634 secs] 5066679K->3882540K(5068160K), [Metaspace: 9117K->9117K(1058816K)], 0.5410409 secs] [Times: user=0.53 sys=0.00, real=0.53 secs] 
2016-06-27T20:16:32.596+0300: 1089.712: Total time for which application threads were stopped: 0.5433045 seconds, Stopping threads took: 0.0018376 seconds
2016-06-27T20:16:32.596+0300: 1089.715: Total time for which application threads were stopped: 0.0007916 seconds, Stopping threads took: 0.0001086 seconds
2016-06-27T20:16:33.215+0300: 1090.321: Total time for which application threads were stopped: 0.0023820 seconds, Stopping threads took: 0.0012637 seconds
2016-06-27T20:16:34.194+0300: 1091.301: [Full GC (Allocation Failure) 2016-06-27T20:16:34.194+0300: 1091.301: [Tenured: 3494527K->3494531K(3495296K), 0.5667596 secs] 5066743K->3954554K(5068160K), [Metaspace: 9117K->9117K(1058816K)], 0.5669273 secs] [Times: user=0.55 sys=0.00, real=0.56 secs] 
2016-06-27T20:16:34.754+0300: 1091.868: Total time for which application threads were stopped: 0.5707753 seconds, Stopping threads took: 0.0033772 seconds
2016-06-27T20:16:34.754+0300: 1091.870: Total time for which application threads were stopped: 0.0007356 seconds, Stopping threads took: 0.0000659 seconds
2016-06-27T20:16:35.215+0300: 1092.322: Total time for which application threads were stopped: 0.0021148 seconds, Stopping threads took: 0.0010345 seconds
2016-06-27T20:16:36.218+0300: 1093.324: Total time for which application threads were stopped: 0.0043202 seconds, Stopping threads took: 0.0031394 seconds
2016-06-27T20:16:36.344+0300: 1093.449: [Full GC (Allocation Failure) 2016-06-27T20:16:36.344+0300: 1093.450: [Tenured: 3494531K->3494537K(3495296K), 0.5782216 secs] 5066778K->3853559K(5068160K), [Metaspace: 9117K->9117K(1058816K)], 0.5783846 secs] [Times: user=0.58 sys=0.00, real=0.57 secs] 
2016-06-27T20:16:36.919+0300: 1094.028: Total time for which application threads were stopped: 0.5795880 seconds, Stopping threads took: 0.0008882 seconds
2016-06-27T20:16:37.921+0300: 1095.027: Total time for which application threads were stopped: 0.0018038 seconds, Stopping threads took: 0.0014108 seconds
2016-06-27T20:16:38.423+0300: 1095.529: [Full GC (Allocation Failure) 2016-06-27T20:16:38.423+0300: 1095.529: [Tenured: 3494537K->3494534K(3495296K), 0.6009001 secs] 5066740K->3708554K(5068160K), [Metaspace: 9117K->9117K(1058816K)], 0.6010793 secs] [Times: user=0.61 sys=0.00, real=0.60 secs] 
2016-06-27T20:16:39.024+0300: 1096.130: Total time for which application threads were stopped: 0.6033369 seconds, Stopping threads took: 0.0018415 seconds
2016-06-27T20:16:40.026+0300: 1097.132: Total time for which application threads were stopped: 0.0017448 seconds, Stopping threads took: 0.0013903 seconds
2016-06-27T20:16:40.720+0300: 1097.826: [Full GC (Allocation Failure) 2016-06-27T20:16:40.720+0300: 1097.826: [Tenured: 3494534K->3494560K(3495296K), 0.4710168 secs] 5066723K->3894577K(5068160K), [Metaspace: 9117K->9117K(1058816K)], 0.4712105 secs] [Times: user=0.47 sys=0.00, real=0.47 secs] 
2016-06-27T20:16:41.191+0300: 1098.298: Total time for which application threads were stopped: 0.4737487 seconds, Stopping threads took: 0.0021267 seconds
2016-06-27T20:16:41.216+0300: 1098.322: Total time for which application threads were stopped: 0.0008994 seconds, Stopping threads took: 0.0000757 seconds
2016-06-27T20:16:41.225+0300: 1098.331: Total time for which application threads were stopped: 0.0003391 seconds, Stopping threads took: 0.0000851 seconds
2016-06-27T20:16:42.219+0300: 1099.325: Total time for which application threads were stopped: 0.0025899 seconds, Stopping threads took: 0.0014545 seconds
2016-06-27T20:16:42.766+0300: 1099.872: [Full GC (Allocation Failure) 2016-06-27T20:16:42.766+0300: 1099.872: [Tenured: 3494560K->3494565K(3495296K), 0.5925044 secs] 5066743K->3820578K(5068160K), [Metaspace: 9117K->9117K(1058816K)], 0.5926532 secs] [Times: user=0.58 sys=0.00, real=0.58 secs] 
2016-06-27T20:16:43.345+0300: 1100.465: Total time for which application threads were stopped: 0.5951845 seconds, Stopping threads took: 0.0021703 seconds
2016-06-27T20:16:43.361+0300: 1100.467: Total time for which application threads were stopped: 0.0006338 seconds, Stopping threads took: 0.0000748 seconds
2016-06-27T20:16:44.219+0300: 1101.325: Total time for which application threads were stopped: 0.0026416 seconds, Stopping threads took: 0.0016144 seconds
2016-06-27T20:16:44.982+0300: 1102.088: [Full GC (Allocation Failure) 2016-06-27T20:16:44.983+0300: 1102.089: [Tenured: 3494565K->3494561K(3495296K), 0.6122770 secs] 5066760K->3778579K(5068160K), [Metaspace: 9117K->9117K(1058816K)], 0.6124412 secs] [Times: user=0.61 sys=0.00, real=0.61 secs] 
2016-06-27T20:16:45.595+0300: 1102.701: Total time for which application threads were stopped: 0.6217017 seconds, Stopping threads took: 0.0088422 seconds
2016-06-27T20:16:45.597+0300: 1102.703: Total time for which application threads were stopped: 0.0007377 seconds, Stopping threads took: 0.0000838 seconds
2016-06-27T20:16:46.227+0300: 1103.333: Total time for which application threads were stopped: 0.0017008 seconds, Stopping threads took: 0.0010208 seconds
2016-06-27T20:16:47.228+0300: 1104.334: Total time for which application threads were stopped: 0.0025702 seconds, Stopping threads took: 0.0014805 seconds
2016-06-27T20:16:47.384+0300: 1104.489: [Full GC (Allocation Failure) 2016-06-27T20:16:47.384+0300: 1104.490: [Tenured: 3494561K->3494551K(3495296K), 0.5484748 secs] 5066797K->3688572K(5068160K), [Metaspace: 9117K->9117K(1058816K)], 0.5486592 secs] [Times: user=0.55 sys=0.00, real=0.55 secs] 
2016-06-27T20:16:47.932+0300: 1105.038: Total time for which application threads were stopped: 0.5492249 seconds, Stopping threads took: 0.0002057 seconds
2016-06-27T20:16:48.934+0300: 1106.040: Total time for which application threads were stopped: 0.0019279 seconds, Stopping threads took: 0.0014053 seconds
2016-06-27T20:16:49.619+0300: 1106.725: [Full GC (Allocation Failure) 2016-06-27T20:16:49.619+0300: 1106.725: [Tenured: 3494551K->3494568K(3495296K), 0.5889160 secs] 5066784K->3917597K(5068160K), [Metaspace: 9117K->9117K(1058816K)], 0.5891029 secs] [Times: user=0.59 sys=0.00, real=0.59 secs] 
2016-06-27T20:16:50.208+0300: 1107.314: Total time for which application threads were stopped: 0.5922431 seconds, Stopping threads took: 0.0026733 seconds
2016-06-27T20:16:51.210+0300: 1108.316: Total time for which application threads were stopped: 0.0022670 seconds, Stopping threads took: 0.0018808 seconds
2016-06-27T20:16:51.686+0300: 1108.792: [Full GC (Allocation Failure) 2016-06-27T20:16:51.686+0300: 1108.792: [Tenured: 3494568K->3494578K(3495296K), 0.6284672 secs] 5066764K->3781599K(5068160K), [Metaspace: 9117K->9117K(1058816K)], 0.6286545 secs] [Times: user=0.63 sys=0.00, real=0.62 secs] 
2016-06-27T20:16:52.304+0300: 1109.421: Total time for which application threads were stopped: 0.6319521 seconds, Stopping threads took: 0.0029196 seconds
2016-06-27T20:16:52.334+0300: 1109.440: Total time for which application threads were stopped: 0.0008147 seconds, Stopping threads took: 0.0000599 seconds
2016-06-27T20:16:53.239+0300: 1110.345: Total time for which application threads were stopped: 0.0027152 seconds, Stopping threads took: 0.0016507 seconds
2016-06-27T20:16:53.950+0300: 1111.056: [Full GC (Allocation Failure) 2016-06-27T20:16:53.950+0300: 1111.056: [Tenured: 3494578K->3494609K(3495296K), 0.5498750 secs] 5066779K->3867629K(5068160K), [Metaspace: 9117K->9117K(1058816K)], 0.5500315 secs] [Times: user=0.55 sys=0.00, real=0.55 secs] 
2016-06-27T20:16:54.500+0300: 1111.606: Total time for which application threads were stopped: 0.5514992 seconds, Stopping threads took: 0.0010687 seconds
2016-06-27T20:16:54.502+0300: 1111.608: Total time for which application threads were stopped: 0.0007292 seconds, Stopping threads took: 0.0000778 seconds
2016-06-27T20:16:55.240+0300: 1112.346: Total time for which application threads were stopped: 0.0022473 seconds, Stopping threads took: 0.0010820 seconds
2016-06-27T20:16:55.251+0300: 1112.357: Total time for which application threads were stopped: 0.0028362 seconds, Stopping threads took: 0.0024748 seconds
2016-06-27T20:16:56.020+0300: 1113.126: [Full GC (Allocation Failure) 2016-06-27T20:16:56.020+0300: 1113.126: [Tenured: 3494609K->3494606K(3495296K), 0.6151966 secs] 5066791K->3688618K(5068160K), [Metaspace: 9117K->9117K(1058816K)], 0.6153369 secs] [Times: user=0.59 sys=0.00, real=0.62 secs] 
2016-06-27T20:16:56.635+0300: 1113.742: Total time for which application threads were stopped: 0.6179879 seconds, Stopping threads took: 0.0022358 seconds
2016-06-27T20:16:56.635+0300: 1113.745: Total time for which application threads were stopped: 0.0006902 seconds, Stopping threads took: 0.0000744 seconds
2016-06-27T20:16:57.240+0300: 1114.346: Total time for which application threads were stopped: 0.0019223 seconds, Stopping threads took: 0.0008202 seconds
2016-06-27T20:16:58.243+0300: 1115.349: Total time for which application threads were stopped: 0.0043009 seconds, Stopping threads took: 0.0029808 seconds
2016-06-27T20:16:58.770+0300: 1115.876: [Full GC (Allocation Failure) 2016-06-27T20:16:58.770+0300: 1115.876: [Tenured: 3494606K->3494624K(3495296K), 0.6477142 secs] 5066787K->3773640K(5068160K), [Metaspace: 9117K->9117K(1058816K)], 0.6479648 secs] [Times: user=0.64 sys=0.00, real=0.65 secs] 
2016-06-27T20:16:59.418+0300: 1116.524: Total time for which application threads were stopped: 0.6523516 seconds, Stopping threads took: 0.0037467 seconds
2016-06-27T20:16:59.421+0300: 1116.527: Total time for which application threads were stopped: 0.0007274 seconds, Stopping threads took: 0.0000783 seconds
2016-06-27T20:17:00.243+0300: 1117.349: Total time for which application threads were stopped: 0.0034974 seconds, Stopping threads took: 0.0022054 seconds
2016-06-27T20:17:01.246+0300: 1118.352: Total time for which application threads were stopped: 0.0066158 seconds, Stopping threads took: 0.0053512 seconds
2016-06-27T20:17:01.379+0300: 1118.485: [Full GC (Allocation Failure) 2016-06-27T20:17:01.379+0300: 1118.485: [Tenured: 3494624K->3494633K(3495296K), 0.5607237 secs] 5066861K->3839657K(5068160K), [Metaspace: 9117K->9117K(1058816K)], 0.5608849 secs] [Times: user=0.56 sys=0.00, real=0.56 secs] 
2016-06-27T20:17:01.940+0300: 1119.046: Total time for which application threads were stopped: 0.5644978 seconds, Stopping threads took: 0.0032994 seconds
2016-06-27T20:17:02.942+0300: 1120.048: Total time for which application threads were stopped: 0.0016717 seconds, Stopping threads took: 0.0013249 seconds
2016-06-27T20:17:03.448+0300: 1120.555: [Full GC (Allocation Failure) 2016-06-27T20:17:03.448+0300: 1120.555: [Tenured: 3494633K->3494635K(3495296K), 0.5719552 secs] 5066819K->4039679K(5068160K), [Metaspace: 9117K->9117K(1058816K)], 0.5721057 secs] [Times: user=0.58 sys=0.00, real=0.57 secs] 
2016-06-27T20:17:04.021+0300: 1121.127: Total time for which application threads were stopped: 0.5733160 seconds, Stopping threads took: 0.0008361 seconds
2016-06-27T20:17:05.024+0300: 1122.129: Total time for which application threads were stopped: 0.0025313 seconds, Stopping threads took: 0.0021665 seconds
2016-06-27T20:17:05.244+0300: 1122.350: Total time for which application threads were stopped: 0.0038745 seconds, Stopping threads took: 0.0028537 seconds
2016-06-27T20:17:05.427+0300: 1122.533: [Full GC (Allocation Failure) 2016-06-27T20:17:05.427+0300: 1122.533: [Tenured: 3494635K->3494640K(3495296K), 0.6673730 secs] 5066870K->3700665K(5068160K), [Metaspace: 9117K->9117K(1058816K)], 0.6675454 secs] [Times: user=0.66 sys=0.00, real=0.67 secs] 
2016-06-27T20:17:06.095+0300: 1123.201: Total time for which application threads were stopped: 0.6700411 seconds, Stopping threads took: 0.0021006 seconds
2016-06-27T20:17:07.127+0300: 1124.233: Total time for which application threads were stopped: 0.0038964 seconds, Stopping threads took: 0.0035401 seconds
2016-06-27T20:17:07.900+0300: 1125.006: [Full GC (Allocation Failure) 2016-06-27T20:17:07.900+0300: 1125.006: [Tenured: 3494640K->3494668K(3495296K), 0.5914725 secs] 5066812K->3924685K(5068160K), [Metaspace: 9117K->9117K(1058816K)], 0.5916577 secs] [Times: user=0.59 sys=0.00, real=0.59 secs] 
2016-06-27T20:17:08.492+0300: 1125.598: Total time for which application threads were stopped: 0.5957362 seconds, Stopping threads took: 0.0036188 seconds
2016-06-27T20:17:08.494+0300: 1125.600: Total time for which application threads were stopped: 0.0007257 seconds, Stopping threads took: 0.0000757 seconds
2016-06-27T20:17:09.243+0300: 1126.350: Total time for which application threads were stopped: 0.0018115 seconds, Stopping threads took: 0.0009075 seconds
2016-06-27T20:17:10.008+0300: 1127.114: [Full GC (Allocation Failure) 2016-06-27T20:17:10.013+0300: 1127.119: [Tenured: 3494668K->3494670K(3495296K), 0.5833830 secs] 5066881K->3850690K(5068160K), [Metaspace: 9117K->9117K(1058816K)], 0.5888168 secs] [Times: user=0.58 sys=0.00, real=0.59 secs] 
2016-06-27T20:17:10.597+0300: 1127.703: Total time for which application threads were stopped: 0.5908550 seconds, Stopping threads took: 0.0016597 seconds
2016-06-27T20:17:10.599+0300: 1127.705: Total time for which application threads were stopped: 0.0008108 seconds, Stopping threads took: 0.0000787 seconds
2016-06-27T20:17:10.609+0300: 1127.715: Total time for which application threads were stopped: 0.0004986 seconds, Stopping threads took: 0.0000877 seconds
2016-06-27T20:17:11.244+0300: 1128.350: Total time for which application threads were stopped: 0.0023589 seconds, Stopping threads took: 0.0011063 seconds
2016-06-27T20:17:12.249+0300: 1129.356: Total time for which application threads were stopped: 0.0071615 seconds, Stopping threads took: 0.0059966 seconds
2016-06-27T20:17:12.388+0300: 1129.495: [Full GC (Allocation Failure) 2016-06-27T20:17:12.389+0300: 1129.495: [Tenured: 3494670K->3494681K(3495296K), 0.5893312 secs] 5066903K->3857705K(5068160K), [Metaspace: 9117K->9117K(1058816K)], 0.5895078 secs] [Times: user=0.59 sys=0.00, real=0.59 secs] 
2016-06-27T20:17:12.978+0300: 1130.084: Total time for which application threads were stopped: 0.5918954 seconds, Stopping threads took: 0.0020348 seconds
2016-06-27T20:17:13.981+0300: 1131.087: Total time for which application threads were stopped: 0.0021408 seconds, Stopping threads took: 0.0017504 seconds
2016-06-27T20:17:14.530+0300: 1131.635: [Full GC (Allocation Failure) 2016-06-27T20:17:14.530+0300: 1131.635: [Tenured: 3494681K->3494686K(3495296K), 0.6748039 secs] 5066871K->3777705K(5068160K), [Metaspace: 9117K->9117K(1058816K)], 0.6749784 secs] [Times: user=0.67 sys=0.00, real=0.67 secs] 
2016-06-27T20:17:15.205+0300: 1132.310: Total time for which application threads were stopped: 0.6782944 seconds, Stopping threads took: 0.0028755 seconds
2016-06-27T20:17:16.207+0300: 1133.313: Total time for which application threads were stopped: 0.0021772 seconds, Stopping threads took: 0.0018261 seconds
2016-06-27T20:17:16.244+0300: 1133.350: Total time for which application threads were stopped: 0.0011974 seconds, Stopping threads took: 0.0001505 seconds
2016-06-27T20:17:16.993+0300: 1134.099: [Full GC (Allocation Failure) 2016-06-27T20:17:16.993+0300: 1134.099: [Tenured: 3494686K->3494705K(3495296K), 0.5310531 secs] 5066854K->3900721K(5068160K), [Metaspace: 9117K->9117K(1058816K)], 0.5312113 secs] [Times: user=0.53 sys=0.00, real=0.53 secs] 
2016-06-27T20:17:17.524+0300: 1134.630: Total time for which application threads were stopped: 0.5328411 seconds, Stopping threads took: 0.0013061 seconds
2016-06-27T20:17:17.526+0300: 1134.632: Total time for which application threads were stopped: 0.0007497 seconds, Stopping threads took: 0.0000979 seconds
2016-06-27T20:17:18.246+0300: 1135.352: Total time for which application threads were stopped: 0.0024932 seconds, Stopping threads took: 0.0011517 seconds
2016-06-27T20:17:19.088+0300: 1136.194: [Full GC (Allocation Failure) 2016-06-27T20:17:19.088+0300: 1136.194: [Tenured: 3494705K->3494712K(3495296K), 0.6591898 secs] 5066906K->3942731K(5068160K), [Metaspace: 9117K->9117K(1058816K)], 0.6593528 secs] [Times: user=0.66 sys=0.00, real=0.66 secs] 
2016-06-27T20:17:19.747+0300: 1136.853: Total time for which application threads were stopped: 0.6683211 seconds, Stopping threads took: 0.0084693 seconds
2016-06-27T20:17:19.750+0300: 1136.856: Total time for which application threads were stopped: 0.0008600 seconds, Stopping threads took: 0.0000847 seconds
2016-06-27T20:17:20.246+0300: 1137.352: Total time for which application threads were stopped: 0.0023046 seconds, Stopping threads took: 0.0010371 seconds
2016-06-27T20:17:21.250+0300: 1138.356: Total time for which application threads were stopped: 0.0057092 seconds, Stopping threads took: 0.0044994 seconds
2016-06-27T20:17:21.410+0300: 1138.516: [Full GC (Allocation Failure) 2016-06-27T20:17:21.416+0300: 1138.522: [Tenured: 3494712K->3494705K(3495296K), 0.5648356 secs] 5066959K->3673727K(5068160K), [Metaspace: 9117K->9117K(1058816K)], 0.5711717 secs] [Times: user=0.56 sys=0.00, real=0.57 secs] 
2016-06-27T20:17:21.981+0300: 1139.087: Total time for which application threads were stopped: 0.5722507 seconds, Stopping threads took: 0.0007428 seconds
2016-06-27T20:17:22.983+0300: 1140.089: Total time for which application threads were stopped: 0.0016555 seconds, Stopping threads took: 0.0012881 seconds
2016-06-27T20:17:23.739+0300: 1140.845: [Full GC (Allocation Failure) 2016-06-27T20:17:23.739+0300: 1140.845: [Tenured: 3494705K->3494721K(3495296K), 0.5879281 secs] 5066694K->3736734K(5068160K), [Metaspace: 9117K->9117K(1058816K)], 0.5880876 secs] [Times: user=0.58 sys=0.00, real=0.59 secs] 
2016-06-27T20:17:24.327+0300: 1141.433: Total time for which application threads were stopped: 0.5897178 seconds, Stopping threads took: 0.0011850 seconds
2016-06-27T20:17:24.329+0300: 1141.435: Total time for which application threads were stopped: 0.0009468 seconds, Stopping threads took: 0.0002237 seconds
2016-06-27T20:17:25.248+0300: 1142.354: Total time for which application threads were stopped: 0.0026365 seconds, Stopping threads took: 0.0015511 seconds
2016-06-27T20:17:25.257+0300: 1142.363: Total time for which application threads were stopped: 0.0004918 seconds, Stopping threads took: 0.0001180 seconds
2016-06-27T20:17:26.193+0300: 1143.298: [Full GC (Allocation Failure) 2016-06-27T20:17:26.193+0300: 1143.298: [Tenured: 3494721K->3494747K(3495296K), 0.6283632 secs] 5066929K->3966767K(5068160K), [Metaspace: 9117K->9117K(1058816K)], 0.6285416 secs] [Times: user=0.63 sys=0.00, real=0.63 secs] 
2016-06-27T20:17:26.821+0300: 1143.927: Total time for which application threads were stopped: 0.6322912 seconds, Stopping threads took: 0.0032981 seconds
2016-06-27T20:17:26.823+0300: 1143.929: Total time for which application threads were stopped: 0.0008326 seconds, Stopping threads took: 0.0000714 seconds
2016-06-27T20:17:27.248+0300: 1144.354: Total time for which application threads were stopped: 0.0018372 seconds, Stopping threads took: 0.0007531 seconds
2016-06-27T20:17:28.213+0300: 1145.320: [Full GC (Allocation Failure) 2016-06-27T20:17:28.214+0300: 1145.320: [Tenured: 3494747K->3494751K(3495296K), 0.6663821 secs] 5066873K->3952771K(5068160K), [Metaspace: 9117K->9117K(1058816K)], 0.6665656 secs] [Times: user=0.67 sys=0.00, real=0.67 secs] 
2016-06-27T20:17:28.880+0300: 1145.986: Total time for which application threads were stopped: 0.6693381 seconds, Stopping threads took: 0.0023068 seconds
2016-06-27T20:17:28.883+0300: 1145.989: Total time for which application threads were stopped: 0.0008125 seconds, Stopping threads took: 0.0000890 seconds
2016-06-27T20:17:29.275+0300: 1146.380: Total time for which application threads were stopped: 0.0029589 seconds, Stopping threads took: 0.0016285 seconds
2016-06-27T20:17:30.277+0300: 1147.383: Total time for which application threads were stopped: 0.0054158 seconds, Stopping threads took: 0.0042684 seconds
2016-06-27T20:17:30.574+0300: 1147.680: [Full GC (Allocation Failure) 2016-06-27T20:17:30.574+0300: 1147.680: [Tenured: 3494751K->3494750K(3495296K), 0.5546425 secs] 5066960K->3827100K(5068160K), [Metaspace: 9117K->9117K(1058816K)], 0.5548178 secs] [Times: user=0.55 sys=0.00, real=0.56 secs] 
2016-06-27T20:17:31.129+0300: 1148.235: Total time for which application threads were stopped: 0.5576848 seconds, Stopping threads took: 0.0025274 seconds
2016-06-27T20:17:32.131+0300: 1149.237: Total time for which application threads were stopped: 0.0020707 seconds, Stopping threads took: 0.0016944 seconds
2016-06-27T20:17:32.673+0300: 1149.779: [Full GC (Allocation Failure) 2016-06-27T20:17:32.673+0300: 1149.779: [Tenured: 3494750K->3495092K(3495296K), 0.6253106 secs] 5066934K->3850109K(5068160K), [Metaspace: 9117K->9117K(1058816K)], 0.6254625 secs] [Times: user=0.63 sys=0.00, real=0.63 secs] 
2016-06-27T20:17:33.298+0300: 1150.404: Total time for which application threads were stopped: 0.6273642 seconds, Stopping threads took: 0.0015272 seconds
2016-06-27T20:17:34.275+0300: 1151.381: Total time for which application threads were stopped: 0.0025732 seconds, Stopping threads took: 0.0015870 seconds
2016-06-27T20:17:34.956+0300: 1152.062: [Full GC (Allocation Failure) 2016-06-27T20:17:34.956+0300: 1152.062: [Tenured: 3495092K->3494769K(3495296K), 0.5784017 secs] 5067321K->3867793K(5068160K), [Metaspace: 9117K->9117K(1058816K)], 0.5785599 secs] [Times: user=0.58 sys=0.00, real=0.58 secs] 
2016-06-27T20:17:35.535+0300: 1152.641: Total time for which application threads were stopped: 0.5812438 seconds, Stopping threads took: 0.0022670 seconds
2016-06-27T20:17:35.537+0300: 1152.643: Total time for which application threads were stopped: 0.0008416 seconds, Stopping threads took: 0.0001219 seconds
2016-06-27T20:17:36.275+0300: 1153.381: Total time for which application threads were stopped: 0.0020681 seconds, Stopping threads took: 0.0010627 seconds
2016-06-27T20:17:37.139+0300: 1154.245: [Full GC (Allocation Failure) 2016-06-27T20:17:37.139+0300: 1154.246: [Tenured: 3494769K->3494777K(3495296K), 0.5452683 secs] 5066972K->3782794K(5068160K), [Metaspace: 9117K->9117K(1058816K)], 0.5455082 secs] [Times: user=0.55 sys=0.00, real=0.55 secs] 
2016-06-27T20:17:37.685+0300: 1154.791: Total time for which application threads were stopped: 0.5482418 seconds, Stopping threads took: 0.0022777 seconds
2016-06-27T20:17:37.687+0300: 1154.793: Total time for which application threads were stopped: 0.0008921 seconds, Stopping threads took: 0.0002228 seconds
2016-06-27T20:17:38.276+0300: 1155.382: Total time for which application threads were stopped: 0.0019078 seconds, Stopping threads took: 0.0008254 seconds
2016-06-27T20:17:38.284+0300: 1155.390: Total time for which application threads were stopped: 0.0005260 seconds, Stopping threads took: 0.0001095 seconds
2016-06-27T20:17:39.279+0300: 1156.385: Total time for which application threads were stopped: 0.0046439 seconds, Stopping threads took: 0.0033956 seconds
2016-06-27T20:17:39.494+0300: 1156.600: [Full GC (Allocation Failure) 2016-06-27T20:17:39.494+0300: 1156.600: [Tenured: 3494777K->3494787K(3495296K), 0.6540349 secs] 5066982K->3755810K(5068160K), [Metaspace: 9117K->9117K(1058816K)], 0.6542004 secs] [Times: user=0.66 sys=0.00, real=0.65 secs] 
2016-06-27T20:17:40.148+0300: 1157.254: Total time for which application threads were stopped: 0.6551134 seconds, Stopping threads took: 0.0005581 seconds
2016-06-27T20:17:41.151+0300: 1158.257: Total time for which application threads were stopped: 0.0019856 seconds, Stopping threads took: 0.0015755 seconds
2016-06-27T20:17:41.875+0300: 1158.981: [Full GC (Allocation Failure) 2016-06-27T20:17:41.875+0300: 1158.981: [Tenured: 3494787K->3494797K(3495296K), 0.5956896 secs] 5067014K->3809818K(5068160K), [Metaspace: 9117K->9117K(1058816K)], 0.5958500 secs] [Times: user=0.59 sys=0.00, real=0.60 secs] 
2016-06-27T20:17:42.471+0300: 1159.577: Total time for which application threads were stopped: 0.6011935 seconds, Stopping threads took: 0.0049420 seconds
2016-06-27T20:17:43.474+0300: 1160.581: Total time for which application threads were stopped: 0.0034127 seconds, Stopping threads took: 0.0030047 seconds
2016-06-27T20:17:44.175+0300: 1161.282: [Full GC (Allocation Failure) 2016-06-27T20:17:44.176+0300: 1161.282: [Tenured: 3494797K->3494797K(3495296K), 0.5454881 secs] 5067022K->3700818K(5068160K), [Metaspace: 9117K->9117K(1058816K)], 0.5456600 secs] [Times: user=0.55 sys=0.00, real=0.55 secs] 
2016-06-27T20:17:44.721+0300: 1161.827: Total time for which application threads were stopped: 0.5485270 seconds, Stopping threads took: 0.0024295 seconds
2016-06-27T20:17:44.723+0300: 1161.830: Total time for which application threads were stopped: 0.0006924 seconds, Stopping threads took: 0.0000808 seconds
2016-06-27T20:17:45.278+0300: 1162.384: Total time for which application threads were stopped: 0.0024047 seconds, Stopping threads took: 0.0014194 seconds
2016-06-27T20:17:46.281+0300: 1163.387: Total time for which application threads were stopped: 0.0057366 seconds, Stopping threads took: 0.0046028 seconds
2016-06-27T20:17:46.624+0300: 1163.730: [Full GC (Allocation Failure) 2016-06-27T20:17:46.624+0300: 1163.730: [Tenured: 3494797K->3494811K(3495296K), 0.5941466 secs] 5066980K->3715831K(5068160K), [Metaspace: 9117K->9117K(1058816K)], 0.5942967 secs] [Times: user=0.59 sys=0.00, real=0.59 secs] 
2016-06-27T20:17:47.218+0300: 1164.324: Total time for which application threads were stopped: 0.5975007 seconds, Stopping threads took: 0.0028375 seconds
2016-06-27T20:17:47.277+0300: 1164.383: Total time for which application threads were stopped: 0.0012830 seconds, Stopping threads took: 0.0005222 seconds
2016-06-27T20:17:48.278+0300: 1165.384: Total time for which application threads were stopped: 0.0023311 seconds, Stopping threads took: 0.0011671 seconds
2016-06-27T20:17:48.946+0300: 1166.052: [Full GC (Allocation Failure) 2016-06-27T20:17:48.946+0300: 1166.052: [Tenured: 3494811K->3494822K(3495296K), 0.5651059 secs] 5067016K->3771840K(5068160K), [Metaspace: 9117K->9117K(1058816K)], 0.5652769 secs] [Times: user=0.55 sys=0.00, real=0.56 secs] 
2016-06-27T20:17:49.511+0300: 1166.617: Total time for which application threads were stopped: 0.5672407 seconds, Stopping threads took: 0.0015408 seconds
2016-06-27T20:17:49.514+0300: 1166.620: Total time for which application threads were stopped: 0.0006842 seconds, Stopping threads took: 0.0001026 seconds
2016-06-27T20:17:50.278+0300: 1167.384: Total time for which application threads were stopped: 0.0018530 seconds, Stopping threads took: 0.0009284 seconds
2016-06-27T20:17:51.160+0300: 1168.266: [Full GC (Allocation Failure) 2016-06-27T20:17:51.160+0300: 1168.266: [Tenured: 3494822K->3494832K(3495296K), 0.5696476 secs] 5067012K->3822850K(5068160K), [Metaspace: 9117K->9117K(1058816K)], 0.5698242 secs] [Times: user=0.58 sys=0.00, real=0.57 secs] 
2016-06-27T20:17:51.730+0300: 1168.836: Total time for which application threads were stopped: 0.5723144 seconds, Stopping threads took: 0.0020412 seconds
2016-06-27T20:17:51.757+0300: 1168.863: Total time for which application threads were stopped: 0.0007646 seconds, Stopping threads took: 0.0000881 seconds
2016-06-27T20:17:52.279+0300: 1169.384: Total time for which application threads were stopped: 0.0017269 seconds, Stopping threads took: 0.0005679 seconds
2016-06-27T20:17:52.287+0300: 1169.393: Total time for which application threads were stopped: 0.0005294 seconds, Stopping threads took: 0.0001578 seconds
2016-06-27T20:17:53.285+0300: 1170.391: Total time for which application threads were stopped: 0.0076653 seconds, Stopping threads took: 0.0063443 seconds
2016-06-27T20:17:53.495+0300: 1170.601: [Full GC (Allocation Failure) 2016-06-27T20:17:53.501+0300: 1170.607: [Tenured: 3494832K->3494848K(3495296K), 0.5746610 secs] 5067059K->3887871K(5068160K), [Metaspace: 9117K->9117K(1058816K)], 0.5809920 secs] [Times: user=0.58 sys=0.00, real=0.58 secs] 
2016-06-27T20:17:54.076+0300: 1171.182: Total time for which application threads were stopped: 0.5852125 seconds, Stopping threads took: 0.0038382 seconds
2016-06-27T20:17:55.078+0300: 1172.184: Total time for which application threads were stopped: 0.0024688 seconds, Stopping threads took: 0.0021083 seconds
2016-06-27T20:17:55.633+0300: 1172.739: [Full GC (Allocation Failure) 2016-06-27T20:17:55.633+0300: 1172.739: [Tenured: 3494848K->3494857K(3495296K), 0.5763558 secs] 5067057K->3803876K(5068160K), [Metaspace: 9117K->9117K(1058816K)], 0.5765341 secs] [Times: user=0.58 sys=0.00, real=0.58 secs] 
2016-06-27T20:17:56.209+0300: 1173.316: Total time for which application threads were stopped: 0.5816078 seconds, Stopping threads took: 0.0046897 seconds
2016-06-27T20:17:57.212+0300: 1174.318: Total time for which application threads were stopped: 0.0020677 seconds, Stopping threads took: 0.0016999 seconds
2016-06-27T20:17:57.280+0300: 1174.386: Total time for which application threads were stopped: 0.0019475 seconds, Stopping threads took: 0.0007822 seconds
2016-06-27T20:17:57.897+0300: 1175.003: [Full GC (Allocation Failure) 2016-06-27T20:17:57.897+0300: 1175.003: [Tenured: 3494857K->3494869K(3495296K), 0.5535528 secs] 5067025K->3810882K(5068160K), [Metaspace: 9117K->9117K(1058816K)], 0.5537025 secs] [Times: user=0.53 sys=0.00, real=0.55 secs] 
2016-06-27T20:17:58.451+0300: 1175.557: Total time for which application threads were stopped: 0.5598761 seconds, Stopping threads took: 0.0055625 seconds
2016-06-27T20:17:58.484+0300: 1175.590: Total time for which application threads were stopped: 0.0012205 seconds, Stopping threads took: 0.0001929 seconds
2016-06-27T20:17:59.281+0300: 1176.387: Total time for which application threads were stopped: 0.0024616 seconds, Stopping threads took: 0.0014852 seconds
2016-06-27T20:18:00.174+0300: 1177.280: [Full GC (Allocation Failure) 2016-06-27T20:18:00.174+0300: 1177.280: [Tenured: 3494869K->3494868K(3495296K), 0.6019800 secs] 5067065K->3839887K(5068160K), [Metaspace: 9117K->9117K(1058816K)], 0.6021279 secs] [Times: user=0.61 sys=0.00, real=0.60 secs] 
2016-06-27T20:18:00.776+0300: 1177.882: Total time for which application threads were stopped: 0.6049868 seconds, Stopping threads took: 0.0022191 seconds
2016-06-27T20:18:00.779+0300: 1177.885: Total time for which application threads were stopped: 0.0011996 seconds, Stopping threads took: 0.0000706 seconds
2016-06-27T20:18:01.281+0300: 1178.387: Total time for which application threads were stopped: 0.0019587 seconds, Stopping threads took: 0.0008848 seconds
2016-06-27T20:18:02.287+0300: 1179.393: Total time for which application threads were stopped: 0.0076614 seconds, Stopping threads took: 0.0064606 seconds
2016-06-27T20:18:02.503+0300: 1179.610: [Full GC (Allocation Failure) 2016-06-27T20:18:02.504+0300: 1179.610: [Tenured: 3494868K->3494874K(3495296K), 0.7065102 secs] 5067120K->3752899K(5068160K), [Metaspace: 9117K->9117K(1058816K)], 0.7067245 secs] [Times: user=0.72 sys=0.00, real=0.71 secs] 
2016-06-27T20:18:03.210+0300: 1180.316: Total time for which application threads were stopped: 0.7094640 seconds, Stopping threads took: 0.0023756 seconds
2016-06-27T20:18:04.212+0300: 1181.318: Total time for which application threads were stopped: 0.0018312 seconds, Stopping threads took: 0.0014763 seconds
2016-06-27T20:18:04.958+0300: 1182.064: [Full GC (Allocation Failure) 2016-06-27T20:18:04.958+0300: 1182.064: [Tenured: 3494874K->3494889K(3495296K), 0.5657037 secs] 5067112K->3905914K(5068160K), [Metaspace: 9117K->9117K(1058816K)], 0.5658620 secs] [Times: user=0.56 sys=0.00, real=0.57 secs] 
2016-06-27T20:18:05.524+0300: 1182.630: Total time for which application threads were stopped: 0.5677193 seconds, Stopping threads took: 0.0014592 seconds
2016-06-27T20:18:06.282+0300: 1183.388: Total time for which application threads were stopped: 0.0022349 seconds, Stopping threads took: 0.0009404 seconds
2016-06-27T20:18:06.997+0300: 1184.103: [Full GC (Allocation Failure) 2016-06-27T20:18:06.997+0300: 1184.103: [Tenured: 3494889K->3494888K(3495296K), 0.5919523 secs] 5067038K->4002928K(5068160K), [Metaspace: 9117K->9117K(1058816K)], 0.5921200 secs] [Times: user=0.59 sys=0.00, real=0.59 secs] 
2016-06-27T20:18:07.589+0300: 1184.695: Total time for which application threads were stopped: 0.5932883 seconds, Stopping threads took: 0.0007715 seconds
2016-06-27T20:18:07.591+0300: 1184.697: Total time for which application threads were stopped: 0.0007450 seconds, Stopping threads took: 0.0001450 seconds
2016-06-27T20:18:08.283+0300: 1185.389: Total time for which application threads were stopped: 0.0023799 seconds, Stopping threads took: 0.0013069 seconds
2016-06-27T20:18:08.292+0300: 1185.398: Total time for which application threads were stopped: 0.0004409 seconds, Stopping threads took: 0.0000864 seconds
2016-06-27T20:18:09.009+0300: 1186.115: [Full GC (Allocation Failure) 2016-06-27T20:18:09.009+0300: 1186.115: [Tenured: 3494888K->3494883K(3495296K), 0.6632739 secs] 5067117K->3803904K(5068160K), [Metaspace: 9117K->9117K(1058816K)], 0.6634146 secs] [Times: user=0.66 sys=0.00, real=0.66 secs] 
2016-06-27T20:18:09.672+0300: 1186.779: Total time for which application threads were stopped: 0.6689968 seconds, Stopping threads took: 0.0051721 seconds
2016-06-27T20:18:09.675+0300: 1186.781: Total time for which application threads were stopped: 0.0009973 seconds, Stopping threads took: 0.0000641 seconds
2016-06-27T20:18:10.286+0300: 1187.392: Total time for which application threads were stopped: 0.0047559 seconds, Stopping threads took: 0.0037236 seconds
2016-06-27T20:18:11.257+0300: 1188.363: [Full GC (Allocation Failure) 2016-06-27T20:18:11.257+0300: 1188.363: [Tenured: 3494883K->3494907K(3495296K), 0.4456873 secs] 5067079K->4080938K(5068160K), [Metaspace: 9117K->9117K(1058816K)], 0.4458575 secs] [Times: user=0.44 sys=0.00, real=0.45 secs] 
2016-06-27T20:18:11.703+0300: 1188.809: Total time for which application threads were stopped: 0.4512429 seconds, Stopping threads took: 0.0049279 seconds
2016-06-27T20:18:11.705+0300: 1188.812: Total time for which application threads were stopped: 0.0008626 seconds, Stopping threads took: 0.0001142 seconds
2016-06-27T20:18:12.721+0300: 1189.827: Total time for which application threads were stopped: 0.0158245 seconds, Stopping threads took: 0.0154764 seconds
2016-06-27T20:18:12.749+0300: 1189.855: Total time for which application threads were stopped: 0.0019976 seconds, Stopping threads took: 0.0011016 seconds
2016-06-27T20:18:13.035+0300: 1190.141: [Full GC (Allocation Failure) 2016-06-27T20:18:13.041+0300: 1190.147: [Tenured: 3494907K->3494890K(3495296K), 0.4966679 secs] 5067131K->3846132K(5068160K), [Metaspace: 9117K->9117K(1058816K)], 0.5029061 secs] [Times: user=0.50 sys=0.00, real=0.50 secs] 
2016-06-27T20:18:13.538+0300: 1190.644: Total time for which application threads were stopped: 0.5035125 seconds, Stopping threads took: 0.0003430 seconds
2016-06-27T20:18:14.540+0300: 1191.646: Total time for which application threads were stopped: 0.0028157 seconds, Stopping threads took: 0.0024432 seconds
2016-06-27T20:18:15.079+0300: 1192.185: [Full GC (Allocation Failure) 2016-06-27T20:18:15.080+0300: 1192.185: [Tenured: 3494890K->3495124K(3495296K), 0.5423106 secs] 5067088K->3857144K(5068160K), [Metaspace: 9077K->9077K(1058816K)], 0.5425082 secs] [Times: user=0.58 sys=0.00, real=0.54 secs] 
2016-06-27T20:18:15.622+0300: 1192.728: Total time for which application threads were stopped: 0.5448573 seconds, Stopping threads took: 0.0019723 seconds
2016-06-27T20:18:16.627+0300: 1193.733: Total time for which application threads were stopped: 0.0047658 seconds, Stopping threads took: 0.0044044 seconds
2016-06-27T20:18:16.713+0300: 1193.819: Total time for which application threads were stopped: 0.0041410 seconds, Stopping threads took: 0.0029487 seconds
2016-06-27T20:18:17.213+0300: 1194.319: [Full GC (Allocation Failure) 2016-06-27T20:18:17.213+0300: 1194.319: [Tenured: 3495124K->3494697K(3495296K), 0.6477347 secs] 5067300K->3712708K(5068160K), [Metaspace: 9077K->9077K(1058816K)], 0.6479096 secs] [Times: user=0.64 sys=0.00, real=0.65 secs] 
2016-06-27T20:18:17.861+0300: 1194.967: Total time for which application threads were stopped: 0.6571769 seconds, Stopping threads took: 0.0088794 seconds
2016-06-27T20:18:17.881+0300: 1194.987: Total time for which application threads were stopped: 0.0016003 seconds, Stopping threads took: 0.0007364 seconds
2016-06-27T20:18:18.320+0300: 1195.426: Total time for which application threads were stopped: 0.0032758 seconds, Stopping threads took: 0.0029303 seconds
2016-06-27T20:18:18.771+0300: 1195.877: Total time for which application threads were stopped: 0.0039314 seconds, Stopping threads took: 0.0030556 seconds
2016-06-27T20:18:19.597+0300: 1196.704: [Full GC (Allocation Failure) 2016-06-27T20:18:19.598+0300: 1196.704: [Tenured: 3494697K->3494720K(3495296K), 0.4609438 secs] 5066900K->3914751K(5068160K), [Metaspace: 9077K->9077K(1058816K)], 0.4611264 secs] [Times: user=0.47 sys=0.00, real=0.46 secs] 
2016-06-27T20:18:20.059+0300: 1197.165: Total time for which application threads were stopped: 0.4721454 seconds, Stopping threads took: 0.0105815 seconds
2016-06-27T20:18:20.069+0300: 1197.174: Total time for which application threads were stopped: 0.0008412 seconds, Stopping threads took: 0.0000992 seconds
2016-06-27T20:18:21.475+0300: 1198.581: [Full GC (Allocation Failure) 2016-06-27T20:18:21.475+0300: 1198.581: [Tenured: 3494720K->3494715K(3495296K), 0.5523066 secs] 5066917K->3961763K(5068160K), [Metaspace: 9086K->9086K(1058816K)], 0.5524495 secs] [Times: user=0.55 sys=0.00, real=0.55 secs] 
2016-06-27T20:18:22.027+0300: 1199.133: Total time for which application threads were stopped: 0.5544299 seconds, Stopping threads took: 0.0014669 seconds
2016-06-27T20:18:22.029+0300: 1199.135: Total time for which application threads were stopped: 0.0009083 seconds, Stopping threads took: 0.0000744 seconds
2016-06-27T20:18:23.467+0300: 1200.573: [Full GC (Allocation Failure) 2016-06-27T20:18:23.467+0300: 1200.573: [Tenured: 3494715K->3494744K(3495296K), 0.6258769 secs] 5066888K->4493886K(5068160K), [Metaspace: 9086K->9086K(1058816K)], 0.6260355 secs] [Times: user=0.63 sys=0.00, real=0.63 secs] 
2016-06-27T20:18:24.093+0300: 1201.199: Total time for which application threads were stopped: 0.6280476 seconds, Stopping threads took: 0.0014716 seconds
2016-06-27T20:18:24.861+0300: 1201.967: [Full GC (Allocation Failure) 2016-06-27T20:18:24.861+0300: 1201.967: [Tenured: 3494744K->3494662K(3495296K), 0.8216061 secs] 5066983K->4878901K(5068160K), [Metaspace: 9086K->9086K(1058816K)], 0.8217652 secs] [Times: user=0.83 sys=0.00, real=0.82 secs] 
2016-06-27T20:18:25.682+0300: 1202.789: Total time for which application threads were stopped: 0.8237482 seconds, Stopping threads took: 0.0014241 seconds
2016-06-27T20:18:25.924+0300: 1203.030: [Full GC (Allocation Failure) 2016-06-27T20:18:25.924+0300: 1203.030: [Tenured: 3494662K->3494662K(3495296K), 0.1978239 secs] 5066863K->5041911K(5068160K), [Metaspace: 9068K->9068K(1058816K)], 0.1979428 secs] [Times: user=0.20 sys=0.00, real=0.20 secs] 
2016-06-27T20:18:26.122+0300: 1203.228: Total time for which application threads were stopped: 0.1990569 seconds, Stopping threads took: 0.0006038 seconds
2016-06-27T20:18:26.155+0300: 1203.262: [Full GC (Allocation Failure) 2016-06-27T20:18:26.155+0300: 1203.262: [Tenured: 3494662K->3494663K(3495296K), 0.3006590 secs] 5066823K->5038913K(5068160K), [Metaspace: 9068K->9068K(1058816K)], 0.3007740 secs] [Times: user=0.30 sys=0.00, real=0.30 secs] 
2016-06-27T20:18:26.456+0300: 1203.562: Total time for which application threads were stopped: 0.3015417 seconds, Stopping threads took: 0.0003113 seconds
2016-06-27T20:18:26.510+0300: 1203.616: [Full GC (Allocation Failure) 2016-06-27T20:18:26.510+0300: 1203.616: [Tenured: 3494663K->3494663K(3495296K), 0.0865162 secs] 5066829K->5065917K(5068160K), [Metaspace: 9056K->9056K(1058816K)], 0.0866252 secs] [Times: user=0.08 sys=0.00, real=0.09 secs] 
2016-06-27T20:18:26.596+0300: 1203.702: [Full GC (Allocation Failure) 2016-06-27T20:18:26.596+0300: 1203.702: [Tenured: 3494663K->3494631K(3495296K), 0.7245329 secs] 5065917K->4891856K(5068160K), [Metaspace: 9056K->9056K(1058816K)], 0.7246898 secs] [Times: user=0.73 sys=0.00, real=0.73 secs] 
2016-06-27T20:18:27.321+0300: 1204.427: Total time for which application threads were stopped: 0.8120510 seconds, Stopping threads took: 0.0001873 seconds
2016-06-27T20:18:27.552+0300: 1204.658: [Full GC (Allocation Failure) 2016-06-27T20:18:27.552+0300: 1204.658: [Tenured: 3494631K->3494631K(3495296K), 0.1583099 secs] 5066906K->5065893K(5068160K), [Metaspace: 8985K->8985K(1058816K)], 0.1584536 secs] [Times: user=0.16 sys=0.00, real=0.16 secs] 
2016-06-27T20:18:27.711+0300: 1204.816: [Full GC (Allocation Failure) 2016-06-27T20:18:27.711+0300: 1204.817: [Tenured: 3494631K->3494631K(3495296K), 0.0224570 secs] 5065893K->5065893K(5068160K), [Metaspace: 8985K->8985K(1058816K)], 0.0225485 secs] [Times: user=0.02 sys=0.00, real=0.02 secs] 
2016-06-27T20:18:27.733+0300: 1204.839: Total time for which application threads were stopped: 0.1819515 seconds, Stopping threads took: 0.0003853 seconds
2016-06-27T20:18:27.734+0300: 1204.840: [Full GC (Allocation Failure) 2016-06-27T20:18:27.734+0300: 1204.840: [Tenured: 3494631K->3494631K(3495296K), 0.2290444 secs] 5066285K->5061892K(5068160K), [Metaspace: 8985K->8985K(1058816K)], 0.2291316 secs] [Times: user=0.23 sys=0.00, real=0.23 secs] 
2016-06-27T20:18:27.963+0300: 1205.069: Total time for which application threads were stopped: 0.2295696 seconds, Stopping threads took: 0.0000582 seconds
2016-06-27T20:18:27.983+0300: 1205.089: [Full GC (Allocation Failure) 2016-06-27T20:18:27.983+0300: 1205.089: [Tenured: 3494631K->3494633K(3495296K), 0.7225896 secs] 5066811K->5039891K(5068160K), [Metaspace: 8985K->8985K(1058816K)], 0.7226944 secs] [Times: user=0.72 sys=0.00, real=0.72 secs] 
2016-06-27T20:18:28.706+0300: 1205.812: Total time for which application threads were stopped: 0.7232289 seconds, Stopping threads took: 0.0001129 seconds
2016-06-27T20:18:28.737+0300: 1205.843: [Full GC (Allocation Failure) 2016-06-27T20:18:28.737+0300: 1205.843: [Tenured: 3494633K->3494633K(3495296K), 0.2146440 secs] 5066812K->5042892K(5068160K), [Metaspace: 8985K->8985K(1058816K)], 0.2147766 secs] [Times: user=0.22 sys=0.00, real=0.21 secs] 
2016-06-27T20:18:28.952+0300: 1206.058: Total time for which application threads were stopped: 0.2154001 seconds, Stopping threads took: 0.0001527 seconds
2016-06-27T20:18:28.980+0300: 1206.087: [Full GC (Allocation Failure) 2016-06-27T20:18:28.981+0300: 1206.087: [Tenured: 3494633K->3494633K(3495296K), 0.2385815 secs] 5066370K->5063892K(5068160K), [Metaspace: 8985K->8985K(1058816K)], 0.2386833 secs] [Times: user=0.23 sys=0.00, real=0.24 secs] 
2016-06-27T20:18:29.220+0300: 1206.325: Total time for which application threads were stopped: 0.2392709 seconds, Stopping threads took: 0.0001086 seconds
2016-06-27T20:18:29.220+0300: 1206.326: [Full GC (Allocation Failure) 2016-06-27T20:18:29.220+0300: 1206.326: [Tenured: 3494633K->3494633K(3495296K), 0.0720054 secs] 5066121K->5050891K(5068160K), [Metaspace: 8985K->8985K(1058816K)], 0.0720888 secs] [Times: user=0.08 sys=0.00, real=0.07 secs] 
2016-06-27T20:18:29.292+0300: 1206.398: Total time for which application threads were stopped: 0.0726221 seconds, Stopping threads took: 0.0001484 seconds
2016-06-27T20:18:29.316+0300: 1206.423: [Full GC (Allocation Failure) 2016-06-27T20:18:29.317+0300: 1206.423: [Tenured: 3494633K->3494629K(3495296K), 0.7065222 secs] 5066834K->4872873K(5068160K), [Metaspace: 8987K->8987K(1058816K)], 0.7066531 secs] [Times: user=0.72 sys=0.00, real=0.71 secs] 
2016-06-27T20:18:30.023+0300: 1207.129: Total time for which application threads were stopped: 0.7071804 seconds, Stopping threads took: 0.0001069 seconds
2016-06-27T20:18:30.249+0300: 1207.355: [Full GC (Allocation Failure) 2016-06-27T20:18:30.249+0300: 1207.356: [Tenured: 3494629K->3494639K(3495296K), 0.4651271 secs] 5066861K->4802859K(5068160K), [Metaspace: 8987K->8987K(1058816K)], 0.4652601 secs] [Times: user=0.47 sys=0.00, real=0.47 secs] 
2016-06-27T20:18:30.715+0300: 1207.821: Total time for which application threads were stopped: 0.4661552 seconds, Stopping threads took: 0.0004409 seconds
2016-06-27T20:18:31.038+0300: 1208.144: [Full GC (Allocation Failure) 2016-06-27T20:18:31.038+0300: 1208.144: [Tenured: 3494639K->3494630K(3495296K), 0.6786173 secs] 5066811K->4886861K(5068160K), [Metaspace: 8993K->8993K(1058816K)], 0.6787426 secs] [Times: user=0.67 sys=0.00, real=0.68 secs] 
2016-06-27T20:18:31.717+0300: 1208.823: Total time for which application threads were stopped: 0.6810336 seconds, Stopping threads took: 0.0017016 seconds
2016-06-27T20:18:31.941+0300: 1209.047: [Full GC (Allocation Failure) 2016-06-27T20:18:31.941+0300: 1209.047: [Tenured: 3494630K->3494671K(3495296K), 0.5872644 secs] 5066850K->4585817K(5068160K), [Metaspace: 8993K->8993K(1058816K)], 0.5873730 secs] [Times: user=0.59 sys=0.00, real=0.59 secs] 
2016-06-27T20:18:32.528+0300: 1209.634: Total time for which application threads were stopped: 0.5881381 seconds, Stopping threads took: 0.0003571 seconds
2016-06-27T20:18:33.135+0300: 1210.241: [Full GC (Allocation Failure) 2016-06-27T20:18:33.141+0300: 1210.247: [Tenured: 3494671K->3494639K(3495296K), 0.6401904 secs] 5066995K->4285826K(5068160K), [Metaspace: 9038K->9038K(1058816K)], 0.6461678 secs] [Times: user=0.64 sys=0.00, real=0.65 secs] 
2016-06-27T20:18:33.781+0300: 1210.887: Total time for which application threads were stopped: 0.6475726 seconds, Stopping threads took: 0.0009250 seconds
2016-06-27T20:18:34.394+0300: 1211.500: Total time for which application threads were stopped: 0.0039216 seconds, Stopping threads took: 0.0030423 seconds
2016-06-27T20:18:34.773+0300: 1211.879: [Full GC (Allocation Failure) 2016-06-27T20:18:34.773+0300: 1211.879: [Tenured: 3494639K->3297002K(3495296K), 0.4806792 secs] 5066647K->3297002K(5068160K), [Metaspace: 9054K->9054K(1058816K)], 0.4808370 secs] [Times: user=0.47 sys=0.00, real=0.48 secs] 
2016-06-27T20:18:35.254+0300: 1212.360: Total time for which application threads were stopped: 0.4821760 seconds, Stopping threads took: 0.0009554 seconds
2016-06-27T20:18:36.670+0300: 1213.776: Total time for which application threads were stopped: 0.0023414 seconds, Stopping threads took: 0.0018047 seconds
2016-06-27T20:18:36.718+0300: 1213.824: Total time for which application threads were stopped: 0.0030808 seconds, Stopping threads took: 0.0016666 seconds
2016-06-27T20:18:36.926+0300: 1214.032: [GC (Allocation Failure) 2016-06-27T20:18:36.926+0300: 1214.032: [DefNew: 1397434K->1397434K(1572864K), 0.0000235 secs]2016-06-27T20:18:36.926+0300: 1214.032: [Tenured: 3297002K->2326719K(3495296K), 0.3957334 secs] 4694437K->2326719K(5068160K), [Metaspace: 9055K->9055K(1058816K)], 0.3958976 secs] [Times: user=0.41 sys=0.00, real=0.40 secs] 
2016-06-27T20:18:37.322+0300: 1214.428: Total time for which application threads were stopped: 0.3974188 seconds, Stopping threads took: 0.0009943 seconds
2016-06-27T20:18:37.718+0300: 1214.824: Total time for which application threads were stopped: 0.0029863 seconds, Stopping threads took: 0.0015622 seconds
2016-06-27T20:18:38.718+0300: 1215.824: Total time for which application threads were stopped: 0.0035380 seconds, Stopping threads took: 0.0021951 seconds
2016-06-27T20:18:39.182+0300: 1216.288: [GC (Allocation Failure) 2016-06-27T20:18:39.182+0300: 1216.288: [DefNew (promotion failed) : 1397604K->1571761K(1572864K), 0.2541203 secs]2016-06-27T20:18:39.436+0300: 1216.542: [Tenured: 3494737K->3173810K(3495296K), 0.4410630 secs] 3724323K->3173810K(5068160K), [Metaspace: 9055K->9055K(1058816K)], 0.6953814 secs] [Times: user=0.69 sys=0.00, real=0.70 secs] 
2016-06-27T20:18:39.877+0300: 1216.983: Total time for which application threads were stopped: 0.7005021 seconds, Stopping threads took: 0.0045088 seconds
2016-06-27T20:18:41.042+0300: 1218.148: Total time for which application threads were stopped: 0.0078483 seconds, Stopping threads took: 0.0073377 seconds
2016-06-27T20:18:41.043+0300: 1218.150: Total time for which application threads were stopped: 0.0015122 seconds, Stopping threads took: 0.0000415 seconds
2016-06-27T20:18:41.777+0300: 1218.883: [GC (Allocation Failure) 2016-06-27T20:18:41.777+0300: 1218.883: [DefNew: 1397907K->1397907K(1572864K), 0.0000381 secs]2016-06-27T20:18:41.777+0300: 1218.883: [Tenured: 3173810K->3494940K(3495296K), 0.5662127 secs] 4571717K->3757948K(5068160K), [Metaspace: 9055K->9055K(1058816K)], 0.5664329 secs] [Times: user=0.56 sys=0.00, real=0.57 secs] 
2016-06-27T20:18:42.343+0300: 1219.450: Total time for which application threads were stopped: 0.5692178 seconds, Stopping threads took: 0.0023525 seconds
2016-06-27T20:18:43.052+0300: 1220.158: Total time for which application threads were stopped: 0.0020737 seconds, Stopping threads took: 0.0010892 seconds
2016-06-27T20:18:43.719+0300: 1220.825: Total time for which application threads were stopped: 0.0023431 seconds, Stopping threads took: 0.0016182 seconds
2016-06-27T20:18:44.056+0300: 1221.162: [Full GC (Allocation Failure) 2016-06-27T20:18:44.056+0300: 1221.162: [Tenured: 3494940K->3494949K(3495296K), 0.4988349 secs] 5067167K->3726968K(5068160K), [Metaspace: 9057K->9057K(1058816K)], 0.4989854 secs] [Times: user=0.50 sys=0.00, real=0.50 secs] 
2016-06-27T20:18:44.555+0300: 1221.661: Total time for which application threads were stopped: 0.5009329 seconds, Stopping threads took: 0.0015759 seconds
2016-06-27T20:18:44.719+0300: 1221.824: Total time for which application threads were stopped: 0.0016649 seconds, Stopping threads took: 0.0007890 seconds
2016-06-27T20:18:45.727+0300: 1222.833: Total time for which application threads were stopped: 0.0080805 seconds, Stopping threads took: 0.0077132 seconds
2016-06-27T20:18:46.281+0300: 1223.387: [Full GC (Allocation Failure) 2016-06-27T20:18:46.281+0300: 1223.387: [Tenured: 3494949K->3494963K(3495296K), 0.6579821 secs] 5067123K->4102006K(5068160K), [Metaspace: 9057K->9057K(1058816K)], 0.6581669 secs] [Times: user=0.64 sys=0.00, real=0.66 secs] 
2016-06-27T20:18:46.939+0300: 1224.045: Total time for which application threads were stopped: 0.6616702 seconds, Stopping threads took: 0.0031445 seconds
2016-06-27T20:18:46.941+0300: 1224.047: Total time for which application threads were stopped: 0.0006641 seconds, Stopping threads took: 0.0000795 seconds
2016-06-27T20:18:47.943+0300: 1225.049: Total time for which application threads were stopped: 0.0020728 seconds, Stopping threads took: 0.0017059 seconds
2016-06-27T20:18:48.193+0300: 1225.299: [Full GC (Allocation Failure) 2016-06-27T20:18:48.193+0300: 1225.299: [Tenured: 3494963K->3494974K(3495296K), 0.4950232 secs] 5067187K->3514976K(5068160K), [Metaspace: 9057K->9057K(1058816K)], 0.4951938 secs] [Times: user=0.49 sys=0.00, real=0.49 secs] 
2016-06-27T20:18:48.688+0300: 1225.794: Total time for which application threads were stopped: 0.4964562 seconds, Stopping threads took: 0.0009006 seconds
2016-06-27T20:18:48.754+0300: 1225.860: Total time for which application threads were stopped: 0.0006761 seconds, Stopping threads took: 0.0001706 seconds
2016-06-27T20:18:49.720+0300: 1226.826: Total time for which application threads were stopped: 0.0020882 seconds, Stopping threads took: 0.0012966 seconds
2016-06-27T20:18:49.729+0300: 1226.835: Total time for which application threads were stopped: 0.0005299 seconds, Stopping threads took: 0.0001253 seconds
2016-06-27T20:18:50.596+0300: 1227.702: [Full GC (Allocation Failure) 2016-06-27T20:18:50.596+0300: 1227.702: [Tenured: 3494974K->3494987K(3495296K), 0.5716785 secs] 5067127K->3852000K(5068160K), [Metaspace: 9065K->9065K(1058816K)], 0.5718633 secs] [Times: user=0.58 sys=0.00, real=0.57 secs] 
2016-06-27T20:18:51.168+0300: 1228.274: Total time for which application threads were stopped: 0.5736111 seconds, Stopping threads took: 0.0012979 seconds
2016-06-27T20:18:51.171+0300: 1228.277: Total time for which application threads were stopped: 0.0011581 seconds, Stopping threads took: 0.0001206 seconds
2016-06-27T20:18:51.720+0300: 1228.826: Total time for which application threads were stopped: 0.0019676 seconds, Stopping threads took: 0.0009225 seconds
2016-06-27T20:18:52.723+0300: 1229.829: Total time for which application threads were stopped: 0.0042629 seconds, Stopping threads took: 0.0030389 seconds
2016-06-27T20:18:52.831+0300: 1229.937: [Full GC (Allocation Failure) 2016-06-27T20:18:52.831+0300: 1229.938: [Tenured: 3494987K->3495002K(3495296K), 0.6502925 secs] 5067219K->4023028K(5068160K), [Metaspace: 9065K->9065K(1058816K)], 0.6504597 secs] [Times: user=0.66 sys=0.00, real=0.65 secs] 
2016-06-27T20:18:53.482+0300: 1230.588: Total time for which application threads were stopped: 0.6509374 seconds, Stopping threads took: 0.0001005 seconds
2016-06-27T20:18:54.496+0300: 1231.602: Total time for which application threads were stopped: 0.0054894 seconds, Stopping threads took: 0.0051216 seconds
2016-06-27T20:18:54.886+0300: 1231.992: [Full GC (Allocation Failure) 2016-06-27T20:18:54.886+0300: 1231.992: [Tenured: 3495002K->3494986K(3495296K), 0.5662003 secs] 5067303K->3732019K(5068160K), [Metaspace: 9065K->9065K(1058816K)], 0.5663687 secs] [Times: user=0.56 sys=0.00, real=0.57 secs] 
2016-06-27T20:18:55.452+0300: 1232.558: Total time for which application threads were stopped: 0.5714356 seconds, Stopping threads took: 0.0046606 seconds
2016-06-27T20:18:55.721+0300: 1232.827: Total time for which application threads were stopped: 0.0017859 seconds, Stopping threads took: 0.0007890 seconds
2016-06-27T20:18:56.723+0300: 1233.829: Total time for which application threads were stopped: 0.0038827 seconds, Stopping threads took: 0.0023495 seconds
2016-06-27T20:18:57.427+0300: 1234.533: [Full GC (Allocation Failure) 2016-06-27T20:18:57.427+0300: 1234.533: [Tenured: 3494986K->3495017K(3495296K), 0.6385440 secs] 5067153K->4088052K(5068160K), [Metaspace: 9065K->9065K(1058816K)], 0.6387257 secs] [Times: user=0.61 sys=0.00, real=0.64 secs] 
2016-06-27T20:18:58.066+0300: 1235.171: Total time for which application threads were stopped: 0.6410192 seconds, Stopping threads took: 0.0018389 seconds
2016-06-27T20:18:58.068+0300: 1235.174: Total time for which application threads were stopped: 0.0007569 seconds, Stopping threads took: 0.0000761 seconds
2016-06-27T20:18:59.071+0300: 1236.177: Total time for which application threads were stopped: 0.0035624 seconds, Stopping threads took: 0.0031971 seconds
2016-06-27T20:18:59.410+0300: 1236.515: [Full GC (Allocation Failure) 2016-06-27T20:18:59.410+0300: 1236.515: [Tenured: 3495017K->3495043K(3495296K), 0.5902550 secs] 5067179K->3611048K(5068160K), [Metaspace: 9065K->9065K(1058816K)], 0.5903999 secs] [Times: user=0.59 sys=0.00, real=0.59 secs] 
2016-06-27T20:19:00.000+0300: 1237.106: Total time for which application threads were stopped: 0.5938105 seconds, Stopping threads took: 0.0029897 seconds
2016-06-27T20:19:00.747+0300: 1237.853: Total time for which application threads were stopped: 0.0135284 seconds, Stopping threads took: 0.0124336 seconds
2016-06-27T20:19:01.729+0300: 1238.835: Total time for which application threads were stopped: 0.0081686 seconds, Stopping threads took: 0.0068160 seconds
2016-06-27T20:19:02.208+0300: 1239.315: [Full GC (Allocation Failure) 2016-06-27T20:19:02.209+0300: 1239.315: [Tenured: 3495043K->3495024K(3495296K), 0.6257139 secs] 5067292K->3557035K(5068160K), [Metaspace: 9077K->9077K(1058816K)], 0.6258982 secs] [Times: user=0.63 sys=0.00, real=0.63 secs] 
2016-06-27T20:19:02.834+0300: 1239.941: Total time for which application threads were stopped: 0.6297095 seconds, Stopping threads took: 0.0033870 seconds
2016-06-27T20:19:02.837+0300: 1239.943: Total time for which application threads were stopped: 0.0006145 seconds, Stopping threads took: 0.0000565 seconds
2016-06-27T20:19:03.724+0300: 1240.830: Total time for which application threads were stopped: 0.0027041 seconds, Stopping threads took: 0.0016037 seconds
2016-06-27T20:19:03.732+0300: 1240.838: Total time for which application threads were stopped: 0.0004871 seconds, Stopping threads took: 0.0000838 seconds
2016-06-27T20:19:04.727+0300: 1241.833: Total time for which application threads were stopped: 0.0059812 seconds, Stopping threads took: 0.0047850 seconds
2016-06-27T20:19:04.995+0300: 1242.101: [Full GC (Allocation Failure) 2016-06-27T20:19:04.995+0300: 1242.101: [Tenured: 3495024K->3495060K(3495296K), 0.5759833 secs] 5067219K->3589070K(5068160K), [Metaspace: 9077K->9077K(1058816K)], 0.5761569 secs] [Times: user=0.56 sys=0.00, real=0.58 secs] 
2016-06-27T20:19:05.571+0300: 1242.677: Total time for which application threads were stopped: 0.5778325 seconds, Stopping threads took: 0.0011059 seconds
2016-06-27T20:19:06.573+0300: 1243.679: Total time for which application threads were stopped: 0.0019813 seconds, Stopping threads took: 0.0015986 seconds
2016-06-27T20:19:07.393+0300: 1244.499: [Full GC (Allocation Failure) 2016-06-27T20:19:07.399+0300: 1244.505: [Tenured: 3495060K->3495068K(3495296K), 0.5397999 secs] 5067273K->3716085K(5068160K), [Metaspace: 9077K->9077K(1058816K)], 0.5456917 secs] [Times: user=0.53 sys=0.00, real=0.55 secs] 
2016-06-27T20:19:07.939+0300: 1245.045: Total time for which application threads were stopped: 0.5479800 seconds, Stopping threads took: 0.0019638 seconds
2016-06-27T20:19:08.942+0300: 1246.048: Total time for which application threads were stopped: 0.0028306 seconds, Stopping threads took: 0.0023846 seconds
2016-06-27T20:19:09.674+0300: 1246.780: [Full GC (Allocation Failure) 2016-06-27T20:19:09.674+0300: 1246.780: [Tenured: 3495068K->3495060K(3495296K), 0.6512723 secs] 5067234K->3831080K(5068160K), [Metaspace: 9077K->9077K(1058816K)], 0.6514634 secs] [Times: user=0.66 sys=0.00, real=0.65 secs] 
2016-06-27T20:19:10.326+0300: 1247.431: Total time for which application threads were stopped: 0.6542072 seconds, Stopping threads took: 0.0023170 seconds
2016-06-27T20:19:10.331+0300: 1247.437: Total time for which application threads were stopped: 0.0007197 seconds, Stopping threads took: 0.0000718 seconds
2016-06-27T20:19:10.724+0300: 1247.830: Total time for which application threads were stopped: 0.0012180 seconds, Stopping threads took: 0.0005812 seconds
2016-06-27T20:19:11.852+0300: 1248.958: [Full GC (Allocation Failure) 2016-06-27T20:19:11.852+0300: 1248.958: [Tenured: 3495060K->3495059K(3495296K), 0.5559780 secs] 5067268K->3973108K(5068160K), [Metaspace: 9077K->9077K(1058816K)], 0.5561504 secs] [Times: user=0.55 sys=0.00, real=0.56 secs] 
2016-06-27T20:19:12.408+0300: 1249.514: Total time for which application threads were stopped: 0.5638439 seconds, Stopping threads took: 0.0072064 seconds
2016-06-27T20:19:13.410+0300: 1250.516: Total time for which application threads were stopped: 0.0019313 seconds, Stopping threads took: 0.0014707 seconds
2016-06-27T20:19:13.860+0300: 1250.966: [Full GC (Allocation Failure) 2016-06-27T20:19:13.860+0300: 1250.966: [Tenured: 3495059K->3495067K(3495296K), 0.5665608 secs] 5067207K->3926118K(5068160K), [Metaspace: 9077K->9077K(1058816K)], 0.5667186 secs] [Times: user=0.56 sys=0.00, real=0.57 secs] 
2016-06-27T20:19:14.427+0300: 1251.533: Total time for which application threads were stopped: 0.5677244 seconds, Stopping threads took: 0.0006248 seconds
2016-06-27T20:19:15.535+0300: 1252.641: Total time for which application threads were stopped: 0.0051810 seconds, Stopping threads took: 0.0038848 seconds
2016-06-27T20:19:15.851+0300: 1252.957: Total time for which application threads were stopped: 0.0017461 seconds, Stopping threads took: 0.0009665 seconds
2016-06-27T20:19:15.919+0300: 1253.025: [Full GC (Allocation Failure) 2016-06-27T20:19:15.919+0300: 1253.025: [Tenured: 3495067K->3495078K(3495296K), 0.6320402 secs] 5067322K->3892130K(5068160K), [Metaspace: 9077K->9077K(1058816K)], 0.6321916 secs] [Times: user=0.63 sys=0.00, real=0.63 secs] 
2016-06-27T20:19:16.552+0300: 1253.658: Total time for which application threads were stopped: 0.6349359 seconds, Stopping threads took: 0.0024231 seconds
2016-06-27T20:19:17.556+0300: 1254.662: Total time for which application threads were stopped: 0.0043099 seconds, Stopping threads took: 0.0039404 seconds
2016-06-27T20:19:18.037+0300: 1255.143: [Full GC (Allocation Failure) 2016-06-27T20:19:18.037+0300: 1255.143: [Tenured: 3495078K->3495096K(3495296K), 0.5720878 secs] 5067273K->3733111K(5068160K), [Metaspace: 9077K->9077K(1058816K)], 0.5722614 secs] [Times: user=0.56 sys=0.00, real=0.57 secs] 
2016-06-27T20:19:18.609+0300: 1255.715: Total time for which application threads were stopped: 0.5765435 seconds, Stopping threads took: 0.0039113 seconds
2016-06-27T20:19:18.851+0300: 1255.958: Total time for which application threads were stopped: 0.0020925 seconds, Stopping threads took: 0.0010948 seconds
2016-06-27T20:19:19.854+0300: 1256.959: Total time for which application threads were stopped: 0.0036458 seconds, Stopping threads took: 0.0025693 seconds
2016-06-27T20:19:20.338+0300: 1257.444: [Full GC (Allocation Failure) 2016-06-27T20:19:20.338+0300: 1257.444: [Tenured: 3495096K->3495105K(3495296K), 0.5089450 secs] 5067302K->3795124K(5068160K), [Metaspace: 9077K->9077K(1058816K)], 0.5091221 secs] [Times: user=0.50 sys=0.00, real=0.51 secs] 
2016-06-27T20:19:20.847+0300: 1257.953: Total time for which application threads were stopped: 0.5116705 seconds, Stopping threads took: 0.0021866 seconds
2016-06-27T20:19:20.921+0300: 1258.027: Total time for which application threads were stopped: 0.0009169 seconds, Stopping threads took: 0.0003378 seconds
2016-06-27T20:19:21.853+0300: 1258.958: Total time for which application threads were stopped: 0.0021716 seconds, Stopping threads took: 0.0010760 seconds
2016-06-27T20:19:22.496+0300: 1259.602: [Full GC (Allocation Failure) 2016-06-27T20:19:22.496+0300: 1259.602: [Tenured: 3495105K->3495117K(3495296K), 0.5459538 secs] 5067314K->3882139K(5068160K), [Metaspace: 9077K->9077K(1058816K)], 0.5460984 secs] [Times: user=0.55 sys=0.00, real=0.55 secs] 
2016-06-27T20:19:23.042+0300: 1260.148: Total time for which application threads were stopped: 0.5474361 seconds, Stopping threads took: 0.0009413 seconds
2016-06-27T20:19:23.044+0300: 1260.150: Total time for which application threads were stopped: 0.0007830 seconds, Stopping threads took: 0.0000706 seconds
2016-06-27T20:19:24.030+0300: 1261.136: Total time for which application threads were stopped: 0.0044254 seconds, Stopping threads took: 0.0040623 seconds
2016-06-27T20:19:24.588+0300: 1261.695: [Full GC (Allocation Failure) 2016-06-27T20:19:24.588+0300: 1261.695: [Tenured: 3495117K->3495124K(3495296K), 0.6267976 secs] 5067314K->3850143K(5068160K), [Metaspace: 9077K->9077K(1058816K)], 0.6269789 secs] [Times: user=0.63 sys=0.00, real=0.63 secs] 
2016-06-27T20:19:25.215+0300: 1262.322: Total time for which application threads were stopped: 0.6339852 seconds, Stopping threads took: 0.0065795 seconds
2016-06-27T20:19:25.260+0300: 1262.366: Total time for which application threads were stopped: 0.0098262 seconds, Stopping threads took: 0.0088944 seconds
2016-06-27T20:19:25.859+0300: 1262.965: Total time for which application threads were stopped: 0.0082619 seconds, Stopping threads took: 0.0072697 seconds
2016-06-27T20:19:26.785+0300: 1263.891: [Full GC (Allocation Failure) 2016-06-27T20:19:26.785+0300: 1263.891: [Tenured: 3495124K->3495131K(3495296K), 0.6349525 secs] 5067331K->3963155K(5068160K), [Metaspace: 9077K->9077K(1058816K)], 0.6351129 secs] [Times: user=0.64 sys=0.00, real=0.63 secs] 
2016-06-27T20:19:27.420+0300: 1264.526: Total time for which application threads were stopped: 0.6478634 seconds, Stopping threads took: 0.0123160 seconds
2016-06-27T20:19:27.422+0300: 1264.528: Total time for which application threads were stopped: 0.0007822 seconds, Stopping threads took: 0.0001014 seconds
2016-06-27T20:19:27.853+0300: 1264.959: Total time for which application threads were stopped: 0.0019368 seconds, Stopping threads took: 0.0008023 seconds
2016-06-27T20:19:28.855+0300: 1265.960: Total time for which application threads were stopped: 0.0025138 seconds, Stopping threads took: 0.0015100 seconds
2016-06-27T20:19:28.943+0300: 1266.049: [Full GC (Allocation Failure) 2016-06-27T20:19:28.949+0300: 1266.055: [Tenured: 3495131K->3495153K(3495296K), 0.4416271 secs] 5067391K->3926181K(5068160K), [Metaspace: 9077K->9077K(1058816K)], 0.4477361 secs] [Times: user=0.44 sys=0.00, real=0.45 secs] 
2016-06-27T20:19:29.391+0300: 1266.497: Total time for which application threads were stopped: 0.4481189 seconds, Stopping threads took: 0.0001001 seconds
2016-06-27T20:19:30.392+0300: 1267.498: Total time for which application threads were stopped: 0.0014373 seconds, Stopping threads took: 0.0010674 seconds
2016-06-27T20:19:30.820+0300: 1267.926: [Full GC (Allocation Failure) 2016-06-27T20:19:30.820+0300: 1267.926: [Tenured: 3495153K->3495148K(3495296K), 0.5516579 secs] 5067358K->3846177K(5068160K), [Metaspace: 9077K->9077K(1058816K)], 0.5518319 secs] [Times: user=0.55 sys=0.00, real=0.55 secs] 
2016-06-27T20:19:31.371+0300: 1268.477: Total time for which application threads were stopped: 0.5530306 seconds, Stopping threads took: 0.0008348 seconds
2016-06-27T20:19:31.854+0300: 1268.960: Total time for which application threads were stopped: 0.0015815 seconds, Stopping threads took: 0.0006706 seconds
2016-06-27T20:19:32.856+0300: 1269.962: Total time for which application threads were stopped: 0.0028174 seconds, Stopping threads took: 0.0017033 seconds
2016-06-27T20:19:32.982+0300: 1270.088: [Full GC (Allocation Failure) 2016-06-27T20:19:32.982+0300: 1270.088: [Tenured: 3495148K->3495148K(3495296K), 0.6063963 secs] 5067375K->3913189K(5068160K), [Metaspace: 9077K->9077K(1058816K)], 0.6065665 secs] [Times: user=0.61 sys=0.00, real=0.61 secs] 
2016-06-27T20:19:33.588+0300: 1270.694: Total time for which application threads were stopped: 0.6070267 seconds, Stopping threads took: 0.0000872 seconds
2016-06-27T20:19:34.593+0300: 1271.699: Total time for which application threads were stopped: 0.0045036 seconds, Stopping threads took: 0.0040824 seconds
2016-06-27T20:19:35.042+0300: 1272.148: [Full GC (Allocation Failure) 2016-06-27T20:19:35.042+0300: 1272.148: [Tenured: 3495148K->3495147K(3495296K), 0.5633944 secs] 5067355K->3710166K(5068160K), [Metaspace: 9077K->9077K(1058816K)], 0.5635565 secs] [Times: user=0.56 sys=0.00, real=0.56 secs] 
2016-06-27T20:19:35.605+0300: 1272.712: Total time for which application threads were stopped: 0.5665445 seconds, Stopping threads took: 0.0026348 seconds
2016-06-27T20:19:36.608+0300: 1273.714: Total time for which application threads were stopped: 0.0023260 seconds, Stopping threads took: 0.0019304 seconds
2016-06-27T20:19:36.856+0300: 1273.962: Total time for which application threads were stopped: 0.0022204 seconds, Stopping threads took: 0.0008344 seconds
2016-06-27T20:19:37.549+0300: 1274.655: [Full GC (Allocation Failure) 2016-06-27T20:19:37.555+0300: 1274.660: [Tenured: 3495147K->3495179K(3495296K), 0.5606626 secs] 5067315K->4016194K(5068160K), [Metaspace: 9077K->9077K(1058816K)], 0.5662242 secs] [Times: user=0.53 sys=0.00, real=0.57 secs] 
2016-06-27T20:19:38.115+0300: 1275.221: Total time for which application threads were stopped: 0.5694034 seconds, Stopping threads took: 0.0025463 seconds
2016-06-27T20:19:38.405+0300: 1275.511: Total time for which application threads were stopped: 0.0012522 seconds, Stopping threads took: 0.0005307 seconds
2016-06-27T20:19:38.856+0300: 1275.962: Total time for which application threads were stopped: 0.0015203 seconds, Stopping threads took: 0.0006992 seconds
2016-06-27T20:19:38.864+0300: 1275.970: Total time for which application threads were stopped: 0.0003605 seconds, Stopping threads took: 0.0000774 seconds
2016-06-27T20:19:39.522+0300: 1276.629: [Full GC (Allocation Failure) 2016-06-27T20:19:39.528+0300: 1276.634: [Tenured: 3495179K->3495165K(3495296K), 0.5614931 secs] 5067398K->3887192K(5068160K), [Metaspace: 9077K->9077K(1058816K)], 0.5671993 secs] [Times: user=0.56 sys=0.00, real=0.57 secs] 
2016-06-27T20:19:40.090+0300: 1277.196: Total time for which application threads were stopped: 0.5686216 seconds, Stopping threads took: 0.0010024 seconds
2016-06-27T20:19:40.093+0300: 1277.198: Total time for which application threads were stopped: 0.0007133 seconds, Stopping threads took: 0.0000783 seconds
2016-06-27T20:19:40.857+0300: 1277.963: Total time for which application threads were stopped: 0.0024188 seconds, Stopping threads took: 0.0011923 seconds
2016-06-27T20:19:41.844+0300: 1278.950: [Full GC (Allocation Failure) 2016-06-27T20:19:41.844+0300: 1278.950: [Tenured: 3495165K->3495183K(3495296K), 0.7691116 secs] 5067389K->3981206K(5068160K), [Metaspace: 9077K->9077K(1058816K)], 0.7692775 secs] [Times: user=0.76 sys=0.01, real=0.77 secs] 
2016-06-27T20:19:42.614+0300: 1279.720: Total time for which application threads were stopped: 0.7787299 seconds, Stopping threads took: 0.0089222 seconds
2016-06-27T20:19:42.616+0300: 1279.722: Total time for which application threads were stopped: 0.0009400 seconds, Stopping threads took: 0.0000693 seconds
2016-06-27T20:19:42.857+0300: 1279.963: Total time for which application threads were stopped: 0.0020489 seconds, Stopping threads took: 0.0008998 seconds
2016-06-27T20:19:43.859+0300: 1280.965: Total time for which application threads were stopped: 0.0032040 seconds, Stopping threads took: 0.0020446 seconds
2016-06-27T20:19:44.140+0300: 1281.246: [Full GC (Allocation Failure) 2016-06-27T20:19:44.140+0300: 1281.246: [Tenured: 3495183K->3495185K(3495296K), 0.5665561 secs] 5067434K->3567192K(5068160K), [Metaspace: 9077K->9077K(1058816K)], 0.5667160 secs] [Times: user=0.56 sys=0.00, real=0.57 secs] 
2016-06-27T20:19:44.707+0300: 1281.813: Total time for which application threads were stopped: 0.5684223 seconds, Stopping threads took: 0.0013291 seconds
2016-06-27T20:19:45.711+0300: 1282.817: Total time for which application threads were stopped: 0.0038027 seconds, Stopping threads took: 0.0034276 seconds
2016-06-27T20:19:46.731+0300: 1283.837: [Full GC (Allocation Failure) 2016-06-27T20:19:46.731+0300: 1283.837: [Tenured: 3495185K->3495205K(3495296K), 0.5573136 secs] 5067376K->3919225K(5068160K), [Metaspace: 9077K->9077K(1058816K)], 0.5575048 secs] [Times: user=0.56 sys=0.00, real=0.56 secs] 
2016-06-27T20:19:47.289+0300: 1284.395: Total time for which application threads were stopped: 0.5618117 seconds, Stopping threads took: 0.0037129 seconds
2016-06-27T20:19:48.290+0300: 1285.397: Total time for which application threads were stopped: 0.0019073 seconds, Stopping threads took: 0.0014536 seconds
2016-06-27T20:19:48.860+0300: 1285.966: Total time for which application threads were stopped: 0.0035795 seconds, Stopping threads took: 0.0024774 seconds
2016-06-27T20:19:48.908+0300: 1286.014: [Full GC (Allocation Failure) 2016-06-27T20:19:48.908+0300: 1286.014: [Tenured: 3495205K->3495183K(3495296K), 0.7249293 secs] 5067439K->3902233K(5068160K), [Metaspace: 9077K->9077K(1058816K)], 0.7251388 secs] [Times: user=0.74 sys=0.00, real=0.72 secs] 
2016-06-27T20:19:49.633+0300: 1286.739: Total time for which application threads were stopped: 0.7256452 seconds, Stopping threads took: 0.0000877 seconds
2016-06-27T20:19:50.648+0300: 1287.754: Total time for which application threads were stopped: 0.0060979 seconds, Stopping threads took: 0.0057177 seconds
2016-06-27T20:19:51.254+0300: 1288.360: [Full GC (Allocation Failure) 2016-06-27T20:19:51.255+0300: 1288.360: [Tenured: 3495183K->3495217K(3495296K), 0.5669264 secs] 5067385K->3930243K(5068160K), [Metaspace: 9077K->9077K(1058816K)], 0.5670975 secs] [Times: user=0.58 sys=0.00, real=0.57 secs] 
2016-06-27T20:19:51.821+0300: 1288.927: Total time for which application threads were stopped: 0.5711841 seconds, Stopping threads took: 0.0036924 seconds
2016-06-27T20:19:53.162+0300: 1290.269: [Full GC (Allocation Failure) 2016-06-27T20:19:53.168+0300: 1290.274: [Tenured: 3495217K->3495201K(3495296K), 0.5661203 secs] 5067403K->3834237K(5068160K), [Metaspace: 9077K->9077K(1058816K)], 0.5717226 secs] [Times: user=0.56 sys=0.00, real=0.57 secs] 
2016-06-27T20:19:53.735+0300: 1290.840: Total time for which application threads were stopped: 0.5738163 seconds, Stopping threads took: 0.0016268 seconds
2016-06-27T20:19:54.737+0300: 1291.843: Total time for which application threads were stopped: 0.0025753 seconds, Stopping threads took: 0.0021366 seconds
2016-06-27T20:19:55.309+0300: 1292.415: [Full GC (Allocation Failure) 2016-06-27T20:19:55.309+0300: 1292.415: [Tenured: 3495201K->3495189K(3495296K), 0.5624741 secs] 5067405K->4014256K(5068160K), [Metaspace: 9077K->9077K(1058816K)], 0.5626430 secs] [Times: user=0.56 sys=0.00, real=0.56 secs] 
2016-06-27T20:19:55.872+0300: 1292.978: Total time for which application threads were stopped: 0.5653680 seconds, Stopping threads took: 0.0021669 seconds
2016-06-27T20:19:55.953+0300: 1293.059: Total time for which application threads were stopped: 0.0010969 seconds, Stopping threads took: 0.0001946 seconds
2016-06-27T20:19:56.862+0300: 1293.968: Total time for which application threads were stopped: 0.0032985 seconds, Stopping threads took: 0.0018210 seconds
2016-06-27T20:19:57.247+0300: 1294.353: [Full GC (Allocation Failure) 2016-06-27T20:19:57.247+0300: 1294.353: [Tenured: 3495189K->3495211K(3495296K), 0.6548876 secs] 5067393K->3868256K(5068160K), [Metaspace: 9077K->9077K(1058816K)], 0.6550514 secs] [Times: user=0.66 sys=0.00, real=0.65 secs] 
2016-06-27T20:19:57.902+0300: 1295.008: Total time for which application threads were stopped: 0.6583127 seconds, Stopping threads took: 0.0026711 seconds
2016-06-27T20:19:58.172+0300: 1295.278: Total time for which application threads were stopped: 0.0020480 seconds, Stopping threads took: 0.0006958 seconds
2016-06-27T20:19:58.863+0300: 1295.969: Total time for which application threads were stopped: 0.0037009 seconds, Stopping threads took: 0.0023029 seconds
2016-06-27T20:19:58.874+0300: 1295.980: Total time for which application threads were stopped: 0.0005636 seconds, Stopping threads took: 0.0000877 seconds
2016-06-27T20:19:59.471+0300: 1296.577: [Full GC (Allocation Failure) 2016-06-27T20:19:59.471+0300: 1296.577: [Tenured: 3495211K->3495220K(3495296K), 0.5684519 secs] 5067400K->3984276K(5068160K), [Metaspace: 9077K->9077K(1058816K)], 0.5686246 secs] [Times: user=0.58 sys=0.00, real=0.57 secs] 
2016-06-27T20:20:00.039+0300: 1297.145: Total time for which application threads were stopped: 0.5757438 seconds, Stopping threads took: 0.0065487 seconds
2016-06-27T20:20:00.127+0300: 1297.233: Total time for which application threads were stopped: 0.0016153 seconds, Stopping threads took: 0.0002626 seconds
2016-06-27T20:20:00.863+0300: 1297.969: Total time for which application threads were stopped: 0.0031386 seconds, Stopping threads took: 0.0017893 seconds
2016-06-27T20:20:01.420+0300: 1298.526: [Full GC (Allocation Failure) 2016-06-27T20:20:01.420+0300: 1298.526: [Tenured: 3495220K->3495229K(3495296K), 0.5663123 secs] 5067460K->3805267K(5068160K), [Metaspace: 9077K->9077K(1058816K)], 0.5665017 secs] [Times: user=0.56 sys=0.00, real=0.57 secs] 
2016-06-27T20:20:01.986+0300: 1299.092: Total time for which application threads were stopped: 0.5702980 seconds, Stopping threads took: 0.0032232 seconds
2016-06-27T20:20:02.264+0300: 1299.370: Total time for which application threads were stopped: 0.0013980 seconds, Stopping threads took: 0.0005059 seconds
2016-06-27T20:20:02.862+0300: 1299.968: Total time for which application threads were stopped: 0.0017675 seconds, Stopping threads took: 0.0007574 seconds
2016-06-27T20:20:03.596+0300: 1300.702: [Full GC (Allocation Failure) 2016-06-27T20:20:03.596+0300: 1300.702: [Tenured: 3495229K->3495235K(3495296K), 0.5627863 secs] 5067439K->3896281K(5068160K), [Metaspace: 9077K->9077K(1058816K)], 0.5629308 secs] [Times: user=0.56 sys=0.00, real=0.56 secs] 
2016-06-27T20:20:04.159+0300: 1301.265: Total time for which application threads were stopped: 0.5642211 seconds, Stopping threads took: 0.0008378 seconds
2016-06-27T20:20:04.191+0300: 1301.297: Total time for which application threads were stopped: 0.0009532 seconds, Stopping threads took: 0.0000535 seconds
2016-06-27T20:20:05.687+0300: 1302.793: [Full GC (Allocation Failure) 2016-06-27T20:20:05.687+0300: 1302.793: [Tenured: 3495235K->3495246K(3495296K), 0.6097718 secs] 5067432K->3867290K(5068160K), [Metaspace: 9077K->9077K(1058816K)], 0.6099467 secs] [Times: user=0.61 sys=0.00, real=0.61 secs] 
2016-06-27T20:20:06.297+0300: 1303.403: Total time for which application threads were stopped: 0.6132251 seconds, Stopping threads took: 0.0027537 seconds
2016-06-27T20:20:07.624+0300: 1304.730: Total time for which application threads were stopped: 0.0031510 seconds, Stopping threads took: 0.0027259 seconds
2016-06-27T20:20:07.955+0300: 1305.061: [Full GC (Allocation Failure) 2016-06-27T20:20:07.955+0300: 1305.061: [Tenured: 3495246K->3495263K(3495296K), 0.5392747 secs] 5067461K->3860324K(5068160K), [Metaspace: 9077K->9077K(1058816K)], 0.5394526 secs] [Times: user=0.55 sys=0.00, real=0.54 secs] 
2016-06-27T20:20:08.494+0300: 1305.601: Total time for which application threads were stopped: 0.5408938 seconds, Stopping threads took: 0.0010931 seconds
2016-06-27T20:20:08.837+0300: 1305.943: Total time for which application threads were stopped: 0.0012783 seconds, Stopping threads took: 0.0005914 seconds
2016-06-27T20:20:08.862+0300: 1305.968: Total time for which application threads were stopped: 0.0006633 seconds, Stopping threads took: 0.0000676 seconds
2016-06-27T20:20:09.864+0300: 1306.970: Total time for which application threads were stopped: 0.0021267 seconds, Stopping threads took: 0.0011607 seconds
2016-06-27T20:20:10.066+0300: 1307.172: [Full GC (Allocation Failure) 2016-06-27T20:20:10.066+0300: 1307.172: [Tenured: 3495263K->3495293K(3495296K), 0.5725035 secs] 5067498K->3775328K(5068160K), [Metaspace: 9077K->9077K(1058816K)], 0.5726527 secs] [Times: user=0.58 sys=0.00, real=0.57 secs] 
2016-06-27T20:20:10.639+0300: 1307.745: Total time for which application threads were stopped: 0.5731034 seconds, Stopping threads took: 0.0002057 seconds
2016-06-27T20:20:11.641+0300: 1308.747: Total time for which application threads were stopped: 0.0022247 seconds, Stopping threads took: 0.0018145 seconds
2016-06-27T20:20:12.264+0300: 1309.370: [Full GC (Allocation Failure) 2016-06-27T20:20:12.264+0300: 1309.370: [Tenured: 3495293K->3494320K(3495296K), 0.6429137 secs] 5067481K->3925345K(5068160K), [Metaspace: 9077K->9077K(1058816K)], 0.6430745 secs] [Times: user=0.64 sys=0.00, real=0.64 secs] 
2016-06-27T20:20:12.907+0300: 1310.013: Total time for which application threads were stopped: 0.6476346 seconds, Stopping threads took: 0.0041538 seconds
2016-06-27T20:20:13.869+0300: 1310.975: Total time for which application threads were stopped: 0.0058046 seconds, Stopping threads took: 0.0046832 seconds
2016-06-27T20:20:14.404+0300: 1311.510: [Full GC (Allocation Failure) 2016-06-27T20:20:14.404+0300: 1311.510: [Tenured: 3494320K->3494316K(3495296K), 0.5597410 secs] 5066529K->3898349K(5068160K), [Metaspace: 9077K->9077K(1058816K)], 0.5599219 secs] [Times: user=0.56 sys=0.00, real=0.56 secs] 
2016-06-27T20:20:14.964+0300: 1312.070: Total time for which application threads were stopped: 0.5624429 seconds, Stopping threads took: 0.0021383 seconds
2016-06-27T20:20:14.966+0300: 1312.072: Total time for which application threads were stopped: 0.0006453 seconds, Stopping threads took: 0.0000753 seconds
2016-06-27T20:20:14.974+0300: 1312.080: Total time for which application threads were stopped: 0.0003366 seconds, Stopping threads took: 0.0000988 seconds
2016-06-27T20:20:15.866+0300: 1312.972: Total time for which application threads were stopped: 0.0025518 seconds, Stopping threads took: 0.0015849 seconds
2016-06-27T20:20:16.462+0300: 1313.568: [Full GC (Allocation Failure) 2016-06-27T20:20:16.462+0300: 1313.568: [Tenured: 3494316K->3494346K(3495296K), 0.5528361 secs] 5066344K->3806351K(5068160K), [Metaspace: 9077K->9077K(1058816K)], 0.5530161 secs] [Times: user=0.55 sys=0.00, real=0.55 secs] 
2016-06-27T20:20:17.015+0300: 1314.121: Total time for which application threads were stopped: 0.5547301 seconds, Stopping threads took: 0.0013078 seconds
2016-06-27T20:20:17.017+0300: 1314.123: Total time for which application threads were stopped: 0.0006714 seconds, Stopping threads took: 0.0000855 seconds
2016-06-27T20:20:17.865+0300: 1314.971: Total time for which application threads were stopped: 0.0018402 seconds, Stopping threads took: 0.0009896 seconds
2016-06-27T20:20:18.637+0300: 1315.744: [Full GC (Allocation Failure) 2016-06-27T20:20:18.644+0300: 1315.750: [Tenured: 3494346K->3494336K(3495296K), 0.5553939 secs] 5066525K->3700353K(5068160K), [Metaspace: 9077K->9077K(1058816K)], 0.5615705 secs] [Times: user=0.56 sys=0.00, real=0.56 secs] 
2016-06-27T20:20:19.199+0300: 1316.305: Total time for which application threads were stopped: 0.5626580 seconds, Stopping threads took: 0.0007433 seconds
2016-06-27T20:20:19.201+0300: 1316.308: Total time for which application threads were stopped: 0.0007770 seconds, Stopping threads took: 0.0000808 seconds
2016-06-27T20:20:19.866+0300: 1316.972: Total time for which application threads were stopped: 0.0024342 seconds, Stopping threads took: 0.0014185 seconds
2016-06-27T20:20:20.872+0300: 1317.977: Total time for which application threads were stopped: 0.0068690 seconds, Stopping threads took: 0.0057584 seconds
2016-06-27T20:20:21.041+0300: 1318.147: [Full GC (Allocation Failure) 2016-06-27T20:20:21.041+0300: 1318.147: [Tenured: 3494336K->3494351K(3495296K), 0.5989304 secs] 5066574K->3792381K(5068160K), [Metaspace: 9077K->9077K(1058816K)], 0.5991053 secs] [Times: user=0.59 sys=0.00, real=0.60 secs] 
2016-06-27T20:20:21.640+0300: 1318.746: Total time for which application threads were stopped: 0.6000884 seconds, Stopping threads took: 0.0006133 seconds
2016-06-27T20:20:22.646+0300: 1319.752: Total time for which application threads were stopped: 0.0062031 seconds, Stopping threads took: 0.0057827 seconds
2016-06-27T20:20:23.371+0300: 1320.477: [Full GC (Allocation Failure) 2016-06-27T20:20:23.371+0300: 1320.477: [Tenured: 3494351K->3494365K(3495296K), 0.5884682 secs] 5066558K->3869384K(5068160K), [Metaspace: 9077K->9077K(1058816K)], 0.5886329 secs] [Times: user=0.58 sys=0.00, real=0.59 secs] 
2016-06-27T20:20:23.960+0300: 1321.066: Total time for which application threads were stopped: 0.5917795 seconds, Stopping threads took: 0.0026882 seconds
2016-06-27T20:20:24.874+0300: 1321.980: Total time for which application threads were stopped: 0.0087541 seconds, Stopping threads took: 0.0076524 seconds
2016-06-27T20:20:25.571+0300: 1322.677: [Full GC (Allocation Failure) 2016-06-27T20:20:25.571+0300: 1322.677: [Tenured: 3494365K->3494365K(3495296K), 0.6226600 secs] 5066566K->3845390K(5068160K), [Metaspace: 9077K->9077K(1058816K)], 0.6228580 secs] [Times: user=0.63 sys=0.00, real=0.62 secs] 
2016-06-27T20:20:26.194+0300: 1323.300: Total time for which application threads were stopped: 0.6259064 seconds, Stopping threads took: 0.0026369 seconds
2016-06-27T20:20:26.206+0300: 1323.312: Total time for which application threads were stopped: 0.0009853 seconds, Stopping threads took: 0.0000753 seconds
2016-06-27T20:20:26.868+0300: 1323.974: Total time for which application threads were stopped: 0.0024282 seconds, Stopping threads took: 0.0016559 seconds
2016-06-27T20:20:27.747+0300: 1324.853: [Full GC (Allocation Failure) 2016-06-27T20:20:27.747+0300: 1324.853: [Tenured: 3494365K->3494368K(3495296K), 0.5777927 secs] 5066586K->3643384K(5068160K), [Metaspace: 9077K->9077K(1058816K)], 0.5779620 secs] [Times: user=0.58 sys=0.00, real=0.58 secs] 
2016-06-27T20:20:28.325+0300: 1325.431: Total time for which application threads were stopped: 0.5823989 seconds, Stopping threads took: 0.0040157 seconds
2016-06-27T20:20:28.328+0300: 1325.434: Total time for which application threads were stopped: 0.0011790 seconds, Stopping threads took: 0.0000667 seconds
2016-06-27T20:20:28.338+0300: 1325.444: Total time for which application threads were stopped: 0.0004217 seconds, Stopping threads took: 0.0000701 seconds
2016-06-27T20:20:29.870+0300: 1326.976: Total time for which application threads were stopped: 0.0037740 seconds, Stopping threads took: 0.0024047 seconds
2016-06-27T20:20:30.212+0300: 1327.319: [Full GC (Allocation Failure) 2016-06-27T20:20:30.213+0300: 1327.319: [Tenured: 3494368K->3494372K(3495296K), 0.6625773 secs] 5066605K->3897418K(5068160K), [Metaspace: 9077K->9077K(1058816K)], 0.6627513 secs] [Times: user=0.66 sys=0.00, real=0.66 secs] 
2016-06-27T20:20:30.875+0300: 1327.982: Total time for which application threads were stopped: 0.6668295 seconds, Stopping threads took: 0.0036992 seconds
2016-06-27T20:20:31.885+0300: 1328.991: Total time for which application threads were stopped: 0.0079599 seconds, Stopping threads took: 0.0075626 seconds
2016-06-27T20:20:32.384+0300: 1329.490: [Full GC (Allocation Failure) 2016-06-27T20:20:32.384+0300: 1329.490: [Tenured: 3494372K->3494389K(3495296K), 0.6184314 secs] 5066581K->3910428K(5068160K), [Metaspace: 9077K->9077K(1058816K)], 0.6185871 secs] [Times: user=0.61 sys=0.00, real=0.62 secs] 
2016-06-27T20:20:33.003+0300: 1330.109: Total time for which application threads were stopped: 0.6252721 seconds, Stopping threads took: 0.0062968 seconds
2016-06-27T20:20:33.869+0300: 1330.975: Total time for which application threads were stopped: 0.0018141 seconds, Stopping threads took: 0.0009361 seconds
2016-06-27T20:20:34.493+0300: 1331.599: [Full GC (Allocation Failure) 2016-06-27T20:20:34.493+0300: 1331.599: [Tenured: 3494389K->3494410K(3495296K), 0.5607631 secs] 5066607K->3896432K(5068160K), [Metaspace: 9077K->9077K(1058816K)], 0.5609226 secs] [Times: user=0.56 sys=0.00, real=0.56 secs] 
2016-06-27T20:20:35.054+0300: 1332.160: Total time for which application threads were stopped: 0.5621303 seconds, Stopping threads took: 0.0008001 seconds
2016-06-27T20:20:35.056+0300: 1332.162: Total time for which application threads were stopped: 0.0009233 seconds, Stopping threads took: 0.0000676 seconds
2016-06-27T20:20:35.869+0300: 1332.976: Total time for which application threads were stopped: 0.0018590 seconds, Stopping threads took: 0.0010315 seconds
2016-06-27T20:20:36.570+0300: 1333.677: [Full GC (Allocation Failure) 2016-06-27T20:20:36.571+0300: 1333.677: [Tenured: 3494410K->3494407K(3495296K), 0.5725561 secs] 5066600K->3696423K(5068160K), [Metaspace: 9077K->9077K(1058816K)], 0.5727143 secs] [Times: user=0.56 sys=0.00, real=0.57 secs] 
2016-06-27T20:20:37.143+0300: 1334.249: Total time for which application threads were stopped: 0.5760932 seconds, Stopping threads took: 0.0029444 seconds
2016-06-27T20:20:37.146+0300: 1334.252: Total time for which application threads were stopped: 0.0010401 seconds, Stopping threads took: 0.0000723 seconds
2016-06-27T20:20:38.149+0300: 1335.255: Total time for which application threads were stopped: 0.0031309 seconds, Stopping threads took: 0.0027742 seconds
2016-06-27T20:20:38.914+0300: 1336.019: [Full GC (Allocation Failure) 2016-06-27T20:20:38.914+0300: 1336.020: [Tenured: 3494407K->3494425K(3495296K), 0.6876310 secs] 5066596K->3837445K(5068160K), [Metaspace: 9077K->9077K(1058816K)], 0.6878153 secs] [Times: user=0.69 sys=0.00, real=0.69 secs] 
2016-06-27T20:20:39.601+0300: 1336.707: Total time for which application threads were stopped: 0.6913571 seconds, Stopping threads took: 0.0030723 seconds
2016-06-27T20:20:39.874+0300: 1336.980: Total time for which application threads were stopped: 0.0053209 seconds, Stopping threads took: 0.0042235 seconds
2016-06-27T20:20:40.882+0300: 1337.988: Total time for which application threads were stopped: 0.0077307 seconds, Stopping threads took: 0.0073706 seconds
2016-06-27T20:20:41.277+0300: 1338.383: [Full GC (Allocation Failure) 2016-06-27T20:20:41.277+0300: 1338.383: [Tenured: 3494425K->3494424K(3495296K), 0.5902036 secs] 5066607K->3824459K(5068160K), [Metaspace: 9077K->9077K(1058816K)], 0.5903807 secs] [Times: user=0.59 sys=0.00, real=0.59 secs] 
2016-06-27T20:20:41.868+0300: 1338.974: Total time for which application threads were stopped: 0.5951862 seconds, Stopping threads took: 0.0044562 seconds
2016-06-27T20:20:41.871+0300: 1338.977: Total time for which application threads were stopped: 0.0008207 seconds, Stopping threads took: 0.0002656 seconds
2016-06-27T20:20:42.873+0300: 1339.979: Total time for which application threads were stopped: 0.0026296 seconds, Stopping threads took: 0.0015041 seconds
2016-06-27T20:20:43.466+0300: 1340.572: [Full GC (Allocation Failure) 2016-06-27T20:20:43.466+0300: 1340.572: [Tenured: 3494424K->3494444K(3495296K), 0.5594450 secs] 5066633K->3779460K(5068160K), [Metaspace: 9077K->9077K(1058816K)], 0.5596080 secs] [Times: user=0.56 sys=0.00, real=0.56 secs] 
2016-06-27T20:20:44.026+0300: 1341.132: Total time for which application threads were stopped: 0.5612472 seconds, Stopping threads took: 0.0012676 seconds
2016-06-27T20:20:44.028+0300: 1341.134: Total time for which application threads were stopped: 0.0008211 seconds, Stopping threads took: 0.0002190 seconds
2016-06-27T20:20:44.873+0300: 1341.979: Total time for which application threads were stopped: 0.0019779 seconds, Stopping threads took: 0.0011299 seconds
2016-06-27T20:20:44.881+0300: 1341.987: Total time for which application threads were stopped: 0.0004063 seconds, Stopping threads took: 0.0000966 seconds
2016-06-27T20:20:45.672+0300: 1342.778: [Full GC (Allocation Failure) 2016-06-27T20:20:45.672+0300: 1342.778: [Tenured: 3494444K->3494453K(3495296K), 0.5576762 secs] 5066614K->3738462K(5068160K), [Metaspace: 9077K->9077K(1058816K)], 0.5578597 secs] [Times: user=0.56 sys=0.00, real=0.56 secs] 
2016-06-27T20:20:46.230+0300: 1343.336: Total time for which application threads were stopped: 0.5594904 seconds, Stopping threads took: 0.0011876 seconds
2016-06-27T20:20:46.246+0300: 1343.353: Total time for which application threads were stopped: 0.0008720 seconds, Stopping threads took: 0.0000979 seconds
2016-06-27T20:20:47.834+0300: 1344.940: [Full GC (Allocation Failure) 2016-06-27T20:20:47.834+0300: 1344.940: [Tenured: 3494453K->3494432K(3495296K), 0.6506278 secs] 5066657K->3969481K(5068160K), [Metaspace: 9077K->9077K(1058816K)], 0.6508104 secs] [Times: user=0.64 sys=0.00, real=0.65 secs] 
2016-06-27T20:20:48.485+0300: 1345.591: Total time for which application threads were stopped: 0.6532557 seconds, Stopping threads took: 0.0018150 seconds
2016-06-27T20:20:48.506+0300: 1345.612: Total time for which application threads were stopped: 0.0015284 seconds, Stopping threads took: 0.0002070 seconds
2016-06-27T20:20:49.877+0300: 1346.983: Total time for which application threads were stopped: 0.0047487 seconds, Stopping threads took: 0.0035559 seconds
2016-06-27T20:20:50.059+0300: 1347.165: [Full GC (Allocation Failure) 2016-06-27T20:20:50.059+0300: 1347.165: [Tenured: 3494432K->3494444K(3495296K), 0.5639645 secs] 5066486K->3768484K(5068160K), [Metaspace: 9077K->9077K(1058816K)], 0.5641539 secs] [Times: user=0.56 sys=0.00, real=0.56 secs] 
2016-06-27T20:20:50.624+0300: 1347.730: Total time for which application threads were stopped: 0.5691271 seconds, Stopping threads took: 0.0046024 seconds
2016-06-27T20:20:51.629+0300: 1348.735: Total time for which application threads were stopped: 0.0019343 seconds, Stopping threads took: 0.0015511 seconds
2016-06-27T20:20:52.338+0300: 1349.444: [Full GC (Allocation Failure) 2016-06-27T20:20:52.338+0300: 1349.444: [Tenured: 3494444K->3494478K(3495296K), 0.5866652 secs] 5066657K->3905503K(5068160K), [Metaspace: 9077K->9077K(1058816K)], 0.5868341 secs] [Times: user=0.58 sys=0.00, real=0.59 secs] 
2016-06-27T20:20:52.925+0300: 1350.031: Total time for which application threads were stopped: 0.5891525 seconds, Stopping threads took: 0.0018676 seconds
2016-06-27T20:20:53.963+0300: 1351.070: Total time for which application threads were stopped: 0.0053376 seconds, Stopping threads took: 0.0049257 seconds
2016-06-27T20:20:54.689+0300: 1351.795: [Full GC (Allocation Failure) 2016-06-27T20:20:54.689+0300: 1351.796: [Tenured: 3494478K->3494462K(3495296K), 0.6618939 secs] 5066685K->3781484K(5068160K), [Metaspace: 9077K->9077K(1058816K)], 0.6620620 secs] [Times: user=0.67 sys=0.02, real=0.66 secs] 
2016-06-27T20:20:55.351+0300: 1352.458: Total time for which application threads were stopped: 0.6671968 seconds, Stopping threads took: 0.0046418 seconds
2016-06-27T20:20:55.358+0300: 1352.464: Total time for which application threads were stopped: 0.0009896 seconds, Stopping threads took: 0.0000654 seconds
2016-06-27T20:20:55.879+0300: 1352.985: Total time for which application threads were stopped: 0.0042885 seconds, Stopping threads took: 0.0032232 seconds
2016-06-27T20:20:56.886+0300: 1353.991: Total time for which application threads were stopped: 0.0099643 seconds, Stopping threads took: 0.0087605 seconds
2016-06-27T20:20:57.092+0300: 1354.198: [Full GC (Allocation Failure) 2016-06-27T20:20:57.092+0300: 1354.198: [Tenured: 3494462K->3494493K(3495296K), 0.5877476 secs] 5066685K->3944531K(5068160K), [Metaspace: 9077K->9077K(1058816K)], 0.5879054 secs] [Times: user=0.59 sys=0.00, real=0.59 secs] 
2016-06-27T20:20:57.680+0300: 1354.786: Total time for which application threads were stopped: 0.5935787 seconds, Stopping threads took: 0.0053517 seconds
2016-06-27T20:20:58.687+0300: 1355.793: Total time for which application threads were stopped: 0.0015806 seconds, Stopping threads took: 0.0013048 seconds
2016-06-27T20:20:59.077+0300: 1356.183: [Full GC (Allocation Failure) 2016-06-27T20:20:59.077+0300: 1356.183: [Tenured: 3494493K->3494494K(3495296K), 0.5720459 secs] 5066694K->3941541K(5068160K), [Metaspace: 9077K->9077K(1058816K)], 0.5721724 secs] [Times: user=0.58 sys=0.00, real=0.57 secs] 
2016-06-27T20:20:59.649+0300: 1356.755: Total time for which application threads were stopped: 0.5729050 seconds, Stopping threads took: 0.0004516 seconds
2016-06-27T20:21:00.652+0300: 1357.758: Total time for which application threads were stopped: 0.0025197 seconds, Stopping threads took: 0.0021622 seconds
2016-06-27T20:21:00.878+0300: 1357.984: Total time for which application threads were stopped: 0.0021579 seconds, Stopping threads took: 0.0014125 seconds
2016-06-27T20:21:01.112+0300: 1358.218: [Full GC (Allocation Failure) 2016-06-27T20:21:01.112+0300: 1358.218: [Tenured: 3494494K->3494507K(3495296K), 0.5633166 secs] 5066670K->3942873K(5068160K), [Metaspace: 9077K->9077K(1058816K)], 0.5634859 secs] [Times: user=0.56 sys=0.00, real=0.56 secs] 
2016-06-27T20:21:01.675+0300: 1358.781: Total time for which application threads were stopped: 0.5648377 seconds, Stopping threads took: 0.0010016 seconds
2016-06-27T20:21:02.677+0300: 1359.783: Total time for which application threads were stopped: 0.0016512 seconds, Stopping threads took: 0.0012808 seconds
2016-06-27T20:21:02.878+0300: 1359.984: Total time for which application threads were stopped: 0.0023654 seconds, Stopping threads took: 0.0014908 seconds
2016-06-27T20:21:03.131+0300: 1360.237: [Full GC (Allocation Failure) 2016-06-27T20:21:03.131+0300: 1360.237: [Tenured: 3494507K->3494524K(3495296K), 0.6560282 secs] 5066671K->3718850K(5068160K), [Metaspace: 9077K->9077K(1058816K)], 0.6562048 secs] [Times: user=0.66 sys=0.00, real=0.66 secs] 
2016-06-27T20:21:03.787+0300: 1360.893: Total time for which application threads were stopped: 0.6611814 seconds, Stopping threads took: 0.0045840 seconds
2016-06-27T20:21:04.789+0300: 1361.895: Total time for which application threads were stopped: 0.0022084 seconds, Stopping threads took: 0.0018402 seconds
2016-06-27T20:21:05.488+0300: 1362.594: [Full GC (Allocation Failure) 2016-06-27T20:21:05.488+0300: 1362.594: [Tenured: 3494524K->3494530K(3495296K), 0.5258630 secs] 5066818K->3841549K(5068160K), [Metaspace: 9077K->9077K(1058816K)], 0.5261290 secs] [Times: user=0.53 sys=0.00, real=0.53 secs] 
2016-06-27T20:21:06.014+0300: 1363.120: Total time for which application threads were stopped: 0.5300053 seconds, Stopping threads took: 0.0034443 seconds
2016-06-27T20:21:06.017+0300: 1363.122: Total time for which application threads were stopped: 0.0007249 seconds, Stopping threads took: 0.0001052 seconds
2016-06-27T20:21:06.879+0300: 1363.985: Total time for which application threads were stopped: 0.0019753 seconds, Stopping threads took: 0.0010251 seconds
2016-06-27T20:21:06.888+0300: 1363.994: Total time for which application threads were stopped: 0.0004011 seconds, Stopping threads took: 0.0000885 seconds
2016-06-27T20:21:07.582+0300: 1364.688: [Full GC (Allocation Failure) 2016-06-27T20:21:07.582+0300: 1364.688: [Tenured: 3494530K->3494541K(3495296K), 0.5431698 secs] 5066711K->3863560K(5068160K), [Metaspace: 9078K->9078K(1058816K)], 0.5433361 secs] [Times: user=0.55 sys=0.00, real=0.54 secs] 
2016-06-27T20:21:08.126+0300: 1365.232: Total time for which application threads were stopped: 0.5450001 seconds, Stopping threads took: 0.0012624 seconds
2016-06-27T20:21:08.135+0300: 1365.241: Total time for which application threads were stopped: 0.0010435 seconds, Stopping threads took: 0.0000864 seconds
2016-06-27T20:21:08.879+0300: 1365.985: Total time for which application threads were stopped: 0.0016460 seconds, Stopping threads took: 0.0009819 seconds
2016-06-27T20:21:09.675+0300: 1366.781: [Full GC (Allocation Failure) 2016-06-27T20:21:09.675+0300: 1366.781: [Tenured: 3494541K->3494563K(3495296K), 0.5695295 secs] 5066454K->3919570K(5068160K), [Metaspace: 9078K->9078K(1058816K)], 0.5697036 secs] [Times: user=0.58 sys=0.00, real=0.57 secs] 
2016-06-27T20:21:10.245+0300: 1367.351: Total time for which application threads were stopped: 0.5710883 seconds, Stopping threads took: 0.0009477 seconds
2016-06-27T20:21:10.251+0300: 1367.357: Total time for which application threads were stopped: 0.0007146 seconds, Stopping threads took: 0.0000736 seconds
2016-06-27T20:21:10.880+0300: 1367.986: Total time for which application threads were stopped: 0.0020185 seconds, Stopping threads took: 0.0009062 seconds
2016-06-27T20:21:11.723+0300: 1368.829: [Full GC (Allocation Failure) 2016-06-27T20:21:11.723+0300: 1368.830: [Tenured: 3494563K->3494549K(3495296K), 0.6594490 secs] 5066754K->3757567K(5068160K), [Metaspace: 9078K->9078K(1058816K)], 0.6596021 secs] [Times: user=0.66 sys=0.00, real=0.66 secs] 
2016-06-27T20:21:12.383+0300: 1369.489: Total time for which application threads were stopped: 0.6628920 seconds, Stopping threads took: 0.0028212 seconds
2016-06-27T20:21:12.418+0300: 1369.524: Total time for which application threads were stopped: 0.0017495 seconds, Stopping threads took: 0.0007082 seconds
2016-06-27T20:21:13.890+0300: 1370.996: Total time for which application threads were stopped: 0.0102351 seconds, Stopping threads took: 0.0088884 seconds
2016-06-27T20:21:14.132+0300: 1371.238: [Full GC (Allocation Failure) 2016-06-27T20:21:14.132+0300: 1371.238: [Tenured: 3494549K->3494557K(3495296K), 0.5319084 secs] 5066783K->3694580K(5068160K), [Metaspace: 9078K->9078K(1058816K)], 0.5320777 secs] [Times: user=0.52 sys=0.00, real=0.53 secs] 
2016-06-27T20:21:14.664+0300: 1371.770: Total time for which application threads were stopped: 0.5358770 seconds, Stopping threads took: 0.0034726 seconds
2016-06-27T20:21:15.666+0300: 1372.772: Total time for which application threads were stopped: 0.0023769 seconds, Stopping threads took: 0.0019527 seconds
2016-06-27T20:21:16.389+0300: 1373.495: [Full GC (Allocation Failure) 2016-06-27T20:21:16.389+0300: 1373.495: [Tenured: 3494557K->3494582K(3495296K), 0.5598427 secs] 5066746K->3948603K(5068160K), [Metaspace: 9078K->9078K(1058816K)], 0.5600134 secs] [Times: user=0.56 sys=0.00, real=0.56 secs] 
2016-06-27T20:21:16.949+0300: 1374.055: Total time for which application threads were stopped: 0.5614259 seconds, Stopping threads took: 0.0010114 seconds
2016-06-27T20:21:17.883+0300: 1374.989: Total time for which application threads were stopped: 0.0021327 seconds, Stopping threads took: 0.0011991 seconds
2016-06-27T20:21:18.397+0300: 1375.503: [Full GC (Allocation Failure) 2016-06-27T20:21:18.397+0300: 1375.503: [Tenured: 3494582K->3494553K(3495296K), 0.5605454 secs] 5066795K->3914609K(5068160K), [Metaspace: 9078K->9078K(1058816K)], 0.5607083 secs] [Times: user=0.56 sys=0.00, real=0.56 secs] 
2016-06-27T20:21:18.958+0300: 1376.064: Total time for which application threads were stopped: 0.5616470 seconds, Stopping threads took: 0.0005829 seconds
2016-06-27T20:21:18.960+0300: 1376.066: Total time for which application threads were stopped: 0.0006265 seconds, Stopping threads took: 0.0000701 seconds
2016-06-27T20:21:19.886+0300: 1376.992: Total time for which application threads were stopped: 0.0048154 seconds, Stopping threads took: 0.0037219 seconds
2016-06-27T20:21:20.451+0300: 1377.556: [Full GC (Allocation Failure) 2016-06-27T20:21:20.451+0300: 1377.557: [Tenured: 3494553K->3494567K(3495296K), 0.6496142 secs] 5066751K->3734586K(5068160K), [Metaspace: 9078K->9078K(1058816K)], 0.6497776 secs] [Times: user=0.66 sys=0.00, real=0.65 secs] 
2016-06-27T20:21:21.100+0300: 1378.206: Total time for which application threads were stopped: 0.6514856 seconds, Stopping threads took: 0.0013262 seconds
2016-06-27T20:21:21.125+0300: 1378.231: Total time for which application threads were stopped: 0.0009862 seconds, Stopping threads took: 0.0000877 seconds
2016-06-27T20:21:21.614+0300: 1378.721: Total time for which application threads were stopped: 0.0040200 seconds, Stopping threads took: 0.0037180 seconds
2016-06-27T20:21:21.886+0300: 1378.992: Total time for which application threads were stopped: 0.0049655 seconds, Stopping threads took: 0.0040875 seconds
2016-06-27T20:21:22.852+0300: 1379.958: [Full GC (Allocation Failure) 2016-06-27T20:21:22.852+0300: 1379.958: [Tenured: 3494567K->3494576K(3495296K), 0.5561752 secs] 5066824K->3856605K(5068160K), [Metaspace: 9078K->9078K(1058816K)], 0.5563531 secs] [Times: user=0.55 sys=0.00, real=0.56 secs] 
2016-06-27T20:21:23.408+0300: 1380.515: Total time for which application threads were stopped: 0.5597829 seconds, Stopping threads took: 0.0029217 seconds
2016-06-27T20:21:23.411+0300: 1380.517: Total time for which application threads were stopped: 0.0008155 seconds, Stopping threads took: 0.0000671 seconds
2016-06-27T20:21:23.883+0300: 1380.989: Total time for which application threads were stopped: 0.0014622 seconds, Stopping threads took: 0.0005286 seconds
2016-06-27T20:21:24.885+0300: 1381.991: Total time for which application threads were stopped: 0.0025916 seconds, Stopping threads took: 0.0015028 seconds
2016-06-27T20:21:25.281+0300: 1382.386: [Full GC (Allocation Failure) 2016-06-27T20:21:25.281+0300: 1382.387: [Tenured: 3494576K->3494603K(3495296K), 0.6067697 secs] 5066078K->3839621K(5068160K), [Metaspace: 9078K->9078K(1058816K)], 0.6069523 secs] [Times: user=0.61 sys=0.00, real=0.61 secs] 
2016-06-27T20:21:25.888+0300: 1382.994: Total time for which application threads were stopped: 0.6080680 seconds, Stopping threads took: 0.0006838 seconds
2016-06-27T20:21:25.890+0300: 1382.996: Total time for which application threads were stopped: 0.0005949 seconds, Stopping threads took: 0.0000684 seconds
2016-06-27T20:21:26.885+0300: 1383.991: Total time for which application threads were stopped: 0.0026904 seconds, Stopping threads took: 0.0014750 seconds
2016-06-27T20:21:27.448+0300: 1384.554: [Full GC (Allocation Failure) 2016-06-27T20:21:27.448+0300: 1384.554: [Tenured: 3494603K->3494603K(3495296K), 0.5855418 secs] 5066805K->3774623K(5068160K), [Metaspace: 9078K->9078K(1058816K)], 0.5856932 secs] [Times: user=0.58 sys=0.00, real=0.59 secs] 
2016-06-27T20:21:28.034+0300: 1385.139: Total time for which application threads were stopped: 0.5904016 seconds, Stopping threads took: 0.0043031 seconds
2016-06-27T20:21:28.036+0300: 1385.142: Total time for which application threads were stopped: 0.0009917 seconds, Stopping threads took: 0.0000740 seconds
2016-06-27T20:21:28.887+0300: 1385.993: Total time for which application threads were stopped: 0.0034212 seconds, Stopping threads took: 0.0023863 seconds
2016-06-27T20:21:29.693+0300: 1386.800: [Full GC (Allocation Failure) 2016-06-27T20:21:29.694+0300: 1386.800: [Tenured: 3494603K->3494604K(3495296K), 0.5954108 secs] 5066794K->3738620K(5068160K), [Metaspace: 9078K->9078K(1058816K)], 0.5956404 secs] [Times: user=0.59 sys=0.00, real=0.60 secs] 
2016-06-27T20:21:30.289+0300: 1387.395: Total time for which application threads were stopped: 0.6000619 seconds, Stopping threads took: 0.0040011 seconds
2016-06-27T20:21:30.292+0300: 1387.398: Total time for which application threads were stopped: 0.0007698 seconds, Stopping threads took: 0.0001022 seconds
2016-06-27T20:21:30.886+0300: 1387.992: Total time for which application threads were stopped: 0.0022251 seconds, Stopping threads took: 0.0012180 seconds
2016-06-27T20:21:30.894+0300: 1388.000: Total time for which application threads were stopped: 0.0004683 seconds, Stopping threads took: 0.0000949 seconds
2016-06-27T20:21:31.886+0300: 1388.993: Total time for which application threads were stopped: 0.0023457 seconds, Stopping threads took: 0.0011996 seconds
2016-06-27T20:21:32.062+0300: 1389.168: [Full GC (Allocation Failure) 2016-06-27T20:21:32.062+0300: 1389.168: [Tenured: 3494604K->3494622K(3495296K), 0.5507658 secs] 5066808K->3988651K(5068160K), [Metaspace: 9078K->9078K(1058816K)], 0.5509090 secs] [Times: user=0.55 sys=0.00, real=0.55 secs] 
2016-06-27T20:21:32.613+0300: 1389.719: Total time for which application threads were stopped: 0.5515518 seconds, Stopping threads took: 0.0003554 seconds
2016-06-27T20:21:33.615+0300: 1390.721: Total time for which application threads were stopped: 0.0016773 seconds, Stopping threads took: 0.0013056 seconds
2016-06-27T20:21:33.975+0300: 1391.080: [Full GC (Allocation Failure) 2016-06-27T20:21:33.981+0300: 1391.087: [Tenured: 3494622K->3494610K(3495296K), 0.5836032 secs] 5066830K->3820649K(5068160K), [Metaspace: 9078K->9078K(1058816K)], 0.5899021 secs] [Times: user=0.56 sys=0.00, real=0.59 secs] 
2016-06-27T20:21:34.565+0300: 1391.670: Total time for which application threads were stopped: 0.5933794 seconds, Stopping threads took: 0.0031424 seconds
2016-06-27T20:21:35.567+0300: 1392.673: Total time for which application threads were stopped: 0.0020382 seconds, Stopping threads took: 0.0016559 seconds
2016-06-27T20:21:35.887+0300: 1392.993: Total time for which application threads were stopped: 0.0022208 seconds, Stopping threads took: 0.0011987 seconds
2016-06-27T20:21:36.149+0300: 1393.254: [Full GC (Allocation Failure) 2016-06-27T20:21:36.149+0300: 1393.255: [Tenured: 3494610K->3494635K(3495296K), 0.6150422 secs] 5066786K->3967887K(5068160K), [Metaspace: 9078K->9078K(1058816K)], 0.6152372 secs] [Times: user=0.61 sys=0.00, real=0.62 secs] 
2016-06-27T20:21:36.764+0300: 1393.870: Total time for which application threads were stopped: 0.6166327 seconds, Stopping threads took: 0.0010033 seconds
2016-06-27T20:21:37.765+0300: 1394.871: Total time for which application threads were stopped: 0.0018830 seconds, Stopping threads took: 0.0015053 seconds
2016-06-27T20:21:38.173+0300: 1395.279: [Full GC (Allocation Failure) 2016-06-27T20:21:38.174+0300: 1395.279: [Tenured: 3494635K->3494859K(3495296K), 0.5650139 secs] 5066855K->3700875K(5068160K), [Metaspace: 9078K->9078K(1058816K)], 0.5651782 secs] [Times: user=0.55 sys=0.02, real=0.56 secs] 
2016-06-27T20:21:38.739+0300: 1395.845: Total time for which application threads were stopped: 0.5674918 seconds, Stopping threads took: 0.0019484 seconds
2016-06-27T20:21:39.773+0300: 1396.879: Total time for which application threads were stopped: 0.0021195 seconds, Stopping threads took: 0.0017500 seconds
2016-06-27T20:21:39.888+0300: 1396.994: Total time for which application threads were stopped: 0.0017414 seconds, Stopping threads took: 0.0006145 seconds
2016-06-27T20:21:40.479+0300: 1397.585: [Full GC (Allocation Failure) 2016-06-27T20:21:40.485+0300: 1397.591: [Tenured: 3494859K->3494683K(3495296K), 0.5488362 secs] 5067040K->3929699K(5068160K), [Metaspace: 9078K->9078K(1058816K)], 0.5550175 secs] [Times: user=0.55 sys=0.00, real=0.55 secs] 
2016-06-27T20:21:41.034+0300: 1398.140: Total time for which application threads were stopped: 0.5564934 seconds, Stopping threads took: 0.0010931 seconds
2016-06-27T20:21:41.100+0300: 1398.206: Total time for which application threads were stopped: 0.0007296 seconds, Stopping threads took: 0.0001501 seconds
2016-06-27T20:21:41.889+0300: 1398.995: Total time for which application threads were stopped: 0.0020061 seconds, Stopping threads took: 0.0009699 seconds
2016-06-27T20:21:42.495+0300: 1399.602: [Full GC (Allocation Failure) 2016-06-27T20:21:42.495+0300: 1399.602: [Tenured: 3494683K->3494681K(3495296K), 0.6108320 secs] 5066895K->3919706K(5068160K), [Metaspace: 9078K->9078K(1058816K)], 0.6110094 secs] [Times: user=0.61 sys=0.00, real=0.61 secs] 
2016-06-27T20:21:43.107+0300: 1400.213: Total time for which application threads were stopped: 0.6121838 seconds, Stopping threads took: 0.0007835 seconds
2016-06-27T20:21:43.109+0300: 1400.215: Total time for which application threads were stopped: 0.0006432 seconds, Stopping threads took: 0.0000718 seconds
2016-06-27T20:21:43.889+0300: 1400.995: Total time for which application threads were stopped: 0.0015438 seconds, Stopping threads took: 0.0007172 seconds
2016-06-27T20:21:44.565+0300: 1401.671: [Full GC (Allocation Failure) 2016-06-27T20:21:44.565+0300: 1401.671: [Tenured: 3494681K->3494695K(3495296K), 0.5763049 secs] 5066877K->3995718K(5068160K), [Metaspace: 9078K->9078K(1058816K)], 0.5764537 secs] [Times: user=0.58 sys=0.00, real=0.58 secs] 
2016-06-27T20:21:45.142+0300: 1402.248: Total time for which application threads were stopped: 0.5776439 seconds, Stopping threads took: 0.0008506 seconds
2016-06-27T20:21:45.143+0300: 1402.250: Total time for which application threads were stopped: 0.0006795 seconds, Stopping threads took: 0.0000766 seconds
2016-06-27T20:21:46.146+0300: 1403.252: Total time for which application threads were stopped: 0.0025394 seconds, Stopping threads took: 0.0021639 seconds
2016-06-27T20:21:46.548+0300: 1403.654: [Full GC (Allocation Failure) 2016-06-27T20:21:46.548+0300: 1403.654: [Tenured: 3494695K->3494724K(3495296K), 0.5503398 secs] 5066862K->3520725K(5068160K), [Metaspace: 9078K->9078K(1058816K)], 0.5505242 secs] [Times: user=0.56 sys=0.00, real=0.55 secs] 
2016-06-27T20:21:47.099+0300: 1404.205: Total time for which application threads were stopped: 0.5520889 seconds, Stopping threads took: 0.0011765 seconds
2016-06-27T20:21:48.100+0300: 1405.206: Total time for which application threads were stopped: 0.0014523 seconds, Stopping threads took: 0.0010841 seconds
2016-06-27T20:21:49.007+0300: 1406.113: Total time for which application threads were stopped: 0.0048098 seconds, Stopping threads took: 0.0036860 seconds
2016-06-27T20:21:49.114+0300: 1406.220: [Full GC (Allocation Failure) 2016-06-27T20:21:49.114+0300: 1406.220: [Tenured: 3494724K->3494686K(3495296K), 0.5630827 secs] 5066946K->3683697K(5068160K), [Metaspace: 9078K->9078K(1058816K)], 0.5632426 secs] [Times: user=0.58 sys=0.00, real=0.56 secs] 
2016-06-27T20:21:49.677+0300: 1406.783: Total time for which application threads were stopped: 0.5637258 seconds, Stopping threads took: 0.0001112 seconds
2016-06-27T20:21:50.679+0300: 1407.785: Total time for which application threads were stopped: 0.0019732 seconds, Stopping threads took: 0.0015956 seconds
2016-06-27T20:21:51.385+0300: 1408.491: [Full GC (Allocation Failure) 2016-06-27T20:21:51.385+0300: 1408.491: [Tenured: 3494686K->3494710K(3495296K), 0.5620939 secs] 5066866K->3794725K(5068160K), [Metaspace: 9078K->9078K(1058816K)], 0.5622457 secs] [Times: user=0.56 sys=0.00, real=0.56 secs] 
2016-06-27T20:21:51.948+0300: 1409.054: Total time for which application threads were stopped: 0.5640209 seconds, Stopping threads took: 0.0013484 seconds
2016-06-27T20:21:52.894+0300: 1410.000: Total time for which application threads were stopped: 0.0039011 seconds, Stopping threads took: 0.0026840 seconds
2016-06-27T20:21:52.902+0300: 1410.008: Total time for which application threads were stopped: 0.0004636 seconds, Stopping threads took: 0.0000911 seconds
2016-06-27T20:21:53.635+0300: 1410.740: [Full GC (Allocation Failure) 2016-06-27T20:21:53.635+0300: 1410.741: [Tenured: 3494710K->3494723K(3495296K), 0.5978736 secs] 5066900K->3830738K(5068160K), [Metaspace: 9078K->9078K(1058816K)], 0.5980579 secs] [Times: user=0.59 sys=0.00, real=0.60 secs] 
2016-06-27T20:21:54.233+0300: 1411.339: Total time for which application threads were stopped: 0.6003848 seconds, Stopping threads took: 0.0018603 seconds
2016-06-27T20:21:54.259+0300: 1411.364: Total time for which application threads were stopped: 0.0007920 seconds, Stopping threads took: 0.0000757 seconds
2016-06-27T20:21:54.892+0300: 1411.998: Total time for which application threads were stopped: 0.0020827 seconds, Stopping threads took: 0.0009639 seconds
2016-06-27T20:21:55.894+0300: 1413.000: Total time for which application threads were stopped: 0.0031574 seconds, Stopping threads took: 0.0018090 seconds
2016-06-27T20:21:56.135+0300: 1413.242: [Full GC (Allocation Failure) 2016-06-27T20:21:56.136+0300: 1413.242: [Tenured: 3494723K->3494732K(3495296K), 0.7248125 secs] 5066951K->3815755K(5068160K), [Metaspace: 9078K->9078K(1058816K)], 0.7250106 secs] [Times: user=0.72 sys=0.00, real=0.72 secs] 
2016-06-27T20:21:56.861+0300: 1413.967: Total time for which application threads were stopped: 0.7269500 seconds, Stopping threads took: 0.0015605 seconds
2016-06-27T20:21:57.863+0300: 1414.969: Total time for which application threads were stopped: 0.0020515 seconds, Stopping threads took: 0.0016649 seconds
2016-06-27T20:21:58.434+0300: 1415.540: [Full GC (Allocation Failure) 2016-06-27T20:21:58.434+0300: 1415.541: [Tenured: 3494732K->3494740K(3495296K), 0.5445062 secs] 5066969K->3821765K(5068160K), [Metaspace: 9078K->9078K(1058816K)], 0.5446460 secs] [Times: user=0.55 sys=0.00, real=0.55 secs] 
2016-06-27T20:21:58.979+0300: 1416.085: Total time for which application threads were stopped: 0.5460436 seconds, Stopping threads took: 0.0010076 seconds
2016-06-27T20:21:59.894+0300: 1417.000: Total time for which application threads were stopped: 0.0029085 seconds, Stopping threads took: 0.0017081 seconds
2016-06-27T20:22:00.569+0300: 1417.675: [Full GC (Allocation Failure) 2016-06-27T20:22:00.569+0300: 1417.675: [Tenured: 3494740K->3494755K(3495296K), 0.5777247 secs] 5066949K->3880773K(5068160K), [Metaspace: 9078K->9078K(1058816K)], 0.5778928 secs] [Times: user=0.58 sys=0.00, real=0.58 secs] 
2016-06-27T20:22:01.147+0300: 1418.253: Total time for which application threads were stopped: 0.5800212 seconds, Stopping threads took: 0.0017153 seconds
2016-06-27T20:22:01.149+0300: 1418.255: Total time for which application threads were stopped: 0.0008232 seconds, Stopping threads took: 0.0002087 seconds
2016-06-27T20:22:01.894+0300: 1419.000: Total time for which application threads were stopped: 0.0026373 seconds, Stopping threads took: 0.0015071 seconds
2016-06-27T20:22:02.680+0300: 1419.786: [Full GC (Allocation Failure) 2016-06-27T20:22:02.680+0300: 1419.786: [Tenured: 3494755K->3494759K(3495296K), 0.6035995 secs] 5066960K->3836779K(5068160K), [Metaspace: 9078K->9078K(1058816K)], 0.6037620 secs] [Times: user=0.59 sys=0.00, real=0.60 secs] 
2016-06-27T20:22:03.283+0300: 1420.390: Total time for which application threads were stopped: 0.6092621 seconds, Stopping threads took: 0.0050874 seconds
2016-06-27T20:22:03.286+0300: 1420.392: Total time for which application threads were stopped: 0.0007227 seconds, Stopping threads took: 0.0000992 seconds
2016-06-27T20:22:03.893+0300: 1421.000: Total time for which application threads were stopped: 0.0015507 seconds, Stopping threads took: 0.0007783 seconds
2016-06-27T20:22:04.836+0300: 1421.942: [Full GC (Allocation Failure) 2016-06-27T20:22:04.836+0300: 1421.942: [Tenured: 3494759K->3494762K(3495296K), 0.5647193 secs] 5066945K->3737777K(5068160K), [Metaspace: 9078K->9078K(1058816K)], 0.5648989 secs] [Times: user=0.56 sys=0.00, real=0.57 secs] 
2016-06-27T20:22:05.401+0300: 1422.507: Total time for which application threads were stopped: 0.5728161 seconds, Stopping threads took: 0.0074262 seconds
2016-06-27T20:22:05.403+0300: 1422.509: Total time for which application threads were stopped: 0.0009229 seconds, Stopping threads took: 0.0002078 seconds
2016-06-27T20:22:05.894+0300: 1423.000: Total time for which application threads were stopped: 0.0016401 seconds, Stopping threads took: 0.0005756 seconds
2016-06-27T20:22:05.903+0300: 1423.009: Total time for which application threads were stopped: 0.0005731 seconds, Stopping threads took: 0.0001544 seconds
2016-06-27T20:22:06.896+0300: 1424.002: Total time for which application threads were stopped: 0.0035598 seconds, Stopping threads took: 0.0024184 seconds
2016-06-27T20:22:07.177+0300: 1424.283: [Full GC (Allocation Failure) 2016-06-27T20:22:07.177+0300: 1424.283: [Tenured: 3494762K->3494782K(3495296K), 0.5545398 secs] 5066945K->3894090K(5068160K), [Metaspace: 9078K->9078K(1058816K)], 0.5547177 secs] [Times: user=0.55 sys=0.00, real=0.56 secs] 
2016-06-27T20:22:07.732+0300: 1424.838: Total time for which application threads were stopped: 0.5603149 seconds, Stopping threads took: 0.0052366 seconds
2016-06-27T20:22:08.733+0300: 1425.840: Total time for which application threads were stopped: 0.0019518 seconds, Stopping threads took: 0.0015584 seconds
2016-06-27T20:22:09.219+0300: 1426.325: [Full GC (Allocation Failure) 2016-06-27T20:22:09.219+0300: 1426.325: [Tenured: 3494782K->3495070K(3495296K), 0.6597770 secs] 5066977K->3816092K(5068160K), [Metaspace: 9078K->9078K(1058816K)], 0.6599447 secs] [Times: user=0.66 sys=0.00, real=0.66 secs] 
2016-06-27T20:22:09.879+0300: 1426.985: Total time for which application threads were stopped: 0.6634758 seconds, Stopping threads took: 0.0031108 seconds
2016-06-27T20:22:10.897+0300: 1428.003: Total time for which application threads were stopped: 0.0035961 seconds, Stopping threads took: 0.0024616 seconds
2016-06-27T20:22:11.486+0300: 1428.592: [Full GC (Allocation Failure) 2016-06-27T20:22:11.486+0300: 1428.592: [Tenured: 3495070K->3494792K(3495296K), 0.5301456 secs] 5067278K->3810813K(5068160K), [Metaspace: 9078K->9078K(1058816K)], 0.5303585 secs] [Times: user=0.53 sys=0.00, real=0.53 secs] 
2016-06-27T20:22:12.016+0300: 1429.122: Total time for which application threads were stopped: 0.5351560 seconds, Stopping threads took: 0.0043715 seconds
2016-06-27T20:22:12.019+0300: 1429.124: Total time for which application threads were stopped: 0.0006864 seconds, Stopping threads took: 0.0000783 seconds
2016-06-27T20:22:12.896+0300: 1430.002: Total time for which application threads were stopped: 0.0022961 seconds, Stopping threads took: 0.0010785 seconds
2016-06-27T20:22:13.627+0300: 1430.733: [Full GC (Allocation Failure) 2016-06-27T20:22:13.627+0300: 1430.733: [Tenured: 3494792K->3494801K(3495296K), 0.5777140 secs] 5066945K->3685810K(5068160K), [Metaspace: 9078K->9078K(1058816K)], 0.5778727 secs] [Times: user=0.58 sys=0.00, real=0.58 secs] 
2016-06-27T20:22:14.205+0300: 1431.311: Total time for which application threads were stopped: 0.5841883 seconds, Stopping threads took: 0.0059281 seconds
2016-06-27T20:22:14.207+0300: 1431.313: Total time for which application threads were stopped: 0.0008515 seconds, Stopping threads took: 0.0002100 seconds
2016-06-27T20:22:14.896+0300: 1432.002: Total time for which application threads were stopped: 0.0021216 seconds, Stopping threads took: 0.0009904 seconds
2016-06-27T20:22:15.901+0300: 1433.007: Total time for which application threads were stopped: 0.0060637 seconds, Stopping threads took: 0.0048701 seconds
2016-06-27T20:22:16.046+0300: 1433.152: [Full GC (Allocation Failure) 2016-06-27T20:22:16.046+0300: 1433.152: [Tenured: 3494801K->3494803K(3495296K), 0.5900206 secs] 5067029K->3842836K(5068160K), [Metaspace: 9078K->9078K(1058816K)], 0.5901840 secs] [Times: user=0.59 sys=0.00, real=0.59 secs] 
2016-06-27T20:22:16.636+0300: 1433.742: Total time for which application threads were stopped: 0.5911038 seconds, Stopping threads took: 0.0005914 seconds
2016-06-27T20:22:17.638+0300: 1434.744: Total time for which application threads were stopped: 0.0019330 seconds, Stopping threads took: 0.0015588 seconds
2016-06-27T20:22:18.167+0300: 1435.273: [Full GC (Allocation Failure) 2016-06-27T20:22:18.167+0300: 1435.273: [Tenured: 3494803K->3494820K(3495296K), 0.6037406 secs] 5067017K->3840844K(5068160K), [Metaspace: 9078K->9078K(1058816K)], 0.6038997 secs] [Times: user=0.61 sys=0.00, real=0.60 secs] 
2016-06-27T20:22:18.771+0300: 1435.877: Total time for which application threads were stopped: 0.6052438 seconds, Stopping threads took: 0.0009118 seconds
2016-06-27T20:22:19.797+0300: 1436.903: Total time for which application threads were stopped: 0.0025655 seconds, Stopping threads took: 0.0022165 seconds
2016-06-27T20:22:19.903+0300: 1437.009: Total time for which application threads were stopped: 0.0071354 seconds, Stopping threads took: 0.0060180 seconds
2016-06-27T20:22:20.354+0300: 1437.461: [Full GC (Allocation Failure) 2016-06-27T20:22:20.356+0300: 1437.462: [Tenured: 3494820K->3494834K(3495296K), 0.6466745 secs] 5067000K->3864854K(5068160K), [Metaspace: 9078K->9078K(1058816K)], 0.6484236 secs] [Times: user=0.64 sys=0.00, real=0.65 secs] 
2016-06-27T20:22:21.003+0300: 1438.109: Total time for which application threads were stopped: 0.6545635 seconds, Stopping threads took: 0.0057413 seconds
2016-06-27T20:22:21.086+0300: 1438.192: Total time for which application threads were stopped: 0.0012064 seconds, Stopping threads took: 0.0002592 seconds
2016-06-27T20:22:21.900+0300: 1439.007: Total time for which application threads were stopped: 0.0046182 seconds, Stopping threads took: 0.0034469 seconds
2016-06-27T20:22:21.909+0300: 1439.015: Total time for which application threads were stopped: 0.0004238 seconds, Stopping threads took: 0.0000753 seconds
2016-06-27T20:22:22.569+0300: 1439.675: [Full GC (Allocation Failure) 2016-06-27T20:22:22.569+0300: 1439.675: [Tenured: 3494834K->3494824K(3495296K), 0.7337621 secs] 5067010K->3827838K(5068160K), [Metaspace: 9078K->9078K(1058816K)], 0.7339374 secs] [Times: user=0.73 sys=0.00, real=0.73 secs] 
2016-06-27T20:22:23.303+0300: 1440.409: Total time for which application threads were stopped: 0.7370597 seconds, Stopping threads took: 0.0026848 seconds
2016-06-27T20:22:23.305+0300: 1440.411: Total time for which application threads were stopped: 0.0006941 seconds, Stopping threads took: 0.0000736 seconds
2016-06-27T20:22:23.898+0300: 1441.004: Total time for which application threads were stopped: 0.0013492 seconds, Stopping threads took: 0.0007052 seconds
2016-06-27T20:22:24.902+0300: 1442.008: Total time for which application threads were stopped: 0.0042808 seconds, Stopping threads took: 0.0026634 seconds
2016-06-27T20:22:25.173+0300: 1442.279: [Full GC (Allocation Failure) 2016-06-27T20:22:25.173+0300: 1442.279: [Tenured: 3494824K->3494826K(3495296K), 0.7483100 secs] 5067052K->3861857K(5068160K), [Metaspace: 9078K->9078K(1058816K)], 0.7484730 secs] [Times: user=0.72 sys=0.00, real=0.75 secs] 
2016-06-27T20:22:25.921+0300: 1443.027: Total time for which application threads were stopped: 0.7494095 seconds, Stopping threads took: 0.0005461 seconds
2016-06-27T20:22:26.927+0300: 1444.033: Total time for which application threads were stopped: 0.0052845 seconds, Stopping threads took: 0.0048440 seconds
2016-06-27T20:22:27.455+0300: 1444.561: [Full GC (Allocation Failure) 2016-06-27T20:22:27.456+0300: 1444.562: [Tenured: 3494826K->3494840K(3495296K), 0.5774548 secs] 5067040K->3801860K(5068160K), [Metaspace: 9078K->9078K(1058816K)], 0.5776152 secs] [Times: user=0.58 sys=0.00, real=0.58 secs] 
2016-06-27T20:22:28.033+0300: 1445.139: Total time for which application threads were stopped: 0.5816138 seconds, Stopping threads took: 0.0036214 seconds
2016-06-27T20:22:29.035+0300: 1446.141: Total time for which application threads were stopped: 0.0022469 seconds, Stopping threads took: 0.0018483 seconds
2016-06-27T20:22:29.650+0300: 1446.756: [Full GC (Allocation Failure) 2016-06-27T20:22:29.650+0300: 1446.756: [Tenured: 3494840K->3494850K(3495296K), 0.6065948 secs] 5067026K->3867867K(5068160K), [Metaspace: 9082K->9082K(1058816K)], 0.6067748 secs] [Times: user=0.61 sys=0.00, real=0.61 secs] 
2016-06-27T20:22:30.257+0300: 1447.363: Total time for which application threads were stopped: 0.6103962 seconds, Stopping threads took: 0.0032198 seconds
2016-06-27T20:22:30.262+0300: 1447.368: Total time for which application threads were stopped: 0.0006753 seconds, Stopping threads took: 0.0000783 seconds
2016-06-27T20:22:30.905+0300: 1448.010: Total time for which application threads were stopped: 0.0016379 seconds, Stopping threads took: 0.0008241 seconds
2016-06-27T20:22:31.780+0300: 1448.886: [Full GC (Allocation Failure) 2016-06-27T20:22:31.780+0300: 1448.886: [Tenured: 3494850K->3494845K(3495296K), 0.5620965 secs] 5067058K->3753868K(5068160K), [Metaspace: 9082K->9082K(1058816K)], 0.5622757 secs] [Times: user=0.56 sys=0.00, real=0.56 secs] 
2016-06-27T20:22:32.343+0300: 1449.449: Total time for which application threads were stopped: 0.5646248 seconds, Stopping threads took: 0.0018851 seconds
2016-06-27T20:22:32.347+0300: 1449.453: Total time for which application threads were stopped: 0.0008361 seconds, Stopping threads took: 0.0000911 seconds
2016-06-27T20:22:33.907+0300: 1451.013: Total time for which application threads were stopped: 0.0034717 seconds, Stopping threads took: 0.0020579 seconds
2016-06-27T20:22:34.085+0300: 1451.191: [Full GC (Allocation Failure) 2016-06-27T20:22:34.085+0300: 1451.191: [Tenured: 3494845K->3494846K(3495296K), 0.5778598 secs] 5067086K->3916896K(5068160K), [Metaspace: 9082K->9082K(1058816K)], 0.5780394 secs] [Times: user=0.58 sys=0.00, real=0.58 secs] 
2016-06-27T20:22:34.663+0300: 1451.769: Total time for which application threads were stopped: 0.5790718 seconds, Stopping threads took: 0.0006984 seconds
2016-06-27T20:22:35.697+0300: 1452.803: Total time for which application threads were stopped: 0.0022841 seconds, Stopping threads took: 0.0018915 seconds
2016-06-27T20:22:36.120+0300: 1453.226: [Full GC (Allocation Failure) 2016-06-27T20:22:36.120+0300: 1453.226: [Tenured: 3494846K->3494867K(3495296K), 0.6162995 secs] 5067071K->3803894K(5068160K), [Metaspace: 9082K->9082K(1058816K)], 0.6164770 secs] [Times: user=0.61 sys=0.00, real=0.62 secs] 
2016-06-27T20:22:36.736+0300: 1453.842: Total time for which application threads were stopped: 0.6195993 seconds, Stopping threads took: 0.0027451 seconds
2016-06-27T20:22:37.737+0300: 1454.844: Total time for which application threads were stopped: 0.0014737 seconds, Stopping threads took: 0.0011110 seconds
2016-06-27T20:22:37.906+0300: 1455.012: Total time for which application threads were stopped: 0.0012881 seconds, Stopping threads took: 0.0005081 seconds
2016-06-27T20:22:38.348+0300: 1455.454: [Full GC (Allocation Failure) 2016-06-27T20:22:38.354+0300: 1455.460: [Tenured: 3494867K->3494894K(3495296K), 0.5456335 secs] 5067040K->3907911K(5068160K), [Metaspace: 9082K->9082K(1058816K)], 0.5516720 secs] [Times: user=0.55 sys=0.00, real=0.55 secs] 
2016-06-27T20:22:38.900+0300: 1456.006: Total time for which application threads were stopped: 0.5525461 seconds, Stopping threads took: 0.0005696 seconds
2016-06-27T20:22:38.906+0300: 1456.012: Total time for which application threads were stopped: 0.0006710 seconds, Stopping threads took: 0.0000932 seconds
2016-06-27T20:22:39.907+0300: 1457.014: Total time for which application threads were stopped: 0.0026147 seconds, Stopping threads took: 0.0014857 seconds
2016-06-27T20:22:39.916+0300: 1457.022: Total time for which application threads were stopped: 0.0005910 seconds, Stopping threads took: 0.0002810 seconds
2016-06-27T20:22:40.390+0300: 1457.496: [Full GC (Allocation Failure) 2016-06-27T20:22:40.390+0300: 1457.497: [Tenured: 3494894K->3494887K(3495296K), 0.5703588 secs] 5067087K->3647899K(5068160K), [Metaspace: 9082K->9082K(1058816K)], 0.5705320 secs] [Times: user=0.58 sys=0.00, real=0.57 secs] 
2016-06-27T20:22:40.961+0300: 1458.067: Total time for which application threads were stopped: 0.5716665 seconds, Stopping threads took: 0.0007694 seconds
2016-06-27T20:22:40.964+0300: 1458.070: Total time for which application threads were stopped: 0.0009413 seconds, Stopping threads took: 0.0000701 seconds
2016-06-27T20:22:41.909+0300: 1459.015: Total time for which application threads were stopped: 0.0037907 seconds, Stopping threads took: 0.0025531 seconds
2016-06-27T20:22:42.767+0300: 1459.873: [Full GC (Allocation Failure) 2016-06-27T20:22:42.767+0300: 1459.873: [Tenured: 3494887K->3494905K(3495296K), 0.6644641 secs] 5067089K->3827924K(5068160K), [Metaspace: 9082K->9082K(1058816K)], 0.6646544 secs] [Times: user=0.67 sys=0.00, real=0.66 secs] 
2016-06-27T20:22:43.431+0300: 1460.538: Total time for which application threads were stopped: 0.6737292 seconds, Stopping threads took: 0.0085988 seconds
2016-06-27T20:22:43.434+0300: 1460.540: Total time for which application threads were stopped: 0.0011038 seconds, Stopping threads took: 0.0000731 seconds
2016-06-27T20:22:43.910+0300: 1461.016: Total time for which application threads were stopped: 0.0038010 seconds, Stopping threads took: 0.0027327 seconds
2016-06-27T20:22:44.915+0300: 1462.021: Total time for which application threads were stopped: 0.0051250 seconds, Stopping threads took: 0.0047581 seconds
2016-06-27T20:22:45.113+0300: 1462.219: [Full GC (Allocation Failure) 2016-06-27T20:22:45.113+0300: 1462.219: [Tenured: 3494905K->3494914K(3495296K), 0.5572862 secs] 5067102K->3831936K(5068160K), [Metaspace: 9082K->9082K(1058816K)], 0.5574333 secs] [Times: user=0.56 sys=0.00, real=0.56 secs] 
2016-06-27T20:22:45.670+0300: 1462.776: Total time for which application threads were stopped: 0.5607387 seconds, Stopping threads took: 0.0029611 seconds
2016-06-27T20:22:46.676+0300: 1463.782: Total time for which application threads were stopped: 0.0058636 seconds, Stopping threads took: 0.0055056 seconds
2016-06-27T20:22:46.955+0300: 1464.061: Total time for which application threads were stopped: 0.0025890 seconds, Stopping threads took: 0.0015071 seconds
2016-06-27T20:22:47.250+0300: 1464.356: [Full GC (Allocation Failure) 2016-06-27T20:22:47.250+0300: 1464.356: [Tenured: 3494914K->3494926K(3495296K), 0.5916722 secs] 5067096K->3804958K(5068160K), [Metaspace: 9083K->9083K(1058816K)], 0.5918535 secs] [Times: user=0.59 sys=0.00, real=0.59 secs] 
2016-06-27T20:22:47.842+0300: 1464.948: Total time for which application threads were stopped: 0.5976756 seconds, Stopping threads took: 0.0054509 seconds
2016-06-27T20:22:47.908+0300: 1465.014: Total time for which application threads were stopped: 0.0008780 seconds, Stopping threads took: 0.0002502 seconds
2016-06-27T20:22:48.909+0300: 1466.015: Total time for which application threads were stopped: 0.0022058 seconds, Stopping threads took: 0.0012582 seconds
2016-06-27T20:22:49.451+0300: 1466.557: [Full GC (Allocation Failure) 2016-06-27T20:22:49.451+0300: 1466.557: [Tenured: 3494926K->3494936K(3495296K), 0.5618194 secs] 5067127K->3700954K(5068160K), [Metaspace: 9083K->9083K(1058816K)], 0.5620071 secs] [Times: user=0.56 sys=0.00, real=0.56 secs] 
2016-06-27T20:22:50.013+0300: 1467.119: Total time for which application threads were stopped: 0.5635719 seconds, Stopping threads took: 0.0011846 seconds
2016-06-27T20:22:50.016+0300: 1467.122: Total time for which application threads were stopped: 0.0006795 seconds, Stopping threads took: 0.0000697 seconds
2016-06-27T20:22:50.910+0300: 1468.016: Total time for which application threads were stopped: 0.0026125 seconds, Stopping threads took: 0.0014724 seconds
2016-06-27T20:22:51.749+0300: 1468.856: [Full GC (Allocation Failure) 2016-06-27T20:22:51.749+0300: 1468.856: [Tenured: 3494936K->3494972K(3495296K), 0.5650336 secs] 5067098K->3881980K(5068160K), [Metaspace: 9083K->9083K(1058816K)], 0.5652060 secs] [Times: user=0.56 sys=0.00, real=0.57 secs] 
2016-06-27T20:22:52.315+0300: 1469.421: Total time for which application threads were stopped: 0.5686024 seconds, Stopping threads took: 0.0029393 seconds
2016-06-27T20:22:52.317+0300: 1469.423: Total time for which application threads were stopped: 0.0007441 seconds, Stopping threads took: 0.0001018 seconds
2016-06-27T20:22:53.322+0300: 1470.428: Total time for which application threads were stopped: 0.0046533 seconds, Stopping threads took: 0.0042466 seconds
2016-06-27T20:22:53.982+0300: 1471.088: [Full GC (Allocation Failure) 2016-06-27T20:22:53.982+0300: 1471.088: [Tenured: 3494972K->3494990K(3495296K), 0.6028105 secs] 5067151K->3622999K(5068160K), [Metaspace: 9083K->9083K(1058816K)], 0.6030538 secs] [Times: user=0.61 sys=0.00, real=0.60 secs] 
2016-06-27T20:22:54.585+0300: 1471.691: Total time for which application threads were stopped: 0.6105617 seconds, Stopping threads took: 0.0069455 seconds
2016-06-27T20:22:56.590+0300: 1473.696: Total time for which application threads were stopped: 0.0054428 seconds, Stopping threads took: 0.0050262 seconds
2016-06-27T20:22:56.606+0300: 1473.712: [Full GC (Allocation Failure) 2016-06-27T20:22:56.606+0300: 1473.712: [Tenured: 3494990K->3494982K(3495296K), 0.7067852 secs] 5067143K->4791189K(5068160K), [Metaspace: 9083K->9083K(1058816K)], 0.7069640 secs] [Times: user=0.70 sys=0.00, real=0.70 secs] 
2016-06-27T20:22:57.309+0300: 1474.419: Total time for which application threads were stopped: 0.7087379 seconds, Stopping threads took: 0.0012128 seconds
2016-06-27T20:22:57.376+0300: 1474.483: Total time for which application threads were stopped: 0.0009490 seconds, Stopping threads took: 0.0005290 seconds
2016-06-27T20:22:57.494+0300: 1474.600: Total time for which application threads were stopped: 0.0020339 seconds, Stopping threads took: 0.0012453 seconds
2016-06-27T20:22:57.697+0300: 1474.803: [Full GC (Allocation Failure) 2016-06-27T20:22:57.697+0300: 1474.803: [Tenured: 3494982K->3494977K(3495296K), 0.6976685 secs] 5067186K->4350383K(5068160K), [Metaspace: 9083K->9083K(1058816K)], 0.6978075 secs] [Times: user=0.69 sys=0.00, real=0.69 secs] 
2016-06-27T20:22:58.385+0300: 1475.501: Total time for which application threads were stopped: 0.6994946 seconds, Stopping threads took: 0.0011786 seconds
2016-06-27T20:22:59.275+0300: 1476.381: [Full GC (Allocation Failure) 2016-06-27T20:22:59.275+0300: 1476.381: [Tenured: 3494977K->2946925K(3495296K), 0.4651117 secs] 5067342K->2946925K(5068160K), [Metaspace: 9083K->9083K(1058816K)], 0.4652751 secs] [Times: user=0.47 sys=0.00, real=0.46 secs] 
2016-06-27T20:22:59.740+0300: 1476.847: Total time for which application threads were stopped: 0.4680309 seconds, Stopping threads took: 0.0023162 seconds
2016-06-27T20:23:00.458+0300: 1477.565: Total time for which application threads were stopped: 0.0019706 seconds, Stopping threads took: 0.0009413 seconds
2016-06-27T20:23:01.606+0300: 1478.712: [GC (Allocation Failure) 2016-06-27T20:23:01.606+0300: 1478.712: [DefNew: 1397977K->1397977K(1572864K), 0.0000393 secs]2016-06-27T20:23:01.607+0300: 1478.713: [Tenured: 2946925K->2773916K(3495296K), 0.4583364 secs] 4344903K->2773916K(5068160K), [Metaspace: 9083K->9083K(1058816K)], 0.4585648 secs] [Times: user=0.45 sys=0.00, real=0.46 secs] 
2016-06-27T20:23:02.065+0300: 1479.171: Total time for which application threads were stopped: 0.4667621 seconds, Stopping threads took: 0.0075182 seconds
2016-06-27T20:23:03.068+0300: 1480.174: Total time for which application threads were stopped: 0.0026583 seconds, Stopping threads took: 0.0021139 seconds
2016-06-27T20:23:04.349+0300: 1481.455: [GC (Allocation Failure) 2016-06-27T20:23:04.349+0300: 1481.455: [DefNew: 1397729K->1397729K(1572864K), 0.0000406 secs]2016-06-27T20:23:04.349+0300: 1481.455: [Tenured: 2773916K->3102949K(3495296K), 0.5598303 secs] 4171646K->3102949K(5068160K), [Metaspace: 9083K->9083K(1058816K)], 0.5600809 secs] [Times: user=0.55 sys=0.00, real=0.56 secs] 
2016-06-27T20:23:04.909+0300: 1482.015: Total time for which application threads were stopped: 0.5643109 seconds, Stopping threads took: 0.0035145 seconds
2016-06-27T20:23:05.598+0300: 1482.704: Total time for which application threads were stopped: 0.0035820 seconds, Stopping threads took: 0.0020690 seconds
2016-06-27T20:23:06.603+0300: 1483.708: Total time for which application threads were stopped: 0.0074112 seconds, Stopping threads took: 0.0057520 seconds
2016-06-27T20:23:06.966+0300: 1484.072: [GC (Allocation Failure) 2016-06-27T20:23:06.966+0300: 1484.072: [DefNew: 1397194K->1397194K(1572864K), 0.0000411 secs]2016-06-27T20:23:06.966+0300: 1484.072: [Tenured: 3102949K->3310002K(3495296K), 0.6211987 secs] 4500143K->3310002K(5068160K), [Metaspace: 9083K->9083K(1058816K)], 0.6214305 secs] [Times: user=0.58 sys=0.00, real=0.62 secs] 
2016-06-27T20:23:07.587+0300: 1484.693: Total time for which application threads were stopped: 0.6254004 seconds, Stopping threads took: 0.0031852 seconds
2016-06-27T20:23:07.596+0300: 1484.702: Total time for which application threads were stopped: 0.0010845 seconds, Stopping threads took: 0.0001488 seconds
2016-06-27T20:23:08.598+0300: 1485.704: Total time for which application threads were stopped: 0.0030496 seconds, Stopping threads took: 0.0015601 seconds
2016-06-27T20:23:09.414+0300: 1486.520: [GC (Allocation Failure) 2016-06-27T20:23:09.414+0300: 1486.520: [DefNew: 1397394K->1397394K(1572864K), 0.0000359 secs]2016-06-27T20:23:09.414+0300: 1486.520: [Tenured: 3310002K->3495022K(3495296K), 0.5990065 secs] 4707397K->4320100K(5068160K), [Metaspace: 9083K->9083K(1058816K)], 0.5992357 secs] [Times: user=0.59 sys=0.00, real=0.60 secs] 
2016-06-27T20:23:10.013+0300: 1487.119: Total time for which application threads were stopped: 0.6014501 seconds, Stopping threads took: 0.0016187 seconds
2016-06-27T20:23:10.807+0300: 1487.913: Total time for which application threads were stopped: 0.0025749 seconds, Stopping threads took: 0.0012282 seconds
2016-06-27T20:23:10.978+0300: 1488.084: [Full GC (Allocation Failure) 2016-06-27T20:23:10.978+0300: 1488.084: [Tenured: 3495022K->3495005K(3495296K), 0.6101507 secs] 5067157K->4297112K(5068160K), [Metaspace: 9083K->9083K(1058816K)], 0.6102854 secs] [Times: user=0.61 sys=0.00, real=0.61 secs] 
2016-06-27T20:23:11.589+0300: 1488.695: Total time for which application threads were stopped: 0.6109970 seconds, Stopping threads took: 0.0002818 seconds
2016-06-27T20:23:11.597+0300: 1488.703: Total time for which application threads were stopped: 0.0011303 seconds, Stopping threads took: 0.0000710 seconds
2016-06-27T20:23:12.571+0300: 1489.678: [Full GC (Allocation Failure) 2016-06-27T20:23:12.572+0300: 1489.678: [Tenured: 3495005K->3495022K(3495296K), 0.6899677 secs] 5067250K->4127111K(5068160K), [Metaspace: 9083K->9083K(1058816K)], 0.6901439 secs] [Times: user=0.69 sys=0.00, real=0.69 secs] 
2016-06-27T20:23:13.262+0300: 1490.368: Total time for which application threads were stopped: 0.6925319 seconds, Stopping threads took: 0.0018363 seconds
2016-06-27T20:23:13.888+0300: 1490.994: Total time for which application threads were stopped: 0.0030740 seconds, Stopping threads took: 0.0016948 seconds
2016-06-27T20:23:14.464+0300: 1491.570: [Full GC (Allocation Failure) 2016-06-27T20:23:14.464+0300: 1491.570: [Tenured: 3495022K->3495060K(3495296K), 0.5669602 secs] 5067243K->3755093K(5068160K), [Metaspace: 9083K->9083K(1058816K)], 0.5671150 secs] [Times: user=0.56 sys=0.00, real=0.57 secs] 
2016-06-27T20:23:15.031+0300: 1492.137: Total time for which application threads were stopped: 0.5687076 seconds, Stopping threads took: 0.0011247 seconds
2016-06-27T20:23:15.471+0300: 1492.578: Total time for which application threads were stopped: 0.0026921 seconds, Stopping threads took: 0.0015477 seconds
2016-06-27T20:23:15.480+0300: 1492.586: Total time for which application threads were stopped: 0.0004332 seconds, Stopping threads took: 0.0000761 seconds
2016-06-27T20:23:15.598+0300: 1492.704: Total time for which application threads were stopped: 0.0011525 seconds, Stopping threads took: 0.0002681 seconds
2016-06-27T20:23:16.601+0300: 1493.707: Total time for which application threads were stopped: 0.0030932 seconds, Stopping threads took: 0.0016978 seconds
2016-06-27T20:23:16.704+0300: 1493.810: [Full GC (Allocation Failure) 2016-06-27T20:23:16.704+0300: 1493.810: [Tenured: 3495060K->3495058K(3495296K), 0.5749697 secs] 5067077K->4194132K(5068160K), [Metaspace: 9083K->9083K(1058816K)], 0.5751378 secs] [Times: user=0.58 sys=0.00, real=0.58 secs] 
2016-06-27T20:23:17.279+0300: 1494.385: Total time for which application threads were stopped: 0.5762373 seconds, Stopping threads took: 0.0006496 seconds
2016-06-27T20:23:17.600+0300: 1494.705: Total time for which application threads were stopped: 0.0015293 seconds, Stopping threads took: 0.0005530 seconds
2016-06-27T20:23:18.412+0300: 1495.518: [Full GC (Allocation Failure) 2016-06-27T20:23:18.412+0300: 1495.518: [Tenured: 3495058K->3495054K(3495296K), 0.6446055 secs] 5067260K->3895112K(5068160K), [Metaspace: 9083K->9083K(1058816K)], 0.6447869 secs] [Times: user=0.64 sys=0.00, real=0.64 secs] 
2016-06-27T20:23:19.057+0300: 1496.163: Total time for which application threads were stopped: 0.6466420 seconds, Stopping threads took: 0.0012586 seconds
2016-06-27T20:23:19.436+0300: 1496.542: Total time for which application threads were stopped: 0.0022084 seconds, Stopping threads took: 0.0008639 seconds
2016-06-27T20:23:20.443+0300: 1497.549: Total time for which application threads were stopped: 0.0071050 seconds, Stopping threads took: 0.0066479 seconds
2016-06-27T20:23:20.558+0300: 1497.664: [Full GC (Allocation Failure) 2016-06-27T20:23:20.558+0300: 1497.665: [Tenured: 3495054K->3495071K(3495296K), 0.5841151 secs] 5067247K->3948115K(5068160K), [Metaspace: 9083K->9083K(1058816K)], 0.5842793 secs] [Times: user=0.58 sys=0.00, real=0.58 secs] 
2016-06-27T20:23:21.143+0300: 1498.249: Total time for which application threads were stopped: 0.5892688 seconds, Stopping threads took: 0.0044211 seconds
2016-06-27T20:23:22.144+0300: 1499.250: Total time for which application threads were stopped: 0.0016533 seconds, Stopping threads took: 0.0011846 seconds
2016-06-27T20:23:22.615+0300: 1499.721: [Full GC (Allocation Failure) 2016-06-27T20:23:22.615+0300: 1499.721: [Tenured: 3495071K->3495108K(3495296K), 0.5469272 secs] 5067245K->3662120K(5068160K), [Metaspace: 9083K->9083K(1058816K)], 0.5471008 secs] [Times: user=0.55 sys=0.02, real=0.55 secs] 
2016-06-27T20:23:23.163+0300: 1500.268: Total time for which application threads were stopped: 0.5492587 seconds, Stopping threads took: 0.0015934 seconds
2016-06-27T20:23:24.165+0300: 1501.271: Total time for which application threads were stopped: 0.0023234 seconds, Stopping threads took: 0.0019236 seconds
2016-06-27T20:23:24.947+0300: 1502.053: [Full GC (Allocation Failure) 2016-06-27T20:23:24.947+0300: 1502.053: [Tenured: 3495108K->3495120K(3495296K), 0.5599552 secs] 5067256K->3875144K(5068160K), [Metaspace: 9083K->9083K(1058816K)], 0.5601070 secs] [Times: user=0.55 sys=0.00, real=0.56 secs] 
2016-06-27T20:23:25.507+0300: 1502.613: Total time for which application threads were stopped: 0.5617296 seconds, Stopping threads took: 0.0012056 seconds
2016-06-27T20:23:26.429+0300: 1503.535: Total time for which application threads were stopped: 0.0039464 seconds, Stopping threads took: 0.0025959 seconds
2016-06-27T20:23:27.131+0300: 1504.237: [Full GC (Allocation Failure) 2016-06-27T20:23:27.131+0300: 1504.237: [Tenured: 3495120K->3495148K(3495296K), 0.6588114 secs] 5067953K->3902176K(5068160K), [Metaspace: 9083K->9083K(1058816K)], 0.6589940 secs] [Times: user=0.66 sys=0.00, real=0.66 secs] 
2016-06-27T20:23:27.790+0300: 1504.896: Total time for which application threads were stopped: 0.6669582 seconds, Stopping threads took: 0.0075075 seconds
2016-06-27T20:23:27.806+0300: 1504.912: Total time for which application threads were stopped: 0.0010084 seconds, Stopping threads took: 0.0001091 seconds
2016-06-27T20:23:28.445+0300: 1505.551: Total time for which application threads were stopped: 0.0031403 seconds, Stopping threads took: 0.0021584 seconds
2016-06-27T20:23:29.279+0300: 1506.385: [Full GC (Allocation Failure) 2016-06-27T20:23:29.279+0300: 1506.385: [Tenured: 3495148K->3495166K(3495296K), 0.5539232 secs] 5067314K->3906183K(5068160K), [Metaspace: 9083K->9083K(1058816K)], 0.5540959 secs] [Times: user=0.56 sys=0.00, real=0.55 secs] 
2016-06-27T20:23:29.833+0300: 1506.939: Total time for which application threads were stopped: 0.5589643 seconds, Stopping threads took: 0.0044279 seconds
2016-06-27T20:23:29.836+0300: 1506.942: Total time for which application threads were stopped: 0.0008814 seconds, Stopping threads took: 0.0002232 seconds
2016-06-27T20:23:30.443+0300: 1507.549: Total time for which application threads were stopped: 0.0014468 seconds, Stopping threads took: 0.0006133 seconds
2016-06-27T20:23:31.332+0300: 1508.438: [Full GC (Allocation Failure) 2016-06-27T20:23:31.332+0300: 1508.438: [Tenured: 3495166K->3495161K(3495296K), 0.5460299 secs] 5067358K->3675177K(5068160K), [Metaspace: 9083K->9083K(1058816K)], 0.5461997 secs] [Times: user=0.55 sys=0.00, real=0.55 secs] 
2016-06-27T20:23:31.878+0300: 1508.984: Total time for which application threads were stopped: 0.5478137 seconds, Stopping threads took: 0.0011906 seconds
2016-06-27T20:23:31.882+0300: 1508.988: Total time for which application threads were stopped: 0.0007890 seconds, Stopping threads took: 0.0000770 seconds
2016-06-27T20:23:32.791+0300: 1509.897: Total time for which application threads were stopped: 0.0021148 seconds, Stopping threads took: 0.0016982 seconds
2016-06-27T20:23:33.445+0300: 1510.551: Total time for which application threads were stopped: 0.0022349 seconds, Stopping threads took: 0.0014138 seconds
2016-06-27T20:23:33.691+0300: 1510.797: [Full GC (Allocation Failure) 2016-06-27T20:23:33.691+0300: 1510.798: [Tenured: 3495161K->3495190K(3495296K), 0.4510017 secs] 5067327K->3855202K(5068160K), [Metaspace: 9083K->9083K(1058816K)], 0.4514307 secs] [Times: user=0.45 sys=0.00, real=0.45 secs] 
2016-06-27T20:23:34.143+0300: 1511.249: Total time for which application threads were stopped: 0.4521474 seconds, Stopping threads took: 0.0003669 seconds
2016-06-27T20:23:34.445+0300: 1511.551: Total time for which application threads were stopped: 0.0015216 seconds, Stopping threads took: 0.0004088 seconds
2016-06-27T20:23:35.448+0300: 1512.554: Total time for which application threads were stopped: 0.0049082 seconds, Stopping threads took: 0.0035128 seconds
2016-06-27T20:23:35.860+0300: 1512.966: [Full GC (Allocation Failure) 2016-06-27T20:23:35.860+0300: 1512.967: [Tenured: 3495190K->3495167K(3495296K), 0.7191320 secs] 5067370K->3978221K(5068160K), [Metaspace: 9083K->9083K(1058816K)], 0.7193163 secs] [Times: user=0.72 sys=0.00, real=0.72 secs] 
2016-06-27T20:23:36.580+0300: 1513.686: Total time for which application threads were stopped: 0.7229860 seconds, Stopping threads took: 0.0031565 seconds
2016-06-27T20:23:36.587+0300: 1513.693: Total time for which application threads were stopped: 0.0009934 seconds, Stopping threads took: 0.0000689 seconds
2016-06-27T20:23:37.450+0300: 1514.556: Total time for which application threads were stopped: 0.0050061 seconds, Stopping threads took: 0.0039648 seconds
2016-06-27T20:23:38.075+0300: 1515.181: [Full GC (Allocation Failure) 2016-06-27T20:23:38.075+0300: 1515.181: [Tenured: 3495167K->3495203K(3495296K), 0.6037616 secs] 5067358K->3954227K(5068160K), [Metaspace: 9083K->9083K(1058816K)], 0.6039420 secs] [Times: user=0.61 sys=0.00, real=0.60 secs] 
2016-06-27T20:23:38.679+0300: 1515.785: Total time for which application threads were stopped: 0.6098441 seconds, Stopping threads took: 0.0054902 seconds
2016-06-27T20:23:39.683+0300: 1516.789: Total time for which application threads were stopped: 0.0037202 seconds, Stopping threads took: 0.0033793 seconds
2016-06-27T20:23:40.207+0300: 1517.313: [Full GC (Allocation Failure) 2016-06-27T20:23:40.207+0300: 1517.313: [Tenured: 3495203K->3495196K(3495296K), 0.6062210 secs] 5067400K->3818231K(5068160K), [Metaspace: 9085K->9085K(1058816K)], 0.6063886 secs] [Times: user=0.61 sys=0.00, real=0.61 secs] 
2016-06-27T20:23:40.813+0300: 1517.920: Total time for which application threads were stopped: 0.6072136 seconds, Stopping threads took: 0.0004302 seconds
2016-06-27T20:23:41.817+0300: 1518.923: Total time for which application threads were stopped: 0.0034927 seconds, Stopping threads took: 0.0031954 seconds
2016-06-27T20:23:42.657+0300: 1519.763: [Full GC (Allocation Failure) 2016-06-27T20:23:42.657+0300: 1519.763: [Tenured: 3495196K->3495232K(3495296K), 0.6294063 secs] 5067358K->3933249K(5068160K), [Metaspace: 9085K->9085K(1058816K)], 0.6295564 secs] [Times: user=0.64 sys=0.00, real=0.63 secs] 
2016-06-27T20:23:43.287+0300: 1520.393: Total time for which application threads were stopped: 0.6310853 seconds, Stopping threads took: 0.0011303 seconds
2016-06-27T20:23:43.288+0300: 1520.395: Total time for which application threads were stopped: 0.0009272 seconds, Stopping threads took: 0.0000727 seconds
2016-06-27T20:23:44.300+0300: 1521.406: Total time for which application threads were stopped: 0.0114855 seconds, Stopping threads took: 0.0112204 seconds
2016-06-27T20:23:44.744+0300: 1521.850: [Full GC (Allocation Failure) 2016-06-27T20:23:44.744+0300: 1521.850: [Tenured: 3495232K->3495222K(3495296K), 0.6252751 secs] 5067420K->3975267K(5068160K), [Metaspace: 9085K->9085K(1058816K)], 0.6254505 secs] [Times: user=0.63 sys=0.00, real=0.63 secs] 
2016-06-27T20:23:45.369+0300: 1522.475: Total time for which application threads were stopped: 0.6316647 seconds, Stopping threads took: 0.0058670 seconds
2016-06-27T20:23:46.372+0300: 1523.478: Total time for which application threads were stopped: 0.0024911 seconds, Stopping threads took: 0.0021691 seconds
2016-06-27T20:23:46.492+0300: 1523.598: Total time for which application threads were stopped: 0.0004790 seconds, Stopping threads took: 0.0001505 seconds
2016-06-27T20:23:46.492+0300: 1523.598: Total time for which application threads were stopped: 0.0001809 seconds, Stopping threads took: 0.0000462 seconds
2016-06-27T20:23:46.715+0300: 1523.821: [Full GC (Allocation Failure) 2016-06-27T20:23:46.715+0300: 1523.821: [Tenured: 3495222K->3495246K(3495296K), 0.5579470 secs] 5067423K->4038304K(5068160K), [Metaspace: 9092K->9092K(1058816K)], 0.5580842 secs] [Times: user=0.56 sys=0.00, real=0.56 secs] 
2016-06-27T20:23:47.273+0300: 1524.379: Total time for which application threads were stopped: 0.5587330 seconds, Stopping threads took: 0.0003434 seconds
Heap
 def new generation   total 1572864K, used 876506K [0x0000000680000000, 0x00000006eaaa0000, 0x00000006eaaa0000)
  eden space 1398144K,  62% used [0x0000000680000000, 0x00000006b57f68d8, 0x00000006d5560000)
  from space 174720K,   0% used [0x00000006e0000000, 0x00000006e0000000, 0x00000006eaaa0000)
  to   space 174720K,   0% used [0x00000006d5560000, 0x00000006d5560000, 0x00000006e0000000)
 tenured generation   total 3495296K, used 3495246K [0x00000006eaaa0000, 0x00000007c0000000, 0x00000007c0000000)
   the space 3495296K,  99% used [0x00000006eaaa0000, 0x00000007bfff39f8, 0x00000007bfff3a00, 0x00000007c0000000)
 Metaspace       used 9093K, capacity 9430K, committed 9728K, reserved 1058816K
  class space    used 1061K, capacity 1139K, committed 1280K, reserved 1048576K
